[0.022s][info][gc] Using Epsilon
[0.029s][info][gc,init] Version: 20+36-2344 (release)
[0.029s][info][gc,init] CPUs: 48 total, 48 available
[0.029s][info][gc,init] Memory: 382G
[0.029s][info][gc,init] Large Page Support: Disabled
[0.029s][info][gc,init] NUMA Support: Disabled
[0.029s][info][gc,init] Compressed Oops: Enabled (Zero based)
[0.029s][info][gc,init] Heap Min Capacity: 6656K
[0.029s][info][gc,init] Heap Initial Capacity: 2G
[0.029s][info][gc,init] Heap Max Capacity: 30718M
[0.029s][info][gc,init] Pre-touch: Disabled
[0.029s][warning][gc,init] Consider setting -Xms equal to -Xmx to avoid resizing hiccups
[0.037s][warning][gc,init] Consider enabling -XX:+AlwaysPreTouch to avoid memory commit hiccups
[0.037s][info   ][gc,init] TLAB Size Max: 4M
[0.037s][info   ][gc,init] TLAB Size Elasticity: 1.10x
[0.037s][info   ][gc,init] TLAB Size Decay Time: 1000ms
[0.039s][info   ][gc,metaspace] CDS archive(s) mapped at: [0x0000000800000000-0x0000000800c60000-0x0000000800c60000), size 12976128, SharedBaseAddress: 0x0000000800000000, ArchiveRelocationMode: 0.
[0.039s][info   ][gc,metaspace] Compressed class space mapped at: 0x0000000801000000-0x0000000841000000, reserved size: 1073741824
[0.039s][info   ][gc,metaspace] Narrow klass base: 0x0000000800000000, Narrow klass shift: 0, Narrow klass range: 0x100000000
[17.277s][info   ][gc          ] GC request for "System.gc()" is ignored
[22.703s][info   ][gc          ] Heap: 30718M reserved, 2048M (6.67%) committed, 1538M (5.01%) used
[22.703s][info   ][gc,metaspace] Metaspace: 1088M reserved, 19456K (1.75%) committed, 18974K (1.70%) used
[25.190s][info   ][gc,heap,exit] Heap
[25.190s][info   ][gc,heap,exit] Epsilon Heap
[25.190s][info   ][gc,heap,exit] Allocation space:
[25.190s][info   ][gc,heap,exit]  space 2097152K,  96% used [0x0000000080200000, 0x00000000fbc42bb0, 0x0000000100200000)
[25.190s][info   ][gc,heap,exit]  Metaspace       used 19874K, committed 20352K, reserved 1114112K
[25.190s][info   ][gc,heap,exit]   class space    used 3838K, committed 4032K, reserved 1048576K
[25.190s][info   ][gc          ] Heap: 30718M reserved, 2048M (6.67%) committed, 1978M (6.44%) used
[25.190s][info   ][gc,metaspace] Metaspace: 1088M reserved, 20352K (1.83%) committed, 19874K (1.78%) used
