[0.015s][info][gc,init] CardTable entry size: 512
[0.016s][info][gc     ] Using G1
[0.027s][info][gc,init] Version: 20+36-2344 (release)
[0.027s][info][gc,init] CPUs: 48 total, 48 available
[0.027s][info][gc,init] Memory: 382G
[0.027s][info][gc,init] Large Page Support: Disabled
[0.027s][info][gc,init] NUMA Support: Disabled
[0.027s][info][gc,init] Compressed Oops: Enabled (Zero based)
[0.027s][info][gc,init] Heap Region Size: 16M
[0.027s][info][gc,init] Heap Min Capacity: 16M
[0.027s][info][gc,init] Heap Initial Capacity: 2G
[0.027s][info][gc,init] Heap Max Capacity: 30208M
[0.027s][info][gc,init] Pre-touch: Disabled
[0.034s][info][gc,init] Parallel Workers: 33
[0.034s][info][gc,init] Concurrent Workers: 8
[0.034s][info][gc,init] Concurrent Refinement Workers: 33
[0.034s][info][gc,init] Periodic GC: Disabled
[0.035s][info][gc,metaspace] CDS archive(s) mapped at: [0x0000000800000000-0x0000000800c60000-0x0000000800c60000), size 12976128, SharedBaseAddress: 0x0000000800000000, ArchiveRelocationMode: 0.
[0.035s][info][gc,metaspace] Compressed class space mapped at: 0x0000000801000000-0x0000000841000000, reserved size: 1073741824
[0.035s][info][gc,metaspace] Narrow klass base: 0x0000000800000000, Narrow klass shift: 0, Narrow klass range: 0x100000000
[12.336s][info][gc,start    ] GC(0) Pause Young (Normal) (G1 Evacuation Pause)
[12.338s][info][gc,task     ] GC(0) Using 33 workers of 33 for evacuation
[12.348s][info][gc,phases   ] GC(0)   Pre Evacuate Collection Set: 0.2ms
[12.348s][info][gc,phases   ] GC(0)   Merge Heap Roots: 0.4ms
[12.348s][info][gc,phases   ] GC(0)   Evacuate Collection Set: 7.3ms
[12.348s][info][gc,phases   ] GC(0)   Post Evacuate Collection Set: 1.2ms
[12.348s][info][gc,phases   ] GC(0)   Other: 2.3ms
[12.348s][info][gc,heap     ] GC(0) Eden regions: 6->0(5)
[12.348s][info][gc,heap     ] GC(0) Survivor regions: 0->1(1)
[12.348s][info][gc,heap     ] GC(0) Old regions: 0->0
[12.348s][info][gc,heap     ] GC(0) Archive regions: 0->0
[12.348s][info][gc,heap     ] GC(0) Humongous regions: 0->0
[12.348s][info][gc,metaspace] GC(0) Metaspace: 14562K(14784K)->14562K(14784K) NonClass: 11228K(11328K)->11228K(11328K) Class: 3334K(3456K)->3334K(3456K)
[12.348s][info][gc          ] GC(0) Pause Young (Normal) (G1 Evacuation Pause) 96M->4M(2048M) 12.213ms
[12.348s][info][gc,cpu      ] GC(0) User=0.00s Sys=0.00s Real=0.00s
[12.430s][info][gc,start    ] GC(1) Pause Full (System.gc())
[12.430s][info][gc,task     ] GC(1) Using 2 workers of 33 for full compaction
[12.431s][info][gc,phases,start] GC(1) Phase 1: Mark live objects
[12.447s][info][gc,phases      ] GC(1) Phase 1: Mark live objects 16.590ms
[12.447s][info][gc,phases,start] GC(1) Phase 2: Prepare compaction
[12.450s][info][gc,phases      ] GC(1) Phase 2: Prepare compaction 3.165ms
[12.450s][info][gc,phases,start] GC(1) Phase 3: Adjust pointers
[12.456s][info][gc,phases      ] GC(1) Phase 3: Adjust pointers 5.612ms
[12.456s][info][gc,phases,start] GC(1) Phase 4: Compact heap
[12.462s][info][gc,phases      ] GC(1) Phase 4: Compact heap 6.337ms
[12.487s][info][gc,heap        ] GC(1) Eden regions: 1->0(1)
[12.487s][info][gc,heap        ] GC(1) Survivor regions: 1->0(1)
[12.487s][info][gc,heap        ] GC(1) Old regions: 0->1
[12.487s][info][gc,heap        ] GC(1) Archive regions: 0->0
[12.487s][info][gc,heap        ] GC(1) Humongous regions: 0->0
[12.487s][info][gc,metaspace   ] GC(1) Metaspace: 15051K(15232K)->15047K(15232K) NonClass: 11548K(11648K)->11545K(11648K) Class: 3503K(3584K)->3502K(3584K)
[12.487s][info][gc             ] GC(1) Pause Full (System.gc()) 13M->3M(64M) 57.241ms
[12.487s][info][gc,cpu         ] GC(1) User=0.14s Sys=0.48s Real=0.05s
[12.560s][info][gc,start       ] GC(2) Pause Young (Normal) (G1 Evacuation Pause)
[12.561s][info][gc,task        ] GC(2) Using 2 workers of 33 for evacuation
[12.565s][info][gc,phases      ] GC(2)   Pre Evacuate Collection Set: 0.1ms
[12.565s][info][gc,phases      ] GC(2)   Merge Heap Roots: 0.1ms
[12.565s][info][gc,phases      ] GC(2)   Evacuate Collection Set: 3.8ms
[12.565s][info][gc,phases      ] GC(2)   Post Evacuate Collection Set: 0.5ms
[12.565s][info][gc,phases      ] GC(2)   Other: 0.1ms
[12.565s][info][gc,heap        ] GC(2) Eden regions: 1->0(1)
[12.565s][info][gc,heap        ] GC(2) Survivor regions: 0->1(1)
[12.565s][info][gc,heap        ] GC(2) Old regions: 1->1
[12.566s][info][gc,heap        ] GC(2) Archive regions: 0->0
[12.566s][info][gc,heap        ] GC(2) Humongous regions: 0->0
[12.566s][info][gc,metaspace   ] GC(2) Metaspace: 15106K(15360K)->15106K(15360K) NonClass: 11597K(11776K)->11597K(11776K) Class: 3509K(3584K)->3509K(3584K)
[12.566s][info][gc             ] GC(2) Pause Young (Normal) (G1 Evacuation Pause) 19M->5M(64M) 5.220ms
[12.566s][info][gc,cpu         ] GC(2) User=0.00s Sys=0.00s Real=0.00s
[12.699s][info][gc,start       ] GC(3) Pause Young (Normal) (G1 Evacuation Pause)
[12.699s][info][gc,task        ] GC(3) Using 2 workers of 33 for evacuation
[12.702s][info][gc,phases      ] GC(3)   Pre Evacuate Collection Set: 0.0ms
[12.702s][info][gc,phases      ] GC(3)   Merge Heap Roots: 0.1ms
[12.702s][info][gc,phases      ] GC(3)   Evacuate Collection Set: 2.1ms
[12.702s][info][gc,phases      ] GC(3)   Post Evacuate Collection Set: 0.3ms
[12.702s][info][gc,phases      ] GC(3)   Other: 0.1ms
[12.702s][info][gc,heap        ] GC(3) Eden regions: 1->0(1)
[12.702s][info][gc,heap        ] GC(3) Survivor regions: 1->1(1)
[12.702s][info][gc,heap        ] GC(3) Old regions: 1->1
[12.702s][info][gc,heap        ] GC(3) Archive regions: 0->0
[12.702s][info][gc,heap        ] GC(3) Humongous regions: 0->0
[12.702s][info][gc,metaspace   ] GC(3) Metaspace: 15645K(15936K)->15645K(15936K) NonClass: 12033K(12160K)->12033K(12160K) Class: 3611K(3776K)->3611K(3776K)
[12.702s][info][gc             ] GC(3) Pause Young (Normal) (G1 Evacuation Pause) 21M->5M(64M) 2.789ms
[12.702s][info][gc,cpu         ] GC(3) User=0.00s Sys=0.00s Real=0.00s
[12.781s][info][gc,start       ] GC(4) Pause Young (Normal) (G1 Evacuation Pause)
[12.781s][info][gc,task        ] GC(4) Using 2 workers of 33 for evacuation
[12.784s][info][gc,phases      ] GC(4)   Pre Evacuate Collection Set: 0.0ms
[12.784s][info][gc,phases      ] GC(4)   Merge Heap Roots: 0.1ms
[12.784s][info][gc,phases      ] GC(4)   Evacuate Collection Set: 2.6ms
[12.784s][info][gc,phases      ] GC(4)   Post Evacuate Collection Set: 0.3ms
[12.784s][info][gc,phases      ] GC(4)   Other: 0.1ms
[12.784s][info][gc,heap        ] GC(4) Eden regions: 1->0(1)
[12.784s][info][gc,heap        ] GC(4) Survivor regions: 1->1(1)
[12.784s][info][gc,heap        ] GC(4) Old regions: 1->1
[12.784s][info][gc,heap        ] GC(4) Archive regions: 0->0
[12.784s][info][gc,heap        ] GC(4) Humongous regions: 0->0
[12.784s][info][gc,metaspace   ] GC(4) Metaspace: 15840K(16192K)->15840K(16192K) NonClass: 12227K(12416K)->12227K(12416K) Class: 3612K(3776K)->3612K(3776K)
[12.784s][info][gc             ] GC(4) Pause Young (Normal) (G1 Evacuation Pause) 21M->5M(64M) 3.371ms
[12.784s][info][gc,cpu         ] GC(4) User=0.00s Sys=0.00s Real=0.00s
[12.850s][info][gc,start       ] GC(5) Pause Young (Normal) (G1 Evacuation Pause)
[12.850s][info][gc,task        ] GC(5) Using 2 workers of 33 for evacuation
[12.856s][info][gc,phases      ] GC(5)   Pre Evacuate Collection Set: 0.0ms
[12.856s][info][gc,phases      ] GC(5)   Merge Heap Roots: 0.1ms
[12.856s][info][gc,phases      ] GC(5)   Evacuate Collection Set: 1.7ms
[12.856s][info][gc,phases      ] GC(5)   Post Evacuate Collection Set: 3.5ms
[12.856s][info][gc,phases      ] GC(5)   Other: 0.1ms
[12.856s][info][gc,heap        ] GC(5) Eden regions: 1->0(38)
[12.856s][info][gc,heap        ] GC(5) Survivor regions: 1->1(1)
[12.856s][info][gc,heap        ] GC(5) Old regions: 1->1
[12.856s][info][gc,heap        ] GC(5) Archive regions: 0->0
[12.856s][info][gc,heap        ] GC(5) Humongous regions: 0->0
[12.856s][info][gc,metaspace   ] GC(5) Metaspace: 16056K(16320K)->16056K(16320K) NonClass: 12418K(12544K)->12418K(12544K) Class: 3638K(3776K)->3638K(3776K)
[12.856s][info][gc             ] GC(5) Pause Young (Normal) (G1 Evacuation Pause) 21M->5M(1056M) 5.709ms
[12.856s][info][gc,cpu         ] GC(5) User=0.00s Sys=0.00s Real=0.00s
[15.392s][info][gc,start       ] GC(6) Pause Young (Normal) (G1 Evacuation Pause)
[15.392s][info][gc,task        ] GC(6) Using 25 workers of 33 for evacuation
[15.402s][info][gc,phases      ] GC(6)   Pre Evacuate Collection Set: 0.1ms
[15.402s][info][gc,phases      ] GC(6)   Merge Heap Roots: 0.2ms
[15.402s][info][gc,phases      ] GC(6)   Evacuate Collection Set: 8.3ms
[15.402s][info][gc,phases      ] GC(6)   Post Evacuate Collection Set: 1.1ms
[15.402s][info][gc,phases      ] GC(6)   Other: 0.2ms
[15.402s][info][gc,heap        ] GC(6) Eden regions: 38->0(38)
[15.402s][info][gc,heap        ] GC(6) Survivor regions: 1->1(5)
[15.402s][info][gc,heap        ] GC(6) Old regions: 1->1
[15.402s][info][gc,heap        ] GC(6) Archive regions: 0->0
[15.402s][info][gc,heap        ] GC(6) Humongous regions: 0->0
[15.402s][info][gc,metaspace   ] GC(6) Metaspace: 18559K(19008K)->18559K(19008K) NonClass: 14778K(15040K)->14778K(15040K) Class: 3781K(3968K)->3781K(3968K)
[15.402s][info][gc             ] GC(6) Pause Young (Normal) (G1 Evacuation Pause) 613M->16M(1056M) 10.295ms
[15.402s][info][gc,cpu         ] GC(6) User=0.22s Sys=0.17s Real=0.02s
[16.893s][info][gc,start       ] GC(7) Pause Young (Normal) (G1 Evacuation Pause)
[16.893s][info][gc,task        ] GC(7) Using 25 workers of 33 for evacuation
[16.904s][info][gc,phases      ] GC(7)   Pre Evacuate Collection Set: 0.1ms
[16.904s][info][gc,phases      ] GC(7)   Merge Heap Roots: 0.2ms
[16.904s][info][gc,phases      ] GC(7)   Evacuate Collection Set: 9.8ms
[16.904s][info][gc,phases      ] GC(7)   Post Evacuate Collection Set: 1.1ms
[16.904s][info][gc,phases      ] GC(7)   Other: 0.1ms
[16.904s][info][gc,heap        ] GC(7) Eden regions: 38->0(37)
[16.904s][info][gc,heap        ] GC(7) Survivor regions: 1->2(5)
[16.904s][info][gc,heap        ] GC(7) Old regions: 1->1
[16.904s][info][gc,heap        ] GC(7) Archive regions: 0->0
[16.904s][info][gc,heap        ] GC(7) Humongous regions: 0->0
[16.905s][info][gc,metaspace   ] GC(7) Metaspace: 18793K(19328K)->18793K(19328K) NonClass: 15012K(15360K)->15012K(15360K) Class: 3781K(3968K)->3781K(3968K)
[16.905s][info][gc             ] GC(7) Pause Young (Normal) (G1 Evacuation Pause) 624M->20M(1056M) 11.852ms
[16.905s][info][gc,cpu         ] GC(7) User=0.16s Sys=0.23s Real=0.02s
[19.149s][info][gc,start       ] GC(8) Pause Young (Normal) (G1 Evacuation Pause)
[19.150s][info][gc,task        ] GC(8) Using 25 workers of 33 for evacuation
[19.157s][info][gc,phases      ] GC(8)   Pre Evacuate Collection Set: 0.1ms
[19.157s][info][gc,phases      ] GC(8)   Merge Heap Roots: 0.2ms
[19.157s][info][gc,phases      ] GC(8)   Evacuate Collection Set: 6.0ms
[19.157s][info][gc,phases      ] GC(8)   Post Evacuate Collection Set: 1.1ms
[19.157s][info][gc,phases      ] GC(8)   Other: 0.2ms
[19.157s][info][gc,heap        ] GC(8) Eden regions: 37->0(37)
[19.157s][info][gc,heap        ] GC(8) Survivor regions: 2->2(5)
[19.157s][info][gc,heap        ] GC(8) Old regions: 1->1
[19.157s][info][gc,heap        ] GC(8) Archive regions: 0->0
[19.157s][info][gc,heap        ] GC(8) Humongous regions: 0->0
[19.158s][info][gc,metaspace   ] GC(8) Metaspace: 19383K(19840K)->19383K(19840K) NonClass: 15592K(15872K)->15592K(15872K) Class: 3790K(3968K)->3790K(3968K)
[19.158s][info][gc             ] GC(8) Pause Young (Normal) (G1 Evacuation Pause) 612M->20M(1056M) 8.137ms
[19.158s][info][gc,cpu         ] GC(8) User=0.00s Sys=0.00s Real=0.00s
[24.623s][info][gc,heap,exit   ] Heap
[24.623s][info][gc,heap,exit   ]  garbage-first heap   total 1081344K, used 103191K [0x00000000a0000000, 0x0000000800000000)
[24.623s][info][gc,heap,exit   ]   region size 16384K, 7 young (114688K), 2 survivors (32768K)
[24.623s][info][gc,heap,exit   ]  Metaspace       used 19868K, committed 20352K, reserved 1114112K
[24.623s][info][gc,heap,exit   ]   class space    used 3838K, committed 4032K, reserved 1048576K
