[0.017s][info][gc,init] CardTable entry size: 512
[0.017s][info][gc     ] Using Serial
[0.028s][info][gc,init] Version: 20+36-2344 (release)
[0.029s][info][gc,init] CPUs: 48 total, 48 available
[0.029s][info][gc,init] Memory: 382G
[0.029s][info][gc,init] Large Page Support: Disabled
[0.029s][info][gc,init] NUMA Support: Disabled
[0.029s][info][gc,init] Compressed Oops: Enabled (Zero based)
[0.029s][info][gc,init] Heap Min Capacity: 8M
[0.029s][info][gc,init] Heap Initial Capacity: 2G
[0.029s][info][gc,init] Heap Max Capacity: 30718M
[0.029s][info][gc,init] Pre-touch: Disabled
[0.041s][info][gc,metaspace] CDS archive(s) mapped at: [0x0000000800000000-0x0000000800c60000-0x0000000800c60000), size 12976128, SharedBaseAddress: 0x0000000800000000, ArchiveRelocationMode: 0.
[0.041s][info][gc,metaspace] Compressed class space mapped at: 0x0000000801000000-0x0000000841000000, reserved size: 1073741824
[0.041s][info][gc,metaspace] Narrow klass base: 0x0000000800000000, Narrow klass shift: 0, Narrow klass range: 0x100000000
[18.236s][info][gc,start    ] GC(0) Pause Full (System.gc())
[18.236s][info][gc,phases,start] GC(0) Phase 1: Mark live objects
[18.255s][info][gc,phases      ] GC(0) Phase 1: Mark live objects 18.975ms
[18.255s][info][gc,phases,start] GC(0) Phase 2: Compute new object addresses
[18.274s][info][gc,phases      ] GC(0) Phase 2: Compute new object addresses 18.390ms
[18.274s][info][gc,phases,start] GC(0) Phase 3: Adjust pointers
[18.280s][info][gc,phases      ] GC(0) Phase 3: Adjust pointers 6.055ms
[18.280s][info][gc,phases,start] GC(0) Phase 4: Move objects
[18.283s][info][gc,phases      ] GC(0) Phase 4: Move objects 3.539ms
[18.284s][info][gc,heap        ] GC(0) DefNew: 235201K(629120K)->0K(629248K) Eden: 235201K(559232K)->0K(559360K) From: 0K(69888K)->0K(69888K)
[18.284s][info][gc,heap        ] GC(0) Tenured: 0K(1398144K)->4037K(1398144K)
[18.284s][info][gc,metaspace   ] GC(0) Metaspace: 15049K(15232K)->15045K(15232K) NonClass: 11545K(11648K)->11543K(11648K) Class: 3503K(3584K)->3502K(3584K)
[18.284s][info][gc             ] GC(0) Pause Full (System.gc()) 229M->3M(1979M) 48.412ms
[18.284s][info][gc,cpu         ] GC(0) User=0.09s Sys=0.02s Real=0.05s
[20.459s][info][gc,start       ] GC(1) Pause Young (Allocation Failure)
[20.485s][info][gc,heap        ] GC(1) DefNew: 559360K(629248K)->5583K(629248K) Eden: 559360K(559360K)->0K(559360K) From: 0K(69888K)->5583K(69888K)
[20.485s][info][gc,heap        ] GC(1) Tenured: 4037K(1398144K)->4037K(1398144K)
[20.485s][info][gc,metaspace   ] GC(1) Metaspace: 18552K(19008K)->18552K(19008K) NonClass: 14770K(15040K)->14770K(15040K) Class: 3781K(3968K)->3781K(3968K)
[20.485s][info][gc             ] GC(1) Pause Young (Allocation Failure) 550M->9M(1979M) 25.552ms
[20.485s][info][gc,cpu         ] GC(1) User=0.03s Sys=0.02s Real=0.03s
[21.927s][info][gc,start       ] GC(2) Pause Young (Allocation Failure)
[21.993s][info][gc,heap        ] GC(2) DefNew: 564943K(629248K)->15821K(629248K) Eden: 559360K(559360K)->0K(559360K) From: 5583K(69888K)->15821K(69888K)
[21.993s][info][gc,heap        ] GC(2) Tenured: 4037K(1398144K)->4037K(1398144K)
[21.993s][info][gc,metaspace   ] GC(2) Metaspace: 18694K(19136K)->18694K(19136K) NonClass: 14912K(15168K)->14912K(15168K) Class: 3781K(3968K)->3781K(3968K)
[21.993s][info][gc             ] GC(2) Pause Young (Allocation Failure) 555M->19M(1979M) 66.040ms
[21.994s][info][gc,cpu         ] GC(2) User=0.06s Sys=0.00s Real=0.06s
[23.611s][info][gc,start       ] GC(3) Pause Young (Allocation Failure)
[23.635s][info][gc,heap        ] GC(3) DefNew: 575181K(629248K)->15810K(629248K) Eden: 559360K(559360K)->0K(559360K) From: 15821K(69888K)->15810K(69888K)
[23.635s][info][gc,heap        ] GC(3) Tenured: 4037K(1398144K)->4037K(1398144K)
[23.635s][info][gc,metaspace   ] GC(3) Metaspace: 18975K(19456K)->18975K(19456K) NonClass: 15193K(15488K)->15193K(15488K) Class: 3781K(3968K)->3781K(3968K)
[23.635s][info][gc             ] GC(3) Pause Young (Allocation Failure) 565M->19M(1979M) 24.038ms
[23.635s][info][gc,cpu         ] GC(3) User=0.02s Sys=0.00s Real=0.02s
[25.939s][info][gc,heap,exit   ] Heap
[25.939s][info][gc,heap,exit   ]  def new generation   total 629248K, used 467246K [0x0000000080200000, 0x00000000aacc0000, 0x0000000300150000)
[25.939s][info][gc,heap,exit   ]   eden space 559360K,  80% used [0x0000000080200000, 0x000000009badae78, 0x00000000a2440000)
[25.939s][info][gc,heap,exit   ]   from space 69888K,  22% used [0x00000000a6880000, 0x00000000a77f0a38, 0x00000000aacc0000)
[25.939s][info][gc,heap,exit   ]   to   space 69888K,   0% used [0x00000000a2440000, 0x00000000a2440000, 0x00000000a6880000)
[25.939s][info][gc,heap,exit   ]  tenured generation   total 1398144K, used 4037K [0x0000000300150000, 0x00000003556b0000, 0x0000000800000000)
[25.939s][info][gc,heap,exit   ]    the space 1398144K,   0% used [0x0000000300150000, 0x00000003005416d8, 0x0000000300541800, 0x00000003556b0000)
[25.939s][info][gc,heap,exit   ]  Metaspace       used 19895K, committed 20416K, reserved 1114112K
[25.939s][info][gc,heap,exit   ]   class space    used 3838K, committed 4032K, reserved 1048576K
