[0.016s][info][gc,init] Initializing The Z Garbage Collector
[0.017s][info][gc,init] Version: 20+36-2344 (release)
[0.017s][info][gc,init] NUMA Support: Disabled
[0.017s][info][gc,init] CPUs: 48 total, 48 available
[0.017s][info][gc,init] Memory: 391843M
[0.017s][info][gc,init] Large Page Support: Disabled
[0.017s][info][gc,init] GC Workers: 12 (dynamic)
[0.019s][info][gc,init] Address Space Type: Contiguous/Unrestricted/Complete
[0.019s][info][gc,init] Address Space Size: 491488M x 3 = 1474464M
[0.019s][info][gc,init] Min Capacity: 8M
[0.019s][info][gc,init] Initial Capacity: 2048M
[0.033s][info][gc,init] Max Capacity: 30718M
[0.033s][info][gc,init] Medium Page Size: 32M
[0.033s][info][gc,init] Pre-touch: Disabled
[0.033s][info][gc,init] Uncommit: Enabled
[0.033s][info][gc,init] Uncommit Delay: 300s
[0.113s][info][gc,init] Runtime Workers: 29
[0.116s][info][gc     ] Using The Z Garbage Collector
[0.117s][info][gc,metaspace] CDS archive(s) mapped at: [0x0000000800000000-0x0000000800c60000-0x0000000800c60000), size 12976128, SharedBaseAddress: 0x0000000800000000, ArchiveRelocationMode: 0.
[0.117s][info][gc,metaspace] Compressed class space mapped at: 0x0000000801000000-0x0000000841000000, reserved size: 1073741824
[0.117s][info][gc,metaspace] Narrow klass base: 0x0000000800000000, Narrow klass shift: 0, Narrow klass range: 0x100000000
[10.142s][info][gc,stats    ] === Garbage Collection Statistics =======================================================================================================================
[10.142s][info][gc,stats    ]                                                              Last 10s              Last 10m              Last 10h                Total
[10.142s][info][gc,stats    ]                                                              Avg / Max             Avg / Max             Avg / Max             Avg / Max
[10.142s][info][gc,stats    ]   Collector: Garbage Collection Cycle                      0.000 / 0.000         0.000 / 0.000         0.000 / 0.000         0.000 / 0.000       ms
[10.142s][info][gc,stats    ]  Contention: Mark Segment Reset Contention                     0 / 0                 0 / 0                 0 / 0                 0 / 0           ops/s
[10.142s][info][gc,stats    ]  Contention: Mark SeqNum Reset Contention                      0 / 0                 0 / 0                 0 / 0                 0 / 0           ops/s
[10.142s][info][gc,stats    ]    Critical: Allocation Stall                                  0 / 0                 0 / 0                 0 / 0                 0 / 0           ops/s
[10.142s][info][gc,stats    ]    Critical: Allocation Stall                              0.000 / 0.000         0.000 / 0.000         0.000 / 0.000         0.000 / 0.000       ms
[10.142s][info][gc,stats    ]    Critical: GC Locker Stall                                   0 / 0                 0 / 0                 0 / 0                 0 / 0           ops/s
[10.142s][info][gc,stats    ]    Critical: GC Locker Stall                               0.000 / 0.000         0.000 / 0.000         0.000 / 0.000         0.000 / 0.000       ms
[10.142s][info][gc,stats    ]    Critical: Relocation Stall                                  0 / 0                 0 / 0                 0 / 0                 0 / 0           ops/s
[10.142s][info][gc,stats    ]    Critical: Relocation Stall                              0.000 / 0.000         0.000 / 0.000         0.000 / 0.000         0.000 / 0.000       ms
[10.142s][info][gc,stats    ]      Memory: Allocation Rate                                  12 / 52               12 / 52               12 / 52               12 / 52          MB/s
[10.142s][info][gc,stats    ]      Memory: Defragment                                        0 / 0                 0 / 0                 0 / 0                 0 / 0           ops/s
[10.142s][info][gc,stats    ]      Memory: Out Of Memory                                     0 / 0                 0 / 0                 0 / 0                 0 / 0           ops/s
[10.142s][info][gc,stats    ]      Memory: Page Cache Flush                                  0 / 0                 0 / 0                 0 / 0                 0 / 0           MB/s
[10.142s][info][gc,stats    ]      Memory: Page Cache Hit L1                                 0 / 0                 0 / 0                 0 / 0                 0 / 0           ops/s
[10.142s][info][gc,stats    ]      Memory: Page Cache Hit L2                                 0 / 0                 0 / 0                 0 / 0                 0 / 0           ops/s
[10.142s][info][gc,stats    ]      Memory: Page Cache Hit L3                                 4 / 26                4 / 26                4 / 26                4 / 26          ops/s
[10.142s][info][gc,stats    ]      Memory: Page Cache Miss                                   0 / 1                 0 / 1                 0 / 1                 0 / 1           ops/s
[10.142s][info][gc,stats    ]      Memory: Uncommit                                          0 / 0                 0 / 0                 0 / 0                 0 / 0           MB/s
[10.142s][info][gc,stats    ]      Memory: Undo Object Allocation Failed                     0 / 0                 0 / 0                 0 / 0                 0 / 0           ops/s
[10.142s][info][gc,stats    ]      Memory: Undo Object Allocation Succeeded                  0 / 0                 0 / 0                 0 / 0                 0 / 0           ops/s
[10.142s][info][gc,stats    ]      Memory: Undo Page Allocation                              0 / 0                 0 / 0                 0 / 0                 0 / 0           ops/s
[10.142s][info][gc,stats    ]       Phase: Concurrent Mark                               0.000 / 0.000         0.000 / 0.000         0.000 / 0.000         0.000 / 0.000       ms
[10.142s][info][gc,stats    ]       Phase: Concurrent Mark Continue                      0.000 / 0.000         0.000 / 0.000         0.000 / 0.000         0.000 / 0.000       ms
[10.142s][info][gc,stats    ]       Phase: Concurrent Mark Free                          0.000 / 0.000         0.000 / 0.000         0.000 / 0.000         0.000 / 0.000       ms
[10.142s][info][gc,stats    ]       Phase: Concurrent Process Non-Strong References      0.000 / 0.000         0.000 / 0.000         0.000 / 0.000         0.000 / 0.000       ms
[10.142s][info][gc,stats    ]       Phase: Concurrent Relocate                           0.000 / 0.000         0.000 / 0.000         0.000 / 0.000         0.000 / 0.000       ms
[10.142s][info][gc,stats    ]       Phase: Concurrent Reset Relocation Set               0.000 / 0.000         0.000 / 0.000         0.000 / 0.000         0.000 / 0.000       ms
[10.142s][info][gc,stats    ]       Phase: Concurrent Select Relocation Set              0.000 / 0.000         0.000 / 0.000         0.000 / 0.000         0.000 / 0.000       ms
[10.142s][info][gc,stats    ]       Phase: Pause Mark End                                0.000 / 0.000         0.000 / 0.000         0.000 / 0.000         0.000 / 0.000       ms
[10.143s][info][gc,stats    ]       Phase: Pause Mark Start                              0.000 / 0.000         0.000 / 0.000         0.000 / 0.000         0.000 / 0.000       ms
[10.143s][info][gc,stats    ]       Phase: Pause Relocate Start                          0.000 / 0.000         0.000 / 0.000         0.000 / 0.000         0.000 / 0.000       ms
[10.143s][info][gc,stats    ]    Subphase: Concurrent Classes Purge                      0.000 / 0.000         0.000 / 0.000         0.000 / 0.000         0.000 / 0.000       ms
[10.143s][info][gc,stats    ]    Subphase: Concurrent Classes Unlink                     0.000 / 0.000         0.000 / 0.000         0.000 / 0.000         0.000 / 0.000       ms
[10.143s][info][gc,stats    ]    Subphase: Concurrent Mark                               0.000 / 0.000         0.000 / 0.000         0.000 / 0.000         0.000 / 0.000       ms
[10.143s][info][gc,stats    ]    Subphase: Concurrent Mark Try Flush                     0.000 / 0.000         0.000 / 0.000         0.000 / 0.000         0.000 / 0.000       ms
[10.143s][info][gc,stats    ]    Subphase: Concurrent Mark Try Terminate                 0.000 / 0.000         0.000 / 0.000         0.000 / 0.000         0.000 / 0.000       ms
[10.143s][info][gc,stats    ]    Subphase: Concurrent References Enqueue                 0.000 / 0.000         0.000 / 0.000         0.000 / 0.000         0.000 / 0.000       ms
[10.143s][info][gc,stats    ]    Subphase: Concurrent References Process                 0.000 / 0.000         0.000 / 0.000         0.000 / 0.000         0.000 / 0.000       ms
[10.143s][info][gc,stats    ]    Subphase: Concurrent Roots ClassLoaderDataGraph         0.000 / 0.000         0.000 / 0.000         0.000 / 0.000         0.000 / 0.000       ms
[10.143s][info][gc,stats    ]    Subphase: Concurrent Roots CodeCache                    0.000 / 0.000         0.000 / 0.000         0.000 / 0.000         0.000 / 0.000       ms
[10.143s][info][gc,stats    ]    Subphase: Concurrent Roots JavaThreads                  0.000 / 0.000         0.000 / 0.000         0.000 / 0.000         0.000 / 0.000       ms
[10.143s][info][gc,stats    ]    Subphase: Concurrent Roots OopStorageSet                0.000 / 0.000         0.000 / 0.000         0.000 / 0.000         0.000 / 0.000       ms
[10.143s][info][gc,stats    ]    Subphase: Concurrent Weak Roots OopStorageSet           0.000 / 0.000         0.000 / 0.000         0.000 / 0.000         0.000 / 0.000       ms
[10.143s][info][gc,stats    ]    Subphase: Pause Mark Try Complete                       0.000 / 0.000         0.000 / 0.000         0.000 / 0.000         0.000 / 0.000       ms
[10.143s][info][gc,stats    ]      System: Java Threads                                      0 / 0                 0 / 0                 0 / 0                 0 / 0           threads
[10.143s][info][gc,stats    ] =========================================================================================================================================================
[10.397s][info][gc,start    ] GC(0) Garbage Collection (System.gc())
[10.397s][info][gc,task     ] GC(0) Using 12 workers
[10.397s][info][gc,phases   ] GC(0) Pause Mark Start 0.015ms
[10.423s][info][gc,phases   ] GC(0) Concurrent Mark 25.727ms
[10.423s][info][gc,phases   ] GC(0) Pause Mark End 0.021ms
[10.423s][info][gc,phases   ] GC(0) Concurrent Mark Free 0.001ms
[10.430s][info][gc,phases   ] GC(0) Concurrent Process Non-Strong References 6.460ms
[10.430s][info][gc,phases   ] GC(0) Concurrent Reset Relocation Set 0.001ms
[10.444s][info][gc,phases   ] GC(0) Concurrent Select Relocation Set 14.209ms
[10.444s][info][gc,phases   ] GC(0) Pause Relocate Start 0.017ms
[10.446s][info][gc,phases   ] GC(0) Concurrent Relocate 1.562ms
[10.446s][info][gc,load     ] GC(0) Load: 0.00/0.00/0.00
[10.446s][info][gc,mmu      ] GC(0) MMU: 2ms/99.0%, 5ms/99.6%, 10ms/99.8%, 20ms/99.9%, 50ms/99.9%, 100ms/99.9%
[10.446s][info][gc,marking  ] GC(0) Mark: 8 stripe(s), 3 proactive flush(es), 1 terminate flush(es), 0 completion(s), 0 continuation(s) 
[10.446s][info][gc,marking  ] GC(0) Mark Stack Usage: 32M
[10.446s][info][gc,nmethod  ] GC(0) NMethods: 1687 registered, 311 unregistered
[10.446s][info][gc,metaspace] GC(0) Metaspace: 14M used, 14M committed, 1088M reserved
[10.446s][info][gc,ref      ] GC(0) Soft: 187 encountered, 0 discovered, 0 enqueued
[10.446s][info][gc,ref      ] GC(0) Weak: 3506 encountered, 264 discovered, 157 enqueued
[10.446s][info][gc,ref      ] GC(0) Final: 5 encountered, 0 discovered, 0 enqueued
[10.446s][info][gc,ref      ] GC(0) Phantom: 181 encountered, 142 discovered, 94 enqueued
[10.446s][info][gc,reloc    ] GC(0) Small Pages: 61 / 122M, Empty: 16M, Relocated: 4M, In-Place: 0
[10.446s][info][gc,reloc    ] GC(0) Medium Pages: 1 / 32M, Empty: 0M, Relocated: 0M, In-Place: 0
[10.446s][info][gc,reloc    ] GC(0) Large Pages: 0 / 0M, Empty: 0M, Relocated: 0M, In-Place: 0
[10.446s][info][gc,reloc    ] GC(0) Forwarding Usage: 1M
[10.446s][info][gc,heap     ] GC(0) Min Capacity: 8M(0%)
[10.446s][info][gc,heap     ] GC(0) Max Capacity: 30718M(100%)
[10.446s][info][gc,heap     ] GC(0) Soft Max Capacity: 30718M(100%)
[10.446s][info][gc,heap     ] GC(0)                Mark Start          Mark End        Relocate Start      Relocate End           High               Low         
[10.446s][info][gc,heap     ] GC(0)  Capacity:     2048M (7%)         2048M (7%)         2048M (7%)         2048M (7%)         2048M (7%)         2048M (7%)     
[10.446s][info][gc,heap     ] GC(0)      Free:    30564M (99%)       30564M (99%)       30574M (100%)      30656M (100%)      30656M (100%)      30558M (99%)    
[10.446s][info][gc,heap     ] GC(0)      Used:      154M (1%)          154M (1%)          144M (0%)           62M (0%)          160M (1%)           62M (0%)     
[10.446s][info][gc,heap     ] GC(0)      Live:         -                 5M (0%)            5M (0%)            5M (0%)             -                  -          
[10.446s][info][gc,heap     ] GC(0) Allocated:         -                 0M (0%)            6M (0%)            6M (0%)             -                  -          
[10.446s][info][gc,heap     ] GC(0)   Garbage:         -               148M (0%)          132M (0%)           50M (0%)             -                  -          
[10.446s][info][gc,heap     ] GC(0) Reclaimed:         -                  -                16M (0%)           98M (0%)             -                  -          
[10.447s][info][gc          ] GC(0) Garbage Collection (System.gc()) 154M(1%)->62M(0%)
[20.145s][info][gc,stats    ] === Garbage Collection Statistics =======================================================================================================================
[20.145s][info][gc,stats    ]                                                              Last 10s              Last 10m              Last 10h                Total
[20.145s][info][gc,stats    ]                                                              Avg / Max             Avg / Max             Avg / Max             Avg / Max
[20.145s][info][gc,stats    ]   Collector: Garbage Collection Cycle                     49.236 / 49.236       49.236 / 49.236       49.236 / 49.236       49.236 / 49.236      ms
[20.145s][info][gc,stats    ]  Contention: Mark Segment Reset Contention                     0 / 0                 0 / 0                 0 / 0                 0 / 0           ops/s
[20.145s][info][gc,stats    ]  Contention: Mark SeqNum Reset Contention                      0 / 1                 0 / 1                 0 / 1                 0 / 1           ops/s
[20.146s][info][gc,stats    ]    Critical: Allocation Stall                                  0 / 0                 0 / 0                 0 / 0                 0 / 0           ops/s
[20.146s][info][gc,stats    ]    Critical: Allocation Stall                              0.000 / 0.000         0.000 / 0.000         0.000 / 0.000         0.000 / 0.000       ms
[20.146s][info][gc,stats    ]    Critical: GC Locker Stall                                   0 / 0                 0 / 0                 0 / 0                 0 / 0           ops/s
[20.146s][info][gc,stats    ]    Critical: GC Locker Stall                               0.000 / 0.000         0.000 / 0.000         0.000 / 0.000         0.000 / 0.000       ms
[20.146s][info][gc,stats    ]    Critical: Relocation Stall                                  0 / 0                 0 / 0                 0 / 0                 0 / 0           ops/s
[20.146s][info][gc,stats    ]    Critical: Relocation Stall                              0.000 / 0.000         0.000 / 0.000         0.000 / 0.000         0.000 / 0.000       ms
[20.146s][info][gc,stats    ]      Memory: Allocation Rate                                 258 / 572             135 / 572             135 / 572             135 / 572         MB/s
[20.146s][info][gc,stats    ]      Memory: Defragment                                        0 / 0                 0 / 0                 0 / 0                 0 / 0           ops/s
[20.146s][info][gc,stats    ]      Memory: Out Of Memory                                     0 / 0                 0 / 0                 0 / 0                 0 / 0           ops/s
[20.146s][info][gc,stats    ]      Memory: Page Cache Flush                                  0 / 0                 0 / 0                 0 / 0                 0 / 0           MB/s
[20.146s][info][gc,stats    ]      Memory: Page Cache Hit L1                                 6 / 61                3 / 61                3 / 61                3 / 61          ops/s
[20.146s][info][gc,stats    ]      Memory: Page Cache Hit L2                                 0 / 0                 0 / 0                 0 / 0                 0 / 0           ops/s
[20.146s][info][gc,stats    ]      Memory: Page Cache Hit L3                                94 / 286              49 / 286              49 / 286              49 / 286         ops/s
[20.146s][info][gc,stats    ]      Memory: Page Cache Miss                                  28 / 169              14 / 169              14 / 169              14 / 169         ops/s
[20.146s][info][gc,stats    ]      Memory: Uncommit                                          0 / 0                 0 / 0                 0 / 0                 0 / 0           MB/s
[20.146s][info][gc,stats    ]      Memory: Undo Object Allocation Failed                     0 / 0                 0 / 0                 0 / 0                 0 / 0           ops/s
[20.146s][info][gc,stats    ]      Memory: Undo Object Allocation Succeeded                  0 / 0                 0 / 0                 0 / 0                 0 / 0           ops/s
[20.146s][info][gc,stats    ]      Memory: Undo Page Allocation                              0 / 0                 0 / 0                 0 / 0                 0 / 0           ops/s
[20.146s][info][gc,stats    ]       Phase: Concurrent Mark                              25.727 / 25.727       25.727 / 25.727       25.727 / 25.727       25.727 / 25.727      ms
[20.146s][info][gc,stats    ]       Phase: Concurrent Mark Continue                      0.000 / 0.000         0.000 / 0.000         0.000 / 0.000         0.000 / 0.000       ms
[20.146s][info][gc,stats    ]       Phase: Concurrent Mark Free                          0.001 / 0.001         0.001 / 0.001         0.001 / 0.001         0.001 / 0.001       ms
[20.146s][info][gc,stats    ]       Phase: Concurrent Process Non-Strong References      6.460 / 6.460         6.460 / 6.460         6.460 / 6.460         6.460 / 6.460       ms
[20.146s][info][gc,stats    ]       Phase: Concurrent Relocate                           1.562 / 1.562         1.562 / 1.562         1.562 / 1.562         1.562 / 1.562       ms
[20.146s][info][gc,stats    ]       Phase: Concurrent Reset Relocation Set               0.001 / 0.001         0.001 / 0.001         0.001 / 0.001         0.001 / 0.001       ms
[20.146s][info][gc,stats    ]       Phase: Concurrent Select Relocation Set             14.209 / 14.209       14.209 / 14.209       14.209 / 14.209       14.209 / 14.209      ms
[20.147s][info][gc,stats    ]       Phase: Pause Mark End                                0.021 / 0.021         0.021 / 0.021         0.021 / 0.021         0.021 / 0.021       ms
[20.147s][info][gc,stats    ]       Phase: Pause Mark Start                              0.015 / 0.015         0.015 / 0.015         0.015 / 0.015         0.015 / 0.015       ms
[20.147s][info][gc,stats    ]       Phase: Pause Relocate Start                          0.017 / 0.017         0.017 / 0.017         0.017 / 0.017         0.017 / 0.017       ms
[20.147s][info][gc,stats    ]    Subphase: Concurrent Classes Purge                      1.248 / 1.248         1.248 / 1.248         1.248 / 1.248         1.248 / 1.248       ms
[20.147s][info][gc,stats    ]    Subphase: Concurrent Classes Unlink                     4.980 / 4.980         4.980 / 4.980         4.980 / 4.980         4.980 / 4.980       ms
[20.147s][info][gc,stats    ]    Subphase: Concurrent Mark                              22.722 / 24.401       22.722 / 24.401       22.722 / 24.401       22.722 / 24.401      ms
[20.147s][info][gc,stats    ]    Subphase: Concurrent Mark Try Flush                     0.043 / 0.074         0.043 / 0.074         0.043 / 0.074         0.043 / 0.074       ms
[20.147s][info][gc,stats    ]    Subphase: Concurrent Mark Try Terminate                 9.166 / 16.260        9.166 / 16.260        9.166 / 16.260        9.166 / 16.260      ms
[20.147s][info][gc,stats    ]    Subphase: Concurrent References Enqueue                 0.005 / 0.005         0.005 / 0.005         0.005 / 0.005         0.005 / 0.005       ms
[20.147s][info][gc,stats    ]    Subphase: Concurrent References Process                 0.063 / 0.063         0.063 / 0.063         0.063 / 0.063         0.063 / 0.063       ms
[20.147s][info][gc,stats    ]    Subphase: Concurrent Roots ClassLoaderDataGraph         0.055 / 0.360         0.055 / 0.360         0.055 / 0.360         0.055 / 0.360       ms
[20.147s][info][gc,stats    ]    Subphase: Concurrent Roots CodeCache                    0.000 / 0.000         0.000 / 0.000         0.000 / 0.000         0.000 / 0.000       ms
[20.147s][info][gc,stats    ]    Subphase: Concurrent Roots JavaThreads                  0.638 / 1.081         0.638 / 1.081         0.638 / 1.081         0.638 / 1.081       ms
[20.147s][info][gc,stats    ]    Subphase: Concurrent Roots OopStorageSet                0.107 / 0.245         0.107 / 0.245         0.107 / 0.245         0.107 / 0.245       ms
[20.147s][info][gc,stats    ]    Subphase: Concurrent Weak Roots OopStorageSet           0.077 / 0.084         0.077 / 0.084         0.077 / 0.084         0.077 / 0.084       ms
[20.147s][info][gc,stats    ]    Subphase: Pause Mark Try Complete                       0.000 / 0.000         0.000 / 0.000         0.000 / 0.000         0.000 / 0.000       ms
[20.147s][info][gc,stats    ]      System: Java Threads                                     20 / 20               20 / 20               20 / 20               20 / 20          threads
[20.147s][info][gc,stats    ] =========================================================================================================================================================
[20.454s][info][gc,heap,exit] Heap
[20.454s][info][gc,heap,exit]  ZHeap           used 2610M, capacity 2610M, max capacity 30718M
[20.454s][info][gc,heap,exit]  Metaspace       used 19883K, committed 20352K, reserved 1114112K
[20.454s][info][gc,heap,exit]   class space    used 3839K, committed 4032K, reserved 1048576K
