[0.016s][info][gc,init] CardTable entry size: 512
[0.017s][info][gc     ] Using G1
[0.027s][info][gc,init] Version: 20+36-2344 (release)
[0.028s][info][gc,init] CPUs: 48 total, 48 available
[0.028s][info][gc,init] Memory: 382G
[0.028s][info][gc,init] Large Page Support: Disabled
[0.028s][info][gc,init] NUMA Support: Disabled
[0.028s][info][gc,init] Compressed Oops: Enabled (Zero based)
[0.028s][info][gc,init] Heap Region Size: 16M
[0.028s][info][gc,init] Heap Min Capacity: 16M
[0.028s][info][gc,init] Heap Initial Capacity: 2G
[0.028s][info][gc,init] Heap Max Capacity: 30208M
[0.037s][info][gc,init] Pre-touch: Disabled
[0.037s][info][gc,init] Parallel Workers: 33
[0.037s][info][gc,init] Concurrent Workers: 8
[0.037s][info][gc,init] Concurrent Refinement Workers: 33
[0.037s][info][gc,init] Periodic GC: Disabled
[0.039s][info][gc,metaspace] CDS archive(s) mapped at: [0x0000000800000000-0x0000000800c60000-0x0000000800c60000), size 12976128, SharedBaseAddress: 0x0000000800000000, ArchiveRelocationMode: 0.
[0.039s][info][gc,metaspace] Compressed class space mapped at: 0x0000000801000000-0x0000000841000000, reserved size: 1073741824
[0.039s][info][gc,metaspace] Narrow klass base: 0x0000000800000000, Narrow klass shift: 0, Narrow klass range: 0x100000000
[1.039s][info][gc,start    ] GC(0) Pause Full (System.gc())
[1.040s][info][gc,task     ] GC(0) Using 5 workers of 33 for full compaction
[1.040s][info][gc,phases,start] GC(0) Phase 1: Mark live objects
[1.060s][info][gc,phases      ] GC(0) Phase 1: Mark live objects 20.105ms
[1.060s][info][gc,phases,start] GC(0) Phase 2: Prepare compaction
[1.074s][info][gc,phases      ] GC(0) Phase 2: Prepare compaction 13.901ms
[1.074s][info][gc,phases,start] GC(0) Phase 3: Adjust pointers
[1.090s][info][gc,phases      ] GC(0) Phase 3: Adjust pointers 15.205ms
[1.090s][info][gc,phases,start] GC(0) Phase 4: Compact heap
[1.110s][info][gc,phases      ] GC(0) Phase 4: Compact heap 20.305ms
[1.125s][info][gc,heap        ] GC(0) Eden regions: 5->0(1)
[1.125s][info][gc,heap        ] GC(0) Survivor regions: 0->0(0)
[1.125s][info][gc,heap        ] GC(0) Old regions: 0->5
[1.125s][info][gc,heap        ] GC(0) Archive regions: 0->0
[1.125s][info][gc,heap        ] GC(0) Humongous regions: 0->0
[1.125s][info][gc,metaspace   ] GC(0) Metaspace: 11486K(11712K)->11486K(11712K) NonClass: 9922K(10048K)->9922K(10048K) Class: 1564K(1664K)->1564K(1664K)
[1.125s][info][gc             ] GC(0) Pause Full (System.gc()) 75M->25M(272M) 85.438ms
[1.125s][info][gc,cpu         ] GC(0) User=0.17s Sys=0.13s Real=0.08s
[1.371s][info][gc,start       ] GC(1) Pause Young (Normal) (G1 Evacuation Pause)
[1.371s][info][gc,task        ] GC(1) Using 6 workers of 33 for evacuation
[1.374s][info][gc,phases      ] GC(1)   Pre Evacuate Collection Set: 0.1ms
[1.374s][info][gc,phases      ] GC(1)   Merge Heap Roots: 0.5ms
[1.374s][info][gc,phases      ] GC(1)   Evacuate Collection Set: 1.4ms
[1.374s][info][gc,phases      ] GC(1)   Post Evacuate Collection Set: 0.5ms
[1.374s][info][gc,phases      ] GC(1)   Other: 0.2ms
[1.374s][info][gc,heap        ] GC(1) Eden regions: 1->0(1)
[1.374s][info][gc,heap        ] GC(1) Survivor regions: 0->1(1)
[1.374s][info][gc,heap        ] GC(1) Old regions: 5->5
[1.374s][info][gc,heap        ] GC(1) Archive regions: 0->0
[1.374s][info][gc,heap        ] GC(1) Humongous regions: 0->0
[1.374s][info][gc,metaspace   ] GC(1) Metaspace: 11827K(12032K)->11827K(12032K) NonClass: 10208K(10304K)->10208K(10304K) Class: 1619K(1728K)->1619K(1728K)
[1.374s][info][gc             ] GC(1) Pause Young (Normal) (G1 Evacuation Pause) 41M->26M(272M) 3.129ms
[1.374s][info][gc,cpu         ] GC(1) User=0.00s Sys=0.00s Real=0.00s
[1.488s][info][gc,start       ] GC(2) Pause Young (Normal) (G1 Evacuation Pause)
[1.488s][info][gc,task        ] GC(2) Using 6 workers of 33 for evacuation
[1.490s][info][gc,phases      ] GC(2)   Pre Evacuate Collection Set: 0.1ms
[1.490s][info][gc,phases      ] GC(2)   Merge Heap Roots: 0.1ms
[1.490s][info][gc,phases      ] GC(2)   Evacuate Collection Set: 1.9ms
[1.491s][info][gc,phases      ] GC(2)   Post Evacuate Collection Set: 0.4ms
[1.491s][info][gc,phases      ] GC(2)   Other: 0.1ms
[1.491s][info][gc,heap        ] GC(2) Eden regions: 1->0(3)
[1.491s][info][gc,heap        ] GC(2) Survivor regions: 1->1(1)
[1.491s][info][gc,heap        ] GC(2) Old regions: 5->5
[1.491s][info][gc,heap        ] GC(2) Archive regions: 0->0
[1.491s][info][gc,heap        ] GC(2) Humongous regions: 0->0
[1.491s][info][gc,metaspace   ] GC(2) Metaspace: 11832K(12032K)->11832K(12032K) NonClass: 10212K(10304K)->10212K(10304K) Class: 1620K(1728K)->1620K(1728K)
[1.491s][info][gc             ] GC(2) Pause Young (Normal) (G1 Evacuation Pause) 42M->27M(272M) 3.319ms
[1.491s][info][gc,cpu         ] GC(2) User=0.00s Sys=0.00s Real=0.00s
[1.545s][info][gc,start       ] GC(3) Pause Full (System.gc())
[1.545s][info][gc,task        ] GC(3) Using 1 workers of 33 for full compaction
[1.546s][info][gc,phases,start] GC(3) Phase 1: Mark live objects
[1.598s][info][gc,phases      ] GC(3) Phase 1: Mark live objects 51.969ms
[1.598s][info][gc,phases,start] GC(3) Phase 2: Prepare compaction
[1.614s][info][gc,phases      ] GC(3) Phase 2: Prepare compaction 15.985ms
[1.614s][info][gc,phases,start] GC(3) Phase 3: Adjust pointers
[1.639s][info][gc,phases      ] GC(3) Phase 3: Adjust pointers 25.650ms
[1.639s][info][gc,phases,start] GC(3) Phase 4: Compact heap
[1.668s][info][gc,phases      ] GC(3) Phase 4: Compact heap 28.975ms
[1.670s][info][gc,heap        ] GC(3) Eden regions: 1->0(2)
[1.671s][info][gc,heap        ] GC(3) Survivor regions: 1->0(1)
[1.671s][info][gc,heap        ] GC(3) Old regions: 5->2
[1.671s][info][gc,heap        ] GC(3) Archive regions: 0->0
[1.671s][info][gc,heap        ] GC(3) Humongous regions: 0->0
[1.671s][info][gc,metaspace   ] GC(3) Metaspace: 11859K(12096K)->11859K(12096K) NonClass: 10232K(10368K)->10232K(10368K) Class: 1626K(1728K)->1626K(1728K)
[1.671s][info][gc             ] GC(3) Pause Full (System.gc()) 30M->25M(112M) 125.456ms
[1.671s][info][gc,cpu         ] GC(3) User=0.11s Sys=0.02s Real=0.13s
[1.934s][info][gc,start       ] GC(4) Pause Full (System.gc())
[1.934s][info][gc,task        ] GC(4) Using 1 workers of 33 for full compaction
[1.934s][info][gc,phases,start] GC(4) Phase 1: Mark live objects
[1.996s][info][gc,phases      ] GC(4) Phase 1: Mark live objects 61.363ms
[1.996s][info][gc,phases,start] GC(4) Phase 2: Prepare compaction
[2.010s][info][gc,phases      ] GC(4) Phase 2: Prepare compaction 14.449ms
[2.010s][info][gc,phases,start] GC(4) Phase 3: Adjust pointers
[2.033s][info][gc,phases      ] GC(4) Phase 3: Adjust pointers 22.686ms
[2.033s][info][gc,phases,start] GC(4) Phase 4: Compact heap
[2.038s][info][gc,phases      ] GC(4) Phase 4: Compact heap 5.181ms
[2.040s][info][gc,heap        ] GC(4) Eden regions: 2->0(2)
[2.040s][info][gc,heap        ] GC(4) Survivor regions: 0->0(1)
[2.040s][info][gc,heap        ] GC(4) Old regions: 2->2
[2.040s][info][gc,heap        ] GC(4) Archive regions: 0->0
[2.040s][info][gc,heap        ] GC(4) Humongous regions: 0->0
[2.040s][info][gc,metaspace   ] GC(4) Metaspace: 11862K(12096K)->11862K(12096K) NonClass: 10235K(10368K)->10235K(10368K) Class: 1626K(1728K)->1626K(1728K)
[2.040s][info][gc             ] GC(4) Pause Full (System.gc()) 57M->25M(112M) 106.263ms
[2.040s][info][gc,cpu         ] GC(4) User=0.13s Sys=0.00s Real=0.11s
[2.234s][info][gc,start       ] GC(5) Pause Young (Normal) (G1 Evacuation Pause)
[2.234s][info][gc,task        ] GC(5) Using 2 workers of 33 for evacuation
[2.237s][info][gc,phases      ] GC(5)   Pre Evacuate Collection Set: 0.1ms
[2.237s][info][gc,phases      ] GC(5)   Merge Heap Roots: 0.1ms
[2.237s][info][gc,phases      ] GC(5)   Evacuate Collection Set: 2.6ms
[2.238s][info][gc,phases      ] GC(5)   Post Evacuate Collection Set: 0.2ms
[2.238s][info][gc,phases      ] GC(5)   Other: 0.1ms
[2.238s][info][gc,heap        ] GC(5) Eden regions: 2->0(3)
[2.238s][info][gc,heap        ] GC(5) Survivor regions: 0->1(1)
[2.238s][info][gc,heap        ] GC(5) Old regions: 2->2
[2.238s][info][gc,heap        ] GC(5) Archive regions: 0->0
[2.238s][info][gc,heap        ] GC(5) Humongous regions: 0->0
[2.238s][info][gc,metaspace   ] GC(5) Metaspace: 11883K(12096K)->11883K(12096K) NonClass: 10257K(10368K)->10257K(10368K) Class: 1626K(1728K)->1626K(1728K)
[2.238s][info][gc             ] GC(5) Pause Young (Normal) (G1 Evacuation Pause) 57M->26M(112M) 3.729ms
[2.238s][info][gc,cpu         ] GC(5) User=0.00s Sys=0.00s Real=0.00s
[2.310s][info][gc,start       ] GC(6) Pause Full (System.gc())
[2.310s][info][gc,task        ] GC(6) Using 1 workers of 33 for full compaction
[2.310s][info][gc,phases,start] GC(6) Phase 1: Mark live objects
[2.363s][info][gc,phases      ] GC(6) Phase 1: Mark live objects 52.827ms
[2.363s][info][gc,phases,start] GC(6) Phase 2: Prepare compaction
[2.378s][info][gc,phases      ] GC(6) Phase 2: Prepare compaction 15.105ms
[2.378s][info][gc,phases,start] GC(6) Phase 3: Adjust pointers
[2.401s][info][gc,phases      ] GC(6) Phase 3: Adjust pointers 23.307ms
[2.402s][info][gc,phases,start] GC(6) Phase 4: Compact heap
[2.407s][info][gc,phases      ] GC(6) Phase 4: Compact heap 5.328ms
[2.409s][info][gc,heap        ] GC(6) Eden regions: 2->0(4)
[2.409s][info][gc,heap        ] GC(6) Survivor regions: 1->0(1)
[2.409s][info][gc,heap        ] GC(6) Old regions: 2->2
[2.409s][info][gc,heap        ] GC(6) Archive regions: 0->0
[2.409s][info][gc,heap        ] GC(6) Humongous regions: 0->0
[2.409s][info][gc,metaspace   ] GC(6) Metaspace: 11884K(12096K)->11884K(12096K) NonClass: 10257K(10368K)->10257K(10368K) Class: 1626K(1728K)->1626K(1728K)
[2.409s][info][gc             ] GC(6) Pause Full (System.gc()) 55M->25M(112M) 99.364ms
[2.409s][info][gc,cpu         ] GC(6) User=0.09s Sys=0.00s Real=0.10s
[2.599s][info][gc,start       ] GC(7) Pause Young (Normal) (G1 Evacuation Pause)
[2.599s][info][gc,task        ] GC(7) Using 2 workers of 33 for evacuation
[2.612s][info][gc,phases      ] GC(7)   Pre Evacuate Collection Set: 0.1ms
[2.612s][info][gc,phases      ] GC(7)   Merge Heap Roots: 0.1ms
[2.612s][info][gc,phases      ] GC(7)   Evacuate Collection Set: 4.8ms
[2.612s][info][gc,phases      ] GC(7)   Post Evacuate Collection Set: 7.7ms
[2.612s][info][gc,phases      ] GC(7)   Other: 0.1ms
[2.612s][info][gc,heap        ] GC(7) Eden regions: 4->0(39)
[2.612s][info][gc,heap        ] GC(7) Survivor regions: 0->1(1)
[2.612s][info][gc,heap        ] GC(7) Old regions: 2->2
[2.612s][info][gc,heap        ] GC(7) Archive regions: 0->0
[2.612s][info][gc,heap        ] GC(7) Humongous regions: 0->0
[2.612s][info][gc,metaspace   ] GC(7) Metaspace: 11884K(12096K)->11884K(12096K) NonClass: 10257K(10368K)->10257K(10368K) Class: 1626K(1728K)->1626K(1728K)
[2.612s][info][gc             ] GC(7) Pause Young (Normal) (G1 Evacuation Pause) 89M->27M(1088M) 13.357ms
[2.612s][info][gc,cpu         ] GC(7) User=0.03s Sys=0.00s Real=0.01s
[2.792s][info][gc,start       ] GC(8) Pause Full (System.gc())
[2.792s][info][gc,task        ] GC(8) Using 6 workers of 33 for full compaction
[2.792s][info][gc,phases,start] GC(8) Phase 1: Mark live objects
[2.808s][info][gc,phases      ] GC(8) Phase 1: Mark live objects 15.829ms
[2.808s][info][gc,phases,start] GC(8) Phase 2: Prepare compaction
[2.814s][info][gc,phases      ] GC(8) Phase 2: Prepare compaction 5.943ms
[2.814s][info][gc,phases,start] GC(8) Phase 3: Adjust pointers
[2.823s][info][gc,phases      ] GC(8) Phase 3: Adjust pointers 9.437ms
[2.823s][info][gc,phases,start] GC(8) Phase 4: Compact heap
[2.826s][info][gc,phases      ] GC(8) Phase 4: Compact heap 2.801ms
[2.833s][info][gc,heap        ] GC(8) Eden regions: 4->0(8)
[2.833s][info][gc,heap        ] GC(8) Survivor regions: 1->0(1)
[2.833s][info][gc,heap        ] GC(8) Old regions: 2->4
[2.833s][info][gc,heap        ] GC(8) Archive regions: 0->0
[2.833s][info][gc,heap        ] GC(8) Humongous regions: 0->0
[2.833s][info][gc,metaspace   ] GC(8) Metaspace: 11934K(12160K)->11934K(12160K) NonClass: 10307K(10432K)->10307K(10432K) Class: 1627K(1728K)->1627K(1728K)
[2.833s][info][gc             ] GC(8) Pause Full (System.gc()) 84M->25M(224M) 41.569ms
[2.833s][info][gc,cpu         ] GC(8) User=0.13s Sys=0.00s Real=0.04s
[3.176s][info][gc,start       ] GC(9) Pause Full (System.gc())
[3.176s][info][gc,task        ] GC(9) Using 1 workers of 33 for full compaction
[3.176s][info][gc,phases,start] GC(9) Phase 1: Mark live objects
[3.228s][info][gc,phases      ] GC(9) Phase 1: Mark live objects 52.456ms
[3.228s][info][gc,phases,start] GC(9) Phase 2: Prepare compaction
[3.244s][info][gc,phases      ] GC(9) Phase 2: Prepare compaction 15.971ms
[3.245s][info][gc,phases,start] GC(9) Phase 3: Adjust pointers
[3.267s][info][gc,phases      ] GC(9) Phase 3: Adjust pointers 22.049ms
[3.267s][info][gc,phases,start] GC(9) Phase 4: Compact heap
[3.272s][info][gc,phases      ] GC(9) Phase 4: Compact heap 5.822ms
[3.274s][info][gc,heap        ] GC(9) Eden regions: 8->0(4)
[3.275s][info][gc,heap        ] GC(9) Survivor regions: 0->0(1)
[3.275s][info][gc,heap        ] GC(9) Old regions: 4->2
[3.275s][info][gc,heap        ] GC(9) Archive regions: 0->0
[3.275s][info][gc,heap        ] GC(9) Humongous regions: 0->0
[3.275s][info][gc,metaspace   ] GC(9) Metaspace: 11935K(12160K)->11935K(12160K) NonClass: 10308K(10432K)->10308K(10432K) Class: 1627K(1728K)->1627K(1728K)
[3.275s][info][gc             ] GC(9) Pause Full (System.gc()) 153M->25M(112M) 99.087ms
[3.275s][info][gc,cpu         ] GC(9) User=0.09s Sys=0.02s Real=0.10s
[3.456s][info][gc,start       ] GC(10) Pause Young (Normal) (G1 Evacuation Pause)
[3.456s][info][gc,task        ] GC(10) Using 2 workers of 33 for evacuation
[3.461s][info][gc,phases      ] GC(10)   Pre Evacuate Collection Set: 0.1ms
[3.461s][info][gc,phases      ] GC(10)   Merge Heap Roots: 0.1ms
[3.461s][info][gc,phases      ] GC(10)   Evacuate Collection Set: 4.8ms
[3.461s][info][gc,phases      ] GC(10)   Post Evacuate Collection Set: 0.2ms
[3.461s][info][gc,phases      ] GC(10)   Other: 0.1ms
[3.461s][info][gc,heap        ] GC(10) Eden regions: 4->0(3)
[3.462s][info][gc,heap        ] GC(10) Survivor regions: 0->1(1)
[3.462s][info][gc,heap        ] GC(10) Old regions: 2->2
[3.462s][info][gc,heap        ] GC(10) Archive regions: 0->0
[3.462s][info][gc,heap        ] GC(10) Humongous regions: 0->0
[3.462s][info][gc,metaspace   ] GC(10) Metaspace: 11937K(12160K)->11937K(12160K) NonClass: 10310K(10432K)->10310K(10432K) Class: 1627K(1728K)->1627K(1728K)
[3.462s][info][gc             ] GC(10) Pause Young (Normal) (G1 Evacuation Pause) 89M->27M(112M) 5.876ms
[3.462s][info][gc,cpu         ] GC(10) User=0.03s Sys=0.00s Real=0.01s
[3.588s][info][gc,start       ] GC(11) Pause Young (Normal) (G1 Evacuation Pause)
[3.588s][info][gc,task        ] GC(11) Using 2 workers of 33 for evacuation
[3.595s][info][gc,phases      ] GC(11)   Pre Evacuate Collection Set: 0.1ms
[3.595s][info][gc,phases      ] GC(11)   Merge Heap Roots: 0.1ms
[3.595s][info][gc,phases      ] GC(11)   Evacuate Collection Set: 6.3ms
[3.595s][info][gc,phases      ] GC(11)   Post Evacuate Collection Set: 0.2ms
[3.595s][info][gc,phases      ] GC(11)   Other: 0.1ms
[3.595s][info][gc,heap        ] GC(11) Eden regions: 3->0(3)
[3.595s][info][gc,heap        ] GC(11) Survivor regions: 1->1(1)
[3.595s][info][gc,heap        ] GC(11) Old regions: 2->2
[3.595s][info][gc,heap        ] GC(11) Archive regions: 0->0
[3.595s][info][gc,heap        ] GC(11) Humongous regions: 0->0
[3.595s][info][gc,metaspace   ] GC(11) Metaspace: 11937K(12160K)->11937K(12160K) NonClass: 10310K(10432K)->10310K(10432K) Class: 1627K(1728K)->1627K(1728K)
[3.595s][info][gc             ] GC(11) Pause Young (Normal) (G1 Evacuation Pause) 75M->27M(112M) 7.345ms
[3.595s][info][gc,cpu         ] GC(11) User=0.00s Sys=0.00s Real=0.01s
[3.628s][info][gc,start       ] GC(12) Pause Full (System.gc())
[3.628s][info][gc,task        ] GC(12) Using 1 workers of 33 for full compaction
[3.628s][info][gc,phases,start] GC(12) Phase 1: Mark live objects
[3.683s][info][gc,phases      ] GC(12) Phase 1: Mark live objects 54.514ms
[3.683s][info][gc,phases,start] GC(12) Phase 2: Prepare compaction
[3.698s][info][gc,phases      ] GC(12) Phase 2: Prepare compaction 14.993ms
[3.698s][info][gc,phases,start] GC(12) Phase 3: Adjust pointers
[3.713s][info][gc,phases      ] GC(12) Phase 3: Adjust pointers 15.593ms
[3.713s][info][gc,phases,start] GC(12) Phase 4: Compact heap
[3.718s][info][gc,phases      ] GC(12) Phase 4: Compact heap 5.053ms
[3.720s][info][gc,heap        ] GC(12) Eden regions: 1->0(4)
[3.720s][info][gc,heap        ] GC(12) Survivor regions: 1->0(1)
[3.720s][info][gc,heap        ] GC(12) Old regions: 2->2
[3.720s][info][gc,heap        ] GC(12) Archive regions: 0->0
[3.720s][info][gc,heap        ] GC(12) Humongous regions: 0->0
[3.721s][info][gc,metaspace   ] GC(12) Metaspace: 11937K(12160K)->11937K(12160K) NonClass: 10310K(10432K)->10310K(10432K) Class: 1627K(1728K)->1627K(1728K)
[3.721s][info][gc             ] GC(12) Pause Full (System.gc()) 36M->25M(112M) 92.787ms
[3.721s][info][gc,cpu         ] GC(12) User=0.09s Sys=0.00s Real=0.09s
[3.885s][info][gc,start       ] GC(13) Pause Young (Normal) (G1 Evacuation Pause)
[3.885s][info][gc,task        ] GC(13) Using 2 workers of 33 for evacuation
[3.891s][info][gc,phases      ] GC(13)   Pre Evacuate Collection Set: 0.1ms
[3.891s][info][gc,phases      ] GC(13)   Merge Heap Roots: 0.1ms
[3.891s][info][gc,phases      ] GC(13)   Evacuate Collection Set: 4.7ms
[3.891s][info][gc,phases      ] GC(13)   Post Evacuate Collection Set: 0.2ms
[3.891s][info][gc,phases      ] GC(13)   Other: 0.1ms
[3.891s][info][gc,heap        ] GC(13) Eden regions: 4->0(3)
[3.891s][info][gc,heap        ] GC(13) Survivor regions: 0->1(1)
[3.891s][info][gc,heap        ] GC(13) Old regions: 2->2
[3.891s][info][gc,heap        ] GC(13) Archive regions: 0->0
[3.891s][info][gc,heap        ] GC(13) Humongous regions: 0->0
[3.891s][info][gc,metaspace   ] GC(13) Metaspace: 11937K(12160K)->11937K(12160K) NonClass: 10310K(10432K)->10310K(10432K) Class: 1627K(1728K)->1627K(1728K)
[3.891s][info][gc             ] GC(13) Pause Young (Normal) (G1 Evacuation Pause) 89M->27M(112M) 5.711ms
[3.891s][info][gc,cpu         ] GC(13) User=0.02s Sys=0.00s Real=0.02s
[4.001s][info][gc,start       ] GC(14) Pause Young (Normal) (G1 Evacuation Pause)
[4.001s][info][gc,task        ] GC(14) Using 2 workers of 33 for evacuation
[4.014s][info][gc,phases      ] GC(14)   Pre Evacuate Collection Set: 0.1ms
[4.014s][info][gc,phases      ] GC(14)   Merge Heap Roots: 0.1ms
[4.014s][info][gc,phases      ] GC(14)   Evacuate Collection Set: 6.2ms
[4.014s][info][gc,phases      ] GC(14)   Post Evacuate Collection Set: 7.0ms
[4.014s][info][gc,phases      ] GC(14)   Other: 0.1ms
[4.014s][info][gc,heap        ] GC(14) Eden regions: 3->0(39)
[4.014s][info][gc,heap        ] GC(14) Survivor regions: 1->1(1)
[4.014s][info][gc,heap        ] GC(14) Old regions: 2->2
[4.014s][info][gc,heap        ] GC(14) Archive regions: 0->0
[4.014s][info][gc,heap        ] GC(14) Humongous regions: 0->0
[4.014s][info][gc,metaspace   ] GC(14) Metaspace: 11937K(12160K)->11937K(12160K) NonClass: 10310K(10432K)->10310K(10432K) Class: 1627K(1728K)->1627K(1728K)
[4.014s][info][gc             ] GC(14) Pause Young (Normal) (G1 Evacuation Pause) 75M->27M(1088M) 13.933ms
[4.015s][info][gc,cpu         ] GC(14) User=0.00s Sys=0.00s Real=0.00s
[4.055s][info][gc,start       ] GC(15) Pause Full (System.gc())
[4.055s][info][gc,task        ] GC(15) Using 4 workers of 33 for full compaction
[4.055s][info][gc,phases,start] GC(15) Phase 1: Mark live objects
[4.077s][info][gc,phases      ] GC(15) Phase 1: Mark live objects 22.299ms
[4.077s][info][gc,phases,start] GC(15) Phase 2: Prepare compaction
[4.084s][info][gc,phases      ] GC(15) Phase 2: Prepare compaction 6.317ms
[4.084s][info][gc,phases,start] GC(15) Phase 3: Adjust pointers
[4.093s][info][gc,phases      ] GC(15) Phase 3: Adjust pointers 9.300ms
[4.093s][info][gc,phases,start] GC(15) Phase 4: Compact heap
[4.097s][info][gc,phases      ] GC(15) Phase 4: Compact heap 3.409ms
[4.103s][info][gc,heap        ] GC(15) Eden regions: 1->0(6)
[4.103s][info][gc,heap        ] GC(15) Survivor regions: 1->0(1)
[4.103s][info][gc,heap        ] GC(15) Old regions: 2->3
[4.104s][info][gc,heap        ] GC(15) Archive regions: 0->0
[4.104s][info][gc,heap        ] GC(15) Humongous regions: 0->0
[4.104s][info][gc,metaspace   ] GC(15) Metaspace: 11943K(12160K)->11943K(12160K) NonClass: 10314K(10432K)->10314K(10432K) Class: 1628K(1728K)->1628K(1728K)
[4.104s][info][gc             ] GC(15) Pause Full (System.gc()) 37M->25M(160M) 48.938ms
[4.104s][info][gc,cpu         ] GC(15) User=0.11s Sys=0.03s Real=0.05s
[4.374s][info][gc,start       ] GC(16) Pause Young (Normal) (G1 Evacuation Pause)
[4.374s][info][gc,task        ] GC(16) Using 3 workers of 33 for evacuation
[4.376s][info][gc,phases      ] GC(16)   Pre Evacuate Collection Set: 0.1ms
[4.376s][info][gc,phases      ] GC(16)   Merge Heap Roots: 0.1ms
[4.376s][info][gc,phases      ] GC(16)   Evacuate Collection Set: 1.5ms
[4.376s][info][gc,phases      ] GC(16)   Post Evacuate Collection Set: 0.2ms
[4.376s][info][gc,phases      ] GC(16)   Other: 0.1ms
[4.376s][info][gc,heap        ] GC(16) Eden regions: 6->0(5)
[4.376s][info][gc,heap        ] GC(16) Survivor regions: 0->1(1)
[4.376s][info][gc,heap        ] GC(16) Old regions: 3->3
[4.376s][info][gc,heap        ] GC(16) Archive regions: 0->0
[4.377s][info][gc,heap        ] GC(16) Humongous regions: 0->0
[4.377s][info][gc,metaspace   ] GC(16) Metaspace: 11947K(12160K)->11947K(12160K) NonClass: 10318K(10432K)->10318K(10432K) Class: 1628K(1728K)->1628K(1728K)
[4.377s][info][gc             ] GC(16) Pause Young (Normal) (G1 Evacuation Pause) 121M->26M(160M) 2.497ms
[4.377s][info][gc,cpu         ] GC(16) User=0.05s Sys=0.00s Real=0.02s
[4.456s][info][gc,start       ] GC(17) Pause Full (System.gc())
[4.456s][info][gc,task        ] GC(17) Using 1 workers of 33 for full compaction
[4.457s][info][gc,phases,start] GC(17) Phase 1: Mark live objects
[4.517s][info][gc,phases      ] GC(17) Phase 1: Mark live objects 60.106ms
[4.517s][info][gc,phases,start] GC(17) Phase 2: Prepare compaction
[4.532s][info][gc,phases      ] GC(17) Phase 2: Prepare compaction 14.898ms
[4.532s][info][gc,phases,start] GC(17) Phase 3: Adjust pointers
[4.546s][info][gc,phases      ] GC(17) Phase 3: Adjust pointers 13.864ms
[4.546s][info][gc,phases,start] GC(17) Phase 4: Compact heap
[4.551s][info][gc,phases      ] GC(17) Phase 4: Compact heap 5.110ms
[4.553s][info][gc,heap        ] GC(17) Eden regions: 2->0(4)
[4.553s][info][gc,heap        ] GC(17) Survivor regions: 1->0(1)
[4.553s][info][gc,heap        ] GC(17) Old regions: 3->2
[4.553s][info][gc,heap        ] GC(17) Archive regions: 0->0
[4.553s][info][gc,heap        ] GC(17) Humongous regions: 0->0
[4.553s][info][gc,metaspace   ] GC(17) Metaspace: 11951K(12160K)->11951K(12160K) NonClass: 10322K(10432K)->10322K(10432K) Class: 1628K(1728K)->1628K(1728K)
[4.553s][info][gc             ] GC(17) Pause Full (System.gc()) 52M->25M(112M) 96.495ms
[4.553s][info][gc,cpu         ] GC(17) User=0.09s Sys=0.00s Real=0.09s
[4.735s][info][gc,start       ] GC(18) Pause Young (Normal) (G1 Evacuation Pause)
[4.735s][info][gc,task        ] GC(18) Using 2 workers of 33 for evacuation
[4.739s][info][gc,phases      ] GC(18)   Pre Evacuate Collection Set: 0.1ms
[4.739s][info][gc,phases      ] GC(18)   Merge Heap Roots: 0.1ms
[4.739s][info][gc,phases      ] GC(18)   Evacuate Collection Set: 3.0ms
[4.739s][info][gc,phases      ] GC(18)   Post Evacuate Collection Set: 0.2ms
[4.739s][info][gc,phases      ] GC(18)   Other: 0.1ms
[4.739s][info][gc,heap        ] GC(18) Eden regions: 4->0(3)
[4.739s][info][gc,heap        ] GC(18) Survivor regions: 0->1(1)
[4.739s][info][gc,heap        ] GC(18) Old regions: 2->2
[4.739s][info][gc,heap        ] GC(18) Archive regions: 0->0
[4.739s][info][gc,heap        ] GC(18) Humongous regions: 0->0
[4.739s][info][gc,metaspace   ] GC(18) Metaspace: 11955K(12160K)->11955K(12160K) NonClass: 10326K(10432K)->10326K(10432K) Class: 1628K(1728K)->1628K(1728K)
[4.739s][info][gc             ] GC(18) Pause Young (Normal) (G1 Evacuation Pause) 89M->27M(112M) 3.876ms
[4.739s][info][gc,cpu         ] GC(18) User=0.00s Sys=0.00s Real=0.00s
[4.859s][info][gc,start       ] GC(19) Pause Young (Normal) (G1 Evacuation Pause)
[4.859s][info][gc,task        ] GC(19) Using 2 workers of 33 for evacuation
[4.866s][info][gc,phases      ] GC(19)   Pre Evacuate Collection Set: 0.1ms
[4.866s][info][gc,phases      ] GC(19)   Merge Heap Roots: 0.1ms
[4.866s][info][gc,phases      ] GC(19)   Evacuate Collection Set: 6.2ms
[4.866s][info][gc,phases      ] GC(19)   Post Evacuate Collection Set: 0.2ms
[4.866s][info][gc,phases      ] GC(19)   Other: 0.1ms
[4.866s][info][gc,heap        ] GC(19) Eden regions: 3->0(3)
[4.866s][info][gc,heap        ] GC(19) Survivor regions: 1->1(1)
[4.866s][info][gc,heap        ] GC(19) Old regions: 2->2
[4.866s][info][gc,heap        ] GC(19) Archive regions: 0->0
[4.866s][info][gc,heap        ] GC(19) Humongous regions: 0->0
[4.866s][info][gc,metaspace   ] GC(19) Metaspace: 11955K(12160K)->11955K(12160K) NonClass: 10326K(10432K)->10326K(10432K) Class: 1628K(1728K)->1628K(1728K)
[4.866s][info][gc             ] GC(19) Pause Young (Normal) (G1 Evacuation Pause) 75M->27M(112M) 7.138ms
[4.866s][info][gc,cpu         ] GC(19) User=0.03s Sys=0.00s Real=0.01s
[4.914s][info][gc,start       ] GC(20) Pause Full (System.gc())
[4.914s][info][gc,task        ] GC(20) Using 1 workers of 33 for full compaction
[4.914s][info][gc,phases,start] GC(20) Phase 1: Mark live objects
[4.967s][info][gc,phases      ] GC(20) Phase 1: Mark live objects 52.711ms
[4.967s][info][gc,phases,start] GC(20) Phase 2: Prepare compaction
[4.982s][info][gc,phases      ] GC(20) Phase 2: Prepare compaction 14.893ms
[4.982s][info][gc,phases,start] GC(20) Phase 3: Adjust pointers
[5.004s][info][gc,phases      ] GC(20) Phase 3: Adjust pointers 22.173ms
[5.004s][info][gc,phases,start] GC(20) Phase 4: Compact heap
[5.009s][info][gc,phases      ] GC(20) Phase 4: Compact heap 5.023ms
[5.011s][info][gc,heap        ] GC(20) Eden regions: 1->0(4)
[5.011s][info][gc,heap        ] GC(20) Survivor regions: 1->0(1)
[5.011s][info][gc,heap        ] GC(20) Old regions: 2->2
[5.011s][info][gc,heap        ] GC(20) Archive regions: 0->0
[5.011s][info][gc,heap        ] GC(20) Humongous regions: 0->0
[5.011s][info][gc,metaspace   ] GC(20) Metaspace: 11955K(12160K)->11955K(12160K) NonClass: 10327K(10432K)->10327K(10432K) Class: 1628K(1728K)->1628K(1728K)
[5.011s][info][gc             ] GC(20) Pause Full (System.gc()) 36M->25M(112M) 97.371ms
[5.011s][info][gc,cpu         ] GC(20) User=0.09s Sys=0.00s Real=0.09s
[5.175s][info][gc,start       ] GC(21) Pause Young (Normal) (G1 Evacuation Pause)
[5.175s][info][gc,task        ] GC(21) Using 2 workers of 33 for evacuation
[5.187s][info][gc,phases      ] GC(21)   Pre Evacuate Collection Set: 0.1ms
[5.187s][info][gc,phases      ] GC(21)   Merge Heap Roots: 0.1ms
[5.187s][info][gc,phases      ] GC(21)   Evacuate Collection Set: 4.7ms
[5.187s][info][gc,phases      ] GC(21)   Post Evacuate Collection Set: 6.9ms
[5.187s][info][gc,phases      ] GC(21)   Other: 0.1ms
[5.187s][info][gc,heap        ] GC(21) Eden regions: 4->0(39)
[5.187s][info][gc,heap        ] GC(21) Survivor regions: 0->1(1)
[5.187s][info][gc,heap        ] GC(21) Old regions: 2->2
[5.187s][info][gc,heap        ] GC(21) Archive regions: 0->0
[5.187s][info][gc,heap        ] GC(21) Humongous regions: 0->0
[5.187s][info][gc,metaspace   ] GC(21) Metaspace: 11957K(12160K)->11957K(12160K) NonClass: 10329K(10432K)->10329K(10432K) Class: 1628K(1728K)->1628K(1728K)
[5.187s][info][gc             ] GC(21) Pause Young (Normal) (G1 Evacuation Pause) 89M->27M(1088M) 12.467ms
[5.187s][info][gc,cpu         ] GC(21) User=0.00s Sys=0.00s Real=0.00s
[5.348s][info][gc,start       ] GC(22) Pause Full (System.gc())
[5.348s][info][gc,task        ] GC(22) Using 6 workers of 33 for full compaction
[5.349s][info][gc,phases,start] GC(22) Phase 1: Mark live objects
[5.366s][info][gc,phases      ] GC(22) Phase 1: Mark live objects 17.866ms
[5.367s][info][gc,phases,start] GC(22) Phase 2: Prepare compaction
[5.375s][info][gc,phases      ] GC(22) Phase 2: Prepare compaction 8.611ms
[5.375s][info][gc,phases,start] GC(22) Phase 3: Adjust pointers
[5.387s][info][gc,phases      ] GC(22) Phase 3: Adjust pointers 12.028ms
[5.387s][info][gc,phases,start] GC(22) Phase 4: Compact heap
[5.392s][info][gc,phases      ] GC(22) Phase 4: Compact heap 5.134ms
[5.400s][info][gc,heap        ] GC(22) Eden regions: 4->0(6)
[5.400s][info][gc,heap        ] GC(22) Survivor regions: 1->0(1)
[5.400s][info][gc,heap        ] GC(22) Old regions: 2->3
[5.400s][info][gc,heap        ] GC(22) Archive regions: 0->0
[5.400s][info][gc,heap        ] GC(22) Humongous regions: 0->0
[5.400s][info][gc,metaspace   ] GC(22) Metaspace: 11957K(12160K)->11957K(12160K) NonClass: 10329K(10432K)->10329K(10432K) Class: 1628K(1728K)->1628K(1728K)
[5.400s][info][gc             ] GC(22) Pause Full (System.gc()) 84M->25M(160M) 51.988ms
[5.400s][info][gc,cpu         ] GC(22) User=0.13s Sys=0.00s Real=0.05s
[5.658s][info][gc,start       ] GC(23) Pause Young (Normal) (G1 Evacuation Pause)
[5.658s][info][gc,task        ] GC(23) Using 4 workers of 33 for evacuation
[5.660s][info][gc,phases      ] GC(23)   Pre Evacuate Collection Set: 0.1ms
[5.660s][info][gc,phases      ] GC(23)   Merge Heap Roots: 0.1ms
[5.660s][info][gc,phases      ] GC(23)   Evacuate Collection Set: 1.6ms
[5.660s][info][gc,phases      ] GC(23)   Post Evacuate Collection Set: 0.2ms
[5.660s][info][gc,phases      ] GC(23)   Other: 0.1ms
[5.660s][info][gc,heap        ] GC(23) Eden regions: 6->0(5)
[5.660s][info][gc,heap        ] GC(23) Survivor regions: 0->1(1)
[5.660s][info][gc,heap        ] GC(23) Old regions: 3->3
[5.660s][info][gc,heap        ] GC(23) Archive regions: 0->0
[5.660s][info][gc,heap        ] GC(23) Humongous regions: 0->0
[5.660s][info][gc,metaspace   ] GC(23) Metaspace: 11958K(12160K)->11958K(12160K) NonClass: 10329K(10432K)->10329K(10432K) Class: 1628K(1728K)->1628K(1728K)
[5.660s][info][gc             ] GC(23) Pause Young (Normal) (G1 Evacuation Pause) 121M->26M(160M) 2.624ms
[5.660s][info][gc,cpu         ] GC(23) User=0.00s Sys=0.00s Real=0.00s
[5.724s][info][gc,start       ] GC(24) Pause Full (System.gc())
[5.724s][info][gc,task        ] GC(24) Using 1 workers of 33 for full compaction
[5.724s][info][gc,phases,start] GC(24) Phase 1: Mark live objects
[5.778s][info][gc,phases      ] GC(24) Phase 1: Mark live objects 53.564ms
[5.778s][info][gc,phases,start] GC(24) Phase 2: Prepare compaction
[5.790s][info][gc,phases      ] GC(24) Phase 2: Prepare compaction 12.300ms
[5.790s][info][gc,phases,start] GC(24) Phase 3: Adjust pointers
[5.814s][info][gc,phases      ] GC(24) Phase 3: Adjust pointers 24.017ms
[5.814s][info][gc,phases,start] GC(24) Phase 4: Compact heap
[5.819s][info][gc,phases      ] GC(24) Phase 4: Compact heap 5.284ms
[5.821s][info][gc,heap        ] GC(24) Eden regions: 2->0(4)
[5.821s][info][gc,heap        ] GC(24) Survivor regions: 1->0(1)
[5.821s][info][gc,heap        ] GC(24) Old regions: 3->2
[5.821s][info][gc,heap        ] GC(24) Archive regions: 0->0
[5.821s][info][gc,heap        ] GC(24) Humongous regions: 0->0
[5.822s][info][gc,metaspace   ] GC(24) Metaspace: 11959K(12160K)->11959K(12160K) NonClass: 10330K(10432K)->10330K(10432K) Class: 1628K(1728K)->1628K(1728K)
[5.822s][info][gc             ] GC(24) Pause Full (System.gc()) 52M->25M(112M) 97.738ms
[5.822s][info][gc,cpu         ] GC(24) User=0.09s Sys=0.00s Real=0.10s
[5.988s][info][gc,start       ] GC(25) Pause Young (Normal) (G1 Evacuation Pause)
[5.988s][info][gc,task        ] GC(25) Using 2 workers of 33 for evacuation
[5.993s][info][gc,phases      ] GC(25)   Pre Evacuate Collection Set: 0.1ms
[5.993s][info][gc,phases      ] GC(25)   Merge Heap Roots: 0.1ms
[5.993s][info][gc,phases      ] GC(25)   Evacuate Collection Set: 4.7ms
[5.993s][info][gc,phases      ] GC(25)   Post Evacuate Collection Set: 0.2ms
[5.993s][info][gc,phases      ] GC(25)   Other: 0.1ms
[5.993s][info][gc,heap        ] GC(25) Eden regions: 4->0(3)
[5.993s][info][gc,heap        ] GC(25) Survivor regions: 0->1(1)
[5.993s][info][gc,heap        ] GC(25) Old regions: 2->2
[5.993s][info][gc,heap        ] GC(25) Archive regions: 0->0
[5.993s][info][gc,heap        ] GC(25) Humongous regions: 0->0
[5.993s][info][gc,metaspace   ] GC(25) Metaspace: 11959K(12160K)->11959K(12160K) NonClass: 10330K(10432K)->10330K(10432K) Class: 1628K(1728K)->1628K(1728K)
[5.993s][info][gc             ] GC(25) Pause Young (Normal) (G1 Evacuation Pause) 89M->27M(112M) 5.766ms
[5.993s][info][gc,cpu         ] GC(25) User=0.00s Sys=0.00s Real=0.00s
[6.104s][info][gc,start       ] GC(26) Pause Young (Normal) (G1 Evacuation Pause)
[6.104s][info][gc,task        ] GC(26) Using 2 workers of 33 for evacuation
[6.110s][info][gc,phases      ] GC(26)   Pre Evacuate Collection Set: 0.1ms
[6.111s][info][gc,phases      ] GC(26)   Merge Heap Roots: 0.1ms
[6.111s][info][gc,phases      ] GC(26)   Evacuate Collection Set: 6.2ms
[6.111s][info][gc,phases      ] GC(26)   Post Evacuate Collection Set: 0.2ms
[6.111s][info][gc,phases      ] GC(26)   Other: 0.1ms
[6.111s][info][gc,heap        ] GC(26) Eden regions: 3->0(3)
[6.111s][info][gc,heap        ] GC(26) Survivor regions: 1->1(1)
[6.111s][info][gc,heap        ] GC(26) Old regions: 2->2
[6.111s][info][gc,heap        ] GC(26) Archive regions: 0->0
[6.111s][info][gc,heap        ] GC(26) Humongous regions: 0->0
[6.111s][info][gc,metaspace   ] GC(26) Metaspace: 11959K(12160K)->11959K(12160K) NonClass: 10330K(10432K)->10330K(10432K) Class: 1628K(1728K)->1628K(1728K)
[6.111s][info][gc             ] GC(26) Pause Young (Normal) (G1 Evacuation Pause) 75M->27M(112M) 7.156ms
[6.111s][info][gc,cpu         ] GC(26) User=0.03s Sys=0.00s Real=0.02s
[6.142s][info][gc,start       ] GC(27) Pause Full (System.gc())
[6.142s][info][gc,task        ] GC(27) Using 1 workers of 33 for full compaction
[6.143s][info][gc,phases,start] GC(27) Phase 1: Mark live objects
[6.197s][info][gc,phases      ] GC(27) Phase 1: Mark live objects 54.474ms
[6.197s][info][gc,phases,start] GC(27) Phase 2: Prepare compaction
[6.212s][info][gc,phases      ] GC(27) Phase 2: Prepare compaction 14.496ms
[6.212s][info][gc,phases,start] GC(27) Phase 3: Adjust pointers
[6.225s][info][gc,phases      ] GC(27) Phase 3: Adjust pointers 13.313ms
[6.225s][info][gc,phases,start] GC(27) Phase 4: Compact heap
[6.230s][info][gc,phases      ] GC(27) Phase 4: Compact heap 4.987ms
[6.232s][info][gc,heap        ] GC(27) Eden regions: 1->0(4)
[6.232s][info][gc,heap        ] GC(27) Survivor regions: 1->0(1)
[6.232s][info][gc,heap        ] GC(27) Old regions: 2->2
[6.232s][info][gc,heap        ] GC(27) Archive regions: 0->0
[6.232s][info][gc,heap        ] GC(27) Humongous regions: 0->0
[6.232s][info][gc,metaspace   ] GC(27) Metaspace: 11959K(12160K)->11959K(12160K) NonClass: 10330K(10432K)->10330K(10432K) Class: 1628K(1728K)->1628K(1728K)
[6.232s][info][gc             ] GC(27) Pause Full (System.gc()) 37M->25M(112M) 89.813ms
[6.232s][info][gc,cpu         ] GC(27) User=0.08s Sys=0.00s Real=0.08s
[6.398s][info][gc,start       ] GC(28) Pause Young (Normal) (G1 Evacuation Pause)
[6.398s][info][gc,task        ] GC(28) Using 2 workers of 33 for evacuation
[6.410s][info][gc,phases      ] GC(28)   Pre Evacuate Collection Set: 0.1ms
[6.410s][info][gc,phases      ] GC(28)   Merge Heap Roots: 0.1ms
[6.410s][info][gc,phases      ] GC(28)   Evacuate Collection Set: 4.7ms
[6.410s][info][gc,phases      ] GC(28)   Post Evacuate Collection Set: 7.0ms
[6.410s][info][gc,phases      ] GC(28)   Other: 0.1ms
[6.411s][info][gc,heap        ] GC(28) Eden regions: 4->0(39)
[6.411s][info][gc,heap        ] GC(28) Survivor regions: 0->1(1)
[6.411s][info][gc,heap        ] GC(28) Old regions: 2->2
[6.411s][info][gc,heap        ] GC(28) Archive regions: 0->0
[6.411s][info][gc,heap        ] GC(28) Humongous regions: 0->0
[6.411s][info][gc,metaspace   ] GC(28) Metaspace: 11959K(12160K)->11959K(12160K) NonClass: 10330K(10432K)->10330K(10432K) Class: 1628K(1728K)->1628K(1728K)
[6.411s][info][gc             ] GC(28) Pause Young (Normal) (G1 Evacuation Pause) 89M->27M(1088M) 12.501ms
[6.411s][info][gc,cpu         ] GC(28) User=0.00s Sys=0.02s Real=0.01s
[6.571s][info][gc,start       ] GC(29) Pause Full (System.gc())
[6.571s][info][gc,task        ] GC(29) Using 6 workers of 33 for full compaction
[6.571s][info][gc,phases,start] GC(29) Phase 1: Mark live objects
[6.587s][info][gc,phases      ] GC(29) Phase 1: Mark live objects 15.982ms
[6.587s][info][gc,phases,start] GC(29) Phase 2: Prepare compaction
[6.593s][info][gc,phases      ] GC(29) Phase 2: Prepare compaction 5.825ms
[6.593s][info][gc,phases,start] GC(29) Phase 3: Adjust pointers
[6.607s][info][gc,phases      ] GC(29) Phase 3: Adjust pointers 14.032ms
[6.607s][info][gc,phases,start] GC(29) Phase 4: Compact heap
[6.611s][info][gc,phases      ] GC(29) Phase 4: Compact heap 3.888ms
[6.619s][info][gc,heap        ] GC(29) Eden regions: 4->0(6)
[6.619s][info][gc,heap        ] GC(29) Survivor regions: 1->0(1)
[6.619s][info][gc,heap        ] GC(29) Old regions: 2->3
[6.619s][info][gc,heap        ] GC(29) Archive regions: 0->0
[6.619s][info][gc,heap        ] GC(29) Humongous regions: 0->0
[6.619s][info][gc,metaspace   ] GC(29) Metaspace: 11959K(12160K)->11959K(12160K) NonClass: 10331K(10432K)->10331K(10432K) Class: 1628K(1728K)->1628K(1728K)
[6.619s][info][gc             ] GC(29) Pause Full (System.gc()) 84M->25M(160M) 48.016ms
[6.619s][info][gc,cpu         ] GC(29) User=0.14s Sys=0.00s Real=0.05s
[6.907s][info][gc,start       ] GC(30) Pause Young (Normal) (G1 Evacuation Pause)
[6.907s][info][gc,task        ] GC(30) Using 4 workers of 33 for evacuation
[6.909s][info][gc,phases      ] GC(30)   Pre Evacuate Collection Set: 0.1ms
[6.909s][info][gc,phases      ] GC(30)   Merge Heap Roots: 0.1ms
[6.909s][info][gc,phases      ] GC(30)   Evacuate Collection Set: 1.6ms
[6.909s][info][gc,phases      ] GC(30)   Post Evacuate Collection Set: 0.2ms
[6.909s][info][gc,phases      ] GC(30)   Other: 0.1ms
[6.909s][info][gc,heap        ] GC(30) Eden regions: 6->0(5)
[6.909s][info][gc,heap        ] GC(30) Survivor regions: 0->1(1)
[6.909s][info][gc,heap        ] GC(30) Old regions: 3->3
[6.909s][info][gc,heap        ] GC(30) Archive regions: 0->0
[6.909s][info][gc,heap        ] GC(30) Humongous regions: 0->0
[6.910s][info][gc,metaspace   ] GC(30) Metaspace: 11966K(12160K)->11966K(12160K) NonClass: 10337K(10432K)->10337K(10432K) Class: 1628K(1728K)->1628K(1728K)
[6.910s][info][gc             ] GC(30) Pause Young (Normal) (G1 Evacuation Pause) 121M->26M(160M) 2.640ms
[6.910s][info][gc,cpu         ] GC(30) User=0.00s Sys=0.00s Real=0.00s
[6.973s][info][gc,start       ] GC(31) Pause Full (System.gc())
[6.973s][info][gc,task        ] GC(31) Using 1 workers of 33 for full compaction
[6.973s][info][gc,phases,start] GC(31) Phase 1: Mark live objects
[7.024s][info][gc,phases      ] GC(31) Phase 1: Mark live objects 50.541ms
[7.024s][info][gc,phases,start] GC(31) Phase 2: Prepare compaction
[7.037s][info][gc,phases      ] GC(31) Phase 2: Prepare compaction 13.740ms
[7.037s][info][gc,phases,start] GC(31) Phase 3: Adjust pointers
[7.063s][info][gc,phases      ] GC(31) Phase 3: Adjust pointers 25.624ms
[7.063s][info][gc,phases,start] GC(31) Phase 4: Compact heap
[7.068s][info][gc,phases      ] GC(31) Phase 4: Compact heap 5.106ms
[7.070s][info][gc,heap        ] GC(31) Eden regions: 2->0(4)
[7.070s][info][gc,heap        ] GC(31) Survivor regions: 1->0(1)
[7.070s][info][gc,heap        ] GC(31) Old regions: 3->2
[7.070s][info][gc,heap        ] GC(31) Archive regions: 0->0
[7.070s][info][gc,heap        ] GC(31) Humongous regions: 0->0
[7.070s][info][gc,metaspace   ] GC(31) Metaspace: 11967K(12160K)->11967K(12160K) NonClass: 10338K(10432K)->10338K(10432K) Class: 1628K(1728K)->1628K(1728K)
[7.070s][info][gc             ] GC(31) Pause Full (System.gc()) 52M->25M(112M) 96.964ms
[7.070s][info][gc,cpu         ] GC(31) User=0.09s Sys=0.00s Real=0.09s
[7.247s][info][gc,start       ] GC(32) Pause Young (Normal) (G1 Evacuation Pause)
[7.247s][info][gc,task        ] GC(32) Using 2 workers of 33 for evacuation
[7.252s][info][gc,phases      ] GC(32)   Pre Evacuate Collection Set: 0.1ms
[7.252s][info][gc,phases      ] GC(32)   Merge Heap Roots: 0.1ms
[7.252s][info][gc,phases      ] GC(32)   Evacuate Collection Set: 4.8ms
[7.252s][info][gc,phases      ] GC(32)   Post Evacuate Collection Set: 0.2ms
[7.252s][info][gc,phases      ] GC(32)   Other: 0.1ms
[7.252s][info][gc,heap        ] GC(32) Eden regions: 4->0(3)
[7.252s][info][gc,heap        ] GC(32) Survivor regions: 0->1(1)
[7.252s][info][gc,heap        ] GC(32) Old regions: 2->2
[7.252s][info][gc,heap        ] GC(32) Archive regions: 0->0
[7.252s][info][gc,heap        ] GC(32) Humongous regions: 0->0
[7.252s][info][gc,metaspace   ] GC(32) Metaspace: 11970K(12160K)->11970K(12160K) NonClass: 10341K(10432K)->10341K(10432K) Class: 1628K(1728K)->1628K(1728K)
[7.252s][info][gc             ] GC(32) Pause Young (Normal) (G1 Evacuation Pause) 89M->27M(112M) 5.798ms
[7.252s][info][gc,cpu         ] GC(32) User=0.03s Sys=0.00s Real=0.02s
[7.376s][info][gc,start       ] GC(33) Pause Young (Normal) (G1 Evacuation Pause)
[7.376s][info][gc,task        ] GC(33) Using 2 workers of 33 for evacuation
[7.383s][info][gc,phases      ] GC(33)   Pre Evacuate Collection Set: 0.0ms
[7.383s][info][gc,phases      ] GC(33)   Merge Heap Roots: 0.1ms
[7.383s][info][gc,phases      ] GC(33)   Evacuate Collection Set: 6.3ms
[7.383s][info][gc,phases      ] GC(33)   Post Evacuate Collection Set: 0.2ms
[7.383s][info][gc,phases      ] GC(33)   Other: 0.1ms
[7.383s][info][gc,heap        ] GC(33) Eden regions: 3->0(3)
[7.383s][info][gc,heap        ] GC(33) Survivor regions: 1->1(1)
[7.383s][info][gc,heap        ] GC(33) Old regions: 2->2
[7.383s][info][gc,heap        ] GC(33) Archive regions: 0->0
[7.383s][info][gc,heap        ] GC(33) Humongous regions: 0->0
[7.383s][info][gc,metaspace   ] GC(33) Metaspace: 11970K(12160K)->11970K(12160K) NonClass: 10341K(10432K)->10341K(10432K) Class: 1628K(1728K)->1628K(1728K)
[7.384s][info][gc             ] GC(33) Pause Young (Normal) (G1 Evacuation Pause) 75M->27M(112M) 7.363ms
[7.384s][info][gc,cpu         ] GC(33) User=0.03s Sys=0.00s Real=0.01s
[7.429s][info][gc,start       ] GC(34) Pause Full (System.gc())
[7.429s][info][gc,task        ] GC(34) Using 1 workers of 33 for full compaction
[7.429s][info][gc,phases,start] GC(34) Phase 1: Mark live objects
[7.484s][info][gc,phases      ] GC(34) Phase 1: Mark live objects 54.739ms
[7.484s][info][gc,phases,start] GC(34) Phase 2: Prepare compaction
[7.498s][info][gc,phases      ] GC(34) Phase 2: Prepare compaction 14.075ms
[7.498s][info][gc,phases,start] GC(34) Phase 3: Adjust pointers
[7.521s][info][gc,phases      ] GC(34) Phase 3: Adjust pointers 23.269ms
[7.521s][info][gc,phases,start] GC(34) Phase 4: Compact heap
[7.526s][info][gc,phases      ] GC(34) Phase 4: Compact heap 5.092ms
[7.528s][info][gc,heap        ] GC(34) Eden regions: 1->0(4)
[7.528s][info][gc,heap        ] GC(34) Survivor regions: 1->0(1)
[7.528s][info][gc,heap        ] GC(34) Old regions: 2->2
[7.528s][info][gc,heap        ] GC(34) Archive regions: 0->0
[7.528s][info][gc,heap        ] GC(34) Humongous regions: 0->0
[7.528s][info][gc,metaspace   ] GC(34) Metaspace: 11972K(12224K)->11972K(12224K) NonClass: 10343K(10496K)->10343K(10496K) Class: 1628K(1728K)->1628K(1728K)
[7.528s][info][gc             ] GC(34) Pause Full (System.gc()) 37M->25M(112M) 99.752ms
[7.528s][info][gc,cpu         ] GC(34) User=0.09s Sys=0.00s Real=0.09s
[7.694s][info][gc,start       ] GC(35) Pause Young (Normal) (G1 Evacuation Pause)
[7.694s][info][gc,task        ] GC(35) Using 2 workers of 33 for evacuation
[7.706s][info][gc,phases      ] GC(35)   Pre Evacuate Collection Set: 0.1ms
[7.706s][info][gc,phases      ] GC(35)   Merge Heap Roots: 0.1ms
[7.706s][info][gc,phases      ] GC(35)   Evacuate Collection Set: 4.7ms
[7.706s][info][gc,phases      ] GC(35)   Post Evacuate Collection Set: 7.0ms
[7.706s][info][gc,phases      ] GC(35)   Other: 0.1ms
[7.706s][info][gc,heap        ] GC(35) Eden regions: 4->0(39)
[7.707s][info][gc,heap        ] GC(35) Survivor regions: 0->1(1)
[7.707s][info][gc,heap        ] GC(35) Old regions: 2->2
[7.707s][info][gc,heap        ] GC(35) Archive regions: 0->0
[7.707s][info][gc,heap        ] GC(35) Humongous regions: 0->0
[7.707s][info][gc,metaspace   ] GC(35) Metaspace: 11978K(12224K)->11978K(12224K) NonClass: 10349K(10496K)->10349K(10496K) Class: 1628K(1728K)->1628K(1728K)
[7.707s][info][gc             ] GC(35) Pause Young (Normal) (G1 Evacuation Pause) 89M->27M(1088M) 12.509ms
[7.707s][info][gc,cpu         ] GC(35) User=0.00s Sys=0.02s Real=0.02s
[7.868s][info][gc,start       ] GC(36) Pause Full (System.gc())
[7.868s][info][gc,task        ] GC(36) Using 6 workers of 33 for full compaction
[7.868s][info][gc,phases,start] GC(36) Phase 1: Mark live objects
[7.884s][info][gc,phases      ] GC(36) Phase 1: Mark live objects 16.026ms
[7.884s][info][gc,phases,start] GC(36) Phase 2: Prepare compaction
[7.890s][info][gc,phases      ] GC(36) Phase 2: Prepare compaction 6.216ms
[7.890s][info][gc,phases,start] GC(36) Phase 3: Adjust pointers
[7.906s][info][gc,phases      ] GC(36) Phase 3: Adjust pointers 15.223ms
[7.906s][info][gc,phases,start] GC(36) Phase 4: Compact heap
[7.909s][info][gc,phases      ] GC(36) Phase 4: Compact heap 3.796ms
[7.917s][info][gc,heap        ] GC(36) Eden regions: 4->0(6)
[7.917s][info][gc,heap        ] GC(36) Survivor regions: 1->0(1)
[7.917s][info][gc,heap        ] GC(36) Old regions: 2->3
[7.917s][info][gc,heap        ] GC(36) Archive regions: 0->0
[7.917s][info][gc,heap        ] GC(36) Humongous regions: 0->0
[7.917s][info][gc,metaspace   ] GC(36) Metaspace: 11978K(12224K)->11978K(12224K) NonClass: 10349K(10496K)->10349K(10496K) Class: 1628K(1728K)->1628K(1728K)
[7.917s][info][gc             ] GC(36) Pause Full (System.gc()) 84M->25M(160M) 49.556ms
[7.917s][info][gc,cpu         ] GC(36) User=0.14s Sys=0.00s Real=0.05s
[8.188s][info][gc,start       ] GC(37) Pause Young (Normal) (G1 Evacuation Pause)
[8.188s][info][gc,task        ] GC(37) Using 4 workers of 33 for evacuation
[8.190s][info][gc,phases      ] GC(37)   Pre Evacuate Collection Set: 0.1ms
[8.190s][info][gc,phases      ] GC(37)   Merge Heap Roots: 0.1ms
[8.190s][info][gc,phases      ] GC(37)   Evacuate Collection Set: 1.2ms
[8.190s][info][gc,phases      ] GC(37)   Post Evacuate Collection Set: 0.2ms
[8.190s][info][gc,phases      ] GC(37)   Other: 0.1ms
[8.190s][info][gc,heap        ] GC(37) Eden regions: 6->0(5)
[8.190s][info][gc,heap        ] GC(37) Survivor regions: 0->1(1)
[8.190s][info][gc,heap        ] GC(37) Old regions: 3->3
[8.190s][info][gc,heap        ] GC(37) Archive regions: 0->0
[8.190s][info][gc,heap        ] GC(37) Humongous regions: 0->0
[8.190s][info][gc,metaspace   ] GC(37) Metaspace: 11979K(12224K)->11979K(12224K) NonClass: 10350K(10496K)->10350K(10496K) Class: 1628K(1728K)->1628K(1728K)
[8.190s][info][gc             ] GC(37) Pause Young (Normal) (G1 Evacuation Pause) 121M->26M(160M) 2.288ms
[8.190s][info][gc,cpu         ] GC(37) User=0.06s Sys=0.00s Real=0.02s
[8.271s][info][gc,start       ] GC(38) Pause Full (System.gc())
[8.271s][info][gc,task        ] GC(38) Using 1 workers of 33 for full compaction
[8.271s][info][gc,phases,start] GC(38) Phase 1: Mark live objects
[8.326s][info][gc,phases      ] GC(38) Phase 1: Mark live objects 54.432ms
[8.326s][info][gc,phases,start] GC(38) Phase 2: Prepare compaction
[8.340s][info][gc,phases      ] GC(38) Phase 2: Prepare compaction 14.688ms
[8.340s][info][gc,phases,start] GC(38) Phase 3: Adjust pointers
[8.363s][info][gc,phases      ] GC(38) Phase 3: Adjust pointers 22.717ms
[8.363s][info][gc,phases,start] GC(38) Phase 4: Compact heap
[8.368s][info][gc,phases      ] GC(38) Phase 4: Compact heap 5.076ms
[8.370s][info][gc,heap        ] GC(38) Eden regions: 2->0(4)
[8.370s][info][gc,heap        ] GC(38) Survivor regions: 1->0(1)
[8.370s][info][gc,heap        ] GC(38) Old regions: 3->2
[8.370s][info][gc,heap        ] GC(38) Archive regions: 0->0
[8.370s][info][gc,heap        ] GC(38) Humongous regions: 0->0
[8.370s][info][gc,metaspace   ] GC(38) Metaspace: 11979K(12224K)->11979K(12224K) NonClass: 10350K(10496K)->10350K(10496K) Class: 1628K(1728K)->1628K(1728K)
[8.370s][info][gc             ] GC(38) Pause Full (System.gc()) 52M->25M(112M) 99.624ms
[8.371s][info][gc,cpu         ] GC(38) User=0.09s Sys=0.00s Real=0.09s
[8.534s][info][gc,start       ] GC(39) Pause Young (Normal) (G1 Evacuation Pause)
[8.534s][info][gc,task        ] GC(39) Using 2 workers of 33 for evacuation
[8.540s][info][gc,phases      ] GC(39)   Pre Evacuate Collection Set: 0.1ms
[8.540s][info][gc,phases      ] GC(39)   Merge Heap Roots: 0.1ms
[8.540s][info][gc,phases      ] GC(39)   Evacuate Collection Set: 4.7ms
[8.540s][info][gc,phases      ] GC(39)   Post Evacuate Collection Set: 0.2ms
[8.540s][info][gc,phases      ] GC(39)   Other: 0.1ms
[8.540s][info][gc,heap        ] GC(39) Eden regions: 4->0(3)
[8.540s][info][gc,heap        ] GC(39) Survivor regions: 0->1(1)
[8.540s][info][gc,heap        ] GC(39) Old regions: 2->2
[8.540s][info][gc,heap        ] GC(39) Archive regions: 0->0
[8.540s][info][gc,heap        ] GC(39) Humongous regions: 0->0
[8.540s][info][gc,metaspace   ] GC(39) Metaspace: 11979K(12224K)->11979K(12224K) NonClass: 10350K(10496K)->10350K(10496K) Class: 1628K(1728K)->1628K(1728K)
[8.540s][info][gc             ] GC(39) Pause Young (Normal) (G1 Evacuation Pause) 89M->27M(112M) 5.661ms
[8.540s][info][gc,cpu         ] GC(39) User=0.00s Sys=0.00s Real=0.00s
[8.652s][info][gc,start       ] GC(40) Pause Young (Normal) (G1 Evacuation Pause)
[8.652s][info][gc,task        ] GC(40) Using 2 workers of 33 for evacuation
[8.658s][info][gc,phases      ] GC(40)   Pre Evacuate Collection Set: 0.0ms
[8.658s][info][gc,phases      ] GC(40)   Merge Heap Roots: 0.1ms
[8.658s][info][gc,phases      ] GC(40)   Evacuate Collection Set: 6.2ms
[8.659s][info][gc,phases      ] GC(40)   Post Evacuate Collection Set: 0.2ms
[8.659s][info][gc,phases      ] GC(40)   Other: 0.1ms
[8.659s][info][gc,heap        ] GC(40) Eden regions: 3->0(3)
[8.659s][info][gc,heap        ] GC(40) Survivor regions: 1->1(1)
[8.659s][info][gc,heap        ] GC(40) Old regions: 2->2
[8.659s][info][gc,heap        ] GC(40) Archive regions: 0->0
[8.659s][info][gc,heap        ] GC(40) Humongous regions: 0->0
[8.659s][info][gc,metaspace   ] GC(40) Metaspace: 11979K(12224K)->11979K(12224K) NonClass: 10350K(10496K)->10350K(10496K) Class: 1628K(1728K)->1628K(1728K)
[8.659s][info][gc             ] GC(40) Pause Young (Normal) (G1 Evacuation Pause) 75M->27M(112M) 7.152ms
[8.659s][info][gc,cpu         ] GC(40) User=0.03s Sys=0.00s Real=0.02s
[8.691s][info][gc,start       ] GC(41) Pause Full (System.gc())
[8.691s][info][gc,task        ] GC(41) Using 1 workers of 33 for full compaction
[8.691s][info][gc,phases,start] GC(41) Phase 1: Mark live objects
[8.738s][info][gc,phases      ] GC(41) Phase 1: Mark live objects 46.301ms
[8.738s][info][gc,phases,start] GC(41) Phase 2: Prepare compaction
[8.752s][info][gc,phases      ] GC(41) Phase 2: Prepare compaction 14.747ms
[8.752s][info][gc,phases,start] GC(41) Phase 3: Adjust pointers
[8.775s][info][gc,phases      ] GC(41) Phase 3: Adjust pointers 22.474ms
[8.775s][info][gc,phases,start] GC(41) Phase 4: Compact heap
[8.780s][info][gc,phases      ] GC(41) Phase 4: Compact heap 5.054ms
[8.782s][info][gc,heap        ] GC(41) Eden regions: 1->0(4)
[8.782s][info][gc,heap        ] GC(41) Survivor regions: 1->0(1)
[8.782s][info][gc,heap        ] GC(41) Old regions: 2->2
[8.782s][info][gc,heap        ] GC(41) Archive regions: 0->0
[8.782s][info][gc,heap        ] GC(41) Humongous regions: 0->0
[8.782s][info][gc,metaspace   ] GC(41) Metaspace: 11979K(12224K)->11979K(12224K) NonClass: 10350K(10496K)->10350K(10496K) Class: 1628K(1728K)->1628K(1728K)
[8.782s][info][gc             ] GC(41) Pause Full (System.gc()) 37M->25M(112M) 91.176ms
[8.782s][info][gc,cpu         ] GC(41) User=0.08s Sys=0.00s Real=0.08s
[8.944s][info][gc,start       ] GC(42) Pause Young (Normal) (G1 Evacuation Pause)
[8.945s][info][gc,task        ] GC(42) Using 2 workers of 33 for evacuation
[8.957s][info][gc,phases      ] GC(42)   Pre Evacuate Collection Set: 0.1ms
[8.957s][info][gc,phases      ] GC(42)   Merge Heap Roots: 0.1ms
[8.957s][info][gc,phases      ] GC(42)   Evacuate Collection Set: 4.7ms
[8.957s][info][gc,phases      ] GC(42)   Post Evacuate Collection Set: 7.0ms
[8.957s][info][gc,phases      ] GC(42)   Other: 0.1ms
[8.957s][info][gc,heap        ] GC(42) Eden regions: 4->0(39)
[8.957s][info][gc,heap        ] GC(42) Survivor regions: 0->1(1)
[8.957s][info][gc,heap        ] GC(42) Old regions: 2->2
[8.957s][info][gc,heap        ] GC(42) Archive regions: 0->0
[8.957s][info][gc,heap        ] GC(42) Humongous regions: 0->0
[8.957s][info][gc,metaspace   ] GC(42) Metaspace: 11979K(12224K)->11979K(12224K) NonClass: 10351K(10496K)->10351K(10496K) Class: 1628K(1728K)->1628K(1728K)
[8.957s][info][gc             ] GC(42) Pause Young (Normal) (G1 Evacuation Pause) 89M->27M(1088M) 12.445ms
[8.957s][info][gc,cpu         ] GC(42) User=0.00s Sys=0.02s Real=0.01s
[9.123s][info][gc,start       ] GC(43) Pause Full (System.gc())
[9.123s][info][gc,task        ] GC(43) Using 6 workers of 33 for full compaction
[9.124s][info][gc,phases,start] GC(43) Phase 1: Mark live objects
[9.139s][info][gc,phases      ] GC(43) Phase 1: Mark live objects 15.226ms
[9.139s][info][gc,phases,start] GC(43) Phase 2: Prepare compaction
[9.145s][info][gc,phases      ] GC(43) Phase 2: Prepare compaction 6.056ms
[9.145s][info][gc,phases,start] GC(43) Phase 3: Adjust pointers
[9.157s][info][gc,phases      ] GC(43) Phase 3: Adjust pointers 11.429ms
[9.157s][info][gc,phases,start] GC(43) Phase 4: Compact heap
[9.161s][info][gc,phases      ] GC(43) Phase 4: Compact heap 4.676ms
[9.168s][info][gc,heap        ] GC(43) Eden regions: 4->0(6)
[9.168s][info][gc,heap        ] GC(43) Survivor regions: 1->0(1)
[9.168s][info][gc,heap        ] GC(43) Old regions: 2->3
[9.168s][info][gc,heap        ] GC(43) Archive regions: 0->0
[9.168s][info][gc,heap        ] GC(43) Humongous regions: 0->0
[9.168s][info][gc,metaspace   ] GC(43) Metaspace: 11979K(12224K)->11979K(12224K) NonClass: 10351K(10496K)->10351K(10496K) Class: 1628K(1728K)->1628K(1728K)
[9.168s][info][gc             ] GC(43) Pause Full (System.gc()) 84M->25M(160M) 45.212ms
[9.169s][info][gc,cpu         ] GC(43) User=0.14s Sys=0.00s Real=0.05s
[9.425s][info][gc,start       ] GC(44) Pause Young (Normal) (G1 Evacuation Pause)
[9.425s][info][gc,task        ] GC(44) Using 4 workers of 33 for evacuation
[9.427s][info][gc,phases      ] GC(44)   Pre Evacuate Collection Set: 0.1ms
[9.427s][info][gc,phases      ] GC(44)   Merge Heap Roots: 0.1ms
[9.427s][info][gc,phases      ] GC(44)   Evacuate Collection Set: 1.6ms
[9.427s][info][gc,phases      ] GC(44)   Post Evacuate Collection Set: 0.2ms
[9.427s][info][gc,phases      ] GC(44)   Other: 0.1ms
[9.427s][info][gc,heap        ] GC(44) Eden regions: 6->0(5)
[9.427s][info][gc,heap        ] GC(44) Survivor regions: 0->1(1)
[9.427s][info][gc,heap        ] GC(44) Old regions: 3->3
[9.427s][info][gc,heap        ] GC(44) Archive regions: 0->0
[9.427s][info][gc,heap        ] GC(44) Humongous regions: 0->0
[9.427s][info][gc,metaspace   ] GC(44) Metaspace: 11979K(12224K)->11979K(12224K) NonClass: 10351K(10496K)->10351K(10496K) Class: 1628K(1728K)->1628K(1728K)
[9.427s][info][gc             ] GC(44) Pause Young (Normal) (G1 Evacuation Pause) 121M->26M(160M) 2.583ms
[9.428s][info][gc,cpu         ] GC(44) User=0.00s Sys=0.00s Real=0.00s
[9.491s][info][gc,start       ] GC(45) Pause Full (System.gc())
[9.491s][info][gc,task        ] GC(45) Using 1 workers of 33 for full compaction
[9.491s][info][gc,phases,start] GC(45) Phase 1: Mark live objects
[9.545s][info][gc,phases      ] GC(45) Phase 1: Mark live objects 53.806ms
[9.545s][info][gc,phases,start] GC(45) Phase 2: Prepare compaction
[9.559s][info][gc,phases      ] GC(45) Phase 2: Prepare compaction 13.803ms
[9.559s][info][gc,phases,start] GC(45) Phase 3: Adjust pointers
[9.583s][info][gc,phases      ] GC(45) Phase 3: Adjust pointers 24.021ms
[9.583s][info][gc,phases,start] GC(45) Phase 4: Compact heap
[9.588s][info][gc,phases      ] GC(45) Phase 4: Compact heap 5.102ms
[9.590s][info][gc,heap        ] GC(45) Eden regions: 2->0(4)
[9.590s][info][gc,heap        ] GC(45) Survivor regions: 1->0(1)
[9.590s][info][gc,heap        ] GC(45) Old regions: 3->2
[9.590s][info][gc,heap        ] GC(45) Archive regions: 0->0
[9.590s][info][gc,heap        ] GC(45) Humongous regions: 0->0
[9.590s][info][gc,metaspace   ] GC(45) Metaspace: 11979K(12224K)->11979K(12224K) NonClass: 10351K(10496K)->10351K(10496K) Class: 1628K(1728K)->1628K(1728K)
[9.591s][info][gc             ] GC(45) Pause Full (System.gc()) 52M->25M(112M) 99.320ms
[9.591s][info][gc,cpu         ] GC(45) User=0.09s Sys=0.00s Real=0.10s
[9.755s][info][gc,start       ] GC(46) Pause Young (Normal) (G1 Evacuation Pause)
[9.755s][info][gc,task        ] GC(46) Using 2 workers of 33 for evacuation
[9.760s][info][gc,phases      ] GC(46)   Pre Evacuate Collection Set: 0.1ms
[9.760s][info][gc,phases      ] GC(46)   Merge Heap Roots: 0.1ms
[9.760s][info][gc,phases      ] GC(46)   Evacuate Collection Set: 4.7ms
[9.760s][info][gc,phases      ] GC(46)   Post Evacuate Collection Set: 0.2ms
[9.760s][info][gc,phases      ] GC(46)   Other: 0.1ms
[9.761s][info][gc,heap        ] GC(46) Eden regions: 4->0(3)
[9.761s][info][gc,heap        ] GC(46) Survivor regions: 0->1(1)
[9.761s][info][gc,heap        ] GC(46) Old regions: 2->2
[9.761s][info][gc,heap        ] GC(46) Archive regions: 0->0
[9.761s][info][gc,heap        ] GC(46) Humongous regions: 0->0
[9.761s][info][gc,metaspace   ] GC(46) Metaspace: 11979K(12224K)->11979K(12224K) NonClass: 10351K(10496K)->10351K(10496K) Class: 1628K(1728K)->1628K(1728K)
[9.761s][info][gc             ] GC(46) Pause Young (Normal) (G1 Evacuation Pause) 89M->27M(112M) 5.616ms
[9.761s][info][gc,cpu         ] GC(46) User=0.00s Sys=0.00s Real=0.00s
[9.869s][info][gc,start       ] GC(47) Pause Young (Normal) (G1 Evacuation Pause)
[9.869s][info][gc,task        ] GC(47) Using 2 workers of 33 for evacuation
[9.876s][info][gc,phases      ] GC(47)   Pre Evacuate Collection Set: 0.0ms
[9.876s][info][gc,phases      ] GC(47)   Merge Heap Roots: 0.1ms
[9.876s][info][gc,phases      ] GC(47)   Evacuate Collection Set: 6.2ms
[9.876s][info][gc,phases      ] GC(47)   Post Evacuate Collection Set: 0.2ms
[9.876s][info][gc,phases      ] GC(47)   Other: 0.1ms
[9.876s][info][gc,heap        ] GC(47) Eden regions: 3->0(3)
[9.876s][info][gc,heap        ] GC(47) Survivor regions: 1->1(1)
[9.876s][info][gc,heap        ] GC(47) Old regions: 2->2
[9.876s][info][gc,heap        ] GC(47) Archive regions: 0->0
[9.876s][info][gc,heap        ] GC(47) Humongous regions: 0->0
[9.876s][info][gc,metaspace   ] GC(47) Metaspace: 11980K(12224K)->11980K(12224K) NonClass: 10351K(10496K)->10351K(10496K) Class: 1628K(1728K)->1628K(1728K)
[9.876s][info][gc             ] GC(47) Pause Young (Normal) (G1 Evacuation Pause) 75M->27M(112M) 7.072ms
[9.876s][info][gc,cpu         ] GC(47) User=0.00s Sys=0.00s Real=0.00s
[9.909s][info][gc,start       ] GC(48) Pause Full (System.gc())
[9.909s][info][gc,task        ] GC(48) Using 1 workers of 33 for full compaction
[9.909s][info][gc,phases,start] GC(48) Phase 1: Mark live objects
[9.961s][info][gc,phases      ] GC(48) Phase 1: Mark live objects 52.463ms
[9.961s][info][gc,phases,start] GC(48) Phase 2: Prepare compaction
[9.976s][info][gc,phases      ] GC(48) Phase 2: Prepare compaction 14.776ms
[9.976s][info][gc,phases,start] GC(48) Phase 3: Adjust pointers
[9.998s][info][gc,phases      ] GC(48) Phase 3: Adjust pointers 22.121ms
[9.998s][info][gc,phases,start] GC(48) Phase 4: Compact heap
[10.003s][info][gc,phases      ] GC(48) Phase 4: Compact heap 5.051ms
[10.005s][info][gc,heap        ] GC(48) Eden regions: 1->0(4)
[10.005s][info][gc,heap        ] GC(48) Survivor regions: 1->0(1)
[10.005s][info][gc,heap        ] GC(48) Old regions: 2->2
[10.005s][info][gc,heap        ] GC(48) Archive regions: 0->0
[10.006s][info][gc,heap        ] GC(48) Humongous regions: 0->0
[10.006s][info][gc,metaspace   ] GC(48) Metaspace: 11981K(12224K)->11981K(12224K) NonClass: 10352K(10496K)->10352K(10496K) Class: 1628K(1728K)->1628K(1728K)
[10.006s][info][gc             ] GC(48) Pause Full (System.gc()) 37M->25M(112M) 97.118ms
[10.006s][info][gc,cpu         ] GC(48) User=0.11s Sys=0.00s Real=0.11s
[10.169s][info][gc,start       ] GC(49) Pause Young (Normal) (G1 Evacuation Pause)
[10.169s][info][gc,task        ] GC(49) Using 2 workers of 33 for evacuation
[10.181s][info][gc,phases      ] GC(49)   Pre Evacuate Collection Set: 0.1ms
[10.181s][info][gc,phases      ] GC(49)   Merge Heap Roots: 0.1ms
[10.181s][info][gc,phases      ] GC(49)   Evacuate Collection Set: 4.7ms
[10.181s][info][gc,phases      ] GC(49)   Post Evacuate Collection Set: 7.0ms
[10.181s][info][gc,phases      ] GC(49)   Other: 0.1ms
[10.181s][info][gc,heap        ] GC(49) Eden regions: 4->0(39)
[10.181s][info][gc,heap        ] GC(49) Survivor regions: 0->1(1)
[10.181s][info][gc,heap        ] GC(49) Old regions: 2->2
[10.181s][info][gc,heap        ] GC(49) Archive regions: 0->0
[10.181s][info][gc,heap        ] GC(49) Humongous regions: 0->0
[10.181s][info][gc,metaspace   ] GC(49) Metaspace: 11981K(12224K)->11981K(12224K) NonClass: 10352K(10496K)->10352K(10496K) Class: 1628K(1728K)->1628K(1728K)
[10.181s][info][gc             ] GC(49) Pause Young (Normal) (G1 Evacuation Pause) 89M->27M(1088M) 12.503ms
[10.181s][info][gc,cpu         ] GC(49) User=0.00s Sys=0.02s Real=0.02s
[10.343s][info][gc,start       ] GC(50) Pause Full (System.gc())
[10.343s][info][gc,task        ] GC(50) Using 6 workers of 33 for full compaction
[10.343s][info][gc,phases,start] GC(50) Phase 1: Mark live objects
[10.361s][info][gc,phases      ] GC(50) Phase 1: Mark live objects 17.727ms
[10.361s][info][gc,phases,start] GC(50) Phase 2: Prepare compaction
[10.367s][info][gc,phases      ] GC(50) Phase 2: Prepare compaction 5.885ms
[10.367s][info][gc,phases,start] GC(50) Phase 3: Adjust pointers
[10.381s][info][gc,phases      ] GC(50) Phase 3: Adjust pointers 14.519ms
[10.381s][info][gc,phases,start] GC(50) Phase 4: Compact heap
[10.387s][info][gc,phases      ] GC(50) Phase 4: Compact heap 5.113ms
[10.394s][info][gc,heap        ] GC(50) Eden regions: 4->0(6)
[10.394s][info][gc,heap        ] GC(50) Survivor regions: 1->0(1)
[10.394s][info][gc,heap        ] GC(50) Old regions: 2->3
[10.394s][info][gc,heap        ] GC(50) Archive regions: 0->0
[10.394s][info][gc,heap        ] GC(50) Humongous regions: 0->0
[10.394s][info][gc,metaspace   ] GC(50) Metaspace: 11981K(12224K)->11981K(12224K) NonClass: 10352K(10496K)->10352K(10496K) Class: 1628K(1728K)->1628K(1728K)
[10.394s][info][gc             ] GC(50) Pause Full (System.gc()) 84M->25M(160M) 51.341ms
[10.394s][info][gc,cpu         ] GC(50) User=0.16s Sys=0.00s Real=0.05s
[10.669s][info][gc,start       ] GC(51) Pause Young (Normal) (G1 Evacuation Pause)
[10.669s][info][gc,task        ] GC(51) Using 4 workers of 33 for evacuation
[10.671s][info][gc,phases      ] GC(51)   Pre Evacuate Collection Set: 0.1ms
[10.671s][info][gc,phases      ] GC(51)   Merge Heap Roots: 0.1ms
[10.671s][info][gc,phases      ] GC(51)   Evacuate Collection Set: 1.2ms
[10.671s][info][gc,phases      ] GC(51)   Post Evacuate Collection Set: 0.2ms
[10.671s][info][gc,phases      ] GC(51)   Other: 0.1ms
[10.671s][info][gc,heap        ] GC(51) Eden regions: 6->0(5)
[10.671s][info][gc,heap        ] GC(51) Survivor regions: 0->1(1)
[10.671s][info][gc,heap        ] GC(51) Old regions: 3->3
[10.671s][info][gc,heap        ] GC(51) Archive regions: 0->0
[10.671s][info][gc,heap        ] GC(51) Humongous regions: 0->0
[10.671s][info][gc,metaspace   ] GC(51) Metaspace: 12007K(12224K)->12007K(12224K) NonClass: 10378K(10496K)->10378K(10496K) Class: 1628K(1728K)->1628K(1728K)
[10.671s][info][gc             ] GC(51) Pause Young (Normal) (G1 Evacuation Pause) 121M->26M(160M) 2.224ms
[10.671s][info][gc,cpu         ] GC(51) User=0.00s Sys=0.00s Real=0.00s
[10.748s][info][gc,start       ] GC(52) Pause Full (System.gc())
[10.748s][info][gc,task        ] GC(52) Using 1 workers of 33 for full compaction
[10.748s][info][gc,phases,start] GC(52) Phase 1: Mark live objects
[10.802s][info][gc,phases      ] GC(52) Phase 1: Mark live objects 53.466ms
[10.802s][info][gc,phases,start] GC(52) Phase 2: Prepare compaction
[10.816s][info][gc,phases      ] GC(52) Phase 2: Prepare compaction 13.819ms
[10.816s][info][gc,phases,start] GC(52) Phase 3: Adjust pointers
[10.840s][info][gc,phases      ] GC(52) Phase 3: Adjust pointers 24.015ms
[10.840s][info][gc,phases,start] GC(52) Phase 4: Compact heap
[10.844s][info][gc,phases      ] GC(52) Phase 4: Compact heap 4.626ms
[10.846s][info][gc,heap        ] GC(52) Eden regions: 2->0(4)
[10.846s][info][gc,heap        ] GC(52) Survivor regions: 1->0(1)
[10.846s][info][gc,heap        ] GC(52) Old regions: 3->2
[10.846s][info][gc,heap        ] GC(52) Archive regions: 0->0
[10.846s][info][gc,heap        ] GC(52) Humongous regions: 0->0
[10.846s][info][gc,metaspace   ] GC(52) Metaspace: 12008K(12224K)->12008K(12224K) NonClass: 10379K(10496K)->10379K(10496K) Class: 1628K(1728K)->1628K(1728K)
[10.847s][info][gc             ] GC(52) Pause Full (System.gc()) 52M->25M(112M) 98.689ms
[10.847s][info][gc,cpu         ] GC(52) User=0.11s Sys=0.00s Real=0.11s
[11.012s][info][gc,start       ] GC(53) Pause Young (Normal) (G1 Evacuation Pause)
[11.012s][info][gc,task        ] GC(53) Using 2 workers of 33 for evacuation
[11.017s][info][gc,phases      ] GC(53)   Pre Evacuate Collection Set: 0.1ms
[11.017s][info][gc,phases      ] GC(53)   Merge Heap Roots: 0.1ms
[11.017s][info][gc,phases      ] GC(53)   Evacuate Collection Set: 4.8ms
[11.017s][info][gc,phases      ] GC(53)   Post Evacuate Collection Set: 0.2ms
[11.017s][info][gc,phases      ] GC(53)   Other: 0.1ms
[11.018s][info][gc,heap        ] GC(53) Eden regions: 4->0(3)
[11.018s][info][gc,heap        ] GC(53) Survivor regions: 0->1(1)
[11.018s][info][gc,heap        ] GC(53) Old regions: 2->2
[11.018s][info][gc,heap        ] GC(53) Archive regions: 0->0
[11.018s][info][gc,heap        ] GC(53) Humongous regions: 0->0
[11.018s][info][gc,metaspace   ] GC(53) Metaspace: 12008K(12224K)->12008K(12224K) NonClass: 10379K(10496K)->10379K(10496K) Class: 1628K(1728K)->1628K(1728K)
[11.018s][info][gc             ] GC(53) Pause Young (Normal) (G1 Evacuation Pause) 89M->27M(112M) 5.719ms
[11.018s][info][gc,cpu         ] GC(53) User=0.03s Sys=0.00s Real=0.02s
[11.128s][info][gc,start       ] GC(54) Pause Young (Normal) (G1 Evacuation Pause)
[11.128s][info][gc,task        ] GC(54) Using 2 workers of 33 for evacuation
[11.135s][info][gc,phases      ] GC(54)   Pre Evacuate Collection Set: 0.0ms
[11.135s][info][gc,phases      ] GC(54)   Merge Heap Roots: 0.1ms
[11.135s][info][gc,phases      ] GC(54)   Evacuate Collection Set: 6.2ms
[11.135s][info][gc,phases      ] GC(54)   Post Evacuate Collection Set: 0.2ms
[11.135s][info][gc,phases      ] GC(54)   Other: 0.1ms
[11.135s][info][gc,heap        ] GC(54) Eden regions: 3->0(3)
[11.135s][info][gc,heap        ] GC(54) Survivor regions: 1->1(1)
[11.135s][info][gc,heap        ] GC(54) Old regions: 2->2
[11.135s][info][gc,heap        ] GC(54) Archive regions: 0->0
[11.135s][info][gc,heap        ] GC(54) Humongous regions: 0->0
[11.135s][info][gc,metaspace   ] GC(54) Metaspace: 12008K(12224K)->12008K(12224K) NonClass: 10379K(10496K)->10379K(10496K) Class: 1628K(1728K)->1628K(1728K)
[11.135s][info][gc             ] GC(54) Pause Young (Normal) (G1 Evacuation Pause) 75M->27M(112M) 7.043ms
[11.135s][info][gc,cpu         ] GC(54) User=0.00s Sys=0.00s Real=0.00s
[11.167s][info][gc,start       ] GC(55) Pause Full (System.gc())
[11.167s][info][gc,task        ] GC(55) Using 1 workers of 33 for full compaction
[11.167s][info][gc,phases,start] GC(55) Phase 1: Mark live objects
[11.222s][info][gc,phases      ] GC(55) Phase 1: Mark live objects 54.947ms
[11.222s][info][gc,phases,start] GC(55) Phase 2: Prepare compaction
[11.236s][info][gc,phases      ] GC(55) Phase 2: Prepare compaction 14.270ms
[11.236s][info][gc,phases,start] GC(55) Phase 3: Adjust pointers
[11.260s][info][gc,phases      ] GC(55) Phase 3: Adjust pointers 23.421ms
[11.260s][info][gc,phases,start] GC(55) Phase 4: Compact heap
[11.265s][info][gc,phases      ] GC(55) Phase 4: Compact heap 5.045ms
[11.267s][info][gc,heap        ] GC(55) Eden regions: 1->0(4)
[11.267s][info][gc,heap        ] GC(55) Survivor regions: 1->0(1)
[11.267s][info][gc,heap        ] GC(55) Old regions: 2->2
[11.267s][info][gc,heap        ] GC(55) Archive regions: 0->0
[11.267s][info][gc,heap        ] GC(55) Humongous regions: 0->0
[11.267s][info][gc,metaspace   ] GC(55) Metaspace: 12008K(12224K)->12008K(12224K) NonClass: 10379K(10496K)->10379K(10496K) Class: 1628K(1728K)->1628K(1728K)
[11.267s][info][gc             ] GC(55) Pause Full (System.gc()) 37M->25M(112M) 100.281ms
[11.267s][info][gc,cpu         ] GC(55) User=0.11s Sys=0.00s Real=0.11s
[11.450s][info][gc,start       ] GC(56) Pause Young (Normal) (G1 Evacuation Pause)
[11.450s][info][gc,task        ] GC(56) Using 2 workers of 33 for evacuation
[11.460s][info][gc,phases      ] GC(56)   Pre Evacuate Collection Set: 0.1ms
[11.460s][info][gc,phases      ] GC(56)   Merge Heap Roots: 0.1ms
[11.460s][info][gc,phases      ] GC(56)   Evacuate Collection Set: 3.0ms
[11.460s][info][gc,phases      ] GC(56)   Post Evacuate Collection Set: 6.9ms
[11.460s][info][gc,phases      ] GC(56)   Other: 0.1ms
[11.461s][info][gc,heap        ] GC(56) Eden regions: 4->0(39)
[11.461s][info][gc,heap        ] GC(56) Survivor regions: 0->1(1)
[11.461s][info][gc,heap        ] GC(56) Old regions: 2->2
[11.461s][info][gc,heap        ] GC(56) Archive regions: 0->0
[11.461s][info][gc,heap        ] GC(56) Humongous regions: 0->0
[11.461s][info][gc,metaspace   ] GC(56) Metaspace: 12008K(12224K)->12008K(12224K) NonClass: 10379K(10496K)->10379K(10496K) Class: 1628K(1728K)->1628K(1728K)
[11.461s][info][gc             ] GC(56) Pause Young (Normal) (G1 Evacuation Pause) 89M->27M(1088M) 10.680ms
[11.461s][info][gc,cpu         ] GC(56) User=0.03s Sys=0.00s Real=0.02s
[11.635s][info][gc,start       ] GC(57) Pause Full (System.gc())
[11.635s][info][gc,task        ] GC(57) Using 6 workers of 33 for full compaction
[11.635s][info][gc,phases,start] GC(57) Phase 1: Mark live objects
[11.651s][info][gc,phases      ] GC(57) Phase 1: Mark live objects 15.808ms
[11.651s][info][gc,phases,start] GC(57) Phase 2: Prepare compaction
[11.657s][info][gc,phases      ] GC(57) Phase 2: Prepare compaction 5.872ms
[11.657s][info][gc,phases,start] GC(57) Phase 3: Adjust pointers
[11.671s][info][gc,phases      ] GC(57) Phase 3: Adjust pointers 14.081ms
[11.671s][info][gc,phases,start] GC(57) Phase 4: Compact heap
[11.676s][info][gc,phases      ] GC(57) Phase 4: Compact heap 5.048ms
[11.683s][info][gc,heap        ] GC(57) Eden regions: 4->0(6)
[11.683s][info][gc,heap        ] GC(57) Survivor regions: 1->0(1)
[11.683s][info][gc,heap        ] GC(57) Old regions: 2->3
[11.683s][info][gc,heap        ] GC(57) Archive regions: 0->0
[11.683s][info][gc,heap        ] GC(57) Humongous regions: 0->0
[11.683s][info][gc,metaspace   ] GC(57) Metaspace: 12009K(12224K)->12009K(12224K) NonClass: 10380K(10496K)->10380K(10496K) Class: 1628K(1728K)->1628K(1728K)
[11.683s][info][gc             ] GC(57) Pause Full (System.gc()) 84M->25M(160M) 48.745ms
[11.683s][info][gc,cpu         ] GC(57) User=0.13s Sys=0.00s Real=0.05s
[11.938s][info][gc,start       ] GC(58) Pause Young (Normal) (G1 Evacuation Pause)
[11.939s][info][gc,task        ] GC(58) Using 4 workers of 33 for evacuation
[11.940s][info][gc,phases      ] GC(58)   Pre Evacuate Collection Set: 0.1ms
[11.940s][info][gc,phases      ] GC(58)   Merge Heap Roots: 0.1ms
[11.940s][info][gc,phases      ] GC(58)   Evacuate Collection Set: 1.3ms
[11.940s][info][gc,phases      ] GC(58)   Post Evacuate Collection Set: 0.2ms
[11.940s][info][gc,phases      ] GC(58)   Other: 0.1ms
[11.941s][info][gc,heap        ] GC(58) Eden regions: 6->0(5)
[11.941s][info][gc,heap        ] GC(58) Survivor regions: 0->1(1)
[11.941s][info][gc,heap        ] GC(58) Old regions: 3->3
[11.941s][info][gc,heap        ] GC(58) Archive regions: 0->0
[11.941s][info][gc,heap        ] GC(58) Humongous regions: 0->0
[11.941s][info][gc,metaspace   ] GC(58) Metaspace: 12021K(12224K)->12021K(12224K) NonClass: 10392K(10496K)->10392K(10496K) Class: 1628K(1728K)->1628K(1728K)
[11.941s][info][gc             ] GC(58) Pause Young (Normal) (G1 Evacuation Pause) 121M->26M(160M) 2.445ms
[11.941s][info][gc,cpu         ] GC(58) User=0.00s Sys=0.00s Real=0.00s
[12.004s][info][gc,start       ] GC(59) Pause Full (System.gc())
[12.004s][info][gc,task        ] GC(59) Using 1 workers of 33 for full compaction
[12.004s][info][gc,phases,start] GC(59) Phase 1: Mark live objects
[12.058s][info][gc,phases      ] GC(59) Phase 1: Mark live objects 53.206ms
[12.058s][info][gc,phases,start] GC(59) Phase 2: Prepare compaction
[12.071s][info][gc,phases      ] GC(59) Phase 2: Prepare compaction 13.705ms
[12.071s][info][gc,phases,start] GC(59) Phase 3: Adjust pointers
[12.095s][info][gc,phases      ] GC(59) Phase 3: Adjust pointers 23.921ms
[12.095s][info][gc,phases,start] GC(59) Phase 4: Compact heap
[12.101s][info][gc,phases      ] GC(59) Phase 4: Compact heap 5.207ms
[12.103s][info][gc,heap        ] GC(59) Eden regions: 2->0(4)
[12.103s][info][gc,heap        ] GC(59) Survivor regions: 1->0(1)
[12.103s][info][gc,heap        ] GC(59) Old regions: 3->2
[12.103s][info][gc,heap        ] GC(59) Archive regions: 0->0
[12.103s][info][gc,heap        ] GC(59) Humongous regions: 0->0
[12.103s][info][gc,metaspace   ] GC(59) Metaspace: 12021K(12224K)->12021K(12224K) NonClass: 10392K(10496K)->10392K(10496K) Class: 1628K(1728K)->1628K(1728K)
[12.103s][info][gc             ] GC(59) Pause Full (System.gc()) 52M->25M(112M) 98.725ms
[12.103s][info][gc,cpu         ] GC(59) User=0.11s Sys=0.00s Real=0.11s
[12.284s][info][gc,start       ] GC(60) Pause Young (Normal) (G1 Evacuation Pause)
[12.284s][info][gc,task        ] GC(60) Using 2 workers of 33 for evacuation
[12.287s][info][gc,phases      ] GC(60)   Pre Evacuate Collection Set: 0.1ms
[12.287s][info][gc,phases      ] GC(60)   Merge Heap Roots: 0.1ms
[12.287s][info][gc,phases      ] GC(60)   Evacuate Collection Set: 3.0ms
[12.287s][info][gc,phases      ] GC(60)   Post Evacuate Collection Set: 0.2ms
[12.287s][info][gc,phases      ] GC(60)   Other: 0.1ms
[12.287s][info][gc,heap        ] GC(60) Eden regions: 4->0(3)
[12.287s][info][gc,heap        ] GC(60) Survivor regions: 0->1(1)
[12.287s][info][gc,heap        ] GC(60) Old regions: 2->2
[12.287s][info][gc,heap        ] GC(60) Archive regions: 0->0
[12.287s][info][gc,heap        ] GC(60) Humongous regions: 0->0
[12.287s][info][gc,metaspace   ] GC(60) Metaspace: 12021K(12224K)->12021K(12224K) NonClass: 10392K(10496K)->10392K(10496K) Class: 1628K(1728K)->1628K(1728K)
[12.287s][info][gc             ] GC(60) Pause Young (Normal) (G1 Evacuation Pause) 89M->27M(112M) 3.888ms
[12.288s][info][gc,cpu         ] GC(60) User=0.00s Sys=0.00s Real=0.00s
[12.396s][info][gc,start       ] GC(61) Pause Young (Normal) (G1 Evacuation Pause)
[12.396s][info][gc,task        ] GC(61) Using 2 workers of 33 for evacuation
[12.400s][info][gc,phases      ] GC(61)   Pre Evacuate Collection Set: 0.0ms
[12.400s][info][gc,phases      ] GC(61)   Merge Heap Roots: 0.1ms
[12.400s][info][gc,phases      ] GC(61)   Evacuate Collection Set: 3.9ms
[12.400s][info][gc,phases      ] GC(61)   Post Evacuate Collection Set: 0.2ms
[12.400s][info][gc,phases      ] GC(61)   Other: 0.1ms
[12.400s][info][gc,heap        ] GC(61) Eden regions: 3->0(3)
[12.400s][info][gc,heap        ] GC(61) Survivor regions: 1->1(1)
[12.401s][info][gc,heap        ] GC(61) Old regions: 2->2
[12.401s][info][gc,heap        ] GC(61) Archive regions: 0->0
[12.401s][info][gc,heap        ] GC(61) Humongous regions: 0->0
[12.401s][info][gc,metaspace   ] GC(61) Metaspace: 12021K(12224K)->12021K(12224K) NonClass: 10392K(10496K)->10392K(10496K) Class: 1628K(1728K)->1628K(1728K)
[12.401s][info][gc             ] GC(61) Pause Young (Normal) (G1 Evacuation Pause) 75M->27M(112M) 4.765ms
[12.401s][info][gc,cpu         ] GC(61) User=0.03s Sys=0.00s Real=0.02s
[12.444s][info][gc,start       ] GC(62) Pause Full (System.gc())
[12.444s][info][gc,task        ] GC(62) Using 1 workers of 33 for full compaction
[12.444s][info][gc,phases,start] GC(62) Phase 1: Mark live objects
[12.499s][info][gc,phases      ] GC(62) Phase 1: Mark live objects 54.620ms
[12.499s][info][gc,phases,start] GC(62) Phase 2: Prepare compaction
[12.506s][info][gc,phases      ] GC(62) Phase 2: Prepare compaction 6.373ms
[12.506s][info][gc,phases,start] GC(62) Phase 3: Adjust pointers
[12.529s][info][gc,phases      ] GC(62) Phase 3: Adjust pointers 23.395ms
[12.529s][info][gc,phases,start] GC(62) Phase 4: Compact heap
[12.534s][info][gc,phases      ] GC(62) Phase 4: Compact heap 5.037ms
[12.536s][info][gc,heap        ] GC(62) Eden regions: 1->0(4)
[12.536s][info][gc,heap        ] GC(62) Survivor regions: 1->0(1)
[12.536s][info][gc,heap        ] GC(62) Old regions: 2->2
[12.536s][info][gc,heap        ] GC(62) Archive regions: 0->0
[12.536s][info][gc,heap        ] GC(62) Humongous regions: 0->0
[12.536s][info][gc,metaspace   ] GC(62) Metaspace: 12021K(12224K)->12021K(12224K) NonClass: 10392K(10496K)->10392K(10496K) Class: 1628K(1728K)->1628K(1728K)
[12.536s][info][gc             ] GC(62) Pause Full (System.gc()) 37M->25M(112M) 92.024ms
[12.536s][info][gc,cpu         ] GC(62) User=0.08s Sys=0.00s Real=0.08s
[12.700s][info][gc,start       ] GC(63) Pause Young (Normal) (G1 Evacuation Pause)
[12.700s][info][gc,task        ] GC(63) Using 2 workers of 33 for evacuation
[12.712s][info][gc,phases      ] GC(63)   Pre Evacuate Collection Set: 0.1ms
[12.712s][info][gc,phases      ] GC(63)   Merge Heap Roots: 0.1ms
[12.712s][info][gc,phases      ] GC(63)   Evacuate Collection Set: 4.7ms
[12.712s][info][gc,phases      ] GC(63)   Post Evacuate Collection Set: 6.9ms
[12.712s][info][gc,phases      ] GC(63)   Other: 0.1ms
[12.712s][info][gc,heap        ] GC(63) Eden regions: 4->0(39)
[12.712s][info][gc,heap        ] GC(63) Survivor regions: 0->1(1)
[12.712s][info][gc,heap        ] GC(63) Old regions: 2->2
[12.712s][info][gc,heap        ] GC(63) Archive regions: 0->0
[12.712s][info][gc,heap        ] GC(63) Humongous regions: 0->0
[12.712s][info][gc,metaspace   ] GC(63) Metaspace: 12021K(12224K)->12021K(12224K) NonClass: 10392K(10496K)->10392K(10496K) Class: 1628K(1728K)->1628K(1728K)
[12.712s][info][gc             ] GC(63) Pause Young (Normal) (G1 Evacuation Pause) 89M->27M(1088M) 12.400ms
[12.712s][info][gc,cpu         ] GC(63) User=0.03s Sys=0.00s Real=0.01s
[12.872s][info][gc,start       ] GC(64) Pause Full (System.gc())
[12.872s][info][gc,task        ] GC(64) Using 6 workers of 33 for full compaction
[12.872s][info][gc,phases,start] GC(64) Phase 1: Mark live objects
[12.888s][info][gc,phases      ] GC(64) Phase 1: Mark live objects 15.395ms
[12.888s][info][gc,phases,start] GC(64) Phase 2: Prepare compaction
[12.894s][info][gc,phases      ] GC(64) Phase 2: Prepare compaction 5.929ms
[12.894s][info][gc,phases,start] GC(64) Phase 3: Adjust pointers
[12.903s][info][gc,phases      ] GC(64) Phase 3: Adjust pointers 9.889ms
[12.903s][info][gc,phases,start] GC(64) Phase 4: Compact heap
[12.909s][info][gc,phases      ] GC(64) Phase 4: Compact heap 5.024ms
[12.915s][info][gc,heap        ] GC(64) Eden regions: 4->0(6)
[12.915s][info][gc,heap        ] GC(64) Survivor regions: 1->0(1)
[12.915s][info][gc,heap        ] GC(64) Old regions: 2->3
[12.915s][info][gc,heap        ] GC(64) Archive regions: 0->0
[12.915s][info][gc,heap        ] GC(64) Humongous regions: 0->0
[12.915s][info][gc,metaspace   ] GC(64) Metaspace: 12021K(12224K)->12021K(12224K) NonClass: 10392K(10496K)->10392K(10496K) Class: 1628K(1728K)->1628K(1728K)
[12.915s][info][gc             ] GC(64) Pause Full (System.gc()) 84M->25M(160M) 43.707ms
[12.916s][info][gc,cpu         ] GC(64) User=0.14s Sys=0.00s Real=0.05s
[13.189s][info][gc,start       ] GC(65) Pause Young (Normal) (G1 Evacuation Pause)
[13.189s][info][gc,task        ] GC(65) Using 4 workers of 33 for evacuation
[13.191s][info][gc,phases      ] GC(65)   Pre Evacuate Collection Set: 0.1ms
[13.191s][info][gc,phases      ] GC(65)   Merge Heap Roots: 0.1ms
[13.191s][info][gc,phases      ] GC(65)   Evacuate Collection Set: 1.2ms
[13.191s][info][gc,phases      ] GC(65)   Post Evacuate Collection Set: 0.2ms
[13.191s][info][gc,phases      ] GC(65)   Other: 0.1ms
[13.191s][info][gc,heap        ] GC(65) Eden regions: 6->0(5)
[13.191s][info][gc,heap        ] GC(65) Survivor regions: 0->1(1)
[13.191s][info][gc,heap        ] GC(65) Old regions: 3->3
[13.191s][info][gc,heap        ] GC(65) Archive regions: 0->0
[13.191s][info][gc,heap        ] GC(65) Humongous regions: 0->0
[13.191s][info][gc,metaspace   ] GC(65) Metaspace: 12021K(12224K)->12021K(12224K) NonClass: 10392K(10496K)->10392K(10496K) Class: 1628K(1728K)->1628K(1728K)
[13.191s][info][gc             ] GC(65) Pause Young (Normal) (G1 Evacuation Pause) 121M->26M(160M) 2.198ms
[13.191s][info][gc,cpu         ] GC(65) User=0.00s Sys=0.00s Real=0.00s
[13.270s][info][gc,start       ] GC(66) Pause Full (System.gc())
[13.270s][info][gc,task        ] GC(66) Using 1 workers of 33 for full compaction
[13.270s][info][gc,phases,start] GC(66) Phase 1: Mark live objects
[13.324s][info][gc,phases      ] GC(66) Phase 1: Mark live objects 53.400ms
[13.324s][info][gc,phases,start] GC(66) Phase 2: Prepare compaction
[13.338s][info][gc,phases      ] GC(66) Phase 2: Prepare compaction 13.854ms
[13.338s][info][gc,phases,start] GC(66) Phase 3: Adjust pointers
[13.362s][info][gc,phases      ] GC(66) Phase 3: Adjust pointers 24.076ms
[13.362s][info][gc,phases,start] GC(66) Phase 4: Compact heap
[13.367s][info][gc,phases      ] GC(66) Phase 4: Compact heap 5.202ms
[13.369s][info][gc,heap        ] GC(66) Eden regions: 2->0(4)
[13.369s][info][gc,heap        ] GC(66) Survivor regions: 1->0(1)
[13.369s][info][gc,heap        ] GC(66) Old regions: 3->2
[13.369s][info][gc,heap        ] GC(66) Archive regions: 0->0
[13.369s][info][gc,heap        ] GC(66) Humongous regions: 0->0
[13.369s][info][gc,metaspace   ] GC(66) Metaspace: 12023K(12224K)->12023K(12224K) NonClass: 10394K(10496K)->10394K(10496K) Class: 1628K(1728K)->1628K(1728K)
[13.369s][info][gc             ] GC(66) Pause Full (System.gc()) 52M->25M(112M) 99.287ms
[13.369s][info][gc,cpu         ] GC(66) User=0.11s Sys=0.00s Real=0.11s
[13.536s][info][gc,start       ] GC(67) Pause Young (Normal) (G1 Evacuation Pause)
[13.536s][info][gc,task        ] GC(67) Using 2 workers of 33 for evacuation
[13.541s][info][gc,phases      ] GC(67)   Pre Evacuate Collection Set: 0.1ms
[13.541s][info][gc,phases      ] GC(67)   Merge Heap Roots: 0.1ms
[13.541s][info][gc,phases      ] GC(67)   Evacuate Collection Set: 4.7ms
[13.541s][info][gc,phases      ] GC(67)   Post Evacuate Collection Set: 0.2ms
[13.541s][info][gc,phases      ] GC(67)   Other: 0.1ms
[13.541s][info][gc,heap        ] GC(67) Eden regions: 4->0(3)
[13.541s][info][gc,heap        ] GC(67) Survivor regions: 0->1(1)
[13.541s][info][gc,heap        ] GC(67) Old regions: 2->2
[13.541s][info][gc,heap        ] GC(67) Archive regions: 0->0
[13.541s][info][gc,heap        ] GC(67) Humongous regions: 0->0
[13.541s][info][gc,metaspace   ] GC(67) Metaspace: 12025K(12224K)->12025K(12224K) NonClass: 10396K(10496K)->10396K(10496K) Class: 1628K(1728K)->1628K(1728K)
[13.541s][info][gc             ] GC(67) Pause Young (Normal) (G1 Evacuation Pause) 89M->27M(112M) 5.707ms
[13.541s][info][gc,cpu         ] GC(67) User=0.03s Sys=0.00s Real=0.02s
[13.653s][info][gc,start       ] GC(68) Pause Young (Normal) (G1 Evacuation Pause)
[13.653s][info][gc,task        ] GC(68) Using 2 workers of 33 for evacuation
[13.660s][info][gc,phases      ] GC(68)   Pre Evacuate Collection Set: 0.1ms
[13.660s][info][gc,phases      ] GC(68)   Merge Heap Roots: 0.1ms
[13.660s][info][gc,phases      ] GC(68)   Evacuate Collection Set: 6.2ms
[13.660s][info][gc,phases      ] GC(68)   Post Evacuate Collection Set: 0.2ms
[13.660s][info][gc,phases      ] GC(68)   Other: 0.1ms
[13.660s][info][gc,heap        ] GC(68) Eden regions: 3->0(3)
[13.660s][info][gc,heap        ] GC(68) Survivor regions: 1->1(1)
[13.660s][info][gc,heap        ] GC(68) Old regions: 2->2
[13.660s][info][gc,heap        ] GC(68) Archive regions: 0->0
[13.660s][info][gc,heap        ] GC(68) Humongous regions: 0->0
[13.660s][info][gc,metaspace   ] GC(68) Metaspace: 12025K(12224K)->12025K(12224K) NonClass: 10396K(10496K)->10396K(10496K) Class: 1628K(1728K)->1628K(1728K)
[13.660s][info][gc             ] GC(68) Pause Young (Normal) (G1 Evacuation Pause) 75M->27M(112M) 7.091ms
[13.660s][info][gc,cpu         ] GC(68) User=0.00s Sys=0.00s Real=0.00s
[13.690s][info][gc,start       ] GC(69) Pause Full (System.gc())
[13.690s][info][gc,task        ] GC(69) Using 1 workers of 33 for full compaction
[13.690s][info][gc,phases,start] GC(69) Phase 1: Mark live objects
[13.745s][info][gc,phases      ] GC(69) Phase 1: Mark live objects 54.938ms
[13.745s][info][gc,phases,start] GC(69) Phase 2: Prepare compaction
[13.759s][info][gc,phases      ] GC(69) Phase 2: Prepare compaction 14.127ms
[13.759s][info][gc,phases,start] GC(69) Phase 3: Adjust pointers
[13.783s][info][gc,phases      ] GC(69) Phase 3: Adjust pointers 23.344ms
[13.783s][info][gc,phases,start] GC(69) Phase 4: Compact heap
[13.788s][info][gc,phases      ] GC(69) Phase 4: Compact heap 4.987ms
[13.790s][info][gc,heap        ] GC(69) Eden regions: 1->0(4)
[13.790s][info][gc,heap        ] GC(69) Survivor regions: 1->0(1)
[13.790s][info][gc,heap        ] GC(69) Old regions: 2->2
[13.790s][info][gc,heap        ] GC(69) Archive regions: 0->0
[13.790s][info][gc,heap        ] GC(69) Humongous regions: 0->0
[13.790s][info][gc,metaspace   ] GC(69) Metaspace: 12030K(12224K)->12030K(12224K) NonClass: 10401K(10496K)->10401K(10496K) Class: 1628K(1728K)->1628K(1728K)
[13.790s][info][gc             ] GC(69) Pause Full (System.gc()) 37M->25M(112M) 100.030ms
[13.790s][info][gc,cpu         ] GC(69) User=0.11s Sys=0.00s Real=0.10s
[13.955s][info][gc,start       ] GC(70) Pause Young (Normal) (G1 Evacuation Pause)
[13.955s][info][gc,task        ] GC(70) Using 2 workers of 33 for evacuation
[13.967s][info][gc,phases      ] GC(70)   Pre Evacuate Collection Set: 0.1ms
[13.968s][info][gc,phases      ] GC(70)   Merge Heap Roots: 0.1ms
[13.968s][info][gc,phases      ] GC(70)   Evacuate Collection Set: 4.7ms
[13.968s][info][gc,phases      ] GC(70)   Post Evacuate Collection Set: 7.1ms
[13.968s][info][gc,phases      ] GC(70)   Other: 0.1ms
[13.968s][info][gc,heap        ] GC(70) Eden regions: 4->0(39)
[13.968s][info][gc,heap        ] GC(70) Survivor regions: 0->1(1)
[13.968s][info][gc,heap        ] GC(70) Old regions: 2->2
[13.968s][info][gc,heap        ] GC(70) Archive regions: 0->0
[13.968s][info][gc,heap        ] GC(70) Humongous regions: 0->0
[13.968s][info][gc,metaspace   ] GC(70) Metaspace: 12034K(12224K)->12034K(12224K) NonClass: 10405K(10496K)->10405K(10496K) Class: 1628K(1728K)->1628K(1728K)
[13.968s][info][gc             ] GC(70) Pause Young (Normal) (G1 Evacuation Pause) 89M->27M(1088M) 12.583ms
[13.968s][info][gc,cpu         ] GC(70) User=0.00s Sys=0.02s Real=0.02s
[14.143s][info][gc,start       ] GC(71) Pause Full (System.gc())
[14.143s][info][gc,task        ] GC(71) Using 6 workers of 33 for full compaction
[14.144s][info][gc,phases,start] GC(71) Phase 1: Mark live objects
[14.158s][info][gc,phases      ] GC(71) Phase 1: Mark live objects 13.827ms
[14.158s][info][gc,phases,start] GC(71) Phase 2: Prepare compaction
[14.164s][info][gc,phases      ] GC(71) Phase 2: Prepare compaction 6.409ms
[14.164s][info][gc,phases,start] GC(71) Phase 3: Adjust pointers
[14.178s][info][gc,phases      ] GC(71) Phase 3: Adjust pointers 13.578ms
[14.178s][info][gc,phases,start] GC(71) Phase 4: Compact heap
[14.180s][info][gc,phases      ] GC(71) Phase 4: Compact heap 2.765ms
[14.188s][info][gc,heap        ] GC(71) Eden regions: 4->0(6)
[14.188s][info][gc,heap        ] GC(71) Survivor regions: 1->0(1)
[14.188s][info][gc,heap        ] GC(71) Old regions: 2->3
[14.188s][info][gc,heap        ] GC(71) Archive regions: 0->0
[14.188s][info][gc,heap        ] GC(71) Humongous regions: 0->0
[14.188s][info][gc,metaspace   ] GC(71) Metaspace: 12035K(12224K)->12035K(12224K) NonClass: 10406K(10496K)->10406K(10496K) Class: 1628K(1728K)->1628K(1728K)
[14.188s][info][gc             ] GC(71) Pause Full (System.gc()) 84M->25M(160M) 44.569ms
[14.188s][info][gc,cpu         ] GC(71) User=0.14s Sys=0.11s Real=0.05s
[14.441s][info][gc,start       ] GC(72) Pause Young (Normal) (G1 Evacuation Pause)
[14.441s][info][gc,task        ] GC(72) Using 4 workers of 33 for evacuation
[14.443s][info][gc,phases      ] GC(72)   Pre Evacuate Collection Set: 0.1ms
[14.443s][info][gc,phases      ] GC(72)   Merge Heap Roots: 0.1ms
[14.443s][info][gc,phases      ] GC(72)   Evacuate Collection Set: 1.6ms
[14.443s][info][gc,phases      ] GC(72)   Post Evacuate Collection Set: 0.2ms
[14.443s][info][gc,phases      ] GC(72)   Other: 0.1ms
[14.443s][info][gc,heap        ] GC(72) Eden regions: 6->0(5)
[14.443s][info][gc,heap        ] GC(72) Survivor regions: 0->1(1)
[14.443s][info][gc,heap        ] GC(72) Old regions: 3->3
[14.443s][info][gc,heap        ] GC(72) Archive regions: 0->0
[14.443s][info][gc,heap        ] GC(72) Humongous regions: 0->0
[14.443s][info][gc,metaspace   ] GC(72) Metaspace: 12035K(12224K)->12035K(12224K) NonClass: 10406K(10496K)->10406K(10496K) Class: 1628K(1728K)->1628K(1728K)
[14.443s][info][gc             ] GC(72) Pause Young (Normal) (G1 Evacuation Pause) 121M->26M(160M) 2.611ms
[14.443s][info][gc,cpu         ] GC(72) User=0.06s Sys=0.00s Real=0.02s
[14.507s][info][gc,start       ] GC(73) Pause Full (System.gc())
[14.507s][info][gc,task        ] GC(73) Using 1 workers of 33 for full compaction
[14.507s][info][gc,phases,start] GC(73) Phase 1: Mark live objects
[14.560s][info][gc,phases      ] GC(73) Phase 1: Mark live objects 52.765ms
[14.560s][info][gc,phases,start] GC(73) Phase 2: Prepare compaction
[14.574s][info][gc,phases      ] GC(73) Phase 2: Prepare compaction 13.892ms
[14.574s][info][gc,phases,start] GC(73) Phase 3: Adjust pointers
[14.598s][info][gc,phases      ] GC(73) Phase 3: Adjust pointers 23.902ms
[14.598s][info][gc,phases,start] GC(73) Phase 4: Compact heap
[14.603s][info][gc,phases      ] GC(73) Phase 4: Compact heap 5.172ms
[14.605s][info][gc,heap        ] GC(73) Eden regions: 2->0(4)
[14.605s][info][gc,heap        ] GC(73) Survivor regions: 1->0(1)
[14.605s][info][gc,heap        ] GC(73) Old regions: 3->2
[14.605s][info][gc,heap        ] GC(73) Archive regions: 0->0
[14.605s][info][gc,heap        ] GC(73) Humongous regions: 0->0
[14.605s][info][gc,metaspace   ] GC(73) Metaspace: 12036K(12224K)->12036K(12224K) NonClass: 10407K(10496K)->10407K(10496K) Class: 1628K(1728K)->1628K(1728K)
[14.605s][info][gc             ] GC(73) Pause Full (System.gc()) 52M->25M(112M) 98.382ms
[14.605s][info][gc,cpu         ] GC(73) User=0.09s Sys=0.00s Real=0.09s
[14.771s][info][gc,start       ] GC(74) Pause Young (Normal) (G1 Evacuation Pause)
[14.771s][info][gc,task        ] GC(74) Using 2 workers of 33 for evacuation
[14.776s][info][gc,phases      ] GC(74)   Pre Evacuate Collection Set: 0.1ms
[14.776s][info][gc,phases      ] GC(74)   Merge Heap Roots: 0.1ms
[14.776s][info][gc,phases      ] GC(74)   Evacuate Collection Set: 4.7ms
[14.776s][info][gc,phases      ] GC(74)   Post Evacuate Collection Set: 0.2ms
[14.776s][info][gc,phases      ] GC(74)   Other: 0.1ms
[14.776s][info][gc,heap        ] GC(74) Eden regions: 4->0(3)
[14.777s][info][gc,heap        ] GC(74) Survivor regions: 0->1(1)
[14.777s][info][gc,heap        ] GC(74) Old regions: 2->2
[14.777s][info][gc,heap        ] GC(74) Archive regions: 0->0
[14.777s][info][gc,heap        ] GC(74) Humongous regions: 0->0
[14.777s][info][gc,metaspace   ] GC(74) Metaspace: 12036K(12224K)->12036K(12224K) NonClass: 10407K(10496K)->10407K(10496K) Class: 1628K(1728K)->1628K(1728K)
[14.777s][info][gc             ] GC(74) Pause Young (Normal) (G1 Evacuation Pause) 89M->27M(112M) 5.622ms
[14.777s][info][gc,cpu         ] GC(74) User=0.00s Sys=0.00s Real=0.00s
[14.887s][info][gc,start       ] GC(75) Pause Young (Normal) (G1 Evacuation Pause)
[14.887s][info][gc,task        ] GC(75) Using 2 workers of 33 for evacuation
[14.894s][info][gc,phases      ] GC(75)   Pre Evacuate Collection Set: 0.0ms
[14.894s][info][gc,phases      ] GC(75)   Merge Heap Roots: 0.1ms
[14.894s][info][gc,phases      ] GC(75)   Evacuate Collection Set: 6.2ms
[14.894s][info][gc,phases      ] GC(75)   Post Evacuate Collection Set: 0.2ms
[14.894s][info][gc,phases      ] GC(75)   Other: 0.1ms
[14.894s][info][gc,heap        ] GC(75) Eden regions: 3->0(3)
[14.894s][info][gc,heap        ] GC(75) Survivor regions: 1->1(1)
[14.894s][info][gc,heap        ] GC(75) Old regions: 2->2
[14.894s][info][gc,heap        ] GC(75) Archive regions: 0->0
[14.894s][info][gc,heap        ] GC(75) Humongous regions: 0->0
[14.894s][info][gc,metaspace   ] GC(75) Metaspace: 12036K(12224K)->12036K(12224K) NonClass: 10407K(10496K)->10407K(10496K) Class: 1628K(1728K)->1628K(1728K)
[14.894s][info][gc             ] GC(75) Pause Young (Normal) (G1 Evacuation Pause) 75M->27M(112M) 7.056ms
[14.894s][info][gc,cpu         ] GC(75) User=0.00s Sys=0.00s Real=0.00s
[14.925s][info][gc,start       ] GC(76) Pause Full (System.gc())
[14.925s][info][gc,task        ] GC(76) Using 1 workers of 33 for full compaction
[14.925s][info][gc,phases,start] GC(76) Phase 1: Mark live objects
[14.983s][info][gc,phases      ] GC(76) Phase 1: Mark live objects 57.957ms
[14.983s][info][gc,phases,start] GC(76) Phase 2: Prepare compaction
[14.990s][info][gc,phases      ] GC(76) Phase 2: Prepare compaction 6.395ms
[14.990s][info][gc,phases,start] GC(76) Phase 3: Adjust pointers
[15.012s][info][gc,phases      ] GC(76) Phase 3: Adjust pointers 22.504ms
[15.012s][info][gc,phases,start] GC(76) Phase 4: Compact heap
[15.016s][info][gc,phases      ] GC(76) Phase 4: Compact heap 3.807ms
[15.018s][info][gc,heap        ] GC(76) Eden regions: 1->0(4)
[15.018s][info][gc,heap        ] GC(76) Survivor regions: 1->0(1)
[15.018s][info][gc,heap        ] GC(76) Old regions: 2->2
[15.018s][info][gc,heap        ] GC(76) Archive regions: 0->0
[15.018s][info][gc,heap        ] GC(76) Humongous regions: 0->0
[15.018s][info][gc,metaspace   ] GC(76) Metaspace: 12036K(12224K)->12036K(12224K) NonClass: 10407K(10496K)->10407K(10496K) Class: 1628K(1728K)->1628K(1728K)
[15.018s][info][gc             ] GC(76) Pause Full (System.gc()) 37M->25M(112M) 93.295ms
[15.018s][info][gc,cpu         ] GC(76) User=0.11s Sys=0.00s Real=0.10s
[15.182s][info][gc,start       ] GC(77) Pause Young (Normal) (G1 Evacuation Pause)
[15.182s][info][gc,task        ] GC(77) Using 2 workers of 33 for evacuation
[15.194s][info][gc,phases      ] GC(77)   Pre Evacuate Collection Set: 0.1ms
[15.194s][info][gc,phases      ] GC(77)   Merge Heap Roots: 0.1ms
[15.194s][info][gc,phases      ] GC(77)   Evacuate Collection Set: 4.7ms
[15.194s][info][gc,phases      ] GC(77)   Post Evacuate Collection Set: 6.9ms
[15.194s][info][gc,phases      ] GC(77)   Other: 0.1ms
[15.194s][info][gc,heap        ] GC(77) Eden regions: 4->0(39)
[15.194s][info][gc,heap        ] GC(77) Survivor regions: 0->1(1)
[15.194s][info][gc,heap        ] GC(77) Old regions: 2->2
[15.194s][info][gc,heap        ] GC(77) Archive regions: 0->0
[15.194s][info][gc,heap        ] GC(77) Humongous regions: 0->0
[15.195s][info][gc,metaspace   ] GC(77) Metaspace: 12036K(12224K)->12036K(12224K) NonClass: 10407K(10496K)->10407K(10496K) Class: 1628K(1728K)->1628K(1728K)
[15.195s][info][gc             ] GC(77) Pause Young (Normal) (G1 Evacuation Pause) 89M->27M(1088M) 12.426ms
[15.195s][info][gc,cpu         ] GC(77) User=0.03s Sys=0.00s Real=0.02s
[15.367s][info][gc,start       ] GC(78) Pause Full (System.gc())
[15.367s][info][gc,task        ] GC(78) Using 6 workers of 33 for full compaction
[15.367s][info][gc,phases,start] GC(78) Phase 1: Mark live objects
[15.387s][info][gc,phases      ] GC(78) Phase 1: Mark live objects 19.676ms
[15.387s][info][gc,phases,start] GC(78) Phase 2: Prepare compaction
[15.393s][info][gc,phases      ] GC(78) Phase 2: Prepare compaction 6.044ms
[15.393s][info][gc,phases,start] GC(78) Phase 3: Adjust pointers
[15.405s][info][gc,phases      ] GC(78) Phase 3: Adjust pointers 11.470ms
[15.405s][info][gc,phases,start] GC(78) Phase 4: Compact heap
[15.410s][info][gc,phases      ] GC(78) Phase 4: Compact heap 5.097ms
[15.417s][info][gc,heap        ] GC(78) Eden regions: 4->0(6)
[15.417s][info][gc,heap        ] GC(78) Survivor regions: 1->0(1)
[15.417s][info][gc,heap        ] GC(78) Old regions: 2->3
[15.417s][info][gc,heap        ] GC(78) Archive regions: 0->0
[15.417s][info][gc,heap        ] GC(78) Humongous regions: 0->0
[15.417s][info][gc,metaspace   ] GC(78) Metaspace: 12036K(12224K)->12036K(12224K) NonClass: 10407K(10496K)->10407K(10496K) Class: 1628K(1728K)->1628K(1728K)
[15.417s][info][gc             ] GC(78) Pause Full (System.gc()) 84M->25M(160M) 50.145ms
[15.417s][info][gc,cpu         ] GC(78) User=0.22s Sys=0.00s Real=0.05s
[15.673s][info][gc,start       ] GC(79) Pause Young (Normal) (G1 Evacuation Pause)
[15.673s][info][gc,task        ] GC(79) Using 4 workers of 33 for evacuation
[15.675s][info][gc,phases      ] GC(79)   Pre Evacuate Collection Set: 0.1ms
[15.675s][info][gc,phases      ] GC(79)   Merge Heap Roots: 0.1ms
[15.675s][info][gc,phases      ] GC(79)   Evacuate Collection Set: 1.6ms
[15.675s][info][gc,phases      ] GC(79)   Post Evacuate Collection Set: 0.2ms
[15.675s][info][gc,phases      ] GC(79)   Other: 0.1ms
[15.676s][info][gc,heap        ] GC(79) Eden regions: 6->0(5)
[15.676s][info][gc,heap        ] GC(79) Survivor regions: 0->1(1)
[15.676s][info][gc,heap        ] GC(79) Old regions: 3->3
[15.676s][info][gc,heap        ] GC(79) Archive regions: 0->0
[15.676s][info][gc,heap        ] GC(79) Humongous regions: 0->0
[15.676s][info][gc,metaspace   ] GC(79) Metaspace: 12036K(12224K)->12036K(12224K) NonClass: 10407K(10496K)->10407K(10496K) Class: 1628K(1728K)->1628K(1728K)
[15.676s][info][gc             ] GC(79) Pause Young (Normal) (G1 Evacuation Pause) 121M->26M(160M) 2.629ms
[15.676s][info][gc,cpu         ] GC(79) User=0.00s Sys=0.00s Real=0.00s
[15.740s][info][gc,start       ] GC(80) Pause Full (System.gc())
[15.740s][info][gc,task        ] GC(80) Using 1 workers of 33 for full compaction
[15.740s][info][gc,phases,start] GC(80) Phase 1: Mark live objects
[15.795s][info][gc,phases      ] GC(80) Phase 1: Mark live objects 54.751ms
[15.795s][info][gc,phases,start] GC(80) Phase 2: Prepare compaction
[15.809s][info][gc,phases      ] GC(80) Phase 2: Prepare compaction 14.069ms
[15.809s][info][gc,phases,start] GC(80) Phase 3: Adjust pointers
[15.832s][info][gc,phases      ] GC(80) Phase 3: Adjust pointers 23.329ms
[15.832s][info][gc,phases,start] GC(80) Phase 4: Compact heap
[15.837s][info][gc,phases      ] GC(80) Phase 4: Compact heap 5.075ms
[15.840s][info][gc,heap        ] GC(80) Eden regions: 2->0(4)
[15.840s][info][gc,heap        ] GC(80) Survivor regions: 1->0(1)
[15.840s][info][gc,heap        ] GC(80) Old regions: 3->2
[15.840s][info][gc,heap        ] GC(80) Archive regions: 0->0
[15.840s][info][gc,heap        ] GC(80) Humongous regions: 0->0
[15.840s][info][gc,metaspace   ] GC(80) Metaspace: 12036K(12224K)->12036K(12224K) NonClass: 10407K(10496K)->10407K(10496K) Class: 1628K(1728K)->1628K(1728K)
[15.840s][info][gc             ] GC(80) Pause Full (System.gc()) 52M->25M(112M) 99.965ms
[15.840s][info][gc,cpu         ] GC(80) User=0.09s Sys=0.00s Real=0.09s
[16.006s][info][gc,start       ] GC(81) Pause Young (Normal) (G1 Evacuation Pause)
[16.006s][info][gc,task        ] GC(81) Using 2 workers of 33 for evacuation
[16.012s][info][gc,phases      ] GC(81)   Pre Evacuate Collection Set: 0.1ms
[16.012s][info][gc,phases      ] GC(81)   Merge Heap Roots: 0.1ms
[16.012s][info][gc,phases      ] GC(81)   Evacuate Collection Set: 4.7ms
[16.012s][info][gc,phases      ] GC(81)   Post Evacuate Collection Set: 0.2ms
[16.012s][info][gc,phases      ] GC(81)   Other: 0.1ms
[16.012s][info][gc,heap        ] GC(81) Eden regions: 4->0(3)
[16.012s][info][gc,heap        ] GC(81) Survivor regions: 0->1(1)
[16.012s][info][gc,heap        ] GC(81) Old regions: 2->2
[16.012s][info][gc,heap        ] GC(81) Archive regions: 0->0
[16.012s][info][gc,heap        ] GC(81) Humongous regions: 0->0
[16.012s][info][gc,metaspace   ] GC(81) Metaspace: 12039K(12288K)->12039K(12288K) NonClass: 10410K(10560K)->10410K(10560K) Class: 1628K(1728K)->1628K(1728K)
[16.012s][info][gc             ] GC(81) Pause Young (Normal) (G1 Evacuation Pause) 89M->27M(112M) 5.667ms
[16.012s][info][gc,cpu         ] GC(81) User=0.00s Sys=0.00s Real=0.00s
[16.121s][info][gc,start       ] GC(82) Pause Young (Normal) (G1 Evacuation Pause)
[16.121s][info][gc,task        ] GC(82) Using 2 workers of 33 for evacuation
[16.128s][info][gc,phases      ] GC(82)   Pre Evacuate Collection Set: 0.0ms
[16.128s][info][gc,phases      ] GC(82)   Merge Heap Roots: 0.1ms
[16.128s][info][gc,phases      ] GC(82)   Evacuate Collection Set: 6.1ms
[16.128s][info][gc,phases      ] GC(82)   Post Evacuate Collection Set: 0.2ms
[16.128s][info][gc,phases      ] GC(82)   Other: 0.1ms
[16.128s][info][gc,heap        ] GC(82) Eden regions: 3->0(3)
[16.128s][info][gc,heap        ] GC(82) Survivor regions: 1->1(1)
[16.128s][info][gc,heap        ] GC(82) Old regions: 2->2
[16.128s][info][gc,heap        ] GC(82) Archive regions: 0->0
[16.128s][info][gc,heap        ] GC(82) Humongous regions: 0->0
[16.128s][info][gc,metaspace   ] GC(82) Metaspace: 12039K(12288K)->12039K(12288K) NonClass: 10410K(10560K)->10410K(10560K) Class: 1628K(1728K)->1628K(1728K)
[16.128s][info][gc             ] GC(82) Pause Young (Normal) (G1 Evacuation Pause) 75M->27M(112M) 6.996ms
[16.128s][info][gc,cpu         ] GC(82) User=0.00s Sys=0.00s Real=0.00s
[16.160s][info][gc,start       ] GC(83) Pause Full (System.gc())
[16.160s][info][gc,task        ] GC(83) Using 1 workers of 33 for full compaction
[16.160s][info][gc,phases,start] GC(83) Phase 1: Mark live objects
[16.216s][info][gc,phases      ] GC(83) Phase 1: Mark live objects 55.100ms
[16.216s][info][gc,phases,start] GC(83) Phase 2: Prepare compaction
[16.230s][info][gc,phases      ] GC(83) Phase 2: Prepare compaction 14.621ms
[16.230s][info][gc,phases,start] GC(83) Phase 3: Adjust pointers
[16.253s][info][gc,phases      ] GC(83) Phase 3: Adjust pointers 23.112ms
[16.253s][info][gc,phases,start] GC(83) Phase 4: Compact heap
[16.258s][info][gc,phases      ] GC(83) Phase 4: Compact heap 5.061ms
[16.261s][info][gc,heap        ] GC(83) Eden regions: 1->0(4)
[16.261s][info][gc,heap        ] GC(83) Survivor regions: 1->0(1)
[16.261s][info][gc,heap        ] GC(83) Old regions: 2->2
[16.261s][info][gc,heap        ] GC(83) Archive regions: 0->0
[16.261s][info][gc,heap        ] GC(83) Humongous regions: 0->0
[16.261s][info][gc,metaspace   ] GC(83) Metaspace: 12039K(12288K)->12039K(12288K) NonClass: 10410K(10560K)->10410K(10560K) Class: 1628K(1728K)->1628K(1728K)
[16.261s][info][gc             ] GC(83) Pause Full (System.gc()) 37M->25M(112M) 100.564ms
[16.261s][info][gc,cpu         ] GC(83) User=0.09s Sys=0.00s Real=0.09s
[16.427s][info][gc,start       ] GC(84) Pause Young (Normal) (G1 Evacuation Pause)
[16.427s][info][gc,task        ] GC(84) Using 2 workers of 33 for evacuation
[16.439s][info][gc,phases      ] GC(84)   Pre Evacuate Collection Set: 0.1ms
[16.439s][info][gc,phases      ] GC(84)   Merge Heap Roots: 0.1ms
[16.439s][info][gc,phases      ] GC(84)   Evacuate Collection Set: 4.7ms
[16.439s][info][gc,phases      ] GC(84)   Post Evacuate Collection Set: 7.0ms
[16.439s][info][gc,phases      ] GC(84)   Other: 0.1ms
[16.439s][info][gc,heap        ] GC(84) Eden regions: 4->0(39)
[16.439s][info][gc,heap        ] GC(84) Survivor regions: 0->1(1)
[16.439s][info][gc,heap        ] GC(84) Old regions: 2->2
[16.439s][info][gc,heap        ] GC(84) Archive regions: 0->0
[16.439s][info][gc,heap        ] GC(84) Humongous regions: 0->0
[16.439s][info][gc,metaspace   ] GC(84) Metaspace: 12039K(12288K)->12039K(12288K) NonClass: 10410K(10560K)->10410K(10560K) Class: 1628K(1728K)->1628K(1728K)
[16.439s][info][gc             ] GC(84) Pause Young (Normal) (G1 Evacuation Pause) 89M->27M(1088M) 12.484ms
[16.439s][info][gc,cpu         ] GC(84) User=0.00s Sys=0.02s Real=0.02s
[16.599s][info][gc,start       ] GC(85) Pause Full (System.gc())
[16.599s][info][gc,task        ] GC(85) Using 6 workers of 33 for full compaction
[16.599s][info][gc,phases,start] GC(85) Phase 1: Mark live objects
[16.617s][info][gc,phases      ] GC(85) Phase 1: Mark live objects 17.452ms
[16.617s][info][gc,phases,start] GC(85) Phase 2: Prepare compaction
[16.622s][info][gc,phases      ] GC(85) Phase 2: Prepare compaction 5.503ms
[16.622s][info][gc,phases,start] GC(85) Phase 3: Adjust pointers
[16.632s][info][gc,phases      ] GC(85) Phase 3: Adjust pointers 9.620ms
[16.632s][info][gc,phases,start] GC(85) Phase 4: Compact heap
[16.636s][info][gc,phases      ] GC(85) Phase 4: Compact heap 4.018ms
[16.643s][info][gc,heap        ] GC(85) Eden regions: 4->0(6)
[16.643s][info][gc,heap        ] GC(85) Survivor regions: 1->0(1)
[16.643s][info][gc,heap        ] GC(85) Old regions: 2->3
[16.643s][info][gc,heap        ] GC(85) Archive regions: 0->0
[16.643s][info][gc,heap        ] GC(85) Humongous regions: 0->0
[16.643s][info][gc,metaspace   ] GC(85) Metaspace: 12039K(12288K)->12039K(12288K) NonClass: 10410K(10560K)->10410K(10560K) Class: 1628K(1728K)->1628K(1728K)
[16.643s][info][gc             ] GC(85) Pause Full (System.gc()) 84M->25M(160M) 44.207ms
[16.643s][info][gc,cpu         ] GC(85) User=0.14s Sys=0.09s Real=0.05s
[16.891s][info][gc,start       ] GC(86) Pause Young (Normal) (G1 Evacuation Pause)
[16.891s][info][gc,task        ] GC(86) Using 4 workers of 33 for evacuation
[16.893s][info][gc,phases      ] GC(86)   Pre Evacuate Collection Set: 0.1ms
[16.893s][info][gc,phases      ] GC(86)   Merge Heap Roots: 0.1ms
[16.893s][info][gc,phases      ] GC(86)   Evacuate Collection Set: 1.2ms
[16.893s][info][gc,phases      ] GC(86)   Post Evacuate Collection Set: 0.2ms
[16.893s][info][gc,phases      ] GC(86)   Other: 0.1ms
[16.893s][info][gc,heap        ] GC(86) Eden regions: 6->0(5)
[16.893s][info][gc,heap        ] GC(86) Survivor regions: 0->1(1)
[16.893s][info][gc,heap        ] GC(86) Old regions: 3->3
[16.893s][info][gc,heap        ] GC(86) Archive regions: 0->0
[16.893s][info][gc,heap        ] GC(86) Humongous regions: 0->0
[16.893s][info][gc,metaspace   ] GC(86) Metaspace: 12040K(12288K)->12040K(12288K) NonClass: 10411K(10560K)->10411K(10560K) Class: 1628K(1728K)->1628K(1728K)
[16.893s][info][gc             ] GC(86) Pause Young (Normal) (G1 Evacuation Pause) 121M->26M(160M) 2.227ms
[16.893s][info][gc,cpu         ] GC(86) User=0.00s Sys=0.00s Real=0.00s
[16.972s][info][gc,start       ] GC(87) Pause Full (System.gc())
[16.972s][info][gc,task        ] GC(87) Using 1 workers of 33 for full compaction
[16.972s][info][gc,phases,start] GC(87) Phase 1: Mark live objects
[17.023s][info][gc,phases      ] GC(87) Phase 1: Mark live objects 50.880ms
[17.023s][info][gc,phases,start] GC(87) Phase 2: Prepare compaction
[17.037s][info][gc,phases      ] GC(87) Phase 2: Prepare compaction 14.077ms
[17.037s][info][gc,phases,start] GC(87) Phase 3: Adjust pointers
[17.053s][info][gc,phases      ] GC(87) Phase 3: Adjust pointers 15.641ms
[17.053s][info][gc,phases,start] GC(87) Phase 4: Compact heap
[17.058s][info][gc,phases      ] GC(87) Phase 4: Compact heap 5.091ms
[17.060s][info][gc,heap        ] GC(87) Eden regions: 2->0(4)
[17.060s][info][gc,heap        ] GC(87) Survivor regions: 1->0(1)
[17.060s][info][gc,heap        ] GC(87) Old regions: 3->2
[17.060s][info][gc,heap        ] GC(87) Archive regions: 0->0
[17.060s][info][gc,heap        ] GC(87) Humongous regions: 0->0
[17.060s][info][gc,metaspace   ] GC(87) Metaspace: 12040K(12288K)->12040K(12288K) NonClass: 10411K(10560K)->10411K(10560K) Class: 1628K(1728K)->1628K(1728K)
[17.060s][info][gc             ] GC(87) Pause Full (System.gc()) 52M->25M(112M) 88.380ms
[17.060s][info][gc,cpu         ] GC(87) User=0.09s Sys=0.02s Real=0.09s
[17.223s][info][gc,start       ] GC(88) Pause Young (Normal) (G1 Evacuation Pause)
[17.223s][info][gc,task        ] GC(88) Using 2 workers of 33 for evacuation
[17.229s][info][gc,phases      ] GC(88)   Pre Evacuate Collection Set: 0.1ms
[17.229s][info][gc,phases      ] GC(88)   Merge Heap Roots: 0.1ms
[17.229s][info][gc,phases      ] GC(88)   Evacuate Collection Set: 4.7ms
[17.229s][info][gc,phases      ] GC(88)   Post Evacuate Collection Set: 0.2ms
[17.229s][info][gc,phases      ] GC(88)   Other: 0.1ms
[17.229s][info][gc,heap        ] GC(88) Eden regions: 4->0(3)
[17.229s][info][gc,heap        ] GC(88) Survivor regions: 0->1(1)
[17.229s][info][gc,heap        ] GC(88) Old regions: 2->2
[17.229s][info][gc,heap        ] GC(88) Archive regions: 0->0
[17.229s][info][gc,heap        ] GC(88) Humongous regions: 0->0
[17.229s][info][gc,metaspace   ] GC(88) Metaspace: 12040K(12288K)->12040K(12288K) NonClass: 10411K(10560K)->10411K(10560K) Class: 1628K(1728K)->1628K(1728K)
[17.229s][info][gc             ] GC(88) Pause Young (Normal) (G1 Evacuation Pause) 89M->27M(112M) 5.639ms
[17.229s][info][gc,cpu         ] GC(88) User=0.00s Sys=0.00s Real=0.00s
[17.340s][info][gc,start       ] GC(89) Pause Young (Normal) (G1 Evacuation Pause)
[17.340s][info][gc,task        ] GC(89) Using 2 workers of 33 for evacuation
[17.347s][info][gc,phases      ] GC(89)   Pre Evacuate Collection Set: 0.0ms
[17.347s][info][gc,phases      ] GC(89)   Merge Heap Roots: 0.1ms
[17.347s][info][gc,phases      ] GC(89)   Evacuate Collection Set: 6.2ms
[17.347s][info][gc,phases      ] GC(89)   Post Evacuate Collection Set: 0.2ms
[17.347s][info][gc,phases      ] GC(89)   Other: 0.1ms
[17.347s][info][gc,heap        ] GC(89) Eden regions: 3->0(3)
[17.347s][info][gc,heap        ] GC(89) Survivor regions: 1->1(1)
[17.347s][info][gc,heap        ] GC(89) Old regions: 2->2
[17.347s][info][gc,heap        ] GC(89) Archive regions: 0->0
[17.347s][info][gc,heap        ] GC(89) Humongous regions: 0->0
[17.347s][info][gc,metaspace   ] GC(89) Metaspace: 12040K(12288K)->12040K(12288K) NonClass: 10411K(10560K)->10411K(10560K) Class: 1628K(1728K)->1628K(1728K)
[17.347s][info][gc             ] GC(89) Pause Young (Normal) (G1 Evacuation Pause) 75M->27M(112M) 7.232ms
[17.347s][info][gc,cpu         ] GC(89) User=0.02s Sys=0.02s Real=0.02s
[17.377s][info][gc,start       ] GC(90) Pause Full (System.gc())
[17.377s][info][gc,task        ] GC(90) Using 1 workers of 33 for full compaction
[17.377s][info][gc,phases,start] GC(90) Phase 1: Mark live objects
[17.431s][info][gc,phases      ] GC(90) Phase 1: Mark live objects 54.021ms
[17.431s][info][gc,phases,start] GC(90) Phase 2: Prepare compaction
[17.446s][info][gc,phases      ] GC(90) Phase 2: Prepare compaction 14.750ms
[17.446s][info][gc,phases,start] GC(90) Phase 3: Adjust pointers
[17.469s][info][gc,phases      ] GC(90) Phase 3: Adjust pointers 23.270ms
[17.469s][info][gc,phases,start] GC(90) Phase 4: Compact heap
[17.474s][info][gc,phases      ] GC(90) Phase 4: Compact heap 5.043ms
[17.476s][info][gc,heap        ] GC(90) Eden regions: 1->0(4)
[17.476s][info][gc,heap        ] GC(90) Survivor regions: 1->0(1)
[17.476s][info][gc,heap        ] GC(90) Old regions: 2->2
[17.476s][info][gc,heap        ] GC(90) Archive regions: 0->0
[17.476s][info][gc,heap        ] GC(90) Humongous regions: 0->0
[17.476s][info][gc,metaspace   ] GC(90) Metaspace: 12040K(12288K)->12040K(12288K) NonClass: 10411K(10560K)->10411K(10560K) Class: 1628K(1728K)->1628K(1728K)
[17.476s][info][gc             ] GC(90) Pause Full (System.gc()) 37M->25M(112M) 99.739ms
[17.477s][info][gc,cpu         ] GC(90) User=0.09s Sys=0.00s Real=0.09s
[17.641s][info][gc,start       ] GC(91) Pause Young (Normal) (G1 Evacuation Pause)
[17.641s][info][gc,task        ] GC(91) Using 2 workers of 33 for evacuation
[17.651s][info][gc,phases      ] GC(91)   Pre Evacuate Collection Set: 0.1ms
[17.651s][info][gc,phases      ] GC(91)   Merge Heap Roots: 0.1ms
[17.651s][info][gc,phases      ] GC(91)   Evacuate Collection Set: 3.2ms
[17.651s][info][gc,phases      ] GC(91)   Post Evacuate Collection Set: 7.0ms
[17.651s][info][gc,phases      ] GC(91)   Other: 0.1ms
[17.651s][info][gc,heap        ] GC(91) Eden regions: 4->0(39)
[17.651s][info][gc,heap        ] GC(91) Survivor regions: 0->1(1)
[17.651s][info][gc,heap        ] GC(91) Old regions: 2->2
[17.651s][info][gc,heap        ] GC(91) Archive regions: 0->0
[17.651s][info][gc,heap        ] GC(91) Humongous regions: 0->0
[17.651s][info][gc,metaspace   ] GC(91) Metaspace: 12040K(12288K)->12040K(12288K) NonClass: 10411K(10560K)->10411K(10560K) Class: 1628K(1728K)->1628K(1728K)
[17.652s][info][gc             ] GC(91) Pause Young (Normal) (G1 Evacuation Pause) 89M->27M(1088M) 10.982ms
[17.652s][info][gc,cpu         ] GC(91) User=0.00s Sys=0.02s Real=0.01s
[17.814s][info][gc,start       ] GC(92) Pause Full (System.gc())
[17.814s][info][gc,task        ] GC(92) Using 6 workers of 33 for full compaction
[17.814s][info][gc,phases,start] GC(92) Phase 1: Mark live objects
[17.832s][info][gc,phases      ] GC(92) Phase 1: Mark live objects 17.768ms
[17.832s][info][gc,phases,start] GC(92) Phase 2: Prepare compaction
[17.838s][info][gc,phases      ] GC(92) Phase 2: Prepare compaction 5.797ms
[17.838s][info][gc,phases,start] GC(92) Phase 3: Adjust pointers
[17.848s][info][gc,phases      ] GC(92) Phase 3: Adjust pointers 10.697ms
[17.848s][info][gc,phases,start] GC(92) Phase 4: Compact heap
[17.853s][info][gc,phases      ] GC(92) Phase 4: Compact heap 4.287ms
[17.860s][info][gc,heap        ] GC(92) Eden regions: 4->0(6)
[17.860s][info][gc,heap        ] GC(92) Survivor regions: 1->0(1)
[17.860s][info][gc,heap        ] GC(92) Old regions: 2->3
[17.860s][info][gc,heap        ] GC(92) Archive regions: 0->0
[17.860s][info][gc,heap        ] GC(92) Humongous regions: 0->0
[17.860s][info][gc,metaspace   ] GC(92) Metaspace: 12040K(12288K)->12040K(12288K) NonClass: 10411K(10560K)->10411K(10560K) Class: 1628K(1728K)->1628K(1728K)
[17.860s][info][gc             ] GC(92) Pause Full (System.gc()) 84M->25M(160M) 46.327ms
[17.860s][info][gc,cpu         ] GC(92) User=0.17s Sys=0.09s Real=0.05s
[18.124s][info][gc,start       ] GC(93) Pause Young (Normal) (G1 Evacuation Pause)
[18.124s][info][gc,task        ] GC(93) Using 4 workers of 33 for evacuation
[18.126s][info][gc,phases      ] GC(93)   Pre Evacuate Collection Set: 0.1ms
[18.126s][info][gc,phases      ] GC(93)   Merge Heap Roots: 0.1ms
[18.126s][info][gc,phases      ] GC(93)   Evacuate Collection Set: 1.6ms
[18.126s][info][gc,phases      ] GC(93)   Post Evacuate Collection Set: 0.2ms
[18.126s][info][gc,phases      ] GC(93)   Other: 0.1ms
[18.126s][info][gc,heap        ] GC(93) Eden regions: 6->0(5)
[18.126s][info][gc,heap        ] GC(93) Survivor regions: 0->1(1)
[18.126s][info][gc,heap        ] GC(93) Old regions: 3->3
[18.126s][info][gc,heap        ] GC(93) Archive regions: 0->0
[18.126s][info][gc,heap        ] GC(93) Humongous regions: 0->0
[18.126s][info][gc,metaspace   ] GC(93) Metaspace: 12040K(12288K)->12040K(12288K) NonClass: 10411K(10560K)->10411K(10560K) Class: 1628K(1728K)->1628K(1728K)
[18.126s][info][gc             ] GC(93) Pause Young (Normal) (G1 Evacuation Pause) 121M->26M(160M) 2.547ms
[18.126s][info][gc,cpu         ] GC(93) User=0.00s Sys=0.00s Real=0.00s
[18.190s][info][gc,start       ] GC(94) Pause Full (System.gc())
[18.190s][info][gc,task        ] GC(94) Using 1 workers of 33 for full compaction
[18.190s][info][gc,phases,start] GC(94) Phase 1: Mark live objects
[18.244s][info][gc,phases      ] GC(94) Phase 1: Mark live objects 54.356ms
[18.244s][info][gc,phases,start] GC(94) Phase 2: Prepare compaction
[18.259s][info][gc,phases      ] GC(94) Phase 2: Prepare compaction 14.981ms
[18.259s][info][gc,phases,start] GC(94) Phase 3: Adjust pointers
[18.282s][info][gc,phases      ] GC(94) Phase 3: Adjust pointers 22.547ms
[18.282s][info][gc,phases,start] GC(94) Phase 4: Compact heap
[18.287s][info][gc,phases      ] GC(94) Phase 4: Compact heap 5.147ms
[18.289s][info][gc,heap        ] GC(94) Eden regions: 2->0(4)
[18.289s][info][gc,heap        ] GC(94) Survivor regions: 1->0(1)
[18.289s][info][gc,heap        ] GC(94) Old regions: 3->2
[18.289s][info][gc,heap        ] GC(94) Archive regions: 0->0
[18.289s][info][gc,heap        ] GC(94) Humongous regions: 0->0
[18.289s][info][gc,metaspace   ] GC(94) Metaspace: 12040K(12288K)->12040K(12288K) NonClass: 10411K(10560K)->10411K(10560K) Class: 1628K(1728K)->1628K(1728K)
[18.289s][info][gc             ] GC(94) Pause Full (System.gc()) 52M->25M(112M) 99.665ms
[18.289s][info][gc,cpu         ] GC(94) User=0.09s Sys=0.02s Real=0.11s
[18.453s][info][gc,start       ] GC(95) Pause Young (Normal) (G1 Evacuation Pause)
[18.453s][info][gc,task        ] GC(95) Using 2 workers of 33 for evacuation
[18.458s][info][gc,phases      ] GC(95)   Pre Evacuate Collection Set: 0.1ms
[18.458s][info][gc,phases      ] GC(95)   Merge Heap Roots: 0.1ms
[18.458s][info][gc,phases      ] GC(95)   Evacuate Collection Set: 4.7ms
[18.458s][info][gc,phases      ] GC(95)   Post Evacuate Collection Set: 0.2ms
[18.458s][info][gc,phases      ] GC(95)   Other: 0.1ms
[18.458s][info][gc,heap        ] GC(95) Eden regions: 4->0(3)
[18.458s][info][gc,heap        ] GC(95) Survivor regions: 0->1(1)
[18.458s][info][gc,heap        ] GC(95) Old regions: 2->2
[18.458s][info][gc,heap        ] GC(95) Archive regions: 0->0
[18.458s][info][gc,heap        ] GC(95) Humongous regions: 0->0
[18.458s][info][gc,metaspace   ] GC(95) Metaspace: 12048K(12288K)->12048K(12288K) NonClass: 10419K(10560K)->10419K(10560K) Class: 1628K(1728K)->1628K(1728K)
[18.458s][info][gc             ] GC(95) Pause Young (Normal) (G1 Evacuation Pause) 89M->27M(112M) 5.655ms
[18.458s][info][gc,cpu         ] GC(95) User=0.03s Sys=0.00s Real=0.02s
[18.570s][info][gc,start       ] GC(96) Pause Young (Normal) (G1 Evacuation Pause)
[18.570s][info][gc,task        ] GC(96) Using 2 workers of 33 for evacuation
[18.576s][info][gc,phases      ] GC(96)   Pre Evacuate Collection Set: 0.0ms
[18.576s][info][gc,phases      ] GC(96)   Merge Heap Roots: 0.1ms
[18.576s][info][gc,phases      ] GC(96)   Evacuate Collection Set: 6.3ms
[18.577s][info][gc,phases      ] GC(96)   Post Evacuate Collection Set: 0.2ms
[18.577s][info][gc,phases      ] GC(96)   Other: 0.1ms
[18.577s][info][gc,heap        ] GC(96) Eden regions: 3->0(3)
[18.577s][info][gc,heap        ] GC(96) Survivor regions: 1->1(1)
[18.577s][info][gc,heap        ] GC(96) Old regions: 2->2
[18.577s][info][gc,heap        ] GC(96) Archive regions: 0->0
[18.577s][info][gc,heap        ] GC(96) Humongous regions: 0->0
[18.577s][info][gc,metaspace   ] GC(96) Metaspace: 12048K(12288K)->12048K(12288K) NonClass: 10419K(10560K)->10419K(10560K) Class: 1628K(1728K)->1628K(1728K)
[18.577s][info][gc             ] GC(96) Pause Young (Normal) (G1 Evacuation Pause) 75M->27M(112M) 7.156ms
[18.577s][info][gc,cpu         ] GC(96) User=0.03s Sys=0.00s Real=0.02s
[18.609s][info][gc,start       ] GC(97) Pause Full (System.gc())
[18.609s][info][gc,task        ] GC(97) Using 1 workers of 33 for full compaction
[18.609s][info][gc,phases,start] GC(97) Phase 1: Mark live objects
[18.661s][info][gc,phases      ] GC(97) Phase 1: Mark live objects 52.217ms
[18.661s][info][gc,phases,start] GC(97) Phase 2: Prepare compaction
[18.675s][info][gc,phases      ] GC(97) Phase 2: Prepare compaction 13.678ms
[18.675s][info][gc,phases,start] GC(97) Phase 3: Adjust pointers
[18.701s][info][gc,phases      ] GC(97) Phase 3: Adjust pointers 25.879ms
[18.701s][info][gc,phases,start] GC(97) Phase 4: Compact heap
[18.706s][info][gc,phases      ] GC(97) Phase 4: Compact heap 5.029ms
[18.708s][info][gc,heap        ] GC(97) Eden regions: 1->0(4)
[18.708s][info][gc,heap        ] GC(97) Survivor regions: 1->0(1)
[18.708s][info][gc,heap        ] GC(97) Old regions: 2->2
[18.708s][info][gc,heap        ] GC(97) Archive regions: 0->0
[18.708s][info][gc,heap        ] GC(97) Humongous regions: 0->0
[18.708s][info][gc,metaspace   ] GC(97) Metaspace: 12048K(12288K)->12048K(12288K) NonClass: 10419K(10560K)->10419K(10560K) Class: 1628K(1728K)->1628K(1728K)
[18.708s][info][gc             ] GC(97) Pause Full (System.gc()) 37M->25M(112M) 98.784ms
[18.708s][info][gc,cpu         ] GC(97) User=0.09s Sys=0.00s Real=0.09s
[18.871s][info][gc,start       ] GC(98) Pause Young (Normal) (G1 Evacuation Pause)
[18.871s][info][gc,task        ] GC(98) Using 2 workers of 33 for evacuation
[18.883s][info][gc,phases      ] GC(98)   Pre Evacuate Collection Set: 0.1ms
[18.883s][info][gc,phases      ] GC(98)   Merge Heap Roots: 0.1ms
[18.883s][info][gc,phases      ] GC(98)   Evacuate Collection Set: 4.7ms
[18.883s][info][gc,phases      ] GC(98)   Post Evacuate Collection Set: 7.0ms
[18.883s][info][gc,phases      ] GC(98)   Other: 0.1ms
[18.883s][info][gc,heap        ] GC(98) Eden regions: 4->0(39)
[18.883s][info][gc,heap        ] GC(98) Survivor regions: 0->1(1)
[18.883s][info][gc,heap        ] GC(98) Old regions: 2->2
[18.883s][info][gc,heap        ] GC(98) Archive regions: 0->0
[18.883s][info][gc,heap        ] GC(98) Humongous regions: 0->0
[18.883s][info][gc,metaspace   ] GC(98) Metaspace: 12050K(12288K)->12050K(12288K) NonClass: 10421K(10560K)->10421K(10560K) Class: 1628K(1728K)->1628K(1728K)
[18.883s][info][gc             ] GC(98) Pause Young (Normal) (G1 Evacuation Pause) 89M->27M(1088M) 12.405ms
[18.883s][info][gc,cpu         ] GC(98) User=0.00s Sys=0.00s Real=0.00s
[19.043s][info][gc,start       ] GC(99) Pause Full (System.gc())
[19.043s][info][gc,task        ] GC(99) Using 6 workers of 33 for full compaction
[19.043s][info][gc,phases,start] GC(99) Phase 1: Mark live objects
[19.063s][info][gc,phases      ] GC(99) Phase 1: Mark live objects 20.097ms
[19.063s][info][gc,phases,start] GC(99) Phase 2: Prepare compaction
[19.068s][info][gc,phases      ] GC(99) Phase 2: Prepare compaction 4.615ms
[19.068s][info][gc,phases,start] GC(99) Phase 3: Adjust pointers
[19.083s][info][gc,phases      ] GC(99) Phase 3: Adjust pointers 15.074ms
[19.083s][info][gc,phases,start] GC(99) Phase 4: Compact heap
[19.087s][info][gc,phases      ] GC(99) Phase 4: Compact heap 3.808ms
[19.094s][info][gc,heap        ] GC(99) Eden regions: 4->0(6)
[19.094s][info][gc,heap        ] GC(99) Survivor regions: 1->0(1)
[19.094s][info][gc,heap        ] GC(99) Old regions: 2->3
[19.094s][info][gc,heap        ] GC(99) Archive regions: 0->0
[19.094s][info][gc,heap        ] GC(99) Humongous regions: 0->0
[19.094s][info][gc,metaspace   ] GC(99) Metaspace: 12052K(12288K)->12052K(12288K) NonClass: 10423K(10560K)->10423K(10560K) Class: 1628K(1728K)->1628K(1728K)
[19.094s][info][gc             ] GC(99) Pause Full (System.gc()) 84M->25M(160M) 51.132ms
[19.094s][info][gc,cpu         ] GC(99) User=0.17s Sys=0.08s Real=0.05s
[19.361s][info][gc,start       ] GC(100) Pause Young (Normal) (G1 Evacuation Pause)
[19.361s][info][gc,task        ] GC(100) Using 4 workers of 33 for evacuation
[19.363s][info][gc,phases      ] GC(100)   Pre Evacuate Collection Set: 0.1ms
[19.363s][info][gc,phases      ] GC(100)   Merge Heap Roots: 0.1ms
[19.363s][info][gc,phases      ] GC(100)   Evacuate Collection Set: 1.2ms
[19.363s][info][gc,phases      ] GC(100)   Post Evacuate Collection Set: 0.2ms
[19.363s][info][gc,phases      ] GC(100)   Other: 0.1ms
[19.363s][info][gc,heap        ] GC(100) Eden regions: 6->0(5)
[19.363s][info][gc,heap        ] GC(100) Survivor regions: 0->1(1)
[19.363s][info][gc,heap        ] GC(100) Old regions: 3->3
[19.363s][info][gc,heap        ] GC(100) Archive regions: 0->0
[19.363s][info][gc,heap        ] GC(100) Humongous regions: 0->0
[19.363s][info][gc,metaspace   ] GC(100) Metaspace: 12052K(12288K)->12052K(12288K) NonClass: 10423K(10560K)->10423K(10560K) Class: 1628K(1728K)->1628K(1728K)
[19.363s][info][gc             ] GC(100) Pause Young (Normal) (G1 Evacuation Pause) 121M->26M(160M) 2.192ms
[19.363s][info][gc,cpu         ] GC(100) User=0.00s Sys=0.00s Real=0.00s
[19.442s][info][gc,start       ] GC(101) Pause Full (System.gc())
[19.442s][info][gc,task        ] GC(101) Using 1 workers of 33 for full compaction
[19.442s][info][gc,phases,start] GC(101) Phase 1: Mark live objects
[19.495s][info][gc,phases      ] GC(101) Phase 1: Mark live objects 53.097ms
[19.495s][info][gc,phases,start] GC(101) Phase 2: Prepare compaction
[19.509s][info][gc,phases      ] GC(101) Phase 2: Prepare compaction 13.956ms
[19.509s][info][gc,phases,start] GC(101) Phase 3: Adjust pointers
[19.533s][info][gc,phases      ] GC(101) Phase 3: Adjust pointers 24.044ms
[19.533s][info][gc,phases,start] GC(101) Phase 4: Compact heap
[19.538s][info][gc,phases      ] GC(101) Phase 4: Compact heap 5.101ms
[19.540s][info][gc,heap        ] GC(101) Eden regions: 2->0(4)
[19.540s][info][gc,heap        ] GC(101) Survivor regions: 1->0(1)
[19.540s][info][gc,heap        ] GC(101) Old regions: 3->2
[19.540s][info][gc,heap        ] GC(101) Archive regions: 0->0
[19.540s][info][gc,heap        ] GC(101) Humongous regions: 0->0
[19.540s][info][gc,metaspace   ] GC(101) Metaspace: 12052K(12288K)->12052K(12288K) NonClass: 10423K(10560K)->10423K(10560K) Class: 1628K(1728K)->1628K(1728K)
[19.540s][info][gc             ] GC(101) Pause Full (System.gc()) 52M->25M(112M) 98.948ms
[19.541s][info][gc,cpu         ] GC(101) User=0.09s Sys=0.00s Real=0.09s
[19.720s][info][gc,start       ] GC(102) Pause Young (Normal) (G1 Evacuation Pause)
[19.720s][info][gc,task        ] GC(102) Using 2 workers of 33 for evacuation
[19.726s][info][gc,phases      ] GC(102)   Pre Evacuate Collection Set: 0.1ms
[19.726s][info][gc,phases      ] GC(102)   Merge Heap Roots: 0.1ms
[19.726s][info][gc,phases      ] GC(102)   Evacuate Collection Set: 4.6ms
[19.726s][info][gc,phases      ] GC(102)   Post Evacuate Collection Set: 0.2ms
[19.726s][info][gc,phases      ] GC(102)   Other: 0.1ms
[19.726s][info][gc,heap        ] GC(102) Eden regions: 4->0(3)
[19.726s][info][gc,heap        ] GC(102) Survivor regions: 0->1(1)
[19.726s][info][gc,heap        ] GC(102) Old regions: 2->2
[19.726s][info][gc,heap        ] GC(102) Archive regions: 0->0
[19.726s][info][gc,heap        ] GC(102) Humongous regions: 0->0
[19.726s][info][gc,metaspace   ] GC(102) Metaspace: 12052K(12288K)->12052K(12288K) NonClass: 10423K(10560K)->10423K(10560K) Class: 1628K(1728K)->1628K(1728K)
[19.726s][info][gc             ] GC(102) Pause Young (Normal) (G1 Evacuation Pause) 89M->27M(112M) 5.587ms
[19.726s][info][gc,cpu         ] GC(102) User=0.00s Sys=0.00s Real=0.00s
[19.849s][info][gc,start       ] GC(103) Pause Young (Normal) (G1 Evacuation Pause)
[19.849s][info][gc,task        ] GC(103) Using 2 workers of 33 for evacuation
[19.856s][info][gc,phases      ] GC(103)   Pre Evacuate Collection Set: 0.0ms
[19.856s][info][gc,phases      ] GC(103)   Merge Heap Roots: 0.1ms
[19.856s][info][gc,phases      ] GC(103)   Evacuate Collection Set: 6.2ms
[19.856s][info][gc,phases      ] GC(103)   Post Evacuate Collection Set: 0.2ms
[19.856s][info][gc,phases      ] GC(103)   Other: 0.1ms
[19.856s][info][gc,heap        ] GC(103) Eden regions: 3->0(3)
[19.856s][info][gc,heap        ] GC(103) Survivor regions: 1->1(1)
[19.856s][info][gc,heap        ] GC(103) Old regions: 2->2
[19.856s][info][gc,heap        ] GC(103) Archive regions: 0->0
[19.856s][info][gc,heap        ] GC(103) Humongous regions: 0->0
[19.856s][info][gc,metaspace   ] GC(103) Metaspace: 12052K(12288K)->12052K(12288K) NonClass: 10423K(10560K)->10423K(10560K) Class: 1628K(1728K)->1628K(1728K)
[19.856s][info][gc             ] GC(103) Pause Young (Normal) (G1 Evacuation Pause) 75M->27M(112M) 7.086ms
[19.856s][info][gc,cpu         ] GC(103) User=0.03s Sys=0.00s Real=0.02s
[19.888s][info][gc,start       ] GC(104) Pause Full (System.gc())
[19.888s][info][gc,task        ] GC(104) Using 1 workers of 33 for full compaction
[19.888s][info][gc,phases,start] GC(104) Phase 1: Mark live objects
[19.940s][info][gc,phases      ] GC(104) Phase 1: Mark live objects 51.128ms
[19.940s][info][gc,phases,start] GC(104) Phase 2: Prepare compaction
[19.954s][info][gc,phases      ] GC(104) Phase 2: Prepare compaction 14.096ms
[19.954s][info][gc,phases,start] GC(104) Phase 3: Adjust pointers
[19.977s][info][gc,phases      ] GC(104) Phase 3: Adjust pointers 23.196ms
[19.977s][info][gc,phases,start] GC(104) Phase 4: Compact heap
[19.982s][info][gc,phases      ] GC(104) Phase 4: Compact heap 5.080ms
[19.984s][info][gc,heap        ] GC(104) Eden regions: 1->0(4)
[19.984s][info][gc,heap        ] GC(104) Survivor regions: 1->0(1)
[19.984s][info][gc,heap        ] GC(104) Old regions: 2->2
[19.984s][info][gc,heap        ] GC(104) Archive regions: 0->0
[19.984s][info][gc,heap        ] GC(104) Humongous regions: 0->0
[19.984s][info][gc,metaspace   ] GC(104) Metaspace: 12052K(12288K)->12052K(12288K) NonClass: 10423K(10560K)->10423K(10560K) Class: 1628K(1728K)->1628K(1728K)
[19.984s][info][gc             ] GC(104) Pause Full (System.gc()) 37M->25M(112M) 96.143ms
[19.984s][info][gc,cpu         ] GC(104) User=0.09s Sys=0.00s Real=0.09s
[20.163s][info][gc,start       ] GC(105) Pause Young (Normal) (G1 Evacuation Pause)
[20.164s][info][gc,task        ] GC(105) Using 2 workers of 33 for evacuation
[20.175s][info][gc,phases      ] GC(105)   Pre Evacuate Collection Set: 0.0ms
[20.175s][info][gc,phases      ] GC(105)   Merge Heap Roots: 0.1ms
[20.175s][info][gc,phases      ] GC(105)   Evacuate Collection Set: 4.6ms
[20.175s][info][gc,phases      ] GC(105)   Post Evacuate Collection Set: 7.0ms
[20.176s][info][gc,phases      ] GC(105)   Other: 0.1ms
[20.176s][info][gc,heap        ] GC(105) Eden regions: 4->0(39)
[20.176s][info][gc,heap        ] GC(105) Survivor regions: 0->1(1)
[20.176s][info][gc,heap        ] GC(105) Old regions: 2->2
[20.176s][info][gc,heap        ] GC(105) Archive regions: 0->0
[20.176s][info][gc,heap        ] GC(105) Humongous regions: 0->0
[20.176s][info][gc,metaspace   ] GC(105) Metaspace: 12052K(12288K)->12052K(12288K) NonClass: 10423K(10560K)->10423K(10560K) Class: 1628K(1728K)->1628K(1728K)
[20.176s][info][gc             ] GC(105) Pause Young (Normal) (G1 Evacuation Pause) 89M->27M(1088M) 12.349ms
[20.176s][info][gc,cpu         ] GC(105) User=0.00s Sys=0.00s Real=0.00s
[20.349s][info][gc,start       ] GC(106) Pause Full (System.gc())
[20.349s][info][gc,task        ] GC(106) Using 6 workers of 33 for full compaction
[20.349s][info][gc,phases,start] GC(106) Phase 1: Mark live objects
[20.368s][info][gc,phases      ] GC(106) Phase 1: Mark live objects 18.633ms
[20.368s][info][gc,phases,start] GC(106) Phase 2: Prepare compaction
[20.373s][info][gc,phases      ] GC(106) Phase 2: Prepare compaction 5.374ms
[20.373s][info][gc,phases,start] GC(106) Phase 3: Adjust pointers
[20.382s][info][gc,phases      ] GC(106) Phase 3: Adjust pointers 8.830ms
[20.382s][info][gc,phases,start] GC(106) Phase 4: Compact heap
[20.386s][info][gc,phases      ] GC(106) Phase 4: Compact heap 4.041ms
[20.392s][info][gc,heap        ] GC(106) Eden regions: 4->0(6)
[20.393s][info][gc,heap        ] GC(106) Survivor regions: 1->0(1)
[20.393s][info][gc,heap        ] GC(106) Old regions: 2->3
[20.393s][info][gc,heap        ] GC(106) Archive regions: 0->0
[20.393s][info][gc,heap        ] GC(106) Humongous regions: 0->0
[20.393s][info][gc,metaspace   ] GC(106) Metaspace: 12052K(12288K)->12052K(12288K) NonClass: 10423K(10560K)->10423K(10560K) Class: 1628K(1728K)->1628K(1728K)
[20.393s][info][gc             ] GC(106) Pause Full (System.gc()) 84M->25M(160M) 44.194ms
[20.393s][info][gc,cpu         ] GC(106) User=0.17s Sys=0.11s Real=0.04s
[20.649s][info][gc,start       ] GC(107) Pause Young (Normal) (G1 Evacuation Pause)
[20.649s][info][gc,task        ] GC(107) Using 4 workers of 33 for evacuation
[20.651s][info][gc,phases      ] GC(107)   Pre Evacuate Collection Set: 0.1ms
[20.651s][info][gc,phases      ] GC(107)   Merge Heap Roots: 0.1ms
[20.651s][info][gc,phases      ] GC(107)   Evacuate Collection Set: 1.3ms
[20.651s][info][gc,phases      ] GC(107)   Post Evacuate Collection Set: 0.2ms
[20.651s][info][gc,phases      ] GC(107)   Other: 0.1ms
[20.651s][info][gc,heap        ] GC(107) Eden regions: 6->0(5)
[20.651s][info][gc,heap        ] GC(107) Survivor regions: 0->1(1)
[20.651s][info][gc,heap        ] GC(107) Old regions: 3->3
[20.651s][info][gc,heap        ] GC(107) Archive regions: 0->0
[20.651s][info][gc,heap        ] GC(107) Humongous regions: 0->0
[20.651s][info][gc,metaspace   ] GC(107) Metaspace: 12052K(12288K)->12052K(12288K) NonClass: 10423K(10560K)->10423K(10560K) Class: 1628K(1728K)->1628K(1728K)
[20.651s][info][gc             ] GC(107) Pause Young (Normal) (G1 Evacuation Pause) 121M->26M(160M) 2.268ms
[20.651s][info][gc,cpu         ] GC(107) User=0.00s Sys=0.00s Real=0.00s
[20.715s][info][gc,start       ] GC(108) Pause Full (System.gc())
[20.715s][info][gc,task        ] GC(108) Using 1 workers of 33 for full compaction
[20.715s][info][gc,phases,start] GC(108) Phase 1: Mark live objects
[20.770s][info][gc,phases      ] GC(108) Phase 1: Mark live objects 55.464ms
[20.770s][info][gc,phases,start] GC(108) Phase 2: Prepare compaction
[20.785s][info][gc,phases      ] GC(108) Phase 2: Prepare compaction 14.442ms
[20.785s][info][gc,phases,start] GC(108) Phase 3: Adjust pointers
[20.808s][info][gc,phases      ] GC(108) Phase 3: Adjust pointers 23.565ms
[20.808s][info][gc,phases,start] GC(108) Phase 4: Compact heap
[20.814s][info][gc,phases      ] GC(108) Phase 4: Compact heap 5.129ms
[20.816s][info][gc,heap        ] GC(108) Eden regions: 2->0(4)
[20.816s][info][gc,heap        ] GC(108) Survivor regions: 1->0(1)
[20.816s][info][gc,heap        ] GC(108) Old regions: 3->2
[20.816s][info][gc,heap        ] GC(108) Archive regions: 0->0
[20.816s][info][gc,heap        ] GC(108) Humongous regions: 0->0
[20.816s][info][gc,metaspace   ] GC(108) Metaspace: 12052K(12288K)->12052K(12288K) NonClass: 10423K(10560K)->10423K(10560K) Class: 1628K(1728K)->1628K(1728K)
[20.816s][info][gc             ] GC(108) Pause Full (System.gc()) 52M->25M(112M) 101.270ms
[20.816s][info][gc,cpu         ] GC(108) User=0.11s Sys=0.00s Real=0.11s
[20.982s][info][gc,start       ] GC(109) Pause Young (Normal) (G1 Evacuation Pause)
[20.982s][info][gc,task        ] GC(109) Using 2 workers of 33 for evacuation
[20.988s][info][gc,phases      ] GC(109)   Pre Evacuate Collection Set: 0.1ms
[20.988s][info][gc,phases      ] GC(109)   Merge Heap Roots: 0.1ms
[20.988s][info][gc,phases      ] GC(109)   Evacuate Collection Set: 4.7ms
[20.988s][info][gc,phases      ] GC(109)   Post Evacuate Collection Set: 0.2ms
[20.988s][info][gc,phases      ] GC(109)   Other: 0.1ms
[20.988s][info][gc,heap        ] GC(109) Eden regions: 4->0(3)
[20.988s][info][gc,heap        ] GC(109) Survivor regions: 0->1(1)
[20.988s][info][gc,heap        ] GC(109) Old regions: 2->2
[20.988s][info][gc,heap        ] GC(109) Archive regions: 0->0
[20.988s][info][gc,heap        ] GC(109) Humongous regions: 0->0
[20.988s][info][gc,metaspace   ] GC(109) Metaspace: 12052K(12288K)->12052K(12288K) NonClass: 10423K(10560K)->10423K(10560K) Class: 1628K(1728K)->1628K(1728K)
[20.988s][info][gc             ] GC(109) Pause Young (Normal) (G1 Evacuation Pause) 89M->27M(112M) 5.650ms
[20.988s][info][gc,cpu         ] GC(109) User=0.00s Sys=0.00s Real=0.00s
[21.131s][info][gc,start       ] GC(110) Pause Young (Normal) (G1 Evacuation Pause)
[21.131s][info][gc,task        ] GC(110) Using 2 workers of 33 for evacuation
[21.138s][info][gc,phases      ] GC(110)   Pre Evacuate Collection Set: 0.0ms
[21.138s][info][gc,phases      ] GC(110)   Merge Heap Roots: 0.1ms
[21.138s][info][gc,phases      ] GC(110)   Evacuate Collection Set: 6.2ms
[21.138s][info][gc,phases      ] GC(110)   Post Evacuate Collection Set: 0.2ms
[21.138s][info][gc,phases      ] GC(110)   Other: 0.1ms
[21.138s][info][gc,heap        ] GC(110) Eden regions: 3->0(3)
[21.138s][info][gc,heap        ] GC(110) Survivor regions: 1->1(1)
[21.138s][info][gc,heap        ] GC(110) Old regions: 2->2
[21.138s][info][gc,heap        ] GC(110) Archive regions: 0->0
[21.138s][info][gc,heap        ] GC(110) Humongous regions: 0->0
[21.138s][info][gc,metaspace   ] GC(110) Metaspace: 12052K(12288K)->12052K(12288K) NonClass: 10423K(10560K)->10423K(10560K) Class: 1628K(1728K)->1628K(1728K)
[21.138s][info][gc             ] GC(110) Pause Young (Normal) (G1 Evacuation Pause) 75M->27M(112M) 7.069ms
[21.138s][info][gc,cpu         ] GC(110) User=0.00s Sys=0.00s Real=0.00s
[21.182s][info][gc,start       ] GC(111) Pause Full (System.gc())
[21.182s][info][gc,task        ] GC(111) Using 1 workers of 33 for full compaction
[21.182s][info][gc,phases,start] GC(111) Phase 1: Mark live objects
[21.235s][info][gc,phases      ] GC(111) Phase 1: Mark live objects 52.892ms
[21.235s][info][gc,phases,start] GC(111) Phase 2: Prepare compaction
[21.249s][info][gc,phases      ] GC(111) Phase 2: Prepare compaction 13.687ms
[21.249s][info][gc,phases,start] GC(111) Phase 3: Adjust pointers
[21.273s][info][gc,phases      ] GC(111) Phase 3: Adjust pointers 23.811ms
[21.273s][info][gc,phases,start] GC(111) Phase 4: Compact heap
[21.278s][info][gc,phases      ] GC(111) Phase 4: Compact heap 4.998ms
[21.280s][info][gc,heap        ] GC(111) Eden regions: 1->0(4)
[21.280s][info][gc,heap        ] GC(111) Survivor regions: 1->0(1)
[21.280s][info][gc,heap        ] GC(111) Old regions: 2->2
[21.280s][info][gc,heap        ] GC(111) Archive regions: 0->0
[21.280s][info][gc,heap        ] GC(111) Humongous regions: 0->0
[21.280s][info][gc,metaspace   ] GC(111) Metaspace: 12052K(12288K)->12052K(12288K) NonClass: 10423K(10560K)->10423K(10560K) Class: 1628K(1728K)->1628K(1728K)
[21.280s][info][gc             ] GC(111) Pause Full (System.gc()) 37M->25M(112M) 98.068ms
[21.280s][info][gc,cpu         ] GC(111) User=0.09s Sys=0.00s Real=0.09s
[21.444s][info][gc,start       ] GC(112) Pause Young (Normal) (G1 Evacuation Pause)
[21.444s][info][gc,task        ] GC(112) Using 2 workers of 33 for evacuation
[21.456s][info][gc,phases      ] GC(112)   Pre Evacuate Collection Set: 0.1ms
[21.456s][info][gc,phases      ] GC(112)   Merge Heap Roots: 0.1ms
[21.456s][info][gc,phases      ] GC(112)   Evacuate Collection Set: 4.7ms
[21.456s][info][gc,phases      ] GC(112)   Post Evacuate Collection Set: 6.9ms
[21.456s][info][gc,phases      ] GC(112)   Other: 0.1ms
[21.456s][info][gc,heap        ] GC(112) Eden regions: 4->0(39)
[21.456s][info][gc,heap        ] GC(112) Survivor regions: 0->1(1)
[21.456s][info][gc,heap        ] GC(112) Old regions: 2->2
[21.456s][info][gc,heap        ] GC(112) Archive regions: 0->0
[21.456s][info][gc,heap        ] GC(112) Humongous regions: 0->0
[21.456s][info][gc,metaspace   ] GC(112) Metaspace: 12052K(12288K)->12052K(12288K) NonClass: 10423K(10560K)->10423K(10560K) Class: 1628K(1728K)->1628K(1728K)
[21.457s][info][gc             ] GC(112) Pause Young (Normal) (G1 Evacuation Pause) 89M->27M(1088M) 12.362ms
[21.457s][info][gc,cpu         ] GC(112) User=0.00s Sys=0.00s Real=0.00s
[21.616s][info][gc,start       ] GC(113) Pause Full (System.gc())
[21.616s][info][gc,task        ] GC(113) Using 6 workers of 33 for full compaction
[21.616s][info][gc,phases,start] GC(113) Phase 1: Mark live objects
[21.632s][info][gc,phases      ] GC(113) Phase 1: Mark live objects 15.793ms
[21.632s][info][gc,phases,start] GC(113) Phase 2: Prepare compaction
[21.638s][info][gc,phases      ] GC(113) Phase 2: Prepare compaction 5.851ms
[21.638s][info][gc,phases,start] GC(113) Phase 3: Adjust pointers
[21.648s][info][gc,phases      ] GC(113) Phase 3: Adjust pointers 10.749ms
[21.649s][info][gc,phases,start] GC(113) Phase 4: Compact heap
[21.651s][info][gc,phases      ] GC(113) Phase 4: Compact heap 2.524ms
[21.658s][info][gc,heap        ] GC(113) Eden regions: 4->0(6)
[21.658s][info][gc,heap        ] GC(113) Survivor regions: 1->0(1)
[21.658s][info][gc,heap        ] GC(113) Old regions: 2->3
[21.658s][info][gc,heap        ] GC(113) Archive regions: 0->0
[21.658s][info][gc,heap        ] GC(113) Humongous regions: 0->0
[21.658s][info][gc,metaspace   ] GC(113) Metaspace: 12052K(12288K)->12052K(12288K) NonClass: 10423K(10560K)->10423K(10560K) Class: 1628K(1728K)->1628K(1728K)
[21.658s][info][gc             ] GC(113) Pause Full (System.gc()) 84M->25M(160M) 42.310ms
[21.658s][info][gc,cpu         ] GC(113) User=0.14s Sys=0.09s Real=0.05s
[21.912s][info][gc,start       ] GC(114) Pause Young (Normal) (G1 Evacuation Pause)
[21.913s][info][gc,task        ] GC(114) Using 4 workers of 33 for evacuation
[21.915s][info][gc,phases      ] GC(114)   Pre Evacuate Collection Set: 0.1ms
[21.915s][info][gc,phases      ] GC(114)   Merge Heap Roots: 0.1ms
[21.915s][info][gc,phases      ] GC(114)   Evacuate Collection Set: 1.6ms
[21.915s][info][gc,phases      ] GC(114)   Post Evacuate Collection Set: 0.2ms
[21.915s][info][gc,phases      ] GC(114)   Other: 0.1ms
[21.915s][info][gc,heap        ] GC(114) Eden regions: 6->0(5)
[21.915s][info][gc,heap        ] GC(114) Survivor regions: 0->1(1)
[21.915s][info][gc,heap        ] GC(114) Old regions: 3->3
[21.915s][info][gc,heap        ] GC(114) Archive regions: 0->0
[21.915s][info][gc,heap        ] GC(114) Humongous regions: 0->0
[21.915s][info][gc,metaspace   ] GC(114) Metaspace: 12067K(12288K)->12067K(12288K) NonClass: 10438K(10560K)->10438K(10560K) Class: 1628K(1728K)->1628K(1728K)
[21.915s][info][gc             ] GC(114) Pause Young (Normal) (G1 Evacuation Pause) 121M->26M(160M) 2.593ms
[21.915s][info][gc,cpu         ] GC(114) User=0.00s Sys=0.00s Real=0.00s
[21.986s][info][gc,heap,exit   ] Heap
[21.986s][info][gc,heap,exit   ]  garbage-first heap   total 163840K, used 60197K [0x00000000a0000000, 0x0000000800000000)
[21.986s][info][gc,heap,exit   ]   region size 16384K, 4 young (65536K), 1 survivors (16384K)
[21.986s][info][gc,heap,exit   ]  Metaspace       used 12131K, committed 12352K, reserved 1114112K
[21.986s][info][gc,heap,exit   ]   class space    used 1638K, committed 1728K, reserved 1048576K
