[0.018s][info][gc,init] CardTable entry size: 512
[0.018s][info][gc     ] Using Parallel
[0.031s][info][gc,init] Version: 20+36-2344 (release)
[0.031s][info][gc,init] CPUs: 48 total, 48 available
[0.031s][info][gc,init] Memory: 382G
[0.031s][info][gc,init] Large Page Support: Disabled
[0.031s][info][gc,init] NUMA Support: Disabled
[0.031s][info][gc,init] Compressed Oops: Enabled (Zero based)
[0.031s][info][gc,init] Alignments: Space 512K, Generation 512K, Heap 2M
[0.031s][info][gc,init] Heap Min Capacity: 8M
[0.031s][info][gc,init] Heap Initial Capacity: 2G
[0.038s][info][gc,init] Heap Max Capacity: 30718M
[0.038s][info][gc,init] Pre-touch: Disabled
[0.038s][info][gc,init] Parallel Workers: 33
[0.039s][info][gc,metaspace] CDS archive(s) mapped at: [0x0000000800000000-0x0000000800c60000-0x0000000800c60000), size 12976128, SharedBaseAddress: 0x0000000800000000, ArchiveRelocationMode: 0.
[0.039s][info][gc,metaspace] Compressed class space mapped at: 0x0000000801000000-0x0000000841000000, reserved size: 1073741824
[0.039s][info][gc,metaspace] Narrow klass base: 0x0000000800000000, Narrow klass shift: 0, Narrow klass range: 0x100000000
[1.651s][info][gc,start    ] GC(0) Pause Young (System.gc())
[1.678s][info][gc,heap     ] GC(0) PSYoungGen: 136610K(611840K)->26756K(611840K) Eden: 136610K(524800K)->0K(524800K) From: 0K(87040K)->26756K(87040K)
[1.678s][info][gc,heap     ] GC(0) ParOldGen: 0K(1398272K)->16K(1398272K)
[1.678s][info][gc,metaspace] GC(0) Metaspace: 11484K(11712K)->11484K(11712K) NonClass: 9922K(10048K)->9922K(10048K) Class: 1562K(1664K)->1562K(1664K)
[1.678s][info][gc          ] GC(0) Pause Young (System.gc()) 133M->26M(1963M) 26.298ms
[1.678s][info][gc,cpu      ] GC(0) User=0.19s Sys=0.83s Real=0.03s
[1.678s][info][gc,start    ] GC(1) Pause Full (System.gc())
[1.678s][info][gc,phases,start] GC(1) Marking Phase
[1.688s][info][gc,phases      ] GC(1) Marking Phase 10.524ms
[1.688s][info][gc,phases,start] GC(1) Summary Phase
[1.688s][info][gc,phases      ] GC(1) Summary Phase 0.013ms
[1.688s][info][gc,phases,start] GC(1) Adjust Roots
[1.690s][info][gc,phases      ] GC(1) Adjust Roots 2.046ms
[1.690s][info][gc,phases,start] GC(1) Compaction Phase
[1.704s][info][gc,phases      ] GC(1) Compaction Phase 13.231ms
[1.704s][info][gc,phases,start] GC(1) Post Compact
[1.705s][info][gc,phases      ] GC(1) Post Compact 1.389ms
[1.705s][info][gc,heap        ] GC(1) PSYoungGen: 26756K(611840K)->0K(611840K) Eden: 0K(524800K)->0K(524800K) From: 26756K(87040K)->0K(87040K)
[1.705s][info][gc,heap        ] GC(1) ParOldGen: 16K(1398272K)->26236K(1398272K)
[1.705s][info][gc,metaspace   ] GC(1) Metaspace: 11484K(11712K)->11484K(11712K) NonClass: 9922K(10048K)->9922K(10048K) Class: 1562K(1664K)->1562K(1664K)
[1.705s][info][gc             ] GC(1) Pause Full (System.gc()) 26M->25M(1963M) 27.377ms
[1.705s][info][gc,cpu         ] GC(1) User=0.45s Sys=0.19s Real=0.03s
[2.053s][info][gc,start       ] GC(2) Pause Young (System.gc())
[2.054s][info][gc,heap        ] GC(2) PSYoungGen: 62976K(611840K)->1056K(611840K) Eden: 62976K(524800K)->0K(524800K) From: 0K(87040K)->1056K(87040K)
[2.054s][info][gc,heap        ] GC(2) ParOldGen: 26236K(1398272K)->26244K(1398272K)
[2.054s][info][gc,metaspace   ] GC(2) Metaspace: 11858K(12096K)->11858K(12096K) NonClass: 10233K(10368K)->10233K(10368K) Class: 1624K(1728K)->1624K(1728K)
[2.054s][info][gc             ] GC(2) Pause Young (System.gc()) 87M->26M(1963M) 0.958ms
[2.054s][info][gc,cpu         ] GC(2) User=0.00s Sys=0.00s Real=0.00s
[2.054s][info][gc,start       ] GC(3) Pause Full (System.gc())
[2.054s][info][gc,phases,start] GC(3) Marking Phase
[2.072s][info][gc,phases      ] GC(3) Marking Phase 18.267ms
[2.072s][info][gc,phases,start] GC(3) Summary Phase
[2.072s][info][gc,phases      ] GC(3) Summary Phase 0.021ms
[2.072s][info][gc,phases,start] GC(3) Adjust Roots
[2.075s][info][gc,phases      ] GC(3) Adjust Roots 2.151ms
[2.075s][info][gc,phases,start] GC(3) Compaction Phase
[2.087s][info][gc,phases      ] GC(3) Compaction Phase 12.401ms
[2.087s][info][gc,phases,start] GC(3) Post Compact
[2.088s][info][gc,phases      ] GC(3) Post Compact 0.725ms
[2.088s][info][gc,heap        ] GC(3) PSYoungGen: 1056K(611840K)->0K(611840K) Eden: 0K(524800K)->0K(524800K) From: 1056K(87040K)->0K(87040K)
[2.088s][info][gc,heap        ] GC(3) ParOldGen: 26244K(1398272K)->26295K(1398272K)
[2.088s][info][gc,metaspace   ] GC(3) Metaspace: 11858K(12096K)->11858K(12096K) NonClass: 10233K(10368K)->10233K(10368K) Class: 1624K(1728K)->1624K(1728K)
[2.088s][info][gc             ] GC(3) Pause Full (System.gc()) 26M->25M(1963M) 33.838ms
[2.088s][info][gc,cpu         ] GC(3) User=0.83s Sys=0.08s Real=0.03s
[2.355s][info][gc,start       ] GC(4) Pause Young (System.gc())
[2.356s][info][gc,heap        ] GC(4) PSYoungGen: 52480K(611840K)->224K(611840K) Eden: 52480K(524800K)->0K(524800K) From: 0K(87040K)->224K(87040K)
[2.356s][info][gc,heap        ] GC(4) ParOldGen: 26295K(1398272K)->26303K(1398272K)
[2.356s][info][gc,metaspace   ] GC(4) Metaspace: 11861K(12096K)->11861K(12096K) NonClass: 10236K(10368K)->10236K(10368K) Class: 1624K(1728K)->1624K(1728K)
[2.356s][info][gc             ] GC(4) Pause Young (System.gc()) 76M->25M(1963M) 0.667ms
[2.356s][info][gc,cpu         ] GC(4) User=0.00s Sys=0.00s Real=0.00s
[2.356s][info][gc,start       ] GC(5) Pause Full (System.gc())
[2.356s][info][gc,phases,start] GC(5) Marking Phase
[2.375s][info][gc,phases      ] GC(5) Marking Phase 19.208ms
[2.376s][info][gc,phases,start] GC(5) Summary Phase
[2.376s][info][gc,phases      ] GC(5) Summary Phase 0.021ms
[2.376s][info][gc,phases,start] GC(5) Adjust Roots
[2.377s][info][gc,phases      ] GC(5) Adjust Roots 1.567ms
[2.377s][info][gc,phases,start] GC(5) Compaction Phase
[2.390s][info][gc,phases      ] GC(5) Compaction Phase 12.805ms
[2.390s][info][gc,phases,start] GC(5) Post Compact
[2.391s][info][gc,phases      ] GC(5) Post Compact 0.600ms
[2.391s][info][gc,heap        ] GC(5) PSYoungGen: 224K(611840K)->0K(611840K) Eden: 0K(524800K)->0K(524800K) From: 224K(87040K)->0K(87040K)
[2.391s][info][gc,heap        ] GC(5) ParOldGen: 26303K(1398272K)->26294K(1398272K)
[2.391s][info][gc,metaspace   ] GC(5) Metaspace: 11861K(12096K)->11861K(12096K) NonClass: 10236K(10368K)->10236K(10368K) Class: 1624K(1728K)->1624K(1728K)
[2.391s][info][gc             ] GC(5) Pause Full (System.gc()) 25M->25M(1963M) 34.447ms
[2.391s][info][gc,cpu         ] GC(5) User=0.55s Sys=0.00s Real=0.03s
[2.649s][info][gc,start       ] GC(6) Pause Young (System.gc())
[2.649s][info][gc,heap        ] GC(6) PSYoungGen: 73472K(611840K)->128K(611840K) Eden: 73472K(524800K)->0K(524800K) From: 0K(87040K)->128K(87040K)
[2.649s][info][gc,heap        ] GC(6) ParOldGen: 26294K(1398272K)->26302K(1398272K)
[2.649s][info][gc,metaspace   ] GC(6) Metaspace: 11883K(12096K)->11883K(12096K) NonClass: 10258K(10368K)->10258K(10368K) Class: 1624K(1728K)->1624K(1728K)
[2.649s][info][gc             ] GC(6) Pause Young (System.gc()) 97M->25M(1963M) 0.640ms
[2.649s][info][gc,cpu         ] GC(6) User=0.00s Sys=0.00s Real=0.00s
[2.649s][info][gc,start       ] GC(7) Pause Full (System.gc())
[2.649s][info][gc,phases,start] GC(7) Marking Phase
[2.668s][info][gc,phases      ] GC(7) Marking Phase 18.591ms
[2.668s][info][gc,phases,start] GC(7) Summary Phase
[2.668s][info][gc,phases      ] GC(7) Summary Phase 0.022ms
[2.668s][info][gc,phases,start] GC(7) Adjust Roots
[2.670s][info][gc,phases      ] GC(7) Adjust Roots 1.819ms
[2.670s][info][gc,phases,start] GC(7) Compaction Phase
[2.679s][info][gc,phases      ] GC(7) Compaction Phase 9.043ms
[2.679s][info][gc,phases,start] GC(7) Post Compact
[2.680s][info][gc,phases      ] GC(7) Post Compact 0.534ms
[2.680s][info][gc,heap        ] GC(7) PSYoungGen: 128K(611840K)->0K(611840K) Eden: 0K(524800K)->0K(524800K) From: 128K(87040K)->0K(87040K)
[2.680s][info][gc,heap        ] GC(7) ParOldGen: 26302K(1398272K)->26294K(1398272K)
[2.680s][info][gc,metaspace   ] GC(7) Metaspace: 11883K(12096K)->11883K(12096K) NonClass: 10258K(10368K)->10258K(10368K) Class: 1624K(1728K)->1624K(1728K)
[2.680s][info][gc             ] GC(7) Pause Full (System.gc()) 25M->25M(1963M) 30.220ms
[2.680s][info][gc,cpu         ] GC(7) User=0.53s Sys=0.00s Real=0.03s
[2.953s][info][gc,start       ] GC(8) Pause Young (System.gc())
[2.954s][info][gc,heap        ] GC(8) PSYoungGen: 125952K(611840K)->288K(611840K) Eden: 125952K(524800K)->0K(524800K) From: 0K(87040K)->288K(87040K)
[2.954s][info][gc,heap        ] GC(8) ParOldGen: 26294K(1398272K)->26294K(1398272K)
[2.954s][info][gc,metaspace   ] GC(8) Metaspace: 11932K(12160K)->11932K(12160K) NonClass: 10307K(10432K)->10307K(10432K) Class: 1625K(1728K)->1625K(1728K)
[2.954s][info][gc             ] GC(8) Pause Young (System.gc()) 148M->25M(1963M) 0.644ms
[2.954s][info][gc,cpu         ] GC(8) User=0.00s Sys=0.00s Real=0.00s
[2.954s][info][gc,start       ] GC(9) Pause Full (System.gc())
[2.954s][info][gc,phases,start] GC(9) Marking Phase
[2.973s][info][gc,phases      ] GC(9) Marking Phase 18.529ms
[2.973s][info][gc,phases,start] GC(9) Summary Phase
[2.973s][info][gc,phases      ] GC(9) Summary Phase 0.020ms
[2.973s][info][gc,phases,start] GC(9) Adjust Roots
[2.974s][info][gc,phases      ] GC(9) Adjust Roots 1.815ms
[2.974s][info][gc,phases,start] GC(9) Compaction Phase
[2.989s][info][gc,phases      ] GC(9) Compaction Phase 14.179ms
[2.989s][info][gc,phases,start] GC(9) Post Compact
[2.989s][info][gc,phases      ] GC(9) Post Compact 0.597ms
[2.989s][info][gc,heap        ] GC(9) PSYoungGen: 288K(611840K)->0K(611840K) Eden: 0K(524800K)->0K(524800K) From: 288K(87040K)->0K(87040K)
[2.989s][info][gc,heap        ] GC(9) ParOldGen: 26294K(1398272K)->26295K(1398272K)
[2.989s][info][gc,metaspace   ] GC(9) Metaspace: 11932K(12160K)->11932K(12160K) NonClass: 10307K(10432K)->10307K(10432K) Class: 1625K(1728K)->1625K(1728K)
[2.989s][info][gc             ] GC(9) Pause Full (System.gc()) 25M->25M(1963M) 35.387ms
[2.989s][info][gc,cpu         ] GC(9) User=0.55s Sys=0.00s Real=0.03s
[3.269s][info][gc,start       ] GC(10) Pause Young (System.gc())
[3.270s][info][gc,heap        ] GC(10) PSYoungGen: 125952K(611840K)->96K(611840K) Eden: 125952K(524800K)->0K(524800K) From: 0K(87040K)->96K(87040K)
[3.270s][info][gc,heap        ] GC(10) ParOldGen: 26295K(1398272K)->26295K(1398272K)
[3.270s][info][gc,metaspace   ] GC(10) Metaspace: 11934K(12160K)->11934K(12160K) NonClass: 10308K(10432K)->10308K(10432K) Class: 1625K(1728K)->1625K(1728K)
[3.270s][info][gc             ] GC(10) Pause Young (System.gc()) 148M->25M(1963M) 0.638ms
[3.270s][info][gc,cpu         ] GC(10) User=0.00s Sys=0.00s Real=0.00s
[3.270s][info][gc,start       ] GC(11) Pause Full (System.gc())
[3.270s][info][gc,phases,start] GC(11) Marking Phase
[3.288s][info][gc,phases      ] GC(11) Marking Phase 17.961ms
[3.288s][info][gc,phases,start] GC(11) Summary Phase
[3.288s][info][gc,phases      ] GC(11) Summary Phase 0.021ms
[3.288s][info][gc,phases,start] GC(11) Adjust Roots
[3.289s][info][gc,phases      ] GC(11) Adjust Roots 1.597ms
[3.289s][info][gc,phases,start] GC(11) Compaction Phase
[3.298s][info][gc,phases      ] GC(11) Compaction Phase 8.781ms
[3.298s][info][gc,phases,start] GC(11) Post Compact
[3.299s][info][gc,phases      ] GC(11) Post Compact 0.565ms
[3.299s][info][gc,heap        ] GC(11) PSYoungGen: 96K(611840K)->0K(611840K) Eden: 0K(524800K)->0K(524800K) From: 96K(87040K)->0K(87040K)
[3.299s][info][gc,heap        ] GC(11) ParOldGen: 26295K(1398272K)->26295K(1398272K)
[3.299s][info][gc,metaspace   ] GC(11) Metaspace: 11934K(12160K)->11934K(12160K) NonClass: 10308K(10432K)->10308K(10432K) Class: 1625K(1728K)->1625K(1728K)
[3.299s][info][gc             ] GC(11) Pause Full (System.gc()) 25M->25M(1963M) 29.170ms
[3.299s][info][gc,cpu         ] GC(11) User=0.55s Sys=0.00s Real=0.03s
[3.575s][info][gc,start       ] GC(12) Pause Young (System.gc())
[3.576s][info][gc,heap        ] GC(12) PSYoungGen: 125952K(611840K)->128K(611840K) Eden: 125952K(524800K)->0K(524800K) From: 0K(87040K)->128K(87040K)
[3.576s][info][gc,heap        ] GC(12) ParOldGen: 26295K(1398272K)->26295K(1398272K)
[3.576s][info][gc,metaspace   ] GC(12) Metaspace: 11935K(12160K)->11935K(12160K) NonClass: 10310K(10432K)->10310K(10432K) Class: 1625K(1728K)->1625K(1728K)
[3.576s][info][gc             ] GC(12) Pause Young (System.gc()) 148M->25M(1963M) 0.720ms
[3.576s][info][gc,cpu         ] GC(12) User=0.00s Sys=0.00s Real=0.00s
[3.576s][info][gc,start       ] GC(13) Pause Full (System.gc())
[3.576s][info][gc,phases,start] GC(13) Marking Phase
[3.595s][info][gc,phases      ] GC(13) Marking Phase 18.572ms
[3.595s][info][gc,phases,start] GC(13) Summary Phase
[3.595s][info][gc,phases      ] GC(13) Summary Phase 0.018ms
[3.595s][info][gc,phases,start] GC(13) Adjust Roots
[3.596s][info][gc,phases      ] GC(13) Adjust Roots 1.809ms
[3.596s][info][gc,phases,start] GC(13) Compaction Phase
[3.607s][info][gc,phases      ] GC(13) Compaction Phase 10.779ms
[3.607s][info][gc,phases,start] GC(13) Post Compact
[3.608s][info][gc,phases      ] GC(13) Post Compact 0.555ms
[3.608s][info][gc,heap        ] GC(13) PSYoungGen: 128K(611840K)->0K(611840K) Eden: 0K(524800K)->0K(524800K) From: 128K(87040K)->0K(87040K)
[3.608s][info][gc,heap        ] GC(13) ParOldGen: 26295K(1398272K)->26295K(1398272K)
[3.608s][info][gc,metaspace   ] GC(13) Metaspace: 11935K(12160K)->11935K(12160K) NonClass: 10310K(10432K)->10310K(10432K) Class: 1625K(1728K)->1625K(1728K)
[3.608s][info][gc             ] GC(13) Pause Full (System.gc()) 25M->25M(1963M) 31.968ms
[3.608s][info][gc,cpu         ] GC(13) User=0.55s Sys=0.00s Real=0.03s
[3.896s][info][gc,start       ] GC(14) Pause Young (System.gc())
[3.896s][info][gc,heap        ] GC(14) PSYoungGen: 136448K(611840K)->64K(611840K) Eden: 136448K(524800K)->0K(524800K) From: 0K(87040K)->64K(87040K)
[3.896s][info][gc,heap        ] GC(14) ParOldGen: 26295K(1398272K)->26295K(1398272K)
[3.896s][info][gc,metaspace   ] GC(14) Metaspace: 11942K(12160K)->11942K(12160K) NonClass: 10315K(10432K)->10315K(10432K) Class: 1627K(1728K)->1627K(1728K)
[3.896s][info][gc             ] GC(14) Pause Young (System.gc()) 158M->25M(1963M) 0.662ms
[3.896s][info][gc,cpu         ] GC(14) User=0.00s Sys=0.00s Real=0.00s
[3.897s][info][gc,start       ] GC(15) Pause Full (System.gc())
[3.897s][info][gc,phases,start] GC(15) Marking Phase
[3.916s][info][gc,phases      ] GC(15) Marking Phase 19.047ms
[3.916s][info][gc,phases,start] GC(15) Summary Phase
[3.916s][info][gc,phases      ] GC(15) Summary Phase 0.017ms
[3.916s][info][gc,phases,start] GC(15) Adjust Roots
[3.918s][info][gc,phases      ] GC(15) Adjust Roots 1.783ms
[3.918s][info][gc,phases,start] GC(15) Compaction Phase
[3.927s][info][gc,phases      ] GC(15) Compaction Phase 9.577ms
[3.927s][info][gc,phases,start] GC(15) Post Compact
[3.928s][info][gc,phases      ] GC(15) Post Compact 0.529ms
[3.928s][info][gc,heap        ] GC(15) PSYoungGen: 64K(611840K)->0K(611840K) Eden: 0K(524800K)->0K(524800K) From: 64K(87040K)->0K(87040K)
[3.928s][info][gc,heap        ] GC(15) ParOldGen: 26295K(1398272K)->26295K(1398272K)
[3.928s][info][gc,metaspace   ] GC(15) Metaspace: 11942K(12160K)->11942K(12160K) NonClass: 10315K(10432K)->10315K(10432K) Class: 1627K(1728K)->1627K(1728K)
[3.928s][info][gc             ] GC(15) Pause Full (System.gc()) 25M->25M(1963M) 31.162ms
[3.928s][info][gc,cpu         ] GC(15) User=1.03s Sys=0.00s Real=0.03s
[4.192s][info][gc,start       ] GC(16) Pause Young (System.gc())
[4.193s][info][gc,heap        ] GC(16) PSYoungGen: 125952K(611840K)->128K(611840K) Eden: 125952K(524800K)->0K(524800K) From: 0K(87040K)->128K(87040K)
[4.193s][info][gc,heap        ] GC(16) ParOldGen: 26295K(1398272K)->26295K(1398272K)
[4.193s][info][gc,metaspace   ] GC(16) Metaspace: 11953K(12160K)->11953K(12160K) NonClass: 10326K(10432K)->10326K(10432K) Class: 1627K(1728K)->1627K(1728K)
[4.193s][info][gc             ] GC(16) Pause Young (System.gc()) 148M->25M(1963M) 0.721ms
[4.193s][info][gc,cpu         ] GC(16) User=0.00s Sys=0.00s Real=0.00s
[4.193s][info][gc,start       ] GC(17) Pause Full (System.gc())
[4.193s][info][gc,phases,start] GC(17) Marking Phase
[4.212s][info][gc,phases      ] GC(17) Marking Phase 18.955ms
[4.212s][info][gc,phases,start] GC(17) Summary Phase
[4.212s][info][gc,phases      ] GC(17) Summary Phase 0.107ms
[4.212s][info][gc,phases,start] GC(17) Adjust Roots
[4.214s][info][gc,phases      ] GC(17) Adjust Roots 1.868ms
[4.214s][info][gc,phases,start] GC(17) Compaction Phase
[4.228s][info][gc,phases      ] GC(17) Compaction Phase 13.531ms
[4.228s][info][gc,phases,start] GC(17) Post Compact
[4.228s][info][gc,phases      ] GC(17) Post Compact 0.633ms
[4.228s][info][gc,heap        ] GC(17) PSYoungGen: 128K(611840K)->0K(611840K) Eden: 0K(524800K)->0K(524800K) From: 128K(87040K)->0K(87040K)
[4.228s][info][gc,heap        ] GC(17) ParOldGen: 26295K(1398272K)->26295K(1398272K)
[4.228s][info][gc,metaspace   ] GC(17) Metaspace: 11953K(12160K)->11953K(12160K) NonClass: 10326K(10432K)->10326K(10432K) Class: 1627K(1728K)->1627K(1728K)
[4.228s][info][gc             ] GC(17) Pause Full (System.gc()) 25M->25M(1963M) 35.381ms
[4.228s][info][gc,cpu         ] GC(17) User=0.94s Sys=0.00s Real=0.03s
[4.492s][info][gc,start       ] GC(18) Pause Young (System.gc())
[4.492s][info][gc,heap        ] GC(18) PSYoungGen: 125952K(611840K)->96K(611840K) Eden: 125952K(524800K)->0K(524800K) From: 0K(87040K)->96K(87040K)
[4.492s][info][gc,heap        ] GC(18) ParOldGen: 26295K(1398272K)->26295K(1398272K)
[4.492s][info][gc,metaspace   ] GC(18) Metaspace: 11954K(12160K)->11954K(12160K) NonClass: 10327K(10432K)->10327K(10432K) Class: 1627K(1728K)->1627K(1728K)
[4.492s][info][gc             ] GC(18) Pause Young (System.gc()) 148M->25M(1963M) 0.704ms
[4.492s][info][gc,cpu         ] GC(18) User=0.00s Sys=0.00s Real=0.00s
[4.492s][info][gc,start       ] GC(19) Pause Full (System.gc())
[4.492s][info][gc,phases,start] GC(19) Marking Phase
[4.511s][info][gc,phases      ] GC(19) Marking Phase 18.941ms
[4.511s][info][gc,phases,start] GC(19) Summary Phase
[4.511s][info][gc,phases      ] GC(19) Summary Phase 0.021ms
[4.512s][info][gc,phases,start] GC(19) Adjust Roots
[4.513s][info][gc,phases      ] GC(19) Adjust Roots 1.904ms
[4.513s][info][gc,phases,start] GC(19) Compaction Phase
[4.527s][info][gc,phases      ] GC(19) Compaction Phase 13.277ms
[4.527s][info][gc,phases,start] GC(19) Post Compact
[4.527s][info][gc,phases      ] GC(19) Post Compact 0.634ms
[4.527s][info][gc,heap        ] GC(19) PSYoungGen: 96K(611840K)->0K(611840K) Eden: 0K(524800K)->0K(524800K) From: 96K(87040K)->0K(87040K)
[4.527s][info][gc,heap        ] GC(19) ParOldGen: 26295K(1398272K)->26295K(1398272K)
[4.527s][info][gc,metaspace   ] GC(19) Metaspace: 11954K(12160K)->11954K(12160K) NonClass: 10327K(10432K)->10327K(10432K) Class: 1627K(1728K)->1627K(1728K)
[4.528s][info][gc             ] GC(19) Pause Full (System.gc()) 25M->25M(1963M) 35.077ms
[4.528s][info][gc,cpu         ] GC(19) User=0.53s Sys=0.00s Real=0.03s
[4.830s][info][gc,start       ] GC(20) Pause Young (System.gc())
[4.831s][info][gc,heap        ] GC(20) PSYoungGen: 125952K(611840K)->192K(611840K) Eden: 125952K(524800K)->0K(524800K) From: 0K(87040K)->192K(87040K)
[4.831s][info][gc,heap        ] GC(20) ParOldGen: 26295K(1398272K)->26295K(1398272K)
[4.831s][info][gc,metaspace   ] GC(20) Metaspace: 11956K(12160K)->11956K(12160K) NonClass: 10329K(10432K)->10329K(10432K) Class: 1627K(1728K)->1627K(1728K)
[4.831s][info][gc             ] GC(20) Pause Young (System.gc()) 148M->25M(1963M) 0.645ms
[4.831s][info][gc,cpu         ] GC(20) User=0.00s Sys=0.00s Real=0.00s
[4.831s][info][gc,start       ] GC(21) Pause Full (System.gc())
[4.831s][info][gc,phases,start] GC(21) Marking Phase
[4.850s][info][gc,phases      ] GC(21) Marking Phase 18.557ms
[4.850s][info][gc,phases,start] GC(21) Summary Phase
[4.850s][info][gc,phases      ] GC(21) Summary Phase 0.021ms
[4.850s][info][gc,phases,start] GC(21) Adjust Roots
[4.851s][info][gc,phases      ] GC(21) Adjust Roots 1.806ms
[4.851s][info][gc,phases,start] GC(21) Compaction Phase
[4.859s][info][gc,phases      ] GC(21) Compaction Phase 7.087ms
[4.859s][info][gc,phases,start] GC(21) Post Compact
[4.859s][info][gc,phases      ] GC(21) Post Compact 0.529ms
[4.859s][info][gc,heap        ] GC(21) PSYoungGen: 192K(611840K)->0K(611840K) Eden: 0K(524800K)->0K(524800K) From: 192K(87040K)->0K(87040K)
[4.859s][info][gc,heap        ] GC(21) ParOldGen: 26295K(1398272K)->26295K(1398272K)
[4.859s][info][gc,metaspace   ] GC(21) Metaspace: 11956K(12160K)->11956K(12160K) NonClass: 10329K(10432K)->10329K(10432K) Class: 1627K(1728K)->1627K(1728K)
[4.859s][info][gc             ] GC(21) Pause Full (System.gc()) 25M->25M(1963M) 28.300ms
[4.859s][info][gc,cpu         ] GC(21) User=0.53s Sys=0.02s Real=0.03s
[5.119s][info][gc,start       ] GC(22) Pause Young (System.gc())
[5.120s][info][gc,heap        ] GC(22) PSYoungGen: 125952K(611840K)->96K(611840K) Eden: 125952K(524800K)->0K(524800K) From: 0K(87040K)->96K(87040K)
[5.120s][info][gc,heap        ] GC(22) ParOldGen: 26295K(1398272K)->26295K(1398272K)
[5.120s][info][gc,metaspace   ] GC(22) Metaspace: 11957K(12160K)->11957K(12160K) NonClass: 10330K(10432K)->10330K(10432K) Class: 1627K(1728K)->1627K(1728K)
[5.120s][info][gc             ] GC(22) Pause Young (System.gc()) 148M->25M(1963M) 0.666ms
[5.120s][info][gc,cpu         ] GC(22) User=0.00s Sys=0.00s Real=0.00s
[5.120s][info][gc,start       ] GC(23) Pause Full (System.gc())
[5.120s][info][gc,phases,start] GC(23) Marking Phase
[5.139s][info][gc,phases      ] GC(23) Marking Phase 18.711ms
[5.139s][info][gc,phases,start] GC(23) Summary Phase
[5.139s][info][gc,phases      ] GC(23) Summary Phase 0.022ms
[5.139s][info][gc,phases,start] GC(23) Adjust Roots
[5.140s][info][gc,phases      ] GC(23) Adjust Roots 1.444ms
[5.140s][info][gc,phases,start] GC(23) Compaction Phase
[5.148s][info][gc,phases      ] GC(23) Compaction Phase 7.939ms
[5.148s][info][gc,phases,start] GC(23) Post Compact
[5.149s][info][gc,phases      ] GC(23) Post Compact 0.589ms
[5.149s][info][gc,heap        ] GC(23) PSYoungGen: 96K(611840K)->0K(611840K) Eden: 0K(524800K)->0K(524800K) From: 96K(87040K)->0K(87040K)
[5.149s][info][gc,heap        ] GC(23) ParOldGen: 26295K(1398272K)->26295K(1398272K)
[5.149s][info][gc,metaspace   ] GC(23) Metaspace: 11957K(12160K)->11957K(12160K) NonClass: 10330K(10432K)->10330K(10432K) Class: 1627K(1728K)->1627K(1728K)
[5.149s][info][gc             ] GC(23) Pause Full (System.gc()) 25M->25M(1963M) 28.992ms
[5.149s][info][gc,cpu         ] GC(23) User=0.53s Sys=0.00s Real=0.03s
[5.425s][info][gc,start       ] GC(24) Pause Young (System.gc())
[5.426s][info][gc,heap        ] GC(24) PSYoungGen: 125952K(611840K)->128K(611840K) Eden: 125952K(524800K)->0K(524800K) From: 0K(87040K)->128K(87040K)
[5.426s][info][gc,heap        ] GC(24) ParOldGen: 26295K(1398272K)->26295K(1398272K)
[5.426s][info][gc,metaspace   ] GC(24) Metaspace: 11957K(12160K)->11957K(12160K) NonClass: 10330K(10432K)->10330K(10432K) Class: 1627K(1728K)->1627K(1728K)
[5.426s][info][gc             ] GC(24) Pause Young (System.gc()) 148M->25M(1963M) 0.628ms
[5.426s][info][gc,cpu         ] GC(24) User=0.00s Sys=0.00s Real=0.00s
[5.426s][info][gc,start       ] GC(25) Pause Full (System.gc())
[5.426s][info][gc,phases,start] GC(25) Marking Phase
[5.445s][info][gc,phases      ] GC(25) Marking Phase 19.382ms
[5.445s][info][gc,phases,start] GC(25) Summary Phase
[5.445s][info][gc,phases      ] GC(25) Summary Phase 0.020ms
[5.445s][info][gc,phases,start] GC(25) Adjust Roots
[5.447s][info][gc,phases      ] GC(25) Adjust Roots 1.790ms
[5.447s][info][gc,phases,start] GC(25) Compaction Phase
[5.459s][info][gc,phases      ] GC(25) Compaction Phase 12.180ms
[5.459s][info][gc,phases,start] GC(25) Post Compact
[5.460s][info][gc,phases      ] GC(25) Post Compact 0.599ms
[5.460s][info][gc,heap        ] GC(25) PSYoungGen: 128K(611840K)->0K(611840K) Eden: 0K(524800K)->0K(524800K) From: 128K(87040K)->0K(87040K)
[5.460s][info][gc,heap        ] GC(25) ParOldGen: 26295K(1398272K)->26295K(1398272K)
[5.460s][info][gc,metaspace   ] GC(25) Metaspace: 11957K(12160K)->11957K(12160K) NonClass: 10330K(10432K)->10330K(10432K) Class: 1627K(1728K)->1627K(1728K)
[5.460s][info][gc             ] GC(25) Pause Full (System.gc()) 25M->25M(1963M) 34.234ms
[5.460s][info][gc,cpu         ] GC(25) User=0.55s Sys=0.00s Real=0.03s
[5.735s][info][gc,start       ] GC(26) Pause Young (System.gc())
[5.735s][info][gc,heap        ] GC(26) PSYoungGen: 125952K(611840K)->96K(611840K) Eden: 125952K(524800K)->0K(524800K) From: 0K(87040K)->96K(87040K)
[5.735s][info][gc,heap        ] GC(26) ParOldGen: 26295K(1398272K)->26295K(1398272K)
[5.735s][info][gc,metaspace   ] GC(26) Metaspace: 11960K(12160K)->11960K(12160K) NonClass: 10333K(10432K)->10333K(10432K) Class: 1627K(1728K)->1627K(1728K)
[5.735s][info][gc             ] GC(26) Pause Young (System.gc()) 148M->25M(1963M) 0.648ms
[5.735s][info][gc,cpu         ] GC(26) User=0.00s Sys=0.00s Real=0.00s
[5.735s][info][gc,start       ] GC(27) Pause Full (System.gc())
[5.735s][info][gc,phases,start] GC(27) Marking Phase
[5.754s][info][gc,phases      ] GC(27) Marking Phase 18.752ms
[5.754s][info][gc,phases,start] GC(27) Summary Phase
[5.754s][info][gc,phases      ] GC(27) Summary Phase 0.024ms
[5.754s][info][gc,phases,start] GC(27) Adjust Roots
[5.756s][info][gc,phases      ] GC(27) Adjust Roots 1.826ms
[5.756s][info][gc,phases,start] GC(27) Compaction Phase
[5.766s][info][gc,phases      ] GC(27) Compaction Phase 9.697ms
[5.766s][info][gc,phases,start] GC(27) Post Compact
[5.766s][info][gc,phases      ] GC(27) Post Compact 0.527ms
[5.766s][info][gc,heap        ] GC(27) PSYoungGen: 96K(611840K)->0K(611840K) Eden: 0K(524800K)->0K(524800K) From: 96K(87040K)->0K(87040K)
[5.766s][info][gc,heap        ] GC(27) ParOldGen: 26295K(1398272K)->26295K(1398272K)
[5.766s][info][gc,metaspace   ] GC(27) Metaspace: 11960K(12160K)->11960K(12160K) NonClass: 10333K(10432K)->10333K(10432K) Class: 1627K(1728K)->1627K(1728K)
[5.766s][info][gc             ] GC(27) Pause Full (System.gc()) 25M->25M(1963M) 31.049ms
[5.766s][info][gc,cpu         ] GC(27) User=0.55s Sys=0.00s Real=0.03s
[6.041s][info][gc,start       ] GC(28) Pause Young (System.gc())
[6.041s][info][gc,heap        ] GC(28) PSYoungGen: 125952K(611840K)->32K(611840K) Eden: 125952K(524800K)->0K(524800K) From: 0K(87040K)->32K(87040K)
[6.041s][info][gc,heap        ] GC(28) ParOldGen: 26295K(1398272K)->26295K(1398272K)
[6.041s][info][gc,metaspace   ] GC(28) Metaspace: 11976K(12224K)->11976K(12224K) NonClass: 10349K(10496K)->10349K(10496K) Class: 1627K(1728K)->1627K(1728K)
[6.041s][info][gc             ] GC(28) Pause Young (System.gc()) 148M->25M(1963M) 0.646ms
[6.041s][info][gc,cpu         ] GC(28) User=0.00s Sys=0.00s Real=0.00s
[6.041s][info][gc,start       ] GC(29) Pause Full (System.gc())
[6.041s][info][gc,phases,start] GC(29) Marking Phase
[6.060s][info][gc,phases      ] GC(29) Marking Phase 18.195ms
[6.060s][info][gc,phases,start] GC(29) Summary Phase
[6.060s][info][gc,phases      ] GC(29) Summary Phase 0.020ms
[6.060s][info][gc,phases,start] GC(29) Adjust Roots
[6.062s][info][gc,phases      ] GC(29) Adjust Roots 2.136ms
[6.062s][info][gc,phases,start] GC(29) Compaction Phase
[6.070s][info][gc,phases      ] GC(29) Compaction Phase 7.723ms
[6.070s][info][gc,phases,start] GC(29) Post Compact
[6.070s][info][gc,phases      ] GC(29) Post Compact 0.602ms
[6.070s][info][gc,heap        ] GC(29) PSYoungGen: 32K(611840K)->0K(611840K) Eden: 0K(524800K)->0K(524800K) From: 32K(87040K)->0K(87040K)
[6.070s][info][gc,heap        ] GC(29) ParOldGen: 26295K(1398272K)->26295K(1398272K)
[6.070s][info][gc,metaspace   ] GC(29) Metaspace: 11976K(12224K)->11976K(12224K) NonClass: 10349K(10496K)->10349K(10496K) Class: 1627K(1728K)->1627K(1728K)
[6.070s][info][gc             ] GC(29) Pause Full (System.gc()) 25M->25M(1963M) 28.938ms
[6.070s][info][gc,cpu         ] GC(29) User=0.53s Sys=0.00s Real=0.03s
[6.355s][info][gc,start       ] GC(30) Pause Young (System.gc())
[6.355s][info][gc,heap        ] GC(30) PSYoungGen: 125952K(611840K)->128K(611840K) Eden: 125952K(524800K)->0K(524800K) From: 0K(87040K)->128K(87040K)
[6.355s][info][gc,heap        ] GC(30) ParOldGen: 26295K(1398272K)->26295K(1398272K)
[6.355s][info][gc,metaspace   ] GC(30) Metaspace: 11983K(12224K)->11983K(12224K) NonClass: 10356K(10496K)->10356K(10496K) Class: 1627K(1728K)->1627K(1728K)
[6.355s][info][gc             ] GC(30) Pause Young (System.gc()) 148M->25M(1963M) 0.770ms
[6.355s][info][gc,cpu         ] GC(30) User=0.02s Sys=0.00s Real=0.02s
[6.356s][info][gc,start       ] GC(31) Pause Full (System.gc())
[6.356s][info][gc,phases,start] GC(31) Marking Phase
[6.375s][info][gc,phases      ] GC(31) Marking Phase 19.588ms
[6.375s][info][gc,phases,start] GC(31) Summary Phase
[6.375s][info][gc,phases      ] GC(31) Summary Phase 0.022ms
[6.375s][info][gc,phases,start] GC(31) Adjust Roots
[6.377s][info][gc,phases      ] GC(31) Adjust Roots 1.694ms
[6.377s][info][gc,phases,start] GC(31) Compaction Phase
[6.386s][info][gc,phases      ] GC(31) Compaction Phase 8.666ms
[6.386s][info][gc,phases,start] GC(31) Post Compact
[6.386s][info][gc,phases      ] GC(31) Post Compact 0.595ms
[6.386s][info][gc,heap        ] GC(31) PSYoungGen: 128K(611840K)->0K(611840K) Eden: 0K(524800K)->0K(524800K) From: 128K(87040K)->0K(87040K)
[6.386s][info][gc,heap        ] GC(31) ParOldGen: 26295K(1398272K)->26295K(1398272K)
[6.386s][info][gc,metaspace   ] GC(31) Metaspace: 11983K(12224K)->11983K(12224K) NonClass: 10356K(10496K)->10356K(10496K) Class: 1627K(1728K)->1627K(1728K)
[6.386s][info][gc             ] GC(31) Pause Full (System.gc()) 25M->25M(1963M) 30.856ms
[6.386s][info][gc,cpu         ] GC(31) User=0.52s Sys=0.00s Real=0.02s
[6.659s][info][gc,start       ] GC(32) Pause Young (System.gc())
[6.659s][info][gc,heap        ] GC(32) PSYoungGen: 125952K(611840K)->32K(611840K) Eden: 125952K(524800K)->0K(524800K) From: 0K(87040K)->32K(87040K)
[6.659s][info][gc,heap        ] GC(32) ParOldGen: 26295K(1398272K)->26295K(1398272K)
[6.659s][info][gc,metaspace   ] GC(32) Metaspace: 11988K(12224K)->11988K(12224K) NonClass: 10361K(10496K)->10361K(10496K) Class: 1627K(1728K)->1627K(1728K)
[6.659s][info][gc             ] GC(32) Pause Young (System.gc()) 148M->25M(1963M) 0.684ms
[6.659s][info][gc,cpu         ] GC(32) User=0.00s Sys=0.00s Real=0.00s
[6.659s][info][gc,start       ] GC(33) Pause Full (System.gc())
[6.660s][info][gc,phases,start] GC(33) Marking Phase
[6.678s][info][gc,phases      ] GC(33) Marking Phase 18.308ms
[6.678s][info][gc,phases,start] GC(33) Summary Phase
[6.678s][info][gc,phases      ] GC(33) Summary Phase 0.026ms
[6.678s][info][gc,phases,start] GC(33) Adjust Roots
[6.680s][info][gc,phases      ] GC(33) Adjust Roots 1.862ms
[6.680s][info][gc,phases,start] GC(33) Compaction Phase
[6.690s][info][gc,phases      ] GC(33) Compaction Phase 9.730ms
[6.690s][info][gc,phases,start] GC(33) Post Compact
[6.690s][info][gc,phases      ] GC(33) Post Compact 0.527ms
[6.690s][info][gc,heap        ] GC(33) PSYoungGen: 32K(611840K)->0K(611840K) Eden: 0K(524800K)->0K(524800K) From: 32K(87040K)->0K(87040K)
[6.690s][info][gc,heap        ] GC(33) ParOldGen: 26295K(1398272K)->26295K(1398272K)
[6.690s][info][gc,metaspace   ] GC(33) Metaspace: 11988K(12224K)->11988K(12224K) NonClass: 10361K(10496K)->10361K(10496K) Class: 1627K(1728K)->1627K(1728K)
[6.690s][info][gc             ] GC(33) Pause Full (System.gc()) 25M->25M(1963M) 30.686ms
[6.690s][info][gc,cpu         ] GC(33) User=0.55s Sys=0.00s Real=0.03s
[6.966s][info][gc,start       ] GC(34) Pause Young (System.gc())
[6.967s][info][gc,heap        ] GC(34) PSYoungGen: 125952K(611840K)->96K(611840K) Eden: 125952K(524800K)->0K(524800K) From: 0K(87040K)->96K(87040K)
[6.967s][info][gc,heap        ] GC(34) ParOldGen: 26295K(1398272K)->26295K(1398272K)
[6.967s][info][gc,metaspace   ] GC(34) Metaspace: 11989K(12224K)->11989K(12224K) NonClass: 10362K(10496K)->10362K(10496K) Class: 1627K(1728K)->1627K(1728K)
[6.967s][info][gc             ] GC(34) Pause Young (System.gc()) 148M->25M(1963M) 0.665ms
[6.967s][info][gc,cpu         ] GC(34) User=0.00s Sys=0.00s Real=0.00s
[6.967s][info][gc,start       ] GC(35) Pause Full (System.gc())
[6.967s][info][gc,phases,start] GC(35) Marking Phase
[6.985s][info][gc,phases      ] GC(35) Marking Phase 17.992ms
[6.985s][info][gc,phases,start] GC(35) Summary Phase
[6.985s][info][gc,phases      ] GC(35) Summary Phase 0.021ms
[6.985s][info][gc,phases,start] GC(35) Adjust Roots
[6.988s][info][gc,phases      ] GC(35) Adjust Roots 2.292ms
[6.988s][info][gc,phases,start] GC(35) Compaction Phase
[6.996s][info][gc,phases      ] GC(35) Compaction Phase 8.656ms
[6.996s][info][gc,phases,start] GC(35) Post Compact
[6.997s][info][gc,phases      ] GC(35) Post Compact 0.559ms
[6.997s][info][gc,heap        ] GC(35) PSYoungGen: 96K(611840K)->0K(611840K) Eden: 0K(524800K)->0K(524800K) From: 96K(87040K)->0K(87040K)
[6.997s][info][gc,heap        ] GC(35) ParOldGen: 26295K(1398272K)->26295K(1398272K)
[6.997s][info][gc,metaspace   ] GC(35) Metaspace: 11989K(12224K)->11989K(12224K) NonClass: 10362K(10496K)->10362K(10496K) Class: 1627K(1728K)->1627K(1728K)
[6.997s][info][gc             ] GC(35) Pause Full (System.gc()) 25M->25M(1963M) 29.761ms
[6.997s][info][gc,cpu         ] GC(35) User=0.55s Sys=0.00s Real=0.03s
[7.260s][info][gc,start       ] GC(36) Pause Young (System.gc())
[7.260s][info][gc,heap        ] GC(36) PSYoungGen: 125952K(611840K)->96K(611840K) Eden: 125952K(524800K)->0K(524800K) From: 0K(87040K)->96K(87040K)
[7.260s][info][gc,heap        ] GC(36) ParOldGen: 26295K(1398272K)->26295K(1398272K)
[7.260s][info][gc,metaspace   ] GC(36) Metaspace: 11989K(12224K)->11989K(12224K) NonClass: 10362K(10496K)->10362K(10496K) Class: 1627K(1728K)->1627K(1728K)
[7.260s][info][gc             ] GC(36) Pause Young (System.gc()) 148M->25M(1963M) 0.649ms
[7.260s][info][gc,cpu         ] GC(36) User=0.00s Sys=0.00s Real=0.00s
[7.260s][info][gc,start       ] GC(37) Pause Full (System.gc())
[7.260s][info][gc,phases,start] GC(37) Marking Phase
[7.278s][info][gc,phases      ] GC(37) Marking Phase 17.952ms
[7.278s][info][gc,phases,start] GC(37) Summary Phase
[7.279s][info][gc,phases      ] GC(37) Summary Phase 0.021ms
[7.279s][info][gc,phases,start] GC(37) Adjust Roots
[7.280s][info][gc,phases      ] GC(37) Adjust Roots 1.622ms
[7.280s][info][gc,phases,start] GC(37) Compaction Phase
[7.290s][info][gc,phases      ] GC(37) Compaction Phase 9.866ms
[7.290s][info][gc,phases,start] GC(37) Post Compact
[7.291s][info][gc,phases      ] GC(37) Post Compact 0.548ms
[7.291s][info][gc,heap        ] GC(37) PSYoungGen: 96K(611840K)->0K(611840K) Eden: 0K(524800K)->0K(524800K) From: 96K(87040K)->0K(87040K)
[7.291s][info][gc,heap        ] GC(37) ParOldGen: 26295K(1398272K)->26295K(1398272K)
[7.291s][info][gc,metaspace   ] GC(37) Metaspace: 11989K(12224K)->11989K(12224K) NonClass: 10362K(10496K)->10362K(10496K) Class: 1627K(1728K)->1627K(1728K)
[7.291s][info][gc             ] GC(37) Pause Full (System.gc()) 25M->25M(1963M) 30.245ms
[7.291s][info][gc,cpu         ] GC(37) User=0.53s Sys=0.00s Real=0.03s
[7.576s][info][gc,start       ] GC(38) Pause Young (System.gc())
[7.576s][info][gc,heap        ] GC(38) PSYoungGen: 125952K(611840K)->32K(611840K) Eden: 125952K(524800K)->0K(524800K) From: 0K(87040K)->32K(87040K)
[7.576s][info][gc,heap        ] GC(38) ParOldGen: 26295K(1398272K)->26295K(1398272K)
[7.577s][info][gc,metaspace   ] GC(38) Metaspace: 11989K(12224K)->11989K(12224K) NonClass: 10362K(10496K)->10362K(10496K) Class: 1627K(1728K)->1627K(1728K)
[7.577s][info][gc             ] GC(38) Pause Young (System.gc()) 148M->25M(1963M) 0.633ms
[7.577s][info][gc,cpu         ] GC(38) User=0.00s Sys=0.00s Real=0.00s
[7.577s][info][gc,start       ] GC(39) Pause Full (System.gc())
[7.577s][info][gc,phases,start] GC(39) Marking Phase
[7.595s][info][gc,phases      ] GC(39) Marking Phase 18.356ms
[7.595s][info][gc,phases,start] GC(39) Summary Phase
[7.595s][info][gc,phases      ] GC(39) Summary Phase 0.023ms
[7.595s][info][gc,phases,start] GC(39) Adjust Roots
[7.596s][info][gc,phases      ] GC(39) Adjust Roots 1.214ms
[7.596s][info][gc,phases,start] GC(39) Compaction Phase
[7.604s][info][gc,phases      ] GC(39) Compaction Phase 7.083ms
[7.604s][info][gc,phases,start] GC(39) Post Compact
[7.604s][info][gc,phases      ] GC(39) Post Compact 0.634ms
[7.604s][info][gc,heap        ] GC(39) PSYoungGen: 32K(611840K)->0K(611840K) Eden: 0K(524800K)->0K(524800K) From: 32K(87040K)->0K(87040K)
[7.604s][info][gc,heap        ] GC(39) ParOldGen: 26295K(1398272K)->26295K(1398272K)
[7.604s][info][gc,metaspace   ] GC(39) Metaspace: 11989K(12224K)->11989K(12224K) NonClass: 10362K(10496K)->10362K(10496K) Class: 1627K(1728K)->1627K(1728K)
[7.604s][info][gc             ] GC(39) Pause Full (System.gc()) 25M->25M(1963M) 27.630ms
[7.604s][info][gc,cpu         ] GC(39) User=0.52s Sys=0.00s Real=0.02s
[7.868s][info][gc,start       ] GC(40) Pause Young (System.gc())
[7.868s][info][gc,heap        ] GC(40) PSYoungGen: 125952K(611840K)->96K(611840K) Eden: 125952K(524800K)->0K(524800K) From: 0K(87040K)->96K(87040K)
[7.868s][info][gc,heap        ] GC(40) ParOldGen: 26295K(1398272K)->26295K(1398272K)
[7.868s][info][gc,metaspace   ] GC(40) Metaspace: 11989K(12224K)->11989K(12224K) NonClass: 10362K(10496K)->10362K(10496K) Class: 1627K(1728K)->1627K(1728K)
[7.868s][info][gc             ] GC(40) Pause Young (System.gc()) 148M->25M(1963M) 0.670ms
[7.868s][info][gc,cpu         ] GC(40) User=0.00s Sys=0.00s Real=0.00s
[7.869s][info][gc,start       ] GC(41) Pause Full (System.gc())
[7.869s][info][gc,phases,start] GC(41) Marking Phase
[7.888s][info][gc,phases      ] GC(41) Marking Phase 19.265ms
[7.888s][info][gc,phases,start] GC(41) Summary Phase
[7.888s][info][gc,phases      ] GC(41) Summary Phase 0.021ms
[7.888s][info][gc,phases,start] GC(41) Adjust Roots
[7.890s][info][gc,phases      ] GC(41) Adjust Roots 2.318ms
[7.890s][info][gc,phases,start] GC(41) Compaction Phase
[7.904s][info][gc,phases      ] GC(41) Compaction Phase 14.162ms
[7.904s][info][gc,phases,start] GC(41) Post Compact
[7.905s][info][gc,phases      ] GC(41) Post Compact 0.678ms
[7.905s][info][gc,heap        ] GC(41) PSYoungGen: 96K(611840K)->0K(611840K) Eden: 0K(524800K)->0K(524800K) From: 96K(87040K)->0K(87040K)
[7.905s][info][gc,heap        ] GC(41) ParOldGen: 26295K(1398272K)->26295K(1398272K)
[7.905s][info][gc,metaspace   ] GC(41) Metaspace: 11989K(12224K)->11989K(12224K) NonClass: 10362K(10496K)->10362K(10496K) Class: 1627K(1728K)->1627K(1728K)
[7.905s][info][gc             ] GC(41) Pause Full (System.gc()) 25M->25M(1963M) 36.764ms
[7.905s][info][gc,cpu         ] GC(41) User=0.55s Sys=0.00s Real=0.05s
[8.173s][info][gc,start       ] GC(42) Pause Young (System.gc())
[8.173s][info][gc,heap        ] GC(42) PSYoungGen: 125952K(611840K)->320K(611840K) Eden: 125952K(524800K)->0K(524800K) From: 0K(87040K)->320K(87040K)
[8.173s][info][gc,heap        ] GC(42) ParOldGen: 26295K(1398272K)->26295K(1398272K)
[8.173s][info][gc,metaspace   ] GC(42) Metaspace: 11990K(12224K)->11990K(12224K) NonClass: 10363K(10496K)->10363K(10496K) Class: 1627K(1728K)->1627K(1728K)
[8.173s][info][gc             ] GC(42) Pause Young (System.gc()) 148M->25M(1963M) 0.722ms
[8.173s][info][gc,cpu         ] GC(42) User=0.00s Sys=0.00s Real=0.00s
[8.174s][info][gc,start       ] GC(43) Pause Full (System.gc())
[8.174s][info][gc,phases,start] GC(43) Marking Phase
[8.191s][info][gc,phases      ] GC(43) Marking Phase 17.834ms
[8.191s][info][gc,phases,start] GC(43) Summary Phase
[8.191s][info][gc,phases      ] GC(43) Summary Phase 0.021ms
[8.192s][info][gc,phases,start] GC(43) Adjust Roots
[8.194s][info][gc,phases      ] GC(43) Adjust Roots 2.258ms
[8.194s][info][gc,phases,start] GC(43) Compaction Phase
[8.208s][info][gc,phases      ] GC(43) Compaction Phase 13.794ms
[8.208s][info][gc,phases,start] GC(43) Post Compact
[8.208s][info][gc,phases      ] GC(43) Post Compact 0.612ms
[8.208s][info][gc,heap        ] GC(43) PSYoungGen: 320K(611840K)->0K(611840K) Eden: 0K(524800K)->0K(524800K) From: 320K(87040K)->0K(87040K)
[8.208s][info][gc,heap        ] GC(43) ParOldGen: 26295K(1398272K)->26296K(1398272K)
[8.208s][info][gc,metaspace   ] GC(43) Metaspace: 11990K(12224K)->11990K(12224K) NonClass: 10363K(10496K)->10363K(10496K) Class: 1627K(1728K)->1627K(1728K)
[8.208s][info][gc             ] GC(43) Pause Full (System.gc()) 25M->25M(1963M) 34.798ms
[8.208s][info][gc,cpu         ] GC(43) User=0.55s Sys=0.00s Real=0.03s
[8.497s][info][gc,start       ] GC(44) Pause Young (System.gc())
[8.498s][info][gc,heap        ] GC(44) PSYoungGen: 125952K(611840K)->96K(611840K) Eden: 125952K(524800K)->0K(524800K) From: 0K(87040K)->96K(87040K)
[8.498s][info][gc,heap        ] GC(44) ParOldGen: 26296K(1398272K)->26296K(1398272K)
[8.498s][info][gc,metaspace   ] GC(44) Metaspace: 11990K(12224K)->11990K(12224K) NonClass: 10363K(10496K)->10363K(10496K) Class: 1627K(1728K)->1627K(1728K)
[8.498s][info][gc             ] GC(44) Pause Young (System.gc()) 148M->25M(1963M) 0.631ms
[8.498s][info][gc,cpu         ] GC(44) User=0.00s Sys=0.00s Real=0.00s
[8.498s][info][gc,start       ] GC(45) Pause Full (System.gc())
[8.498s][info][gc,phases,start] GC(45) Marking Phase
[8.518s][info][gc,phases      ] GC(45) Marking Phase 19.825ms
[8.518s][info][gc,phases,start] GC(45) Summary Phase
[8.518s][info][gc,phases      ] GC(45) Summary Phase 0.018ms
[8.518s][info][gc,phases,start] GC(45) Adjust Roots
[8.520s][info][gc,phases      ] GC(45) Adjust Roots 1.853ms
[8.520s][info][gc,phases,start] GC(45) Compaction Phase
[8.530s][info][gc,phases      ] GC(45) Compaction Phase 10.263ms
[8.530s][info][gc,phases,start] GC(45) Post Compact
[8.531s][info][gc,phases      ] GC(45) Post Compact 0.553ms
[8.531s][info][gc,heap        ] GC(45) PSYoungGen: 96K(611840K)->0K(611840K) Eden: 0K(524800K)->0K(524800K) From: 96K(87040K)->0K(87040K)
[8.531s][info][gc,heap        ] GC(45) ParOldGen: 26296K(1398272K)->26296K(1398272K)
[8.531s][info][gc,metaspace   ] GC(45) Metaspace: 11990K(12224K)->11990K(12224K) NonClass: 10363K(10496K)->10363K(10496K) Class: 1627K(1728K)->1627K(1728K)
[8.531s][info][gc             ] GC(45) Pause Full (System.gc()) 25M->25M(1963M) 32.736ms
[8.531s][info][gc,cpu         ] GC(45) User=0.55s Sys=0.00s Real=0.03s
[8.795s][info][gc,start       ] GC(46) Pause Young (System.gc())
[8.795s][info][gc,heap        ] GC(46) PSYoungGen: 125952K(611840K)->96K(611840K) Eden: 125952K(524800K)->0K(524800K) From: 0K(87040K)->96K(87040K)
[8.796s][info][gc,heap        ] GC(46) ParOldGen: 26296K(1398272K)->26296K(1398272K)
[8.796s][info][gc,metaspace   ] GC(46) Metaspace: 12018K(12224K)->12018K(12224K) NonClass: 10391K(10496K)->10391K(10496K) Class: 1627K(1728K)->1627K(1728K)
[8.796s][info][gc             ] GC(46) Pause Young (System.gc()) 148M->25M(1963M) 0.641ms
[8.796s][info][gc,cpu         ] GC(46) User=0.00s Sys=0.00s Real=0.00s
[8.796s][info][gc,start       ] GC(47) Pause Full (System.gc())
[8.796s][info][gc,phases,start] GC(47) Marking Phase
[8.814s][info][gc,phases      ] GC(47) Marking Phase 18.474ms
[8.814s][info][gc,phases,start] GC(47) Summary Phase
[8.814s][info][gc,phases      ] GC(47) Summary Phase 0.020ms
[8.814s][info][gc,phases,start] GC(47) Adjust Roots
[8.817s][info][gc,phases      ] GC(47) Adjust Roots 2.493ms
[8.817s][info][gc,phases,start] GC(47) Compaction Phase
[8.827s][info][gc,phases      ] GC(47) Compaction Phase 10.354ms
[8.827s][info][gc,phases,start] GC(47) Post Compact
[8.828s][info][gc,phases      ] GC(47) Post Compact 0.552ms
[8.828s][info][gc,heap        ] GC(47) PSYoungGen: 96K(611840K)->0K(611840K) Eden: 0K(524800K)->0K(524800K) From: 96K(87040K)->0K(87040K)
[8.828s][info][gc,heap        ] GC(47) ParOldGen: 26296K(1398272K)->26296K(1398272K)
[8.828s][info][gc,metaspace   ] GC(47) Metaspace: 12018K(12224K)->12018K(12224K) NonClass: 10391K(10496K)->10391K(10496K) Class: 1627K(1728K)->1627K(1728K)
[8.828s][info][gc             ] GC(47) Pause Full (System.gc()) 25M->25M(1963M) 32.130ms
[8.828s][info][gc,cpu         ] GC(47) User=0.55s Sys=0.00s Real=0.03s
[9.108s][info][gc,start       ] GC(48) Pause Young (System.gc())
[9.108s][info][gc,heap        ] GC(48) PSYoungGen: 125952K(611840K)->32K(611840K) Eden: 125952K(524800K)->0K(524800K) From: 0K(87040K)->32K(87040K)
[9.108s][info][gc,heap        ] GC(48) ParOldGen: 26296K(1398272K)->26296K(1398272K)
[9.108s][info][gc,metaspace   ] GC(48) Metaspace: 12018K(12224K)->12018K(12224K) NonClass: 10391K(10496K)->10391K(10496K) Class: 1627K(1728K)->1627K(1728K)
[9.108s][info][gc             ] GC(48) Pause Young (System.gc()) 148M->25M(1963M) 0.677ms
[9.108s][info][gc,cpu         ] GC(48) User=0.00s Sys=0.00s Real=0.00s
[9.108s][info][gc,start       ] GC(49) Pause Full (System.gc())
[9.108s][info][gc,phases,start] GC(49) Marking Phase
[9.126s][info][gc,phases      ] GC(49) Marking Phase 18.076ms
[9.127s][info][gc,phases,start] GC(49) Summary Phase
[9.127s][info][gc,phases      ] GC(49) Summary Phase 0.020ms
[9.127s][info][gc,phases,start] GC(49) Adjust Roots
[9.129s][info][gc,phases      ] GC(49) Adjust Roots 2.273ms
[9.129s][info][gc,phases,start] GC(49) Compaction Phase
[9.142s][info][gc,phases      ] GC(49) Compaction Phase 13.068ms
[9.142s][info][gc,phases,start] GC(49) Post Compact
[9.143s][info][gc,phases      ] GC(49) Post Compact 0.590ms
[9.143s][info][gc,heap        ] GC(49) PSYoungGen: 32K(611840K)->0K(611840K) Eden: 0K(524800K)->0K(524800K) From: 32K(87040K)->0K(87040K)
[9.143s][info][gc,heap        ] GC(49) ParOldGen: 26296K(1398272K)->26296K(1398272K)
[9.143s][info][gc,metaspace   ] GC(49) Metaspace: 12018K(12224K)->12018K(12224K) NonClass: 10391K(10496K)->10391K(10496K) Class: 1627K(1728K)->1627K(1728K)
[9.143s][info][gc             ] GC(49) Pause Full (System.gc()) 25M->25M(1963M) 34.288ms
[9.143s][info][gc,cpu         ] GC(49) User=0.55s Sys=0.00s Real=0.03s
[9.405s][info][gc,start       ] GC(50) Pause Young (System.gc())
[9.405s][info][gc,heap        ] GC(50) PSYoungGen: 125952K(611840K)->128K(611840K) Eden: 125952K(524800K)->0K(524800K) From: 0K(87040K)->128K(87040K)
[9.405s][info][gc,heap        ] GC(50) ParOldGen: 26296K(1398272K)->26296K(1398272K)
[9.405s][info][gc,metaspace   ] GC(50) Metaspace: 12019K(12224K)->12019K(12224K) NonClass: 10392K(10496K)->10392K(10496K) Class: 1627K(1728K)->1627K(1728K)
[9.405s][info][gc             ] GC(50) Pause Young (System.gc()) 148M->25M(1963M) 0.625ms
[9.406s][info][gc,cpu         ] GC(50) User=0.00s Sys=0.00s Real=0.00s
[9.406s][info][gc,start       ] GC(51) Pause Full (System.gc())
[9.406s][info][gc,phases,start] GC(51) Marking Phase
[9.424s][info][gc,phases      ] GC(51) Marking Phase 18.639ms
[9.424s][info][gc,phases,start] GC(51) Summary Phase
[9.424s][info][gc,phases      ] GC(51) Summary Phase 0.020ms
[9.424s][info][gc,phases,start] GC(51) Adjust Roots
[9.426s][info][gc,phases      ] GC(51) Adjust Roots 1.741ms
[9.426s][info][gc,phases,start] GC(51) Compaction Phase
[9.440s][info][gc,phases      ] GC(51) Compaction Phase 13.993ms
[9.440s][info][gc,phases,start] GC(51) Post Compact
[9.441s][info][gc,phases      ] GC(51) Post Compact 0.641ms
[9.441s][info][gc,heap        ] GC(51) PSYoungGen: 128K(611840K)->0K(611840K) Eden: 0K(524800K)->0K(524800K) From: 128K(87040K)->0K(87040K)
[9.441s][info][gc,heap        ] GC(51) ParOldGen: 26296K(1398272K)->26296K(1398272K)
[9.441s][info][gc,metaspace   ] GC(51) Metaspace: 12019K(12224K)->12019K(12224K) NonClass: 10392K(10496K)->10392K(10496K) Class: 1627K(1728K)->1627K(1728K)
[9.441s][info][gc             ] GC(51) Pause Full (System.gc()) 25M->25M(1963M) 35.353ms
[9.441s][info][gc,cpu         ] GC(51) User=0.55s Sys=0.00s Real=0.03s
[9.707s][info][gc,start       ] GC(52) Pause Young (System.gc())
[9.707s][info][gc,heap        ] GC(52) PSYoungGen: 125952K(611840K)->96K(611840K) Eden: 125952K(524800K)->0K(524800K) From: 0K(87040K)->96K(87040K)
[9.708s][info][gc,heap        ] GC(52) ParOldGen: 26296K(1398272K)->26296K(1398272K)
[9.708s][info][gc,metaspace   ] GC(52) Metaspace: 12020K(12224K)->12020K(12224K) NonClass: 10393K(10496K)->10393K(10496K) Class: 1627K(1728K)->1627K(1728K)
[9.708s][info][gc             ] GC(52) Pause Young (System.gc()) 148M->25M(1963M) 0.628ms
[9.708s][info][gc,cpu         ] GC(52) User=0.00s Sys=0.00s Real=0.00s
[9.708s][info][gc,start       ] GC(53) Pause Full (System.gc())
[9.708s][info][gc,phases,start] GC(53) Marking Phase
[9.727s][info][gc,phases      ] GC(53) Marking Phase 19.476ms
[9.727s][info][gc,phases,start] GC(53) Summary Phase
[9.727s][info][gc,phases      ] GC(53) Summary Phase 0.020ms
[9.727s][info][gc,phases,start] GC(53) Adjust Roots
[9.729s][info][gc,phases      ] GC(53) Adjust Roots 2.007ms
[9.729s][info][gc,phases,start] GC(53) Compaction Phase
[9.743s][info][gc,phases      ] GC(53) Compaction Phase 14.043ms
[9.743s][info][gc,phases,start] GC(53) Post Compact
[9.744s][info][gc,phases      ] GC(53) Post Compact 0.547ms
[9.744s][info][gc,heap        ] GC(53) PSYoungGen: 96K(611840K)->0K(611840K) Eden: 0K(524800K)->0K(524800K) From: 96K(87040K)->0K(87040K)
[9.744s][info][gc,heap        ] GC(53) ParOldGen: 26296K(1398272K)->26296K(1398272K)
[9.744s][info][gc,metaspace   ] GC(53) Metaspace: 12020K(12224K)->12020K(12224K) NonClass: 10393K(10496K)->10393K(10496K) Class: 1627K(1728K)->1627K(1728K)
[9.744s][info][gc             ] GC(53) Pause Full (System.gc()) 25M->25M(1963M) 36.323ms
[9.744s][info][gc,cpu         ] GC(53) User=0.53s Sys=0.00s Real=0.03s
[10.023s][info][gc,start       ] GC(54) Pause Young (System.gc())
[10.024s][info][gc,heap        ] GC(54) PSYoungGen: 125952K(611840K)->96K(611840K) Eden: 125952K(524800K)->0K(524800K) From: 0K(87040K)->96K(87040K)
[10.024s][info][gc,heap        ] GC(54) ParOldGen: 26296K(1398272K)->26296K(1398272K)
[10.024s][info][gc,metaspace   ] GC(54) Metaspace: 12020K(12224K)->12020K(12224K) NonClass: 10393K(10496K)->10393K(10496K) Class: 1627K(1728K)->1627K(1728K)
[10.024s][info][gc             ] GC(54) Pause Young (System.gc()) 148M->25M(1963M) 0.661ms
[10.024s][info][gc,cpu         ] GC(54) User=0.00s Sys=0.00s Real=0.00s
[10.024s][info][gc,start       ] GC(55) Pause Full (System.gc())
[10.024s][info][gc,phases,start] GC(55) Marking Phase
[10.043s][info][gc,phases      ] GC(55) Marking Phase 18.793ms
[10.043s][info][gc,phases,start] GC(55) Summary Phase
[10.043s][info][gc,phases      ] GC(55) Summary Phase 0.023ms
[10.043s][info][gc,phases,start] GC(55) Adjust Roots
[10.045s][info][gc,phases      ] GC(55) Adjust Roots 2.102ms
[10.045s][info][gc,phases,start] GC(55) Compaction Phase
[10.054s][info][gc,phases      ] GC(55) Compaction Phase 8.978ms
[10.054s][info][gc,phases,start] GC(55) Post Compact
[10.054s][info][gc,phases      ] GC(55) Post Compact 0.518ms
[10.054s][info][gc,heap        ] GC(55) PSYoungGen: 96K(611840K)->0K(611840K) Eden: 0K(524800K)->0K(524800K) From: 96K(87040K)->0K(87040K)
[10.054s][info][gc,heap        ] GC(55) ParOldGen: 26296K(1398272K)->26296K(1398272K)
[10.055s][info][gc,metaspace   ] GC(55) Metaspace: 12020K(12224K)->12020K(12224K) NonClass: 10393K(10496K)->10393K(10496K) Class: 1627K(1728K)->1627K(1728K)
[10.055s][info][gc             ] GC(55) Pause Full (System.gc()) 25M->25M(1963M) 30.623ms
[10.055s][info][gc,cpu         ] GC(55) User=0.53s Sys=0.00s Real=0.03s
[10.328s][info][gc,start       ] GC(56) Pause Young (System.gc())
[10.329s][info][gc,heap        ] GC(56) PSYoungGen: 125952K(611840K)->96K(611840K) Eden: 125952K(524800K)->0K(524800K) From: 0K(87040K)->96K(87040K)
[10.329s][info][gc,heap        ] GC(56) ParOldGen: 26296K(1398272K)->26296K(1398272K)
[10.329s][info][gc,metaspace   ] GC(56) Metaspace: 12020K(12224K)->12020K(12224K) NonClass: 10393K(10496K)->10393K(10496K) Class: 1627K(1728K)->1627K(1728K)
[10.329s][info][gc             ] GC(56) Pause Young (System.gc()) 148M->25M(1963M) 0.676ms
[10.329s][info][gc,cpu         ] GC(56) User=0.00s Sys=0.00s Real=0.00s
[10.329s][info][gc,start       ] GC(57) Pause Full (System.gc())
[10.329s][info][gc,phases,start] GC(57) Marking Phase
[10.349s][info][gc,phases      ] GC(57) Marking Phase 19.824ms
[10.349s][info][gc,phases,start] GC(57) Summary Phase
[10.349s][info][gc,phases      ] GC(57) Summary Phase 0.020ms
[10.349s][info][gc,phases,start] GC(57) Adjust Roots
[10.351s][info][gc,phases      ] GC(57) Adjust Roots 1.989ms
[10.351s][info][gc,phases,start] GC(57) Compaction Phase
[10.365s][info][gc,phases      ] GC(57) Compaction Phase 14.143ms
[10.365s][info][gc,phases,start] GC(57) Post Compact
[10.366s][info][gc,phases      ] GC(57) Post Compact 0.677ms
[10.366s][info][gc,heap        ] GC(57) PSYoungGen: 96K(611840K)->0K(611840K) Eden: 0K(524800K)->0K(524800K) From: 96K(87040K)->0K(87040K)
[10.366s][info][gc,heap        ] GC(57) ParOldGen: 26296K(1398272K)->26296K(1398272K)
[10.366s][info][gc,metaspace   ] GC(57) Metaspace: 12020K(12224K)->12020K(12224K) NonClass: 10393K(10496K)->10393K(10496K) Class: 1627K(1728K)->1627K(1728K)
[10.366s][info][gc             ] GC(57) Pause Full (System.gc()) 25M->25M(1963M) 36.977ms
[10.366s][info][gc,cpu         ] GC(57) User=0.55s Sys=0.00s Real=0.03s
[10.633s][info][gc,start       ] GC(58) Pause Young (System.gc())
[10.633s][info][gc,heap        ] GC(58) PSYoungGen: 125952K(611840K)->96K(611840K) Eden: 125952K(524800K)->0K(524800K) From: 0K(87040K)->96K(87040K)
[10.633s][info][gc,heap        ] GC(58) ParOldGen: 26296K(1398272K)->26296K(1398272K)
[10.633s][info][gc,metaspace   ] GC(58) Metaspace: 12021K(12224K)->12021K(12224K) NonClass: 10394K(10496K)->10394K(10496K) Class: 1627K(1728K)->1627K(1728K)
[10.633s][info][gc             ] GC(58) Pause Young (System.gc()) 148M->25M(1963M) 0.677ms
[10.633s][info][gc,cpu         ] GC(58) User=0.00s Sys=0.00s Real=0.00s
[10.633s][info][gc,start       ] GC(59) Pause Full (System.gc())
[10.633s][info][gc,phases,start] GC(59) Marking Phase
[10.652s][info][gc,phases      ] GC(59) Marking Phase 19.062ms
[10.653s][info][gc,phases,start] GC(59) Summary Phase
[10.653s][info][gc,phases      ] GC(59) Summary Phase 0.021ms
[10.653s][info][gc,phases,start] GC(59) Adjust Roots
[10.655s][info][gc,phases      ] GC(59) Adjust Roots 2.167ms
[10.655s][info][gc,phases,start] GC(59) Compaction Phase
[10.669s][info][gc,phases      ] GC(59) Compaction Phase 13.981ms
[10.669s][info][gc,phases,start] GC(59) Post Compact
[10.669s][info][gc,phases      ] GC(59) Post Compact 0.678ms
[10.670s][info][gc,heap        ] GC(59) PSYoungGen: 96K(611840K)->0K(611840K) Eden: 0K(524800K)->0K(524800K) From: 96K(87040K)->0K(87040K)
[10.670s][info][gc,heap        ] GC(59) ParOldGen: 26296K(1398272K)->26296K(1398272K)
[10.670s][info][gc,metaspace   ] GC(59) Metaspace: 12021K(12224K)->12021K(12224K) NonClass: 10394K(10496K)->10394K(10496K) Class: 1627K(1728K)->1627K(1728K)
[10.670s][info][gc             ] GC(59) Pause Full (System.gc()) 25M->25M(1963M) 36.251ms
[10.670s][info][gc,cpu         ] GC(59) User=0.55s Sys=0.00s Real=0.05s
[10.951s][info][gc,start       ] GC(60) Pause Young (System.gc())
[10.952s][info][gc,heap        ] GC(60) PSYoungGen: 125952K(611840K)->96K(611840K) Eden: 125952K(524800K)->0K(524800K) From: 0K(87040K)->96K(87040K)
[10.952s][info][gc,heap        ] GC(60) ParOldGen: 26296K(1398272K)->26296K(1398272K)
[10.952s][info][gc,metaspace   ] GC(60) Metaspace: 12029K(12224K)->12029K(12224K) NonClass: 10402K(10496K)->10402K(10496K) Class: 1627K(1728K)->1627K(1728K)
[10.952s][info][gc             ] GC(60) Pause Young (System.gc()) 148M->25M(1963M) 0.629ms
[10.952s][info][gc,cpu         ] GC(60) User=0.00s Sys=0.00s Real=0.00s
[10.952s][info][gc,start       ] GC(61) Pause Full (System.gc())
[10.952s][info][gc,phases,start] GC(61) Marking Phase
[10.972s][info][gc,phases      ] GC(61) Marking Phase 19.961ms
[10.972s][info][gc,phases,start] GC(61) Summary Phase
[10.972s][info][gc,phases      ] GC(61) Summary Phase 0.022ms
[10.972s][info][gc,phases,start] GC(61) Adjust Roots
[10.974s][info][gc,phases      ] GC(61) Adjust Roots 1.985ms
[10.974s][info][gc,phases,start] GC(61) Compaction Phase
[10.982s][info][gc,phases      ] GC(61) Compaction Phase 7.706ms
[10.982s][info][gc,phases,start] GC(61) Post Compact
[10.982s][info][gc,phases      ] GC(61) Post Compact 0.614ms
[10.982s][info][gc,heap        ] GC(61) PSYoungGen: 96K(611840K)->0K(611840K) Eden: 0K(524800K)->0K(524800K) From: 96K(87040K)->0K(87040K)
[10.982s][info][gc,heap        ] GC(61) ParOldGen: 26296K(1398272K)->26296K(1398272K)
[10.982s][info][gc,metaspace   ] GC(61) Metaspace: 12029K(12224K)->12029K(12224K) NonClass: 10402K(10496K)->10402K(10496K) Class: 1627K(1728K)->1627K(1728K)
[10.982s][info][gc             ] GC(61) Pause Full (System.gc()) 25M->25M(1963M) 30.559ms
[10.982s][info][gc,cpu         ] GC(61) User=0.55s Sys=0.00s Real=0.03s
[11.257s][info][gc,start       ] GC(62) Pause Young (System.gc())
[11.258s][info][gc,heap        ] GC(62) PSYoungGen: 125952K(611840K)->96K(611840K) Eden: 125952K(524800K)->0K(524800K) From: 0K(87040K)->96K(87040K)
[11.258s][info][gc,heap        ] GC(62) ParOldGen: 26296K(1398272K)->26296K(1398272K)
[11.258s][info][gc,metaspace   ] GC(62) Metaspace: 12034K(12224K)->12034K(12224K) NonClass: 10407K(10496K)->10407K(10496K) Class: 1627K(1728K)->1627K(1728K)
[11.258s][info][gc             ] GC(62) Pause Young (System.gc()) 148M->25M(1963M) 0.651ms
[11.258s][info][gc,cpu         ] GC(62) User=0.00s Sys=0.00s Real=0.00s
[11.258s][info][gc,start       ] GC(63) Pause Full (System.gc())
[11.258s][info][gc,phases,start] GC(63) Marking Phase
[11.276s][info][gc,phases      ] GC(63) Marking Phase 17.880ms
[11.276s][info][gc,phases,start] GC(63) Summary Phase
[11.276s][info][gc,phases      ] GC(63) Summary Phase 0.029ms
[11.276s][info][gc,phases,start] GC(63) Adjust Roots
[11.279s][info][gc,phases      ] GC(63) Adjust Roots 2.801ms
[11.279s][info][gc,phases,start] GC(63) Compaction Phase
[11.290s][info][gc,phases      ] GC(63) Compaction Phase 10.857ms
[11.290s][info][gc,phases,start] GC(63) Post Compact
[11.290s][info][gc,phases      ] GC(63) Post Compact 0.605ms
[11.290s][info][gc,heap        ] GC(63) PSYoungGen: 96K(611840K)->0K(611840K) Eden: 0K(524800K)->0K(524800K) From: 96K(87040K)->0K(87040K)
[11.290s][info][gc,heap        ] GC(63) ParOldGen: 26296K(1398272K)->26296K(1398272K)
[11.290s][info][gc,metaspace   ] GC(63) Metaspace: 12034K(12224K)->12034K(12224K) NonClass: 10407K(10496K)->10407K(10496K) Class: 1627K(1728K)->1627K(1728K)
[11.291s][info][gc             ] GC(63) Pause Full (System.gc()) 25M->25M(1963M) 32.441ms
[11.291s][info][gc,cpu         ] GC(63) User=0.53s Sys=0.00s Real=0.03s
[11.558s][info][gc,start       ] GC(64) Pause Young (System.gc())
[11.558s][info][gc,heap        ] GC(64) PSYoungGen: 125952K(611840K)->128K(611840K) Eden: 125952K(524800K)->0K(524800K) From: 0K(87040K)->128K(87040K)
[11.558s][info][gc,heap        ] GC(64) ParOldGen: 26296K(1398272K)->26296K(1398272K)
[11.558s][info][gc,metaspace   ] GC(64) Metaspace: 12034K(12224K)->12034K(12224K) NonClass: 10407K(10496K)->10407K(10496K) Class: 1627K(1728K)->1627K(1728K)
[11.558s][info][gc             ] GC(64) Pause Young (System.gc()) 148M->25M(1963M) 0.643ms
[11.558s][info][gc,cpu         ] GC(64) User=0.00s Sys=0.00s Real=0.00s
[11.559s][info][gc,start       ] GC(65) Pause Full (System.gc())
[11.559s][info][gc,phases,start] GC(65) Marking Phase
[11.577s][info][gc,phases      ] GC(65) Marking Phase 18.179ms
[11.577s][info][gc,phases,start] GC(65) Summary Phase
[11.577s][info][gc,phases      ] GC(65) Summary Phase 0.021ms
[11.577s][info][gc,phases,start] GC(65) Adjust Roots
[11.579s][info][gc,phases      ] GC(65) Adjust Roots 1.783ms
[11.579s][info][gc,phases,start] GC(65) Compaction Phase
[11.593s][info][gc,phases      ] GC(65) Compaction Phase 13.933ms
[11.593s][info][gc,phases,start] GC(65) Post Compact
[11.593s][info][gc,phases      ] GC(65) Post Compact 0.633ms
[11.593s][info][gc,heap        ] GC(65) PSYoungGen: 128K(611840K)->0K(611840K) Eden: 0K(524800K)->0K(524800K) From: 128K(87040K)->0K(87040K)
[11.593s][info][gc,heap        ] GC(65) ParOldGen: 26296K(1398272K)->26296K(1398272K)
[11.593s][info][gc,metaspace   ] GC(65) Metaspace: 12034K(12224K)->12034K(12224K) NonClass: 10407K(10496K)->10407K(10496K) Class: 1627K(1728K)->1627K(1728K)
[11.593s][info][gc             ] GC(65) Pause Full (System.gc()) 25M->25M(1963M) 34.838ms
[11.593s][info][gc,cpu         ] GC(65) User=0.53s Sys=0.00s Real=0.03s
[11.869s][info][gc,start       ] GC(66) Pause Young (System.gc())
[11.869s][info][gc,heap        ] GC(66) PSYoungGen: 125952K(611840K)->160K(611840K) Eden: 125952K(524800K)->0K(524800K) From: 0K(87040K)->160K(87040K)
[11.869s][info][gc,heap        ] GC(66) ParOldGen: 26296K(1398272K)->26296K(1398272K)
[11.869s][info][gc,metaspace   ] GC(66) Metaspace: 12034K(12224K)->12034K(12224K) NonClass: 10407K(10496K)->10407K(10496K) Class: 1627K(1728K)->1627K(1728K)
[11.869s][info][gc             ] GC(66) Pause Young (System.gc()) 148M->25M(1963M) 0.651ms
[11.869s][info][gc,cpu         ] GC(66) User=0.00s Sys=0.00s Real=0.00s
[11.870s][info][gc,start       ] GC(67) Pause Full (System.gc())
[11.870s][info][gc,phases,start] GC(67) Marking Phase
[11.887s][info][gc,phases      ] GC(67) Marking Phase 17.696ms
[11.887s][info][gc,phases,start] GC(67) Summary Phase
[11.887s][info][gc,phases      ] GC(67) Summary Phase 0.020ms
[11.887s][info][gc,phases,start] GC(67) Adjust Roots
[11.890s][info][gc,phases      ] GC(67) Adjust Roots 2.271ms
[11.890s][info][gc,phases,start] GC(67) Compaction Phase
[11.901s][info][gc,phases      ] GC(67) Compaction Phase 11.514ms
[11.901s][info][gc,phases,start] GC(67) Post Compact
[11.902s][info][gc,phases      ] GC(67) Post Compact 0.592ms
[11.902s][info][gc,heap        ] GC(67) PSYoungGen: 160K(611840K)->0K(611840K) Eden: 0K(524800K)->0K(524800K) From: 160K(87040K)->0K(87040K)
[11.902s][info][gc,heap        ] GC(67) ParOldGen: 26296K(1398272K)->26296K(1398272K)
[11.902s][info][gc,metaspace   ] GC(67) Metaspace: 12034K(12224K)->12034K(12224K) NonClass: 10407K(10496K)->10407K(10496K) Class: 1627K(1728K)->1627K(1728K)
[11.902s][info][gc             ] GC(67) Pause Full (System.gc()) 25M->25M(1963M) 32.346ms
[11.902s][info][gc,cpu         ] GC(67) User=0.55s Sys=0.00s Real=0.03s
[12.174s][info][gc,start       ] GC(68) Pause Young (System.gc())
[12.175s][info][gc,heap        ] GC(68) PSYoungGen: 125952K(611840K)->96K(611840K) Eden: 125952K(524800K)->0K(524800K) From: 0K(87040K)->96K(87040K)
[12.175s][info][gc,heap        ] GC(68) ParOldGen: 26296K(1398272K)->26296K(1398272K)
[12.175s][info][gc,metaspace   ] GC(68) Metaspace: 12035K(12224K)->12035K(12224K) NonClass: 10408K(10496K)->10408K(10496K) Class: 1627K(1728K)->1627K(1728K)
[12.175s][info][gc             ] GC(68) Pause Young (System.gc()) 148M->25M(1963M) 0.655ms
[12.175s][info][gc,cpu         ] GC(68) User=0.00s Sys=0.00s Real=0.00s
[12.175s][info][gc,start       ] GC(69) Pause Full (System.gc())
[12.175s][info][gc,phases,start] GC(69) Marking Phase
[12.195s][info][gc,phases      ] GC(69) Marking Phase 19.645ms
[12.195s][info][gc,phases,start] GC(69) Summary Phase
[12.195s][info][gc,phases      ] GC(69) Summary Phase 0.022ms
[12.195s][info][gc,phases,start] GC(69) Adjust Roots
[12.197s][info][gc,phases      ] GC(69) Adjust Roots 1.893ms
[12.197s][info][gc,phases,start] GC(69) Compaction Phase
[12.205s][info][gc,phases      ] GC(69) Compaction Phase 8.501ms
[12.205s][info][gc,phases,start] GC(69) Post Compact
[12.206s][info][gc,phases      ] GC(69) Post Compact 0.519ms
[12.206s][info][gc,heap        ] GC(69) PSYoungGen: 96K(611840K)->0K(611840K) Eden: 0K(524800K)->0K(524800K) From: 96K(87040K)->0K(87040K)
[12.206s][info][gc,heap        ] GC(69) ParOldGen: 26296K(1398272K)->26296K(1398272K)
[12.206s][info][gc,metaspace   ] GC(69) Metaspace: 12035K(12224K)->12035K(12224K) NonClass: 10408K(10496K)->10408K(10496K) Class: 1627K(1728K)->1627K(1728K)
[12.206s][info][gc             ] GC(69) Pause Full (System.gc()) 25M->25M(1963M) 30.787ms
[12.206s][info][gc,cpu         ] GC(69) User=1.03s Sys=0.00s Real=0.03s
[12.470s][info][gc,start       ] GC(70) Pause Young (System.gc())
[12.470s][info][gc,heap        ] GC(70) PSYoungGen: 125952K(611840K)->96K(611840K) Eden: 125952K(524800K)->0K(524800K) From: 0K(87040K)->96K(87040K)
[12.470s][info][gc,heap        ] GC(70) ParOldGen: 26296K(1398272K)->26296K(1398272K)
[12.470s][info][gc,metaspace   ] GC(70) Metaspace: 12035K(12224K)->12035K(12224K) NonClass: 10408K(10496K)->10408K(10496K) Class: 1627K(1728K)->1627K(1728K)
[12.470s][info][gc             ] GC(70) Pause Young (System.gc()) 148M->25M(1963M) 0.651ms
[12.470s][info][gc,cpu         ] GC(70) User=0.00s Sys=0.00s Real=0.00s
[12.471s][info][gc,start       ] GC(71) Pause Full (System.gc())
[12.471s][info][gc,phases,start] GC(71) Marking Phase
[12.489s][info][gc,phases      ] GC(71) Marking Phase 18.769ms
[12.489s][info][gc,phases,start] GC(71) Summary Phase
[12.489s][info][gc,phases      ] GC(71) Summary Phase 0.024ms
[12.489s][info][gc,phases,start] GC(71) Adjust Roots
[12.491s][info][gc,phases      ] GC(71) Adjust Roots 1.791ms
[12.491s][info][gc,phases,start] GC(71) Compaction Phase
[12.505s][info][gc,phases      ] GC(71) Compaction Phase 14.179ms
[12.506s][info][gc,phases,start] GC(71) Post Compact
[12.506s][info][gc,phases      ] GC(71) Post Compact 0.660ms
[12.506s][info][gc,heap        ] GC(71) PSYoungGen: 96K(611840K)->0K(611840K) Eden: 0K(524800K)->0K(524800K) From: 96K(87040K)->0K(87040K)
[12.506s][info][gc,heap        ] GC(71) ParOldGen: 26296K(1398272K)->26296K(1398272K)
[12.506s][info][gc,metaspace   ] GC(71) Metaspace: 12035K(12224K)->12035K(12224K) NonClass: 10408K(10496K)->10408K(10496K) Class: 1627K(1728K)->1627K(1728K)
[12.506s][info][gc             ] GC(71) Pause Full (System.gc()) 25M->25M(1963M) 35.742ms
[12.506s][info][gc,cpu         ] GC(71) User=0.52s Sys=0.02s Real=0.03s
[12.787s][info][gc,start       ] GC(72) Pause Young (System.gc())
[12.788s][info][gc,heap        ] GC(72) PSYoungGen: 125952K(611840K)->320K(611840K) Eden: 125952K(524800K)->0K(524800K) From: 0K(87040K)->320K(87040K)
[12.788s][info][gc,heap        ] GC(72) ParOldGen: 26296K(1398272K)->26296K(1398272K)
[12.788s][info][gc,metaspace   ] GC(72) Metaspace: 12037K(12288K)->12037K(12288K) NonClass: 10410K(10560K)->10410K(10560K) Class: 1627K(1728K)->1627K(1728K)
[12.788s][info][gc             ] GC(72) Pause Young (System.gc()) 148M->25M(1963M) 0.640ms
[12.788s][info][gc,cpu         ] GC(72) User=0.00s Sys=0.00s Real=0.00s
[12.788s][info][gc,start       ] GC(73) Pause Full (System.gc())
[12.788s][info][gc,phases,start] GC(73) Marking Phase
[12.808s][info][gc,phases      ] GC(73) Marking Phase 20.132ms
[12.808s][info][gc,phases,start] GC(73) Summary Phase
[12.808s][info][gc,phases      ] GC(73) Summary Phase 0.016ms
[12.808s][info][gc,phases,start] GC(73) Adjust Roots
[12.810s][info][gc,phases      ] GC(73) Adjust Roots 1.932ms
[12.810s][info][gc,phases,start] GC(73) Compaction Phase
[12.820s][info][gc,phases      ] GC(73) Compaction Phase 9.773ms
[12.820s][info][gc,phases,start] GC(73) Post Compact
[12.820s][info][gc,phases      ] GC(73) Post Compact 0.549ms
[12.820s][info][gc,heap        ] GC(73) PSYoungGen: 320K(611840K)->0K(611840K) Eden: 0K(524800K)->0K(524800K) From: 320K(87040K)->0K(87040K)
[12.820s][info][gc,heap        ] GC(73) ParOldGen: 26296K(1398272K)->26298K(1398272K)
[12.820s][info][gc,metaspace   ] GC(73) Metaspace: 12037K(12288K)->12037K(12288K) NonClass: 10410K(10560K)->10410K(10560K) Class: 1627K(1728K)->1627K(1728K)
[12.821s][info][gc             ] GC(73) Pause Full (System.gc()) 25M->25M(1963M) 32.628ms
[12.821s][info][gc,cpu         ] GC(73) User=0.53s Sys=0.00s Real=0.03s
[13.095s][info][gc,start       ] GC(74) Pause Young (System.gc())
[13.096s][info][gc,heap        ] GC(74) PSYoungGen: 125952K(611840K)->96K(611840K) Eden: 125952K(524800K)->0K(524800K) From: 0K(87040K)->96K(87040K)
[13.096s][info][gc,heap        ] GC(74) ParOldGen: 26298K(1398272K)->26298K(1398272K)
[13.096s][info][gc,metaspace   ] GC(74) Metaspace: 12038K(12288K)->12038K(12288K) NonClass: 10411K(10560K)->10411K(10560K) Class: 1627K(1728K)->1627K(1728K)
[13.096s][info][gc             ] GC(74) Pause Young (System.gc()) 148M->25M(1963M) 0.647ms
[13.096s][info][gc,cpu         ] GC(74) User=0.00s Sys=0.00s Real=0.00s
[13.096s][info][gc,start       ] GC(75) Pause Full (System.gc())
[13.096s][info][gc,phases,start] GC(75) Marking Phase
[13.114s][info][gc,phases      ] GC(75) Marking Phase 17.912ms
[13.114s][info][gc,phases,start] GC(75) Summary Phase
[13.114s][info][gc,phases      ] GC(75) Summary Phase 0.020ms
[13.114s][info][gc,phases,start] GC(75) Adjust Roots
[13.116s][info][gc,phases      ] GC(75) Adjust Roots 2.254ms
[13.116s][info][gc,phases,start] GC(75) Compaction Phase
[13.131s][info][gc,phases      ] GC(75) Compaction Phase 14.372ms
[13.131s][info][gc,phases,start] GC(75) Post Compact
[13.131s][info][gc,phases      ] GC(75) Post Compact 0.552ms
[13.131s][info][gc,heap        ] GC(75) PSYoungGen: 96K(611840K)->0K(611840K) Eden: 0K(524800K)->0K(524800K) From: 96K(87040K)->0K(87040K)
[13.131s][info][gc,heap        ] GC(75) ParOldGen: 26298K(1398272K)->26298K(1398272K)
[13.131s][info][gc,metaspace   ] GC(75) Metaspace: 12038K(12288K)->12038K(12288K) NonClass: 10411K(10560K)->10411K(10560K) Class: 1627K(1728K)->1627K(1728K)
[13.131s][info][gc             ] GC(75) Pause Full (System.gc()) 25M->25M(1963M) 35.341ms
[13.131s][info][gc,cpu         ] GC(75) User=0.55s Sys=0.00s Real=0.03s
[13.402s][info][gc,start       ] GC(76) Pause Young (System.gc())
[13.402s][info][gc,heap        ] GC(76) PSYoungGen: 125952K(611840K)->64K(611840K) Eden: 125952K(524800K)->0K(524800K) From: 0K(87040K)->64K(87040K)
[13.402s][info][gc,heap        ] GC(76) ParOldGen: 26298K(1398272K)->26298K(1398272K)
[13.402s][info][gc,metaspace   ] GC(76) Metaspace: 12038K(12288K)->12038K(12288K) NonClass: 10411K(10560K)->10411K(10560K) Class: 1627K(1728K)->1627K(1728K)
[13.402s][info][gc             ] GC(76) Pause Young (System.gc()) 148M->25M(1963M) 0.645ms
[13.402s][info][gc,cpu         ] GC(76) User=0.00s Sys=0.00s Real=0.00s
[13.402s][info][gc,start       ] GC(77) Pause Full (System.gc())
[13.402s][info][gc,phases,start] GC(77) Marking Phase
[13.422s][info][gc,phases      ] GC(77) Marking Phase 19.172ms
[13.422s][info][gc,phases,start] GC(77) Summary Phase
[13.422s][info][gc,phases      ] GC(77) Summary Phase 0.020ms
[13.422s][info][gc,phases,start] GC(77) Adjust Roots
[13.424s][info][gc,phases      ] GC(77) Adjust Roots 2.825ms
[13.424s][info][gc,phases,start] GC(77) Compaction Phase
[13.437s][info][gc,phases      ] GC(77) Compaction Phase 12.599ms
[13.437s][info][gc,phases,start] GC(77) Post Compact
[13.438s][info][gc,phases      ] GC(77) Post Compact 0.616ms
[13.438s][info][gc,heap        ] GC(77) PSYoungGen: 64K(611840K)->0K(611840K) Eden: 0K(524800K)->0K(524800K) From: 64K(87040K)->0K(87040K)
[13.438s][info][gc,heap        ] GC(77) ParOldGen: 26298K(1398272K)->26298K(1398272K)
[13.438s][info][gc,metaspace   ] GC(77) Metaspace: 12038K(12288K)->12038K(12288K) NonClass: 10411K(10560K)->10411K(10560K) Class: 1627K(1728K)->1627K(1728K)
[13.438s][info][gc             ] GC(77) Pause Full (System.gc()) 25M->25M(1963M) 35.538ms
[13.438s][info][gc,cpu         ] GC(77) User=0.53s Sys=0.02s Real=0.05s
[13.716s][info][gc,start       ] GC(78) Pause Young (System.gc())
[13.716s][info][gc,heap        ] GC(78) PSYoungGen: 125952K(611840K)->96K(611840K) Eden: 125952K(524800K)->0K(524800K) From: 0K(87040K)->96K(87040K)
[13.716s][info][gc,heap        ] GC(78) ParOldGen: 26298K(1398272K)->26298K(1398272K)
[13.716s][info][gc,metaspace   ] GC(78) Metaspace: 12039K(12288K)->12039K(12288K) NonClass: 10412K(10560K)->10412K(10560K) Class: 1627K(1728K)->1627K(1728K)
[13.717s][info][gc             ] GC(78) Pause Young (System.gc()) 148M->25M(1963M) 0.660ms
[13.717s][info][gc,cpu         ] GC(78) User=0.00s Sys=0.00s Real=0.00s
[13.717s][info][gc,start       ] GC(79) Pause Full (System.gc())
[13.717s][info][gc,phases,start] GC(79) Marking Phase
[13.735s][info][gc,phases      ] GC(79) Marking Phase 18.129ms
[13.735s][info][gc,phases,start] GC(79) Summary Phase
[13.735s][info][gc,phases      ] GC(79) Summary Phase 0.020ms
[13.735s][info][gc,phases,start] GC(79) Adjust Roots
[13.737s][info][gc,phases      ] GC(79) Adjust Roots 2.021ms
[13.737s][info][gc,phases,start] GC(79) Compaction Phase
[13.751s][info][gc,phases      ] GC(79) Compaction Phase 13.959ms
[13.751s][info][gc,phases,start] GC(79) Post Compact
[13.752s][info][gc,phases      ] GC(79) Post Compact 0.619ms
[13.752s][info][gc,heap        ] GC(79) PSYoungGen: 96K(611840K)->0K(611840K) Eden: 0K(524800K)->0K(524800K) From: 96K(87040K)->0K(87040K)
[13.752s][info][gc,heap        ] GC(79) ParOldGen: 26298K(1398272K)->26298K(1398272K)
[13.752s][info][gc,metaspace   ] GC(79) Metaspace: 12039K(12288K)->12039K(12288K) NonClass: 10412K(10560K)->10412K(10560K) Class: 1627K(1728K)->1627K(1728K)
[13.752s][info][gc             ] GC(79) Pause Full (System.gc()) 25M->25M(1963M) 35.035ms
[13.752s][info][gc,cpu         ] GC(79) User=0.55s Sys=0.00s Real=0.05s
[14.068s][info][gc,start       ] GC(80) Pause Young (System.gc())
[14.068s][info][gc,heap        ] GC(80) PSYoungGen: 125952K(611840K)->96K(611840K) Eden: 125952K(524800K)->0K(524800K) From: 0K(87040K)->96K(87040K)
[14.068s][info][gc,heap        ] GC(80) ParOldGen: 26298K(1398272K)->26298K(1398272K)
[14.068s][info][gc,metaspace   ] GC(80) Metaspace: 12041K(12288K)->12041K(12288K) NonClass: 10414K(10560K)->10414K(10560K) Class: 1627K(1728K)->1627K(1728K)
[14.068s][info][gc             ] GC(80) Pause Young (System.gc()) 148M->25M(1963M) 0.711ms
[14.069s][info][gc,cpu         ] GC(80) User=0.00s Sys=0.00s Real=0.00s
[14.069s][info][gc,start       ] GC(81) Pause Full (System.gc())
[14.069s][info][gc,phases,start] GC(81) Marking Phase
[14.087s][info][gc,phases      ] GC(81) Marking Phase 18.199ms
[14.087s][info][gc,phases,start] GC(81) Summary Phase
[14.087s][info][gc,phases      ] GC(81) Summary Phase 0.021ms
[14.087s][info][gc,phases,start] GC(81) Adjust Roots
[14.089s][info][gc,phases      ] GC(81) Adjust Roots 1.946ms
[14.089s][info][gc,phases,start] GC(81) Compaction Phase
[14.100s][info][gc,phases      ] GC(81) Compaction Phase 11.303ms
[14.100s][info][gc,phases,start] GC(81) Post Compact
[14.101s][info][gc,phases      ] GC(81) Post Compact 0.601ms
[14.101s][info][gc,heap        ] GC(81) PSYoungGen: 96K(611840K)->0K(611840K) Eden: 0K(524800K)->0K(524800K) From: 96K(87040K)->0K(87040K)
[14.101s][info][gc,heap        ] GC(81) ParOldGen: 26298K(1398272K)->26298K(1398272K)
[14.101s][info][gc,metaspace   ] GC(81) Metaspace: 12041K(12288K)->12041K(12288K) NonClass: 10414K(10560K)->10414K(10560K) Class: 1627K(1728K)->1627K(1728K)
[14.101s][info][gc             ] GC(81) Pause Full (System.gc()) 25M->25M(1963M) 32.330ms
[14.101s][info][gc,cpu         ] GC(81) User=0.55s Sys=0.00s Real=0.03s
[14.384s][info][gc,start       ] GC(82) Pause Young (System.gc())
[14.385s][info][gc,heap        ] GC(82) PSYoungGen: 125952K(611840K)->96K(611840K) Eden: 125952K(524800K)->0K(524800K) From: 0K(87040K)->96K(87040K)
[14.385s][info][gc,heap        ] GC(82) ParOldGen: 26298K(1398272K)->26298K(1398272K)
[14.385s][info][gc,metaspace   ] GC(82) Metaspace: 12041K(12288K)->12041K(12288K) NonClass: 10414K(10560K)->10414K(10560K) Class: 1627K(1728K)->1627K(1728K)
[14.385s][info][gc             ] GC(82) Pause Young (System.gc()) 148M->25M(1963M) 0.683ms
[14.385s][info][gc,cpu         ] GC(82) User=0.00s Sys=0.00s Real=0.00s
[14.385s][info][gc,start       ] GC(83) Pause Full (System.gc())
[14.385s][info][gc,phases,start] GC(83) Marking Phase
[14.404s][info][gc,phases      ] GC(83) Marking Phase 19.136ms
[14.404s][info][gc,phases,start] GC(83) Summary Phase
[14.404s][info][gc,phases      ] GC(83) Summary Phase 0.022ms
[14.404s][info][gc,phases,start] GC(83) Adjust Roots
[14.406s][info][gc,phases      ] GC(83) Adjust Roots 1.952ms
[14.406s][info][gc,phases,start] GC(83) Compaction Phase
[14.415s][info][gc,phases      ] GC(83) Compaction Phase 8.615ms
[14.415s][info][gc,phases,start] GC(83) Post Compact
[14.416s][info][gc,phases      ] GC(83) Post Compact 0.521ms
[14.416s][info][gc,heap        ] GC(83) PSYoungGen: 96K(611840K)->0K(611840K) Eden: 0K(524800K)->0K(524800K) From: 96K(87040K)->0K(87040K)
[14.416s][info][gc,heap        ] GC(83) ParOldGen: 26298K(1398272K)->26298K(1398272K)
[14.416s][info][gc,metaspace   ] GC(83) Metaspace: 12041K(12288K)->12041K(12288K) NonClass: 10414K(10560K)->10414K(10560K) Class: 1627K(1728K)->1627K(1728K)
[14.416s][info][gc             ] GC(83) Pause Full (System.gc()) 25M->25M(1963M) 30.473ms
[14.416s][info][gc,cpu         ] GC(83) User=0.55s Sys=0.00s Real=0.03s
[14.688s][info][gc,start       ] GC(84) Pause Young (System.gc())
[14.689s][info][gc,heap        ] GC(84) PSYoungGen: 125952K(611840K)->96K(611840K) Eden: 125952K(524800K)->0K(524800K) From: 0K(87040K)->96K(87040K)
[14.689s][info][gc,heap        ] GC(84) ParOldGen: 26298K(1398272K)->26298K(1398272K)
[14.689s][info][gc,metaspace   ] GC(84) Metaspace: 12050K(12288K)->12050K(12288K) NonClass: 10423K(10560K)->10423K(10560K) Class: 1627K(1728K)->1627K(1728K)
[14.689s][info][gc             ] GC(84) Pause Young (System.gc()) 148M->25M(1963M) 0.638ms
[14.689s][info][gc,cpu         ] GC(84) User=0.00s Sys=0.00s Real=0.00s
[14.689s][info][gc,start       ] GC(85) Pause Full (System.gc())
[14.689s][info][gc,phases,start] GC(85) Marking Phase
[14.708s][info][gc,phases      ] GC(85) Marking Phase 19.407ms
[14.708s][info][gc,phases,start] GC(85) Summary Phase
[14.708s][info][gc,phases      ] GC(85) Summary Phase 0.021ms
[14.708s][info][gc,phases,start] GC(85) Adjust Roots
[14.710s][info][gc,phases      ] GC(85) Adjust Roots 1.938ms
[14.710s][info][gc,phases,start] GC(85) Compaction Phase
[14.724s][info][gc,phases      ] GC(85) Compaction Phase 13.937ms
[14.724s][info][gc,phases,start] GC(85) Post Compact
[14.725s][info][gc,phases      ] GC(85) Post Compact 0.635ms
[14.725s][info][gc,heap        ] GC(85) PSYoungGen: 96K(611840K)->0K(611840K) Eden: 0K(524800K)->0K(524800K) From: 96K(87040K)->0K(87040K)
[14.725s][info][gc,heap        ] GC(85) ParOldGen: 26298K(1398272K)->26298K(1398272K)
[14.725s][info][gc,metaspace   ] GC(85) Metaspace: 12050K(12288K)->12050K(12288K) NonClass: 10423K(10560K)->10423K(10560K) Class: 1627K(1728K)->1627K(1728K)
[14.725s][info][gc             ] GC(85) Pause Full (System.gc()) 25M->25M(1963M) 36.229ms
[14.725s][info][gc,cpu         ] GC(85) User=0.53s Sys=0.00s Real=0.03s
[14.990s][info][gc,start       ] GC(86) Pause Young (System.gc())
[14.991s][info][gc,heap        ] GC(86) PSYoungGen: 125952K(611840K)->96K(611840K) Eden: 125952K(524800K)->0K(524800K) From: 0K(87040K)->96K(87040K)
[14.991s][info][gc,heap        ] GC(86) ParOldGen: 26298K(1398272K)->26298K(1398272K)
[14.991s][info][gc,metaspace   ] GC(86) Metaspace: 12053K(12288K)->12053K(12288K) NonClass: 10426K(10560K)->10426K(10560K) Class: 1627K(1728K)->1627K(1728K)
[14.991s][info][gc             ] GC(86) Pause Young (System.gc()) 148M->25M(1963M) 0.625ms
[14.991s][info][gc,cpu         ] GC(86) User=0.00s Sys=0.00s Real=0.00s
[14.991s][info][gc,start       ] GC(87) Pause Full (System.gc())
[14.991s][info][gc,phases,start] GC(87) Marking Phase
[15.011s][info][gc,phases      ] GC(87) Marking Phase 19.779ms
[15.011s][info][gc,phases,start] GC(87) Summary Phase
[15.011s][info][gc,phases      ] GC(87) Summary Phase 0.020ms
[15.011s][info][gc,phases,start] GC(87) Adjust Roots
[15.013s][info][gc,phases      ] GC(87) Adjust Roots 2.043ms
[15.013s][info][gc,phases,start] GC(87) Compaction Phase
[15.027s][info][gc,phases      ] GC(87) Compaction Phase 13.935ms
[15.027s][info][gc,phases,start] GC(87) Post Compact
[15.027s][info][gc,phases      ] GC(87) Post Compact 0.620ms
[15.027s][info][gc,heap        ] GC(87) PSYoungGen: 96K(611840K)->0K(611840K) Eden: 0K(524800K)->0K(524800K) From: 96K(87040K)->0K(87040K)
[15.027s][info][gc,heap        ] GC(87) ParOldGen: 26298K(1398272K)->26298K(1398272K)
[15.027s][info][gc,metaspace   ] GC(87) Metaspace: 12053K(12288K)->12053K(12288K) NonClass: 10426K(10560K)->10426K(10560K) Class: 1627K(1728K)->1627K(1728K)
[15.027s][info][gc             ] GC(87) Pause Full (System.gc()) 25M->25M(1963M) 36.669ms
[15.028s][info][gc,cpu         ] GC(87) User=0.55s Sys=0.00s Real=0.03s
[15.293s][info][gc,start       ] GC(88) Pause Young (System.gc())
[15.294s][info][gc,heap        ] GC(88) PSYoungGen: 125952K(611840K)->96K(611840K) Eden: 125952K(524800K)->0K(524800K) From: 0K(87040K)->96K(87040K)
[15.294s][info][gc,heap        ] GC(88) ParOldGen: 26298K(1398272K)->26298K(1398272K)
[15.294s][info][gc,metaspace   ] GC(88) Metaspace: 12053K(12288K)->12053K(12288K) NonClass: 10426K(10560K)->10426K(10560K) Class: 1627K(1728K)->1627K(1728K)
[15.294s][info][gc             ] GC(88) Pause Young (System.gc()) 148M->25M(1963M) 0.637ms
[15.294s][info][gc,cpu         ] GC(88) User=0.00s Sys=0.00s Real=0.00s
[15.294s][info][gc,start       ] GC(89) Pause Full (System.gc())
[15.294s][info][gc,phases,start] GC(89) Marking Phase
[15.313s][info][gc,phases      ] GC(89) Marking Phase 18.338ms
[15.313s][info][gc,phases,start] GC(89) Summary Phase
[15.313s][info][gc,phases      ] GC(89) Summary Phase 0.022ms
[15.313s][info][gc,phases,start] GC(89) Adjust Roots
[15.315s][info][gc,phases      ] GC(89) Adjust Roots 1.963ms
[15.315s][info][gc,phases,start] GC(89) Compaction Phase
[15.329s][info][gc,phases      ] GC(89) Compaction Phase 14.225ms
[15.329s][info][gc,phases,start] GC(89) Post Compact
[15.330s][info][gc,phases      ] GC(89) Post Compact 0.670ms
[15.330s][info][gc,heap        ] GC(89) PSYoungGen: 96K(611840K)->0K(611840K) Eden: 0K(524800K)->0K(524800K) From: 96K(87040K)->0K(87040K)
[15.330s][info][gc,heap        ] GC(89) ParOldGen: 26298K(1398272K)->26298K(1398272K)
[15.330s][info][gc,metaspace   ] GC(89) Metaspace: 12053K(12288K)->12053K(12288K) NonClass: 10426K(10560K)->10426K(10560K) Class: 1627K(1728K)->1627K(1728K)
[15.330s][info][gc             ] GC(89) Pause Full (System.gc()) 25M->25M(1963M) 35.543ms
[15.330s][info][gc,cpu         ] GC(89) User=0.55s Sys=0.00s Real=0.05s
[15.620s][info][gc,start       ] GC(90) Pause Young (System.gc())
[15.621s][info][gc,heap        ] GC(90) PSYoungGen: 125952K(611840K)->96K(611840K) Eden: 125952K(524800K)->0K(524800K) From: 0K(87040K)->96K(87040K)
[15.621s][info][gc,heap        ] GC(90) ParOldGen: 26298K(1398272K)->26298K(1398272K)
[15.621s][info][gc,metaspace   ] GC(90) Metaspace: 12053K(12288K)->12053K(12288K) NonClass: 10426K(10560K)->10426K(10560K) Class: 1627K(1728K)->1627K(1728K)
[15.621s][info][gc             ] GC(90) Pause Young (System.gc()) 148M->25M(1963M) 0.649ms
[15.621s][info][gc,cpu         ] GC(90) User=0.00s Sys=0.00s Real=0.00s
[15.621s][info][gc,start       ] GC(91) Pause Full (System.gc())
[15.621s][info][gc,phases,start] GC(91) Marking Phase
[15.640s][info][gc,phases      ] GC(91) Marking Phase 18.882ms
[15.640s][info][gc,phases,start] GC(91) Summary Phase
[15.640s][info][gc,phases      ] GC(91) Summary Phase 0.022ms
[15.640s][info][gc,phases,start] GC(91) Adjust Roots
[15.643s][info][gc,phases      ] GC(91) Adjust Roots 2.868ms
[15.643s][info][gc,phases,start] GC(91) Compaction Phase
[15.651s][info][gc,phases      ] GC(91) Compaction Phase 8.613ms
[15.651s][info][gc,phases,start] GC(91) Post Compact
[15.652s][info][gc,phases      ] GC(91) Post Compact 0.525ms
[15.652s][info][gc,heap        ] GC(91) PSYoungGen: 96K(611840K)->0K(611840K) Eden: 0K(524800K)->0K(524800K) From: 96K(87040K)->0K(87040K)
[15.652s][info][gc,heap        ] GC(91) ParOldGen: 26298K(1398272K)->26298K(1398272K)
[15.652s][info][gc,metaspace   ] GC(91) Metaspace: 12053K(12288K)->12053K(12288K) NonClass: 10426K(10560K)->10426K(10560K) Class: 1627K(1728K)->1627K(1728K)
[15.652s][info][gc             ] GC(91) Pause Full (System.gc()) 25M->25M(1963M) 31.128ms
[15.652s][info][gc,cpu         ] GC(91) User=0.55s Sys=0.00s Real=0.03s
[15.914s][info][gc,start       ] GC(92) Pause Young (System.gc())
[15.915s][info][gc,heap        ] GC(92) PSYoungGen: 125952K(611840K)->96K(611840K) Eden: 125952K(524800K)->0K(524800K) From: 0K(87040K)->96K(87040K)
[15.915s][info][gc,heap        ] GC(92) ParOldGen: 26298K(1398272K)->26298K(1398272K)
[15.915s][info][gc,metaspace   ] GC(92) Metaspace: 12053K(12288K)->12053K(12288K) NonClass: 10426K(10560K)->10426K(10560K) Class: 1627K(1728K)->1627K(1728K)
[15.915s][info][gc             ] GC(92) Pause Young (System.gc()) 148M->25M(1963M) 0.638ms
[15.915s][info][gc,cpu         ] GC(92) User=0.00s Sys=0.00s Real=0.00s
[15.915s][info][gc,start       ] GC(93) Pause Full (System.gc())
[15.915s][info][gc,phases,start] GC(93) Marking Phase
[15.934s][info][gc,phases      ] GC(93) Marking Phase 19.490ms
[15.934s][info][gc,phases,start] GC(93) Summary Phase
[15.935s][info][gc,phases      ] GC(93) Summary Phase 0.021ms
[15.935s][info][gc,phases,start] GC(93) Adjust Roots
[15.936s][info][gc,phases      ] GC(93) Adjust Roots 1.914ms
[15.936s][info][gc,phases,start] GC(93) Compaction Phase
[15.951s][info][gc,phases      ] GC(93) Compaction Phase 14.279ms
[15.951s][info][gc,phases,start] GC(93) Post Compact
[15.951s][info][gc,phases      ] GC(93) Post Compact 0.662ms
[15.952s][info][gc,heap        ] GC(93) PSYoungGen: 96K(611840K)->0K(611840K) Eden: 0K(524800K)->0K(524800K) From: 96K(87040K)->0K(87040K)
[15.952s][info][gc,heap        ] GC(93) ParOldGen: 26298K(1398272K)->26298K(1398272K)
[15.952s][info][gc,metaspace   ] GC(93) Metaspace: 12053K(12288K)->12053K(12288K) NonClass: 10426K(10560K)->10426K(10560K) Class: 1627K(1728K)->1627K(1728K)
[15.952s][info][gc             ] GC(93) Pause Full (System.gc()) 25M->25M(1963M) 36.698ms
[15.952s][info][gc,cpu         ] GC(93) User=0.55s Sys=0.00s Real=0.03s
[16.218s][info][gc,start       ] GC(94) Pause Young (System.gc())
[16.218s][info][gc,heap        ] GC(94) PSYoungGen: 125952K(611840K)->96K(611840K) Eden: 125952K(524800K)->0K(524800K) From: 0K(87040K)->96K(87040K)
[16.218s][info][gc,heap        ] GC(94) ParOldGen: 26298K(1398272K)->26298K(1398272K)
[16.218s][info][gc,metaspace   ] GC(94) Metaspace: 12053K(12288K)->12053K(12288K) NonClass: 10426K(10560K)->10426K(10560K) Class: 1627K(1728K)->1627K(1728K)
[16.218s][info][gc             ] GC(94) Pause Young (System.gc()) 148M->25M(1963M) 0.660ms
[16.218s][info][gc,cpu         ] GC(94) User=0.38s Sys=0.03s Real=0.02s
[16.219s][info][gc,start       ] GC(95) Pause Full (System.gc())
[16.219s][info][gc,phases,start] GC(95) Marking Phase
[16.237s][info][gc,phases      ] GC(95) Marking Phase 18.867ms
[16.238s][info][gc,phases,start] GC(95) Summary Phase
[16.238s][info][gc,phases      ] GC(95) Summary Phase 0.020ms
[16.238s][info][gc,phases,start] GC(95) Adjust Roots
[16.239s][info][gc,phases      ] GC(95) Adjust Roots 1.787ms
[16.239s][info][gc,phases,start] GC(95) Compaction Phase
[16.254s][info][gc,phases      ] GC(95) Compaction Phase 14.119ms
[16.254s][info][gc,phases,start] GC(95) Post Compact
[16.254s][info][gc,phases      ] GC(95) Post Compact 0.608ms
[16.254s][info][gc,heap        ] GC(95) PSYoungGen: 96K(611840K)->0K(611840K) Eden: 0K(524800K)->0K(524800K) From: 96K(87040K)->0K(87040K)
[16.254s][info][gc,heap        ] GC(95) ParOldGen: 26298K(1398272K)->26298K(1398272K)
[16.254s][info][gc,metaspace   ] GC(95) Metaspace: 12053K(12288K)->12053K(12288K) NonClass: 10426K(10560K)->10426K(10560K) Class: 1627K(1728K)->1627K(1728K)
[16.254s][info][gc             ] GC(95) Pause Full (System.gc()) 25M->25M(1963M) 35.683ms
[16.254s][info][gc,cpu         ] GC(95) User=0.55s Sys=0.00s Real=0.03s
[16.551s][info][gc,start       ] GC(96) Pause Young (System.gc())
[16.551s][info][gc,heap        ] GC(96) PSYoungGen: 125952K(611840K)->128K(611840K) Eden: 125952K(524800K)->0K(524800K) From: 0K(87040K)->128K(87040K)
[16.551s][info][gc,heap        ] GC(96) ParOldGen: 26298K(1398272K)->26298K(1398272K)
[16.551s][info][gc,metaspace   ] GC(96) Metaspace: 12053K(12288K)->12053K(12288K) NonClass: 10426K(10560K)->10426K(10560K) Class: 1627K(1728K)->1627K(1728K)
[16.551s][info][gc             ] GC(96) Pause Young (System.gc()) 148M->25M(1963M) 0.633ms
[16.551s][info][gc,cpu         ] GC(96) User=0.00s Sys=0.00s Real=0.00s
[16.551s][info][gc,start       ] GC(97) Pause Full (System.gc())
[16.551s][info][gc,phases,start] GC(97) Marking Phase
[16.571s][info][gc,phases      ] GC(97) Marking Phase 19.244ms
[16.571s][info][gc,phases,start] GC(97) Summary Phase
[16.571s][info][gc,phases      ] GC(97) Summary Phase 0.020ms
[16.571s][info][gc,phases,start] GC(97) Adjust Roots
[16.572s][info][gc,phases      ] GC(97) Adjust Roots 1.764ms
[16.572s][info][gc,phases,start] GC(97) Compaction Phase
[16.586s][info][gc,phases      ] GC(97) Compaction Phase 13.723ms
[16.586s][info][gc,phases,start] GC(97) Post Compact
[16.587s][info][gc,phases      ] GC(97) Post Compact 0.683ms
[16.587s][info][gc,heap        ] GC(97) PSYoungGen: 128K(611840K)->0K(611840K) Eden: 0K(524800K)->0K(524800K) From: 128K(87040K)->0K(87040K)
[16.587s][info][gc,heap        ] GC(97) ParOldGen: 26298K(1398272K)->26298K(1398272K)
[16.587s][info][gc,metaspace   ] GC(97) Metaspace: 12053K(12288K)->12053K(12288K) NonClass: 10426K(10560K)->10426K(10560K) Class: 1627K(1728K)->1627K(1728K)
[16.587s][info][gc             ] GC(97) Pause Full (System.gc()) 25M->25M(1963M) 35.801ms
[16.587s][info][gc,cpu         ] GC(97) User=0.55s Sys=0.00s Real=0.04s
[16.854s][info][gc,start       ] GC(98) Pause Young (System.gc())
[16.854s][info][gc,heap        ] GC(98) PSYoungGen: 125952K(611840K)->96K(611840K) Eden: 125952K(524800K)->0K(524800K) From: 0K(87040K)->96K(87040K)
[16.854s][info][gc,heap        ] GC(98) ParOldGen: 26298K(1398272K)->26298K(1398272K)
[16.854s][info][gc,metaspace   ] GC(98) Metaspace: 12068K(12288K)->12068K(12288K) NonClass: 10441K(10560K)->10441K(10560K) Class: 1627K(1728K)->1627K(1728K)
[16.854s][info][gc             ] GC(98) Pause Young (System.gc()) 148M->25M(1963M) 0.693ms
[16.854s][info][gc,cpu         ] GC(98) User=0.00s Sys=0.00s Real=0.00s
[16.855s][info][gc,start       ] GC(99) Pause Full (System.gc())
[16.855s][info][gc,phases,start] GC(99) Marking Phase
[16.873s][info][gc,phases      ] GC(99) Marking Phase 18.174ms
[16.873s][info][gc,phases,start] GC(99) Summary Phase
[16.873s][info][gc,phases      ] GC(99) Summary Phase 0.021ms
[16.873s][info][gc,phases,start] GC(99) Adjust Roots
[16.875s][info][gc,phases      ] GC(99) Adjust Roots 1.793ms
[16.875s][info][gc,phases,start] GC(99) Compaction Phase
[16.889s][info][gc,phases      ] GC(99) Compaction Phase 14.705ms
[16.889s][info][gc,phases,start] GC(99) Post Compact
[16.890s][info][gc,phases      ] GC(99) Post Compact 0.621ms
[16.890s][info][gc,heap        ] GC(99) PSYoungGen: 96K(611840K)->0K(611840K) Eden: 0K(524800K)->0K(524800K) From: 96K(87040K)->0K(87040K)
[16.890s][info][gc,heap        ] GC(99) ParOldGen: 26298K(1398272K)->26298K(1398272K)
[16.890s][info][gc,metaspace   ] GC(99) Metaspace: 12068K(12288K)->12068K(12288K) NonClass: 10441K(10560K)->10441K(10560K) Class: 1627K(1728K)->1627K(1728K)
[16.890s][info][gc             ] GC(99) Pause Full (System.gc()) 25M->25M(1963M) 35.593ms
[16.890s][info][gc,cpu         ] GC(99) User=0.55s Sys=0.00s Real=0.03s
[17.177s][info][gc,heap,exit   ] Heap
[17.177s][info][gc,heap,exit   ]  PSYoungGen      total 611840K, used 178432K [0x0000000580100000, 0x00000005aab80000, 0x0000000800000000)
[17.177s][info][gc,heap,exit   ]   eden space 524800K, 34% used [0x0000000580100000,0x000000058af401e8,0x00000005a0180000)
[17.177s][info][gc,heap,exit   ]   from space 87040K, 0% used [0x00000005a5680000,0x00000005a5680000,0x00000005aab80000)
[17.177s][info][gc,heap,exit   ]   to   space 87040K, 0% used [0x00000005a0180000,0x00000005a0180000,0x00000005a5680000)
[17.177s][info][gc,heap,exit   ]  ParOldGen       total 1398272K, used 26298K [0x0000000080200000, 0x00000000d5780000, 0x0000000580100000)
[17.177s][info][gc,heap,exit   ]   object space 1398272K, 1% used [0x0000000080200000,0x0000000081baead8,0x00000000d5780000)
[17.177s][info][gc,heap,exit   ]  Metaspace       used 12132K, committed 12352K, reserved 1114112K
[17.177s][info][gc,heap,exit   ]   class space    used 1636K, committed 1728K, reserved 1048576K
