[0.017s][info][gc,init] CardTable entry size: 512
[0.017s][info][gc     ] Using Serial
[0.025s][info][gc,init] Version: 20+36-2344 (release)
[0.025s][info][gc,init] CPUs: 48 total, 48 available
[0.025s][info][gc,init] Memory: 382G
[0.025s][info][gc,init] Large Page Support: Disabled
[0.025s][info][gc,init] NUMA Support: Disabled
[0.025s][info][gc,init] Compressed Oops: Enabled (Zero based)
[0.025s][info][gc,init] Heap Min Capacity: 8M
[0.025s][info][gc,init] Heap Initial Capacity: 2G
[0.025s][info][gc,init] Heap Max Capacity: 30718M
[0.025s][info][gc,init] Pre-touch: Disabled
[0.035s][info][gc,metaspace] CDS archive(s) mapped at: [0x0000000800000000-0x0000000800c60000-0x0000000800c60000), size 12976128, SharedBaseAddress: 0x0000000800000000, ArchiveRelocationMode: 0.
[0.035s][info][gc,metaspace] Compressed class space mapped at: 0x0000000801000000-0x0000000841000000, reserved size: 1073741824
[0.035s][info][gc,metaspace] Narrow klass base: 0x0000000800000000, Narrow klass shift: 0, Narrow klass range: 0x100000000
[1.710s][info][gc,start    ] GC(0) Pause Full (System.gc())
[1.710s][info][gc,phases,start] GC(0) Phase 1: Mark live objects
[1.740s][info][gc,phases      ] GC(0) Phase 1: Mark live objects 30.024ms
[1.740s][info][gc,phases,start] GC(0) Phase 2: Compute new object addresses
[1.754s][info][gc,phases      ] GC(0) Phase 2: Compute new object addresses 13.705ms
[1.754s][info][gc,phases,start] GC(0) Phase 3: Adjust pointers
[1.767s][info][gc,phases      ] GC(0) Phase 3: Adjust pointers 13.661ms
[1.767s][info][gc,phases,start] GC(0) Phase 4: Move objects
[1.785s][info][gc,phases      ] GC(0) Phase 4: Move objects 18.024ms
[1.786s][info][gc,heap        ] GC(0) DefNew: 156601K(629120K)->0K(629248K) Eden: 156601K(559232K)->0K(559360K) From: 0K(69888K)->0K(69888K)
[1.786s][info][gc,heap        ] GC(0) Tenured: 0K(1398144K)->26237K(1398144K)
[1.786s][info][gc,metaspace   ] GC(0) Metaspace: 11486K(11712K)->11486K(11712K) NonClass: 9922K(10048K)->9922K(10048K) Class: 1564K(1664K)->1564K(1664K)
[1.786s][info][gc             ] GC(0) Pause Full (System.gc()) 152M->25M(1979M) 76.788ms
[1.787s][info][gc,cpu         ] GC(0) User=0.06s Sys=0.02s Real=0.08s
[2.166s][info][gc,start       ] GC(1) Pause Full (System.gc())
[2.166s][info][gc,phases,start] GC(1) Phase 1: Mark live objects
[2.196s][info][gc,phases      ] GC(1) Phase 1: Mark live objects 29.882ms
[2.196s][info][gc,phases,start] GC(1) Phase 2: Compute new object addresses
[2.216s][info][gc,phases      ] GC(1) Phase 2: Compute new object addresses 19.211ms
[2.216s][info][gc,phases,start] GC(1) Phase 3: Adjust pointers
[2.226s][info][gc,phases      ] GC(1) Phase 3: Adjust pointers 10.032ms
[2.226s][info][gc,phases,start] GC(1) Phase 4: Move objects
[2.226s][info][gc,phases      ] GC(1) Phase 4: Move objects 0.071ms
[2.226s][info][gc,heap        ] GC(1) DefNew: 67123K(629248K)->0K(629248K) Eden: 67123K(559360K)->0K(559360K) From: 0K(69888K)->0K(69888K)
[2.226s][info][gc,heap        ] GC(1) Tenured: 26237K(1398144K)->26327K(1398144K)
[2.226s][info][gc,metaspace   ] GC(1) Metaspace: 11858K(12096K)->11858K(12096K) NonClass: 10231K(10368K)->10231K(10368K) Class: 1626K(1728K)->1626K(1728K)
[2.226s][info][gc             ] GC(1) Pause Full (System.gc()) 91M->25M(1979M) 59.632ms
[2.226s][info][gc,cpu         ] GC(1) User=0.05s Sys=0.00s Real=0.05s
[2.485s][info][gc,start       ] GC(2) Pause Full (System.gc())
[2.485s][info][gc,phases,start] GC(2) Phase 1: Mark live objects
[2.501s][info][gc,phases      ] GC(2) Phase 1: Mark live objects 16.002ms
[2.501s][info][gc,phases,start] GC(2) Phase 2: Compute new object addresses
[2.519s][info][gc,phases      ] GC(2) Phase 2: Compute new object addresses 18.352ms
[2.519s][info][gc,phases,start] GC(2) Phase 3: Adjust pointers
[2.529s][info][gc,phases      ] GC(2) Phase 3: Adjust pointers 9.804ms
[2.529s][info][gc,phases,start] GC(2) Phase 4: Move objects
[2.529s][info][gc,phases      ] GC(2) Phase 4: Move objects 0.017ms
[2.529s][info][gc,heap        ] GC(2) DefNew: 55936K(629248K)->0K(629248K) Eden: 55936K(559360K)->0K(559360K) From: 0K(69888K)->0K(69888K)
[2.529s][info][gc,heap        ] GC(2) Tenured: 26327K(1398144K)->26329K(1398144K)
[2.529s][info][gc,metaspace   ] GC(2) Metaspace: 11861K(12096K)->11861K(12096K) NonClass: 10234K(10368K)->10234K(10368K) Class: 1626K(1728K)->1626K(1728K)
[2.529s][info][gc             ] GC(2) Pause Full (System.gc()) 80M->25M(1979M) 44.835ms
[2.529s][info][gc,cpu         ] GC(2) User=0.05s Sys=0.00s Real=0.05s
[2.777s][info][gc,start       ] GC(3) Pause Full (System.gc())
[2.777s][info][gc,phases,start] GC(3) Phase 1: Mark live objects
[2.807s][info][gc,phases      ] GC(3) Phase 1: Mark live objects 30.198ms
[2.807s][info][gc,phases,start] GC(3) Phase 2: Compute new object addresses
[2.826s][info][gc,phases      ] GC(3) Phase 2: Compute new object addresses 19.271ms
[2.826s][info][gc,phases,start] GC(3) Phase 3: Adjust pointers
[2.837s][info][gc,phases      ] GC(3) Phase 3: Adjust pointers 11.013ms
[2.837s][info][gc,phases,start] GC(3) Phase 4: Move objects
[2.845s][info][gc,phases      ] GC(3) Phase 4: Move objects 7.426ms
[2.845s][info][gc,heap        ] GC(3) DefNew: 44748K(629248K)->0K(629248K) Eden: 44748K(559360K)->0K(559360K) From: 0K(69888K)->0K(69888K)
[2.845s][info][gc,heap        ] GC(3) Tenured: 26329K(1398144K)->26296K(1398144K)
[2.845s][info][gc,metaspace   ] GC(3) Metaspace: 11885K(12096K)->11885K(12096K) NonClass: 10258K(10368K)->10258K(10368K) Class: 1626K(1728K)->1626K(1728K)
[2.845s][info][gc             ] GC(3) Pause Full (System.gc()) 69M->25M(1979M) 68.323ms
[2.845s][info][gc,cpu         ] GC(3) User=0.06s Sys=0.00s Real=0.05s
[3.088s][info][gc,start       ] GC(4) Pause Full (System.gc())
[3.089s][info][gc,phases,start] GC(4) Phase 1: Mark live objects
[3.119s][info][gc,phases      ] GC(4) Phase 1: Mark live objects 30.069ms
[3.119s][info][gc,phases,start] GC(4) Phase 2: Compute new object addresses
[3.150s][info][gc,phases      ] GC(4) Phase 2: Compute new object addresses 31.182ms
[3.150s][info][gc,phases,start] GC(4) Phase 3: Adjust pointers
[3.160s][info][gc,phases      ] GC(4) Phase 3: Adjust pointers 9.913ms
[3.160s][info][gc,phases,start] GC(4) Phase 4: Move objects
[3.160s][info][gc,phases      ] GC(4) Phase 4: Move objects 0.013ms
[3.160s][info][gc,heap        ] GC(4) DefNew: 67123K(629248K)->0K(629248K) Eden: 67123K(559360K)->0K(559360K) From: 0K(69888K)->0K(69888K)
[3.160s][info][gc,heap        ] GC(4) Tenured: 26296K(1398144K)->26296K(1398144K)
[3.160s][info][gc,metaspace   ] GC(4) Metaspace: 11934K(12160K)->11934K(12160K) NonClass: 10307K(10432K)->10307K(10432K) Class: 1627K(1728K)->1627K(1728K)
[3.160s][info][gc             ] GC(4) Pause Full (System.gc()) 91M->25M(1979M) 71.541ms
[3.160s][info][gc,cpu         ] GC(4) User=0.08s Sys=0.00s Real=0.08s
[3.457s][info][gc,start       ] GC(5) Pause Full (System.gc())
[3.457s][info][gc,phases,start] GC(5) Phase 1: Mark live objects
[3.484s][info][gc,phases      ] GC(5) Phase 1: Mark live objects 26.656ms
[3.484s][info][gc,phases,start] GC(5) Phase 2: Compute new object addresses
[3.538s][info][gc,phases      ] GC(5) Phase 2: Compute new object addresses 53.935ms
[3.538s][info][gc,phases,start] GC(5) Phase 3: Adjust pointers
[3.548s][info][gc,phases      ] GC(5) Phase 3: Adjust pointers 9.940ms
[3.548s][info][gc,phases,start] GC(5) Phase 4: Move objects
[3.548s][info][gc,phases      ] GC(5) Phase 4: Move objects 0.011ms
[3.548s][info][gc,heap        ] GC(5) DefNew: 134246K(629248K)->0K(629248K) Eden: 134246K(559360K)->0K(559360K) From: 0K(69888K)->0K(69888K)
[3.548s][info][gc,heap        ] GC(5) Tenured: 26296K(1398144K)->26297K(1398144K)
[3.548s][info][gc,metaspace   ] GC(5) Metaspace: 11936K(12160K)->11936K(12160K) NonClass: 10309K(10432K)->10309K(10432K) Class: 1627K(1728K)->1627K(1728K)
[3.548s][info][gc             ] GC(5) Pause Full (System.gc()) 156M->25M(1979M) 90.947ms
[3.548s][info][gc,cpu         ] GC(5) User=0.09s Sys=0.00s Real=0.09s
[3.855s][info][gc,start       ] GC(6) Pause Full (System.gc())
[3.855s][info][gc,phases,start] GC(6) Phase 1: Mark live objects
[3.884s][info][gc,phases      ] GC(6) Phase 1: Mark live objects 29.774ms
[3.885s][info][gc,phases,start] GC(6) Phase 2: Compute new object addresses
[3.939s][info][gc,phases      ] GC(6) Phase 2: Compute new object addresses 54.913ms
[3.940s][info][gc,phases,start] GC(6) Phase 3: Adjust pointers
[3.950s][info][gc,phases      ] GC(6) Phase 3: Adjust pointers 10.564ms
[3.950s][info][gc,phases,start] GC(6) Phase 4: Move objects
[3.950s][info][gc,phases      ] GC(6) Phase 4: Move objects 0.012ms
[3.950s][info][gc,heap        ] GC(6) DefNew: 134246K(629248K)->0K(629248K) Eden: 134246K(559360K)->0K(559360K) From: 0K(69888K)->0K(69888K)
[3.950s][info][gc,heap        ] GC(6) Tenured: 26297K(1398144K)->26297K(1398144K)
[3.950s][info][gc,metaspace   ] GC(6) Metaspace: 11937K(12160K)->11937K(12160K) NonClass: 10310K(10432K)->10310K(10432K) Class: 1627K(1728K)->1627K(1728K)
[3.950s][info][gc             ] GC(6) Pause Full (System.gc()) 156M->25M(1979M) 95.711ms
[3.950s][info][gc,cpu         ] GC(6) User=0.09s Sys=0.00s Real=0.09s
[4.227s][info][gc,start       ] GC(7) Pause Full (System.gc())
[4.227s][info][gc,phases,start] GC(7) Phase 1: Mark live objects
[4.257s][info][gc,phases      ] GC(7) Phase 1: Mark live objects 29.683ms
[4.257s][info][gc,phases,start] GC(7) Phase 2: Compute new object addresses
[4.311s][info][gc,phases      ] GC(7) Phase 2: Compute new object addresses 54.497ms
[4.311s][info][gc,phases,start] GC(7) Phase 3: Adjust pointers
[4.321s][info][gc,phases      ] GC(7) Phase 3: Adjust pointers 10.147ms
[4.321s][info][gc,phases,start] GC(7) Phase 4: Move objects
[4.321s][info][gc,phases      ] GC(7) Phase 4: Move objects 0.018ms
[4.321s][info][gc,heap        ] GC(7) DefNew: 145434K(629248K)->0K(629248K) Eden: 145434K(559360K)->0K(559360K) From: 0K(69888K)->0K(69888K)
[4.321s][info][gc,heap        ] GC(7) Tenured: 26297K(1398144K)->26296K(1398144K)
[4.322s][info][gc,metaspace   ] GC(7) Metaspace: 11944K(12160K)->11944K(12160K) NonClass: 10315K(10432K)->10315K(10432K) Class: 1628K(1728K)->1628K(1728K)
[4.322s][info][gc             ] GC(7) Pause Full (System.gc()) 167M->25M(1979M) 94.761ms
[4.322s][info][gc,cpu         ] GC(7) User=0.09s Sys=0.00s Real=0.09s
[4.596s][info][gc,start       ] GC(8) Pause Full (System.gc())
[4.596s][info][gc,phases,start] GC(8) Phase 1: Mark live objects
[4.628s][info][gc,phases      ] GC(8) Phase 1: Mark live objects 31.198ms
[4.628s][info][gc,phases,start] GC(8) Phase 2: Compute new object addresses
[4.683s][info][gc,phases      ] GC(8) Phase 2: Compute new object addresses 55.222ms
[4.683s][info][gc,phases,start] GC(8) Phase 3: Adjust pointers
[4.693s][info][gc,phases      ] GC(8) Phase 3: Adjust pointers 10.525ms
[4.694s][info][gc,phases,start] GC(8) Phase 4: Move objects
[4.694s][info][gc,phases      ] GC(8) Phase 4: Move objects 0.013ms
[4.694s][info][gc,heap        ] GC(8) DefNew: 134246K(629248K)->0K(629248K) Eden: 134246K(559360K)->0K(559360K) From: 0K(69888K)->0K(69888K)
[4.694s][info][gc,heap        ] GC(8) Tenured: 26296K(1398144K)->26297K(1398144K)
[4.694s][info][gc,metaspace   ] GC(8) Metaspace: 11955K(12160K)->11955K(12160K) NonClass: 10326K(10432K)->10326K(10432K) Class: 1628K(1728K)->1628K(1728K)
[4.694s][info][gc             ] GC(8) Pause Full (System.gc()) 156M->25M(1979M) 97.377ms
[4.694s][info][gc,cpu         ] GC(8) User=0.09s Sys=0.00s Real=0.09s
[4.973s][info][gc,start       ] GC(9) Pause Full (System.gc())
[4.973s][info][gc,phases,start] GC(9) Phase 1: Mark live objects
[5.001s][info][gc,phases      ] GC(9) Phase 1: Mark live objects 27.804ms
[5.001s][info][gc,phases,start] GC(9) Phase 2: Compute new object addresses
[5.070s][info][gc,phases      ] GC(9) Phase 2: Compute new object addresses 69.084ms
[5.070s][info][gc,phases,start] GC(9) Phase 3: Adjust pointers
[5.082s][info][gc,phases      ] GC(9) Phase 3: Adjust pointers 11.533ms
[5.082s][info][gc,phases,start] GC(9) Phase 4: Move objects
[5.082s][info][gc,phases      ] GC(9) Phase 4: Move objects 0.013ms
[5.082s][info][gc,heap        ] GC(9) DefNew: 134246K(629248K)->0K(629248K) Eden: 134246K(559360K)->0K(559360K) From: 0K(69888K)->0K(69888K)
[5.082s][info][gc,heap        ] GC(9) Tenured: 26297K(1398144K)->26297K(1398144K)
[5.082s][info][gc,metaspace   ] GC(9) Metaspace: 11956K(12160K)->11956K(12160K) NonClass: 10327K(10432K)->10327K(10432K) Class: 1628K(1728K)->1628K(1728K)
[5.082s][info][gc             ] GC(9) Pause Full (System.gc()) 156M->25M(1979M) 108.879ms
[5.082s][info][gc,cpu         ] GC(9) User=0.13s Sys=0.00s Real=0.12s
[5.373s][info][gc,start       ] GC(10) Pause Full (System.gc())
[5.373s][info][gc,phases,start] GC(10) Phase 1: Mark live objects
[5.389s][info][gc,phases      ] GC(10) Phase 1: Mark live objects 15.960ms
[5.389s][info][gc,phases,start] GC(10) Phase 2: Compute new object addresses
[5.442s][info][gc,phases      ] GC(10) Phase 2: Compute new object addresses 53.351ms
[5.442s][info][gc,phases,start] GC(10) Phase 3: Adjust pointers
[5.452s][info][gc,phases      ] GC(10) Phase 3: Adjust pointers 10.457ms
[5.452s][info][gc,phases,start] GC(10) Phase 4: Move objects
[5.452s][info][gc,phases      ] GC(10) Phase 4: Move objects 0.013ms
[5.453s][info][gc,heap        ] GC(10) DefNew: 134246K(629248K)->0K(629248K) Eden: 134246K(559360K)->0K(559360K) From: 0K(69888K)->0K(69888K)
[5.453s][info][gc,heap        ] GC(10) Tenured: 26297K(1398144K)->26297K(1398144K)
[5.453s][info][gc,metaspace   ] GC(10) Metaspace: 11958K(12160K)->11958K(12160K) NonClass: 10329K(10432K)->10329K(10432K) Class: 1628K(1728K)->1628K(1728K)
[5.453s][info][gc             ] GC(10) Pause Full (System.gc()) 156M->25M(1979M) 80.093ms
[5.453s][info][gc,cpu         ] GC(10) User=0.09s Sys=0.00s Real=0.09s
[5.741s][info][gc,start       ] GC(11) Pause Full (System.gc())
[5.741s][info][gc,phases,start] GC(11) Phase 1: Mark live objects
[5.771s][info][gc,phases      ] GC(11) Phase 1: Mark live objects 29.753ms
[5.771s][info][gc,phases,start] GC(11) Phase 2: Compute new object addresses
[5.826s][info][gc,phases      ] GC(11) Phase 2: Compute new object addresses 54.423ms
[5.826s][info][gc,phases,start] GC(11) Phase 3: Adjust pointers
[5.837s][info][gc,phases      ] GC(11) Phase 3: Adjust pointers 11.167ms
[5.837s][info][gc,phases,start] GC(11) Phase 4: Move objects
[5.837s][info][gc,phases      ] GC(11) Phase 4: Move objects 0.036ms
[5.837s][info][gc,heap        ] GC(11) DefNew: 134246K(629248K)->0K(629248K) Eden: 134246K(559360K)->0K(559360K) From: 0K(69888K)->0K(69888K)
[5.837s][info][gc,heap        ] GC(11) Tenured: 26297K(1398144K)->26296K(1398144K)
[5.837s][info][gc,metaspace   ] GC(11) Metaspace: 11960K(12160K)->11960K(12160K) NonClass: 10331K(10432K)->10331K(10432K) Class: 1628K(1728K)->1628K(1728K)
[5.837s][info][gc             ] GC(11) Pause Full (System.gc()) 156M->25M(1979M) 95.981ms
[5.837s][info][gc,cpu         ] GC(11) User=0.11s Sys=0.00s Real=0.10s
[6.111s][info][gc,start       ] GC(12) Pause Full (System.gc())
[6.111s][info][gc,phases,start] GC(12) Phase 1: Mark live objects
[6.140s][info][gc,phases      ] GC(12) Phase 1: Mark live objects 28.614ms
[6.140s][info][gc,phases,start] GC(12) Phase 2: Compute new object addresses
[6.193s][info][gc,phases      ] GC(12) Phase 2: Compute new object addresses 53.373ms
[6.193s][info][gc,phases,start] GC(12) Phase 3: Adjust pointers
[6.204s][info][gc,phases      ] GC(12) Phase 3: Adjust pointers 10.206ms
[6.204s][info][gc,phases,start] GC(12) Phase 4: Move objects
[6.204s][info][gc,phases      ] GC(12) Phase 4: Move objects 0.013ms
[6.204s][info][gc,heap        ] GC(12) DefNew: 134246K(629248K)->0K(629248K) Eden: 134246K(559360K)->0K(559360K) From: 0K(69888K)->0K(69888K)
[6.204s][info][gc,heap        ] GC(12) Tenured: 26296K(1398144K)->26297K(1398144K)
[6.204s][info][gc,metaspace   ] GC(12) Metaspace: 11960K(12160K)->11960K(12160K) NonClass: 10331K(10432K)->10331K(10432K) Class: 1628K(1728K)->1628K(1728K)
[6.204s][info][gc             ] GC(12) Pause Full (System.gc()) 156M->25M(1979M) 92.608ms
[6.204s][info][gc,cpu         ] GC(12) User=0.09s Sys=0.00s Real=0.09s
[6.497s][info][gc,start       ] GC(13) Pause Full (System.gc())
[6.497s][info][gc,phases,start] GC(13) Phase 1: Mark live objects
[6.513s][info][gc,phases      ] GC(13) Phase 1: Mark live objects 15.941ms
[6.513s][info][gc,phases,start] GC(13) Phase 2: Compute new object addresses
[6.575s][info][gc,phases      ] GC(13) Phase 2: Compute new object addresses 61.648ms
[6.575s][info][gc,phases,start] GC(13) Phase 3: Adjust pointers
[6.589s][info][gc,phases      ] GC(13) Phase 3: Adjust pointers 13.961ms
[6.589s][info][gc,phases,start] GC(13) Phase 4: Move objects
[6.589s][info][gc,phases      ] GC(13) Phase 4: Move objects 0.015ms
[6.589s][info][gc,heap        ] GC(13) DefNew: 134246K(629248K)->0K(629248K) Eden: 134246K(559360K)->0K(559360K) From: 0K(69888K)->0K(69888K)
[6.589s][info][gc,heap        ] GC(13) Tenured: 26297K(1398144K)->26297K(1398144K)
[6.589s][info][gc,metaspace   ] GC(13) Metaspace: 11962K(12160K)->11962K(12160K) NonClass: 10333K(10432K)->10333K(10432K) Class: 1628K(1728K)->1628K(1728K)
[6.589s][info][gc             ] GC(13) Pause Full (System.gc()) 156M->25M(1979M) 91.998ms
[6.589s][info][gc,cpu         ] GC(13) User=0.09s Sys=0.00s Real=0.09s
[6.855s][info][gc,start       ] GC(14) Pause Full (System.gc())
[6.855s][info][gc,phases,start] GC(14) Phase 1: Mark live objects
[6.884s][info][gc,phases      ] GC(14) Phase 1: Mark live objects 29.321ms
[6.884s][info][gc,phases,start] GC(14) Phase 2: Compute new object addresses
[6.938s][info][gc,phases      ] GC(14) Phase 2: Compute new object addresses 53.730ms
[6.938s][info][gc,phases,start] GC(14) Phase 3: Adjust pointers
[6.948s][info][gc,phases      ] GC(14) Phase 3: Adjust pointers 10.155ms
[6.948s][info][gc,phases,start] GC(14) Phase 4: Move objects
[6.948s][info][gc,phases      ] GC(14) Phase 4: Move objects 0.013ms
[6.948s][info][gc,heap        ] GC(14) DefNew: 134246K(629248K)->0K(629248K) Eden: 134246K(559360K)->0K(559360K) From: 0K(69888K)->0K(69888K)
[6.948s][info][gc,heap        ] GC(14) Tenured: 26297K(1398144K)->26297K(1398144K)
[6.948s][info][gc,metaspace   ] GC(14) Metaspace: 11979K(12224K)->11979K(12224K) NonClass: 10350K(10496K)->10350K(10496K) Class: 1628K(1728K)->1628K(1728K)
[6.948s][info][gc             ] GC(14) Pause Full (System.gc()) 156M->25M(1979M) 93.629ms
[6.948s][info][gc,cpu         ] GC(14) User=0.09s Sys=0.00s Real=0.09s
[7.239s][info][gc,start       ] GC(15) Pause Full (System.gc())
[7.239s][info][gc,phases,start] GC(15) Phase 1: Mark live objects
[7.255s][info][gc,phases      ] GC(15) Phase 1: Mark live objects 15.951ms
[7.255s][info][gc,phases,start] GC(15) Phase 2: Compute new object addresses
[7.324s][info][gc,phases      ] GC(15) Phase 2: Compute new object addresses 68.459ms
[7.324s][info][gc,phases,start] GC(15) Phase 3: Adjust pointers
[7.334s][info][gc,phases      ] GC(15) Phase 3: Adjust pointers 10.211ms
[7.334s][info][gc,phases,start] GC(15) Phase 4: Move objects
[7.334s][info][gc,phases      ] GC(15) Phase 4: Move objects 0.012ms
[7.334s][info][gc,heap        ] GC(15) DefNew: 134246K(629248K)->0K(629248K) Eden: 134246K(559360K)->0K(559360K) From: 0K(69888K)->0K(69888K)
[7.334s][info][gc,heap        ] GC(15) Tenured: 26297K(1398144K)->26297K(1398144K)
[7.334s][info][gc,metaspace   ] GC(15) Metaspace: 11984K(12224K)->11984K(12224K) NonClass: 10355K(10496K)->10355K(10496K) Class: 1628K(1728K)->1628K(1728K)
[7.334s][info][gc             ] GC(15) Pause Full (System.gc()) 156M->25M(1979M) 94.972ms
[7.334s][info][gc,cpu         ] GC(15) User=0.11s Sys=0.00s Real=0.11s
[7.609s][info][gc,start       ] GC(16) Pause Full (System.gc())
[7.609s][info][gc,phases,start] GC(16) Phase 1: Mark live objects
[7.638s][info][gc,phases      ] GC(16) Phase 1: Mark live objects 29.110ms
[7.638s][info][gc,phases,start] GC(16) Phase 2: Compute new object addresses
[7.692s][info][gc,phases      ] GC(16) Phase 2: Compute new object addresses 53.608ms
[7.692s][info][gc,phases,start] GC(16) Phase 3: Adjust pointers
[7.702s][info][gc,phases      ] GC(16) Phase 3: Adjust pointers 10.215ms
[7.702s][info][gc,phases,start] GC(16) Phase 4: Move objects
[7.702s][info][gc,phases      ] GC(16) Phase 4: Move objects 0.077ms
[7.702s][info][gc,heap        ] GC(16) DefNew: 134246K(629248K)->0K(629248K) Eden: 134246K(559360K)->0K(559360K) From: 0K(69888K)->0K(69888K)
[7.702s][info][gc,heap        ] GC(16) Tenured: 26297K(1398144K)->26297K(1398144K)
[7.702s][info][gc,metaspace   ] GC(16) Metaspace: 11990K(12224K)->11990K(12224K) NonClass: 10361K(10496K)->10361K(10496K) Class: 1628K(1728K)->1628K(1728K)
[7.702s][info][gc             ] GC(16) Pause Full (System.gc()) 156M->25M(1979M) 93.433ms
[7.702s][info][gc,cpu         ] GC(16) User=0.09s Sys=0.00s Real=0.09s
[7.987s][info][gc,start       ] GC(17) Pause Full (System.gc())
[7.987s][info][gc,phases,start] GC(17) Phase 1: Mark live objects
[8.015s][info][gc,phases      ] GC(17) Phase 1: Mark live objects 28.619ms
[8.015s][info][gc,phases,start] GC(17) Phase 2: Compute new object addresses
[8.070s][info][gc,phases      ] GC(17) Phase 2: Compute new object addresses 54.361ms
[8.070s][info][gc,phases,start] GC(17) Phase 3: Adjust pointers
[8.080s][info][gc,phases      ] GC(17) Phase 3: Adjust pointers 10.434ms
[8.080s][info][gc,phases,start] GC(17) Phase 4: Move objects
[8.080s][info][gc,phases      ] GC(17) Phase 4: Move objects 0.012ms
[8.080s][info][gc,heap        ] GC(17) DefNew: 134246K(629248K)->0K(629248K) Eden: 134246K(559360K)->0K(559360K) From: 0K(69888K)->0K(69888K)
[8.080s][info][gc,heap        ] GC(17) Tenured: 26297K(1398144K)->26297K(1398144K)
[8.080s][info][gc,metaspace   ] GC(17) Metaspace: 11991K(12224K)->11991K(12224K) NonClass: 10362K(10496K)->10362K(10496K) Class: 1628K(1728K)->1628K(1728K)
[8.080s][info][gc             ] GC(17) Pause Full (System.gc()) 156M->25M(1979M) 93.838ms
[8.080s][info][gc,cpu         ] GC(17) User=0.09s Sys=0.00s Real=0.09s
[8.349s][info][gc,start       ] GC(18) Pause Full (System.gc())
[8.350s][info][gc,phases,start] GC(18) Phase 1: Mark live objects
[8.377s][info][gc,phases      ] GC(18) Phase 1: Mark live objects 27.518ms
[8.377s][info][gc,phases,start] GC(18) Phase 2: Compute new object addresses
[8.431s][info][gc,phases      ] GC(18) Phase 2: Compute new object addresses 53.962ms
[8.431s][info][gc,phases,start] GC(18) Phase 3: Adjust pointers
[8.441s][info][gc,phases      ] GC(18) Phase 3: Adjust pointers 10.231ms
[8.441s][info][gc,phases,start] GC(18) Phase 4: Move objects
[8.441s][info][gc,phases      ] GC(18) Phase 4: Move objects 0.011ms
[8.442s][info][gc,heap        ] GC(18) DefNew: 134246K(629248K)->0K(629248K) Eden: 134246K(559360K)->0K(559360K) From: 0K(69888K)->0K(69888K)
[8.442s][info][gc,heap        ] GC(18) Tenured: 26297K(1398144K)->26297K(1398144K)
[8.442s][info][gc,metaspace   ] GC(18) Metaspace: 11991K(12224K)->11991K(12224K) NonClass: 10362K(10496K)->10362K(10496K) Class: 1628K(1728K)->1628K(1728K)
[8.442s][info][gc             ] GC(18) Pause Full (System.gc()) 156M->25M(1979M) 92.132ms
[8.442s][info][gc,cpu         ] GC(18) User=0.08s Sys=0.00s Real=0.08s
[8.717s][info][gc,start       ] GC(19) Pause Full (System.gc())
[8.717s][info][gc,phases,start] GC(19) Phase 1: Mark live objects
[8.746s][info][gc,phases      ] GC(19) Phase 1: Mark live objects 29.578ms
[8.746s][info][gc,phases,start] GC(19) Phase 2: Compute new object addresses
[8.801s][info][gc,phases      ] GC(19) Phase 2: Compute new object addresses 54.874ms
[8.801s][info][gc,phases,start] GC(19) Phase 3: Adjust pointers
[8.812s][info][gc,phases      ] GC(19) Phase 3: Adjust pointers 10.525ms
[8.812s][info][gc,phases,start] GC(19) Phase 4: Move objects
[8.812s][info][gc,phases      ] GC(19) Phase 4: Move objects 0.012ms
[8.812s][info][gc,heap        ] GC(19) DefNew: 134246K(629248K)->0K(629248K) Eden: 134246K(559360K)->0K(559360K) From: 0K(69888K)->0K(69888K)
[8.812s][info][gc,heap        ] GC(19) Tenured: 26297K(1398144K)->26297K(1398144K)
[8.812s][info][gc,metaspace   ] GC(19) Metaspace: 11992K(12224K)->11992K(12224K) NonClass: 10363K(10496K)->10363K(10496K) Class: 1628K(1728K)->1628K(1728K)
[8.812s][info][gc             ] GC(19) Pause Full (System.gc()) 156M->25M(1979M) 95.387ms
[8.812s][info][gc,cpu         ] GC(19) User=0.09s Sys=0.00s Real=0.10s
[9.089s][info][gc,start       ] GC(20) Pause Full (System.gc())
[9.090s][info][gc,phases,start] GC(20) Phase 1: Mark live objects
[9.119s][info][gc,phases      ] GC(20) Phase 1: Mark live objects 29.450ms
[9.119s][info][gc,phases,start] GC(20) Phase 2: Compute new object addresses
[9.173s][info][gc,phases      ] GC(20) Phase 2: Compute new object addresses 54.373ms
[9.173s][info][gc,phases,start] GC(20) Phase 3: Adjust pointers
[9.184s][info][gc,phases      ] GC(20) Phase 3: Adjust pointers 10.187ms
[9.184s][info][gc,phases,start] GC(20) Phase 4: Move objects
[9.184s][info][gc,phases      ] GC(20) Phase 4: Move objects 0.012ms
[9.184s][info][gc,heap        ] GC(20) DefNew: 134246K(629248K)->0K(629248K) Eden: 134246K(559360K)->0K(559360K) From: 0K(69888K)->0K(69888K)
[9.184s][info][gc,heap        ] GC(20) Tenured: 26297K(1398144K)->26297K(1398144K)
[9.184s][info][gc,metaspace   ] GC(20) Metaspace: 11992K(12224K)->11992K(12224K) NonClass: 10363K(10496K)->10363K(10496K) Class: 1628K(1728K)->1628K(1728K)
[9.184s][info][gc             ] GC(20) Pause Full (System.gc()) 156M->25M(1979M) 94.382ms
[9.184s][info][gc,cpu         ] GC(20) User=0.11s Sys=0.00s Real=0.11s
[9.469s][info][gc,start       ] GC(21) Pause Full (System.gc())
[9.469s][info][gc,phases,start] GC(21) Phase 1: Mark live objects
[9.499s][info][gc,phases      ] GC(21) Phase 1: Mark live objects 29.738ms
[9.499s][info][gc,phases,start] GC(21) Phase 2: Compute new object addresses
[9.553s][info][gc,phases      ] GC(21) Phase 2: Compute new object addresses 54.267ms
[9.553s][info][gc,phases,start] GC(21) Phase 3: Adjust pointers
[9.563s][info][gc,phases      ] GC(21) Phase 3: Adjust pointers 10.465ms
[9.563s][info][gc,phases,start] GC(21) Phase 4: Move objects
[9.563s][info][gc,phases      ] GC(21) Phase 4: Move objects 0.013ms
[9.563s][info][gc,heap        ] GC(21) DefNew: 134246K(629248K)->0K(629248K) Eden: 134246K(559360K)->0K(559360K) From: 0K(69888K)->0K(69888K)
[9.563s][info][gc,heap        ] GC(21) Tenured: 26297K(1398144K)->26298K(1398144K)
[9.564s][info][gc,metaspace   ] GC(21) Metaspace: 11993K(12224K)->11993K(12224K) NonClass: 10364K(10496K)->10364K(10496K) Class: 1628K(1728K)->1628K(1728K)
[9.564s][info][gc             ] GC(21) Pause Full (System.gc()) 156M->25M(1979M) 94.909ms
[9.564s][info][gc,cpu         ] GC(21) User=0.09s Sys=0.00s Real=0.09s
[9.851s][info][gc,start       ] GC(22) Pause Full (System.gc())
[9.851s][info][gc,phases,start] GC(22) Phase 1: Mark live objects
[9.882s][info][gc,phases      ] GC(22) Phase 1: Mark live objects 30.755ms
[9.882s][info][gc,phases,start] GC(22) Phase 2: Compute new object addresses
[9.936s][info][gc,phases      ] GC(22) Phase 2: Compute new object addresses 54.494ms
[9.936s][info][gc,phases,start] GC(22) Phase 3: Adjust pointers
[9.947s][info][gc,phases      ] GC(22) Phase 3: Adjust pointers 10.286ms
[9.947s][info][gc,phases,start] GC(22) Phase 4: Move objects
[9.947s][info][gc,phases      ] GC(22) Phase 4: Move objects 0.012ms
[9.947s][info][gc,heap        ] GC(22) DefNew: 134246K(629248K)->0K(629248K) Eden: 134246K(559360K)->0K(559360K) From: 0K(69888K)->0K(69888K)
[9.947s][info][gc,heap        ] GC(22) Tenured: 26298K(1398144K)->26298K(1398144K)
[9.947s][info][gc,metaspace   ] GC(22) Metaspace: 11993K(12224K)->11993K(12224K) NonClass: 10364K(10496K)->10364K(10496K) Class: 1628K(1728K)->1628K(1728K)
[9.947s][info][gc             ] GC(22) Pause Full (System.gc()) 156M->25M(1979M) 95.969ms
[9.947s][info][gc,cpu         ] GC(22) User=0.09s Sys=0.00s Real=0.09s
[10.220s][info][gc,start       ] GC(23) Pause Full (System.gc())
[10.220s][info][gc,phases,start] GC(23) Phase 1: Mark live objects
[10.248s][info][gc,phases      ] GC(23) Phase 1: Mark live objects 27.932ms
[10.248s][info][gc,phases,start] GC(23) Phase 2: Compute new object addresses
[10.302s][info][gc,phases      ] GC(23) Phase 2: Compute new object addresses 53.921ms
[10.302s][info][gc,phases,start] GC(23) Phase 3: Adjust pointers
[10.312s][info][gc,phases      ] GC(23) Phase 3: Adjust pointers 10.353ms
[10.312s][info][gc,phases,start] GC(23) Phase 4: Move objects
[10.312s][info][gc,phases      ] GC(23) Phase 4: Move objects 0.013ms
[10.313s][info][gc,heap        ] GC(23) DefNew: 134246K(629248K)->0K(629248K) Eden: 134246K(559360K)->0K(559360K) From: 0K(69888K)->0K(69888K)
[10.313s][info][gc,heap        ] GC(23) Tenured: 26298K(1398144K)->26297K(1398144K)
[10.313s][info][gc,metaspace   ] GC(23) Metaspace: 12020K(12224K)->12020K(12224K) NonClass: 10391K(10496K)->10391K(10496K) Class: 1628K(1728K)->1628K(1728K)
[10.313s][info][gc             ] GC(23) Pause Full (System.gc()) 156M->25M(1979M) 92.657ms
[10.313s][info][gc,cpu         ] GC(23) User=0.09s Sys=0.00s Real=0.09s
[10.592s][info][gc,start       ] GC(24) Pause Full (System.gc())
[10.592s][info][gc,phases,start] GC(24) Phase 1: Mark live objects
[10.608s][info][gc,phases      ] GC(24) Phase 1: Mark live objects 16.030ms
[10.608s][info][gc,phases,start] GC(24) Phase 2: Compute new object addresses
[10.662s][info][gc,phases      ] GC(24) Phase 2: Compute new object addresses 54.110ms
[10.662s][info][gc,phases,start] GC(24) Phase 3: Adjust pointers
[10.680s][info][gc,phases      ] GC(24) Phase 3: Adjust pointers 17.540ms
[10.680s][info][gc,phases,start] GC(24) Phase 4: Move objects
[10.680s][info][gc,phases      ] GC(24) Phase 4: Move objects 0.024ms
[10.680s][info][gc,heap        ] GC(24) DefNew: 134246K(629248K)->0K(629248K) Eden: 134246K(559360K)->0K(559360K) From: 0K(69888K)->0K(69888K)
[10.680s][info][gc,heap        ] GC(24) Tenured: 26297K(1398144K)->26298K(1398144K)
[10.680s][info][gc,metaspace   ] GC(24) Metaspace: 12020K(12224K)->12020K(12224K) NonClass: 10391K(10496K)->10391K(10496K) Class: 1628K(1728K)->1628K(1728K)
[10.680s][info][gc             ] GC(24) Pause Full (System.gc()) 156M->25M(1979M) 88.126ms
[10.680s][info][gc,cpu         ] GC(24) User=0.09s Sys=0.00s Real=0.08s
[10.955s][info][gc,start       ] GC(25) Pause Full (System.gc())
[10.955s][info][gc,phases,start] GC(25) Phase 1: Mark live objects
[10.983s][info][gc,phases      ] GC(25) Phase 1: Mark live objects 28.562ms
[10.983s][info][gc,phases,start] GC(25) Phase 2: Compute new object addresses
[11.037s][info][gc,phases      ] GC(25) Phase 2: Compute new object addresses 53.524ms
[11.037s][info][gc,phases,start] GC(25) Phase 3: Adjust pointers
[11.047s][info][gc,phases      ] GC(25) Phase 3: Adjust pointers 10.233ms
[11.047s][info][gc,phases,start] GC(25) Phase 4: Move objects
[11.047s][info][gc,phases      ] GC(25) Phase 4: Move objects 0.013ms
[11.047s][info][gc,heap        ] GC(25) DefNew: 134246K(629248K)->0K(629248K) Eden: 134246K(559360K)->0K(559360K) From: 0K(69888K)->0K(69888K)
[11.047s][info][gc,heap        ] GC(25) Tenured: 26298K(1398144K)->26298K(1398144K)
[11.047s][info][gc,metaspace   ] GC(25) Metaspace: 12021K(12224K)->12021K(12224K) NonClass: 10392K(10496K)->10392K(10496K) Class: 1628K(1728K)->1628K(1728K)
[11.047s][info][gc             ] GC(25) Pause Full (System.gc()) 156M->25M(1979M) 92.746ms
[11.047s][info][gc,cpu         ] GC(25) User=0.08s Sys=0.00s Real=0.08s
[11.315s][info][gc,start       ] GC(26) Pause Full (System.gc())
[11.316s][info][gc,phases,start] GC(26) Phase 1: Mark live objects
[11.342s][info][gc,phases      ] GC(26) Phase 1: Mark live objects 26.748ms
[11.342s][info][gc,phases,start] GC(26) Phase 2: Compute new object addresses
[11.407s][info][gc,phases      ] GC(26) Phase 2: Compute new object addresses 64.579ms
[11.407s][info][gc,phases,start] GC(26) Phase 3: Adjust pointers
[11.422s][info][gc,phases      ] GC(26) Phase 3: Adjust pointers 14.530ms
[11.422s][info][gc,phases,start] GC(26) Phase 4: Move objects
[11.422s][info][gc,phases      ] GC(26) Phase 4: Move objects 0.016ms
[11.422s][info][gc,heap        ] GC(26) DefNew: 134246K(629248K)->0K(629248K) Eden: 134246K(559360K)->0K(559360K) From: 0K(69888K)->0K(69888K)
[11.422s][info][gc,heap        ] GC(26) Tenured: 26298K(1398144K)->26299K(1398144K)
[11.422s][info][gc,metaspace   ] GC(26) Metaspace: 12022K(12224K)->12022K(12224K) NonClass: 10393K(10496K)->10393K(10496K) Class: 1628K(1728K)->1628K(1728K)
[11.422s][info][gc             ] GC(26) Pause Full (System.gc()) 156M->25M(1979M) 106.390ms
[11.422s][info][gc,cpu         ] GC(26) User=0.11s Sys=0.00s Real=0.11s
[11.698s][info][gc,start       ] GC(27) Pause Full (System.gc())
[11.698s][info][gc,phases,start] GC(27) Phase 1: Mark live objects
[11.725s][info][gc,phases      ] GC(27) Phase 1: Mark live objects 27.474ms
[11.725s][info][gc,phases,start] GC(27) Phase 2: Compute new object addresses
[11.779s][info][gc,phases      ] GC(27) Phase 2: Compute new object addresses 54.024ms
[11.779s][info][gc,phases,start] GC(27) Phase 3: Adjust pointers
[11.790s][info][gc,phases      ] GC(27) Phase 3: Adjust pointers 10.403ms
[11.790s][info][gc,phases,start] GC(27) Phase 4: Move objects
[11.790s][info][gc,phases      ] GC(27) Phase 4: Move objects 0.013ms
[11.790s][info][gc,heap        ] GC(27) DefNew: 134246K(629248K)->0K(629248K) Eden: 134246K(559360K)->0K(559360K) From: 0K(69888K)->0K(69888K)
[11.790s][info][gc,heap        ] GC(27) Tenured: 26299K(1398144K)->26298K(1398144K)
[11.790s][info][gc,metaspace   ] GC(27) Metaspace: 12022K(12224K)->12022K(12224K) NonClass: 10393K(10496K)->10393K(10496K) Class: 1628K(1728K)->1628K(1728K)
[11.790s][info][gc             ] GC(27) Pause Full (System.gc()) 156M->25M(1979M) 92.328ms
[11.790s][info][gc,cpu         ] GC(27) User=0.09s Sys=0.00s Real=0.10s
[12.065s][info][gc,start       ] GC(28) Pause Full (System.gc())
[12.065s][info][gc,phases,start] GC(28) Phase 1: Mark live objects
[12.095s][info][gc,phases      ] GC(28) Phase 1: Mark live objects 29.861ms
[12.095s][info][gc,phases,start] GC(28) Phase 2: Compute new object addresses
[12.153s][info][gc,phases      ] GC(28) Phase 2: Compute new object addresses 58.570ms
[12.153s][info][gc,phases,start] GC(28) Phase 3: Adjust pointers
[12.171s][info][gc,phases      ] GC(28) Phase 3: Adjust pointers 18.036ms
[12.171s][info][gc,phases,start] GC(28) Phase 4: Move objects
[12.171s][info][gc,phases      ] GC(28) Phase 4: Move objects 0.015ms
[12.171s][info][gc,heap        ] GC(28) DefNew: 134246K(629248K)->0K(629248K) Eden: 134246K(559360K)->0K(559360K) From: 0K(69888K)->0K(69888K)
[12.171s][info][gc,heap        ] GC(28) Tenured: 26298K(1398144K)->26298K(1398144K)
[12.172s][info][gc,metaspace   ] GC(28) Metaspace: 12022K(12224K)->12022K(12224K) NonClass: 10393K(10496K)->10393K(10496K) Class: 1628K(1728K)->1628K(1728K)
[12.172s][info][gc             ] GC(28) Pause Full (System.gc()) 156M->25M(1979M) 106.907ms
[12.172s][info][gc,cpu         ] GC(28) User=0.11s Sys=0.00s Real=0.11s
[12.449s][info][gc,start       ] GC(29) Pause Full (System.gc())
[12.449s][info][gc,phases,start] GC(29) Phase 1: Mark live objects
[12.478s][info][gc,phases      ] GC(29) Phase 1: Mark live objects 28.072ms
[12.478s][info][gc,phases,start] GC(29) Phase 2: Compute new object addresses
[12.532s][info][gc,phases      ] GC(29) Phase 2: Compute new object addresses 53.998ms
[12.532s][info][gc,phases,start] GC(29) Phase 3: Adjust pointers
[12.542s][info][gc,phases      ] GC(29) Phase 3: Adjust pointers 10.475ms
[12.542s][info][gc,phases,start] GC(29) Phase 4: Move objects
[12.542s][info][gc,phases      ] GC(29) Phase 4: Move objects 0.013ms
[12.542s][info][gc,heap        ] GC(29) DefNew: 134246K(629248K)->0K(629248K) Eden: 134246K(559360K)->0K(559360K) From: 0K(69888K)->0K(69888K)
[12.542s][info][gc,heap        ] GC(29) Tenured: 26298K(1398144K)->26299K(1398144K)
[12.542s][info][gc,metaspace   ] GC(29) Metaspace: 12024K(12224K)->12024K(12224K) NonClass: 10395K(10496K)->10395K(10496K) Class: 1628K(1728K)->1628K(1728K)
[12.542s][info][gc             ] GC(29) Pause Full (System.gc()) 156M->25M(1979M) 92.987ms
[12.542s][info][gc,cpu         ] GC(29) User=0.09s Sys=0.00s Real=0.09s
[12.818s][info][gc,start       ] GC(30) Pause Full (System.gc())
[12.818s][info][gc,phases,start] GC(30) Phase 1: Mark live objects
[12.848s][info][gc,phases      ] GC(30) Phase 1: Mark live objects 29.842ms
[12.848s][info][gc,phases,start] GC(30) Phase 2: Compute new object addresses
[12.903s][info][gc,phases      ] GC(30) Phase 2: Compute new object addresses 54.815ms
[12.903s][info][gc,phases,start] GC(30) Phase 3: Adjust pointers
[12.913s][info][gc,phases      ] GC(30) Phase 3: Adjust pointers 10.302ms
[12.913s][info][gc,phases,start] GC(30) Phase 4: Move objects
[12.913s][info][gc,phases      ] GC(30) Phase 4: Move objects 0.011ms
[12.914s][info][gc,heap        ] GC(30) DefNew: 134246K(629248K)->0K(629248K) Eden: 134246K(559360K)->0K(559360K) From: 0K(69888K)->0K(69888K)
[12.914s][info][gc,heap        ] GC(30) Tenured: 26299K(1398144K)->26299K(1398144K)
[12.914s][info][gc,metaspace   ] GC(30) Metaspace: 12031K(12224K)->12031K(12224K) NonClass: 10402K(10496K)->10402K(10496K) Class: 1628K(1728K)->1628K(1728K)
[12.914s][info][gc             ] GC(30) Pause Full (System.gc()) 156M->25M(1979M) 95.383ms
[12.914s][info][gc,cpu         ] GC(30) User=0.11s Sys=0.00s Real=0.11s
[13.188s][info][gc,start       ] GC(31) Pause Full (System.gc())
[13.189s][info][gc,phases,start] GC(31) Phase 1: Mark live objects
[13.219s][info][gc,phases      ] GC(31) Phase 1: Mark live objects 30.500ms
[13.219s][info][gc,phases,start] GC(31) Phase 2: Compute new object addresses
[13.274s][info][gc,phases      ] GC(31) Phase 2: Compute new object addresses 54.497ms
[13.274s][info][gc,phases,start] GC(31) Phase 3: Adjust pointers
[13.284s][info][gc,phases      ] GC(31) Phase 3: Adjust pointers 10.247ms
[13.284s][info][gc,phases,start] GC(31) Phase 4: Move objects
[13.284s][info][gc,phases      ] GC(31) Phase 4: Move objects 0.012ms
[13.284s][info][gc,heap        ] GC(31) DefNew: 134246K(629248K)->0K(629248K) Eden: 134246K(559360K)->0K(559360K) From: 0K(69888K)->0K(69888K)
[13.284s][info][gc,heap        ] GC(31) Tenured: 26299K(1398144K)->26298K(1398144K)
[13.284s][info][gc,metaspace   ] GC(31) Metaspace: 12036K(12224K)->12036K(12224K) NonClass: 10407K(10496K)->10407K(10496K) Class: 1628K(1728K)->1628K(1728K)
[13.284s][info][gc             ] GC(31) Pause Full (System.gc()) 156M->25M(1979M) 95.665ms
[13.284s][info][gc,cpu         ] GC(31) User=0.09s Sys=0.00s Real=0.09s
[13.558s][info][gc,start       ] GC(32) Pause Full (System.gc())
[13.558s][info][gc,phases,start] GC(32) Phase 1: Mark live objects
[13.587s][info][gc,phases      ] GC(32) Phase 1: Mark live objects 29.267ms
[13.587s][info][gc,phases,start] GC(32) Phase 2: Compute new object addresses
[13.641s][info][gc,phases      ] GC(32) Phase 2: Compute new object addresses 54.043ms
[13.641s][info][gc,phases,start] GC(32) Phase 3: Adjust pointers
[13.651s][info][gc,phases      ] GC(32) Phase 3: Adjust pointers 10.194ms
[13.651s][info][gc,phases,start] GC(32) Phase 4: Move objects
[13.651s][info][gc,phases      ] GC(32) Phase 4: Move objects 0.013ms
[13.651s][info][gc,heap        ] GC(32) DefNew: 134246K(629248K)->0K(629248K) Eden: 134246K(559360K)->0K(559360K) From: 0K(69888K)->0K(69888K)
[13.651s][info][gc,heap        ] GC(32) Tenured: 26298K(1398144K)->26298K(1398144K)
[13.651s][info][gc,metaspace   ] GC(32) Metaspace: 12036K(12224K)->12036K(12224K) NonClass: 10407K(10496K)->10407K(10496K) Class: 1628K(1728K)->1628K(1728K)
[13.651s][info][gc             ] GC(32) Pause Full (System.gc()) 156M->25M(1979M) 93.928ms
[13.652s][info][gc,cpu         ] GC(32) User=0.11s Sys=0.00s Real=0.10s
[13.966s][info][gc,start       ] GC(33) Pause Full (System.gc())
[13.966s][info][gc,phases,start] GC(33) Phase 1: Mark live objects
[13.995s][info][gc,phases      ] GC(33) Phase 1: Mark live objects 28.258ms
[13.995s][info][gc,phases,start] GC(33) Phase 2: Compute new object addresses
[14.049s][info][gc,phases      ] GC(33) Phase 2: Compute new object addresses 54.100ms
[14.049s][info][gc,phases,start] GC(33) Phase 3: Adjust pointers
[14.059s][info][gc,phases      ] GC(33) Phase 3: Adjust pointers 10.335ms
[14.059s][info][gc,phases,start] GC(33) Phase 4: Move objects
[14.059s][info][gc,phases      ] GC(33) Phase 4: Move objects 0.012ms
[14.059s][info][gc,heap        ] GC(33) DefNew: 134246K(629248K)->0K(629248K) Eden: 134246K(559360K)->0K(559360K) From: 0K(69888K)->0K(69888K)
[14.059s][info][gc,heap        ] GC(33) Tenured: 26298K(1398144K)->26299K(1398144K)
[14.059s][info][gc,metaspace   ] GC(33) Metaspace: 12036K(12224K)->12036K(12224K) NonClass: 10407K(10496K)->10407K(10496K) Class: 1628K(1728K)->1628K(1728K)
[14.059s][info][gc             ] GC(33) Pause Full (System.gc()) 156M->25M(1979M) 93.135ms
[14.059s][info][gc,cpu         ] GC(33) User=0.09s Sys=0.00s Real=0.09s
[14.333s][info][gc,start       ] GC(34) Pause Full (System.gc())
[14.333s][info][gc,phases,start] GC(34) Phase 1: Mark live objects
[14.364s][info][gc,phases      ] GC(34) Phase 1: Mark live objects 30.407ms
[14.364s][info][gc,phases,start] GC(34) Phase 2: Compute new object addresses
[14.418s][info][gc,phases      ] GC(34) Phase 2: Compute new object addresses 54.885ms
[14.419s][info][gc,phases,start] GC(34) Phase 3: Adjust pointers
[14.429s][info][gc,phases      ] GC(34) Phase 3: Adjust pointers 10.351ms
[14.429s][info][gc,phases,start] GC(34) Phase 4: Move objects
[14.429s][info][gc,phases      ] GC(34) Phase 4: Move objects 0.012ms
[14.429s][info][gc,heap        ] GC(34) DefNew: 134246K(629248K)->0K(629248K) Eden: 134246K(559360K)->0K(559360K) From: 0K(69888K)->0K(69888K)
[14.429s][info][gc,heap        ] GC(34) Tenured: 26299K(1398144K)->26299K(1398144K)
[14.429s][info][gc,metaspace   ] GC(34) Metaspace: 12037K(12224K)->12037K(12224K) NonClass: 10408K(10496K)->10408K(10496K) Class: 1628K(1728K)->1628K(1728K)
[14.429s][info][gc             ] GC(34) Pause Full (System.gc()) 156M->25M(1979M) 96.027ms
[14.429s][info][gc,cpu         ] GC(34) User=0.09s Sys=0.00s Real=0.09s
[14.704s][info][gc,start       ] GC(35) Pause Full (System.gc())
[14.704s][info][gc,phases,start] GC(35) Phase 1: Mark live objects
[14.732s][info][gc,phases      ] GC(35) Phase 1: Mark live objects 28.815ms
[14.732s][info][gc,phases,start] GC(35) Phase 2: Compute new object addresses
[14.787s][info][gc,phases      ] GC(35) Phase 2: Compute new object addresses 54.893ms
[14.787s][info][gc,phases,start] GC(35) Phase 3: Adjust pointers
[14.809s][info][gc,phases      ] GC(35) Phase 3: Adjust pointers 21.630ms
[14.809s][info][gc,phases,start] GC(35) Phase 4: Move objects
[14.809s][info][gc,phases      ] GC(35) Phase 4: Move objects 0.022ms
[14.809s][info][gc,heap        ] GC(35) DefNew: 134246K(629248K)->0K(629248K) Eden: 134246K(559360K)->0K(559360K) From: 0K(69888K)->0K(69888K)
[14.809s][info][gc,heap        ] GC(35) Tenured: 26299K(1398144K)->26299K(1398144K)
[14.809s][info][gc,metaspace   ] GC(35) Metaspace: 12037K(12224K)->12037K(12224K) NonClass: 10408K(10496K)->10408K(10496K) Class: 1628K(1728K)->1628K(1728K)
[14.809s][info][gc             ] GC(35) Pause Full (System.gc()) 156M->25M(1979M) 105.850ms
[14.809s][info][gc,cpu         ] GC(35) User=0.11s Sys=0.00s Real=0.10s
[15.081s][info][gc,start       ] GC(36) Pause Full (System.gc())
[15.081s][info][gc,phases,start] GC(36) Phase 1: Mark live objects
[15.097s][info][gc,phases      ] GC(36) Phase 1: Mark live objects 15.995ms
[15.097s][info][gc,phases,start] GC(36) Phase 2: Compute new object addresses
[15.150s][info][gc,phases      ] GC(36) Phase 2: Compute new object addresses 53.408ms
[15.150s][info][gc,phases,start] GC(36) Phase 3: Adjust pointers
[15.161s][info][gc,phases      ] GC(36) Phase 3: Adjust pointers 10.181ms
[15.161s][info][gc,phases,start] GC(36) Phase 4: Move objects
[15.161s][info][gc,phases      ] GC(36) Phase 4: Move objects 0.012ms
[15.161s][info][gc,heap        ] GC(36) DefNew: 134246K(629248K)->0K(629248K) Eden: 134246K(559360K)->0K(559360K) From: 0K(69888K)->0K(69888K)
[15.161s][info][gc,heap        ] GC(36) Tenured: 26299K(1398144K)->26301K(1398144K)
[15.161s][info][gc,metaspace   ] GC(36) Metaspace: 12039K(12288K)->12039K(12288K) NonClass: 10410K(10560K)->10410K(10560K) Class: 1628K(1728K)->1628K(1728K)
[15.161s][info][gc             ] GC(36) Pause Full (System.gc()) 156M->25M(1979M) 79.910ms
[15.161s][info][gc,cpu         ] GC(36) User=0.08s Sys=0.00s Real=0.08s
[15.437s][info][gc,start       ] GC(37) Pause Full (System.gc())
[15.437s][info][gc,phases,start] GC(37) Phase 1: Mark live objects
[15.465s][info][gc,phases      ] GC(37) Phase 1: Mark live objects 27.982ms
[15.465s][info][gc,phases,start] GC(37) Phase 2: Compute new object addresses
[15.532s][info][gc,phases      ] GC(37) Phase 2: Compute new object addresses 67.374ms
[15.532s][info][gc,phases,start] GC(37) Phase 3: Adjust pointers
[15.546s][info][gc,phases      ] GC(37) Phase 3: Adjust pointers 13.250ms
[15.546s][info][gc,phases,start] GC(37) Phase 4: Move objects
[15.546s][info][gc,phases      ] GC(37) Phase 4: Move objects 0.015ms
[15.546s][info][gc,heap        ] GC(37) DefNew: 134246K(629248K)->0K(629248K) Eden: 134246K(559360K)->0K(559360K) From: 0K(69888K)->0K(69888K)
[15.546s][info][gc,heap        ] GC(37) Tenured: 26301K(1398144K)->26301K(1398144K)
[15.546s][info][gc,metaspace   ] GC(37) Metaspace: 12040K(12288K)->12040K(12288K) NonClass: 10411K(10560K)->10411K(10560K) Class: 1628K(1728K)->1628K(1728K)
[15.546s][info][gc             ] GC(37) Pause Full (System.gc()) 156M->25M(1979M) 109.058ms
[15.546s][info][gc,cpu         ] GC(37) User=0.11s Sys=0.00s Real=0.11s
[15.820s][info][gc,start       ] GC(38) Pause Full (System.gc())
[15.820s][info][gc,phases,start] GC(38) Phase 1: Mark live objects
[15.850s][info][gc,phases      ] GC(38) Phase 1: Mark live objects 29.550ms
[15.850s][info][gc,phases,start] GC(38) Phase 2: Compute new object addresses
[15.904s][info][gc,phases      ] GC(38) Phase 2: Compute new object addresses 53.964ms
[15.904s][info][gc,phases,start] GC(38) Phase 3: Adjust pointers
[15.914s][info][gc,phases      ] GC(38) Phase 3: Adjust pointers 10.237ms
[15.914s][info][gc,phases,start] GC(38) Phase 4: Move objects
[15.914s][info][gc,phases      ] GC(38) Phase 4: Move objects 0.012ms
[15.914s][info][gc,heap        ] GC(38) DefNew: 134246K(629248K)->0K(629248K) Eden: 134246K(559360K)->0K(559360K) From: 0K(69888K)->0K(69888K)
[15.914s][info][gc,heap        ] GC(38) Tenured: 26301K(1398144K)->26301K(1398144K)
[15.914s][info][gc,metaspace   ] GC(38) Metaspace: 12040K(12288K)->12040K(12288K) NonClass: 10411K(10560K)->10411K(10560K) Class: 1628K(1728K)->1628K(1728K)
[15.914s][info][gc             ] GC(38) Pause Full (System.gc()) 156M->25M(1979M) 94.184ms
[15.914s][info][gc,cpu         ] GC(38) User=0.09s Sys=0.00s Real=0.09s
[16.190s][info][gc,start       ] GC(39) Pause Full (System.gc())
[16.190s][info][gc,phases,start] GC(39) Phase 1: Mark live objects
[16.217s][info][gc,phases      ] GC(39) Phase 1: Mark live objects 27.795ms
[16.217s][info][gc,phases,start] GC(39) Phase 2: Compute new object addresses
[16.284s][info][gc,phases      ] GC(39) Phase 2: Compute new object addresses 66.399ms
[16.284s][info][gc,phases,start] GC(39) Phase 3: Adjust pointers
[16.294s][info][gc,phases      ] GC(39) Phase 3: Adjust pointers 10.516ms
[16.294s][info][gc,phases,start] GC(39) Phase 4: Move objects
[16.294s][info][gc,phases      ] GC(39) Phase 4: Move objects 0.013ms
[16.295s][info][gc,heap        ] GC(39) DefNew: 134246K(629248K)->0K(629248K) Eden: 134246K(559360K)->0K(559360K) From: 0K(69888K)->0K(69888K)
[16.295s][info][gc,heap        ] GC(39) Tenured: 26301K(1398144K)->26300K(1398144K)
[16.295s][info][gc,metaspace   ] GC(39) Metaspace: 12041K(12288K)->12041K(12288K) NonClass: 10412K(10560K)->10412K(10560K) Class: 1628K(1728K)->1628K(1728K)
[16.295s][info][gc             ] GC(39) Pause Full (System.gc()) 156M->25M(1979M) 105.124ms
[16.295s][info][gc,cpu         ] GC(39) User=0.09s Sys=0.00s Real=0.09s
[16.571s][info][gc,start       ] GC(40) Pause Full (System.gc())
[16.572s][info][gc,phases,start] GC(40) Phase 1: Mark live objects
[16.599s][info][gc,phases      ] GC(40) Phase 1: Mark live objects 27.445ms
[16.599s][info][gc,phases,start] GC(40) Phase 2: Compute new object addresses
[16.653s][info][gc,phases      ] GC(40) Phase 2: Compute new object addresses 53.857ms
[16.653s][info][gc,phases,start] GC(40) Phase 3: Adjust pointers
[16.663s][info][gc,phases      ] GC(40) Phase 3: Adjust pointers 10.002ms
[16.663s][info][gc,phases,start] GC(40) Phase 4: Move objects
[16.663s][info][gc,phases      ] GC(40) Phase 4: Move objects 0.013ms
[16.663s][info][gc,heap        ] GC(40) DefNew: 134246K(629248K)->0K(629248K) Eden: 134246K(559360K)->0K(559360K) From: 0K(69888K)->0K(69888K)
[16.663s][info][gc,heap        ] GC(40) Tenured: 26300K(1398144K)->26301K(1398144K)
[16.663s][info][gc,metaspace   ] GC(40) Metaspace: 12043K(12288K)->12043K(12288K) NonClass: 10414K(10560K)->10414K(10560K) Class: 1628K(1728K)->1628K(1728K)
[16.663s][info][gc             ] GC(40) Pause Full (System.gc()) 156M->25M(1979M) 91.690ms
[16.663s][info][gc,cpu         ] GC(40) User=0.08s Sys=0.00s Real=0.09s
[16.938s][info][gc,start       ] GC(41) Pause Full (System.gc())
[16.938s][info][gc,phases,start] GC(41) Phase 1: Mark live objects
[16.968s][info][gc,phases      ] GC(41) Phase 1: Mark live objects 30.243ms
[16.968s][info][gc,phases,start] GC(41) Phase 2: Compute new object addresses
[17.048s][info][gc,phases      ] GC(41) Phase 2: Compute new object addresses 79.751ms
[17.048s][info][gc,phases,start] GC(41) Phase 3: Adjust pointers
[17.059s][info][gc,phases      ] GC(41) Phase 3: Adjust pointers 10.491ms
[17.059s][info][gc,phases,start] GC(41) Phase 4: Move objects
[17.059s][info][gc,phases      ] GC(41) Phase 4: Move objects 0.013ms
[17.059s][info][gc,heap        ] GC(41) DefNew: 134246K(629248K)->0K(629248K) Eden: 134246K(559360K)->0K(559360K) From: 0K(69888K)->0K(69888K)
[17.059s][info][gc,heap        ] GC(41) Tenured: 26301K(1398144K)->26301K(1398144K)
[17.059s][info][gc,metaspace   ] GC(41) Metaspace: 12043K(12288K)->12043K(12288K) NonClass: 10414K(10560K)->10414K(10560K) Class: 1628K(1728K)->1628K(1728K)
[17.059s][info][gc             ] GC(41) Pause Full (System.gc()) 156M->25M(1979M) 120.901ms
[17.059s][info][gc,cpu         ] GC(41) User=0.13s Sys=0.00s Real=0.13s
[17.335s][info][gc,start       ] GC(42) Pause Full (System.gc())
[17.335s][info][gc,phases,start] GC(42) Phase 1: Mark live objects
[17.362s][info][gc,phases      ] GC(42) Phase 1: Mark live objects 27.540ms
[17.363s][info][gc,phases,start] GC(42) Phase 2: Compute new object addresses
[17.417s][info][gc,phases      ] GC(42) Phase 2: Compute new object addresses 53.995ms
[17.417s][info][gc,phases,start] GC(42) Phase 3: Adjust pointers
[17.427s][info][gc,phases      ] GC(42) Phase 3: Adjust pointers 10.314ms
[17.427s][info][gc,phases,start] GC(42) Phase 4: Move objects
[17.427s][info][gc,phases      ] GC(42) Phase 4: Move objects 0.013ms
[17.427s][info][gc,heap        ] GC(42) DefNew: 134246K(629248K)->0K(629248K) Eden: 134246K(559360K)->0K(559360K) From: 0K(69888K)->0K(69888K)
[17.427s][info][gc,heap        ] GC(42) Tenured: 26301K(1398144K)->26301K(1398144K)
[17.427s][info][gc,metaspace   ] GC(42) Metaspace: 12052K(12288K)->12052K(12288K) NonClass: 10423K(10560K)->10423K(10560K) Class: 1628K(1728K)->1628K(1728K)
[17.427s][info][gc             ] GC(42) Pause Full (System.gc()) 156M->25M(1979M) 92.267ms
[17.427s][info][gc,cpu         ] GC(42) User=0.09s Sys=0.00s Real=0.09s
[17.703s][info][gc,start       ] GC(43) Pause Full (System.gc())
[17.703s][info][gc,phases,start] GC(43) Phase 1: Mark live objects
[17.733s][info][gc,phases      ] GC(43) Phase 1: Mark live objects 29.787ms
[17.733s][info][gc,phases,start] GC(43) Phase 2: Compute new object addresses
[17.787s][info][gc,phases      ] GC(43) Phase 2: Compute new object addresses 54.452ms
[17.787s][info][gc,phases,start] GC(43) Phase 3: Adjust pointers
[17.798s][info][gc,phases      ] GC(43) Phase 3: Adjust pointers 11.045ms
[17.798s][info][gc,phases,start] GC(43) Phase 4: Move objects
[17.799s][info][gc,phases      ] GC(43) Phase 4: Move objects 0.035ms
[17.799s][info][gc,heap        ] GC(43) DefNew: 134246K(629248K)->0K(629248K) Eden: 134246K(559360K)->0K(559360K) From: 0K(69888K)->0K(69888K)
[17.799s][info][gc,heap        ] GC(43) Tenured: 26301K(1398144K)->26300K(1398144K)
[17.799s][info][gc,metaspace   ] GC(43) Metaspace: 12055K(12288K)->12055K(12288K) NonClass: 10426K(10560K)->10426K(10560K) Class: 1628K(1728K)->1628K(1728K)
[17.799s][info][gc             ] GC(43) Pause Full (System.gc()) 156M->25M(1979M) 95.960ms
[17.799s][info][gc,cpu         ] GC(43) User=0.11s Sys=0.00s Real=0.10s
[18.061s][info][gc,start       ] GC(44) Pause Full (System.gc())
[18.061s][info][gc,phases,start] GC(44) Phase 1: Mark live objects
[18.091s][info][gc,phases      ] GC(44) Phase 1: Mark live objects 29.566ms
[18.091s][info][gc,phases,start] GC(44) Phase 2: Compute new object addresses
[18.145s][info][gc,phases      ] GC(44) Phase 2: Compute new object addresses 53.993ms
[18.145s][info][gc,phases,start] GC(44) Phase 3: Adjust pointers
[18.155s][info][gc,phases      ] GC(44) Phase 3: Adjust pointers 10.264ms
[18.155s][info][gc,phases,start] GC(44) Phase 4: Move objects
[18.155s][info][gc,phases      ] GC(44) Phase 4: Move objects 0.013ms
[18.155s][info][gc,heap        ] GC(44) DefNew: 134246K(629248K)->0K(629248K) Eden: 134246K(559360K)->0K(559360K) From: 0K(69888K)->0K(69888K)
[18.155s][info][gc,heap        ] GC(44) Tenured: 26300K(1398144K)->26301K(1398144K)
[18.155s][info][gc,metaspace   ] GC(44) Metaspace: 12055K(12288K)->12055K(12288K) NonClass: 10426K(10560K)->10426K(10560K) Class: 1628K(1728K)->1628K(1728K)
[18.155s][info][gc             ] GC(44) Pause Full (System.gc()) 156M->25M(1979M) 94.250ms
[18.155s][info][gc,cpu         ] GC(44) User=0.09s Sys=0.00s Real=0.09s
[18.432s][info][gc,start       ] GC(45) Pause Full (System.gc())
[18.432s][info][gc,phases,start] GC(45) Phase 1: Mark live objects
[18.460s][info][gc,phases      ] GC(45) Phase 1: Mark live objects 27.792ms
[18.460s][info][gc,phases,start] GC(45) Phase 2: Compute new object addresses
[18.513s][info][gc,phases      ] GC(45) Phase 2: Compute new object addresses 53.907ms
[18.514s][info][gc,phases,start] GC(45) Phase 3: Adjust pointers
[18.524s][info][gc,phases      ] GC(45) Phase 3: Adjust pointers 10.264ms
[18.524s][info][gc,phases,start] GC(45) Phase 4: Move objects
[18.524s][info][gc,phases      ] GC(45) Phase 4: Move objects 0.013ms
[18.524s][info][gc,heap        ] GC(45) DefNew: 134246K(629248K)->0K(629248K) Eden: 134246K(559360K)->0K(559360K) From: 0K(69888K)->0K(69888K)
[18.524s][info][gc,heap        ] GC(45) Tenured: 26301K(1398144K)->26301K(1398144K)
[18.524s][info][gc,metaspace   ] GC(45) Metaspace: 12055K(12288K)->12055K(12288K) NonClass: 10426K(10560K)->10426K(10560K) Class: 1628K(1728K)->1628K(1728K)
[18.524s][info][gc             ] GC(45) Pause Full (System.gc()) 156M->25M(1979M) 92.402ms
[18.524s][info][gc,cpu         ] GC(45) User=0.09s Sys=0.00s Real=0.09s
[18.800s][info][gc,start       ] GC(46) Pause Full (System.gc())
[18.800s][info][gc,phases,start] GC(46) Phase 1: Mark live objects
[18.835s][info][gc,phases      ] GC(46) Phase 1: Mark live objects 34.509ms
[18.835s][info][gc,phases,start] GC(46) Phase 2: Compute new object addresses
[18.903s][info][gc,phases      ] GC(46) Phase 2: Compute new object addresses 68.329ms
[18.903s][info][gc,phases,start] GC(46) Phase 3: Adjust pointers
[18.914s][info][gc,phases      ] GC(46) Phase 3: Adjust pointers 10.572ms
[18.914s][info][gc,phases,start] GC(46) Phase 4: Move objects
[18.914s][info][gc,phases      ] GC(46) Phase 4: Move objects 0.012ms
[18.914s][info][gc,heap        ] GC(46) DefNew: 134246K(629248K)->0K(629248K) Eden: 134246K(559360K)->0K(559360K) From: 0K(69888K)->0K(69888K)
[18.914s][info][gc,heap        ] GC(46) Tenured: 26301K(1398144K)->26301K(1398144K)
[18.914s][info][gc,metaspace   ] GC(46) Metaspace: 12055K(12288K)->12055K(12288K) NonClass: 10426K(10560K)->10426K(10560K) Class: 1628K(1728K)->1628K(1728K)
[18.914s][info][gc             ] GC(46) Pause Full (System.gc()) 156M->25M(1979M) 113.824ms
[18.914s][info][gc,cpu         ] GC(46) User=0.11s Sys=0.00s Real=0.11s
[19.177s][info][gc,start       ] GC(47) Pause Full (System.gc())
[19.177s][info][gc,phases,start] GC(47) Phase 1: Mark live objects
[19.206s][info][gc,phases      ] GC(47) Phase 1: Mark live objects 29.423ms
[19.206s][info][gc,phases,start] GC(47) Phase 2: Compute new object addresses
[19.260s][info][gc,phases      ] GC(47) Phase 2: Compute new object addresses 53.637ms
[19.260s][info][gc,phases,start] GC(47) Phase 3: Adjust pointers
[19.270s][info][gc,phases      ] GC(47) Phase 3: Adjust pointers 10.346ms
[19.270s][info][gc,phases,start] GC(47) Phase 4: Move objects
[19.270s][info][gc,phases      ] GC(47) Phase 4: Move objects 0.012ms
[19.270s][info][gc,heap        ] GC(47) DefNew: 134246K(629248K)->0K(629248K) Eden: 134246K(559360K)->0K(559360K) From: 0K(69888K)->0K(69888K)
[19.270s][info][gc,heap        ] GC(47) Tenured: 26301K(1398144K)->26300K(1398144K)
[19.270s][info][gc,metaspace   ] GC(47) Metaspace: 12055K(12288K)->12055K(12288K) NonClass: 10426K(10560K)->10426K(10560K) Class: 1628K(1728K)->1628K(1728K)
[19.270s][info][gc             ] GC(47) Pause Full (System.gc()) 156M->25M(1979M) 93.808ms
[19.270s][info][gc,cpu         ] GC(47) User=0.09s Sys=0.00s Real=0.09s
[19.547s][info][gc,start       ] GC(48) Pause Full (System.gc())
[19.547s][info][gc,phases,start] GC(48) Phase 1: Mark live objects
[19.575s][info][gc,phases      ] GC(48) Phase 1: Mark live objects 27.499ms
[19.575s][info][gc,phases,start] GC(48) Phase 2: Compute new object addresses
[19.629s][info][gc,phases      ] GC(48) Phase 2: Compute new object addresses 54.335ms
[19.629s][info][gc,phases,start] GC(48) Phase 3: Adjust pointers
[19.639s][info][gc,phases      ] GC(48) Phase 3: Adjust pointers 10.379ms
[19.639s][info][gc,phases,start] GC(48) Phase 4: Move objects
[19.639s][info][gc,phases      ] GC(48) Phase 4: Move objects 0.013ms
[19.640s][info][gc,heap        ] GC(48) DefNew: 134246K(629248K)->0K(629248K) Eden: 134246K(559360K)->0K(559360K) From: 0K(69888K)->0K(69888K)
[19.640s][info][gc,heap        ] GC(48) Tenured: 26300K(1398144K)->26301K(1398144K)
[19.640s][info][gc,metaspace   ] GC(48) Metaspace: 12055K(12288K)->12055K(12288K) NonClass: 10426K(10560K)->10426K(10560K) Class: 1628K(1728K)->1628K(1728K)
[19.640s][info][gc             ] GC(48) Pause Full (System.gc()) 156M->25M(1979M) 92.637ms
[19.640s][info][gc,cpu         ] GC(48) User=0.09s Sys=0.00s Real=0.10s
[19.916s][info][gc,start       ] GC(49) Pause Full (System.gc())
[19.916s][info][gc,phases,start] GC(49) Phase 1: Mark live objects
[19.945s][info][gc,phases      ] GC(49) Phase 1: Mark live objects 28.542ms
[19.945s][info][gc,phases,start] GC(49) Phase 2: Compute new object addresses
[19.999s][info][gc,phases      ] GC(49) Phase 2: Compute new object addresses 54.162ms
[19.999s][info][gc,phases,start] GC(49) Phase 3: Adjust pointers
[20.009s][info][gc,phases      ] GC(49) Phase 3: Adjust pointers 10.239ms
[20.009s][info][gc,phases,start] GC(49) Phase 4: Move objects
[20.009s][info][gc,phases      ] GC(49) Phase 4: Move objects 0.012ms
[20.009s][info][gc,heap        ] GC(49) DefNew: 134246K(629248K)->0K(629248K) Eden: 134246K(559360K)->0K(559360K) From: 0K(69888K)->0K(69888K)
[20.009s][info][gc,heap        ] GC(49) Tenured: 26301K(1398144K)->26301K(1398144K)
[20.009s][info][gc,metaspace   ] GC(49) Metaspace: 12055K(12288K)->12055K(12288K) NonClass: 10426K(10560K)->10426K(10560K) Class: 1628K(1728K)->1628K(1728K)
[20.009s][info][gc             ] GC(49) Pause Full (System.gc()) 156M->25M(1979M) 93.340ms
[20.009s][info][gc,cpu         ] GC(49) User=0.09s Sys=0.00s Real=0.09s
[20.289s][info][gc,heap,exit   ] Heap
[20.289s][info][gc,heap,exit   ]  def new generation   total 629248K, used 190182K [0x0000000080200000, 0x00000000aacc0000, 0x0000000300150000)
[20.289s][info][gc,heap,exit   ]   eden space 559360K,  34% used [0x0000000080200000, 0x000000008bbb9b58, 0x00000000a2440000)
[20.289s][info][gc,heap,exit   ]   from space 69888K,   0% used [0x00000000a2440000, 0x00000000a2440000, 0x00000000a6880000)
[20.289s][info][gc,heap,exit   ]   to   space 69888K,   0% used [0x00000000a6880000, 0x00000000a6880000, 0x00000000aacc0000)
[20.289s][info][gc,heap,exit   ]  tenured generation   total 1398144K, used 26301K [0x0000000300150000, 0x00000003556b0000, 0x0000000800000000)
[20.289s][info][gc,heap,exit   ]    the space 1398144K,   1% used [0x0000000300150000, 0x0000000301aff500, 0x0000000301aff600, 0x00000003556b0000)
[20.289s][info][gc,heap,exit   ]  Metaspace       used 12134K, committed 12352K, reserved 1114112K
[20.289s][info][gc,heap,exit   ]   class space    used 1638K, committed 1728K, reserved 1048576K
