[0.015s][info][gc] Using Epsilon
[0.018s][info][gc,init] Version: 20+36-2344 (release)
[0.018s][info][gc,init] CPUs: 48 total, 48 available
[0.019s][info][gc,init] Memory: 382G
[0.019s][info][gc,init] Large Page Support: Disabled
[0.019s][info][gc,init] NUMA Support: Disabled
[0.019s][info][gc,init] Compressed Oops: Enabled (32-bit)
[0.019s][info][gc,init] Heap Min Capacity: 6656K
[0.019s][info][gc,init] Heap Initial Capacity: 1G
[0.019s][info][gc,init] Heap Max Capacity: 1G
[0.019s][info][gc,init] Pre-touch: Disabled
[0.019s][warning][gc,init] Consider enabling -XX:+AlwaysPreTouch to avoid memory commit hiccups
[0.029s][info   ][gc,init] TLAB Size Max: 4M
[0.029s][info   ][gc,init] TLAB Size Elasticity: 1.10x
[0.029s][info   ][gc,init] TLAB Size Decay Time: 1000ms
[0.031s][info   ][gc,metaspace] CDS archive(s) mapped at: [0x0000000800000000-0x0000000800c60000-0x0000000800c60000), size 12976128, SharedBaseAddress: 0x0000000800000000, ArchiveRelocationMode: 0.
[0.031s][info   ][gc,metaspace] Compressed class space mapped at: 0x0000000801000000-0x0000000841000000, reserved size: 1073741824
[0.031s][info   ][gc,metaspace] Narrow klass base: 0x0000000800000000, Narrow klass shift: 0, Narrow klass range: 0x100000000
[0.418s][info   ][gc          ] GC request for "System.gc()" is ignored
[1.400s][info   ][gc          ] Heap: 1024M reserved, 1024M (100.00%) committed, 52710K (5.03%) used
[1.400s][info   ][gc,metaspace] Metaspace: 1088M reserved, 11328K (1.02%) committed, 11112K (1.00%) used
[2.339s][info   ][gc,heap,exit] Heap
[2.339s][info   ][gc,heap,exit] Epsilon Heap
[2.339s][info   ][gc,heap,exit] Allocation space:
[2.339s][info   ][gc,heap,exit]  space 1048576K,   8% used [0x00000000c0000000, 0x00000000c581e608, 0x0000000100000000)
[2.339s][info   ][gc,heap,exit]  Metaspace       used 12027K, committed 12224K, reserved 1114112K
[2.339s][info   ][gc,heap,exit]   class space    used 1311K, committed 1408K, reserved 1048576K
[2.339s][info   ][gc          ] Heap: 1024M reserved, 1024M (100.00%) committed, 90233K (8.61%) used
[2.339s][info   ][gc,metaspace] Metaspace: 1088M reserved, 12224K (1.10%) committed, 12027K (1.08%) used
