[0.045s][info][gc] Using Epsilon
[0.052s][info][gc,init] Version: 20+36-2344 (release)
[0.052s][info][gc,init] CPUs: 48 total, 48 available
[0.052s][info][gc,init] Memory: 382G
[0.052s][info][gc,init] Large Page Support: Disabled
[0.052s][info][gc,init] NUMA Support: Disabled
[0.052s][info][gc,init] Compressed Oops: Enabled (32-bit)
[0.052s][info][gc,init] Heap Min Capacity: 6656K
[0.052s][info][gc,init] Heap Initial Capacity: 2G
[0.052s][info][gc,init] Heap Max Capacity: 2G
[0.052s][info][gc,init] Pre-touch: Disabled
[0.052s][warning][gc,init] Consider enabling -XX:+AlwaysPreTouch to avoid memory commit hiccups
[0.065s][info   ][gc,init] TLAB Size Max: 4M
[0.065s][info   ][gc,init] TLAB Size Elasticity: 1.10x
[0.065s][info   ][gc,init] TLAB Size Decay Time: 1000ms
[0.066s][info   ][gc,metaspace] CDS archive(s) mapped at: [0x0000000800000000-0x0000000800c60000-0x0000000800c60000), size 12976128, SharedBaseAddress: 0x0000000800000000, ArchiveRelocationMode: 0.
[0.066s][info   ][gc,metaspace] Compressed class space mapped at: 0x0000000801000000-0x0000000841000000, reserved size: 1073741824
[0.066s][info   ][gc,metaspace] Narrow klass base: 0x0000000800000000, Narrow klass shift: 0, Narrow klass range: 0x100000000
[0.483s][info   ][gc          ] GC request for "System.gc()" is ignored
[2.453s][info   ][gc,heap,exit] Heap
[2.453s][info   ][gc,heap,exit] Epsilon Heap
[2.453s][info   ][gc,heap,exit] Allocation space:
[2.453s][info   ][gc,heap,exit]  space 2097152K,   4% used [0x0000000080000000, 0x000000008541de08, 0x0000000100000000)
[2.453s][info   ][gc,heap,exit]  Metaspace       used 12026K, committed 12224K, reserved 1114112K
[2.453s][info   ][gc,heap,exit]   class space    used 1311K, committed 1408K, reserved 1048576K
[2.454s][info   ][gc          ] Heap: 2048M reserved, 2048M (100.00%) committed, 86135K (4.11%) used
[2.454s][info   ][gc,metaspace] Metaspace: 1088M reserved, 12224K (1.10%) committed, 12026K (1.08%) used
