[0.014s][info][gc] Using Epsilon
[0.016s][info][gc,init] Version: 20+36-2344 (release)
[0.016s][info][gc,init] CPUs: 48 total, 48 available
[0.016s][info][gc,init] Memory: 382G
[0.016s][info][gc,init] Large Page Support: Disabled
[0.016s][info][gc,init] NUMA Support: Disabled
[0.016s][info][gc,init] Compressed Oops: Enabled (32-bit)
[0.016s][info][gc,init] Heap Min Capacity: 6656K
[0.016s][info][gc,init] Heap Initial Capacity: 512M
[0.016s][info][gc,init] Heap Max Capacity: 512M
[0.016s][info][gc,init] Pre-touch: Disabled
[0.016s][warning][gc,init] Consider enabling -XX:+AlwaysPreTouch to avoid memory commit hiccups
[0.023s][info   ][gc,init] TLAB Size Max: 4M
[0.023s][info   ][gc,init] TLAB Size Elasticity: 1.10x
[0.023s][info   ][gc,init] TLAB Size Decay Time: 1000ms
[0.024s][info   ][gc,metaspace] CDS archive(s) mapped at: [0x0000000800000000-0x0000000800c60000-0x0000000800c60000), size 12976128, SharedBaseAddress: 0x0000000800000000, ArchiveRelocationMode: 0.
[0.024s][info   ][gc,metaspace] Compressed class space mapped at: 0x0000000801000000-0x0000000841000000, reserved size: 1073741824
[0.024s][info   ][gc,metaspace] Narrow klass base: 0x0000000800000000, Narrow klass shift: 0, Narrow klass range: 0x100000000
[0.470s][info   ][gc          ] GC request for "System.gc()" is ignored
[1.006s][info   ][gc          ] Heap: 512M reserved, 512M (100.00%) committed, 27763K (5.30%) used
[1.006s][info   ][gc,metaspace] Metaspace: 1088M reserved, 8512K (0.76%) committed, 8314K (0.75%) used
[1.670s][info   ][gc          ] Heap: 512M reserved, 512M (100.00%) committed, 54470K (10.39%) used
[1.670s][info   ][gc,metaspace] Metaspace: 1088M reserved, 11392K (1.02%) committed, 11263K (1.01%) used
[2.027s][info   ][gc          ] Heap: 512M reserved, 512M (100.00%) committed, 84730K (16.16%) used
[2.027s][info   ][gc,metaspace] Metaspace: 1088M reserved, 12032K (1.08%) committed, 11870K (1.07%) used
[2.469s][info   ][gc,heap,exit] Heap
[2.469s][info   ][gc,heap,exit] Epsilon Heap
[2.469s][info   ][gc,heap,exit] Allocation space:
[2.469s][info   ][gc,heap,exit]  space 524288K,  16% used [0x00000000e0000000, 0x00000000e54ab708, 0x0000000100000000)
[2.469s][info   ][gc,heap,exit]  Metaspace       used 12023K, committed 12224K, reserved 1114112K
[2.469s][info   ][gc,heap,exit]   class space    used 1311K, committed 1408K, reserved 1048576K
[2.469s][info   ][gc          ] Heap: 512M reserved, 512M (100.00%) committed, 86701K (16.54%) used
[2.469s][info   ][gc,metaspace] Metaspace: 1088M reserved, 12224K (1.10%) committed, 12023K (1.08%) used
