[0.016s][info][gc,init] CardTable entry size: 512
[0.017s][info][gc     ] Using G1
[0.041s][info][gc,init] Version: 20+36-2344 (release)
[0.041s][info][gc,init] CPUs: 48 total, 48 available
[0.041s][info][gc,init] Memory: 382G
[0.041s][info][gc,init] Large Page Support: Disabled
[0.041s][info][gc,init] NUMA Support: Disabled
[0.041s][info][gc,init] Compressed Oops: Enabled (32-bit)
[0.041s][info][gc,init] Heap Region Size: 1M
[0.041s][info][gc,init] Heap Min Capacity: 8M
[0.041s][info][gc,init] Heap Initial Capacity: 2G
[0.041s][info][gc,init] Heap Max Capacity: 2G
[0.041s][info][gc,init] Pre-touch: Disabled
[0.049s][info][gc,init] Parallel Workers: 33
[0.049s][info][gc,init] Concurrent Workers: 8
[0.049s][info][gc,init] Concurrent Refinement Workers: 33
[0.049s][info][gc,init] Periodic GC: Disabled
[0.050s][info][gc,metaspace] CDS archive(s) mapped at: [0x0000000800000000-0x0000000800c60000-0x0000000800c60000), size 12976128, SharedBaseAddress: 0x0000000800000000, ArchiveRelocationMode: 0.
[0.050s][info][gc,metaspace] Compressed class space mapped at: 0x0000000801000000-0x0000000841000000, reserved size: 1073741824
[0.050s][info][gc,metaspace] Narrow klass base: 0x0000000800000000, Narrow klass shift: 0, Narrow klass range: 0x100000000
[0.502s][info][gc,start    ] GC(0) Pause Full (System.gc())
[0.502s][info][gc,task     ] GC(0) Using 7 workers of 33 for full compaction
[0.503s][info][gc,phases,start] GC(0) Phase 1: Mark live objects
[0.505s][info][gc,phases      ] GC(0) Phase 1: Mark live objects 1.767ms
[0.505s][info][gc,phases,start] GC(0) Phase 2: Prepare compaction
[0.508s][info][gc,phases      ] GC(0) Phase 2: Prepare compaction 2.949ms
[0.508s][info][gc,phases,start] GC(0) Phase 3: Adjust pointers
[0.509s][info][gc,phases      ] GC(0) Phase 3: Adjust pointers 0.896ms
[0.509s][info][gc,phases,start] GC(0) Phase 4: Compact heap
[0.510s][info][gc,phases      ] GC(0) Phase 4: Compact heap 0.800ms
[0.521s][info][gc,heap        ] GC(0) Eden regions: 7->0(8)
[0.521s][info][gc,heap        ] GC(0) Survivor regions: 0->0(0)
[0.521s][info][gc,heap        ] GC(0) Old regions: 0->7
[0.521s][info][gc,heap        ] GC(0) Archive regions: 0->0
[0.521s][info][gc,heap        ] GC(0) Humongous regions: 0->0
[0.521s][info][gc,metaspace   ] GC(0) Metaspace: 1305K(1536K)->1305K(1536K) NonClass: 1185K(1280K)->1185K(1280K) Class: 120K(256K)->120K(256K)
[0.521s][info][gc             ] GC(0) Pause Full (System.gc()) 7M->1M(24M) 19.789ms
[0.522s][info][gc,cpu         ] GC(0) User=0.00s Sys=0.11s Real=0.02s
[0.691s][info][gc,start       ] GC(1) Pause Young (Normal) (G1 Evacuation Pause)
[0.691s][info][gc,task        ] GC(1) Using 4 workers of 33 for evacuation
[0.693s][info][gc,phases      ] GC(1)   Pre Evacuate Collection Set: 0.1ms
[0.693s][info][gc,phases      ] GC(1)   Merge Heap Roots: 0.2ms
[0.693s][info][gc,phases      ] GC(1)   Evacuate Collection Set: 1.5ms
[0.693s][info][gc,phases      ] GC(1)   Post Evacuate Collection Set: 0.5ms
[0.693s][info][gc,phases      ] GC(1)   Other: 0.1ms
[0.693s][info][gc,heap        ] GC(1) Eden regions: 8->0(9)
[0.693s][info][gc,heap        ] GC(1) Survivor regions: 0->1(1)
[0.693s][info][gc,heap        ] GC(1) Old regions: 7->8
[0.693s][info][gc,heap        ] GC(1) Archive regions: 0->0
[0.694s][info][gc,heap        ] GC(1) Humongous regions: 0->0
[0.694s][info][gc,metaspace   ] GC(1) Metaspace: 3399K(3584K)->3399K(3584K) NonClass: 2961K(3072K)->2961K(3072K) Class: 438K(512K)->438K(512K)
[0.694s][info][gc             ] GC(1) Pause Young (Normal) (G1 Evacuation Pause) 9M->3M(24M) 2.912ms
[0.694s][info][gc,cpu         ] GC(1) User=0.00s Sys=0.00s Real=0.00s
[0.880s][info][gc,start       ] GC(2) Pause Young (Normal) (G1 Evacuation Pause)
[0.880s][info][gc,task        ] GC(2) Using 3 workers of 33 for evacuation
[0.886s][info][gc,phases      ] GC(2)   Pre Evacuate Collection Set: 0.1ms
[0.886s][info][gc,phases      ] GC(2)   Merge Heap Roots: 0.1ms
[0.886s][info][gc,phases      ] GC(2)   Evacuate Collection Set: 5.5ms
[0.886s][info][gc,phases      ] GC(2)   Post Evacuate Collection Set: 0.4ms
[0.886s][info][gc,phases      ] GC(2)   Other: 0.1ms
[0.886s][info][gc,heap        ] GC(2) Eden regions: 9->0(6)
[0.886s][info][gc,heap        ] GC(2) Survivor regions: 1->2(2)
[0.887s][info][gc,heap        ] GC(2) Old regions: 8->10
[0.887s][info][gc,heap        ] GC(2) Archive regions: 0->0
[0.887s][info][gc,heap        ] GC(2) Humongous regions: 0->0
[0.887s][info][gc,metaspace   ] GC(2) Metaspace: 6267K(6528K)->6267K(6528K) NonClass: 5443K(5568K)->5443K(5568K) Class: 823K(960K)->823K(960K)
[0.887s][info][gc             ] GC(2) Pause Young (Normal) (G1 Evacuation Pause) 12M->5M(24M) 6.657ms
[0.887s][info][gc,cpu         ] GC(2) User=0.06s Sys=0.03s Real=0.02s
[1.052s][info][gc,start       ] GC(3) Pause Young (Normal) (G1 Evacuation Pause)
[1.052s][info][gc,task        ] GC(3) Using 2 workers of 33 for evacuation
[1.069s][info][gc,phases      ] GC(3)   Pre Evacuate Collection Set: 0.1ms
[1.069s][info][gc,phases      ] GC(3)   Merge Heap Roots: 0.1ms
[1.069s][info][gc,phases      ] GC(3)   Evacuate Collection Set: 16.2ms
[1.069s][info][gc,phases      ] GC(3)   Post Evacuate Collection Set: 0.6ms
[1.069s][info][gc,phases      ] GC(3)   Other: 0.1ms
[1.069s][info][gc,heap        ] GC(3) Eden regions: 6->0(3)
[1.069s][info][gc,heap        ] GC(3) Survivor regions: 2->1(1)
[1.069s][info][gc,heap        ] GC(3) Old regions: 10->14
[1.069s][info][gc,heap        ] GC(3) Archive regions: 0->0
[1.069s][info][gc,heap        ] GC(3) Humongous regions: 0->0
[1.069s][info][gc,metaspace   ] GC(3) Metaspace: 8321K(8512K)->8321K(8512K) NonClass: 7329K(7424K)->7329K(7424K) Class: 991K(1088K)->991K(1088K)
[1.069s][info][gc             ] GC(3) Pause Young (Normal) (G1 Evacuation Pause) 11M->9M(24M) 17.662ms
[1.069s][info][gc,cpu         ] GC(3) User=0.08s Sys=0.00s Real=0.03s
[1.125s][info][gc,start       ] GC(4) Pause Young (Concurrent Start) (G1 Evacuation Pause)
[1.126s][info][gc,task        ] GC(4) Using 2 workers of 33 for evacuation
[1.141s][info][gc,phases      ] GC(4)   Pre Evacuate Collection Set: 0.2ms
[1.141s][info][gc,phases      ] GC(4)   Merge Heap Roots: 0.1ms
[1.141s][info][gc,phases      ] GC(4)   Evacuate Collection Set: 2.4ms
[1.141s][info][gc,phases      ] GC(4)   Post Evacuate Collection Set: 12.9ms
[1.141s][info][gc,phases      ] GC(4)   Other: 0.1ms
[1.141s][info][gc,heap        ] GC(4) Eden regions: 3->0(50)
[1.141s][info][gc,heap        ] GC(4) Survivor regions: 1->1(1)
[1.141s][info][gc,heap        ] GC(4) Old regions: 14->16
[1.141s][info][gc,heap        ] GC(4) Archive regions: 0->0
[1.141s][info][gc,heap        ] GC(4) Humongous regions: 0->0
[1.141s][info][gc,metaspace   ] GC(4) Metaspace: 8443K(8640K)->8443K(8640K) NonClass: 7450K(7552K)->7450K(7552K) Class: 993K(1088K)->993K(1088K)
[1.142s][info][gc             ] GC(4) Pause Young (Concurrent Start) (G1 Evacuation Pause) 12M->10M(1036M) 16.118ms
[1.142s][info][gc,cpu         ] GC(4) User=0.00s Sys=0.02s Real=0.02s
[1.142s][info][gc             ] GC(5) Concurrent Mark Cycle
[1.142s][info][gc,marking     ] GC(5) Concurrent Scan Root Regions
[1.144s][info][gc,marking     ] GC(5) Concurrent Scan Root Regions 1.988ms
[1.144s][info][gc,marking     ] GC(5) Concurrent Mark
[1.144s][info][gc,marking     ] GC(5) Concurrent Mark From Roots
[1.144s][info][gc,task        ] GC(5) Using 8 workers of 8 for marking
[1.148s][info][gc,marking     ] GC(5) Concurrent Mark From Roots 4.703ms
[1.148s][info][gc,marking     ] GC(5) Concurrent Preclean
[1.149s][info][gc,marking     ] GC(5) Concurrent Preclean 0.048ms
[1.149s][info][gc,start       ] GC(5) Pause Remark
[1.152s][info][gc             ] GC(5) Pause Remark 10M->10M(60M) 3.325ms
[1.152s][info][gc,cpu         ] GC(5) User=0.00s Sys=0.00s Real=0.00s
[1.152s][info][gc,marking     ] GC(5) Concurrent Mark 8.314ms
[1.152s][info][gc,marking     ] GC(5) Concurrent Rebuild Remembered Sets and Scrub Regions
[1.157s][info][gc,marking     ] GC(5) Concurrent Rebuild Remembered Sets and Scrub Regions 4.607ms
[1.157s][info][gc,start       ] GC(5) Pause Cleanup
[1.157s][info][gc             ] GC(5) Pause Cleanup 11M->11M(60M) 0.200ms
[1.157s][info][gc,cpu         ] GC(5) User=0.00s Sys=0.00s Real=0.00s
[1.157s][info][gc,marking     ] GC(5) Concurrent Clear Claimed Marks
[1.157s][info][gc,marking     ] GC(5) Concurrent Clear Claimed Marks 0.037ms
[1.157s][info][gc,marking     ] GC(5) Concurrent Cleanup for Next Mark
[1.158s][info][gc,marking     ] GC(5) Concurrent Cleanup for Next Mark 0.589ms
[1.158s][info][gc             ] GC(5) Concurrent Mark Cycle 16.265ms
[2.084s][info][gc,start       ] GC(6) Pause Young (Prepare Mixed) (G1 Evacuation Pause)
[2.084s][info][gc,task        ] GC(6) Using 2 workers of 33 for evacuation
[2.101s][info][gc,phases      ] GC(6)   Pre Evacuate Collection Set: 0.1ms
[2.101s][info][gc,phases      ] GC(6)   Merge Heap Roots: 0.1ms
[2.101s][info][gc,phases      ] GC(6)   Evacuate Collection Set: 15.2ms
[2.101s][info][gc,phases      ] GC(6)   Post Evacuate Collection Set: 0.8ms
[2.101s][info][gc,phases      ] GC(6)   Other: 0.2ms
[2.101s][info][gc,heap        ] GC(6) Eden regions: 35->0(15)
[2.101s][info][gc,heap        ] GC(6) Survivor regions: 1->7(7)
[2.101s][info][gc,heap        ] GC(6) Old regions: 16->24
[2.101s][info][gc,heap        ] GC(6) Archive regions: 0->0
[2.101s][info][gc,heap        ] GC(6) Humongous regions: 8->5
[2.101s][info][gc,metaspace   ] GC(6) Metaspace: 11745K(11904K)->11745K(11904K) NonClass: 10483K(10560K)->10483K(10560K) Class: 1261K(1344K)->1261K(1344K)
[2.101s][info][gc             ] GC(6) Pause Young (Prepare Mixed) (G1 Evacuation Pause) 53M->29M(75M) 16.883ms
[2.101s][info][gc,cpu         ] GC(6) User=0.09s Sys=0.00s Real=0.02s
[2.505s][info][gc,heap,exit   ] Heap
[2.505s][info][gc,heap,exit   ]  garbage-first heap   total 76800K, used 47061K [0x0000000080000000, 0x0000000100000000)
[2.505s][info][gc,heap,exit   ]   region size 1024K, 20 young (20480K), 7 survivors (7168K)
[2.505s][info][gc,heap,exit   ]  Metaspace       used 12010K, committed 12224K, reserved 1114112K
[2.505s][info][gc,heap,exit   ]   class space    used 1311K, committed 1408K, reserved 1048576K
