[0.019s][info][gc,init] CardTable entry size: 512
[0.020s][info][gc     ] Using G1
[0.030s][info][gc,init] Version: 20+36-2344 (release)
[0.031s][info][gc,init] CPUs: 48 total, 48 available
[0.031s][info][gc,init] Memory: 382G
[0.031s][info][gc,init] Large Page Support: Disabled
[0.031s][info][gc,init] NUMA Support: Disabled
[0.031s][info][gc,init] Compressed Oops: Enabled (32-bit)
[0.031s][info][gc,init] Heap Region Size: 1M
[0.031s][info][gc,init] Heap Min Capacity: 8M
[0.031s][info][gc,init] Heap Initial Capacity: 512M
[0.031s][info][gc,init] Heap Max Capacity: 512M
[0.031s][info][gc,init] Pre-touch: Disabled
[0.039s][info][gc,init] Parallel Workers: 33
[0.039s][info][gc,init] Concurrent Workers: 8
[0.039s][info][gc,init] Concurrent Refinement Workers: 33
[0.039s][info][gc,init] Periodic GC: Disabled
[0.041s][info][gc,metaspace] CDS archive(s) mapped at: [0x0000000800000000-0x0000000800c60000-0x0000000800c60000), size 12976128, SharedBaseAddress: 0x0000000800000000, ArchiveRelocationMode: 0.
[0.041s][info][gc,metaspace] Compressed class space mapped at: 0x0000000801000000-0x0000000841000000, reserved size: 1073741824
[0.041s][info][gc,metaspace] Narrow klass base: 0x0000000800000000, Narrow klass shift: 0, Narrow klass range: 0x100000000
[0.509s][info][gc,start    ] GC(0) Pause Full (System.gc())
[0.510s][info][gc,task     ] GC(0) Using 7 workers of 33 for full compaction
[0.511s][info][gc,phases,start] GC(0) Phase 1: Mark live objects
[0.512s][info][gc,phases      ] GC(0) Phase 1: Mark live objects 1.601ms
[0.512s][info][gc,phases,start] GC(0) Phase 2: Prepare compaction
[0.513s][info][gc,phases      ] GC(0) Phase 2: Prepare compaction 0.798ms
[0.513s][info][gc,phases,start] GC(0) Phase 3: Adjust pointers
[0.514s][info][gc,phases      ] GC(0) Phase 3: Adjust pointers 0.907ms
[0.514s][info][gc,phases,start] GC(0) Phase 4: Compact heap
[0.515s][info][gc,phases      ] GC(0) Phase 4: Compact heap 1.084ms
[0.519s][info][gc,heap        ] GC(0) Eden regions: 7->0(8)
[0.519s][info][gc,heap        ] GC(0) Survivor regions: 0->0(0)
[0.519s][info][gc,heap        ] GC(0) Old regions: 0->7
[0.519s][info][gc,heap        ] GC(0) Archive regions: 0->0
[0.519s][info][gc,heap        ] GC(0) Humongous regions: 0->0
[0.519s][info][gc,metaspace   ] GC(0) Metaspace: 1304K(1536K)->1304K(1536K) NonClass: 1184K(1280K)->1184K(1280K) Class: 120K(256K)->120K(256K)
[0.519s][info][gc             ] GC(0) Pause Full (System.gc()) 6M->1M(24M) 9.677ms
[0.519s][info][gc,cpu         ] GC(0) User=0.09s Sys=0.02s Real=0.02s
[0.700s][info][gc,start       ] GC(1) Pause Young (Normal) (G1 Evacuation Pause)
[0.700s][info][gc,task        ] GC(1) Using 4 workers of 33 for evacuation
[0.702s][info][gc,phases      ] GC(1)   Pre Evacuate Collection Set: 0.1ms
[0.702s][info][gc,phases      ] GC(1)   Merge Heap Roots: 0.1ms
[0.702s][info][gc,phases      ] GC(1)   Evacuate Collection Set: 1.6ms
[0.703s][info][gc,phases      ] GC(1)   Post Evacuate Collection Set: 0.5ms
[0.703s][info][gc,phases      ] GC(1)   Other: 0.1ms
[0.703s][info][gc,heap        ] GC(1) Eden regions: 8->0(10)
[0.703s][info][gc,heap        ] GC(1) Survivor regions: 0->1(1)
[0.703s][info][gc,heap        ] GC(1) Old regions: 7->8
[0.703s][info][gc,heap        ] GC(1) Archive regions: 0->0
[0.703s][info][gc,heap        ] GC(1) Humongous regions: 0->0
[0.703s][info][gc,metaspace   ] GC(1) Metaspace: 3393K(3584K)->3393K(3584K) NonClass: 2955K(3072K)->2955K(3072K) Class: 438K(512K)->438K(512K)
[0.703s][info][gc             ] GC(1) Pause Young (Normal) (G1 Evacuation Pause) 9M->2M(24M) 2.784ms
[0.703s][info][gc,cpu         ] GC(1) User=0.00s Sys=0.00s Real=0.00s
[0.889s][info][gc,start       ] GC(2) Pause Young (Normal) (G1 Evacuation Pause)
[0.889s][info][gc,task        ] GC(2) Using 3 workers of 33 for evacuation
[0.895s][info][gc,phases      ] GC(2)   Pre Evacuate Collection Set: 0.1ms
[0.895s][info][gc,phases      ] GC(2)   Merge Heap Roots: 0.1ms
[0.895s][info][gc,phases      ] GC(2)   Evacuate Collection Set: 5.6ms
[0.895s][info][gc,phases      ] GC(2)   Post Evacuate Collection Set: 0.4ms
[0.895s][info][gc,phases      ] GC(2)   Other: 0.1ms
[0.895s][info][gc,heap        ] GC(2) Eden regions: 10->0(7)
[0.895s][info][gc,heap        ] GC(2) Survivor regions: 1->2(2)
[0.895s][info][gc,heap        ] GC(2) Old regions: 8->10
[0.895s][info][gc,heap        ] GC(2) Archive regions: 0->0
[0.895s][info][gc,heap        ] GC(2) Humongous regions: 0->0
[0.895s][info][gc,metaspace   ] GC(2) Metaspace: 6306K(6528K)->6306K(6528K) NonClass: 5482K(5568K)->5482K(5568K) Class: 823K(960K)->823K(960K)
[0.895s][info][gc             ] GC(2) Pause Young (Normal) (G1 Evacuation Pause) 12M->6M(24M) 6.657ms
[0.895s][info][gc,cpu         ] GC(2) User=0.06s Sys=0.00s Real=0.02s
[1.127s][info][gc,start       ] GC(3) Pause Young (Normal) (G1 Evacuation Pause)
[1.127s][info][gc,task        ] GC(3) Using 2 workers of 33 for evacuation
[1.145s][info][gc,phases      ] GC(3)   Pre Evacuate Collection Set: 0.0ms
[1.145s][info][gc,phases      ] GC(3)   Merge Heap Roots: 0.1ms
[1.145s][info][gc,phases      ] GC(3)   Evacuate Collection Set: 16.8ms
[1.145s][info][gc,phases      ] GC(3)   Post Evacuate Collection Set: 0.5ms
[1.145s][info][gc,phases      ] GC(3)   Other: 0.1ms
[1.145s][info][gc,heap        ] GC(3) Eden regions: 7->0(4)
[1.145s][info][gc,heap        ] GC(3) Survivor regions: 2->2(2)
[1.145s][info][gc,heap        ] GC(3) Old regions: 10->13
[1.145s][info][gc,heap        ] GC(3) Archive regions: 0->0
[1.145s][info][gc,heap        ] GC(3) Humongous regions: 0->0
[1.145s][info][gc,metaspace   ] GC(3) Metaspace: 8359K(8576K)->8359K(8576K) NonClass: 7367K(7488K)->7367K(7488K) Class: 991K(1088K)->991K(1088K)
[1.145s][info][gc             ] GC(3) Pause Young (Normal) (G1 Evacuation Pause) 13M->9M(24M) 18.172ms
[1.146s][info][gc,cpu         ] GC(3) User=0.08s Sys=0.00s Real=0.03s
[1.208s][info][gc,start       ] GC(4) Pause Young (Concurrent Start) (G1 Evacuation Pause)
[1.209s][info][gc,task        ] GC(4) Using 2 workers of 33 for evacuation
[1.216s][info][gc,phases      ] GC(4)   Pre Evacuate Collection Set: 0.2ms
[1.216s][info][gc,phases      ] GC(4)   Merge Heap Roots: 0.0ms
[1.216s][info][gc,phases      ] GC(4)   Evacuate Collection Set: 3.2ms
[1.216s][info][gc,phases      ] GC(4)   Post Evacuate Collection Set: 3.6ms
[1.216s][info][gc,phases      ] GC(4)   Other: 0.2ms
[1.216s][info][gc,heap        ] GC(4) Eden regions: 4->0(50)
[1.216s][info][gc,heap        ] GC(4) Survivor regions: 2->1(1)
[1.216s][info][gc,heap        ] GC(4) Old regions: 13->15
[1.216s][info][gc,heap        ] GC(4) Archive regions: 0->0
[1.216s][info][gc,heap        ] GC(4) Humongous regions: 0->0
[1.216s][info][gc,metaspace   ] GC(4) Metaspace: 8454K(8704K)->8454K(8704K) NonClass: 7461K(7616K)->7461K(7616K) Class: 993K(1088K)->993K(1088K)
[1.216s][info][gc             ] GC(4) Pause Young (Concurrent Start) (G1 Evacuation Pause) 13M->10M(268M) 7.597ms
[1.216s][info][gc,cpu         ] GC(4) User=0.00s Sys=0.00s Real=0.00s
[1.216s][info][gc             ] GC(5) Concurrent Mark Cycle
[1.216s][info][gc,marking     ] GC(5) Concurrent Scan Root Regions
[1.218s][info][gc,marking     ] GC(5) Concurrent Scan Root Regions 2.021ms
[1.218s][info][gc,marking     ] GC(5) Concurrent Mark
[1.218s][info][gc,marking     ] GC(5) Concurrent Mark From Roots
[1.219s][info][gc,task        ] GC(5) Using 8 workers of 8 for marking
[1.223s][info][gc,marking     ] GC(5) Concurrent Mark From Roots 4.863ms
[1.223s][info][gc,marking     ] GC(5) Concurrent Preclean
[1.223s][info][gc,marking     ] GC(5) Concurrent Preclean 0.055ms
[1.223s][info][gc,start       ] GC(5) Pause Remark
[1.227s][info][gc             ] GC(5) Pause Remark 10M->10M(57M) 3.162ms
[1.227s][info][gc,cpu         ] GC(5) User=0.00s Sys=0.00s Real=0.00s
[1.227s][info][gc,marking     ] GC(5) Concurrent Mark 8.464ms
[1.227s][info][gc,marking     ] GC(5) Concurrent Rebuild Remembered Sets and Scrub Regions
[1.232s][info][gc,marking     ] GC(5) Concurrent Rebuild Remembered Sets and Scrub Regions 4.917ms
[1.232s][info][gc,start       ] GC(5) Pause Cleanup
[1.232s][info][gc             ] GC(5) Pause Cleanup 10M->10M(57M) 0.253ms
[1.232s][info][gc,cpu         ] GC(5) User=0.00s Sys=0.00s Real=0.00s
[1.232s][info][gc,marking     ] GC(5) Concurrent Clear Claimed Marks
[1.232s][info][gc,marking     ] GC(5) Concurrent Clear Claimed Marks 0.035ms
[1.232s][info][gc,marking     ] GC(5) Concurrent Cleanup for Next Mark
[1.233s][info][gc,marking     ] GC(5) Concurrent Cleanup for Next Mark 0.549ms
[1.233s][info][gc             ] GC(5) Concurrent Mark Cycle 16.817ms
[2.205s][info][gc,start       ] GC(6) Pause Young (Prepare Mixed) (G1 Evacuation Pause)
[2.205s][info][gc,task        ] GC(6) Using 2 workers of 33 for evacuation
[2.224s][info][gc,phases      ] GC(6)   Pre Evacuate Collection Set: 0.1ms
[2.224s][info][gc,phases      ] GC(6)   Merge Heap Roots: 0.1ms
[2.224s][info][gc,phases      ] GC(6)   Evacuate Collection Set: 17.6ms
[2.224s][info][gc,phases      ] GC(6)   Post Evacuate Collection Set: 0.8ms
[2.224s][info][gc,phases      ] GC(6)   Other: 0.1ms
[2.224s][info][gc,heap        ] GC(6) Eden regions: 33->0(15)
[2.224s][info][gc,heap        ] GC(6) Survivor regions: 1->7(7)
[2.224s][info][gc,heap        ] GC(6) Old regions: 15->22
[2.224s][info][gc,heap        ] GC(6) Archive regions: 0->0
[2.224s][info][gc,heap        ] GC(6) Humongous regions: 8->5
[2.224s][info][gc,metaspace   ] GC(6) Metaspace: 11748K(11904K)->11748K(11904K) NonClass: 10486K(10560K)->10486K(10560K) Class: 1262K(1344K)->1262K(1344K)
[2.224s][info][gc             ] GC(6) Pause Young (Prepare Mixed) (G1 Evacuation Pause) 51M->28M(71M) 18.998ms
[2.224s][info][gc,cpu         ] GC(6) User=0.09s Sys=0.00s Real=0.02s
[2.626s][info][gc,heap,exit   ] Heap
[2.626s][info][gc,heap,exit   ]  garbage-first heap   total 72704K, used 46112K [0x00000000e0000000, 0x0000000100000000)
[2.626s][info][gc,heap,exit   ]   region size 1024K, 20 young (20480K), 7 survivors (7168K)
[2.626s][info][gc,heap,exit   ]  Metaspace       used 12012K, committed 12224K, reserved 1114112K
[2.626s][info][gc,heap,exit   ]   class space    used 1311K, committed 1408K, reserved 1048576K
