[0.018s][info][gc,init] CardTable entry size: 512
[0.018s][info][gc     ] Using Parallel
[0.021s][info][gc,init] Version: 20+36-2344 (release)
[0.021s][info][gc,init] CPUs: 48 total, 48 available
[0.021s][info][gc,init] Memory: 382G
[0.021s][info][gc,init] Large Page Support: Disabled
[0.021s][info][gc,init] NUMA Support: Disabled
[0.021s][info][gc,init] Compressed Oops: Enabled (32-bit)
[0.021s][info][gc,init] Alignments: Space 512K, Generation 512K, Heap 2M
[0.022s][info][gc,init] Heap Min Capacity: 8M
[0.022s][info][gc,init] Heap Initial Capacity: 512M
[0.022s][info][gc,init] Heap Max Capacity: 512M
[0.032s][info][gc,init] Pre-touch: Disabled
[0.032s][info][gc,init] Parallel Workers: 33
[0.033s][info][gc,metaspace] CDS archive(s) mapped at: [0x0000000800000000-0x0000000800c60000-0x0000000800c60000), size 12976128, SharedBaseAddress: 0x0000000800000000, ArchiveRelocationMode: 0.
[0.033s][info][gc,metaspace] Compressed class space mapped at: 0x0000000801000000-0x0000000841000000, reserved size: 1073741824
[0.033s][info][gc,metaspace] Narrow klass base: 0x0000000800000000, Narrow klass shift: 0, Narrow klass range: 0x100000000
[0.504s][info][gc,start    ] GC(0) Pause Young (System.gc())
[0.507s][info][gc,heap     ] GC(0) PSYoungGen: 26607K(153088K)->1757K(153088K) Eden: 26607K(131584K)->0K(131584K) From: 0K(21504K)->1757K(21504K)
[0.507s][info][gc,heap     ] GC(0) ParOldGen: 0K(349696K)->8K(349696K)
[0.507s][info][gc,metaspace] GC(0) Metaspace: 1305K(1536K)->1305K(1536K) NonClass: 1185K(1280K)->1185K(1280K) Class: 120K(256K)->120K(256K)
[0.507s][info][gc          ] GC(0) Pause Young (System.gc()) 25M->1M(491M) 3.320ms
[0.507s][info][gc,cpu      ] GC(0) User=0.00s Sys=0.00s Real=0.00s
[0.507s][info][gc,start    ] GC(1) Pause Full (System.gc())
[0.507s][info][gc,phases,start] GC(1) Marking Phase
[0.510s][info][gc,phases      ] GC(1) Marking Phase 2.877ms
[0.510s][info][gc,phases,start] GC(1) Summary Phase
[0.510s][info][gc,phases      ] GC(1) Summary Phase 0.031ms
[0.510s][info][gc,phases,start] GC(1) Adjust Roots
[0.511s][info][gc,phases      ] GC(1) Adjust Roots 1.083ms
[0.511s][info][gc,phases,start] GC(1) Compaction Phase
[0.516s][info][gc,phases      ] GC(1) Compaction Phase 4.247ms
[0.516s][info][gc,phases,start] GC(1) Post Compact
[0.516s][info][gc,phases      ] GC(1) Post Compact 0.220ms
[0.516s][info][gc,heap        ] GC(1) PSYoungGen: 1757K(153088K)->0K(153088K) Eden: 0K(131584K)->0K(131584K) From: 1757K(21504K)->0K(21504K)
[0.516s][info][gc,heap        ] GC(1) ParOldGen: 8K(349696K)->1581K(349696K)
[0.516s][info][gc,metaspace   ] GC(1) Metaspace: 1305K(1536K)->1305K(1536K) NonClass: 1185K(1280K)->1185K(1280K) Class: 120K(256K)->120K(256K)
[0.516s][info][gc             ] GC(1) Pause Full (System.gc()) 1M->1M(491M) 8.790ms
[0.516s][info][gc,cpu         ] GC(1) User=0.08s Sys=0.00s Real=0.02s
[2.582s][info][gc,heap,exit   ] Heap
[2.582s][info][gc,heap,exit   ]  PSYoungGen      total 153088K, used 102211K [0x00000000f5580000, 0x0000000100000000, 0x0000000100000000)
[2.582s][info][gc,heap,exit   ]   eden space 131584K, 77% used [0x00000000f5580000,0x00000000fb950c38,0x00000000fd600000)
[2.582s][info][gc,heap,exit   ]   from space 21504K, 0% used [0x00000000fd600000,0x00000000fd600000,0x00000000feb00000)
[2.582s][info][gc,heap,exit   ]   to   space 21504K, 0% used [0x00000000feb00000,0x00000000feb00000,0x0000000100000000)
[2.582s][info][gc,heap,exit   ]  ParOldGen       total 349696K, used 1581K [0x00000000e0000000, 0x00000000f5580000, 0x00000000f5580000)
[2.582s][info][gc,heap,exit   ]   object space 349696K, 0% used [0x00000000e0000000,0x00000000e018b4d0,0x00000000f5580000)
[2.582s][info][gc,heap,exit   ]  Metaspace       used 12023K, committed 12224K, reserved 1114112K
[2.582s][info][gc,heap,exit   ]   class space    used 1311K, committed 1408K, reserved 1048576K
