[0.017s][info][gc,init] CardTable entry size: 512
[0.017s][info][gc     ] Using Parallel
[0.023s][info][gc,init] Version: 20+36-2344 (release)
[0.023s][info][gc,init] CPUs: 48 total, 48 available
[0.023s][info][gc,init] Memory: 382G
[0.023s][info][gc,init] Large Page Support: Disabled
[0.023s][info][gc,init] NUMA Support: Disabled
[0.023s][info][gc,init] Compressed Oops: Enabled (32-bit)
[0.023s][info][gc,init] Alignments: Space 512K, Generation 512K, Heap 2M
[0.023s][info][gc,init] Heap Min Capacity: 8M
[0.023s][info][gc,init] Heap Initial Capacity: 1G
[0.023s][info][gc,init] Heap Max Capacity: 1G
[0.032s][info][gc,init] Pre-touch: Disabled
[0.032s][info][gc,init] Parallel Workers: 33
[0.034s][info][gc,metaspace] CDS archive(s) mapped at: [0x0000000800000000-0x0000000800c60000-0x0000000800c60000), size 12976128, SharedBaseAddress: 0x0000000800000000, ArchiveRelocationMode: 0.
[0.034s][info][gc,metaspace] Compressed class space mapped at: 0x0000000801000000-0x0000000841000000, reserved size: 1073741824
[0.034s][info][gc,metaspace] Narrow klass base: 0x0000000800000000, Narrow klass shift: 0, Narrow klass range: 0x100000000
[0.440s][info][gc,start    ] GC(0) Pause Young (System.gc())
[0.444s][info][gc,heap     ] GC(0) PSYoungGen: 47186K(305664K)->1987K(305664K) Eden: 47186K(262144K)->0K(262144K) From: 0K(43520K)->1987K(43520K)
[0.444s][info][gc,heap     ] GC(0) ParOldGen: 0K(699392K)->8K(699392K)
[0.444s][info][gc,metaspace] GC(0) Metaspace: 1305K(1536K)->1305K(1536K) NonClass: 1185K(1280K)->1185K(1280K) Class: 120K(256K)->120K(256K)
[0.444s][info][gc          ] GC(0) Pause Young (System.gc()) 46M->1M(981M) 4.258ms
[0.444s][info][gc,cpu      ] GC(0) User=0.00s Sys=0.00s Real=0.00s
[0.445s][info][gc,start    ] GC(1) Pause Full (System.gc())
[0.445s][info][gc,phases,start] GC(1) Marking Phase
[0.448s][info][gc,phases      ] GC(1) Marking Phase 3.396ms
[0.448s][info][gc,phases,start] GC(1) Summary Phase
[0.448s][info][gc,phases      ] GC(1) Summary Phase 0.031ms
[0.448s][info][gc,phases,start] GC(1) Adjust Roots
[0.449s][info][gc,phases      ] GC(1) Adjust Roots 1.244ms
[0.449s][info][gc,phases,start] GC(1) Compaction Phase
[0.455s][info][gc,phases      ] GC(1) Compaction Phase 5.378ms
[0.455s][info][gc,phases,start] GC(1) Post Compact
[0.455s][info][gc,phases      ] GC(1) Post Compact 0.329ms
[0.455s][info][gc,heap        ] GC(1) PSYoungGen: 1987K(305664K)->0K(305664K) Eden: 0K(262144K)->0K(262144K) From: 1987K(43520K)->0K(43520K)
[0.455s][info][gc,heap        ] GC(1) ParOldGen: 8K(699392K)->1581K(699392K)
[0.455s][info][gc,metaspace   ] GC(1) Metaspace: 1305K(1536K)->1305K(1536K) NonClass: 1185K(1280K)->1185K(1280K) Class: 120K(256K)->120K(256K)
[0.455s][info][gc             ] GC(1) Pause Full (System.gc()) 1M->1M(981M) 10.698ms
[0.455s][info][gc,cpu         ] GC(1) User=0.02s Sys=0.00s Real=0.02s
[2.477s][info][gc,heap,exit   ] Heap
[2.477s][info][gc,heap,exit   ]  PSYoungGen      total 305664K, used 122826K [0x00000000eab00000, 0x0000000100000000, 0x0000000100000000)
[2.477s][info][gc,heap,exit   ]   eden space 262144K, 46% used [0x00000000eab00000,0x00000000f22f2850,0x00000000fab00000)
[2.477s][info][gc,heap,exit   ]   from space 43520K, 0% used [0x00000000fab00000,0x00000000fab00000,0x00000000fd580000)
[2.477s][info][gc,heap,exit   ]   to   space 43520K, 0% used [0x00000000fd580000,0x00000000fd580000,0x0000000100000000)
[2.477s][info][gc,heap,exit   ]  ParOldGen       total 699392K, used 1581K [0x00000000c0000000, 0x00000000eab00000, 0x00000000eab00000)
[2.477s][info][gc,heap,exit   ]   object space 699392K, 0% used [0x00000000c0000000,0x00000000c018b418,0x00000000eab00000)
[2.478s][info][gc,heap,exit   ]  Metaspace       used 12027K, committed 12224K, reserved 1114112K
[2.478s][info][gc,heap,exit   ]   class space    used 1311K, committed 1408K, reserved 1048576K
