[0.016s][info][gc,init] CardTable entry size: 512
[0.016s][info][gc     ] Using Serial
[0.019s][info][gc,init] Version: 20+36-2344 (release)
[0.019s][info][gc,init] CPUs: 48 total, 48 available
[0.019s][info][gc,init] Memory: 382G
[0.019s][info][gc,init] Large Page Support: Disabled
[0.019s][info][gc,init] NUMA Support: Disabled
[0.019s][info][gc,init] Compressed Oops: Enabled (32-bit)
[0.019s][info][gc,init] Heap Min Capacity: 8M
[0.019s][info][gc,init] Heap Initial Capacity: 512M
[0.019s][info][gc,init] Heap Max Capacity: 512M
[0.019s][info][gc,init] Pre-touch: Disabled
[0.029s][info][gc,metaspace] CDS archive(s) mapped at: [0x0000000800000000-0x0000000800c60000-0x0000000800c60000), size 12976128, SharedBaseAddress: 0x0000000800000000, ArchiveRelocationMode: 0.
[0.029s][info][gc,metaspace] Compressed class space mapped at: 0x0000000801000000-0x0000000841000000, reserved size: 1073741824
[0.029s][info][gc,metaspace] Narrow klass base: 0x0000000800000000, Narrow klass shift: 0, Narrow klass range: 0x100000000
[1.996s][info][gc,start    ] GC(0) Pause Full (System.gc())
[1.996s][info][gc,phases,start] GC(0) Phase 1: Mark live objects
[2.000s][info][gc,phases      ] GC(0) Phase 1: Mark live objects 4.470ms
[2.001s][info][gc,phases,start] GC(0) Phase 2: Compute new object addresses
[2.002s][info][gc,phases      ] GC(0) Phase 2: Compute new object addresses 1.799ms
[2.002s][info][gc,phases,start] GC(0) Phase 3: Adjust pointers
[2.005s][info][gc,phases      ] GC(0) Phase 3: Adjust pointers 2.335ms
[2.005s][info][gc,phases,start] GC(0) Phase 4: Move objects
[2.007s][info][gc,phases      ] GC(0) Phase 4: Move objects 2.002ms
[2.007s][info][gc,heap        ] GC(0) DefNew: 25458K(157248K)->0K(157248K) Eden: 25458K(139776K)->0K(139776K) From: 0K(17472K)->0K(17472K)
[2.007s][info][gc,heap        ] GC(0) Tenured: 0K(349568K)->1582K(349568K)
[2.007s][info][gc,metaspace   ] GC(0) Metaspace: 1309K(1536K)->1309K(1536K) NonClass: 1189K(1280K)->1189K(1280K) Class: 120K(256K)->120K(256K)
[2.007s][info][gc             ] GC(0) Pause Full (System.gc()) 24M->1M(494M) 11.272ms
[2.007s][info][gc,cpu         ] GC(0) User=0.00s Sys=0.00s Real=0.00s
[5.495s][info][gc,heap,exit   ] Heap
[5.495s][info][gc,heap,exit   ]  def new generation   total 157248K, used 102046K [0x00000000e0000000, 0x00000000eaaa0000, 0x00000000eaaa0000)
[5.495s][info][gc,heap,exit   ]   eden space 139776K,  73% used [0x00000000e0000000, 0x00000000e63a7960, 0x00000000e8880000)
[5.495s][info][gc,heap,exit   ]   from space 17472K,   0% used [0x00000000e8880000, 0x00000000e8880000, 0x00000000e9990000)
[5.495s][info][gc,heap,exit   ]   to   space 17472K,   0% used [0x00000000e9990000, 0x00000000e9990000, 0x00000000eaaa0000)
[5.495s][info][gc,heap,exit   ]  tenured generation   total 349568K, used 1582K [0x00000000eaaa0000, 0x0000000100000000, 0x0000000100000000)
[5.495s][info][gc,heap,exit   ]    the space 349568K,   0% used [0x00000000eaaa0000, 0x00000000eac2b818, 0x00000000eac2ba00, 0x0000000100000000)
[5.495s][info][gc,heap,exit   ]  Metaspace       used 12031K, committed 12224K, reserved 1114112K
[5.495s][info][gc,heap,exit   ]   class space    used 1311K, committed 1408K, reserved 1048576K
