[0.017s][info][gc,init] CardTable entry size: 512
[0.018s][info][gc     ] Using Serial
[0.026s][info][gc,init] Version: 20+36-2344 (release)
[0.026s][info][gc,init] CPUs: 48 total, 48 available
[0.026s][info][gc,init] Memory: 382G
[0.026s][info][gc,init] Large Page Support: Disabled
[0.026s][info][gc,init] NUMA Support: Disabled
[0.026s][info][gc,init] Compressed Oops: Enabled (32-bit)
[0.026s][info][gc,init] Heap Min Capacity: 8M
[0.026s][info][gc,init] Heap Initial Capacity: 2G
[0.026s][info][gc,init] Heap Max Capacity: 2G
[0.026s][info][gc,init] Pre-touch: Disabled
[0.035s][info][gc,metaspace] CDS archive(s) mapped at: [0x0000000800000000-0x0000000800c60000-0x0000000800c60000), size 12976128, SharedBaseAddress: 0x0000000800000000, ArchiveRelocationMode: 0.
[0.035s][info][gc,metaspace] Compressed class space mapped at: 0x0000000801000000-0x0000000841000000, reserved size: 1073741824
[0.036s][info][gc,metaspace] Narrow klass base: 0x0000000800000000, Narrow klass shift: 0, Narrow klass range: 0x100000000
[0.576s][info][gc,start    ] GC(0) Pause Full (System.gc())
[0.576s][info][gc,phases,start] GC(0) Phase 1: Mark live objects
[0.581s][info][gc,phases      ] GC(0) Phase 1: Mark live objects 4.330ms
[0.581s][info][gc,phases,start] GC(0) Phase 2: Compute new object addresses
[0.583s][info][gc,phases      ] GC(0) Phase 2: Compute new object addresses 1.683ms
[0.583s][info][gc,phases,start] GC(0) Phase 3: Adjust pointers
[0.585s][info][gc,phases      ] GC(0) Phase 3: Adjust pointers 2.249ms
[0.585s][info][gc,phases,start] GC(0) Phase 4: Move objects
[0.587s][info][gc,phases      ] GC(0) Phase 4: Move objects 2.155ms
[0.587s][info][gc,heap        ] GC(0) DefNew: 100662K(629120K)->0K(629120K) Eden: 100662K(559232K)->0K(559232K) From: 0K(69888K)->0K(69888K)
[0.587s][info][gc,heap        ] GC(0) Tenured: 0K(1398144K)->1581K(1398144K)
[0.587s][info][gc,metaspace   ] GC(0) Metaspace: 1304K(1536K)->1304K(1536K) NonClass: 1184K(1280K)->1184K(1280K) Class: 120K(256K)->120K(256K)
[0.587s][info][gc             ] GC(0) Pause Full (System.gc()) 98M->1M(1979M) 11.063ms
[0.587s][info][gc,cpu         ] GC(0) User=0.00s Sys=0.02s Real=0.02s
[2.513s][info][gc,heap,exit   ] Heap
[2.513s][info][gc,heap,exit   ]  def new generation   total 629120K, used 169768K [0x0000000080000000, 0x00000000aaaa0000, 0x00000000aaaa0000)
[2.513s][info][gc,heap,exit   ]   eden space 559232K,  30% used [0x0000000080000000, 0x000000008a5ca198, 0x00000000a2220000)
[2.513s][info][gc,heap,exit   ]   from space 69888K,   0% used [0x00000000a2220000, 0x00000000a2220000, 0x00000000a6660000)
[2.513s][info][gc,heap,exit   ]   to   space 69888K,   0% used [0x00000000a6660000, 0x00000000a6660000, 0x00000000aaaa0000)
[2.513s][info][gc,heap,exit   ]  tenured generation   total 1398144K, used 1581K [0x00000000aaaa0000, 0x0000000100000000, 0x0000000100000000)
[2.514s][info][gc,heap,exit   ]    the space 1398144K,   0% used [0x00000000aaaa0000, 0x00000000aac2b4d8, 0x00000000aac2b600, 0x0000000100000000)
[2.514s][info][gc,heap,exit   ]  Metaspace       used 12028K, committed 12224K, reserved 1114112K
[2.514s][info][gc,heap,exit   ]   class space    used 1311K, committed 1408K, reserved 1048576K
