[0.017s][info][gc,init] Initializing The Z Garbage Collector
[0.017s][info][gc,init] Version: 20+36-2344 (release)
[0.018s][info][gc,init] NUMA Support: Disabled
[0.018s][info][gc,init] CPUs: 48 total, 48 available
[0.018s][info][gc,init] Memory: 391843M
[0.018s][info][gc,init] Large Page Support: Disabled
[0.018s][info][gc,init] GC Workers: 12 (dynamic)
[0.020s][info][gc,init] Address Space Type: Contiguous/Unrestricted/Complete
[0.020s][info][gc,init] Address Space Size: 32768M x 3 = 98304M
[0.020s][info][gc,init] Min Capacity: 8M
[0.020s][info][gc,init] Initial Capacity: 2048M
[0.034s][info][gc,init] Max Capacity: 2048M
[0.034s][info][gc,init] Medium Page Size: 32M
[0.034s][info][gc,init] Pre-touch: Disabled
[0.035s][info][gc,init] Uncommit: Enabled
[0.035s][info][gc,init] Uncommit Delay: 300s
[0.129s][info][gc,init] Runtime Workers: 20
[0.131s][info][gc     ] Using The Z Garbage Collector
[0.133s][info][gc,metaspace] CDS archive(s) mapped at: [0x0000000800000000-0x0000000800c60000-0x0000000800c60000), size 12976128, SharedBaseAddress: 0x0000000800000000, ArchiveRelocationMode: 0.
[0.133s][info][gc,metaspace] Compressed class space mapped at: 0x0000000801000000-0x0000000841000000, reserved size: 1073741824
[0.133s][info][gc,metaspace] Narrow klass base: 0x0000000800000000, Narrow klass shift: 0, Narrow klass range: 0x100000000
[0.750s][info][gc,start    ] GC(0) Garbage Collection (System.gc())
[0.750s][info][gc,task     ] GC(0) Using 12 workers
[0.750s][info][gc,phases   ] GC(0) Pause Mark Start 0.013ms
[0.760s][info][gc,phases   ] GC(0) Concurrent Mark 9.777ms
[0.760s][info][gc,phases   ] GC(0) Pause Mark End 0.024ms
[0.760s][info][gc,phases   ] GC(0) Concurrent Mark Free 0.001ms
[0.761s][info][gc,phases   ] GC(0) Concurrent Process Non-Strong References 0.491ms
[0.761s][info][gc,phases   ] GC(0) Concurrent Reset Relocation Set 0.001ms
[0.776s][info][gc,phases   ] GC(0) Concurrent Select Relocation Set 15.272ms
[0.776s][info][gc,phases   ] GC(0) Pause Relocate Start 0.011ms
[0.779s][info][gc,phases   ] GC(0) Concurrent Relocate 2.558ms
[0.779s][info][gc,load     ] GC(0) Load: 0.00/0.00/0.00
[0.779s][info][gc,mmu      ] GC(0) MMU: 2ms/98.8%, 5ms/99.5%, 10ms/99.8%, 20ms/99.8%, 50ms/99.9%, 100ms/100.0%
[0.779s][info][gc,marking  ] GC(0) Mark: 8 stripe(s), 1 proactive flush(es), 1 terminate flush(es), 0 completion(s), 0 continuation(s) 
[0.779s][info][gc,marking  ] GC(0) Mark Stack Usage: 32M
[0.779s][info][gc,nmethod  ] GC(0) NMethods: 419 registered, 45 unregistered
[0.779s][info][gc,metaspace] GC(0) Metaspace: 1M used, 1M committed, 1088M reserved
[0.779s][info][gc,ref      ] GC(0) Soft: 59 encountered, 0 discovered, 0 enqueued
[0.779s][info][gc,ref      ] GC(0) Weak: 164 encountered, 75 discovered, 65 enqueued
[0.779s][info][gc,ref      ] GC(0) Final: 2 encountered, 2 discovered, 0 enqueued
[0.779s][info][gc,ref      ] GC(0) Phantom: 124 encountered, 85 discovered, 30 enqueued
[0.779s][info][gc,reloc    ] GC(0) Small Pages: 3 / 6M, Empty: 0M, Relocated: 1M, In-Place: 0
[0.779s][info][gc,reloc    ] GC(0) Medium Pages: 1 / 32M, Empty: 0M, Relocated: 0M, In-Place: 0
[0.779s][info][gc,reloc    ] GC(0) Large Pages: 0 / 0M, Empty: 0M, Relocated: 0M, In-Place: 0
[0.779s][info][gc,reloc    ] GC(0) Forwarding Usage: 0M
[0.779s][info][gc,heap     ] GC(0) Min Capacity: 8M(0%)
[0.779s][info][gc,heap     ] GC(0) Max Capacity: 2048M(100%)
[0.779s][info][gc,heap     ] GC(0) Soft Max Capacity: 2048M(100%)
[0.779s][info][gc,heap     ] GC(0)                Mark Start          Mark End        Relocate Start      Relocate End           High               Low         
[0.779s][info][gc,heap     ] GC(0)  Capacity:     2048M (100%)       2048M (100%)       2048M (100%)       2048M (100%)       2048M (100%)       2048M (100%)   
[0.779s][info][gc,heap     ] GC(0)      Free:     2010M (98%)        2010M (98%)        2008M (98%)        2008M (98%)        2010M (98%)        2002M (98%)    
[0.779s][info][gc,heap     ] GC(0)      Used:       38M (2%)           38M (2%)           40M (2%)           40M (2%)           46M (2%)           38M (2%)     
[0.779s][info][gc,heap     ] GC(0)      Live:         -                 1M (0%)            1M (0%)            1M (0%)             -                  -          
[0.779s][info][gc,heap     ] GC(0) Allocated:         -                 0M (0%)            2M (0%)            2M (0%)             -                  -          
[0.779s][info][gc,heap     ] GC(0)   Garbage:         -                36M (2%)           36M (2%)           36M (2%)             -                  -          
[0.780s][info][gc,heap     ] GC(0) Reclaimed:         -                  -                 0M (0%)            0M (0%)             -                  -          
[0.780s][info][gc          ] GC(0) Garbage Collection (System.gc()) 38M(2%)->40M(2%)
[2.927s][info][gc,heap,exit] Heap
[2.927s][info][gc,heap,exit]  ZHeap           used 156M, capacity 2048M, max capacity 2048M
[2.927s][info][gc,heap,exit]  Metaspace       used 12026K, committed 12224K, reserved 1114112K
[2.927s][info][gc,heap,exit]   class space    used 1310K, committed 1408K, reserved 1048576K
