[0.015s][info][gc,init] Initializing The Z Garbage Collector
[0.015s][info][gc,init] Version: 20+36-2344 (release)
[0.015s][info][gc,init] NUMA Support: Disabled
[0.015s][info][gc,init] CPUs: 48 total, 48 available
[0.016s][info][gc,init] Memory: 391843M
[0.016s][info][gc,init] Large Page Support: Disabled
[0.016s][info][gc,init] GC Workers: 5 (dynamic)
[0.017s][info][gc,init] Address Space Type: Contiguous/Unrestricted/Complete
[0.017s][info][gc,init] Address Space Size: 8192M x 3 = 24576M
[0.017s][info][gc,init] Min Capacity: 8M
[0.017s][info][gc,init] Initial Capacity: 512M
[0.026s][info][gc,init] Max Capacity: 512M
[0.026s][info][gc,init] Medium Page Size: 16M
[0.026s][info][gc,init] Pre-touch: Disabled
[0.026s][info][gc,init] Uncommit: Enabled
[0.026s][info][gc,init] Uncommit Delay: 300s
[0.058s][info][gc,init] Runtime Workers: 5
[0.059s][info][gc     ] Using The Z Garbage Collector
[0.060s][info][gc,metaspace] CDS archive(s) mapped at: [0x0000000800000000-0x0000000800c60000-0x0000000800c60000), size 12976128, SharedBaseAddress: 0x0000000800000000, ArchiveRelocationMode: 0.
[0.060s][info][gc,metaspace] Compressed class space mapped at: 0x0000000801000000-0x0000000841000000, reserved size: 1073741824
[0.060s][info][gc,metaspace] Narrow klass base: 0x0000000800000000, Narrow klass shift: 0, Narrow klass range: 0x100000000
[0.523s][info][gc,start    ] GC(0) Garbage Collection (System.gc())
[0.523s][info][gc,task     ] GC(0) Using 5 workers
[0.523s][info][gc,phases   ] GC(0) Pause Mark Start 0.013ms
[0.534s][info][gc,phases   ] GC(0) Concurrent Mark 9.926ms
[0.534s][info][gc,phases   ] GC(0) Pause Mark End 0.018ms
[0.534s][info][gc,phases   ] GC(0) Concurrent Mark Free 0.001ms
[0.534s][info][gc,phases   ] GC(0) Concurrent Process Non-Strong References 0.532ms
[0.534s][info][gc,phases   ] GC(0) Concurrent Reset Relocation Set 0.000ms
[0.545s][info][gc,phases   ] GC(0) Concurrent Select Relocation Set 10.882ms
[0.545s][info][gc,phases   ] GC(0) Pause Relocate Start 0.006ms
[0.548s][info][gc,phases   ] GC(0) Concurrent Relocate 2.434ms
[0.548s][info][gc,load     ] GC(0) Load: 0.00/0.00/0.00
[0.548s][info][gc,mmu      ] GC(0) MMU: 2ms/99.1%, 5ms/99.6%, 10ms/99.8%, 20ms/99.8%, 50ms/99.9%, 100ms/100.0%
[0.548s][info][gc,marking  ] GC(0) Mark: 4 stripe(s), 2 proactive flush(es), 1 terminate flush(es), 0 completion(s), 0 continuation(s) 
[0.548s][info][gc,marking  ] GC(0) Mark Stack Usage: 32M
[0.548s][info][gc,nmethod  ] GC(0) NMethods: 419 registered, 42 unregistered
[0.548s][info][gc,metaspace] GC(0) Metaspace: 1M used, 1M committed, 1088M reserved
[0.548s][info][gc,ref      ] GC(0) Soft: 59 encountered, 0 discovered, 0 enqueued
[0.548s][info][gc,ref      ] GC(0) Weak: 164 encountered, 70 discovered, 65 enqueued
[0.548s][info][gc,ref      ] GC(0) Final: 2 encountered, 0 discovered, 0 enqueued
[0.548s][info][gc,ref      ] GC(0) Phantom: 124 encountered, 67 discovered, 48 enqueued
[0.548s][info][gc,reloc    ] GC(0) Small Pages: 4 / 8M, Empty: 0M, Relocated: 1M, In-Place: 0
[0.548s][info][gc,reloc    ] GC(0) Medium Pages: 1 / 16M, Empty: 0M, Relocated: 0M, In-Place: 0
[0.548s][info][gc,reloc    ] GC(0) Large Pages: 0 / 0M, Empty: 0M, Relocated: 0M, In-Place: 0
[0.548s][info][gc,reloc    ] GC(0) Forwarding Usage: 0M
[0.548s][info][gc,heap     ] GC(0) Min Capacity: 8M(2%)
[0.548s][info][gc,heap     ] GC(0) Max Capacity: 512M(100%)
[0.548s][info][gc,heap     ] GC(0) Soft Max Capacity: 512M(100%)
[0.548s][info][gc,heap     ] GC(0)                Mark Start          Mark End        Relocate Start      Relocate End           High               Low         
[0.548s][info][gc,heap     ] GC(0)  Capacity:      512M (100%)        512M (100%)        512M (100%)        512M (100%)        512M (100%)        512M (100%)   
[0.548s][info][gc,heap     ] GC(0)      Free:      488M (95%)         488M (95%)         486M (95%)         486M (95%)         488M (95%)         478M (93%)    
[0.548s][info][gc,heap     ] GC(0)      Used:       24M (5%)           24M (5%)           26M (5%)           26M (5%)           34M (7%)           24M (5%)     
[0.549s][info][gc,heap     ] GC(0)      Live:         -                 1M (0%)            1M (0%)            1M (0%)             -                  -          
[0.549s][info][gc,heap     ] GC(0) Allocated:         -                 0M (0%)            2M (0%)            2M (0%)             -                  -          
[0.549s][info][gc,heap     ] GC(0)   Garbage:         -                22M (4%)           22M (4%)           22M (4%)             -                  -          
[0.549s][info][gc,heap     ] GC(0) Reclaimed:         -                  -                 0M (0%)            0M (0%)             -                  -          
[0.549s][info][gc          ] GC(0) Garbage Collection (System.gc()) 24M(5%)->26M(5%)
[1.197s][info][gc,start    ] GC(1) Garbage Collection (Warmup)
[1.197s][info][gc,task     ] GC(1) Using 5 workers
[1.198s][info][gc,phases   ] GC(1) Pause Mark Start 0.014ms
[1.229s][info][gc,phases   ] GC(1) Concurrent Mark 30.927ms
[1.229s][info][gc,phases   ] GC(1) Pause Mark End 0.016ms
[1.229s][info][gc,phases   ] GC(1) Concurrent Mark Free 0.001ms
[1.231s][info][gc,phases   ] GC(1) Concurrent Process Non-Strong References 2.134ms
[1.231s][info][gc,phases   ] GC(1) Concurrent Reset Relocation Set 0.001ms
[1.236s][info][gc,phases   ] GC(1) Concurrent Select Relocation Set 4.500ms
[1.236s][info][gc,phases   ] GC(1) Pause Relocate Start 0.009ms
[1.241s][info][gc,phases   ] GC(1) Concurrent Relocate 4.724ms
[1.241s][info][gc,load     ] GC(1) Load: 0.00/0.00/0.00
[1.241s][info][gc,mmu      ] GC(1) MMU: 2ms/99.1%, 5ms/99.6%, 10ms/99.7%, 20ms/99.8%, 50ms/99.9%, 100ms/100.0%
[1.241s][info][gc,marking  ] GC(1) Mark: 4 stripe(s), 3 proactive flush(es), 1 terminate flush(es), 0 completion(s), 0 continuation(s) 
[1.241s][info][gc,marking  ] GC(1) Mark Stack Usage: 32M
[1.241s][info][gc,nmethod  ] GC(1) NMethods: 1608 registered, 169 unregistered
[1.241s][info][gc,metaspace] GC(1) Metaspace: 8M used, 8M committed, 1088M reserved
[1.241s][info][gc,ref      ] GC(1) Soft: 158 encountered, 0 discovered, 0 enqueued
[1.241s][info][gc,ref      ] GC(1) Weak: 754 encountered, 88 discovered, 72 enqueued
[1.241s][info][gc,ref      ] GC(1) Final: 3 encountered, 0 discovered, 0 enqueued
[1.241s][info][gc,ref      ] GC(1) Phantom: 125 encountered, 106 discovered, 39 enqueued
[1.241s][info][gc,reloc    ] GC(1) Small Pages: 19 / 38M, Empty: 0M, Relocated: 5M, In-Place: 0
[1.241s][info][gc,reloc    ] GC(1) Medium Pages: 1 / 16M, Empty: 0M, Relocated: 0M, In-Place: 0
[1.241s][info][gc,reloc    ] GC(1) Large Pages: 0 / 0M, Empty: 0M, Relocated: 0M, In-Place: 0
[1.241s][info][gc,reloc    ] GC(1) Forwarding Usage: 1M
[1.241s][info][gc,heap     ] GC(1) Min Capacity: 8M(2%)
[1.241s][info][gc,heap     ] GC(1) Max Capacity: 512M(100%)
[1.241s][info][gc,heap     ] GC(1) Soft Max Capacity: 512M(100%)
[1.241s][info][gc,heap     ] GC(1)                Mark Start          Mark End        Relocate Start      Relocate End           High               Low         
[1.241s][info][gc,heap     ] GC(1)  Capacity:      512M (100%)        512M (100%)        512M (100%)        512M (100%)        512M (100%)        512M (100%)   
[1.241s][info][gc,heap     ] GC(1)      Free:      458M (89%)         454M (89%)         454M (89%)         472M (92%)         472M (92%)         444M (87%)    
[1.241s][info][gc,heap     ] GC(1)      Used:       54M (11%)          58M (11%)          58M (11%)          40M (8%)           68M (13%)          40M (8%)     
[1.241s][info][gc,heap     ] GC(1)      Live:         -                12M (2%)           12M (2%)           12M (2%)             -                  -          
[1.241s][info][gc,heap     ] GC(1) Allocated:         -                 4M (1%)            4M (1%)            3M (1%)             -                  -          
[1.241s][info][gc,heap     ] GC(1)   Garbage:         -                41M (8%)           41M (8%)           23M (5%)             -                  -          
[1.241s][info][gc,heap     ] GC(1) Reclaimed:         -                  -                 0M (0%)           17M (4%)             -                  -          
[1.242s][info][gc          ] GC(1) Garbage Collection (Warmup) 54M(11%)->40M(8%)
[2.300s][info][gc,start    ] GC(2) Garbage Collection (Warmup)
[2.300s][info][gc,task     ] GC(2) Using 5 workers
[2.300s][info][gc,phases   ] GC(2) Pause Mark Start 0.015ms
[2.331s][info][gc,phases   ] GC(2) Concurrent Mark 30.813ms
[2.331s][info][gc,phases   ] GC(2) Pause Mark End 0.011ms
[2.331s][info][gc,phases   ] GC(2) Concurrent Mark Free 0.001ms
[2.334s][info][gc,phases   ] GC(2) Concurrent Process Non-Strong References 3.271ms
[2.334s][info][gc,phases   ] GC(2) Concurrent Reset Relocation Set 0.003ms
[2.341s][info][gc,phases   ] GC(2) Concurrent Select Relocation Set 6.861ms
[2.342s][info][gc,phases   ] GC(2) Pause Relocate Start 0.005ms
[2.349s][info][gc,phases   ] GC(2) Concurrent Relocate 7.279ms
[2.349s][info][gc,load     ] GC(2) Load: 0.00/0.00/0.00
[2.349s][info][gc,mmu      ] GC(2) MMU: 2ms/99.1%, 5ms/99.6%, 10ms/99.7%, 20ms/99.8%, 50ms/99.9%, 100ms/100.0%
[2.349s][info][gc,marking  ] GC(2) Mark: 4 stripe(s), 2 proactive flush(es), 1 terminate flush(es), 0 completion(s), 0 continuation(s) 
[2.349s][info][gc,marking  ] GC(2) Mark Stack Usage: 32M
[2.349s][info][gc,nmethod  ] GC(2) NMethods: 2764 registered, 398 unregistered
[2.349s][info][gc,metaspace] GC(2) Metaspace: 11M used, 11M committed, 1088M reserved
[2.349s][info][gc,ref      ] GC(2) Soft: 1216 encountered, 0 discovered, 0 enqueued
[2.349s][info][gc,ref      ] GC(2) Weak: 843 encountered, 410 discovered, 32 enqueued
[2.349s][info][gc,ref      ] GC(2) Final: 4 encountered, 1 discovered, 0 enqueued
[2.349s][info][gc,ref      ] GC(2) Phantom: 122 encountered, 107 discovered, 15 enqueued
[2.349s][info][gc,reloc    ] GC(2) Small Pages: 38 / 76M, Empty: 0M, Relocated: 15M, In-Place: 0
[2.349s][info][gc,reloc    ] GC(2) Medium Pages: 2 / 32M, Empty: 0M, Relocated: 3M, In-Place: 0
[2.350s][info][gc,reloc    ] GC(2) Large Pages: 0 / 0M, Empty: 0M, Relocated: 0M, In-Place: 0
[2.350s][info][gc,reloc    ] GC(2) Forwarding Usage: 4M
[2.350s][info][gc,heap     ] GC(2) Min Capacity: 8M(2%)
[2.350s][info][gc,heap     ] GC(2) Max Capacity: 512M(100%)
[2.350s][info][gc,heap     ] GC(2) Soft Max Capacity: 512M(100%)
[2.350s][info][gc,heap     ] GC(2)                Mark Start          Mark End        Relocate Start      Relocate End           High               Low         
[2.350s][info][gc,heap     ] GC(2)  Capacity:      512M (100%)        512M (100%)        512M (100%)        512M (100%)        512M (100%)        512M (100%)   
[2.350s][info][gc,heap     ] GC(2)      Free:      404M (79%)         386M (75%)         384M (75%)         436M (85%)         436M (85%)         362M (71%)    
[2.350s][info][gc,heap     ] GC(2)      Used:      108M (21%)         126M (25%)         128M (25%)          76M (15%)         150M (29%)          76M (15%)    
[2.350s][info][gc,heap     ] GC(2)      Live:         -                32M (6%)           32M (6%)           32M (6%)             -                  -          
[2.350s][info][gc,heap     ] GC(2) Allocated:         -                18M (4%)           20M (4%)           19M (4%)             -                  -          
[2.350s][info][gc,heap     ] GC(2)   Garbage:         -                75M (15%)          75M (15%)          23M (5%)             -                  -          
[2.350s][info][gc,heap     ] GC(2) Reclaimed:         -                  -                 0M (0%)           51M (10%)            -                  -          
[2.350s][info][gc          ] GC(2) Garbage Collection (Warmup) 108M(21%)->76M(15%)
[2.587s][info][gc,heap,exit] Heap
[2.587s][info][gc,heap,exit]  ZHeap           used 76M, capacity 512M, max capacity 512M
[2.587s][info][gc,heap,exit]  Metaspace       used 12007K, committed 12224K, reserved 1114112K
[2.587s][info][gc,heap,exit]   class space    used 1308K, committed 1408K, reserved 1048576K
