[0.017s][info][gc] Using Epsilon
[0.121s][info][gc,init] Version: 20+36-2344 (release)
[0.121s][info][gc,init] CPUs: 48 total, 48 available
[0.121s][info][gc,init] Memory: 382G
[0.121s][info][gc,init] Large Page Support: Disabled
[0.121s][info][gc,init] NUMA Support: Disabled
[0.121s][info][gc,init] Compressed Oops: Enabled (32-bit)
[0.121s][info][gc,init] Heap Min Capacity: 6656K
[0.121s][info][gc,init] Heap Initial Capacity: 2G
[0.121s][info][gc,init] Heap Max Capacity: 2G
[0.121s][info][gc,init] Pre-touch: Disabled
[0.121s][warning][gc,init] Consider enabling -XX:+AlwaysPreTouch to avoid memory commit hiccups
[0.147s][info   ][gc,init] TLAB Size Max: 4M
[0.147s][info   ][gc,init] TLAB Size Elasticity: 1.10x
[0.147s][info   ][gc,init] TLAB Size Decay Time: 1000ms
[0.149s][info   ][gc,metaspace] CDS archive(s) mapped at: [0x0000000800000000-0x0000000800c60000-0x0000000800c60000), size 12976128, SharedBaseAddress: 0x0000000800000000, ArchiveRelocationMode: 0.
[0.149s][info   ][gc,metaspace] Compressed class space mapped at: 0x0000000801000000-0x0000000841000000, reserved size: 1073741824
[0.149s][info   ][gc,metaspace] Narrow klass base: 0x0000000800000000, Narrow klass shift: 0, Narrow klass range: 0x100000000
[0.799s][info   ][gc          ] GC request for "System.gc()" is ignored
[1.226s][info   ][gc          ] Heap: 2048M reserved, 2048M (100.00%) committed, 102M (5.00%) used
[1.226s][info   ][gc,metaspace] Metaspace: 1088M reserved, 2880K (0.26%) committed, 2707K (0.24%) used
[1.291s][info   ][gc          ] Heap: 2048M reserved, 2048M (100.00%) committed, 205M (10.02%) used
[1.291s][info   ][gc,metaspace] Metaspace: 1088M reserved, 2944K (0.26%) committed, 2740K (0.25%) used
[1.357s][info   ][gc          ] Heap: 2048M reserved, 2048M (100.00%) committed, 307M (15.02%) used
[1.357s][info   ][gc,metaspace] Metaspace: 1088M reserved, 2944K (0.26%) committed, 2742K (0.25%) used
[1.417s][info   ][gc          ] Heap: 2048M reserved, 2048M (100.00%) committed, 410M (20.03%) used
[1.417s][info   ][gc,metaspace] Metaspace: 1088M reserved, 2944K (0.26%) committed, 2745K (0.25%) used
[1.479s][info   ][gc          ] Heap: 2048M reserved, 2048M (100.00%) committed, 513M (25.08%) used
[1.479s][info   ][gc,metaspace] Metaspace: 1088M reserved, 2944K (0.26%) committed, 2745K (0.25%) used
[1.549s][info   ][gc          ] Heap: 2048M reserved, 2048M (100.00%) committed, 616M (30.11%) used
[1.549s][info   ][gc,metaspace] Metaspace: 1088M reserved, 2944K (0.26%) committed, 2766K (0.25%) used
[1.623s][info   ][gc          ] Heap: 2048M reserved, 2048M (100.00%) committed, 720M (35.18%) used
[1.623s][info   ][gc,metaspace] Metaspace: 1088M reserved, 2944K (0.26%) committed, 2781K (0.25%) used
[1.688s][info   ][gc          ] Heap: 2048M reserved, 2048M (100.00%) committed, 824M (40.25%) used
[1.688s][info   ][gc,metaspace] Metaspace: 1088M reserved, 2944K (0.26%) committed, 2784K (0.25%) used
[1.742s][info   ][gc          ] Heap: 2048M reserved, 2048M (100.00%) committed, 927M (45.31%) used
[1.742s][info   ][gc,metaspace] Metaspace: 1088M reserved, 3008K (0.27%) committed, 2810K (0.25%) used
[1.800s][info   ][gc          ] Heap: 2048M reserved, 2048M (100.00%) committed, 1030M (50.34%) used
[1.800s][info   ][gc,metaspace] Metaspace: 1088M reserved, 3008K (0.27%) committed, 2813K (0.25%) used
[1.850s][info   ][gc          ] Heap: 2048M reserved, 2048M (100.00%) committed, 1134M (55.39%) used
[1.850s][info   ][gc,metaspace] Metaspace: 1088M reserved, 3008K (0.27%) committed, 2814K (0.25%) used
[2.566s][info   ][gc,heap,exit] Heap
[2.566s][info   ][gc,heap,exit] Epsilon Heap
[2.566s][info   ][gc,heap,exit] Allocation space:
[2.566s][info   ][gc,heap,exit]  space 2097152K,  59% used [0x0000000080000000, 0x00000000cbd77738, 0x0000000100000000)
[2.566s][info   ][gc,heap,exit]  Metaspace       used 2910K, committed 3072K, reserved 1114112K
[2.566s][info   ][gc,heap,exit]   class space    used 238K, committed 320K, reserved 1048576K
[2.566s][info   ][gc          ] Heap: 2048M reserved, 2048M (100.00%) committed, 1213M (59.25%) used
[2.566s][info   ][gc,metaspace] Metaspace: 1088M reserved, 3072K (0.28%) committed, 2910K (0.26%) used
