[0.016s][info][gc] Using Epsilon
[0.022s][info][gc,init] Version: 20+36-2344 (release)
[0.022s][info][gc,init] CPUs: 48 total, 48 available
[0.022s][info][gc,init] Memory: 382G
[0.022s][info][gc,init] Large Page Support: Disabled
[0.022s][info][gc,init] NUMA Support: Disabled
[0.022s][info][gc,init] Compressed Oops: Enabled (Zero based)
[0.022s][info][gc,init] Heap Min Capacity: 6656K
[0.022s][info][gc,init] Heap Initial Capacity: 2G
[0.022s][info][gc,init] Heap Max Capacity: 4G
[0.022s][info][gc,init] Pre-touch: Disabled
[0.022s][warning][gc,init] Consider setting -Xms equal to -Xmx to avoid resizing hiccups
[0.033s][warning][gc,init] Consider enabling -XX:+AlwaysPreTouch to avoid memory commit hiccups
[0.033s][info   ][gc,init] TLAB Size Max: 4M
[0.033s][info   ][gc,init] TLAB Size Elasticity: 1.10x
[0.033s][info   ][gc,init] TLAB Size Decay Time: 1000ms
[0.034s][info   ][gc,metaspace] CDS archive(s) mapped at: [0x0000000800000000-0x0000000800c60000-0x0000000800c60000), size 12976128, SharedBaseAddress: 0x0000000800000000, ArchiveRelocationMode: 0.
[0.034s][info   ][gc,metaspace] Compressed class space mapped at: 0x0000000801000000-0x0000000841000000, reserved size: 1073741824
[0.034s][info   ][gc,metaspace] Narrow klass base: 0x0000000800000000, Narrow klass shift: 0, Narrow klass range: 0x100000000
[0.802s][info   ][gc          ] GC request for "System.gc()" is ignored
[1.303s][info   ][gc          ] Heap: 4096M reserved, 2048M (50.00%) committed, 204M (5.00%) used
[1.303s][info   ][gc,metaspace] Metaspace: 1088M reserved, 2944K (0.26%) committed, 2746K (0.25%) used
[1.432s][info   ][gc          ] Heap: 4096M reserved, 2048M (50.00%) committed, 409M (10.01%) used
[1.432s][info   ][gc,metaspace] Metaspace: 1088M reserved, 2944K (0.26%) committed, 2753K (0.25%) used
[1.560s][info   ][gc          ] Heap: 4096M reserved, 2048M (50.00%) committed, 615M (15.03%) used
[1.560s][info   ][gc,metaspace] Metaspace: 1088M reserved, 2944K (0.26%) committed, 2762K (0.25%) used
[1.683s][info   ][gc          ] Heap: 4096M reserved, 2048M (50.00%) committed, 820M (20.03%) used
[1.683s][info   ][gc,metaspace] Metaspace: 1088M reserved, 2944K (0.26%) committed, 2790K (0.25%) used
[1.791s][info   ][gc          ] Heap: 4096M reserved, 2048M (50.00%) committed, 1025M (25.04%) used
[1.792s][info   ][gc,metaspace] Metaspace: 1088M reserved, 3008K (0.27%) committed, 2823K (0.25%) used
[2.544s][info   ][gc,heap,exit] Heap
[2.544s][info   ][gc,heap,exit] Epsilon Heap
[2.544s][info   ][gc,heap,exit] Allocation space:
[2.544s][info   ][gc,heap,exit]  space 2097152K,  59% used [0x0000000700000000, 0x000000074c3bb308, 0x0000000780000000)
[2.544s][info   ][gc,heap,exit]  Metaspace       used 2918K, committed 3072K, reserved 1114112K
[2.544s][info   ][gc,heap,exit]   class space    used 238K, committed 320K, reserved 1048576K
[2.544s][info   ][gc          ] Heap: 4096M reserved, 2048M (50.00%) committed, 1219M (29.78%) used
[2.544s][info   ][gc,metaspace] Metaspace: 1088M reserved, 3072K (0.28%) committed, 2918K (0.26%) used
