[0.018s][info][gc,init] CardTable entry size: 512
[0.019s][info][gc     ] Using G1
[0.035s][info][gc,init] Version: 20+36-2344 (release)
[0.035s][info][gc,init] CPUs: 48 total, 48 available
[0.035s][info][gc,init] Memory: 382G
[0.035s][info][gc,init] Large Page Support: Disabled
[0.035s][info][gc,init] NUMA Support: Disabled
[0.035s][info][gc,init] Compressed Oops: Enabled (Zero based)
[0.035s][info][gc,init] Heap Region Size: 2M
[0.035s][info][gc,init] Heap Min Capacity: 8M
[0.035s][info][gc,init] Heap Initial Capacity: 2G
[0.035s][info][gc,init] Heap Max Capacity: 4G
[0.042s][info][gc,init] Pre-touch: Disabled
[0.042s][info][gc,init] Parallel Workers: 33
[0.042s][info][gc,init] Concurrent Workers: 8
[0.042s][info][gc,init] Concurrent Refinement Workers: 33
[0.042s][info][gc,init] Periodic GC: Disabled
[0.043s][info][gc,metaspace] CDS archive(s) mapped at: [0x0000000800000000-0x0000000800c60000-0x0000000800c60000), size 12976128, SharedBaseAddress: 0x0000000800000000, ArchiveRelocationMode: 0.
[0.043s][info][gc,metaspace] Compressed class space mapped at: 0x0000000801000000-0x0000000841000000, reserved size: 1073741824
[0.043s][info][gc,metaspace] Narrow klass base: 0x0000000800000000, Narrow klass shift: 0, Narrow klass range: 0x100000000
[0.597s][info][gc,start    ] GC(0) Pause Full (System.gc())
[0.597s][info][gc,task     ] GC(0) Using 5 workers of 33 for full compaction
[0.598s][info][gc,phases,start] GC(0) Phase 1: Mark live objects
[0.600s][info][gc,phases      ] GC(0) Phase 1: Mark live objects 2.053ms
[0.600s][info][gc,phases,start] GC(0) Phase 2: Prepare compaction
[0.602s][info][gc,phases      ] GC(0) Phase 2: Prepare compaction 2.196ms
[0.602s][info][gc,phases,start] GC(0) Phase 3: Adjust pointers
[0.603s][info][gc,phases      ] GC(0) Phase 3: Adjust pointers 1.037ms
[0.603s][info][gc,phases,start] GC(0) Phase 4: Compact heap
[0.605s][info][gc,phases      ] GC(0) Phase 4: Compact heap 1.424ms
[0.615s][info][gc,heap        ] GC(0) Eden regions: 5->0(5)
[0.615s][info][gc,heap        ] GC(0) Survivor regions: 0->0(0)
[0.615s][info][gc,heap        ] GC(0) Old regions: 0->5
[0.615s][info][gc,heap        ] GC(0) Archive regions: 0->0
[0.615s][info][gc,heap        ] GC(0) Humongous regions: 0->0
[0.615s][info][gc,metaspace   ] GC(0) Metaspace: 1005K(1152K)->1005K(1152K) NonClass: 933K(1024K)->933K(1024K) Class: 72K(128K)->72K(128K)
[0.615s][info][gc             ] GC(0) Pause Full (System.gc()) 10M->1M(34M) 18.247ms
[0.615s][info][gc,cpu         ] GC(0) User=0.06s Sys=0.00s Real=0.02s
[0.860s][info][gc,start       ] GC(1) Pause Young (Normal) (G1 Evacuation Pause)
[0.862s][info][gc,task        ] GC(1) Using 33 workers of 33 for evacuation
[0.867s][info][gc,phases      ] GC(1)   Pre Evacuate Collection Set: 0.2ms
[0.867s][info][gc,phases      ] GC(1)   Merge Heap Roots: 0.2ms
[0.867s][info][gc,phases      ] GC(1)   Evacuate Collection Set: 3.1ms
[0.867s][info][gc,phases      ] GC(1)   Post Evacuate Collection Set: 1.1ms
[0.867s][info][gc,phases      ] GC(1)   Other: 2.1ms
[0.867s][info][gc,heap        ] GC(1) Eden regions: 5->0(6)
[0.867s][info][gc,heap        ] GC(1) Survivor regions: 0->1(1)
[0.867s][info][gc,heap        ] GC(1) Old regions: 5->6
[0.867s][info][gc,heap        ] GC(1) Archive regions: 0->0
[0.867s][info][gc,heap        ] GC(1) Humongous regions: 0->0
[0.867s][info][gc,metaspace   ] GC(1) Metaspace: 2116K(2240K)->2116K(2240K) NonClass: 1930K(1984K)->1930K(1984K) Class: 185K(256K)->185K(256K)
[0.867s][info][gc             ] GC(1) Pause Young (Normal) (G1 Evacuation Pause) 10M->3M(34M) 7.198ms
[0.867s][info][gc,cpu         ] GC(1) User=0.00s Sys=0.00s Real=0.01s
[0.976s][info][gc,start       ] GC(2) Pause Young (Normal) (G1 Evacuation Pause)
[0.976s][info][gc,task        ] GC(2) Using 33 workers of 33 for evacuation
[0.981s][info][gc,phases      ] GC(2)   Pre Evacuate Collection Set: 0.1ms
[0.981s][info][gc,phases      ] GC(2)   Merge Heap Roots: 0.1ms
[0.981s][info][gc,phases      ] GC(2)   Evacuate Collection Set: 4.8ms
[0.981s][info][gc,phases      ] GC(2)   Post Evacuate Collection Set: 0.4ms
[0.981s][info][gc,phases      ] GC(2)   Other: 0.1ms
[0.981s][info][gc,heap        ] GC(2) Eden regions: 6->0(3)
[0.981s][info][gc,heap        ] GC(2) Survivor regions: 1->1(1)
[0.981s][info][gc,heap        ] GC(2) Old regions: 6->8
[0.981s][info][gc,heap        ] GC(2) Archive regions: 0->0
[0.981s][info][gc,heap        ] GC(2) Humongous regions: 0->0
[0.981s][info][gc,metaspace   ] GC(2) Metaspace: 2659K(2816K)->2659K(2816K) NonClass: 2432K(2496K)->2432K(2496K) Class: 227K(320K)->227K(320K)
[0.981s][info][gc             ] GC(2) Pause Young (Normal) (G1 Evacuation Pause) 15M->7M(34M) 5.731ms
[0.981s][info][gc,cpu         ] GC(2) User=0.09s Sys=0.48s Real=0.01s
[0.997s][info][gc,start       ] GC(3) Pause Young (Concurrent Start) (G1 Evacuation Pause)
[0.998s][info][gc,task        ] GC(3) Using 33 workers of 33 for evacuation
[1.000s][info][gc,phases      ] GC(3)   Pre Evacuate Collection Set: 0.2ms
[1.000s][info][gc,phases      ] GC(3)   Merge Heap Roots: 0.1ms
[1.000s][info][gc,phases      ] GC(3)   Evacuate Collection Set: 1.6ms
[1.000s][info][gc,phases      ] GC(3)   Post Evacuate Collection Set: 0.2ms
[1.000s][info][gc,phases      ] GC(3)   Other: 0.1ms
[1.000s][info][gc,heap        ] GC(3) Eden regions: 3->0(3)
[1.000s][info][gc,heap        ] GC(3) Survivor regions: 1->1(1)
[1.000s][info][gc,heap        ] GC(3) Old regions: 8->9
[1.000s][info][gc,heap        ] GC(3) Archive regions: 0->0
[1.000s][info][gc,heap        ] GC(3) Humongous regions: 0->0
[1.000s][info][gc,metaspace   ] GC(3) Metaspace: 2681K(2880K)->2681K(2880K) NonClass: 2454K(2560K)->2454K(2560K) Class: 227K(320K)->227K(320K)
[1.000s][info][gc             ] GC(3) Pause Young (Concurrent Start) (G1 Evacuation Pause) 13M->8M(34M) 2.436ms
[1.000s][info][gc             ] GC(4) Concurrent Mark Cycle
[1.000s][info][gc,cpu         ] GC(3) User=0.00s Sys=0.00s Real=0.00s
[1.000s][info][gc,marking     ] GC(4) Concurrent Scan Root Regions
[1.001s][info][gc,marking     ] GC(4) Concurrent Scan Root Regions 1.254ms
[1.001s][info][gc,marking     ] GC(4) Concurrent Mark
[1.001s][info][gc,marking     ] GC(4) Concurrent Mark From Roots
[1.002s][info][gc,task        ] GC(4) Using 8 workers of 8 for marking
[1.025s][info][gc,start       ] GC(5) Pause Young (Normal) (G1 Evacuation Pause)
[1.025s][info][gc,task        ] GC(5) Using 33 workers of 33 for evacuation
[1.029s][info][gc,phases      ] GC(5)   Pre Evacuate Collection Set: 0.1ms
[1.029s][info][gc,phases      ] GC(5)   Merge Heap Roots: 0.1ms
[1.029s][info][gc,phases      ] GC(5)   Evacuate Collection Set: 0.4ms
[1.029s][info][gc,phases      ] GC(5)   Post Evacuate Collection Set: 3.4ms
[1.029s][info][gc,phases      ] GC(5)   Other: 0.1ms
[1.029s][info][gc,heap        ] GC(5) Eden regions: 3->0(27)
[1.029s][info][gc,heap        ] GC(5) Survivor regions: 1->1(1)
[1.029s][info][gc,heap        ] GC(5) Old regions: 9->9
[1.029s][info][gc,heap        ] GC(5) Archive regions: 0->0
[1.029s][info][gc,heap        ] GC(5) Humongous regions: 0->0
[1.029s][info][gc,metaspace   ] GC(5) Metaspace: 2683K(2880K)->2683K(2880K) NonClass: 2456K(2560K)->2456K(2560K) Class: 227K(320K)->227K(320K)
[1.029s][info][gc             ] GC(5) Pause Young (Normal) (G1 Evacuation Pause) 14M->8M(1042M) 4.364ms
[1.029s][info][gc,cpu         ] GC(5) User=0.00s Sys=0.00s Real=0.00s
[1.029s][info][gc,marking     ] GC(4) Concurrent Mark From Roots 27.821ms
[1.029s][info][gc,marking     ] GC(4) Concurrent Preclean
[1.029s][info][gc,marking     ] GC(4) Concurrent Preclean 0.080ms
[1.029s][info][gc,start       ] GC(4) Pause Remark
[1.031s][info][gc             ] GC(4) Pause Remark 8M->8M(74M) 1.154ms
[1.031s][info][gc,cpu         ] GC(4) User=0.00s Sys=0.00s Real=0.00s
[1.031s][info][gc,marking     ] GC(4) Concurrent Mark 29.347ms
[1.031s][info][gc,marking     ] GC(4) Concurrent Rebuild Remembered Sets and Scrub Regions
[1.032s][info][gc,marking     ] GC(4) Concurrent Rebuild Remembered Sets and Scrub Regions 1.708ms
[1.033s][info][gc,start       ] GC(4) Pause Cleanup
[1.033s][info][gc             ] GC(4) Pause Cleanup 9M->9M(74M) 0.180ms
[1.033s][info][gc,cpu         ] GC(4) User=0.00s Sys=0.00s Real=0.00s
[1.033s][info][gc,marking     ] GC(4) Concurrent Clear Claimed Marks
[1.033s][info][gc,marking     ] GC(4) Concurrent Clear Claimed Marks 0.031ms
[1.033s][info][gc,marking     ] GC(4) Concurrent Cleanup for Next Mark
[1.034s][info][gc,marking     ] GC(4) Concurrent Cleanup for Next Mark 0.520ms
[1.034s][info][gc             ] GC(4) Concurrent Mark Cycle 33.934ms
[1.087s][info][gc,start       ] GC(6) Pause Young (Prepare Mixed) (G1 Evacuation Pause)
[1.087s][info][gc,task        ] GC(6) Using 33 workers of 33 for evacuation
[1.089s][info][gc,phases      ] GC(6)   Pre Evacuate Collection Set: 0.1ms
[1.089s][info][gc,phases      ] GC(6)   Merge Heap Roots: 0.1ms
[1.089s][info][gc,phases      ] GC(6)   Evacuate Collection Set: 0.8ms
[1.089s][info][gc,phases      ] GC(6)   Post Evacuate Collection Set: 0.3ms
[1.089s][info][gc,phases      ] GC(6)   Other: 0.1ms
[1.089s][info][gc,heap        ] GC(6) Eden regions: 27->0(21)
[1.089s][info][gc,heap        ] GC(6) Survivor regions: 1->1(4)
[1.089s][info][gc,heap        ] GC(6) Old regions: 9->9
[1.089s][info][gc,heap        ] GC(6) Archive regions: 0->0
[1.089s][info][gc,heap        ] GC(6) Humongous regions: 0->0
[1.089s][info][gc,metaspace   ] GC(6) Metaspace: 2685K(2880K)->2685K(2880K) NonClass: 2458K(2560K)->2458K(2560K) Class: 227K(320K)->227K(320K)
[1.089s][info][gc             ] GC(6) Pause Young (Prepare Mixed) (G1 Evacuation Pause) 62M->8M(76M) 1.593ms
[1.089s][info][gc,cpu         ] GC(6) User=0.00s Sys=0.00s Real=0.00s
[1.131s][info][gc,start       ] GC(7) Pause Young (Mixed) (G1 Evacuation Pause)
[1.132s][info][gc,task        ] GC(7) Using 33 workers of 33 for evacuation
[1.133s][info][gc,phases      ] GC(7)   Pre Evacuate Collection Set: 0.1ms
[1.133s][info][gc,phases      ] GC(7)   Merge Heap Roots: 0.1ms
[1.133s][info][gc,phases      ] GC(7)   Evacuate Collection Set: 1.0ms
[1.133s][info][gc,phases      ] GC(7)   Post Evacuate Collection Set: 0.4ms
[1.133s][info][gc,phases      ] GC(7)   Other: 0.1ms
[1.133s][info][gc,heap        ] GC(7) Eden regions: 21->0(21)
[1.133s][info][gc,heap        ] GC(7) Survivor regions: 1->1(3)
[1.133s][info][gc,heap        ] GC(7) Old regions: 9->6
[1.133s][info][gc,heap        ] GC(7) Archive regions: 0->0
[1.133s][info][gc,heap        ] GC(7) Humongous regions: 0->0
[1.133s][info][gc,metaspace   ] GC(7) Metaspace: 2697K(2880K)->2697K(2880K) NonClass: 2467K(2560K)->2467K(2560K) Class: 229K(320K)->229K(320K)
[1.133s][info][gc             ] GC(7) Pause Young (Mixed) (G1 Evacuation Pause) 50M->8M(76M) 1.895ms
[1.133s][info][gc,cpu         ] GC(7) User=0.00s Sys=0.00s Real=0.00s
[1.166s][info][gc,start       ] GC(8) Pause Young (Normal) (G1 Evacuation Pause)
[1.166s][info][gc,task        ] GC(8) Using 33 workers of 33 for evacuation
[1.167s][info][gc,phases      ] GC(8)   Pre Evacuate Collection Set: 0.1ms
[1.167s][info][gc,phases      ] GC(8)   Merge Heap Roots: 0.1ms
[1.167s][info][gc,phases      ] GC(8)   Evacuate Collection Set: 0.5ms
[1.167s][info][gc,phases      ] GC(8)   Post Evacuate Collection Set: 0.3ms
[1.167s][info][gc,phases      ] GC(8)   Other: 0.1ms
[1.167s][info][gc,heap        ] GC(8) Eden regions: 21->0(21)
[1.167s][info][gc,heap        ] GC(8) Survivor regions: 1->1(3)
[1.167s][info][gc,heap        ] GC(8) Old regions: 6->6
[1.167s][info][gc,heap        ] GC(8) Archive regions: 0->0
[1.167s][info][gc,heap        ] GC(8) Humongous regions: 0->0
[1.167s][info][gc,metaspace   ] GC(8) Metaspace: 2736K(2944K)->2736K(2944K) NonClass: 2501K(2624K)->2501K(2624K) Class: 235K(320K)->235K(320K)
[1.167s][info][gc             ] GC(8) Pause Young (Normal) (G1 Evacuation Pause) 50M->8M(76M) 1.326ms
[1.167s][info][gc,cpu         ] GC(8) User=0.00s Sys=0.00s Real=0.00s
[1.184s][info][gc,start       ] GC(9) Pause Young (Normal) (G1 Evacuation Pause)
[1.184s][info][gc,task        ] GC(9) Using 33 workers of 33 for evacuation
[1.192s][info][gc,phases      ] GC(9)   Pre Evacuate Collection Set: 0.1ms
[1.192s][info][gc,phases      ] GC(9)   Merge Heap Roots: 0.1ms
[1.192s][info][gc,phases      ] GC(9)   Evacuate Collection Set: 0.6ms
[1.192s][info][gc,phases      ] GC(9)   Post Evacuate Collection Set: 7.7ms
[1.192s][info][gc,phases      ] GC(9)   Other: 0.1ms
[1.192s][info][gc,heap        ] GC(9) Eden regions: 21->0(317)
[1.192s][info][gc,heap        ] GC(9) Survivor regions: 1->1(3)
[1.192s][info][gc,heap        ] GC(9) Old regions: 6->6
[1.192s][info][gc,heap        ] GC(9) Archive regions: 0->0
[1.192s][info][gc,heap        ] GC(9) Humongous regions: 0->0
[1.192s][info][gc,metaspace   ] GC(9) Metaspace: 2738K(2944K)->2738K(2944K) NonClass: 2503K(2624K)->2503K(2624K) Class: 235K(320K)->235K(320K)
[1.192s][info][gc             ] GC(9) Pause Young (Normal) (G1 Evacuation Pause) 50M->8M(1062M) 8.951ms
[1.193s][info][gc,cpu         ] GC(9) User=0.13s Sys=0.05s Real=0.02s
[1.634s][info][gc,start       ] GC(10) Pause Young (Normal) (G1 Evacuation Pause)
[1.634s][info][gc,task        ] GC(10) Using 33 workers of 33 for evacuation
[1.637s][info][gc,phases      ] GC(10)   Pre Evacuate Collection Set: 0.1ms
[1.637s][info][gc,phases      ] GC(10)   Merge Heap Roots: 0.2ms
[1.637s][info][gc,phases      ] GC(10)   Evacuate Collection Set: 2.1ms
[1.637s][info][gc,phases      ] GC(10)   Post Evacuate Collection Set: 0.8ms
[1.637s][info][gc,phases      ] GC(10)   Other: 0.2ms
[1.637s][info][gc,heap        ] GC(10) Eden regions: 317->0(316)
[1.637s][info][gc,heap        ] GC(10) Survivor regions: 1->2(40)
[1.637s][info][gc,heap        ] GC(10) Old regions: 6->6
[1.637s][info][gc,heap        ] GC(10) Archive regions: 0->0
[1.637s][info][gc,heap        ] GC(10) Humongous regions: 0->0
[1.637s][info][gc,metaspace   ] GC(10) Metaspace: 2799K(2944K)->2799K(2944K) NonClass: 2564K(2624K)->2564K(2624K) Class: 235K(320K)->235K(320K)
[1.637s][info][gc             ] GC(10) Pause Young (Normal) (G1 Evacuation Pause) 642M->10M(1062M) 3.630ms
[1.638s][info][gc,cpu         ] GC(10) User=0.00s Sys=0.00s Real=0.00s
[2.408s][info][gc,heap,exit   ] Heap
[2.408s][info][gc,heap,exit   ]  garbage-first heap   total 1087488K, used 346155K [0x0000000700000000, 0x0000000800000000)
[2.408s][info][gc,heap,exit   ]   region size 2048K, 166 young (339968K), 2 survivors (4096K)
[2.408s][info][gc,heap,exit   ]  Metaspace       used 2906K, committed 3072K, reserved 1114112K
[2.408s][info][gc,heap,exit   ]   class space    used 237K, committed 320K, reserved 1048576K
