[0.016s][info][gc,init] CardTable entry size: 512
[0.017s][info][gc     ] Using G1
[0.031s][info][gc,init] Version: 20+36-2344 (release)
[0.032s][info][gc,init] CPUs: 48 total, 48 available
[0.032s][info][gc,init] Memory: 382G
[0.032s][info][gc,init] Large Page Support: Disabled
[0.032s][info][gc,init] NUMA Support: Disabled
[0.032s][info][gc,init] Compressed Oops: Enabled (32-bit)
[0.032s][info][gc,init] Heap Region Size: 1M
[0.032s][info][gc,init] Heap Min Capacity: 8M
[0.032s][info][gc,init] Heap Initial Capacity: 1G
[0.032s][info][gc,init] Heap Max Capacity: 1G
[0.032s][info][gc,init] Pre-touch: Disabled
[0.041s][info][gc,init] Parallel Workers: 33
[0.042s][info][gc,init] Concurrent Workers: 8
[0.042s][info][gc,init] Concurrent Refinement Workers: 33
[0.042s][info][gc,init] Periodic GC: Disabled
[0.043s][info][gc,metaspace] CDS archive(s) mapped at: [0x0000000800000000-0x0000000800c60000-0x0000000800c60000), size 12976128, SharedBaseAddress: 0x0000000800000000, ArchiveRelocationMode: 0.
[0.043s][info][gc,metaspace] Compressed class space mapped at: 0x0000000801000000-0x0000000841000000, reserved size: 1073741824
[0.043s][info][gc,metaspace] Narrow klass base: 0x0000000800000000, Narrow klass shift: 0, Narrow klass range: 0x100000000
[0.515s][info][gc,start    ] GC(0) Pause Full (System.gc())
[0.516s][info][gc,task     ] GC(0) Using 6 workers of 33 for full compaction
[0.517s][info][gc,phases,start] GC(0) Phase 1: Mark live objects
[0.518s][info][gc,phases      ] GC(0) Phase 1: Mark live objects 1.618ms
[0.518s][info][gc,phases,start] GC(0) Phase 2: Prepare compaction
[0.520s][info][gc,phases      ] GC(0) Phase 2: Prepare compaction 1.564ms
[0.520s][info][gc,phases,start] GC(0) Phase 3: Adjust pointers
[0.521s][info][gc,phases      ] GC(0) Phase 3: Adjust pointers 0.911ms
[0.521s][info][gc,phases,start] GC(0) Phase 4: Compact heap
[0.521s][info][gc,phases      ] GC(0) Phase 4: Compact heap 0.652ms
[0.528s][info][gc,heap        ] GC(0) Eden regions: 6->0(6)
[0.528s][info][gc,heap        ] GC(0) Survivor regions: 0->0(0)
[0.528s][info][gc,heap        ] GC(0) Old regions: 0->6
[0.528s][info][gc,heap        ] GC(0) Archive regions: 0->0
[0.528s][info][gc,heap        ] GC(0) Humongous regions: 0->0
[0.528s][info][gc,metaspace   ] GC(0) Metaspace: 1005K(1152K)->1005K(1152K) NonClass: 933K(1024K)->933K(1024K) Class: 72K(128K)->72K(128K)
[0.528s][info][gc             ] GC(0) Pause Full (System.gc()) 6M->1M(20M) 12.308ms
[0.528s][info][gc,cpu         ] GC(0) User=0.00s Sys=0.09s Real=0.02s
[0.698s][info][gc,start       ] GC(1) Pause Young (Normal) (G1 Evacuation Pause)
[0.700s][info][gc,task        ] GC(1) Using 33 workers of 33 for evacuation
[0.704s][info][gc,phases      ] GC(1)   Pre Evacuate Collection Set: 0.1ms
[0.704s][info][gc,phases      ] GC(1)   Merge Heap Roots: 0.1ms
[0.704s][info][gc,phases      ] GC(1)   Evacuate Collection Set: 2.9ms
[0.704s][info][gc,phases      ] GC(1)   Post Evacuate Collection Set: 1.1ms
[0.705s][info][gc,phases      ] GC(1)   Other: 1.9ms
[0.705s][info][gc,heap        ] GC(1) Eden regions: 6->0(7)
[0.705s][info][gc,heap        ] GC(1) Survivor regions: 0->1(1)
[0.705s][info][gc,heap        ] GC(1) Old regions: 6->7
[0.705s][info][gc,heap        ] GC(1) Archive regions: 0->0
[0.705s][info][gc,heap        ] GC(1) Humongous regions: 0->0
[0.705s][info][gc,metaspace   ] GC(1) Metaspace: 2016K(2176K)->2016K(2176K) NonClass: 1841K(1920K)->1841K(1920K) Class: 174K(256K)->174K(256K)
[0.705s][info][gc             ] GC(1) Pause Young (Normal) (G1 Evacuation Pause) 7M->2M(20M) 6.716ms
[0.705s][info][gc,cpu         ] GC(1) User=0.00s Sys=0.00s Real=0.00s
[0.833s][info][gc,start       ] GC(2) Pause Young (Normal) (G1 Evacuation Pause)
[0.833s][info][gc,task        ] GC(2) Using 33 workers of 33 for evacuation
[0.839s][info][gc,phases      ] GC(2)   Pre Evacuate Collection Set: 0.1ms
[0.839s][info][gc,phases      ] GC(2)   Merge Heap Roots: 0.1ms
[0.839s][info][gc,phases      ] GC(2)   Evacuate Collection Set: 5.4ms
[0.839s][info][gc,phases      ] GC(2)   Post Evacuate Collection Set: 0.4ms
[0.839s][info][gc,phases      ] GC(2)   Other: 0.1ms
[0.839s][info][gc,heap        ] GC(2) Eden regions: 7->0(2)
[0.839s][info][gc,heap        ] GC(2) Survivor regions: 1->1(1)
[0.839s][info][gc,heap        ] GC(2) Old regions: 7->12
[0.839s][info][gc,heap        ] GC(2) Archive regions: 0->0
[0.839s][info][gc,heap        ] GC(2) Humongous regions: 0->0
[0.839s][info][gc,metaspace   ] GC(2) Metaspace: 2461K(2624K)->2461K(2624K) NonClass: 2241K(2304K)->2241K(2304K) Class: 220K(320K)->220K(320K)
[0.839s][info][gc             ] GC(2) Pause Young (Normal) (G1 Evacuation Pause) 9M->7M(21M) 6.259ms
[0.839s][info][gc,cpu         ] GC(2) User=0.06s Sys=0.02s Real=0.00s
[0.847s][info][gc,start       ] GC(3) Pause Young (Concurrent Start) (G1 Evacuation Pause)
[0.847s][info][gc,task        ] GC(3) Using 33 workers of 33 for evacuation
[0.849s][info][gc,phases      ] GC(3)   Pre Evacuate Collection Set: 0.2ms
[0.849s][info][gc,phases      ] GC(3)   Merge Heap Roots: 0.1ms
[0.849s][info][gc,phases      ] GC(3)   Evacuate Collection Set: 0.8ms
[0.849s][info][gc,phases      ] GC(3)   Post Evacuate Collection Set: 0.2ms
[0.849s][info][gc,phases      ] GC(3)   Other: 0.1ms
[0.849s][info][gc,heap        ] GC(3) Eden regions: 2->0(2)
[0.849s][info][gc,heap        ] GC(3) Survivor regions: 1->1(1)
[0.849s][info][gc,heap        ] GC(3) Old regions: 12->13
[0.849s][info][gc,heap        ] GC(3) Archive regions: 0->0
[0.849s][info][gc,heap        ] GC(3) Humongous regions: 0->0
[0.849s][info][gc,metaspace   ] GC(3) Metaspace: 2543K(2688K)->2543K(2688K) NonClass: 2318K(2368K)->2318K(2368K) Class: 225K(320K)->225K(320K)
[0.849s][info][gc             ] GC(3) Pause Young (Concurrent Start) (G1 Evacuation Pause) 9M->8M(21M) 1.515ms
[0.849s][info][gc             ] GC(4) Concurrent Mark Cycle
[0.849s][info][gc,cpu         ] GC(3) User=0.19s Sys=0.08s Real=0.00s
[0.849s][info][gc,marking     ] GC(4) Concurrent Scan Root Regions
[0.850s][info][gc,marking     ] GC(4) Concurrent Scan Root Regions 0.737ms
[0.850s][info][gc,marking     ] GC(4) Concurrent Mark
[0.850s][info][gc,marking     ] GC(4) Concurrent Mark From Roots
[0.851s][info][gc,task        ] GC(4) Using 8 workers of 8 for marking
[0.853s][info][gc,marking     ] GC(4) Concurrent Mark From Roots 3.640ms
[0.853s][info][gc,marking     ] GC(4) Concurrent Preclean
[0.854s][info][gc,marking     ] GC(4) Concurrent Preclean 0.066ms
[0.854s][info][gc,start       ] GC(4) Pause Remark
[0.855s][info][gc             ] GC(4) Pause Remark 9M->9M(27M) 1.208ms
[0.855s][info][gc,cpu         ] GC(4) User=0.00s Sys=0.00s Real=0.00s
[0.855s][info][gc,marking     ] GC(4) Concurrent Mark 5.212ms
[0.855s][info][gc,marking     ] GC(4) Concurrent Rebuild Remembered Sets and Scrub Regions
[0.856s][info][gc,marking     ] GC(4) Concurrent Rebuild Remembered Sets and Scrub Regions 1.194ms
[0.856s][info][gc,start       ] GC(4) Pause Cleanup
[0.856s][info][gc             ] GC(4) Pause Cleanup 9M->9M(27M) 0.086ms
[0.856s][info][gc,cpu         ] GC(4) User=0.00s Sys=0.00s Real=0.00s
[0.857s][info][gc,marking     ] GC(4) Concurrent Clear Claimed Marks
[0.857s][info][gc,marking     ] GC(4) Concurrent Clear Claimed Marks 0.044ms
[0.857s][info][gc,marking     ] GC(4) Concurrent Cleanup for Next Mark
[0.857s][info][gc,marking     ] GC(4) Concurrent Cleanup for Next Mark 0.163ms
[0.857s][info][gc             ] GC(4) Concurrent Mark Cycle 7.854ms
[0.859s][info][gc,start       ] GC(5) Pause Young (Prepare Mixed) (G1 Evacuation Pause)
[0.859s][info][gc,task        ] GC(5) Using 33 workers of 33 for evacuation
[0.863s][info][gc,phases      ] GC(5)   Pre Evacuate Collection Set: 0.1ms
[0.863s][info][gc,phases      ] GC(5)   Merge Heap Roots: 0.1ms
[0.863s][info][gc,phases      ] GC(5)   Evacuate Collection Set: 0.9ms
[0.863s][info][gc,phases      ] GC(5)   Post Evacuate Collection Set: 2.9ms
[0.863s][info][gc,phases      ] GC(5)   Other: 0.1ms
[0.863s][info][gc,heap        ] GC(5) Eden regions: 2->0(68)
[0.863s][info][gc,heap        ] GC(5) Survivor regions: 1->1(1)
[0.863s][info][gc,heap        ] GC(5) Old regions: 13->13
[0.863s][info][gc,heap        ] GC(5) Archive regions: 0->0
[0.863s][info][gc,heap        ] GC(5) Humongous regions: 0->0
[0.863s][info][gc,metaspace   ] GC(5) Metaspace: 2585K(2752K)->2585K(2752K) NonClass: 2358K(2432K)->2358K(2432K) Class: 227K(320K)->227K(320K)
[0.863s][info][gc             ] GC(5) Pause Young (Prepare Mixed) (G1 Evacuation Pause) 10M->8M(526M) 4.222ms
[0.863s][info][gc,cpu         ] GC(5) User=0.00s Sys=0.00s Real=0.00s
[0.963s][info][gc,start       ] GC(6) Pause Young (Mixed) (G1 Evacuation Pause)
[0.963s][info][gc,task        ] GC(6) Using 33 workers of 33 for evacuation
[0.965s][info][gc,phases      ] GC(6)   Pre Evacuate Collection Set: 0.1ms
[0.965s][info][gc,phases      ] GC(6)   Merge Heap Roots: 0.1ms
[0.965s][info][gc,phases      ] GC(6)   Evacuate Collection Set: 0.9ms
[0.965s][info][gc,phases      ] GC(6)   Post Evacuate Collection Set: 0.4ms
[0.965s][info][gc,phases      ] GC(6)   Other: 0.1ms
[0.965s][info][gc,heap        ] GC(6) Eden regions: 68->0(314)
[0.965s][info][gc,heap        ] GC(6) Survivor regions: 1->1(9)
[0.965s][info][gc,heap        ] GC(6) Old regions: 13->10
[0.965s][info][gc,heap        ] GC(6) Archive regions: 0->0
[0.965s][info][gc,heap        ] GC(6) Humongous regions: 0->0
[0.965s][info][gc,metaspace   ] GC(6) Metaspace: 2687K(2880K)->2687K(2880K) NonClass: 2459K(2560K)->2459K(2560K) Class: 228K(320K)->228K(320K)
[0.965s][info][gc             ] GC(6) Pause Young (Mixed) (G1 Evacuation Pause) 76M->8M(526M) 1.797ms
[0.965s][info][gc,cpu         ] GC(6) User=0.00s Sys=0.00s Real=0.00s
[1.205s][info][gc,start       ] GC(7) Pause Young (Normal) (G1 Evacuation Pause)
[1.205s][info][gc,task        ] GC(7) Using 33 workers of 33 for evacuation
[1.208s][info][gc,phases      ] GC(7)   Pre Evacuate Collection Set: 0.2ms
[1.208s][info][gc,phases      ] GC(7)   Merge Heap Roots: 0.2ms
[1.208s][info][gc,phases      ] GC(7)   Evacuate Collection Set: 1.7ms
[1.208s][info][gc,phases      ] GC(7)   Post Evacuate Collection Set: 0.4ms
[1.208s][info][gc,phases      ] GC(7)   Other: 0.2ms
[1.208s][info][gc,heap        ] GC(7) Eden regions: 314->0(313)
[1.208s][info][gc,heap        ] GC(7) Survivor regions: 1->2(40)
[1.208s][info][gc,heap        ] GC(7) Old regions: 10->10
[1.208s][info][gc,heap        ] GC(7) Archive regions: 0->0
[1.208s][info][gc,heap        ] GC(7) Humongous regions: 0->0
[1.208s][info][gc,metaspace   ] GC(7) Metaspace: 2743K(2944K)->2743K(2944K) NonClass: 2508K(2624K)->2508K(2624K) Class: 235K(320K)->235K(320K)
[1.208s][info][gc             ] GC(7) Pause Young (Normal) (G1 Evacuation Pause) 322M->9M(526M) 2.888ms
[1.208s][info][gc,cpu         ] GC(7) User=0.11s Sys=0.00s Real=0.00s
[1.325s][info][gc,start       ] GC(8) Pause Young (Normal) (G1 Evacuation Pause)
[1.326s][info][gc,task        ] GC(8) Using 33 workers of 33 for evacuation
[1.328s][info][gc,phases      ] GC(8)   Pre Evacuate Collection Set: 0.2ms
[1.328s][info][gc,phases      ] GC(8)   Merge Heap Roots: 0.2ms
[1.328s][info][gc,phases      ] GC(8)   Evacuate Collection Set: 1.5ms
[1.328s][info][gc,phases      ] GC(8)   Post Evacuate Collection Set: 0.4ms
[1.328s][info][gc,phases      ] GC(8)   Other: 0.1ms
[1.328s][info][gc,heap        ] GC(8) Eden regions: 313->0(313)
[1.328s][info][gc,heap        ] GC(8) Survivor regions: 2->2(40)
[1.328s][info][gc,heap        ] GC(8) Old regions: 10->10
[1.328s][info][gc,heap        ] GC(8) Archive regions: 0->0
[1.328s][info][gc,heap        ] GC(8) Humongous regions: 0->0
[1.328s][info][gc,metaspace   ] GC(8) Metaspace: 2780K(2944K)->2780K(2944K) NonClass: 2545K(2624K)->2545K(2624K) Class: 235K(320K)->235K(320K)
[1.328s][info][gc             ] GC(8) Pause Young (Normal) (G1 Evacuation Pause) 322M->9M(526M) 2.586ms
[1.328s][info][gc,cpu         ] GC(8) User=0.09s Sys=0.03s Real=0.02s
[1.467s][info][gc,start       ] GC(9) Pause Young (Normal) (G1 Evacuation Pause)
[1.467s][info][gc,task        ] GC(9) Using 32 workers of 33 for evacuation
[1.471s][info][gc,phases      ] GC(9)   Pre Evacuate Collection Set: 0.2ms
[1.471s][info][gc,phases      ] GC(9)   Merge Heap Roots: 0.2ms
[1.471s][info][gc,phases      ] GC(9)   Evacuate Collection Set: 3.1ms
[1.472s][info][gc,phases      ] GC(9)   Post Evacuate Collection Set: 1.0ms
[1.472s][info][gc,phases      ] GC(9)   Other: 0.2ms
[1.472s][info][gc,heap        ] GC(9) Eden regions: 313->0(310)
[1.472s][info][gc,heap        ] GC(9) Survivor regions: 2->5(40)
[1.472s][info][gc,heap        ] GC(9) Old regions: 10->10
[1.472s][info][gc,heap        ] GC(9) Archive regions: 0->0
[1.472s][info][gc,heap        ] GC(9) Humongous regions: 0->0
[1.472s][info][gc,metaspace   ] GC(9) Metaspace: 2811K(3008K)->2811K(3008K) NonClass: 2576K(2688K)->2576K(2688K) Class: 235K(320K)->235K(320K)
[1.472s][info][gc             ] GC(9) Pause Young (Normal) (G1 Evacuation Pause) 322M->12M(526M) 4.867ms
[1.472s][info][gc,cpu         ] GC(9) User=0.17s Sys=0.44s Real=0.01s
[2.167s][info][gc,heap,exit   ] Heap
[2.167s][info][gc,heap,exit   ]  garbage-first heap   total 538624K, used 159764K [0x00000000c0000000, 0x0000000100000000)
[2.167s][info][gc,heap,exit   ]   region size 1024K, 149 young (152576K), 5 survivors (5120K)
[2.167s][info][gc,heap,exit   ]  Metaspace       used 2904K, committed 3072K, reserved 1114112K
[2.167s][info][gc,heap,exit   ]   class space    used 237K, committed 320K, reserved 1048576K
