[0.018s][info][gc,init] CardTable entry size: 512
[0.019s][info][gc     ] Using Parallel
[0.023s][info][gc,init] Version: 20+36-2344 (release)
[0.023s][info][gc,init] CPUs: 48 total, 48 available
[0.023s][info][gc,init] Memory: 382G
[0.023s][info][gc,init] Large Page Support: Disabled
[0.023s][info][gc,init] NUMA Support: Disabled
[0.023s][info][gc,init] Compressed Oops: Enabled (32-bit)
[0.024s][info][gc,init] Alignments: Space 512K, Generation 512K, Heap 2M
[0.024s][info][gc,init] Heap Min Capacity: 8M
[0.024s][info][gc,init] Heap Initial Capacity: 512M
[0.033s][info][gc,init] Heap Max Capacity: 512M
[0.033s][info][gc,init] Pre-touch: Disabled
[0.033s][info][gc,init] Parallel Workers: 33
[0.035s][info][gc,metaspace] CDS archive(s) mapped at: [0x0000000800000000-0x0000000800c60000-0x0000000800c60000), size 12976128, SharedBaseAddress: 0x0000000800000000, ArchiveRelocationMode: 0.
[0.035s][info][gc,metaspace] Compressed class space mapped at: 0x0000000801000000-0x0000000841000000, reserved size: 1073741824
[0.035s][info][gc,metaspace] Narrow klass base: 0x0000000800000000, Narrow klass shift: 0, Narrow klass range: 0x100000000
[0.680s][info][gc,start    ] GC(0) Pause Young (System.gc())
[0.683s][info][gc,heap     ] GC(0) PSYoungGen: 26319K(153088K)->1252K(153088K) Eden: 26319K(131584K)->0K(131584K) From: 0K(21504K)->1252K(21504K)
[0.683s][info][gc,heap     ] GC(0) ParOldGen: 0K(349696K)->8K(349696K)
[0.683s][info][gc,metaspace] GC(0) Metaspace: 1008K(1152K)->1008K(1152K) NonClass: 935K(1024K)->935K(1024K) Class: 72K(128K)->72K(128K)
[0.683s][info][gc          ] GC(0) Pause Young (System.gc()) 25M->1M(491M) 3.468ms
[0.683s][info][gc,cpu      ] GC(0) User=0.00s Sys=0.00s Real=0.00s
[0.683s][info][gc,start    ] GC(1) Pause Full (System.gc())
[0.683s][info][gc,phases,start] GC(1) Marking Phase
[0.686s][info][gc,phases      ] GC(1) Marking Phase 3.163ms
[0.686s][info][gc,phases,start] GC(1) Summary Phase
[0.686s][info][gc,phases      ] GC(1) Summary Phase 0.031ms
[0.687s][info][gc,phases,start] GC(1) Adjust Roots
[0.688s][info][gc,phases      ] GC(1) Adjust Roots 1.290ms
[0.688s][info][gc,phases,start] GC(1) Compaction Phase
[0.694s][info][gc,phases      ] GC(1) Compaction Phase 5.824ms
[0.694s][info][gc,phases,start] GC(1) Post Compact
[0.694s][info][gc,phases      ] GC(1) Post Compact 0.250ms
[0.694s][info][gc,heap        ] GC(1) PSYoungGen: 1252K(153088K)->0K(153088K) Eden: 0K(131584K)->0K(131584K) From: 1252K(21504K)->0K(21504K)
[0.694s][info][gc,heap        ] GC(1) ParOldGen: 8K(349696K)->1028K(349696K)
[0.694s][info][gc,metaspace   ] GC(1) Metaspace: 1008K(1152K)->1008K(1152K) NonClass: 935K(1024K)->935K(1024K) Class: 72K(128K)->72K(128K)
[0.694s][info][gc             ] GC(1) Pause Full (System.gc()) 1M->1M(491M) 10.887ms
[0.694s][info][gc,cpu         ] GC(1) User=0.17s Sys=0.00s Real=0.01s
[1.206s][info][gc,start       ] GC(2) Pause Young (Allocation Failure)
[1.211s][info][gc,heap        ] GC(2) PSYoungGen: 131584K(153088K)->7649K(153088K) Eden: 131584K(131584K)->0K(131584K) From: 0K(21504K)->7649K(21504K)
[1.212s][info][gc,heap        ] GC(2) ParOldGen: 1028K(349696K)->1164K(349696K)
[1.212s][info][gc,metaspace   ] GC(2) Metaspace: 2717K(2880K)->2717K(2880K) NonClass: 2487K(2560K)->2487K(2560K) Class: 230K(320K)->230K(320K)
[1.212s][info][gc             ] GC(2) Pause Young (Allocation Failure) 129M->8M(491M) 6.035ms
[1.212s][info][gc,cpu         ] GC(2) User=0.00s Sys=0.00s Real=0.01s
[1.263s][info][gc,start       ] GC(3) Pause Young (Allocation Failure)
[1.269s][info][gc,heap        ] GC(3) PSYoungGen: 139233K(153088K)->7953K(153088K) Eden: 131584K(131584K)->0K(131584K) From: 7649K(21504K)->7953K(21504K)
[1.269s][info][gc,heap        ] GC(3) ParOldGen: 1164K(349696K)->1172K(349696K)
[1.269s][info][gc,metaspace   ] GC(3) Metaspace: 2751K(2944K)->2751K(2944K) NonClass: 2516K(2624K)->2516K(2624K) Class: 235K(320K)->235K(320K)
[1.269s][info][gc             ] GC(3) Pause Young (Allocation Failure) 137M->8M(491M) 5.966ms
[1.269s][info][gc,cpu         ] GC(3) User=0.06s Sys=0.52s Real=0.01s
[1.315s][info][gc,start       ] GC(4) Pause Young (Allocation Failure)
[1.316s][info][gc,heap        ] GC(4) PSYoungGen: 139537K(153088K)->8305K(153088K) Eden: 131584K(131584K)->0K(131584K) From: 7953K(21504K)->8305K(21504K)
[1.317s][info][gc,heap        ] GC(4) ParOldGen: 1172K(349696K)->1180K(349696K)
[1.317s][info][gc,metaspace   ] GC(4) Metaspace: 2754K(2944K)->2754K(2944K) NonClass: 2519K(2624K)->2519K(2624K) Class: 235K(320K)->235K(320K)
[1.317s][info][gc             ] GC(4) Pause Young (Allocation Failure) 137M->9M(491M) 1.724ms
[1.317s][info][gc,cpu         ] GC(4) User=0.00s Sys=0.00s Real=0.00s
[1.358s][info][gc,start       ] GC(5) Pause Young (Allocation Failure)
[1.360s][info][gc,heap        ] GC(5) PSYoungGen: 139889K(153088K)->8481K(153088K) Eden: 131584K(131584K)->0K(131584K) From: 8305K(21504K)->8481K(21504K)
[1.360s][info][gc,heap        ] GC(5) ParOldGen: 1180K(349696K)->1180K(349696K)
[1.360s][info][gc,metaspace   ] GC(5) Metaspace: 2754K(2944K)->2754K(2944K) NonClass: 2519K(2624K)->2519K(2624K) Class: 235K(320K)->235K(320K)
[1.360s][info][gc             ] GC(5) Pause Young (Allocation Failure) 137M->9M(491M) 1.738ms
[1.360s][info][gc,cpu         ] GC(5) User=0.61s Sys=0.02s Real=0.00s
[1.401s][info][gc,start       ] GC(6) Pause Young (Allocation Failure)
[1.403s][info][gc,heap        ] GC(6) PSYoungGen: 140065K(153088K)->8593K(140288K) Eden: 131584K(131584K)->0K(131584K) From: 8481K(21504K)->8593K(8704K)
[1.403s][info][gc,heap        ] GC(6) ParOldGen: 1180K(349696K)->1188K(349696K)
[1.403s][info][gc,metaspace   ] GC(6) Metaspace: 2775K(2944K)->2775K(2944K) NonClass: 2540K(2624K)->2540K(2624K) Class: 235K(320K)->235K(320K)
[1.403s][info][gc             ] GC(6) Pause Young (Allocation Failure) 137M->9M(478M) 2.037ms
[1.403s][info][gc,cpu         ] GC(6) User=0.55s Sys=0.02s Real=0.01s
[1.445s][info][gc,start       ] GC(7) Pause Young (Allocation Failure)
[1.448s][info][gc,heap        ] GC(7) PSYoungGen: 140177K(140288K)->7777K(148992K) Eden: 131584K(131584K)->0K(136192K) From: 8593K(8704K)->7777K(12800K)
[1.448s][info][gc,heap        ] GC(7) ParOldGen: 1188K(349696K)->1188K(349696K)
[1.448s][info][gc,metaspace   ] GC(7) Metaspace: 2794K(2944K)->2794K(2944K) NonClass: 2559K(2624K)->2559K(2624K) Class: 235K(320K)->235K(320K)
[1.448s][info][gc             ] GC(7) Pause Young (Allocation Failure) 138M->8M(487M) 2.988ms
[1.448s][info][gc,cpu         ] GC(7) User=0.00s Sys=0.00s Real=0.00s
[1.497s][info][gc,start       ] GC(8) Pause Young (Allocation Failure)
[1.502s][info][gc,heap        ] GC(8) PSYoungGen: 143969K(148992K)->2544K(161280K) Eden: 136192K(136192K)->0K(148992K) From: 7777K(12800K)->2544K(12288K)
[1.502s][info][gc,heap        ] GC(8) ParOldGen: 1188K(349696K)->4425K(349696K)
[1.502s][info][gc,metaspace   ] GC(8) Metaspace: 2819K(3008K)->2819K(3008K) NonClass: 2584K(2688K)->2584K(2688K) Class: 235K(320K)->235K(320K)
[1.502s][info][gc             ] GC(8) Pause Young (Allocation Failure) 141M->6M(499M) 5.083ms
[1.502s][info][gc,cpu         ] GC(8) User=0.11s Sys=0.52s Real=0.01s
[1.563s][info][gc,start       ] GC(9) Pause Young (Allocation Failure)
[1.566s][info][gc,heap        ] GC(9) PSYoungGen: 151536K(161280K)->3232K(161792K) Eden: 148992K(148992K)->0K(148992K) From: 2544K(12288K)->3232K(12800K)
[1.566s][info][gc,heap        ] GC(9) ParOldGen: 4425K(349696K)->4609K(349696K)
[1.566s][info][gc,metaspace   ] GC(9) Metaspace: 2826K(3008K)->2826K(3008K) NonClass: 2591K(2688K)->2591K(2688K) Class: 235K(320K)->235K(320K)
[1.566s][info][gc             ] GC(9) Pause Young (Allocation Failure) 152M->7M(499M) 3.411ms
[1.566s][info][gc,cpu         ] GC(9) User=0.00s Sys=0.00s Real=0.00s
[2.063s][info][gc,start       ] GC(10) Pause Young (Allocation Failure)
[2.065s][info][gc,heap        ] GC(10) PSYoungGen: 152224K(161792K)->1040K(161792K) Eden: 148992K(148992K)->0K(148992K) From: 3232K(12800K)->1040K(12800K)
[2.065s][info][gc,heap        ] GC(10) ParOldGen: 4609K(349696K)->4817K(349696K)
[2.065s][info][gc,metaspace   ] GC(10) Metaspace: 2917K(3072K)->2917K(3072K) NonClass: 2680K(2752K)->2680K(2752K) Class: 237K(320K)->237K(320K)
[2.065s][info][gc             ] GC(10) Pause Young (Allocation Failure) 153M->5M(499M) 1.586ms
[2.065s][info][gc,cpu         ] GC(10) User=0.00s Sys=0.00s Real=0.00s
[2.308s][info][gc,heap,exit   ] Heap
[2.308s][info][gc,heap,exit   ]  PSYoungGen      total 161792K, used 6078K [0x00000000f5580000, 0x0000000100000000, 0x0000000100000000)
[2.308s][info][gc,heap,exit   ]   eden space 148992K, 3% used [0x00000000f5580000,0x00000000f5a6ba30,0x00000000fe700000)
[2.308s][info][gc,heap,exit   ]   from space 12800K, 8% used [0x00000000ff380000,0x00000000ff484010,0x0000000100000000)
[2.308s][info][gc,heap,exit   ]   to   space 12800K, 0% used [0x00000000fe700000,0x00000000fe700000,0x00000000ff380000)
[2.308s][info][gc,heap,exit   ]  ParOldGen       total 349696K, used 4817K [0x00000000e0000000, 0x00000000f5580000, 0x00000000f5580000)
[2.308s][info][gc,heap,exit   ]   object space 349696K, 1% used [0x00000000e0000000,0x00000000e04b44f0,0x00000000f5580000)
[2.308s][info][gc,heap,exit   ]  Metaspace       used 2925K, committed 3072K, reserved 1114112K
[2.308s][info][gc,heap,exit   ]   class space    used 238K, committed 320K, reserved 1048576K
