[0.018s][info][gc,init] CardTable entry size: 512
[0.018s][info][gc     ] Using Parallel
[0.029s][info][gc,init] Version: 20+36-2344 (release)
[0.029s][info][gc,init] CPUs: 48 total, 48 available
[0.029s][info][gc,init] Memory: 382G
[0.029s][info][gc,init] Large Page Support: Disabled
[0.029s][info][gc,init] NUMA Support: Disabled
[0.029s][info][gc,init] Compressed Oops: Enabled (Zero based)
[0.029s][info][gc,init] Alignments: Space 512K, Generation 512K, Heap 2M
[0.029s][info][gc,init] Heap Min Capacity: 8M
[0.029s][info][gc,init] Heap Initial Capacity: 2G
[0.037s][info][gc,init] Heap Max Capacity: 4G
[0.037s][info][gc,init] Pre-touch: Disabled
[0.037s][info][gc,init] Parallel Workers: 33
[0.038s][info][gc,metaspace] CDS archive(s) mapped at: [0x0000000800000000-0x0000000800c60000-0x0000000800c60000), size 12976128, SharedBaseAddress: 0x0000000800000000, ArchiveRelocationMode: 0.
[0.038s][info][gc,metaspace] Compressed class space mapped at: 0x0000000801000000-0x0000000841000000, reserved size: 1073741824
[0.038s][info][gc,metaspace] Narrow klass base: 0x0000000800000000, Narrow klass shift: 0, Narrow klass range: 0x100000000
[0.830s][info][gc,start    ] GC(0) Pause Young (System.gc())
[0.836s][info][gc,heap     ] GC(0) PSYoungGen: 94464K(611840K)->1667K(611840K) Eden: 94464K(524800K)->0K(524800K) From: 0K(87040K)->1667K(87040K)
[0.837s][info][gc,heap     ] GC(0) ParOldGen: 0K(1398272K)->8K(1398272K)
[0.837s][info][gc,metaspace] GC(0) Metaspace: 1005K(1152K)->1005K(1152K) NonClass: 933K(1024K)->933K(1024K) Class: 72K(128K)->72K(128K)
[0.837s][info][gc          ] GC(0) Pause Young (System.gc()) 92M->1M(1963M) 6.353ms
[0.837s][info][gc,cpu      ] GC(0) User=0.38s Sys=0.03s Real=0.01s
[0.837s][info][gc,start    ] GC(1) Pause Full (System.gc())
[0.837s][info][gc,phases,start] GC(1) Marking Phase
[0.842s][info][gc,phases      ] GC(1) Marking Phase 5.379ms
[0.842s][info][gc,phases,start] GC(1) Summary Phase
[0.842s][info][gc,phases      ] GC(1) Summary Phase 0.028ms
[0.842s][info][gc,phases,start] GC(1) Adjust Roots
[0.844s][info][gc,phases      ] GC(1) Adjust Roots 1.375ms
[0.844s][info][gc,phases,start] GC(1) Compaction Phase
[0.852s][info][gc,phases      ] GC(1) Compaction Phase 7.932ms
[0.852s][info][gc,phases,start] GC(1) Post Compact
[0.853s][info][gc,phases      ] GC(1) Post Compact 0.828ms
[0.853s][info][gc,heap        ] GC(1) PSYoungGen: 1667K(611840K)->0K(611840K) Eden: 0K(524800K)->0K(524800K) From: 1667K(87040K)->0K(87040K)
[0.853s][info][gc,heap        ] GC(1) ParOldGen: 8K(1398272K)->1028K(1398272K)
[0.853s][info][gc,metaspace   ] GC(1) Metaspace: 1005K(1152K)->1005K(1152K) NonClass: 933K(1024K)->933K(1024K) Class: 72K(128K)->72K(128K)
[0.853s][info][gc             ] GC(1) Pause Full (System.gc()) 1M->1M(1963M) 15.932ms
[0.853s][info][gc,cpu         ] GC(1) User=0.02s Sys=0.00s Real=0.02s
[1.525s][info][gc,start       ] GC(2) Pause Young (Allocation Failure)
[1.531s][info][gc,heap        ] GC(2) PSYoungGen: 524800K(611840K)->8273K(611840K) Eden: 524800K(524800K)->0K(524800K) From: 0K(87040K)->8273K(87040K)
[1.531s][info][gc,heap        ] GC(2) ParOldGen: 1028K(1398272K)->1164K(1398272K)
[1.531s][info][gc,metaspace   ] GC(2) Metaspace: 2747K(2944K)->2747K(2944K) NonClass: 2512K(2624K)->2512K(2624K) Class: 235K(320K)->235K(320K)
[1.531s][info][gc             ] GC(2) Pause Young (Allocation Failure) 513M->9M(1963M) 6.084ms
[1.531s][info][gc,cpu         ] GC(2) User=0.00s Sys=0.00s Real=0.00s
[1.787s][info][gc,start       ] GC(3) Pause Young (Allocation Failure)
[1.790s][info][gc,heap        ] GC(3) PSYoungGen: 533073K(611840K)->4896K(611840K) Eden: 524800K(524800K)->0K(524800K) From: 8273K(87040K)->4896K(87040K)
[1.790s][info][gc,heap        ] GC(3) ParOldGen: 1164K(1398272K)->1172K(1398272K)
[1.790s][info][gc,metaspace   ] GC(3) Metaspace: 2812K(3008K)->2812K(3008K) NonClass: 2577K(2688K)->2577K(2688K) Class: 235K(320K)->235K(320K)
[1.790s][info][gc             ] GC(3) Pause Young (Allocation Failure) 521M->5M(1963M) 2.916ms
[1.790s][info][gc,cpu         ] GC(3) User=0.00s Sys=0.00s Real=0.00s
[2.553s][info][gc,heap,exit   ] Heap
[2.553s][info][gc,heap,exit   ]  PSYoungGen      total 611840K, used 303890K [0x00000007aab00000, 0x00000007d5580000, 0x0000000800000000)
[2.553s][info][gc,heap,exit   ]   eden space 524800K, 56% used [0x00000007aab00000,0x00000007bcefc660,0x00000007cab80000)
[2.553s][info][gc,heap,exit   ]   from space 87040K, 5% used [0x00000007cab80000,0x00000007cb048280,0x00000007d0080000)
[2.553s][info][gc,heap,exit   ]   to   space 87040K, 0% used [0x00000007d0080000,0x00000007d0080000,0x00000007d5580000)
[2.553s][info][gc,heap,exit   ]  ParOldGen       total 1398272K, used 1172K [0x0000000700000000, 0x0000000755580000, 0x00000007aab00000)
[2.553s][info][gc,heap,exit   ]   object space 1398272K, 0% used [0x0000000700000000,0x0000000700125090,0x0000000755580000)
[2.553s][info][gc,heap,exit   ]  Metaspace       used 2914K, committed 3072K, reserved 1114112K
[2.553s][info][gc,heap,exit   ]   class space    used 238K, committed 320K, reserved 1048576K
