[0.014s][info][gc,init] CardTable entry size: 512
[0.014s][info][gc     ] Using Parallel
[0.024s][info][gc,init] Version: 20+36-2344 (release)
[0.024s][info][gc,init] CPUs: 48 total, 48 available
[0.024s][info][gc,init] Memory: 382G
[0.024s][info][gc,init] Large Page Support: Disabled
[0.024s][info][gc,init] NUMA Support: Disabled
[0.024s][info][gc,init] Compressed Oops: Enabled (32-bit)
[0.024s][info][gc,init] Alignments: Space 512K, Generation 512K, Heap 2M
[0.024s][info][gc,init] Heap Min Capacity: 8M
[0.024s][info][gc,init] Heap Initial Capacity: 2G
[0.032s][info][gc,init] Heap Max Capacity: 2G
[0.032s][info][gc,init] Pre-touch: Disabled
[0.032s][info][gc,init] Parallel Workers: 33
[0.034s][info][gc,metaspace] CDS archive(s) mapped at: [0x0000000800000000-0x0000000800c60000-0x0000000800c60000), size 12976128, SharedBaseAddress: 0x0000000800000000, ArchiveRelocationMode: 0.
[0.034s][info][gc,metaspace] Compressed class space mapped at: 0x0000000801000000-0x0000000841000000, reserved size: 1073741824
[0.034s][info][gc,metaspace] Narrow klass base: 0x0000000800000000, Narrow klass shift: 0, Narrow klass range: 0x100000000
[0.564s][info][gc,start    ] GC(0) Pause Young (System.gc())
[0.569s][info][gc,heap     ] GC(0) PSYoungGen: 94464K(611840K)->1715K(611840K) Eden: 94464K(524800K)->0K(524800K) From: 0K(87040K)->1715K(87040K)
[0.570s][info][gc,heap     ] GC(0) ParOldGen: 0K(1398272K)->8K(1398272K)
[0.570s][info][gc,metaspace] GC(0) Metaspace: 1006K(1152K)->1006K(1152K) NonClass: 933K(1024K)->933K(1024K) Class: 72K(128K)->72K(128K)
[0.570s][info][gc          ] GC(0) Pause Young (System.gc()) 92M->1M(1963M) 6.004ms
[0.570s][info][gc,cpu      ] GC(0) User=0.03s Sys=0.03s Real=0.02s
[0.570s][info][gc,start    ] GC(1) Pause Full (System.gc())
[0.570s][info][gc,phases,start] GC(1) Marking Phase
[0.574s][info][gc,phases      ] GC(1) Marking Phase 3.653ms
[0.574s][info][gc,phases,start] GC(1) Summary Phase
[0.574s][info][gc,phases      ] GC(1) Summary Phase 0.030ms
[0.574s][info][gc,phases,start] GC(1) Adjust Roots
[0.575s][info][gc,phases      ] GC(1) Adjust Roots 1.199ms
[0.575s][info][gc,phases,start] GC(1) Compaction Phase
[0.582s][info][gc,phases      ] GC(1) Compaction Phase 6.971ms
[0.582s][info][gc,phases,start] GC(1) Post Compact
[0.583s][info][gc,phases      ] GC(1) Post Compact 0.625ms
[0.583s][info][gc,heap        ] GC(1) PSYoungGen: 1715K(611840K)->0K(611840K) Eden: 0K(524800K)->0K(524800K) From: 1715K(87040K)->0K(87040K)
[0.583s][info][gc,heap        ] GC(1) ParOldGen: 8K(1398272K)->1028K(1398272K)
[0.583s][info][gc,metaspace   ] GC(1) Metaspace: 1006K(1152K)->1006K(1152K) NonClass: 933K(1024K)->933K(1024K) Class: 72K(128K)->72K(128K)
[0.583s][info][gc             ] GC(1) Pause Full (System.gc()) 1M->1M(1963M) 12.821ms
[0.583s][info][gc,cpu         ] GC(1) User=0.05s Sys=0.00s Real=0.02s
[1.208s][info][gc,start       ] GC(2) Pause Young (Allocation Failure)
[1.214s][info][gc,heap        ] GC(2) PSYoungGen: 524800K(611840K)->8417K(611840K) Eden: 524800K(524800K)->0K(524800K) From: 0K(87040K)->8417K(87040K)
[1.214s][info][gc,heap        ] GC(2) ParOldGen: 1028K(1398272K)->1164K(1398272K)
[1.214s][info][gc,metaspace   ] GC(2) Metaspace: 2752K(2944K)->2752K(2944K) NonClass: 2517K(2624K)->2517K(2624K) Class: 235K(320K)->235K(320K)
[1.214s][info][gc             ] GC(2) Pause Young (Allocation Failure) 513M->9M(1963M) 6.395ms
[1.214s][info][gc,cpu         ] GC(2) User=0.19s Sys=0.44s Real=0.02s
[1.409s][info][gc,start       ] GC(3) Pause Young (Allocation Failure)
[1.412s][info][gc,heap        ] GC(3) PSYoungGen: 533217K(611840K)->5024K(611840K) Eden: 524800K(524800K)->0K(524800K) From: 8417K(87040K)->5024K(87040K)
[1.412s][info][gc,heap        ] GC(3) ParOldGen: 1164K(1398272K)->1172K(1398272K)
[1.412s][info][gc,metaspace   ] GC(3) Metaspace: 2818K(3008K)->2818K(3008K) NonClass: 2583K(2688K)->2583K(2688K) Class: 235K(320K)->235K(320K)
[1.412s][info][gc             ] GC(3) Pause Young (Allocation Failure) 521M->6M(1963M) 3.131ms
[1.412s][info][gc,cpu         ] GC(3) User=0.00s Sys=0.00s Real=0.00s
[2.311s][info][gc,heap,exit   ] Heap
[2.311s][info][gc,heap,exit   ]  PSYoungGen      total 611840K, used 311170K [0x00000000d5580000, 0x0000000100000000, 0x0000000100000000)
[2.311s][info][gc,heap,exit   ]   eden space 524800K, 58% used [0x00000000d5580000,0x00000000e8078918,0x00000000f5600000)
[2.311s][info][gc,heap,exit   ]   from space 87040K, 5% used [0x00000000f5600000,0x00000000f5ae8290,0x00000000fab00000)
[2.311s][info][gc,heap,exit   ]   to   space 87040K, 0% used [0x00000000fab00000,0x00000000fab00000,0x0000000100000000)
[2.311s][info][gc,heap,exit   ]  ParOldGen       total 1398272K, used 1172K [0x0000000080000000, 0x00000000d5580000, 0x00000000d5580000)
[2.311s][info][gc,heap,exit   ]   object space 1398272K, 0% used [0x0000000080000000,0x0000000080125100,0x00000000d5580000)
[2.311s][info][gc,heap,exit   ]  Metaspace       used 2921K, committed 3072K, reserved 1114112K
[2.311s][info][gc,heap,exit   ]   class space    used 238K, committed 320K, reserved 1048576K
