[0.016s][info][gc,init] CardTable entry size: 512
[0.017s][info][gc     ] Using Parallel
[0.022s][info][gc,init] Version: 20+36-2344 (release)
[0.022s][info][gc,init] CPUs: 48 total, 48 available
[0.022s][info][gc,init] Memory: 382G
[0.022s][info][gc,init] Large Page Support: Disabled
[0.022s][info][gc,init] NUMA Support: Disabled
[0.022s][info][gc,init] Compressed Oops: Enabled (32-bit)
[0.022s][info][gc,init] Alignments: Space 512K, Generation 512K, Heap 2M
[0.022s][info][gc,init] Heap Min Capacity: 8M
[0.022s][info][gc,init] Heap Initial Capacity: 1G
[0.031s][info][gc,init] Heap Max Capacity: 1G
[0.031s][info][gc,init] Pre-touch: Disabled
[0.031s][info][gc,init] Parallel Workers: 33
[0.032s][info][gc,metaspace] CDS archive(s) mapped at: [0x0000000800000000-0x0000000800c60000-0x0000000800c60000), size 12976128, SharedBaseAddress: 0x0000000800000000, ArchiveRelocationMode: 0.
[0.032s][info][gc,metaspace] Compressed class space mapped at: 0x0000000801000000-0x0000000841000000, reserved size: 1073741824
[0.032s][info][gc,metaspace] Narrow klass base: 0x0000000800000000, Narrow klass shift: 0, Narrow klass range: 0x100000000
[0.638s][info][gc,start    ] GC(0) Pause Young (System.gc())
[0.642s][info][gc,heap     ] GC(0) PSYoungGen: 47186K(305664K)->1492K(305664K) Eden: 47186K(262144K)->0K(262144K) From: 0K(43520K)->1492K(43520K)
[0.642s][info][gc,heap     ] GC(0) ParOldGen: 0K(699392K)->8K(699392K)
[0.642s][info][gc,metaspace] GC(0) Metaspace: 1005K(1152K)->1005K(1152K) NonClass: 932K(1024K)->932K(1024K) Class: 72K(128K)->72K(128K)
[0.642s][info][gc          ] GC(0) Pause Young (System.gc()) 46M->1M(981M) 4.332ms
[0.642s][info][gc,cpu      ] GC(0) User=0.00s Sys=0.00s Real=0.00s
[0.642s][info][gc,start    ] GC(1) Pause Full (System.gc())
[0.642s][info][gc,phases,start] GC(1) Marking Phase
[0.647s][info][gc,phases      ] GC(1) Marking Phase 4.478ms
[0.647s][info][gc,phases,start] GC(1) Summary Phase
[0.647s][info][gc,phases      ] GC(1) Summary Phase 0.032ms
[0.647s][info][gc,phases,start] GC(1) Adjust Roots
[0.649s][info][gc,phases      ] GC(1) Adjust Roots 1.458ms
[0.649s][info][gc,phases,start] GC(1) Compaction Phase
[0.655s][info][gc,phases      ] GC(1) Compaction Phase 5.946ms
[0.655s][info][gc,phases,start] GC(1) Post Compact
[0.655s][info][gc,phases      ] GC(1) Post Compact 0.376ms
[0.655s][info][gc,heap        ] GC(1) PSYoungGen: 1492K(305664K)->0K(305664K) Eden: 0K(262144K)->0K(262144K) From: 1492K(43520K)->0K(43520K)
[0.655s][info][gc,heap        ] GC(1) ParOldGen: 8K(699392K)->1028K(699392K)
[0.655s][info][gc,metaspace   ] GC(1) Metaspace: 1005K(1152K)->1005K(1152K) NonClass: 932K(1024K)->932K(1024K) Class: 72K(128K)->72K(128K)
[0.655s][info][gc             ] GC(1) Pause Full (System.gc()) 1M->1M(981M) 12.675ms
[0.655s][info][gc,cpu         ] GC(1) User=0.34s Sys=0.00s Real=0.01s
[1.166s][info][gc,start       ] GC(2) Pause Young (Allocation Failure)
[1.172s][info][gc,heap        ] GC(2) PSYoungGen: 262144K(305664K)->8129K(305664K) Eden: 262144K(262144K)->0K(262144K) From: 0K(43520K)->8129K(43520K)
[1.172s][info][gc,heap        ] GC(2) ParOldGen: 1028K(699392K)->1164K(699392K)
[1.172s][info][gc,metaspace   ] GC(2) Metaspace: 2744K(2944K)->2744K(2944K) NonClass: 2509K(2624K)->2509K(2624K) Class: 235K(320K)->235K(320K)
[1.172s][info][gc             ] GC(2) Pause Young (Allocation Failure) 257M->9M(981M) 5.981ms
[1.172s][info][gc,cpu         ] GC(2) User=0.00s Sys=0.00s Real=0.01s
[1.269s][info][gc,start       ] GC(3) Pause Young (Allocation Failure)
[1.274s][info][gc,heap        ] GC(3) PSYoungGen: 270273K(305664K)->8465K(305664K) Eden: 262144K(262144K)->0K(262144K) From: 8129K(43520K)->8465K(43520K)
[1.274s][info][gc,heap        ] GC(3) ParOldGen: 1164K(699392K)->1172K(699392K)
[1.274s][info][gc,metaspace   ] GC(3) Metaspace: 2750K(2944K)->2750K(2944K) NonClass: 2515K(2624K)->2515K(2624K) Class: 235K(320K)->235K(320K)
[1.274s][info][gc             ] GC(3) Pause Young (Allocation Failure) 265M->9M(981M) 5.136ms
[1.274s][info][gc,cpu         ] GC(3) User=0.00s Sys=0.00s Real=0.00s
[1.360s][info][gc,start       ] GC(4) Pause Young (Allocation Failure)
[1.361s][info][gc,heap        ] GC(4) PSYoungGen: 270609K(305664K)->8641K(305664K) Eden: 262144K(262144K)->0K(262144K) From: 8465K(43520K)->8641K(43520K)
[1.361s][info][gc,heap        ] GC(4) ParOldGen: 1172K(699392K)->1180K(699392K)
[1.361s][info][gc,metaspace   ] GC(4) Metaspace: 2787K(2944K)->2787K(2944K) NonClass: 2552K(2624K)->2552K(2624K) Class: 235K(320K)->235K(320K)
[1.361s][info][gc             ] GC(4) Pause Young (Allocation Failure) 265M->9M(981M) 1.673ms
[1.361s][info][gc,cpu         ] GC(4) User=0.00s Sys=0.00s Real=0.00s
[1.497s][info][gc,start       ] GC(5) Pause Young (Allocation Failure)
[1.499s][info][gc,heap        ] GC(5) PSYoungGen: 270785K(305664K)->4960K(305664K) Eden: 262144K(262144K)->0K(262144K) From: 8641K(43520K)->4960K(43520K)
[1.499s][info][gc,heap        ] GC(5) ParOldGen: 1180K(699392K)->1188K(699392K)
[1.499s][info][gc,metaspace   ] GC(5) Metaspace: 2816K(3008K)->2816K(3008K) NonClass: 2581K(2688K)->2581K(2688K) Class: 235K(320K)->235K(320K)
[1.499s][info][gc             ] GC(5) Pause Young (Allocation Failure) 265M->6M(981M) 1.942ms
[1.499s][info][gc,cpu         ] GC(5) User=0.00s Sys=0.00s Real=0.00s
[2.340s][info][gc,heap,exit   ] Heap
[2.340s][info][gc,heap,exit   ]  PSYoungGen      total 305664K, used 234200K [0x00000000eab00000, 0x0000000100000000, 0x0000000100000000)
[2.340s][info][gc,heap,exit   ]   eden space 262144K, 87% used [0x00000000eab00000,0x00000000f8addf60,0x00000000fab00000)
[2.340s][info][gc,heap,exit   ]   from space 43520K, 11% used [0x00000000fab00000,0x00000000fafd82b0,0x00000000fd580000)
[2.340s][info][gc,heap,exit   ]   to   space 43520K, 0% used [0x00000000fd580000,0x00000000fd580000,0x0000000100000000)
[2.340s][info][gc,heap,exit   ]  ParOldGen       total 699392K, used 1188K [0x00000000c0000000, 0x00000000eab00000, 0x00000000eab00000)
[2.340s][info][gc,heap,exit   ]   object space 699392K, 0% used [0x00000000c0000000,0x00000000c0129088,0x00000000eab00000)
[2.340s][info][gc,heap,exit   ]  Metaspace       used 2919K, committed 3072K, reserved 1114112K
[2.341s][info][gc,heap,exit   ]   class space    used 238K, committed 320K, reserved 1048576K
