[0.016s][info][gc,init] CardTable entry size: 512
[0.016s][info][gc     ] Using Serial
[0.026s][info][gc,init] Version: 20+36-2344 (release)
[0.026s][info][gc,init] CPUs: 48 total, 48 available
[0.026s][info][gc,init] Memory: 382G
[0.026s][info][gc,init] Large Page Support: Disabled
[0.026s][info][gc,init] NUMA Support: Disabled
[0.026s][info][gc,init] Compressed Oops: Enabled (Zero based)
[0.026s][info][gc,init] Heap Min Capacity: 8M
[0.026s][info][gc,init] Heap Initial Capacity: 2G
[0.026s][info][gc,init] Heap Max Capacity: 4G
[0.026s][info][gc,init] Pre-touch: Disabled
[0.034s][info][gc,metaspace] CDS archive(s) mapped at: [0x0000000800000000-0x0000000800c60000-0x0000000800c60000), size 12976128, SharedBaseAddress: 0x0000000800000000, ArchiveRelocationMode: 0.
[0.034s][info][gc,metaspace] Compressed class space mapped at: 0x0000000801000000-0x0000000841000000, reserved size: 1073741824
[0.034s][info][gc,metaspace] Narrow klass base: 0x0000000800000000, Narrow klass shift: 0, Narrow klass range: 0x100000000
[0.583s][info][gc,start    ] GC(0) Pause Full (System.gc())
[0.584s][info][gc,phases,start] GC(0) Phase 1: Mark live objects
[0.588s][info][gc,phases      ] GC(0) Phase 1: Mark live objects 4.244ms
[0.588s][info][gc,phases,start] GC(0) Phase 2: Compute new object addresses
[0.590s][info][gc,phases      ] GC(0) Phase 2: Compute new object addresses 1.534ms
[0.590s][info][gc,phases,start] GC(0) Phase 3: Adjust pointers
[0.592s][info][gc,phases      ] GC(0) Phase 3: Adjust pointers 2.202ms
[0.592s][info][gc,phases,start] GC(0) Phase 4: Move objects
[0.593s][info][gc,phases      ] GC(0) Phase 4: Move objects 1.519ms
[0.594s][info][gc,heap        ] GC(0) DefNew: 100662K(629120K)->0K(629248K) Eden: 100662K(559232K)->0K(559360K) From: 0K(69888K)->0K(69888K)
[0.594s][info][gc,heap        ] GC(0) Tenured: 0K(1398144K)->1028K(1398144K)
[0.594s][info][gc,metaspace   ] GC(0) Metaspace: 1009K(1152K)->1009K(1152K) NonClass: 937K(1024K)->937K(1024K) Class: 72K(128K)->72K(128K)
[0.594s][info][gc             ] GC(0) Pause Full (System.gc()) 98M->1M(1979M) 10.278ms
[0.594s][info][gc,cpu         ] GC(0) User=0.02s Sys=0.00s Real=0.02s
[1.186s][info][gc,start       ] GC(1) Pause Young (Allocation Failure)
[1.196s][info][gc,heap        ] GC(1) DefNew: 559360K(629248K)->7689K(629248K) Eden: 559360K(559360K)->0K(559360K) From: 0K(69888K)->7689K(69888K)
[1.196s][info][gc,heap        ] GC(1) Tenured: 1028K(1398144K)->1028K(1398144K)
[1.196s][info][gc,metaspace   ] GC(1) Metaspace: 2753K(2944K)->2753K(2944K) NonClass: 2518K(2624K)->2518K(2624K) Class: 235K(320K)->235K(320K)
[1.196s][info][gc             ] GC(1) Pause Young (Allocation Failure) 547M->8M(1979M) 10.748ms
[1.196s][info][gc,cpu         ] GC(1) User=0.00s Sys=0.00s Real=0.00s
[1.392s][info][gc,start       ] GC(2) Pause Young (Allocation Failure)
[1.399s][info][gc,heap        ] GC(2) DefNew: 567049K(629248K)->4576K(629248K) Eden: 559360K(559360K)->0K(559360K) From: 7689K(69888K)->4576K(69888K)
[1.399s][info][gc,heap        ] GC(2) Tenured: 1028K(1398144K)->1028K(1398144K)
[1.399s][info][gc,metaspace   ] GC(2) Metaspace: 2825K(3008K)->2825K(3008K) NonClass: 2590K(2688K)->2590K(2688K) Class: 235K(320K)->235K(320K)
[1.399s][info][gc             ] GC(2) Pause Young (Allocation Failure) 554M->5M(1979M) 6.696ms
[1.399s][info][gc,cpu         ] GC(2) User=0.00s Sys=0.00s Real=0.00s
[2.110s][info][gc,heap,exit   ] Heap
[2.110s][info][gc,heap,exit   ]  def new generation   total 629248K, used 238237K [0x0000000700000000, 0x000000072aac0000, 0x0000000755550000)
[2.110s][info][gc,heap,exit   ]   eden space 559360K,  41% used [0x0000000700000000, 0x000000070e42f670, 0x0000000722240000)
[2.110s][info][gc,heap,exit   ]   from space 69888K,   6% used [0x0000000722240000, 0x00000007226b8058, 0x0000000726680000)
[2.110s][info][gc,heap,exit   ]   to   space 69888K,   0% used [0x0000000726680000, 0x0000000726680000, 0x000000072aac0000)
[2.110s][info][gc,heap,exit   ]  tenured generation   total 1398144K, used 1028K [0x0000000755550000, 0x00000007aaab0000, 0x0000000800000000)
[2.110s][info][gc,heap,exit   ]    the space 1398144K,   0% used [0x0000000755550000, 0x00000007556510f8, 0x0000000755651200, 0x00000007aaab0000)
[2.110s][info][gc,heap,exit   ]  Metaspace       used 2928K, committed 3072K, reserved 1114112K
[2.110s][info][gc,heap,exit   ]   class space    used 238K, committed 320K, reserved 1048576K
