[0.015s][info][gc,init] CardTable entry size: 512
[0.015s][info][gc     ] Using Serial
[0.023s][info][gc,init] Version: 20+36-2344 (release)
[0.024s][info][gc,init] CPUs: 48 total, 48 available
[0.024s][info][gc,init] Memory: 382G
[0.024s][info][gc,init] Large Page Support: Disabled
[0.024s][info][gc,init] NUMA Support: Disabled
[0.024s][info][gc,init] Compressed Oops: Enabled (32-bit)
[0.024s][info][gc,init] Heap Min Capacity: 8M
[0.024s][info][gc,init] Heap Initial Capacity: 2G
[0.024s][info][gc,init] Heap Max Capacity: 2G
[0.024s][info][gc,init] Pre-touch: Disabled
[0.042s][info][gc,metaspace] CDS archive(s) mapped at: [0x0000000800000000-0x0000000800c60000-0x0000000800c60000), size 12976128, SharedBaseAddress: 0x0000000800000000, ArchiveRelocationMode: 0.
[0.042s][info][gc,metaspace] Compressed class space mapped at: 0x0000000801000000-0x0000000841000000, reserved size: 1073741824
[0.042s][info][gc,metaspace] Narrow klass base: 0x0000000800000000, Narrow klass shift: 0, Narrow klass range: 0x100000000
[0.656s][info][gc,start    ] GC(0) Pause Full (System.gc())
[0.656s][info][gc,phases,start] GC(0) Phase 1: Mark live objects
[0.660s][info][gc,phases      ] GC(0) Phase 1: Mark live objects 4.200ms
[0.660s][info][gc,phases,start] GC(0) Phase 2: Compute new object addresses
[0.662s][info][gc,phases      ] GC(0) Phase 2: Compute new object addresses 1.624ms
[0.662s][info][gc,phases,start] GC(0) Phase 3: Adjust pointers
[0.664s][info][gc,phases      ] GC(0) Phase 3: Adjust pointers 2.181ms
[0.664s][info][gc,phases,start] GC(0) Phase 4: Move objects
[0.666s][info][gc,phases      ] GC(0) Phase 4: Move objects 1.571ms
[0.666s][info][gc,heap        ] GC(0) DefNew: 100662K(629120K)->0K(629120K) Eden: 100662K(559232K)->0K(559232K) From: 0K(69888K)->0K(69888K)
[0.666s][info][gc,heap        ] GC(0) Tenured: 0K(1398144K)->1028K(1398144K)
[0.666s][info][gc,metaspace   ] GC(0) Metaspace: 1010K(1152K)->1010K(1152K) NonClass: 937K(1024K)->937K(1024K) Class: 72K(128K)->72K(128K)
[0.666s][info][gc             ] GC(0) Pause Full (System.gc()) 98M->1M(1979M) 10.329ms
[0.666s][info][gc,cpu         ] GC(0) User=0.02s Sys=0.00s Real=0.02s
[1.367s][info][gc,start       ] GC(1) Pause Young (Allocation Failure)
[1.378s][info][gc,heap        ] GC(1) DefNew: 559232K(629120K)->7659K(629120K) Eden: 559232K(559232K)->0K(559232K) From: 0K(69888K)->7659K(69888K)
[1.378s][info][gc,heap        ] GC(1) Tenured: 1028K(1398144K)->1028K(1398144K)
[1.378s][info][gc,metaspace   ] GC(1) Metaspace: 2752K(2944K)->2752K(2944K) NonClass: 2517K(2624K)->2517K(2624K) Class: 235K(320K)->235K(320K)
[1.378s][info][gc             ] GC(1) Pause Young (Allocation Failure) 547M->8M(1979M) 10.973ms
[1.378s][info][gc,cpu         ] GC(1) User=0.05s Sys=0.00s Real=0.02s
[1.610s][info][gc,start       ] GC(2) Pause Young (Allocation Failure)
[1.619s][info][gc,heap        ] GC(2) DefNew: 566891K(629120K)->4565K(629120K) Eden: 559232K(559232K)->0K(559232K) From: 7659K(69888K)->4565K(69888K)
[1.619s][info][gc,heap        ] GC(2) Tenured: 1028K(1398144K)->1028K(1398144K)
[1.619s][info][gc,metaspace   ] GC(2) Metaspace: 2823K(3008K)->2823K(3008K) NonClass: 2588K(2688K)->2588K(2688K) Class: 235K(320K)->235K(320K)
[1.619s][info][gc             ] GC(2) Pause Young (Allocation Failure) 554M->5M(1979M) 8.783ms
[1.619s][info][gc,cpu         ] GC(2) User=0.00s Sys=0.00s Real=0.00s
[2.369s][info][gc,heap,exit   ] Heap
[2.369s][info][gc,heap,exit   ]  def new generation   total 629120K, used 250875K [0x0000000080000000, 0x00000000aaaa0000, 0x00000000aaaa0000)
[2.369s][info][gc,heap,exit   ]   eden space 559232K,  44% used [0x0000000080000000, 0x000000008f0896f8, 0x00000000a2220000)
[2.369s][info][gc,heap,exit   ]   from space 69888K,   6% used [0x00000000a2220000, 0x00000000a2695668, 0x00000000a6660000)
[2.369s][info][gc,heap,exit   ]   to   space 69888K,   0% used [0x00000000a6660000, 0x00000000a6660000, 0x00000000aaaa0000)
[2.369s][info][gc,heap,exit   ]  tenured generation   total 1398144K, used 1028K [0x00000000aaaa0000, 0x0000000100000000, 0x0000000100000000)
[2.369s][info][gc,heap,exit   ]    the space 1398144K,   0% used [0x00000000aaaa0000, 0x00000000aaba10f0, 0x00000000aaba1200, 0x0000000100000000)
[2.369s][info][gc,heap,exit   ]  Metaspace       used 2927K, committed 3072K, reserved 1114112K
[2.369s][info][gc,heap,exit   ]   class space    used 238K, committed 320K, reserved 1048576K
