[0.016s][info][gc] Using Epsilon
[0.021s][info][gc,init] Version: 20+36-2344 (release)
[0.021s][info][gc,init] CPUs: 48 total, 48 available
[0.021s][info][gc,init] Memory: 382G
[0.021s][info][gc,init] Large Page Support: Disabled
[0.021s][info][gc,init] NUMA Support: Disabled
[0.021s][info][gc,init] Compressed Oops: Enabled (Zero based)
[0.021s][info][gc,init] Heap Min Capacity: 6656K
[0.021s][info][gc,init] Heap Initial Capacity: 2G
[0.021s][info][gc,init] Heap Max Capacity: 30718M
[0.021s][info][gc,init] Pre-touch: Disabled
[0.021s][warning][gc,init] Consider setting -Xms equal to -Xmx to avoid resizing hiccups
[0.028s][warning][gc,init] Consider enabling -XX:+AlwaysPreTouch to avoid memory commit hiccups
[0.028s][info   ][gc,init] TLAB Size Max: 4M
[0.028s][info   ][gc,init] TLAB Size Elasticity: 1.10x
[0.028s][info   ][gc,init] TLAB Size Decay Time: 1000ms
[0.029s][info   ][gc,metaspace] CDS archive(s) mapped at: [0x0000000800000000-0x0000000800c60000-0x0000000800c60000), size 12976128, SharedBaseAddress: 0x0000000800000000, ArchiveRelocationMode: 0.
[0.030s][info   ][gc,metaspace] Compressed class space mapped at: 0x0000000801000000-0x0000000841000000, reserved size: 1073741824
[0.030s][info   ][gc,metaspace] Narrow klass base: 0x0000000800000000, Narrow klass shift: 0, Narrow klass range: 0x100000000
[0.681s][info   ][gc          ] GC request for "System.gc()" is ignored
[2.095s][info   ][gc          ] Heap: 30718M reserved, 2048M (6.67%) committed, 1538M (5.01%) used
[2.095s][info   ][gc,metaspace] Metaspace: 1088M reserved, 5696K (0.51%) committed, 5503K (0.49%) used
[2.599s][info   ][gc,heap,exit] Heap
[2.599s][info   ][gc,heap,exit] Epsilon Heap
[2.599s][info   ][gc,heap,exit] Allocation space:
[2.599s][info   ][gc,heap,exit]  space 2359296K,  97% used [0x0000000080200000, 0x000000010c4e1d40, 0x0000000110200000)
[2.599s][info   ][gc,heap,exit]  Metaspace       used 5539K, committed 5760K, reserved 1114112K
[2.599s][info   ][gc,heap,exit]   class space    used 526K, committed 640K, reserved 1048576K
[2.599s][info   ][gc          ] Heap: 30718M reserved, 2304M (7.50%) committed, 2242M (7.30%) used
[2.599s][info   ][gc,metaspace] Metaspace: 1088M reserved, 5760K (0.52%) committed, 5539K (0.50%) used
