[0.016s][info][gc,init] CardTable entry size: 512
[0.017s][info][gc     ] Using G1
[0.029s][info][gc,init] Version: 20+36-2344 (release)
[0.029s][info][gc,init] CPUs: 48 total, 48 available
[0.029s][info][gc,init] Memory: 382G
[0.029s][info][gc,init] Large Page Support: Disabled
[0.029s][info][gc,init] NUMA Support: Disabled
[0.029s][info][gc,init] Compressed Oops: Enabled (Zero based)
[0.029s][info][gc,init] Heap Region Size: 16M
[0.029s][info][gc,init] Heap Min Capacity: 16M
[0.029s][info][gc,init] Heap Initial Capacity: 2G
[0.029s][info][gc,init] Heap Max Capacity: 30208M
[0.032s][info][gc,init] Pre-touch: Disabled
[0.032s][info][gc,init] Parallel Workers: 33
[0.032s][info][gc,init] Concurrent Workers: 8
[0.032s][info][gc,init] Concurrent Refinement Workers: 33
[0.032s][info][gc,init] Periodic GC: Disabled
[0.033s][info][gc,metaspace] CDS archive(s) mapped at: [0x0000000800000000-0x0000000800c60000-0x0000000800c60000), size 12976128, SharedBaseAddress: 0x0000000800000000, ArchiveRelocationMode: 0.
[0.033s][info][gc,metaspace] Compressed class space mapped at: 0x0000000801000000-0x0000000841000000, reserved size: 1073741824
[0.033s][info][gc,metaspace] Narrow klass base: 0x0000000800000000, Narrow klass shift: 0, Narrow klass range: 0x100000000
[0.366s][info][gc,start    ] GC(0) Pause Full (System.gc())
[0.366s][info][gc,task     ] GC(0) Using 2 workers of 33 for full compaction
[0.367s][info][gc,phases,start] GC(0) Phase 1: Mark live objects
[0.371s][info][gc,phases      ] GC(0) Phase 1: Mark live objects 4.340ms
[0.371s][info][gc,phases,start] GC(0) Phase 2: Prepare compaction
[0.375s][info][gc,phases      ] GC(0) Phase 2: Prepare compaction 4.107ms
[0.375s][info][gc,phases,start] GC(0) Phase 3: Adjust pointers
[0.378s][info][gc,phases      ] GC(0) Phase 3: Adjust pointers 3.161ms
[0.378s][info][gc,phases,start] GC(0) Phase 4: Compact heap
[0.381s][info][gc,phases      ] GC(0) Phase 4: Compact heap 2.655ms
[0.393s][info][gc,heap        ] GC(0) Eden regions: 2->0(1)
[0.393s][info][gc,heap        ] GC(0) Survivor regions: 0->0(0)
[0.393s][info][gc,heap        ] GC(0) Old regions: 0->2
[0.393s][info][gc,heap        ] GC(0) Archive regions: 0->0
[0.393s][info][gc,heap        ] GC(0) Humongous regions: 0->0
[0.393s][info][gc,metaspace   ] GC(0) Metaspace: 3350K(3584K)->3350K(3584K) NonClass: 3029K(3136K)->3029K(3136K) Class: 320K(448K)->320K(448K)
[0.393s][info][gc             ] GC(0) Pause Full (System.gc()) 21M->1M(112M) 26.928ms
[0.393s][info][gc,cpu         ] GC(0) User=0.08s Sys=0.03s Real=0.03s
[0.487s][info][gc,start       ] GC(1) Pause Young (Normal) (G1 Evacuation Pause)
[0.487s][info][gc,task        ] GC(1) Using 2 workers of 33 for evacuation
[0.490s][info][gc,phases      ] GC(1)   Pre Evacuate Collection Set: 0.1ms
[0.490s][info][gc,phases      ] GC(1)   Merge Heap Roots: 0.5ms
[0.490s][info][gc,phases      ] GC(1)   Evacuate Collection Set: 1.5ms
[0.490s][info][gc,phases      ] GC(1)   Post Evacuate Collection Set: 0.7ms
[0.490s][info][gc,phases      ] GC(1)   Other: 0.2ms
[0.490s][info][gc,heap        ] GC(1) Eden regions: 1->0(1)
[0.490s][info][gc,heap        ] GC(1) Survivor regions: 0->1(1)
[0.490s][info][gc,heap        ] GC(1) Old regions: 2->2
[0.490s][info][gc,heap        ] GC(1) Archive regions: 0->0
[0.490s][info][gc,heap        ] GC(1) Humongous regions: 0->0
[0.490s][info][gc,metaspace   ] GC(1) Metaspace: 4971K(5248K)->4971K(5248K) NonClass: 4486K(4608K)->4486K(4608K) Class: 484K(640K)->484K(640K)
[0.490s][info][gc             ] GC(1) Pause Young (Normal) (G1 Evacuation Pause) 17M->2M(112M) 3.534ms
[0.490s][info][gc,cpu         ] GC(1) User=0.00s Sys=0.02s Real=0.01s
[0.601s][info][gc,start       ] GC(2) Pause Young (Normal) (G1 Evacuation Pause)
[0.603s][info][gc,task        ] GC(2) Using 33 workers of 33 for evacuation
[0.608s][info][gc,phases      ] GC(2)   Pre Evacuate Collection Set: 0.1ms
[0.608s][info][gc,phases      ] GC(2)   Merge Heap Roots: 0.1ms
[0.608s][info][gc,phases      ] GC(2)   Evacuate Collection Set: 4.2ms
[0.608s][info][gc,phases      ] GC(2)   Post Evacuate Collection Set: 0.7ms
[0.608s][info][gc,phases      ] GC(2)   Other: 1.7ms
[0.608s][info][gc,heap        ] GC(2) Eden regions: 1->0(1)
[0.608s][info][gc,heap        ] GC(2) Survivor regions: 1->1(1)
[0.608s][info][gc,heap        ] GC(2) Old regions: 2->2
[0.608s][info][gc,heap        ] GC(2) Archive regions: 0->0
[0.608s][info][gc,heap        ] GC(2) Humongous regions: 0->0
[0.608s][info][gc,metaspace   ] GC(2) Metaspace: 5372K(5632K)->5372K(5632K) NonClass: 4852K(4992K)->4852K(4992K) Class: 519K(640K)->519K(640K)
[0.608s][info][gc             ] GC(2) Pause Young (Normal) (G1 Evacuation Pause) 18M->4M(112M) 7.190ms
[0.608s][info][gc,cpu         ] GC(2) User=0.00s Sys=0.00s Real=0.00s
[0.626s][info][gc,start       ] GC(3) Pause Young (Normal) (G1 Evacuation Pause)
[0.626s][info][gc,task        ] GC(3) Using 33 workers of 33 for evacuation
[0.640s][info][gc,phases      ] GC(3)   Pre Evacuate Collection Set: 0.1ms
[0.640s][info][gc,phases      ] GC(3)   Merge Heap Roots: 0.1ms
[0.640s][info][gc,phases      ] GC(3)   Evacuate Collection Set: 13.7ms
[0.640s][info][gc,phases      ] GC(3)   Post Evacuate Collection Set: 0.4ms
[0.640s][info][gc,phases      ] GC(3)   Other: 0.1ms
[0.640s][info][gc,heap        ] GC(3) Eden regions: 1->0(1)
[0.640s][info][gc,heap        ] GC(3) Survivor regions: 1->1(1)
[0.640s][info][gc,heap        ] GC(3) Old regions: 2->3
[0.640s][info][gc,heap        ] GC(3) Archive regions: 0->0
[0.640s][info][gc,heap        ] GC(3) Humongous regions: 0->0
[0.640s][info][gc,metaspace   ] GC(3) Metaspace: 5400K(5632K)->5400K(5632K) NonClass: 4879K(4992K)->4879K(4992K) Class: 521K(640K)->521K(640K)
[0.640s][info][gc             ] GC(3) Pause Young (Normal) (G1 Evacuation Pause) 20M->18M(112M) 14.628ms
[0.640s][info][gc,cpu         ] GC(3) User=0.08s Sys=0.45s Real=0.02s
[0.723s][info][gc,start       ] GC(4) Pause Young (Normal) (G1 Evacuation Pause)
[0.723s][info][gc,task        ] GC(4) Using 33 workers of 33 for evacuation
[0.738s][info][gc,phases      ] GC(4)   Pre Evacuate Collection Set: 0.1ms
[0.738s][info][gc,phases      ] GC(4)   Merge Heap Roots: 0.1ms
[0.738s][info][gc,phases      ] GC(4)   Evacuate Collection Set: 12.1ms
[0.738s][info][gc,phases      ] GC(4)   Post Evacuate Collection Set: 2.9ms
[0.738s][info][gc,phases      ] GC(4)   Other: 0.1ms
[0.738s][info][gc,heap        ] GC(4) Eden regions: 1->0(4)
[0.738s][info][gc,heap        ] GC(4) Survivor regions: 1->1(1)
[0.738s][info][gc,heap        ] GC(4) Old regions: 3->4
[0.738s][info][gc,heap        ] GC(4) Archive regions: 0->0
[0.738s][info][gc,heap        ] GC(4) Humongous regions: 0->0
[0.738s][info][gc,metaspace   ] GC(4) Metaspace: 5451K(5696K)->5451K(5696K) NonClass: 4930K(5056K)->4930K(5056K) Class: 521K(640K)->521K(640K)
[0.739s][info][gc             ] GC(4) Pause Young (Normal) (G1 Evacuation Pause) 34M->21M(1088M) 15.585ms
[0.739s][info][gc,cpu         ] GC(4) User=0.09s Sys=0.45s Real=0.02s
[0.805s][info][gc,start       ] GC(5) Pause Young (Normal) (G1 Evacuation Pause)
[0.805s][info][gc,task        ] GC(5) Using 33 workers of 33 for evacuation
[0.807s][info][gc,phases      ] GC(5)   Pre Evacuate Collection Set: 0.1ms
[0.807s][info][gc,phases      ] GC(5)   Merge Heap Roots: 0.1ms
[0.807s][info][gc,phases      ] GC(5)   Evacuate Collection Set: 1.8ms
[0.807s][info][gc,phases      ] GC(5)   Post Evacuate Collection Set: 0.3ms
[0.807s][info][gc,phases      ] GC(5)   Other: 0.1ms
[0.808s][info][gc,heap        ] GC(5) Eden regions: 4->0(39)
[0.808s][info][gc,heap        ] GC(5) Survivor regions: 1->1(1)
[0.808s][info][gc,heap        ] GC(5) Old regions: 4->4
[0.808s][info][gc,heap        ] GC(5) Archive regions: 0->0
[0.808s][info][gc,heap        ] GC(5) Humongous regions: 0->0
[0.808s][info][gc,metaspace   ] GC(5) Metaspace: 5463K(5696K)->5463K(5696K) NonClass: 4942K(5056K)->4942K(5056K) Class: 521K(640K)->521K(640K)
[0.808s][info][gc             ] GC(5) Pause Young (Normal) (G1 Evacuation Pause) 85M->20M(1088M) 2.669ms
[0.808s][info][gc,cpu         ] GC(5) User=0.02s Sys=0.02s Real=0.02s
[1.189s][info][gc,start       ] GC(6) Pause Young (Normal) (G1 Evacuation Pause)
[1.189s][info][gc,task        ] GC(6) Using 33 workers of 33 for evacuation
[1.195s][info][gc,phases      ] GC(6)   Pre Evacuate Collection Set: 0.1ms
[1.195s][info][gc,phases      ] GC(6)   Merge Heap Roots: 0.2ms
[1.195s][info][gc,phases      ] GC(6)   Evacuate Collection Set: 4.5ms
[1.195s][info][gc,phases      ] GC(6)   Post Evacuate Collection Set: 0.4ms
[1.195s][info][gc,phases      ] GC(6)   Other: 0.1ms
[1.195s][info][gc,heap        ] GC(6) Eden regions: 39->0(39)
[1.195s][info][gc,heap        ] GC(6) Survivor regions: 1->1(5)
[1.195s][info][gc,heap        ] GC(6) Old regions: 4->4
[1.195s][info][gc,heap        ] GC(6) Archive regions: 0->0
[1.195s][info][gc,heap        ] GC(6) Humongous regions: 0->0
[1.195s][info][gc,metaspace   ] GC(6) Metaspace: 5486K(5760K)->5486K(5760K) NonClass: 4963K(5120K)->4963K(5120K) Class: 522K(640K)->522K(640K)
[1.195s][info][gc             ] GC(6) Pause Young (Normal) (G1 Evacuation Pause) 644M->26M(1088M) 5.594ms
[1.195s][info][gc,cpu         ] GC(6) User=0.06s Sys=0.00s Real=0.02s
[1.440s][info][gc,start       ] GC(7) Pause Young (Normal) (G1 Evacuation Pause)
[1.440s][info][gc,task        ] GC(7) Using 33 workers of 33 for evacuation
[1.443s][info][gc,phases      ] GC(7)   Pre Evacuate Collection Set: 0.1ms
[1.443s][info][gc,phases      ] GC(7)   Merge Heap Roots: 0.2ms
[1.443s][info][gc,phases      ] GC(7)   Evacuate Collection Set: 2.3ms
[1.443s][info][gc,phases      ] GC(7)   Post Evacuate Collection Set: 0.4ms
[1.443s][info][gc,phases      ] GC(7)   Other: 0.1ms
[1.443s][info][gc,heap        ] GC(7) Eden regions: 39->0(39)
[1.443s][info][gc,heap        ] GC(7) Survivor regions: 1->1(5)
[1.443s][info][gc,heap        ] GC(7) Old regions: 4->4
[1.443s][info][gc,heap        ] GC(7) Archive regions: 0->0
[1.443s][info][gc,heap        ] GC(7) Humongous regions: 0->0
[1.443s][info][gc,metaspace   ] GC(7) Metaspace: 5486K(5760K)->5486K(5760K) NonClass: 4963K(5120K)->4963K(5120K) Class: 522K(640K)->522K(640K)
[1.444s][info][gc             ] GC(7) Pause Young (Normal) (G1 Evacuation Pause) 650M->29M(1088M) 3.303ms
[1.444s][info][gc,cpu         ] GC(7) User=0.00s Sys=0.00s Real=0.00s
[1.665s][info][gc,start       ] GC(8) Pause Young (Normal) (G1 Evacuation Pause)
[1.665s][info][gc,task        ] GC(8) Using 33 workers of 33 for evacuation
[1.670s][info][gc,phases      ] GC(8)   Pre Evacuate Collection Set: 0.1ms
[1.670s][info][gc,phases      ] GC(8)   Merge Heap Roots: 0.2ms
[1.670s][info][gc,phases      ] GC(8)   Evacuate Collection Set: 2.2ms
[1.670s][info][gc,phases      ] GC(8)   Post Evacuate Collection Set: 2.1ms
[1.670s][info][gc,phases      ] GC(8)   Other: 0.1ms
[1.670s][info][gc,heap        ] GC(8) Eden regions: 39->0(63)
[1.670s][info][gc,heap        ] GC(8) Survivor regions: 1->1(5)
[1.670s][info][gc,heap        ] GC(8) Old regions: 4->4
[1.670s][info][gc,heap        ] GC(8) Archive regions: 0->0
[1.670s][info][gc,heap        ] GC(8) Humongous regions: 0->0
[1.670s][info][gc,metaspace   ] GC(8) Metaspace: 5486K(5760K)->5486K(5760K) NonClass: 4963K(5120K)->4963K(5120K) Class: 522K(640K)->522K(640K)
[1.670s][info][gc             ] GC(8) Pause Young (Normal) (G1 Evacuation Pause) 653M->27M(1712M) 4.978ms
[1.670s][info][gc,cpu         ] GC(8) User=0.00s Sys=0.00s Real=0.00s
[1.836s][info][gc,heap,exit   ] Heap
[1.836s][info][gc,heap,exit   ]  garbage-first heap   total 1753088K, used 241940K [0x00000000a0000000, 0x0000000800000000)
[1.836s][info][gc,heap,exit   ]   region size 16384K, 15 young (245760K), 1 survivors (16384K)
[1.836s][info][gc,heap,exit   ]  Metaspace       used 5521K, committed 5760K, reserved 1114112K
[1.836s][info][gc,heap,exit   ]   class space    used 525K, committed 640K, reserved 1048576K
