[0.017s][info][gc,init] CardTable entry size: 512
[0.017s][info][gc     ] Using Parallel
[0.030s][info][gc,init] Version: 20+36-2344 (release)
[0.030s][info][gc,init] CPUs: 48 total, 48 available
[0.030s][info][gc,init] Memory: 382G
[0.030s][info][gc,init] Large Page Support: Disabled
[0.030s][info][gc,init] NUMA Support: Disabled
[0.030s][info][gc,init] Compressed Oops: Enabled (Zero based)
[0.030s][info][gc,init] Alignments: Space 512K, Generation 512K, Heap 2M
[0.030s][info][gc,init] Heap Min Capacity: 8M
[0.030s][info][gc,init] Heap Initial Capacity: 2G
[0.030s][info][gc,init] Heap Max Capacity: 30718M
[0.064s][info][gc,init] Pre-touch: Disabled
[0.065s][info][gc,init] Parallel Workers: 33
[0.066s][info][gc,metaspace] CDS archive(s) mapped at: [0x0000000800000000-0x0000000800c60000-0x0000000800c60000), size 12976128, SharedBaseAddress: 0x0000000800000000, ArchiveRelocationMode: 0.
[0.066s][info][gc,metaspace] Compressed class space mapped at: 0x0000000801000000-0x0000000841000000, reserved size: 1073741824
[0.066s][info][gc,metaspace] Narrow klass base: 0x0000000800000000, Narrow klass shift: 0, Narrow klass range: 0x100000000
[1.065s][info][gc,start    ] GC(0) Pause Young (System.gc())
[1.071s][info][gc,heap     ] GC(0) PSYoungGen: 83968K(611840K)->2630K(611840K) Eden: 83968K(524800K)->0K(524800K) From: 0K(87040K)->2630K(87040K)
[1.071s][info][gc,heap     ] GC(0) ParOldGen: 0K(1398272K)->8K(1398272K)
[1.071s][info][gc,metaspace] GC(0) Metaspace: 3367K(3584K)->3367K(3584K) NonClass: 3045K(3136K)->3045K(3136K) Class: 322K(448K)->322K(448K)
[1.071s][info][gc          ] GC(0) Pause Young (System.gc()) 82M->2M(1963M) 5.618ms
[1.071s][info][gc,cpu      ] GC(0) User=0.00s Sys=0.00s Real=0.00s
[1.071s][info][gc,start    ] GC(1) Pause Full (System.gc())
[1.071s][info][gc,phases,start] GC(1) Marking Phase
[1.078s][info][gc,phases      ] GC(1) Marking Phase 6.664ms
[1.078s][info][gc,phases,start] GC(1) Summary Phase
[1.078s][info][gc,phases      ] GC(1) Summary Phase 0.014ms
[1.078s][info][gc,phases,start] GC(1) Adjust Roots
[1.079s][info][gc,phases      ] GC(1) Adjust Roots 1.724ms
[1.079s][info][gc,phases,start] GC(1) Compaction Phase
[1.086s][info][gc,phases      ] GC(1) Compaction Phase 6.487ms
[1.086s][info][gc,phases,start] GC(1) Post Compact
[1.086s][info][gc,phases      ] GC(1) Post Compact 0.604ms
[1.086s][info][gc,heap        ] GC(1) PSYoungGen: 2630K(611840K)->0K(611840K) Eden: 0K(524800K)->0K(524800K) From: 2630K(87040K)->0K(87040K)
[1.086s][info][gc,heap        ] GC(1) ParOldGen: 8K(1398272K)->1989K(1398272K)
[1.087s][info][gc,metaspace   ] GC(1) Metaspace: 3367K(3584K)->3367K(3584K) NonClass: 3045K(3136K)->3045K(3136K) Class: 322K(448K)->322K(448K)
[1.087s][info][gc             ] GC(1) Pause Full (System.gc()) 2M->1M(1963M) 15.645ms
[1.087s][info][gc,cpu         ] GC(1) User=0.42s Sys=0.00s Real=0.02s
[1.676s][info][gc,start       ] GC(2) Pause Young (Allocation Failure)
[1.690s][info][gc,heap        ] GC(2) PSYoungGen: 524800K(611840K)->19852K(611840K) Eden: 524800K(524800K)->0K(524800K) From: 0K(87040K)->19852K(87040K)
[1.690s][info][gc,heap        ] GC(2) ParOldGen: 1989K(1398272K)->1997K(1398272K)
[1.690s][info][gc,metaspace   ] GC(2) Metaspace: 5463K(5696K)->5463K(5696K) NonClass: 4941K(5056K)->4941K(5056K) Class: 522K(640K)->522K(640K)
[1.690s][info][gc             ] GC(2) Pause Young (Allocation Failure) 514M->21M(1963M) 14.322ms
[1.690s][info][gc,cpu         ] GC(2) User=0.03s Sys=0.48s Real=0.02s
[1.884s][info][gc,start       ] GC(3) Pause Young (Allocation Failure)
[1.895s][info][gc,heap        ] GC(3) PSYoungGen: 544652K(611840K)->20598K(611840K) Eden: 524800K(524800K)->0K(524800K) From: 19852K(87040K)->20598K(87040K)
[1.895s][info][gc,heap        ] GC(3) ParOldGen: 1997K(1398272K)->2005K(1398272K)
[1.895s][info][gc,metaspace   ] GC(3) Metaspace: 5485K(5760K)->5485K(5760K) NonClass: 4961K(5120K)->4961K(5120K) Class: 523K(640K)->523K(640K)
[1.895s][info][gc             ] GC(3) Pause Young (Allocation Failure) 533M->22M(1963M) 11.787ms
[1.895s][info][gc,cpu         ] GC(3) User=0.06s Sys=0.50s Real=0.02s
[2.039s][info][gc,start       ] GC(4) Pause Young (Allocation Failure)
[2.051s][info][gc,heap        ] GC(4) PSYoungGen: 545398K(611840K)->20843K(1136640K) Eden: 524800K(524800K)->0K(1049600K) From: 20598K(87040K)->20843K(87040K)
[2.051s][info][gc,heap        ] GC(4) ParOldGen: 2005K(1398272K)->2013K(1398272K)
[2.051s][info][gc,metaspace   ] GC(4) Metaspace: 5485K(5760K)->5485K(5760K) NonClass: 4961K(5120K)->4961K(5120K) Class: 523K(640K)->523K(640K)
[2.051s][info][gc             ] GC(4) Pause Young (Allocation Failure) 534M->22M(2475M) 12.200ms
[2.051s][info][gc,cpu         ] GC(4) User=0.05s Sys=0.47s Real=0.02s
[2.454s][info][gc,heap,exit   ] Heap
[2.454s][info][gc,heap,exit   ]  PSYoungGen      total 1136640K, used 977776K [0x0000000580100000, 0x00000005cac00000, 0x0000000800000000)
[2.454s][info][gc,heap,exit   ]   eden space 1049600K, 91% used [0x0000000580100000,0x00000005ba781708,0x00000005c0200000)
[2.454s][info][gc,heap,exit   ]   from space 87040K, 23% used [0x00000005c5700000,0x00000005c6b5ac70,0x00000005cac00000)
[2.454s][info][gc,heap,exit   ]   to   space 87040K, 0% used [0x00000005c0200000,0x00000005c0200000,0x00000005c5700000)
[2.454s][info][gc,heap,exit   ]  ParOldGen       total 1398272K, used 2013K [0x0000000080200000, 0x00000000d5780000, 0x0000000580100000)
[2.454s][info][gc,heap,exit   ]   object space 1398272K, 0% used [0x0000000080200000,0x00000000803f75a8,0x00000000d5780000)
[2.454s][info][gc,heap,exit   ]  Metaspace       used 5521K, committed 5760K, reserved 1114112K
[2.454s][info][gc,heap,exit   ]   class space    used 526K, committed 640K, reserved 1048576K
