[0.016s][info][gc,init] CardTable entry size: 512
[0.016s][info][gc     ] Using Serial
[0.025s][info][gc,init] Version: 20+36-2344 (release)
[0.025s][info][gc,init] CPUs: 48 total, 48 available
[0.025s][info][gc,init] Memory: 382G
[0.025s][info][gc,init] Large Page Support: Disabled
[0.025s][info][gc,init] NUMA Support: Disabled
[0.025s][info][gc,init] Compressed Oops: Enabled (Zero based)
[0.025s][info][gc,init] Heap Min Capacity: 8M
[0.025s][info][gc,init] Heap Initial Capacity: 2G
[0.025s][info][gc,init] Heap Max Capacity: 30718M
[0.025s][info][gc,init] Pre-touch: Disabled
[0.051s][info][gc,metaspace] CDS archive(s) mapped at: [0x0000000800000000-0x0000000800c60000-0x0000000800c60000), size 12976128, SharedBaseAddress: 0x0000000800000000, ArchiveRelocationMode: 0.
[0.051s][info][gc,metaspace] Compressed class space mapped at: 0x0000000801000000-0x0000000841000000, reserved size: 1073741824
[0.051s][info][gc,metaspace] Narrow klass base: 0x0000000800000000, Narrow klass shift: 0, Narrow klass range: 0x100000000
[0.386s][info][gc,start    ] GC(0) Pause Full (System.gc())
[0.386s][info][gc,phases,start] GC(0) Phase 1: Mark live objects
[0.390s][info][gc,phases      ] GC(0) Phase 1: Mark live objects 3.472ms
[0.390s][info][gc,phases,start] GC(0) Phase 2: Compute new object addresses
[0.392s][info][gc,phases      ] GC(0) Phase 2: Compute new object addresses 1.946ms
[0.392s][info][gc,phases,start] GC(0) Phase 3: Adjust pointers
[0.393s][info][gc,phases      ] GC(0) Phase 3: Adjust pointers 1.682ms
[0.393s][info][gc,phases,start] GC(0) Phase 4: Move objects
[0.395s][info][gc,phases      ] GC(0) Phase 4: Move objects 1.453ms
[0.395s][info][gc,heap        ] GC(0) DefNew: 111847K(629120K)->0K(629248K) Eden: 111847K(559232K)->0K(559360K) From: 0K(69888K)->0K(69888K)
[0.395s][info][gc,heap        ] GC(0) Tenured: 0K(1398144K)->1988K(1398144K)
[0.395s][info][gc,metaspace   ] GC(0) Metaspace: 3348K(3584K)->3348K(3584K) NonClass: 3027K(3136K)->3027K(3136K) Class: 320K(448K)->320K(448K)
[0.395s][info][gc             ] GC(0) Pause Full (System.gc()) 109M->1M(1979M) 9.073ms
[0.395s][info][gc,cpu         ] GC(0) User=0.02s Sys=0.00s Real=0.01s
[0.956s][info][gc,start       ] GC(1) Pause Young (Allocation Failure)
[0.983s][info][gc,heap        ] GC(1) DefNew: 559360K(629248K)->19499K(629248K) Eden: 559360K(559360K)->0K(559360K) From: 0K(69888K)->19499K(69888K)
[0.983s][info][gc,heap        ] GC(1) Tenured: 1988K(1398144K)->1988K(1398144K)
[0.983s][info][gc,metaspace   ] GC(1) Metaspace: 5463K(5696K)->5463K(5696K) NonClass: 4942K(5056K)->4942K(5056K) Class: 521K(640K)->521K(640K)
[0.983s][info][gc             ] GC(1) Pause Young (Allocation Failure) 548M->20M(1979M) 26.573ms
[0.983s][info][gc,cpu         ] GC(1) User=0.06s Sys=0.02s Real=0.03s
[1.185s][info][gc,start       ] GC(2) Pause Young (Allocation Failure)
[1.213s][info][gc,heap        ] GC(2) DefNew: 578859K(629248K)->20140K(629248K) Eden: 559360K(559360K)->0K(559360K) From: 19499K(69888K)->20140K(69888K)
[1.213s][info][gc,heap        ] GC(2) Tenured: 1988K(1398144K)->1988K(1398144K)
[1.213s][info][gc,metaspace   ] GC(2) Metaspace: 5484K(5760K)->5484K(5760K) NonClass: 4962K(5120K)->4962K(5120K) Class: 522K(640K)->522K(640K)
[1.213s][info][gc             ] GC(2) Pause Young (Allocation Failure) 567M->21M(1979M) 28.154ms
[1.213s][info][gc,cpu         ] GC(2) User=0.03s Sys=0.02s Real=0.03s
[1.371s][info][gc,start       ] GC(3) Pause Young (Allocation Failure)
[1.388s][info][gc,heap        ] GC(3) DefNew: 579500K(629248K)->16542K(629248K) Eden: 559360K(559360K)->0K(559360K) From: 20140K(69888K)->16542K(69888K)
[1.388s][info][gc,heap        ] GC(3) Tenured: 1988K(1398144K)->1988K(1398144K)
[1.388s][info][gc,metaspace   ] GC(3) Metaspace: 5484K(5760K)->5484K(5760K) NonClass: 4962K(5120K)->4962K(5120K) Class: 522K(640K)->522K(640K)
[1.388s][info][gc             ] GC(3) Pause Young (Allocation Failure) 567M->18M(1979M) 16.800ms
[1.388s][info][gc,cpu         ] GC(3) User=0.02s Sys=0.00s Real=0.02s
[1.554s][info][gc,start       ] GC(4) Pause Young (Allocation Failure)
[1.564s][info][gc,heap        ] GC(4) DefNew: 575902K(629248K)->9189K(629248K) Eden: 559360K(559360K)->0K(559360K) From: 16542K(69888K)->9189K(69888K)
[1.564s][info][gc,heap        ] GC(4) Tenured: 1988K(1398144K)->1988K(1398144K)
[1.564s][info][gc,metaspace   ] GC(4) Metaspace: 5484K(5760K)->5484K(5760K) NonClass: 4962K(5120K)->4962K(5120K) Class: 522K(640K)->522K(640K)
[1.564s][info][gc             ] GC(4) Pause Young (Allocation Failure) 564M->10M(1979M) 10.500ms
[1.564s][info][gc,cpu         ] GC(4) User=0.03s Sys=0.00s Real=0.01s
[1.776s][info][gc,heap,exit   ] Heap
[1.776s][info][gc,heap,exit   ]  def new generation   total 629248K, used 268791K [0x0000000080200000, 0x00000000aacc0000, 0x0000000300150000)
[1.776s][info][gc,heap,exit   ]   eden space 559360K,  46% used [0x0000000080200000, 0x000000008ff84ae8, 0x00000000a2440000)
[1.776s][info][gc,heap,exit   ]   from space 69888K,  13% used [0x00000000a2440000, 0x00000000a2d39450, 0x00000000a6880000)
[1.776s][info][gc,heap,exit   ]   to   space 69888K,   0% used [0x00000000a6880000, 0x00000000a6880000, 0x00000000aacc0000)
[1.776s][info][gc,heap,exit   ]  tenured generation   total 1398144K, used 1988K [0x0000000300150000, 0x00000003556b0000, 0x0000000800000000)
[1.776s][info][gc,heap,exit   ]    the space 1398144K,   0% used [0x0000000300150000, 0x0000000300341160, 0x0000000300341200, 0x00000003556b0000)
[1.776s][info][gc,heap,exit   ]  Metaspace       used 5523K, committed 5760K, reserved 1114112K
[1.776s][info][gc,heap,exit   ]   class space    used 525K, committed 640K, reserved 1048576K
