[0.018s][info][gc,init] Initializing The Z Garbage Collector
[0.018s][info][gc,init] Version: 20+36-2344 (release)
[0.018s][info][gc,init] NUMA Support: Disabled
[0.018s][info][gc,init] CPUs: 48 total, 48 available
[0.018s][info][gc,init] Memory: 391843M
[0.018s][info][gc,init] Large Page Support: Disabled
[0.018s][info][gc,init] GC Workers: 12 (dynamic)
[0.020s][info][gc,init] Address Space Type: Contiguous/Unrestricted/Complete
[0.020s][info][gc,init] Address Space Size: 491488M x 3 = 1474464M
[0.020s][info][gc,init] Min Capacity: 8M
[0.020s][info][gc,init] Initial Capacity: 2048M
[0.054s][info][gc,init] Max Capacity: 30718M
[0.054s][info][gc,init] Medium Page Size: 32M
[0.054s][info][gc,init] Pre-touch: Disabled
[0.054s][info][gc,init] Uncommit: Enabled
[0.054s][info][gc,init] Uncommit Delay: 300s
[0.138s][info][gc,init] Runtime Workers: 29
[0.141s][info][gc     ] Using The Z Garbage Collector
[0.142s][info][gc,metaspace] CDS archive(s) mapped at: [0x0000000800000000-0x0000000800c60000-0x0000000800c60000), size 12976128, SharedBaseAddress: 0x0000000800000000, ArchiveRelocationMode: 0.
[0.142s][info][gc,metaspace] Compressed class space mapped at: 0x0000000801000000-0x0000000841000000, reserved size: 1073741824
[0.142s][info][gc,metaspace] Narrow klass base: 0x0000000800000000, Narrow klass shift: 0, Narrow klass range: 0x100000000
[0.624s][info][gc,start    ] GC(0) Garbage Collection (System.gc())
[0.624s][info][gc,task     ] GC(0) Using 12 workers
[0.624s][info][gc,phases   ] GC(0) Pause Mark Start 0.016ms
[0.629s][info][gc,phases   ] GC(0) Concurrent Mark 5.213ms
[0.630s][info][gc,phases   ] GC(0) Pause Mark End 0.029ms
[0.630s][info][gc,phases   ] GC(0) Concurrent Mark Free 0.001ms
[0.630s][info][gc,phases   ] GC(0) Concurrent Process Non-Strong References 0.587ms
[0.630s][info][gc,phases   ] GC(0) Concurrent Reset Relocation Set 0.001ms
[0.645s][info][gc,phases   ] GC(0) Concurrent Select Relocation Set 14.266ms
[0.645s][info][gc,phases   ] GC(0) Pause Relocate Start 0.006ms
[0.646s][info][gc,phases   ] GC(0) Concurrent Relocate 1.725ms
[0.646s][info][gc,load     ] GC(0) Load: 0.00/0.00/0.00
[0.647s][info][gc,mmu      ] GC(0) MMU: 2ms/98.6%, 5ms/99.4%, 10ms/99.6%, 20ms/99.8%, 50ms/99.9%, 100ms/99.9%
[0.647s][info][gc,marking  ] GC(0) Mark: 8 stripe(s), 2 proactive flush(es), 1 terminate flush(es), 0 completion(s), 0 continuation(s) 
[0.647s][info][gc,marking  ] GC(0) Mark Stack Usage: 32M
[0.647s][info][gc,nmethod  ] GC(0) NMethods: 651 registered, 48 unregistered
[0.647s][info][gc,metaspace] GC(0) Metaspace: 3M used, 3M committed, 1088M reserved
[0.647s][info][gc,ref      ] GC(0) Soft: 196 encountered, 0 discovered, 0 enqueued
[0.647s][info][gc,ref      ] GC(0) Weak: 547 encountered, 244 discovered, 139 enqueued
[0.647s][info][gc,ref      ] GC(0) Final: 8 encountered, 7 discovered, 0 enqueued
[0.647s][info][gc,ref      ] GC(0) Phantom: 125 encountered, 84 discovered, 68 enqueued
[0.647s][info][gc,reloc    ] GC(0) Small Pages: 11 / 22M, Empty: 0M, Relocated: 0M, In-Place: 0
[0.647s][info][gc,reloc    ] GC(0) Medium Pages: 1 / 32M, Empty: 0M, Relocated: 0M, In-Place: 0
[0.647s][info][gc,reloc    ] GC(0) Large Pages: 0 / 0M, Empty: 0M, Relocated: 0M, In-Place: 0
[0.647s][info][gc,reloc    ] GC(0) Forwarding Usage: 0M
[0.647s][info][gc,heap     ] GC(0) Min Capacity: 8M(0%)
[0.647s][info][gc,heap     ] GC(0) Max Capacity: 30718M(100%)
[0.647s][info][gc,heap     ] GC(0) Soft Max Capacity: 30718M(100%)
[0.647s][info][gc,heap     ] GC(0)                Mark Start          Mark End        Relocate Start      Relocate End           High               Low         
[0.647s][info][gc,heap     ] GC(0)  Capacity:     2048M (7%)         2048M (7%)         2048M (7%)         2048M (7%)         2048M (7%)         2048M (7%)     
[0.647s][info][gc,heap     ] GC(0)      Free:    30664M (100%)      30664M (100%)      30660M (100%)      30660M (100%)      30664M (100%)      30650M (100%)   
[0.647s][info][gc,heap     ] GC(0)      Used:       54M (0%)           54M (0%)           58M (0%)           58M (0%)           68M (0%)           54M (0%)     
[0.647s][info][gc,heap     ] GC(0)      Live:         -                 2M (0%)            2M (0%)            2M (0%)             -                  -          
[0.647s][info][gc,heap     ] GC(0) Allocated:         -                 0M (0%)            4M (0%)            4M (0%)             -                  -          
[0.647s][info][gc,heap     ] GC(0)   Garbage:         -                51M (0%)           51M (0%)           51M (0%)             -                  -          
[0.647s][info][gc,heap     ] GC(0) Reclaimed:         -                  -                 0M (0%)            0M (0%)             -                  -          
[0.647s][info][gc          ] GC(0) Garbage Collection (System.gc()) 54M(0%)->58M(0%)
[2.635s][info][gc,heap,exit] Heap
[2.635s][info][gc,heap,exit]  ZHeap           used 2312M, capacity 2312M, max capacity 30718M
[2.635s][info][gc,heap,exit]  Metaspace       used 5519K, committed 5760K, reserved 1114112K
[2.635s][info][gc,heap,exit]   class space    used 525K, committed 640K, reserved 1048576K
