[0.015s][info][gc] Using Epsilon
[0.017s][info][gc,init] Version: 20+36-2344 (release)
[0.017s][info][gc,init] CPUs: 48 total, 48 available
[0.017s][info][gc,init] Memory: 382G
[0.017s][info][gc,init] Large Page Support: Disabled
[0.017s][info][gc,init] NUMA Support: Disabled
[0.017s][info][gc,init] Compressed Oops: Enabled (32-bit)
[0.017s][info][gc,init] Heap Min Capacity: 6656K
[0.017s][info][gc,init] Heap Initial Capacity: 512M
[0.017s][info][gc,init] Heap Max Capacity: 512M
[0.017s][info][gc,init] Pre-touch: Disabled
[0.017s][warning][gc,init] Consider enabling -XX:+AlwaysPreTouch to avoid memory commit hiccups
[0.034s][info   ][gc,init] TLAB Size Max: 4M
[0.034s][info   ][gc,init] TLAB Size Elasticity: 1.10x
[0.034s][info   ][gc,init] TLAB Size Decay Time: 1000ms
[0.035s][info   ][gc,metaspace] CDS archive(s) mapped at: [0x0000000800000000-0x0000000800c60000-0x0000000800c60000), size 12976128, SharedBaseAddress: 0x0000000800000000, ArchiveRelocationMode: 0.
[0.035s][info   ][gc,metaspace] Compressed class space mapped at: 0x0000000801000000-0x0000000841000000, reserved size: 1073741824
[0.035s][info   ][gc,metaspace] Narrow klass base: 0x0000000800000000, Narrow klass shift: 0, Narrow klass range: 0x100000000
[3.216s][info   ][gc          ] Heap: 512M reserved, 512M (100.00%) committed, 26557K (5.07%) used
[3.216s][info   ][gc,metaspace] Metaspace: 1088M reserved, 8512K (0.76%) committed, 8281K (0.74%) used
[9.987s][info   ][gc          ] Heap: 512M reserved, 512M (100.00%) committed, 53062K (10.12%) used
[9.987s][info   ][gc,metaspace] Metaspace: 1088M reserved, 12992K (1.17%) committed, 12730K (1.14%) used
[10.439s][info   ][gc          ] Heap: 512M reserved, 512M (100.00%) committed, 80832K (15.42%) used
[10.439s][info   ][gc,metaspace] Metaspace: 1088M reserved, 21504K (1.93%) committed, 21225K (1.91%) used
[10.442s][info   ][gc          ] GC request for "Metadata GC Threshold" is handled
[10.442s][info   ][gc,metaspace] Metaspace: 1088M reserved, 21504K (1.93%) committed, 21265K (1.91%) used
[10.981s][info   ][gc          ] Heap: 512M reserved, 512M (100.00%) committed, 106M (20.78%) used
[10.981s][info   ][gc,metaspace] Metaspace: 1088M reserved, 29888K (2.68%) committed, 29552K (2.65%) used
[11.474s][info   ][gc          ] GC request for "Metadata GC Threshold" is handled
[11.474s][info   ][gc,metaspace] Metaspace: 1088M reserved, 35840K (3.22%) committed, 35445K (3.18%) used
[11.647s][info   ][gc          ] Heap: 512M reserved, 512M (100.00%) committed, 135M (26.54%) used
[11.647s][info   ][gc,metaspace] Metaspace: 1088M reserved, 38784K (3.48%) committed, 38353K (3.44%) used
[12.067s][info   ][gc          ] Heap: 512M reserved, 512M (100.00%) committed, 162M (31.71%) used
[12.067s][info   ][gc,metaspace] Metaspace: 1088M reserved, 43136K (3.87%) committed, 42742K (3.84%) used
[12.756s][info   ][gc          ] Heap: 512M reserved, 512M (100.00%) committed, 190M (37.17%) used
[12.756s][info   ][gc,metaspace] Metaspace: 1088M reserved, 43136K (3.87%) committed, 42742K (3.84%) used
[13.565s][info   ][gc          ] Heap: 512M reserved, 512M (100.00%) committed, 218M (42.64%) used
[13.565s][info   ][gc,metaspace] Metaspace: 1088M reserved, 43136K (3.87%) committed, 42742K (3.84%) used
[46.048s][info   ][gc          ] Heap: 512M reserved, 512M (100.00%) committed, 245M (47.86%) used
[46.048s][info   ][gc,metaspace] Metaspace: 1088M reserved, 43648K (3.92%) committed, 43200K (3.88%) used
[68.364s][info   ][gc          ] Heap: 512M reserved, 512M (100.00%) committed, 270M (52.87%) used
[68.364s][info   ][gc,metaspace] Metaspace: 1088M reserved, 43648K (3.92%) committed, 43216K (3.88%) used
[73.371s][info   ][gc          ] Heap: 512M reserved, 512M (100.00%) committed, 296M (57.87%) used
[73.371s][info   ][gc,metaspace] Metaspace: 1088M reserved, 43712K (3.92%) committed, 43229K (3.88%) used
[85.278s][info   ][gc          ] Heap: 512M reserved, 512M (100.00%) committed, 322M (63.05%) used
[85.278s][info   ][gc,metaspace] Metaspace: 1088M reserved, 43712K (3.92%) committed, 43232K (3.88%) used
[99.046s][info   ][gc          ] Heap: 512M reserved, 512M (100.00%) committed, 348M (68.10%) used
[99.046s][info   ][gc,metaspace] Metaspace: 1088M reserved, 43712K (3.92%) committed, 43242K (3.88%) used
[103.460s][info   ][gc          ] Heap: 512M reserved, 512M (100.00%) committed, 375M (73.26%) used
[103.460s][info   ][gc,metaspace] Metaspace: 1088M reserved, 45696K (4.10%) committed, 45261K (4.06%) used
[103.828s][info   ][gc          ] Heap: 512M reserved, 512M (100.00%) committed, 403M (78.90%) used
[103.828s][info   ][gc,metaspace] Metaspace: 1088M reserved, 53440K (4.80%) committed, 52963K (4.75%) used
[107.264s][info   ][gc          ] GC request for "Metadata GC Threshold" is handled
[107.264s][info   ][gc,metaspace] Metaspace: 1088M reserved, 59776K (5.37%) committed, 59240K (5.32%) used
[107.385s][info   ][gc          ] Heap: 512M reserved, 512M (100.00%) committed, 430M (84.03%) used
[107.385s][info   ][gc,metaspace] Metaspace: 1088M reserved, 61376K (5.51%) committed, 60835K (5.46%) used
[107.703s][info   ][gc          ] Heap: 512M reserved, 512M (100.00%) committed, 456M (89.11%) used
[107.703s][info   ][gc,metaspace] Metaspace: 1088M reserved, 68544K (6.15%) committed, 68052K (6.11%) used
[108.284s][info   ][gc          ] Heap: 512M reserved, 512M (100.00%) committed, 484M (94.59%) used
[108.284s][info   ][gc,metaspace] Metaspace: 1152M reserved, 77312K (6.55%) committed, 76727K (6.50%) used
[108.688s][info   ][gc          ] Heap: 512M reserved, 512M (100.00%) committed, 510M (99.62%) used
[108.688s][info   ][gc,metaspace] Metaspace: 1152M reserved, 84096K (7.13%) committed, 83532K (7.08%) used
