[0.016s][info][gc] Using Epsilon
[0.019s][info][gc,init] Version: 20+36-2344 (release)
[0.020s][info][gc,init] CPUs: 48 total, 48 available
[0.020s][info][gc,init] Memory: 382G
[0.020s][info][gc,init] Large Page Support: Disabled
[0.020s][info][gc,init] NUMA Support: Disabled
[0.020s][info][gc,init] Compressed Oops: Enabled (32-bit)
[0.020s][info][gc,init] Heap Min Capacity: 6656K
[0.020s][info][gc,init] Heap Initial Capacity: 1G
[0.020s][info][gc,init] Heap Max Capacity: 1G
[0.020s][info][gc,init] Pre-touch: Disabled
[0.020s][warning][gc,init] Consider enabling -XX:+AlwaysPreTouch to avoid memory commit hiccups
[0.045s][info   ][gc,init] TLAB Size Max: 4M
[0.045s][info   ][gc,init] TLAB Size Elasticity: 1.10x
[0.045s][info   ][gc,init] TLAB Size Decay Time: 1000ms
[0.047s][info   ][gc,metaspace] CDS archive(s) mapped at: [0x0000000800000000-0x0000000800c60000-0x0000000800c60000), size 12976128, SharedBaseAddress: 0x0000000800000000, ArchiveRelocationMode: 0.
[0.047s][info   ][gc,metaspace] Compressed class space mapped at: 0x0000000801000000-0x0000000841000000, reserved size: 1073741824
[0.047s][info   ][gc,metaspace] Narrow klass base: 0x0000000800000000, Narrow klass shift: 0, Narrow klass range: 0x100000000
[10.149s][info   ][gc          ] Heap: 1024M reserved, 1024M (100.00%) committed, 52955K (5.05%) used
[10.149s][info   ][gc,metaspace] Metaspace: 1088M reserved, 12928K (1.16%) committed, 12671K (1.14%) used
[10.691s][info   ][gc          ] GC request for "Metadata GC Threshold" is handled
[10.691s][info   ][gc,metaspace] Metaspace: 1088M reserved, 21504K (1.93%) committed, 21271K (1.91%) used
[11.209s][info   ][gc          ] Heap: 1024M reserved, 1024M (100.00%) committed, 106M (10.41%) used
[11.209s][info   ][gc,metaspace] Metaspace: 1088M reserved, 29824K (2.68%) committed, 29510K (2.65%) used
[11.575s][info   ][gc          ] GC request for "Metadata GC Threshold" is handled
[11.575s][info   ][gc,metaspace] Metaspace: 1088M reserved, 35840K (3.22%) committed, 35448K (3.18%) used
[12.064s][info   ][gc          ] Heap: 1024M reserved, 1024M (100.00%) committed, 158M (15.49%) used
[12.064s][info   ][gc,metaspace] Metaspace: 1088M reserved, 43072K (3.87%) committed, 42721K (3.83%) used
[13.387s][info   ][gc          ] Heap: 1024M reserved, 1024M (100.00%) committed, 210M (20.57%) used
[13.387s][info   ][gc,metaspace] Metaspace: 1088M reserved, 43136K (3.87%) committed, 42747K (3.84%) used
[16.154s][info   ][gc          ] Heap: 1024M reserved, 1024M (100.00%) committed, 261M (25.58%) used
[16.154s][info   ][gc,metaspace] Metaspace: 1088M reserved, 43136K (3.87%) committed, 42747K (3.84%) used
[49.723s][info   ][gc          ] Heap: 1024M reserved, 1024M (100.00%) committed, 314M (30.75%) used
[49.723s][info   ][gc,metaspace] Metaspace: 1088M reserved, 43648K (3.92%) committed, 43206K (3.88%) used
[108.499s][info   ][gc          ] Heap: 1024M reserved, 1024M (100.00%) committed, 366M (35.77%) used
[108.499s][info   ][gc,metaspace] Metaspace: 1088M reserved, 44288K (3.98%) committed, 43834K (3.93%) used
[110.923s][info   ][gc          ] Heap: 1024M reserved, 1024M (100.00%) committed, 417M (40.77%) used
[110.923s][info   ][gc,metaspace] Metaspace: 1088M reserved, 58624K (5.26%) committed, 58072K (5.21%) used
[110.975s][info   ][gc          ] GC request for "Metadata GC Threshold" is handled
[110.976s][info   ][gc,metaspace] Metaspace: 1088M reserved, 59776K (5.37%) committed, 59255K (5.32%) used
[111.683s][info   ][gc          ] Heap: 1024M reserved, 1024M (100.00%) committed, 471M (46.06%) used
[111.683s][info   ][gc,metaspace] Metaspace: 1152M reserved, 74752K (6.34%) committed, 74220K (6.29%) used
[112.495s][info   ][gc          ] GC request for "System.gc()" is ignored
[112.571s][info   ][gc          ] Heap: 1024M reserved, 1024M (100.00%) committed, 523M (51.14%) used
[112.571s][info   ][gc,metaspace] Metaspace: 1152M reserved, 87296K (7.40%) committed, 86725K (7.35%) used
[113.439s][info   ][gc          ] Heap: 1024M reserved, 1024M (100.00%) committed, 574M (56.14%) used
[113.439s][info   ][gc,metaspace] Metaspace: 1152M reserved, 98304K (8.33%) committed, 97565K (8.27%) used
[113.561s][info   ][gc          ] GC request for "Metadata GC Threshold" is handled
[113.561s][info   ][gc,metaspace] Metaspace: 1152M reserved, 99648K (8.45%) committed, 98931K (8.39%) used
[113.803s][info   ][gc          ] Heap: 1024M reserved, 1024M (100.00%) committed, 626M (61.14%) used
[113.803s][info   ][gc,metaspace] Metaspace: 1152M reserved, 100M (8.75%) committed, 102204K (8.66%) used
[114.088s][info   ][gc          ] Heap: 1024M reserved, 1024M (100.00%) committed, 677M (66.15%) used
[114.088s][info   ][gc,metaspace] Metaspace: 1152M reserved, 105M (9.19%) committed, 103M (8.94%) used
[114.191s][info   ][gc          ] Heap: 1024M reserved, 1024M (100.00%) committed, 728M (71.17%) used
[114.191s][info   ][gc,metaspace] Metaspace: 1152M reserved, 112M (9.74%) committed, 106M (9.29%) used
[114.286s][info   ][gc          ] Heap: 1024M reserved, 1024M (100.00%) committed, 780M (76.18%) used
[114.286s][info   ][gc,metaspace] Metaspace: 1152M reserved, 116M (10.12%) committed, 109M (9.54%) used
[114.659s][info   ][gc          ] Heap: 1024M reserved, 1024M (100.00%) committed, 831M (81.19%) used
[114.659s][info   ][gc,metaspace] Metaspace: 1152M reserved, 122M (10.63%) committed, 115M (10.02%) used
[114.949s][info   ][gc          ] Heap: 1024M reserved, 1024M (100.00%) committed, 882M (86.22%) used
[114.949s][info   ][gc,metaspace] Metaspace: 1152M reserved, 126M (10.95%) committed, 119M (10.33%) used
[115.097s][info   ][gc          ] Heap: 1024M reserved, 1024M (100.00%) committed, 934M (91.24%) used
[115.097s][info   ][gc,metaspace] Metaspace: 1152M reserved, 128M (11.18%) committed, 121M (10.56%) used
[115.240s][info   ][gc          ] Heap: 1024M reserved, 1024M (100.00%) committed, 985M (96.27%) used
[115.240s][info   ][gc,metaspace] Metaspace: 1152M reserved, 130M (11.28%) committed, 122M (10.66%) used
