[0.016s][info][gc] Using Epsilon
[0.022s][info][gc,init] Version: 20+36-2344 (release)
[0.022s][info][gc,init] CPUs: 48 total, 48 available
[0.022s][info][gc,init] Memory: 382G
[0.022s][info][gc,init] Large Page Support: Disabled
[0.022s][info][gc,init] NUMA Support: Disabled
[0.022s][info][gc,init] Compressed Oops: Enabled (Zero based)
[0.022s][info][gc,init] Heap Min Capacity: 6656K
[0.022s][info][gc,init] Heap Initial Capacity: 2G
[0.022s][info][gc,init] Heap Max Capacity: 4G
[0.022s][info][gc,init] Pre-touch: Disabled
[0.022s][warning][gc,init] Consider setting -Xms equal to -Xmx to avoid resizing hiccups
[0.040s][warning][gc,init] Consider enabling -XX:+AlwaysPreTouch to avoid memory commit hiccups
[0.040s][info   ][gc,init] TLAB Size Max: 4M
[0.040s][info   ][gc,init] TLAB Size Elasticity: 1.10x
[0.040s][info   ][gc,init] TLAB Size Decay Time: 1000ms
[0.041s][info   ][gc,metaspace] CDS archive(s) mapped at: [0x0000000800000000-0x0000000800c60000-0x0000000800c60000), size 12976128, SharedBaseAddress: 0x0000000800000000, ArchiveRelocationMode: 0.
[0.041s][info   ][gc,metaspace] Compressed class space mapped at: 0x0000000801000000-0x0000000841000000, reserved size: 1073741824
[0.041s][info   ][gc,metaspace] Narrow klass base: 0x0000000800000000, Narrow klass shift: 0, Narrow klass range: 0x100000000
[10.373s][info   ][gc          ] GC request for "Metadata GC Threshold" is handled
[10.373s][info   ][gc,metaspace] Metaspace: 1088M reserved, 21504K (1.93%) committed, 21267K (1.91%) used
[11.271s][info   ][gc          ] GC request for "Metadata GC Threshold" is handled
[11.271s][info   ][gc,metaspace] Metaspace: 1088M reserved, 35840K (3.22%) committed, 35454K (3.18%) used
[13.073s][info   ][gc          ] Heap: 4096M reserved, 2048M (50.00%) committed, 206M (5.04%) used
[13.073s][info   ][gc,metaspace] Metaspace: 1088M reserved, 43136K (3.87%) committed, 42753K (3.84%) used
[76.213s][info   ][gc          ] Heap: 4096M reserved, 2048M (50.00%) committed, 415M (10.13%) used
[76.213s][info   ][gc,metaspace] Metaspace: 1088M reserved, 57088K (5.12%) committed, 56591K (5.08%) used
[77.201s][info   ][gc          ] GC request for "Metadata GC Threshold" is handled
[77.201s][info   ][gc,metaspace] Metaspace: 1088M reserved, 59776K (5.37%) committed, 59282K (5.32%) used
[78.759s][info   ][gc          ] GC request for "System.gc()" is ignored
[79.884s][info   ][gc          ] GC request for "Metadata GC Threshold" is handled
[79.884s][info   ][gc,metaspace] Metaspace: 1152M reserved, 99648K (8.45%) committed, 98908K (8.38%) used
[80.111s][info   ][gc          ] Heap: 4096M reserved, 2048M (50.00%) committed, 619M (15.13%) used
[80.111s][info   ][gc,metaspace] Metaspace: 1152M reserved, 100M (8.73%) committed, 101905K (8.64%) used
[80.914s][info   ][gc          ] Heap: 4096M reserved, 2048M (50.00%) committed, 824M (20.13%) used
[80.914s][info   ][gc,metaspace] Metaspace: 1152M reserved, 122M (10.61%) committed, 115M (9.98%) used
[86.042s][info   ][gc          ] Heap: 4096M reserved, 2048M (50.00%) committed, 1029M (25.13%) used
[86.042s][info   ][gc          ] Heap: 4096M reserved, 2048M (50.00%) committed, 1029M (25.14%) used
[86.043s][info   ][gc,metaspace] Metaspace: 1152M reserved, 127M (11.02%) committed, 119M (10.40%) used
[86.043s][info   ][gc,metaspace] Metaspace: 1152M reserved, 127M (11.02%) committed, 119M (10.40%) used
[86.154s][info   ][gc          ] Heap: 4096M reserved, 2048M (50.00%) committed, 1234M (30.13%) used
[86.154s][info   ][gc,metaspace] Metaspace: 1152M reserved, 127M (11.02%) committed, 119M (10.40%) used
[86.270s][info   ][gc          ] Heap: 4096M reserved, 2048M (50.00%) committed, 1440M (35.16%) used
[86.270s][info   ][gc,metaspace] Metaspace: 1152M reserved, 127M (11.02%) committed, 119M (10.40%) used
[86.402s][info   ][gc          ] Heap: 4096M reserved, 2048M (50.00%) committed, 1646M (40.20%) used
[86.402s][info   ][gc,metaspace] Metaspace: 1152M reserved, 127M (11.02%) committed, 119M (10.40%) used
[86.534s][info   ][gc          ] Heap: 4096M reserved, 2048M (50.00%) committed, 1851M (45.21%) used
[86.534s][info   ][gc,metaspace] Metaspace: 1152M reserved, 127M (11.02%) committed, 119M (10.40%) used
[86.675s][info   ][gc          ] Heap: 4096M reserved, 2176M (53.13%) committed, 2056M (50.22%) used
[86.675s][info   ][gc,metaspace] Metaspace: 1152M reserved, 127M (11.02%) committed, 119M (10.40%) used
[86.816s][info   ][gc          ] Heap: 4096M reserved, 2304M (56.25%) committed, 2261M (55.22%) used
[86.816s][info   ][gc,metaspace] Metaspace: 1152M reserved, 127M (11.02%) committed, 119M (10.40%) used
[86.958s][info   ][gc          ] Heap: 4096M reserved, 2560M (62.50%) committed, 2467M (60.25%) used
[86.959s][info   ][gc,metaspace] Metaspace: 1152M reserved, 127M (11.02%) committed, 119M (10.40%) used
[87.105s][info   ][gc          ] Heap: 4096M reserved, 2688M (65.63%) committed, 2675M (65.32%) used
[87.106s][info   ][gc,metaspace] Metaspace: 1152M reserved, 127M (11.02%) committed, 119M (10.40%) used
[87.254s][info   ][gc          ] Heap: 4096M reserved, 2944M (71.88%) committed, 2882M (70.38%) used
[87.255s][info   ][gc,metaspace] Metaspace: 1152M reserved, 127M (11.02%) committed, 119M (10.40%) used
[87.399s][info   ][gc          ] Heap: 4096M reserved, 3200M (78.13%) committed, 3089M (75.43%) used
[87.399s][info   ][gc,metaspace] Metaspace: 1152M reserved, 127M (11.02%) committed, 119M (10.40%) used
[87.557s][info   ][gc          ] Heap: 4096M reserved, 3328M (81.25%) committed, 3295M (80.46%) used
[87.557s][info   ][gc,metaspace] Metaspace: 1152M reserved, 127M (11.02%) committed, 119M (10.40%) used
[87.703s][info   ][gc          ] Heap: 4096M reserved, 3584M (87.50%) committed, 3503M (85.54%) used
[87.703s][info   ][gc,metaspace] Metaspace: 1152M reserved, 127M (11.02%) committed, 119M (10.40%) used
[87.846s][info   ][gc          ] Heap: 4096M reserved, 3712M (90.63%) committed, 3710M (90.60%) used
[87.846s][info   ][gc,metaspace] Metaspace: 1152M reserved, 127M (11.02%) committed, 119M (10.40%) used
[87.998s][info   ][gc          ] Heap: 4096M reserved, 3968M (96.88%) committed, 3916M (95.61%) used
[87.998s][info   ][gc,metaspace] Metaspace: 1152M reserved, 127M (11.02%) committed, 119M (10.40%) used
