[0.016s][info][gc] Using Epsilon
[0.023s][info][gc,init] Version: 20+36-2344 (release)
[0.023s][info][gc,init] CPUs: 48 total, 48 available
[0.023s][info][gc,init] Memory: 382G
[0.023s][info][gc,init] Large Page Support: Disabled
[0.023s][info][gc,init] NUMA Support: Disabled
[0.023s][info][gc,init] Compressed Oops: Enabled (32-bit)
[0.023s][info][gc,init] Heap Min Capacity: 6656K
[0.023s][info][gc,init] Heap Initial Capacity: 2G
[0.023s][info][gc,init] Heap Max Capacity: 2G
[0.023s][info][gc,init] Pre-touch: Disabled
[0.023s][warning][gc,init] Consider enabling -XX:+AlwaysPreTouch to avoid memory commit hiccups
[0.030s][info   ][gc,init] TLAB Size Max: 4M
[0.030s][info   ][gc,init] TLAB Size Elasticity: 1.10x
[0.030s][info   ][gc,init] TLAB Size Decay Time: 1000ms
[0.031s][info   ][gc,metaspace] CDS archive(s) mapped at: [0x0000000800000000-0x0000000800c60000-0x0000000800c60000), size 12976128, SharedBaseAddress: 0x0000000800000000, ArchiveRelocationMode: 0.
[0.031s][info   ][gc,metaspace] Compressed class space mapped at: 0x0000000801000000-0x0000000841000000, reserved size: 1073741824
[0.031s][info   ][gc,metaspace] Narrow klass base: 0x0000000800000000, Narrow klass shift: 0, Narrow klass range: 0x100000000
[9.930s][info   ][gc          ] GC request for "Metadata GC Threshold" is handled
[9.931s][info   ][gc,metaspace] Metaspace: 1088M reserved, 21504K (1.93%) committed, 21266K (1.91%) used
[10.382s][info   ][gc          ] Heap: 2048M reserved, 2048M (100.00%) committed, 103M (5.06%) used
[10.382s][info   ][gc,metaspace] Metaspace: 1088M reserved, 29120K (2.61%) committed, 28781K (2.58%) used
[10.791s][info   ][gc          ] GC request for "Metadata GC Threshold" is handled
[10.791s][info   ][gc,metaspace] Metaspace: 1088M reserved, 35840K (3.22%) committed, 35450K (3.18%) used
[13.204s][info   ][gc          ] Heap: 2048M reserved, 2048M (100.00%) committed, 207M (10.15%) used
[13.204s][info   ][gc,metaspace] Metaspace: 1088M reserved, 43136K (3.87%) committed, 42747K (3.84%) used
[70.052s][info   ][gc          ] Heap: 2048M reserved, 2048M (100.00%) committed, 311M (15.19%) used
[70.053s][info   ][gc,metaspace] Metaspace: 1088M reserved, 43648K (3.92%) committed, 43222K (3.88%) used
[74.245s][info   ][gc          ] Heap: 2048M reserved, 2048M (100.00%) committed, 414M (20.23%) used
[74.245s][info   ][gc,metaspace] Metaspace: 1088M reserved, 56960K (5.11%) committed, 56480K (5.07%) used
[76.155s][info   ][gc          ] GC request for "Metadata GC Threshold" is handled
[76.155s][info   ][gc,metaspace] Metaspace: 1088M reserved, 59776K (5.37%) committed, 59288K (5.32%) used
[77.688s][info   ][gc          ] Heap: 2048M reserved, 2048M (100.00%) committed, 517M (25.26%) used
[77.688s][info   ][gc,metaspace] Metaspace: 1152M reserved, 85760K (7.27%) committed, 85195K (7.22%) used
[77.697s][info   ][gc          ] GC request for "System.gc()" is ignored
[78.864s][info   ][gc          ] GC request for "Metadata GC Threshold" is handled
[78.864s][info   ][gc,metaspace] Metaspace: 1152M reserved, 99648K (8.45%) committed, 98925K (8.39%) used
[79.084s][info   ][gc          ] Heap: 2048M reserved, 2048M (100.00%) committed, 619M (30.27%) used
[79.084s][info   ][gc,metaspace] Metaspace: 1152M reserved, 100M (8.70%) committed, 101734K (8.62%) used
[79.487s][info   ][gc          ] Heap: 2048M reserved, 2048M (100.00%) committed, 722M (35.27%) used
[79.487s][info   ][gc,metaspace] Metaspace: 1152M reserved, 111M (9.72%) committed, 106M (9.27%) used
[79.896s][info   ][gc          ] Heap: 2048M reserved, 2048M (100.00%) committed, 824M (40.28%) used
[79.897s][info   ][gc,metaspace] Metaspace: 1152M reserved, 122M (10.60%) committed, 115M (9.99%) used
[83.162s][info   ][gc          ] Heap: 2048M reserved, 2048M (100.00%) committed, 927M (45.28%) used
[83.162s][info   ][gc,metaspace] Metaspace: 1152M reserved, 126M (10.98%) committed, 119M (10.37%) used
[83.424s][info   ][gc          ] Heap: 2048M reserved, 2048M (100.00%) committed, 1030M (50.31%) used
[83.424s][info   ][gc,metaspace] Metaspace: 1152M reserved, 126M (10.98%) committed, 119M (10.38%) used
[83.579s][info   ][gc          ] Heap: 2048M reserved, 2048M (100.00%) committed, 1132M (55.32%) used
[83.579s][info   ][gc,metaspace] Metaspace: 1152M reserved, 126M (10.98%) committed, 119M (10.38%) used
[83.837s][info   ][gc          ] Heap: 2048M reserved, 2048M (100.00%) committed, 1235M (60.32%) used
[83.837s][info   ][gc,metaspace] Metaspace: 1152M reserved, 126M (10.98%) committed, 119M (10.38%) used
[83.963s][info   ][gc          ] Heap: 2048M reserved, 2048M (100.00%) committed, 1338M (65.34%) used
[83.964s][info   ][gc,metaspace] Metaspace: 1152M reserved, 126M (10.98%) committed, 119M (10.38%) used
[84.103s][info   ][gc          ] Heap: 2048M reserved, 2048M (100.00%) committed, 1441M (70.40%) used
[84.103s][info   ][gc,metaspace] Metaspace: 1152M reserved, 126M (10.98%) committed, 119M (10.38%) used
[84.229s][info   ][gc          ] Heap: 2048M reserved, 2048M (100.00%) committed, 1545M (75.46%) used
[84.229s][info   ][gc,metaspace] Metaspace: 1152M reserved, 126M (10.98%) committed, 119M (10.38%) used
[84.379s][info   ][gc          ] Heap: 2048M reserved, 2048M (100.00%) committed, 1650M (80.58%) used
[84.380s][info   ][gc,metaspace] Metaspace: 1152M reserved, 126M (10.98%) committed, 119M (10.38%) used
[84.423s][info   ][gc          ] Heap: 2048M reserved, 2048M (100.00%) committed, 1753M (85.63%) used
[84.423s][info   ][gc,metaspace] Metaspace: 1152M reserved, 126M (10.98%) committed, 119M (10.38%) used
[84.597s][info   ][gc          ] Heap: 2048M reserved, 2048M (100.00%) committed, 1857M (90.70%) used
[84.597s][info   ][gc,metaspace] Metaspace: 1152M reserved, 126M (10.99%) committed, 119M (10.38%) used
[84.723s][info   ][gc          ] Heap: 2048M reserved, 2048M (100.00%) committed, 1960M (95.74%) used
[84.723s][info   ][gc,metaspace] Metaspace: 1152M reserved, 126M (10.99%) committed, 119M (10.39%) used
