[0.018s][info][gc,init] CardTable entry size: 512
[0.019s][info][gc     ] Using G1
[0.028s][info][gc,init] Version: 20+36-2344 (release)
[0.028s][info][gc,init] CPUs: 48 total, 48 available
[0.028s][info][gc,init] Memory: 382G
[0.028s][info][gc,init] Large Page Support: Disabled
[0.028s][info][gc,init] NUMA Support: Disabled
[0.028s][info][gc,init] Compressed Oops: Enabled (32-bit)
[0.028s][info][gc,init] Heap Region Size: 1M
[0.028s][info][gc,init] Heap Min Capacity: 8M
[0.028s][info][gc,init] Heap Initial Capacity: 512M
[0.028s][info][gc,init] Heap Max Capacity: 512M
[0.037s][info][gc,init] Pre-touch: Disabled
[0.037s][info][gc,init] Parallel Workers: 33
[0.037s][info][gc,init] Concurrent Workers: 8
[0.037s][info][gc,init] Concurrent Refinement Workers: 33
[0.037s][info][gc,init] Periodic GC: Disabled
[0.038s][info][gc,metaspace] CDS archive(s) mapped at: [0x0000000800000000-0x0000000800c60000-0x0000000800c60000), size 12976128, SharedBaseAddress: 0x0000000800000000, ArchiveRelocationMode: 0.
[0.038s][info][gc,metaspace] Compressed class space mapped at: 0x0000000801000000-0x0000000841000000, reserved size: 1073741824
[0.038s][info][gc,metaspace] Narrow klass base: 0x0000000800000000, Narrow klass shift: 0, Narrow klass range: 0x100000000
[2.257s][info][gc,start    ] GC(0) Pause Young (Normal) (G1 Evacuation Pause)
[2.258s][info][gc,task     ] GC(0) Using 12 workers of 33 for evacuation
[2.263s][info][gc,phases   ] GC(0)   Pre Evacuate Collection Set: 0.2ms
[2.263s][info][gc,phases   ] GC(0)   Merge Heap Roots: 0.1ms
[2.263s][info][gc,phases   ] GC(0)   Evacuate Collection Set: 4.2ms
[2.263s][info][gc,phases   ] GC(0)   Post Evacuate Collection Set: 0.8ms
[2.263s][info][gc,phases   ] GC(0)   Other: 0.9ms
[2.263s][info][gc,heap     ] GC(0) Eden regions: 25->0(33)
[2.263s][info][gc,heap     ] GC(0) Survivor regions: 0->4(4)
[2.264s][info][gc,heap     ] GC(0) Old regions: 0->0
[2.264s][info][gc,heap     ] GC(0) Archive regions: 0->0
[2.264s][info][gc,heap     ] GC(0) Humongous regions: 0->0
[2.264s][info][gc,metaspace] GC(0) Metaspace: 8248K(8512K)->8248K(8512K) NonClass: 7144K(7296K)->7144K(7296K) Class: 1104K(1216K)->1104K(1216K)
[2.264s][info][gc          ] GC(0) Pause Young (Normal) (G1 Evacuation Pause) 25M->3M(512M) 7.029ms
[2.264s][info][gc,cpu      ] GC(0) User=0.14s Sys=0.06s Real=0.02s
[9.892s][info][gc,start    ] GC(1) Pause Young (Normal) (G1 Evacuation Pause)
[9.892s][info][gc,task     ] GC(1) Using 12 workers of 33 for evacuation
[9.900s][info][gc,phases   ] GC(1)   Pre Evacuate Collection Set: 0.1ms
[9.900s][info][gc,phases   ] GC(1)   Merge Heap Roots: 0.1ms
[9.900s][info][gc,phases   ] GC(1)   Evacuate Collection Set: 7.3ms
[9.900s][info][gc,phases   ] GC(1)   Post Evacuate Collection Set: 0.9ms
[9.900s][info][gc,phases   ] GC(1)   Other: 0.1ms
[9.900s][info][gc,heap     ] GC(1) Eden regions: 33->0(302)
[9.900s][info][gc,heap     ] GC(1) Survivor regions: 4->5(5)
[9.900s][info][gc,heap     ] GC(1) Old regions: 0->9
[9.901s][info][gc,heap     ] GC(1) Archive regions: 0->0
[9.901s][info][gc,heap     ] GC(1) Humongous regions: 6->6
[9.901s][info][gc,metaspace] GC(1) Metaspace: 15328K(15552K)->15328K(15552K) NonClass: 13326K(13440K)->13326K(13440K) Class: 2001K(2112K)->2001K(2112K)
[9.901s][info][gc          ] GC(1) Pause Young (Normal) (G1 Evacuation Pause) 42M->19M(512M) 9.044ms
[9.901s][info][gc,cpu      ] GC(1) User=0.13s Sys=0.06s Real=0.02s
[10.251s][info][gc,start    ] GC(2) Pause Young (Concurrent Start) (Metadata GC Threshold)
[10.251s][info][gc,task     ] GC(2) Using 12 workers of 33 for evacuation
[10.255s][info][gc,phases   ] GC(2)   Pre Evacuate Collection Set: 0.2ms
[10.255s][info][gc,phases   ] GC(2)   Merge Heap Roots: 0.1ms
[10.255s][info][gc,phases   ] GC(2)   Evacuate Collection Set: 2.4ms
[10.255s][info][gc,phases   ] GC(2)   Post Evacuate Collection Set: 1.0ms
[10.255s][info][gc,phases   ] GC(2)   Other: 0.2ms
[10.255s][info][gc,heap     ] GC(2) Eden regions: 19->0(300)
[10.255s][info][gc,heap     ] GC(2) Survivor regions: 5->7(39)
[10.255s][info][gc,heap     ] GC(2) Old regions: 9->9
[10.255s][info][gc,heap     ] GC(2) Archive regions: 0->0
[10.255s][info][gc,heap     ] GC(2) Humongous regions: 6->6
[10.255s][info][gc,metaspace] GC(2) Metaspace: 21274K(21504K)->21274K(21504K) NonClass: 18555K(18688K)->18555K(18688K) Class: 2718K(2816K)->2718K(2816K)
[10.255s][info][gc          ] GC(2) Pause Young (Concurrent Start) (Metadata GC Threshold) 38M->20M(512M) 4.486ms
[10.255s][info][gc          ] GC(3) Concurrent Mark Cycle
[10.255s][info][gc,cpu      ] GC(2) User=0.20s Sys=0.00s Real=0.02s
[10.256s][info][gc,marking  ] GC(3) Concurrent Scan Root Regions
[10.258s][info][gc,marking  ] GC(3) Concurrent Scan Root Regions 2.603ms
[10.258s][info][gc,marking  ] GC(3) Concurrent Mark
[10.258s][info][gc,marking  ] GC(3) Concurrent Mark From Roots
[10.258s][info][gc,task     ] GC(3) Using 8 workers of 8 for marking
[10.263s][info][gc,marking  ] GC(3) Concurrent Mark From Roots 4.654ms
[10.263s][info][gc,marking  ] GC(3) Concurrent Preclean
[10.263s][info][gc,marking  ] GC(3) Concurrent Preclean 0.049ms
[10.263s][info][gc,start    ] GC(3) Pause Remark
[10.266s][info][gc          ] GC(3) Pause Remark 22M->22M(80M) 3.011ms
[10.266s][info][gc,cpu      ] GC(3) User=0.00s Sys=0.00s Real=0.00s
[10.266s][info][gc,marking  ] GC(3) Concurrent Mark 8.058ms
[10.266s][info][gc,marking  ] GC(3) Concurrent Rebuild Remembered Sets and Scrub Regions
[10.268s][info][gc,marking  ] GC(3) Concurrent Rebuild Remembered Sets and Scrub Regions 2.103ms
[10.269s][info][gc,start    ] GC(3) Pause Cleanup
[10.269s][info][gc          ] GC(3) Pause Cleanup 22M->22M(80M) 0.151ms
[10.269s][info][gc,cpu      ] GC(3) User=0.00s Sys=0.00s Real=0.00s
[10.269s][info][gc,marking  ] GC(3) Concurrent Clear Claimed Marks
[10.269s][info][gc,marking  ] GC(3) Concurrent Clear Claimed Marks 0.044ms
[10.269s][info][gc,marking  ] GC(3) Concurrent Cleanup for Next Mark
[10.270s][info][gc,marking  ] GC(3) Concurrent Cleanup for Next Mark 0.750ms
[10.270s][info][gc          ] GC(3) Concurrent Mark Cycle 14.261ms
[11.030s][info][gc,start    ] GC(4) Pause Young (Prepare Mixed) (G1 Evacuation Pause)
[11.030s][info][gc,task     ] GC(4) Using 7 workers of 33 for evacuation
[11.039s][info][gc,phases   ] GC(4)   Pre Evacuate Collection Set: 0.1ms
[11.039s][info][gc,phases   ] GC(4)   Merge Heap Roots: 0.1ms
[11.039s][info][gc,phases   ] GC(4)   Evacuate Collection Set: 6.8ms
[11.039s][info][gc,phases   ] GC(4)   Post Evacuate Collection Set: 1.4ms
[11.039s][info][gc,phases   ] GC(4)   Other: 0.2ms
[11.039s][info][gc,heap     ] GC(4) Eden regions: 58->0(44)
[11.039s][info][gc,heap     ] GC(4) Survivor regions: 7->10(39)
[11.039s][info][gc,heap     ] GC(4) Old regions: 9->9
[11.039s][info][gc,heap     ] GC(4) Archive regions: 0->0
[11.039s][info][gc,heap     ] GC(4) Humongous regions: 6->6
[11.039s][info][gc,metaspace] GC(4) Metaspace: 31902K(32256K)->31902K(32256K) NonClass: 27866K(28096K)->27866K(28096K) Class: 4035K(4160K)->4035K(4160K)
[11.039s][info][gc          ] GC(4) Pause Young (Prepare Mixed) (G1 Evacuation Pause) 78M->23M(90M) 9.042ms
[11.039s][info][gc,cpu      ] GC(4) User=0.06s Sys=0.08s Real=0.02s
[11.251s][info][gc,start    ] GC(5) Pause Young (Mixed) (Metadata GC Threshold)
[11.251s][info][gc,task     ] GC(5) Using 4 workers of 33 for evacuation
[11.263s][info][gc,phases   ] GC(5)   Pre Evacuate Collection Set: 0.1ms
[11.263s][info][gc,phases   ] GC(5)   Merge Heap Roots: 0.1ms
[11.263s][info][gc,phases   ] GC(5)   Evacuate Collection Set: 11.0ms
[11.263s][info][gc,phases   ] GC(5)   Post Evacuate Collection Set: 0.9ms
[11.263s][info][gc,phases   ] GC(5)   Other: 0.1ms
[11.263s][info][gc,heap     ] GC(5) Eden regions: 16->0(44)
[11.263s][info][gc,heap     ] GC(5) Survivor regions: 10->5(7)
[11.263s][info][gc,heap     ] GC(5) Old regions: 9->15
[11.264s][info][gc,heap     ] GC(5) Archive regions: 0->0
[11.264s][info][gc,heap     ] GC(5) Humongous regions: 6->6
[11.264s][info][gc,metaspace] GC(5) Metaspace: 35581K(35968K)->35581K(35968K) NonClass: 31092K(31296K)->31092K(31296K) Class: 4488K(4672K)->4488K(4672K)
[11.264s][info][gc          ] GC(5) Pause Young (Mixed) (Metadata GC Threshold) 39M->25M(90M) 12.868ms
[11.264s][info][gc,cpu      ] GC(5) User=0.06s Sys=0.00s Real=0.02s
[11.306s][info][gc,start    ] GC(6) Pause Young (Concurrent Start) (Metadata GC Threshold)
[11.306s][info][gc,task     ] GC(6) Using 3 workers of 33 for evacuation
[11.313s][info][gc,phases   ] GC(6)   Pre Evacuate Collection Set: 0.2ms
[11.313s][info][gc,phases   ] GC(6)   Merge Heap Roots: 0.1ms
[11.313s][info][gc,phases   ] GC(6)   Evacuate Collection Set: 6.5ms
[11.313s][info][gc,phases   ] GC(6)   Post Evacuate Collection Set: 0.7ms
[11.314s][info][gc,phases   ] GC(6)   Other: 0.1ms
[11.314s][info][gc,heap     ] GC(6) Eden regions: 4->0(48)
[11.314s][info][gc,heap     ] GC(6) Survivor regions: 5->3(7)
[11.314s][info][gc,heap     ] GC(6) Old regions: 15->18
[11.314s][info][gc,heap     ] GC(6) Archive regions: 0->0
[11.314s][info][gc,heap     ] GC(6) Humongous regions: 6->6
[11.314s][info][gc,metaspace] GC(6) Metaspace: 35938K(36288K)->35938K(36288K) NonClass: 31405K(31616K)->31405K(31616K) Class: 4532K(4672K)->4532K(4672K)
[11.314s][info][gc          ] GC(6) Pause Young (Concurrent Start) (Metadata GC Threshold) 28M->25M(90M) 8.088ms
[11.314s][info][gc          ] GC(7) Concurrent Mark Cycle
[11.314s][info][gc,cpu      ] GC(6) User=0.05s Sys=0.00s Real=0.02s
[11.314s][info][gc,marking  ] GC(7) Concurrent Scan Root Regions
[11.316s][info][gc,marking  ] GC(7) Concurrent Scan Root Regions 2.506ms
[11.316s][info][gc,marking  ] GC(7) Concurrent Mark
[11.316s][info][gc,marking  ] GC(7) Concurrent Mark From Roots
[11.316s][info][gc,task     ] GC(7) Using 8 workers of 8 for marking
[11.322s][info][gc,marking  ] GC(7) Concurrent Mark From Roots 5.595ms
[11.322s][info][gc,marking  ] GC(7) Concurrent Preclean
[11.322s][info][gc,marking  ] GC(7) Concurrent Preclean 0.127ms
[11.322s][info][gc,start    ] GC(7) Pause Remark
[11.327s][info][gc          ] GC(7) Pause Remark 26M->26M(90M) 4.807ms
[11.327s][info][gc,cpu      ] GC(7) User=0.00s Sys=0.00s Real=0.00s
[11.327s][info][gc,marking  ] GC(7) Concurrent Mark 10.882ms
[11.327s][info][gc,marking  ] GC(7) Concurrent Rebuild Remembered Sets and Scrub Regions
[11.330s][info][gc,marking  ] GC(7) Concurrent Rebuild Remembered Sets and Scrub Regions 2.954ms
[11.331s][info][gc,start    ] GC(7) Pause Cleanup
[11.331s][info][gc          ] GC(7) Pause Cleanup 26M->26M(90M) 0.137ms
[11.331s][info][gc,cpu      ] GC(7) User=0.00s Sys=0.00s Real=0.00s
[11.331s][info][gc,marking  ] GC(7) Concurrent Clear Claimed Marks
[11.331s][info][gc,marking  ] GC(7) Concurrent Clear Claimed Marks 0.047ms
[11.331s][info][gc,marking  ] GC(7) Concurrent Cleanup for Next Mark
[11.331s][info][gc,marking  ] GC(7) Concurrent Cleanup for Next Mark 0.268ms
[11.331s][info][gc          ] GC(7) Concurrent Mark Cycle 17.440ms
[12.213s][info][gc,start    ] GC(8) Pause Young (Prepare Mixed) (G1 Evacuation Pause)
[12.213s][info][gc,task     ] GC(8) Using 2 workers of 33 for evacuation
[12.227s][info][gc,phases   ] GC(8)   Pre Evacuate Collection Set: 0.1ms
[12.227s][info][gc,phases   ] GC(8)   Merge Heap Roots: 0.1ms
[12.227s][info][gc,phases   ] GC(8)   Evacuate Collection Set: 12.1ms
[12.227s][info][gc,phases   ] GC(8)   Post Evacuate Collection Set: 1.0ms
[12.227s][info][gc,phases   ] GC(8)   Other: 0.1ms
[12.227s][info][gc,heap     ] GC(8) Eden regions: 48->0(49)
[12.227s][info][gc,heap     ] GC(8) Survivor regions: 3->4(7)
[12.227s][info][gc,heap     ] GC(8) Old regions: 18->18
[12.227s][info][gc,heap     ] GC(8) Archive regions: 0->0
[12.227s][info][gc,heap     ] GC(8) Humongous regions: 6->6
[12.227s][info][gc,metaspace] GC(8) Metaspace: 42266K(42624K)->42266K(42624K) NonClass: 36970K(37184K)->36970K(37184K) Class: 5295K(5440K)->5295K(5440K)
[12.227s][info][gc          ] GC(8) Pause Young (Prepare Mixed) (G1 Evacuation Pause) 73M->27M(90M) 13.926ms
[12.227s][info][gc,cpu      ] GC(8) User=0.03s Sys=0.00s Real=0.02s
[13.402s][info][gc,start    ] GC(9) Pause Young (Mixed) (G1 Evacuation Pause)
[13.402s][info][gc,task     ] GC(9) Using 2 workers of 33 for evacuation
[13.414s][info][gc,phases   ] GC(9)   Pre Evacuate Collection Set: 0.1ms
[13.414s][info][gc,phases   ] GC(9)   Merge Heap Roots: 0.1ms
[13.414s][info][gc,phases   ] GC(9)   Evacuate Collection Set: 10.7ms
[13.414s][info][gc,phases   ] GC(9)   Post Evacuate Collection Set: 0.7ms
[13.414s][info][gc,phases   ] GC(9)   Other: 0.1ms
[13.414s][info][gc,heap     ] GC(9) Eden regions: 49->0(50)
[13.414s][info][gc,heap     ] GC(9) Survivor regions: 4->4(7)
[13.414s][info][gc,heap     ] GC(9) Old regions: 18->18
[13.414s][info][gc,heap     ] GC(9) Archive regions: 0->0
[13.414s][info][gc,heap     ] GC(9) Humongous regions: 6->6
[13.414s][info][gc,metaspace] GC(9) Metaspace: 42266K(42624K)->42266K(42624K) NonClass: 36970K(37184K)->36970K(37184K) Class: 5295K(5440K)->5295K(5440K)
[13.414s][info][gc          ] GC(9) Pause Young (Mixed) (G1 Evacuation Pause) 76M->26M(90M) 12.237ms
[13.414s][info][gc,cpu      ] GC(9) User=0.03s Sys=0.00s Real=0.02s
[14.607s][info][gc,start    ] GC(10) Pause Young (Normal) (G1 Evacuation Pause)
[14.607s][info][gc,task     ] GC(10) Using 2 workers of 33 for evacuation
[14.618s][info][gc,phases   ] GC(10)   Pre Evacuate Collection Set: 0.1ms
[14.618s][info][gc,phases   ] GC(10)   Merge Heap Roots: 0.1ms
[14.618s][info][gc,phases   ] GC(10)   Evacuate Collection Set: 10.0ms
[14.618s][info][gc,phases   ] GC(10)   Post Evacuate Collection Set: 0.7ms
[14.618s][info][gc,phases   ] GC(10)   Other: 0.1ms
[14.618s][info][gc,heap     ] GC(10) Eden regions: 50->0(50)
[14.618s][info][gc,heap     ] GC(10) Survivor regions: 4->4(7)
[14.618s][info][gc,heap     ] GC(10) Old regions: 18->18
[14.618s][info][gc,heap     ] GC(10) Archive regions: 0->0
[14.619s][info][gc,heap     ] GC(10) Humongous regions: 6->6
[14.619s][info][gc,metaspace] GC(10) Metaspace: 42266K(42624K)->42266K(42624K) NonClass: 36971K(37184K)->36971K(37184K) Class: 5295K(5440K)->5295K(5440K)
[14.619s][info][gc          ] GC(10) Pause Young (Normal) (G1 Evacuation Pause) 76M->26M(90M) 11.475ms
[14.619s][info][gc,cpu      ] GC(10) User=0.00s Sys=0.00s Real=0.00s
[121.979s][info][gc,start    ] GC(11) Pause Young (Normal) (G1 Evacuation Pause)
[121.979s][info][gc,task     ] GC(11) Using 2 workers of 33 for evacuation
[121.990s][info][gc,phases   ] GC(11)   Pre Evacuate Collection Set: 0.1ms
[121.990s][info][gc,phases   ] GC(11)   Merge Heap Roots: 0.1ms
[121.990s][info][gc,phases   ] GC(11)   Evacuate Collection Set: 10.4ms
[121.990s][info][gc,phases   ] GC(11)   Post Evacuate Collection Set: 0.8ms
[121.991s][info][gc,phases   ] GC(11)   Other: 0.1ms
[121.991s][info][gc,heap     ] GC(11) Eden regions: 50->0(50)
[121.991s][info][gc,heap     ] GC(11) Survivor regions: 4->4(7)
[121.991s][info][gc,heap     ] GC(11) Old regions: 18->18
[121.991s][info][gc,heap     ] GC(11) Archive regions: 0->0
[121.991s][info][gc,heap     ] GC(11) Humongous regions: 6->6
[121.991s][info][gc,metaspace] GC(11) Metaspace: 42775K(43200K)->42775K(43200K) NonClass: 37413K(37696K)->37413K(37696K) Class: 5362K(5504K)->5362K(5504K)
[121.991s][info][gc          ] GC(11) Pause Young (Normal) (G1 Evacuation Pause) 76M->26M(90M) 12.054ms
[121.991s][info][gc,cpu      ] GC(11) User=0.03s Sys=0.00s Real=0.02s
[141.594s][info][gc,start    ] GC(12) Pause Young (Normal) (G1 Evacuation Pause)
[141.595s][info][gc,task     ] GC(12) Using 2 workers of 33 for evacuation
[141.606s][info][gc,phases   ] GC(12)   Pre Evacuate Collection Set: 0.1ms
[141.606s][info][gc,phases   ] GC(12)   Merge Heap Roots: 0.1ms
[141.606s][info][gc,phases   ] GC(12)   Evacuate Collection Set: 10.8ms
[141.607s][info][gc,phases   ] GC(12)   Post Evacuate Collection Set: 0.8ms
[141.607s][info][gc,phases   ] GC(12)   Other: 0.1ms
[141.607s][info][gc,heap     ] GC(12) Eden regions: 50->0(50)
[141.607s][info][gc,heap     ] GC(12) Survivor regions: 4->4(7)
[141.607s][info][gc,heap     ] GC(12) Old regions: 18->18
[141.607s][info][gc,heap     ] GC(12) Archive regions: 0->0
[141.607s][info][gc,heap     ] GC(12) Humongous regions: 6->6
[141.607s][info][gc,metaspace] GC(12) Metaspace: 43628K(44160K)->43628K(44160K) NonClass: 38176K(38464K)->38176K(38464K) Class: 5451K(5696K)->5451K(5696K)
[141.607s][info][gc          ] GC(12) Pause Young (Normal) (G1 Evacuation Pause) 76M->26M(90M) 12.550ms
[141.607s][info][gc,cpu      ] GC(12) User=0.03s Sys=0.00s Real=0.02s
[142.333s][info][gc,start    ] GC(13) Pause Young (Normal) (G1 Evacuation Pause)
[142.333s][info][gc,task     ] GC(13) Using 2 workers of 33 for evacuation
[142.350s][info][gc,phases   ] GC(13)   Pre Evacuate Collection Set: 0.1ms
[142.351s][info][gc,phases   ] GC(13)   Merge Heap Roots: 0.1ms
[142.351s][info][gc,phases   ] GC(13)   Evacuate Collection Set: 16.0ms
[142.351s][info][gc,phases   ] GC(13)   Post Evacuate Collection Set: 0.9ms
[142.351s][info][gc,phases   ] GC(13)   Other: 0.1ms
[142.351s][info][gc,heap     ] GC(13) Eden regions: 50->0(47)
[142.351s][info][gc,heap     ] GC(13) Survivor regions: 4->7(7)
[142.351s][info][gc,heap     ] GC(13) Old regions: 18->18
[142.351s][info][gc,heap     ] GC(13) Archive regions: 0->0
[142.351s][info][gc,heap     ] GC(13) Humongous regions: 6->6
[142.351s][info][gc,metaspace] GC(13) Metaspace: 57359K(57856K)->57359K(57856K) NonClass: 50329K(50624K)->50329K(50624K) Class: 7029K(7232K)->7029K(7232K)
[142.351s][info][gc          ] GC(13) Pause Young (Normal) (G1 Evacuation Pause) 76M->30M(90M) 17.833ms
[142.351s][info][gc,cpu      ] GC(13) User=0.03s Sys=0.00s Real=0.02s
[142.560s][info][gc,start    ] GC(14) Pause Young (Concurrent Start) (Metadata GC Threshold)
[142.560s][info][gc,task     ] GC(14) Using 2 workers of 33 for evacuation
[142.573s][info][gc,phases   ] GC(14)   Pre Evacuate Collection Set: 0.2ms
[142.573s][info][gc,phases   ] GC(14)   Merge Heap Roots: 0.1ms
[142.573s][info][gc,phases   ] GC(14)   Evacuate Collection Set: 12.1ms
[142.573s][info][gc,phases   ] GC(14)   Post Evacuate Collection Set: 0.7ms
[142.573s][info][gc,phases   ] GC(14)   Other: 0.1ms
[142.573s][info][gc,heap     ] GC(14) Eden regions: 12->0(48)
[142.573s][info][gc,heap     ] GC(14) Survivor regions: 7->5(7)
[142.573s][info][gc,heap     ] GC(14) Old regions: 18->21
[142.573s][info][gc,heap     ] GC(14) Archive regions: 0->0
[142.573s][info][gc,heap     ] GC(14) Humongous regions: 6->6
[142.573s][info][gc,metaspace] GC(14) Metaspace: 60319K(60800K)->60319K(60800K) NonClass: 52941K(53184K)->52941K(53184K) Class: 7377K(7616K)->7377K(7616K)
[142.573s][info][gc          ] GC(14) Pause Young (Concurrent Start) (Metadata GC Threshold) 41M->31M(90M) 13.357ms
[142.573s][info][gc          ] GC(15) Concurrent Mark Cycle
[142.573s][info][gc,cpu      ] GC(14) User=0.05s Sys=0.00s Real=0.02s
[142.573s][info][gc,marking  ] GC(15) Concurrent Scan Root Regions
[142.576s][info][gc,marking  ] GC(15) Concurrent Scan Root Regions 2.511ms
[142.576s][info][gc,marking  ] GC(15) Concurrent Mark
[142.576s][info][gc,marking  ] GC(15) Concurrent Mark From Roots
[142.576s][info][gc,task     ] GC(15) Using 8 workers of 8 for marking
[142.582s][info][gc,marking  ] GC(15) Concurrent Mark From Roots 6.182ms
[142.582s][info][gc,marking  ] GC(15) Concurrent Preclean
[142.582s][info][gc,marking  ] GC(15) Concurrent Preclean 0.062ms
[142.582s][info][gc,start    ] GC(15) Pause Remark
[142.590s][info][gc          ] GC(15) Pause Remark 32M->32M(90M) 7.650ms
[142.590s][info][gc,cpu      ] GC(15) User=0.00s Sys=0.00s Real=0.00s
[142.590s][info][gc,marking  ] GC(15) Concurrent Mark 14.354ms
[142.590s][info][gc,marking  ] GC(15) Concurrent Rebuild Remembered Sets and Scrub Regions
[142.594s][info][gc,marking  ] GC(15) Concurrent Rebuild Remembered Sets and Scrub Regions 3.712ms
[142.594s][info][gc,start    ] GC(15) Pause Cleanup
[142.594s][info][gc          ] GC(15) Pause Cleanup 32M->32M(90M) 0.100ms
[142.594s][info][gc,cpu      ] GC(15) User=0.00s Sys=0.00s Real=0.00s
[142.594s][info][gc,marking  ] GC(15) Concurrent Clear Claimed Marks
[142.594s][info][gc,marking  ] GC(15) Concurrent Clear Claimed Marks 0.054ms
[142.594s][info][gc,marking  ] GC(15) Concurrent Cleanup for Next Mark
[142.595s][info][gc,marking  ] GC(15) Concurrent Cleanup for Next Mark 0.179ms
[142.595s][info][gc          ] GC(15) Concurrent Mark Cycle 21.273ms
[143.451s][info][gc,start    ] GC(16) Pause Young (Prepare Mixed) (G1 Evacuation Pause)
[143.451s][info][gc,task     ] GC(16) Using 2 workers of 33 for evacuation
[143.475s][info][gc,phases   ] GC(16)   Pre Evacuate Collection Set: 0.1ms
[143.475s][info][gc,phases   ] GC(16)   Merge Heap Roots: 0.1ms
[143.475s][info][gc,phases   ] GC(16)   Evacuate Collection Set: 22.7ms
[143.475s][info][gc,phases   ] GC(16)   Post Evacuate Collection Set: 1.1ms
[143.475s][info][gc,phases   ] GC(16)   Other: 0.1ms
[143.475s][info][gc,heap     ] GC(16) Eden regions: 48->0(45)
[143.475s][info][gc,heap     ] GC(16) Survivor regions: 5->5(7)
[143.475s][info][gc,heap     ] GC(16) Old regions: 21->24
[143.475s][info][gc,heap     ] GC(16) Archive regions: 0->0
[143.475s][info][gc,heap     ] GC(16) Humongous regions: 6->6
[143.475s][info][gc,metaspace] GC(16) Metaspace: 74809K(75328K)->74809K(75328K) NonClass: 65540K(65856K)->65540K(65856K) Class: 9268K(9472K)->9268K(9472K)
[143.476s][info][gc          ] GC(16) Pause Young (Prepare Mixed) (G1 Evacuation Pause) 79M->34M(90M) 24.758ms
[143.476s][info][gc,cpu      ] GC(16) User=0.03s Sys=0.00s Real=0.02s
[144.107s][info][gc,start    ] GC(17) Pause Full (System.gc())
[144.107s][info][gc,task     ] GC(17) Using 2 workers of 33 for full compaction
[144.107s][info][gc,phases,start] GC(17) Phase 1: Mark live objects
[144.160s][info][gc,phases      ] GC(17) Phase 1: Mark live objects 52.540ms
[144.160s][info][gc,phases,start] GC(17) Phase 2: Prepare compaction
[144.170s][info][gc,phases      ] GC(17) Phase 2: Prepare compaction 9.856ms
[144.170s][info][gc,phases,start] GC(17) Phase 3: Adjust pointers
[144.189s][info][gc,phases      ] GC(17) Phase 3: Adjust pointers 19.177ms
[144.189s][info][gc,phases,start] GC(17) Phase 4: Compact heap
[144.196s][info][gc,phases      ] GC(17) Phase 4: Compact heap 7.000ms
[144.205s][info][gc,heap        ] GC(17) Eden regions: 41->0(45)
[144.205s][info][gc,heap        ] GC(17) Survivor regions: 5->0(7)
[144.205s][info][gc,heap        ] GC(17) Old regions: 24->30
[144.205s][info][gc,heap        ] GC(17) Archive regions: 0->0
[144.205s][info][gc,heap        ] GC(17) Humongous regions: 6->6
[144.205s][info][gc,metaspace   ] GC(17) Metaspace: 84480K(84992K)->84480K(84992K) NonClass: 74002K(74304K)->74002K(74304K) Class: 10478K(10688K)->10478K(10688K)
[144.205s][info][gc             ] GC(17) Pause Full (System.gc()) 75M->35M(90M) 98.211ms
[144.205s][info][gc,cpu         ] GC(17) User=0.20s Sys=0.00s Real=0.11s
[145.047s][info][gc,start       ] GC(18) Pause Young (Normal) (G1 Evacuation Pause)
[145.047s][info][gc,task        ] GC(18) Using 2 workers of 33 for evacuation
[145.062s][info][gc,phases      ] GC(18)   Pre Evacuate Collection Set: 0.1ms
[145.062s][info][gc,phases      ] GC(18)   Merge Heap Roots: 0.1ms
[145.062s][info][gc,phases      ] GC(18)   Evacuate Collection Set: 14.6ms
[145.062s][info][gc,phases      ] GC(18)   Post Evacuate Collection Set: 0.7ms
[145.062s][info][gc,phases      ] GC(18)   Other: 0.1ms
[145.062s][info][gc,heap        ] GC(18) Eden regions: 45->0(41)
[145.062s][info][gc,heap        ] GC(18) Survivor regions: 0->4(6)
[145.062s][info][gc,heap        ] GC(18) Old regions: 30->30
[145.062s][info][gc,heap        ] GC(18) Archive regions: 0->0
[145.062s][info][gc,heap        ] GC(18) Humongous regions: 11->6
[145.062s][info][gc,metaspace   ] GC(18) Metaspace: 94393K(95104K)->94393K(95104K) NonClass: 82440K(82816K)->82440K(82816K) Class: 11952K(12288K)->11952K(12288K)
[145.063s][info][gc             ] GC(18) Pause Young (Normal) (G1 Evacuation Pause) 85M->39M(90M) 15.917ms
[145.063s][info][gc,cpu         ] GC(18) User=0.02s Sys=0.00s Real=0.02s
[145.443s][info][gc,start       ] GC(19) Pause Young (Normal) (G1 Evacuation Pause)
[145.443s][info][gc,task        ] GC(19) Using 2 workers of 33 for evacuation
[145.459s][info][gc,phases      ] GC(19)   Pre Evacuate Collection Set: 0.1ms
[145.459s][info][gc,phases      ] GC(19)   Merge Heap Roots: 0.1ms
[145.459s][info][gc,phases      ] GC(19)   Evacuate Collection Set: 14.9ms
[145.459s][info][gc,phases      ] GC(19)   Post Evacuate Collection Set: 0.8ms
[145.459s][info][gc,phases      ] GC(19)   Other: 0.1ms
[145.459s][info][gc,heap        ] GC(19) Eden regions: 41->0(38)
[145.459s][info][gc,heap        ] GC(19) Survivor regions: 4->6(6)
[145.459s][info][gc,heap        ] GC(19) Old regions: 30->33
[145.459s][info][gc,heap        ] GC(19) Archive regions: 0->0
[145.459s][info][gc,heap        ] GC(19) Humongous regions: 11->6
[145.459s][info][gc,metaspace   ] GC(19) Metaspace: 99295K(100288K)->99295K(100288K) NonClass: 86558K(87104K)->86558K(87104K) Class: 12736K(13184K)->12736K(13184K)
[145.459s][info][gc             ] GC(19) Pause Young (Normal) (G1 Evacuation Pause) 85M->44M(95M) 16.529ms
[145.459s][info][gc,cpu         ] GC(19) User=0.03s Sys=0.00s Real=0.02s
[145.681s][info][gc,start       ] GC(20) Pause Young (Normal) (G1 Evacuation Pause)
[145.681s][info][gc,task        ] GC(20) Using 2 workers of 33 for evacuation
[145.694s][info][gc,phases      ] GC(20)   Pre Evacuate Collection Set: 0.1ms
[145.694s][info][gc,phases      ] GC(20)   Merge Heap Roots: 0.1ms
[145.694s][info][gc,phases      ] GC(20)   Evacuate Collection Set: 12.6ms
[145.694s][info][gc,phases      ] GC(20)   Post Evacuate Collection Set: 0.5ms
[145.694s][info][gc,phases      ] GC(20)   Other: 0.1ms
[145.694s][info][gc,heap        ] GC(20) Eden regions: 38->0(36)
[145.694s][info][gc,heap        ] GC(20) Survivor regions: 6->4(6)
[145.694s][info][gc,heap        ] GC(20) Old regions: 33->39
[145.694s][info][gc,heap        ] GC(20) Archive regions: 0->0
[145.694s][info][gc,heap        ] GC(20) Humongous regions: 6->6
[145.694s][info][gc,metaspace   ] GC(20) Metaspace: 102648K(104640K)->102648K(104640K) NonClass: 89014K(90112K)->89014K(90112K) Class: 13634K(14528K)->13634K(14528K)
[145.694s][info][gc             ] GC(20) Pause Young (Normal) (G1 Evacuation Pause) 82M->47M(95M) 13.704ms
[145.694s][info][gc,cpu         ] GC(20) User=0.05s Sys=0.00s Real=0.02s
[145.903s][info][gc,start       ] GC(21) Pause Young (Concurrent Start) (G1 Evacuation Pause)
[145.903s][info][gc,task        ] GC(21) Using 2 workers of 33 for evacuation
[145.911s][info][gc,phases      ] GC(21)   Pre Evacuate Collection Set: 0.2ms
[145.911s][info][gc,phases      ] GC(21)   Merge Heap Roots: 0.1ms
[145.911s][info][gc,phases      ] GC(21)   Evacuate Collection Set: 7.2ms
[145.911s][info][gc,phases      ] GC(21)   Post Evacuate Collection Set: 0.4ms
[145.911s][info][gc,phases      ] GC(21)   Other: 0.1ms
[145.911s][info][gc,heap        ] GC(21) Eden regions: 36->0(37)
[145.911s][info][gc,heap        ] GC(21) Survivor regions: 4->2(5)
[145.911s][info][gc,heap        ] GC(21) Old regions: 39->41
[145.911s][info][gc,heap        ] GC(21) Archive regions: 0->0
[145.911s][info][gc,heap        ] GC(21) Humongous regions: 6->6
[145.911s][info][gc,metaspace   ] GC(21) Metaspace: 104995K(108288K)->104995K(108288K) NonClass: 90780K(92608K)->90780K(92608K) Class: 14215K(15680K)->14215K(15680K)
[145.911s][info][gc             ] GC(21) Pause Young (Concurrent Start) (G1 Evacuation Pause) 83M->48M(95M) 8.204ms
[145.911s][info][gc             ] GC(22) Concurrent Mark Cycle
[145.911s][info][gc,cpu         ] GC(21) User=0.00s Sys=0.00s Real=0.00s
[145.911s][info][gc,marking     ] GC(22) Concurrent Scan Root Regions
[145.914s][info][gc,marking     ] GC(22) Concurrent Scan Root Regions 2.533ms
[145.914s][info][gc,marking     ] GC(22) Concurrent Mark
[145.914s][info][gc,marking     ] GC(22) Concurrent Mark From Roots
[145.914s][info][gc,task        ] GC(22) Using 8 workers of 8 for marking
[145.930s][info][gc,marking     ] GC(22) Concurrent Mark From Roots 16.550ms
[145.930s][info][gc,marking     ] GC(22) Concurrent Preclean
[145.931s][info][gc,marking     ] GC(22) Concurrent Preclean 1.073ms
[145.932s][info][gc,start       ] GC(22) Pause Remark
[145.951s][info][gc             ] GC(22) Pause Remark 59M->59M(102M) 18.963ms
[145.951s][info][gc,cpu         ] GC(22) User=0.05s Sys=0.00s Real=0.02s
[145.951s][info][gc,marking     ] GC(22) Concurrent Mark 37.374ms
[145.951s][info][gc,marking     ] GC(22) Concurrent Rebuild Remembered Sets and Scrub Regions
[145.960s][info][gc,marking     ] GC(22) Concurrent Rebuild Remembered Sets and Scrub Regions 8.428ms
[145.960s][info][gc,start       ] GC(22) Pause Cleanup
[145.960s][info][gc             ] GC(22) Pause Cleanup 63M->63M(102M) 0.170ms
[145.960s][info][gc,cpu         ] GC(22) User=0.00s Sys=0.00s Real=0.00s
[145.961s][info][gc,marking     ] GC(22) Concurrent Clear Claimed Marks
[145.961s][info][gc,marking     ] GC(22) Concurrent Clear Claimed Marks 0.324ms
[145.961s][info][gc,marking     ] GC(22) Concurrent Cleanup for Next Mark
[145.961s][info][gc,marking     ] GC(22) Concurrent Cleanup for Next Mark 0.285ms
[145.961s][info][gc             ] GC(22) Concurrent Mark Cycle 50.349ms
[146.051s][info][gc,start       ] GC(23) Pause Young (Prepare Mixed) (G1 Evacuation Pause)
[146.051s][info][gc,task        ] GC(23) Using 2 workers of 33 for evacuation
[146.059s][info][gc,phases      ] GC(23)   Pre Evacuate Collection Set: 0.1ms
[146.059s][info][gc,phases      ] GC(23)   Merge Heap Roots: 0.1ms
[146.059s][info][gc,phases      ] GC(23)   Evacuate Collection Set: 7.6ms
[146.059s][info][gc,phases      ] GC(23)   Post Evacuate Collection Set: 0.5ms
[146.059s][info][gc,phases      ] GC(23)   Other: 0.1ms
[146.059s][info][gc,heap        ] GC(23) Eden regions: 37->0(39)
[146.059s][info][gc,heap        ] GC(23) Survivor regions: 2->5(5)
[146.059s][info][gc,heap        ] GC(23) Old regions: 41->41
[146.059s][info][gc,heap        ] GC(23) Archive regions: 0->0
[146.059s][info][gc,heap        ] GC(23) Humongous regions: 6->6
[146.059s][info][gc,metaspace   ] GC(23) Metaspace: 107800K(112704K)->107800K(112704K) NonClass: 92883K(95616K)->92883K(95616K) Class: 14916K(17088K)->14916K(17088K)
[146.060s][info][gc             ] GC(23) Pause Young (Prepare Mixed) (G1 Evacuation Pause) 85M->50M(102M) 8.681ms
[146.060s][info][gc,cpu         ] GC(23) User=0.00s Sys=0.00s Real=0.00s
[146.140s][info][gc,start       ] GC(24) Pause Young (Mixed) (G1 Evacuation Pause)
[146.140s][info][gc,task        ] GC(24) Using 2 workers of 33 for evacuation
[146.149s][info][gc,phases      ] GC(24)   Pre Evacuate Collection Set: 0.1ms
[146.149s][info][gc,phases      ] GC(24)   Merge Heap Roots: 0.0ms
[146.149s][info][gc,phases      ] GC(24)   Evacuate Collection Set: 8.1ms
[146.149s][info][gc,phases      ] GC(24)   Post Evacuate Collection Set: 0.4ms
[146.149s][info][gc,phases      ] GC(24)   Other: 0.1ms
[146.149s][info][gc,heap        ] GC(24) Eden regions: 39->0(40)
[146.149s][info][gc,heap        ] GC(24) Survivor regions: 5->4(6)
[146.149s][info][gc,heap        ] GC(24) Old regions: 41->42
[146.149s][info][gc,heap        ] GC(24) Archive regions: 0->0
[146.149s][info][gc,heap        ] GC(24) Humongous regions: 6->6
[146.149s][info][gc,metaspace   ] GC(24) Metaspace: 109743K(115712K)->109743K(115712K) NonClass: 94364K(97664K)->94364K(97664K) Class: 15378K(18048K)->15378K(18048K)
[146.149s][info][gc             ] GC(24) Pause Young (Mixed) (G1 Evacuation Pause) 89M->50M(102M) 9.019ms
[146.149s][info][gc,cpu         ] GC(24) User=0.00s Sys=0.00s Real=0.00s
[146.409s][info][gc,start       ] GC(25) Pause Young (Concurrent Start) (G1 Evacuation Pause)
[146.409s][info][gc,task        ] GC(25) Using 2 workers of 33 for evacuation
[146.422s][info][gc,phases      ] GC(25)   Pre Evacuate Collection Set: 0.2ms
[146.422s][info][gc,phases      ] GC(25)   Merge Heap Roots: 0.1ms
[146.422s][info][gc,phases      ] GC(25)   Evacuate Collection Set: 11.3ms
[146.422s][info][gc,phases      ] GC(25)   Post Evacuate Collection Set: 1.6ms
[146.422s][info][gc,phases      ] GC(25)   Other: 0.1ms
[146.422s][info][gc,heap        ] GC(25) Eden regions: 40->0(179)
[146.422s][info][gc,heap        ] GC(25) Survivor regions: 4->5(6)
[146.422s][info][gc,heap        ] GC(25) Old regions: 42->43
[146.422s][info][gc,heap        ] GC(25) Archive regions: 0->0
[146.422s][info][gc,heap        ] GC(25) Humongous regions: 6->6
[146.422s][info][gc,metaspace   ] GC(25) Metaspace: 114862K(121600K)->114862K(121600K) NonClass: 97996K(101696K)->97996K(101696K) Class: 16866K(19904K)->16866K(19904K)
[146.422s][info][gc             ] GC(25) Pause Young (Concurrent Start) (G1 Evacuation Pause) 90M->52M(307M) 13.662ms
[146.422s][info][gc             ] GC(26) Concurrent Mark Cycle
[146.422s][info][gc,cpu         ] GC(25) User=0.00s Sys=0.00s Real=0.00s
[146.422s][info][gc,marking     ] GC(26) Concurrent Scan Root Regions
[146.426s][info][gc,marking     ] GC(26) Concurrent Scan Root Regions 3.383ms
[146.426s][info][gc,marking     ] GC(26) Concurrent Mark
[146.426s][info][gc,marking     ] GC(26) Concurrent Mark From Roots
[146.426s][info][gc,task        ] GC(26) Using 8 workers of 8 for marking
[146.441s][info][gc,marking     ] GC(26) Concurrent Mark From Roots 14.654ms
[146.441s][info][gc,marking     ] GC(26) Concurrent Preclean
[146.441s][info][gc,marking     ] GC(26) Concurrent Preclean 0.507ms
[146.442s][info][gc,start       ] GC(26) Pause Remark
[146.483s][info][gc             ] GC(26) Pause Remark 56M->56M(194M) 40.900ms
[146.483s][info][gc,cpu         ] GC(26) User=0.13s Sys=0.00s Real=0.04s
[146.483s][info][gc,marking     ] GC(26) Concurrent Mark 57.158ms
[146.483s][info][gc,marking     ] GC(26) Concurrent Rebuild Remembered Sets and Scrub Regions
[146.493s][info][gc,marking     ] GC(26) Concurrent Rebuild Remembered Sets and Scrub Regions 9.617ms
[146.494s][info][gc,start       ] GC(26) Pause Cleanup
[146.494s][info][gc             ] GC(26) Pause Cleanup 57M->57M(194M) 0.180ms
[146.494s][info][gc,cpu         ] GC(26) User=0.00s Sys=0.00s Real=0.00s
[146.495s][info][gc,marking     ] GC(26) Concurrent Clear Claimed Marks
[146.495s][info][gc,marking     ] GC(26) Concurrent Clear Claimed Marks 0.498ms
[146.495s][info][gc,marking     ] GC(26) Concurrent Cleanup for Next Mark
[146.496s][info][gc,marking     ] GC(26) Concurrent Cleanup for Next Mark 0.940ms
[146.496s][info][gc             ] GC(26) Concurrent Mark Cycle 73.710ms
[151.606s][info][gc,start       ] GC(27) Pause Young (Prepare Mixed) (G1 Evacuation Pause)
[151.606s][info][gc,task        ] GC(27) Using 4 workers of 33 for evacuation
[151.616s][info][gc,phases      ] GC(27)   Pre Evacuate Collection Set: 0.1ms
[151.616s][info][gc,phases      ] GC(27)   Merge Heap Roots: 0.1ms
[151.616s][info][gc,phases      ] GC(27)   Evacuate Collection Set: 9.3ms
[151.616s][info][gc,phases      ] GC(27)   Post Evacuate Collection Set: 0.7ms
[151.616s][info][gc,phases      ] GC(27)   Other: 0.1ms
[151.616s][info][gc,heap        ] GC(27) Eden regions: 140->0(103)
[151.616s][info][gc,heap        ] GC(27) Survivor regions: 5->16(23)
[151.616s][info][gc,heap        ] GC(27) Old regions: 43->43
[151.616s][info][gc,heap        ] GC(27) Archive regions: 0->0
[151.616s][info][gc,heap        ] GC(27) Humongous regions: 6->6
[151.616s][info][gc,metaspace   ] GC(27) Metaspace: 117066K(122368K)->117066K(122368K) NonClass: 100064K(102464K)->100064K(102464K) Class: 17002K(19904K)->17002K(19904K)
[151.616s][info][gc             ] GC(27) Pause Young (Prepare Mixed) (G1 Evacuation Pause) 192M->63M(210M) 10.635ms
[151.617s][info][gc,cpu         ] GC(27) User=0.08s Sys=0.02s Real=0.02s
[151.987s][info][gc,start       ] GC(28) Pause Young (Mixed) (G1 Evacuation Pause)
[151.987s][info][gc,task        ] GC(28) Using 5 workers of 33 for evacuation
[151.994s][info][gc,phases      ] GC(28)   Pre Evacuate Collection Set: 0.1ms
[151.994s][info][gc,phases      ] GC(28)   Merge Heap Roots: 0.1ms
[151.994s][info][gc,phases      ] GC(28)   Evacuate Collection Set: 5.8ms
[151.994s][info][gc,phases      ] GC(28)   Post Evacuate Collection Set: 0.4ms
[151.994s][info][gc,phases      ] GC(28)   Other: 0.1ms
[151.994s][info][gc,heap        ] GC(28) Eden regions: 103->0(103)
[151.994s][info][gc,heap        ] GC(28) Survivor regions: 16->7(15)
[151.994s][info][gc,heap        ] GC(28) Old regions: 43->57
[151.994s][info][gc,heap        ] GC(28) Archive regions: 0->0
[151.994s][info][gc,heap        ] GC(28) Humongous regions: 6->6
[151.994s][info][gc,metaspace   ] GC(28) Metaspace: 117102K(122432K)->117102K(122432K) NonClass: 100099K(102528K)->100099K(102528K) Class: 17002K(19904K)->17002K(19904K)
[151.994s][info][gc             ] GC(28) Pause Young (Mixed) (G1 Evacuation Pause) 166M->68M(210M) 6.733ms
[151.994s][info][gc,cpu         ] GC(28) User=0.08s Sys=0.00s Real=0.02s
[151.999s][info][gc,start       ] GC(29) Pause Young (Concurrent Start) (G1 Humongous Allocation)
[151.999s][info][gc,task        ] GC(29) Using 5 workers of 33 for evacuation
[152.001s][info][gc,phases      ] GC(29)   Pre Evacuate Collection Set: 0.2ms
[152.001s][info][gc,phases      ] GC(29)   Merge Heap Roots: 0.0ms
[152.001s][info][gc,phases      ] GC(29)   Evacuate Collection Set: 1.9ms
[152.001s][info][gc,phases      ] GC(29)   Post Evacuate Collection Set: 0.3ms
[152.001s][info][gc,phases      ] GC(29)   Other: 0.1ms
[152.001s][info][gc,heap        ] GC(29) Eden regions: 4->0(113)
[152.001s][info][gc,heap        ] GC(29) Survivor regions: 7->7(14)
[152.001s][info][gc,heap        ] GC(29) Old regions: 57->57
[152.001s][info][gc,heap        ] GC(29) Archive regions: 0->0
[152.001s][info][gc,heap        ] GC(29) Humongous regions: 6->6
[152.001s][info][gc,metaspace   ] GC(29) Metaspace: 117102K(122432K)->117102K(122432K) NonClass: 100099K(102528K)->100099K(102528K) Class: 17002K(19904K)->17002K(19904K)
[152.001s][info][gc             ] GC(29) Pause Young (Concurrent Start) (G1 Humongous Allocation) 71M->67M(210M) 2.706ms
[152.001s][info][gc             ] GC(30) Concurrent Mark Cycle
[152.001s][info][gc,cpu         ] GC(29) User=0.00s Sys=0.00s Real=0.00s
[152.001s][info][gc,marking     ] GC(30) Concurrent Scan Root Regions
[152.003s][info][gc,marking     ] GC(30) Concurrent Scan Root Regions 1.944ms
[152.003s][info][gc,marking     ] GC(30) Concurrent Mark
[152.003s][info][gc,marking     ] GC(30) Concurrent Mark From Roots
[152.003s][info][gc,task        ] GC(30) Using 8 workers of 8 for marking
[152.018s][info][gc,marking     ] GC(30) Concurrent Mark From Roots 14.681ms
[152.018s][info][gc,marking     ] GC(30) Concurrent Preclean
[152.018s][info][gc,marking     ] GC(30) Concurrent Preclean 0.336ms
[152.018s][info][gc,start       ] GC(30) Pause Remark
[152.057s][info][gc             ] GC(30) Pause Remark 93M->93M(210M) 38.743ms
[152.057s][info][gc,cpu         ] GC(30) User=0.09s Sys=0.02s Real=0.05s
[152.057s][info][gc,marking     ] GC(30) Concurrent Mark 54.095ms
[152.057s][info][gc,marking     ] GC(30) Concurrent Rebuild Remembered Sets and Scrub Regions
[152.066s][info][gc,marking     ] GC(30) Concurrent Rebuild Remembered Sets and Scrub Regions 8.666ms
[152.066s][info][gc,start       ] GC(30) Pause Cleanup
[152.066s][info][gc             ] GC(30) Pause Cleanup 93M->93M(210M) 0.170ms
[152.066s][info][gc,cpu         ] GC(30) User=0.00s Sys=0.00s Real=0.00s
[152.066s][info][gc,marking     ] GC(30) Concurrent Clear Claimed Marks
[152.067s][info][gc,marking     ] GC(30) Concurrent Clear Claimed Marks 0.083ms
[152.067s][info][gc,marking     ] GC(30) Concurrent Cleanup for Next Mark
[152.067s][info][gc,marking     ] GC(30) Concurrent Cleanup for Next Mark 0.321ms
[152.067s][info][gc             ] GC(30) Concurrent Mark Cycle 65.695ms
[152.342s][info][gc,start       ] GC(31) Pause Young (Prepare Mixed) (G1 Evacuation Pause)
[152.342s][info][gc,task        ] GC(31) Using 5 workers of 33 for evacuation
[152.346s][info][gc,phases      ] GC(31)   Pre Evacuate Collection Set: 0.2ms
[152.346s][info][gc,phases      ] GC(31)   Merge Heap Roots: 0.1ms
[152.346s][info][gc,phases      ] GC(31)   Evacuate Collection Set: 2.3ms
[152.346s][info][gc,phases      ] GC(31)   Post Evacuate Collection Set: 0.7ms
[152.346s][info][gc,phases      ] GC(31)   Other: 0.2ms
[152.346s][info][gc,heap        ] GC(31) Eden regions: 113->0(111)
[152.346s][info][gc,heap        ] GC(31) Survivor regions: 7->4(15)
[152.346s][info][gc,heap        ] GC(31) Old regions: 57->57
[152.346s][info][gc,heap        ] GC(31) Archive regions: 0->0
[152.346s][info][gc,heap        ] GC(31) Humongous regions: 15->15
[152.346s][info][gc,metaspace   ] GC(31) Metaspace: 111030K(120896K)->111030K(120896K) NonClass: 95542K(101184K)->95542K(101184K) Class: 15487K(19712K)->15487K(19712K)
[152.346s][info][gc             ] GC(31) Pause Young (Prepare Mixed) (G1 Evacuation Pause) 189M->74M(210M) 3.951ms
[152.346s][info][gc,cpu         ] GC(31) User=0.00s Sys=0.00s Real=0.00s
[152.575s][info][gc,start       ] GC(32) Pause Young (Mixed) (G1 Evacuation Pause)
[152.575s][info][gc,task        ] GC(32) Using 5 workers of 33 for evacuation
[152.579s][info][gc,phases      ] GC(32)   Pre Evacuate Collection Set: 0.2ms
[152.579s][info][gc,phases      ] GC(32)   Merge Heap Roots: 0.1ms
[152.579s][info][gc,phases      ] GC(32)   Evacuate Collection Set: 2.1ms
[152.579s][info][gc,phases      ] GC(32)   Post Evacuate Collection Set: 0.6ms
[152.579s][info][gc,phases      ] GC(32)   Other: 0.2ms
[152.579s][info][gc,heap        ] GC(32) Eden regions: 111->0(111)
[152.579s][info][gc,heap        ] GC(32) Survivor regions: 4->5(15)
[152.579s][info][gc,heap        ] GC(32) Old regions: 57->55
[152.579s][info][gc,heap        ] GC(32) Archive regions: 0->0
[152.579s][info][gc,heap        ] GC(32) Humongous regions: 19->19
[152.579s][info][gc,metaspace   ] GC(32) Metaspace: 111045K(120896K)->111045K(120896K) NonClass: 95557K(101184K)->95557K(101184K) Class: 15487K(19712K)->15487K(19712K)
[152.579s][info][gc             ] GC(32) Pause Young (Mixed) (G1 Evacuation Pause) 189M->77M(210M) 3.675ms
[152.579s][info][gc,cpu         ] GC(32) User=0.00s Sys=0.00s Real=0.00s
[152.756s][info][gc,start       ] GC(33) Pause Young (Concurrent Start) (G1 Humongous Allocation)
[152.756s][info][gc,task        ] GC(33) Using 5 workers of 33 for evacuation
[152.760s][info][gc,phases      ] GC(33)   Pre Evacuate Collection Set: 0.3ms
[152.760s][info][gc,phases      ] GC(33)   Merge Heap Roots: 0.1ms
[152.760s][info][gc,phases      ] GC(33)   Evacuate Collection Set: 2.4ms
[152.760s][info][gc,phases      ] GC(33)   Post Evacuate Collection Set: 0.6ms
[152.760s][info][gc,phases      ] GC(33)   Other: 0.2ms
[152.760s][info][gc,heap        ] GC(33) Eden regions: 38->0(115)
[152.760s][info][gc,heap        ] GC(33) Survivor regions: 5->5(15)
[152.760s][info][gc,heap        ] GC(33) Old regions: 55->55
[152.760s][info][gc,heap        ] GC(33) Archive regions: 0->0
[152.760s][info][gc,heap        ] GC(33) Humongous regions: 19->19
[152.760s][info][gc,metaspace   ] GC(33) Metaspace: 111048K(120896K)->111048K(120896K) NonClass: 95560K(101184K)->95560K(101184K) Class: 15487K(19712K)->15487K(19712K)
[152.760s][info][gc             ] GC(33) Pause Young (Concurrent Start) (G1 Humongous Allocation) 115M->77M(210M) 4.082ms
[152.760s][info][gc             ] GC(34) Concurrent Mark Cycle
[152.760s][info][gc,cpu         ] GC(33) User=0.02s Sys=0.00s Real=0.02s
[152.760s][info][gc,marking     ] GC(34) Concurrent Scan Root Regions
[152.764s][info][gc,marking     ] GC(34) Concurrent Scan Root Regions 3.520ms
[152.764s][info][gc,marking     ] GC(34) Concurrent Mark
[152.764s][info][gc,marking     ] GC(34) Concurrent Mark From Roots
[152.764s][info][gc,task        ] GC(34) Using 8 workers of 8 for marking
[152.787s][info][gc,marking     ] GC(34) Concurrent Mark From Roots 22.658ms
[152.787s][info][gc,marking     ] GC(34) Concurrent Preclean
[152.788s][info][gc,marking     ] GC(34) Concurrent Preclean 1.043ms
[152.788s][info][gc,start       ] GC(34) Pause Remark
[152.804s][info][gc             ] GC(34) Pause Remark 149M->149M(252M) 16.130ms
[152.804s][info][gc,cpu         ] GC(34) User=0.09s Sys=0.00s Real=0.02s
[152.804s][info][gc,marking     ] GC(34) Concurrent Mark 40.253ms
[152.804s][info][gc,marking     ] GC(34) Concurrent Rebuild Remembered Sets and Scrub Regions
[152.814s][info][gc,marking     ] GC(34) Concurrent Rebuild Remembered Sets and Scrub Regions 9.764ms
[152.814s][info][gc,start       ] GC(34) Pause Cleanup
[152.815s][info][gc             ] GC(34) Pause Cleanup 149M->149M(252M) 0.173ms
[152.815s][info][gc,cpu         ] GC(34) User=0.00s Sys=0.00s Real=0.00s
[152.815s][info][gc,marking     ] GC(34) Concurrent Clear Claimed Marks
[152.815s][info][gc,marking     ] GC(34) Concurrent Clear Claimed Marks 0.145ms
[152.815s][info][gc,marking     ] GC(34) Concurrent Cleanup for Next Mark
[152.815s][info][gc,marking     ] GC(34) Concurrent Cleanup for Next Mark 0.551ms
[152.815s][info][gc             ] GC(34) Concurrent Mark Cycle 55.009ms
[152.978s][info][gc,start       ] GC(35) Pause Young (Prepare Mixed) (G1 Evacuation Pause)
[152.978s][info][gc,task        ] GC(35) Using 6 workers of 33 for evacuation
[152.980s][info][gc,phases      ] GC(35)   Pre Evacuate Collection Set: 0.1ms
[152.980s][info][gc,phases      ] GC(35)   Merge Heap Roots: 0.1ms
[152.980s][info][gc,phases      ] GC(35)   Evacuate Collection Set: 1.1ms
[152.980s][info][gc,phases      ] GC(35)   Post Evacuate Collection Set: 0.3ms
[152.980s][info][gc,phases      ] GC(35)   Other: 0.1ms
[152.980s][info][gc,heap        ] GC(35) Eden regions: 115->0(141)
[152.980s][info][gc,heap        ] GC(35) Survivor regions: 5->6(15)
[152.980s][info][gc,heap        ] GC(35) Old regions: 55->55
[152.980s][info][gc,heap        ] GC(35) Archive regions: 0->0
[152.980s][info][gc,heap        ] GC(35) Humongous regions: 39->30
[152.980s][info][gc,metaspace   ] GC(35) Metaspace: 111064K(120896K)->111064K(120896K) NonClass: 95576K(101184K)->95576K(101184K) Class: 15487K(19712K)->15487K(19712K)
[152.980s][info][gc             ] GC(35) Pause Young (Prepare Mixed) (G1 Evacuation Pause) 212M->89M(252M) 1.906ms
[152.980s][info][gc,cpu         ] GC(35) User=0.00s Sys=0.00s Real=0.00s
[153.253s][info][gc,start       ] GC(36) Pause Young (Mixed) (G1 Evacuation Pause)
[153.253s][info][gc,task        ] GC(36) Using 6 workers of 33 for evacuation
[153.256s][info][gc,phases      ] GC(36)   Pre Evacuate Collection Set: 0.2ms
[153.256s][info][gc,phases      ] GC(36)   Merge Heap Roots: 0.1ms
[153.256s][info][gc,phases      ] GC(36)   Evacuate Collection Set: 2.2ms
[153.256s][info][gc,phases      ] GC(36)   Post Evacuate Collection Set: 0.6ms
[153.256s][info][gc,phases      ] GC(36)   Other: 0.2ms
[153.257s][info][gc,heap        ] GC(36) Eden regions: 141->0(136)
[153.257s][info][gc,heap        ] GC(36) Survivor regions: 6->6(19)
[153.257s][info][gc,heap        ] GC(36) Old regions: 55->54
[153.257s][info][gc,heap        ] GC(36) Archive regions: 0->0
[153.257s][info][gc,heap        ] GC(36) Humongous regions: 38->36
[153.257s][info][gc,metaspace   ] GC(36) Metaspace: 111088K(120960K)->111088K(120960K) NonClass: 95600K(101248K)->95600K(101248K) Class: 15487K(19712K)->15487K(19712K)
[153.257s][info][gc             ] GC(36) Pause Young (Mixed) (G1 Evacuation Pause) 238M->95M(252M) 3.829ms
[153.257s][info][gc,cpu         ] GC(36) User=0.09s Sys=0.00s Real=0.02s
[153.463s][info][gc,start       ] GC(37) Pause Young (Mixed) (G1 Evacuation Pause)
[153.464s][info][gc,task        ] GC(37) Using 6 workers of 33 for evacuation
[153.467s][info][gc,phases      ] GC(37)   Pre Evacuate Collection Set: 0.2ms
[153.467s][info][gc,phases      ] GC(37)   Merge Heap Roots: 0.1ms
[153.467s][info][gc,phases      ] GC(37)   Evacuate Collection Set: 2.6ms
[153.467s][info][gc,phases      ] GC(37)   Post Evacuate Collection Set: 0.7ms
[153.467s][info][gc,phases      ] GC(37)   Other: 0.2ms
[153.467s][info][gc,heap        ] GC(37) Eden regions: 136->0(130)
[153.468s][info][gc,heap        ] GC(37) Survivor regions: 6->7(18)
[153.468s][info][gc,heap        ] GC(37) Old regions: 54->54
[153.468s][info][gc,heap        ] GC(37) Archive regions: 0->0
[153.468s][info][gc,heap        ] GC(37) Humongous regions: 42->40
[153.468s][info][gc,metaspace   ] GC(37) Metaspace: 111106K(120960K)->111106K(120960K) NonClass: 95618K(101248K)->95618K(101248K) Class: 15487K(19712K)->15487K(19712K)
[153.468s][info][gc             ] GC(37) Pause Young (Mixed) (G1 Evacuation Pause) 237M->99M(252M) 4.212ms
[153.468s][info][gc,cpu         ] GC(37) User=0.00s Sys=0.00s Real=0.00s
[153.470s][info][gc,start       ] GC(38) Pause Young (Concurrent Start) (G1 Humongous Allocation)
[153.470s][info][gc,task        ] GC(38) Using 6 workers of 33 for evacuation
[153.473s][info][gc,phases      ] GC(38)   Pre Evacuate Collection Set: 0.3ms
[153.473s][info][gc,phases      ] GC(38)   Merge Heap Roots: 0.1ms
[153.473s][info][gc,phases      ] GC(38)   Evacuate Collection Set: 2.3ms
[153.473s][info][gc,phases      ] GC(38)   Post Evacuate Collection Set: 0.5ms
[153.474s][info][gc,phases      ] GC(38)   Other: 0.1ms
[153.474s][info][gc,heap        ] GC(38) Eden regions: 26->0(130)
[153.474s][info][gc,heap        ] GC(38) Survivor regions: 7->7(18)
[153.474s][info][gc,heap        ] GC(38) Old regions: 54->54
[153.474s][info][gc,heap        ] GC(38) Archive regions: 0->0
[153.474s][info][gc,heap        ] GC(38) Humongous regions: 40->40
[153.474s][info][gc,metaspace   ] GC(38) Metaspace: 111113K(120960K)->111113K(120960K) NonClass: 95625K(101248K)->95625K(101248K) Class: 15487K(19712K)->15487K(19712K)
[153.474s][info][gc             ] GC(38) Pause Young (Concurrent Start) (G1 Humongous Allocation) 125M->99M(252M) 3.712ms
[153.474s][info][gc             ] GC(39) Concurrent Mark Cycle
[153.474s][info][gc,cpu         ] GC(38) User=0.00s Sys=0.00s Real=0.00s
[153.474s][info][gc,marking     ] GC(39) Concurrent Scan Root Regions
[153.478s][info][gc,marking     ] GC(39) Concurrent Scan Root Regions 4.351ms
[153.478s][info][gc,marking     ] GC(39) Concurrent Mark
[153.478s][info][gc,marking     ] GC(39) Concurrent Mark From Roots
[153.478s][info][gc,task        ] GC(39) Using 8 workers of 8 for marking
[153.499s][info][gc,marking     ] GC(39) Concurrent Mark From Roots 20.199ms
[153.499s][info][gc,marking     ] GC(39) Concurrent Preclean
[153.499s][info][gc,marking     ] GC(39) Concurrent Preclean 0.529ms
[153.499s][info][gc,start       ] GC(39) Pause Remark
[153.503s][info][gc             ] GC(39) Pause Remark 187M->187M(317M) 3.681ms
[153.503s][info][gc,cpu         ] GC(39) User=0.00s Sys=0.00s Real=0.00s
[153.503s][info][gc,marking     ] GC(39) Concurrent Mark 24.700ms
[153.503s][info][gc,marking     ] GC(39) Concurrent Rebuild Remembered Sets and Scrub Regions
[153.511s][info][gc,marking     ] GC(39) Concurrent Rebuild Remembered Sets and Scrub Regions 7.535ms
[153.511s][info][gc,start       ] GC(39) Pause Cleanup
[153.511s][info][gc             ] GC(39) Pause Cleanup 187M->187M(317M) 0.150ms
[153.511s][info][gc,cpu         ] GC(39) User=0.00s Sys=0.00s Real=0.00s
[153.511s][info][gc,marking     ] GC(39) Concurrent Clear Claimed Marks
[153.511s][info][gc,marking     ] GC(39) Concurrent Clear Claimed Marks 0.105ms
[153.511s][info][gc,marking     ] GC(39) Concurrent Cleanup for Next Mark
[153.512s][info][gc,marking     ] GC(39) Concurrent Cleanup for Next Mark 0.625ms
[153.512s][info][gc             ] GC(39) Concurrent Mark Cycle 37.864ms
[153.713s][info][gc,start       ] GC(40) Pause Young (Prepare Mixed) (G1 Evacuation Pause)
[153.713s][info][gc,task        ] GC(40) Using 7 workers of 33 for evacuation
[153.716s][info][gc,phases      ] GC(40)   Pre Evacuate Collection Set: 0.1ms
[153.716s][info][gc,phases      ] GC(40)   Merge Heap Roots: 0.1ms
[153.716s][info][gc,phases      ] GC(40)   Evacuate Collection Set: 2.3ms
[153.716s][info][gc,phases      ] GC(40)   Post Evacuate Collection Set: 0.3ms
[153.716s][info][gc,phases      ] GC(40)   Other: 0.1ms
[153.716s][info][gc,heap        ] GC(40) Eden regions: 130->0(182)
[153.716s][info][gc,heap        ] GC(40) Survivor regions: 7->8(18)
[153.716s][info][gc,heap        ] GC(40) Old regions: 54->54
[153.716s][info][gc,heap        ] GC(40) Archive regions: 0->0
[153.716s][info][gc,heap        ] GC(40) Humongous regions: 46->44
[153.716s][info][gc,metaspace   ] GC(40) Metaspace: 111133K(120960K)->111133K(120960K) NonClass: 95645K(101248K)->95645K(101248K) Class: 15487K(19712K)->15487K(19712K)
[153.716s][info][gc             ] GC(40) Pause Young (Prepare Mixed) (G1 Evacuation Pause) 235M->104M(317M) 3.045ms
[153.716s][info][gc,cpu         ] GC(40) User=0.00s Sys=0.00s Real=0.00s
[153.923s][info][gc,start       ] GC(41) Pause Young (Mixed) (G1 Evacuation Pause)
[153.923s][info][gc,task        ] GC(41) Using 7 workers of 33 for evacuation
[153.927s][info][gc,phases      ] GC(41)   Pre Evacuate Collection Set: 0.2ms
[153.927s][info][gc,phases      ] GC(41)   Merge Heap Roots: 0.1ms
[153.927s][info][gc,phases      ] GC(41)   Evacuate Collection Set: 3.2ms
[153.927s][info][gc,phases      ] GC(41)   Post Evacuate Collection Set: 0.6ms
[153.927s][info][gc,phases      ] GC(41)   Other: 0.2ms
[153.927s][info][gc,heap        ] GC(41) Eden regions: 182->0(180)
[153.927s][info][gc,heap        ] GC(41) Survivor regions: 8->7(24)
[153.927s][info][gc,heap        ] GC(41) Old regions: 54->53
[153.927s][info][gc,heap        ] GC(41) Archive regions: 0->0
[153.927s][info][gc,heap        ] GC(41) Humongous regions: 57->53
[153.928s][info][gc,metaspace   ] GC(41) Metaspace: 111152K(120960K)->111152K(120960K) NonClass: 95664K(101248K)->95664K(101248K) Class: 15487K(19712K)->15487K(19712K)
[153.928s][info][gc             ] GC(41) Pause Young (Mixed) (G1 Evacuation Pause) 299M->111M(317M) 4.819ms
[153.928s][info][gc,cpu         ] GC(41) User=0.00s Sys=0.00s Real=0.00s
[154.119s][info][gc,start       ] GC(42) Pause Young (Concurrent Start) (G1 Humongous Allocation)
[154.119s][info][gc,task        ] GC(42) Using 7 workers of 33 for evacuation
[154.123s][info][gc,phases      ] GC(42)   Pre Evacuate Collection Set: 0.3ms
[154.123s][info][gc,phases      ] GC(42)   Merge Heap Roots: 0.1ms
[154.123s][info][gc,phases      ] GC(42)   Evacuate Collection Set: 2.4ms
[154.123s][info][gc,phases      ] GC(42)   Post Evacuate Collection Set: 0.6ms
[154.123s][info][gc,phases      ] GC(42)   Other: 0.2ms
[154.123s][info][gc,heap        ] GC(42) Eden regions: 90->0(178)
[154.123s][info][gc,heap        ] GC(42) Survivor regions: 7->8(24)
[154.123s][info][gc,heap        ] GC(42) Old regions: 53->53
[154.123s][info][gc,heap        ] GC(42) Archive regions: 0->0
[154.123s][info][gc,heap        ] GC(42) Humongous regions: 53->53
[154.123s][info][gc,metaspace   ] GC(42) Metaspace: 111164K(120960K)->111164K(120960K) NonClass: 95676K(101248K)->95676K(101248K) Class: 15487K(19712K)->15487K(19712K)
[154.123s][info][gc             ] GC(42) Pause Young (Concurrent Start) (G1 Humongous Allocation) 201M->112M(317M) 3.987ms
[154.123s][info][gc             ] GC(43) Concurrent Mark Cycle
[154.123s][info][gc,cpu         ] GC(42) User=0.00s Sys=0.00s Real=0.00s
[154.123s][info][gc,marking     ] GC(43) Concurrent Scan Root Regions
[154.129s][info][gc,marking     ] GC(43) Concurrent Scan Root Regions 5.424ms
[154.129s][info][gc,marking     ] GC(43) Concurrent Mark
[154.129s][info][gc,marking     ] GC(43) Concurrent Mark From Roots
[154.129s][info][gc,task        ] GC(43) Using 8 workers of 8 for marking
[154.152s][info][gc,marking     ] GC(43) Concurrent Mark From Roots 23.029ms
[154.152s][info][gc,marking     ] GC(43) Concurrent Preclean
[154.153s][info][gc,marking     ] GC(43) Concurrent Preclean 0.688ms
[154.153s][info][gc,start       ] GC(43) Pause Remark
[154.175s][info][gc             ] GC(43) Pause Remark 262M->262M(442M) 21.922ms
[154.175s][info][gc,cpu         ] GC(43) User=0.13s Sys=0.00s Real=0.03s
[154.175s][info][gc,marking     ] GC(43) Concurrent Mark 46.040ms
[154.175s][info][gc,marking     ] GC(43) Concurrent Rebuild Remembered Sets and Scrub Regions
[154.184s][info][gc,marking     ] GC(43) Concurrent Rebuild Remembered Sets and Scrub Regions 8.963ms
[154.184s][info][gc,start       ] GC(43) Pause Cleanup
[154.184s][info][gc             ] GC(43) Pause Cleanup 262M->262M(442M) 0.168ms
[154.184s][info][gc,cpu         ] GC(43) User=0.00s Sys=0.00s Real=0.00s
[154.184s][info][gc,marking     ] GC(43) Concurrent Clear Claimed Marks
[154.184s][info][gc,marking     ] GC(43) Concurrent Clear Claimed Marks 0.125ms
[154.184s][info][gc,marking     ] GC(43) Concurrent Cleanup for Next Mark
[154.185s][info][gc,marking     ] GC(43) Concurrent Cleanup for Next Mark 1.071ms
[154.186s][info][gc             ] GC(43) Concurrent Mark Cycle 62.316ms
[154.341s][info][gc,start       ] GC(44) Pause Young (Prepare Mixed) (G1 Evacuation Pause)
[154.341s][info][gc,task        ] GC(44) Using 10 workers of 33 for evacuation
[154.344s][info][gc,phases      ] GC(44)   Pre Evacuate Collection Set: 0.1ms
[154.344s][info][gc,phases      ] GC(44)   Merge Heap Roots: 0.1ms
[154.345s][info][gc,phases      ] GC(44)   Evacuate Collection Set: 2.5ms
[154.345s][info][gc,phases      ] GC(44)   Post Evacuate Collection Set: 0.4ms
[154.345s][info][gc,phases      ] GC(44)   Other: 0.1ms
[154.345s][info][gc,heap        ] GC(44) Eden regions: 178->0(255)
[154.345s][info][gc,heap        ] GC(44) Survivor regions: 8->10(24)
[154.345s][info][gc,heap        ] GC(44) Old regions: 53->53
[154.345s][info][gc,heap        ] GC(44) Archive regions: 0->0
[154.345s][info][gc,heap        ] GC(44) Humongous regions: 88->72
[154.345s][info][gc,metaspace   ] GC(44) Metaspace: 111209K(120960K)->111209K(120960K) NonClass: 95721K(101248K)->95721K(101248K) Class: 15487K(19712K)->15487K(19712K)
[154.345s][info][gc             ] GC(44) Pause Young (Prepare Mixed) (G1 Evacuation Pause) 325M->133M(442M) 3.266ms
[154.345s][info][gc,cpu         ] GC(44) User=0.05s Sys=0.11s Real=0.02s
[154.597s][info][gc,start       ] GC(45) Pause Young (Mixed) (G1 Evacuation Pause)
[154.597s][info][gc,task        ] GC(45) Using 10 workers of 33 for evacuation
[154.598s][info][gc,phases      ] GC(45)   Pre Evacuate Collection Set: 0.1ms
[154.598s][info][gc,phases      ] GC(45)   Merge Heap Roots: 0.1ms
[154.598s][info][gc,phases      ] GC(45)   Evacuate Collection Set: 1.1ms
[154.598s][info][gc,phases      ] GC(45)   Post Evacuate Collection Set: 0.4ms
[154.599s][info][gc,phases      ] GC(45)   Other: 0.1ms
[154.599s][info][gc,heap        ] GC(45) Eden regions: 255->0(255)
[154.599s][info][gc,heap        ] GC(45) Survivor regions: 10->10(34)
[154.599s][info][gc,heap        ] GC(45) Old regions: 53->52
[154.599s][info][gc,heap        ] GC(45) Archive regions: 0->0
[154.599s][info][gc,heap        ] GC(45) Humongous regions: 99->90
[154.599s][info][gc,metaspace   ] GC(45) Metaspace: 111221K(120960K)->111221K(120960K) NonClass: 95733K(101248K)->95733K(101248K) Class: 15487K(19712K)->15487K(19712K)
[154.599s][info][gc             ] GC(45) Pause Young (Mixed) (G1 Evacuation Pause) 415M->150M(442M) 2.017ms
[154.599s][info][gc,cpu         ] GC(45) User=0.00s Sys=0.00s Real=0.00s
[154.599s][info][gc,start       ] GC(46) Pause Young (Concurrent Start) (G1 Humongous Allocation)
[154.599s][info][gc,task        ] GC(46) Using 10 workers of 33 for evacuation
[154.601s][info][gc,phases      ] GC(46)   Pre Evacuate Collection Set: 0.2ms
[154.601s][info][gc,phases      ] GC(46)   Merge Heap Roots: 0.0ms
[154.601s][info][gc,phases      ] GC(46)   Evacuate Collection Set: 1.1ms
[154.601s][info][gc,phases      ] GC(46)   Post Evacuate Collection Set: 0.3ms
[154.601s][info][gc,phases      ] GC(46)   Other: 0.1ms
[154.601s][info][gc,heap        ] GC(46) Eden regions: 2->0(256)
[154.601s][info][gc,heap        ] GC(46) Survivor regions: 10->9(34)
[154.601s][info][gc,heap        ] GC(46) Old regions: 52->52
[154.601s][info][gc,heap        ] GC(46) Archive regions: 0->0
[154.601s][info][gc,heap        ] GC(46) Humongous regions: 90->90
[154.601s][info][gc,metaspace   ] GC(46) Metaspace: 111221K(120960K)->111221K(120960K) NonClass: 95733K(101248K)->95733K(101248K) Class: 15487K(19712K)->15487K(19712K)
[154.601s][info][gc             ] GC(46) Pause Young (Concurrent Start) (G1 Humongous Allocation) 151M->149M(442M) 1.861ms
[154.601s][info][gc             ] GC(47) Concurrent Mark Cycle
[154.601s][info][gc,cpu         ] GC(46) User=0.00s Sys=0.00s Real=0.00s
[154.601s][info][gc,marking     ] GC(47) Concurrent Scan Root Regions
[154.603s][info][gc,marking     ] GC(47) Concurrent Scan Root Regions 1.509ms
[154.603s][info][gc,marking     ] GC(47) Concurrent Mark
[154.603s][info][gc,marking     ] GC(47) Concurrent Mark From Roots
[154.603s][info][gc,task        ] GC(47) Using 8 workers of 8 for marking
[154.614s][info][gc,marking     ] GC(47) Concurrent Mark From Roots 11.659ms
[154.614s][info][gc,marking     ] GC(47) Concurrent Preclean
[154.615s][info][gc,marking     ] GC(47) Concurrent Preclean 0.255ms
[154.615s][info][gc,start       ] GC(47) Pause Remark
[154.616s][info][gc             ] GC(47) Pause Remark 176M->176M(442M) 1.192ms
[154.616s][info][gc,cpu         ] GC(47) User=0.00s Sys=0.00s Real=0.00s
[154.616s][info][gc,marking     ] GC(47) Concurrent Mark 13.315ms
[154.616s][info][gc,marking     ] GC(47) Concurrent Rebuild Remembered Sets and Scrub Regions
[154.621s][info][gc,marking     ] GC(47) Concurrent Rebuild Remembered Sets and Scrub Regions 4.873ms
[154.621s][info][gc,start       ] GC(47) Pause Cleanup
[154.621s][info][gc             ] GC(47) Pause Cleanup 176M->176M(442M) 0.119ms
[154.621s][info][gc,cpu         ] GC(47) User=0.00s Sys=0.00s Real=0.02s
[154.621s][info][gc,marking     ] GC(47) Concurrent Clear Claimed Marks
[154.621s][info][gc,marking     ] GC(47) Concurrent Clear Claimed Marks 0.084ms
[154.621s][info][gc,marking     ] GC(47) Concurrent Cleanup for Next Mark
[154.622s][info][gc,marking     ] GC(47) Concurrent Cleanup for Next Mark 0.249ms
[154.622s][info][gc             ] GC(47) Concurrent Mark Cycle 20.412ms
[154.793s][info][gc,start       ] GC(48) Pause Young (Prepare Mixed) (G1 Evacuation Pause)
[154.793s][info][gc,task        ] GC(48) Using 10 workers of 33 for evacuation
[154.795s][info][gc,phases      ] GC(48)   Pre Evacuate Collection Set: 0.2ms
[154.795s][info][gc,phases      ] GC(48)   Merge Heap Roots: 0.1ms
[154.795s][info][gc,phases      ] GC(48)   Evacuate Collection Set: 1.4ms
[154.795s][info][gc,phases      ] GC(48)   Post Evacuate Collection Set: 0.5ms
[154.795s][info][gc,phases      ] GC(48)   Other: 0.1ms
[154.795s][info][gc,heap        ] GC(48) Eden regions: 256->0(245)
[154.795s][info][gc,heap        ] GC(48) Survivor regions: 9->9(34)
[154.795s][info][gc,heap        ] GC(48) Old regions: 52->53
[154.795s][info][gc,heap        ] GC(48) Archive regions: 0->0
[154.795s][info][gc,heap        ] GC(48) Humongous regions: 109->103
[154.795s][info][gc,metaspace   ] GC(48) Metaspace: 111238K(120960K)->111238K(120960K) NonClass: 95750K(101248K)->95750K(101248K) Class: 15487K(19712K)->15487K(19712K)
[154.796s][info][gc             ] GC(48) Pause Young (Prepare Mixed) (G1 Evacuation Pause) 424M->163M(442M) 2.566ms
[154.796s][info][gc,cpu         ] GC(48) User=0.00s Sys=0.00s Real=0.00s
[154.815s][info][gc,start       ] GC(49) Pause Young (Mixed) (G1 Evacuation Pause)
[154.815s][info][gc,task        ] GC(49) Using 10 workers of 33 for evacuation
[154.817s][info][gc,phases      ] GC(49)   Pre Evacuate Collection Set: 0.1ms
[154.817s][info][gc,phases      ] GC(49)   Merge Heap Roots: 0.1ms
[154.817s][info][gc,phases      ] GC(49)   Evacuate Collection Set: 1.1ms
[154.817s][info][gc,phases      ] GC(49)   Post Evacuate Collection Set: 0.4ms
[154.817s][info][gc,phases      ] GC(49)   Other: 0.1ms
[154.817s][info][gc,heap        ] GC(49) Eden regions: 245->0(236)
[154.817s][info][gc,heap        ] GC(49) Survivor regions: 9->9(32)
[154.817s][info][gc,heap        ] GC(49) Old regions: 53->51
[154.817s][info][gc,heap        ] GC(49) Archive regions: 0->0
[154.817s][info][gc,heap        ] GC(49) Humongous regions: 126->114
[154.817s][info][gc,metaspace   ] GC(49) Metaspace: 111239K(120960K)->111239K(120960K) NonClass: 95752K(101248K)->95752K(101248K) Class: 15487K(19712K)->15487K(19712K)
[154.817s][info][gc             ] GC(49) Pause Young (Mixed) (G1 Evacuation Pause) 431M->172M(442M) 1.986ms
[154.817s][info][gc,cpu         ] GC(49) User=0.00s Sys=0.00s Real=0.00s
[154.820s][info][gc,start       ] GC(50) Pause Young (Concurrent Start) (G1 Humongous Allocation)
[154.820s][info][gc,task        ] GC(50) Using 10 workers of 33 for evacuation
[154.822s][info][gc,phases      ] GC(50)   Pre Evacuate Collection Set: 0.2ms
[154.822s][info][gc,phases      ] GC(50)   Merge Heap Roots: 0.0ms
[154.822s][info][gc,phases      ] GC(50)   Evacuate Collection Set: 1.1ms
[154.822s][info][gc,phases      ] GC(50)   Post Evacuate Collection Set: 0.3ms
[154.822s][info][gc,phases      ] GC(50)   Other: 0.1ms
[154.822s][info][gc,heap        ] GC(50) Eden regions: 40->0(237)
[154.822s][info][gc,heap        ] GC(50) Survivor regions: 9->8(31)
[154.822s][info][gc,heap        ] GC(50) Old regions: 51->52
[154.822s][info][gc,heap        ] GC(50) Archive regions: 0->0
[154.822s][info][gc,heap        ] GC(50) Humongous regions: 114->114
[154.822s][info][gc,metaspace   ] GC(50) Metaspace: 111239K(120960K)->111239K(120960K) NonClass: 95752K(101248K)->95752K(101248K) Class: 15487K(19712K)->15487K(19712K)
[154.822s][info][gc             ] GC(50) Pause Young (Concurrent Start) (G1 Humongous Allocation) 212M->172M(442M) 1.856ms
[154.822s][info][gc             ] GC(51) Concurrent Mark Cycle
[154.822s][info][gc,cpu         ] GC(50) User=0.00s Sys=0.00s Real=0.00s
[154.822s][info][gc,marking     ] GC(51) Concurrent Scan Root Regions
[154.835s][info][gc,marking     ] GC(51) Concurrent Scan Root Regions 12.597ms
[154.835s][info][gc,marking     ] GC(51) Concurrent Mark
[154.835s][info][gc,marking     ] GC(51) Concurrent Mark From Roots
[154.835s][info][gc,task        ] GC(51) Using 8 workers of 8 for marking
[154.842s][info][gc,start       ] GC(52) Pause Young (Normal) (G1 Evacuation Pause)
[154.842s][info][gc,task        ] GC(52) Using 10 workers of 33 for evacuation
[154.844s][info][gc,phases      ] GC(52)   Pre Evacuate Collection Set: 0.1ms
[154.844s][info][gc,phases      ] GC(52)   Merge Heap Roots: 0.1ms
[154.844s][info][gc,phases      ] GC(52)   Evacuate Collection Set: 1.8ms
[154.844s][info][gc,phases      ] GC(52)   Post Evacuate Collection Set: 0.4ms
[154.844s][info][gc,phases      ] GC(52)   Other: 0.1ms
[154.844s][info][gc,heap        ] GC(52) Eden regions: 237->0(226)
[154.844s][info][gc,heap        ] GC(52) Survivor regions: 8->7(31)
[154.844s][info][gc,heap        ] GC(52) Old regions: 52->52
[154.844s][info][gc,heap        ] GC(52) Archive regions: 0->0
[154.844s][info][gc,heap        ] GC(52) Humongous regions: 144->133
[154.844s][info][gc,metaspace   ] GC(52) Metaspace: 111239K(120960K)->111239K(120960K) NonClass: 95752K(101248K)->95752K(101248K) Class: 15487K(19712K)->15487K(19712K)
[154.844s][info][gc             ] GC(52) Pause Young (Normal) (G1 Evacuation Pause) 439M->190M(448M) 2.616ms
[154.844s][info][gc,cpu         ] GC(52) User=0.00s Sys=0.00s Real=0.00s
[154.862s][info][gc,start       ] GC(53) Pause Young (Normal) (G1 Evacuation Pause)
[154.862s][info][gc,task        ] GC(53) Using 10 workers of 33 for evacuation
[154.864s][info][gc,phases      ] GC(53)   Pre Evacuate Collection Set: 0.1ms
[154.864s][info][gc,phases      ] GC(53)   Merge Heap Roots: 0.1ms
[154.864s][info][gc,phases      ] GC(53)   Evacuate Collection Set: 0.7ms
[154.864s][info][gc,phases      ] GC(53)   Post Evacuate Collection Set: 0.4ms
[154.864s][info][gc,phases      ] GC(53)   Other: 0.1ms
[154.864s][info][gc,heap        ] GC(53) Eden regions: 226->0(221)
[154.864s][info][gc,heap        ] GC(53) Survivor regions: 7->7(30)
[154.864s][info][gc,heap        ] GC(53) Old regions: 52->53
[154.864s][info][gc,heap        ] GC(53) Archive regions: 0->0
[154.864s][info][gc,heap        ] GC(53) Humongous regions: 147->137
[154.864s][info][gc,metaspace   ] GC(53) Metaspace: 111239K(120960K)->111239K(120960K) NonClass: 95752K(101248K)->95752K(101248K) Class: 15487K(19712K)->15487K(19712K)
[154.864s][info][gc             ] GC(53) Pause Young (Normal) (G1 Evacuation Pause) 430M->195M(448M) 1.539ms
[154.864s][info][gc,cpu         ] GC(53) User=0.00s Sys=0.00s Real=0.00s
[154.882s][info][gc,start       ] GC(54) Pause Young (Normal) (G1 Evacuation Pause)
[154.882s][info][gc,task        ] GC(54) Using 10 workers of 33 for evacuation
[154.883s][info][gc,phases      ] GC(54)   Pre Evacuate Collection Set: 0.1ms
[154.883s][info][gc,phases      ] GC(54)   Merge Heap Roots: 0.1ms
[154.883s][info][gc,phases      ] GC(54)   Evacuate Collection Set: 0.8ms
[154.883s][info][gc,phases      ] GC(54)   Post Evacuate Collection Set: 0.4ms
[154.883s][info][gc,phases      ] GC(54)   Other: 0.1ms
[154.883s][info][gc,heap        ] GC(54) Eden regions: 221->0(210)
[154.883s][info][gc,heap        ] GC(54) Survivor regions: 7->7(29)
[154.883s][info][gc,heap        ] GC(54) Old regions: 53->53
[154.883s][info][gc,heap        ] GC(54) Archive regions: 0->0
[154.883s][info][gc,heap        ] GC(54) Humongous regions: 155->148
[154.883s][info][gc,metaspace   ] GC(54) Metaspace: 111239K(120960K)->111239K(120960K) NonClass: 95752K(101248K)->95752K(101248K) Class: 15487K(19712K)->15487K(19712K)
[154.883s][info][gc             ] GC(54) Pause Young (Normal) (G1 Evacuation Pause) 434M->206M(448M) 1.623ms
[154.883s][info][gc,cpu         ] GC(54) User=0.00s Sys=0.00s Real=0.00s
[154.907s][info][gc,start       ] GC(55) Pause Young (Normal) (G1 Evacuation Pause)
[154.907s][info][gc,task        ] GC(55) Using 10 workers of 33 for evacuation
[154.909s][info][gc,phases      ] GC(55)   Pre Evacuate Collection Set: 0.1ms
[154.909s][info][gc,phases      ] GC(55)   Merge Heap Roots: 0.1ms
[154.909s][info][gc,phases      ] GC(55)   Evacuate Collection Set: 0.8ms
[154.909s][info][gc,phases      ] GC(55)   Post Evacuate Collection Set: 0.4ms
[154.909s][info][gc,phases      ] GC(55)   Other: 0.1ms
[154.909s][info][gc,heap        ] GC(55) Eden regions: 210->0(212)
[154.909s][info][gc,heap        ] GC(55) Survivor regions: 7->6(28)
[154.909s][info][gc,heap        ] GC(55) Old regions: 53->54
[154.909s][info][gc,heap        ] GC(55) Archive regions: 0->0
[154.909s][info][gc,heap        ] GC(55) Humongous regions: 153->147
[154.909s][info][gc,metaspace   ] GC(55) Metaspace: 111239K(120960K)->111239K(120960K) NonClass: 95752K(101248K)->95752K(101248K) Class: 15487K(19712K)->15487K(19712K)
[154.909s][info][gc             ] GC(55) Pause Young (Normal) (G1 Evacuation Pause) 421M->205M(448M) 1.634ms
[154.909s][info][gc,cpu         ] GC(55) User=0.00s Sys=0.00s Real=0.00s
[154.910s][info][gc,marking     ] GC(51) Concurrent Mark From Roots 74.769ms
[154.910s][info][gc,marking     ] GC(51) Concurrent Preclean
[154.914s][info][gc,marking     ] GC(51) Concurrent Preclean 4.169ms
[154.915s][info][gc,start       ] GC(51) Pause Remark
[154.917s][info][gc             ] GC(51) Pause Remark 289M->289M(485M) 2.157ms
[154.917s][info][gc,cpu         ] GC(51) User=0.00s Sys=0.00s Real=0.00s
[154.917s][info][gc,marking     ] GC(51) Concurrent Mark 82.046ms
[154.917s][info][gc,marking     ] GC(51) Concurrent Rebuild Remembered Sets and Scrub Regions
[154.923s][info][gc,marking     ] GC(51) Concurrent Rebuild Remembered Sets and Scrub Regions 6.185ms
[154.924s][info][gc,start       ] GC(51) Pause Cleanup
[154.924s][info][gc             ] GC(51) Pause Cleanup 303M->303M(485M) 0.152ms
[154.924s][info][gc,cpu         ] GC(51) User=0.00s Sys=0.00s Real=0.00s
[154.924s][info][gc,marking     ] GC(51) Concurrent Clear Claimed Marks
[154.924s][info][gc,marking     ] GC(51) Concurrent Clear Claimed Marks 0.103ms
[154.924s][info][gc,marking     ] GC(51) Concurrent Cleanup for Next Mark
[154.926s][info][gc,marking     ] GC(51) Concurrent Cleanup for Next Mark 1.331ms
[154.926s][info][gc             ] GC(51) Concurrent Mark Cycle 103.623ms
[154.944s][info][gc,start       ] GC(56) Pause Young (Prepare Mixed) (G1 Evacuation Pause)
[154.944s][info][gc,task        ] GC(56) Using 11 workers of 33 for evacuation
[154.945s][info][gc,phases      ] GC(56)   Pre Evacuate Collection Set: 0.1ms
[154.945s][info][gc,phases      ] GC(56)   Merge Heap Roots: 0.1ms
[154.945s][info][gc,phases      ] GC(56)   Evacuate Collection Set: 0.7ms
[154.945s][info][gc,phases      ] GC(56)   Post Evacuate Collection Set: 0.4ms
[154.945s][info][gc,phases      ] GC(56)   Other: 0.1ms
[154.945s][info][gc,heap        ] GC(56) Eden regions: 212->0(237)
[154.945s][info][gc,heap        ] GC(56) Survivor regions: 6->5(28)
[154.945s][info][gc,heap        ] GC(56) Old regions: 54->54
[154.945s][info][gc,heap        ] GC(56) Archive regions: 0->0
[154.945s][info][gc,heap        ] GC(56) Humongous regions: 159->159
[154.945s][info][gc,metaspace   ] GC(56) Metaspace: 111239K(120960K)->111239K(120960K) NonClass: 95752K(101248K)->95752K(101248K) Class: 15487K(19712K)->15487K(19712K)
[154.945s][info][gc             ] GC(56) Pause Young (Prepare Mixed) (G1 Evacuation Pause) 429M->217M(485M) 1.483ms
[154.945s][info][gc,cpu         ] GC(56) User=0.00s Sys=0.00s Real=0.00s
[154.977s][info][gc,start       ] GC(57) Pause Young (Mixed) (G1 Evacuation Pause)
[154.977s][info][gc,task        ] GC(57) Using 11 workers of 33 for evacuation
[154.979s][info][gc,phases      ] GC(57)   Pre Evacuate Collection Set: 0.1ms
[154.979s][info][gc,phases      ] GC(57)   Merge Heap Roots: 0.1ms
[154.979s][info][gc,phases      ] GC(57)   Evacuate Collection Set: 0.9ms
[154.979s][info][gc,phases      ] GC(57)   Post Evacuate Collection Set: 0.4ms
[154.979s][info][gc,phases      ] GC(57)   Other: 0.1ms
[154.979s][info][gc,heap        ] GC(57) Eden regions: 237->0(231)
[154.979s][info][gc,heap        ] GC(57) Survivor regions: 5->4(27)
[154.979s][info][gc,heap        ] GC(57) Old regions: 54->54
[154.979s][info][gc,heap        ] GC(57) Archive regions: 0->0
[154.979s][info][gc,heap        ] GC(57) Humongous regions: 189->177
[154.979s][info][gc,metaspace   ] GC(57) Metaspace: 111239K(120960K)->111239K(120960K) NonClass: 95752K(101248K)->95752K(101248K) Class: 15487K(19712K)->15487K(19712K)
[154.979s][info][gc             ] GC(57) Pause Young (Mixed) (G1 Evacuation Pause) 484M->233M(496M) 1.972ms
[154.979s][info][gc,cpu         ] GC(57) User=0.00s Sys=0.00s Real=0.00s
[154.982s][info][gc,start       ] GC(58) Pause Young (Concurrent Start) (G1 Humongous Allocation)
[154.982s][info][gc,task        ] GC(58) Using 11 workers of 33 for evacuation
[154.984s][info][gc,phases      ] GC(58)   Pre Evacuate Collection Set: 0.2ms
[154.984s][info][gc,phases      ] GC(58)   Merge Heap Roots: 0.0ms
[154.984s][info][gc,phases      ] GC(58)   Evacuate Collection Set: 1.2ms
[154.984s][info][gc,phases      ] GC(58)   Post Evacuate Collection Set: 0.3ms
[154.984s][info][gc,phases      ] GC(58)   Other: 0.1ms
[154.984s][info][gc,heap        ] GC(58) Eden regions: 34->0(231)
[154.984s][info][gc,heap        ] GC(58) Survivor regions: 4->4(30)
[154.984s][info][gc,heap        ] GC(58) Old regions: 54->54
[154.984s][info][gc,heap        ] GC(58) Archive regions: 0->0
[154.984s][info][gc,heap        ] GC(58) Humongous regions: 177->177
[154.984s][info][gc,metaspace   ] GC(58) Metaspace: 111239K(120960K)->111239K(120960K) NonClass: 95752K(101248K)->95752K(101248K) Class: 15487K(19712K)->15487K(19712K)
[154.984s][info][gc             ] GC(58) Pause Young (Concurrent Start) (G1 Humongous Allocation) 267M->233M(496M) 2.051ms
[154.984s][info][gc             ] GC(59) Concurrent Mark Cycle
[154.984s][info][gc,cpu         ] GC(58) User=0.00s Sys=0.00s Real=0.00s
[154.984s][info][gc,marking     ] GC(59) Concurrent Scan Root Regions
[154.994s][info][gc,marking     ] GC(59) Concurrent Scan Root Regions 9.631ms
[154.994s][info][gc,marking     ] GC(59) Concurrent Mark
[154.994s][info][gc,marking     ] GC(59) Concurrent Mark From Roots
[154.994s][info][gc,task        ] GC(59) Using 8 workers of 8 for marking
[155.016s][info][gc,start       ] GC(60) Pause Young (Normal) (G1 Evacuation Pause)
[155.016s][info][gc,task        ] GC(60) Using 12 workers of 33 for evacuation
[155.018s][info][gc,phases      ] GC(60)   Pre Evacuate Collection Set: 0.1ms
[155.018s][info][gc,phases      ] GC(60)   Merge Heap Roots: 0.1ms
[155.018s][info][gc,phases      ] GC(60)   Evacuate Collection Set: 1.2ms
[155.018s][info][gc,phases      ] GC(60)   Post Evacuate Collection Set: 0.5ms
[155.018s][info][gc,phases      ] GC(60)   Other: 0.1ms
[155.018s][info][gc,heap        ] GC(60) Eden regions: 223->0(220)
[155.018s][info][gc,heap        ] GC(60) Survivor regions: 4->3(9)
[155.018s][info][gc,heap        ] GC(60) Old regions: 54->54
[155.018s][info][gc,heap        ] GC(60) Archive regions: 0->0
[155.018s][info][gc,heap        ] GC(60) Humongous regions: 222->202
[155.018s][info][gc,metaspace   ] GC(60) Metaspace: 111241K(120960K)->111241K(120960K) NonClass: 95753K(101248K)->95753K(101248K) Class: 15487K(19712K)->15487K(19712K)
[155.018s][info][gc             ] GC(60) Pause Young (Normal) (G1 Evacuation Pause) 501M->258M(508M) 2.184ms
[155.018s][info][gc,cpu         ] GC(60) User=0.00s Sys=0.00s Real=0.00s
[155.039s][info][gc,start       ] GC(61) Pause Young (Normal) (G1 Humongous Allocation)
[155.039s][info][gc,task        ] GC(61) Using 12 workers of 33 for evacuation
[155.040s][info][gc,phases      ] GC(61)   Pre Evacuate Collection Set: 0.1ms
[155.040s][info][gc,phases      ] GC(61)   Merge Heap Roots: 0.1ms
[155.040s][info][gc,phases      ] GC(61)   Evacuate Collection Set: 0.6ms
[155.040s][info][gc,phases      ] GC(61)   Post Evacuate Collection Set: 0.4ms
[155.040s][info][gc,phases      ] GC(61)   Other: 0.1ms
[155.040s][info][gc,heap        ] GC(61) Eden regions: 204->0(213)
[155.040s][info][gc,heap        ] GC(61) Survivor regions: 3->3(27)
[155.040s][info][gc,heap        ] GC(61) Old regions: 54->55
[155.040s][info][gc,heap        ] GC(61) Archive regions: 0->0
[155.040s][info][gc,heap        ] GC(61) Humongous regions: 224->208
[155.040s][info][gc,metaspace   ] GC(61) Metaspace: 111241K(120960K)->111241K(120960K) NonClass: 95753K(101248K)->95753K(101248K) Class: 15487K(19712K)->15487K(19712K)
[155.040s][info][gc             ] GC(61) Pause Young (Normal) (G1 Humongous Allocation) 484M->264M(508M) 1.461ms
[155.041s][info][gc,cpu         ] GC(61) User=0.00s Sys=0.00s Real=0.00s
[155.054s][info][gc,marking     ] GC(59) Concurrent Mark From Roots 60.255ms
[155.055s][info][gc,marking     ] GC(59) Concurrent Preclean
[155.058s][info][gc,marking     ] GC(59) Concurrent Preclean 3.369ms
[155.058s][info][gc,start       ] GC(62) Pause Young (Normal) (G1 Humongous Allocation)
[155.058s][info][gc,task        ] GC(62) Using 12 workers of 33 for evacuation
[155.060s][info][gc,phases      ] GC(62)   Pre Evacuate Collection Set: 0.1ms
[155.060s][info][gc,phases      ] GC(62)   Merge Heap Roots: 0.1ms
[155.060s][info][gc,phases      ] GC(62)   Evacuate Collection Set: 0.5ms
[155.060s][info][gc,phases      ] GC(62)   Post Evacuate Collection Set: 0.4ms
[155.060s][info][gc,phases      ] GC(62)   Other: 0.1ms
[155.060s][info][gc,heap        ] GC(62) Eden regions: 197->0(210)
[155.060s][info][gc,heap        ] GC(62) Survivor regions: 3->2(27)
[155.060s][info][gc,heap        ] GC(62) Old regions: 55->56
[155.060s][info][gc,heap        ] GC(62) Archive regions: 0->0
[155.060s][info][gc,heap        ] GC(62) Humongous regions: 229->212
[155.060s][info][gc,metaspace   ] GC(62) Metaspace: 111241K(120960K)->111241K(120960K) NonClass: 95753K(101248K)->95753K(101248K) Class: 15487K(19712K)->15487K(19712K)
[155.060s][info][gc             ] GC(62) Pause Young (Normal) (G1 Humongous Allocation) 482M->268M(508M) 1.306ms
[155.060s][info][gc,cpu         ] GC(62) User=0.00s Sys=0.00s Real=0.00s
[155.072s][info][gc,start       ] GC(59) Pause Remark
[155.073s][info][gc             ] GC(59) Pause Remark 275M->275M(508M) 1.065ms
[155.073s][info][gc,cpu         ] GC(59) User=0.00s Sys=0.00s Real=0.00s
[155.073s][info][gc,marking     ] GC(59) Concurrent Mark 79.546ms
[155.074s][info][gc,marking     ] GC(59) Concurrent Rebuild Remembered Sets and Scrub Regions
[155.087s][info][gc,marking     ] GC(59) Concurrent Rebuild Remembered Sets and Scrub Regions 13.438ms
[155.088s][info][gc,start       ] GC(59) Pause Cleanup
[155.088s][info][gc             ] GC(59) Pause Cleanup 443M->443M(508M) 0.142ms
[155.088s][info][gc,cpu         ] GC(59) User=0.00s Sys=0.00s Real=0.00s
[155.088s][info][gc,marking     ] GC(59) Concurrent Clear Claimed Marks
[155.089s][info][gc,marking     ] GC(59) Concurrent Clear Claimed Marks 0.275ms
[155.089s][info][gc,marking     ] GC(59) Concurrent Cleanup for Next Mark
[155.091s][info][gc,marking     ] GC(59) Concurrent Cleanup for Next Mark 1.976ms
[155.091s][info][gc             ] GC(59) Concurrent Mark Cycle 106.963ms
[155.104s][info][gc,start       ] GC(63) Pause Young (Prepare Mixed) (G1 Humongous Allocation)
[155.104s][info][gc,task        ] GC(63) Using 12 workers of 33 for evacuation
[155.105s][info][gc,phases      ] GC(63)   Pre Evacuate Collection Set: 0.1ms
[155.105s][info][gc,phases      ] GC(63)   Merge Heap Roots: 0.1ms
[155.105s][info][gc,phases      ] GC(63)   Evacuate Collection Set: 0.4ms
[155.105s][info][gc,phases      ] GC(63)   Post Evacuate Collection Set: 0.4ms
[155.105s][info][gc,phases      ] GC(63)   Other: 0.1ms
[155.105s][info][gc,heap        ] GC(63) Eden regions: 197->0(183)
[155.105s][info][gc,heap        ] GC(63) Survivor regions: 2->2(15)
[155.105s][info][gc,heap        ] GC(63) Old regions: 56->56
[155.105s][info][gc,heap        ] GC(63) Archive regions: 0->0
[155.105s][info][gc,heap        ] GC(63) Humongous regions: 242->239
[155.105s][info][gc,metaspace   ] GC(63) Metaspace: 111241K(120960K)->111241K(120960K) NonClass: 95753K(101248K)->95753K(101248K) Class: 15487K(19712K)->15487K(19712K)
[155.105s][info][gc             ] GC(63) Pause Young (Prepare Mixed) (G1 Humongous Allocation) 495M->295M(508M) 1.250ms
[155.105s][info][gc,cpu         ] GC(63) User=0.00s Sys=0.00s Real=0.00s
[155.122s][info][gc,start       ] GC(64) Pause Young (Mixed) (G1 Evacuation Pause)
[155.122s][info][gc,task        ] GC(64) Using 12 workers of 33 for evacuation
[155.124s][info][gc,phases      ] GC(64)   Pre Evacuate Collection Set: 0.1ms
[155.124s][info][gc,phases      ] GC(64)   Merge Heap Roots: 0.1ms
[155.124s][info][gc,phases      ] GC(64)   Evacuate Collection Set: 1.0ms
[155.124s][info][gc,phases      ] GC(64)   Post Evacuate Collection Set: 0.4ms
[155.124s][info][gc,phases      ] GC(64)   Other: 0.1ms
[155.124s][info][gc,heap        ] GC(64) Eden regions: 183->0(171)
[155.124s][info][gc,heap        ] GC(64) Survivor regions: 2->2(11)
[155.124s][info][gc,heap        ] GC(64) Old regions: 56->55
[155.124s][info][gc,heap        ] GC(64) Archive regions: 0->0
[155.124s][info][gc,heap        ] GC(64) Humongous regions: 260->252
[155.124s][info][gc,metaspace   ] GC(64) Metaspace: 111241K(120960K)->111241K(120960K) NonClass: 95753K(101248K)->95753K(101248K) Class: 15487K(19712K)->15487K(19712K)
[155.124s][info][gc             ] GC(64) Pause Young (Mixed) (G1 Evacuation Pause) 499M->307M(508M) 1.792ms
[155.124s][info][gc,cpu         ] GC(64) User=0.00s Sys=0.00s Real=0.00s
[155.129s][info][gc,start       ] GC(65) Pause Young (Concurrent Start) (G1 Humongous Allocation)
[155.129s][info][gc,task        ] GC(65) Using 12 workers of 33 for evacuation
[155.130s][info][gc,phases      ] GC(65)   Pre Evacuate Collection Set: 0.2ms
[155.130s][info][gc,phases      ] GC(65)   Merge Heap Roots: 0.0ms
[155.130s][info][gc,phases      ] GC(65)   Evacuate Collection Set: 0.9ms
[155.130s][info][gc,phases      ] GC(65)   Post Evacuate Collection Set: 0.3ms
[155.130s][info][gc,phases      ] GC(65)   Other: 0.1ms
[155.130s][info][gc,heap        ] GC(65) Eden regions: 58->0(176)
[155.130s][info][gc,heap        ] GC(65) Survivor regions: 2->1(22)
[155.130s][info][gc,heap        ] GC(65) Old regions: 55->56
[155.130s][info][gc,heap        ] GC(65) Archive regions: 0->0
[155.130s][info][gc,heap        ] GC(65) Humongous regions: 252->248
[155.130s][info][gc,metaspace   ] GC(65) Metaspace: 111241K(120960K)->111241K(120960K) NonClass: 95753K(101248K)->95753K(101248K) Class: 15487K(19712K)->15487K(19712K)
[155.130s][info][gc             ] GC(65) Pause Young (Concurrent Start) (G1 Humongous Allocation) 365M->303M(508M) 1.682ms
[155.130s][info][gc             ] GC(66) Concurrent Mark Cycle
[155.130s][info][gc,cpu         ] GC(65) User=0.00s Sys=0.00s Real=0.00s
[155.130s][info][gc,marking     ] GC(66) Concurrent Scan Root Regions
[155.141s][info][gc,marking     ] GC(66) Concurrent Scan Root Regions 11.045ms
[155.142s][info][gc,marking     ] GC(66) Concurrent Mark
[155.142s][info][gc,marking     ] GC(66) Concurrent Mark From Roots
[155.142s][info][gc,task        ] GC(66) Using 8 workers of 8 for marking
[155.145s][info][gc,start       ] GC(67) Pause Young (Normal) (G1 Humongous Allocation)
[155.145s][info][gc,task        ] GC(67) Using 12 workers of 33 for evacuation
[155.146s][info][gc,phases      ] GC(67)   Pre Evacuate Collection Set: 0.1ms
[155.146s][info][gc,phases      ] GC(67)   Merge Heap Roots: 0.1ms
[155.146s][info][gc,phases      ] GC(67)   Evacuate Collection Set: 0.4ms
[155.146s][info][gc,phases      ] GC(67)   Post Evacuate Collection Set: 0.3ms
[155.146s][info][gc,phases      ] GC(67)   Other: 0.1ms
[155.146s][info][gc,heap        ] GC(67) Eden regions: 165->0(166)
[155.146s][info][gc,heap        ] GC(67) Survivor regions: 1->1(23)
[155.146s][info][gc,heap        ] GC(67) Old regions: 56->56
[155.146s][info][gc,heap        ] GC(67) Archive regions: 0->0
[155.146s][info][gc,heap        ] GC(67) Humongous regions: 262->258
[155.146s][info][gc,metaspace   ] GC(67) Metaspace: 111241K(120960K)->111241K(120960K) NonClass: 95753K(101248K)->95753K(101248K) Class: 15487K(19712K)->15487K(19712K)
[155.147s][info][gc             ] GC(67) Pause Young (Normal) (G1 Humongous Allocation) 482M->313M(508M) 1.165ms
[155.147s][info][gc,cpu         ] GC(67) User=0.00s Sys=0.00s Real=0.00s
[155.161s][info][gc,start       ] GC(68) Pause Young (Normal) (G1 Evacuation Pause)
[155.161s][info][gc,task        ] GC(68) Using 12 workers of 33 for evacuation
[155.162s][info][gc,phases      ] GC(68)   Pre Evacuate Collection Set: 0.1ms
[155.162s][info][gc,phases      ] GC(68)   Merge Heap Roots: 0.1ms
[155.162s][info][gc,phases      ] GC(68)   Evacuate Collection Set: 0.4ms
[155.162s][info][gc,phases      ] GC(68)   Post Evacuate Collection Set: 0.3ms
[155.162s][info][gc,phases      ] GC(68)   Other: 0.1ms
[155.162s][info][gc,heap        ] GC(68) Eden regions: 166->0(159)
[155.162s][info][gc,heap        ] GC(68) Survivor regions: 1->1(21)
[155.162s][info][gc,heap        ] GC(68) Old regions: 56->56
[155.162s][info][gc,heap        ] GC(68) Archive regions: 0->0
[155.162s][info][gc,heap        ] GC(68) Humongous regions: 265->265
[155.162s][info][gc,metaspace   ] GC(68) Metaspace: 111241K(120960K)->111241K(120960K) NonClass: 95753K(101248K)->95753K(101248K) Class: 15487K(19712K)->15487K(19712K)
[155.163s][info][gc             ] GC(68) Pause Young (Normal) (G1 Evacuation Pause) 486M->320M(508M) 1.166ms
[155.163s][info][gc,cpu         ] GC(68) User=0.00s Sys=0.00s Real=0.00s
[155.178s][info][gc,start       ] GC(69) Pause Young (Normal) (G1 Evacuation Pause)
[155.178s][info][gc,task        ] GC(69) Using 12 workers of 33 for evacuation
[155.179s][info][gc,phases      ] GC(69)   Pre Evacuate Collection Set: 0.1ms
[155.179s][info][gc,phases      ] GC(69)   Merge Heap Roots: 0.1ms
[155.179s][info][gc,phases      ] GC(69)   Evacuate Collection Set: 0.6ms
[155.179s][info][gc,phases      ] GC(69)   Post Evacuate Collection Set: 0.4ms
[155.179s][info][gc,phases      ] GC(69)   Other: 0.1ms
[155.179s][info][gc,heap        ] GC(69) Eden regions: 159->0(152)
[155.179s][info][gc,heap        ] GC(69) Survivor regions: 1->1(20)
[155.179s][info][gc,heap        ] GC(69) Old regions: 56->56
[155.179s][info][gc,heap        ] GC(69) Archive regions: 0->0
[155.179s][info][gc,heap        ] GC(69) Humongous regions: 272->272
[155.179s][info][gc,metaspace   ] GC(69) Metaspace: 111245K(120960K)->111245K(120960K) NonClass: 95754K(101248K)->95754K(101248K) Class: 15490K(19712K)->15490K(19712K)
[155.179s][info][gc             ] GC(69) Pause Young (Normal) (G1 Evacuation Pause) 486M->327M(508M) 1.443ms
[155.179s][info][gc,cpu         ] GC(69) User=0.17s Sys=0.03s Real=0.02s
[155.189s][info][gc,marking     ] GC(66) Concurrent Mark From Roots 47.695ms
[155.190s][info][gc,marking     ] GC(66) Concurrent Preclean
[155.192s][info][gc,marking     ] GC(66) Concurrent Preclean 2.524ms
[155.195s][info][gc,start       ] GC(70) Pause Young (Normal) (G1 Evacuation Pause)
[155.195s][info][gc,task        ] GC(70) Using 12 workers of 33 for evacuation
[155.196s][info][gc,phases      ] GC(70)   Pre Evacuate Collection Set: 0.1ms
[155.196s][info][gc,phases      ] GC(70)   Merge Heap Roots: 0.1ms
[155.196s][info][gc,phases      ] GC(70)   Evacuate Collection Set: 0.6ms
[155.196s][info][gc,phases      ] GC(70)   Post Evacuate Collection Set: 0.4ms
[155.196s][info][gc,phases      ] GC(70)   Other: 0.1ms
[155.196s][info][gc,heap        ] GC(70) Eden regions: 152->0(138)
[155.196s][info][gc,heap        ] GC(70) Survivor regions: 1->1(17)
[155.196s][info][gc,heap        ] GC(70) Old regions: 56->56
[155.196s][info][gc,heap        ] GC(70) Archive regions: 0->0
[155.196s][info][gc,heap        ] GC(70) Humongous regions: 286->286
[155.196s][info][gc,metaspace   ] GC(70) Metaspace: 111248K(120960K)->111248K(120960K) NonClass: 95758K(101248K)->95758K(101248K) Class: 15490K(19712K)->15490K(19712K)
[155.196s][info][gc             ] GC(70) Pause Young (Normal) (G1 Evacuation Pause) 493M->341M(508M) 1.356ms
[155.196s][info][gc,cpu         ] GC(70) User=0.00s Sys=0.00s Real=0.00s
[155.197s][info][gc,start       ] GC(66) Pause Remark
[155.199s][info][gc             ] GC(66) Pause Remark 342M->330M(512M) 1.233ms
[155.199s][info][gc,cpu         ] GC(66) User=0.00s Sys=0.00s Real=0.00s
[155.199s][info][gc,marking     ] GC(66) Concurrent Mark 57.031ms
[155.199s][info][gc,marking     ] GC(66) Concurrent Rebuild Remembered Sets and Scrub Regions
[155.212s][info][gc,marking     ] GC(66) Concurrent Rebuild Remembered Sets and Scrub Regions 12.762ms
[155.213s][info][gc,start       ] GC(66) Pause Cleanup
[155.213s][info][gc             ] GC(66) Pause Cleanup 491M->491M(512M) 0.167ms
[155.213s][info][gc,cpu         ] GC(66) User=0.00s Sys=0.00s Real=0.00s
[155.213s][info][gc,marking     ] GC(66) Concurrent Clear Claimed Marks
[155.214s][info][gc,marking     ] GC(66) Concurrent Clear Claimed Marks 0.624ms
[155.214s][info][gc,marking     ] GC(66) Concurrent Cleanup for Next Mark
[155.230s][info][gc,start       ] GC(71) Pause Young (Prepare Mixed) (G1 Evacuation Pause)
[155.230s][info][gc,task        ] GC(71) Using 12 workers of 33 for evacuation
[155.232s][info][gc,phases      ] GC(71)   Pre Evacuate Collection Set: 0.1ms
[155.232s][info][gc,phases      ] GC(71)   Merge Heap Roots: 0.1ms
[155.232s][info][gc,phases      ] GC(71)   Evacuate Collection Set: 0.6ms
[155.232s][info][gc,phases      ] GC(71)   Post Evacuate Collection Set: 0.4ms
[155.232s][info][gc,phases      ] GC(71)   Other: 0.1ms
[155.232s][info][gc,heap        ] GC(71) Eden regions: 138->0(128)
[155.232s][info][gc,heap        ] GC(71) Survivor regions: 1->1(14)
[155.232s][info][gc,heap        ] GC(71) Old regions: 56->56
[155.232s][info][gc,heap        ] GC(71) Archive regions: 0->0
[155.232s][info][gc,heap        ] GC(71) Humongous regions: 303->299
[155.232s][info][gc,metaspace   ] GC(71) Metaspace: 111254K(120960K)->111254K(120960K) NonClass: 95762K(101248K)->95762K(101248K) Class: 15492K(19712K)->15492K(19712K)
[155.232s][info][gc             ] GC(71) Pause Young (Prepare Mixed) (G1 Evacuation Pause) 496M->354M(512M) 1.575ms
[155.232s][info][gc,cpu         ] GC(71) User=0.00s Sys=0.00s Real=0.00s
[155.233s][info][gc,marking     ] GC(66) Concurrent Cleanup for Next Mark 19.627ms
[155.234s][info][gc             ] GC(66) Concurrent Mark Cycle 103.336ms
[155.244s][info][gc,start       ] GC(72) Pause Young (Mixed) (G1 Evacuation Pause)
[155.244s][info][gc,task        ] GC(72) Using 12 workers of 33 for evacuation
[155.246s][info][gc,phases      ] GC(72)   Pre Evacuate Collection Set: 0.1ms
[155.246s][info][gc,phases      ] GC(72)   Merge Heap Roots: 0.1ms
[155.246s][info][gc,phases      ] GC(72)   Evacuate Collection Set: 1.0ms
[155.246s][info][gc,phases      ] GC(72)   Post Evacuate Collection Set: 0.5ms
[155.246s][info][gc,phases      ] GC(72)   Other: 0.1ms
[155.246s][info][gc,heap        ] GC(72) Eden regions: 128->0(121)
[155.246s][info][gc,heap        ] GC(72) Survivor regions: 1->1(17)
[155.246s][info][gc,heap        ] GC(72) Old regions: 56->56
[155.246s][info][gc,heap        ] GC(72) Archive regions: 0->0
[155.246s][info][gc,heap        ] GC(72) Humongous regions: 306->306
[155.246s][info][gc,metaspace   ] GC(72) Metaspace: 111263K(120960K)->111263K(120960K) NonClass: 95768K(101248K)->95768K(101248K) Class: 15495K(19712K)->15495K(19712K)
[155.246s][info][gc             ] GC(72) Pause Young (Mixed) (G1 Evacuation Pause) 489M->361M(512M) 2.205ms
[155.247s][info][gc,cpu         ] GC(72) User=0.00s Sys=0.00s Real=0.00s
[155.257s][info][gc,start       ] GC(73) Pause Young (Concurrent Start) (G1 Humongous Allocation)
[155.257s][info][gc,task        ] GC(73) Using 12 workers of 33 for evacuation
[155.259s][info][gc,phases      ] GC(73)   Pre Evacuate Collection Set: 0.2ms
[155.259s][info][gc,phases      ] GC(73)   Merge Heap Roots: 0.1ms
[155.259s][info][gc,phases      ] GC(73)   Evacuate Collection Set: 1.1ms
[155.259s][info][gc,phases      ] GC(73)   Post Evacuate Collection Set: 0.4ms
[155.259s][info][gc,phases      ] GC(73)   Other: 0.1ms
[155.259s][info][gc,heap        ] GC(73) Eden regions: 114->0(121)
[155.259s][info][gc,heap        ] GC(73) Survivor regions: 1->1(16)
[155.259s][info][gc,heap        ] GC(73) Old regions: 56->56
[155.259s][info][gc,heap        ] GC(73) Archive regions: 0->0
[155.259s][info][gc,heap        ] GC(73) Humongous regions: 306->306
[155.259s][info][gc,metaspace   ] GC(73) Metaspace: 111283K(120960K)->111283K(120960K) NonClass: 95781K(101248K)->95781K(101248K) Class: 15501K(19712K)->15501K(19712K)
[155.259s][info][gc             ] GC(73) Pause Young (Concurrent Start) (G1 Humongous Allocation) 475M->361M(512M) 2.046ms
[155.259s][info][gc             ] GC(74) Concurrent Mark Cycle
[155.259s][info][gc,cpu         ] GC(73) User=0.00s Sys=0.00s Real=0.00s
[155.259s][info][gc,marking     ] GC(74) Concurrent Scan Root Regions
[155.270s][info][gc,marking     ] GC(74) Concurrent Scan Root Regions 10.630ms
[155.270s][info][gc,marking     ] GC(74) Concurrent Mark
[155.270s][info][gc,marking     ] GC(74) Concurrent Mark From Roots
[155.270s][info][gc,task        ] GC(74) Using 8 workers of 8 for marking
[155.271s][info][gc,start       ] GC(75) Pause Young (Normal) (G1 Evacuation Pause)
[155.271s][info][gc,task        ] GC(75) Using 12 workers of 33 for evacuation
[155.273s][info][gc,phases      ] GC(75)   Pre Evacuate Collection Set: 0.1ms
[155.273s][info][gc,phases      ] GC(75)   Merge Heap Roots: 0.1ms
[155.273s][info][gc,phases      ] GC(75)   Evacuate Collection Set: 0.6ms
[155.273s][info][gc,phases      ] GC(75)   Post Evacuate Collection Set: 0.4ms
[155.273s][info][gc,phases      ] GC(75)   Other: 0.1ms
[155.273s][info][gc,heap        ] GC(75) Eden regions: 121->0(110)
[155.273s][info][gc,heap        ] GC(75) Survivor regions: 1->1(13)
[155.273s][info][gc,heap        ] GC(75) Old regions: 56->56
[155.273s][info][gc,heap        ] GC(75) Archive regions: 0->0
[155.273s][info][gc,heap        ] GC(75) Humongous regions: 321->317
[155.273s][info][gc,metaspace   ] GC(75) Metaspace: 111297K(120960K)->111297K(120960K) NonClass: 95792K(101248K)->95792K(101248K) Class: 15505K(19712K)->15505K(19712K)
[155.273s][info][gc             ] GC(75) Pause Young (Normal) (G1 Evacuation Pause) 497M->372M(512M) 1.433ms
[155.273s][info][gc,cpu         ] GC(75) User=0.00s Sys=0.00s Real=0.00s
[155.282s][info][gc,start       ] GC(76) Pause Young (Normal) (G1 Humongous Allocation)
[155.282s][info][gc,task        ] GC(76) Using 12 workers of 33 for evacuation
[155.284s][info][gc,phases      ] GC(76)   Pre Evacuate Collection Set: 0.1ms
[155.284s][info][gc,phases      ] GC(76)   Merge Heap Roots: 0.1ms
[155.284s][info][gc,phases      ] GC(76)   Evacuate Collection Set: 0.7ms
[155.284s][info][gc,phases      ] GC(76)   Post Evacuate Collection Set: 0.3ms
[155.284s][info][gc,phases      ] GC(76)   Other: 0.1ms
[155.284s][info][gc,heap        ] GC(76) Eden regions: 98->0(96)
[155.284s][info][gc,heap        ] GC(76) Survivor regions: 1->1(14)
[155.284s][info][gc,heap        ] GC(76) Old regions: 56->56
[155.284s][info][gc,heap        ] GC(76) Archive regions: 0->0
[155.284s][info][gc,heap        ] GC(76) Humongous regions: 331->331
[155.284s][info][gc,metaspace   ] GC(76) Metaspace: 111316K(120960K)->111316K(120960K) NonClass: 95805K(101248K)->95805K(101248K) Class: 15510K(19712K)->15510K(19712K)
[155.284s][info][gc             ] GC(76) Pause Young (Normal) (G1 Humongous Allocation) 484M->386M(512M) 1.430ms
[155.284s][info][gc,cpu         ] GC(76) User=0.03s Sys=0.39s Real=0.02s
[155.302s][info][gc,start       ] GC(77) Pause Young (Normal) (G1 Humongous Allocation)
[155.302s][info][gc,task        ] GC(77) Using 12 workers of 33 for evacuation
[155.303s][info][gc,phases      ] GC(77)   Pre Evacuate Collection Set: 0.1ms
[155.303s][info][gc,phases      ] GC(77)   Merge Heap Roots: 0.1ms
[155.303s][info][gc,phases      ] GC(77)   Evacuate Collection Set: 0.6ms
[155.303s][info][gc,phases      ] GC(77)   Post Evacuate Collection Set: 0.4ms
[155.303s][info][gc,phases      ] GC(77)   Other: 0.1ms
[155.303s][info][gc,heap        ] GC(77) Eden regions: 51->0(54)
[155.303s][info][gc,heap        ] GC(77) Survivor regions: 1->1(13)
[155.303s][info][gc,heap        ] GC(77) Old regions: 56->56
[155.303s][info][gc,heap        ] GC(77) Archive regions: 0->0
[155.303s][info][gc,heap        ] GC(77) Humongous regions: 373->373
[155.303s][info][gc,metaspace   ] GC(77) Metaspace: 111316K(120960K)->111316K(120960K) NonClass: 95806K(101248K)->95806K(101248K) Class: 15510K(19712K)->15510K(19712K)
[155.303s][info][gc             ] GC(77) Pause Young (Normal) (G1 Humongous Allocation) 479M->428M(512M) 1.416ms
[155.303s][info][gc,cpu         ] GC(77) User=0.00s Sys=0.00s Real=0.00s
[155.319s][info][gc,start       ] GC(78) Pause Young (Normal) (G1 Humongous Allocation)
[155.319s][info][gc,task        ] GC(78) Using 12 workers of 33 for evacuation
[155.321s][info][gc,phases      ] GC(78)   Pre Evacuate Collection Set: 0.1ms
[155.321s][info][gc,phases      ] GC(78)   Merge Heap Roots: 0.1ms
[155.321s][info][gc,phases      ] GC(78)   Evacuate Collection Set: 0.8ms
[155.321s][info][gc,phases      ] GC(78)   Post Evacuate Collection Set: 0.4ms
[155.321s][info][gc,phases      ] GC(78)   Other: 0.1ms
[155.321s][info][gc,heap        ] GC(78) Eden regions: 39->0(49)
[155.321s][info][gc,heap        ] GC(78) Survivor regions: 1->1(7)
[155.321s][info][gc,heap        ] GC(78) Old regions: 56->56
[155.321s][info][gc,heap        ] GC(78) Archive regions: 0->0
[155.321s][info][gc,heap        ] GC(78) Humongous regions: 385->378
[155.321s][info][gc,metaspace   ] GC(78) Metaspace: 111316K(120960K)->111316K(120960K) NonClass: 95806K(101248K)->95806K(101248K) Class: 15510K(19712K)->15510K(19712K)
[155.321s][info][gc             ] GC(78) Pause Young (Normal) (G1 Humongous Allocation) 479M->433M(512M) 1.929ms
[155.321s][info][gc,cpu         ] GC(78) User=0.00s Sys=0.00s Real=0.00s
[155.340s][info][gc,start       ] GC(79) Pause Young (Normal) (G1 Humongous Allocation)
[155.341s][info][gc,task        ] GC(79) Using 12 workers of 33 for evacuation
[155.343s][info][gc,phases      ] GC(79)   Pre Evacuate Collection Set: 0.1ms
[155.343s][info][gc,phases      ] GC(79)   Merge Heap Roots: 0.1ms
[155.343s][info][gc,phases      ] GC(79)   Evacuate Collection Set: 1.0ms
[155.343s][info][gc,phases      ] GC(79)   Post Evacuate Collection Set: 0.6ms
[155.343s][info][gc,phases      ] GC(79)   Other: 0.1ms
[155.343s][info][gc,heap        ] GC(79) Eden regions: 41->0(25)
[155.343s][info][gc,heap        ] GC(79) Survivor regions: 1->0(0)
[155.343s][info][gc,heap        ] GC(79) Old regions: 56->67
[155.343s][info][gc,heap        ] GC(79) Archive regions: 0->0
[155.343s][info][gc,heap        ] GC(79) Humongous regions: 414->393
[155.343s][info][gc,metaspace   ] GC(79) Metaspace: 111317K(120960K)->111317K(120960K) NonClass: 95806K(101248K)->95806K(101248K) Class: 15510K(19712K)->15510K(19712K)
[155.343s][info][gc             ] GC(79) Pause Young (Normal) (G1 Humongous Allocation) (Evacuation Failure) 510M->459M(512M) 2.424ms
[155.343s][info][gc,cpu         ] GC(79) User=0.00s Sys=0.00s Real=0.00s
[155.347s][info][gc,start       ] GC(80) Pause Young (Normal) (G1 Evacuation Pause)
[155.347s][info][gc,task        ] GC(80) Using 12 workers of 33 for evacuation
[155.348s][info][gc,phases      ] GC(80)   Pre Evacuate Collection Set: 0.2ms
[155.348s][info][gc,phases      ] GC(80)   Merge Heap Roots: 0.1ms
[155.348s][info][gc,phases      ] GC(80)   Evacuate Collection Set: 0.8ms
[155.348s][info][gc,phases      ] GC(80)   Post Evacuate Collection Set: 0.3ms
[155.348s][info][gc,phases      ] GC(80)   Other: 0.1ms
[155.348s][info][gc,heap        ] GC(80) Eden regions: 25->0(24)
[155.348s][info][gc,heap        ] GC(80) Survivor regions: 0->1(4)
[155.348s][info][gc,heap        ] GC(80) Old regions: 67->67
[155.348s][info][gc,heap        ] GC(80) Archive regions: 0->0
[155.348s][info][gc,heap        ] GC(80) Humongous regions: 412->412
[155.348s][info][gc,metaspace   ] GC(80) Metaspace: 111321K(120960K)->111321K(120960K) NonClass: 95809K(101248K)->95809K(101248K) Class: 15511K(19712K)->15511K(19712K)
[155.349s][info][gc             ] GC(80) Pause Young (Normal) (G1 Evacuation Pause) 503M->478M(512M) 1.994ms
[155.349s][info][gc,cpu         ] GC(80) User=0.00s Sys=0.00s Real=0.00s
[155.351s][info][gc,start       ] GC(81) Pause Young (Normal) (G1 Humongous Allocation)
[155.351s][info][gc,task        ] GC(81) Using 12 workers of 33 for evacuation
[155.353s][info][gc,phases      ] GC(81)   Pre Evacuate Collection Set: 0.1ms
[155.353s][info][gc,phases      ] GC(81)   Merge Heap Roots: 0.1ms
[155.353s][info][gc,phases      ] GC(81)   Evacuate Collection Set: 0.9ms
[155.353s][info][gc,phases      ] GC(81)   Post Evacuate Collection Set: 0.4ms
[155.353s][info][gc,phases      ] GC(81)   Other: 0.1ms
[155.353s][info][gc,heap        ] GC(81) Eden regions: 7->0(24)
[155.353s][info][gc,heap        ] GC(81) Survivor regions: 1->1(4)
[155.353s][info][gc,heap        ] GC(81) Old regions: 67->67
[155.353s][info][gc,heap        ] GC(81) Archive regions: 0->0
[155.353s][info][gc,heap        ] GC(81) Humongous regions: 412->412
[155.353s][info][gc,metaspace   ] GC(81) Metaspace: 111338K(120960K)->111338K(120960K) NonClass: 95820K(101248K)->95820K(101248K) Class: 15517K(19712K)->15517K(19712K)
[155.353s][info][gc             ] GC(81) Pause Young (Normal) (G1 Humongous Allocation) 485M->479M(512M) 2.057ms
[155.353s][info][gc,cpu         ] GC(81) User=0.00s Sys=0.00s Real=0.00s
[155.353s][info][gc,ergo        ] Attempting full compaction
[155.353s][info][gc,start       ] GC(82) Pause Full (G1 Compaction Pause)
[155.353s][info][gc,task        ] GC(82) Using 12 workers of 33 for full compaction
[155.355s][info][gc,phases,start] GC(82) Phase 1: Mark live objects
[155.386s][info][gc,phases      ] GC(82) Phase 1: Mark live objects 31.972ms
[155.387s][info][gc,phases,start] GC(82) Phase 2: Prepare compaction
[155.389s][info][gc,phases      ] GC(82) Phase 2: Prepare compaction 2.446ms
[155.389s][info][gc,phases,start] GC(82) Phase 3: Adjust pointers
[155.392s][info][gc,phases      ] GC(82) Phase 3: Adjust pointers 3.431ms
[155.393s][info][gc,phases,start] GC(82) Phase 4: Compact heap
[155.394s][info][gc,phases      ] GC(82) Phase 4: Compact heap 1.484ms
[155.397s][info][gc,heap        ] GC(82) Eden regions: 0->0(165)
[155.397s][info][gc,heap        ] GC(82) Survivor regions: 1->0(4)
[155.397s][info][gc,heap        ] GC(82) Old regions: 67->57
[155.397s][info][gc,heap        ] GC(82) Archive regions: 0->0
[155.397s][info][gc,heap        ] GC(82) Humongous regions: 412->263
[155.397s][info][gc,metaspace   ] GC(82) Metaspace: 111338K(120960K)->111287K(120960K) NonClass: 95820K(101248K)->95784K(101248K) Class: 15517K(19712K)->15503K(19712K)
[155.397s][info][gc             ] GC(82) Pause Full (G1 Compaction Pause) 479M->314M(512M) 44.428ms
[155.397s][info][gc,cpu         ] GC(82) User=0.61s Sys=0.03s Real=0.05s
[155.398s][info][gc,marking     ] GC(74) Concurrent Mark From Roots 127.682ms
[155.398s][info][gc,marking     ] GC(74) Concurrent Mark Abort
[155.398s][info][gc             ] GC(74) Concurrent Mark Cycle 138.649ms
[155.400s][info][gc,start       ] GC(83) Pause Young (Concurrent Start) (G1 Humongous Allocation)
[155.400s][info][gc,task        ] GC(83) Using 12 workers of 33 for evacuation
[155.402s][info][gc,phases      ] GC(83)   Pre Evacuate Collection Set: 0.2ms
[155.402s][info][gc,phases      ] GC(83)   Merge Heap Roots: 0.0ms
[155.402s][info][gc,phases      ] GC(83)   Evacuate Collection Set: 1.0ms
[155.402s][info][gc,phases      ] GC(83)   Post Evacuate Collection Set: 0.4ms
[155.402s][info][gc,phases      ] GC(83)   Other: 0.1ms
[155.402s][info][gc,heap        ] GC(83) Eden regions: 14->0(159)
[155.402s][info][gc,heap        ] GC(83) Survivor regions: 0->1(21)
[155.402s][info][gc,heap        ] GC(83) Old regions: 57->57
[155.402s][info][gc,heap        ] GC(83) Archive regions: 0->0
[155.402s][info][gc,heap        ] GC(83) Humongous regions: 267->267
[155.402s][info][gc,metaspace   ] GC(83) Metaspace: 111309K(120960K)->111309K(120960K) NonClass: 95797K(101248K)->95797K(101248K) Class: 15511K(19712K)->15511K(19712K)
[155.402s][info][gc             ] GC(83) Pause Young (Concurrent Start) (G1 Humongous Allocation) 332M->319M(512M) 1.991ms
[155.402s][info][gc             ] GC(84) Concurrent Mark Cycle
[155.402s][info][gc,cpu         ] GC(83) User=0.00s Sys=0.00s Real=0.00s
[155.402s][info][gc,marking     ] GC(84) Concurrent Scan Root Regions
[155.411s][info][gc,marking     ] GC(84) Concurrent Scan Root Regions 8.619ms
[155.411s][info][gc,marking     ] GC(84) Concurrent Mark
[155.411s][info][gc,marking     ] GC(84) Concurrent Mark From Roots
[155.411s][info][gc,task        ] GC(84) Using 8 workers of 8 for marking
[155.427s][info][gc,start       ] GC(85) Pause Young (Normal) (G1 Humongous Allocation)
[155.427s][info][gc,task        ] GC(85) Using 12 workers of 33 for evacuation
[155.429s][info][gc,phases      ] GC(85)   Pre Evacuate Collection Set: 0.1ms
[155.429s][info][gc,phases      ] GC(85)   Merge Heap Roots: 0.1ms
[155.429s][info][gc,phases      ] GC(85)   Evacuate Collection Set: 0.9ms
[155.429s][info][gc,phases      ] GC(85)   Post Evacuate Collection Set: 0.4ms
[155.429s][info][gc,phases      ] GC(85)   Other: 0.1ms
[155.429s][info][gc,heap        ] GC(85) Eden regions: 120->0(119)
[155.429s][info][gc,heap        ] GC(85) Survivor regions: 1->1(20)
[155.429s][info][gc,heap        ] GC(85) Old regions: 57->57
[155.429s][info][gc,heap        ] GC(85) Archive regions: 0->0
[155.429s][info][gc,heap        ] GC(85) Humongous regions: 307->307
[155.429s][info][gc,metaspace   ] GC(85) Metaspace: 111313K(120960K)->111313K(120960K) NonClass: 95800K(101248K)->95800K(101248K) Class: 15512K(19712K)->15512K(19712K)
[155.429s][info][gc             ] GC(85) Pause Young (Normal) (G1 Humongous Allocation) 479M->359M(512M) 1.927ms
[155.429s][info][gc,cpu         ] GC(85) User=0.00s Sys=0.00s Real=0.00s
[155.445s][info][gc,start       ] GC(86) Pause Young (Normal) (G1 Humongous Allocation)
[155.445s][info][gc,task        ] GC(86) Using 12 workers of 33 for evacuation
[155.446s][info][gc,phases      ] GC(86)   Pre Evacuate Collection Set: 0.1ms
[155.446s][info][gc,phases      ] GC(86)   Merge Heap Roots: 0.1ms
[155.446s][info][gc,phases      ] GC(86)   Evacuate Collection Set: 0.6ms
[155.446s][info][gc,phases      ] GC(86)   Post Evacuate Collection Set: 0.3ms
[155.446s][info][gc,phases      ] GC(86)   Other: 0.1ms
[155.446s][info][gc,heap        ] GC(86) Eden regions: 108->0(82)
[155.446s][info][gc,heap        ] GC(86) Survivor regions: 1->1(2)
[155.446s][info][gc,heap        ] GC(86) Old regions: 57->57
[155.446s][info][gc,heap        ] GC(86) Archive regions: 0->0
[155.446s][info][gc,heap        ] GC(86) Humongous regions: 344->344
[155.446s][info][gc,metaspace   ] GC(86) Metaspace: 111313K(120960K)->111313K(120960K) NonClass: 95800K(101248K)->95800K(101248K) Class: 15512K(19712K)->15512K(19712K)
[155.446s][info][gc             ] GC(86) Pause Young (Normal) (G1 Humongous Allocation) 504M->396M(512M) 1.444ms
[155.446s][info][gc,cpu         ] GC(86) User=0.00s Sys=0.00s Real=0.00s
[155.468s][info][gc,start       ] GC(87) Pause Young (Normal) (G1 Evacuation Pause)
[155.468s][info][gc,task        ] GC(87) Using 12 workers of 33 for evacuation
[155.470s][info][gc,phases      ] GC(87)   Pre Evacuate Collection Set: 0.1ms
[155.470s][info][gc,phases      ] GC(87)   Merge Heap Roots: 0.1ms
[155.470s][info][gc,phases      ] GC(87)   Evacuate Collection Set: 0.7ms
[155.470s][info][gc,phases      ] GC(87)   Post Evacuate Collection Set: 0.5ms
[155.470s][info][gc,phases      ] GC(87)   Other: 0.1ms
[155.470s][info][gc,heap        ] GC(87) Eden regions: 77->0(34)
[155.470s][info][gc,heap        ] GC(87) Survivor regions: 1->0(0)
[155.470s][info][gc,heap        ] GC(87) Old regions: 57->74
[155.470s][info][gc,heap        ] GC(87) Archive regions: 0->0
[155.470s][info][gc,heap        ] GC(87) Humongous regions: 377->377
[155.470s][info][gc,metaspace   ] GC(87) Metaspace: 111316K(120960K)->111316K(120960K) NonClass: 95802K(101248K)->95802K(101248K) Class: 15513K(19712K)->15513K(19712K)
[155.470s][info][gc             ] GC(87) Pause Young (Normal) (G1 Evacuation Pause) (Evacuation Failure) 506M->445M(512M) 1.768ms
[155.470s][info][gc,cpu         ] GC(87) User=0.00s Sys=0.00s Real=0.00s
[155.474s][info][gc,start       ] GC(88) Pause Young (Normal) (G1 Humongous Allocation)
[155.475s][info][gc,task        ] GC(88) Using 12 workers of 33 for evacuation
[155.476s][info][gc,phases      ] GC(88)   Pre Evacuate Collection Set: 0.1ms
[155.476s][info][gc,phases      ] GC(88)   Merge Heap Roots: 0.0ms
[155.476s][info][gc,phases      ] GC(88)   Evacuate Collection Set: 0.7ms
[155.476s][info][gc,phases      ] GC(88)   Post Evacuate Collection Set: 0.3ms
[155.476s][info][gc,phases      ] GC(88)   Other: 0.1ms
[155.476s][info][gc,heap        ] GC(88) Eden regions: 29->0(28)
[155.476s][info][gc,heap        ] GC(88) Survivor regions: 0->1(5)
[155.476s][info][gc,heap        ] GC(88) Old regions: 74->74
[155.476s][info][gc,heap        ] GC(88) Archive regions: 0->0
[155.476s][info][gc,heap        ] GC(88) Humongous regions: 381->381
[155.476s][info][gc,metaspace   ] GC(88) Metaspace: 111316K(120960K)->111316K(120960K) NonClass: 95802K(101248K)->95802K(101248K) Class: 15513K(19712K)->15513K(19712K)
[155.476s][info][gc             ] GC(88) Pause Young (Normal) (G1 Humongous Allocation) 478M->450M(512M) 1.537ms
[155.476s][info][gc,cpu         ] GC(88) User=0.00s Sys=0.00s Real=0.00s
[155.480s][info][gc,start       ] GC(89) Pause Young (Normal) (G1 Evacuation Pause)
[155.480s][info][gc,task        ] GC(89) Using 12 workers of 33 for evacuation
[155.481s][info][gc,phases      ] GC(89)   Pre Evacuate Collection Set: 0.1ms
[155.481s][info][gc,phases      ] GC(89)   Merge Heap Roots: 0.0ms
[155.481s][info][gc,phases      ] GC(89)   Evacuate Collection Set: 0.6ms
[155.481s][info][gc,phases      ] GC(89)   Post Evacuate Collection Set: 0.3ms
[155.481s][info][gc,phases      ] GC(89)   Other: 0.1ms
[155.481s][info][gc,heap        ] GC(89) Eden regions: 28->0(24)
[155.481s][info][gc,heap        ] GC(89) Survivor regions: 1->1(4)
[155.481s][info][gc,heap        ] GC(89) Old regions: 74->74
[155.481s][info][gc,heap        ] GC(89) Archive regions: 0->0
[155.481s][info][gc,heap        ] GC(89) Humongous regions: 388->388
[155.481s][info][gc,metaspace   ] GC(89) Metaspace: 111317K(120960K)->111317K(120960K) NonClass: 95803K(101248K)->95803K(101248K) Class: 15514K(19712K)->15514K(19712K)
[155.481s][info][gc             ] GC(89) Pause Young (Normal) (G1 Evacuation Pause) 485M->456M(512M) 1.453ms
[155.481s][info][gc,cpu         ] GC(89) User=0.00s Sys=0.00s Real=0.00s
[155.486s][info][gc,start       ] GC(90) Pause Young (Normal) (G1 Evacuation Pause)
[155.486s][info][gc,task        ] GC(90) Using 12 workers of 33 for evacuation
[155.487s][info][gc,phases      ] GC(90)   Pre Evacuate Collection Set: 0.1ms
[155.487s][info][gc,phases      ] GC(90)   Merge Heap Roots: 0.1ms
[155.487s][info][gc,phases      ] GC(90)   Evacuate Collection Set: 0.7ms
[155.487s][info][gc,phases      ] GC(90)   Post Evacuate Collection Set: 0.4ms
[155.487s][info][gc,phases      ] GC(90)   Other: 0.1ms
[155.487s][info][gc,heap        ] GC(90) Eden regions: 24->0(24)
[155.487s][info][gc,heap        ] GC(90) Survivor regions: 1->1(4)
[155.487s][info][gc,heap        ] GC(90) Old regions: 74->74
[155.487s][info][gc,heap        ] GC(90) Archive regions: 0->0
[155.487s][info][gc,heap        ] GC(90) Humongous regions: 395->395
[155.487s][info][gc,metaspace   ] GC(90) Metaspace: 111317K(120960K)->111317K(120960K) NonClass: 95803K(101248K)->95803K(101248K) Class: 15514K(19712K)->15514K(19712K)
[155.487s][info][gc             ] GC(90) Pause Young (Normal) (G1 Evacuation Pause) 487M->463M(512M) 1.593ms
[155.487s][info][gc,cpu         ] GC(90) User=0.00s Sys=0.00s Real=0.00s
[155.490s][info][gc,start       ] GC(91) Pause Young (Normal) (G1 Evacuation Pause)
[155.490s][info][gc,task        ] GC(91) Using 12 workers of 33 for evacuation
[155.491s][info][gc,phases      ] GC(91)   Pre Evacuate Collection Set: 0.1ms
[155.491s][info][gc,phases      ] GC(91)   Merge Heap Roots: 0.0ms
[155.491s][info][gc,phases      ] GC(91)   Evacuate Collection Set: 0.5ms
[155.491s][info][gc,phases      ] GC(91)   Post Evacuate Collection Set: 0.3ms
[155.491s][info][gc,phases      ] GC(91)   Other: 0.1ms
[155.491s][info][gc,heap        ] GC(91) Eden regions: 24->0(24)
[155.491s][info][gc,heap        ] GC(91) Survivor regions: 1->1(4)
[155.491s][info][gc,heap        ] GC(91) Old regions: 74->74
[155.491s][info][gc,heap        ] GC(91) Archive regions: 0->0
[155.491s][info][gc,heap        ] GC(91) Humongous regions: 395->395
[155.491s][info][gc,metaspace   ] GC(91) Metaspace: 111320K(120960K)->111320K(120960K) NonClass: 95805K(101248K)->95805K(101248K) Class: 15515K(19712K)->15515K(19712K)
[155.491s][info][gc             ] GC(91) Pause Young (Normal) (G1 Evacuation Pause) 487M->463M(512M) 1.309ms
[155.491s][info][gc,cpu         ] GC(91) User=0.00s Sys=0.00s Real=0.00s
[155.497s][info][gc,start       ] GC(92) Pause Young (Normal) (G1 Humongous Allocation)
[155.497s][info][gc,task        ] GC(92) Using 12 workers of 33 for evacuation
[155.498s][info][gc,phases      ] GC(92)   Pre Evacuate Collection Set: 0.1ms
[155.498s][info][gc,phases      ] GC(92)   Merge Heap Roots: 0.0ms
[155.498s][info][gc,phases      ] GC(92)   Evacuate Collection Set: 0.6ms
[155.498s][info][gc,phases      ] GC(92)   Post Evacuate Collection Set: 0.3ms
[155.498s][info][gc,phases      ] GC(92)   Other: 0.1ms
[155.498s][info][gc,heap        ] GC(92) Eden regions: 14->0(24)
[155.498s][info][gc,heap        ] GC(92) Survivor regions: 1->1(4)
[155.498s][info][gc,heap        ] GC(92) Old regions: 74->74
[155.498s][info][gc,heap        ] GC(92) Archive regions: 0->0
[155.498s][info][gc,heap        ] GC(92) Humongous regions: 395->395
[155.498s][info][gc,metaspace   ] GC(92) Metaspace: 111322K(120960K)->111322K(120960K) NonClass: 95807K(101248K)->95807K(101248K) Class: 15515K(19712K)->15515K(19712K)
[155.498s][info][gc             ] GC(92) Pause Young (Normal) (G1 Humongous Allocation) 477M->463M(512M) 1.379ms
[155.498s][info][gc,cpu         ] GC(92) User=0.00s Sys=0.00s Real=0.00s
[155.498s][info][gc,ergo        ] Attempting full compaction
[155.498s][info][gc,start       ] GC(93) Pause Full (G1 Compaction Pause)
[155.499s][info][gc,task        ] GC(93) Using 12 workers of 33 for full compaction
[155.500s][info][gc,phases,start] GC(93) Phase 1: Mark live objects
[155.524s][info][gc,phases      ] GC(93) Phase 1: Mark live objects 24.203ms
[155.524s][info][gc,phases,start] GC(93) Phase 2: Prepare compaction
[155.526s][info][gc,phases      ] GC(93) Phase 2: Prepare compaction 1.720ms
[155.526s][info][gc,phases,start] GC(93) Phase 3: Adjust pointers
[155.528s][info][gc,phases      ] GC(93) Phase 3: Adjust pointers 2.904ms
[155.528s][info][gc,phases,start] GC(93) Phase 4: Compact heap
[155.529s][info][gc,phases      ] GC(93) Phase 4: Compact heap 0.714ms
[155.532s][info][gc,heap        ] GC(93) Eden regions: 0->0(156)
[155.532s][info][gc,heap        ] GC(93) Survivor regions: 1->0(4)
[155.532s][info][gc,heap        ] GC(93) Old regions: 74->56
[155.532s][info][gc,heap        ] GC(93) Archive regions: 0->0
[155.532s][info][gc,heap        ] GC(93) Humongous regions: 395->273
[155.532s][info][gc,metaspace   ] GC(93) Metaspace: 111322K(120960K)->111312K(120960K) NonClass: 95807K(101248K)->95800K(101248K) Class: 15515K(19712K)->15512K(19712K)
[155.532s][info][gc             ] GC(93) Pause Full (G1 Compaction Pause) 463M->324M(512M) 33.572ms
[155.532s][info][gc,cpu         ] GC(93) User=0.23s Sys=0.02s Real=0.03s
[155.532s][info][gc,marking     ] GC(84) Concurrent Mark From Roots 120.852ms
[155.532s][info][gc,marking     ] GC(84) Concurrent Mark Abort
[155.532s][info][gc             ] GC(84) Concurrent Mark Cycle 129.857ms
[155.548s][info][gc,start       ] GC(94) Pause Young (Concurrent Start) (G1 Humongous Allocation)
[155.548s][info][gc,task        ] GC(94) Using 12 workers of 33 for evacuation
[155.550s][info][gc,phases      ] GC(94)   Pre Evacuate Collection Set: 0.2ms
[155.550s][info][gc,phases      ] GC(94)   Merge Heap Roots: 0.0ms
[155.550s][info][gc,phases      ] GC(94)   Evacuate Collection Set: 1.2ms
[155.550s][info][gc,phases      ] GC(94)   Post Evacuate Collection Set: 0.4ms
[155.550s][info][gc,phases      ] GC(94)   Other: 0.1ms
[155.550s][info][gc,heap        ] GC(94) Eden regions: 7->0(143)
[155.550s][info][gc,heap        ] GC(94) Survivor regions: 0->1(20)
[155.550s][info][gc,heap        ] GC(94) Old regions: 56->56
[155.550s][info][gc,heap        ] GC(94) Archive regions: 0->0
[155.550s][info][gc,heap        ] GC(94) Humongous regions: 284->284
[155.550s][info][gc,metaspace   ] GC(94) Metaspace: 111312K(120960K)->111312K(120960K) NonClass: 95800K(101248K)->95800K(101248K) Class: 15512K(19712K)->15512K(19712K)
[155.550s][info][gc             ] GC(94) Pause Young (Concurrent Start) (G1 Humongous Allocation) 341M->335M(512M) 2.353ms
[155.550s][info][gc             ] GC(95) Concurrent Mark Cycle
[155.551s][info][gc,cpu         ] GC(94) User=0.00s Sys=0.00s Real=0.00s
[155.551s][info][gc,marking     ] GC(95) Concurrent Scan Root Regions
[155.557s][info][gc,marking     ] GC(95) Concurrent Scan Root Regions 5.924ms
[155.557s][info][gc,marking     ] GC(95) Concurrent Mark
[155.557s][info][gc,marking     ] GC(95) Concurrent Mark From Roots
[155.557s][info][gc,task        ] GC(95) Using 8 workers of 8 for marking
[155.566s][info][gc,start       ] GC(96) Pause Young (Normal) (G1 Evacuation Pause)
[155.566s][info][gc,task        ] GC(96) Using 12 workers of 33 for evacuation
[155.567s][info][gc,phases      ] GC(96)   Pre Evacuate Collection Set: 0.1ms
[155.567s][info][gc,phases      ] GC(96)   Merge Heap Roots: 0.1ms
[155.567s][info][gc,phases      ] GC(96)   Evacuate Collection Set: 0.8ms
[155.567s][info][gc,phases      ] GC(96)   Post Evacuate Collection Set: 0.5ms
[155.567s][info][gc,phases      ] GC(96)   Other: 0.1ms
[155.568s][info][gc,heap        ] GC(96) Eden regions: 143->0(117)
[155.568s][info][gc,heap        ] GC(96) Survivor regions: 1->4(8)
[155.568s][info][gc,heap        ] GC(96) Old regions: 56->56
[155.568s][info][gc,heap        ] GC(96) Archive regions: 0->0
[155.568s][info][gc,heap        ] GC(96) Humongous regions: 304->304
[155.568s][info][gc,metaspace   ] GC(96) Metaspace: 111315K(120960K)->111315K(120960K) NonClass: 95803K(101248K)->95803K(101248K) Class: 15512K(19712K)->15512K(19712K)
[155.568s][info][gc             ] GC(96) Pause Young (Normal) (G1 Evacuation Pause) 498M->359M(512M) 1.978ms
[155.568s][info][gc,cpu         ] GC(96) User=0.00s Sys=0.00s Real=0.00s
[155.581s][info][gc,start       ] GC(97) Pause Young (Normal) (G1 Evacuation Pause)
[155.581s][info][gc,task        ] GC(97) Using 12 workers of 33 for evacuation
[155.582s][info][gc,phases      ] GC(97)   Pre Evacuate Collection Set: 0.1ms
[155.582s][info][gc,phases      ] GC(97)   Merge Heap Roots: 0.1ms
[155.582s][info][gc,phases      ] GC(97)   Evacuate Collection Set: 0.7ms
[155.582s][info][gc,phases      ] GC(97)   Post Evacuate Collection Set: 0.3ms
[155.582s][info][gc,phases      ] GC(97)   Other: 0.1ms
[155.582s][info][gc,heap        ] GC(97) Eden regions: 117->0(98)
[155.582s][info][gc,heap        ] GC(97) Survivor regions: 4->6(16)
[155.582s][info][gc,heap        ] GC(97) Old regions: 56->56
[155.582s][info][gc,heap        ] GC(97) Archive regions: 0->0
[155.582s][info][gc,heap        ] GC(97) Humongous regions: 319->319
[155.582s][info][gc,metaspace   ] GC(97) Metaspace: 111329K(120960K)->111329K(120960K) NonClass: 95816K(101248K)->95816K(101248K) Class: 15513K(19712K)->15513K(19712K)
[155.582s][info][gc             ] GC(97) Pause Young (Normal) (G1 Evacuation Pause) 491M->375M(512M) 1.470ms
[155.582s][info][gc,cpu         ] GC(97) User=0.00s Sys=0.00s Real=0.00s
[155.591s][info][gc,start       ] GC(98) Pause Young (Normal) (G1 Evacuation Pause)
[155.591s][info][gc,task        ] GC(98) Using 12 workers of 33 for evacuation
[155.593s][info][gc,phases      ] GC(98)   Pre Evacuate Collection Set: 0.1ms
[155.593s][info][gc,phases      ] GC(98)   Merge Heap Roots: 0.1ms
[155.593s][info][gc,phases      ] GC(98)   Evacuate Collection Set: 0.8ms
[155.593s][info][gc,phases      ] GC(98)   Post Evacuate Collection Set: 0.4ms
[155.593s][info][gc,phases      ] GC(98)   Other: 0.1ms
[155.593s][info][gc,heap        ] GC(98) Eden regions: 98->0(86)
[155.593s][info][gc,heap        ] GC(98) Survivor regions: 6->8(13)
[155.593s][info][gc,heap        ] GC(98) Old regions: 56->56
[155.593s][info][gc,heap        ] GC(98) Archive regions: 0->0
[155.593s][info][gc,heap        ] GC(98) Humongous regions: 327->327
[155.593s][info][gc,metaspace   ] GC(98) Metaspace: 111329K(120960K)->111329K(120960K) NonClass: 95816K(101248K)->95816K(101248K) Class: 15513K(19712K)->15513K(19712K)
[155.593s][info][gc             ] GC(98) Pause Young (Normal) (G1 Evacuation Pause) 481M->385M(512M) 1.607ms
[155.593s][info][gc,cpu         ] GC(98) User=0.00s Sys=0.00s Real=0.00s
[155.601s][info][gc,start       ] GC(99) Pause Young (Normal) (G1 Evacuation Pause)
[155.601s][info][gc,task        ] GC(99) Using 12 workers of 33 for evacuation
[155.602s][info][gc,phases      ] GC(99)   Pre Evacuate Collection Set: 0.1ms
[155.602s][info][gc,phases      ] GC(99)   Merge Heap Roots: 0.1ms
[155.602s][info][gc,phases      ] GC(99)   Evacuate Collection Set: 0.8ms
[155.602s][info][gc,phases      ] GC(99)   Post Evacuate Collection Set: 0.3ms
[155.602s][info][gc,phases      ] GC(99)   Other: 0.1ms
[155.602s][info][gc,heap        ] GC(99) Eden regions: 86->0(82)
[155.602s][info][gc,heap        ] GC(99) Survivor regions: 8->6(12)
[155.602s][info][gc,heap        ] GC(99) Old regions: 56->58
[155.602s][info][gc,heap        ] GC(99) Archive regions: 0->0
[155.602s][info][gc,heap        ] GC(99) Humongous regions: 333->333
[155.602s][info][gc,metaspace   ] GC(99) Metaspace: 111333K(120960K)->111333K(120960K) NonClass: 95818K(101248K)->95818K(101248K) Class: 15514K(19712K)->15514K(19712K)
[155.602s][info][gc             ] GC(99) Pause Young (Normal) (G1 Evacuation Pause) 477M->391M(512M) 1.536ms
[155.602s][info][gc,cpu         ] GC(99) User=0.00s Sys=0.00s Real=0.00s
[155.619s][info][gc,start       ] GC(100) Pause Young (Normal) (G1 Evacuation Pause)
[155.619s][info][gc,task        ] GC(100) Using 12 workers of 33 for evacuation
[155.620s][info][gc,phases      ] GC(100)   Pre Evacuate Collection Set: 0.1ms
[155.620s][info][gc,phases      ] GC(100)   Merge Heap Roots: 0.1ms
[155.620s][info][gc,phases      ] GC(100)   Evacuate Collection Set: 0.7ms
[155.620s][info][gc,phases      ] GC(100)   Post Evacuate Collection Set: 0.4ms
[155.620s][info][gc,phases      ] GC(100)   Other: 0.1ms
[155.620s][info][gc,heap        ] GC(100) Eden regions: 82->0(70)
[155.620s][info][gc,heap        ] GC(100) Survivor regions: 6->7(11)
[155.620s][info][gc,heap        ] GC(100) Old regions: 58->58
[155.620s][info][gc,heap        ] GC(100) Archive regions: 0->0
[155.620s][info][gc,heap        ] GC(100) Humongous regions: 343->343
[155.620s][info][gc,metaspace   ] GC(100) Metaspace: 111337K(120960K)->111337K(120960K) NonClass: 95822K(101248K)->95822K(101248K) Class: 15515K(19712K)->15515K(19712K)
[155.620s][info][gc             ] GC(100) Pause Young (Normal) (G1 Evacuation Pause) 483M->401M(512M) 1.573ms
[155.620s][info][gc,cpu         ] GC(100) User=0.00s Sys=0.00s Real=0.00s
[155.625s][info][gc,marking     ] GC(95) Concurrent Mark From Roots 68.051ms
[155.625s][info][gc,marking     ] GC(95) Concurrent Preclean
[155.626s][info][gc,start       ] GC(101) Pause Young (Normal) (G1 Evacuation Pause)
[155.626s][info][gc,task        ] GC(101) Using 12 workers of 33 for evacuation
[155.627s][info][gc,phases      ] GC(101)   Pre Evacuate Collection Set: 0.1ms
[155.627s][info][gc,phases      ] GC(101)   Merge Heap Roots: 0.0ms
[155.627s][info][gc,phases      ] GC(101)   Evacuate Collection Set: 0.6ms
[155.627s][info][gc,phases      ] GC(101)   Post Evacuate Collection Set: 0.3ms
[155.627s][info][gc,phases      ] GC(101)   Other: 0.1ms
[155.627s][info][gc,heap        ] GC(101) Eden regions: 70->0(68)
[155.627s][info][gc,heap        ] GC(101) Survivor regions: 7->6(10)
[155.627s][info][gc,heap        ] GC(101) Old regions: 58->58
[155.627s][info][gc,heap        ] GC(101) Archive regions: 0->0
[155.628s][info][gc,heap        ] GC(101) Humongous regions: 347->347
[155.628s][info][gc,metaspace   ] GC(101) Metaspace: 111340K(120960K)->111340K(120960K) NonClass: 95824K(101248K)->95824K(101248K) Class: 15516K(19712K)->15516K(19712K)
[155.628s][info][gc             ] GC(101) Pause Young (Normal) (G1 Evacuation Pause) 475M->405M(512M) 1.327ms
[155.628s][info][gc,cpu         ] GC(101) User=0.00s Sys=0.00s Real=0.00s
[155.631s][info][gc,marking     ] GC(95) Concurrent Preclean 5.734ms
[155.632s][info][gc,start       ] GC(95) Pause Remark
[155.634s][info][gc             ] GC(95) Pause Remark 455M->455M(512M) 2.262ms
[155.634s][info][gc,cpu         ] GC(95) User=0.00s Sys=0.00s Real=0.00s
[155.634s][info][gc,marking     ] GC(95) Concurrent Mark 77.670ms
[155.634s][info][gc,marking     ] GC(95) Concurrent Rebuild Remembered Sets and Scrub Regions
[155.638s][info][gc,start       ] GC(102) Pause Young (Normal) (G1 Evacuation Pause)
[155.638s][info][gc,task        ] GC(102) Using 12 workers of 33 for evacuation
[155.639s][info][gc,phases      ] GC(102)   Pre Evacuate Collection Set: 0.1ms
[155.639s][info][gc,phases      ] GC(102)   Merge Heap Roots: 0.1ms
[155.639s][info][gc,phases      ] GC(102)   Evacuate Collection Set: 0.5ms
[155.639s][info][gc,phases      ] GC(102)   Post Evacuate Collection Set: 0.3ms
[155.639s][info][gc,phases      ] GC(102)   Other: 0.1ms
[155.639s][info][gc,heap        ] GC(102) Eden regions: 68->0(63)
[155.639s][info][gc,heap        ] GC(102) Survivor regions: 6->4(10)
[155.639s][info][gc,heap        ] GC(102) Old regions: 58->58
[155.639s][info][gc,heap        ] GC(102) Archive regions: 0->0
[155.639s][info][gc,heap        ] GC(102) Humongous regions: 356->356
[155.639s][info][gc,metaspace   ] GC(102) Metaspace: 111349K(120960K)->111349K(120960K) NonClass: 95832K(101248K)->95832K(101248K) Class: 15516K(19712K)->15516K(19712K)
[155.639s][info][gc             ] GC(102) Pause Young (Normal) (G1 Evacuation Pause) 482M->412M(512M) 1.267ms
[155.639s][info][gc,cpu         ] GC(102) User=0.00s Sys=0.00s Real=0.00s
[155.646s][info][gc,start       ] GC(103) Pause Young (Normal) (G1 Evacuation Pause)
[155.646s][info][gc,task        ] GC(103) Using 12 workers of 33 for evacuation
[155.647s][info][gc,phases      ] GC(103)   Pre Evacuate Collection Set: 0.1ms
[155.647s][info][gc,phases      ] GC(103)   Merge Heap Roots: 0.0ms
[155.647s][info][gc,phases      ] GC(103)   Evacuate Collection Set: 0.5ms
[155.647s][info][gc,phases      ] GC(103)   Post Evacuate Collection Set: 0.3ms
[155.648s][info][gc,phases      ] GC(103)   Other: 0.1ms
[155.648s][info][gc,heap        ] GC(103) Eden regions: 63->0(53)
[155.648s][info][gc,heap        ] GC(103) Survivor regions: 4->4(9)
[155.648s][info][gc,heap        ] GC(103) Old regions: 58->58
[155.648s][info][gc,heap        ] GC(103) Archive regions: 0->0
[155.648s][info][gc,heap        ] GC(103) Humongous regions: 366->366
[155.648s][info][gc,metaspace   ] GC(103) Metaspace: 111352K(120960K)->111352K(120960K) NonClass: 95834K(101248K)->95834K(101248K) Class: 15517K(19712K)->15517K(19712K)
[155.648s][info][gc             ] GC(103) Pause Young (Normal) (G1 Evacuation Pause) 485M->422M(512M) 1.381ms
[155.648s][info][gc,cpu         ] GC(103) User=0.00s Sys=0.00s Real=0.00s
[155.650s][info][gc,marking     ] GC(95) Concurrent Rebuild Remembered Sets and Scrub Regions 15.427ms
[155.655s][info][gc,start       ] GC(95) Pause Cleanup
[155.655s][info][gc             ] GC(95) Pause Cleanup 458M->458M(512M) 0.208ms
[155.655s][info][gc,cpu         ] GC(95) User=0.00s Sys=0.00s Real=0.00s
[155.655s][info][gc,marking     ] GC(95) Concurrent Clear Claimed Marks
[155.656s][info][gc,marking     ] GC(95) Concurrent Clear Claimed Marks 0.501ms
[155.656s][info][gc,marking     ] GC(95) Concurrent Cleanup for Next Mark
[155.657s][info][gc,marking     ] GC(95) Concurrent Cleanup for Next Mark 1.329ms
[155.657s][info][gc             ] GC(95) Concurrent Mark Cycle 106.816ms
[155.659s][info][gc,start       ] GC(104) Pause Young (Prepare Mixed) (G1 Evacuation Pause)
[155.659s][info][gc,task        ] GC(104) Using 12 workers of 33 for evacuation
[155.660s][info][gc,phases      ] GC(104)   Pre Evacuate Collection Set: 0.1ms
[155.660s][info][gc,phases      ] GC(104)   Merge Heap Roots: 0.2ms
[155.660s][info][gc,phases      ] GC(104)   Evacuate Collection Set: 0.6ms
[155.660s][info][gc,phases      ] GC(104)   Post Evacuate Collection Set: 0.4ms
[155.660s][info][gc,phases      ] GC(104)   Other: 0.1ms
[155.661s][info][gc,heap        ] GC(104) Eden regions: 53->0(39)
[155.661s][info][gc,heap        ] GC(104) Survivor regions: 4->2(8)
[155.661s][info][gc,heap        ] GC(104) Old regions: 58->58
[155.661s][info][gc,heap        ] GC(104) Archive regions: 0->0
[155.661s][info][gc,heap        ] GC(104) Humongous regions: 384->384
[155.661s][info][gc,metaspace   ] GC(104) Metaspace: 111358K(120960K)->111358K(120960K) NonClass: 95839K(101248K)->95839K(101248K) Class: 15518K(19712K)->15518K(19712K)
[155.661s][info][gc             ] GC(104) Pause Young (Prepare Mixed) (G1 Evacuation Pause) 493M->438M(512M) 1.496ms
[155.661s][info][gc,cpu         ] GC(104) User=0.00s Sys=0.00s Real=0.00s
[155.665s][info][gc,start       ] GC(105) Pause Young (Mixed) (G1 Evacuation Pause)
[155.666s][info][gc,task        ] GC(105) Using 12 workers of 33 for evacuation
[155.667s][info][gc,phases      ] GC(105)   Pre Evacuate Collection Set: 0.1ms
[155.667s][info][gc,phases      ] GC(105)   Merge Heap Roots: 0.0ms
[155.667s][info][gc,phases      ] GC(105)   Evacuate Collection Set: 0.7ms
[155.667s][info][gc,phases      ] GC(105)   Post Evacuate Collection Set: 0.3ms
[155.667s][info][gc,phases      ] GC(105)   Other: 0.1ms
[155.667s][info][gc,heap        ] GC(105) Eden regions: 39->0(27)
[155.667s][info][gc,heap        ] GC(105) Survivor regions: 2->2(6)
[155.667s][info][gc,heap        ] GC(105) Old regions: 58->57
[155.667s][info][gc,heap        ] GC(105) Archive regions: 0->0
[155.667s][info][gc,heap        ] GC(105) Humongous regions: 397->397
[155.667s][info][gc,metaspace   ] GC(105) Metaspace: 111371K(120960K)->111371K(120960K) NonClass: 95848K(101248K)->95848K(101248K) Class: 15523K(19712K)->15523K(19712K)
[155.667s][info][gc             ] GC(105) Pause Young (Mixed) (G1 Evacuation Pause) 490M->451M(512M) 1.457ms
[155.667s][info][gc,cpu         ] GC(105) User=0.00s Sys=0.00s Real=0.00s
[155.686s][info][gc,start       ] GC(106) Pause Young (Concurrent Start) (G1 Humongous Allocation)
[155.686s][info][gc,task        ] GC(106) Using 12 workers of 33 for evacuation
[155.688s][info][gc,phases      ] GC(106)   Pre Evacuate Collection Set: 0.2ms
[155.688s][info][gc,phases      ] GC(106)   Merge Heap Roots: 0.0ms
[155.688s][info][gc,phases      ] GC(106)   Evacuate Collection Set: 1.2ms
[155.688s][info][gc,phases      ] GC(106)   Post Evacuate Collection Set: 0.4ms
[155.688s][info][gc,phases      ] GC(106)   Other: 0.1ms
[155.688s][info][gc,heap        ] GC(106) Eden regions: 20->0(27)
[155.688s][info][gc,heap        ] GC(106) Survivor regions: 2->2(4)
[155.688s][info][gc,heap        ] GC(106) Old regions: 57->57
[155.688s][info][gc,heap        ] GC(106) Archive regions: 0->0
[155.688s][info][gc,heap        ] GC(106) Humongous regions: 397->397
[155.688s][info][gc,metaspace   ] GC(106) Metaspace: 111380K(120960K)->111380K(120960K) NonClass: 95854K(101248K)->95854K(101248K) Class: 15525K(19712K)->15525K(19712K)
[155.688s][info][gc             ] GC(106) Pause Young (Concurrent Start) (G1 Humongous Allocation) 471M->450M(512M) 2.142ms
[155.688s][info][gc             ] GC(107) Concurrent Mark Cycle
[155.688s][info][gc,cpu         ] GC(106) User=0.00s Sys=0.00s Real=0.00s
[155.688s][info][gc,marking     ] GC(107) Concurrent Scan Root Regions
[155.692s][info][gc,start       ] GC(108) Pause Young (Normal) (G1 Evacuation Pause)
[155.692s][info][gc,task        ] GC(108) Using 12 workers of 33 for evacuation
[155.692s][info][gc,marking     ] GC(107) Concurrent Scan Root Regions 3.862ms
[155.692s][info][gc,marking     ] GC(107) Concurrent Mark
[155.692s][info][gc,marking     ] GC(107) Concurrent Mark From Roots
[155.692s][info][gc,task        ] GC(107) Using 8 workers of 8 for marking
[155.694s][info][gc,phases      ] GC(108)   Pre Evacuate Collection Set: 0.4ms
[155.694s][info][gc,phases      ] GC(108)   Merge Heap Roots: 0.1ms
[155.694s][info][gc,phases      ] GC(108)   Evacuate Collection Set: 0.9ms
[155.694s][info][gc,phases      ] GC(108)   Post Evacuate Collection Set: 0.4ms
[155.694s][info][gc,phases      ] GC(108)   Other: 0.1ms
[155.694s][info][gc,heap        ] GC(108) Eden regions: 27->0(24)
[155.694s][info][gc,heap        ] GC(108) Survivor regions: 2->1(4)
[155.694s][info][gc,heap        ] GC(108) Old regions: 57->57
[155.694s][info][gc,heap        ] GC(108) Archive regions: 0->0
[155.694s][info][gc,heap        ] GC(108) Humongous regions: 412->412
[155.694s][info][gc,metaspace   ] GC(108) Metaspace: 111386K(120960K)->111386K(120960K) NonClass: 95860K(101248K)->95860K(101248K) Class: 15526K(19712K)->15526K(19712K)
[155.694s][info][gc             ] GC(108) Pause Young (Normal) (G1 Evacuation Pause) 492M->465M(512M) 2.194ms
[155.694s][info][gc,cpu         ] GC(108) User=0.00s Sys=0.00s Real=0.00s
[155.698s][info][gc,start       ] GC(109) Pause Young (Normal) (G1 Evacuation Pause)
[155.698s][info][gc,task        ] GC(109) Using 12 workers of 33 for evacuation
[155.699s][info][gc,phases      ] GC(109)   Pre Evacuate Collection Set: 0.1ms
[155.699s][info][gc,phases      ] GC(109)   Merge Heap Roots: 0.1ms
[155.699s][info][gc,phases      ] GC(109)   Evacuate Collection Set: 0.9ms
[155.699s][info][gc,phases      ] GC(109)   Post Evacuate Collection Set: 0.4ms
[155.700s][info][gc,phases      ] GC(109)   Other: 0.1ms
[155.700s][info][gc,heap        ] GC(109) Eden regions: 24->0(24)
[155.700s][info][gc,heap        ] GC(109) Survivor regions: 1->1(4)
[155.700s][info][gc,heap        ] GC(109) Old regions: 57->57
[155.700s][info][gc,heap        ] GC(109) Archive regions: 0->0
[155.700s][info][gc,heap        ] GC(109) Humongous regions: 416->415
[155.700s][info][gc,metaspace   ] GC(109) Metaspace: 111390K(120960K)->111390K(120960K) NonClass: 95863K(101248K)->95863K(101248K) Class: 15526K(19712K)->15526K(19712K)
[155.700s][info][gc             ] GC(109) Pause Young (Normal) (G1 Evacuation Pause) 493M->468M(512M) 1.882ms
[155.700s][info][gc,cpu         ] GC(109) User=0.00s Sys=0.00s Real=0.00s
[155.702s][info][gc,start       ] GC(110) Pause Young (Normal) (G1 Humongous Allocation)
[155.702s][info][gc,task        ] GC(110) Using 12 workers of 33 for evacuation
[155.704s][info][gc,phases      ] GC(110)   Pre Evacuate Collection Set: 0.1ms
[155.704s][info][gc,phases      ] GC(110)   Merge Heap Roots: 0.1ms
[155.704s][info][gc,phases      ] GC(110)   Evacuate Collection Set: 0.8ms
[155.704s][info][gc,phases      ] GC(110)   Post Evacuate Collection Set: 0.5ms
[155.704s][info][gc,phases      ] GC(110)   Other: 0.1ms
[155.704s][info][gc,heap        ] GC(110) Eden regions: 19->0(24)
[155.704s][info][gc,heap        ] GC(110) Survivor regions: 1->1(4)
[155.704s][info][gc,heap        ] GC(110) Old regions: 57->57
[155.704s][info][gc,heap        ] GC(110) Archive regions: 0->0
[155.704s][info][gc,heap        ] GC(110) Humongous regions: 421->421
[155.704s][info][gc,metaspace   ] GC(110) Metaspace: 111397K(120960K)->111397K(120960K) NonClass: 95868K(101248K)->95868K(101248K) Class: 15528K(19712K)->15528K(19712K)
[155.704s][info][gc             ] GC(110) Pause Young (Normal) (G1 Humongous Allocation) 493M->474M(512M) 1.936ms
[155.704s][info][gc,cpu         ] GC(110) User=0.00s Sys=0.00s Real=0.00s
[155.710s][info][gc,start       ] GC(111) Pause Young (Normal) (G1 Evacuation Pause)
[155.710s][info][gc,task        ] GC(111) Using 12 workers of 33 for evacuation
[155.711s][info][gc,phases      ] GC(111)   Pre Evacuate Collection Set: 0.1ms
[155.711s][info][gc,phases      ] GC(111)   Merge Heap Roots: 0.0ms
[155.711s][info][gc,phases      ] GC(111)   Evacuate Collection Set: 0.7ms
[155.711s][info][gc,phases      ] GC(111)   Post Evacuate Collection Set: 0.4ms
[155.711s][info][gc,phases      ] GC(111)   Other: 0.1ms
[155.711s][info][gc,heap        ] GC(111) Eden regions: 24->0(24)
[155.711s][info][gc,heap        ] GC(111) Survivor regions: 1->1(1)
[155.711s][info][gc,heap        ] GC(111) Old regions: 57->57
[155.711s][info][gc,heap        ] GC(111) Archive regions: 0->0
[155.711s][info][gc,heap        ] GC(111) Humongous regions: 429->428
[155.711s][info][gc,metaspace   ] GC(111) Metaspace: 111429K(120960K)->111429K(120960K) NonClass: 95899K(101248K)->95899K(101248K) Class: 15529K(19712K)->15529K(19712K)
[155.711s][info][gc             ] GC(111) Pause Young (Normal) (G1 Evacuation Pause) 506M->481M(512M) 1.548ms
[155.711s][info][gc,cpu         ] GC(111) User=0.00s Sys=0.00s Real=0.00s
[155.713s][info][gc,start       ] GC(112) Pause Young (Normal) (G1 Evacuation Pause)
[155.713s][info][gc,task        ] GC(112) Using 12 workers of 33 for evacuation
[155.715s][info][gc,phases      ] GC(112)   Pre Evacuate Collection Set: 0.1ms
[155.715s][info][gc,phases      ] GC(112)   Merge Heap Roots: 0.0ms
[155.715s][info][gc,phases      ] GC(112)   Evacuate Collection Set: 0.7ms
[155.715s][info][gc,phases      ] GC(112)   Post Evacuate Collection Set: 0.4ms
[155.715s][info][gc,phases      ] GC(112)   Other: 0.1ms
[155.715s][info][gc,heap        ] GC(112) Eden regions: 14->0(6)
[155.715s][info][gc,heap        ] GC(112) Survivor regions: 1->0(0)
[155.715s][info][gc,heap        ] GC(112) Old regions: 57->66
[155.715s][info][gc,heap        ] GC(112) Archive regions: 0->0
[155.715s][info][gc,heap        ] GC(112) Humongous regions: 440->440
[155.715s][info][gc,metaspace   ] GC(112) Metaspace: 111435K(120960K)->111435K(120960K) NonClass: 95905K(101248K)->95905K(101248K) Class: 15529K(19712K)->15529K(19712K)
[155.715s][info][gc             ] GC(112) Pause Young (Normal) (G1 Evacuation Pause) (Evacuation Failure) 507M->502M(512M) 1.720ms
[155.715s][info][gc,cpu         ] GC(112) User=0.00s Sys=0.00s Real=0.00s
[155.717s][info][gc,start       ] GC(113) Pause Young (Normal) (G1 Evacuation Pause)
[155.718s][info][gc,task        ] GC(113) Using 12 workers of 33 for evacuation
[155.719s][info][gc,phases      ] GC(113)   Pre Evacuate Collection Set: 0.1ms
[155.719s][info][gc,phases      ] GC(113)   Merge Heap Roots: 0.0ms
[155.719s][info][gc,phases      ] GC(113)   Evacuate Collection Set: 0.7ms
[155.719s][info][gc,phases      ] GC(113)   Post Evacuate Collection Set: 0.4ms
[155.719s][info][gc,phases      ] GC(113)   Other: 0.1ms
[155.719s][info][gc,heap        ] GC(113) Eden regions: 6->0(0)
[155.719s][info][gc,heap        ] GC(113) Survivor regions: 0->0(0)
[155.719s][info][gc,heap        ] GC(113) Old regions: 66->72
[155.719s][info][gc,heap        ] GC(113) Archive regions: 0->0
[155.719s][info][gc,heap        ] GC(113) Humongous regions: 440->440
[155.719s][info][gc,metaspace   ] GC(113) Metaspace: 111435K(120960K)->111435K(120960K) NonClass: 95905K(101248K)->95905K(101248K) Class: 15529K(19712K)->15529K(19712K)
[155.719s][info][gc             ] GC(113) Pause Young (Normal) (G1 Evacuation Pause) (Evacuation Failure) 508M->508M(512M) 1.712ms
[155.719s][info][gc,cpu         ] GC(113) User=0.00s Sys=0.00s Real=0.00s
[155.719s][info][gc,ergo        ] Attempting full compaction
[155.719s][info][gc,start       ] GC(114) Pause Full (G1 Compaction Pause)
[155.719s][info][gc,task        ] GC(114) Using 12 workers of 33 for full compaction
[155.720s][info][gc,phases,start] GC(114) Phase 1: Mark live objects
[155.745s][info][gc,phases      ] GC(114) Phase 1: Mark live objects 25.143ms
[155.745s][info][gc,phases,start] GC(114) Phase 2: Prepare compaction
[155.747s][info][gc,phases      ] GC(114) Phase 2: Prepare compaction 1.976ms
[155.747s][info][gc,phases,start] GC(114) Phase 3: Adjust pointers
[155.750s][info][gc,phases      ] GC(114) Phase 3: Adjust pointers 3.168ms
[155.751s][info][gc,phases,start] GC(114) Phase 4: Compact heap
[155.752s][info][gc,phases      ] GC(114) Phase 4: Compact heap 1.811ms
[155.757s][info][gc,heap        ] GC(114) Eden regions: 0->0(174)
[155.757s][info][gc,heap        ] GC(114) Survivor regions: 0->0(0)
[155.757s][info][gc,heap        ] GC(114) Old regions: 72->54
[155.757s][info][gc,heap        ] GC(114) Archive regions: 0->0
[155.757s][info][gc,heap        ] GC(114) Humongous regions: 440->257
[155.757s][info][gc,metaspace   ] GC(114) Metaspace: 111435K(120960K)->110662K(118720K) NonClass: 95905K(101248K)->95274K(99968K) Class: 15529K(19712K)->15387K(18752K)
[155.757s][info][gc             ] GC(114) Pause Full (G1 Compaction Pause) 508M->305M(512M) 38.159ms
[155.757s][info][gc,cpu         ] GC(114) User=0.39s Sys=0.00s Real=0.04s
[155.758s][info][gc,marking     ] GC(107) Concurrent Mark From Roots 65.273ms
[155.758s][info][gc,marking     ] GC(107) Concurrent Mark Abort
[155.758s][info][gc             ] GC(107) Concurrent Mark Cycle 69.319ms
[155.770s][info][gc,start       ] GC(115) Pause Young (Concurrent Start) (G1 Humongous Allocation)
[155.770s][info][gc,task        ] GC(115) Using 12 workers of 33 for evacuation
[155.772s][info][gc,phases      ] GC(115)   Pre Evacuate Collection Set: 0.2ms
[155.772s][info][gc,phases      ] GC(115)   Merge Heap Roots: 0.0ms
[155.772s][info][gc,phases      ] GC(115)   Evacuate Collection Set: 1.3ms
[155.772s][info][gc,phases      ] GC(115)   Post Evacuate Collection Set: 0.3ms
[155.772s][info][gc,phases      ] GC(115)   Other: 0.1ms
[155.772s][info][gc,heap        ] GC(115) Eden regions: 36->0(172)
[155.772s][info][gc,heap        ] GC(115) Survivor regions: 0->1(22)
[155.772s][info][gc,heap        ] GC(115) Old regions: 54->54
[155.772s][info][gc,heap        ] GC(115) Archive regions: 0->0
[155.772s][info][gc,heap        ] GC(115) Humongous regions: 257->257
[155.772s][info][gc,metaspace   ] GC(115) Metaspace: 110707K(118720K)->110707K(118720K) NonClass: 95316K(99968K)->95316K(99968K) Class: 15390K(18752K)->15390K(18752K)
[155.772s][info][gc             ] GC(115) Pause Young (Concurrent Start) (G1 Humongous Allocation) 341M->305M(512M) 2.213ms
[155.772s][info][gc             ] GC(116) Concurrent Mark Cycle
[155.772s][info][gc,cpu         ] GC(115) User=0.00s Sys=0.00s Real=0.00s
[155.772s][info][gc,marking     ] GC(116) Concurrent Scan Root Regions
[155.782s][info][gc,marking     ] GC(116) Concurrent Scan Root Regions 9.785ms
[155.782s][info][gc,marking     ] GC(116) Concurrent Mark
[155.782s][info][gc,marking     ] GC(116) Concurrent Mark From Roots
[155.782s][info][gc,task        ] GC(116) Using 8 workers of 8 for marking
[155.797s][info][gc,start       ] GC(117) Pause Young (Normal) (G1 Humongous Allocation)
[155.797s][info][gc,task        ] GC(117) Using 12 workers of 33 for evacuation
[155.798s][info][gc,phases      ] GC(117)   Pre Evacuate Collection Set: 0.1ms
[155.798s][info][gc,phases      ] GC(117)   Merge Heap Roots: 0.1ms
[155.798s][info][gc,phases      ] GC(117)   Evacuate Collection Set: 0.5ms
[155.798s][info][gc,phases      ] GC(117)   Post Evacuate Collection Set: 0.4ms
[155.798s][info][gc,phases      ] GC(117)   Other: 0.1ms
[155.798s][info][gc,heap        ] GC(117) Eden regions: 144->0(123)
[155.798s][info][gc,heap        ] GC(117) Survivor regions: 1->1(7)
[155.798s][info][gc,heap        ] GC(117) Old regions: 54->54
[155.798s][info][gc,heap        ] GC(117) Archive regions: 0->0
[155.798s][info][gc,heap        ] GC(117) Humongous regions: 306->306
[155.798s][info][gc,metaspace   ] GC(117) Metaspace: 110721K(118720K)->110721K(118720K) NonClass: 95328K(99968K)->95328K(99968K) Class: 15393K(18752K)->15393K(18752K)
[155.798s][info][gc             ] GC(117) Pause Young (Normal) (G1 Humongous Allocation) 498M->354M(512M) 1.377ms
[155.798s][info][gc,cpu         ] GC(117) User=0.00s Sys=0.00s Real=0.00s
[155.829s][info][gc,start       ] GC(118) Pause Young (Normal) (G1 Humongous Allocation)
[155.829s][info][gc,task        ] GC(118) Using 12 workers of 33 for evacuation
[155.830s][info][gc,phases      ] GC(118)   Pre Evacuate Collection Set: 0.1ms
[155.830s][info][gc,phases      ] GC(118)   Merge Heap Roots: 0.1ms
[155.830s][info][gc,phases      ] GC(118)   Evacuate Collection Set: 0.6ms
[155.830s][info][gc,phases      ] GC(118)   Post Evacuate Collection Set: 0.5ms
[155.830s][info][gc,phases      ] GC(118)   Other: 0.1ms
[155.830s][info][gc,heap        ] GC(118) Eden regions: 107->0(55)
[155.830s][info][gc,heap        ] GC(118) Survivor regions: 1->0(0)
[155.830s][info][gc,heap        ] GC(118) Old regions: 54->80
[155.830s][info][gc,heap        ] GC(118) Archive regions: 0->0
[155.830s][info][gc,heap        ] GC(118) Humongous regions: 350->350
[155.830s][info][gc,metaspace   ] GC(118) Metaspace: 110742K(118720K)->110742K(118720K) NonClass: 95348K(99968K)->95348K(99968K) Class: 15394K(18752K)->15394K(18752K)
[155.830s][info][gc             ] GC(118) Pause Young (Normal) (G1 Humongous Allocation) (Evacuation Failure) 505M->423M(512M) 1.695ms
[155.830s][info][gc,cpu         ] GC(118) User=0.00s Sys=0.00s Real=0.00s
[155.841s][info][gc,start       ] GC(119) Pause Young (Normal) (G1 Humongous Allocation)
[155.841s][info][gc,task        ] GC(119) Using 12 workers of 33 for evacuation
[155.842s][info][gc,phases      ] GC(119)   Pre Evacuate Collection Set: 0.1ms
[155.843s][info][gc,phases      ] GC(119)   Merge Heap Roots: 0.1ms
[155.843s][info][gc,phases      ] GC(119)   Evacuate Collection Set: 0.6ms
[155.843s][info][gc,phases      ] GC(119)   Post Evacuate Collection Set: 0.4ms
[155.843s][info][gc,phases      ] GC(119)   Other: 0.1ms
[155.843s][info][gc,heap        ] GC(119) Eden regions: 55->0(28)
[155.843s][info][gc,heap        ] GC(119) Survivor regions: 0->1(2)
[155.843s][info][gc,heap        ] GC(119) Old regions: 80->80
[155.843s][info][gc,heap        ] GC(119) Archive regions: 0->0
[155.843s][info][gc,heap        ] GC(119) Humongous regions: 375->375
[155.843s][info][gc,metaspace   ] GC(119) Metaspace: 110767K(118720K)->110767K(118720K) NonClass: 95367K(99968K)->95367K(99968K) Class: 15400K(18752K)->15400K(18752K)
[155.843s][info][gc             ] GC(119) Pause Young (Normal) (G1 Humongous Allocation) 503M->449M(512M) 1.484ms
[155.843s][info][gc,cpu         ] GC(119) User=0.00s Sys=0.00s Real=0.00s
[155.849s][info][gc,start       ] GC(120) Pause Young (Normal) (G1 Evacuation Pause)
[155.878s][info][gc,task        ] GC(120) Using 12 workers of 33 for evacuation
[155.880s][info][gc,phases      ] GC(120)   Pre Evacuate Collection Set: 0.2ms
[155.880s][info][gc,phases      ] GC(120)   Merge Heap Roots: 0.1ms
[155.880s][info][gc,phases      ] GC(120)   Evacuate Collection Set: 0.7ms
[155.880s][info][gc,phases      ] GC(120)   Post Evacuate Collection Set: 0.5ms
[155.880s][info][gc,phases      ] GC(120)   Other: 0.1ms
[155.880s][info][gc,heap        ] GC(120) Eden regions: 28->0(24)
[155.880s][info][gc,heap        ] GC(120) Survivor regions: 1->1(4)
[155.880s][info][gc,heap        ] GC(120) Old regions: 80->80
[155.880s][info][gc,heap        ] GC(120) Archive regions: 0->0
[155.880s][info][gc,heap        ] GC(120) Humongous regions: 387->387
[155.880s][info][gc,metaspace   ] GC(120) Metaspace: 110775K(118720K)->110775K(118720K) NonClass: 95373K(99968K)->95373K(99968K) Class: 15401K(18752K)->15401K(18752K)
[155.880s][info][gc             ] GC(120) Pause Young (Normal) (G1 Evacuation Pause) 489M->461M(512M) 30.964ms
[155.880s][info][gc,cpu         ] GC(120) User=0.03s Sys=0.00s Real=0.03s
[155.886s][info][gc,start       ] GC(121) Pause Young (Normal) (G1 Evacuation Pause)
[155.886s][info][gc,task        ] GC(121) Using 12 workers of 33 for evacuation
[155.889s][info][gc,phases      ] GC(121)   Pre Evacuate Collection Set: 0.2ms
[155.889s][info][gc,phases      ] GC(121)   Merge Heap Roots: 0.1ms
[155.889s][info][gc,phases      ] GC(121)   Evacuate Collection Set: 1.5ms
[155.889s][info][gc,phases      ] GC(121)   Post Evacuate Collection Set: 0.5ms
[155.889s][info][gc,phases      ] GC(121)   Other: 0.2ms
[155.889s][info][gc,heap        ] GC(121) Eden regions: 24->0(24)
[155.889s][info][gc,heap        ] GC(121) Survivor regions: 1->1(4)
[155.889s][info][gc,heap        ] GC(121) Old regions: 80->80
[155.889s][info][gc,heap        ] GC(121) Archive regions: 0->0
[155.889s][info][gc,heap        ] GC(121) Humongous regions: 391->391
[155.889s][info][gc,metaspace   ] GC(121) Metaspace: 110777K(118720K)->110777K(118720K) NonClass: 95375K(99968K)->95375K(99968K) Class: 15401K(18752K)->15401K(18752K)
[155.889s][info][gc             ] GC(121) Pause Young (Normal) (G1 Evacuation Pause) 489M->465M(512M) 3.019ms
[155.889s][info][gc,cpu         ] GC(121) User=0.00s Sys=0.00s Real=0.00s
[155.893s][info][gc,start       ] GC(122) Pause Young (Normal) (G1 Evacuation Pause)
[155.893s][info][gc,task        ] GC(122) Using 12 workers of 33 for evacuation
[155.895s][info][gc,phases      ] GC(122)   Pre Evacuate Collection Set: 0.1ms
[155.895s][info][gc,phases      ] GC(122)   Merge Heap Roots: 0.1ms
[155.895s][info][gc,phases      ] GC(122)   Evacuate Collection Set: 1.0ms
[155.895s][info][gc,phases      ] GC(122)   Post Evacuate Collection Set: 0.5ms
[155.895s][info][gc,phases      ] GC(122)   Other: 0.1ms
[155.895s][info][gc,heap        ] GC(122) Eden regions: 24->0(24)
[155.895s][info][gc,heap        ] GC(122) Survivor regions: 1->1(4)
[155.895s][info][gc,heap        ] GC(122) Old regions: 80->80
[155.895s][info][gc,heap        ] GC(122) Archive regions: 0->0
[155.895s][info][gc,heap        ] GC(122) Humongous regions: 391->391
[155.895s][info][gc,metaspace   ] GC(122) Metaspace: 110840K(118720K)->110840K(118720K) NonClass: 95418K(99968K)->95418K(99968K) Class: 15422K(18752K)->15422K(18752K)
[155.895s][info][gc             ] GC(122) Pause Young (Normal) (G1 Evacuation Pause) 489M->465M(512M) 2.062ms
[155.895s][info][gc,cpu         ] GC(122) User=0.00s Sys=0.00s Real=0.00s
[155.899s][info][gc,start       ] GC(123) Pause Young (Normal) (G1 Evacuation Pause)
[155.899s][info][gc,task        ] GC(123) Using 12 workers of 33 for evacuation
[155.901s][info][gc,phases      ] GC(123)   Pre Evacuate Collection Set: 0.1ms
[155.901s][info][gc,phases      ] GC(123)   Merge Heap Roots: 0.1ms
[155.901s][info][gc,phases      ] GC(123)   Evacuate Collection Set: 0.9ms
[155.901s][info][gc,phases      ] GC(123)   Post Evacuate Collection Set: 0.5ms
[155.901s][info][gc,phases      ] GC(123)   Other: 0.1ms
[155.901s][info][gc,heap        ] GC(123) Eden regions: 24->0(24)
[155.901s][info][gc,heap        ] GC(123) Survivor regions: 1->1(4)
[155.901s][info][gc,heap        ] GC(123) Old regions: 80->80
[155.901s][info][gc,heap        ] GC(123) Archive regions: 0->0
[155.901s][info][gc,heap        ] GC(123) Humongous regions: 391->391
[155.901s][info][gc,metaspace   ] GC(123) Metaspace: 110932K(118720K)->110932K(118720K) NonClass: 95482K(99968K)->95482K(99968K) Class: 15449K(18752K)->15449K(18752K)
[155.901s][info][gc             ] GC(123) Pause Young (Normal) (G1 Evacuation Pause) 489M->465M(512M) 2.038ms
[155.901s][info][gc,cpu         ] GC(123) User=0.00s Sys=0.00s Real=0.00s
[155.904s][info][gc,marking     ] GC(116) Concurrent Mark From Roots 121.705ms
[155.904s][info][gc,marking     ] GC(116) Concurrent Preclean
[155.905s][info][gc,start       ] GC(124) Pause Young (Normal) (G1 Evacuation Pause)
[155.905s][info][gc,task        ] GC(124) Using 12 workers of 33 for evacuation
[155.906s][info][gc,phases      ] GC(124)   Pre Evacuate Collection Set: 0.1ms
[155.906s][info][gc,phases      ] GC(124)   Merge Heap Roots: 0.1ms
[155.906s][info][gc,phases      ] GC(124)   Evacuate Collection Set: 0.7ms
[155.906s][info][gc,phases      ] GC(124)   Post Evacuate Collection Set: 0.4ms
[155.906s][info][gc,phases      ] GC(124)   Other: 0.1ms
[155.906s][info][gc,heap        ] GC(124) Eden regions: 24->0(24)
[155.906s][info][gc,heap        ] GC(124) Survivor regions: 1->1(4)
[155.906s][info][gc,heap        ] GC(124) Old regions: 80->80
[155.906s][info][gc,heap        ] GC(124) Archive regions: 0->0
[155.906s][info][gc,heap        ] GC(124) Humongous regions: 391->391
[155.906s][info][gc,metaspace   ] GC(124) Metaspace: 111007K(118720K)->111007K(118720K) NonClass: 95531K(99968K)->95531K(99968K) Class: 15476K(18752K)->15476K(18752K)
[155.907s][info][gc             ] GC(124) Pause Young (Normal) (G1 Evacuation Pause) 489M->465M(512M) 1.583ms
[155.907s][info][gc,cpu         ] GC(124) User=0.00s Sys=0.00s Real=0.00s
[155.907s][info][gc,marking     ] GC(116) Concurrent Preclean 3.680ms
[155.908s][info][gc,start       ] GC(116) Pause Remark
[155.909s][info][gc             ] GC(116) Pause Remark 472M->460M(512M) 1.408ms
[155.909s][info][gc,cpu         ] GC(116) User=0.00s Sys=0.00s Real=0.00s
[155.909s][info][gc,marking     ] GC(116) Concurrent Mark 127.604ms
[155.910s][info][gc,marking     ] GC(116) Concurrent Rebuild Remembered Sets and Scrub Regions
[155.913s][info][gc,start       ] GC(125) Pause Young (Normal) (G1 Evacuation Pause)
[155.913s][info][gc,task        ] GC(125) Using 12 workers of 33 for evacuation
[155.914s][info][gc,phases      ] GC(125)   Pre Evacuate Collection Set: 0.1ms
[155.914s][info][gc,phases      ] GC(125)   Merge Heap Roots: 0.1ms
[155.914s][info][gc,phases      ] GC(125)   Evacuate Collection Set: 0.8ms
[155.914s][info][gc,phases      ] GC(125)   Post Evacuate Collection Set: 0.4ms
[155.914s][info][gc,phases      ] GC(125)   Other: 0.1ms
[155.914s][info][gc,heap        ] GC(125) Eden regions: 24->0(24)
[155.914s][info][gc,heap        ] GC(125) Survivor regions: 1->1(4)
[155.914s][info][gc,heap        ] GC(125) Old regions: 80->80
[155.914s][info][gc,heap        ] GC(125) Archive regions: 0->0
[155.914s][info][gc,heap        ] GC(125) Humongous regions: 379->379
[155.914s][info][gc,metaspace   ] GC(125) Metaspace: 111079K(118720K)->111079K(118720K) NonClass: 95578K(99968K)->95578K(99968K) Class: 15501K(18752K)->15501K(18752K)
[155.914s][info][gc             ] GC(125) Pause Young (Normal) (G1 Evacuation Pause) 477M->453M(512M) 1.646ms
[155.914s][info][gc,cpu         ] GC(125) User=0.00s Sys=0.00s Real=0.00s
[155.918s][info][gc,start       ] GC(126) Pause Young (Normal) (G1 Evacuation Pause)
[155.918s][info][gc,task        ] GC(126) Using 12 workers of 33 for evacuation
[155.920s][info][gc,phases      ] GC(126)   Pre Evacuate Collection Set: 0.1ms
[155.920s][info][gc,phases      ] GC(126)   Merge Heap Roots: 0.0ms
[155.920s][info][gc,phases      ] GC(126)   Evacuate Collection Set: 0.8ms
[155.920s][info][gc,phases      ] GC(126)   Post Evacuate Collection Set: 0.4ms
[155.920s][info][gc,phases      ] GC(126)   Other: 0.1ms
[155.920s][info][gc,heap        ] GC(126) Eden regions: 24->0(24)
[155.920s][info][gc,heap        ] GC(126) Survivor regions: 1->1(4)
[155.920s][info][gc,heap        ] GC(126) Old regions: 80->80
[155.920s][info][gc,heap        ] GC(126) Archive regions: 0->0
[155.920s][info][gc,heap        ] GC(126) Humongous regions: 379->379
[155.920s][info][gc,metaspace   ] GC(126) Metaspace: 111163K(118720K)->111163K(118720K) NonClass: 95632K(99968K)->95632K(99968K) Class: 15530K(18752K)->15530K(18752K)
[155.920s][info][gc             ] GC(126) Pause Young (Normal) (G1 Evacuation Pause) 477M->453M(512M) 1.753ms
[155.920s][info][gc,cpu         ] GC(126) User=0.00s Sys=0.00s Real=0.00s
[155.923s][info][gc,marking     ] GC(116) Concurrent Rebuild Remembered Sets and Scrub Regions 13.430ms
[155.923s][info][gc,start       ] GC(116) Pause Cleanup
[155.923s][info][gc             ] GC(116) Pause Cleanup 475M->475M(512M) 0.205ms
[155.924s][info][gc,cpu         ] GC(116) User=0.00s Sys=0.00s Real=0.00s
[155.924s][info][gc,marking     ] GC(116) Concurrent Clear Claimed Marks
[155.924s][info][gc,marking     ] GC(116) Concurrent Clear Claimed Marks 0.103ms
[155.924s][info][gc,marking     ] GC(116) Concurrent Cleanup for Next Mark
[155.924s][info][gc,start       ] GC(127) Pause Young (Prepare Mixed) (G1 Evacuation Pause)
[155.924s][info][gc,task        ] GC(127) Using 12 workers of 33 for evacuation
[155.926s][info][gc,phases      ] GC(127)   Pre Evacuate Collection Set: 0.1ms
[155.926s][info][gc,phases      ] GC(127)   Merge Heap Roots: 0.2ms
[155.926s][info][gc,phases      ] GC(127)   Evacuate Collection Set: 0.7ms
[155.926s][info][gc,phases      ] GC(127)   Post Evacuate Collection Set: 0.4ms
[155.926s][info][gc,phases      ] GC(127)   Other: 0.1ms
[155.926s][info][gc,heap        ] GC(127) Eden regions: 24->0(24)
[155.926s][info][gc,heap        ] GC(127) Survivor regions: 1->1(4)
[155.926s][info][gc,heap        ] GC(127) Old regions: 80->80
[155.926s][info][gc,heap        ] GC(127) Archive regions: 0->0
[155.926s][info][gc,heap        ] GC(127) Humongous regions: 379->379
[155.926s][info][gc,metaspace   ] GC(127) Metaspace: 111165K(118720K)->111165K(118720K) NonClass: 95634K(99968K)->95634K(99968K) Class: 15531K(18752K)->15531K(18752K)
[155.926s][info][gc             ] GC(127) Pause Young (Prepare Mixed) (G1 Evacuation Pause) 477M->453M(512M) 1.708ms
[155.926s][info][gc,cpu         ] GC(127) User=0.00s Sys=0.00s Real=0.00s
[155.927s][info][gc,marking     ] GC(116) Concurrent Cleanup for Next Mark 2.897ms
[155.927s][info][gc             ] GC(116) Concurrent Mark Cycle 154.989ms
[155.929s][info][gc,start       ] GC(128) Pause Young (Mixed) (G1 Evacuation Pause)
[155.929s][info][gc,task        ] GC(128) Using 12 workers of 33 for evacuation
[155.930s][info][gc,phases      ] GC(128)   Pre Evacuate Collection Set: 0.1ms
[155.930s][info][gc,phases      ] GC(128)   Merge Heap Roots: 0.0ms
[155.930s][info][gc,phases      ] GC(128)   Evacuate Collection Set: 0.8ms
[155.930s][info][gc,phases      ] GC(128)   Post Evacuate Collection Set: 0.4ms
[155.930s][info][gc,phases      ] GC(128)   Other: 0.1ms
[155.930s][info][gc,heap        ] GC(128) Eden regions: 24->0(25)
[155.930s][info][gc,heap        ] GC(128) Survivor regions: 1->1(4)
[155.930s][info][gc,heap        ] GC(128) Old regions: 80->79
[155.930s][info][gc,heap        ] GC(128) Archive regions: 0->0
[155.931s][info][gc,heap        ] GC(128) Humongous regions: 379->379
[155.931s][info][gc,metaspace   ] GC(128) Metaspace: 111232K(118720K)->111232K(118720K) NonClass: 95681K(99968K)->95681K(99968K) Class: 15550K(18752K)->15550K(18752K)
[155.931s][info][gc             ] GC(128) Pause Young (Mixed) (G1 Evacuation Pause) 477M->453M(512M) 1.625ms
[155.931s][info][gc,cpu         ] GC(128) User=0.00s Sys=0.00s Real=0.00s
[155.947s][info][gc,start       ] GC(129) Pause Young (Concurrent Start) (G1 Humongous Allocation)
[155.947s][info][gc,task        ] GC(129) Using 12 workers of 33 for evacuation
[155.949s][info][gc,phases      ] GC(129)   Pre Evacuate Collection Set: 0.2ms
[155.949s][info][gc,phases      ] GC(129)   Merge Heap Roots: 0.1ms
[155.949s][info][gc,phases      ] GC(129)   Evacuate Collection Set: 1.3ms
[155.949s][info][gc,phases      ] GC(129)   Post Evacuate Collection Set: 0.4ms
[155.949s][info][gc,phases      ] GC(129)   Other: 0.1ms
[155.949s][info][gc,heap        ] GC(129) Eden regions: 18->0(25)
[155.949s][info][gc,heap        ] GC(129) Survivor regions: 1->1(4)
[155.949s][info][gc,heap        ] GC(129) Old regions: 79->79
[155.949s][info][gc,heap        ] GC(129) Archive regions: 0->0
[155.949s][info][gc,heap        ] GC(129) Humongous regions: 379->379
[155.949s][info][gc,metaspace   ] GC(129) Metaspace: 111233K(118720K)->111233K(118720K) NonClass: 95682K(99968K)->95682K(99968K) Class: 15551K(18752K)->15551K(18752K)
[155.949s][info][gc             ] GC(129) Pause Young (Concurrent Start) (G1 Humongous Allocation) 471M->453M(512M) 2.339ms
[155.949s][info][gc             ] GC(130) Concurrent Mark Cycle
[155.949s][info][gc,cpu         ] GC(129) User=0.00s Sys=0.00s Real=0.00s
[155.950s][info][gc,marking     ] GC(130) Concurrent Scan Root Regions
[155.952s][info][gc,start       ] GC(131) Pause Young (Normal) (G1 Evacuation Pause)
[155.952s][info][gc,task        ] GC(131) Using 12 workers of 33 for evacuation
[155.953s][info][gc,marking     ] GC(130) Concurrent Scan Root Regions 3.043ms
[155.953s][info][gc,marking     ] GC(130) Concurrent Mark
[155.953s][info][gc,marking     ] GC(130) Concurrent Mark From Roots
[155.953s][info][gc,task        ] GC(130) Using 8 workers of 8 for marking
[155.954s][info][gc,phases      ] GC(131)   Pre Evacuate Collection Set: 0.5ms
[155.954s][info][gc,phases      ] GC(131)   Merge Heap Roots: 0.1ms
[155.954s][info][gc,phases      ] GC(131)   Evacuate Collection Set: 0.7ms
[155.954s][info][gc,phases      ] GC(131)   Post Evacuate Collection Set: 0.4ms
[155.954s][info][gc,phases      ] GC(131)   Other: 0.1ms
[155.954s][info][gc,heap        ] GC(131) Eden regions: 25->0(24)
[155.954s][info][gc,heap        ] GC(131) Survivor regions: 1->1(4)
[155.954s][info][gc,heap        ] GC(131) Old regions: 79->79
[155.954s][info][gc,heap        ] GC(131) Archive regions: 0->0
[155.954s][info][gc,heap        ] GC(131) Humongous regions: 383->383
[155.954s][info][gc,metaspace   ] GC(131) Metaspace: 111233K(118720K)->111233K(118720K) NonClass: 95682K(99968K)->95682K(99968K) Class: 15551K(18752K)->15551K(18752K)
[155.954s][info][gc             ] GC(131) Pause Young (Normal) (G1 Evacuation Pause) 482M->457M(512M) 2.203ms
[155.954s][info][gc,cpu         ] GC(131) User=0.00s Sys=0.00s Real=0.00s
[155.957s][info][gc,start       ] GC(132) Pause Young (Normal) (G1 Evacuation Pause)
[155.957s][info][gc,task        ] GC(132) Using 12 workers of 33 for evacuation
[155.958s][info][gc,phases      ] GC(132)   Pre Evacuate Collection Set: 0.1ms
[155.959s][info][gc,phases      ] GC(132)   Merge Heap Roots: 0.1ms
[155.959s][info][gc,phases      ] GC(132)   Evacuate Collection Set: 0.8ms
[155.959s][info][gc,phases      ] GC(132)   Post Evacuate Collection Set: 0.4ms
[155.959s][info][gc,phases      ] GC(132)   Other: 0.1ms
[155.959s][info][gc,heap        ] GC(132) Eden regions: 24->0(24)
[155.959s][info][gc,heap        ] GC(132) Survivor regions: 1->1(4)
[155.959s][info][gc,heap        ] GC(132) Old regions: 79->79
[155.959s][info][gc,heap        ] GC(132) Archive regions: 0->0
[155.959s][info][gc,heap        ] GC(132) Humongous regions: 383->383
[155.959s][info][gc,metaspace   ] GC(132) Metaspace: 111233K(118720K)->111233K(118720K) NonClass: 95682K(99968K)->95682K(99968K) Class: 15551K(18752K)->15551K(18752K)
[155.959s][info][gc             ] GC(132) Pause Young (Normal) (G1 Evacuation Pause) 481M->457M(512M) 1.930ms
[155.959s][info][gc,cpu         ] GC(132) User=0.00s Sys=0.00s Real=0.00s
[155.962s][info][gc,start       ] GC(133) Pause Young (Normal) (G1 Evacuation Pause)
[155.962s][info][gc,task        ] GC(133) Using 12 workers of 33 for evacuation
[155.963s][info][gc,phases      ] GC(133)   Pre Evacuate Collection Set: 0.1ms
[155.963s][info][gc,phases      ] GC(133)   Merge Heap Roots: 0.1ms
[155.963s][info][gc,phases      ] GC(133)   Evacuate Collection Set: 0.6ms
[155.963s][info][gc,phases      ] GC(133)   Post Evacuate Collection Set: 0.4ms
[155.963s][info][gc,phases      ] GC(133)   Other: 0.1ms
[155.963s][info][gc,heap        ] GC(133) Eden regions: 24->0(24)
[155.963s][info][gc,heap        ] GC(133) Survivor regions: 1->1(4)
[155.963s][info][gc,heap        ] GC(133) Old regions: 79->79
[155.963s][info][gc,heap        ] GC(133) Archive regions: 0->0
[155.963s][info][gc,heap        ] GC(133) Humongous regions: 387->387
[155.963s][info][gc,metaspace   ] GC(133) Metaspace: 111233K(118720K)->111233K(118720K) NonClass: 95682K(99968K)->95682K(99968K) Class: 15551K(18752K)->15551K(18752K)
[155.963s][info][gc             ] GC(133) Pause Young (Normal) (G1 Evacuation Pause) 485M->461M(512M) 1.569ms
[155.963s][info][gc,cpu         ] GC(133) User=0.00s Sys=0.00s Real=0.00s
[155.966s][info][gc,start       ] GC(134) Pause Young (Normal) (G1 Humongous Allocation)
[155.966s][info][gc,task        ] GC(134) Using 12 workers of 33 for evacuation
[155.967s][info][gc,phases      ] GC(134)   Pre Evacuate Collection Set: 0.1ms
[155.967s][info][gc,phases      ] GC(134)   Merge Heap Roots: 0.0ms
[155.967s][info][gc,phases      ] GC(134)   Evacuate Collection Set: 0.8ms
[155.967s][info][gc,phases      ] GC(134)   Post Evacuate Collection Set: 0.4ms
[155.967s][info][gc,phases      ] GC(134)   Other: 0.1ms
[155.967s][info][gc,heap        ] GC(134) Eden regions: 22->0(24)
[155.967s][info][gc,heap        ] GC(134) Survivor regions: 1->1(4)
[155.967s][info][gc,heap        ] GC(134) Old regions: 79->79
[155.967s][info][gc,heap        ] GC(134) Archive regions: 0->0
[155.967s][info][gc,heap        ] GC(134) Humongous regions: 391->391
[155.967s][info][gc,metaspace   ] GC(134) Metaspace: 111233K(118720K)->111233K(118720K) NonClass: 95682K(99968K)->95682K(99968K) Class: 15551K(18752K)->15551K(18752K)
[155.967s][info][gc             ] GC(134) Pause Young (Normal) (G1 Humongous Allocation) 487M->465M(512M) 1.618ms
[155.967s][info][gc,cpu         ] GC(134) User=0.00s Sys=0.00s Real=0.00s
[155.969s][info][gc,start       ] GC(135) Pause Young (Normal) (G1 Humongous Allocation)
[155.969s][info][gc,task        ] GC(135) Using 12 workers of 33 for evacuation
[155.970s][info][gc,phases      ] GC(135)   Pre Evacuate Collection Set: 0.1ms
[155.970s][info][gc,phases      ] GC(135)   Merge Heap Roots: 0.0ms
[155.970s][info][gc,phases      ] GC(135)   Evacuate Collection Set: 0.7ms
[155.970s][info][gc,phases      ] GC(135)   Post Evacuate Collection Set: 0.4ms
[155.970s][info][gc,phases      ] GC(135)   Other: 0.1ms
[155.971s][info][gc,heap        ] GC(135) Eden regions: 6->0(24)
[155.971s][info][gc,heap        ] GC(135) Survivor regions: 1->1(4)
[155.971s][info][gc,heap        ] GC(135) Old regions: 79->79
[155.971s][info][gc,heap        ] GC(135) Archive regions: 0->0
[155.971s][info][gc,heap        ] GC(135) Humongous regions: 403->403
[155.971s][info][gc,metaspace   ] GC(135) Metaspace: 111233K(118720K)->111233K(118720K) NonClass: 95682K(99968K)->95682K(99968K) Class: 15551K(18752K)->15551K(18752K)
[155.971s][info][gc             ] GC(135) Pause Young (Normal) (G1 Humongous Allocation) 483M->477M(512M) 1.653ms
[155.971s][info][gc,cpu         ] GC(135) User=0.00s Sys=0.00s Real=0.00s
[155.972s][info][gc,start       ] GC(136) Pause Young (Normal) (G1 Humongous Allocation)
[155.972s][info][gc,task        ] GC(136) Using 12 workers of 33 for evacuation
[155.973s][info][gc,phases      ] GC(136)   Pre Evacuate Collection Set: 0.1ms
[155.973s][info][gc,phases      ] GC(136)   Merge Heap Roots: 0.0ms
[155.973s][info][gc,phases      ] GC(136)   Evacuate Collection Set: 0.7ms
[155.973s][info][gc,phases      ] GC(136)   Post Evacuate Collection Set: 0.3ms
[155.973s][info][gc,phases      ] GC(136)   Other: 0.1ms
[155.973s][info][gc,heap        ] GC(136) Eden regions: 3->0(24)
[155.973s][info][gc,heap        ] GC(136) Survivor regions: 1->1(4)
[155.973s][info][gc,heap        ] GC(136) Old regions: 79->79
[155.973s][info][gc,heap        ] GC(136) Archive regions: 0->0
[155.973s][info][gc,heap        ] GC(136) Humongous regions: 407->407
[155.973s][info][gc,metaspace   ] GC(136) Metaspace: 111233K(118720K)->111233K(118720K) NonClass: 95682K(99968K)->95682K(99968K) Class: 15551K(18752K)->15551K(18752K)
[155.973s][info][gc             ] GC(136) Pause Young (Normal) (G1 Humongous Allocation) 484M->481M(512M) 1.450ms
[155.974s][info][gc,cpu         ] GC(136) User=0.00s Sys=0.00s Real=0.00s
[155.974s][info][gc,ergo        ] Attempting full compaction
[155.974s][info][gc,start       ] GC(137) Pause Full (G1 Compaction Pause)
[155.974s][info][gc,task        ] GC(137) Using 12 workers of 33 for full compaction
[155.974s][info][gc,phases,start] GC(137) Phase 1: Mark live objects
[155.991s][info][gc,phases      ] GC(137) Phase 1: Mark live objects 16.238ms
[155.991s][info][gc,phases,start] GC(137) Phase 2: Prepare compaction
[155.992s][info][gc,phases      ] GC(137) Phase 2: Prepare compaction 1.464ms
[155.992s][info][gc,phases,start] GC(137) Phase 3: Adjust pointers
[155.995s][info][gc,phases      ] GC(137) Phase 3: Adjust pointers 2.897ms
[155.995s][info][gc,phases,start] GC(137) Phase 4: Compact heap
[155.996s][info][gc,phases      ] GC(137) Phase 4: Compact heap 0.672ms
[155.999s][info][gc,heap        ] GC(137) Eden regions: 0->0(172)
[155.999s][info][gc,heap        ] GC(137) Survivor regions: 1->0(4)
[155.999s][info][gc,heap        ] GC(137) Old regions: 79->53
[155.999s][info][gc,heap        ] GC(137) Archive regions: 0->0
[155.999s][info][gc,heap        ] GC(137) Humongous regions: 407->260
[155.999s][info][gc,metaspace   ] GC(137) Metaspace: 111233K(118720K)->111233K(118720K) NonClass: 95682K(99968K)->95682K(99968K) Class: 15551K(18752K)->15551K(18752K)
[155.999s][info][gc             ] GC(137) Pause Full (G1 Compaction Pause) 481M->307M(512M) 25.513ms
[155.999s][info][gc,cpu         ] GC(137) User=0.27s Sys=0.00s Real=0.03s
[155.999s][info][gc,marking     ] GC(130) Concurrent Mark From Roots 46.631ms
[155.999s][info][gc,marking     ] GC(130) Concurrent Mark Abort
[155.999s][info][gc             ] GC(130) Concurrent Mark Cycle 49.835ms
[156.000s][info][gc,start       ] GC(138) Pause Young (Concurrent Start) (G1 Humongous Allocation)
[156.000s][info][gc,task        ] GC(138) Using 12 workers of 33 for evacuation
[156.002s][info][gc,phases      ] GC(138)   Pre Evacuate Collection Set: 0.2ms
[156.002s][info][gc,phases      ] GC(138)   Merge Heap Roots: 0.0ms
[156.002s][info][gc,phases      ] GC(138)   Evacuate Collection Set: 0.9ms
[156.002s][info][gc,phases      ] GC(138)   Post Evacuate Collection Set: 0.3ms
[156.002s][info][gc,phases      ] GC(138)   Other: 0.1ms
[156.002s][info][gc,heap        ] GC(138) Eden regions: 3->0(166)
[156.002s][info][gc,heap        ] GC(138) Survivor regions: 0->1(22)
[156.002s][info][gc,heap        ] GC(138) Old regions: 53->53
[156.002s][info][gc,heap        ] GC(138) Archive regions: 0->0
[156.002s][info][gc,heap        ] GC(138) Humongous regions: 264->264
[156.002s][info][gc,metaspace   ] GC(138) Metaspace: 111233K(118720K)->111233K(118720K) NonClass: 95682K(99968K)->95682K(99968K) Class: 15551K(18752K)->15551K(18752K)
[156.002s][info][gc             ] GC(138) Pause Young (Concurrent Start) (G1 Humongous Allocation) 314M->311M(512M) 1.857ms
[156.002s][info][gc             ] GC(139) Concurrent Mark Cycle
[156.002s][info][gc,cpu         ] GC(138) User=0.00s Sys=0.00s Real=0.00s
[156.002s][info][gc,marking     ] GC(139) Concurrent Scan Root Regions
[156.006s][info][gc,marking     ] GC(139) Concurrent Scan Root Regions 4.453ms
[156.007s][info][gc,marking     ] GC(139) Concurrent Mark
[156.007s][info][gc,marking     ] GC(139) Concurrent Mark From Roots
[156.007s][info][gc,task        ] GC(139) Using 8 workers of 8 for marking
[156.016s][info][gc,start       ] GC(140) Pause Young (Normal) (G1 Humongous Allocation)
[156.016s][info][gc,task        ] GC(140) Using 12 workers of 33 for evacuation
[156.018s][info][gc,phases      ] GC(140)   Pre Evacuate Collection Set: 0.1ms
[156.018s][info][gc,phases      ] GC(140)   Merge Heap Roots: 0.1ms
[156.018s][info][gc,phases      ] GC(140)   Evacuate Collection Set: 1.2ms
[156.018s][info][gc,phases      ] GC(140)   Post Evacuate Collection Set: 0.4ms
[156.018s][info][gc,phases      ] GC(140)   Other: 0.1ms
[156.018s][info][gc,heap        ] GC(140) Eden regions: 160->0(142)
[156.018s][info][gc,heap        ] GC(140) Survivor regions: 1->1(10)
[156.018s][info][gc,heap        ] GC(140) Old regions: 53->53
[156.018s][info][gc,heap        ] GC(140) Archive regions: 0->0
[156.018s][info][gc,heap        ] GC(140) Humongous regions: 288->288
[156.018s][info][gc,metaspace   ] GC(140) Metaspace: 111235K(118720K)->111235K(118720K) NonClass: 95684K(99968K)->95684K(99968K) Class: 15551K(18752K)->15551K(18752K)
[156.018s][info][gc             ] GC(140) Pause Young (Normal) (G1 Humongous Allocation) 495M->335M(512M) 2.127ms
[156.018s][info][gc,cpu         ] GC(140) User=0.61s Sys=0.00s Real=0.01s
[156.032s][info][gc,start       ] GC(141) Pause Young (Normal) (G1 Evacuation Pause)
[156.032s][info][gc,task        ] GC(141) Using 12 workers of 33 for evacuation
[156.033s][info][gc,phases      ] GC(141)   Pre Evacuate Collection Set: 0.1ms
[156.033s][info][gc,phases      ] GC(141)   Merge Heap Roots: 0.1ms
[156.033s][info][gc,phases      ] GC(141)   Evacuate Collection Set: 0.6ms
[156.033s][info][gc,phases      ] GC(141)   Post Evacuate Collection Set: 0.3ms
[156.033s][info][gc,phases      ] GC(141)   Other: 0.1ms
[156.033s][info][gc,heap        ] GC(141) Eden regions: 142->0(122)
[156.033s][info][gc,heap        ] GC(141) Survivor regions: 1->1(8)
[156.033s][info][gc,heap        ] GC(141) Old regions: 53->53
[156.033s][info][gc,heap        ] GC(141) Archive regions: 0->0
[156.033s][info][gc,heap        ] GC(141) Humongous regions: 308->308
[156.033s][info][gc,metaspace   ] GC(141) Metaspace: 111237K(118720K)->111237K(118720K) NonClass: 95685K(99968K)->95685K(99968K) Class: 15551K(18752K)->15551K(18752K)
[156.033s][info][gc             ] GC(141) Pause Young (Normal) (G1 Evacuation Pause) 497M->356M(512M) 1.361ms
[156.033s][info][gc,cpu         ] GC(141) User=0.00s Sys=0.00s Real=0.00s
[156.041s][info][gc,marking     ] GC(139) Concurrent Mark From Roots 34.801ms
[156.041s][info][gc,marking     ] GC(139) Concurrent Preclean
[156.042s][info][gc,marking     ] GC(139) Concurrent Preclean 0.910ms
[156.043s][info][gc,start       ] GC(139) Pause Remark
[156.044s][info][gc             ] GC(139) Pause Remark 412M->408M(512M) 1.255ms
[156.044s][info][gc,cpu         ] GC(139) User=0.00s Sys=0.00s Real=0.00s
[156.044s][info][gc,marking     ] GC(139) Concurrent Mark 37.662ms
[156.044s][info][gc,marking     ] GC(139) Concurrent Rebuild Remembered Sets and Scrub Regions
[156.049s][info][gc,marking     ] GC(139) Concurrent Rebuild Remembered Sets and Scrub Regions 5.132ms
[156.050s][info][gc,start       ] GC(139) Pause Cleanup
[156.050s][info][gc             ] GC(139) Pause Cleanup 437M->437M(512M) 0.191ms
[156.050s][info][gc,cpu         ] GC(139) User=0.00s Sys=0.00s Real=0.00s
[156.050s][info][gc,marking     ] GC(139) Concurrent Clear Claimed Marks
[156.050s][info][gc,marking     ] GC(139) Concurrent Clear Claimed Marks 0.137ms
[156.051s][info][gc,marking     ] GC(139) Concurrent Cleanup for Next Mark
[156.051s][info][gc,marking     ] GC(139) Concurrent Cleanup for Next Mark 0.634ms
[156.051s][info][gc             ] GC(139) Concurrent Mark Cycle 49.252ms
[156.061s][info][gc,start       ] GC(142) Pause Young (Prepare Mixed) (G1 Evacuation Pause)
[156.061s][info][gc,task        ] GC(142) Using 12 workers of 33 for evacuation
[156.063s][info][gc,phases      ] GC(142)   Pre Evacuate Collection Set: 0.1ms
[156.063s][info][gc,phases      ] GC(142)   Merge Heap Roots: 0.2ms
[156.063s][info][gc,phases      ] GC(142)   Evacuate Collection Set: 0.8ms
[156.063s][info][gc,phases      ] GC(142)   Post Evacuate Collection Set: 0.4ms
[156.063s][info][gc,phases      ] GC(142)   Other: 0.1ms
[156.063s][info][gc,heap        ] GC(142) Eden regions: 122->0(110)
[156.063s][info][gc,heap        ] GC(142) Survivor regions: 1->1(16)
[156.063s][info][gc,heap        ] GC(142) Old regions: 53->53
[156.063s][info][gc,heap        ] GC(142) Archive regions: 0->0
[156.063s][info][gc,heap        ] GC(142) Humongous regions: 320->320
[156.063s][info][gc,metaspace   ] GC(142) Metaspace: 111549K(118720K)->111549K(118720K) NonClass: 95902K(99968K)->95902K(99968K) Class: 15646K(18752K)->15646K(18752K)
[156.063s][info][gc             ] GC(142) Pause Young (Prepare Mixed) (G1 Evacuation Pause) 490M->368M(512M) 1.787ms
[156.063s][info][gc,cpu         ] GC(142) User=0.00s Sys=0.00s Real=0.00s
[156.087s][info][gc,start       ] GC(143) Pause Young (Mixed) (G1 Evacuation Pause)
[156.087s][info][gc,task        ] GC(143) Using 12 workers of 33 for evacuation
[156.089s][info][gc,phases      ] GC(143)   Pre Evacuate Collection Set: 0.1ms
[156.089s][info][gc,phases      ] GC(143)   Merge Heap Roots: 0.1ms
[156.089s][info][gc,phases      ] GC(143)   Evacuate Collection Set: 1.1ms
[156.089s][info][gc,phases      ] GC(143)   Post Evacuate Collection Set: 0.4ms
[156.089s][info][gc,phases      ] GC(143)   Other: 0.1ms
[156.089s][info][gc,heap        ] GC(143) Eden regions: 110->0(109)
[156.089s][info][gc,heap        ] GC(143) Survivor regions: 1->2(14)
[156.089s][info][gc,heap        ] GC(143) Old regions: 53->52
[156.089s][info][gc,heap        ] GC(143) Archive regions: 0->0
[156.089s][info][gc,heap        ] GC(143) Humongous regions: 320->320
[156.089s][info][gc,metaspace   ] GC(143) Metaspace: 111674K(118784K)->111674K(118784K) NonClass: 96000K(100032K)->96000K(100032K) Class: 15674K(18752K)->15674K(18752K)
[156.089s][info][gc             ] GC(143) Pause Young (Mixed) (G1 Evacuation Pause) 478M->368M(512M) 2.041ms
[156.089s][info][gc,cpu         ] GC(143) User=0.00s Sys=0.00s Real=0.00s
[156.111s][info][gc,start       ] GC(144) Pause Young (Concurrent Start) (G1 Evacuation Pause)
[156.111s][info][gc,task        ] GC(144) Using 12 workers of 33 for evacuation
[156.113s][info][gc,phases      ] GC(144)   Pre Evacuate Collection Set: 0.2ms
[156.113s][info][gc,phases      ] GC(144)   Merge Heap Roots: 0.1ms
[156.113s][info][gc,phases      ] GC(144)   Evacuate Collection Set: 1.1ms
[156.113s][info][gc,phases      ] GC(144)   Post Evacuate Collection Set: 0.4ms
[156.113s][info][gc,phases      ] GC(144)   Other: 0.1ms
[156.113s][info][gc,heap        ] GC(144) Eden regions: 109->0(109)
[156.113s][info][gc,heap        ] GC(144) Survivor regions: 2->2(14)
[156.113s][info][gc,heap        ] GC(144) Old regions: 52->52
[156.113s][info][gc,heap        ] GC(144) Archive regions: 0->0
[156.113s][info][gc,heap        ] GC(144) Humongous regions: 320->320
[156.113s][info][gc,metaspace   ] GC(144) Metaspace: 111685K(118784K)->111685K(118784K) NonClass: 96008K(100032K)->96008K(100032K) Class: 15677K(18752K)->15677K(18752K)
[156.113s][info][gc             ] GC(144) Pause Young (Concurrent Start) (G1 Evacuation Pause) 477M->369M(512M) 2.080ms
[156.113s][info][gc             ] GC(145) Concurrent Mark Cycle
[156.113s][info][gc,cpu         ] GC(144) User=0.00s Sys=0.00s Real=0.00s
[156.113s][info][gc,marking     ] GC(145) Concurrent Scan Root Regions
[156.115s][info][gc,marking     ] GC(145) Concurrent Scan Root Regions 2.281ms
[156.115s][info][gc,marking     ] GC(145) Concurrent Mark
[156.115s][info][gc,marking     ] GC(145) Concurrent Mark From Roots
[156.115s][info][gc,task        ] GC(145) Using 8 workers of 8 for marking
[156.145s][info][gc,start       ] GC(146) Pause Young (Normal) (G1 Evacuation Pause)
[156.145s][info][gc,task        ] GC(146) Using 12 workers of 33 for evacuation
[156.146s][info][gc,phases      ] GC(146)   Pre Evacuate Collection Set: 0.1ms
[156.146s][info][gc,phases      ] GC(146)   Merge Heap Roots: 0.1ms
[156.147s][info][gc,phases      ] GC(146)   Evacuate Collection Set: 1.0ms
[156.147s][info][gc,phases      ] GC(146)   Post Evacuate Collection Set: 0.4ms
[156.147s][info][gc,phases      ] GC(146)   Other: 0.1ms
[156.147s][info][gc,heap        ] GC(146) Eden regions: 109->0(100)
[156.147s][info][gc,heap        ] GC(146) Survivor regions: 2->3(14)
[156.147s][info][gc,heap        ] GC(146) Old regions: 52->52
[156.147s][info][gc,heap        ] GC(146) Archive regions: 0->0
[156.147s][info][gc,heap        ] GC(146) Humongous regions: 327->327
[156.147s][info][gc,metaspace   ] GC(146) Metaspace: 111713K(118784K)->111713K(118784K) NonClass: 96035K(100032K)->96035K(100032K) Class: 15678K(18752K)->15678K(18752K)
[156.147s][info][gc             ] GC(146) Pause Young (Normal) (G1 Evacuation Pause) 485M->376M(512M) 1.902ms
[156.147s][info][gc,cpu         ] GC(146) User=0.00s Sys=0.00s Real=0.00s
[156.147s][info][gc,marking     ] GC(145) Concurrent Mark From Roots 31.453ms
[156.147s][info][gc,marking     ] GC(145) Concurrent Preclean
[156.148s][info][gc,marking     ] GC(145) Concurrent Preclean 0.758ms
[156.148s][info][gc,start       ] GC(145) Pause Remark
[156.149s][info][gc             ] GC(145) Pause Remark 383M->337M(512M) 1.431ms
[156.149s][info][gc,cpu         ] GC(145) User=0.00s Sys=0.00s Real=0.00s
[156.149s][info][gc,marking     ] GC(145) Concurrent Mark 33.966ms
[156.149s][info][gc,marking     ] GC(145) Concurrent Rebuild Remembered Sets and Scrub Regions
[156.156s][info][gc,marking     ] GC(145) Concurrent Rebuild Remembered Sets and Scrub Regions 6.825ms
[156.157s][info][gc,start       ] GC(145) Pause Cleanup
[156.157s][info][gc             ] GC(145) Pause Cleanup 399M->399M(512M) 0.181ms
[156.157s][info][gc,cpu         ] GC(145) User=0.00s Sys=0.00s Real=0.00s
[156.158s][info][gc,marking     ] GC(145) Concurrent Clear Claimed Marks
[156.158s][info][gc,marking     ] GC(145) Concurrent Clear Claimed Marks 0.166ms
[156.158s][info][gc,marking     ] GC(145) Concurrent Cleanup for Next Mark
[156.159s][info][gc,marking     ] GC(145) Concurrent Cleanup for Next Mark 0.820ms
[156.159s][info][gc             ] GC(145) Concurrent Mark Cycle 45.611ms
[156.164s][info][gc,start       ] GC(147) Pause Young (Prepare Mixed) (G1 Evacuation Pause)
[156.164s][info][gc,task        ] GC(147) Using 12 workers of 33 for evacuation
[156.166s][info][gc,phases      ] GC(147)   Pre Evacuate Collection Set: 0.1ms
[156.166s][info][gc,phases      ] GC(147)   Merge Heap Roots: 0.2ms
[156.166s][info][gc,phases      ] GC(147)   Evacuate Collection Set: 0.8ms
[156.166s][info][gc,phases      ] GC(147)   Post Evacuate Collection Set: 0.4ms
[156.166s][info][gc,phases      ] GC(147)   Other: 0.1ms
[156.166s][info][gc,heap        ] GC(147) Eden regions: 100->0(159)
[156.166s][info][gc,heap        ] GC(147) Survivor regions: 3->3(13)
[156.166s][info][gc,heap        ] GC(147) Old regions: 52->52
[156.166s][info][gc,heap        ] GC(147) Archive regions: 0->0
[156.166s][info][gc,heap        ] GC(147) Humongous regions: 288->268
[156.166s][info][gc,metaspace   ] GC(147) Metaspace: 111756K(118784K)->111756K(118784K) NonClass: 96076K(100032K)->96076K(100032K) Class: 15680K(18752K)->15680K(18752K)
[156.166s][info][gc             ] GC(147) Pause Young (Prepare Mixed) (G1 Evacuation Pause) 437M->317M(512M) 1.746ms
[156.166s][info][gc,cpu         ] GC(147) User=0.00s Sys=0.00s Real=0.00s
[156.190s][info][gc,start       ] GC(148) Pause Young (Mixed) (G1 Humongous Allocation)
[156.190s][info][gc,task        ] GC(148) Using 12 workers of 33 for evacuation
[156.192s][info][gc,phases      ] GC(148)   Pre Evacuate Collection Set: 0.1ms
[156.192s][info][gc,phases      ] GC(148)   Merge Heap Roots: 0.1ms
[156.192s][info][gc,phases      ] GC(148)   Evacuate Collection Set: 0.9ms
[156.192s][info][gc,phases      ] GC(148)   Post Evacuate Collection Set: 0.4ms
[156.192s][info][gc,phases      ] GC(148)   Other: 0.1ms
[156.192s][info][gc,heap        ] GC(148) Eden regions: 115->0(145)
[156.192s][info][gc,heap        ] GC(148) Survivor regions: 3->2(21)
[156.192s][info][gc,heap        ] GC(148) Old regions: 52->50
[156.192s][info][gc,heap        ] GC(148) Archive regions: 0->0
[156.192s][info][gc,heap        ] GC(148) Humongous regions: 310->286
[156.192s][info][gc,metaspace   ] GC(148) Metaspace: 111961K(118784K)->111961K(118784K) NonClass: 96248K(100032K)->96248K(100032K) Class: 15713K(18752K)->15713K(18752K)
[156.192s][info][gc             ] GC(148) Pause Young (Mixed) (G1 Humongous Allocation) 474M->335M(512M) 1.834ms
[156.192s][info][gc,cpu         ] GC(148) User=0.00s Sys=0.00s Real=0.00s
[156.194s][info][gc,start       ] GC(149) Pause Young (Concurrent Start) (G1 Humongous Allocation)
[156.194s][info][gc,task        ] GC(149) Using 12 workers of 33 for evacuation
[156.196s][info][gc,phases      ] GC(149)   Pre Evacuate Collection Set: 0.2ms
[156.196s][info][gc,phases      ] GC(149)   Merge Heap Roots: 0.0ms
[156.196s][info][gc,phases      ] GC(149)   Evacuate Collection Set: 1.3ms
[156.196s][info][gc,phases      ] GC(149)   Post Evacuate Collection Set: 0.3ms
[156.196s][info][gc,phases      ] GC(149)   Other: 0.1ms
[156.196s][info][gc,heap        ] GC(149) Eden regions: 7->0(138)
[156.196s][info][gc,heap        ] GC(149) Survivor regions: 2->2(19)
[156.196s][info][gc,heap        ] GC(149) Old regions: 50->50
[156.196s][info][gc,heap        ] GC(149) Archive regions: 0->0
[156.196s][info][gc,heap        ] GC(149) Humongous regions: 293->293
[156.196s][info][gc,metaspace   ] GC(149) Metaspace: 111965K(118784K)->111965K(118784K) NonClass: 96249K(100032K)->96249K(100032K) Class: 15716K(18752K)->15716K(18752K)
[156.196s][info][gc             ] GC(149) Pause Young (Concurrent Start) (G1 Humongous Allocation) 349M->342M(512M) 2.199ms
[156.196s][info][gc             ] GC(150) Concurrent Mark Cycle
[156.196s][info][gc,cpu         ] GC(149) User=0.00s Sys=0.00s Real=0.00s
[156.196s][info][gc,marking     ] GC(150) Concurrent Scan Root Regions
[156.200s][info][gc,marking     ] GC(150) Concurrent Scan Root Regions 3.593ms
[156.200s][info][gc,marking     ] GC(150) Concurrent Mark
[156.200s][info][gc,marking     ] GC(150) Concurrent Mark From Roots
[156.200s][info][gc,task        ] GC(150) Using 8 workers of 8 for marking
[156.215s][info][gc,start       ] GC(151) Pause Young (Normal) (G1 Humongous Allocation)
[156.215s][info][gc,task        ] GC(151) Using 12 workers of 33 for evacuation
[156.217s][info][gc,phases      ] GC(151)   Pre Evacuate Collection Set: 0.1ms
[156.217s][info][gc,phases      ] GC(151)   Merge Heap Roots: 0.1ms
[156.217s][info][gc,phases      ] GC(151)   Evacuate Collection Set: 1.0ms
[156.217s][info][gc,phases      ] GC(151)   Post Evacuate Collection Set: 0.4ms
[156.217s][info][gc,phases      ] GC(151)   Other: 0.1ms
[156.217s][info][gc,heap        ] GC(151) Eden regions: 83->0(118)
[156.217s][info][gc,heap        ] GC(151) Survivor regions: 2->2(18)
[156.217s][info][gc,heap        ] GC(151) Old regions: 50->50
[156.217s][info][gc,heap        ] GC(151) Archive regions: 0->0
[156.217s][info][gc,heap        ] GC(151) Humongous regions: 321->313
[156.217s][info][gc,metaspace   ] GC(151) Metaspace: 112354K(118784K)->112354K(118784K) NonClass: 96503K(100032K)->96503K(100032K) Class: 15850K(18752K)->15850K(18752K)
[156.217s][info][gc             ] GC(151) Pause Young (Normal) (G1 Humongous Allocation) 453M->362M(512M) 1.926ms
[156.217s][info][gc,cpu         ] GC(151) User=0.00s Sys=0.00s Real=0.00s
[156.224s][info][gc,marking     ] GC(150) Concurrent Mark From Roots 24.079ms
[156.224s][info][gc,marking     ] GC(150) Concurrent Preclean
[156.225s][info][gc,marking     ] GC(150) Concurrent Preclean 0.968ms
[156.225s][info][gc,start       ] GC(150) Pause Remark
[156.227s][info][gc             ] GC(150) Pause Remark 415M->415M(512M) 2.204ms
[156.228s][info][gc,cpu         ] GC(150) User=0.00s Sys=0.00s Real=0.00s
[156.228s][info][gc,marking     ] GC(150) Concurrent Mark 27.843ms
[156.228s][info][gc,marking     ] GC(150) Concurrent Rebuild Remembered Sets and Scrub Regions
[156.233s][info][gc,marking     ] GC(150) Concurrent Rebuild Remembered Sets and Scrub Regions 5.510ms
[156.234s][info][gc,start       ] GC(150) Pause Cleanup
[156.235s][info][gc             ] GC(150) Pause Cleanup 444M->444M(512M) 0.140ms
[156.235s][info][gc,cpu         ] GC(150) User=0.00s Sys=0.00s Real=0.00s
[156.235s][info][gc,marking     ] GC(150) Concurrent Clear Claimed Marks
[156.235s][info][gc,marking     ] GC(150) Concurrent Clear Claimed Marks 0.151ms
[156.235s][info][gc,marking     ] GC(150) Concurrent Cleanup for Next Mark
[156.236s][info][gc,marking     ] GC(150) Concurrent Cleanup for Next Mark 0.609ms
[156.236s][info][gc             ] GC(150) Concurrent Mark Cycle 39.546ms
[156.250s][info][gc,start       ] GC(152) Pause Young (Prepare Mixed) (G1 Evacuation Pause)
[156.250s][info][gc,task        ] GC(152) Using 12 workers of 33 for evacuation
[156.252s][info][gc,phases      ] GC(152)   Pre Evacuate Collection Set: 0.1ms
[156.252s][info][gc,phases      ] GC(152)   Merge Heap Roots: 0.1ms
[156.252s][info][gc,phases      ] GC(152)   Evacuate Collection Set: 1.3ms
[156.252s][info][gc,phases      ] GC(152)   Post Evacuate Collection Set: 0.4ms
[156.252s][info][gc,phases      ] GC(152)   Other: 0.1ms
[156.252s][info][gc,heap        ] GC(152) Eden regions: 118->0(110)
[156.252s][info][gc,heap        ] GC(152) Survivor regions: 2->3(15)
[156.252s][info][gc,heap        ] GC(152) Old regions: 50->50
[156.252s][info][gc,heap        ] GC(152) Archive regions: 0->0
[156.252s][info][gc,heap        ] GC(152) Humongous regions: 327->319
[156.252s][info][gc,metaspace   ] GC(152) Metaspace: 112972K(118784K)->112972K(118784K) NonClass: 96910K(100032K)->96910K(100032K) Class: 16061K(18752K)->16061K(18752K)
[156.252s][info][gc             ] GC(152) Pause Young (Prepare Mixed) (G1 Evacuation Pause) 494M->368M(512M) 2.320ms
[156.252s][info][gc,cpu         ] GC(152) User=0.00s Sys=0.00s Real=0.00s
[156.280s][info][gc,start       ] GC(153) Pause Young (Mixed) (G1 Evacuation Pause)
[156.280s][info][gc,task        ] GC(153) Using 12 workers of 33 for evacuation
[156.282s][info][gc,phases      ] GC(153)   Pre Evacuate Collection Set: 0.1ms
[156.282s][info][gc,phases      ] GC(153)   Merge Heap Roots: 0.1ms
[156.282s][info][gc,phases      ] GC(153)   Evacuate Collection Set: 1.2ms
[156.282s][info][gc,phases      ] GC(153)   Post Evacuate Collection Set: 0.4ms
[156.282s][info][gc,phases      ] GC(153)   Other: 0.1ms
[156.282s][info][gc,heap        ] GC(153) Eden regions: 110->0(110)
[156.282s][info][gc,heap        ] GC(153) Survivor regions: 3->3(15)
[156.282s][info][gc,heap        ] GC(153) Old regions: 50->50
[156.282s][info][gc,heap        ] GC(153) Archive regions: 0->0
[156.282s][info][gc,heap        ] GC(153) Humongous regions: 319->319
[156.282s][info][gc,metaspace   ] GC(153) Metaspace: 113336K(118784K)->113336K(118784K) NonClass: 97150K(100032K)->97150K(100032K) Class: 16185K(18752K)->16185K(18752K)
[156.282s][info][gc             ] GC(153) Pause Young (Mixed) (G1 Evacuation Pause) 478M->368M(512M) 2.109ms
[156.282s][info][gc,cpu         ] GC(153) User=0.00s Sys=0.00s Real=0.00s
[156.282s][info][gc,start       ] GC(154) Pause Young (Concurrent Start) (G1 Humongous Allocation)
[156.283s][info][gc,task        ] GC(154) Using 12 workers of 33 for evacuation
[156.284s][info][gc,phases      ] GC(154)   Pre Evacuate Collection Set: 0.2ms
[156.284s][info][gc,phases      ] GC(154)   Merge Heap Roots: 0.0ms
[156.284s][info][gc,phases      ] GC(154)   Evacuate Collection Set: 1.3ms
[156.284s][info][gc,phases      ] GC(154)   Post Evacuate Collection Set: 0.3ms
[156.284s][info][gc,phases      ] GC(154)   Other: 0.1ms
[156.284s][info][gc,heap        ] GC(154) Eden regions: 3->0(110)
[156.284s][info][gc,heap        ] GC(154) Survivor regions: 3->3(15)
[156.284s][info][gc,heap        ] GC(154) Old regions: 50->50
[156.284s][info][gc,heap        ] GC(154) Archive regions: 0->0
[156.285s][info][gc,heap        ] GC(154) Humongous regions: 319->319
[156.285s][info][gc,metaspace   ] GC(154) Metaspace: 113338K(118784K)->113338K(118784K) NonClass: 97152K(100032K)->97152K(100032K) Class: 16185K(18752K)->16185K(18752K)
[156.285s][info][gc             ] GC(154) Pause Young (Concurrent Start) (G1 Humongous Allocation) 371M->368M(512M) 2.093ms
[156.285s][info][gc             ] GC(155) Concurrent Mark Cycle
[156.285s][info][gc,cpu         ] GC(154) User=0.00s Sys=0.00s Real=0.00s
[156.285s][info][gc,marking     ] GC(155) Concurrent Scan Root Regions
[156.287s][info][gc,marking     ] GC(155) Concurrent Scan Root Regions 2.618ms
[156.287s][info][gc,marking     ] GC(155) Concurrent Mark
[156.287s][info][gc,marking     ] GC(155) Concurrent Mark From Roots
[156.287s][info][gc,task        ] GC(155) Using 8 workers of 8 for marking
[156.304s][info][gc,marking     ] GC(155) Concurrent Mark From Roots 16.657ms
[156.304s][info][gc,marking     ] GC(155) Concurrent Preclean
[156.305s][info][gc,marking     ] GC(155) Concurrent Preclean 0.661ms
[156.307s][info][gc,start       ] GC(155) Pause Remark
[156.309s][info][gc             ] GC(155) Pause Remark 431M->415M(512M) 1.698ms
[156.309s][info][gc,cpu         ] GC(155) User=0.00s Sys=0.00s Real=0.00s
[156.309s][info][gc,marking     ] GC(155) Concurrent Mark 21.399ms
[156.309s][info][gc,marking     ] GC(155) Concurrent Rebuild Remembered Sets and Scrub Regions
[156.315s][info][gc,marking     ] GC(155) Concurrent Rebuild Remembered Sets and Scrub Regions 6.424ms
[156.320s][info][gc,start       ] GC(155) Pause Cleanup
[156.320s][info][gc             ] GC(155) Pause Cleanup 428M->428M(512M) 0.148ms
[156.320s][info][gc,cpu         ] GC(155) User=0.00s Sys=0.00s Real=0.00s
[156.320s][info][gc,marking     ] GC(155) Concurrent Clear Claimed Marks
[156.320s][info][gc,marking     ] GC(155) Concurrent Clear Claimed Marks 0.109ms
[156.320s][info][gc,marking     ] GC(155) Concurrent Cleanup for Next Mark
[156.320s][info][gc,marking     ] GC(155) Concurrent Cleanup for Next Mark 0.494ms
[156.321s][info][gc             ] GC(155) Concurrent Mark Cycle 35.966ms
[156.342s][info][gc,start       ] GC(156) Pause Young (Prepare Mixed) (G1 Evacuation Pause)
[156.342s][info][gc,task        ] GC(156) Using 12 workers of 33 for evacuation
[156.344s][info][gc,phases      ] GC(156)   Pre Evacuate Collection Set: 0.1ms
[156.344s][info][gc,phases      ] GC(156)   Merge Heap Roots: 0.1ms
[156.344s][info][gc,phases      ] GC(156)   Evacuate Collection Set: 1.3ms
[156.344s][info][gc,phases      ] GC(156)   Post Evacuate Collection Set: 0.4ms
[156.344s][info][gc,phases      ] GC(156)   Other: 0.1ms
[156.344s][info][gc,heap        ] GC(156) Eden regions: 110->0(124)
[156.344s][info][gc,heap        ] GC(156) Survivor regions: 3->3(15)
[156.344s][info][gc,heap        ] GC(156) Old regions: 50->50
[156.344s][info][gc,heap        ] GC(156) Archive regions: 0->0
[156.344s][info][gc,heap        ] GC(156) Humongous regions: 319->305
[156.344s][info][gc,metaspace   ] GC(156) Metaspace: 114091K(118784K)->114091K(118784K) NonClass: 97674K(100032K)->97674K(100032K) Class: 16417K(18752K)->16417K(18752K)
[156.345s][info][gc             ] GC(156) Pause Young (Prepare Mixed) (G1 Evacuation Pause) 478M->355M(512M) 2.336ms
[156.345s][info][gc,cpu         ] GC(156) User=0.00s Sys=0.00s Real=0.00s
[156.392s][info][gc,start       ] GC(157) Pause Young (Mixed) (G1 Humongous Allocation)
[156.392s][info][gc,task        ] GC(157) Using 12 workers of 33 for evacuation
[156.394s][info][gc,phases      ] GC(157)   Pre Evacuate Collection Set: 0.1ms
[156.394s][info][gc,phases      ] GC(157)   Merge Heap Roots: 0.1ms
[156.394s][info][gc,phases      ] GC(157)   Evacuate Collection Set: 1.6ms
[156.394s][info][gc,phases      ] GC(157)   Post Evacuate Collection Set: 0.5ms
[156.394s][info][gc,phases      ] GC(157)   Other: 0.1ms
[156.394s][info][gc,heap        ] GC(157) Eden regions: 107->0(122)
[156.394s][info][gc,heap        ] GC(157) Survivor regions: 3->5(16)
[156.394s][info][gc,heap        ] GC(157) Old regions: 50->49
[156.394s][info][gc,heap        ] GC(157) Archive regions: 0->0
[156.394s][info][gc,heap        ] GC(157) Humongous regions: 325->304
[156.394s][info][gc,metaspace   ] GC(157) Metaspace: 115592K(118784K)->115592K(118784K) NonClass: 98654K(100032K)->98654K(100032K) Class: 16937K(18752K)->16937K(18752K)
[156.394s][info][gc             ] GC(157) Pause Young (Mixed) (G1 Humongous Allocation) 481M->355M(512M) 2.616ms
[156.394s][info][gc,cpu         ] GC(157) User=0.00s Sys=0.00s Real=0.00s
[156.396s][info][gc,start       ] GC(158) Pause Young (Concurrent Start) (G1 Humongous Allocation)
[156.396s][info][gc,task        ] GC(158) Using 12 workers of 33 for evacuation
[156.398s][info][gc,phases      ] GC(158)   Pre Evacuate Collection Set: 0.2ms
[156.398s][info][gc,phases      ] GC(158)   Merge Heap Roots: 0.0ms
[156.398s][info][gc,phases      ] GC(158)   Evacuate Collection Set: 1.5ms
[156.398s][info][gc,phases      ] GC(158)   Post Evacuate Collection Set: 0.3ms
[156.398s][info][gc,phases      ] GC(158)   Other: 0.1ms
[156.398s][info][gc,heap        ] GC(158) Eden regions: 3->0(118)
[156.398s][info][gc,heap        ] GC(158) Survivor regions: 5->5(16)
[156.398s][info][gc,heap        ] GC(158) Old regions: 49->49
[156.398s][info][gc,heap        ] GC(158) Archive regions: 0->0
[156.398s][info][gc,heap        ] GC(158) Humongous regions: 308->308
[156.398s][info][gc,metaspace   ] GC(158) Metaspace: 115593K(118784K)->115593K(118784K) NonClass: 98655K(100032K)->98655K(100032K) Class: 16937K(18752K)->16937K(18752K)
[156.398s][info][gc             ] GC(158) Pause Young (Concurrent Start) (G1 Humongous Allocation) 362M->360M(512M) 2.340ms
[156.398s][info][gc             ] GC(159) Concurrent Mark Cycle
[156.398s][info][gc,cpu         ] GC(158) User=0.00s Sys=0.00s Real=0.00s
[156.398s][info][gc,marking     ] GC(159) Concurrent Scan Root Regions
[156.401s][info][gc,marking     ] GC(159) Concurrent Scan Root Regions 2.549ms
[156.401s][info][gc,marking     ] GC(159) Concurrent Mark
[156.401s][info][gc,marking     ] GC(159) Concurrent Mark From Roots
[156.401s][info][gc,task        ] GC(159) Using 8 workers of 8 for marking
[156.415s][info][gc,marking     ] GC(159) Concurrent Mark From Roots 14.150ms
[156.415s][info][gc,marking     ] GC(159) Concurrent Preclean
[156.416s][info][gc,marking     ] GC(159) Concurrent Preclean 0.789ms
[156.416s][info][gc,start       ] GC(159) Pause Remark
[156.418s][info][gc             ] GC(159) Pause Remark 393M->393M(512M) 1.686ms
[156.418s][info][gc,cpu         ] GC(159) User=0.00s Sys=0.00s Real=0.00s
[156.418s][info][gc,marking     ] GC(159) Concurrent Mark 17.003ms
[156.418s][info][gc,marking     ] GC(159) Concurrent Rebuild Remembered Sets and Scrub Regions
[156.423s][info][gc,marking     ] GC(159) Concurrent Rebuild Remembered Sets and Scrub Regions 4.772ms
[156.423s][info][gc,start       ] GC(159) Pause Cleanup
[156.423s][info][gc             ] GC(159) Pause Cleanup 398M->398M(512M) 0.128ms
[156.423s][info][gc,cpu         ] GC(159) User=0.00s Sys=0.00s Real=0.00s
[156.423s][info][gc,marking     ] GC(159) Concurrent Clear Claimed Marks
[156.423s][info][gc,marking     ] GC(159) Concurrent Clear Claimed Marks 0.159ms
[156.423s][info][gc,marking     ] GC(159) Concurrent Cleanup for Next Mark
[156.424s][info][gc,marking     ] GC(159) Concurrent Cleanup for Next Mark 0.463ms
[156.424s][info][gc             ] GC(159) Concurrent Mark Cycle 25.581ms
[156.517s][info][gc,start       ] GC(160) Pause Young (Prepare Mixed) (G1 Humongous Allocation)
[156.517s][info][gc,task        ] GC(160) Using 12 workers of 33 for evacuation
[156.520s][info][gc,phases      ] GC(160)   Pre Evacuate Collection Set: 0.1ms
[156.520s][info][gc,phases      ] GC(160)   Merge Heap Roots: 0.1ms
[156.520s][info][gc,phases      ] GC(160)   Evacuate Collection Set: 2.2ms
[156.520s][info][gc,phases      ] GC(160)   Post Evacuate Collection Set: 0.6ms
[156.520s][info][gc,phases      ] GC(160)   Other: 0.1ms
[156.520s][info][gc,heap        ] GC(160) Eden regions: 93->0(121)
[156.520s][info][gc,heap        ] GC(160) Survivor regions: 5->8(8)
[156.520s][info][gc,heap        ] GC(160) Old regions: 49->49
[156.520s][info][gc,heap        ] GC(160) Archive regions: 0->0
[156.520s][info][gc,heap        ] GC(160) Humongous regions: 357->299
[156.520s][info][gc,metaspace   ] GC(160) Metaspace: 116844K(118848K)->116844K(118848K) NonClass: 99499K(100096K)->99499K(100096K) Class: 17345K(18752K)->17345K(18752K)
[156.520s][info][gc             ] GC(160) Pause Young (Prepare Mixed) (G1 Humongous Allocation) 501M->353M(512M) 3.352ms
[156.520s][info][gc,cpu         ] GC(160) User=0.00s Sys=0.00s Real=0.00s
[156.580s][info][gc,start       ] GC(161) Pause Young (Mixed) (G1 Evacuation Pause)
[156.580s][info][gc,task        ] GC(161) Using 12 workers of 33 for evacuation
[156.584s][info][gc,phases      ] GC(161)   Pre Evacuate Collection Set: 0.1ms
[156.584s][info][gc,phases      ] GC(161)   Merge Heap Roots: 0.1ms
[156.584s][info][gc,phases      ] GC(161)   Evacuate Collection Set: 2.3ms
[156.584s][info][gc,phases      ] GC(161)   Post Evacuate Collection Set: 1.2ms
[156.584s][info][gc,phases      ] GC(161)   Other: 0.1ms
[156.584s][info][gc,heap        ] GC(161) Eden regions: 121->0(71)
[156.584s][info][gc,heap        ] GC(161) Survivor regions: 8->1(1)
[156.584s][info][gc,heap        ] GC(161) Old regions: 49->139
[156.584s][info][gc,heap        ] GC(161) Archive regions: 0->0
[156.584s][info][gc,heap        ] GC(161) Humongous regions: 333->273
[156.584s][info][gc,metaspace   ] GC(161) Metaspace: 117554K(119168K)->117554K(119168K) NonClass: 99988K(100416K)->99988K(100416K) Class: 17565K(18752K)->17565K(18752K)
[156.584s][info][gc             ] GC(161) Pause Young (Mixed) (G1 Evacuation Pause) (Evacuation Failure) 508M->410M(512M) 4.039ms
[156.584s][info][gc,cpu         ] GC(161) User=0.00s Sys=0.00s Real=0.00s
[156.596s][info][gc,start       ] GC(162) Pause Young (Concurrent Start) (G1 Humongous Allocation)
[156.596s][info][gc,task        ] GC(162) Using 12 workers of 33 for evacuation
[156.598s][info][gc,phases      ] GC(162)   Pre Evacuate Collection Set: 0.2ms
[156.598s][info][gc,phases      ] GC(162)   Merge Heap Roots: 0.1ms
[156.598s][info][gc,phases      ] GC(162)   Evacuate Collection Set: 1.3ms
[156.598s][info][gc,phases      ] GC(162)   Post Evacuate Collection Set: 0.4ms
[156.598s][info][gc,phases      ] GC(162)   Other: 0.1ms
[156.598s][info][gc,heap        ] GC(162) Eden regions: 29->0(68)
[156.598s][info][gc,heap        ] GC(162) Survivor regions: 1->2(9)
[156.599s][info][gc,heap        ] GC(162) Old regions: 139->140
[156.599s][info][gc,heap        ] GC(162) Archive regions: 0->0
[156.599s][info][gc,heap        ] GC(162) Humongous regions: 273->273
[156.599s][info][gc,metaspace   ] GC(162) Metaspace: 117739K(119360K)->117739K(119360K) NonClass: 100123K(100608K)->100123K(100608K) Class: 17616K(18752K)->17616K(18752K)
[156.599s][info][gc             ] GC(162) Pause Young (Concurrent Start) (G1 Humongous Allocation) 439M->411M(512M) 2.228ms
[156.599s][info][gc             ] GC(163) Concurrent Mark Cycle
[156.599s][info][gc,cpu         ] GC(162) User=0.00s Sys=0.00s Real=0.00s
[156.599s][info][gc,marking     ] GC(163) Concurrent Scan Root Regions
[156.601s][info][gc,marking     ] GC(163) Concurrent Scan Root Regions 2.060ms
[156.601s][info][gc,marking     ] GC(163) Concurrent Mark
[156.601s][info][gc,marking     ] GC(163) Concurrent Mark From Roots
[156.601s][info][gc,task        ] GC(163) Using 8 workers of 8 for marking
[156.618s][info][gc,marking     ] GC(163) Concurrent Mark From Roots 17.208ms
[156.618s][info][gc,marking     ] GC(163) Concurrent Preclean
[156.619s][info][gc,marking     ] GC(163) Concurrent Preclean 0.788ms
[156.620s][info][gc,start       ] GC(163) Pause Remark
[156.622s][info][gc             ] GC(163) Pause Remark 455M->442M(512M) 1.782ms
[156.622s][info][gc,cpu         ] GC(163) User=0.00s Sys=0.00s Real=0.00s
[156.622s][info][gc,marking     ] GC(163) Concurrent Mark 21.297ms
[156.622s][info][gc,marking     ] GC(163) Concurrent Rebuild Remembered Sets and Scrub Regions
[156.629s][info][gc,marking     ] GC(163) Concurrent Rebuild Remembered Sets and Scrub Regions 6.389ms
[156.630s][info][gc,start       ] GC(163) Pause Cleanup
[156.630s][info][gc             ] GC(163) Pause Cleanup 456M->456M(512M) 0.285ms
[156.630s][info][gc,cpu         ] GC(163) User=0.00s Sys=0.00s Real=0.00s
[156.630s][info][gc,marking     ] GC(163) Concurrent Clear Claimed Marks
[156.630s][info][gc,marking     ] GC(163) Concurrent Clear Claimed Marks 0.212ms
[156.630s][info][gc,marking     ] GC(163) Concurrent Cleanup for Next Mark
[156.631s][info][gc,marking     ] GC(163) Concurrent Cleanup for Next Mark 0.562ms
[156.631s][info][gc             ] GC(163) Concurrent Mark Cycle 32.434ms
[156.637s][info][gc,start       ] GC(164) Pause Young (Prepare Mixed) (G1 Evacuation Pause)
[156.637s][info][gc,task        ] GC(164) Using 12 workers of 33 for evacuation
[156.639s][info][gc,phases      ] GC(164)   Pre Evacuate Collection Set: 0.1ms
[156.639s][info][gc,phases      ] GC(164)   Merge Heap Roots: 0.2ms
[156.639s][info][gc,phases      ] GC(164)   Evacuate Collection Set: 1.0ms
[156.639s][info][gc,phases      ] GC(164)   Post Evacuate Collection Set: 0.4ms
[156.639s][info][gc,phases      ] GC(164)   Other: 0.1ms
[156.639s][info][gc,heap        ] GC(164) Eden regions: 68->0(73)
[156.639s][info][gc,heap        ] GC(164) Survivor regions: 2->2(9)
[156.639s][info][gc,heap        ] GC(164) Old regions: 139->139
[156.639s][info][gc,heap        ] GC(164) Archive regions: 0->0
[156.639s][info][gc,heap        ] GC(164) Humongous regions: 269->269
[156.639s][info][gc,metaspace   ] GC(164) Metaspace: 118261K(119680K)->118261K(119680K) NonClass: 100472K(100928K)->100472K(100928K) Class: 17788K(18752K)->17788K(18752K)
[156.639s][info][gc             ] GC(164) Pause Young (Prepare Mixed) (G1 Evacuation Pause) 474M->406M(512M) 2.070ms
[156.639s][info][gc,cpu         ] GC(164) User=0.00s Sys=0.00s Real=0.00s
[156.651s][info][gc,start       ] GC(165) Pause Young (Mixed) (G1 Evacuation Pause)
[156.651s][info][gc,task        ] GC(165) Using 12 workers of 33 for evacuation
[156.653s][info][gc,phases      ] GC(165)   Pre Evacuate Collection Set: 0.1ms
[156.653s][info][gc,phases      ] GC(165)   Merge Heap Roots: 0.1ms
[156.653s][info][gc,phases      ] GC(165)   Evacuate Collection Set: 1.2ms
[156.653s][info][gc,phases      ] GC(165)   Post Evacuate Collection Set: 0.4ms
[156.653s][info][gc,phases      ] GC(165)   Other: 0.1ms
[156.653s][info][gc,heap        ] GC(165) Eden regions: 73->0(118)
[156.653s][info][gc,heap        ] GC(165) Survivor regions: 2->3(10)
[156.653s][info][gc,heap        ] GC(165) Old regions: 139->87
[156.653s][info][gc,heap        ] GC(165) Archive regions: 0->0
[156.653s][info][gc,heap        ] GC(165) Humongous regions: 275->274
[156.653s][info][gc,metaspace   ] GC(165) Metaspace: 118278K(119680K)->118278K(119680K) NonClass: 100489K(100928K)->100489K(100928K) Class: 17788K(18752K)->17788K(18752K)
[156.653s][info][gc             ] GC(165) Pause Young (Mixed) (G1 Evacuation Pause) 485M->360M(512M) 2.101ms
[156.653s][info][gc,cpu         ] GC(165) User=0.00s Sys=0.00s Real=0.00s
[156.662s][info][gc,start       ] GC(166) Pause Young (Mixed) (G1 Evacuation Pause)
[156.662s][info][gc,task        ] GC(166) Using 12 workers of 33 for evacuation
[156.664s][info][gc,phases      ] GC(166)   Pre Evacuate Collection Set: 0.1ms
[156.664s][info][gc,phases      ] GC(166)   Merge Heap Roots: 0.1ms
[156.664s][info][gc,phases      ] GC(166)   Evacuate Collection Set: 1.0ms
[156.664s][info][gc,phases      ] GC(166)   Post Evacuate Collection Set: 0.3ms
[156.664s][info][gc,phases      ] GC(166)   Other: 0.1ms
[156.664s][info][gc,heap        ] GC(166) Eden regions: 118->0(121)
[156.664s][info][gc,heap        ] GC(166) Survivor regions: 3->2(16)
[156.664s][info][gc,heap        ] GC(166) Old regions: 87->80
[156.664s][info][gc,heap        ] GC(166) Archive regions: 0->0
[156.664s][info][gc,heap        ] GC(166) Humongous regions: 282->280
[156.664s][info][gc,metaspace   ] GC(166) Metaspace: 118285K(119680K)->118285K(119680K) NonClass: 100496K(100928K)->100496K(100928K) Class: 17788K(18752K)->17788K(18752K)
[156.664s][info][gc             ] GC(166) Pause Young (Mixed) (G1 Evacuation Pause) 486M->358M(512M) 1.831ms
[156.664s][info][gc,cpu         ] GC(166) User=0.00s Sys=0.00s Real=0.00s
[156.665s][info][gc,start       ] GC(167) Pause Young (Concurrent Start) (G1 Humongous Allocation)
[156.665s][info][gc,task        ] GC(167) Using 12 workers of 33 for evacuation
[156.666s][info][gc,phases      ] GC(167)   Pre Evacuate Collection Set: 0.2ms
[156.666s][info][gc,phases      ] GC(167)   Merge Heap Roots: 0.0ms
[156.666s][info][gc,phases      ] GC(167)   Evacuate Collection Set: 1.2ms
[156.666s][info][gc,phases      ] GC(167)   Post Evacuate Collection Set: 0.3ms
[156.666s][info][gc,phases      ] GC(167)   Other: 0.1ms
[156.666s][info][gc,heap        ] GC(167) Eden regions: 6->0(121)
[156.666s][info][gc,heap        ] GC(167) Survivor regions: 2->2(16)
[156.666s][info][gc,heap        ] GC(167) Old regions: 80->80
[156.666s][info][gc,heap        ] GC(167) Archive regions: 0->0
[156.667s][info][gc,heap        ] GC(167) Humongous regions: 280->280
[156.667s][info][gc,metaspace   ] GC(167) Metaspace: 118285K(119680K)->118285K(119680K) NonClass: 100496K(100928K)->100496K(100928K) Class: 17788K(18752K)->17788K(18752K)
[156.667s][info][gc             ] GC(167) Pause Young (Concurrent Start) (G1 Humongous Allocation) 364M->358M(512M) 2.042ms
[156.667s][info][gc             ] GC(168) Concurrent Mark Cycle
[156.667s][info][gc,cpu         ] GC(167) User=0.00s Sys=0.00s Real=0.00s
[156.667s][info][gc,marking     ] GC(168) Concurrent Scan Root Regions
[156.672s][info][gc,marking     ] GC(168) Concurrent Scan Root Regions 5.436ms
[156.672s][info][gc,marking     ] GC(168) Concurrent Mark
[156.672s][info][gc,marking     ] GC(168) Concurrent Mark From Roots
[156.672s][info][gc,task        ] GC(168) Using 8 workers of 8 for marking
[156.676s][info][gc,start       ] GC(169) Pause Young (Normal) (G1 Evacuation Pause)
[156.676s][info][gc,task        ] GC(169) Using 12 workers of 33 for evacuation
[156.677s][info][gc,phases      ] GC(169)   Pre Evacuate Collection Set: 0.1ms
[156.677s][info][gc,phases      ] GC(169)   Merge Heap Roots: 0.1ms
[156.677s][info][gc,phases      ] GC(169)   Evacuate Collection Set: 0.9ms
[156.677s][info][gc,phases      ] GC(169)   Post Evacuate Collection Set: 0.3ms
[156.677s][info][gc,phases      ] GC(169)   Other: 0.1ms
[156.677s][info][gc,heap        ] GC(169) Eden regions: 121->0(113)
[156.677s][info][gc,heap        ] GC(169) Survivor regions: 2->2(13)
[156.677s][info][gc,heap        ] GC(169) Old regions: 80->80
[156.677s][info][gc,heap        ] GC(169) Archive regions: 0->0
[156.677s][info][gc,heap        ] GC(169) Humongous regions: 296->288
[156.677s][info][gc,metaspace   ] GC(169) Metaspace: 118285K(119680K)->118285K(119680K) NonClass: 100497K(100928K)->100497K(100928K) Class: 17788K(18752K)->17788K(18752K)
[156.677s][info][gc             ] GC(169) Pause Young (Normal) (G1 Evacuation Pause) 495M->366M(512M) 1.712ms
[156.678s][info][gc,cpu         ] GC(169) User=0.00s Sys=0.00s Real=0.00s
[156.688s][info][gc,start       ] GC(170) Pause Young (Normal) (G1 Evacuation Pause)
[156.688s][info][gc,task        ] GC(170) Using 12 workers of 33 for evacuation
[156.689s][info][gc,phases      ] GC(170)   Pre Evacuate Collection Set: 0.1ms
[156.690s][info][gc,phases      ] GC(170)   Merge Heap Roots: 0.1ms
[156.690s][info][gc,phases      ] GC(170)   Evacuate Collection Set: 1.1ms
[156.690s][info][gc,phases      ] GC(170)   Post Evacuate Collection Set: 0.3ms
[156.690s][info][gc,phases      ] GC(170)   Other: 0.1ms
[156.690s][info][gc,heap        ] GC(170) Eden regions: 113->0(109)
[156.690s][info][gc,heap        ] GC(170) Survivor regions: 2->2(15)
[156.690s][info][gc,heap        ] GC(170) Old regions: 80->80
[156.690s][info][gc,heap        ] GC(170) Archive regions: 0->0
[156.690s][info][gc,heap        ] GC(170) Humongous regions: 296->292
[156.690s][info][gc,metaspace   ] GC(170) Metaspace: 118291K(119744K)->118291K(119744K) NonClass: 100502K(100992K)->100502K(100992K) Class: 17788K(18752K)->17788K(18752K)
[156.690s][info][gc             ] GC(170) Pause Young (Normal) (G1 Evacuation Pause) 487M->370M(512M) 1.901ms
[156.690s][info][gc,cpu         ] GC(170) User=0.00s Sys=0.00s Real=0.00s
[156.700s][info][gc,start       ] GC(171) Pause Young (Normal) (G1 Evacuation Pause)
[156.700s][info][gc,task        ] GC(171) Using 12 workers of 33 for evacuation
[156.702s][info][gc,phases      ] GC(171)   Pre Evacuate Collection Set: 0.1ms
[156.702s][info][gc,phases      ] GC(171)   Merge Heap Roots: 0.1ms
[156.702s][info][gc,phases      ] GC(171)   Evacuate Collection Set: 1.4ms
[156.702s][info][gc,phases      ] GC(171)   Post Evacuate Collection Set: 0.3ms
[156.702s][info][gc,phases      ] GC(171)   Other: 0.1ms
[156.702s][info][gc,heap        ] GC(171) Eden regions: 109->0(103)
[156.702s][info][gc,heap        ] GC(171) Survivor regions: 2->2(14)
[156.702s][info][gc,heap        ] GC(171) Old regions: 80->80
[156.702s][info][gc,heap        ] GC(171) Archive regions: 0->0
[156.702s][info][gc,heap        ] GC(171) Humongous regions: 300->298
[156.702s][info][gc,metaspace   ] GC(171) Metaspace: 118319K(119744K)->118319K(119744K) NonClass: 100531K(100992K)->100531K(100992K) Class: 17788K(18752K)->17788K(18752K)
[156.702s][info][gc             ] GC(171) Pause Young (Normal) (G1 Evacuation Pause) 487M->376M(512M) 2.244ms
[156.702s][info][gc,cpu         ] GC(171) User=0.00s Sys=0.00s Real=0.00s
[156.707s][info][gc,marking     ] GC(168) Concurrent Mark From Roots 34.572ms
[156.707s][info][gc,marking     ] GC(168) Concurrent Preclean
[156.708s][info][gc,marking     ] GC(168) Concurrent Preclean 1.559ms
[156.709s][info][gc,start       ] GC(168) Pause Remark
[156.711s][info][gc             ] GC(168) Pause Remark 459M->451M(512M) 1.657ms
[156.711s][info][gc,cpu         ] GC(168) User=0.00s Sys=0.00s Real=0.00s
[156.711s][info][gc,marking     ] GC(168) Concurrent Mark 39.097ms
[156.711s][info][gc,marking     ] GC(168) Concurrent Rebuild Remembered Sets and Scrub Regions
[156.714s][info][gc,start       ] GC(172) Pause Young (Normal) (G1 Humongous Allocation)
[156.714s][info][gc,task        ] GC(172) Using 12 workers of 33 for evacuation
[156.716s][info][gc,phases      ] GC(172)   Pre Evacuate Collection Set: 0.1ms
[156.716s][info][gc,phases      ] GC(172)   Merge Heap Roots: 0.1ms
[156.716s][info][gc,phases      ] GC(172)   Evacuate Collection Set: 0.8ms
[156.716s][info][gc,phases      ] GC(172)   Post Evacuate Collection Set: 0.3ms
[156.716s][info][gc,phases      ] GC(172)   Other: 0.1ms
[156.716s][info][gc,heap        ] GC(172) Eden regions: 98->0(107)
[156.716s][info][gc,heap        ] GC(172) Survivor regions: 2->2(14)
[156.716s][info][gc,heap        ] GC(172) Old regions: 74->74
[156.716s][info][gc,heap        ] GC(172) Archive regions: 0->0
[156.716s][info][gc,heap        ] GC(172) Humongous regions: 308->300
[156.716s][info][gc,metaspace   ] GC(172) Metaspace: 118331K(119744K)->118331K(119744K) NonClass: 100542K(100992K)->100542K(100992K) Class: 17789K(18752K)->17789K(18752K)
[156.716s][info][gc             ] GC(172) Pause Young (Normal) (G1 Humongous Allocation) 478M->372M(512M) 1.572ms
[156.716s][info][gc,cpu         ] GC(172) User=0.00s Sys=0.00s Real=0.00s
[156.725s][info][gc,marking     ] GC(168) Concurrent Rebuild Remembered Sets and Scrub Regions 13.191ms
[156.725s][info][gc,start       ] GC(168) Pause Cleanup
[156.725s][info][gc             ] GC(168) Pause Cleanup 480M->480M(512M) 0.228ms
[156.725s][info][gc,cpu         ] GC(168) User=0.00s Sys=0.00s Real=0.00s
[156.725s][info][gc,marking     ] GC(168) Concurrent Clear Claimed Marks
[156.726s][info][gc,marking     ] GC(168) Concurrent Clear Claimed Marks 0.294ms
[156.726s][info][gc,marking     ] GC(168) Concurrent Cleanup for Next Mark
[156.727s][info][gc,marking     ] GC(168) Concurrent Cleanup for Next Mark 1.288ms
[156.727s][info][gc             ] GC(168) Concurrent Mark Cycle 60.480ms
[156.728s][info][gc,start       ] GC(173) Pause Young (Prepare Mixed) (G1 Evacuation Pause)
[156.728s][info][gc,task        ] GC(173) Using 12 workers of 33 for evacuation
[156.730s][info][gc,phases      ] GC(173)   Pre Evacuate Collection Set: 0.1ms
[156.730s][info][gc,phases      ] GC(173)   Merge Heap Roots: 0.2ms
[156.730s][info][gc,phases      ] GC(173)   Evacuate Collection Set: 0.8ms
[156.730s][info][gc,phases      ] GC(173)   Post Evacuate Collection Set: 0.4ms
[156.730s][info][gc,phases      ] GC(173)   Other: 0.1ms
[156.730s][info][gc,heap        ] GC(173) Eden regions: 107->0(95)
[156.730s][info][gc,heap        ] GC(173) Survivor regions: 2->1(1)
[156.730s][info][gc,heap        ] GC(173) Old regions: 74->74
[156.730s][info][gc,heap        ] GC(173) Archive regions: 0->0
[156.730s][info][gc,heap        ] GC(173) Humongous regions: 328->314
[156.730s][info][gc,metaspace   ] GC(173) Metaspace: 118337K(119744K)->118337K(119744K) NonClass: 100547K(100992K)->100547K(100992K) Class: 17790K(18752K)->17790K(18752K)
[156.730s][info][gc             ] GC(173) Pause Young (Prepare Mixed) (G1 Evacuation Pause) 507M->386M(512M) 1.736ms
[156.730s][info][gc,cpu         ] GC(173) User=0.00s Sys=0.00s Real=0.00s
[156.738s][info][gc,start       ] GC(174) Pause Young (Mixed) (G1 Evacuation Pause)
[156.738s][info][gc,task        ] GC(174) Using 12 workers of 33 for evacuation
[156.740s][info][gc,phases      ] GC(174)   Pre Evacuate Collection Set: 0.1ms
[156.740s][info][gc,phases      ] GC(174)   Merge Heap Roots: 0.1ms
[156.740s][info][gc,phases      ] GC(174)   Evacuate Collection Set: 1.0ms
[156.740s][info][gc,phases      ] GC(174)   Post Evacuate Collection Set: 0.3ms
[156.740s][info][gc,phases      ] GC(174)   Other: 0.1ms
[156.740s][info][gc,heap        ] GC(174) Eden regions: 95->0(93)
[156.740s][info][gc,heap        ] GC(174) Survivor regions: 1->1(12)
[156.740s][info][gc,heap        ] GC(174) Old regions: 74->70
[156.740s][info][gc,heap        ] GC(174) Archive regions: 0->0
[156.740s][info][gc,heap        ] GC(174) Humongous regions: 322->320
[156.740s][info][gc,metaspace   ] GC(174) Metaspace: 118344K(119744K)->118344K(119744K) NonClass: 100553K(100992K)->100553K(100992K) Class: 17790K(18752K)->17790K(18752K)
[156.740s][info][gc             ] GC(174) Pause Young (Mixed) (G1 Evacuation Pause) 489M->388M(512M) 1.811ms
[156.740s][info][gc,cpu         ] GC(174) User=0.00s Sys=0.00s Real=0.00s
[156.748s][info][gc,start       ] GC(175) Pause Young (Concurrent Start) (G1 Evacuation Pause)
[156.748s][info][gc,task        ] GC(175) Using 12 workers of 33 for evacuation
[156.749s][info][gc,phases      ] GC(175)   Pre Evacuate Collection Set: 0.2ms
[156.750s][info][gc,phases      ] GC(175)   Merge Heap Roots: 0.1ms
[156.750s][info][gc,phases      ] GC(175)   Evacuate Collection Set: 1.2ms
[156.750s][info][gc,phases      ] GC(175)   Post Evacuate Collection Set: 0.4ms
[156.750s][info][gc,phases      ] GC(175)   Other: 0.1ms
[156.750s][info][gc,heap        ] GC(175) Eden regions: 93->0(93)
[156.750s][info][gc,heap        ] GC(175) Survivor regions: 1->1(12)
[156.750s][info][gc,heap        ] GC(175) Old regions: 70->70
[156.750s][info][gc,heap        ] GC(175) Archive regions: 0->0
[156.750s][info][gc,heap        ] GC(175) Humongous regions: 320->320
[156.750s][info][gc,metaspace   ] GC(175) Metaspace: 118455K(119872K)->118455K(119872K) NonClass: 100631K(101120K)->100631K(101120K) Class: 17824K(18752K)->17824K(18752K)
[156.750s][info][gc             ] GC(175) Pause Young (Concurrent Start) (G1 Evacuation Pause) 481M->388M(512M) 2.119ms
[156.750s][info][gc             ] GC(176) Concurrent Mark Cycle
[156.750s][info][gc,cpu         ] GC(175) User=0.00s Sys=0.00s Real=0.00s
[156.750s][info][gc,marking     ] GC(176) Concurrent Scan Root Regions
[156.754s][info][gc,marking     ] GC(176) Concurrent Scan Root Regions 4.630ms
[156.754s][info][gc,marking     ] GC(176) Concurrent Mark
[156.754s][info][gc,marking     ] GC(176) Concurrent Mark From Roots
[156.754s][info][gc,task        ] GC(176) Using 8 workers of 8 for marking
[156.758s][info][gc,start       ] GC(177) Pause Young (Normal) (G1 Evacuation Pause)
[156.758s][info][gc,task        ] GC(177) Using 12 workers of 33 for evacuation
[156.760s][info][gc,phases      ] GC(177)   Pre Evacuate Collection Set: 0.1ms
[156.760s][info][gc,phases      ] GC(177)   Merge Heap Roots: 0.1ms
[156.760s][info][gc,phases      ] GC(177)   Evacuate Collection Set: 1.2ms
[156.760s][info][gc,phases      ] GC(177)   Post Evacuate Collection Set: 0.4ms
[156.760s][info][gc,phases      ] GC(177)   Other: 0.1ms
[156.760s][info][gc,heap        ] GC(177) Eden regions: 93->0(91)
[156.760s][info][gc,heap        ] GC(177) Survivor regions: 1->2(12)
[156.760s][info][gc,heap        ] GC(177) Old regions: 70->70
[156.760s][info][gc,heap        ] GC(177) Archive regions: 0->0
[156.760s][info][gc,heap        ] GC(177) Humongous regions: 320->320
[156.760s][info][gc,metaspace   ] GC(177) Metaspace: 118625K(120000K)->118625K(120000K) NonClass: 100757K(101248K)->100757K(101248K) Class: 17868K(18752K)->17868K(18752K)
[156.760s][info][gc             ] GC(177) Pause Young (Normal) (G1 Evacuation Pause) 481M->388M(512M) 2.011ms
[156.760s][info][gc,cpu         ] GC(177) User=0.00s Sys=0.00s Real=0.00s
[156.769s][info][gc,start       ] GC(178) Pause Young (Normal) (G1 Evacuation Pause)
[156.769s][info][gc,task        ] GC(178) Using 12 workers of 33 for evacuation
[156.770s][info][gc,phases      ] GC(178)   Pre Evacuate Collection Set: 0.1ms
[156.770s][info][gc,phases      ] GC(178)   Merge Heap Roots: 0.1ms
[156.770s][info][gc,phases      ] GC(178)   Evacuate Collection Set: 0.9ms
[156.770s][info][gc,phases      ] GC(178)   Post Evacuate Collection Set: 0.4ms
[156.770s][info][gc,phases      ] GC(178)   Other: 0.1ms
[156.770s][info][gc,heap        ] GC(178) Eden regions: 91->0(91)
[156.770s][info][gc,heap        ] GC(178) Survivor regions: 2->2(12)
[156.770s][info][gc,heap        ] GC(178) Old regions: 70->70
[156.770s][info][gc,heap        ] GC(178) Archive regions: 0->0
[156.770s][info][gc,heap        ] GC(178) Humongous regions: 320->320
[156.770s][info][gc,metaspace   ] GC(178) Metaspace: 118818K(120192K)->118818K(120192K) NonClass: 100889K(101440K)->100889K(101440K) Class: 17928K(18752K)->17928K(18752K)
[156.770s][info][gc             ] GC(178) Pause Young (Normal) (G1 Evacuation Pause) 479M->388M(512M) 1.720ms
[156.770s][info][gc,cpu         ] GC(178) User=0.00s Sys=0.00s Real=0.00s
[156.780s][info][gc,start       ] GC(179) Pause Young (Normal) (G1 Evacuation Pause)
[156.780s][info][gc,task        ] GC(179) Using 12 workers of 33 for evacuation
[156.782s][info][gc,phases      ] GC(179)   Pre Evacuate Collection Set: 0.1ms
[156.782s][info][gc,phases      ] GC(179)   Merge Heap Roots: 0.1ms
[156.782s][info][gc,phases      ] GC(179)   Evacuate Collection Set: 1.1ms
[156.782s][info][gc,phases      ] GC(179)   Post Evacuate Collection Set: 0.3ms
[156.782s][info][gc,phases      ] GC(179)   Other: 0.1ms
[156.782s][info][gc,heap        ] GC(179) Eden regions: 91->0(91)
[156.782s][info][gc,heap        ] GC(179) Survivor regions: 2->2(12)
[156.782s][info][gc,heap        ] GC(179) Old regions: 70->70
[156.782s][info][gc,heap        ] GC(179) Archive regions: 0->0
[156.782s][info][gc,heap        ] GC(179) Humongous regions: 320->320
[156.782s][info][gc,metaspace   ] GC(179) Metaspace: 118829K(120192K)->118829K(120192K) NonClass: 100898K(101440K)->100898K(101440K) Class: 17930K(18752K)->17930K(18752K)
[156.782s][info][gc             ] GC(179) Pause Young (Normal) (G1 Evacuation Pause) 479M->388M(512M) 1.933ms
[156.782s][info][gc,cpu         ] GC(179) User=0.00s Sys=0.00s Real=0.00s
[156.792s][info][gc,marking     ] GC(176) Concurrent Mark From Roots 37.682ms
[156.792s][info][gc,marking     ] GC(176) Concurrent Preclean
[156.794s][info][gc,start       ] GC(180) Pause Young (Normal) (G1 Evacuation Pause)
[156.795s][info][gc,task        ] GC(180) Using 12 workers of 33 for evacuation
[156.796s][info][gc,phases      ] GC(180)   Pre Evacuate Collection Set: 0.1ms
[156.796s][info][gc,phases      ] GC(180)   Merge Heap Roots: 0.1ms
[156.796s][info][gc,phases      ] GC(180)   Evacuate Collection Set: 1.0ms
[156.796s][info][gc,phases      ] GC(180)   Post Evacuate Collection Set: 0.3ms
[156.796s][info][gc,phases      ] GC(180)   Other: 0.1ms
[156.796s][info][gc,heap        ] GC(180) Eden regions: 91->0(81)
[156.796s][info][gc,heap        ] GC(180) Survivor regions: 2->2(12)
[156.796s][info][gc,heap        ] GC(180) Old regions: 70->70
[156.796s][info][gc,heap        ] GC(180) Archive regions: 0->0
[156.796s][info][gc,heap        ] GC(180) Humongous regions: 334->330
[156.796s][info][gc,metaspace   ] GC(180) Metaspace: 118829K(120192K)->118829K(120192K) NonClass: 100898K(101440K)->100898K(101440K) Class: 17930K(18752K)->17930K(18752K)
[156.796s][info][gc             ] GC(180) Pause Young (Normal) (G1 Evacuation Pause) 493M->398M(512M) 1.755ms
[156.796s][info][gc,cpu         ] GC(180) User=0.00s Sys=0.00s Real=0.00s
[156.798s][info][gc,marking     ] GC(176) Concurrent Preclean 5.330ms
[156.798s][info][gc,start       ] GC(176) Pause Remark
[156.799s][info][gc             ] GC(176) Pause Remark 414M->412M(512M) 1.498ms
[156.800s][info][gc,cpu         ] GC(176) User=0.00s Sys=0.00s Real=0.00s
[156.800s][info][gc,marking     ] GC(176) Concurrent Mark 45.262ms
[156.800s][info][gc,marking     ] GC(176) Concurrent Rebuild Remembered Sets and Scrub Regions
[156.808s][info][gc,marking     ] GC(176) Concurrent Rebuild Remembered Sets and Scrub Regions 8.422ms
[156.809s][info][gc,start       ] GC(176) Pause Cleanup
[156.809s][info][gc             ] GC(176) Pause Cleanup 476M->476M(512M) 0.207ms
[156.809s][info][gc,cpu         ] GC(176) User=0.00s Sys=0.00s Real=0.00s
[156.810s][info][gc,marking     ] GC(176) Concurrent Clear Claimed Marks
[156.810s][info][gc,marking     ] GC(176) Concurrent Clear Claimed Marks 0.385ms
[156.810s][info][gc,marking     ] GC(176) Concurrent Cleanup for Next Mark
[156.811s][info][gc,marking     ] GC(176) Concurrent Cleanup for Next Mark 1.065ms
[156.811s][info][gc             ] GC(176) Concurrent Mark Cycle 61.746ms
[156.812s][info][gc,start       ] GC(181) Pause Young (Prepare Mixed) (G1 Evacuation Pause)
[156.812s][info][gc,task        ] GC(181) Using 12 workers of 33 for evacuation
[156.814s][info][gc,phases      ] GC(181)   Pre Evacuate Collection Set: 0.1ms
[156.814s][info][gc,phases      ] GC(181)   Merge Heap Roots: 0.2ms
[156.814s][info][gc,phases      ] GC(181)   Evacuate Collection Set: 0.9ms
[156.814s][info][gc,phases      ] GC(181)   Post Evacuate Collection Set: 0.3ms
[156.814s][info][gc,phases      ] GC(181)   Other: 0.1ms
[156.814s][info][gc,heap        ] GC(181) Eden regions: 81->0(81)
[156.814s][info][gc,heap        ] GC(181) Survivor regions: 2->2(11)
[156.814s][info][gc,heap        ] GC(181) Old regions: 70->70
[156.814s][info][gc,heap        ] GC(181) Archive regions: 0->0
[156.814s][info][gc,heap        ] GC(181) Humongous regions: 342->330
[156.814s][info][gc,metaspace   ] GC(181) Metaspace: 118829K(120192K)->118829K(120192K) NonClass: 100899K(101440K)->100899K(101440K) Class: 17930K(18752K)->17930K(18752K)
[156.814s][info][gc             ] GC(181) Pause Young (Prepare Mixed) (G1 Evacuation Pause) 491M->399M(512M) 1.803ms
[156.814s][info][gc,cpu         ] GC(181) User=0.00s Sys=0.00s Real=0.00s
[156.823s][info][gc,start       ] GC(182) Pause Young (Mixed) (G1 Evacuation Pause)
[156.823s][info][gc,task        ] GC(182) Using 12 workers of 33 for evacuation
[156.825s][info][gc,phases      ] GC(182)   Pre Evacuate Collection Set: 0.1ms
[156.825s][info][gc,phases      ] GC(182)   Merge Heap Roots: 0.1ms
[156.825s][info][gc,phases      ] GC(182)   Evacuate Collection Set: 1.0ms
[156.825s][info][gc,phases      ] GC(182)   Post Evacuate Collection Set: 0.3ms
[156.825s][info][gc,phases      ] GC(182)   Other: 0.1ms
[156.825s][info][gc,heap        ] GC(182) Eden regions: 81->0(78)
[156.825s][info][gc,heap        ] GC(182) Survivor regions: 2->2(11)
[156.825s][info][gc,heap        ] GC(182) Old regions: 70->66
[156.825s][info][gc,heap        ] GC(182) Archive regions: 0->0
[156.825s][info][gc,heap        ] GC(182) Humongous regions: 337->337
[156.825s][info][gc,metaspace   ] GC(182) Metaspace: 118829K(120192K)->118829K(120192K) NonClass: 100899K(101440K)->100899K(101440K) Class: 17930K(18752K)->17930K(18752K)
[156.825s][info][gc             ] GC(182) Pause Young (Mixed) (G1 Evacuation Pause) 487M->402M(512M) 1.734ms
[156.825s][info][gc,cpu         ] GC(182) User=0.00s Sys=0.00s Real=0.00s
[156.826s][info][gc,start       ] GC(183) Pause Young (Concurrent Start) (G1 Humongous Allocation)
[156.827s][info][gc,task        ] GC(183) Using 12 workers of 33 for evacuation
[156.828s][info][gc,phases      ] GC(183)   Pre Evacuate Collection Set: 0.2ms
[156.828s][info][gc,phases      ] GC(183)   Merge Heap Roots: 0.0ms
[156.828s][info][gc,phases      ] GC(183)   Evacuate Collection Set: 1.2ms
[156.828s][info][gc,phases      ] GC(183)   Post Evacuate Collection Set: 0.3ms
[156.828s][info][gc,phases      ] GC(183)   Other: 0.1ms
[156.828s][info][gc,heap        ] GC(183) Eden regions: 6->0(78)
[156.828s][info][gc,heap        ] GC(183) Survivor regions: 2->2(10)
[156.828s][info][gc,heap        ] GC(183) Old regions: 66->66
[156.828s][info][gc,heap        ] GC(183) Archive regions: 0->0
[156.828s][info][gc,heap        ] GC(183) Humongous regions: 337->337
[156.828s][info][gc,metaspace   ] GC(183) Metaspace: 118829K(120192K)->118829K(120192K) NonClass: 100899K(101440K)->100899K(101440K) Class: 17930K(18752K)->17930K(18752K)
[156.828s][info][gc             ] GC(183) Pause Young (Concurrent Start) (G1 Humongous Allocation) 407M->402M(512M) 2.007ms
[156.829s][info][gc             ] GC(184) Concurrent Mark Cycle
[156.829s][info][gc,cpu         ] GC(183) User=0.00s Sys=0.00s Real=0.00s
[156.829s][info][gc,marking     ] GC(184) Concurrent Scan Root Regions
[156.835s][info][gc,marking     ] GC(184) Concurrent Scan Root Regions 6.549ms
[156.835s][info][gc,marking     ] GC(184) Concurrent Mark
[156.835s][info][gc,marking     ] GC(184) Concurrent Mark From Roots
[156.835s][info][gc,task        ] GC(184) Using 8 workers of 8 for marking
[156.836s][info][gc,start       ] GC(185) Pause Young (Normal) (G1 Humongous Allocation)
[156.836s][info][gc,task        ] GC(185) Using 12 workers of 33 for evacuation
[156.837s][info][gc,phases      ] GC(185)   Pre Evacuate Collection Set: 0.1ms
[156.837s][info][gc,phases      ] GC(185)   Merge Heap Roots: 0.0ms
[156.837s][info][gc,phases      ] GC(185)   Evacuate Collection Set: 0.8ms
[156.837s][info][gc,phases      ] GC(185)   Post Evacuate Collection Set: 0.3ms
[156.837s][info][gc,phases      ] GC(185)   Other: 0.1ms
[156.837s][info][gc,heap        ] GC(185) Eden regions: 50->0(72)
[156.837s][info][gc,heap        ] GC(185) Survivor regions: 2->2(10)
[156.837s][info][gc,heap        ] GC(185) Old regions: 66->66
[156.837s][info][gc,heap        ] GC(185) Archive regions: 0->0
[156.837s][info][gc,heap        ] GC(185) Humongous regions: 351->343
[156.837s][info][gc,metaspace   ] GC(185) Metaspace: 118829K(120192K)->118829K(120192K) NonClass: 100899K(101440K)->100899K(101440K) Class: 17930K(18752K)->17930K(18752K)
[156.837s][info][gc             ] GC(185) Pause Young (Normal) (G1 Humongous Allocation) 466M->408M(512M) 1.540ms
[156.837s][info][gc,cpu         ] GC(185) User=0.00s Sys=0.00s Real=0.00s
[156.847s][info][gc,start       ] GC(186) Pause Young (Normal) (G1 Humongous Allocation)
[156.847s][info][gc,task        ] GC(186) Using 12 workers of 33 for evacuation
[156.849s][info][gc,phases      ] GC(186)   Pre Evacuate Collection Set: 0.1ms
[156.849s][info][gc,phases      ] GC(186)   Merge Heap Roots: 0.0ms
[156.849s][info][gc,phases      ] GC(186)   Evacuate Collection Set: 0.8ms
[156.849s][info][gc,phases      ] GC(186)   Post Evacuate Collection Set: 0.3ms
[156.849s][info][gc,phases      ] GC(186)   Other: 0.1ms
[156.849s][info][gc,heap        ] GC(186) Eden regions: 50->0(62)
[156.849s][info][gc,heap        ] GC(186) Survivor regions: 2->2(10)
[156.849s][info][gc,heap        ] GC(186) Old regions: 66->66
[156.849s][info][gc,heap        ] GC(186) Archive regions: 0->0
[156.849s][info][gc,heap        ] GC(186) Humongous regions: 357->353
[156.849s][info][gc,metaspace   ] GC(186) Metaspace: 118830K(120192K)->118830K(120192K) NonClass: 100899K(101440K)->100899K(101440K) Class: 17930K(18752K)->17930K(18752K)
[156.849s][info][gc             ] GC(186) Pause Young (Normal) (G1 Humongous Allocation) 472M->418M(512M) 1.517ms
[156.849s][info][gc,cpu         ] GC(186) User=0.00s Sys=0.00s Real=0.00s
[156.858s][info][gc,start       ] GC(187) Pause Young (Normal) (G1 Humongous Allocation)
[156.858s][info][gc,task        ] GC(187) Using 12 workers of 33 for evacuation
[156.860s][info][gc,phases      ] GC(187)   Pre Evacuate Collection Set: 0.1ms
[156.860s][info][gc,phases      ] GC(187)   Merge Heap Roots: 0.1ms
[156.860s][info][gc,phases      ] GC(187)   Evacuate Collection Set: 0.9ms
[156.860s][info][gc,phases      ] GC(187)   Post Evacuate Collection Set: 0.3ms
[156.860s][info][gc,phases      ] GC(187)   Other: 0.1ms
[156.860s][info][gc,heap        ] GC(187) Eden regions: 48->0(67)
[156.860s][info][gc,heap        ] GC(187) Survivor regions: 2->2(8)
[156.860s][info][gc,heap        ] GC(187) Old regions: 66->66
[156.860s][info][gc,heap        ] GC(187) Archive regions: 0->0
[156.860s][info][gc,heap        ] GC(187) Humongous regions: 360->348
[156.860s][info][gc,metaspace   ] GC(187) Metaspace: 118837K(120192K)->118837K(120192K) NonClass: 100907K(101440K)->100907K(101440K) Class: 17930K(18752K)->17930K(18752K)
[156.860s][info][gc             ] GC(187) Pause Young (Normal) (G1 Humongous Allocation) 473M->413M(512M) 1.716ms
[156.860s][info][gc,cpu         ] GC(187) User=0.00s Sys=0.00s Real=0.00s
[156.878s][info][gc,start       ] GC(188) Pause Young (Normal) (G1 Humongous Allocation)
[156.879s][info][gc,task        ] GC(188) Using 12 workers of 33 for evacuation
[156.880s][info][gc,phases      ] GC(188)   Pre Evacuate Collection Set: 0.1ms
[156.880s][info][gc,phases      ] GC(188)   Merge Heap Roots: 0.1ms
[156.880s][info][gc,phases      ] GC(188)   Evacuate Collection Set: 0.9ms
[156.880s][info][gc,phases      ] GC(188)   Post Evacuate Collection Set: 0.3ms
[156.880s][info][gc,phases      ] GC(188)   Other: 0.1ms
[156.880s][info][gc,heap        ] GC(188) Eden regions: 23->0(53)
[156.880s][info][gc,heap        ] GC(188) Survivor regions: 2->2(9)
[156.880s][info][gc,heap        ] GC(188) Old regions: 66->66
[156.880s][info][gc,heap        ] GC(188) Archive regions: 0->0
[156.880s][info][gc,heap        ] GC(188) Humongous regions: 362->362
[156.880s][info][gc,metaspace   ] GC(188) Metaspace: 118847K(120192K)->118847K(120192K) NonClass: 100917K(101440K)->100917K(101440K) Class: 17930K(18752K)->17930K(18752K)
[156.880s][info][gc             ] GC(188) Pause Young (Normal) (G1 Humongous Allocation) 449M->427M(512M) 1.720ms
[156.880s][info][gc,cpu         ] GC(188) User=0.00s Sys=0.00s Real=0.00s
[156.883s][info][gc,start       ] GC(189) Pause Young (Normal) (G1 Humongous Allocation)
[156.883s][info][gc,task        ] GC(189) Using 12 workers of 33 for evacuation
[156.885s][info][gc,phases      ] GC(189)   Pre Evacuate Collection Set: 0.1ms
[156.885s][info][gc,phases      ] GC(189)   Merge Heap Roots: 0.0ms
[156.885s][info][gc,phases      ] GC(189)   Evacuate Collection Set: 0.9ms
[156.885s][info][gc,phases      ] GC(189)   Post Evacuate Collection Set: 0.3ms
[156.885s][info][gc,phases      ] GC(189)   Other: 0.1ms
[156.885s][info][gc,heap        ] GC(189) Eden regions: 10->0(46)
[156.885s][info][gc,heap        ] GC(189) Survivor regions: 2->2(7)
[156.885s][info][gc,heap        ] GC(189) Old regions: 66->66
[156.885s][info][gc,heap        ] GC(189) Archive regions: 0->0
[156.885s][info][gc,heap        ] GC(189) Humongous regions: 369->369
[156.885s][info][gc,metaspace   ] GC(189) Metaspace: 118847K(120192K)->118847K(120192K) NonClass: 100917K(101440K)->100917K(101440K) Class: 17930K(18752K)->17930K(18752K)
[156.885s][info][gc             ] GC(189) Pause Young (Normal) (G1 Humongous Allocation) 444M->434M(512M) 1.677ms
[156.885s][info][gc,cpu         ] GC(189) User=0.00s Sys=0.00s Real=0.00s
[156.891s][info][gc,start       ] GC(190) Pause Young (Normal) (G1 Evacuation Pause)
[156.891s][info][gc,task        ] GC(190) Using 12 workers of 33 for evacuation
[156.893s][info][gc,phases      ] GC(190)   Pre Evacuate Collection Set: 0.1ms
[156.893s][info][gc,phases      ] GC(190)   Merge Heap Roots: 0.1ms
[156.893s][info][gc,phases      ] GC(190)   Evacuate Collection Set: 1.0ms
[156.893s][info][gc,phases      ] GC(190)   Post Evacuate Collection Set: 0.4ms
[156.893s][info][gc,phases      ] GC(190)   Other: 0.1ms
[156.893s][info][gc,heap        ] GC(190) Eden regions: 46->0(51)
[156.893s][info][gc,heap        ] GC(190) Survivor regions: 2->2(6)
[156.893s][info][gc,heap        ] GC(190) Old regions: 66->66
[156.893s][info][gc,heap        ] GC(190) Archive regions: 0->0
[156.893s][info][gc,heap        ] GC(190) Humongous regions: 376->364
[156.893s][info][gc,metaspace   ] GC(190) Metaspace: 118848K(120192K)->118848K(120192K) NonClass: 100918K(101440K)->100918K(101440K) Class: 17930K(18752K)->17930K(18752K)
[156.893s][info][gc             ] GC(190) Pause Young (Normal) (G1 Evacuation Pause) 487M->429M(512M) 1.922ms
[156.893s][info][gc,cpu         ] GC(190) User=0.00s Sys=0.00s Real=0.00s
[156.894s][info][gc,marking     ] GC(184) Concurrent Mark From Roots 59.176ms
[156.894s][info][gc,marking     ] GC(184) Concurrent Preclean
[156.897s][info][gc,marking     ] GC(184) Concurrent Preclean 2.092ms
[156.897s][info][gc,start       ] GC(184) Pause Remark
[156.898s][info][gc             ] GC(184) Pause Remark 453M->453M(512M) 1.751ms
[156.899s][info][gc,cpu         ] GC(184) User=0.00s Sys=0.00s Real=0.00s
[156.899s][info][gc,marking     ] GC(184) Concurrent Mark 63.623ms
[156.899s][info][gc,marking     ] GC(184) Concurrent Rebuild Remembered Sets and Scrub Regions
[156.904s][info][gc,start       ] GC(191) Pause Young (Normal) (G1 Evacuation Pause)
[156.904s][info][gc,task        ] GC(191) Using 12 workers of 33 for evacuation
[156.905s][info][gc,phases      ] GC(191)   Pre Evacuate Collection Set: 0.1ms
[156.905s][info][gc,phases      ] GC(191)   Merge Heap Roots: 0.2ms
[156.905s][info][gc,phases      ] GC(191)   Evacuate Collection Set: 0.8ms
[156.905s][info][gc,phases      ] GC(191)   Post Evacuate Collection Set: 0.3ms
[156.905s][info][gc,phases      ] GC(191)   Other: 0.1ms
[156.905s][info][gc,heap        ] GC(191) Eden regions: 51->0(51)
[156.905s][info][gc,heap        ] GC(191) Survivor regions: 2->2(7)
[156.905s][info][gc,heap        ] GC(191) Old regions: 66->66
[156.905s][info][gc,heap        ] GC(191) Archive regions: 0->0
[156.905s][info][gc,heap        ] GC(191) Humongous regions: 364->364
[156.905s][info][gc,metaspace   ] GC(191) Metaspace: 118866K(120256K)->118866K(120256K) NonClass: 100936K(101504K)->100936K(101504K) Class: 17930K(18752K)->17930K(18752K)
[156.905s][info][gc             ] GC(191) Pause Young (Normal) (G1 Evacuation Pause) 480M->429M(512M) 1.748ms
[156.905s][info][gc,cpu         ] GC(191) User=0.00s Sys=0.00s Real=0.00s
[156.909s][info][gc,start       ] GC(192) Pause Young (Normal) (G1 Humongous Allocation)
[156.909s][info][gc,task        ] GC(192) Using 12 workers of 33 for evacuation
[156.911s][info][gc,phases      ] GC(192)   Pre Evacuate Collection Set: 0.1ms
[156.911s][info][gc,phases      ] GC(192)   Merge Heap Roots: 0.1ms
[156.911s][info][gc,phases      ] GC(192)   Evacuate Collection Set: 0.8ms
[156.911s][info][gc,phases      ] GC(192)   Post Evacuate Collection Set: 0.3ms
[156.911s][info][gc,phases      ] GC(192)   Other: 0.1ms
[156.911s][info][gc,heap        ] GC(192) Eden regions: 17->0(46)
[156.911s][info][gc,heap        ] GC(192) Survivor regions: 2->2(7)
[156.911s][info][gc,heap        ] GC(192) Old regions: 66->67
[156.911s][info][gc,heap        ] GC(192) Archive regions: 0->0
[156.911s][info][gc,heap        ] GC(192) Humongous regions: 368->368
[156.911s][info][gc,metaspace   ] GC(192) Metaspace: 118869K(120256K)->118869K(120256K) NonClass: 100939K(101504K)->100939K(101504K) Class: 17930K(18752K)->17930K(18752K)
[156.911s][info][gc             ] GC(192) Pause Young (Normal) (G1 Humongous Allocation) 450M->433M(512M) 1.553ms
[156.911s][info][gc,cpu         ] GC(192) User=0.00s Sys=0.00s Real=0.00s
[156.911s][info][gc,ergo        ] Attempting full compaction
[156.911s][info][gc,start       ] GC(193) Pause Full (G1 Compaction Pause)
[156.911s][info][gc,task        ] GC(193) Using 12 workers of 33 for full compaction
[156.912s][info][gc,phases,start] GC(193) Phase 1: Mark live objects
[156.940s][info][gc,phases      ] GC(193) Phase 1: Mark live objects 28.527ms
[156.940s][info][gc,phases,start] GC(193) Phase 2: Prepare compaction
[156.942s][info][gc,phases      ] GC(193) Phase 2: Prepare compaction 1.603ms
[156.942s][info][gc,phases,start] GC(193) Phase 3: Adjust pointers
[156.946s][info][gc,phases      ] GC(193) Phase 3: Adjust pointers 4.060ms
[156.946s][info][gc,phases,start] GC(193) Phase 4: Compact heap
[156.947s][info][gc,phases      ] GC(193) Phase 4: Compact heap 0.865ms
[156.951s][info][gc,heap        ] GC(193) Eden regions: 0->0(63)
[156.951s][info][gc,heap        ] GC(193) Survivor regions: 2->0(7)
[156.951s][info][gc,heap        ] GC(193) Old regions: 67->58
[156.951s][info][gc,heap        ] GC(193) Archive regions: 0->0
[156.951s][info][gc,heap        ] GC(193) Humongous regions: 368->364
[156.951s][info][gc,metaspace   ] GC(193) Metaspace: 118869K(120256K)->118703K(120256K) NonClass: 100939K(101504K)->100823K(101504K) Class: 17930K(18752K)->17880K(18752K)
[156.951s][info][gc             ] GC(193) Pause Full (G1 Compaction Pause) 433M->415M(512M) 40.422ms
[156.951s][info][gc,cpu         ] GC(193) User=0.39s Sys=0.02s Real=0.03s
[156.952s][info][gc,marking     ] GC(184) Concurrent Rebuild Remembered Sets and Scrub Regions 52.640ms
[156.952s][info][gc,marking     ] GC(184) Concurrent Mark Abort
[156.952s][info][gc             ] GC(184) Concurrent Mark Cycle 123.063ms
[156.961s][info][gc,start       ] GC(194) Pause Young (Normal) (G1 Evacuation Pause)
[156.961s][info][gc,task        ] GC(194) Using 12 workers of 33 for evacuation
[156.963s][info][gc,phases      ] GC(194)   Pre Evacuate Collection Set: 0.1ms
[156.963s][info][gc,phases      ] GC(194)   Merge Heap Roots: 0.0ms
[156.963s][info][gc,phases      ] GC(194)   Evacuate Collection Set: 0.6ms
[156.963s][info][gc,phases      ] GC(194)   Post Evacuate Collection Set: 0.3ms
[156.963s][info][gc,phases      ] GC(194)   Other: 0.1ms
[156.963s][info][gc,heap        ] GC(194) Eden regions: 63->0(50)
[156.963s][info][gc,heap        ] GC(194) Survivor regions: 0->1(8)
[156.963s][info][gc,heap        ] GC(194) Old regions: 58->58
[156.963s][info][gc,heap        ] GC(194) Archive regions: 0->0
[156.963s][info][gc,heap        ] GC(194) Humongous regions: 375->375
[156.963s][info][gc,metaspace   ] GC(194) Metaspace: 118705K(120256K)->118705K(120256K) NonClass: 100825K(101504K)->100825K(101504K) Class: 17880K(18752K)->17880K(18752K)
[156.963s][info][gc             ] GC(194) Pause Young (Normal) (G1 Evacuation Pause) 489M->426M(512M) 1.413ms
[156.963s][info][gc,cpu         ] GC(194) User=0.00s Sys=0.00s Real=0.00s
[156.964s][info][gc,start       ] GC(195) Pause Young (Concurrent Start) (G1 Humongous Allocation)
[156.964s][info][gc,task        ] GC(195) Using 12 workers of 33 for evacuation
[156.966s][info][gc,phases      ] GC(195)   Pre Evacuate Collection Set: 0.2ms
[156.966s][info][gc,phases      ] GC(195)   Merge Heap Roots: 0.0ms
[156.966s][info][gc,phases      ] GC(195)   Evacuate Collection Set: 1.0ms
[156.966s][info][gc,phases      ] GC(195)   Post Evacuate Collection Set: 0.4ms
[156.966s][info][gc,phases      ] GC(195)   Other: 0.1ms
[156.966s][info][gc,heap        ] GC(195) Eden regions: 4->0(50)
[156.966s][info][gc,heap        ] GC(195) Survivor regions: 1->1(7)
[156.966s][info][gc,heap        ] GC(195) Old regions: 58->58
[156.966s][info][gc,heap        ] GC(195) Archive regions: 0->0
[156.966s][info][gc,heap        ] GC(195) Humongous regions: 375->375
[156.966s][info][gc,metaspace   ] GC(195) Metaspace: 118713K(120256K)->118713K(120256K) NonClass: 100833K(101504K)->100833K(101504K) Class: 17880K(18752K)->17880K(18752K)
[156.966s][info][gc             ] GC(195) Pause Young (Concurrent Start) (G1 Humongous Allocation) 430M->426M(512M) 1.861ms
[156.966s][info][gc             ] GC(196) Concurrent Mark Cycle
[156.966s][info][gc,cpu         ] GC(195) User=0.00s Sys=0.00s Real=0.00s
[156.966s][info][gc,marking     ] GC(196) Concurrent Scan Root Regions
[156.971s][info][gc,marking     ] GC(196) Concurrent Scan Root Regions 5.236ms
[156.971s][info][gc,marking     ] GC(196) Concurrent Mark
[156.971s][info][gc,marking     ] GC(196) Concurrent Mark From Roots
[156.971s][info][gc,task        ] GC(196) Using 8 workers of 8 for marking
[156.973s][info][gc,start       ] GC(197) Pause Young (Normal) (G1 Evacuation Pause)
[156.973s][info][gc,task        ] GC(197) Using 12 workers of 33 for evacuation
[156.974s][info][gc,phases      ] GC(197)   Pre Evacuate Collection Set: 0.1ms
[156.974s][info][gc,phases      ] GC(197)   Merge Heap Roots: 0.1ms
[156.974s][info][gc,phases      ] GC(197)   Evacuate Collection Set: 0.4ms
[156.974s][info][gc,phases      ] GC(197)   Post Evacuate Collection Set: 0.3ms
[156.974s][info][gc,phases      ] GC(197)   Other: 0.1ms
[156.974s][info][gc,heap        ] GC(197) Eden regions: 50->0(42)
[156.974s][info][gc,heap        ] GC(197) Survivor regions: 1->1(7)
[156.974s][info][gc,heap        ] GC(197) Old regions: 58->58
[156.974s][info][gc,heap        ] GC(197) Archive regions: 0->0
[156.974s][info][gc,heap        ] GC(197) Humongous regions: 383->383
[156.974s][info][gc,metaspace   ] GC(197) Metaspace: 118720K(120256K)->118720K(120256K) NonClass: 100840K(101504K)->100840K(101504K) Class: 17880K(18752K)->17880K(18752K)
[156.974s][info][gc             ] GC(197) Pause Young (Normal) (G1 Evacuation Pause) 484M->434M(512M) 1.158ms
[156.974s][info][gc,cpu         ] GC(197) User=0.00s Sys=0.00s Real=0.00s
[156.985s][info][gc,start       ] GC(198) Pause Young (Normal) (G1 Evacuation Pause)
[156.985s][info][gc,task        ] GC(198) Using 12 workers of 33 for evacuation
[156.986s][info][gc,phases      ] GC(198)   Pre Evacuate Collection Set: 0.1ms
[156.986s][info][gc,phases      ] GC(198)   Merge Heap Roots: 0.0ms
[156.986s][info][gc,phases      ] GC(198)   Evacuate Collection Set: 0.5ms
[156.986s][info][gc,phases      ] GC(198)   Post Evacuate Collection Set: 0.3ms
[156.986s][info][gc,phases      ] GC(198)   Other: 0.1ms
[156.986s][info][gc,heap        ] GC(198) Eden regions: 42->0(32)
[156.986s][info][gc,heap        ] GC(198) Survivor regions: 1->2(6)
[156.986s][info][gc,heap        ] GC(198) Old regions: 58->58
[156.986s][info][gc,heap        ] GC(198) Archive regions: 0->0
[156.986s][info][gc,heap        ] GC(198) Humongous regions: 391->391
[156.986s][info][gc,metaspace   ] GC(198) Metaspace: 118745K(120256K)->118745K(120256K) NonClass: 100865K(101504K)->100865K(101504K) Class: 17880K(18752K)->17880K(18752K)
[156.986s][info][gc             ] GC(198) Pause Young (Normal) (G1 Evacuation Pause) 484M->443M(512M) 1.214ms
[156.986s][info][gc,cpu         ] GC(198) User=0.00s Sys=0.00s Real=0.00s
[156.993s][info][gc,start       ] GC(199) Pause Young (Normal) (G1 Evacuation Pause)
[156.993s][info][gc,task        ] GC(199) Using 12 workers of 33 for evacuation
[156.994s][info][gc,phases      ] GC(199)   Pre Evacuate Collection Set: 0.1ms
[156.994s][info][gc,phases      ] GC(199)   Merge Heap Roots: 0.0ms
[156.994s][info][gc,phases      ] GC(199)   Evacuate Collection Set: 0.5ms
[156.994s][info][gc,phases      ] GC(199)   Post Evacuate Collection Set: 0.3ms
[156.994s][info][gc,phases      ] GC(199)   Other: 0.1ms
[156.994s][info][gc,heap        ] GC(199) Eden regions: 32->0(23)
[156.994s][info][gc,heap        ] GC(199) Survivor regions: 2->2(5)
[156.994s][info][gc,heap        ] GC(199) Old regions: 58->58
[156.994s][info][gc,heap        ] GC(199) Archive regions: 0->0
[156.994s][info][gc,heap        ] GC(199) Humongous regions: 403->403
[156.994s][info][gc,metaspace   ] GC(199) Metaspace: 118756K(120256K)->118756K(120256K) NonClass: 100876K(101504K)->100876K(101504K) Class: 17880K(18752K)->17880K(18752K)
[156.994s][info][gc             ] GC(199) Pause Young (Normal) (G1 Evacuation Pause) 487M->455M(512M) 1.222ms
[156.994s][info][gc,cpu         ] GC(199) User=0.00s Sys=0.00s Real=0.00s
[156.998s][info][gc,start       ] GC(200) Pause Young (Normal) (G1 Evacuation Pause)
[156.998s][info][gc,task        ] GC(200) Using 12 workers of 33 for evacuation
[156.999s][info][gc,phases      ] GC(200)   Pre Evacuate Collection Set: 0.1ms
[156.999s][info][gc,phases      ] GC(200)   Merge Heap Roots: 0.1ms
[156.999s][info][gc,phases      ] GC(200)   Evacuate Collection Set: 0.5ms
[156.999s][info][gc,phases      ] GC(200)   Post Evacuate Collection Set: 0.3ms
[156.999s][info][gc,phases      ] GC(200)   Other: 0.1ms
[156.999s][info][gc,heap        ] GC(200) Eden regions: 23->0(22)
[156.999s][info][gc,heap        ] GC(200) Survivor regions: 2->3(4)
[156.999s][info][gc,heap        ] GC(200) Old regions: 58->58
[156.999s][info][gc,heap        ] GC(200) Archive regions: 0->0
[156.999s][info][gc,heap        ] GC(200) Humongous regions: 407->407
[156.999s][info][gc,metaspace   ] GC(200) Metaspace: 118756K(120256K)->118756K(120256K) NonClass: 100876K(101504K)->100876K(101504K) Class: 17880K(18752K)->17880K(18752K)
[157.000s][info][gc             ] GC(200) Pause Young (Normal) (G1 Evacuation Pause) 482M->460M(512M) 1.297ms
[157.000s][info][gc,cpu         ] GC(200) User=0.06s Sys=0.02s Real=0.02s
[157.004s][info][gc,start       ] GC(201) Pause Young (Normal) (G1 Evacuation Pause)
[157.004s][info][gc,task        ] GC(201) Using 12 workers of 33 for evacuation
[157.005s][info][gc,phases      ] GC(201)   Pre Evacuate Collection Set: 0.1ms
[157.005s][info][gc,phases      ] GC(201)   Merge Heap Roots: 0.0ms
[157.005s][info][gc,phases      ] GC(201)   Evacuate Collection Set: 0.4ms
[157.005s][info][gc,phases      ] GC(201)   Post Evacuate Collection Set: 0.3ms
[157.005s][info][gc,phases      ] GC(201)   Other: 0.1ms
[157.005s][info][gc,heap        ] GC(201) Eden regions: 22->0(22)
[157.005s][info][gc,heap        ] GC(201) Survivor regions: 3->3(4)
[157.005s][info][gc,heap        ] GC(201) Old regions: 58->58
[157.005s][info][gc,heap        ] GC(201) Archive regions: 0->0
[157.005s][info][gc,heap        ] GC(201) Humongous regions: 407->407
[157.005s][info][gc,metaspace   ] GC(201) Metaspace: 118756K(120256K)->118756K(120256K) NonClass: 100876K(101504K)->100876K(101504K) Class: 17880K(18752K)->17880K(18752K)
[157.005s][info][gc             ] GC(201) Pause Young (Normal) (G1 Evacuation Pause) 482M->460M(512M) 1.124ms
[157.005s][info][gc,cpu         ] GC(201) User=0.00s Sys=0.00s Real=0.00s
[157.007s][info][gc,marking     ] GC(196) Concurrent Mark From Roots 36.128ms
[157.007s][info][gc,marking     ] GC(196) Concurrent Preclean
[157.008s][info][gc,start       ] GC(202) Pause Young (Normal) (G1 Evacuation Pause)
[157.008s][info][gc,task        ] GC(202) Using 12 workers of 33 for evacuation
[157.009s][info][gc,phases      ] GC(202)   Pre Evacuate Collection Set: 0.1ms
[157.009s][info][gc,phases      ] GC(202)   Merge Heap Roots: 0.0ms
[157.009s][info][gc,phases      ] GC(202)   Evacuate Collection Set: 0.4ms
[157.009s][info][gc,phases      ] GC(202)   Post Evacuate Collection Set: 0.3ms
[157.009s][info][gc,phases      ] GC(202)   Other: 0.1ms
[157.009s][info][gc,heap        ] GC(202) Eden regions: 22->0(23)
[157.009s][info][gc,heap        ] GC(202) Survivor regions: 3->2(4)
[157.009s][info][gc,heap        ] GC(202) Old regions: 58->59
[157.009s][info][gc,heap        ] GC(202) Archive regions: 0->0
[157.009s][info][gc,heap        ] GC(202) Humongous regions: 408->408
[157.009s][info][gc,metaspace   ] GC(202) Metaspace: 118756K(120256K)->118756K(120256K) NonClass: 100876K(101504K)->100876K(101504K) Class: 17880K(18752K)->17880K(18752K)
[157.009s][info][gc             ] GC(202) Pause Young (Normal) (G1 Evacuation Pause) 483M->461M(512M) 1.028ms
[157.009s][info][gc,cpu         ] GC(202) User=0.00s Sys=0.00s Real=0.00s
[157.010s][info][gc,marking     ] GC(196) Concurrent Preclean 2.694ms
[157.011s][info][gc,start       ] GC(196) Pause Remark
[157.012s][info][gc             ] GC(196) Pause Remark 469M->454M(512M) 1.626ms
[157.012s][info][gc,cpu         ] GC(196) User=0.00s Sys=0.00s Real=0.00s
[157.012s][info][gc,marking     ] GC(196) Concurrent Mark 41.390ms
[157.013s][info][gc,marking     ] GC(196) Concurrent Rebuild Remembered Sets and Scrub Regions
[157.016s][info][gc,start       ] GC(203) Pause Young (Normal) (G1 Evacuation Pause)
[157.016s][info][gc,task        ] GC(203) Using 12 workers of 33 for evacuation
[157.017s][info][gc,phases      ] GC(203)   Pre Evacuate Collection Set: 0.1ms
[157.017s][info][gc,phases      ] GC(203)   Merge Heap Roots: 0.0ms
[157.017s][info][gc,phases      ] GC(203)   Evacuate Collection Set: 0.5ms
[157.017s][info][gc,phases      ] GC(203)   Post Evacuate Collection Set: 0.3ms
[157.017s][info][gc,phases      ] GC(203)   Other: 0.1ms
[157.017s][info][gc,heap        ] GC(203) Eden regions: 23->0(25)
[157.017s][info][gc,heap        ] GC(203) Survivor regions: 2->2(4)
[157.017s][info][gc,heap        ] GC(203) Old regions: 59->59
[157.017s][info][gc,heap        ] GC(203) Archive regions: 0->0
[157.017s][info][gc,heap        ] GC(203) Humongous regions: 397->397
[157.017s][info][gc,metaspace   ] GC(203) Metaspace: 118756K(120256K)->118756K(120256K) NonClass: 100876K(101504K)->100876K(101504K) Class: 17880K(18752K)->17880K(18752K)
[157.017s][info][gc             ] GC(203) Pause Young (Normal) (G1 Evacuation Pause) 473M->450M(512M) 1.158ms
[157.017s][info][gc,cpu         ] GC(203) User=0.00s Sys=0.00s Real=0.00s
[157.022s][info][gc,marking     ] GC(196) Concurrent Rebuild Remembered Sets and Scrub Regions 9.097ms
[157.022s][info][gc,start       ] GC(196) Pause Cleanup
[157.023s][info][gc             ] GC(196) Pause Cleanup 479M->479M(512M) 0.213ms
[157.023s][info][gc,cpu         ] GC(196) User=0.00s Sys=0.00s Real=0.00s
[157.023s][info][gc,marking     ] GC(196) Concurrent Clear Claimed Marks
[157.023s][info][gc,marking     ] GC(196) Concurrent Clear Claimed Marks 0.145ms
[157.023s][info][gc,marking     ] GC(196) Concurrent Cleanup for Next Mark
[157.024s][info][gc,marking     ] GC(196) Concurrent Cleanup for Next Mark 0.908ms
[157.025s][info][gc,start       ] GC(204) Pause Young (Prepare Mixed) (G1 Evacuation Pause)
[157.025s][info][gc,task        ] GC(204) Using 12 workers of 33 for evacuation
[157.026s][info][gc,phases      ] GC(204)   Pre Evacuate Collection Set: 0.1ms
[157.026s][info][gc,phases      ] GC(204)   Merge Heap Roots: 0.2ms
[157.026s][info][gc,phases      ] GC(204)   Evacuate Collection Set: 0.5ms
[157.026s][info][gc,phases      ] GC(204)   Post Evacuate Collection Set: 0.3ms
[157.026s][info][gc,phases      ] GC(204)   Other: 0.1ms
[157.026s][info][gc,heap        ] GC(204) Eden regions: 25->0(22)
[157.026s][info][gc,heap        ] GC(204) Survivor regions: 2->3(4)
[157.026s][info][gc,heap        ] GC(204) Old regions: 59->59
[157.026s][info][gc,heap        ] GC(204) Archive regions: 0->0
[157.026s][info][gc,heap        ] GC(204) Humongous regions: 405->405
[157.026s][info][gc,metaspace   ] GC(204) Metaspace: 118756K(120256K)->118756K(120256K) NonClass: 100876K(101504K)->100876K(101504K) Class: 17880K(18752K)->17880K(18752K)
[157.026s][info][gc             ] GC(204) Pause Young (Prepare Mixed) (G1 Evacuation Pause) 483M->458M(512M) 1.293ms
[157.026s][info][gc,cpu         ] GC(204) User=0.00s Sys=0.00s Real=0.00s
[157.026s][info][gc             ] GC(196) Concurrent Mark Cycle 60.578ms
[157.030s][info][gc,start       ] GC(205) Pause Young (Mixed) (G1 Evacuation Pause)
[157.030s][info][gc,task        ] GC(205) Using 12 workers of 33 for evacuation
[157.032s][info][gc,phases      ] GC(205)   Pre Evacuate Collection Set: 0.1ms
[157.032s][info][gc,phases      ] GC(205)   Merge Heap Roots: 0.0ms
[157.032s][info][gc,phases      ] GC(205)   Evacuate Collection Set: 0.7ms
[157.032s][info][gc,phases      ] GC(205)   Post Evacuate Collection Set: 0.3ms
[157.032s][info][gc,phases      ] GC(205)   Other: 0.1ms
[157.032s][info][gc,heap        ] GC(205) Eden regions: 22->0(22)
[157.032s][info][gc,heap        ] GC(205) Survivor regions: 3->3(4)
[157.032s][info][gc,heap        ] GC(205) Old regions: 59->58
[157.032s][info][gc,heap        ] GC(205) Archive regions: 0->0
[157.032s][info][gc,heap        ] GC(205) Humongous regions: 410->410
[157.032s][info][gc,metaspace   ] GC(205) Metaspace: 118756K(120256K)->118756K(120256K) NonClass: 100876K(101504K)->100876K(101504K) Class: 17880K(18752K)->17880K(18752K)
[157.032s][info][gc             ] GC(205) Pause Young (Mixed) (G1 Evacuation Pause) 485M->464M(512M) 1.526ms
[157.032s][info][gc,cpu         ] GC(205) User=0.00s Sys=0.00s Real=0.00s
[157.035s][info][gc,start       ] GC(206) Pause Young (Concurrent Start) (G1 Humongous Allocation)
[157.035s][info][gc,task        ] GC(206) Using 12 workers of 33 for evacuation
[157.036s][info][gc,phases      ] GC(206)   Pre Evacuate Collection Set: 0.2ms
[157.036s][info][gc,phases      ] GC(206)   Merge Heap Roots: 0.0ms
[157.036s][info][gc,phases      ] GC(206)   Evacuate Collection Set: 1.0ms
[157.036s][info][gc,phases      ] GC(206)   Post Evacuate Collection Set: 0.3ms
[157.037s][info][gc,phases      ] GC(206)   Other: 0.1ms
[157.037s][info][gc,heap        ] GC(206) Eden regions: 21->0(22)
[157.037s][info][gc,heap        ] GC(206) Survivor regions: 3->3(4)
[157.037s][info][gc,heap        ] GC(206) Old regions: 58->58
[157.037s][info][gc,heap        ] GC(206) Archive regions: 0->0
[157.037s][info][gc,heap        ] GC(206) Humongous regions: 410->410
[157.037s][info][gc,metaspace   ] GC(206) Metaspace: 118756K(120256K)->118756K(120256K) NonClass: 100876K(101504K)->100876K(101504K) Class: 17880K(18752K)->17880K(18752K)
[157.037s][info][gc             ] GC(206) Pause Young (Concurrent Start) (G1 Humongous Allocation) 485M->464M(512M) 1.769ms
[157.037s][info][gc             ] GC(207) Concurrent Mark Cycle
[157.037s][info][gc,cpu         ] GC(206) User=0.00s Sys=0.00s Real=0.00s
[157.037s][info][gc,marking     ] GC(207) Concurrent Scan Root Regions
[157.038s][info][gc,start       ] GC(208) Pause Young (Normal) (G1 Humongous Allocation)
[157.038s][info][gc,task        ] GC(208) Using 12 workers of 33 for evacuation
[157.039s][info][gc,marking     ] GC(207) Concurrent Scan Root Regions 2.413ms
[157.039s][info][gc,marking     ] GC(207) Concurrent Mark
[157.039s][info][gc,marking     ] GC(207) Concurrent Mark From Roots
[157.039s][info][gc,task        ] GC(207) Using 8 workers of 8 for marking
[157.040s][info][gc,phases      ] GC(208)   Pre Evacuate Collection Set: 0.7ms
[157.040s][info][gc,phases      ] GC(208)   Merge Heap Roots: 0.0ms
[157.040s][info][gc,phases      ] GC(208)   Evacuate Collection Set: 0.4ms
[157.040s][info][gc,phases      ] GC(208)   Post Evacuate Collection Set: 0.3ms
[157.040s][info][gc,phases      ] GC(208)   Other: 0.1ms
[157.040s][info][gc,heap        ] GC(208) Eden regions: 8->0(23)
[157.040s][info][gc,heap        ] GC(208) Survivor regions: 3->2(4)
[157.040s][info][gc,heap        ] GC(208) Old regions: 58->59
[157.040s][info][gc,heap        ] GC(208) Archive regions: 0->0
[157.040s][info][gc,heap        ] GC(208) Humongous regions: 415->415
[157.040s][info][gc,metaspace   ] GC(208) Metaspace: 118756K(120256K)->118756K(120256K) NonClass: 100876K(101504K)->100876K(101504K) Class: 17880K(18752K)->17880K(18752K)
[157.040s][info][gc             ] GC(208) Pause Young (Normal) (G1 Humongous Allocation) 477M->469M(512M) 1.615ms
[157.040s][info][gc,cpu         ] GC(208) User=0.00s Sys=0.00s Real=0.00s
[157.055s][info][gc,start       ] GC(209) Pause Young (Normal) (G1 Humongous Allocation)
[157.055s][info][gc,task        ] GC(209) Using 12 workers of 33 for evacuation
[157.056s][info][gc,phases      ] GC(209)   Pre Evacuate Collection Set: 0.1ms
[157.056s][info][gc,phases      ] GC(209)   Merge Heap Roots: 0.0ms
[157.056s][info][gc,phases      ] GC(209)   Evacuate Collection Set: 0.5ms
[157.056s][info][gc,phases      ] GC(209)   Post Evacuate Collection Set: 0.3ms
[157.056s][info][gc,phases      ] GC(209)   Other: 0.1ms
[157.056s][info][gc,heap        ] GC(209) Eden regions: 3->0(23)
[157.056s][info][gc,heap        ] GC(209) Survivor regions: 2->2(4)
[157.056s][info][gc,heap        ] GC(209) Old regions: 59->59
[157.056s][info][gc,heap        ] GC(209) Archive regions: 0->0
[157.056s][info][gc,heap        ] GC(209) Humongous regions: 419->419
[157.056s][info][gc,metaspace   ] GC(209) Metaspace: 118756K(120256K)->118756K(120256K) NonClass: 100876K(101504K)->100876K(101504K) Class: 17880K(18752K)->17880K(18752K)
[157.056s][info][gc             ] GC(209) Pause Young (Normal) (G1 Humongous Allocation) 476M->473M(512M) 1.200ms
[157.056s][info][gc,cpu         ] GC(209) User=0.20s Sys=0.00s Real=0.00s
[157.056s][info][gc,ergo        ] Attempting full compaction
[157.056s][info][gc,start       ] GC(210) Pause Full (G1 Compaction Pause)
[157.056s][info][gc,task        ] GC(210) Using 12 workers of 33 for full compaction
[157.057s][info][gc,phases,start] GC(210) Phase 1: Mark live objects
[157.079s][info][gc,phases      ] GC(210) Phase 1: Mark live objects 22.645ms
[157.079s][info][gc,phases,start] GC(210) Phase 2: Prepare compaction
[157.081s][info][gc,phases      ] GC(210) Phase 2: Prepare compaction 1.428ms
[157.081s][info][gc,phases,start] GC(210) Phase 3: Adjust pointers
[157.085s][info][gc,phases      ] GC(210) Phase 3: Adjust pointers 4.091ms
[157.085s][info][gc,phases,start] GC(210) Phase 4: Compact heap
[157.085s][info][gc,phases      ] GC(210) Phase 4: Compact heap 0.634ms
[157.092s][info][gc,heap        ] GC(210) Eden regions: 0->0(76)
[157.092s][info][gc,heap        ] GC(210) Survivor regions: 2->0(4)
[157.092s][info][gc,heap        ] GC(210) Old regions: 59->56
[157.092s][info][gc,heap        ] GC(210) Archive regions: 0->0
[157.092s][info][gc,heap        ] GC(210) Humongous regions: 419->353
[157.092s][info][gc,metaspace   ] GC(210) Metaspace: 118756K(120256K)->118756K(120256K) NonClass: 100876K(101504K)->100876K(101504K) Class: 17880K(18752K)->17880K(18752K)
[157.092s][info][gc             ] GC(210) Pause Full (G1 Compaction Pause) 473M->405M(512M) 35.836ms
[157.092s][info][gc,cpu         ] GC(210) User=0.23s Sys=0.00s Real=0.03s
[157.092s][info][gc,marking     ] GC(207) Concurrent Mark From Roots 52.945ms
[157.092s][info][gc,marking     ] GC(207) Concurrent Mark Abort
[157.092s][info][gc             ] GC(207) Concurrent Mark Cycle 55.552ms
[157.095s][info][gc,start       ] GC(211) Pause Young (Concurrent Start) (G1 Humongous Allocation)
[157.095s][info][gc,task        ] GC(211) Using 12 workers of 33 for evacuation
[157.097s][info][gc,phases      ] GC(211)   Pre Evacuate Collection Set: 0.2ms
[157.097s][info][gc,phases      ] GC(211)   Merge Heap Roots: 0.0ms
[157.097s][info][gc,phases      ] GC(211)   Evacuate Collection Set: 1.0ms
[157.097s][info][gc,phases      ] GC(211)   Post Evacuate Collection Set: 0.4ms
[157.097s][info][gc,phases      ] GC(211)   Other: 0.1ms
[157.097s][info][gc,heap        ] GC(211) Eden regions: 8->0(66)
[157.097s][info][gc,heap        ] GC(211) Survivor regions: 0->1(10)
[157.097s][info][gc,heap        ] GC(211) Old regions: 56->56
[157.097s][info][gc,heap        ] GC(211) Archive regions: 0->0
[157.097s][info][gc,heap        ] GC(211) Humongous regions: 361->361
[157.097s][info][gc,metaspace   ] GC(211) Metaspace: 118756K(120256K)->118756K(120256K) NonClass: 100876K(101504K)->100876K(101504K) Class: 17880K(18752K)->17880K(18752K)
[157.097s][info][gc             ] GC(211) Pause Young (Concurrent Start) (G1 Humongous Allocation) 421M->413M(512M) 2.115ms
[157.097s][info][gc             ] GC(212) Concurrent Mark Cycle
[157.097s][info][gc,cpu         ] GC(211) User=0.00s Sys=0.00s Real=0.00s
[157.097s][info][gc,marking     ] GC(212) Concurrent Scan Root Regions
[157.102s][info][gc,marking     ] GC(212) Concurrent Scan Root Regions 5.254ms
[157.102s][info][gc,marking     ] GC(212) Concurrent Mark
[157.102s][info][gc,marking     ] GC(212) Concurrent Mark From Roots
[157.102s][info][gc,task        ] GC(212) Using 8 workers of 8 for marking
[157.109s][info][gc,start       ] GC(213) Pause Young (Normal) (G1 Evacuation Pause)
[157.109s][info][gc,task        ] GC(213) Using 12 workers of 33 for evacuation
[157.110s][info][gc,phases      ] GC(213)   Pre Evacuate Collection Set: 0.1ms
[157.110s][info][gc,phases      ] GC(213)   Merge Heap Roots: 0.1ms
[157.110s][info][gc,phases      ] GC(213)   Evacuate Collection Set: 0.5ms
[157.110s][info][gc,phases      ] GC(213)   Post Evacuate Collection Set: 0.3ms
[157.110s][info][gc,phases      ] GC(213)   Other: 0.1ms
[157.110s][info][gc,heap        ] GC(213) Eden regions: 66->0(44)
[157.110s][info][gc,heap        ] GC(213) Survivor regions: 1->2(8)
[157.110s][info][gc,heap        ] GC(213) Old regions: 56->56
[157.110s][info][gc,heap        ] GC(213) Archive regions: 0->0
[157.110s][info][gc,heap        ] GC(213) Humongous regions: 381->381
[157.110s][info][gc,metaspace   ] GC(213) Metaspace: 118756K(120256K)->118756K(120256K) NonClass: 100876K(101504K)->100876K(101504K) Class: 17880K(18752K)->17880K(18752K)
[157.110s][info][gc             ] GC(213) Pause Young (Normal) (G1 Evacuation Pause) 499M->435M(512M) 1.443ms
[157.110s][info][gc,cpu         ] GC(213) User=0.00s Sys=0.00s Real=0.00s
[157.117s][info][gc,start       ] GC(214) Pause Young (Normal) (G1 Evacuation Pause)
[157.117s][info][gc,task        ] GC(214) Using 12 workers of 33 for evacuation
[157.118s][info][gc,phases      ] GC(214)   Pre Evacuate Collection Set: 0.1ms
[157.118s][info][gc,phases      ] GC(214)   Merge Heap Roots: 0.0ms
[157.118s][info][gc,phases      ] GC(214)   Evacuate Collection Set: 0.5ms
[157.118s][info][gc,phases      ] GC(214)   Post Evacuate Collection Set: 0.3ms
[157.118s][info][gc,phases      ] GC(214)   Other: 0.1ms
[157.118s][info][gc,heap        ] GC(214) Eden regions: 44->0(41)
[157.118s][info][gc,heap        ] GC(214) Survivor regions: 2->3(6)
[157.118s][info][gc,heap        ] GC(214) Old regions: 56->56
[157.118s][info][gc,heap        ] GC(214) Archive regions: 0->0
[157.118s][info][gc,heap        ] GC(214) Humongous regions: 382->382
[157.118s][info][gc,metaspace   ] GC(214) Metaspace: 118764K(120256K)->118764K(120256K) NonClass: 100884K(101504K)->100884K(101504K) Class: 17880K(18752K)->17880K(18752K)
[157.118s][info][gc             ] GC(214) Pause Young (Normal) (G1 Evacuation Pause) 480M->436M(512M) 1.338ms
[157.118s][info][gc,cpu         ] GC(214) User=0.00s Sys=0.00s Real=0.00s
[157.135s][info][gc,start       ] GC(215) Pause Young (Normal) (G1 Humongous Allocation)
[157.136s][info][gc,task        ] GC(215) Using 12 workers of 33 for evacuation
[157.137s][info][gc,phases      ] GC(215)   Pre Evacuate Collection Set: 0.1ms
[157.137s][info][gc,phases      ] GC(215)   Merge Heap Roots: 0.0ms
[157.137s][info][gc,phases      ] GC(215)   Evacuate Collection Set: 0.6ms
[157.137s][info][gc,phases      ] GC(215)   Post Evacuate Collection Set: 0.3ms
[157.137s][info][gc,phases      ] GC(215)   Other: 0.1ms
[157.137s][info][gc,heap        ] GC(215) Eden regions: 33->0(23)
[157.137s][info][gc,heap        ] GC(215) Survivor regions: 3->3(6)
[157.137s][info][gc,heap        ] GC(215) Old regions: 56->56
[157.137s][info][gc,heap        ] GC(215) Archive regions: 0->0
[157.137s][info][gc,heap        ] GC(215) Humongous regions: 400->400
[157.137s][info][gc,metaspace   ] GC(215) Metaspace: 118769K(120256K)->118769K(120256K) NonClass: 100889K(101504K)->100889K(101504K) Class: 17880K(18752K)->17880K(18752K)
[157.137s][info][gc             ] GC(215) Pause Young (Normal) (G1 Humongous Allocation) 487M->455M(512M) 1.391ms
[157.137s][info][gc,cpu         ] GC(215) User=0.00s Sys=0.00s Real=0.00s
[157.139s][info][gc,marking     ] GC(212) Concurrent Mark From Roots 37.037ms
[157.139s][info][gc,marking     ] GC(212) Concurrent Preclean
[157.141s][info][gc,start       ] GC(216) Pause Young (Normal) (G1 Evacuation Pause)
[157.141s][info][gc,task        ] GC(216) Using 12 workers of 33 for evacuation
[157.142s][info][gc,phases      ] GC(216)   Pre Evacuate Collection Set: 0.1ms
[157.142s][info][gc,phases      ] GC(216)   Merge Heap Roots: 0.0ms
[157.142s][info][gc,phases      ] GC(216)   Evacuate Collection Set: 0.4ms
[157.142s][info][gc,phases      ] GC(216)   Post Evacuate Collection Set: 0.3ms
[157.142s][info][gc,phases      ] GC(216)   Other: 0.1ms
[157.142s][info][gc,heap        ] GC(216) Eden regions: 23->0(22)
[157.142s][info][gc,heap        ] GC(216) Survivor regions: 3->3(4)
[157.142s][info][gc,heap        ] GC(216) Old regions: 56->57
[157.142s][info][gc,heap        ] GC(216) Archive regions: 0->0
[157.142s][info][gc,heap        ] GC(216) Humongous regions: 409->408
[157.142s][info][gc,metaspace   ] GC(216) Metaspace: 118769K(120256K)->118769K(120256K) NonClass: 100889K(101504K)->100889K(101504K) Class: 17880K(18752K)->17880K(18752K)
[157.142s][info][gc             ] GC(216) Pause Young (Normal) (G1 Evacuation Pause) 487M->462M(512M) 1.103ms
[157.142s][info][gc,cpu         ] GC(216) User=0.00s Sys=0.00s Real=0.00s
[157.143s][info][gc,marking     ] GC(212) Concurrent Preclean 3.915ms
[157.143s][info][gc,start       ] GC(212) Pause Remark
[157.145s][info][gc             ] GC(212) Pause Remark 467M->460M(512M) 1.439ms
[157.145s][info][gc,cpu         ] GC(212) User=0.00s Sys=0.00s Real=0.00s
[157.145s][info][gc,marking     ] GC(212) Concurrent Mark 42.796ms
[157.145s][info][gc,marking     ] GC(212) Concurrent Rebuild Remembered Sets and Scrub Regions
[157.149s][info][gc,start       ] GC(217) Pause Young (Normal) (G1 Evacuation Pause)
[157.150s][info][gc,task        ] GC(217) Using 12 workers of 33 for evacuation
[157.150s][info][gc,phases      ] GC(217)   Pre Evacuate Collection Set: 0.1ms
[157.150s][info][gc,phases      ] GC(217)   Merge Heap Roots: 0.0ms
[157.150s][info][gc,phases      ] GC(217)   Evacuate Collection Set: 0.4ms
[157.150s][info][gc,phases      ] GC(217)   Post Evacuate Collection Set: 0.3ms
[157.150s][info][gc,phases      ] GC(217)   Other: 0.1ms
[157.151s][info][gc,heap        ] GC(217) Eden regions: 22->0(23)
[157.151s][info][gc,heap        ] GC(217) Survivor regions: 3->2(4)
[157.151s][info][gc,heap        ] GC(217) Old regions: 57->58
[157.151s][info][gc,heap        ] GC(217) Archive regions: 0->0
[157.151s][info][gc,heap        ] GC(217) Humongous regions: 401->401
[157.151s][info][gc,metaspace   ] GC(217) Metaspace: 118769K(120256K)->118769K(120256K) NonClass: 100889K(101504K)->100889K(101504K) Class: 17880K(18752K)->17880K(18752K)
[157.151s][info][gc             ] GC(217) Pause Young (Normal) (G1 Evacuation Pause) 477M->455M(512M) 1.116ms
[157.151s][info][gc,cpu         ] GC(217) User=0.00s Sys=0.00s Real=0.00s
[157.153s][info][gc,marking     ] GC(212) Concurrent Rebuild Remembered Sets and Scrub Regions 8.286ms
[157.154s][info][gc,start       ] GC(212) Pause Cleanup
[157.154s][info][gc             ] GC(212) Pause Cleanup 479M->479M(512M) 0.196ms
[157.155s][info][gc,cpu         ] GC(212) User=0.00s Sys=0.00s Real=0.00s
[157.155s][info][gc,marking     ] GC(212) Concurrent Clear Claimed Marks
[157.155s][info][gc,marking     ] GC(212) Concurrent Clear Claimed Marks 0.222ms
[157.155s][info][gc,marking     ] GC(212) Concurrent Cleanup for Next Mark
[157.156s][info][gc,marking     ] GC(212) Concurrent Cleanup for Next Mark 1.076ms
[157.156s][info][gc             ] GC(212) Concurrent Mark Cycle 59.248ms
[157.167s][info][gc,start       ] GC(218) Pause Young (Prepare Mixed) (G1 Evacuation Pause)
[157.167s][info][gc,task        ] GC(218) Using 12 workers of 33 for evacuation
[157.168s][info][gc,phases      ] GC(218)   Pre Evacuate Collection Set: 0.1ms
[157.168s][info][gc,phases      ] GC(218)   Merge Heap Roots: 0.2ms
[157.168s][info][gc,phases      ] GC(218)   Evacuate Collection Set: 0.4ms
[157.168s][info][gc,phases      ] GC(218)   Post Evacuate Collection Set: 0.3ms
[157.168s][info][gc,phases      ] GC(218)   Other: 0.1ms
[157.168s][info][gc,heap        ] GC(218) Eden regions: 23->0(23)
[157.168s][info][gc,heap        ] GC(218) Survivor regions: 2->2(4)
[157.168s][info][gc,heap        ] GC(218) Old regions: 58->58
[157.168s][info][gc,heap        ] GC(218) Archive regions: 0->0
[157.168s][info][gc,heap        ] GC(218) Humongous regions: 410->410
[157.168s][info][gc,metaspace   ] GC(218) Metaspace: 118769K(120256K)->118769K(120256K) NonClass: 100889K(101504K)->100889K(101504K) Class: 17880K(18752K)->17880K(18752K)
[157.168s][info][gc             ] GC(218) Pause Young (Prepare Mixed) (G1 Evacuation Pause) 487M->465M(512M) 1.319ms
[157.168s][info][gc,cpu         ] GC(218) User=0.00s Sys=0.00s Real=0.00s
[157.173s][info][gc,start       ] GC(219) Pause Young (Mixed) (G1 Evacuation Pause)
[157.173s][info][gc,task        ] GC(219) Using 12 workers of 33 for evacuation
[157.175s][info][gc,phases      ] GC(219)   Pre Evacuate Collection Set: 0.1ms
[157.175s][info][gc,phases      ] GC(219)   Merge Heap Roots: 0.1ms
[157.175s][info][gc,phases      ] GC(219)   Evacuate Collection Set: 1.1ms
[157.175s][info][gc,phases      ] GC(219)   Post Evacuate Collection Set: 0.4ms
[157.175s][info][gc,phases      ] GC(219)   Other: 0.1ms
[157.175s][info][gc,heap        ] GC(219) Eden regions: 23->0(23)
[157.175s][info][gc,heap        ] GC(219) Survivor regions: 2->2(4)
[157.175s][info][gc,heap        ] GC(219) Old regions: 58->57
[157.175s][info][gc,heap        ] GC(219) Archive regions: 0->0
[157.175s][info][gc,heap        ] GC(219) Humongous regions: 415->415
[157.175s][info][gc,metaspace   ] GC(219) Metaspace: 118772K(120256K)->118772K(120256K) NonClass: 100891K(101504K)->100891K(101504K) Class: 17881K(18752K)->17881K(18752K)
[157.175s][info][gc             ] GC(219) Pause Young (Mixed) (G1 Evacuation Pause) 493M->470M(512M) 2.040ms
[157.175s][info][gc,cpu         ] GC(219) User=0.00s Sys=0.00s Real=0.00s
[157.177s][info][gc,start       ] GC(220) Pause Young (Concurrent Start) (G1 Humongous Allocation)
[157.177s][info][gc,task        ] GC(220) Using 12 workers of 33 for evacuation
[157.179s][info][gc,phases      ] GC(220)   Pre Evacuate Collection Set: 0.2ms
[157.179s][info][gc,phases      ] GC(220)   Merge Heap Roots: 0.0ms
[157.179s][info][gc,phases      ] GC(220)   Evacuate Collection Set: 1.3ms
[157.179s][info][gc,phases      ] GC(220)   Post Evacuate Collection Set: 0.4ms
[157.179s][info][gc,phases      ] GC(220)   Other: 0.1ms
[157.179s][info][gc,heap        ] GC(220) Eden regions: 8->0(22)
[157.179s][info][gc,heap        ] GC(220) Survivor regions: 2->3(4)
[157.179s][info][gc,heap        ] GC(220) Old regions: 57->57
[157.179s][info][gc,heap        ] GC(220) Archive regions: 0->0
[157.179s][info][gc,heap        ] GC(220) Humongous regions: 415->415
[157.179s][info][gc,metaspace   ] GC(220) Metaspace: 118773K(120256K)->118773K(120256K) NonClass: 100892K(101504K)->100892K(101504K) Class: 17881K(18752K)->17881K(18752K)
[157.179s][info][gc             ] GC(220) Pause Young (Concurrent Start) (G1 Humongous Allocation) 477M->470M(512M) 2.270ms
[157.179s][info][gc             ] GC(221) Concurrent Mark Cycle
[157.179s][info][gc,cpu         ] GC(220) User=0.00s Sys=0.00s Real=0.00s
[157.179s][info][gc,marking     ] GC(221) Concurrent Scan Root Regions
[157.183s][info][gc,marking     ] GC(221) Concurrent Scan Root Regions 3.723ms
[157.183s][info][gc,marking     ] GC(221) Concurrent Mark
[157.183s][info][gc,marking     ] GC(221) Concurrent Mark From Roots
[157.183s][info][gc,task        ] GC(221) Using 8 workers of 8 for marking
[157.183s][info][gc,start       ] GC(222) Pause Young (Normal) (G1 Evacuation Pause)
[157.183s][info][gc,task        ] GC(222) Using 12 workers of 33 for evacuation
[157.184s][info][gc,phases      ] GC(222)   Pre Evacuate Collection Set: 0.1ms
[157.185s][info][gc,phases      ] GC(222)   Merge Heap Roots: 0.1ms
[157.185s][info][gc,phases      ] GC(222)   Evacuate Collection Set: 0.5ms
[157.185s][info][gc,phases      ] GC(222)   Post Evacuate Collection Set: 0.4ms
[157.185s][info][gc,phases      ] GC(222)   Other: 0.1ms
[157.185s][info][gc,heap        ] GC(222) Eden regions: 22->0(23)
[157.185s][info][gc,heap        ] GC(222) Survivor regions: 3->2(4)
[157.185s][info][gc,heap        ] GC(222) Old regions: 57->57
[157.185s][info][gc,heap        ] GC(222) Archive regions: 0->0
[157.185s][info][gc,heap        ] GC(222) Humongous regions: 416->416
[157.185s][info][gc,metaspace   ] GC(222) Metaspace: 118773K(120256K)->118773K(120256K) NonClass: 100892K(101504K)->100892K(101504K) Class: 17881K(18752K)->17881K(18752K)
[157.185s][info][gc             ] GC(222) Pause Young (Normal) (G1 Evacuation Pause) 493M->471M(512M) 1.365ms
[157.185s][info][gc,cpu         ] GC(222) User=0.00s Sys=0.00s Real=0.00s
[157.191s][info][gc,start       ] GC(223) Pause Young (Normal) (G1 Evacuation Pause)
[157.191s][info][gc,task        ] GC(223) Using 12 workers of 33 for evacuation
[157.192s][info][gc,phases      ] GC(223)   Pre Evacuate Collection Set: 0.1ms
[157.192s][info][gc,phases      ] GC(223)   Merge Heap Roots: 0.0ms
[157.192s][info][gc,phases      ] GC(223)   Evacuate Collection Set: 0.4ms
[157.192s][info][gc,phases      ] GC(223)   Post Evacuate Collection Set: 0.3ms
[157.192s][info][gc,phases      ] GC(223)   Other: 0.1ms
[157.192s][info][gc,heap        ] GC(223) Eden regions: 23->0(23)
[157.192s][info][gc,heap        ] GC(223) Survivor regions: 2->2(4)
[157.192s][info][gc,heap        ] GC(223) Old regions: 57->57
[157.192s][info][gc,heap        ] GC(223) Archive regions: 0->0
[157.192s][info][gc,heap        ] GC(223) Humongous regions: 419->419
[157.192s][info][gc,metaspace   ] GC(223) Metaspace: 118773K(120256K)->118773K(120256K) NonClass: 100892K(101504K)->100892K(101504K) Class: 17881K(18752K)->17881K(18752K)
[157.192s][info][gc             ] GC(223) Pause Young (Normal) (G1 Evacuation Pause) 497M->474M(512M) 1.195ms
[157.192s][info][gc,cpu         ] GC(223) User=0.00s Sys=0.00s Real=0.00s
[157.197s][info][gc,start       ] GC(224) Pause Young (Normal) (G1 Evacuation Pause)
[157.197s][info][gc,task        ] GC(224) Using 12 workers of 33 for evacuation
[157.198s][info][gc,phases      ] GC(224)   Pre Evacuate Collection Set: 0.1ms
[157.198s][info][gc,phases      ] GC(224)   Merge Heap Roots: 0.0ms
[157.198s][info][gc,phases      ] GC(224)   Evacuate Collection Set: 0.5ms
[157.198s][info][gc,phases      ] GC(224)   Post Evacuate Collection Set: 0.3ms
[157.198s][info][gc,phases      ] GC(224)   Other: 0.1ms
[157.198s][info][gc,heap        ] GC(224) Eden regions: 23->0(22)
[157.198s][info][gc,heap        ] GC(224) Survivor regions: 2->3(4)
[157.198s][info][gc,heap        ] GC(224) Old regions: 57->57
[157.198s][info][gc,heap        ] GC(224) Archive regions: 0->0
[157.198s][info][gc,heap        ] GC(224) Humongous regions: 421->421
[157.198s][info][gc,metaspace   ] GC(224) Metaspace: 118773K(120256K)->118773K(120256K) NonClass: 100892K(101504K)->100892K(101504K) Class: 17881K(18752K)->17881K(18752K)
[157.198s][info][gc             ] GC(224) Pause Young (Normal) (G1 Evacuation Pause) 499M->476M(512M) 1.184ms
[157.198s][info][gc,cpu         ] GC(224) User=0.00s Sys=0.00s Real=0.00s
[157.203s][info][gc,start       ] GC(225) Pause Young (Normal) (G1 Evacuation Pause)
[157.203s][info][gc,task        ] GC(225) Using 12 workers of 33 for evacuation
[157.204s][info][gc,phases      ] GC(225)   Pre Evacuate Collection Set: 0.1ms
[157.204s][info][gc,phases      ] GC(225)   Merge Heap Roots: 0.1ms
[157.204s][info][gc,phases      ] GC(225)   Evacuate Collection Set: 0.5ms
[157.204s][info][gc,phases      ] GC(225)   Post Evacuate Collection Set: 0.3ms
[157.204s][info][gc,phases      ] GC(225)   Other: 0.1ms
[157.204s][info][gc,heap        ] GC(225) Eden regions: 22->0(23)
[157.204s][info][gc,heap        ] GC(225) Survivor regions: 3->2(4)
[157.204s][info][gc,heap        ] GC(225) Old regions: 57->57
[157.204s][info][gc,heap        ] GC(225) Archive regions: 0->0
[157.204s][info][gc,heap        ] GC(225) Humongous regions: 421->421
[157.204s][info][gc,metaspace   ] GC(225) Metaspace: 118773K(120256K)->118773K(120256K) NonClass: 100892K(101504K)->100892K(101504K) Class: 17881K(18752K)->17881K(18752K)
[157.204s][info][gc             ] GC(225) Pause Young (Normal) (G1 Evacuation Pause) 498M->476M(512M) 1.254ms
[157.204s][info][gc,cpu         ] GC(225) User=0.00s Sys=0.00s Real=0.00s
[157.208s][info][gc,start       ] GC(226) Pause Young (Normal) (G1 Evacuation Pause)
[157.208s][info][gc,task        ] GC(226) Using 12 workers of 33 for evacuation
[157.209s][info][gc,phases      ] GC(226)   Pre Evacuate Collection Set: 0.1ms
[157.209s][info][gc,phases      ] GC(226)   Merge Heap Roots: 0.0ms
[157.209s][info][gc,phases      ] GC(226)   Evacuate Collection Set: 0.5ms
[157.209s][info][gc,phases      ] GC(226)   Post Evacuate Collection Set: 0.3ms
[157.209s][info][gc,phases      ] GC(226)   Other: 0.1ms
[157.209s][info][gc,heap        ] GC(226) Eden regions: 23->0(23)
[157.209s][info][gc,heap        ] GC(226) Survivor regions: 2->2(4)
[157.209s][info][gc,heap        ] GC(226) Old regions: 57->57
[157.209s][info][gc,heap        ] GC(226) Archive regions: 0->0
[157.209s][info][gc,heap        ] GC(226) Humongous regions: 423->423
[157.209s][info][gc,metaspace   ] GC(226) Metaspace: 118773K(120256K)->118773K(120256K) NonClass: 100892K(101504K)->100892K(101504K) Class: 17881K(18752K)->17881K(18752K)
[157.209s][info][gc             ] GC(226) Pause Young (Normal) (G1 Evacuation Pause) 501M->478M(512M) 1.233ms
[157.209s][info][gc,cpu         ] GC(226) User=0.00s Sys=0.00s Real=0.00s
[157.213s][info][gc,start       ] GC(227) Pause Young (Normal) (G1 Evacuation Pause)
[157.213s][info][gc,task        ] GC(227) Using 12 workers of 33 for evacuation
[157.214s][info][gc,phases      ] GC(227)   Pre Evacuate Collection Set: 0.1ms
[157.214s][info][gc,phases      ] GC(227)   Merge Heap Roots: 0.0ms
[157.214s][info][gc,phases      ] GC(227)   Evacuate Collection Set: 0.5ms
[157.214s][info][gc,phases      ] GC(227)   Post Evacuate Collection Set: 0.3ms
[157.214s][info][gc,phases      ] GC(227)   Other: 0.1ms
[157.214s][info][gc,heap        ] GC(227) Eden regions: 23->0(23)
[157.214s][info][gc,heap        ] GC(227) Survivor regions: 2->2(4)
[157.214s][info][gc,heap        ] GC(227) Old regions: 57->57
[157.214s][info][gc,heap        ] GC(227) Archive regions: 0->0
[157.214s][info][gc,heap        ] GC(227) Humongous regions: 425->425
[157.214s][info][gc,metaspace   ] GC(227) Metaspace: 118773K(120256K)->118773K(120256K) NonClass: 100892K(101504K)->100892K(101504K) Class: 17881K(18752K)->17881K(18752K)
[157.214s][info][gc             ] GC(227) Pause Young (Normal) (G1 Evacuation Pause) 503M->480M(512M) 1.266ms
[157.214s][info][gc,cpu         ] GC(227) User=0.00s Sys=0.00s Real=0.00s
[157.227s][info][gc,start       ] GC(228) Pause Young (Normal) (G1 Evacuation Pause)
[157.227s][info][gc,task        ] GC(228) Using 12 workers of 33 for evacuation
[157.266s][info][gc,phases      ] GC(228)   Pre Evacuate Collection Set: 0.2ms
[157.266s][info][gc,phases      ] GC(228)   Merge Heap Roots: 0.1ms
[157.266s][info][gc,phases      ] GC(228)   Evacuate Collection Set: 0.7ms
[157.266s][info][gc,phases      ] GC(228)   Post Evacuate Collection Set: 0.5ms
[157.266s][info][gc,phases      ] GC(228)   Other: 37.5ms
[157.266s][info][gc,heap        ] GC(228) Eden regions: 23->0(23)
[157.266s][info][gc,heap        ] GC(228) Survivor regions: 2->2(4)
[157.266s][info][gc,heap        ] GC(228) Old regions: 57->57
[157.266s][info][gc,heap        ] GC(228) Archive regions: 0->0
[157.266s][info][gc,heap        ] GC(228) Humongous regions: 425->425
[157.266s][info][gc,metaspace   ] GC(228) Metaspace: 118773K(120256K)->118773K(120256K) NonClass: 100892K(101504K)->100892K(101504K) Class: 17881K(18752K)->17881K(18752K)
[157.266s][info][gc             ] GC(228) Pause Young (Normal) (G1 Evacuation Pause) 503M->479M(512M) 39.412ms
[157.266s][info][gc,cpu         ] GC(228) User=0.08s Sys=0.00s Real=0.03s
[157.272s][info][gc,start       ] GC(229) Pause Young (Normal) (G1 Evacuation Pause)
[157.272s][info][gc,task        ] GC(229) Using 12 workers of 33 for evacuation
[157.274s][info][gc,phases      ] GC(229)   Pre Evacuate Collection Set: 0.2ms
[157.274s][info][gc,phases      ] GC(229)   Merge Heap Roots: 0.1ms
[157.274s][info][gc,phases      ] GC(229)   Evacuate Collection Set: 0.7ms
[157.274s][info][gc,phases      ] GC(229)   Post Evacuate Collection Set: 0.6ms
[157.274s][info][gc,phases      ] GC(229)   Other: 0.1ms
[157.274s][info][gc,heap        ] GC(229) Eden regions: 23->0(23)
[157.274s][info][gc,heap        ] GC(229) Survivor regions: 2->2(4)
[157.274s][info][gc,heap        ] GC(229) Old regions: 57->57
[157.274s][info][gc,heap        ] GC(229) Archive regions: 0->0
[157.274s][info][gc,heap        ] GC(229) Humongous regions: 425->425
[157.274s][info][gc,metaspace   ] GC(229) Metaspace: 118773K(120256K)->118773K(120256K) NonClass: 100892K(101504K)->100892K(101504K) Class: 17881K(18752K)->17881K(18752K)
[157.274s][info][gc             ] GC(229) Pause Young (Normal) (G1 Evacuation Pause) 502M->479M(512M) 2.139ms
[157.274s][info][gc,cpu         ] GC(229) User=0.06s Sys=0.28s Real=0.02s
[157.275s][info][gc,marking     ] GC(221) Concurrent Mark From Roots 91.646ms
[157.275s][info][gc,marking     ] GC(221) Concurrent Preclean
[157.276s][info][gc,marking     ] GC(221) Concurrent Preclean 1.711ms
[157.277s][info][gc,start       ] GC(221) Pause Remark
[157.280s][info][gc             ] GC(221) Pause Remark 496M->420M(512M) 2.961ms
[157.280s][info][gc,cpu         ] GC(221) User=0.00s Sys=0.00s Real=0.00s
[157.280s][info][gc,marking     ] GC(221) Concurrent Mark 97.168ms
[157.280s][info][gc,marking     ] GC(221) Concurrent Rebuild Remembered Sets and Scrub Regions
[157.282s][info][gc,start       ] GC(230) Pause Young (Normal) (G1 Evacuation Pause)
[157.282s][info][gc,task        ] GC(230) Using 12 workers of 33 for evacuation
[157.283s][info][gc,phases      ] GC(230)   Pre Evacuate Collection Set: 0.1ms
[157.284s][info][gc,phases      ] GC(230)   Merge Heap Roots: 0.1ms
[157.284s][info][gc,phases      ] GC(230)   Evacuate Collection Set: 0.6ms
[157.284s][info][gc,phases      ] GC(230)   Post Evacuate Collection Set: 0.5ms
[157.284s][info][gc,phases      ] GC(230)   Other: 0.1ms
[157.284s][info][gc,heap        ] GC(230) Eden regions: 23->0(78)
[157.284s][info][gc,heap        ] GC(230) Survivor regions: 2->2(4)
[157.284s][info][gc,heap        ] GC(230) Old regions: 57->57
[157.284s][info][gc,heap        ] GC(230) Archive regions: 0->0
[157.284s][info][gc,heap        ] GC(230) Humongous regions: 351->346
[157.284s][info][gc,metaspace   ] GC(230) Metaspace: 118773K(120256K)->118773K(120256K) NonClass: 100892K(101504K)->100892K(101504K) Class: 17881K(18752K)->17881K(18752K)
[157.284s][info][gc             ] GC(230) Pause Young (Normal) (G1 Evacuation Pause) 428M->401M(512M) 1.834ms
[157.284s][info][gc,cpu         ] GC(230) User=0.00s Sys=0.00s Real=0.00s
[157.290s][info][gc,marking     ] GC(221) Concurrent Rebuild Remembered Sets and Scrub Regions 10.091ms
[157.291s][info][gc,start       ] GC(221) Pause Cleanup
[157.291s][info][gc             ] GC(221) Pause Cleanup 450M->450M(512M) 0.176ms
[157.291s][info][gc,cpu         ] GC(221) User=0.00s Sys=0.00s Real=0.00s
[157.291s][info][gc,marking     ] GC(221) Concurrent Clear Claimed Marks
[157.291s][info][gc,marking     ] GC(221) Concurrent Clear Claimed Marks 0.126ms
[157.291s][info][gc,marking     ] GC(221) Concurrent Cleanup for Next Mark
[157.292s][info][gc,marking     ] GC(221) Concurrent Cleanup for Next Mark 0.639ms
[157.292s][info][gc             ] GC(221) Concurrent Mark Cycle 112.812ms
[157.297s][info][gc,start       ] GC(231) Pause Young (Prepare Mixed) (G1 Evacuation Pause)
[157.297s][info][gc,task        ] GC(231) Using 12 workers of 33 for evacuation
[157.299s][info][gc,phases      ] GC(231)   Pre Evacuate Collection Set: 0.1ms
[157.299s][info][gc,phases      ] GC(231)   Merge Heap Roots: 0.2ms
[157.299s][info][gc,phases      ] GC(231)   Evacuate Collection Set: 0.5ms
[157.299s][info][gc,phases      ] GC(231)   Post Evacuate Collection Set: 0.4ms
[157.299s][info][gc,phases      ] GC(231)   Other: 0.1ms
[157.299s][info][gc,heap        ] GC(231) Eden regions: 78->0(68)
[157.299s][info][gc,heap        ] GC(231) Survivor regions: 2->1(10)
[157.299s][info][gc,heap        ] GC(231) Old regions: 57->57
[157.299s][info][gc,heap        ] GC(231) Archive regions: 0->0
[157.299s][info][gc,heap        ] GC(231) Humongous regions: 360->358
[157.299s][info][gc,metaspace   ] GC(231) Metaspace: 118773K(120256K)->118773K(120256K) NonClass: 100892K(101504K)->100892K(101504K) Class: 17881K(18752K)->17881K(18752K)
[157.299s][info][gc             ] GC(231) Pause Young (Prepare Mixed) (G1 Evacuation Pause) 493M->412M(512M) 1.754ms
[157.299s][info][gc,cpu         ] GC(231) User=0.00s Sys=0.00s Real=0.00s
[157.307s][info][gc,start       ] GC(232) Pause Young (Mixed) (G1 Evacuation Pause)
[157.307s][info][gc,task        ] GC(232) Using 12 workers of 33 for evacuation
[157.309s][info][gc,phases      ] GC(232)   Pre Evacuate Collection Set: 0.1ms
[157.309s][info][gc,phases      ] GC(232)   Merge Heap Roots: 0.1ms
[157.309s][info][gc,phases      ] GC(232)   Evacuate Collection Set: 1.0ms
[157.309s][info][gc,phases      ] GC(232)   Post Evacuate Collection Set: 0.4ms
[157.309s][info][gc,phases      ] GC(232)   Other: 0.1ms
[157.309s][info][gc,heap        ] GC(232) Eden regions: 68->0(66)
[157.309s][info][gc,heap        ] GC(232) Survivor regions: 1->1(9)
[157.309s][info][gc,heap        ] GC(232) Old regions: 57->56
[157.309s][info][gc,heap        ] GC(232) Archive regions: 0->0
[157.309s][info][gc,heap        ] GC(232) Humongous regions: 368->361
[157.309s][info][gc,metaspace   ] GC(232) Metaspace: 118773K(120256K)->118773K(120256K) NonClass: 100892K(101504K)->100892K(101504K) Class: 17881K(18752K)->17881K(18752K)
[157.309s][info][gc             ] GC(232) Pause Young (Mixed) (G1 Evacuation Pause) 490M->414M(512M) 1.853ms
[157.309s][info][gc,cpu         ] GC(232) User=0.00s Sys=0.00s Real=0.00s
[157.310s][info][gc,start       ] GC(233) Pause Young (Concurrent Start) (G1 Humongous Allocation)
[157.310s][info][gc,task        ] GC(233) Using 12 workers of 33 for evacuation
[157.312s][info][gc,phases      ] GC(233)   Pre Evacuate Collection Set: 0.2ms
[157.312s][info][gc,phases      ] GC(233)   Merge Heap Roots: 0.0ms
[157.312s][info][gc,phases      ] GC(233)   Evacuate Collection Set: 0.9ms
[157.312s][info][gc,phases      ] GC(233)   Post Evacuate Collection Set: 0.3ms
[157.312s][info][gc,phases      ] GC(233)   Other: 0.1ms
[157.312s][info][gc,heap        ] GC(233) Eden regions: 9->0(66)
[157.312s][info][gc,heap        ] GC(233) Survivor regions: 1->1(9)
[157.312s][info][gc,heap        ] GC(233) Old regions: 56->56
[157.312s][info][gc,heap        ] GC(233) Archive regions: 0->0
[157.312s][info][gc,heap        ] GC(233) Humongous regions: 361->361
[157.312s][info][gc,metaspace   ] GC(233) Metaspace: 118773K(120256K)->118773K(120256K) NonClass: 100892K(101504K)->100892K(101504K) Class: 17881K(18752K)->17881K(18752K)
[157.312s][info][gc             ] GC(233) Pause Young (Concurrent Start) (G1 Humongous Allocation) 423M->414M(512M) 1.747ms
[157.312s][info][gc             ] GC(234) Concurrent Mark Cycle
[157.312s][info][gc,cpu         ] GC(233) User=0.00s Sys=0.00s Real=0.00s
[157.312s][info][gc,marking     ] GC(234) Concurrent Scan Root Regions
[157.316s][info][gc,marking     ] GC(234) Concurrent Scan Root Regions 4.269ms
[157.316s][info][gc,marking     ] GC(234) Concurrent Mark
[157.316s][info][gc,marking     ] GC(234) Concurrent Mark From Roots
[157.316s][info][gc,task        ] GC(234) Using 8 workers of 8 for marking
[157.320s][info][gc,start       ] GC(235) Pause Young (Normal) (G1 Evacuation Pause)
[157.320s][info][gc,task        ] GC(235) Using 12 workers of 33 for evacuation
[157.321s][info][gc,phases      ] GC(235)   Pre Evacuate Collection Set: 0.1ms
[157.321s][info][gc,phases      ] GC(235)   Merge Heap Roots: 0.0ms
[157.321s][info][gc,phases      ] GC(235)   Evacuate Collection Set: 0.4ms
[157.321s][info][gc,phases      ] GC(235)   Post Evacuate Collection Set: 0.3ms
[157.321s][info][gc,phases      ] GC(235)   Other: 0.1ms
[157.321s][info][gc,heap        ] GC(235) Eden regions: 66->0(61)
[157.321s][info][gc,heap        ] GC(235) Survivor regions: 1->1(9)
[157.321s][info][gc,heap        ] GC(235) Old regions: 56->56
[157.321s][info][gc,heap        ] GC(235) Archive regions: 0->0
[157.321s][info][gc,heap        ] GC(235) Humongous regions: 367->366
[157.321s][info][gc,metaspace   ] GC(235) Metaspace: 118773K(120256K)->118773K(120256K) NonClass: 100892K(101504K)->100892K(101504K) Class: 17881K(18752K)->17881K(18752K)
[157.321s][info][gc             ] GC(235) Pause Young (Normal) (G1 Evacuation Pause) 486M->419M(512M) 1.099ms
[157.321s][info][gc,cpu         ] GC(235) User=0.00s Sys=0.00s Real=0.00s
[157.329s][info][gc,start       ] GC(236) Pause Young (Normal) (G1 Evacuation Pause)
[157.329s][info][gc,task        ] GC(236) Using 12 workers of 33 for evacuation
[157.330s][info][gc,phases      ] GC(236)   Pre Evacuate Collection Set: 0.1ms
[157.330s][info][gc,phases      ] GC(236)   Merge Heap Roots: 0.1ms
[157.330s][info][gc,phases      ] GC(236)   Evacuate Collection Set: 0.4ms
[157.330s][info][gc,phases      ] GC(236)   Post Evacuate Collection Set: 0.3ms
[157.330s][info][gc,phases      ] GC(236)   Other: 0.1ms
[157.330s][info][gc,heap        ] GC(236) Eden regions: 61->0(59)
[157.330s][info][gc,heap        ] GC(236) Survivor regions: 1->1(8)
[157.330s][info][gc,heap        ] GC(236) Old regions: 56->56
[157.330s][info][gc,heap        ] GC(236) Archive regions: 0->0
[157.330s][info][gc,heap        ] GC(236) Humongous regions: 370->368
[157.330s][info][gc,metaspace   ] GC(236) Metaspace: 118773K(120256K)->118773K(120256K) NonClass: 100892K(101504K)->100892K(101504K) Class: 17881K(18752K)->17881K(18752K)
[157.330s][info][gc             ] GC(236) Pause Young (Normal) (G1 Evacuation Pause) 484M->421M(512M) 1.196ms
[157.330s][info][gc,cpu         ] GC(236) User=0.00s Sys=0.00s Real=0.00s
[157.337s][info][gc,start       ] GC(237) Pause Young (Normal) (G1 Evacuation Pause)
[157.337s][info][gc,task        ] GC(237) Using 12 workers of 33 for evacuation
[157.338s][info][gc,phases      ] GC(237)   Pre Evacuate Collection Set: 0.1ms
[157.338s][info][gc,phases      ] GC(237)   Merge Heap Roots: 0.1ms
[157.338s][info][gc,phases      ] GC(237)   Evacuate Collection Set: 0.5ms
[157.338s][info][gc,phases      ] GC(237)   Post Evacuate Collection Set: 0.3ms
[157.338s][info][gc,phases      ] GC(237)   Other: 0.1ms
[157.338s][info][gc,heap        ] GC(237) Eden regions: 59->0(59)
[157.338s][info][gc,heap        ] GC(237) Survivor regions: 1->1(8)
[157.338s][info][gc,heap        ] GC(237) Old regions: 56->56
[157.338s][info][gc,heap        ] GC(237) Archive regions: 0->0
[157.338s][info][gc,heap        ] GC(237) Humongous regions: 368->368
[157.338s][info][gc,metaspace   ] GC(237) Metaspace: 118773K(120256K)->118773K(120256K) NonClass: 100892K(101504K)->100892K(101504K) Class: 17881K(18752K)->17881K(18752K)
[157.338s][info][gc             ] GC(237) Pause Young (Normal) (G1 Evacuation Pause) 480M->421M(512M) 1.223ms
[157.338s][info][gc,cpu         ] GC(237) User=0.00s Sys=0.00s Real=0.00s
[157.351s][info][gc,start       ] GC(238) Pause Young (Normal) (G1 Evacuation Pause)
[157.351s][info][gc,task        ] GC(238) Using 12 workers of 33 for evacuation
[157.352s][info][gc,phases      ] GC(238)   Pre Evacuate Collection Set: 0.1ms
[157.352s][info][gc,phases      ] GC(238)   Merge Heap Roots: 0.1ms
[157.352s][info][gc,phases      ] GC(238)   Evacuate Collection Set: 0.4ms
[157.352s][info][gc,phases      ] GC(238)   Post Evacuate Collection Set: 0.3ms
[157.352s][info][gc,phases      ] GC(238)   Other: 0.1ms
[157.352s][info][gc,heap        ] GC(238) Eden regions: 59->0(58)
[157.352s][info][gc,heap        ] GC(238) Survivor regions: 1->1(8)
[157.352s][info][gc,heap        ] GC(238) Old regions: 56->56
[157.352s][info][gc,heap        ] GC(238) Archive regions: 0->0
[157.352s][info][gc,heap        ] GC(238) Humongous regions: 370->369
[157.352s][info][gc,metaspace   ] GC(238) Metaspace: 118773K(120256K)->118773K(120256K) NonClass: 100892K(101504K)->100892K(101504K) Class: 17881K(18752K)->17881K(18752K)
[157.353s][info][gc             ] GC(238) Pause Young (Normal) (G1 Evacuation Pause) 482M->422M(512M) 1.126ms
[157.353s][info][gc,cpu         ] GC(238) User=0.00s Sys=0.00s Real=0.00s
[157.353s][info][gc,marking     ] GC(234) Concurrent Mark From Roots 36.573ms
[157.353s][info][gc,marking     ] GC(234) Concurrent Preclean
[157.355s][info][gc,marking     ] GC(234) Concurrent Preclean 2.195ms
[157.356s][info][gc,start       ] GC(234) Pause Remark
[157.357s][info][gc             ] GC(234) Pause Remark 453M->444M(512M) 1.688ms
[157.357s][info][gc,cpu         ] GC(234) User=0.00s Sys=0.00s Real=0.00s
[157.357s][info][gc,marking     ] GC(234) Concurrent Mark 41.007ms
[157.357s][info][gc,marking     ] GC(234) Concurrent Rebuild Remembered Sets and Scrub Regions
[157.361s][info][gc,start       ] GC(239) Pause Young (Normal) (G1 Evacuation Pause)
[157.362s][info][gc,task        ] GC(239) Using 12 workers of 33 for evacuation
[157.362s][info][gc,phases      ] GC(239)   Pre Evacuate Collection Set: 0.1ms
[157.362s][info][gc,phases      ] GC(239)   Merge Heap Roots: 0.1ms
[157.362s][info][gc,phases      ] GC(239)   Evacuate Collection Set: 0.4ms
[157.362s][info][gc,phases      ] GC(239)   Post Evacuate Collection Set: 0.3ms
[157.362s][info][gc,phases      ] GC(239)   Other: 0.1ms
[157.362s][info][gc,heap        ] GC(239) Eden regions: 58->0(61)
[157.362s][info][gc,heap        ] GC(239) Survivor regions: 1->1(8)
[157.362s][info][gc,heap        ] GC(239) Old regions: 56->56
[157.363s][info][gc,heap        ] GC(239) Archive regions: 0->0
[157.363s][info][gc,heap        ] GC(239) Humongous regions: 368->366
[157.363s][info][gc,metaspace   ] GC(239) Metaspace: 118773K(120256K)->118773K(120256K) NonClass: 100892K(101504K)->100892K(101504K) Class: 17881K(18752K)->17881K(18752K)
[157.363s][info][gc             ] GC(239) Pause Young (Normal) (G1 Evacuation Pause) 479M->419M(512M) 1.092ms
[157.363s][info][gc,cpu         ] GC(239) User=0.00s Sys=0.00s Real=0.00s
[157.367s][info][gc,marking     ] GC(234) Concurrent Rebuild Remembered Sets and Scrub Regions 9.929ms
[157.368s][info][gc,start       ] GC(234) Pause Cleanup
[157.368s][info][gc             ] GC(234) Pause Cleanup 468M->468M(512M) 0.140ms
[157.368s][info][gc,cpu         ] GC(234) User=0.00s Sys=0.00s Real=0.00s
[157.368s][info][gc,marking     ] GC(234) Concurrent Clear Claimed Marks
[157.368s][info][gc,marking     ] GC(234) Concurrent Clear Claimed Marks 0.325ms
[157.368s][info][gc,marking     ] GC(234) Concurrent Cleanup for Next Mark
[157.369s][info][gc,start       ] GC(240) Pause Young (Prepare Mixed) (G1 Humongous Allocation)
[157.369s][info][gc,task        ] GC(240) Using 12 workers of 33 for evacuation
[157.370s][info][gc,phases      ] GC(240)   Pre Evacuate Collection Set: 0.1ms
[157.370s][info][gc,phases      ] GC(240)   Merge Heap Roots: 0.2ms
[157.370s][info][gc,phases      ] GC(240)   Evacuate Collection Set: 0.4ms
[157.370s][info][gc,phases      ] GC(240)   Post Evacuate Collection Set: 0.3ms
[157.370s][info][gc,phases      ] GC(240)   Other: 0.1ms
[157.370s][info][gc,heap        ] GC(240) Eden regions: 52->0(61)
[157.370s][info][gc,heap        ] GC(240) Survivor regions: 1->1(8)
[157.370s][info][gc,heap        ] GC(240) Old regions: 56->56
[157.370s][info][gc,heap        ] GC(240) Archive regions: 0->0
[157.370s][info][gc,heap        ] GC(240) Humongous regions: 370->366
[157.370s][info][gc,metaspace   ] GC(240) Metaspace: 118773K(120256K)->118773K(120256K) NonClass: 100892K(101504K)->100892K(101504K) Class: 17881K(18752K)->17881K(18752K)
[157.370s][info][gc             ] GC(240) Pause Young (Prepare Mixed) (G1 Humongous Allocation) 475M->419M(512M) 1.240ms
[157.370s][info][gc,cpu         ] GC(240) User=0.00s Sys=0.00s Real=0.00s
[157.371s][info][gc,marking     ] GC(234) Concurrent Cleanup for Next Mark 2.331ms
[157.371s][info][gc             ] GC(234) Concurrent Mark Cycle 58.772ms
[157.377s][info][gc,start       ] GC(241) Pause Young (Mixed) (G1 Evacuation Pause)
[157.378s][info][gc,task        ] GC(241) Using 12 workers of 33 for evacuation
[157.379s][info][gc,phases      ] GC(241)   Pre Evacuate Collection Set: 0.1ms
[157.379s][info][gc,phases      ] GC(241)   Merge Heap Roots: 0.0ms
[157.379s][info][gc,phases      ] GC(241)   Evacuate Collection Set: 0.9ms
[157.379s][info][gc,phases      ] GC(241)   Post Evacuate Collection Set: 0.3ms
[157.379s][info][gc,phases      ] GC(241)   Other: 0.1ms
[157.379s][info][gc,heap        ] GC(241) Eden regions: 61->0(56)
[157.379s][info][gc,heap        ] GC(241) Survivor regions: 1->1(8)
[157.379s][info][gc,heap        ] GC(241) Old regions: 56->55
[157.379s][info][gc,heap        ] GC(241) Archive regions: 0->0
[157.379s][info][gc,heap        ] GC(241) Humongous regions: 374->372
[157.379s][info][gc,metaspace   ] GC(241) Metaspace: 118773K(120256K)->118773K(120256K) NonClass: 100892K(101504K)->100892K(101504K) Class: 17881K(18752K)->17881K(18752K)
[157.379s][info][gc             ] GC(241) Pause Young (Mixed) (G1 Evacuation Pause) 488M->425M(512M) 1.641ms
[157.379s][info][gc,cpu         ] GC(241) User=0.00s Sys=0.00s Real=0.00s
[157.380s][info][gc,start       ] GC(242) Pause Young (Concurrent Start) (G1 Humongous Allocation)
[157.380s][info][gc,task        ] GC(242) Using 12 workers of 33 for evacuation
[157.381s][info][gc,phases      ] GC(242)   Pre Evacuate Collection Set: 0.2ms
[157.381s][info][gc,phases      ] GC(242)   Merge Heap Roots: 0.0ms
[157.381s][info][gc,phases      ] GC(242)   Evacuate Collection Set: 0.9ms
[157.381s][info][gc,phases      ] GC(242)   Post Evacuate Collection Set: 0.3ms
[157.381s][info][gc,phases      ] GC(242)   Other: 0.1ms
[157.381s][info][gc,heap        ] GC(242) Eden regions: 3->0(56)
[157.381s][info][gc,heap        ] GC(242) Survivor regions: 1->1(8)
[157.381s][info][gc,heap        ] GC(242) Old regions: 55->55
[157.381s][info][gc,heap        ] GC(242) Archive regions: 0->0
[157.381s][info][gc,heap        ] GC(242) Humongous regions: 372->372
[157.381s][info][gc,metaspace   ] GC(242) Metaspace: 118773K(120256K)->118773K(120256K) NonClass: 100892K(101504K)->100892K(101504K) Class: 17881K(18752K)->17881K(18752K)
[157.381s][info][gc             ] GC(242) Pause Young (Concurrent Start) (G1 Humongous Allocation) 428M->425M(512M) 1.662ms
[157.381s][info][gc             ] GC(243) Concurrent Mark Cycle
[157.381s][info][gc,cpu         ] GC(242) User=0.00s Sys=0.00s Real=0.00s
[157.381s][info][gc,marking     ] GC(243) Concurrent Scan Root Regions
[157.387s][info][gc,marking     ] GC(243) Concurrent Scan Root Regions 5.220ms
[157.387s][info][gc,marking     ] GC(243) Concurrent Mark
[157.387s][info][gc,marking     ] GC(243) Concurrent Mark From Roots
[157.387s][info][gc,task        ] GC(243) Using 8 workers of 8 for marking
[157.388s][info][gc,start       ] GC(244) Pause Young (Normal) (G1 Evacuation Pause)
[157.388s][info][gc,task        ] GC(244) Using 12 workers of 33 for evacuation
[157.389s][info][gc,phases      ] GC(244)   Pre Evacuate Collection Set: 0.1ms
[157.389s][info][gc,phases      ] GC(244)   Merge Heap Roots: 0.1ms
[157.389s][info][gc,phases      ] GC(244)   Evacuate Collection Set: 0.4ms
[157.389s][info][gc,phases      ] GC(244)   Post Evacuate Collection Set: 0.3ms
[157.389s][info][gc,phases      ] GC(244)   Other: 0.1ms
[157.389s][info][gc,heap        ] GC(244) Eden regions: 56->0(54)
[157.389s][info][gc,heap        ] GC(244) Survivor regions: 1->1(8)
[157.389s][info][gc,heap        ] GC(244) Old regions: 55->55
[157.389s][info][gc,heap        ] GC(244) Archive regions: 0->0
[157.389s][info][gc,heap        ] GC(244) Humongous regions: 376->374
[157.389s][info][gc,metaspace   ] GC(244) Metaspace: 118773K(120256K)->118773K(120256K) NonClass: 100892K(101504K)->100892K(101504K) Class: 17881K(18752K)->17881K(18752K)
[157.389s][info][gc             ] GC(244) Pause Young (Normal) (G1 Evacuation Pause) 485M->427M(512M) 1.115ms
[157.389s][info][gc,cpu         ] GC(244) User=0.00s Sys=0.00s Real=0.00s
[157.396s][info][gc,start       ] GC(245) Pause Young (Normal) (G1 Evacuation Pause)
[157.396s][info][gc,task        ] GC(245) Using 12 workers of 33 for evacuation
[157.397s][info][gc,phases      ] GC(245)   Pre Evacuate Collection Set: 0.1ms
[157.397s][info][gc,phases      ] GC(245)   Merge Heap Roots: 0.1ms
[157.397s][info][gc,phases      ] GC(245)   Evacuate Collection Set: 0.4ms
[157.397s][info][gc,phases      ] GC(245)   Post Evacuate Collection Set: 0.3ms
[157.397s][info][gc,phases      ] GC(245)   Other: 0.1ms
[157.397s][info][gc,heap        ] GC(245) Eden regions: 54->0(52)
[157.397s][info][gc,heap        ] GC(245) Survivor regions: 1->1(7)
[157.397s][info][gc,heap        ] GC(245) Old regions: 55->55
[157.397s][info][gc,heap        ] GC(245) Archive regions: 0->0
[157.397s][info][gc,heap        ] GC(245) Humongous regions: 378->376
[157.397s][info][gc,metaspace   ] GC(245) Metaspace: 118773K(120256K)->118773K(120256K) NonClass: 100892K(101504K)->100892K(101504K) Class: 17881K(18752K)->17881K(18752K)
[157.397s][info][gc             ] GC(245) Pause Young (Normal) (G1 Evacuation Pause) 485M->429M(512M) 1.197ms
[157.397s][info][gc,cpu         ] GC(245) User=0.00s Sys=0.00s Real=0.00s
[157.403s][info][gc,start       ] GC(246) Pause Young (Normal) (G1 Evacuation Pause)
[157.403s][info][gc,task        ] GC(246) Using 12 workers of 33 for evacuation
[157.404s][info][gc,phases      ] GC(246)   Pre Evacuate Collection Set: 0.1ms
[157.404s][info][gc,phases      ] GC(246)   Merge Heap Roots: 0.1ms
[157.404s][info][gc,phases      ] GC(246)   Evacuate Collection Set: 0.5ms
[157.404s][info][gc,phases      ] GC(246)   Post Evacuate Collection Set: 0.3ms
[157.404s][info][gc,phases      ] GC(246)   Other: 0.1ms
[157.405s][info][gc,heap        ] GC(246) Eden regions: 52->0(50)
[157.405s][info][gc,heap        ] GC(246) Survivor regions: 1->1(7)
[157.405s][info][gc,heap        ] GC(246) Old regions: 55->55
[157.405s][info][gc,heap        ] GC(246) Archive regions: 0->0
[157.405s][info][gc,heap        ] GC(246) Humongous regions: 380->378
[157.405s][info][gc,metaspace   ] GC(246) Metaspace: 118773K(120256K)->118773K(120256K) NonClass: 100892K(101504K)->100892K(101504K) Class: 17881K(18752K)->17881K(18752K)
[157.405s][info][gc             ] GC(246) Pause Young (Normal) (G1 Evacuation Pause) 485M->431M(512M) 1.272ms
[157.405s][info][gc,cpu         ] GC(246) User=0.00s Sys=0.00s Real=0.00s
[157.410s][info][gc,start       ] GC(247) Pause Young (Normal) (G1 Evacuation Pause)
[157.410s][info][gc,task        ] GC(247) Using 12 workers of 33 for evacuation
[157.411s][info][gc,phases      ] GC(247)   Pre Evacuate Collection Set: 0.1ms
[157.411s][info][gc,phases      ] GC(247)   Merge Heap Roots: 0.0ms
[157.411s][info][gc,phases      ] GC(247)   Evacuate Collection Set: 0.4ms
[157.411s][info][gc,phases      ] GC(247)   Post Evacuate Collection Set: 0.3ms
[157.411s][info][gc,phases      ] GC(247)   Other: 0.1ms
[157.411s][info][gc,heap        ] GC(247) Eden regions: 50->0(48)
[157.411s][info][gc,heap        ] GC(247) Survivor regions: 1->1(7)
[157.411s][info][gc,heap        ] GC(247) Old regions: 55->55
[157.411s][info][gc,heap        ] GC(247) Archive regions: 0->0
[157.411s][info][gc,heap        ] GC(247) Humongous regions: 382->380
[157.411s][info][gc,metaspace   ] GC(247) Metaspace: 118773K(120256K)->118773K(120256K) NonClass: 100892K(101504K)->100892K(101504K) Class: 17881K(18752K)->17881K(18752K)
[157.411s][info][gc             ] GC(247) Pause Young (Normal) (G1 Evacuation Pause) 485M->433M(512M) 1.175ms
[157.411s][info][gc,cpu         ] GC(247) User=0.00s Sys=0.00s Real=0.00s
[157.416s][info][gc,marking     ] GC(243) Concurrent Mark From Roots 28.947ms
[157.416s][info][gc,marking     ] GC(243) Concurrent Preclean
[157.417s][info][gc,start       ] GC(248) Pause Young (Normal) (G1 Evacuation Pause)
[157.417s][info][gc,task        ] GC(248) Using 12 workers of 33 for evacuation
[157.418s][info][gc,phases      ] GC(248)   Pre Evacuate Collection Set: 0.1ms
[157.418s][info][gc,phases      ] GC(248)   Merge Heap Roots: 0.1ms
[157.418s][info][gc,phases      ] GC(248)   Evacuate Collection Set: 0.4ms
[157.418s][info][gc,phases      ] GC(248)   Post Evacuate Collection Set: 0.3ms
[157.418s][info][gc,phases      ] GC(248)   Other: 0.1ms
[157.418s][info][gc,heap        ] GC(248) Eden regions: 48->0(48)
[157.418s][info][gc,heap        ] GC(248) Survivor regions: 1->1(7)
[157.418s][info][gc,heap        ] GC(248) Old regions: 55->55
[157.418s][info][gc,heap        ] GC(248) Archive regions: 0->0
[157.418s][info][gc,heap        ] GC(248) Humongous regions: 380->380
[157.418s][info][gc,metaspace   ] GC(248) Metaspace: 118773K(120256K)->118773K(120256K) NonClass: 100892K(101504K)->100892K(101504K) Class: 17881K(18752K)->17881K(18752K)
[157.418s][info][gc             ] GC(248) Pause Young (Normal) (G1 Evacuation Pause) 481M->433M(512M) 1.187ms
[157.418s][info][gc,cpu         ] GC(248) User=0.00s Sys=0.00s Real=0.00s
[157.420s][info][gc,marking     ] GC(243) Concurrent Preclean 4.223ms
[157.420s][info][gc,start       ] GC(243) Pause Remark
[157.422s][info][gc             ] GC(243) Pause Remark 452M->448M(512M) 1.954ms
[157.422s][info][gc,cpu         ] GC(243) User=0.00s Sys=0.00s Real=0.00s
[157.422s][info][gc,marking     ] GC(243) Concurrent Mark 35.760ms
[157.422s][info][gc,marking     ] GC(243) Concurrent Rebuild Remembered Sets and Scrub Regions
[157.426s][info][gc,start       ] GC(249) Pause Young (Normal) (G1 Evacuation Pause)
[157.426s][info][gc,task        ] GC(249) Using 12 workers of 33 for evacuation
[157.427s][info][gc,phases      ] GC(249)   Pre Evacuate Collection Set: 0.1ms
[157.427s][info][gc,phases      ] GC(249)   Merge Heap Roots: 0.1ms
[157.427s][info][gc,phases      ] GC(249)   Evacuate Collection Set: 0.4ms
[157.427s][info][gc,phases      ] GC(249)   Post Evacuate Collection Set: 0.3ms
[157.427s][info][gc,phases      ] GC(249)   Other: 0.1ms
[157.427s][info][gc,heap        ] GC(249) Eden regions: 48->0(52)
[157.427s][info][gc,heap        ] GC(249) Survivor regions: 1->1(7)
[157.427s][info][gc,heap        ] GC(249) Old regions: 55->55
[157.427s][info][gc,heap        ] GC(249) Archive regions: 0->0
[157.427s][info][gc,heap        ] GC(249) Humongous regions: 376->376
[157.427s][info][gc,metaspace   ] GC(249) Metaspace: 118773K(120256K)->118773K(120256K) NonClass: 100892K(101504K)->100892K(101504K) Class: 17881K(18752K)->17881K(18752K)
[157.427s][info][gc             ] GC(249) Pause Young (Normal) (G1 Evacuation Pause) 477M->429M(512M) 1.082ms
[157.427s][info][gc,cpu         ] GC(249) User=0.00s Sys=0.00s Real=0.00s
[157.431s][info][gc,marking     ] GC(243) Concurrent Rebuild Remembered Sets and Scrub Regions 8.666ms
[157.431s][info][gc,start       ] GC(243) Pause Cleanup
[157.432s][info][gc             ] GC(243) Pause Cleanup 476M->476M(512M) 0.146ms
[157.432s][info][gc,cpu         ] GC(243) User=0.00s Sys=0.00s Real=0.00s
[157.432s][info][gc,marking     ] GC(243) Concurrent Clear Claimed Marks
[157.432s][info][gc,marking     ] GC(243) Concurrent Clear Claimed Marks 0.221ms
[157.432s][info][gc,marking     ] GC(243) Concurrent Cleanup for Next Mark
[157.433s][info][gc,start       ] GC(250) Pause Young (Prepare Mixed) (G1 Evacuation Pause)
[157.433s][info][gc,task        ] GC(250) Using 12 workers of 33 for evacuation
[157.434s][info][gc,phases      ] GC(250)   Pre Evacuate Collection Set: 0.1ms
[157.434s][info][gc,phases      ] GC(250)   Merge Heap Roots: 0.2ms
[157.434s][info][gc,phases      ] GC(250)   Evacuate Collection Set: 0.4ms
[157.434s][info][gc,phases      ] GC(250)   Post Evacuate Collection Set: 0.3ms
[157.434s][info][gc,phases      ] GC(250)   Other: 0.1ms
[157.434s][info][gc,heap        ] GC(250) Eden regions: 52->0(52)
[157.434s][info][gc,heap        ] GC(250) Survivor regions: 1->1(7)
[157.434s][info][gc,heap        ] GC(250) Old regions: 55->55
[157.434s][info][gc,heap        ] GC(250) Archive regions: 0->0
[157.434s][info][gc,heap        ] GC(250) Humongous regions: 376->376
[157.434s][info][gc,metaspace   ] GC(250) Metaspace: 118773K(120256K)->118773K(120256K) NonClass: 100892K(101504K)->100892K(101504K) Class: 17881K(18752K)->17881K(18752K)
[157.434s][info][gc             ] GC(250) Pause Young (Prepare Mixed) (G1 Evacuation Pause) 481M->429M(512M) 1.227ms
[157.434s][info][gc,cpu         ] GC(250) User=0.00s Sys=0.00s Real=0.00s
[157.434s][info][gc,marking     ] GC(243) Concurrent Cleanup for Next Mark 2.289ms
[157.434s][info][gc             ] GC(243) Concurrent Mark Cycle 53.154ms
[157.438s][info][gc,start       ] GC(251) Pause Young (Mixed) (G1 Humongous Allocation)
[157.438s][info][gc,task        ] GC(251) Using 12 workers of 33 for evacuation
[157.440s][info][gc,phases      ] GC(251)   Pre Evacuate Collection Set: 0.1ms
[157.440s][info][gc,phases      ] GC(251)   Merge Heap Roots: 0.0ms
[157.440s][info][gc,phases      ] GC(251)   Evacuate Collection Set: 1.0ms
[157.440s][info][gc,phases      ] GC(251)   Post Evacuate Collection Set: 0.3ms
[157.440s][info][gc,phases      ] GC(251)   Other: 0.1ms
[157.440s][info][gc,heap        ] GC(251) Eden regions: 39->0(48)
[157.440s][info][gc,heap        ] GC(251) Survivor regions: 1->1(7)
[157.440s][info][gc,heap        ] GC(251) Old regions: 55->55
[157.440s][info][gc,heap        ] GC(251) Archive regions: 0->0
[157.440s][info][gc,heap        ] GC(251) Humongous regions: 380->380
[157.440s][info][gc,metaspace   ] GC(251) Metaspace: 118773K(120256K)->118773K(120256K) NonClass: 100892K(101504K)->100892K(101504K) Class: 17881K(18752K)->17881K(18752K)
[157.440s][info][gc             ] GC(251) Pause Young (Mixed) (G1 Humongous Allocation) 472M->433M(512M) 1.714ms
[157.440s][info][gc,cpu         ] GC(251) User=0.00s Sys=0.00s Real=0.00s
[157.442s][info][gc,start       ] GC(252) Pause Young (Concurrent Start) (G1 Humongous Allocation)
[157.442s][info][gc,task        ] GC(252) Using 12 workers of 33 for evacuation
[157.444s][info][gc,phases      ] GC(252)   Pre Evacuate Collection Set: 0.2ms
[157.444s][info][gc,phases      ] GC(252)   Merge Heap Roots: 0.0ms
[157.444s][info][gc,phases      ] GC(252)   Evacuate Collection Set: 1.2ms
[157.444s][info][gc,phases      ] GC(252)   Post Evacuate Collection Set: 0.3ms
[157.444s][info][gc,phases      ] GC(252)   Other: 0.1ms
[157.444s][info][gc,heap        ] GC(252) Eden regions: 9->0(43)
[157.444s][info][gc,heap        ] GC(252) Survivor regions: 1->1(7)
[157.444s][info][gc,heap        ] GC(252) Old regions: 55->55
[157.444s][info][gc,heap        ] GC(252) Archive regions: 0->0
[157.444s][info][gc,heap        ] GC(252) Humongous regions: 387->385
[157.444s][info][gc,metaspace   ] GC(252) Metaspace: 118773K(120256K)->118773K(120256K) NonClass: 100892K(101504K)->100892K(101504K) Class: 17881K(18752K)->17881K(18752K)
[157.444s][info][gc             ] GC(252) Pause Young (Concurrent Start) (G1 Humongous Allocation) 449M->438M(512M) 2.015ms
[157.444s][info][gc             ] GC(253) Concurrent Mark Cycle
[157.444s][info][gc,cpu         ] GC(252) User=0.00s Sys=0.00s Real=0.00s
[157.444s][info][gc,marking     ] GC(253) Concurrent Scan Root Regions
[157.450s][info][gc,marking     ] GC(253) Concurrent Scan Root Regions 5.640ms
[157.450s][info][gc,marking     ] GC(253) Concurrent Mark
[157.450s][info][gc,marking     ] GC(253) Concurrent Mark From Roots
[157.450s][info][gc,task        ] GC(253) Using 8 workers of 8 for marking
[157.450s][info][gc,start       ] GC(254) Pause Young (Normal) (G1 Evacuation Pause)
[157.450s][info][gc,task        ] GC(254) Using 12 workers of 33 for evacuation
[157.451s][info][gc,phases      ] GC(254)   Pre Evacuate Collection Set: 0.1ms
[157.451s][info][gc,phases      ] GC(254)   Merge Heap Roots: 0.0ms
[157.451s][info][gc,phases      ] GC(254)   Evacuate Collection Set: 0.4ms
[157.451s][info][gc,phases      ] GC(254)   Post Evacuate Collection Set: 0.3ms
[157.451s][info][gc,phases      ] GC(254)   Other: 0.1ms
[157.451s][info][gc,heap        ] GC(254) Eden regions: 43->0(36)
[157.451s][info][gc,heap        ] GC(254) Survivor regions: 1->1(6)
[157.451s][info][gc,heap        ] GC(254) Old regions: 55->55
[157.451s][info][gc,heap        ] GC(254) Archive regions: 0->0
[157.451s][info][gc,heap        ] GC(254) Humongous regions: 392->392
[157.451s][info][gc,metaspace   ] GC(254) Metaspace: 118773K(120256K)->118773K(120256K) NonClass: 100892K(101504K)->100892K(101504K) Class: 17881K(18752K)->17881K(18752K)
[157.451s][info][gc             ] GC(254) Pause Young (Normal) (G1 Evacuation Pause) 488M->445M(512M) 1.068ms
[157.451s][info][gc,cpu         ] GC(254) User=0.00s Sys=0.00s Real=0.00s
[157.455s][info][gc,start       ] GC(255) Pause Young (Normal) (G1 Evacuation Pause)
[157.455s][info][gc,task        ] GC(255) Using 12 workers of 33 for evacuation
[157.456s][info][gc,phases      ] GC(255)   Pre Evacuate Collection Set: 0.1ms
[157.456s][info][gc,phases      ] GC(255)   Merge Heap Roots: 0.1ms
[157.456s][info][gc,phases      ] GC(255)   Evacuate Collection Set: 0.4ms
[157.456s][info][gc,phases      ] GC(255)   Post Evacuate Collection Set: 0.3ms
[157.456s][info][gc,phases      ] GC(255)   Other: 0.1ms
[157.456s][info][gc,heap        ] GC(255) Eden regions: 36->0(36)
[157.456s][info][gc,heap        ] GC(255) Survivor regions: 1->1(5)
[157.456s][info][gc,heap        ] GC(255) Old regions: 55->55
[157.456s][info][gc,heap        ] GC(255) Archive regions: 0->0
[157.456s][info][gc,heap        ] GC(255) Humongous regions: 392->392
[157.456s][info][gc,metaspace   ] GC(255) Metaspace: 118773K(120256K)->118773K(120256K) NonClass: 100892K(101504K)->100892K(101504K) Class: 17881K(18752K)->17881K(18752K)
[157.456s][info][gc             ] GC(255) Pause Young (Normal) (G1 Evacuation Pause) 481M->445M(512M) 1.096ms
[157.456s][info][gc,cpu         ] GC(255) User=0.00s Sys=0.00s Real=0.00s
[157.460s][info][gc,start       ] GC(256) Pause Young (Normal) (G1 Evacuation Pause)
[157.460s][info][gc,task        ] GC(256) Using 12 workers of 33 for evacuation
[157.461s][info][gc,phases      ] GC(256)   Pre Evacuate Collection Set: 0.1ms
[157.461s][info][gc,phases      ] GC(256)   Merge Heap Roots: 0.0ms
[157.461s][info][gc,phases      ] GC(256)   Evacuate Collection Set: 0.3ms
[157.461s][info][gc,phases      ] GC(256)   Post Evacuate Collection Set: 0.3ms
[157.461s][info][gc,phases      ] GC(256)   Other: 0.1ms
[157.461s][info][gc,heap        ] GC(256) Eden regions: 36->0(36)
[157.461s][info][gc,heap        ] GC(256) Survivor regions: 1->1(5)
[157.461s][info][gc,heap        ] GC(256) Old regions: 55->55
[157.461s][info][gc,heap        ] GC(256) Archive regions: 0->0
[157.461s][info][gc,heap        ] GC(256) Humongous regions: 392->392
[157.461s][info][gc,metaspace   ] GC(256) Metaspace: 118773K(120256K)->118773K(120256K) NonClass: 100892K(101504K)->100892K(101504K) Class: 17881K(18752K)->17881K(18752K)
[157.461s][info][gc             ] GC(256) Pause Young (Normal) (G1 Evacuation Pause) 481M->445M(512M) 1.019ms
[157.461s][info][gc,cpu         ] GC(256) User=0.00s Sys=0.00s Real=0.00s
[157.463s][info][gc,start       ] GC(257) Pause Young (Normal) (G1 Humongous Allocation)
[157.463s][info][gc,task        ] GC(257) Using 12 workers of 33 for evacuation
[157.464s][info][gc,phases      ] GC(257)   Pre Evacuate Collection Set: 0.1ms
[157.464s][info][gc,phases      ] GC(257)   Merge Heap Roots: 0.0ms
[157.464s][info][gc,phases      ] GC(257)   Evacuate Collection Set: 0.3ms
[157.464s][info][gc,phases      ] GC(257)   Post Evacuate Collection Set: 0.3ms
[157.464s][info][gc,phases      ] GC(257)   Other: 0.1ms
[157.464s][info][gc,heap        ] GC(257) Eden regions: 14->0(36)
[157.464s][info][gc,heap        ] GC(257) Survivor regions: 1->1(5)
[157.464s][info][gc,heap        ] GC(257) Old regions: 55->55
[157.464s][info][gc,heap        ] GC(257) Archive regions: 0->0
[157.464s][info][gc,heap        ] GC(257) Humongous regions: 392->392
[157.464s][info][gc,metaspace   ] GC(257) Metaspace: 118773K(120256K)->118773K(120256K) NonClass: 100892K(101504K)->100892K(101504K) Class: 17881K(18752K)->17881K(18752K)
[157.464s][info][gc             ] GC(257) Pause Young (Normal) (G1 Humongous Allocation) 459M->445M(512M) 1.011ms
[157.464s][info][gc,cpu         ] GC(257) User=0.00s Sys=0.00s Real=0.00s
[157.466s][info][gc,start       ] GC(258) Pause Young (Normal) (G1 Humongous Allocation)
[157.466s][info][gc,task        ] GC(258) Using 12 workers of 33 for evacuation
[157.467s][info][gc,phases      ] GC(258)   Pre Evacuate Collection Set: 0.1ms
[157.467s][info][gc,phases      ] GC(258)   Merge Heap Roots: 0.0ms
[157.467s][info][gc,phases      ] GC(258)   Evacuate Collection Set: 0.4ms
[157.467s][info][gc,phases      ] GC(258)   Post Evacuate Collection Set: 0.3ms
[157.467s][info][gc,phases      ] GC(258)   Other: 0.1ms
[157.467s][info][gc,heap        ] GC(258) Eden regions: 16->0(29)
[157.467s][info][gc,heap        ] GC(258) Survivor regions: 1->1(5)
[157.467s][info][gc,heap        ] GC(258) Old regions: 55->55
[157.467s][info][gc,heap        ] GC(258) Archive regions: 0->0
[157.467s][info][gc,heap        ] GC(258) Humongous regions: 399->399
[157.467s][info][gc,metaspace   ] GC(258) Metaspace: 118773K(120256K)->118773K(120256K) NonClass: 100892K(101504K)->100892K(101504K) Class: 17881K(18752K)->17881K(18752K)
[157.467s][info][gc             ] GC(258) Pause Young (Normal) (G1 Humongous Allocation) 468M->452M(512M) 1.100ms
[157.467s][info][gc,cpu         ] GC(258) User=0.00s Sys=0.00s Real=0.00s
[157.467s][info][gc,ergo        ] Attempting full compaction
[157.467s][info][gc,start       ] GC(259) Pause Full (G1 Compaction Pause)
[157.467s][info][gc,task        ] GC(259) Using 12 workers of 33 for full compaction
[157.468s][info][gc,phases,start] GC(259) Phase 1: Mark live objects
[157.488s][info][gc,phases      ] GC(259) Phase 1: Mark live objects 19.557ms
[157.488s][info][gc,phases,start] GC(259) Phase 2: Prepare compaction
[157.489s][info][gc,phases      ] GC(259) Phase 2: Prepare compaction 1.501ms
[157.489s][info][gc,phases,start] GC(259) Phase 3: Adjust pointers
[157.493s][info][gc,phases      ] GC(259) Phase 3: Adjust pointers 3.499ms
[157.493s][info][gc,phases,start] GC(259) Phase 4: Compact heap
[157.493s][info][gc,phases      ] GC(259) Phase 4: Compact heap 0.317ms
[157.497s][info][gc,heap        ] GC(259) Eden regions: 0->0(39)
[157.497s][info][gc,heap        ] GC(259) Survivor regions: 1->0(5)
[157.497s][info][gc,heap        ] GC(259) Old regions: 55->55
[157.497s][info][gc,heap        ] GC(259) Archive regions: 0->0
[157.497s][info][gc,heap        ] GC(259) Humongous regions: 399->391
[157.497s][info][gc,metaspace   ] GC(259) Metaspace: 118773K(120256K)->118773K(120256K) NonClass: 100892K(101504K)->100892K(101504K) Class: 17881K(18752K)->17881K(18752K)
[157.497s][info][gc             ] GC(259) Pause Full (G1 Compaction Pause) 452M->442M(512M) 30.126ms
[157.497s][info][gc,cpu         ] GC(259) User=0.25s Sys=0.00s Real=0.03s
[157.498s][info][gc,marking     ] GC(253) Concurrent Mark From Roots 47.765ms
[157.498s][info][gc,marking     ] GC(253) Concurrent Mark Abort
[157.498s][info][gc             ] GC(253) Concurrent Mark Cycle 53.557ms
[157.503s][info][gc,start       ] GC(260) Pause Young (Normal) (G1 Evacuation Pause)
[157.503s][info][gc,task        ] GC(260) Using 12 workers of 33 for evacuation
[157.504s][info][gc,phases      ] GC(260)   Pre Evacuate Collection Set: 0.1ms
[157.504s][info][gc,phases      ] GC(260)   Merge Heap Roots: 0.0ms
[157.504s][info][gc,phases      ] GC(260)   Evacuate Collection Set: 0.4ms
[157.504s][info][gc,phases      ] GC(260)   Post Evacuate Collection Set: 0.3ms
[157.504s][info][gc,phases      ] GC(260)   Other: 0.1ms
[157.504s][info][gc,heap        ] GC(260) Eden regions: 39->0(30)
[157.504s][info][gc,heap        ] GC(260) Survivor regions: 0->1(5)
[157.504s][info][gc,heap        ] GC(260) Old regions: 55->55
[157.504s][info][gc,heap        ] GC(260) Archive regions: 0->0
[157.504s][info][gc,heap        ] GC(260) Humongous regions: 398->398
[157.504s][info][gc,metaspace   ] GC(260) Metaspace: 118773K(120256K)->118773K(120256K) NonClass: 100892K(101504K)->100892K(101504K) Class: 17881K(18752K)->17881K(18752K)
[157.504s][info][gc             ] GC(260) Pause Young (Normal) (G1 Evacuation Pause) 488M->449M(512M) 1.177ms
[157.504s][info][gc,cpu         ] GC(260) User=0.00s Sys=0.00s Real=0.00s
[157.508s][info][gc,start       ] GC(261) Pause Young (Concurrent Start) (G1 Evacuation Pause)
[157.508s][info][gc,task        ] GC(261) Using 12 workers of 33 for evacuation
[157.510s][info][gc,phases      ] GC(261)   Pre Evacuate Collection Set: 0.2ms
[157.510s][info][gc,phases      ] GC(261)   Merge Heap Roots: 0.0ms
[157.510s][info][gc,phases      ] GC(261)   Evacuate Collection Set: 1.1ms
[157.510s][info][gc,phases      ] GC(261)   Post Evacuate Collection Set: 0.3ms
[157.510s][info][gc,phases      ] GC(261)   Other: 0.1ms
[157.510s][info][gc,heap        ] GC(261) Eden regions: 30->0(30)
[157.510s][info][gc,heap        ] GC(261) Survivor regions: 1->1(4)
[157.510s][info][gc,heap        ] GC(261) Old regions: 55->55
[157.510s][info][gc,heap        ] GC(261) Archive regions: 0->0
[157.510s][info][gc,heap        ] GC(261) Humongous regions: 398->398
[157.510s][info][gc,metaspace   ] GC(261) Metaspace: 118773K(120256K)->118773K(120256K) NonClass: 100892K(101504K)->100892K(101504K) Class: 17881K(18752K)->17881K(18752K)
[157.510s][info][gc             ] GC(261) Pause Young (Concurrent Start) (G1 Evacuation Pause) 479M->449M(512M) 1.910ms
[157.510s][info][gc             ] GC(262) Concurrent Mark Cycle
[157.510s][info][gc,cpu         ] GC(261) User=0.00s Sys=0.00s Real=0.00s
[157.510s][info][gc,marking     ] GC(262) Concurrent Scan Root Regions
[157.513s][info][gc,marking     ] GC(262) Concurrent Scan Root Regions 3.020ms
[157.513s][info][gc,marking     ] GC(262) Concurrent Mark
[157.513s][info][gc,marking     ] GC(262) Concurrent Mark From Roots
[157.513s][info][gc,task        ] GC(262) Using 8 workers of 8 for marking
[157.516s][info][gc,start       ] GC(263) Pause Young (Normal) (G1 Evacuation Pause)
[157.516s][info][gc,task        ] GC(263) Using 12 workers of 33 for evacuation
[157.517s][info][gc,phases      ] GC(263)   Pre Evacuate Collection Set: 0.1ms
[157.517s][info][gc,phases      ] GC(263)   Merge Heap Roots: 0.0ms
[157.517s][info][gc,phases      ] GC(263)   Evacuate Collection Set: 0.4ms
[157.517s][info][gc,phases      ] GC(263)   Post Evacuate Collection Set: 0.3ms
[157.517s][info][gc,phases      ] GC(263)   Other: 0.1ms
[157.517s][info][gc,heap        ] GC(263) Eden regions: 30->0(30)
[157.517s][info][gc,heap        ] GC(263) Survivor regions: 1->1(4)
[157.517s][info][gc,heap        ] GC(263) Old regions: 55->55
[157.517s][info][gc,heap        ] GC(263) Archive regions: 0->0
[157.517s][info][gc,heap        ] GC(263) Humongous regions: 398->398
[157.517s][info][gc,metaspace   ] GC(263) Metaspace: 118773K(120256K)->118773K(120256K) NonClass: 100892K(101504K)->100892K(101504K) Class: 17881K(18752K)->17881K(18752K)
[157.517s][info][gc             ] GC(263) Pause Young (Normal) (G1 Evacuation Pause) 479M->449M(512M) 1.178ms
[157.517s][info][gc,cpu         ] GC(263) User=0.00s Sys=0.00s Real=0.00s
[157.522s][info][gc,start       ] GC(264) Pause Young (Normal) (G1 Evacuation Pause)
[157.522s][info][gc,task        ] GC(264) Using 12 workers of 33 for evacuation
[157.523s][info][gc,phases      ] GC(264)   Pre Evacuate Collection Set: 0.1ms
[157.523s][info][gc,phases      ] GC(264)   Merge Heap Roots: 0.1ms
[157.523s][info][gc,phases      ] GC(264)   Evacuate Collection Set: 0.4ms
[157.523s][info][gc,phases      ] GC(264)   Post Evacuate Collection Set: 0.3ms
[157.523s][info][gc,phases      ] GC(264)   Other: 0.1ms
[157.523s][info][gc,heap        ] GC(264) Eden regions: 30->0(30)
[157.523s][info][gc,heap        ] GC(264) Survivor regions: 1->1(4)
[157.523s][info][gc,heap        ] GC(264) Old regions: 55->55
[157.523s][info][gc,heap        ] GC(264) Archive regions: 0->0
[157.523s][info][gc,heap        ] GC(264) Humongous regions: 398->398
[157.523s][info][gc,metaspace   ] GC(264) Metaspace: 118773K(120256K)->118773K(120256K) NonClass: 100892K(101504K)->100892K(101504K) Class: 17881K(18752K)->17881K(18752K)
[157.523s][info][gc             ] GC(264) Pause Young (Normal) (G1 Evacuation Pause) 479M->449M(512M) 1.186ms
[157.523s][info][gc,cpu         ] GC(264) User=0.00s Sys=0.00s Real=0.00s
[157.528s][info][gc,start       ] GC(265) Pause Young (Normal) (G1 Evacuation Pause)
[157.528s][info][gc,task        ] GC(265) Using 12 workers of 33 for evacuation
[157.529s][info][gc,phases      ] GC(265)   Pre Evacuate Collection Set: 0.1ms
[157.529s][info][gc,phases      ] GC(265)   Merge Heap Roots: 0.0ms
[157.529s][info][gc,phases      ] GC(265)   Evacuate Collection Set: 0.4ms
[157.529s][info][gc,phases      ] GC(265)   Post Evacuate Collection Set: 0.3ms
[157.529s][info][gc,phases      ] GC(265)   Other: 0.1ms
[157.529s][info][gc,heap        ] GC(265) Eden regions: 30->0(30)
[157.529s][info][gc,heap        ] GC(265) Survivor regions: 1->1(4)
[157.529s][info][gc,heap        ] GC(265) Old regions: 55->55
[157.529s][info][gc,heap        ] GC(265) Archive regions: 0->0
[157.529s][info][gc,heap        ] GC(265) Humongous regions: 398->398
[157.529s][info][gc,metaspace   ] GC(265) Metaspace: 118773K(120256K)->118773K(120256K) NonClass: 100892K(101504K)->100892K(101504K) Class: 17881K(18752K)->17881K(18752K)
[157.529s][info][gc             ] GC(265) Pause Young (Normal) (G1 Evacuation Pause) 479M->449M(512M) 1.206ms
[157.529s][info][gc,cpu         ] GC(265) User=0.00s Sys=0.00s Real=0.00s
[157.532s][info][gc,marking     ] GC(262) Concurrent Mark From Roots 19.204ms
[157.532s][info][gc,marking     ] GC(262) Concurrent Preclean
[157.533s][info][gc,marking     ] GC(262) Concurrent Preclean 0.784ms
[157.533s][info][gc,start       ] GC(262) Pause Remark
[157.536s][info][gc             ] GC(262) Pause Remark 477M->469M(512M) 2.614ms
[157.536s][info][gc,cpu         ] GC(262) User=0.00s Sys=0.00s Real=0.00s
[157.536s][info][gc,marking     ] GC(262) Concurrent Mark 22.998ms
[157.536s][info][gc,marking     ] GC(262) Concurrent Rebuild Remembered Sets and Scrub Regions
[157.536s][info][gc,start       ] GC(266) Pause Young (Normal) (G1 Evacuation Pause)
[157.536s][info][gc,task        ] GC(266) Using 12 workers of 33 for evacuation
[157.537s][info][gc,phases      ] GC(266)   Pre Evacuate Collection Set: 0.1ms
[157.537s][info][gc,phases      ] GC(266)   Merge Heap Roots: 0.1ms
[157.537s][info][gc,phases      ] GC(266)   Evacuate Collection Set: 0.3ms
[157.537s][info][gc,phases      ] GC(266)   Post Evacuate Collection Set: 0.3ms
[157.537s][info][gc,phases      ] GC(266)   Other: 0.1ms
[157.537s][info][gc,heap        ] GC(266) Eden regions: 30->0(38)
[157.537s][info][gc,heap        ] GC(266) Survivor regions: 1->1(4)
[157.537s][info][gc,heap        ] GC(266) Old regions: 55->55
[157.537s][info][gc,heap        ] GC(266) Archive regions: 0->0
[157.537s][info][gc,heap        ] GC(266) Humongous regions: 390->390
[157.537s][info][gc,metaspace   ] GC(266) Metaspace: 118773K(120256K)->118773K(120256K) NonClass: 100892K(101504K)->100892K(101504K) Class: 17881K(18752K)->17881K(18752K)
[157.537s][info][gc             ] GC(266) Pause Young (Normal) (G1 Evacuation Pause) 471M->441M(512M) 1.060ms
[157.537s][info][gc,cpu         ] GC(266) User=0.00s Sys=0.00s Real=0.00s
[157.541s][info][gc,start       ] GC(267) Pause Young (Normal) (G1 Humongous Allocation)
[157.541s][info][gc,task        ] GC(267) Using 12 workers of 33 for evacuation
[157.542s][info][gc,phases      ] GC(267)   Pre Evacuate Collection Set: 0.1ms
[157.542s][info][gc,phases      ] GC(267)   Merge Heap Roots: 0.0ms
[157.542s][info][gc,phases      ] GC(267)   Evacuate Collection Set: 0.3ms
[157.542s][info][gc,phases      ] GC(267)   Post Evacuate Collection Set: 0.3ms
[157.542s][info][gc,phases      ] GC(267)   Other: 0.1ms
[157.542s][info][gc,heap        ] GC(267) Eden regions: 25->0(38)
[157.542s][info][gc,heap        ] GC(267) Survivor regions: 1->1(5)
[157.542s][info][gc,heap        ] GC(267) Old regions: 55->55
[157.542s][info][gc,heap        ] GC(267) Archive regions: 0->0
[157.542s][info][gc,heap        ] GC(267) Humongous regions: 390->390
[157.542s][info][gc,metaspace   ] GC(267) Metaspace: 118773K(120256K)->118773K(120256K) NonClass: 100892K(101504K)->100892K(101504K) Class: 17881K(18752K)->17881K(18752K)
[157.542s][info][gc             ] GC(267) Pause Young (Normal) (G1 Humongous Allocation) 466M->441M(512M) 1.037ms
[157.542s][info][gc,cpu         ] GC(267) User=0.08s Sys=0.33s Real=0.02s
[157.542s][info][gc,ergo        ] Attempting full compaction
[157.542s][info][gc,start       ] GC(268) Pause Full (G1 Compaction Pause)
[157.542s][info][gc,task        ] GC(268) Using 12 workers of 33 for full compaction
[157.543s][info][gc,phases,start] GC(268) Phase 1: Mark live objects
[157.560s][info][gc,phases      ] GC(268) Phase 1: Mark live objects 17.452ms
[157.560s][info][gc,phases,start] GC(268) Phase 2: Prepare compaction
[157.562s][info][gc,phases      ] GC(268) Phase 2: Prepare compaction 1.509ms
[157.562s][info][gc,phases,start] GC(268) Phase 3: Adjust pointers
[157.565s][info][gc,phases      ] GC(268) Phase 3: Adjust pointers 3.604ms
[157.565s][info][gc,phases,start] GC(268) Phase 4: Compact heap
[157.565s][info][gc,phases      ] GC(268) Phase 4: Compact heap 0.293ms
[157.570s][info][gc,heap        ] GC(268) Eden regions: 0->0(40)
[157.570s][info][gc,heap        ] GC(268) Survivor regions: 1->0(5)
[157.570s][info][gc,heap        ] GC(268) Old regions: 55->55
[157.570s][info][gc,heap        ] GC(268) Archive regions: 0->0
[157.570s][info][gc,heap        ] GC(268) Humongous regions: 390->390
[157.570s][info][gc,metaspace   ] GC(268) Metaspace: 118773K(120256K)->118773K(120256K) NonClass: 100892K(101504K)->100892K(101504K) Class: 17881K(18752K)->17881K(18752K)
[157.570s][info][gc             ] GC(268) Pause Full (G1 Compaction Pause) 441M->441M(512M) 27.975ms
[157.570s][info][gc,cpu         ] GC(268) User=0.23s Sys=0.00s Real=0.02s
[157.570s][info][gc,ergo        ] Attempting maximal full compaction clearing soft references
[157.570s][info][gc,start       ] GC(269) Pause Full (G1 Compaction Pause)
[157.570s][info][gc,task        ] GC(269) Using 12 workers of 33 for full compaction
[157.570s][info][gc,phases,start] GC(269) Phase 1: Mark live objects
[157.592s][info][gc,phases      ] GC(269) Phase 1: Mark live objects 21.533ms
[157.592s][info][gc,phases,start] GC(269) Phase 2: Prepare compaction
[157.595s][info][gc,phases      ] GC(269) Phase 2: Prepare compaction 3.490ms
[157.595s][info][gc,phases,start] GC(269) Phase 3: Adjust pointers
[157.600s][info][gc,phases      ] GC(269) Phase 3: Adjust pointers 4.249ms
[157.600s][info][gc,phases,start] GC(269) Phase 4: Compact heap
[157.602s][info][gc,phases      ] GC(269) Phase 4: Compact heap 2.316ms
[157.607s][info][gc,heap        ] GC(269) Eden regions: 0->0(41)
[157.608s][info][gc,heap        ] GC(269) Survivor regions: 0->0(5)
[157.608s][info][gc,heap        ] GC(269) Old regions: 55->54
[157.608s][info][gc,heap        ] GC(269) Archive regions: 0->0
[157.608s][info][gc,heap        ] GC(269) Humongous regions: 390->390
[157.608s][info][gc,metaspace   ] GC(269) Metaspace: 118773K(120256K)->118773K(120256K) NonClass: 100892K(101504K)->100892K(101504K) Class: 17881K(18752K)->17881K(18752K)
[157.608s][info][gc             ] GC(269) Pause Full (G1 Compaction Pause) 441M->440M(512M) 37.729ms
[157.608s][info][gc,cpu         ] GC(269) User=0.53s Sys=0.00s Real=0.05s
[157.608s][info][gc,marking     ] GC(262) Concurrent Rebuild Remembered Sets and Scrub Regions 71.837ms
[157.608s][info][gc,marking     ] GC(262) Concurrent Mark Abort
[157.608s][info][gc             ] GC(262) Concurrent Mark Cycle 98.113ms
[157.611s][info][gc,start       ] GC(270) Pause Young (Concurrent Start) (G1 Humongous Allocation)
[157.612s][info][gc,task        ] GC(270) Using 12 workers of 33 for evacuation
[157.613s][info][gc,phases      ] GC(270)   Pre Evacuate Collection Set: 0.2ms
[157.613s][info][gc,phases      ] GC(270)   Merge Heap Roots: 0.0ms
[157.613s][info][gc,phases      ] GC(270)   Evacuate Collection Set: 1.3ms
[157.613s][info][gc,phases      ] GC(270)   Post Evacuate Collection Set: 0.3ms
[157.613s][info][gc,phases      ] GC(270)   Other: 0.1ms
[157.614s][info][gc,heap        ] GC(270) Eden regions: 21->0(32)
[157.614s][info][gc,heap        ] GC(270) Survivor regions: 0->1(6)
[157.614s][info][gc,heap        ] GC(270) Old regions: 54->54
[157.614s][info][gc,heap        ] GC(270) Archive regions: 0->0
[157.614s][info][gc,heap        ] GC(270) Humongous regions: 397->397
[157.614s][info][gc,metaspace   ] GC(270) Metaspace: 118773K(120256K)->118773K(120256K) NonClass: 100892K(101504K)->100892K(101504K) Class: 17881K(18752K)->17881K(18752K)
[157.614s][info][gc             ] GC(270) Pause Young (Concurrent Start) (G1 Humongous Allocation) 467M->447M(512M) 2.195ms
[157.614s][info][gc             ] GC(271) Concurrent Mark Cycle
[157.614s][info][gc,cpu         ] GC(270) User=0.00s Sys=0.00s Real=0.00s
[157.614s][info][gc,marking     ] GC(271) Concurrent Scan Root Regions
[157.615s][info][gc,start       ] GC(272) Pause Young (Normal) (G1 Humongous Allocation)
[157.615s][info][gc,task        ] GC(272) Using 12 workers of 33 for evacuation
[157.615s][info][gc,marking     ] GC(271) Concurrent Scan Root Regions 1.801ms
[157.615s][info][gc,marking     ] GC(271) Concurrent Mark
[157.616s][info][gc,marking     ] GC(271) Concurrent Mark From Roots
[157.616s][info][gc,task        ] GC(271) Using 8 workers of 8 for marking
[157.616s][info][gc,phases      ] GC(272)   Pre Evacuate Collection Set: 0.9ms
[157.616s][info][gc,phases      ] GC(272)   Merge Heap Roots: 0.0ms
[157.616s][info][gc,phases      ] GC(272)   Evacuate Collection Set: 0.3ms
[157.616s][info][gc,phases      ] GC(272)   Post Evacuate Collection Set: 0.3ms
[157.616s][info][gc,phases      ] GC(272)   Other: 0.1ms
[157.616s][info][gc,heap        ] GC(272) Eden regions: 1->0(32)
[157.616s][info][gc,heap        ] GC(272) Survivor regions: 1->1(5)
[157.616s][info][gc,heap        ] GC(272) Old regions: 54->54
[157.616s][info][gc,heap        ] GC(272) Archive regions: 0->0
[157.616s][info][gc,heap        ] GC(272) Humongous regions: 397->397
[157.616s][info][gc,metaspace   ] GC(272) Metaspace: 118773K(120256K)->118773K(120256K) NonClass: 100892K(101504K)->100892K(101504K) Class: 17881K(18752K)->17881K(18752K)
[157.616s][info][gc             ] GC(272) Pause Young (Normal) (G1 Humongous Allocation) 447M->447M(512M) 1.749ms
[157.616s][info][gc,cpu         ] GC(272) User=0.00s Sys=0.00s Real=0.00s
[157.616s][info][gc,ergo        ] Attempting full compaction
[157.616s][info][gc,start       ] GC(273) Pause Full (G1 Compaction Pause)
[157.616s][info][gc,task        ] GC(273) Using 12 workers of 33 for full compaction
[157.617s][info][gc,phases,start] GC(273) Phase 1: Mark live objects
[157.638s][info][gc,phases      ] GC(273) Phase 1: Mark live objects 21.462ms
[157.639s][info][gc,phases,start] GC(273) Phase 2: Prepare compaction
[157.640s][info][gc,phases      ] GC(273) Phase 2: Prepare compaction 1.353ms
[157.640s][info][gc,phases,start] GC(273) Phase 3: Adjust pointers
[157.643s][info][gc,phases      ] GC(273) Phase 3: Adjust pointers 3.499ms
[157.643s][info][gc,phases,start] GC(273) Phase 4: Compact heap
[157.644s][info][gc,phases      ] GC(273) Phase 4: Compact heap 0.197ms
[157.647s][info][gc,heap        ] GC(273) Eden regions: 0->0(34)
[157.648s][info][gc,heap        ] GC(273) Survivor regions: 1->0(5)
[157.648s][info][gc,heap        ] GC(273) Old regions: 54->54
[157.648s][info][gc,heap        ] GC(273) Archive regions: 0->0
[157.648s][info][gc,heap        ] GC(273) Humongous regions: 397->397
[157.648s][info][gc,metaspace   ] GC(273) Metaspace: 118773K(120256K)->118773K(120256K) NonClass: 100892K(101504K)->100892K(101504K) Class: 17881K(18752K)->17881K(18752K)
[157.648s][info][gc             ] GC(273) Pause Full (G1 Compaction Pause) 447M->447M(512M) 31.164ms
[157.648s][info][gc,cpu         ] GC(273) User=0.44s Sys=0.00s Real=0.03s
[157.648s][info][gc,ergo        ] Attempting maximal full compaction clearing soft references
[157.648s][info][gc,start       ] GC(274) Pause Full (G1 Compaction Pause)
[157.648s][info][gc,task        ] GC(274) Using 12 workers of 33 for full compaction
[157.648s][info][gc,phases,start] GC(274) Phase 1: Mark live objects
[157.667s][info][gc,phases      ] GC(274) Phase 1: Mark live objects 18.486ms
[157.667s][info][gc,phases,start] GC(274) Phase 2: Prepare compaction
[157.669s][info][gc,phases      ] GC(274) Phase 2: Prepare compaction 2.351ms
[157.669s][info][gc,phases,start] GC(274) Phase 3: Adjust pointers
[157.673s][info][gc,phases      ] GC(274) Phase 3: Adjust pointers 3.735ms
[157.673s][info][gc,phases,start] GC(274) Phase 4: Compact heap
[157.674s][info][gc,phases      ] GC(274) Phase 4: Compact heap 1.312ms
[157.681s][info][gc,heap        ] GC(274) Eden regions: 0->0(35)
[157.681s][info][gc,heap        ] GC(274) Survivor regions: 0->0(5)
[157.681s][info][gc,heap        ] GC(274) Old regions: 54->53
[157.681s][info][gc,heap        ] GC(274) Archive regions: 0->0
[157.682s][info][gc,heap        ] GC(274) Humongous regions: 397->397
[157.682s][info][gc,metaspace   ] GC(274) Metaspace: 118773K(120256K)->118773K(120256K) NonClass: 100892K(101504K)->100892K(101504K) Class: 17881K(18752K)->17881K(18752K)
[157.682s][info][gc             ] GC(274) Pause Full (G1 Compaction Pause) 447M->447M(512M) 33.964ms
[157.682s][info][gc,cpu         ] GC(274) User=0.38s Sys=0.02s Real=0.03s
[157.682s][info][gc,marking     ] GC(271) Concurrent Mark From Roots 66.322ms
[157.682s][info][gc,marking     ] GC(271) Concurrent Mark Abort
[157.682s][info][gc             ] GC(271) Concurrent Mark Cycle 68.270ms
[157.687s][info][gc,start       ] GC(275) Pause Young (Normal) (G1 Evacuation Pause)
[157.687s][info][gc,task        ] GC(275) Using 12 workers of 33 for evacuation
[157.688s][info][gc,phases      ] GC(275)   Pre Evacuate Collection Set: 0.1ms
[157.688s][info][gc,phases      ] GC(275)   Merge Heap Roots: 0.1ms
[157.688s][info][gc,phases      ] GC(275)   Evacuate Collection Set: 0.5ms
[157.688s][info][gc,phases      ] GC(275)   Post Evacuate Collection Set: 0.4ms
[157.688s][info][gc,phases      ] GC(275)   Other: 0.1ms
[157.688s][info][gc,heap        ] GC(275) Eden regions: 35->0(33)
[157.688s][info][gc,heap        ] GC(275) Survivor regions: 0->1(5)
[157.688s][info][gc,heap        ] GC(275) Old regions: 53->53
[157.688s][info][gc,heap        ] GC(275) Archive regions: 0->0
[157.688s][info][gc,heap        ] GC(275) Humongous regions: 397->397
[157.688s][info][gc,metaspace   ] GC(275) Metaspace: 118773K(120256K)->118773K(120256K) NonClass: 100892K(101504K)->100892K(101504K) Class: 17881K(18752K)->17881K(18752K)
[157.688s][info][gc             ] GC(275) Pause Young (Normal) (G1 Evacuation Pause) 482M->447M(512M) 1.523ms
[157.688s][info][gc,cpu         ] GC(275) User=0.00s Sys=0.00s Real=0.00s
[157.693s][info][gc,start       ] GC(276) Pause Young (Concurrent Start) (G1 Evacuation Pause)
[157.693s][info][gc,task        ] GC(276) Using 12 workers of 33 for evacuation
[157.696s][info][gc,phases      ] GC(276)   Pre Evacuate Collection Set: 0.2ms
[157.696s][info][gc,phases      ] GC(276)   Merge Heap Roots: 0.1ms
[157.696s][info][gc,phases      ] GC(276)   Evacuate Collection Set: 2.4ms
[157.696s][info][gc,phases      ] GC(276)   Post Evacuate Collection Set: 0.3ms
[157.696s][info][gc,phases      ] GC(276)   Other: 0.1ms
[157.696s][info][gc,heap        ] GC(276) Eden regions: 33->0(33)
[157.696s][info][gc,heap        ] GC(276) Survivor regions: 1->1(5)
[157.696s][info][gc,heap        ] GC(276) Old regions: 53->53
[157.696s][info][gc,heap        ] GC(276) Archive regions: 0->0
[157.696s][info][gc,heap        ] GC(276) Humongous regions: 397->397
[157.696s][info][gc,metaspace   ] GC(276) Metaspace: 118782K(120256K)->118782K(120256K) NonClass: 100901K(101504K)->100901K(101504K) Class: 17881K(18752K)->17881K(18752K)
[157.696s][info][gc             ] GC(276) Pause Young (Concurrent Start) (G1 Evacuation Pause) 480M->447M(512M) 3.310ms
[157.696s][info][gc             ] GC(277) Concurrent Mark Cycle
[157.696s][info][gc,cpu         ] GC(276) User=0.00s Sys=0.00s Real=0.00s
[157.697s][info][gc,marking     ] GC(277) Concurrent Scan Root Regions
[157.698s][info][gc,start       ] GC(278) Pause Young (Normal) (G1 Humongous Allocation)
[157.698s][info][gc,task        ] GC(278) Using 12 workers of 33 for evacuation
[157.699s][info][gc,marking     ] GC(277) Concurrent Scan Root Regions 2.440ms
[157.699s][info][gc,marking     ] GC(277) Concurrent Mark
[157.699s][info][gc,marking     ] GC(277) Concurrent Mark From Roots
[157.699s][info][gc,task        ] GC(277) Using 8 workers of 8 for marking
[157.700s][info][gc,phases      ] GC(278)   Pre Evacuate Collection Set: 0.8ms
[157.700s][info][gc,phases      ] GC(278)   Merge Heap Roots: 0.0ms
[157.700s][info][gc,phases      ] GC(278)   Evacuate Collection Set: 0.5ms
[157.700s][info][gc,phases      ] GC(278)   Post Evacuate Collection Set: 0.3ms
[157.700s][info][gc,phases      ] GC(278)   Other: 0.1ms
[157.700s][info][gc,heap        ] GC(278) Eden regions: 10->0(33)
[157.700s][info][gc,heap        ] GC(278) Survivor regions: 1->1(5)
[157.700s][info][gc,heap        ] GC(278) Old regions: 53->53
[157.700s][info][gc,heap        ] GC(278) Archive regions: 0->0
[157.700s][info][gc,heap        ] GC(278) Humongous regions: 397->397
[157.700s][info][gc,metaspace   ] GC(278) Metaspace: 118782K(120256K)->118782K(120256K) NonClass: 100901K(101504K)->100901K(101504K) Class: 17881K(18752K)->17881K(18752K)
[157.700s][info][gc             ] GC(278) Pause Young (Normal) (G1 Humongous Allocation) 456M->447M(512M) 2.081ms
[157.700s][info][gc,cpu         ] GC(278) User=0.00s Sys=0.00s Real=0.00s
[157.700s][info][gc,ergo        ] Attempting full compaction
[157.700s][info][gc,start       ] GC(279) Pause Full (G1 Compaction Pause)
[157.700s][info][gc,task        ] GC(279) Using 12 workers of 33 for full compaction
[157.701s][info][gc,phases,start] GC(279) Phase 1: Mark live objects
[157.718s][info][gc,phases      ] GC(279) Phase 1: Mark live objects 17.312ms
[157.718s][info][gc,phases,start] GC(279) Phase 2: Prepare compaction
[157.720s][info][gc,phases      ] GC(279) Phase 2: Prepare compaction 1.342ms
[157.720s][info][gc,phases,start] GC(279) Phase 3: Adjust pointers
[157.723s][info][gc,phases      ] GC(279) Phase 3: Adjust pointers 3.335ms
[157.723s][info][gc,phases,start] GC(279) Phase 4: Compact heap
[157.723s][info][gc,phases      ] GC(279) Phase 4: Compact heap 0.244ms
[157.731s][info][gc,heap        ] GC(279) Eden regions: 0->0(54)
[157.731s][info][gc,heap        ] GC(279) Survivor regions: 1->0(5)
[157.732s][info][gc,heap        ] GC(279) Old regions: 53->54
[157.732s][info][gc,heap        ] GC(279) Archive regions: 0->0
[157.732s][info][gc,heap        ] GC(279) Humongous regions: 397->377
[157.732s][info][gc,metaspace   ] GC(279) Metaspace: 118782K(120256K)->118782K(120256K) NonClass: 100901K(101504K)->100901K(101504K) Class: 17881K(18752K)->17881K(18752K)
[157.732s][info][gc             ] GC(279) Pause Full (G1 Compaction Pause) 447M->427M(512M) 31.390ms
[157.732s][info][gc,cpu         ] GC(279) User=0.20s Sys=0.00s Real=0.03s
[157.732s][info][gc,marking     ] GC(277) Concurrent Mark From Roots 32.937ms
[157.732s][info][gc,marking     ] GC(277) Concurrent Mark Abort
[157.732s][info][gc             ] GC(277) Concurrent Mark Cycle 35.507ms
[157.733s][info][gc,start       ] GC(280) Pause Young (Concurrent Start) (G1 Humongous Allocation)
[157.733s][info][gc,task        ] GC(280) Using 12 workers of 33 for evacuation
[157.735s][info][gc,phases      ] GC(280)   Pre Evacuate Collection Set: 0.2ms
[157.735s][info][gc,phases      ] GC(280)   Merge Heap Roots: 0.0ms
[157.735s][info][gc,phases      ] GC(280)   Evacuate Collection Set: 1.1ms
[157.735s][info][gc,phases      ] GC(280)   Post Evacuate Collection Set: 0.4ms
[157.735s][info][gc,phases      ] GC(280)   Other: 0.1ms
[157.735s][info][gc,heap        ] GC(280) Eden regions: 9->0(45)
[157.735s][info][gc,heap        ] GC(280) Survivor regions: 0->1(7)
[157.735s][info][gc,heap        ] GC(280) Old regions: 54->54
[157.735s][info][gc,heap        ] GC(280) Archive regions: 0->0
[157.735s][info][gc,heap        ] GC(280) Humongous regions: 384->384
[157.735s][info][gc,metaspace   ] GC(280) Metaspace: 118783K(120256K)->118783K(120256K) NonClass: 100901K(101504K)->100901K(101504K) Class: 17881K(18752K)->17881K(18752K)
[157.735s][info][gc             ] GC(280) Pause Young (Concurrent Start) (G1 Humongous Allocation) 442M->434M(512M) 2.130ms
[157.735s][info][gc             ] GC(281) Concurrent Mark Cycle
[157.735s][info][gc,cpu         ] GC(280) User=0.00s Sys=0.00s Real=0.00s
[157.735s][info][gc,marking     ] GC(281) Concurrent Scan Root Regions
[157.739s][info][gc,marking     ] GC(281) Concurrent Scan Root Regions 3.469ms
[157.739s][info][gc,marking     ] GC(281) Concurrent Mark
[157.739s][info][gc,marking     ] GC(281) Concurrent Mark From Roots
[157.739s][info][gc,task        ] GC(281) Using 8 workers of 8 for marking
[157.758s][info][gc,start       ] GC(282) Pause Young (Normal) (G1 Evacuation Pause)
[157.759s][info][gc,task        ] GC(282) Using 12 workers of 33 for evacuation
[157.760s][info][gc,phases      ] GC(282)   Pre Evacuate Collection Set: 0.1ms
[157.760s][info][gc,phases      ] GC(282)   Merge Heap Roots: 0.1ms
[157.760s][info][gc,phases      ] GC(282)   Evacuate Collection Set: 0.8ms
[157.760s][info][gc,phases      ] GC(282)   Post Evacuate Collection Set: 0.4ms
[157.760s][info][gc,phases      ] GC(282)   Other: 0.1ms
[157.760s][info][gc,heap        ] GC(282) Eden regions: 45->0(30)
[157.760s][info][gc,heap        ] GC(282) Survivor regions: 1->1(6)
[157.760s][info][gc,heap        ] GC(282) Old regions: 54->54
[157.760s][info][gc,heap        ] GC(282) Archive regions: 0->0
[157.760s][info][gc,heap        ] GC(282) Humongous regions: 399->399
[157.760s][info][gc,metaspace   ] GC(282) Metaspace: 118787K(120256K)->118787K(120256K) NonClass: 100904K(101504K)->100904K(101504K) Class: 17883K(18752K)->17883K(18752K)
[157.760s][info][gc             ] GC(282) Pause Young (Normal) (G1 Evacuation Pause) 494M->449M(512M) 1.673ms
[157.760s][info][gc,cpu         ] GC(282) User=0.00s Sys=0.00s Real=0.00s
[157.774s][info][gc,start       ] GC(283) Pause Young (Normal) (G1 Humongous Allocation)
[157.774s][info][gc,task        ] GC(283) Using 12 workers of 33 for evacuation
[157.776s][info][gc,phases      ] GC(283)   Pre Evacuate Collection Set: 0.1ms
[157.776s][info][gc,phases      ] GC(283)   Merge Heap Roots: 0.1ms
[157.776s][info][gc,phases      ] GC(283)   Evacuate Collection Set: 1.1ms
[157.777s][info][gc,phases      ] GC(283)   Post Evacuate Collection Set: 0.7ms
[157.777s][info][gc,phases      ] GC(283)   Other: 0.1ms
[157.777s][info][gc,heap        ] GC(283) Eden regions: 8->0(30)
[157.777s][info][gc,heap        ] GC(283) Survivor regions: 1->1(4)
[157.777s][info][gc,heap        ] GC(283) Old regions: 54->54
[157.777s][info][gc,heap        ] GC(283) Archive regions: 0->0
[157.777s][info][gc,heap        ] GC(283) Humongous regions: 399->399
[157.777s][info][gc,metaspace   ] GC(283) Metaspace: 118789K(120256K)->118789K(120256K) NonClass: 100906K(101504K)->100906K(101504K) Class: 17883K(18752K)->17883K(18752K)
[157.777s][info][gc             ] GC(283) Pause Young (Normal) (G1 Humongous Allocation) 457M->449M(512M) 2.613ms
[157.777s][info][gc,cpu         ] GC(283) User=0.00s Sys=0.00s Real=0.00s
[157.777s][info][gc,ergo        ] Attempting full compaction
[157.777s][info][gc,start       ] GC(284) Pause Full (G1 Compaction Pause)
[157.777s][info][gc,task        ] GC(284) Using 12 workers of 33 for full compaction
[157.778s][info][gc,phases,start] GC(284) Phase 1: Mark live objects
[157.802s][info][gc,phases      ] GC(284) Phase 1: Mark live objects 24.375ms
[157.802s][info][gc,phases,start] GC(284) Phase 2: Prepare compaction
[157.804s][info][gc,phases      ] GC(284) Phase 2: Prepare compaction 1.703ms
[157.804s][info][gc,phases,start] GC(284) Phase 3: Adjust pointers
[157.808s][info][gc,phases      ] GC(284) Phase 3: Adjust pointers 3.441ms
[157.808s][info][gc,phases,start] GC(284) Phase 4: Compact heap
[157.808s][info][gc,phases      ] GC(284) Phase 4: Compact heap 0.262ms
[157.813s][info][gc,heap        ] GC(284) Eden regions: 0->0(46)
[157.813s][info][gc,heap        ] GC(284) Survivor regions: 1->0(4)
[157.813s][info][gc,heap        ] GC(284) Old regions: 54->55
[157.813s][info][gc,heap        ] GC(284) Archive regions: 0->0
[157.813s][info][gc,heap        ] GC(284) Humongous regions: 399->384
[157.813s][info][gc,metaspace   ] GC(284) Metaspace: 118789K(120256K)->118789K(120256K) NonClass: 100906K(101504K)->100906K(101504K) Class: 17883K(18752K)->17883K(18752K)
[157.813s][info][gc             ] GC(284) Pause Full (G1 Compaction Pause) 449M->433M(512M) 35.757ms
[157.813s][info][gc,cpu         ] GC(284) User=0.38s Sys=0.00s Real=0.03s
[157.813s][info][gc,marking     ] GC(281) Concurrent Mark From Roots 73.836ms
[157.813s][info][gc,marking     ] GC(281) Concurrent Mark Abort
[157.813s][info][gc             ] GC(281) Concurrent Mark Cycle 77.534ms
[157.819s][info][gc,start       ] GC(285) Pause Young (Normal) (G1 Evacuation Pause)
[157.819s][info][gc,task        ] GC(285) Using 12 workers of 33 for evacuation
[157.821s][info][gc,phases      ] GC(285)   Pre Evacuate Collection Set: 0.1ms
[157.821s][info][gc,phases      ] GC(285)   Merge Heap Roots: 0.1ms
[157.821s][info][gc,phases      ] GC(285)   Evacuate Collection Set: 0.8ms
[157.821s][info][gc,phases      ] GC(285)   Post Evacuate Collection Set: 0.5ms
[157.821s][info][gc,phases      ] GC(285)   Other: 0.1ms
[157.821s][info][gc,heap        ] GC(285) Eden regions: 46->0(37)
[157.821s][info][gc,heap        ] GC(285) Survivor regions: 0->1(6)
[157.821s][info][gc,heap        ] GC(285) Old regions: 55->55
[157.821s][info][gc,heap        ] GC(285) Archive regions: 0->0
[157.821s][info][gc,heap        ] GC(285) Humongous regions: 391->391
[157.821s][info][gc,metaspace   ] GC(285) Metaspace: 118799K(120256K)->118799K(120256K) NonClass: 100912K(101504K)->100912K(101504K) Class: 17886K(18752K)->17886K(18752K)
[157.821s][info][gc             ] GC(285) Pause Young (Normal) (G1 Evacuation Pause) 486M->441M(512M) 2.026ms
[157.821s][info][gc,cpu         ] GC(285) User=0.00s Sys=0.00s Real=0.00s
[157.827s][info][gc,start       ] GC(286) Pause Young (Concurrent Start) (G1 Humongous Allocation)
[157.827s][info][gc,task        ] GC(286) Using 12 workers of 33 for evacuation
[157.830s][info][gc,phases      ] GC(286)   Pre Evacuate Collection Set: 0.2ms
[157.830s][info][gc,phases      ] GC(286)   Merge Heap Roots: 0.1ms
[157.830s][info][gc,phases      ] GC(286)   Evacuate Collection Set: 1.5ms
[157.830s][info][gc,phases      ] GC(286)   Post Evacuate Collection Set: 0.4ms
[157.830s][info][gc,phases      ] GC(286)   Other: 0.1ms
[157.830s][info][gc,heap        ] GC(286) Eden regions: 36->0(37)
[157.830s][info][gc,heap        ] GC(286) Survivor regions: 1->1(5)
[157.830s][info][gc,heap        ] GC(286) Old regions: 55->55
[157.830s][info][gc,heap        ] GC(286) Archive regions: 0->0
[157.830s][info][gc,heap        ] GC(286) Humongous regions: 391->391
[157.830s][info][gc,metaspace   ] GC(286) Metaspace: 118807K(120256K)->118807K(120256K) NonClass: 100918K(101504K)->100918K(101504K) Class: 17888K(18752K)->17888K(18752K)
[157.830s][info][gc             ] GC(286) Pause Young (Concurrent Start) (G1 Humongous Allocation) 477M->441M(512M) 2.541ms
[157.830s][info][gc             ] GC(287) Concurrent Mark Cycle
[157.830s][info][gc,cpu         ] GC(286) User=0.00s Sys=0.00s Real=0.00s
[157.830s][info][gc,marking     ] GC(287) Concurrent Scan Root Regions
[157.833s][info][gc,marking     ] GC(287) Concurrent Scan Root Regions 2.618ms
[157.833s][info][gc,marking     ] GC(287) Concurrent Mark
[157.833s][info][gc,marking     ] GC(287) Concurrent Mark From Roots
[157.833s][info][gc,task        ] GC(287) Using 8 workers of 8 for marking
[157.847s][info][gc,marking     ] GC(287) Concurrent Mark From Roots 14.724ms
[157.847s][info][gc,marking     ] GC(287) Concurrent Preclean
[157.848s][info][gc,marking     ] GC(287) Concurrent Preclean 0.622ms
[157.848s][info][gc,start       ] GC(287) Pause Remark
[157.850s][info][gc             ] GC(287) Pause Remark 481M->473M(512M) 1.545ms
[157.850s][info][gc,cpu         ] GC(287) User=0.00s Sys=0.00s Real=0.00s
[157.850s][info][gc,marking     ] GC(287) Concurrent Mark 17.303ms
[157.850s][info][gc,marking     ] GC(287) Concurrent Rebuild Remembered Sets and Scrub Regions
[157.852s][info][gc,start       ] GC(288) Pause Young (Normal) (G1 Evacuation Pause)
[157.852s][info][gc,task        ] GC(288) Using 12 workers of 33 for evacuation
[157.854s][info][gc,phases      ] GC(288)   Pre Evacuate Collection Set: 0.1ms
[157.854s][info][gc,phases      ] GC(288)   Merge Heap Roots: 0.1ms
[157.854s][info][gc,phases      ] GC(288)   Evacuate Collection Set: 0.6ms
[157.854s][info][gc,phases      ] GC(288)   Post Evacuate Collection Set: 0.3ms
[157.854s][info][gc,phases      ] GC(288)   Other: 0.1ms
[157.854s][info][gc,heap        ] GC(288) Eden regions: 37->0(38)
[157.854s][info][gc,heap        ] GC(288) Survivor regions: 1->1(5)
[157.854s][info][gc,heap        ] GC(288) Old regions: 55->55
[157.854s][info][gc,heap        ] GC(288) Archive regions: 0->0
[157.854s][info][gc,heap        ] GC(288) Humongous regions: 390->390
[157.854s][info][gc,metaspace   ] GC(288) Metaspace: 118828K(120256K)->118828K(120256K) NonClass: 100937K(101504K)->100937K(101504K) Class: 17891K(18752K)->17891K(18752K)
[157.854s][info][gc             ] GC(288) Pause Young (Normal) (G1 Evacuation Pause) 477M->440M(512M) 1.368ms
[157.854s][info][gc,cpu         ] GC(288) User=0.00s Sys=0.00s Real=0.00s
[157.856s][info][gc,marking     ] GC(287) Concurrent Rebuild Remembered Sets and Scrub Regions 6.111ms
[157.856s][info][gc,start       ] GC(287) Pause Cleanup
[157.857s][info][gc             ] GC(287) Pause Cleanup 444M->444M(512M) 0.184ms
[157.857s][info][gc,cpu         ] GC(287) User=0.00s Sys=0.00s Real=0.00s
[157.857s][info][gc,marking     ] GC(287) Concurrent Clear Claimed Marks
[157.857s][info][gc,marking     ] GC(287) Concurrent Clear Claimed Marks 0.143ms
[157.857s][info][gc,marking     ] GC(287) Concurrent Cleanup for Next Mark
[157.857s][info][gc,marking     ] GC(287) Concurrent Cleanup for Next Mark 0.623ms
[157.857s][info][gc             ] GC(287) Concurrent Mark Cycle 27.636ms
[157.875s][info][gc,start       ] GC(289) Pause Young (Prepare Mixed) (G1 Evacuation Pause)
[157.875s][info][gc,task        ] GC(289) Using 12 workers of 33 for evacuation
[157.876s][info][gc,phases      ] GC(289)   Pre Evacuate Collection Set: 0.1ms
[157.876s][info][gc,phases      ] GC(289)   Merge Heap Roots: 0.2ms
[157.876s][info][gc,phases      ] GC(289)   Evacuate Collection Set: 0.6ms
[157.876s][info][gc,phases      ] GC(289)   Post Evacuate Collection Set: 0.3ms
[157.876s][info][gc,phases      ] GC(289)   Other: 0.1ms
[157.876s][info][gc,heap        ] GC(289) Eden regions: 38->0(38)
[157.876s][info][gc,heap        ] GC(289) Survivor regions: 1->1(5)
[157.876s][info][gc,heap        ] GC(289) Old regions: 55->55
[157.876s][info][gc,heap        ] GC(289) Archive regions: 0->0
[157.876s][info][gc,heap        ] GC(289) Humongous regions: 390->390
[157.876s][info][gc,metaspace   ] GC(289) Metaspace: 118847K(120256K)->118847K(120256K) NonClass: 100950K(101504K)->100950K(101504K) Class: 17897K(18752K)->17897K(18752K)
[157.876s][info][gc             ] GC(289) Pause Young (Prepare Mixed) (G1 Evacuation Pause) 478M->440M(512M) 1.625ms
[157.877s][info][gc,cpu         ] GC(289) User=0.00s Sys=0.00s Real=0.00s
[157.880s][info][gc,start       ] GC(290) Pause Young (Mixed) (G1 Humongous Allocation)
[157.880s][info][gc,task        ] GC(290) Using 12 workers of 33 for evacuation
[157.882s][info][gc,phases      ] GC(290)   Pre Evacuate Collection Set: 0.1ms
[157.882s][info][gc,phases      ] GC(290)   Merge Heap Roots: 0.0ms
[157.882s][info][gc,phases      ] GC(290)   Evacuate Collection Set: 0.7ms
[157.882s][info][gc,phases      ] GC(290)   Post Evacuate Collection Set: 0.3ms
[157.882s][info][gc,phases      ] GC(290)   Other: 0.1ms
[157.882s][info][gc,heap        ] GC(290) Eden regions: 26->0(38)
[157.882s][info][gc,heap        ] GC(290) Survivor regions: 1->1(5)
[157.882s][info][gc,heap        ] GC(290) Old regions: 55->55
[157.882s][info][gc,heap        ] GC(290) Archive regions: 0->0
[157.882s][info][gc,heap        ] GC(290) Humongous regions: 390->390
[157.882s][info][gc,metaspace   ] GC(290) Metaspace: 118851K(120256K)->118851K(120256K) NonClass: 100952K(101504K)->100952K(101504K) Class: 17898K(18752K)->17898K(18752K)
[157.882s][info][gc             ] GC(290) Pause Young (Mixed) (G1 Humongous Allocation) 465M->440M(512M) 1.393ms
[157.882s][info][gc,cpu         ] GC(290) User=0.00s Sys=0.00s Real=0.00s
[157.883s][info][gc,start       ] GC(291) Pause Young (Concurrent Start) (G1 Humongous Allocation)
[157.883s][info][gc,task        ] GC(291) Using 12 workers of 33 for evacuation
[157.885s][info][gc,phases      ] GC(291)   Pre Evacuate Collection Set: 0.2ms
[157.885s][info][gc,phases      ] GC(291)   Merge Heap Roots: 0.0ms
[157.885s][info][gc,phases      ] GC(291)   Evacuate Collection Set: 1.0ms
[157.885s][info][gc,phases      ] GC(291)   Post Evacuate Collection Set: 0.3ms
[157.885s][info][gc,phases      ] GC(291)   Other: 0.1ms
[157.885s][info][gc,heap        ] GC(291) Eden regions: 7->0(31)
[157.885s][info][gc,heap        ] GC(291) Survivor regions: 1->1(5)
[157.885s][info][gc,heap        ] GC(291) Old regions: 55->55
[157.885s][info][gc,heap        ] GC(291) Archive regions: 0->0
[157.885s][info][gc,heap        ] GC(291) Humongous regions: 397->397
[157.885s][info][gc,metaspace   ] GC(291) Metaspace: 118851K(120256K)->118851K(120256K) NonClass: 100952K(101504K)->100952K(101504K) Class: 17898K(18752K)->17898K(18752K)
[157.885s][info][gc             ] GC(291) Pause Young (Concurrent Start) (G1 Humongous Allocation) 454M->447M(512M) 1.826ms
[157.885s][info][gc             ] GC(292) Concurrent Mark Cycle
[157.885s][info][gc,cpu         ] GC(291) User=0.00s Sys=0.00s Real=0.00s
[157.885s][info][gc,marking     ] GC(292) Concurrent Scan Root Regions
[157.887s][info][gc,start       ] GC(293) Pause Young (Normal) (G1 Humongous Allocation)
[157.888s][info][gc,task        ] GC(293) Using 12 workers of 33 for evacuation
[157.888s][info][gc,marking     ] GC(292) Concurrent Scan Root Regions 2.699ms
[157.888s][info][gc,marking     ] GC(292) Concurrent Mark
[157.888s][info][gc,marking     ] GC(292) Concurrent Mark From Roots
[157.888s][info][gc,task        ] GC(292) Using 8 workers of 8 for marking
[157.889s][info][gc,phases      ] GC(293)   Pre Evacuate Collection Set: 0.3ms
[157.889s][info][gc,phases      ] GC(293)   Merge Heap Roots: 0.0ms
[157.889s][info][gc,phases      ] GC(293)   Evacuate Collection Set: 0.5ms
[157.889s][info][gc,phases      ] GC(293)   Post Evacuate Collection Set: 0.3ms
[157.889s][info][gc,phases      ] GC(293)   Other: 0.1ms
[157.889s][info][gc,heap        ] GC(293) Eden regions: 10->0(24)
[157.889s][info][gc,heap        ] GC(293) Survivor regions: 1->1(4)
[157.889s][info][gc,heap        ] GC(293) Old regions: 55->55
[157.889s][info][gc,heap        ] GC(293) Archive regions: 0->0
[157.889s][info][gc,heap        ] GC(293) Humongous regions: 405->405
[157.889s][info][gc,metaspace   ] GC(293) Metaspace: 118852K(120256K)->118852K(120256K) NonClass: 100954K(101504K)->100954K(101504K) Class: 17898K(18752K)->17898K(18752K)
[157.889s][info][gc             ] GC(293) Pause Young (Normal) (G1 Humongous Allocation) 465M->455M(512M) 1.362ms
[157.889s][info][gc,cpu         ] GC(293) User=0.00s Sys=0.00s Real=0.00s
[157.889s][info][gc,ergo        ] Attempting full compaction
[157.889s][info][gc,start       ] GC(294) Pause Full (G1 Compaction Pause)
[157.889s][info][gc,task        ] GC(294) Using 12 workers of 33 for full compaction
[157.889s][info][gc,phases,start] GC(294) Phase 1: Mark live objects
[157.909s][info][gc,phases      ] GC(294) Phase 1: Mark live objects 19.265ms
[157.909s][info][gc,phases,start] GC(294) Phase 2: Prepare compaction
[157.910s][info][gc,phases      ] GC(294) Phase 2: Prepare compaction 1.498ms
[157.910s][info][gc,phases,start] GC(294) Phase 3: Adjust pointers
[157.915s][info][gc,phases      ] GC(294) Phase 3: Adjust pointers 4.512ms
[157.915s][info][gc,phases,start] GC(294) Phase 4: Compact heap
[157.915s][info][gc,phases      ] GC(294) Phase 4: Compact heap 0.349ms
[157.922s][info][gc,heap        ] GC(294) Eden regions: 0->0(29)
[157.922s][info][gc,heap        ] GC(294) Survivor regions: 1->0(4)
[157.922s][info][gc,heap        ] GC(294) Old regions: 55->55
[157.922s][info][gc,heap        ] GC(294) Archive regions: 0->0
[157.922s][info][gc,heap        ] GC(294) Humongous regions: 405->401
[157.922s][info][gc,metaspace   ] GC(294) Metaspace: 118852K(120256K)->118852K(120256K) NonClass: 100954K(101504K)->100954K(101504K) Class: 17898K(18752K)->17898K(18752K)
[157.922s][info][gc             ] GC(294) Pause Full (G1 Compaction Pause) 455M->451M(512M) 33.120ms
[157.922s][info][gc,cpu         ] GC(294) User=0.23s Sys=0.00s Real=0.03s
[157.922s][info][gc,marking     ] GC(292) Concurrent Mark From Roots 34.502ms
[157.922s][info][gc,marking     ] GC(292) Concurrent Mark Abort
[157.922s][info][gc             ] GC(292) Concurrent Mark Cycle 37.352ms
[157.932s][info][gc,start       ] GC(295) Pause Young (Concurrent Start) (G1 Humongous Allocation)
[157.933s][info][gc,task        ] GC(295) Using 12 workers of 33 for evacuation
[157.934s][info][gc,phases      ] GC(295)   Pre Evacuate Collection Set: 0.2ms
[157.934s][info][gc,phases      ] GC(295)   Merge Heap Roots: 0.0ms
[157.934s][info][gc,phases      ] GC(295)   Evacuate Collection Set: 1.1ms
[157.934s][info][gc,phases      ] GC(295)   Post Evacuate Collection Set: 0.3ms
[157.934s][info][gc,phases      ] GC(295)   Other: 0.1ms
[157.935s][info][gc,heap        ] GC(295) Eden regions: 1->0(24)
[157.935s][info][gc,heap        ] GC(295) Survivor regions: 0->1(4)
[157.935s][info][gc,heap        ] GC(295) Old regions: 55->55
[157.935s][info][gc,heap        ] GC(295) Archive regions: 0->0
[157.935s][info][gc,heap        ] GC(295) Humongous regions: 412->412
[157.935s][info][gc,metaspace   ] GC(295) Metaspace: 118852K(120256K)->118852K(120256K) NonClass: 100954K(101504K)->100954K(101504K) Class: 17898K(18752K)->17898K(18752K)
[157.935s][info][gc             ] GC(295) Pause Young (Concurrent Start) (G1 Humongous Allocation) 462M->462M(512M) 2.194ms
[157.935s][info][gc             ] GC(296) Concurrent Mark Cycle
[157.935s][info][gc,cpu         ] GC(295) User=0.00s Sys=0.00s Real=0.00s
[157.935s][info][gc,marking     ] GC(296) Concurrent Scan Root Regions
[157.939s][info][gc,marking     ] GC(296) Concurrent Scan Root Regions 3.795ms
[157.939s][info][gc,marking     ] GC(296) Concurrent Mark
[157.939s][info][gc,marking     ] GC(296) Concurrent Mark From Roots
[157.939s][info][gc,task        ] GC(296) Using 8 workers of 8 for marking
[157.939s][info][gc,start       ] GC(297) Pause Young (Normal) (G1 Humongous Allocation)
[157.939s][info][gc,task        ] GC(297) Using 12 workers of 33 for evacuation
[157.941s][info][gc,phases      ] GC(297)   Pre Evacuate Collection Set: 0.1ms
[157.941s][info][gc,phases      ] GC(297)   Merge Heap Roots: 0.1ms
[157.941s][info][gc,phases      ] GC(297)   Evacuate Collection Set: 0.8ms
[157.941s][info][gc,phases      ] GC(297)   Post Evacuate Collection Set: 0.5ms
[157.941s][info][gc,phases      ] GC(297)   Other: 0.1ms
[157.941s][info][gc,heap        ] GC(297) Eden regions: 17->0(24)
[157.941s][info][gc,heap        ] GC(297) Survivor regions: 1->1(4)
[157.941s][info][gc,heap        ] GC(297) Old regions: 55->55
[157.941s][info][gc,heap        ] GC(297) Archive regions: 0->0
[157.941s][info][gc,heap        ] GC(297) Humongous regions: 420->420
[157.941s][info][gc,metaspace   ] GC(297) Metaspace: 118857K(120256K)->118857K(120256K) NonClass: 100957K(101504K)->100957K(101504K) Class: 17899K(18752K)->17899K(18752K)
[157.941s][info][gc             ] GC(297) Pause Young (Normal) (G1 Humongous Allocation) 487M->470M(512M) 2.105ms
[157.941s][info][gc,cpu         ] GC(297) User=0.00s Sys=0.00s Real=0.00s
[157.946s][info][gc,start       ] GC(298) Pause Young (Normal) (G1 Evacuation Pause)
[157.946s][info][gc,task        ] GC(298) Using 12 workers of 33 for evacuation
[157.948s][info][gc,phases      ] GC(298)   Pre Evacuate Collection Set: 0.1ms
[157.948s][info][gc,phases      ] GC(298)   Merge Heap Roots: 0.1ms
[157.948s][info][gc,phases      ] GC(298)   Evacuate Collection Set: 0.8ms
[157.948s][info][gc,phases      ] GC(298)   Post Evacuate Collection Set: 0.5ms
[157.948s][info][gc,phases      ] GC(298)   Other: 0.1ms
[157.948s][info][gc,heap        ] GC(298) Eden regions: 24->0(23)
[157.948s][info][gc,heap        ] GC(298) Survivor regions: 1->2(4)
[157.948s][info][gc,heap        ] GC(298) Old regions: 55->55
[157.948s][info][gc,heap        ] GC(298) Archive regions: 0->0
[157.948s][info][gc,heap        ] GC(298) Humongous regions: 424->424
[157.948s][info][gc,metaspace   ] GC(298) Metaspace: 118878K(120256K)->118878K(120256K) NonClass: 100976K(101504K)->100976K(101504K) Class: 17902K(18752K)->17902K(18752K)
[157.948s][info][gc             ] GC(298) Pause Young (Normal) (G1 Evacuation Pause) 498M->475M(512M) 1.898ms
[157.948s][info][gc,cpu         ] GC(298) User=0.00s Sys=0.00s Real=0.00s
[157.952s][info][gc,start       ] GC(299) Pause Young (Normal) (G1 Evacuation Pause)
[157.952s][info][gc,task        ] GC(299) Using 12 workers of 33 for evacuation
[157.954s][info][gc,phases      ] GC(299)   Pre Evacuate Collection Set: 0.1ms
[157.954s][info][gc,phases      ] GC(299)   Merge Heap Roots: 0.1ms
[157.954s][info][gc,phases      ] GC(299)   Evacuate Collection Set: 1.0ms
[157.954s][info][gc,phases      ] GC(299)   Post Evacuate Collection Set: 0.4ms
[157.954s][info][gc,phases      ] GC(299)   Other: 0.1ms
[157.954s][info][gc,heap        ] GC(299) Eden regions: 23->0(23)
[157.954s][info][gc,heap        ] GC(299) Survivor regions: 2->2(4)
[157.954s][info][gc,heap        ] GC(299) Old regions: 55->55
[157.954s][info][gc,heap        ] GC(299) Archive regions: 0->0
[157.954s][info][gc,heap        ] GC(299) Humongous regions: 424->424
[157.954s][info][gc,metaspace   ] GC(299) Metaspace: 118880K(120256K)->118880K(120256K) NonClass: 100977K(101504K)->100977K(101504K) Class: 17902K(18752K)->17902K(18752K)
[157.954s][info][gc             ] GC(299) Pause Young (Normal) (G1 Evacuation Pause) 498M->475M(512M) 1.918ms
[157.954s][info][gc,cpu         ] GC(299) User=0.00s Sys=0.00s Real=0.00s
[157.958s][info][gc,start       ] GC(300) Pause Young (Normal) (G1 Evacuation Pause)
[157.958s][info][gc,task        ] GC(300) Using 12 workers of 33 for evacuation
[157.959s][info][gc,phases      ] GC(300)   Pre Evacuate Collection Set: 0.1ms
[157.959s][info][gc,phases      ] GC(300)   Merge Heap Roots: 0.0ms
[157.959s][info][gc,phases      ] GC(300)   Evacuate Collection Set: 0.6ms
[157.959s][info][gc,phases      ] GC(300)   Post Evacuate Collection Set: 0.4ms
[157.959s][info][gc,phases      ] GC(300)   Other: 0.1ms
[157.959s][info][gc,heap        ] GC(300) Eden regions: 23->0(23)
[157.959s][info][gc,heap        ] GC(300) Survivor regions: 2->2(4)
[157.959s][info][gc,heap        ] GC(300) Old regions: 55->55
[157.959s][info][gc,heap        ] GC(300) Archive regions: 0->0
[157.959s][info][gc,heap        ] GC(300) Humongous regions: 425->425
[157.959s][info][gc,metaspace   ] GC(300) Metaspace: 118882K(120256K)->118882K(120256K) NonClass: 100978K(101504K)->100978K(101504K) Class: 17903K(18752K)->17903K(18752K)
[157.959s][info][gc             ] GC(300) Pause Young (Normal) (G1 Evacuation Pause) 499M->476M(512M) 1.524ms
[157.959s][info][gc,cpu         ] GC(300) User=0.00s Sys=0.00s Real=0.00s
[157.965s][info][gc,start       ] GC(301) Pause Young (Normal) (G1 Evacuation Pause)
[157.965s][info][gc,task        ] GC(301) Using 12 workers of 33 for evacuation
[157.966s][info][gc,phases      ] GC(301)   Pre Evacuate Collection Set: 0.1ms
[157.966s][info][gc,phases      ] GC(301)   Merge Heap Roots: 0.0ms
[157.966s][info][gc,phases      ] GC(301)   Evacuate Collection Set: 0.6ms
[157.966s][info][gc,phases      ] GC(301)   Post Evacuate Collection Set: 0.4ms
[157.966s][info][gc,phases      ] GC(301)   Other: 0.1ms
[157.966s][info][gc,heap        ] GC(301) Eden regions: 23->0(23)
[157.966s][info][gc,heap        ] GC(301) Survivor regions: 2->2(4)
[157.966s][info][gc,heap        ] GC(301) Old regions: 55->55
[157.966s][info][gc,heap        ] GC(301) Archive regions: 0->0
[157.966s][info][gc,heap        ] GC(301) Humongous regions: 425->425
[157.966s][info][gc,metaspace   ] GC(301) Metaspace: 118887K(120256K)->118887K(120256K) NonClass: 100983K(101504K)->100983K(101504K) Class: 17904K(18752K)->17904K(18752K)
[157.966s][info][gc             ] GC(301) Pause Young (Normal) (G1 Evacuation Pause) 499M->476M(512M) 1.479ms
[157.966s][info][gc,cpu         ] GC(301) User=0.00s Sys=0.00s Real=0.00s
[157.969s][info][gc,start       ] GC(302) Pause Young (Normal) (G1 Evacuation Pause)
[157.969s][info][gc,task        ] GC(302) Using 12 workers of 33 for evacuation
[157.971s][info][gc,phases      ] GC(302)   Pre Evacuate Collection Set: 0.1ms
[157.971s][info][gc,phases      ] GC(302)   Merge Heap Roots: 0.0ms
[157.971s][info][gc,phases      ] GC(302)   Evacuate Collection Set: 0.6ms
[157.971s][info][gc,phases      ] GC(302)   Post Evacuate Collection Set: 0.3ms
[157.971s][info][gc,phases      ] GC(302)   Other: 0.1ms
[157.971s][info][gc,heap        ] GC(302) Eden regions: 23->0(23)
[157.971s][info][gc,heap        ] GC(302) Survivor regions: 2->2(4)
[157.971s][info][gc,heap        ] GC(302) Old regions: 55->55
[157.971s][info][gc,heap        ] GC(302) Archive regions: 0->0
[157.971s][info][gc,heap        ] GC(302) Humongous regions: 425->425
[157.971s][info][gc,metaspace   ] GC(302) Metaspace: 118889K(120256K)->118889K(120256K) NonClass: 100984K(101504K)->100984K(101504K) Class: 17904K(18752K)->17904K(18752K)
[157.971s][info][gc             ] GC(302) Pause Young (Normal) (G1 Evacuation Pause) 499M->476M(512M) 1.427ms
[157.971s][info][gc,cpu         ] GC(302) User=0.00s Sys=0.00s Real=0.00s
[157.974s][info][gc,start       ] GC(303) Pause Young (Normal) (G1 Evacuation Pause)
[157.974s][info][gc,task        ] GC(303) Using 12 workers of 33 for evacuation
[157.975s][info][gc,phases      ] GC(303)   Pre Evacuate Collection Set: 0.1ms
[157.975s][info][gc,phases      ] GC(303)   Merge Heap Roots: 0.0ms
[157.976s][info][gc,phases      ] GC(303)   Evacuate Collection Set: 0.5ms
[157.976s][info][gc,phases      ] GC(303)   Post Evacuate Collection Set: 0.3ms
[157.976s][info][gc,phases      ] GC(303)   Other: 0.1ms
[157.976s][info][gc,heap        ] GC(303) Eden regions: 23->0(23)
[157.976s][info][gc,heap        ] GC(303) Survivor regions: 2->2(4)
[157.976s][info][gc,heap        ] GC(303) Old regions: 55->55
[157.976s][info][gc,heap        ] GC(303) Archive regions: 0->0
[157.976s][info][gc,heap        ] GC(303) Humongous regions: 425->425
[157.976s][info][gc,metaspace   ] GC(303) Metaspace: 118893K(120256K)->118893K(120256K) NonClass: 100988K(101504K)->100988K(101504K) Class: 17905K(18752K)->17905K(18752K)
[157.976s][info][gc             ] GC(303) Pause Young (Normal) (G1 Evacuation Pause) 499M->476M(512M) 1.211ms
[157.976s][info][gc,cpu         ] GC(303) User=0.00s Sys=0.00s Real=0.00s
[157.992s][info][gc,start       ] GC(304) Pause Young (Normal) (G1 Humongous Allocation)
[157.992s][info][gc,task        ] GC(304) Using 12 workers of 33 for evacuation
[157.994s][info][gc,phases      ] GC(304)   Pre Evacuate Collection Set: 0.1ms
[157.994s][info][gc,phases      ] GC(304)   Merge Heap Roots: 0.0ms
[157.994s][info][gc,phases      ] GC(304)   Evacuate Collection Set: 0.7ms
[157.994s][info][gc,phases      ] GC(304)   Post Evacuate Collection Set: 0.3ms
[157.994s][info][gc,phases      ] GC(304)   Other: 0.1ms
[157.994s][info][gc,heap        ] GC(304) Eden regions: 18->0(23)
[157.994s][info][gc,heap        ] GC(304) Survivor regions: 2->2(4)
[157.994s][info][gc,heap        ] GC(304) Old regions: 55->55
[157.994s][info][gc,heap        ] GC(304) Archive regions: 0->0
[157.994s][info][gc,heap        ] GC(304) Humongous regions: 425->425
[157.994s][info][gc,metaspace   ] GC(304) Metaspace: 118899K(120256K)->118899K(120256K) NonClass: 100991K(101504K)->100991K(101504K) Class: 17908K(18752K)->17908K(18752K)
[157.994s][info][gc             ] GC(304) Pause Young (Normal) (G1 Humongous Allocation) 494M->476M(512M) 1.559ms
[157.994s][info][gc,cpu         ] GC(304) User=0.00s Sys=0.00s Real=0.00s
[157.994s][info][gc,ergo        ] Attempting full compaction
[157.994s][info][gc,start       ] GC(305) Pause Full (G1 Compaction Pause)
[157.994s][info][gc,task        ] GC(305) Using 12 workers of 33 for full compaction
[157.995s][info][gc,phases,start] GC(305) Phase 1: Mark live objects
[158.015s][info][gc,phases      ] GC(305) Phase 1: Mark live objects 19.959ms
[158.015s][info][gc,phases,start] GC(305) Phase 2: Prepare compaction
[158.016s][info][gc,phases      ] GC(305) Phase 2: Prepare compaction 1.368ms
[158.016s][info][gc,phases,start] GC(305) Phase 3: Adjust pointers
[158.020s][info][gc,phases      ] GC(305) Phase 3: Adjust pointers 3.363ms
[158.020s][info][gc,phases,start] GC(305) Phase 4: Compact heap
[158.020s][info][gc,phases      ] GC(305) Phase 4: Compact heap 0.273ms
[158.024s][info][gc,heap        ] GC(305) Eden regions: 0->0(45)
[158.024s][info][gc,heap        ] GC(305) Survivor regions: 2->0(4)
[158.024s][info][gc,heap        ] GC(305) Old regions: 55->56
[158.024s][info][gc,heap        ] GC(305) Archive regions: 0->0
[158.024s][info][gc,heap        ] GC(305) Humongous regions: 425->384
[158.024s][info][gc,metaspace   ] GC(305) Metaspace: 118899K(120256K)->118899K(120256K) NonClass: 100991K(101504K)->100991K(101504K) Class: 17908K(18752K)->17908K(18752K)
[158.024s][info][gc             ] GC(305) Pause Full (G1 Compaction Pause) 476M->434M(512M) 30.321ms
[158.024s][info][gc,cpu         ] GC(305) User=0.20s Sys=0.00s Real=0.03s
[158.024s][info][gc,marking     ] GC(296) Concurrent Mark From Roots 85.650ms
[158.024s][info][gc,marking     ] GC(296) Concurrent Mark Abort
[158.024s][info][gc             ] GC(296) Concurrent Mark Cycle 89.642ms
[158.030s][info][gc,start       ] GC(306) Pause Young (Normal) (G1 Evacuation Pause)
[158.030s][info][gc,task        ] GC(306) Using 12 workers of 33 for evacuation
[158.031s][info][gc,phases      ] GC(306)   Pre Evacuate Collection Set: 0.1ms
[158.031s][info][gc,phases      ] GC(306)   Merge Heap Roots: 0.1ms
[158.031s][info][gc,phases      ] GC(306)   Evacuate Collection Set: 0.8ms
[158.031s][info][gc,phases      ] GC(306)   Post Evacuate Collection Set: 0.4ms
[158.031s][info][gc,phases      ] GC(306)   Other: 0.1ms
[158.031s][info][gc,heap        ] GC(306) Eden regions: 45->0(36)
[158.031s][info][gc,heap        ] GC(306) Survivor regions: 0->1(6)
[158.031s][info][gc,heap        ] GC(306) Old regions: 56->56
[158.031s][info][gc,heap        ] GC(306) Archive regions: 0->0
[158.031s][info][gc,heap        ] GC(306) Humongous regions: 391->391
[158.031s][info][gc,metaspace   ] GC(306) Metaspace: 118901K(120256K)->118901K(120256K) NonClass: 100992K(101504K)->100992K(101504K) Class: 17908K(18752K)->17908K(18752K)
[158.031s][info][gc             ] GC(306) Pause Young (Normal) (G1 Evacuation Pause) 486M->442M(512M) 1.640ms
[158.031s][info][gc,cpu         ] GC(306) User=0.00s Sys=0.00s Real=0.00s
[158.032s][info][gc,start       ] GC(307) Pause Young (Concurrent Start) (G1 Humongous Allocation)
[158.032s][info][gc,task        ] GC(307) Using 12 workers of 33 for evacuation
[158.033s][info][gc,phases      ] GC(307)   Pre Evacuate Collection Set: 0.2ms
[158.033s][info][gc,phases      ] GC(307)   Merge Heap Roots: 0.0ms
[158.033s][info][gc,phases      ] GC(307)   Evacuate Collection Set: 1.0ms
[158.033s][info][gc,phases      ] GC(307)   Post Evacuate Collection Set: 0.3ms
[158.033s][info][gc,phases      ] GC(307)   Other: 0.1ms
[158.033s][info][gc,heap        ] GC(307) Eden regions: 1->0(36)
[158.033s][info][gc,heap        ] GC(307) Survivor regions: 1->1(5)
[158.033s][info][gc,heap        ] GC(307) Old regions: 56->56
[158.033s][info][gc,heap        ] GC(307) Archive regions: 0->0
[158.033s][info][gc,heap        ] GC(307) Humongous regions: 391->391
[158.033s][info][gc,metaspace   ] GC(307) Metaspace: 118901K(120256K)->118901K(120256K) NonClass: 100993K(101504K)->100993K(101504K) Class: 17908K(18752K)->17908K(18752K)
[158.033s][info][gc             ] GC(307) Pause Young (Concurrent Start) (G1 Humongous Allocation) 442M->442M(512M) 1.790ms
[158.033s][info][gc             ] GC(308) Concurrent Mark Cycle
[158.033s][info][gc,cpu         ] GC(307) User=0.00s Sys=0.00s Real=0.00s
[158.033s][info][gc,marking     ] GC(308) Concurrent Scan Root Regions
[158.037s][info][gc,start       ] GC(309) Pause Young (Normal) (G1 Evacuation Pause)
[158.037s][info][gc,task        ] GC(309) Using 12 workers of 33 for evacuation
[158.037s][info][gc,marking     ] GC(308) Concurrent Scan Root Regions 3.714ms
[158.037s][info][gc,marking     ] GC(308) Concurrent Mark
[158.037s][info][gc,marking     ] GC(308) Concurrent Mark From Roots
[158.037s][info][gc,task        ] GC(308) Using 8 workers of 8 for marking
[158.038s][info][gc,phases      ] GC(309)   Pre Evacuate Collection Set: 0.3ms
[158.038s][info][gc,phases      ] GC(309)   Merge Heap Roots: 0.0ms
[158.038s][info][gc,phases      ] GC(309)   Evacuate Collection Set: 0.5ms
[158.038s][info][gc,phases      ] GC(309)   Post Evacuate Collection Set: 0.3ms
[158.038s][info][gc,phases      ] GC(309)   Other: 0.1ms
[158.038s][info][gc,heap        ] GC(309) Eden regions: 36->0(29)
[158.038s][info][gc,heap        ] GC(309) Survivor regions: 1->1(5)
[158.038s][info][gc,heap        ] GC(309) Old regions: 56->56
[158.038s][info][gc,heap        ] GC(309) Archive regions: 0->0
[158.038s][info][gc,heap        ] GC(309) Humongous regions: 398->398
[158.038s][info][gc,metaspace   ] GC(309) Metaspace: 118902K(120256K)->118902K(120256K) NonClass: 100994K(101504K)->100994K(101504K) Class: 17908K(18752K)->17908K(18752K)
[158.038s][info][gc             ] GC(309) Pause Young (Normal) (G1 Evacuation Pause) 485M->449M(512M) 1.468ms
[158.038s][info][gc,cpu         ] GC(309) User=0.00s Sys=0.00s Real=0.00s
[158.041s][info][gc,start       ] GC(310) Pause Young (Normal) (G1 Evacuation Pause)
[158.041s][info][gc,task        ] GC(310) Using 12 workers of 33 for evacuation
[158.042s][info][gc,phases      ] GC(310)   Pre Evacuate Collection Set: 0.1ms
[158.042s][info][gc,phases      ] GC(310)   Merge Heap Roots: 0.0ms
[158.042s][info][gc,phases      ] GC(310)   Evacuate Collection Set: 0.5ms
[158.042s][info][gc,phases      ] GC(310)   Post Evacuate Collection Set: 0.3ms
[158.042s][info][gc,phases      ] GC(310)   Other: 0.1ms
[158.042s][info][gc,heap        ] GC(310) Eden regions: 29->0(29)
[158.043s][info][gc,heap        ] GC(310) Survivor regions: 1->1(4)
[158.043s][info][gc,heap        ] GC(310) Old regions: 56->56
[158.043s][info][gc,heap        ] GC(310) Archive regions: 0->0
[158.043s][info][gc,heap        ] GC(310) Humongous regions: 398->398
[158.043s][info][gc,metaspace   ] GC(310) Metaspace: 118904K(120256K)->118904K(120256K) NonClass: 100996K(101504K)->100996K(101504K) Class: 17908K(18752K)->17908K(18752K)
[158.043s][info][gc             ] GC(310) Pause Young (Normal) (G1 Evacuation Pause) 478M->449M(512M) 1.286ms
[158.043s][info][gc,cpu         ] GC(310) User=0.00s Sys=0.00s Real=0.00s
[158.045s][info][gc,start       ] GC(311) Pause Young (Normal) (G1 Evacuation Pause)
[158.046s][info][gc,task        ] GC(311) Using 12 workers of 33 for evacuation
[158.047s][info][gc,phases      ] GC(311)   Pre Evacuate Collection Set: 0.1ms
[158.047s][info][gc,phases      ] GC(311)   Merge Heap Roots: 0.0ms
[158.047s][info][gc,phases      ] GC(311)   Evacuate Collection Set: 0.6ms
[158.047s][info][gc,phases      ] GC(311)   Post Evacuate Collection Set: 0.3ms
[158.047s][info][gc,phases      ] GC(311)   Other: 0.1ms
[158.047s][info][gc,heap        ] GC(311) Eden regions: 29->0(29)
[158.047s][info][gc,heap        ] GC(311) Survivor regions: 1->1(4)
[158.047s][info][gc,heap        ] GC(311) Old regions: 56->56
[158.047s][info][gc,heap        ] GC(311) Archive regions: 0->0
[158.047s][info][gc,heap        ] GC(311) Humongous regions: 398->398
[158.047s][info][gc,metaspace   ] GC(311) Metaspace: 118906K(120256K)->118906K(120256K) NonClass: 100997K(101504K)->100997K(101504K) Class: 17908K(18752K)->17908K(18752K)
[158.047s][info][gc             ] GC(311) Pause Young (Normal) (G1 Evacuation Pause) 478M->449M(512M) 1.326ms
[158.047s][info][gc,cpu         ] GC(311) User=0.00s Sys=0.00s Real=0.00s
[158.050s][info][gc,start       ] GC(312) Pause Young (Normal) (G1 Evacuation Pause)
[158.050s][info][gc,task        ] GC(312) Using 12 workers of 33 for evacuation
[158.051s][info][gc,phases      ] GC(312)   Pre Evacuate Collection Set: 0.1ms
[158.051s][info][gc,phases      ] GC(312)   Merge Heap Roots: 0.0ms
[158.051s][info][gc,phases      ] GC(312)   Evacuate Collection Set: 0.5ms
[158.051s][info][gc,phases      ] GC(312)   Post Evacuate Collection Set: 0.3ms
[158.051s][info][gc,phases      ] GC(312)   Other: 0.1ms
[158.051s][info][gc,heap        ] GC(312) Eden regions: 29->0(27)
[158.051s][info][gc,heap        ] GC(312) Survivor regions: 1->1(4)
[158.051s][info][gc,heap        ] GC(312) Old regions: 56->56
[158.051s][info][gc,heap        ] GC(312) Archive regions: 0->0
[158.051s][info][gc,heap        ] GC(312) Humongous regions: 400->400
[158.051s][info][gc,metaspace   ] GC(312) Metaspace: 118906K(120256K)->118906K(120256K) NonClass: 100998K(101504K)->100998K(101504K) Class: 17908K(18752K)->17908K(18752K)
[158.051s][info][gc             ] GC(312) Pause Young (Normal) (G1 Evacuation Pause) 480M->451M(512M) 1.178ms
[158.051s][info][gc,cpu         ] GC(312) User=0.00s Sys=0.00s Real=0.00s
[158.054s][info][gc,start       ] GC(313) Pause Young (Normal) (G1 Evacuation Pause)
[158.054s][info][gc,task        ] GC(313) Using 12 workers of 33 for evacuation
[158.055s][info][gc,phases      ] GC(313)   Pre Evacuate Collection Set: 0.1ms
[158.055s][info][gc,phases      ] GC(313)   Merge Heap Roots: 0.0ms
[158.055s][info][gc,phases      ] GC(313)   Evacuate Collection Set: 0.5ms
[158.055s][info][gc,phases      ] GC(313)   Post Evacuate Collection Set: 0.3ms
[158.055s][info][gc,phases      ] GC(313)   Other: 0.1ms
[158.055s][info][gc,heap        ] GC(313) Eden regions: 27->0(25)
[158.055s][info][gc,heap        ] GC(313) Survivor regions: 1->1(4)
[158.055s][info][gc,heap        ] GC(313) Old regions: 56->56
[158.055s][info][gc,heap        ] GC(313) Archive regions: 0->0
[158.055s][info][gc,heap        ] GC(313) Humongous regions: 402->402
[158.055s][info][gc,metaspace   ] GC(313) Metaspace: 118910K(120256K)->118910K(120256K) NonClass: 101000K(101504K)->101000K(101504K) Class: 17909K(18752K)->17909K(18752K)
[158.055s][info][gc             ] GC(313) Pause Young (Normal) (G1 Evacuation Pause) 480M->453M(512M) 1.214ms
[158.055s][info][gc,cpu         ] GC(313) User=0.09s Sys=0.00s Real=0.02s
[158.058s][info][gc,start       ] GC(314) Pause Young (Normal) (G1 Evacuation Pause)
[158.058s][info][gc,task        ] GC(314) Using 12 workers of 33 for evacuation
[158.059s][info][gc,phases      ] GC(314)   Pre Evacuate Collection Set: 0.1ms
[158.059s][info][gc,phases      ] GC(314)   Merge Heap Roots: 0.1ms
[158.059s][info][gc,phases      ] GC(314)   Evacuate Collection Set: 0.6ms
[158.059s][info][gc,phases      ] GC(314)   Post Evacuate Collection Set: 0.5ms
[158.059s][info][gc,phases      ] GC(314)   Other: 0.1ms
[158.059s][info][gc,heap        ] GC(314) Eden regions: 25->0(25)
[158.059s][info][gc,heap        ] GC(314) Survivor regions: 1->1(4)
[158.059s][info][gc,heap        ] GC(314) Old regions: 56->56
[158.059s][info][gc,heap        ] GC(314) Archive regions: 0->0
[158.059s][info][gc,heap        ] GC(314) Humongous regions: 402->402
[158.059s][info][gc,metaspace   ] GC(314) Metaspace: 118911K(120256K)->118911K(120256K) NonClass: 101002K(101504K)->101002K(101504K) Class: 17909K(18752K)->17909K(18752K)
[158.059s][info][gc             ] GC(314) Pause Young (Normal) (G1 Evacuation Pause) 478M->453M(512M) 1.448ms
[158.059s][info][gc,cpu         ] GC(314) User=0.00s Sys=0.00s Real=0.00s
[158.061s][info][gc,start       ] GC(315) Pause Young (Normal) (G1 Evacuation Pause)
[158.062s][info][gc,task        ] GC(315) Using 12 workers of 33 for evacuation
[158.063s][info][gc,phases      ] GC(315)   Pre Evacuate Collection Set: 0.1ms
[158.063s][info][gc,phases      ] GC(315)   Merge Heap Roots: 0.0ms
[158.063s][info][gc,phases      ] GC(315)   Evacuate Collection Set: 0.5ms
[158.063s][info][gc,phases      ] GC(315)   Post Evacuate Collection Set: 0.3ms
[158.063s][info][gc,phases      ] GC(315)   Other: 0.1ms
[158.063s][info][gc,heap        ] GC(315) Eden regions: 25->0(25)
[158.063s][info][gc,heap        ] GC(315) Survivor regions: 1->1(4)
[158.063s][info][gc,heap        ] GC(315) Old regions: 56->56
[158.063s][info][gc,heap        ] GC(315) Archive regions: 0->0
[158.063s][info][gc,heap        ] GC(315) Humongous regions: 402->402
[158.063s][info][gc,metaspace   ] GC(315) Metaspace: 118911K(120256K)->118911K(120256K) NonClass: 101002K(101504K)->101002K(101504K) Class: 17909K(18752K)->17909K(18752K)
[158.063s][info][gc             ] GC(315) Pause Young (Normal) (G1 Evacuation Pause) 478M->453M(512M) 1.237ms
[158.063s][info][gc,cpu         ] GC(315) User=0.00s Sys=0.00s Real=0.00s
[158.079s][info][gc,start       ] GC(316) Pause Young (Normal) (G1 Evacuation Pause)
[158.079s][info][gc,task        ] GC(316) Using 12 workers of 33 for evacuation
[158.080s][info][gc,phases      ] GC(316)   Pre Evacuate Collection Set: 0.1ms
[158.080s][info][gc,phases      ] GC(316)   Merge Heap Roots: 0.1ms
[158.080s][info][gc,phases      ] GC(316)   Evacuate Collection Set: 0.6ms
[158.080s][info][gc,phases      ] GC(316)   Post Evacuate Collection Set: 0.4ms
[158.080s][info][gc,phases      ] GC(316)   Other: 0.1ms
[158.080s][info][gc,heap        ] GC(316) Eden regions: 25->0(25)
[158.080s][info][gc,heap        ] GC(316) Survivor regions: 1->1(4)
[158.080s][info][gc,heap        ] GC(316) Old regions: 56->56
[158.080s][info][gc,heap        ] GC(316) Archive regions: 0->0
[158.080s][info][gc,heap        ] GC(316) Humongous regions: 402->402
[158.080s][info][gc,metaspace   ] GC(316) Metaspace: 118914K(120256K)->118914K(120256K) NonClass: 101004K(101504K)->101004K(101504K) Class: 17910K(18752K)->17910K(18752K)
[158.080s][info][gc             ] GC(316) Pause Young (Normal) (G1 Evacuation Pause) 478M->453M(512M) 1.470ms
[158.080s][info][gc,cpu         ] GC(316) User=0.00s Sys=0.00s Real=0.00s
[158.081s][info][gc,marking     ] GC(308) Concurrent Mark From Roots 43.598ms
[158.081s][info][gc,marking     ] GC(308) Concurrent Preclean
[158.083s][info][gc,start       ] GC(317) Pause Young (Normal) (G1 Evacuation Pause)
[158.083s][info][gc,task        ] GC(317) Using 12 workers of 33 for evacuation
[158.084s][info][gc,phases      ] GC(317)   Pre Evacuate Collection Set: 0.1ms
[158.084s][info][gc,phases      ] GC(317)   Merge Heap Roots: 0.0ms
[158.084s][info][gc,phases      ] GC(317)   Evacuate Collection Set: 0.6ms
[158.084s][info][gc,phases      ] GC(317)   Post Evacuate Collection Set: 0.3ms
[158.084s][info][gc,phases      ] GC(317)   Other: 0.1ms
[158.084s][info][gc,heap        ] GC(317) Eden regions: 25->0(24)
[158.084s][info][gc,heap        ] GC(317) Survivor regions: 1->1(4)
[158.084s][info][gc,heap        ] GC(317) Old regions: 56->56
[158.084s][info][gc,heap        ] GC(317) Archive regions: 0->0
[158.084s][info][gc,heap        ] GC(317) Humongous regions: 403->403
[158.084s][info][gc,metaspace   ] GC(317) Metaspace: 118915K(120256K)->118915K(120256K) NonClass: 101005K(101504K)->101005K(101504K) Class: 17910K(18752K)->17910K(18752K)
[158.084s][info][gc             ] GC(317) Pause Young (Normal) (G1 Evacuation Pause) 479M->454M(512M) 1.285ms
[158.084s][info][gc,cpu         ] GC(317) User=0.00s Sys=0.00s Real=0.00s
[158.084s][info][gc,marking     ] GC(308) Concurrent Preclean 3.189ms
[158.084s][info][gc,start       ] GC(308) Pause Remark
[158.086s][info][gc             ] GC(308) Pause Remark 454M->450M(512M) 1.354ms
[158.086s][info][gc,cpu         ] GC(308) User=0.00s Sys=0.00s Real=0.00s
[158.086s][info][gc,marking     ] GC(308) Concurrent Mark 48.566ms
[158.086s][info][gc,marking     ] GC(308) Concurrent Rebuild Remembered Sets and Scrub Regions
[158.088s][info][gc,start       ] GC(318) Pause Young (Normal) (G1 Evacuation Pause)
[158.088s][info][gc,task        ] GC(318) Using 12 workers of 33 for evacuation
[158.089s][info][gc,phases      ] GC(318)   Pre Evacuate Collection Set: 0.1ms
[158.089s][info][gc,phases      ] GC(318)   Merge Heap Roots: 0.0ms
[158.089s][info][gc,phases      ] GC(318)   Evacuate Collection Set: 0.6ms
[158.089s][info][gc,phases      ] GC(318)   Post Evacuate Collection Set: 0.3ms
[158.089s][info][gc,phases      ] GC(318)   Other: 0.1ms
[158.089s][info][gc,heap        ] GC(318) Eden regions: 24->0(28)
[158.089s][info][gc,heap        ] GC(318) Survivor regions: 1->1(4)
[158.089s][info][gc,heap        ] GC(318) Old regions: 56->56
[158.089s][info][gc,heap        ] GC(318) Archive regions: 0->0
[158.089s][info][gc,heap        ] GC(318) Humongous regions: 399->399
[158.089s][info][gc,metaspace   ] GC(318) Metaspace: 118917K(120256K)->118917K(120256K) NonClass: 101007K(101504K)->101007K(101504K) Class: 17910K(18752K)->17910K(18752K)
[158.089s][info][gc             ] GC(318) Pause Young (Normal) (G1 Evacuation Pause) 474M->450M(512M) 1.313ms
[158.090s][info][gc,cpu         ] GC(318) User=0.00s Sys=0.00s Real=0.00s
[158.093s][info][gc,start       ] GC(319) Pause Young (Normal) (G1 Evacuation Pause)
[158.093s][info][gc,task        ] GC(319) Using 12 workers of 33 for evacuation
[158.094s][info][gc,phases      ] GC(319)   Pre Evacuate Collection Set: 0.1ms
[158.094s][info][gc,phases      ] GC(319)   Merge Heap Roots: 0.0ms
[158.094s][info][gc,phases      ] GC(319)   Evacuate Collection Set: 0.6ms
[158.094s][info][gc,phases      ] GC(319)   Post Evacuate Collection Set: 0.3ms
[158.094s][info][gc,phases      ] GC(319)   Other: 0.1ms
[158.094s][info][gc,heap        ] GC(319) Eden regions: 28->0(28)
[158.094s][info][gc,heap        ] GC(319) Survivor regions: 1->1(4)
[158.094s][info][gc,heap        ] GC(319) Old regions: 56->56
[158.094s][info][gc,heap        ] GC(319) Archive regions: 0->0
[158.094s][info][gc,heap        ] GC(319) Humongous regions: 399->399
[158.094s][info][gc,metaspace   ] GC(319) Metaspace: 118922K(120256K)->118922K(120256K) NonClass: 101011K(101504K)->101011K(101504K) Class: 17911K(18752K)->17911K(18752K)
[158.094s][info][gc             ] GC(319) Pause Young (Normal) (G1 Evacuation Pause) 478M->450M(512M) 1.380ms
[158.094s][info][gc,cpu         ] GC(319) User=0.00s Sys=0.00s Real=0.00s
[158.096s][info][gc,marking     ] GC(308) Concurrent Rebuild Remembered Sets and Scrub Regions 10.547ms
[158.097s][info][gc,start       ] GC(308) Pause Cleanup
[158.097s][info][gc             ] GC(308) Pause Cleanup 480M->480M(512M) 0.212ms
[158.097s][info][gc,cpu         ] GC(308) User=0.00s Sys=0.00s Real=0.00s
[158.098s][info][gc,marking     ] GC(308) Concurrent Clear Claimed Marks
[158.098s][info][gc,marking     ] GC(308) Concurrent Clear Claimed Marks 0.123ms
[158.098s][info][gc,marking     ] GC(308) Concurrent Cleanup for Next Mark
[158.102s][info][gc,start       ] GC(320) Pause Young (Prepare Mixed) (G1 Evacuation Pause)
[158.102s][info][gc,task        ] GC(320) Using 12 workers of 33 for evacuation
[158.103s][info][gc,phases      ] GC(320)   Pre Evacuate Collection Set: 0.1ms
[158.103s][info][gc,phases      ] GC(320)   Merge Heap Roots: 0.2ms
[158.103s][info][gc,phases      ] GC(320)   Evacuate Collection Set: 0.6ms
[158.103s][info][gc,phases      ] GC(320)   Post Evacuate Collection Set: 0.4ms
[158.103s][info][gc,phases      ] GC(320)   Other: 0.1ms
[158.103s][info][gc,heap        ] GC(320) Eden regions: 28->0(24)
[158.103s][info][gc,heap        ] GC(320) Survivor regions: 1->1(4)
[158.103s][info][gc,heap        ] GC(320) Old regions: 56->56
[158.103s][info][gc,heap        ] GC(320) Archive regions: 0->0
[158.103s][info][gc,heap        ] GC(320) Humongous regions: 403->403
[158.103s][info][gc,metaspace   ] GC(320) Metaspace: 118926K(120256K)->118926K(120256K) NonClass: 101013K(101504K)->101013K(101504K) Class: 17912K(18752K)->17912K(18752K)
[158.103s][info][gc             ] GC(320) Pause Young (Prepare Mixed) (G1 Evacuation Pause) 482M->454M(512M) 1.484ms
[158.103s][info][gc,cpu         ] GC(320) User=0.00s Sys=0.00s Real=0.00s
[158.104s][info][gc,marking     ] GC(308) Concurrent Cleanup for Next Mark 5.880ms
[158.104s][info][gc             ] GC(308) Concurrent Mark Cycle 70.298ms
[158.106s][info][gc,start       ] GC(321) Pause Young (Mixed) (G1 Evacuation Pause)
[158.106s][info][gc,task        ] GC(321) Using 12 workers of 33 for evacuation
[158.107s][info][gc,phases      ] GC(321)   Pre Evacuate Collection Set: 0.1ms
[158.107s][info][gc,phases      ] GC(321)   Merge Heap Roots: 0.0ms
[158.107s][info][gc,phases      ] GC(321)   Evacuate Collection Set: 0.7ms
[158.107s][info][gc,phases      ] GC(321)   Post Evacuate Collection Set: 0.3ms
[158.107s][info][gc,phases      ] GC(321)   Other: 0.1ms
[158.107s][info][gc,heap        ] GC(321) Eden regions: 24->0(24)
[158.107s][info][gc,heap        ] GC(321) Survivor regions: 1->1(4)
[158.107s][info][gc,heap        ] GC(321) Old regions: 56->56
[158.107s][info][gc,heap        ] GC(321) Archive regions: 0->0
[158.107s][info][gc,heap        ] GC(321) Humongous regions: 407->407
[158.107s][info][gc,metaspace   ] GC(321) Metaspace: 118928K(120256K)->118928K(120256K) NonClass: 101015K(101504K)->101015K(101504K) Class: 17913K(18752K)->17913K(18752K)
[158.107s][info][gc             ] GC(321) Pause Young (Mixed) (G1 Evacuation Pause) 482M->458M(512M) 1.515ms
[158.107s][info][gc,cpu         ] GC(321) User=0.00s Sys=0.00s Real=0.00s
[158.110s][info][gc,start       ] GC(322) Pause Young (Concurrent Start) (G1 Evacuation Pause)
[158.110s][info][gc,task        ] GC(322) Using 12 workers of 33 for evacuation
[158.112s][info][gc,phases      ] GC(322)   Pre Evacuate Collection Set: 0.2ms
[158.112s][info][gc,phases      ] GC(322)   Merge Heap Roots: 0.0ms
[158.112s][info][gc,phases      ] GC(322)   Evacuate Collection Set: 1.1ms
[158.112s][info][gc,phases      ] GC(322)   Post Evacuate Collection Set: 0.5ms
[158.112s][info][gc,phases      ] GC(322)   Other: 0.1ms
[158.112s][info][gc,heap        ] GC(322) Eden regions: 24->0(24)
[158.112s][info][gc,heap        ] GC(322) Survivor regions: 1->1(4)
[158.112s][info][gc,heap        ] GC(322) Old regions: 56->56
[158.112s][info][gc,heap        ] GC(322) Archive regions: 0->0
[158.112s][info][gc,heap        ] GC(322) Humongous regions: 407->407
[158.112s][info][gc,metaspace   ] GC(322) Metaspace: 118930K(120256K)->118930K(120256K) NonClass: 101017K(101504K)->101017K(101504K) Class: 17913K(18752K)->17913K(18752K)
[158.112s][info][gc             ] GC(322) Pause Young (Concurrent Start) (G1 Evacuation Pause) 482M->458M(512M) 2.187ms
[158.112s][info][gc             ] GC(323) Concurrent Mark Cycle
[158.112s][info][gc,cpu         ] GC(322) User=0.00s Sys=0.00s Real=0.00s
[158.112s][info][gc,marking     ] GC(323) Concurrent Scan Root Regions
[158.114s][info][gc,start       ] GC(324) Pause Young (Normal) (G1 Evacuation Pause)
[158.114s][info][gc,task        ] GC(324) Using 12 workers of 33 for evacuation
[158.115s][info][gc,marking     ] GC(323) Concurrent Scan Root Regions 2.819ms
[158.115s][info][gc,marking     ] GC(323) Concurrent Mark
[158.115s][info][gc,marking     ] GC(323) Concurrent Mark From Roots
[158.115s][info][gc,task        ] GC(323) Using 8 workers of 8 for marking
[158.116s][info][gc,phases      ] GC(324)   Pre Evacuate Collection Set: 0.5ms
[158.116s][info][gc,phases      ] GC(324)   Merge Heap Roots: 0.0ms
[158.116s][info][gc,phases      ] GC(324)   Evacuate Collection Set: 0.8ms
[158.116s][info][gc,phases      ] GC(324)   Post Evacuate Collection Set: 0.3ms
[158.116s][info][gc,phases      ] GC(324)   Other: 0.1ms
[158.116s][info][gc,heap        ] GC(324) Eden regions: 24->0(24)
[158.116s][info][gc,heap        ] GC(324) Survivor regions: 1->1(4)
[158.116s][info][gc,heap        ] GC(324) Old regions: 56->56
[158.116s][info][gc,heap        ] GC(324) Archive regions: 0->0
[158.116s][info][gc,heap        ] GC(324) Humongous regions: 407->407
[158.116s][info][gc,metaspace   ] GC(324) Metaspace: 118930K(120256K)->118930K(120256K) NonClass: 101017K(101504K)->101017K(101504K) Class: 17913K(18752K)->17913K(18752K)
[158.116s][info][gc             ] GC(324) Pause Young (Normal) (G1 Evacuation Pause) 482M->458M(512M) 2.003ms
[158.116s][info][gc,cpu         ] GC(324) User=0.00s Sys=0.00s Real=0.00s
[158.119s][info][gc,start       ] GC(325) Pause Young (Normal) (G1 Evacuation Pause)
[158.119s][info][gc,task        ] GC(325) Using 12 workers of 33 for evacuation
[158.120s][info][gc,phases      ] GC(325)   Pre Evacuate Collection Set: 0.1ms
[158.120s][info][gc,phases      ] GC(325)   Merge Heap Roots: 0.0ms
[158.120s][info][gc,phases      ] GC(325)   Evacuate Collection Set: 0.6ms
[158.120s][info][gc,phases      ] GC(325)   Post Evacuate Collection Set: 0.3ms
[158.120s][info][gc,phases      ] GC(325)   Other: 0.1ms
[158.120s][info][gc,heap        ] GC(325) Eden regions: 24->0(24)
[158.120s][info][gc,heap        ] GC(325) Survivor regions: 1->1(4)
[158.120s][info][gc,heap        ] GC(325) Old regions: 56->56
[158.120s][info][gc,heap        ] GC(325) Archive regions: 0->0
[158.120s][info][gc,heap        ] GC(325) Humongous regions: 407->407
[158.120s][info][gc,metaspace   ] GC(325) Metaspace: 118932K(120256K)->118932K(120256K) NonClass: 101019K(101504K)->101019K(101504K) Class: 17913K(18752K)->17913K(18752K)
[158.120s][info][gc             ] GC(325) Pause Young (Normal) (G1 Evacuation Pause) 482M->458M(512M) 1.258ms
[158.120s][info][gc,cpu         ] GC(325) User=0.00s Sys=0.00s Real=0.00s
[158.123s][info][gc,start       ] GC(326) Pause Young (Normal) (G1 Evacuation Pause)
[158.123s][info][gc,task        ] GC(326) Using 12 workers of 33 for evacuation
[158.125s][info][gc,phases      ] GC(326)   Pre Evacuate Collection Set: 0.1ms
[158.125s][info][gc,phases      ] GC(326)   Merge Heap Roots: 0.1ms
[158.125s][info][gc,phases      ] GC(326)   Evacuate Collection Set: 0.6ms
[158.125s][info][gc,phases      ] GC(326)   Post Evacuate Collection Set: 0.4ms
[158.125s][info][gc,phases      ] GC(326)   Other: 0.1ms
[158.125s][info][gc,heap        ] GC(326) Eden regions: 24->0(24)
[158.125s][info][gc,heap        ] GC(326) Survivor regions: 1->1(4)
[158.125s][info][gc,heap        ] GC(326) Old regions: 56->56
[158.125s][info][gc,heap        ] GC(326) Archive regions: 0->0
[158.125s][info][gc,heap        ] GC(326) Humongous regions: 407->407
[158.125s][info][gc,metaspace   ] GC(326) Metaspace: 118935K(120256K)->118935K(120256K) NonClass: 101022K(101504K)->101022K(101504K) Class: 17913K(18752K)->17913K(18752K)
[158.125s][info][gc             ] GC(326) Pause Young (Normal) (G1 Evacuation Pause) 482M->458M(512M) 1.405ms
[158.125s][info][gc,cpu         ] GC(326) User=0.27s Sys=0.00s Real=0.02s
[158.128s][info][gc,start       ] GC(327) Pause Young (Normal) (G1 Evacuation Pause)
[158.128s][info][gc,task        ] GC(327) Using 12 workers of 33 for evacuation
[158.129s][info][gc,phases      ] GC(327)   Pre Evacuate Collection Set: 0.1ms
[158.129s][info][gc,phases      ] GC(327)   Merge Heap Roots: 0.0ms
[158.129s][info][gc,phases      ] GC(327)   Evacuate Collection Set: 0.7ms
[158.129s][info][gc,phases      ] GC(327)   Post Evacuate Collection Set: 0.3ms
[158.129s][info][gc,phases      ] GC(327)   Other: 0.1ms
[158.129s][info][gc,heap        ] GC(327) Eden regions: 24->0(24)
[158.129s][info][gc,heap        ] GC(327) Survivor regions: 1->1(4)
[158.129s][info][gc,heap        ] GC(327) Old regions: 56->56
[158.129s][info][gc,heap        ] GC(327) Archive regions: 0->0
[158.129s][info][gc,heap        ] GC(327) Humongous regions: 407->407
[158.129s][info][gc,metaspace   ] GC(327) Metaspace: 118948K(120256K)->118948K(120256K) NonClass: 101033K(101504K)->101033K(101504K) Class: 17915K(18752K)->17915K(18752K)
[158.129s][info][gc             ] GC(327) Pause Young (Normal) (G1 Evacuation Pause) 482M->458M(512M) 1.469ms
[158.129s][info][gc,cpu         ] GC(327) User=0.00s Sys=0.00s Real=0.00s
[158.132s][info][gc,start       ] GC(328) Pause Young (Normal) (G1 Evacuation Pause)
[158.132s][info][gc,task        ] GC(328) Using 12 workers of 33 for evacuation
[158.133s][info][gc,phases      ] GC(328)   Pre Evacuate Collection Set: 0.1ms
[158.133s][info][gc,phases      ] GC(328)   Merge Heap Roots: 0.1ms
[158.133s][info][gc,phases      ] GC(328)   Evacuate Collection Set: 0.8ms
[158.133s][info][gc,phases      ] GC(328)   Post Evacuate Collection Set: 0.3ms
[158.133s][info][gc,phases      ] GC(328)   Other: 0.1ms
[158.133s][info][gc,heap        ] GC(328) Eden regions: 24->0(24)
[158.133s][info][gc,heap        ] GC(328) Survivor regions: 1->1(4)
[158.133s][info][gc,heap        ] GC(328) Old regions: 56->56
[158.133s][info][gc,heap        ] GC(328) Archive regions: 0->0
[158.133s][info][gc,heap        ] GC(328) Humongous regions: 407->407
[158.133s][info][gc,metaspace   ] GC(328) Metaspace: 118950K(120256K)->118950K(120256K) NonClass: 101034K(101504K)->101034K(101504K) Class: 17915K(18752K)->17915K(18752K)
[158.133s][info][gc             ] GC(328) Pause Young (Normal) (G1 Evacuation Pause) 482M->458M(512M) 1.573ms
[158.133s][info][gc,cpu         ] GC(328) User=0.00s Sys=0.00s Real=0.00s
[158.135s][info][gc,start       ] GC(329) Pause Young (Normal) (G1 Humongous Allocation)
[158.135s][info][gc,task        ] GC(329) Using 12 workers of 33 for evacuation
[158.136s][info][gc,phases      ] GC(329)   Pre Evacuate Collection Set: 0.1ms
[158.136s][info][gc,phases      ] GC(329)   Merge Heap Roots: 0.0ms
[158.136s][info][gc,phases      ] GC(329)   Evacuate Collection Set: 0.6ms
[158.136s][info][gc,phases      ] GC(329)   Post Evacuate Collection Set: 0.3ms
[158.136s][info][gc,phases      ] GC(329)   Other: 0.1ms
[158.136s][info][gc,heap        ] GC(329) Eden regions: 9->0(24)
[158.136s][info][gc,heap        ] GC(329) Survivor regions: 1->1(4)
[158.136s][info][gc,heap        ] GC(329) Old regions: 56->56
[158.136s][info][gc,heap        ] GC(329) Archive regions: 0->0
[158.136s][info][gc,heap        ] GC(329) Humongous regions: 407->407
[158.136s][info][gc,metaspace   ] GC(329) Metaspace: 118953K(120256K)->118953K(120256K) NonClass: 101036K(101504K)->101036K(101504K) Class: 17916K(18752K)->17916K(18752K)
[158.136s][info][gc             ] GC(329) Pause Young (Normal) (G1 Humongous Allocation) 467M->458M(512M) 1.281ms
[158.136s][info][gc,cpu         ] GC(329) User=0.00s Sys=0.00s Real=0.00s
[158.138s][info][gc,start       ] GC(330) Pause Young (Normal) (G1 Evacuation Pause)
[158.139s][info][gc,task        ] GC(330) Using 12 workers of 33 for evacuation
[158.140s][info][gc,phases      ] GC(330)   Pre Evacuate Collection Set: 0.1ms
[158.140s][info][gc,phases      ] GC(330)   Merge Heap Roots: 0.1ms
[158.140s][info][gc,phases      ] GC(330)   Evacuate Collection Set: 0.8ms
[158.140s][info][gc,phases      ] GC(330)   Post Evacuate Collection Set: 0.3ms
[158.140s][info][gc,phases      ] GC(330)   Other: 0.1ms
[158.140s][info][gc,heap        ] GC(330) Eden regions: 24->0(24)
[158.140s][info][gc,heap        ] GC(330) Survivor regions: 1->1(4)
[158.140s][info][gc,heap        ] GC(330) Old regions: 56->56
[158.140s][info][gc,heap        ] GC(330) Archive regions: 0->0
[158.140s][info][gc,heap        ] GC(330) Humongous regions: 414->414
[158.140s][info][gc,metaspace   ] GC(330) Metaspace: 118953K(120256K)->118953K(120256K) NonClass: 101037K(101504K)->101037K(101504K) Class: 17916K(18752K)->17916K(18752K)
[158.140s][info][gc             ] GC(330) Pause Young (Normal) (G1 Evacuation Pause) 489M->465M(512M) 1.595ms
[158.140s][info][gc,cpu         ] GC(330) User=0.06s Sys=0.03s Real=0.01s
[158.144s][info][gc,start       ] GC(331) Pause Young (Normal) (G1 Evacuation Pause)
[158.144s][info][gc,task        ] GC(331) Using 12 workers of 33 for evacuation
[158.145s][info][gc,phases      ] GC(331)   Pre Evacuate Collection Set: 0.1ms
[158.145s][info][gc,phases      ] GC(331)   Merge Heap Roots: 0.0ms
[158.145s][info][gc,phases      ] GC(331)   Evacuate Collection Set: 0.6ms
[158.145s][info][gc,phases      ] GC(331)   Post Evacuate Collection Set: 0.3ms
[158.145s][info][gc,phases      ] GC(331)   Other: 0.1ms
[158.145s][info][gc,heap        ] GC(331) Eden regions: 24->0(24)
[158.145s][info][gc,heap        ] GC(331) Survivor regions: 1->1(4)
[158.145s][info][gc,heap        ] GC(331) Old regions: 56->56
[158.145s][info][gc,heap        ] GC(331) Archive regions: 0->0
[158.145s][info][gc,heap        ] GC(331) Humongous regions: 420->420
[158.145s][info][gc,metaspace   ] GC(331) Metaspace: 118959K(120256K)->118959K(120256K) NonClass: 101040K(101504K)->101040K(101504K) Class: 17918K(18752K)->17918K(18752K)
[158.145s][info][gc             ] GC(331) Pause Young (Normal) (G1 Evacuation Pause) 495M->471M(512M) 1.444ms
[158.145s][info][gc,cpu         ] GC(331) User=0.00s Sys=0.00s Real=0.00s
[158.156s][info][gc,start       ] GC(332) Pause Young (Normal) (G1 Evacuation Pause)
[158.156s][info][gc,task        ] GC(332) Using 12 workers of 33 for evacuation
[158.157s][info][gc,phases      ] GC(332)   Pre Evacuate Collection Set: 0.1ms
[158.157s][info][gc,phases      ] GC(332)   Merge Heap Roots: 0.1ms
[158.157s][info][gc,phases      ] GC(332)   Evacuate Collection Set: 0.7ms
[158.157s][info][gc,phases      ] GC(332)   Post Evacuate Collection Set: 0.4ms
[158.157s][info][gc,phases      ] GC(332)   Other: 0.1ms
[158.157s][info][gc,heap        ] GC(332) Eden regions: 24->0(24)
[158.157s][info][gc,heap        ] GC(332) Survivor regions: 1->1(4)
[158.157s][info][gc,heap        ] GC(332) Old regions: 56->56
[158.157s][info][gc,heap        ] GC(332) Archive regions: 0->0
[158.157s][info][gc,heap        ] GC(332) Humongous regions: 424->424
[158.157s][info][gc,metaspace   ] GC(332) Metaspace: 118967K(120256K)->118967K(120256K) NonClass: 101047K(101504K)->101047K(101504K) Class: 17920K(18752K)->17920K(18752K)
[158.157s][info][gc             ] GC(332) Pause Young (Normal) (G1 Evacuation Pause) 499M->475M(512M) 1.660ms
[158.157s][info][gc,cpu         ] GC(332) User=0.00s Sys=0.00s Real=0.00s
[158.158s][info][gc,marking     ] GC(323) Concurrent Mark From Roots 43.109ms
[158.158s][info][gc,marking     ] GC(323) Concurrent Preclean
[158.159s][info][gc,marking     ] GC(323) Concurrent Preclean 1.418ms
[158.160s][info][gc,start       ] GC(333) Pause Young (Normal) (G1 Evacuation Pause)
[158.160s][info][gc,task        ] GC(333) Using 12 workers of 33 for evacuation
[158.161s][info][gc,phases      ] GC(333)   Pre Evacuate Collection Set: 0.1ms
[158.161s][info][gc,phases      ] GC(333)   Merge Heap Roots: 0.0ms
[158.161s][info][gc,phases      ] GC(333)   Evacuate Collection Set: 0.9ms
[158.161s][info][gc,phases      ] GC(333)   Post Evacuate Collection Set: 0.4ms
[158.161s][info][gc,phases      ] GC(333)   Other: 0.1ms
[158.161s][info][gc,heap        ] GC(333) Eden regions: 24->0(23)
[158.161s][info][gc,heap        ] GC(333) Survivor regions: 1->2(4)
[158.161s][info][gc,heap        ] GC(333) Old regions: 56->56
[158.161s][info][gc,heap        ] GC(333) Archive regions: 0->0
[158.161s][info][gc,heap        ] GC(333) Humongous regions: 424->424
[158.161s][info][gc,metaspace   ] GC(333) Metaspace: 118969K(120256K)->118969K(120256K) NonClass: 101048K(101504K)->101048K(101504K) Class: 17920K(18752K)->17920K(18752K)
[158.161s][info][gc             ] GC(333) Pause Young (Normal) (G1 Evacuation Pause) 499M->476M(512M) 1.783ms
[158.161s][info][gc,cpu         ] GC(333) User=0.00s Sys=0.00s Real=0.00s
[158.162s][info][gc,start       ] GC(323) Pause Remark
[158.163s][info][gc             ] GC(323) Pause Remark 476M->464M(512M) 1.661ms
[158.163s][info][gc,cpu         ] GC(323) User=0.00s Sys=0.00s Real=0.00s
[158.163s][info][gc,marking     ] GC(323) Concurrent Mark 48.584ms
[158.163s][info][gc,marking     ] GC(323) Concurrent Rebuild Remembered Sets and Scrub Regions
[158.166s][info][gc,start       ] GC(334) Pause Young (Normal) (G1 Evacuation Pause)
[158.166s][info][gc,task        ] GC(334) Using 12 workers of 33 for evacuation
[158.167s][info][gc,phases      ] GC(334)   Pre Evacuate Collection Set: 0.1ms
[158.167s][info][gc,phases      ] GC(334)   Merge Heap Roots: 0.1ms
[158.167s][info][gc,phases      ] GC(334)   Evacuate Collection Set: 1.0ms
[158.167s][info][gc,phases      ] GC(334)   Post Evacuate Collection Set: 0.4ms
[158.167s][info][gc,phases      ] GC(334)   Other: 0.1ms
[158.167s][info][gc,heap        ] GC(334) Eden regions: 23->0(23)
[158.167s][info][gc,heap        ] GC(334) Survivor regions: 2->2(4)
[158.167s][info][gc,heap        ] GC(334) Old regions: 56->56
[158.167s][info][gc,heap        ] GC(334) Archive regions: 0->0
[158.168s][info][gc,heap        ] GC(334) Humongous regions: 412->408
[158.168s][info][gc,metaspace   ] GC(334) Metaspace: 118972K(120256K)->118972K(120256K) NonClass: 101051K(101504K)->101051K(101504K) Class: 17921K(18752K)->17921K(18752K)
[158.168s][info][gc             ] GC(334) Pause Young (Normal) (G1 Evacuation Pause) 487M->460M(512M) 1.876ms
[158.168s][info][gc,cpu         ] GC(334) User=0.00s Sys=0.00s Real=0.00s
[158.171s][info][gc,start       ] GC(335) Pause Young (Normal) (G1 Evacuation Pause)
[158.171s][info][gc,task        ] GC(335) Using 12 workers of 33 for evacuation
[158.173s][info][gc,phases      ] GC(335)   Pre Evacuate Collection Set: 0.1ms
[158.173s][info][gc,phases      ] GC(335)   Merge Heap Roots: 0.1ms
[158.173s][info][gc,phases      ] GC(335)   Evacuate Collection Set: 0.7ms
[158.173s][info][gc,phases      ] GC(335)   Post Evacuate Collection Set: 0.3ms
[158.173s][info][gc,phases      ] GC(335)   Other: 0.1ms
[158.173s][info][gc,heap        ] GC(335) Eden regions: 23->0(23)
[158.173s][info][gc,heap        ] GC(335) Survivor regions: 2->2(4)
[158.173s][info][gc,heap        ] GC(335) Old regions: 56->56
[158.173s][info][gc,heap        ] GC(335) Archive regions: 0->0
[158.173s][info][gc,heap        ] GC(335) Humongous regions: 414->414
[158.173s][info][gc,metaspace   ] GC(335) Metaspace: 118972K(120256K)->118972K(120256K) NonClass: 101051K(101504K)->101051K(101504K) Class: 17921K(18752K)->17921K(18752K)
[158.173s][info][gc             ] GC(335) Pause Young (Normal) (G1 Evacuation Pause) 489M->466M(512M) 1.455ms
[158.173s][info][gc,cpu         ] GC(335) User=0.00s Sys=0.00s Real=0.00s
[158.176s][info][gc,marking     ] GC(323) Concurrent Rebuild Remembered Sets and Scrub Regions 12.164ms
[158.176s][info][gc,start       ] GC(336) Pause Young (Normal) (G1 Evacuation Pause)
[158.176s][info][gc,task        ] GC(336) Using 12 workers of 33 for evacuation
[158.177s][info][gc,phases      ] GC(336)   Pre Evacuate Collection Set: 0.1ms
[158.177s][info][gc,phases      ] GC(336)   Merge Heap Roots: 0.2ms
[158.177s][info][gc,phases      ] GC(336)   Evacuate Collection Set: 0.7ms
[158.177s][info][gc,phases      ] GC(336)   Post Evacuate Collection Set: 0.3ms
[158.177s][info][gc,phases      ] GC(336)   Other: 0.1ms
[158.177s][info][gc,heap        ] GC(336) Eden regions: 23->0(23)
[158.177s][info][gc,heap        ] GC(336) Survivor regions: 2->2(4)
[158.177s][info][gc,heap        ] GC(336) Old regions: 56->56
[158.177s][info][gc,heap        ] GC(336) Archive regions: 0->0
[158.177s][info][gc,heap        ] GC(336) Humongous regions: 422->422
[158.178s][info][gc,metaspace   ] GC(336) Metaspace: 118972K(120256K)->118972K(120256K) NonClass: 101051K(101504K)->101051K(101504K) Class: 17921K(18752K)->17921K(18752K)
[158.178s][info][gc             ] GC(336) Pause Young (Normal) (G1 Evacuation Pause) 497M->474M(512M) 1.657ms
[158.178s][info][gc,cpu         ] GC(336) User=0.00s Sys=0.00s Real=0.00s
[158.189s][info][gc,start       ] GC(323) Pause Cleanup
[158.189s][info][gc             ] GC(323) Pause Cleanup 474M->474M(512M) 0.194ms
[158.189s][info][gc,cpu         ] GC(323) User=0.00s Sys=0.00s Real=0.00s
[158.189s][info][gc,marking     ] GC(323) Concurrent Clear Claimed Marks
[158.189s][info][gc,marking     ] GC(323) Concurrent Clear Claimed Marks 0.125ms
[158.189s][info][gc,marking     ] GC(323) Concurrent Cleanup for Next Mark
[158.190s][info][gc,marking     ] GC(323) Concurrent Cleanup for Next Mark 1.056ms
[158.190s][info][gc             ] GC(323) Concurrent Mark Cycle 78.620ms
[158.192s][info][gc,start       ] GC(337) Pause Young (Prepare Mixed) (G1 Evacuation Pause)
[158.192s][info][gc,task        ] GC(337) Using 12 workers of 33 for evacuation
[158.194s][info][gc,phases      ] GC(337)   Pre Evacuate Collection Set: 0.1ms
[158.194s][info][gc,phases      ] GC(337)   Merge Heap Roots: 0.1ms
[158.194s][info][gc,phases      ] GC(337)   Evacuate Collection Set: 0.8ms
[158.194s][info][gc,phases      ] GC(337)   Post Evacuate Collection Set: 0.4ms
[158.194s][info][gc,phases      ] GC(337)   Other: 0.1ms
[158.194s][info][gc,heap        ] GC(337) Eden regions: 23->0(23)
[158.194s][info][gc,heap        ] GC(337) Survivor regions: 2->2(4)
[158.194s][info][gc,heap        ] GC(337) Old regions: 56->56
[158.194s][info][gc,heap        ] GC(337) Archive regions: 0->0
[158.194s][info][gc,heap        ] GC(337) Humongous regions: 426->426
[158.194s][info][gc,metaspace   ] GC(337) Metaspace: 118972K(120256K)->118972K(120256K) NonClass: 101051K(101504K)->101051K(101504K) Class: 17921K(18752K)->17921K(18752K)
[158.194s][info][gc             ] GC(337) Pause Young (Prepare Mixed) (G1 Evacuation Pause) 501M->478M(512M) 1.703ms
[158.194s][info][gc,cpu         ] GC(337) User=0.00s Sys=0.00s Real=0.00s
[158.197s][info][gc,start       ] GC(338) Pause Young (Mixed) (G1 Evacuation Pause)
[158.197s][info][gc,task        ] GC(338) Using 12 workers of 33 for evacuation
[158.198s][info][gc,phases      ] GC(338)   Pre Evacuate Collection Set: 0.1ms
[158.198s][info][gc,phases      ] GC(338)   Merge Heap Roots: 0.1ms
[158.198s][info][gc,phases      ] GC(338)   Evacuate Collection Set: 0.8ms
[158.198s][info][gc,phases      ] GC(338)   Post Evacuate Collection Set: 0.4ms
[158.198s][info][gc,phases      ] GC(338)   Other: 0.1ms
[158.198s][info][gc,heap        ] GC(338) Eden regions: 23->0(23)
[158.198s][info][gc,heap        ] GC(338) Survivor regions: 2->2(4)
[158.198s][info][gc,heap        ] GC(338) Old regions: 56->54
[158.198s][info][gc,heap        ] GC(338) Archive regions: 0->0
[158.198s][info][gc,heap        ] GC(338) Humongous regions: 426->419
[158.198s][info][gc,metaspace   ] GC(338) Metaspace: 118972K(120256K)->118972K(120256K) NonClass: 101051K(101504K)->101051K(101504K) Class: 17921K(18752K)->17921K(18752K)
[158.198s][info][gc             ] GC(338) Pause Young (Mixed) (G1 Evacuation Pause) 501M->471M(512M) 1.731ms
[158.198s][info][gc,cpu         ] GC(338) User=0.00s Sys=0.00s Real=0.00s
[158.201s][info][gc,start       ] GC(339) Pause Young (Concurrent Start) (G1 Evacuation Pause)
[158.201s][info][gc,task        ] GC(339) Using 12 workers of 33 for evacuation
[158.203s][info][gc,phases      ] GC(339)   Pre Evacuate Collection Set: 0.2ms
[158.203s][info][gc,phases      ] GC(339)   Merge Heap Roots: 0.0ms
[158.203s][info][gc,phases      ] GC(339)   Evacuate Collection Set: 1.4ms
[158.203s][info][gc,phases      ] GC(339)   Post Evacuate Collection Set: 0.4ms
[158.203s][info][gc,phases      ] GC(339)   Other: 0.1ms
[158.203s][info][gc,heap        ] GC(339) Eden regions: 23->0(23)
[158.203s][info][gc,heap        ] GC(339) Survivor regions: 2->2(4)
[158.203s][info][gc,heap        ] GC(339) Old regions: 54->54
[158.203s][info][gc,heap        ] GC(339) Archive regions: 0->0
[158.203s][info][gc,heap        ] GC(339) Humongous regions: 419->419
[158.203s][info][gc,metaspace   ] GC(339) Metaspace: 118972K(120256K)->118972K(120256K) NonClass: 101051K(101504K)->101051K(101504K) Class: 17921K(18752K)->17921K(18752K)
[158.203s][info][gc             ] GC(339) Pause Young (Concurrent Start) (G1 Evacuation Pause) 494M->471M(512M) 2.458ms
[158.203s][info][gc             ] GC(340) Concurrent Mark Cycle
[158.203s][info][gc,cpu         ] GC(339) User=0.00s Sys=0.00s Real=0.00s
[158.203s][info][gc,marking     ] GC(340) Concurrent Scan Root Regions
[158.206s][info][gc,start       ] GC(341) Pause Young (Normal) (G1 Evacuation Pause)
[158.206s][info][gc,task        ] GC(341) Using 12 workers of 33 for evacuation
[158.206s][info][gc,marking     ] GC(340) Concurrent Scan Root Regions 2.955ms
[158.206s][info][gc,marking     ] GC(340) Concurrent Mark
[158.206s][info][gc,marking     ] GC(340) Concurrent Mark From Roots
[158.206s][info][gc,task        ] GC(340) Using 8 workers of 8 for marking
[158.207s][info][gc,phases      ] GC(341)   Pre Evacuate Collection Set: 0.3ms
[158.207s][info][gc,phases      ] GC(341)   Merge Heap Roots: 0.1ms
[158.207s][info][gc,phases      ] GC(341)   Evacuate Collection Set: 0.7ms
[158.208s][info][gc,phases      ] GC(341)   Post Evacuate Collection Set: 0.4ms
[158.208s][info][gc,phases      ] GC(341)   Other: 0.1ms
[158.208s][info][gc,heap        ] GC(341) Eden regions: 23->0(23)
[158.208s][info][gc,heap        ] GC(341) Survivor regions: 2->2(4)
[158.208s][info][gc,heap        ] GC(341) Old regions: 54->54
[158.208s][info][gc,heap        ] GC(341) Archive regions: 0->0
[158.208s][info][gc,heap        ] GC(341) Humongous regions: 425->425
[158.208s][info][gc,metaspace   ] GC(341) Metaspace: 118972K(120256K)->118972K(120256K) NonClass: 101051K(101504K)->101051K(101504K) Class: 17921K(18752K)->17921K(18752K)
[158.208s][info][gc             ] GC(341) Pause Young (Normal) (G1 Evacuation Pause) 500M->477M(512M) 1.810ms
[158.208s][info][gc,cpu         ] GC(341) User=0.30s Sys=0.00s Real=0.02s
[158.210s][info][gc,start       ] GC(342) Pause Young (Normal) (G1 Humongous Allocation)
[158.210s][info][gc,task        ] GC(342) Using 12 workers of 33 for evacuation
[158.211s][info][gc,phases      ] GC(342)   Pre Evacuate Collection Set: 0.1ms
[158.211s][info][gc,phases      ] GC(342)   Merge Heap Roots: 0.0ms
[158.211s][info][gc,phases      ] GC(342)   Evacuate Collection Set: 0.8ms
[158.211s][info][gc,phases      ] GC(342)   Post Evacuate Collection Set: 0.4ms
[158.211s][info][gc,phases      ] GC(342)   Other: 0.1ms
[158.211s][info][gc,heap        ] GC(342) Eden regions: 15->0(23)
[158.211s][info][gc,heap        ] GC(342) Survivor regions: 2->2(4)
[158.211s][info][gc,heap        ] GC(342) Old regions: 54->54
[158.211s][info][gc,heap        ] GC(342) Archive regions: 0->0
[158.211s][info][gc,heap        ] GC(342) Humongous regions: 425->425
[158.211s][info][gc,metaspace   ] GC(342) Metaspace: 118972K(120256K)->118972K(120256K) NonClass: 101051K(101504K)->101051K(101504K) Class: 17921K(18752K)->17921K(18752K)
[158.211s][info][gc             ] GC(342) Pause Young (Normal) (G1 Humongous Allocation) 492M->477M(512M) 1.604ms
[158.211s][info][gc,cpu         ] GC(342) User=0.00s Sys=0.00s Real=0.00s
[158.214s][info][gc,start       ] GC(343) Pause Young (Normal) (G1 Evacuation Pause)
[158.214s][info][gc,task        ] GC(343) Using 12 workers of 33 for evacuation
[158.216s][info][gc,phases      ] GC(343)   Pre Evacuate Collection Set: 0.1ms
[158.216s][info][gc,phases      ] GC(343)   Merge Heap Roots: 0.0ms
[158.216s][info][gc,phases      ] GC(343)   Evacuate Collection Set: 0.7ms
[158.216s][info][gc,phases      ] GC(343)   Post Evacuate Collection Set: 0.4ms
[158.216s][info][gc,phases      ] GC(343)   Other: 0.1ms
[158.216s][info][gc,heap        ] GC(343) Eden regions: 23->0(23)
[158.216s][info][gc,heap        ] GC(343) Survivor regions: 2->2(4)
[158.216s][info][gc,heap        ] GC(343) Old regions: 54->54
[158.216s][info][gc,heap        ] GC(343) Archive regions: 0->0
[158.216s][info][gc,heap        ] GC(343) Humongous regions: 429->429
[158.216s][info][gc,metaspace   ] GC(343) Metaspace: 118972K(120256K)->118972K(120256K) NonClass: 101051K(101504K)->101051K(101504K) Class: 17921K(18752K)->17921K(18752K)
[158.216s][info][gc             ] GC(343) Pause Young (Normal) (G1 Evacuation Pause) 504M->481M(512M) 1.554ms
[158.216s][info][gc,cpu         ] GC(343) User=0.00s Sys=0.00s Real=0.00s
[158.219s][info][gc,start       ] GC(344) Pause Young (Normal) (G1 Evacuation Pause)
[158.219s][info][gc,task        ] GC(344) Using 12 workers of 33 for evacuation
[158.220s][info][gc,phases      ] GC(344)   Pre Evacuate Collection Set: 0.1ms
[158.220s][info][gc,phases      ] GC(344)   Merge Heap Roots: 0.0ms
[158.220s][info][gc,phases      ] GC(344)   Evacuate Collection Set: 1.0ms
[158.220s][info][gc,phases      ] GC(344)   Post Evacuate Collection Set: 0.3ms
[158.220s][info][gc,phases      ] GC(344)   Other: 0.1ms
[158.221s][info][gc,heap        ] GC(344) Eden regions: 23->0(22)
[158.221s][info][gc,heap        ] GC(344) Survivor regions: 2->3(4)
[158.221s][info][gc,heap        ] GC(344) Old regions: 54->54
[158.221s][info][gc,heap        ] GC(344) Archive regions: 0->0
[158.221s][info][gc,heap        ] GC(344) Humongous regions: 429->429
[158.221s][info][gc,metaspace   ] GC(344) Metaspace: 118973K(120256K)->118973K(120256K) NonClass: 101052K(101504K)->101052K(101504K) Class: 17921K(18752K)->17921K(18752K)
[158.221s][info][gc             ] GC(344) Pause Young (Normal) (G1 Evacuation Pause) 504M->482M(512M) 1.765ms
[158.221s][info][gc,cpu         ] GC(344) User=0.00s Sys=0.00s Real=0.00s
[158.222s][info][gc,start       ] GC(345) Pause Young (Normal) (G1 Humongous Allocation)
[158.222s][info][gc,task        ] GC(345) Using 12 workers of 33 for evacuation
[158.223s][info][gc,phases      ] GC(345)   Pre Evacuate Collection Set: 0.1ms
[158.223s][info][gc,phases      ] GC(345)   Merge Heap Roots: 0.0ms
[158.223s][info][gc,phases      ] GC(345)   Evacuate Collection Set: 0.7ms
[158.223s][info][gc,phases      ] GC(345)   Post Evacuate Collection Set: 0.3ms
[158.223s][info][gc,phases      ] GC(345)   Other: 0.1ms
[158.223s][info][gc,heap        ] GC(345) Eden regions: 8->0(22)
[158.223s][info][gc,heap        ] GC(345) Survivor regions: 3->3(4)
[158.223s][info][gc,heap        ] GC(345) Old regions: 54->54
[158.223s][info][gc,heap        ] GC(345) Archive regions: 0->0
[158.223s][info][gc,heap        ] GC(345) Humongous regions: 429->429
[158.223s][info][gc,metaspace   ] GC(345) Metaspace: 118973K(120256K)->118973K(120256K) NonClass: 101052K(101504K)->101052K(101504K) Class: 17921K(18752K)->17921K(18752K)
[158.223s][info][gc             ] GC(345) Pause Young (Normal) (G1 Humongous Allocation) 490M->482M(512M) 1.481ms
[158.223s][info][gc,cpu         ] GC(345) User=0.33s Sys=0.00s Real=0.02s
[158.223s][info][gc,ergo        ] Attempting full compaction
[158.223s][info][gc,start       ] GC(346) Pause Full (G1 Compaction Pause)
[158.223s][info][gc,task        ] GC(346) Using 12 workers of 33 for full compaction
[158.224s][info][gc,phases,start] GC(346) Phase 1: Mark live objects
[158.243s][info][gc,phases      ] GC(346) Phase 1: Mark live objects 18.992ms
[158.243s][info][gc,phases,start] GC(346) Phase 2: Prepare compaction
[158.245s][info][gc,phases      ] GC(346) Phase 2: Prepare compaction 1.591ms
[158.245s][info][gc,phases,start] GC(346) Phase 3: Adjust pointers
[158.249s][info][gc,phases      ] GC(346) Phase 3: Adjust pointers 3.927ms
[158.249s][info][gc,phases,start] GC(346) Phase 4: Compact heap
[158.249s][info][gc,phases      ] GC(346) Phase 4: Compact heap 0.494ms
[158.254s][info][gc,heap        ] GC(346) Eden regions: 0->0(44)
[158.254s][info][gc,heap        ] GC(346) Survivor regions: 3->0(4)
[158.254s][info][gc,heap        ] GC(346) Old regions: 54->56
[158.254s][info][gc,heap        ] GC(346) Archive regions: 0->0
[158.254s][info][gc,heap        ] GC(346) Humongous regions: 429->385
[158.254s][info][gc,metaspace   ] GC(346) Metaspace: 118973K(120256K)->118973K(120256K) NonClass: 101052K(101504K)->101052K(101504K) Class: 17921K(18752K)->17921K(18752K)
[158.254s][info][gc             ] GC(346) Pause Full (G1 Compaction Pause) 482M->436M(512M) 30.463ms
[158.254s][info][gc,cpu         ] GC(346) User=0.34s Sys=0.02s Real=0.03s
[158.254s][info][gc,marking     ] GC(340) Concurrent Mark From Roots 47.927ms
[158.254s][info][gc,marking     ] GC(340) Concurrent Mark Abort
[158.254s][info][gc             ] GC(340) Concurrent Mark Cycle 51.031ms
[158.256s][info][gc,start       ] GC(347) Pause Young (Concurrent Start) (G1 Humongous Allocation)
[158.256s][info][gc,task        ] GC(347) Using 12 workers of 33 for evacuation
[158.258s][info][gc,phases      ] GC(347)   Pre Evacuate Collection Set: 0.2ms
[158.258s][info][gc,phases      ] GC(347)   Merge Heap Roots: 0.0ms
[158.258s][info][gc,phases      ] GC(347)   Evacuate Collection Set: 1.4ms
[158.258s][info][gc,phases      ] GC(347)   Post Evacuate Collection Set: 0.4ms
[158.258s][info][gc,phases      ] GC(347)   Other: 0.1ms
[158.258s][info][gc,heap        ] GC(347) Eden regions: 13->0(38)
[158.258s][info][gc,heap        ] GC(347) Survivor regions: 0->1(6)
[158.258s][info][gc,heap        ] GC(347) Old regions: 56->56
[158.258s][info][gc,heap        ] GC(347) Archive regions: 0->0
[158.258s][info][gc,heap        ] GC(347) Humongous regions: 389->389
[158.258s][info][gc,metaspace   ] GC(347) Metaspace: 118973K(120256K)->118973K(120256K) NonClass: 101052K(101504K)->101052K(101504K) Class: 17921K(18752K)->17921K(18752K)
[158.259s][info][gc             ] GC(347) Pause Young (Concurrent Start) (G1 Humongous Allocation) 453M->441M(512M) 2.397ms
[158.259s][info][gc             ] GC(348) Concurrent Mark Cycle
[158.259s][info][gc,cpu         ] GC(347) User=0.00s Sys=0.00s Real=0.00s
[158.259s][info][gc,marking     ] GC(348) Concurrent Scan Root Regions
[158.262s][info][gc,marking     ] GC(348) Concurrent Scan Root Regions 3.720ms
[158.262s][info][gc,marking     ] GC(348) Concurrent Mark
[158.262s][info][gc,marking     ] GC(348) Concurrent Mark From Roots
[158.262s][info][gc,task        ] GC(348) Using 8 workers of 8 for marking
[158.263s][info][gc,start       ] GC(349) Pause Young (Normal) (G1 Evacuation Pause)
[158.263s][info][gc,task        ] GC(349) Using 12 workers of 33 for evacuation
[158.264s][info][gc,phases      ] GC(349)   Pre Evacuate Collection Set: 0.1ms
[158.264s][info][gc,phases      ] GC(349)   Merge Heap Roots: 0.1ms
[158.264s][info][gc,phases      ] GC(349)   Evacuate Collection Set: 0.4ms
[158.264s][info][gc,phases      ] GC(349)   Post Evacuate Collection Set: 0.4ms
[158.264s][info][gc,phases      ] GC(349)   Other: 0.1ms
[158.264s][info][gc,heap        ] GC(349) Eden regions: 38->0(33)
[158.264s][info][gc,heap        ] GC(349) Survivor regions: 1->1(5)
[158.264s][info][gc,heap        ] GC(349) Old regions: 56->56
[158.264s][info][gc,heap        ] GC(349) Archive regions: 0->0
[158.264s][info][gc,heap        ] GC(349) Humongous regions: 394->394
[158.264s][info][gc,metaspace   ] GC(349) Metaspace: 118973K(120256K)->118973K(120256K) NonClass: 101052K(101504K)->101052K(101504K) Class: 17921K(18752K)->17921K(18752K)
[158.264s][info][gc             ] GC(349) Pause Young (Normal) (G1 Evacuation Pause) 484M->446M(512M) 1.348ms
[158.264s][info][gc,cpu         ] GC(349) User=0.00s Sys=0.00s Real=0.00s
[158.268s][info][gc,start       ] GC(350) Pause Young (Normal) (G1 Evacuation Pause)
[158.268s][info][gc,task        ] GC(350) Using 12 workers of 33 for evacuation
[158.269s][info][gc,phases      ] GC(350)   Pre Evacuate Collection Set: 0.1ms
[158.269s][info][gc,phases      ] GC(350)   Merge Heap Roots: 0.0ms
[158.269s][info][gc,phases      ] GC(350)   Evacuate Collection Set: 0.4ms
[158.269s][info][gc,phases      ] GC(350)   Post Evacuate Collection Set: 0.3ms
[158.269s][info][gc,phases      ] GC(350)   Other: 0.1ms
[158.269s][info][gc,heap        ] GC(350) Eden regions: 33->0(29)
[158.269s][info][gc,heap        ] GC(350) Survivor regions: 1->1(5)
[158.269s][info][gc,heap        ] GC(350) Old regions: 56->56
[158.269s][info][gc,heap        ] GC(350) Archive regions: 0->0
[158.269s][info][gc,heap        ] GC(350) Humongous regions: 398->398
[158.269s][info][gc,metaspace   ] GC(350) Metaspace: 118973K(120256K)->118973K(120256K) NonClass: 101052K(101504K)->101052K(101504K) Class: 17921K(18752K)->17921K(18752K)
[158.269s][info][gc             ] GC(350) Pause Young (Normal) (G1 Evacuation Pause) 483M->450M(512M) 1.199ms
[158.269s][info][gc,cpu         ] GC(350) User=0.00s Sys=0.00s Real=0.00s
[158.273s][info][gc,start       ] GC(351) Pause Young (Normal) (G1 Evacuation Pause)
[158.273s][info][gc,task        ] GC(351) Using 12 workers of 33 for evacuation
[158.274s][info][gc,phases      ] GC(351)   Pre Evacuate Collection Set: 0.1ms
[158.274s][info][gc,phases      ] GC(351)   Merge Heap Roots: 0.1ms
[158.274s][info][gc,phases      ] GC(351)   Evacuate Collection Set: 0.6ms
[158.274s][info][gc,phases      ] GC(351)   Post Evacuate Collection Set: 0.3ms
[158.274s][info][gc,phases      ] GC(351)   Other: 0.1ms
[158.274s][info][gc,heap        ] GC(351) Eden regions: 29->0(23)
[158.274s][info][gc,heap        ] GC(351) Survivor regions: 1->2(4)
[158.274s][info][gc,heap        ] GC(351) Old regions: 56->56
[158.274s][info][gc,heap        ] GC(351) Archive regions: 0->0
[158.274s][info][gc,heap        ] GC(351) Humongous regions: 402->402
[158.274s][info][gc,metaspace   ] GC(351) Metaspace: 118975K(120256K)->118975K(120256K) NonClass: 101053K(101504K)->101053K(101504K) Class: 17921K(18752K)->17921K(18752K)
[158.274s][info][gc             ] GC(351) Pause Young (Normal) (G1 Evacuation Pause) 483M->455M(512M) 1.380ms
[158.274s][info][gc,cpu         ] GC(351) User=0.00s Sys=0.00s Real=0.00s
[158.280s][info][gc,start       ] GC(352) Pause Young (Normal) (G1 Evacuation Pause)
[158.280s][info][gc,task        ] GC(352) Using 12 workers of 33 for evacuation
[158.281s][info][gc,phases      ] GC(352)   Pre Evacuate Collection Set: 0.1ms
[158.281s][info][gc,phases      ] GC(352)   Merge Heap Roots: 0.0ms
[158.281s][info][gc,phases      ] GC(352)   Evacuate Collection Set: 0.7ms
[158.281s][info][gc,phases      ] GC(352)   Post Evacuate Collection Set: 0.3ms
[158.281s][info][gc,phases      ] GC(352)   Other: 0.1ms
[158.281s][info][gc,heap        ] GC(352) Eden regions: 23->0(23)
[158.281s][info][gc,heap        ] GC(352) Survivor regions: 2->2(4)
[158.281s][info][gc,heap        ] GC(352) Old regions: 56->56
[158.281s][info][gc,heap        ] GC(352) Archive regions: 0->0
[158.281s][info][gc,heap        ] GC(352) Humongous regions: 402->402
[158.281s][info][gc,metaspace   ] GC(352) Metaspace: 118978K(120256K)->118978K(120256K) NonClass: 101055K(101504K)->101055K(101504K) Class: 17922K(18752K)->17922K(18752K)
[158.281s][info][gc             ] GC(352) Pause Young (Normal) (G1 Evacuation Pause) 478M->455M(512M) 1.442ms
[158.282s][info][gc,cpu         ] GC(352) User=0.00s Sys=0.00s Real=0.00s
[158.284s][info][gc,start       ] GC(353) Pause Young (Normal) (G1 Evacuation Pause)
[158.284s][info][gc,task        ] GC(353) Using 12 workers of 33 for evacuation
[158.286s][info][gc,phases      ] GC(353)   Pre Evacuate Collection Set: 0.1ms
[158.286s][info][gc,phases      ] GC(353)   Merge Heap Roots: 0.0ms
[158.286s][info][gc,phases      ] GC(353)   Evacuate Collection Set: 0.9ms
[158.286s][info][gc,phases      ] GC(353)   Post Evacuate Collection Set: 0.3ms
[158.286s][info][gc,phases      ] GC(353)   Other: 0.1ms
[158.286s][info][gc,heap        ] GC(353) Eden regions: 23->0(23)
[158.286s][info][gc,heap        ] GC(353) Survivor regions: 2->2(4)
[158.286s][info][gc,heap        ] GC(353) Old regions: 56->56
[158.286s][info][gc,heap        ] GC(353) Archive regions: 0->0
[158.286s][info][gc,heap        ] GC(353) Humongous regions: 402->402
[158.286s][info][gc,metaspace   ] GC(353) Metaspace: 118995K(120256K)->118995K(120256K) NonClass: 101072K(101504K)->101072K(101504K) Class: 17923K(18752K)->17923K(18752K)
[158.286s][info][gc             ] GC(353) Pause Young (Normal) (G1 Evacuation Pause) 478M->455M(512M) 1.702ms
[158.286s][info][gc,cpu         ] GC(353) User=0.00s Sys=0.00s Real=0.00s
[158.289s][info][gc,start       ] GC(354) Pause Young (Normal) (G1 Evacuation Pause)
[158.289s][info][gc,task        ] GC(354) Using 12 workers of 33 for evacuation
[158.290s][info][gc,phases      ] GC(354)   Pre Evacuate Collection Set: 0.1ms
[158.290s][info][gc,phases      ] GC(354)   Merge Heap Roots: 0.0ms
[158.290s][info][gc,phases      ] GC(354)   Evacuate Collection Set: 0.7ms
[158.290s][info][gc,phases      ] GC(354)   Post Evacuate Collection Set: 0.3ms
[158.290s][info][gc,phases      ] GC(354)   Other: 0.1ms
[158.290s][info][gc,heap        ] GC(354) Eden regions: 23->0(22)
[158.290s][info][gc,heap        ] GC(354) Survivor regions: 2->3(4)
[158.290s][info][gc,heap        ] GC(354) Old regions: 56->56
[158.290s][info][gc,heap        ] GC(354) Archive regions: 0->0
[158.290s][info][gc,heap        ] GC(354) Humongous regions: 402->402
[158.290s][info][gc,metaspace   ] GC(354) Metaspace: 119005K(120320K)->119005K(120320K) NonClass: 101081K(101568K)->101081K(101568K) Class: 17924K(18752K)->17924K(18752K)
[158.290s][info][gc             ] GC(354) Pause Young (Normal) (G1 Evacuation Pause) 478M->455M(512M) 1.444ms
[158.290s][info][gc,cpu         ] GC(354) User=0.00s Sys=0.00s Real=0.00s
[158.293s][info][gc,start       ] GC(355) Pause Young (Normal) (G1 Evacuation Pause)
[158.293s][info][gc,task        ] GC(355) Using 12 workers of 33 for evacuation
[158.294s][info][gc,phases      ] GC(355)   Pre Evacuate Collection Set: 0.1ms
[158.294s][info][gc,phases      ] GC(355)   Merge Heap Roots: 0.0ms
[158.294s][info][gc,phases      ] GC(355)   Evacuate Collection Set: 0.6ms
[158.294s][info][gc,phases      ] GC(355)   Post Evacuate Collection Set: 0.3ms
[158.294s][info][gc,phases      ] GC(355)   Other: 0.1ms
[158.294s][info][gc,heap        ] GC(355) Eden regions: 22->0(22)
[158.294s][info][gc,heap        ] GC(355) Survivor regions: 3->3(4)
[158.294s][info][gc,heap        ] GC(355) Old regions: 56->56
[158.294s][info][gc,heap        ] GC(355) Archive regions: 0->0
[158.294s][info][gc,heap        ] GC(355) Humongous regions: 402->402
[158.294s][info][gc,metaspace   ] GC(355) Metaspace: 119006K(120320K)->119006K(120320K) NonClass: 101082K(101568K)->101082K(101568K) Class: 17924K(18752K)->17924K(18752K)
[158.294s][info][gc             ] GC(355) Pause Young (Normal) (G1 Evacuation Pause) 477M->456M(512M) 1.364ms
[158.294s][info][gc,cpu         ] GC(355) User=0.00s Sys=0.00s Real=0.00s
[158.297s][info][gc,start       ] GC(356) Pause Young (Normal) (G1 Evacuation Pause)
[158.297s][info][gc,task        ] GC(356) Using 12 workers of 33 for evacuation
[158.298s][info][gc,phases      ] GC(356)   Pre Evacuate Collection Set: 0.1ms
[158.298s][info][gc,phases      ] GC(356)   Merge Heap Roots: 0.0ms
[158.298s][info][gc,phases      ] GC(356)   Evacuate Collection Set: 0.6ms
[158.298s][info][gc,phases      ] GC(356)   Post Evacuate Collection Set: 0.3ms
[158.298s][info][gc,phases      ] GC(356)   Other: 0.1ms
[158.298s][info][gc,heap        ] GC(356) Eden regions: 22->0(23)
[158.299s][info][gc,heap        ] GC(356) Survivor regions: 3->2(4)
[158.299s][info][gc,heap        ] GC(356) Old regions: 56->57
[158.299s][info][gc,heap        ] GC(356) Archive regions: 0->0
[158.299s][info][gc,heap        ] GC(356) Humongous regions: 402->402
[158.299s][info][gc,metaspace   ] GC(356) Metaspace: 119012K(120320K)->119012K(120320K) NonClass: 101087K(101568K)->101087K(101568K) Class: 17924K(18752K)->17924K(18752K)
[158.299s][info][gc             ] GC(356) Pause Young (Normal) (G1 Evacuation Pause) 478M->456M(512M) 1.306ms
[158.299s][info][gc,cpu         ] GC(356) User=0.00s Sys=0.00s Real=0.00s
[158.300s][info][gc,marking     ] GC(348) Concurrent Mark From Roots 37.360ms
[158.300s][info][gc,marking     ] GC(348) Concurrent Preclean
[158.301s][info][gc,start       ] GC(357) Pause Young (Normal) (G1 Evacuation Pause)
[158.301s][info][gc,task        ] GC(357) Using 12 workers of 33 for evacuation
[158.302s][info][gc,phases      ] GC(357)   Pre Evacuate Collection Set: 0.1ms
[158.302s][info][gc,phases      ] GC(357)   Merge Heap Roots: 0.0ms
[158.302s][info][gc,phases      ] GC(357)   Evacuate Collection Set: 0.7ms
[158.302s][info][gc,phases      ] GC(357)   Post Evacuate Collection Set: 0.3ms
[158.302s][info][gc,phases      ] GC(357)   Other: 0.1ms
[158.302s][info][gc,heap        ] GC(357) Eden regions: 23->0(22)
[158.302s][info][gc,heap        ] GC(357) Survivor regions: 2->3(4)
[158.302s][info][gc,heap        ] GC(357) Old regions: 57->57
[158.302s][info][gc,heap        ] GC(357) Archive regions: 0->0
[158.302s][info][gc,heap        ] GC(357) Humongous regions: 403->403
[158.302s][info][gc,metaspace   ] GC(357) Metaspace: 119016K(120320K)->119016K(120320K) NonClass: 101091K(101568K)->101091K(101568K) Class: 17924K(18752K)->17924K(18752K)
[158.302s][info][gc             ] GC(357) Pause Young (Normal) (G1 Evacuation Pause) 480M->457M(512M) 1.416ms
[158.302s][info][gc,cpu         ] GC(357) User=0.00s Sys=0.00s Real=0.00s
[158.303s][info][gc,marking     ] GC(348) Concurrent Preclean 2.901ms
[158.303s][info][gc,start       ] GC(348) Pause Remark
[158.305s][info][gc             ] GC(348) Pause Remark 459M->452M(512M) 1.645ms
[158.305s][info][gc,cpu         ] GC(348) User=0.00s Sys=0.00s Real=0.00s
[158.305s][info][gc,marking     ] GC(348) Concurrent Mark 42.349ms
[158.305s][info][gc,marking     ] GC(348) Concurrent Rebuild Remembered Sets and Scrub Regions
[158.307s][info][gc,start       ] GC(358) Pause Young (Normal) (G1 Evacuation Pause)
[158.307s][info][gc,task        ] GC(358) Using 12 workers of 33 for evacuation
[158.308s][info][gc,phases      ] GC(358)   Pre Evacuate Collection Set: 0.1ms
[158.308s][info][gc,phases      ] GC(358)   Merge Heap Roots: 0.0ms
[158.308s][info][gc,phases      ] GC(358)   Evacuate Collection Set: 0.6ms
[158.308s][info][gc,phases      ] GC(358)   Post Evacuate Collection Set: 0.3ms
[158.308s][info][gc,phases      ] GC(358)   Other: 0.1ms
[158.308s][info][gc,heap        ] GC(358) Eden regions: 22->0(26)
[158.308s][info][gc,heap        ] GC(358) Survivor regions: 3->3(4)
[158.308s][info][gc,heap        ] GC(358) Old regions: 57->57
[158.308s][info][gc,heap        ] GC(358) Archive regions: 0->0
[158.308s][info][gc,heap        ] GC(358) Humongous regions: 396->396
[158.308s][info][gc,metaspace   ] GC(358) Metaspace: 119016K(120320K)->119016K(120320K) NonClass: 101091K(101568K)->101091K(101568K) Class: 17924K(18752K)->17924K(18752K)
[158.308s][info][gc             ] GC(358) Pause Young (Normal) (G1 Evacuation Pause) 472M->450M(512M) 1.321ms
[158.308s][info][gc,cpu         ] GC(358) User=0.00s Sys=0.00s Real=0.00s
[158.311s][info][gc,start       ] GC(359) Pause Young (Normal) (G1 Evacuation Pause)
[158.311s][info][gc,task        ] GC(359) Using 12 workers of 33 for evacuation
[158.312s][info][gc,phases      ] GC(359)   Pre Evacuate Collection Set: 0.1ms
[158.312s][info][gc,phases      ] GC(359)   Merge Heap Roots: 0.0ms
[158.312s][info][gc,phases      ] GC(359)   Evacuate Collection Set: 0.7ms
[158.312s][info][gc,phases      ] GC(359)   Post Evacuate Collection Set: 0.3ms
[158.312s][info][gc,phases      ] GC(359)   Other: 0.1ms
[158.312s][info][gc,heap        ] GC(359) Eden regions: 26->0(28)
[158.312s][info][gc,heap        ] GC(359) Survivor regions: 3->2(4)
[158.312s][info][gc,heap        ] GC(359) Old regions: 57->57
[158.312s][info][gc,heap        ] GC(359) Archive regions: 0->0
[158.312s][info][gc,heap        ] GC(359) Humongous regions: 396->396
[158.312s][info][gc,metaspace   ] GC(359) Metaspace: 119016K(120320K)->119016K(120320K) NonClass: 101091K(101568K)->101091K(101568K) Class: 17924K(18752K)->17924K(18752K)
[158.312s][info][gc             ] GC(359) Pause Young (Normal) (G1 Evacuation Pause) 476M->450M(512M) 1.450ms
[158.312s][info][gc,cpu         ] GC(359) User=0.31s Sys=0.00s Real=0.02s
[158.315s][info][gc,marking     ] GC(348) Concurrent Rebuild Remembered Sets and Scrub Regions 9.695ms
[158.315s][info][gc,start       ] GC(348) Pause Cleanup
[158.315s][info][gc             ] GC(348) Pause Cleanup 474M->474M(512M) 0.207ms
[158.315s][info][gc,cpu         ] GC(348) User=0.00s Sys=0.00s Real=0.00s
[158.315s][info][gc,marking     ] GC(348) Concurrent Clear Claimed Marks
[158.315s][info][gc,marking     ] GC(348) Concurrent Clear Claimed Marks 0.234ms
[158.315s][info][gc,marking     ] GC(348) Concurrent Cleanup for Next Mark
[158.316s][info][gc,start       ] GC(360) Pause Young (Prepare Mixed) (G1 Evacuation Pause)
[158.316s][info][gc,task        ] GC(360) Using 12 workers of 33 for evacuation
[158.317s][info][gc,phases      ] GC(360)   Pre Evacuate Collection Set: 0.1ms
[158.317s][info][gc,phases      ] GC(360)   Merge Heap Roots: 0.2ms
[158.317s][info][gc,phases      ] GC(360)   Evacuate Collection Set: 0.8ms
[158.317s][info][gc,phases      ] GC(360)   Post Evacuate Collection Set: 0.3ms
[158.317s][info][gc,phases      ] GC(360)   Other: 0.1ms
[158.317s][info][gc,heap        ] GC(360) Eden regions: 28->0(28)
[158.317s][info][gc,heap        ] GC(360) Survivor regions: 2->2(4)
[158.317s][info][gc,heap        ] GC(360) Old regions: 57->57
[158.317s][info][gc,heap        ] GC(360) Archive regions: 0->0
[158.317s][info][gc,heap        ] GC(360) Humongous regions: 396->396
[158.317s][info][gc,metaspace   ] GC(360) Metaspace: 119016K(120320K)->119016K(120320K) NonClass: 101091K(101568K)->101091K(101568K) Class: 17924K(18752K)->17924K(18752K)
[158.317s][info][gc             ] GC(360) Pause Young (Prepare Mixed) (G1 Evacuation Pause) 478M->450M(512M) 1.681ms
[158.317s][info][gc,cpu         ] GC(360) User=0.00s Sys=0.00s Real=0.00s
[158.318s][info][gc,marking     ] GC(348) Concurrent Cleanup for Next Mark 2.498ms
[158.318s][info][gc             ] GC(348) Concurrent Mark Cycle 59.351ms
[158.320s][info][gc,start       ] GC(361) Pause Young (Mixed) (G1 Evacuation Pause)
[158.320s][info][gc,task        ] GC(361) Using 12 workers of 33 for evacuation
[158.322s][info][gc,phases      ] GC(361)   Pre Evacuate Collection Set: 0.1ms
[158.322s][info][gc,phases      ] GC(361)   Merge Heap Roots: 0.0ms
[158.322s][info][gc,phases      ] GC(361)   Evacuate Collection Set: 0.8ms
[158.322s][info][gc,phases      ] GC(361)   Post Evacuate Collection Set: 0.3ms
[158.322s][info][gc,phases      ] GC(361)   Other: 0.1ms
[158.322s][info][gc,heap        ] GC(361) Eden regions: 28->0(27)
[158.322s][info][gc,heap        ] GC(361) Survivor regions: 2->2(4)
[158.322s][info][gc,heap        ] GC(361) Old regions: 57->57
[158.322s][info][gc,heap        ] GC(361) Archive regions: 0->0
[158.322s][info][gc,heap        ] GC(361) Humongous regions: 397->397
[158.322s][info][gc,metaspace   ] GC(361) Metaspace: 119016K(120320K)->119016K(120320K) NonClass: 101091K(101568K)->101091K(101568K) Class: 17924K(18752K)->17924K(18752K)
[158.322s][info][gc             ] GC(361) Pause Young (Mixed) (G1 Evacuation Pause) 479M->451M(512M) 1.516ms
[158.322s][info][gc,cpu         ] GC(361) User=0.00s Sys=0.00s Real=0.00s
[158.322s][info][gc,start       ] GC(362) Pause Young (Concurrent Start) (G1 Humongous Allocation)
[158.322s][info][gc,task        ] GC(362) Using 12 workers of 33 for evacuation
[158.324s][info][gc,phases      ] GC(362)   Pre Evacuate Collection Set: 0.2ms
[158.324s][info][gc,phases      ] GC(362)   Merge Heap Roots: 0.0ms
[158.324s][info][gc,phases      ] GC(362)   Evacuate Collection Set: 0.9ms
[158.324s][info][gc,phases      ] GC(362)   Post Evacuate Collection Set: 0.3ms
[158.324s][info][gc,phases      ] GC(362)   Other: 0.1ms
[158.324s][info][gc,heap        ] GC(362) Eden regions: 2->0(25)
[158.324s][info][gc,heap        ] GC(362) Survivor regions: 2->3(4)
[158.324s][info][gc,heap        ] GC(362) Old regions: 57->57
[158.324s][info][gc,heap        ] GC(362) Archive regions: 0->0
[158.324s][info][gc,heap        ] GC(362) Humongous regions: 397->397
[158.324s][info][gc,metaspace   ] GC(362) Metaspace: 119016K(120320K)->119016K(120320K) NonClass: 101091K(101568K)->101091K(101568K) Class: 17924K(18752K)->17924K(18752K)
[158.324s][info][gc             ] GC(362) Pause Young (Concurrent Start) (G1 Humongous Allocation) 453M->451M(512M) 1.658ms
[158.324s][info][gc             ] GC(363) Concurrent Mark Cycle
[158.324s][info][gc,cpu         ] GC(362) User=0.00s Sys=0.00s Real=0.00s
[158.324s][info][gc,marking     ] GC(363) Concurrent Scan Root Regions
[158.326s][info][gc,start       ] GC(364) Pause Young (Normal) (G1 Evacuation Pause)
[158.326s][info][gc,task        ] GC(364) Using 12 workers of 33 for evacuation
[158.327s][info][gc,marking     ] GC(363) Concurrent Scan Root Regions 2.941ms
[158.327s][info][gc,marking     ] GC(363) Concurrent Mark
[158.327s][info][gc,marking     ] GC(363) Concurrent Mark From Roots
[158.327s][info][gc,task        ] GC(363) Using 8 workers of 8 for marking
[158.328s][info][gc,phases      ] GC(364)   Pre Evacuate Collection Set: 0.4ms
[158.328s][info][gc,phases      ] GC(364)   Merge Heap Roots: 0.0ms
[158.328s][info][gc,phases      ] GC(364)   Evacuate Collection Set: 0.5ms
[158.328s][info][gc,phases      ] GC(364)   Post Evacuate Collection Set: 0.3ms
[158.328s][info][gc,phases      ] GC(364)   Other: 0.1ms
[158.328s][info][gc,heap        ] GC(364) Eden regions: 25->0(22)
[158.328s][info][gc,heap        ] GC(364) Survivor regions: 3->3(4)
[158.328s][info][gc,heap        ] GC(364) Old regions: 57->57
[158.328s][info][gc,heap        ] GC(364) Archive regions: 0->0
[158.328s][info][gc,heap        ] GC(364) Humongous regions: 401->401
[158.328s][info][gc,metaspace   ] GC(364) Metaspace: 119019K(120320K)->119019K(120320K) NonClass: 101094K(101568K)->101094K(101568K) Class: 17925K(18752K)->17925K(18752K)
[158.328s][info][gc             ] GC(364) Pause Young (Normal) (G1 Evacuation Pause) 480M->455M(512M) 1.650ms
[158.328s][info][gc,cpu         ] GC(364) User=0.00s Sys=0.00s Real=0.00s
[158.331s][info][gc,start       ] GC(365) Pause Young (Normal) (G1 Evacuation Pause)
[158.331s][info][gc,task        ] GC(365) Using 12 workers of 33 for evacuation
[158.332s][info][gc,phases      ] GC(365)   Pre Evacuate Collection Set: 0.1ms
[158.332s][info][gc,phases      ] GC(365)   Merge Heap Roots: 0.0ms
[158.332s][info][gc,phases      ] GC(365)   Evacuate Collection Set: 0.7ms
[158.332s][info][gc,phases      ] GC(365)   Post Evacuate Collection Set: 0.3ms
[158.332s][info][gc,phases      ] GC(365)   Other: 0.1ms
[158.332s][info][gc,heap        ] GC(365) Eden regions: 22->0(23)
[158.332s][info][gc,heap        ] GC(365) Survivor regions: 3->2(4)
[158.332s][info][gc,heap        ] GC(365) Old regions: 57->57
[158.333s][info][gc,heap        ] GC(365) Archive regions: 0->0
[158.333s][info][gc,heap        ] GC(365) Humongous regions: 405->405
[158.333s][info][gc,metaspace   ] GC(365) Metaspace: 119019K(120320K)->119019K(120320K) NonClass: 101094K(101568K)->101094K(101568K) Class: 17925K(18752K)->17925K(18752K)
[158.333s][info][gc             ] GC(365) Pause Young (Normal) (G1 Evacuation Pause) 481M->459M(512M) 1.426ms
[158.333s][info][gc,cpu         ] GC(365) User=0.00s Sys=0.00s Real=0.00s
[158.335s][info][gc,start       ] GC(366) Pause Young (Normal) (G1 Evacuation Pause)
[158.335s][info][gc,task        ] GC(366) Using 12 workers of 33 for evacuation
[158.337s][info][gc,phases      ] GC(366)   Pre Evacuate Collection Set: 0.1ms
[158.337s][info][gc,phases      ] GC(366)   Merge Heap Roots: 0.0ms
[158.337s][info][gc,phases      ] GC(366)   Evacuate Collection Set: 0.7ms
[158.337s][info][gc,phases      ] GC(366)   Post Evacuate Collection Set: 0.3ms
[158.337s][info][gc,phases      ] GC(366)   Other: 0.1ms
[158.337s][info][gc,heap        ] GC(366) Eden regions: 23->0(22)
[158.337s][info][gc,heap        ] GC(366) Survivor regions: 2->3(4)
[158.337s][info][gc,heap        ] GC(366) Old regions: 57->57
[158.337s][info][gc,heap        ] GC(366) Archive regions: 0->0
[158.337s][info][gc,heap        ] GC(366) Humongous regions: 409->409
[158.337s][info][gc,metaspace   ] GC(366) Metaspace: 119019K(120320K)->119019K(120320K) NonClass: 101094K(101568K)->101094K(101568K) Class: 17925K(18752K)->17925K(18752K)
[158.337s][info][gc             ] GC(366) Pause Young (Normal) (G1 Evacuation Pause) 486M->463M(512M) 1.386ms
[158.337s][info][gc,cpu         ] GC(366) User=0.00s Sys=0.00s Real=0.00s
[158.339s][info][gc,start       ] GC(367) Pause Young (Normal) (G1 Evacuation Pause)
[158.339s][info][gc,task        ] GC(367) Using 12 workers of 33 for evacuation
[158.340s][info][gc,phases      ] GC(367)   Pre Evacuate Collection Set: 0.1ms
[158.340s][info][gc,phases      ] GC(367)   Merge Heap Roots: 0.0ms
[158.340s][info][gc,phases      ] GC(367)   Evacuate Collection Set: 0.5ms
[158.340s][info][gc,phases      ] GC(367)   Post Evacuate Collection Set: 0.3ms
[158.340s][info][gc,phases      ] GC(367)   Other: 0.1ms
[158.340s][info][gc,heap        ] GC(367) Eden regions: 22->0(22)
[158.340s][info][gc,heap        ] GC(367) Survivor regions: 3->3(4)
[158.340s][info][gc,heap        ] GC(367) Old regions: 57->57
[158.340s][info][gc,heap        ] GC(367) Archive regions: 0->0
[158.340s][info][gc,heap        ] GC(367) Humongous regions: 409->409
[158.340s][info][gc,metaspace   ] GC(367) Metaspace: 119020K(120320K)->119020K(120320K) NonClass: 101095K(101568K)->101095K(101568K) Class: 17925K(18752K)->17925K(18752K)
[158.340s][info][gc             ] GC(367) Pause Young (Normal) (G1 Evacuation Pause) 485M->464M(512M) 1.198ms
[158.340s][info][gc,cpu         ] GC(367) User=0.00s Sys=0.00s Real=0.00s
[158.357s][info][gc,start       ] GC(368) Pause Young (Normal) (G1 Evacuation Pause)
[158.357s][info][gc,task        ] GC(368) Using 12 workers of 33 for evacuation
[158.358s][info][gc,phases      ] GC(368)   Pre Evacuate Collection Set: 0.1ms
[158.358s][info][gc,phases      ] GC(368)   Merge Heap Roots: 0.0ms
[158.358s][info][gc,phases      ] GC(368)   Evacuate Collection Set: 0.6ms
[158.359s][info][gc,phases      ] GC(368)   Post Evacuate Collection Set: 0.3ms
[158.359s][info][gc,phases      ] GC(368)   Other: 0.1ms
[158.359s][info][gc,heap        ] GC(368) Eden regions: 22->0(23)
[158.359s][info][gc,heap        ] GC(368) Survivor regions: 3->2(4)
[158.359s][info][gc,heap        ] GC(368) Old regions: 57->57
[158.359s][info][gc,heap        ] GC(368) Archive regions: 0->0
[158.359s][info][gc,heap        ] GC(368) Humongous regions: 409->409
[158.359s][info][gc,metaspace   ] GC(368) Metaspace: 119020K(120320K)->119020K(120320K) NonClass: 101095K(101568K)->101095K(101568K) Class: 17925K(18752K)->17925K(18752K)
[158.359s][info][gc             ] GC(368) Pause Young (Normal) (G1 Evacuation Pause) 486M->464M(512M) 1.453ms
[158.359s][info][gc,cpu         ] GC(368) User=0.00s Sys=0.00s Real=0.00s
[158.361s][info][gc,start       ] GC(369) Pause Young (Normal) (G1 Evacuation Pause)
[158.361s][info][gc,task        ] GC(369) Using 12 workers of 33 for evacuation
[158.363s][info][gc,phases      ] GC(369)   Pre Evacuate Collection Set: 0.1ms
[158.363s][info][gc,phases      ] GC(369)   Merge Heap Roots: 0.0ms
[158.363s][info][gc,phases      ] GC(369)   Evacuate Collection Set: 0.6ms
[158.363s][info][gc,phases      ] GC(369)   Post Evacuate Collection Set: 0.3ms
[158.363s][info][gc,phases      ] GC(369)   Other: 0.1ms
[158.363s][info][gc,heap        ] GC(369) Eden regions: 23->0(23)
[158.363s][info][gc,heap        ] GC(369) Survivor regions: 2->2(4)
[158.363s][info][gc,heap        ] GC(369) Old regions: 57->57
[158.363s][info][gc,heap        ] GC(369) Archive regions: 0->0
[158.363s][info][gc,heap        ] GC(369) Humongous regions: 410->410
[158.363s][info][gc,metaspace   ] GC(369) Metaspace: 119026K(120320K)->119026K(120320K) NonClass: 101100K(101568K)->101100K(101568K) Class: 17925K(18752K)->17925K(18752K)
[158.363s][info][gc             ] GC(369) Pause Young (Normal) (G1 Evacuation Pause) 488M->464M(512M) 1.420ms
[158.363s][info][gc,cpu         ] GC(369) User=0.00s Sys=0.00s Real=0.00s
[158.365s][info][gc,start       ] GC(370) Pause Young (Normal) (G1 Evacuation Pause)
[158.365s][info][gc,task        ] GC(370) Using 12 workers of 33 for evacuation
[158.366s][info][gc,phases      ] GC(370)   Pre Evacuate Collection Set: 0.1ms
[158.366s][info][gc,phases      ] GC(370)   Merge Heap Roots: 0.0ms
[158.366s][info][gc,phases      ] GC(370)   Evacuate Collection Set: 0.6ms
[158.366s][info][gc,phases      ] GC(370)   Post Evacuate Collection Set: 0.3ms
[158.366s][info][gc,phases      ] GC(370)   Other: 0.1ms
[158.366s][info][gc,heap        ] GC(370) Eden regions: 23->0(23)
[158.366s][info][gc,heap        ] GC(370) Survivor regions: 2->2(4)
[158.366s][info][gc,heap        ] GC(370) Old regions: 57->57
[158.366s][info][gc,heap        ] GC(370) Archive regions: 0->0
[158.366s][info][gc,heap        ] GC(370) Humongous regions: 411->411
[158.366s][info][gc,metaspace   ] GC(370) Metaspace: 119026K(120320K)->119026K(120320K) NonClass: 101100K(101568K)->101100K(101568K) Class: 17925K(18752K)->17925K(18752K)
[158.366s][info][gc             ] GC(370) Pause Young (Normal) (G1 Evacuation Pause) 488M->465M(512M) 1.389ms
[158.366s][info][gc,cpu         ] GC(370) User=0.00s Sys=0.00s Real=0.00s
[158.368s][info][gc,start       ] GC(371) Pause Young (Normal) (G1 Evacuation Pause)
[158.368s][info][gc,task        ] GC(371) Using 12 workers of 33 for evacuation
[158.370s][info][gc,phases      ] GC(371)   Pre Evacuate Collection Set: 0.1ms
[158.370s][info][gc,phases      ] GC(371)   Merge Heap Roots: 0.1ms
[158.370s][info][gc,phases      ] GC(371)   Evacuate Collection Set: 0.7ms
[158.370s][info][gc,phases      ] GC(371)   Post Evacuate Collection Set: 0.4ms
[158.370s][info][gc,phases      ] GC(371)   Other: 0.1ms
[158.370s][info][gc,heap        ] GC(371) Eden regions: 23->0(23)
[158.370s][info][gc,heap        ] GC(371) Survivor regions: 2->2(4)
[158.370s][info][gc,heap        ] GC(371) Old regions: 57->57
[158.370s][info][gc,heap        ] GC(371) Archive regions: 0->0
[158.370s][info][gc,heap        ] GC(371) Humongous regions: 412->412
[158.370s][info][gc,metaspace   ] GC(371) Metaspace: 119026K(120320K)->119026K(120320K) NonClass: 101100K(101568K)->101100K(101568K) Class: 17925K(18752K)->17925K(18752K)
[158.370s][info][gc             ] GC(371) Pause Young (Normal) (G1 Evacuation Pause) 489M->466M(512M) 1.652ms
[158.370s][info][gc,cpu         ] GC(371) User=0.00s Sys=0.00s Real=0.00s
[158.372s][info][gc,start       ] GC(372) Pause Young (Normal) (G1 Evacuation Pause)
[158.372s][info][gc,task        ] GC(372) Using 12 workers of 33 for evacuation
[158.374s][info][gc,phases      ] GC(372)   Pre Evacuate Collection Set: 0.1ms
[158.374s][info][gc,phases      ] GC(372)   Merge Heap Roots: 0.0ms
[158.374s][info][gc,phases      ] GC(372)   Evacuate Collection Set: 0.6ms
[158.374s][info][gc,phases      ] GC(372)   Post Evacuate Collection Set: 0.3ms
[158.374s][info][gc,phases      ] GC(372)   Other: 0.1ms
[158.374s][info][gc,heap        ] GC(372) Eden regions: 23->0(24)
[158.374s][info][gc,heap        ] GC(372) Survivor regions: 2->1(4)
[158.374s][info][gc,heap        ] GC(372) Old regions: 57->57
[158.374s][info][gc,heap        ] GC(372) Archive regions: 0->0
[158.374s][info][gc,heap        ] GC(372) Humongous regions: 413->413
[158.374s][info][gc,metaspace   ] GC(372) Metaspace: 119026K(120320K)->119026K(120320K) NonClass: 101100K(101568K)->101100K(101568K) Class: 17925K(18752K)->17925K(18752K)
[158.374s][info][gc             ] GC(372) Pause Young (Normal) (G1 Evacuation Pause) 490M->466M(512M) 1.384ms
[158.374s][info][gc,cpu         ] GC(372) User=0.19s Sys=0.00s Real=0.01s
[158.388s][info][gc,start       ] GC(373) Pause Young (Normal) (G1 Evacuation Pause)
[158.389s][info][gc,task        ] GC(373) Using 12 workers of 33 for evacuation
[158.390s][info][gc,phases      ] GC(373)   Pre Evacuate Collection Set: 0.1ms
[158.390s][info][gc,phases      ] GC(373)   Merge Heap Roots: 0.1ms
[158.390s][info][gc,phases      ] GC(373)   Evacuate Collection Set: 0.4ms
[158.390s][info][gc,phases      ] GC(373)   Post Evacuate Collection Set: 0.4ms
[158.390s][info][gc,phases      ] GC(373)   Other: 0.1ms
[158.390s][info][gc,heap        ] GC(373) Eden regions: 24->0(24)
[158.390s][info][gc,heap        ] GC(373) Survivor regions: 1->1(4)
[158.390s][info][gc,heap        ] GC(373) Old regions: 57->57
[158.390s][info][gc,heap        ] GC(373) Archive regions: 0->0
[158.390s][info][gc,heap        ] GC(373) Humongous regions: 413->413
[158.390s][info][gc,metaspace   ] GC(373) Metaspace: 119029K(120320K)->119029K(120320K) NonClass: 101103K(101568K)->101103K(101568K) Class: 17926K(18752K)->17926K(18752K)
[158.390s][info][gc             ] GC(373) Pause Young (Normal) (G1 Evacuation Pause) 490M->466M(512M) 1.301ms
[158.390s][info][gc,cpu         ] GC(373) User=0.00s Sys=0.00s Real=0.00s
[158.390s][info][gc,marking     ] GC(363) Concurrent Mark From Roots 63.288ms
[158.390s][info][gc,marking     ] GC(363) Concurrent Preclean
[158.391s][info][gc,marking     ] GC(363) Concurrent Preclean 0.921ms
[158.391s][info][gc,start       ] GC(363) Pause Remark
[158.393s][info][gc             ] GC(363) Pause Remark 483M->468M(512M) 1.750ms
[158.393s][info][gc,cpu         ] GC(363) User=0.00s Sys=0.00s Real=0.00s
[158.393s][info][gc,marking     ] GC(363) Concurrent Mark 66.477ms
[158.393s][info][gc,marking     ] GC(363) Concurrent Rebuild Remembered Sets and Scrub Regions
[158.395s][info][gc,start       ] GC(374) Pause Young (Normal) (G1 Evacuation Pause)
[158.395s][info][gc,task        ] GC(374) Using 12 workers of 33 for evacuation
[158.396s][info][gc,phases      ] GC(374)   Pre Evacuate Collection Set: 0.1ms
[158.396s][info][gc,phases      ] GC(374)   Merge Heap Roots: 0.1ms
[158.396s][info][gc,phases      ] GC(374)   Evacuate Collection Set: 0.4ms
[158.396s][info][gc,phases      ] GC(374)   Post Evacuate Collection Set: 0.4ms
[158.396s][info][gc,phases      ] GC(374)   Other: 0.1ms
[158.396s][info][gc,heap        ] GC(374) Eden regions: 24->0(24)
[158.396s][info][gc,heap        ] GC(374) Survivor regions: 1->1(4)
[158.396s][info][gc,heap        ] GC(374) Old regions: 57->57
[158.396s][info][gc,heap        ] GC(374) Archive regions: 0->0
[158.396s][info][gc,heap        ] GC(374) Humongous regions: 402->402
[158.396s][info][gc,metaspace   ] GC(374) Metaspace: 119029K(120320K)->119029K(120320K) NonClass: 101103K(101568K)->101103K(101568K) Class: 17926K(18752K)->17926K(18752K)
[158.396s][info][gc             ] GC(374) Pause Young (Normal) (G1 Evacuation Pause) 479M->456M(512M) 1.420ms
[158.396s][info][gc,cpu         ] GC(374) User=0.00s Sys=0.00s Real=0.00s
[158.399s][info][gc,start       ] GC(375) Pause Young (Normal) (G1 Evacuation Pause)
[158.399s][info][gc,task        ] GC(375) Using 12 workers of 33 for evacuation
[158.401s][info][gc,phases      ] GC(375)   Pre Evacuate Collection Set: 0.1ms
[158.401s][info][gc,phases      ] GC(375)   Merge Heap Roots: 0.1ms
[158.401s][info][gc,phases      ] GC(375)   Evacuate Collection Set: 0.5ms
[158.401s][info][gc,phases      ] GC(375)   Post Evacuate Collection Set: 0.5ms
[158.401s][info][gc,phases      ] GC(375)   Other: 0.1ms
[158.401s][info][gc,heap        ] GC(375) Eden regions: 24->0(24)
[158.401s][info][gc,heap        ] GC(375) Survivor regions: 1->1(4)
[158.401s][info][gc,heap        ] GC(375) Old regions: 57->57
[158.401s][info][gc,heap        ] GC(375) Archive regions: 0->0
[158.401s][info][gc,heap        ] GC(375) Humongous regions: 406->406
[158.401s][info][gc,metaspace   ] GC(375) Metaspace: 119031K(120320K)->119031K(120320K) NonClass: 101104K(101568K)->101104K(101568K) Class: 17926K(18752K)->17926K(18752K)
[158.401s][info][gc             ] GC(375) Pause Young (Normal) (G1 Evacuation Pause) 484M->460M(512M) 1.690ms
[158.401s][info][gc,cpu         ] GC(375) User=0.00s Sys=0.00s Real=0.00s
[158.404s][info][gc,start       ] GC(376) Pause Young (Normal) (G1 Evacuation Pause)
[158.404s][info][gc,task        ] GC(376) Using 12 workers of 33 for evacuation
[158.405s][info][gc,phases      ] GC(376)   Pre Evacuate Collection Set: 0.1ms
[158.405s][info][gc,phases      ] GC(376)   Merge Heap Roots: 0.1ms
[158.405s][info][gc,phases      ] GC(376)   Evacuate Collection Set: 0.6ms
[158.405s][info][gc,phases      ] GC(376)   Post Evacuate Collection Set: 0.5ms
[158.405s][info][gc,phases      ] GC(376)   Other: 0.1ms
[158.405s][info][gc,heap        ] GC(376) Eden regions: 24->0(23)
[158.405s][info][gc,heap        ] GC(376) Survivor regions: 1->2(4)
[158.405s][info][gc,heap        ] GC(376) Old regions: 57->57
[158.405s][info][gc,heap        ] GC(376) Archive regions: 0->0
[158.405s][info][gc,heap        ] GC(376) Humongous regions: 406->406
[158.405s][info][gc,metaspace   ] GC(376) Metaspace: 119031K(120320K)->119031K(120320K) NonClass: 101104K(101568K)->101104K(101568K) Class: 17926K(18752K)->17926K(18752K)
[158.405s][info][gc             ] GC(376) Pause Young (Normal) (G1 Evacuation Pause) 484M->460M(512M) 1.804ms
[158.405s][info][gc,cpu         ] GC(376) User=0.19s Sys=0.00s Real=0.02s
[158.409s][info][gc,start       ] GC(377) Pause Young (Normal) (G1 Evacuation Pause)
[158.409s][info][gc,task        ] GC(377) Using 12 workers of 33 for evacuation
[158.410s][info][gc,phases      ] GC(377)   Pre Evacuate Collection Set: 0.1ms
[158.410s][info][gc,phases      ] GC(377)   Merge Heap Roots: 0.2ms
[158.410s][info][gc,phases      ] GC(377)   Evacuate Collection Set: 0.6ms
[158.410s][info][gc,phases      ] GC(377)   Post Evacuate Collection Set: 0.4ms
[158.410s][info][gc,phases      ] GC(377)   Other: 0.1ms
[158.410s][info][gc,heap        ] GC(377) Eden regions: 23->0(23)
[158.410s][info][gc,heap        ] GC(377) Survivor regions: 2->2(4)
[158.410s][info][gc,heap        ] GC(377) Old regions: 57->57
[158.410s][info][gc,heap        ] GC(377) Archive regions: 0->0
[158.410s][info][gc,heap        ] GC(377) Humongous regions: 410->410
[158.410s][info][gc,metaspace   ] GC(377) Metaspace: 119042K(120320K)->119042K(120320K) NonClass: 101115K(101568K)->101115K(101568K) Class: 17927K(18752K)->17927K(18752K)
[158.410s][info][gc             ] GC(377) Pause Young (Normal) (G1 Evacuation Pause) 487M->464M(512M) 1.692ms
[158.411s][info][gc,cpu         ] GC(377) User=0.00s Sys=0.00s Real=0.00s
[158.411s][info][gc,marking     ] GC(363) Concurrent Rebuild Remembered Sets and Scrub Regions 17.799ms
[158.411s][info][gc,start       ] GC(363) Pause Cleanup
[158.412s][info][gc             ] GC(363) Pause Cleanup 471M->471M(512M) 0.185ms
[158.412s][info][gc,cpu         ] GC(363) User=0.00s Sys=0.00s Real=0.00s
[158.412s][info][gc,marking     ] GC(363) Concurrent Clear Claimed Marks
[158.412s][info][gc,marking     ] GC(363) Concurrent Clear Claimed Marks 0.190ms
[158.412s][info][gc,marking     ] GC(363) Concurrent Cleanup for Next Mark
[158.413s][info][gc,marking     ] GC(363) Concurrent Cleanup for Next Mark 0.738ms
[158.413s][info][gc             ] GC(363) Concurrent Mark Cycle 89.070ms
[158.413s][info][gc,start       ] GC(378) Pause Young (Prepare Mixed) (G1 Evacuation Pause)
[158.414s][info][gc,task        ] GC(378) Using 12 workers of 33 for evacuation
[158.415s][info][gc,phases      ] GC(378)   Pre Evacuate Collection Set: 0.1ms
[158.415s][info][gc,phases      ] GC(378)   Merge Heap Roots: 0.1ms
[158.415s][info][gc,phases      ] GC(378)   Evacuate Collection Set: 0.5ms
[158.415s][info][gc,phases      ] GC(378)   Post Evacuate Collection Set: 0.4ms
[158.415s][info][gc,phases      ] GC(378)   Other: 0.1ms
[158.415s][info][gc,heap        ] GC(378) Eden regions: 23->0(23)
[158.415s][info][gc,heap        ] GC(378) Survivor regions: 2->2(4)
[158.415s][info][gc,heap        ] GC(378) Old regions: 57->57
[158.415s][info][gc,heap        ] GC(378) Archive regions: 0->0
[158.415s][info][gc,heap        ] GC(378) Humongous regions: 414->414
[158.415s][info][gc,metaspace   ] GC(378) Metaspace: 119044K(120320K)->119044K(120320K) NonClass: 101116K(101568K)->101116K(101568K) Class: 17927K(18752K)->17927K(18752K)
[158.415s][info][gc             ] GC(378) Pause Young (Prepare Mixed) (G1 Evacuation Pause) 491M->468M(512M) 1.606ms
[158.415s][info][gc,cpu         ] GC(378) User=0.00s Sys=0.00s Real=0.00s
[158.417s][info][gc,start       ] GC(379) Pause Young (Mixed) (G1 Evacuation Pause)
[158.418s][info][gc,task        ] GC(379) Using 12 workers of 33 for evacuation
[158.419s][info][gc,phases      ] GC(379)   Pre Evacuate Collection Set: 0.1ms
[158.419s][info][gc,phases      ] GC(379)   Merge Heap Roots: 0.1ms
[158.419s][info][gc,phases      ] GC(379)   Evacuate Collection Set: 0.9ms
[158.419s][info][gc,phases      ] GC(379)   Post Evacuate Collection Set: 0.4ms
[158.419s][info][gc,phases      ] GC(379)   Other: 0.1ms
[158.419s][info][gc,heap        ] GC(379) Eden regions: 23->0(23)
[158.419s][info][gc,heap        ] GC(379) Survivor regions: 2->2(4)
[158.419s][info][gc,heap        ] GC(379) Old regions: 57->55
[158.419s][info][gc,heap        ] GC(379) Archive regions: 0->0
[158.419s][info][gc,heap        ] GC(379) Humongous regions: 416->416
[158.419s][info][gc,metaspace   ] GC(379) Metaspace: 119046K(120320K)->119046K(120320K) NonClass: 101117K(101568K)->101117K(101568K) Class: 17928K(18752K)->17928K(18752K)
[158.419s][info][gc             ] GC(379) Pause Young (Mixed) (G1 Evacuation Pause) 493M->470M(512M) 1.929ms
[158.419s][info][gc,cpu         ] GC(379) User=0.00s Sys=0.00s Real=0.00s
[158.422s][info][gc,start       ] GC(380) Pause Young (Concurrent Start) (G1 Evacuation Pause)
[158.422s][info][gc,task        ] GC(380) Using 12 workers of 33 for evacuation
[158.424s][info][gc,phases      ] GC(380)   Pre Evacuate Collection Set: 0.2ms
[158.424s][info][gc,phases      ] GC(380)   Merge Heap Roots: 0.1ms
[158.424s][info][gc,phases      ] GC(380)   Evacuate Collection Set: 1.2ms
[158.424s][info][gc,phases      ] GC(380)   Post Evacuate Collection Set: 0.4ms
[158.424s][info][gc,phases      ] GC(380)   Other: 0.1ms
[158.424s][info][gc,heap        ] GC(380) Eden regions: 23->0(23)
[158.424s][info][gc,heap        ] GC(380) Survivor regions: 2->2(4)
[158.424s][info][gc,heap        ] GC(380) Old regions: 55->56
[158.424s][info][gc,heap        ] GC(380) Archive regions: 0->0
[158.424s][info][gc,heap        ] GC(380) Humongous regions: 416->416
[158.424s][info][gc,metaspace   ] GC(380) Metaspace: 119051K(120320K)->119051K(120320K) NonClass: 101122K(101568K)->101122K(101568K) Class: 17929K(18752K)->17929K(18752K)
[158.424s][info][gc             ] GC(380) Pause Young (Concurrent Start) (G1 Evacuation Pause) 493M->470M(512M) 2.218ms
[158.424s][info][gc             ] GC(381) Concurrent Mark Cycle
[158.424s][info][gc,cpu         ] GC(380) User=0.00s Sys=0.00s Real=0.00s
[158.424s][info][gc,marking     ] GC(381) Concurrent Scan Root Regions
[158.426s][info][gc,start       ] GC(382) Pause Young (Normal) (G1 Evacuation Pause)
[158.426s][info][gc,task        ] GC(382) Using 12 workers of 33 for evacuation
[158.427s][info][gc,marking     ] GC(381) Concurrent Scan Root Regions 2.626ms
[158.427s][info][gc,marking     ] GC(381) Concurrent Mark
[158.427s][info][gc,marking     ] GC(381) Concurrent Mark From Roots
[158.427s][info][gc,task        ] GC(381) Using 8 workers of 8 for marking
[158.428s][info][gc,phases      ] GC(382)   Pre Evacuate Collection Set: 0.3ms
[158.428s][info][gc,phases      ] GC(382)   Merge Heap Roots: 0.1ms
[158.428s][info][gc,phases      ] GC(382)   Evacuate Collection Set: 0.5ms
[158.428s][info][gc,phases      ] GC(382)   Post Evacuate Collection Set: 0.4ms
[158.428s][info][gc,phases      ] GC(382)   Other: 0.1ms
[158.428s][info][gc,heap        ] GC(382) Eden regions: 23->0(23)
[158.428s][info][gc,heap        ] GC(382) Survivor regions: 2->2(4)
[158.428s][info][gc,heap        ] GC(382) Old regions: 56->56
[158.428s][info][gc,heap        ] GC(382) Archive regions: 0->0
[158.428s][info][gc,heap        ] GC(382) Humongous regions: 416->416
[158.428s][info][gc,metaspace   ] GC(382) Metaspace: 119053K(120320K)->119053K(120320K) NonClass: 101123K(101568K)->101123K(101568K) Class: 17930K(18752K)->17930K(18752K)
[158.428s][info][gc             ] GC(382) Pause Young (Normal) (G1 Evacuation Pause) 493M->470M(512M) 1.563ms
[158.428s][info][gc,cpu         ] GC(382) User=0.00s Sys=0.00s Real=0.00s
[158.430s][info][gc,start       ] GC(383) Pause Young (Normal) (G1 Evacuation Pause)
[158.430s][info][gc,task        ] GC(383) Using 12 workers of 33 for evacuation
[158.431s][info][gc,phases      ] GC(383)   Pre Evacuate Collection Set: 0.1ms
[158.431s][info][gc,phases      ] GC(383)   Merge Heap Roots: 0.0ms
[158.431s][info][gc,phases      ] GC(383)   Evacuate Collection Set: 0.4ms
[158.431s][info][gc,phases      ] GC(383)   Post Evacuate Collection Set: 0.3ms
[158.431s][info][gc,phases      ] GC(383)   Other: 0.1ms
[158.431s][info][gc,heap        ] GC(383) Eden regions: 23->0(23)
[158.431s][info][gc,heap        ] GC(383) Survivor regions: 2->2(4)
[158.431s][info][gc,heap        ] GC(383) Old regions: 56->56
[158.431s][info][gc,heap        ] GC(383) Archive regions: 0->0
[158.431s][info][gc,heap        ] GC(383) Humongous regions: 416->416
[158.431s][info][gc,metaspace   ] GC(383) Metaspace: 119054K(120320K)->119054K(120320K) NonClass: 101124K(101568K)->101124K(101568K) Class: 17930K(18752K)->17930K(18752K)
[158.431s][info][gc             ] GC(383) Pause Young (Normal) (G1 Evacuation Pause) 493M->470M(512M) 1.148ms
[158.431s][info][gc,cpu         ] GC(383) User=0.00s Sys=0.00s Real=0.00s
[158.434s][info][gc,start       ] GC(384) Pause Young (Normal) (G1 Evacuation Pause)
[158.434s][info][gc,task        ] GC(384) Using 12 workers of 33 for evacuation
[158.435s][info][gc,phases      ] GC(384)   Pre Evacuate Collection Set: 0.1ms
[158.435s][info][gc,phases      ] GC(384)   Merge Heap Roots: 0.1ms
[158.435s][info][gc,phases      ] GC(384)   Evacuate Collection Set: 0.4ms
[158.435s][info][gc,phases      ] GC(384)   Post Evacuate Collection Set: 0.3ms
[158.435s][info][gc,phases      ] GC(384)   Other: 0.1ms
[158.435s][info][gc,heap        ] GC(384) Eden regions: 23->0(23)
[158.435s][info][gc,heap        ] GC(384) Survivor regions: 2->2(4)
[158.435s][info][gc,heap        ] GC(384) Old regions: 56->56
[158.435s][info][gc,heap        ] GC(384) Archive regions: 0->0
[158.435s][info][gc,heap        ] GC(384) Humongous regions: 420->420
[158.435s][info][gc,metaspace   ] GC(384) Metaspace: 119057K(120384K)->119057K(120384K) NonClass: 101127K(101632K)->101127K(101632K) Class: 17930K(18752K)->17930K(18752K)
[158.435s][info][gc             ] GC(384) Pause Young (Normal) (G1 Evacuation Pause) 497M->474M(512M) 1.232ms
[158.435s][info][gc,cpu         ] GC(384) User=0.00s Sys=0.00s Real=0.00s
[158.437s][info][gc,start       ] GC(385) Pause Young (Normal) (G1 Evacuation Pause)
[158.437s][info][gc,task        ] GC(385) Using 12 workers of 33 for evacuation
[158.438s][info][gc,phases      ] GC(385)   Pre Evacuate Collection Set: 0.1ms
[158.438s][info][gc,phases      ] GC(385)   Merge Heap Roots: 0.0ms
[158.438s][info][gc,phases      ] GC(385)   Evacuate Collection Set: 0.4ms
[158.438s][info][gc,phases      ] GC(385)   Post Evacuate Collection Set: 0.3ms
[158.438s][info][gc,phases      ] GC(385)   Other: 0.1ms
[158.438s][info][gc,heap        ] GC(385) Eden regions: 23->0(23)
[158.438s][info][gc,heap        ] GC(385) Survivor regions: 2->2(4)
[158.438s][info][gc,heap        ] GC(385) Old regions: 56->56
[158.438s][info][gc,heap        ] GC(385) Archive regions: 0->0
[158.438s][info][gc,heap        ] GC(385) Humongous regions: 420->420
[158.438s][info][gc,metaspace   ] GC(385) Metaspace: 119061K(120384K)->119061K(120384K) NonClass: 101130K(101632K)->101130K(101632K) Class: 17931K(18752K)->17931K(18752K)
[158.439s][info][gc             ] GC(385) Pause Young (Normal) (G1 Evacuation Pause) 497M->474M(512M) 1.229ms
[158.439s][info][gc,cpu         ] GC(385) User=0.00s Sys=0.00s Real=0.00s
[158.441s][info][gc,start       ] GC(386) Pause Young (Normal) (G1 Evacuation Pause)
[158.441s][info][gc,task        ] GC(386) Using 12 workers of 33 for evacuation
[158.442s][info][gc,phases      ] GC(386)   Pre Evacuate Collection Set: 0.1ms
[158.442s][info][gc,phases      ] GC(386)   Merge Heap Roots: 0.0ms
[158.442s][info][gc,phases      ] GC(386)   Evacuate Collection Set: 0.5ms
[158.442s][info][gc,phases      ] GC(386)   Post Evacuate Collection Set: 0.3ms
[158.442s][info][gc,phases      ] GC(386)   Other: 0.1ms
[158.442s][info][gc,heap        ] GC(386) Eden regions: 23->0(23)
[158.442s][info][gc,heap        ] GC(386) Survivor regions: 2->2(4)
[158.442s][info][gc,heap        ] GC(386) Old regions: 56->56
[158.442s][info][gc,heap        ] GC(386) Archive regions: 0->0
[158.442s][info][gc,heap        ] GC(386) Humongous regions: 420->420
[158.442s][info][gc,metaspace   ] GC(386) Metaspace: 119064K(120384K)->119064K(120384K) NonClass: 101133K(101632K)->101133K(101632K) Class: 17931K(18752K)->17931K(18752K)
[158.442s][info][gc             ] GC(386) Pause Young (Normal) (G1 Evacuation Pause) 497M->474M(512M) 1.222ms
[158.442s][info][gc,cpu         ] GC(386) User=0.00s Sys=0.00s Real=0.00s
[158.444s][info][gc,start       ] GC(387) Pause Young (Normal) (G1 Evacuation Pause)
[158.444s][info][gc,task        ] GC(387) Using 12 workers of 33 for evacuation
[158.445s][info][gc,phases      ] GC(387)   Pre Evacuate Collection Set: 0.1ms
[158.445s][info][gc,phases      ] GC(387)   Merge Heap Roots: 0.0ms
[158.445s][info][gc,phases      ] GC(387)   Evacuate Collection Set: 0.5ms
[158.445s][info][gc,phases      ] GC(387)   Post Evacuate Collection Set: 0.3ms
[158.445s][info][gc,phases      ] GC(387)   Other: 0.1ms
[158.445s][info][gc,heap        ] GC(387) Eden regions: 23->0(23)
[158.445s][info][gc,heap        ] GC(387) Survivor regions: 2->2(4)
[158.445s][info][gc,heap        ] GC(387) Old regions: 56->56
[158.445s][info][gc,heap        ] GC(387) Archive regions: 0->0
[158.445s][info][gc,heap        ] GC(387) Humongous regions: 420->420
[158.446s][info][gc,metaspace   ] GC(387) Metaspace: 119067K(120384K)->119067K(120384K) NonClass: 101135K(101632K)->101135K(101632K) Class: 17932K(18752K)->17932K(18752K)
[158.446s][info][gc             ] GC(387) Pause Young (Normal) (G1 Evacuation Pause) 497M->474M(512M) 1.229ms
[158.446s][info][gc,cpu         ] GC(387) User=0.00s Sys=0.00s Real=0.00s
[158.448s][info][gc,start       ] GC(388) Pause Young (Normal) (G1 Evacuation Pause)
[158.448s][info][gc,task        ] GC(388) Using 12 workers of 33 for evacuation
[158.449s][info][gc,phases      ] GC(388)   Pre Evacuate Collection Set: 0.1ms
[158.449s][info][gc,phases      ] GC(388)   Merge Heap Roots: 0.0ms
[158.449s][info][gc,phases      ] GC(388)   Evacuate Collection Set: 0.3ms
[158.449s][info][gc,phases      ] GC(388)   Post Evacuate Collection Set: 0.3ms
[158.449s][info][gc,phases      ] GC(388)   Other: 0.1ms
[158.449s][info][gc,heap        ] GC(388) Eden regions: 23->0(24)
[158.449s][info][gc,heap        ] GC(388) Survivor regions: 2->1(4)
[158.449s][info][gc,heap        ] GC(388) Old regions: 56->56
[158.449s][info][gc,heap        ] GC(388) Archive regions: 0->0
[158.449s][info][gc,heap        ] GC(388) Humongous regions: 421->421
[158.449s][info][gc,metaspace   ] GC(388) Metaspace: 119067K(120384K)->119067K(120384K) NonClass: 101135K(101632K)->101135K(101632K) Class: 17932K(18752K)->17932K(18752K)
[158.449s][info][gc             ] GC(388) Pause Young (Normal) (G1 Evacuation Pause) 498M->474M(512M) 0.991ms
[158.449s][info][gc,cpu         ] GC(388) User=0.00s Sys=0.00s Real=0.00s
[158.451s][info][gc,start       ] GC(389) Pause Young (Normal) (G1 Evacuation Pause)
[158.452s][info][gc,task        ] GC(389) Using 12 workers of 33 for evacuation
[158.452s][info][gc,phases      ] GC(389)   Pre Evacuate Collection Set: 0.1ms
[158.452s][info][gc,phases      ] GC(389)   Merge Heap Roots: 0.0ms
[158.452s][info][gc,phases      ] GC(389)   Evacuate Collection Set: 0.3ms
[158.452s][info][gc,phases      ] GC(389)   Post Evacuate Collection Set: 0.3ms
[158.452s][info][gc,phases      ] GC(389)   Other: 0.1ms
[158.452s][info][gc,heap        ] GC(389) Eden regions: 24->0(24)
[158.452s][info][gc,heap        ] GC(389) Survivor regions: 1->1(4)
[158.452s][info][gc,heap        ] GC(389) Old regions: 56->56
[158.452s][info][gc,heap        ] GC(389) Archive regions: 0->0
[158.452s][info][gc,heap        ] GC(389) Humongous regions: 421->421
[158.452s][info][gc,metaspace   ] GC(389) Metaspace: 119071K(120384K)->119071K(120384K) NonClass: 101138K(101632K)->101138K(101632K) Class: 17932K(18752K)->17932K(18752K)
[158.452s][info][gc             ] GC(389) Pause Young (Normal) (G1 Evacuation Pause) 498M->475M(512M) 0.994ms
[158.452s][info][gc,cpu         ] GC(389) User=0.00s Sys=0.00s Real=0.00s
[158.455s][info][gc,start       ] GC(390) Pause Young (Normal) (G1 Evacuation Pause)
[158.455s][info][gc,task        ] GC(390) Using 12 workers of 33 for evacuation
[158.456s][info][gc,phases      ] GC(390)   Pre Evacuate Collection Set: 0.1ms
[158.456s][info][gc,phases      ] GC(390)   Merge Heap Roots: 0.0ms
[158.456s][info][gc,phases      ] GC(390)   Evacuate Collection Set: 0.4ms
[158.456s][info][gc,phases      ] GC(390)   Post Evacuate Collection Set: 0.3ms
[158.456s][info][gc,phases      ] GC(390)   Other: 0.1ms
[158.456s][info][gc,heap        ] GC(390) Eden regions: 24->0(24)
[158.456s][info][gc,heap        ] GC(390) Survivor regions: 1->1(4)
[158.456s][info][gc,heap        ] GC(390) Old regions: 56->56
[158.456s][info][gc,heap        ] GC(390) Archive regions: 0->0
[158.456s][info][gc,heap        ] GC(390) Humongous regions: 421->421
[158.456s][info][gc,metaspace   ] GC(390) Metaspace: 119071K(120384K)->119071K(120384K) NonClass: 101138K(101632K)->101138K(101632K) Class: 17932K(18752K)->17932K(18752K)
[158.456s][info][gc             ] GC(390) Pause Young (Normal) (G1 Evacuation Pause) 499M->475M(512M) 1.064ms
[158.456s][info][gc,cpu         ] GC(390) User=0.11s Sys=0.02s Real=0.02s
[158.457s][info][gc,marking     ] GC(381) Concurrent Mark From Roots 30.633ms
[158.457s][info][gc,marking     ] GC(381) Concurrent Preclean
[158.458s][info][gc,start       ] GC(391) Pause Young (Normal) (G1 Evacuation Pause)
[158.458s][info][gc,task        ] GC(391) Using 12 workers of 33 for evacuation
[158.459s][info][gc,phases      ] GC(391)   Pre Evacuate Collection Set: 0.1ms
[158.459s][info][gc,phases      ] GC(391)   Merge Heap Roots: 0.0ms
[158.459s][info][gc,phases      ] GC(391)   Evacuate Collection Set: 0.3ms
[158.459s][info][gc,phases      ] GC(391)   Post Evacuate Collection Set: 0.3ms
[158.459s][info][gc,phases      ] GC(391)   Other: 0.1ms
[158.459s][info][gc,heap        ] GC(391) Eden regions: 24->0(24)
[158.459s][info][gc,heap        ] GC(391) Survivor regions: 1->1(4)
[158.459s][info][gc,heap        ] GC(391) Old regions: 56->56
[158.459s][info][gc,heap        ] GC(391) Archive regions: 0->0
[158.459s][info][gc,heap        ] GC(391) Humongous regions: 421->421
[158.459s][info][gc,metaspace   ] GC(391) Metaspace: 119073K(120384K)->119073K(120384K) NonClass: 101140K(101632K)->101140K(101632K) Class: 17933K(18752K)->17933K(18752K)
[158.459s][info][gc             ] GC(391) Pause Young (Normal) (G1 Evacuation Pause) 499M->475M(512M) 0.977ms
[158.459s][info][gc,cpu         ] GC(391) User=0.00s Sys=0.00s Real=0.00s
[158.459s][info][gc,marking     ] GC(381) Concurrent Preclean 1.945ms
[158.459s][info][gc,start       ] GC(381) Pause Remark
[158.461s][info][gc             ] GC(381) Pause Remark 480M->455M(512M) 1.448ms
[158.461s][info][gc,cpu         ] GC(381) User=0.00s Sys=0.00s Real=0.00s
[158.461s][info][gc,marking     ] GC(381) Concurrent Mark 34.387ms
[158.461s][info][gc,marking     ] GC(381) Concurrent Rebuild Remembered Sets and Scrub Regions
[158.463s][info][gc,start       ] GC(392) Pause Young (Normal) (G1 Evacuation Pause)
[158.463s][info][gc,task        ] GC(392) Using 12 workers of 33 for evacuation
[158.464s][info][gc,phases      ] GC(392)   Pre Evacuate Collection Set: 0.1ms
[158.464s][info][gc,phases      ] GC(392)   Merge Heap Roots: 0.1ms
[158.464s][info][gc,phases      ] GC(392)   Evacuate Collection Set: 0.4ms
[158.464s][info][gc,phases      ] GC(392)   Post Evacuate Collection Set: 0.3ms
[158.464s][info][gc,phases      ] GC(392)   Other: 0.1ms
[158.464s][info][gc,heap        ] GC(392) Eden regions: 24->0(31)
[158.464s][info][gc,heap        ] GC(392) Survivor regions: 1->1(4)
[158.464s][info][gc,heap        ] GC(392) Old regions: 56->56
[158.464s][info][gc,heap        ] GC(392) Archive regions: 0->0
[158.464s][info][gc,heap        ] GC(392) Humongous regions: 396->396
[158.464s][info][gc,metaspace   ] GC(392) Metaspace: 119074K(120384K)->119074K(120384K) NonClass: 101141K(101632K)->101141K(101632K) Class: 17933K(18752K)->17933K(18752K)
[158.464s][info][gc             ] GC(392) Pause Young (Normal) (G1 Evacuation Pause) 474M->450M(512M) 1.082ms
[158.464s][info][gc,cpu         ] GC(392) User=0.00s Sys=0.00s Real=0.00s
[158.468s][info][gc,start       ] GC(393) Pause Young (Normal) (G1 Evacuation Pause)
[158.468s][info][gc,task        ] GC(393) Using 12 workers of 33 for evacuation
[158.469s][info][gc,phases      ] GC(393)   Pre Evacuate Collection Set: 0.1ms
[158.469s][info][gc,phases      ] GC(393)   Merge Heap Roots: 0.1ms
[158.469s][info][gc,phases      ] GC(393)   Evacuate Collection Set: 0.4ms
[158.469s][info][gc,phases      ] GC(393)   Post Evacuate Collection Set: 0.3ms
[158.469s][info][gc,phases      ] GC(393)   Other: 0.1ms
[158.469s][info][gc,heap        ] GC(393) Eden regions: 31->0(22)
[158.469s][info][gc,heap        ] GC(393) Survivor regions: 1->3(4)
[158.469s][info][gc,heap        ] GC(393) Old regions: 56->56
[158.469s][info][gc,heap        ] GC(393) Archive regions: 0->0
[158.469s][info][gc,heap        ] GC(393) Humongous regions: 402->402
[158.469s][info][gc,metaspace   ] GC(393) Metaspace: 119077K(120384K)->119077K(120384K) NonClass: 101144K(101632K)->101144K(101632K) Class: 17933K(18752K)->17933K(18752K)
[158.469s][info][gc             ] GC(393) Pause Young (Normal) (G1 Evacuation Pause) 487M->457M(512M) 1.121ms
[158.469s][info][gc,cpu         ] GC(393) User=0.00s Sys=0.00s Real=0.00s
[158.471s][info][gc,marking     ] GC(381) Concurrent Rebuild Remembered Sets and Scrub Regions 9.645ms
[158.471s][info][gc,start       ] GC(381) Pause Cleanup
[158.472s][info][gc             ] GC(381) Pause Cleanup 487M->487M(512M) 0.152ms
[158.472s][info][gc,cpu         ] GC(381) User=0.00s Sys=0.00s Real=0.00s
[158.472s][info][gc,marking     ] GC(381) Concurrent Clear Claimed Marks
[158.472s][info][gc,marking     ] GC(381) Concurrent Clear Claimed Marks 0.205ms
[158.472s][info][gc,start       ] GC(394) Pause Young (Prepare Mixed) (G1 Evacuation Pause)
[158.472s][info][gc,marking     ] GC(381) Concurrent Cleanup for Next Mark
[158.472s][info][gc,task        ] GC(394) Using 12 workers of 33 for evacuation
[158.473s][info][gc,phases      ] GC(394)   Pre Evacuate Collection Set: 0.1ms
[158.473s][info][gc,phases      ] GC(394)   Merge Heap Roots: 0.2ms
[158.473s][info][gc,phases      ] GC(394)   Evacuate Collection Set: 0.4ms
[158.473s][info][gc,phases      ] GC(394)   Post Evacuate Collection Set: 0.3ms
[158.473s][info][gc,phases      ] GC(394)   Other: 0.1ms
[158.473s][info][gc,heap        ] GC(394) Eden regions: 22->0(23)
[158.473s][info][gc,heap        ] GC(394) Survivor regions: 3->2(4)
[158.473s][info][gc,heap        ] GC(394) Old regions: 56->56
[158.473s][info][gc,heap        ] GC(394) Archive regions: 0->0
[158.473s][info][gc,heap        ] GC(394) Humongous regions: 410->410
[158.473s][info][gc,metaspace   ] GC(394) Metaspace: 119078K(120384K)->119078K(120384K) NonClass: 101144K(101632K)->101144K(101632K) Class: 17933K(18752K)->17933K(18752K)
[158.473s][info][gc             ] GC(394) Pause Young (Prepare Mixed) (G1 Evacuation Pause) 487M->465M(512M) 1.229ms
[158.473s][info][gc,cpu         ] GC(394) User=0.00s Sys=0.00s Real=0.00s
[158.474s][info][gc,marking     ] GC(381) Concurrent Cleanup for Next Mark 1.813ms
[158.474s][info][gc             ] GC(381) Concurrent Mark Cycle 49.964ms
[158.476s][info][gc,start       ] GC(395) Pause Young (Mixed) (G1 Evacuation Pause)
[158.476s][info][gc,task        ] GC(395) Using 12 workers of 33 for evacuation
[158.477s][info][gc,phases      ] GC(395)   Pre Evacuate Collection Set: 0.1ms
[158.477s][info][gc,phases      ] GC(395)   Merge Heap Roots: 0.0ms
[158.477s][info][gc,phases      ] GC(395)   Evacuate Collection Set: 0.7ms
[158.477s][info][gc,phases      ] GC(395)   Post Evacuate Collection Set: 0.3ms
[158.477s][info][gc,phases      ] GC(395)   Other: 0.1ms
[158.477s][info][gc,heap        ] GC(395) Eden regions: 23->0(22)
[158.477s][info][gc,heap        ] GC(395) Survivor regions: 2->3(4)
[158.477s][info][gc,heap        ] GC(395) Old regions: 56->55
[158.477s][info][gc,heap        ] GC(395) Archive regions: 0->0
[158.477s][info][gc,heap        ] GC(395) Humongous regions: 410->403
[158.477s][info][gc,metaspace   ] GC(395) Metaspace: 119078K(120384K)->119078K(120384K) NonClass: 101144K(101632K)->101144K(101632K) Class: 17933K(18752K)->17933K(18752K)
[158.477s][info][gc             ] GC(395) Pause Young (Mixed) (G1 Evacuation Pause) 488M->458M(512M) 1.403ms
[158.477s][info][gc,cpu         ] GC(395) User=0.00s Sys=0.00s Real=0.00s
[158.479s][info][gc,start       ] GC(396) Pause Young (Concurrent Start) (G1 Evacuation Pause)
[158.479s][info][gc,task        ] GC(396) Using 12 workers of 33 for evacuation
[158.481s][info][gc,phases      ] GC(396)   Pre Evacuate Collection Set: 0.2ms
[158.481s][info][gc,phases      ] GC(396)   Merge Heap Roots: 0.0ms
[158.481s][info][gc,phases      ] GC(396)   Evacuate Collection Set: 1.0ms
[158.481s][info][gc,phases      ] GC(396)   Post Evacuate Collection Set: 0.3ms
[158.481s][info][gc,phases      ] GC(396)   Other: 0.1ms
[158.481s][info][gc,heap        ] GC(396) Eden regions: 22->0(22)
[158.481s][info][gc,heap        ] GC(396) Survivor regions: 3->3(4)
[158.481s][info][gc,heap        ] GC(396) Old regions: 55->55
[158.481s][info][gc,heap        ] GC(396) Archive regions: 0->0
[158.481s][info][gc,heap        ] GC(396) Humongous regions: 403->403
[158.481s][info][gc,metaspace   ] GC(396) Metaspace: 119082K(120384K)->119082K(120384K) NonClass: 101147K(101632K)->101147K(101632K) Class: 17934K(18752K)->17934K(18752K)
[158.481s][info][gc             ] GC(396) Pause Young (Concurrent Start) (G1 Evacuation Pause) 480M->458M(512M) 1.796ms
[158.481s][info][gc             ] GC(397) Concurrent Mark Cycle
[158.481s][info][gc,cpu         ] GC(396) User=0.00s Sys=0.00s Real=0.00s
[158.481s][info][gc,marking     ] GC(397) Concurrent Scan Root Regions
[158.483s][info][gc,start       ] GC(398) Pause Young (Normal) (G1 Evacuation Pause)
[158.483s][info][gc,task        ] GC(398) Using 12 workers of 33 for evacuation
[158.483s][info][gc,marking     ] GC(397) Concurrent Scan Root Regions 2.373ms
[158.483s][info][gc,marking     ] GC(397) Concurrent Mark
[158.483s][info][gc,marking     ] GC(397) Concurrent Mark From Roots
[158.483s][info][gc,task        ] GC(397) Using 8 workers of 8 for marking
[158.484s][info][gc,phases      ] GC(398)   Pre Evacuate Collection Set: 0.4ms
[158.484s][info][gc,phases      ] GC(398)   Merge Heap Roots: 0.0ms
[158.484s][info][gc,phases      ] GC(398)   Evacuate Collection Set: 0.4ms
[158.484s][info][gc,phases      ] GC(398)   Post Evacuate Collection Set: 0.3ms
[158.484s][info][gc,phases      ] GC(398)   Other: 0.1ms
[158.484s][info][gc,heap        ] GC(398) Eden regions: 22->0(23)
[158.484s][info][gc,heap        ] GC(398) Survivor regions: 3->2(4)
[158.484s][info][gc,heap        ] GC(398) Old regions: 55->56
[158.484s][info][gc,heap        ] GC(398) Archive regions: 0->0
[158.484s][info][gc,heap        ] GC(398) Humongous regions: 404->404
[158.484s][info][gc,metaspace   ] GC(398) Metaspace: 119082K(120384K)->119082K(120384K) NonClass: 101147K(101632K)->101147K(101632K) Class: 17934K(18752K)->17934K(18752K)
[158.484s][info][gc             ] GC(398) Pause Young (Normal) (G1 Evacuation Pause) 481M->460M(512M) 1.441ms
[158.484s][info][gc,cpu         ] GC(398) User=0.00s Sys=0.00s Real=0.00s
[158.486s][info][gc,start       ] GC(399) Pause Young (Normal) (G1 Evacuation Pause)
[158.487s][info][gc,task        ] GC(399) Using 12 workers of 33 for evacuation
[158.487s][info][gc,phases      ] GC(399)   Pre Evacuate Collection Set: 0.1ms
[158.487s][info][gc,phases      ] GC(399)   Merge Heap Roots: 0.0ms
[158.487s][info][gc,phases      ] GC(399)   Evacuate Collection Set: 0.4ms
[158.487s][info][gc,phases      ] GC(399)   Post Evacuate Collection Set: 0.3ms
[158.488s][info][gc,phases      ] GC(399)   Other: 0.1ms
[158.488s][info][gc,heap        ] GC(399) Eden regions: 23->0(22)
[158.488s][info][gc,heap        ] GC(399) Survivor regions: 2->3(4)
[158.488s][info][gc,heap        ] GC(399) Old regions: 56->56
[158.488s][info][gc,heap        ] GC(399) Archive regions: 0->0
[158.488s][info][gc,heap        ] GC(399) Humongous regions: 404->404
[158.488s][info][gc,metaspace   ] GC(399) Metaspace: 119085K(120384K)->119085K(120384K) NonClass: 101150K(101632K)->101150K(101632K) Class: 17934K(18752K)->17934K(18752K)
[158.488s][info][gc             ] GC(399) Pause Young (Normal) (G1 Evacuation Pause) 483M->461M(512M) 1.092ms
[158.488s][info][gc,cpu         ] GC(399) User=0.00s Sys=0.00s Real=0.00s
[158.490s][info][gc,start       ] GC(400) Pause Young (Normal) (G1 Evacuation Pause)
[158.490s][info][gc,task        ] GC(400) Using 12 workers of 33 for evacuation
[158.491s][info][gc,phases      ] GC(400)   Pre Evacuate Collection Set: 0.1ms
[158.491s][info][gc,phases      ] GC(400)   Merge Heap Roots: 0.0ms
[158.491s][info][gc,phases      ] GC(400)   Evacuate Collection Set: 0.4ms
[158.491s][info][gc,phases      ] GC(400)   Post Evacuate Collection Set: 0.3ms
[158.491s][info][gc,phases      ] GC(400)   Other: 0.1ms
[158.491s][info][gc,heap        ] GC(400) Eden regions: 22->0(22)
[158.491s][info][gc,heap        ] GC(400) Survivor regions: 3->3(4)
[158.491s][info][gc,heap        ] GC(400) Old regions: 56->57
[158.491s][info][gc,heap        ] GC(400) Archive regions: 0->0
[158.491s][info][gc,heap        ] GC(400) Humongous regions: 404->404
[158.491s][info][gc,metaspace   ] GC(400) Metaspace: 119085K(120384K)->119085K(120384K) NonClass: 101150K(101632K)->101150K(101632K) Class: 17934K(18752K)->17934K(18752K)
[158.491s][info][gc             ] GC(400) Pause Young (Normal) (G1 Evacuation Pause) 483M->461M(512M) 1.079ms
[158.491s][info][gc,cpu         ] GC(400) User=0.00s Sys=0.00s Real=0.00s
[158.493s][info][gc,start       ] GC(401) Pause Young (Normal) (G1 Evacuation Pause)
[158.493s][info][gc,task        ] GC(401) Using 12 workers of 33 for evacuation
[158.494s][info][gc,phases      ] GC(401)   Pre Evacuate Collection Set: 0.1ms
[158.494s][info][gc,phases      ] GC(401)   Merge Heap Roots: 0.0ms
[158.494s][info][gc,phases      ] GC(401)   Evacuate Collection Set: 0.4ms
[158.494s][info][gc,phases      ] GC(401)   Post Evacuate Collection Set: 0.3ms
[158.494s][info][gc,phases      ] GC(401)   Other: 0.1ms
[158.494s][info][gc,heap        ] GC(401) Eden regions: 22->0(23)
[158.494s][info][gc,heap        ] GC(401) Survivor regions: 3->2(4)
[158.494s][info][gc,heap        ] GC(401) Old regions: 57->58
[158.494s][info][gc,heap        ] GC(401) Archive regions: 0->0
[158.494s][info][gc,heap        ] GC(401) Humongous regions: 404->404
[158.494s][info][gc,metaspace   ] GC(401) Metaspace: 119085K(120384K)->119085K(120384K) NonClass: 101150K(101632K)->101150K(101632K) Class: 17934K(18752K)->17934K(18752K)
[158.494s][info][gc             ] GC(401) Pause Young (Normal) (G1 Evacuation Pause) 483M->461M(512M) 1.042ms
[158.494s][info][gc,cpu         ] GC(401) User=0.00s Sys=0.00s Real=0.00s
[158.496s][info][gc,start       ] GC(402) Pause Young (Normal) (G1 Evacuation Pause)
[158.496s][info][gc,task        ] GC(402) Using 12 workers of 33 for evacuation
[158.497s][info][gc,phases      ] GC(402)   Pre Evacuate Collection Set: 0.1ms
[158.497s][info][gc,phases      ] GC(402)   Merge Heap Roots: 0.0ms
[158.497s][info][gc,phases      ] GC(402)   Evacuate Collection Set: 0.4ms
[158.497s][info][gc,phases      ] GC(402)   Post Evacuate Collection Set: 0.3ms
[158.497s][info][gc,phases      ] GC(402)   Other: 0.1ms
[158.497s][info][gc,heap        ] GC(402) Eden regions: 23->0(23)
[158.497s][info][gc,heap        ] GC(402) Survivor regions: 2->2(4)
[158.497s][info][gc,heap        ] GC(402) Old regions: 58->58
[158.497s][info][gc,heap        ] GC(402) Archive regions: 0->0
[158.497s][info][gc,heap        ] GC(402) Humongous regions: 410->410
[158.497s][info][gc,metaspace   ] GC(402) Metaspace: 119088K(120384K)->119088K(120384K) NonClass: 101153K(101632K)->101153K(101632K) Class: 17935K(18752K)->17935K(18752K)
[158.497s][info][gc             ] GC(402) Pause Young (Normal) (G1 Evacuation Pause) 490M->467M(512M) 1.044ms
[158.497s][info][gc,cpu         ] GC(402) User=0.23s Sys=0.00s Real=0.02s
[158.500s][info][gc,start       ] GC(403) Pause Young (Normal) (G1 Evacuation Pause)
[158.500s][info][gc,task        ] GC(403) Using 12 workers of 33 for evacuation
[158.501s][info][gc,phases      ] GC(403)   Pre Evacuate Collection Set: 0.1ms
[158.501s][info][gc,phases      ] GC(403)   Merge Heap Roots: 0.0ms
[158.501s][info][gc,phases      ] GC(403)   Evacuate Collection Set: 0.4ms
[158.501s][info][gc,phases      ] GC(403)   Post Evacuate Collection Set: 0.3ms
[158.501s][info][gc,phases      ] GC(403)   Other: 0.1ms
[158.501s][info][gc,heap        ] GC(403) Eden regions: 23->0(23)
[158.501s][info][gc,heap        ] GC(403) Survivor regions: 2->2(4)
[158.501s][info][gc,heap        ] GC(403) Old regions: 58->58
[158.501s][info][gc,heap        ] GC(403) Archive regions: 0->0
[158.501s][info][gc,heap        ] GC(403) Humongous regions: 410->410
[158.501s][info][gc,metaspace   ] GC(403) Metaspace: 119091K(120384K)->119091K(120384K) NonClass: 101155K(101632K)->101155K(101632K) Class: 17935K(18752K)->17935K(18752K)
[158.501s][info][gc             ] GC(403) Pause Young (Normal) (G1 Evacuation Pause) 490M->467M(512M) 1.120ms
[158.501s][info][gc,cpu         ] GC(403) User=0.00s Sys=0.00s Real=0.00s
[158.503s][info][gc,start       ] GC(404) Pause Young (Normal) (G1 Evacuation Pause)
[158.503s][info][gc,task        ] GC(404) Using 12 workers of 33 for evacuation
[158.504s][info][gc,phases      ] GC(404)   Pre Evacuate Collection Set: 0.1ms
[158.504s][info][gc,phases      ] GC(404)   Merge Heap Roots: 0.0ms
[158.504s][info][gc,phases      ] GC(404)   Evacuate Collection Set: 0.4ms
[158.504s][info][gc,phases      ] GC(404)   Post Evacuate Collection Set: 0.3ms
[158.504s][info][gc,phases      ] GC(404)   Other: 0.1ms
[158.504s][info][gc,heap        ] GC(404) Eden regions: 23->0(22)
[158.504s][info][gc,heap        ] GC(404) Survivor regions: 2->3(4)
[158.504s][info][gc,heap        ] GC(404) Old regions: 58->58
[158.504s][info][gc,heap        ] GC(404) Archive regions: 0->0
[158.504s][info][gc,heap        ] GC(404) Humongous regions: 410->410
[158.504s][info][gc,metaspace   ] GC(404) Metaspace: 119092K(120384K)->119092K(120384K) NonClass: 101156K(101632K)->101156K(101632K) Class: 17935K(18752K)->17935K(18752K)
[158.504s][info][gc             ] GC(404) Pause Young (Normal) (G1 Evacuation Pause) 490M->467M(512M) 1.074ms
[158.504s][info][gc,cpu         ] GC(404) User=0.00s Sys=0.00s Real=0.00s
[158.506s][info][gc,start       ] GC(405) Pause Young (Normal) (G1 Evacuation Pause)
[158.506s][info][gc,task        ] GC(405) Using 12 workers of 33 for evacuation
[158.507s][info][gc,phases      ] GC(405)   Pre Evacuate Collection Set: 0.1ms
[158.507s][info][gc,phases      ] GC(405)   Merge Heap Roots: 0.0ms
[158.507s][info][gc,phases      ] GC(405)   Evacuate Collection Set: 0.4ms
[158.507s][info][gc,phases      ] GC(405)   Post Evacuate Collection Set: 0.3ms
[158.507s][info][gc,phases      ] GC(405)   Other: 0.1ms
[158.507s][info][gc,heap        ] GC(405) Eden regions: 22->0(22)
[158.507s][info][gc,heap        ] GC(405) Survivor regions: 3->3(4)
[158.507s][info][gc,heap        ] GC(405) Old regions: 58->58
[158.507s][info][gc,heap        ] GC(405) Archive regions: 0->0
[158.507s][info][gc,heap        ] GC(405) Humongous regions: 410->410
[158.507s][info][gc,metaspace   ] GC(405) Metaspace: 119092K(120384K)->119092K(120384K) NonClass: 101156K(101632K)->101156K(101632K) Class: 17935K(18752K)->17935K(18752K)
[158.507s][info][gc             ] GC(405) Pause Young (Normal) (G1 Evacuation Pause) 489M->468M(512M) 1.083ms
[158.507s][info][gc,cpu         ] GC(405) User=0.00s Sys=0.00s Real=0.00s
[158.509s][info][gc,start       ] GC(406) Pause Young (Normal) (G1 Evacuation Pause)
[158.510s][info][gc,task        ] GC(406) Using 12 workers of 33 for evacuation
[158.511s][info][gc,phases      ] GC(406)   Pre Evacuate Collection Set: 0.1ms
[158.511s][info][gc,phases      ] GC(406)   Merge Heap Roots: 0.0ms
[158.511s][info][gc,phases      ] GC(406)   Evacuate Collection Set: 0.5ms
[158.511s][info][gc,phases      ] GC(406)   Post Evacuate Collection Set: 0.3ms
[158.511s][info][gc,phases      ] GC(406)   Other: 0.1ms
[158.511s][info][gc,heap        ] GC(406) Eden regions: 22->0(22)
[158.511s][info][gc,heap        ] GC(406) Survivor regions: 3->3(4)
[158.511s][info][gc,heap        ] GC(406) Old regions: 58->59
[158.511s][info][gc,heap        ] GC(406) Archive regions: 0->0
[158.511s][info][gc,heap        ] GC(406) Humongous regions: 410->410
[158.511s][info][gc,metaspace   ] GC(406) Metaspace: 119095K(120384K)->119095K(120384K) NonClass: 101159K(101632K)->101159K(101632K) Class: 17936K(18752K)->17936K(18752K)
[158.511s][info][gc             ] GC(406) Pause Young (Normal) (G1 Evacuation Pause) 490M->469M(512M) 1.176ms
[158.511s][info][gc,cpu         ] GC(406) User=0.00s Sys=0.00s Real=0.00s
[158.511s][info][gc,marking     ] GC(397) Concurrent Mark From Roots 28.130ms
[158.512s][info][gc,marking     ] GC(397) Concurrent Preclean
[158.512s][info][gc,marking     ] GC(397) Concurrent Preclean 0.696ms
[158.512s][info][gc,start       ] GC(397) Pause Remark
[158.514s][info][gc             ] GC(397) Pause Remark 489M->480M(512M) 1.388ms
[158.514s][info][gc,cpu         ] GC(397) User=0.00s Sys=0.00s Real=0.00s
[158.514s][info][gc,marking     ] GC(397) Concurrent Mark 30.534ms
[158.514s][info][gc,marking     ] GC(397) Concurrent Rebuild Remembered Sets and Scrub Regions
[158.515s][info][gc,start       ] GC(407) Pause Young (Normal) (G1 Evacuation Pause)
[158.515s][info][gc,task        ] GC(407) Using 12 workers of 33 for evacuation
[158.516s][info][gc,phases      ] GC(407)   Pre Evacuate Collection Set: 0.1ms
[158.516s][info][gc,phases      ] GC(407)   Merge Heap Roots: 0.0ms
[158.516s][info][gc,phases      ] GC(407)   Evacuate Collection Set: 0.4ms
[158.516s][info][gc,phases      ] GC(407)   Post Evacuate Collection Set: 0.3ms
[158.516s][info][gc,phases      ] GC(407)   Other: 0.1ms
[158.516s][info][gc,heap        ] GC(407) Eden regions: 22->0(22)
[158.516s][info][gc,heap        ] GC(407) Survivor regions: 3->3(4)
[158.516s][info][gc,heap        ] GC(407) Old regions: 59->60
[158.516s][info][gc,heap        ] GC(407) Archive regions: 0->0
[158.516s][info][gc,heap        ] GC(407) Humongous regions: 401->401
[158.516s][info][gc,metaspace   ] GC(407) Metaspace: 119098K(120384K)->119098K(120384K) NonClass: 101161K(101632K)->101161K(101632K) Class: 17936K(18752K)->17936K(18752K)
[158.516s][info][gc             ] GC(407) Pause Young (Normal) (G1 Evacuation Pause) 482M->461M(512M) 1.087ms
[158.516s][info][gc,cpu         ] GC(407) User=0.00s Sys=0.00s Real=0.00s
[158.518s][info][gc,start       ] GC(408) Pause Young (Normal) (G1 Evacuation Pause)
[158.518s][info][gc,task        ] GC(408) Using 12 workers of 33 for evacuation
[158.519s][info][gc,phases      ] GC(408)   Pre Evacuate Collection Set: 0.1ms
[158.519s][info][gc,phases      ] GC(408)   Merge Heap Roots: 0.1ms
[158.519s][info][gc,phases      ] GC(408)   Evacuate Collection Set: 0.5ms
[158.519s][info][gc,phases      ] GC(408)   Post Evacuate Collection Set: 0.3ms
[158.519s][info][gc,phases      ] GC(408)   Other: 0.1ms
[158.519s][info][gc,heap        ] GC(408) Eden regions: 22->0(22)
[158.519s][info][gc,heap        ] GC(408) Survivor regions: 3->3(4)
[158.519s][info][gc,heap        ] GC(408) Old regions: 60->60
[158.519s][info][gc,heap        ] GC(408) Archive regions: 0->0
[158.519s][info][gc,heap        ] GC(408) Humongous regions: 401->401
[158.519s][info][gc,metaspace   ] GC(408) Metaspace: 119098K(120384K)->119098K(120384K) NonClass: 101161K(101632K)->101161K(101632K) Class: 17936K(18752K)->17936K(18752K)
[158.519s][info][gc             ] GC(408) Pause Young (Normal) (G1 Evacuation Pause) 483M->461M(512M) 1.107ms
[158.519s][info][gc,cpu         ] GC(408) User=0.00s Sys=0.00s Real=0.00s
[158.521s][info][gc,start       ] GC(409) Pause Young (Normal) (G1 Evacuation Pause)
[158.521s][info][gc,task        ] GC(409) Using 12 workers of 33 for evacuation
[158.522s][info][gc,phases      ] GC(409)   Pre Evacuate Collection Set: 0.1ms
[158.522s][info][gc,phases      ] GC(409)   Merge Heap Roots: 0.0ms
[158.522s][info][gc,phases      ] GC(409)   Evacuate Collection Set: 0.5ms
[158.522s][info][gc,phases      ] GC(409)   Post Evacuate Collection Set: 0.3ms
[158.522s][info][gc,phases      ] GC(409)   Other: 0.1ms
[158.522s][info][gc,heap        ] GC(409) Eden regions: 22->0(22)
[158.522s][info][gc,heap        ] GC(409) Survivor regions: 3->3(4)
[158.522s][info][gc,heap        ] GC(409) Old regions: 60->61
[158.522s][info][gc,heap        ] GC(409) Archive regions: 0->0
[158.522s][info][gc,heap        ] GC(409) Humongous regions: 401->401
[158.522s][info][gc,metaspace   ] GC(409) Metaspace: 119098K(120384K)->119098K(120384K) NonClass: 101161K(101632K)->101161K(101632K) Class: 17936K(18752K)->17936K(18752K)
[158.522s][info][gc             ] GC(409) Pause Young (Normal) (G1 Evacuation Pause) 483M->462M(512M) 1.125ms
[158.522s][info][gc,cpu         ] GC(409) User=0.00s Sys=0.00s Real=0.00s
[158.524s][info][gc,marking     ] GC(397) Concurrent Rebuild Remembered Sets and Scrub Regions 9.955ms
[158.524s][info][gc,start       ] GC(397) Pause Cleanup
[158.524s][info][gc             ] GC(397) Pause Cleanup 483M->483M(512M) 0.132ms
[158.524s][info][gc,cpu         ] GC(397) User=0.00s Sys=0.00s Real=0.00s
[158.524s][info][gc,marking     ] GC(397) Concurrent Clear Claimed Marks
[158.525s][info][gc,marking     ] GC(397) Concurrent Clear Claimed Marks 0.195ms
[158.525s][info][gc,marking     ] GC(397) Concurrent Cleanup for Next Mark
[158.525s][info][gc,start       ] GC(410) Pause Young (Prepare Mixed) (G1 Evacuation Pause)
[158.525s][info][gc,task        ] GC(410) Using 12 workers of 33 for evacuation
[158.526s][info][gc,phases      ] GC(410)   Pre Evacuate Collection Set: 0.1ms
[158.526s][info][gc,phases      ] GC(410)   Merge Heap Roots: 0.2ms
[158.526s][info][gc,phases      ] GC(410)   Evacuate Collection Set: 0.5ms
[158.526s][info][gc,phases      ] GC(410)   Post Evacuate Collection Set: 0.3ms
[158.526s][info][gc,phases      ] GC(410)   Other: 0.1ms
[158.526s][info][gc,heap        ] GC(410) Eden regions: 22->0(22)
[158.526s][info][gc,heap        ] GC(410) Survivor regions: 3->3(4)
[158.526s][info][gc,heap        ] GC(410) Old regions: 61->62
[158.526s][info][gc,heap        ] GC(410) Archive regions: 0->0
[158.526s][info][gc,heap        ] GC(410) Humongous regions: 401->401
[158.526s][info][gc,metaspace   ] GC(410) Metaspace: 119102K(120384K)->119102K(120384K) NonClass: 101164K(101632K)->101164K(101632K) Class: 17937K(18752K)->17937K(18752K)
[158.526s][info][gc             ] GC(410) Pause Young (Prepare Mixed) (G1 Evacuation Pause) 484M->462M(512M) 1.339ms
[158.526s][info][gc,cpu         ] GC(410) User=0.00s Sys=0.00s Real=0.00s
[158.527s][info][gc,marking     ] GC(397) Concurrent Cleanup for Next Mark 1.920ms
[158.527s][info][gc             ] GC(397) Concurrent Mark Cycle 45.729ms
[158.528s][info][gc,start       ] GC(411) Pause Young (Mixed) (G1 Evacuation Pause)
[158.528s][info][gc,task        ] GC(411) Using 12 workers of 33 for evacuation
[158.530s][info][gc,phases      ] GC(411)   Pre Evacuate Collection Set: 0.1ms
[158.530s][info][gc,phases      ] GC(411)   Merge Heap Roots: 0.0ms
[158.530s][info][gc,phases      ] GC(411)   Evacuate Collection Set: 0.7ms
[158.530s][info][gc,phases      ] GC(411)   Post Evacuate Collection Set: 0.3ms
[158.530s][info][gc,phases      ] GC(411)   Other: 0.1ms
[158.530s][info][gc,heap        ] GC(411) Eden regions: 22->0(22)
[158.530s][info][gc,heap        ] GC(411) Survivor regions: 3->3(4)
[158.530s][info][gc,heap        ] GC(411) Old regions: 62->61
[158.530s][info][gc,heap        ] GC(411) Archive regions: 0->0
[158.530s][info][gc,heap        ] GC(411) Humongous regions: 401->401
[158.530s][info][gc,metaspace   ] GC(411) Metaspace: 119102K(120384K)->119102K(120384K) NonClass: 101164K(101632K)->101164K(101632K) Class: 17937K(18752K)->17937K(18752K)
[158.530s][info][gc             ] GC(411) Pause Young (Mixed) (G1 Evacuation Pause) 484M->462M(512M) 1.357ms
[158.530s][info][gc,cpu         ] GC(411) User=0.00s Sys=0.00s Real=0.00s
[158.532s][info][gc,start       ] GC(412) Pause Young (Concurrent Start) (G1 Evacuation Pause)
[158.532s][info][gc,task        ] GC(412) Using 12 workers of 33 for evacuation
[158.533s][info][gc,phases      ] GC(412)   Pre Evacuate Collection Set: 0.2ms
[158.533s][info][gc,phases      ] GC(412)   Merge Heap Roots: 0.0ms
[158.533s][info][gc,phases      ] GC(412)   Evacuate Collection Set: 0.9ms
[158.533s][info][gc,phases      ] GC(412)   Post Evacuate Collection Set: 0.3ms
[158.533s][info][gc,phases      ] GC(412)   Other: 0.1ms
[158.533s][info][gc,heap        ] GC(412) Eden regions: 22->0(22)
[158.533s][info][gc,heap        ] GC(412) Survivor regions: 3->3(4)
[158.533s][info][gc,heap        ] GC(412) Old regions: 61->62
[158.533s][info][gc,heap        ] GC(412) Archive regions: 0->0
[158.533s][info][gc,heap        ] GC(412) Humongous regions: 401->401
[158.534s][info][gc,metaspace   ] GC(412) Metaspace: 119106K(120384K)->119106K(120384K) NonClass: 101168K(101632K)->101168K(101632K) Class: 17937K(18752K)->17937K(18752K)
[158.534s][info][gc             ] GC(412) Pause Young (Concurrent Start) (G1 Evacuation Pause) 484M->463M(512M) 1.728ms
[158.534s][info][gc             ] GC(413) Concurrent Mark Cycle
[158.534s][info][gc,cpu         ] GC(412) User=0.00s Sys=0.00s Real=0.00s
[158.534s][info][gc,marking     ] GC(413) Concurrent Scan Root Regions
[158.536s][info][gc,start       ] GC(414) Pause Young (Normal) (G1 Evacuation Pause)
[158.536s][info][gc,task        ] GC(414) Using 12 workers of 33 for evacuation
[158.536s][info][gc,marking     ] GC(413) Concurrent Scan Root Regions 2.444ms
[158.536s][info][gc,marking     ] GC(413) Concurrent Mark
[158.536s][info][gc,marking     ] GC(413) Concurrent Mark From Roots
[158.536s][info][gc,task        ] GC(413) Using 8 workers of 8 for marking
[158.537s][info][gc,phases      ] GC(414)   Pre Evacuate Collection Set: 0.4ms
[158.537s][info][gc,phases      ] GC(414)   Merge Heap Roots: 0.0ms
[158.537s][info][gc,phases      ] GC(414)   Evacuate Collection Set: 0.5ms
[158.537s][info][gc,phases      ] GC(414)   Post Evacuate Collection Set: 0.3ms
[158.537s][info][gc,phases      ] GC(414)   Other: 0.1ms
[158.537s][info][gc,heap        ] GC(414) Eden regions: 22->0(22)
[158.537s][info][gc,heap        ] GC(414) Survivor regions: 3->3(4)
[158.537s][info][gc,heap        ] GC(414) Old regions: 62->63
[158.537s][info][gc,heap        ] GC(414) Archive regions: 0->0
[158.537s][info][gc,heap        ] GC(414) Humongous regions: 403->403
[158.537s][info][gc,metaspace   ] GC(414) Metaspace: 119109K(120384K)->119109K(120384K) NonClass: 101171K(101632K)->101171K(101632K) Class: 17938K(18752K)->17938K(18752K)
[158.537s][info][gc             ] GC(414) Pause Young (Normal) (G1 Evacuation Pause) 487M->466M(512M) 1.510ms
[158.537s][info][gc,cpu         ] GC(414) User=0.00s Sys=0.00s Real=0.00s
[158.539s][info][gc,start       ] GC(415) Pause Young (Normal) (G1 Evacuation Pause)
[158.539s][info][gc,task        ] GC(415) Using 12 workers of 33 for evacuation
[158.540s][info][gc,phases      ] GC(415)   Pre Evacuate Collection Set: 0.1ms
[158.540s][info][gc,phases      ] GC(415)   Merge Heap Roots: 0.0ms
[158.540s][info][gc,phases      ] GC(415)   Evacuate Collection Set: 0.5ms
[158.540s][info][gc,phases      ] GC(415)   Post Evacuate Collection Set: 0.3ms
[158.540s][info][gc,phases      ] GC(415)   Other: 0.1ms
[158.540s][info][gc,heap        ] GC(415) Eden regions: 22->0(21)
[158.540s][info][gc,heap        ] GC(415) Survivor regions: 3->4(4)
[158.540s][info][gc,heap        ] GC(415) Old regions: 63->63
[158.540s][info][gc,heap        ] GC(415) Archive regions: 0->0
[158.540s][info][gc,heap        ] GC(415) Humongous regions: 403->403
[158.540s][info][gc,metaspace   ] GC(415) Metaspace: 119110K(120384K)->119110K(120384K) NonClass: 101171K(101632K)->101171K(101632K) Class: 17938K(18752K)->17938K(18752K)
[158.540s][info][gc             ] GC(415) Pause Young (Normal) (G1 Evacuation Pause) 488M->467M(512M) 1.137ms
[158.540s][info][gc,cpu         ] GC(415) User=0.00s Sys=0.00s Real=0.00s
[158.542s][info][gc,start       ] GC(416) Pause Young (Normal) (G1 Evacuation Pause)
[158.542s][info][gc,task        ] GC(416) Using 12 workers of 33 for evacuation
[158.543s][info][gc,phases      ] GC(416)   Pre Evacuate Collection Set: 0.1ms
[158.543s][info][gc,phases      ] GC(416)   Merge Heap Roots: 0.0ms
[158.543s][info][gc,phases      ] GC(416)   Evacuate Collection Set: 0.6ms
[158.543s][info][gc,phases      ] GC(416)   Post Evacuate Collection Set: 0.3ms
[158.543s][info][gc,phases      ] GC(416)   Other: 0.1ms
[158.543s][info][gc,heap        ] GC(416) Eden regions: 21->0(21)
[158.543s][info][gc,heap        ] GC(416) Survivor regions: 4->4(4)
[158.543s][info][gc,heap        ] GC(416) Old regions: 63->64
[158.543s][info][gc,heap        ] GC(416) Archive regions: 0->0
[158.543s][info][gc,heap        ] GC(416) Humongous regions: 403->403
[158.544s][info][gc,metaspace   ] GC(416) Metaspace: 119116K(120384K)->119116K(120384K) NonClass: 101177K(101632K)->101177K(101632K) Class: 17938K(18752K)->17938K(18752K)
[158.544s][info][gc             ] GC(416) Pause Young (Normal) (G1 Evacuation Pause) 488M->468M(512M) 1.344ms
[158.544s][info][gc,cpu         ] GC(416) User=0.00s Sys=0.00s Real=0.00s
[158.546s][info][gc,start       ] GC(417) Pause Young (Normal) (G1 Evacuation Pause)
[158.546s][info][gc,task        ] GC(417) Using 12 workers of 33 for evacuation
[158.547s][info][gc,phases      ] GC(417)   Pre Evacuate Collection Set: 0.1ms
[158.547s][info][gc,phases      ] GC(417)   Merge Heap Roots: 0.0ms
[158.547s][info][gc,phases      ] GC(417)   Evacuate Collection Set: 0.5ms
[158.547s][info][gc,phases      ] GC(417)   Post Evacuate Collection Set: 0.3ms
[158.547s][info][gc,phases      ] GC(417)   Other: 0.1ms
[158.547s][info][gc,heap        ] GC(417) Eden regions: 21->0(22)
[158.547s][info][gc,heap        ] GC(417) Survivor regions: 4->3(4)
[158.547s][info][gc,heap        ] GC(417) Old regions: 64->66
[158.547s][info][gc,heap        ] GC(417) Archive regions: 0->0
[158.547s][info][gc,heap        ] GC(417) Humongous regions: 404->404
[158.547s][info][gc,metaspace   ] GC(417) Metaspace: 119118K(120384K)->119118K(120384K) NonClass: 101178K(101632K)->101178K(101632K) Class: 17939K(18752K)->17939K(18752K)
[158.547s][info][gc             ] GC(417) Pause Young (Normal) (G1 Evacuation Pause) 490M->470M(512M) 1.191ms
[158.547s][info][gc,cpu         ] GC(417) User=0.00s Sys=0.00s Real=0.00s
[158.549s][info][gc,start       ] GC(418) Pause Young (Normal) (G1 Evacuation Pause)
[158.549s][info][gc,task        ] GC(418) Using 12 workers of 33 for evacuation
[158.550s][info][gc,phases      ] GC(418)   Pre Evacuate Collection Set: 0.1ms
[158.550s][info][gc,phases      ] GC(418)   Merge Heap Roots: 0.0ms
[158.550s][info][gc,phases      ] GC(418)   Evacuate Collection Set: 0.5ms
[158.550s][info][gc,phases      ] GC(418)   Post Evacuate Collection Set: 0.3ms
[158.550s][info][gc,phases      ] GC(418)   Other: 0.1ms
[158.550s][info][gc,heap        ] GC(418) Eden regions: 22->0(23)
[158.550s][info][gc,heap        ] GC(418) Survivor regions: 3->2(4)
[158.550s][info][gc,heap        ] GC(418) Old regions: 66->67
[158.550s][info][gc,heap        ] GC(418) Archive regions: 0->0
[158.550s][info][gc,heap        ] GC(418) Humongous regions: 404->404
[158.550s][info][gc,metaspace   ] GC(418) Metaspace: 119121K(120384K)->119121K(120384K) NonClass: 101181K(101632K)->101181K(101632K) Class: 17939K(18752K)->17939K(18752K)
[158.550s][info][gc             ] GC(418) Pause Young (Normal) (G1 Evacuation Pause) 492M->470M(512M) 1.135ms
[158.550s][info][gc,cpu         ] GC(418) User=0.00s Sys=0.00s Real=0.00s
[158.552s][info][gc,start       ] GC(419) Pause Young (Normal) (G1 Evacuation Pause)
[158.552s][info][gc,task        ] GC(419) Using 12 workers of 33 for evacuation
[158.553s][info][gc,phases      ] GC(419)   Pre Evacuate Collection Set: 0.1ms
[158.553s][info][gc,phases      ] GC(419)   Merge Heap Roots: 0.0ms
[158.553s][info][gc,phases      ] GC(419)   Evacuate Collection Set: 0.5ms
[158.553s][info][gc,phases      ] GC(419)   Post Evacuate Collection Set: 0.3ms
[158.553s][info][gc,phases      ] GC(419)   Other: 0.1ms
[158.553s][info][gc,heap        ] GC(419) Eden regions: 23->0(21)
[158.553s][info][gc,heap        ] GC(419) Survivor regions: 2->4(4)
[158.553s][info][gc,heap        ] GC(419) Old regions: 67->67
[158.553s][info][gc,heap        ] GC(419) Archive regions: 0->0
[158.553s][info][gc,heap        ] GC(419) Humongous regions: 404->404
[158.553s][info][gc,metaspace   ] GC(419) Metaspace: 119126K(120384K)->119126K(120384K) NonClass: 101185K(101632K)->101185K(101632K) Class: 17940K(18752K)->17940K(18752K)
[158.553s][info][gc             ] GC(419) Pause Young (Normal) (G1 Evacuation Pause) 493M->473M(512M) 1.192ms
[158.553s][info][gc,cpu         ] GC(419) User=0.00s Sys=0.00s Real=0.00s
[158.555s][info][gc,start       ] GC(420) Pause Young (Normal) (G1 Evacuation Pause)
[158.555s][info][gc,task        ] GC(420) Using 12 workers of 33 for evacuation
[158.556s][info][gc,phases      ] GC(420)   Pre Evacuate Collection Set: 0.1ms
[158.556s][info][gc,phases      ] GC(420)   Merge Heap Roots: 0.0ms
[158.556s][info][gc,phases      ] GC(420)   Evacuate Collection Set: 0.6ms
[158.556s][info][gc,phases      ] GC(420)   Post Evacuate Collection Set: 0.3ms
[158.556s][info][gc,phases      ] GC(420)   Other: 0.1ms
[158.556s][info][gc,heap        ] GC(420) Eden regions: 21->0(23)
[158.556s][info][gc,heap        ] GC(420) Survivor regions: 4->2(4)
[158.556s][info][gc,heap        ] GC(420) Old regions: 67->70
[158.556s][info][gc,heap        ] GC(420) Archive regions: 0->0
[158.556s][info][gc,heap        ] GC(420) Humongous regions: 404->404
[158.556s][info][gc,metaspace   ] GC(420) Metaspace: 119126K(120384K)->119126K(120384K) NonClass: 101185K(101632K)->101185K(101632K) Class: 17940K(18752K)->17940K(18752K)
[158.556s][info][gc             ] GC(420) Pause Young (Normal) (G1 Evacuation Pause) 494M->473M(512M) 1.287ms
[158.556s][info][gc,cpu         ] GC(420) User=0.00s Sys=0.00s Real=0.00s
[158.558s][info][gc,start       ] GC(421) Pause Young (Normal) (G1 Evacuation Pause)
[158.558s][info][gc,task        ] GC(421) Using 12 workers of 33 for evacuation
[158.559s][info][gc,phases      ] GC(421)   Pre Evacuate Collection Set: 0.1ms
[158.559s][info][gc,phases      ] GC(421)   Merge Heap Roots: 0.0ms
[158.559s][info][gc,phases      ] GC(421)   Evacuate Collection Set: 0.5ms
[158.559s][info][gc,phases      ] GC(421)   Post Evacuate Collection Set: 0.3ms
[158.559s][info][gc,phases      ] GC(421)   Other: 0.1ms
[158.559s][info][gc,heap        ] GC(421) Eden regions: 23->0(22)
[158.559s][info][gc,heap        ] GC(421) Survivor regions: 2->3(4)
[158.559s][info][gc,heap        ] GC(421) Old regions: 70->70
[158.559s][info][gc,heap        ] GC(421) Archive regions: 0->0
[158.559s][info][gc,heap        ] GC(421) Humongous regions: 405->405
[158.559s][info][gc,metaspace   ] GC(421) Metaspace: 119129K(120384K)->119129K(120384K) NonClass: 101188K(101632K)->101188K(101632K) Class: 17941K(18752K)->17941K(18752K)
[158.559s][info][gc             ] GC(421) Pause Young (Normal) (G1 Evacuation Pause) 497M->475M(512M) 1.210ms
[158.559s][info][gc,cpu         ] GC(421) User=0.00s Sys=0.00s Real=0.00s
[158.561s][info][gc,start       ] GC(422) Pause Young (Normal) (G1 Evacuation Pause)
[158.561s][info][gc,task        ] GC(422) Using 12 workers of 33 for evacuation
[158.562s][info][gc,phases      ] GC(422)   Pre Evacuate Collection Set: 0.1ms
[158.562s][info][gc,phases      ] GC(422)   Merge Heap Roots: 0.0ms
[158.562s][info][gc,phases      ] GC(422)   Evacuate Collection Set: 0.6ms
[158.562s][info][gc,phases      ] GC(422)   Post Evacuate Collection Set: 0.3ms
[158.562s][info][gc,phases      ] GC(422)   Other: 0.1ms
[158.562s][info][gc,heap        ] GC(422) Eden regions: 22->0(21)
[158.562s][info][gc,heap        ] GC(422) Survivor regions: 3->4(4)
[158.562s][info][gc,heap        ] GC(422) Old regions: 70->70
[158.562s][info][gc,heap        ] GC(422) Archive regions: 0->0
[158.562s][info][gc,heap        ] GC(422) Humongous regions: 406->406
[158.562s][info][gc,metaspace   ] GC(422) Metaspace: 119129K(120384K)->119129K(120384K) NonClass: 101188K(101632K)->101188K(101632K) Class: 17941K(18752K)->17941K(18752K)
[158.562s][info][gc             ] GC(422) Pause Young (Normal) (G1 Evacuation Pause) 498M->477M(512M) 1.227ms
[158.563s][info][gc,cpu         ] GC(422) User=0.00s Sys=0.00s Real=0.00s
[158.564s][info][gc,start       ] GC(423) Pause Young (Normal) (G1 Evacuation Pause)
[158.564s][info][gc,task        ] GC(423) Using 12 workers of 33 for evacuation
[158.565s][info][gc,phases      ] GC(423)   Pre Evacuate Collection Set: 0.1ms
[158.565s][info][gc,phases      ] GC(423)   Merge Heap Roots: 0.0ms
[158.565s][info][gc,phases      ] GC(423)   Evacuate Collection Set: 0.6ms
[158.565s][info][gc,phases      ] GC(423)   Post Evacuate Collection Set: 0.3ms
[158.565s][info][gc,phases      ] GC(423)   Other: 0.1ms
[158.565s][info][gc,heap        ] GC(423) Eden regions: 21->0(22)
[158.565s][info][gc,heap        ] GC(423) Survivor regions: 4->3(4)
[158.565s][info][gc,heap        ] GC(423) Old regions: 70->71
[158.565s][info][gc,heap        ] GC(423) Archive regions: 0->0
[158.565s][info][gc,heap        ] GC(423) Humongous regions: 406->406
[158.566s][info][gc,metaspace   ] GC(423) Metaspace: 119131K(120384K)->119131K(120384K) NonClass: 101189K(101632K)->101189K(101632K) Class: 17941K(18752K)->17941K(18752K)
[158.566s][info][gc             ] GC(423) Pause Young (Normal) (G1 Evacuation Pause) 498M->477M(512M) 1.267ms
[158.566s][info][gc,cpu         ] GC(423) User=0.00s Sys=0.00s Real=0.00s
[158.567s][info][gc,marking     ] GC(413) Concurrent Mark From Roots 30.421ms
[158.567s][info][gc,marking     ] GC(413) Concurrent Preclean
[158.567s][info][gc,start       ] GC(424) Pause Young (Normal) (G1 Evacuation Pause)
[158.567s][info][gc,task        ] GC(424) Using 12 workers of 33 for evacuation
[158.568s][info][gc,phases      ] GC(424)   Pre Evacuate Collection Set: 0.1ms
[158.568s][info][gc,phases      ] GC(424)   Merge Heap Roots: 0.0ms
[158.568s][info][gc,phases      ] GC(424)   Evacuate Collection Set: 0.5ms
[158.568s][info][gc,phases      ] GC(424)   Post Evacuate Collection Set: 0.3ms
[158.568s][info][gc,phases      ] GC(424)   Other: 0.1ms
[158.568s][info][gc,heap        ] GC(424) Eden regions: 22->0(22)
[158.568s][info][gc,heap        ] GC(424) Survivor regions: 3->3(4)
[158.568s][info][gc,heap        ] GC(424) Old regions: 71->72
[158.568s][info][gc,heap        ] GC(424) Archive regions: 0->0
[158.568s][info][gc,heap        ] GC(424) Humongous regions: 410->410
[158.569s][info][gc,metaspace   ] GC(424) Metaspace: 119140K(120384K)->119140K(120384K) NonClass: 101196K(101632K)->101196K(101632K) Class: 17944K(18752K)->17944K(18752K)
[158.569s][info][gc             ] GC(424) Pause Young (Normal) (G1 Evacuation Pause) 503M->482M(512M) 1.225ms
[158.569s][info][gc,cpu         ] GC(424) User=0.00s Sys=0.00s Real=0.00s
[158.569s][info][gc,marking     ] GC(413) Concurrent Preclean 2.118ms
[158.569s][info][gc,start       ] GC(413) Pause Remark
[158.570s][info][gc             ] GC(413) Pause Remark 483M->476M(512M) 1.345ms
[158.570s][info][gc,cpu         ] GC(413) User=0.00s Sys=0.00s Real=0.00s
[158.570s][info][gc,marking     ] GC(413) Concurrent Mark 34.122ms
[158.570s][info][gc,marking     ] GC(413) Concurrent Rebuild Remembered Sets and Scrub Regions
[158.572s][info][gc,start       ] GC(425) Pause Young (Normal) (G1 Evacuation Pause)
[158.572s][info][gc,task        ] GC(425) Using 12 workers of 33 for evacuation
[158.573s][info][gc,phases      ] GC(425)   Pre Evacuate Collection Set: 0.1ms
[158.573s][info][gc,phases      ] GC(425)   Merge Heap Roots: 0.1ms
[158.573s][info][gc,phases      ] GC(425)   Evacuate Collection Set: 0.6ms
[158.573s][info][gc,phases      ] GC(425)   Post Evacuate Collection Set: 0.3ms
[158.573s][info][gc,phases      ] GC(425)   Other: 0.1ms
[158.573s][info][gc,heap        ] GC(425) Eden regions: 22->0(23)
[158.573s][info][gc,heap        ] GC(425) Survivor regions: 3->2(4)
[158.573s][info][gc,heap        ] GC(425) Old regions: 72->73
[158.573s][info][gc,heap        ] GC(425) Archive regions: 0->0
[158.573s][info][gc,heap        ] GC(425) Humongous regions: 404->404
[158.573s][info][gc,metaspace   ] GC(425) Metaspace: 119145K(120448K)->119145K(120448K) NonClass: 101201K(101696K)->101201K(101696K) Class: 17944K(18752K)->17944K(18752K)
[158.573s][info][gc             ] GC(425) Pause Young (Normal) (G1 Evacuation Pause) 498M->476M(512M) 1.312ms
[158.573s][info][gc,cpu         ] GC(425) User=0.22s Sys=0.00s Real=0.02s
[158.575s][info][gc,start       ] GC(426) Pause Young (Normal) (G1 Evacuation Pause)
[158.576s][info][gc,task        ] GC(426) Using 12 workers of 33 for evacuation
[158.577s][info][gc,phases      ] GC(426)   Pre Evacuate Collection Set: 0.1ms
[158.577s][info][gc,phases      ] GC(426)   Merge Heap Roots: 0.0ms
[158.577s][info][gc,phases      ] GC(426)   Evacuate Collection Set: 0.5ms
[158.577s][info][gc,phases      ] GC(426)   Post Evacuate Collection Set: 0.3ms
[158.577s][info][gc,phases      ] GC(426)   Other: 0.1ms
[158.577s][info][gc,heap        ] GC(426) Eden regions: 23->0(23)
[158.577s][info][gc,heap        ] GC(426) Survivor regions: 2->2(4)
[158.577s][info][gc,heap        ] GC(426) Old regions: 73->73
[158.577s][info][gc,heap        ] GC(426) Archive regions: 0->0
[158.577s][info][gc,heap        ] GC(426) Humongous regions: 404->404
[158.577s][info][gc,metaspace   ] GC(426) Metaspace: 119145K(120448K)->119145K(120448K) NonClass: 101201K(101696K)->101201K(101696K) Class: 17944K(18752K)->17944K(18752K)
[158.577s][info][gc             ] GC(426) Pause Young (Normal) (G1 Evacuation Pause) 499M->476M(512M) 1.190ms
[158.577s][info][gc,cpu         ] GC(426) User=0.00s Sys=0.00s Real=0.00s
[158.579s][info][gc,start       ] GC(427) Pause Young (Normal) (G1 Evacuation Pause)
[158.579s][info][gc,task        ] GC(427) Using 12 workers of 33 for evacuation
[158.580s][info][gc,phases      ] GC(427)   Pre Evacuate Collection Set: 0.1ms
[158.580s][info][gc,phases      ] GC(427)   Merge Heap Roots: 0.1ms
[158.580s][info][gc,phases      ] GC(427)   Evacuate Collection Set: 0.5ms
[158.580s][info][gc,phases      ] GC(427)   Post Evacuate Collection Set: 0.3ms
[158.580s][info][gc,phases      ] GC(427)   Other: 0.1ms
[158.580s][info][gc,heap        ] GC(427) Eden regions: 23->0(22)
[158.580s][info][gc,heap        ] GC(427) Survivor regions: 2->3(4)
[158.580s][info][gc,heap        ] GC(427) Old regions: 73->73
[158.580s][info][gc,heap        ] GC(427) Archive regions: 0->0
[158.580s][info][gc,heap        ] GC(427) Humongous regions: 405->405
[158.580s][info][gc,metaspace   ] GC(427) Metaspace: 119147K(120448K)->119147K(120448K) NonClass: 101202K(101696K)->101202K(101696K) Class: 17944K(18752K)->17944K(18752K)
[158.580s][info][gc             ] GC(427) Pause Young (Normal) (G1 Evacuation Pause) 500M->478M(512M) 1.277ms
[158.580s][info][gc,cpu         ] GC(427) User=0.00s Sys=0.00s Real=0.00s
[158.582s][info][gc,marking     ] GC(413) Concurrent Rebuild Remembered Sets and Scrub Regions 11.278ms
[158.582s][info][gc,start       ] GC(413) Pause Cleanup
[158.582s][info][gc             ] GC(413) Pause Cleanup 496M->496M(512M) 0.144ms
[158.582s][info][gc,cpu         ] GC(413) User=0.00s Sys=0.00s Real=0.00s
[158.582s][info][gc,marking     ] GC(413) Concurrent Clear Claimed Marks
[158.582s][info][gc,marking     ] GC(413) Concurrent Clear Claimed Marks 0.231ms
[158.582s][info][gc,marking     ] GC(413) Concurrent Cleanup for Next Mark
[158.582s][info][gc,start       ] GC(428) Pause Young (Prepare Mixed) (G1 Evacuation Pause)
[158.582s][info][gc,task        ] GC(428) Using 12 workers of 33 for evacuation
[158.584s][info][gc,phases      ] GC(428)   Pre Evacuate Collection Set: 0.1ms
[158.584s][info][gc,phases      ] GC(428)   Merge Heap Roots: 0.1ms
[158.584s][info][gc,phases      ] GC(428)   Evacuate Collection Set: 0.6ms
[158.584s][info][gc,phases      ] GC(428)   Post Evacuate Collection Set: 0.3ms
[158.584s][info][gc,phases      ] GC(428)   Other: 0.1ms
[158.584s][info][gc,heap        ] GC(428) Eden regions: 22->0(22)
[158.584s][info][gc,heap        ] GC(428) Survivor regions: 3->3(4)
[158.584s][info][gc,heap        ] GC(428) Old regions: 73->73
[158.584s][info][gc,heap        ] GC(428) Archive regions: 0->0
[158.584s][info][gc,heap        ] GC(428) Humongous regions: 406->406
[158.584s][info][gc,metaspace   ] GC(428) Metaspace: 119155K(120448K)->119155K(120448K) NonClass: 101210K(101696K)->101210K(101696K) Class: 17944K(18752K)->17944K(18752K)
[158.584s][info][gc             ] GC(428) Pause Young (Prepare Mixed) (G1 Evacuation Pause) 501M->479M(512M) 1.384ms
[158.584s][info][gc,cpu         ] GC(428) User=0.00s Sys=0.00s Real=0.00s
[158.584s][info][gc,marking     ] GC(413) Concurrent Cleanup for Next Mark 2.129ms
[158.585s][info][gc             ] GC(413) Concurrent Mark Cycle 50.936ms
[158.586s][info][gc,start       ] GC(429) Pause Young (Mixed) (G1 Evacuation Pause)
[158.586s][info][gc,task        ] GC(429) Using 12 workers of 33 for evacuation
[158.587s][info][gc,phases      ] GC(429)   Pre Evacuate Collection Set: 0.1ms
[158.587s][info][gc,phases      ] GC(429)   Merge Heap Roots: 0.0ms
[158.588s][info][gc,phases      ] GC(429)   Evacuate Collection Set: 0.7ms
[158.588s][info][gc,phases      ] GC(429)   Post Evacuate Collection Set: 0.3ms
[158.588s][info][gc,phases      ] GC(429)   Other: 0.1ms
[158.588s][info][gc,heap        ] GC(429) Eden regions: 22->0(23)
[158.588s][info][gc,heap        ] GC(429) Survivor regions: 3->2(4)
[158.588s][info][gc,heap        ] GC(429) Old regions: 73->73
[158.588s][info][gc,heap        ] GC(429) Archive regions: 0->0
[158.588s][info][gc,heap        ] GC(429) Humongous regions: 408->407
[158.588s][info][gc,metaspace   ] GC(429) Metaspace: 119161K(120448K)->119161K(120448K) NonClass: 101214K(101696K)->101214K(101696K) Class: 17946K(18752K)->17946K(18752K)
[158.588s][info][gc             ] GC(429) Pause Young (Mixed) (G1 Evacuation Pause) 503M->479M(512M) 1.410ms
[158.588s][info][gc,cpu         ] GC(429) User=0.00s Sys=0.00s Real=0.00s
[158.588s][info][gc,start       ] GC(430) Pause Young (Concurrent Start) (G1 Humongous Allocation)
[158.588s][info][gc,task        ] GC(430) Using 12 workers of 33 for evacuation
[158.590s][info][gc,phases      ] GC(430)   Pre Evacuate Collection Set: 0.2ms
[158.590s][info][gc,phases      ] GC(430)   Merge Heap Roots: 0.0ms
[158.590s][info][gc,phases      ] GC(430)   Evacuate Collection Set: 1.0ms
[158.590s][info][gc,phases      ] GC(430)   Post Evacuate Collection Set: 0.3ms
[158.590s][info][gc,phases      ] GC(430)   Other: 0.1ms
[158.590s][info][gc,heap        ] GC(430) Eden regions: 5->0(23)
[158.590s][info][gc,heap        ] GC(430) Survivor regions: 2->2(4)
[158.590s][info][gc,heap        ] GC(430) Old regions: 73->73
[158.590s][info][gc,heap        ] GC(430) Archive regions: 0->0
[158.590s][info][gc,heap        ] GC(430) Humongous regions: 407->407
[158.590s][info][gc,metaspace   ] GC(430) Metaspace: 119165K(120448K)->119165K(120448K) NonClass: 101217K(101696K)->101217K(101696K) Class: 17947K(18752K)->17947K(18752K)
[158.590s][info][gc             ] GC(430) Pause Young (Concurrent Start) (G1 Humongous Allocation) 484M->479M(512M) 1.764ms
[158.590s][info][gc,cpu         ] GC(430) User=0.00s Sys=0.00s Real=0.00s
[158.590s][info][gc             ] GC(431) Concurrent Mark Cycle
[158.590s][info][gc,marking     ] GC(431) Concurrent Scan Root Regions
[158.592s][info][gc,start       ] GC(432) Pause Young (Normal) (G1 Evacuation Pause)
[158.592s][info][gc,task        ] GC(432) Using 12 workers of 33 for evacuation
[158.594s][info][gc,marking     ] GC(431) Concurrent Scan Root Regions 3.577ms
[158.594s][info][gc,marking     ] GC(431) Concurrent Mark
[158.594s][info][gc,marking     ] GC(431) Concurrent Mark From Roots
[158.594s][info][gc,task        ] GC(431) Using 8 workers of 8 for marking
[158.595s][info][gc,phases      ] GC(432)   Pre Evacuate Collection Set: 1.6ms
[158.595s][info][gc,phases      ] GC(432)   Merge Heap Roots: 0.0ms
[158.595s][info][gc,phases      ] GC(432)   Evacuate Collection Set: 0.5ms
[158.595s][info][gc,phases      ] GC(432)   Post Evacuate Collection Set: 0.3ms
[158.595s][info][gc,phases      ] GC(432)   Other: 0.1ms
[158.595s][info][gc,heap        ] GC(432) Eden regions: 23->0(23)
[158.595s][info][gc,heap        ] GC(432) Survivor regions: 2->2(4)
[158.595s][info][gc,heap        ] GC(432) Old regions: 73->73
[158.595s][info][gc,heap        ] GC(432) Archive regions: 0->0
[158.595s][info][gc,heap        ] GC(432) Humongous regions: 408->408
[158.595s][info][gc,metaspace   ] GC(432) Metaspace: 119172K(120448K)->119172K(120448K) NonClass: 101223K(101696K)->101223K(101696K) Class: 17948K(18752K)->17948K(18752K)
[158.595s][info][gc             ] GC(432) Pause Young (Normal) (G1 Evacuation Pause) 503M->480M(512M) 2.721ms
[158.595s][info][gc,cpu         ] GC(432) User=0.00s Sys=0.00s Real=0.00s
[158.597s][info][gc,start       ] GC(433) Pause Young (Normal) (G1 Evacuation Pause)
[158.597s][info][gc,task        ] GC(433) Using 12 workers of 33 for evacuation
[158.598s][info][gc,phases      ] GC(433)   Pre Evacuate Collection Set: 0.1ms
[158.598s][info][gc,phases      ] GC(433)   Merge Heap Roots: 0.0ms
[158.598s][info][gc,phases      ] GC(433)   Evacuate Collection Set: 0.6ms
[158.598s][info][gc,phases      ] GC(433)   Post Evacuate Collection Set: 0.3ms
[158.598s][info][gc,phases      ] GC(433)   Other: 0.1ms
[158.598s][info][gc,heap        ] GC(433) Eden regions: 23->0(22)
[158.598s][info][gc,heap        ] GC(433) Survivor regions: 2->3(4)
[158.598s][info][gc,heap        ] GC(433) Old regions: 73->73
[158.598s][info][gc,heap        ] GC(433) Archive regions: 0->0
[158.598s][info][gc,heap        ] GC(433) Humongous regions: 408->408
[158.598s][info][gc,metaspace   ] GC(433) Metaspace: 119180K(120448K)->119180K(120448K) NonClass: 101229K(101696K)->101229K(101696K) Class: 17950K(18752K)->17950K(18752K)
[158.598s][info][gc             ] GC(433) Pause Young (Normal) (G1 Evacuation Pause) 503M->481M(512M) 1.310ms
[158.598s][info][gc,cpu         ] GC(433) User=0.00s Sys=0.00s Real=0.00s
[158.601s][info][gc,start       ] GC(434) Pause Young (Normal) (G1 Evacuation Pause)
[158.601s][info][gc,task        ] GC(434) Using 12 workers of 33 for evacuation
[158.602s][info][gc,phases      ] GC(434)   Pre Evacuate Collection Set: 0.1ms
[158.602s][info][gc,phases      ] GC(434)   Merge Heap Roots: 0.0ms
[158.602s][info][gc,phases      ] GC(434)   Evacuate Collection Set: 0.7ms
[158.602s][info][gc,phases      ] GC(434)   Post Evacuate Collection Set: 0.4ms
[158.602s][info][gc,phases      ] GC(434)   Other: 0.1ms
[158.602s][info][gc,heap        ] GC(434) Eden regions: 22->0(10)
[158.602s][info][gc,heap        ] GC(434) Survivor regions: 3->1(1)
[158.602s][info][gc,heap        ] GC(434) Old regions: 73->87
[158.602s][info][gc,heap        ] GC(434) Archive regions: 0->0
[158.602s][info][gc,heap        ] GC(434) Humongous regions: 413->413
[158.602s][info][gc,metaspace   ] GC(434) Metaspace: 119188K(120448K)->119188K(120448K) NonClass: 101235K(101696K)->101235K(101696K) Class: 17953K(18752K)->17953K(18752K)
[158.602s][info][gc             ] GC(434) Pause Young (Normal) (G1 Evacuation Pause) (Evacuation Failure) 508M->498M(512M) 1.515ms
[158.602s][info][gc,cpu         ] GC(434) User=0.00s Sys=0.00s Real=0.00s
[158.604s][info][gc,start       ] GC(435) Pause Young (Normal) (G1 Evacuation Pause)
[158.604s][info][gc,task        ] GC(435) Using 12 workers of 33 for evacuation
[158.605s][info][gc,phases      ] GC(435)   Pre Evacuate Collection Set: 0.1ms
[158.605s][info][gc,phases      ] GC(435)   Merge Heap Roots: 0.0ms
[158.605s][info][gc,phases      ] GC(435)   Evacuate Collection Set: 0.6ms
[158.605s][info][gc,phases      ] GC(435)   Post Evacuate Collection Set: 0.3ms
[158.605s][info][gc,phases      ] GC(435)   Other: 0.0ms
[158.605s][info][gc,heap        ] GC(435) Eden regions: 10->0(8)
[158.605s][info][gc,heap        ] GC(435) Survivor regions: 1->1(1)
[158.605s][info][gc,heap        ] GC(435) Old regions: 87->89
[158.605s][info][gc,heap        ] GC(435) Archive regions: 0->0
[158.605s][info][gc,heap        ] GC(435) Humongous regions: 413->413
[158.605s][info][gc,metaspace   ] GC(435) Metaspace: 119203K(120512K)->119203K(120512K) NonClass: 101248K(101760K)->101248K(101760K) Class: 17955K(18752K)->17955K(18752K)
[158.605s][info][gc             ] GC(435) Pause Young (Normal) (G1 Evacuation Pause) (Evacuation Failure) 508M->500M(512M) 1.287ms
[158.605s][info][gc,cpu         ] GC(435) User=0.00s Sys=0.00s Real=0.00s
[158.606s][info][gc,start       ] GC(436) Pause Young (Normal) (G1 Evacuation Pause)
[158.606s][info][gc,task        ] GC(436) Using 12 workers of 33 for evacuation
[158.608s][info][gc,phases      ] GC(436)   Pre Evacuate Collection Set: 0.1ms
[158.608s][info][gc,phases      ] GC(436)   Merge Heap Roots: 0.0ms
[158.608s][info][gc,phases      ] GC(436)   Evacuate Collection Set: 0.5ms
[158.608s][info][gc,phases      ] GC(436)   Post Evacuate Collection Set: 0.4ms
[158.608s][info][gc,phases      ] GC(436)   Other: 0.1ms
[158.608s][info][gc,heap        ] GC(436) Eden regions: 8->0(0)
[158.608s][info][gc,heap        ] GC(436) Survivor regions: 1->0(0)
[158.608s][info][gc,heap        ] GC(436) Old regions: 89->98
[158.608s][info][gc,heap        ] GC(436) Archive regions: 0->0
[158.608s][info][gc,heap        ] GC(436) Humongous regions: 414->414
[158.608s][info][gc,metaspace   ] GC(436) Metaspace: 119211K(120512K)->119211K(120512K) NonClass: 101254K(101760K)->101254K(101760K) Class: 17957K(18752K)->17957K(18752K)
[158.608s][info][gc             ] GC(436) Pause Young (Normal) (G1 Evacuation Pause) (Evacuation Failure) 509M->509M(512M) 1.303ms
[158.608s][info][gc,cpu         ] GC(436) User=0.00s Sys=0.00s Real=0.00s
[158.608s][info][gc,ergo        ] Attempting full compaction
[158.608s][info][gc,start       ] GC(437) Pause Full (G1 Compaction Pause)
[158.608s][info][gc,task        ] GC(437) Using 12 workers of 33 for full compaction
[158.608s][info][gc,phases,start] GC(437) Phase 1: Mark live objects
[158.632s][info][gc,phases      ] GC(437) Phase 1: Mark live objects 23.736ms
[158.632s][info][gc,phases,start] GC(437) Phase 2: Prepare compaction
[158.634s][info][gc,phases      ] GC(437) Phase 2: Prepare compaction 1.555ms
[158.634s][info][gc,phases,start] GC(437) Phase 3: Adjust pointers
[158.638s][info][gc,phases      ] GC(437) Phase 3: Adjust pointers 3.808ms
[158.638s][info][gc,phases,start] GC(437) Phase 4: Compact heap
[158.639s][info][gc,phases      ] GC(437) Phase 4: Compact heap 0.934ms
[158.646s][info][gc,heap        ] GC(437) Eden regions: 0->0(25)
[158.646s][info][gc,heap        ] GC(437) Survivor regions: 0->0(0)
[158.646s][info][gc,heap        ] GC(437) Old regions: 98->67
[158.646s][info][gc,heap        ] GC(437) Archive regions: 0->0
[158.646s][info][gc,heap        ] GC(437) Humongous regions: 414->411
[158.646s][info][gc,metaspace   ] GC(437) Metaspace: 119211K(120512K)->119209K(120512K) NonClass: 101254K(101760K)->101253K(101760K) Class: 17957K(18752K)->17956K(18752K)
[158.647s][info][gc             ] GC(437) Pause Full (G1 Compaction Pause) 509M->471M(512M) 38.832ms
[158.647s][info][gc,cpu         ] GC(437) User=0.39s Sys=0.00s Real=0.05s
[158.647s][info][gc,marking     ] GC(431) Concurrent Mark From Roots 53.038ms
[158.647s][info][gc,marking     ] GC(431) Concurrent Mark Abort
[158.647s][info][gc             ] GC(431) Concurrent Mark Cycle 56.767ms
[158.652s][info][gc,start       ] GC(438) Pause Young (Concurrent Start) (G1 Humongous Allocation)
[158.652s][info][gc,task        ] GC(438) Using 12 workers of 33 for evacuation
[158.655s][info][gc,phases      ] GC(438)   Pre Evacuate Collection Set: 0.2ms
[158.701s][info][gc,phases      ] GC(438)   Merge Heap Roots: 0.1ms
[158.701s][info][gc,phases      ] GC(438)   Evacuate Collection Set: 1.5ms
[158.701s][info][gc,phases      ] GC(438)   Post Evacuate Collection Set: 0.5ms
[158.701s][info][gc,phases      ] GC(438)   Other: 0.1ms
[158.701s][info][gc,heap        ] GC(438) Eden regions: 18->0(23)
[158.701s][info][gc,heap        ] GC(438) Survivor regions: 0->2(4)
[158.701s][info][gc,heap        ] GC(438) Old regions: 67->67
[158.701s][info][gc,heap        ] GC(438) Archive regions: 0->0
[158.701s][info][gc,heap        ] GC(438) Humongous regions: 411->411
[158.701s][info][gc,metaspace   ] GC(438) Metaspace: 119233K(120512K)->119233K(120512K) NonClass: 101271K(101760K)->101271K(101760K) Class: 17962K(18752K)->17962K(18752K)
[158.701s][info][gc             ] GC(438) Pause Young (Concurrent Start) (G1 Humongous Allocation) 489M->472M(512M) 49.176ms
[158.701s][info][gc             ] GC(439) Concurrent Mark Cycle
[158.701s][info][gc,cpu         ] GC(438) User=0.00s Sys=0.00s Real=0.05s
[158.701s][info][gc,marking     ] GC(439) Concurrent Scan Root Regions
[158.705s][info][gc,start       ] GC(440) Pause Young (Normal) (G1 Evacuation Pause)
[158.705s][info][gc,task        ] GC(440) Using 12 workers of 33 for evacuation
[158.705s][info][gc,marking     ] GC(439) Concurrent Scan Root Regions 3.627ms
[158.705s][info][gc,marking     ] GC(439) Concurrent Mark
[158.705s][info][gc,marking     ] GC(439) Concurrent Mark From Roots
[158.705s][info][gc,task        ] GC(439) Using 8 workers of 8 for marking
[158.708s][info][gc,phases      ] GC(440)   Pre Evacuate Collection Set: 0.5ms
[158.708s][info][gc,phases      ] GC(440)   Merge Heap Roots: 0.1ms
[158.708s][info][gc,phases      ] GC(440)   Evacuate Collection Set: 1.5ms
[158.708s][info][gc,phases      ] GC(440)   Post Evacuate Collection Set: 0.7ms
[158.708s][info][gc,phases      ] GC(440)   Other: 0.1ms
[158.708s][info][gc,heap        ] GC(440) Eden regions: 23->0(23)
[158.708s][info][gc,heap        ] GC(440) Survivor regions: 2->2(4)
[158.708s][info][gc,heap        ] GC(440) Old regions: 67->67
[158.708s][info][gc,heap        ] GC(440) Archive regions: 0->0
[158.708s][info][gc,heap        ] GC(440) Humongous regions: 413->413
[158.708s][info][gc,metaspace   ] GC(440) Metaspace: 119240K(120512K)->119240K(120512K) NonClass: 101277K(101760K)->101277K(101760K) Class: 17962K(18752K)->17962K(18752K)
[158.708s][info][gc             ] GC(440) Pause Young (Normal) (G1 Evacuation Pause) 497M->474M(512M) 3.419ms
[158.708s][info][gc,cpu         ] GC(440) User=0.00s Sys=0.00s Real=0.00s
[158.711s][info][gc,start       ] GC(441) Pause Young (Normal) (G1 Evacuation Pause)
[158.711s][info][gc,task        ] GC(441) Using 12 workers of 33 for evacuation
[158.714s][info][gc,phases      ] GC(441)   Pre Evacuate Collection Set: 0.2ms
[158.714s][info][gc,phases      ] GC(441)   Merge Heap Roots: 0.1ms
[158.714s][info][gc,phases      ] GC(441)   Evacuate Collection Set: 1.6ms
[158.714s][info][gc,phases      ] GC(441)   Post Evacuate Collection Set: 0.7ms
[158.714s][info][gc,phases      ] GC(441)   Other: 0.1ms
[158.714s][info][gc,heap        ] GC(441) Eden regions: 23->0(22)
[158.714s][info][gc,heap        ] GC(441) Survivor regions: 2->3(4)
[158.714s][info][gc,heap        ] GC(441) Old regions: 67->67
[158.714s][info][gc,heap        ] GC(441) Archive regions: 0->0
[158.714s][info][gc,heap        ] GC(441) Humongous regions: 413->413
[158.714s][info][gc,metaspace   ] GC(441) Metaspace: 119246K(120512K)->119246K(120512K) NonClass: 101281K(101760K)->101281K(101760K) Class: 17964K(18752K)->17964K(18752K)
[158.714s][info][gc             ] GC(441) Pause Young (Normal) (G1 Evacuation Pause) 497M->475M(512M) 3.139ms
[158.714s][info][gc,cpu         ] GC(441) User=0.00s Sys=0.00s Real=0.00s
[158.718s][info][gc,start       ] GC(442) Pause Young (Normal) (G1 Evacuation Pause)
[158.718s][info][gc,task        ] GC(442) Using 12 workers of 33 for evacuation
[158.720s][info][gc,phases      ] GC(442)   Pre Evacuate Collection Set: 0.2ms
[158.720s][info][gc,phases      ] GC(442)   Merge Heap Roots: 0.1ms
[158.720s][info][gc,phases      ] GC(442)   Evacuate Collection Set: 1.3ms
[158.720s][info][gc,phases      ] GC(442)   Post Evacuate Collection Set: 0.6ms
[158.720s][info][gc,phases      ] GC(442)   Other: 0.1ms
[158.720s][info][gc,heap        ] GC(442) Eden regions: 22->0(22)
[158.720s][info][gc,heap        ] GC(442) Survivor regions: 3->3(4)
[158.720s][info][gc,heap        ] GC(442) Old regions: 67->67
[158.720s][info][gc,heap        ] GC(442) Archive regions: 0->0
[158.720s][info][gc,heap        ] GC(442) Humongous regions: 413->413
[158.720s][info][gc,metaspace   ] GC(442) Metaspace: 119250K(120512K)->119250K(120512K) NonClass: 101284K(101760K)->101284K(101760K) Class: 17965K(18752K)->17965K(18752K)
[158.720s][info][gc             ] GC(442) Pause Young (Normal) (G1 Evacuation Pause) 497M->475M(512M) 2.620ms
[158.720s][info][gc,cpu         ] GC(442) User=0.23s Sys=0.00s Real=0.02s
[158.724s][info][gc,start       ] GC(443) Pause Young (Normal) (G1 Evacuation Pause)
[158.724s][info][gc,task        ] GC(443) Using 12 workers of 33 for evacuation
[158.726s][info][gc,phases      ] GC(443)   Pre Evacuate Collection Set: 0.1ms
[158.726s][info][gc,phases      ] GC(443)   Merge Heap Roots: 0.1ms
[158.726s][info][gc,phases      ] GC(443)   Evacuate Collection Set: 1.2ms
[158.726s][info][gc,phases      ] GC(443)   Post Evacuate Collection Set: 0.5ms
[158.726s][info][gc,phases      ] GC(443)   Other: 0.1ms
[158.726s][info][gc,heap        ] GC(443) Eden regions: 22->0(23)
[158.726s][info][gc,heap        ] GC(443) Survivor regions: 3->2(4)
[158.726s][info][gc,heap        ] GC(443) Old regions: 67->67
[158.726s][info][gc,heap        ] GC(443) Archive regions: 0->0
[158.726s][info][gc,heap        ] GC(443) Humongous regions: 414->414
[158.726s][info][gc,metaspace   ] GC(443) Metaspace: 119255K(120512K)->119255K(120512K) NonClass: 101287K(101760K)->101287K(101760K) Class: 17967K(18752K)->17967K(18752K)
[158.726s][info][gc             ] GC(443) Pause Young (Normal) (G1 Evacuation Pause) 498M->476M(512M) 2.530ms
[158.726s][info][gc,cpu         ] GC(443) User=0.00s Sys=0.00s Real=0.00s
[158.729s][info][gc,start       ] GC(444) Pause Young (Normal) (G1 Evacuation Pause)
[158.729s][info][gc,task        ] GC(444) Using 12 workers of 33 for evacuation
[158.731s][info][gc,phases      ] GC(444)   Pre Evacuate Collection Set: 0.1ms
[158.731s][info][gc,phases      ] GC(444)   Merge Heap Roots: 0.1ms
[158.731s][info][gc,phases      ] GC(444)   Evacuate Collection Set: 0.9ms
[158.731s][info][gc,phases      ] GC(444)   Post Evacuate Collection Set: 0.5ms
[158.731s][info][gc,phases      ] GC(444)   Other: 0.1ms
[158.731s][info][gc,heap        ] GC(444) Eden regions: 23->0(22)
[158.731s][info][gc,heap        ] GC(444) Survivor regions: 2->3(4)
[158.731s][info][gc,heap        ] GC(444) Old regions: 67->67
[158.731s][info][gc,heap        ] GC(444) Archive regions: 0->0
[158.731s][info][gc,heap        ] GC(444) Humongous regions: 414->414
[158.731s][info][gc,metaspace   ] GC(444) Metaspace: 119259K(120512K)->119259K(120512K) NonClass: 101291K(101760K)->101291K(101760K) Class: 17968K(18752K)->17968K(18752K)
[158.731s][info][gc             ] GC(444) Pause Young (Normal) (G1 Evacuation Pause) 499M->476M(512M) 2.032ms
[158.731s][info][gc,cpu         ] GC(444) User=0.00s Sys=0.00s Real=0.00s
[158.734s][info][gc,start       ] GC(445) Pause Young (Normal) (G1 Evacuation Pause)
[158.734s][info][gc,task        ] GC(445) Using 12 workers of 33 for evacuation
[158.736s][info][gc,phases      ] GC(445)   Pre Evacuate Collection Set: 0.1ms
[158.736s][info][gc,phases      ] GC(445)   Merge Heap Roots: 0.1ms
[158.736s][info][gc,phases      ] GC(445)   Evacuate Collection Set: 1.1ms
[158.736s][info][gc,phases      ] GC(445)   Post Evacuate Collection Set: 0.5ms
[158.736s][info][gc,phases      ] GC(445)   Other: 0.1ms
[158.736s][info][gc,heap        ] GC(445) Eden regions: 22->0(22)
[158.736s][info][gc,heap        ] GC(445) Survivor regions: 3->3(4)
[158.736s][info][gc,heap        ] GC(445) Old regions: 67->68
[158.736s][info][gc,heap        ] GC(445) Archive regions: 0->0
[158.736s][info][gc,heap        ] GC(445) Humongous regions: 415->415
[158.736s][info][gc,metaspace   ] GC(445) Metaspace: 119264K(120576K)->119264K(120576K) NonClass: 101294K(101824K)->101294K(101824K) Class: 17969K(18752K)->17969K(18752K)
[158.736s][info][gc             ] GC(445) Pause Young (Normal) (G1 Evacuation Pause) 499M->478M(512M) 2.142ms
[158.736s][info][gc,cpu         ] GC(445) User=0.00s Sys=0.00s Real=0.00s
[158.739s][info][gc,start       ] GC(446) Pause Young (Normal) (G1 Evacuation Pause)
[158.739s][info][gc,task        ] GC(446) Using 12 workers of 33 for evacuation
[158.741s][info][gc,phases      ] GC(446)   Pre Evacuate Collection Set: 0.1ms
[158.741s][info][gc,phases      ] GC(446)   Merge Heap Roots: 0.1ms
[158.741s][info][gc,phases      ] GC(446)   Evacuate Collection Set: 0.8ms
[158.741s][info][gc,phases      ] GC(446)   Post Evacuate Collection Set: 0.5ms
[158.741s][info][gc,phases      ] GC(446)   Other: 0.1ms
[158.741s][info][gc,heap        ] GC(446) Eden regions: 22->0(22)
[158.741s][info][gc,heap        ] GC(446) Survivor regions: 3->2(2)
[158.741s][info][gc,heap        ] GC(446) Old regions: 68->69
[158.741s][info][gc,heap        ] GC(446) Archive regions: 0->0
[158.741s][info][gc,heap        ] GC(446) Humongous regions: 417->417
[158.741s][info][gc,metaspace   ] GC(446) Metaspace: 119277K(120576K)->119277K(120576K) NonClass: 101305K(101824K)->101305K(101824K) Class: 17971K(18752K)->17971K(18752K)
[158.741s][info][gc             ] GC(446) Pause Young (Normal) (G1 Evacuation Pause) (Evacuation Failure) 502M->481M(512M) 1.885ms
[158.741s][info][gc,cpu         ] GC(446) User=0.00s Sys=0.00s Real=0.00s
[158.744s][info][gc,start       ] GC(447) Pause Young (Normal) (G1 Evacuation Pause)
[158.744s][info][gc,task        ] GC(447) Using 12 workers of 33 for evacuation
[158.745s][info][gc,phases      ] GC(447)   Pre Evacuate Collection Set: 0.1ms
[158.745s][info][gc,phases      ] GC(447)   Merge Heap Roots: 0.0ms
[158.745s][info][gc,phases      ] GC(447)   Evacuate Collection Set: 0.7ms
[158.745s][info][gc,phases      ] GC(447)   Post Evacuate Collection Set: 0.5ms
[158.745s][info][gc,phases      ] GC(447)   Other: 0.1ms
[158.745s][info][gc,heap        ] GC(447) Eden regions: 22->0(15)
[158.745s][info][gc,heap        ] GC(447) Survivor regions: 2->1(2)
[158.745s][info][gc,heap        ] GC(447) Old regions: 69->78
[158.745s][info][gc,heap        ] GC(447) Archive regions: 0->0
[158.745s][info][gc,heap        ] GC(447) Humongous regions: 417->417
[158.745s][info][gc,metaspace   ] GC(447) Metaspace: 119280K(120576K)->119280K(120576K) NonClass: 101308K(101824K)->101308K(101824K) Class: 17972K(18752K)->17972K(18752K)
[158.745s][info][gc             ] GC(447) Pause Young (Normal) (G1 Evacuation Pause) (Evacuation Failure) 503M->489M(512M) 1.663ms
[158.745s][info][gc,cpu         ] GC(447) User=0.00s Sys=0.00s Real=0.00s
[158.747s][info][gc,start       ] GC(448) Pause Young (Normal) (G1 Evacuation Pause)
[158.747s][info][gc,task        ] GC(448) Using 12 workers of 33 for evacuation
[158.749s][info][gc,phases      ] GC(448)   Pre Evacuate Collection Set: 0.1ms
[158.749s][info][gc,phases      ] GC(448)   Merge Heap Roots: 0.0ms
[158.749s][info][gc,phases      ] GC(448)   Evacuate Collection Set: 0.8ms
[158.749s][info][gc,phases      ] GC(448)   Post Evacuate Collection Set: 0.6ms
[158.749s][info][gc,phases      ] GC(448)   Other: 0.1ms
[158.749s][info][gc,heap        ] GC(448) Eden regions: 15->0(4)
[158.749s][info][gc,heap        ] GC(448) Survivor regions: 1->0(0)
[158.749s][info][gc,heap        ] GC(448) Old regions: 78->90
[158.749s][info][gc,heap        ] GC(448) Archive regions: 0->0
[158.749s][info][gc,heap        ] GC(448) Humongous regions: 418->418
[158.749s][info][gc,metaspace   ] GC(448) Metaspace: 119283K(120576K)->119283K(120576K) NonClass: 101310K(101824K)->101310K(101824K) Class: 17973K(18752K)->17973K(18752K)
[158.749s][info][gc             ] GC(448) Pause Young (Normal) (G1 Evacuation Pause) (Evacuation Failure) 505M->501M(512M) 1.831ms
[158.749s][info][gc,cpu         ] GC(448) User=0.00s Sys=0.00s Real=0.00s
[158.750s][info][gc,start       ] GC(449) Pause Young (Normal) (G1 Evacuation Pause)
[158.750s][info][gc,task        ] GC(449) Using 12 workers of 33 for evacuation
[158.751s][info][gc,phases      ] GC(449)   Pre Evacuate Collection Set: 0.1ms
[158.751s][info][gc,phases      ] GC(449)   Merge Heap Roots: 0.0ms
[158.751s][info][gc,phases      ] GC(449)   Evacuate Collection Set: 0.7ms
[158.751s][info][gc,phases      ] GC(449)   Post Evacuate Collection Set: 0.4ms
[158.751s][info][gc,phases      ] GC(449)   Other: 0.0ms
[158.751s][info][gc,heap        ] GC(449) Eden regions: 4->0(0)
[158.751s][info][gc,heap        ] GC(449) Survivor regions: 0->0(0)
[158.751s][info][gc,heap        ] GC(449) Old regions: 90->94
[158.751s][info][gc,heap        ] GC(449) Archive regions: 0->0
[158.751s][info][gc,heap        ] GC(449) Humongous regions: 418->418
[158.751s][info][gc,metaspace   ] GC(449) Metaspace: 119288K(120576K)->119288K(120576K) NonClass: 101314K(101824K)->101314K(101824K) Class: 17974K(18752K)->17974K(18752K)
[158.751s][info][gc             ] GC(449) Pause Young (Normal) (G1 Evacuation Pause) (Evacuation Failure) 505M->505M(512M) 1.424ms
[158.751s][info][gc,cpu         ] GC(449) User=0.00s Sys=0.00s Real=0.00s
[158.751s][info][gc,ergo        ] Attempting full compaction
[158.751s][info][gc,start       ] GC(450) Pause Full (G1 Compaction Pause)
[158.751s][info][gc,task        ] GC(450) Using 12 workers of 33 for full compaction
[158.752s][info][gc,phases,start] GC(450) Phase 1: Mark live objects
[158.771s][info][gc,phases      ] GC(450) Phase 1: Mark live objects 18.922ms
[158.771s][info][gc,phases,start] GC(450) Phase 2: Prepare compaction
[158.773s][info][gc,phases      ] GC(450) Phase 2: Prepare compaction 1.431ms
[158.773s][info][gc,phases,start] GC(450) Phase 3: Adjust pointers
[158.776s][info][gc,phases      ] GC(450) Phase 3: Adjust pointers 3.678ms
[158.776s][info][gc,phases,start] GC(450) Phase 4: Compact heap
[158.777s][info][gc,phases      ] GC(450) Phase 4: Compact heap 0.464ms
[158.781s][info][gc,heap        ] GC(450) Eden regions: 0->0(25)
[158.782s][info][gc,heap        ] GC(450) Survivor regions: 0->0(0)
[158.782s][info][gc,heap        ] GC(450) Old regions: 94->66
[158.782s][info][gc,heap        ] GC(450) Archive regions: 0->0
[158.782s][info][gc,heap        ] GC(450) Humongous regions: 418->418
[158.782s][info][gc,metaspace   ] GC(450) Metaspace: 119288K(120576K)->119288K(120576K) NonClass: 101314K(101824K)->101314K(101824K) Class: 17974K(18752K)->17974K(18752K)
[158.782s][info][gc             ] GC(450) Pause Full (G1 Compaction Pause) 505M->476M(512M) 30.274ms
[158.782s][info][gc,cpu         ] GC(450) User=0.36s Sys=0.00s Real=0.03s
[158.782s][info][gc,marking     ] GC(439) Concurrent Mark From Roots 76.663ms
[158.782s][info][gc,marking     ] GC(439) Concurrent Mark Abort
[158.782s][info][gc             ] GC(439) Concurrent Mark Cycle 80.539ms
[158.784s][info][gc,start       ] GC(451) Pause Young (Concurrent Start) (G1 Humongous Allocation)
[158.785s][info][gc,task        ] GC(451) Using 12 workers of 33 for evacuation
[158.786s][info][gc,phases      ] GC(451)   Pre Evacuate Collection Set: 0.2ms
[158.786s][info][gc,phases      ] GC(451)   Merge Heap Roots: 0.0ms
[158.786s][info][gc,phases      ] GC(451)   Evacuate Collection Set: 1.0ms
[158.786s][info][gc,phases      ] GC(451)   Post Evacuate Collection Set: 0.4ms
[158.786s][info][gc,phases      ] GC(451)   Other: 0.1ms
[158.786s][info][gc,heap        ] GC(451) Eden regions: 9->0(24)
[158.786s][info][gc,heap        ] GC(451) Survivor regions: 0->1(4)
[158.786s][info][gc,heap        ] GC(451) Old regions: 66->66
[158.786s][info][gc,heap        ] GC(451) Archive regions: 0->0
[158.786s][info][gc,heap        ] GC(451) Humongous regions: 418->418
[158.786s][info][gc,metaspace   ] GC(451) Metaspace: 119294K(120576K)->119294K(120576K) NonClass: 101318K(101824K)->101318K(101824K) Class: 17976K(18752K)->17976K(18752K)
[158.787s][info][gc             ] GC(451) Pause Young (Concurrent Start) (G1 Humongous Allocation) 485M->477M(512M) 2.071ms
[158.787s][info][gc             ] GC(452) Concurrent Mark Cycle
[158.787s][info][gc,cpu         ] GC(451) User=0.00s Sys=0.00s Real=0.00s
[158.787s][info][gc,marking     ] GC(452) Concurrent Scan Root Regions
[158.789s][info][gc,start       ] GC(453) Pause Young (Normal) (G1 Humongous Allocation)
[158.789s][info][gc,task        ] GC(453) Using 12 workers of 33 for evacuation
[158.789s][info][gc,marking     ] GC(452) Concurrent Scan Root Regions 2.781ms
[158.789s][info][gc,marking     ] GC(452) Concurrent Mark
[158.789s][info][gc,marking     ] GC(452) Concurrent Mark From Roots
[158.789s][info][gc,task        ] GC(452) Using 8 workers of 8 for marking
[158.791s][info][gc,phases      ] GC(453)   Pre Evacuate Collection Set: 0.5ms
[158.791s][info][gc,phases      ] GC(453)   Merge Heap Roots: 0.0ms
[158.791s][info][gc,phases      ] GC(453)   Evacuate Collection Set: 0.7ms
[158.791s][info][gc,phases      ] GC(453)   Post Evacuate Collection Set: 0.6ms
[158.791s][info][gc,phases      ] GC(453)   Other: 0.1ms
[158.791s][info][gc,heap        ] GC(453) Eden regions: 22->0(5)
[158.791s][info][gc,heap        ] GC(453) Survivor regions: 1->0(0)
[158.791s][info][gc,heap        ] GC(453) Old regions: 66->84
[158.791s][info][gc,heap        ] GC(453) Archive regions: 0->0
[158.791s][info][gc,heap        ] GC(453) Humongous regions: 423->423
[158.791s][info][gc,metaspace   ] GC(453) Metaspace: 119305K(120576K)->119305K(120576K) NonClass: 101327K(101824K)->101327K(101824K) Class: 17977K(18752K)->17977K(18752K)
[158.791s][info][gc             ] GC(453) Pause Young (Normal) (G1 Humongous Allocation) (Evacuation Failure) 504M->499M(512M) 2.163ms
[158.791s][info][gc,cpu         ] GC(453) User=0.00s Sys=0.00s Real=0.00s
[158.792s][info][gc,start       ] GC(454) Pause Young (Normal) (G1 Evacuation Pause)
[158.792s][info][gc,task        ] GC(454) Using 12 workers of 33 for evacuation
[158.793s][info][gc,phases      ] GC(454)   Pre Evacuate Collection Set: 0.1ms
[158.793s][info][gc,phases      ] GC(454)   Merge Heap Roots: 0.0ms
[158.793s][info][gc,phases      ] GC(454)   Evacuate Collection Set: 0.6ms
[158.793s][info][gc,phases      ] GC(454)   Post Evacuate Collection Set: 0.4ms
[158.793s][info][gc,phases      ] GC(454)   Other: 0.1ms
[158.793s][info][gc,heap        ] GC(454) Eden regions: 4->0(0)
[158.793s][info][gc,heap        ] GC(454) Survivor regions: 0->0(0)
[158.793s][info][gc,heap        ] GC(454) Old regions: 84->88
[158.793s][info][gc,heap        ] GC(454) Archive regions: 0->0
[158.793s][info][gc,heap        ] GC(454) Humongous regions: 424->424
[158.793s][info][gc,metaspace   ] GC(454) Metaspace: 119306K(120576K)->119306K(120576K) NonClass: 101328K(101824K)->101328K(101824K) Class: 17977K(18752K)->17977K(18752K)
[158.793s][info][gc             ] GC(454) Pause Young (Normal) (G1 Evacuation Pause) (Evacuation Failure) 504M->504M(512M) 1.436ms
[158.793s][info][gc,cpu         ] GC(454) User=0.00s Sys=0.00s Real=0.00s
[158.793s][info][gc,ergo        ] Attempting full compaction
[158.793s][info][gc,start       ] GC(455) Pause Full (G1 Compaction Pause)
[158.793s][info][gc,task        ] GC(455) Using 12 workers of 33 for full compaction
[158.794s][info][gc,phases,start] GC(455) Phase 1: Mark live objects
[158.815s][info][gc,phases      ] GC(455) Phase 1: Mark live objects 20.542ms
[158.815s][info][gc,phases,start] GC(455) Phase 2: Prepare compaction
[158.816s][info][gc,phases      ] GC(455) Phase 2: Prepare compaction 1.465ms
[158.816s][info][gc,phases,start] GC(455) Phase 3: Adjust pointers
[158.820s][info][gc,phases      ] GC(455) Phase 3: Adjust pointers 3.726ms
[158.820s][info][gc,phases,start] GC(455) Phase 4: Compact heap
[158.820s][info][gc,phases      ] GC(455) Phase 4: Compact heap 0.392ms
[158.825s][info][gc,heap        ] GC(455) Eden regions: 0->0(24)
[158.825s][info][gc,heap        ] GC(455) Survivor regions: 0->0(0)
[158.825s][info][gc,heap        ] GC(455) Old regions: 88->66
[158.825s][info][gc,heap        ] GC(455) Archive regions: 0->0
[158.825s][info][gc,heap        ] GC(455) Humongous regions: 424->422
[158.825s][info][gc,metaspace   ] GC(455) Metaspace: 119306K(120576K)->119306K(120576K) NonClass: 101328K(101824K)->101328K(101824K) Class: 17977K(18752K)->17977K(18752K)
[158.825s][info][gc             ] GC(455) Pause Full (G1 Compaction Pause) 504M->480M(512M) 31.967ms
[158.825s][info][gc,cpu         ] GC(455) User=0.22s Sys=0.00s Real=0.03s
[158.826s][info][gc,marking     ] GC(452) Concurrent Mark From Roots 36.117ms
[158.826s][info][gc,marking     ] GC(452) Concurrent Mark Abort
[158.826s][info][gc             ] GC(452) Concurrent Mark Cycle 39.036ms
[158.832s][info][gc,start       ] GC(456) Pause Young (Normal) (G1 Evacuation Pause)
[158.832s][info][gc,task        ] GC(456) Using 12 workers of 33 for evacuation
[158.834s][info][gc,phases      ] GC(456)   Pre Evacuate Collection Set: 0.1ms
[158.834s][info][gc,phases      ] GC(456)   Merge Heap Roots: 0.1ms
[158.834s][info][gc,phases      ] GC(456)   Evacuate Collection Set: 0.9ms
[158.834s][info][gc,phases      ] GC(456)   Post Evacuate Collection Set: 0.7ms
[158.834s][info][gc,phases      ] GC(456)   Other: 0.1ms
[158.834s][info][gc,heap        ] GC(456) Eden regions: 24->0(1)
[158.834s][info][gc,heap        ] GC(456) Survivor regions: 0->0(0)
[158.834s][info][gc,heap        ] GC(456) Old regions: 66->89
[158.834s][info][gc,heap        ] GC(456) Archive regions: 0->0
[158.834s][info][gc,heap        ] GC(456) Humongous regions: 422->422
[158.834s][info][gc,metaspace   ] GC(456) Metaspace: 119334K(120576K)->119334K(120576K) NonClass: 101351K(101824K)->101351K(101824K) Class: 17982K(18752K)->17982K(18752K)
[158.835s][info][gc             ] GC(456) Pause Young (Normal) (G1 Evacuation Pause) (Evacuation Failure) 504M->503M(512M) 2.196ms
[158.835s][info][gc,cpu         ] GC(456) User=0.00s Sys=0.00s Real=0.00s
[158.835s][info][gc,start       ] GC(457) Pause Young (Concurrent Start) (G1 Evacuation Pause)
[158.835s][info][gc,task        ] GC(457) Using 12 workers of 33 for evacuation
[158.837s][info][gc,phases      ] GC(457)   Pre Evacuate Collection Set: 0.2ms
[158.837s][info][gc,phases      ] GC(457)   Merge Heap Roots: 0.0ms
[158.837s][info][gc,phases      ] GC(457)   Evacuate Collection Set: 1.0ms
[158.837s][info][gc,phases      ] GC(457)   Post Evacuate Collection Set: 0.4ms
[158.837s][info][gc,phases      ] GC(457)   Other: 0.1ms
[158.837s][info][gc,heap        ] GC(457) Eden regions: 1->0(0)
[158.837s][info][gc,heap        ] GC(457) Survivor regions: 0->0(0)
[158.837s][info][gc,heap        ] GC(457) Old regions: 89->90
[158.837s][info][gc,heap        ] GC(457) Archive regions: 0->0
[158.837s][info][gc,heap        ] GC(457) Humongous regions: 422->422
[158.837s][info][gc,metaspace   ] GC(457) Metaspace: 119334K(120576K)->119334K(120576K) NonClass: 101351K(101824K)->101351K(101824K) Class: 17982K(18752K)->17982K(18752K)
[158.837s][info][gc             ] GC(457) Pause Young (Concurrent Start) (G1 Evacuation Pause) (Evacuation Failure) 504M->504M(512M) 1.844ms
[158.837s][info][gc             ] GC(458) Concurrent Mark Cycle
[158.837s][info][gc,cpu         ] GC(457) User=0.00s Sys=0.00s Real=0.00s
[158.837s][info][gc,marking     ] GC(458) Concurrent Scan Root Regions
[158.837s][info][gc,ergo        ] Attempting full compaction
[158.837s][info][gc,marking     ] GC(458) Concurrent Scan Root Regions 0.032ms
[158.837s][info][gc,start       ] GC(459) Pause Full (G1 Compaction Pause)
[158.837s][info][gc,marking     ] GC(458) Concurrent Mark
[158.837s][info][gc,marking     ] GC(458) Concurrent Mark From Roots
[158.837s][info][gc,task        ] GC(459) Using 12 workers of 33 for full compaction
[158.837s][info][gc,task        ] GC(458) Using 8 workers of 8 for marking
[158.838s][info][gc,phases,start] GC(459) Phase 1: Mark live objects
[158.855s][info][gc,phases      ] GC(459) Phase 1: Mark live objects 17.297ms
[158.855s][info][gc,phases,start] GC(459) Phase 2: Prepare compaction
[158.856s][info][gc,phases      ] GC(459) Phase 2: Prepare compaction 1.461ms
[158.856s][info][gc,phases,start] GC(459) Phase 3: Adjust pointers
[158.862s][info][gc,phases      ] GC(459) Phase 3: Adjust pointers 5.769ms
[158.862s][info][gc,phases,start] GC(459) Phase 4: Compact heap
[158.863s][info][gc,phases      ] GC(459) Phase 4: Compact heap 0.414ms
[158.869s][info][gc,heap        ] GC(459) Eden regions: 0->0(25)
[158.869s][info][gc,heap        ] GC(459) Survivor regions: 0->0(0)
[158.869s][info][gc,heap        ] GC(459) Old regions: 90->64
[158.869s][info][gc,heap        ] GC(459) Archive regions: 0->0
[158.869s][info][gc,heap        ] GC(459) Humongous regions: 422->422
[158.869s][info][gc,metaspace   ] GC(459) Metaspace: 119334K(120576K)->119334K(120576K) NonClass: 101351K(101824K)->101351K(101824K) Class: 17982K(18752K)->17982K(18752K)
[158.869s][info][gc             ] GC(459) Pause Full (G1 Compaction Pause) 504M->480M(512M) 31.904ms
[158.869s][info][gc,cpu         ] GC(459) User=0.38s Sys=0.00s Real=0.03s
[158.869s][info][gc,marking     ] GC(458) Concurrent Mark From Roots 32.026ms
[158.869s][info][gc,marking     ] GC(458) Concurrent Mark Abort
[158.869s][info][gc             ] GC(458) Concurrent Mark Cycle 32.259ms
[158.877s][info][gc,start       ] GC(460) Pause Young (Normal) (G1 Evacuation Pause)
[158.877s][info][gc,task        ] GC(460) Using 12 workers of 33 for evacuation
[158.878s][info][gc,phases      ] GC(460)   Pre Evacuate Collection Set: 0.1ms
[158.879s][info][gc,phases      ] GC(460)   Merge Heap Roots: 0.1ms
[158.879s][info][gc,phases      ] GC(460)   Evacuate Collection Set: 0.9ms
[158.879s][info][gc,phases      ] GC(460)   Post Evacuate Collection Set: 0.5ms
[158.879s][info][gc,phases      ] GC(460)   Other: 0.1ms
[158.879s][info][gc,heap        ] GC(460) Eden regions: 25->0(16)
[158.879s][info][gc,heap        ] GC(460) Survivor regions: 0->1(1)
[158.879s][info][gc,heap        ] GC(460) Old regions: 64->72
[158.879s][info][gc,heap        ] GC(460) Archive regions: 0->0
[158.879s][info][gc,heap        ] GC(460) Humongous regions: 422->422
[158.879s][info][gc,metaspace   ] GC(460) Metaspace: 119363K(120640K)->119363K(120640K) NonClass: 101378K(101888K)->101378K(101888K) Class: 17985K(18752K)->17985K(18752K)
[158.879s][info][gc             ] GC(460) Pause Young (Normal) (G1 Evacuation Pause) (Evacuation Failure) 505M->489M(512M) 2.049ms
[158.879s][info][gc,cpu         ] GC(460) User=0.00s Sys=0.00s Real=0.00s
[158.879s][info][gc,start       ] GC(461) Pause Young (Concurrent Start) (G1 Humongous Allocation)
[158.879s][info][gc,task        ] GC(461) Using 12 workers of 33 for evacuation
[158.881s][info][gc,phases      ] GC(461)   Pre Evacuate Collection Set: 0.2ms
[158.881s][info][gc,phases      ] GC(461)   Merge Heap Roots: 0.0ms
[158.881s][info][gc,phases      ] GC(461)   Evacuate Collection Set: 1.1ms
[158.881s][info][gc,phases      ] GC(461)   Post Evacuate Collection Set: 0.4ms
[158.881s][info][gc,phases      ] GC(461)   Other: 0.1ms
[158.881s][info][gc,heap        ] GC(461) Eden regions: 3->0(14)
[158.881s][info][gc,heap        ] GC(461) Survivor regions: 1->2(3)
[158.881s][info][gc,heap        ] GC(461) Old regions: 72->72
[158.881s][info][gc,heap        ] GC(461) Archive regions: 0->0
[158.881s][info][gc,heap        ] GC(461) Humongous regions: 422->422
[158.881s][info][gc,metaspace   ] GC(461) Metaspace: 119363K(120640K)->119363K(120640K) NonClass: 101378K(101888K)->101378K(101888K) Class: 17985K(18752K)->17985K(18752K)
[158.881s][info][gc             ] GC(461) Pause Young (Concurrent Start) (G1 Humongous Allocation) 492M->489M(512M) 1.967ms
[158.881s][info][gc             ] GC(462) Concurrent Mark Cycle
[158.881s][info][gc,cpu         ] GC(461) User=0.00s Sys=0.00s Real=0.00s
[158.881s][info][gc,marking     ] GC(462) Concurrent Scan Root Regions
[158.883s][info][gc,start       ] GC(463) Pause Young (Normal) (G1 Evacuation Pause)
[158.883s][info][gc,task        ] GC(463) Using 12 workers of 33 for evacuation
[158.883s][info][gc,marking     ] GC(462) Concurrent Scan Root Regions 2.074ms
[158.883s][info][gc,marking     ] GC(462) Concurrent Mark
[158.883s][info][gc,marking     ] GC(462) Concurrent Mark From Roots
[158.883s][info][gc,task        ] GC(462) Using 8 workers of 8 for marking
[158.885s][info][gc,phases      ] GC(463)   Pre Evacuate Collection Set: 0.5ms
[158.885s][info][gc,phases      ] GC(463)   Merge Heap Roots: 0.0ms
[158.885s][info][gc,phases      ] GC(463)   Evacuate Collection Set: 0.6ms
[158.885s][info][gc,phases      ] GC(463)   Post Evacuate Collection Set: 0.5ms
[158.885s][info][gc,phases      ] GC(463)   Other: 0.1ms
[158.885s][info][gc,heap        ] GC(463) Eden regions: 14->0(5)
[158.885s][info][gc,heap        ] GC(463) Survivor regions: 2->0(0)
[158.885s][info][gc,heap        ] GC(463) Old regions: 72->83
[158.885s][info][gc,heap        ] GC(463) Archive regions: 0->0
[158.885s][info][gc,heap        ] GC(463) Humongous regions: 424->424
[158.885s][info][gc,metaspace   ] GC(463) Metaspace: 119366K(120640K)->119366K(120640K) NonClass: 101380K(101888K)->101380K(101888K) Class: 17986K(18752K)->17986K(18752K)
[158.885s][info][gc             ] GC(463) Pause Young (Normal) (G1 Evacuation Pause) (Evacuation Failure) 505M->501M(512M) 1.971ms
[158.885s][info][gc,cpu         ] GC(463) User=0.00s Sys=0.00s Real=0.00s
[158.886s][info][gc,start       ] GC(464) Pause Young (Normal) (GCLocker Initiated GC)
[158.886s][info][gc,task        ] GC(464) Using 12 workers of 33 for evacuation
[158.887s][info][gc,phases      ] GC(464)   Pre Evacuate Collection Set: 0.1ms
[158.887s][info][gc,phases      ] GC(464)   Merge Heap Roots: 0.0ms
[158.887s][info][gc,phases      ] GC(464)   Evacuate Collection Set: 0.6ms
[158.887s][info][gc,phases      ] GC(464)   Post Evacuate Collection Set: 0.4ms
[158.887s][info][gc,phases      ] GC(464)   Other: 0.1ms
[158.887s][info][gc,heap        ] GC(464) Eden regions: 5->0(0)
[158.887s][info][gc,heap        ] GC(464) Survivor regions: 0->0(0)
[158.887s][info][gc,heap        ] GC(464) Old regions: 83->88
[158.887s][info][gc,heap        ] GC(464) Archive regions: 0->0
[158.887s][info][gc,heap        ] GC(464) Humongous regions: 424->424
[158.887s][info][gc,metaspace   ] GC(464) Metaspace: 119371K(120640K)->119371K(120640K) NonClass: 101385K(101888K)->101385K(101888K) Class: 17986K(18752K)->17986K(18752K)
[158.888s][info][gc             ] GC(464) Pause Young (Normal) (GCLocker Initiated GC) (Evacuation Failure) 506M->506M(512M) 1.465ms
[158.888s][info][gc,cpu         ] GC(464) User=0.00s Sys=0.00s Real=0.00s
[158.888s][info][gc,ergo        ] Attempting full compaction clearing soft references
[158.888s][info][gc,start       ] GC(465) Pause Full (G1 Compaction Pause)
[158.888s][info][gc,task        ] GC(465) Using 12 workers of 33 for full compaction
[158.888s][info][gc,phases,start] GC(465) Phase 1: Mark live objects
[158.915s][info][gc,phases      ] GC(465) Phase 1: Mark live objects 26.783ms
[158.915s][info][gc,phases,start] GC(465) Phase 2: Prepare compaction
[158.917s][info][gc,phases      ] GC(465) Phase 2: Prepare compaction 1.447ms
[158.917s][info][gc,phases,start] GC(465) Phase 3: Adjust pointers
[158.920s][info][gc,phases      ] GC(465) Phase 3: Adjust pointers 3.824ms
[158.920s][info][gc,phases,start] GC(465) Phase 4: Compact heap
[158.921s][info][gc,phases      ] GC(465) Phase 4: Compact heap 0.490ms
[158.926s][info][gc,heap        ] GC(465) Eden regions: 0->0(25)
[158.926s][info][gc,heap        ] GC(465) Survivor regions: 0->0(0)
[158.926s][info][gc,heap        ] GC(465) Old regions: 88->63
[158.926s][info][gc,heap        ] GC(465) Archive regions: 0->0
[158.926s][info][gc,heap        ] GC(465) Humongous regions: 424->423
[158.926s][info][gc,metaspace   ] GC(465) Metaspace: 119371K(120640K)->119271K(120640K) NonClass: 101385K(101888K)->101301K(101888K) Class: 17986K(18752K)->17969K(18752K)
[158.927s][info][gc             ] GC(465) Pause Full (G1 Compaction Pause) 506M->480M(512M) 38.932ms
[158.927s][info][gc,cpu         ] GC(465) User=0.38s Sys=0.00s Real=0.03s
[158.927s][info][gc,marking     ] GC(462) Concurrent Mark From Roots 43.217ms
[158.927s][info][gc,marking     ] GC(462) Concurrent Mark Abort
[158.927s][info][gc             ] GC(462) Concurrent Mark Cycle 45.447ms
[158.930s][info][gc,start       ] GC(466) Pause Young (Concurrent Start) (G1 Humongous Allocation)
[158.930s][info][gc,task        ] GC(466) Using 12 workers of 33 for evacuation
[158.932s][info][gc,phases      ] GC(466)   Pre Evacuate Collection Set: 0.2ms
[158.932s][info][gc,phases      ] GC(466)   Merge Heap Roots: 0.0ms
[158.932s][info][gc,phases      ] GC(466)   Evacuate Collection Set: 1.2ms
[158.932s][info][gc,phases      ] GC(466)   Post Evacuate Collection Set: 0.3ms
[158.932s][info][gc,phases      ] GC(466)   Other: 0.1ms
[158.932s][info][gc,heap        ] GC(466) Eden regions: 10->0(24)
[158.932s][info][gc,heap        ] GC(466) Survivor regions: 0->1(4)
[158.932s][info][gc,heap        ] GC(466) Old regions: 63->63
[158.932s][info][gc,heap        ] GC(466) Archive regions: 0->0
[158.932s][info][gc,heap        ] GC(466) Humongous regions: 423->423
[158.932s][info][gc,metaspace   ] GC(466) Metaspace: 119292K(120640K)->119292K(120640K) NonClass: 101321K(101888K)->101321K(101888K) Class: 17970K(18752K)->17970K(18752K)
[158.932s][info][gc             ] GC(466) Pause Young (Concurrent Start) (G1 Humongous Allocation) 490M->481M(512M) 2.089ms
[158.932s][info][gc             ] GC(467) Concurrent Mark Cycle
[158.932s][info][gc,cpu         ] GC(466) User=0.00s Sys=0.00s Real=0.00s
[158.932s][info][gc,marking     ] GC(467) Concurrent Scan Root Regions
[158.935s][info][gc,start       ] GC(468) Pause Young (Normal) (G1 Humongous Allocation)
[158.935s][info][gc,task        ] GC(468) Using 12 workers of 33 for evacuation
[158.935s][info][gc,marking     ] GC(467) Concurrent Scan Root Regions 3.034ms
[158.935s][info][gc,marking     ] GC(467) Concurrent Mark
[158.935s][info][gc,marking     ] GC(467) Concurrent Mark From Roots
[158.935s][info][gc,task        ] GC(467) Using 8 workers of 8 for marking
[158.937s][info][gc,phases      ] GC(468)   Pre Evacuate Collection Set: 0.6ms
[158.937s][info][gc,phases      ] GC(468)   Merge Heap Roots: 0.0ms
[158.937s][info][gc,phases      ] GC(468)   Evacuate Collection Set: 0.8ms
[158.937s][info][gc,phases      ] GC(468)   Post Evacuate Collection Set: 0.5ms
[158.937s][info][gc,phases      ] GC(468)   Other: 0.1ms
[158.937s][info][gc,heap        ] GC(468) Eden regions: 24->0(7)
[158.937s][info][gc,heap        ] GC(468) Survivor regions: 1->0(0)
[158.937s][info][gc,heap        ] GC(468) Old regions: 63->81
[158.937s][info][gc,heap        ] GC(468) Archive regions: 0->0
[158.937s][info][gc,heap        ] GC(468) Humongous regions: 424->424
[158.937s][info][gc,metaspace   ] GC(468) Metaspace: 119297K(120640K)->119297K(120640K) NonClass: 101325K(101888K)->101325K(101888K) Class: 17971K(18752K)->17971K(18752K)
[158.937s][info][gc             ] GC(468) Pause Young (Normal) (G1 Humongous Allocation) (Evacuation Failure) 505M->498M(512M) 2.220ms
[158.937s][info][gc,cpu         ] GC(468) User=0.00s Sys=0.00s Real=0.00s
[158.937s][info][gc,ergo        ] Attempting full compaction
[158.937s][info][gc,start       ] GC(469) Pause Full (G1 Compaction Pause)
[158.937s][info][gc,task        ] GC(469) Using 12 workers of 33 for full compaction
[158.937s][info][gc,phases,start] GC(469) Phase 1: Mark live objects
[158.954s][info][gc,phases      ] GC(469) Phase 1: Mark live objects 17.016ms
[158.954s][info][gc,phases,start] GC(469) Phase 2: Prepare compaction
[158.956s][info][gc,phases      ] GC(469) Phase 2: Prepare compaction 1.364ms
[158.956s][info][gc,phases,start] GC(469) Phase 3: Adjust pointers
[158.960s][info][gc,phases      ] GC(469) Phase 3: Adjust pointers 3.688ms
[158.960s][info][gc,phases,start] GC(469) Phase 4: Compact heap
[158.960s][info][gc,phases      ] GC(469) Phase 4: Compact heap 0.280ms
[158.964s][info][gc,heap        ] GC(469) Eden regions: 0->0(25)
[158.964s][info][gc,heap        ] GC(469) Survivor regions: 0->0(0)
[158.964s][info][gc,heap        ] GC(469) Old regions: 81->62
[158.965s][info][gc,heap        ] GC(469) Archive regions: 0->0
[158.965s][info][gc,heap        ] GC(469) Humongous regions: 424->424
[158.965s][info][gc,metaspace   ] GC(469) Metaspace: 119297K(120640K)->119297K(120640K) NonClass: 101325K(101888K)->101325K(101888K) Class: 17971K(18752K)->17971K(18752K)
[158.965s][info][gc             ] GC(469) Pause Full (G1 Compaction Pause) 498M->481M(512M) 27.786ms
[158.965s][info][gc,cpu         ] GC(469) User=0.20s Sys=0.00s Real=0.03s
[158.965s][info][gc,marking     ] GC(467) Concurrent Mark From Roots 29.698ms
[158.965s][info][gc,marking     ] GC(467) Concurrent Mark Abort
[158.965s][info][gc             ] GC(467) Concurrent Mark Cycle 33.001ms
[158.966s][info][gc,start       ] GC(470) Pause Young (Concurrent Start) (G1 Humongous Allocation)
[158.966s][info][gc,task        ] GC(470) Using 12 workers of 33 for evacuation
[158.967s][info][gc,phases      ] GC(470)   Pre Evacuate Collection Set: 0.2ms
[158.967s][info][gc,phases      ] GC(470)   Merge Heap Roots: 0.0ms
[158.968s][info][gc,phases      ] GC(470)   Evacuate Collection Set: 1.0ms
[158.968s][info][gc,phases      ] GC(470)   Post Evacuate Collection Set: 0.4ms
[158.968s][info][gc,phases      ] GC(470)   Other: 0.1ms
[158.968s][info][gc,heap        ] GC(470) Eden regions: 3->0(20)
[158.968s][info][gc,heap        ] GC(470) Survivor regions: 0->1(4)
[158.968s][info][gc,heap        ] GC(470) Old regions: 62->62
[158.968s][info][gc,heap        ] GC(470) Archive regions: 0->0
[158.968s][info][gc,heap        ] GC(470) Humongous regions: 428->428
[158.968s][info][gc,metaspace   ] GC(470) Metaspace: 119297K(120640K)->119297K(120640K) NonClass: 101325K(101888K)->101325K(101888K) Class: 17971K(18752K)->17971K(18752K)
[158.968s][info][gc             ] GC(470) Pause Young (Concurrent Start) (G1 Humongous Allocation) 488M->485M(512M) 1.988ms
[158.968s][info][gc             ] GC(471) Concurrent Mark Cycle
[158.968s][info][gc,cpu         ] GC(470) User=0.00s Sys=0.00s Real=0.00s
[158.968s][info][gc,marking     ] GC(471) Concurrent Scan Root Regions
[158.970s][info][gc,start       ] GC(472) Pause Young (Normal) (G1 Humongous Allocation)
[158.970s][info][gc,task        ] GC(472) Using 12 workers of 33 for evacuation
[158.970s][info][gc,marking     ] GC(471) Concurrent Scan Root Regions 2.608ms
[158.970s][info][gc,marking     ] GC(471) Concurrent Mark
[158.970s][info][gc,marking     ] GC(471) Concurrent Mark From Roots
[158.970s][info][gc,task        ] GC(471) Using 8 workers of 8 for marking
[158.972s][info][gc,phases      ] GC(472)   Pre Evacuate Collection Set: 0.9ms
[158.972s][info][gc,phases      ] GC(472)   Merge Heap Roots: 0.1ms
[158.972s][info][gc,phases      ] GC(472)   Evacuate Collection Set: 0.6ms
[158.972s][info][gc,phases      ] GC(472)   Post Evacuate Collection Set: 0.5ms
[158.972s][info][gc,phases      ] GC(472)   Other: 0.1ms
[158.972s][info][gc,heap        ] GC(472) Eden regions: 19->0(5)
[158.972s][info][gc,heap        ] GC(472) Survivor regions: 1->0(0)
[158.972s][info][gc,heap        ] GC(472) Old regions: 62->77
[158.972s][info][gc,heap        ] GC(472) Archive regions: 0->0
[158.972s][info][gc,heap        ] GC(472) Humongous regions: 430->430
[158.972s][info][gc,metaspace   ] GC(472) Metaspace: 119300K(120640K)->119300K(120640K) NonClass: 101327K(101888K)->101327K(101888K) Class: 17972K(18752K)->17972K(18752K)
[158.972s][info][gc             ] GC(472) Pause Young (Normal) (G1 Humongous Allocation) (Evacuation Failure) 506M->501M(512M) 2.290ms
[158.972s][info][gc,cpu         ] GC(472) User=0.00s Sys=0.00s Real=0.00s
[158.973s][info][gc,start       ] GC(473) Pause Young (Normal) (GCLocker Initiated GC)
[158.973s][info][gc,task        ] GC(473) Using 12 workers of 33 for evacuation
[158.975s][info][gc,phases      ] GC(473)   Pre Evacuate Collection Set: 0.1ms
[158.975s][info][gc,phases      ] GC(473)   Merge Heap Roots: 0.0ms
[158.975s][info][gc,phases      ] GC(473)   Evacuate Collection Set: 0.7ms
[158.975s][info][gc,phases      ] GC(473)   Post Evacuate Collection Set: 0.4ms
[158.975s][info][gc,phases      ] GC(473)   Other: 0.1ms
[158.975s][info][gc,heap        ] GC(473) Eden regions: 4->0(0)
[158.975s][info][gc,heap        ] GC(473) Survivor regions: 0->0(0)
[158.975s][info][gc,heap        ] GC(473) Old regions: 77->81
[158.975s][info][gc,heap        ] GC(473) Archive regions: 0->0
[158.975s][info][gc,heap        ] GC(473) Humongous regions: 431->431
[158.975s][info][gc,metaspace   ] GC(473) Metaspace: 119303K(120640K)->119303K(120640K) NonClass: 101329K(101888K)->101329K(101888K) Class: 17973K(18752K)->17973K(18752K)
[158.975s][info][gc             ] GC(473) Pause Young (Normal) (GCLocker Initiated GC) (Evacuation Failure) 506M->506M(512M) 1.470ms
[158.975s][info][gc,cpu         ] GC(473) User=0.00s Sys=0.00s Real=0.00s
[158.975s][info][gc,ergo        ] Attempting full compaction clearing soft references
[158.975s][info][gc,start       ] GC(474) Pause Full (G1 Compaction Pause)
[158.975s][info][gc,task        ] GC(474) Using 12 workers of 33 for full compaction
[158.975s][info][gc,phases,start] GC(474) Phase 1: Mark live objects
[159.002s][info][gc,phases      ] GC(474) Phase 1: Mark live objects 26.922ms
[159.002s][info][gc,phases,start] GC(474) Phase 2: Prepare compaction
[159.004s][info][gc,phases      ] GC(474) Phase 2: Prepare compaction 1.368ms
[159.004s][info][gc,phases,start] GC(474) Phase 3: Adjust pointers
[159.008s][info][gc,phases      ] GC(474) Phase 3: Adjust pointers 3.758ms
[159.008s][info][gc,phases,start] GC(474) Phase 4: Compact heap
[159.008s][info][gc,phases      ] GC(474) Phase 4: Compact heap 0.292ms
[159.012s][info][gc,heap        ] GC(474) Eden regions: 0->0(21)
[159.012s][info][gc,heap        ] GC(474) Survivor regions: 0->0(0)
[159.012s][info][gc,heap        ] GC(474) Old regions: 81->62
[159.012s][info][gc,heap        ] GC(474) Archive regions: 0->0
[159.012s][info][gc,heap        ] GC(474) Humongous regions: 431->429
[159.012s][info][gc,metaspace   ] GC(474) Metaspace: 119303K(120640K)->119303K(120640K) NonClass: 101329K(101888K)->101329K(101888K) Class: 17973K(18752K)->17973K(18752K)
[159.012s][info][gc             ] GC(474) Pause Full (G1 Compaction Pause) 506M->485M(512M) 37.319ms
[159.012s][info][gc,cpu         ] GC(474) User=0.39s Sys=0.00s Real=0.03s
[159.012s][info][gc,marking     ] GC(471) Concurrent Mark From Roots 41.869ms
[159.012s][info][gc,marking     ] GC(471) Concurrent Mark Abort
[159.012s][info][gc             ] GC(471) Concurrent Mark Cycle 44.667ms
[159.014s][info][gc,start       ] GC(475) Pause Young (Concurrent Start) (G1 Humongous Allocation)
[159.014s][info][gc,task        ] GC(475) Using 12 workers of 33 for evacuation
[159.016s][info][gc,phases      ] GC(475)   Pre Evacuate Collection Set: 0.2ms
[159.016s][info][gc,phases      ] GC(475)   Merge Heap Roots: 0.0ms
[159.016s][info][gc,phases      ] GC(475)   Evacuate Collection Set: 1.1ms
[159.016s][info][gc,phases      ] GC(475)   Post Evacuate Collection Set: 0.3ms
[159.016s][info][gc,phases      ] GC(475)   Other: 0.1ms
[159.016s][info][gc,heap        ] GC(475) Eden regions: 5->0(18)
[159.016s][info][gc,heap        ] GC(475) Survivor regions: 0->1(3)
[159.016s][info][gc,heap        ] GC(475) Old regions: 62->62
[159.016s][info][gc,heap        ] GC(475) Archive regions: 0->0
[159.016s][info][gc,heap        ] GC(475) Humongous regions: 430->430
[159.016s][info][gc,metaspace   ] GC(475) Metaspace: 119310K(120640K)->119310K(120640K) NonClass: 101336K(101888K)->101336K(101888K) Class: 17974K(18752K)->17974K(18752K)
[159.016s][info][gc             ] GC(475) Pause Young (Concurrent Start) (G1 Humongous Allocation) 490M->486M(512M) 1.942ms
[159.016s][info][gc             ] GC(476) Concurrent Mark Cycle
[159.016s][info][gc,cpu         ] GC(475) User=0.08s Sys=0.00s Real=0.02s
[159.016s][info][gc,marking     ] GC(476) Concurrent Scan Root Regions
[159.018s][info][gc,start       ] GC(477) Pause Young (Normal) (G1 Evacuation Pause)
[159.018s][info][gc,task        ] GC(477) Using 12 workers of 33 for evacuation
[159.018s][info][gc,marking     ] GC(476) Concurrent Scan Root Regions 2.461ms
[159.018s][info][gc,marking     ] GC(476) Concurrent Mark
[159.018s][info][gc,marking     ] GC(476) Concurrent Mark From Roots
[159.018s][info][gc,task        ] GC(476) Using 8 workers of 8 for marking
[159.020s][info][gc,phases      ] GC(477)   Pre Evacuate Collection Set: 0.4ms
[159.020s][info][gc,phases      ] GC(477)   Merge Heap Roots: 0.0ms
[159.020s][info][gc,phases      ] GC(477)   Evacuate Collection Set: 0.6ms
[159.020s][info][gc,phases      ] GC(477)   Post Evacuate Collection Set: 0.4ms
[159.020s][info][gc,phases      ] GC(477)   Other: 0.1ms
[159.020s][info][gc,heap        ] GC(477) Eden regions: 16->0(1)
[159.020s][info][gc,heap        ] GC(477) Survivor regions: 1->0(0)
[159.020s][info][gc,heap        ] GC(477) Old regions: 62->78
[159.020s][info][gc,heap        ] GC(477) Archive regions: 0->0
[159.020s][info][gc,heap        ] GC(477) Humongous regions: 433->433
[159.020s][info][gc,metaspace   ] GC(477) Metaspace: 119311K(120640K)->119311K(120640K) NonClass: 101336K(101888K)->101336K(101888K) Class: 17974K(18752K)->17974K(18752K)
[159.020s][info][gc             ] GC(477) Pause Young (Normal) (G1 Evacuation Pause) (Evacuation Failure) 505M->504M(512M) 1.813ms
[159.020s][info][gc,cpu         ] GC(477) User=0.00s Sys=0.00s Real=0.00s
[159.020s][info][gc,start       ] GC(478) Pause Young (Normal) (G1 Humongous Allocation)
[159.020s][info][gc,task        ] GC(478) Using 12 workers of 33 for evacuation
[159.022s][info][gc,phases      ] GC(478)   Pre Evacuate Collection Set: 0.1ms
[159.022s][info][gc,phases      ] GC(478)   Merge Heap Roots: 0.0ms
[159.022s][info][gc,phases      ] GC(478)   Evacuate Collection Set: 0.7ms
[159.022s][info][gc,phases      ] GC(478)   Post Evacuate Collection Set: 0.3ms
[159.022s][info][gc,phases      ] GC(478)   Other: 0.1ms
[159.022s][info][gc,heap        ] GC(478) Eden regions: 1->0(0)
[159.022s][info][gc,heap        ] GC(478) Survivor regions: 0->0(0)
[159.022s][info][gc,heap        ] GC(478) Old regions: 78->79
[159.022s][info][gc,heap        ] GC(478) Archive regions: 0->0
[159.022s][info][gc,heap        ] GC(478) Humongous regions: 433->433
[159.022s][info][gc,metaspace   ] GC(478) Metaspace: 119311K(120640K)->119311K(120640K) NonClass: 101336K(101888K)->101336K(101888K) Class: 17974K(18752K)->17974K(18752K)
[159.022s][info][gc             ] GC(478) Pause Young (Normal) (G1 Humongous Allocation) (Evacuation Failure) 505M->505M(512M) 1.460ms
[159.022s][info][gc,cpu         ] GC(478) User=0.00s Sys=0.00s Real=0.00s
[159.022s][info][gc,ergo        ] Attempting full compaction
[159.022s][info][gc,start       ] GC(479) Pause Full (G1 Compaction Pause)
[159.022s][info][gc,task        ] GC(479) Using 12 workers of 33 for full compaction
[159.022s][info][gc,phases,start] GC(479) Phase 1: Mark live objects
[159.042s][info][gc,phases      ] GC(479) Phase 1: Mark live objects 20.006ms
[159.042s][info][gc,phases,start] GC(479) Phase 2: Prepare compaction
[159.044s][info][gc,phases      ] GC(479) Phase 2: Prepare compaction 1.401ms
[159.044s][info][gc,phases,start] GC(479) Phase 3: Adjust pointers
[159.048s][info][gc,phases      ] GC(479) Phase 3: Adjust pointers 3.756ms
[159.048s][info][gc,phases,start] GC(479) Phase 4: Compact heap
[159.048s][info][gc,phases      ] GC(479) Phase 4: Compact heap 0.275ms
[159.053s][info][gc,heap        ] GC(479) Eden regions: 0->0(18)
[159.053s][info][gc,heap        ] GC(479) Survivor regions: 0->0(0)
[159.053s][info][gc,heap        ] GC(479) Old regions: 79->62
[159.053s][info][gc,heap        ] GC(479) Archive regions: 0->0
[159.053s][info][gc,heap        ] GC(479) Humongous regions: 433->432
[159.053s][info][gc,metaspace   ] GC(479) Metaspace: 119311K(120640K)->119311K(120640K) NonClass: 101336K(101888K)->101336K(101888K) Class: 17974K(18752K)->17974K(18752K)
[159.053s][info][gc             ] GC(479) Pause Full (G1 Compaction Pause) 505M->487M(512M) 31.059ms
[159.053s][info][gc,cpu         ] GC(479) User=0.34s Sys=0.00s Real=0.03s
[159.053s][info][gc,marking     ] GC(476) Concurrent Mark From Roots 34.536ms
[159.053s][info][gc,marking     ] GC(476) Concurrent Mark Abort
[159.053s][info][gc             ] GC(476) Concurrent Mark Cycle 37.154ms
[159.057s][info][gc,start       ] GC(480) Pause Young (Normal) (G1 Evacuation Pause)
[159.057s][info][gc,task        ] GC(480) Using 12 workers of 33 for evacuation
[159.059s][info][gc,phases      ] GC(480)   Pre Evacuate Collection Set: 0.1ms
[159.059s][info][gc,phases      ] GC(480)   Merge Heap Roots: 0.0ms
[159.059s][info][gc,phases      ] GC(480)   Evacuate Collection Set: 0.5ms
[159.059s][info][gc,phases      ] GC(480)   Post Evacuate Collection Set: 0.6ms
[159.059s][info][gc,phases      ] GC(480)   Other: 0.1ms
[159.059s][info][gc,heap        ] GC(480) Eden regions: 15->0(0)
[159.059s][info][gc,heap        ] GC(480) Survivor regions: 0->0(0)
[159.059s][info][gc,heap        ] GC(480) Old regions: 62->77
[159.059s][info][gc,heap        ] GC(480) Archive regions: 0->0
[159.059s][info][gc,heap        ] GC(480) Humongous regions: 435->435
[159.059s][info][gc,metaspace   ] GC(480) Metaspace: 119312K(120640K)->119312K(120640K) NonClass: 101338K(101888K)->101338K(101888K) Class: 17974K(18752K)->17974K(18752K)
[159.059s][info][gc             ] GC(480) Pause Young (Normal) (G1 Evacuation Pause) (Evacuation Failure) 505M->505M(512M) 1.620ms
[159.059s][info][gc,cpu         ] GC(480) User=0.00s Sys=0.00s Real=0.00s
[159.059s][info][gc,ergo        ] Attempting full compaction
[159.059s][info][gc,start       ] GC(481) Pause Full (G1 Compaction Pause)
[159.059s][info][gc,task        ] GC(481) Using 12 workers of 33 for full compaction
[159.059s][info][gc,phases,start] GC(481) Phase 1: Mark live objects
[159.078s][info][gc,phases      ] GC(481) Phase 1: Mark live objects 19.213ms
[159.079s][info][gc,phases,start] GC(481) Phase 2: Prepare compaction
[159.080s][info][gc,phases      ] GC(481) Phase 2: Prepare compaction 1.316ms
[159.080s][info][gc,phases,start] GC(481) Phase 3: Adjust pointers
[159.084s][info][gc,phases      ] GC(481) Phase 3: Adjust pointers 3.711ms
[159.084s][info][gc,phases,start] GC(481) Phase 4: Compact heap
[159.084s][info][gc,phases      ] GC(481) Phase 4: Compact heap 0.250ms
[159.088s][info][gc,heap        ] GC(481) Eden regions: 0->0(16)
[159.088s][info][gc,heap        ] GC(481) Survivor regions: 0->0(0)
[159.088s][info][gc,heap        ] GC(481) Old regions: 77->62
[159.088s][info][gc,heap        ] GC(481) Archive regions: 0->0
[159.088s][info][gc,heap        ] GC(481) Humongous regions: 435->434
[159.088s][info][gc,metaspace   ] GC(481) Metaspace: 119312K(120640K)->119312K(120640K) NonClass: 101338K(101888K)->101338K(101888K) Class: 17974K(18752K)->17974K(18752K)
[159.088s][info][gc             ] GC(481) Pause Full (G1 Compaction Pause) 505M->489M(512M) 29.097ms
[159.088s][info][gc,cpu         ] GC(481) User=0.31s Sys=0.00s Real=0.03s
[159.093s][info][gc,start       ] GC(482) Pause Young (Concurrent Start) (G1 Evacuation Pause)
[159.093s][info][gc,task        ] GC(482) Using 12 workers of 33 for evacuation
[159.095s][info][gc,phases      ] GC(482)   Pre Evacuate Collection Set: 0.2ms
[159.095s][info][gc,phases      ] GC(482)   Merge Heap Roots: 0.1ms
[159.095s][info][gc,phases      ] GC(482)   Evacuate Collection Set: 1.1ms
[159.095s][info][gc,phases      ] GC(482)   Post Evacuate Collection Set: 0.5ms
[159.095s][info][gc,phases      ] GC(482)   Other: 0.1ms
[159.095s][info][gc,heap        ] GC(482) Eden regions: 16->0(0)
[159.095s][info][gc,heap        ] GC(482) Survivor regions: 0->0(0)
[159.095s][info][gc,heap        ] GC(482) Old regions: 62->78
[159.095s][info][gc,heap        ] GC(482) Archive regions: 0->0
[159.095s][info][gc,heap        ] GC(482) Humongous regions: 434->434
[159.095s][info][gc,metaspace   ] GC(482) Metaspace: 119320K(120640K)->119320K(120640K) NonClass: 101344K(101888K)->101344K(101888K) Class: 17976K(18752K)->17976K(18752K)
[159.095s][info][gc             ] GC(482) Pause Young (Concurrent Start) (G1 Evacuation Pause) (Evacuation Failure) 505M->505M(512M) 2.237ms
[159.095s][info][gc             ] GC(483) Concurrent Mark Cycle
[159.095s][info][gc,cpu         ] GC(482) User=0.00s Sys=0.00s Real=0.00s
[159.095s][info][gc,marking     ] GC(483) Concurrent Scan Root Regions
[159.095s][info][gc,ergo        ] Attempting full compaction
[159.095s][info][gc,marking     ] GC(483) Concurrent Scan Root Regions 0.032ms
[159.095s][info][gc,start       ] GC(484) Pause Full (G1 Compaction Pause)
[159.095s][info][gc,marking     ] GC(483) Concurrent Mark
[159.096s][info][gc,task        ] GC(484) Using 12 workers of 33 for full compaction
[159.096s][info][gc,marking     ] GC(483) Concurrent Mark From Roots
[159.096s][info][gc,task        ] GC(483) Using 8 workers of 8 for marking
[159.096s][info][gc,phases,start] GC(484) Phase 1: Mark live objects
[159.114s][info][gc,phases      ] GC(484) Phase 1: Mark live objects 17.697ms
[159.114s][info][gc,phases,start] GC(484) Phase 2: Prepare compaction
[159.115s][info][gc,phases      ] GC(484) Phase 2: Prepare compaction 1.497ms
[159.115s][info][gc,phases,start] GC(484) Phase 3: Adjust pointers
[159.119s][info][gc,phases      ] GC(484) Phase 3: Adjust pointers 3.798ms
[159.119s][info][gc,phases,start] GC(484) Phase 4: Compact heap
[159.120s][info][gc,phases      ] GC(484) Phase 4: Compact heap 0.324ms
[159.128s][info][gc,heap        ] GC(484) Eden regions: 0->0(16)
[159.128s][info][gc,heap        ] GC(484) Survivor regions: 0->0(0)
[159.128s][info][gc,heap        ] GC(484) Old regions: 78->62
[159.128s][info][gc,heap        ] GC(484) Archive regions: 0->0
[159.128s][info][gc,heap        ] GC(484) Humongous regions: 434->434
[159.128s][info][gc,metaspace   ] GC(484) Metaspace: 119320K(120640K)->119320K(120640K) NonClass: 101344K(101888K)->101344K(101888K) Class: 17976K(18752K)->17976K(18752K)
[159.128s][info][gc             ] GC(484) Pause Full (G1 Compaction Pause) 505M->489M(512M) 32.655ms
[159.128s][info][gc,cpu         ] GC(484) User=0.22s Sys=0.00s Real=0.03s
[159.128s][info][gc,marking     ] GC(483) Concurrent Mark From Roots 32.840ms
[159.128s][info][gc,marking     ] GC(483) Concurrent Mark Abort
[159.128s][info][gc             ] GC(483) Concurrent Mark Cycle 33.062ms
[159.133s][info][gc,start       ] GC(485) Pause Young (Normal) (G1 Evacuation Pause)
[159.134s][info][gc,task        ] GC(485) Using 12 workers of 33 for evacuation
[159.135s][info][gc,phases      ] GC(485)   Pre Evacuate Collection Set: 0.1ms
[159.135s][info][gc,phases      ] GC(485)   Merge Heap Roots: 0.1ms
[159.135s][info][gc,phases      ] GC(485)   Evacuate Collection Set: 0.8ms
[159.135s][info][gc,phases      ] GC(485)   Post Evacuate Collection Set: 0.6ms
[159.135s][info][gc,phases      ] GC(485)   Other: 0.1ms
[159.135s][info][gc,heap        ] GC(485) Eden regions: 16->0(0)
[159.135s][info][gc,heap        ] GC(485) Survivor regions: 0->0(0)
[159.135s][info][gc,heap        ] GC(485) Old regions: 62->78
[159.135s][info][gc,heap        ] GC(485) Archive regions: 0->0
[159.135s][info][gc,heap        ] GC(485) Humongous regions: 434->434
[159.135s][info][gc,metaspace   ] GC(485) Metaspace: 119338K(120640K)->119338K(120640K) NonClass: 101359K(101888K)->101359K(101888K) Class: 17979K(18752K)->17979K(18752K)
[159.135s][info][gc             ] GC(485) Pause Young (Normal) (G1 Evacuation Pause) (Evacuation Failure) 505M->505M(512M) 1.964ms
[159.135s][info][gc,cpu         ] GC(485) User=0.00s Sys=0.00s Real=0.00s
[159.135s][info][gc,ergo        ] Attempting full compaction
[159.135s][info][gc,start       ] GC(486) Pause Full (G1 Compaction Pause)
[159.135s][info][gc,task        ] GC(486) Using 12 workers of 33 for full compaction
[159.136s][info][gc,phases,start] GC(486) Phase 1: Mark live objects
[159.154s][info][gc,phases      ] GC(486) Phase 1: Mark live objects 17.917ms
[159.154s][info][gc,phases,start] GC(486) Phase 2: Prepare compaction
[159.155s][info][gc,phases      ] GC(486) Phase 2: Prepare compaction 1.293ms
[159.155s][info][gc,phases,start] GC(486) Phase 3: Adjust pointers
[159.159s][info][gc,phases      ] GC(486) Phase 3: Adjust pointers 3.750ms
[159.159s][info][gc,phases,start] GC(486) Phase 4: Compact heap
[159.159s][info][gc,phases      ] GC(486) Phase 4: Compact heap 0.260ms
[159.164s][info][gc,heap        ] GC(486) Eden regions: 0->0(16)
[159.164s][info][gc,heap        ] GC(486) Survivor regions: 0->0(0)
[159.164s][info][gc,heap        ] GC(486) Old regions: 78->62
[159.164s][info][gc,heap        ] GC(486) Archive regions: 0->0
[159.164s][info][gc,heap        ] GC(486) Humongous regions: 434->434
[159.164s][info][gc,metaspace   ] GC(486) Metaspace: 119338K(120640K)->119338K(120640K) NonClass: 101359K(101888K)->101359K(101888K) Class: 17979K(18752K)->17979K(18752K)
[159.164s][info][gc             ] GC(486) Pause Full (G1 Compaction Pause) 505M->489M(512M) 28.273ms
[159.164s][info][gc,cpu         ] GC(486) User=0.20s Sys=0.00s Real=0.03s
[159.169s][info][gc,start       ] GC(487) Pause Young (Concurrent Start) (G1 Evacuation Pause)
[159.169s][info][gc,task        ] GC(487) Using 12 workers of 33 for evacuation
[159.171s][info][gc,phases      ] GC(487)   Pre Evacuate Collection Set: 0.2ms
[159.171s][info][gc,phases      ] GC(487)   Merge Heap Roots: 0.0ms
[159.171s][info][gc,phases      ] GC(487)   Evacuate Collection Set: 1.0ms
[159.171s][info][gc,phases      ] GC(487)   Post Evacuate Collection Set: 0.5ms
[159.171s][info][gc,phases      ] GC(487)   Other: 0.1ms
[159.171s][info][gc,heap        ] GC(487) Eden regions: 16->0(0)
[159.171s][info][gc,heap        ] GC(487) Survivor regions: 0->0(0)
[159.171s][info][gc,heap        ] GC(487) Old regions: 62->78
[159.171s][info][gc,heap        ] GC(487) Archive regions: 0->0
[159.171s][info][gc,heap        ] GC(487) Humongous regions: 434->434
[159.171s][info][gc,metaspace   ] GC(487) Metaspace: 119368K(120640K)->119368K(120640K) NonClass: 101386K(101888K)->101386K(101888K) Class: 17982K(18752K)->17982K(18752K)
[159.171s][info][gc             ] GC(487) Pause Young (Concurrent Start) (G1 Evacuation Pause) (Evacuation Failure) 505M->505M(512M) 2.147ms
[159.171s][info][gc             ] GC(488) Concurrent Mark Cycle
[159.171s][info][gc,cpu         ] GC(487) User=0.00s Sys=0.00s Real=0.00s
[159.171s][info][gc,marking     ] GC(488) Concurrent Scan Root Regions
[159.171s][info][gc,ergo        ] Attempting full compaction
[159.171s][info][gc,marking     ] GC(488) Concurrent Scan Root Regions 0.050ms
[159.171s][info][gc,start       ] GC(489) Pause Full (G1 Compaction Pause)
[159.171s][info][gc,marking     ] GC(488) Concurrent Mark
[159.171s][info][gc,marking     ] GC(488) Concurrent Mark From Roots
[159.171s][info][gc,task        ] GC(489) Using 12 workers of 33 for full compaction
[159.171s][info][gc,task        ] GC(488) Using 8 workers of 8 for marking
[159.172s][info][gc,phases,start] GC(489) Phase 1: Mark live objects
[159.189s][info][gc,phases      ] GC(489) Phase 1: Mark live objects 16.962ms
[159.189s][info][gc,phases,start] GC(489) Phase 2: Prepare compaction
[159.190s][info][gc,phases      ] GC(489) Phase 2: Prepare compaction 1.402ms
[159.190s][info][gc,phases,start] GC(489) Phase 3: Adjust pointers
[159.194s][info][gc,phases      ] GC(489) Phase 3: Adjust pointers 3.743ms
[159.194s][info][gc,phases,start] GC(489) Phase 4: Compact heap
[159.194s][info][gc,phases      ] GC(489) Phase 4: Compact heap 0.344ms
[159.201s][info][gc,heap        ] GC(489) Eden regions: 0->0(16)
[159.201s][info][gc,heap        ] GC(489) Survivor regions: 0->0(0)
[159.201s][info][gc,heap        ] GC(489) Old regions: 78->62
[159.201s][info][gc,heap        ] GC(489) Archive regions: 0->0
[159.201s][info][gc,heap        ] GC(489) Humongous regions: 434->434
[159.201s][info][gc,metaspace   ] GC(489) Metaspace: 119368K(120640K)->119368K(120640K) NonClass: 101386K(101888K)->101386K(101888K) Class: 17982K(18752K)->17982K(18752K)
[159.201s][info][gc             ] GC(489) Pause Full (G1 Compaction Pause) 505M->489M(512M) 29.760ms
[159.201s][info][gc,cpu         ] GC(489) User=0.20s Sys=0.00s Real=0.03s
[159.201s][info][gc,marking     ] GC(488) Concurrent Mark From Roots 29.902ms
[159.201s][info][gc,marking     ] GC(488) Concurrent Mark Abort
[159.201s][info][gc             ] GC(488) Concurrent Mark Cycle 30.114ms
[159.206s][info][gc,start       ] GC(490) Pause Young (Normal) (G1 Evacuation Pause)
[159.206s][info][gc,task        ] GC(490) Using 12 workers of 33 for evacuation
[159.208s][info][gc,phases      ] GC(490)   Pre Evacuate Collection Set: 0.1ms
[159.208s][info][gc,phases      ] GC(490)   Merge Heap Roots: 0.1ms
[159.208s][info][gc,phases      ] GC(490)   Evacuate Collection Set: 0.7ms
[159.208s][info][gc,phases      ] GC(490)   Post Evacuate Collection Set: 0.7ms
[159.208s][info][gc,phases      ] GC(490)   Other: 0.1ms
[159.208s][info][gc,heap        ] GC(490) Eden regions: 16->0(0)
[159.208s][info][gc,heap        ] GC(490) Survivor regions: 0->0(0)
[159.208s][info][gc,heap        ] GC(490) Old regions: 62->78
[159.208s][info][gc,heap        ] GC(490) Archive regions: 0->0
[159.208s][info][gc,heap        ] GC(490) Humongous regions: 434->434
[159.208s][info][gc,metaspace   ] GC(490) Metaspace: 119390K(120640K)->119390K(120640K) NonClass: 101401K(101888K)->101401K(101888K) Class: 17989K(18752K)->17989K(18752K)
[159.208s][info][gc             ] GC(490) Pause Young (Normal) (G1 Evacuation Pause) (Evacuation Failure) 505M->505M(512M) 2.011ms
[159.208s][info][gc,cpu         ] GC(490) User=0.00s Sys=0.00s Real=0.00s
[159.208s][info][gc,ergo        ] Attempting full compaction
[159.208s][info][gc,start       ] GC(491) Pause Full (G1 Compaction Pause)
[159.208s][info][gc,task        ] GC(491) Using 12 workers of 33 for full compaction
[159.209s][info][gc,phases,start] GC(491) Phase 1: Mark live objects
[159.227s][info][gc,phases      ] GC(491) Phase 1: Mark live objects 18.017ms
[159.227s][info][gc,phases,start] GC(491) Phase 2: Prepare compaction
[159.228s][info][gc,phases      ] GC(491) Phase 2: Prepare compaction 1.352ms
[159.228s][info][gc,phases,start] GC(491) Phase 3: Adjust pointers
[159.232s][info][gc,phases      ] GC(491) Phase 3: Adjust pointers 3.755ms
[159.232s][info][gc,phases,start] GC(491) Phase 4: Compact heap
[159.232s][info][gc,phases      ] GC(491) Phase 4: Compact heap 0.360ms
[159.237s][info][gc,heap        ] GC(491) Eden regions: 0->0(16)
[159.237s][info][gc,heap        ] GC(491) Survivor regions: 0->0(0)
[159.237s][info][gc,heap        ] GC(491) Old regions: 78->62
[159.237s][info][gc,heap        ] GC(491) Archive regions: 0->0
[159.237s][info][gc,heap        ] GC(491) Humongous regions: 434->434
[159.237s][info][gc,metaspace   ] GC(491) Metaspace: 119390K(120640K)->119390K(120640K) NonClass: 101401K(101888K)->101401K(101888K) Class: 17989K(18752K)->17989K(18752K)
[159.237s][info][gc             ] GC(491) Pause Full (G1 Compaction Pause) 505M->488M(512M) 28.488ms
[159.237s][info][gc,cpu         ] GC(491) User=0.22s Sys=0.00s Real=0.03s
[159.240s][info][gc,start       ] GC(492) Pause Young (Concurrent Start) (G1 Humongous Allocation)
[159.240s][info][gc,task        ] GC(492) Using 12 workers of 33 for evacuation
[159.242s][info][gc,phases      ] GC(492)   Pre Evacuate Collection Set: 0.2ms
[159.242s][info][gc,phases      ] GC(492)   Merge Heap Roots: 0.0ms
[159.242s][info][gc,phases      ] GC(492)   Evacuate Collection Set: 1.0ms
[159.242s][info][gc,phases      ] GC(492)   Post Evacuate Collection Set: 0.4ms
[159.242s][info][gc,phases      ] GC(492)   Other: 0.1ms
[159.242s][info][gc,heap        ] GC(492) Eden regions: 11->0(14)
[159.242s][info][gc,heap        ] GC(492) Survivor regions: 0->1(2)
[159.242s][info][gc,heap        ] GC(492) Old regions: 62->62
[159.242s][info][gc,heap        ] GC(492) Archive regions: 0->0
[159.242s][info][gc,heap        ] GC(492) Humongous regions: 434->434
[159.242s][info][gc,metaspace   ] GC(492) Metaspace: 119399K(120640K)->119399K(120640K) NonClass: 101408K(101888K)->101408K(101888K) Class: 17991K(18752K)->17991K(18752K)
[159.242s][info][gc             ] GC(492) Pause Young (Concurrent Start) (G1 Humongous Allocation) 499M->489M(512M) 1.959ms
[159.242s][info][gc             ] GC(493) Concurrent Mark Cycle
[159.242s][info][gc,cpu         ] GC(492) User=0.00s Sys=0.00s Real=0.00s
[159.242s][info][gc,marking     ] GC(493) Concurrent Scan Root Regions
[159.244s][info][gc,start       ] GC(494) Pause Young (Normal) (G1 Humongous Allocation)
[159.244s][info][gc,task        ] GC(494) Using 12 workers of 33 for evacuation
[159.244s][info][gc,marking     ] GC(493) Concurrent Scan Root Regions 2.575ms
[159.244s][info][gc,marking     ] GC(493) Concurrent Mark
[159.244s][info][gc,marking     ] GC(493) Concurrent Mark From Roots
[159.244s][info][gc,task        ] GC(493) Using 8 workers of 8 for marking
[159.246s][info][gc,phases      ] GC(494)   Pre Evacuate Collection Set: 0.7ms
[159.246s][info][gc,phases      ] GC(494)   Merge Heap Roots: 0.0ms
[159.246s][info][gc,phases      ] GC(494)   Evacuate Collection Set: 0.7ms
[159.246s][info][gc,phases      ] GC(494)   Post Evacuate Collection Set: 0.3ms
[159.246s][info][gc,phases      ] GC(494)   Other: 0.1ms
[159.246s][info][gc,heap        ] GC(494) Eden regions: 10->0(12)
[159.246s][info][gc,heap        ] GC(494) Survivor regions: 1->1(2)
[159.246s][info][gc,heap        ] GC(494) Old regions: 62->62
[159.246s][info][gc,heap        ] GC(494) Archive regions: 0->0
[159.246s][info][gc,heap        ] GC(494) Humongous regions: 436->436
[159.246s][info][gc,metaspace   ] GC(494) Metaspace: 119405K(120640K)->119405K(120640K) NonClass: 101412K(101888K)->101412K(101888K) Class: 17992K(18752K)->17992K(18752K)
[159.246s][info][gc             ] GC(494) Pause Young (Normal) (G1 Humongous Allocation) 501M->491M(512M) 2.062ms
[159.246s][info][gc,cpu         ] GC(494) User=0.00s Sys=0.00s Real=0.00s
[159.248s][info][gc,start       ] GC(495) Pause Young (Normal) (G1 Evacuation Pause)
[159.248s][info][gc,task        ] GC(495) Using 12 workers of 33 for evacuation
[159.249s][info][gc,phases      ] GC(495)   Pre Evacuate Collection Set: 0.1ms
[159.249s][info][gc,phases      ] GC(495)   Merge Heap Roots: 0.0ms
[159.249s][info][gc,phases      ] GC(495)   Evacuate Collection Set: 0.8ms
[159.249s][info][gc,phases      ] GC(495)   Post Evacuate Collection Set: 0.5ms
[159.249s][info][gc,phases      ] GC(495)   Other: 0.1ms
[159.249s][info][gc,heap        ] GC(495) Eden regions: 10->0(3)
[159.249s][info][gc,heap        ] GC(495) Survivor regions: 1->0(0)
[159.249s][info][gc,heap        ] GC(495) Old regions: 62->70
[159.249s][info][gc,heap        ] GC(495) Archive regions: 0->0
[159.249s][info][gc,heap        ] GC(495) Humongous regions: 439->439
[159.249s][info][gc,metaspace   ] GC(495) Metaspace: 119407K(120640K)->119407K(120640K) NonClass: 101414K(101888K)->101414K(101888K) Class: 17993K(18752K)->17993K(18752K)
[159.249s][info][gc             ] GC(495) Pause Young (Normal) (G1 Evacuation Pause) (Evacuation Failure) 504M->501M(512M) 1.621ms
[159.249s][info][gc,cpu         ] GC(495) User=0.00s Sys=0.00s Real=0.00s
[159.250s][info][gc,start       ] GC(496) Pause Young (Normal) (G1 Evacuation Pause)
[159.250s][info][gc,task        ] GC(496) Using 12 workers of 33 for evacuation
[159.251s][info][gc,phases      ] GC(496)   Pre Evacuate Collection Set: 0.1ms
[159.251s][info][gc,phases      ] GC(496)   Merge Heap Roots: 0.0ms
[159.251s][info][gc,phases      ] GC(496)   Evacuate Collection Set: 0.7ms
[159.251s][info][gc,phases      ] GC(496)   Post Evacuate Collection Set: 0.3ms
[159.251s][info][gc,phases      ] GC(496)   Other: 0.1ms
[159.251s][info][gc,heap        ] GC(496) Eden regions: 3->0(0)
[159.251s][info][gc,heap        ] GC(496) Survivor regions: 0->0(0)
[159.251s][info][gc,heap        ] GC(496) Old regions: 70->73
[159.251s][info][gc,heap        ] GC(496) Archive regions: 0->0
[159.251s][info][gc,heap        ] GC(496) Humongous regions: 439->439
[159.251s][info][gc,metaspace   ] GC(496) Metaspace: 119408K(120640K)->119408K(120640K) NonClass: 101414K(101888K)->101414K(101888K) Class: 17993K(18752K)->17993K(18752K)
[159.251s][info][gc             ] GC(496) Pause Young (Normal) (G1 Evacuation Pause) (Evacuation Failure) 504M->504M(512M) 1.453ms
[159.251s][info][gc,cpu         ] GC(496) User=0.00s Sys=0.00s Real=0.00s
[159.251s][info][gc,ergo        ] Attempting full compaction
[159.251s][info][gc,start       ] GC(497) Pause Full (G1 Compaction Pause)
[159.251s][info][gc,task        ] GC(497) Using 12 workers of 33 for full compaction
[159.252s][info][gc,phases,start] GC(497) Phase 1: Mark live objects
[159.274s][info][gc,phases      ] GC(497) Phase 1: Mark live objects 21.918ms
[159.274s][info][gc,phases,start] GC(497) Phase 2: Prepare compaction
[159.275s][info][gc,phases      ] GC(497) Phase 2: Prepare compaction 1.395ms
[159.275s][info][gc,phases,start] GC(497) Phase 3: Adjust pointers
[159.279s][info][gc,phases      ] GC(497) Phase 3: Adjust pointers 3.753ms
[159.279s][info][gc,phases,start] GC(497) Phase 4: Compact heap
[159.280s][info][gc,phases      ] GC(497) Phase 4: Compact heap 0.344ms
[159.287s][info][gc,heap        ] GC(497) Eden regions: 0->0(14)
[159.287s][info][gc,heap        ] GC(497) Survivor regions: 0->0(0)
[159.287s][info][gc,heap        ] GC(497) Old regions: 73->61
[159.287s][info][gc,heap        ] GC(497) Archive regions: 0->0
[159.287s][info][gc,heap        ] GC(497) Humongous regions: 439->437
[159.287s][info][gc,metaspace   ] GC(497) Metaspace: 119408K(120640K)->119408K(120640K) NonClass: 101414K(101888K)->101414K(101888K) Class: 17993K(18752K)->17993K(18752K)
[159.287s][info][gc             ] GC(497) Pause Full (G1 Compaction Pause) 504M->491M(512M) 35.669ms
[159.287s][info][gc,cpu         ] GC(497) User=0.20s Sys=0.00s Real=0.03s
[159.287s][info][gc,marking     ] GC(493) Concurrent Mark From Roots 42.815ms
[159.287s][info][gc,marking     ] GC(493) Concurrent Mark Abort
[159.287s][info][gc             ] GC(493) Concurrent Mark Cycle 45.556ms
[159.292s][info][gc,start       ] GC(498) Pause Young (Normal) (G1 Evacuation Pause)
[159.292s][info][gc,task        ] GC(498) Using 12 workers of 33 for evacuation
[159.293s][info][gc,phases      ] GC(498)   Pre Evacuate Collection Set: 0.1ms
[159.294s][info][gc,phases      ] GC(498)   Merge Heap Roots: 0.0ms
[159.294s][info][gc,phases      ] GC(498)   Evacuate Collection Set: 0.9ms
[159.294s][info][gc,phases      ] GC(498)   Post Evacuate Collection Set: 0.6ms
[159.294s][info][gc,phases      ] GC(498)   Other: 0.1ms
[159.294s][info][gc,heap        ] GC(498) Eden regions: 14->0(0)
[159.294s][info][gc,heap        ] GC(498) Survivor regions: 0->0(0)
[159.294s][info][gc,heap        ] GC(498) Old regions: 61->75
[159.294s][info][gc,heap        ] GC(498) Archive regions: 0->0
[159.294s][info][gc,heap        ] GC(498) Humongous regions: 437->437
[159.294s][info][gc,metaspace   ] GC(498) Metaspace: 119410K(120640K)->119410K(120640K) NonClass: 101416K(101888K)->101416K(101888K) Class: 17994K(18752K)->17994K(18752K)
[159.294s][info][gc             ] GC(498) Pause Young (Normal) (G1 Evacuation Pause) (Evacuation Failure) 505M->505M(512M) 2.049ms
[159.294s][info][gc,cpu         ] GC(498) User=0.00s Sys=0.00s Real=0.00s
[159.294s][info][gc,ergo        ] Attempting full compaction
[159.294s][info][gc,start       ] GC(499) Pause Full (G1 Compaction Pause)
[159.294s][info][gc,task        ] GC(499) Using 12 workers of 33 for full compaction
[159.294s][info][gc,phases,start] GC(499) Phase 1: Mark live objects
[159.316s][info][gc,phases      ] GC(499) Phase 1: Mark live objects 21.453ms
[159.316s][info][gc,phases,start] GC(499) Phase 2: Prepare compaction
[159.317s][info][gc,phases      ] GC(499) Phase 2: Prepare compaction 1.416ms
[159.317s][info][gc,phases,start] GC(499) Phase 3: Adjust pointers
[159.321s][info][gc,phases      ] GC(499) Phase 3: Adjust pointers 4.293ms
[159.321s][info][gc,phases,start] GC(499) Phase 4: Compact heap
[159.322s][info][gc,phases      ] GC(499) Phase 4: Compact heap 0.279ms
[159.326s][info][gc,heap        ] GC(499) Eden regions: 0->0(13)
[159.326s][info][gc,heap        ] GC(499) Survivor regions: 0->0(0)
[159.326s][info][gc,heap        ] GC(499) Old regions: 75->62
[159.326s][info][gc,heap        ] GC(499) Archive regions: 0->0
[159.326s][info][gc,heap        ] GC(499) Humongous regions: 437->437
[159.326s][info][gc,metaspace   ] GC(499) Metaspace: 119410K(120640K)->119410K(120640K) NonClass: 101416K(101888K)->101416K(101888K) Class: 17994K(18752K)->17994K(18752K)
[159.326s][info][gc             ] GC(499) Pause Full (G1 Compaction Pause) 505M->491M(512M) 32.258ms
[159.326s][info][gc,cpu         ] GC(499) User=0.41s Sys=0.00s Real=0.03s
[159.327s][info][gc,start       ] GC(500) Pause Young (Concurrent Start) (G1 Humongous Allocation)
[159.327s][info][gc,task        ] GC(500) Using 12 workers of 33 for evacuation
[159.328s][info][gc,phases      ] GC(500)   Pre Evacuate Collection Set: 0.2ms
[159.328s][info][gc,phases      ] GC(500)   Merge Heap Roots: 0.0ms
[159.328s][info][gc,phases      ] GC(500)   Evacuate Collection Set: 1.0ms
[159.328s][info][gc,phases      ] GC(500)   Post Evacuate Collection Set: 0.3ms
[159.328s][info][gc,phases      ] GC(500)   Other: 0.1ms
[159.328s][info][gc,heap        ] GC(500) Eden regions: 2->0(11)
[159.328s][info][gc,heap        ] GC(500) Survivor regions: 0->1(2)
[159.328s][info][gc,heap        ] GC(500) Old regions: 62->62
[159.328s][info][gc,heap        ] GC(500) Archive regions: 0->0
[159.328s][info][gc,heap        ] GC(500) Humongous regions: 437->437
[159.328s][info][gc,metaspace   ] GC(500) Metaspace: 119410K(120640K)->119410K(120640K) NonClass: 101416K(101888K)->101416K(101888K) Class: 17994K(18752K)->17994K(18752K)
[159.328s][info][gc             ] GC(500) Pause Young (Concurrent Start) (G1 Humongous Allocation) 493M->491M(512M) 1.741ms
[159.328s][info][gc             ] GC(501) Concurrent Mark Cycle
[159.328s][info][gc,cpu         ] GC(500) User=0.00s Sys=0.00s Real=0.00s
[159.328s][info][gc,marking     ] GC(501) Concurrent Scan Root Regions
[159.329s][info][gc,start       ] GC(502) Pause Young (Normal) (G1 Humongous Allocation)
[159.329s][info][gc,task        ] GC(502) Using 12 workers of 33 for evacuation
[159.330s][info][gc,marking     ] GC(501) Concurrent Scan Root Regions 1.617ms
[159.330s][info][gc,marking     ] GC(501) Concurrent Mark
[159.330s][info][gc,marking     ] GC(501) Concurrent Mark From Roots
[159.330s][info][gc,task        ] GC(501) Using 8 workers of 8 for marking
[159.331s][info][gc,phases      ] GC(502)   Pre Evacuate Collection Set: 0.8ms
[159.331s][info][gc,phases      ] GC(502)   Merge Heap Roots: 0.0ms
[159.331s][info][gc,phases      ] GC(502)   Evacuate Collection Set: 0.4ms
[159.331s][info][gc,phases      ] GC(502)   Post Evacuate Collection Set: 0.3ms
[159.331s][info][gc,phases      ] GC(502)   Other: 0.1ms
[159.331s][info][gc,heap        ] GC(502) Eden regions: 5->0(9)
[159.331s][info][gc,heap        ] GC(502) Survivor regions: 1->1(2)
[159.331s][info][gc,heap        ] GC(502) Old regions: 62->62
[159.331s][info][gc,heap        ] GC(502) Archive regions: 0->0
[159.331s][info][gc,heap        ] GC(502) Humongous regions: 439->439
[159.331s][info][gc,metaspace   ] GC(502) Metaspace: 119410K(120640K)->119410K(120640K) NonClass: 101416K(101888K)->101416K(101888K) Class: 17994K(18752K)->17994K(18752K)
[159.331s][info][gc             ] GC(502) Pause Young (Normal) (G1 Humongous Allocation) 498M->494M(512M) 1.695ms
[159.331s][info][gc,cpu         ] GC(502) User=0.00s Sys=0.00s Real=0.00s
[159.331s][info][gc,ergo        ] Attempting full compaction
[159.331s][info][gc,start       ] GC(503) Pause Full (G1 Compaction Pause)
[159.331s][info][gc,task        ] GC(503) Using 12 workers of 33 for full compaction
[159.332s][info][gc,phases,start] GC(503) Phase 1: Mark live objects
[159.351s][info][gc,phases      ] GC(503) Phase 1: Mark live objects 19.679ms
[159.351s][info][gc,phases,start] GC(503) Phase 2: Prepare compaction
[159.353s][info][gc,phases      ] GC(503) Phase 2: Prepare compaction 1.398ms
[159.353s][info][gc,phases,start] GC(503) Phase 3: Adjust pointers
[159.357s][info][gc,phases      ] GC(503) Phase 3: Adjust pointers 3.919ms
[159.357s][info][gc,phases,start] GC(503) Phase 4: Compact heap
[159.357s][info][gc,phases      ] GC(503) Phase 4: Compact heap 0.242ms
[159.364s][info][gc,heap        ] GC(503) Eden regions: 0->0(13)
[159.364s][info][gc,heap        ] GC(503) Survivor regions: 1->0(2)
[159.364s][info][gc,heap        ] GC(503) Old regions: 62->60
[159.364s][info][gc,heap        ] GC(503) Archive regions: 0->0
[159.364s][info][gc,heap        ] GC(503) Humongous regions: 439->439
[159.364s][info][gc,metaspace   ] GC(503) Metaspace: 119410K(120640K)->119410K(120640K) NonClass: 101416K(101888K)->101416K(101888K) Class: 17994K(18752K)->17994K(18752K)
[159.364s][info][gc             ] GC(503) Pause Full (G1 Compaction Pause) 494M->493M(512M) 32.960ms
[159.364s][info][gc,cpu         ] GC(503) User=0.33s Sys=0.00s Real=0.03s
[159.364s][info][gc,ergo        ] Attempting maximal full compaction clearing soft references
[159.364s][info][gc,start       ] GC(504) Pause Full (G1 Compaction Pause)
[159.364s][info][gc,task        ] GC(504) Using 12 workers of 33 for full compaction
[159.365s][info][gc,phases,start] GC(504) Phase 1: Mark live objects
[159.386s][info][gc,phases      ] GC(504) Phase 1: Mark live objects 20.675ms
[159.386s][info][gc,phases,start] GC(504) Phase 2: Prepare compaction
[159.388s][info][gc,phases      ] GC(504) Phase 2: Prepare compaction 2.352ms
[159.388s][info][gc,phases,start] GC(504) Phase 3: Adjust pointers
[159.393s][info][gc,phases      ] GC(504) Phase 3: Adjust pointers 5.365ms
[159.393s][info][gc,phases,start] GC(504) Phase 4: Compact heap
[159.396s][info][gc,phases      ] GC(504) Phase 4: Compact heap 2.648ms
[159.405s][info][gc,heap        ] GC(504) Eden regions: 0->0(13)
[159.405s][info][gc,heap        ] GC(504) Survivor regions: 0->0(2)
[159.405s][info][gc,heap        ] GC(504) Old regions: 60->60
[159.405s][info][gc,heap        ] GC(504) Archive regions: 0->0
[159.405s][info][gc,heap        ] GC(504) Humongous regions: 439->439
[159.405s][info][gc,metaspace   ] GC(504) Metaspace: 119410K(120640K)->119410K(120640K) NonClass: 101416K(101888K)->101416K(101888K) Class: 17994K(18752K)->17994K(18752K)
[159.405s][info][gc             ] GC(504) Pause Full (G1 Compaction Pause) 493M->493M(512M) 41.335ms
[159.405s][info][gc,cpu         ] GC(504) User=0.42s Sys=0.00s Real=0.05s
[159.406s][info][gc,marking     ] GC(501) Concurrent Mark From Roots 75.667ms
[159.406s][info][gc,marking     ] GC(501) Concurrent Mark Abort
[159.406s][info][gc             ] GC(501) Concurrent Mark Cycle 77.439ms
[159.409s][info][gc,start       ] GC(505) Pause Young (Normal) (G1 Evacuation Pause)
[159.409s][info][gc,task        ] GC(505) Using 12 workers of 33 for evacuation
[159.411s][info][gc,phases      ] GC(505)   Pre Evacuate Collection Set: 0.1ms
[159.411s][info][gc,phases      ] GC(505)   Merge Heap Roots: 0.1ms
[159.411s][info][gc,phases      ] GC(505)   Evacuate Collection Set: 1.7ms
[159.411s][info][gc,phases      ] GC(505)   Post Evacuate Collection Set: 0.6ms
[159.411s][info][gc,phases      ] GC(505)   Other: 0.1ms
[159.411s][info][gc,heap        ] GC(505) Eden regions: 13->0(0)
[159.412s][info][gc,heap        ] GC(505) Survivor regions: 0->0(0)
[159.412s][info][gc,heap        ] GC(505) Old regions: 60->73
[159.412s][info][gc,heap        ] GC(505) Archive regions: 0->0
[159.412s][info][gc,heap        ] GC(505) Humongous regions: 439->439
[159.412s][info][gc,metaspace   ] GC(505) Metaspace: 119417K(120640K)->119417K(120640K) NonClass: 101421K(101888K)->101421K(101888K) Class: 17996K(18752K)->17996K(18752K)
[159.412s][info][gc             ] GC(505) Pause Young (Normal) (G1 Evacuation Pause) (Evacuation Failure) 506M->506M(512M) 3.173ms
[159.412s][info][gc,cpu         ] GC(505) User=0.00s Sys=0.00s Real=0.00s
[159.412s][info][gc,ergo        ] Attempting full compaction
[159.412s][info][gc,start       ] GC(506) Pause Full (G1 Compaction Pause)
[159.412s][info][gc,task        ] GC(506) Using 12 workers of 33 for full compaction
[159.412s][info][gc,phases,start] GC(506) Phase 1: Mark live objects
[159.435s][info][gc,phases      ] GC(506) Phase 1: Mark live objects 22.506ms
[159.435s][info][gc,phases,start] GC(506) Phase 2: Prepare compaction
[159.436s][info][gc,phases      ] GC(506) Phase 2: Prepare compaction 1.305ms
[159.436s][info][gc,phases,start] GC(506) Phase 3: Adjust pointers
[159.440s][info][gc,phases      ] GC(506) Phase 3: Adjust pointers 3.780ms
[159.440s][info][gc,phases,start] GC(506) Phase 4: Compact heap
[159.440s][info][gc,phases      ] GC(506) Phase 4: Compact heap 0.367ms
[159.445s][info][gc,heap        ] GC(506) Eden regions: 0->0(25)
[159.445s][info][gc,heap        ] GC(506) Survivor regions: 0->0(0)
[159.445s][info][gc,heap        ] GC(506) Old regions: 73->60
[159.445s][info][gc,heap        ] GC(506) Archive regions: 0->0
[159.445s][info][gc,heap        ] GC(506) Humongous regions: 439->420
[159.445s][info][gc,metaspace   ] GC(506) Metaspace: 119417K(120640K)->119417K(120640K) NonClass: 101421K(101888K)->101421K(101888K) Class: 17996K(18752K)->17996K(18752K)
[159.445s][info][gc             ] GC(506) Pause Full (G1 Compaction Pause) 506M->474M(512M) 33.403ms
[159.445s][info][gc,cpu         ] GC(506) User=0.38s Sys=0.00s Real=0.03s
[159.448s][info][gc,start       ] GC(507) Pause Young (Concurrent Start) (G1 Humongous Allocation)
[159.448s][info][gc,task        ] GC(507) Using 12 workers of 33 for evacuation
[159.450s][info][gc,phases      ] GC(507)   Pre Evacuate Collection Set: 0.2ms
[159.450s][info][gc,phases      ] GC(507)   Merge Heap Roots: 0.0ms
[159.450s][info][gc,phases      ] GC(507)   Evacuate Collection Set: 1.0ms
[159.450s][info][gc,phases      ] GC(507)   Post Evacuate Collection Set: 0.4ms
[159.450s][info][gc,phases      ] GC(507)   Other: 0.1ms
[159.450s][info][gc,heap        ] GC(507) Eden regions: 10->0(24)
[159.450s][info][gc,heap        ] GC(507) Survivor regions: 0->1(4)
[159.450s][info][gc,heap        ] GC(507) Old regions: 60->60
[159.450s][info][gc,heap        ] GC(507) Archive regions: 0->0
[159.450s][info][gc,heap        ] GC(507) Humongous regions: 420->420
[159.450s][info][gc,metaspace   ] GC(507) Metaspace: 119434K(120640K)->119434K(120640K) NonClass: 101434K(101888K)->101434K(101888K) Class: 18000K(18752K)->18000K(18752K)
[159.450s][info][gc             ] GC(507) Pause Young (Concurrent Start) (G1 Humongous Allocation) 484M->474M(512M) 1.925ms
[159.450s][info][gc             ] GC(508) Concurrent Mark Cycle
[159.450s][info][gc,cpu         ] GC(507) User=0.00s Sys=0.00s Real=0.00s
[159.450s][info][gc,marking     ] GC(508) Concurrent Scan Root Regions
[159.453s][info][gc,start       ] GC(509) Pause Young (Normal) (G1 Evacuation Pause)
[159.453s][info][gc,task        ] GC(509) Using 12 workers of 33 for evacuation
[159.453s][info][gc,marking     ] GC(508) Concurrent Scan Root Regions 3.082ms
[159.453s][info][gc,marking     ] GC(508) Concurrent Mark
[159.453s][info][gc,marking     ] GC(508) Concurrent Mark From Roots
[159.453s][info][gc,task        ] GC(508) Using 8 workers of 8 for marking
[159.455s][info][gc,phases      ] GC(509)   Pre Evacuate Collection Set: 0.6ms
[159.455s][info][gc,phases      ] GC(509)   Merge Heap Roots: 0.0ms
[159.455s][info][gc,phases      ] GC(509)   Evacuate Collection Set: 0.6ms
[159.455s][info][gc,phases      ] GC(509)   Post Evacuate Collection Set: 0.3ms
[159.455s][info][gc,phases      ] GC(509)   Other: 0.1ms
[159.455s][info][gc,heap        ] GC(509) Eden regions: 24->0(24)
[159.455s][info][gc,heap        ] GC(509) Survivor regions: 1->1(4)
[159.455s][info][gc,heap        ] GC(509) Old regions: 60->60
[159.455s][info][gc,heap        ] GC(509) Archive regions: 0->0
[159.455s][info][gc,heap        ] GC(509) Humongous regions: 422->422
[159.455s][info][gc,metaspace   ] GC(509) Metaspace: 119440K(120704K)->119440K(120704K) NonClass: 101439K(101952K)->101439K(101952K) Class: 18000K(18752K)->18000K(18752K)
[159.455s][info][gc             ] GC(509) Pause Young (Normal) (G1 Evacuation Pause) 500M->477M(512M) 1.883ms
[159.455s][info][gc,cpu         ] GC(509) User=0.00s Sys=0.00s Real=0.00s
[159.457s][info][gc,start       ] GC(510) Pause Young (Normal) (G1 Humongous Allocation)
[159.457s][info][gc,task        ] GC(510) Using 12 workers of 33 for evacuation
[159.458s][info][gc,phases      ] GC(510)   Pre Evacuate Collection Set: 0.1ms
[159.458s][info][gc,phases      ] GC(510)   Merge Heap Roots: 0.0ms
[159.458s][info][gc,phases      ] GC(510)   Evacuate Collection Set: 0.6ms
[159.458s][info][gc,phases      ] GC(510)   Post Evacuate Collection Set: 0.3ms
[159.458s][info][gc,phases      ] GC(510)   Other: 0.1ms
[159.458s][info][gc,heap        ] GC(510) Eden regions: 23->0(24)
[159.458s][info][gc,heap        ] GC(510) Survivor regions: 1->1(3)
[159.458s][info][gc,heap        ] GC(510) Old regions: 60->60
[159.458s][info][gc,heap        ] GC(510) Archive regions: 0->0
[159.458s][info][gc,heap        ] GC(510) Humongous regions: 425->425
[159.458s][info][gc,metaspace   ] GC(510) Metaspace: 119445K(120704K)->119445K(120704K) NonClass: 101442K(101952K)->101442K(101952K) Class: 18002K(18752K)->18002K(18752K)
[159.458s][info][gc             ] GC(510) Pause Young (Normal) (G1 Humongous Allocation) 503M->479M(512M) 1.314ms
[159.458s][info][gc,cpu         ] GC(510) User=0.00s Sys=0.00s Real=0.00s
[159.460s][info][gc,start       ] GC(511) Pause Young (Normal) (G1 Evacuation Pause)
[159.460s][info][gc,task        ] GC(511) Using 12 workers of 33 for evacuation
[159.462s][info][gc,phases      ] GC(511)   Pre Evacuate Collection Set: 0.1ms
[159.462s][info][gc,phases      ] GC(511)   Merge Heap Roots: 0.1ms
[159.462s][info][gc,phases      ] GC(511)   Evacuate Collection Set: 0.7ms
[159.462s][info][gc,phases      ] GC(511)   Post Evacuate Collection Set: 0.5ms
[159.462s][info][gc,phases      ] GC(511)   Other: 0.1ms
[159.462s][info][gc,heap        ] GC(511) Eden regions: 19->0(3)
[159.462s][info][gc,heap        ] GC(511) Survivor regions: 1->0(0)
[159.462s][info][gc,heap        ] GC(511) Old regions: 60->77
[159.462s][info][gc,heap        ] GC(511) Archive regions: 0->0
[159.462s][info][gc,heap        ] GC(511) Humongous regions: 432->432
[159.462s][info][gc,metaspace   ] GC(511) Metaspace: 119459K(120704K)->119459K(120704K) NonClass: 101454K(101952K)->101454K(101952K) Class: 18004K(18752K)->18004K(18752K)
[159.462s][info][gc             ] GC(511) Pause Young (Normal) (G1 Evacuation Pause) (Evacuation Failure) 505M->502M(512M) 1.555ms
[159.462s][info][gc,cpu         ] GC(511) User=0.00s Sys=0.00s Real=0.00s
[159.462s][info][gc,start       ] GC(512) Pause Young (Normal) (G1 Evacuation Pause)
[159.463s][info][gc,task        ] GC(512) Using 12 workers of 33 for evacuation
[159.464s][info][gc,phases      ] GC(512)   Pre Evacuate Collection Set: 0.1ms
[159.464s][info][gc,phases      ] GC(512)   Merge Heap Roots: 0.0ms
[159.464s][info][gc,phases      ] GC(512)   Evacuate Collection Set: 0.5ms
[159.464s][info][gc,phases      ] GC(512)   Post Evacuate Collection Set: 0.3ms
[159.464s][info][gc,phases      ] GC(512)   Other: 0.0ms
[159.464s][info][gc,heap        ] GC(512) Eden regions: 3->0(0)
[159.464s][info][gc,heap        ] GC(512) Survivor regions: 0->0(0)
[159.464s][info][gc,heap        ] GC(512) Old regions: 77->80
[159.464s][info][gc,heap        ] GC(512) Archive regions: 0->0
[159.464s][info][gc,heap        ] GC(512) Humongous regions: 432->432
[159.464s][info][gc,metaspace   ] GC(512) Metaspace: 119462K(120704K)->119462K(120704K) NonClass: 101457K(101952K)->101457K(101952K) Class: 18004K(18752K)->18004K(18752K)
[159.464s][info][gc             ] GC(512) Pause Young (Normal) (G1 Evacuation Pause) (Evacuation Failure) 505M->505M(512M) 1.217ms
[159.464s][info][gc,cpu         ] GC(512) User=0.00s Sys=0.00s Real=0.00s
[159.464s][info][gc,ergo        ] Attempting full compaction
[159.464s][info][gc,start       ] GC(513) Pause Full (G1 Compaction Pause)
[159.464s][info][gc,task        ] GC(513) Using 12 workers of 33 for full compaction
[159.464s][info][gc,phases,start] GC(513) Phase 1: Mark live objects
[159.484s][info][gc,phases      ] GC(513) Phase 1: Mark live objects 20.089ms
[159.484s][info][gc,phases,start] GC(513) Phase 2: Prepare compaction
[159.486s][info][gc,phases      ] GC(513) Phase 2: Prepare compaction 1.389ms
[159.486s][info][gc,phases,start] GC(513) Phase 3: Adjust pointers
[159.490s][info][gc,phases      ] GC(513) Phase 3: Adjust pointers 4.324ms
[159.490s][info][gc,phases,start] GC(513) Phase 4: Compact heap
[159.491s][info][gc,phases      ] GC(513) Phase 4: Compact heap 0.373ms
[159.498s][info][gc,heap        ] GC(513) Eden regions: 0->0(25)
[159.498s][info][gc,heap        ] GC(513) Survivor regions: 0->0(0)
[159.498s][info][gc,heap        ] GC(513) Old regions: 80->60
[159.498s][info][gc,heap        ] GC(513) Archive regions: 0->0
[159.499s][info][gc,heap        ] GC(513) Humongous regions: 432->427
[159.499s][info][gc,metaspace   ] GC(513) Metaspace: 119462K(120704K)->119462K(120704K) NonClass: 101457K(101952K)->101457K(101952K) Class: 18004K(18752K)->18004K(18752K)
[159.499s][info][gc             ] GC(513) Pause Full (G1 Compaction Pause) 505M->480M(512M) 34.888ms
[159.499s][info][gc,cpu         ] GC(513) User=0.39s Sys=0.00s Real=0.04s
[159.499s][info][gc,marking     ] GC(508) Concurrent Mark From Roots 45.381ms
[159.499s][info][gc,marking     ] GC(508) Concurrent Mark Abort
[159.499s][info][gc             ] GC(508) Concurrent Mark Cycle 48.630ms
[159.500s][info][gc,start       ] GC(514) Pause Young (Concurrent Start) (G1 Humongous Allocation)
[159.500s][info][gc,task        ] GC(514) Using 12 workers of 33 for evacuation
[159.501s][info][gc,phases      ] GC(514)   Pre Evacuate Collection Set: 0.2ms
[159.501s][info][gc,phases      ] GC(514)   Merge Heap Roots: 0.0ms
[159.501s][info][gc,phases      ] GC(514)   Evacuate Collection Set: 0.9ms
[159.501s][info][gc,phases      ] GC(514)   Post Evacuate Collection Set: 0.4ms
[159.501s][info][gc,phases      ] GC(514)   Other: 0.1ms
[159.501s][info][gc,heap        ] GC(514) Eden regions: 3->0(23)
[159.501s][info][gc,heap        ] GC(514) Survivor regions: 0->1(4)
[159.501s][info][gc,heap        ] GC(514) Old regions: 60->60
[159.501s][info][gc,heap        ] GC(514) Archive regions: 0->0
[159.501s][info][gc,heap        ] GC(514) Humongous regions: 427->427
[159.501s][info][gc,metaspace   ] GC(514) Metaspace: 119464K(120704K)->119464K(120704K) NonClass: 101459K(101952K)->101459K(101952K) Class: 18005K(18752K)->18005K(18752K)
[159.502s][info][gc             ] GC(514) Pause Young (Concurrent Start) (G1 Humongous Allocation) 483M->480M(512M) 2.030ms
[159.502s][info][gc             ] GC(515) Concurrent Mark Cycle
[159.502s][info][gc,cpu         ] GC(514) User=0.00s Sys=0.00s Real=0.00s
[159.502s][info][gc,marking     ] GC(515) Concurrent Scan Root Regions
[159.504s][info][gc,marking     ] GC(515) Concurrent Scan Root Regions 2.428ms
[159.504s][info][gc,marking     ] GC(515) Concurrent Mark
[159.504s][info][gc,marking     ] GC(515) Concurrent Mark From Roots
[159.504s][info][gc,task        ] GC(515) Using 8 workers of 8 for marking
[159.519s][info][gc,marking     ] GC(515) Concurrent Mark From Roots 14.916ms
[159.519s][info][gc,marking     ] GC(515) Concurrent Preclean
[159.520s][info][gc,marking     ] GC(515) Concurrent Preclean 0.416ms
[159.520s][info][gc,start       ] GC(515) Pause Remark
[159.521s][info][gc             ] GC(515) Pause Remark 498M->498M(512M) 1.658ms
[159.521s][info][gc,cpu         ] GC(515) User=0.00s Sys=0.00s Real=0.00s
[159.521s][info][gc,marking     ] GC(515) Concurrent Mark 17.298ms
[159.521s][info][gc,marking     ] GC(515) Concurrent Rebuild Remembered Sets and Scrub Regions
[159.525s][info][gc,marking     ] GC(515) Concurrent Rebuild Remembered Sets and Scrub Regions 3.980ms
[159.526s][info][gc,start       ] GC(515) Pause Cleanup
[159.526s][info][gc             ] GC(515) Pause Cleanup 500M->500M(512M) 0.237ms
[159.526s][info][gc,cpu         ] GC(515) User=0.00s Sys=0.00s Real=0.00s
[159.526s][info][gc,marking     ] GC(515) Concurrent Clear Claimed Marks
[159.526s][info][gc,marking     ] GC(515) Concurrent Clear Claimed Marks 0.086ms
[159.526s][info][gc,marking     ] GC(515) Concurrent Cleanup for Next Mark
[159.526s][info][gc,marking     ] GC(515) Concurrent Cleanup for Next Mark 0.343ms
[159.526s][info][gc             ] GC(515) Concurrent Mark Cycle 24.812ms
[159.617s][info][gc,start       ] GC(516) Pause Young (Prepare Mixed) (G1 Evacuation Pause)
[159.618s][info][gc,task        ] GC(516) Using 12 workers of 33 for evacuation
[159.621s][info][gc,phases      ] GC(516)   Pre Evacuate Collection Set: 0.2ms
[159.621s][info][gc,phases      ] GC(516)   Merge Heap Roots: 0.5ms
[159.621s][info][gc,phases      ] GC(516)   Evacuate Collection Set: 2.0ms
[159.621s][info][gc,phases      ] GC(516)   Post Evacuate Collection Set: 0.9ms
[159.621s][info][gc,phases      ] GC(516)   Other: 0.1ms
[159.621s][info][gc,heap        ] GC(516) Eden regions: 23->0(0)
[159.621s][info][gc,heap        ] GC(516) Survivor regions: 1->0(0)
[159.621s][info][gc,heap        ] GC(516) Old regions: 60->84
[159.622s][info][gc,heap        ] GC(516) Archive regions: 0->0
[159.622s][info][gc,heap        ] GC(516) Humongous regions: 428->428
[159.622s][info][gc,metaspace   ] GC(516) Metaspace: 120083K(121216K)->120083K(121216K) NonClass: 101953K(102464K)->101953K(102464K) Class: 18130K(18752K)->18130K(18752K)
[159.622s][info][gc             ] GC(516) Pause Young (Prepare Mixed) (G1 Evacuation Pause) (Evacuation Failure) 504M->504M(512M) 4.126ms
[159.622s][info][gc,cpu         ] GC(516) User=0.27s Sys=0.00s Real=0.00s
[159.622s][info][gc,ergo        ] Attempting full compaction
[159.622s][info][gc,start       ] GC(517) Pause Full (G1 Compaction Pause)
[159.622s][info][gc,task        ] GC(517) Using 12 workers of 33 for full compaction
[159.622s][info][gc,phases,start] GC(517) Phase 1: Mark live objects
[159.651s][info][gc,phases      ] GC(517) Phase 1: Mark live objects 29.168ms
[159.651s][info][gc,phases,start] GC(517) Phase 2: Prepare compaction
[159.653s][info][gc,phases      ] GC(517) Phase 2: Prepare compaction 1.866ms
[159.653s][info][gc,phases,start] GC(517) Phase 3: Adjust pointers
[159.658s][info][gc,phases      ] GC(517) Phase 3: Adjust pointers 4.516ms
[159.658s][info][gc,phases,start] GC(517) Phase 4: Compact heap
[159.659s][info][gc,phases      ] GC(517) Phase 4: Compact heap 0.935ms
[159.663s][info][gc,heap        ] GC(517) Eden regions: 0->0(114)
[159.664s][info][gc,heap        ] GC(517) Survivor regions: 0->0(0)
[159.664s][info][gc,heap        ] GC(517) Old regions: 84->51
[159.664s][info][gc,heap        ] GC(517) Archive regions: 0->0
[159.664s][info][gc,heap        ] GC(517) Humongous regions: 428->6
[159.664s][info][gc,metaspace   ] GC(517) Metaspace: 120083K(121216K)->120078K(121216K) NonClass: 101953K(102464K)->101948K(102464K) Class: 18130K(18752K)->18129K(18752K)
[159.664s][info][gc             ] GC(517) Pause Full (G1 Compaction Pause) 504M->50M(190M) 41.919ms
[159.664s][info][gc,cpu         ] GC(517) User=0.41s Sys=0.00s Real=0.04s
[159.717s][info][gc,heap,exit   ] Heap
[159.717s][info][gc,heap,exit   ]  garbage-first heap   total 194560K, used 55531K [0x00000000e0000000, 0x0000000100000000)
[159.717s][info][gc,heap,exit   ]   region size 1024K, 4 young (4096K), 0 survivors (0K)
[159.717s][info][gc,heap,exit   ]  Metaspace       used 120270K, committed 121408K, reserved 1179648K
[159.717s][info][gc,heap,exit   ]   class space    used 18160K, committed 18752K, reserved 1048576K
