[0.015s][info][gc,init] CardTable entry size: 512
[0.015s][info][gc     ] Using G1
[0.038s][info][gc,init] Version: 20+36-2344 (release)
[0.038s][info][gc,init] CPUs: 48 total, 48 available
[0.038s][info][gc,init] Memory: 382G
[0.038s][info][gc,init] Large Page Support: Disabled
[0.038s][info][gc,init] NUMA Support: Disabled
[0.038s][info][gc,init] Compressed Oops: Enabled (32-bit)
[0.038s][info][gc,init] Heap Region Size: 1M
[0.038s][info][gc,init] Heap Min Capacity: 8M
[0.038s][info][gc,init] Heap Initial Capacity: 2G
[0.038s][info][gc,init] Heap Max Capacity: 2G
[0.046s][info][gc,init] Pre-touch: Disabled
[0.046s][info][gc,init] Parallel Workers: 33
[0.046s][info][gc,init] Concurrent Workers: 8
[0.046s][info][gc,init] Concurrent Refinement Workers: 33
[0.046s][info][gc,init] Periodic GC: Disabled
[0.047s][info][gc,metaspace] CDS archive(s) mapped at: [0x0000000800000000-0x0000000800c60000-0x0000000800c60000), size 12976128, SharedBaseAddress: 0x0000000800000000, ArchiveRelocationMode: 0.
[0.047s][info][gc,metaspace] Compressed class space mapped at: 0x0000000801000000-0x0000000841000000, reserved size: 1073741824
[0.047s][info][gc,metaspace] Narrow klass base: 0x0000000800000000, Narrow klass shift: 0, Narrow klass range: 0x100000000
[9.949s][info][gc,start    ] GC(0) Pause Young (Concurrent Start) (Metadata GC Threshold)
[9.951s][info][gc,task     ] GC(0) Using 33 workers of 33 for evacuation
[9.969s][info][gc,phases   ] GC(0)   Pre Evacuate Collection Set: 0.8ms
[9.969s][info][gc,phases   ] GC(0)   Merge Heap Roots: 0.3ms
[9.969s][info][gc,phases   ] GC(0)   Evacuate Collection Set: 16.1ms
[9.969s][info][gc,phases   ] GC(0)   Post Evacuate Collection Set: 1.1ms
[9.969s][info][gc,phases   ] GC(0)   Other: 2.1ms
[9.969s][info][gc,heap     ] GC(0) Eden regions: 75->0(89)
[9.970s][info][gc,heap     ] GC(0) Survivor regions: 0->13(13)
[9.970s][info][gc,heap     ] GC(0) Old regions: 0->2
[9.970s][info][gc,heap     ] GC(0) Archive regions: 0->0
[9.970s][info][gc,heap     ] GC(0) Humongous regions: 6->6
[9.970s][info][gc,metaspace] GC(0) Metaspace: 21265K(21504K)->21265K(21504K) NonClass: 18546K(18688K)->18546K(18688K) Class: 2719K(2816K)->2719K(2816K)
[9.970s][info][gc          ] GC(0) Pause Young (Concurrent Start) (Metadata GC Threshold) 81M->20M(2048M) 21.080ms
[9.970s][info][gc          ] GC(1) Concurrent Mark Cycle
[9.970s][info][gc,cpu      ] GC(0) User=0.27s Sys=0.25s Real=0.02s
[9.970s][info][gc,marking  ] GC(1) Concurrent Scan Root Regions
[9.972s][info][gc,marking  ] GC(1) Concurrent Scan Root Regions 2.697ms
[9.973s][info][gc,marking  ] GC(1) Concurrent Mark
[9.973s][info][gc,marking  ] GC(1) Concurrent Mark From Roots
[9.973s][info][gc,task     ] GC(1) Using 8 workers of 8 for marking
[9.973s][info][gc,marking  ] GC(1) Concurrent Mark From Roots 0.771ms
[9.973s][info][gc,marking  ] GC(1) Concurrent Preclean
[9.973s][info][gc,marking  ] GC(1) Concurrent Preclean 0.020ms
[9.973s][info][gc,start    ] GC(1) Pause Remark
[9.976s][info][gc          ] GC(1) Pause Remark 21M->21M(74M) 2.456ms
[9.976s][info][gc,cpu      ] GC(1) User=0.00s Sys=0.00s Real=0.00s
[9.976s][info][gc,marking  ] GC(1) Concurrent Mark 3.474ms
[9.976s][info][gc,marking  ] GC(1) Concurrent Rebuild Remembered Sets and Scrub Regions
[9.978s][info][gc,marking  ] GC(1) Concurrent Rebuild Remembered Sets and Scrub Regions 1.602ms
[9.978s][info][gc,start    ] GC(1) Pause Cleanup
[9.978s][info][gc          ] GC(1) Pause Cleanup 21M->21M(74M) 0.091ms
[9.978s][info][gc,cpu      ] GC(1) User=0.00s Sys=0.00s Real=0.00s
[9.978s][info][gc,marking  ] GC(1) Concurrent Clear Claimed Marks
[9.978s][info][gc,marking  ] GC(1) Concurrent Clear Claimed Marks 0.024ms
[9.978s][info][gc,marking  ] GC(1) Concurrent Cleanup for Next Mark
[9.978s][info][gc,marking  ] GC(1) Concurrent Cleanup for Next Mark 0.442ms
[9.978s][info][gc          ] GC(1) Concurrent Mark Cycle 8.711ms
[10.714s][info][gc,start    ] GC(2) Pause Young (Prepare Mixed) (G1 Evacuation Pause)
[10.714s][info][gc,task     ] GC(2) Using 17 workers of 33 for evacuation
[10.725s][info][gc,phases   ] GC(2)   Pre Evacuate Collection Set: 0.2ms
[10.726s][info][gc,phases   ] GC(2)   Merge Heap Roots: 0.1ms
[10.726s][info][gc,phases   ] GC(2)   Evacuate Collection Set: 10.0ms
[10.726s][info][gc,phases   ] GC(2)   Post Evacuate Collection Set: 1.2ms
[10.726s][info][gc,phases   ] GC(2)   Other: 0.3ms
[10.726s][info][gc,heap     ] GC(2) Eden regions: 53->0(39)
[10.726s][info][gc,heap     ] GC(2) Survivor regions: 13->4(13)
[10.726s][info][gc,heap     ] GC(2) Old regions: 2->16
[10.726s][info][gc,heap     ] GC(2) Archive regions: 0->0
[10.726s][info][gc,heap     ] GC(2) Humongous regions: 6->6
[10.726s][info][gc,metaspace] GC(2) Metaspace: 32253K(32576K)->32253K(32576K) NonClass: 28174K(28352K)->28174K(28352K) Class: 4078K(4224K)->4078K(4224K)
[10.726s][info][gc          ] GC(2) Pause Young (Prepare Mixed) (G1 Evacuation Pause) 73M->24M(92M) 12.347ms
[10.726s][info][gc,cpu      ] GC(2) User=0.13s Sys=0.16s Real=0.02s
[10.937s][info][gc,start    ] GC(3) Pause Young (Mixed) (Metadata GC Threshold)
[10.937s][info][gc,task     ] GC(3) Using 9 workers of 33 for evacuation
[10.942s][info][gc,phases   ] GC(3)   Pre Evacuate Collection Set: 0.1ms
[10.942s][info][gc,phases   ] GC(3)   Merge Heap Roots: 0.1ms
[10.942s][info][gc,phases   ] GC(3)   Evacuate Collection Set: 3.5ms
[10.942s][info][gc,phases   ] GC(3)   Post Evacuate Collection Set: 0.5ms
[10.942s][info][gc,phases   ] GC(3)   Other: 0.1ms
[10.942s][info][gc,heap     ] GC(3) Eden regions: 13->0(37)
[10.942s][info][gc,heap     ] GC(3) Survivor regions: 4->3(6)
[10.942s][info][gc,heap     ] GC(3) Old regions: 16->19
[10.942s][info][gc,heap     ] GC(3) Archive regions: 0->0
[10.942s][info][gc,heap     ] GC(3) Humongous regions: 6->6
[10.942s][info][gc,metaspace] GC(3) Metaspace: 35584K(35968K)->35584K(35968K) NonClass: 31095K(31296K)->31095K(31296K) Class: 4488K(4672K)->4488K(4672K)
[10.942s][info][gc          ] GC(3) Pause Young (Mixed) (Metadata GC Threshold) 37M->27M(92M) 4.984ms
[10.942s][info][gc,cpu      ] GC(3) User=0.00s Sys=0.00s Real=0.00s
[10.977s][info][gc,start    ] GC(4) Pause Young (Concurrent Start) (Metadata GC Threshold)
[10.977s][info][gc,task     ] GC(4) Using 5 workers of 33 for evacuation
[10.979s][info][gc,phases   ] GC(4)   Pre Evacuate Collection Set: 0.3ms
[10.979s][info][gc,phases   ] GC(4)   Merge Heap Roots: 0.1ms
[10.979s][info][gc,phases   ] GC(4)   Evacuate Collection Set: 1.5ms
[10.979s][info][gc,phases   ] GC(4)   Post Evacuate Collection Set: 0.6ms
[10.979s][info][gc,phases   ] GC(4)   Other: 0.1ms
[10.979s][info][gc,heap     ] GC(4) Eden regions: 3->0(45)
[10.979s][info][gc,heap     ] GC(4) Survivor regions: 3->2(5)
[10.979s][info][gc,heap     ] GC(4) Old regions: 19->19
[10.979s][info][gc,heap     ] GC(4) Archive regions: 0->0
[10.979s][info][gc,heap     ] GC(4) Humongous regions: 6->6
[10.980s][info][gc,metaspace] GC(4) Metaspace: 35942K(36288K)->35942K(36288K) NonClass: 31410K(31616K)->31410K(31616K) Class: 4532K(4672K)->4532K(4672K)
[10.980s][info][gc          ] GC(4) Pause Young (Concurrent Start) (Metadata GC Threshold) 29M->26M(92M) 3.080ms
[10.980s][info][gc          ] GC(5) Concurrent Mark Cycle
[10.980s][info][gc,cpu      ] GC(4) User=0.02s Sys=0.00s Real=0.01s
[10.980s][info][gc,marking  ] GC(5) Concurrent Scan Root Regions
[10.981s][info][gc,marking  ] GC(5) Concurrent Scan Root Regions 1.611ms
[10.981s][info][gc,marking  ] GC(5) Concurrent Mark
[10.981s][info][gc,marking  ] GC(5) Concurrent Mark From Roots
[10.981s][info][gc,task     ] GC(5) Using 8 workers of 8 for marking
[10.991s][info][gc,marking  ] GC(5) Concurrent Mark From Roots 9.896ms
[10.991s][info][gc,marking  ] GC(5) Concurrent Preclean
[10.991s][info][gc,marking  ] GC(5) Concurrent Preclean 0.065ms
[10.992s][info][gc,start    ] GC(5) Pause Remark
[10.996s][info][gc          ] GC(5) Pause Remark 27M->27M(92M) 4.295ms
[10.996s][info][gc,cpu      ] GC(5) User=0.09s Sys=0.00s Real=0.02s
[10.996s][info][gc,marking  ] GC(5) Concurrent Mark 14.577ms
[10.996s][info][gc,marking  ] GC(5) Concurrent Rebuild Remembered Sets and Scrub Regions
[10.999s][info][gc,marking  ] GC(5) Concurrent Rebuild Remembered Sets and Scrub Regions 3.320ms
[10.999s][info][gc,start    ] GC(5) Pause Cleanup
[11.000s][info][gc          ] GC(5) Pause Cleanup 27M->27M(92M) 0.130ms
[11.000s][info][gc,cpu      ] GC(5) User=0.00s Sys=0.00s Real=0.00s
[11.000s][info][gc,marking  ] GC(5) Concurrent Clear Claimed Marks
[11.000s][info][gc,marking  ] GC(5) Concurrent Clear Claimed Marks 0.047ms
[11.000s][info][gc,marking  ] GC(5) Concurrent Cleanup for Next Mark
[11.000s][info][gc,marking  ] GC(5) Concurrent Cleanup for Next Mark 0.247ms
[11.000s][info][gc          ] GC(5) Concurrent Mark Cycle 20.418ms
[11.752s][info][gc,start    ] GC(6) Pause Young (Prepare Mixed) (G1 Evacuation Pause)
[11.752s][info][gc,task     ] GC(6) Using 3 workers of 33 for evacuation
[11.767s][info][gc,phases   ] GC(6)   Pre Evacuate Collection Set: 0.1ms
[11.767s][info][gc,phases   ] GC(6)   Merge Heap Roots: 0.1ms
[11.767s][info][gc,phases   ] GC(6)   Evacuate Collection Set: 7.8ms
[11.767s][info][gc,phases   ] GC(6)   Post Evacuate Collection Set: 6.3ms
[11.767s][info][gc,phases   ] GC(6)   Other: 0.1ms
[11.767s][info][gc,heap     ] GC(6) Eden regions: 45->0(159)
[11.767s][info][gc,heap     ] GC(6) Survivor regions: 2->4(6)
[11.767s][info][gc,heap     ] GC(6) Old regions: 19->19
[11.767s][info][gc,heap     ] GC(6) Archive regions: 0->0
[11.767s][info][gc,heap     ] GC(6) Humongous regions: 6->6
[11.767s][info][gc,metaspace] GC(6) Metaspace: 42273K(42624K)->42273K(42624K) NonClass: 36976K(37184K)->36976K(37184K) Class: 5296K(5440K)->5296K(5440K)
[11.767s][info][gc          ] GC(6) Pause Young (Prepare Mixed) (G1 Evacuation Pause) 71M->28M(1070M) 14.576ms
[11.767s][info][gc,cpu      ] GC(6) User=0.00s Sys=0.02s Real=0.02s
[73.986s][info][gc,start    ] GC(7) Pause Young (Mixed) (G1 Evacuation Pause)
[73.986s][info][gc,task     ] GC(7) Using 25 workers of 33 for evacuation
[73.991s][info][gc,phases   ] GC(7)   Pre Evacuate Collection Set: 0.2ms
[73.991s][info][gc,phases   ] GC(7)   Merge Heap Roots: 0.2ms
[73.991s][info][gc,phases   ] GC(7)   Evacuate Collection Set: 3.0ms
[73.991s][info][gc,phases   ] GC(7)   Post Evacuate Collection Set: 1.0ms
[73.991s][info][gc,phases   ] GC(7)   Other: 0.3ms
[73.991s][info][gc,heap     ] GC(7) Eden regions: 159->0(638)
[73.991s][info][gc,heap     ] GC(7) Survivor regions: 4->4(21)
[73.991s][info][gc,heap     ] GC(7) Old regions: 19->19
[73.991s][info][gc,heap     ] GC(7) Archive regions: 0->0
[73.991s][info][gc,heap     ] GC(7) Humongous regions: 6->6
[73.991s][info][gc,metaspace] GC(7) Metaspace: 42743K(43136K)->42743K(43136K) NonClass: 37379K(37632K)->37379K(37632K) Class: 5363K(5504K)->5363K(5504K)
[73.991s][info][gc          ] GC(7) Pause Young (Mixed) (G1 Evacuation Pause) 187M->27M(1070M) 5.177ms
[73.991s][info][gc,cpu      ] GC(7) User=0.00s Sys=0.00s Real=0.00s
[78.256s][info][gc,start    ] GC(8) Pause Young (Concurrent Start) (Metadata GC Threshold)
[78.256s][info][gc,task     ] GC(8) Using 25 workers of 33 for evacuation
[78.262s][info][gc,phases   ] GC(8)   Pre Evacuate Collection Set: 0.3ms
[78.263s][info][gc,phases   ] GC(8)   Merge Heap Roots: 0.1ms
[78.263s][info][gc,phases   ] GC(8)   Evacuate Collection Set: 4.7ms
[78.263s][info][gc,phases   ] GC(8)   Post Evacuate Collection Set: 1.0ms
[78.263s][info][gc,phases   ] GC(8)   Other: 0.1ms
[78.263s][info][gc,heap     ] GC(8) Eden regions: 104->0(633)
[78.263s][info][gc,heap     ] GC(8) Survivor regions: 4->9(81)
[78.263s][info][gc,heap     ] GC(8) Old regions: 19->19
[78.263s][info][gc,heap     ] GC(8) Archive regions: 0->0
[78.263s][info][gc,heap     ] GC(8) Humongous regions: 6->6
[78.263s][info][gc,metaspace] GC(8) Metaspace: 60474K(60928K)->60474K(60928K) NonClass: 53076K(53312K)->53076K(53312K) Class: 7397K(7616K)->7397K(7616K)
[78.263s][info][gc          ] GC(8) Pause Young (Concurrent Start) (Metadata GC Threshold) 131M->32M(1070M) 6.864ms
[78.263s][info][gc          ] GC(9) Concurrent Mark Cycle
[78.263s][info][gc,cpu      ] GC(8) User=0.39s Sys=0.00s Real=0.02s
[78.263s][info][gc,marking  ] GC(9) Concurrent Scan Root Regions
[78.265s][info][gc,marking  ] GC(9) Concurrent Scan Root Regions 2.370ms
[78.265s][info][gc,marking  ] GC(9) Concurrent Mark
[78.266s][info][gc,marking  ] GC(9) Concurrent Mark From Roots
[78.266s][info][gc,task     ] GC(9) Using 8 workers of 8 for marking
[78.271s][info][gc,marking  ] GC(9) Concurrent Mark From Roots 5.389ms
[78.271s][info][gc,marking  ] GC(9) Concurrent Preclean
[78.271s][info][gc,marking  ] GC(9) Concurrent Preclean 0.069ms
[78.271s][info][gc,start    ] GC(9) Pause Remark
[78.275s][info][gc          ] GC(9) Pause Remark 34M->34M(120M) 3.780ms
[78.275s][info][gc,cpu      ] GC(9) User=0.00s Sys=0.00s Real=0.00s
[78.275s][info][gc,marking  ] GC(9) Concurrent Mark 9.573ms
[78.275s][info][gc,marking  ] GC(9) Concurrent Rebuild Remembered Sets and Scrub Regions
[78.278s][info][gc,marking  ] GC(9) Concurrent Rebuild Remembered Sets and Scrub Regions 2.756ms
[78.278s][info][gc,start    ] GC(9) Pause Cleanup
[78.278s][info][gc          ] GC(9) Pause Cleanup 34M->34M(120M) 0.145ms
[78.278s][info][gc,cpu      ] GC(9) User=0.00s Sys=0.00s Real=0.00s
[78.278s][info][gc,marking  ] GC(9) Concurrent Clear Claimed Marks
[78.278s][info][gc,marking  ] GC(9) Concurrent Clear Claimed Marks 0.051ms
[78.278s][info][gc,marking  ] GC(9) Concurrent Cleanup for Next Mark
[78.279s][info][gc,marking  ] GC(9) Concurrent Cleanup for Next Mark 0.414ms
[78.279s][info][gc          ] GC(9) Concurrent Mark Cycle 15.775ms
[79.633s][info][gc,start    ] GC(10) Pause Young (Prepare Mixed) (G1 Evacuation Pause)
[79.633s][info][gc,task     ] GC(10) Using 13 workers of 33 for evacuation
[79.644s][info][gc,phases   ] GC(10)   Pre Evacuate Collection Set: 0.2ms
[79.644s][info][gc,phases   ] GC(10)   Merge Heap Roots: 0.1ms
[79.644s][info][gc,phases   ] GC(10)   Evacuate Collection Set: 9.8ms
[79.644s][info][gc,phases   ] GC(10)   Post Evacuate Collection Set: 1.2ms
[79.645s][info][gc,phases   ] GC(10)   Other: 0.1ms
[79.645s][info][gc,heap     ] GC(10) Eden regions: 86->0(66)
[79.645s][info][gc,heap     ] GC(10) Survivor regions: 9->15(81)
[79.645s][info][gc,heap     ] GC(10) Old regions: 19->19
[79.645s][info][gc,heap     ] GC(10) Archive regions: 0->0
[79.645s][info][gc,heap     ] GC(10) Humongous regions: 6->6
[79.645s][info][gc,metaspace] GC(10) Metaspace: 83679K(84224K)->83679K(84224K) NonClass: 73300K(73600K)->73300K(73600K) Class: 10378K(10624K)->10378K(10624K)
[79.645s][info][gc          ] GC(10) Pause Young (Prepare Mixed) (G1 Evacuation Pause) 118M->38M(135M) 11.939ms
[79.645s][info][gc,cpu      ] GC(10) User=0.19s Sys=0.02s Real=0.01s
[79.688s][info][gc,start    ] GC(11) Pause Full (System.gc())
[79.688s][info][gc,task     ] GC(11) Using 8 workers of 33 for full compaction
[79.689s][info][gc,phases,start] GC(11) Phase 1: Mark live objects
[79.709s][info][gc,phases      ] GC(11) Phase 1: Mark live objects 19.722ms
[79.709s][info][gc,phases,start] GC(11) Phase 2: Prepare compaction
[79.711s][info][gc,phases      ] GC(11) Phase 2: Prepare compaction 2.347ms
[79.711s][info][gc,phases,start] GC(11) Phase 3: Adjust pointers
[79.716s][info][gc,phases      ] GC(11) Phase 3: Adjust pointers 5.492ms
[79.716s][info][gc,phases,start] GC(11) Phase 4: Compact heap
[79.719s][info][gc,phases      ] GC(11) Phase 4: Compact heap 2.101ms
[79.727s][info][gc,heap        ] GC(11) Eden regions: 4->0(76)
[79.727s][info][gc,heap        ] GC(11) Survivor regions: 15->0(81)
[79.727s][info][gc,heap        ] GC(11) Old regions: 19->34
[79.727s][info][gc,heap        ] GC(11) Archive regions: 0->0
[79.727s][info][gc,heap        ] GC(11) Humongous regions: 6->6
[79.727s][info][gc,metaspace   ] GC(11) Metaspace: 84443K(84992K)->84443K(84992K) NonClass: 73959K(74240K)->73959K(74240K) Class: 10484K(10752K)->10484K(10752K)
[79.727s][info][gc             ] GC(11) Pause Full (System.gc()) 42M->35M(134M) 38.952ms
[79.727s][info][gc,cpu         ] GC(11) User=0.17s Sys=0.00s Real=0.05s
[80.885s][info][gc,start       ] GC(12) Pause Young (Normal) (G1 Evacuation Pause)
[80.885s][info][gc,task        ] GC(12) Using 5 workers of 33 for evacuation
[80.897s][info][gc,phases      ] GC(12)   Pre Evacuate Collection Set: 0.1ms
[80.897s][info][gc,phases      ] GC(12)   Merge Heap Roots: 0.1ms
[80.898s][info][gc,phases      ] GC(12)   Evacuate Collection Set: 10.6ms
[80.898s][info][gc,phases      ] GC(12)   Post Evacuate Collection Set: 1.0ms
[80.898s][info][gc,phases      ] GC(12)   Other: 0.1ms
[80.898s][info][gc,heap        ] GC(12) Eden regions: 76->0(70)
[80.898s][info][gc,heap        ] GC(12) Survivor regions: 0->7(10)
[80.898s][info][gc,heap        ] GC(12) Old regions: 34->34
[80.898s][info][gc,heap        ] GC(12) Archive regions: 0->0
[80.898s][info][gc,heap        ] GC(12) Humongous regions: 16->6
[80.898s][info][gc,metaspace   ] GC(12) Metaspace: 98363K(99200K)->98363K(99200K) NonClass: 85841K(86272K)->85841K(86272K) Class: 12521K(12928K)->12521K(12928K)
[80.898s][info][gc             ] GC(12) Pause Young (Normal) (G1 Evacuation Pause) 121M->42M(134M) 12.539ms
[80.898s][info][gc,cpu         ] GC(12) User=0.00s Sys=0.00s Real=0.00s
[81.426s][info][gc,start       ] GC(13) Pause Young (Normal) (G1 Evacuation Pause)
[81.426s][info][gc,task        ] GC(13) Using 4 workers of 33 for evacuation
[81.436s][info][gc,phases      ] GC(13)   Pre Evacuate Collection Set: 0.1ms
[81.436s][info][gc,phases      ] GC(13)   Merge Heap Roots: 0.1ms
[81.436s][info][gc,phases      ] GC(13)   Evacuate Collection Set: 8.6ms
[81.436s][info][gc,phases      ] GC(13)   Post Evacuate Collection Set: 0.6ms
[81.436s][info][gc,phases      ] GC(13)   Other: 0.1ms
[81.436s][info][gc,heap        ] GC(13) Eden regions: 70->0(66)
[81.436s][info][gc,heap        ] GC(13) Survivor regions: 7->6(10)
[81.436s][info][gc,heap        ] GC(13) Old regions: 34->40
[81.436s][info][gc,heap        ] GC(13) Archive regions: 0->0
[81.436s][info][gc,heap        ] GC(13) Humongous regions: 6->6
[81.436s][info][gc,metaspace   ] GC(13) Metaspace: 103257K(105792K)->103257K(105792K) NonClass: 89464K(90880K)->89464K(90880K) Class: 13793K(14912K)->13793K(14912K)
[81.436s][info][gc             ] GC(13) Pause Young (Normal) (G1 Evacuation Pause) 112M->47M(134M) 9.747ms
[81.436s][info][gc,cpu         ] GC(13) User=0.00s Sys=0.00s Real=0.00s
[81.684s][info][gc,start       ] GC(14) Pause Young (Normal) (G1 Evacuation Pause)
[81.684s][info][gc,task        ] GC(14) Using 3 workers of 33 for evacuation
[81.700s][info][gc,phases      ] GC(14)   Pre Evacuate Collection Set: 0.1ms
[81.700s][info][gc,phases      ] GC(14)   Merge Heap Roots: 0.1ms
[81.700s][info][gc,phases      ] GC(14)   Evacuate Collection Set: 8.8ms
[81.700s][info][gc,phases      ] GC(14)   Post Evacuate Collection Set: 6.9ms
[81.700s][info][gc,phases      ] GC(14)   Other: 0.1ms
[81.700s][info][gc,heap        ] GC(14) Eden regions: 66->0(472)
[81.700s][info][gc,heap        ] GC(14) Survivor regions: 6->4(9)
[81.700s][info][gc,heap        ] GC(14) Old regions: 40->45
[81.700s][info][gc,heap        ] GC(14) Archive regions: 0->0
[81.700s][info][gc,heap        ] GC(14) Humongous regions: 6->6
[81.700s][info][gc,metaspace   ] GC(14) Metaspace: 108107K(113472K)->108107K(113472K) NonClass: 93071K(96064K)->93071K(96064K) Class: 15036K(17408K)->15036K(17408K)
[81.700s][info][gc             ] GC(14) Pause Young (Normal) (G1 Evacuation Pause) 113M->50M(1091M) 16.230ms
[81.700s][info][gc,cpu         ] GC(14) User=0.13s Sys=0.00s Real=0.02s
[85.965s][info][gc,start       ] GC(15) Pause Young (Normal) (G1 Evacuation Pause)
[85.965s][info][gc,task        ] GC(15) Using 26 workers of 33 for evacuation
[85.986s][info][gc,phases      ] GC(15)   Pre Evacuate Collection Set: 0.3ms
[85.986s][info][gc,phases      ] GC(15)   Merge Heap Roots: 0.4ms
[85.986s][info][gc,phases      ] GC(15)   Evacuate Collection Set: 18.3ms
[85.986s][info][gc,phases      ] GC(15)   Post Evacuate Collection Set: 1.2ms
[85.986s][info][gc,phases      ] GC(15)   Other: 0.4ms
[85.986s][info][gc,heap        ] GC(15) Eden regions: 472->0(635)
[85.986s][info][gc,heap        ] GC(15) Survivor regions: 4->19(60)
[85.986s][info][gc,heap        ] GC(15) Old regions: 45->45
[85.986s][info][gc,heap        ] GC(15) Archive regions: 0->0
[85.986s][info][gc,heap        ] GC(15) Humongous regions: 17->17
[85.986s][info][gc,metaspace   ] GC(15) Metaspace: 119484K(125824K)->119484K(125824K) NonClass: 101836K(105344K)->101836K(105344K) Class: 17647K(20480K)->17647K(20480K)
[85.986s][info][gc             ] GC(15) Pause Young (Normal) (G1 Evacuation Pause) 533M->76M(1091M) 20.911ms
[85.986s][info][gc,cpu         ] GC(15) User=0.16s Sys=0.25s Real=0.02s
[87.029s][info][gc,start       ] GC(16) Pause Young (Normal) (G1 Evacuation Pause)
[87.029s][info][gc,task        ] GC(16) Using 26 workers of 33 for evacuation
[87.043s][info][gc,phases      ] GC(16)   Pre Evacuate Collection Set: 0.2ms
[87.043s][info][gc,phases      ] GC(16)   Merge Heap Roots: 0.2ms
[87.043s][info][gc,phases      ] GC(16)   Evacuate Collection Set: 11.9ms
[87.043s][info][gc,phases      ] GC(16)   Post Evacuate Collection Set: 0.8ms
[87.043s][info][gc,phases      ] GC(16)   Other: 0.2ms
[87.043s][info][gc,heap        ] GC(16) Eden regions: 635->0(633)
[87.043s][info][gc,heap        ] GC(16) Survivor regions: 19->21(82)
[87.043s][info][gc,heap        ] GC(16) Old regions: 45->45
[87.043s][info][gc,heap        ] GC(16) Archive regions: 0->0
[87.043s][info][gc,heap        ] GC(16) Humongous regions: 61->45
[87.043s][info][gc,metaspace   ] GC(16) Metaspace: 119556K(125952K)->119556K(125952K) NonClass: 101908K(105472K)->101908K(105472K) Class: 17647K(20480K)->17647K(20480K)
[87.043s][info][gc             ] GC(16) Pause Young (Normal) (G1 Evacuation Pause) 755M->105M(1091M) 13.568ms
[87.043s][info][gc,cpu         ] GC(16) User=0.20s Sys=0.03s Real=0.02s
[87.712s][info][gc,start       ] GC(17) Pause Young (Normal) (G1 Evacuation Pause)
[87.712s][info][gc,task        ] GC(17) Using 26 workers of 33 for evacuation
[87.723s][info][gc,phases      ] GC(17)   Pre Evacuate Collection Set: 0.2ms
[87.723s][info][gc,phases      ] GC(17)   Merge Heap Roots: 0.3ms
[87.723s][info][gc,phases      ] GC(17)   Evacuate Collection Set: 9.0ms
[87.723s][info][gc,phases      ] GC(17)   Post Evacuate Collection Set: 1.3ms
[87.723s][info][gc,phases      ] GC(17)   Other: 0.2ms
[87.724s][info][gc,heap        ] GC(17) Eden regions: 633->0(632)
[87.724s][info][gc,heap        ] GC(17) Survivor regions: 21->22(82)
[87.724s][info][gc,heap        ] GC(17) Old regions: 45->45
[87.724s][info][gc,heap        ] GC(17) Archive regions: 0->0
[87.724s][info][gc,heap        ] GC(17) Humongous regions: 117->91
[87.724s][info][gc,metaspace   ] GC(17) Metaspace: 119643K(126080K)->119643K(126080K) NonClass: 101995K(105600K)->101995K(105600K) Class: 17647K(20480K)->17647K(20480K)
[87.724s][info][gc             ] GC(17) Pause Young (Normal) (G1 Evacuation Pause) 810M->152M(1091M) 11.560ms
[87.724s][info][gc,cpu         ] GC(17) User=0.00s Sys=0.00s Real=0.00s
[88.036s][info][gc,start       ] GC(18) Pause Young (Normal) (G1 Evacuation Pause)
[88.036s][info][gc,task        ] GC(18) Using 26 workers of 33 for evacuation
[88.042s][info][gc,phases      ] GC(18)   Pre Evacuate Collection Set: 0.2ms
[88.042s][info][gc,phases      ] GC(18)   Merge Heap Roots: 0.2ms
[88.042s][info][gc,phases      ] GC(18)   Evacuate Collection Set: 5.3ms
[88.042s][info][gc,phases      ] GC(18)   Post Evacuate Collection Set: 0.9ms
[88.042s][info][gc,phases      ] GC(18)   Other: 0.1ms
[88.042s][info][gc,heap        ] GC(18) Eden regions: 632->0(633)
[88.042s][info][gc,heap        ] GC(18) Survivor regions: 22->21(82)
[88.042s][info][gc,heap        ] GC(18) Old regions: 45->45
[88.042s][info][gc,heap        ] GC(18) Archive regions: 0->0
[88.042s][info][gc,heap        ] GC(18) Humongous regions: 138->119
[88.042s][info][gc,metaspace   ] GC(18) Metaspace: 119705K(126144K)->119705K(126144K) NonClass: 102057K(105664K)->102057K(105664K) Class: 17648K(20480K)->17648K(20480K)
[88.042s][info][gc             ] GC(18) Pause Young (Normal) (G1 Evacuation Pause) 831M->180M(1091M) 6.940ms
[88.043s][info][gc,cpu         ] GC(18) User=0.00s Sys=0.00s Real=0.00s
[88.098s][info][gc,start       ] GC(19) Pause Young (Normal) (G1 Evacuation Pause)
[88.098s][info][gc,task        ] GC(19) Using 26 workers of 33 for evacuation
[88.104s][info][gc,phases      ] GC(19)   Pre Evacuate Collection Set: 0.2ms
[88.104s][info][gc,phases      ] GC(19)   Merge Heap Roots: 0.2ms
[88.104s][info][gc,phases      ] GC(19)   Evacuate Collection Set: 4.7ms
[88.104s][info][gc,phases      ] GC(19)   Post Evacuate Collection Set: 0.8ms
[88.104s][info][gc,phases      ] GC(19)   Other: 0.1ms
[88.104s][info][gc,heap        ] GC(19) Eden regions: 633->0(633)
[88.104s][info][gc,heap        ] GC(19) Survivor regions: 21->21(82)
[88.104s][info][gc,heap        ] GC(19) Old regions: 45->45
[88.104s][info][gc,heap        ] GC(19) Archive regions: 0->0
[88.104s][info][gc,heap        ] GC(19) Humongous regions: 172->152
[88.104s][info][gc,metaspace   ] GC(19) Metaspace: 119707K(126144K)->119707K(126144K) NonClass: 102059K(105664K)->102059K(105664K) Class: 17648K(20480K)->17648K(20480K)
[88.104s][info][gc             ] GC(19) Pause Young (Normal) (G1 Evacuation Pause) 866M->213M(1091M) 6.318ms
[88.104s][info][gc,cpu         ] GC(19) User=0.00s Sys=0.00s Real=0.00s
[88.168s][info][gc,start       ] GC(20) Pause Young (Normal) (G1 Evacuation Pause)
[88.172s][info][gc,task        ] GC(20) Using 26 workers of 33 for evacuation
[88.182s][info][gc,phases      ] GC(20)   Pre Evacuate Collection Set: 0.2ms
[88.182s][info][gc,phases      ] GC(20)   Merge Heap Roots: 0.2ms
[88.182s][info][gc,phases      ] GC(20)   Evacuate Collection Set: 8.2ms
[88.182s][info][gc,phases      ] GC(20)   Post Evacuate Collection Set: 1.0ms
[88.182s][info][gc,phases      ] GC(20)   Other: 0.1ms
[88.182s][info][gc,heap        ] GC(20) Eden regions: 633->0(635)
[88.182s][info][gc,heap        ] GC(20) Survivor regions: 21->19(82)
[88.182s][info][gc,heap        ] GC(20) Old regions: 45->45
[88.182s][info][gc,heap        ] GC(20) Archive regions: 0->0
[88.182s][info][gc,heap        ] GC(20) Humongous regions: 191->167
[88.183s][info][gc,metaspace   ] GC(20) Metaspace: 119707K(126144K)->119707K(126144K) NonClass: 102059K(105664K)->102059K(105664K) Class: 17648K(20480K)->17648K(20480K)
[88.183s][info][gc             ] GC(20) Pause Young (Normal) (G1 Evacuation Pause) 885M->226M(1091M) 14.093ms
[88.183s][info][gc,cpu         ] GC(20) User=0.00s Sys=0.00s Real=0.00s
[88.262s][info][gc,start       ] GC(21) Pause Young (Normal) (G1 Evacuation Pause)
[88.262s][info][gc,task        ] GC(21) Using 26 workers of 33 for evacuation
[88.272s][info][gc,phases      ] GC(21)   Pre Evacuate Collection Set: 0.2ms
[88.272s][info][gc,phases      ] GC(21)   Merge Heap Roots: 0.2ms
[88.272s][info][gc,phases      ] GC(21)   Evacuate Collection Set: 7.6ms
[88.272s][info][gc,phases      ] GC(21)   Post Evacuate Collection Set: 1.1ms
[88.272s][info][gc,phases      ] GC(21)   Other: 0.2ms
[88.272s][info][gc,heap        ] GC(21) Eden regions: 635->0(635)
[88.272s][info][gc,heap        ] GC(21) Survivor regions: 19->19(82)
[88.272s][info][gc,heap        ] GC(21) Old regions: 45->45
[88.272s][info][gc,heap        ] GC(21) Archive regions: 0->0
[88.272s][info][gc,heap        ] GC(21) Humongous regions: 297->282
[88.272s][info][gc,metaspace   ] GC(21) Metaspace: 119708K(126144K)->119708K(126144K) NonClass: 102060K(105664K)->102060K(105664K) Class: 17648K(20480K)->17648K(20480K)
[88.272s][info][gc             ] GC(21) Pause Young (Normal) (G1 Evacuation Pause) 991M->341M(1091M) 9.690ms
[88.272s][info][gc,cpu         ] GC(21) User=0.00s Sys=0.00s Real=0.00s
[88.342s][info][gc,start       ] GC(22) Pause Young (Normal) (G1 Evacuation Pause)
[88.342s][info][gc,task        ] GC(22) Using 26 workers of 33 for evacuation
[88.349s][info][gc,phases      ] GC(22)   Pre Evacuate Collection Set: 0.2ms
[88.349s][info][gc,phases      ] GC(22)   Merge Heap Roots: 0.2ms
[88.349s][info][gc,phases      ] GC(22)   Evacuate Collection Set: 5.4ms
[88.349s][info][gc,phases      ] GC(22)   Post Evacuate Collection Set: 0.9ms
[88.349s][info][gc,phases      ] GC(22)   Other: 0.1ms
[88.349s][info][gc,heap        ] GC(22) Eden regions: 635->0(635)
[88.349s][info][gc,heap        ] GC(22) Survivor regions: 19->19(82)
[88.349s][info][gc,heap        ] GC(22) Old regions: 45->45
[88.349s][info][gc,heap        ] GC(22) Archive regions: 0->0
[88.349s][info][gc,heap        ] GC(22) Humongous regions: 322->252
[88.349s][info][gc,metaspace   ] GC(22) Metaspace: 119708K(126144K)->119708K(126144K) NonClass: 102060K(105664K)->102060K(105664K) Class: 17648K(20480K)->17648K(20480K)
[88.349s][info][gc             ] GC(22) Pause Young (Normal) (G1 Evacuation Pause) 1016M->311M(1091M) 7.239ms
[88.349s][info][gc,cpu         ] GC(22) User=0.00s Sys=0.00s Real=0.00s
[88.420s][info][gc,start       ] GC(23) Pause Young (Normal) (G1 Evacuation Pause)
[88.420s][info][gc,task        ] GC(23) Using 26 workers of 33 for evacuation
[88.430s][info][gc,phases      ] GC(23)   Pre Evacuate Collection Set: 0.2ms
[88.430s][info][gc,phases      ] GC(23)   Merge Heap Roots: 0.3ms
[88.430s][info][gc,phases      ] GC(23)   Evacuate Collection Set: 7.4ms
[88.430s][info][gc,phases      ] GC(23)   Post Evacuate Collection Set: 1.7ms
[88.430s][info][gc,phases      ] GC(23)   Other: 0.2ms
[88.430s][info][gc,heap        ] GC(23) Eden regions: 635->0(675)
[88.430s][info][gc,heap        ] GC(23) Survivor regions: 19->19(82)
[88.430s][info][gc,heap        ] GC(23) Old regions: 45->45
[88.430s][info][gc,heap        ] GC(23) Archive regions: 0->0
[88.430s][info][gc,heap        ] GC(23) Humongous regions: 330->294
[88.430s][info][gc,metaspace   ] GC(23) Metaspace: 119708K(126144K)->119708K(126144K) NonClass: 102060K(105664K)->102060K(105664K) Class: 17648K(20480K)->17648K(20480K)
[88.430s][info][gc             ] GC(23) Pause Young (Normal) (G1 Evacuation Pause) 1024M->353M(1157M) 10.133ms
[88.430s][info][gc,cpu         ] GC(23) User=0.00s Sys=0.00s Real=0.00s
[88.524s][info][gc,start       ] GC(24) Pause Young (Normal) (G1 Evacuation Pause)
[88.524s][info][gc,task        ] GC(24) Using 27 workers of 33 for evacuation
[88.531s][info][gc,phases      ] GC(24)   Pre Evacuate Collection Set: 0.2ms
[88.531s][info][gc,phases      ] GC(24)   Merge Heap Roots: 0.2ms
[88.531s][info][gc,phases      ] GC(24)   Evacuate Collection Set: 5.5ms
[88.531s][info][gc,phases      ] GC(24)   Post Evacuate Collection Set: 0.9ms
[88.531s][info][gc,phases      ] GC(24)   Other: 0.1ms
[88.531s][info][gc,heap        ] GC(24) Eden regions: 675->0(650)
[88.531s][info][gc,heap        ] GC(24) Survivor regions: 19->19(87)
[88.531s][info][gc,heap        ] GC(24) Old regions: 45->45
[88.531s][info][gc,heap        ] GC(24) Archive regions: 0->0
[88.531s][info][gc,heap        ] GC(24) Humongous regions: 399->365
[88.531s][info][gc,metaspace   ] GC(24) Metaspace: 119841K(126272K)->119841K(126272K) NonClass: 102149K(105728K)->102149K(105728K) Class: 17691K(20544K)->17691K(20544K)
[88.531s][info][gc             ] GC(24) Pause Young (Normal) (G1 Evacuation Pause) 1133M->423M(1157M) 7.244ms
[88.531s][info][gc,cpu         ] GC(24) User=0.00s Sys=0.00s Real=0.00s
[88.587s][info][gc,start       ] GC(25) Pause Young (Concurrent Start) (G1 Humongous Allocation)
[88.587s][info][gc,task        ] GC(25) Using 27 workers of 33 for evacuation
[88.597s][info][gc,phases      ] GC(25)   Pre Evacuate Collection Set: 0.4ms
[88.597s][info][gc,phases      ] GC(25)   Merge Heap Roots: 0.2ms
[88.597s][info][gc,phases      ] GC(25)   Evacuate Collection Set: 8.7ms
[88.597s][info][gc,phases      ] GC(25)   Post Evacuate Collection Set: 1.1ms
[88.597s][info][gc,phases      ] GC(25)   Other: 0.1ms
[88.597s][info][gc,heap        ] GC(25) Eden regions: 338->0(676)
[88.597s][info][gc,heap        ] GC(25) Survivor regions: 19->18(84)
[88.597s][info][gc,heap        ] GC(25) Old regions: 45->45
[88.597s][info][gc,heap        ] GC(25) Archive regions: 0->0
[88.597s][info][gc,heap        ] GC(25) Humongous regions: 473->316
[88.597s][info][gc,metaspace   ] GC(25) Metaspace: 119862K(126272K)->119862K(126272K) NonClass: 102165K(105728K)->102165K(105728K) Class: 17697K(20544K)->17697K(20544K)
[88.597s][info][gc             ] GC(25) Pause Young (Concurrent Start) (G1 Humongous Allocation) 869M->374M(1157M) 10.842ms
[88.597s][info][gc             ] GC(26) Concurrent Undo Cycle
[88.597s][info][gc,cpu         ] GC(25) User=0.00s Sys=0.00s Real=0.00s
[88.598s][info][gc,marking     ] GC(26) Concurrent Clear Claimed Marks
[88.600s][info][gc,marking     ] GC(26) Concurrent Clear Claimed Marks 2.525ms
[88.600s][info][gc,marking     ] GC(26) Concurrent Cleanup for Next Mark
[88.601s][info][gc,marking     ] GC(26) Concurrent Cleanup for Next Mark 0.802ms
[88.602s][info][gc             ] GC(26) Concurrent Undo Cycle 4.130ms
[88.682s][info][gc,start       ] GC(27) Pause Young (Normal) (G1 Evacuation Pause)
[88.682s][info][gc,task        ] GC(27) Using 28 workers of 33 for evacuation
[88.704s][info][gc,phases      ] GC(27)   Pre Evacuate Collection Set: 0.2ms
[88.704s][info][gc,phases      ] GC(27)   Merge Heap Roots: 0.2ms
[88.705s][info][gc,phases      ] GC(27)   Evacuate Collection Set: 21.0ms
[88.705s][info][gc,phases      ] GC(27)   Post Evacuate Collection Set: 1.0ms
[88.705s][info][gc,phases      ] GC(27)   Other: 0.2ms
[88.705s][info][gc,heap        ] GC(27) Eden regions: 644->0(687)
[88.705s][info][gc,heap        ] GC(27) Survivor regions: 18->28(87)
[88.705s][info][gc,heap        ] GC(27) Old regions: 45->45
[88.705s][info][gc,heap        ] GC(27) Archive regions: 0->0
[88.705s][info][gc,heap        ] GC(27) Humongous regions: 458->270
[88.705s][info][gc,metaspace   ] GC(27) Metaspace: 119898K(126336K)->119898K(126336K) NonClass: 102200K(105792K)->102200K(105792K) Class: 17697K(20544K)->17697K(20544K)
[88.705s][info][gc             ] GC(27) Pause Young (Normal) (G1 Evacuation Pause) 1160M->337M(1193M) 22.864ms
[88.705s][info][gc,cpu         ] GC(27) User=0.05s Sys=0.30s Real=0.02s
[88.766s][info][gc,start       ] GC(28) Pause Young (Normal) (G1 Evacuation Pause)
[88.766s][info][gc,task        ] GC(28) Using 28 workers of 33 for evacuation
[88.773s][info][gc,phases      ] GC(28)   Pre Evacuate Collection Set: 0.2ms
[88.773s][info][gc,phases      ] GC(28)   Merge Heap Roots: 0.2ms
[88.773s][info][gc,phases      ] GC(28)   Evacuate Collection Set: 5.7ms
[88.773s][info][gc,phases      ] GC(28)   Post Evacuate Collection Set: 0.8ms
[88.773s][info][gc,phases      ] GC(28)   Other: 0.1ms
[88.773s][info][gc,heap        ] GC(28) Eden regions: 687->0(692)
[88.773s][info][gc,heap        ] GC(28) Survivor regions: 28->23(90)
[88.773s][info][gc,heap        ] GC(28) Old regions: 45->45
[88.773s][info][gc,heap        ] GC(28) Archive regions: 0->0
[88.773s][info][gc,heap        ] GC(28) Humongous regions: 372->299
[88.773s][info][gc,metaspace   ] GC(28) Metaspace: 119900K(126336K)->119900K(126336K) NonClass: 102202K(105792K)->102202K(105792K) Class: 17697K(20544K)->17697K(20544K)
[88.773s][info][gc             ] GC(28) Pause Young (Normal) (G1 Evacuation Pause) 1126M->361M(1193M) 7.412ms
[88.774s][info][gc,cpu         ] GC(28) User=0.02s Sys=0.00s Real=0.02s
[88.840s][info][gc,start       ] GC(29) Pause Young (Normal) (G1 Evacuation Pause)
[88.840s][info][gc,task        ] GC(29) Using 28 workers of 33 for evacuation
[88.848s][info][gc,phases      ] GC(29)   Pre Evacuate Collection Set: 0.2ms
[88.848s][info][gc,phases      ] GC(29)   Merge Heap Roots: 0.2ms
[88.848s][info][gc,phases      ] GC(29)   Evacuate Collection Set: 5.4ms
[88.848s][info][gc,phases      ] GC(29)   Post Evacuate Collection Set: 2.1ms
[88.849s][info][gc,phases      ] GC(29)   Other: 0.1ms
[88.849s][info][gc,heap        ] GC(29) Eden regions: 692->0(788)
[88.849s][info][gc,heap        ] GC(29) Survivor regions: 23->22(90)
[88.849s][info][gc,heap        ] GC(29) Old regions: 45->45
[88.849s][info][gc,heap        ] GC(29) Archive regions: 0->0
[88.849s][info][gc,heap        ] GC(29) Humongous regions: 411->303
[88.849s][info][gc,metaspace   ] GC(29) Metaspace: 119910K(126336K)->119910K(126336K) NonClass: 102212K(105792K)->102212K(105792K) Class: 17697K(20544K)->17697K(20544K)
[88.849s][info][gc             ] GC(29) Pause Young (Normal) (G1 Evacuation Pause) 1165M->365M(1350M) 8.394ms
[88.849s][info][gc,cpu         ] GC(29) User=0.00s Sys=0.00s Real=0.00s
[88.971s][info][gc,start       ] GC(30) Pause Young (Normal) (G1 Evacuation Pause)
[88.971s][info][gc,task        ] GC(30) Using 32 workers of 33 for evacuation
[88.979s][info][gc,phases      ] GC(30)   Pre Evacuate Collection Set: 0.2ms
[88.979s][info][gc,phases      ] GC(30)   Merge Heap Roots: 0.3ms
[88.979s][info][gc,phases      ] GC(30)   Evacuate Collection Set: 6.8ms
[88.979s][info][gc,phases      ] GC(30)   Post Evacuate Collection Set: 0.9ms
[88.979s][info][gc,phases      ] GC(30)   Other: 0.2ms
[88.979s][info][gc,heap        ] GC(30) Eden regions: 788->0(792)
[88.979s][info][gc,heap        ] GC(30) Survivor regions: 22->18(102)
[88.979s][info][gc,heap        ] GC(30) Old regions: 45->48
[88.979s][info][gc,heap        ] GC(30) Archive regions: 0->0
[88.979s][info][gc,heap        ] GC(30) Humongous regions: 422->324
[88.979s][info][gc,metaspace   ] GC(30) Metaspace: 119911K(126336K)->119911K(126336K) NonClass: 102213K(105792K)->102213K(105792K) Class: 17697K(20544K)->17697K(20544K)
[88.979s][info][gc             ] GC(30) Pause Young (Normal) (G1 Evacuation Pause) 1272M->384M(1350M) 8.574ms
[88.979s][info][gc,cpu         ] GC(30) User=0.02s Sys=0.00s Real=0.02s
[89.045s][info][gc,start       ] GC(31) Pause Young (Normal) (G1 Evacuation Pause)
[89.045s][info][gc,task        ] GC(31) Using 32 workers of 33 for evacuation
[89.050s][info][gc,phases      ] GC(31)   Pre Evacuate Collection Set: 0.3ms
[89.050s][info][gc,phases      ] GC(31)   Merge Heap Roots: 0.3ms
[89.050s][info][gc,phases      ] GC(31)   Evacuate Collection Set: 3.9ms
[89.050s][info][gc,phases      ] GC(31)   Post Evacuate Collection Set: 0.8ms
[89.050s][info][gc,phases      ] GC(31)   Other: 0.1ms
[89.050s][info][gc,heap        ] GC(31) Eden regions: 792->0(800)
[89.050s][info][gc,heap        ] GC(31) Survivor regions: 18->10(102)
[89.050s][info][gc,heap        ] GC(31) Old regions: 48->57
[89.050s][info][gc,heap        ] GC(31) Archive regions: 0->0
[89.050s][info][gc,heap        ] GC(31) Humongous regions: 423->345
[89.050s][info][gc,metaspace   ] GC(31) Metaspace: 119911K(126336K)->119911K(126336K) NonClass: 102213K(105792K)->102213K(105792K) Class: 17697K(20544K)->17697K(20544K)
[89.050s][info][gc             ] GC(31) Pause Young (Normal) (G1 Evacuation Pause) 1275M->406M(1350M) 5.697ms
[89.050s][info][gc,cpu         ] GC(31) User=0.00s Sys=0.00s Real=0.00s
[89.110s][info][gc,start       ] GC(32) Pause Young (Normal) (G1 Evacuation Pause)
[89.111s][info][gc,task        ] GC(32) Using 32 workers of 33 for evacuation
[89.113s][info][gc,phases      ] GC(32)   Pre Evacuate Collection Set: 0.2ms
[89.113s][info][gc,phases      ] GC(32)   Merge Heap Roots: 0.3ms
[89.113s][info][gc,phases      ] GC(32)   Evacuate Collection Set: 1.5ms
[89.113s][info][gc,phases      ] GC(32)   Post Evacuate Collection Set: 0.7ms
[89.113s][info][gc,phases      ] GC(32)   Other: 0.1ms
[89.113s][info][gc,heap        ] GC(32) Eden regions: 800->0(802)
[89.114s][info][gc,heap        ] GC(32) Survivor regions: 10->8(102)
[89.114s][info][gc,heap        ] GC(32) Old regions: 57->58
[89.114s][info][gc,heap        ] GC(32) Archive regions: 0->0
[89.114s][info][gc,heap        ] GC(32) Humongous regions: 384->371
[89.114s][info][gc,metaspace   ] GC(32) Metaspace: 119911K(126336K)->119911K(126336K) NonClass: 102213K(105792K)->102213K(105792K) Class: 17697K(20544K)->17697K(20544K)
[89.114s][info][gc             ] GC(32) Pause Young (Normal) (G1 Evacuation Pause) 1245M->432M(1350M) 3.118ms
[89.114s][info][gc,cpu         ] GC(32) User=0.00s Sys=0.00s Real=0.00s
[89.193s][info][gc,start       ] GC(33) Pause Young (Normal) (G1 Evacuation Pause)
[89.193s][info][gc,task        ] GC(33) Using 32 workers of 33 for evacuation
[89.196s][info][gc,phases      ] GC(33)   Pre Evacuate Collection Set: 0.3ms
[89.196s][info][gc,phases      ] GC(33)   Merge Heap Roots: 0.3ms
[89.196s][info][gc,phases      ] GC(33)   Evacuate Collection Set: 1.6ms
[89.196s][info][gc,phases      ] GC(33)   Post Evacuate Collection Set: 0.9ms
[89.196s][info][gc,phases      ] GC(33)   Other: 0.2ms
[89.197s][info][gc,heap        ] GC(33) Eden regions: 802->0(804)
[89.197s][info][gc,heap        ] GC(33) Survivor regions: 8->6(102)
[89.197s][info][gc,heap        ] GC(33) Old regions: 58->60
[89.197s][info][gc,heap        ] GC(33) Archive regions: 0->0
[89.197s][info][gc,heap        ] GC(33) Humongous regions: 428->399
[89.197s][info][gc,metaspace   ] GC(33) Metaspace: 119915K(126336K)->119915K(126336K) NonClass: 102217K(105792K)->102217K(105792K) Class: 17697K(20544K)->17697K(20544K)
[89.197s][info][gc             ] GC(33) Pause Young (Normal) (G1 Evacuation Pause) 1291M->459M(1350M) 3.579ms
[89.197s][info][gc,cpu         ] GC(33) User=0.00s Sys=0.00s Real=0.00s
[89.271s][info][gc,start       ] GC(34) Pause Young (Normal) (G1 Evacuation Pause)
[89.271s][info][gc,task        ] GC(34) Using 32 workers of 33 for evacuation
[89.277s][info][gc,phases      ] GC(34)   Pre Evacuate Collection Set: 0.2ms
[89.277s][info][gc,phases      ] GC(34)   Merge Heap Roots: 0.2ms
[89.277s][info][gc,phases      ] GC(34)   Evacuate Collection Set: 4.6ms
[89.277s][info][gc,phases      ] GC(34)   Post Evacuate Collection Set: 0.8ms
[89.277s][info][gc,phases      ] GC(34)   Other: 0.1ms
[89.277s][info][gc,heap        ] GC(34) Eden regions: 754->0(758)
[89.277s][info][gc,heap        ] GC(34) Survivor regions: 6->6(102)
[89.277s][info][gc,heap        ] GC(34) Old regions: 60->60
[89.277s][info][gc,heap        ] GC(34) Archive regions: 0->0
[89.277s][info][gc,heap        ] GC(34) Humongous regions: 534->462
[89.277s][info][gc,metaspace   ] GC(34) Metaspace: 119915K(126336K)->119915K(126336K) NonClass: 102217K(105792K)->102217K(105792K) Class: 17697K(20544K)->17697K(20544K)
[89.277s][info][gc             ] GC(34) Pause Young (Normal) (G1 Evacuation Pause) 1348M->522M(1360M) 6.183ms
[89.277s][info][gc,cpu         ] GC(34) User=0.00s Sys=0.00s Real=0.00s
[89.334s][info][gc,start       ] GC(35) Pause Young (Concurrent Start) (G1 Humongous Allocation)
[89.334s][info][gc,task        ] GC(35) Using 32 workers of 33 for evacuation
[89.338s][info][gc,phases      ] GC(35)   Pre Evacuate Collection Set: 0.4ms
[89.338s][info][gc,phases      ] GC(35)   Merge Heap Roots: 0.3ms
[89.338s][info][gc,phases      ] GC(35)   Evacuate Collection Set: 3.0ms
[89.338s][info][gc,phases      ] GC(35)   Post Evacuate Collection Set: 0.7ms
[89.338s][info][gc,phases      ] GC(35)   Other: 0.1ms
[89.338s][info][gc,heap        ] GC(35) Eden regions: 674->0(718)
[89.338s][info][gc,heap        ] GC(35) Survivor regions: 6->6(96)
[89.338s][info][gc,heap        ] GC(35) Old regions: 60->60
[89.338s][info][gc,heap        ] GC(35) Archive regions: 0->0
[89.338s][info][gc,heap        ] GC(35) Humongous regions: 550->502
[89.338s][info][gc,metaspace   ] GC(35) Metaspace: 119915K(126336K)->119915K(126336K) NonClass: 102217K(105792K)->102217K(105792K) Class: 17697K(20544K)->17697K(20544K)
[89.338s][info][gc             ] GC(35) Pause Young (Concurrent Start) (G1 Humongous Allocation) 1284M->562M(1360M) 4.612ms
[89.338s][info][gc             ] GC(36) Concurrent Undo Cycle
[89.338s][info][gc,cpu         ] GC(35) User=0.00s Sys=0.00s Real=0.00s
[89.339s][info][gc,marking     ] GC(36) Concurrent Clear Claimed Marks
[89.341s][info][gc,marking     ] GC(36) Concurrent Clear Claimed Marks 2.039ms
[89.341s][info][gc,marking     ] GC(36) Concurrent Cleanup for Next Mark
[89.342s][info][gc,marking     ] GC(36) Concurrent Cleanup for Next Mark 0.867ms
[89.342s][info][gc             ] GC(36) Concurrent Undo Cycle 3.609ms
[89.380s][info][gc,start       ] GC(37) Pause Young (Concurrent Start) (G1 Humongous Allocation)
[89.381s][info][gc,task        ] GC(37) Using 32 workers of 33 for evacuation
[89.384s][info][gc,phases      ] GC(37)   Pre Evacuate Collection Set: 0.3ms
[89.384s][info][gc,phases      ] GC(37)   Merge Heap Roots: 0.2ms
[89.384s][info][gc,phases      ] GC(37)   Evacuate Collection Set: 2.4ms
[89.384s][info][gc,phases      ] GC(37)   Post Evacuate Collection Set: 0.6ms
[89.384s][info][gc,phases      ] GC(37)   Other: 0.1ms
[89.384s][info][gc,heap        ] GC(37) Eden regions: 380->0(693)
[89.384s][info][gc,heap        ] GC(37) Survivor regions: 6->6(91)
[89.384s][info][gc,heap        ] GC(37) Old regions: 60->60
[89.384s][info][gc,heap        ] GC(37) Archive regions: 0->0
[89.384s][info][gc,heap        ] GC(37) Humongous regions: 550->527
[89.384s][info][gc,metaspace   ] GC(37) Metaspace: 119915K(126336K)->119915K(126336K) NonClass: 102217K(105792K)->102217K(105792K) Class: 17697K(20544K)->17697K(20544K)
[89.384s][info][gc             ] GC(37) Pause Young (Concurrent Start) (G1 Humongous Allocation) 990M->587M(1360M) 3.866ms
[89.384s][info][gc             ] GC(38) Concurrent Undo Cycle
[89.384s][info][gc,cpu         ] GC(37) User=0.00s Sys=0.00s Real=0.00s
[89.385s][info][gc,marking     ] GC(38) Concurrent Clear Claimed Marks
[89.387s][info][gc,marking     ] GC(38) Concurrent Clear Claimed Marks 2.455ms
[89.387s][info][gc,marking     ] GC(38) Concurrent Cleanup for Next Mark
[89.388s][info][gc,marking     ] GC(38) Concurrent Cleanup for Next Mark 0.898ms
[89.389s][info][gc             ] GC(38) Concurrent Undo Cycle 4.717ms
[89.404s][info][gc,start       ] GC(39) Pause Young (Concurrent Start) (G1 Humongous Allocation)
[89.404s][info][gc,task        ] GC(39) Using 32 workers of 33 for evacuation
[89.408s][info][gc,phases      ] GC(39)   Pre Evacuate Collection Set: 0.4ms
[89.409s][info][gc,phases      ] GC(39)   Merge Heap Roots: 0.1ms
[89.409s][info][gc,phases      ] GC(39)   Evacuate Collection Set: 2.8ms
[89.409s][info][gc,phases      ] GC(39)   Post Evacuate Collection Set: 0.7ms
[89.409s][info][gc,phases      ] GC(39)   Other: 0.1ms
[89.409s][info][gc,heap        ] GC(39) Eden regions: 67->0(683)
[89.409s][info][gc,heap        ] GC(39) Survivor regions: 6->6(88)
[89.409s][info][gc,heap        ] GC(39) Old regions: 60->60
[89.409s][info][gc,heap        ] GC(39) Archive regions: 0->0
[89.409s][info][gc,heap        ] GC(39) Humongous regions: 556->537
[89.409s][info][gc,metaspace   ] GC(39) Metaspace: 119915K(126336K)->119915K(126336K) NonClass: 102217K(105792K)->102217K(105792K) Class: 17697K(20544K)->17697K(20544K)
[89.409s][info][gc             ] GC(39) Pause Young (Concurrent Start) (G1 Humongous Allocation) 683M->597M(1360M) 4.329ms
[89.409s][info][gc             ] GC(40) Concurrent Undo Cycle
[89.409s][info][gc,cpu         ] GC(39) User=0.00s Sys=0.00s Real=0.00s
[89.409s][info][gc,marking     ] GC(40) Concurrent Clear Claimed Marks
[89.411s][info][gc,marking     ] GC(40) Concurrent Clear Claimed Marks 1.891ms
[89.411s][info][gc,marking     ] GC(40) Concurrent Cleanup for Next Mark
[89.412s][info][gc,marking     ] GC(40) Concurrent Cleanup for Next Mark 0.723ms
[89.412s][info][gc             ] GC(40) Concurrent Undo Cycle 3.275ms
[89.420s][info][gc,start       ] GC(41) Pause Young (Concurrent Start) (G1 Humongous Allocation)
[89.420s][info][gc,task        ] GC(41) Using 32 workers of 33 for evacuation
[89.425s][info][gc,phases      ] GC(41)   Pre Evacuate Collection Set: 0.4ms
[89.425s][info][gc,phases      ] GC(41)   Merge Heap Roots: 0.1ms
[89.425s][info][gc,phases      ] GC(41)   Evacuate Collection Set: 3.4ms
[89.425s][info][gc,phases      ] GC(41)   Post Evacuate Collection Set: 0.7ms
[89.425s][info][gc,phases      ] GC(41)   Other: 0.1ms
[89.425s][info][gc,heap        ] GC(41) Eden regions: 77->0(684)
[89.425s][info][gc,heap        ] GC(41) Survivor regions: 6->6(87)
[89.425s][info][gc,heap        ] GC(41) Old regions: 60->60
[89.425s][info][gc,heap        ] GC(41) Archive regions: 0->0
[89.425s][info][gc,heap        ] GC(41) Humongous regions: 568->536
[89.425s][info][gc,metaspace   ] GC(41) Metaspace: 119915K(126336K)->119915K(126336K) NonClass: 102217K(105792K)->102217K(105792K) Class: 17697K(20544K)->17697K(20544K)
[89.425s][info][gc             ] GC(41) Pause Young (Concurrent Start) (G1 Humongous Allocation) 705M->596M(1360M) 5.063ms
[89.425s][info][gc             ] GC(42) Concurrent Undo Cycle
[89.425s][info][gc,cpu         ] GC(41) User=0.00s Sys=0.00s Real=0.00s
[89.426s][info][gc,marking     ] GC(42) Concurrent Clear Claimed Marks
[89.428s][info][gc,marking     ] GC(42) Concurrent Clear Claimed Marks 2.228ms
[89.428s][info][gc,marking     ] GC(42) Concurrent Cleanup for Next Mark
[89.429s][info][gc,marking     ] GC(42) Concurrent Cleanup for Next Mark 0.626ms
[89.429s][info][gc             ] GC(42) Concurrent Undo Cycle 3.492ms
[89.447s][info][gc,start       ] GC(43) Pause Young (Concurrent Start) (G1 Humongous Allocation)
[89.447s][info][gc,task        ] GC(43) Using 32 workers of 33 for evacuation
[89.454s][info][gc,phases      ] GC(43)   Pre Evacuate Collection Set: 0.4ms
[89.454s][info][gc,phases      ] GC(43)   Merge Heap Roots: 0.2ms
[89.454s][info][gc,phases      ] GC(43)   Evacuate Collection Set: 3.6ms
[89.454s][info][gc,phases      ] GC(43)   Post Evacuate Collection Set: 2.5ms
[89.454s][info][gc,phases      ] GC(43)   Other: 0.1ms
[89.454s][info][gc,heap        ] GC(43) Eden regions: 95->0(832)
[89.454s][info][gc,heap        ] GC(43) Survivor regions: 6->6(87)
[89.454s][info][gc,heap        ] GC(43) Old regions: 60->60
[89.454s][info][gc,heap        ] GC(43) Archive regions: 0->0
[89.454s][info][gc,heap        ] GC(43) Humongous regions: 552->518
[89.454s][info][gc,metaspace   ] GC(43) Metaspace: 119915K(126336K)->119915K(126336K) NonClass: 102217K(105792K)->102217K(105792K) Class: 17697K(20544K)->17697K(20544K)
[89.454s][info][gc             ] GC(43) Pause Young (Concurrent Start) (G1 Humongous Allocation) 707M->578M(1498M) 7.140ms
[89.454s][info][gc             ] GC(44) Concurrent Undo Cycle
[89.454s][info][gc,cpu         ] GC(43) User=0.00s Sys=0.00s Real=0.00s
[89.455s][info][gc,marking     ] GC(44) Concurrent Clear Claimed Marks
[89.455s][info][gc,marking     ] GC(44) Concurrent Clear Claimed Marks 0.643ms
[89.455s][info][gc,marking     ] GC(44) Concurrent Cleanup for Next Mark
[89.456s][info][gc,marking     ] GC(44) Concurrent Cleanup for Next Mark 0.548ms
[89.456s][info][gc             ] GC(44) Concurrent Undo Cycle 1.626ms
[89.565s][info][gc,start       ] GC(45) Pause Young (Concurrent Start) (G1 Humongous Allocation)
[89.565s][info][gc,task        ] GC(45) Using 33 workers of 33 for evacuation
[89.570s][info][gc,phases      ] GC(45)   Pre Evacuate Collection Set: 0.4ms
[89.570s][info][gc,phases      ] GC(45)   Merge Heap Roots: 0.2ms
[89.570s][info][gc,phases      ] GC(45)   Evacuate Collection Set: 2.8ms
[89.570s][info][gc,phases      ] GC(45)   Post Evacuate Collection Set: 0.8ms
[89.570s][info][gc,phases      ] GC(45)   Other: 0.1ms
[89.570s][info][gc,heap        ] GC(45) Eden regions: 485->0(827)
[89.570s][info][gc,heap        ] GC(45) Survivor regions: 6->11(105)
[89.570s][info][gc,heap        ] GC(45) Old regions: 60->60
[89.570s][info][gc,heap        ] GC(45) Archive regions: 0->0
[89.570s][info][gc,heap        ] GC(45) Humongous regions: 611->513
[89.570s][info][gc,metaspace   ] GC(45) Metaspace: 119917K(126336K)->119917K(126336K) NonClass: 102219K(105792K)->102219K(105792K) Class: 17697K(20544K)->17697K(20544K)
[89.570s][info][gc             ] GC(45) Pause Young (Concurrent Start) (G1 Humongous Allocation) 1156M->578M(1498M) 4.549ms
[89.570s][info][gc             ] GC(46) Concurrent Undo Cycle
[89.570s][info][gc,cpu         ] GC(45) User=0.00s Sys=0.00s Real=0.00s
[89.570s][info][gc,marking     ] GC(46) Concurrent Clear Claimed Marks
[89.572s][info][gc,marking     ] GC(46) Concurrent Clear Claimed Marks 2.266ms
[89.573s][info][gc,marking     ] GC(46) Concurrent Cleanup for Next Mark
[89.574s][info][gc,marking     ] GC(46) Concurrent Cleanup for Next Mark 0.748ms
[89.574s][info][gc             ] GC(46) Concurrent Undo Cycle 3.938ms
[89.620s][info][gc,start       ] GC(47) Pause Young (Concurrent Start) (G1 Humongous Allocation)
[89.620s][info][gc,task        ] GC(47) Using 33 workers of 33 for evacuation
[89.624s][info][gc,phases      ] GC(47)   Pre Evacuate Collection Set: 0.3ms
[89.624s][info][gc,phases      ] GC(47)   Merge Heap Roots: 0.2ms
[89.624s][info][gc,phases      ] GC(47)   Evacuate Collection Set: 2.6ms
[89.624s][info][gc,phases      ] GC(47)   Post Evacuate Collection Set: 0.8ms
[89.624s][info][gc,phases      ] GC(47)   Other: 0.1ms
[89.624s][info][gc,heap        ] GC(47) Eden regions: 356->0(846)
[89.624s][info][gc,heap        ] GC(47) Survivor regions: 11->7(105)
[89.624s][info][gc,heap        ] GC(47) Old regions: 60->61
[89.624s][info][gc,heap        ] GC(47) Archive regions: 0->0
[89.624s][info][gc,heap        ] GC(47) Humongous regions: 613->501
[89.624s][info][gc,metaspace   ] GC(47) Metaspace: 119919K(126336K)->119919K(126336K) NonClass: 102221K(105792K)->102221K(105792K) Class: 17697K(20544K)->17697K(20544K)
[89.625s][info][gc             ] GC(47) Pause Young (Concurrent Start) (G1 Humongous Allocation) 1034M->563M(1498M) 4.264ms
[89.625s][info][gc             ] GC(48) Concurrent Undo Cycle
[89.625s][info][gc,cpu         ] GC(47) User=0.00s Sys=0.00s Real=0.00s
[89.625s][info][gc,marking     ] GC(48) Concurrent Clear Claimed Marks
[89.627s][info][gc,marking     ] GC(48) Concurrent Clear Claimed Marks 2.209ms
[89.627s][info][gc,marking     ] GC(48) Concurrent Cleanup for Next Mark
[89.628s][info][gc,marking     ] GC(48) Concurrent Cleanup for Next Mark 0.882ms
[89.628s][info][gc             ] GC(48) Concurrent Undo Cycle 3.754ms
[89.682s][info][gc,start       ] GC(49) Pause Young (Concurrent Start) (G1 Humongous Allocation)
[89.682s][info][gc,task        ] GC(49) Using 33 workers of 33 for evacuation
[89.686s][info][gc,phases      ] GC(49)   Pre Evacuate Collection Set: 0.4ms
[89.686s][info][gc,phases      ] GC(49)   Merge Heap Roots: 0.2ms
[89.686s][info][gc,phases      ] GC(49)   Evacuate Collection Set: 2.7ms
[89.686s][info][gc,phases      ] GC(49)   Post Evacuate Collection Set: 0.8ms
[89.686s][info][gc,phases      ] GC(49)   Other: 0.1ms
[89.686s][info][gc,heap        ] GC(49) Eden regions: 458->0(826)
[89.686s][info][gc,heap        ] GC(49) Survivor regions: 7->11(107)
[89.686s][info][gc,heap        ] GC(49) Old regions: 61->61
[89.686s][info][gc,heap        ] GC(49) Archive regions: 0->0
[89.686s][info][gc,heap        ] GC(49) Humongous regions: 613->496
[89.686s][info][gc,metaspace   ] GC(49) Metaspace: 119924K(126336K)->119924K(126336K) NonClass: 102226K(105792K)->102226K(105792K) Class: 17697K(20544K)->17697K(20544K)
[89.686s][info][gc             ] GC(49) Pause Young (Concurrent Start) (G1 Humongous Allocation) 1133M->562M(1498M) 4.395ms
[89.686s][info][gc             ] GC(50) Concurrent Undo Cycle
[89.686s][info][gc,cpu         ] GC(49) User=0.00s Sys=0.00s Real=0.00s
[89.687s][info][gc,marking     ] GC(50) Concurrent Clear Claimed Marks
[89.689s][info][gc,marking     ] GC(50) Concurrent Clear Claimed Marks 2.402ms
[89.689s][info][gc,marking     ] GC(50) Concurrent Cleanup for Next Mark
[89.690s][info][gc,marking     ] GC(50) Concurrent Cleanup for Next Mark 0.748ms
[89.690s][info][gc             ] GC(50) Concurrent Undo Cycle 4.007ms
[89.769s][info][gc,start       ] GC(51) Pause Young (Normal) (G1 Evacuation Pause)
[89.769s][info][gc,task        ] GC(51) Using 33 workers of 33 for evacuation
[89.778s][info][gc,phases      ] GC(51)   Pre Evacuate Collection Set: 0.2ms
[89.778s][info][gc,phases      ] GC(51)   Merge Heap Roots: 0.3ms
[89.778s][info][gc,phases      ] GC(51)   Evacuate Collection Set: 6.9ms
[89.778s][info][gc,phases      ] GC(51)   Post Evacuate Collection Set: 0.9ms
[89.778s][info][gc,phases      ] GC(51)   Other: 0.2ms
[89.778s][info][gc,heap        ] GC(51) Eden regions: 819->0(881)
[89.778s][info][gc,heap        ] GC(51) Survivor regions: 11->11(105)
[89.778s][info][gc,heap        ] GC(51) Old regions: 61->61
[89.778s][info][gc,heap        ] GC(51) Archive regions: 0->0
[89.778s][info][gc,heap        ] GC(51) Humongous regions: 607->469
[89.778s][info][gc,metaspace   ] GC(51) Metaspace: 119941K(126400K)->119941K(126400K) NonClass: 102240K(105856K)->102240K(105856K) Class: 17700K(20544K)->17700K(20544K)
[89.778s][info][gc             ] GC(51) Pause Young (Normal) (G1 Evacuation Pause) 1492M->535M(1509M) 8.892ms
[89.778s][info][gc,cpu         ] GC(51) User=0.00s Sys=0.00s Real=0.00s
[89.849s][info][gc,start       ] GC(52) Pause Young (Normal) (G1 Evacuation Pause)
[89.849s][info][gc,task        ] GC(52) Using 33 workers of 33 for evacuation
[89.856s][info][gc,phases      ] GC(52)   Pre Evacuate Collection Set: 0.2ms
[89.856s][info][gc,phases      ] GC(52)   Merge Heap Roots: 0.3ms
[89.856s][info][gc,phases      ] GC(52)   Evacuate Collection Set: 5.4ms
[89.856s][info][gc,phases      ] GC(52)   Post Evacuate Collection Set: 0.8ms
[89.856s][info][gc,phases      ] GC(52)   Other: 0.1ms
[89.856s][info][gc,heap        ] GC(52) Eden regions: 850->0(864)
[89.856s][info][gc,heap        ] GC(52) Survivor regions: 11->7(112)
[89.856s][info][gc,heap        ] GC(52) Old regions: 61->61
[89.856s][info][gc,heap        ] GC(52) Archive regions: 0->0
[89.856s][info][gc,heap        ] GC(52) Humongous regions: 587->500
[89.856s][info][gc,metaspace   ] GC(52) Metaspace: 119943K(126400K)->119943K(126400K) NonClass: 102242K(105856K)->102242K(105856K) Class: 17701K(20544K)->17701K(20544K)
[89.856s][info][gc             ] GC(52) Pause Young (Normal) (G1 Evacuation Pause) 1503M->562M(1516M) 7.038ms
[89.856s][info][gc,cpu         ] GC(52) User=0.00s Sys=0.00s Real=0.00s
[89.924s][info][gc,start       ] GC(53) Pause Young (Normal) (G1 Evacuation Pause)
[89.924s][info][gc,task        ] GC(53) Using 33 workers of 33 for evacuation
[89.926s][info][gc,phases      ] GC(53)   Pre Evacuate Collection Set: 0.2ms
[89.927s][info][gc,phases      ] GC(53)   Merge Heap Roots: 0.3ms
[89.927s][info][gc,phases      ] GC(53)   Evacuate Collection Set: 1.1ms
[89.927s][info][gc,phases      ] GC(53)   Post Evacuate Collection Set: 0.7ms
[89.927s][info][gc,phases      ] GC(53)   Other: 0.1ms
[89.927s][info][gc,heap        ] GC(53) Eden regions: 864->0(826)
[89.927s][info][gc,heap        ] GC(53) Survivor regions: 7->6(109)
[89.927s][info][gc,heap        ] GC(53) Old regions: 61->61
[89.927s][info][gc,heap        ] GC(53) Archive regions: 0->0
[89.927s][info][gc,heap        ] GC(53) Humongous regions: 578->540
[89.927s][info][gc,metaspace   ] GC(53) Metaspace: 119943K(126400K)->119943K(126400K) NonClass: 102242K(105856K)->102242K(105856K) Class: 17701K(20544K)->17701K(20544K)
[89.927s][info][gc             ] GC(53) Pause Young (Normal) (G1 Evacuation Pause) 1504M->601M(1516M) 2.704ms
[89.927s][info][gc,cpu         ] GC(53) User=0.00s Sys=0.00s Real=0.00s
[89.985s][info][gc,start       ] GC(54) Pause Young (Concurrent Start) (G1 Humongous Allocation)
[89.985s][info][gc,task        ] GC(54) Using 33 workers of 33 for evacuation
[89.989s][info][gc,phases      ] GC(54)   Pre Evacuate Collection Set: 0.3ms
[89.989s][info][gc,phases      ] GC(54)   Merge Heap Roots: 0.3ms
[89.989s][info][gc,phases      ] GC(54)   Evacuate Collection Set: 2.3ms
[89.989s][info][gc,phases      ] GC(54)   Post Evacuate Collection Set: 0.6ms
[89.989s][info][gc,phases      ] GC(54)   Other: 0.1ms
[89.989s][info][gc,heap        ] GC(54) Eden regions: 692->0(777)
[89.989s][info][gc,heap        ] GC(54) Survivor regions: 6->6(104)
[89.989s][info][gc,heap        ] GC(54) Old regions: 61->61
[89.989s][info][gc,heap        ] GC(54) Archive regions: 0->0
[89.989s][info][gc,heap        ] GC(54) Humongous regions: 621->589
[89.989s][info][gc,metaspace   ] GC(54) Metaspace: 119943K(126400K)->119943K(126400K) NonClass: 102242K(105856K)->102242K(105856K) Class: 17701K(20544K)->17701K(20544K)
[89.989s][info][gc             ] GC(54) Pause Young (Concurrent Start) (G1 Humongous Allocation) 1374M->651M(1516M) 3.843ms
[89.989s][info][gc             ] GC(55) Concurrent Undo Cycle
[89.989s][info][gc,cpu         ] GC(54) User=0.00s Sys=0.00s Real=0.00s
[89.989s][info][gc,marking     ] GC(55) Concurrent Clear Claimed Marks
[89.992s][info][gc,marking     ] GC(55) Concurrent Clear Claimed Marks 2.827ms
[89.992s][info][gc,marking     ] GC(55) Concurrent Cleanup for Next Mark
[89.993s][info][gc,marking     ] GC(55) Concurrent Cleanup for Next Mark 0.886ms
[89.994s][info][gc             ] GC(55) Concurrent Undo Cycle 4.416ms
[90.022s][info][gc,start       ] GC(56) Pause Young (Concurrent Start) (G1 Humongous Allocation)
[90.022s][info][gc,task        ] GC(56) Using 33 workers of 33 for evacuation
[90.026s][info][gc,phases      ] GC(56)   Pre Evacuate Collection Set: 0.4ms
[90.026s][info][gc,phases      ] GC(56)   Merge Heap Roots: 0.2ms
[90.026s][info][gc,phases      ] GC(56)   Evacuate Collection Set: 2.3ms
[90.026s][info][gc,phases      ] GC(56)   Post Evacuate Collection Set: 0.6ms
[90.026s][info][gc,phases      ] GC(56)   Other: 0.1ms
[90.026s][info][gc,heap        ] GC(56) Eden regions: 414->0(764)
[90.026s][info][gc,heap        ] GC(56) Survivor regions: 6->6(98)
[90.026s][info][gc,heap        ] GC(56) Old regions: 61->61
[90.026s][info][gc,heap        ] GC(56) Archive regions: 0->0
[90.026s][info][gc,heap        ] GC(56) Humongous regions: 618->602
[90.026s][info][gc,metaspace   ] GC(56) Metaspace: 119943K(126400K)->119943K(126400K) NonClass: 102242K(105856K)->102242K(105856K) Class: 17701K(20544K)->17701K(20544K)
[90.026s][info][gc             ] GC(56) Pause Young (Concurrent Start) (G1 Humongous Allocation) 1094M->663M(1516M) 3.763ms
[90.026s][info][gc             ] GC(57) Concurrent Undo Cycle
[90.026s][info][gc,cpu         ] GC(56) User=0.00s Sys=0.00s Real=0.00s
[90.026s][info][gc,marking     ] GC(57) Concurrent Clear Claimed Marks
[90.029s][info][gc,marking     ] GC(57) Concurrent Clear Claimed Marks 2.786ms
[90.074s][info][gc,marking     ] GC(57) Concurrent Cleanup for Next Mark
[90.075s][info][gc,marking     ] GC(57) Concurrent Cleanup for Next Mark 1.214ms
[90.076s][info][gc             ] GC(57) Concurrent Undo Cycle 49.457ms
[90.080s][info][gc,start       ] GC(58) Pause Young (Concurrent Start) (G1 Humongous Allocation)
[90.080s][info][gc,task        ] GC(58) Using 33 workers of 33 for evacuation
[90.084s][info][gc,phases      ] GC(58)   Pre Evacuate Collection Set: 0.3ms
[90.084s][info][gc,phases      ] GC(58)   Merge Heap Roots: 0.3ms
[90.084s][info][gc,phases      ] GC(58)   Evacuate Collection Set: 2.3ms
[90.084s][info][gc,phases      ] GC(58)   Post Evacuate Collection Set: 1.2ms
[90.084s][info][gc,phases      ] GC(58)   Other: 0.1ms
[90.084s][info][gc,heap        ] GC(58) Eden regions: 678->0(821)
[90.084s][info][gc,heap        ] GC(58) Survivor regions: 6->6(97)
[90.084s][info][gc,heap        ] GC(58) Old regions: 61->61
[90.084s][info][gc,heap        ] GC(58) Archive regions: 0->0
[90.084s][info][gc,heap        ] GC(58) Humongous regions: 652->610
[90.084s][info][gc,metaspace   ] GC(58) Metaspace: 119944K(126400K)->119944K(126400K) NonClass: 102243K(105856K)->102243K(105856K) Class: 17701K(20544K)->17701K(20544K)
[90.084s][info][gc             ] GC(58) Pause Young (Concurrent Start) (G1 Humongous Allocation) 1391M->671M(1584M) 4.475ms
[90.084s][info][gc             ] GC(59) Concurrent Undo Cycle
[90.084s][info][gc,cpu         ] GC(58) User=0.00s Sys=0.00s Real=0.00s
[90.084s][info][gc,marking     ] GC(59) Concurrent Clear Claimed Marks
[90.085s][info][gc,marking     ] GC(59) Concurrent Clear Claimed Marks 0.670ms
[90.085s][info][gc,marking     ] GC(59) Concurrent Cleanup for Next Mark
[90.085s][info][gc,marking     ] GC(59) Concurrent Cleanup for Next Mark 0.216ms
[90.085s][info][gc             ] GC(59) Concurrent Undo Cycle 1.139ms
[90.138s][info][gc,start       ] GC(60) Pause Young (Concurrent Start) (G1 Humongous Allocation)
[90.138s][info][gc,task        ] GC(60) Using 33 workers of 33 for evacuation
[90.142s][info][gc,phases      ] GC(60)   Pre Evacuate Collection Set: 0.4ms
[90.142s][info][gc,phases      ] GC(60)   Merge Heap Roots: 0.2ms
[90.142s][info][gc,phases      ] GC(60)   Evacuate Collection Set: 2.2ms
[90.142s][info][gc,phases      ] GC(60)   Post Evacuate Collection Set: 0.6ms
[90.142s][info][gc,phases      ] GC(60)   Other: 0.1ms
[90.142s][info][gc,heap        ] GC(60) Eden regions: 362->0(791)
[90.142s][info][gc,heap        ] GC(60) Survivor regions: 6->6(104)
[90.142s][info][gc,heap        ] GC(60) Old regions: 61->61
[90.142s][info][gc,heap        ] GC(60) Archive regions: 0->0
[90.142s][info][gc,heap        ] GC(60) Humongous regions: 650->640
[90.142s][info][gc,metaspace   ] GC(60) Metaspace: 119963K(126400K)->119963K(126400K) NonClass: 102259K(105856K)->102259K(105856K) Class: 17704K(20544K)->17704K(20544K)
[90.142s][info][gc             ] GC(60) Pause Young (Concurrent Start) (G1 Humongous Allocation) 1073M->701M(1584M) 3.781ms
[90.142s][info][gc             ] GC(61) Concurrent Undo Cycle
[90.142s][info][gc,cpu         ] GC(60) User=0.00s Sys=0.00s Real=0.00s
[90.142s][info][gc,marking     ] GC(61) Concurrent Clear Claimed Marks
[90.143s][info][gc,marking     ] GC(61) Concurrent Clear Claimed Marks 1.315ms
[90.144s][info][gc,marking     ] GC(61) Concurrent Cleanup for Next Mark
[90.144s][info][gc,marking     ] GC(61) Concurrent Cleanup for Next Mark 0.611ms
[90.144s][info][gc             ] GC(61) Concurrent Undo Cycle 2.513ms
[90.151s][info][gc,start       ] GC(62) Pause Young (Concurrent Start) (G1 Humongous Allocation)
[90.151s][info][gc,task        ] GC(62) Using 33 workers of 33 for evacuation
[90.154s][info][gc,phases      ] GC(62)   Pre Evacuate Collection Set: 0.4ms
[90.154s][info][gc,phases      ] GC(62)   Merge Heap Roots: 0.1ms
[90.154s][info][gc,phases      ] GC(62)   Evacuate Collection Set: 2.2ms
[90.154s][info][gc,phases      ] GC(62)   Post Evacuate Collection Set: 0.5ms
[90.154s][info][gc,phases      ] GC(62)   Other: 0.0ms
[90.154s][info][gc,heap        ] GC(62) Eden regions: 103->0(784)
[90.154s][info][gc,heap        ] GC(62) Survivor regions: 6->6(100)
[90.154s][info][gc,heap        ] GC(62) Old regions: 61->61
[90.154s][info][gc,heap        ] GC(62) Archive regions: 0->0
[90.154s][info][gc,heap        ] GC(62) Humongous regions: 655->647
[90.154s][info][gc,metaspace   ] GC(62) Metaspace: 119972K(126400K)->119972K(126400K) NonClass: 102265K(105856K)->102265K(105856K) Class: 17707K(20544K)->17707K(20544K)
[90.154s][info][gc             ] GC(62) Pause Young (Concurrent Start) (G1 Humongous Allocation) 819M->708M(1584M) 3.396ms
[90.154s][info][gc             ] GC(63) Concurrent Undo Cycle
[90.154s][info][gc,cpu         ] GC(62) User=0.00s Sys=0.00s Real=0.00s
[90.154s][info][gc,marking     ] GC(63) Concurrent Clear Claimed Marks
[90.157s][info][gc,marking     ] GC(63) Concurrent Clear Claimed Marks 2.625ms
[90.157s][info][gc,marking     ] GC(63) Concurrent Cleanup for Next Mark
[90.158s][info][gc,marking     ] GC(63) Concurrent Cleanup for Next Mark 0.877ms
[90.158s][info][gc             ] GC(63) Concurrent Undo Cycle 4.392ms
[90.170s][info][gc,start       ] GC(64) Pause Young (Concurrent Start) (G1 Humongous Allocation)
[90.170s][info][gc,task        ] GC(64) Using 33 workers of 33 for evacuation
[90.174s][info][gc,phases      ] GC(64)   Pre Evacuate Collection Set: 0.3ms
[90.174s][info][gc,phases      ] GC(64)   Merge Heap Roots: 0.1ms
[90.174s][info][gc,phases      ] GC(64)   Evacuate Collection Set: 2.3ms
[90.174s][info][gc,phases      ] GC(64)   Post Evacuate Collection Set: 0.6ms
[90.174s][info][gc,phases      ] GC(64)   Other: 0.1ms
[90.174s][info][gc,heap        ] GC(64) Eden regions: 87->0(782)
[90.174s][info][gc,heap        ] GC(64) Survivor regions: 6->6(99)
[90.174s][info][gc,heap        ] GC(64) Old regions: 61->61
[90.174s][info][gc,heap        ] GC(64) Archive regions: 0->0
[90.174s][info][gc,heap        ] GC(64) Humongous regions: 662->649
[90.174s][info][gc,metaspace   ] GC(64) Metaspace: 119975K(126400K)->119975K(126400K) NonClass: 102267K(105856K)->102267K(105856K) Class: 17708K(20544K)->17708K(20544K)
[90.174s][info][gc             ] GC(64) Pause Young (Concurrent Start) (G1 Humongous Allocation) 810M->710M(1584M) 3.715ms
[90.174s][info][gc             ] GC(65) Concurrent Undo Cycle
[90.174s][info][gc,cpu         ] GC(64) User=0.00s Sys=0.00s Real=0.00s
[90.174s][info][gc,marking     ] GC(65) Concurrent Clear Claimed Marks
[90.176s][info][gc,marking     ] GC(65) Concurrent Clear Claimed Marks 1.851ms
[90.176s][info][gc,marking     ] GC(65) Concurrent Cleanup for Next Mark
[90.177s][info][gc,marking     ] GC(65) Concurrent Cleanup for Next Mark 0.629ms
[90.177s][info][gc             ] GC(65) Concurrent Undo Cycle 3.258ms
[90.180s][info][gc,start       ] GC(66) Pause Young (Concurrent Start) (G1 Humongous Allocation)
[90.180s][info][gc,task        ] GC(66) Using 33 workers of 33 for evacuation
[90.183s][info][gc,phases      ] GC(66)   Pre Evacuate Collection Set: 0.3ms
[90.183s][info][gc,phases      ] GC(66)   Merge Heap Roots: 0.1ms
[90.183s][info][gc,phases      ] GC(66)   Evacuate Collection Set: 2.4ms
[90.183s][info][gc,phases      ] GC(66)   Post Evacuate Collection Set: 0.6ms
[90.183s][info][gc,phases      ] GC(66)   Other: 0.1ms
[90.183s][info][gc,heap        ] GC(66) Eden regions: 72->0(785)
[90.183s][info][gc,heap        ] GC(66) Survivor regions: 6->6(99)
[90.183s][info][gc,heap        ] GC(66) Old regions: 61->61
[90.183s][info][gc,heap        ] GC(66) Archive regions: 0->0
[90.183s][info][gc,heap        ] GC(66) Humongous regions: 657->646
[90.183s][info][gc,metaspace   ] GC(66) Metaspace: 119976K(126400K)->119976K(126400K) NonClass: 102268K(105856K)->102268K(105856K) Class: 17708K(20544K)->17708K(20544K)
[90.184s][info][gc             ] GC(66) Pause Young (Concurrent Start) (G1 Humongous Allocation) 790M->707M(1584M) 3.810ms
[90.184s][info][gc             ] GC(67) Concurrent Undo Cycle
[90.184s][info][gc,cpu         ] GC(66) User=0.00s Sys=0.00s Real=0.00s
[90.184s][info][gc,marking     ] GC(67) Concurrent Clear Claimed Marks
[90.185s][info][gc,marking     ] GC(67) Concurrent Clear Claimed Marks 1.185ms
[90.185s][info][gc,marking     ] GC(67) Concurrent Cleanup for Next Mark
[90.186s][info][gc,marking     ] GC(67) Concurrent Cleanup for Next Mark 0.517ms
[90.186s][info][gc             ] GC(67) Concurrent Undo Cycle 2.153ms
[90.201s][info][gc,start       ] GC(68) Pause Young (Concurrent Start) (G1 Humongous Allocation)
[90.201s][info][gc,task        ] GC(68) Using 33 workers of 33 for evacuation
[90.206s][info][gc,phases      ] GC(68)   Pre Evacuate Collection Set: 0.4ms
[90.206s][info][gc,phases      ] GC(68)   Merge Heap Roots: 0.1ms
[90.206s][info][gc,phases      ] GC(68)   Evacuate Collection Set: 3.2ms
[90.206s][info][gc,phases      ] GC(68)   Post Evacuate Collection Set: 0.7ms
[90.206s][info][gc,phases      ] GC(68)   Other: 0.1ms
[90.206s][info][gc,heap        ] GC(68) Eden regions: 44->0(775)
[90.206s][info][gc,heap        ] GC(68) Survivor regions: 6->6(99)
[90.206s][info][gc,heap        ] GC(68) Old regions: 61->61
[90.206s][info][gc,heap        ] GC(68) Archive regions: 0->0
[90.206s][info][gc,heap        ] GC(68) Humongous regions: 660->656
[90.206s][info][gc,metaspace   ] GC(68) Metaspace: 119980K(126400K)->119980K(126400K) NonClass: 102271K(105856K)->102271K(105856K) Class: 17708K(20544K)->17708K(20544K)
[90.206s][info][gc             ] GC(68) Pause Young (Concurrent Start) (G1 Humongous Allocation) 765M->718M(1584M) 5.055ms
[90.206s][info][gc             ] GC(69) Concurrent Mark Cycle
[90.207s][info][gc,cpu         ] GC(68) User=0.00s Sys=0.00s Real=0.00s
[90.207s][info][gc,marking     ] GC(69) Concurrent Scan Root Regions
[90.218s][info][gc,marking     ] GC(69) Concurrent Scan Root Regions 11.112ms
[90.218s][info][gc,marking     ] GC(69) Concurrent Mark
[90.218s][info][gc,marking     ] GC(69) Concurrent Mark From Roots
[90.218s][info][gc,task        ] GC(69) Using 8 workers of 8 for marking
[90.267s][info][gc,marking     ] GC(69) Concurrent Mark From Roots 48.938ms
[90.267s][info][gc,marking     ] GC(69) Concurrent Preclean
[90.270s][info][gc,marking     ] GC(69) Concurrent Preclean 2.967ms
[90.278s][info][gc,start       ] GC(69) Pause Remark
[90.341s][info][gc             ] GC(69) Pause Remark 1536M->1536M(2048M) 63.140ms
[90.341s][info][gc,cpu         ] GC(69) User=0.42s Sys=0.02s Real=0.06s
[90.342s][info][gc,marking     ] GC(69) Concurrent Mark 123.647ms
[90.342s][info][gc,marking     ] GC(69) Concurrent Rebuild Remembered Sets and Scrub Regions
[90.356s][info][gc,marking     ] GC(69) Concurrent Rebuild Remembered Sets and Scrub Regions 14.296ms
[90.372s][info][gc,start       ] GC(69) Pause Cleanup
[90.372s][info][gc             ] GC(69) Pause Cleanup 1577M->1577M(2048M) 0.329ms
[90.372s][info][gc,cpu         ] GC(69) User=0.00s Sys=0.00s Real=0.00s
[90.373s][info][gc,marking     ] GC(69) Concurrent Clear Claimed Marks
[90.373s][info][gc,marking     ] GC(69) Concurrent Clear Claimed Marks 0.182ms
[90.373s][info][gc,marking     ] GC(69) Concurrent Cleanup for Next Mark
[90.416s][info][gc,marking     ] GC(69) Concurrent Cleanup for Next Mark 43.143ms
[90.416s][info][gc             ] GC(69) Concurrent Mark Cycle 209.783ms
[90.450s][info][gc,start       ] GC(70) Pause Young (Prepare Mixed) (G1 Evacuation Pause)
[90.450s][info][gc,task        ] GC(70) Using 33 workers of 33 for evacuation
[90.457s][info][gc,phases      ] GC(70)   Pre Evacuate Collection Set: 0.3ms
[90.457s][info][gc,phases      ] GC(70)   Merge Heap Roots: 0.4ms
[90.457s][info][gc,phases      ] GC(70)   Evacuate Collection Set: 5.3ms
[90.457s][info][gc,phases      ] GC(70)   Post Evacuate Collection Set: 1.0ms
[90.457s][info][gc,phases      ] GC(70)   Other: 0.1ms
[90.457s][info][gc,heap        ] GC(70) Eden regions: 775->0(1206)
[90.457s][info][gc,heap        ] GC(70) Survivor regions: 6->9(98)
[90.457s][info][gc,heap        ] GC(70) Old regions: 61->61
[90.457s][info][gc,heap        ] GC(70) Archive regions: 0->0
[90.457s][info][gc,heap        ] GC(70) Humongous regions: 846->660
[90.457s][info][gc,metaspace   ] GC(70) Metaspace: 111172K(123968K)->111172K(123968K) NonClass: 95748K(103552K)->95748K(103552K) Class: 15424K(20416K)->15424K(20416K)
[90.457s][info][gc             ] GC(70) Pause Young (Prepare Mixed) (G1 Evacuation Pause) 1683M->725M(2048M) 7.303ms
[90.457s][info][gc,cpu         ] GC(70) User=0.00s Sys=0.00s Real=0.00s
[90.669s][info][gc,start       ] GC(71) Pause Young (Mixed) (G1 Humongous Allocation)
[90.669s][info][gc,task        ] GC(71) Using 33 workers of 33 for evacuation
[90.672s][info][gc,phases      ] GC(71)   Pre Evacuate Collection Set: 0.3ms
[90.672s][info][gc,phases      ] GC(71)   Merge Heap Roots: 0.4ms
[90.672s][info][gc,phases      ] GC(71)   Evacuate Collection Set: 1.5ms
[90.672s][info][gc,phases      ] GC(71)   Post Evacuate Collection Set: 0.9ms
[90.672s][info][gc,phases      ] GC(71)   Other: 0.2ms
[90.672s][info][gc,heap        ] GC(71) Eden regions: 1133->0(1160)
[90.672s][info][gc,heap        ] GC(71) Survivor regions: 9->6(10)
[90.672s][info][gc,heap        ] GC(71) Old regions: 61->58
[90.672s][info][gc,heap        ] GC(71) Archive regions: 0->0
[90.672s][info][gc,heap        ] GC(71) Humongous regions: 835->715
[90.672s][info][gc,metaspace   ] GC(71) Metaspace: 111199K(123968K)->111199K(123968K) NonClass: 95766K(103552K)->95766K(103552K) Class: 15432K(20416K)->15432K(20416K)
[90.672s][info][gc             ] GC(71) Pause Young (Mixed) (G1 Humongous Allocation) 2033M->776M(2048M) 3.452ms
[90.672s][info][gc,cpu         ] GC(71) User=0.00s Sys=0.00s Real=0.00s
[90.675s][info][gc,start       ] GC(72) Pause Young (Concurrent Start) (G1 Humongous Allocation)
[90.675s][info][gc,task        ] GC(72) Using 33 workers of 33 for evacuation
[90.677s][info][gc,phases      ] GC(72)   Pre Evacuate Collection Set: 0.4ms
[90.677s][info][gc,phases      ] GC(72)   Merge Heap Roots: 0.1ms
[90.677s][info][gc,phases      ] GC(72)   Evacuate Collection Set: 1.4ms
[90.677s][info][gc,phases      ] GC(72)   Post Evacuate Collection Set: 0.5ms
[90.677s][info][gc,phases      ] GC(72)   Other: 0.0ms
[90.677s][info][gc,heap        ] GC(72) Eden regions: 9->0(1182)
[90.677s][info][gc,heap        ] GC(72) Survivor regions: 6->6(146)
[90.677s][info][gc,heap        ] GC(72) Old regions: 58->59
[90.677s][info][gc,heap        ] GC(72) Archive regions: 0->0
[90.677s][info][gc,heap        ] GC(72) Humongous regions: 719->692
[90.677s][info][gc,metaspace   ] GC(72) Metaspace: 111199K(123968K)->111199K(123968K) NonClass: 95766K(103552K)->95766K(103552K) Class: 15432K(20416K)->15432K(20416K)
[90.677s][info][gc             ] GC(72) Pause Young (Concurrent Start) (G1 Humongous Allocation) 789M->753M(2048M) 2.587ms
[90.677s][info][gc             ] GC(73) Concurrent Mark Cycle
[90.677s][info][gc,cpu         ] GC(72) User=0.00s Sys=0.00s Real=0.00s
[90.677s][info][gc,marking     ] GC(73) Concurrent Scan Root Regions
[90.690s][info][gc,marking     ] GC(73) Concurrent Scan Root Regions 12.582ms
[90.690s][info][gc,marking     ] GC(73) Concurrent Mark
[90.690s][info][gc,marking     ] GC(73) Concurrent Mark From Roots
[90.690s][info][gc,task        ] GC(73) Using 8 workers of 8 for marking
[90.736s][info][gc,marking     ] GC(73) Concurrent Mark From Roots 45.335ms
[90.736s][info][gc,marking     ] GC(73) Concurrent Preclean
[90.739s][info][gc,marking     ] GC(73) Concurrent Preclean 2.887ms
[90.743s][info][gc,start       ] GC(73) Pause Remark
[90.749s][info][gc             ] GC(73) Pause Remark 1568M->1568M(2048M) 6.818ms
[90.750s][info][gc,cpu         ] GC(73) User=0.00s Sys=0.00s Real=0.00s
[90.750s][info][gc,marking     ] GC(73) Concurrent Mark 59.371ms
[90.750s][info][gc,marking     ] GC(73) Concurrent Rebuild Remembered Sets and Scrub Regions
[90.777s][info][gc,marking     ] GC(73) Concurrent Rebuild Remembered Sets and Scrub Regions 26.980ms
[90.790s][info][gc,start       ] GC(73) Pause Cleanup
[90.790s][info][gc             ] GC(73) Pause Cleanup 1928M->1928M(2048M) 0.316ms
[90.790s][info][gc,cpu         ] GC(73) User=0.00s Sys=0.00s Real=0.00s
[90.790s][info][gc,marking     ] GC(73) Concurrent Clear Claimed Marks
[90.791s][info][gc,marking     ] GC(73) Concurrent Clear Claimed Marks 1.036ms
[90.791s][info][gc,marking     ] GC(73) Concurrent Cleanup for Next Mark
[90.800s][info][gc,start       ] GC(74) Pause Young (Prepare Mixed) (G1 Humongous Allocation)
[90.800s][info][gc,task        ] GC(74) Using 33 workers of 33 for evacuation
[90.804s][info][gc,phases      ] GC(74)   Pre Evacuate Collection Set: 0.3ms
[90.804s][info][gc,phases      ] GC(74)   Merge Heap Roots: 0.5ms
[90.804s][info][gc,phases      ] GC(74)   Evacuate Collection Set: 1.4ms
[90.804s][info][gc,phases      ] GC(74)   Post Evacuate Collection Set: 1.0ms
[90.804s][info][gc,phases      ] GC(74)   Other: 0.1ms
[90.804s][info][gc,heap        ] GC(74) Eden regions: 1062->0(1186)
[90.804s][info][gc,heap        ] GC(74) Survivor regions: 6->10(14)
[90.804s][info][gc,heap        ] GC(74) Old regions: 59->59
[90.804s][info][gc,heap        ] GC(74) Archive regions: 0->0
[90.804s][info][gc,heap        ] GC(74) Humongous regions: 907->680
[90.804s][info][gc,metaspace   ] GC(74) Metaspace: 111199K(123968K)->111199K(123968K) NonClass: 95766K(103552K)->95766K(103552K) Class: 15432K(20416K)->15432K(20416K)
[90.804s][info][gc             ] GC(74) Pause Young (Prepare Mixed) (G1 Humongous Allocation) 2030M->745M(2048M) 3.540ms
[90.804s][info][gc,cpu         ] GC(74) User=0.00s Sys=0.00s Real=0.00s
[90.805s][info][gc,marking     ] GC(73) Concurrent Cleanup for Next Mark 13.484ms
[90.805s][info][gc             ] GC(73) Concurrent Mark Cycle 127.710ms
[90.899s][info][gc,start       ] GC(75) Pause Young (Mixed) (G1 Evacuation Pause)
[90.899s][info][gc,task        ] GC(75) Using 33 workers of 33 for evacuation
[90.903s][info][gc,phases      ] GC(75)   Pre Evacuate Collection Set: 0.3ms
[90.903s][info][gc,phases      ] GC(75)   Merge Heap Roots: 0.4ms
[90.903s][info][gc,phases      ] GC(75)   Evacuate Collection Set: 1.8ms
[90.903s][info][gc,phases      ] GC(75)   Post Evacuate Collection Set: 1.2ms
[90.903s][info][gc,phases      ] GC(75)   Other: 0.2ms
[90.903s][info][gc,heap        ] GC(75) Eden regions: 1159->0(1076)
[90.903s][info][gc,heap        ] GC(75) Survivor regions: 10->0(0)
[90.903s][info][gc,heap        ] GC(75) Old regions: 59->159
[90.903s][info][gc,heap        ] GC(75) Archive regions: 0->0
[90.903s][info][gc,heap        ] GC(75) Humongous regions: 820->710
[90.903s][info][gc,metaspace   ] GC(75) Metaspace: 111199K(123968K)->111199K(123968K) NonClass: 95766K(103552K)->95766K(103552K) Class: 15432K(20416K)->15432K(20416K)
[90.903s][info][gc             ] GC(75) Pause Young (Mixed) (G1 Evacuation Pause) (Evacuation Failure) 2044M->866M(2048M) 4.070ms
[90.903s][info][gc,cpu         ] GC(75) User=0.00s Sys=0.00s Real=0.00s
[90.906s][info][gc,start       ] GC(76) Pause Young (Concurrent Start) (G1 Humongous Allocation)
[90.906s][info][gc,task        ] GC(76) Using 33 workers of 33 for evacuation
[90.908s][info][gc,phases      ] GC(76)   Pre Evacuate Collection Set: 0.4ms
[90.908s][info][gc,phases      ] GC(76)   Merge Heap Roots: 0.1ms
[90.908s][info][gc,phases      ] GC(76)   Evacuate Collection Set: 1.1ms
[90.908s][info][gc,phases      ] GC(76)   Post Evacuate Collection Set: 0.5ms
[90.908s][info][gc,phases      ] GC(76)   Other: 0.0ms
[90.908s][info][gc,heap        ] GC(76) Eden regions: 43->0(1074)
[90.908s][info][gc,heap        ] GC(76) Survivor regions: 0->1(135)
[90.908s][info][gc,heap        ] GC(76) Old regions: 159->159
[90.908s][info][gc,heap        ] GC(76) Archive regions: 0->0
[90.908s][info][gc,heap        ] GC(76) Humongous regions: 710->710
[90.908s][info][gc,metaspace   ] GC(76) Metaspace: 111199K(123968K)->111199K(123968K) NonClass: 95766K(103552K)->95766K(103552K) Class: 15432K(20416K)->15432K(20416K)
[90.908s][info][gc             ] GC(76) Pause Young (Concurrent Start) (G1 Humongous Allocation) 909M->867M(2048M) 2.306ms
[90.908s][info][gc             ] GC(77) Concurrent Mark Cycle
[90.908s][info][gc,cpu         ] GC(76) User=0.00s Sys=0.00s Real=0.00s
[90.908s][info][gc,marking     ] GC(77) Concurrent Scan Root Regions
[90.926s][info][gc,marking     ] GC(77) Concurrent Scan Root Regions 17.740ms
[90.926s][info][gc,marking     ] GC(77) Concurrent Mark
[90.926s][info][gc,marking     ] GC(77) Concurrent Mark From Roots
[90.926s][info][gc,task        ] GC(77) Using 8 workers of 8 for marking
[90.983s][info][gc,marking     ] GC(77) Concurrent Mark From Roots 56.878ms
[90.984s][info][gc,marking     ] GC(77) Concurrent Preclean
[90.987s][info][gc,marking     ] GC(77) Concurrent Preclean 3.442ms
[90.989s][info][gc,start       ] GC(77) Pause Remark
[90.992s][info][gc             ] GC(77) Pause Remark 1977M->1931M(2048M) 2.849ms
[90.992s][info][gc,cpu         ] GC(77) User=0.00s Sys=0.00s Real=0.00s
[90.992s][info][gc,marking     ] GC(77) Concurrent Mark 65.292ms
[90.992s][info][gc,marking     ] GC(77) Concurrent Rebuild Remembered Sets and Scrub Regions
[90.999s][info][gc,start       ] GC(78) Pause Young (Normal) (G1 Evacuation Pause)
[90.999s][info][gc,task        ] GC(78) Using 33 workers of 33 for evacuation
[91.002s][info][gc,phases      ] GC(78)   Pre Evacuate Collection Set: 0.2ms
[91.002s][info][gc,phases      ] GC(78)   Merge Heap Roots: 0.5ms
[91.002s][info][gc,phases      ] GC(78)   Evacuate Collection Set: 0.6ms
[91.002s][info][gc,phases      ] GC(78)   Post Evacuate Collection Set: 0.7ms
[91.002s][info][gc,phases      ] GC(78)   Other: 0.1ms
[91.002s][info][gc,heap        ] GC(78) Eden regions: 1074->0(992)
[91.002s][info][gc,heap        ] GC(78) Survivor regions: 1->2(20)
[91.002s][info][gc,heap        ] GC(78) Old regions: 130->130
[91.002s][info][gc,heap        ] GC(78) Archive regions: 0->0
[91.002s][info][gc,heap        ] GC(78) Humongous regions: 823->819
[91.002s][info][gc,metaspace   ] GC(78) Metaspace: 111199K(123968K)->111199K(123968K) NonClass: 95766K(103552K)->95766K(103552K) Class: 15432K(20416K)->15432K(20416K)
[91.002s][info][gc             ] GC(78) Pause Young (Normal) (G1 Evacuation Pause) 2025M->947M(2048M) 2.392ms
[91.002s][info][gc,cpu         ] GC(78) User=0.00s Sys=0.00s Real=0.00s
[91.029s][info][gc,marking     ] GC(77) Concurrent Rebuild Remembered Sets and Scrub Regions 36.795ms
[91.030s][info][gc,start       ] GC(77) Pause Cleanup
[91.031s][info][gc             ] GC(77) Pause Cleanup 1306M->1306M(2048M) 1.402ms
[91.031s][info][gc,cpu         ] GC(77) User=0.00s Sys=0.00s Real=0.00s
[91.032s][info][gc,marking     ] GC(77) Concurrent Clear Claimed Marks
[91.033s][info][gc,marking     ] GC(77) Concurrent Clear Claimed Marks 0.967ms
[91.033s][info][gc,marking     ] GC(77) Concurrent Cleanup for Next Mark
[91.040s][info][gc,marking     ] GC(77) Concurrent Cleanup for Next Mark 6.969ms
[91.040s][info][gc             ] GC(77) Concurrent Mark Cycle 131.871ms
[91.084s][info][gc,start       ] GC(79) Pause Young (Prepare Mixed) (G1 Evacuation Pause)
[91.084s][info][gc,task        ] GC(79) Using 33 workers of 33 for evacuation
[91.087s][info][gc,phases      ] GC(79)   Pre Evacuate Collection Set: 0.3ms
[91.087s][info][gc,phases      ] GC(79)   Merge Heap Roots: 0.5ms
[91.087s][info][gc,phases      ] GC(79)   Evacuate Collection Set: 0.6ms
[91.087s][info][gc,phases      ] GC(79)   Post Evacuate Collection Set: 0.7ms
[91.087s][info][gc,phases      ] GC(79)   Other: 0.1ms
[91.087s][info][gc,heap        ] GC(79) Eden regions: 992->0(930)
[91.087s][info][gc,heap        ] GC(79) Survivor regions: 2->1(25)
[91.087s][info][gc,heap        ] GC(79) Old regions: 130->130
[91.087s][info][gc,heap        ] GC(79) Archive regions: 0->0
[91.087s][info][gc,heap        ] GC(79) Humongous regions: 899->883
[91.087s][info][gc,metaspace   ] GC(79) Metaspace: 111199K(123968K)->111199K(123968K) NonClass: 95766K(103552K)->95766K(103552K) Class: 15432K(20416K)->15432K(20416K)
[91.087s][info][gc             ] GC(79) Pause Young (Prepare Mixed) (G1 Evacuation Pause) 2019M->1011M(2048M) 2.378ms
[91.087s][info][gc,cpu         ] GC(79) User=0.00s Sys=0.00s Real=0.00s
[91.164s][info][gc,start       ] GC(80) Pause Young (Mixed) (G1 Humongous Allocation)
[91.164s][info][gc,task        ] GC(80) Using 33 workers of 33 for evacuation
[91.166s][info][gc,phases      ] GC(80)   Pre Evacuate Collection Set: 0.3ms
[91.166s][info][gc,phases      ] GC(80)   Merge Heap Roots: 0.3ms
[91.166s][info][gc,phases      ] GC(80)   Evacuate Collection Set: 0.9ms
[91.166s][info][gc,phases      ] GC(80)   Post Evacuate Collection Set: 0.9ms
[91.166s][info][gc,phases      ] GC(80)   Other: 0.1ms
[91.166s][info][gc,heap        ] GC(80) Eden regions: 892->0(806)
[91.166s][info][gc,heap        ] GC(80) Survivor regions: 1->0(0)
[91.166s][info][gc,heap        ] GC(80) Old regions: 130->185
[91.166s][info][gc,heap        ] GC(80) Archive regions: 0->0
[91.166s][info][gc,heap        ] GC(80) Humongous regions: 1025->954
[91.166s][info][gc,metaspace   ] GC(80) Metaspace: 111199K(123968K)->111199K(123968K) NonClass: 95766K(103552K)->95766K(103552K) Class: 15432K(20416K)->15432K(20416K)
[91.166s][info][gc             ] GC(80) Pause Young (Mixed) (G1 Humongous Allocation) (Evacuation Failure) 2045M->1136M(2048M) 2.687ms
[91.166s][info][gc,cpu         ] GC(80) User=0.52s Sys=0.00s Real=0.02s
[91.182s][info][gc,start       ] GC(81) Pause Young (Concurrent Start) (G1 Humongous Allocation)
[91.182s][info][gc,task        ] GC(81) Using 33 workers of 33 for evacuation
[91.185s][info][gc,phases      ] GC(81)   Pre Evacuate Collection Set: 0.4ms
[91.185s][info][gc,phases      ] GC(81)   Merge Heap Roots: 0.1ms
[91.185s][info][gc,phases      ] GC(81)   Evacuate Collection Set: 1.1ms
[91.185s][info][gc,phases      ] GC(81)   Post Evacuate Collection Set: 0.6ms
[91.185s][info][gc,phases      ] GC(81)   Other: 0.0ms
[91.185s][info][gc,heap        ] GC(81) Eden regions: 12->0(800)
[91.185s][info][gc,heap        ] GC(81) Survivor regions: 0->1(101)
[91.185s][info][gc,heap        ] GC(81) Old regions: 185->185
[91.185s][info][gc,heap        ] GC(81) Archive regions: 0->0
[91.185s][info][gc,heap        ] GC(81) Humongous regions: 958->958
[91.185s][info][gc,metaspace   ] GC(81) Metaspace: 111199K(123968K)->111199K(123968K) NonClass: 95766K(103552K)->95766K(103552K) Class: 15432K(20416K)->15432K(20416K)
[91.185s][info][gc             ] GC(81) Pause Young (Concurrent Start) (G1 Humongous Allocation) 1152M->1140M(2048M) 2.514ms
[91.185s][info][gc             ] GC(82) Concurrent Mark Cycle
[91.185s][info][gc,cpu         ] GC(81) User=0.00s Sys=0.00s Real=0.00s
[91.185s][info][gc,marking     ] GC(82) Concurrent Scan Root Regions
[91.200s][info][gc,marking     ] GC(82) Concurrent Scan Root Regions 14.750ms
[91.200s][info][gc,marking     ] GC(82) Concurrent Mark
[91.200s][info][gc,marking     ] GC(82) Concurrent Mark From Roots
[91.201s][info][gc,task        ] GC(82) Using 8 workers of 8 for marking
[91.254s][info][gc,start       ] GC(83) Pause Young (Normal) (G1 Humongous Allocation)
[91.255s][info][gc,task        ] GC(83) Using 33 workers of 33 for evacuation
[91.257s][info][gc,phases      ] GC(83)   Pre Evacuate Collection Set: 0.2ms
[91.257s][info][gc,phases      ] GC(83)   Merge Heap Roots: 0.3ms
[91.257s][info][gc,phases      ] GC(83)   Evacuate Collection Set: 0.8ms
[91.257s][info][gc,phases      ] GC(83)   Post Evacuate Collection Set: 0.7ms
[91.257s][info][gc,phases      ] GC(83)   Other: 0.1ms
[91.257s][info][gc,heap        ] GC(83) Eden regions: 759->0(657)
[91.257s][info][gc,heap        ] GC(83) Survivor regions: 1->4(8)
[91.257s][info][gc,heap        ] GC(83) Old regions: 185->185
[91.257s][info][gc,heap        ] GC(83) Archive regions: 0->0
[91.257s][info][gc,heap        ] GC(83) Humongous regions: 1095->1095
[91.257s][info][gc,metaspace   ] GC(83) Metaspace: 111199K(123968K)->111199K(123968K) NonClass: 95766K(103552K)->95766K(103552K) Class: 15432K(20416K)->15432K(20416K)
[91.257s][info][gc             ] GC(83) Pause Young (Normal) (G1 Humongous Allocation) 2036M->1280M(2048M) 2.257ms
[91.257s][info][gc,cpu         ] GC(83) User=0.00s Sys=0.00s Real=0.00s
[91.290s][info][gc,marking     ] GC(82) Concurrent Mark From Roots 89.063ms
[91.290s][info][gc,marking     ] GC(82) Concurrent Preclean
[91.293s][info][gc,marking     ] GC(82) Concurrent Preclean 2.988ms
[91.294s][info][gc,start       ] GC(82) Pause Remark
[91.297s][info][gc             ] GC(82) Pause Remark 1781M->1597M(2048M) 2.858ms
[91.297s][info][gc,cpu         ] GC(82) User=0.00s Sys=0.00s Real=0.00s
[91.297s][info][gc,marking     ] GC(82) Concurrent Mark 96.853ms
[91.297s][info][gc,marking     ] GC(82) Concurrent Rebuild Remembered Sets and Scrub Regions
[91.334s][info][gc,start       ] GC(84) Pause Young (Normal) (G1 Evacuation Pause)
[91.334s][info][gc,task        ] GC(84) Using 33 workers of 33 for evacuation
[91.337s][info][gc,phases      ] GC(84)   Pre Evacuate Collection Set: 0.3ms
[91.337s][info][gc,phases      ] GC(84)   Merge Heap Roots: 0.7ms
[91.337s][info][gc,phases      ] GC(84)   Evacuate Collection Set: 0.8ms
[91.337s][info][gc,phases      ] GC(84)   Post Evacuate Collection Set: 0.8ms
[91.337s][info][gc,phases      ] GC(84)   Other: 0.1ms
[91.337s][info][gc,heap        ] GC(84) Eden regions: 657->0(734)
[91.337s][info][gc,heap        ] GC(84) Survivor regions: 4->4(83)
[91.337s][info][gc,heap        ] GC(84) Old regions: 140->140
[91.337s][info][gc,heap        ] GC(84) Archive regions: 0->0
[91.337s][info][gc,heap        ] GC(84) Humongous regions: 1067->1063
[91.337s][info][gc,metaspace   ] GC(84) Metaspace: 111199K(123968K)->111199K(123968K) NonClass: 95766K(103552K)->95766K(103552K) Class: 15432K(20416K)->15432K(20416K)
[91.337s][info][gc             ] GC(84) Pause Young (Normal) (G1 Evacuation Pause) 1864M->1203M(2048M) 3.163ms
[91.337s][info][gc,cpu         ] GC(84) User=0.00s Sys=0.00s Real=0.00s
[91.337s][info][gc,marking     ] GC(82) Concurrent Rebuild Remembered Sets and Scrub Regions 39.697ms
[91.340s][info][gc,start       ] GC(82) Pause Cleanup
[91.341s][info][gc             ] GC(82) Pause Cleanup 1218M->1218M(2048M) 0.654ms
[91.341s][info][gc,cpu         ] GC(82) User=0.00s Sys=0.00s Real=0.00s
[91.341s][info][gc,marking     ] GC(82) Concurrent Clear Claimed Marks
[91.342s][info][gc,marking     ] GC(82) Concurrent Clear Claimed Marks 0.590ms
[91.342s][info][gc,marking     ] GC(82) Concurrent Cleanup for Next Mark
[91.350s][info][gc,marking     ] GC(82) Concurrent Cleanup for Next Mark 8.616ms
[91.351s][info][gc             ] GC(82) Concurrent Mark Cycle 165.921ms
[91.401s][info][gc,start       ] GC(85) Pause Young (Prepare Mixed) (G1 Humongous Allocation)
[91.401s][info][gc,task        ] GC(85) Using 33 workers of 33 for evacuation
[91.404s][info][gc,phases      ] GC(85)   Pre Evacuate Collection Set: 0.3ms
[91.404s][info][gc,phases      ] GC(85)   Merge Heap Roots: 0.3ms
[91.404s][info][gc,phases      ] GC(85)   Evacuate Collection Set: 0.9ms
[91.404s][info][gc,phases      ] GC(85)   Post Evacuate Collection Set: 0.7ms
[91.404s][info][gc,phases      ] GC(85)   Other: 0.1ms
[91.404s][info][gc,heap        ] GC(85) Eden regions: 681->0(644)
[91.404s][info][gc,heap        ] GC(85) Survivor regions: 4->6(55)
[91.404s][info][gc,heap        ] GC(85) Old regions: 140->140
[91.404s][info][gc,heap        ] GC(85) Archive regions: 0->0
[91.404s][info][gc,heap        ] GC(85) Humongous regions: 1168->1149
[91.404s][info][gc,metaspace   ] GC(85) Metaspace: 111199K(123968K)->111199K(123968K) NonClass: 95766K(103552K)->95766K(103552K) Class: 15432K(20416K)->15432K(20416K)
[91.404s][info][gc             ] GC(85) Pause Young (Prepare Mixed) (G1 Humongous Allocation) 1989M->1291M(2048M) 2.404ms
[91.404s][info][gc,cpu         ] GC(85) User=0.00s Sys=0.00s Real=0.00s
[91.459s][info][gc,start       ] GC(86) Pause Young (Mixed) (G1 Humongous Allocation)
[91.459s][info][gc,task        ] GC(86) Using 33 workers of 33 for evacuation
[91.462s][info][gc,phases      ] GC(86)   Pre Evacuate Collection Set: 0.3ms
[91.462s][info][gc,phases      ] GC(86)   Merge Heap Roots: 0.2ms
[91.462s][info][gc,phases      ] GC(86)   Evacuate Collection Set: 1.4ms
[91.462s][info][gc,phases      ] GC(86)   Post Evacuate Collection Set: 0.7ms
[91.462s][info][gc,phases      ] GC(86)   Other: 0.1ms
[91.462s][info][gc,heap        ] GC(86) Eden regions: 525->0(635)
[91.462s][info][gc,heap        ] GC(86) Survivor regions: 6->7(82)
[91.462s][info][gc,heap        ] GC(86) Old regions: 140->127
[91.462s][info][gc,heap        ] GC(86) Archive regions: 0->0
[91.462s][info][gc,heap        ] GC(86) Humongous regions: 1291->1169
[91.462s][info][gc,metaspace   ] GC(86) Metaspace: 111203K(123968K)->111203K(123968K) NonClass: 95770K(103552K)->95770K(103552K) Class: 15432K(20416K)->15432K(20416K)
[91.462s][info][gc             ] GC(86) Pause Young (Mixed) (G1 Humongous Allocation) 1958M->1298M(2048M) 2.962ms
[91.462s][info][gc,cpu         ] GC(86) User=0.00s Sys=0.00s Real=0.00s
[91.480s][info][gc,start       ] GC(87) Pause Young (Concurrent Start) (G1 Humongous Allocation)
[91.480s][info][gc,task        ] GC(87) Using 33 workers of 33 for evacuation
[91.483s][info][gc,phases      ] GC(87)   Pre Evacuate Collection Set: 0.4ms
[91.483s][info][gc,phases      ] GC(87)   Merge Heap Roots: 0.1ms
[91.483s][info][gc,phases      ] GC(87)   Evacuate Collection Set: 1.7ms
[91.483s][info][gc,phases      ] GC(87)   Post Evacuate Collection Set: 0.5ms
[91.483s][info][gc,phases      ] GC(87)   Other: 0.0ms
[91.483s][info][gc,heap        ] GC(87) Eden regions: 5->0(646)
[91.483s][info][gc,heap        ] GC(87) Survivor regions: 7->7(81)
[91.483s][info][gc,heap        ] GC(87) Old regions: 127->127
[91.483s][info][gc,heap        ] GC(87) Archive regions: 0->0
[91.483s][info][gc,heap        ] GC(87) Humongous regions: 1173->1158
[91.483s][info][gc,metaspace   ] GC(87) Metaspace: 111203K(123968K)->111203K(123968K) NonClass: 95770K(103552K)->95770K(103552K) Class: 15432K(20416K)->15432K(20416K)
[91.483s][info][gc             ] GC(87) Pause Young (Concurrent Start) (G1 Humongous Allocation) 1307M->1287M(2048M) 2.992ms
[91.483s][info][gc             ] GC(88) Concurrent Mark Cycle
[91.483s][info][gc,cpu         ] GC(87) User=0.00s Sys=0.00s Real=0.00s
[91.483s][info][gc,marking     ] GC(88) Concurrent Scan Root Regions
[91.496s][info][gc,marking     ] GC(88) Concurrent Scan Root Regions 12.854ms
[91.497s][info][gc,marking     ] GC(88) Concurrent Mark
[91.497s][info][gc,marking     ] GC(88) Concurrent Mark From Roots
[91.497s][info][gc,task        ] GC(88) Using 8 workers of 8 for marking
[91.538s][info][gc,start       ] GC(89) Pause Young (Normal) (G1 Humongous Allocation)
[91.555s][info][gc,task        ] GC(89) Using 33 workers of 33 for evacuation
[91.557s][info][gc,phases      ] GC(89)   Pre Evacuate Collection Set: 0.3ms
[91.557s][info][gc,phases      ] GC(89)   Merge Heap Roots: 0.3ms
[91.557s][info][gc,phases      ] GC(89)   Evacuate Collection Set: 1.2ms
[91.557s][info][gc,phases      ] GC(89)   Post Evacuate Collection Set: 0.8ms
[91.557s][info][gc,phases      ] GC(89)   Other: 0.1ms
[91.557s][info][gc,heap        ] GC(89) Eden regions: 640->0(605)
[91.557s][info][gc,heap        ] GC(89) Survivor regions: 7->8(41)
[91.558s][info][gc,heap        ] GC(89) Old regions: 127->127
[91.558s][info][gc,heap        ] GC(89) Archive regions: 0->0
[91.558s][info][gc,heap        ] GC(89) Humongous regions: 1233->1197
[91.558s][info][gc,metaspace   ] GC(89) Metaspace: 111203K(123968K)->111203K(123968K) NonClass: 95770K(103552K)->95770K(103552K) Class: 15432K(20416K)->15432K(20416K)
[91.558s][info][gc             ] GC(89) Pause Young (Normal) (G1 Humongous Allocation) 2002M->1327M(2048M) 19.920ms
[91.558s][info][gc,cpu         ] GC(89) User=0.00s Sys=0.00s Real=0.02s
[91.583s][info][gc,marking     ] GC(88) Concurrent Mark From Roots 86.256ms
[91.584s][info][gc,marking     ] GC(88) Concurrent Preclean
[91.587s][info][gc,marking     ] GC(88) Concurrent Preclean 3.430ms
[91.589s][info][gc,start       ] GC(88) Pause Remark
[91.592s][info][gc             ] GC(88) Pause Remark 1733M->1504M(2048M) 2.924ms
[91.592s][info][gc,cpu         ] GC(88) User=0.00s Sys=0.00s Real=0.00s
[91.592s][info][gc,marking     ] GC(88) Concurrent Mark 95.257ms
[91.592s][info][gc,marking     ] GC(88) Concurrent Rebuild Remembered Sets and Scrub Regions
[91.630s][info][gc,start       ] GC(90) Pause Young (Normal) (G1 Evacuation Pause)
[91.630s][info][gc,task        ] GC(90) Using 33 workers of 33 for evacuation
[91.633s][info][gc,phases      ] GC(90)   Pre Evacuate Collection Set: 0.2ms
[91.633s][info][gc,phases      ] GC(90)   Merge Heap Roots: 0.6ms
[91.633s][info][gc,phases      ] GC(90)   Evacuate Collection Set: 1.0ms
[91.633s][info][gc,phases      ] GC(90)   Post Evacuate Collection Set: 1.0ms
[91.633s][info][gc,phases      ] GC(90)   Other: 0.1ms
[91.633s][info][gc,heap        ] GC(90) Eden regions: 605->0(905)
[91.633s][info][gc,heap        ] GC(90) Survivor regions: 8->7(77)
[91.633s][info][gc,heap        ] GC(90) Old regions: 94->94
[91.633s][info][gc,heap        ] GC(90) Archive regions: 0->0
[91.633s][info][gc,heap        ] GC(90) Humongous regions: 1094->932
[91.633s][info][gc,metaspace   ] GC(90) Metaspace: 111203K(123968K)->111203K(123968K) NonClass: 95770K(103552K)->95770K(103552K) Class: 15432K(20416K)->15432K(20416K)
[91.633s][info][gc             ] GC(90) Pause Young (Normal) (G1 Evacuation Pause) 1796M->1028M(2048M) 3.199ms
[91.633s][info][gc,cpu         ] GC(90) User=0.00s Sys=0.00s Real=0.00s
[91.633s][info][gc,marking     ] GC(88) Concurrent Rebuild Remembered Sets and Scrub Regions 41.043ms
[91.634s][info][gc,start       ] GC(88) Pause Cleanup
[91.634s][info][gc             ] GC(88) Pause Cleanup 1045M->1045M(2048M) 0.459ms
[91.634s][info][gc,cpu         ] GC(88) User=0.00s Sys=0.00s Real=0.00s
[91.634s][info][gc,marking     ] GC(88) Concurrent Clear Claimed Marks
[91.635s][info][gc,marking     ] GC(88) Concurrent Clear Claimed Marks 0.203ms
[91.635s][info][gc,marking     ] GC(88) Concurrent Cleanup for Next Mark
[91.642s][info][gc,marking     ] GC(88) Concurrent Cleanup for Next Mark 7.270ms
[91.642s][info][gc             ] GC(88) Concurrent Mark Cycle 159.087ms
[91.707s][info][gc,start       ] GC(91) Pause Young (Prepare Mixed) (G1 Evacuation Pause)
[91.707s][info][gc,task        ] GC(91) Using 33 workers of 33 for evacuation
[91.710s][info][gc,phases      ] GC(91)   Pre Evacuate Collection Set: 0.3ms
[91.710s][info][gc,phases      ] GC(91)   Merge Heap Roots: 0.3ms
[91.710s][info][gc,phases      ] GC(91)   Evacuate Collection Set: 0.9ms
[91.710s][info][gc,phases      ] GC(91)   Post Evacuate Collection Set: 0.7ms
[91.710s][info][gc,phases      ] GC(91)   Other: 0.1ms
[91.710s][info][gc,heap        ] GC(91) Eden regions: 905->0(866)
[91.710s][info][gc,heap        ] GC(91) Survivor regions: 7->6(23)
[91.710s][info][gc,heap        ] GC(91) Old regions: 94->94
[91.710s][info][gc,heap        ] GC(91) Archive regions: 0->0
[91.710s][info][gc,heap        ] GC(91) Humongous regions: 1019->973
[91.710s][info][gc,metaspace   ] GC(91) Metaspace: 111203K(123968K)->111203K(123968K) NonClass: 95770K(103552K)->95770K(103552K) Class: 15432K(20416K)->15432K(20416K)
[91.710s][info][gc             ] GC(91) Pause Young (Prepare Mixed) (G1 Evacuation Pause) 2020M->1069M(2048M) 2.580ms
[91.710s][info][gc,cpu         ] GC(91) User=0.00s Sys=0.00s Real=0.00s
[91.778s][info][gc,start       ] GC(92) Pause Young (Mixed) (G1 Humongous Allocation)
[91.778s][info][gc,task        ] GC(92) Using 33 workers of 33 for evacuation
[91.780s][info][gc,phases      ] GC(92)   Pre Evacuate Collection Set: 0.3ms
[91.780s][info][gc,phases      ] GC(92)   Merge Heap Roots: 0.3ms
[91.781s][info][gc,phases      ] GC(92)   Evacuate Collection Set: 1.3ms
[91.781s][info][gc,phases      ] GC(92)   Post Evacuate Collection Set: 0.7ms
[91.781s][info][gc,phases      ] GC(92)   Other: 0.1ms
[91.781s][info][gc,heap        ] GC(92) Eden regions: 843->0(825)
[91.781s][info][gc,heap        ] GC(92) Survivor regions: 6->6(29)
[91.781s][info][gc,heap        ] GC(92) Old regions: 94->86
[91.781s][info][gc,heap        ] GC(92) Archive regions: 0->0
[91.781s][info][gc,heap        ] GC(92) Humongous regions: 1076->1022
[91.781s][info][gc,metaspace   ] GC(92) Metaspace: 111203K(123968K)->111203K(123968K) NonClass: 95770K(103552K)->95770K(103552K) Class: 15432K(20416K)->15432K(20416K)
[91.781s][info][gc             ] GC(92) Pause Young (Mixed) (G1 Humongous Allocation) 2015M->1110M(2048M) 2.946ms
[91.781s][info][gc,cpu         ] GC(92) User=0.00s Sys=0.00s Real=0.00s
[91.786s][info][gc,start       ] GC(93) Pause Young (Concurrent Start) (G1 Humongous Allocation)
[91.787s][info][gc,task        ] GC(93) Using 33 workers of 33 for evacuation
[91.789s][info][gc,phases      ] GC(93)   Pre Evacuate Collection Set: 0.4ms
[91.789s][info][gc,phases      ] GC(93)   Merge Heap Roots: 0.1ms
[91.789s][info][gc,phases      ] GC(93)   Evacuate Collection Set: 1.4ms
[91.789s][info][gc,phases      ] GC(93)   Post Evacuate Collection Set: 0.5ms
[91.789s][info][gc,phases      ] GC(93)   Other: 0.0ms
[91.789s][info][gc,heap        ] GC(93) Eden regions: 75->0(824)
[91.789s][info][gc,heap        ] GC(93) Survivor regions: 6->6(104)
[91.789s][info][gc,heap        ] GC(93) Old regions: 86->86
[91.789s][info][gc,heap        ] GC(93) Archive regions: 0->0
[91.789s][info][gc,heap        ] GC(93) Humongous regions: 1029->1023
[91.789s][info][gc,metaspace   ] GC(93) Metaspace: 111203K(123968K)->111203K(123968K) NonClass: 95770K(103552K)->95770K(103552K) Class: 15432K(20416K)->15432K(20416K)
[91.789s][info][gc             ] GC(93) Pause Young (Concurrent Start) (G1 Humongous Allocation) 1192M->1111M(2048M) 2.630ms
[91.789s][info][gc             ] GC(94) Concurrent Mark Cycle
[91.789s][info][gc,cpu         ] GC(93) User=0.00s Sys=0.00s Real=0.00s
[91.789s][info][gc,marking     ] GC(94) Concurrent Scan Root Regions
[91.802s][info][gc,marking     ] GC(94) Concurrent Scan Root Regions 12.577ms
[91.802s][info][gc,marking     ] GC(94) Concurrent Mark
[91.802s][info][gc,marking     ] GC(94) Concurrent Mark From Roots
[91.802s][info][gc,task        ] GC(94) Using 8 workers of 8 for marking
[91.855s][info][gc,start       ] GC(95) Pause Young (Normal) (G1 Humongous Allocation)
[91.855s][info][gc,task        ] GC(95) Using 33 workers of 33 for evacuation
[91.857s][info][gc,phases      ] GC(95)   Pre Evacuate Collection Set: 0.2ms
[91.857s][info][gc,phases      ] GC(95)   Merge Heap Roots: 0.3ms
[91.857s][info][gc,phases      ] GC(95)   Evacuate Collection Set: 0.9ms
[91.857s][info][gc,phases      ] GC(95)   Post Evacuate Collection Set: 0.7ms
[91.857s][info][gc,phases      ] GC(95)   Other: 0.1ms
[91.857s][info][gc,heap        ] GC(95) Eden regions: 781->0(788)
[91.857s][info][gc,heap        ] GC(95) Survivor regions: 6->6(73)
[91.857s][info][gc,heap        ] GC(95) Old regions: 86->86
[91.857s][info][gc,heap        ] GC(95) Archive regions: 0->0
[91.857s][info][gc,heap        ] GC(95) Humongous regions: 1102->1059
[91.857s][info][gc,metaspace   ] GC(95) Metaspace: 111203K(123968K)->111203K(123968K) NonClass: 95770K(103552K)->95770K(103552K) Class: 15432K(20416K)->15432K(20416K)
[91.857s][info][gc             ] GC(95) Pause Young (Normal) (G1 Humongous Allocation) 1971M->1147M(2048M) 2.460ms
[91.857s][info][gc,cpu         ] GC(95) User=0.00s Sys=0.00s Real=0.00s
[91.863s][info][gc,marking     ] GC(94) Concurrent Mark From Roots 60.166ms
[91.863s][info][gc,marking     ] GC(94) Concurrent Preclean
[91.866s][info][gc,marking     ] GC(94) Concurrent Preclean 3.430ms
[91.869s][info][gc,start       ] GC(94) Pause Remark
[91.872s][info][gc             ] GC(94) Pause Remark 1304M->1301M(2048M) 2.572ms
[91.872s][info][gc,cpu         ] GC(94) User=0.00s Sys=0.00s Real=0.00s
[91.872s][info][gc,marking     ] GC(94) Concurrent Mark 69.907ms
[91.872s][info][gc,marking     ] GC(94) Concurrent Rebuild Remembered Sets and Scrub Regions
[91.900s][info][gc,marking     ] GC(94) Concurrent Rebuild Remembered Sets and Scrub Regions 27.949ms
[91.902s][info][gc,start       ] GC(94) Pause Cleanup
[91.903s][info][gc             ] GC(94) Pause Cleanup 1700M->1700M(2048M) 0.488ms
[91.903s][info][gc,cpu         ] GC(94) User=0.00s Sys=0.00s Real=0.00s
[91.903s][info][gc,marking     ] GC(94) Concurrent Clear Claimed Marks
[91.904s][info][gc,marking     ] GC(94) Concurrent Clear Claimed Marks 1.050ms
[91.904s][info][gc,marking     ] GC(94) Concurrent Cleanup for Next Mark
[91.914s][info][gc,marking     ] GC(94) Concurrent Cleanup for Next Mark 10.436ms
[91.915s][info][gc             ] GC(94) Concurrent Mark Cycle 125.932ms
[91.935s][info][gc,start       ] GC(96) Pause Young (Prepare Mixed) (G1 Humongous Allocation)
[91.935s][info][gc,task        ] GC(96) Using 33 workers of 33 for evacuation
[91.937s][info][gc,phases      ] GC(96)   Pre Evacuate Collection Set: 0.3ms
[91.937s][info][gc,phases      ] GC(96)   Merge Heap Roots: 0.6ms
[91.937s][info][gc,phases      ] GC(96)   Evacuate Collection Set: 0.9ms
[91.938s][info][gc,phases      ] GC(96)   Post Evacuate Collection Set: 0.8ms
[91.938s][info][gc,phases      ] GC(96)   Other: 0.1ms
[91.938s][info][gc,heap        ] GC(96) Eden regions: 769->0(821)
[91.938s][info][gc,heap        ] GC(96) Survivor regions: 6->6(29)
[91.938s][info][gc,heap        ] GC(96) Old regions: 83->83
[91.938s][info][gc,heap        ] GC(96) Archive regions: 0->0
[91.938s][info][gc,heap        ] GC(96) Humongous regions: 1161->1029
[91.938s][info][gc,metaspace   ] GC(96) Metaspace: 111203K(123968K)->111203K(123968K) NonClass: 95770K(103552K)->95770K(103552K) Class: 15432K(20416K)->15432K(20416K)
[91.938s][info][gc             ] GC(96) Pause Young (Prepare Mixed) (G1 Humongous Allocation) 2015M->1114M(2048M) 2.861ms
[91.938s][info][gc,cpu         ] GC(96) User=0.00s Sys=0.00s Real=0.00s
[92.007s][info][gc,start       ] GC(97) Pause Young (Mixed) (G1 Humongous Allocation)
[92.007s][info][gc,task        ] GC(97) Using 33 workers of 33 for evacuation
[92.009s][info][gc,phases      ] GC(97)   Pre Evacuate Collection Set: 0.2ms
[92.009s][info][gc,phases      ] GC(97)   Merge Heap Roots: 0.3ms
[92.009s][info][gc,phases      ] GC(97)   Evacuate Collection Set: 1.2ms
[92.009s][info][gc,phases      ] GC(97)   Post Evacuate Collection Set: 0.7ms
[92.009s][info][gc,phases      ] GC(97)   Other: 0.1ms
[92.009s][info][gc,heap        ] GC(97) Eden regions: 714->0(778)
[92.009s][info][gc,heap        ] GC(97) Survivor regions: 6->6(75)
[92.009s][info][gc,heap        ] GC(97) Old regions: 83->77
[92.009s][info][gc,heap        ] GC(97) Archive regions: 0->0
[92.009s][info][gc,heap        ] GC(97) Humongous regions: 1170->1078
[92.009s][info][gc,metaspace   ] GC(97) Metaspace: 111203K(123968K)->111203K(123968K) NonClass: 95770K(103552K)->95770K(103552K) Class: 15432K(20416K)->15432K(20416K)
[92.009s][info][gc             ] GC(97) Pause Young (Mixed) (G1 Humongous Allocation) 1969M->1157M(2048M) 2.747ms
[92.009s][info][gc,cpu         ] GC(97) User=0.00s Sys=0.00s Real=0.00s
[92.028s][info][gc,start       ] GC(98) Pause Young (Concurrent Start) (G1 Humongous Allocation)
[92.028s][info][gc,task        ] GC(98) Using 33 workers of 33 for evacuation
[92.031s][info][gc,phases      ] GC(98)   Pre Evacuate Collection Set: 0.4ms
[92.031s][info][gc,phases      ] GC(98)   Merge Heap Roots: 0.1ms
[92.031s][info][gc,phases      ] GC(98)   Evacuate Collection Set: 1.7ms
[92.031s][info][gc,phases      ] GC(98)   Post Evacuate Collection Set: 0.7ms
[92.031s][info][gc,phases      ] GC(98)   Other: 0.1ms
[92.031s][info][gc,heap        ] GC(98) Eden regions: 10->0(809)
[92.031s][info][gc,heap        ] GC(98) Survivor regions: 6->6(98)
[92.031s][info][gc,heap        ] GC(98) Old regions: 77->77
[92.031s][info][gc,heap        ] GC(98) Archive regions: 0->0
[92.031s][info][gc,heap        ] GC(98) Humongous regions: 1090->1047
[92.031s][info][gc,metaspace   ] GC(98) Metaspace: 111203K(123968K)->111203K(123968K) NonClass: 95770K(103552K)->95770K(103552K) Class: 15432K(20416K)->15432K(20416K)
[92.031s][info][gc             ] GC(98) Pause Young (Concurrent Start) (G1 Humongous Allocation) 1179M->1126M(2048M) 3.337ms
[92.031s][info][gc             ] GC(99) Concurrent Mark Cycle
[92.031s][info][gc,cpu         ] GC(98) User=0.00s Sys=0.00s Real=0.00s
[92.031s][info][gc,marking     ] GC(99) Concurrent Scan Root Regions
[92.044s][info][gc,marking     ] GC(99) Concurrent Scan Root Regions 13.219ms
[92.045s][info][gc,marking     ] GC(99) Concurrent Mark
[92.045s][info][gc,marking     ] GC(99) Concurrent Mark From Roots
[92.045s][info][gc,task        ] GC(99) Using 8 workers of 8 for marking
[92.102s][info][gc,marking     ] GC(99) Concurrent Mark From Roots 57.674ms
[92.103s][info][gc,marking     ] GC(99) Concurrent Preclean
[92.104s][info][gc,start       ] GC(100) Pause Young (Normal) (G1 Humongous Allocation)
[92.104s][info][gc,task        ] GC(100) Using 33 workers of 33 for evacuation
[92.107s][info][gc,phases      ] GC(100)   Pre Evacuate Collection Set: 0.3ms
[92.107s][info][gc,phases      ] GC(100)   Merge Heap Roots: 0.3ms
[92.107s][info][gc,phases      ] GC(100)   Evacuate Collection Set: 1.2ms
[92.107s][info][gc,phases      ] GC(100)   Post Evacuate Collection Set: 0.8ms
[92.107s][info][gc,phases      ] GC(100)   Other: 0.1ms
[92.107s][info][gc,heap        ] GC(100) Eden regions: 807->0(799)
[92.107s][info][gc,heap        ] GC(100) Survivor regions: 6->8(8)
[92.107s][info][gc,heap        ] GC(100) Old regions: 77->78
[92.107s][info][gc,heap        ] GC(100) Archive regions: 0->0
[92.107s][info][gc,heap        ] GC(100) Humongous regions: 1150->1052
[92.107s][info][gc,metaspace   ] GC(100) Metaspace: 111203K(123968K)->111203K(123968K) NonClass: 95770K(103552K)->95770K(103552K) Class: 15432K(20416K)->15432K(20416K)
[92.107s][info][gc             ] GC(100) Pause Young (Normal) (G1 Humongous Allocation) (Evacuation Failure) 2036M->1135M(2048M) 2.898ms
[92.107s][info][gc,cpu         ] GC(100) User=0.00s Sys=0.00s Real=0.00s
[92.109s][info][gc,marking     ] GC(99) Concurrent Preclean 6.442ms
[92.111s][info][gc,start       ] GC(99) Pause Remark
[92.144s][info][gc             ] GC(99) Pause Remark 1201M->1201M(2048M) 32.823ms
[92.144s][info][gc,cpu         ] GC(99) User=0.05s Sys=0.00s Real=0.03s
[92.144s][info][gc,marking     ] GC(99) Concurrent Mark 99.256ms
[92.144s][info][gc,marking     ] GC(99) Concurrent Rebuild Remembered Sets and Scrub Regions
[92.179s][info][gc,marking     ] GC(99) Concurrent Rebuild Remembered Sets and Scrub Regions 35.004ms
[92.187s][info][gc,start       ] GC(99) Pause Cleanup
[92.188s][info][gc             ] GC(99) Pause Cleanup 1676M->1676M(2048M) 0.430ms
[92.188s][info][gc,cpu         ] GC(99) User=0.00s Sys=0.00s Real=0.00s
[92.188s][info][gc,marking     ] GC(99) Concurrent Clear Claimed Marks
[92.189s][info][gc,marking     ] GC(99) Concurrent Clear Claimed Marks 0.754ms
[92.189s][info][gc,marking     ] GC(99) Concurrent Cleanup for Next Mark
[92.198s][info][gc,marking     ] GC(99) Concurrent Cleanup for Next Mark 9.402ms
[92.199s][info][gc             ] GC(99) Concurrent Mark Cycle 167.914ms
[92.218s][info][gc,start       ] GC(101) Pause Young (Prepare Mixed) (G1 Humongous Allocation)
[92.219s][info][gc,task        ] GC(101) Using 33 workers of 33 for evacuation
[92.221s][info][gc,phases      ] GC(101)   Pre Evacuate Collection Set: 0.3ms
[92.221s][info][gc,phases      ] GC(101)   Merge Heap Roots: 0.6ms
[92.221s][info][gc,phases      ] GC(101)   Evacuate Collection Set: 1.2ms
[92.221s][info][gc,phases      ] GC(101)   Post Evacuate Collection Set: 0.8ms
[92.221s][info][gc,phases      ] GC(101)   Other: 0.1ms
[92.222s][info][gc,heap        ] GC(101) Eden regions: 726->0(763)
[92.222s][info][gc,heap        ] GC(101) Survivor regions: 8->6(32)
[92.222s][info][gc,heap        ] GC(101) Old regions: 78->79
[92.222s][info][gc,heap        ] GC(101) Archive regions: 0->0
[92.222s][info][gc,heap        ] GC(101) Humongous regions: 1204->1091
[92.222s][info][gc,metaspace   ] GC(101) Metaspace: 111204K(123968K)->111204K(123968K) NonClass: 95770K(103552K)->95770K(103552K) Class: 15433K(20416K)->15433K(20416K)
[92.222s][info][gc             ] GC(101) Pause Young (Prepare Mixed) (G1 Humongous Allocation) 2013M->1172M(2048M) 3.168ms
[92.222s][info][gc,cpu         ] GC(101) User=0.00s Sys=0.00s Real=0.00s
[92.304s][info][gc,start       ] GC(102) Pause Young (Mixed) (G1 Evacuation Pause)
[92.304s][info][gc,task        ] GC(102) Using 33 workers of 33 for evacuation
[92.306s][info][gc,phases      ] GC(102)   Pre Evacuate Collection Set: 0.3ms
[92.306s][info][gc,phases      ] GC(102)   Merge Heap Roots: 0.3ms
[92.306s][info][gc,phases      ] GC(102)   Evacuate Collection Set: 1.0ms
[92.306s][info][gc,phases      ] GC(102)   Post Evacuate Collection Set: 1.0ms
[92.306s][info][gc,phases      ] GC(102)   Other: 0.1ms
[92.306s][info][gc,heap        ] GC(102) Eden regions: 733->0(741)
[92.306s][info][gc,heap        ] GC(102) Survivor regions: 6->0(0)
[92.306s][info][gc,heap        ] GC(102) Old regions: 79->146
[92.307s][info][gc,heap        ] GC(102) Archive regions: 0->0
[92.307s][info][gc,heap        ] GC(102) Humongous regions: 1230->1058
[92.307s][info][gc,metaspace   ] GC(102) Metaspace: 111204K(123968K)->111204K(123968K) NonClass: 95770K(103552K)->95770K(103552K) Class: 15433K(20416K)->15433K(20416K)
[92.307s][info][gc             ] GC(102) Pause Young (Mixed) (G1 Evacuation Pause) (Evacuation Failure) 2044M->1201M(2048M) 2.918ms
[92.307s][info][gc,cpu         ] GC(102) User=0.00s Sys=0.00s Real=0.00s
[92.309s][info][gc,start       ] GC(103) Pause Young (Concurrent Start) (G1 Humongous Allocation)
[92.309s][info][gc,task        ] GC(103) Using 33 workers of 33 for evacuation
[92.311s][info][gc,phases      ] GC(103)   Pre Evacuate Collection Set: 0.4ms
[92.311s][info][gc,phases      ] GC(103)   Merge Heap Roots: 0.1ms
[92.311s][info][gc,phases      ] GC(103)   Evacuate Collection Set: 1.5ms
[92.311s][info][gc,phases      ] GC(103)   Post Evacuate Collection Set: 0.5ms
[92.311s][info][gc,phases      ] GC(103)   Other: 0.0ms
[92.311s][info][gc,heap        ] GC(103) Eden regions: 35->0(737)
[92.311s][info][gc,heap        ] GC(103) Survivor regions: 0->2(93)
[92.311s][info][gc,heap        ] GC(103) Old regions: 146->146
[92.311s][info][gc,heap        ] GC(103) Archive regions: 0->0
[92.311s][info][gc,heap        ] GC(103) Humongous regions: 1058->1058
[92.311s][info][gc,metaspace   ] GC(103) Metaspace: 111204K(123968K)->111204K(123968K) NonClass: 95770K(103552K)->95770K(103552K) Class: 15433K(20416K)->15433K(20416K)
[92.312s][info][gc             ] GC(103) Pause Young (Concurrent Start) (G1 Humongous Allocation) 1236M->1203M(2048M) 2.865ms
[92.312s][info][gc             ] GC(104) Concurrent Mark Cycle
[92.312s][info][gc,cpu         ] GC(103) User=0.00s Sys=0.00s Real=0.00s
[92.312s][info][gc,marking     ] GC(104) Concurrent Scan Root Regions
[92.327s][info][gc,marking     ] GC(104) Concurrent Scan Root Regions 14.815ms
[92.327s][info][gc,marking     ] GC(104) Concurrent Mark
[92.327s][info][gc,marking     ] GC(104) Concurrent Mark From Roots
[92.327s][info][gc,task        ] GC(104) Using 8 workers of 8 for marking
[92.382s][info][gc,start       ] GC(105) Pause Young (Normal) (G1 Evacuation Pause)
[92.382s][info][gc,task        ] GC(105) Using 33 workers of 33 for evacuation
[92.384s][info][gc,phases      ] GC(105)   Pre Evacuate Collection Set: 0.3ms
[92.384s][info][gc,phases      ] GC(105)   Merge Heap Roots: 0.3ms
[92.384s][info][gc,phases      ] GC(105)   Evacuate Collection Set: 0.6ms
[92.384s][info][gc,phases      ] GC(105)   Post Evacuate Collection Set: 0.9ms
[92.384s][info][gc,phases      ] GC(105)   Other: 0.1ms
[92.384s][info][gc,heap        ] GC(105) Eden regions: 736->0(558)
[92.384s][info][gc,heap        ] GC(105) Survivor regions: 2->0(0)
[92.384s][info][gc,heap        ] GC(105) Old regions: 146->225
[92.384s][info][gc,heap        ] GC(105) Archive regions: 0->0
[92.384s][info][gc,heap        ] GC(105) Humongous regions: 1164->1162
[92.384s][info][gc,metaspace   ] GC(105) Metaspace: 111204K(123968K)->111204K(123968K) NonClass: 95770K(103552K)->95770K(103552K) Class: 15433K(20416K)->15433K(20416K)
[92.384s][info][gc             ] GC(105) Pause Young (Normal) (G1 Evacuation Pause) (Evacuation Failure) 2045M->1384M(2048M) 2.358ms
[92.384s][info][gc,cpu         ] GC(105) User=0.00s Sys=0.00s Real=0.00s
[92.386s][info][gc,marking     ] GC(104) Concurrent Mark From Roots 59.192ms
[92.387s][info][gc,marking     ] GC(104) Concurrent Preclean
[92.391s][info][gc,marking     ] GC(104) Concurrent Preclean 4.161ms
[92.397s][info][gc,start       ] GC(104) Pause Remark
[92.399s][info][gc             ] GC(104) Pause Remark 1515M->1477M(2048M) 1.383ms
[92.399s][info][gc,cpu         ] GC(104) User=0.00s Sys=0.00s Real=0.00s
[92.399s][info][gc,marking     ] GC(104) Concurrent Mark 71.985ms
[92.399s][info][gc,marking     ] GC(104) Concurrent Rebuild Remembered Sets and Scrub Regions
[92.428s][info][gc,marking     ] GC(104) Concurrent Rebuild Remembered Sets and Scrub Regions 28.825ms
[92.430s][info][gc,start       ] GC(104) Pause Cleanup
[92.430s][info][gc             ] GC(104) Pause Cleanup 1872M->1872M(2048M) 0.616ms
[92.430s][info][gc,cpu         ] GC(104) User=0.00s Sys=0.00s Real=0.00s
[92.430s][info][gc,marking     ] GC(104) Concurrent Clear Claimed Marks
[92.431s][info][gc,marking     ] GC(104) Concurrent Clear Claimed Marks 1.012ms
[92.432s][info][gc,marking     ] GC(104) Concurrent Cleanup for Next Mark
[92.440s][info][gc,start       ] GC(106) Pause Young (Prepare Mixed) (G1 Evacuation Pause)
[92.440s][info][gc,task        ] GC(106) Using 33 workers of 33 for evacuation
[92.443s][info][gc,phases      ] GC(106)   Pre Evacuate Collection Set: 0.3ms
[92.443s][info][gc,phases      ] GC(106)   Merge Heap Roots: 0.9ms
[92.443s][info][gc,phases      ] GC(106)   Evacuate Collection Set: 0.8ms
[92.443s][info][gc,phases      ] GC(106)   Post Evacuate Collection Set: 0.6ms
[92.443s][info][gc,phases      ] GC(106)   Other: 0.1ms
[92.443s][info][gc,heap        ] GC(106) Eden regions: 558->0(512)
[92.443s][info][gc,heap        ] GC(106) Survivor regions: 0->4(65)
[92.443s][info][gc,heap        ] GC(106) Old regions: 203->203
[92.443s][info][gc,heap        ] GC(106) Archive regions: 0->0
[92.443s][info][gc,heap        ] GC(106) Humongous regions: 1222->1222
[92.443s][info][gc,metaspace   ] GC(106) Metaspace: 111204K(123968K)->111204K(123968K) NonClass: 95770K(103552K)->95770K(103552K) Class: 15433K(20416K)->15433K(20416K)
[92.443s][info][gc             ] GC(106) Pause Young (Prepare Mixed) (G1 Evacuation Pause) 1980M->1426M(2048M) 2.887ms
[92.443s][info][gc,cpu         ] GC(106) User=0.00s Sys=0.00s Real=0.00s
[92.444s][info][gc,marking     ] GC(104) Concurrent Cleanup for Next Mark 12.020ms
[92.444s][info][gc             ] GC(104) Concurrent Mark Cycle 132.349ms
[92.568s][info][gc,start       ] GC(107) Pause Young (Mixed) (G1 Evacuation Pause)
[92.568s][info][gc,task        ] GC(107) Using 33 workers of 33 for evacuation
[92.570s][info][gc,phases      ] GC(107)   Pre Evacuate Collection Set: 0.3ms
[92.570s][info][gc,phases      ] GC(107)   Merge Heap Roots: 0.2ms
[92.570s][info][gc,phases      ] GC(107)   Evacuate Collection Set: 1.0ms
[92.570s][info][gc,phases      ] GC(107)   Post Evacuate Collection Set: 0.6ms
[92.570s][info][gc,phases      ] GC(107)   Other: 0.1ms
[92.570s][info][gc,heap        ] GC(107) Eden regions: 512->0(480)
[92.570s][info][gc,heap        ] GC(107) Survivor regions: 4->3(53)
[92.570s][info][gc,heap        ] GC(107) Old regions: 203->192
[92.570s][info][gc,heap        ] GC(107) Archive regions: 0->0
[92.570s][info][gc,heap        ] GC(107) Humongous regions: 1276->1267
[92.570s][info][gc,metaspace   ] GC(107) Metaspace: 111204K(123968K)->111204K(123968K) NonClass: 95770K(103552K)->95770K(103552K) Class: 15433K(20416K)->15433K(20416K)
[92.570s][info][gc             ] GC(107) Pause Young (Mixed) (G1 Evacuation Pause) 1992M->1458M(2048M) 2.401ms
[92.570s][info][gc,cpu         ] GC(107) User=0.52s Sys=0.00s Real=0.02s
[92.574s][info][gc,start       ] GC(108) Pause Young (Concurrent Start) (G1 Humongous Allocation)
[92.574s][info][gc,task        ] GC(108) Using 33 workers of 33 for evacuation
[92.576s][info][gc,phases      ] GC(108)   Pre Evacuate Collection Set: 0.4ms
[92.576s][info][gc,phases      ] GC(108)   Merge Heap Roots: 0.1ms
[92.576s][info][gc,phases      ] GC(108)   Evacuate Collection Set: 1.2ms
[92.576s][info][gc,phases      ] GC(108)   Post Evacuate Collection Set: 0.4ms
[92.576s][info][gc,phases      ] GC(108)   Other: 0.0ms
[92.576s][info][gc,heap        ] GC(108) Eden regions: 40->0(482)
[92.576s][info][gc,heap        ] GC(108) Survivor regions: 3->2(61)
[92.576s][info][gc,heap        ] GC(108) Old regions: 192->192
[92.576s][info][gc,heap        ] GC(108) Archive regions: 0->0
[92.576s][info][gc,heap        ] GC(108) Humongous regions: 1267->1267
[92.576s][info][gc,metaspace   ] GC(108) Metaspace: 111204K(123968K)->111204K(123968K) NonClass: 95770K(103552K)->95770K(103552K) Class: 15433K(20416K)->15433K(20416K)
[92.576s][info][gc             ] GC(108) Pause Young (Concurrent Start) (G1 Humongous Allocation) 1498M->1457M(2048M) 2.324ms
[92.576s][info][gc             ] GC(109) Concurrent Mark Cycle
[92.576s][info][gc,cpu         ] GC(108) User=0.00s Sys=0.00s Real=0.00s
[92.576s][info][gc,marking     ] GC(109) Concurrent Scan Root Regions
[92.591s][info][gc,marking     ] GC(109) Concurrent Scan Root Regions 14.801ms
[92.592s][info][gc,marking     ] GC(109) Concurrent Mark
[92.592s][info][gc,marking     ] GC(109) Concurrent Mark From Roots
[92.592s][info][gc,task        ] GC(109) Using 8 workers of 8 for marking
[92.615s][info][gc,start       ] GC(110) Pause Young (Normal) (G1 Evacuation Pause)
[92.615s][info][gc,task        ] GC(110) Using 33 workers of 33 for evacuation
[92.617s][info][gc,phases      ] GC(110)   Pre Evacuate Collection Set: 0.2ms
[92.617s][info][gc,phases      ] GC(110)   Merge Heap Roots: 0.2ms
[92.617s][info][gc,phases      ] GC(110)   Evacuate Collection Set: 0.7ms
[92.617s][info][gc,phases      ] GC(110)   Post Evacuate Collection Set: 0.6ms
[92.617s][info][gc,phases      ] GC(110)   Other: 0.1ms
[92.617s][info][gc,heap        ] GC(110) Eden regions: 482->0(450)
[92.617s][info][gc,heap        ] GC(110) Survivor regions: 2->2(61)
[92.617s][info][gc,heap        ] GC(110) Old regions: 192->192
[92.617s][info][gc,heap        ] GC(110) Archive regions: 0->0
[92.617s][info][gc,heap        ] GC(110) Humongous regions: 1302->1299
[92.617s][info][gc,metaspace   ] GC(110) Metaspace: 111204K(123968K)->111204K(123968K) NonClass: 95770K(103552K)->95770K(103552K) Class: 15433K(20416K)->15433K(20416K)
[92.617s][info][gc             ] GC(110) Pause Young (Normal) (G1 Evacuation Pause) 1974M->1488M(2048M) 1.992ms
[92.617s][info][gc,cpu         ] GC(110) User=0.00s Sys=0.00s Real=0.00s
[92.649s][info][gc,marking     ] GC(109) Concurrent Mark From Roots 56.853ms
[92.649s][info][gc,marking     ] GC(109) Concurrent Preclean
[92.659s][info][gc,start       ] GC(111) Pause Young (Normal) (G1 Humongous Allocation)
[92.659s][info][gc,task        ] GC(111) Using 33 workers of 33 for evacuation
[92.661s][info][gc,phases      ] GC(111)   Pre Evacuate Collection Set: 0.2ms
[92.661s][info][gc,phases      ] GC(111)   Merge Heap Roots: 0.2ms
[92.661s][info][gc,phases      ] GC(111)   Evacuate Collection Set: 0.6ms
[92.661s][info][gc,phases      ] GC(111)   Post Evacuate Collection Set: 0.5ms
[92.661s][info][gc,phases      ] GC(111)   Other: 0.1ms
[92.661s][info][gc,heap        ] GC(111) Eden regions: 426->0(401)
[92.661s][info][gc,heap        ] GC(111) Survivor regions: 2->2(57)
[92.661s][info][gc,heap        ] GC(111) Old regions: 192->192
[92.661s][info][gc,heap        ] GC(111) Archive regions: 0->0
[92.661s][info][gc,heap        ] GC(111) Humongous regions: 1369->1348
[92.661s][info][gc,metaspace   ] GC(111) Metaspace: 111204K(123968K)->111204K(123968K) NonClass: 95770K(103552K)->95770K(103552K) Class: 15433K(20416K)->15433K(20416K)
[92.661s][info][gc             ] GC(111) Pause Young (Normal) (G1 Humongous Allocation) 1984M->1538M(2048M) 1.879ms
[92.661s][info][gc,cpu         ] GC(111) User=0.00s Sys=0.00s Real=0.00s
[92.661s][info][gc,marking     ] GC(109) Concurrent Preclean 11.955ms
[92.662s][info][gc,start       ] GC(109) Pause Remark
[92.664s][info][gc             ] GC(109) Pause Remark 1554M->1366M(2048M) 1.569ms
[92.664s][info][gc,cpu         ] GC(109) User=0.00s Sys=0.00s Real=0.00s
[92.664s][info][gc,marking     ] GC(109) Concurrent Mark 72.409ms
[92.664s][info][gc,marking     ] GC(109) Concurrent Rebuild Remembered Sets and Scrub Regions
[92.693s][info][gc,marking     ] GC(109) Concurrent Rebuild Remembered Sets and Scrub Regions 28.907ms
[92.695s][info][gc,start       ] GC(109) Pause Cleanup
[92.695s][info][gc             ] GC(109) Pause Cleanup 1787M->1787M(2048M) 0.655ms
[92.695s][info][gc,cpu         ] GC(109) User=0.00s Sys=0.00s Real=0.00s
[92.695s][info][gc,marking     ] GC(109) Concurrent Clear Claimed Marks
[92.696s][info][gc,marking     ] GC(109) Concurrent Clear Claimed Marks 0.758ms
[92.696s][info][gc,marking     ] GC(109) Concurrent Cleanup for Next Mark
[92.697s][info][gc,start       ] GC(112) Pause Young (Prepare Mixed) (G1 Evacuation Pause)
[92.697s][info][gc,task        ] GC(112) Using 33 workers of 33 for evacuation
[92.699s][info][gc,phases      ] GC(112)   Pre Evacuate Collection Set: 0.2ms
[92.699s][info][gc,phases      ] GC(112)   Merge Heap Roots: 0.7ms
[92.699s][info][gc,phases      ] GC(112)   Evacuate Collection Set: 0.7ms
[92.699s][info][gc,phases      ] GC(112)   Post Evacuate Collection Set: 0.5ms
[92.699s][info][gc,phases      ] GC(112)   Other: 0.1ms
[92.699s][info][gc,heap        ] GC(112) Eden regions: 401->0(562)
[92.699s][info][gc,heap        ] GC(112) Survivor regions: 2->3(51)
[92.699s][info][gc,heap        ] GC(112) Old regions: 143->143
[92.699s][info][gc,heap        ] GC(112) Archive regions: 0->0
[92.699s][info][gc,heap        ] GC(112) Humongous regions: 1257->1234
[92.699s][info][gc,metaspace   ] GC(112) Metaspace: 111204K(123968K)->111204K(123968K) NonClass: 95770K(103552K)->95770K(103552K) Class: 15433K(20416K)->15433K(20416K)
[92.699s][info][gc             ] GC(112) Pause Young (Prepare Mixed) (G1 Evacuation Pause) 1799M->1375M(2048M) 2.382ms
[92.699s][info][gc,cpu         ] GC(112) User=0.00s Sys=0.00s Real=0.00s
[92.708s][info][gc,marking     ] GC(109) Concurrent Cleanup for Next Mark 11.373ms
[92.708s][info][gc             ] GC(109) Concurrent Mark Cycle 131.410ms
[92.746s][info][gc,start       ] GC(113) Pause Young (Mixed) (G1 Evacuation Pause)
[92.746s][info][gc,task        ] GC(113) Using 33 workers of 33 for evacuation
[92.749s][info][gc,phases      ] GC(113)   Pre Evacuate Collection Set: 0.2ms
[92.749s][info][gc,phases      ] GC(113)   Merge Heap Roots: 0.2ms
[92.749s][info][gc,phases      ] GC(113)   Evacuate Collection Set: 1.0ms
[92.749s][info][gc,phases      ] GC(113)   Post Evacuate Collection Set: 0.6ms
[92.749s][info][gc,phases      ] GC(113)   Other: 0.1ms
[92.749s][info][gc,heap        ] GC(113) Eden regions: 562->0(572)
[92.749s][info][gc,heap        ] GC(113) Survivor regions: 3->2(52)
[92.749s][info][gc,heap        ] GC(113) Old regions: 143->129
[92.749s][info][gc,heap        ] GC(113) Archive regions: 0->0
[92.749s][info][gc,heap        ] GC(113) Humongous regions: 1288->1240
[92.749s][info][gc,metaspace   ] GC(113) Metaspace: 111204K(123968K)->111204K(123968K) NonClass: 95770K(103552K)->95770K(103552K) Class: 15433K(20416K)->15433K(20416K)
[92.749s][info][gc             ] GC(113) Pause Young (Mixed) (G1 Evacuation Pause) 1991M->1366M(2048M) 2.476ms
[92.749s][info][gc,cpu         ] GC(113) User=0.00s Sys=0.00s Real=0.00s
[92.750s][info][gc,start       ] GC(114) Pause Young (Concurrent Start) (G1 Humongous Allocation)
[92.750s][info][gc,task        ] GC(114) Using 33 workers of 33 for evacuation
[92.752s][info][gc,phases      ] GC(114)   Pre Evacuate Collection Set: 0.4ms
[92.752s][info][gc,phases      ] GC(114)   Merge Heap Roots: 0.1ms
[92.752s][info][gc,phases      ] GC(114)   Evacuate Collection Set: 1.0ms
[92.752s][info][gc,phases      ] GC(114)   Post Evacuate Collection Set: 0.4ms
[92.752s][info][gc,phases      ] GC(114)   Other: 0.0ms
[92.752s][info][gc,heap        ] GC(114) Eden regions: 3->0(579)
[92.752s][info][gc,heap        ] GC(114) Survivor regions: 2->2(72)
[92.752s][info][gc,heap        ] GC(114) Old regions: 129->129
[92.752s][info][gc,heap        ] GC(114) Archive regions: 0->0
[92.752s][info][gc,heap        ] GC(114) Humongous regions: 1240->1233
[92.752s][info][gc,metaspace   ] GC(114) Metaspace: 111204K(123968K)->111204K(123968K) NonClass: 95770K(103552K)->95770K(103552K) Class: 15433K(20416K)->15433K(20416K)
[92.752s][info][gc             ] GC(114) Pause Young (Concurrent Start) (G1 Humongous Allocation) 1369M->1359M(2048M) 1.926ms
[92.752s][info][gc             ] GC(115) Concurrent Mark Cycle
[92.752s][info][gc,cpu         ] GC(114) User=0.00s Sys=0.00s Real=0.00s
[92.752s][info][gc,marking     ] GC(115) Concurrent Scan Root Regions
[92.767s][info][gc,marking     ] GC(115) Concurrent Scan Root Regions 15.021ms
[92.767s][info][gc,marking     ] GC(115) Concurrent Mark
[92.767s][info][gc,marking     ] GC(115) Concurrent Mark From Roots
[92.767s][info][gc,task        ] GC(115) Using 8 workers of 8 for marking
[92.803s][info][gc,start       ] GC(116) Pause Young (Normal) (G1 Humongous Allocation)
[92.803s][info][gc,task        ] GC(116) Using 33 workers of 33 for evacuation
[92.805s][info][gc,phases      ] GC(116)   Pre Evacuate Collection Set: 0.2ms
[92.805s][info][gc,phases      ] GC(116)   Merge Heap Roots: 0.2ms
[92.805s][info][gc,phases      ] GC(116)   Evacuate Collection Set: 0.7ms
[92.805s][info][gc,phases      ] GC(116)   Post Evacuate Collection Set: 0.6ms
[92.805s][info][gc,phases      ] GC(116)   Other: 0.1ms
[92.805s][info][gc,heap        ] GC(116) Eden regions: 474->0(524)
[92.805s][info][gc,heap        ] GC(116) Survivor regions: 2->3(73)
[92.805s][info][gc,heap        ] GC(116) Old regions: 129->129
[92.805s][info][gc,heap        ] GC(116) Archive regions: 0->0
[92.805s][info][gc,heap        ] GC(116) Humongous regions: 1315->1286
[92.805s][info][gc,metaspace   ] GC(116) Metaspace: 111204K(123968K)->111204K(123968K) NonClass: 95770K(103552K)->95770K(103552K) Class: 15433K(20416K)->15433K(20416K)
[92.806s][info][gc             ] GC(116) Pause Young (Normal) (G1 Humongous Allocation) 1915M->1413M(2048M) 2.139ms
[92.806s][info][gc,cpu         ] GC(116) User=0.00s Sys=0.00s Real=0.00s
[92.841s][info][gc,marking     ] GC(115) Concurrent Mark From Roots 73.712ms
[92.842s][info][gc,marking     ] GC(115) Concurrent Preclean
[92.846s][info][gc,start       ] GC(117) Pause Young (Normal) (G1 Humongous Allocation)
[92.846s][info][gc,task        ] GC(117) Using 33 workers of 33 for evacuation
[92.848s][info][gc,phases      ] GC(117)   Pre Evacuate Collection Set: 0.2ms
[92.848s][info][gc,phases      ] GC(117)   Merge Heap Roots: 0.2ms
[92.848s][info][gc,phases      ] GC(117)   Evacuate Collection Set: 0.8ms
[92.848s][info][gc,phases      ] GC(117)   Post Evacuate Collection Set: 0.6ms
[92.848s][info][gc,phases      ] GC(117)   Other: 0.1ms
[92.848s][info][gc,heap        ] GC(117) Eden regions: 469->0(529)
[92.848s][info][gc,heap        ] GC(117) Survivor regions: 3->4(66)
[92.848s][info][gc,heap        ] GC(117) Old regions: 129->129
[92.848s][info][gc,heap        ] GC(117) Archive regions: 0->0
[92.848s][info][gc,heap        ] GC(117) Humongous regions: 1340->1279
[92.848s][info][gc,metaspace   ] GC(117) Metaspace: 111204K(123968K)->111204K(123968K) NonClass: 95770K(103552K)->95770K(103552K) Class: 15433K(20416K)->15433K(20416K)
[92.848s][info][gc             ] GC(117) Pause Young (Normal) (G1 Humongous Allocation) 1936M->1408M(2048M) 2.209ms
[92.848s][info][gc,cpu         ] GC(117) User=0.00s Sys=0.00s Real=0.00s
[92.849s][info][gc,marking     ] GC(115) Concurrent Preclean 6.647ms
[92.866s][info][gc,start       ] GC(115) Pause Remark
[92.897s][info][gc             ] GC(115) Pause Remark 1448M->1404M(2048M) 31.321ms
[92.897s][info][gc,cpu         ] GC(115) User=0.52s Sys=0.00s Real=0.03s
[92.897s][info][gc,marking     ] GC(115) Concurrent Mark 130.051ms
[92.898s][info][gc,marking     ] GC(115) Concurrent Rebuild Remembered Sets and Scrub Regions
[92.928s][info][gc,marking     ] GC(115) Concurrent Rebuild Remembered Sets and Scrub Regions 30.824ms
[92.944s][info][gc,start       ] GC(115) Pause Cleanup
[92.945s][info][gc             ] GC(115) Pause Cleanup 1816M->1816M(2048M) 0.630ms
[92.945s][info][gc,cpu         ] GC(115) User=0.00s Sys=0.00s Real=0.00s
[92.945s][info][gc,marking     ] GC(115) Concurrent Clear Claimed Marks
[92.946s][info][gc,marking     ] GC(115) Concurrent Clear Claimed Marks 1.059ms
[92.946s][info][gc,marking     ] GC(115) Concurrent Cleanup for Next Mark
[92.952s][info][gc,marking     ] GC(115) Concurrent Cleanup for Next Mark 5.460ms
[92.952s][info][gc             ] GC(115) Concurrent Mark Cycle 199.775ms
[92.960s][info][gc,start       ] GC(118) Pause Young (Prepare Mixed) (G1 Humongous Allocation)
[92.960s][info][gc,task        ] GC(118) Using 33 workers of 33 for evacuation
[92.962s][info][gc,phases      ] GC(118)   Pre Evacuate Collection Set: 0.3ms
[92.962s][info][gc,phases      ] GC(118)   Merge Heap Roots: 0.7ms
[92.962s][info][gc,phases      ] GC(118)   Evacuate Collection Set: 0.9ms
[92.962s][info][gc,phases      ] GC(118)   Post Evacuate Collection Set: 0.6ms
[92.962s][info][gc,phases      ] GC(118)   Other: 0.1ms
[92.962s][info][gc,heap        ] GC(118) Eden regions: 449->0(538)
[92.962s][info][gc,heap        ] GC(118) Survivor regions: 4->5(67)
[92.962s][info][gc,heap        ] GC(118) Old regions: 117->117
[92.962s][info][gc,heap        ] GC(118) Archive regions: 0->0
[92.962s][info][gc,heap        ] GC(118) Humongous regions: 1354->1280
[92.962s][info][gc,metaspace   ] GC(118) Metaspace: 111204K(123968K)->111204K(123968K) NonClass: 95770K(103552K)->95770K(103552K) Class: 15433K(20416K)->15433K(20416K)
[92.962s][info][gc             ] GC(118) Pause Young (Prepare Mixed) (G1 Humongous Allocation) 1920M->1397M(2048M) 2.847ms
[92.962s][info][gc,cpu         ] GC(118) User=0.00s Sys=0.00s Real=0.00s
[93.006s][info][gc,start       ] GC(119) Pause Young (Mixed) (G1 Humongous Allocation)
[93.007s][info][gc,task        ] GC(119) Using 33 workers of 33 for evacuation
[93.009s][info][gc,phases      ] GC(119)   Pre Evacuate Collection Set: 0.2ms
[93.009s][info][gc,phases      ] GC(119)   Merge Heap Roots: 0.2ms
[93.009s][info][gc,phases      ] GC(119)   Evacuate Collection Set: 1.2ms
[93.009s][info][gc,phases      ] GC(119)   Post Evacuate Collection Set: 0.6ms
[93.009s][info][gc,phases      ] GC(119)   Other: 0.1ms
[93.009s][info][gc,heap        ] GC(119) Eden regions: 440->0(518)
[93.009s][info][gc,heap        ] GC(119) Survivor regions: 5->6(68)
[93.009s][info][gc,heap        ] GC(119) Old regions: 117->106
[93.009s][info][gc,heap        ] GC(119) Archive regions: 0->0
[93.009s][info][gc,heap        ] GC(119) Humongous regions: 1352->1309
[93.009s][info][gc,metaspace   ] GC(119) Metaspace: 111206K(123968K)->111206K(123968K) NonClass: 95772K(103552K)->95772K(103552K) Class: 15434K(20416K)->15434K(20416K)
[93.009s][info][gc             ] GC(119) Pause Young (Mixed) (G1 Humongous Allocation) 1909M->1416M(2048M) 2.581ms
[93.009s][info][gc,cpu         ] GC(119) User=0.00s Sys=0.00s Real=0.00s
[93.022s][info][gc,start       ] GC(120) Pause Young (Concurrent Start) (G1 Humongous Allocation)
[93.022s][info][gc,task        ] GC(120) Using 33 workers of 33 for evacuation
[93.025s][info][gc,phases      ] GC(120)   Pre Evacuate Collection Set: 0.4ms
[93.025s][info][gc,phases      ] GC(120)   Merge Heap Roots: 0.1ms
[93.025s][info][gc,phases      ] GC(120)   Evacuate Collection Set: 1.5ms
[93.025s][info][gc,phases      ] GC(120)   Post Evacuate Collection Set: 0.6ms
[93.025s][info][gc,phases      ] GC(120)   Other: 0.1ms
[93.025s][info][gc,heap        ] GC(120) Eden regions: 11->0(511)
[93.025s][info][gc,heap        ] GC(120) Survivor regions: 6->6(66)
[93.025s][info][gc,heap        ] GC(120) Old regions: 106->106
[93.025s][info][gc,heap        ] GC(120) Archive regions: 0->0
[93.025s][info][gc,heap        ] GC(120) Humongous regions: 1316->1316
[93.025s][info][gc,metaspace   ] GC(120) Metaspace: 111208K(123968K)->111208K(123968K) NonClass: 95772K(103552K)->95772K(103552K) Class: 15436K(20416K)->15436K(20416K)
[93.025s][info][gc             ] GC(120) Pause Young (Concurrent Start) (G1 Humongous Allocation) 1434M->1423M(2048M) 3.026ms
[93.025s][info][gc             ] GC(121) Concurrent Mark Cycle
[93.025s][info][gc,cpu         ] GC(120) User=0.00s Sys=0.00s Real=0.00s
[93.025s][info][gc,marking     ] GC(121) Concurrent Scan Root Regions
[93.032s][info][gc,marking     ] GC(121) Concurrent Scan Root Regions 7.259ms
[93.033s][info][gc,marking     ] GC(121) Concurrent Mark
[93.033s][info][gc,marking     ] GC(121) Concurrent Mark From Roots
[93.033s][info][gc,task        ] GC(121) Using 8 workers of 8 for marking
[93.085s][info][gc,start       ] GC(122) Pause Young (Normal) (G1 Humongous Allocation)
[93.085s][info][gc,task        ] GC(122) Using 33 workers of 33 for evacuation
[93.087s][info][gc,phases      ] GC(122)   Pre Evacuate Collection Set: 0.3ms
[93.087s][info][gc,phases      ] GC(122)   Merge Heap Roots: 0.2ms
[93.087s][info][gc,phases      ] GC(122)   Evacuate Collection Set: 1.0ms
[93.087s][info][gc,phases      ] GC(122)   Post Evacuate Collection Set: 0.8ms
[93.087s][info][gc,phases      ] GC(122)   Other: 0.1ms
[93.087s][info][gc,heap        ] GC(122) Eden regions: 425->0(491)
[93.087s][info][gc,heap        ] GC(122) Survivor regions: 6->5(65)
[93.087s][info][gc,heap        ] GC(122) Old regions: 106->106
[93.087s][info][gc,heap        ] GC(122) Archive regions: 0->0
[93.087s][info][gc,heap        ] GC(122) Humongous regions: 1404->1338
[93.087s][info][gc,metaspace   ] GC(122) Metaspace: 111213K(123968K)->111213K(123968K) NonClass: 95775K(103552K)->95775K(103552K) Class: 15437K(20416K)->15437K(20416K)
[93.087s][info][gc             ] GC(122) Pause Young (Normal) (G1 Humongous Allocation) 1936M->1445M(2048M) 2.721ms
[93.087s][info][gc,cpu         ] GC(122) User=0.00s Sys=0.00s Real=0.00s
[93.107s][info][gc,marking     ] GC(121) Concurrent Mark From Roots 74.723ms
[93.108s][info][gc,marking     ] GC(121) Concurrent Preclean
[93.112s][info][gc,marking     ] GC(121) Concurrent Preclean 3.927ms
[93.116s][info][gc,start       ] GC(121) Pause Remark
[93.117s][info][gc             ] GC(121) Pause Remark 1752M->1751M(2048M) 1.321ms
[93.117s][info][gc,cpu         ] GC(121) User=0.00s Sys=0.00s Real=0.00s
[93.117s][info][gc,marking     ] GC(121) Concurrent Mark 84.801ms
[93.118s][info][gc,marking     ] GC(121) Concurrent Rebuild Remembered Sets and Scrub Regions
[93.134s][info][gc,start       ] GC(123) Pause Young (Normal) (G1 Humongous Allocation)
[93.134s][info][gc,task        ] GC(123) Using 33 workers of 33 for evacuation
[93.137s][info][gc,phases      ] GC(123)   Pre Evacuate Collection Set: 0.2ms
[93.137s][info][gc,phases      ] GC(123)   Merge Heap Roots: 0.5ms
[93.137s][info][gc,phases      ] GC(123)   Evacuate Collection Set: 1.0ms
[93.137s][info][gc,phases      ] GC(123)   Post Evacuate Collection Set: 0.8ms
[93.137s][info][gc,phases      ] GC(123)   Other: 0.1ms
[93.137s][info][gc,heap        ] GC(123) Eden regions: 468->0(544)
[93.137s][info][gc,heap        ] GC(123) Survivor regions: 5->7(62)
[93.137s][info][gc,heap        ] GC(123) Old regions: 105->105
[93.137s][info][gc,heap        ] GC(123) Archive regions: 0->0
[93.137s][info][gc,heap        ] GC(123) Humongous regions: 1383->1282
[93.137s][info][gc,metaspace   ] GC(123) Metaspace: 111223K(123968K)->111223K(123968K) NonClass: 95784K(103552K)->95784K(103552K) Class: 15438K(20416K)->15438K(20416K)
[93.137s][info][gc             ] GC(123) Pause Young (Normal) (G1 Humongous Allocation) 1957M->1390M(2048M) 2.867ms
[93.137s][info][gc,cpu         ] GC(123) User=0.00s Sys=0.00s Real=0.00s
[93.141s][info][gc,marking     ] GC(121) Concurrent Rebuild Remembered Sets and Scrub Regions 22.991ms
[93.142s][info][gc,start       ] GC(121) Pause Cleanup
[93.142s][info][gc             ] GC(121) Pause Cleanup 1449M->1449M(2048M) 0.445ms
[93.142s][info][gc,cpu         ] GC(121) User=0.00s Sys=0.00s Real=0.00s
[93.143s][info][gc,marking     ] GC(121) Concurrent Clear Claimed Marks
[93.143s][info][gc,marking     ] GC(121) Concurrent Clear Claimed Marks 0.801ms
[93.144s][info][gc,marking     ] GC(121) Concurrent Cleanup for Next Mark
[93.151s][info][gc,marking     ] GC(121) Concurrent Cleanup for Next Mark 7.016ms
[93.151s][info][gc             ] GC(121) Concurrent Mark Cycle 125.952ms
[93.199s][info][gc,start       ] GC(124) Pause Young (Prepare Mixed) (G1 Humongous Allocation)
[93.199s][info][gc,task        ] GC(124) Using 33 workers of 33 for evacuation
[93.202s][info][gc,phases      ] GC(124)   Pre Evacuate Collection Set: 0.3ms
[93.202s][info][gc,phases      ] GC(124)   Merge Heap Roots: 0.3ms
[93.202s][info][gc,phases      ] GC(124)   Evacuate Collection Set: 1.1ms
[93.202s][info][gc,phases      ] GC(124)   Post Evacuate Collection Set: 0.8ms
[93.202s][info][gc,phases      ] GC(124)   Other: 0.1ms
[93.202s][info][gc,heap        ] GC(124) Eden regions: 496->0(504)
[93.202s][info][gc,heap        ] GC(124) Survivor regions: 7->7(62)
[93.202s][info][gc,heap        ] GC(124) Old regions: 105->105
[93.202s][info][gc,heap        ] GC(124) Archive regions: 0->0
[93.202s][info][gc,heap        ] GC(124) Humongous regions: 1378->1322
[93.202s][info][gc,metaspace   ] GC(124) Metaspace: 111230K(123968K)->111230K(123968K) NonClass: 95788K(103552K)->95788K(103552K) Class: 15441K(20416K)->15441K(20416K)
[93.202s][info][gc             ] GC(124) Pause Young (Prepare Mixed) (G1 Humongous Allocation) 1982M->1430M(2048M) 2.823ms
[93.202s][info][gc,cpu         ] GC(124) User=0.00s Sys=0.00s Real=0.00s
[93.247s][info][gc,start       ] GC(125) Pause Young (Mixed) (G1 Humongous Allocation)
[93.247s][info][gc,task        ] GC(125) Using 33 workers of 33 for evacuation
[93.250s][info][gc,phases      ] GC(125)   Pre Evacuate Collection Set: 0.3ms
[93.250s][info][gc,phases      ] GC(125)   Merge Heap Roots: 0.2ms
[93.250s][info][gc,phases      ] GC(125)   Evacuate Collection Set: 1.4ms
[93.250s][info][gc,phases      ] GC(125)   Post Evacuate Collection Set: 0.8ms
[93.250s][info][gc,phases      ] GC(125)   Other: 0.1ms
[93.250s][info][gc,heap        ] GC(125) Eden regions: 423->0(489)
[93.250s][info][gc,heap        ] GC(125) Survivor regions: 7->9(64)
[93.250s][info][gc,heap        ] GC(125) Old regions: 105->96
[93.250s][info][gc,heap        ] GC(125) Archive regions: 0->0
[93.250s][info][gc,heap        ] GC(125) Humongous regions: 1425->1342
[93.250s][info][gc,metaspace   ] GC(125) Metaspace: 111240K(123968K)->111240K(123968K) NonClass: 95795K(103552K)->95795K(103552K) Class: 15444K(20416K)->15444K(20416K)
[93.250s][info][gc             ] GC(125) Pause Young (Mixed) (G1 Humongous Allocation) 1956M->1444M(2048M) 3.040ms
[93.250s][info][gc,cpu         ] GC(125) User=0.00s Sys=0.00s Real=0.00s
[93.262s][info][gc,start       ] GC(126) Pause Young (Concurrent Start) (G1 Humongous Allocation)
[93.262s][info][gc,task        ] GC(126) Using 33 workers of 33 for evacuation
[93.264s][info][gc,phases      ] GC(126)   Pre Evacuate Collection Set: 0.4ms
[93.264s][info][gc,phases      ] GC(126)   Merge Heap Roots: 0.1ms
[93.264s][info][gc,phases      ] GC(126)   Evacuate Collection Set: 1.5ms
[93.264s][info][gc,phases      ] GC(126)   Post Evacuate Collection Set: 0.5ms
[93.264s][info][gc,phases      ] GC(126)   Other: 0.0ms
[93.264s][info][gc,heap        ] GC(126) Eden regions: 3->0(489)
[93.264s][info][gc,heap        ] GC(126) Survivor regions: 9->9(63)
[93.264s][info][gc,heap        ] GC(126) Old regions: 96->96
[93.264s][info][gc,heap        ] GC(126) Archive regions: 0->0
[93.264s][info][gc,heap        ] GC(126) Humongous regions: 1349->1342
[93.264s][info][gc,metaspace   ] GC(126) Metaspace: 111240K(123968K)->111240K(123968K) NonClass: 95795K(103552K)->95795K(103552K) Class: 15444K(20416K)->15444K(20416K)
[93.264s][info][gc             ] GC(126) Pause Young (Concurrent Start) (G1 Humongous Allocation) 1454M->1443M(2048M) 2.684ms
[93.264s][info][gc             ] GC(127) Concurrent Mark Cycle
[93.264s][info][gc,cpu         ] GC(126) User=0.00s Sys=0.00s Real=0.00s
[93.264s][info][gc,marking     ] GC(127) Concurrent Scan Root Regions
[93.278s][info][gc,marking     ] GC(127) Concurrent Scan Root Regions 13.808ms
[93.278s][info][gc,marking     ] GC(127) Concurrent Mark
[93.278s][info][gc,marking     ] GC(127) Concurrent Mark From Roots
[93.279s][info][gc,task        ] GC(127) Using 8 workers of 8 for marking
[93.306s][info][gc,start       ] GC(128) Pause Young (Normal) (G1 Humongous Allocation)
[93.306s][info][gc,task        ] GC(128) Using 33 workers of 33 for evacuation
[93.308s][info][gc,phases      ] GC(128)   Pre Evacuate Collection Set: 0.3ms
[93.308s][info][gc,phases      ] GC(128)   Merge Heap Roots: 0.2ms
[93.308s][info][gc,phases      ] GC(128)   Evacuate Collection Set: 1.2ms
[93.309s][info][gc,phases      ] GC(128)   Post Evacuate Collection Set: 0.7ms
[93.309s][info][gc,phases      ] GC(128)   Other: 0.1ms
[93.309s][info][gc,heap        ] GC(128) Eden regions: 468->0(464)
[93.309s][info][gc,heap        ] GC(128) Survivor regions: 9->10(63)
[93.309s][info][gc,heap        ] GC(128) Old regions: 96->96
[93.309s][info][gc,heap        ] GC(128) Archive regions: 0->0
[93.309s][info][gc,heap        ] GC(128) Humongous regions: 1402->1365
[93.309s][info][gc,metaspace   ] GC(128) Metaspace: 111245K(123968K)->111245K(123968K) NonClass: 95800K(103552K)->95800K(103552K) Class: 15445K(20416K)->15445K(20416K)
[93.309s][info][gc             ] GC(128) Pause Young (Normal) (G1 Humongous Allocation) 1971M->1467M(2048M) 2.738ms
[93.309s][info][gc,cpu         ] GC(128) User=0.06s Sys=0.00s Real=0.02s
[93.337s][info][gc,marking     ] GC(127) Concurrent Mark From Roots 58.115ms
[93.337s][info][gc,marking     ] GC(127) Concurrent Preclean
[93.340s][info][gc,marking     ] GC(127) Concurrent Preclean 3.466ms
[93.341s][info][gc,start       ] GC(127) Pause Remark
[93.343s][info][gc             ] GC(127) Pause Remark 1906M->1896M(2048M) 1.705ms
[93.343s][info][gc,cpu         ] GC(127) User=0.00s Sys=0.00s Real=0.00s
[93.343s][info][gc,marking     ] GC(127) Concurrent Mark 64.524ms
[93.343s][info][gc,marking     ] GC(127) Concurrent Rebuild Remembered Sets and Scrub Regions
[93.348s][info][gc,start       ] GC(129) Pause Young (Normal) (G1 Evacuation Pause)
[93.348s][info][gc,task        ] GC(129) Using 33 workers of 33 for evacuation
[93.351s][info][gc,phases      ] GC(129)   Pre Evacuate Collection Set: 0.2ms
[93.351s][info][gc,phases      ] GC(129)   Merge Heap Roots: 0.4ms
[93.351s][info][gc,phases      ] GC(129)   Evacuate Collection Set: 1.0ms
[93.351s][info][gc,phases      ] GC(129)   Post Evacuate Collection Set: 0.8ms
[93.351s][info][gc,phases      ] GC(129)   Other: 0.1ms
[93.351s][info][gc,heap        ] GC(129) Eden regions: 464->0(551)
[93.351s][info][gc,heap        ] GC(129) Survivor regions: 10->7(60)
[93.351s][info][gc,heap        ] GC(129) Old regions: 86->86
[93.351s][info][gc,heap        ] GC(129) Archive regions: 0->0
[93.351s][info][gc,heap        ] GC(129) Humongous regions: 1392->1294
[93.351s][info][gc,metaspace   ] GC(129) Metaspace: 111247K(123968K)->111247K(123968K) NonClass: 95801K(103552K)->95801K(103552K) Class: 15446K(20416K)->15446K(20416K)
[93.351s][info][gc             ] GC(129) Pause Young (Normal) (G1 Evacuation Pause) 1948M->1384M(2048M) 2.768ms
[93.351s][info][gc,cpu         ] GC(129) User=0.00s Sys=0.00s Real=0.00s
[93.369s][info][gc,marking     ] GC(127) Concurrent Rebuild Remembered Sets and Scrub Regions 25.786ms
[93.386s][info][gc,start       ] GC(127) Pause Cleanup
[93.387s][info][gc             ] GC(127) Pause Cleanup 1626M->1626M(2048M) 0.474ms
[93.387s][info][gc,cpu         ] GC(127) User=0.00s Sys=0.00s Real=0.00s
[93.387s][info][gc,marking     ] GC(127) Concurrent Clear Claimed Marks
[93.388s][info][gc,marking     ] GC(127) Concurrent Clear Claimed Marks 0.865ms
[93.388s][info][gc,marking     ] GC(127) Concurrent Cleanup for Next Mark
[93.395s][info][gc,marking     ] GC(127) Concurrent Cleanup for Next Mark 6.729ms
[93.395s][info][gc             ] GC(127) Concurrent Mark Cycle 130.822ms
[93.419s][info][gc,start       ] GC(130) Pause Young (Prepare Mixed) (G1 Evacuation Pause)
[93.420s][info][gc,task        ] GC(130) Using 33 workers of 33 for evacuation
[93.422s][info][gc,phases      ] GC(130)   Pre Evacuate Collection Set: 0.3ms
[93.422s][info][gc,phases      ] GC(130)   Merge Heap Roots: 0.5ms
[93.422s][info][gc,phases      ] GC(130)   Evacuate Collection Set: 1.2ms
[93.422s][info][gc,phases      ] GC(130)   Post Evacuate Collection Set: 0.7ms
[93.422s][info][gc,phases      ] GC(130)   Other: 0.1ms
[93.422s][info][gc,heap        ] GC(130) Eden regions: 551->0(508)
[93.422s][info][gc,heap        ] GC(130) Survivor regions: 7->6(36)
[93.422s][info][gc,heap        ] GC(130) Old regions: 86->86
[93.422s][info][gc,heap        ] GC(130) Archive regions: 0->0
[93.422s][info][gc,heap        ] GC(130) Humongous regions: 1368->1339
[93.422s][info][gc,metaspace   ] GC(130) Metaspace: 111262K(123968K)->111262K(123968K) NonClass: 95814K(103552K)->95814K(103552K) Class: 15448K(20416K)->15448K(20416K)
[93.423s][info][gc             ] GC(130) Pause Young (Prepare Mixed) (G1 Evacuation Pause) 2009M->1428M(2048M) 3.011ms
[93.423s][info][gc,cpu         ] GC(130) User=0.00s Sys=0.00s Real=0.00s
[93.467s][info][gc,start       ] GC(131) Pause Young (Mixed) (G1 Humongous Allocation)
[93.467s][info][gc,task        ] GC(131) Using 33 workers of 33 for evacuation
[93.470s][info][gc,phases      ] GC(131)   Pre Evacuate Collection Set: 0.3ms
[93.470s][info][gc,phases      ] GC(131)   Merge Heap Roots: 0.2ms
[93.470s][info][gc,phases      ] GC(131)   Evacuate Collection Set: 1.3ms
[93.470s][info][gc,phases      ] GC(131)   Post Evacuate Collection Set: 0.7ms
[93.470s][info][gc,phases      ] GC(131)   Other: 0.1ms
[93.470s][info][gc,heap        ] GC(131) Eden regions: 508->0(502)
[93.470s][info][gc,heap        ] GC(131) Survivor regions: 6->6(45)
[93.470s][info][gc,heap        ] GC(131) Old regions: 86->80
[93.470s][info][gc,heap        ] GC(131) Archive regions: 0->0
[93.470s][info][gc,heap        ] GC(131) Humongous regions: 1403->1351
[93.470s][info][gc,metaspace   ] GC(131) Metaspace: 111271K(123968K)->111271K(123968K) NonClass: 95820K(103552K)->95820K(103552K) Class: 15451K(20416K)->15451K(20416K)
[93.470s][info][gc             ] GC(131) Pause Young (Mixed) (G1 Humongous Allocation) 2000M->1433M(2048M) 2.939ms
[93.470s][info][gc,cpu         ] GC(131) User=0.00s Sys=0.00s Real=0.00s
[93.473s][info][gc,start       ] GC(132) Pause Young (Concurrent Start) (G1 Humongous Allocation)
[93.473s][info][gc,task        ] GC(132) Using 33 workers of 33 for evacuation
[93.476s][info][gc,phases      ] GC(132)   Pre Evacuate Collection Set: 0.4ms
[93.476s][info][gc,phases      ] GC(132)   Merge Heap Roots: 0.1ms
[93.476s][info][gc,phases      ] GC(132)   Evacuate Collection Set: 1.5ms
[93.476s][info][gc,phases      ] GC(132)   Post Evacuate Collection Set: 0.5ms
[93.476s][info][gc,phases      ] GC(132)   Other: 0.0ms
[93.476s][info][gc,heap        ] GC(132) Eden regions: 9->0(488)
[93.476s][info][gc,heap        ] GC(132) Survivor regions: 6->6(64)
[93.476s][info][gc,heap        ] GC(132) Old regions: 80->80
[93.476s][info][gc,heap        ] GC(132) Archive regions: 0->0
[93.476s][info][gc,heap        ] GC(132) Humongous regions: 1365->1365
[93.476s][info][gc,metaspace   ] GC(132) Metaspace: 111271K(123968K)->111271K(123968K) NonClass: 95820K(103552K)->95820K(103552K) Class: 15451K(20416K)->15451K(20416K)
[93.476s][info][gc             ] GC(132) Pause Young (Concurrent Start) (G1 Humongous Allocation) 1456M->1447M(2048M) 2.688ms
[93.476s][info][gc             ] GC(133) Concurrent Mark Cycle
[93.476s][info][gc,cpu         ] GC(132) User=0.11s Sys=0.03s Real=0.00s
[93.476s][info][gc,marking     ] GC(133) Concurrent Scan Root Regions
[93.479s][info][gc,marking     ] GC(133) Concurrent Scan Root Regions 2.999ms
[93.479s][info][gc,marking     ] GC(133) Concurrent Mark
[93.479s][info][gc,marking     ] GC(133) Concurrent Mark From Roots
[93.479s][info][gc,task        ] GC(133) Using 8 workers of 8 for marking
[93.518s][info][gc,marking     ] GC(133) Concurrent Mark From Roots 38.630ms
[93.518s][info][gc,marking     ] GC(133) Concurrent Preclean
[93.521s][info][gc,marking     ] GC(133) Concurrent Preclean 3.026ms
[93.522s][info][gc,start       ] GC(134) Pause Young (Normal) (G1 Humongous Allocation)
[93.522s][info][gc,task        ] GC(134) Using 33 workers of 33 for evacuation
[93.525s][info][gc,phases      ] GC(134)   Pre Evacuate Collection Set: 0.3ms
[93.525s][info][gc,phases      ] GC(134)   Merge Heap Roots: 0.2ms
[93.525s][info][gc,phases      ] GC(134)   Evacuate Collection Set: 1.2ms
[93.525s][info][gc,phases      ] GC(134)   Post Evacuate Collection Set: 0.7ms
[93.525s][info][gc,phases      ] GC(134)   Other: 0.1ms
[93.525s][info][gc,heap        ] GC(134) Eden regions: 463->0(479)
[93.525s][info][gc,heap        ] GC(134) Survivor regions: 6->6(62)
[93.525s][info][gc,heap        ] GC(134) Old regions: 80->80
[93.525s][info][gc,heap        ] GC(134) Archive regions: 0->0
[93.525s][info][gc,heap        ] GC(134) Humongous regions: 1420->1374
[93.525s][info][gc,metaspace   ] GC(134) Metaspace: 111281K(123968K)->111281K(123968K) NonClass: 95826K(103552K)->95826K(103552K) Class: 15454K(20416K)->15454K(20416K)
[93.525s][info][gc             ] GC(134) Pause Young (Normal) (G1 Humongous Allocation) 1965M->1456M(2048M) 2.688ms
[93.525s][info][gc,cpu         ] GC(134) User=0.00s Sys=0.00s Real=0.00s
[93.526s][info][gc,start       ] GC(133) Pause Remark
[93.528s][info][gc             ] GC(133) Pause Remark 1468M->1468M(2048M) 1.252ms
[93.528s][info][gc,cpu         ] GC(133) User=0.00s Sys=0.00s Real=0.00s
[93.528s][info][gc,marking     ] GC(133) Concurrent Mark 48.581ms
[93.528s][info][gc,marking     ] GC(133) Concurrent Rebuild Remembered Sets and Scrub Regions
[93.544s][info][gc,marking     ] GC(133) Concurrent Rebuild Remembered Sets and Scrub Regions 16.460ms
[93.560s][info][gc,start       ] GC(133) Pause Cleanup
[93.560s][info][gc             ] GC(133) Pause Cleanup 1688M->1688M(2048M) 0.444ms
[93.560s][info][gc,cpu         ] GC(133) User=0.00s Sys=0.00s Real=0.00s
[93.561s][info][gc,marking     ] GC(133) Concurrent Clear Claimed Marks
[93.561s][info][gc,marking     ] GC(133) Concurrent Clear Claimed Marks 0.925ms
[93.562s][info][gc,marking     ] GC(133) Concurrent Cleanup for Next Mark
[93.568s][info][gc,marking     ] GC(133) Concurrent Cleanup for Next Mark 6.604ms
[93.569s][info][gc             ] GC(133) Concurrent Mark Cycle 92.588ms
[93.585s][info][gc,start       ] GC(135) Pause Young (Prepare Mixed) (G1 Humongous Allocation)
[93.585s][info][gc,task        ] GC(135) Using 33 workers of 33 for evacuation
[93.588s][info][gc,phases      ] GC(135)   Pre Evacuate Collection Set: 0.3ms
[93.588s][info][gc,phases      ] GC(135)   Merge Heap Roots: 0.7ms
[93.588s][info][gc,phases      ] GC(135)   Evacuate Collection Set: 1.0ms
[93.588s][info][gc,phases      ] GC(135)   Post Evacuate Collection Set: 0.7ms
[93.588s][info][gc,phases      ] GC(135)   Other: 0.1ms
[93.588s][info][gc,heap        ] GC(135) Eden regions: 425->0(501)
[93.588s][info][gc,heap        ] GC(135) Survivor regions: 6->5(61)
[93.588s][info][gc,heap        ] GC(135) Old regions: 80->80
[93.588s][info][gc,heap        ] GC(135) Archive regions: 0->0
[93.588s][info][gc,heap        ] GC(135) Humongous regions: 1437->1354
[93.588s][info][gc,metaspace   ] GC(135) Metaspace: 111303K(123968K)->111303K(123968K) NonClass: 95840K(103552K)->95840K(103552K) Class: 15462K(20416K)->15462K(20416K)
[93.588s][info][gc             ] GC(135) Pause Young (Prepare Mixed) (G1 Humongous Allocation) 1944M->1436M(2048M) 3.085ms
[93.588s][info][gc,cpu         ] GC(135) User=0.00s Sys=0.00s Real=0.00s
[93.634s][info][gc,start       ] GC(136) Pause Young (Mixed) (G1 Humongous Allocation)
[93.634s][info][gc,task        ] GC(136) Using 33 workers of 33 for evacuation
[93.636s][info][gc,phases      ] GC(136)   Pre Evacuate Collection Set: 0.3ms
[93.636s][info][gc,phases      ] GC(136)   Merge Heap Roots: 0.2ms
[93.636s][info][gc,phases      ] GC(136)   Evacuate Collection Set: 1.2ms
[93.636s][info][gc,phases      ] GC(136)   Post Evacuate Collection Set: 0.7ms
[93.636s][info][gc,phases      ] GC(136)   Other: 0.1ms
[93.636s][info][gc,heap        ] GC(136) Eden regions: 470->0(488)
[93.636s][info][gc,heap        ] GC(136) Survivor regions: 5->5(46)
[93.636s][info][gc,heap        ] GC(136) Old regions: 80->74
[93.636s][info][gc,heap        ] GC(136) Archive regions: 0->0
[93.636s][info][gc,heap        ] GC(136) Humongous regions: 1447->1373
[93.637s][info][gc,metaspace   ] GC(136) Metaspace: 111357K(123968K)->111357K(123968K) NonClass: 95877K(103552K)->95877K(103552K) Class: 15479K(20416K)->15479K(20416K)
[93.637s][info][gc             ] GC(136) Pause Young (Mixed) (G1 Humongous Allocation) 1999M->1449M(2048M) 2.698ms
[93.637s][info][gc,cpu         ] GC(136) User=0.00s Sys=0.00s Real=0.00s
[93.644s][info][gc,start       ] GC(137) Pause Young (Concurrent Start) (G1 Humongous Allocation)
[93.644s][info][gc,task        ] GC(137) Using 33 workers of 33 for evacuation
[93.646s][info][gc,phases      ] GC(137)   Pre Evacuate Collection Set: 0.4ms
[93.646s][info][gc,phases      ] GC(137)   Merge Heap Roots: 0.1ms
[93.646s][info][gc,phases      ] GC(137)   Evacuate Collection Set: 1.4ms
[93.646s][info][gc,phases      ] GC(137)   Post Evacuate Collection Set: 0.6ms
[93.646s][info][gc,phases      ] GC(137)   Other: 0.0ms
[93.646s][info][gc,heap        ] GC(137) Eden regions: 76->0(488)
[93.646s][info][gc,heap        ] GC(137) Survivor regions: 5->5(62)
[93.646s][info][gc,heap        ] GC(137) Old regions: 74->74
[93.646s][info][gc,heap        ] GC(137) Archive regions: 0->0
[93.646s][info][gc,heap        ] GC(137) Humongous regions: 1377->1373
[93.646s][info][gc,metaspace   ] GC(137) Metaspace: 111361K(123968K)->111361K(123968K) NonClass: 95881K(103552K)->95881K(103552K) Class: 15480K(20416K)->15480K(20416K)
[93.646s][info][gc             ] GC(137) Pause Young (Concurrent Start) (G1 Humongous Allocation) 1529M->1449M(2048M) 2.723ms
[93.646s][info][gc             ] GC(138) Concurrent Mark Cycle
[93.646s][info][gc,cpu         ] GC(137) User=0.00s Sys=0.00s Real=0.00s
[93.646s][info][gc,marking     ] GC(138) Concurrent Scan Root Regions
[93.657s][info][gc,marking     ] GC(138) Concurrent Scan Root Regions 10.818ms
[93.657s][info][gc,marking     ] GC(138) Concurrent Mark
[93.658s][info][gc,marking     ] GC(138) Concurrent Mark From Roots
[93.658s][info][gc,task        ] GC(138) Using 8 workers of 8 for marking
[93.700s][info][gc,start       ] GC(139) Pause Young (Normal) (G1 Evacuation Pause)
[93.700s][info][gc,task        ] GC(139) Using 33 workers of 33 for evacuation
[93.703s][info][gc,phases      ] GC(139)   Pre Evacuate Collection Set: 0.3ms
[93.703s][info][gc,phases      ] GC(139)   Merge Heap Roots: 0.2ms
[93.703s][info][gc,phases      ] GC(139)   Evacuate Collection Set: 1.1ms
[93.703s][info][gc,phases      ] GC(139)   Post Evacuate Collection Set: 0.7ms
[93.703s][info][gc,phases      ] GC(139)   Other: 0.1ms
[93.703s][info][gc,heap        ] GC(139) Eden regions: 488->0(466)
[93.703s][info][gc,heap        ] GC(139) Survivor regions: 5->5(46)
[93.703s][info][gc,heap        ] GC(139) Old regions: 74->74
[93.703s][info][gc,heap        ] GC(139) Archive regions: 0->0
[93.703s][info][gc,heap        ] GC(139) Humongous regions: 1435->1395
[93.703s][info][gc,metaspace   ] GC(139) Metaspace: 111391K(123968K)->111391K(123968K) NonClass: 95907K(103552K)->95907K(103552K) Class: 15483K(20416K)->15483K(20416K)
[93.703s][info][gc             ] GC(139) Pause Young (Normal) (G1 Evacuation Pause) 1999M->1471M(2048M) 2.660ms
[93.703s][info][gc,cpu         ] GC(139) User=0.00s Sys=0.00s Real=0.00s
[93.705s][info][gc,marking     ] GC(138) Concurrent Mark From Roots 47.309ms
[93.705s][info][gc,marking     ] GC(138) Concurrent Preclean
[93.706s][info][gc,marking     ] GC(138) Concurrent Preclean 0.668ms
[93.706s][info][gc,start       ] GC(138) Pause Remark
[93.708s][info][gc             ] GC(138) Pause Remark 1486M->1486M(2048M) 1.650ms
[93.708s][info][gc,cpu         ] GC(138) User=0.00s Sys=0.00s Real=0.00s
[93.708s][info][gc,marking     ] GC(138) Concurrent Mark 50.796ms
[93.708s][info][gc,marking     ] GC(138) Concurrent Rebuild Remembered Sets and Scrub Regions
[93.716s][info][gc,marking     ] GC(138) Concurrent Rebuild Remembered Sets and Scrub Regions 7.177ms
[93.716s][info][gc,start       ] GC(138) Pause Cleanup
[93.716s][info][gc             ] GC(138) Pause Cleanup 1545M->1545M(2048M) 0.389ms
[93.716s][info][gc,cpu         ] GC(138) User=0.00s Sys=0.00s Real=0.00s
[93.717s][info][gc,marking     ] GC(138) Concurrent Clear Claimed Marks
[93.717s][info][gc,marking     ] GC(138) Concurrent Clear Claimed Marks 0.214ms
[93.717s][info][gc,marking     ] GC(138) Concurrent Cleanup for Next Mark
[93.720s][info][gc,marking     ] GC(138) Concurrent Cleanup for Next Mark 2.858ms
[93.720s][info][gc             ] GC(138) Concurrent Mark Cycle 73.542ms
[93.773s][info][gc,start       ] GC(140) Pause Young (Prepare Mixed) (G1 Humongous Allocation)
[93.773s][info][gc,task        ] GC(140) Using 33 workers of 33 for evacuation
[93.776s][info][gc,phases      ] GC(140)   Pre Evacuate Collection Set: 0.3ms
[93.776s][info][gc,phases      ] GC(140)   Merge Heap Roots: 0.8ms
[93.776s][info][gc,phases      ] GC(140)   Evacuate Collection Set: 1.4ms
[93.776s][info][gc,phases      ] GC(140)   Post Evacuate Collection Set: 0.8ms
[93.776s][info][gc,phases      ] GC(140)   Other: 0.1ms
[93.776s][info][gc,heap        ] GC(140) Eden regions: 453->0(457)
[93.776s][info][gc,heap        ] GC(140) Survivor regions: 5->5(25)
[93.776s][info][gc,heap        ] GC(140) Old regions: 74->75
[93.776s][info][gc,heap        ] GC(140) Archive regions: 0->0
[93.776s][info][gc,heap        ] GC(140) Humongous regions: 1491->1403
[93.777s][info][gc,metaspace   ] GC(140) Metaspace: 111661K(123968K)->111661K(123968K) NonClass: 96104K(103552K)->96104K(103552K) Class: 15556K(20416K)->15556K(20416K)
[93.777s][info][gc             ] GC(140) Pause Young (Prepare Mixed) (G1 Humongous Allocation) 2019M->1479M(2048M) 3.674ms
[93.777s][info][gc,cpu         ] GC(140) User=0.00s Sys=0.00s Real=0.00s
[93.824s][info][gc,start       ] GC(141) Pause Young (Mixed) (G1 Humongous Allocation)
[93.824s][info][gc,task        ] GC(141) Using 33 workers of 33 for evacuation
[93.826s][info][gc,phases      ] GC(141)   Pre Evacuate Collection Set: 0.2ms
[93.826s][info][gc,phases      ] GC(141)   Merge Heap Roots: 0.2ms
[93.826s][info][gc,phases      ] GC(141)   Evacuate Collection Set: 1.3ms
[93.826s][info][gc,phases      ] GC(141)   Post Evacuate Collection Set: 0.7ms
[93.827s][info][gc,phases      ] GC(141)   Other: 0.1ms
[93.827s][info][gc,heap        ] GC(141) Eden regions: 334->0(456)
[93.827s][info][gc,heap        ] GC(141) Survivor regions: 5->4(58)
[93.827s][info][gc,heap        ] GC(141) Old regions: 75->71
[93.827s][info][gc,heap        ] GC(141) Archive regions: 0->0
[93.827s][info][gc,heap        ] GC(141) Humongous regions: 1511->1410
[93.827s][info][gc,metaspace   ] GC(141) Metaspace: 111712K(123968K)->111712K(123968K) NonClass: 96155K(103552K)->96155K(103552K) Class: 15557K(20416K)->15557K(20416K)
[93.827s][info][gc             ] GC(141) Pause Young (Mixed) (G1 Humongous Allocation) 1921M->1482M(2048M) 2.809ms
[93.827s][info][gc,cpu         ] GC(141) User=0.00s Sys=0.00s Real=0.00s
[93.832s][info][gc,start       ] GC(142) Pause Young (Concurrent Start) (G1 Humongous Allocation)
[93.832s][info][gc,task        ] GC(142) Using 33 workers of 33 for evacuation
[93.835s][info][gc,phases      ] GC(142)   Pre Evacuate Collection Set: 0.4ms
[93.835s][info][gc,phases      ] GC(142)   Merge Heap Roots: 0.1ms
[93.835s][info][gc,phases      ] GC(142)   Evacuate Collection Set: 1.6ms
[93.835s][info][gc,phases      ] GC(142)   Post Evacuate Collection Set: 0.5ms
[93.835s][info][gc,phases      ] GC(142)   Other: 0.0ms
[93.835s][info][gc,heap        ] GC(142) Eden regions: 39->0(456)
[93.835s][info][gc,heap        ] GC(142) Survivor regions: 4->4(58)
[93.835s][info][gc,heap        ] GC(142) Old regions: 71->71
[93.835s][info][gc,heap        ] GC(142) Archive regions: 0->0
[93.835s][info][gc,heap        ] GC(142) Humongous regions: 1414->1410
[93.835s][info][gc,metaspace   ] GC(142) Metaspace: 111713K(123968K)->111713K(123968K) NonClass: 96156K(103552K)->96156K(103552K) Class: 15557K(20416K)->15557K(20416K)
[93.835s][info][gc             ] GC(142) Pause Young (Concurrent Start) (G1 Humongous Allocation) 1525M->1482M(2048M) 2.859ms
[93.835s][info][gc             ] GC(143) Concurrent Mark Cycle
[93.835s][info][gc,cpu         ] GC(142) User=0.55s Sys=0.02s Real=0.02s
[93.835s][info][gc,marking     ] GC(143) Concurrent Scan Root Regions
[93.838s][info][gc,marking     ] GC(143) Concurrent Scan Root Regions 2.736ms
[93.838s][info][gc,marking     ] GC(143) Concurrent Mark
[93.838s][info][gc,marking     ] GC(143) Concurrent Mark From Roots
[93.838s][info][gc,task        ] GC(143) Using 8 workers of 8 for marking
[93.866s][info][gc,marking     ] GC(143) Concurrent Mark From Roots 28.121ms
[93.866s][info][gc,marking     ] GC(143) Concurrent Preclean
[93.867s][info][gc,marking     ] GC(143) Concurrent Preclean 0.603ms
[93.868s][info][gc,start       ] GC(143) Pause Remark
[93.869s][info][gc             ] GC(143) Pause Remark 1753M->1753M(2048M) 1.854ms
[93.870s][info][gc,cpu         ] GC(143) User=0.00s Sys=0.00s Real=0.00s
[93.870s][info][gc,marking     ] GC(143) Concurrent Mark 31.466ms
[93.870s][info][gc,marking     ] GC(143) Concurrent Rebuild Remembered Sets and Scrub Regions
[93.878s][info][gc,marking     ] GC(143) Concurrent Rebuild Remembered Sets and Scrub Regions 7.930ms
[93.881s][info][gc,start       ] GC(143) Pause Cleanup
[93.881s][info][gc             ] GC(143) Pause Cleanup 1809M->1809M(2048M) 0.424ms
[93.881s][info][gc,cpu         ] GC(143) User=0.00s Sys=0.00s Real=0.00s
[93.881s][info][gc,marking     ] GC(143) Concurrent Clear Claimed Marks
[93.881s][info][gc,marking     ] GC(143) Concurrent Clear Claimed Marks 0.206ms
[93.881s][info][gc,marking     ] GC(143) Concurrent Cleanup for Next Mark
[93.885s][info][gc,marking     ] GC(143) Concurrent Cleanup for Next Mark 4.142ms
[93.886s][info][gc             ] GC(143) Concurrent Mark Cycle 50.282ms
[93.907s][info][gc,start       ] GC(144) Pause Young (Prepare Mixed) (G1 Humongous Allocation)
[93.907s][info][gc,task        ] GC(144) Using 33 workers of 33 for evacuation
[93.911s][info][gc,phases      ] GC(144)   Pre Evacuate Collection Set: 0.3ms
[93.911s][info][gc,phases      ] GC(144)   Merge Heap Roots: 0.8ms
[93.911s][info][gc,phases      ] GC(144)   Evacuate Collection Set: 1.7ms
[93.911s][info][gc,phases      ] GC(144)   Post Evacuate Collection Set: 0.8ms
[93.911s][info][gc,phases      ] GC(144)   Other: 0.1ms
[93.911s][info][gc,heap        ] GC(144) Eden regions: 319->0(474)
[93.911s][info][gc,heap        ] GC(144) Survivor regions: 4->3(58)
[93.911s][info][gc,heap        ] GC(144) Old regions: 71->71
[93.911s][info][gc,heap        ] GC(144) Archive regions: 0->0
[93.911s][info][gc,heap        ] GC(144) Humongous regions: 1532->1394
[93.911s][info][gc,metaspace   ] GC(144) Metaspace: 112497K(123968K)->112497K(123968K) NonClass: 96710K(103552K)->96710K(103552K) Class: 15786K(20416K)->15786K(20416K)
[93.911s][info][gc             ] GC(144) Pause Young (Prepare Mixed) (G1 Humongous Allocation) 1923M->1466M(2048M) 3.921ms
[93.911s][info][gc,cpu         ] GC(144) User=0.56s Sys=0.00s Real=0.02s
[94.833s][info][gc,start       ] GC(145) Pause Young (Mixed) (G1 Evacuation Pause)
[94.833s][info][gc,task        ] GC(145) Using 33 workers of 33 for evacuation
[94.841s][info][gc,phases      ] GC(145)   Pre Evacuate Collection Set: 0.3ms
[94.841s][info][gc,phases      ] GC(145)   Merge Heap Roots: 0.2ms
[94.841s][info][gc,phases      ] GC(145)   Evacuate Collection Set: 5.1ms
[94.841s][info][gc,phases      ] GC(145)   Post Evacuate Collection Set: 2.6ms
[94.841s][info][gc,phases      ] GC(145)   Other: 0.1ms
[94.841s][info][gc,heap        ] GC(145) Eden regions: 455->0(259)
[94.841s][info][gc,heap        ] GC(145) Survivor regions: 3->0(0)
[94.842s][info][gc,heap        ] GC(145) Old regions: 71->302
[94.842s][info][gc,heap        ] GC(145) Archive regions: 0->0
[94.842s][info][gc,heap        ] GC(145) Humongous regions: 1519->1384
[94.842s][info][gc,metaspace   ] GC(145) Metaspace: 120368K(124032K)->120368K(124032K) NonClass: 102061K(103616K)->102061K(103616K) Class: 18307K(20416K)->18307K(20416K)
[94.842s][info][gc             ] GC(145) Pause Young (Mixed) (G1 Evacuation Pause) (Evacuation Failure) 2046M->1684M(2048M) 8.533ms
[94.842s][info][gc,cpu         ] GC(145) User=0.56s Sys=0.00s Real=0.01s
[94.963s][info][gc,start       ] GC(146) Pause Young (Concurrent Start) (G1 Evacuation Pause)
[94.963s][info][gc,task        ] GC(146) Using 33 workers of 33 for evacuation
[94.966s][info][gc,phases      ] GC(146)   Pre Evacuate Collection Set: 0.5ms
[94.966s][info][gc,phases      ] GC(146)   Merge Heap Roots: 0.2ms
[94.966s][info][gc,phases      ] GC(146)   Evacuate Collection Set: 1.4ms
[94.966s][info][gc,phases      ] GC(146)   Post Evacuate Collection Set: 0.6ms
[94.966s][info][gc,phases      ] GC(146)   Other: 0.1ms
[94.966s][info][gc,heap        ] GC(146) Eden regions: 259->0(257)
[94.966s][info][gc,heap        ] GC(146) Survivor regions: 0->1(33)
[94.966s][info][gc,heap        ] GC(146) Old regions: 302->302
[94.966s][info][gc,heap        ] GC(146) Archive regions: 0->0
[94.966s][info][gc,heap        ] GC(146) Humongous regions: 1384->1384
[94.966s][info][gc,metaspace   ] GC(146) Metaspace: 120368K(124032K)->120368K(124032K) NonClass: 102061K(103616K)->102061K(103616K) Class: 18307K(20416K)->18307K(20416K)
[94.966s][info][gc             ] GC(146) Pause Young (Concurrent Start) (G1 Evacuation Pause) 1943M->1684M(2048M) 3.000ms
[94.966s][info][gc             ] GC(147) Concurrent Mark Cycle
[94.966s][info][gc,cpu         ] GC(146) User=0.00s Sys=0.00s Real=0.00s
[94.966s][info][gc,marking     ] GC(147) Concurrent Scan Root Regions
[94.970s][info][gc,marking     ] GC(147) Concurrent Scan Root Regions 3.895ms
[94.970s][info][gc,marking     ] GC(147) Concurrent Mark
[94.970s][info][gc,marking     ] GC(147) Concurrent Mark From Roots
[94.970s][info][gc,task        ] GC(147) Using 8 workers of 8 for marking
[94.988s][info][gc,marking     ] GC(147) Concurrent Mark From Roots 18.124ms
[94.988s][info][gc,marking     ] GC(147) Concurrent Preclean
[94.989s][info][gc,marking     ] GC(147) Concurrent Preclean 0.507ms
[94.989s][info][gc,start       ] GC(147) Pause Remark
[95.003s][info][gc             ] GC(147) Pause Remark 1733M->1669M(2048M) 13.695ms
[95.003s][info][gc,cpu         ] GC(147) User=0.00s Sys=0.00s Real=0.00s
[95.003s][info][gc,marking     ] GC(147) Concurrent Mark 33.322ms
[95.003s][info][gc,marking     ] GC(147) Concurrent Rebuild Remembered Sets and Scrub Regions
[95.019s][info][gc,marking     ] GC(147) Concurrent Rebuild Remembered Sets and Scrub Regions 15.038ms
[95.019s][info][gc,start       ] GC(147) Pause Cleanup
[95.020s][info][gc             ] GC(147) Pause Cleanup 1701M->1701M(2048M) 0.700ms
[95.020s][info][gc,cpu         ] GC(147) User=0.00s Sys=0.00s Real=0.00s
[95.020s][info][gc,marking     ] GC(147) Concurrent Clear Claimed Marks
[95.020s][info][gc,marking     ] GC(147) Concurrent Clear Claimed Marks 0.146ms
[95.020s][info][gc,marking     ] GC(147) Concurrent Cleanup for Next Mark
[95.022s][info][gc,marking     ] GC(147) Concurrent Cleanup for Next Mark 1.952ms
[95.022s][info][gc             ] GC(147) Concurrent Mark Cycle 55.791ms
[95.081s][info][gc,start       ] GC(148) Pause Young (Prepare Mixed) (G1 Evacuation Pause)
[95.081s][info][gc,task        ] GC(148) Using 33 workers of 33 for evacuation
[95.084s][info][gc,phases      ] GC(148)   Pre Evacuate Collection Set: 0.3ms
[95.084s][info][gc,phases      ] GC(148)   Merge Heap Roots: 1.0ms
[95.084s][info][gc,phases      ] GC(148)   Evacuate Collection Set: 0.6ms
[95.084s][info][gc,phases      ] GC(148)   Post Evacuate Collection Set: 0.6ms
[95.084s][info][gc,phases      ] GC(148)   Other: 0.1ms
[95.084s][info][gc,heap        ] GC(148) Eden regions: 257->0(321)
[95.084s][info][gc,heap        ] GC(148) Survivor regions: 1->1(33)
[95.084s][info][gc,heap        ] GC(148) Old regions: 278->278
[95.084s][info][gc,heap        ] GC(148) Archive regions: 0->0
[95.084s][info][gc,heap        ] GC(148) Humongous regions: 1344->1344
[95.084s][info][gc,metaspace   ] GC(148) Metaspace: 120111K(124032K)->120111K(124032K) NonClass: 101880K(103616K)->101880K(103616K) Class: 18231K(20416K)->18231K(20416K)
[95.084s][info][gc             ] GC(148) Pause Young (Prepare Mixed) (G1 Evacuation Pause) 1877M->1620M(2048M) 2.983ms
[95.084s][info][gc,cpu         ] GC(148) User=0.14s Sys=0.38s Real=0.02s
[95.115s][info][gc,start       ] GC(149) Pause Young (Mixed) (G1 Evacuation Pause)
[95.115s][info][gc,task        ] GC(149) Using 33 workers of 33 for evacuation
[95.118s][info][gc,phases      ] GC(149)   Pre Evacuate Collection Set: 0.3ms
[95.118s][info][gc,phases      ] GC(149)   Merge Heap Roots: 0.2ms
[95.118s][info][gc,phases      ] GC(149)   Evacuate Collection Set: 1.6ms
[95.118s][info][gc,phases      ] GC(149)   Post Evacuate Collection Set: 0.6ms
[95.118s][info][gc,phases      ] GC(149)   Other: 0.1ms
[95.118s][info][gc,heap        ] GC(149) Eden regions: 321->0(443)
[95.118s][info][gc,heap        ] GC(149) Survivor regions: 1->1(41)
[95.118s][info][gc,heap        ] GC(149) Old regions: 278->156
[95.118s][info][gc,heap        ] GC(149) Archive regions: 0->0
[95.118s][info][gc,heap        ] GC(149) Humongous regions: 1344->1344
[95.118s][info][gc,metaspace   ] GC(149) Metaspace: 120111K(124032K)->120111K(124032K) NonClass: 101880K(103616K)->101880K(103616K) Class: 18231K(20416K)->18231K(20416K)
[95.118s][info][gc             ] GC(149) Pause Young (Mixed) (G1 Evacuation Pause) 1941M->1497M(2048M) 3.092ms
[95.118s][info][gc,cpu         ] GC(149) User=0.00s Sys=0.00s Real=0.00s
[95.161s][info][gc,start       ] GC(150) Pause Young (Concurrent Start) (G1 Evacuation Pause)
[95.161s][info][gc,task        ] GC(150) Using 33 workers of 33 for evacuation
[95.164s][info][gc,phases      ] GC(150)   Pre Evacuate Collection Set: 0.6ms
[95.164s][info][gc,phases      ] GC(150)   Merge Heap Roots: 0.2ms
[95.164s][info][gc,phases      ] GC(150)   Evacuate Collection Set: 1.5ms
[95.164s][info][gc,phases      ] GC(150)   Post Evacuate Collection Set: 0.7ms
[95.164s][info][gc,phases      ] GC(150)   Other: 0.0ms
[95.164s][info][gc,heap        ] GC(150) Eden regions: 443->0(443)
[95.164s][info][gc,heap        ] GC(150) Survivor regions: 1->1(56)
[95.164s][info][gc,heap        ] GC(150) Old regions: 156->156
[95.164s][info][gc,heap        ] GC(150) Archive regions: 0->0
[95.164s][info][gc,heap        ] GC(150) Humongous regions: 1344->1344
[95.164s][info][gc,metaspace   ] GC(150) Metaspace: 120111K(124032K)->120111K(124032K) NonClass: 101880K(103616K)->101880K(103616K) Class: 18231K(20416K)->18231K(20416K)
[95.164s][info][gc             ] GC(150) Pause Young (Concurrent Start) (G1 Evacuation Pause) 1940M->1497M(2048M) 3.275ms
[95.164s][info][gc             ] GC(151) Concurrent Mark Cycle
[95.164s][info][gc,cpu         ] GC(150) User=0.67s Sys=0.00s Real=0.02s
[95.164s][info][gc,marking     ] GC(151) Concurrent Scan Root Regions
[95.179s][info][gc,marking     ] GC(151) Concurrent Scan Root Regions 14.816ms
[95.179s][info][gc,marking     ] GC(151) Concurrent Mark
[95.179s][info][gc,marking     ] GC(151) Concurrent Mark From Roots
[95.179s][info][gc,task        ] GC(151) Using 8 workers of 8 for marking
[95.210s][info][gc,start       ] GC(152) Pause Young (Normal) (G1 Evacuation Pause)
[95.210s][info][gc,task        ] GC(152) Using 33 workers of 33 for evacuation
[95.212s][info][gc,phases      ] GC(152)   Pre Evacuate Collection Set: 0.3ms
[95.212s][info][gc,phases      ] GC(152)   Merge Heap Roots: 0.2ms
[95.212s][info][gc,phases      ] GC(152)   Evacuate Collection Set: 0.5ms
[95.212s][info][gc,phases      ] GC(152)   Post Evacuate Collection Set: 0.6ms
[95.212s][info][gc,phases      ] GC(152)   Other: 0.1ms
[95.212s][info][gc,heap        ] GC(152) Eden regions: 443->0(443)
[95.212s][info][gc,heap        ] GC(152) Survivor regions: 1->1(56)
[95.212s][info][gc,heap        ] GC(152) Old regions: 156->156
[95.212s][info][gc,heap        ] GC(152) Archive regions: 0->0
[95.212s][info][gc,heap        ] GC(152) Humongous regions: 1344->1344
[95.212s][info][gc,metaspace   ] GC(152) Metaspace: 120111K(124032K)->120111K(124032K) NonClass: 101880K(103616K)->101880K(103616K) Class: 18231K(20416K)->18231K(20416K)
[95.212s][info][gc             ] GC(152) Pause Young (Normal) (G1 Evacuation Pause) 1940M->1497M(2048M) 1.984ms
[95.212s][info][gc,cpu         ] GC(152) User=0.00s Sys=0.00s Real=0.00s
[95.228s][info][gc,marking     ] GC(151) Concurrent Mark From Roots 48.330ms
[95.228s][info][gc,marking     ] GC(151) Concurrent Preclean
[95.231s][info][gc,marking     ] GC(151) Concurrent Preclean 2.855ms
[95.231s][info][gc,start       ] GC(151) Pause Remark
[95.235s][info][gc             ] GC(151) Pause Remark 1686M->1686M(2048M) 3.863ms
[95.235s][info][gc,cpu         ] GC(151) User=0.00s Sys=0.00s Real=0.00s
[95.235s][info][gc,marking     ] GC(151) Concurrent Mark 55.947ms
[95.235s][info][gc,marking     ] GC(151) Concurrent Rebuild Remembered Sets and Scrub Regions
[95.254s][info][gc,marking     ] GC(151) Concurrent Rebuild Remembered Sets and Scrub Regions 18.772ms
[95.255s][info][gc,start       ] GC(151) Pause Cleanup
[95.255s][info][gc             ] GC(151) Pause Cleanup 1864M->1864M(2048M) 0.697ms
[95.256s][info][gc,cpu         ] GC(151) User=0.53s Sys=0.06s Real=0.02s
[95.256s][info][gc,marking     ] GC(151) Concurrent Clear Claimed Marks
[95.256s][info][gc,marking     ] GC(151) Concurrent Clear Claimed Marks 0.565ms
[95.256s][info][gc,marking     ] GC(151) Concurrent Cleanup for Next Mark
[95.262s][info][gc,marking     ] GC(151) Concurrent Cleanup for Next Mark 5.266ms
[95.262s][info][gc             ] GC(151) Concurrent Mark Cycle 97.526ms
[95.265s][info][gc,start       ] GC(153) Pause Young (Prepare Mixed) (G1 Evacuation Pause)
[95.265s][info][gc,task        ] GC(153) Using 33 workers of 33 for evacuation
[95.267s][info][gc,phases      ] GC(153)   Pre Evacuate Collection Set: 0.3ms
[95.267s][info][gc,phases      ] GC(153)   Merge Heap Roots: 1.0ms
[95.267s][info][gc,phases      ] GC(153)   Evacuate Collection Set: 0.5ms
[95.267s][info][gc,phases      ] GC(153)   Post Evacuate Collection Set: 0.7ms
[95.267s][info][gc,phases      ] GC(153)   Other: 0.1ms
[95.267s][info][gc,heap        ] GC(153) Eden regions: 443->0(443)
[95.267s][info][gc,heap        ] GC(153) Survivor regions: 1->1(56)
[95.267s][info][gc,heap        ] GC(153) Old regions: 156->156
[95.268s][info][gc,heap        ] GC(153) Archive regions: 0->0
[95.268s][info][gc,heap        ] GC(153) Humongous regions: 1344->1344
[95.268s][info][gc,metaspace   ] GC(153) Metaspace: 120111K(124032K)->120111K(124032K) NonClass: 101880K(103616K)->101880K(103616K) Class: 18231K(20416K)->18231K(20416K)
[95.268s][info][gc             ] GC(153) Pause Young (Prepare Mixed) (G1 Evacuation Pause) 1940M->1497M(2048M) 2.848ms
[95.268s][info][gc,cpu         ] GC(153) User=0.00s Sys=0.00s Real=0.00s
[95.313s][info][gc,start       ] GC(154) Pause Young (Mixed) (G1 Evacuation Pause)
[95.314s][info][gc,task        ] GC(154) Using 33 workers of 33 for evacuation
[95.316s][info][gc,phases      ] GC(154)   Pre Evacuate Collection Set: 0.3ms
[95.316s][info][gc,phases      ] GC(154)   Merge Heap Roots: 0.2ms
[95.316s][info][gc,phases      ] GC(154)   Evacuate Collection Set: 1.4ms
[95.316s][info][gc,phases      ] GC(154)   Post Evacuate Collection Set: 0.6ms
[95.316s][info][gc,phases      ] GC(154)   Other: 0.1ms
[95.316s][info][gc,heap        ] GC(154) Eden regions: 443->0(459)
[95.316s][info][gc,heap        ] GC(154) Survivor regions: 1->1(56)
[95.316s][info][gc,heap        ] GC(154) Old regions: 156->140
[95.316s][info][gc,heap        ] GC(154) Archive regions: 0->0
[95.316s][info][gc,heap        ] GC(154) Humongous regions: 1344->1344
[95.316s][info][gc,metaspace   ] GC(154) Metaspace: 120111K(124032K)->120111K(124032K) NonClass: 101880K(103616K)->101880K(103616K) Class: 18231K(20416K)->18231K(20416K)
[95.316s][info][gc             ] GC(154) Pause Young (Mixed) (G1 Evacuation Pause) 1940M->1481M(2048M) 2.893ms
[95.316s][info][gc,cpu         ] GC(154) User=0.00s Sys=0.00s Real=0.00s
[95.358s][info][gc,start       ] GC(155) Pause Young (Concurrent Start) (G1 Evacuation Pause)
[95.358s][info][gc,task        ] GC(155) Using 33 workers of 33 for evacuation
[95.361s][info][gc,phases      ] GC(155)   Pre Evacuate Collection Set: 0.5ms
[95.361s][info][gc,phases      ] GC(155)   Merge Heap Roots: 0.2ms
[95.361s][info][gc,phases      ] GC(155)   Evacuate Collection Set: 1.6ms
[95.361s][info][gc,phases      ] GC(155)   Post Evacuate Collection Set: 0.6ms
[95.361s][info][gc,phases      ] GC(155)   Other: 0.0ms
[95.361s][info][gc,heap        ] GC(155) Eden regions: 459->0(459)
[95.361s][info][gc,heap        ] GC(155) Survivor regions: 1->1(58)
[95.361s][info][gc,heap        ] GC(155) Old regions: 140->140
[95.361s][info][gc,heap        ] GC(155) Archive regions: 0->0
[95.361s][info][gc,heap        ] GC(155) Humongous regions: 1344->1344
[95.361s][info][gc,metaspace   ] GC(155) Metaspace: 120111K(124032K)->120111K(124032K) NonClass: 101880K(103616K)->101880K(103616K) Class: 18231K(20416K)->18231K(20416K)
[95.361s][info][gc             ] GC(155) Pause Young (Concurrent Start) (G1 Evacuation Pause) 1940M->1481M(2048M) 3.229ms
[95.361s][info][gc             ] GC(156) Concurrent Mark Cycle
[95.361s][info][gc,cpu         ] GC(155) User=0.00s Sys=0.00s Real=0.00s
[95.361s][info][gc,marking     ] GC(156) Concurrent Scan Root Regions
[95.376s][info][gc,marking     ] GC(156) Concurrent Scan Root Regions 14.583ms
[95.376s][info][gc,marking     ] GC(156) Concurrent Mark
[95.376s][info][gc,marking     ] GC(156) Concurrent Mark From Roots
[95.376s][info][gc,task        ] GC(156) Using 8 workers of 8 for marking
[95.404s][info][gc,start       ] GC(157) Pause Young (Normal) (G1 Evacuation Pause)
[95.404s][info][gc,task        ] GC(157) Using 33 workers of 33 for evacuation
[95.406s][info][gc,phases      ] GC(157)   Pre Evacuate Collection Set: 0.3ms
[95.406s][info][gc,phases      ] GC(157)   Merge Heap Roots: 0.2ms
[95.406s][info][gc,phases      ] GC(157)   Evacuate Collection Set: 0.6ms
[95.406s][info][gc,phases      ] GC(157)   Post Evacuate Collection Set: 0.6ms
[95.406s][info][gc,phases      ] GC(157)   Other: 0.1ms
[95.406s][info][gc,heap        ] GC(157) Eden regions: 459->0(459)
[95.406s][info][gc,heap        ] GC(157) Survivor regions: 1->1(58)
[95.406s][info][gc,heap        ] GC(157) Old regions: 140->140
[95.406s][info][gc,heap        ] GC(157) Archive regions: 0->0
[95.406s][info][gc,heap        ] GC(157) Humongous regions: 1344->1344
[95.406s][info][gc,metaspace   ] GC(157) Metaspace: 120111K(124032K)->120111K(124032K) NonClass: 101880K(103616K)->101880K(103616K) Class: 18231K(20416K)->18231K(20416K)
[95.406s][info][gc             ] GC(157) Pause Young (Normal) (G1 Evacuation Pause) 1940M->1481M(2048M) 2.050ms
[95.406s][info][gc,cpu         ] GC(157) User=0.00s Sys=0.00s Real=0.00s
[95.420s][info][gc,marking     ] GC(156) Concurrent Mark From Roots 43.860ms
[95.420s][info][gc,marking     ] GC(156) Concurrent Preclean
[95.423s][info][gc,marking     ] GC(156) Concurrent Preclean 2.943ms
[95.424s][info][gc,start       ] GC(156) Pause Remark
[95.426s][info][gc             ] GC(156) Pause Remark 1674M->1674M(2048M) 2.163ms
[95.426s][info][gc,cpu         ] GC(156) User=0.00s Sys=0.00s Real=0.00s
[95.426s][info][gc,marking     ] GC(156) Concurrent Mark 49.898ms
[95.426s][info][gc,marking     ] GC(156) Concurrent Rebuild Remembered Sets and Scrub Regions
[95.444s][info][gc,marking     ] GC(156) Concurrent Rebuild Remembered Sets and Scrub Regions 17.530ms
[95.444s][info][gc,start       ] GC(156) Pause Cleanup
[95.445s][info][gc             ] GC(156) Pause Cleanup 1885M->1885M(2048M) 0.544ms
[95.445s][info][gc,cpu         ] GC(156) User=0.00s Sys=0.00s Real=0.00s
[95.445s][info][gc,marking     ] GC(156) Concurrent Clear Claimed Marks
[95.446s][info][gc,marking     ] GC(156) Concurrent Clear Claimed Marks 0.794ms
[95.446s][info][gc,marking     ] GC(156) Concurrent Cleanup for Next Mark
[95.451s][info][gc,start       ] GC(158) Pause Young (Prepare Mixed) (G1 Evacuation Pause)
[95.451s][info][gc,task        ] GC(158) Using 33 workers of 33 for evacuation
[95.453s][info][gc,phases      ] GC(158)   Pre Evacuate Collection Set: 0.3ms
[95.453s][info][gc,phases      ] GC(158)   Merge Heap Roots: 1.0ms
[95.453s][info][gc,phases      ] GC(158)   Evacuate Collection Set: 0.5ms
[95.453s][info][gc,phases      ] GC(158)   Post Evacuate Collection Set: 0.6ms
[95.453s][info][gc,phases      ] GC(158)   Other: 0.1ms
[95.453s][info][gc,heap        ] GC(158) Eden regions: 459->0(459)
[95.453s][info][gc,heap        ] GC(158) Survivor regions: 1->1(58)
[95.453s][info][gc,heap        ] GC(158) Old regions: 140->140
[95.453s][info][gc,heap        ] GC(158) Archive regions: 0->0
[95.453s][info][gc,heap        ] GC(158) Humongous regions: 1344->1344
[95.453s][info][gc,metaspace   ] GC(158) Metaspace: 120111K(124032K)->120111K(124032K) NonClass: 101880K(103616K)->101880K(103616K) Class: 18231K(20416K)->18231K(20416K)
[95.453s][info][gc             ] GC(158) Pause Young (Prepare Mixed) (G1 Evacuation Pause) 1940M->1481M(2048M) 2.706ms
[95.453s][info][gc,cpu         ] GC(158) User=0.00s Sys=0.00s Real=0.00s
[95.455s][info][gc,marking     ] GC(156) Concurrent Cleanup for Next Mark 9.532ms
[95.455s][info][gc             ] GC(156) Concurrent Mark Cycle 94.281ms
[95.491s][info][gc,start       ] GC(159) Pause Young (Mixed) (G1 Evacuation Pause)
[95.491s][info][gc,task        ] GC(159) Using 33 workers of 33 for evacuation
[95.493s][info][gc,phases      ] GC(159)   Pre Evacuate Collection Set: 0.3ms
[95.493s][info][gc,phases      ] GC(159)   Merge Heap Roots: 0.2ms
[95.493s][info][gc,phases      ] GC(159)   Evacuate Collection Set: 1.2ms
[95.493s][info][gc,phases      ] GC(159)   Post Evacuate Collection Set: 0.6ms
[95.493s][info][gc,phases      ] GC(159)   Other: 0.1ms
[95.493s][info][gc,heap        ] GC(159) Eden regions: 459->0(473)
[95.493s][info][gc,heap        ] GC(159) Survivor regions: 1->1(58)
[95.494s][info][gc,heap        ] GC(159) Old regions: 140->126
[95.494s][info][gc,heap        ] GC(159) Archive regions: 0->0
[95.494s][info][gc,heap        ] GC(159) Humongous regions: 1344->1344
[95.494s][info][gc,metaspace   ] GC(159) Metaspace: 120111K(124032K)->120111K(124032K) NonClass: 101880K(103616K)->101880K(103616K) Class: 18231K(20416K)->18231K(20416K)
[95.494s][info][gc             ] GC(159) Pause Young (Mixed) (G1 Evacuation Pause) 1940M->1468M(2048M) 2.659ms
[95.494s][info][gc,cpu         ] GC(159) User=0.00s Sys=0.00s Real=0.00s
[95.531s][info][gc,start       ] GC(160) Pause Young (Concurrent Start) (G1 Evacuation Pause)
[95.532s][info][gc,task        ] GC(160) Using 33 workers of 33 for evacuation
[95.534s][info][gc,phases      ] GC(160)   Pre Evacuate Collection Set: 0.5ms
[95.534s][info][gc,phases      ] GC(160)   Merge Heap Roots: 0.2ms
[95.534s][info][gc,phases      ] GC(160)   Evacuate Collection Set: 1.2ms
[95.534s][info][gc,phases      ] GC(160)   Post Evacuate Collection Set: 0.6ms
[95.534s][info][gc,phases      ] GC(160)   Other: 0.1ms
[95.534s][info][gc,heap        ] GC(160) Eden regions: 473->0(473)
[95.534s][info][gc,heap        ] GC(160) Survivor regions: 1->1(60)
[95.534s][info][gc,heap        ] GC(160) Old regions: 126->126
[95.534s][info][gc,heap        ] GC(160) Archive regions: 0->0
[95.534s][info][gc,heap        ] GC(160) Humongous regions: 1344->1344
[95.534s][info][gc,metaspace   ] GC(160) Metaspace: 120112K(124032K)->120112K(124032K) NonClass: 101881K(103616K)->101881K(103616K) Class: 18231K(20416K)->18231K(20416K)
[95.534s][info][gc             ] GC(160) Pause Young (Concurrent Start) (G1 Evacuation Pause) 1941M->1468M(2048M) 2.848ms
[95.534s][info][gc             ] GC(161) Concurrent Mark Cycle
[95.534s][info][gc,cpu         ] GC(160) User=0.00s Sys=0.00s Real=0.00s
[95.534s][info][gc,marking     ] GC(161) Concurrent Scan Root Regions
[95.550s][info][gc,marking     ] GC(161) Concurrent Scan Root Regions 15.273ms
[95.550s][info][gc,marking     ] GC(161) Concurrent Mark
[95.550s][info][gc,marking     ] GC(161) Concurrent Mark From Roots
[95.550s][info][gc,task        ] GC(161) Using 8 workers of 8 for marking
[95.574s][info][gc,start       ] GC(162) Pause Young (Normal) (G1 Evacuation Pause)
[95.574s][info][gc,task        ] GC(162) Using 33 workers of 33 for evacuation
[95.575s][info][gc,phases      ] GC(162)   Pre Evacuate Collection Set: 0.3ms
[95.576s][info][gc,phases      ] GC(162)   Merge Heap Roots: 0.2ms
[95.576s][info][gc,phases      ] GC(162)   Evacuate Collection Set: 0.6ms
[95.576s][info][gc,phases      ] GC(162)   Post Evacuate Collection Set: 0.6ms
[95.576s][info][gc,phases      ] GC(162)   Other: 0.1ms
[95.576s][info][gc,heap        ] GC(162) Eden regions: 473->0(473)
[95.576s][info][gc,heap        ] GC(162) Survivor regions: 1->1(60)
[95.576s][info][gc,heap        ] GC(162) Old regions: 126->126
[95.576s][info][gc,heap        ] GC(162) Archive regions: 0->0
[95.576s][info][gc,heap        ] GC(162) Humongous regions: 1344->1344
[95.576s][info][gc,metaspace   ] GC(162) Metaspace: 120112K(124032K)->120112K(124032K) NonClass: 101881K(103616K)->101881K(103616K) Class: 18231K(20416K)->18231K(20416K)
[95.576s][info][gc             ] GC(162) Pause Young (Normal) (G1 Evacuation Pause) 1941M->1468M(2048M) 2.088ms
[95.576s][info][gc,cpu         ] GC(162) User=0.00s Sys=0.00s Real=0.00s
[95.603s][info][gc,marking     ] GC(161) Concurrent Mark From Roots 53.167ms
[95.603s][info][gc,marking     ] GC(161) Concurrent Preclean
[95.606s][info][gc,marking     ] GC(161) Concurrent Preclean 2.661ms
[95.606s][info][gc,start       ] GC(161) Pause Remark
[95.609s][info][gc             ] GC(161) Pause Remark 1850M->1850M(2048M) 2.299ms
[95.609s][info][gc,cpu         ] GC(161) User=0.00s Sys=0.00s Real=0.00s
[95.609s][info][gc,marking     ] GC(161) Concurrent Mark 59.074ms
[95.609s][info][gc,marking     ] GC(161) Concurrent Rebuild Remembered Sets and Scrub Regions
[95.617s][info][gc,start       ] GC(163) Pause Young (Normal) (G1 Evacuation Pause)
[95.617s][info][gc,task        ] GC(163) Using 33 workers of 33 for evacuation
[95.619s][info][gc,phases      ] GC(163)   Pre Evacuate Collection Set: 0.3ms
[95.619s][info][gc,phases      ] GC(163)   Merge Heap Roots: 0.7ms
[95.619s][info][gc,phases      ] GC(163)   Evacuate Collection Set: 0.5ms
[95.619s][info][gc,phases      ] GC(163)   Post Evacuate Collection Set: 0.6ms
[95.619s][info][gc,phases      ] GC(163)   Other: 0.1ms
[95.619s][info][gc,heap        ] GC(163) Eden regions: 473->0(473)
[95.619s][info][gc,heap        ] GC(163) Survivor regions: 1->1(60)
[95.619s][info][gc,heap        ] GC(163) Old regions: 126->126
[95.619s][info][gc,heap        ] GC(163) Archive regions: 0->0
[95.619s][info][gc,heap        ] GC(163) Humongous regions: 1344->1344
[95.619s][info][gc,metaspace   ] GC(163) Metaspace: 120112K(124032K)->120112K(124032K) NonClass: 101881K(103616K)->101881K(103616K) Class: 18231K(20416K)->18231K(20416K)
[95.619s][info][gc             ] GC(163) Pause Young (Normal) (G1 Evacuation Pause) 1941M->1468M(2048M) 2.375ms
[95.619s][info][gc,cpu         ] GC(163) User=0.00s Sys=0.00s Real=0.00s
[95.630s][info][gc,marking     ] GC(161) Concurrent Rebuild Remembered Sets and Scrub Regions 20.908ms
[95.631s][info][gc,start       ] GC(161) Pause Cleanup
[95.631s][info][gc             ] GC(161) Pause Cleanup 1597M->1597M(2048M) 0.555ms
[95.631s][info][gc,cpu         ] GC(161) User=0.00s Sys=0.00s Real=0.00s
[95.631s][info][gc,marking     ] GC(161) Concurrent Clear Claimed Marks
[95.632s][info][gc,marking     ] GC(161) Concurrent Clear Claimed Marks 0.792ms
[95.632s][info][gc,marking     ] GC(161) Concurrent Cleanup for Next Mark
[95.639s][info][gc,marking     ] GC(161) Concurrent Cleanup for Next Mark 6.599ms
[95.639s][info][gc             ] GC(161) Concurrent Mark Cycle 104.794ms
[95.659s][info][gc,start       ] GC(164) Pause Young (Prepare Mixed) (G1 Evacuation Pause)
[95.660s][info][gc,task        ] GC(164) Using 33 workers of 33 for evacuation
[95.662s][info][gc,phases      ] GC(164)   Pre Evacuate Collection Set: 0.3ms
[95.662s][info][gc,phases      ] GC(164)   Merge Heap Roots: 0.6ms
[95.662s][info][gc,phases      ] GC(164)   Evacuate Collection Set: 0.5ms
[95.662s][info][gc,phases      ] GC(164)   Post Evacuate Collection Set: 0.6ms
[95.662s][info][gc,phases      ] GC(164)   Other: 0.1ms
[95.662s][info][gc,heap        ] GC(164) Eden regions: 473->0(473)
[95.662s][info][gc,heap        ] GC(164) Survivor regions: 1->1(60)
[95.662s][info][gc,heap        ] GC(164) Old regions: 126->126
[95.662s][info][gc,heap        ] GC(164) Archive regions: 0->0
[95.662s][info][gc,heap        ] GC(164) Humongous regions: 1344->1344
[95.662s][info][gc,metaspace   ] GC(164) Metaspace: 120112K(124032K)->120112K(124032K) NonClass: 101881K(103616K)->101881K(103616K) Class: 18231K(20416K)->18231K(20416K)
[95.662s][info][gc             ] GC(164) Pause Young (Prepare Mixed) (G1 Evacuation Pause) 1941M->1468M(2048M) 2.318ms
[95.662s][info][gc,cpu         ] GC(164) User=0.08s Sys=0.00s Real=0.02s
[95.697s][info][gc,start       ] GC(165) Pause Young (Mixed) (G1 Evacuation Pause)
[95.697s][info][gc,task        ] GC(165) Using 33 workers of 33 for evacuation
[95.700s][info][gc,phases      ] GC(165)   Pre Evacuate Collection Set: 0.3ms
[95.700s][info][gc,phases      ] GC(165)   Merge Heap Roots: 0.2ms
[95.700s][info][gc,phases      ] GC(165)   Evacuate Collection Set: 1.1ms
[95.700s][info][gc,phases      ] GC(165)   Post Evacuate Collection Set: 0.6ms
[95.700s][info][gc,phases      ] GC(165)   Other: 0.1ms
[95.700s][info][gc,heap        ] GC(165) Eden regions: 473->0(484)
[95.700s][info][gc,heap        ] GC(165) Survivor regions: 1->1(60)
[95.700s][info][gc,heap        ] GC(165) Old regions: 126->115
[95.700s][info][gc,heap        ] GC(165) Archive regions: 0->0
[95.700s][info][gc,heap        ] GC(165) Humongous regions: 1344->1344
[95.700s][info][gc,metaspace   ] GC(165) Metaspace: 120112K(124032K)->120112K(124032K) NonClass: 101881K(103616K)->101881K(103616K) Class: 18231K(20416K)->18231K(20416K)
[95.700s][info][gc             ] GC(165) Pause Young (Mixed) (G1 Evacuation Pause) 1941M->1456M(2048M) 2.509ms
[95.700s][info][gc,cpu         ] GC(165) User=0.00s Sys=0.00s Real=0.00s
[95.736s][info][gc,start       ] GC(166) Pause Young (Concurrent Start) (G1 Evacuation Pause)
[95.736s][info][gc,task        ] GC(166) Using 33 workers of 33 for evacuation
[95.739s][info][gc,phases      ] GC(166)   Pre Evacuate Collection Set: 0.4ms
[95.739s][info][gc,phases      ] GC(166)   Merge Heap Roots: 0.2ms
[95.739s][info][gc,phases      ] GC(166)   Evacuate Collection Set: 1.1ms
[95.739s][info][gc,phases      ] GC(166)   Post Evacuate Collection Set: 0.6ms
[95.739s][info][gc,phases      ] GC(166)   Other: 0.1ms
[95.739s][info][gc,heap        ] GC(166) Eden regions: 484->0(484)
[95.739s][info][gc,heap        ] GC(166) Survivor regions: 1->1(61)
[95.739s][info][gc,heap        ] GC(166) Old regions: 115->115
[95.739s][info][gc,heap        ] GC(166) Archive regions: 0->0
[95.739s][info][gc,heap        ] GC(166) Humongous regions: 1344->1344
[95.739s][info][gc,metaspace   ] GC(166) Metaspace: 120112K(124032K)->120112K(124032K) NonClass: 101881K(103616K)->101881K(103616K) Class: 18231K(20416K)->18231K(20416K)
[95.739s][info][gc             ] GC(166) Pause Young (Concurrent Start) (G1 Evacuation Pause) 1940M->1456M(2048M) 2.726ms
[95.739s][info][gc             ] GC(167) Concurrent Mark Cycle
[95.739s][info][gc,cpu         ] GC(166) User=0.00s Sys=0.00s Real=0.00s
[95.739s][info][gc,marking     ] GC(167) Concurrent Scan Root Regions
[95.756s][info][gc,marking     ] GC(167) Concurrent Scan Root Regions 16.716ms
[95.756s][info][gc,marking     ] GC(167) Concurrent Mark
[95.756s][info][gc,marking     ] GC(167) Concurrent Mark From Roots
[95.756s][info][gc,task        ] GC(167) Using 8 workers of 8 for marking
[95.777s][info][gc,start       ] GC(168) Pause Young (Normal) (G1 Evacuation Pause)
[95.777s][info][gc,task        ] GC(168) Using 33 workers of 33 for evacuation
[95.779s][info][gc,phases      ] GC(168)   Pre Evacuate Collection Set: 0.3ms
[95.779s][info][gc,phases      ] GC(168)   Merge Heap Roots: 0.2ms
[95.779s][info][gc,phases      ] GC(168)   Evacuate Collection Set: 0.5ms
[95.779s][info][gc,phases      ] GC(168)   Post Evacuate Collection Set: 0.6ms
[95.779s][info][gc,phases      ] GC(168)   Other: 0.1ms
[95.779s][info][gc,heap        ] GC(168) Eden regions: 484->0(484)
[95.779s][info][gc,heap        ] GC(168) Survivor regions: 1->1(61)
[95.779s][info][gc,heap        ] GC(168) Old regions: 115->115
[95.779s][info][gc,heap        ] GC(168) Archive regions: 0->0
[95.779s][info][gc,heap        ] GC(168) Humongous regions: 1344->1344
[95.779s][info][gc,metaspace   ] GC(168) Metaspace: 120112K(124032K)->120112K(124032K) NonClass: 101881K(103616K)->101881K(103616K) Class: 18231K(20416K)->18231K(20416K)
[95.779s][info][gc             ] GC(168) Pause Young (Normal) (G1 Evacuation Pause) 1940M->1456M(2048M) 1.852ms
[95.779s][info][gc,cpu         ] GC(168) User=0.00s Sys=0.00s Real=0.00s
[95.806s][info][gc,marking     ] GC(167) Concurrent Mark From Roots 49.744ms
[95.806s][info][gc,marking     ] GC(167) Concurrent Preclean
[95.810s][info][gc,marking     ] GC(167) Concurrent Preclean 3.292ms
[95.810s][info][gc,start       ] GC(167) Pause Remark
[95.812s][info][gc             ] GC(167) Pause Remark 1859M->1859M(2048M) 1.912ms
[95.812s][info][gc,cpu         ] GC(167) User=0.00s Sys=0.00s Real=0.00s
[95.812s][info][gc,marking     ] GC(167) Concurrent Mark 56.135ms
[95.812s][info][gc,marking     ] GC(167) Concurrent Rebuild Remembered Sets and Scrub Regions
[95.819s][info][gc,start       ] GC(169) Pause Young (Normal) (G1 Evacuation Pause)
[95.819s][info][gc,task        ] GC(169) Using 33 workers of 33 for evacuation
[95.821s][info][gc,phases      ] GC(169)   Pre Evacuate Collection Set: 0.2ms
[95.821s][info][gc,phases      ] GC(169)   Merge Heap Roots: 0.5ms
[95.821s][info][gc,phases      ] GC(169)   Evacuate Collection Set: 0.4ms
[95.821s][info][gc,phases      ] GC(169)   Post Evacuate Collection Set: 0.5ms
[95.821s][info][gc,phases      ] GC(169)   Other: 0.1ms
[95.821s][info][gc,heap        ] GC(169) Eden regions: 484->0(484)
[95.821s][info][gc,heap        ] GC(169) Survivor regions: 1->1(61)
[95.821s][info][gc,heap        ] GC(169) Old regions: 115->115
[95.821s][info][gc,heap        ] GC(169) Archive regions: 0->0
[95.821s][info][gc,heap        ] GC(169) Humongous regions: 1344->1344
[95.821s][info][gc,metaspace   ] GC(169) Metaspace: 120112K(124032K)->120112K(124032K) NonClass: 101881K(103616K)->101881K(103616K) Class: 18231K(20416K)->18231K(20416K)
[95.821s][info][gc             ] GC(169) Pause Young (Normal) (G1 Evacuation Pause) 1940M->1456M(2048M) 2.022ms
[95.821s][info][gc,cpu         ] GC(169) User=0.00s Sys=0.00s Real=0.00s
[95.838s][info][gc,marking     ] GC(167) Concurrent Rebuild Remembered Sets and Scrub Regions 25.258ms
[95.838s][info][gc,start       ] GC(167) Pause Cleanup
[95.839s][info][gc             ] GC(167) Pause Cleanup 1689M->1689M(2048M) 0.454ms
[95.839s][info][gc,cpu         ] GC(167) User=0.00s Sys=0.00s Real=0.00s
[95.839s][info][gc,marking     ] GC(167) Concurrent Clear Claimed Marks
[95.840s][info][gc,marking     ] GC(167) Concurrent Clear Claimed Marks 0.792ms
[95.840s][info][gc,marking     ] GC(167) Concurrent Cleanup for Next Mark
[95.849s][info][gc,marking     ] GC(167) Concurrent Cleanup for Next Mark 8.717ms
[95.849s][info][gc             ] GC(167) Concurrent Mark Cycle 109.861ms
[95.860s][info][gc,start       ] GC(170) Pause Young (Prepare Mixed) (G1 Evacuation Pause)
[95.860s][info][gc,task        ] GC(170) Using 33 workers of 33 for evacuation
[95.862s][info][gc,phases      ] GC(170)   Pre Evacuate Collection Set: 0.2ms
[95.862s][info][gc,phases      ] GC(170)   Merge Heap Roots: 0.6ms
[95.862s][info][gc,phases      ] GC(170)   Evacuate Collection Set: 0.5ms
[95.862s][info][gc,phases      ] GC(170)   Post Evacuate Collection Set: 0.6ms
[95.862s][info][gc,phases      ] GC(170)   Other: 0.1ms
[95.862s][info][gc,heap        ] GC(170) Eden regions: 484->0(484)
[95.862s][info][gc,heap        ] GC(170) Survivor regions: 1->1(61)
[95.862s][info][gc,heap        ] GC(170) Old regions: 115->115
[95.862s][info][gc,heap        ] GC(170) Archive regions: 0->0
[95.862s][info][gc,heap        ] GC(170) Humongous regions: 1344->1344
[95.862s][info][gc,metaspace   ] GC(170) Metaspace: 120112K(124032K)->120112K(124032K) NonClass: 101881K(103616K)->101881K(103616K) Class: 18231K(20416K)->18231K(20416K)
[95.862s][info][gc             ] GC(170) Pause Young (Prepare Mixed) (G1 Evacuation Pause) 1940M->1456M(2048M) 2.161ms
[95.862s][info][gc,cpu         ] GC(170) User=0.00s Sys=0.00s Real=0.00s
[95.897s][info][gc,start       ] GC(171) Pause Young (Mixed) (G1 Evacuation Pause)
[95.897s][info][gc,task        ] GC(171) Using 33 workers of 33 for evacuation
[95.899s][info][gc,phases      ] GC(171)   Pre Evacuate Collection Set: 0.2ms
[95.899s][info][gc,phases      ] GC(171)   Merge Heap Roots: 0.2ms
[95.899s][info][gc,phases      ] GC(171)   Evacuate Collection Set: 1.1ms
[95.899s][info][gc,phases      ] GC(171)   Post Evacuate Collection Set: 0.6ms
[95.899s][info][gc,phases      ] GC(171)   Other: 0.1ms
[95.899s][info][gc,heap        ] GC(171) Eden regions: 484->0(494)
[95.899s][info][gc,heap        ] GC(171) Survivor regions: 1->1(61)
[95.899s][info][gc,heap        ] GC(171) Old regions: 115->105
[95.899s][info][gc,heap        ] GC(171) Archive regions: 0->0
[95.899s][info][gc,heap        ] GC(171) Humongous regions: 1344->1344
[95.899s][info][gc,metaspace   ] GC(171) Metaspace: 120112K(124032K)->120112K(124032K) NonClass: 101881K(103616K)->101881K(103616K) Class: 18231K(20416K)->18231K(20416K)
[95.899s][info][gc             ] GC(171) Pause Young (Mixed) (G1 Evacuation Pause) 1940M->1446M(2048M) 2.451ms
[95.899s][info][gc,cpu         ] GC(171) User=0.00s Sys=0.00s Real=0.00s
[95.935s][info][gc,start       ] GC(172) Pause Young (Concurrent Start) (G1 Evacuation Pause)
[95.935s][info][gc,task        ] GC(172) Using 33 workers of 33 for evacuation
[95.938s][info][gc,phases      ] GC(172)   Pre Evacuate Collection Set: 0.4ms
[95.938s][info][gc,phases      ] GC(172)   Merge Heap Roots: 0.2ms
[95.938s][info][gc,phases      ] GC(172)   Evacuate Collection Set: 1.2ms
[95.938s][info][gc,phases      ] GC(172)   Post Evacuate Collection Set: 0.6ms
[95.938s][info][gc,phases      ] GC(172)   Other: 0.1ms
[95.938s][info][gc,heap        ] GC(172) Eden regions: 494->0(494)
[95.938s][info][gc,heap        ] GC(172) Survivor regions: 1->1(62)
[95.938s][info][gc,heap        ] GC(172) Old regions: 105->105
[95.938s][info][gc,heap        ] GC(172) Archive regions: 0->0
[95.938s][info][gc,heap        ] GC(172) Humongous regions: 1344->1344
[95.938s][info][gc,metaspace   ] GC(172) Metaspace: 120112K(124032K)->120112K(124032K) NonClass: 101881K(103616K)->101881K(103616K) Class: 18231K(20416K)->18231K(20416K)
[95.938s][info][gc             ] GC(172) Pause Young (Concurrent Start) (G1 Evacuation Pause) 1940M->1446M(2048M) 2.654ms
[95.938s][info][gc             ] GC(173) Concurrent Mark Cycle
[95.938s][info][gc,cpu         ] GC(172) User=0.00s Sys=0.00s Real=0.00s
[95.938s][info][gc,marking     ] GC(173) Concurrent Scan Root Regions
[95.956s][info][gc,marking     ] GC(173) Concurrent Scan Root Regions 17.742ms
[95.956s][info][gc,marking     ] GC(173) Concurrent Mark
[95.956s][info][gc,marking     ] GC(173) Concurrent Mark From Roots
[95.956s][info][gc,task        ] GC(173) Using 8 workers of 8 for marking
[95.975s][info][gc,start       ] GC(174) Pause Young (Normal) (G1 Evacuation Pause)
[95.975s][info][gc,task        ] GC(174) Using 33 workers of 33 for evacuation
[95.976s][info][gc,phases      ] GC(174)   Pre Evacuate Collection Set: 0.2ms
[95.976s][info][gc,phases      ] GC(174)   Merge Heap Roots: 0.2ms
[95.976s][info][gc,phases      ] GC(174)   Evacuate Collection Set: 0.4ms
[95.976s][info][gc,phases      ] GC(174)   Post Evacuate Collection Set: 0.6ms
[95.976s][info][gc,phases      ] GC(174)   Other: 0.1ms
[95.976s][info][gc,heap        ] GC(174) Eden regions: 494->0(494)
[95.976s][info][gc,heap        ] GC(174) Survivor regions: 1->1(62)
[95.976s][info][gc,heap        ] GC(174) Old regions: 105->105
[95.976s][info][gc,heap        ] GC(174) Archive regions: 0->0
[95.976s][info][gc,heap        ] GC(174) Humongous regions: 1344->1344
[95.976s][info][gc,metaspace   ] GC(174) Metaspace: 120112K(124032K)->120112K(124032K) NonClass: 101881K(103616K)->101881K(103616K) Class: 18231K(20416K)->18231K(20416K)
[95.977s][info][gc             ] GC(174) Pause Young (Normal) (G1 Evacuation Pause) 1940M->1446M(2048M) 1.726ms
[95.977s][info][gc,cpu         ] GC(174) User=0.00s Sys=0.00s Real=0.00s
[96.009s][info][gc,marking     ] GC(173) Concurrent Mark From Roots 53.186ms
[96.010s][info][gc,marking     ] GC(173) Concurrent Preclean
[96.013s][info][gc,start       ] GC(175) Pause Young (Normal) (G1 Evacuation Pause)
[96.013s][info][gc,task        ] GC(175) Using 33 workers of 33 for evacuation
[96.015s][info][gc,phases      ] GC(175)   Pre Evacuate Collection Set: 0.2ms
[96.015s][info][gc,phases      ] GC(175)   Merge Heap Roots: 0.2ms
[96.015s][info][gc,phases      ] GC(175)   Evacuate Collection Set: 0.4ms
[96.015s][info][gc,phases      ] GC(175)   Post Evacuate Collection Set: 0.6ms
[96.015s][info][gc,phases      ] GC(175)   Other: 0.1ms
[96.015s][info][gc,heap        ] GC(175) Eden regions: 494->0(494)
[96.015s][info][gc,heap        ] GC(175) Survivor regions: 1->1(62)
[96.015s][info][gc,heap        ] GC(175) Old regions: 105->105
[96.015s][info][gc,heap        ] GC(175) Archive regions: 0->0
[96.015s][info][gc,heap        ] GC(175) Humongous regions: 1344->1344
[96.015s][info][gc,metaspace   ] GC(175) Metaspace: 120112K(124032K)->120112K(124032K) NonClass: 101881K(103616K)->101881K(103616K) Class: 18231K(20416K)->18231K(20416K)
[96.015s][info][gc             ] GC(175) Pause Young (Normal) (G1 Evacuation Pause) 1940M->1446M(2048M) 1.735ms
[96.015s][info][gc,cpu         ] GC(175) User=0.00s Sys=0.00s Real=0.00s
[96.016s][info][gc,marking     ] GC(173) Concurrent Preclean 5.987ms
[96.016s][info][gc,start       ] GC(173) Pause Remark
[96.018s][info][gc             ] GC(173) Pause Remark 1471M->1471M(2048M) 1.807ms
[96.018s][info][gc,cpu         ] GC(173) User=0.00s Sys=0.00s Real=0.00s
[96.018s][info][gc,marking     ] GC(173) Concurrent Mark 62.225ms
[96.018s][info][gc,marking     ] GC(173) Concurrent Rebuild Remembered Sets and Scrub Regions
[96.038s][info][gc,marking     ] GC(173) Concurrent Rebuild Remembered Sets and Scrub Regions 19.838ms
[96.039s][info][gc,start       ] GC(173) Pause Cleanup
[96.039s][info][gc             ] GC(173) Pause Cleanup 1742M->1742M(2048M) 0.437ms
[96.039s][info][gc,cpu         ] GC(173) User=0.00s Sys=0.00s Real=0.00s
[96.039s][info][gc,marking     ] GC(173) Concurrent Clear Claimed Marks
[96.040s][info][gc,marking     ] GC(173) Concurrent Clear Claimed Marks 0.778ms
[96.040s][info][gc,marking     ] GC(173) Concurrent Cleanup for Next Mark
[96.049s][info][gc,marking     ] GC(173) Concurrent Cleanup for Next Mark 8.523ms
[96.049s][info][gc             ] GC(173) Concurrent Mark Cycle 111.357ms
[96.056s][info][gc,start       ] GC(176) Pause Young (Prepare Mixed) (G1 Evacuation Pause)
[96.056s][info][gc,task        ] GC(176) Using 33 workers of 33 for evacuation
[96.058s][info][gc,phases      ] GC(176)   Pre Evacuate Collection Set: 0.2ms
[96.058s][info][gc,phases      ] GC(176)   Merge Heap Roots: 0.8ms
[96.058s][info][gc,phases      ] GC(176)   Evacuate Collection Set: 0.4ms
[96.058s][info][gc,phases      ] GC(176)   Post Evacuate Collection Set: 0.6ms
[96.058s][info][gc,phases      ] GC(176)   Other: 0.1ms
[96.058s][info][gc,heap        ] GC(176) Eden regions: 494->0(494)
[96.058s][info][gc,heap        ] GC(176) Survivor regions: 1->1(62)
[96.058s][info][gc,heap        ] GC(176) Old regions: 105->105
[96.058s][info][gc,heap        ] GC(176) Archive regions: 0->0
[96.058s][info][gc,heap        ] GC(176) Humongous regions: 1344->1344
[96.058s][info][gc,metaspace   ] GC(176) Metaspace: 120118K(124032K)->120118K(124032K) NonClass: 101887K(103616K)->101887K(103616K) Class: 18231K(20416K)->18231K(20416K)
[96.058s][info][gc             ] GC(176) Pause Young (Prepare Mixed) (G1 Evacuation Pause) 1940M->1446M(2048M) 2.366ms
[96.058s][info][gc,cpu         ] GC(176) User=0.00s Sys=0.00s Real=0.00s
[96.093s][info][gc,start       ] GC(177) Pause Young (Mixed) (G1 Evacuation Pause)
[96.094s][info][gc,task        ] GC(177) Using 33 workers of 33 for evacuation
[96.098s][info][gc,phases      ] GC(177)   Pre Evacuate Collection Set: 0.3ms
[96.098s][info][gc,phases      ] GC(177)   Merge Heap Roots: 0.2ms
[96.098s][info][gc,phases      ] GC(177)   Evacuate Collection Set: 1.4ms
[96.098s][info][gc,phases      ] GC(177)   Post Evacuate Collection Set: 0.7ms
[96.098s][info][gc,phases      ] GC(177)   Other: 1.7ms
[96.098s][info][gc,heap        ] GC(177) Eden regions: 494->0(503)
[96.098s][info][gc,heap        ] GC(177) Survivor regions: 1->1(62)
[96.098s][info][gc,heap        ] GC(177) Old regions: 105->96
[96.098s][info][gc,heap        ] GC(177) Archive regions: 0->0
[96.098s][info][gc,heap        ] GC(177) Humongous regions: 1344->1344
[96.098s][info][gc,metaspace   ] GC(177) Metaspace: 120118K(124032K)->120118K(124032K) NonClass: 101887K(103616K)->101887K(103616K) Class: 18231K(20416K)->18231K(20416K)
[96.098s][info][gc             ] GC(177) Pause Young (Mixed) (G1 Evacuation Pause) 1940M->1438M(2048M) 4.549ms
[96.098s][info][gc,cpu         ] GC(177) User=0.00s Sys=0.00s Real=0.00s
[96.161s][info][gc,start       ] GC(178) Pause Young (Concurrent Start) (G1 Evacuation Pause)
[96.161s][info][gc,task        ] GC(178) Using 33 workers of 33 for evacuation
[96.165s][info][gc,phases      ] GC(178)   Pre Evacuate Collection Set: 0.5ms
[96.165s][info][gc,phases      ] GC(178)   Merge Heap Roots: 0.3ms
[96.165s][info][gc,phases      ] GC(178)   Evacuate Collection Set: 1.7ms
[96.165s][info][gc,phases      ] GC(178)   Post Evacuate Collection Set: 0.7ms
[96.165s][info][gc,phases      ] GC(178)   Other: 0.0ms
[96.165s][info][gc,heap        ] GC(178) Eden regions: 503->0(503)
[96.165s][info][gc,heap        ] GC(178) Survivor regions: 1->1(63)
[96.165s][info][gc,heap        ] GC(178) Old regions: 96->96
[96.165s][info][gc,heap        ] GC(178) Archive regions: 0->0
[96.165s][info][gc,heap        ] GC(178) Humongous regions: 1344->1344
[96.165s][info][gc,metaspace   ] GC(178) Metaspace: 120118K(124032K)->120118K(124032K) NonClass: 101887K(103616K)->101887K(103616K) Class: 18231K(20416K)->18231K(20416K)
[96.165s][info][gc             ] GC(178) Pause Young (Concurrent Start) (G1 Evacuation Pause) 1941M->1438M(2048M) 3.585ms
[96.165s][info][gc             ] GC(179) Concurrent Mark Cycle
[96.165s][info][gc,cpu         ] GC(178) User=0.00s Sys=0.00s Real=0.00s
[96.165s][info][gc,marking     ] GC(179) Concurrent Scan Root Regions
[96.174s][info][gc,marking     ] GC(179) Concurrent Scan Root Regions 8.977ms
[96.174s][info][gc,marking     ] GC(179) Concurrent Mark
[96.174s][info][gc,marking     ] GC(179) Concurrent Mark From Roots
[96.174s][info][gc,task        ] GC(179) Using 8 workers of 8 for marking
[96.203s][info][gc,start       ] GC(180) Pause Young (Normal) (G1 Evacuation Pause)
[96.203s][info][gc,task        ] GC(180) Using 33 workers of 33 for evacuation
[96.205s][info][gc,phases      ] GC(180)   Pre Evacuate Collection Set: 0.2ms
[96.205s][info][gc,phases      ] GC(180)   Merge Heap Roots: 0.2ms
[96.205s][info][gc,phases      ] GC(180)   Evacuate Collection Set: 0.7ms
[96.205s][info][gc,phases      ] GC(180)   Post Evacuate Collection Set: 0.6ms
[96.205s][info][gc,phases      ] GC(180)   Other: 0.1ms
[96.205s][info][gc,heap        ] GC(180) Eden regions: 503->0(503)
[96.205s][info][gc,heap        ] GC(180) Survivor regions: 1->1(63)
[96.205s][info][gc,heap        ] GC(180) Old regions: 96->96
[96.205s][info][gc,heap        ] GC(180) Archive regions: 0->0
[96.205s][info][gc,heap        ] GC(180) Humongous regions: 1344->1344
[96.205s][info][gc,metaspace   ] GC(180) Metaspace: 120154K(124032K)->120154K(124032K) NonClass: 101922K(103616K)->101922K(103616K) Class: 18232K(20416K)->18232K(20416K)
[96.205s][info][gc             ] GC(180) Pause Young (Normal) (G1 Evacuation Pause) 1941M->1438M(2048M) 2.075ms
[96.206s][info][gc,cpu         ] GC(180) User=0.00s Sys=0.00s Real=0.00s
[96.235s][info][gc,marking     ] GC(179) Concurrent Mark From Roots 60.512ms
[96.235s][info][gc,marking     ] GC(179) Concurrent Preclean
[96.238s][info][gc,marking     ] GC(179) Concurrent Preclean 3.160ms
[96.238s][info][gc,start       ] GC(179) Pause Remark
[96.240s][info][gc             ] GC(179) Pause Remark 1884M->1884M(2048M) 1.904ms
[96.240s][info][gc,cpu         ] GC(179) User=0.02s Sys=0.03s Real=0.00s
[96.240s][info][gc,marking     ] GC(179) Concurrent Mark 66.388ms
[96.240s][info][gc,marking     ] GC(179) Concurrent Rebuild Remembered Sets and Scrub Regions
[96.245s][info][gc,start       ] GC(181) Pause Young (Normal) (G1 Evacuation Pause)
[96.245s][info][gc,task        ] GC(181) Using 33 workers of 33 for evacuation
[96.248s][info][gc,phases      ] GC(181)   Pre Evacuate Collection Set: 0.2ms
[96.248s][info][gc,phases      ] GC(181)   Merge Heap Roots: 0.6ms
[96.248s][info][gc,phases      ] GC(181)   Evacuate Collection Set: 0.7ms
[96.248s][info][gc,phases      ] GC(181)   Post Evacuate Collection Set: 0.6ms
[96.248s][info][gc,phases      ] GC(181)   Other: 0.1ms
[96.248s][info][gc,heap        ] GC(181) Eden regions: 503->0(503)
[96.248s][info][gc,heap        ] GC(181) Survivor regions: 1->1(63)
[96.248s][info][gc,heap        ] GC(181) Old regions: 96->96
[96.248s][info][gc,heap        ] GC(181) Archive regions: 0->0
[96.248s][info][gc,heap        ] GC(181) Humongous regions: 1344->1344
[96.248s][info][gc,metaspace   ] GC(181) Metaspace: 120165K(124032K)->120165K(124032K) NonClass: 101931K(103616K)->101931K(103616K) Class: 18234K(20416K)->18234K(20416K)
[96.248s][info][gc             ] GC(181) Pause Young (Normal) (G1 Evacuation Pause) 1941M->1438M(2048M) 2.439ms
[96.248s][info][gc,cpu         ] GC(181) User=0.00s Sys=0.00s Real=0.00s
[96.261s][info][gc,marking     ] GC(179) Concurrent Rebuild Remembered Sets and Scrub Regions 20.102ms
[96.261s][info][gc,start       ] GC(179) Pause Cleanup
[96.262s][info][gc             ] GC(179) Pause Cleanup 1618M->1618M(2048M) 0.425ms
[96.262s][info][gc,cpu         ] GC(179) User=0.00s Sys=0.00s Real=0.00s
[96.262s][info][gc,marking     ] GC(179) Concurrent Clear Claimed Marks
[96.263s][info][gc,marking     ] GC(179) Concurrent Clear Claimed Marks 0.945ms
[96.263s][info][gc,marking     ] GC(179) Concurrent Cleanup for Next Mark
[96.271s][info][gc,marking     ] GC(179) Concurrent Cleanup for Next Mark 7.904ms
[96.271s][info][gc             ] GC(179) Concurrent Mark Cycle 106.392ms
[96.287s][info][gc,start       ] GC(182) Pause Young (Prepare Mixed) (G1 Evacuation Pause)
[96.287s][info][gc,task        ] GC(182) Using 33 workers of 33 for evacuation
[96.290s][info][gc,phases      ] GC(182)   Pre Evacuate Collection Set: 0.2ms
[96.290s][info][gc,phases      ] GC(182)   Merge Heap Roots: 0.6ms
[96.290s][info][gc,phases      ] GC(182)   Evacuate Collection Set: 0.7ms
[96.290s][info][gc,phases      ] GC(182)   Post Evacuate Collection Set: 0.7ms
[96.290s][info][gc,phases      ] GC(182)   Other: 0.1ms
[96.290s][info][gc,heap        ] GC(182) Eden regions: 503->0(503)
[96.290s][info][gc,heap        ] GC(182) Survivor regions: 1->1(63)
[96.290s][info][gc,heap        ] GC(182) Old regions: 96->96
[96.290s][info][gc,heap        ] GC(182) Archive regions: 0->0
[96.290s][info][gc,heap        ] GC(182) Humongous regions: 1344->1344
[96.290s][info][gc,metaspace   ] GC(182) Metaspace: 120177K(124032K)->120177K(124032K) NonClass: 101940K(103616K)->101940K(103616K) Class: 18236K(20416K)->18236K(20416K)
[96.290s][info][gc             ] GC(182) Pause Young (Prepare Mixed) (G1 Evacuation Pause) 1941M->1438M(2048M) 2.534ms
[96.290s][info][gc,cpu         ] GC(182) User=0.00s Sys=0.00s Real=0.00s
[96.326s][info][gc,start       ] GC(183) Pause Young (Mixed) (G1 Evacuation Pause)
[96.326s][info][gc,task        ] GC(183) Using 33 workers of 33 for evacuation
[96.329s][info][gc,phases      ] GC(183)   Pre Evacuate Collection Set: 0.3ms
[96.329s][info][gc,phases      ] GC(183)   Merge Heap Roots: 0.2ms
[96.329s][info][gc,phases      ] GC(183)   Evacuate Collection Set: 1.0ms
[96.329s][info][gc,phases      ] GC(183)   Post Evacuate Collection Set: 0.6ms
[96.329s][info][gc,phases      ] GC(183)   Other: 0.1ms
[96.329s][info][gc,heap        ] GC(183) Eden regions: 503->0(511)
[96.329s][info][gc,heap        ] GC(183) Survivor regions: 1->1(63)
[96.329s][info][gc,heap        ] GC(183) Old regions: 96->88
[96.329s][info][gc,heap        ] GC(183) Archive regions: 0->0
[96.329s][info][gc,heap        ] GC(183) Humongous regions: 1344->1344
[96.329s][info][gc,metaspace   ] GC(183) Metaspace: 120177K(124032K)->120177K(124032K) NonClass: 101940K(103616K)->101940K(103616K) Class: 18236K(20416K)->18236K(20416K)
[96.329s][info][gc             ] GC(183) Pause Young (Mixed) (G1 Evacuation Pause) 1941M->1430M(2048M) 2.470ms
[96.329s][info][gc,cpu         ] GC(183) User=0.00s Sys=0.00s Real=0.00s
[96.366s][info][gc,start       ] GC(184) Pause Young (Concurrent Start) (G1 Evacuation Pause)
[96.367s][info][gc,task        ] GC(184) Using 33 workers of 33 for evacuation
[96.369s][info][gc,phases      ] GC(184)   Pre Evacuate Collection Set: 0.4ms
[96.369s][info][gc,phases      ] GC(184)   Merge Heap Roots: 0.2ms
[96.369s][info][gc,phases      ] GC(184)   Evacuate Collection Set: 1.4ms
[96.369s][info][gc,phases      ] GC(184)   Post Evacuate Collection Set: 0.7ms
[96.369s][info][gc,phases      ] GC(184)   Other: 0.1ms
[96.369s][info][gc,heap        ] GC(184) Eden regions: 511->0(511)
[96.369s][info][gc,heap        ] GC(184) Survivor regions: 1->1(64)
[96.369s][info][gc,heap        ] GC(184) Old regions: 88->88
[96.369s][info][gc,heap        ] GC(184) Archive regions: 0->0
[96.369s][info][gc,heap        ] GC(184) Humongous regions: 1344->1344
[96.369s][info][gc,metaspace   ] GC(184) Metaspace: 120181K(124032K)->120181K(124032K) NonClass: 101944K(103616K)->101944K(103616K) Class: 18236K(20416K)->18236K(20416K)
[96.369s][info][gc             ] GC(184) Pause Young (Concurrent Start) (G1 Evacuation Pause) 1941M->1430M(2048M) 2.959ms
[96.369s][info][gc             ] GC(185) Concurrent Mark Cycle
[96.369s][info][gc,cpu         ] GC(184) User=0.00s Sys=0.00s Real=0.00s
[96.369s][info][gc,marking     ] GC(185) Concurrent Scan Root Regions
[96.383s][info][gc,marking     ] GC(185) Concurrent Scan Root Regions 13.813ms
[96.384s][info][gc,marking     ] GC(185) Concurrent Mark
[96.384s][info][gc,marking     ] GC(185) Concurrent Mark From Roots
[96.384s][info][gc,task        ] GC(185) Using 8 workers of 8 for marking
[96.410s][info][gc,start       ] GC(186) Pause Young (Normal) (G1 Evacuation Pause)
[96.410s][info][gc,task        ] GC(186) Using 33 workers of 33 for evacuation
[96.412s][info][gc,phases      ] GC(186)   Pre Evacuate Collection Set: 0.2ms
[96.412s][info][gc,phases      ] GC(186)   Merge Heap Roots: 0.2ms
[96.412s][info][gc,phases      ] GC(186)   Evacuate Collection Set: 1.1ms
[96.412s][info][gc,phases      ] GC(186)   Post Evacuate Collection Set: 0.6ms
[96.412s][info][gc,phases      ] GC(186)   Other: 0.1ms
[96.412s][info][gc,heap        ] GC(186) Eden regions: 511->0(511)
[96.412s][info][gc,heap        ] GC(186) Survivor regions: 1->1(64)
[96.412s][info][gc,heap        ] GC(186) Old regions: 88->88
[96.412s][info][gc,heap        ] GC(186) Archive regions: 0->0
[96.412s][info][gc,heap        ] GC(186) Humongous regions: 1344->1344
[96.412s][info][gc,metaspace   ] GC(186) Metaspace: 120188K(124032K)->120188K(124032K) NonClass: 101951K(103616K)->101951K(103616K) Class: 18236K(20416K)->18236K(20416K)
[96.412s][info][gc             ] GC(186) Pause Young (Normal) (G1 Evacuation Pause) 1941M->1430M(2048M) 2.525ms
[96.412s][info][gc,cpu         ] GC(186) User=0.00s Sys=0.00s Real=0.00s
[96.429s][info][gc,marking     ] GC(185) Concurrent Mark From Roots 45.284ms
[96.429s][info][gc,marking     ] GC(185) Concurrent Preclean
[96.430s][info][gc,marking     ] GC(185) Concurrent Preclean 1.225ms
[96.430s][info][gc,start       ] GC(185) Pause Remark
[96.432s][info][gc             ] GC(185) Pause Remark 1635M->1611M(2048M) 1.940ms
[96.432s][info][gc,cpu         ] GC(185) User=0.00s Sys=0.00s Real=0.00s
[96.433s][info][gc,marking     ] GC(185) Concurrent Mark 49.252ms
[96.433s][info][gc,marking     ] GC(185) Concurrent Rebuild Remembered Sets and Scrub Regions
[96.443s][info][gc,marking     ] GC(185) Concurrent Rebuild Remembered Sets and Scrub Regions 10.530ms
[96.444s][info][gc,start       ] GC(185) Pause Cleanup
[96.444s][info][gc             ] GC(185) Pause Cleanup 1709M->1709M(2048M) 0.434ms
[96.444s][info][gc,cpu         ] GC(185) User=0.00s Sys=0.00s Real=0.00s
[96.444s][info][gc,marking     ] GC(185) Concurrent Clear Claimed Marks
[96.444s][info][gc,marking     ] GC(185) Concurrent Clear Claimed Marks 0.142ms
[96.444s][info][gc,marking     ] GC(185) Concurrent Cleanup for Next Mark
[96.447s][info][gc,marking     ] GC(185) Concurrent Cleanup for Next Mark 2.243ms
[96.447s][info][gc             ] GC(185) Concurrent Mark Cycle 77.159ms
[97.147s][info][gc,start       ] GC(187) Pause Young (Prepare Mixed) (G1 Evacuation Pause)
[97.147s][info][gc,task        ] GC(187) Using 33 workers of 33 for evacuation
[97.152s][info][gc,phases      ] GC(187)   Pre Evacuate Collection Set: 0.4ms
[97.153s][info][gc,phases      ] GC(187)   Merge Heap Roots: 1.1ms
[97.153s][info][gc,phases      ] GC(187)   Evacuate Collection Set: 2.8ms
[97.153s][info][gc,phases      ] GC(187)   Post Evacuate Collection Set: 1.1ms
[97.153s][info][gc,phases      ] GC(187)   Other: 0.2ms
[97.153s][info][gc,heap        ] GC(187) Eden regions: 511->0(523)
[97.153s][info][gc,heap        ] GC(187) Survivor regions: 1->7(64)
[97.153s][info][gc,heap        ] GC(187) Old regions: 88->88
[97.153s][info][gc,heap        ] GC(187) Archive regions: 0->0
[97.153s][info][gc,heap        ] GC(187) Humongous regions: 1320->1320
[97.153s][info][gc,metaspace   ] GC(187) Metaspace: 122394K(124736K)->122394K(124736K) NonClass: 103687K(104320K)->103687K(104320K) Class: 18707K(20416K)->18707K(20416K)
[97.153s][info][gc             ] GC(187) Pause Young (Prepare Mixed) (G1 Evacuation Pause) 1917M->1412M(2048M) 5.940ms
[97.153s][info][gc,cpu         ] GC(187) User=0.00s Sys=0.00s Real=0.00s
[98.026s][info][gc,start       ] GC(188) Pause Full (System.gc())
[98.026s][info][gc,task        ] GC(188) Using 33 workers of 33 for full compaction
[98.028s][info][gc,phases,start] GC(188) Phase 1: Mark live objects
[98.071s][info][gc,phases      ] GC(188) Phase 1: Mark live objects 42.433ms
[98.071s][info][gc,phases,start] GC(188) Phase 2: Prepare compaction
[98.075s][info][gc,phases      ] GC(188) Phase 2: Prepare compaction 4.128ms
[98.075s][info][gc,phases,start] GC(188) Phase 3: Adjust pointers
[98.081s][info][gc,phases      ] GC(188) Phase 3: Adjust pointers 6.141ms
[98.081s][info][gc,phases,start] GC(188) Phase 4: Compact heap
[98.082s][info][gc,phases      ] GC(188) Phase 4: Compact heap 1.333ms
[98.092s][info][gc,heap        ] GC(188) Eden regions: 22->0(901)
[98.092s][info][gc,heap        ] GC(188) Survivor regions: 7->0(64)
[98.092s][info][gc,heap        ] GC(188) Old regions: 88->64
[98.092s][info][gc,heap        ] GC(188) Archive regions: 0->0
[98.092s][info][gc,heap        ] GC(188) Humongous regions: 1325->980
[98.093s][info][gc,metaspace   ] GC(188) Metaspace: 124201K(126400K)->124201K(126400K) NonClass: 105266K(105984K)->105266K(105984K) Class: 18935K(20416K)->18935K(20416K)
[98.093s][info][gc             ] GC(188) Pause Full (System.gc()) 1439M->1024M(2048M) 66.192ms
[98.093s][info][gc,cpu         ] GC(188) User=1.50s Sys=0.00s Real=0.06s
[98.274s][info][gc,start       ] GC(189) Pause Young (Concurrent Start) (G1 Humongous Allocation)
[98.274s][info][gc,task        ] GC(189) Using 33 workers of 33 for evacuation
[98.277s][info][gc,phases      ] GC(189)   Pre Evacuate Collection Set: 0.5ms
[98.277s][info][gc,phases      ] GC(189)   Merge Heap Roots: 0.1ms
[98.277s][info][gc,phases      ] GC(189)   Evacuate Collection Set: 1.6ms
[98.277s][info][gc,phases      ] GC(189)   Post Evacuate Collection Set: 0.8ms
[98.277s][info][gc,phases      ] GC(189)   Other: 0.1ms
[98.277s][info][gc,heap        ] GC(189) Eden regions: 11->0(899)
[98.277s][info][gc,heap        ] GC(189) Survivor regions: 0->1(113)
[98.277s][info][gc,heap        ] GC(189) Old regions: 64->64
[98.277s][info][gc,heap        ] GC(189) Archive regions: 0->0
[98.277s][info][gc,heap        ] GC(189) Humongous regions: 980->980
[98.277s][info][gc,metaspace   ] GC(189) Metaspace: 124481K(126592K)->124481K(126592K) NonClass: 105501K(106176K)->105501K(106176K) Class: 18980K(20416K)->18980K(20416K)
[98.277s][info][gc             ] GC(189) Pause Young (Concurrent Start) (G1 Humongous Allocation) 1034M->1025M(2048M) 3.457ms
[98.277s][info][gc             ] GC(190) Concurrent Mark Cycle
[98.277s][info][gc,cpu         ] GC(189) User=0.00s Sys=0.00s Real=0.00s
[98.277s][info][gc,marking     ] GC(190) Concurrent Scan Root Regions
[98.280s][info][gc,marking     ] GC(190) Concurrent Scan Root Regions 2.694ms
[98.280s][info][gc,marking     ] GC(190) Concurrent Mark
[98.280s][info][gc,marking     ] GC(190) Concurrent Mark From Roots
[98.280s][info][gc,task        ] GC(190) Using 8 workers of 8 for marking
[98.298s][info][gc,marking     ] GC(190) Concurrent Mark From Roots 17.432ms
[98.298s][info][gc,marking     ] GC(190) Concurrent Preclean
[98.298s][info][gc,marking     ] GC(190) Concurrent Preclean 0.243ms
[98.298s][info][gc,start       ] GC(190) Pause Remark
[98.302s][info][gc             ] GC(190) Pause Remark 1032M->1032M(2048M) 4.065ms
[98.302s][info][gc,cpu         ] GC(190) User=0.00s Sys=0.00s Real=0.00s
[98.302s][info][gc,marking     ] GC(190) Concurrent Mark 22.065ms
[98.302s][info][gc,marking     ] GC(190) Concurrent Rebuild Remembered Sets and Scrub Regions
[98.310s][info][gc,marking     ] GC(190) Concurrent Rebuild Remembered Sets and Scrub Regions 7.219ms
[98.310s][info][gc,start       ] GC(190) Pause Cleanup
[98.311s][info][gc             ] GC(190) Pause Cleanup 1053M->1053M(2048M) 0.618ms
[98.311s][info][gc,cpu         ] GC(190) User=0.00s Sys=0.00s Real=0.00s
[98.311s][info][gc,marking     ] GC(190) Concurrent Clear Claimed Marks
[98.312s][info][gc,marking     ] GC(190) Concurrent Clear Claimed Marks 0.214ms
[98.312s][info][gc,marking     ] GC(190) Concurrent Cleanup for Next Mark
[98.314s][info][gc,marking     ] GC(190) Concurrent Cleanup for Next Mark 2.448ms
[98.314s][info][gc             ] GC(190) Concurrent Mark Cycle 36.682ms
[98.494s][info][gc,start       ] GC(191) Pause Young (Prepare Mixed) (G1 Evacuation Pause)
[98.494s][info][gc,task        ] GC(191) Using 33 workers of 33 for evacuation
[98.499s][info][gc,phases      ] GC(191)   Pre Evacuate Collection Set: 0.3ms
[98.499s][info][gc,phases      ] GC(191)   Merge Heap Roots: 0.9ms
[98.499s][info][gc,phases      ] GC(191)   Evacuate Collection Set: 2.2ms
[98.499s][info][gc,phases      ] GC(191)   Post Evacuate Collection Set: 1.0ms
[98.499s][info][gc,phases      ] GC(191)   Other: 0.1ms
[98.499s][info][gc,heap        ] GC(191) Eden regions: 899->0(873)
[98.499s][info][gc,heap        ] GC(191) Survivor regions: 1->14(99)
[98.499s][info][gc,heap        ] GC(191) Old regions: 64->64
[98.499s][info][gc,heap        ] GC(191) Archive regions: 0->0
[98.499s][info][gc,heap        ] GC(191) Humongous regions: 985->980
[98.499s][info][gc,metaspace   ] GC(191) Metaspace: 124661K(126720K)->124661K(126720K) NonClass: 105655K(106304K)->105655K(106304K) Class: 19006K(20416K)->19006K(20416K)
[98.499s][info][gc             ] GC(191) Pause Young (Prepare Mixed) (G1 Evacuation Pause) 1929M->1037M(2048M) 4.763ms
[98.499s][info][gc,cpu         ] GC(191) User=0.00s Sys=0.00s Real=0.00s
[98.594s][info][gc,start       ] GC(192) Pause Young (Mixed) (G1 Evacuation Pause)
[98.594s][info][gc,task        ] GC(192) Using 33 workers of 33 for evacuation
[98.598s][info][gc,phases      ] GC(192)   Pre Evacuate Collection Set: 0.3ms
[98.598s][info][gc,phases      ] GC(192)   Merge Heap Roots: 0.3ms
[98.598s][info][gc,phases      ] GC(192)   Evacuate Collection Set: 2.0ms
[98.598s][info][gc,phases      ] GC(192)   Post Evacuate Collection Set: 0.9ms
[98.598s][info][gc,phases      ] GC(192)   Other: 0.1ms
[98.598s][info][gc,heap        ] GC(192) Eden regions: 873->0(871)
[98.598s][info][gc,heap        ] GC(192) Survivor regions: 14->12(108)
[98.598s][info][gc,heap        ] GC(192) Old regions: 64->61
[98.598s][info][gc,heap        ] GC(192) Archive regions: 0->0
[98.598s][info][gc,heap        ] GC(192) Humongous regions: 989->989
[98.598s][info][gc,metaspace   ] GC(192) Metaspace: 124661K(126720K)->124661K(126720K) NonClass: 105655K(106304K)->105655K(106304K) Class: 19006K(20416K)->19006K(20416K)
[98.598s][info][gc             ] GC(192) Pause Young (Mixed) (G1 Evacuation Pause) 1919M->1045M(2048M) 3.874ms
[98.598s][info][gc,cpu         ] GC(192) User=0.59s Sys=0.00s Real=0.01s
[98.619s][info][gc,start       ] GC(193) Pause Young (Concurrent Start) (G1 Humongous Allocation)
[98.619s][info][gc,task        ] GC(193) Using 33 workers of 33 for evacuation
[98.623s][info][gc,phases      ] GC(193)   Pre Evacuate Collection Set: 0.4ms
[98.623s][info][gc,phases      ] GC(193)   Merge Heap Roots: 0.1ms
[98.623s][info][gc,phases      ] GC(193)   Evacuate Collection Set: 2.4ms
[98.623s][info][gc,phases      ] GC(193)   Post Evacuate Collection Set: 0.7ms
[98.623s][info][gc,phases      ] GC(193)   Other: 0.1ms
[98.623s][info][gc,heap        ] GC(193) Eden regions: 198->0(871)
[98.623s][info][gc,heap        ] GC(193) Survivor regions: 12->12(111)
[98.623s][info][gc,heap        ] GC(193) Old regions: 61->61
[98.623s][info][gc,heap        ] GC(193) Archive regions: 0->0
[98.623s][info][gc,heap        ] GC(193) Humongous regions: 989->989
[98.623s][info][gc,metaspace   ] GC(193) Metaspace: 124661K(126720K)->124661K(126720K) NonClass: 105655K(106304K)->105655K(106304K) Class: 19006K(20416K)->19006K(20416K)
[98.623s][info][gc             ] GC(193) Pause Young (Concurrent Start) (G1 Humongous Allocation) 1243M->1044M(2048M) 4.046ms
[98.623s][info][gc             ] GC(194) Concurrent Mark Cycle
[98.623s][info][gc,cpu         ] GC(193) User=0.00s Sys=0.00s Real=0.00s
[98.623s][info][gc,marking     ] GC(194) Concurrent Scan Root Regions
[98.634s][info][gc,marking     ] GC(194) Concurrent Scan Root Regions 11.296ms
[98.635s][info][gc,marking     ] GC(194) Concurrent Mark
[98.635s][info][gc,marking     ] GC(194) Concurrent Mark From Roots
[98.635s][info][gc,task        ] GC(194) Using 8 workers of 8 for marking
[98.676s][info][gc,marking     ] GC(194) Concurrent Mark From Roots 41.719ms
[98.677s][info][gc,marking     ] GC(194) Concurrent Preclean
[98.678s][info][gc,marking     ] GC(194) Concurrent Preclean 1.487ms
[98.679s][info][gc,start       ] GC(194) Pause Remark
[98.682s][info][gc             ] GC(194) Pause Remark 1607M->1607M(2048M) 2.985ms
[98.682s][info][gc,cpu         ] GC(194) User=0.00s Sys=0.00s Real=0.00s
[98.682s][info][gc,marking     ] GC(194) Concurrent Mark 47.506ms
[98.682s][info][gc,marking     ] GC(194) Concurrent Rebuild Remembered Sets and Scrub Regions
[98.694s][info][gc,marking     ] GC(194) Concurrent Rebuild Remembered Sets and Scrub Regions 11.851ms
[98.695s][info][gc,start       ] GC(194) Pause Cleanup
[98.695s][info][gc             ] GC(194) Pause Cleanup 1734M->1734M(2048M) 0.352ms
[98.695s][info][gc,cpu         ] GC(194) User=0.00s Sys=0.00s Real=0.00s
[98.696s][info][gc,marking     ] GC(194) Concurrent Clear Claimed Marks
[98.696s][info][gc,marking     ] GC(194) Concurrent Clear Claimed Marks 0.735ms
[98.696s][info][gc,marking     ] GC(194) Concurrent Cleanup for Next Mark
[98.702s][info][gc,marking     ] GC(194) Concurrent Cleanup for Next Mark 5.711ms
[98.702s][info][gc             ] GC(194) Concurrent Mark Cycle 79.206ms
[98.717s][info][gc,start       ] GC(195) Pause Young (Prepare Mixed) (G1 Evacuation Pause)
[98.717s][info][gc,task        ] GC(195) Using 33 workers of 33 for evacuation
[98.721s][info][gc,phases      ] GC(195)   Pre Evacuate Collection Set: 0.3ms
[98.721s][info][gc,phases      ] GC(195)   Merge Heap Roots: 0.9ms
[98.721s][info][gc,phases      ] GC(195)   Evacuate Collection Set: 1.8ms
[98.721s][info][gc,phases      ] GC(195)   Post Evacuate Collection Set: 0.9ms
[98.721s][info][gc,phases      ] GC(195)   Other: 0.1ms
[98.721s][info][gc,heap        ] GC(195) Eden regions: 871->0(856)
[98.721s][info][gc,heap        ] GC(195) Survivor regions: 12->10(85)
[98.721s][info][gc,heap        ] GC(195) Old regions: 61->61
[98.721s][info][gc,heap        ] GC(195) Archive regions: 0->0
[98.721s][info][gc,heap        ] GC(195) Humongous regions: 1019->1008
[98.721s][info][gc,metaspace   ] GC(195) Metaspace: 124661K(126720K)->124661K(126720K) NonClass: 105655K(106304K)->105655K(106304K) Class: 19006K(20416K)->19006K(20416K)
[98.721s][info][gc             ] GC(195) Pause Young (Prepare Mixed) (G1 Evacuation Pause) 1945M->1062M(2048M) 4.237ms
[98.722s][info][gc,cpu         ] GC(195) User=0.00s Sys=0.00s Real=0.00s
[98.805s][info][gc,start       ] GC(196) Pause Young (Mixed) (G1 Evacuation Pause)
[98.806s][info][gc,task        ] GC(196) Using 33 workers of 33 for evacuation
[98.809s][info][gc,phases      ] GC(196)   Pre Evacuate Collection Set: 0.3ms
[98.809s][info][gc,phases      ] GC(196)   Merge Heap Roots: 0.3ms
[98.809s][info][gc,phases      ] GC(196)   Evacuate Collection Set: 2.2ms
[98.809s][info][gc,phases      ] GC(196)   Post Evacuate Collection Set: 0.9ms
[98.809s][info][gc,phases      ] GC(196)   Other: 0.1ms
[98.809s][info][gc,heap        ] GC(196) Eden regions: 856->0(838)
[98.809s][info][gc,heap        ] GC(196) Survivor regions: 10->11(73)
[98.809s][info][gc,heap        ] GC(196) Old regions: 61->57
[98.809s][info][gc,heap        ] GC(196) Archive regions: 0->0
[98.809s][info][gc,heap        ] GC(196) Humongous regions: 1048->1028
[98.809s][info][gc,metaspace   ] GC(196) Metaspace: 124661K(126720K)->124661K(126720K) NonClass: 105655K(106304K)->105655K(106304K) Class: 19006K(20416K)->19006K(20416K)
[98.810s][info][gc             ] GC(196) Pause Young (Mixed) (G1 Evacuation Pause) 1958M->1082M(2048M) 4.097ms
[98.810s][info][gc,cpu         ] GC(196) User=0.59s Sys=0.00s Real=0.02s
[98.812s][info][gc,start       ] GC(197) Pause Young (Concurrent Start) (G1 Humongous Allocation)
[98.812s][info][gc,task        ] GC(197) Using 33 workers of 33 for evacuation
[98.816s][info][gc,phases      ] GC(197)   Pre Evacuate Collection Set: 0.4ms
[98.816s][info][gc,phases      ] GC(197)   Merge Heap Roots: 0.1ms
[98.816s][info][gc,phases      ] GC(197)   Evacuate Collection Set: 2.2ms
[98.816s][info][gc,phases      ] GC(197)   Post Evacuate Collection Set: 0.6ms
[98.816s][info][gc,phases      ] GC(197)   Other: 0.0ms
[98.816s][info][gc,heap        ] GC(197) Eden regions: 36->0(842)
[98.816s][info][gc,heap        ] GC(197) Survivor regions: 11->10(107)
[98.816s][info][gc,heap        ] GC(197) Old regions: 57->57
[98.816s][info][gc,heap        ] GC(197) Archive regions: 0->0
[98.816s][info][gc,heap        ] GC(197) Humongous regions: 1028->1026
[98.816s][info][gc,metaspace   ] GC(197) Metaspace: 124661K(126720K)->124661K(126720K) NonClass: 105655K(106304K)->105655K(106304K) Class: 19006K(20416K)->19006K(20416K)
[98.816s][info][gc             ] GC(197) Pause Young (Concurrent Start) (G1 Humongous Allocation) 1118M->1080M(2048M) 3.612ms
[98.816s][info][gc             ] GC(198) Concurrent Mark Cycle
[98.816s][info][gc,cpu         ] GC(197) User=0.00s Sys=0.00s Real=0.00s
[98.816s][info][gc,marking     ] GC(198) Concurrent Scan Root Regions
[98.831s][info][gc,marking     ] GC(198) Concurrent Scan Root Regions 15.399ms
[98.832s][info][gc,marking     ] GC(198) Concurrent Mark
[98.832s][info][gc,marking     ] GC(198) Concurrent Mark From Roots
[98.832s][info][gc,task        ] GC(198) Using 8 workers of 8 for marking
[98.874s][info][gc,marking     ] GC(198) Concurrent Mark From Roots 42.149ms
[98.874s][info][gc,marking     ] GC(198) Concurrent Preclean
[98.876s][info][gc,marking     ] GC(198) Concurrent Preclean 1.452ms
[98.876s][info][gc,start       ] GC(198) Pause Remark
[98.880s][info][gc             ] GC(198) Pause Remark 1756M->1756M(2048M) 3.430ms
[98.880s][info][gc,cpu         ] GC(198) User=0.00s Sys=0.00s Real=0.00s
[98.880s][info][gc,marking     ] GC(198) Concurrent Mark 48.155ms
[98.880s][info][gc,marking     ] GC(198) Concurrent Rebuild Remembered Sets and Scrub Regions
[98.893s][info][gc,marking     ] GC(198) Concurrent Rebuild Remembered Sets and Scrub Regions 13.439ms
[98.896s][info][gc,start       ] GC(198) Pause Cleanup
[98.897s][info][gc             ] GC(198) Pause Cleanup 1929M->1929M(2048M) 0.330ms
[98.897s][info][gc,cpu         ] GC(198) User=0.00s Sys=0.00s Real=0.00s
[98.897s][info][gc,marking     ] GC(198) Concurrent Clear Claimed Marks
[98.898s][info][gc,marking     ] GC(198) Concurrent Clear Claimed Marks 0.735ms
[98.898s][info][gc,marking     ] GC(198) Concurrent Cleanup for Next Mark
[98.899s][info][gc,start       ] GC(199) Pause Young (Prepare Mixed) (G1 Evacuation Pause)
[98.899s][info][gc,task        ] GC(199) Using 33 workers of 33 for evacuation
[98.902s][info][gc,phases      ] GC(199)   Pre Evacuate Collection Set: 0.3ms
[98.902s][info][gc,phases      ] GC(199)   Merge Heap Roots: 0.8ms
[98.903s][info][gc,phases      ] GC(199)   Evacuate Collection Set: 1.7ms
[98.903s][info][gc,phases      ] GC(199)   Post Evacuate Collection Set: 0.9ms
[98.903s][info][gc,phases      ] GC(199)   Other: 0.1ms
[98.903s][info][gc,heap        ] GC(199) Eden regions: 842->0(829)
[98.903s][info][gc,heap        ] GC(199) Survivor regions: 10->10(94)
[98.903s][info][gc,heap        ] GC(199) Old regions: 57->57
[98.903s][info][gc,heap        ] GC(199) Archive regions: 0->0
[98.903s][info][gc,heap        ] GC(199) Humongous regions: 1045->1039
[98.903s][info][gc,metaspace   ] GC(199) Metaspace: 124661K(126720K)->124661K(126720K) NonClass: 105655K(106304K)->105655K(106304K) Class: 19006K(20416K)->19006K(20416K)
[98.903s][info][gc             ] GC(199) Pause Young (Prepare Mixed) (G1 Evacuation Pause) 1941M->1093M(2048M) 4.037ms
[98.903s][info][gc,cpu         ] GC(199) User=0.00s Sys=0.00s Real=0.00s
[98.908s][info][gc,marking     ] GC(198) Concurrent Cleanup for Next Mark 10.238ms
[98.908s][info][gc             ] GC(198) Concurrent Mark Cycle 92.383ms
[98.990s][info][gc,start       ] GC(200) Pause Young (Mixed) (G1 Evacuation Pause)
[98.990s][info][gc,task        ] GC(200) Using 33 workers of 33 for evacuation
[98.994s][info][gc,phases      ] GC(200)   Pre Evacuate Collection Set: 0.3ms
[98.994s][info][gc,phases      ] GC(200)   Merge Heap Roots: 0.3ms
[98.994s][info][gc,phases      ] GC(200)   Evacuate Collection Set: 2.1ms
[98.994s][info][gc,phases      ] GC(200)   Post Evacuate Collection Set: 0.9ms
[98.994s][info][gc,phases      ] GC(200)   Other: 0.1ms
[98.994s][info][gc,heap        ] GC(200) Eden regions: 829->0(805)
[98.994s][info][gc,heap        ] GC(200) Survivor regions: 10->10(71)
[98.994s][info][gc,heap        ] GC(200) Old regions: 57->55
[98.994s][info][gc,heap        ] GC(200) Archive regions: 0->0
[98.994s][info][gc,heap        ] GC(200) Humongous regions: 1081->1065
[98.994s][info][gc,metaspace   ] GC(200) Metaspace: 124661K(126720K)->124661K(126720K) NonClass: 105655K(106304K)->105655K(106304K) Class: 19006K(20416K)->19006K(20416K)
[98.994s][info][gc             ] GC(200) Pause Young (Mixed) (G1 Evacuation Pause) 1964M->1119M(2048M) 4.001ms
[98.994s][info][gc,cpu         ] GC(200) User=0.00s Sys=0.00s Real=0.00s
[99.001s][info][gc,start       ] GC(201) Pause Young (Concurrent Start) (G1 Humongous Allocation)
[99.001s][info][gc,task        ] GC(201) Using 33 workers of 33 for evacuation
[99.005s][info][gc,phases      ] GC(201)   Pre Evacuate Collection Set: 0.5ms
[99.005s][info][gc,phases      ] GC(201)   Merge Heap Roots: 0.1ms
[99.005s][info][gc,phases      ] GC(201)   Evacuate Collection Set: 2.1ms
[99.005s][info][gc,phases      ] GC(201)   Post Evacuate Collection Set: 0.8ms
[99.005s][info][gc,phases      ] GC(201)   Other: 0.1ms
[99.005s][info][gc,heap        ] GC(201) Eden regions: 88->0(817)
[99.005s][info][gc,heap        ] GC(201) Survivor regions: 10->10(102)
[99.005s][info][gc,heap        ] GC(201) Old regions: 55->55
[99.005s][info][gc,heap        ] GC(201) Archive regions: 0->0
[99.005s][info][gc,heap        ] GC(201) Humongous regions: 1065->1053
[99.005s][info][gc,metaspace   ] GC(201) Metaspace: 124661K(126720K)->124661K(126720K) NonClass: 105655K(106304K)->105655K(106304K) Class: 19006K(20416K)->19006K(20416K)
[99.005s][info][gc             ] GC(201) Pause Young (Concurrent Start) (G1 Humongous Allocation) 1207M->1107M(2048M) 3.954ms
[99.005s][info][gc             ] GC(202) Concurrent Mark Cycle
[99.005s][info][gc,cpu         ] GC(201) User=0.00s Sys=0.00s Real=0.00s
[99.005s][info][gc,marking     ] GC(202) Concurrent Scan Root Regions
[99.019s][info][gc,marking     ] GC(202) Concurrent Scan Root Regions 14.210ms
[99.020s][info][gc,marking     ] GC(202) Concurrent Mark
[99.020s][info][gc,marking     ] GC(202) Concurrent Mark From Roots
[99.020s][info][gc,task        ] GC(202) Using 8 workers of 8 for marking
[99.062s][info][gc,marking     ] GC(202) Concurrent Mark From Roots 41.962ms
[99.062s][info][gc,marking     ] GC(202) Concurrent Preclean
[99.063s][info][gc,marking     ] GC(202) Concurrent Preclean 1.491ms
[99.069s][info][gc,start       ] GC(202) Pause Remark
[99.071s][info][gc             ] GC(202) Pause Remark 1829M->1829M(2048M) 2.691ms
[99.071s][info][gc,cpu         ] GC(202) User=0.00s Sys=0.00s Real=0.00s
[99.072s][info][gc,marking     ] GC(202) Concurrent Mark 51.964ms
[99.072s][info][gc,marking     ] GC(202) Concurrent Rebuild Remembered Sets and Scrub Regions
[99.084s][info][gc,marking     ] GC(202) Concurrent Rebuild Remembered Sets and Scrub Regions 11.859ms
[99.084s][info][gc,start       ] GC(202) Pause Cleanup
[99.085s][info][gc             ] GC(202) Pause Cleanup 1971M->1971M(2048M) 0.292ms
[99.085s][info][gc,cpu         ] GC(202) User=0.00s Sys=0.00s Real=0.00s
[99.085s][info][gc,marking     ] GC(202) Concurrent Clear Claimed Marks
[99.085s][info][gc,marking     ] GC(202) Concurrent Clear Claimed Marks 0.459ms
[99.085s][info][gc,marking     ] GC(202) Concurrent Cleanup for Next Mark
[99.096s][info][gc,start       ] GC(203) Pause Young (Prepare Mixed) (G1 Evacuation Pause)
[99.096s][info][gc,task        ] GC(203) Using 33 workers of 33 for evacuation
[99.100s][info][gc,phases      ] GC(203)   Pre Evacuate Collection Set: 0.3ms
[99.100s][info][gc,phases      ] GC(203)   Merge Heap Roots: 0.8ms
[99.100s][info][gc,phases      ] GC(203)   Evacuate Collection Set: 1.6ms
[99.100s][info][gc,phases      ] GC(203)   Post Evacuate Collection Set: 0.9ms
[99.100s][info][gc,phases      ] GC(203)   Other: 0.1ms
[99.100s][info][gc,heap        ] GC(203) Eden regions: 817->0(799)
[99.100s][info][gc,heap        ] GC(203) Survivor regions: 10->11(55)
[99.100s][info][gc,heap        ] GC(203) Old regions: 55->55
[99.100s][info][gc,heap        ] GC(203) Archive regions: 0->0
[99.100s][info][gc,heap        ] GC(203) Humongous regions: 1111->1069
[99.100s][info][gc,metaspace   ] GC(203) Metaspace: 124661K(126720K)->124661K(126720K) NonClass: 105655K(106304K)->105655K(106304K) Class: 19006K(20416K)->19006K(20416K)
[99.100s][info][gc             ] GC(203) Pause Young (Prepare Mixed) (G1 Evacuation Pause) 1982M->1123M(2048M) 4.068ms
[99.100s][info][gc,cpu         ] GC(203) User=0.00s Sys=0.00s Real=0.00s
[99.107s][info][gc,marking     ] GC(202) Concurrent Cleanup for Next Mark 21.017ms
[99.107s][info][gc             ] GC(202) Concurrent Mark Cycle 101.789ms
[99.182s][info][gc,start       ] GC(204) Pause Young (Mixed) (G1 Evacuation Pause)
[99.182s][info][gc,task        ] GC(204) Using 33 workers of 33 for evacuation
[99.186s][info][gc,phases      ] GC(204)   Pre Evacuate Collection Set: 0.3ms
[99.186s][info][gc,phases      ] GC(204)   Merge Heap Roots: 0.3ms
[99.186s][info][gc,phases      ] GC(204)   Evacuate Collection Set: 2.4ms
[99.186s][info][gc,phases      ] GC(204)   Post Evacuate Collection Set: 0.9ms
[99.186s][info][gc,phases      ] GC(204)   Other: 0.1ms
[99.186s][info][gc,heap        ] GC(204) Eden regions: 799->0(810)
[99.186s][info][gc,heap        ] GC(204) Survivor regions: 11->11(54)
[99.186s][info][gc,heap        ] GC(204) Old regions: 55->53
[99.186s][info][gc,heap        ] GC(204) Archive regions: 0->0
[99.186s][info][gc,heap        ] GC(204) Humongous regions: 1129->1060
[99.186s][info][gc,metaspace   ] GC(204) Metaspace: 124661K(126720K)->124661K(126720K) NonClass: 105655K(106304K)->105655K(106304K) Class: 19006K(20416K)->19006K(20416K)
[99.186s][info][gc             ] GC(204) Pause Young (Mixed) (G1 Evacuation Pause) 1982M->1115M(2048M) 4.310ms
[99.186s][info][gc,cpu         ] GC(204) User=0.00s Sys=0.00s Real=0.00s
[99.195s][info][gc,start       ] GC(205) Pause Young (Concurrent Start) (G1 Humongous Allocation)
[99.196s][info][gc,task        ] GC(205) Using 33 workers of 33 for evacuation
[99.199s][info][gc,phases      ] GC(205)   Pre Evacuate Collection Set: 0.5ms
[99.199s][info][gc,phases      ] GC(205)   Merge Heap Roots: 0.1ms
[99.199s][info][gc,phases      ] GC(205)   Evacuate Collection Set: 2.3ms
[99.199s][info][gc,phases      ] GC(205)   Post Evacuate Collection Set: 0.8ms
[99.199s][info][gc,phases      ] GC(205)   Other: 0.1ms
[99.199s][info][gc,heap        ] GC(205) Eden regions: 108->0(818)
[99.199s][info][gc,heap        ] GC(205) Survivor regions: 11->11(103)
[99.199s][info][gc,heap        ] GC(205) Old regions: 53->53
[99.199s][info][gc,heap        ] GC(205) Archive regions: 0->0
[99.199s][info][gc,heap        ] GC(205) Humongous regions: 1060->1052
[99.199s][info][gc,metaspace   ] GC(205) Metaspace: 124661K(126720K)->124661K(126720K) NonClass: 105655K(106304K)->105655K(106304K) Class: 19006K(20416K)->19006K(20416K)
[99.199s][info][gc             ] GC(205) Pause Young (Concurrent Start) (G1 Humongous Allocation) 1223M->1107M(2048M) 3.945ms
[99.199s][info][gc             ] GC(206) Concurrent Mark Cycle
[99.199s][info][gc,cpu         ] GC(205) User=0.00s Sys=0.00s Real=0.00s
[99.200s][info][gc,marking     ] GC(206) Concurrent Scan Root Regions
[99.215s][info][gc,marking     ] GC(206) Concurrent Scan Root Regions 15.181ms
[99.215s][info][gc,marking     ] GC(206) Concurrent Mark
[99.215s][info][gc,marking     ] GC(206) Concurrent Mark From Roots
[99.215s][info][gc,task        ] GC(206) Using 8 workers of 8 for marking
[99.261s][info][gc,marking     ] GC(206) Concurrent Mark From Roots 46.171ms
[99.261s][info][gc,marking     ] GC(206) Concurrent Preclean
[99.263s][info][gc,marking     ] GC(206) Concurrent Preclean 1.577ms
[99.264s][info][gc,start       ] GC(206) Pause Remark
[99.267s][info][gc             ] GC(206) Pause Remark 1912M->1912M(2048M) 2.792ms
[99.267s][info][gc,cpu         ] GC(206) User=0.00s Sys=0.00s Real=0.00s
[99.267s][info][gc,marking     ] GC(206) Concurrent Mark 52.308ms
[99.267s][info][gc,marking     ] GC(206) Concurrent Rebuild Remembered Sets and Scrub Regions
[99.271s][info][gc,start       ] GC(207) Pause Young (Normal) (G1 Evacuation Pause)
[99.271s][info][gc,task        ] GC(207) Using 33 workers of 33 for evacuation
[99.274s][info][gc,phases      ] GC(207)   Pre Evacuate Collection Set: 0.3ms
[99.274s][info][gc,phases      ] GC(207)   Merge Heap Roots: 0.3ms
[99.274s][info][gc,phases      ] GC(207)   Evacuate Collection Set: 1.8ms
[99.274s][info][gc,phases      ] GC(207)   Post Evacuate Collection Set: 0.9ms
[99.274s][info][gc,phases      ] GC(207)   Other: 0.1ms
[99.274s][info][gc,heap        ] GC(207) Eden regions: 818->0(807)
[99.274s][info][gc,heap        ] GC(207) Survivor regions: 11->11(87)
[99.274s][info][gc,heap        ] GC(207) Old regions: 53->53
[99.274s][info][gc,heap        ] GC(207) Archive regions: 0->0
[99.274s][info][gc,heap        ] GC(207) Humongous regions: 1079->1063
[99.274s][info][gc,metaspace   ] GC(207) Metaspace: 124661K(126720K)->124661K(126720K) NonClass: 105655K(106304K)->105655K(106304K) Class: 19006K(20416K)->19006K(20416K)
[99.274s][info][gc             ] GC(207) Pause Young (Normal) (G1 Evacuation Pause) 1952M->1117M(2048M) 3.630ms
[99.274s][info][gc,cpu         ] GC(207) User=0.00s Sys=0.00s Real=0.00s
[99.287s][info][gc,marking     ] GC(206) Concurrent Rebuild Remembered Sets and Scrub Regions 19.671ms
[99.289s][info][gc,start       ] GC(206) Pause Cleanup
[99.289s][info][gc             ] GC(206) Pause Cleanup 1285M->1285M(2048M) 0.334ms
[99.289s][info][gc,cpu         ] GC(206) User=0.00s Sys=0.00s Real=0.00s
[99.289s][info][gc,marking     ] GC(206) Concurrent Clear Claimed Marks
[99.290s][info][gc,marking     ] GC(206) Concurrent Clear Claimed Marks 0.819ms
[99.290s][info][gc,marking     ] GC(206) Concurrent Cleanup for Next Mark
[99.297s][info][gc,marking     ] GC(206) Concurrent Cleanup for Next Mark 6.460ms
[99.297s][info][gc             ] GC(206) Concurrent Mark Cycle 97.578ms
[99.345s][info][gc,start       ] GC(208) Pause Young (Prepare Mixed) (G1 Evacuation Pause)
[99.345s][info][gc,task        ] GC(208) Using 33 workers of 33 for evacuation
[99.349s][info][gc,phases      ] GC(208)   Pre Evacuate Collection Set: 0.3ms
[99.349s][info][gc,phases      ] GC(208)   Merge Heap Roots: 0.7ms
[99.349s][info][gc,phases      ] GC(208)   Evacuate Collection Set: 2.0ms
[99.349s][info][gc,phases      ] GC(208)   Post Evacuate Collection Set: 0.9ms
[99.349s][info][gc,phases      ] GC(208)   Other: 0.1ms
[99.349s][info][gc,heap        ] GC(208) Eden regions: 807->0(806)
[99.349s][info][gc,heap        ] GC(208) Survivor regions: 11->12(67)
[99.349s][info][gc,heap        ] GC(208) Old regions: 53->53
[99.349s][info][gc,heap        ] GC(208) Archive regions: 0->0
[99.349s][info][gc,heap        ] GC(208) Humongous regions: 1110->1062
[99.349s][info][gc,metaspace   ] GC(208) Metaspace: 124661K(126720K)->124661K(126720K) NonClass: 105655K(106304K)->105655K(106304K) Class: 19006K(20416K)->19006K(20416K)
[99.349s][info][gc             ] GC(208) Pause Young (Prepare Mixed) (G1 Evacuation Pause) 1971M->1118M(2048M) 4.268ms
[99.349s][info][gc,cpu         ] GC(208) User=0.00s Sys=0.00s Real=0.00s
[99.412s][info][gc,start       ] GC(209) Pause Young (Mixed) (G1 Evacuation Pause)
[99.412s][info][gc,task        ] GC(209) Using 33 workers of 33 for evacuation
[99.416s][info][gc,phases      ] GC(209)   Pre Evacuate Collection Set: 0.4ms
[99.416s][info][gc,phases      ] GC(209)   Merge Heap Roots: 0.3ms
[99.416s][info][gc,phases      ] GC(209)   Evacuate Collection Set: 2.5ms
[99.416s][info][gc,phases      ] GC(209)   Post Evacuate Collection Set: 0.8ms
[99.416s][info][gc,phases      ] GC(209)   Other: 0.1ms
[99.416s][info][gc,heap        ] GC(209) Eden regions: 806->0(797)
[99.416s][info][gc,heap        ] GC(209) Survivor regions: 12->10(94)
[99.416s][info][gc,heap        ] GC(209) Old regions: 53->52
[99.416s][info][gc,heap        ] GC(209) Archive regions: 0->0
[99.416s][info][gc,heap        ] GC(209) Humongous regions: 1083->1076
[99.416s][info][gc,metaspace   ] GC(209) Metaspace: 124661K(126720K)->124661K(126720K) NonClass: 105655K(106304K)->105655K(106304K) Class: 19006K(20416K)->19006K(20416K)
[99.416s][info][gc             ] GC(209) Pause Young (Mixed) (G1 Evacuation Pause) 1945M->1130M(2048M) 4.318ms
[99.416s][info][gc,cpu         ] GC(209) User=0.59s Sys=0.00s Real=0.02s
[99.419s][info][gc,start       ] GC(210) Pause Young (Concurrent Start) (G1 Humongous Allocation)
[99.419s][info][gc,task        ] GC(210) Using 33 workers of 33 for evacuation
[99.422s][info][gc,phases      ] GC(210)   Pre Evacuate Collection Set: 0.4ms
[99.422s][info][gc,phases      ] GC(210)   Merge Heap Roots: 0.1ms
[99.422s][info][gc,phases      ] GC(210)   Evacuate Collection Set: 2.0ms
[99.422s][info][gc,phases      ] GC(210)   Post Evacuate Collection Set: 0.5ms
[99.422s][info][gc,phases      ] GC(210)   Other: 0.0ms
[99.422s][info][gc,heap        ] GC(210) Eden regions: 32->0(805)
[99.422s][info][gc,heap        ] GC(210) Survivor regions: 10->3(101)
[99.422s][info][gc,heap        ] GC(210) Old regions: 52->60
[99.422s][info][gc,heap        ] GC(210) Archive regions: 0->0
[99.422s][info][gc,heap        ] GC(210) Humongous regions: 1076->1074
[99.422s][info][gc,metaspace   ] GC(210) Metaspace: 124661K(126720K)->124661K(126720K) NonClass: 105655K(106304K)->105655K(106304K) Class: 19006K(20416K)->19006K(20416K)
[99.422s][info][gc             ] GC(210) Pause Young (Concurrent Start) (G1 Humongous Allocation) 1162M->1129M(2048M) 3.248ms
[99.422s][info][gc             ] GC(211) Concurrent Mark Cycle
[99.422s][info][gc,cpu         ] GC(210) User=0.00s Sys=0.00s Real=0.00s
[99.422s][info][gc,marking     ] GC(211) Concurrent Scan Root Regions
[99.439s][info][gc,marking     ] GC(211) Concurrent Scan Root Regions 17.539ms
[99.440s][info][gc,marking     ] GC(211) Concurrent Mark
[99.440s][info][gc,marking     ] GC(211) Concurrent Mark From Roots
[99.440s][info][gc,task        ] GC(211) Using 8 workers of 8 for marking
[99.486s][info][gc,start       ] GC(212) Pause Young (Normal) (G1 Evacuation Pause)
[99.486s][info][gc,task        ] GC(212) Using 33 workers of 33 for evacuation
[99.488s][info][gc,phases      ] GC(212)   Pre Evacuate Collection Set: 0.3ms
[99.488s][info][gc,phases      ] GC(212)   Merge Heap Roots: 0.3ms
[99.488s][info][gc,phases      ] GC(212)   Evacuate Collection Set: 0.7ms
[99.488s][info][gc,phases      ] GC(212)   Post Evacuate Collection Set: 0.7ms
[99.488s][info][gc,phases      ] GC(212)   Other: 0.1ms
[99.488s][info][gc,heap        ] GC(212) Eden regions: 805->0(805)
[99.488s][info][gc,heap        ] GC(212) Survivor regions: 3->2(98)
[99.488s][info][gc,heap        ] GC(212) Old regions: 60->60
[99.488s][info][gc,heap        ] GC(212) Archive regions: 0->0
[99.488s][info][gc,heap        ] GC(212) Humongous regions: 1082->1076
[99.488s][info][gc,metaspace   ] GC(212) Metaspace: 124661K(126720K)->124661K(126720K) NonClass: 105655K(106304K)->105655K(106304K) Class: 19006K(20416K)->19006K(20416K)
[99.488s][info][gc             ] GC(212) Pause Young (Normal) (G1 Evacuation Pause) 1942M->1130M(2048M) 2.352ms
[99.488s][info][gc,cpu         ] GC(212) User=0.00s Sys=0.00s Real=0.00s
[99.488s][info][gc,marking     ] GC(211) Concurrent Mark From Roots 48.480ms
[99.488s][info][gc,marking     ] GC(211) Concurrent Preclean
[99.491s][info][gc,marking     ] GC(211) Concurrent Preclean 2.488ms
[99.492s][info][gc,start       ] GC(211) Pause Remark
[99.495s][info][gc             ] GC(211) Pause Remark 1187M->1187M(2048M) 2.951ms
[99.495s][info][gc,cpu         ] GC(211) User=0.00s Sys=0.00s Real=0.00s
[99.495s][info][gc,marking     ] GC(211) Concurrent Mark 55.189ms
[99.495s][info][gc,marking     ] GC(211) Concurrent Rebuild Remembered Sets and Scrub Regions
[99.512s][info][gc,marking     ] GC(211) Concurrent Rebuild Remembered Sets and Scrub Regions 17.262ms
[99.513s][info][gc,start       ] GC(211) Pause Cleanup
[99.513s][info][gc             ] GC(211) Pause Cleanup 1416M->1416M(2048M) 0.333ms
[99.513s][info][gc,cpu         ] GC(211) User=0.00s Sys=0.00s Real=0.00s
[99.514s][info][gc,marking     ] GC(211) Concurrent Clear Claimed Marks
[99.515s][info][gc,marking     ] GC(211) Concurrent Clear Claimed Marks 1.092ms
[99.515s][info][gc,marking     ] GC(211) Concurrent Cleanup for Next Mark
[99.522s][info][gc,marking     ] GC(211) Concurrent Cleanup for Next Mark 7.125ms
[99.522s][info][gc             ] GC(211) Concurrent Mark Cycle 100.464ms
[99.557s][info][gc,start       ] GC(213) Pause Young (Prepare Mixed) (G1 Evacuation Pause)
[99.557s][info][gc,task        ] GC(213) Using 33 workers of 33 for evacuation
[99.560s][info][gc,phases      ] GC(213)   Pre Evacuate Collection Set: 0.3ms
[99.560s][info][gc,phases      ] GC(213)   Merge Heap Roots: 0.8ms
[99.560s][info][gc,phases      ] GC(213)   Evacuate Collection Set: 0.7ms
[99.560s][info][gc,phases      ] GC(213)   Post Evacuate Collection Set: 0.8ms
[99.560s][info][gc,phases      ] GC(213)   Other: 0.1ms
[99.560s][info][gc,heap        ] GC(213) Eden regions: 805->0(789)
[99.560s][info][gc,heap        ] GC(213) Survivor regions: 2->2(69)
[99.560s][info][gc,heap        ] GC(213) Old regions: 60->60
[99.560s][info][gc,heap        ] GC(213) Archive regions: 0->0
[99.560s][info][gc,heap        ] GC(213) Humongous regions: 1112->1092
[99.560s][info][gc,metaspace   ] GC(213) Metaspace: 124661K(126720K)->124661K(126720K) NonClass: 105655K(106304K)->105655K(106304K) Class: 19006K(20416K)->19006K(20416K)
[99.560s][info][gc             ] GC(213) Pause Young (Prepare Mixed) (G1 Evacuation Pause) 1971M->1146M(2048M) 2.938ms
[99.560s][info][gc,cpu         ] GC(213) User=0.00s Sys=0.00s Real=0.00s
[99.621s][info][gc,start       ] GC(214) Pause Young (Mixed) (G1 Evacuation Pause)
[99.621s][info][gc,task        ] GC(214) Using 33 workers of 33 for evacuation
[99.624s][info][gc,phases      ] GC(214)   Pre Evacuate Collection Set: 0.3ms
[99.624s][info][gc,phases      ] GC(214)   Merge Heap Roots: 0.3ms
[99.624s][info][gc,phases      ] GC(214)   Evacuate Collection Set: 1.5ms
[99.624s][info][gc,phases      ] GC(214)   Post Evacuate Collection Set: 0.7ms
[99.624s][info][gc,phases      ] GC(214)   Other: 0.1ms
[99.624s][info][gc,heap        ] GC(214) Eden regions: 789->0(776)
[99.624s][info][gc,heap        ] GC(214) Survivor regions: 2->2(83)
[99.624s][info][gc,heap        ] GC(214) Old regions: 60->59
[99.624s][info][gc,heap        ] GC(214) Archive regions: 0->0
[99.624s][info][gc,heap        ] GC(214) Humongous regions: 1114->1106
[99.624s][info][gc,metaspace   ] GC(214) Metaspace: 124661K(126720K)->124661K(126720K) NonClass: 105655K(106304K)->105655K(106304K) Class: 19006K(20416K)->19006K(20416K)
[99.624s][info][gc             ] GC(214) Pause Young (Mixed) (G1 Evacuation Pause) 1957M->1160M(2048M) 3.173ms
[99.624s][info][gc,cpu         ] GC(214) User=0.05s Sys=0.00s Real=0.01s
[99.627s][info][gc,start       ] GC(215) Pause Young (Concurrent Start) (G1 Humongous Allocation)
[99.627s][info][gc,task        ] GC(215) Using 33 workers of 33 for evacuation
[99.630s][info][gc,phases      ] GC(215)   Pre Evacuate Collection Set: 0.4ms
[99.630s][info][gc,phases      ] GC(215)   Merge Heap Roots: 0.1ms
[99.630s][info][gc,phases      ] GC(215)   Evacuate Collection Set: 1.4ms
[99.630s][info][gc,phases      ] GC(215)   Post Evacuate Collection Set: 0.5ms
[99.630s][info][gc,phases      ] GC(215)   Other: 0.0ms
[99.630s][info][gc,heap        ] GC(215) Eden regions: 43->0(780)
[99.630s][info][gc,heap        ] GC(215) Survivor regions: 2->2(98)
[99.630s][info][gc,heap        ] GC(215) Old regions: 59->59
[99.630s][info][gc,heap        ] GC(215) Archive regions: 0->0
[99.630s][info][gc,heap        ] GC(215) Humongous regions: 1106->1102
[99.630s][info][gc,metaspace   ] GC(215) Metaspace: 124661K(126720K)->124661K(126720K) NonClass: 105655K(106304K)->105655K(106304K) Class: 19006K(20416K)->19006K(20416K)
[99.630s][info][gc             ] GC(215) Pause Young (Concurrent Start) (G1 Humongous Allocation) 1203M->1156M(2048M) 2.554ms
[99.630s][info][gc             ] GC(216) Concurrent Mark Cycle
[99.630s][info][gc,cpu         ] GC(215) User=0.00s Sys=0.00s Real=0.00s
[99.630s][info][gc,marking     ] GC(216) Concurrent Scan Root Regions
[99.644s][info][gc,marking     ] GC(216) Concurrent Scan Root Regions 14.623ms
[99.645s][info][gc,marking     ] GC(216) Concurrent Mark
[99.645s][info][gc,marking     ] GC(216) Concurrent Mark From Roots
[99.645s][info][gc,task        ] GC(216) Using 8 workers of 8 for marking
[99.691s][info][gc,marking     ] GC(216) Concurrent Mark From Roots 46.472ms
[99.692s][info][gc,marking     ] GC(216) Concurrent Preclean
[99.693s][info][gc,start       ] GC(217) Pause Young (Normal) (G1 Evacuation Pause)
[99.693s][info][gc,task        ] GC(217) Using 33 workers of 33 for evacuation
[99.696s][info][gc,phases      ] GC(217)   Pre Evacuate Collection Set: 0.3ms
[99.696s][info][gc,phases      ] GC(217)   Merge Heap Roots: 0.3ms
[99.696s][info][gc,phases      ] GC(217)   Evacuate Collection Set: 0.8ms
[99.696s][info][gc,phases      ] GC(217)   Post Evacuate Collection Set: 0.7ms
[99.696s][info][gc,phases      ] GC(217)   Other: 0.1ms
[99.696s][info][gc,heap        ] GC(217) Eden regions: 780->0(774)
[99.696s][info][gc,heap        ] GC(217) Survivor regions: 2->3(56)
[99.696s][info][gc,heap        ] GC(217) Old regions: 59->59
[99.696s][info][gc,heap        ] GC(217) Archive regions: 0->0
[99.696s][info][gc,heap        ] GC(217) Humongous regions: 1151->1106
[99.696s][info][gc,metaspace   ] GC(217) Metaspace: 124661K(126720K)->124661K(126720K) NonClass: 105655K(106304K)->105655K(106304K) Class: 19006K(20416K)->19006K(20416K)
[99.696s][info][gc             ] GC(217) Pause Young (Normal) (G1 Evacuation Pause) 1985M->1161M(2048M) 2.388ms
[99.696s][info][gc,cpu         ] GC(217) User=0.39s Sys=0.16s Real=0.00s
[99.697s][info][gc,marking     ] GC(216) Concurrent Preclean 4.847ms
[99.698s][info][gc,start       ] GC(216) Pause Remark
[99.700s][info][gc             ] GC(216) Pause Remark 1182M->1182M(2048M) 2.401ms
[99.700s][info][gc,cpu         ] GC(216) User=0.00s Sys=0.00s Real=0.00s
[99.700s][info][gc,marking     ] GC(216) Concurrent Mark 55.448ms
[99.700s][info][gc,marking     ] GC(216) Concurrent Rebuild Remembered Sets and Scrub Regions
[99.717s][info][gc,marking     ] GC(216) Concurrent Rebuild Remembered Sets and Scrub Regions 17.028ms
[99.719s][info][gc,start       ] GC(216) Pause Cleanup
[99.719s][info][gc             ] GC(216) Pause Cleanup 1422M->1422M(2048M) 0.344ms
[99.719s][info][gc,cpu         ] GC(216) User=0.00s Sys=0.00s Real=0.00s
[99.720s][info][gc,marking     ] GC(216) Concurrent Clear Claimed Marks
[99.721s][info][gc,marking     ] GC(216) Concurrent Clear Claimed Marks 1.204ms
[99.721s][info][gc,marking     ] GC(216) Concurrent Cleanup for Next Mark
[99.730s][info][gc,marking     ] GC(216) Concurrent Cleanup for Next Mark 8.916ms
[99.730s][info][gc             ] GC(216) Concurrent Mark Cycle 100.576ms
[99.762s][info][gc,start       ] GC(218) Pause Young (Prepare Mixed) (G1 Evacuation Pause)
[99.762s][info][gc,task        ] GC(218) Using 33 workers of 33 for evacuation
[99.764s][info][gc,phases      ] GC(218)   Pre Evacuate Collection Set: 0.3ms
[99.764s][info][gc,phases      ] GC(218)   Merge Heap Roots: 0.8ms
[99.764s][info][gc,phases      ] GC(218)   Evacuate Collection Set: 0.7ms
[99.764s][info][gc,phases      ] GC(218)   Post Evacuate Collection Set: 0.7ms
[99.764s][info][gc,phases      ] GC(218)   Other: 0.1ms
[99.764s][info][gc,heap        ] GC(218) Eden regions: 774->0(776)
[99.764s][info][gc,heap        ] GC(218) Survivor regions: 3->3(85)
[99.764s][info][gc,heap        ] GC(218) Old regions: 59->59
[99.764s][info][gc,heap        ] GC(218) Archive regions: 0->0
[99.764s][info][gc,heap        ] GC(218) Humongous regions: 1127->1104
[99.764s][info][gc,metaspace   ] GC(218) Metaspace: 124663K(126720K)->124663K(126720K) NonClass: 105657K(106304K)->105657K(106304K) Class: 19006K(20416K)->19006K(20416K)
[99.764s][info][gc             ] GC(218) Pause Young (Prepare Mixed) (G1 Evacuation Pause) 1956M->1159M(2048M) 2.732ms
[99.764s][info][gc,cpu         ] GC(218) User=0.00s Sys=0.00s Real=0.00s
[99.827s][info][gc,start       ] GC(219) Pause Young (Mixed) (G1 Evacuation Pause)
[99.827s][info][gc,task        ] GC(219) Using 33 workers of 33 for evacuation
[99.830s][info][gc,phases      ] GC(219)   Pre Evacuate Collection Set: 0.3ms
[99.830s][info][gc,phases      ] GC(219)   Merge Heap Roots: 0.3ms
[99.830s][info][gc,phases      ] GC(219)   Evacuate Collection Set: 1.3ms
[99.830s][info][gc,phases      ] GC(219)   Post Evacuate Collection Set: 0.7ms
[99.830s][info][gc,phases      ] GC(219)   Other: 0.1ms
[99.830s][info][gc,heap        ] GC(219) Eden regions: 776->0(771)
[99.830s][info][gc,heap        ] GC(219) Survivor regions: 3->3(42)
[99.830s][info][gc,heap        ] GC(219) Old regions: 59->58
[99.830s][info][gc,heap        ] GC(219) Archive regions: 0->0
[99.830s][info][gc,heap        ] GC(219) Humongous regions: 1168->1110
[99.830s][info][gc,metaspace   ] GC(219) Metaspace: 124665K(126720K)->124665K(126720K) NonClass: 105659K(106304K)->105659K(106304K) Class: 19006K(20416K)->19006K(20416K)
[99.830s][info][gc             ] GC(219) Pause Young (Mixed) (G1 Evacuation Pause) 1999M->1166M(2048M) 2.933ms
[99.830s][info][gc,cpu         ] GC(219) User=0.00s Sys=0.00s Real=0.00s
[99.837s][info][gc,start       ] GC(220) Pause Young (Concurrent Start) (G1 Humongous Allocation)
[99.837s][info][gc,task        ] GC(220) Using 33 workers of 33 for evacuation
[99.840s][info][gc,phases      ] GC(220)   Pre Evacuate Collection Set: 0.4ms
[99.840s][info][gc,phases      ] GC(220)   Merge Heap Roots: 0.1ms
[99.840s][info][gc,phases      ] GC(220)   Evacuate Collection Set: 1.5ms
[99.840s][info][gc,phases      ] GC(220)   Post Evacuate Collection Set: 0.6ms
[99.840s][info][gc,phases      ] GC(220)   Other: 0.0ms
[99.840s][info][gc,heap        ] GC(220) Eden regions: 99->0(774)
[99.840s][info][gc,heap        ] GC(220) Survivor regions: 3->4(97)
[99.840s][info][gc,heap        ] GC(220) Old regions: 58->58
[99.840s][info][gc,heap        ] GC(220) Archive regions: 0->0
[99.840s][info][gc,heap        ] GC(220) Humongous regions: 1110->1105
[99.840s][info][gc,metaspace   ] GC(220) Metaspace: 124666K(126720K)->124666K(126720K) NonClass: 105659K(106304K)->105659K(106304K) Class: 19007K(20416K)->19007K(20416K)
[99.840s][info][gc             ] GC(220) Pause Young (Concurrent Start) (G1 Humongous Allocation) 1265M->1161M(2048M) 2.821ms
[99.840s][info][gc             ] GC(221) Concurrent Mark Cycle
[99.840s][info][gc,cpu         ] GC(220) User=0.00s Sys=0.00s Real=0.00s
[99.840s][info][gc,marking     ] GC(221) Concurrent Scan Root Regions
[99.855s][info][gc,marking     ] GC(221) Concurrent Scan Root Regions 14.996ms
[99.855s][info][gc,marking     ] GC(221) Concurrent Mark
[99.855s][info][gc,marking     ] GC(221) Concurrent Mark From Roots
[99.855s][info][gc,task        ] GC(221) Using 8 workers of 8 for marking
[99.900s][info][gc,start       ] GC(222) Pause Young (Normal) (G1 Evacuation Pause)
[99.900s][info][gc,task        ] GC(222) Using 33 workers of 33 for evacuation
[99.903s][info][gc,phases      ] GC(222)   Pre Evacuate Collection Set: 0.3ms
[99.903s][info][gc,phases      ] GC(222)   Merge Heap Roots: 0.3ms
[99.903s][info][gc,phases      ] GC(222)   Evacuate Collection Set: 1.0ms
[99.903s][info][gc,phases      ] GC(222)   Post Evacuate Collection Set: 0.7ms
[99.903s][info][gc,phases      ] GC(222)   Other: 0.1ms
[99.903s][info][gc,heap        ] GC(222) Eden regions: 774->0(760)
[99.903s][info][gc,heap        ] GC(222) Survivor regions: 4->3(77)
[99.903s][info][gc,heap        ] GC(222) Old regions: 58->58
[99.903s][info][gc,heap        ] GC(222) Archive regions: 0->0
[99.903s][info][gc,heap        ] GC(222) Humongous regions: 1135->1121
[99.903s][info][gc,metaspace   ] GC(222) Metaspace: 124668K(126784K)->124668K(126784K) NonClass: 105661K(106368K)->105661K(106368K) Class: 19007K(20416K)->19007K(20416K)
[99.903s][info][gc             ] GC(222) Pause Young (Normal) (G1 Evacuation Pause) 1965M->1176M(2048M) 2.599ms
[99.903s][info][gc,cpu         ] GC(222) User=0.00s Sys=0.00s Real=0.00s
[99.904s][info][gc,marking     ] GC(221) Concurrent Mark From Roots 49.195ms
[99.904s][info][gc,marking     ] GC(221) Concurrent Preclean
[99.908s][info][gc,marking     ] GC(221) Concurrent Preclean 3.266ms
[99.909s][info][gc,start       ] GC(221) Pause Remark
[99.911s][info][gc             ] GC(221) Pause Remark 1249M->1249M(2048M) 2.402ms
[99.911s][info][gc,cpu         ] GC(221) User=0.00s Sys=0.00s Real=0.00s
[99.911s][info][gc,marking     ] GC(221) Concurrent Mark 56.523ms
[99.912s][info][gc,marking     ] GC(221) Concurrent Rebuild Remembered Sets and Scrub Regions
[99.936s][info][gc,marking     ] GC(221) Concurrent Rebuild Remembered Sets and Scrub Regions 24.117ms
[99.937s][info][gc,start       ] GC(221) Pause Cleanup
[99.937s][info][gc             ] GC(221) Pause Cleanup 1577M->1577M(2048M) 0.356ms
[99.937s][info][gc,cpu         ] GC(221) User=0.00s Sys=0.00s Real=0.00s
[99.937s][info][gc,marking     ] GC(221) Concurrent Clear Claimed Marks
[99.938s][info][gc,marking     ] GC(221) Concurrent Clear Claimed Marks 0.960ms
[99.938s][info][gc,marking     ] GC(221) Concurrent Cleanup for Next Mark
[99.946s][info][gc,marking     ] GC(221) Concurrent Cleanup for Next Mark 7.328ms
[99.946s][info][gc             ] GC(221) Concurrent Mark Cycle 106.116ms
[99.971s][info][gc,start       ] GC(223) Pause Young (Prepare Mixed) (G1 Evacuation Pause)
[99.971s][info][gc,task        ] GC(223) Using 33 workers of 33 for evacuation
[99.974s][info][gc,phases      ] GC(223)   Pre Evacuate Collection Set: 0.3ms
[99.974s][info][gc,phases      ] GC(223)   Merge Heap Roots: 0.8ms
[99.974s][info][gc,phases      ] GC(223)   Evacuate Collection Set: 1.0ms
[99.974s][info][gc,phases      ] GC(223)   Post Evacuate Collection Set: 0.8ms
[99.974s][info][gc,phases      ] GC(223)   Other: 0.1ms
[99.974s][info][gc,heap        ] GC(223) Eden regions: 760->0(759)
[99.974s][info][gc,heap        ] GC(223) Survivor regions: 3->4(61)
[99.974s][info][gc,heap        ] GC(223) Old regions: 58->59
[99.974s][info][gc,heap        ] GC(223) Archive regions: 0->0
[99.974s][info][gc,heap        ] GC(223) Humongous regions: 1166->1119
[99.974s][info][gc,metaspace   ] GC(223) Metaspace: 124672K(126784K)->124672K(126784K) NonClass: 105665K(106368K)->105665K(106368K) Class: 19007K(20416K)->19007K(20416K)
[99.974s][info][gc             ] GC(223) Pause Young (Prepare Mixed) (G1 Evacuation Pause) 1981M->1176M(2048M) 3.275ms
[99.974s][info][gc,cpu         ] GC(223) User=0.00s Sys=0.00s Real=0.00s
[100.031s][info][gc,start       ] GC(224) Pause Young (Mixed) (G1 Humongous Allocation)
[100.032s][info][gc,task        ] GC(224) Using 33 workers of 33 for evacuation
[100.035s][info][gc,phases      ] GC(224)   Pre Evacuate Collection Set: 0.3ms
[100.035s][info][gc,phases      ] GC(224)   Merge Heap Roots: 0.3ms
[100.035s][info][gc,phases      ] GC(224)   Evacuate Collection Set: 1.6ms
[100.035s][info][gc,phases      ] GC(224)   Post Evacuate Collection Set: 0.8ms
[100.035s][info][gc,phases      ] GC(224)   Other: 0.1ms
[100.035s][info][gc,heap        ] GC(224) Eden regions: 733->0(736)
[100.035s][info][gc,heap        ] GC(224) Survivor regions: 4->5(82)
[100.035s][info][gc,heap        ] GC(224) Old regions: 59->57
[100.035s][info][gc,heap        ] GC(224) Archive regions: 0->0
[100.035s][info][gc,heap        ] GC(224) Humongous regions: 1170->1142
[100.035s][info][gc,metaspace   ] GC(224) Metaspace: 124678K(126784K)->124678K(126784K) NonClass: 105671K(106368K)->105671K(106368K) Class: 19007K(20416K)->19007K(20416K)
[100.035s][info][gc             ] GC(224) Pause Young (Mixed) (G1 Humongous Allocation) 1960M->1200M(2048M) 3.290ms
[100.035s][info][gc,cpu         ] GC(224) User=0.00s Sys=0.00s Real=0.00s
[100.042s][info][gc,start       ] GC(225) Pause Young (Concurrent Start) (G1 Humongous Allocation)
[100.042s][info][gc,task        ] GC(225) Using 33 workers of 33 for evacuation
[100.045s][info][gc,phases      ] GC(225)   Pre Evacuate Collection Set: 0.4ms
[100.045s][info][gc,phases      ] GC(225)   Merge Heap Roots: 0.1ms
[100.045s][info][gc,phases      ] GC(225)   Evacuate Collection Set: 1.5ms
[100.045s][info][gc,phases      ] GC(225)   Post Evacuate Collection Set: 0.6ms
[100.045s][info][gc,phases      ] GC(225)   Other: 0.0ms
[100.045s][info][gc,heap        ] GC(225) Eden regions: 87->0(729)
[100.045s][info][gc,heap        ] GC(225) Survivor regions: 5->5(93)
[100.045s][info][gc,heap        ] GC(225) Old regions: 57->57
[100.045s][info][gc,heap        ] GC(225) Archive regions: 0->0
[100.045s][info][gc,heap        ] GC(225) Humongous regions: 1149->1149
[100.045s][info][gc,metaspace   ] GC(225) Metaspace: 124680K(126784K)->124680K(126784K) NonClass: 105673K(106368K)->105673K(106368K) Class: 19007K(20416K)->19007K(20416K)
[100.045s][info][gc             ] GC(225) Pause Young (Concurrent Start) (G1 Humongous Allocation) 1294M->1207M(2048M) 2.916ms
[100.045s][info][gc             ] GC(226) Concurrent Mark Cycle
[100.045s][info][gc,cpu         ] GC(225) User=0.00s Sys=0.00s Real=0.00s
[100.045s][info][gc,marking     ] GC(226) Concurrent Scan Root Regions
[100.055s][info][gc,marking     ] GC(226) Concurrent Scan Root Regions 9.903ms
[100.055s][info][gc,marking     ] GC(226) Concurrent Mark
[100.055s][info][gc,marking     ] GC(226) Concurrent Mark From Roots
[100.055s][info][gc,task        ] GC(226) Using 8 workers of 8 for marking
[100.096s][info][gc,marking     ] GC(226) Concurrent Mark From Roots 41.430ms
[100.096s][info][gc,marking     ] GC(226) Concurrent Preclean
[100.098s][info][gc,marking     ] GC(226) Concurrent Preclean 1.438ms
[100.099s][info][gc,start       ] GC(226) Pause Remark
[100.101s][info][gc             ] GC(226) Pause Remark 1784M->1784M(2048M) 2.444ms
[100.101s][info][gc,cpu         ] GC(226) User=0.00s Sys=0.00s Real=0.00s
[100.101s][info][gc,marking     ] GC(226) Concurrent Mark 46.410ms
[100.101s][info][gc,marking     ] GC(226) Concurrent Rebuild Remembered Sets and Scrub Regions
[100.113s][info][gc,marking     ] GC(226) Concurrent Rebuild Remembered Sets and Scrub Regions 12.087ms
[100.129s][info][gc,start       ] GC(226) Pause Cleanup
[100.129s][info][gc             ] GC(226) Pause Cleanup 1936M->1936M(2048M) 0.346ms
[100.129s][info][gc,cpu         ] GC(226) User=0.00s Sys=0.00s Real=0.00s
[100.129s][info][gc,marking     ] GC(226) Concurrent Clear Claimed Marks
[100.129s][info][gc,marking     ] GC(226) Concurrent Clear Claimed Marks 0.269ms
[100.129s][info][gc,marking     ] GC(226) Concurrent Cleanup for Next Mark
[100.133s][info][gc,marking     ] GC(226) Concurrent Cleanup for Next Mark 3.708ms
[100.133s][info][gc             ] GC(226) Concurrent Mark Cycle 88.379ms
[100.141s][info][gc,start       ] GC(227) Pause Young (Prepare Mixed) (G1 Humongous Allocation)
[100.141s][info][gc,task        ] GC(227) Using 33 workers of 33 for evacuation
[100.145s][info][gc,phases      ] GC(227)   Pre Evacuate Collection Set: 0.3ms
[100.145s][info][gc,phases      ] GC(227)   Merge Heap Roots: 1.0ms
[100.145s][info][gc,phases      ] GC(227)   Evacuate Collection Set: 1.3ms
[100.145s][info][gc,phases      ] GC(227)   Post Evacuate Collection Set: 1.4ms
[100.145s][info][gc,phases      ] GC(227)   Other: 0.1ms
[100.145s][info][gc,heap        ] GC(227) Eden regions: 716->0(632)
[100.145s][info][gc,heap        ] GC(227) Survivor regions: 5->3(3)
[100.145s][info][gc,heap        ] GC(227) Old regions: 57->153
[100.145s][info][gc,heap        ] GC(227) Archive regions: 0->0
[100.145s][info][gc,heap        ] GC(227) Humongous regions: 1267->1154
[100.145s][info][gc,metaspace   ] GC(227) Metaspace: 124739K(126784K)->124739K(126784K) NonClass: 105729K(106368K)->105729K(106368K) Class: 19009K(20416K)->19009K(20416K)
[100.145s][info][gc             ] GC(227) Pause Young (Prepare Mixed) (G1 Humongous Allocation) (Evacuation Failure) 2041M->1306M(2048M) 4.412ms
[100.145s][info][gc,cpu         ] GC(227) User=0.53s Sys=0.00s Real=0.02s
[100.190s][info][gc,start       ] GC(228) Pause Young (Mixed) (G1 Evacuation Pause)
[100.190s][info][gc,task        ] GC(228) Using 33 workers of 33 for evacuation
[100.193s][info][gc,phases      ] GC(228)   Pre Evacuate Collection Set: 0.3ms
[100.193s][info][gc,phases      ] GC(228)   Merge Heap Roots: 0.3ms
[100.193s][info][gc,phases      ] GC(228)   Evacuate Collection Set: 2.1ms
[100.193s][info][gc,phases      ] GC(228)   Post Evacuate Collection Set: 0.8ms
[100.193s][info][gc,phases      ] GC(228)   Other: 0.1ms
[100.193s][info][gc,heap        ] GC(228) Eden regions: 632->0(601)
[100.193s][info][gc,heap        ] GC(228) Survivor regions: 3->5(12)
[100.193s][info][gc,heap        ] GC(228) Old regions: 153->152
[100.193s][info][gc,heap        ] GC(228) Archive regions: 0->0
[100.193s][info][gc,heap        ] GC(228) Humongous regions: 1248->1182
[100.193s][info][gc,metaspace   ] GC(228) Metaspace: 124746K(126848K)->124746K(126848K) NonClass: 105736K(106432K)->105736K(106432K) Class: 19009K(20416K)->19009K(20416K)
[100.193s][info][gc             ] GC(228) Pause Young (Mixed) (G1 Evacuation Pause) 2032M->1335M(2048M) 3.840ms
[100.193s][info][gc,cpu         ] GC(228) User=0.53s Sys=0.00s Real=0.02s
[100.194s][info][gc,start       ] GC(229) Pause Young (Concurrent Start) (G1 Humongous Allocation)
[100.194s][info][gc,task        ] GC(229) Using 33 workers of 33 for evacuation
[100.197s][info][gc,phases      ] GC(229)   Pre Evacuate Collection Set: 0.4ms
[100.197s][info][gc,phases      ] GC(229)   Merge Heap Roots: 0.1ms
[100.197s][info][gc,phases      ] GC(229)   Evacuate Collection Set: 2.0ms
[100.198s][info][gc,phases      ] GC(229)   Post Evacuate Collection Set: 0.5ms
[100.198s][info][gc,phases      ] GC(229)   Other: 0.0ms
[100.198s][info][gc,heap        ] GC(229) Eden regions: 16->0(603)
[100.198s][info][gc,heap        ] GC(229) Survivor regions: 5->4(76)
[100.198s][info][gc,heap        ] GC(229) Old regions: 152->152
[100.198s][info][gc,heap        ] GC(229) Archive regions: 0->0
[100.198s][info][gc,heap        ] GC(229) Humongous regions: 1182->1182
[100.198s][info][gc,metaspace   ] GC(229) Metaspace: 124746K(126848K)->124746K(126848K) NonClass: 105736K(106432K)->105736K(106432K) Class: 19009K(20416K)->19009K(20416K)
[100.198s][info][gc             ] GC(229) Pause Young (Concurrent Start) (G1 Humongous Allocation) 1351M->1335M(2048M) 3.254ms
[100.198s][info][gc             ] GC(230) Concurrent Mark Cycle
[100.198s][info][gc,cpu         ] GC(229) User=0.00s Sys=0.00s Real=0.00s
[100.198s][info][gc,marking     ] GC(230) Concurrent Scan Root Regions
[100.203s][info][gc,marking     ] GC(230) Concurrent Scan Root Regions 5.331ms
[100.203s][info][gc,marking     ] GC(230) Concurrent Mark
[100.203s][info][gc,marking     ] GC(230) Concurrent Mark From Roots
[100.203s][info][gc,task        ] GC(230) Using 8 workers of 8 for marking
[100.234s][info][gc,marking     ] GC(230) Concurrent Mark From Roots 30.428ms
[100.234s][info][gc,marking     ] GC(230) Concurrent Preclean
[100.234s][info][gc,marking     ] GC(230) Concurrent Preclean 0.850ms
[100.235s][info][gc,start       ] GC(230) Pause Remark
[100.238s][info][gc             ] GC(230) Pause Remark 1918M->1889M(2048M) 2.542ms
[100.238s][info][gc,cpu         ] GC(230) User=0.00s Sys=0.00s Real=0.00s
[100.238s][info][gc,marking     ] GC(230) Concurrent Mark 34.813ms
[100.238s][info][gc,marking     ] GC(230) Concurrent Rebuild Remembered Sets and Scrub Regions
[100.245s][info][gc,start       ] GC(231) Pause Young (Normal) (G1 Evacuation Pause)
[100.245s][info][gc,task        ] GC(231) Using 33 workers of 33 for evacuation
[100.248s][info][gc,phases      ] GC(231)   Pre Evacuate Collection Set: 0.3ms
[100.248s][info][gc,phases      ] GC(231)   Merge Heap Roots: 0.6ms
[100.248s][info][gc,phases      ] GC(231)   Evacuate Collection Set: 1.0ms
[100.248s][info][gc,phases      ] GC(231)   Post Evacuate Collection Set: 0.8ms
[100.248s][info][gc,phases      ] GC(231)   Other: 0.1ms
[100.248s][info][gc,heap        ] GC(231) Eden regions: 603->0(606)
[100.248s][info][gc,heap        ] GC(231) Survivor regions: 4->4(55)
[100.248s][info][gc,heap        ] GC(231) Old regions: 133->133
[100.248s][info][gc,heap        ] GC(231) Archive regions: 0->0
[100.248s][info][gc,heap        ] GC(231) Humongous regions: 1253->1198
[100.248s][info][gc,metaspace   ] GC(231) Metaspace: 124765K(126848K)->124765K(126848K) NonClass: 105755K(106432K)->105755K(106432K) Class: 19009K(20416K)->19009K(20416K)
[100.248s][info][gc             ] GC(231) Pause Young (Normal) (G1 Evacuation Pause) 1990M->1331M(2048M) 2.996ms
[100.248s][info][gc,cpu         ] GC(231) User=0.00s Sys=0.00s Real=0.00s
[100.251s][info][gc,marking     ] GC(230) Concurrent Rebuild Remembered Sets and Scrub Regions 13.244ms
[100.251s][info][gc,start       ] GC(230) Pause Cleanup
[100.252s][info][gc             ] GC(230) Pause Cleanup 1377M->1377M(2048M) 0.552ms
[100.252s][info][gc,cpu         ] GC(230) User=0.00s Sys=0.00s Real=0.00s
[100.252s][info][gc,marking     ] GC(230) Concurrent Clear Claimed Marks
[100.252s][info][gc,marking     ] GC(230) Concurrent Clear Claimed Marks 0.185ms
[100.252s][info][gc,marking     ] GC(230) Concurrent Cleanup for Next Mark
[100.255s][info][gc,marking     ] GC(230) Concurrent Cleanup for Next Mark 2.777ms
[100.255s][info][gc             ] GC(230) Concurrent Mark Cycle 57.554ms
[100.285s][info][gc,start       ] GC(232) Pause Young (Prepare Mixed) (G1 Humongous Allocation)
[100.286s][info][gc,task        ] GC(232) Using 33 workers of 33 for evacuation
[100.288s][info][gc,phases      ] GC(232)   Pre Evacuate Collection Set: 0.2ms
[100.288s][info][gc,phases      ] GC(232)   Merge Heap Roots: 0.5ms
[100.288s][info][gc,phases      ] GC(232)   Evacuate Collection Set: 1.3ms
[100.288s][info][gc,phases      ] GC(232)   Post Evacuate Collection Set: 0.7ms
[100.289s][info][gc,phases      ] GC(232)   Other: 0.1ms
[100.289s][info][gc,heap        ] GC(232) Eden regions: 558->0(584)
[100.289s][info][gc,heap        ] GC(232) Survivor regions: 4->3(77)
[100.289s][info][gc,heap        ] GC(232) Old regions: 133->133
[100.289s][info][gc,heap        ] GC(232) Archive regions: 0->0
[100.289s][info][gc,heap        ] GC(232) Humongous regions: 1273->1222
[100.289s][info][gc,metaspace   ] GC(232) Metaspace: 124767K(126848K)->124767K(126848K) NonClass: 105757K(106432K)->105757K(106432K) Class: 19009K(20416K)->19009K(20416K)
[100.289s][info][gc             ] GC(232) Pause Young (Prepare Mixed) (G1 Humongous Allocation) 1964M->1355M(2048M) 3.141ms
[100.289s][info][gc,cpu         ] GC(232) User=0.00s Sys=0.00s Real=0.00s
[100.326s][info][gc,start       ] GC(233) Pause Young (Mixed) (G1 Humongous Allocation)
[100.326s][info][gc,task        ] GC(233) Using 33 workers of 33 for evacuation
[100.329s][info][gc,phases      ] GC(233)   Pre Evacuate Collection Set: 0.3ms
[100.329s][info][gc,phases      ] GC(233)   Merge Heap Roots: 0.3ms
[100.329s][info][gc,phases      ] GC(233)   Evacuate Collection Set: 1.2ms
[100.329s][info][gc,phases      ] GC(233)   Post Evacuate Collection Set: 0.8ms
[100.329s][info][gc,phases      ] GC(233)   Other: 0.1ms
[100.329s][info][gc,heap        ] GC(233) Eden regions: 581->0(588)
[100.329s][info][gc,heap        ] GC(233) Survivor regions: 3->4(15)
[100.329s][info][gc,heap        ] GC(233) Old regions: 133->121
[100.329s][info][gc,heap        ] GC(233) Archive regions: 0->0
[100.329s][info][gc,heap        ] GC(233) Humongous regions: 1316->1228
[100.329s][info][gc,metaspace   ] GC(233) Metaspace: 124778K(126848K)->124778K(126848K) NonClass: 105768K(106432K)->105768K(106432K) Class: 19009K(20416K)->19009K(20416K)
[100.329s][info][gc             ] GC(233) Pause Young (Mixed) (G1 Humongous Allocation) 2030M->1350M(2048M) 3.093ms
[100.329s][info][gc,cpu         ] GC(233) User=0.00s Sys=0.00s Real=0.00s
[100.330s][info][gc,start       ] GC(234) Pause Young (Concurrent Start) (G1 Humongous Allocation)
[100.331s][info][gc,task        ] GC(234) Using 33 workers of 33 for evacuation
[100.334s][info][gc,phases      ] GC(234)   Pre Evacuate Collection Set: 0.4ms
[100.334s][info][gc,phases      ] GC(234)   Merge Heap Roots: 0.1ms
[100.334s][info][gc,phases      ] GC(234)   Evacuate Collection Set: 1.9ms
[100.334s][info][gc,phases      ] GC(234)   Post Evacuate Collection Set: 0.6ms
[100.334s][info][gc,phases      ] GC(234)   Other: 0.0ms
[100.334s][info][gc,heap        ] GC(234) Eden regions: 6->0(581)
[100.334s][info][gc,heap        ] GC(234) Survivor regions: 4->4(74)
[100.334s][info][gc,heap        ] GC(234) Old regions: 121->121
[100.334s][info][gc,heap        ] GC(234) Archive regions: 0->0
[100.334s][info][gc,heap        ] GC(234) Humongous regions: 1235->1235
[100.334s][info][gc,metaspace   ] GC(234) Metaspace: 124778K(126848K)->124778K(126848K) NonClass: 105768K(106432K)->105768K(106432K) Class: 19009K(20416K)->19009K(20416K)
[100.334s][info][gc             ] GC(234) Pause Young (Concurrent Start) (G1 Humongous Allocation) 1363M->1357M(2048M) 3.303ms
[100.334s][info][gc             ] GC(235) Concurrent Mark Cycle
[100.334s][info][gc,cpu         ] GC(234) User=0.00s Sys=0.00s Real=0.00s
[100.334s][info][gc,marking     ] GC(235) Concurrent Scan Root Regions
[100.337s][info][gc,marking     ] GC(235) Concurrent Scan Root Regions 3.134ms
[100.337s][info][gc,marking     ] GC(235) Concurrent Mark
[100.337s][info][gc,marking     ] GC(235) Concurrent Mark From Roots
[100.337s][info][gc,task        ] GC(235) Using 8 workers of 8 for marking
[100.359s][info][gc,marking     ] GC(235) Concurrent Mark From Roots 22.182ms
[100.359s][info][gc,marking     ] GC(235) Concurrent Preclean
[100.360s][info][gc,marking     ] GC(235) Concurrent Preclean 0.612ms
[100.360s][info][gc,start       ] GC(235) Pause Remark
[100.363s][info][gc             ] GC(235) Pause Remark 1751M->1734M(2048M) 2.597ms
[100.363s][info][gc,cpu         ] GC(235) User=0.00s Sys=0.00s Real=0.00s
[100.363s][info][gc,marking     ] GC(235) Concurrent Mark 25.785ms
[100.363s][info][gc,marking     ] GC(235) Concurrent Rebuild Remembered Sets and Scrub Regions
[100.371s][info][gc,marking     ] GC(235) Concurrent Rebuild Remembered Sets and Scrub Regions 7.858ms
[100.372s][info][gc,start       ] GC(235) Pause Cleanup
[100.372s][info][gc             ] GC(235) Pause Cleanup 1878M->1878M(2048M) 0.465ms
[100.372s][info][gc,cpu         ] GC(235) User=0.00s Sys=0.00s Real=0.00s
[100.372s][info][gc,marking     ] GC(235) Concurrent Clear Claimed Marks
[100.372s][info][gc,marking     ] GC(235) Concurrent Clear Claimed Marks 0.194ms
[100.372s][info][gc,marking     ] GC(235) Concurrent Cleanup for Next Mark
[100.375s][info][gc,marking     ] GC(235) Concurrent Cleanup for Next Mark 2.603ms
[100.375s][info][gc             ] GC(235) Concurrent Mark Cycle 41.170ms
[100.378s][info][gc,start       ] GC(236) Pause Young (Prepare Mixed) (G1 Humongous Allocation)
[100.378s][info][gc,task        ] GC(236) Using 33 workers of 33 for evacuation
[100.381s][info][gc,phases      ] GC(236)   Pre Evacuate Collection Set: 0.2ms
[100.381s][info][gc,phases      ] GC(236)   Merge Heap Roots: 0.8ms
[100.381s][info][gc,phases      ] GC(236)   Evacuate Collection Set: 1.0ms
[100.381s][info][gc,phases      ] GC(236)   Post Evacuate Collection Set: 0.7ms
[100.381s][info][gc,phases      ] GC(236)   Other: 0.2ms
[100.381s][info][gc,heap        ] GC(236) Eden regions: 547->0(595)
[100.381s][info][gc,heap        ] GC(236) Survivor regions: 4->3(74)
[100.381s][info][gc,heap        ] GC(236) Old regions: 104->105
[100.381s][info][gc,heap        ] GC(236) Archive regions: 0->0
[100.381s][info][gc,heap        ] GC(236) Humongous regions: 1313->1239
[100.381s][info][gc,metaspace   ] GC(236) Metaspace: 124785K(126848K)->124785K(126848K) NonClass: 105775K(106432K)->105775K(106432K) Class: 19009K(20416K)->19009K(20416K)
[100.381s][info][gc             ] GC(236) Pause Young (Prepare Mixed) (G1 Humongous Allocation) 1965M->1343M(2048M) 3.126ms
[100.381s][info][gc,cpu         ] GC(236) User=0.02s Sys=0.00s Real=0.02s
[100.411s][info][gc,start       ] GC(237) Pause Young (Mixed) (G1 Humongous Allocation)
[100.411s][info][gc,task        ] GC(237) Using 33 workers of 33 for evacuation
[100.414s][info][gc,phases      ] GC(237)   Pre Evacuate Collection Set: 0.2ms
[100.414s][info][gc,phases      ] GC(237)   Merge Heap Roots: 0.2ms
[100.414s][info][gc,phases      ] GC(237)   Evacuate Collection Set: 1.6ms
[100.414s][info][gc,phases      ] GC(237)   Post Evacuate Collection Set: 0.7ms
[100.414s][info][gc,phases      ] GC(237)   Other: 0.1ms
[100.414s][info][gc,heap        ] GC(237) Eden regions: 490->0(587)
[100.414s][info][gc,heap        ] GC(237) Survivor regions: 3->3(75)
[100.414s][info][gc,heap        ] GC(237) Old regions: 105->96
[100.414s][info][gc,heap        ] GC(237) Archive regions: 0->0
[100.414s][info][gc,heap        ] GC(237) Humongous regions: 1312->1256
[100.414s][info][gc,metaspace   ] GC(237) Metaspace: 124792K(126848K)->124792K(126848K) NonClass: 105783K(106432K)->105783K(106432K) Class: 19009K(20416K)->19009K(20416K)
[100.414s][info][gc             ] GC(237) Pause Young (Mixed) (G1 Humongous Allocation) 1906M->1351M(2048M) 3.071ms
[100.414s][info][gc,cpu         ] GC(237) User=0.03s Sys=0.00s Real=0.02s
[100.417s][info][gc,start       ] GC(238) Pause Young (Concurrent Start) (G1 Humongous Allocation)
[100.417s][info][gc,task        ] GC(238) Using 33 workers of 33 for evacuation
[100.420s][info][gc,phases      ] GC(238)   Pre Evacuate Collection Set: 0.4ms
[100.420s][info][gc,phases      ] GC(238)   Merge Heap Roots: 0.1ms
[100.420s][info][gc,phases      ] GC(238)   Evacuate Collection Set: 1.8ms
[100.420s][info][gc,phases      ] GC(238)   Post Evacuate Collection Set: 0.6ms
[100.420s][info][gc,phases      ] GC(238)   Other: 0.0ms
[100.420s][info][gc,heap        ] GC(238) Eden regions: 48->0(586)
[100.420s][info][gc,heap        ] GC(238) Survivor regions: 3->4(74)
[100.420s][info][gc,heap        ] GC(238) Old regions: 96->96
[100.420s][info][gc,heap        ] GC(238) Archive regions: 0->0
[100.420s][info][gc,heap        ] GC(238) Humongous regions: 1263->1255
[100.420s][info][gc,metaspace   ] GC(238) Metaspace: 124792K(126848K)->124792K(126848K) NonClass: 105783K(106432K)->105783K(106432K) Class: 19009K(20416K)->19009K(20416K)
[100.420s][info][gc             ] GC(238) Pause Young (Concurrent Start) (G1 Humongous Allocation) 1406M->1351M(2048M) 3.064ms
[100.420s][info][gc             ] GC(239) Concurrent Mark Cycle
[100.420s][info][gc,cpu         ] GC(238) User=0.00s Sys=0.00s Real=0.00s
[100.420s][info][gc,marking     ] GC(239) Concurrent Scan Root Regions
[100.425s][info][gc,marking     ] GC(239) Concurrent Scan Root Regions 4.644ms
[100.425s][info][gc,marking     ] GC(239) Concurrent Mark
[100.425s][info][gc,marking     ] GC(239) Concurrent Mark From Roots
[100.425s][info][gc,task        ] GC(239) Using 8 workers of 8 for marking
[100.449s][info][gc,marking     ] GC(239) Concurrent Mark From Roots 23.713ms
[100.449s][info][gc,marking     ] GC(239) Concurrent Preclean
[100.450s][info][gc,marking     ] GC(239) Concurrent Preclean 0.889ms
[100.450s][info][gc,start       ] GC(239) Pause Remark
[100.453s][info][gc             ] GC(239) Pause Remark 1859M->1856M(2048M) 2.451ms
[100.453s][info][gc,cpu         ] GC(239) User=0.52s Sys=0.00s Real=0.02s
[100.453s][info][gc,marking     ] GC(239) Concurrent Mark 28.023ms
[100.453s][info][gc,marking     ] GC(239) Concurrent Rebuild Remembered Sets and Scrub Regions
[100.461s][info][gc,marking     ] GC(239) Concurrent Rebuild Remembered Sets and Scrub Regions 7.592ms
[100.461s][info][gc,start       ] GC(239) Pause Cleanup
[100.461s][info][gc             ] GC(239) Pause Cleanup 1980M->1980M(2048M) 0.421ms
[100.461s][info][gc,cpu         ] GC(239) User=0.00s Sys=0.00s Real=0.00s
[100.461s][info][gc,marking     ] GC(239) Concurrent Clear Claimed Marks
[100.462s][info][gc,marking     ] GC(239) Concurrent Clear Claimed Marks 0.214ms
[100.462s][info][gc,marking     ] GC(239) Concurrent Cleanup for Next Mark
[100.464s][info][gc,marking     ] GC(239) Concurrent Cleanup for Next Mark 2.589ms
[100.464s][info][gc             ] GC(239) Concurrent Mark Cycle 44.051ms
[100.465s][info][gc,start       ] GC(240) Pause Young (Prepare Mixed) (G1 Evacuation Pause)
[100.465s][info][gc,task        ] GC(240) Using 33 workers of 33 for evacuation
[100.468s][info][gc,phases      ] GC(240)   Pre Evacuate Collection Set: 0.2ms
[100.468s][info][gc,phases      ] GC(240)   Merge Heap Roots: 0.8ms
[100.468s][info][gc,phases      ] GC(240)   Evacuate Collection Set: 1.0ms
[100.468s][info][gc,phases      ] GC(240)   Post Evacuate Collection Set: 0.8ms
[100.468s][info][gc,phases      ] GC(240)   Other: 0.1ms
[100.468s][info][gc,heap        ] GC(240) Eden regions: 586->0(578)
[100.468s][info][gc,heap        ] GC(240) Survivor regions: 4->5(21)
[100.468s][info][gc,heap        ] GC(240) Old regions: 93->93
[100.468s][info][gc,heap        ] GC(240) Archive regions: 0->0
[100.468s][info][gc,heap        ] GC(240) Humongous regions: 1344->1264
[100.468s][info][gc,metaspace   ] GC(240) Metaspace: 124792K(126848K)->124792K(126848K) NonClass: 105783K(106432K)->105783K(106432K) Class: 19009K(20416K)->19009K(20416K)
[100.468s][info][gc             ] GC(240) Pause Young (Prepare Mixed) (G1 Evacuation Pause) 2023M->1358M(2048M) 3.057ms
[100.468s][info][gc,cpu         ] GC(240) User=0.52s Sys=0.00s Real=0.02s
[100.501s][info][gc,start       ] GC(241) Pause Young (Mixed) (G1 Humongous Allocation)
[100.501s][info][gc,task        ] GC(241) Using 33 workers of 33 for evacuation
[100.504s][info][gc,phases      ] GC(241)   Pre Evacuate Collection Set: 0.3ms
[100.504s][info][gc,phases      ] GC(241)   Merge Heap Roots: 0.3ms
[100.504s][info][gc,phases      ] GC(241)   Evacuate Collection Set: 1.5ms
[100.504s][info][gc,phases      ] GC(241)   Post Evacuate Collection Set: 0.7ms
[100.504s][info][gc,phases      ] GC(241)   Other: 0.2ms
[100.504s][info][gc,heap        ] GC(241) Eden regions: 547->0(577)
[100.504s][info][gc,heap        ] GC(241) Survivor regions: 5->3(64)
[100.504s][info][gc,heap        ] GC(241) Old regions: 93->86
[100.504s][info][gc,heap        ] GC(241) Archive regions: 0->0
[100.504s][info][gc,heap        ] GC(241) Humongous regions: 1339->1276
[100.504s][info][gc,metaspace   ] GC(241) Metaspace: 124793K(126848K)->124793K(126848K) NonClass: 105783K(106432K)->105783K(106432K) Class: 19009K(20416K)->19009K(20416K)
[100.504s][info][gc             ] GC(241) Pause Young (Mixed) (G1 Humongous Allocation) 1980M->1362M(2048M) 3.445ms
[100.504s][info][gc,cpu         ] GC(241) User=0.00s Sys=0.00s Real=0.00s
[100.505s][info][gc,start       ] GC(242) Pause Young (Concurrent Start) (G1 Humongous Allocation)
[100.505s][info][gc,task        ] GC(242) Using 33 workers of 33 for evacuation
[100.508s][info][gc,phases      ] GC(242)   Pre Evacuate Collection Set: 0.4ms
[100.508s][info][gc,phases      ] GC(242)   Merge Heap Roots: 0.1ms
[100.508s][info][gc,phases      ] GC(242)   Evacuate Collection Set: 1.4ms
[100.508s][info][gc,phases      ] GC(242)   Post Evacuate Collection Set: 0.6ms
[100.508s][info][gc,phases      ] GC(242)   Other: 0.1ms
[100.508s][info][gc,heap        ] GC(242) Eden regions: 9->0(563)
[100.508s][info][gc,heap        ] GC(242) Survivor regions: 3->3(73)
[100.508s][info][gc,heap        ] GC(242) Old regions: 86->86
[100.508s][info][gc,heap        ] GC(242) Archive regions: 0->0
[100.508s][info][gc,heap        ] GC(242) Humongous regions: 1290->1290
[100.508s][info][gc,metaspace   ] GC(242) Metaspace: 124793K(126848K)->124793K(126848K) NonClass: 105783K(106432K)->105783K(106432K) Class: 19009K(20416K)->19009K(20416K)
[100.508s][info][gc             ] GC(242) Pause Young (Concurrent Start) (G1 Humongous Allocation) 1385M->1376M(2048M) 3.095ms
[100.508s][info][gc             ] GC(243) Concurrent Mark Cycle
[100.509s][info][gc,cpu         ] GC(242) User=0.00s Sys=0.00s Real=0.00s
[100.509s][info][gc,marking     ] GC(243) Concurrent Scan Root Regions
[100.513s][info][gc,marking     ] GC(243) Concurrent Scan Root Regions 4.629ms
[100.513s][info][gc,marking     ] GC(243) Concurrent Mark
[100.513s][info][gc,marking     ] GC(243) Concurrent Mark From Roots
[100.513s][info][gc,task        ] GC(243) Using 8 workers of 8 for marking
[100.536s][info][gc,marking     ] GC(243) Concurrent Mark From Roots 22.260ms
[100.536s][info][gc,marking     ] GC(243) Concurrent Preclean
[100.536s][info][gc,marking     ] GC(243) Concurrent Preclean 0.731ms
[100.537s][info][gc,start       ] GC(243) Pause Remark
[100.539s][info][gc             ] GC(243) Pause Remark 1816M->1815M(2048M) 2.508ms
[100.539s][info][gc,cpu         ] GC(243) User=0.00s Sys=0.00s Real=0.00s
[100.539s][info][gc,marking     ] GC(243) Concurrent Mark 25.976ms
[100.539s][info][gc,marking     ] GC(243) Concurrent Rebuild Remembered Sets and Scrub Regions
[100.548s][info][gc,marking     ] GC(243) Concurrent Rebuild Remembered Sets and Scrub Regions 8.402ms
[100.548s][info][gc,start       ] GC(243) Pause Cleanup
[100.548s][info][gc             ] GC(243) Pause Cleanup 1955M->1955M(2048M) 0.432ms
[100.548s][info][gc,cpu         ] GC(243) User=0.00s Sys=0.00s Real=0.00s
[100.548s][info][gc,marking     ] GC(243) Concurrent Clear Claimed Marks
[100.549s][info][gc,start       ] GC(244) Pause Young (Prepare Mixed) (G1 Humongous Allocation)
[100.549s][info][gc,marking     ] GC(243) Concurrent Clear Claimed Marks 0.142ms
[100.549s][info][gc,marking     ] GC(243) Concurrent Cleanup for Next Mark
[100.549s][info][gc,task        ] GC(244) Using 33 workers of 33 for evacuation
[100.551s][info][gc,phases      ] GC(244)   Pre Evacuate Collection Set: 0.2ms
[100.552s][info][gc,phases      ] GC(244)   Merge Heap Roots: 0.7ms
[100.552s][info][gc,phases      ] GC(244)   Evacuate Collection Set: 1.0ms
[100.552s][info][gc,phases      ] GC(244)   Post Evacuate Collection Set: 0.8ms
[100.552s][info][gc,phases      ] GC(244)   Other: 0.1ms
[100.552s][info][gc,heap        ] GC(244) Eden regions: 521->0(561)
[100.552s][info][gc,heap        ] GC(244) Survivor regions: 3->4(71)
[100.552s][info][gc,heap        ] GC(244) Old regions: 85->85
[100.552s][info][gc,heap        ] GC(244) Archive regions: 0->0
[100.552s][info][gc,heap        ] GC(244) Humongous regions: 1349->1291
[100.552s][info][gc,metaspace   ] GC(244) Metaspace: 124793K(126848K)->124793K(126848K) NonClass: 105783K(106432K)->105783K(106432K) Class: 19009K(20416K)->19009K(20416K)
[100.552s][info][gc             ] GC(244) Pause Young (Prepare Mixed) (G1 Humongous Allocation) 1955M->1376M(2048M) 3.072ms
[100.552s][info][gc,cpu         ] GC(244) User=0.53s Sys=0.00s Real=0.02s
[100.554s][info][gc,marking     ] GC(243) Concurrent Cleanup for Next Mark 5.572ms
[100.554s][info][gc             ] GC(243) Concurrent Mark Cycle 45.795ms
[100.584s][info][gc,start       ] GC(245) Pause Young (Mixed) (G1 Humongous Allocation)
[100.584s][info][gc,task        ] GC(245) Using 33 workers of 33 for evacuation
[100.586s][info][gc,phases      ] GC(245)   Pre Evacuate Collection Set: 0.3ms
[100.586s][info][gc,phases      ] GC(245)   Merge Heap Roots: 0.2ms
[100.586s][info][gc,phases      ] GC(245)   Evacuate Collection Set: 1.1ms
[100.586s][info][gc,phases      ] GC(245)   Post Evacuate Collection Set: 0.7ms
[100.586s][info][gc,phases      ] GC(245)   Other: 0.1ms
[100.586s][info][gc,heap        ] GC(245) Eden regions: 503->0(546)
[100.586s][info][gc,heap        ] GC(245) Survivor regions: 4->3(71)
[100.587s][info][gc,heap        ] GC(245) Old regions: 85->79
[100.587s][info][gc,heap        ] GC(245) Archive regions: 0->0
[100.587s][info][gc,heap        ] GC(245) Humongous regions: 1355->1314
[100.587s][info][gc,metaspace   ] GC(245) Metaspace: 124793K(126848K)->124793K(126848K) NonClass: 105783K(106432K)->105783K(106432K) Class: 19009K(20416K)->19009K(20416K)
[100.587s][info][gc             ] GC(245) Pause Young (Mixed) (G1 Humongous Allocation) 1943M->1393M(2048M) 2.591ms
[100.587s][info][gc,cpu         ] GC(245) User=0.00s Sys=0.00s Real=0.00s
[100.589s][info][gc,start       ] GC(246) Pause Young (Concurrent Start) (G1 Humongous Allocation)
[100.589s][info][gc,task        ] GC(246) Using 33 workers of 33 for evacuation
[100.591s][info][gc,phases      ] GC(246)   Pre Evacuate Collection Set: 0.4ms
[100.591s][info][gc,phases      ] GC(246)   Merge Heap Roots: 0.1ms
[100.591s][info][gc,phases      ] GC(246)   Evacuate Collection Set: 1.3ms
[100.591s][info][gc,phases      ] GC(246)   Post Evacuate Collection Set: 0.5ms
[100.591s][info][gc,phases      ] GC(246)   Other: 0.0ms
[100.591s][info][gc,heap        ] GC(246) Eden regions: 36->0(548)
[100.591s][info][gc,heap        ] GC(246) Survivor regions: 3->3(69)
[100.591s][info][gc,heap        ] GC(246) Old regions: 79->80
[100.591s][info][gc,heap        ] GC(246) Archive regions: 0->0
[100.591s][info][gc,heap        ] GC(246) Humongous regions: 1318->1311
[100.591s][info][gc,metaspace   ] GC(246) Metaspace: 124793K(126848K)->124793K(126848K) NonClass: 105783K(106432K)->105783K(106432K) Class: 19009K(20416K)->19009K(20416K)
[100.591s][info][gc             ] GC(246) Pause Young (Concurrent Start) (G1 Humongous Allocation) 1433M->1390M(2048M) 2.626ms
[100.591s][info][gc             ] GC(247) Concurrent Mark Cycle
[100.591s][info][gc,cpu         ] GC(246) User=0.00s Sys=0.00s Real=0.00s
[100.591s][info][gc,marking     ] GC(247) Concurrent Scan Root Regions
[100.595s][info][gc,marking     ] GC(247) Concurrent Scan Root Regions 3.984ms
[100.595s][info][gc,marking     ] GC(247) Concurrent Mark
[100.595s][info][gc,marking     ] GC(247) Concurrent Mark From Roots
[100.595s][info][gc,task        ] GC(247) Using 8 workers of 8 for marking
[100.618s][info][gc,marking     ] GC(247) Concurrent Mark From Roots 22.200ms
[100.618s][info][gc,marking     ] GC(247) Concurrent Preclean
[100.618s][info][gc,marking     ] GC(247) Concurrent Preclean 0.556ms
[100.619s][info][gc,start       ] GC(247) Pause Remark
[100.621s][info][gc             ] GC(247) Pause Remark 1827M->1816M(2048M) 2.327ms
[100.621s][info][gc,cpu         ] GC(247) User=0.00s Sys=0.00s Real=0.00s
[100.621s][info][gc,marking     ] GC(247) Concurrent Mark 25.981ms
[100.621s][info][gc,marking     ] GC(247) Concurrent Rebuild Remembered Sets and Scrub Regions
[100.629s][info][gc,marking     ] GC(247) Concurrent Rebuild Remembered Sets and Scrub Regions 7.795ms
[100.630s][info][gc,start       ] GC(247) Pause Cleanup
[100.630s][info][gc             ] GC(247) Pause Cleanup 1942M->1942M(2048M) 0.349ms
[100.630s][info][gc,cpu         ] GC(247) User=0.00s Sys=0.00s Real=0.00s
[100.630s][info][gc,marking     ] GC(247) Concurrent Clear Claimed Marks
[100.630s][info][gc,start       ] GC(248) Pause Young (Prepare Mixed) (G1 Humongous Allocation)
[100.630s][info][gc,marking     ] GC(247) Concurrent Clear Claimed Marks 0.137ms
[100.630s][info][gc,marking     ] GC(247) Concurrent Cleanup for Next Mark
[100.630s][info][gc,task        ] GC(248) Using 33 workers of 33 for evacuation
[100.633s][info][gc,phases      ] GC(248)   Pre Evacuate Collection Set: 0.2ms
[100.633s][info][gc,phases      ] GC(248)   Merge Heap Roots: 0.7ms
[100.633s][info][gc,phases      ] GC(248)   Evacuate Collection Set: 0.6ms
[100.633s][info][gc,phases      ] GC(248)   Post Evacuate Collection Set: 0.7ms
[100.633s][info][gc,phases      ] GC(248)   Other: 0.1ms
[100.633s][info][gc,heap        ] GC(248) Eden regions: 467->0(552)
[100.633s][info][gc,heap        ] GC(248) Survivor regions: 3->3(69)
[100.633s][info][gc,heap        ] GC(248) Old regions: 69->69
[100.633s][info][gc,heap        ] GC(248) Archive regions: 0->0
[100.633s][info][gc,heap        ] GC(248) Humongous regions: 1408->1318
[100.633s][info][gc,metaspace   ] GC(248) Metaspace: 124793K(126848K)->124793K(126848K) NonClass: 105783K(106432K)->105783K(106432K) Class: 19009K(20416K)->19009K(20416K)
[100.633s][info][gc             ] GC(248) Pause Young (Prepare Mixed) (G1 Humongous Allocation) 1943M->1386M(2048M) 2.607ms
[100.633s][info][gc,cpu         ] GC(248) User=0.00s Sys=0.00s Real=0.00s
[100.635s][info][gc,marking     ] GC(247) Concurrent Cleanup for Next Mark 4.986ms
[100.635s][info][gc             ] GC(247) Concurrent Mark Cycle 43.851ms
[100.663s][info][gc,start       ] GC(249) Pause Young (Mixed) (G1 Humongous Allocation)
[100.663s][info][gc,task        ] GC(249) Using 33 workers of 33 for evacuation
[100.665s][info][gc,phases      ] GC(249)   Pre Evacuate Collection Set: 0.3ms
[100.665s][info][gc,phases      ] GC(249)   Merge Heap Roots: 0.2ms
[100.665s][info][gc,phases      ] GC(249)   Evacuate Collection Set: 1.1ms
[100.665s][info][gc,phases      ] GC(249)   Post Evacuate Collection Set: 0.7ms
[100.665s][info][gc,phases      ] GC(249)   Other: 0.2ms
[100.665s][info][gc,heap        ] GC(249) Eden regions: 490->0(548)
[100.665s][info][gc,heap        ] GC(249) Survivor regions: 3->2(70)
[100.665s][info][gc,heap        ] GC(249) Old regions: 69->65
[100.665s][info][gc,heap        ] GC(249) Archive regions: 0->0
[100.665s][info][gc,heap        ] GC(249) Humongous regions: 1379->1328
[100.665s][info][gc,metaspace   ] GC(249) Metaspace: 124793K(126848K)->124793K(126848K) NonClass: 105783K(106432K)->105783K(106432K) Class: 19009K(20416K)->19009K(20416K)
[100.665s][info][gc             ] GC(249) Pause Young (Mixed) (G1 Humongous Allocation) 1937M->1392M(2048M) 2.785ms
[100.665s][info][gc,cpu         ] GC(249) User=0.00s Sys=0.00s Real=0.00s
[100.668s][info][gc,start       ] GC(250) Pause Young (Concurrent Start) (G1 Humongous Allocation)
[100.668s][info][gc,task        ] GC(250) Using 33 workers of 33 for evacuation
[100.671s][info][gc,phases      ] GC(250)   Pre Evacuate Collection Set: 0.5ms
[100.671s][info][gc,phases      ] GC(250)   Merge Heap Roots: 0.1ms
[100.671s][info][gc,phases      ] GC(250)   Evacuate Collection Set: 1.2ms
[100.671s][info][gc,phases      ] GC(250)   Post Evacuate Collection Set: 0.7ms
[100.671s][info][gc,phases      ] GC(250)   Other: 0.1ms
[100.671s][info][gc,heap        ] GC(250) Eden regions: 49->0(543)
[100.671s][info][gc,heap        ] GC(250) Survivor regions: 2->3(69)
[100.671s][info][gc,heap        ] GC(250) Old regions: 65->65
[100.671s][info][gc,heap        ] GC(250) Archive regions: 0->0
[100.671s][info][gc,heap        ] GC(250) Humongous regions: 1335->1331
[100.671s][info][gc,metaspace   ] GC(250) Metaspace: 124793K(126848K)->124793K(126848K) NonClass: 105783K(106432K)->105783K(106432K) Class: 19009K(20416K)->19009K(20416K)
[100.671s][info][gc             ] GC(250) Pause Young (Concurrent Start) (G1 Humongous Allocation) 1448M->1395M(2048M) 3.019ms
[100.671s][info][gc             ] GC(251) Concurrent Mark Cycle
[100.671s][info][gc,cpu         ] GC(250) User=0.03s Sys=0.00s Real=0.01s
[100.671s][info][gc,marking     ] GC(251) Concurrent Scan Root Regions
[100.676s][info][gc,marking     ] GC(251) Concurrent Scan Root Regions 4.223ms
[100.676s][info][gc,marking     ] GC(251) Concurrent Mark
[100.676s][info][gc,marking     ] GC(251) Concurrent Mark From Roots
[100.676s][info][gc,task        ] GC(251) Using 8 workers of 8 for marking
[100.698s][info][gc,marking     ] GC(251) Concurrent Mark From Roots 22.474ms
[100.698s][info][gc,marking     ] GC(251) Concurrent Preclean
[100.699s][info][gc,marking     ] GC(251) Concurrent Preclean 0.743ms
[100.700s][info][gc,start       ] GC(251) Pause Remark
[100.702s][info][gc             ] GC(251) Pause Remark 1866M->1866M(2048M) 2.340ms
[100.702s][info][gc,cpu         ] GC(251) User=0.00s Sys=0.00s Real=0.00s
[100.702s][info][gc,marking     ] GC(251) Concurrent Mark 26.489ms
[100.702s][info][gc,marking     ] GC(251) Concurrent Rebuild Remembered Sets and Scrub Regions
[100.705s][info][gc,start       ] GC(252) Pause Young (Normal) (G1 Humongous Allocation)
[100.705s][info][gc,task        ] GC(252) Using 33 workers of 33 for evacuation
[100.707s][info][gc,phases      ] GC(252)   Pre Evacuate Collection Set: 0.2ms
[100.707s][info][gc,phases      ] GC(252)   Merge Heap Roots: 0.2ms
[100.707s][info][gc,phases      ] GC(252)   Evacuate Collection Set: 0.6ms
[100.707s][info][gc,phases      ] GC(252)   Post Evacuate Collection Set: 0.7ms
[100.707s][info][gc,phases      ] GC(252)   Other: 0.1ms
[100.707s][info][gc,heap        ] GC(252) Eden regions: 427->0(520)
[100.707s][info][gc,heap        ] GC(252) Survivor regions: 3->2(69)
[100.707s][info][gc,heap        ] GC(252) Old regions: 65->65
[100.707s][info][gc,heap        ] GC(252) Archive regions: 0->0
[100.707s][info][gc,heap        ] GC(252) Humongous regions: 1405->1356
[100.707s][info][gc,metaspace   ] GC(252) Metaspace: 124828K(126912K)->124828K(126912K) NonClass: 105819K(106496K)->105819K(106496K) Class: 19009K(20416K)->19009K(20416K)
[100.707s][info][gc             ] GC(252) Pause Young (Normal) (G1 Humongous Allocation) 1896M->1420M(2048M) 2.170ms
[100.707s][info][gc,cpu         ] GC(252) User=0.00s Sys=0.00s Real=0.00s
[100.712s][info][gc,marking     ] GC(251) Concurrent Rebuild Remembered Sets and Scrub Regions 9.950ms
[100.712s][info][gc,start       ] GC(251) Pause Cleanup
[100.713s][info][gc             ] GC(251) Pause Cleanup 1490M->1490M(2048M) 0.359ms
[100.713s][info][gc,cpu         ] GC(251) User=0.00s Sys=0.00s Real=0.00s
[100.713s][info][gc,marking     ] GC(251) Concurrent Clear Claimed Marks
[100.713s][info][gc,marking     ] GC(251) Concurrent Clear Claimed Marks 0.188ms
[100.713s][info][gc,marking     ] GC(251) Concurrent Cleanup for Next Mark
[100.716s][info][gc,marking     ] GC(251) Concurrent Cleanup for Next Mark 2.625ms
[100.716s][info][gc             ] GC(251) Concurrent Mark Cycle 44.412ms
[100.745s][info][gc,start       ] GC(253) Pause Young (Prepare Mixed) (G1 Humongous Allocation)
[100.746s][info][gc,task        ] GC(253) Using 33 workers of 33 for evacuation
[100.748s][info][gc,phases      ] GC(253)   Pre Evacuate Collection Set: 0.2ms
[100.748s][info][gc,phases      ] GC(253)   Merge Heap Roots: 0.7ms
[100.748s][info][gc,phases      ] GC(253)   Evacuate Collection Set: 0.6ms
[100.748s][info][gc,phases      ] GC(253)   Post Evacuate Collection Set: 0.7ms
[100.748s][info][gc,phases      ] GC(253)   Other: 0.1ms
[100.748s][info][gc,heap        ] GC(253) Eden regions: 488->0(526)
[100.748s][info][gc,heap        ] GC(253) Survivor regions: 2->2(66)
[100.748s][info][gc,heap        ] GC(253) Old regions: 65->65
[100.748s][info][gc,heap        ] GC(253) Archive regions: 0->0
[100.748s][info][gc,heap        ] GC(253) Humongous regions: 1425->1350
[100.748s][info][gc,metaspace   ] GC(253) Metaspace: 124875K(126976K)->124875K(126976K) NonClass: 105866K(106560K)->105866K(106560K) Class: 19009K(20416K)->19009K(20416K)
[100.748s][info][gc             ] GC(253) Pause Young (Prepare Mixed) (G1 Humongous Allocation) 1977M->1414M(2048M) 2.601ms
[100.748s][info][gc,cpu         ] GC(253) User=0.00s Sys=0.00s Real=0.00s
[100.782s][info][gc,start       ] GC(254) Pause Young (Mixed) (G1 Humongous Allocation)
[100.782s][info][gc,task        ] GC(254) Using 33 workers of 33 for evacuation
[100.785s][info][gc,phases      ] GC(254)   Pre Evacuate Collection Set: 0.3ms
[100.785s][info][gc,phases      ] GC(254)   Merge Heap Roots: 0.2ms
[100.785s][info][gc,phases      ] GC(254)   Evacuate Collection Set: 1.3ms
[100.785s][info][gc,phases      ] GC(254)   Post Evacuate Collection Set: 0.8ms
[100.785s][info][gc,phases      ] GC(254)   Other: 0.1ms
[100.785s][info][gc,heap        ] GC(254) Eden regions: 406->0(529)
[100.785s][info][gc,heap        ] GC(254) Survivor regions: 2->2(66)
[100.785s][info][gc,heap        ] GC(254) Old regions: 65->61
[100.785s][info][gc,heap        ] GC(254) Archive regions: 0->0
[100.785s][info][gc,heap        ] GC(254) Humongous regions: 1418->1351
[100.785s][info][gc,metaspace   ] GC(254) Metaspace: 124900K(126976K)->124900K(126976K) NonClass: 105890K(106560K)->105890K(106560K) Class: 19009K(20416K)->19009K(20416K)
[100.785s][info][gc             ] GC(254) Pause Young (Mixed) (G1 Humongous Allocation) 1888M->1411M(2048M) 2.857ms
[100.785s][info][gc,cpu         ] GC(254) User=0.00s Sys=0.00s Real=0.00s
[100.786s][info][gc,start       ] GC(255) Pause Young (Concurrent Start) (G1 Humongous Allocation)
[100.786s][info][gc,task        ] GC(255) Using 33 workers of 33 for evacuation
[100.789s][info][gc,phases      ] GC(255)   Pre Evacuate Collection Set: 0.4ms
[100.789s][info][gc,phases      ] GC(255)   Merge Heap Roots: 0.1ms
[100.789s][info][gc,phases      ] GC(255)   Evacuate Collection Set: 1.9ms
[100.789s][info][gc,phases      ] GC(255)   Post Evacuate Collection Set: 0.5ms
[100.789s][info][gc,phases      ] GC(255)   Other: 0.0ms
[100.789s][info][gc,heap        ] GC(255) Eden regions: 6->0(532)
[100.789s][info][gc,heap        ] GC(255) Survivor regions: 2->2(67)
[100.789s][info][gc,heap        ] GC(255) Old regions: 61->61
[100.789s][info][gc,heap        ] GC(255) Archive regions: 0->0
[100.789s][info][gc,heap        ] GC(255) Humongous regions: 1355->1348
[100.789s][info][gc,metaspace   ] GC(255) Metaspace: 124900K(126976K)->124900K(126976K) NonClass: 105890K(106560K)->105890K(106560K) Class: 19009K(20416K)->19009K(20416K)
[100.789s][info][gc             ] GC(255) Pause Young (Concurrent Start) (G1 Humongous Allocation) 1420M->1408M(2048M) 3.107ms
[100.789s][info][gc             ] GC(256) Concurrent Mark Cycle
[100.789s][info][gc,cpu         ] GC(255) User=0.00s Sys=0.00s Real=0.00s
[100.789s][info][gc,marking     ] GC(256) Concurrent Scan Root Regions
[100.791s][info][gc,marking     ] GC(256) Concurrent Scan Root Regions 2.489ms
[100.791s][info][gc,marking     ] GC(256) Concurrent Mark
[100.791s][info][gc,marking     ] GC(256) Concurrent Mark From Roots
[100.791s][info][gc,task        ] GC(256) Using 8 workers of 8 for marking
[100.813s][info][gc,marking     ] GC(256) Concurrent Mark From Roots 21.559ms
[100.813s][info][gc,marking     ] GC(256) Concurrent Preclean
[100.813s][info][gc,marking     ] GC(256) Concurrent Preclean 0.445ms
[100.814s][info][gc,start       ] GC(256) Pause Remark
[100.816s][info][gc             ] GC(256) Pause Remark 1640M->1640M(2048M) 2.429ms
[100.816s][info][gc,cpu         ] GC(256) User=0.00s Sys=0.00s Real=0.00s
[100.816s][info][gc,marking     ] GC(256) Concurrent Mark 24.787ms
[100.816s][info][gc,marking     ] GC(256) Concurrent Rebuild Remembered Sets and Scrub Regions
[100.823s][info][gc,marking     ] GC(256) Concurrent Rebuild Remembered Sets and Scrub Regions 6.451ms
[100.823s][info][gc,start       ] GC(256) Pause Cleanup
[100.823s][info][gc             ] GC(256) Pause Cleanup 1721M->1721M(2048M) 0.313ms
[100.823s][info][gc,cpu         ] GC(256) User=0.00s Sys=0.00s Real=0.00s
[100.823s][info][gc,marking     ] GC(256) Concurrent Clear Claimed Marks
[100.823s][info][gc,marking     ] GC(256) Concurrent Clear Claimed Marks 0.191ms
[100.823s][info][gc,marking     ] GC(256) Concurrent Cleanup for Next Mark
[100.825s][info][gc,marking     ] GC(256) Concurrent Cleanup for Next Mark 2.130ms
[100.826s][info][gc             ] GC(256) Concurrent Mark Cycle 36.874ms
[100.839s][info][gc,start       ] GC(257) Pause Young (Prepare Mixed) (G1 Evacuation Pause)
[100.839s][info][gc,task        ] GC(257) Using 33 workers of 33 for evacuation
[100.841s][info][gc,phases      ] GC(257)   Pre Evacuate Collection Set: 0.3ms
[100.841s][info][gc,phases      ] GC(257)   Merge Heap Roots: 0.8ms
[100.841s][info][gc,phases      ] GC(257)   Evacuate Collection Set: 0.6ms
[100.841s][info][gc,phases      ] GC(257)   Post Evacuate Collection Set: 0.7ms
[100.841s][info][gc,phases      ] GC(257)   Other: 0.1ms
[100.841s][info][gc,heap        ] GC(257) Eden regions: 532->0(535)
[100.841s][info][gc,heap        ] GC(257) Survivor regions: 2->2(67)
[100.841s][info][gc,heap        ] GC(257) Old regions: 61->62
[100.841s][info][gc,heap        ] GC(257) Archive regions: 0->0
[100.841s][info][gc,heap        ] GC(257) Humongous regions: 1352->1344
[100.841s][info][gc,metaspace   ] GC(257) Metaspace: 124905K(126976K)->124905K(126976K) NonClass: 105896K(106560K)->105896K(106560K) Class: 19009K(20416K)->19009K(20416K)
[100.841s][info][gc             ] GC(257) Pause Young (Prepare Mixed) (G1 Evacuation Pause) 1944M->1404M(2048M) 2.739ms
[100.841s][info][gc,cpu         ] GC(257) User=0.03s Sys=0.00s Real=0.01s
[100.875s][info][gc,start       ] GC(258) Pause Young (Mixed) (G1 Evacuation Pause)
[100.875s][info][gc,task        ] GC(258) Using 33 workers of 33 for evacuation
[100.877s][info][gc,phases      ] GC(258)   Pre Evacuate Collection Set: 0.2ms
[100.877s][info][gc,phases      ] GC(258)   Merge Heap Roots: 0.2ms
[100.877s][info][gc,phases      ] GC(258)   Evacuate Collection Set: 1.0ms
[100.877s][info][gc,phases      ] GC(258)   Post Evacuate Collection Set: 0.6ms
[100.877s][info][gc,phases      ] GC(258)   Other: 0.1ms
[100.877s][info][gc,heap        ] GC(258) Eden regions: 535->0(538)
[100.877s][info][gc,heap        ] GC(258) Survivor regions: 2->2(68)
[100.877s][info][gc,heap        ] GC(258) Old regions: 62->59
[100.877s][info][gc,heap        ] GC(258) Archive regions: 0->0
[100.877s][info][gc,heap        ] GC(258) Humongous regions: 1344->1344
[100.877s][info][gc,metaspace   ] GC(258) Metaspace: 124905K(126976K)->124905K(126976K) NonClass: 105896K(106560K)->105896K(106560K) Class: 19009K(20416K)->19009K(20416K)
[100.877s][info][gc             ] GC(258) Pause Young (Mixed) (G1 Evacuation Pause) 1939M->1401M(2048M) 2.394ms
[100.877s][info][gc,cpu         ] GC(258) User=0.00s Sys=0.00s Real=0.00s
[100.911s][info][gc,start       ] GC(259) Pause Young (Concurrent Start) (G1 Evacuation Pause)
[100.912s][info][gc,task        ] GC(259) Using 33 workers of 33 for evacuation
[100.914s][info][gc,phases      ] GC(259)   Pre Evacuate Collection Set: 0.5ms
[100.914s][info][gc,phases      ] GC(259)   Merge Heap Roots: 0.2ms
[100.914s][info][gc,phases      ] GC(259)   Evacuate Collection Set: 1.2ms
[100.914s][info][gc,phases      ] GC(259)   Post Evacuate Collection Set: 0.8ms
[100.914s][info][gc,phases      ] GC(259)   Other: 0.1ms
[100.915s][info][gc,heap        ] GC(259) Eden regions: 538->0(538)
[100.915s][info][gc,heap        ] GC(259) Survivor regions: 2->2(68)
[100.915s][info][gc,heap        ] GC(259) Old regions: 59->59
[100.915s][info][gc,heap        ] GC(259) Archive regions: 0->0
[100.915s][info][gc,heap        ] GC(259) Humongous regions: 1344->1344
[100.915s][info][gc,metaspace   ] GC(259) Metaspace: 124905K(126976K)->124905K(126976K) NonClass: 105896K(106560K)->105896K(106560K) Class: 19009K(20416K)->19009K(20416K)
[100.915s][info][gc             ] GC(259) Pause Young (Concurrent Start) (G1 Evacuation Pause) 1939M->1401M(2048M) 3.227ms
[100.915s][info][gc             ] GC(260) Concurrent Mark Cycle
[100.915s][info][gc,cpu         ] GC(259) User=0.00s Sys=0.00s Real=0.00s
[100.915s][info][gc,marking     ] GC(260) Concurrent Scan Root Regions
[100.917s][info][gc,marking     ] GC(260) Concurrent Scan Root Regions 1.848ms
[100.917s][info][gc,marking     ] GC(260) Concurrent Mark
[100.917s][info][gc,marking     ] GC(260) Concurrent Mark From Roots
[100.917s][info][gc,task        ] GC(260) Using 8 workers of 8 for marking
[100.934s][info][gc,marking     ] GC(260) Concurrent Mark From Roots 17.060ms
[100.934s][info][gc,marking     ] GC(260) Concurrent Preclean
[100.934s][info][gc,marking     ] GC(260) Concurrent Preclean 0.375ms
[100.934s][info][gc,start       ] GC(260) Pause Remark
[100.937s][info][gc             ] GC(260) Pause Remark 1618M->1618M(2048M) 2.442ms
[100.937s][info][gc,cpu         ] GC(260) User=0.00s Sys=0.00s Real=0.00s
[100.937s][info][gc,marking     ] GC(260) Concurrent Mark 20.232ms
[100.937s][info][gc,marking     ] GC(260) Concurrent Rebuild Remembered Sets and Scrub Regions
[100.943s][info][gc,marking     ] GC(260) Concurrent Rebuild Remembered Sets and Scrub Regions 6.312ms
[100.943s][info][gc,start       ] GC(260) Pause Cleanup
[100.944s][info][gc             ] GC(260) Pause Cleanup 1695M->1695M(2048M) 0.338ms
[100.944s][info][gc,cpu         ] GC(260) User=0.00s Sys=0.00s Real=0.00s
[100.944s][info][gc,marking     ] GC(260) Concurrent Clear Claimed Marks
[100.944s][info][gc,marking     ] GC(260) Concurrent Clear Claimed Marks 0.151ms
[100.944s][info][gc,marking     ] GC(260) Concurrent Cleanup for Next Mark
[100.946s][info][gc,marking     ] GC(260) Concurrent Cleanup for Next Mark 2.166ms
[100.946s][info][gc             ] GC(260) Concurrent Mark Cycle 31.575ms
[100.961s][info][gc,start       ] GC(261) Pause Young (Prepare Mixed) (G1 Evacuation Pause)
[100.961s][info][gc,task        ] GC(261) Using 33 workers of 33 for evacuation
[100.964s][info][gc,phases      ] GC(261)   Pre Evacuate Collection Set: 0.3ms
[100.964s][info][gc,phases      ] GC(261)   Merge Heap Roots: 0.8ms
[100.964s][info][gc,phases      ] GC(261)   Evacuate Collection Set: 0.6ms
[100.964s][info][gc,phases      ] GC(261)   Post Evacuate Collection Set: 0.8ms
[100.964s][info][gc,phases      ] GC(261)   Other: 0.2ms
[100.964s][info][gc,heap        ] GC(261) Eden regions: 538->0(538)
[100.964s][info][gc,heap        ] GC(261) Survivor regions: 2->2(68)
[100.964s][info][gc,heap        ] GC(261) Old regions: 59->59
[100.964s][info][gc,heap        ] GC(261) Archive regions: 0->0
[100.964s][info][gc,heap        ] GC(261) Humongous regions: 1344->1344
[100.964s][info][gc,metaspace   ] GC(261) Metaspace: 124905K(126976K)->124905K(126976K) NonClass: 105896K(106560K)->105896K(106560K) Class: 19009K(20416K)->19009K(20416K)
[100.964s][info][gc             ] GC(261) Pause Young (Prepare Mixed) (G1 Evacuation Pause) 1939M->1401M(2048M) 3.161ms
[100.964s][info][gc,cpu         ] GC(261) User=0.02s Sys=0.00s Real=0.02s
[100.998s][info][gc,start       ] GC(262) Pause Young (Mixed) (G1 Evacuation Pause)
[100.998s][info][gc,task        ] GC(262) Using 33 workers of 33 for evacuation
[101.001s][info][gc,phases      ] GC(262)   Pre Evacuate Collection Set: 0.3ms
[101.002s][info][gc,phases      ] GC(262)   Merge Heap Roots: 0.2ms
[101.002s][info][gc,phases      ] GC(262)   Evacuate Collection Set: 1.6ms
[101.002s][info][gc,phases      ] GC(262)   Post Evacuate Collection Set: 0.8ms
[101.002s][info][gc,phases      ] GC(262)   Other: 0.2ms
[101.002s][info][gc,heap        ] GC(262) Eden regions: 538->0(541)
[101.002s][info][gc,heap        ] GC(262) Survivor regions: 2->2(68)
[101.002s][info][gc,heap        ] GC(262) Old regions: 59->56
[101.002s][info][gc,heap        ] GC(262) Archive regions: 0->0
[101.002s][info][gc,heap        ] GC(262) Humongous regions: 1344->1344
[101.002s][info][gc,metaspace   ] GC(262) Metaspace: 124905K(126976K)->124905K(126976K) NonClass: 105896K(106560K)->105896K(106560K) Class: 19009K(20416K)->19009K(20416K)
[101.002s][info][gc             ] GC(262) Pause Young (Mixed) (G1 Evacuation Pause) 1939M->1399M(2048M) 3.516ms
[101.002s][info][gc,cpu         ] GC(262) User=0.00s Sys=0.00s Real=0.00s
[101.035s][info][gc,start       ] GC(263) Pause Young (Concurrent Start) (G1 Evacuation Pause)
[101.036s][info][gc,task        ] GC(263) Using 33 workers of 33 for evacuation
[101.038s][info][gc,phases      ] GC(263)   Pre Evacuate Collection Set: 0.4ms
[101.038s][info][gc,phases      ] GC(263)   Merge Heap Roots: 0.2ms
[101.038s][info][gc,phases      ] GC(263)   Evacuate Collection Set: 1.3ms
[101.038s][info][gc,phases      ] GC(263)   Post Evacuate Collection Set: 0.6ms
[101.038s][info][gc,phases      ] GC(263)   Other: 0.1ms
[101.038s][info][gc,heap        ] GC(263) Eden regions: 541->0(541)
[101.038s][info][gc,heap        ] GC(263) Survivor regions: 2->2(68)
[101.038s][info][gc,heap        ] GC(263) Old regions: 56->56
[101.038s][info][gc,heap        ] GC(263) Archive regions: 0->0
[101.038s][info][gc,heap        ] GC(263) Humongous regions: 1344->1344
[101.038s][info][gc,metaspace   ] GC(263) Metaspace: 124905K(126976K)->124905K(126976K) NonClass: 105896K(106560K)->105896K(106560K) Class: 19009K(20416K)->19009K(20416K)
[101.038s][info][gc             ] GC(263) Pause Young (Concurrent Start) (G1 Evacuation Pause) 1940M->1399M(2048M) 3.001ms
[101.039s][info][gc             ] GC(264) Concurrent Mark Cycle
[101.039s][info][gc,cpu         ] GC(263) User=0.00s Sys=0.00s Real=0.00s
[101.039s][info][gc,marking     ] GC(264) Concurrent Scan Root Regions
[101.040s][info][gc,marking     ] GC(264) Concurrent Scan Root Regions 1.959ms
[101.041s][info][gc,marking     ] GC(264) Concurrent Mark
[101.041s][info][gc,marking     ] GC(264) Concurrent Mark From Roots
[101.041s][info][gc,task        ] GC(264) Using 8 workers of 8 for marking
[101.056s][info][gc,marking     ] GC(264) Concurrent Mark From Roots 15.109ms
[101.056s][info][gc,marking     ] GC(264) Concurrent Preclean
[101.056s][info][gc,marking     ] GC(264) Concurrent Preclean 0.384ms
[101.056s][info][gc,start       ] GC(264) Pause Remark
[101.058s][info][gc             ] GC(264) Pause Remark 1574M->1574M(2048M) 2.262ms
[101.059s][info][gc,cpu         ] GC(264) User=0.00s Sys=0.00s Real=0.00s
[101.059s][info][gc,marking     ] GC(264) Concurrent Mark 18.060ms
[101.059s][info][gc,marking     ] GC(264) Concurrent Rebuild Remembered Sets and Scrub Regions
[101.066s][info][gc,marking     ] GC(264) Concurrent Rebuild Remembered Sets and Scrub Regions 7.018ms
[101.066s][info][gc,start       ] GC(264) Pause Cleanup
[101.066s][info][gc             ] GC(264) Pause Cleanup 1657M->1657M(2048M) 0.339ms
[101.066s][info][gc,cpu         ] GC(264) User=0.00s Sys=0.00s Real=0.00s
[101.066s][info][gc,marking     ] GC(264) Concurrent Clear Claimed Marks
[101.066s][info][gc,marking     ] GC(264) Concurrent Clear Claimed Marks 0.134ms
[101.066s][info][gc,marking     ] GC(264) Concurrent Cleanup for Next Mark
[101.068s][info][gc,marking     ] GC(264) Concurrent Cleanup for Next Mark 2.020ms
[101.068s][info][gc             ] GC(264) Concurrent Mark Cycle 29.975ms
[101.090s][info][gc,start       ] GC(265) Pause Young (Prepare Mixed) (G1 Evacuation Pause)
[101.090s][info][gc,task        ] GC(265) Using 33 workers of 33 for evacuation
[101.092s][info][gc,phases      ] GC(265)   Pre Evacuate Collection Set: 0.3ms
[101.093s][info][gc,phases      ] GC(265)   Merge Heap Roots: 0.9ms
[101.093s][info][gc,phases      ] GC(265)   Evacuate Collection Set: 0.7ms
[101.093s][info][gc,phases      ] GC(265)   Post Evacuate Collection Set: 0.8ms
[101.093s][info][gc,phases      ] GC(265)   Other: 0.1ms
[101.093s][info][gc,heap        ] GC(265) Eden regions: 541->0(553)
[101.093s][info][gc,heap        ] GC(265) Survivor regions: 2->2(68)
[101.093s][info][gc,heap        ] GC(265) Old regions: 56->56
[101.093s][info][gc,heap        ] GC(265) Archive regions: 0->0
[101.093s][info][gc,heap        ] GC(265) Humongous regions: 1344->1332
[101.093s][info][gc,metaspace   ] GC(265) Metaspace: 124910K(126976K)->124910K(126976K) NonClass: 105900K(106560K)->105900K(106560K) Class: 19009K(20416K)->19009K(20416K)
[101.093s][info][gc             ] GC(265) Pause Young (Prepare Mixed) (G1 Evacuation Pause) 1940M->1387M(2048M) 3.069ms
[101.093s][info][gc,cpu         ] GC(265) User=0.00s Sys=0.00s Real=0.00s
[101.816s][info][gc,start       ] GC(266) Pause Full (System.gc())
[101.816s][info][gc,task        ] GC(266) Using 33 workers of 33 for full compaction
[101.817s][info][gc,phases,start] GC(266) Phase 1: Mark live objects
[101.854s][info][gc,phases      ] GC(266) Phase 1: Mark live objects 37.460ms
[101.854s][info][gc,phases,start] GC(266) Phase 2: Prepare compaction
[101.858s][info][gc,phases      ] GC(266) Phase 2: Prepare compaction 3.395ms
[101.858s][info][gc,phases,start] GC(266) Phase 3: Adjust pointers
[101.873s][info][gc,phases      ] GC(266) Phase 3: Adjust pointers 15.165ms
[101.873s][info][gc,phases,start] GC(266) Phase 4: Compact heap
[101.874s][info][gc,phases      ] GC(266) Phase 4: Compact heap 1.148ms
[101.889s][info][gc,heap        ] GC(266) Eden regions: 228->0(899)
[101.889s][info][gc,heap        ] GC(266) Survivor regions: 2->0(68)
[101.889s][info][gc,heap        ] GC(266) Old regions: 56->66
[101.889s][info][gc,heap        ] GC(266) Archive regions: 0->0
[101.889s][info][gc,heap        ] GC(266) Humongous regions: 1337->980
[101.889s][info][gc,metaspace   ] GC(266) Metaspace: 124981K(127040K)->124981K(127040K) NonClass: 105972K(106624K)->105972K(106624K) Class: 19009K(20416K)->19009K(20416K)
[101.889s][info][gc             ] GC(266) Pause Full (System.gc()) 1620M->1024M(2048M) 73.076ms
[101.889s][info][gc,cpu         ] GC(266) User=1.22s Sys=0.00s Real=0.08s
[101.986s][info][gc,start       ] GC(267) Pause Young (Concurrent Start) (G1 Humongous Allocation)
[101.986s][info][gc,task        ] GC(267) Using 33 workers of 33 for evacuation
[101.989s][info][gc,phases      ] GC(267)   Pre Evacuate Collection Set: 0.4ms
[101.989s][info][gc,phases      ] GC(267)   Merge Heap Roots: 0.1ms
[101.989s][info][gc,phases      ] GC(267)   Evacuate Collection Set: 1.4ms
[101.989s][info][gc,phases      ] GC(267)   Post Evacuate Collection Set: 0.7ms
[101.989s][info][gc,phases      ] GC(267)   Other: 0.1ms
[101.989s][info][gc,heap        ] GC(267) Eden regions: 11->0(897)
[101.989s][info][gc,heap        ] GC(267) Survivor regions: 0->1(113)
[101.989s][info][gc,heap        ] GC(267) Old regions: 66->66
[101.989s][info][gc,heap        ] GC(267) Archive regions: 0->0
[101.989s][info][gc,heap        ] GC(267) Humongous regions: 980->980
[101.989s][info][gc,metaspace   ] GC(267) Metaspace: 125193K(127232K)->125193K(127232K) NonClass: 106183K(106816K)->106183K(106816K) Class: 19009K(20416K)->19009K(20416K)
[101.989s][info][gc             ] GC(267) Pause Young (Concurrent Start) (G1 Humongous Allocation) 1035M->1025M(2048M) 2.843ms
[101.989s][info][gc             ] GC(268) Concurrent Mark Cycle
[101.989s][info][gc,cpu         ] GC(267) User=0.00s Sys=0.00s Real=0.00s
[101.989s][info][gc,marking     ] GC(268) Concurrent Scan Root Regions
[101.992s][info][gc,marking     ] GC(268) Concurrent Scan Root Regions 2.427ms
[101.992s][info][gc,marking     ] GC(268) Concurrent Mark
[101.992s][info][gc,marking     ] GC(268) Concurrent Mark From Roots
[101.992s][info][gc,task        ] GC(268) Using 8 workers of 8 for marking
[102.008s][info][gc,marking     ] GC(268) Concurrent Mark From Roots 16.123ms
[102.008s][info][gc,marking     ] GC(268) Concurrent Preclean
[102.008s][info][gc,marking     ] GC(268) Concurrent Preclean 0.284ms
[102.008s][info][gc,start       ] GC(268) Pause Remark
[102.011s][info][gc             ] GC(268) Pause Remark 1032M->1032M(2048M) 3.020ms
[102.012s][info][gc,cpu         ] GC(268) User=0.23s Sys=0.02s Real=0.02s
[102.012s][info][gc,marking     ] GC(268) Concurrent Mark 19.753ms
[102.012s][info][gc,marking     ] GC(268) Concurrent Rebuild Remembered Sets and Scrub Regions
[102.018s][info][gc,marking     ] GC(268) Concurrent Rebuild Remembered Sets and Scrub Regions 6.088ms
[102.018s][info][gc,start       ] GC(268) Pause Cleanup
[102.019s][info][gc             ] GC(268) Pause Cleanup 1055M->1055M(2048M) 0.517ms
[102.019s][info][gc,cpu         ] GC(268) User=0.00s Sys=0.00s Real=0.00s
[102.019s][info][gc,marking     ] GC(268) Concurrent Clear Claimed Marks
[102.019s][info][gc,marking     ] GC(268) Concurrent Clear Claimed Marks 0.176ms
[102.019s][info][gc,marking     ] GC(268) Concurrent Cleanup for Next Mark
[102.022s][info][gc,marking     ] GC(268) Concurrent Cleanup for Next Mark 2.357ms
[102.022s][info][gc             ] GC(268) Concurrent Mark Cycle 32.563ms
[102.102s][info][gc,start       ] GC(269) Pause Young (Prepare Mixed) (G1 Evacuation Pause)
[102.102s][info][gc,task        ] GC(269) Using 33 workers of 33 for evacuation
[102.106s][info][gc,phases      ] GC(269)   Pre Evacuate Collection Set: 0.3ms
[102.106s][info][gc,phases      ] GC(269)   Merge Heap Roots: 0.9ms
[102.106s][info][gc,phases      ] GC(269)   Evacuate Collection Set: 1.7ms
[102.106s][info][gc,phases      ] GC(269)   Post Evacuate Collection Set: 0.8ms
[102.106s][info][gc,phases      ] GC(269)   Other: 0.1ms
[102.106s][info][gc,heap        ] GC(269) Eden regions: 897->0(884)
[102.106s][info][gc,heap        ] GC(269) Survivor regions: 1->8(100)
[102.106s][info][gc,heap        ] GC(269) Old regions: 65->65
[102.106s][info][gc,heap        ] GC(269) Archive regions: 0->0
[102.106s][info][gc,heap        ] GC(269) Humongous regions: 985->980
[102.106s][info][gc,metaspace   ] GC(269) Metaspace: 125272K(127296K)->125272K(127296K) NonClass: 106255K(106880K)->106255K(106880K) Class: 19017K(20416K)->19017K(20416K)
[102.106s][info][gc             ] GC(269) Pause Young (Prepare Mixed) (G1 Evacuation Pause) 1927M->1032M(2048M) 4.076ms
[102.106s][info][gc,cpu         ] GC(269) User=0.00s Sys=0.00s Real=0.00s
[102.175s][info][gc,start       ] GC(270) Pause Young (Mixed) (G1 Evacuation Pause)
[102.175s][info][gc,task        ] GC(270) Using 33 workers of 33 for evacuation
[102.179s][info][gc,phases      ] GC(270)   Pre Evacuate Collection Set: 0.3ms
[102.179s][info][gc,phases      ] GC(270)   Merge Heap Roots: 0.3ms
[102.179s][info][gc,phases      ] GC(270)   Evacuate Collection Set: 1.8ms
[102.179s][info][gc,phases      ] GC(270)   Post Evacuate Collection Set: 0.8ms
[102.179s][info][gc,phases      ] GC(270)   Other: 0.2ms
[102.179s][info][gc,heap        ] GC(270) Eden regions: 884->0(877)
[102.179s][info][gc,heap        ] GC(270) Survivor regions: 8->13(111)
[102.179s][info][gc,heap        ] GC(270) Old regions: 65->62
[102.179s][info][gc,heap        ] GC(270) Archive regions: 0->0
[102.179s][info][gc,heap        ] GC(270) Humongous regions: 980->980
[102.179s][info][gc,metaspace   ] GC(270) Metaspace: 125282K(127360K)->125282K(127360K) NonClass: 106265K(106944K)->106265K(106944K) Class: 19017K(20416K)->19017K(20416K)
[102.179s][info][gc             ] GC(270) Pause Young (Mixed) (G1 Evacuation Pause) 1916M->1037M(2048M) 3.641ms
[102.179s][info][gc,cpu         ] GC(270) User=0.00s Sys=0.00s Real=0.00s
[102.215s][info][gc,start       ] GC(271) Pause Young (Concurrent Start) (G1 Humongous Allocation)
[102.215s][info][gc,task        ] GC(271) Using 33 workers of 33 for evacuation
[102.219s][info][gc,phases      ] GC(271)   Pre Evacuate Collection Set: 0.4ms
[102.219s][info][gc,phases      ] GC(271)   Merge Heap Roots: 0.2ms
[102.219s][info][gc,phases      ] GC(271)   Evacuate Collection Set: 2.2ms
[102.219s][info][gc,phases      ] GC(271)   Post Evacuate Collection Set: 0.8ms
[102.219s][info][gc,phases      ] GC(271)   Other: 0.1ms
[102.219s][info][gc,heap        ] GC(271) Eden regions: 497->0(871)
[102.219s][info][gc,heap        ] GC(271) Survivor regions: 13->16(112)
[102.219s][info][gc,heap        ] GC(271) Old regions: 62->62
[102.219s][info][gc,heap        ] GC(271) Archive regions: 0->0
[102.219s][info][gc,heap        ] GC(271) Humongous regions: 980->980
[102.219s][info][gc,metaspace   ] GC(271) Metaspace: 125283K(127360K)->125283K(127360K) NonClass: 106265K(106944K)->106265K(106944K) Class: 19017K(20416K)->19017K(20416K)
[102.219s][info][gc             ] GC(271) Pause Young (Concurrent Start) (G1 Humongous Allocation) 1534M->1040M(2048M) 4.009ms
[102.219s][info][gc             ] GC(272) Concurrent Mark Cycle
[102.219s][info][gc,cpu         ] GC(271) User=0.00s Sys=0.00s Real=0.00s
[102.219s][info][gc,marking     ] GC(272) Concurrent Scan Root Regions
[102.238s][info][gc,marking     ] GC(272) Concurrent Scan Root Regions 19.331ms
[102.239s][info][gc,marking     ] GC(272) Concurrent Mark
[102.239s][info][gc,marking     ] GC(272) Concurrent Mark From Roots
[102.239s][info][gc,task        ] GC(272) Using 8 workers of 8 for marking
[102.282s][info][gc,marking     ] GC(272) Concurrent Mark From Roots 42.739ms
[102.282s][info][gc,marking     ] GC(272) Concurrent Preclean
[102.284s][info][gc,start       ] GC(273) Pause Young (Normal) (G1 Evacuation Pause)
[102.284s][info][gc,task        ] GC(273) Using 33 workers of 33 for evacuation
[102.287s][info][gc,phases      ] GC(273)   Pre Evacuate Collection Set: 0.3ms
[102.287s][info][gc,phases      ] GC(273)   Merge Heap Roots: 0.3ms
[102.287s][info][gc,phases      ] GC(273)   Evacuate Collection Set: 1.4ms
[102.287s][info][gc,phases      ] GC(273)   Post Evacuate Collection Set: 0.8ms
[102.287s][info][gc,phases      ] GC(273)   Other: 0.1ms
[102.287s][info][gc,heap        ] GC(273) Eden regions: 871->0(864)
[102.287s][info][gc,heap        ] GC(273) Survivor regions: 16->10(96)
[102.287s][info][gc,heap        ] GC(273) Old regions: 62->62
[102.287s][info][gc,heap        ] GC(273) Archive regions: 0->0
[102.287s][info][gc,heap        ] GC(273) Humongous regions: 1003->999
[102.287s][info][gc,metaspace   ] GC(273) Metaspace: 125283K(127360K)->125283K(127360K) NonClass: 106265K(106944K)->106265K(106944K) Class: 19017K(20416K)->19017K(20416K)
[102.287s][info][gc             ] GC(273) Pause Young (Normal) (G1 Evacuation Pause) 1934M->1053M(2048M) 3.099ms
[102.287s][info][gc,cpu         ] GC(273) User=0.00s Sys=0.00s Real=0.00s
[102.288s][info][gc,marking     ] GC(272) Concurrent Preclean 5.922ms
[102.289s][info][gc,start       ] GC(272) Pause Remark
[102.292s][info][gc             ] GC(272) Pause Remark 1092M->1092M(2048M) 2.649ms
[102.292s][info][gc,cpu         ] GC(272) User=0.00s Sys=0.00s Real=0.00s
[102.292s][info][gc,marking     ] GC(272) Concurrent Mark 53.147ms
[102.292s][info][gc,marking     ] GC(272) Concurrent Rebuild Remembered Sets and Scrub Regions
[102.316s][info][gc,marking     ] GC(272) Concurrent Rebuild Remembered Sets and Scrub Regions 24.187ms
[102.317s][info][gc,start       ] GC(272) Pause Cleanup
[102.318s][info][gc             ] GC(272) Pause Cleanup 1449M->1449M(2048M) 0.374ms
[102.318s][info][gc,cpu         ] GC(272) User=0.00s Sys=0.00s Real=0.00s
[102.318s][info][gc,marking     ] GC(272) Concurrent Clear Claimed Marks
[102.319s][info][gc,marking     ] GC(272) Concurrent Clear Claimed Marks 1.290ms
[102.319s][info][gc,marking     ] GC(272) Concurrent Cleanup for Next Mark
[102.328s][info][gc,marking     ] GC(272) Concurrent Cleanup for Next Mark 8.830ms
[102.329s][info][gc             ] GC(272) Concurrent Mark Cycle 109.763ms
[102.356s][info][gc,start       ] GC(274) Pause Young (Prepare Mixed) (G1 Evacuation Pause)
[102.356s][info][gc,task        ] GC(274) Using 33 workers of 33 for evacuation
[102.359s][info][gc,phases      ] GC(274)   Pre Evacuate Collection Set: 0.3ms
[102.359s][info][gc,phases      ] GC(274)   Merge Heap Roots: 0.8ms
[102.359s][info][gc,phases      ] GC(274)   Evacuate Collection Set: 1.4ms
[102.359s][info][gc,phases      ] GC(274)   Post Evacuate Collection Set: 0.8ms
[102.359s][info][gc,phases      ] GC(274)   Other: 0.1ms
[102.359s][info][gc,heap        ] GC(274) Eden regions: 864->0(852)
[102.359s][info][gc,heap        ] GC(274) Survivor regions: 10->10(91)
[102.359s][info][gc,heap        ] GC(274) Old regions: 62->62
[102.359s][info][gc,heap        ] GC(274) Archive regions: 0->0
[102.359s][info][gc,heap        ] GC(274) Humongous regions: 1021->1011
[102.359s][info][gc,metaspace   ] GC(274) Metaspace: 125283K(127360K)->125283K(127360K) NonClass: 106265K(106944K)->106265K(106944K) Class: 19017K(20416K)->19017K(20416K)
[102.359s][info][gc             ] GC(274) Pause Young (Prepare Mixed) (G1 Evacuation Pause) 1939M->1065M(2048M) 3.655ms
[102.359s][info][gc,cpu         ] GC(274) User=0.00s Sys=0.00s Real=0.00s
[102.422s][info][gc,start       ] GC(275) Pause Young (Mixed) (G1 Evacuation Pause)
[102.422s][info][gc,task        ] GC(275) Using 33 workers of 33 for evacuation
[102.426s][info][gc,phases      ] GC(275)   Pre Evacuate Collection Set: 0.3ms
[102.426s][info][gc,phases      ] GC(275)   Merge Heap Roots: 0.3ms
[102.426s][info][gc,phases      ] GC(275)   Evacuate Collection Set: 1.9ms
[102.426s][info][gc,phases      ] GC(275)   Post Evacuate Collection Set: 0.8ms
[102.426s][info][gc,phases      ] GC(275)   Other: 0.2ms
[102.426s][info][gc,heap        ] GC(275) Eden regions: 852->0(836)
[102.426s][info][gc,heap        ] GC(275) Survivor regions: 10->10(75)
[102.426s][info][gc,heap        ] GC(275) Old regions: 62->59
[102.426s][info][gc,heap        ] GC(275) Archive regions: 0->0
[102.426s][info][gc,heap        ] GC(275) Humongous regions: 1049->1030
[102.426s][info][gc,metaspace   ] GC(275) Metaspace: 125283K(127360K)->125283K(127360K) NonClass: 106265K(106944K)->106265K(106944K) Class: 19017K(20416K)->19017K(20416K)
[102.426s][info][gc             ] GC(275) Pause Young (Mixed) (G1 Evacuation Pause) 1955M->1084M(2048M) 3.769ms
[102.426s][info][gc,cpu         ] GC(275) User=0.00s Sys=0.00s Real=0.00s
[102.428s][info][gc,start       ] GC(276) Pause Young (Concurrent Start) (G1 Humongous Allocation)
[102.428s][info][gc,task        ] GC(276) Using 33 workers of 33 for evacuation
[102.431s][info][gc,phases      ] GC(276)   Pre Evacuate Collection Set: 0.4ms
[102.431s][info][gc,phases      ] GC(276)   Merge Heap Roots: 0.1ms
[102.431s][info][gc,phases      ] GC(276)   Evacuate Collection Set: 2.0ms
[102.431s][info][gc,phases      ] GC(276)   Post Evacuate Collection Set: 0.6ms
[102.431s][info][gc,phases      ] GC(276)   Other: 0.0ms
[102.431s][info][gc,heap        ] GC(276) Eden regions: 28->0(838)
[102.431s][info][gc,heap        ] GC(276) Survivor regions: 10->10(106)
[102.431s][info][gc,heap        ] GC(276) Old regions: 59->59
[102.431s][info][gc,heap        ] GC(276) Archive regions: 0->0
[102.431s][info][gc,heap        ] GC(276) Humongous regions: 1030->1028
[102.431s][info][gc,metaspace   ] GC(276) Metaspace: 125283K(127360K)->125283K(127360K) NonClass: 106265K(106944K)->106265K(106944K) Class: 19017K(20416K)->19017K(20416K)
[102.431s][info][gc             ] GC(276) Pause Young (Concurrent Start) (G1 Humongous Allocation) 1112M->1082M(2048M) 3.342ms
[102.431s][info][gc             ] GC(277) Concurrent Mark Cycle
[102.431s][info][gc,cpu         ] GC(276) User=0.00s Sys=0.00s Real=0.00s
[102.431s][info][gc,marking     ] GC(277) Concurrent Scan Root Regions
[102.450s][info][gc,marking     ] GC(277) Concurrent Scan Root Regions 19.227ms
[102.451s][info][gc,marking     ] GC(277) Concurrent Mark
[102.451s][info][gc,marking     ] GC(277) Concurrent Mark From Roots
[102.451s][info][gc,task        ] GC(277) Using 8 workers of 8 for marking
[102.493s][info][gc,start       ] GC(278) Pause Young (Normal) (G1 Evacuation Pause)
[102.493s][info][gc,task        ] GC(278) Using 33 workers of 33 for evacuation
[102.495s][info][gc,phases      ] GC(278)   Pre Evacuate Collection Set: 0.3ms
[102.495s][info][gc,phases      ] GC(278)   Merge Heap Roots: 0.3ms
[102.495s][info][gc,phases      ] GC(278)   Evacuate Collection Set: 1.2ms
[102.495s][info][gc,phases      ] GC(278)   Post Evacuate Collection Set: 0.8ms
[102.495s][info][gc,phases      ] GC(278)   Other: 0.1ms
[102.495s][info][gc,heap        ] GC(278) Eden regions: 838->0(836)
[102.495s][info][gc,heap        ] GC(278) Survivor regions: 10->10(106)
[102.495s][info][gc,heap        ] GC(278) Old regions: 59->59
[102.495s][info][gc,heap        ] GC(278) Archive regions: 0->0
[102.495s][info][gc,heap        ] GC(278) Humongous regions: 1032->1030
[102.495s][info][gc,metaspace   ] GC(278) Metaspace: 125283K(127360K)->125283K(127360K) NonClass: 106265K(106944K)->106265K(106944K) Class: 19017K(20416K)->19017K(20416K)
[102.496s][info][gc             ] GC(278) Pause Young (Normal) (G1 Evacuation Pause) 1924M->1084M(2048M) 2.924ms
[102.496s][info][gc,cpu         ] GC(278) User=0.05s Sys=0.00s Real=0.02s
[102.515s][info][gc,marking     ] GC(277) Concurrent Mark From Roots 64.043ms
[102.515s][info][gc,marking     ] GC(277) Concurrent Preclean
[102.518s][info][gc,marking     ] GC(277) Concurrent Preclean 2.647ms
[102.526s][info][gc,start       ] GC(277) Pause Remark
[102.529s][info][gc             ] GC(277) Pause Remark 1416M->1416M(2048M) 3.168ms
[102.529s][info][gc,cpu         ] GC(277) User=0.00s Sys=0.00s Real=0.00s
[102.530s][info][gc,marking     ] GC(277) Concurrent Mark 78.761ms
[102.530s][info][gc,marking     ] GC(277) Concurrent Rebuild Remembered Sets and Scrub Regions
[102.549s][info][gc,marking     ] GC(277) Concurrent Rebuild Remembered Sets and Scrub Regions 18.821ms
[102.550s][info][gc,start       ] GC(277) Pause Cleanup
[102.550s][info][gc             ] GC(277) Pause Cleanup 1687M->1687M(2048M) 0.337ms
[102.550s][info][gc,cpu         ] GC(277) User=0.00s Sys=0.00s Real=0.00s
[102.550s][info][gc,marking     ] GC(277) Concurrent Clear Claimed Marks
[102.551s][info][gc,marking     ] GC(277) Concurrent Clear Claimed Marks 1.023ms
[102.551s][info][gc,marking     ] GC(277) Concurrent Cleanup for Next Mark
[102.560s][info][gc,marking     ] GC(277) Concurrent Cleanup for Next Mark 8.432ms
[102.560s][info][gc             ] GC(277) Concurrent Mark Cycle 129.174ms
[102.569s][info][gc,start       ] GC(279) Pause Young (Prepare Mixed) (G1 Evacuation Pause)
[102.569s][info][gc,task        ] GC(279) Using 33 workers of 33 for evacuation
[102.572s][info][gc,phases      ] GC(279)   Pre Evacuate Collection Set: 0.3ms
[102.572s][info][gc,phases      ] GC(279)   Merge Heap Roots: 0.8ms
[102.572s][info][gc,phases      ] GC(279)   Evacuate Collection Set: 1.3ms
[102.572s][info][gc,phases      ] GC(279)   Post Evacuate Collection Set: 0.8ms
[102.572s][info][gc,phases      ] GC(279)   Other: 0.1ms
[102.572s][info][gc,heap        ] GC(279) Eden regions: 836->0(831)
[102.572s][info][gc,heap        ] GC(279) Survivor regions: 10->10(102)
[102.572s][info][gc,heap        ] GC(279) Old regions: 59->59
[102.572s][info][gc,heap        ] GC(279) Archive regions: 0->0
[102.572s][info][gc,heap        ] GC(279) Humongous regions: 1041->1035
[102.572s][info][gc,metaspace   ] GC(279) Metaspace: 125283K(127360K)->125283K(127360K) NonClass: 106265K(106944K)->106265K(106944K) Class: 19017K(20416K)->19017K(20416K)
[102.572s][info][gc             ] GC(279) Pause Young (Prepare Mixed) (G1 Evacuation Pause) 1931M->1089M(2048M) 3.405ms
[102.573s][info][gc,cpu         ] GC(279) User=0.00s Sys=0.00s Real=0.00s
[102.634s][info][gc,start       ] GC(280) Pause Young (Mixed) (G1 Humongous Allocation)
[102.634s][info][gc,task        ] GC(280) Using 33 workers of 33 for evacuation
[102.638s][info][gc,phases      ] GC(280)   Pre Evacuate Collection Set: 0.3ms
[102.638s][info][gc,phases      ] GC(280)   Merge Heap Roots: 0.3ms
[102.638s][info][gc,phases      ] GC(280)   Evacuate Collection Set: 1.8ms
[102.638s][info][gc,phases      ] GC(280)   Post Evacuate Collection Set: 0.8ms
[102.638s][info][gc,phases      ] GC(280)   Other: 0.1ms
[102.638s][info][gc,heap        ] GC(280) Eden regions: 815->0(797)
[102.638s][info][gc,heap        ] GC(280) Survivor regions: 10->10(80)
[102.638s][info][gc,heap        ] GC(280) Old regions: 59->56
[102.638s][info][gc,heap        ] GC(280) Archive regions: 0->0
[102.638s][info][gc,heap        ] GC(280) Humongous regions: 1084->1072
[102.638s][info][gc,metaspace   ] GC(280) Metaspace: 125283K(127360K)->125283K(127360K) NonClass: 106265K(106944K)->106265K(106944K) Class: 19017K(20416K)->19017K(20416K)
[102.638s][info][gc             ] GC(280) Pause Young (Mixed) (G1 Humongous Allocation) 1953M->1126M(2048M) 3.601ms
[102.638s][info][gc,cpu         ] GC(280) User=0.55s Sys=0.00s Real=0.02s
[102.645s][info][gc,start       ] GC(281) Pause Young (Concurrent Start) (G1 Humongous Allocation)
[102.645s][info][gc,task        ] GC(281) Using 33 workers of 33 for evacuation
[102.648s][info][gc,phases      ] GC(281)   Pre Evacuate Collection Set: 0.4ms
[102.648s][info][gc,phases      ] GC(281)   Merge Heap Roots: 0.1ms
[102.648s][info][gc,phases      ] GC(281)   Evacuate Collection Set: 1.9ms
[102.648s][info][gc,phases      ] GC(281)   Post Evacuate Collection Set: 0.6ms
[102.648s][info][gc,phases      ] GC(281)   Other: 0.0ms
[102.648s][info][gc,heap        ] GC(281) Eden regions: 96->0(798)
[102.648s][info][gc,heap        ] GC(281) Survivor regions: 10->10(101)
[102.648s][info][gc,heap        ] GC(281) Old regions: 56->56
[102.648s][info][gc,heap        ] GC(281) Archive regions: 0->0
[102.648s][info][gc,heap        ] GC(281) Humongous regions: 1079->1071
[102.648s][info][gc,metaspace   ] GC(281) Metaspace: 125283K(127360K)->125283K(127360K) NonClass: 106265K(106944K)->106265K(106944K) Class: 19017K(20416K)->19017K(20416K)
[102.648s][info][gc             ] GC(281) Pause Young (Concurrent Start) (G1 Humongous Allocation) 1229M->1125M(2048M) 3.331ms
[102.648s][info][gc             ] GC(282) Concurrent Mark Cycle
[102.648s][info][gc,cpu         ] GC(281) User=0.00s Sys=0.00s Real=0.00s
[102.648s][info][gc,marking     ] GC(282) Concurrent Scan Root Regions
[102.668s][info][gc,marking     ] GC(282) Concurrent Scan Root Regions 19.636ms
[102.669s][info][gc,marking     ] GC(282) Concurrent Mark
[102.669s][info][gc,marking     ] GC(282) Concurrent Mark From Roots
[102.669s][info][gc,task        ] GC(282) Using 8 workers of 8 for marking
[102.709s][info][gc,start       ] GC(283) Pause Young (Normal) (G1 Evacuation Pause)
[102.709s][info][gc,task        ] GC(283) Using 33 workers of 33 for evacuation
[102.711s][info][gc,phases      ] GC(283)   Pre Evacuate Collection Set: 0.3ms
[102.711s][info][gc,phases      ] GC(283)   Merge Heap Roots: 0.3ms
[102.711s][info][gc,phases      ] GC(283)   Evacuate Collection Set: 1.3ms
[102.711s][info][gc,phases      ] GC(283)   Post Evacuate Collection Set: 0.7ms
[102.711s][info][gc,phases      ] GC(283)   Other: 0.1ms
[102.711s][info][gc,heap        ] GC(283) Eden regions: 798->0(800)
[102.711s][info][gc,heap        ] GC(283) Survivor regions: 10->10(84)
[102.711s][info][gc,heap        ] GC(283) Old regions: 56->56
[102.711s][info][gc,heap        ] GC(283) Archive regions: 0->0
[102.711s][info][gc,heap        ] GC(283) Humongous regions: 1100->1069
[102.711s][info][gc,metaspace   ] GC(283) Metaspace: 125283K(127360K)->125283K(127360K) NonClass: 106266K(106944K)->106266K(106944K) Class: 19017K(20416K)->19017K(20416K)
[102.711s][info][gc             ] GC(283) Pause Young (Normal) (G1 Evacuation Pause) 1952M->1123M(2048M) 2.903ms
[102.711s][info][gc,cpu         ] GC(283) User=0.02s Sys=0.00s Real=0.02s
[102.720s][info][gc,marking     ] GC(282) Concurrent Mark From Roots 51.099ms
[102.720s][info][gc,marking     ] GC(282) Concurrent Preclean
[102.723s][info][gc,marking     ] GC(282) Concurrent Preclean 2.724ms
[102.724s][info][gc,start       ] GC(282) Pause Remark
[102.726s][info][gc             ] GC(282) Pause Remark 1300M->1300M(2048M) 2.517ms
[102.726s][info][gc,cpu         ] GC(282) User=0.00s Sys=0.00s Real=0.00s
[102.726s][info][gc,marking     ] GC(282) Concurrent Mark 57.692ms
[102.726s][info][gc,marking     ] GC(282) Concurrent Rebuild Remembered Sets and Scrub Regions
[102.747s][info][gc,marking     ] GC(282) Concurrent Rebuild Remembered Sets and Scrub Regions 20.679ms
[102.749s][info][gc,start       ] GC(282) Pause Cleanup
[102.749s][info][gc             ] GC(282) Pause Cleanup 1610M->1610M(2048M) 0.347ms
[102.749s][info][gc,cpu         ] GC(282) User=0.00s Sys=0.00s Real=0.00s
[102.749s][info][gc,marking     ] GC(282) Concurrent Clear Claimed Marks
[102.750s][info][gc,marking     ] GC(282) Concurrent Clear Claimed Marks 0.606ms
[102.750s][info][gc,marking     ] GC(282) Concurrent Cleanup for Next Mark
[102.759s][info][gc,marking     ] GC(282) Concurrent Cleanup for Next Mark 8.965ms
[102.759s][info][gc             ] GC(282) Concurrent Mark Cycle 110.637ms
[102.777s][info][gc,start       ] GC(284) Pause Young (Prepare Mixed) (G1 Evacuation Pause)
[102.777s][info][gc,task        ] GC(284) Using 33 workers of 33 for evacuation
[102.780s][info][gc,phases      ] GC(284)   Pre Evacuate Collection Set: 0.3ms
[102.780s][info][gc,phases      ] GC(284)   Merge Heap Roots: 0.8ms
[102.780s][info][gc,phases      ] GC(284)   Evacuate Collection Set: 1.3ms
[102.780s][info][gc,phases      ] GC(284)   Post Evacuate Collection Set: 0.8ms
[102.780s][info][gc,phases      ] GC(284)   Other: 0.1ms
[102.780s][info][gc,heap        ] GC(284) Eden regions: 800->0(785)
[102.780s][info][gc,heap        ] GC(284) Survivor regions: 10->10(65)
[102.780s][info][gc,heap        ] GC(284) Old regions: 56->56
[102.780s][info][gc,heap        ] GC(284) Archive regions: 0->0
[102.780s][info][gc,heap        ] GC(284) Humongous regions: 1117->1084
[102.780s][info][gc,metaspace   ] GC(284) Metaspace: 125283K(127360K)->125283K(127360K) NonClass: 106266K(106944K)->106266K(106944K) Class: 19017K(20416K)->19017K(20416K)
[102.780s][info][gc             ] GC(284) Pause Young (Prepare Mixed) (G1 Evacuation Pause) 1971M->1138M(2048M) 3.514ms
[102.780s][info][gc,cpu         ] GC(284) User=0.03s Sys=0.00s Real=0.02s
[102.842s][info][gc,start       ] GC(285) Pause Young (Mixed) (G1 Evacuation Pause)
[102.842s][info][gc,task        ] GC(285) Using 33 workers of 33 for evacuation
[102.846s][info][gc,phases      ] GC(285)   Pre Evacuate Collection Set: 0.3ms
[102.846s][info][gc,phases      ] GC(285)   Merge Heap Roots: 0.3ms
[102.846s][info][gc,phases      ] GC(285)   Evacuate Collection Set: 1.8ms
[102.846s][info][gc,phases      ] GC(285)   Post Evacuate Collection Set: 0.8ms
[102.846s][info][gc,phases      ] GC(285)   Other: 0.1ms
[102.846s][info][gc,heap        ] GC(285) Eden regions: 785->0(821)
[102.846s][info][gc,heap        ] GC(285) Survivor regions: 10->14(62)
[102.846s][info][gc,heap        ] GC(285) Old regions: 56->54
[102.846s][info][gc,heap        ] GC(285) Archive regions: 0->0
[102.846s][info][gc,heap        ] GC(285) Humongous regions: 1135->1042
[102.846s][info][gc,metaspace   ] GC(285) Metaspace: 125294K(127360K)->125294K(127360K) NonClass: 106277K(106944K)->106277K(106944K) Class: 19017K(20416K)->19017K(20416K)
[102.846s][info][gc             ] GC(285) Pause Young (Mixed) (G1 Evacuation Pause) 1974M->1099M(2048M) 3.559ms
[102.846s][info][gc,cpu         ] GC(285) User=0.00s Sys=0.00s Real=0.00s
[102.851s][info][gc,start       ] GC(286) Pause Young (Concurrent Start) (G1 Humongous Allocation)
[102.851s][info][gc,task        ] GC(286) Using 33 workers of 33 for evacuation
[102.854s][info][gc,phases      ] GC(286)   Pre Evacuate Collection Set: 0.4ms
[102.854s][info][gc,phases      ] GC(286)   Merge Heap Roots: 0.1ms
[102.854s][info][gc,phases      ] GC(286)   Evacuate Collection Set: 2.2ms
[102.854s][info][gc,phases      ] GC(286)   Post Evacuate Collection Set: 0.6ms
[102.854s][info][gc,phases      ] GC(286)   Other: 0.0ms
[102.854s][info][gc,heap        ] GC(286) Eden regions: 75->0(825)
[102.854s][info][gc,heap        ] GC(286) Survivor regions: 14->14(105)
[102.854s][info][gc,heap        ] GC(286) Old regions: 54->54
[102.854s][info][gc,heap        ] GC(286) Archive regions: 0->0
[102.854s][info][gc,heap        ] GC(286) Humongous regions: 1042->1038
[102.854s][info][gc,metaspace   ] GC(286) Metaspace: 125296K(127360K)->125296K(127360K) NonClass: 106279K(106944K)->106279K(106944K) Class: 19017K(20416K)->19017K(20416K)
[102.854s][info][gc             ] GC(286) Pause Young (Concurrent Start) (G1 Humongous Allocation) 1174M->1096M(2048M) 3.578ms
[102.854s][info][gc             ] GC(287) Concurrent Mark Cycle
[102.854s][info][gc,cpu         ] GC(286) User=0.00s Sys=0.00s Real=0.00s
[102.854s][info][gc,marking     ] GC(287) Concurrent Scan Root Regions
[102.873s][info][gc,marking     ] GC(287) Concurrent Scan Root Regions 18.380ms
[102.873s][info][gc,marking     ] GC(287) Concurrent Mark
[102.873s][info][gc,marking     ] GC(287) Concurrent Mark From Roots
[102.873s][info][gc,task        ] GC(287) Using 8 workers of 8 for marking
[102.917s][info][gc,start       ] GC(288) Pause Young (Normal) (G1 Evacuation Pause)
[102.917s][info][gc,task        ] GC(288) Using 33 workers of 33 for evacuation
[102.920s][info][gc,phases      ] GC(288)   Pre Evacuate Collection Set: 0.2ms
[102.920s][info][gc,phases      ] GC(288)   Merge Heap Roots: 0.3ms
[102.920s][info][gc,phases      ] GC(288)   Evacuate Collection Set: 1.3ms
[102.920s][info][gc,phases      ] GC(288)   Post Evacuate Collection Set: 0.8ms
[102.920s][info][gc,phases      ] GC(288)   Other: 0.1ms
[102.920s][info][gc,heap        ] GC(288) Eden regions: 825->0(826)
[102.920s][info][gc,heap        ] GC(288) Survivor regions: 14->5(90)
[102.920s][info][gc,heap        ] GC(288) Old regions: 54->60
[102.920s][info][gc,heap        ] GC(288) Archive regions: 0->0
[102.920s][info][gc,heap        ] GC(288) Humongous regions: 1065->1049
[102.920s][info][gc,metaspace   ] GC(288) Metaspace: 125296K(127360K)->125296K(127360K) NonClass: 106279K(106944K)->106279K(106944K) Class: 19017K(20416K)->19017K(20416K)
[102.920s][info][gc             ] GC(288) Pause Young (Normal) (G1 Evacuation Pause) 1948M->1104M(2048M) 2.989ms
[102.920s][info][gc,cpu         ] GC(288) User=0.00s Sys=0.00s Real=0.00s
[102.928s][info][gc,marking     ] GC(287) Concurrent Mark From Roots 54.367ms
[102.928s][info][gc,marking     ] GC(287) Concurrent Preclean
[102.931s][info][gc,marking     ] GC(287) Concurrent Preclean 2.786ms
[102.932s][info][gc,start       ] GC(287) Pause Remark
[102.934s][info][gc             ] GC(287) Pause Remark 1275M->1275M(2048M) 2.660ms
[102.934s][info][gc,cpu         ] GC(287) User=0.52s Sys=0.00s Real=0.02s
[102.934s][info][gc,marking     ] GC(287) Concurrent Mark 61.251ms
[102.934s][info][gc,marking     ] GC(287) Concurrent Rebuild Remembered Sets and Scrub Regions
[102.959s][info][gc,marking     ] GC(287) Concurrent Rebuild Remembered Sets and Scrub Regions 24.360ms
[102.960s][info][gc,start       ] GC(287) Pause Cleanup
[102.960s][info][gc             ] GC(287) Pause Cleanup 1633M->1633M(2048M) 0.328ms
[102.960s][info][gc,cpu         ] GC(287) User=0.00s Sys=0.00s Real=0.00s
[102.960s][info][gc,marking     ] GC(287) Concurrent Clear Claimed Marks
[102.962s][info][gc,marking     ] GC(287) Concurrent Clear Claimed Marks 1.107ms
[102.962s][info][gc,marking     ] GC(287) Concurrent Cleanup for Next Mark
[102.971s][info][gc,marking     ] GC(287) Concurrent Cleanup for Next Mark 9.460ms
[102.972s][info][gc             ] GC(287) Concurrent Mark Cycle 117.542ms
[102.985s][info][gc,start       ] GC(289) Pause Young (Prepare Mixed) (G1 Evacuation Pause)
[102.985s][info][gc,task        ] GC(289) Using 33 workers of 33 for evacuation
[102.987s][info][gc,phases      ] GC(289)   Pre Evacuate Collection Set: 0.3ms
[102.987s][info][gc,phases      ] GC(289)   Merge Heap Roots: 0.8ms
[102.987s][info][gc,phases      ] GC(289)   Evacuate Collection Set: 0.8ms
[102.988s][info][gc,phases      ] GC(289)   Post Evacuate Collection Set: 0.7ms
[102.988s][info][gc,phases      ] GC(289)   Other: 0.1ms
[102.988s][info][gc,heap        ] GC(289) Eden regions: 826->0(817)
[102.988s][info][gc,heap        ] GC(289) Survivor regions: 5->3(88)
[102.988s][info][gc,heap        ] GC(289) Old regions: 60->62
[102.988s][info][gc,heap        ] GC(289) Archive regions: 0->0
[102.988s][info][gc,heap        ] GC(289) Humongous regions: 1069->1060
[102.988s][info][gc,metaspace   ] GC(289) Metaspace: 125296K(127360K)->125296K(127360K) NonClass: 106279K(106944K)->106279K(106944K) Class: 19017K(20416K)->19017K(20416K)
[102.988s][info][gc             ] GC(289) Pause Young (Prepare Mixed) (G1 Evacuation Pause) 1950M->1115M(2048M) 2.889ms
[102.988s][info][gc,cpu         ] GC(289) User=0.02s Sys=0.00s Real=0.01s
[103.047s][info][gc,start       ] GC(290) Pause Young (Mixed) (G1 Evacuation Pause)
[103.047s][info][gc,task        ] GC(290) Using 33 workers of 33 for evacuation
[103.049s][info][gc,phases      ] GC(290)   Pre Evacuate Collection Set: 0.3ms
[103.049s][info][gc,phases      ] GC(290)   Merge Heap Roots: 0.3ms
[103.049s][info][gc,phases      ] GC(290)   Evacuate Collection Set: 1.2ms
[103.049s][info][gc,phases      ] GC(290)   Post Evacuate Collection Set: 0.7ms
[103.049s][info][gc,phases      ] GC(290)   Other: 0.1ms
[103.049s][info][gc,heap        ] GC(290) Eden regions: 817->0(803)
[103.049s][info][gc,heap        ] GC(290) Survivor regions: 3->2(70)
[103.049s][info][gc,heap        ] GC(290) Old regions: 62->60
[103.049s][info][gc,heap        ] GC(290) Archive regions: 0->0
[103.049s][info][gc,heap        ] GC(290) Humongous regions: 1096->1078
[103.049s][info][gc,metaspace   ] GC(290) Metaspace: 125297K(127360K)->125297K(127360K) NonClass: 106280K(106944K)->106280K(106944K) Class: 19017K(20416K)->19017K(20416K)
[103.049s][info][gc             ] GC(290) Pause Young (Mixed) (G1 Evacuation Pause) 1968M->1132M(2048M) 2.808ms
[103.049s][info][gc,cpu         ] GC(290) User=0.13s Sys=0.03s Real=0.02s
[103.072s][info][gc,start       ] GC(291) Pause Young (Concurrent Start) (G1 Humongous Allocation)
[103.072s][info][gc,task        ] GC(291) Using 33 workers of 33 for evacuation
[103.075s][info][gc,phases      ] GC(291)   Pre Evacuate Collection Set: 0.4ms
[103.075s][info][gc,phases      ] GC(291)   Merge Heap Roots: 0.2ms
[103.075s][info][gc,phases      ] GC(291)   Evacuate Collection Set: 1.4ms
[103.075s][info][gc,phases      ] GC(291)   Post Evacuate Collection Set: 0.6ms
[103.075s][info][gc,phases      ] GC(291)   Other: 0.0ms
[103.075s][info][gc,heap        ] GC(291) Eden regions: 331->0(803)
[103.075s][info][gc,heap        ] GC(291) Survivor regions: 2->2(101)
[103.075s][info][gc,heap        ] GC(291) Old regions: 60->60
[103.075s][info][gc,heap        ] GC(291) Archive regions: 0->0
[103.075s][info][gc,heap        ] GC(291) Humongous regions: 1078->1078
[103.075s][info][gc,metaspace   ] GC(291) Metaspace: 125297K(127360K)->125297K(127360K) NonClass: 106280K(106944K)->106280K(106944K) Class: 19017K(20416K)->19017K(20416K)
[103.075s][info][gc             ] GC(291) Pause Young (Concurrent Start) (G1 Humongous Allocation) 1463M->1132M(2048M) 2.870ms
[103.075s][info][gc             ] GC(292) Concurrent Mark Cycle
[103.075s][info][gc,cpu         ] GC(291) User=0.00s Sys=0.00s Real=0.00s
[103.075s][info][gc,marking     ] GC(292) Concurrent Scan Root Regions
[103.094s][info][gc,marking     ] GC(292) Concurrent Scan Root Regions 18.717ms
[103.094s][info][gc,marking     ] GC(292) Concurrent Mark
[103.094s][info][gc,marking     ] GC(292) Concurrent Mark From Roots
[103.094s][info][gc,task        ] GC(292) Using 8 workers of 8 for marking
[103.134s][info][gc,start       ] GC(293) Pause Young (Normal) (G1 Evacuation Pause)
[103.134s][info][gc,task        ] GC(293) Using 33 workers of 33 for evacuation
[103.136s][info][gc,phases      ] GC(293)   Pre Evacuate Collection Set: 0.3ms
[103.136s][info][gc,phases      ] GC(293)   Merge Heap Roots: 0.3ms
[103.136s][info][gc,phases      ] GC(293)   Evacuate Collection Set: 0.6ms
[103.136s][info][gc,phases      ] GC(293)   Post Evacuate Collection Set: 0.7ms
[103.136s][info][gc,phases      ] GC(293)   Other: 0.1ms
[103.136s][info][gc,heap        ] GC(293) Eden regions: 803->0(790)
[103.136s][info][gc,heap        ] GC(293) Survivor regions: 2->2(86)
[103.136s][info][gc,heap        ] GC(293) Old regions: 60->60
[103.136s][info][gc,heap        ] GC(293) Archive regions: 0->0
[103.136s][info][gc,heap        ] GC(293) Humongous regions: 1097->1091
[103.136s][info][gc,metaspace   ] GC(293) Metaspace: 125298K(127360K)->125298K(127360K) NonClass: 106281K(106944K)->106281K(106944K) Class: 19017K(20416K)->19017K(20416K)
[103.136s][info][gc             ] GC(293) Pause Young (Normal) (G1 Evacuation Pause) 1954M->1145M(2048M) 2.225ms
[103.136s][info][gc,cpu         ] GC(293) User=0.00s Sys=0.00s Real=0.00s
[103.161s][info][gc,marking     ] GC(292) Concurrent Mark From Roots 67.065ms
[103.162s][info][gc,marking     ] GC(292) Concurrent Preclean
[103.165s][info][gc,marking     ] GC(292) Concurrent Preclean 3.126ms
[103.167s][info][gc,start       ] GC(292) Pause Remark
[103.169s][info][gc             ] GC(292) Pause Remark 1572M->1572M(2048M) 2.509ms
[103.169s][info][gc,cpu         ] GC(292) User=0.00s Sys=0.00s Real=0.00s
[103.169s][info][gc,marking     ] GC(292) Concurrent Mark 74.931ms
[103.169s][info][gc,marking     ] GC(292) Concurrent Rebuild Remembered Sets and Scrub Regions
[103.190s][info][gc,marking     ] GC(292) Concurrent Rebuild Remembered Sets and Scrub Regions 20.450ms
[103.191s][info][gc,start       ] GC(292) Pause Cleanup
[103.191s][info][gc             ] GC(292) Pause Cleanup 1866M->1866M(2048M) 0.305ms
[103.191s][info][gc,cpu         ] GC(292) User=0.00s Sys=0.00s Real=0.00s
[103.191s][info][gc,marking     ] GC(292) Concurrent Clear Claimed Marks
[103.192s][info][gc,marking     ] GC(292) Concurrent Clear Claimed Marks 1.208ms
[103.193s][info][gc,marking     ] GC(292) Concurrent Cleanup for Next Mark
[103.209s][info][gc,start       ] GC(294) Pause Young (Prepare Mixed) (G1 Evacuation Pause)
[103.209s][info][gc,task        ] GC(294) Using 33 workers of 33 for evacuation
[103.211s][info][gc,phases      ] GC(294)   Pre Evacuate Collection Set: 0.3ms
[103.211s][info][gc,phases      ] GC(294)   Merge Heap Roots: 0.7ms
[103.211s][info][gc,phases      ] GC(294)   Evacuate Collection Set: 0.6ms
[103.211s][info][gc,phases      ] GC(294)   Post Evacuate Collection Set: 0.8ms
[103.211s][info][gc,phases      ] GC(294)   Other: 0.1ms
[103.212s][info][gc,heap        ] GC(294) Eden regions: 790->0(784)
[103.212s][info][gc,heap        ] GC(294) Survivor regions: 2->2(91)
[103.212s][info][gc,heap        ] GC(294) Old regions: 60->60
[103.212s][info][gc,heap        ] GC(294) Archive regions: 0->0
[103.212s][info][gc,heap        ] GC(294) Humongous regions: 1105->1097
[103.212s][info][gc,metaspace   ] GC(294) Metaspace: 125301K(127360K)->125301K(127360K) NonClass: 106284K(106944K)->106284K(106944K) Class: 19017K(20416K)->19017K(20416K)
[103.212s][info][gc             ] GC(294) Pause Young (Prepare Mixed) (G1 Evacuation Pause) 1949M->1152M(2048M) 2.768ms
[103.212s][info][gc,cpu         ] GC(294) User=0.00s Sys=0.00s Real=0.00s
[103.215s][info][gc,marking     ] GC(292) Concurrent Cleanup for Next Mark 21.983ms
[103.215s][info][gc             ] GC(292) Concurrent Mark Cycle 139.942ms
[103.275s][info][gc,start       ] GC(295) Pause Young (Mixed) (G1 Humongous Allocation)
[103.275s][info][gc,task        ] GC(295) Using 33 workers of 33 for evacuation
[103.278s][info][gc,phases      ] GC(295)   Pre Evacuate Collection Set: 0.3ms
[103.278s][info][gc,phases      ] GC(295)   Merge Heap Roots: 0.3ms
[103.278s][info][gc,phases      ] GC(295)   Evacuate Collection Set: 1.2ms
[103.278s][info][gc,phases      ] GC(295)   Post Evacuate Collection Set: 0.7ms
[103.278s][info][gc,phases      ] GC(295)   Other: 0.1ms
[103.278s][info][gc,heap        ] GC(295) Eden regions: 781->0(769)
[103.278s][info][gc,heap        ] GC(295) Survivor regions: 2->3(47)
[103.278s][info][gc,heap        ] GC(295) Old regions: 60->58
[103.278s][info][gc,heap        ] GC(295) Archive regions: 0->0
[103.278s][info][gc,heap        ] GC(295) Humongous regions: 1158->1112
[103.278s][info][gc,metaspace   ] GC(295) Metaspace: 125317K(127360K)->125317K(127360K) NonClass: 106300K(106944K)->106300K(106944K) Class: 19017K(20416K)->19017K(20416K)
[103.278s][info][gc             ] GC(295) Pause Young (Mixed) (G1 Humongous Allocation) 1994M->1167M(2048M) 2.734ms
[103.278s][info][gc,cpu         ] GC(295) User=0.00s Sys=0.00s Real=0.00s
[103.286s][info][gc,start       ] GC(296) Pause Young (Concurrent Start) (G1 Humongous Allocation)
[103.286s][info][gc,task        ] GC(296) Using 33 workers of 33 for evacuation
[103.289s][info][gc,phases      ] GC(296)   Pre Evacuate Collection Set: 0.4ms
[103.289s][info][gc,phases      ] GC(296)   Merge Heap Roots: 0.1ms
[103.289s][info][gc,phases      ] GC(296)   Evacuate Collection Set: 1.4ms
[103.289s][info][gc,phases      ] GC(296)   Post Evacuate Collection Set: 0.6ms
[103.289s][info][gc,phases      ] GC(296)   Other: 0.0ms
[103.289s][info][gc,heap        ] GC(296) Eden regions: 112->0(683)
[103.289s][info][gc,heap        ] GC(296) Survivor regions: 3->3(97)
[103.289s][info][gc,heap        ] GC(296) Old regions: 58->58
[103.289s][info][gc,heap        ] GC(296) Archive regions: 0->0
[103.289s][info][gc,heap        ] GC(296) Humongous regions: 1116->1112
[103.289s][info][gc,metaspace   ] GC(296) Metaspace: 125317K(127360K)->125317K(127360K) NonClass: 106300K(106944K)->106300K(106944K) Class: 19017K(20416K)->19017K(20416K)
[103.289s][info][gc             ] GC(296) Pause Young (Concurrent Start) (G1 Humongous Allocation) 1283M->1168M(2048M) 2.678ms
[103.289s][info][gc             ] GC(297) Concurrent Mark Cycle
[103.289s][info][gc,cpu         ] GC(296) User=0.00s Sys=0.00s Real=0.00s
[103.289s][info][gc,marking     ] GC(297) Concurrent Scan Root Regions
[103.300s][info][gc,marking     ] GC(297) Concurrent Scan Root Regions 11.241ms
[103.300s][info][gc,marking     ] GC(297) Concurrent Mark
[103.300s][info][gc,marking     ] GC(297) Concurrent Mark From Roots
[103.300s][info][gc,task        ] GC(297) Using 8 workers of 8 for marking
[103.344s][info][gc,marking     ] GC(297) Concurrent Mark From Roots 43.603ms
[103.344s][info][gc,marking     ] GC(297) Concurrent Preclean
[103.345s][info][gc,marking     ] GC(297) Concurrent Preclean 1.489ms
[103.346s][info][gc,start       ] GC(297) Pause Remark
[103.348s][info][gc             ] GC(297) Pause Remark 1837M->1837M(2048M) 2.629ms
[103.348s][info][gc,cpu         ] GC(297) User=0.00s Sys=0.00s Real=0.00s
[103.348s][info][gc,marking     ] GC(297) Concurrent Mark 48.316ms
[103.349s][info][gc,marking     ] GC(297) Concurrent Rebuild Remembered Sets and Scrub Regions
[103.358s][info][gc,marking     ] GC(297) Concurrent Rebuild Remembered Sets and Scrub Regions 9.063ms
[103.358s][info][gc,start       ] GC(297) Pause Cleanup
[103.358s][info][gc             ] GC(297) Pause Cleanup 1963M->1963M(2048M) 0.372ms
[103.359s][info][gc,cpu         ] GC(297) User=0.00s Sys=0.00s Real=0.00s
[103.359s][info][gc,marking     ] GC(297) Concurrent Clear Claimed Marks
[103.359s][info][gc,marking     ] GC(297) Concurrent Clear Claimed Marks 0.249ms
[103.359s][info][gc,marking     ] GC(297) Concurrent Cleanup for Next Mark
[103.361s][info][gc,start       ] GC(298) Pause Young (Prepare Mixed) (G1 Evacuation Pause)
[103.361s][info][gc,task        ] GC(298) Using 33 workers of 33 for evacuation
[103.364s][info][gc,phases      ] GC(298)   Pre Evacuate Collection Set: 0.3ms
[103.364s][info][gc,phases      ] GC(298)   Merge Heap Roots: 0.8ms
[103.364s][info][gc,phases      ] GC(298)   Evacuate Collection Set: 1.1ms
[103.364s][info][gc,phases      ] GC(298)   Post Evacuate Collection Set: 0.9ms
[103.364s][info][gc,phases      ] GC(298)   Other: 0.1ms
[103.364s][info][gc,heap        ] GC(298) Eden regions: 683->0(716)
[103.364s][info][gc,heap        ] GC(298) Survivor regions: 3->7(65)
[103.364s][info][gc,heap        ] GC(298) Old regions: 58->58
[103.364s][info][gc,heap        ] GC(298) Archive regions: 0->0
[103.364s][info][gc,heap        ] GC(298) Humongous regions: 1239->1102
[103.364s][info][gc,metaspace   ] GC(298) Metaspace: 125355K(127424K)->125355K(127424K) NonClass: 106338K(107008K)->106338K(107008K) Class: 19017K(20416K)->19017K(20416K)
[103.364s][info][gc             ] GC(298) Pause Young (Prepare Mixed) (G1 Evacuation Pause) 1978M->1161M(2048M) 3.383ms
[103.364s][info][gc,cpu         ] GC(298) User=0.00s Sys=0.00s Real=0.00s
[103.367s][info][gc,marking     ] GC(297) Concurrent Cleanup for Next Mark 8.392ms
[103.367s][info][gc             ] GC(297) Concurrent Mark Cycle 78.763ms
[103.423s][info][gc,start       ] GC(299) Pause Young (Mixed) (G1 Evacuation Pause)
[103.423s][info][gc,task        ] GC(299) Using 33 workers of 33 for evacuation
[103.426s][info][gc,phases      ] GC(299)   Pre Evacuate Collection Set: 0.3ms
[103.426s][info][gc,phases      ] GC(299)   Merge Heap Roots: 0.3ms
[103.426s][info][gc,phases      ] GC(299)   Evacuate Collection Set: 1.6ms
[103.426s][info][gc,phases      ] GC(299)   Post Evacuate Collection Set: 0.7ms
[103.426s][info][gc,phases      ] GC(299)   Other: 0.1ms
[103.426s][info][gc,heap        ] GC(299) Eden regions: 716->0(720)
[103.426s][info][gc,heap        ] GC(299) Survivor regions: 7->7(91)
[103.427s][info][gc,heap        ] GC(299) Old regions: 58->57
[103.427s][info][gc,heap        ] GC(299) Archive regions: 0->0
[103.427s][info][gc,heap        ] GC(299) Humongous regions: 1167->1132
[103.427s][info][gc,metaspace   ] GC(299) Metaspace: 125469K(127552K)->125469K(127552K) NonClass: 106452K(107136K)->106452K(107136K) Class: 19017K(20416K)->19017K(20416K)
[103.427s][info][gc             ] GC(299) Pause Young (Mixed) (G1 Evacuation Pause) 1942M->1191M(2048M) 3.295ms
[103.427s][info][gc,cpu         ] GC(299) User=0.00s Sys=0.00s Real=0.00s
[103.427s][info][gc,start       ] GC(300) Pause Young (Concurrent Start) (G1 Humongous Allocation)
[103.427s][info][gc,task        ] GC(300) Using 33 workers of 33 for evacuation
[103.430s][info][gc,phases      ] GC(300)   Pre Evacuate Collection Set: 0.4ms
[103.430s][info][gc,phases      ] GC(300)   Merge Heap Roots: 0.1ms
[103.430s][info][gc,phases      ] GC(300)   Evacuate Collection Set: 1.9ms
[103.430s][info][gc,phases      ] GC(300)   Post Evacuate Collection Set: 0.5ms
[103.430s][info][gc,phases      ] GC(300)   Other: 0.0ms
[103.430s][info][gc,heap        ] GC(300) Eden regions: 13->0(741)
[103.430s][info][gc,heap        ] GC(300) Survivor regions: 7->7(91)
[103.430s][info][gc,heap        ] GC(300) Old regions: 57->57
[103.430s][info][gc,heap        ] GC(300) Archive regions: 0->0
[103.430s][info][gc,heap        ] GC(300) Humongous regions: 1132->1132
[103.430s][info][gc,metaspace   ] GC(300) Metaspace: 125469K(127552K)->125469K(127552K) NonClass: 106452K(107136K)->106452K(107136K) Class: 19017K(20416K)->19017K(20416K)
[103.430s][info][gc             ] GC(300) Pause Young (Concurrent Start) (G1 Humongous Allocation) 1204M->1191M(2048M) 3.152ms
[103.431s][info][gc             ] GC(301) Concurrent Mark Cycle
[103.431s][info][gc,cpu         ] GC(300) User=0.00s Sys=0.00s Real=0.00s
[103.431s][info][gc,marking     ] GC(301) Concurrent Scan Root Regions
[103.436s][info][gc,marking     ] GC(301) Concurrent Scan Root Regions 5.322ms
[103.436s][info][gc,marking     ] GC(301) Concurrent Mark
[103.436s][info][gc,marking     ] GC(301) Concurrent Mark From Roots
[103.436s][info][gc,task        ] GC(301) Using 8 workers of 8 for marking
[103.459s][info][gc,marking     ] GC(301) Concurrent Mark From Roots 22.849ms
[103.459s][info][gc,marking     ] GC(301) Concurrent Preclean
[103.459s][info][gc,marking     ] GC(301) Concurrent Preclean 0.620ms
[103.460s][info][gc,start       ] GC(301) Pause Remark
[103.463s][info][gc             ] GC(301) Pause Remark 1611M->1611M(2048M) 2.663ms
[103.463s][info][gc,cpu         ] GC(301) User=0.00s Sys=0.00s Real=0.00s
[103.463s][info][gc,marking     ] GC(301) Concurrent Mark 27.262ms
[103.463s][info][gc,marking     ] GC(301) Concurrent Rebuild Remembered Sets and Scrub Regions
[103.472s][info][gc,marking     ] GC(301) Concurrent Rebuild Remembered Sets and Scrub Regions 8.587ms
[103.472s][info][gc,start       ] GC(301) Pause Cleanup
[103.472s][info][gc             ] GC(301) Pause Cleanup 1740M->1740M(2048M) 0.287ms
[103.472s][info][gc,cpu         ] GC(301) User=0.00s Sys=0.00s Real=0.00s
[103.472s][info][gc,marking     ] GC(301) Concurrent Clear Claimed Marks
[103.473s][info][gc,marking     ] GC(301) Concurrent Clear Claimed Marks 0.266ms
[103.473s][info][gc,marking     ] GC(301) Concurrent Cleanup for Next Mark
[103.476s][info][gc,marking     ] GC(301) Concurrent Cleanup for Next Mark 3.131ms
[103.476s][info][gc             ] GC(301) Concurrent Mark Cycle 45.432ms
[103.491s][info][gc,start       ] GC(302) Pause Young (Prepare Mixed) (G1 Humongous Allocation)
[103.491s][info][gc,task        ] GC(302) Using 33 workers of 33 for evacuation
[103.494s][info][gc,phases      ] GC(302)   Pre Evacuate Collection Set: 0.3ms
[103.494s][info][gc,phases      ] GC(302)   Merge Heap Roots: 0.7ms
[103.494s][info][gc,phases      ] GC(302)   Evacuate Collection Set: 0.9ms
[103.494s][info][gc,phases      ] GC(302)   Post Evacuate Collection Set: 0.8ms
[103.494s][info][gc,phases      ] GC(302)   Other: 0.1ms
[103.494s][info][gc,heap        ] GC(302) Eden regions: 734->0(711)
[103.494s][info][gc,heap        ] GC(302) Survivor regions: 7->7(17)
[103.494s][info][gc,heap        ] GC(302) Old regions: 57->57
[103.494s][info][gc,heap        ] GC(302) Archive regions: 0->0
[103.494s][info][gc,heap        ] GC(302) Humongous regions: 1233->1163
[103.494s][info][gc,metaspace   ] GC(302) Metaspace: 125516K(127616K)->125516K(127616K) NonClass: 106499K(107200K)->106499K(107200K) Class: 19017K(20416K)->19017K(20416K)
[103.494s][info][gc             ] GC(302) Pause Young (Prepare Mixed) (G1 Humongous Allocation) 2026M->1222M(2048M) 3.068ms
[103.494s][info][gc,cpu         ] GC(302) User=0.00s Sys=0.00s Real=0.00s
[103.542s][info][gc,start       ] GC(303) Pause Young (Mixed) (G1 Humongous Allocation)
[103.542s][info][gc,task        ] GC(303) Using 33 workers of 33 for evacuation
[103.546s][info][gc,phases      ] GC(303)   Pre Evacuate Collection Set: 0.3ms
[103.546s][info][gc,phases      ] GC(303)   Merge Heap Roots: 0.3ms
[103.546s][info][gc,phases      ] GC(303)   Evacuate Collection Set: 1.8ms
[103.546s][info][gc,phases      ] GC(303)   Post Evacuate Collection Set: 0.9ms
[103.546s][info][gc,phases      ] GC(303)   Other: 0.1ms
[103.546s][info][gc,heap        ] GC(303) Eden regions: 672->0(716)
[103.546s][info][gc,heap        ] GC(303) Survivor regions: 7->6(11)
[103.546s][info][gc,heap        ] GC(303) Old regions: 57->57
[103.546s][info][gc,heap        ] GC(303) Archive regions: 0->0
[103.546s][info][gc,heap        ] GC(303) Humongous regions: 1301->1160
[103.546s][info][gc,metaspace   ] GC(303) Metaspace: 125523K(127616K)->125523K(127616K) NonClass: 106506K(107200K)->106506K(107200K) Class: 19017K(20416K)->19017K(20416K)
[103.546s][info][gc             ] GC(303) Pause Young (Mixed) (G1 Humongous Allocation) 2032M->1218M(2048M) 3.554ms
[103.546s][info][gc,cpu         ] GC(303) User=0.00s Sys=0.00s Real=0.00s
[103.550s][info][gc,start       ] GC(304) Pause Young (Concurrent Start) (G1 Humongous Allocation)
[103.551s][info][gc,task        ] GC(304) Using 33 workers of 33 for evacuation
[103.553s][info][gc,phases      ] GC(304)   Pre Evacuate Collection Set: 0.4ms
[103.553s][info][gc,phases      ] GC(304)   Merge Heap Roots: 0.1ms
[103.554s][info][gc,phases      ] GC(304)   Evacuate Collection Set: 1.7ms
[103.554s][info][gc,phases      ] GC(304)   Post Evacuate Collection Set: 0.7ms
[103.554s][info][gc,phases      ] GC(304)   Other: 0.1ms
[103.554s][info][gc,heap        ] GC(304) Eden regions: 68->0(714)
[103.554s][info][gc,heap        ] GC(304) Survivor regions: 6->6(91)
[103.554s][info][gc,heap        ] GC(304) Old regions: 57->57
[103.554s][info][gc,heap        ] GC(304) Archive regions: 0->0
[103.554s][info][gc,heap        ] GC(304) Humongous regions: 1164->1162
[103.554s][info][gc,metaspace   ] GC(304) Metaspace: 125531K(127616K)->125531K(127616K) NonClass: 106514K(107200K)->106514K(107200K) Class: 19017K(20416K)->19017K(20416K)
[103.554s][info][gc             ] GC(304) Pause Young (Concurrent Start) (G1 Humongous Allocation) 1290M->1221M(2048M) 3.127ms
[103.554s][info][gc             ] GC(305) Concurrent Mark Cycle
[103.554s][info][gc,cpu         ] GC(304) User=0.00s Sys=0.00s Real=0.00s
[103.554s][info][gc,marking     ] GC(305) Concurrent Scan Root Regions
[103.559s][info][gc,marking     ] GC(305) Concurrent Scan Root Regions 4.991ms
[103.559s][info][gc,marking     ] GC(305) Concurrent Mark
[103.559s][info][gc,marking     ] GC(305) Concurrent Mark From Roots
[103.559s][info][gc,task        ] GC(305) Using 8 workers of 8 for marking
[103.586s][info][gc,marking     ] GC(305) Concurrent Mark From Roots 27.026ms
[103.586s][info][gc,marking     ] GC(305) Concurrent Preclean
[103.587s][info][gc,marking     ] GC(305) Concurrent Preclean 0.812ms
[103.587s][info][gc,start       ] GC(305) Pause Remark
[103.590s][info][gc             ] GC(305) Pause Remark 1768M->1768M(2048M) 2.905ms
[103.590s][info][gc,cpu         ] GC(305) User=0.55s Sys=0.00s Real=0.02s
[103.590s][info][gc,marking     ] GC(305) Concurrent Mark 31.192ms
[103.590s][info][gc,marking     ] GC(305) Concurrent Rebuild Remembered Sets and Scrub Regions
[103.598s][info][gc,marking     ] GC(305) Concurrent Rebuild Remembered Sets and Scrub Regions 7.831ms
[103.598s][info][gc,start       ] GC(305) Pause Cleanup
[103.598s][info][gc             ] GC(305) Pause Cleanup 1896M->1896M(2048M) 0.303ms
[103.598s][info][gc,cpu         ] GC(305) User=0.00s Sys=0.00s Real=0.00s
[103.599s][info][gc,marking     ] GC(305) Concurrent Clear Claimed Marks
[103.599s][info][gc,marking     ] GC(305) Concurrent Clear Claimed Marks 0.211ms
[103.599s][info][gc,marking     ] GC(305) Concurrent Cleanup for Next Mark
[103.601s][info][gc,marking     ] GC(305) Concurrent Cleanup for Next Mark 2.723ms
[103.602s][info][gc             ] GC(305) Concurrent Mark Cycle 47.903ms
[103.606s][info][gc,start       ] GC(306) Pause Young (Prepare Mixed) (G1 Evacuation Pause)
[103.606s][info][gc,task        ] GC(306) Using 33 workers of 33 for evacuation
[103.609s][info][gc,phases      ] GC(306)   Pre Evacuate Collection Set: 0.3ms
[103.609s][info][gc,phases      ] GC(306)   Merge Heap Roots: 0.8ms
[103.609s][info][gc,phases      ] GC(306)   Evacuate Collection Set: 0.9ms
[103.609s][info][gc,phases      ] GC(306)   Post Evacuate Collection Set: 0.9ms
[103.609s][info][gc,phases      ] GC(306)   Other: 0.1ms
[103.609s][info][gc,heap        ] GC(306) Eden regions: 714->0(684)
[103.609s][info][gc,heap        ] GC(306) Survivor regions: 6->5(44)
[103.609s][info][gc,heap        ] GC(306) Old regions: 57->57
[103.609s][info][gc,heap        ] GC(306) Archive regions: 0->0
[103.609s][info][gc,heap        ] GC(306) Humongous regions: 1227->1194
[103.609s][info][gc,metaspace   ] GC(306) Metaspace: 125535K(127616K)->125535K(127616K) NonClass: 106517K(107200K)->106517K(107200K) Class: 19018K(20416K)->19018K(20416K)
[103.609s][info][gc             ] GC(306) Pause Young (Prepare Mixed) (G1 Evacuation Pause) 2000M->1251M(2048M) 3.151ms
[103.609s][info][gc,cpu         ] GC(306) User=0.00s Sys=0.00s Real=0.00s
[103.648s][info][gc,start       ] GC(307) Pause Young (Mixed) (G1 Humongous Allocation)
[103.648s][info][gc,task        ] GC(307) Using 33 workers of 33 for evacuation
[103.651s][info][gc,phases      ] GC(307)   Pre Evacuate Collection Set: 0.3ms
[103.651s][info][gc,phases      ] GC(307)   Merge Heap Roots: 0.3ms
[103.651s][info][gc,phases      ] GC(307)   Evacuate Collection Set: 1.3ms
[103.651s][info][gc,phases      ] GC(307)   Post Evacuate Collection Set: 0.8ms
[103.651s][info][gc,phases      ] GC(307)   Other: 0.1ms
[103.651s][info][gc,heap        ] GC(307) Eden regions: 573->0(668)
[103.651s][info][gc,heap        ] GC(307) Survivor regions: 5->6(87)
[103.651s][info][gc,heap        ] GC(307) Old regions: 57->55
[103.651s][info][gc,heap        ] GC(307) Archive regions: 0->0
[103.651s][info][gc,heap        ] GC(307) Humongous regions: 1301->1210
[103.651s][info][gc,metaspace   ] GC(307) Metaspace: 125535K(127616K)->125535K(127616K) NonClass: 106517K(107200K)->106517K(107200K) Class: 19018K(20416K)->19018K(20416K)
[103.651s][info][gc             ] GC(307) Pause Young (Mixed) (G1 Humongous Allocation) 1931M->1268M(2048M) 3.048ms
[103.651s][info][gc,cpu         ] GC(307) User=0.00s Sys=0.00s Real=0.00s
[103.652s][info][gc,start       ] GC(308) Pause Young (Concurrent Start) (G1 Humongous Allocation)
[103.652s][info][gc,task        ] GC(308) Using 33 workers of 33 for evacuation
[103.654s][info][gc,phases      ] GC(308)   Pre Evacuate Collection Set: 0.4ms
[103.654s][info][gc,phases      ] GC(308)   Merge Heap Roots: 0.1ms
[103.654s][info][gc,phases      ] GC(308)   Evacuate Collection Set: 1.4ms
[103.654s][info][gc,phases      ] GC(308)   Post Evacuate Collection Set: 0.5ms
[103.654s][info][gc,phases      ] GC(308)   Other: 0.0ms
[103.654s][info][gc,heap        ] GC(308) Eden regions: 2->0(671)
[103.654s][info][gc,heap        ] GC(308) Survivor regions: 6->6(85)
[103.654s][info][gc,heap        ] GC(308) Old regions: 55->55
[103.654s][info][gc,heap        ] GC(308) Archive regions: 0->0
[103.654s][info][gc,heap        ] GC(308) Humongous regions: 1214->1207
[103.654s][info][gc,metaspace   ] GC(308) Metaspace: 125535K(127616K)->125535K(127616K) NonClass: 106517K(107200K)->106517K(107200K) Class: 19018K(20416K)->19018K(20416K)
[103.654s][info][gc             ] GC(308) Pause Young (Concurrent Start) (G1 Humongous Allocation) 1274M->1264M(2048M) 2.577ms
[103.654s][info][gc             ] GC(309) Concurrent Mark Cycle
[103.654s][info][gc,cpu         ] GC(308) User=0.00s Sys=0.00s Real=0.00s
[103.654s][info][gc,marking     ] GC(309) Concurrent Scan Root Regions
[103.659s][info][gc,marking     ] GC(309) Concurrent Scan Root Regions 5.212ms
[103.659s][info][gc,marking     ] GC(309) Concurrent Mark
[103.659s][info][gc,marking     ] GC(309) Concurrent Mark From Roots
[103.659s][info][gc,task        ] GC(309) Using 8 workers of 8 for marking
[103.681s][info][gc,marking     ] GC(309) Concurrent Mark From Roots 21.889ms
[103.681s][info][gc,marking     ] GC(309) Concurrent Preclean
[103.682s][info][gc,marking     ] GC(309) Concurrent Preclean 0.668ms
[103.683s][info][gc,start       ] GC(309) Pause Remark
[103.685s][info][gc             ] GC(309) Pause Remark 1701M->1701M(2048M) 2.547ms
[103.685s][info][gc,cpu         ] GC(309) User=0.00s Sys=0.00s Real=0.00s
[103.686s][info][gc,marking     ] GC(309) Concurrent Mark 26.051ms
[103.686s][info][gc,marking     ] GC(309) Concurrent Rebuild Remembered Sets and Scrub Regions
[103.694s][info][gc,marking     ] GC(309) Concurrent Rebuild Remembered Sets and Scrub Regions 7.944ms
[103.694s][info][gc,start       ] GC(309) Pause Cleanup
[103.694s][info][gc             ] GC(309) Pause Cleanup 1832M->1832M(2048M) 0.294ms
[103.694s][info][gc,cpu         ] GC(309) User=0.00s Sys=0.00s Real=0.00s
[103.694s][info][gc,marking     ] GC(309) Concurrent Clear Claimed Marks
[103.695s][info][gc,marking     ] GC(309) Concurrent Clear Claimed Marks 0.235ms
[103.695s][info][gc,marking     ] GC(309) Concurrent Cleanup for Next Mark
[103.697s][info][gc,marking     ] GC(309) Concurrent Cleanup for Next Mark 2.691ms
[103.697s][info][gc             ] GC(309) Concurrent Mark Cycle 43.341ms
[103.703s][info][gc,start       ] GC(310) Pause Young (Prepare Mixed) (G1 Humongous Allocation)
[103.703s][info][gc,task        ] GC(310) Using 33 workers of 33 for evacuation
[103.706s][info][gc,phases      ] GC(310)   Pre Evacuate Collection Set: 0.2ms
[103.706s][info][gc,phases      ] GC(310)   Merge Heap Roots: 0.8ms
[103.706s][info][gc,phases      ] GC(310)   Evacuate Collection Set: 0.9ms
[103.706s][info][gc,phases      ] GC(310)   Post Evacuate Collection Set: 0.8ms
[103.706s][info][gc,phases      ] GC(310)   Other: 0.1ms
[103.706s][info][gc,heap        ] GC(310) Eden regions: 604->0(667)
[103.706s][info][gc,heap        ] GC(310) Survivor regions: 6->5(73)
[103.706s][info][gc,heap        ] GC(310) Old regions: 55->56
[103.706s][info][gc,heap        ] GC(310) Archive regions: 0->0
[103.706s][info][gc,heap        ] GC(310) Humongous regions: 1310->1212
[103.706s][info][gc,metaspace   ] GC(310) Metaspace: 125535K(127616K)->125535K(127616K) NonClass: 106517K(107200K)->106517K(107200K) Class: 19018K(20416K)->19018K(20416K)
[103.706s][info][gc             ] GC(310) Pause Young (Prepare Mixed) (G1 Humongous Allocation) 1971M->1268M(2048M) 3.116ms
[103.706s][info][gc,cpu         ] GC(310) User=0.00s Sys=0.00s Real=0.00s
[103.745s][info][gc,start       ] GC(311) Pause Young (Mixed) (G1 Evacuation Pause)
[103.745s][info][gc,task        ] GC(311) Using 33 workers of 33 for evacuation
[103.748s][info][gc,phases      ] GC(311)   Pre Evacuate Collection Set: 0.3ms
[103.748s][info][gc,phases      ] GC(311)   Merge Heap Roots: 0.3ms
[103.748s][info][gc,phases      ] GC(311)   Evacuate Collection Set: 1.4ms
[103.748s][info][gc,phases      ] GC(311)   Post Evacuate Collection Set: 0.8ms
[103.748s][info][gc,phases      ] GC(311)   Other: 0.1ms
[103.748s][info][gc,heap        ] GC(311) Eden regions: 667->0(644)
[103.748s][info][gc,heap        ] GC(311) Survivor regions: 5->4(54)
[103.748s][info][gc,heap        ] GC(311) Old regions: 56->55
[103.748s][info][gc,heap        ] GC(311) Archive regions: 0->0
[103.748s][info][gc,heap        ] GC(311) Humongous regions: 1266->1238
[103.748s][info][gc,metaspace   ] GC(311) Metaspace: 125535K(127616K)->125535K(127616K) NonClass: 106517K(107200K)->106517K(107200K) Class: 19018K(20416K)->19018K(20416K)
[103.748s][info][gc             ] GC(311) Pause Young (Mixed) (G1 Evacuation Pause) 1989M->1294M(2048M) 3.068ms
[103.748s][info][gc,cpu         ] GC(311) User=0.00s Sys=0.00s Real=0.00s
[103.749s][info][gc,start       ] GC(312) Pause Young (Concurrent Start) (G1 Humongous Allocation)
[103.749s][info][gc,task        ] GC(312) Using 33 workers of 33 for evacuation
[103.752s][info][gc,phases      ] GC(312)   Pre Evacuate Collection Set: 0.4ms
[103.752s][info][gc,phases      ] GC(312)   Merge Heap Roots: 0.1ms
[103.752s][info][gc,phases      ] GC(312)   Evacuate Collection Set: 2.1ms
[103.752s][info][gc,phases      ] GC(312)   Post Evacuate Collection Set: 0.5ms
[103.752s][info][gc,phases      ] GC(312)   Other: 0.0ms
[103.752s][info][gc,heap        ] GC(312) Eden regions: 17->0(642)
[103.752s][info][gc,heap        ] GC(312) Survivor regions: 4->5(81)
[103.752s][info][gc,heap        ] GC(312) Old regions: 55->55
[103.752s][info][gc,heap        ] GC(312) Archive regions: 0->0
[103.752s][info][gc,heap        ] GC(312) Humongous regions: 1238->1238
[103.752s][info][gc,metaspace   ] GC(312) Metaspace: 125535K(127616K)->125535K(127616K) NonClass: 106517K(107200K)->106517K(107200K) Class: 19018K(20416K)->19018K(20416K)
[103.752s][info][gc             ] GC(312) Pause Young (Concurrent Start) (G1 Humongous Allocation) 1311M->1294M(2048M) 3.319ms
[103.752s][info][gc             ] GC(313) Concurrent Mark Cycle
[103.752s][info][gc,cpu         ] GC(312) User=0.00s Sys=0.00s Real=0.00s
[103.752s][info][gc,marking     ] GC(313) Concurrent Scan Root Regions
[103.758s][info][gc,marking     ] GC(313) Concurrent Scan Root Regions 6.279ms
[103.758s][info][gc,marking     ] GC(313) Concurrent Mark
[103.758s][info][gc,marking     ] GC(313) Concurrent Mark From Roots
[103.758s][info][gc,task        ] GC(313) Using 8 workers of 8 for marking
[103.784s][info][gc,marking     ] GC(313) Concurrent Mark From Roots 25.236ms
[103.784s][info][gc,marking     ] GC(313) Concurrent Preclean
[103.785s][info][gc,start       ] GC(314) Pause Young (Normal) (G1 Humongous Allocation)
[103.785s][info][gc,task        ] GC(314) Using 33 workers of 33 for evacuation
[103.788s][info][gc,phases      ] GC(314)   Pre Evacuate Collection Set: 0.3ms
[103.788s][info][gc,phases      ] GC(314)   Merge Heap Roots: 0.2ms
[103.788s][info][gc,phases      ] GC(314)   Evacuate Collection Set: 0.9ms
[103.788s][info][gc,phases      ] GC(314)   Post Evacuate Collection Set: 0.8ms
[103.788s][info][gc,phases      ] GC(314)   Other: 0.1ms
[103.788s][info][gc,heap        ] GC(314) Eden regions: 505->0(607)
[103.788s][info][gc,heap        ] GC(314) Survivor regions: 5->4(81)
[103.788s][info][gc,heap        ] GC(314) Old regions: 55->55
[103.788s][info][gc,heap        ] GC(314) Archive regions: 0->0
[103.788s][info][gc,heap        ] GC(314) Humongous regions: 1313->1275
[103.788s][info][gc,metaspace   ] GC(314) Metaspace: 125535K(127616K)->125535K(127616K) NonClass: 106517K(107200K)->106517K(107200K) Class: 19018K(20416K)->19018K(20416K)
[103.788s][info][gc             ] GC(314) Pause Young (Normal) (G1 Humongous Allocation) 1874M->1331M(2048M) 2.527ms
[103.788s][info][gc,cpu         ] GC(314) User=0.00s Sys=0.00s Real=0.00s
[103.788s][info][gc,marking     ] GC(313) Concurrent Preclean 4.074ms
[103.789s][info][gc,start       ] GC(313) Pause Remark
[103.791s][info][gc             ] GC(313) Pause Remark 1343M->1343M(2048M) 2.433ms
[103.791s][info][gc,cpu         ] GC(313) User=0.00s Sys=0.00s Real=0.00s
[103.791s][info][gc,marking     ] GC(313) Concurrent Mark 33.123ms
[103.792s][info][gc,marking     ] GC(313) Concurrent Rebuild Remembered Sets and Scrub Regions
[103.801s][info][gc,marking     ] GC(313) Concurrent Rebuild Remembered Sets and Scrub Regions 9.193ms
[103.802s][info][gc,start       ] GC(313) Pause Cleanup
[103.802s][info][gc             ] GC(313) Pause Cleanup 1496M->1496M(2048M) 0.302ms
[103.802s][info][gc,cpu         ] GC(313) User=0.00s Sys=0.00s Real=0.00s
[103.802s][info][gc,marking     ] GC(313) Concurrent Clear Claimed Marks
[103.802s][info][gc,marking     ] GC(313) Concurrent Clear Claimed Marks 0.241ms
[103.802s][info][gc,marking     ] GC(313) Concurrent Cleanup for Next Mark
[103.805s][info][gc,marking     ] GC(313) Concurrent Cleanup for Next Mark 2.594ms
[103.805s][info][gc             ] GC(313) Concurrent Mark Cycle 53.212ms
[103.828s][info][gc,start       ] GC(315) Pause Young (Prepare Mixed) (G1 Humongous Allocation)
[103.828s][info][gc,task        ] GC(315) Using 33 workers of 33 for evacuation
[103.831s][info][gc,phases      ] GC(315)   Pre Evacuate Collection Set: 0.3ms
[103.831s][info][gc,phases      ] GC(315)   Merge Heap Roots: 0.8ms
[103.831s][info][gc,phases      ] GC(315)   Evacuate Collection Set: 0.9ms
[103.831s][info][gc,phases      ] GC(315)   Post Evacuate Collection Set: 0.8ms
[103.831s][info][gc,phases      ] GC(315)   Other: 0.1ms
[103.831s][info][gc,heap        ] GC(315) Eden regions: 469->0(623)
[103.831s][info][gc,heap        ] GC(315) Survivor regions: 4->5(77)
[103.831s][info][gc,heap        ] GC(315) Old regions: 55->55
[103.831s][info][gc,heap        ] GC(315) Archive regions: 0->0
[103.831s][info][gc,heap        ] GC(315) Humongous regions: 1399->1257
[103.831s][info][gc,metaspace   ] GC(315) Metaspace: 125535K(127616K)->125535K(127616K) NonClass: 106517K(107200K)->106517K(107200K) Class: 19018K(20416K)->19018K(20416K)
[103.831s][info][gc             ] GC(315) Pause Young (Prepare Mixed) (G1 Humongous Allocation) 1923M->1314M(2048M) 3.089ms
[103.831s][info][gc,cpu         ] GC(315) User=0.53s Sys=0.00s Real=0.02s
[103.868s][info][gc,start       ] GC(316) Pause Young (Mixed) (G1 Humongous Allocation)
[103.868s][info][gc,task        ] GC(316) Using 33 workers of 33 for evacuation
[103.872s][info][gc,phases      ] GC(316)   Pre Evacuate Collection Set: 0.3ms
[103.872s][info][gc,phases      ] GC(316)   Merge Heap Roots: 0.3ms
[103.872s][info][gc,phases      ] GC(316)   Evacuate Collection Set: 3.1ms
[103.872s][info][gc,phases      ] GC(316)   Post Evacuate Collection Set: 0.9ms
[103.872s][info][gc,phases      ] GC(316)   Other: 0.1ms
[103.872s][info][gc,heap        ] GC(316) Eden regions: 623->0(602)
[103.872s][info][gc,heap        ] GC(316) Survivor regions: 5->4(41)
[103.872s][info][gc,heap        ] GC(316) Old regions: 55->55
[103.872s][info][gc,heap        ] GC(316) Archive regions: 0->0
[103.872s][info][gc,heap        ] GC(316) Humongous regions: 1324->1280
[103.872s][info][gc,metaspace   ] GC(316) Metaspace: 125535K(127616K)->125535K(127616K) NonClass: 106517K(107200K)->106517K(107200K) Class: 19018K(20416K)->19018K(20416K)
[103.872s][info][gc             ] GC(316) Pause Young (Mixed) (G1 Humongous Allocation) 2004M->1336M(2048M) 4.867ms
[103.872s][info][gc,cpu         ] GC(316) User=0.00s Sys=0.00s Real=0.00s
[103.874s][info][gc,start       ] GC(317) Pause Young (Concurrent Start) (G1 Humongous Allocation)
[103.874s][info][gc,task        ] GC(317) Using 33 workers of 33 for evacuation
[103.877s][info][gc,phases      ] GC(317)   Pre Evacuate Collection Set: 0.4ms
[103.877s][info][gc,phases      ] GC(317)   Merge Heap Roots: 0.1ms
[103.877s][info][gc,phases      ] GC(317)   Evacuate Collection Set: 1.5ms
[103.877s][info][gc,phases      ] GC(317)   Post Evacuate Collection Set: 0.6ms
[103.877s][info][gc,phases      ] GC(317)   Other: 0.0ms
[103.877s][info][gc,heap        ] GC(317) Eden regions: 23->0(599)
[103.877s][info][gc,heap        ] GC(317) Survivor regions: 4->4(76)
[103.877s][info][gc,heap        ] GC(317) Old regions: 55->56
[103.877s][info][gc,heap        ] GC(317) Archive regions: 0->0
[103.877s][info][gc,heap        ] GC(317) Humongous regions: 1284->1282
[103.877s][info][gc,metaspace   ] GC(317) Metaspace: 125535K(127616K)->125535K(127616K) NonClass: 106517K(107200K)->106517K(107200K) Class: 19018K(20416K)->19018K(20416K)
[103.877s][info][gc             ] GC(317) Pause Young (Concurrent Start) (G1 Humongous Allocation) 1363M->1338M(2048M) 2.839ms
[103.877s][info][gc             ] GC(318) Concurrent Mark Cycle
[103.877s][info][gc,cpu         ] GC(317) User=0.00s Sys=0.00s Real=0.00s
[103.877s][info][gc,marking     ] GC(318) Concurrent Scan Root Regions
[103.879s][info][gc,marking     ] GC(318) Concurrent Scan Root Regions 2.561ms
[103.879s][info][gc,marking     ] GC(318) Concurrent Mark
[103.879s][info][gc,marking     ] GC(318) Concurrent Mark From Roots
[103.879s][info][gc,task        ] GC(318) Using 8 workers of 8 for marking
[103.897s][info][gc,marking     ] GC(318) Concurrent Mark From Roots 17.892ms
[103.897s][info][gc,marking     ] GC(318) Concurrent Preclean
[103.898s][info][gc,marking     ] GC(318) Concurrent Preclean 0.459ms
[103.898s][info][gc,start       ] GC(318) Pause Remark
[103.901s][info][gc             ] GC(318) Pause Remark 1643M->1643M(2048M) 2.509ms
[103.901s][info][gc,cpu         ] GC(318) User=0.00s Sys=0.00s Real=0.00s
[103.901s][info][gc,marking     ] GC(318) Concurrent Mark 21.489ms
[103.901s][info][gc,marking     ] GC(318) Concurrent Rebuild Remembered Sets and Scrub Regions
[103.909s][info][gc,marking     ] GC(318) Concurrent Rebuild Remembered Sets and Scrub Regions 7.883ms
[103.909s][info][gc,start       ] GC(318) Pause Cleanup
[103.909s][info][gc             ] GC(318) Pause Cleanup 1776M->1776M(2048M) 0.298ms
[103.909s][info][gc,cpu         ] GC(318) User=0.00s Sys=0.00s Real=0.00s
[103.909s][info][gc,marking     ] GC(318) Concurrent Clear Claimed Marks
[103.910s][info][gc,marking     ] GC(318) Concurrent Clear Claimed Marks 0.210ms
[103.910s][info][gc,marking     ] GC(318) Concurrent Cleanup for Next Mark
[103.912s][info][gc,marking     ] GC(318) Concurrent Cleanup for Next Mark 2.482ms
[103.912s][info][gc             ] GC(318) Concurrent Mark Cycle 35.517ms
[103.921s][info][gc,start       ] GC(319) Pause Young (Prepare Mixed) (G1 Humongous Allocation)
[103.921s][info][gc,task        ] GC(319) Using 33 workers of 33 for evacuation
[103.923s][info][gc,phases      ] GC(319)   Pre Evacuate Collection Set: 0.2ms
[103.923s][info][gc,phases      ] GC(319)   Merge Heap Roots: 0.8ms
[103.923s][info][gc,phases      ] GC(319)   Evacuate Collection Set: 0.8ms
[103.923s][info][gc,phases      ] GC(319)   Post Evacuate Collection Set: 0.7ms
[103.923s][info][gc,phases      ] GC(319)   Other: 0.1ms
[103.924s][info][gc,heap        ] GC(319) Eden regions: 573->0(578)
[103.924s][info][gc,heap        ] GC(319) Survivor regions: 4->3(76)
[103.924s][info][gc,heap        ] GC(319) Old regions: 56->57
[103.924s][info][gc,heap        ] GC(319) Archive regions: 0->0
[103.924s][info][gc,heap        ] GC(319) Humongous regions: 1330->1304
[103.924s][info][gc,metaspace   ] GC(319) Metaspace: 125535K(127616K)->125535K(127616K) NonClass: 106517K(107200K)->106517K(107200K) Class: 19018K(20416K)->19018K(20416K)
[103.924s][info][gc             ] GC(319) Pause Young (Prepare Mixed) (G1 Humongous Allocation) 1959M->1360M(2048M) 2.924ms
[103.924s][info][gc,cpu         ] GC(319) User=0.00s Sys=0.00s Real=0.00s
[103.954s][info][gc,start       ] GC(320) Pause Young (Mixed) (G1 Humongous Allocation)
[103.954s][info][gc,task        ] GC(320) Using 33 workers of 33 for evacuation
[103.957s][info][gc,phases      ] GC(320)   Pre Evacuate Collection Set: 0.3ms
[103.957s][info][gc,phases      ] GC(320)   Merge Heap Roots: 0.2ms
[103.957s][info][gc,phases      ] GC(320)   Evacuate Collection Set: 1.6ms
[103.957s][info][gc,phases      ] GC(320)   Post Evacuate Collection Set: 0.7ms
[103.957s][info][gc,phases      ] GC(320)   Other: 0.1ms
[103.957s][info][gc,heap        ] GC(320) Eden regions: 474->0(560)
[103.957s][info][gc,heap        ] GC(320) Survivor regions: 3->3(73)
[103.957s][info][gc,heap        ] GC(320) Old regions: 57->56
[103.957s][info][gc,heap        ] GC(320) Archive regions: 0->0
[103.957s][info][gc,heap        ] GC(320) Humongous regions: 1396->1323
[103.957s][info][gc,metaspace   ] GC(320) Metaspace: 125535K(127616K)->125535K(127616K) NonClass: 106517K(107200K)->106517K(107200K) Class: 19018K(20416K)->19018K(20416K)
[103.957s][info][gc             ] GC(320) Pause Young (Mixed) (G1 Humongous Allocation) 1926M->1379M(2048M) 3.107ms
[103.957s][info][gc,cpu         ] GC(320) User=0.53s Sys=0.00s Real=0.02s
[103.959s][info][gc,start       ] GC(321) Pause Young (Concurrent Start) (G1 Humongous Allocation)
[103.959s][info][gc,task        ] GC(321) Using 33 workers of 33 for evacuation
[103.962s][info][gc,phases      ] GC(321)   Pre Evacuate Collection Set: 0.4ms
[103.962s][info][gc,phases      ] GC(321)   Merge Heap Roots: 0.1ms
[103.962s][info][gc,phases      ] GC(321)   Evacuate Collection Set: 1.5ms
[103.962s][info][gc,phases      ] GC(321)   Post Evacuate Collection Set: 0.6ms
[103.962s][info][gc,phases      ] GC(321)   Other: 0.0ms
[103.962s][info][gc,heap        ] GC(321) Eden regions: 28->0(560)
[103.962s][info][gc,heap        ] GC(321) Survivor regions: 3->3(71)
[103.962s][info][gc,heap        ] GC(321) Old regions: 56->56
[103.962s][info][gc,heap        ] GC(321) Archive regions: 0->0
[103.962s][info][gc,heap        ] GC(321) Humongous regions: 1327->1323
[103.962s][info][gc,metaspace   ] GC(321) Metaspace: 125535K(127616K)->125535K(127616K) NonClass: 106517K(107200K)->106517K(107200K) Class: 19018K(20416K)->19018K(20416K)
[103.962s][info][gc             ] GC(321) Pause Young (Concurrent Start) (G1 Humongous Allocation) 1411M->1379M(2048M) 2.790ms
[103.962s][info][gc             ] GC(322) Concurrent Mark Cycle
[103.962s][info][gc,cpu         ] GC(321) User=0.00s Sys=0.00s Real=0.00s
[103.962s][info][gc,marking     ] GC(322) Concurrent Scan Root Regions
[103.969s][info][gc,marking     ] GC(322) Concurrent Scan Root Regions 6.497ms
[103.969s][info][gc,marking     ] GC(322) Concurrent Mark
[103.969s][info][gc,marking     ] GC(322) Concurrent Mark From Roots
[103.969s][info][gc,task        ] GC(322) Using 8 workers of 8 for marking
[103.989s][info][gc,marking     ] GC(322) Concurrent Mark From Roots 20.154ms
[103.989s][info][gc,marking     ] GC(322) Concurrent Preclean
[103.990s][info][gc,marking     ] GC(322) Concurrent Preclean 0.690ms
[103.990s][info][gc,start       ] GC(322) Pause Remark
[103.992s][info][gc             ] GC(322) Pause Remark 1812M->1812M(2048M) 2.556ms
[103.992s][info][gc,cpu         ] GC(322) User=0.00s Sys=0.00s Real=0.00s
[103.992s][info][gc,marking     ] GC(322) Concurrent Mark 23.816ms
[103.992s][info][gc,marking     ] GC(322) Concurrent Rebuild Remembered Sets and Scrub Regions
[103.999s][info][gc,marking     ] GC(322) Concurrent Rebuild Remembered Sets and Scrub Regions 6.976ms
[104.000s][info][gc,start       ] GC(322) Pause Cleanup
[104.000s][info][gc             ] GC(322) Pause Cleanup 1922M->1922M(2048M) 0.294ms
[104.000s][info][gc,cpu         ] GC(322) User=0.00s Sys=0.00s Real=0.00s
[104.000s][info][gc,marking     ] GC(322) Concurrent Clear Claimed Marks
[104.000s][info][gc,marking     ] GC(322) Concurrent Clear Claimed Marks 0.233ms
[104.000s][info][gc,marking     ] GC(322) Concurrent Cleanup for Next Mark
[104.003s][info][gc,marking     ] GC(322) Concurrent Cleanup for Next Mark 2.651ms
[104.003s][info][gc             ] GC(322) Concurrent Mark Cycle 41.129ms
[104.006s][info][gc,start       ] GC(323) Pause Young (Prepare Mixed) (G1 Humongous Allocation)
[104.006s][info][gc,task        ] GC(323) Using 33 workers of 33 for evacuation
[104.009s][info][gc,phases      ] GC(323)   Pre Evacuate Collection Set: 0.2ms
[104.009s][info][gc,phases      ] GC(323)   Merge Heap Roots: 0.8ms
[104.009s][info][gc,phases      ] GC(323)   Evacuate Collection Set: 0.8ms
[104.009s][info][gc,phases      ] GC(323)   Post Evacuate Collection Set: 0.8ms
[104.009s][info][gc,phases      ] GC(323)   Other: 0.1ms
[104.009s][info][gc,heap        ] GC(323) Eden regions: 533->0(564)
[104.009s][info][gc,heap        ] GC(323) Survivor regions: 3->4(36)
[104.009s][info][gc,heap        ] GC(323) Old regions: 56->56
[104.009s][info][gc,heap        ] GC(323) Archive regions: 0->0
[104.009s][info][gc,heap        ] GC(323) Humongous regions: 1420->1317
[104.009s][info][gc,metaspace   ] GC(323) Metaspace: 125535K(127616K)->125535K(127616K) NonClass: 106517K(107200K)->106517K(107200K) Class: 19018K(20416K)->19018K(20416K)
[104.009s][info][gc             ] GC(323) Pause Young (Prepare Mixed) (G1 Humongous Allocation) 2009M->1374M(2048M) 2.871ms
[104.009s][info][gc,cpu         ] GC(323) User=0.00s Sys=0.00s Real=0.00s
[104.040s][info][gc,start       ] GC(324) Pause Young (Mixed) (G1 Humongous Allocation)
[104.040s][info][gc,task        ] GC(324) Using 33 workers of 33 for evacuation
[104.043s][info][gc,phases      ] GC(324)   Pre Evacuate Collection Set: 0.2ms
[104.043s][info][gc,phases      ] GC(324)   Merge Heap Roots: 0.2ms
[104.043s][info][gc,phases      ] GC(324)   Evacuate Collection Set: 2.2ms
[104.043s][info][gc,phases      ] GC(324)   Post Evacuate Collection Set: 0.7ms
[104.043s][info][gc,phases      ] GC(324)   Other: 0.1ms
[104.043s][info][gc,heap        ] GC(324) Eden regions: 527->0(547)
[104.043s][info][gc,heap        ] GC(324) Survivor regions: 4->2(71)
[104.043s][info][gc,heap        ] GC(324) Old regions: 56->54
[104.043s][info][gc,heap        ] GC(324) Archive regions: 0->0
[104.043s][info][gc,heap        ] GC(324) Humongous regions: 1375->1340
[104.043s][info][gc,metaspace   ] GC(324) Metaspace: 125535K(127616K)->125535K(127616K) NonClass: 106517K(107200K)->106517K(107200K) Class: 19018K(20416K)->19018K(20416K)
[104.043s][info][gc             ] GC(324) Pause Young (Mixed) (G1 Humongous Allocation) 1959M->1394M(2048M) 3.668ms
[104.043s][info][gc,cpu         ] GC(324) User=0.00s Sys=0.00s Real=0.00s
[104.046s][info][gc,start       ] GC(325) Pause Young (Concurrent Start) (G1 Humongous Allocation)
[104.047s][info][gc,task        ] GC(325) Using 33 workers of 33 for evacuation
[104.049s][info][gc,phases      ] GC(325)   Pre Evacuate Collection Set: 0.4ms
[104.049s][info][gc,phases      ] GC(325)   Merge Heap Roots: 0.1ms
[104.049s][info][gc,phases      ] GC(325)   Evacuate Collection Set: 1.4ms
[104.049s][info][gc,phases      ] GC(325)   Post Evacuate Collection Set: 0.6ms
[104.049s][info][gc,phases      ] GC(325)   Other: 0.0ms
[104.049s][info][gc,heap        ] GC(325) Eden regions: 57->0(545)
[104.049s][info][gc,heap        ] GC(325) Survivor regions: 2->2(69)
[104.049s][info][gc,heap        ] GC(325) Old regions: 54->54
[104.049s][info][gc,heap        ] GC(325) Archive regions: 0->0
[104.049s][info][gc,heap        ] GC(325) Humongous regions: 1344->1342
[104.049s][info][gc,metaspace   ] GC(325) Metaspace: 125535K(127616K)->125535K(127616K) NonClass: 106517K(107200K)->106517K(107200K) Class: 19018K(20416K)->19018K(20416K)
[104.049s][info][gc             ] GC(325) Pause Young (Concurrent Start) (G1 Humongous Allocation) 1455M->1396M(2048M) 2.702ms
[104.049s][info][gc             ] GC(326) Concurrent Mark Cycle
[104.049s][info][gc,cpu         ] GC(325) User=0.00s Sys=0.00s Real=0.00s
[104.049s][info][gc,marking     ] GC(326) Concurrent Scan Root Regions
[104.054s][info][gc,marking     ] GC(326) Concurrent Scan Root Regions 4.748ms
[104.054s][info][gc,marking     ] GC(326) Concurrent Mark
[104.054s][info][gc,marking     ] GC(326) Concurrent Mark From Roots
[104.054s][info][gc,task        ] GC(326) Using 8 workers of 8 for marking
[104.074s][info][gc,marking     ] GC(326) Concurrent Mark From Roots 20.017ms
[104.074s][info][gc,marking     ] GC(326) Concurrent Preclean
[104.075s][info][gc,marking     ] GC(326) Concurrent Preclean 0.682ms
[104.076s][info][gc,start       ] GC(326) Pause Remark
[104.079s][info][gc             ] GC(326) Pause Remark 1813M->1813M(2048M) 2.986ms
[104.079s][info][gc,cpu         ] GC(326) User=0.00s Sys=0.00s Real=0.00s
[104.079s][info][gc,marking     ] GC(326) Concurrent Mark 24.586ms
[104.079s][info][gc,marking     ] GC(326) Concurrent Rebuild Remembered Sets and Scrub Regions
[104.084s][info][gc,start       ] GC(327) Pause Young (Normal) (G1 Humongous Allocation)
[104.085s][info][gc,task        ] GC(327) Using 33 workers of 33 for evacuation
[104.087s][info][gc,phases      ] GC(327)   Pre Evacuate Collection Set: 0.2ms
[104.087s][info][gc,phases      ] GC(327)   Merge Heap Roots: 0.6ms
[104.087s][info][gc,phases      ] GC(327)   Evacuate Collection Set: 0.6ms
[104.087s][info][gc,phases      ] GC(327)   Post Evacuate Collection Set: 0.7ms
[104.087s][info][gc,phases      ] GC(327)   Other: 0.1ms
[104.087s][info][gc,heap        ] GC(327) Eden regions: 423->0(521)
[104.087s][info][gc,heap        ] GC(327) Survivor regions: 2->2(69)
[104.087s][info][gc,heap        ] GC(327) Old regions: 54->55
[104.087s][info][gc,heap        ] GC(327) Archive regions: 0->0
[104.087s][info][gc,heap        ] GC(327) Humongous regions: 1420->1365
[104.087s][info][gc,metaspace   ] GC(327) Metaspace: 125548K(127616K)->125548K(127616K) NonClass: 106530K(107200K)->106530K(107200K) Class: 19018K(20416K)->19018K(20416K)
[104.087s][info][gc             ] GC(327) Pause Young (Normal) (G1 Humongous Allocation) 1897M->1419M(2048M) 2.455ms
[104.087s][info][gc,cpu         ] GC(327) User=0.00s Sys=0.00s Real=0.00s
[104.089s][info][gc,marking     ] GC(326) Concurrent Rebuild Remembered Sets and Scrub Regions 10.786ms
[104.090s][info][gc,start       ] GC(326) Pause Cleanup
[104.090s][info][gc             ] GC(326) Pause Cleanup 1464M->1464M(2048M) 0.298ms
[104.090s][info][gc,cpu         ] GC(326) User=0.00s Sys=0.00s Real=0.00s
[104.090s][info][gc,marking     ] GC(326) Concurrent Clear Claimed Marks
[104.090s][info][gc,marking     ] GC(326) Concurrent Clear Claimed Marks 0.189ms
[104.090s][info][gc,marking     ] GC(326) Concurrent Cleanup for Next Mark
[104.093s][info][gc,marking     ] GC(326) Concurrent Cleanup for Next Mark 2.477ms
[104.093s][info][gc             ] GC(326) Concurrent Mark Cycle 43.634ms
[104.124s][info][gc,start       ] GC(328) Pause Young (Prepare Mixed) (G1 Humongous Allocation)
[104.124s][info][gc,task        ] GC(328) Using 33 workers of 33 for evacuation
[104.126s][info][gc,phases      ] GC(328)   Pre Evacuate Collection Set: 0.3ms
[104.126s][info][gc,phases      ] GC(328)   Merge Heap Roots: 0.3ms
[104.126s][info][gc,phases      ] GC(328)   Evacuate Collection Set: 0.6ms
[104.126s][info][gc,phases      ] GC(328)   Post Evacuate Collection Set: 0.9ms
[104.126s][info][gc,phases      ] GC(328)   Other: 0.1ms
[104.126s][info][gc,heap        ] GC(328) Eden regions: 397->0(539)
[104.126s][info][gc,heap        ] GC(328) Survivor regions: 2->2(66)
[104.126s][info][gc,heap        ] GC(328) Old regions: 55->55
[104.126s][info][gc,heap        ] GC(328) Archive regions: 0->0
[104.126s][info][gc,heap        ] GC(328) Humongous regions: 1462->1347
[104.126s][info][gc,metaspace   ] GC(328) Metaspace: 125612K(127680K)->125612K(127680K) NonClass: 106594K(107264K)->106594K(107264K) Class: 19018K(20416K)->19018K(20416K)
[104.126s][info][gc             ] GC(328) Pause Young (Prepare Mixed) (G1 Humongous Allocation) 1913M->1401M(2048M) 2.436ms
[104.126s][info][gc,cpu         ] GC(328) User=0.03s Sys=0.00s Real=0.02s
[104.165s][info][gc,start       ] GC(329) Pause Young (Mixed) (G1 Evacuation Pause)
[104.165s][info][gc,task        ] GC(329) Using 33 workers of 33 for evacuation
[104.168s][info][gc,phases      ] GC(329)   Pre Evacuate Collection Set: 0.3ms
[104.168s][info][gc,phases      ] GC(329)   Merge Heap Roots: 0.2ms
[104.168s][info][gc,phases      ] GC(329)   Evacuate Collection Set: 1.7ms
[104.168s][info][gc,phases      ] GC(329)   Post Evacuate Collection Set: 0.7ms
[104.168s][info][gc,phases      ] GC(329)   Other: 0.1ms
[104.168s][info][gc,heap        ] GC(329) Eden regions: 539->0(537)
[104.168s][info][gc,heap        ] GC(329) Survivor regions: 2->2(68)
[104.168s][info][gc,heap        ] GC(329) Old regions: 55->54
[104.168s][info][gc,heap        ] GC(329) Archive regions: 0->0
[104.168s][info][gc,heap        ] GC(329) Humongous regions: 1354->1350
[104.168s][info][gc,metaspace   ] GC(329) Metaspace: 125614K(127680K)->125614K(127680K) NonClass: 106596K(107264K)->106596K(107264K) Class: 19018K(20416K)->19018K(20416K)
[104.168s][info][gc             ] GC(329) Pause Young (Mixed) (G1 Evacuation Pause) 1947M->1403M(2048M) 3.265ms
[104.168s][info][gc,cpu         ] GC(329) User=0.00s Sys=0.00s Real=0.00s
[104.208s][info][gc,start       ] GC(330) Pause Young (Concurrent Start) (G1 Evacuation Pause)
[104.208s][info][gc,task        ] GC(330) Using 33 workers of 33 for evacuation
[104.211s][info][gc,phases      ] GC(330)   Pre Evacuate Collection Set: 0.4ms
[104.211s][info][gc,phases      ] GC(330)   Merge Heap Roots: 0.2ms
[104.211s][info][gc,phases      ] GC(330)   Evacuate Collection Set: 1.3ms
[104.211s][info][gc,phases      ] GC(330)   Post Evacuate Collection Set: 0.7ms
[104.211s][info][gc,phases      ] GC(330)   Other: 0.1ms
[104.211s][info][gc,heap        ] GC(330) Eden regions: 537->0(537)
[104.211s][info][gc,heap        ] GC(330) Survivor regions: 2->2(68)
[104.211s][info][gc,heap        ] GC(330) Old regions: 54->54
[104.211s][info][gc,heap        ] GC(330) Archive regions: 0->0
[104.211s][info][gc,heap        ] GC(330) Humongous regions: 1350->1350
[104.211s][info][gc,metaspace   ] GC(330) Metaspace: 125614K(127680K)->125614K(127680K) NonClass: 106596K(107264K)->106596K(107264K) Class: 19018K(20416K)->19018K(20416K)
[104.211s][info][gc             ] GC(330) Pause Young (Concurrent Start) (G1 Evacuation Pause) 1940M->1403M(2048M) 2.980ms
[104.211s][info][gc             ] GC(331) Concurrent Mark Cycle
[104.211s][info][gc,cpu         ] GC(330) User=0.00s Sys=0.00s Real=0.00s
[104.211s][info][gc,marking     ] GC(331) Concurrent Scan Root Regions
[104.214s][info][gc,marking     ] GC(331) Concurrent Scan Root Regions 2.822ms
[104.214s][info][gc,marking     ] GC(331) Concurrent Mark
[104.214s][info][gc,marking     ] GC(331) Concurrent Mark From Roots
[104.214s][info][gc,task        ] GC(331) Using 8 workers of 8 for marking
[104.230s][info][gc,marking     ] GC(331) Concurrent Mark From Roots 16.157ms
[104.231s][info][gc,marking     ] GC(331) Concurrent Preclean
[104.231s][info][gc,marking     ] GC(331) Concurrent Preclean 0.372ms
[104.231s][info][gc,start       ] GC(331) Pause Remark
[104.234s][info][gc             ] GC(331) Pause Remark 1615M->1615M(2048M) 2.479ms
[104.234s][info][gc,cpu         ] GC(331) User=0.00s Sys=0.00s Real=0.00s
[104.234s][info][gc,marking     ] GC(331) Concurrent Mark 19.368ms
[104.234s][info][gc,marking     ] GC(331) Concurrent Rebuild Remembered Sets and Scrub Regions
[104.240s][info][gc,marking     ] GC(331) Concurrent Rebuild Remembered Sets and Scrub Regions 6.213ms
[104.240s][info][gc,start       ] GC(331) Pause Cleanup
[104.240s][info][gc             ] GC(331) Pause Cleanup 1687M->1687M(2048M) 0.284ms
[104.240s][info][gc,cpu         ] GC(331) User=0.00s Sys=0.00s Real=0.00s
[104.240s][info][gc,marking     ] GC(331) Concurrent Clear Claimed Marks
[104.241s][info][gc,marking     ] GC(331) Concurrent Clear Claimed Marks 0.148ms
[104.241s][info][gc,marking     ] GC(331) Concurrent Cleanup for Next Mark
[104.243s][info][gc,marking     ] GC(331) Concurrent Cleanup for Next Mark 2.056ms
[104.243s][info][gc             ] GC(331) Concurrent Mark Cycle 31.312ms
[104.258s][info][gc,start       ] GC(332) Pause Young (Prepare Mixed) (G1 Evacuation Pause)
[104.258s][info][gc,task        ] GC(332) Using 33 workers of 33 for evacuation
[104.261s][info][gc,phases      ] GC(332)   Pre Evacuate Collection Set: 0.3ms
[104.261s][info][gc,phases      ] GC(332)   Merge Heap Roots: 0.8ms
[104.261s][info][gc,phases      ] GC(332)   Evacuate Collection Set: 0.6ms
[104.261s][info][gc,phases      ] GC(332)   Post Evacuate Collection Set: 0.7ms
[104.261s][info][gc,phases      ] GC(332)   Other: 0.1ms
[104.261s][info][gc,heap        ] GC(332) Eden regions: 537->0(537)
[104.261s][info][gc,heap        ] GC(332) Survivor regions: 2->2(68)
[104.261s][info][gc,heap        ] GC(332) Old regions: 54->54
[104.261s][info][gc,heap        ] GC(332) Archive regions: 0->0
[104.261s][info][gc,heap        ] GC(332) Humongous regions: 1350->1350
[104.261s][info][gc,metaspace   ] GC(332) Metaspace: 125614K(127680K)->125614K(127680K) NonClass: 106596K(107264K)->106596K(107264K) Class: 19018K(20416K)->19018K(20416K)
[104.261s][info][gc             ] GC(332) Pause Young (Prepare Mixed) (G1 Evacuation Pause) 1940M->1403M(2048M) 2.862ms
[104.261s][info][gc,cpu         ] GC(332) User=0.02s Sys=0.00s Real=0.01s
[104.297s][info][gc,start       ] GC(333) Pause Young (Mixed) (G1 Evacuation Pause)
[104.297s][info][gc,task        ] GC(333) Using 33 workers of 33 for evacuation
[104.300s][info][gc,phases      ] GC(333)   Pre Evacuate Collection Set: 0.3ms
[104.300s][info][gc,phases      ] GC(333)   Merge Heap Roots: 0.2ms
[104.300s][info][gc,phases      ] GC(333)   Evacuate Collection Set: 1.4ms
[104.300s][info][gc,phases      ] GC(333)   Post Evacuate Collection Set: 0.6ms
[104.300s][info][gc,phases      ] GC(333)   Other: 0.1ms
[104.300s][info][gc,heap        ] GC(333) Eden regions: 537->0(542)
[104.300s][info][gc,heap        ] GC(333) Survivor regions: 2->2(68)
[104.300s][info][gc,heap        ] GC(333) Old regions: 54->52
[104.300s][info][gc,heap        ] GC(333) Archive regions: 0->0
[104.300s][info][gc,heap        ] GC(333) Humongous regions: 1358->1347
[104.300s][info][gc,metaspace   ] GC(333) Metaspace: 125618K(127680K)->125618K(127680K) NonClass: 106600K(107264K)->106600K(107264K) Class: 19018K(20416K)->19018K(20416K)
[104.300s][info][gc             ] GC(333) Pause Young (Mixed) (G1 Evacuation Pause) 1948M->1398M(2048M) 2.844ms
[104.300s][info][gc,cpu         ] GC(333) User=0.00s Sys=0.00s Real=0.00s
[104.335s][info][gc,start       ] GC(334) Pause Young (Concurrent Start) (G1 Evacuation Pause)
[104.336s][info][gc,task        ] GC(334) Using 33 workers of 33 for evacuation
[104.338s][info][gc,phases      ] GC(334)   Pre Evacuate Collection Set: 0.4ms
[104.338s][info][gc,phases      ] GC(334)   Merge Heap Roots: 0.2ms
[104.338s][info][gc,phases      ] GC(334)   Evacuate Collection Set: 1.4ms
[104.338s][info][gc,phases      ] GC(334)   Post Evacuate Collection Set: 0.7ms
[104.338s][info][gc,phases      ] GC(334)   Other: 0.1ms
[104.338s][info][gc,heap        ] GC(334) Eden regions: 542->0(542)
[104.338s][info][gc,heap        ] GC(334) Survivor regions: 2->2(68)
[104.338s][info][gc,heap        ] GC(334) Old regions: 52->52
[104.338s][info][gc,heap        ] GC(334) Archive regions: 0->0
[104.338s][info][gc,heap        ] GC(334) Humongous regions: 1347->1347
[104.338s][info][gc,metaspace   ] GC(334) Metaspace: 125618K(127680K)->125618K(127680K) NonClass: 106600K(107264K)->106600K(107264K) Class: 19018K(20416K)->19018K(20416K)
[104.338s][info][gc             ] GC(334) Pause Young (Concurrent Start) (G1 Evacuation Pause) 1940M->1398M(2048M) 2.965ms
[104.338s][info][gc             ] GC(335) Concurrent Mark Cycle
[104.338s][info][gc,cpu         ] GC(334) User=0.00s Sys=0.00s Real=0.00s
[104.339s][info][gc,marking     ] GC(335) Concurrent Scan Root Regions
[104.340s][info][gc,marking     ] GC(335) Concurrent Scan Root Regions 1.800ms
[104.340s][info][gc,marking     ] GC(335) Concurrent Mark
[104.340s][info][gc,marking     ] GC(335) Concurrent Mark From Roots
[104.340s][info][gc,task        ] GC(335) Using 8 workers of 8 for marking
[104.356s][info][gc,marking     ] GC(335) Concurrent Mark From Roots 15.980ms
[104.356s][info][gc,marking     ] GC(335) Concurrent Preclean
[104.357s][info][gc,marking     ] GC(335) Concurrent Preclean 0.358ms
[104.357s][info][gc,start       ] GC(335) Pause Remark
[104.360s][info][gc             ] GC(335) Pause Remark 1593M->1593M(2048M) 2.617ms
[104.360s][info][gc,cpu         ] GC(335) User=0.00s Sys=0.00s Real=0.00s
[104.360s][info][gc,marking     ] GC(335) Concurrent Mark 19.285ms
[104.360s][info][gc,marking     ] GC(335) Concurrent Rebuild Remembered Sets and Scrub Regions
[104.366s][info][gc,marking     ] GC(335) Concurrent Rebuild Remembered Sets and Scrub Regions 6.619ms
[104.366s][info][gc,start       ] GC(335) Pause Cleanup
[104.367s][info][gc             ] GC(335) Pause Cleanup 1672M->1672M(2048M) 0.287ms
[104.367s][info][gc,cpu         ] GC(335) User=0.00s Sys=0.00s Real=0.00s
[104.367s][info][gc,marking     ] GC(335) Concurrent Clear Claimed Marks
[104.367s][info][gc,marking     ] GC(335) Concurrent Clear Claimed Marks 0.149ms
[104.367s][info][gc,marking     ] GC(335) Concurrent Cleanup for Next Mark
[104.369s][info][gc,marking     ] GC(335) Concurrent Cleanup for Next Mark 2.071ms
[104.369s][info][gc             ] GC(335) Concurrent Mark Cycle 30.641ms
[104.386s][info][gc,start       ] GC(336) Pause Young (Prepare Mixed) (G1 Evacuation Pause)
[104.386s][info][gc,task        ] GC(336) Using 33 workers of 33 for evacuation
[104.389s][info][gc,phases      ] GC(336)   Pre Evacuate Collection Set: 0.3ms
[104.389s][info][gc,phases      ] GC(336)   Merge Heap Roots: 0.9ms
[104.389s][info][gc,phases      ] GC(336)   Evacuate Collection Set: 0.6ms
[104.389s][info][gc,phases      ] GC(336)   Post Evacuate Collection Set: 0.7ms
[104.389s][info][gc,phases      ] GC(336)   Other: 0.1ms
[104.389s][info][gc,heap        ] GC(336) Eden regions: 542->0(541)
[104.389s][info][gc,heap        ] GC(336) Survivor regions: 2->2(68)
[104.389s][info][gc,heap        ] GC(336) Old regions: 52->53
[104.389s][info][gc,heap        ] GC(336) Archive regions: 0->0
[104.389s][info][gc,heap        ] GC(336) Humongous regions: 1347->1347
[104.389s][info][gc,metaspace   ] GC(336) Metaspace: 125618K(127680K)->125618K(127680K) NonClass: 106600K(107264K)->106600K(107264K) Class: 19018K(20416K)->19018K(20416K)
[104.389s][info][gc             ] GC(336) Pause Young (Prepare Mixed) (G1 Evacuation Pause) 1940M->1398M(2048M) 2.743ms
[104.389s][info][gc,cpu         ] GC(336) User=0.00s Sys=0.00s Real=0.00s
[104.451s][info][gc,start       ] GC(337) Pause Young (Mixed) (G1 Evacuation Pause)
[104.451s][info][gc,task        ] GC(337) Using 33 workers of 33 for evacuation
[104.454s][info][gc,phases      ] GC(337)   Pre Evacuate Collection Set: 0.3ms
[104.454s][info][gc,phases      ] GC(337)   Merge Heap Roots: 0.2ms
[104.454s][info][gc,phases      ] GC(337)   Evacuate Collection Set: 1.4ms
[104.454s][info][gc,phases      ] GC(337)   Post Evacuate Collection Set: 0.8ms
[104.454s][info][gc,phases      ] GC(337)   Other: 0.1ms
[104.454s][info][gc,heap        ] GC(337) Eden regions: 541->0(589)
[104.454s][info][gc,heap        ] GC(337) Survivor regions: 2->2(68)
[104.454s][info][gc,heap        ] GC(337) Old regions: 53->52
[104.454s][info][gc,heap        ] GC(337) Archive regions: 0->0
[104.454s][info][gc,heap        ] GC(337) Humongous regions: 1355->1300
[104.454s][info][gc,metaspace   ] GC(337) Metaspace: 125619K(127680K)->125619K(127680K) NonClass: 106601K(107264K)->106601K(107264K) Class: 19018K(20416K)->19018K(20416K)
[104.454s][info][gc             ] GC(337) Pause Young (Mixed) (G1 Evacuation Pause) 1947M->1351M(2048M) 3.069ms
[104.454s][info][gc,cpu         ] GC(337) User=0.00s Sys=0.00s Real=0.00s
[104.718s][info][gc,start       ] GC(338) Pause Young (Concurrent Start) (G1 Humongous Allocation)
[104.718s][info][gc,task        ] GC(338) Using 33 workers of 33 for evacuation
[104.721s][info][gc,phases      ] GC(338)   Pre Evacuate Collection Set: 0.6ms
[104.721s][info][gc,phases      ] GC(338)   Merge Heap Roots: 0.3ms
[104.722s][info][gc,phases      ] GC(338)   Evacuate Collection Set: 1.3ms
[104.722s][info][gc,phases      ] GC(338)   Post Evacuate Collection Set: 1.2ms
[104.722s][info][gc,phases      ] GC(338)   Other: 0.2ms
[104.722s][info][gc,heap        ] GC(338) Eden regions: 453->0(591)
[104.722s][info][gc,heap        ] GC(338) Survivor regions: 2->3(74)
[104.722s][info][gc,heap        ] GC(338) Old regions: 52->52
[104.722s][info][gc,heap        ] GC(338) Archive regions: 0->0
[104.722s][info][gc,heap        ] GC(338) Humongous regions: 1300->1296
[104.722s][info][gc,metaspace   ] GC(338) Metaspace: 125643K(127744K)->125643K(127744K) NonClass: 106625K(107328K)->106625K(107328K) Class: 19018K(20416K)->19018K(20416K)
[104.722s][info][gc             ] GC(338) Pause Young (Concurrent Start) (G1 Humongous Allocation) 1803M->1347M(2048M) 4.076ms
[104.722s][info][gc             ] GC(339) Concurrent Mark Cycle
[104.722s][info][gc,cpu         ] GC(338) User=0.00s Sys=0.00s Real=0.00s
[104.722s][info][gc,marking     ] GC(339) Concurrent Scan Root Regions
[104.725s][info][gc,marking     ] GC(339) Concurrent Scan Root Regions 2.597ms
[104.725s][info][gc,marking     ] GC(339) Concurrent Mark
[104.725s][info][gc,marking     ] GC(339) Concurrent Mark From Roots
[104.725s][info][gc,task        ] GC(339) Using 8 workers of 8 for marking
[104.748s][info][gc,marking     ] GC(339) Concurrent Mark From Roots 23.182ms
[104.748s][info][gc,marking     ] GC(339) Concurrent Preclean
[104.748s][info][gc,marking     ] GC(339) Concurrent Preclean 0.337ms
[104.748s][info][gc,start       ] GC(339) Pause Remark
[104.752s][info][gc             ] GC(339) Pause Remark 1353M->1113M(2048M) 3.663ms
[104.752s][info][gc,cpu         ] GC(339) User=0.00s Sys=0.00s Real=0.00s
[104.752s][info][gc,marking     ] GC(339) Concurrent Mark 27.641ms
[104.752s][info][gc,marking     ] GC(339) Concurrent Rebuild Remembered Sets and Scrub Regions
[104.760s][info][gc,marking     ] GC(339) Concurrent Rebuild Remembered Sets and Scrub Regions 7.299ms
[104.760s][info][gc,start       ] GC(339) Pause Cleanup
[104.760s][info][gc             ] GC(339) Pause Cleanup 1116M->1116M(2048M) 0.339ms
[104.760s][info][gc,cpu         ] GC(339) User=0.00s Sys=0.00s Real=0.00s
[104.760s][info][gc,marking     ] GC(339) Concurrent Clear Claimed Marks
[104.760s][info][gc,marking     ] GC(339) Concurrent Clear Claimed Marks 0.164ms
[104.760s][info][gc,marking     ] GC(339) Concurrent Cleanup for Next Mark
[104.762s][info][gc,marking     ] GC(339) Concurrent Cleanup for Next Mark 1.448ms
[104.762s][info][gc             ] GC(339) Concurrent Mark Cycle 40.043ms
[105.127s][info][gc,start       ] GC(340) Pause Full (System.gc())
[105.128s][info][gc,task        ] GC(340) Using 33 workers of 33 for full compaction
[105.129s][info][gc,phases,start] GC(340) Phase 1: Mark live objects
[105.167s][info][gc,phases      ] GC(340) Phase 1: Mark live objects 37.953ms
[105.167s][info][gc,phases,start] GC(340) Phase 2: Prepare compaction
[105.170s][info][gc,phases      ] GC(340) Phase 2: Prepare compaction 3.097ms
[105.170s][info][gc,phases,start] GC(340) Phase 3: Adjust pointers
[105.179s][info][gc,phases      ] GC(340) Phase 3: Adjust pointers 8.631ms
[105.179s][info][gc,phases,start] GC(340) Phase 4: Compact heap
[105.180s][info][gc,phases      ] GC(340) Phase 4: Compact heap 0.737ms
[105.192s][info][gc,heap        ] GC(340) Eden regions: 11->0(881)
[105.192s][info][gc,heap        ] GC(340) Survivor regions: 3->0(74)
[105.192s][info][gc,heap        ] GC(340) Old regions: 52->56
[105.192s][info][gc,heap        ] GC(340) Archive regions: 0->0
[105.192s][info][gc,heap        ] GC(340) Humongous regions: 1061->1008
[105.192s][info][gc,metaspace   ] GC(340) Metaspace: 125679K(127744K)->125679K(127744K) NonClass: 106661K(107328K)->106661K(107328K) Class: 19018K(20416K)->19018K(20416K)
[105.192s][info][gc             ] GC(340) Pause Full (System.gc()) 1123M->1053M(2048M) 64.661ms
[105.192s][info][gc,cpu         ] GC(340) User=1.36s Sys=0.03s Real=0.06s
[105.281s][info][gc,start       ] GC(341) Pause Young (Concurrent Start) (G1 Humongous Allocation)
[105.281s][info][gc,task        ] GC(341) Using 33 workers of 33 for evacuation
[105.285s][info][gc,phases      ] GC(341)   Pre Evacuate Collection Set: 0.5ms
[105.285s][info][gc,phases      ] GC(341)   Merge Heap Roots: 0.1ms
[105.285s][info][gc,phases      ] GC(341)   Evacuate Collection Set: 1.9ms
[105.285s][info][gc,phases      ] GC(341)   Post Evacuate Collection Set: 0.8ms
[105.285s][info][gc,phases      ] GC(341)   Other: 0.1ms
[105.285s][info][gc,heap        ] GC(341) Eden regions: 9->0(879)
[105.285s][info][gc,heap        ] GC(341) Survivor regions: 0->1(111)
[105.285s][info][gc,heap        ] GC(341) Old regions: 56->56
[105.285s][info][gc,heap        ] GC(341) Archive regions: 0->0
[105.285s][info][gc,heap        ] GC(341) Humongous regions: 1008->1008
[105.285s][info][gc,metaspace   ] GC(341) Metaspace: 125830K(127872K)->125830K(127872K) NonClass: 106811K(107456K)->106811K(107456K) Class: 19019K(20416K)->19019K(20416K)
[105.285s][info][gc             ] GC(341) Pause Young (Concurrent Start) (G1 Humongous Allocation) 1061M->1053M(2048M) 3.759ms
[105.285s][info][gc             ] GC(342) Concurrent Mark Cycle
[105.285s][info][gc,cpu         ] GC(341) User=0.00s Sys=0.00s Real=0.00s
[105.285s][info][gc,marking     ] GC(342) Concurrent Scan Root Regions
[105.288s][info][gc,marking     ] GC(342) Concurrent Scan Root Regions 3.181ms
[105.288s][info][gc,marking     ] GC(342) Concurrent Mark
[105.288s][info][gc,marking     ] GC(342) Concurrent Mark From Roots
[105.288s][info][gc,task        ] GC(342) Using 8 workers of 8 for marking
[105.304s][info][gc,marking     ] GC(342) Concurrent Mark From Roots 16.130ms
[105.304s][info][gc,marking     ] GC(342) Concurrent Preclean
[105.305s][info][gc,marking     ] GC(342) Concurrent Preclean 0.551ms
[105.305s][info][gc,start       ] GC(342) Pause Remark
[105.309s][info][gc             ] GC(342) Pause Remark 1081M->1081M(2048M) 3.405ms
[105.309s][info][gc,cpu         ] GC(342) User=0.00s Sys=0.00s Real=0.00s
[105.310s][info][gc,marking     ] GC(342) Concurrent Mark 21.320ms
[105.310s][info][gc,marking     ] GC(342) Concurrent Rebuild Remembered Sets and Scrub Regions
[105.316s][info][gc,marking     ] GC(342) Concurrent Rebuild Remembered Sets and Scrub Regions 6.036ms
[105.316s][info][gc,start       ] GC(342) Pause Cleanup
[105.317s][info][gc             ] GC(342) Pause Cleanup 1097M->1097M(2048M) 0.651ms
[105.317s][info][gc,cpu         ] GC(342) User=0.00s Sys=0.00s Real=0.00s
[105.317s][info][gc,marking     ] GC(342) Concurrent Clear Claimed Marks
[105.317s][info][gc,marking     ] GC(342) Concurrent Clear Claimed Marks 0.168ms
[105.317s][info][gc,marking     ] GC(342) Concurrent Cleanup for Next Mark
[105.320s][info][gc,marking     ] GC(342) Concurrent Cleanup for Next Mark 2.237ms
[105.320s][info][gc             ] GC(342) Concurrent Mark Cycle 34.830ms
[105.391s][info][gc,start       ] GC(343) Pause Young (Prepare Mixed) (G1 Evacuation Pause)
[105.391s][info][gc,task        ] GC(343) Using 33 workers of 33 for evacuation
[105.394s][info][gc,phases      ] GC(343)   Pre Evacuate Collection Set: 0.3ms
[105.395s][info][gc,phases      ] GC(343)   Merge Heap Roots: 0.8ms
[105.395s][info][gc,phases      ] GC(343)   Evacuate Collection Set: 1.5ms
[105.395s][info][gc,phases      ] GC(343)   Post Evacuate Collection Set: 0.9ms
[105.395s][info][gc,phases      ] GC(343)   Other: 0.1ms
[105.395s][info][gc,heap        ] GC(343) Eden regions: 879->0(861)
[105.395s][info][gc,heap        ] GC(343) Survivor regions: 1->10(99)
[105.395s][info][gc,heap        ] GC(343) Old regions: 56->56
[105.395s][info][gc,heap        ] GC(343) Archive regions: 0->0
[105.395s][info][gc,heap        ] GC(343) Humongous regions: 1013->1008
[105.395s][info][gc,metaspace   ] GC(343) Metaspace: 125943K(128064K)->125943K(128064K) NonClass: 106920K(107648K)->106920K(107648K) Class: 19022K(20416K)->19022K(20416K)
[105.395s][info][gc             ] GC(343) Pause Young (Prepare Mixed) (G1 Evacuation Pause) 1937M->1062M(2048M) 3.931ms
[105.395s][info][gc,cpu         ] GC(343) User=0.00s Sys=0.00s Real=0.00s
[105.459s][info][gc,start       ] GC(344) Pause Young (Mixed) (G1 Evacuation Pause)
[105.459s][info][gc,task        ] GC(344) Using 33 workers of 33 for evacuation
[105.462s][info][gc,phases      ] GC(344)   Pre Evacuate Collection Set: 0.3ms
[105.463s][info][gc,phases      ] GC(344)   Merge Heap Roots: 0.3ms
[105.463s][info][gc,phases      ] GC(344)   Evacuate Collection Set: 1.8ms
[105.463s][info][gc,phases      ] GC(344)   Post Evacuate Collection Set: 0.8ms
[105.463s][info][gc,phases      ] GC(344)   Other: 0.1ms
[105.463s][info][gc,heap        ] GC(344) Eden regions: 861->0(855)
[105.463s][info][gc,heap        ] GC(344) Survivor regions: 10->12(109)
[105.463s][info][gc,heap        ] GC(344) Old regions: 56->54
[105.463s][info][gc,heap        ] GC(344) Archive regions: 0->0
[105.463s][info][gc,heap        ] GC(344) Humongous regions: 1012->1012
[105.463s][info][gc,metaspace   ] GC(344) Metaspace: 125965K(128064K)->125965K(128064K) NonClass: 106942K(107648K)->106942K(107648K) Class: 19022K(20416K)->19022K(20416K)
[105.463s][info][gc             ] GC(344) Pause Young (Mixed) (G1 Evacuation Pause) 1927M->1068M(2048M) 3.631ms
[105.463s][info][gc,cpu         ] GC(344) User=0.52s Sys=0.00s Real=0.02s
[105.464s][info][gc,start       ] GC(345) Pause Young (Concurrent Start) (G1 Humongous Allocation)
[105.464s][info][gc,task        ] GC(345) Using 33 workers of 33 for evacuation
[105.467s][info][gc,phases      ] GC(345)   Pre Evacuate Collection Set: 0.4ms
[105.467s][info][gc,phases      ] GC(345)   Merge Heap Roots: 0.1ms
[105.467s][info][gc,phases      ] GC(345)   Evacuate Collection Set: 1.9ms
[105.467s][info][gc,phases      ] GC(345)   Post Evacuate Collection Set: 0.5ms
[105.467s][info][gc,phases      ] GC(345)   Other: 0.0ms
[105.467s][info][gc,heap        ] GC(345) Eden regions: 27->0(855)
[105.467s][info][gc,heap        ] GC(345) Survivor regions: 12->12(109)
[105.467s][info][gc,heap        ] GC(345) Old regions: 54->54
[105.467s][info][gc,heap        ] GC(345) Archive regions: 0->0
[105.467s][info][gc,heap        ] GC(345) Humongous regions: 1012->1012
[105.467s][info][gc,metaspace   ] GC(345) Metaspace: 125965K(128064K)->125965K(128064K) NonClass: 106942K(107648K)->106942K(107648K) Class: 19022K(20416K)->19022K(20416K)
[105.467s][info][gc             ] GC(345) Pause Young (Concurrent Start) (G1 Humongous Allocation) 1095M->1068M(2048M) 3.162ms
[105.467s][info][gc             ] GC(346) Concurrent Mark Cycle
[105.467s][info][gc,cpu         ] GC(345) User=0.00s Sys=0.00s Real=0.00s
[105.467s][info][gc,marking     ] GC(346) Concurrent Scan Root Regions
[105.485s][info][gc,marking     ] GC(346) Concurrent Scan Root Regions 17.595ms
[105.485s][info][gc,marking     ] GC(346) Concurrent Mark
[105.485s][info][gc,marking     ] GC(346) Concurrent Mark From Roots
[105.485s][info][gc,task        ] GC(346) Using 8 workers of 8 for marking
[105.533s][info][gc,start       ] GC(347) Pause Young (Normal) (G1 Evacuation Pause)
[105.533s][info][gc,task        ] GC(347) Using 33 workers of 33 for evacuation
[105.536s][info][gc,phases      ] GC(347)   Pre Evacuate Collection Set: 0.3ms
[105.536s][info][gc,phases      ] GC(347)   Merge Heap Roots: 0.3ms
[105.536s][info][gc,phases      ] GC(347)   Evacuate Collection Set: 1.3ms
[105.536s][info][gc,phases      ] GC(347)   Post Evacuate Collection Set: 0.8ms
[105.536s][info][gc,phases      ] GC(347)   Other: 0.1ms
[105.536s][info][gc,heap        ] GC(347) Eden regions: 855->0(845)
[105.536s][info][gc,heap        ] GC(347) Survivor regions: 12->11(97)
[105.536s][info][gc,heap        ] GC(347) Old regions: 54->54
[105.536s][info][gc,heap        ] GC(347) Archive regions: 0->0
[105.536s][info][gc,heap        ] GC(347) Humongous regions: 1030->1024
[105.536s][info][gc,metaspace   ] GC(347) Metaspace: 125970K(128064K)->125970K(128064K) NonClass: 106947K(107648K)->106947K(107648K) Class: 19022K(20416K)->19022K(20416K)
[105.536s][info][gc             ] GC(347) Pause Young (Normal) (G1 Evacuation Pause) 1941M->1079M(2048M) 2.990ms
[105.536s][info][gc,cpu         ] GC(347) User=0.00s Sys=0.00s Real=0.00s
[105.541s][info][gc,marking     ] GC(346) Concurrent Mark From Roots 55.333ms
[105.541s][info][gc,marking     ] GC(346) Concurrent Preclean
[105.544s][info][gc,marking     ] GC(346) Concurrent Preclean 2.717ms
[105.545s][info][gc,start       ] GC(346) Pause Remark
[105.548s][info][gc             ] GC(346) Pause Remark 1203M->1203M(2048M) 3.010ms
[105.548s][info][gc,cpu         ] GC(346) User=0.00s Sys=0.00s Real=0.00s
[105.548s][info][gc,marking     ] GC(346) Concurrent Mark 62.422ms
[105.548s][info][gc,marking     ] GC(346) Concurrent Rebuild Remembered Sets and Scrub Regions
[105.570s][info][gc,marking     ] GC(346) Concurrent Rebuild Remembered Sets and Scrub Regions 21.532ms
[105.571s][info][gc,start       ] GC(346) Pause Cleanup
[105.571s][info][gc             ] GC(346) Pause Cleanup 1524M->1524M(2048M) 0.326ms
[105.571s][info][gc,cpu         ] GC(346) User=0.00s Sys=0.00s Real=0.00s
[105.571s][info][gc,marking     ] GC(346) Concurrent Clear Claimed Marks
[105.572s][info][gc,marking     ] GC(346) Concurrent Clear Claimed Marks 1.202ms
[105.572s][info][gc,marking     ] GC(346) Concurrent Cleanup for Next Mark
[105.581s][info][gc,marking     ] GC(346) Concurrent Cleanup for Next Mark 8.237ms
[105.581s][info][gc             ] GC(346) Concurrent Mark Cycle 113.756ms
[105.603s][info][gc,start       ] GC(348) Pause Young (Prepare Mixed) (G1 Evacuation Pause)
[105.603s][info][gc,task        ] GC(348) Using 33 workers of 33 for evacuation
[105.606s][info][gc,phases      ] GC(348)   Pre Evacuate Collection Set: 0.3ms
[105.606s][info][gc,phases      ] GC(348)   Merge Heap Roots: 0.8ms
[105.606s][info][gc,phases      ] GC(348)   Evacuate Collection Set: 1.3ms
[105.606s][info][gc,phases      ] GC(348)   Post Evacuate Collection Set: 0.8ms
[105.606s][info][gc,phases      ] GC(348)   Other: 0.1ms
[105.606s][info][gc,heap        ] GC(348) Eden regions: 845->0(831)
[105.606s][info][gc,heap        ] GC(348) Survivor regions: 11->10(92)
[105.606s][info][gc,heap        ] GC(348) Old regions: 54->54
[105.606s][info][gc,heap        ] GC(348) Archive regions: 0->0
[105.606s][info][gc,heap        ] GC(348) Humongous regions: 1046->1040
[105.606s][info][gc,metaspace   ] GC(348) Metaspace: 125970K(128064K)->125970K(128064K) NonClass: 106947K(107648K)->106947K(107648K) Class: 19022K(20416K)->19022K(20416K)
[105.606s][info][gc             ] GC(348) Pause Young (Prepare Mixed) (G1 Evacuation Pause) 1946M->1094M(2048M) 3.518ms
[105.606s][info][gc,cpu         ] GC(348) User=0.00s Sys=0.00s Real=0.00s
[105.666s][info][gc,start       ] GC(349) Pause Young (Mixed) (G1 Evacuation Pause)
[105.666s][info][gc,task        ] GC(349) Using 33 workers of 33 for evacuation
[105.669s][info][gc,phases      ] GC(349)   Pre Evacuate Collection Set: 0.3ms
[105.669s][info][gc,phases      ] GC(349)   Merge Heap Roots: 0.3ms
[105.669s][info][gc,phases      ] GC(349)   Evacuate Collection Set: 1.8ms
[105.669s][info][gc,phases      ] GC(349)   Post Evacuate Collection Set: 0.8ms
[105.669s][info][gc,phases      ] GC(349)   Other: 0.1ms
[105.669s][info][gc,heap        ] GC(349) Eden regions: 831->0(829)
[105.669s][info][gc,heap        ] GC(349) Survivor regions: 10->10(97)
[105.669s][info][gc,heap        ] GC(349) Old regions: 54->52
[105.669s][info][gc,heap        ] GC(349) Archive regions: 0->0
[105.669s][info][gc,heap        ] GC(349) Humongous regions: 1056->1044
[105.669s][info][gc,metaspace   ] GC(349) Metaspace: 125970K(128064K)->125970K(128064K) NonClass: 106947K(107648K)->106947K(107648K) Class: 19022K(20416K)->19022K(20416K)
[105.669s][info][gc             ] GC(349) Pause Young (Mixed) (G1 Evacuation Pause) 1941M->1098M(2048M) 3.542ms
[105.670s][info][gc,cpu         ] GC(349) User=0.00s Sys=0.00s Real=0.00s
[105.671s][info][gc,start       ] GC(350) Pause Young (Concurrent Start) (G1 Humongous Allocation)
[105.672s][info][gc,task        ] GC(350) Using 33 workers of 33 for evacuation
[105.674s][info][gc,phases      ] GC(350)   Pre Evacuate Collection Set: 0.4ms
[105.674s][info][gc,phases      ] GC(350)   Merge Heap Roots: 0.1ms
[105.674s][info][gc,phases      ] GC(350)   Evacuate Collection Set: 1.8ms
[105.674s][info][gc,phases      ] GC(350)   Post Evacuate Collection Set: 0.6ms
[105.675s][info][gc,phases      ] GC(350)   Other: 0.0ms
[105.675s][info][gc,heap        ] GC(350) Eden regions: 33->0(829)
[105.675s][info][gc,heap        ] GC(350) Survivor regions: 10->10(105)
[105.675s][info][gc,heap        ] GC(350) Old regions: 52->52
[105.675s][info][gc,heap        ] GC(350) Archive regions: 0->0
[105.675s][info][gc,heap        ] GC(350) Humongous regions: 1044->1044
[105.675s][info][gc,metaspace   ] GC(350) Metaspace: 125970K(128064K)->125970K(128064K) NonClass: 106947K(107648K)->106947K(107648K) Class: 19022K(20416K)->19022K(20416K)
[105.675s][info][gc             ] GC(350) Pause Young (Concurrent Start) (G1 Humongous Allocation) 1131M->1098M(2048M) 3.117ms
[105.675s][info][gc             ] GC(351) Concurrent Mark Cycle
[105.675s][info][gc,cpu         ] GC(350) User=0.00s Sys=0.00s Real=0.00s
[105.675s][info][gc,marking     ] GC(351) Concurrent Scan Root Regions
[105.693s][info][gc,marking     ] GC(351) Concurrent Scan Root Regions 17.836ms
[105.693s][info][gc,marking     ] GC(351) Concurrent Mark
[105.693s][info][gc,marking     ] GC(351) Concurrent Mark From Roots
[105.693s][info][gc,task        ] GC(351) Using 8 workers of 8 for marking
[105.736s][info][gc,start       ] GC(352) Pause Young (Normal) (G1 Evacuation Pause)
[105.736s][info][gc,task        ] GC(352) Using 33 workers of 33 for evacuation
[105.739s][info][gc,phases      ] GC(352)   Pre Evacuate Collection Set: 0.3ms
[105.739s][info][gc,phases      ] GC(352)   Merge Heap Roots: 0.3ms
[105.739s][info][gc,phases      ] GC(352)   Evacuate Collection Set: 1.3ms
[105.739s][info][gc,phases      ] GC(352)   Post Evacuate Collection Set: 0.8ms
[105.739s][info][gc,phases      ] GC(352)   Other: 0.1ms
[105.739s][info][gc,heap        ] GC(352) Eden regions: 829->0(815)
[105.739s][info][gc,heap        ] GC(352) Survivor regions: 10->11(93)
[105.739s][info][gc,heap        ] GC(352) Old regions: 52->52
[105.739s][info][gc,heap        ] GC(352) Archive regions: 0->0
[105.739s][info][gc,heap        ] GC(352) Humongous regions: 1064->1056
[105.739s][info][gc,metaspace   ] GC(352) Metaspace: 125970K(128064K)->125970K(128064K) NonClass: 106947K(107648K)->106947K(107648K) Class: 19022K(20416K)->19022K(20416K)
[105.739s][info][gc             ] GC(352) Pause Young (Normal) (G1 Evacuation Pause) 1947M->1111M(2048M) 2.929ms
[105.739s][info][gc,cpu         ] GC(352) User=0.52s Sys=0.00s Real=0.02s
[105.745s][info][gc,marking     ] GC(351) Concurrent Mark From Roots 52.235ms
[105.746s][info][gc,marking     ] GC(351) Concurrent Preclean
[105.748s][info][gc,marking     ] GC(351) Concurrent Preclean 2.656ms
[105.749s][info][gc,start       ] GC(351) Pause Remark
[105.752s][info][gc             ] GC(351) Pause Remark 1264M->1264M(2048M) 3.163ms
[105.752s][info][gc,cpu         ] GC(351) User=0.00s Sys=0.00s Real=0.00s
[105.752s][info][gc,marking     ] GC(351) Concurrent Mark 59.467ms
[105.753s][info][gc,marking     ] GC(351) Concurrent Rebuild Remembered Sets and Scrub Regions
[105.772s][info][gc,marking     ] GC(351) Concurrent Rebuild Remembered Sets and Scrub Regions 19.212ms
[105.773s][info][gc,start       ] GC(351) Pause Cleanup
[105.773s][info][gc             ] GC(351) Pause Cleanup 1551M->1551M(2048M) 0.280ms
[105.773s][info][gc,cpu         ] GC(351) User=0.00s Sys=0.00s Real=0.00s
[105.774s][info][gc,marking     ] GC(351) Concurrent Clear Claimed Marks
[105.775s][info][gc,marking     ] GC(351) Concurrent Clear Claimed Marks 0.894ms
[105.775s][info][gc,marking     ] GC(351) Concurrent Cleanup for Next Mark
[105.782s][info][gc,marking     ] GC(351) Concurrent Cleanup for Next Mark 7.575ms
[105.783s][info][gc             ] GC(351) Concurrent Mark Cycle 108.133ms
[105.802s][info][gc,start       ] GC(353) Pause Young (Prepare Mixed) (G1 Evacuation Pause)
[105.803s][info][gc,task        ] GC(353) Using 33 workers of 33 for evacuation
[105.806s][info][gc,phases      ] GC(353)   Pre Evacuate Collection Set: 0.3ms
[105.806s][info][gc,phases      ] GC(353)   Merge Heap Roots: 0.8ms
[105.806s][info][gc,phases      ] GC(353)   Evacuate Collection Set: 1.2ms
[105.806s][info][gc,phases      ] GC(353)   Post Evacuate Collection Set: 0.8ms
[105.806s][info][gc,phases      ] GC(353)   Other: 0.1ms
[105.806s][info][gc,heap        ] GC(353) Eden regions: 815->0(817)
[105.806s][info][gc,heap        ] GC(353) Survivor regions: 11->10(104)
[105.806s][info][gc,heap        ] GC(353) Old regions: 52->52
[105.806s][info][gc,heap        ] GC(353) Archive regions: 0->0
[105.806s][info][gc,heap        ] GC(353) Humongous regions: 1060->1056
[105.806s][info][gc,metaspace   ] GC(353) Metaspace: 125970K(128064K)->125970K(128064K) NonClass: 106947K(107648K)->106947K(107648K) Class: 19022K(20416K)->19022K(20416K)
[105.806s][info][gc             ] GC(353) Pause Young (Prepare Mixed) (G1 Evacuation Pause) 1930M->1111M(2048M) 3.501ms
[105.806s][info][gc,cpu         ] GC(353) User=0.00s Sys=0.00s Real=0.00s
[105.878s][info][gc,start       ] GC(354) Pause Young (Mixed) (G1 Evacuation Pause)
[105.878s][info][gc,task        ] GC(354) Using 33 workers of 33 for evacuation
[105.882s][info][gc,phases      ] GC(354)   Pre Evacuate Collection Set: 0.3ms
[105.882s][info][gc,phases      ] GC(354)   Merge Heap Roots: 0.3ms
[105.882s][info][gc,phases      ] GC(354)   Evacuate Collection Set: 1.8ms
[105.882s][info][gc,phases      ] GC(354)   Post Evacuate Collection Set: 0.9ms
[105.882s][info][gc,phases      ] GC(354)   Other: 0.1ms
[105.882s][info][gc,heap        ] GC(354) Eden regions: 817->0(789)
[105.882s][info][gc,heap        ] GC(354) Survivor regions: 10->10(71)
[105.882s][info][gc,heap        ] GC(354) Old regions: 52->50
[105.882s][info][gc,heap        ] GC(354) Archive regions: 0->0
[105.882s][info][gc,heap        ] GC(354) Humongous regions: 1098->1086
[105.882s][info][gc,metaspace   ] GC(354) Metaspace: 125971K(128064K)->125971K(128064K) NonClass: 106948K(107648K)->106948K(107648K) Class: 19022K(20416K)->19022K(20416K)
[105.882s][info][gc             ] GC(354) Pause Young (Mixed) (G1 Evacuation Pause) 1970M->1140M(2048M) 3.720ms
[105.882s][info][gc,cpu         ] GC(354) User=0.00s Sys=0.00s Real=0.00s
[105.900s][info][gc,start       ] GC(355) Pause Young (Concurrent Start) (G1 Humongous Allocation)
[105.900s][info][gc,task        ] GC(355) Using 33 workers of 33 for evacuation
[105.903s][info][gc,phases      ] GC(355)   Pre Evacuate Collection Set: 0.4ms
[105.903s][info][gc,phases      ] GC(355)   Merge Heap Roots: 0.2ms
[105.903s][info][gc,phases      ] GC(355)   Evacuate Collection Set: 2.0ms
[105.903s][info][gc,phases      ] GC(355)   Post Evacuate Collection Set: 0.7ms
[105.903s][info][gc,phases      ] GC(355)   Other: 0.1ms
[105.903s][info][gc,heap        ] GC(355) Eden regions: 263->0(801)
[105.904s][info][gc,heap        ] GC(355) Survivor regions: 10->10(100)
[105.904s][info][gc,heap        ] GC(355) Old regions: 50->50
[105.904s][info][gc,heap        ] GC(355) Archive regions: 0->0
[105.904s][info][gc,heap        ] GC(355) Humongous regions: 1086->1074
[105.904s][info][gc,metaspace   ] GC(355) Metaspace: 125975K(128064K)->125975K(128064K) NonClass: 106952K(107648K)->106952K(107648K) Class: 19022K(20416K)->19022K(20416K)
[105.904s][info][gc             ] GC(355) Pause Young (Concurrent Start) (G1 Humongous Allocation) 1403M->1128M(2048M) 3.604ms
[105.904s][info][gc             ] GC(356) Concurrent Mark Cycle
[105.904s][info][gc,cpu         ] GC(355) User=0.00s Sys=0.00s Real=0.00s
[105.904s][info][gc,marking     ] GC(356) Concurrent Scan Root Regions
[105.923s][info][gc,marking     ] GC(356) Concurrent Scan Root Regions 19.275ms
[105.923s][info][gc,marking     ] GC(356) Concurrent Mark
[105.923s][info][gc,marking     ] GC(356) Concurrent Mark From Roots
[105.924s][info][gc,task        ] GC(356) Using 8 workers of 8 for marking
[105.962s][info][gc,start       ] GC(357) Pause Young (Normal) (G1 Humongous Allocation)
[105.962s][info][gc,task        ] GC(357) Using 33 workers of 33 for evacuation
[105.965s][info][gc,phases      ] GC(357)   Pre Evacuate Collection Set: 0.3ms
[105.965s][info][gc,phases      ] GC(357)   Merge Heap Roots: 0.3ms
[105.965s][info][gc,phases      ] GC(357)   Evacuate Collection Set: 1.3ms
[105.965s][info][gc,phases      ] GC(357)   Post Evacuate Collection Set: 0.8ms
[105.965s][info][gc,phases      ] GC(357)   Other: 0.1ms
[105.965s][info][gc,heap        ] GC(357) Eden regions: 783->0(791)
[105.965s][info][gc,heap        ] GC(357) Survivor regions: 10->10(102)
[105.965s][info][gc,heap        ] GC(357) Old regions: 50->50
[105.965s][info][gc,heap        ] GC(357) Archive regions: 0->0
[105.965s][info][gc,heap        ] GC(357) Humongous regions: 1103->1084
[105.965s][info][gc,metaspace   ] GC(357) Metaspace: 125975K(128064K)->125975K(128064K) NonClass: 106952K(107648K)->106952K(107648K) Class: 19022K(20416K)->19022K(20416K)
[105.965s][info][gc             ] GC(357) Pause Young (Normal) (G1 Humongous Allocation) 1940M->1138M(2048M) 3.021ms
[105.965s][info][gc,cpu         ] GC(357) User=0.00s Sys=0.00s Real=0.00s
[105.980s][info][gc,marking     ] GC(356) Concurrent Mark From Roots 56.655ms
[105.981s][info][gc,marking     ] GC(356) Concurrent Preclean
[105.984s][info][gc,marking     ] GC(356) Concurrent Preclean 3.246ms
[105.985s][info][gc,start       ] GC(356) Pause Remark
[105.988s][info][gc             ] GC(356) Pause Remark 1425M->1425M(2048M) 2.787ms
[105.988s][info][gc,cpu         ] GC(356) User=0.52s Sys=0.00s Real=0.01s
[105.988s][info][gc,marking     ] GC(356) Concurrent Mark 64.960ms
[105.989s][info][gc,marking     ] GC(356) Concurrent Rebuild Remembered Sets and Scrub Regions
[106.009s][info][gc,marking     ] GC(356) Concurrent Rebuild Remembered Sets and Scrub Regions 20.532ms
[106.010s][info][gc,start       ] GC(356) Pause Cleanup
[106.011s][info][gc             ] GC(356) Pause Cleanup 1733M->1733M(2048M) 0.340ms
[106.011s][info][gc,cpu         ] GC(356) User=0.00s Sys=0.00s Real=0.00s
[106.011s][info][gc,marking     ] GC(356) Concurrent Clear Claimed Marks
[106.012s][info][gc,marking     ] GC(356) Concurrent Clear Claimed Marks 1.115ms
[106.012s][info][gc,marking     ] GC(356) Concurrent Cleanup for Next Mark
[106.021s][info][gc,marking     ] GC(356) Concurrent Cleanup for Next Mark 8.216ms
[106.021s][info][gc             ] GC(356) Concurrent Mark Cycle 117.423ms
[106.031s][info][gc,start       ] GC(358) Pause Young (Prepare Mixed) (G1 Evacuation Pause)
[106.031s][info][gc,task        ] GC(358) Using 33 workers of 33 for evacuation
[106.035s][info][gc,phases      ] GC(358)   Pre Evacuate Collection Set: 0.3ms
[106.035s][info][gc,phases      ] GC(358)   Merge Heap Roots: 0.8ms
[106.035s][info][gc,phases      ] GC(358)   Evacuate Collection Set: 1.3ms
[106.035s][info][gc,phases      ] GC(358)   Post Evacuate Collection Set: 0.8ms
[106.035s][info][gc,phases      ] GC(358)   Other: 0.1ms
[106.035s][info][gc,heap        ] GC(358) Eden regions: 791->0(777)
[106.035s][info][gc,heap        ] GC(358) Survivor regions: 10->10(55)
[106.035s][info][gc,heap        ] GC(358) Old regions: 50->50
[106.035s][info][gc,heap        ] GC(358) Archive regions: 0->0
[106.035s][info][gc,heap        ] GC(358) Humongous regions: 1142->1098
[106.035s][info][gc,metaspace   ] GC(358) Metaspace: 125975K(128064K)->125975K(128064K) NonClass: 106952K(107648K)->106952K(107648K) Class: 19022K(20416K)->19022K(20416K)
[106.035s][info][gc             ] GC(358) Pause Young (Prepare Mixed) (G1 Evacuation Pause) 1987M->1152M(2048M) 3.511ms
[106.035s][info][gc,cpu         ] GC(358) User=0.02s Sys=0.00s Real=0.01s
[106.093s][info][gc,start       ] GC(359) Pause Young (Mixed) (G1 Evacuation Pause)
[106.093s][info][gc,task        ] GC(359) Using 33 workers of 33 for evacuation
[106.097s][info][gc,phases      ] GC(359)   Pre Evacuate Collection Set: 0.3ms
[106.097s][info][gc,phases      ] GC(359)   Merge Heap Roots: 0.3ms
[106.097s][info][gc,phases      ] GC(359)   Evacuate Collection Set: 2.8ms
[106.097s][info][gc,phases      ] GC(359)   Post Evacuate Collection Set: 0.8ms
[106.097s][info][gc,phases      ] GC(359)   Other: 0.1ms
[106.097s][info][gc,heap        ] GC(359) Eden regions: 777->0(803)
[106.098s][info][gc,heap        ] GC(359) Survivor regions: 10->12(81)
[106.098s][info][gc,heap        ] GC(359) Old regions: 50->49
[106.098s][info][gc,heap        ] GC(359) Archive regions: 0->0
[106.098s][info][gc,heap        ] GC(359) Humongous regions: 1130->1069
[106.098s][info][gc,metaspace   ] GC(359) Metaspace: 125975K(128064K)->125975K(128064K) NonClass: 106952K(107648K)->106952K(107648K) Class: 19022K(20416K)->19022K(20416K)
[106.098s][info][gc             ] GC(359) Pause Young (Mixed) (G1 Evacuation Pause) 1961M->1125M(2048M) 4.528ms
[106.098s][info][gc,cpu         ] GC(359) User=0.52s Sys=0.00s Real=0.02s
[106.103s][info][gc,start       ] GC(360) Pause Young (Concurrent Start) (G1 Humongous Allocation)
[106.103s][info][gc,task        ] GC(360) Using 33 workers of 33 for evacuation
[106.107s][info][gc,phases      ] GC(360)   Pre Evacuate Collection Set: 0.4ms
[106.107s][info][gc,phases      ] GC(360)   Merge Heap Roots: 0.1ms
[106.107s][info][gc,phases      ] GC(360)   Evacuate Collection Set: 2.0ms
[106.107s][info][gc,phases      ] GC(360)   Post Evacuate Collection Set: 0.6ms
[106.107s][info][gc,phases      ] GC(360)   Other: 0.0ms
[106.107s][info][gc,heap        ] GC(360) Eden regions: 89->0(803)
[106.107s][info][gc,heap        ] GC(360) Survivor regions: 12->12(102)
[106.107s][info][gc,heap        ] GC(360) Old regions: 49->49
[106.107s][info][gc,heap        ] GC(360) Archive regions: 0->0
[106.107s][info][gc,heap        ] GC(360) Humongous regions: 1069->1069
[106.107s][info][gc,metaspace   ] GC(360) Metaspace: 125975K(128064K)->125975K(128064K) NonClass: 106952K(107648K)->106952K(107648K) Class: 19022K(20416K)->19022K(20416K)
[106.107s][info][gc             ] GC(360) Pause Young (Concurrent Start) (G1 Humongous Allocation) 1214M->1126M(2048M) 3.421ms
[106.107s][info][gc             ] GC(361) Concurrent Mark Cycle
[106.107s][info][gc,cpu         ] GC(360) User=0.00s Sys=0.00s Real=0.00s
[106.107s][info][gc,marking     ] GC(361) Concurrent Scan Root Regions
[106.131s][info][gc,marking     ] GC(361) Concurrent Scan Root Regions 24.353ms
[106.132s][info][gc,marking     ] GC(361) Concurrent Mark
[106.132s][info][gc,marking     ] GC(361) Concurrent Mark From Roots
[106.132s][info][gc,task        ] GC(361) Using 8 workers of 8 for marking
[106.168s][info][gc,start       ] GC(362) Pause Young (Normal) (G1 Evacuation Pause)
[106.168s][info][gc,task        ] GC(362) Using 33 workers of 33 for evacuation
[106.171s][info][gc,phases      ] GC(362)   Pre Evacuate Collection Set: 0.3ms
[106.171s][info][gc,phases      ] GC(362)   Merge Heap Roots: 0.3ms
[106.171s][info][gc,phases      ] GC(362)   Evacuate Collection Set: 1.3ms
[106.171s][info][gc,phases      ] GC(362)   Post Evacuate Collection Set: 0.8ms
[106.171s][info][gc,phases      ] GC(362)   Other: 0.1ms
[106.171s][info][gc,heap        ] GC(362) Eden regions: 803->0(801)
[106.171s][info][gc,heap        ] GC(362) Survivor regions: 12->3(73)
[106.171s][info][gc,heap        ] GC(362) Old regions: 49->56
[106.171s][info][gc,heap        ] GC(362) Archive regions: 0->0
[106.171s][info][gc,heap        ] GC(362) Humongous regions: 1111->1082
[106.171s][info][gc,metaspace   ] GC(362) Metaspace: 125975K(128064K)->125975K(128064K) NonClass: 106952K(107648K)->106952K(107648K) Class: 19022K(20416K)->19022K(20416K)
[106.171s][info][gc             ] GC(362) Pause Young (Normal) (G1 Evacuation Pause) 1971M->1137M(2048M) 2.884ms
[106.171s][info][gc,cpu         ] GC(362) User=0.00s Sys=0.00s Real=0.00s
[106.183s][info][gc,marking     ] GC(361) Concurrent Mark From Roots 51.265ms
[106.183s][info][gc,marking     ] GC(361) Concurrent Preclean
[106.186s][info][gc,marking     ] GC(361) Concurrent Preclean 2.892ms
[106.187s][info][gc,start       ] GC(361) Pause Remark
[106.190s][info][gc             ] GC(361) Pause Remark 1368M->1368M(2048M) 2.779ms
[106.190s][info][gc,cpu         ] GC(361) User=0.00s Sys=0.00s Real=0.00s
[106.190s][info][gc,marking     ] GC(361) Concurrent Mark 58.378ms
[106.190s][info][gc,marking     ] GC(361) Concurrent Rebuild Remembered Sets and Scrub Regions
[106.205s][info][gc,marking     ] GC(361) Concurrent Rebuild Remembered Sets and Scrub Regions 15.010ms
[106.206s][info][gc,start       ] GC(361) Pause Cleanup
[106.207s][info][gc             ] GC(361) Pause Cleanup 1586M->1586M(2048M) 0.268ms
[106.207s][info][gc,cpu         ] GC(361) User=0.00s Sys=0.00s Real=0.00s
[106.207s][info][gc,marking     ] GC(361) Concurrent Clear Claimed Marks
[106.208s][info][gc,marking     ] GC(361) Concurrent Clear Claimed Marks 1.170ms
[106.208s][info][gc,marking     ] GC(361) Concurrent Cleanup for Next Mark
[106.216s][info][gc,marking     ] GC(361) Concurrent Cleanup for Next Mark 8.375ms
[106.217s][info][gc             ] GC(361) Concurrent Mark Cycle 109.972ms
[106.236s][info][gc,start       ] GC(363) Pause Young (Prepare Mixed) (G1 Evacuation Pause)
[106.236s][info][gc,task        ] GC(363) Using 33 workers of 33 for evacuation
[106.239s][info][gc,phases      ] GC(363)   Pre Evacuate Collection Set: 0.3ms
[106.239s][info][gc,phases      ] GC(363)   Merge Heap Roots: 0.8ms
[106.239s][info][gc,phases      ] GC(363)   Evacuate Collection Set: 1.0ms
[106.239s][info][gc,phases      ] GC(363)   Post Evacuate Collection Set: 0.7ms
[106.239s][info][gc,phases      ] GC(363)   Other: 0.1ms
[106.239s][info][gc,heap        ] GC(363) Eden regions: 801->0(798)
[106.239s][info][gc,heap        ] GC(363) Survivor regions: 3->2(86)
[106.239s][info][gc,heap        ] GC(363) Old regions: 56->57
[106.239s][info][gc,heap        ] GC(363) Archive regions: 0->0
[106.239s][info][gc,heap        ] GC(363) Humongous regions: 1102->1086
[106.239s][info][gc,metaspace   ] GC(363) Metaspace: 126007K(128064K)->126007K(128064K) NonClass: 106983K(107648K)->106983K(107648K) Class: 19024K(20416K)->19024K(20416K)
[106.239s][info][gc             ] GC(363) Pause Young (Prepare Mixed) (G1 Evacuation Pause) 1958M->1141M(2048M) 3.061ms
[106.239s][info][gc,cpu         ] GC(363) User=0.00s Sys=0.00s Real=0.00s
[106.295s][info][gc,start       ] GC(364) Pause Young (Mixed) (G1 Evacuation Pause)
[106.296s][info][gc,task        ] GC(364) Using 33 workers of 33 for evacuation
[106.298s][info][gc,phases      ] GC(364)   Pre Evacuate Collection Set: 0.3ms
[106.298s][info][gc,phases      ] GC(364)   Merge Heap Roots: 0.3ms
[106.298s][info][gc,phases      ] GC(364)   Evacuate Collection Set: 1.2ms
[106.298s][info][gc,phases      ] GC(364)   Post Evacuate Collection Set: 0.7ms
[106.298s][info][gc,phases      ] GC(364)   Other: 0.1ms
[106.298s][info][gc,heap        ] GC(364) Eden regions: 798->0(798)
[106.298s][info][gc,heap        ] GC(364) Survivor regions: 2->2(97)
[106.298s][info][gc,heap        ] GC(364) Old regions: 57->57
[106.298s][info][gc,heap        ] GC(364) Archive regions: 0->0
[106.298s][info][gc,heap        ] GC(364) Humongous regions: 1094->1086
[106.298s][info][gc,metaspace   ] GC(364) Metaspace: 126007K(128064K)->126007K(128064K) NonClass: 106983K(107648K)->106983K(107648K) Class: 19024K(20416K)->19024K(20416K)
[106.298s][info][gc             ] GC(364) Pause Young (Mixed) (G1 Evacuation Pause) 1947M->1141M(2048M) 2.860ms
[106.298s][info][gc,cpu         ] GC(364) User=0.00s Sys=0.00s Real=0.00s
[106.301s][info][gc,start       ] GC(365) Pause Young (Concurrent Start) (G1 Humongous Allocation)
[106.301s][info][gc,task        ] GC(365) Using 33 workers of 33 for evacuation
[106.308s][info][gc,phases      ] GC(365)   Pre Evacuate Collection Set: 0.4ms
[106.308s][info][gc,phases      ] GC(365)   Merge Heap Roots: 0.1ms
[106.308s][info][gc,phases      ] GC(365)   Evacuate Collection Set: 5.6ms
[106.308s][info][gc,phases      ] GC(365)   Post Evacuate Collection Set: 0.5ms
[106.308s][info][gc,phases      ] GC(365)   Other: 0.0ms
[106.308s][info][gc,heap        ] GC(365) Eden regions: 46->0(798)
[106.308s][info][gc,heap        ] GC(365) Survivor regions: 2->2(100)
[106.308s][info][gc,heap        ] GC(365) Old regions: 57->57
[106.308s][info][gc,heap        ] GC(365) Archive regions: 0->0
[106.308s][info][gc,heap        ] GC(365) Humongous regions: 1086->1086
[106.308s][info][gc,metaspace   ] GC(365) Metaspace: 126007K(128064K)->126007K(128064K) NonClass: 106983K(107648K)->106983K(107648K) Class: 19024K(20416K)->19024K(20416K)
[106.308s][info][gc             ] GC(365) Pause Young (Concurrent Start) (G1 Humongous Allocation) 1187M->1141M(2048M) 6.939ms
[106.308s][info][gc             ] GC(366) Concurrent Mark Cycle
[106.308s][info][gc,cpu         ] GC(365) User=0.00s Sys=0.00s Real=0.00s
[106.308s][info][gc,marking     ] GC(366) Concurrent Scan Root Regions
[106.324s][info][gc,marking     ] GC(366) Concurrent Scan Root Regions 16.109ms
[106.325s][info][gc,marking     ] GC(366) Concurrent Mark
[106.325s][info][gc,marking     ] GC(366) Concurrent Mark From Roots
[106.325s][info][gc,task        ] GC(366) Using 8 workers of 8 for marking
[106.368s][info][gc,start       ] GC(367) Pause Young (Normal) (G1 Evacuation Pause)
[106.368s][info][gc,task        ] GC(367) Using 33 workers of 33 for evacuation
[106.371s][info][gc,phases      ] GC(367)   Pre Evacuate Collection Set: 0.3ms
[106.371s][info][gc,phases      ] GC(367)   Merge Heap Roots: 0.3ms
[106.371s][info][gc,phases      ] GC(367)   Evacuate Collection Set: 1.0ms
[106.371s][info][gc,phases      ] GC(367)   Post Evacuate Collection Set: 0.7ms
[106.371s][info][gc,phases      ] GC(367)   Other: 0.1ms
[106.371s][info][gc,heap        ] GC(367) Eden regions: 798->0(792)
[106.371s][info][gc,heap        ] GC(367) Survivor regions: 2->2(93)
[106.371s][info][gc,heap        ] GC(367) Old regions: 57->57
[106.371s][info][gc,heap        ] GC(367) Archive regions: 0->0
[106.371s][info][gc,heap        ] GC(367) Humongous regions: 1098->1092
[106.371s][info][gc,metaspace   ] GC(367) Metaspace: 126007K(128064K)->126007K(128064K) NonClass: 106983K(107648K)->106983K(107648K) Class: 19024K(20416K)->19024K(20416K)
[106.371s][info][gc             ] GC(367) Pause Young (Normal) (G1 Evacuation Pause) 1951M->1147M(2048M) 2.628ms
[106.371s][info][gc,cpu         ] GC(367) User=0.00s Sys=0.00s Real=0.00s
[106.381s][info][gc,marking     ] GC(366) Concurrent Mark From Roots 55.903ms
[106.381s][info][gc,marking     ] GC(366) Concurrent Preclean
[106.384s][info][gc,marking     ] GC(366) Concurrent Preclean 2.677ms
[106.384s][info][gc,start       ] GC(366) Pause Remark
[106.387s][info][gc             ] GC(366) Pause Remark 1342M->1342M(2048M) 2.791ms
[106.387s][info][gc,cpu         ] GC(366) User=0.00s Sys=0.00s Real=0.00s
[106.387s][info][gc,marking     ] GC(366) Concurrent Mark 62.442ms
[106.387s][info][gc,marking     ] GC(366) Concurrent Rebuild Remembered Sets and Scrub Regions
[106.412s][info][gc,marking     ] GC(366) Concurrent Rebuild Remembered Sets and Scrub Regions 24.425ms
[106.413s][info][gc,start       ] GC(366) Pause Cleanup
[106.414s][info][gc             ] GC(366) Pause Cleanup 1702M->1702M(2048M) 0.351ms
[106.414s][info][gc,cpu         ] GC(366) User=0.00s Sys=0.00s Real=0.00s
[106.414s][info][gc,marking     ] GC(366) Concurrent Clear Claimed Marks
[106.415s][info][gc,marking     ] GC(366) Concurrent Clear Claimed Marks 1.222ms
[106.415s][info][gc,marking     ] GC(366) Concurrent Cleanup for Next Mark
[106.424s][info][gc,marking     ] GC(366) Concurrent Cleanup for Next Mark 9.188ms
[106.425s][info][gc             ] GC(366) Concurrent Mark Cycle 116.778ms
[106.434s][info][gc,start       ] GC(368) Pause Young (Prepare Mixed) (G1 Evacuation Pause)
[106.434s][info][gc,task        ] GC(368) Using 33 workers of 33 for evacuation
[106.437s][info][gc,phases      ] GC(368)   Pre Evacuate Collection Set: 0.3ms
[106.437s][info][gc,phases      ] GC(368)   Merge Heap Roots: 0.8ms
[106.437s][info][gc,phases      ] GC(368)   Evacuate Collection Set: 1.0ms
[106.437s][info][gc,phases      ] GC(368)   Post Evacuate Collection Set: 0.7ms
[106.437s][info][gc,phases      ] GC(368)   Other: 0.1ms
[106.437s][info][gc,heap        ] GC(368) Eden regions: 792->0(780)
[106.437s][info][gc,heap        ] GC(368) Survivor regions: 2->3(91)
[106.437s][info][gc,heap        ] GC(368) Old regions: 57->57
[106.437s][info][gc,heap        ] GC(368) Archive regions: 0->0
[106.437s][info][gc,heap        ] GC(368) Humongous regions: 1106->1102
[106.437s][info][gc,metaspace   ] GC(368) Metaspace: 126007K(128064K)->126007K(128064K) NonClass: 106983K(107648K)->106983K(107648K) Class: 19024K(20416K)->19024K(20416K)
[106.437s][info][gc             ] GC(368) Pause Young (Prepare Mixed) (G1 Evacuation Pause) 1953M->1158M(2048M) 3.047ms
[106.437s][info][gc,cpu         ] GC(368) User=0.00s Sys=0.00s Real=0.00s
[106.494s][info][gc,start       ] GC(369) Pause Young (Mixed) (G1 Evacuation Pause)
[106.494s][info][gc,task        ] GC(369) Using 33 workers of 33 for evacuation
[106.497s][info][gc,phases      ] GC(369)   Pre Evacuate Collection Set: 0.3ms
[106.497s][info][gc,phases      ] GC(369)   Merge Heap Roots: 0.3ms
[106.497s][info][gc,phases      ] GC(369)   Evacuate Collection Set: 1.3ms
[106.497s][info][gc,phases      ] GC(369)   Post Evacuate Collection Set: 0.7ms
[106.497s][info][gc,phases      ] GC(369)   Other: 0.1ms
[106.497s][info][gc,heap        ] GC(369) Eden regions: 780->0(755)
[106.497s][info][gc,heap        ] GC(369) Survivor regions: 3->3(76)
[106.497s][info][gc,heap        ] GC(369) Old regions: 57->56
[106.497s][info][gc,heap        ] GC(369) Archive regions: 0->0
[106.497s][info][gc,heap        ] GC(369) Humongous regions: 1132->1128
[106.497s][info][gc,metaspace   ] GC(369) Metaspace: 126007K(128064K)->126007K(128064K) NonClass: 106983K(107648K)->106983K(107648K) Class: 19024K(20416K)->19024K(20416K)
[106.497s][info][gc             ] GC(369) Pause Young (Mixed) (G1 Evacuation Pause) 1968M->1184M(2048M) 2.962ms
[106.497s][info][gc,cpu         ] GC(369) User=0.00s Sys=0.00s Real=0.00s
[106.507s][info][gc,start       ] GC(370) Pause Young (Concurrent Start) (G1 Humongous Allocation)
[106.507s][info][gc,task        ] GC(370) Using 33 workers of 33 for evacuation
[106.509s][info][gc,phases      ] GC(370)   Pre Evacuate Collection Set: 0.4ms
[106.509s][info][gc,phases      ] GC(370)   Merge Heap Roots: 0.1ms
[106.509s][info][gc,phases      ] GC(370)   Evacuate Collection Set: 1.4ms
[106.509s][info][gc,phases      ] GC(370)   Post Evacuate Collection Set: 0.6ms
[106.509s][info][gc,phases      ] GC(370)   Other: 0.0ms
[106.509s][info][gc,heap        ] GC(370) Eden regions: 131->0(771)
[106.509s][info][gc,heap        ] GC(370) Survivor regions: 3->3(95)
[106.509s][info][gc,heap        ] GC(370) Old regions: 56->56
[106.509s][info][gc,heap        ] GC(370) Archive regions: 0->0
[106.509s][info][gc,heap        ] GC(370) Humongous regions: 1128->1112
[106.509s][info][gc,metaspace   ] GC(370) Metaspace: 126007K(128064K)->126007K(128064K) NonClass: 106983K(107648K)->106983K(107648K) Class: 19024K(20416K)->19024K(20416K)
[106.509s][info][gc             ] GC(370) Pause Young (Concurrent Start) (G1 Humongous Allocation) 1315M->1168M(2048M) 2.758ms
[106.509s][info][gc             ] GC(371) Concurrent Mark Cycle
[106.509s][info][gc,cpu         ] GC(370) User=0.00s Sys=0.00s Real=0.00s
[106.509s][info][gc,marking     ] GC(371) Concurrent Scan Root Regions
[106.526s][info][gc,marking     ] GC(371) Concurrent Scan Root Regions 16.275ms
[106.526s][info][gc,marking     ] GC(371) Concurrent Mark
[106.526s][info][gc,marking     ] GC(371) Concurrent Mark From Roots
[106.526s][info][gc,task        ] GC(371) Using 8 workers of 8 for marking
[106.572s][info][gc,marking     ] GC(371) Concurrent Mark From Roots 45.938ms
[106.572s][info][gc,marking     ] GC(371) Concurrent Preclean
[106.573s][info][gc,start       ] GC(372) Pause Young (Normal) (G1 Evacuation Pause)
[106.573s][info][gc,task        ] GC(372) Using 33 workers of 33 for evacuation
[106.575s][info][gc,phases      ] GC(372)   Pre Evacuate Collection Set: 0.3ms
[106.575s][info][gc,phases      ] GC(372)   Merge Heap Roots: 0.3ms
[106.575s][info][gc,phases      ] GC(372)   Evacuate Collection Set: 1.0ms
[106.575s][info][gc,phases      ] GC(372)   Post Evacuate Collection Set: 0.7ms
[106.576s][info][gc,phases      ] GC(372)   Other: 0.1ms
[106.576s][info][gc,heap        ] GC(372) Eden regions: 771->0(751)
[106.576s][info][gc,heap        ] GC(372) Survivor regions: 3->4(46)
[106.576s][info][gc,heap        ] GC(372) Old regions: 56->56
[106.576s][info][gc,heap        ] GC(372) Archive regions: 0->0
[106.576s][info][gc,heap        ] GC(372) Humongous regions: 1172->1130
[106.576s][info][gc,metaspace   ] GC(372) Metaspace: 126007K(128064K)->126007K(128064K) NonClass: 106983K(107648K)->106983K(107648K) Class: 19024K(20416K)->19024K(20416K)
[106.576s][info][gc             ] GC(372) Pause Young (Normal) (G1 Evacuation Pause) 1999M->1186M(2048M) 2.642ms
[106.576s][info][gc,cpu         ] GC(372) User=0.00s Sys=0.00s Real=0.00s
[106.577s][info][gc,marking     ] GC(371) Concurrent Preclean 4.885ms
[106.578s][info][gc,start       ] GC(371) Pause Remark
[106.581s][info][gc             ] GC(371) Pause Remark 1208M->1208M(2048M) 2.626ms
[106.581s][info][gc,cpu         ] GC(371) User=0.00s Sys=0.00s Real=0.00s
[106.581s][info][gc,marking     ] GC(371) Concurrent Mark 54.900ms
[106.581s][info][gc,marking     ] GC(371) Concurrent Rebuild Remembered Sets and Scrub Regions
[106.592s][info][gc,marking     ] GC(371) Concurrent Rebuild Remembered Sets and Scrub Regions 10.724ms
[106.592s][info][gc,start       ] GC(371) Pause Cleanup
[106.593s][info][gc             ] GC(371) Pause Cleanup 1359M->1359M(2048M) 0.328ms
[106.593s][info][gc,cpu         ] GC(371) User=0.00s Sys=0.00s Real=0.00s
[106.593s][info][gc,marking     ] GC(371) Concurrent Clear Claimed Marks
[106.593s][info][gc,marking     ] GC(371) Concurrent Clear Claimed Marks 0.397ms
[106.593s][info][gc,marking     ] GC(371) Concurrent Cleanup for Next Mark
[106.598s][info][gc,marking     ] GC(371) Concurrent Cleanup for Next Mark 4.816ms
[106.598s][info][gc             ] GC(371) Concurrent Mark Cycle 89.029ms
[106.640s][info][gc,start       ] GC(373) Pause Young (Prepare Mixed) (G1 Evacuation Pause)
[106.641s][info][gc,task        ] GC(373) Using 33 workers of 33 for evacuation
[106.644s][info][gc,phases      ] GC(373)   Pre Evacuate Collection Set: 0.3ms
[106.644s][info][gc,phases      ] GC(373)   Merge Heap Roots: 0.8ms
[106.644s][info][gc,phases      ] GC(373)   Evacuate Collection Set: 1.2ms
[106.644s][info][gc,phases      ] GC(373)   Post Evacuate Collection Set: 0.8ms
[106.644s][info][gc,phases      ] GC(373)   Other: 0.1ms
[106.644s][info][gc,heap        ] GC(373) Eden regions: 751->0(751)
[106.644s][info][gc,heap        ] GC(373) Survivor regions: 4->6(19)
[106.644s][info][gc,heap        ] GC(373) Old regions: 56->56
[106.644s][info][gc,heap        ] GC(373) Archive regions: 0->0
[106.644s][info][gc,heap        ] GC(373) Humongous regions: 1218->1126
[106.644s][info][gc,metaspace   ] GC(373) Metaspace: 126009K(128064K)->126009K(128064K) NonClass: 106985K(107648K)->106985K(107648K) Class: 19024K(20416K)->19024K(20416K)
[106.644s][info][gc             ] GC(373) Pause Young (Prepare Mixed) (G1 Evacuation Pause) 2025M->1185M(2048M) 3.441ms
[106.644s][info][gc,cpu         ] GC(373) User=0.00s Sys=0.00s Real=0.00s
[106.698s][info][gc,start       ] GC(374) Pause Young (Mixed) (G1 Humongous Allocation)
[106.698s][info][gc,task        ] GC(374) Using 33 workers of 33 for evacuation
[106.701s][info][gc,phases      ] GC(374)   Pre Evacuate Collection Set: 0.3ms
[106.701s][info][gc,phases      ] GC(374)   Merge Heap Roots: 0.3ms
[106.701s][info][gc,phases      ] GC(374)   Evacuate Collection Set: 1.6ms
[106.701s][info][gc,phases      ] GC(374)   Post Evacuate Collection Set: 0.8ms
[106.701s][info][gc,phases      ] GC(374)   Other: 0.1ms
[106.701s][info][gc,heap        ] GC(374) Eden regions: 699->0(731)
[106.701s][info][gc,heap        ] GC(374) Survivor regions: 6->7(76)
[106.701s][info][gc,heap        ] GC(374) Old regions: 56->56
[106.701s][info][gc,heap        ] GC(374) Archive regions: 0->0
[106.701s][info][gc,heap        ] GC(374) Humongous regions: 1211->1144
[106.701s][info][gc,metaspace   ] GC(374) Metaspace: 126013K(128128K)->126013K(128128K) NonClass: 106988K(107712K)->106988K(107712K) Class: 19024K(20416K)->19024K(20416K)
[106.701s][info][gc             ] GC(374) Pause Young (Mixed) (G1 Humongous Allocation) 1969M->1203M(2048M) 3.321ms
[106.701s][info][gc,cpu         ] GC(374) User=0.00s Sys=0.00s Real=0.00s
[106.706s][info][gc,start       ] GC(375) Pause Young (Concurrent Start) (G1 Humongous Allocation)
[106.706s][info][gc,task        ] GC(375) Using 33 workers of 33 for evacuation
[106.709s][info][gc,phases      ] GC(375)   Pre Evacuate Collection Set: 0.4ms
[106.709s][info][gc,phases      ] GC(375)   Merge Heap Roots: 0.1ms
[106.709s][info][gc,phases      ] GC(375)   Evacuate Collection Set: 1.7ms
[106.709s][info][gc,phases      ] GC(375)   Post Evacuate Collection Set: 0.6ms
[106.709s][info][gc,phases      ] GC(375)   Other: 0.0ms
[106.709s][info][gc,heap        ] GC(375) Eden regions: 77->0(728)
[106.709s][info][gc,heap        ] GC(375) Survivor regions: 7->7(93)
[106.709s][info][gc,heap        ] GC(375) Old regions: 56->56
[106.709s][info][gc,heap        ] GC(375) Archive regions: 0->0
[106.709s][info][gc,heap        ] GC(375) Humongous regions: 1151->1147
[106.709s][info][gc,metaspace   ] GC(375) Metaspace: 126013K(128128K)->126013K(128128K) NonClass: 106988K(107712K)->106988K(107712K) Class: 19024K(20416K)->19024K(20416K)
[106.709s][info][gc             ] GC(375) Pause Young (Concurrent Start) (G1 Humongous Allocation) 1287M->1207M(2048M) 3.155ms
[106.709s][info][gc             ] GC(376) Concurrent Mark Cycle
[106.709s][info][gc,cpu         ] GC(375) User=0.00s Sys=0.00s Real=0.00s
[106.709s][info][gc,marking     ] GC(376) Concurrent Scan Root Regions
[106.716s][info][gc,marking     ] GC(376) Concurrent Scan Root Regions 6.459ms
[106.716s][info][gc,marking     ] GC(376) Concurrent Mark
[106.716s][info][gc,marking     ] GC(376) Concurrent Mark From Roots
[106.716s][info][gc,task        ] GC(376) Using 8 workers of 8 for marking
[106.739s][info][gc,marking     ] GC(376) Concurrent Mark From Roots 22.822ms
[106.739s][info][gc,marking     ] GC(376) Concurrent Preclean
[106.740s][info][gc,marking     ] GC(376) Concurrent Preclean 0.668ms
[106.740s][info][gc,start       ] GC(376) Pause Remark
[106.743s][info][gc             ] GC(376) Pause Remark 1671M->1671M(2048M) 2.840ms
[106.743s][info][gc,cpu         ] GC(376) User=0.30s Sys=0.02s Real=0.00s
[106.743s][info][gc,marking     ] GC(376) Concurrent Mark 27.101ms
[106.743s][info][gc,marking     ] GC(376) Concurrent Rebuild Remembered Sets and Scrub Regions
[106.750s][info][gc,marking     ] GC(376) Concurrent Rebuild Remembered Sets and Scrub Regions 7.049ms
[106.750s][info][gc,start       ] GC(376) Pause Cleanup
[106.751s][info][gc             ] GC(376) Pause Cleanup 1781M->1781M(2048M) 0.312ms
[106.751s][info][gc,cpu         ] GC(376) User=0.00s Sys=0.00s Real=0.00s
[106.751s][info][gc,marking     ] GC(376) Concurrent Clear Claimed Marks
[106.751s][info][gc,marking     ] GC(376) Concurrent Clear Claimed Marks 0.217ms
[106.751s][info][gc,marking     ] GC(376) Concurrent Cleanup for Next Mark
[106.753s][info][gc,marking     ] GC(376) Concurrent Cleanup for Next Mark 2.473ms
[106.753s][info][gc             ] GC(376) Concurrent Mark Cycle 44.099ms
[106.764s][info][gc,start       ] GC(377) Pause Young (Prepare Mixed) (G1 Humongous Allocation)
[106.764s][info][gc,task        ] GC(377) Using 33 workers of 33 for evacuation
[106.767s][info][gc,phases      ] GC(377)   Pre Evacuate Collection Set: 0.3ms
[106.767s][info][gc,phases      ] GC(377)   Merge Heap Roots: 0.8ms
[106.767s][info][gc,phases      ] GC(377)   Evacuate Collection Set: 1.2ms
[106.767s][info][gc,phases      ] GC(377)   Post Evacuate Collection Set: 1.1ms
[106.767s][info][gc,phases      ] GC(377)   Other: 0.1ms
[106.767s][info][gc,heap        ] GC(377) Eden regions: 680->0(729)
[106.767s][info][gc,heap        ] GC(377) Survivor regions: 7->8(49)
[106.767s][info][gc,heap        ] GC(377) Old regions: 56->56
[106.767s][info][gc,heap        ] GC(377) Archive regions: 0->0
[106.767s][info][gc,heap        ] GC(377) Humongous regions: 1256->1144
[106.767s][info][gc,metaspace   ] GC(377) Metaspace: 126013K(128128K)->126013K(128128K) NonClass: 106988K(107712K)->106988K(107712K) Class: 19024K(20416K)->19024K(20416K)
[106.767s][info][gc             ] GC(377) Pause Young (Prepare Mixed) (G1 Humongous Allocation) 1996M->1205M(2048M) 3.732ms
[106.768s][info][gc,cpu         ] GC(377) User=0.00s Sys=0.00s Real=0.00s
[106.809s][info][gc,start       ] GC(378) Pause Young (Mixed) (G1 Evacuation Pause)
[106.809s][info][gc,task        ] GC(378) Using 33 workers of 33 for evacuation
[106.812s][info][gc,phases      ] GC(378)   Pre Evacuate Collection Set: 0.3ms
[106.812s][info][gc,phases      ] GC(378)   Merge Heap Roots: 0.3ms
[106.812s][info][gc,phases      ] GC(378)   Evacuate Collection Set: 2.0ms
[106.812s][info][gc,phases      ] GC(378)   Post Evacuate Collection Set: 0.8ms
[106.812s][info][gc,phases      ] GC(378)   Other: 0.1ms
[106.812s][info][gc,heap        ] GC(378) Eden regions: 729->0(706)
[106.812s][info][gc,heap        ] GC(378) Survivor regions: 8->7(33)
[106.812s][info][gc,heap        ] GC(378) Old regions: 56->55
[106.812s][info][gc,heap        ] GC(378) Archive regions: 0->0
[106.812s][info][gc,heap        ] GC(378) Humongous regions: 1222->1170
[106.812s][info][gc,metaspace   ] GC(378) Metaspace: 126013K(128128K)->126013K(128128K) NonClass: 106988K(107712K)->106988K(107712K) Class: 19024K(20416K)->19024K(20416K)
[106.812s][info][gc             ] GC(378) Pause Young (Mixed) (G1 Evacuation Pause) 2012M->1229M(2048M) 3.701ms
[106.812s][info][gc,cpu         ] GC(378) User=0.00s Sys=0.00s Real=0.00s
[106.814s][info][gc,start       ] GC(379) Pause Young (Concurrent Start) (G1 Humongous Allocation)
[106.814s][info][gc,task        ] GC(379) Using 33 workers of 33 for evacuation
[106.817s][info][gc,phases      ] GC(379)   Pre Evacuate Collection Set: 0.4ms
[106.817s][info][gc,phases      ] GC(379)   Merge Heap Roots: 0.1ms
[106.817s][info][gc,phases      ] GC(379)   Evacuate Collection Set: 1.5ms
[106.817s][info][gc,phases      ] GC(379)   Post Evacuate Collection Set: 0.6ms
[106.817s][info][gc,phases      ] GC(379)   Other: 0.0ms
[106.817s][info][gc,heap        ] GC(379) Eden regions: 34->0(706)
[106.817s][info][gc,heap        ] GC(379) Survivor regions: 7->7(90)
[106.817s][info][gc,heap        ] GC(379) Old regions: 55->55
[106.817s][info][gc,heap        ] GC(379) Archive regions: 0->0
[106.817s][info][gc,heap        ] GC(379) Humongous regions: 1170->1170
[106.817s][info][gc,metaspace   ] GC(379) Metaspace: 126013K(128128K)->126013K(128128K) NonClass: 106988K(107712K)->106988K(107712K) Class: 19024K(20416K)->19024K(20416K)
[106.817s][info][gc             ] GC(379) Pause Young (Concurrent Start) (G1 Humongous Allocation) 1263M->1229M(2048M) 2.769ms
[106.817s][info][gc             ] GC(380) Concurrent Mark Cycle
[106.817s][info][gc,cpu         ] GC(379) User=0.00s Sys=0.00s Real=0.00s
[106.817s][info][gc,marking     ] GC(380) Concurrent Scan Root Regions
[106.821s][info][gc,marking     ] GC(380) Concurrent Scan Root Regions 4.012ms
[106.821s][info][gc,marking     ] GC(380) Concurrent Mark
[106.821s][info][gc,marking     ] GC(380) Concurrent Mark From Roots
[106.821s][info][gc,task        ] GC(380) Using 8 workers of 8 for marking
[106.842s][info][gc,marking     ] GC(380) Concurrent Mark From Roots 20.411ms
[106.842s][info][gc,marking     ] GC(380) Concurrent Preclean
[106.842s][info][gc,marking     ] GC(380) Concurrent Preclean 0.479ms
[106.843s][info][gc,start       ] GC(380) Pause Remark
[106.846s][info][gc             ] GC(380) Pause Remark 1647M->1647M(2048M) 2.677ms
[106.846s][info][gc,cpu         ] GC(380) User=0.00s Sys=0.00s Real=0.00s
[106.846s][info][gc,marking     ] GC(380) Concurrent Mark 24.329ms
[106.846s][info][gc,marking     ] GC(380) Concurrent Rebuild Remembered Sets and Scrub Regions
[106.853s][info][gc,marking     ] GC(380) Concurrent Rebuild Remembered Sets and Scrub Regions 6.863ms
[106.853s][info][gc,start       ] GC(380) Pause Cleanup
[106.853s][info][gc             ] GC(380) Pause Cleanup 1743M->1743M(2048M) 0.274ms
[106.853s][info][gc,cpu         ] GC(380) User=0.00s Sys=0.00s Real=0.00s
[106.853s][info][gc,marking     ] GC(380) Concurrent Clear Claimed Marks
[106.853s][info][gc,marking     ] GC(380) Concurrent Clear Claimed Marks 0.180ms
[106.853s][info][gc,marking     ] GC(380) Concurrent Cleanup for Next Mark
[106.857s][info][gc,marking     ] GC(380) Concurrent Cleanup for Next Mark 3.167ms
[106.857s][info][gc             ] GC(380) Concurrent Mark Cycle 39.429ms
[106.869s][info][gc,start       ] GC(381) Pause Young (Prepare Mixed) (G1 Humongous Allocation)
[106.869s][info][gc,task        ] GC(381) Using 33 workers of 33 for evacuation
[106.873s][info][gc,phases      ] GC(381)   Pre Evacuate Collection Set: 0.3ms
[106.873s][info][gc,phases      ] GC(381)   Merge Heap Roots: 0.8ms
[106.873s][info][gc,phases      ] GC(381)   Evacuate Collection Set: 1.1ms
[106.873s][info][gc,phases      ] GC(381)   Post Evacuate Collection Set: 0.8ms
[106.873s][info][gc,phases      ] GC(381)   Other: 0.1ms
[106.873s][info][gc,heap        ] GC(381) Eden regions: 645->0(696)
[106.873s][info][gc,heap        ] GC(381) Survivor regions: 7->7(60)
[106.873s][info][gc,heap        ] GC(381) Old regions: 55->55
[106.873s][info][gc,heap        ] GC(381) Archive regions: 0->0
[106.873s][info][gc,heap        ] GC(381) Humongous regions: 1281->1180
[106.873s][info][gc,metaspace   ] GC(381) Metaspace: 126018K(128128K)->126018K(128128K) NonClass: 106994K(107712K)->106994K(107712K) Class: 19024K(20416K)->19024K(20416K)
[106.873s][info][gc             ] GC(381) Pause Young (Prepare Mixed) (G1 Humongous Allocation) 1985M->1239M(2048M) 3.351ms
[106.873s][info][gc,cpu         ] GC(381) User=0.00s Sys=0.00s Real=0.00s
[106.919s][info][gc,start       ] GC(382) Pause Young (Mixed) (G1 Evacuation Pause)
[106.934s][info][gc,task        ] GC(382) Using 33 workers of 33 for evacuation
[106.938s][info][gc,phases      ] GC(382)   Pre Evacuate Collection Set: 0.3ms
[106.938s][info][gc,phases      ] GC(382)   Merge Heap Roots: 0.3ms
[106.938s][info][gc,phases      ] GC(382)   Evacuate Collection Set: 1.8ms
[106.938s][info][gc,phases      ] GC(382)   Post Evacuate Collection Set: 1.6ms
[106.938s][info][gc,phases      ] GC(382)   Other: 0.1ms
[106.938s][info][gc,heap        ] GC(382) Eden regions: 696->0(619)
[106.938s][info][gc,heap        ] GC(382) Survivor regions: 7->0(0)
[106.938s][info][gc,heap        ] GC(382) Old regions: 55->143
[106.938s][info][gc,heap        ] GC(382) Archive regions: 0->0
[106.938s][info][gc,heap        ] GC(382) Humongous regions: 1290->1183
[106.938s][info][gc,metaspace   ] GC(382) Metaspace: 126034K(128128K)->126034K(128128K) NonClass: 107009K(107712K)->107009K(107712K) Class: 19024K(20416K)->19024K(20416K)
[106.938s][info][gc             ] GC(382) Pause Young (Mixed) (G1 Evacuation Pause) (Evacuation Failure) 2045M->1323M(2048M) 19.237ms
[106.938s][info][gc,cpu         ] GC(382) User=0.00s Sys=0.00s Real=0.02s
[106.942s][info][gc,start       ] GC(383) Pause Young (Concurrent Start) (G1 Humongous Allocation)
[106.942s][info][gc,task        ] GC(383) Using 33 workers of 33 for evacuation
[106.945s][info][gc,phases      ] GC(383)   Pre Evacuate Collection Set: 0.5ms
[106.945s][info][gc,phases      ] GC(383)   Merge Heap Roots: 0.1ms
[106.945s][info][gc,phases      ] GC(383)   Evacuate Collection Set: 1.6ms
[106.945s][info][gc,phases      ] GC(383)   Post Evacuate Collection Set: 0.7ms
[106.945s][info][gc,phases      ] GC(383)   Other: 0.1ms
[106.945s][info][gc,heap        ] GC(383) Eden regions: 57->0(617)
[106.945s][info][gc,heap        ] GC(383) Survivor regions: 0->1(78)
[106.945s][info][gc,heap        ] GC(383) Old regions: 143->143
[106.945s][info][gc,heap        ] GC(383) Archive regions: 0->0
[106.945s][info][gc,heap        ] GC(383) Humongous regions: 1183->1183
[106.945s][info][gc,metaspace   ] GC(383) Metaspace: 126034K(128128K)->126034K(128128K) NonClass: 107009K(107712K)->107009K(107712K) Class: 19024K(20416K)->19024K(20416K)
[106.946s][info][gc             ] GC(383) Pause Young (Concurrent Start) (G1 Humongous Allocation) 1380M->1324M(2048M) 3.315ms
[106.946s][info][gc             ] GC(384) Concurrent Mark Cycle
[106.946s][info][gc,cpu         ] GC(383) User=0.03s Sys=0.00s Real=0.00s
[106.946s][info][gc,marking     ] GC(384) Concurrent Scan Root Regions
[106.948s][info][gc,marking     ] GC(384) Concurrent Scan Root Regions 2.443ms
[106.948s][info][gc,marking     ] GC(384) Concurrent Mark
[106.948s][info][gc,marking     ] GC(384) Concurrent Mark From Roots
[106.948s][info][gc,task        ] GC(384) Using 8 workers of 8 for marking
[106.972s][info][gc,marking     ] GC(384) Concurrent Mark From Roots 23.513ms
[106.972s][info][gc,marking     ] GC(384) Concurrent Preclean
[106.972s][info][gc,marking     ] GC(384) Concurrent Preclean 0.516ms
[106.972s][info][gc,start       ] GC(384) Pause Remark
[106.975s][info][gc             ] GC(384) Pause Remark 1603M->1592M(2048M) 2.803ms
[106.975s][info][gc,cpu         ] GC(384) User=0.06s Sys=0.02s Real=0.00s
[106.975s][info][gc,marking     ] GC(384) Concurrent Mark 27.202ms
[106.975s][info][gc,marking     ] GC(384) Concurrent Rebuild Remembered Sets and Scrub Regions
[106.982s][info][gc,marking     ] GC(384) Concurrent Rebuild Remembered Sets and Scrub Regions 7.084ms
[106.983s][info][gc,start       ] GC(384) Pause Cleanup
[106.984s][info][gc             ] GC(384) Pause Cleanup 1704M->1704M(2048M) 0.614ms
[106.984s][info][gc,cpu         ] GC(384) User=0.00s Sys=0.00s Real=0.00s
[106.984s][info][gc,marking     ] GC(384) Concurrent Clear Claimed Marks
[106.984s][info][gc,marking     ] GC(384) Concurrent Clear Claimed Marks 0.276ms
[106.984s][info][gc,marking     ] GC(384) Concurrent Cleanup for Next Mark
[106.987s][info][gc,marking     ] GC(384) Concurrent Cleanup for Next Mark 2.541ms
[106.987s][info][gc             ] GC(384) Concurrent Mark Cycle 41.114ms
[107.000s][info][gc,start       ] GC(385) Pause Young (Prepare Mixed) (G1 Evacuation Pause)
[107.000s][info][gc,task        ] GC(385) Using 33 workers of 33 for evacuation
[107.003s][info][gc,phases      ] GC(385)   Pre Evacuate Collection Set: 0.3ms
[107.003s][info][gc,phases      ] GC(385)   Merge Heap Roots: 0.8ms
[107.003s][info][gc,phases      ] GC(385)   Evacuate Collection Set: 0.6ms
[107.003s][info][gc,phases      ] GC(385)   Post Evacuate Collection Set: 0.7ms
[107.003s][info][gc,phases      ] GC(385)   Other: 0.1ms
[107.003s][info][gc,heap        ] GC(385) Eden regions: 617->0(576)
[107.003s][info][gc,heap        ] GC(385) Survivor regions: 1->1(49)
[107.003s][info][gc,heap        ] GC(385) Old regions: 132->132
[107.003s][info][gc,heap        ] GC(385) Archive regions: 0->0
[107.003s][info][gc,heap        ] GC(385) Humongous regions: 1249->1235
[107.003s][info][gc,metaspace   ] GC(385) Metaspace: 126034K(128128K)->126034K(128128K) NonClass: 107009K(107712K)->107009K(107712K) Class: 19024K(20416K)->19024K(20416K)
[107.003s][info][gc             ] GC(385) Pause Young (Prepare Mixed) (G1 Evacuation Pause) 1996M->1364M(2048M) 2.800ms
[107.003s][info][gc,cpu         ] GC(385) User=0.00s Sys=0.00s Real=0.00s
[107.031s][info][gc,start       ] GC(386) Pause Young (Mixed) (G1 Humongous Allocation)
[107.032s][info][gc,task        ] GC(386) Using 33 workers of 33 for evacuation
[107.034s][info][gc,phases      ] GC(386)   Pre Evacuate Collection Set: 0.2ms
[107.034s][info][gc,phases      ] GC(386)   Merge Heap Roots: 0.2ms
[107.034s][info][gc,phases      ] GC(386)   Evacuate Collection Set: 1.0ms
[107.034s][info][gc,phases      ] GC(386)   Post Evacuate Collection Set: 0.7ms
[107.034s][info][gc,phases      ] GC(386)   Other: 0.1ms
[107.034s][info][gc,heap        ] GC(386) Eden regions: 481->0(555)
[107.034s][info][gc,heap        ] GC(386) Survivor regions: 1->2(73)
[107.034s][info][gc,heap        ] GC(386) Old regions: 132->121
[107.034s][info][gc,heap        ] GC(386) Archive regions: 0->0
[107.034s][info][gc,heap        ] GC(386) Humongous regions: 1310->1265
[107.034s][info][gc,metaspace   ] GC(386) Metaspace: 126034K(128128K)->126034K(128128K) NonClass: 107009K(107712K)->107009K(107712K) Class: 19024K(20416K)->19024K(20416K)
[107.034s][info][gc             ] GC(386) Pause Young (Mixed) (G1 Humongous Allocation) 1920M->1383M(2048M) 2.470ms
[107.034s][info][gc,cpu         ] GC(386) User=0.00s Sys=0.00s Real=0.00s
[107.035s][info][gc,start       ] GC(387) Pause Young (Concurrent Start) (G1 Humongous Allocation)
[107.035s][info][gc,task        ] GC(387) Using 33 workers of 33 for evacuation
[107.037s][info][gc,phases      ] GC(387)   Pre Evacuate Collection Set: 0.4ms
[107.037s][info][gc,phases      ] GC(387)   Merge Heap Roots: 0.1ms
[107.037s][info][gc,phases      ] GC(387)   Evacuate Collection Set: 1.1ms
[107.037s][info][gc,phases      ] GC(387)   Post Evacuate Collection Set: 0.5ms
[107.037s][info][gc,phases      ] GC(387)   Other: 0.0ms
[107.037s][info][gc,heap        ] GC(387) Eden regions: 6->0(563)
[107.037s][info][gc,heap        ] GC(387) Survivor regions: 2->2(70)
[107.037s][info][gc,heap        ] GC(387) Old regions: 121->121
[107.037s][info][gc,heap        ] GC(387) Archive regions: 0->0
[107.037s][info][gc,heap        ] GC(387) Humongous regions: 1272->1257
[107.037s][info][gc,metaspace   ] GC(387) Metaspace: 126034K(128128K)->126034K(128128K) NonClass: 107009K(107712K)->107009K(107712K) Class: 19024K(20416K)->19024K(20416K)
[107.037s][info][gc             ] GC(387) Pause Young (Concurrent Start) (G1 Humongous Allocation) 1396M->1375M(2048M) 2.225ms
[107.037s][info][gc             ] GC(388) Concurrent Mark Cycle
[107.037s][info][gc,cpu         ] GC(387) User=0.00s Sys=0.00s Real=0.00s
[107.037s][info][gc,marking     ] GC(388) Concurrent Scan Root Regions
[107.040s][info][gc,marking     ] GC(388) Concurrent Scan Root Regions 2.309ms
[107.040s][info][gc,marking     ] GC(388) Concurrent Mark
[107.040s][info][gc,marking     ] GC(388) Concurrent Mark From Roots
[107.040s][info][gc,task        ] GC(388) Using 8 workers of 8 for marking
[107.060s][info][gc,marking     ] GC(388) Concurrent Mark From Roots 20.524ms
[107.060s][info][gc,marking     ] GC(388) Concurrent Preclean
[107.061s][info][gc,marking     ] GC(388) Concurrent Preclean 0.577ms
[107.061s][info][gc,start       ] GC(388) Pause Remark
[107.064s][info][gc             ] GC(388) Pause Remark 1736M->1719M(2048M) 2.843ms
[107.064s][info][gc,cpu         ] GC(388) User=0.00s Sys=0.00s Real=0.00s
[107.064s][info][gc,marking     ] GC(388) Concurrent Mark 24.316ms
[107.064s][info][gc,marking     ] GC(388) Concurrent Rebuild Remembered Sets and Scrub Regions
[107.072s][info][gc,marking     ] GC(388) Concurrent Rebuild Remembered Sets and Scrub Regions 7.686ms
[107.072s][info][gc,start       ] GC(388) Pause Cleanup
[107.073s][info][gc             ] GC(388) Pause Cleanup 1838M->1838M(2048M) 0.473ms
[107.073s][info][gc,cpu         ] GC(388) User=0.00s Sys=0.00s Real=0.00s
[107.073s][info][gc,marking     ] GC(388) Concurrent Clear Claimed Marks
[107.073s][info][gc,marking     ] GC(388) Concurrent Clear Claimed Marks 0.241ms
[107.073s][info][gc,marking     ] GC(388) Concurrent Cleanup for Next Mark
[107.075s][info][gc,marking     ] GC(388) Concurrent Cleanup for Next Mark 2.422ms
[107.076s][info][gc             ] GC(388) Concurrent Mark Cycle 38.365ms
[107.081s][info][gc,start       ] GC(389) Pause Young (Prepare Mixed) (G1 Humongous Allocation)
[107.081s][info][gc,task        ] GC(389) Using 33 workers of 33 for evacuation
[107.084s][info][gc,phases      ] GC(389)   Pre Evacuate Collection Set: 0.2ms
[107.084s][info][gc,phases      ] GC(389)   Merge Heap Roots: 0.8ms
[107.084s][info][gc,phases      ] GC(389)   Evacuate Collection Set: 0.8ms
[107.084s][info][gc,phases      ] GC(389)   Post Evacuate Collection Set: 0.8ms
[107.084s][info][gc,phases      ] GC(389)   Other: 0.1ms
[107.084s][info][gc,heap        ] GC(389) Eden regions: 519->0(566)
[107.084s][info][gc,heap        ] GC(389) Survivor regions: 2->2(71)
[107.084s][info][gc,heap        ] GC(389) Old regions: 116->116
[107.084s][info][gc,heap        ] GC(389) Archive regions: 0->0
[107.084s][info][gc,heap        ] GC(389) Humongous regions: 1328->1259
[107.084s][info][gc,metaspace   ] GC(389) Metaspace: 126034K(128128K)->126034K(128128K) NonClass: 107009K(107712K)->107009K(107712K) Class: 19024K(20416K)->19024K(20416K)
[107.084s][info][gc             ] GC(389) Pause Young (Prepare Mixed) (G1 Humongous Allocation) 1960M->1373M(2048M) 2.920ms
[107.084s][info][gc,cpu         ] GC(389) User=0.00s Sys=0.00s Real=0.00s
[107.119s][info][gc,start       ] GC(390) Pause Young (Mixed) (G1 Evacuation Pause)
[107.119s][info][gc,task        ] GC(390) Using 33 workers of 33 for evacuation
[107.122s][info][gc,phases      ] GC(390)   Pre Evacuate Collection Set: 0.3ms
[107.122s][info][gc,phases      ] GC(390)   Merge Heap Roots: 0.3ms
[107.122s][info][gc,phases      ] GC(390)   Evacuate Collection Set: 1.0ms
[107.122s][info][gc,phases      ] GC(390)   Post Evacuate Collection Set: 0.8ms
[107.122s][info][gc,phases      ] GC(390)   Other: 0.1ms
[107.122s][info][gc,heap        ] GC(390) Eden regions: 566->0(562)
[107.122s][info][gc,heap        ] GC(390) Survivor regions: 2->2(43)
[107.122s][info][gc,heap        ] GC(390) Old regions: 116->106
[107.122s][info][gc,heap        ] GC(390) Archive regions: 0->0
[107.122s][info][gc,heap        ] GC(390) Humongous regions: 1321->1273
[107.122s][info][gc,metaspace   ] GC(390) Metaspace: 126042K(128128K)->126042K(128128K) NonClass: 107017K(107712K)->107017K(107712K) Class: 19024K(20416K)->19024K(20416K)
[107.122s][info][gc             ] GC(390) Pause Young (Mixed) (G1 Evacuation Pause) 2001M->1377M(2048M) 2.712ms
[107.122s][info][gc,cpu         ] GC(390) User=0.00s Sys=0.00s Real=0.00s
[107.122s][info][gc,start       ] GC(391) Pause Young (Concurrent Start) (G1 Humongous Allocation)
[107.122s][info][gc,task        ] GC(391) Using 33 workers of 33 for evacuation
[107.125s][info][gc,phases      ] GC(391)   Pre Evacuate Collection Set: 0.4ms
[107.125s][info][gc,phases      ] GC(391)   Merge Heap Roots: 0.1ms
[107.125s][info][gc,phases      ] GC(391)   Evacuate Collection Set: 1.9ms
[107.125s][info][gc,phases      ] GC(391)   Post Evacuate Collection Set: 0.5ms
[107.125s][info][gc,phases      ] GC(391)   Other: 0.0ms
[107.125s][info][gc,heap        ] GC(391) Eden regions: 7->0(562)
[107.125s][info][gc,heap        ] GC(391) Survivor regions: 2->2(71)
[107.125s][info][gc,heap        ] GC(391) Old regions: 106->106
[107.125s][info][gc,heap        ] GC(391) Archive regions: 0->0
[107.125s][info][gc,heap        ] GC(391) Humongous regions: 1273->1273
[107.125s][info][gc,metaspace   ] GC(391) Metaspace: 126042K(128128K)->126042K(128128K) NonClass: 107017K(107712K)->107017K(107712K) Class: 19024K(20416K)->19024K(20416K)
[107.125s][info][gc             ] GC(391) Pause Young (Concurrent Start) (G1 Humongous Allocation) 1383M->1377M(2048M) 3.159ms
[107.125s][info][gc             ] GC(392) Concurrent Mark Cycle
[107.126s][info][gc,cpu         ] GC(391) User=0.00s Sys=0.00s Real=0.00s
[107.126s][info][gc,marking     ] GC(392) Concurrent Scan Root Regions
[107.128s][info][gc,marking     ] GC(392) Concurrent Scan Root Regions 2.194ms
[107.128s][info][gc,marking     ] GC(392) Concurrent Mark
[107.128s][info][gc,marking     ] GC(392) Concurrent Mark From Roots
[107.128s][info][gc,task        ] GC(392) Using 8 workers of 8 for marking
[107.145s][info][gc,marking     ] GC(392) Concurrent Mark From Roots 17.018ms
[107.145s][info][gc,marking     ] GC(392) Concurrent Preclean
[107.145s][info][gc,marking     ] GC(392) Concurrent Preclean 0.337ms
[107.145s][info][gc,start       ] GC(392) Pause Remark
[107.148s][info][gc             ] GC(392) Pause Remark 1629M->1611M(2048M) 2.736ms
[107.148s][info][gc,cpu         ] GC(392) User=0.45s Sys=0.00s Real=0.00s
[107.148s][info][gc,marking     ] GC(392) Concurrent Mark 20.439ms
[107.148s][info][gc,marking     ] GC(392) Concurrent Rebuild Remembered Sets and Scrub Regions
[107.155s][info][gc,marking     ] GC(392) Concurrent Rebuild Remembered Sets and Scrub Regions 6.974ms
[107.155s][info][gc,start       ] GC(392) Pause Cleanup
[107.156s][info][gc             ] GC(392) Pause Cleanup 1721M->1721M(2048M) 0.462ms
[107.156s][info][gc,cpu         ] GC(392) User=0.00s Sys=0.00s Real=0.00s
[107.156s][info][gc,marking     ] GC(392) Concurrent Clear Claimed Marks
[107.156s][info][gc,marking     ] GC(392) Concurrent Clear Claimed Marks 0.208ms
[107.156s][info][gc,marking     ] GC(392) Concurrent Cleanup for Next Mark
[107.159s][info][gc,marking     ] GC(392) Concurrent Cleanup for Next Mark 2.456ms
[107.159s][info][gc             ] GC(392) Concurrent Mark Cycle 33.212ms
[107.171s][info][gc,start       ] GC(393) Pause Young (Prepare Mixed) (G1 Humongous Allocation)
[107.171s][info][gc,task        ] GC(393) Using 33 workers of 33 for evacuation
[107.174s][info][gc,phases      ] GC(393)   Pre Evacuate Collection Set: 0.3ms
[107.174s][info][gc,phases      ] GC(393)   Merge Heap Roots: 0.8ms
[107.174s][info][gc,phases      ] GC(393)   Evacuate Collection Set: 0.7ms
[107.174s][info][gc,phases      ] GC(393)   Post Evacuate Collection Set: 0.7ms
[107.174s][info][gc,phases      ] GC(393)   Other: 0.2ms
[107.174s][info][gc,heap        ] GC(393) Eden regions: 547->0(598)
[107.174s][info][gc,heap        ] GC(393) Survivor regions: 2->2(71)
[107.174s][info][gc,heap        ] GC(393) Old regions: 100->100
[107.174s][info][gc,heap        ] GC(393) Archive regions: 0->0
[107.174s][info][gc,heap        ] GC(393) Humongous regions: 1319->1243
[107.174s][info][gc,metaspace   ] GC(393) Metaspace: 126042K(128128K)->126042K(128128K) NonClass: 107017K(107712K)->107017K(107712K) Class: 19024K(20416K)->19024K(20416K)
[107.174s][info][gc             ] GC(393) Pause Young (Prepare Mixed) (G1 Humongous Allocation) 1964M->1341M(2048M) 2.913ms
[107.174s][info][gc,cpu         ] GC(393) User=0.00s Sys=0.00s Real=0.00s
[107.209s][info][gc,start       ] GC(394) Pause Young (Mixed) (G1 Humongous Allocation)
[107.209s][info][gc,task        ] GC(394) Using 33 workers of 33 for evacuation
[107.212s][info][gc,phases      ] GC(394)   Pre Evacuate Collection Set: 0.3ms
[107.212s][info][gc,phases      ] GC(394)   Merge Heap Roots: 0.3ms
[107.212s][info][gc,phases      ] GC(394)   Evacuate Collection Set: 1.1ms
[107.212s][info][gc,phases      ] GC(394)   Post Evacuate Collection Set: 0.9ms
[107.212s][info][gc,phases      ] GC(394)   Other: 0.1ms
[107.212s][info][gc,heap        ] GC(394) Eden regions: 540->0(586)
[107.212s][info][gc,heap        ] GC(394) Survivor regions: 2->3(74)
[107.212s][info][gc,heap        ] GC(394) Old regions: 100->92
[107.212s][info][gc,heap        ] GC(394) Archive regions: 0->0
[107.212s][info][gc,heap        ] GC(394) Humongous regions: 1332->1261
[107.212s][info][gc,metaspace   ] GC(394) Metaspace: 126048K(128128K)->126048K(128128K) NonClass: 107023K(107712K)->107023K(107712K) Class: 19024K(20416K)->19024K(20416K)
[107.212s][info][gc             ] GC(394) Pause Young (Mixed) (G1 Humongous Allocation) 1970M->1351M(2048M) 2.977ms
[107.212s][info][gc,cpu         ] GC(394) User=0.00s Sys=0.00s Real=0.00s
[107.213s][info][gc,start       ] GC(395) Pause Young (Concurrent Start) (G1 Humongous Allocation)
[107.213s][info][gc,task        ] GC(395) Using 33 workers of 33 for evacuation
[107.215s][info][gc,phases      ] GC(395)   Pre Evacuate Collection Set: 0.3ms
[107.215s][info][gc,phases      ] GC(395)   Merge Heap Roots: 0.1ms
[107.215s][info][gc,phases      ] GC(395)   Evacuate Collection Set: 1.2ms
[107.215s][info][gc,phases      ] GC(395)   Post Evacuate Collection Set: 0.5ms
[107.215s][info][gc,phases      ] GC(395)   Other: 0.1ms
[107.215s][info][gc,heap        ] GC(395) Eden regions: 6->0(589)
[107.215s][info][gc,heap        ] GC(395) Survivor regions: 3->3(74)
[107.215s][info][gc,heap        ] GC(395) Old regions: 92->92
[107.215s][info][gc,heap        ] GC(395) Archive regions: 0->0
[107.215s][info][gc,heap        ] GC(395) Humongous regions: 1265->1258
[107.215s][info][gc,metaspace   ] GC(395) Metaspace: 126048K(128128K)->126048K(128128K) NonClass: 107023K(107712K)->107023K(107712K) Class: 19024K(20416K)->19024K(20416K)
[107.215s][info][gc             ] GC(395) Pause Young (Concurrent Start) (G1 Humongous Allocation) 1360M->1348M(2048M) 2.495ms
[107.215s][info][gc             ] GC(396) Concurrent Mark Cycle
[107.215s][info][gc,cpu         ] GC(395) User=0.16s Sys=0.02s Real=0.01s
[107.215s][info][gc,marking     ] GC(396) Concurrent Scan Root Regions
[107.221s][info][gc,marking     ] GC(396) Concurrent Scan Root Regions 5.518ms
[107.221s][info][gc,marking     ] GC(396) Concurrent Mark
[107.221s][info][gc,marking     ] GC(396) Concurrent Mark From Roots
[107.221s][info][gc,task        ] GC(396) Using 8 workers of 8 for marking
[107.243s][info][gc,marking     ] GC(396) Concurrent Mark From Roots 21.569ms
[107.243s][info][gc,marking     ] GC(396) Concurrent Preclean
[107.243s][info][gc,marking     ] GC(396) Concurrent Preclean 0.836ms
[107.244s][info][gc,start       ] GC(396) Pause Remark
[107.247s][info][gc             ] GC(396) Pause Remark 1816M->1816M(2048M) 2.754ms
[107.247s][info][gc,cpu         ] GC(396) User=0.00s Sys=0.02s Real=0.01s
[107.247s][info][gc,marking     ] GC(396) Concurrent Mark 26.032ms
[107.247s][info][gc,marking     ] GC(396) Concurrent Rebuild Remembered Sets and Scrub Regions
[107.254s][info][gc,marking     ] GC(396) Concurrent Rebuild Remembered Sets and Scrub Regions 6.688ms
[107.254s][info][gc,start       ] GC(396) Pause Cleanup
[107.255s][info][gc             ] GC(396) Pause Cleanup 1926M->1926M(2048M) 0.414ms
[107.255s][info][gc,cpu         ] GC(396) User=0.00s Sys=0.00s Real=0.00s
[107.255s][info][gc,marking     ] GC(396) Concurrent Clear Claimed Marks
[107.255s][info][gc,marking     ] GC(396) Concurrent Clear Claimed Marks 0.178ms
[107.255s][info][gc,marking     ] GC(396) Concurrent Cleanup for Next Mark
[107.257s][info][gc,start       ] GC(397) Pause Young (Prepare Mixed) (G1 Humongous Allocation)
[107.257s][info][gc,task        ] GC(397) Using 33 workers of 33 for evacuation
[107.260s][info][gc,phases      ] GC(397)   Pre Evacuate Collection Set: 0.2ms
[107.260s][info][gc,phases      ] GC(397)   Merge Heap Roots: 0.8ms
[107.260s][info][gc,phases      ] GC(397)   Evacuate Collection Set: 0.7ms
[107.260s][info][gc,phases      ] GC(397)   Post Evacuate Collection Set: 0.7ms
[107.260s][info][gc,phases      ] GC(397)   Other: 0.1ms
[107.260s][info][gc,heap        ] GC(397) Eden regions: 530->0(575)
[107.260s][info][gc,heap        ] GC(397) Survivor regions: 3->2(74)
[107.260s][info][gc,heap        ] GC(397) Old regions: 91->91
[107.260s][info][gc,heap        ] GC(397) Archive regions: 0->0
[107.260s][info][gc,heap        ] GC(397) Humongous regions: 1325->1275
[107.260s][info][gc,metaspace   ] GC(397) Metaspace: 126048K(128128K)->126048K(128128K) NonClass: 107023K(107712K)->107023K(107712K) Class: 19024K(20416K)->19024K(20416K)
[107.260s][info][gc             ] GC(397) Pause Young (Prepare Mixed) (G1 Humongous Allocation) 1945M->1364M(2048M) 2.736ms
[107.260s][info][gc,cpu         ] GC(397) User=0.00s Sys=0.00s Real=0.00s
[107.260s][info][gc,marking     ] GC(396) Concurrent Cleanup for Next Mark 5.164ms
[107.260s][info][gc             ] GC(396) Concurrent Mark Cycle 44.972ms
[107.292s][info][gc,start       ] GC(398) Pause Young (Mixed) (G1 Humongous Allocation)
[107.292s][info][gc,task        ] GC(398) Using 33 workers of 33 for evacuation
[107.294s][info][gc,phases      ] GC(398)   Pre Evacuate Collection Set: 0.3ms
[107.294s][info][gc,phases      ] GC(398)   Merge Heap Roots: 0.3ms
[107.294s][info][gc,phases      ] GC(398)   Evacuate Collection Set: 1.1ms
[107.294s][info][gc,phases      ] GC(398)   Post Evacuate Collection Set: 0.7ms
[107.294s][info][gc,phases      ] GC(398)   Other: 0.2ms
[107.294s][info][gc,heap        ] GC(398) Eden regions: 514->0(574)
[107.294s][info][gc,heap        ] GC(398) Survivor regions: 2->2(73)
[107.294s][info][gc,heap        ] GC(398) Old regions: 91->84
[107.294s][info][gc,heap        ] GC(398) Archive regions: 0->0
[107.295s][info][gc,heap        ] GC(398) Humongous regions: 1343->1283
[107.295s][info][gc,metaspace   ] GC(398) Metaspace: 126048K(128128K)->126048K(128128K) NonClass: 107023K(107712K)->107023K(107712K) Class: 19024K(20416K)->19024K(20416K)
[107.295s][info][gc             ] GC(398) Pause Young (Mixed) (G1 Humongous Allocation) 1946M->1365M(2048M) 3.020ms
[107.295s][info][gc,cpu         ] GC(398) User=0.00s Sys=0.00s Real=0.00s
[107.296s][info][gc,start       ] GC(399) Pause Young (Concurrent Start) (G1 Humongous Allocation)
[107.296s][info][gc,task        ] GC(399) Using 33 workers of 33 for evacuation
[107.299s][info][gc,phases      ] GC(399)   Pre Evacuate Collection Set: 0.4ms
[107.299s][info][gc,phases      ] GC(399)   Merge Heap Roots: 0.1ms
[107.299s][info][gc,phases      ] GC(399)   Evacuate Collection Set: 1.1ms
[107.299s][info][gc,phases      ] GC(399)   Post Evacuate Collection Set: 0.7ms
[107.299s][info][gc,phases      ] GC(399)   Other: 0.1ms
[107.299s][info][gc,heap        ] GC(399) Eden regions: 22->0(570)
[107.299s][info][gc,heap        ] GC(399) Survivor regions: 2->2(72)
[107.299s][info][gc,heap        ] GC(399) Old regions: 84->84
[107.299s][info][gc,heap        ] GC(399) Archive regions: 0->0
[107.299s][info][gc,heap        ] GC(399) Humongous regions: 1287->1287
[107.299s][info][gc,metaspace   ] GC(399) Metaspace: 126048K(128128K)->126048K(128128K) NonClass: 107023K(107712K)->107023K(107712K) Class: 19024K(20416K)->19024K(20416K)
[107.299s][info][gc             ] GC(399) Pause Young (Concurrent Start) (G1 Humongous Allocation) 1391M->1369M(2048M) 2.857ms
[107.299s][info][gc             ] GC(400) Concurrent Mark Cycle
[107.299s][info][gc,cpu         ] GC(399) User=0.00s Sys=0.00s Real=0.00s
[107.299s][info][gc,marking     ] GC(400) Concurrent Scan Root Regions
[107.302s][info][gc,marking     ] GC(400) Concurrent Scan Root Regions 2.392ms
[107.302s][info][gc,marking     ] GC(400) Concurrent Mark
[107.302s][info][gc,marking     ] GC(400) Concurrent Mark From Roots
[107.302s][info][gc,task        ] GC(400) Using 8 workers of 8 for marking
[107.322s][info][gc,marking     ] GC(400) Concurrent Mark From Roots 20.566ms
[107.322s][info][gc,marking     ] GC(400) Concurrent Preclean
[107.323s][info][gc,marking     ] GC(400) Concurrent Preclean 0.443ms
[107.323s][info][gc,start       ] GC(400) Pause Remark
[107.326s][info][gc             ] GC(400) Pause Remark 1679M->1679M(2048M) 2.695ms
[107.326s][info][gc,cpu         ] GC(400) User=0.00s Sys=0.00s Real=0.00s
[107.326s][info][gc,marking     ] GC(400) Concurrent Mark 24.102ms
[107.326s][info][gc,marking     ] GC(400) Concurrent Rebuild Remembered Sets and Scrub Regions
[107.332s][info][gc,marking     ] GC(400) Concurrent Rebuild Remembered Sets and Scrub Regions 6.422ms
[107.333s][info][gc,start       ] GC(400) Pause Cleanup
[107.333s][info][gc             ] GC(400) Pause Cleanup 1775M->1775M(2048M) 0.458ms
[107.333s][info][gc,cpu         ] GC(400) User=0.00s Sys=0.00s Real=0.00s
[107.333s][info][gc,marking     ] GC(400) Concurrent Clear Claimed Marks
[107.333s][info][gc,marking     ] GC(400) Concurrent Clear Claimed Marks 0.199ms
[107.334s][info][gc,marking     ] GC(400) Concurrent Cleanup for Next Mark
[107.336s][info][gc,marking     ] GC(400) Concurrent Cleanup for Next Mark 2.155ms
[107.336s][info][gc             ] GC(400) Concurrent Mark Cycle 36.414ms
[107.354s][info][gc,start       ] GC(401) Pause Young (Prepare Mixed) (G1 Evacuation Pause)
[107.354s][info][gc,task        ] GC(401) Using 33 workers of 33 for evacuation
[107.357s][info][gc,phases      ] GC(401)   Pre Evacuate Collection Set: 0.3ms
[107.357s][info][gc,phases      ] GC(401)   Merge Heap Roots: 0.8ms
[107.357s][info][gc,phases      ] GC(401)   Evacuate Collection Set: 0.7ms
[107.357s][info][gc,phases      ] GC(401)   Post Evacuate Collection Set: 0.8ms
[107.357s][info][gc,phases      ] GC(401)   Other: 0.1ms
[107.357s][info][gc,heap        ] GC(401) Eden regions: 570->0(583)
[107.357s][info][gc,heap        ] GC(401) Survivor regions: 2->2(3)
[107.357s][info][gc,heap        ] GC(401) Old regions: 84->84
[107.357s][info][gc,heap        ] GC(401) Archive regions: 0->0
[107.357s][info][gc,heap        ] GC(401) Humongous regions: 1389->1274
[107.357s][info][gc,metaspace   ] GC(401) Metaspace: 126060K(128128K)->126060K(128128K) NonClass: 107036K(107712K)->107036K(107712K) Class: 19024K(20416K)->19024K(20416K)
[107.357s][info][gc             ] GC(401) Pause Young (Prepare Mixed) (G1 Evacuation Pause) 2041M->1357M(2048M) 2.849ms
[107.357s][info][gc,cpu         ] GC(401) User=0.00s Sys=0.00s Real=0.00s
[107.397s][info][gc,start       ] GC(402) Pause Young (Mixed) (G1 Evacuation Pause)
[107.397s][info][gc,task        ] GC(402) Using 33 workers of 33 for evacuation
[107.400s][info][gc,phases      ] GC(402)   Pre Evacuate Collection Set: 0.3ms
[107.400s][info][gc,phases      ] GC(402)   Merge Heap Roots: 0.3ms
[107.400s][info][gc,phases      ] GC(402)   Evacuate Collection Set: 1.3ms
[107.400s][info][gc,phases      ] GC(402)   Post Evacuate Collection Set: 0.7ms
[107.400s][info][gc,phases      ] GC(402)   Other: 0.1ms
[107.400s][info][gc,heap        ] GC(402) Eden regions: 583->0(581)
[107.400s][info][gc,heap        ] GC(402) Survivor regions: 2->2(74)
[107.400s][info][gc,heap        ] GC(402) Old regions: 84->78
[107.400s][info][gc,heap        ] GC(402) Archive regions: 0->0
[107.400s][info][gc,heap        ] GC(402) Humongous regions: 1303->1282
[107.400s][info][gc,metaspace   ] GC(402) Metaspace: 126062K(128128K)->126062K(128128K) NonClass: 107037K(107712K)->107037K(107712K) Class: 19024K(20416K)->19024K(20416K)
[107.400s][info][gc             ] GC(402) Pause Young (Mixed) (G1 Evacuation Pause) 1969M->1358M(2048M) 2.987ms
[107.400s][info][gc,cpu         ] GC(402) User=0.00s Sys=0.00s Real=0.00s
[107.411s][info][gc,start       ] GC(403) Pause Young (Concurrent Start) (G1 Humongous Allocation)
[107.411s][info][gc,task        ] GC(403) Using 33 workers of 33 for evacuation
[107.414s][info][gc,phases      ] GC(403)   Pre Evacuate Collection Set: 0.4ms
[107.414s][info][gc,phases      ] GC(403)   Merge Heap Roots: 0.1ms
[107.414s][info][gc,phases      ] GC(403)   Evacuate Collection Set: 1.9ms
[107.414s][info][gc,phases      ] GC(403)   Post Evacuate Collection Set: 0.6ms
[107.414s][info][gc,phases      ] GC(403)   Other: 0.0ms
[107.414s][info][gc,heap        ] GC(403) Eden regions: 141->0(581)
[107.414s][info][gc,heap        ] GC(403) Survivor regions: 2->2(73)
[107.414s][info][gc,heap        ] GC(403) Old regions: 78->78
[107.414s][info][gc,heap        ] GC(403) Archive regions: 0->0
[107.414s][info][gc,heap        ] GC(403) Humongous regions: 1282->1282
[107.414s][info][gc,metaspace   ] GC(403) Metaspace: 126062K(128128K)->126062K(128128K) NonClass: 107037K(107712K)->107037K(107712K) Class: 19024K(20416K)->19024K(20416K)
[107.414s][info][gc             ] GC(403) Pause Young (Concurrent Start) (G1 Humongous Allocation) 1499M->1358M(2048M) 3.320ms
[107.414s][info][gc             ] GC(404) Concurrent Mark Cycle
[107.414s][info][gc,cpu         ] GC(403) User=0.00s Sys=0.00s Real=0.00s
[107.414s][info][gc,marking     ] GC(404) Concurrent Scan Root Regions
[107.418s][info][gc,marking     ] GC(404) Concurrent Scan Root Regions 3.381ms
[107.418s][info][gc,marking     ] GC(404) Concurrent Mark
[107.418s][info][gc,marking     ] GC(404) Concurrent Mark From Roots
[107.418s][info][gc,task        ] GC(404) Using 8 workers of 8 for marking
[107.435s][info][gc,marking     ] GC(404) Concurrent Mark From Roots 17.069ms
[107.435s][info][gc,marking     ] GC(404) Concurrent Preclean
[107.435s][info][gc,marking     ] GC(404) Concurrent Preclean 0.414ms
[107.435s][info][gc,start       ] GC(404) Pause Remark
[107.438s][info][gc             ] GC(404) Pause Remark 1626M->1626M(2048M) 2.718ms
[107.438s][info][gc,cpu         ] GC(404) User=0.00s Sys=0.00s Real=0.00s
[107.438s][info][gc,marking     ] GC(404) Concurrent Mark 20.553ms
[107.438s][info][gc,marking     ] GC(404) Concurrent Rebuild Remembered Sets and Scrub Regions
[107.445s][info][gc,marking     ] GC(404) Concurrent Rebuild Remembered Sets and Scrub Regions 6.224ms
[107.445s][info][gc,start       ] GC(404) Pause Cleanup
[107.445s][info][gc             ] GC(404) Pause Cleanup 1707M->1707M(2048M) 0.390ms
[107.445s][info][gc,cpu         ] GC(404) User=0.00s Sys=0.00s Real=0.00s
[107.445s][info][gc,marking     ] GC(404) Concurrent Clear Claimed Marks
[107.445s][info][gc,marking     ] GC(404) Concurrent Clear Claimed Marks 0.181ms
[107.445s][info][gc,marking     ] GC(404) Concurrent Cleanup for Next Mark
[107.448s][info][gc,marking     ] GC(404) Concurrent Cleanup for Next Mark 2.220ms
[107.448s][info][gc             ] GC(404) Concurrent Mark Cycle 33.485ms
[107.462s][info][gc,start       ] GC(405) Pause Young (Prepare Mixed) (G1 Evacuation Pause)
[107.462s][info][gc,task        ] GC(405) Using 33 workers of 33 for evacuation
[107.465s][info][gc,phases      ] GC(405)   Pre Evacuate Collection Set: 0.3ms
[107.465s][info][gc,phases      ] GC(405)   Merge Heap Roots: 0.8ms
[107.465s][info][gc,phases      ] GC(405)   Evacuate Collection Set: 0.6ms
[107.465s][info][gc,phases      ] GC(405)   Post Evacuate Collection Set: 0.7ms
[107.465s][info][gc,phases      ] GC(405)   Other: 0.2ms
[107.465s][info][gc,heap        ] GC(405) Eden regions: 581->0(580)
[107.465s][info][gc,heap        ] GC(405) Survivor regions: 2->2(73)
[107.465s][info][gc,heap        ] GC(405) Old regions: 78->78
[107.465s][info][gc,heap        ] GC(405) Archive regions: 0->0
[107.465s][info][gc,heap        ] GC(405) Humongous regions: 1308->1283
[107.465s][info][gc,metaspace   ] GC(405) Metaspace: 126062K(128128K)->126062K(128128K) NonClass: 107037K(107712K)->107037K(107712K) Class: 19024K(20416K)->19024K(20416K)
[107.465s][info][gc             ] GC(405) Pause Young (Prepare Mixed) (G1 Evacuation Pause) 1965M->1359M(2048M) 2.796ms
[107.465s][info][gc,cpu         ] GC(405) User=0.00s Sys=0.00s Real=0.00s
[107.503s][info][gc,start       ] GC(406) Pause Young (Mixed) (G1 Evacuation Pause)
[107.503s][info][gc,task        ] GC(406) Using 33 workers of 33 for evacuation
[107.505s][info][gc,phases      ] GC(406)   Pre Evacuate Collection Set: 0.3ms
[107.505s][info][gc,phases      ] GC(406)   Merge Heap Roots: 0.3ms
[107.505s][info][gc,phases      ] GC(406)   Evacuate Collection Set: 1.1ms
[107.505s][info][gc,phases      ] GC(406)   Post Evacuate Collection Set: 0.8ms
[107.505s][info][gc,phases      ] GC(406)   Other: 0.2ms
[107.505s][info][gc,heap        ] GC(406) Eden regions: 580->0(596)
[107.505s][info][gc,heap        ] GC(406) Survivor regions: 2->2(73)
[107.505s][info][gc,heap        ] GC(406) Old regions: 78->73
[107.506s][info][gc,heap        ] GC(406) Archive regions: 0->0
[107.506s][info][gc,heap        ] GC(406) Humongous regions: 1306->1272
[107.506s][info][gc,metaspace   ] GC(406) Metaspace: 126062K(128128K)->126062K(128128K) NonClass: 107037K(107712K)->107037K(107712K) Class: 19024K(20416K)->19024K(20416K)
[107.506s][info][gc             ] GC(406) Pause Young (Mixed) (G1 Evacuation Pause) 1962M->1344M(2048M) 2.938ms
[107.506s][info][gc,cpu         ] GC(406) User=0.00s Sys=0.00s Real=0.00s
[107.507s][info][gc,start       ] GC(407) Pause Young (Concurrent Start) (G1 Humongous Allocation)
[107.507s][info][gc,task        ] GC(407) Using 33 workers of 33 for evacuation
[107.510s][info][gc,phases      ] GC(407)   Pre Evacuate Collection Set: 0.4ms
[107.510s][info][gc,phases      ] GC(407)   Merge Heap Roots: 0.1ms
[107.510s][info][gc,phases      ] GC(407)   Evacuate Collection Set: 1.8ms
[107.510s][info][gc,phases      ] GC(407)   Post Evacuate Collection Set: 0.5ms
[107.510s][info][gc,phases      ] GC(407)   Other: 0.0ms
[107.510s][info][gc,heap        ] GC(407) Eden regions: 30->0(596)
[107.510s][info][gc,heap        ] GC(407) Survivor regions: 2->2(75)
[107.510s][info][gc,heap        ] GC(407) Old regions: 73->73
[107.511s][info][gc,heap        ] GC(407) Archive regions: 0->0
[107.511s][info][gc,heap        ] GC(407) Humongous regions: 1272->1272
[107.511s][info][gc,metaspace   ] GC(407) Metaspace: 126062K(128128K)->126062K(128128K) NonClass: 107037K(107712K)->107037K(107712K) Class: 19024K(20416K)->19024K(20416K)
[107.511s][info][gc             ] GC(407) Pause Young (Concurrent Start) (G1 Humongous Allocation) 1374M->1344M(2048M) 3.173ms
[107.511s][info][gc             ] GC(408) Concurrent Mark Cycle
[107.511s][info][gc,cpu         ] GC(407) User=0.52s Sys=0.00s Real=0.02s
[107.511s][info][gc,marking     ] GC(408) Concurrent Scan Root Regions
[107.514s][info][gc,marking     ] GC(408) Concurrent Scan Root Regions 2.865ms
[107.514s][info][gc,marking     ] GC(408) Concurrent Mark
[107.514s][info][gc,marking     ] GC(408) Concurrent Mark From Roots
[107.514s][info][gc,task        ] GC(408) Using 8 workers of 8 for marking
[107.531s][info][gc,marking     ] GC(408) Concurrent Mark From Roots 17.306ms
[107.531s][info][gc,marking     ] GC(408) Concurrent Preclean
[107.531s][info][gc,marking     ] GC(408) Concurrent Preclean 0.412ms
[107.532s][info][gc,start       ] GC(408) Pause Remark
[107.534s][info][gc             ] GC(408) Pause Remark 1584M->1584M(2048M) 2.670ms
[107.534s][info][gc,cpu         ] GC(408) User=0.00s Sys=0.00s Real=0.00s
[107.534s][info][gc,marking     ] GC(408) Concurrent Mark 20.831ms
[107.534s][info][gc,marking     ] GC(408) Concurrent Rebuild Remembered Sets and Scrub Regions
[107.540s][info][gc,marking     ] GC(408) Concurrent Rebuild Remembered Sets and Scrub Regions 6.083ms
[107.541s][info][gc,start       ] GC(408) Pause Cleanup
[107.541s][info][gc             ] GC(408) Pause Cleanup 1660M->1660M(2048M) 0.358ms
[107.541s][info][gc,cpu         ] GC(408) User=0.00s Sys=0.00s Real=0.00s
[107.541s][info][gc,marking     ] GC(408) Concurrent Clear Claimed Marks
[107.541s][info][gc,marking     ] GC(408) Concurrent Clear Claimed Marks 0.158ms
[107.541s][info][gc,marking     ] GC(408) Concurrent Cleanup for Next Mark
[107.543s][info][gc,marking     ] GC(408) Concurrent Cleanup for Next Mark 2.191ms
[107.543s][info][gc             ] GC(408) Concurrent Mark Cycle 32.849ms
[107.560s][info][gc,start       ] GC(409) Pause Young (Prepare Mixed) (G1 Evacuation Pause)
[107.560s][info][gc,task        ] GC(409) Using 33 workers of 33 for evacuation
[107.563s][info][gc,phases      ] GC(409)   Pre Evacuate Collection Set: 0.3ms
[107.563s][info][gc,phases      ] GC(409)   Merge Heap Roots: 0.8ms
[107.563s][info][gc,phases      ] GC(409)   Evacuate Collection Set: 0.7ms
[107.563s][info][gc,phases      ] GC(409)   Post Evacuate Collection Set: 0.8ms
[107.563s][info][gc,phases      ] GC(409)   Other: 0.1ms
[107.563s][info][gc,heap        ] GC(409) Eden regions: 596->0(587)
[107.563s][info][gc,heap        ] GC(409) Survivor regions: 2->2(75)
[107.563s][info][gc,heap        ] GC(409) Old regions: 73->73
[107.563s][info][gc,heap        ] GC(409) Archive regions: 0->0
[107.563s][info][gc,heap        ] GC(409) Humongous regions: 1287->1281
[107.563s][info][gc,metaspace   ] GC(409) Metaspace: 126062K(128128K)->126062K(128128K) NonClass: 107037K(107712K)->107037K(107712K) Class: 19024K(20416K)->19024K(20416K)
[107.563s][info][gc             ] GC(409) Pause Young (Prepare Mixed) (G1 Evacuation Pause) 1955M->1352M(2048M) 3.028ms
[107.563s][info][gc,cpu         ] GC(409) User=0.00s Sys=0.00s Real=0.00s
[107.601s][info][gc,start       ] GC(410) Pause Young (Mixed) (G1 Evacuation Pause)
[107.601s][info][gc,task        ] GC(410) Using 33 workers of 33 for evacuation
[107.604s][info][gc,phases      ] GC(410)   Pre Evacuate Collection Set: 0.3ms
[107.604s][info][gc,phases      ] GC(410)   Merge Heap Roots: 0.3ms
[107.604s][info][gc,phases      ] GC(410)   Evacuate Collection Set: 1.5ms
[107.604s][info][gc,phases      ] GC(410)   Post Evacuate Collection Set: 0.8ms
[107.604s][info][gc,phases      ] GC(410)   Other: 0.2ms
[107.604s][info][gc,heap        ] GC(410) Eden regions: 587->0(592)
[107.604s][info][gc,heap        ] GC(410) Survivor regions: 2->2(74)
[107.604s][info][gc,heap        ] GC(410) Old regions: 73->69
[107.604s][info][gc,heap        ] GC(410) Archive regions: 0->0
[107.604s][info][gc,heap        ] GC(410) Humongous regions: 1302->1280
[107.604s][info][gc,metaspace   ] GC(410) Metaspace: 126062K(128128K)->126062K(128128K) NonClass: 107037K(107712K)->107037K(107712K) Class: 19024K(20416K)->19024K(20416K)
[107.604s][info][gc             ] GC(410) Pause Young (Mixed) (G1 Evacuation Pause) 1960M->1348M(2048M) 3.571ms
[107.604s][info][gc,cpu         ] GC(410) User=0.00s Sys=0.00s Real=0.00s
[107.606s][info][gc,start       ] GC(411) Pause Young (Concurrent Start) (G1 Humongous Allocation)
[107.606s][info][gc,task        ] GC(411) Using 33 workers of 33 for evacuation
[107.609s][info][gc,phases      ] GC(411)   Pre Evacuate Collection Set: 0.4ms
[107.609s][info][gc,phases      ] GC(411)   Merge Heap Roots: 0.1ms
[107.609s][info][gc,phases      ] GC(411)   Evacuate Collection Set: 1.0ms
[107.609s][info][gc,phases      ] GC(411)   Post Evacuate Collection Set: 0.7ms
[107.609s][info][gc,phases      ] GC(411)   Other: 0.1ms
[107.609s][info][gc,heap        ] GC(411) Eden regions: 26->0(592)
[107.609s][info][gc,heap        ] GC(411) Survivor regions: 2->2(75)
[107.609s][info][gc,heap        ] GC(411) Old regions: 69->69
[107.609s][info][gc,heap        ] GC(411) Archive regions: 0->0
[107.609s][info][gc,heap        ] GC(411) Humongous regions: 1280->1280
[107.609s][info][gc,metaspace   ] GC(411) Metaspace: 126062K(128128K)->126062K(128128K) NonClass: 107037K(107712K)->107037K(107712K) Class: 19024K(20416K)->19024K(20416K)
[107.609s][info][gc             ] GC(411) Pause Young (Concurrent Start) (G1 Humongous Allocation) 1374M->1348M(2048M) 2.746ms
[107.609s][info][gc             ] GC(412) Concurrent Mark Cycle
[107.609s][info][gc,cpu         ] GC(411) User=0.00s Sys=0.00s Real=0.00s
[107.609s][info][gc,marking     ] GC(412) Concurrent Scan Root Regions
[107.611s][info][gc,marking     ] GC(412) Concurrent Scan Root Regions 2.170ms
[107.611s][info][gc,marking     ] GC(412) Concurrent Mark
[107.611s][info][gc,marking     ] GC(412) Concurrent Mark From Roots
[107.611s][info][gc,task        ] GC(412) Using 8 workers of 8 for marking
[107.631s][info][gc,marking     ] GC(412) Concurrent Mark From Roots 19.293ms
[107.631s][info][gc,marking     ] GC(412) Concurrent Preclean
[107.631s][info][gc,marking     ] GC(412) Concurrent Preclean 0.446ms
[107.631s][info][gc,start       ] GC(412) Pause Remark
[107.634s][info][gc             ] GC(412) Pause Remark 1633M->1633M(2048M) 2.739ms
[107.634s][info][gc,cpu         ] GC(412) User=0.00s Sys=0.00s Real=0.00s
[107.634s][info][gc,marking     ] GC(412) Concurrent Mark 22.881ms
[107.634s][info][gc,marking     ] GC(412) Concurrent Rebuild Remembered Sets and Scrub Regions
[107.640s][info][gc,marking     ] GC(412) Concurrent Rebuild Remembered Sets and Scrub Regions 6.124ms
[107.640s][info][gc,start       ] GC(412) Pause Cleanup
[107.641s][info][gc             ] GC(412) Pause Cleanup 1702M->1702M(2048M) 0.328ms
[107.641s][info][gc,cpu         ] GC(412) User=0.02s Sys=0.00s Real=0.02s
[107.641s][info][gc,marking     ] GC(412) Concurrent Clear Claimed Marks
[107.641s][info][gc,marking     ] GC(412) Concurrent Clear Claimed Marks 0.166ms
[107.641s][info][gc,marking     ] GC(412) Concurrent Cleanup for Next Mark
[107.643s][info][gc,marking     ] GC(412) Concurrent Cleanup for Next Mark 2.126ms
[107.643s][info][gc             ] GC(412) Concurrent Mark Cycle 34.173ms
[107.659s][info][gc,start       ] GC(413) Pause Young (Prepare Mixed) (G1 Humongous Allocation)
[107.659s][info][gc,task        ] GC(413) Using 33 workers of 33 for evacuation
[107.662s][info][gc,phases      ] GC(413)   Pre Evacuate Collection Set: 0.3ms
[107.662s][info][gc,phases      ] GC(413)   Merge Heap Roots: 0.8ms
[107.662s][info][gc,phases      ] GC(413)   Evacuate Collection Set: 0.7ms
[107.662s][info][gc,phases      ] GC(413)   Post Evacuate Collection Set: 0.9ms
[107.662s][info][gc,phases      ] GC(413)   Other: 0.1ms
[107.662s][info][gc,heap        ] GC(413) Eden regions: 577->0(604)
[107.662s][info][gc,heap        ] GC(413) Survivor regions: 2->2(75)
[107.662s][info][gc,heap        ] GC(413) Old regions: 69->69
[107.662s][info][gc,heap        ] GC(413) Archive regions: 0->0
[107.662s][info][gc,heap        ] GC(413) Humongous regions: 1306->1268
[107.662s][info][gc,metaspace   ] GC(413) Metaspace: 126062K(128128K)->126062K(128128K) NonClass: 107037K(107712K)->107037K(107712K) Class: 19024K(20416K)->19024K(20416K)
[107.662s][info][gc             ] GC(413) Pause Young (Prepare Mixed) (G1 Humongous Allocation) 1951M->1336M(2048M) 3.181ms
[107.663s][info][gc,cpu         ] GC(413) User=0.00s Sys=0.00s Real=0.00s
[108.155s][info][gc,start       ] GC(414) Pause Full (System.gc())
[108.155s][info][gc,task        ] GC(414) Using 33 workers of 33 for full compaction
[108.157s][info][gc,phases,start] GC(414) Phase 1: Mark live objects
[108.195s][info][gc,phases      ] GC(414) Phase 1: Mark live objects 37.948ms
[108.195s][info][gc,phases,start] GC(414) Phase 2: Prepare compaction
[108.198s][info][gc,phases      ] GC(414) Phase 2: Prepare compaction 3.583ms
[108.198s][info][gc,phases,start] GC(414) Phase 3: Adjust pointers
[108.208s][info][gc,phases      ] GC(414) Phase 3: Adjust pointers 9.384ms
[108.208s][info][gc,phases,start] GC(414) Phase 4: Compact heap
[108.209s][info][gc,phases      ] GC(414) Phase 4: Compact heap 0.848ms
[108.222s][info][gc,heap        ] GC(414) Eden regions: 287->0(869)
[108.222s][info][gc,heap        ] GC(414) Survivor regions: 2->0(75)
[108.222s][info][gc,heap        ] GC(414) Old regions: 69->68
[108.222s][info][gc,heap        ] GC(414) Archive regions: 0->0
[108.222s][info][gc,heap        ] GC(414) Humongous regions: 1277->1008
[108.222s][info][gc,metaspace   ] GC(414) Metaspace: 126112K(128192K)->126112K(128192K) NonClass: 107088K(107776K)->107088K(107776K) Class: 19024K(20416K)->19024K(20416K)
[108.222s][info][gc             ] GC(414) Pause Full (System.gc()) 1632M->1053M(2048M) 66.651ms
[108.222s][info][gc,cpu         ] GC(414) User=1.00s Sys=0.02s Real=0.06s
[108.306s][info][gc,start       ] GC(415) Pause Young (Concurrent Start) (G1 Humongous Allocation)
[108.306s][info][gc,task        ] GC(415) Using 33 workers of 33 for evacuation
[108.309s][info][gc,phases      ] GC(415)   Pre Evacuate Collection Set: 0.5ms
[108.310s][info][gc,phases      ] GC(415)   Merge Heap Roots: 0.1ms
[108.310s][info][gc,phases      ] GC(415)   Evacuate Collection Set: 1.6ms
[108.310s][info][gc,phases      ] GC(415)   Post Evacuate Collection Set: 0.9ms
[108.310s][info][gc,phases      ] GC(415)   Other: 0.1ms
[108.310s][info][gc,heap        ] GC(415) Eden regions: 11->0(867)
[108.310s][info][gc,heap        ] GC(415) Survivor regions: 0->1(109)
[108.310s][info][gc,heap        ] GC(415) Old regions: 68->68
[108.310s][info][gc,heap        ] GC(415) Archive regions: 0->0
[108.310s][info][gc,heap        ] GC(415) Humongous regions: 1008->1008
[108.310s][info][gc,metaspace   ] GC(415) Metaspace: 126283K(128320K)->126283K(128320K) NonClass: 107258K(107904K)->107258K(107904K) Class: 19024K(20416K)->19024K(20416K)
[108.310s][info][gc             ] GC(415) Pause Young (Concurrent Start) (G1 Humongous Allocation) 1063M->1053M(2048M) 3.765ms
[108.310s][info][gc             ] GC(416) Concurrent Mark Cycle
[108.310s][info][gc,cpu         ] GC(415) User=0.34s Sys=0.03s Real=0.02s
[108.310s][info][gc,marking     ] GC(416) Concurrent Scan Root Regions
[108.312s][info][gc,marking     ] GC(416) Concurrent Scan Root Regions 2.120ms
[108.312s][info][gc,marking     ] GC(416) Concurrent Mark
[108.312s][info][gc,marking     ] GC(416) Concurrent Mark From Roots
[108.312s][info][gc,task        ] GC(416) Using 8 workers of 8 for marking
[108.333s][info][gc,marking     ] GC(416) Concurrent Mark From Roots 21.221ms
[108.333s][info][gc,marking     ] GC(416) Concurrent Preclean
[108.334s][info][gc,marking     ] GC(416) Concurrent Preclean 0.449ms
[108.334s][info][gc,start       ] GC(416) Pause Remark
[108.338s][info][gc             ] GC(416) Pause Remark 1094M->1094M(2048M) 3.482ms
[108.338s][info][gc,cpu         ] GC(416) User=0.00s Sys=0.00s Real=0.00s
[108.338s][info][gc,marking     ] GC(416) Concurrent Mark 25.785ms
[108.338s][info][gc,marking     ] GC(416) Concurrent Rebuild Remembered Sets and Scrub Regions
[108.345s][info][gc,marking     ] GC(416) Concurrent Rebuild Remembered Sets and Scrub Regions 7.033ms
[108.345s][info][gc,start       ] GC(416) Pause Cleanup
[108.346s][info][gc             ] GC(416) Pause Cleanup 1118M->1118M(2048M) 0.567ms
[108.346s][info][gc,cpu         ] GC(416) User=0.00s Sys=0.00s Real=0.00s
[108.346s][info][gc,marking     ] GC(416) Concurrent Clear Claimed Marks
[108.347s][info][gc,marking     ] GC(416) Concurrent Clear Claimed Marks 0.178ms
[108.347s][info][gc,marking     ] GC(416) Concurrent Cleanup for Next Mark
[108.349s][info][gc,marking     ] GC(416) Concurrent Cleanup for Next Mark 2.640ms
[108.349s][info][gc             ] GC(416) Concurrent Mark Cycle 39.394ms
[108.410s][info][gc,start       ] GC(417) Pause Young (Prepare Mixed) (G1 Evacuation Pause)
[108.468s][info][gc,task        ] GC(417) Using 33 workers of 33 for evacuation
[108.532s][info][gc,phases      ] GC(417)   Pre Evacuate Collection Set: 0.4ms
[108.532s][info][gc,phases      ] GC(417)   Merge Heap Roots: 1.2ms
[108.532s][info][gc,phases      ] GC(417)   Evacuate Collection Set: 2.3ms
[108.532s][info][gc,phases      ] GC(417)   Post Evacuate Collection Set: 1.5ms
[108.532s][info][gc,phases      ] GC(417)   Other: 58.7ms
[108.532s][info][gc,heap        ] GC(417) Eden regions: 867->0(845)
[108.532s][info][gc,heap        ] GC(417) Survivor regions: 1->12(99)
[108.532s][info][gc,heap        ] GC(417) Old regions: 68->68
[108.532s][info][gc,heap        ] GC(417) Archive regions: 0->0
[108.532s][info][gc,heap        ] GC(417) Humongous regions: 1013->1008
[108.532s][info][gc,metaspace   ] GC(417) Metaspace: 126366K(128448K)->126366K(128448K) NonClass: 107342K(108032K)->107342K(108032K) Class: 19024K(20416K)->19024K(20416K)
[108.532s][info][gc             ] GC(417) Pause Young (Prepare Mixed) (G1 Evacuation Pause) 1925M->1064M(2048M) 122.484ms
[108.532s][info][gc,cpu         ] GC(417) User=0.00s Sys=0.00s Real=0.12s
[108.595s][info][gc,start       ] GC(418) Pause Young (Mixed) (G1 Evacuation Pause)
[108.595s][info][gc,task        ] GC(418) Using 33 workers of 33 for evacuation
[108.599s][info][gc,phases      ] GC(418)   Pre Evacuate Collection Set: 0.3ms
[108.599s][info][gc,phases      ] GC(418)   Merge Heap Roots: 0.3ms
[108.599s][info][gc,phases      ] GC(418)   Evacuate Collection Set: 1.9ms
[108.599s][info][gc,phases      ] GC(418)   Post Evacuate Collection Set: 0.8ms
[108.599s][info][gc,phases      ] GC(418)   Other: 0.1ms
[108.599s][info][gc,heap        ] GC(418) Eden regions: 845->0(838)
[108.599s][info][gc,heap        ] GC(418) Survivor regions: 12->12(102)
[108.599s][info][gc,heap        ] GC(418) Old regions: 68->65
[108.599s][info][gc,heap        ] GC(418) Archive regions: 0->0
[108.599s][info][gc,heap        ] GC(418) Humongous regions: 1021->1018
[108.599s][info][gc,metaspace   ] GC(418) Metaspace: 126368K(128448K)->126368K(128448K) NonClass: 107343K(108032K)->107343K(108032K) Class: 19024K(20416K)->19024K(20416K)
[108.599s][info][gc             ] GC(418) Pause Young (Mixed) (G1 Evacuation Pause) 1922M->1074M(2048M) 3.745ms
[108.599s][info][gc,cpu         ] GC(418) User=0.06s Sys=0.03s Real=0.02s
[108.601s][info][gc,start       ] GC(419) Pause Young (Concurrent Start) (G1 Humongous Allocation)
[108.601s][info][gc,task        ] GC(419) Using 33 workers of 33 for evacuation
[108.604s][info][gc,phases      ] GC(419)   Pre Evacuate Collection Set: 0.4ms
[108.604s][info][gc,phases      ] GC(419)   Merge Heap Roots: 0.1ms
[108.604s][info][gc,phases      ] GC(419)   Evacuate Collection Set: 1.8ms
[108.604s][info][gc,phases      ] GC(419)   Post Evacuate Collection Set: 0.6ms
[108.604s][info][gc,phases      ] GC(419)   Other: 0.0ms
[108.604s][info][gc,heap        ] GC(419) Eden regions: 38->0(838)
[108.604s][info][gc,heap        ] GC(419) Survivor regions: 12->12(107)
[108.604s][info][gc,heap        ] GC(419) Old regions: 65->65
[108.604s][info][gc,heap        ] GC(419) Archive regions: 0->0
[108.604s][info][gc,heap        ] GC(419) Humongous regions: 1018->1018
[108.604s][info][gc,metaspace   ] GC(419) Metaspace: 126368K(128448K)->126368K(128448K) NonClass: 107343K(108032K)->107343K(108032K) Class: 19024K(20416K)->19024K(20416K)
[108.604s][info][gc             ] GC(419) Pause Young (Concurrent Start) (G1 Humongous Allocation) 1112M->1075M(2048M) 3.082ms
[108.604s][info][gc             ] GC(420) Concurrent Mark Cycle
[108.604s][info][gc,cpu         ] GC(419) User=0.00s Sys=0.00s Real=0.00s
[108.604s][info][gc,marking     ] GC(420) Concurrent Scan Root Regions
[108.624s][info][gc,marking     ] GC(420) Concurrent Scan Root Regions 19.597ms
[108.624s][info][gc,marking     ] GC(420) Concurrent Mark
[108.624s][info][gc,marking     ] GC(420) Concurrent Mark From Roots
[108.624s][info][gc,task        ] GC(420) Using 8 workers of 8 for marking
[108.666s][info][gc,start       ] GC(421) Pause Young (Normal) (G1 Evacuation Pause)
[108.666s][info][gc,task        ] GC(421) Using 33 workers of 33 for evacuation
[108.669s][info][gc,phases      ] GC(421)   Pre Evacuate Collection Set: 0.3ms
[108.669s][info][gc,phases      ] GC(421)   Merge Heap Roots: 0.3ms
[108.669s][info][gc,phases      ] GC(421)   Evacuate Collection Set: 1.3ms
[108.669s][info][gc,phases      ] GC(421)   Post Evacuate Collection Set: 0.8ms
[108.669s][info][gc,phases      ] GC(421)   Other: 0.1ms
[108.669s][info][gc,heap        ] GC(421) Eden regions: 838->0(826)
[108.669s][info][gc,heap        ] GC(421) Survivor regions: 12->10(88)
[108.669s][info][gc,heap        ] GC(421) Old regions: 65->65
[108.669s][info][gc,heap        ] GC(421) Archive regions: 0->0
[108.669s][info][gc,heap        ] GC(421) Humongous regions: 1045->1034
[108.669s][info][gc,metaspace   ] GC(421) Metaspace: 126368K(128448K)->126368K(128448K) NonClass: 107343K(108032K)->107343K(108032K) Class: 19024K(20416K)->19024K(20416K)
[108.669s][info][gc             ] GC(421) Pause Young (Normal) (G1 Evacuation Pause) 1940M->1089M(2048M) 2.999ms
[108.669s][info][gc,cpu         ] GC(421) User=0.00s Sys=0.00s Real=0.00s
[108.674s][info][gc,marking     ] GC(420) Concurrent Mark From Roots 49.395ms
[108.674s][info][gc,marking     ] GC(420) Concurrent Preclean
[108.677s][info][gc,marking     ] GC(420) Concurrent Preclean 2.724ms
[108.678s][info][gc,start       ] GC(420) Pause Remark
[108.681s][info][gc             ] GC(420) Pause Remark 1212M->1212M(2048M) 3.034ms
[108.681s][info][gc,cpu         ] GC(420) User=0.00s Sys=0.00s Real=0.00s
[108.681s][info][gc,marking     ] GC(420) Concurrent Mark 56.512ms
[108.681s][info][gc,marking     ] GC(420) Concurrent Rebuild Remembered Sets and Scrub Regions
[108.696s][info][gc,marking     ] GC(420) Concurrent Rebuild Remembered Sets and Scrub Regions 15.056ms
[108.697s][info][gc,start       ] GC(420) Pause Cleanup
[108.697s][info][gc             ] GC(420) Pause Cleanup 1440M->1440M(2048M) 0.299ms
[108.697s][info][gc,cpu         ] GC(420) User=0.00s Sys=0.00s Real=0.00s
[108.697s][info][gc,marking     ] GC(420) Concurrent Clear Claimed Marks
[108.699s][info][gc,marking     ] GC(420) Concurrent Clear Claimed Marks 1.418ms
[108.699s][info][gc,marking     ] GC(420) Concurrent Cleanup for Next Mark
[108.707s][info][gc,marking     ] GC(420) Concurrent Cleanup for Next Mark 8.305ms
[108.708s][info][gc             ] GC(420) Concurrent Mark Cycle 103.656ms
[108.734s][info][gc,start       ] GC(422) Pause Young (Prepare Mixed) (G1 Evacuation Pause)
[108.734s][info][gc,task        ] GC(422) Using 33 workers of 33 for evacuation
[108.737s][info][gc,phases      ] GC(422)   Pre Evacuate Collection Set: 0.3ms
[108.737s][info][gc,phases      ] GC(422)   Merge Heap Roots: 0.8ms
[108.737s][info][gc,phases      ] GC(422)   Evacuate Collection Set: 1.3ms
[108.737s][info][gc,phases      ] GC(422)   Post Evacuate Collection Set: 0.8ms
[108.737s][info][gc,phases      ] GC(422)   Other: 0.1ms
[108.737s][info][gc,heap        ] GC(422) Eden regions: 826->0(820)
[108.737s][info][gc,heap        ] GC(422) Survivor regions: 10->10(101)
[108.737s][info][gc,heap        ] GC(422) Old regions: 65->65
[108.737s][info][gc,heap        ] GC(422) Archive regions: 0->0
[108.737s][info][gc,heap        ] GC(422) Humongous regions: 1046->1040
[108.737s][info][gc,metaspace   ] GC(422) Metaspace: 126368K(128448K)->126368K(128448K) NonClass: 107343K(108032K)->107343K(108032K) Class: 19024K(20416K)->19024K(20416K)
[108.737s][info][gc             ] GC(422) Pause Young (Prepare Mixed) (G1 Evacuation Pause) 1927M->1095M(2048M) 3.502ms
[108.737s][info][gc,cpu         ] GC(422) User=0.00s Sys=0.00s Real=0.00s
[108.796s][info][gc,start       ] GC(423) Pause Young (Mixed) (G1 Evacuation Pause)
[108.796s][info][gc,task        ] GC(423) Using 33 workers of 33 for evacuation
[108.800s][info][gc,phases      ] GC(423)   Pre Evacuate Collection Set: 0.3ms
[108.800s][info][gc,phases      ] GC(423)   Merge Heap Roots: 0.3ms
[108.800s][info][gc,phases      ] GC(423)   Evacuate Collection Set: 1.8ms
[108.800s][info][gc,phases      ] GC(423)   Post Evacuate Collection Set: 0.9ms
[108.800s][info][gc,phases      ] GC(423)   Other: 0.1ms
[108.800s][info][gc,heap        ] GC(423) Eden regions: 820->0(811)
[108.800s][info][gc,heap        ] GC(423) Survivor regions: 10->10(93)
[108.800s][info][gc,heap        ] GC(423) Old regions: 65->62
[108.800s][info][gc,heap        ] GC(423) Archive regions: 0->0
[108.800s][info][gc,heap        ] GC(423) Humongous regions: 1060->1052
[108.800s][info][gc,metaspace   ] GC(423) Metaspace: 126368K(128448K)->126368K(128448K) NonClass: 107343K(108032K)->107343K(108032K) Class: 19024K(20416K)->19024K(20416K)
[108.800s][info][gc             ] GC(423) Pause Young (Mixed) (G1 Evacuation Pause) 1935M->1107M(2048M) 3.577ms
[108.800s][info][gc,cpu         ] GC(423) User=0.00s Sys=0.00s Real=0.00s
[108.809s][info][gc,start       ] GC(424) Pause Young (Concurrent Start) (G1 Humongous Allocation)
[108.809s][info][gc,task        ] GC(424) Using 33 workers of 33 for evacuation
[108.813s][info][gc,phases      ] GC(424)   Pre Evacuate Collection Set: 0.4ms
[108.813s][info][gc,phases      ] GC(424)   Merge Heap Roots: 0.1ms
[108.813s][info][gc,phases      ] GC(424)   Evacuate Collection Set: 1.9ms
[108.813s][info][gc,phases      ] GC(424)   Post Evacuate Collection Set: 0.6ms
[108.813s][info][gc,phases      ] GC(424)   Other: 0.0ms
[108.813s][info][gc,heap        ] GC(424) Eden regions: 138->0(813)
[108.813s][info][gc,heap        ] GC(424) Survivor regions: 10->10(103)
[108.813s][info][gc,heap        ] GC(424) Old regions: 62->62
[108.813s][info][gc,heap        ] GC(424) Archive regions: 0->0
[108.813s][info][gc,heap        ] GC(424) Humongous regions: 1052->1050
[108.813s][info][gc,metaspace   ] GC(424) Metaspace: 126368K(128448K)->126368K(128448K) NonClass: 107343K(108032K)->107343K(108032K) Class: 19024K(20416K)->19024K(20416K)
[108.813s][info][gc             ] GC(424) Pause Young (Concurrent Start) (G1 Humongous Allocation) 1245M->1104M(2048M) 3.347ms
[108.813s][info][gc             ] GC(425) Concurrent Mark Cycle
[108.813s][info][gc,cpu         ] GC(424) User=0.00s Sys=0.00s Real=0.00s
[108.813s][info][gc,marking     ] GC(425) Concurrent Scan Root Regions
[108.831s][info][gc,marking     ] GC(425) Concurrent Scan Root Regions 17.868ms
[108.831s][info][gc,marking     ] GC(425) Concurrent Mark
[108.831s][info][gc,marking     ] GC(425) Concurrent Mark From Roots
[108.831s][info][gc,task        ] GC(425) Using 8 workers of 8 for marking
[108.874s][info][gc,start       ] GC(426) Pause Young (Normal) (G1 Evacuation Pause)
[108.874s][info][gc,task        ] GC(426) Using 33 workers of 33 for evacuation
[108.877s][info][gc,phases      ] GC(426)   Pre Evacuate Collection Set: 0.3ms
[108.877s][info][gc,phases      ] GC(426)   Merge Heap Roots: 0.3ms
[108.877s][info][gc,phases      ] GC(426)   Evacuate Collection Set: 1.4ms
[108.877s][info][gc,phases      ] GC(426)   Post Evacuate Collection Set: 0.8ms
[108.877s][info][gc,phases      ] GC(426)   Other: 0.1ms
[108.877s][info][gc,heap        ] GC(426) Eden regions: 813->0(800)
[108.877s][info][gc,heap        ] GC(426) Survivor regions: 10->10(84)
[108.877s][info][gc,heap        ] GC(426) Old regions: 62->62
[108.877s][info][gc,heap        ] GC(426) Archive regions: 0->0
[108.877s][info][gc,heap        ] GC(426) Humongous regions: 1079->1063
[108.877s][info][gc,metaspace   ] GC(426) Metaspace: 126368K(128448K)->126368K(128448K) NonClass: 107343K(108032K)->107343K(108032K) Class: 19024K(20416K)->19024K(20416K)
[108.877s][info][gc             ] GC(426) Pause Young (Normal) (G1 Evacuation Pause) 1946M->1118M(2048M) 3.099ms
[108.877s][info][gc,cpu         ] GC(426) User=0.53s Sys=0.00s Real=0.02s
[108.877s][info][gc,marking     ] GC(425) Concurrent Mark From Roots 46.237ms
[108.878s][info][gc,marking     ] GC(425) Concurrent Preclean
[108.881s][info][gc,marking     ] GC(425) Concurrent Preclean 3.416ms
[108.882s][info][gc,start       ] GC(425) Pause Remark
[108.885s][info][gc             ] GC(425) Pause Remark 1193M->1193M(2048M) 3.152ms
[108.885s][info][gc,cpu         ] GC(425) User=0.00s Sys=0.00s Real=0.00s
[108.885s][info][gc,marking     ] GC(425) Concurrent Mark 54.262ms
[108.885s][info][gc,marking     ] GC(425) Concurrent Rebuild Remembered Sets and Scrub Regions
[108.905s][info][gc,marking     ] GC(425) Concurrent Rebuild Remembered Sets and Scrub Regions 18.993ms
[108.905s][info][gc,start       ] GC(425) Pause Cleanup
[108.906s][info][gc             ] GC(425) Pause Cleanup 1475M->1475M(2048M) 0.350ms
[108.906s][info][gc,cpu         ] GC(425) User=0.00s Sys=0.00s Real=0.00s
[108.906s][info][gc,marking     ] GC(425) Concurrent Clear Claimed Marks
[108.907s][info][gc,marking     ] GC(425) Concurrent Clear Claimed Marks 1.006ms
[108.907s][info][gc,marking     ] GC(425) Concurrent Cleanup for Next Mark
[108.916s][info][gc,marking     ] GC(425) Concurrent Cleanup for Next Mark 8.277ms
[108.916s][info][gc             ] GC(425) Concurrent Mark Cycle 103.348ms
[108.940s][info][gc,start       ] GC(427) Pause Young (Prepare Mixed) (G1 Evacuation Pause)
[108.941s][info][gc,task        ] GC(427) Using 33 workers of 33 for evacuation
[108.944s][info][gc,phases      ] GC(427)   Pre Evacuate Collection Set: 0.3ms
[108.944s][info][gc,phases      ] GC(427)   Merge Heap Roots: 0.8ms
[108.944s][info][gc,phases      ] GC(427)   Evacuate Collection Set: 1.3ms
[108.944s][info][gc,phases      ] GC(427)   Post Evacuate Collection Set: 0.9ms
[108.944s][info][gc,phases      ] GC(427)   Other: 0.1ms
[108.944s][info][gc,heap        ] GC(427) Eden regions: 800->0(791)
[108.944s][info][gc,heap        ] GC(427) Survivor regions: 10->10(102)
[108.944s][info][gc,heap        ] GC(427) Old regions: 62->62
[108.944s][info][gc,heap        ] GC(427) Archive regions: 0->0
[108.944s][info][gc,heap        ] GC(427) Humongous regions: 1074->1072
[108.944s][info][gc,metaspace   ] GC(427) Metaspace: 126368K(128448K)->126368K(128448K) NonClass: 107343K(108032K)->107343K(108032K) Class: 19024K(20416K)->19024K(20416K)
[108.944s][info][gc             ] GC(427) Pause Young (Prepare Mixed) (G1 Evacuation Pause) 1929M->1127M(2048M) 3.521ms
[108.944s][info][gc,cpu         ] GC(427) User=0.00s Sys=0.00s Real=0.00s
[109.003s][info][gc,start       ] GC(428) Pause Young (Mixed) (G1 Evacuation Pause)
[109.003s][info][gc,task        ] GC(428) Using 33 workers of 33 for evacuation
[109.007s][info][gc,phases      ] GC(428)   Pre Evacuate Collection Set: 0.3ms
[109.007s][info][gc,phases      ] GC(428)   Merge Heap Roots: 0.3ms
[109.007s][info][gc,phases      ] GC(428)   Evacuate Collection Set: 1.7ms
[109.007s][info][gc,phases      ] GC(428)   Post Evacuate Collection Set: 0.8ms
[109.007s][info][gc,phases      ] GC(428)   Other: 0.1ms
[109.007s][info][gc,heap        ] GC(428) Eden regions: 791->0(774)
[109.007s][info][gc,heap        ] GC(428) Survivor regions: 10->10(73)
[109.007s][info][gc,heap        ] GC(428) Old regions: 62->59
[109.007s][info][gc,heap        ] GC(428) Archive regions: 0->0
[109.007s][info][gc,heap        ] GC(428) Humongous regions: 1112->1092
[109.007s][info][gc,metaspace   ] GC(428) Metaspace: 126368K(128448K)->126368K(128448K) NonClass: 107343K(108032K)->107343K(108032K) Class: 19024K(20416K)->19024K(20416K)
[109.007s][info][gc             ] GC(428) Pause Young (Mixed) (G1 Evacuation Pause) 1958M->1147M(2048M) 3.472ms
[109.007s][info][gc,cpu         ] GC(428) User=0.00s Sys=0.00s Real=0.00s
[109.018s][info][gc,start       ] GC(429) Pause Young (Concurrent Start) (G1 Humongous Allocation)
[109.018s][info][gc,task        ] GC(429) Using 33 workers of 33 for evacuation
[109.021s][info][gc,phases      ] GC(429)   Pre Evacuate Collection Set: 0.4ms
[109.021s][info][gc,phases      ] GC(429)   Merge Heap Roots: 0.1ms
[109.021s][info][gc,phases      ] GC(429)   Evacuate Collection Set: 2.0ms
[109.021s][info][gc,phases      ] GC(429)   Post Evacuate Collection Set: 0.6ms
[109.021s][info][gc,phases      ] GC(429)   Other: 0.1ms
[109.021s][info][gc,heap        ] GC(429) Eden regions: 4->0(788)
[109.021s][info][gc,heap        ] GC(429) Survivor regions: 10->10(98)
[109.021s][info][gc,heap        ] GC(429) Old regions: 59->59
[109.021s][info][gc,heap        ] GC(429) Archive regions: 0->0
[109.021s][info][gc,heap        ] GC(429) Humongous regions: 1092->1078
[109.021s][info][gc,metaspace   ] GC(429) Metaspace: 126368K(128448K)->126368K(128448K) NonClass: 107343K(108032K)->107343K(108032K) Class: 19024K(20416K)->19024K(20416K)
[109.021s][info][gc             ] GC(429) Pause Young (Concurrent Start) (G1 Humongous Allocation) 1151M->1132M(2048M) 3.372ms
[109.021s][info][gc             ] GC(430) Concurrent Mark Cycle
[109.021s][info][gc,cpu         ] GC(429) User=0.00s Sys=0.00s Real=0.00s
[109.021s][info][gc,marking     ] GC(430) Concurrent Scan Root Regions
[109.029s][info][gc,marking     ] GC(430) Concurrent Scan Root Regions 7.929ms
[109.030s][info][gc,marking     ] GC(430) Concurrent Mark
[109.030s][info][gc,marking     ] GC(430) Concurrent Mark From Roots
[109.030s][info][gc,task        ] GC(430) Using 8 workers of 8 for marking
[109.076s][info][gc,marking     ] GC(430) Concurrent Mark From Roots 46.427ms
[109.077s][info][gc,marking     ] GC(430) Concurrent Preclean
[109.080s][info][gc,marking     ] GC(430) Concurrent Preclean 3.175ms
[109.081s][info][gc,start       ] GC(430) Pause Remark
[109.084s][info][gc             ] GC(430) Pause Remark 1935M->1935M(2048M) 2.988ms
[109.085s][info][gc,cpu         ] GC(430) User=0.00s Sys=0.00s Real=0.00s
[109.085s][info][gc,marking     ] GC(430) Concurrent Mark 54.883ms
[109.085s][info][gc,marking     ] GC(430) Concurrent Rebuild Remembered Sets and Scrub Regions
[109.086s][info][gc,start       ] GC(431) Pause Young (Normal) (G1 Evacuation Pause)
[109.086s][info][gc,task        ] GC(431) Using 33 workers of 33 for evacuation
[109.089s][info][gc,phases      ] GC(431)   Pre Evacuate Collection Set: 0.2ms
[109.089s][info][gc,phases      ] GC(431)   Merge Heap Roots: 0.3ms
[109.089s][info][gc,phases      ] GC(431)   Evacuate Collection Set: 1.3ms
[109.089s][info][gc,phases      ] GC(431)   Post Evacuate Collection Set: 0.8ms
[109.089s][info][gc,phases      ] GC(431)   Other: 0.1ms
[109.089s][info][gc,heap        ] GC(431) Eden regions: 788->0(782)
[109.089s][info][gc,heap        ] GC(431) Survivor regions: 10->10(84)
[109.089s][info][gc,heap        ] GC(431) Old regions: 59->59
[109.089s][info][gc,heap        ] GC(431) Archive regions: 0->0
[109.089s][info][gc,heap        ] GC(431) Humongous regions: 1107->1084
[109.089s][info][gc,metaspace   ] GC(431) Metaspace: 126368K(128448K)->126368K(128448K) NonClass: 107343K(108032K)->107343K(108032K) Class: 19024K(20416K)->19024K(20416K)
[109.089s][info][gc             ] GC(431) Pause Young (Normal) (G1 Evacuation Pause) 1949M->1139M(2048M) 2.912ms
[109.089s][info][gc,cpu         ] GC(431) User=0.00s Sys=0.00s Real=0.00s
[109.105s][info][gc,marking     ] GC(430) Concurrent Rebuild Remembered Sets and Scrub Regions 20.495ms
[109.107s][info][gc,start       ] GC(430) Pause Cleanup
[109.107s][info][gc             ] GC(430) Pause Cleanup 1392M->1392M(2048M) 0.317ms
[109.107s][info][gc,cpu         ] GC(430) User=0.00s Sys=0.00s Real=0.00s
[109.107s][info][gc,marking     ] GC(430) Concurrent Clear Claimed Marks
[109.109s][info][gc,marking     ] GC(430) Concurrent Clear Claimed Marks 1.283ms
[109.109s][info][gc,marking     ] GC(430) Concurrent Cleanup for Next Mark
[109.117s][info][gc,marking     ] GC(430) Concurrent Cleanup for Next Mark 8.400ms
[109.118s][info][gc             ] GC(430) Concurrent Mark Cycle 96.384ms
[109.151s][info][gc,start       ] GC(432) Pause Young (Prepare Mixed) (G1 Evacuation Pause)
[109.151s][info][gc,task        ] GC(432) Using 33 workers of 33 for evacuation
[109.155s][info][gc,phases      ] GC(432)   Pre Evacuate Collection Set: 0.3ms
[109.155s][info][gc,phases      ] GC(432)   Merge Heap Roots: 0.8ms
[109.155s][info][gc,phases      ] GC(432)   Evacuate Collection Set: 1.5ms
[109.155s][info][gc,phases      ] GC(432)   Post Evacuate Collection Set: 0.8ms
[109.155s][info][gc,phases      ] GC(432)   Other: 0.1ms
[109.155s][info][gc,heap        ] GC(432) Eden regions: 782->0(772)
[109.155s][info][gc,heap        ] GC(432) Survivor regions: 10->11(65)
[109.155s][info][gc,heap        ] GC(432) Old regions: 59->59
[109.155s][info][gc,heap        ] GC(432) Archive regions: 0->0
[109.155s][info][gc,heap        ] GC(432) Humongous regions: 1132->1092
[109.155s][info][gc,metaspace   ] GC(432) Metaspace: 126368K(128448K)->126368K(128448K) NonClass: 107343K(108032K)->107343K(108032K) Class: 19024K(20416K)->19024K(20416K)
[109.155s][info][gc             ] GC(432) Pause Young (Prepare Mixed) (G1 Evacuation Pause) 1969M->1147M(2048M) 3.713ms
[109.155s][info][gc,cpu         ] GC(432) User=0.00s Sys=0.00s Real=0.00s
[109.221s][info][gc,start       ] GC(433) Pause Young (Mixed) (G1 Evacuation Pause)
[109.221s][info][gc,task        ] GC(433) Using 33 workers of 33 for evacuation
[109.225s][info][gc,phases      ] GC(433)   Pre Evacuate Collection Set: 0.3ms
[109.225s][info][gc,phases      ] GC(433)   Merge Heap Roots: 0.3ms
[109.225s][info][gc,phases      ] GC(433)   Evacuate Collection Set: 1.7ms
[109.225s][info][gc,phases      ] GC(433)   Post Evacuate Collection Set: 0.8ms
[109.225s][info][gc,phases      ] GC(433)   Other: 0.1ms
[109.225s][info][gc,heap        ] GC(433) Eden regions: 772->0(772)
[109.225s][info][gc,heap        ] GC(433) Survivor regions: 11->11(84)
[109.225s][info][gc,heap        ] GC(433) Old regions: 59->57
[109.225s][info][gc,heap        ] GC(433) Archive regions: 0->0
[109.225s][info][gc,heap        ] GC(433) Humongous regions: 1122->1094
[109.225s][info][gc,metaspace   ] GC(433) Metaspace: 126368K(128448K)->126368K(128448K) NonClass: 107343K(108032K)->107343K(108032K) Class: 19024K(20416K)->19024K(20416K)
[109.225s][info][gc             ] GC(433) Pause Young (Mixed) (G1 Evacuation Pause) 1949M->1150M(2048M) 3.556ms
[109.225s][info][gc,cpu         ] GC(433) User=0.00s Sys=0.00s Real=0.00s
[109.237s][info][gc,start       ] GC(434) Pause Young (Concurrent Start) (G1 Humongous Allocation)
[109.237s][info][gc,task        ] GC(434) Using 33 workers of 33 for evacuation
[109.241s][info][gc,phases      ] GC(434)   Pre Evacuate Collection Set: 0.5ms
[109.241s][info][gc,phases      ] GC(434)   Merge Heap Roots: 0.1ms
[109.241s][info][gc,phases      ] GC(434)   Evacuate Collection Set: 2.2ms
[109.241s][info][gc,phases      ] GC(434)   Post Evacuate Collection Set: 0.8ms
[109.241s][info][gc,phases      ] GC(434)   Other: 0.1ms
[109.241s][info][gc,heap        ] GC(434) Eden regions: 11->0(781)
[109.241s][info][gc,heap        ] GC(434) Survivor regions: 11->11(98)
[109.241s][info][gc,heap        ] GC(434) Old regions: 57->57
[109.241s][info][gc,heap        ] GC(434) Archive regions: 0->0
[109.241s][info][gc,heap        ] GC(434) Humongous regions: 1094->1085
[109.241s][info][gc,metaspace   ] GC(434) Metaspace: 126368K(128448K)->126368K(128448K) NonClass: 107343K(108032K)->107343K(108032K) Class: 19024K(20416K)->19024K(20416K)
[109.241s][info][gc             ] GC(434) Pause Young (Concurrent Start) (G1 Humongous Allocation) 1161M->1141M(2048M) 3.995ms
[109.241s][info][gc             ] GC(435) Concurrent Mark Cycle
[109.241s][info][gc,cpu         ] GC(434) User=0.00s Sys=0.00s Real=0.00s
[109.241s][info][gc,marking     ] GC(435) Concurrent Scan Root Regions
[109.254s][info][gc,marking     ] GC(435) Concurrent Scan Root Regions 13.191ms
[109.255s][info][gc,marking     ] GC(435) Concurrent Mark
[109.255s][info][gc,marking     ] GC(435) Concurrent Mark From Roots
[109.255s][info][gc,task        ] GC(435) Using 8 workers of 8 for marking
[109.296s][info][gc,marking     ] GC(435) Concurrent Mark From Roots 41.172ms
[109.296s][info][gc,marking     ] GC(435) Concurrent Preclean
[109.299s][info][gc,marking     ] GC(435) Concurrent Preclean 2.469ms
[109.299s][info][gc,start       ] GC(435) Pause Remark
[109.302s][info][gc             ] GC(435) Pause Remark 1931M->1931M(2048M) 2.958ms
[109.302s][info][gc,cpu         ] GC(435) User=0.00s Sys=0.00s Real=0.00s
[109.302s][info][gc,marking     ] GC(435) Concurrent Mark 47.921ms
[109.303s][info][gc,marking     ] GC(435) Concurrent Rebuild Remembered Sets and Scrub Regions
[109.305s][info][gc,start       ] GC(436) Pause Young (Normal) (G1 Evacuation Pause)
[109.305s][info][gc,task        ] GC(436) Using 33 workers of 33 for evacuation
[109.308s][info][gc,phases      ] GC(436)   Pre Evacuate Collection Set: 0.2ms
[109.308s][info][gc,phases      ] GC(436)   Merge Heap Roots: 0.3ms
[109.308s][info][gc,phases      ] GC(436)   Evacuate Collection Set: 1.3ms
[109.308s][info][gc,phases      ] GC(436)   Post Evacuate Collection Set: 0.7ms
[109.308s][info][gc,phases      ] GC(436)   Other: 0.1ms
[109.308s][info][gc,heap        ] GC(436) Eden regions: 781->0(798)
[109.308s][info][gc,heap        ] GC(436) Survivor regions: 11->2(74)
[109.308s][info][gc,heap        ] GC(436) Old regions: 57->65
[109.308s][info][gc,heap        ] GC(436) Archive regions: 0->0
[109.308s][info][gc,heap        ] GC(436) Humongous regions: 1125->1078
[109.308s][info][gc,metaspace   ] GC(436) Metaspace: 126368K(128448K)->126368K(128448K) NonClass: 107344K(108032K)->107344K(108032K) Class: 19024K(20416K)->19024K(20416K)
[109.308s][info][gc             ] GC(436) Pause Young (Normal) (G1 Evacuation Pause) 1962M->1133M(2048M) 2.815ms
[109.308s][info][gc,cpu         ] GC(436) User=0.00s Sys=0.00s Real=0.00s
[109.319s][info][gc,marking     ] GC(435) Concurrent Rebuild Remembered Sets and Scrub Regions 16.003ms
[109.319s][info][gc,start       ] GC(435) Pause Cleanup
[109.320s][info][gc             ] GC(435) Pause Cleanup 1287M->1287M(2048M) 0.313ms
[109.320s][info][gc,cpu         ] GC(435) User=0.00s Sys=0.00s Real=0.00s
[109.320s][info][gc,marking     ] GC(435) Concurrent Clear Claimed Marks
[109.321s][info][gc,marking     ] GC(435) Concurrent Clear Claimed Marks 1.355ms
[109.321s][info][gc,marking     ] GC(435) Concurrent Cleanup for Next Mark
[109.329s][info][gc,marking     ] GC(435) Concurrent Cleanup for Next Mark 7.825ms
[109.330s][info][gc             ] GC(435) Concurrent Mark Cycle 88.647ms
[109.368s][info][gc,start       ] GC(437) Pause Young (Prepare Mixed) (G1 Evacuation Pause)
[109.368s][info][gc,task        ] GC(437) Using 33 workers of 33 for evacuation
[109.371s][info][gc,phases      ] GC(437)   Pre Evacuate Collection Set: 0.3ms
[109.371s][info][gc,phases      ] GC(437)   Merge Heap Roots: 0.8ms
[109.371s][info][gc,phases      ] GC(437)   Evacuate Collection Set: 0.8ms
[109.371s][info][gc,phases      ] GC(437)   Post Evacuate Collection Set: 0.7ms
[109.371s][info][gc,phases      ] GC(437)   Other: 0.1ms
[109.371s][info][gc,heap        ] GC(437) Eden regions: 798->0(794)
[109.371s][info][gc,heap        ] GC(437) Survivor regions: 2->2(97)
[109.371s][info][gc,heap        ] GC(437) Old regions: 65->65
[109.371s][info][gc,heap        ] GC(437) Archive regions: 0->0
[109.371s][info][gc,heap        ] GC(437) Humongous regions: 1086->1082
[109.371s][info][gc,metaspace   ] GC(437) Metaspace: 126368K(128448K)->126368K(128448K) NonClass: 107344K(108032K)->107344K(108032K) Class: 19024K(20416K)->19024K(20416K)
[109.371s][info][gc             ] GC(437) Pause Young (Prepare Mixed) (G1 Evacuation Pause) 1939M->1137M(2048M) 2.913ms
[109.371s][info][gc,cpu         ] GC(437) User=0.00s Sys=0.00s Real=0.00s
[109.429s][info][gc,start       ] GC(438) Pause Young (Mixed) (G1 Evacuation Pause)
[109.429s][info][gc,task        ] GC(438) Using 33 workers of 33 for evacuation
[109.432s][info][gc,phases      ] GC(438)   Pre Evacuate Collection Set: 0.3ms
[109.432s][info][gc,phases      ] GC(438)   Merge Heap Roots: 0.3ms
[109.432s][info][gc,phases      ] GC(438)   Evacuate Collection Set: 1.1ms
[109.432s][info][gc,phases      ] GC(438)   Post Evacuate Collection Set: 0.7ms
[109.432s][info][gc,phases      ] GC(438)   Other: 0.1ms
[109.432s][info][gc,heap        ] GC(438) Eden regions: 794->0(778)
[109.432s][info][gc,heap        ] GC(438) Survivor regions: 2->2(75)
[109.432s][info][gc,heap        ] GC(438) Old regions: 65->63
[109.432s][info][gc,heap        ] GC(438) Archive regions: 0->0
[109.432s][info][gc,heap        ] GC(438) Humongous regions: 1112->1100
[109.432s][info][gc,metaspace   ] GC(438) Metaspace: 126368K(128448K)->126368K(128448K) NonClass: 107344K(108032K)->107344K(108032K) Class: 19024K(20416K)->19024K(20416K)
[109.432s][info][gc             ] GC(438) Pause Young (Mixed) (G1 Evacuation Pause) 1961M->1155M(2048M) 2.844ms
[109.432s][info][gc,cpu         ] GC(438) User=0.00s Sys=0.00s Real=0.00s
[109.450s][info][gc,start       ] GC(439) Pause Young (Concurrent Start) (G1 Humongous Allocation)
[109.450s][info][gc,task        ] GC(439) Using 33 workers of 33 for evacuation
[109.453s][info][gc,phases      ] GC(439)   Pre Evacuate Collection Set: 0.4ms
[109.453s][info][gc,phases      ] GC(439)   Merge Heap Roots: 0.2ms
[109.453s][info][gc,phases      ] GC(439)   Evacuate Collection Set: 1.5ms
[109.453s][info][gc,phases      ] GC(439)   Post Evacuate Collection Set: 0.6ms
[109.453s][info][gc,phases      ] GC(439)   Other: 0.1ms
[109.453s][info][gc,heap        ] GC(439) Eden regions: 260->0(782)
[109.453s][info][gc,heap        ] GC(439) Survivor regions: 2->2(98)
[109.453s][info][gc,heap        ] GC(439) Old regions: 63->63
[109.453s][info][gc,heap        ] GC(439) Archive regions: 0->0
[109.453s][info][gc,heap        ] GC(439) Humongous regions: 1100->1096
[109.453s][info][gc,metaspace   ] GC(439) Metaspace: 126368K(128448K)->126368K(128448K) NonClass: 107344K(108032K)->107344K(108032K) Class: 19024K(20416K)->19024K(20416K)
[109.453s][info][gc             ] GC(439) Pause Young (Concurrent Start) (G1 Humongous Allocation) 1415M->1151M(2048M) 3.015ms
[109.453s][info][gc             ] GC(440) Concurrent Mark Cycle
[109.453s][info][gc,cpu         ] GC(439) User=0.55s Sys=0.00s Real=0.02s
[109.453s][info][gc,marking     ] GC(440) Concurrent Scan Root Regions
[109.478s][info][gc,marking     ] GC(440) Concurrent Scan Root Regions 24.507ms
[109.478s][info][gc,marking     ] GC(440) Concurrent Mark
[109.478s][info][gc,marking     ] GC(440) Concurrent Mark From Roots
[109.478s][info][gc,task        ] GC(440) Using 8 workers of 8 for marking
[109.510s][info][gc,start       ] GC(441) Pause Young (Normal) (G1 Evacuation Pause)
[109.511s][info][gc,task        ] GC(441) Using 33 workers of 33 for evacuation
[109.513s][info][gc,phases      ] GC(441)   Pre Evacuate Collection Set: 0.3ms
[109.513s][info][gc,phases      ] GC(441)   Merge Heap Roots: 0.3ms
[109.513s][info][gc,phases      ] GC(441)   Evacuate Collection Set: 0.7ms
[109.513s][info][gc,phases      ] GC(441)   Post Evacuate Collection Set: 0.7ms
[109.513s][info][gc,phases      ] GC(441)   Other: 0.1ms
[109.513s][info][gc,heap        ] GC(441) Eden regions: 782->0(777)
[109.513s][info][gc,heap        ] GC(441) Survivor regions: 2->2(94)
[109.513s][info][gc,heap        ] GC(441) Old regions: 63->63
[109.513s][info][gc,heap        ] GC(441) Archive regions: 0->0
[109.513s][info][gc,heap        ] GC(441) Humongous regions: 1107->1101
[109.513s][info][gc,metaspace   ] GC(441) Metaspace: 126368K(128448K)->126368K(128448K) NonClass: 107344K(108032K)->107344K(108032K) Class: 19024K(20416K)->19024K(20416K)
[109.513s][info][gc             ] GC(441) Pause Young (Normal) (G1 Evacuation Pause) 1944M->1156M(2048M) 2.318ms
[109.513s][info][gc,cpu         ] GC(441) User=0.00s Sys=0.00s Real=0.00s
[109.543s][info][gc,marking     ] GC(440) Concurrent Mark From Roots 64.276ms
[109.543s][info][gc,marking     ] GC(440) Concurrent Preclean
[109.546s][info][gc,marking     ] GC(440) Concurrent Preclean 2.783ms
[109.547s][info][gc,start       ] GC(440) Pause Remark
[109.550s][info][gc             ] GC(440) Pause Remark 1632M->1632M(2048M) 2.917ms
[109.550s][info][gc,cpu         ] GC(440) User=0.00s Sys=0.00s Real=0.00s
[109.551s][info][gc,marking     ] GC(440) Concurrent Mark 72.183ms
[109.551s][info][gc,marking     ] GC(440) Concurrent Rebuild Remembered Sets and Scrub Regions
[109.575s][info][gc,start       ] GC(442) Pause Young (Normal) (G1 Evacuation Pause)
[109.575s][info][gc,task        ] GC(442) Using 33 workers of 33 for evacuation
[109.578s][info][gc,phases      ] GC(442)   Pre Evacuate Collection Set: 0.3ms
[109.578s][info][gc,phases      ] GC(442)   Merge Heap Roots: 0.8ms
[109.578s][info][gc,phases      ] GC(442)   Evacuate Collection Set: 0.7ms
[109.578s][info][gc,phases      ] GC(442)   Post Evacuate Collection Set: 0.7ms
[109.578s][info][gc,phases      ] GC(442)   Other: 0.1ms
[109.578s][info][gc,heap        ] GC(442) Eden regions: 777->0(758)
[109.578s][info][gc,heap        ] GC(442) Survivor regions: 2->3(73)
[109.578s][info][gc,heap        ] GC(442) Old regions: 63->63
[109.578s][info][gc,heap        ] GC(442) Archive regions: 0->0
[109.578s][info][gc,heap        ] GC(442) Humongous regions: 1133->1118
[109.578s][info][gc,metaspace   ] GC(442) Metaspace: 126374K(128448K)->126374K(128448K) NonClass: 107349K(108032K)->107349K(108032K) Class: 19024K(20416K)->19024K(20416K)
[109.578s][info][gc             ] GC(442) Pause Young (Normal) (G1 Evacuation Pause) 1965M->1174M(2048M) 2.860ms
[109.578s][info][gc,cpu         ] GC(442) User=0.05s Sys=0.00s Real=0.02s
[109.578s][info][gc,marking     ] GC(440) Concurrent Rebuild Remembered Sets and Scrub Regions 27.851ms
[109.580s][info][gc,start       ] GC(440) Pause Cleanup
[109.580s][info][gc             ] GC(440) Pause Cleanup 1195M->1195M(2048M) 0.280ms
[109.580s][info][gc,cpu         ] GC(440) User=0.00s Sys=0.00s Real=0.00s
[109.580s][info][gc,marking     ] GC(440) Concurrent Clear Claimed Marks
[109.581s][info][gc,marking     ] GC(440) Concurrent Clear Claimed Marks 0.684ms
[109.581s][info][gc,marking     ] GC(440) Concurrent Cleanup for Next Mark
[109.589s][info][gc,marking     ] GC(440) Concurrent Cleanup for Next Mark 7.883ms
[109.590s][info][gc             ] GC(440) Concurrent Mark Cycle 136.301ms
[109.637s][info][gc,start       ] GC(443) Pause Young (Prepare Mixed) (G1 Evacuation Pause)
[109.637s][info][gc,task        ] GC(443) Using 33 workers of 33 for evacuation
[109.640s][info][gc,phases      ] GC(443)   Pre Evacuate Collection Set: 0.3ms
[109.640s][info][gc,phases      ] GC(443)   Merge Heap Roots: 0.3ms
[109.640s][info][gc,phases      ] GC(443)   Evacuate Collection Set: 0.8ms
[109.640s][info][gc,phases      ] GC(443)   Post Evacuate Collection Set: 0.7ms
[109.640s][info][gc,phases      ] GC(443)   Other: 0.1ms
[109.640s][info][gc,heap        ] GC(443) Eden regions: 758->0(766)
[109.640s][info][gc,heap        ] GC(443) Survivor regions: 3->3(78)
[109.640s][info][gc,heap        ] GC(443) Old regions: 63->63
[109.640s][info][gc,heap        ] GC(443) Archive regions: 0->0
[109.640s][info][gc,heap        ] GC(443) Humongous regions: 1146->1110
[109.640s][info][gc,metaspace   ] GC(443) Metaspace: 126378K(128448K)->126378K(128448K) NonClass: 107354K(108032K)->107354K(108032K) Class: 19024K(20416K)->19024K(20416K)
[109.640s][info][gc             ] GC(443) Pause Young (Prepare Mixed) (G1 Evacuation Pause) 1960M->1166M(2048M) 2.426ms
[109.640s][info][gc,cpu         ] GC(443) User=0.00s Sys=0.00s Real=0.00s
[109.698s][info][gc,start       ] GC(444) Pause Young (Mixed) (G1 Evacuation Pause)
[109.698s][info][gc,task        ] GC(444) Using 33 workers of 33 for evacuation
[109.701s][info][gc,phases      ] GC(444)   Pre Evacuate Collection Set: 0.3ms
[109.701s][info][gc,phases      ] GC(444)   Merge Heap Roots: 0.3ms
[109.701s][info][gc,phases      ] GC(444)   Evacuate Collection Set: 1.2ms
[109.701s][info][gc,phases      ] GC(444)   Post Evacuate Collection Set: 0.7ms
[109.701s][info][gc,phases      ] GC(444)   Other: 0.1ms
[109.701s][info][gc,heap        ] GC(444) Eden regions: 766->0(748)
[109.701s][info][gc,heap        ] GC(444) Survivor regions: 3->3(74)
[109.701s][info][gc,heap        ] GC(444) Old regions: 63->61
[109.701s][info][gc,heap        ] GC(444) Archive regions: 0->0
[109.701s][info][gc,heap        ] GC(444) Humongous regions: 1142->1130
[109.701s][info][gc,metaspace   ] GC(444) Metaspace: 126378K(128448K)->126378K(128448K) NonClass: 107354K(108032K)->107354K(108032K) Class: 19024K(20416K)->19024K(20416K)
[109.701s][info][gc             ] GC(444) Pause Young (Mixed) (G1 Evacuation Pause) 1964M->1186M(2048M) 2.920ms
[109.701s][info][gc,cpu         ] GC(444) User=0.00s Sys=0.00s Real=0.00s
[109.702s][info][gc,start       ] GC(445) Pause Young (Concurrent Start) (G1 Humongous Allocation)
[109.702s][info][gc,task        ] GC(445) Using 33 workers of 33 for evacuation
[109.704s][info][gc,phases      ] GC(445)   Pre Evacuate Collection Set: 0.4ms
[109.704s][info][gc,phases      ] GC(445)   Merge Heap Roots: 0.1ms
[109.704s][info][gc,phases      ] GC(445)   Evacuate Collection Set: 1.3ms
[109.704s][info][gc,phases      ] GC(445)   Post Evacuate Collection Set: 0.5ms
[109.704s][info][gc,phases      ] GC(445)   Other: 0.0ms
[109.704s][info][gc,heap        ] GC(445) Eden regions: 4->0(762)
[109.704s][info][gc,heap        ] GC(445) Survivor regions: 3->3(94)
[109.704s][info][gc,heap        ] GC(445) Old regions: 61->61
[109.704s][info][gc,heap        ] GC(445) Archive regions: 0->0
[109.704s][info][gc,heap        ] GC(445) Humongous regions: 1130->1116
[109.704s][info][gc,metaspace   ] GC(445) Metaspace: 126378K(128448K)->126378K(128448K) NonClass: 107354K(108032K)->107354K(108032K) Class: 19024K(20416K)->19024K(20416K)
[109.704s][info][gc             ] GC(445) Pause Young (Concurrent Start) (G1 Humongous Allocation) 1190M->1172M(2048M) 2.518ms
[109.704s][info][gc             ] GC(446) Concurrent Mark Cycle
[109.704s][info][gc,cpu         ] GC(445) User=0.00s Sys=0.00s Real=0.00s
[109.704s][info][gc,marking     ] GC(446) Concurrent Scan Root Regions
[109.712s][info][gc,marking     ] GC(446) Concurrent Scan Root Regions 8.268ms
[109.713s][info][gc,marking     ] GC(446) Concurrent Mark
[109.713s][info][gc,marking     ] GC(446) Concurrent Mark From Roots
[109.713s][info][gc,task        ] GC(446) Using 8 workers of 8 for marking
[109.768s][info][gc,marking     ] GC(446) Concurrent Mark From Roots 55.454ms
[109.768s][info][gc,marking     ] GC(446) Concurrent Preclean
[109.770s][info][gc,marking     ] GC(446) Concurrent Preclean 1.872ms
[109.771s][info][gc,start       ] GC(447) Pause Young (Normal) (G1 Evacuation Pause)
[109.771s][info][gc,task        ] GC(447) Using 33 workers of 33 for evacuation
[109.774s][info][gc,phases      ] GC(447)   Pre Evacuate Collection Set: 0.3ms
[109.774s][info][gc,phases      ] GC(447)   Merge Heap Roots: 0.3ms
[109.774s][info][gc,phases      ] GC(447)   Evacuate Collection Set: 0.9ms
[109.774s][info][gc,phases      ] GC(447)   Post Evacuate Collection Set: 0.8ms
[109.774s][info][gc,phases      ] GC(447)   Other: 0.1ms
[109.774s][info][gc,heap        ] GC(447) Eden regions: 762->0(749)
[109.774s][info][gc,heap        ] GC(447) Survivor regions: 3->4(42)
[109.774s][info][gc,heap        ] GC(447) Old regions: 61->61
[109.774s][info][gc,heap        ] GC(447) Archive regions: 0->0
[109.774s][info][gc,heap        ] GC(447) Humongous regions: 1180->1127
[109.774s][info][gc,metaspace   ] GC(447) Metaspace: 126378K(128448K)->126378K(128448K) NonClass: 107354K(108032K)->107354K(108032K) Class: 19024K(20416K)->19024K(20416K)
[109.774s][info][gc             ] GC(447) Pause Young (Normal) (G1 Evacuation Pause) 1998M->1184M(2048M) 2.542ms
[109.774s][info][gc,cpu         ] GC(447) User=0.00s Sys=0.00s Real=0.00s
[109.776s][info][gc,start       ] GC(446) Pause Remark
[109.779s][info][gc             ] GC(446) Pause Remark 1186M->1186M(2048M) 2.783ms
[109.779s][info][gc,cpu         ] GC(446) User=0.00s Sys=0.00s Real=0.00s
[109.779s][info][gc,marking     ] GC(446) Concurrent Mark 66.613ms
[109.779s][info][gc,marking     ] GC(446) Concurrent Rebuild Remembered Sets and Scrub Regions
[109.791s][info][gc,marking     ] GC(446) Concurrent Rebuild Remembered Sets and Scrub Regions 11.777ms
[109.792s][info][gc,start       ] GC(446) Pause Cleanup
[109.792s][info][gc             ] GC(446) Pause Cleanup 1343M->1343M(2048M) 0.345ms
[109.792s][info][gc,cpu         ] GC(446) User=0.00s Sys=0.00s Real=0.00s
[109.792s][info][gc,marking     ] GC(446) Concurrent Clear Claimed Marks
[109.793s][info][gc,marking     ] GC(446) Concurrent Clear Claimed Marks 0.579ms
[109.793s][info][gc,marking     ] GC(446) Concurrent Cleanup for Next Mark
[109.798s][info][gc,marking     ] GC(446) Concurrent Cleanup for Next Mark 5.255ms
[109.798s][info][gc             ] GC(446) Concurrent Mark Cycle 94.219ms
[109.843s][info][gc,start       ] GC(448) Pause Young (Prepare Mixed) (G1 Evacuation Pause)
[109.843s][info][gc,task        ] GC(448) Using 33 workers of 33 for evacuation
[109.846s][info][gc,phases      ] GC(448)   Pre Evacuate Collection Set: 0.3ms
[109.846s][info][gc,phases      ] GC(448)   Merge Heap Roots: 0.8ms
[109.846s][info][gc,phases      ] GC(448)   Evacuate Collection Set: 1.1ms
[109.846s][info][gc,phases      ] GC(448)   Post Evacuate Collection Set: 0.8ms
[109.846s][info][gc,phases      ] GC(448)   Other: 0.1ms
[109.846s][info][gc,heap        ] GC(448) Eden regions: 749->0(724)
[109.846s][info][gc,heap        ] GC(448) Survivor regions: 4->6(45)
[109.846s][info][gc,heap        ] GC(448) Old regions: 61->61
[109.846s][info][gc,heap        ] GC(448) Archive regions: 0->0
[109.846s][info][gc,heap        ] GC(448) Humongous regions: 1189->1148
[109.846s][info][gc,metaspace   ] GC(448) Metaspace: 126378K(128448K)->126378K(128448K) NonClass: 107354K(108032K)->107354K(108032K) Class: 19024K(20416K)->19024K(20416K)
[109.846s][info][gc             ] GC(448) Pause Young (Prepare Mixed) (G1 Evacuation Pause) 1995M->1207M(2048M) 3.399ms
[109.846s][info][gc,cpu         ] GC(448) User=0.00s Sys=0.00s Real=0.00s
[109.900s][info][gc,start       ] GC(449) Pause Young (Mixed) (G1 Humongous Allocation)
[109.900s][info][gc,task        ] GC(449) Using 33 workers of 33 for evacuation
[109.903s][info][gc,phases      ] GC(449)   Pre Evacuate Collection Set: 0.3ms
[109.903s][info][gc,phases      ] GC(449)   Merge Heap Roots: 0.3ms
[109.903s][info][gc,phases      ] GC(449)   Evacuate Collection Set: 1.4ms
[109.903s][info][gc,phases      ] GC(449)   Post Evacuate Collection Set: 0.9ms
[109.903s][info][gc,phases      ] GC(449)   Other: 0.1ms
[109.903s][info][gc,heap        ] GC(449) Eden regions: 710->0(729)
[109.903s][info][gc,heap        ] GC(449) Survivor regions: 6->7(21)
[109.903s][info][gc,heap        ] GC(449) Old regions: 61->59
[109.903s][info][gc,heap        ] GC(449) Archive regions: 0->0
[109.903s][info][gc,heap        ] GC(449) Humongous regions: 1250->1143
[109.903s][info][gc,metaspace   ] GC(449) Metaspace: 126378K(128448K)->126378K(128448K) NonClass: 107354K(108032K)->107354K(108032K) Class: 19024K(20416K)->19024K(20416K)
[109.903s][info][gc             ] GC(449) Pause Young (Mixed) (G1 Humongous Allocation) 2019M->1203M(2048M) 3.251ms
[109.903s][info][gc,cpu         ] GC(449) User=0.00s Sys=0.00s Real=0.00s
[109.904s][info][gc,start       ] GC(450) Pause Young (Concurrent Start) (G1 Humongous Allocation)
[109.904s][info][gc,task        ] GC(450) Using 33 workers of 33 for evacuation
[109.907s][info][gc,phases      ] GC(450)   Pre Evacuate Collection Set: 0.4ms
[109.907s][info][gc,phases      ] GC(450)   Merge Heap Roots: 0.1ms
[109.907s][info][gc,phases      ] GC(450)   Evacuate Collection Set: 2.1ms
[109.907s][info][gc,phases      ] GC(450)   Post Evacuate Collection Set: 0.5ms
[109.907s][info][gc,phases      ] GC(450)   Other: 0.0ms
[109.907s][info][gc,heap        ] GC(450) Eden regions: 6->0(721)
[109.907s][info][gc,heap        ] GC(450) Survivor regions: 7->7(92)
[109.907s][info][gc,heap        ] GC(450) Old regions: 59->60
[109.907s][info][gc,heap        ] GC(450) Archive regions: 0->0
[109.907s][info][gc,heap        ] GC(450) Humongous regions: 1150->1150
[109.907s][info][gc,metaspace   ] GC(450) Metaspace: 126378K(128448K)->126378K(128448K) NonClass: 107354K(108032K)->107354K(108032K) Class: 19024K(20416K)->19024K(20416K)
[109.907s][info][gc             ] GC(450) Pause Young (Concurrent Start) (G1 Humongous Allocation) 1216M->1210M(2048M) 3.357ms
[109.907s][info][gc             ] GC(451) Concurrent Mark Cycle
[109.907s][info][gc,cpu         ] GC(450) User=0.00s Sys=0.00s Real=0.00s
[109.907s][info][gc,marking     ] GC(451) Concurrent Scan Root Regions
[109.912s][info][gc,marking     ] GC(451) Concurrent Scan Root Regions 4.994ms
[109.913s][info][gc,marking     ] GC(451) Concurrent Mark
[109.913s][info][gc,marking     ] GC(451) Concurrent Mark From Roots
[109.913s][info][gc,task        ] GC(451) Using 8 workers of 8 for marking
[109.935s][info][gc,marking     ] GC(451) Concurrent Mark From Roots 22.491ms
[109.935s][info][gc,marking     ] GC(451) Concurrent Preclean
[109.936s][info][gc,marking     ] GC(451) Concurrent Preclean 0.665ms
[109.936s][info][gc,start       ] GC(451) Pause Remark
[109.939s][info][gc             ] GC(451) Pause Remark 1649M->1649M(2048M) 2.915ms
[109.939s][info][gc,cpu         ] GC(451) User=0.52s Sys=0.00s Real=0.02s
[109.939s][info][gc,marking     ] GC(451) Concurrent Mark 26.577ms
[109.939s][info][gc,marking     ] GC(451) Concurrent Rebuild Remembered Sets and Scrub Regions
[109.946s][info][gc,marking     ] GC(451) Concurrent Rebuild Remembered Sets and Scrub Regions 7.319ms
[109.947s][info][gc,start       ] GC(451) Pause Cleanup
[109.948s][info][gc             ] GC(451) Pause Cleanup 1769M->1769M(2048M) 0.302ms
[109.948s][info][gc,cpu         ] GC(451) User=0.00s Sys=0.00s Real=0.00s
[109.948s][info][gc,marking     ] GC(451) Concurrent Clear Claimed Marks
[109.948s][info][gc,marking     ] GC(451) Concurrent Clear Claimed Marks 0.227ms
[109.948s][info][gc,marking     ] GC(451) Concurrent Cleanup for Next Mark
[109.951s][info][gc,marking     ] GC(451) Concurrent Cleanup for Next Mark 2.622ms
[109.951s][info][gc             ] GC(451) Concurrent Mark Cycle 43.166ms
[109.963s][info][gc,start       ] GC(452) Pause Young (Prepare Mixed) (G1 Humongous Allocation)
[109.963s][info][gc,task        ] GC(452) Using 33 workers of 33 for evacuation
[109.966s][info][gc,phases      ] GC(452)   Pre Evacuate Collection Set: 0.3ms
[109.966s][info][gc,phases      ] GC(452)   Merge Heap Roots: 0.8ms
[109.966s][info][gc,phases      ] GC(452)   Evacuate Collection Set: 1.1ms
[109.966s][info][gc,phases      ] GC(452)   Post Evacuate Collection Set: 0.8ms
[109.966s][info][gc,phases      ] GC(452)   Other: 0.1ms
[109.966s][info][gc,heap        ] GC(452) Eden regions: 721->0(716)
[109.966s][info][gc,heap        ] GC(452) Survivor regions: 7->7(20)
[109.966s][info][gc,heap        ] GC(452) Old regions: 60->60
[109.966s][info][gc,heap        ] GC(452) Archive regions: 0->0
[109.966s][info][gc,heap        ] GC(452) Humongous regions: 1240->1155
[109.966s][info][gc,metaspace   ] GC(452) Metaspace: 126378K(128448K)->126378K(128448K) NonClass: 107354K(108032K)->107354K(108032K) Class: 19024K(20416K)->19024K(20416K)
[109.966s][info][gc             ] GC(452) Pause Young (Prepare Mixed) (G1 Humongous Allocation) 2021M->1216M(2048M) 3.344ms
[109.966s][info][gc,cpu         ] GC(452) User=0.00s Sys=0.00s Real=0.00s
[110.008s][info][gc,start       ] GC(453) Pause Young (Mixed) (G1 Humongous Allocation)
[110.008s][info][gc,task        ] GC(453) Using 33 workers of 33 for evacuation
[110.012s][info][gc,phases      ] GC(453)   Pre Evacuate Collection Set: 0.3ms
[110.012s][info][gc,phases      ] GC(453)   Merge Heap Roots: 0.3ms
[110.012s][info][gc,phases      ] GC(453)   Evacuate Collection Set: 2.6ms
[110.012s][info][gc,phases      ] GC(453)   Post Evacuate Collection Set: 0.8ms
[110.012s][info][gc,phases      ] GC(453)   Other: 0.1ms
[110.012s][info][gc,heap        ] GC(453) Eden regions: 693->0(682)
[110.012s][info][gc,heap        ] GC(453) Survivor regions: 7->7(44)
[110.012s][info][gc,heap        ] GC(453) Old regions: 60->58
[110.012s][info][gc,heap        ] GC(453) Archive regions: 0->0
[110.012s][info][gc,heap        ] GC(453) Humongous regions: 1244->1191
[110.012s][info][gc,metaspace   ] GC(453) Metaspace: 126378K(128448K)->126378K(128448K) NonClass: 107354K(108032K)->107354K(108032K) Class: 19024K(20416K)->19024K(20416K)
[110.012s][info][gc             ] GC(453) Pause Young (Mixed) (G1 Humongous Allocation) 1998M->1251M(2048M) 4.377ms
[110.012s][info][gc,cpu         ] GC(453) User=0.00s Sys=0.00s Real=0.00s
[110.013s][info][gc,start       ] GC(454) Pause Young (Concurrent Start) (G1 Humongous Allocation)
[110.013s][info][gc,task        ] GC(454) Using 33 workers of 33 for evacuation
[110.016s][info][gc,phases      ] GC(454)   Pre Evacuate Collection Set: 0.4ms
[110.017s][info][gc,phases      ] GC(454)   Merge Heap Roots: 0.1ms
[110.017s][info][gc,phases      ] GC(454)   Evacuate Collection Set: 2.0ms
[110.017s][info][gc,phases      ] GC(454)   Post Evacuate Collection Set: 0.6ms
[110.017s][info][gc,phases      ] GC(454)   Other: 0.0ms
[110.017s][info][gc,heap        ] GC(454) Eden regions: 3->0(682)
[110.017s][info][gc,heap        ] GC(454) Survivor regions: 7->7(87)
[110.017s][info][gc,heap        ] GC(454) Old regions: 58->58
[110.017s][info][gc,heap        ] GC(454) Archive regions: 0->0
[110.017s][info][gc,heap        ] GC(454) Humongous regions: 1198->1191
[110.017s][info][gc,metaspace   ] GC(454) Metaspace: 126378K(128448K)->126378K(128448K) NonClass: 107354K(108032K)->107354K(108032K) Class: 19024K(20416K)->19024K(20416K)
[110.017s][info][gc             ] GC(454) Pause Young (Concurrent Start) (G1 Humongous Allocation) 1261M->1251M(2048M) 3.295ms
[110.017s][info][gc             ] GC(455) Concurrent Mark Cycle
[110.017s][info][gc,cpu         ] GC(454) User=0.00s Sys=0.00s Real=0.00s
[110.017s][info][gc,marking     ] GC(455) Concurrent Scan Root Regions
[110.021s][info][gc,marking     ] GC(455) Concurrent Scan Root Regions 4.432ms
[110.021s][info][gc,marking     ] GC(455) Concurrent Mark
[110.021s][info][gc,marking     ] GC(455) Concurrent Mark From Roots
[110.021s][info][gc,task        ] GC(455) Using 8 workers of 8 for marking
[110.044s][info][gc,marking     ] GC(455) Concurrent Mark From Roots 23.091ms
[110.044s][info][gc,marking     ] GC(455) Concurrent Preclean
[110.045s][info][gc,marking     ] GC(455) Concurrent Preclean 0.659ms
[110.045s][info][gc,start       ] GC(455) Pause Remark
[110.048s][info][gc             ] GC(455) Pause Remark 1598M->1598M(2048M) 2.935ms
[110.048s][info][gc,cpu         ] GC(455) User=0.00s Sys=0.00s Real=0.00s
[110.048s][info][gc,marking     ] GC(455) Concurrent Mark 27.247ms
[110.048s][info][gc,marking     ] GC(455) Concurrent Rebuild Remembered Sets and Scrub Regions
[110.056s][info][gc,marking     ] GC(455) Concurrent Rebuild Remembered Sets and Scrub Regions 7.217ms
[110.057s][info][gc,start       ] GC(455) Pause Cleanup
[110.057s][info][gc             ] GC(455) Pause Cleanup 1718M->1718M(2048M) 0.288ms
[110.057s][info][gc,cpu         ] GC(455) User=0.00s Sys=0.00s Real=0.00s
[110.057s][info][gc,marking     ] GC(455) Concurrent Clear Claimed Marks
[110.057s][info][gc,marking     ] GC(455) Concurrent Clear Claimed Marks 0.256ms
[110.057s][info][gc,marking     ] GC(455) Concurrent Cleanup for Next Mark
[110.060s][info][gc,marking     ] GC(455) Concurrent Cleanup for Next Mark 2.529ms
[110.060s][info][gc             ] GC(455) Concurrent Mark Cycle 43.328ms
[110.075s][info][gc,start       ] GC(456) Pause Young (Prepare Mixed) (G1 Humongous Allocation)
[110.075s][info][gc,task        ] GC(456) Using 33 workers of 33 for evacuation
[110.078s][info][gc,phases      ] GC(456)   Pre Evacuate Collection Set: 0.3ms
[110.078s][info][gc,phases      ] GC(456)   Merge Heap Roots: 0.8ms
[110.078s][info][gc,phases      ] GC(456)   Evacuate Collection Set: 1.1ms
[110.078s][info][gc,phases      ] GC(456)   Post Evacuate Collection Set: 0.8ms
[110.078s][info][gc,phases      ] GC(456)   Other: 0.1ms
[110.078s][info][gc,heap        ] GC(456) Eden regions: 663->0(675)
[110.078s][info][gc,heap        ] GC(456) Survivor regions: 7->7(37)
[110.078s][info][gc,heap        ] GC(456) Old regions: 58->58
[110.078s][info][gc,heap        ] GC(456) Archive regions: 0->0
[110.078s][info][gc,heap        ] GC(456) Humongous regions: 1283->1198
[110.078s][info][gc,metaspace   ] GC(456) Metaspace: 126384K(128448K)->126384K(128448K) NonClass: 107360K(108032K)->107360K(108032K) Class: 19024K(20416K)->19024K(20416K)
[110.078s][info][gc             ] GC(456) Pause Young (Prepare Mixed) (G1 Humongous Allocation) 2006M->1259M(2048M) 3.323ms
[110.078s][info][gc,cpu         ] GC(456) User=0.00s Sys=0.00s Real=0.00s
[110.121s][info][gc,start       ] GC(457) Pause Young (Mixed) (G1 Humongous Allocation)
[110.121s][info][gc,task        ] GC(457) Using 33 workers of 33 for evacuation
[110.124s][info][gc,phases      ] GC(457)   Pre Evacuate Collection Set: 0.3ms
[110.124s][info][gc,phases      ] GC(457)   Merge Heap Roots: 0.3ms
[110.124s][info][gc,phases      ] GC(457)   Evacuate Collection Set: 1.5ms
[110.124s][info][gc,phases      ] GC(457)   Post Evacuate Collection Set: 0.8ms
[110.124s][info][gc,phases      ] GC(457)   Other: 0.1ms
[110.124s][info][gc,heap        ] GC(457) Eden regions: 633->0(676)
[110.124s][info][gc,heap        ] GC(457) Survivor regions: 7->7(57)
[110.124s][info][gc,heap        ] GC(457) Old regions: 58->57
[110.124s][info][gc,heap        ] GC(457) Archive regions: 0->0
[110.124s][info][gc,heap        ] GC(457) Humongous regions: 1293->1198
[110.124s][info][gc,metaspace   ] GC(457) Metaspace: 126385K(128448K)->126385K(128448K) NonClass: 107360K(108032K)->107360K(108032K) Class: 19024K(20416K)->19024K(20416K)
[110.124s][info][gc             ] GC(457) Pause Young (Mixed) (G1 Humongous Allocation) 1986M->1258M(2048M) 3.293ms
[110.124s][info][gc,cpu         ] GC(457) User=0.00s Sys=0.00s Real=0.00s
[110.126s][info][gc,start       ] GC(458) Pause Young (Concurrent Start) (G1 Humongous Allocation)
[110.126s][info][gc,task        ] GC(458) Using 33 workers of 33 for evacuation
[110.129s][info][gc,phases      ] GC(458)   Pre Evacuate Collection Set: 0.4ms
[110.129s][info][gc,phases      ] GC(458)   Merge Heap Roots: 0.1ms
[110.129s][info][gc,phases      ] GC(458)   Evacuate Collection Set: 1.8ms
[110.129s][info][gc,phases      ] GC(458)   Post Evacuate Collection Set: 0.6ms
[110.129s][info][gc,phases      ] GC(458)   Other: 0.0ms
[110.129s][info][gc,heap        ] GC(458) Eden regions: 24->0(675)
[110.129s][info][gc,heap        ] GC(458) Survivor regions: 7->7(86)
[110.129s][info][gc,heap        ] GC(458) Old regions: 57->57
[110.129s][info][gc,heap        ] GC(458) Archive regions: 0->0
[110.129s][info][gc,heap        ] GC(458) Humongous regions: 1202->1199
[110.129s][info][gc,metaspace   ] GC(458) Metaspace: 126385K(128448K)->126385K(128448K) NonClass: 107360K(108032K)->107360K(108032K) Class: 19024K(20416K)->19024K(20416K)
[110.129s][info][gc             ] GC(458) Pause Young (Concurrent Start) (G1 Humongous Allocation) 1286M->1259M(2048M) 3.042ms
[110.129s][info][gc             ] GC(459) Concurrent Mark Cycle
[110.129s][info][gc,cpu         ] GC(458) User=0.00s Sys=0.00s Real=0.00s
[110.129s][info][gc,marking     ] GC(459) Concurrent Scan Root Regions
[110.132s][info][gc,marking     ] GC(459) Concurrent Scan Root Regions 2.762ms
[110.132s][info][gc,marking     ] GC(459) Concurrent Mark
[110.132s][info][gc,marking     ] GC(459) Concurrent Mark From Roots
[110.132s][info][gc,task        ] GC(459) Using 8 workers of 8 for marking
[110.159s][info][gc,marking     ] GC(459) Concurrent Mark From Roots 26.661ms
[110.159s][info][gc,marking     ] GC(459) Concurrent Preclean
[110.159s][info][gc,marking     ] GC(459) Concurrent Preclean 0.689ms
[110.160s][info][gc,start       ] GC(459) Pause Remark
[110.162s][info][gc             ] GC(459) Pause Remark 1711M->1711M(2048M) 2.738ms
[110.162s][info][gc,cpu         ] GC(459) User=0.52s Sys=0.00s Real=0.01s
[110.162s][info][gc,marking     ] GC(459) Concurrent Mark 30.486ms
[110.163s][info][gc,marking     ] GC(459) Concurrent Rebuild Remembered Sets and Scrub Regions
[110.170s][info][gc,marking     ] GC(459) Concurrent Rebuild Remembered Sets and Scrub Regions 7.022ms
[110.170s][info][gc,start       ] GC(459) Pause Cleanup
[110.170s][info][gc             ] GC(459) Pause Cleanup 1811M->1811M(2048M) 0.296ms
[110.170s][info][gc,cpu         ] GC(459) User=0.00s Sys=0.00s Real=0.00s
[110.170s][info][gc,marking     ] GC(459) Concurrent Clear Claimed Marks
[110.170s][info][gc,marking     ] GC(459) Concurrent Clear Claimed Marks 0.179ms
[110.170s][info][gc,marking     ] GC(459) Concurrent Cleanup for Next Mark
[110.173s][info][gc,marking     ] GC(459) Concurrent Cleanup for Next Mark 2.426ms
[110.173s][info][gc             ] GC(459) Concurrent Mark Cycle 43.835ms
[110.183s][info][gc,start       ] GC(460) Pause Young (Prepare Mixed) (G1 Evacuation Pause)
[110.183s][info][gc,task        ] GC(460) Using 33 workers of 33 for evacuation
[110.186s][info][gc,phases      ] GC(460)   Pre Evacuate Collection Set: 0.3ms
[110.186s][info][gc,phases      ] GC(460)   Merge Heap Roots: 0.8ms
[110.186s][info][gc,phases      ] GC(460)   Evacuate Collection Set: 1.0ms
[110.186s][info][gc,phases      ] GC(460)   Post Evacuate Collection Set: 0.8ms
[110.186s][info][gc,phases      ] GC(460)   Other: 0.1ms
[110.186s][info][gc,heap        ] GC(460) Eden regions: 675->0(657)
[110.186s][info][gc,heap        ] GC(460) Survivor regions: 7->7(33)
[110.186s][info][gc,heap        ] GC(460) Old regions: 57->57
[110.186s][info][gc,heap        ] GC(460) Archive regions: 0->0
[110.186s][info][gc,heap        ] GC(460) Humongous regions: 1276->1217
[110.186s][info][gc,metaspace   ] GC(460) Metaspace: 126393K(128448K)->126393K(128448K) NonClass: 107369K(108032K)->107369K(108032K) Class: 19024K(20416K)->19024K(20416K)
[110.186s][info][gc             ] GC(460) Pause Young (Prepare Mixed) (G1 Evacuation Pause) 2011M->1277M(2048M) 3.138ms
[110.186s][info][gc,cpu         ] GC(460) User=0.00s Sys=0.00s Real=0.00s
[110.222s][info][gc,start       ] GC(461) Pause Young (Mixed) (G1 Humongous Allocation)
[110.222s][info][gc,task        ] GC(461) Using 33 workers of 33 for evacuation
[110.225s][info][gc,phases      ] GC(461)   Pre Evacuate Collection Set: 0.3ms
[110.225s][info][gc,phases      ] GC(461)   Merge Heap Roots: 0.3ms
[110.225s][info][gc,phases      ] GC(461)   Evacuate Collection Set: 1.9ms
[110.225s][info][gc,phases      ] GC(461)   Post Evacuate Collection Set: 0.8ms
[110.225s][info][gc,phases      ] GC(461)   Other: 0.2ms
[110.225s][info][gc,heap        ] GC(461) Eden regions: 584->0(644)
[110.225s][info][gc,heap        ] GC(461) Survivor regions: 7->7(83)
[110.225s][info][gc,heap        ] GC(461) Old regions: 57->56
[110.225s][info][gc,heap        ] GC(461) Archive regions: 0->0
[110.225s][info][gc,heap        ] GC(461) Humongous regions: 1313->1231
[110.225s][info][gc,metaspace   ] GC(461) Metaspace: 126393K(128448K)->126393K(128448K) NonClass: 107369K(108032K)->107369K(108032K) Class: 19024K(20416K)->19024K(20416K)
[110.225s][info][gc             ] GC(461) Pause Young (Mixed) (G1 Humongous Allocation) 1957M->1291M(2048M) 3.688ms
[110.225s][info][gc,cpu         ] GC(461) User=0.52s Sys=0.00s Real=0.02s
[110.229s][info][gc,start       ] GC(462) Pause Young (Concurrent Start) (G1 Humongous Allocation)
[110.229s][info][gc,task        ] GC(462) Using 33 workers of 33 for evacuation
[110.232s][info][gc,phases      ] GC(462)   Pre Evacuate Collection Set: 0.4ms
[110.232s][info][gc,phases      ] GC(462)   Merge Heap Roots: 0.1ms
[110.232s][info][gc,phases      ] GC(462)   Evacuate Collection Set: 1.7ms
[110.232s][info][gc,phases      ] GC(462)   Post Evacuate Collection Set: 0.6ms
[110.232s][info][gc,phases      ] GC(462)   Other: 0.0ms
[110.232s][info][gc,heap        ] GC(462) Eden regions: 58->0(644)
[110.232s][info][gc,heap        ] GC(462) Survivor regions: 7->7(82)
[110.232s][info][gc,heap        ] GC(462) Old regions: 56->56
[110.232s][info][gc,heap        ] GC(462) Archive regions: 0->0
[110.232s][info][gc,heap        ] GC(462) Humongous regions: 1235->1231
[110.232s][info][gc,metaspace   ] GC(462) Metaspace: 126393K(128448K)->126393K(128448K) NonClass: 107369K(108032K)->107369K(108032K) Class: 19024K(20416K)->19024K(20416K)
[110.232s][info][gc             ] GC(462) Pause Young (Concurrent Start) (G1 Humongous Allocation) 1353M->1291M(2048M) 3.081ms
[110.232s][info][gc             ] GC(463) Concurrent Mark Cycle
[110.232s][info][gc,cpu         ] GC(462) User=0.00s Sys=0.00s Real=0.00s
[110.232s][info][gc,marking     ] GC(463) Concurrent Scan Root Regions
[110.236s][info][gc,marking     ] GC(463) Concurrent Scan Root Regions 3.631ms
[110.236s][info][gc,marking     ] GC(463) Concurrent Mark
[110.236s][info][gc,marking     ] GC(463) Concurrent Mark From Roots
[110.236s][info][gc,task        ] GC(463) Using 8 workers of 8 for marking
[110.258s][info][gc,marking     ] GC(463) Concurrent Mark From Roots 22.307ms
[110.258s][info][gc,marking     ] GC(463) Concurrent Preclean
[110.259s][info][gc,marking     ] GC(463) Concurrent Preclean 0.676ms
[110.259s][info][gc,start       ] GC(463) Pause Remark
[110.262s][info][gc             ] GC(463) Pause Remark 1701M->1701M(2048M) 2.864ms
[110.262s][info][gc,cpu         ] GC(463) User=0.00s Sys=0.00s Real=0.00s
[110.262s][info][gc,marking     ] GC(463) Concurrent Mark 26.325ms
[110.262s][info][gc,marking     ] GC(463) Concurrent Rebuild Remembered Sets and Scrub Regions
[110.269s][info][gc,marking     ] GC(463) Concurrent Rebuild Remembered Sets and Scrub Regions 7.001ms
[110.269s][info][gc,start       ] GC(463) Pause Cleanup
[110.269s][info][gc             ] GC(463) Pause Cleanup 1804M->1804M(2048M) 0.294ms
[110.270s][info][gc,cpu         ] GC(463) User=0.00s Sys=0.00s Real=0.00s
[110.270s][info][gc,marking     ] GC(463) Concurrent Clear Claimed Marks
[110.270s][info][gc,marking     ] GC(463) Concurrent Clear Claimed Marks 0.185ms
[110.270s][info][gc,marking     ] GC(463) Concurrent Cleanup for Next Mark
[110.272s][info][gc,marking     ] GC(463) Concurrent Cleanup for Next Mark 2.534ms
[110.272s][info][gc             ] GC(463) Concurrent Mark Cycle 40.545ms
[110.283s][info][gc,start       ] GC(464) Pause Young (Prepare Mixed) (G1 Humongous Allocation)
[110.283s][info][gc,task        ] GC(464) Using 33 workers of 33 for evacuation
[110.286s][info][gc,phases      ] GC(464)   Pre Evacuate Collection Set: 0.3ms
[110.286s][info][gc,phases      ] GC(464)   Merge Heap Roots: 0.8ms
[110.286s][info][gc,phases      ] GC(464)   Evacuate Collection Set: 0.9ms
[110.286s][info][gc,phases      ] GC(464)   Post Evacuate Collection Set: 0.8ms
[110.286s][info][gc,phases      ] GC(464)   Other: 0.1ms
[110.286s][info][gc,heap        ] GC(464) Eden regions: 644->0(627)
[110.286s][info][gc,heap        ] GC(464) Survivor regions: 7->5(32)
[110.286s][info][gc,heap        ] GC(464) Old regions: 56->56
[110.286s][info][gc,heap        ] GC(464) Archive regions: 0->0
[110.286s][info][gc,heap        ] GC(464) Humongous regions: 1309->1252
[110.286s][info][gc,metaspace   ] GC(464) Metaspace: 126393K(128448K)->126393K(128448K) NonClass: 107369K(108032K)->107369K(108032K) Class: 19024K(20416K)->19024K(20416K)
[110.286s][info][gc             ] GC(464) Pause Young (Prepare Mixed) (G1 Humongous Allocation) 2012M->1310M(2048M) 3.020ms
[110.286s][info][gc,cpu         ] GC(464) User=0.00s Sys=0.00s Real=0.00s
[110.322s][info][gc,start       ] GC(465) Pause Young (Mixed) (G1 Humongous Allocation)
[110.322s][info][gc,task        ] GC(465) Using 33 workers of 33 for evacuation
[110.325s][info][gc,phases      ] GC(465)   Pre Evacuate Collection Set: 0.3ms
[110.325s][info][gc,phases      ] GC(465)   Merge Heap Roots: 0.2ms
[110.325s][info][gc,phases      ] GC(465)   Evacuate Collection Set: 1.5ms
[110.325s][info][gc,phases      ] GC(465)   Post Evacuate Collection Set: 0.8ms
[110.325s][info][gc,phases      ] GC(465)   Other: 0.1ms
[110.325s][info][gc,heap        ] GC(465) Eden regions: 573->0(621)
[110.325s][info][gc,heap        ] GC(465) Survivor regions: 5->5(75)
[110.325s][info][gc,heap        ] GC(465) Old regions: 56->56
[110.325s][info][gc,heap        ] GC(465) Archive regions: 0->0
[110.325s][info][gc,heap        ] GC(465) Humongous regions: 1339->1258
[110.325s][info][gc,metaspace   ] GC(465) Metaspace: 126397K(128448K)->126397K(128448K) NonClass: 107373K(108032K)->107373K(108032K) Class: 19024K(20416K)->19024K(20416K)
[110.325s][info][gc             ] GC(465) Pause Young (Mixed) (G1 Humongous Allocation) 1970M->1316M(2048M) 3.083ms
[110.325s][info][gc,cpu         ] GC(465) User=0.00s Sys=0.00s Real=0.00s
[110.326s][info][gc,start       ] GC(466) Pause Young (Concurrent Start) (G1 Humongous Allocation)
[110.326s][info][gc,task        ] GC(466) Using 33 workers of 33 for evacuation
[110.329s][info][gc,phases      ] GC(466)   Pre Evacuate Collection Set: 0.4ms
[110.329s][info][gc,phases      ] GC(466)   Merge Heap Roots: 0.1ms
[110.329s][info][gc,phases      ] GC(466)   Evacuate Collection Set: 2.0ms
[110.329s][info][gc,phases      ] GC(466)   Post Evacuate Collection Set: 0.5ms
[110.329s][info][gc,phases      ] GC(466)   Other: 0.0ms
[110.329s][info][gc,heap        ] GC(466) Eden regions: 6->0(625)
[110.329s][info][gc,heap        ] GC(466) Survivor regions: 5->5(79)
[110.329s][info][gc,heap        ] GC(466) Old regions: 56->56
[110.329s][info][gc,heap        ] GC(466) Archive regions: 0->0
[110.329s][info][gc,heap        ] GC(466) Humongous regions: 1265->1254
[110.329s][info][gc,metaspace   ] GC(466) Metaspace: 126397K(128448K)->126397K(128448K) NonClass: 107373K(108032K)->107373K(108032K) Class: 19024K(20416K)->19024K(20416K)
[110.329s][info][gc             ] GC(466) Pause Young (Concurrent Start) (G1 Humongous Allocation) 1328M->1312M(2048M) 3.288ms
[110.329s][info][gc             ] GC(467) Concurrent Mark Cycle
[110.329s][info][gc,cpu         ] GC(466) User=0.00s Sys=0.00s Real=0.00s
[110.329s][info][gc,marking     ] GC(467) Concurrent Scan Root Regions
[110.332s][info][gc,marking     ] GC(467) Concurrent Scan Root Regions 3.068ms
[110.333s][info][gc,marking     ] GC(467) Concurrent Mark
[110.333s][info][gc,marking     ] GC(467) Concurrent Mark From Roots
[110.333s][info][gc,task        ] GC(467) Using 8 workers of 8 for marking
[110.352s][info][gc,marking     ] GC(467) Concurrent Mark From Roots 19.733ms
[110.352s][info][gc,marking     ] GC(467) Concurrent Preclean
[110.353s][info][gc,marking     ] GC(467) Concurrent Preclean 0.573ms
[110.353s][info][gc,start       ] GC(467) Pause Remark
[110.356s][info][gc             ] GC(467) Pause Remark 1653M->1653M(2048M) 2.759ms
[110.356s][info][gc,cpu         ] GC(467) User=0.00s Sys=0.00s Real=0.00s
[110.356s][info][gc,marking     ] GC(467) Concurrent Mark 23.492ms
[110.356s][info][gc,marking     ] GC(467) Concurrent Rebuild Remembered Sets and Scrub Regions
[110.364s][info][gc,marking     ] GC(467) Concurrent Rebuild Remembered Sets and Scrub Regions 8.008ms
[110.365s][info][gc,start       ] GC(467) Pause Cleanup
[110.365s][info][gc             ] GC(467) Pause Cleanup 1787M->1787M(2048M) 0.319ms
[110.365s][info][gc,cpu         ] GC(467) User=0.00s Sys=0.00s Real=0.00s
[110.365s][info][gc,marking     ] GC(467) Concurrent Clear Claimed Marks
[110.366s][info][gc,marking     ] GC(467) Concurrent Clear Claimed Marks 0.203ms
[110.366s][info][gc,marking     ] GC(467) Concurrent Cleanup for Next Mark
[110.368s][info][gc,marking     ] GC(467) Concurrent Cleanup for Next Mark 2.399ms
[110.368s][info][gc             ] GC(467) Concurrent Mark Cycle 38.644ms
[110.379s][info][gc,start       ] GC(468) Pause Young (Prepare Mixed) (G1 Humongous Allocation)
[110.379s][info][gc,task        ] GC(468) Using 33 workers of 33 for evacuation
[110.382s][info][gc,phases      ] GC(468)   Pre Evacuate Collection Set: 0.3ms
[110.382s][info][gc,phases      ] GC(468)   Merge Heap Roots: 0.8ms
[110.382s][info][gc,phases      ] GC(468)   Evacuate Collection Set: 1.0ms
[110.382s][info][gc,phases      ] GC(468)   Post Evacuate Collection Set: 0.8ms
[110.382s][info][gc,phases      ] GC(468)   Other: 0.1ms
[110.382s][info][gc,heap        ] GC(468) Eden regions: 617->0(615)
[110.382s][info][gc,heap        ] GC(468) Survivor regions: 5->4(45)
[110.382s][info][gc,heap        ] GC(468) Old regions: 56->57
[110.382s][info][gc,heap        ] GC(468) Archive regions: 0->0
[110.382s][info][gc,heap        ] GC(468) Humongous regions: 1325->1265
[110.382s][info][gc,metaspace   ] GC(468) Metaspace: 126437K(128512K)->126437K(128512K) NonClass: 107412K(108096K)->107412K(108096K) Class: 19024K(20416K)->19024K(20416K)
[110.382s][info][gc             ] GC(468) Pause Young (Prepare Mixed) (G1 Humongous Allocation) 2000M->1323M(2048M) 3.139ms
[110.382s][info][gc,cpu         ] GC(468) User=0.00s Sys=0.00s Real=0.00s
[110.417s][info][gc,start       ] GC(469) Pause Young (Mixed) (G1 Humongous Allocation)
[110.417s][info][gc,task        ] GC(469) Using 33 workers of 33 for evacuation
[110.420s][info][gc,phases      ] GC(469)   Pre Evacuate Collection Set: 0.3ms
[110.420s][info][gc,phases      ] GC(469)   Merge Heap Roots: 0.3ms
[110.420s][info][gc,phases      ] GC(469)   Evacuate Collection Set: 1.5ms
[110.420s][info][gc,phases      ] GC(469)   Post Evacuate Collection Set: 0.7ms
[110.420s][info][gc,phases      ] GC(469)   Other: 0.1ms
[110.420s][info][gc,heap        ] GC(469) Eden regions: 582->0(598)
[110.420s][info][gc,heap        ] GC(469) Survivor regions: 4->3(62)
[110.420s][info][gc,heap        ] GC(469) Old regions: 57->57
[110.420s][info][gc,heap        ] GC(469) Archive regions: 0->0
[110.420s][info][gc,heap        ] GC(469) Humongous regions: 1343->1284
[110.420s][info][gc,metaspace   ] GC(469) Metaspace: 126437K(128512K)->126437K(128512K) NonClass: 107412K(108096K)->107412K(108096K) Class: 19024K(20416K)->19024K(20416K)
[110.420s][info][gc             ] GC(469) Pause Young (Mixed) (G1 Humongous Allocation) 1983M->1341M(2048M) 3.098ms
[110.420s][info][gc,cpu         ] GC(469) User=0.00s Sys=0.00s Real=0.00s
[110.422s][info][gc,start       ] GC(470) Pause Young (Concurrent Start) (G1 Humongous Allocation)
[110.422s][info][gc,task        ] GC(470) Using 33 workers of 33 for evacuation
[110.425s][info][gc,phases      ] GC(470)   Pre Evacuate Collection Set: 0.4ms
[110.425s][info][gc,phases      ] GC(470)   Merge Heap Roots: 0.1ms
[110.425s][info][gc,phases      ] GC(470)   Evacuate Collection Set: 1.7ms
[110.425s][info][gc,phases      ] GC(470)   Post Evacuate Collection Set: 0.6ms
[110.425s][info][gc,phases      ] GC(470)   Other: 0.0ms
[110.425s][info][gc,heap        ] GC(470) Eden regions: 28->0(602)
[110.425s][info][gc,heap        ] GC(470) Survivor regions: 3->3(76)
[110.425s][info][gc,heap        ] GC(470) Old regions: 57->57
[110.425s][info][gc,heap        ] GC(470) Archive regions: 0->0
[110.425s][info][gc,heap        ] GC(470) Humongous regions: 1288->1280
[110.425s][info][gc,metaspace   ] GC(470) Metaspace: 126437K(128512K)->126437K(128512K) NonClass: 107412K(108096K)->107412K(108096K) Class: 19024K(20416K)->19024K(20416K)
[110.425s][info][gc             ] GC(470) Pause Young (Concurrent Start) (G1 Humongous Allocation) 1373M->1337M(2048M) 2.974ms
[110.425s][info][gc             ] GC(471) Concurrent Mark Cycle
[110.425s][info][gc,cpu         ] GC(470) User=0.00s Sys=0.00s Real=0.00s
[110.425s][info][gc,marking     ] GC(471) Concurrent Scan Root Regions
[110.428s][info][gc,marking     ] GC(471) Concurrent Scan Root Regions 2.589ms
[110.428s][info][gc,marking     ] GC(471) Concurrent Mark
[110.428s][info][gc,marking     ] GC(471) Concurrent Mark From Roots
[110.428s][info][gc,task        ] GC(471) Using 8 workers of 8 for marking
[110.449s][info][gc,marking     ] GC(471) Concurrent Mark From Roots 21.625ms
[110.449s][info][gc,marking     ] GC(471) Concurrent Preclean
[110.450s][info][gc,marking     ] GC(471) Concurrent Preclean 0.551ms
[110.450s][info][gc,start       ] GC(471) Pause Remark
[110.453s][info][gc             ] GC(471) Pause Remark 1701M->1701M(2048M) 2.961ms
[110.453s][info][gc,cpu         ] GC(471) User=0.00s Sys=0.00s Real=0.00s
[110.453s][info][gc,marking     ] GC(471) Concurrent Mark 25.688ms
[110.453s][info][gc,marking     ] GC(471) Concurrent Rebuild Remembered Sets and Scrub Regions
[110.460s][info][gc,marking     ] GC(471) Concurrent Rebuild Remembered Sets and Scrub Regions 6.737ms
[110.460s][info][gc,start       ] GC(471) Pause Cleanup
[110.461s][info][gc             ] GC(471) Pause Cleanup 1794M->1794M(2048M) 0.318ms
[110.461s][info][gc,cpu         ] GC(471) User=0.00s Sys=0.00s Real=0.00s
[110.461s][info][gc,marking     ] GC(471) Concurrent Clear Claimed Marks
[110.461s][info][gc,marking     ] GC(471) Concurrent Clear Claimed Marks 0.177ms
[110.461s][info][gc,marking     ] GC(471) Concurrent Cleanup for Next Mark
[110.463s][info][gc,marking     ] GC(471) Concurrent Cleanup for Next Mark 2.314ms
[110.463s][info][gc             ] GC(471) Concurrent Mark Cycle 38.366ms
[110.470s][info][gc,start       ] GC(472) Pause Young (Prepare Mixed) (G1 Humongous Allocation)
[110.470s][info][gc,task        ] GC(472) Using 33 workers of 33 for evacuation
[110.473s][info][gc,phases      ] GC(472)   Pre Evacuate Collection Set: 0.3ms
[110.473s][info][gc,phases      ] GC(472)   Merge Heap Roots: 0.8ms
[110.473s][info][gc,phases      ] GC(472)   Evacuate Collection Set: 0.7ms
[110.473s][info][gc,phases      ] GC(472)   Post Evacuate Collection Set: 0.8ms
[110.473s][info][gc,phases      ] GC(472)   Other: 0.1ms
[110.473s][info][gc,heap        ] GC(472) Eden regions: 485->0(591)
[110.473s][info][gc,heap        ] GC(472) Survivor regions: 3->2(76)
[110.473s][info][gc,heap        ] GC(472) Old regions: 57->57
[110.473s][info][gc,heap        ] GC(472) Archive regions: 0->0
[110.473s][info][gc,heap        ] GC(472) Humongous regions: 1369->1293
[110.473s][info][gc,metaspace   ] GC(472) Metaspace: 126437K(128512K)->126437K(128512K) NonClass: 107412K(108096K)->107412K(108096K) Class: 19024K(20416K)->19024K(20416K)
[110.473s][info][gc             ] GC(472) Pause Young (Prepare Mixed) (G1 Humongous Allocation) 1911M->1350M(2048M) 2.931ms
[110.473s][info][gc,cpu         ] GC(472) User=0.06s Sys=0.00s Real=0.02s
[110.510s][info][gc,start       ] GC(473) Pause Young (Mixed) (G1 Humongous Allocation)
[110.510s][info][gc,task        ] GC(473) Using 33 workers of 33 for evacuation
[110.513s][info][gc,phases      ] GC(473)   Pre Evacuate Collection Set: 0.3ms
[110.513s][info][gc,phases      ] GC(473)   Merge Heap Roots: 0.2ms
[110.513s][info][gc,phases      ] GC(473)   Evacuate Collection Set: 1.2ms
[110.513s][info][gc,phases      ] GC(473)   Post Evacuate Collection Set: 0.8ms
[110.513s][info][gc,phases      ] GC(473)   Other: 0.2ms
[110.513s][info][gc,heap        ] GC(473) Eden regions: 488->0(602)
[110.513s][info][gc,heap        ] GC(473) Survivor regions: 2->2(75)
[110.513s][info][gc,heap        ] GC(473) Old regions: 57->56
[110.513s][info][gc,heap        ] GC(473) Archive regions: 0->0
[110.513s][info][gc,heap        ] GC(473) Humongous regions: 1365->1283
[110.513s][info][gc,metaspace   ] GC(473) Metaspace: 126447K(128512K)->126447K(128512K) NonClass: 107422K(108096K)->107422K(108096K) Class: 19024K(20416K)->19024K(20416K)
[110.513s][info][gc             ] GC(473) Pause Young (Mixed) (G1 Humongous Allocation) 1910M->1338M(2048M) 3.023ms
[110.513s][info][gc,cpu         ] GC(473) User=0.00s Sys=0.00s Real=0.00s
[110.514s][info][gc,start       ] GC(474) Pause Young (Concurrent Start) (G1 Humongous Allocation)
[110.514s][info][gc,task        ] GC(474) Using 33 workers of 33 for evacuation
[110.518s][info][gc,phases      ] GC(474)   Pre Evacuate Collection Set: 0.4ms
[110.518s][info][gc,phases      ] GC(474)   Merge Heap Roots: 0.1ms
[110.518s][info][gc,phases      ] GC(474)   Evacuate Collection Set: 1.9ms
[110.518s][info][gc,phases      ] GC(474)   Post Evacuate Collection Set: 0.7ms
[110.518s][info][gc,phases      ] GC(474)   Other: 0.1ms
[110.518s][info][gc,heap        ] GC(474) Eden regions: 6->0(605)
[110.518s][info][gc,heap        ] GC(474) Survivor regions: 2->2(76)
[110.518s][info][gc,heap        ] GC(474) Old regions: 56->56
[110.518s][info][gc,heap        ] GC(474) Archive regions: 0->0
[110.518s][info][gc,heap        ] GC(474) Humongous regions: 1287->1280
[110.518s][info][gc,metaspace   ] GC(474) Metaspace: 126447K(128512K)->126447K(128512K) NonClass: 107422K(108096K)->107422K(108096K) Class: 19024K(20416K)->19024K(20416K)
[110.518s][info][gc             ] GC(474) Pause Young (Concurrent Start) (G1 Humongous Allocation) 1348M->1335M(2048M) 3.575ms
[110.518s][info][gc             ] GC(475) Concurrent Mark Cycle
[110.518s][info][gc,cpu         ] GC(474) User=0.00s Sys=0.00s Real=0.00s
[110.518s][info][gc,marking     ] GC(475) Concurrent Scan Root Regions
[110.520s][info][gc,marking     ] GC(475) Concurrent Scan Root Regions 2.224ms
[110.520s][info][gc,marking     ] GC(475) Concurrent Mark
[110.520s][info][gc,marking     ] GC(475) Concurrent Mark From Roots
[110.520s][info][gc,task        ] GC(475) Using 8 workers of 8 for marking
[110.540s][info][gc,marking     ] GC(475) Concurrent Mark From Roots 19.509ms
[110.540s][info][gc,marking     ] GC(475) Concurrent Preclean
[110.540s][info][gc,marking     ] GC(475) Concurrent Preclean 0.380ms
[110.540s][info][gc,start       ] GC(475) Pause Remark
[110.543s][info][gc             ] GC(475) Pause Remark 1541M->1541M(2048M) 2.749ms
[110.543s][info][gc,cpu         ] GC(475) User=0.00s Sys=0.00s Real=0.00s
[110.543s][info][gc,marking     ] GC(475) Concurrent Mark 23.007ms
[110.543s][info][gc,marking     ] GC(475) Concurrent Rebuild Remembered Sets and Scrub Regions
[110.549s][info][gc,marking     ] GC(475) Concurrent Rebuild Remembered Sets and Scrub Regions 6.101ms
[110.550s][info][gc,start       ] GC(475) Pause Cleanup
[110.550s][info][gc             ] GC(475) Pause Cleanup 1622M->1622M(2048M) 0.299ms
[110.550s][info][gc,cpu         ] GC(475) User=0.00s Sys=0.00s Real=0.00s
[110.550s][info][gc,marking     ] GC(475) Concurrent Clear Claimed Marks
[110.550s][info][gc,marking     ] GC(475) Concurrent Clear Claimed Marks 0.173ms
[110.550s][info][gc,marking     ] GC(475) Concurrent Cleanup for Next Mark
[110.552s][info][gc,marking     ] GC(475) Concurrent Cleanup for Next Mark 2.175ms
[110.552s][info][gc             ] GC(475) Concurrent Mark Cycle 34.485ms
[110.571s][info][gc,start       ] GC(476) Pause Young (Prepare Mixed) (G1 Evacuation Pause)
[110.571s][info][gc,task        ] GC(476) Using 33 workers of 33 for evacuation
[110.574s][info][gc,phases      ] GC(476)   Pre Evacuate Collection Set: 0.3ms
[110.574s][info][gc,phases      ] GC(476)   Merge Heap Roots: 0.8ms
[110.574s][info][gc,phases      ] GC(476)   Evacuate Collection Set: 0.8ms
[110.574s][info][gc,phases      ] GC(476)   Post Evacuate Collection Set: 0.8ms
[110.574s][info][gc,phases      ] GC(476)   Other: 0.2ms
[110.574s][info][gc,heap        ] GC(476) Eden regions: 605->0(600)
[110.574s][info][gc,heap        ] GC(476) Survivor regions: 2->2(76)
[110.574s][info][gc,heap        ] GC(476) Old regions: 56->56
[110.574s][info][gc,heap        ] GC(476) Archive regions: 0->0
[110.574s][info][gc,heap        ] GC(476) Humongous regions: 1301->1285
[110.574s][info][gc,metaspace   ] GC(476) Metaspace: 126496K(128576K)->126496K(128576K) NonClass: 107471K(108160K)->107471K(108160K) Class: 19024K(20416K)->19024K(20416K)
[110.574s][info][gc             ] GC(476) Pause Young (Prepare Mixed) (G1 Evacuation Pause) 1961M->1340M(2048M) 3.073ms
[110.574s][info][gc,cpu         ] GC(476) User=0.00s Sys=0.00s Real=0.00s
[110.611s][info][gc,start       ] GC(477) Pause Young (Mixed) (G1 Evacuation Pause)
[110.611s][info][gc,task        ] GC(477) Using 33 workers of 33 for evacuation
[110.613s][info][gc,phases      ] GC(477)   Pre Evacuate Collection Set: 0.3ms
[110.613s][info][gc,phases      ] GC(477)   Merge Heap Roots: 0.2ms
[110.613s][info][gc,phases      ] GC(477)   Evacuate Collection Set: 1.1ms
[110.613s][info][gc,phases      ] GC(477)   Post Evacuate Collection Set: 0.7ms
[110.613s][info][gc,phases      ] GC(477)   Other: 0.1ms
[110.613s][info][gc,heap        ] GC(477) Eden regions: 600->0(603)
[110.613s][info][gc,heap        ] GC(477) Survivor regions: 2->2(76)
[110.613s][info][gc,heap        ] GC(477) Old regions: 56->55
[110.613s][info][gc,heap        ] GC(477) Archive regions: 0->0
[110.613s][info][gc,heap        ] GC(477) Humongous regions: 1304->1283
[110.613s][info][gc,metaspace   ] GC(477) Metaspace: 126496K(128576K)->126496K(128576K) NonClass: 107471K(108160K)->107471K(108160K) Class: 19024K(20416K)->19024K(20416K)
[110.613s][info][gc             ] GC(477) Pause Young (Mixed) (G1 Evacuation Pause) 1959M->1336M(2048M) 2.725ms
[110.614s][info][gc,cpu         ] GC(477) User=0.00s Sys=0.00s Real=0.00s
[110.618s][info][gc,start       ] GC(478) Pause Young (Concurrent Start) (G1 Humongous Allocation)
[110.618s][info][gc,task        ] GC(478) Using 33 workers of 33 for evacuation
[110.621s][info][gc,phases      ] GC(478)   Pre Evacuate Collection Set: 0.4ms
[110.621s][info][gc,phases      ] GC(478)   Merge Heap Roots: 0.1ms
[110.621s][info][gc,phases      ] GC(478)   Evacuate Collection Set: 1.7ms
[110.621s][info][gc,phases      ] GC(478)   Post Evacuate Collection Set: 0.6ms
[110.621s][info][gc,phases      ] GC(478)   Other: 0.0ms
[110.621s][info][gc,heap        ] GC(478) Eden regions: 71->0(603)
[110.621s][info][gc,heap        ] GC(478) Survivor regions: 2->2(76)
[110.621s][info][gc,heap        ] GC(478) Old regions: 55->55
[110.621s][info][gc,heap        ] GC(478) Archive regions: 0->0
[110.621s][info][gc,heap        ] GC(478) Humongous regions: 1283->1283
[110.621s][info][gc,metaspace   ] GC(478) Metaspace: 126496K(128576K)->126496K(128576K) NonClass: 107471K(108160K)->107471K(108160K) Class: 19024K(20416K)->19024K(20416K)
[110.621s][info][gc             ] GC(478) Pause Young (Concurrent Start) (G1 Humongous Allocation) 1407M->1336M(2048M) 3.055ms
[110.621s][info][gc             ] GC(479) Concurrent Mark Cycle
[110.621s][info][gc,cpu         ] GC(478) User=0.00s Sys=0.00s Real=0.00s
[110.621s][info][gc,marking     ] GC(479) Concurrent Scan Root Regions
[110.623s][info][gc,marking     ] GC(479) Concurrent Scan Root Regions 2.081ms
[110.623s][info][gc,marking     ] GC(479) Concurrent Mark
[110.623s][info][gc,marking     ] GC(479) Concurrent Mark From Roots
[110.623s][info][gc,task        ] GC(479) Using 8 workers of 8 for marking
[110.637s][info][gc,marking     ] GC(479) Concurrent Mark From Roots 14.144ms
[110.637s][info][gc,marking     ] GC(479) Concurrent Preclean
[110.638s][info][gc,marking     ] GC(479) Concurrent Preclean 0.418ms
[110.638s][info][gc,start       ] GC(479) Pause Remark
[110.641s][info][gc             ] GC(479) Pause Remark 1531M->1531M(2048M) 2.743ms
[110.641s][info][gc,cpu         ] GC(479) User=0.00s Sys=0.00s Real=0.00s
[110.641s][info][gc,marking     ] GC(479) Concurrent Mark 17.688ms
[110.641s][info][gc,marking     ] GC(479) Concurrent Rebuild Remembered Sets and Scrub Regions
[110.647s][info][gc,marking     ] GC(479) Concurrent Rebuild Remembered Sets and Scrub Regions 5.605ms
[110.647s][info][gc,start       ] GC(479) Pause Cleanup
[110.647s][info][gc             ] GC(479) Pause Cleanup 1595M->1595M(2048M) 0.275ms
[110.647s][info][gc,cpu         ] GC(479) User=0.00s Sys=0.00s Real=0.00s
[110.647s][info][gc,marking     ] GC(479) Concurrent Clear Claimed Marks
[110.647s][info][gc,marking     ] GC(479) Concurrent Clear Claimed Marks 0.171ms
[110.647s][info][gc,marking     ] GC(479) Concurrent Cleanup for Next Mark
[110.649s][info][gc,marking     ] GC(479) Concurrent Cleanup for Next Mark 2.161ms
[110.649s][info][gc             ] GC(479) Concurrent Mark Cycle 28.354ms
[110.671s][info][gc,start       ] GC(480) Pause Young (Prepare Mixed) (G1 Evacuation Pause)
[110.671s][info][gc,task        ] GC(480) Using 33 workers of 33 for evacuation
[110.674s][info][gc,phases      ] GC(480)   Pre Evacuate Collection Set: 0.3ms
[110.674s][info][gc,phases      ] GC(480)   Merge Heap Roots: 0.8ms
[110.674s][info][gc,phases      ] GC(480)   Evacuate Collection Set: 0.6ms
[110.674s][info][gc,phases      ] GC(480)   Post Evacuate Collection Set: 0.8ms
[110.674s][info][gc,phases      ] GC(480)   Other: 0.2ms
[110.674s][info][gc,heap        ] GC(480) Eden regions: 603->0(612)
[110.674s][info][gc,heap        ] GC(480) Survivor regions: 2->2(76)
[110.674s][info][gc,heap        ] GC(480) Old regions: 55->55
[110.674s][info][gc,heap        ] GC(480) Archive regions: 0->0
[110.674s][info][gc,heap        ] GC(480) Humongous regions: 1309->1274
[110.674s][info][gc,metaspace   ] GC(480) Metaspace: 126496K(128576K)->126496K(128576K) NonClass: 107471K(108160K)->107471K(108160K) Class: 19024K(20416K)->19024K(20416K)
[110.674s][info][gc             ] GC(480) Pause Young (Prepare Mixed) (G1 Evacuation Pause) 1965M->1327M(2048M) 3.117ms
[110.674s][info][gc,cpu         ] GC(480) User=0.00s Sys=0.00s Real=0.00s
[110.716s][info][gc,start       ] GC(481) Pause Young (Mixed) (G1 Evacuation Pause)
[110.716s][info][gc,task        ] GC(481) Using 33 workers of 33 for evacuation
[110.719s][info][gc,phases      ] GC(481)   Pre Evacuate Collection Set: 0.3ms
[110.719s][info][gc,phases      ] GC(481)   Merge Heap Roots: 0.3ms
[110.719s][info][gc,phases      ] GC(481)   Evacuate Collection Set: 1.1ms
[110.719s][info][gc,phases      ] GC(481)   Post Evacuate Collection Set: 0.9ms
[110.719s][info][gc,phases      ] GC(481)   Other: 0.2ms
[110.719s][info][gc,heap        ] GC(481) Eden regions: 612->0(606)
[110.719s][info][gc,heap        ] GC(481) Survivor regions: 2->2(77)
[110.719s][info][gc,heap        ] GC(481) Old regions: 55->53
[110.720s][info][gc,heap        ] GC(481) Archive regions: 0->0
[110.720s][info][gc,heap        ] GC(481) Humongous regions: 1289->1282
[110.720s][info][gc,metaspace   ] GC(481) Metaspace: 126496K(128576K)->126496K(128576K) NonClass: 107471K(108160K)->107471K(108160K) Class: 19024K(20416K)->19024K(20416K)
[110.720s][info][gc             ] GC(481) Pause Young (Mixed) (G1 Evacuation Pause) 1954M->1334M(2048M) 3.281ms
[110.720s][info][gc,cpu         ] GC(481) User=0.00s Sys=0.00s Real=0.00s
[110.721s][info][gc,start       ] GC(482) Pause Young (Concurrent Start) (G1 Humongous Allocation)
[110.721s][info][gc,task        ] GC(482) Using 33 workers of 33 for evacuation
[110.723s][info][gc,phases      ] GC(482)   Pre Evacuate Collection Set: 0.5ms
[110.723s][info][gc,phases      ] GC(482)   Merge Heap Roots: 0.1ms
[110.723s][info][gc,phases      ] GC(482)   Evacuate Collection Set: 1.1ms
[110.723s][info][gc,phases      ] GC(482)   Post Evacuate Collection Set: 0.7ms
[110.724s][info][gc,phases      ] GC(482)   Other: 0.1ms
[110.724s][info][gc,heap        ] GC(482) Eden regions: 16->0(606)
[110.724s][info][gc,heap        ] GC(482) Survivor regions: 2->2(76)
[110.724s][info][gc,heap        ] GC(482) Old regions: 53->53
[110.724s][info][gc,heap        ] GC(482) Archive regions: 0->0
[110.724s][info][gc,heap        ] GC(482) Humongous regions: 1282->1282
[110.724s][info][gc,metaspace   ] GC(482) Metaspace: 126496K(128576K)->126496K(128576K) NonClass: 107471K(108160K)->107471K(108160K) Class: 19024K(20416K)->19024K(20416K)
[110.724s][info][gc             ] GC(482) Pause Young (Concurrent Start) (G1 Humongous Allocation) 1350M->1334M(2048M) 2.839ms
[110.724s][info][gc             ] GC(483) Concurrent Mark Cycle
[110.724s][info][gc,cpu         ] GC(482) User=0.06s Sys=0.00s Real=0.02s
[110.724s][info][gc,marking     ] GC(483) Concurrent Scan Root Regions
[110.727s][info][gc,marking     ] GC(483) Concurrent Scan Root Regions 3.036ms
[110.727s][info][gc,marking     ] GC(483) Concurrent Mark
[110.727s][info][gc,marking     ] GC(483) Concurrent Mark From Roots
[110.727s][info][gc,task        ] GC(483) Using 8 workers of 8 for marking
[110.746s][info][gc,marking     ] GC(483) Concurrent Mark From Roots 18.567ms
[110.746s][info][gc,marking     ] GC(483) Concurrent Preclean
[110.746s][info][gc,marking     ] GC(483) Concurrent Preclean 0.405ms
[110.746s][info][gc,start       ] GC(483) Pause Remark
[110.749s][info][gc             ] GC(483) Pause Remark 1595M->1595M(2048M) 2.845ms
[110.749s][info][gc,cpu         ] GC(483) User=0.00s Sys=0.00s Real=0.00s
[110.749s][info][gc,marking     ] GC(483) Concurrent Mark 22.200ms
[110.749s][info][gc,marking     ] GC(483) Concurrent Rebuild Remembered Sets and Scrub Regions
[110.755s][info][gc,marking     ] GC(483) Concurrent Rebuild Remembered Sets and Scrub Regions 6.160ms
[110.756s][info][gc,start       ] GC(483) Pause Cleanup
[110.756s][info][gc             ] GC(483) Pause Cleanup 1673M->1673M(2048M) 0.313ms
[110.756s][info][gc,cpu         ] GC(483) User=0.00s Sys=0.00s Real=0.00s
[110.756s][info][gc,marking     ] GC(483) Concurrent Clear Claimed Marks
[110.756s][info][gc,marking     ] GC(483) Concurrent Clear Claimed Marks 0.181ms
[110.756s][info][gc,marking     ] GC(483) Concurrent Cleanup for Next Mark
[110.758s][info][gc,marking     ] GC(483) Concurrent Cleanup for Next Mark 2.143ms
[110.758s][info][gc             ] GC(483) Concurrent Mark Cycle 34.504ms
[110.774s][info][gc,start       ] GC(484) Pause Young (Prepare Mixed) (G1 Evacuation Pause)
[110.774s][info][gc,task        ] GC(484) Using 33 workers of 33 for evacuation
[110.777s][info][gc,phases      ] GC(484)   Pre Evacuate Collection Set: 0.3ms
[110.777s][info][gc,phases      ] GC(484)   Merge Heap Roots: 0.8ms
[110.777s][info][gc,phases      ] GC(484)   Evacuate Collection Set: 0.7ms
[110.777s][info][gc,phases      ] GC(484)   Post Evacuate Collection Set: 0.7ms
[110.777s][info][gc,phases      ] GC(484)   Other: 0.1ms
[110.777s][info][gc,heap        ] GC(484) Eden regions: 606->0(608)
[110.777s][info][gc,heap        ] GC(484) Survivor regions: 2->2(76)
[110.777s][info][gc,heap        ] GC(484) Old regions: 53->53
[110.777s][info][gc,heap        ] GC(484) Archive regions: 0->0
[110.777s][info][gc,heap        ] GC(484) Humongous regions: 1300->1280
[110.777s][info][gc,metaspace   ] GC(484) Metaspace: 126496K(128576K)->126496K(128576K) NonClass: 107471K(108160K)->107471K(108160K) Class: 19024K(20416K)->19024K(20416K)
[110.777s][info][gc             ] GC(484) Pause Young (Prepare Mixed) (G1 Evacuation Pause) 1958M->1332M(2048M) 2.778ms
[110.777s][info][gc,cpu         ] GC(484) User=0.00s Sys=0.00s Real=0.00s
[110.820s][info][gc,start       ] GC(485) Pause Young (Mixed) (G1 Humongous Allocation)
[110.820s][info][gc,task        ] GC(485) Using 33 workers of 33 for evacuation
[110.823s][info][gc,phases      ] GC(485)   Pre Evacuate Collection Set: 0.3ms
[110.823s][info][gc,phases      ] GC(485)   Merge Heap Roots: 0.3ms
[110.823s][info][gc,phases      ] GC(485)   Evacuate Collection Set: 1.1ms
[110.823s][info][gc,phases      ] GC(485)   Post Evacuate Collection Set: 0.7ms
[110.823s][info][gc,phases      ] GC(485)   Other: 0.1ms
[110.823s][info][gc,heap        ] GC(485) Eden regions: 585->0(629)
[110.823s][info][gc,heap        ] GC(485) Survivor regions: 2->2(77)
[110.823s][info][gc,heap        ] GC(485) Old regions: 53->52
[110.823s][info][gc,heap        ] GC(485) Archive regions: 0->0
[110.823s][info][gc,heap        ] GC(485) Humongous regions: 1306->1260
[110.823s][info][gc,metaspace   ] GC(485) Metaspace: 126496K(128576K)->126496K(128576K) NonClass: 107471K(108160K)->107471K(108160K) Class: 19024K(20416K)->19024K(20416K)
[110.823s][info][gc             ] GC(485) Pause Young (Mixed) (G1 Humongous Allocation) 1943M->1311M(2048M) 2.611ms
[110.823s][info][gc,cpu         ] GC(485) User=0.00s Sys=0.00s Real=0.00s
[110.929s][info][gc,start       ] GC(486) Pause Young (Concurrent Start) (G1 Humongous Allocation)
[110.930s][info][gc,task        ] GC(486) Using 33 workers of 33 for evacuation
[110.933s][info][gc,phases      ] GC(486)   Pre Evacuate Collection Set: 0.5ms
[110.933s][info][gc,phases      ] GC(486)   Merge Heap Roots: 0.2ms
[110.933s][info][gc,phases      ] GC(486)   Evacuate Collection Set: 1.8ms
[110.933s][info][gc,phases      ] GC(486)   Post Evacuate Collection Set: 0.8ms
[110.933s][info][gc,phases      ] GC(486)   Other: 0.2ms
[110.933s][info][gc,heap        ] GC(486) Eden regions: 211->0(647)
[110.933s][info][gc,heap        ] GC(486) Survivor regions: 2->3(79)
[110.933s][info][gc,heap        ] GC(486) Old regions: 52->52
[110.933s][info][gc,heap        ] GC(486) Archive regions: 0->0
[110.933s][info][gc,heap        ] GC(486) Humongous regions: 1264->1240
[110.933s][info][gc,metaspace   ] GC(486) Metaspace: 126516K(128576K)->126516K(128576K) NonClass: 107491K(108160K)->107491K(108160K) Class: 19024K(20416K)->19024K(20416K)
[110.933s][info][gc             ] GC(486) Pause Young (Concurrent Start) (G1 Humongous Allocation) 1525M->1292M(2048M) 4.047ms
[110.934s][info][gc             ] GC(487) Concurrent Mark Cycle
[110.934s][info][gc,cpu         ] GC(486) User=0.00s Sys=0.00s Real=0.00s
[110.934s][info][gc,marking     ] GC(487) Concurrent Scan Root Regions
[110.936s][info][gc,marking     ] GC(487) Concurrent Scan Root Regions 2.573ms
[110.936s][info][gc,marking     ] GC(487) Concurrent Mark
[110.936s][info][gc,marking     ] GC(487) Concurrent Mark From Roots
[110.936s][info][gc,task        ] GC(487) Using 8 workers of 8 for marking
[110.957s][info][gc,marking     ] GC(487) Concurrent Mark From Roots 21.169ms
[110.957s][info][gc,marking     ] GC(487) Concurrent Preclean
[110.958s][info][gc,marking     ] GC(487) Concurrent Preclean 0.373ms
[110.958s][info][gc,start       ] GC(487) Pause Remark
[110.962s][info][gc             ] GC(487) Pause Remark 1298M->1114M(2048M) 3.582ms
[110.962s][info][gc,cpu         ] GC(487) User=0.45s Sys=0.00s Real=0.01s
[110.962s][info][gc,marking     ] GC(487) Concurrent Mark 25.522ms
[110.962s][info][gc,marking     ] GC(487) Concurrent Rebuild Remembered Sets and Scrub Regions
[110.968s][info][gc,marking     ] GC(487) Concurrent Rebuild Remembered Sets and Scrub Regions 6.606ms
[110.969s][info][gc,start       ] GC(487) Pause Cleanup
[110.969s][info][gc             ] GC(487) Pause Cleanup 1116M->1116M(2048M) 0.335ms
[110.969s][info][gc,cpu         ] GC(487) User=0.00s Sys=0.00s Real=0.00s
[110.969s][info][gc,marking     ] GC(487) Concurrent Clear Claimed Marks
[110.969s][info][gc,marking     ] GC(487) Concurrent Clear Claimed Marks 0.122ms
[110.969s][info][gc,marking     ] GC(487) Concurrent Cleanup for Next Mark
[110.971s][info][gc,marking     ] GC(487) Concurrent Cleanup for Next Mark 1.426ms
[110.971s][info][gc             ] GC(487) Concurrent Mark Cycle 37.115ms
[111.396s][info][gc,start       ] GC(488) Pause Full (System.gc())
[111.396s][info][gc,task        ] GC(488) Using 33 workers of 33 for full compaction
[111.397s][info][gc,phases,start] GC(488) Phase 1: Mark live objects
[111.443s][info][gc,phases      ] GC(488) Phase 1: Mark live objects 45.310ms
[111.443s][info][gc,phases,start] GC(488) Phase 2: Prepare compaction
[111.446s][info][gc,phases      ] GC(488) Phase 2: Prepare compaction 3.116ms
[111.446s][info][gc,phases,start] GC(488) Phase 3: Adjust pointers
[111.457s][info][gc,phases      ] GC(488) Phase 3: Adjust pointers 11.244ms
[111.457s][info][gc,phases,start] GC(488) Phase 4: Compact heap
[111.458s][info][gc,phases      ] GC(488) Phase 4: Compact heap 0.723ms
[111.473s][info][gc,heap        ] GC(488) Eden regions: 11->0(884)
[111.473s][info][gc,heap        ] GC(488) Survivor regions: 3->0(79)
[111.473s][info][gc,heap        ] GC(488) Old regions: 52->53
[111.473s][info][gc,heap        ] GC(488) Archive regions: 0->0
[111.473s][info][gc,heap        ] GC(488) Humongous regions: 1061->1008
[111.473s][info][gc,metaspace   ] GC(488) Metaspace: 126521K(128640K)->126521K(128640K) NonClass: 107497K(108224K)->107497K(108224K) Class: 19024K(20416K)->19024K(20416K)
[111.473s][info][gc             ] GC(488) Pause Full (System.gc()) 1123M->1053M(2048M) 77.566ms
[111.473s][info][gc,cpu         ] GC(488) User=2.08s Sys=0.02s Real=0.08s
[111.547s][info][gc,start       ] GC(489) Pause Young (Concurrent Start) (G1 Humongous Allocation)
[111.547s][info][gc,task        ] GC(489) Using 33 workers of 33 for evacuation
[111.550s][info][gc,phases      ] GC(489)   Pre Evacuate Collection Set: 0.5ms
[111.550s][info][gc,phases      ] GC(489)   Merge Heap Roots: 0.1ms
[111.550s][info][gc,phases      ] GC(489)   Evacuate Collection Set: 1.5ms
[111.550s][info][gc,phases      ] GC(489)   Post Evacuate Collection Set: 0.8ms
[111.550s][info][gc,phases      ] GC(489)   Other: 0.1ms
[111.550s][info][gc,heap        ] GC(489) Eden regions: 9->0(882)
[111.551s][info][gc,heap        ] GC(489) Survivor regions: 0->1(111)
[111.551s][info][gc,heap        ] GC(489) Old regions: 53->53
[111.551s][info][gc,heap        ] GC(489) Archive regions: 0->0
[111.551s][info][gc,heap        ] GC(489) Humongous regions: 1008->1008
[111.551s][info][gc,metaspace   ] GC(489) Metaspace: 126822K(128896K)->126822K(128896K) NonClass: 107795K(108480K)->107795K(108480K) Class: 19026K(20416K)->19026K(20416K)
[111.551s][info][gc             ] GC(489) Pause Young (Concurrent Start) (G1 Humongous Allocation) 1061M->1053M(2048M) 3.563ms
[111.551s][info][gc             ] GC(490) Concurrent Mark Cycle
[111.551s][info][gc,cpu         ] GC(489) User=0.00s Sys=0.00s Real=0.00s
[111.551s][info][gc,marking     ] GC(490) Concurrent Scan Root Regions
[111.554s][info][gc,marking     ] GC(490) Concurrent Scan Root Regions 2.978ms
[111.554s][info][gc,marking     ] GC(490) Concurrent Mark
[111.554s][info][gc,marking     ] GC(490) Concurrent Mark From Roots
[111.554s][info][gc,task        ] GC(490) Using 8 workers of 8 for marking
[111.576s][info][gc,marking     ] GC(490) Concurrent Mark From Roots 22.517ms
[111.576s][info][gc,marking     ] GC(490) Concurrent Preclean
[111.577s][info][gc,marking     ] GC(490) Concurrent Preclean 0.549ms
[111.577s][info][gc,start       ] GC(490) Pause Remark
[111.581s][info][gc             ] GC(490) Pause Remark 1104M->1104M(2048M) 3.426ms
[111.581s][info][gc,cpu         ] GC(490) User=0.00s Sys=0.00s Real=0.00s
[111.581s][info][gc,marking     ] GC(490) Concurrent Mark 27.461ms
[111.581s][info][gc,marking     ] GC(490) Concurrent Rebuild Remembered Sets and Scrub Regions
[111.590s][info][gc,marking     ] GC(490) Concurrent Rebuild Remembered Sets and Scrub Regions 8.578ms
[111.590s][info][gc,start       ] GC(490) Pause Cleanup
[111.591s][info][gc             ] GC(490) Pause Cleanup 1173M->1173M(2048M) 0.546ms
[111.591s][info][gc,cpu         ] GC(490) User=0.00s Sys=0.00s Real=0.00s
[111.591s][info][gc,marking     ] GC(490) Concurrent Clear Claimed Marks
[111.592s][info][gc,marking     ] GC(490) Concurrent Clear Claimed Marks 0.530ms
[111.592s][info][gc,marking     ] GC(490) Concurrent Cleanup for Next Mark
[111.597s][info][gc,marking     ] GC(490) Concurrent Cleanup for Next Mark 5.634ms
[111.598s][info][gc             ] GC(490) Concurrent Mark Cycle 46.913ms
[111.650s][info][gc,start       ] GC(491) Pause Young (Prepare Mixed) (G1 Evacuation Pause)
[111.650s][info][gc,task        ] GC(491) Using 33 workers of 33 for evacuation
[111.653s][info][gc,phases      ] GC(491)   Pre Evacuate Collection Set: 0.3ms
[111.653s][info][gc,phases      ] GC(491)   Merge Heap Roots: 0.9ms
[111.653s][info][gc,phases      ] GC(491)   Evacuate Collection Set: 1.5ms
[111.653s][info][gc,phases      ] GC(491)   Post Evacuate Collection Set: 0.8ms
[111.653s][info][gc,phases      ] GC(491)   Other: 0.1ms
[111.653s][info][gc,heap        ] GC(491) Eden regions: 882->0(868)
[111.653s][info][gc,heap        ] GC(491) Survivor regions: 1->8(99)
[111.653s][info][gc,heap        ] GC(491) Old regions: 53->53
[111.653s][info][gc,heap        ] GC(491) Archive regions: 0->0
[111.653s][info][gc,heap        ] GC(491) Humongous regions: 1013->1008
[111.653s][info][gc,metaspace   ] GC(491) Metaspace: 126951K(129024K)->126951K(129024K) NonClass: 107924K(108608K)->107924K(108608K) Class: 19026K(20416K)->19026K(20416K)
[111.653s][info][gc             ] GC(491) Pause Young (Prepare Mixed) (G1 Evacuation Pause) 1940M->1060M(2048M) 3.748ms
[111.654s][info][gc,cpu         ] GC(491) User=0.00s Sys=0.00s Real=0.00s
[111.719s][info][gc,start       ] GC(492) Pause Young (Mixed) (G1 Evacuation Pause)
[111.719s][info][gc,task        ] GC(492) Using 33 workers of 33 for evacuation
[111.723s][info][gc,phases      ] GC(492)   Pre Evacuate Collection Set: 0.3ms
[111.723s][info][gc,phases      ] GC(492)   Merge Heap Roots: 0.3ms
[111.723s][info][gc,phases      ] GC(492)   Evacuate Collection Set: 2.0ms
[111.723s][info][gc,phases      ] GC(492)   Post Evacuate Collection Set: 0.9ms
[111.723s][info][gc,phases      ] GC(492)   Other: 0.1ms
[111.723s][info][gc,heap        ] GC(492) Eden regions: 868->0(859)
[111.723s][info][gc,heap        ] GC(492) Survivor regions: 8->13(110)
[111.723s][info][gc,heap        ] GC(492) Old regions: 53->52
[111.723s][info][gc,heap        ] GC(492) Archive regions: 0->0
[111.723s][info][gc,heap        ] GC(492) Humongous regions: 1008->1008
[111.723s][info][gc,metaspace   ] GC(492) Metaspace: 126955K(129024K)->126955K(129024K) NonClass: 107928K(108608K)->107928K(108608K) Class: 19026K(20416K)->19026K(20416K)
[111.723s][info][gc             ] GC(492) Pause Young (Mixed) (G1 Evacuation Pause) 1928M->1065M(2048M) 3.965ms
[111.723s][info][gc,cpu         ] GC(492) User=0.00s Sys=0.00s Real=0.00s
[111.754s][info][gc,start       ] GC(493) Pause Young (Concurrent Start) (G1 Humongous Allocation)
[111.754s][info][gc,task        ] GC(493) Using 33 workers of 33 for evacuation
[111.758s][info][gc,phases      ] GC(493)   Pre Evacuate Collection Set: 0.5ms
[111.758s][info][gc,phases      ] GC(493)   Merge Heap Roots: 0.2ms
[111.758s][info][gc,phases      ] GC(493)   Evacuate Collection Set: 2.6ms
[111.758s][info][gc,phases      ] GC(493)   Post Evacuate Collection Set: 0.8ms
[111.758s][info][gc,phases      ] GC(493)   Other: 0.1ms
[111.758s][info][gc,heap        ] GC(493) Eden regions: 426->0(855)
[111.758s][info][gc,heap        ] GC(493) Survivor regions: 13->15(109)
[111.758s][info][gc,heap        ] GC(493) Old regions: 52->52
[111.758s][info][gc,heap        ] GC(493) Archive regions: 0->0
[111.758s][info][gc,heap        ] GC(493) Humongous regions: 1008->1008
[111.758s][info][gc,metaspace   ] GC(493) Metaspace: 126955K(129024K)->126955K(129024K) NonClass: 107928K(108608K)->107928K(108608K) Class: 19026K(20416K)->19026K(20416K)
[111.758s][info][gc             ] GC(493) Pause Young (Concurrent Start) (G1 Humongous Allocation) 1491M->1067M(2048M) 4.393ms
[111.758s][info][gc             ] GC(494) Concurrent Mark Cycle
[111.758s][info][gc,cpu         ] GC(493) User=0.00s Sys=0.00s Real=0.00s
[111.758s][info][gc,marking     ] GC(494) Concurrent Scan Root Regions
[111.778s][info][gc,marking     ] GC(494) Concurrent Scan Root Regions 20.000ms
[111.778s][info][gc,marking     ] GC(494) Concurrent Mark
[111.778s][info][gc,marking     ] GC(494) Concurrent Mark From Roots
[111.778s][info][gc,task        ] GC(494) Using 8 workers of 8 for marking
[111.838s][info][gc,start       ] GC(495) Pause Young (Normal) (G1 Evacuation Pause)
[111.838s][info][gc,task        ] GC(495) Using 33 workers of 33 for evacuation
[111.842s][info][gc,phases      ] GC(495)   Pre Evacuate Collection Set: 0.3ms
[111.842s][info][gc,phases      ] GC(495)   Merge Heap Roots: 0.3ms
[111.842s][info][gc,phases      ] GC(495)   Evacuate Collection Set: 1.7ms
[111.842s][info][gc,phases      ] GC(495)   Post Evacuate Collection Set: 0.9ms
[111.842s][info][gc,phases      ] GC(495)   Other: 0.2ms
[111.842s][info][gc,heap        ] GC(495) Eden regions: 855->0(847)
[111.842s][info][gc,heap        ] GC(495) Survivor regions: 15->11(96)
[111.842s][info][gc,heap        ] GC(495) Old regions: 52->52
[111.842s][info][gc,heap        ] GC(495) Archive regions: 0->0
[111.842s][info][gc,heap        ] GC(495) Humongous regions: 1030->1024
[111.842s][info][gc,metaspace   ] GC(495) Metaspace: 126955K(129024K)->126955K(129024K) NonClass: 107928K(108608K)->107928K(108608K) Class: 19026K(20416K)->19026K(20416K)
[111.842s][info][gc             ] GC(495) Pause Young (Normal) (G1 Evacuation Pause) 1944M->1080M(2048M) 3.649ms
[111.842s][info][gc,cpu         ] GC(495) User=0.00s Sys=0.00s Real=0.00s
[111.843s][info][gc,marking     ] GC(494) Concurrent Mark From Roots 64.930ms
[111.844s][info][gc,marking     ] GC(494) Concurrent Preclean
[111.846s][info][gc,marking     ] GC(494) Concurrent Preclean 2.565ms
[111.847s][info][gc,start       ] GC(494) Pause Remark
[111.850s][info][gc             ] GC(494) Pause Remark 1154M->1154M(2048M) 3.449ms
[111.850s][info][gc,cpu         ] GC(494) User=0.00s Sys=0.00s Real=0.00s
[111.851s][info][gc,marking     ] GC(494) Concurrent Mark 72.100ms
[111.851s][info][gc,marking     ] GC(494) Concurrent Rebuild Remembered Sets and Scrub Regions
[111.866s][info][gc,marking     ] GC(494) Concurrent Rebuild Remembered Sets and Scrub Regions 15.121ms
[111.867s][info][gc,start       ] GC(494) Pause Cleanup
[111.867s][info][gc             ] GC(494) Pause Cleanup 1378M->1378M(2048M) 0.289ms
[111.867s][info][gc,cpu         ] GC(494) User=0.00s Sys=0.00s Real=0.00s
[111.867s][info][gc,marking     ] GC(494) Concurrent Clear Claimed Marks
[111.868s][info][gc,marking     ] GC(494) Concurrent Clear Claimed Marks 1.104ms
[111.869s][info][gc,marking     ] GC(494) Concurrent Cleanup for Next Mark
[111.878s][info][gc,marking     ] GC(494) Concurrent Cleanup for Next Mark 9.179ms
[111.878s][info][gc             ] GC(494) Concurrent Mark Cycle 120.340ms
[111.909s][info][gc,start       ] GC(496) Pause Young (Prepare Mixed) (G1 Evacuation Pause)
[111.909s][info][gc,task        ] GC(496) Using 33 workers of 33 for evacuation
[111.913s][info][gc,phases      ] GC(496)   Pre Evacuate Collection Set: 0.3ms
[111.913s][info][gc,phases      ] GC(496)   Merge Heap Roots: 0.8ms
[111.913s][info][gc,phases      ] GC(496)   Evacuate Collection Set: 1.7ms
[111.913s][info][gc,phases      ] GC(496)   Post Evacuate Collection Set: 0.8ms
[111.913s][info][gc,phases      ] GC(496)   Other: 0.1ms
[111.913s][info][gc,heap        ] GC(496) Eden regions: 847->0(841)
[111.913s][info][gc,heap        ] GC(496) Survivor regions: 11->10(100)
[111.913s][info][gc,heap        ] GC(496) Old regions: 52->52
[111.913s][info][gc,heap        ] GC(496) Archive regions: 0->0
[111.913s][info][gc,heap        ] GC(496) Humongous regions: 1038->1032
[111.913s][info][gc,metaspace   ] GC(496) Metaspace: 126955K(129024K)->126955K(129024K) NonClass: 107928K(108608K)->107928K(108608K) Class: 19026K(20416K)->19026K(20416K)
[111.913s][info][gc             ] GC(496) Pause Young (Prepare Mixed) (G1 Evacuation Pause) 1941M->1087M(2048M) 4.010ms
[111.913s][info][gc,cpu         ] GC(496) User=0.00s Sys=0.00s Real=0.00s
[111.974s][info][gc,start       ] GC(497) Pause Young (Mixed) (G1 Evacuation Pause)
[111.974s][info][gc,task        ] GC(497) Using 33 workers of 33 for evacuation
[111.977s][info][gc,phases      ] GC(497)   Pre Evacuate Collection Set: 0.3ms
[111.977s][info][gc,phases      ] GC(497)   Merge Heap Roots: 0.3ms
[111.977s][info][gc,phases      ] GC(497)   Evacuate Collection Set: 1.8ms
[111.977s][info][gc,phases      ] GC(497)   Post Evacuate Collection Set: 0.8ms
[111.977s][info][gc,phases      ] GC(497)   Other: 0.1ms
[111.977s][info][gc,heap        ] GC(497) Eden regions: 841->0(829)
[111.977s][info][gc,heap        ] GC(497) Survivor regions: 10->10(85)
[111.977s][info][gc,heap        ] GC(497) Old regions: 52->50
[111.977s][info][gc,heap        ] GC(497) Archive regions: 0->0
[111.977s][info][gc,heap        ] GC(497) Humongous regions: 1060->1046
[111.977s][info][gc,metaspace   ] GC(497) Metaspace: 126955K(129024K)->126955K(129024K) NonClass: 107928K(108608K)->107928K(108608K) Class: 19026K(20416K)->19026K(20416K)
[111.977s][info][gc             ] GC(497) Pause Young (Mixed) (G1 Evacuation Pause) 1956M->1100M(2048M) 3.540ms
[111.977s][info][gc,cpu         ] GC(497) User=0.16s Sys=0.03s Real=0.01s
[111.992s][info][gc,start       ] GC(498) Pause Young (Concurrent Start) (G1 Humongous Allocation)
[111.992s][info][gc,task        ] GC(498) Using 33 workers of 33 for evacuation
[111.995s][info][gc,phases      ] GC(498)   Pre Evacuate Collection Set: 0.4ms
[111.995s][info][gc,phases      ] GC(498)   Merge Heap Roots: 0.1ms
[111.995s][info][gc,phases      ] GC(498)   Evacuate Collection Set: 2.0ms
[111.995s][info][gc,phases      ] GC(498)   Post Evacuate Collection Set: 0.6ms
[111.995s][info][gc,phases      ] GC(498)   Other: 0.1ms
[111.995s][info][gc,heap        ] GC(498) Eden regions: 217->0(829)
[111.995s][info][gc,heap        ] GC(498) Survivor regions: 10->10(105)
[111.995s][info][gc,heap        ] GC(498) Old regions: 50->50
[111.995s][info][gc,heap        ] GC(498) Archive regions: 0->0
[111.995s][info][gc,heap        ] GC(498) Humongous regions: 1046->1046
[111.995s][info][gc,metaspace   ] GC(498) Metaspace: 126955K(129024K)->126955K(129024K) NonClass: 107928K(108608K)->107928K(108608K) Class: 19026K(20416K)->19026K(20416K)
[111.995s][info][gc             ] GC(498) Pause Young (Concurrent Start) (G1 Humongous Allocation) 1317M->1101M(2048M) 3.473ms
[111.995s][info][gc             ] GC(499) Concurrent Mark Cycle
[111.995s][info][gc,cpu         ] GC(498) User=0.00s Sys=0.00s Real=0.00s
[111.995s][info][gc,marking     ] GC(499) Concurrent Scan Root Regions
[112.012s][info][gc,marking     ] GC(499) Concurrent Scan Root Regions 16.792ms
[112.013s][info][gc,marking     ] GC(499) Concurrent Mark
[112.013s][info][gc,marking     ] GC(499) Concurrent Mark From Roots
[112.013s][info][gc,task        ] GC(499) Using 8 workers of 8 for marking
[112.060s][info][gc,start       ] GC(500) Pause Young (Normal) (G1 Evacuation Pause)
[112.060s][info][gc,task        ] GC(500) Using 33 workers of 33 for evacuation
[112.063s][info][gc,phases      ] GC(500)   Pre Evacuate Collection Set: 0.3ms
[112.063s][info][gc,phases      ] GC(500)   Merge Heap Roots: 0.3ms
[112.063s][info][gc,phases      ] GC(500)   Evacuate Collection Set: 1.5ms
[112.063s][info][gc,phases      ] GC(500)   Post Evacuate Collection Set: 0.8ms
[112.063s][info][gc,phases      ] GC(500)   Other: 0.1ms
[112.063s][info][gc,heap        ] GC(500) Eden regions: 829->0(819)
[112.063s][info][gc,heap        ] GC(500) Survivor regions: 10->10(93)
[112.063s][info][gc,heap        ] GC(500) Old regions: 50->50
[112.063s][info][gc,heap        ] GC(500) Archive regions: 0->0
[112.063s][info][gc,heap        ] GC(500) Humongous regions: 1066->1056
[112.063s][info][gc,metaspace   ] GC(500) Metaspace: 126955K(129024K)->126955K(129024K) NonClass: 107928K(108608K)->107928K(108608K) Class: 19026K(20416K)->19026K(20416K)
[112.063s][info][gc             ] GC(500) Pause Young (Normal) (G1 Evacuation Pause) 1950M->1110M(2048M) 3.194ms
[112.063s][info][gc,cpu         ] GC(500) User=0.00s Sys=0.00s Real=0.00s
[112.064s][info][gc,marking     ] GC(499) Concurrent Mark From Roots 51.549ms
[112.065s][info][gc,marking     ] GC(499) Concurrent Preclean
[112.067s][info][gc,marking     ] GC(499) Concurrent Preclean 2.796ms
[112.068s][info][gc,start       ] GC(499) Pause Remark
[112.071s][info][gc             ] GC(499) Pause Remark 1192M->1192M(2048M) 3.318ms
[112.072s][info][gc,cpu         ] GC(499) User=0.00s Sys=0.00s Real=0.00s
[112.072s][info][gc,marking     ] GC(499) Concurrent Mark 58.940ms
[112.072s][info][gc,marking     ] GC(499) Concurrent Rebuild Remembered Sets and Scrub Regions
[112.093s][info][gc,marking     ] GC(499) Concurrent Rebuild Remembered Sets and Scrub Regions 21.525ms
[112.094s][info][gc,start       ] GC(499) Pause Cleanup
[112.094s][info][gc             ] GC(499) Pause Cleanup 1506M->1506M(2048M) 0.315ms
[112.094s][info][gc,cpu         ] GC(499) User=0.00s Sys=0.00s Real=0.00s
[112.095s][info][gc,marking     ] GC(499) Concurrent Clear Claimed Marks
[112.096s][info][gc,marking     ] GC(499) Concurrent Clear Claimed Marks 1.408ms
[112.096s][info][gc,marking     ] GC(499) Concurrent Cleanup for Next Mark
[112.106s][info][gc,marking     ] GC(499) Concurrent Cleanup for Next Mark 9.295ms
[112.106s][info][gc             ] GC(499) Concurrent Mark Cycle 110.710ms
[112.128s][info][gc,start       ] GC(501) Pause Young (Prepare Mixed) (G1 Evacuation Pause)
[112.128s][info][gc,task        ] GC(501) Using 33 workers of 33 for evacuation
[112.132s][info][gc,phases      ] GC(501)   Pre Evacuate Collection Set: 0.3ms
[112.132s][info][gc,phases      ] GC(501)   Merge Heap Roots: 0.8ms
[112.132s][info][gc,phases      ] GC(501)   Evacuate Collection Set: 1.6ms
[112.132s][info][gc,phases      ] GC(501)   Post Evacuate Collection Set: 1.0ms
[112.132s][info][gc,phases      ] GC(501)   Other: 0.1ms
[112.132s][info][gc,heap        ] GC(501) Eden regions: 819->0(805)
[112.132s][info][gc,heap        ] GC(501) Survivor regions: 10->10(99)
[112.132s][info][gc,heap        ] GC(501) Old regions: 50->50
[112.132s][info][gc,heap        ] GC(501) Archive regions: 0->0
[112.132s][info][gc,heap        ] GC(501) Humongous regions: 1070->1070
[112.132s][info][gc,metaspace   ] GC(501) Metaspace: 126955K(129024K)->126955K(129024K) NonClass: 107928K(108608K)->107928K(108608K) Class: 19026K(20416K)->19026K(20416K)
[112.132s][info][gc             ] GC(501) Pause Young (Prepare Mixed) (G1 Evacuation Pause) 1943M->1125M(2048M) 4.121ms
[112.132s][info][gc,cpu         ] GC(501) User=0.53s Sys=0.00s Real=0.00s
[112.191s][info][gc,start       ] GC(502) Pause Young (Mixed) (G1 Evacuation Pause)
[112.191s][info][gc,task        ] GC(502) Using 33 workers of 33 for evacuation
[112.194s][info][gc,phases      ] GC(502)   Pre Evacuate Collection Set: 0.3ms
[112.194s][info][gc,phases      ] GC(502)   Merge Heap Roots: 0.3ms
[112.194s][info][gc,phases      ] GC(502)   Evacuate Collection Set: 1.8ms
[112.194s][info][gc,phases      ] GC(502)   Post Evacuate Collection Set: 0.8ms
[112.194s][info][gc,phases      ] GC(502)   Other: 0.1ms
[112.194s][info][gc,heap        ] GC(502) Eden regions: 805->0(795)
[112.194s][info][gc,heap        ] GC(502) Survivor regions: 10->11(92)
[112.194s][info][gc,heap        ] GC(502) Old regions: 50->49
[112.194s][info][gc,heap        ] GC(502) Archive regions: 0->0
[112.194s][info][gc,heap        ] GC(502) Humongous regions: 1091->1079
[112.194s][info][gc,metaspace   ] GC(502) Metaspace: 126955K(129024K)->126955K(129024K) NonClass: 107928K(108608K)->107928K(108608K) Class: 19026K(20416K)->19026K(20416K)
[112.195s][info][gc             ] GC(502) Pause Young (Mixed) (G1 Evacuation Pause) 1951M->1134M(2048M) 3.582ms
[112.195s][info][gc,cpu         ] GC(502) User=0.00s Sys=0.00s Real=0.00s
[112.198s][info][gc,start       ] GC(503) Pause Young (Concurrent Start) (G1 Humongous Allocation)
[112.198s][info][gc,task        ] GC(503) Using 33 workers of 33 for evacuation
[112.201s][info][gc,phases      ] GC(503)   Pre Evacuate Collection Set: 0.4ms
[112.201s][info][gc,phases      ] GC(503)   Merge Heap Roots: 0.1ms
[112.201s][info][gc,phases      ] GC(503)   Evacuate Collection Set: 2.0ms
[112.201s][info][gc,phases      ] GC(503)   Post Evacuate Collection Set: 0.6ms
[112.201s][info][gc,phases      ] GC(503)   Other: 0.0ms
[112.201s][info][gc,heap        ] GC(503) Eden regions: 55->0(805)
[112.201s][info][gc,heap        ] GC(503) Survivor regions: 11->10(101)
[112.201s][info][gc,heap        ] GC(503) Old regions: 49->49
[112.201s][info][gc,heap        ] GC(503) Archive regions: 0->0
[112.201s][info][gc,heap        ] GC(503) Humongous regions: 1079->1071
[112.201s][info][gc,metaspace   ] GC(503) Metaspace: 126955K(129024K)->126955K(129024K) NonClass: 107928K(108608K)->107928K(108608K) Class: 19026K(20416K)->19026K(20416K)
[112.201s][info][gc             ] GC(503) Pause Young (Concurrent Start) (G1 Humongous Allocation) 1189M->1125M(2048M) 3.366ms
[112.201s][info][gc             ] GC(504) Concurrent Mark Cycle
[112.202s][info][gc,cpu         ] GC(503) User=0.00s Sys=0.00s Real=0.00s
[112.202s][info][gc,marking     ] GC(504) Concurrent Scan Root Regions
[112.221s][info][gc,marking     ] GC(504) Concurrent Scan Root Regions 19.169ms
[112.221s][info][gc,marking     ] GC(504) Concurrent Mark
[112.221s][info][gc,marking     ] GC(504) Concurrent Mark From Roots
[112.221s][info][gc,task        ] GC(504) Using 8 workers of 8 for marking
[112.265s][info][gc,start       ] GC(505) Pause Young (Normal) (G1 Evacuation Pause)
[112.265s][info][gc,task        ] GC(505) Using 33 workers of 33 for evacuation
[112.268s][info][gc,phases      ] GC(505)   Pre Evacuate Collection Set: 0.3ms
[112.268s][info][gc,phases      ] GC(505)   Merge Heap Roots: 0.3ms
[112.268s][info][gc,phases      ] GC(505)   Evacuate Collection Set: 1.5ms
[112.268s][info][gc,phases      ] GC(505)   Post Evacuate Collection Set: 0.8ms
[112.268s][info][gc,phases      ] GC(505)   Other: 0.1ms
[112.268s][info][gc,heap        ] GC(505) Eden regions: 805->0(775)
[112.268s][info][gc,heap        ] GC(505) Survivor regions: 10->10(67)
[112.268s][info][gc,heap        ] GC(505) Old regions: 49->49
[112.268s][info][gc,heap        ] GC(505) Archive regions: 0->0
[112.268s][info][gc,heap        ] GC(505) Humongous regions: 1117->1101
[112.268s][info][gc,metaspace   ] GC(505) Metaspace: 126955K(129024K)->126955K(129024K) NonClass: 107928K(108608K)->107928K(108608K) Class: 19026K(20416K)->19026K(20416K)
[112.268s][info][gc             ] GC(505) Pause Young (Normal) (G1 Evacuation Pause) 1976M->1156M(2048M) 3.243ms
[112.268s][info][gc,cpu         ] GC(505) User=0.00s Sys=0.00s Real=0.00s
[112.280s][info][gc,marking     ] GC(504) Concurrent Mark From Roots 58.678ms
[112.280s][info][gc,marking     ] GC(504) Concurrent Preclean
[112.283s][info][gc,marking     ] GC(504) Concurrent Preclean 2.909ms
[112.285s][info][gc,start       ] GC(504) Pause Remark
[112.288s][info][gc             ] GC(504) Pause Remark 1385M->1385M(2048M) 3.023ms
[112.288s][info][gc,cpu         ] GC(504) User=0.00s Sys=0.00s Real=0.00s
[112.288s][info][gc,marking     ] GC(504) Concurrent Mark 66.712ms
[112.288s][info][gc,marking     ] GC(504) Concurrent Rebuild Remembered Sets and Scrub Regions
[112.307s][info][gc,marking     ] GC(504) Concurrent Rebuild Remembered Sets and Scrub Regions 18.789ms
[112.309s][info][gc,start       ] GC(504) Pause Cleanup
[112.309s][info][gc             ] GC(504) Pause Cleanup 1665M->1665M(2048M) 0.305ms
[112.309s][info][gc,cpu         ] GC(504) User=0.00s Sys=0.00s Real=0.00s
[112.309s][info][gc,marking     ] GC(504) Concurrent Clear Claimed Marks
[112.310s][info][gc,marking     ] GC(504) Concurrent Clear Claimed Marks 1.278ms
[112.310s][info][gc,marking     ] GC(504) Concurrent Cleanup for Next Mark
[112.319s][info][gc,marking     ] GC(504) Concurrent Cleanup for Next Mark 8.854ms
[112.320s][info][gc             ] GC(504) Concurrent Mark Cycle 118.328ms
[112.334s][info][gc,start       ] GC(506) Pause Young (Prepare Mixed) (G1 Evacuation Pause)
[112.334s][info][gc,task        ] GC(506) Using 33 workers of 33 for evacuation
[112.337s][info][gc,phases      ] GC(506)   Pre Evacuate Collection Set: 0.3ms
[112.337s][info][gc,phases      ] GC(506)   Merge Heap Roots: 0.8ms
[112.337s][info][gc,phases      ] GC(506)   Evacuate Collection Set: 1.6ms
[112.337s][info][gc,phases      ] GC(506)   Post Evacuate Collection Set: 0.8ms
[112.337s][info][gc,phases      ] GC(506)   Other: 0.1ms
[112.337s][info][gc,heap        ] GC(506) Eden regions: 775->0(779)
[112.337s][info][gc,heap        ] GC(506) Survivor regions: 10->11(78)
[112.337s][info][gc,heap        ] GC(506) Old regions: 49->49
[112.337s][info][gc,heap        ] GC(506) Archive regions: 0->0
[112.337s][info][gc,heap        ] GC(506) Humongous regions: 1136->1095
[112.337s][info][gc,metaspace   ] GC(506) Metaspace: 126955K(129024K)->126955K(129024K) NonClass: 107928K(108608K)->107928K(108608K) Class: 19026K(20416K)->19026K(20416K)
[112.337s][info][gc             ] GC(506) Pause Young (Prepare Mixed) (G1 Evacuation Pause) 1966M->1150M(2048M) 3.823ms
[112.337s][info][gc,cpu         ] GC(506) User=0.00s Sys=0.00s Real=0.00s
[112.397s][info][gc,start       ] GC(507) Pause Young (Mixed) (G1 Evacuation Pause)
[112.397s][info][gc,task        ] GC(507) Using 33 workers of 33 for evacuation
[112.400s][info][gc,phases      ] GC(507)   Pre Evacuate Collection Set: 0.3ms
[112.400s][info][gc,phases      ] GC(507)   Merge Heap Roots: 0.3ms
[112.400s][info][gc,phases      ] GC(507)   Evacuate Collection Set: 1.9ms
[112.400s][info][gc,phases      ] GC(507)   Post Evacuate Collection Set: 0.8ms
[112.400s][info][gc,phases      ] GC(507)   Other: 0.1ms
[112.400s][info][gc,heap        ] GC(507) Eden regions: 779->0(788)
[112.400s][info][gc,heap        ] GC(507) Survivor regions: 11->12(80)
[112.400s][info][gc,heap        ] GC(507) Old regions: 49->48
[112.400s][info][gc,heap        ] GC(507) Archive regions: 0->0
[112.400s][info][gc,heap        ] GC(507) Humongous regions: 1129->1085
[112.400s][info][gc,metaspace   ] GC(507) Metaspace: 126955K(129024K)->126955K(129024K) NonClass: 107928K(108608K)->107928K(108608K) Class: 19026K(20416K)->19026K(20416K)
[112.400s][info][gc             ] GC(507) Pause Young (Mixed) (G1 Evacuation Pause) 1963M->1141M(2048M) 3.736ms
[112.400s][info][gc,cpu         ] GC(507) User=0.00s Sys=0.00s Real=0.00s
[112.401s][info][gc,start       ] GC(508) Pause Young (Concurrent Start) (G1 Humongous Allocation)
[112.401s][info][gc,task        ] GC(508) Using 33 workers of 33 for evacuation
[112.404s][info][gc,phases      ] GC(508)   Pre Evacuate Collection Set: 0.4ms
[112.404s][info][gc,phases      ] GC(508)   Merge Heap Roots: 0.1ms
[112.404s][info][gc,phases      ] GC(508)   Evacuate Collection Set: 1.8ms
[112.404s][info][gc,phases      ] GC(508)   Post Evacuate Collection Set: 0.6ms
[112.404s][info][gc,phases      ] GC(508)   Other: 0.0ms
[112.404s][info][gc,heap        ] GC(508) Eden regions: 7->0(807)
[112.404s][info][gc,heap        ] GC(508) Survivor regions: 12->11(100)
[112.404s][info][gc,heap        ] GC(508) Old regions: 48->49
[112.404s][info][gc,heap        ] GC(508) Archive regions: 0->0
[112.404s][info][gc,heap        ] GC(508) Humongous regions: 1085->1067
[112.404s][info][gc,metaspace   ] GC(508) Metaspace: 126955K(129024K)->126955K(129024K) NonClass: 107928K(108608K)->107928K(108608K) Class: 19026K(20416K)->19026K(20416K)
[112.404s][info][gc             ] GC(508) Pause Young (Concurrent Start) (G1 Humongous Allocation) 1148M->1123M(2048M) 3.025ms
[112.404s][info][gc             ] GC(509) Concurrent Mark Cycle
[112.404s][info][gc,cpu         ] GC(508) User=0.06s Sys=0.00s Real=0.02s
[112.404s][info][gc,marking     ] GC(509) Concurrent Scan Root Regions
[112.412s][info][gc,marking     ] GC(509) Concurrent Scan Root Regions 7.630ms
[112.412s][info][gc,marking     ] GC(509) Concurrent Mark
[112.412s][info][gc,marking     ] GC(509) Concurrent Mark From Roots
[112.412s][info][gc,task        ] GC(509) Using 8 workers of 8 for marking
[112.457s][info][gc,marking     ] GC(509) Concurrent Mark From Roots 44.910ms
[112.457s][info][gc,marking     ] GC(509) Concurrent Preclean
[112.460s][info][gc,marking     ] GC(509) Concurrent Preclean 2.352ms
[112.461s][info][gc,start       ] GC(509) Pause Remark
[112.464s][info][gc             ] GC(509) Pause Remark 1880M->1880M(2048M) 3.189ms
[112.465s][info][gc,cpu         ] GC(509) User=0.00s Sys=0.00s Real=0.00s
[112.465s][info][gc,marking     ] GC(509) Concurrent Mark 52.718ms
[112.465s][info][gc,marking     ] GC(509) Concurrent Rebuild Remembered Sets and Scrub Regions
[112.472s][info][gc,start       ] GC(510) Pause Young (Normal) (G1 Evacuation Pause)
[112.472s][info][gc,task        ] GC(510) Using 33 workers of 33 for evacuation
[112.475s][info][gc,phases      ] GC(510)   Pre Evacuate Collection Set: 0.3ms
[112.475s][info][gc,phases      ] GC(510)   Merge Heap Roots: 0.4ms
[112.475s][info][gc,phases      ] GC(510)   Evacuate Collection Set: 1.4ms
[112.475s][info][gc,phases      ] GC(510)   Post Evacuate Collection Set: 0.8ms
[112.475s][info][gc,phases      ] GC(510)   Other: 0.1ms
[112.475s][info][gc,heap        ] GC(510) Eden regions: 807->0(815)
[112.475s][info][gc,heap        ] GC(510) Survivor regions: 11->5(71)
[112.475s][info][gc,heap        ] GC(510) Old regions: 49->54
[112.475s][info][gc,heap        ] GC(510) Archive regions: 0->0
[112.475s][info][gc,heap        ] GC(510) Humongous regions: 1110->1066
[112.475s][info][gc,metaspace   ] GC(510) Metaspace: 126957K(129024K)->126957K(129024K) NonClass: 107930K(108608K)->107930K(108608K) Class: 19026K(20416K)->19026K(20416K)
[112.475s][info][gc             ] GC(510) Pause Young (Normal) (G1 Evacuation Pause) 1973M->1122M(2048M) 3.138ms
[112.475s][info][gc,cpu         ] GC(510) User=0.00s Sys=0.00s Real=0.00s
[112.482s][info][gc,marking     ] GC(509) Concurrent Rebuild Remembered Sets and Scrub Regions 17.176ms
[112.483s][info][gc,start       ] GC(509) Pause Cleanup
[112.483s][info][gc             ] GC(509) Pause Cleanup 1228M->1228M(2048M) 0.319ms
[112.483s][info][gc,cpu         ] GC(509) User=0.00s Sys=0.00s Real=0.00s
[112.483s][info][gc,marking     ] GC(509) Concurrent Clear Claimed Marks
[112.484s][info][gc,marking     ] GC(509) Concurrent Clear Claimed Marks 0.805ms
[112.484s][info][gc,marking     ] GC(509) Concurrent Cleanup for Next Mark
[112.492s][info][gc,marking     ] GC(509) Concurrent Cleanup for Next Mark 7.703ms
[112.492s][info][gc             ] GC(509) Concurrent Mark Cycle 88.492ms
[112.537s][info][gc,start       ] GC(511) Pause Young (Prepare Mixed) (G1 Evacuation Pause)
[112.537s][info][gc,task        ] GC(511) Using 33 workers of 33 for evacuation
[112.540s][info][gc,phases      ] GC(511)   Pre Evacuate Collection Set: 0.3ms
[112.540s][info][gc,phases      ] GC(511)   Merge Heap Roots: 0.7ms
[112.540s][info][gc,phases      ] GC(511)   Evacuate Collection Set: 0.9ms
[112.540s][info][gc,phases      ] GC(511)   Post Evacuate Collection Set: 0.7ms
[112.540s][info][gc,phases      ] GC(511)   Other: 0.1ms
[112.540s][info][gc,heap        ] GC(511) Eden regions: 815->0(808)
[112.540s][info][gc,heap        ] GC(511) Survivor regions: 5->2(88)
[112.540s][info][gc,heap        ] GC(511) Old regions: 54->56
[112.540s][info][gc,heap        ] GC(511) Archive regions: 0->0
[112.540s][info][gc,heap        ] GC(511) Humongous regions: 1086->1077
[112.540s][info][gc,metaspace   ] GC(511) Metaspace: 126968K(129024K)->126968K(129024K) NonClass: 107941K(108608K)->107941K(108608K) Class: 19026K(20416K)->19026K(20416K)
[112.540s][info][gc             ] GC(511) Pause Young (Prepare Mixed) (G1 Evacuation Pause) 1957M->1132M(2048M) 2.990ms
[112.540s][info][gc,cpu         ] GC(511) User=0.00s Sys=0.00s Real=0.00s
[112.597s][info][gc,start       ] GC(512) Pause Young (Mixed) (G1 Evacuation Pause)
[112.597s][info][gc,task        ] GC(512) Using 33 workers of 33 for evacuation
[112.600s][info][gc,phases      ] GC(512)   Pre Evacuate Collection Set: 0.3ms
[112.600s][info][gc,phases      ] GC(512)   Merge Heap Roots: 0.3ms
[112.600s][info][gc,phases      ] GC(512)   Evacuate Collection Set: 1.3ms
[112.600s][info][gc,phases      ] GC(512)   Post Evacuate Collection Set: 0.8ms
[112.600s][info][gc,phases      ] GC(512)   Other: 0.1ms
[112.600s][info][gc,heap        ] GC(512) Eden regions: 808->0(797)
[112.600s][info][gc,heap        ] GC(512) Survivor regions: 2->2(91)
[112.600s][info][gc,heap        ] GC(512) Old regions: 56->56
[112.600s][info][gc,heap        ] GC(512) Archive regions: 0->0
[112.600s][info][gc,heap        ] GC(512) Humongous regions: 1091->1088
[112.600s][info][gc,metaspace   ] GC(512) Metaspace: 126968K(129024K)->126968K(129024K) NonClass: 107941K(108608K)->107941K(108608K) Class: 19026K(20416K)->19026K(20416K)
[112.600s][info][gc             ] GC(512) Pause Young (Mixed) (G1 Evacuation Pause) 1954M->1143M(2048M) 3.049ms
[112.600s][info][gc,cpu         ] GC(512) User=0.03s Sys=0.02s Real=0.01s
[112.603s][info][gc,start       ] GC(513) Pause Young (Concurrent Start) (G1 Humongous Allocation)
[112.603s][info][gc,task        ] GC(513) Using 33 workers of 33 for evacuation
[112.605s][info][gc,phases      ] GC(513)   Pre Evacuate Collection Set: 0.4ms
[112.605s][info][gc,phases      ] GC(513)   Merge Heap Roots: 0.1ms
[112.605s][info][gc,phases      ] GC(513)   Evacuate Collection Set: 1.3ms
[112.605s][info][gc,phases      ] GC(513)   Post Evacuate Collection Set: 0.5ms
[112.605s][info][gc,phases      ] GC(513)   Other: 0.0ms
[112.605s][info][gc,heap        ] GC(513) Eden regions: 37->0(801)
[112.605s][info][gc,heap        ] GC(513) Survivor regions: 2->2(100)
[112.605s][info][gc,heap        ] GC(513) Old regions: 56->56
[112.605s][info][gc,heap        ] GC(513) Archive regions: 0->0
[112.605s][info][gc,heap        ] GC(513) Humongous regions: 1088->1084
[112.605s][info][gc,metaspace   ] GC(513) Metaspace: 126968K(129024K)->126968K(129024K) NonClass: 107941K(108608K)->107941K(108608K) Class: 19026K(20416K)->19026K(20416K)
[112.605s][info][gc             ] GC(513) Pause Young (Concurrent Start) (G1 Humongous Allocation) 1180M->1139M(2048M) 2.599ms
[112.605s][info][gc             ] GC(514) Concurrent Mark Cycle
[112.605s][info][gc,cpu         ] GC(513) User=0.00s Sys=0.00s Real=0.00s
[112.605s][info][gc,marking     ] GC(514) Concurrent Scan Root Regions
[112.622s][info][gc,marking     ] GC(514) Concurrent Scan Root Regions 16.828ms
[112.623s][info][gc,marking     ] GC(514) Concurrent Mark
[112.623s][info][gc,marking     ] GC(514) Concurrent Mark From Roots
[112.623s][info][gc,task        ] GC(514) Using 8 workers of 8 for marking
[112.664s][info][gc,start       ] GC(515) Pause Young (Normal) (G1 Evacuation Pause)
[112.665s][info][gc,task        ] GC(515) Using 33 workers of 33 for evacuation
[112.667s][info][gc,phases      ] GC(515)   Pre Evacuate Collection Set: 0.3ms
[112.667s][info][gc,phases      ] GC(515)   Merge Heap Roots: 0.3ms
[112.667s][info][gc,phases      ] GC(515)   Evacuate Collection Set: 0.7ms
[112.667s][info][gc,phases      ] GC(515)   Post Evacuate Collection Set: 0.7ms
[112.667s][info][gc,phases      ] GC(515)   Other: 0.1ms
[112.667s][info][gc,heap        ] GC(515) Eden regions: 801->0(791)
[112.667s][info][gc,heap        ] GC(515) Survivor regions: 2->3(89)
[112.667s][info][gc,heap        ] GC(515) Old regions: 56->56
[112.667s][info][gc,heap        ] GC(515) Archive regions: 0->0
[112.667s][info][gc,heap        ] GC(515) Humongous regions: 1100->1092
[112.667s][info][gc,metaspace   ] GC(515) Metaspace: 126968K(129024K)->126968K(129024K) NonClass: 107941K(108608K)->107941K(108608K) Class: 19026K(20416K)->19026K(20416K)
[112.667s][info][gc             ] GC(515) Pause Young (Normal) (G1 Evacuation Pause) 1956M->1148M(2048M) 2.323ms
[112.667s][info][gc,cpu         ] GC(515) User=0.00s Sys=0.00s Real=0.00s
[112.673s][info][gc,marking     ] GC(514) Concurrent Mark From Roots 50.518ms
[112.673s][info][gc,marking     ] GC(514) Concurrent Preclean
[112.676s][info][gc,marking     ] GC(514) Concurrent Preclean 2.788ms
[112.677s][info][gc,start       ] GC(514) Pause Remark
[112.680s][info][gc             ] GC(514) Pause Remark 1298M->1298M(2048M) 3.080ms
[112.680s][info][gc,cpu         ] GC(514) User=0.20s Sys=0.00s Real=0.01s
[112.680s][info][gc,marking     ] GC(514) Concurrent Mark 57.772ms
[112.680s][info][gc,marking     ] GC(514) Concurrent Rebuild Remembered Sets and Scrub Regions
[112.703s][info][gc,marking     ] GC(514) Concurrent Rebuild Remembered Sets and Scrub Regions 22.678ms
[112.704s][info][gc,start       ] GC(514) Pause Cleanup
[112.704s][info][gc             ] GC(514) Pause Cleanup 1631M->1631M(2048M) 0.321ms
[112.704s][info][gc,cpu         ] GC(514) User=0.00s Sys=0.00s Real=0.00s
[112.705s][info][gc,marking     ] GC(514) Concurrent Clear Claimed Marks
[112.706s][info][gc,marking     ] GC(514) Concurrent Clear Claimed Marks 1.254ms
[112.706s][info][gc,marking     ] GC(514) Concurrent Cleanup for Next Mark
[112.714s][info][gc,marking     ] GC(514) Concurrent Cleanup for Next Mark 8.334ms
[112.715s][info][gc             ] GC(514) Concurrent Mark Cycle 109.521ms
[112.729s][info][gc,start       ] GC(516) Pause Young (Prepare Mixed) (G1 Evacuation Pause)
[112.729s][info][gc,task        ] GC(516) Using 33 workers of 33 for evacuation
[112.731s][info][gc,phases      ] GC(516)   Pre Evacuate Collection Set: 0.3ms
[112.731s][info][gc,phases      ] GC(516)   Merge Heap Roots: 0.8ms
[112.731s][info][gc,phases      ] GC(516)   Evacuate Collection Set: 0.8ms
[112.732s][info][gc,phases      ] GC(516)   Post Evacuate Collection Set: 0.8ms
[112.732s][info][gc,phases      ] GC(516)   Other: 0.1ms
[112.732s][info][gc,heap        ] GC(516) Eden regions: 791->0(782)
[112.732s][info][gc,heap        ] GC(516) Survivor regions: 3->3(97)
[112.732s][info][gc,heap        ] GC(516) Old regions: 56->56
[112.732s][info][gc,heap        ] GC(516) Archive regions: 0->0
[112.732s][info][gc,heap        ] GC(516) Humongous regions: 1101->1101
[112.732s][info][gc,metaspace   ] GC(516) Metaspace: 126968K(129024K)->126968K(129024K) NonClass: 107941K(108608K)->107941K(108608K) Class: 19026K(20416K)->19026K(20416K)
[112.732s][info][gc             ] GC(516) Pause Young (Prepare Mixed) (G1 Evacuation Pause) 1948M->1157M(2048M) 2.988ms
[112.732s][info][gc,cpu         ] GC(516) User=0.00s Sys=0.00s Real=0.00s
[112.792s][info][gc,start       ] GC(517) Pause Young (Mixed) (G1 Evacuation Pause)
[112.792s][info][gc,task        ] GC(517) Using 33 workers of 33 for evacuation
[112.795s][info][gc,phases      ] GC(517)   Pre Evacuate Collection Set: 0.3ms
[112.795s][info][gc,phases      ] GC(517)   Merge Heap Roots: 0.3ms
[112.795s][info][gc,phases      ] GC(517)   Evacuate Collection Set: 1.3ms
[112.795s][info][gc,phases      ] GC(517)   Post Evacuate Collection Set: 0.7ms
[112.795s][info][gc,phases      ] GC(517)   Other: 0.1ms
[112.795s][info][gc,heap        ] GC(517) Eden regions: 782->0(766)
[112.795s][info][gc,heap        ] GC(517) Survivor regions: 3->3(71)
[112.795s][info][gc,heap        ] GC(517) Old regions: 56->56
[112.795s][info][gc,heap        ] GC(517) Archive regions: 0->0
[112.795s][info][gc,heap        ] GC(517) Humongous regions: 1136->1117
[112.795s][info][gc,metaspace   ] GC(517) Metaspace: 126969K(129024K)->126969K(129024K) NonClass: 107942K(108608K)->107942K(108608K) Class: 19026K(20416K)->19026K(20416K)
[112.795s][info][gc             ] GC(517) Pause Young (Mixed) (G1 Evacuation Pause) 1974M->1172M(2048M) 2.976ms
[112.795s][info][gc,cpu         ] GC(517) User=0.00s Sys=0.02s Real=0.01s
[112.796s][info][gc,start       ] GC(518) Pause Young (Concurrent Start) (G1 Humongous Allocation)
[112.796s][info][gc,task        ] GC(518) Using 33 workers of 33 for evacuation
[112.799s][info][gc,phases      ] GC(518)   Pre Evacuate Collection Set: 0.4ms
[112.799s][info][gc,phases      ] GC(518)   Merge Heap Roots: 0.1ms
[112.799s][info][gc,phases      ] GC(518)   Evacuate Collection Set: 1.3ms
[112.799s][info][gc,phases      ] GC(518)   Post Evacuate Collection Set: 0.5ms
[112.799s][info][gc,phases      ] GC(518)   Other: 0.0ms
[112.799s][info][gc,heap        ] GC(518) Eden regions: 25->0(770)
[112.799s][info][gc,heap        ] GC(518) Survivor regions: 3->3(97)
[112.799s][info][gc,heap        ] GC(518) Old regions: 56->56
[112.799s][info][gc,heap        ] GC(518) Archive regions: 0->0
[112.799s][info][gc,heap        ] GC(518) Humongous regions: 1117->1113
[112.799s][info][gc,metaspace   ] GC(518) Metaspace: 126969K(129024K)->126969K(129024K) NonClass: 107942K(108608K)->107942K(108608K) Class: 19026K(20416K)->19026K(20416K)
[112.799s][info][gc             ] GC(518) Pause Young (Concurrent Start) (G1 Humongous Allocation) 1197M->1168M(2048M) 2.483ms
[112.799s][info][gc             ] GC(519) Concurrent Mark Cycle
[112.799s][info][gc,cpu         ] GC(518) User=0.00s Sys=0.00s Real=0.00s
[112.799s][info][gc,marking     ] GC(519) Concurrent Scan Root Regions
[112.814s][info][gc,marking     ] GC(519) Concurrent Scan Root Regions 15.176ms
[112.814s][info][gc,marking     ] GC(519) Concurrent Mark
[112.814s][info][gc,marking     ] GC(519) Concurrent Mark From Roots
[112.814s][info][gc,task        ] GC(519) Using 8 workers of 8 for marking
[112.874s][info][gc,start       ] GC(520) Pause Young (Normal) (G1 Evacuation Pause)
[112.874s][info][gc,task        ] GC(520) Using 33 workers of 33 for evacuation
[112.876s][info][gc,phases      ] GC(520)   Pre Evacuate Collection Set: 0.3ms
[112.876s][info][gc,phases      ] GC(520)   Merge Heap Roots: 0.3ms
[112.876s][info][gc,phases      ] GC(520)   Evacuate Collection Set: 1.0ms
[112.876s][info][gc,phases      ] GC(520)   Post Evacuate Collection Set: 0.8ms
[112.876s][info][gc,phases      ] GC(520)   Other: 0.1ms
[112.876s][info][gc,heap        ] GC(520) Eden regions: 770->0(764)
[112.876s][info][gc,heap        ] GC(520) Survivor regions: 3->6(22)
[112.876s][info][gc,heap        ] GC(520) Old regions: 56->56
[112.876s][info][gc,heap        ] GC(520) Archive regions: 0->0
[112.876s][info][gc,heap        ] GC(520) Humongous regions: 1197->1113
[112.876s][info][gc,metaspace   ] GC(520) Metaspace: 127022K(129088K)->127022K(129088K) NonClass: 107995K(108672K)->107995K(108672K) Class: 19026K(20416K)->19026K(20416K)
[112.876s][info][gc             ] GC(520) Pause Young (Normal) (G1 Evacuation Pause) 2022M->1172M(2048M) 2.710ms
[112.876s][info][gc,cpu         ] GC(520) User=0.00s Sys=0.00s Real=0.00s
[112.882s][info][gc,marking     ] GC(519) Concurrent Mark From Roots 67.423ms
[112.882s][info][gc,marking     ] GC(519) Concurrent Preclean
[112.884s][info][gc,marking     ] GC(519) Concurrent Preclean 1.997ms
[112.884s][info][gc,start       ] GC(519) Pause Remark
[112.887s][info][gc             ] GC(519) Pause Remark 1275M->1275M(2048M) 3.166ms
[112.887s][info][gc,cpu         ] GC(519) User=0.00s Sys=0.00s Real=0.00s
[112.887s][info][gc,marking     ] GC(519) Concurrent Mark 73.286ms
[112.887s][info][gc,marking     ] GC(519) Concurrent Rebuild Remembered Sets and Scrub Regions
[112.898s][info][gc,marking     ] GC(519) Concurrent Rebuild Remembered Sets and Scrub Regions 10.063ms
[112.899s][info][gc,start       ] GC(519) Pause Cleanup
[112.899s][info][gc             ] GC(519) Pause Cleanup 1395M->1395M(2048M) 0.271ms
[112.899s][info][gc,cpu         ] GC(519) User=0.00s Sys=0.00s Real=0.00s
[112.899s][info][gc,marking     ] GC(519) Concurrent Clear Claimed Marks
[112.900s][info][gc,marking     ] GC(519) Concurrent Clear Claimed Marks 0.411ms
[112.900s][info][gc,marking     ] GC(519) Concurrent Cleanup for Next Mark
[112.904s][info][gc,marking     ] GC(519) Concurrent Cleanup for Next Mark 4.265ms
[112.904s][info][gc             ] GC(519) Concurrent Mark Cycle 105.375ms
[112.943s][info][gc,start       ] GC(521) Pause Young (Prepare Mixed) (G1 Humongous Allocation)
[112.943s][info][gc,task        ] GC(521) Using 33 workers of 33 for evacuation
[112.946s][info][gc,phases      ] GC(521)   Pre Evacuate Collection Set: 0.3ms
[112.946s][info][gc,phases      ] GC(521)   Merge Heap Roots: 0.8ms
[112.946s][info][gc,phases      ] GC(521)   Evacuate Collection Set: 1.1ms
[112.946s][info][gc,phases      ] GC(521)   Post Evacuate Collection Set: 0.8ms
[112.946s][info][gc,phases      ] GC(521)   Other: 0.1ms
[112.946s][info][gc,heap        ] GC(521) Eden regions: 748->0(736)
[112.946s][info][gc,heap        ] GC(521) Survivor regions: 6->7(33)
[112.946s][info][gc,heap        ] GC(521) Old regions: 56->56
[112.946s][info][gc,heap        ] GC(521) Archive regions: 0->0
[112.946s][info][gc,heap        ] GC(521) Humongous regions: 1205->1139
[112.946s][info][gc,metaspace   ] GC(521) Metaspace: 127023K(129088K)->127023K(129088K) NonClass: 107996K(108672K)->107996K(108672K) Class: 19026K(20416K)->19026K(20416K)
[112.946s][info][gc             ] GC(521) Pause Young (Prepare Mixed) (G1 Humongous Allocation) 2012M->1198M(2048M) 3.335ms
[112.946s][info][gc,cpu         ] GC(521) User=0.52s Sys=0.00s Real=0.00s
[112.997s][info][gc,start       ] GC(522) Pause Young (Mixed) (G1 Humongous Allocation)
[112.997s][info][gc,task        ] GC(522) Using 33 workers of 33 for evacuation
[113.000s][info][gc,phases      ] GC(522)   Pre Evacuate Collection Set: 0.3ms
[113.000s][info][gc,phases      ] GC(522)   Merge Heap Roots: 0.3ms
[113.000s][info][gc,phases      ] GC(522)   Evacuate Collection Set: 1.5ms
[113.000s][info][gc,phases      ] GC(522)   Post Evacuate Collection Set: 0.7ms
[113.000s][info][gc,phases      ] GC(522)   Other: 0.1ms
[113.000s][info][gc,heap        ] GC(522) Eden regions: 694->0(734)
[113.000s][info][gc,heap        ] GC(522) Survivor regions: 7->6(73)
[113.000s][info][gc,heap        ] GC(522) Old regions: 56->56
[113.000s][info][gc,heap        ] GC(522) Archive regions: 0->0
[113.000s][info][gc,heap        ] GC(522) Humongous regions: 1218->1143
[113.000s][info][gc,metaspace   ] GC(522) Metaspace: 127056K(129152K)->127056K(129152K) NonClass: 108029K(108736K)->108029K(108736K) Class: 19026K(20416K)->19026K(20416K)
[113.000s][info][gc             ] GC(522) Pause Young (Mixed) (G1 Humongous Allocation) 1971M->1202M(2048M) 3.196ms
[113.000s][info][gc,cpu         ] GC(522) User=0.00s Sys=0.00s Real=0.00s
[113.003s][info][gc,start       ] GC(523) Pause Young (Concurrent Start) (G1 Humongous Allocation)
[113.003s][info][gc,task        ] GC(523) Using 33 workers of 33 for evacuation
[113.006s][info][gc,phases      ] GC(523)   Pre Evacuate Collection Set: 0.4ms
[113.006s][info][gc,phases      ] GC(523)   Merge Heap Roots: 0.1ms
[113.006s][info][gc,phases      ] GC(523)   Evacuate Collection Set: 1.6ms
[113.006s][info][gc,phases      ] GC(523)   Post Evacuate Collection Set: 0.6ms
[113.006s][info][gc,phases      ] GC(523)   Other: 0.1ms
[113.006s][info][gc,heap        ] GC(523) Eden regions: 47->0(731)
[113.006s][info][gc,heap        ] GC(523) Survivor regions: 6->6(93)
[113.006s][info][gc,heap        ] GC(523) Old regions: 56->56
[113.006s][info][gc,heap        ] GC(523) Archive regions: 0->0
[113.006s][info][gc,heap        ] GC(523) Humongous regions: 1150->1146
[113.006s][info][gc,metaspace   ] GC(523) Metaspace: 127056K(129152K)->127056K(129152K) NonClass: 108029K(108736K)->108029K(108736K) Class: 19026K(20416K)->19026K(20416K)
[113.006s][info][gc             ] GC(523) Pause Young (Concurrent Start) (G1 Humongous Allocation) 1255M->1205M(2048M) 2.989ms
[113.006s][info][gc             ] GC(524) Concurrent Mark Cycle
[113.006s][info][gc,cpu         ] GC(523) User=0.00s Sys=0.00s Real=0.00s
[113.006s][info][gc,marking     ] GC(524) Concurrent Scan Root Regions
[113.010s][info][gc,marking     ] GC(524) Concurrent Scan Root Regions 3.891ms
[113.010s][info][gc,marking     ] GC(524) Concurrent Mark
[113.010s][info][gc,marking     ] GC(524) Concurrent Mark From Roots
[113.010s][info][gc,task        ] GC(524) Using 8 workers of 8 for marking
[113.030s][info][gc,marking     ] GC(524) Concurrent Mark From Roots 19.800ms
[113.030s][info][gc,marking     ] GC(524) Concurrent Preclean
[113.031s][info][gc,marking     ] GC(524) Concurrent Preclean 0.440ms
[113.031s][info][gc,start       ] GC(524) Pause Remark
[113.034s][info][gc             ] GC(524) Pause Remark 1537M->1537M(2048M) 3.172ms
[113.034s][info][gc,cpu         ] GC(524) User=0.00s Sys=0.00s Real=0.00s
[113.034s][info][gc,marking     ] GC(524) Concurrent Mark 23.831ms
[113.034s][info][gc,marking     ] GC(524) Concurrent Rebuild Remembered Sets and Scrub Regions
[113.042s][info][gc,marking     ] GC(524) Concurrent Rebuild Remembered Sets and Scrub Regions 7.655ms
[113.043s][info][gc,start       ] GC(524) Pause Cleanup
[113.043s][info][gc             ] GC(524) Pause Cleanup 1657M->1657M(2048M) 0.314ms
[113.043s][info][gc,cpu         ] GC(524) User=0.00s Sys=0.00s Real=0.00s
[113.043s][info][gc,marking     ] GC(524) Concurrent Clear Claimed Marks
[113.043s][info][gc,marking     ] GC(524) Concurrent Clear Claimed Marks 0.250ms
[113.043s][info][gc,marking     ] GC(524) Concurrent Cleanup for Next Mark
[113.046s][info][gc,marking     ] GC(524) Concurrent Cleanup for Next Mark 2.532ms
[113.046s][info][gc             ] GC(524) Concurrent Mark Cycle 39.629ms
[113.067s][info][gc,start       ] GC(525) Pause Young (Prepare Mixed) (G1 Evacuation Pause)
[113.067s][info][gc,task        ] GC(525) Using 33 workers of 33 for evacuation
[113.071s][info][gc,phases      ] GC(525)   Pre Evacuate Collection Set: 0.3ms
[113.071s][info][gc,phases      ] GC(525)   Merge Heap Roots: 0.8ms
[113.071s][info][gc,phases      ] GC(525)   Evacuate Collection Set: 1.0ms
[113.071s][info][gc,phases      ] GC(525)   Post Evacuate Collection Set: 1.6ms
[113.071s][info][gc,phases      ] GC(525)   Other: 0.1ms
[113.071s][info][gc,heap        ] GC(525) Eden regions: 717->0(608)
[113.071s][info][gc,heap        ] GC(525) Survivor regions: 6->0(0)
[113.071s][info][gc,heap        ] GC(525) Old regions: 56->189
[113.071s][info][gc,heap        ] GC(525) Archive regions: 0->0
[113.071s][info][gc,heap        ] GC(525) Humongous regions: 1269->1148
[113.071s][info][gc,metaspace   ] GC(525) Metaspace: 127056K(129152K)->127056K(129152K) NonClass: 108029K(108736K)->108029K(108736K) Class: 19026K(20416K)->19026K(20416K)
[113.071s][info][gc             ] GC(525) Pause Young (Prepare Mixed) (G1 Evacuation Pause) (Evacuation Failure) 2045M->1335M(2048M) 4.070ms
[113.072s][info][gc,cpu         ] GC(525) User=0.00s Sys=0.00s Real=0.00s
[113.109s][info][gc,start       ] GC(526) Pause Young (Mixed) (G1 Evacuation Pause)
[113.109s][info][gc,task        ] GC(526) Using 33 workers of 33 for evacuation
[113.112s][info][gc,phases      ] GC(526)   Pre Evacuate Collection Set: 0.3ms
[113.112s][info][gc,phases      ] GC(526)   Merge Heap Roots: 0.3ms
[113.112s][info][gc,phases      ] GC(526)   Evacuate Collection Set: 1.3ms
[113.112s][info][gc,phases      ] GC(526)   Post Evacuate Collection Set: 0.8ms
[113.112s][info][gc,phases      ] GC(526)   Other: 0.1ms
[113.112s][info][gc,heap        ] GC(526) Eden regions: 608->0(562)
[113.112s][info][gc,heap        ] GC(526) Survivor regions: 0->1(53)
[113.112s][info][gc,heap        ] GC(526) Old regions: 189->189
[113.112s][info][gc,heap        ] GC(526) Archive regions: 0->0
[113.112s][info][gc,heap        ] GC(526) Humongous regions: 1198->1192
[113.112s][info][gc,metaspace   ] GC(526) Metaspace: 127056K(129152K)->127056K(129152K) NonClass: 108029K(108736K)->108029K(108736K) Class: 19026K(20416K)->19026K(20416K)
[113.112s][info][gc             ] GC(526) Pause Young (Mixed) (G1 Evacuation Pause) 1993M->1378M(2048M) 2.889ms
[113.112s][info][gc,cpu         ] GC(526) User=0.00s Sys=0.00s Real=0.00s
[113.115s][info][gc,start       ] GC(527) Pause Young (Concurrent Start) (G1 Humongous Allocation)
[113.115s][info][gc,task        ] GC(527) Using 33 workers of 33 for evacuation
[113.117s][info][gc,phases      ] GC(527)   Pre Evacuate Collection Set: 0.5ms
[113.117s][info][gc,phases      ] GC(527)   Merge Heap Roots: 0.1ms
[113.117s][info][gc,phases      ] GC(527)   Evacuate Collection Set: 1.1ms
[113.117s][info][gc,phases      ] GC(527)   Post Evacuate Collection Set: 0.5ms
[113.117s][info][gc,phases      ] GC(527)   Other: 0.0ms
[113.117s][info][gc,heap        ] GC(527) Eden regions: 40->0(564)
[113.117s][info][gc,heap        ] GC(527) Survivor regions: 1->1(71)
[113.117s][info][gc,heap        ] GC(527) Old regions: 189->189
[113.117s][info][gc,heap        ] GC(527) Archive regions: 0->0
[113.117s][info][gc,heap        ] GC(527) Humongous regions: 1192->1190
[113.117s][info][gc,metaspace   ] GC(527) Metaspace: 127056K(129152K)->127056K(129152K) NonClass: 108029K(108736K)->108029K(108736K) Class: 19026K(20416K)->19026K(20416K)
[113.117s][info][gc             ] GC(527) Pause Young (Concurrent Start) (G1 Humongous Allocation) 1418M->1376M(2048M) 2.459ms
[113.117s][info][gc             ] GC(528) Concurrent Mark Cycle
[113.117s][info][gc,cpu         ] GC(527) User=0.00s Sys=0.00s Real=0.00s
[113.117s][info][gc,marking     ] GC(528) Concurrent Scan Root Regions
[113.120s][info][gc,marking     ] GC(528) Concurrent Scan Root Regions 2.624ms
[113.120s][info][gc,marking     ] GC(528) Concurrent Mark
[113.120s][info][gc,marking     ] GC(528) Concurrent Mark From Roots
[113.120s][info][gc,task        ] GC(528) Using 8 workers of 8 for marking
[113.142s][info][gc,marking     ] GC(528) Concurrent Mark From Roots 22.049ms
[113.142s][info][gc,marking     ] GC(528) Concurrent Preclean
[113.142s][info][gc,marking     ] GC(528) Concurrent Preclean 0.545ms
[113.143s][info][gc,start       ] GC(528) Pause Remark
[113.146s][info][gc             ] GC(528) Pause Remark 1776M->1727M(2048M) 3.264ms
[113.146s][info][gc,cpu         ] GC(528) User=0.00s Sys=0.00s Real=0.00s
[113.146s][info][gc,marking     ] GC(528) Concurrent Mark 26.339ms
[113.146s][info][gc,marking     ] GC(528) Concurrent Rebuild Remembered Sets and Scrub Regions
[113.153s][info][gc,marking     ] GC(528) Concurrent Rebuild Remembered Sets and Scrub Regions 6.916ms
[113.154s][info][gc,start       ] GC(528) Pause Cleanup
[113.155s][info][gc             ] GC(528) Pause Cleanup 1844M->1844M(2048M) 0.625ms
[113.155s][info][gc,cpu         ] GC(528) User=0.00s Sys=0.00s Real=0.00s
[113.155s][info][gc,marking     ] GC(528) Concurrent Clear Claimed Marks
[113.155s][info][gc,marking     ] GC(528) Concurrent Clear Claimed Marks 0.246ms
[113.155s][info][gc,marking     ] GC(528) Concurrent Cleanup for Next Mark
[113.158s][info][gc,marking     ] GC(528) Concurrent Cleanup for Next Mark 2.695ms
[113.158s][info][gc             ] GC(528) Concurrent Mark Cycle 40.746ms
[113.164s][info][gc,start       ] GC(529) Pause Young (Prepare Mixed) (G1 Humongous Allocation)
[113.164s][info][gc,task        ] GC(529) Using 33 workers of 33 for evacuation
[113.166s][info][gc,phases      ] GC(529)   Pre Evacuate Collection Set: 0.3ms
[113.166s][info][gc,phases      ] GC(529)   Merge Heap Roots: 0.8ms
[113.166s][info][gc,phases      ] GC(529)   Evacuate Collection Set: 0.6ms
[113.166s][info][gc,phases      ] GC(529)   Post Evacuate Collection Set: 0.7ms
[113.166s][info][gc,phases      ] GC(529)   Other: 0.1ms
[113.166s][info][gc,heap        ] GC(529) Eden regions: 545->0(571)
[113.166s][info][gc,heap        ] GC(529) Survivor regions: 1->1(71)
[113.166s][info][gc,heap        ] GC(529) Old regions: 156->156
[113.166s][info][gc,heap        ] GC(529) Archive regions: 0->0
[113.166s][info][gc,heap        ] GC(529) Humongous regions: 1268->1216
[113.166s][info][gc,metaspace   ] GC(529) Metaspace: 127056K(129152K)->127056K(129152K) NonClass: 108029K(108736K)->108029K(108736K) Class: 19026K(20416K)->19026K(20416K)
[113.166s][info][gc             ] GC(529) Pause Young (Prepare Mixed) (G1 Humongous Allocation) 1966M->1369M(2048M) 2.750ms
[113.166s][info][gc,cpu         ] GC(529) User=0.53s Sys=0.00s Real=0.02s
[113.202s][info][gc,start       ] GC(530) Pause Young (Mixed) (G1 Humongous Allocation)
[113.202s][info][gc,task        ] GC(530) Using 33 workers of 33 for evacuation
[113.204s][info][gc,phases      ] GC(530)   Pre Evacuate Collection Set: 0.3ms
[113.204s][info][gc,phases      ] GC(530)   Merge Heap Roots: 0.3ms
[113.204s][info][gc,phases      ] GC(530)   Evacuate Collection Set: 1.1ms
[113.204s][info][gc,phases      ] GC(530)   Post Evacuate Collection Set: 0.7ms
[113.204s][info][gc,phases      ] GC(530)   Other: 0.1ms
[113.204s][info][gc,heap        ] GC(530) Eden regions: 542->0(564)
[113.204s][info][gc,heap        ] GC(530) Survivor regions: 1->2(37)
[113.204s][info][gc,heap        ] GC(530) Old regions: 156->142
[113.204s][info][gc,heap        ] GC(530) Archive regions: 0->0
[113.204s][info][gc,heap        ] GC(530) Humongous regions: 1312->1235
[113.204s][info][gc,metaspace   ] GC(530) Metaspace: 127056K(129152K)->127056K(129152K) NonClass: 108029K(108736K)->108029K(108736K) Class: 19026K(20416K)->19026K(20416K)
[113.205s][info][gc             ] GC(530) Pause Young (Mixed) (G1 Humongous Allocation) 2007M->1376M(2048M) 2.658ms
[113.205s][info][gc,cpu         ] GC(530) User=0.00s Sys=0.00s Real=0.00s
[113.207s][info][gc,start       ] GC(531) Pause Young (Concurrent Start) (G1 Humongous Allocation)
[113.207s][info][gc,task        ] GC(531) Using 33 workers of 33 for evacuation
[113.210s][info][gc,phases      ] GC(531)   Pre Evacuate Collection Set: 0.4ms
[113.210s][info][gc,phases      ] GC(531)   Merge Heap Roots: 0.1ms
[113.210s][info][gc,phases      ] GC(531)   Evacuate Collection Set: 2.0ms
[113.210s][info][gc,phases      ] GC(531)   Post Evacuate Collection Set: 0.5ms
[113.210s][info][gc,phases      ] GC(531)   Other: 0.0ms
[113.210s][info][gc,heap        ] GC(531) Eden regions: 31->0(558)
[113.210s][info][gc,heap        ] GC(531) Survivor regions: 2->3(71)
[113.210s][info][gc,heap        ] GC(531) Old regions: 142->142
[113.210s][info][gc,heap        ] GC(531) Archive regions: 0->0
[113.210s][info][gc,heap        ] GC(531) Humongous regions: 1239->1239
[113.210s][info][gc,metaspace   ] GC(531) Metaspace: 127056K(129152K)->127056K(129152K) NonClass: 108029K(108736K)->108029K(108736K) Class: 19026K(20416K)->19026K(20416K)
[113.210s][info][gc             ] GC(531) Pause Young (Concurrent Start) (G1 Humongous Allocation) 1410M->1380M(2048M) 3.283ms
[113.210s][info][gc             ] GC(532) Concurrent Mark Cycle
[113.210s][info][gc,cpu         ] GC(531) User=0.00s Sys=0.00s Real=0.00s
[113.210s][info][gc,marking     ] GC(532) Concurrent Scan Root Regions
[113.214s][info][gc,marking     ] GC(532) Concurrent Scan Root Regions 3.655ms
[113.214s][info][gc,marking     ] GC(532) Concurrent Mark
[113.214s][info][gc,marking     ] GC(532) Concurrent Mark From Roots
[113.214s][info][gc,task        ] GC(532) Using 8 workers of 8 for marking
[113.233s][info][gc,marking     ] GC(532) Concurrent Mark From Roots 18.991ms
[113.233s][info][gc,marking     ] GC(532) Concurrent Preclean
[113.233s][info][gc,marking     ] GC(532) Concurrent Preclean 0.524ms
[113.233s][info][gc,start       ] GC(532) Pause Remark
[113.236s][info][gc             ] GC(532) Pause Remark 1735M->1716M(2048M) 3.104ms
[113.237s][info][gc,cpu         ] GC(532) User=0.00s Sys=0.00s Real=0.00s
[113.237s][info][gc,marking     ] GC(532) Concurrent Mark 23.024ms
[113.237s][info][gc,marking     ] GC(532) Concurrent Rebuild Remembered Sets and Scrub Regions
[113.243s][info][gc,marking     ] GC(532) Concurrent Rebuild Remembered Sets and Scrub Regions 6.705ms
[113.244s][info][gc,start       ] GC(532) Pause Cleanup
[113.244s][info][gc             ] GC(532) Pause Cleanup 1820M->1820M(2048M) 0.539ms
[113.244s][info][gc,cpu         ] GC(532) User=0.00s Sys=0.00s Real=0.00s
[113.244s][info][gc,marking     ] GC(532) Concurrent Clear Claimed Marks
[113.244s][info][gc,marking     ] GC(532) Concurrent Clear Claimed Marks 0.178ms
[113.244s][info][gc,marking     ] GC(532) Concurrent Cleanup for Next Mark
[113.247s][info][gc,marking     ] GC(532) Concurrent Cleanup for Next Mark 2.366ms
[113.247s][info][gc             ] GC(532) Concurrent Mark Cycle 36.950ms
[113.254s][info][gc,start       ] GC(533) Pause Young (Prepare Mixed) (G1 Humongous Allocation)
[113.254s][info][gc,task        ] GC(533) Using 33 workers of 33 for evacuation
[113.256s][info][gc,phases      ] GC(533)   Pre Evacuate Collection Set: 0.3ms
[113.256s][info][gc,phases      ] GC(533)   Merge Heap Roots: 0.8ms
[113.256s][info][gc,phases      ] GC(533)   Evacuate Collection Set: 0.7ms
[113.256s][info][gc,phases      ] GC(533)   Post Evacuate Collection Set: 0.7ms
[113.257s][info][gc,phases      ] GC(533)   Other: 0.1ms
[113.257s][info][gc,heap        ] GC(533) Eden regions: 557->0(590)
[113.257s][info][gc,heap        ] GC(533) Survivor regions: 3->2(65)
[113.257s][info][gc,heap        ] GC(533) Old regions: 139->139
[113.257s][info][gc,heap        ] GC(533) Archive regions: 0->0
[113.257s][info][gc,heap        ] GC(533) Humongous regions: 1284->1212
[113.257s][info][gc,metaspace   ] GC(533) Metaspace: 127056K(129152K)->127056K(129152K) NonClass: 108029K(108736K)->108029K(108736K) Class: 19026K(20416K)->19026K(20416K)
[113.257s][info][gc             ] GC(533) Pause Young (Prepare Mixed) (G1 Humongous Allocation) 1979M->1349M(2048M) 2.818ms
[113.257s][info][gc,cpu         ] GC(533) User=0.00s Sys=0.00s Real=0.00s
[113.289s][info][gc,start       ] GC(534) Pause Young (Mixed) (G1 Humongous Allocation)
[113.289s][info][gc,task        ] GC(534) Using 33 workers of 33 for evacuation
[113.292s][info][gc,phases      ] GC(534)   Pre Evacuate Collection Set: 0.3ms
[113.292s][info][gc,phases      ] GC(534)   Merge Heap Roots: 0.3ms
[113.292s][info][gc,phases      ] GC(534)   Evacuate Collection Set: 1.5ms
[113.292s][info][gc,phases      ] GC(534)   Post Evacuate Collection Set: 0.7ms
[113.292s][info][gc,phases      ] GC(534)   Other: 0.1ms
[113.292s][info][gc,heap        ] GC(534) Eden regions: 552->0(586)
[113.292s][info][gc,heap        ] GC(534) Survivor regions: 2->3(74)
[113.292s][info][gc,heap        ] GC(534) Old regions: 139->127
[113.292s][info][gc,heap        ] GC(534) Archive regions: 0->0
[113.292s][info][gc,heap        ] GC(534) Humongous regions: 1279->1226
[113.292s][info][gc,metaspace   ] GC(534) Metaspace: 127056K(129152K)->127056K(129152K) NonClass: 108029K(108736K)->108029K(108736K) Class: 19026K(20416K)->19026K(20416K)
[113.292s][info][gc             ] GC(534) Pause Young (Mixed) (G1 Humongous Allocation) 1968M->1352M(2048M) 3.116ms
[113.292s][info][gc,cpu         ] GC(534) User=0.00s Sys=0.00s Real=0.00s
[113.294s][info][gc,start       ] GC(535) Pause Young (Concurrent Start) (G1 Humongous Allocation)
[113.294s][info][gc,task        ] GC(535) Using 33 workers of 33 for evacuation
[113.297s][info][gc,phases      ] GC(535)   Pre Evacuate Collection Set: 0.4ms
[113.297s][info][gc,phases      ] GC(535)   Merge Heap Roots: 0.1ms
[113.297s][info][gc,phases      ] GC(535)   Evacuate Collection Set: 1.3ms
[113.297s][info][gc,phases      ] GC(535)   Post Evacuate Collection Set: 0.6ms
[113.297s][info][gc,phases      ] GC(535)   Other: 0.1ms
[113.297s][info][gc,heap        ] GC(535) Eden regions: 46->0(583)
[113.297s][info][gc,heap        ] GC(535) Survivor regions: 3->3(74)
[113.297s][info][gc,heap        ] GC(535) Old regions: 127->127
[113.297s][info][gc,heap        ] GC(535) Archive regions: 0->0
[113.297s][info][gc,heap        ] GC(535) Humongous regions: 1233->1229
[113.297s][info][gc,metaspace   ] GC(535) Metaspace: 127056K(129152K)->127056K(129152K) NonClass: 108029K(108736K)->108029K(108736K) Class: 19026K(20416K)->19026K(20416K)
[113.297s][info][gc             ] GC(535) Pause Young (Concurrent Start) (G1 Humongous Allocation) 1405M->1356M(2048M) 2.819ms
[113.297s][info][gc             ] GC(536) Concurrent Mark Cycle
[113.297s][info][gc,cpu         ] GC(535) User=0.00s Sys=0.00s Real=0.00s
[113.297s][info][gc,marking     ] GC(536) Concurrent Scan Root Regions
[113.300s][info][gc,marking     ] GC(536) Concurrent Scan Root Regions 2.336ms
[113.300s][info][gc,marking     ] GC(536) Concurrent Mark
[113.300s][info][gc,marking     ] GC(536) Concurrent Mark From Roots
[113.300s][info][gc,task        ] GC(536) Using 8 workers of 8 for marking
[113.320s][info][gc,marking     ] GC(536) Concurrent Mark From Roots 20.311ms
[113.320s][info][gc,marking     ] GC(536) Concurrent Preclean
[113.321s][info][gc,marking     ] GC(536) Concurrent Preclean 0.745ms
[113.322s][info][gc,start       ] GC(536) Pause Remark
[113.325s][info][gc             ] GC(536) Pause Remark 1734M->1733M(2048M) 2.920ms
[113.325s][info][gc,cpu         ] GC(536) User=0.00s Sys=0.00s Real=0.00s
[113.325s][info][gc,marking     ] GC(536) Concurrent Mark 24.967ms
[113.325s][info][gc,marking     ] GC(536) Concurrent Rebuild Remembered Sets and Scrub Regions
[113.331s][info][gc,marking     ] GC(536) Concurrent Rebuild Remembered Sets and Scrub Regions 6.668ms
[113.332s][info][gc,start       ] GC(536) Pause Cleanup
[113.333s][info][gc             ] GC(536) Pause Cleanup 1840M->1840M(2048M) 0.521ms
[113.333s][info][gc,cpu         ] GC(536) User=0.00s Sys=0.00s Real=0.00s
[113.333s][info][gc,marking     ] GC(536) Concurrent Clear Claimed Marks
[113.333s][info][gc,marking     ] GC(536) Concurrent Clear Claimed Marks 0.242ms
[113.333s][info][gc,marking     ] GC(536) Concurrent Cleanup for Next Mark
[113.336s][info][gc,marking     ] GC(536) Concurrent Cleanup for Next Mark 2.542ms
[113.336s][info][gc             ] GC(536) Concurrent Mark Cycle 38.427ms
[113.344s][info][gc,start       ] GC(537) Pause Young (Prepare Mixed) (G1 Humongous Allocation)
[113.344s][info][gc,task        ] GC(537) Using 33 workers of 33 for evacuation
[113.346s][info][gc,phases      ] GC(537)   Pre Evacuate Collection Set: 0.3ms
[113.346s][info][gc,phases      ] GC(537)   Merge Heap Roots: 0.8ms
[113.346s][info][gc,phases      ] GC(537)   Evacuate Collection Set: 0.7ms
[113.346s][info][gc,phases      ] GC(537)   Post Evacuate Collection Set: 0.7ms
[113.346s][info][gc,phases      ] GC(537)   Other: 0.1ms
[113.346s][info][gc,heap        ] GC(537) Eden regions: 561->0(586)
[113.346s][info][gc,heap        ] GC(537) Survivor regions: 3->2(32)
[113.346s][info][gc,heap        ] GC(537) Old regions: 126->126
[113.346s][info][gc,heap        ] GC(537) Archive regions: 0->0
[113.346s][info][gc,heap        ] GC(537) Humongous regions: 1326->1229
[113.346s][info][gc,metaspace   ] GC(537) Metaspace: 127056K(129152K)->127056K(129152K) NonClass: 108029K(108736K)->108029K(108736K) Class: 19026K(20416K)->19026K(20416K)
[113.346s][info][gc             ] GC(537) Pause Young (Prepare Mixed) (G1 Humongous Allocation) 2013M->1354M(2048M) 2.764ms
[113.346s][info][gc,cpu         ] GC(537) User=0.00s Sys=0.00s Real=0.00s
[113.382s][info][gc,start       ] GC(538) Pause Young (Mixed) (G1 Evacuation Pause)
[113.382s][info][gc,task        ] GC(538) Using 33 workers of 33 for evacuation
[113.384s][info][gc,phases      ] GC(538)   Pre Evacuate Collection Set: 0.3ms
[113.384s][info][gc,phases      ] GC(538)   Merge Heap Roots: 0.2ms
[113.385s][info][gc,phases      ] GC(538)   Evacuate Collection Set: 1.1ms
[113.385s][info][gc,phases      ] GC(538)   Post Evacuate Collection Set: 0.7ms
[113.385s][info][gc,phases      ] GC(538)   Other: 0.2ms
[113.385s][info][gc,heap        ] GC(538) Eden regions: 586->0(585)
[113.385s][info][gc,heap        ] GC(538) Survivor regions: 2->2(32)
[113.385s][info][gc,heap        ] GC(538) Old regions: 126->115
[113.385s][info][gc,heap        ] GC(538) Archive regions: 0->0
[113.385s][info][gc,heap        ] GC(538) Humongous regions: 1302->1241
[113.385s][info][gc,metaspace   ] GC(538) Metaspace: 127056K(129152K)->127056K(129152K) NonClass: 108029K(108736K)->108029K(108736K) Class: 19026K(20416K)->19026K(20416K)
[113.385s][info][gc             ] GC(538) Pause Young (Mixed) (G1 Evacuation Pause) 2013M->1355M(2048M) 2.976ms
[113.385s][info][gc,cpu         ] GC(538) User=0.00s Sys=0.00s Real=0.00s
[113.386s][info][gc,start       ] GC(539) Pause Young (Concurrent Start) (G1 Humongous Allocation)
[113.386s][info][gc,task        ] GC(539) Using 33 workers of 33 for evacuation
[113.388s][info][gc,phases      ] GC(539)   Pre Evacuate Collection Set: 0.4ms
[113.388s][info][gc,phases      ] GC(539)   Merge Heap Roots: 0.1ms
[113.388s][info][gc,phases      ] GC(539)   Evacuate Collection Set: 1.2ms
[113.388s][info][gc,phases      ] GC(539)   Post Evacuate Collection Set: 0.6ms
[113.388s][info][gc,phases      ] GC(539)   Other: 0.1ms
[113.388s][info][gc,heap        ] GC(539) Eden regions: 19->0(585)
[113.389s][info][gc,heap        ] GC(539) Survivor regions: 2->2(74)
[113.389s][info][gc,heap        ] GC(539) Old regions: 115->115
[113.389s][info][gc,heap        ] GC(539) Archive regions: 0->0
[113.389s][info][gc,heap        ] GC(539) Humongous regions: 1241->1241
[113.389s][info][gc,metaspace   ] GC(539) Metaspace: 127056K(129152K)->127056K(129152K) NonClass: 108029K(108736K)->108029K(108736K) Class: 19026K(20416K)->19026K(20416K)
[113.389s][info][gc             ] GC(539) Pause Young (Concurrent Start) (G1 Humongous Allocation) 1373M->1355M(2048M) 2.796ms
[113.389s][info][gc             ] GC(540) Concurrent Mark Cycle
[113.389s][info][gc,cpu         ] GC(539) User=0.00s Sys=0.00s Real=0.00s
[113.389s][info][gc,marking     ] GC(540) Concurrent Scan Root Regions
[113.393s][info][gc,marking     ] GC(540) Concurrent Scan Root Regions 4.298ms
[113.393s][info][gc,marking     ] GC(540) Concurrent Mark
[113.393s][info][gc,marking     ] GC(540) Concurrent Mark From Roots
[113.393s][info][gc,task        ] GC(540) Using 8 workers of 8 for marking
[113.414s][info][gc,marking     ] GC(540) Concurrent Mark From Roots 20.771ms
[113.414s][info][gc,marking     ] GC(540) Concurrent Preclean
[113.414s][info][gc,marking     ] GC(540) Concurrent Preclean 0.557ms
[113.415s][info][gc,start       ] GC(540) Pause Remark
[113.418s][info][gc             ] GC(540) Pause Remark 1757M->1757M(2048M) 2.995ms
[113.418s][info][gc,cpu         ] GC(540) User=0.00s Sys=0.00s Real=0.00s
[113.418s][info][gc,marking     ] GC(540) Concurrent Mark 24.724ms
[113.418s][info][gc,marking     ] GC(540) Concurrent Rebuild Remembered Sets and Scrub Regions
[113.424s][info][gc,marking     ] GC(540) Concurrent Rebuild Remembered Sets and Scrub Regions 6.527ms
[113.425s][info][gc,start       ] GC(540) Pause Cleanup
[113.425s][info][gc             ] GC(540) Pause Cleanup 1858M->1858M(2048M) 0.501ms
[113.425s][info][gc,cpu         ] GC(540) User=0.00s Sys=0.00s Real=0.00s
[113.425s][info][gc,marking     ] GC(540) Concurrent Clear Claimed Marks
[113.425s][info][gc,marking     ] GC(540) Concurrent Clear Claimed Marks 0.184ms
[113.425s][info][gc,marking     ] GC(540) Concurrent Cleanup for Next Mark
[113.428s][info][gc,marking     ] GC(540) Concurrent Cleanup for Next Mark 2.429ms
[113.428s][info][gc             ] GC(540) Concurrent Mark Cycle 39.224ms
[113.434s][info][gc,start       ] GC(541) Pause Young (Prepare Mixed) (G1 Evacuation Pause)
[113.434s][info][gc,task        ] GC(541) Using 33 workers of 33 for evacuation
[113.437s][info][gc,phases      ] GC(541)   Pre Evacuate Collection Set: 0.2ms
[113.437s][info][gc,phases      ] GC(541)   Merge Heap Roots: 0.8ms
[113.437s][info][gc,phases      ] GC(541)   Evacuate Collection Set: 0.7ms
[113.437s][info][gc,phases      ] GC(541)   Post Evacuate Collection Set: 0.8ms
[113.437s][info][gc,phases      ] GC(541)   Other: 0.1ms
[113.437s][info][gc,heap        ] GC(541) Eden regions: 585->0(573)
[113.437s][info][gc,heap        ] GC(541) Survivor regions: 2->2(44)
[113.437s][info][gc,heap        ] GC(541) Old regions: 115->115
[113.437s][info][gc,heap        ] GC(541) Archive regions: 0->0
[113.437s][info][gc,heap        ] GC(541) Humongous regions: 1302->1253
[113.437s][info][gc,metaspace   ] GC(541) Metaspace: 127056K(129152K)->127056K(129152K) NonClass: 108029K(108736K)->108029K(108736K) Class: 19026K(20416K)->19026K(20416K)
[113.437s][info][gc             ] GC(541) Pause Young (Prepare Mixed) (G1 Evacuation Pause) 2001M->1367M(2048M) 2.868ms
[113.437s][info][gc,cpu         ] GC(541) User=0.02s Sys=0.00s Real=0.02s
[113.468s][info][gc,start       ] GC(542) Pause Young (Mixed) (G1 Humongous Allocation)
[113.468s][info][gc,task        ] GC(542) Using 33 workers of 33 for evacuation
[113.470s][info][gc,phases      ] GC(542)   Pre Evacuate Collection Set: 0.3ms
[113.470s][info][gc,phases      ] GC(542)   Merge Heap Roots: 0.2ms
[113.470s][info][gc,phases      ] GC(542)   Evacuate Collection Set: 1.1ms
[113.470s][info][gc,phases      ] GC(542)   Post Evacuate Collection Set: 0.7ms
[113.470s][info][gc,phases      ] GC(542)   Other: 0.1ms
[113.470s][info][gc,heap        ] GC(542) Eden regions: 505->0(571)
[113.470s][info][gc,heap        ] GC(542) Survivor regions: 2->2(72)
[113.470s][info][gc,heap        ] GC(542) Old regions: 115->106
[113.470s][info][gc,heap        ] GC(542) Archive regions: 0->0
[113.470s][info][gc,heap        ] GC(542) Humongous regions: 1342->1264
[113.470s][info][gc,metaspace   ] GC(542) Metaspace: 127056K(129152K)->127056K(129152K) NonClass: 108029K(108736K)->108029K(108736K) Class: 19026K(20416K)->19026K(20416K)
[113.471s][info][gc             ] GC(542) Pause Young (Mixed) (G1 Humongous Allocation) 1961M->1369M(2048M) 2.668ms
[113.471s][info][gc,cpu         ] GC(542) User=0.00s Sys=0.00s Real=0.00s
[113.473s][info][gc,start       ] GC(543) Pause Young (Concurrent Start) (G1 Humongous Allocation)
[113.473s][info][gc,task        ] GC(543) Using 33 workers of 33 for evacuation
[113.475s][info][gc,phases      ] GC(543)   Pre Evacuate Collection Set: 0.4ms
[113.475s][info][gc,phases      ] GC(543)   Merge Heap Roots: 0.1ms
[113.475s][info][gc,phases      ] GC(543)   Evacuate Collection Set: 1.2ms
[113.475s][info][gc,phases      ] GC(543)   Post Evacuate Collection Set: 0.5ms
[113.475s][info][gc,phases      ] GC(543)   Other: 0.1ms
[113.475s][info][gc,heap        ] GC(543) Eden regions: 42->0(569)
[113.475s][info][gc,heap        ] GC(543) Survivor regions: 2->3(72)
[113.475s][info][gc,heap        ] GC(543) Old regions: 106->106
[113.475s][info][gc,heap        ] GC(543) Archive regions: 0->0
[113.475s][info][gc,heap        ] GC(543) Humongous regions: 1268->1264
[113.475s][info][gc,metaspace   ] GC(543) Metaspace: 127056K(129152K)->127056K(129152K) NonClass: 108029K(108736K)->108029K(108736K) Class: 19026K(20416K)->19026K(20416K)
[113.475s][info][gc             ] GC(543) Pause Young (Concurrent Start) (G1 Humongous Allocation) 1415M->1369M(2048M) 2.431ms
[113.475s][info][gc             ] GC(544) Concurrent Mark Cycle
[113.475s][info][gc,cpu         ] GC(543) User=0.00s Sys=0.00s Real=0.00s
[113.476s][info][gc,marking     ] GC(544) Concurrent Scan Root Regions
[113.478s][info][gc,marking     ] GC(544) Concurrent Scan Root Regions 2.465ms
[113.478s][info][gc,marking     ] GC(544) Concurrent Mark
[113.478s][info][gc,marking     ] GC(544) Concurrent Mark From Roots
[113.478s][info][gc,task        ] GC(544) Using 8 workers of 8 for marking
[113.495s][info][gc,marking     ] GC(544) Concurrent Mark From Roots 16.776ms
[113.495s][info][gc,marking     ] GC(544) Concurrent Preclean
[113.495s][info][gc,marking     ] GC(544) Concurrent Preclean 0.462ms
[113.496s][info][gc,start       ] GC(544) Pause Remark
[113.498s][info][gc             ] GC(544) Pause Remark 1661M->1661M(2048M) 2.940ms
[113.499s][info][gc,cpu         ] GC(544) User=0.03s Sys=0.03s Real=0.02s
[113.499s][info][gc,marking     ] GC(544) Concurrent Mark 20.561ms
[113.499s][info][gc,marking     ] GC(544) Concurrent Rebuild Remembered Sets and Scrub Regions
[113.506s][info][gc,marking     ] GC(544) Concurrent Rebuild Remembered Sets and Scrub Regions 6.913ms
[113.506s][info][gc,start       ] GC(544) Pause Cleanup
[113.506s][info][gc             ] GC(544) Pause Cleanup 1776M->1776M(2048M) 0.447ms
[113.506s][info][gc,cpu         ] GC(544) User=0.00s Sys=0.00s Real=0.00s
[113.506s][info][gc,marking     ] GC(544) Concurrent Clear Claimed Marks
[113.507s][info][gc,marking     ] GC(544) Concurrent Clear Claimed Marks 0.215ms
[113.507s][info][gc,marking     ] GC(544) Concurrent Cleanup for Next Mark
[113.509s][info][gc,marking     ] GC(544) Concurrent Cleanup for Next Mark 2.594ms
[113.509s][info][gc             ] GC(544) Concurrent Mark Cycle 33.932ms
[113.521s][info][gc,start       ] GC(545) Pause Young (Prepare Mixed) (G1 Evacuation Pause)
[113.521s][info][gc,task        ] GC(545) Using 33 workers of 33 for evacuation
[113.524s][info][gc,phases      ] GC(545)   Pre Evacuate Collection Set: 0.3ms
[113.524s][info][gc,phases      ] GC(545)   Merge Heap Roots: 0.8ms
[113.524s][info][gc,phases      ] GC(545)   Evacuate Collection Set: 0.6ms
[113.524s][info][gc,phases      ] GC(545)   Post Evacuate Collection Set: 0.8ms
[113.524s][info][gc,phases      ] GC(545)   Other: 0.2ms
[113.524s][info][gc,heap        ] GC(545) Eden regions: 569->0(562)
[113.524s][info][gc,heap        ] GC(545) Survivor regions: 3->2(25)
[113.524s][info][gc,heap        ] GC(545) Old regions: 106->106
[113.524s][info][gc,heap        ] GC(545) Archive regions: 0->0
[113.524s][info][gc,heap        ] GC(545) Humongous regions: 1345->1273
[113.524s][info][gc,metaspace   ] GC(545) Metaspace: 127056K(129152K)->127056K(129152K) NonClass: 108029K(108736K)->108029K(108736K) Class: 19026K(20416K)->19026K(20416K)
[113.524s][info][gc             ] GC(545) Pause Young (Prepare Mixed) (G1 Evacuation Pause) 2019M->1378M(2048M) 2.990ms
[113.524s][info][gc,cpu         ] GC(545) User=0.00s Sys=0.00s Real=0.00s
[113.557s][info][gc,start       ] GC(546) Pause Young (Mixed) (G1 Humongous Allocation)
[113.557s][info][gc,task        ] GC(546) Using 33 workers of 33 for evacuation
[113.559s][info][gc,phases      ] GC(546)   Pre Evacuate Collection Set: 0.3ms
[113.559s][info][gc,phases      ] GC(546)   Merge Heap Roots: 0.2ms
[113.560s][info][gc,phases      ] GC(546)   Evacuate Collection Set: 1.0ms
[113.560s][info][gc,phases      ] GC(546)   Post Evacuate Collection Set: 0.8ms
[113.560s][info][gc,phases      ] GC(546)   Other: 0.2ms
[113.560s][info][gc,heap        ] GC(546) Eden regions: 521->0(560)
[113.560s][info][gc,heap        ] GC(546) Survivor regions: 2->2(71)
[113.560s][info][gc,heap        ] GC(546) Old regions: 106->98
[113.560s][info][gc,heap        ] GC(546) Archive regions: 0->0
[113.560s][info][gc,heap        ] GC(546) Humongous regions: 1342->1283
[113.560s][info][gc,metaspace   ] GC(546) Metaspace: 127056K(129152K)->127056K(129152K) NonClass: 108029K(108736K)->108029K(108736K) Class: 19026K(20416K)->19026K(20416K)
[113.560s][info][gc             ] GC(546) Pause Young (Mixed) (G1 Humongous Allocation) 1968M->1380M(2048M) 3.075ms
[113.560s][info][gc,cpu         ] GC(546) User=0.00s Sys=0.00s Real=0.00s
[113.561s][info][gc,start       ] GC(547) Pause Young (Concurrent Start) (G1 Humongous Allocation)
[113.561s][info][gc,task        ] GC(547) Using 33 workers of 33 for evacuation
[113.563s][info][gc,phases      ] GC(547)   Pre Evacuate Collection Set: 0.5ms
[113.563s][info][gc,phases      ] GC(547)   Merge Heap Roots: 0.1ms
[113.563s][info][gc,phases      ] GC(547)   Evacuate Collection Set: 1.1ms
[113.563s][info][gc,phases      ] GC(547)   Post Evacuate Collection Set: 0.7ms
[113.563s][info][gc,phases      ] GC(547)   Other: 0.1ms
[113.563s][info][gc,heap        ] GC(547) Eden regions: 9->0(554)
[113.563s][info][gc,heap        ] GC(547) Survivor regions: 2->3(71)
[113.563s][info][gc,heap        ] GC(547) Old regions: 98->98
[113.563s][info][gc,heap        ] GC(547) Archive regions: 0->0
[113.563s][info][gc,heap        ] GC(547) Humongous regions: 1287->1287
[113.564s][info][gc,metaspace   ] GC(547) Metaspace: 127056K(129152K)->127056K(129152K) NonClass: 108029K(108736K)->108029K(108736K) Class: 19026K(20416K)->19026K(20416K)
[113.564s][info][gc             ] GC(547) Pause Young (Concurrent Start) (G1 Humongous Allocation) 1393M->1384M(2048M) 2.896ms
[113.564s][info][gc             ] GC(548) Concurrent Mark Cycle
[113.564s][info][gc,cpu         ] GC(547) User=0.02s Sys=0.00s Real=0.02s
[113.564s][info][gc,marking     ] GC(548) Concurrent Scan Root Regions
[113.566s][info][gc,marking     ] GC(548) Concurrent Scan Root Regions 2.034ms
[113.566s][info][gc,marking     ] GC(548) Concurrent Mark
[113.566s][info][gc,marking     ] GC(548) Concurrent Mark From Roots
[113.566s][info][gc,task        ] GC(548) Using 8 workers of 8 for marking
[113.583s][info][gc,marking     ] GC(548) Concurrent Mark From Roots 16.951ms
[113.583s][info][gc,marking     ] GC(548) Concurrent Preclean
[113.583s][info][gc,marking     ] GC(548) Concurrent Preclean 0.431ms
[113.584s][info][gc,start       ] GC(548) Pause Remark
[113.587s][info][gc             ] GC(548) Pause Remark 1612M->1612M(2048M) 3.045ms
[113.587s][info][gc,cpu         ] GC(548) User=0.00s Sys=0.00s Real=0.00s
[113.587s][info][gc,marking     ] GC(548) Concurrent Mark 21.376ms
[113.587s][info][gc,marking     ] GC(548) Concurrent Rebuild Remembered Sets and Scrub Regions
[113.594s][info][gc,marking     ] GC(548) Concurrent Rebuild Remembered Sets and Scrub Regions 6.556ms
[113.594s][info][gc,start       ] GC(548) Pause Cleanup
[113.595s][info][gc             ] GC(548) Pause Cleanup 1708M->1708M(2048M) 0.501ms
[113.595s][info][gc,cpu         ] GC(548) User=0.00s Sys=0.00s Real=0.00s
[113.595s][info][gc,marking     ] GC(548) Concurrent Clear Claimed Marks
[113.595s][info][gc,marking     ] GC(548) Concurrent Clear Claimed Marks 0.215ms
[113.595s][info][gc,marking     ] GC(548) Concurrent Cleanup for Next Mark
[113.597s][info][gc,marking     ] GC(548) Concurrent Cleanup for Next Mark 2.315ms
[113.597s][info][gc             ] GC(548) Concurrent Mark Cycle 33.812ms
[113.612s][info][gc,start       ] GC(549) Pause Young (Prepare Mixed) (G1 Humongous Allocation)
[113.612s][info][gc,task        ] GC(549) Using 33 workers of 33 for evacuation
[113.614s][info][gc,phases      ] GC(549)   Pre Evacuate Collection Set: 0.3ms
[113.614s][info][gc,phases      ] GC(549)   Merge Heap Roots: 0.8ms
[113.614s][info][gc,phases      ] GC(549)   Evacuate Collection Set: 0.7ms
[113.614s][info][gc,phases      ] GC(549)   Post Evacuate Collection Set: 0.7ms
[113.614s][info][gc,phases      ] GC(549)   Other: 0.1ms
[113.614s][info][gc,heap        ] GC(549) Eden regions: 501->0(563)
[113.614s][info][gc,heap        ] GC(549) Survivor regions: 3->2(70)
[113.614s][info][gc,heap        ] GC(549) Old regions: 98->98
[113.614s][info][gc,heap        ] GC(549) Archive regions: 0->0
[113.615s][info][gc,heap        ] GC(549) Humongous regions: 1362->1280
[113.615s][info][gc,metaspace   ] GC(549) Metaspace: 127056K(129152K)->127056K(129152K) NonClass: 108029K(108736K)->108029K(108736K) Class: 19026K(20416K)->19026K(20416K)
[113.615s][info][gc             ] GC(549) Pause Young (Prepare Mixed) (G1 Humongous Allocation) 1960M->1377M(2048M) 2.790ms
[113.615s][info][gc,cpu         ] GC(549) User=0.00s Sys=0.00s Real=0.00s
[113.653s][info][gc,start       ] GC(550) Pause Young (Mixed) (G1 Evacuation Pause)
[113.653s][info][gc,task        ] GC(550) Using 33 workers of 33 for evacuation
[113.656s][info][gc,phases      ] GC(550)   Pre Evacuate Collection Set: 0.3ms
[113.656s][info][gc,phases      ] GC(550)   Merge Heap Roots: 0.3ms
[113.656s][info][gc,phases      ] GC(550)   Evacuate Collection Set: 1.5ms
[113.656s][info][gc,phases      ] GC(550)   Post Evacuate Collection Set: 0.8ms
[113.656s][info][gc,phases      ] GC(550)   Other: 0.2ms
[113.656s][info][gc,heap        ] GC(550) Eden regions: 563->0(568)
[113.656s][info][gc,heap        ] GC(550) Survivor regions: 2->2(59)
[113.656s][info][gc,heap        ] GC(550) Old regions: 98->91
[113.656s][info][gc,heap        ] GC(550) Archive regions: 0->0
[113.656s][info][gc,heap        ] GC(550) Humongous regions: 1326->1282
[113.656s][info][gc,metaspace   ] GC(550) Metaspace: 127056K(129152K)->127056K(129152K) NonClass: 108029K(108736K)->108029K(108736K) Class: 19026K(20416K)->19026K(20416K)
[113.656s][info][gc             ] GC(550) Pause Young (Mixed) (G1 Evacuation Pause) 1986M->1372M(2048M) 3.298ms
[113.656s][info][gc,cpu         ] GC(550) User=0.02s Sys=0.00s Real=0.02s
[113.660s][info][gc,start       ] GC(551) Pause Young (Concurrent Start) (G1 Humongous Allocation)
[113.660s][info][gc,task        ] GC(551) Using 33 workers of 33 for evacuation
[113.663s][info][gc,phases      ] GC(551)   Pre Evacuate Collection Set: 0.4ms
[113.663s][info][gc,phases      ] GC(551)   Merge Heap Roots: 0.1ms
[113.663s][info][gc,phases      ] GC(551)   Evacuate Collection Set: 1.3ms
[113.663s][info][gc,phases      ] GC(551)   Post Evacuate Collection Set: 0.6ms
[113.663s][info][gc,phases      ] GC(551)   Other: 0.1ms
[113.663s][info][gc,heap        ] GC(551) Eden regions: 53->0(568)
[113.663s][info][gc,heap        ] GC(551) Survivor regions: 2->2(72)
[113.663s][info][gc,heap        ] GC(551) Old regions: 91->91
[113.663s][info][gc,heap        ] GC(551) Archive regions: 0->0
[113.663s][info][gc,heap        ] GC(551) Humongous regions: 1282->1282
[113.663s][info][gc,metaspace   ] GC(551) Metaspace: 127056K(129152K)->127056K(129152K) NonClass: 108029K(108736K)->108029K(108736K) Class: 19026K(20416K)->19026K(20416K)
[113.663s][info][gc             ] GC(551) Pause Young (Concurrent Start) (G1 Humongous Allocation) 1425M->1372M(2048M) 2.666ms
[113.663s][info][gc             ] GC(552) Concurrent Mark Cycle
[113.663s][info][gc,cpu         ] GC(551) User=0.00s Sys=0.00s Real=0.00s
[113.663s][info][gc,marking     ] GC(552) Concurrent Scan Root Regions
[113.665s][info][gc,marking     ] GC(552) Concurrent Scan Root Regions 2.558ms
[113.665s][info][gc,marking     ] GC(552) Concurrent Mark
[113.665s][info][gc,marking     ] GC(552) Concurrent Mark From Roots
[113.665s][info][gc,task        ] GC(552) Using 8 workers of 8 for marking
[113.684s][info][gc,marking     ] GC(552) Concurrent Mark From Roots 18.377ms
[113.684s][info][gc,marking     ] GC(552) Concurrent Preclean
[113.684s][info][gc,marking     ] GC(552) Concurrent Preclean 0.495ms
[113.685s][info][gc,start       ] GC(552) Pause Remark
[113.688s][info][gc             ] GC(552) Pause Remark 1663M->1663M(2048M) 2.931ms
[113.688s][info][gc,cpu         ] GC(552) User=0.00s Sys=0.00s Real=0.00s
[113.688s][info][gc,marking     ] GC(552) Concurrent Mark 22.245ms
[113.688s][info][gc,marking     ] GC(552) Concurrent Rebuild Remembered Sets and Scrub Regions
[113.694s][info][gc,marking     ] GC(552) Concurrent Rebuild Remembered Sets and Scrub Regions 6.012ms
[113.694s][info][gc,start       ] GC(552) Pause Cleanup
[113.694s][info][gc             ] GC(552) Pause Cleanup 1746M->1746M(2048M) 0.443ms
[113.694s][info][gc,cpu         ] GC(552) User=0.02s Sys=0.00s Real=0.02s
[113.694s][info][gc,marking     ] GC(552) Concurrent Clear Claimed Marks
[113.695s][info][gc,marking     ] GC(552) Concurrent Clear Claimed Marks 0.186ms
[113.695s][info][gc,marking     ] GC(552) Concurrent Cleanup for Next Mark
[113.697s][info][gc,marking     ] GC(552) Concurrent Cleanup for Next Mark 2.190ms
[113.697s][info][gc             ] GC(552) Concurrent Mark Cycle 34.182ms
[113.709s][info][gc,start       ] GC(553) Pause Young (Prepare Mixed) (G1 Evacuation Pause)
[113.709s][info][gc,task        ] GC(553) Using 33 workers of 33 for evacuation
[113.712s][info][gc,phases      ] GC(553)   Pre Evacuate Collection Set: 0.3ms
[113.712s][info][gc,phases      ] GC(553)   Merge Heap Roots: 0.8ms
[113.712s][info][gc,phases      ] GC(553)   Evacuate Collection Set: 0.7ms
[113.712s][info][gc,phases      ] GC(553)   Post Evacuate Collection Set: 0.7ms
[113.712s][info][gc,phases      ] GC(553)   Other: 0.1ms
[113.712s][info][gc,heap        ] GC(553) Eden regions: 568->0(567)
[113.712s][info][gc,heap        ] GC(553) Survivor regions: 2->2(72)
[113.712s][info][gc,heap        ] GC(553) Old regions: 91->91
[113.712s][info][gc,heap        ] GC(553) Archive regions: 0->0
[113.712s][info][gc,heap        ] GC(553) Humongous regions: 1307->1283
[113.712s][info][gc,metaspace   ] GC(553) Metaspace: 127056K(129152K)->127056K(129152K) NonClass: 108029K(108736K)->108029K(108736K) Class: 19026K(20416K)->19026K(20416K)
[113.712s][info][gc             ] GC(553) Pause Young (Prepare Mixed) (G1 Evacuation Pause) 1965M->1373M(2048M) 2.737ms
[113.712s][info][gc,cpu         ] GC(553) User=0.02s Sys=0.00s Real=0.02s
[113.747s][info][gc,start       ] GC(554) Pause Young (Mixed) (G1 Evacuation Pause)
[113.748s][info][gc,task        ] GC(554) Using 33 workers of 33 for evacuation
[113.750s][info][gc,phases      ] GC(554)   Pre Evacuate Collection Set: 0.3ms
[113.750s][info][gc,phases      ] GC(554)   Merge Heap Roots: 0.2ms
[113.750s][info][gc,phases      ] GC(554)   Evacuate Collection Set: 1.1ms
[113.750s][info][gc,phases      ] GC(554)   Post Evacuate Collection Set: 0.6ms
[113.750s][info][gc,phases      ] GC(554)   Other: 0.1ms
[113.750s][info][gc,heap        ] GC(554) Eden regions: 567->0(576)
[113.750s][info][gc,heap        ] GC(554) Survivor regions: 2->2(72)
[113.750s][info][gc,heap        ] GC(554) Old regions: 91->85
[113.750s][info][gc,heap        ] GC(554) Archive regions: 0->0
[113.750s][info][gc,heap        ] GC(554) Humongous regions: 1299->1280
[113.750s][info][gc,metaspace   ] GC(554) Metaspace: 127056K(129152K)->127056K(129152K) NonClass: 108029K(108736K)->108029K(108736K) Class: 19026K(20416K)->19026K(20416K)
[113.750s][info][gc             ] GC(554) Pause Young (Mixed) (G1 Evacuation Pause) 1956M->1364M(2048M) 2.559ms
[113.750s][info][gc,cpu         ] GC(554) User=0.00s Sys=0.00s Real=0.00s
[113.754s][info][gc,start       ] GC(555) Pause Young (Concurrent Start) (G1 Humongous Allocation)
[113.754s][info][gc,task        ] GC(555) Using 33 workers of 33 for evacuation
[113.757s][info][gc,phases      ] GC(555)   Pre Evacuate Collection Set: 0.4ms
[113.757s][info][gc,phases      ] GC(555)   Merge Heap Roots: 0.1ms
[113.757s][info][gc,phases      ] GC(555)   Evacuate Collection Set: 1.8ms
[113.757s][info][gc,phases      ] GC(555)   Post Evacuate Collection Set: 0.6ms
[113.757s][info][gc,phases      ] GC(555)   Other: 0.0ms
[113.757s][info][gc,heap        ] GC(555) Eden regions: 68->0(576)
[113.757s][info][gc,heap        ] GC(555) Survivor regions: 2->2(73)
[113.757s][info][gc,heap        ] GC(555) Old regions: 85->85
[113.757s][info][gc,heap        ] GC(555) Archive regions: 0->0
[113.757s][info][gc,heap        ] GC(555) Humongous regions: 1280->1280
[113.757s][info][gc,metaspace   ] GC(555) Metaspace: 127056K(129152K)->127056K(129152K) NonClass: 108029K(108736K)->108029K(108736K) Class: 19026K(20416K)->19026K(20416K)
[113.757s][info][gc             ] GC(555) Pause Young (Concurrent Start) (G1 Humongous Allocation) 1432M->1364M(2048M) 3.097ms
[113.757s][info][gc             ] GC(556) Concurrent Mark Cycle
[113.757s][info][gc,cpu         ] GC(555) User=0.52s Sys=0.00s Real=0.02s
[113.757s][info][gc,marking     ] GC(556) Concurrent Scan Root Regions
[113.759s][info][gc,marking     ] GC(556) Concurrent Scan Root Regions 1.928ms
[113.759s][info][gc,marking     ] GC(556) Concurrent Mark
[113.759s][info][gc,marking     ] GC(556) Concurrent Mark From Roots
[113.759s][info][gc,task        ] GC(556) Using 8 workers of 8 for marking
[113.777s][info][gc,marking     ] GC(556) Concurrent Mark From Roots 18.001ms
[113.778s][info][gc,marking     ] GC(556) Concurrent Preclean
[113.778s][info][gc,marking     ] GC(556) Concurrent Preclean 0.425ms
[113.778s][info][gc,start       ] GC(556) Pause Remark
[113.783s][info][gc             ] GC(556) Pause Remark 1606M->1606M(2048M) 5.161ms
[113.783s][info][gc,cpu         ] GC(556) User=0.00s Sys=0.00s Real=0.00s
[113.783s][info][gc,marking     ] GC(556) Concurrent Mark 23.961ms
[113.783s][info][gc,marking     ] GC(556) Concurrent Rebuild Remembered Sets and Scrub Regions
[113.789s][info][gc,marking     ] GC(556) Concurrent Rebuild Remembered Sets and Scrub Regions 5.855ms
[113.789s][info][gc,start       ] GC(556) Pause Cleanup
[113.790s][info][gc             ] GC(556) Pause Cleanup 1684M->1684M(2048M) 0.387ms
[113.790s][info][gc,cpu         ] GC(556) User=0.00s Sys=0.00s Real=0.00s
[113.790s][info][gc,marking     ] GC(556) Concurrent Clear Claimed Marks
[113.790s][info][gc,marking     ] GC(556) Concurrent Clear Claimed Marks 0.170ms
[113.790s][info][gc,marking     ] GC(556) Concurrent Cleanup for Next Mark
[113.792s][info][gc,marking     ] GC(556) Concurrent Cleanup for Next Mark 2.165ms
[113.792s][info][gc             ] GC(556) Concurrent Mark Cycle 34.929ms
[113.808s][info][gc,start       ] GC(557) Pause Young (Prepare Mixed) (G1 Evacuation Pause)
[113.808s][info][gc,task        ] GC(557) Using 33 workers of 33 for evacuation
[113.811s][info][gc,phases      ] GC(557)   Pre Evacuate Collection Set: 0.3ms
[113.811s][info][gc,phases      ] GC(557)   Merge Heap Roots: 0.8ms
[113.811s][info][gc,phases      ] GC(557)   Evacuate Collection Set: 0.7ms
[113.811s][info][gc,phases      ] GC(557)   Post Evacuate Collection Set: 0.7ms
[113.811s][info][gc,phases      ] GC(557)   Other: 0.1ms
[113.811s][info][gc,heap        ] GC(557) Eden regions: 576->0(578)
[113.811s][info][gc,heap        ] GC(557) Survivor regions: 2->2(73)
[113.811s][info][gc,heap        ] GC(557) Old regions: 85->85
[113.811s][info][gc,heap        ] GC(557) Archive regions: 0->0
[113.811s][info][gc,heap        ] GC(557) Humongous regions: 1297->1278
[113.811s][info][gc,metaspace   ] GC(557) Metaspace: 127056K(129152K)->127056K(129152K) NonClass: 108029K(108736K)->108029K(108736K) Class: 19026K(20416K)->19026K(20416K)
[113.811s][info][gc             ] GC(557) Pause Young (Prepare Mixed) (G1 Evacuation Pause) 1957M->1362M(2048M) 2.910ms
[113.811s][info][gc,cpu         ] GC(557) User=0.00s Sys=0.00s Real=0.00s
[113.849s][info][gc,start       ] GC(558) Pause Young (Mixed) (G1 Evacuation Pause)
[113.849s][info][gc,task        ] GC(558) Using 33 workers of 33 for evacuation
[113.852s][info][gc,phases      ] GC(558)   Pre Evacuate Collection Set: 0.3ms
[113.852s][info][gc,phases      ] GC(558)   Merge Heap Roots: 0.3ms
[113.852s][info][gc,phases      ] GC(558)   Evacuate Collection Set: 1.4ms
[113.852s][info][gc,phases      ] GC(558)   Post Evacuate Collection Set: 0.7ms
[113.852s][info][gc,phases      ] GC(558)   Other: 0.1ms
[113.852s][info][gc,heap        ] GC(558) Eden regions: 578->0(584)
[113.852s][info][gc,heap        ] GC(558) Survivor regions: 2->2(73)
[113.852s][info][gc,heap        ] GC(558) Old regions: 85->79
[113.852s][info][gc,heap        ] GC(558) Archive regions: 0->0
[113.852s][info][gc,heap        ] GC(558) Humongous regions: 1300->1278
[113.852s][info][gc,metaspace   ] GC(558) Metaspace: 127056K(129152K)->127056K(129152K) NonClass: 108029K(108736K)->108029K(108736K) Class: 19026K(20416K)->19026K(20416K)
[113.852s][info][gc             ] GC(558) Pause Young (Mixed) (G1 Evacuation Pause) 1962M->1356M(2048M) 2.947ms
[113.852s][info][gc,cpu         ] GC(558) User=0.00s Sys=0.00s Real=0.00s
[113.862s][info][gc,start       ] GC(559) Pause Young (Concurrent Start) (G1 Humongous Allocation)
[113.862s][info][gc,task        ] GC(559) Using 33 workers of 33 for evacuation
[113.864s][info][gc,phases      ] GC(559)   Pre Evacuate Collection Set: 0.4ms
[113.864s][info][gc,phases      ] GC(559)   Merge Heap Roots: 0.1ms
[113.864s][info][gc,phases      ] GC(559)   Evacuate Collection Set: 1.3ms
[113.864s][info][gc,phases      ] GC(559)   Post Evacuate Collection Set: 0.6ms
[113.864s][info][gc,phases      ] GC(559)   Other: 0.0ms
[113.864s][info][gc,heap        ] GC(559) Eden regions: 153->0(588)
[113.864s][info][gc,heap        ] GC(559) Survivor regions: 2->2(74)
[113.864s][info][gc,heap        ] GC(559) Old regions: 79->79
[113.864s][info][gc,heap        ] GC(559) Archive regions: 0->0
[113.864s][info][gc,heap        ] GC(559) Humongous regions: 1278->1274
[113.865s][info][gc,metaspace   ] GC(559) Metaspace: 127056K(129152K)->127056K(129152K) NonClass: 108029K(108736K)->108029K(108736K) Class: 19026K(20416K)->19026K(20416K)
[113.865s][info][gc             ] GC(559) Pause Young (Concurrent Start) (G1 Humongous Allocation) 1509M->1352M(2048M) 2.695ms
[113.865s][info][gc             ] GC(560) Concurrent Mark Cycle
[113.865s][info][gc,cpu         ] GC(559) User=0.00s Sys=0.00s Real=0.00s
[113.865s][info][gc,marking     ] GC(560) Concurrent Scan Root Regions
[113.868s][info][gc,marking     ] GC(560) Concurrent Scan Root Regions 3.334ms
[113.868s][info][gc,marking     ] GC(560) Concurrent Mark
[113.868s][info][gc,marking     ] GC(560) Concurrent Mark From Roots
[113.868s][info][gc,task        ] GC(560) Using 8 workers of 8 for marking
[113.888s][info][gc,marking     ] GC(560) Concurrent Mark From Roots 19.559ms
[113.888s][info][gc,marking     ] GC(560) Concurrent Preclean
[113.888s][info][gc,marking     ] GC(560) Concurrent Preclean 0.396ms
[113.888s][info][gc,start       ] GC(560) Pause Remark
[113.891s][info][gc             ] GC(560) Pause Remark 1611M->1590M(2048M) 2.967ms
[113.891s][info][gc,cpu         ] GC(560) User=0.00s Sys=0.00s Real=0.00s
[113.891s][info][gc,marking     ] GC(560) Concurrent Mark 23.269ms
[113.891s][info][gc,marking     ] GC(560) Concurrent Rebuild Remembered Sets and Scrub Regions
[113.897s][info][gc,marking     ] GC(560) Concurrent Rebuild Remembered Sets and Scrub Regions 5.999ms
[113.897s][info][gc,start       ] GC(560) Pause Cleanup
[113.898s][info][gc             ] GC(560) Pause Cleanup 1651M->1651M(2048M) 0.368ms
[113.898s][info][gc,cpu         ] GC(560) User=0.00s Sys=0.00s Real=0.00s
[113.898s][info][gc,marking     ] GC(560) Concurrent Clear Claimed Marks
[113.898s][info][gc,marking     ] GC(560) Concurrent Clear Claimed Marks 0.173ms
[113.898s][info][gc,marking     ] GC(560) Concurrent Cleanup for Next Mark
[113.900s][info][gc,marking     ] GC(560) Concurrent Cleanup for Next Mark 2.101ms
[113.900s][info][gc             ] GC(560) Concurrent Mark Cycle 35.705ms
[113.922s][info][gc,start       ] GC(561) Pause Young (Prepare Mixed) (G1 Evacuation Pause)
[113.922s][info][gc,task        ] GC(561) Using 33 workers of 33 for evacuation
[113.924s][info][gc,phases      ] GC(561)   Pre Evacuate Collection Set: 0.3ms
[113.924s][info][gc,phases      ] GC(561)   Merge Heap Roots: 1.0ms
[113.924s][info][gc,phases      ] GC(561)   Evacuate Collection Set: 0.7ms
[113.925s][info][gc,phases      ] GC(561)   Post Evacuate Collection Set: 0.7ms
[113.925s][info][gc,phases      ] GC(561)   Other: 0.1ms
[113.925s][info][gc,heap        ] GC(561) Eden regions: 588->0(616)
[113.925s][info][gc,heap        ] GC(561) Survivor regions: 2->2(74)
[113.925s][info][gc,heap        ] GC(561) Old regions: 78->78
[113.925s][info][gc,heap        ] GC(561) Archive regions: 0->0
[113.925s][info][gc,heap        ] GC(561) Humongous regions: 1280->1247
[113.925s][info][gc,metaspace   ] GC(561) Metaspace: 127056K(129152K)->127056K(129152K) NonClass: 108029K(108736K)->108029K(108736K) Class: 19026K(20416K)->19026K(20416K)
[113.925s][info][gc             ] GC(561) Pause Young (Prepare Mixed) (G1 Evacuation Pause) 1945M->1324M(2048M) 3.016ms
[113.925s][info][gc,cpu         ] GC(561) User=0.00s Sys=0.00s Real=0.00s
[114.674s][info][gc,start       ] GC(562) Pause Full (System.gc())
[114.674s][info][gc,task        ] GC(562) Using 33 workers of 33 for full compaction
[114.675s][info][gc,phases,start] GC(562) Phase 1: Mark live objects
[114.716s][info][gc,phases      ] GC(562) Phase 1: Mark live objects 41.048ms
[114.716s][info][gc,phases,start] GC(562) Phase 2: Prepare compaction
[114.719s][info][gc,phases      ] GC(562) Phase 2: Prepare compaction 3.472ms
[114.719s][info][gc,phases,start] GC(562) Phase 3: Adjust pointers
[114.730s][info][gc,phases      ] GC(562) Phase 3: Adjust pointers 10.724ms
[114.730s][info][gc,phases,start] GC(562) Phase 4: Compact heap
[114.731s][info][gc,phases      ] GC(562) Phase 4: Compact heap 0.839ms
[114.746s][info][gc,heap        ] GC(562) Eden regions: 309->0(868)
[114.746s][info][gc,heap        ] GC(562) Survivor regions: 2->0(74)
[114.746s][info][gc,heap        ] GC(562) Old regions: 78->69
[114.746s][info][gc,heap        ] GC(562) Archive regions: 0->0
[114.746s][info][gc,heap        ] GC(562) Humongous regions: 1260->1008
[114.746s][info][gc,metaspace   ] GC(562) Metaspace: 127151K(129216K)->127151K(129216K) NonClass: 108124K(108800K)->108124K(108800K) Class: 19027K(20416K)->19027K(20416K)
[114.746s][info][gc             ] GC(562) Pause Full (System.gc()) 1646M->1053M(2048M) 72.314ms
[114.746s][info][gc,cpu         ] GC(562) User=1.03s Sys=0.05s Real=0.08s
[114.813s][info][gc,start       ] GC(563) Pause Young (Concurrent Start) (G1 Humongous Allocation)
[114.814s][info][gc,task        ] GC(563) Using 33 workers of 33 for evacuation
[114.817s][info][gc,phases      ] GC(563)   Pre Evacuate Collection Set: 0.6ms
[114.817s][info][gc,phases      ] GC(563)   Merge Heap Roots: 0.1ms
[114.817s][info][gc,phases      ] GC(563)   Evacuate Collection Set: 1.3ms
[114.817s][info][gc,phases      ] GC(563)   Post Evacuate Collection Set: 0.9ms
[114.817s][info][gc,phases      ] GC(563)   Other: 0.1ms
[114.817s][info][gc,heap        ] GC(563) Eden regions: 10->0(866)
[114.817s][info][gc,heap        ] GC(563) Survivor regions: 0->1(109)
[114.817s][info][gc,heap        ] GC(563) Old regions: 69->69
[114.817s][info][gc,heap        ] GC(563) Archive regions: 0->0
[114.817s][info][gc,heap        ] GC(563) Humongous regions: 1008->1008
[114.817s][info][gc,metaspace   ] GC(563) Metaspace: 127229K(129280K)->127229K(129280K) NonClass: 108201K(108864K)->108201K(108864K) Class: 19027K(20416K)->19027K(20416K)
[114.817s][info][gc             ] GC(563) Pause Young (Concurrent Start) (G1 Humongous Allocation) 1063M->1054M(2048M) 3.475ms
[114.817s][info][gc             ] GC(564) Concurrent Mark Cycle
[114.817s][info][gc,cpu         ] GC(563) User=0.00s Sys=0.00s Real=0.00s
[114.817s][info][gc,marking     ] GC(564) Concurrent Scan Root Regions
[114.819s][info][gc,marking     ] GC(564) Concurrent Scan Root Regions 2.445ms
[114.820s][info][gc,marking     ] GC(564) Concurrent Mark
[114.820s][info][gc,marking     ] GC(564) Concurrent Mark From Roots
[114.820s][info][gc,task        ] GC(564) Using 8 workers of 8 for marking
[114.843s][info][gc,marking     ] GC(564) Concurrent Mark From Roots 23.642ms
[114.843s][info][gc,marking     ] GC(564) Concurrent Preclean
[114.844s][info][gc,marking     ] GC(564) Concurrent Preclean 0.546ms
[114.844s][info][gc,start       ] GC(564) Pause Remark
[114.856s][info][gc             ] GC(564) Pause Remark 1114M->1114M(2048M) 12.212ms
[114.856s][info][gc,cpu         ] GC(564) User=0.00s Sys=0.00s Real=0.00s
[114.857s][info][gc,marking     ] GC(564) Concurrent Mark 37.033ms
[114.857s][info][gc,marking     ] GC(564) Concurrent Rebuild Remembered Sets and Scrub Regions
[114.865s][info][gc,marking     ] GC(564) Concurrent Rebuild Remembered Sets and Scrub Regions 8.212ms
[114.865s][info][gc,start       ] GC(564) Pause Cleanup
[114.866s][info][gc             ] GC(564) Pause Cleanup 1190M->1190M(2048M) 0.549ms
[114.866s][info][gc,cpu         ] GC(564) User=0.00s Sys=0.00s Real=0.00s
[114.866s][info][gc,marking     ] GC(564) Concurrent Clear Claimed Marks
[114.867s][info][gc,marking     ] GC(564) Concurrent Clear Claimed Marks 0.351ms
[114.867s][info][gc,marking     ] GC(564) Concurrent Cleanup for Next Mark
[114.872s][info][gc,marking     ] GC(564) Concurrent Cleanup for Next Mark 4.968ms
[114.872s][info][gc             ] GC(564) Concurrent Mark Cycle 54.816ms
[114.922s][info][gc,start       ] GC(565) Pause Young (Prepare Mixed) (G1 Evacuation Pause)
[114.922s][info][gc,task        ] GC(565) Using 33 workers of 33 for evacuation
[114.926s][info][gc,phases      ] GC(565)   Pre Evacuate Collection Set: 0.3ms
[114.926s][info][gc,phases      ] GC(565)   Merge Heap Roots: 0.8ms
[114.926s][info][gc,phases      ] GC(565)   Evacuate Collection Set: 1.8ms
[114.926s][info][gc,phases      ] GC(565)   Post Evacuate Collection Set: 0.9ms
[114.926s][info][gc,phases      ] GC(565)   Other: 0.1ms
[114.926s][info][gc,heap        ] GC(565) Eden regions: 866->0(843)
[114.926s][info][gc,heap        ] GC(565) Survivor regions: 1->12(98)
[114.926s][info][gc,heap        ] GC(565) Old regions: 69->69
[114.926s][info][gc,heap        ] GC(565) Archive regions: 0->0
[114.926s][info][gc,heap        ] GC(565) Humongous regions: 1014->1009
[114.926s][info][gc,metaspace   ] GC(565) Metaspace: 127263K(129280K)->127263K(129280K) NonClass: 108235K(108864K)->108235K(108864K) Class: 19027K(20416K)->19027K(20416K)
[114.926s][info][gc             ] GC(565) Pause Young (Prepare Mixed) (G1 Evacuation Pause) 1926M->1066M(2048M) 4.110ms
[114.926s][info][gc,cpu         ] GC(565) User=0.53s Sys=0.00s Real=0.02s
[114.987s][info][gc,start       ] GC(566) Pause Young (Mixed) (G1 Evacuation Pause)
[114.987s][info][gc,task        ] GC(566) Using 33 workers of 33 for evacuation
[114.990s][info][gc,phases      ] GC(566)   Pre Evacuate Collection Set: 0.3ms
[114.990s][info][gc,phases      ] GC(566)   Merge Heap Roots: 0.3ms
[114.990s][info][gc,phases      ] GC(566)   Evacuate Collection Set: 1.8ms
[114.990s][info][gc,phases      ] GC(566)   Post Evacuate Collection Set: 0.9ms
[114.990s][info][gc,phases      ] GC(566)   Other: 0.1ms
[114.990s][info][gc,heap        ] GC(566) Eden regions: 843->0(836)
[114.990s][info][gc,heap        ] GC(566) Survivor regions: 12->11(100)
[114.990s][info][gc,heap        ] GC(566) Old regions: 69->66
[114.990s][info][gc,heap        ] GC(566) Archive regions: 0->0
[114.990s][info][gc,heap        ] GC(566) Humongous regions: 1024->1021
[114.990s][info][gc,metaspace   ] GC(566) Metaspace: 127277K(129344K)->127277K(129344K) NonClass: 108250K(108928K)->108250K(108928K) Class: 19027K(20416K)->19027K(20416K)
[114.990s][info][gc             ] GC(566) Pause Young (Mixed) (G1 Evacuation Pause) 1924M->1076M(2048M) 3.564ms
[114.991s][info][gc,cpu         ] GC(566) User=0.00s Sys=0.00s Real=0.00s
[114.993s][info][gc,start       ] GC(567) Pause Young (Concurrent Start) (G1 Humongous Allocation)
[114.993s][info][gc,task        ] GC(567) Using 33 workers of 33 for evacuation
[114.997s][info][gc,phases      ] GC(567)   Pre Evacuate Collection Set: 0.4ms
[114.997s][info][gc,phases      ] GC(567)   Merge Heap Roots: 0.1ms
[114.997s][info][gc,phases      ] GC(567)   Evacuate Collection Set: 1.9ms
[114.997s][info][gc,phases      ] GC(567)   Post Evacuate Collection Set: 0.6ms
[114.997s][info][gc,phases      ] GC(567)   Other: 0.1ms
[114.997s][info][gc,heap        ] GC(567) Eden regions: 46->0(838)
[114.997s][info][gc,heap        ] GC(567) Survivor regions: 11->10(106)
[114.997s][info][gc,heap        ] GC(567) Old regions: 66->66
[114.997s][info][gc,heap        ] GC(567) Archive regions: 0->0
[114.997s][info][gc,heap        ] GC(567) Humongous regions: 1021->1021
[114.997s][info][gc,metaspace   ] GC(567) Metaspace: 127277K(129344K)->127277K(129344K) NonClass: 108250K(108928K)->108250K(108928K) Class: 19027K(20416K)->19027K(20416K)
[114.997s][info][gc             ] GC(567) Pause Young (Concurrent Start) (G1 Humongous Allocation) 1122M->1076M(2048M) 3.280ms
[114.997s][info][gc             ] GC(568) Concurrent Mark Cycle
[114.997s][info][gc,cpu         ] GC(567) User=0.00s Sys=0.00s Real=0.00s
[114.997s][info][gc,marking     ] GC(568) Concurrent Scan Root Regions
[115.017s][info][gc,marking     ] GC(568) Concurrent Scan Root Regions 19.835ms
[115.017s][info][gc,marking     ] GC(568) Concurrent Mark
[115.017s][info][gc,marking     ] GC(568) Concurrent Mark From Roots
[115.017s][info][gc,task        ] GC(568) Using 8 workers of 8 for marking
[115.058s][info][gc,marking     ] GC(568) Concurrent Mark From Roots 41.086ms
[115.058s][info][gc,marking     ] GC(568) Concurrent Preclean
[115.059s][info][gc,start       ] GC(569) Pause Young (Normal) (G1 Evacuation Pause)
[115.059s][info][gc,task        ] GC(569) Using 33 workers of 33 for evacuation
[115.062s][info][gc,phases      ] GC(569)   Pre Evacuate Collection Set: 0.3ms
[115.062s][info][gc,phases      ] GC(569)   Merge Heap Roots: 0.3ms
[115.062s][info][gc,phases      ] GC(569)   Evacuate Collection Set: 1.4ms
[115.062s][info][gc,phases      ] GC(569)   Post Evacuate Collection Set: 0.8ms
[115.062s][info][gc,phases      ] GC(569)   Other: 0.1ms
[115.062s][info][gc,heap        ] GC(569) Eden regions: 838->0(825)
[115.062s][info][gc,heap        ] GC(569) Survivor regions: 10->11(92)
[115.062s][info][gc,heap        ] GC(569) Old regions: 66->66
[115.062s][info][gc,heap        ] GC(569) Archive regions: 0->0
[115.062s][info][gc,heap        ] GC(569) Humongous regions: 1042->1032
[115.062s][info][gc,metaspace   ] GC(569) Metaspace: 127282K(129344K)->127282K(129344K) NonClass: 108254K(108928K)->108254K(108928K) Class: 19027K(20416K)->19027K(20416K)
[115.062s][info][gc             ] GC(569) Pause Young (Normal) (G1 Evacuation Pause) 1935M->1088M(2048M) 3.112ms
[115.062s][info][gc,cpu         ] GC(569) User=0.03s Sys=0.02s Real=0.02s
[115.064s][info][gc,marking     ] GC(568) Concurrent Preclean 5.783ms
[115.065s][info][gc,start       ] GC(568) Pause Remark
[115.068s][info][gc             ] GC(568) Pause Remark 1138M->1138M(2048M) 3.071ms
[115.068s][info][gc,cpu         ] GC(568) User=0.00s Sys=0.00s Real=0.00s
[115.068s][info][gc,marking     ] GC(568) Concurrent Mark 51.489ms
[115.068s][info][gc,marking     ] GC(568) Concurrent Rebuild Remembered Sets and Scrub Regions
[115.087s][info][gc,marking     ] GC(568) Concurrent Rebuild Remembered Sets and Scrub Regions 18.382ms
[115.088s][info][gc,start       ] GC(568) Pause Cleanup
[115.088s][info][gc             ] GC(568) Pause Cleanup 1421M->1421M(2048M) 0.383ms
[115.088s][info][gc,cpu         ] GC(568) User=0.00s Sys=0.00s Real=0.00s
[115.089s][info][gc,marking     ] GC(568) Concurrent Clear Claimed Marks
[115.089s][info][gc,marking     ] GC(568) Concurrent Clear Claimed Marks 0.916ms
[115.090s][info][gc,marking     ] GC(568) Concurrent Cleanup for Next Mark
[115.098s][info][gc,marking     ] GC(568) Concurrent Cleanup for Next Mark 8.316ms
[115.098s][info][gc             ] GC(568) Concurrent Mark Cycle 101.722ms
[115.127s][info][gc,start       ] GC(570) Pause Young (Prepare Mixed) (G1 Evacuation Pause)
[115.127s][info][gc,task        ] GC(570) Using 33 workers of 33 for evacuation
[115.131s][info][gc,phases      ] GC(570)   Pre Evacuate Collection Set: 0.3ms
[115.131s][info][gc,phases      ] GC(570)   Merge Heap Roots: 0.8ms
[115.131s][info][gc,phases      ] GC(570)   Evacuate Collection Set: 1.3ms
[115.131s][info][gc,phases      ] GC(570)   Post Evacuate Collection Set: 0.8ms
[115.131s][info][gc,phases      ] GC(570)   Other: 0.1ms
[115.131s][info][gc,heap        ] GC(570) Eden regions: 825->0(814)
[115.131s][info][gc,heap        ] GC(570) Survivor regions: 11->10(88)
[115.131s][info][gc,heap        ] GC(570) Old regions: 65->65
[115.131s][info][gc,heap        ] GC(570) Archive regions: 0->0
[115.131s][info][gc,heap        ] GC(570) Humongous regions: 1059->1046
[115.131s][info][gc,metaspace   ] GC(570) Metaspace: 127282K(129344K)->127282K(129344K) NonClass: 108254K(108928K)->108254K(108928K) Class: 19027K(20416K)->19027K(20416K)
[115.131s][info][gc             ] GC(570) Pause Young (Prepare Mixed) (G1 Evacuation Pause) 1940M->1101M(2048M) 3.520ms
[115.131s][info][gc,cpu         ] GC(570) User=0.00s Sys=0.00s Real=0.00s
[115.188s][info][gc,start       ] GC(571) Pause Young (Mixed) (G1 Evacuation Pause)
[115.188s][info][gc,task        ] GC(571) Using 33 workers of 33 for evacuation
[115.192s][info][gc,phases      ] GC(571)   Pre Evacuate Collection Set: 0.3ms
[115.192s][info][gc,phases      ] GC(571)   Merge Heap Roots: 0.3ms
[115.192s][info][gc,phases      ] GC(571)   Evacuate Collection Set: 2.1ms
[115.192s][info][gc,phases      ] GC(571)   Post Evacuate Collection Set: 0.8ms
[115.192s][info][gc,phases      ] GC(571)   Other: 0.1ms
[115.192s][info][gc,heap        ] GC(571) Eden regions: 814->0(813)
[115.192s][info][gc,heap        ] GC(571) Survivor regions: 10->10(103)
[115.192s][info][gc,heap        ] GC(571) Old regions: 65->62
[115.192s][info][gc,heap        ] GC(571) Archive regions: 0->0
[115.192s][info][gc,heap        ] GC(571) Humongous regions: 1054->1050
[115.192s][info][gc,metaspace   ] GC(571) Metaspace: 127282K(129344K)->127282K(129344K) NonClass: 108254K(108928K)->108254K(108928K) Class: 19027K(20416K)->19027K(20416K)
[115.192s][info][gc             ] GC(571) Pause Young (Mixed) (G1 Evacuation Pause) 1923M->1105M(2048M) 3.805ms
[115.192s][info][gc,cpu         ] GC(571) User=0.00s Sys=0.00s Real=0.00s
[115.197s][info][gc,start       ] GC(572) Pause Young (Concurrent Start) (G1 Humongous Allocation)
[115.197s][info][gc,task        ] GC(572) Using 33 workers of 33 for evacuation
[115.200s][info][gc,phases      ] GC(572)   Pre Evacuate Collection Set: 0.4ms
[115.200s][info][gc,phases      ] GC(572)   Merge Heap Roots: 0.1ms
[115.200s][info][gc,phases      ] GC(572)   Evacuate Collection Set: 1.9ms
[115.200s][info][gc,phases      ] GC(572)   Post Evacuate Collection Set: 0.6ms
[115.200s][info][gc,phases      ] GC(572)   Other: 0.0ms
[115.200s][info][gc,heap        ] GC(572) Eden regions: 66->0(813)
[115.200s][info][gc,heap        ] GC(572) Survivor regions: 10->10(103)
[115.200s][info][gc,heap        ] GC(572) Old regions: 62->62
[115.200s][info][gc,heap        ] GC(572) Archive regions: 0->0
[115.200s][info][gc,heap        ] GC(572) Humongous regions: 1050->1050
[115.200s][info][gc,metaspace   ] GC(572) Metaspace: 127282K(129344K)->127282K(129344K) NonClass: 108254K(108928K)->108254K(108928K) Class: 19027K(20416K)->19027K(20416K)
[115.200s][info][gc             ] GC(572) Pause Young (Concurrent Start) (G1 Humongous Allocation) 1171M->1105M(2048M) 3.240ms
[115.200s][info][gc             ] GC(573) Concurrent Mark Cycle
[115.200s][info][gc,cpu         ] GC(572) User=0.02s Sys=0.02s Real=0.01s
[115.200s][info][gc,marking     ] GC(573) Concurrent Scan Root Regions
[115.221s][info][gc,marking     ] GC(573) Concurrent Scan Root Regions 21.099ms
[115.221s][info][gc,marking     ] GC(573) Concurrent Mark
[115.221s][info][gc,marking     ] GC(573) Concurrent Mark From Roots
[115.221s][info][gc,task        ] GC(573) Using 8 workers of 8 for marking
[115.260s][info][gc,start       ] GC(574) Pause Young (Normal) (G1 Evacuation Pause)
[115.260s][info][gc,task        ] GC(574) Using 33 workers of 33 for evacuation
[115.263s][info][gc,phases      ] GC(574)   Pre Evacuate Collection Set: 0.3ms
[115.263s][info][gc,phases      ] GC(574)   Merge Heap Roots: 0.3ms
[115.263s][info][gc,phases      ] GC(574)   Evacuate Collection Set: 1.3ms
[115.263s][info][gc,phases      ] GC(574)   Post Evacuate Collection Set: 0.8ms
[115.263s][info][gc,phases      ] GC(574)   Other: 0.1ms
[115.263s][info][gc,heap        ] GC(574) Eden regions: 813->0(807)
[115.263s][info][gc,heap        ] GC(574) Survivor regions: 10->10(101)
[115.263s][info][gc,heap        ] GC(574) Old regions: 62->62
[115.263s][info][gc,heap        ] GC(574) Archive regions: 0->0
[115.263s][info][gc,heap        ] GC(574) Humongous regions: 1062->1056
[115.263s][info][gc,metaspace   ] GC(574) Metaspace: 127282K(129344K)->127282K(129344K) NonClass: 108254K(108928K)->108254K(108928K) Class: 19027K(20416K)->19027K(20416K)
[115.263s][info][gc             ] GC(574) Pause Young (Normal) (G1 Evacuation Pause) 1930M->1111M(2048M) 2.992ms
[115.263s][info][gc,cpu         ] GC(574) User=0.00s Sys=0.00s Real=0.00s
[115.273s][info][gc,marking     ] GC(573) Concurrent Mark From Roots 51.440ms
[115.273s][info][gc,marking     ] GC(573) Concurrent Preclean
[115.276s][info][gc,marking     ] GC(573) Concurrent Preclean 2.580ms
[115.277s][info][gc,start       ] GC(573) Pause Remark
[115.280s][info][gc             ] GC(573) Pause Remark 1311M->1311M(2048M) 3.635ms
[115.281s][info][gc,cpu         ] GC(573) User=0.09s Sys=0.00s Real=0.02s
[115.281s][info][gc,marking     ] GC(573) Concurrent Mark 59.231ms
[115.281s][info][gc,marking     ] GC(573) Concurrent Rebuild Remembered Sets and Scrub Regions
[115.298s][info][gc,marking     ] GC(573) Concurrent Rebuild Remembered Sets and Scrub Regions 17.621ms
[115.300s][info][gc,start       ] GC(573) Pause Cleanup
[115.300s][info][gc             ] GC(573) Pause Cleanup 1582M->1582M(2048M) 0.343ms
[115.300s][info][gc,cpu         ] GC(573) User=0.00s Sys=0.00s Real=0.00s
[115.300s][info][gc,marking     ] GC(573) Concurrent Clear Claimed Marks
[115.302s][info][gc,marking     ] GC(573) Concurrent Clear Claimed Marks 1.345ms
[115.302s][info][gc,marking     ] GC(573) Concurrent Cleanup for Next Mark
[115.311s][info][gc,marking     ] GC(573) Concurrent Cleanup for Next Mark 9.198ms
[115.312s][info][gc             ] GC(573) Concurrent Mark Cycle 111.829ms
[115.331s][info][gc,start       ] GC(575) Pause Young (Prepare Mixed) (G1 Evacuation Pause)
[115.331s][info][gc,task        ] GC(575) Using 33 workers of 33 for evacuation
[115.334s][info][gc,phases      ] GC(575)   Pre Evacuate Collection Set: 0.3ms
[115.334s][info][gc,phases      ] GC(575)   Merge Heap Roots: 0.8ms
[115.334s][info][gc,phases      ] GC(575)   Evacuate Collection Set: 1.3ms
[115.334s][info][gc,phases      ] GC(575)   Post Evacuate Collection Set: 0.8ms
[115.334s][info][gc,phases      ] GC(575)   Other: 0.1ms
[115.334s][info][gc,heap        ] GC(575) Eden regions: 807->0(770)
[115.334s][info][gc,heap        ] GC(575) Survivor regions: 10->10(64)
[115.334s][info][gc,heap        ] GC(575) Old regions: 62->62
[115.334s][info][gc,heap        ] GC(575) Archive regions: 0->0
[115.334s][info][gc,heap        ] GC(575) Humongous regions: 1105->1093
[115.334s][info][gc,metaspace   ] GC(575) Metaspace: 127282K(129344K)->127282K(129344K) NonClass: 108254K(108928K)->108254K(108928K) Class: 19027K(20416K)->19027K(20416K)
[115.334s][info][gc             ] GC(575) Pause Young (Prepare Mixed) (G1 Evacuation Pause) 1967M->1148M(2048M) 3.565ms
[115.334s][info][gc,cpu         ] GC(575) User=0.00s Sys=0.00s Real=0.00s
[115.389s][info][gc,start       ] GC(576) Pause Young (Mixed) (G1 Evacuation Pause)
[115.389s][info][gc,task        ] GC(576) Using 33 workers of 33 for evacuation
[115.393s][info][gc,phases      ] GC(576)   Pre Evacuate Collection Set: 0.3ms
[115.393s][info][gc,phases      ] GC(576)   Merge Heap Roots: 0.3ms
[115.393s][info][gc,phases      ] GC(576)   Evacuate Collection Set: 1.8ms
[115.393s][info][gc,phases      ] GC(576)   Post Evacuate Collection Set: 0.8ms
[115.393s][info][gc,phases      ] GC(576)   Other: 0.1ms
[115.393s][info][gc,heap        ] GC(576) Eden regions: 770->0(782)
[115.393s][info][gc,heap        ] GC(576) Survivor regions: 10->10(98)
[115.393s][info][gc,heap        ] GC(576) Old regions: 62->59
[115.393s][info][gc,heap        ] GC(576) Archive regions: 0->0
[115.393s][info][gc,heap        ] GC(576) Humongous regions: 1100->1084
[115.393s][info][gc,metaspace   ] GC(576) Metaspace: 127282K(129344K)->127282K(129344K) NonClass: 108254K(108928K)->108254K(108928K) Class: 19027K(20416K)->19027K(20416K)
[115.393s][info][gc             ] GC(576) Pause Young (Mixed) (G1 Evacuation Pause) 1925M->1139M(2048M) 3.497ms
[115.393s][info][gc,cpu         ] GC(576) User=0.00s Sys=0.00s Real=0.00s
[115.402s][info][gc,start       ] GC(577) Pause Young (Concurrent Start) (G1 Humongous Allocation)
[115.402s][info][gc,task        ] GC(577) Using 33 workers of 33 for evacuation
[115.405s][info][gc,phases      ] GC(577)   Pre Evacuate Collection Set: 0.4ms
[115.405s][info][gc,phases      ] GC(577)   Merge Heap Roots: 0.1ms
[115.405s][info][gc,phases      ] GC(577)   Evacuate Collection Set: 1.9ms
[115.405s][info][gc,phases      ] GC(577)   Post Evacuate Collection Set: 0.6ms
[115.405s][info][gc,phases      ] GC(577)   Other: 0.1ms
[115.405s][info][gc,heap        ] GC(577) Eden regions: 128->0(786)
[115.405s][info][gc,heap        ] GC(577) Survivor regions: 10->10(99)
[115.405s][info][gc,heap        ] GC(577) Old regions: 59->59
[115.405s][info][gc,heap        ] GC(577) Archive regions: 0->0
[115.405s][info][gc,heap        ] GC(577) Humongous regions: 1084->1080
[115.405s][info][gc,metaspace   ] GC(577) Metaspace: 127282K(129344K)->127282K(129344K) NonClass: 108254K(108928K)->108254K(108928K) Class: 19027K(20416K)->19027K(20416K)
[115.405s][info][gc             ] GC(577) Pause Young (Concurrent Start) (G1 Humongous Allocation) 1267M->1135M(2048M) 3.295ms
[115.405s][info][gc             ] GC(578) Concurrent Mark Cycle
[115.405s][info][gc,cpu         ] GC(577) User=0.00s Sys=0.00s Real=0.00s
[115.405s][info][gc,marking     ] GC(578) Concurrent Scan Root Regions
[115.425s][info][gc,marking     ] GC(578) Concurrent Scan Root Regions 19.495ms
[115.425s][info][gc,marking     ] GC(578) Concurrent Mark
[115.425s][info][gc,marking     ] GC(578) Concurrent Mark From Roots
[115.425s][info][gc,task        ] GC(578) Using 8 workers of 8 for marking
[115.465s][info][gc,start       ] GC(579) Pause Young (Normal) (G1 Humongous Allocation)
[115.465s][info][gc,task        ] GC(579) Using 33 workers of 33 for evacuation
[115.468s][info][gc,phases      ] GC(579)   Pre Evacuate Collection Set: 0.3ms
[115.468s][info][gc,phases      ] GC(579)   Merge Heap Roots: 0.3ms
[115.468s][info][gc,phases      ] GC(579)   Evacuate Collection Set: 1.3ms
[115.468s][info][gc,phases      ] GC(579)   Post Evacuate Collection Set: 0.7ms
[115.468s][info][gc,phases      ] GC(579)   Other: 0.1ms
[115.468s][info][gc,heap        ] GC(579) Eden regions: 764->0(776)
[115.468s][info][gc,heap        ] GC(579) Survivor regions: 10->10(92)
[115.468s][info][gc,heap        ] GC(579) Old regions: 59->59
[115.468s][info][gc,heap        ] GC(579) Archive regions: 0->0
[115.468s][info][gc,heap        ] GC(579) Humongous regions: 1123->1090
[115.468s][info][gc,metaspace   ] GC(579) Metaspace: 127282K(129344K)->127282K(129344K) NonClass: 108254K(108928K)->108254K(108928K) Class: 19027K(20416K)->19027K(20416K)
[115.468s][info][gc             ] GC(579) Pause Young (Normal) (G1 Humongous Allocation) 1942M->1145M(2048M) 2.942ms
[115.468s][info][gc,cpu         ] GC(579) User=0.00s Sys=0.00s Real=0.00s
[115.486s][info][gc,marking     ] GC(578) Concurrent Mark From Roots 60.842ms
[115.486s][info][gc,marking     ] GC(578) Concurrent Preclean
[115.489s][info][gc,marking     ] GC(578) Concurrent Preclean 2.937ms
[115.491s][info][gc,start       ] GC(578) Pause Remark
[115.494s][info][gc             ] GC(578) Pause Remark 1446M->1446M(2048M) 3.014ms
[115.494s][info][gc,cpu         ] GC(578) User=0.41s Sys=0.02s Real=0.02s
[115.494s][info][gc,marking     ] GC(578) Concurrent Mark 69.189ms
[115.494s][info][gc,marking     ] GC(578) Concurrent Rebuild Remembered Sets and Scrub Regions
[115.512s][info][gc,marking     ] GC(578) Concurrent Rebuild Remembered Sets and Scrub Regions 18.068ms
[115.513s][info][gc,start       ] GC(578) Pause Cleanup
[115.514s][info][gc             ] GC(578) Pause Cleanup 1713M->1713M(2048M) 0.335ms
[115.514s][info][gc,cpu         ] GC(578) User=0.00s Sys=0.00s Real=0.00s
[115.514s][info][gc,marking     ] GC(578) Concurrent Clear Claimed Marks
[115.515s][info][gc,marking     ] GC(578) Concurrent Clear Claimed Marks 1.353ms
[115.515s][info][gc,marking     ] GC(578) Concurrent Cleanup for Next Mark
[115.525s][info][gc,marking     ] GC(578) Concurrent Cleanup for Next Mark 9.214ms
[115.525s][info][gc             ] GC(578) Concurrent Mark Cycle 119.988ms
[115.534s][info][gc,start       ] GC(580) Pause Young (Prepare Mixed) (G1 Evacuation Pause)
[115.534s][info][gc,task        ] GC(580) Using 33 workers of 33 for evacuation
[115.537s][info][gc,phases      ] GC(580)   Pre Evacuate Collection Set: 0.3ms
[115.537s][info][gc,phases      ] GC(580)   Merge Heap Roots: 0.8ms
[115.537s][info][gc,phases      ] GC(580)   Evacuate Collection Set: 1.4ms
[115.537s][info][gc,phases      ] GC(580)   Post Evacuate Collection Set: 0.8ms
[115.537s][info][gc,phases      ] GC(580)   Other: 0.1ms
[115.537s][info][gc,heap        ] GC(580) Eden regions: 776->0(784)
[115.537s][info][gc,heap        ] GC(580) Survivor regions: 10->12(65)
[115.537s][info][gc,heap        ] GC(580) Old regions: 59->59
[115.537s][info][gc,heap        ] GC(580) Archive regions: 0->0
[115.537s][info][gc,heap        ] GC(580) Humongous regions: 1138->1078
[115.537s][info][gc,metaspace   ] GC(580) Metaspace: 127282K(129344K)->127282K(129344K) NonClass: 108254K(108928K)->108254K(108928K) Class: 19027K(20416K)->19027K(20416K)
[115.537s][info][gc             ] GC(580) Pause Young (Prepare Mixed) (G1 Evacuation Pause) 1969M->1134M(2048M) 3.615ms
[115.537s][info][gc,cpu         ] GC(580) User=0.00s Sys=0.00s Real=0.00s
[115.593s][info][gc,start       ] GC(581) Pause Young (Mixed) (G1 Evacuation Pause)
[115.593s][info][gc,task        ] GC(581) Using 33 workers of 33 for evacuation
[115.597s][info][gc,phases      ] GC(581)   Pre Evacuate Collection Set: 0.3ms
[115.597s][info][gc,phases      ] GC(581)   Merge Heap Roots: 0.3ms
[115.597s][info][gc,phases      ] GC(581)   Evacuate Collection Set: 1.9ms
[115.597s][info][gc,phases      ] GC(581)   Post Evacuate Collection Set: 0.8ms
[115.597s][info][gc,phases      ] GC(581)   Other: 0.1ms
[115.597s][info][gc,heap        ] GC(581) Eden regions: 784->0(786)
[115.597s][info][gc,heap        ] GC(581) Survivor regions: 12->11(99)
[115.597s][info][gc,heap        ] GC(581) Old regions: 59->57
[115.597s][info][gc,heap        ] GC(581) Archive regions: 0->0
[115.597s][info][gc,heap        ] GC(581) Humongous regions: 1094->1080
[115.597s][info][gc,metaspace   ] GC(581) Metaspace: 127282K(129344K)->127282K(129344K) NonClass: 108254K(108928K)->108254K(108928K) Class: 19027K(20416K)->19027K(20416K)
[115.597s][info][gc             ] GC(581) Pause Young (Mixed) (G1 Evacuation Pause) 1934M->1135M(2048M) 3.569ms
[115.597s][info][gc,cpu         ] GC(581) User=0.05s Sys=0.00s Real=0.02s
[115.598s][info][gc,start       ] GC(582) Pause Young (Concurrent Start) (G1 Humongous Allocation)
[115.598s][info][gc,task        ] GC(582) Using 33 workers of 33 for evacuation
[115.601s][info][gc,phases      ] GC(582)   Pre Evacuate Collection Set: 0.3ms
[115.601s][info][gc,phases      ] GC(582)   Merge Heap Roots: 0.1ms
[115.601s][info][gc,phases      ] GC(582)   Evacuate Collection Set: 2.0ms
[115.601s][info][gc,phases      ] GC(582)   Post Evacuate Collection Set: 0.5ms
[115.601s][info][gc,phases      ] GC(582)   Other: 0.1ms
[115.601s][info][gc,heap        ] GC(582) Eden regions: 15->0(788)
[115.601s][info][gc,heap        ] GC(582) Survivor regions: 11->10(100)
[115.601s][info][gc,heap        ] GC(582) Old regions: 57->57
[115.601s][info][gc,heap        ] GC(582) Archive regions: 0->0
[115.601s][info][gc,heap        ] GC(582) Humongous regions: 1080->1080
[115.601s][info][gc,metaspace   ] GC(582) Metaspace: 127282K(129344K)->127282K(129344K) NonClass: 108254K(108928K)->108254K(108928K) Class: 19027K(20416K)->19027K(20416K)
[115.601s][info][gc             ] GC(582) Pause Young (Concurrent Start) (G1 Humongous Allocation) 1150M->1136M(2048M) 3.152ms
[115.601s][info][gc             ] GC(583) Concurrent Mark Cycle
[115.601s][info][gc,cpu         ] GC(582) User=0.00s Sys=0.00s Real=0.00s
[115.601s][info][gc,marking     ] GC(583) Concurrent Scan Root Regions
[115.620s][info][gc,marking     ] GC(583) Concurrent Scan Root Regions 18.902ms
[115.620s][info][gc,marking     ] GC(583) Concurrent Mark
[115.620s][info][gc,marking     ] GC(583) Concurrent Mark From Roots
[115.620s][info][gc,task        ] GC(583) Using 8 workers of 8 for marking
[115.662s][info][gc,start       ] GC(584) Pause Young (Normal) (G1 Evacuation Pause)
[115.662s][info][gc,task        ] GC(584) Using 33 workers of 33 for evacuation
[115.665s][info][gc,phases      ] GC(584)   Pre Evacuate Collection Set: 0.3ms
[115.665s][info][gc,phases      ] GC(584)   Merge Heap Roots: 0.2ms
[115.665s][info][gc,phases      ] GC(584)   Evacuate Collection Set: 1.2ms
[115.665s][info][gc,phases      ] GC(584)   Post Evacuate Collection Set: 0.7ms
[115.665s][info][gc,phases      ] GC(584)   Other: 0.1ms
[115.665s][info][gc,heap        ] GC(584) Eden regions: 788->0(801)
[115.665s][info][gc,heap        ] GC(584) Survivor regions: 10->3(70)
[115.665s][info][gc,heap        ] GC(584) Old regions: 57->65
[115.665s][info][gc,heap        ] GC(584) Archive regions: 0->0
[115.665s][info][gc,heap        ] GC(584) Humongous regions: 1123->1073
[115.665s][info][gc,metaspace   ] GC(584) Metaspace: 127283K(129344K)->127283K(129344K) NonClass: 108255K(108928K)->108255K(108928K) Class: 19027K(20416K)->19027K(20416K)
[115.665s][info][gc             ] GC(584) Pause Young (Normal) (G1 Evacuation Pause) 1967M->1129M(2048M) 2.755ms
[115.665s][info][gc,cpu         ] GC(584) User=0.00s Sys=0.00s Real=0.00s
[115.669s][info][gc,marking     ] GC(583) Concurrent Mark From Roots 49.129ms
[115.670s][info][gc,marking     ] GC(583) Concurrent Preclean
[115.672s][info][gc,marking     ] GC(583) Concurrent Preclean 2.387ms
[115.673s][info][gc,start       ] GC(583) Pause Remark
[115.676s][info][gc             ] GC(583) Pause Remark 1243M->1243M(2048M) 2.941ms
[115.676s][info][gc,cpu         ] GC(583) User=0.00s Sys=0.00s Real=0.00s
[115.676s][info][gc,marking     ] GC(583) Concurrent Mark 55.657ms
[115.676s][info][gc,marking     ] GC(583) Concurrent Rebuild Remembered Sets and Scrub Regions
[115.697s][info][gc,marking     ] GC(583) Concurrent Rebuild Remembered Sets and Scrub Regions 20.847ms
[115.698s][info][gc,start       ] GC(583) Pause Cleanup
[115.699s][info][gc             ] GC(583) Pause Cleanup 1555M->1555M(2048M) 0.320ms
[115.699s][info][gc,cpu         ] GC(583) User=0.00s Sys=0.00s Real=0.00s
[115.699s][info][gc,marking     ] GC(583) Concurrent Clear Claimed Marks
[115.700s][info][gc,marking     ] GC(583) Concurrent Clear Claimed Marks 1.520ms
[115.700s][info][gc,marking     ] GC(583) Concurrent Cleanup for Next Mark
[115.709s][info][gc,marking     ] GC(583) Concurrent Cleanup for Next Mark 8.946ms
[115.710s][info][gc             ] GC(583) Concurrent Mark Cycle 109.145ms
[115.729s][info][gc,start       ] GC(585) Pause Young (Prepare Mixed) (G1 Evacuation Pause)
[115.729s][info][gc,task        ] GC(585) Using 33 workers of 33 for evacuation
[115.731s][info][gc,phases      ] GC(585)   Pre Evacuate Collection Set: 0.3ms
[115.731s][info][gc,phases      ] GC(585)   Merge Heap Roots: 0.8ms
[115.731s][info][gc,phases      ] GC(585)   Evacuate Collection Set: 0.7ms
[115.731s][info][gc,phases      ] GC(585)   Post Evacuate Collection Set: 0.7ms
[115.731s][info][gc,phases      ] GC(585)   Other: 0.1ms
[115.731s][info][gc,heap        ] GC(585) Eden regions: 801->0(789)
[115.731s][info][gc,heap        ] GC(585) Survivor regions: 3->2(83)
[115.731s][info][gc,heap        ] GC(585) Old regions: 65->65
[115.731s][info][gc,heap        ] GC(585) Archive regions: 0->0
[115.731s][info][gc,heap        ] GC(585) Humongous regions: 1096->1087
[115.732s][info][gc,metaspace   ] GC(585) Metaspace: 127283K(129344K)->127283K(129344K) NonClass: 108255K(108928K)->108255K(108928K) Class: 19027K(20416K)->19027K(20416K)
[115.732s][info][gc             ] GC(585) Pause Young (Prepare Mixed) (G1 Evacuation Pause) 1953M->1142M(2048M) 2.865ms
[115.732s][info][gc,cpu         ] GC(585) User=0.00s Sys=0.00s Real=0.00s
[115.787s][info][gc,start       ] GC(586) Pause Young (Mixed) (G1 Evacuation Pause)
[115.787s][info][gc,task        ] GC(586) Using 33 workers of 33 for evacuation
[115.790s][info][gc,phases      ] GC(586)   Pre Evacuate Collection Set: 0.3ms
[115.790s][info][gc,phases      ] GC(586)   Merge Heap Roots: 0.3ms
[115.790s][info][gc,phases      ] GC(586)   Evacuate Collection Set: 1.2ms
[115.790s][info][gc,phases      ] GC(586)   Post Evacuate Collection Set: 0.7ms
[115.790s][info][gc,phases      ] GC(586)   Other: 0.1ms
[115.790s][info][gc,heap        ] GC(586) Eden regions: 789->0(788)
[115.790s][info][gc,heap        ] GC(586) Survivor regions: 2->2(95)
[115.790s][info][gc,heap        ] GC(586) Old regions: 65->63
[115.790s][info][gc,heap        ] GC(586) Archive regions: 0->0
[115.790s][info][gc,heap        ] GC(586) Humongous regions: 1097->1090
[115.790s][info][gc,metaspace   ] GC(586) Metaspace: 127283K(129344K)->127283K(129344K) NonClass: 108255K(108928K)->108255K(108928K) Class: 19027K(20416K)->19027K(20416K)
[115.790s][info][gc             ] GC(586) Pause Young (Mixed) (G1 Evacuation Pause) 1941M->1145M(2048M) 2.808ms
[115.790s][info][gc,cpu         ] GC(586) User=0.52s Sys=0.00s Real=0.02s
[115.836s][info][gc,start       ] GC(587) Pause Young (Concurrent Start) (G1 Humongous Allocation)
[115.836s][info][gc,task        ] GC(587) Using 33 workers of 33 for evacuation
[115.839s][info][gc,phases      ] GC(587)   Pre Evacuate Collection Set: 0.5ms
[115.839s][info][gc,phases      ] GC(587)   Merge Heap Roots: 0.3ms
[115.839s][info][gc,phases      ] GC(587)   Evacuate Collection Set: 1.4ms
[115.839s][info][gc,phases      ] GC(587)   Post Evacuate Collection Set: 0.7ms
[115.839s][info][gc,phases      ] GC(587)   Other: 0.1ms
[115.839s][info][gc,heap        ] GC(587) Eden regions: 664->0(788)
[115.839s][info][gc,heap        ] GC(587) Survivor regions: 2->2(99)
[115.839s][info][gc,heap        ] GC(587) Old regions: 63->63
[115.839s][info][gc,heap        ] GC(587) Archive regions: 0->0
[115.839s][info][gc,heap        ] GC(587) Humongous regions: 1090->1090
[115.839s][info][gc,metaspace   ] GC(587) Metaspace: 127283K(129344K)->127283K(129344K) NonClass: 108255K(108928K)->108255K(108928K) Class: 19027K(20416K)->19027K(20416K)
[115.839s][info][gc             ] GC(587) Pause Young (Concurrent Start) (G1 Humongous Allocation) 1809M->1145M(2048M) 3.186ms
[115.839s][info][gc             ] GC(588) Concurrent Mark Cycle
[115.839s][info][gc,cpu         ] GC(587) User=0.00s Sys=0.00s Real=0.00s
[115.839s][info][gc,marking     ] GC(588) Concurrent Scan Root Regions
[115.856s][info][gc,marking     ] GC(588) Concurrent Scan Root Regions 16.617ms
[115.857s][info][gc,marking     ] GC(588) Concurrent Mark
[115.857s][info][gc,marking     ] GC(588) Concurrent Mark From Roots
[115.857s][info][gc,task        ] GC(588) Using 8 workers of 8 for marking
[115.898s][info][gc,start       ] GC(589) Pause Young (Normal) (G1 Evacuation Pause)
[115.898s][info][gc,task        ] GC(589) Using 33 workers of 33 for evacuation
[115.900s][info][gc,phases      ] GC(589)   Pre Evacuate Collection Set: 0.3ms
[115.900s][info][gc,phases      ] GC(589)   Merge Heap Roots: 0.3ms
[115.900s][info][gc,phases      ] GC(589)   Evacuate Collection Set: 0.8ms
[115.900s][info][gc,phases      ] GC(589)   Post Evacuate Collection Set: 0.7ms
[115.900s][info][gc,phases      ] GC(589)   Other: 0.1ms
[115.900s][info][gc,heap        ] GC(589) Eden regions: 788->0(773)
[115.900s][info][gc,heap        ] GC(589) Survivor regions: 2->4(80)
[115.900s][info][gc,heap        ] GC(589) Old regions: 63->63
[115.900s][info][gc,heap        ] GC(589) Archive regions: 0->0
[115.900s][info][gc,heap        ] GC(589) Humongous regions: 1115->1101
[115.900s][info][gc,metaspace   ] GC(589) Metaspace: 127283K(129344K)->127283K(129344K) NonClass: 108255K(108928K)->108255K(108928K) Class: 19027K(20416K)->19027K(20416K)
[115.900s][info][gc             ] GC(589) Pause Young (Normal) (G1 Evacuation Pause) 1958M->1158M(2048M) 2.340ms
[115.901s][info][gc,cpu         ] GC(589) User=0.00s Sys=0.00s Real=0.00s
[115.910s][info][gc,marking     ] GC(588) Concurrent Mark From Roots 53.101ms
[115.910s][info][gc,marking     ] GC(588) Concurrent Preclean
[115.913s][info][gc,marking     ] GC(588) Concurrent Preclean 2.922ms
[115.914s][info][gc,start       ] GC(588) Pause Remark
[115.917s][info][gc             ] GC(588) Pause Remark 1361M->1361M(2048M) 2.932ms
[115.917s][info][gc,cpu         ] GC(588) User=0.00s Sys=0.00s Real=0.00s
[115.917s][info][gc,marking     ] GC(588) Concurrent Mark 60.643ms
[115.917s][info][gc,marking     ] GC(588) Concurrent Rebuild Remembered Sets and Scrub Regions
[115.939s][info][gc,marking     ] GC(588) Concurrent Rebuild Remembered Sets and Scrub Regions 21.333ms
[115.940s][info][gc,start       ] GC(588) Pause Cleanup
[115.940s][info][gc             ] GC(588) Pause Cleanup 1672M->1672M(2048M) 0.323ms
[115.940s][info][gc,cpu         ] GC(588) User=0.00s Sys=0.00s Real=0.00s
[115.941s][info][gc,marking     ] GC(588) Concurrent Clear Claimed Marks
[115.942s][info][gc,marking     ] GC(588) Concurrent Clear Claimed Marks 1.149ms
[115.942s][info][gc,marking     ] GC(588) Concurrent Cleanup for Next Mark
[115.951s][info][gc,marking     ] GC(588) Concurrent Cleanup for Next Mark 9.606ms
[115.952s][info][gc             ] GC(588) Concurrent Mark Cycle 112.505ms
[115.963s][info][gc,start       ] GC(590) Pause Young (Prepare Mixed) (G1 Evacuation Pause)
[115.963s][info][gc,task        ] GC(590) Using 33 workers of 33 for evacuation
[115.965s][info][gc,phases      ] GC(590)   Pre Evacuate Collection Set: 0.3ms
[115.966s][info][gc,phases      ] GC(590)   Merge Heap Roots: 0.8ms
[115.966s][info][gc,phases      ] GC(590)   Evacuate Collection Set: 0.7ms
[115.966s][info][gc,phases      ] GC(590)   Post Evacuate Collection Set: 0.7ms
[115.966s][info][gc,phases      ] GC(590)   Other: 0.1ms
[115.966s][info][gc,heap        ] GC(590) Eden regions: 773->0(758)
[115.966s][info][gc,heap        ] GC(590) Survivor regions: 4->2(76)
[115.966s][info][gc,heap        ] GC(590) Old regions: 63->63
[115.966s][info][gc,heap        ] GC(590) Archive regions: 0->0
[115.966s][info][gc,heap        ] GC(590) Humongous regions: 1132->1120
[115.966s][info][gc,metaspace   ] GC(590) Metaspace: 127283K(129344K)->127283K(129344K) NonClass: 108255K(108928K)->108255K(108928K) Class: 19027K(20416K)->19027K(20416K)
[115.966s][info][gc             ] GC(590) Pause Young (Prepare Mixed) (G1 Evacuation Pause) 1962M->1175M(2048M) 2.749ms
[115.966s][info][gc,cpu         ] GC(590) User=0.00s Sys=0.00s Real=0.00s
[116.022s][info][gc,start       ] GC(591) Pause Young (Mixed) (G1 Evacuation Pause)
[116.022s][info][gc,task        ] GC(591) Using 33 workers of 33 for evacuation
[116.025s][info][gc,phases      ] GC(591)   Pre Evacuate Collection Set: 0.3ms
[116.025s][info][gc,phases      ] GC(591)   Merge Heap Roots: 0.3ms
[116.025s][info][gc,phases      ] GC(591)   Evacuate Collection Set: 1.2ms
[116.025s][info][gc,phases      ] GC(591)   Post Evacuate Collection Set: 0.7ms
[116.025s][info][gc,phases      ] GC(591)   Other: 0.1ms
[116.025s][info][gc,heap        ] GC(591) Eden regions: 758->0(751)
[116.025s][info][gc,heap        ] GC(591) Survivor regions: 2->3(80)
[116.025s][info][gc,heap        ] GC(591) Old regions: 63->61
[116.025s][info][gc,heap        ] GC(591) Archive regions: 0->0
[116.025s][info][gc,heap        ] GC(591) Humongous regions: 1145->1127
[116.025s][info][gc,metaspace   ] GC(591) Metaspace: 127283K(129344K)->127283K(129344K) NonClass: 108255K(108928K)->108255K(108928K) Class: 19027K(20416K)->19027K(20416K)
[116.025s][info][gc             ] GC(591) Pause Young (Mixed) (G1 Evacuation Pause) 1958M->1183M(2048M) 2.812ms
[116.025s][info][gc,cpu         ] GC(591) User=0.00s Sys=0.00s Real=0.00s
[116.025s][info][gc,start       ] GC(592) Pause Young (Concurrent Start) (G1 Humongous Allocation)
[116.025s][info][gc,task        ] GC(592) Using 33 workers of 33 for evacuation
[116.028s][info][gc,phases      ] GC(592)   Pre Evacuate Collection Set: 0.4ms
[116.028s][info][gc,phases      ] GC(592)   Merge Heap Roots: 0.1ms
[116.028s][info][gc,phases      ] GC(592)   Evacuate Collection Set: 1.3ms
[116.028s][info][gc,phases      ] GC(592)   Post Evacuate Collection Set: 0.5ms
[116.028s][info][gc,phases      ] GC(592)   Other: 0.0ms
[116.028s][info][gc,heap        ] GC(592) Eden regions: 5->0(762)
[116.028s][info][gc,heap        ] GC(592) Survivor regions: 3->3(95)
[116.028s][info][gc,heap        ] GC(592) Old regions: 61->61
[116.028s][info][gc,heap        ] GC(592) Archive regions: 0->0
[116.028s][info][gc,heap        ] GC(592) Humongous regions: 1127->1116
[116.028s][info][gc,metaspace   ] GC(592) Metaspace: 127283K(129344K)->127283K(129344K) NonClass: 108255K(108928K)->108255K(108928K) Class: 19027K(20416K)->19027K(20416K)
[116.028s][info][gc             ] GC(592) Pause Young (Concurrent Start) (G1 Humongous Allocation) 1188M->1172M(2048M) 2.502ms
[116.028s][info][gc             ] GC(593) Concurrent Mark Cycle
[116.028s][info][gc,cpu         ] GC(592) User=0.00s Sys=0.00s Real=0.00s
[116.028s][info][gc,marking     ] GC(593) Concurrent Scan Root Regions
[116.045s][info][gc,marking     ] GC(593) Concurrent Scan Root Regions 16.694ms
[116.045s][info][gc,marking     ] GC(593) Concurrent Mark
[116.045s][info][gc,marking     ] GC(593) Concurrent Mark From Roots
[116.045s][info][gc,task        ] GC(593) Using 8 workers of 8 for marking
[116.096s][info][gc,start       ] GC(594) Pause Young (Normal) (G1 Evacuation Pause)
[116.096s][info][gc,task        ] GC(594) Using 33 workers of 33 for evacuation
[116.098s][info][gc,phases      ] GC(594)   Pre Evacuate Collection Set: 0.3ms
[116.098s][info][gc,phases      ] GC(594)   Merge Heap Roots: 0.3ms
[116.098s][info][gc,phases      ] GC(594)   Evacuate Collection Set: 0.9ms
[116.098s][info][gc,phases      ] GC(594)   Post Evacuate Collection Set: 0.8ms
[116.098s][info][gc,phases      ] GC(594)   Other: 0.1ms
[116.098s][info][gc,heap        ] GC(594) Eden regions: 762->0(758)
[116.098s][info][gc,heap        ] GC(594) Survivor regions: 3->5(47)
[116.098s][info][gc,heap        ] GC(594) Old regions: 61->61
[116.098s][info][gc,heap        ] GC(594) Archive regions: 0->0
[116.098s][info][gc,heap        ] GC(594) Humongous regions: 1175->1116
[116.098s][info][gc,metaspace   ] GC(594) Metaspace: 127283K(129344K)->127283K(129344K) NonClass: 108255K(108928K)->108255K(108928K) Class: 19027K(20416K)->19027K(20416K)
[116.098s][info][gc             ] GC(594) Pause Young (Normal) (G1 Evacuation Pause) 1993M->1174M(2048M) 2.508ms
[116.098s][info][gc,cpu         ] GC(594) User=0.00s Sys=0.00s Real=0.00s
[116.100s][info][gc,marking     ] GC(593) Concurrent Mark From Roots 55.260ms
[116.100s][info][gc,marking     ] GC(593) Concurrent Preclean
[116.103s][info][gc,marking     ] GC(593) Concurrent Preclean 2.175ms
[116.103s][info][gc,start       ] GC(593) Pause Remark
[116.106s][info][gc             ] GC(593) Pause Remark 1244M->1244M(2048M) 3.121ms
[116.106s][info][gc,cpu         ] GC(593) User=0.00s Sys=0.00s Real=0.00s
[116.106s][info][gc,marking     ] GC(593) Concurrent Mark 61.314ms
[116.106s][info][gc,marking     ] GC(593) Concurrent Rebuild Remembered Sets and Scrub Regions
[116.123s][info][gc,marking     ] GC(593) Concurrent Rebuild Remembered Sets and Scrub Regions 16.175ms
[116.124s][info][gc,start       ] GC(593) Pause Cleanup
[116.124s][info][gc             ] GC(593) Pause Cleanup 1454M->1454M(2048M) 0.337ms
[116.124s][info][gc,cpu         ] GC(593) User=0.00s Sys=0.00s Real=0.00s
[116.124s][info][gc,marking     ] GC(593) Concurrent Clear Claimed Marks
[116.125s][info][gc,marking     ] GC(593) Concurrent Clear Claimed Marks 0.471ms
[116.125s][info][gc,marking     ] GC(593) Concurrent Cleanup for Next Mark
[116.130s][info][gc,marking     ] GC(593) Concurrent Cleanup for Next Mark 5.403ms
[116.130s][info][gc             ] GC(593) Concurrent Mark Cycle 102.440ms
[116.163s][info][gc,start       ] GC(595) Pause Young (Prepare Mixed) (G1 Evacuation Pause)
[116.163s][info][gc,task        ] GC(595) Using 33 workers of 33 for evacuation
[116.166s][info][gc,phases      ] GC(595)   Pre Evacuate Collection Set: 0.3ms
[116.166s][info][gc,phases      ] GC(595)   Merge Heap Roots: 0.8ms
[116.166s][info][gc,phases      ] GC(595)   Evacuate Collection Set: 1.1ms
[116.166s][info][gc,phases      ] GC(595)   Post Evacuate Collection Set: 0.8ms
[116.166s][info][gc,phases      ] GC(595)   Other: 0.1ms
[116.166s][info][gc,heap        ] GC(595) Eden regions: 758->0(736)
[116.166s][info][gc,heap        ] GC(595) Survivor regions: 5->6(38)
[116.166s][info][gc,heap        ] GC(595) Old regions: 61->61
[116.166s][info][gc,heap        ] GC(595) Archive regions: 0->0
[116.166s][info][gc,heap        ] GC(595) Humongous regions: 1186->1136
[116.166s][info][gc,metaspace   ] GC(595) Metaspace: 127283K(129344K)->127283K(129344K) NonClass: 108255K(108928K)->108255K(108928K) Class: 19027K(20416K)->19027K(20416K)
[116.166s][info][gc             ] GC(595) Pause Young (Prepare Mixed) (G1 Evacuation Pause) 2002M->1195M(2048M) 3.314ms
[116.166s][info][gc,cpu         ] GC(595) User=0.00s Sys=0.00s Real=0.00s
[116.216s][info][gc,start       ] GC(596) Pause Young (Mixed) (G1 Humongous Allocation)
[116.216s][info][gc,task        ] GC(596) Using 33 workers of 33 for evacuation
[116.219s][info][gc,phases      ] GC(596)   Pre Evacuate Collection Set: 0.3ms
[116.219s][info][gc,phases      ] GC(596)   Merge Heap Roots: 0.3ms
[116.219s][info][gc,phases      ] GC(596)   Evacuate Collection Set: 1.4ms
[116.219s][info][gc,phases      ] GC(596)   Post Evacuate Collection Set: 0.8ms
[116.219s][info][gc,phases      ] GC(596)   Other: 0.1ms
[116.219s][info][gc,heap        ] GC(596) Eden regions: 684->0(735)
[116.219s][info][gc,heap        ] GC(596) Survivor regions: 6->7(82)
[116.219s][info][gc,heap        ] GC(596) Old regions: 61->59
[116.219s][info][gc,heap        ] GC(596) Archive regions: 0->0
[116.219s][info][gc,heap        ] GC(596) Humongous regions: 1215->1137
[116.219s][info][gc,metaspace   ] GC(596) Metaspace: 127283K(129344K)->127283K(129344K) NonClass: 108256K(108928K)->108256K(108928K) Class: 19027K(20416K)->19027K(20416K)
[116.219s][info][gc             ] GC(596) Pause Young (Mixed) (G1 Humongous Allocation) 1958M->1197M(2048M) 3.116ms
[116.219s][info][gc,cpu         ] GC(596) User=0.00s Sys=0.00s Real=0.00s
[116.224s][info][gc,start       ] GC(597) Pause Young (Concurrent Start) (G1 Humongous Allocation)
[116.224s][info][gc,task        ] GC(597) Using 33 workers of 33 for evacuation
[116.227s][info][gc,phases      ] GC(597)   Pre Evacuate Collection Set: 0.4ms
[116.227s][info][gc,phases      ] GC(597)   Merge Heap Roots: 0.1ms
[116.227s][info][gc,phases      ] GC(597)   Evacuate Collection Set: 1.6ms
[116.227s][info][gc,phases      ] GC(597)   Post Evacuate Collection Set: 0.6ms
[116.227s][info][gc,phases      ] GC(597)   Other: 0.1ms
[116.227s][info][gc,heap        ] GC(597) Eden regions: 66->0(734)
[116.227s][info][gc,heap        ] GC(597) Survivor regions: 7->6(93)
[116.227s][info][gc,heap        ] GC(597) Old regions: 59->59
[116.227s][info][gc,heap        ] GC(597) Archive regions: 0->0
[116.227s][info][gc,heap        ] GC(597) Humongous regions: 1144->1140
[116.227s][info][gc,metaspace   ] GC(597) Metaspace: 127283K(129344K)->127283K(129344K) NonClass: 108256K(108928K)->108256K(108928K) Class: 19027K(20416K)->19027K(20416K)
[116.227s][info][gc             ] GC(597) Pause Young (Concurrent Start) (G1 Humongous Allocation) 1270M->1200M(2048M) 3.001ms
[116.227s][info][gc             ] GC(598) Concurrent Mark Cycle
[116.227s][info][gc,cpu         ] GC(597) User=0.00s Sys=0.00s Real=0.00s
[116.227s][info][gc,marking     ] GC(598) Concurrent Scan Root Regions
[116.232s][info][gc,marking     ] GC(598) Concurrent Scan Root Regions 4.873ms
[116.232s][info][gc,marking     ] GC(598) Concurrent Mark
[116.232s][info][gc,marking     ] GC(598) Concurrent Mark From Roots
[116.232s][info][gc,task        ] GC(598) Using 8 workers of 8 for marking
[116.254s][info][gc,marking     ] GC(598) Concurrent Mark From Roots 21.952ms
[116.254s][info][gc,marking     ] GC(598) Concurrent Preclean
[116.255s][info][gc,marking     ] GC(598) Concurrent Preclean 0.726ms
[116.256s][info][gc,start       ] GC(598) Pause Remark
[116.259s][info][gc             ] GC(598) Pause Remark 1602M->1602M(2048M) 2.998ms
[116.259s][info][gc,cpu         ] GC(598) User=0.02s Sys=0.00s Real=0.01s
[116.259s][info][gc,marking     ] GC(598) Concurrent Mark 27.070ms
[116.259s][info][gc,marking     ] GC(598) Concurrent Rebuild Remembered Sets and Scrub Regions
[116.267s][info][gc,marking     ] GC(598) Concurrent Rebuild Remembered Sets and Scrub Regions 8.380ms
[116.268s][info][gc,start       ] GC(598) Pause Cleanup
[116.268s][info][gc             ] GC(598) Pause Cleanup 1721M->1721M(2048M) 0.322ms
[116.268s][info][gc,cpu         ] GC(598) User=0.00s Sys=0.00s Real=0.00s
[116.268s][info][gc,marking     ] GC(598) Concurrent Clear Claimed Marks
[116.268s][info][gc,marking     ] GC(598) Concurrent Clear Claimed Marks 0.187ms
[116.268s][info][gc,marking     ] GC(598) Concurrent Cleanup for Next Mark
[116.271s][info][gc,marking     ] GC(598) Concurrent Cleanup for Next Mark 2.317ms
[116.271s][info][gc             ] GC(598) Concurrent Mark Cycle 43.753ms
[116.289s][info][gc,start       ] GC(599) Pause Young (Prepare Mixed) (G1 Evacuation Pause)
[116.289s][info][gc,task        ] GC(599) Using 33 workers of 33 for evacuation
[116.292s][info][gc,phases      ] GC(599)   Pre Evacuate Collection Set: 0.3ms
[116.293s][info][gc,phases      ] GC(599)   Merge Heap Roots: 0.8ms
[116.293s][info][gc,phases      ] GC(599)   Evacuate Collection Set: 0.9ms
[116.293s][info][gc,phases      ] GC(599)   Post Evacuate Collection Set: 1.5ms
[116.293s][info][gc,phases      ] GC(599)   Other: 0.1ms
[116.293s][info][gc,heap        ] GC(599) Eden regions: 724->0(611)
[116.293s][info][gc,heap        ] GC(599) Survivor regions: 6->0(0)
[116.293s][info][gc,heap        ] GC(599) Old regions: 59->189
[116.293s][info][gc,heap        ] GC(599) Archive regions: 0->0
[116.293s][info][gc,heap        ] GC(599) Humongous regions: 1259->1145
[116.293s][info][gc,metaspace   ] GC(599) Metaspace: 127283K(129344K)->127283K(129344K) NonClass: 108256K(108928K)->108256K(108928K) Class: 19027K(20416K)->19027K(20416K)
[116.293s][info][gc             ] GC(599) Pause Young (Prepare Mixed) (G1 Evacuation Pause) (Evacuation Failure) 2043M->1329M(2048M) 3.825ms
[116.293s][info][gc,cpu         ] GC(599) User=0.02s Sys=0.00s Real=0.02s
[116.330s][info][gc,start       ] GC(600) Pause Young (Mixed) (G1 Evacuation Pause)
[116.330s][info][gc,task        ] GC(600) Using 33 workers of 33 for evacuation
[116.332s][info][gc,phases      ] GC(600)   Pre Evacuate Collection Set: 0.3ms
[116.332s][info][gc,phases      ] GC(600)   Merge Heap Roots: 0.3ms
[116.332s][info][gc,phases      ] GC(600)   Evacuate Collection Set: 1.2ms
[116.333s][info][gc,phases      ] GC(600)   Post Evacuate Collection Set: 0.7ms
[116.333s][info][gc,phases      ] GC(600)   Other: 0.1ms
[116.333s][info][gc,heap        ] GC(600) Eden regions: 611->0(553)
[116.333s][info][gc,heap        ] GC(600) Survivor regions: 0->1(32)
[116.333s][info][gc,heap        ] GC(600) Old regions: 189->188
[116.333s][info][gc,heap        ] GC(600) Archive regions: 0->0
[116.333s][info][gc,heap        ] GC(600) Humongous regions: 1216->1202
[116.333s][info][gc,metaspace   ] GC(600) Metaspace: 127283K(129344K)->127283K(129344K) NonClass: 108256K(108928K)->108256K(108928K) Class: 19027K(20416K)->19027K(20416K)
[116.333s][info][gc             ] GC(600) Pause Young (Mixed) (G1 Evacuation Pause) 2011M->1386M(2048M) 2.796ms
[116.333s][info][gc,cpu         ] GC(600) User=0.00s Sys=0.00s Real=0.00s
[116.334s][info][gc,start       ] GC(601) Pause Young (Concurrent Start) (G1 Humongous Allocation)
[116.334s][info][gc,task        ] GC(601) Using 33 workers of 33 for evacuation
[116.337s][info][gc,phases      ] GC(601)   Pre Evacuate Collection Set: 0.4ms
[116.337s][info][gc,phases      ] GC(601)   Merge Heap Roots: 0.1ms
[116.337s][info][gc,phases      ] GC(601)   Evacuate Collection Set: 1.9ms
[116.337s][info][gc,phases      ] GC(601)   Post Evacuate Collection Set: 0.7ms
[116.337s][info][gc,phases      ] GC(601)   Other: 0.1ms
[116.337s][info][gc,heap        ] GC(601) Eden regions: 22->0(555)
[116.337s][info][gc,heap        ] GC(601) Survivor regions: 1->1(70)
[116.337s][info][gc,heap        ] GC(601) Old regions: 188->188
[116.337s][info][gc,heap        ] GC(601) Archive regions: 0->0
[116.337s][info][gc,heap        ] GC(601) Humongous regions: 1202->1200
[116.337s][info][gc,metaspace   ] GC(601) Metaspace: 127283K(129344K)->127283K(129344K) NonClass: 108256K(108928K)->108256K(108928K) Class: 19027K(20416K)->19027K(20416K)
[116.338s][info][gc             ] GC(601) Pause Young (Concurrent Start) (G1 Humongous Allocation) 1408M->1384M(2048M) 3.671ms
[116.338s][info][gc             ] GC(602) Concurrent Mark Cycle
[116.338s][info][gc,cpu         ] GC(601) User=0.03s Sys=0.00s Real=0.02s
[116.338s][info][gc,marking     ] GC(602) Concurrent Scan Root Regions
[116.340s][info][gc,marking     ] GC(602) Concurrent Scan Root Regions 2.850ms
[116.340s][info][gc,marking     ] GC(602) Concurrent Mark
[116.341s][info][gc,marking     ] GC(602) Concurrent Mark From Roots
[116.341s][info][gc,task        ] GC(602) Using 8 workers of 8 for marking
[116.363s][info][gc,marking     ] GC(602) Concurrent Mark From Roots 22.314ms
[116.363s][info][gc,marking     ] GC(602) Concurrent Preclean
[116.364s][info][gc,marking     ] GC(602) Concurrent Preclean 0.615ms
[116.364s][info][gc,start       ] GC(602) Pause Remark
[116.367s][info][gc             ] GC(602) Pause Remark 1782M->1722M(2048M) 3.022ms
[116.367s][info][gc,cpu         ] GC(602) User=0.00s Sys=0.00s Real=0.00s
[116.367s][info][gc,marking     ] GC(602) Concurrent Mark 26.378ms
[116.367s][info][gc,marking     ] GC(602) Concurrent Rebuild Remembered Sets and Scrub Regions
[116.375s][info][gc,marking     ] GC(602) Concurrent Rebuild Remembered Sets and Scrub Regions 7.606ms
[116.375s][info][gc,start       ] GC(602) Pause Cleanup
[116.376s][info][gc             ] GC(602) Pause Cleanup 1852M->1852M(2048M) 0.553ms
[116.376s][info][gc,cpu         ] GC(602) User=0.00s Sys=0.00s Real=0.00s
[116.376s][info][gc,marking     ] GC(602) Concurrent Clear Claimed Marks
[116.376s][info][gc,marking     ] GC(602) Concurrent Clear Claimed Marks 0.227ms
[116.376s][info][gc,marking     ] GC(602) Concurrent Cleanup for Next Mark
[116.379s][info][gc,marking     ] GC(602) Concurrent Cleanup for Next Mark 2.540ms
[116.379s][info][gc             ] GC(602) Concurrent Mark Cycle 41.281ms
[116.383s][info][gc,start       ] GC(603) Pause Young (Prepare Mixed) (G1 Evacuation Pause)
[116.383s][info][gc,task        ] GC(603) Using 33 workers of 33 for evacuation
[116.385s][info][gc,phases      ] GC(603)   Pre Evacuate Collection Set: 0.3ms
[116.385s][info][gc,phases      ] GC(603)   Merge Heap Roots: 0.8ms
[116.385s][info][gc,phases      ] GC(603)   Evacuate Collection Set: 0.7ms
[116.385s][info][gc,phases      ] GC(603)   Post Evacuate Collection Set: 0.8ms
[116.386s][info][gc,phases      ] GC(603)   Other: 0.1ms
[116.386s][info][gc,heap        ] GC(603) Eden regions: 555->0(585)
[116.386s][info][gc,heap        ] GC(603) Survivor regions: 1->1(70)
[116.386s][info][gc,heap        ] GC(603) Old regions: 149->149
[116.386s][info][gc,heap        ] GC(603) Archive regions: 0->0
[116.386s][info][gc,heap        ] GC(603) Humongous regions: 1248->1209
[116.386s][info][gc,metaspace   ] GC(603) Metaspace: 127283K(129344K)->127283K(129344K) NonClass: 108256K(108928K)->108256K(108928K) Class: 19027K(20416K)->19027K(20416K)
[116.386s][info][gc             ] GC(603) Pause Young (Prepare Mixed) (G1 Evacuation Pause) 1948M->1355M(2048M) 2.793ms
[116.386s][info][gc,cpu         ] GC(603) User=0.30s Sys=0.00s Real=0.01s
[116.417s][info][gc,start       ] GC(604) Pause Young (Mixed) (G1 Humongous Allocation)
[116.417s][info][gc,task        ] GC(604) Using 33 workers of 33 for evacuation
[116.419s][info][gc,phases      ] GC(604)   Pre Evacuate Collection Set: 0.3ms
[116.419s][info][gc,phases      ] GC(604)   Merge Heap Roots: 0.2ms
[116.419s][info][gc,phases      ] GC(604)   Evacuate Collection Set: 1.1ms
[116.419s][info][gc,phases      ] GC(604)   Post Evacuate Collection Set: 0.7ms
[116.419s][info][gc,phases      ] GC(604)   Other: 0.1ms
[116.419s][info][gc,heap        ] GC(604) Eden regions: 483->0(583)
[116.419s][info][gc,heap        ] GC(604) Survivor regions: 1->2(74)
[116.419s][info][gc,heap        ] GC(604) Old regions: 149->135
[116.419s][info][gc,heap        ] GC(604) Archive regions: 0->0
[116.419s][info][gc,heap        ] GC(604) Humongous regions: 1308->1223
[116.419s][info][gc,metaspace   ] GC(604) Metaspace: 127283K(129344K)->127283K(129344K) NonClass: 108256K(108928K)->108256K(108928K) Class: 19027K(20416K)->19027K(20416K)
[116.419s][info][gc             ] GC(604) Pause Young (Mixed) (G1 Humongous Allocation) 1937M->1356M(2048M) 2.609ms
[116.420s][info][gc,cpu         ] GC(604) User=0.00s Sys=0.00s Real=0.00s
[116.421s][info][gc,start       ] GC(605) Pause Young (Concurrent Start) (G1 Humongous Allocation)
[116.421s][info][gc,task        ] GC(605) Using 33 workers of 33 for evacuation
[116.424s][info][gc,phases      ] GC(605)   Pre Evacuate Collection Set: 0.4ms
[116.424s][info][gc,phases      ] GC(605)   Merge Heap Roots: 0.1ms
[116.424s][info][gc,phases      ] GC(605)   Evacuate Collection Set: 1.8ms
[116.424s][info][gc,phases      ] GC(605)   Post Evacuate Collection Set: 0.5ms
[116.424s][info][gc,phases      ] GC(605)   Other: 0.0ms
[116.424s][info][gc,heap        ] GC(605) Eden regions: 19->0(577)
[116.424s][info][gc,heap        ] GC(605) Survivor regions: 2->3(74)
[116.424s][info][gc,heap        ] GC(605) Old regions: 135->135
[116.424s][info][gc,heap        ] GC(605) Archive regions: 0->0
[116.424s][info][gc,heap        ] GC(605) Humongous regions: 1227->1227
[116.424s][info][gc,metaspace   ] GC(605) Metaspace: 127283K(129344K)->127283K(129344K) NonClass: 108256K(108928K)->108256K(108928K) Class: 19027K(20416K)->19027K(20416K)
[116.424s][info][gc             ] GC(605) Pause Young (Concurrent Start) (G1 Humongous Allocation) 1378M->1360M(2048M) 3.083ms
[116.424s][info][gc             ] GC(606) Concurrent Mark Cycle
[116.424s][info][gc,cpu         ] GC(605) User=0.00s Sys=0.00s Real=0.00s
[116.424s][info][gc,marking     ] GC(606) Concurrent Scan Root Regions
[116.426s][info][gc,marking     ] GC(606) Concurrent Scan Root Regions 2.099ms
[116.426s][info][gc,marking     ] GC(606) Concurrent Mark
[116.427s][info][gc,marking     ] GC(606) Concurrent Mark From Roots
[116.427s][info][gc,task        ] GC(606) Using 8 workers of 8 for marking
[116.445s][info][gc,marking     ] GC(606) Concurrent Mark From Roots 18.454ms
[116.445s][info][gc,marking     ] GC(606) Concurrent Preclean
[116.446s][info][gc,marking     ] GC(606) Concurrent Preclean 0.503ms
[116.446s][info][gc,start       ] GC(606) Pause Remark
[116.449s][info][gc             ] GC(606) Pause Remark 1655M->1637M(2048M) 2.982ms
[116.449s][info][gc,cpu         ] GC(606) User=0.00s Sys=0.00s Real=0.00s
[116.449s][info][gc,marking     ] GC(606) Concurrent Mark 22.333ms
[116.449s][info][gc,marking     ] GC(606) Concurrent Rebuild Remembered Sets and Scrub Regions
[116.456s][info][gc,marking     ] GC(606) Concurrent Rebuild Remembered Sets and Scrub Regions 6.852ms
[116.456s][info][gc,start       ] GC(606) Pause Cleanup
[116.456s][info][gc             ] GC(606) Pause Cleanup 1742M->1742M(2048M) 0.516ms
[116.456s][info][gc,cpu         ] GC(606) User=0.00s Sys=0.00s Real=0.00s
[116.457s][info][gc,marking     ] GC(606) Concurrent Clear Claimed Marks
[116.457s][info][gc,marking     ] GC(606) Concurrent Clear Claimed Marks 0.207ms
[116.457s][info][gc,marking     ] GC(606) Concurrent Cleanup for Next Mark
[116.459s][info][gc,marking     ] GC(606) Concurrent Cleanup for Next Mark 2.480ms
[116.459s][info][gc             ] GC(606) Concurrent Mark Cycle 34.983ms
[116.470s][info][gc,start       ] GC(607) Pause Young (Prepare Mixed) (G1 Evacuation Pause)
[116.470s][info][gc,task        ] GC(607) Using 33 workers of 33 for evacuation
[116.473s][info][gc,phases      ] GC(607)   Pre Evacuate Collection Set: 0.3ms
[116.473s][info][gc,phases      ] GC(607)   Merge Heap Roots: 0.8ms
[116.473s][info][gc,phases      ] GC(607)   Evacuate Collection Set: 0.7ms
[116.473s][info][gc,phases      ] GC(607)   Post Evacuate Collection Set: 0.8ms
[116.473s][info][gc,phases      ] GC(607)   Other: 0.1ms
[116.473s][info][gc,heap        ] GC(607) Eden regions: 577->0(613)
[116.473s][info][gc,heap        ] GC(607) Survivor regions: 3->2(72)
[116.473s][info][gc,heap        ] GC(607) Old regions: 129->129
[116.473s][info][gc,heap        ] GC(607) Archive regions: 0->0
[116.473s][info][gc,heap        ] GC(607) Humongous regions: 1267->1199
[116.473s][info][gc,metaspace   ] GC(607) Metaspace: 127283K(129344K)->127283K(129344K) NonClass: 108256K(108928K)->108256K(108928K) Class: 19027K(20416K)->19027K(20416K)
[116.473s][info][gc             ] GC(607) Pause Young (Prepare Mixed) (G1 Evacuation Pause) 1971M->1326M(2048M) 3.018ms
[116.473s][info][gc,cpu         ] GC(607) User=0.52s Sys=0.00s Real=0.02s
[116.517s][info][gc,start       ] GC(608) Pause Young (Mixed) (G1 Evacuation Pause)
[116.517s][info][gc,task        ] GC(608) Using 33 workers of 33 for evacuation
[116.520s][info][gc,phases      ] GC(608)   Pre Evacuate Collection Set: 0.3ms
[116.520s][info][gc,phases      ] GC(608)   Merge Heap Roots: 0.3ms
[116.520s][info][gc,phases      ] GC(608)   Evacuate Collection Set: 1.1ms
[116.520s][info][gc,phases      ] GC(608)   Post Evacuate Collection Set: 0.7ms
[116.520s][info][gc,phases      ] GC(608)   Other: 0.1ms
[116.520s][info][gc,heap        ] GC(608) Eden regions: 613->0(590)
[116.520s][info][gc,heap        ] GC(608) Survivor regions: 2->2(39)
[116.520s][info][gc,heap        ] GC(608) Old regions: 129->118
[116.520s][info][gc,heap        ] GC(608) Archive regions: 0->0
[116.520s][info][gc,heap        ] GC(608) Humongous regions: 1265->1233
[116.520s][info][gc,metaspace   ] GC(608) Metaspace: 127283K(129344K)->127283K(129344K) NonClass: 108256K(108928K)->108256K(108928K) Class: 19027K(20416K)->19027K(20416K)
[116.520s][info][gc             ] GC(608) Pause Young (Mixed) (G1 Evacuation Pause) 2005M->1348M(2048M) 2.727ms
[116.520s][info][gc,cpu         ] GC(608) User=0.52s Sys=0.00s Real=0.02s
[116.520s][info][gc,start       ] GC(609) Pause Young (Concurrent Start) (G1 Humongous Allocation)
[116.520s][info][gc,task        ] GC(609) Using 33 workers of 33 for evacuation
[116.523s][info][gc,phases      ] GC(609)   Pre Evacuate Collection Set: 0.4ms
[116.523s][info][gc,phases      ] GC(609)   Merge Heap Roots: 0.1ms
[116.523s][info][gc,phases      ] GC(609)   Evacuate Collection Set: 1.1ms
[116.523s][info][gc,phases      ] GC(609)   Post Evacuate Collection Set: 0.5ms
[116.523s][info][gc,phases      ] GC(609)   Other: 0.0ms
[116.523s][info][gc,heap        ] GC(609) Eden regions: 4->0(597)
[116.523s][info][gc,heap        ] GC(609) Survivor regions: 2->2(74)
[116.523s][info][gc,heap        ] GC(609) Old regions: 118->118
[116.523s][info][gc,heap        ] GC(609) Archive regions: 0->0
[116.523s][info][gc,heap        ] GC(609) Humongous regions: 1233->1226
[116.523s][info][gc,metaspace   ] GC(609) Metaspace: 127283K(129344K)->127283K(129344K) NonClass: 108256K(108928K)->108256K(108928K) Class: 19027K(20416K)->19027K(20416K)
[116.523s][info][gc             ] GC(609) Pause Young (Concurrent Start) (G1 Humongous Allocation) 1352M->1341M(2048M) 2.268ms
[116.523s][info][gc             ] GC(610) Concurrent Mark Cycle
[116.523s][info][gc,cpu         ] GC(609) User=0.00s Sys=0.00s Real=0.00s
[116.523s][info][gc,marking     ] GC(610) Concurrent Scan Root Regions
[116.525s][info][gc,marking     ] GC(610) Concurrent Scan Root Regions 2.202ms
[116.525s][info][gc,marking     ] GC(610) Concurrent Mark
[116.525s][info][gc,marking     ] GC(610) Concurrent Mark From Roots
[116.525s][info][gc,task        ] GC(610) Using 8 workers of 8 for marking
[116.545s][info][gc,marking     ] GC(610) Concurrent Mark From Roots 19.759ms
[116.545s][info][gc,marking     ] GC(610) Concurrent Preclean
[116.545s][info][gc,marking     ] GC(610) Concurrent Preclean 0.631ms
[116.546s][info][gc,start       ] GC(610) Pause Remark
[116.549s][info][gc             ] GC(610) Pause Remark 1714M->1713M(2048M) 2.667ms
[116.549s][info][gc,cpu         ] GC(610) User=0.00s Sys=0.00s Real=0.00s
[116.549s][info][gc,marking     ] GC(610) Concurrent Mark 23.920ms
[116.549s][info][gc,marking     ] GC(610) Concurrent Rebuild Remembered Sets and Scrub Regions
[116.556s][info][gc,marking     ] GC(610) Concurrent Rebuild Remembered Sets and Scrub Regions 6.852ms
[116.557s][info][gc,start       ] GC(610) Pause Cleanup
[116.557s][info][gc             ] GC(610) Pause Cleanup 1827M->1827M(2048M) 0.543ms
[116.557s][info][gc,cpu         ] GC(610) User=0.00s Sys=0.00s Real=0.00s
[116.557s][info][gc,marking     ] GC(610) Concurrent Clear Claimed Marks
[116.557s][info][gc,marking     ] GC(610) Concurrent Clear Claimed Marks 0.231ms
[116.558s][info][gc,marking     ] GC(610) Concurrent Cleanup for Next Mark
[116.560s][info][gc,marking     ] GC(610) Concurrent Cleanup for Next Mark 2.414ms
[116.560s][info][gc             ] GC(610) Concurrent Mark Cycle 37.321ms
[116.565s][info][gc,start       ] GC(611) Pause Young (Prepare Mixed) (G1 Humongous Allocation)
[116.565s][info][gc,task        ] GC(611) Using 33 workers of 33 for evacuation
[116.567s][info][gc,phases      ] GC(611)   Pre Evacuate Collection Set: 0.3ms
[116.567s][info][gc,phases      ] GC(611)   Merge Heap Roots: 0.8ms
[116.567s][info][gc,phases      ] GC(611)   Evacuate Collection Set: 0.6ms
[116.567s][info][gc,phases      ] GC(611)   Post Evacuate Collection Set: 0.7ms
[116.567s][info][gc,phases      ] GC(611)   Other: 0.1ms
[116.567s][info][gc,heap        ] GC(611) Eden regions: 510->0(590)
[116.567s][info][gc,heap        ] GC(611) Survivor regions: 2->2(75)
[116.567s][info][gc,heap        ] GC(611) Old regions: 117->117
[116.568s][info][gc,heap        ] GC(611) Archive regions: 0->0
[116.568s][info][gc,heap        ] GC(611) Humongous regions: 1316->1234
[116.568s][info][gc,metaspace   ] GC(611) Metaspace: 127283K(129344K)->127283K(129344K) NonClass: 108256K(108928K)->108256K(108928K) Class: 19027K(20416K)->19027K(20416K)
[116.568s][info][gc             ] GC(611) Pause Young (Prepare Mixed) (G1 Humongous Allocation) 1940M->1349M(2048M) 2.778ms
[116.568s][info][gc,cpu         ] GC(611) User=0.00s Sys=0.00s Real=0.00s
[116.602s][info][gc,start       ] GC(612) Pause Young (Mixed) (G1 Humongous Allocation)
[116.602s][info][gc,task        ] GC(612) Using 33 workers of 33 for evacuation
[116.605s][info][gc,phases      ] GC(612)   Pre Evacuate Collection Set: 0.3ms
[116.605s][info][gc,phases      ] GC(612)   Merge Heap Roots: 0.3ms
[116.605s][info][gc,phases      ] GC(612)   Evacuate Collection Set: 1.1ms
[116.605s][info][gc,phases      ] GC(612)   Post Evacuate Collection Set: 0.7ms
[116.605s][info][gc,phases      ] GC(612)   Other: 0.2ms
[116.605s][info][gc,heap        ] GC(612) Eden regions: 526->0(597)
[116.605s][info][gc,heap        ] GC(612) Survivor regions: 2->2(74)
[116.605s][info][gc,heap        ] GC(612) Old regions: 117->107
[116.605s][info][gc,heap        ] GC(612) Archive regions: 0->0
[116.605s][info][gc,heap        ] GC(612) Humongous regions: 1327->1237
[116.605s][info][gc,metaspace   ] GC(612) Metaspace: 127283K(129344K)->127283K(129344K) NonClass: 108256K(108928K)->108256K(108928K) Class: 19027K(20416K)->19027K(20416K)
[116.605s][info][gc             ] GC(612) Pause Young (Mixed) (G1 Humongous Allocation) 1967M->1342M(2048M) 2.844ms
[116.605s][info][gc,cpu         ] GC(612) User=0.00s Sys=0.00s Real=0.00s
[116.607s][info][gc,start       ] GC(613) Pause Young (Concurrent Start) (G1 Humongous Allocation)
[116.607s][info][gc,task        ] GC(613) Using 33 workers of 33 for evacuation
[116.609s][info][gc,phases      ] GC(613)   Pre Evacuate Collection Set: 0.4ms
[116.609s][info][gc,phases      ] GC(613)   Merge Heap Roots: 0.1ms
[116.609s][info][gc,phases      ] GC(613)   Evacuate Collection Set: 1.2ms
[116.609s][info][gc,phases      ] GC(613)   Post Evacuate Collection Set: 0.5ms
[116.609s][info][gc,phases      ] GC(613)   Other: 0.0ms
[116.609s][info][gc,heap        ] GC(613) Eden regions: 33->0(608)
[116.609s][info][gc,heap        ] GC(613) Survivor regions: 2->2(75)
[116.609s][info][gc,heap        ] GC(613) Old regions: 107->107
[116.609s][info][gc,heap        ] GC(613) Archive regions: 0->0
[116.609s][info][gc,heap        ] GC(613) Humongous regions: 1241->1226
[116.609s][info][gc,metaspace   ] GC(613) Metaspace: 127283K(129344K)->127283K(129344K) NonClass: 108256K(108928K)->108256K(108928K) Class: 19027K(20416K)->19027K(20416K)
[116.609s][info][gc             ] GC(613) Pause Young (Concurrent Start) (G1 Humongous Allocation) 1379M->1331M(2048M) 2.519ms
[116.609s][info][gc             ] GC(614) Concurrent Mark Cycle
[116.609s][info][gc,cpu         ] GC(613) User=0.00s Sys=0.00s Real=0.00s
[116.609s][info][gc,marking     ] GC(614) Concurrent Scan Root Regions
[116.613s][info][gc,marking     ] GC(614) Concurrent Scan Root Regions 3.542ms
[116.613s][info][gc,marking     ] GC(614) Concurrent Mark
[116.613s][info][gc,marking     ] GC(614) Concurrent Mark From Roots
[116.613s][info][gc,task        ] GC(614) Using 8 workers of 8 for marking
[116.632s][info][gc,marking     ] GC(614) Concurrent Mark From Roots 19.380ms
[116.632s][info][gc,marking     ] GC(614) Concurrent Preclean
[116.633s][info][gc,marking     ] GC(614) Concurrent Preclean 0.506ms
[116.633s][info][gc,start       ] GC(614) Pause Remark
[116.636s][info][gc             ] GC(614) Pause Remark 1682M->1682M(2048M) 2.681ms
[116.636s][info][gc,cpu         ] GC(614) User=0.00s Sys=0.00s Real=0.00s
[116.636s][info][gc,marking     ] GC(614) Concurrent Mark 22.972ms
[116.636s][info][gc,marking     ] GC(614) Concurrent Rebuild Remembered Sets and Scrub Regions
[116.642s][info][gc,marking     ] GC(614) Concurrent Rebuild Remembered Sets and Scrub Regions 6.358ms
[116.643s][info][gc,start       ] GC(614) Pause Cleanup
[116.643s][info][gc             ] GC(614) Pause Cleanup 1776M->1776M(2048M) 0.431ms
[116.643s][info][gc,cpu         ] GC(614) User=0.00s Sys=0.00s Real=0.00s
[116.643s][info][gc,marking     ] GC(614) Concurrent Clear Claimed Marks
[116.643s][info][gc,marking     ] GC(614) Concurrent Clear Claimed Marks 0.216ms
[116.643s][info][gc,marking     ] GC(614) Concurrent Cleanup for Next Mark
[116.646s][info][gc,marking     ] GC(614) Concurrent Cleanup for Next Mark 2.535ms
[116.646s][info][gc             ] GC(614) Concurrent Mark Cycle 36.549ms
[116.655s][info][gc,start       ] GC(615) Pause Young (Prepare Mixed) (G1 Humongous Allocation)
[116.655s][info][gc,task        ] GC(615) Using 33 workers of 33 for evacuation
[116.658s][info][gc,phases      ] GC(615)   Pre Evacuate Collection Set: 0.3ms
[116.658s][info][gc,phases      ] GC(615)   Merge Heap Roots: 0.8ms
[116.658s][info][gc,phases      ] GC(615)   Evacuate Collection Set: 0.7ms
[116.658s][info][gc,phases      ] GC(615)   Post Evacuate Collection Set: 0.7ms
[116.658s][info][gc,phases      ] GC(615)   Other: 0.1ms
[116.658s][info][gc,heap        ] GC(615) Eden regions: 580->0(582)
[116.658s][info][gc,heap        ] GC(615) Survivor regions: 2->2(77)
[116.658s][info][gc,heap        ] GC(615) Old regions: 107->107
[116.658s][info][gc,heap        ] GC(615) Archive regions: 0->0
[116.658s][info][gc,heap        ] GC(615) Humongous regions: 1279->1252
[116.658s][info][gc,metaspace   ] GC(615) Metaspace: 127283K(129344K)->127283K(129344K) NonClass: 108256K(108928K)->108256K(108928K) Class: 19027K(20416K)->19027K(20416K)
[116.658s][info][gc             ] GC(615) Pause Young (Prepare Mixed) (G1 Humongous Allocation) 1963M->1356M(2048M) 2.887ms
[116.658s][info][gc,cpu         ] GC(615) User=0.52s Sys=0.00s Real=0.01s
[116.692s][info][gc,start       ] GC(616) Pause Young (Mixed) (G1 Humongous Allocation)
[116.692s][info][gc,task        ] GC(616) Using 33 workers of 33 for evacuation
[116.696s][info][gc,phases      ] GC(616)   Pre Evacuate Collection Set: 0.3ms
[116.696s][info][gc,phases      ] GC(616)   Merge Heap Roots: 0.3ms
[116.696s][info][gc,phases      ] GC(616)   Evacuate Collection Set: 1.6ms
[116.696s][info][gc,phases      ] GC(616)   Post Evacuate Collection Set: 0.9ms
[116.696s][info][gc,phases      ] GC(616)   Other: 0.2ms
[116.696s][info][gc,heap        ] GC(616) Eden regions: 578->0(578)
[116.696s][info][gc,heap        ] GC(616) Survivor regions: 2->3(34)
[116.696s][info][gc,heap        ] GC(616) Old regions: 107->99
[116.696s][info][gc,heap        ] GC(616) Archive regions: 0->0
[116.696s][info][gc,heap        ] GC(616) Humongous regions: 1327->1262
[116.696s][info][gc,metaspace   ] GC(616) Metaspace: 127283K(129344K)->127283K(129344K) NonClass: 108256K(108928K)->108256K(108928K) Class: 19027K(20416K)->19027K(20416K)
[116.696s][info][gc             ] GC(616) Pause Young (Mixed) (G1 Humongous Allocation) 2009M->1359M(2048M) 3.764ms
[116.696s][info][gc,cpu         ] GC(616) User=0.00s Sys=0.00s Real=0.00s
[116.698s][info][gc,start       ] GC(617) Pause Young (Concurrent Start) (G1 Humongous Allocation)
[116.698s][info][gc,task        ] GC(617) Using 33 workers of 33 for evacuation
[116.701s][info][gc,phases      ] GC(617)   Pre Evacuate Collection Set: 0.5ms
[116.701s][info][gc,phases      ] GC(617)   Merge Heap Roots: 0.1ms
[116.701s][info][gc,phases      ] GC(617)   Evacuate Collection Set: 1.3ms
[116.701s][info][gc,phases      ] GC(617)   Post Evacuate Collection Set: 0.7ms
[116.701s][info][gc,phases      ] GC(617)   Other: 0.1ms
[116.701s][info][gc,heap        ] GC(617) Eden regions: 23->0(574)
[116.701s][info][gc,heap        ] GC(617) Survivor regions: 3->3(73)
[116.701s][info][gc,heap        ] GC(617) Old regions: 99->99
[116.701s][info][gc,heap        ] GC(617) Archive regions: 0->0
[116.701s][info][gc,heap        ] GC(617) Humongous regions: 1266->1266
[116.701s][info][gc,metaspace   ] GC(617) Metaspace: 127283K(129344K)->127283K(129344K) NonClass: 108256K(108928K)->108256K(108928K) Class: 19027K(20416K)->19027K(20416K)
[116.701s][info][gc             ] GC(617) Pause Young (Concurrent Start) (G1 Humongous Allocation) 1386M->1363M(2048M) 3.086ms
[116.701s][info][gc             ] GC(618) Concurrent Mark Cycle
[116.701s][info][gc,cpu         ] GC(617) User=0.00s Sys=0.00s Real=0.00s
[116.701s][info][gc,marking     ] GC(618) Concurrent Scan Root Regions
[116.706s][info][gc,marking     ] GC(618) Concurrent Scan Root Regions 4.797ms
[116.706s][info][gc,marking     ] GC(618) Concurrent Mark
[116.706s][info][gc,marking     ] GC(618) Concurrent Mark From Roots
[116.706s][info][gc,task        ] GC(618) Using 8 workers of 8 for marking
[116.728s][info][gc,marking     ] GC(618) Concurrent Mark From Roots 22.144ms
[116.728s][info][gc,marking     ] GC(618) Concurrent Preclean
[116.729s][info][gc,marking     ] GC(618) Concurrent Preclean 0.676ms
[116.729s][info][gc,start       ] GC(618) Pause Remark
[116.732s][info][gc             ] GC(618) Pause Remark 1814M->1814M(2048M) 2.807ms
[116.732s][info][gc,cpu         ] GC(618) User=0.00s Sys=0.00s Real=0.00s
[116.732s][info][gc,marking     ] GC(618) Concurrent Mark 26.064ms
[116.732s][info][gc,marking     ] GC(618) Concurrent Rebuild Remembered Sets and Scrub Regions
[116.738s][info][gc,marking     ] GC(618) Concurrent Rebuild Remembered Sets and Scrub Regions 6.399ms
[116.739s][info][gc,start       ] GC(618) Pause Cleanup
[116.739s][info][gc             ] GC(618) Pause Cleanup 1915M->1915M(2048M) 0.483ms
[116.739s][info][gc,cpu         ] GC(618) User=0.00s Sys=0.00s Real=0.00s
[116.739s][info][gc,marking     ] GC(618) Concurrent Clear Claimed Marks
[116.739s][info][gc,marking     ] GC(618) Concurrent Clear Claimed Marks 0.217ms
[116.740s][info][gc,marking     ] GC(618) Concurrent Cleanup for Next Mark
[116.742s][info][gc,marking     ] GC(618) Concurrent Cleanup for Next Mark 2.445ms
[116.742s][info][gc             ] GC(618) Concurrent Mark Cycle 41.050ms
[116.744s][info][gc,start       ] GC(619) Pause Young (Prepare Mixed) (G1 Humongous Allocation)
[116.744s][info][gc,task        ] GC(619) Using 33 workers of 33 for evacuation
[116.747s][info][gc,phases      ] GC(619)   Pre Evacuate Collection Set: 0.3ms
[116.747s][info][gc,phases      ] GC(619)   Merge Heap Roots: 0.8ms
[116.747s][info][gc,phases      ] GC(619)   Evacuate Collection Set: 0.6ms
[116.747s][info][gc,phases      ] GC(619)   Post Evacuate Collection Set: 0.8ms
[116.747s][info][gc,phases      ] GC(619)   Other: 0.1ms
[116.747s][info][gc,heap        ] GC(619) Eden regions: 540->0(569)
[116.747s][info][gc,heap        ] GC(619) Survivor regions: 3->2(56)
[116.747s][info][gc,heap        ] GC(619) Old regions: 99->99
[116.747s][info][gc,heap        ] GC(619) Archive regions: 0->0
[116.747s][info][gc,heap        ] GC(619) Humongous regions: 1350->1273
[116.747s][info][gc,metaspace   ] GC(619) Metaspace: 127283K(129344K)->127283K(129344K) NonClass: 108256K(108928K)->108256K(108928K) Class: 19027K(20416K)->19027K(20416K)
[116.747s][info][gc             ] GC(619) Pause Young (Prepare Mixed) (G1 Humongous Allocation) 1987M->1370M(2048M) 2.955ms
[116.747s][info][gc,cpu         ] GC(619) User=0.00s Sys=0.00s Real=0.00s
[116.779s][info][gc,start       ] GC(620) Pause Young (Mixed) (G1 Humongous Allocation)
[116.779s][info][gc,task        ] GC(620) Using 33 workers of 33 for evacuation
[116.782s][info][gc,phases      ] GC(620)   Pre Evacuate Collection Set: 0.3ms
[116.782s][info][gc,phases      ] GC(620)   Merge Heap Roots: 0.2ms
[116.782s][info][gc,phases      ] GC(620)   Evacuate Collection Set: 1.1ms
[116.782s][info][gc,phases      ] GC(620)   Post Evacuate Collection Set: 0.7ms
[116.782s][info][gc,phases      ] GC(620)   Other: 0.1ms
[116.782s][info][gc,heap        ] GC(620) Eden regions: 499->0(567)
[116.782s][info][gc,heap        ] GC(620) Survivor regions: 2->2(72)
[116.782s][info][gc,heap        ] GC(620) Old regions: 99->92
[116.782s][info][gc,heap        ] GC(620) Archive regions: 0->0
[116.782s][info][gc,heap        ] GC(620) Humongous regions: 1343->1282
[116.782s][info][gc,metaspace   ] GC(620) Metaspace: 127283K(129344K)->127283K(129344K) NonClass: 108256K(108928K)->108256K(108928K) Class: 19027K(20416K)->19027K(20416K)
[116.782s][info][gc             ] GC(620) Pause Young (Mixed) (G1 Humongous Allocation) 1939M->1372M(2048M) 2.663ms
[116.782s][info][gc,cpu         ] GC(620) User=0.06s Sys=0.00s Real=0.01s
[116.784s][info][gc,start       ] GC(621) Pause Young (Concurrent Start) (G1 Humongous Allocation)
[116.784s][info][gc,task        ] GC(621) Using 33 workers of 33 for evacuation
[116.787s][info][gc,phases      ] GC(621)   Pre Evacuate Collection Set: 0.4ms
[116.787s][info][gc,phases      ] GC(621)   Merge Heap Roots: 0.1ms
[116.787s][info][gc,phases      ] GC(621)   Evacuate Collection Set: 1.8ms
[116.787s][info][gc,phases      ] GC(621)   Post Evacuate Collection Set: 0.5ms
[116.787s][info][gc,phases      ] GC(621)   Other: 0.0ms
[116.787s][info][gc,heap        ] GC(621) Eden regions: 23->0(560)
[116.787s][info][gc,heap        ] GC(621) Survivor regions: 2->2(72)
[116.787s][info][gc,heap        ] GC(621) Old regions: 92->92
[116.787s][info][gc,heap        ] GC(621) Archive regions: 0->0
[116.787s][info][gc,heap        ] GC(621) Humongous regions: 1289->1289
[116.787s][info][gc,metaspace   ] GC(621) Metaspace: 127283K(129344K)->127283K(129344K) NonClass: 108256K(108928K)->108256K(108928K) Class: 19027K(20416K)->19027K(20416K)
[116.787s][info][gc             ] GC(621) Pause Young (Concurrent Start) (G1 Humongous Allocation) 1402M->1379M(2048M) 3.050ms
[116.787s][info][gc             ] GC(622) Concurrent Mark Cycle
[116.787s][info][gc,cpu         ] GC(621) User=0.00s Sys=0.00s Real=0.00s
[116.787s][info][gc,marking     ] GC(622) Concurrent Scan Root Regions
[116.789s][info][gc,marking     ] GC(622) Concurrent Scan Root Regions 2.038ms
[116.789s][info][gc,marking     ] GC(622) Concurrent Mark
[116.789s][info][gc,marking     ] GC(622) Concurrent Mark From Roots
[116.789s][info][gc,task        ] GC(622) Using 8 workers of 8 for marking
[116.806s][info][gc,marking     ] GC(622) Concurrent Mark From Roots 16.348ms
[116.806s][info][gc,marking     ] GC(622) Concurrent Preclean
[116.806s][info][gc,marking     ] GC(622) Concurrent Preclean 0.405ms
[116.806s][info][gc,start       ] GC(622) Pause Remark
[116.809s][info][gc             ] GC(622) Pause Remark 1616M->1616M(2048M) 2.743ms
[116.809s][info][gc,cpu         ] GC(622) User=0.00s Sys=0.00s Real=0.00s
[116.809s][info][gc,marking     ] GC(622) Concurrent Mark 19.875ms
[116.809s][info][gc,marking     ] GC(622) Concurrent Rebuild Remembered Sets and Scrub Regions
[116.816s][info][gc,marking     ] GC(622) Concurrent Rebuild Remembered Sets and Scrub Regions 7.206ms
[116.817s][info][gc,start       ] GC(622) Pause Cleanup
[116.817s][info][gc             ] GC(622) Pause Cleanup 1733M->1733M(2048M) 0.474ms
[116.817s][info][gc,cpu         ] GC(622) User=0.00s Sys=0.00s Real=0.00s
[116.817s][info][gc,marking     ] GC(622) Concurrent Clear Claimed Marks
[116.818s][info][gc,marking     ] GC(622) Concurrent Clear Claimed Marks 0.204ms
[116.818s][info][gc,marking     ] GC(622) Concurrent Cleanup for Next Mark
[116.820s][info][gc,marking     ] GC(622) Concurrent Cleanup for Next Mark 2.358ms
[116.820s][info][gc             ] GC(622) Concurrent Mark Cycle 33.031ms
[116.832s][info][gc,start       ] GC(623) Pause Young (Prepare Mixed) (G1 Humongous Allocation)
[116.832s][info][gc,task        ] GC(623) Using 33 workers of 33 for evacuation
[116.835s][info][gc,phases      ] GC(623)   Pre Evacuate Collection Set: 0.3ms
[116.835s][info][gc,phases      ] GC(623)   Merge Heap Roots: 0.8ms
[116.835s][info][gc,phases      ] GC(623)   Evacuate Collection Set: 0.6ms
[116.835s][info][gc,phases      ] GC(623)   Post Evacuate Collection Set: 0.8ms
[116.835s][info][gc,phases      ] GC(623)   Other: 0.1ms
[116.835s][info][gc,heap        ] GC(623) Eden regions: 512->0(558)
[116.835s][info][gc,heap        ] GC(623) Survivor regions: 2->2(71)
[116.835s][info][gc,heap        ] GC(623) Old regions: 92->92
[116.835s][info][gc,heap        ] GC(623) Archive regions: 0->0
[116.835s][info][gc,heap        ] GC(623) Humongous regions: 1356->1291
[116.835s][info][gc,metaspace   ] GC(623) Metaspace: 127284K(129344K)->127284K(129344K) NonClass: 108256K(108928K)->108256K(108928K) Class: 19027K(20416K)->19027K(20416K)
[116.835s][info][gc             ] GC(623) Pause Young (Prepare Mixed) (G1 Humongous Allocation) 1958M->1381M(2048M) 2.871ms
[116.835s][info][gc,cpu         ] GC(623) User=0.03s Sys=0.00s Real=0.02s
[116.926s][info][gc,start       ] GC(624) Pause Young (Mixed) (G1 Evacuation Pause)
[116.926s][info][gc,task        ] GC(624) Using 33 workers of 33 for evacuation
[116.930s][info][gc,phases      ] GC(624)   Pre Evacuate Collection Set: 0.3ms
[116.930s][info][gc,phases      ] GC(624)   Merge Heap Roots: 0.3ms
[116.930s][info][gc,phases      ] GC(624)   Evacuate Collection Set: 1.5ms
[116.930s][info][gc,phases      ] GC(624)   Post Evacuate Collection Set: 1.0ms
[116.930s][info][gc,phases      ] GC(624)   Other: 0.2ms
[116.930s][info][gc,heap        ] GC(624) Eden regions: 558->0(571)
[116.930s][info][gc,heap        ] GC(624) Survivor regions: 2->2(70)
[116.930s][info][gc,heap        ] GC(624) Old regions: 92->85
[116.930s][info][gc,heap        ] GC(624) Archive regions: 0->0
[116.930s][info][gc,heap        ] GC(624) Humongous regions: 1307->1285
[116.930s][info][gc,metaspace   ] GC(624) Metaspace: 127286K(129344K)->127286K(129344K) NonClass: 108258K(108928K)->108258K(108928K) Class: 19027K(20416K)->19027K(20416K)
[116.930s][info][gc             ] GC(624) Pause Young (Mixed) (G1 Evacuation Pause) 1955M->1368M(2048M) 3.849ms
[116.930s][info][gc,cpu         ] GC(624) User=0.00s Sys=0.00s Real=0.00s
[116.962s][info][gc,start       ] GC(625) Pause Young (Concurrent Start) (G1 Humongous Allocation)
[116.962s][info][gc,task        ] GC(625) Using 33 workers of 33 for evacuation
[116.965s][info][gc,phases      ] GC(625)   Pre Evacuate Collection Set: 0.5ms
[116.965s][info][gc,phases      ] GC(625)   Merge Heap Roots: 0.2ms
[116.965s][info][gc,phases      ] GC(625)   Evacuate Collection Set: 1.3ms
[116.965s][info][gc,phases      ] GC(625)   Post Evacuate Collection Set: 0.9ms
[116.966s][info][gc,phases      ] GC(625)   Other: 0.1ms
[116.966s][info][gc,heap        ] GC(625) Eden regions: 191->0(571)
[116.966s][info][gc,heap        ] GC(625) Survivor regions: 2->2(72)
[116.966s][info][gc,heap        ] GC(625) Old regions: 85->85
[116.966s][info][gc,heap        ] GC(625) Archive regions: 0->0
[116.966s][info][gc,heap        ] GC(625) Humongous regions: 1285->1285
[116.966s][info][gc,metaspace   ] GC(625) Metaspace: 127286K(129344K)->127286K(129344K) NonClass: 108258K(108928K)->108258K(108928K) Class: 19027K(20416K)->19027K(20416K)
[116.966s][info][gc             ] GC(625) Pause Young (Concurrent Start) (G1 Humongous Allocation) 1559M->1368M(2048M) 3.468ms
[116.966s][info][gc             ] GC(626) Concurrent Mark Cycle
[116.966s][info][gc,cpu         ] GC(625) User=0.50s Sys=0.02s Real=0.01s
[116.966s][info][gc,marking     ] GC(626) Concurrent Scan Root Regions
[116.969s][info][gc,marking     ] GC(626) Concurrent Scan Root Regions 2.984ms
[116.969s][info][gc,marking     ] GC(626) Concurrent Mark
[116.969s][info][gc,marking     ] GC(626) Concurrent Mark From Roots
[116.969s][info][gc,task        ] GC(626) Using 8 workers of 8 for marking
[116.989s][info][gc,marking     ] GC(626) Concurrent Mark From Roots 20.221ms
[116.989s][info][gc,marking     ] GC(626) Concurrent Preclean
[116.990s][info][gc,marking     ] GC(626) Concurrent Preclean 0.310ms
[116.990s][info][gc,start       ] GC(626) Pause Remark
[116.993s][info][gc             ] GC(626) Pause Remark 1523M->1523M(2048M) 2.867ms
[116.993s][info][gc,cpu         ] GC(626) User=0.00s Sys=0.00s Real=0.00s
[116.993s][info][gc,marking     ] GC(626) Concurrent Mark 23.774ms
[116.993s][info][gc,marking     ] GC(626) Concurrent Rebuild Remembered Sets and Scrub Regions
[116.999s][info][gc,marking     ] GC(626) Concurrent Rebuild Remembered Sets and Scrub Regions 6.334ms
[116.999s][info][gc,start       ] GC(626) Pause Cleanup
[117.000s][info][gc             ] GC(626) Pause Cleanup 1569M->1569M(2048M) 0.381ms
[117.000s][info][gc,cpu         ] GC(626) User=0.00s Sys=0.00s Real=0.00s
[117.000s][info][gc,marking     ] GC(626) Concurrent Clear Claimed Marks
[117.000s][info][gc,marking     ] GC(626) Concurrent Clear Claimed Marks 0.133ms
[117.000s][info][gc,marking     ] GC(626) Concurrent Cleanup for Next Mark
[117.002s][info][gc,marking     ] GC(626) Concurrent Cleanup for Next Mark 1.752ms
[117.002s][info][gc             ] GC(626) Concurrent Mark Cycle 35.887ms
[117.043s][info][gc,start       ] GC(627) Pause Young (Prepare Mixed) (G1 Evacuation Pause)
[117.043s][info][gc,task        ] GC(627) Using 33 workers of 33 for evacuation
[117.046s][info][gc,phases      ] GC(627)   Pre Evacuate Collection Set: 0.3ms
[117.046s][info][gc,phases      ] GC(627)   Merge Heap Roots: 0.8ms
[117.046s][info][gc,phases      ] GC(627)   Evacuate Collection Set: 0.8ms
[117.046s][info][gc,phases      ] GC(627)   Post Evacuate Collection Set: 1.0ms
[117.046s][info][gc,phases      ] GC(627)   Other: 0.2ms
[117.046s][info][gc,heap        ] GC(627) Eden regions: 571->0(572)
[117.046s][info][gc,heap        ] GC(627) Survivor regions: 2->3(72)
[117.046s][info][gc,heap        ] GC(627) Old regions: 85->85
[117.046s][info][gc,heap        ] GC(627) Archive regions: 0->0
[117.046s][info][gc,heap        ] GC(627) Humongous regions: 1308->1282
[117.047s][info][gc,metaspace   ] GC(627) Metaspace: 127287K(129344K)->127287K(129344K) NonClass: 108260K(108928K)->108260K(108928K) Class: 19027K(20416K)->19027K(20416K)
[117.047s][info][gc             ] GC(627) Pause Young (Prepare Mixed) (G1 Evacuation Pause) 1962M->1366M(2048M) 3.574ms
[117.047s][info][gc,cpu         ] GC(627) User=0.00s Sys=0.00s Real=0.00s
[117.091s][info][gc,start       ] GC(628) Pause Young (Mixed) (G1 Evacuation Pause)
[117.091s][info][gc,task        ] GC(628) Using 33 workers of 33 for evacuation
[117.094s][info][gc,phases      ] GC(628)   Pre Evacuate Collection Set: 0.3ms
[117.094s][info][gc,phases      ] GC(628)   Merge Heap Roots: 0.3ms
[117.094s][info][gc,phases      ] GC(628)   Evacuate Collection Set: 1.4ms
[117.094s][info][gc,phases      ] GC(628)   Post Evacuate Collection Set: 0.7ms
[117.094s][info][gc,phases      ] GC(628)   Other: 0.1ms
[117.094s][info][gc,heap        ] GC(628) Eden regions: 572->0(584)
[117.094s][info][gc,heap        ] GC(628) Survivor regions: 3->2(65)
[117.094s][info][gc,heap        ] GC(628) Old regions: 85->79
[117.094s][info][gc,heap        ] GC(628) Archive regions: 0->0
[117.094s][info][gc,heap        ] GC(628) Humongous regions: 1323->1278
[117.094s][info][gc,metaspace   ] GC(628) Metaspace: 127304K(129408K)->127304K(129408K) NonClass: 108276K(108992K)->108276K(108992K) Class: 19027K(20416K)->19027K(20416K)
[117.094s][info][gc             ] GC(628) Pause Young (Mixed) (G1 Evacuation Pause) 1979M->1355M(2048M) 2.965ms
[117.094s][info][gc,cpu         ] GC(628) User=0.00s Sys=0.00s Real=0.00s
[117.096s][info][gc,start       ] GC(629) Pause Young (Concurrent Start) (G1 Humongous Allocation)
[117.096s][info][gc,task        ] GC(629) Using 33 workers of 33 for evacuation
[117.099s][info][gc,phases      ] GC(629)   Pre Evacuate Collection Set: 0.4ms
[117.099s][info][gc,phases      ] GC(629)   Merge Heap Roots: 0.1ms
[117.099s][info][gc,phases      ] GC(629)   Evacuate Collection Set: 1.7ms
[117.099s][info][gc,phases      ] GC(629)   Post Evacuate Collection Set: 0.5ms
[117.099s][info][gc,phases      ] GC(629)   Other: 0.0ms
[117.099s][info][gc,heap        ] GC(629) Eden regions: 24->0(584)
[117.099s][info][gc,heap        ] GC(629) Survivor regions: 2->2(74)
[117.099s][info][gc,heap        ] GC(629) Old regions: 79->79
[117.099s][info][gc,heap        ] GC(629) Archive regions: 0->0
[117.099s][info][gc,heap        ] GC(629) Humongous regions: 1278->1278
[117.099s][info][gc,metaspace   ] GC(629) Metaspace: 127304K(129408K)->127304K(129408K) NonClass: 108276K(108992K)->108276K(108992K) Class: 19027K(20416K)->19027K(20416K)
[117.099s][info][gc             ] GC(629) Pause Young (Concurrent Start) (G1 Humongous Allocation) 1379M->1355M(2048M) 2.929ms
[117.099s][info][gc             ] GC(630) Concurrent Mark Cycle
[117.099s][info][gc,cpu         ] GC(629) User=0.00s Sys=0.00s Real=0.00s
[117.099s][info][gc,marking     ] GC(630) Concurrent Scan Root Regions
[117.102s][info][gc,marking     ] GC(630) Concurrent Scan Root Regions 3.322ms
[117.102s][info][gc,marking     ] GC(630) Concurrent Mark
[117.102s][info][gc,marking     ] GC(630) Concurrent Mark From Roots
[117.102s][info][gc,task        ] GC(630) Using 8 workers of 8 for marking
[117.124s][info][gc,marking     ] GC(630) Concurrent Mark From Roots 21.312ms
[117.124s][info][gc,marking     ] GC(630) Concurrent Preclean
[117.124s][info][gc,marking     ] GC(630) Concurrent Preclean 0.542ms
[117.124s][info][gc,start       ] GC(630) Pause Remark
[117.127s][info][gc             ] GC(630) Pause Remark 1679M->1679M(2048M) 2.812ms
[117.127s][info][gc,cpu         ] GC(630) User=0.00s Sys=0.00s Real=0.00s
[117.127s][info][gc,marking     ] GC(630) Concurrent Mark 25.085ms
[117.127s][info][gc,marking     ] GC(630) Concurrent Rebuild Remembered Sets and Scrub Regions
[117.134s][info][gc,marking     ] GC(630) Concurrent Rebuild Remembered Sets and Scrub Regions 6.373ms
[117.134s][info][gc,start       ] GC(630) Pause Cleanup
[117.134s][info][gc             ] GC(630) Pause Cleanup 1748M->1748M(2048M) 0.390ms
[117.134s][info][gc,cpu         ] GC(630) User=0.00s Sys=0.00s Real=0.00s
[117.134s][info][gc,marking     ] GC(630) Concurrent Clear Claimed Marks
[117.135s][info][gc,marking     ] GC(630) Concurrent Clear Claimed Marks 0.169ms
[117.135s][info][gc,marking     ] GC(630) Concurrent Cleanup for Next Mark
[117.137s][info][gc,marking     ] GC(630) Concurrent Cleanup for Next Mark 1.981ms
[117.137s][info][gc             ] GC(630) Concurrent Mark Cycle 37.810ms
[117.152s][info][gc,start       ] GC(631) Pause Young (Prepare Mixed) (G1 Evacuation Pause)
[117.152s][info][gc,task        ] GC(631) Using 33 workers of 33 for evacuation
[117.155s][info][gc,phases      ] GC(631)   Pre Evacuate Collection Set: 0.3ms
[117.155s][info][gc,phases      ] GC(631)   Merge Heap Roots: 0.8ms
[117.155s][info][gc,phases      ] GC(631)   Evacuate Collection Set: 0.8ms
[117.155s][info][gc,phases      ] GC(631)   Post Evacuate Collection Set: 0.8ms
[117.155s][info][gc,phases      ] GC(631)   Other: 0.1ms
[117.155s][info][gc,heap        ] GC(631) Eden regions: 584->0(607)
[117.155s][info][gc,heap        ] GC(631) Survivor regions: 2->2(72)
[117.155s][info][gc,heap        ] GC(631) Old regions: 79->79
[117.155s][info][gc,heap        ] GC(631) Archive regions: 0->0
[117.155s][info][gc,heap        ] GC(631) Humongous regions: 1311->1255
[117.155s][info][gc,metaspace   ] GC(631) Metaspace: 127304K(129408K)->127304K(129408K) NonClass: 108276K(108992K)->108276K(108992K) Class: 19027K(20416K)->19027K(20416K)
[117.155s][info][gc             ] GC(631) Pause Young (Prepare Mixed) (G1 Evacuation Pause) 1972M->1332M(2048M) 3.033ms
[117.155s][info][gc,cpu         ] GC(631) User=0.00s Sys=0.00s Real=0.00s
[117.210s][info][gc,start       ] GC(632) Pause Young (Mixed) (G1 Evacuation Pause)
[117.210s][info][gc,task        ] GC(632) Using 33 workers of 33 for evacuation
[117.213s][info][gc,phases      ] GC(632)   Pre Evacuate Collection Set: 0.3ms
[117.213s][info][gc,phases      ] GC(632)   Merge Heap Roots: 0.3ms
[117.213s][info][gc,phases      ] GC(632)   Evacuate Collection Set: 1.4ms
[117.213s][info][gc,phases      ] GC(632)   Post Evacuate Collection Set: 0.9ms
[117.213s][info][gc,phases      ] GC(632)   Other: 0.2ms
[117.213s][info][gc,heap        ] GC(632) Eden regions: 607->0(622)
[117.213s][info][gc,heap        ] GC(632) Survivor regions: 2->2(74)
[117.213s][info][gc,heap        ] GC(632) Old regions: 79->74
[117.213s][info][gc,heap        ] GC(632) Archive regions: 0->0
[117.213s][info][gc,heap        ] GC(632) Humongous regions: 1286->1245
[117.213s][info][gc,metaspace   ] GC(632) Metaspace: 127304K(129408K)->127304K(129408K) NonClass: 108276K(108992K)->108276K(108992K) Class: 19027K(20416K)->19027K(20416K)
[117.213s][info][gc             ] GC(632) Pause Young (Mixed) (G1 Evacuation Pause) 1970M->1317M(2048M) 3.637ms
[117.213s][info][gc,cpu         ] GC(632) User=0.00s Sys=0.00s Real=0.00s
[117.216s][info][gc,start       ] GC(633) Pause Young (Concurrent Start) (G1 Humongous Allocation)
[117.216s][info][gc,task        ] GC(633) Using 33 workers of 33 for evacuation
[117.219s][info][gc,phases      ] GC(633)   Pre Evacuate Collection Set: 0.5ms
[117.219s][info][gc,phases      ] GC(633)   Merge Heap Roots: 0.1ms
[117.219s][info][gc,phases      ] GC(633)   Evacuate Collection Set: 1.3ms
[117.219s][info][gc,phases      ] GC(633)   Post Evacuate Collection Set: 0.7ms
[117.219s][info][gc,phases      ] GC(633)   Other: 0.1ms
[117.219s][info][gc,heap        ] GC(633) Eden regions: 30->0(622)
[117.219s][info][gc,heap        ] GC(633) Survivor regions: 2->2(78)
[117.219s][info][gc,heap        ] GC(633) Old regions: 74->74
[117.219s][info][gc,heap        ] GC(633) Archive regions: 0->0
[117.219s][info][gc,heap        ] GC(633) Humongous regions: 1245->1245
[117.219s][info][gc,metaspace   ] GC(633) Metaspace: 127304K(129408K)->127304K(129408K) NonClass: 108276K(108992K)->108276K(108992K) Class: 19027K(20416K)->19027K(20416K)
[117.219s][info][gc             ] GC(633) Pause Young (Concurrent Start) (G1 Humongous Allocation) 1347M->1317M(2048M) 3.106ms
[117.219s][info][gc             ] GC(634) Concurrent Mark Cycle
[117.219s][info][gc,cpu         ] GC(633) User=0.00s Sys=0.00s Real=0.00s
[117.219s][info][gc,marking     ] GC(634) Concurrent Scan Root Regions
[117.223s][info][gc,marking     ] GC(634) Concurrent Scan Root Regions 3.098ms
[117.223s][info][gc,marking     ] GC(634) Concurrent Mark
[117.223s][info][gc,marking     ] GC(634) Concurrent Mark From Roots
[117.223s][info][gc,task        ] GC(634) Using 8 workers of 8 for marking
[117.241s][info][gc,marking     ] GC(634) Concurrent Mark From Roots 18.004ms
[117.241s][info][gc,marking     ] GC(634) Concurrent Preclean
[117.241s][info][gc,marking     ] GC(634) Concurrent Preclean 0.463ms
[117.241s][info][gc,start       ] GC(634) Pause Remark
[117.244s][info][gc             ] GC(634) Pause Remark 1495M->1406M(2048M) 3.062ms
[117.245s][info][gc,cpu         ] GC(634) User=0.00s Sys=0.00s Real=0.00s
[117.245s][info][gc,marking     ] GC(634) Concurrent Mark 21.962ms
[117.245s][info][gc,marking     ] GC(634) Concurrent Rebuild Remembered Sets and Scrub Regions
[117.251s][info][gc,marking     ] GC(634) Concurrent Rebuild Remembered Sets and Scrub Regions 6.373ms
[117.251s][info][gc,start       ] GC(634) Pause Cleanup
[117.252s][info][gc             ] GC(634) Pause Cleanup 1470M->1470M(2048M) 0.415ms
[117.252s][info][gc,cpu         ] GC(634) User=0.00s Sys=0.00s Real=0.00s
[117.252s][info][gc,marking     ] GC(634) Concurrent Clear Claimed Marks
[117.252s][info][gc,marking     ] GC(634) Concurrent Clear Claimed Marks 0.143ms
[117.252s][info][gc,marking     ] GC(634) Concurrent Cleanup for Next Mark
[117.254s][info][gc,marking     ] GC(634) Concurrent Cleanup for Next Mark 1.943ms
[117.254s][info][gc             ] GC(634) Concurrent Mark Cycle 34.468ms
[117.289s][info][gc,start       ] GC(635) Pause Young (Prepare Mixed) (G1 Evacuation Pause)
[117.289s][info][gc,task        ] GC(635) Using 33 workers of 33 for evacuation
[117.292s][info][gc,phases      ] GC(635)   Pre Evacuate Collection Set: 0.3ms
[117.292s][info][gc,phases      ] GC(635)   Merge Heap Roots: 0.8ms
[117.292s][info][gc,phases      ] GC(635)   Evacuate Collection Set: 0.9ms
[117.292s][info][gc,phases      ] GC(635)   Post Evacuate Collection Set: 0.7ms
[117.292s][info][gc,phases      ] GC(635)   Other: 0.1ms
[117.292s][info][gc,heap        ] GC(635) Eden regions: 622->0(705)
[117.292s][info][gc,heap        ] GC(635) Survivor regions: 2->2(78)
[117.292s][info][gc,heap        ] GC(635) Old regions: 73->73
[117.292s][info][gc,heap        ] GC(635) Archive regions: 0->0
[117.292s][info][gc,heap        ] GC(635) Humongous regions: 1192->1163
[117.292s][info][gc,metaspace   ] GC(635) Metaspace: 127304K(129408K)->127304K(129408K) NonClass: 108276K(108992K)->108276K(108992K) Class: 19027K(20416K)->19027K(20416K)
[117.292s][info][gc             ] GC(635) Pause Young (Prepare Mixed) (G1 Evacuation Pause) 1885M->1234M(2048M) 3.027ms
[117.292s][info][gc,cpu         ] GC(635) User=0.00s Sys=0.00s Real=0.00s
[117.806s][info][gc,start       ] GC(636) Pause Full (System.gc())
[117.806s][info][gc,task        ] GC(636) Using 33 workers of 33 for full compaction
[117.808s][info][gc,phases,start] GC(636) Phase 1: Mark live objects
[117.848s][info][gc,phases      ] GC(636) Phase 1: Mark live objects 40.035ms
[117.848s][info][gc,phases,start] GC(636) Phase 2: Prepare compaction
[117.851s][info][gc,phases      ] GC(636) Phase 2: Prepare compaction 3.191ms
[117.851s][info][gc,phases,start] GC(636) Phase 3: Adjust pointers
[117.862s][info][gc,phases      ] GC(636) Phase 3: Adjust pointers 10.353ms
[117.862s][info][gc,phases,start] GC(636) Phase 4: Compact heap
[117.863s][info][gc,phases      ] GC(636) Phase 4: Compact heap 0.800ms
[117.878s][info][gc,heap        ] GC(636) Eden regions: 491->0(868)
[117.878s][info][gc,heap        ] GC(636) Survivor regions: 2->0(78)
[117.878s][info][gc,heap        ] GC(636) Old regions: 73->69
[117.878s][info][gc,heap        ] GC(636) Archive regions: 0->0
[117.878s][info][gc,heap        ] GC(636) Humongous regions: 1191->1008
[117.878s][info][gc,metaspace   ] GC(636) Metaspace: 127359K(129472K)->127359K(129472K) NonClass: 108330K(109056K)->108330K(109056K) Class: 19029K(20416K)->19029K(20416K)
[117.878s][info][gc             ] GC(636) Pause Full (System.gc()) 1753M->1053M(2048M) 71.547ms
[117.878s][info][gc,cpu         ] GC(636) User=1.58s Sys=0.00s Real=0.08s
[117.959s][info][gc,start       ] GC(637) Pause Young (Concurrent Start) (G1 Humongous Allocation)
[117.959s][info][gc,task        ] GC(637) Using 33 workers of 33 for evacuation
[117.962s][info][gc,phases      ] GC(637)   Pre Evacuate Collection Set: 0.6ms
[117.963s][info][gc,phases      ] GC(637)   Merge Heap Roots: 0.1ms
[117.963s][info][gc,phases      ] GC(637)   Evacuate Collection Set: 2.0ms
[117.963s][info][gc,phases      ] GC(637)   Post Evacuate Collection Set: 0.9ms
[117.963s][info][gc,phases      ] GC(637)   Other: 0.1ms
[117.963s][info][gc,heap        ] GC(637) Eden regions: 10->0(866)
[117.963s][info][gc,heap        ] GC(637) Survivor regions: 0->1(109)
[117.963s][info][gc,heap        ] GC(637) Old regions: 69->69
[117.963s][info][gc,heap        ] GC(637) Archive regions: 0->0
[117.963s][info][gc,heap        ] GC(637) Humongous regions: 1008->1008
[117.963s][info][gc,metaspace   ] GC(637) Metaspace: 127504K(129600K)->127504K(129600K) NonClass: 108474K(109184K)->108474K(109184K) Class: 19029K(20416K)->19029K(20416K)
[117.963s][info][gc             ] GC(637) Pause Young (Concurrent Start) (G1 Humongous Allocation) 1063M->1054M(2048M) 4.245ms
[117.963s][info][gc             ] GC(638) Concurrent Mark Cycle
[117.963s][info][gc,cpu         ] GC(637) User=0.00s Sys=0.00s Real=0.00s
[117.963s][info][gc,marking     ] GC(638) Concurrent Scan Root Regions
[117.967s][info][gc,marking     ] GC(638) Concurrent Scan Root Regions 4.131ms
[117.967s][info][gc,marking     ] GC(638) Concurrent Mark
[117.967s][info][gc,marking     ] GC(638) Concurrent Mark From Roots
[117.967s][info][gc,task        ] GC(638) Using 8 workers of 8 for marking
[117.995s][info][gc,marking     ] GC(638) Concurrent Mark From Roots 27.817ms
[117.995s][info][gc,marking     ] GC(638) Concurrent Preclean
[117.996s][info][gc,marking     ] GC(638) Concurrent Preclean 0.849ms
[117.996s][info][gc,start       ] GC(638) Pause Remark
[118.000s][info][gc             ] GC(638) Pause Remark 1154M->1154M(2048M) 3.683ms
[118.000s][info][gc,cpu         ] GC(638) User=0.00s Sys=0.00s Real=0.00s
[118.000s][info][gc,marking     ] GC(638) Concurrent Mark 33.033ms
[118.000s][info][gc,marking     ] GC(638) Concurrent Rebuild Remembered Sets and Scrub Regions
[118.015s][info][gc,marking     ] GC(638) Concurrent Rebuild Remembered Sets and Scrub Regions 14.576ms
[118.015s][info][gc,start       ] GC(638) Pause Cleanup
[118.016s][info][gc             ] GC(638) Pause Cleanup 1346M->1346M(2048M) 0.531ms
[118.016s][info][gc,cpu         ] GC(638) User=0.00s Sys=0.00s Real=0.00s
[118.016s][info][gc,marking     ] GC(638) Concurrent Clear Claimed Marks
[118.017s][info][gc,marking     ] GC(638) Concurrent Clear Claimed Marks 0.718ms
[118.017s][info][gc,marking     ] GC(638) Concurrent Cleanup for Next Mark
[118.024s][info][gc,marking     ] GC(638) Concurrent Cleanup for Next Mark 7.124ms
[118.024s][info][gc             ] GC(638) Concurrent Mark Cycle 61.486ms
[118.061s][info][gc,start       ] GC(639) Pause Young (Prepare Mixed) (G1 Evacuation Pause)
[118.061s][info][gc,task        ] GC(639) Using 33 workers of 33 for evacuation
[118.065s][info][gc,phases      ] GC(639)   Pre Evacuate Collection Set: 0.3ms
[118.065s][info][gc,phases      ] GC(639)   Merge Heap Roots: 0.8ms
[118.065s][info][gc,phases      ] GC(639)   Evacuate Collection Set: 1.6ms
[118.065s][info][gc,phases      ] GC(639)   Post Evacuate Collection Set: 0.9ms
[118.065s][info][gc,phases      ] GC(639)   Other: 0.1ms
[118.065s][info][gc,heap        ] GC(639) Eden regions: 866->0(844)
[118.065s][info][gc,heap        ] GC(639) Survivor regions: 1->12(99)
[118.065s][info][gc,heap        ] GC(639) Old regions: 69->69
[118.065s][info][gc,heap        ] GC(639) Archive regions: 0->0
[118.065s][info][gc,heap        ] GC(639) Humongous regions: 1013->1008
[118.065s][info][gc,metaspace   ] GC(639) Metaspace: 127630K(129728K)->127630K(129728K) NonClass: 108597K(109312K)->108597K(109312K) Class: 19033K(20416K)->19033K(20416K)
[118.065s][info][gc             ] GC(639) Pause Young (Prepare Mixed) (G1 Evacuation Pause) 1925M->1065M(2048M) 3.962ms
[118.065s][info][gc,cpu         ] GC(639) User=0.00s Sys=0.00s Real=0.00s
[118.126s][info][gc,start       ] GC(640) Pause Young (Mixed) (G1 Evacuation Pause)
[118.126s][info][gc,task        ] GC(640) Using 33 workers of 33 for evacuation
[118.129s][info][gc,phases      ] GC(640)   Pre Evacuate Collection Set: 0.3ms
[118.129s][info][gc,phases      ] GC(640)   Merge Heap Roots: 0.3ms
[118.129s][info][gc,phases      ] GC(640)   Evacuate Collection Set: 1.9ms
[118.129s][info][gc,phases      ] GC(640)   Post Evacuate Collection Set: 0.8ms
[118.129s][info][gc,phases      ] GC(640)   Other: 0.2ms
[118.129s][info][gc,heap        ] GC(640) Eden regions: 844->0(838)
[118.129s][info][gc,heap        ] GC(640) Survivor regions: 12->12(106)
[118.129s][info][gc,heap        ] GC(640) Old regions: 69->66
[118.129s][info][gc,heap        ] GC(640) Archive regions: 0->0
[118.129s][info][gc,heap        ] GC(640) Humongous regions: 1017->1017
[118.129s][info][gc,metaspace   ] GC(640) Metaspace: 127644K(129728K)->127644K(129728K) NonClass: 108610K(109312K)->108610K(109312K) Class: 19033K(20416K)->19033K(20416K)
[118.129s][info][gc             ] GC(640) Pause Young (Mixed) (G1 Evacuation Pause) 1918M->1074M(2048M) 3.714ms
[118.129s][info][gc,cpu         ] GC(640) User=0.00s Sys=0.00s Real=0.00s
[118.139s][info][gc,start       ] GC(641) Pause Young (Concurrent Start) (G1 Humongous Allocation)
[118.139s][info][gc,task        ] GC(641) Using 33 workers of 33 for evacuation
[118.142s][info][gc,phases      ] GC(641)   Pre Evacuate Collection Set: 0.4ms
[118.142s][info][gc,phases      ] GC(641)   Merge Heap Roots: 0.1ms
[118.142s][info][gc,phases      ] GC(641)   Evacuate Collection Set: 2.0ms
[118.142s][info][gc,phases      ] GC(641)   Post Evacuate Collection Set: 0.6ms
[118.142s][info][gc,phases      ] GC(641)   Other: 0.1ms
[118.142s][info][gc,heap        ] GC(641) Eden regions: 139->0(840)
[118.142s][info][gc,heap        ] GC(641) Survivor regions: 12->11(107)
[118.142s][info][gc,heap        ] GC(641) Old regions: 66->66
[118.142s][info][gc,heap        ] GC(641) Archive regions: 0->0
[118.142s][info][gc,heap        ] GC(641) Humongous regions: 1017->1017
[118.142s][info][gc,metaspace   ] GC(641) Metaspace: 127644K(129728K)->127644K(129728K) NonClass: 108610K(109312K)->108610K(109312K) Class: 19033K(20416K)->19033K(20416K)
[118.142s][info][gc             ] GC(641) Pause Young (Concurrent Start) (G1 Humongous Allocation) 1213M->1073M(2048M) 3.485ms
[118.142s][info][gc             ] GC(642) Concurrent Mark Cycle
[118.142s][info][gc,cpu         ] GC(641) User=0.00s Sys=0.00s Real=0.00s
[118.142s][info][gc,marking     ] GC(642) Concurrent Scan Root Regions
[118.160s][info][gc,marking     ] GC(642) Concurrent Scan Root Regions 17.696ms
[118.160s][info][gc,marking     ] GC(642) Concurrent Mark
[118.161s][info][gc,marking     ] GC(642) Concurrent Mark From Roots
[118.161s][info][gc,task        ] GC(642) Using 8 workers of 8 for marking
[118.204s][info][gc,start       ] GC(643) Pause Young (Normal) (G1 Evacuation Pause)
[118.204s][info][gc,task        ] GC(643) Using 33 workers of 33 for evacuation
[118.207s][info][gc,phases      ] GC(643)   Pre Evacuate Collection Set: 0.3ms
[118.207s][info][gc,phases      ] GC(643)   Merge Heap Roots: 0.3ms
[118.207s][info][gc,phases      ] GC(643)   Evacuate Collection Set: 1.3ms
[118.207s][info][gc,phases      ] GC(643)   Post Evacuate Collection Set: 0.8ms
[118.207s][info][gc,phases      ] GC(643)   Other: 0.1ms
[118.207s][info][gc,heap        ] GC(643) Eden regions: 840->0(828)
[118.207s][info][gc,heap        ] GC(643) Survivor regions: 11->11(92)
[118.207s][info][gc,heap        ] GC(643) Old regions: 66->66
[118.207s][info][gc,heap        ] GC(643) Archive regions: 0->0
[118.207s][info][gc,heap        ] GC(643) Humongous regions: 1039->1029
[118.207s][info][gc,metaspace   ] GC(643) Metaspace: 127644K(129728K)->127644K(129728K) NonClass: 108610K(109312K)->108610K(109312K) Class: 19033K(20416K)->19033K(20416K)
[118.207s][info][gc             ] GC(643) Pause Young (Normal) (G1 Evacuation Pause) 1935M->1085M(2048M) 3.029ms
[118.207s][info][gc,cpu         ] GC(643) User=0.52s Sys=0.00s Real=0.01s
[118.218s][info][gc,marking     ] GC(642) Concurrent Mark From Roots 57.074ms
[118.218s][info][gc,marking     ] GC(642) Concurrent Preclean
[118.221s][info][gc,marking     ] GC(642) Concurrent Preclean 2.784ms
[118.222s][info][gc,start       ] GC(642) Pause Remark
[118.225s][info][gc             ] GC(642) Pause Remark 1301M->1301M(2048M) 3.113ms
[118.225s][info][gc,cpu         ] GC(642) User=0.50s Sys=0.02s Real=0.02s
[118.225s][info][gc,marking     ] GC(642) Concurrent Mark 64.665ms
[118.225s][info][gc,marking     ] GC(642) Concurrent Rebuild Remembered Sets and Scrub Regions
[118.245s][info][gc,marking     ] GC(642) Concurrent Rebuild Remembered Sets and Scrub Regions 19.961ms
[118.246s][info][gc,start       ] GC(642) Pause Cleanup
[118.285s][info][gc             ] GC(642) Pause Cleanup 1601M->1601M(2048M) 38.715ms
[118.297s][info][gc,cpu         ] GC(642) User=0.00s Sys=0.00s Real=0.05s
[118.297s][info][gc,marking     ] GC(642) Concurrent Clear Claimed Marks
[118.297s][info][gc,marking     ] GC(642) Concurrent Clear Claimed Marks 0.361ms
[118.297s][info][gc,marking     ] GC(642) Concurrent Cleanup for Next Mark
[118.303s][info][gc,marking     ] GC(642) Concurrent Cleanup for Next Mark 5.520ms
[118.303s][info][gc             ] GC(642) Concurrent Mark Cycle 160.681ms
[118.322s][info][gc,start       ] GC(644) Pause Young (Prepare Mixed) (G1 Evacuation Pause)
[118.322s][info][gc,task        ] GC(644) Using 33 workers of 33 for evacuation
[118.325s][info][gc,phases      ] GC(644)   Pre Evacuate Collection Set: 0.3ms
[118.325s][info][gc,phases      ] GC(644)   Merge Heap Roots: 0.9ms
[118.325s][info][gc,phases      ] GC(644)   Evacuate Collection Set: 1.3ms
[118.325s][info][gc,phases      ] GC(644)   Post Evacuate Collection Set: 0.9ms
[118.325s][info][gc,phases      ] GC(644)   Other: 0.2ms
[118.325s][info][gc,heap        ] GC(644) Eden regions: 828->0(820)
[118.325s][info][gc,heap        ] GC(644) Survivor regions: 11->10(95)
[118.325s][info][gc,heap        ] GC(644) Old regions: 66->66
[118.325s][info][gc,heap        ] GC(644) Archive regions: 0->0
[118.325s][info][gc,heap        ] GC(644) Humongous regions: 1048->1039
[118.325s][info][gc,metaspace   ] GC(644) Metaspace: 127644K(129728K)->127644K(129728K) NonClass: 108610K(109312K)->108610K(109312K) Class: 19033K(20416K)->19033K(20416K)
[118.326s][info][gc             ] GC(644) Pause Young (Prepare Mixed) (G1 Evacuation Pause) 1932M->1094M(2048M) 3.856ms
[118.326s][info][gc,cpu         ] GC(644) User=0.00s Sys=0.00s Real=0.00s
[118.384s][info][gc,start       ] GC(645) Pause Young (Mixed) (G1 Evacuation Pause)
[118.384s][info][gc,task        ] GC(645) Using 33 workers of 33 for evacuation
[118.388s][info][gc,phases      ] GC(645)   Pre Evacuate Collection Set: 0.3ms
[118.388s][info][gc,phases      ] GC(645)   Merge Heap Roots: 0.3ms
[118.388s][info][gc,phases      ] GC(645)   Evacuate Collection Set: 1.7ms
[118.388s][info][gc,phases      ] GC(645)   Post Evacuate Collection Set: 0.8ms
[118.388s][info][gc,phases      ] GC(645)   Other: 0.1ms
[118.388s][info][gc,heap        ] GC(645) Eden regions: 820->0(808)
[118.388s][info][gc,heap        ] GC(645) Survivor regions: 10->10(83)
[118.388s][info][gc,heap        ] GC(645) Old regions: 66->63
[118.388s][info][gc,heap        ] GC(645) Archive regions: 0->0
[118.388s][info][gc,heap        ] GC(645) Humongous regions: 1069->1054
[118.388s][info][gc,metaspace   ] GC(645) Metaspace: 127644K(129728K)->127644K(129728K) NonClass: 108610K(109312K)->108610K(109312K) Class: 19033K(20416K)->19033K(20416K)
[118.388s][info][gc             ] GC(645) Pause Young (Mixed) (G1 Evacuation Pause) 1944M->1109M(2048M) 3.397ms
[118.388s][info][gc,cpu         ] GC(645) User=0.00s Sys=0.00s Real=0.00s
[118.444s][info][gc,start       ] GC(646) Pause Young (Concurrent Start) (G1 Evacuation Pause)
[118.444s][info][gc,task        ] GC(646) Using 33 workers of 33 for evacuation
[118.448s][info][gc,phases      ] GC(646)   Pre Evacuate Collection Set: 0.5ms
[118.448s][info][gc,phases      ] GC(646)   Merge Heap Roots: 0.3ms
[118.448s][info][gc,phases      ] GC(646)   Evacuate Collection Set: 1.9ms
[118.448s][info][gc,phases      ] GC(646)   Post Evacuate Collection Set: 0.8ms
[118.448s][info][gc,phases      ] GC(646)   Other: 0.1ms
[118.448s][info][gc,heap        ] GC(646) Eden regions: 808->0(808)
[118.448s][info][gc,heap        ] GC(646) Survivor regions: 10->10(103)
[118.448s][info][gc,heap        ] GC(646) Old regions: 63->63
[118.448s][info][gc,heap        ] GC(646) Archive regions: 0->0
[118.448s][info][gc,heap        ] GC(646) Humongous regions: 1054->1054
[118.448s][info][gc,metaspace   ] GC(646) Metaspace: 127644K(129728K)->127644K(129728K) NonClass: 108610K(109312K)->108610K(109312K) Class: 19033K(20416K)->19033K(20416K)
[118.448s][info][gc             ] GC(646) Pause Young (Concurrent Start) (G1 Evacuation Pause) 1917M->1109M(2048M) 3.790ms
[118.448s][info][gc             ] GC(647) Concurrent Mark Cycle
[118.448s][info][gc,cpu         ] GC(646) User=0.00s Sys=0.00s Real=0.00s
[118.448s][info][gc,marking     ] GC(647) Concurrent Scan Root Regions
[118.467s][info][gc,marking     ] GC(647) Concurrent Scan Root Regions 18.921ms
[118.467s][info][gc,marking     ] GC(647) Concurrent Mark
[118.467s][info][gc,marking     ] GC(647) Concurrent Mark From Roots
[118.467s][info][gc,task        ] GC(647) Using 8 workers of 8 for marking
[118.507s][info][gc,start       ] GC(648) Pause Young (Normal) (G1 Evacuation Pause)
[118.507s][info][gc,task        ] GC(648) Using 33 workers of 33 for evacuation
[118.510s][info][gc,phases      ] GC(648)   Pre Evacuate Collection Set: 0.3ms
[118.510s][info][gc,phases      ] GC(648)   Merge Heap Roots: 0.3ms
[118.510s][info][gc,phases      ] GC(648)   Evacuate Collection Set: 1.3ms
[118.510s][info][gc,phases      ] GC(648)   Post Evacuate Collection Set: 0.8ms
[118.510s][info][gc,phases      ] GC(648)   Other: 0.1ms
[118.510s][info][gc,heap        ] GC(648) Eden regions: 808->0(800)
[118.510s][info][gc,heap        ] GC(648) Survivor regions: 10->10(95)
[118.510s][info][gc,heap        ] GC(648) Old regions: 63->63
[118.510s][info][gc,heap        ] GC(648) Archive regions: 0->0
[118.510s][info][gc,heap        ] GC(648) Humongous regions: 1072->1062
[118.510s][info][gc,metaspace   ] GC(648) Metaspace: 127644K(129728K)->127644K(129728K) NonClass: 108610K(109312K)->108610K(109312K) Class: 19033K(20416K)->19033K(20416K)
[118.510s][info][gc             ] GC(648) Pause Young (Normal) (G1 Evacuation Pause) 1935M->1117M(2048M) 2.865ms
[118.510s][info][gc,cpu         ] GC(648) User=0.00s Sys=0.00s Real=0.00s
[118.520s][info][gc,marking     ] GC(647) Concurrent Mark From Roots 52.308ms
[118.520s][info][gc,marking     ] GC(647) Concurrent Preclean
[118.523s][info][gc,marking     ] GC(647) Concurrent Preclean 2.705ms
[118.526s][info][gc,start       ] GC(647) Pause Remark
[118.529s][info][gc             ] GC(647) Pause Remark 1320M->1320M(2048M) 3.085ms
[118.530s][info][gc,cpu         ] GC(647) User=0.00s Sys=0.00s Real=0.00s
[118.530s][info][gc,marking     ] GC(647) Concurrent Mark 62.350ms
[118.530s][info][gc,marking     ] GC(647) Concurrent Rebuild Remembered Sets and Scrub Regions
[118.552s][info][gc,marking     ] GC(647) Concurrent Rebuild Remembered Sets and Scrub Regions 22.424ms
[118.558s][info][gc,start       ] GC(647) Pause Cleanup
[118.558s][info][gc             ] GC(647) Pause Cleanup 1666M->1666M(2048M) 0.340ms
[118.558s][info][gc,cpu         ] GC(647) User=0.00s Sys=0.00s Real=0.00s
[118.558s][info][gc,marking     ] GC(647) Concurrent Clear Claimed Marks
[118.560s][info][gc,marking     ] GC(647) Concurrent Clear Claimed Marks 1.495ms
[118.560s][info][gc,marking     ] GC(647) Concurrent Cleanup for Next Mark
[118.569s][info][gc,marking     ] GC(647) Concurrent Cleanup for Next Mark 9.369ms
[118.570s][info][gc             ] GC(647) Concurrent Mark Cycle 121.971ms
[118.582s][info][gc,start       ] GC(649) Pause Young (Prepare Mixed) (G1 Evacuation Pause)
[118.582s][info][gc,task        ] GC(649) Using 33 workers of 33 for evacuation
[118.585s][info][gc,phases      ] GC(649)   Pre Evacuate Collection Set: 0.3ms
[118.585s][info][gc,phases      ] GC(649)   Merge Heap Roots: 0.8ms
[118.585s][info][gc,phases      ] GC(649)   Evacuate Collection Set: 1.3ms
[118.585s][info][gc,phases      ] GC(649)   Post Evacuate Collection Set: 0.8ms
[118.585s][info][gc,phases      ] GC(649)   Other: 0.1ms
[118.585s][info][gc,heap        ] GC(649) Eden regions: 800->0(774)
[118.585s][info][gc,heap        ] GC(649) Survivor regions: 10->10(71)
[118.585s][info][gc,heap        ] GC(649) Old regions: 63->63
[118.585s][info][gc,heap        ] GC(649) Archive regions: 0->0
[118.585s][info][gc,heap        ] GC(649) Humongous regions: 1104->1088
[118.585s][info][gc,metaspace   ] GC(649) Metaspace: 127644K(129728K)->127644K(129728K) NonClass: 108610K(109312K)->108610K(109312K) Class: 19033K(20416K)->19033K(20416K)
[118.585s][info][gc             ] GC(649) Pause Young (Prepare Mixed) (G1 Evacuation Pause) 1959M->1143M(2048M) 3.533ms
[118.585s][info][gc,cpu         ] GC(649) User=0.00s Sys=0.00s Real=0.00s
[118.643s][info][gc,start       ] GC(650) Pause Young (Mixed) (G1 Evacuation Pause)
[118.643s][info][gc,task        ] GC(650) Using 33 workers of 33 for evacuation
[118.646s][info][gc,phases      ] GC(650)   Pre Evacuate Collection Set: 0.3ms
[118.646s][info][gc,phases      ] GC(650)   Merge Heap Roots: 0.2ms
[118.646s][info][gc,phases      ] GC(650)   Evacuate Collection Set: 1.6ms
[118.646s][info][gc,phases      ] GC(650)   Post Evacuate Collection Set: 0.8ms
[118.646s][info][gc,phases      ] GC(650)   Other: 0.1ms
[118.646s][info][gc,heap        ] GC(650) Eden regions: 774->0(774)
[118.646s][info][gc,heap        ] GC(650) Survivor regions: 10->10(76)
[118.646s][info][gc,heap        ] GC(650) Old regions: 63->60
[118.646s][info][gc,heap        ] GC(650) Archive regions: 0->0
[118.646s][info][gc,heap        ] GC(650) Humongous regions: 1125->1091
[118.646s][info][gc,metaspace   ] GC(650) Metaspace: 127644K(129728K)->127644K(129728K) NonClass: 108610K(109312K)->108610K(109312K) Class: 19033K(20416K)->19033K(20416K)
[118.646s][info][gc             ] GC(650) Pause Young (Mixed) (G1 Evacuation Pause) 1954M->1146M(2048M) 3.354ms
[118.646s][info][gc,cpu         ] GC(650) User=0.00s Sys=0.00s Real=0.00s
[118.668s][info][gc,start       ] GC(651) Pause Young (Concurrent Start) (G1 Humongous Allocation)
[118.668s][info][gc,task        ] GC(651) Using 33 workers of 33 for evacuation
[118.671s][info][gc,phases      ] GC(651)   Pre Evacuate Collection Set: 0.5ms
[118.671s][info][gc,phases      ] GC(651)   Merge Heap Roots: 0.2ms
[118.671s][info][gc,phases      ] GC(651)   Evacuate Collection Set: 2.0ms
[118.671s][info][gc,phases      ] GC(651)   Post Evacuate Collection Set: 0.7ms
[118.671s][info][gc,phases      ] GC(651)   Other: 0.1ms
[118.671s][info][gc,heap        ] GC(651) Eden regions: 307->0(782)
[118.671s][info][gc,heap        ] GC(651) Survivor regions: 10->10(98)
[118.671s][info][gc,heap        ] GC(651) Old regions: 60->60
[118.671s][info][gc,heap        ] GC(651) Archive regions: 0->0
[118.671s][info][gc,heap        ] GC(651) Humongous regions: 1091->1083
[118.671s][info][gc,metaspace   ] GC(651) Metaspace: 127644K(129728K)->127644K(129728K) NonClass: 108610K(109312K)->108610K(109312K) Class: 19033K(20416K)->19033K(20416K)
[118.671s][info][gc             ] GC(651) Pause Young (Concurrent Start) (G1 Humongous Allocation) 1453M->1138M(2048M) 3.597ms
[118.671s][info][gc             ] GC(652) Concurrent Mark Cycle
[118.671s][info][gc,cpu         ] GC(651) User=0.52s Sys=0.00s Real=0.02s
[118.671s][info][gc,marking     ] GC(652) Concurrent Scan Root Regions
[118.691s][info][gc,marking     ] GC(652) Concurrent Scan Root Regions 19.839ms
[118.691s][info][gc,marking     ] GC(652) Concurrent Mark
[118.691s][info][gc,marking     ] GC(652) Concurrent Mark From Roots
[118.691s][info][gc,task        ] GC(652) Using 8 workers of 8 for marking
[118.735s][info][gc,start       ] GC(653) Pause Young (Normal) (G1 Evacuation Pause)
[118.735s][info][gc,task        ] GC(653) Using 33 workers of 33 for evacuation
[118.737s][info][gc,phases      ] GC(653)   Pre Evacuate Collection Set: 0.3ms
[118.737s][info][gc,phases      ] GC(653)   Merge Heap Roots: 0.3ms
[118.737s][info][gc,phases      ] GC(653)   Evacuate Collection Set: 1.2ms
[118.737s][info][gc,phases      ] GC(653)   Post Evacuate Collection Set: 0.8ms
[118.737s][info][gc,phases      ] GC(653)   Other: 0.1ms
[118.738s][info][gc,heap        ] GC(653) Eden regions: 782->0(792)
[118.738s][info][gc,heap        ] GC(653) Survivor regions: 10->11(63)
[118.738s][info][gc,heap        ] GC(653) Old regions: 60->60
[118.738s][info][gc,heap        ] GC(653) Archive regions: 0->0
[118.738s][info][gc,heap        ] GC(653) Humongous regions: 1133->1071
[118.738s][info][gc,metaspace   ] GC(653) Metaspace: 127644K(129728K)->127644K(129728K) NonClass: 108610K(109312K)->108610K(109312K) Class: 19033K(20416K)->19033K(20416K)
[118.738s][info][gc             ] GC(653) Pause Young (Normal) (G1 Evacuation Pause) 1970M->1127M(2048M) 2.938ms
[118.738s][info][gc,cpu         ] GC(653) User=0.00s Sys=0.00s Real=0.00s
[118.743s][info][gc,marking     ] GC(652) Concurrent Mark From Roots 51.269ms
[118.743s][info][gc,marking     ] GC(652) Concurrent Preclean
[118.746s][info][gc,marking     ] GC(652) Concurrent Preclean 2.807ms
[118.747s][info][gc,start       ] GC(652) Pause Remark
[118.750s][info][gc             ] GC(652) Pause Remark 1263M->1263M(2048M) 2.892ms
[118.750s][info][gc,cpu         ] GC(652) User=0.00s Sys=0.00s Real=0.00s
[118.750s][info][gc,marking     ] GC(652) Concurrent Mark 58.817ms
[118.750s][info][gc,marking     ] GC(652) Concurrent Rebuild Remembered Sets and Scrub Regions
[118.776s][info][gc,marking     ] GC(652) Concurrent Rebuild Remembered Sets and Scrub Regions 25.347ms
[118.777s][info][gc,start       ] GC(652) Pause Cleanup
[118.778s][info][gc             ] GC(652) Pause Cleanup 1644M->1644M(2048M) 0.365ms
[118.778s][info][gc,cpu         ] GC(652) User=0.00s Sys=0.00s Real=0.00s
[118.778s][info][gc,marking     ] GC(652) Concurrent Clear Claimed Marks
[118.779s][info][gc,marking     ] GC(652) Concurrent Clear Claimed Marks 1.365ms
[118.780s][info][gc,marking     ] GC(652) Concurrent Cleanup for Next Mark
[118.789s][info][gc,marking     ] GC(652) Concurrent Cleanup for Next Mark 9.566ms
[118.790s][info][gc             ] GC(652) Concurrent Mark Cycle 118.421ms
[118.802s][info][gc,start       ] GC(654) Pause Young (Prepare Mixed) (G1 Evacuation Pause)
[118.802s][info][gc,task        ] GC(654) Using 33 workers of 33 for evacuation
[118.805s][info][gc,phases      ] GC(654)   Pre Evacuate Collection Set: 0.3ms
[118.806s][info][gc,phases      ] GC(654)   Merge Heap Roots: 0.8ms
[118.806s][info][gc,phases      ] GC(654)   Evacuate Collection Set: 1.4ms
[118.806s][info][gc,phases      ] GC(654)   Post Evacuate Collection Set: 0.8ms
[118.806s][info][gc,phases      ] GC(654)   Other: 0.1ms
[118.806s][info][gc,heap        ] GC(654) Eden regions: 792->0(795)
[118.806s][info][gc,heap        ] GC(654) Survivor regions: 11->11(74)
[118.806s][info][gc,heap        ] GC(654) Old regions: 60->60
[118.806s][info][gc,heap        ] GC(654) Archive regions: 0->0
[118.806s][info][gc,heap        ] GC(654) Humongous regions: 1111->1068
[118.806s][info][gc,metaspace   ] GC(654) Metaspace: 127644K(129728K)->127644K(129728K) NonClass: 108611K(109312K)->108611K(109312K) Class: 19033K(20416K)->19033K(20416K)
[118.806s][info][gc             ] GC(654) Pause Young (Prepare Mixed) (G1 Evacuation Pause) 1959M->1124M(2048M) 3.599ms
[118.806s][info][gc,cpu         ] GC(654) User=0.00s Sys=0.00s Real=0.00s
[118.862s][info][gc,start       ] GC(655) Pause Young (Mixed) (G1 Evacuation Pause)
[118.863s][info][gc,task        ] GC(655) Using 33 workers of 33 for evacuation
[118.866s][info][gc,phases      ] GC(655)   Pre Evacuate Collection Set: 0.3ms
[118.866s][info][gc,phases      ] GC(655)   Merge Heap Roots: 0.3ms
[118.866s][info][gc,phases      ] GC(655)   Evacuate Collection Set: 1.7ms
[118.866s][info][gc,phases      ] GC(655)   Post Evacuate Collection Set: 0.8ms
[118.866s][info][gc,phases      ] GC(655)   Other: 0.1ms
[118.866s][info][gc,heap        ] GC(655) Eden regions: 795->0(788)
[118.866s][info][gc,heap        ] GC(655) Survivor regions: 11->10(96)
[118.866s][info][gc,heap        ] GC(655) Old regions: 60->57
[118.866s][info][gc,heap        ] GC(655) Archive regions: 0->0
[118.866s][info][gc,heap        ] GC(655) Humongous regions: 1086->1080
[118.866s][info][gc,metaspace   ] GC(655) Metaspace: 127644K(129728K)->127644K(129728K) NonClass: 108611K(109312K)->108611K(109312K) Class: 19033K(20416K)->19033K(20416K)
[118.866s][info][gc             ] GC(655) Pause Young (Mixed) (G1 Evacuation Pause) 1937M->1135M(2048M) 3.387ms
[118.866s][info][gc,cpu         ] GC(655) User=0.00s Sys=0.00s Real=0.00s
[118.882s][info][gc,start       ] GC(656) Pause Young (Concurrent Start) (G1 Humongous Allocation)
[118.882s][info][gc,task        ] GC(656) Using 33 workers of 33 for evacuation
[118.885s][info][gc,phases      ] GC(656)   Pre Evacuate Collection Set: 0.4ms
[118.885s][info][gc,phases      ] GC(656)   Merge Heap Roots: 0.1ms
[118.885s][info][gc,phases      ] GC(656)   Evacuate Collection Set: 2.0ms
[118.885s][info][gc,phases      ] GC(656)   Post Evacuate Collection Set: 0.6ms
[118.885s][info][gc,phases      ] GC(656)   Other: 0.1ms
[118.885s][info][gc,heap        ] GC(656) Eden regions: 228->0(790)
[118.885s][info][gc,heap        ] GC(656) Survivor regions: 10->10(100)
[118.885s][info][gc,heap        ] GC(656) Old regions: 57->57
[118.885s][info][gc,heap        ] GC(656) Archive regions: 0->0
[118.885s][info][gc,heap        ] GC(656) Humongous regions: 1080->1078
[118.885s][info][gc,metaspace   ] GC(656) Metaspace: 127644K(129728K)->127644K(129728K) NonClass: 108611K(109312K)->108611K(109312K) Class: 19033K(20416K)->19033K(20416K)
[118.885s][info][gc             ] GC(656) Pause Young (Concurrent Start) (G1 Humongous Allocation) 1363M->1133M(2048M) 3.465ms
[118.885s][info][gc             ] GC(657) Concurrent Mark Cycle
[118.885s][info][gc,cpu         ] GC(656) User=0.00s Sys=0.00s Real=0.00s
[118.885s][info][gc,marking     ] GC(657) Concurrent Scan Root Regions
[118.906s][info][gc,marking     ] GC(657) Concurrent Scan Root Regions 20.849ms
[118.906s][info][gc,marking     ] GC(657) Concurrent Mark
[118.907s][info][gc,marking     ] GC(657) Concurrent Mark From Roots
[118.907s][info][gc,task        ] GC(657) Using 8 workers of 8 for marking
[118.944s][info][gc,start       ] GC(658) Pause Young (Normal) (G1 Evacuation Pause)
[118.945s][info][gc,task        ] GC(658) Using 33 workers of 33 for evacuation
[118.947s][info][gc,phases      ] GC(658)   Pre Evacuate Collection Set: 0.3ms
[118.947s][info][gc,phases      ] GC(658)   Merge Heap Roots: 0.2ms
[118.947s][info][gc,phases      ] GC(658)   Evacuate Collection Set: 1.3ms
[118.947s][info][gc,phases      ] GC(658)   Post Evacuate Collection Set: 0.7ms
[118.947s][info][gc,phases      ] GC(658)   Other: 0.1ms
[118.947s][info][gc,heap        ] GC(658) Eden regions: 790->0(788)
[118.947s][info][gc,heap        ] GC(658) Survivor regions: 10->2(83)
[118.947s][info][gc,heap        ] GC(658) Old regions: 57->65
[118.947s][info][gc,heap        ] GC(658) Archive regions: 0->0
[118.947s][info][gc,heap        ] GC(658) Humongous regions: 1108->1088
[118.947s][info][gc,metaspace   ] GC(658) Metaspace: 127644K(129728K)->127644K(129728K) NonClass: 108611K(109312K)->108611K(109312K) Class: 19033K(20416K)->19033K(20416K)
[118.947s][info][gc             ] GC(658) Pause Young (Normal) (G1 Evacuation Pause) 1953M->1143M(2048M) 2.824ms
[118.947s][info][gc,cpu         ] GC(658) User=0.00s Sys=0.00s Real=0.00s
[118.961s][info][gc,marking     ] GC(657) Concurrent Mark From Roots 54.280ms
[118.961s][info][gc,marking     ] GC(657) Concurrent Preclean
[118.964s][info][gc,marking     ] GC(657) Concurrent Preclean 2.837ms
[118.965s][info][gc,start       ] GC(657) Pause Remark
[118.968s][info][gc             ] GC(657) Pause Remark 1387M->1387M(2048M) 2.858ms
[118.968s][info][gc,cpu         ] GC(657) User=0.00s Sys=0.00s Real=0.00s
[118.968s][info][gc,marking     ] GC(657) Concurrent Mark 61.258ms
[118.968s][info][gc,marking     ] GC(657) Concurrent Rebuild Remembered Sets and Scrub Regions
[118.992s][info][gc,marking     ] GC(657) Concurrent Rebuild Remembered Sets and Scrub Regions 23.769ms
[118.993s][info][gc,start       ] GC(657) Pause Cleanup
[118.993s][info][gc             ] GC(657) Pause Cleanup 1739M->1739M(2048M) 0.324ms
[118.993s][info][gc,cpu         ] GC(657) User=0.00s Sys=0.00s Real=0.00s
[118.993s][info][gc,marking     ] GC(657) Concurrent Clear Claimed Marks
[118.995s][info][gc,marking     ] GC(657) Concurrent Clear Claimed Marks 1.419ms
[118.995s][info][gc,marking     ] GC(657) Concurrent Cleanup for Next Mark
[119.005s][info][gc,marking     ] GC(657) Concurrent Cleanup for Next Mark 9.693ms
[119.005s][info][gc             ] GC(657) Concurrent Mark Cycle 119.929ms
[119.010s][info][gc,start       ] GC(659) Pause Young (Prepare Mixed) (G1 Evacuation Pause)
[119.010s][info][gc,task        ] GC(659) Using 33 workers of 33 for evacuation
[119.012s][info][gc,phases      ] GC(659)   Pre Evacuate Collection Set: 0.3ms
[119.012s][info][gc,phases      ] GC(659)   Merge Heap Roots: 0.8ms
[119.012s][info][gc,phases      ] GC(659)   Evacuate Collection Set: 0.7ms
[119.012s][info][gc,phases      ] GC(659)   Post Evacuate Collection Set: 0.8ms
[119.012s][info][gc,phases      ] GC(659)   Other: 0.1ms
[119.012s][info][gc,heap        ] GC(659) Eden regions: 788->0(784)
[119.012s][info][gc,heap        ] GC(659) Survivor regions: 2->2(93)
[119.012s][info][gc,heap        ] GC(659) Old regions: 65->65
[119.012s][info][gc,heap        ] GC(659) Archive regions: 0->0
[119.012s][info][gc,heap        ] GC(659) Humongous regions: 1100->1092
[119.012s][info][gc,metaspace   ] GC(659) Metaspace: 127644K(129728K)->127644K(129728K) NonClass: 108611K(109312K)->108611K(109312K) Class: 19033K(20416K)->19033K(20416K)
[119.012s][info][gc             ] GC(659) Pause Young (Prepare Mixed) (G1 Evacuation Pause) 1943M->1147M(2048M) 2.853ms
[119.012s][info][gc,cpu         ] GC(659) User=0.00s Sys=0.00s Real=0.00s
[119.067s][info][gc,start       ] GC(660) Pause Young (Mixed) (G1 Evacuation Pause)
[119.067s][info][gc,task        ] GC(660) Using 33 workers of 33 for evacuation
[119.070s][info][gc,phases      ] GC(660)   Pre Evacuate Collection Set: 0.3ms
[119.070s][info][gc,phases      ] GC(660)   Merge Heap Roots: 0.3ms
[119.070s][info][gc,phases      ] GC(660)   Evacuate Collection Set: 1.2ms
[119.070s][info][gc,phases      ] GC(660)   Post Evacuate Collection Set: 0.7ms
[119.070s][info][gc,phases      ] GC(660)   Other: 0.1ms
[119.070s][info][gc,heap        ] GC(660) Eden regions: 784->0(786)
[119.070s][info][gc,heap        ] GC(660) Survivor regions: 2->2(99)
[119.070s][info][gc,heap        ] GC(660) Old regions: 65->63
[119.070s][info][gc,heap        ] GC(660) Archive regions: 0->0
[119.070s][info][gc,heap        ] GC(660) Humongous regions: 1092->1092
[119.070s][info][gc,metaspace   ] GC(660) Metaspace: 127644K(129728K)->127644K(129728K) NonClass: 108611K(109312K)->108611K(109312K) Class: 19033K(20416K)->19033K(20416K)
[119.070s][info][gc             ] GC(660) Pause Young (Mixed) (G1 Evacuation Pause) 1931M->1148M(2048M) 2.858ms
[119.070s][info][gc,cpu         ] GC(660) User=0.00s Sys=0.00s Real=0.00s
[119.071s][info][gc,start       ] GC(661) Pause Young (Concurrent Start) (G1 Humongous Allocation)
[119.071s][info][gc,task        ] GC(661) Using 33 workers of 33 for evacuation
[119.073s][info][gc,phases      ] GC(661)   Pre Evacuate Collection Set: 0.4ms
[119.073s][info][gc,phases      ] GC(661)   Merge Heap Roots: 0.1ms
[119.073s][info][gc,phases      ] GC(661)   Evacuate Collection Set: 1.2ms
[119.073s][info][gc,phases      ] GC(661)   Post Evacuate Collection Set: 0.4ms
[119.073s][info][gc,phases      ] GC(661)   Other: 0.0ms
[119.073s][info][gc,heap        ] GC(661) Eden regions: 16->0(786)
[119.073s][info][gc,heap        ] GC(661) Survivor regions: 2->2(99)
[119.073s][info][gc,heap        ] GC(661) Old regions: 63->63
[119.073s][info][gc,heap        ] GC(661) Archive regions: 0->0
[119.073s][info][gc,heap        ] GC(661) Humongous regions: 1092->1092
[119.073s][info][gc,metaspace   ] GC(661) Metaspace: 127644K(129728K)->127644K(129728K) NonClass: 108611K(109312K)->108611K(109312K) Class: 19033K(20416K)->19033K(20416K)
[119.073s][info][gc             ] GC(661) Pause Young (Concurrent Start) (G1 Humongous Allocation) 1164M->1148M(2048M) 2.323ms
[119.073s][info][gc             ] GC(662) Concurrent Mark Cycle
[119.073s][info][gc,cpu         ] GC(661) User=0.00s Sys=0.00s Real=0.00s
[119.073s][info][gc,marking     ] GC(662) Concurrent Scan Root Regions
[119.091s][info][gc,marking     ] GC(662) Concurrent Scan Root Regions 17.658ms
[119.091s][info][gc,marking     ] GC(662) Concurrent Mark
[119.091s][info][gc,marking     ] GC(662) Concurrent Mark From Roots
[119.091s][info][gc,task        ] GC(662) Using 8 workers of 8 for marking
[119.133s][info][gc,start       ] GC(663) Pause Young (Normal) (G1 Evacuation Pause)
[119.133s][info][gc,task        ] GC(663) Using 33 workers of 33 for evacuation
[119.135s][info][gc,phases      ] GC(663)   Pre Evacuate Collection Set: 0.3ms
[119.135s][info][gc,phases      ] GC(663)   Merge Heap Roots: 0.3ms
[119.135s][info][gc,phases      ] GC(663)   Evacuate Collection Set: 0.7ms
[119.135s][info][gc,phases      ] GC(663)   Post Evacuate Collection Set: 0.7ms
[119.135s][info][gc,phases      ] GC(663)   Other: 0.1ms
[119.135s][info][gc,heap        ] GC(663) Eden regions: 786->0(761)
[119.135s][info][gc,heap        ] GC(663) Survivor regions: 2->2(68)
[119.135s][info][gc,heap        ] GC(663) Old regions: 63->63
[119.135s][info][gc,heap        ] GC(663) Archive regions: 0->0
[119.135s][info][gc,heap        ] GC(663) Humongous regions: 1129->1117
[119.135s][info][gc,metaspace   ] GC(663) Metaspace: 127644K(129728K)->127644K(129728K) NonClass: 108611K(109312K)->108611K(109312K) Class: 19033K(20416K)->19033K(20416K)
[119.135s][info][gc             ] GC(663) Pause Young (Normal) (G1 Evacuation Pause) 1971M->1173M(2048M) 2.238ms
[119.135s][info][gc,cpu         ] GC(663) User=0.00s Sys=0.00s Real=0.00s
[119.161s][info][gc,marking     ] GC(662) Concurrent Mark From Roots 69.534ms
[119.161s][info][gc,marking     ] GC(662) Concurrent Preclean
[119.165s][info][gc,marking     ] GC(662) Concurrent Preclean 3.437ms
[119.166s][info][gc,start       ] GC(662) Pause Remark
[119.169s][info][gc             ] GC(662) Pause Remark 1601M->1601M(2048M) 3.017ms
[119.169s][info][gc,cpu         ] GC(662) User=0.00s Sys=0.00s Real=0.00s
[119.169s][info][gc,marking     ] GC(662) Concurrent Mark 77.578ms
[119.169s][info][gc,marking     ] GC(662) Concurrent Rebuild Remembered Sets and Scrub Regions
[119.192s][info][gc,marking     ] GC(662) Concurrent Rebuild Remembered Sets and Scrub Regions 23.070ms
[119.193s][info][gc,start       ] GC(662) Pause Cleanup
[119.194s][info][gc             ] GC(662) Pause Cleanup 1952M->1952M(2048M) 0.350ms
[119.194s][info][gc,cpu         ] GC(662) User=0.00s Sys=0.00s Real=0.00s
[119.194s][info][gc,marking     ] GC(662) Concurrent Clear Claimed Marks
[119.195s][info][gc,marking     ] GC(662) Concurrent Clear Claimed Marks 0.966ms
[119.195s][info][gc,marking     ] GC(662) Concurrent Cleanup for Next Mark
[119.195s][info][gc,start       ] GC(664) Pause Young (Prepare Mixed) (G1 Evacuation Pause)
[119.195s][info][gc,task        ] GC(664) Using 33 workers of 33 for evacuation
[119.198s][info][gc,phases      ] GC(664)   Pre Evacuate Collection Set: 0.3ms
[119.198s][info][gc,phases      ] GC(664)   Merge Heap Roots: 0.8ms
[119.198s][info][gc,phases      ] GC(664)   Evacuate Collection Set: 0.7ms
[119.198s][info][gc,phases      ] GC(664)   Post Evacuate Collection Set: 0.8ms
[119.198s][info][gc,phases      ] GC(664)   Other: 0.1ms
[119.198s][info][gc,heap        ] GC(664) Eden regions: 761->0(749)
[119.198s][info][gc,heap        ] GC(664) Survivor regions: 2->3(73)
[119.198s][info][gc,heap        ] GC(664) Old regions: 63->63
[119.198s][info][gc,heap        ] GC(664) Archive regions: 0->0
[119.198s][info][gc,heap        ] GC(664) Humongous regions: 1149->1127
[119.198s][info][gc,metaspace   ] GC(664) Metaspace: 127644K(129728K)->127644K(129728K) NonClass: 108611K(109312K)->108611K(109312K) Class: 19033K(20416K)->19033K(20416K)
[119.198s][info][gc             ] GC(664) Pause Young (Prepare Mixed) (G1 Evacuation Pause) 1966M->1183M(2048M) 2.834ms
[119.198s][info][gc,cpu         ] GC(664) User=0.00s Sys=0.00s Real=0.00s
[119.206s][info][gc,marking     ] GC(662) Concurrent Cleanup for Next Mark 11.092ms
[119.206s][info][gc             ] GC(662) Concurrent Mark Cycle 132.983ms
[119.257s][info][gc,start       ] GC(665) Pause Young (Mixed) (G1 Evacuation Pause)
[119.257s][info][gc,task        ] GC(665) Using 33 workers of 33 for evacuation
[119.260s][info][gc,phases      ] GC(665)   Pre Evacuate Collection Set: 0.3ms
[119.260s][info][gc,phases      ] GC(665)   Merge Heap Roots: 0.3ms
[119.260s][info][gc,phases      ] GC(665)   Evacuate Collection Set: 1.3ms
[119.260s][info][gc,phases      ] GC(665)   Post Evacuate Collection Set: 0.7ms
[119.260s][info][gc,phases      ] GC(665)   Other: 0.1ms
[119.260s][info][gc,heap        ] GC(665) Eden regions: 749->0(741)
[119.260s][info][gc,heap        ] GC(665) Survivor regions: 3->3(75)
[119.260s][info][gc,heap        ] GC(665) Old regions: 63->61
[119.260s][info][gc,heap        ] GC(665) Archive regions: 0->0
[119.260s][info][gc,heap        ] GC(665) Humongous regions: 1158->1137
[119.260s][info][gc,metaspace   ] GC(665) Metaspace: 127644K(129728K)->127644K(129728K) NonClass: 108611K(109312K)->108611K(109312K) Class: 19033K(20416K)->19033K(20416K)
[119.260s][info][gc             ] GC(665) Pause Young (Mixed) (G1 Evacuation Pause) 1963M->1193M(2048M) 2.845ms
[119.260s][info][gc,cpu         ] GC(665) User=0.00s Sys=0.00s Real=0.00s
[119.261s][info][gc,start       ] GC(666) Pause Young (Concurrent Start) (G1 Humongous Allocation)
[119.261s][info][gc,task        ] GC(666) Using 33 workers of 33 for evacuation
[119.263s][info][gc,phases      ] GC(666)   Pre Evacuate Collection Set: 0.4ms
[119.263s][info][gc,phases      ] GC(666)   Merge Heap Roots: 0.1ms
[119.263s][info][gc,phases      ] GC(666)   Evacuate Collection Set: 1.3ms
[119.263s][info][gc,phases      ] GC(666)   Post Evacuate Collection Set: 0.5ms
[119.263s][info][gc,phases      ] GC(666)   Other: 0.0ms
[119.263s][info][gc,heap        ] GC(666) Eden regions: 5->0(759)
[119.263s][info][gc,heap        ] GC(666) Survivor regions: 3->3(93)
[119.263s][info][gc,heap        ] GC(666) Old regions: 61->61
[119.263s][info][gc,heap        ] GC(666) Archive regions: 0->0
[119.263s][info][gc,heap        ] GC(666) Humongous regions: 1137->1119
[119.263s][info][gc,metaspace   ] GC(666) Metaspace: 127644K(129728K)->127644K(129728K) NonClass: 108611K(109312K)->108611K(109312K) Class: 19033K(20416K)->19033K(20416K)
[119.263s][info][gc             ] GC(666) Pause Young (Concurrent Start) (G1 Humongous Allocation) 1198M->1176M(2048M) 2.454ms
[119.263s][info][gc             ] GC(667) Concurrent Mark Cycle
[119.263s][info][gc,cpu         ] GC(666) User=0.00s Sys=0.00s Real=0.00s
[119.263s][info][gc,marking     ] GC(667) Concurrent Scan Root Regions
[119.279s][info][gc,marking     ] GC(667) Concurrent Scan Root Regions 16.103ms
[119.280s][info][gc,marking     ] GC(667) Concurrent Mark
[119.280s][info][gc,marking     ] GC(667) Concurrent Mark From Roots
[119.280s][info][gc,task        ] GC(667) Using 8 workers of 8 for marking
[119.320s][info][gc,marking     ] GC(667) Concurrent Mark From Roots 40.255ms
[119.320s][info][gc,marking     ] GC(667) Concurrent Preclean
[119.321s][info][gc,marking     ] GC(667) Concurrent Preclean 0.865ms
[119.321s][info][gc,start       ] GC(667) Pause Remark
[119.324s][info][gc             ] GC(667) Pause Remark 1863M->1863M(2048M) 2.852ms
[119.324s][info][gc,cpu         ] GC(667) User=0.00s Sys=0.00s Real=0.00s
[119.324s][info][gc,marking     ] GC(667) Concurrent Mark 44.525ms
[119.324s][info][gc,marking     ] GC(667) Concurrent Rebuild Remembered Sets and Scrub Regions
[119.332s][info][gc,marking     ] GC(667) Concurrent Rebuild Remembered Sets and Scrub Regions 8.037ms
[119.333s][info][gc,start       ] GC(667) Pause Cleanup
[119.333s][info][gc             ] GC(667) Pause Cleanup 1976M->1976M(2048M) 0.314ms
[119.333s][info][gc,cpu         ] GC(667) User=0.00s Sys=0.00s Real=0.00s
[119.333s][info][gc,marking     ] GC(667) Concurrent Clear Claimed Marks
[119.333s][info][gc,marking     ] GC(667) Concurrent Clear Claimed Marks 0.299ms
[119.333s][info][gc,marking     ] GC(667) Concurrent Cleanup for Next Mark
[119.338s][info][gc,start       ] GC(668) Pause Young (Prepare Mixed) (G1 Evacuation Pause)
[119.338s][info][gc,task        ] GC(668) Using 33 workers of 33 for evacuation
[119.341s][info][gc,phases      ] GC(668)   Pre Evacuate Collection Set: 0.3ms
[119.341s][info][gc,phases      ] GC(668)   Merge Heap Roots: 0.8ms
[119.341s][info][gc,phases      ] GC(668)   Evacuate Collection Set: 1.0ms
[119.341s][info][gc,phases      ] GC(668)   Post Evacuate Collection Set: 0.8ms
[119.341s][info][gc,phases      ] GC(668)   Other: 0.1ms
[119.341s][info][gc,heap        ] GC(668) Eden regions: 759->0(754)
[119.341s][info][gc,heap        ] GC(668) Survivor regions: 3->5(29)
[119.341s][info][gc,heap        ] GC(668) Old regions: 61->61
[119.341s][info][gc,heap        ] GC(668) Archive regions: 0->0
[119.341s][info][gc,heap        ] GC(668) Humongous regions: 1196->1120
[119.341s][info][gc,metaspace   ] GC(668) Metaspace: 127644K(129728K)->127644K(129728K) NonClass: 108611K(109312K)->108611K(109312K) Class: 19033K(20416K)->19033K(20416K)
[119.341s][info][gc             ] GC(668) Pause Young (Prepare Mixed) (G1 Evacuation Pause) 2012M->1178M(2048M) 3.219ms
[119.341s][info][gc,cpu         ] GC(668) User=0.00s Sys=0.00s Real=0.00s
[119.341s][info][gc,marking     ] GC(667) Concurrent Cleanup for Next Mark 7.742ms
[119.341s][info][gc             ] GC(667) Concurrent Mark Cycle 77.884ms
[119.392s][info][gc,start       ] GC(669) Pause Young (Mixed) (G1 Humongous Allocation)
[119.392s][info][gc,task        ] GC(669) Using 33 workers of 33 for evacuation
[119.395s][info][gc,phases      ] GC(669)   Pre Evacuate Collection Set: 0.3ms
[119.395s][info][gc,phases      ] GC(669)   Merge Heap Roots: 0.3ms
[119.395s][info][gc,phases      ] GC(669)   Evacuate Collection Set: 1.5ms
[119.395s][info][gc,phases      ] GC(669)   Post Evacuate Collection Set: 0.8ms
[119.395s][info][gc,phases      ] GC(669)   Other: 0.1ms
[119.395s][info][gc,heap        ] GC(669) Eden regions: 724->0(730)
[119.395s][info][gc,heap        ] GC(669) Survivor regions: 5->7(52)
[119.395s][info][gc,heap        ] GC(669) Old regions: 61->59
[119.395s][info][gc,heap        ] GC(669) Archive regions: 0->0
[119.395s][info][gc,heap        ] GC(669) Humongous regions: 1206->1142
[119.395s][info][gc,metaspace   ] GC(669) Metaspace: 127644K(129728K)->127644K(129728K) NonClass: 108611K(109312K)->108611K(109312K) Class: 19033K(20416K)->19033K(20416K)
[119.395s][info][gc             ] GC(669) Pause Young (Mixed) (G1 Humongous Allocation) 1988M->1202M(2048M) 3.318ms
[119.395s][info][gc,cpu         ] GC(669) User=0.00s Sys=0.00s Real=0.00s
[119.406s][info][gc,start       ] GC(670) Pause Young (Concurrent Start) (G1 Humongous Allocation)
[119.406s][info][gc,task        ] GC(670) Using 33 workers of 33 for evacuation
[119.409s][info][gc,phases      ] GC(670)   Pre Evacuate Collection Set: 0.5ms
[119.409s][info][gc,phases      ] GC(670)   Merge Heap Roots: 0.1ms
[119.409s][info][gc,phases      ] GC(670)   Evacuate Collection Set: 1.6ms
[119.409s][info][gc,phases      ] GC(670)   Post Evacuate Collection Set: 0.6ms
[119.409s][info][gc,phases      ] GC(670)   Other: 0.1ms
[119.409s][info][gc,heap        ] GC(670) Eden regions: 140->0(731)
[119.409s][info][gc,heap        ] GC(670) Survivor regions: 7->7(93)
[119.409s][info][gc,heap        ] GC(670) Old regions: 59->59
[119.409s][info][gc,heap        ] GC(670) Archive regions: 0->0
[119.409s][info][gc,heap        ] GC(670) Humongous regions: 1149->1141
[119.409s][info][gc,metaspace   ] GC(670) Metaspace: 127644K(129728K)->127644K(129728K) NonClass: 108611K(109312K)->108611K(109312K) Class: 19033K(20416K)->19033K(20416K)
[119.409s][info][gc             ] GC(670) Pause Young (Concurrent Start) (G1 Humongous Allocation) 1349M->1201M(2048M) 3.127ms
[119.409s][info][gc             ] GC(671) Concurrent Mark Cycle
[119.409s][info][gc,cpu         ] GC(670) User=0.00s Sys=0.00s Real=0.00s
[119.409s][info][gc,marking     ] GC(671) Concurrent Scan Root Regions
[119.414s][info][gc,marking     ] GC(671) Concurrent Scan Root Regions 4.707ms
[119.414s][info][gc,marking     ] GC(671) Concurrent Mark
[119.414s][info][gc,marking     ] GC(671) Concurrent Mark From Roots
[119.414s][info][gc,task        ] GC(671) Using 8 workers of 8 for marking
[119.442s][info][gc,marking     ] GC(671) Concurrent Mark From Roots 27.792ms
[119.442s][info][gc,marking     ] GC(671) Concurrent Preclean
[119.443s][info][gc,marking     ] GC(671) Concurrent Preclean 0.904ms
[119.457s][info][gc,start       ] GC(671) Pause Remark
[119.460s][info][gc             ] GC(671) Pause Remark 1683M->1683M(2048M) 3.280ms
[119.460s][info][gc,cpu         ] GC(671) User=0.00s Sys=0.00s Real=0.00s
[119.460s][info][gc,marking     ] GC(671) Concurrent Mark 45.946ms
[119.460s][info][gc,marking     ] GC(671) Concurrent Rebuild Remembered Sets and Scrub Regions
[119.471s][info][gc,marking     ] GC(671) Concurrent Rebuild Remembered Sets and Scrub Regions 10.592ms
[119.472s][info][gc,start       ] GC(671) Pause Cleanup
[119.472s][info][gc             ] GC(671) Pause Cleanup 1805M->1805M(2048M) 0.340ms
[119.472s][info][gc,cpu         ] GC(671) User=0.00s Sys=0.00s Real=0.00s
[119.472s][info][gc,marking     ] GC(671) Concurrent Clear Claimed Marks
[119.472s][info][gc,marking     ] GC(671) Concurrent Clear Claimed Marks 0.205ms
[119.472s][info][gc,marking     ] GC(671) Concurrent Cleanup for Next Mark
[119.475s][info][gc,marking     ] GC(671) Concurrent Cleanup for Next Mark 2.953ms
[119.475s][info][gc             ] GC(671) Concurrent Mark Cycle 66.093ms
[119.490s][info][gc,start       ] GC(672) Pause Young (Prepare Mixed) (G1 Evacuation Pause)
[119.490s][info][gc,task        ] GC(672) Using 33 workers of 33 for evacuation
[119.493s][info][gc,phases      ] GC(672)   Pre Evacuate Collection Set: 0.3ms
[119.493s][info][gc,phases      ] GC(672)   Merge Heap Roots: 0.8ms
[119.493s][info][gc,phases      ] GC(672)   Evacuate Collection Set: 1.0ms
[119.493s][info][gc,phases      ] GC(672)   Post Evacuate Collection Set: 1.5ms
[119.493s][info][gc,phases      ] GC(672)   Other: 0.1ms
[119.493s][info][gc,heap        ] GC(672) Eden regions: 709->0(625)
[119.493s][info][gc,heap        ] GC(672) Survivor regions: 7->0(0)
[119.493s][info][gc,heap        ] GC(672) Old regions: 59->179
[119.493s][info][gc,heap        ] GC(672) Archive regions: 0->0
[119.493s][info][gc,heap        ] GC(672) Humongous regions: 1273->1141
[119.493s][info][gc,metaspace   ] GC(672) Metaspace: 127661K(129728K)->127661K(129728K) NonClass: 108628K(109312K)->108628K(109312K) Class: 19033K(20416K)->19033K(20416K)
[119.493s][info][gc             ] GC(672) Pause Young (Prepare Mixed) (G1 Evacuation Pause) (Evacuation Failure) 2042M->1314M(2048M) 3.925ms
[119.493s][info][gc,cpu         ] GC(672) User=0.00s Sys=0.00s Real=0.00s
[119.532s][info][gc,start       ] GC(673) Pause Young (Mixed) (G1 Evacuation Pause)
[119.533s][info][gc,task        ] GC(673) Using 33 workers of 33 for evacuation
[119.535s][info][gc,phases      ] GC(673)   Pre Evacuate Collection Set: 0.3ms
[119.535s][info][gc,phases      ] GC(673)   Merge Heap Roots: 0.3ms
[119.535s][info][gc,phases      ] GC(673)   Evacuate Collection Set: 1.1ms
[119.535s][info][gc,phases      ] GC(673)   Post Evacuate Collection Set: 0.7ms
[119.535s][info][gc,phases      ] GC(673)   Other: 0.1ms
[119.535s][info][gc,heap        ] GC(673) Eden regions: 625->0(576)
[119.535s][info][gc,heap        ] GC(673) Survivor regions: 0->1(38)
[119.535s][info][gc,heap        ] GC(673) Old regions: 179->178
[119.535s][info][gc,heap        ] GC(673) Archive regions: 0->0
[119.535s][info][gc,heap        ] GC(673) Humongous regions: 1206->1189
[119.535s][info][gc,metaspace   ] GC(673) Metaspace: 127661K(129728K)->127661K(129728K) NonClass: 108628K(109312K)->108628K(109312K) Class: 19033K(20416K)->19033K(20416K)
[119.535s][info][gc             ] GC(673) Pause Young (Mixed) (G1 Evacuation Pause) 2004M->1363M(2048M) 2.746ms
[119.535s][info][gc,cpu         ] GC(673) User=0.02s Sys=0.00s Real=0.02s
[119.536s][info][gc,start       ] GC(674) Pause Young (Concurrent Start) (G1 Humongous Allocation)
[119.536s][info][gc,task        ] GC(674) Using 33 workers of 33 for evacuation
[119.539s][info][gc,phases      ] GC(674)   Pre Evacuate Collection Set: 0.4ms
[119.539s][info][gc,phases      ] GC(674)   Merge Heap Roots: 0.1ms
[119.539s][info][gc,phases      ] GC(674)   Evacuate Collection Set: 1.8ms
[119.539s][info][gc,phases      ] GC(674)   Post Evacuate Collection Set: 0.4ms
[119.539s][info][gc,phases      ] GC(674)   Other: 0.0ms
[119.539s][info][gc,heap        ] GC(674) Eden regions: 9->0(576)
[119.539s][info][gc,heap        ] GC(674) Survivor regions: 1->1(73)
[119.539s][info][gc,heap        ] GC(674) Old regions: 178->178
[119.539s][info][gc,heap        ] GC(674) Archive regions: 0->0
[119.539s][info][gc,heap        ] GC(674) Humongous regions: 1189->1189
[119.539s][info][gc,metaspace   ] GC(674) Metaspace: 127661K(129728K)->127661K(129728K) NonClass: 108628K(109312K)->108628K(109312K) Class: 19033K(20416K)->19033K(20416K)
[119.539s][info][gc             ] GC(674) Pause Young (Concurrent Start) (G1 Humongous Allocation) 1371M->1363M(2048M) 2.963ms
[119.539s][info][gc             ] GC(675) Concurrent Mark Cycle
[119.539s][info][gc,cpu         ] GC(674) User=0.00s Sys=0.00s Real=0.00s
[119.539s][info][gc,marking     ] GC(675) Concurrent Scan Root Regions
[119.542s][info][gc,marking     ] GC(675) Concurrent Scan Root Regions 3.092ms
[119.542s][info][gc,marking     ] GC(675) Concurrent Mark
[119.542s][info][gc,marking     ] GC(675) Concurrent Mark From Roots
[119.542s][info][gc,task        ] GC(675) Using 8 workers of 8 for marking
[119.564s][info][gc,marking     ] GC(675) Concurrent Mark From Roots 21.780ms
[119.564s][info][gc,marking     ] GC(675) Concurrent Preclean
[119.565s][info][gc,marking     ] GC(675) Concurrent Preclean 0.754ms
[119.565s][info][gc,start       ] GC(675) Pause Remark
[119.568s][info][gc             ] GC(675) Pause Remark 1785M->1735M(2048M) 3.077ms
[119.568s][info][gc,cpu         ] GC(675) User=0.00s Sys=0.00s Real=0.00s
[119.569s][info][gc,marking     ] GC(675) Concurrent Mark 26.608ms
[119.569s][info][gc,marking     ] GC(675) Concurrent Rebuild Remembered Sets and Scrub Regions
[119.576s][info][gc,marking     ] GC(675) Concurrent Rebuild Remembered Sets and Scrub Regions 7.264ms
[119.576s][info][gc,start       ] GC(675) Pause Cleanup
[119.577s][info][gc             ] GC(675) Pause Cleanup 1847M->1847M(2048M) 0.553ms
[119.577s][info][gc,cpu         ] GC(675) User=0.00s Sys=0.00s Real=0.00s
[119.577s][info][gc,marking     ] GC(675) Concurrent Clear Claimed Marks
[119.577s][info][gc,marking     ] GC(675) Concurrent Clear Claimed Marks 0.181ms
[119.577s][info][gc,marking     ] GC(675) Concurrent Cleanup for Next Mark
[119.579s][info][gc,marking     ] GC(675) Concurrent Cleanup for Next Mark 2.503ms
[119.579s][info][gc             ] GC(675) Concurrent Mark Cycle 40.669ms
[119.584s][info][gc,start       ] GC(676) Pause Young (Prepare Mixed) (G1 Evacuation Pause)
[119.584s][info][gc,task        ] GC(676) Using 33 workers of 33 for evacuation
[119.587s][info][gc,phases      ] GC(676)   Pre Evacuate Collection Set: 0.3ms
[119.587s][info][gc,phases      ] GC(676)   Merge Heap Roots: 0.8ms
[119.587s][info][gc,phases      ] GC(676)   Evacuate Collection Set: 0.7ms
[119.587s][info][gc,phases      ] GC(676)   Post Evacuate Collection Set: 0.8ms
[119.587s][info][gc,phases      ] GC(676)   Other: 0.1ms
[119.587s][info][gc,heap        ] GC(676) Eden regions: 576->0(591)
[119.587s][info][gc,heap        ] GC(676) Survivor regions: 1->1(73)
[119.587s][info][gc,heap        ] GC(676) Old regions: 144->144
[119.587s][info][gc,heap        ] GC(676) Archive regions: 0->0
[119.587s][info][gc,heap        ] GC(676) Humongous regions: 1244->1208
[119.587s][info][gc,metaspace   ] GC(676) Metaspace: 127661K(129728K)->127661K(129728K) NonClass: 108628K(109312K)->108628K(109312K) Class: 19033K(20416K)->19033K(20416K)
[119.587s][info][gc             ] GC(676) Pause Young (Prepare Mixed) (G1 Evacuation Pause) 1960M->1348M(2048M) 2.913ms
[119.587s][info][gc,cpu         ] GC(676) User=0.53s Sys=0.00s Real=0.02s
[119.621s][info][gc,start       ] GC(677) Pause Young (Mixed) (G1 Humongous Allocation)
[119.621s][info][gc,task        ] GC(677) Using 33 workers of 33 for evacuation
[119.623s][info][gc,phases      ] GC(677)   Pre Evacuate Collection Set: 0.3ms
[119.623s][info][gc,phases      ] GC(677)   Merge Heap Roots: 0.2ms
[119.623s][info][gc,phases      ] GC(677)   Evacuate Collection Set: 1.1ms
[119.623s][info][gc,phases      ] GC(677)   Post Evacuate Collection Set: 0.7ms
[119.623s][info][gc,phases      ] GC(677)   Other: 0.1ms
[119.623s][info][gc,heap        ] GC(677) Eden regions: 507->0(586)
[119.623s][info][gc,heap        ] GC(677) Survivor regions: 1->2(74)
[119.623s][info][gc,heap        ] GC(677) Old regions: 144->131
[119.623s][info][gc,heap        ] GC(677) Archive regions: 0->0
[119.623s][info][gc,heap        ] GC(677) Humongous regions: 1302->1224
[119.624s][info][gc,metaspace   ] GC(677) Metaspace: 127661K(129728K)->127661K(129728K) NonClass: 108628K(109312K)->108628K(109312K) Class: 19033K(20416K)->19033K(20416K)
[119.624s][info][gc             ] GC(677) Pause Young (Mixed) (G1 Humongous Allocation) 1949M->1352M(2048M) 2.627ms
[119.624s][info][gc,cpu         ] GC(677) User=0.00s Sys=0.00s Real=0.00s
[119.624s][info][gc,start       ] GC(678) Pause Young (Concurrent Start) (G1 Humongous Allocation)
[119.624s][info][gc,task        ] GC(678) Using 33 workers of 33 for evacuation
[119.627s][info][gc,phases      ] GC(678)   Pre Evacuate Collection Set: 0.4ms
[119.627s][info][gc,phases      ] GC(678)   Merge Heap Roots: 0.1ms
[119.627s][info][gc,phases      ] GC(678)   Evacuate Collection Set: 1.8ms
[119.627s][info][gc,phases      ] GC(678)   Post Evacuate Collection Set: 0.5ms
[119.627s][info][gc,phases      ] GC(678)   Other: 0.0ms
[119.627s][info][gc,heap        ] GC(678) Eden regions: 6->0(589)
[119.627s][info][gc,heap        ] GC(678) Survivor regions: 2->2(74)
[119.627s][info][gc,heap        ] GC(678) Old regions: 131->131
[119.627s][info][gc,heap        ] GC(678) Archive regions: 0->0
[119.627s][info][gc,heap        ] GC(678) Humongous regions: 1228->1221
[119.627s][info][gc,metaspace   ] GC(678) Metaspace: 127661K(129728K)->127661K(129728K) NonClass: 108628K(109312K)->108628K(109312K) Class: 19033K(20416K)->19033K(20416K)
[119.627s][info][gc             ] GC(678) Pause Young (Concurrent Start) (G1 Humongous Allocation) 1362M->1349M(2048M) 2.979ms
[119.627s][info][gc             ] GC(679) Concurrent Mark Cycle
[119.627s][info][gc,cpu         ] GC(678) User=0.00s Sys=0.00s Real=0.00s
[119.627s][info][gc,marking     ] GC(679) Concurrent Scan Root Regions
[119.631s][info][gc,marking     ] GC(679) Concurrent Scan Root Regions 3.825ms
[119.631s][info][gc,marking     ] GC(679) Concurrent Mark
[119.631s][info][gc,marking     ] GC(679) Concurrent Mark From Roots
[119.631s][info][gc,task        ] GC(679) Using 8 workers of 8 for marking
[119.651s][info][gc,marking     ] GC(679) Concurrent Mark From Roots 19.612ms
[119.651s][info][gc,marking     ] GC(679) Concurrent Preclean
[119.651s][info][gc,marking     ] GC(679) Concurrent Preclean 0.484ms
[119.652s][info][gc,start       ] GC(679) Pause Remark
[119.656s][info][gc             ] GC(679) Pause Remark 1679M->1669M(2048M) 4.764ms
[119.656s][info][gc,cpu         ] GC(679) User=0.00s Sys=0.00s Real=0.00s
[119.656s][info][gc,marking     ] GC(679) Concurrent Mark 25.259ms
[119.657s][info][gc,marking     ] GC(679) Concurrent Rebuild Remembered Sets and Scrub Regions
[119.664s][info][gc,marking     ] GC(679) Concurrent Rebuild Remembered Sets and Scrub Regions 7.021ms
[119.664s][info][gc,start       ] GC(679) Pause Cleanup
[119.664s][info][gc             ] GC(679) Pause Cleanup 1768M->1768M(2048M) 0.549ms
[119.664s][info][gc,cpu         ] GC(679) User=0.00s Sys=0.00s Real=0.00s
[119.664s][info][gc,marking     ] GC(679) Concurrent Clear Claimed Marks
[119.665s][info][gc,marking     ] GC(679) Concurrent Clear Claimed Marks 0.204ms
[119.665s][info][gc,marking     ] GC(679) Concurrent Cleanup for Next Mark
[119.667s][info][gc,marking     ] GC(679) Concurrent Cleanup for Next Mark 2.342ms
[119.667s][info][gc             ] GC(679) Concurrent Mark Cycle 39.775ms
[119.678s][info][gc,start       ] GC(680) Pause Young (Prepare Mixed) (G1 Evacuation Pause)
[119.678s][info][gc,task        ] GC(680) Using 33 workers of 33 for evacuation
[119.681s][info][gc,phases      ] GC(680)   Pre Evacuate Collection Set: 0.3ms
[119.681s][info][gc,phases      ] GC(680)   Merge Heap Roots: 0.8ms
[119.681s][info][gc,phases      ] GC(680)   Evacuate Collection Set: 0.8ms
[119.681s][info][gc,phases      ] GC(680)   Post Evacuate Collection Set: 0.8ms
[119.681s][info][gc,phases      ] GC(680)   Other: 0.2ms
[119.681s][info][gc,heap        ] GC(680) Eden regions: 589->0(599)
[119.681s][info][gc,heap        ] GC(680) Survivor regions: 2->2(41)
[119.681s][info][gc,heap        ] GC(680) Old regions: 129->129
[119.681s][info][gc,heap        ] GC(680) Archive regions: 0->0
[119.681s][info][gc,heap        ] GC(680) Humongous regions: 1287->1213
[119.681s][info][gc,metaspace   ] GC(680) Metaspace: 127661K(129728K)->127661K(129728K) NonClass: 108628K(109312K)->108628K(109312K) Class: 19033K(20416K)->19033K(20416K)
[119.681s][info][gc             ] GC(680) Pause Young (Prepare Mixed) (G1 Evacuation Pause) 2002M->1340M(2048M) 3.246ms
[119.681s][info][gc,cpu         ] GC(680) User=0.00s Sys=0.00s Real=0.00s
[119.715s][info][gc,start       ] GC(681) Pause Young (Mixed) (G1 Evacuation Pause)
[119.715s][info][gc,task        ] GC(681) Using 33 workers of 33 for evacuation
[119.718s][info][gc,phases      ] GC(681)   Pre Evacuate Collection Set: 0.3ms
[119.718s][info][gc,phases      ] GC(681)   Merge Heap Roots: 0.3ms
[119.718s][info][gc,phases      ] GC(681)   Evacuate Collection Set: 1.2ms
[119.718s][info][gc,phases      ] GC(681)   Post Evacuate Collection Set: 0.7ms
[119.718s][info][gc,phases      ] GC(681)   Other: 0.2ms
[119.718s][info][gc,heap        ] GC(681) Eden regions: 599->0(581)
[119.718s][info][gc,heap        ] GC(681) Survivor regions: 2->2(45)
[119.718s][info][gc,heap        ] GC(681) Old regions: 129->118
[119.718s][info][gc,heap        ] GC(681) Archive regions: 0->0
[119.718s][info][gc,heap        ] GC(681) Humongous regions: 1273->1242
[119.718s][info][gc,metaspace   ] GC(681) Metaspace: 127661K(129728K)->127661K(129728K) NonClass: 108628K(109312K)->108628K(109312K) Class: 19033K(20416K)->19033K(20416K)
[119.718s][info][gc             ] GC(681) Pause Young (Mixed) (G1 Evacuation Pause) 1999M->1358M(2048M) 3.210ms
[119.718s][info][gc,cpu         ] GC(681) User=0.00s Sys=0.00s Real=0.00s
[119.722s][info][gc,start       ] GC(682) Pause Young (Concurrent Start) (G1 Humongous Allocation)
[119.722s][info][gc,task        ] GC(682) Using 33 workers of 33 for evacuation
[119.725s][info][gc,phases      ] GC(682)   Pre Evacuate Collection Set: 0.5ms
[119.725s][info][gc,phases      ] GC(682)   Merge Heap Roots: 0.1ms
[119.725s][info][gc,phases      ] GC(682)   Evacuate Collection Set: 1.9ms
[119.725s][info][gc,phases      ] GC(682)   Post Evacuate Collection Set: 0.7ms
[119.725s][info][gc,phases      ] GC(682)   Other: 0.1ms
[119.725s][info][gc,heap        ] GC(682) Eden regions: 57->0(581)
[119.725s][info][gc,heap        ] GC(682) Survivor regions: 2->2(73)
[119.725s][info][gc,heap        ] GC(682) Old regions: 118->118
[119.725s][info][gc,heap        ] GC(682) Archive regions: 0->0
[119.725s][info][gc,heap        ] GC(682) Humongous regions: 1242->1242
[119.725s][info][gc,metaspace   ] GC(682) Metaspace: 127661K(129728K)->127661K(129728K) NonClass: 108628K(109312K)->108628K(109312K) Class: 19033K(20416K)->19033K(20416K)
[119.725s][info][gc             ] GC(682) Pause Young (Concurrent Start) (G1 Humongous Allocation) 1415M->1357M(2048M) 3.694ms
[119.725s][info][gc             ] GC(683) Concurrent Mark Cycle
[119.725s][info][gc,cpu         ] GC(682) User=0.00s Sys=0.00s Real=0.00s
[119.725s][info][gc,marking     ] GC(683) Concurrent Scan Root Regions
[119.728s][info][gc,marking     ] GC(683) Concurrent Scan Root Regions 2.507ms
[119.728s][info][gc,marking     ] GC(683) Concurrent Mark
[119.728s][info][gc,marking     ] GC(683) Concurrent Mark From Roots
[119.728s][info][gc,task        ] GC(683) Using 8 workers of 8 for marking
[119.747s][info][gc,marking     ] GC(683) Concurrent Mark From Roots 18.668ms
[119.747s][info][gc,marking     ] GC(683) Concurrent Preclean
[119.747s][info][gc,marking     ] GC(683) Concurrent Preclean 0.595ms
[119.747s][info][gc,start       ] GC(683) Pause Remark
[119.750s][info][gc             ] GC(683) Pause Remark 1698M->1693M(2048M) 2.936ms
[119.750s][info][gc,cpu         ] GC(683) User=0.00s Sys=0.00s Real=0.00s
[119.751s][info][gc,marking     ] GC(683) Concurrent Mark 22.661ms
[119.751s][info][gc,marking     ] GC(683) Concurrent Rebuild Remembered Sets and Scrub Regions
[119.758s][info][gc,marking     ] GC(683) Concurrent Rebuild Remembered Sets and Scrub Regions 7.151ms
[119.759s][info][gc,start       ] GC(683) Pause Cleanup
[119.759s][info][gc             ] GC(683) Pause Cleanup 1814M->1814M(2048M) 0.507ms
[119.759s][info][gc,cpu         ] GC(683) User=0.00s Sys=0.00s Real=0.00s
[119.759s][info][gc,marking     ] GC(683) Concurrent Clear Claimed Marks
[119.760s][info][gc,marking     ] GC(683) Concurrent Clear Claimed Marks 0.282ms
[119.760s][info][gc,marking     ] GC(683) Concurrent Cleanup for Next Mark
[119.762s][info][gc,marking     ] GC(683) Concurrent Cleanup for Next Mark 2.401ms
[119.762s][info][gc             ] GC(683) Concurrent Mark Cycle 36.775ms
[119.767s][info][gc,start       ] GC(684) Pause Young (Prepare Mixed) (G1 Humongous Allocation)
[119.768s][info][gc,task        ] GC(684) Using 33 workers of 33 for evacuation
[119.770s][info][gc,phases      ] GC(684)   Pre Evacuate Collection Set: 0.3ms
[119.770s][info][gc,phases      ] GC(684)   Merge Heap Roots: 0.8ms
[119.770s][info][gc,phases      ] GC(684)   Evacuate Collection Set: 0.7ms
[119.770s][info][gc,phases      ] GC(684)   Post Evacuate Collection Set: 0.8ms
[119.770s][info][gc,phases      ] GC(684)   Other: 0.1ms
[119.770s][info][gc,heap        ] GC(684) Eden regions: 498->0(588)
[119.770s][info][gc,heap        ] GC(684) Survivor regions: 2->3(73)
[119.770s][info][gc,heap        ] GC(684) Old regions: 117->117
[119.770s][info][gc,heap        ] GC(684) Archive regions: 0->0
[119.771s][info][gc,heap        ] GC(684) Humongous regions: 1328->1234
[119.771s][info][gc,metaspace   ] GC(684) Metaspace: 127661K(129728K)->127661K(129728K) NonClass: 108628K(109312K)->108628K(109312K) Class: 19033K(20416K)->19033K(20416K)
[119.771s][info][gc             ] GC(684) Pause Young (Prepare Mixed) (G1 Humongous Allocation) 1940M->1350M(2048M) 3.087ms
[119.771s][info][gc,cpu         ] GC(684) User=0.00s Sys=0.00s Real=0.00s
[119.806s][info][gc,start       ] GC(685) Pause Young (Mixed) (G1 Humongous Allocation)
[119.806s][info][gc,task        ] GC(685) Using 33 workers of 33 for evacuation
[119.809s][info][gc,phases      ] GC(685)   Pre Evacuate Collection Set: 0.3ms
[119.809s][info][gc,phases      ] GC(685)   Merge Heap Roots: 0.3ms
[119.809s][info][gc,phases      ] GC(685)   Evacuate Collection Set: 1.2ms
[119.809s][info][gc,phases      ] GC(685)   Post Evacuate Collection Set: 0.9ms
[119.809s][info][gc,phases      ] GC(685)   Other: 0.2ms
[119.809s][info][gc,heap        ] GC(685) Eden regions: 573->0(596)
[119.809s][info][gc,heap        ] GC(685) Survivor regions: 3->2(32)
[119.809s][info][gc,heap        ] GC(685) Old regions: 117->107
[119.809s][info][gc,heap        ] GC(685) Archive regions: 0->0
[119.809s][info][gc,heap        ] GC(685) Humongous regions: 1323->1238
[119.809s][info][gc,metaspace   ] GC(685) Metaspace: 127661K(129728K)->127661K(129728K) NonClass: 108628K(109312K)->108628K(109312K) Class: 19033K(20416K)->19033K(20416K)
[119.809s][info][gc             ] GC(685) Pause Young (Mixed) (G1 Humongous Allocation) 2012M->1343M(2048M) 3.401ms
[119.809s][info][gc,cpu         ] GC(685) User=0.00s Sys=0.00s Real=0.00s
[119.810s][info][gc,start       ] GC(686) Pause Young (Concurrent Start) (G1 Humongous Allocation)
[119.811s][info][gc,task        ] GC(686) Using 33 workers of 33 for evacuation
[119.813s][info][gc,phases      ] GC(686)   Pre Evacuate Collection Set: 0.5ms
[119.813s][info][gc,phases      ] GC(686)   Merge Heap Roots: 0.1ms
[119.813s][info][gc,phases      ] GC(686)   Evacuate Collection Set: 1.2ms
[119.813s][info][gc,phases      ] GC(686)   Post Evacuate Collection Set: 0.7ms
[119.813s][info][gc,phases      ] GC(686)   Other: 0.1ms
[119.813s][info][gc,heap        ] GC(686) Eden regions: 13->0(592)
[119.813s][info][gc,heap        ] GC(686) Survivor regions: 2->2(75)
[119.813s][info][gc,heap        ] GC(686) Old regions: 107->107
[119.813s][info][gc,heap        ] GC(686) Archive regions: 0->0
[119.813s][info][gc,heap        ] GC(686) Humongous regions: 1242->1242
[119.813s][info][gc,metaspace   ] GC(686) Metaspace: 127661K(129728K)->127661K(129728K) NonClass: 108628K(109312K)->108628K(109312K) Class: 19033K(20416K)->19033K(20416K)
[119.813s][info][gc             ] GC(686) Pause Young (Concurrent Start) (G1 Humongous Allocation) 1360M->1347M(2048M) 2.970ms
[119.814s][info][gc             ] GC(687) Concurrent Mark Cycle
[119.814s][info][gc,cpu         ] GC(686) User=0.00s Sys=0.00s Real=0.00s
[119.814s][info][gc,marking     ] GC(687) Concurrent Scan Root Regions
[119.816s][info][gc,marking     ] GC(687) Concurrent Scan Root Regions 2.765ms
[119.816s][info][gc,marking     ] GC(687) Concurrent Mark
[119.816s][info][gc,marking     ] GC(687) Concurrent Mark From Roots
[119.816s][info][gc,task        ] GC(687) Using 8 workers of 8 for marking
[119.837s][info][gc,marking     ] GC(687) Concurrent Mark From Roots 20.390ms
[119.837s][info][gc,marking     ] GC(687) Concurrent Preclean
[119.838s][info][gc,marking     ] GC(687) Concurrent Preclean 0.730ms
[119.838s][info][gc,start       ] GC(687) Pause Remark
[119.841s][info][gc             ] GC(687) Pause Remark 1708M->1708M(2048M) 2.948ms
[119.841s][info][gc,cpu         ] GC(687) User=0.00s Sys=0.00s Real=0.00s
[119.841s][info][gc,marking     ] GC(687) Concurrent Mark 24.584ms
[119.841s][info][gc,marking     ] GC(687) Concurrent Rebuild Remembered Sets and Scrub Regions
[119.848s][info][gc,marking     ] GC(687) Concurrent Rebuild Remembered Sets and Scrub Regions 6.717ms
[119.848s][info][gc,start       ] GC(687) Pause Cleanup
[119.849s][info][gc             ] GC(687) Pause Cleanup 1820M->1820M(2048M) 0.460ms
[119.849s][info][gc,cpu         ] GC(687) User=0.00s Sys=0.00s Real=0.00s
[119.849s][info][gc,marking     ] GC(687) Concurrent Clear Claimed Marks
[119.849s][info][gc,marking     ] GC(687) Concurrent Clear Claimed Marks 0.226ms
[119.849s][info][gc,marking     ] GC(687) Concurrent Cleanup for Next Mark
[119.852s][info][gc,marking     ] GC(687) Concurrent Cleanup for Next Mark 2.490ms
[119.852s][info][gc             ] GC(687) Concurrent Mark Cycle 38.324ms
[119.856s][info][gc,start       ] GC(688) Pause Young (Prepare Mixed) (G1 Humongous Allocation)
[119.856s][info][gc,task        ] GC(688) Using 33 workers of 33 for evacuation
[119.859s][info][gc,phases      ] GC(688)   Pre Evacuate Collection Set: 0.3ms
[119.859s][info][gc,phases      ] GC(688)   Merge Heap Roots: 0.8ms
[119.859s][info][gc,phases      ] GC(688)   Evacuate Collection Set: 0.7ms
[119.859s][info][gc,phases      ] GC(688)   Post Evacuate Collection Set: 0.8ms
[119.859s][info][gc,phases      ] GC(688)   Other: 0.1ms
[119.859s][info][gc,heap        ] GC(688) Eden regions: 527->0(588)
[119.859s][info][gc,heap        ] GC(688) Survivor regions: 2->2(75)
[119.859s][info][gc,heap        ] GC(688) Old regions: 107->107
[119.859s][info][gc,heap        ] GC(688) Archive regions: 0->0
[119.859s][info][gc,heap        ] GC(688) Humongous regions: 1300->1246
[119.859s][info][gc,metaspace   ] GC(688) Metaspace: 127661K(129728K)->127661K(129728K) NonClass: 108628K(109312K)->108628K(109312K) Class: 19033K(20416K)->19033K(20416K)
[119.859s][info][gc             ] GC(688) Pause Young (Prepare Mixed) (G1 Humongous Allocation) 1932M->1350M(2048M) 2.851ms
[119.859s][info][gc,cpu         ] GC(688) User=0.00s Sys=0.00s Real=0.00s
[119.890s][info][gc,start       ] GC(689) Pause Young (Mixed) (G1 Humongous Allocation)
[119.890s][info][gc,task        ] GC(689) Using 33 workers of 33 for evacuation
[119.893s][info][gc,phases      ] GC(689)   Pre Evacuate Collection Set: 0.3ms
[119.893s][info][gc,phases      ] GC(689)   Merge Heap Roots: 0.3ms
[119.893s][info][gc,phases      ] GC(689)   Evacuate Collection Set: 1.7ms
[119.893s][info][gc,phases      ] GC(689)   Post Evacuate Collection Set: 0.7ms
[119.893s][info][gc,phases      ] GC(689)   Other: 0.1ms
[119.893s][info][gc,heap        ] GC(689) Eden regions: 521->0(583)
[119.893s][info][gc,heap        ] GC(689) Survivor regions: 2->2(74)
[119.893s][info][gc,heap        ] GC(689) Old regions: 107->99
[119.893s][info][gc,heap        ] GC(689) Archive regions: 0->0
[119.893s][info][gc,heap        ] GC(689) Humongous regions: 1307->1259
[119.893s][info][gc,metaspace   ] GC(689) Metaspace: 127661K(129728K)->127661K(129728K) NonClass: 108628K(109312K)->108628K(109312K) Class: 19033K(20416K)->19033K(20416K)
[119.893s][info][gc             ] GC(689) Pause Young (Mixed) (G1 Humongous Allocation) 1932M->1356M(2048M) 3.247ms
[119.894s][info][gc,cpu         ] GC(689) User=0.19s Sys=0.00s Real=0.01s
[119.894s][info][gc,start       ] GC(690) Pause Young (Concurrent Start) (G1 Humongous Allocation)
[119.894s][info][gc,task        ] GC(690) Using 33 workers of 33 for evacuation
[119.897s][info][gc,phases      ] GC(690)   Pre Evacuate Collection Set: 0.4ms
[119.897s][info][gc,phases      ] GC(690)   Merge Heap Roots: 0.1ms
[119.897s][info][gc,phases      ] GC(690)   Evacuate Collection Set: 1.8ms
[119.897s][info][gc,phases      ] GC(690)   Post Evacuate Collection Set: 0.5ms
[119.897s][info][gc,phases      ] GC(690)   Other: 0.0ms
[119.897s][info][gc,heap        ] GC(690) Eden regions: 6->0(581)
[119.897s][info][gc,heap        ] GC(690) Survivor regions: 2->3(74)
[119.897s][info][gc,heap        ] GC(690) Old regions: 99->99
[119.897s][info][gc,heap        ] GC(690) Archive regions: 0->0
[119.897s][info][gc,heap        ] GC(690) Humongous regions: 1263->1259
[119.897s][info][gc,metaspace   ] GC(690) Metaspace: 127661K(129728K)->127661K(129728K) NonClass: 108628K(109312K)->108628K(109312K) Class: 19033K(20416K)->19033K(20416K)
[119.897s][info][gc             ] GC(690) Pause Young (Concurrent Start) (G1 Humongous Allocation) 1365M->1356M(2048M) 2.969ms
[119.897s][info][gc             ] GC(691) Concurrent Mark Cycle
[119.897s][info][gc,cpu         ] GC(690) User=0.00s Sys=0.00s Real=0.00s
[119.897s][info][gc,marking     ] GC(691) Concurrent Scan Root Regions
[119.900s][info][gc,marking     ] GC(691) Concurrent Scan Root Regions 3.068ms
[119.900s][info][gc,marking     ] GC(691) Concurrent Mark
[119.900s][info][gc,marking     ] GC(691) Concurrent Mark From Roots
[119.900s][info][gc,task        ] GC(691) Using 8 workers of 8 for marking
[119.918s][info][gc,marking     ] GC(691) Concurrent Mark From Roots 17.815ms
[119.918s][info][gc,marking     ] GC(691) Concurrent Preclean
[119.919s][info][gc,marking     ] GC(691) Concurrent Preclean 0.488ms
[119.919s][info][gc,start       ] GC(691) Pause Remark
[119.922s][info][gc             ] GC(691) Pause Remark 1668M->1668M(2048M) 2.844ms
[119.922s][info][gc,cpu         ] GC(691) User=0.00s Sys=0.00s Real=0.00s
[119.922s][info][gc,marking     ] GC(691) Concurrent Mark 21.550ms
[119.922s][info][gc,marking     ] GC(691) Concurrent Rebuild Remembered Sets and Scrub Regions
[119.929s][info][gc,marking     ] GC(691) Concurrent Rebuild Remembered Sets and Scrub Regions 7.370ms
[119.930s][info][gc,start       ] GC(691) Pause Cleanup
[119.930s][info][gc             ] GC(691) Pause Cleanup 1789M->1789M(2048M) 0.410ms
[119.930s][info][gc,cpu         ] GC(691) User=0.00s Sys=0.00s Real=0.00s
[119.930s][info][gc,marking     ] GC(691) Concurrent Clear Claimed Marks
[119.930s][info][gc,marking     ] GC(691) Concurrent Clear Claimed Marks 0.208ms
[119.930s][info][gc,marking     ] GC(691) Concurrent Cleanup for Next Mark
[119.933s][info][gc,marking     ] GC(691) Concurrent Cleanup for Next Mark 2.515ms
[119.933s][info][gc             ] GC(691) Concurrent Mark Cycle 35.647ms
[119.944s][info][gc,start       ] GC(692) Pause Young (Prepare Mixed) (G1 Evacuation Pause)
[119.944s][info][gc,task        ] GC(692) Using 33 workers of 33 for evacuation
[119.947s][info][gc,phases      ] GC(692)   Pre Evacuate Collection Set: 0.3ms
[119.947s][info][gc,phases      ] GC(692)   Merge Heap Roots: 0.8ms
[119.947s][info][gc,phases      ] GC(692)   Evacuate Collection Set: 0.8ms
[119.947s][info][gc,phases      ] GC(692)   Post Evacuate Collection Set: 0.8ms
[119.947s][info][gc,phases      ] GC(692)   Other: 0.2ms
[119.947s][info][gc,heap        ] GC(692) Eden regions: 581->0(572)
[119.947s][info][gc,heap        ] GC(692) Survivor regions: 3->3(4)
[119.947s][info][gc,heap        ] GC(692) Old regions: 99->99
[119.947s][info][gc,heap        ] GC(692) Archive regions: 0->0
[119.947s][info][gc,heap        ] GC(692) Humongous regions: 1361->1268
[119.947s][info][gc,metaspace   ] GC(692) Metaspace: 127661K(129728K)->127661K(129728K) NonClass: 108628K(109312K)->108628K(109312K) Class: 19033K(20416K)->19033K(20416K)
[119.948s][info][gc             ] GC(692) Pause Young (Prepare Mixed) (G1 Evacuation Pause) 2039M->1365M(2048M) 3.137ms
[119.948s][info][gc,cpu         ] GC(692) User=0.00s Sys=0.02s Real=0.00s
[119.979s][info][gc,start       ] GC(693) Pause Young (Mixed) (G1 Humongous Allocation)
[119.979s][info][gc,task        ] GC(693) Using 33 workers of 33 for evacuation
[119.982s][info][gc,phases      ] GC(693)   Pre Evacuate Collection Set: 0.3ms
[119.982s][info][gc,phases      ] GC(693)   Merge Heap Roots: 0.3ms
[119.982s][info][gc,phases      ] GC(693)   Evacuate Collection Set: 1.5ms
[119.982s][info][gc,phases      ] GC(693)   Post Evacuate Collection Set: 0.7ms
[119.982s][info][gc,phases      ] GC(693)   Other: 0.1ms
[119.982s][info][gc,heap        ] GC(693) Eden regions: 550->0(562)
[119.982s][info][gc,heap        ] GC(693) Survivor regions: 3->2(66)
[119.982s][info][gc,heap        ] GC(693) Old regions: 99->92
[119.982s][info][gc,heap        ] GC(693) Archive regions: 0->0
[119.982s][info][gc,heap        ] GC(693) Humongous regions: 1330->1287
[119.982s][info][gc,metaspace   ] GC(693) Metaspace: 127661K(129728K)->127661K(129728K) NonClass: 108628K(109312K)->108628K(109312K) Class: 19033K(20416K)->19033K(20416K)
[119.982s][info][gc             ] GC(693) Pause Young (Mixed) (G1 Humongous Allocation) 1977M->1377M(2048M) 3.154ms
[119.982s][info][gc,cpu         ] GC(693) User=0.00s Sys=0.00s Real=0.00s
[119.993s][info][gc,start       ] GC(694) Pause Young (Concurrent Start) (G1 Humongous Allocation)
[119.993s][info][gc,task        ] GC(694) Using 33 workers of 33 for evacuation
[119.996s][info][gc,phases      ] GC(694)   Pre Evacuate Collection Set: 0.4ms
[119.996s][info][gc,phases      ] GC(694)   Merge Heap Roots: 0.2ms
[119.996s][info][gc,phases      ] GC(694)   Evacuate Collection Set: 1.7ms
[119.996s][info][gc,phases      ] GC(694)   Post Evacuate Collection Set: 0.6ms
[119.996s][info][gc,phases      ] GC(694)   Other: 0.1ms
[119.996s][info][gc,heap        ] GC(694) Eden regions: 210->0(560)
[119.996s][info][gc,heap        ] GC(694) Survivor regions: 2->2(71)
[119.996s][info][gc,heap        ] GC(694) Old regions: 92->92
[119.996s][info][gc,heap        ] GC(694) Archive regions: 0->0
[119.996s][info][gc,heap        ] GC(694) Humongous regions: 1291->1289
[119.996s][info][gc,metaspace   ] GC(694) Metaspace: 127661K(129728K)->127661K(129728K) NonClass: 108628K(109312K)->108628K(109312K) Class: 19033K(20416K)->19033K(20416K)
[119.996s][info][gc             ] GC(694) Pause Young (Concurrent Start) (G1 Humongous Allocation) 1591M->1379M(2048M) 3.120ms
[119.996s][info][gc             ] GC(695) Concurrent Mark Cycle
[119.996s][info][gc,cpu         ] GC(694) User=0.00s Sys=0.00s Real=0.00s
[119.996s][info][gc,marking     ] GC(695) Concurrent Scan Root Regions
[120.001s][info][gc,marking     ] GC(695) Concurrent Scan Root Regions 4.720ms
[120.001s][info][gc,marking     ] GC(695) Concurrent Mark
[120.001s][info][gc,marking     ] GC(695) Concurrent Mark From Roots
[120.001s][info][gc,task        ] GC(695) Using 8 workers of 8 for marking
[120.023s][info][gc,marking     ] GC(695) Concurrent Mark From Roots 21.940ms
[120.023s][info][gc,marking     ] GC(695) Concurrent Preclean
[120.024s][info][gc,marking     ] GC(695) Concurrent Preclean 0.693ms
[120.025s][info][gc,start       ] GC(695) Pause Remark
[120.028s][info][gc             ] GC(695) Pause Remark 1822M->1822M(2048M) 3.624ms
[120.028s][info][gc,cpu         ] GC(695) User=0.02s Sys=0.00s Real=0.02s
[120.028s][info][gc,marking     ] GC(695) Concurrent Mark 27.101ms
[120.028s][info][gc,marking     ] GC(695) Concurrent Rebuild Remembered Sets and Scrub Regions
[120.035s][info][gc,marking     ] GC(695) Concurrent Rebuild Remembered Sets and Scrub Regions 6.815ms
[120.035s][info][gc,start       ] GC(695) Pause Cleanup
[120.036s][info][gc             ] GC(695) Pause Cleanup 1894M->1894M(2048M) 0.436ms
[120.036s][info][gc,cpu         ] GC(695) User=0.00s Sys=0.00s Real=0.00s
[120.036s][info][gc,marking     ] GC(695) Concurrent Clear Claimed Marks
[120.036s][info][gc,marking     ] GC(695) Concurrent Clear Claimed Marks 0.188ms
[120.036s][info][gc,marking     ] GC(695) Concurrent Cleanup for Next Mark
[120.036s][info][gc,start       ] GC(696) Pause Young (Prepare Mixed) (G1 Humongous Allocation)
[120.036s][info][gc,task        ] GC(696) Using 33 workers of 33 for evacuation
[120.039s][info][gc,phases      ] GC(696)   Pre Evacuate Collection Set: 0.3ms
[120.039s][info][gc,phases      ] GC(696)   Merge Heap Roots: 0.7ms
[120.039s][info][gc,phases      ] GC(696)   Evacuate Collection Set: 0.7ms
[120.039s][info][gc,phases      ] GC(696)   Post Evacuate Collection Set: 0.8ms
[120.039s][info][gc,phases      ] GC(696)   Other: 0.1ms
[120.039s][info][gc,heap        ] GC(696) Eden regions: 402->0(563)
[120.039s][info][gc,heap        ] GC(696) Survivor regions: 2->2(71)
[120.039s][info][gc,heap        ] GC(696) Old regions: 92->92
[120.039s][info][gc,heap        ] GC(696) Archive regions: 0->0
[120.039s][info][gc,heap        ] GC(696) Humongous regions: 1404->1286
[120.039s][info][gc,metaspace   ] GC(696) Metaspace: 127665K(129728K)->127665K(129728K) NonClass: 108631K(109312K)->108631K(109312K) Class: 19033K(20416K)->19033K(20416K)
[120.039s][info][gc             ] GC(696) Pause Young (Prepare Mixed) (G1 Humongous Allocation) 1896M->1375M(2048M) 2.723ms
[120.039s][info][gc,cpu         ] GC(696) User=0.00s Sys=0.00s Real=0.00s
[120.041s][info][gc,marking     ] GC(695) Concurrent Cleanup for Next Mark 4.936ms
[120.041s][info][gc             ] GC(695) Concurrent Mark Cycle 44.782ms
[120.079s][info][gc,start       ] GC(697) Pause Young (Mixed) (G1 Evacuation Pause)
[120.079s][info][gc,task        ] GC(697) Using 33 workers of 33 for evacuation
[120.082s][info][gc,phases      ] GC(697)   Pre Evacuate Collection Set: 0.3ms
[120.082s][info][gc,phases      ] GC(697)   Merge Heap Roots: 0.2ms
[120.082s][info][gc,phases      ] GC(697)   Evacuate Collection Set: 1.1ms
[120.082s][info][gc,phases      ] GC(697)   Post Evacuate Collection Set: 0.6ms
[120.082s][info][gc,phases      ] GC(697)   Other: 0.2ms
[120.082s][info][gc,heap        ] GC(697) Eden regions: 563->0(576)
[120.082s][info][gc,heap        ] GC(697) Survivor regions: 2->2(63)
[120.082s][info][gc,heap        ] GC(697) Old regions: 92->85
[120.082s][info][gc,heap        ] GC(697) Archive regions: 0->0
[120.082s][info][gc,heap        ] GC(697) Humongous regions: 1328->1280
[120.082s][info][gc,metaspace   ] GC(697) Metaspace: 127677K(129728K)->127677K(129728K) NonClass: 108644K(109312K)->108644K(109312K) Class: 19033K(20416K)->19033K(20416K)
[120.082s][info][gc             ] GC(697) Pause Young (Mixed) (G1 Evacuation Pause) 1980M->1363M(2048M) 2.759ms
[120.082s][info][gc,cpu         ] GC(697) User=0.00s Sys=0.00s Real=0.00s
[120.088s][info][gc,start       ] GC(698) Pause Young (Concurrent Start) (G1 Humongous Allocation)
[120.088s][info][gc,task        ] GC(698) Using 33 workers of 33 for evacuation
[120.091s][info][gc,phases      ] GC(698)   Pre Evacuate Collection Set: 0.4ms
[120.091s][info][gc,phases      ] GC(698)   Merge Heap Roots: 0.1ms
[120.091s][info][gc,phases      ] GC(698)   Evacuate Collection Set: 1.9ms
[120.091s][info][gc,phases      ] GC(698)   Post Evacuate Collection Set: 0.5ms
[120.091s][info][gc,phases      ] GC(698)   Other: 0.1ms
[120.091s][info][gc,heap        ] GC(698) Eden regions: 96->0(576)
[120.091s][info][gc,heap        ] GC(698) Survivor regions: 2->2(73)
[120.091s][info][gc,heap        ] GC(698) Old regions: 85->85
[120.091s][info][gc,heap        ] GC(698) Archive regions: 0->0
[120.091s][info][gc,heap        ] GC(698) Humongous regions: 1280->1280
[120.091s][info][gc,metaspace   ] GC(698) Metaspace: 127677K(129728K)->127677K(129728K) NonClass: 108644K(109312K)->108644K(109312K) Class: 19033K(20416K)->19033K(20416K)
[120.091s][info][gc             ] GC(698) Pause Young (Concurrent Start) (G1 Humongous Allocation) 1458M->1363M(2048M) 3.157ms
[120.091s][info][gc             ] GC(699) Concurrent Mark Cycle
[120.092s][info][gc,cpu         ] GC(698) User=0.03s Sys=0.00s Real=0.02s
[120.092s][info][gc,marking     ] GC(699) Concurrent Scan Root Regions
[120.095s][info][gc,marking     ] GC(699) Concurrent Scan Root Regions 3.210ms
[120.095s][info][gc,marking     ] GC(699) Concurrent Mark
[120.095s][info][gc,marking     ] GC(699) Concurrent Mark From Roots
[120.095s][info][gc,task        ] GC(699) Using 8 workers of 8 for marking
[120.116s][info][gc,marking     ] GC(699) Concurrent Mark From Roots 20.839ms
[120.116s][info][gc,marking     ] GC(699) Concurrent Preclean
[120.116s][info][gc,marking     ] GC(699) Concurrent Preclean 0.479ms
[120.116s][info][gc,start       ] GC(699) Pause Remark
[120.119s][info][gc             ] GC(699) Pause Remark 1678M->1678M(2048M) 2.859ms
[120.119s][info][gc,cpu         ] GC(699) User=0.00s Sys=0.00s Real=0.00s
[120.119s][info][gc,marking     ] GC(699) Concurrent Mark 24.657ms
[120.120s][info][gc,marking     ] GC(699) Concurrent Rebuild Remembered Sets and Scrub Regions
[120.126s][info][gc,marking     ] GC(699) Concurrent Rebuild Remembered Sets and Scrub Regions 6.108ms
[120.126s][info][gc,start       ] GC(699) Pause Cleanup
[120.126s][info][gc             ] GC(699) Pause Cleanup 1747M->1747M(2048M) 0.387ms
[120.126s][info][gc,cpu         ] GC(699) User=0.00s Sys=0.00s Real=0.00s
[120.126s][info][gc,marking     ] GC(699) Concurrent Clear Claimed Marks
[120.126s][info][gc,marking     ] GC(699) Concurrent Clear Claimed Marks 0.163ms
[120.127s][info][gc,marking     ] GC(699) Concurrent Cleanup for Next Mark
[120.129s][info][gc,marking     ] GC(699) Concurrent Cleanup for Next Mark 2.146ms
[120.129s][info][gc             ] GC(699) Concurrent Mark Cycle 37.203ms
[120.141s][info][gc,start       ] GC(700) Pause Young (Prepare Mixed) (G1 Evacuation Pause)
[120.141s][info][gc,task        ] GC(700) Using 33 workers of 33 for evacuation
[120.143s][info][gc,phases      ] GC(700)   Pre Evacuate Collection Set: 0.3ms
[120.143s][info][gc,phases      ] GC(700)   Merge Heap Roots: 0.8ms
[120.143s][info][gc,phases      ] GC(700)   Evacuate Collection Set: 0.7ms
[120.143s][info][gc,phases      ] GC(700)   Post Evacuate Collection Set: 0.7ms
[120.143s][info][gc,phases      ] GC(700)   Other: 0.1ms
[120.143s][info][gc,heap        ] GC(700) Eden regions: 576->0(575)
[120.143s][info][gc,heap        ] GC(700) Survivor regions: 2->2(73)
[120.143s][info][gc,heap        ] GC(700) Old regions: 85->86
[120.143s][info][gc,heap        ] GC(700) Archive regions: 0->0
[120.143s][info][gc,heap        ] GC(700) Humongous regions: 1303->1280
[120.144s][info][gc,metaspace   ] GC(700) Metaspace: 127677K(129728K)->127677K(129728K) NonClass: 108644K(109312K)->108644K(109312K) Class: 19033K(20416K)->19033K(20416K)
[120.144s][info][gc             ] GC(700) Pause Young (Prepare Mixed) (G1 Evacuation Pause) 1962M->1363M(2048M) 2.772ms
[120.144s][info][gc,cpu         ] GC(700) User=0.00s Sys=0.00s Real=0.00s
[120.182s][info][gc,start       ] GC(701) Pause Young (Mixed) (G1 Evacuation Pause)
[120.182s][info][gc,task        ] GC(701) Using 33 workers of 33 for evacuation
[120.184s][info][gc,phases      ] GC(701)   Pre Evacuate Collection Set: 0.3ms
[120.184s][info][gc,phases      ] GC(701)   Merge Heap Roots: 0.2ms
[120.184s][info][gc,phases      ] GC(701)   Evacuate Collection Set: 1.2ms
[120.184s][info][gc,phases      ] GC(701)   Post Evacuate Collection Set: 0.7ms
[120.184s][info][gc,phases      ] GC(701)   Other: 0.1ms
[120.184s][info][gc,heap        ] GC(701) Eden regions: 575->0(587)
[120.184s][info][gc,heap        ] GC(701) Survivor regions: 2->2(72)
[120.184s][info][gc,heap        ] GC(701) Old regions: 86->80
[120.184s][info][gc,heap        ] GC(701) Archive regions: 0->0
[120.184s][info][gc,heap        ] GC(701) Humongous regions: 1313->1274
[120.184s][info][gc,metaspace   ] GC(701) Metaspace: 127677K(129728K)->127677K(129728K) NonClass: 108644K(109312K)->108644K(109312K) Class: 19033K(20416K)->19033K(20416K)
[120.184s][info][gc             ] GC(701) Pause Young (Mixed) (G1 Evacuation Pause) 1971M->1351M(2048M) 2.671ms
[120.184s][info][gc,cpu         ] GC(701) User=0.00s Sys=0.00s Real=0.00s
[120.196s][info][gc,start       ] GC(702) Pause Young (Concurrent Start) (G1 Humongous Allocation)
[120.196s][info][gc,task        ] GC(702) Using 33 workers of 33 for evacuation
[120.199s][info][gc,phases      ] GC(702)   Pre Evacuate Collection Set: 0.4ms
[120.199s][info][gc,phases      ] GC(702)   Merge Heap Roots: 0.1ms
[120.199s][info][gc,phases      ] GC(702)   Evacuate Collection Set: 1.8ms
[120.199s][info][gc,phases      ] GC(702)   Post Evacuate Collection Set: 0.6ms
[120.199s][info][gc,phases      ] GC(702)   Other: 0.1ms
[120.199s][info][gc,heap        ] GC(702) Eden regions: 169->0(587)
[120.199s][info][gc,heap        ] GC(702) Survivor regions: 2->2(74)
[120.199s][info][gc,heap        ] GC(702) Old regions: 80->80
[120.199s][info][gc,heap        ] GC(702) Archive regions: 0->0
[120.199s][info][gc,heap        ] GC(702) Humongous regions: 1274->1274
[120.199s][info][gc,metaspace   ] GC(702) Metaspace: 127677K(129728K)->127677K(129728K) NonClass: 108644K(109312K)->108644K(109312K) Class: 19033K(20416K)->19033K(20416K)
[120.199s][info][gc             ] GC(702) Pause Young (Concurrent Start) (G1 Humongous Allocation) 1519M->1351M(2048M) 3.211ms
[120.199s][info][gc             ] GC(703) Concurrent Mark Cycle
[120.199s][info][gc,cpu         ] GC(702) User=0.00s Sys=0.00s Real=0.00s
[120.199s][info][gc,marking     ] GC(703) Concurrent Scan Root Regions
[120.201s][info][gc,marking     ] GC(703) Concurrent Scan Root Regions 1.866ms
[120.201s][info][gc,marking     ] GC(703) Concurrent Mark
[120.201s][info][gc,marking     ] GC(703) Concurrent Mark From Roots
[120.201s][info][gc,task        ] GC(703) Using 8 workers of 8 for marking
[120.220s][info][gc,marking     ] GC(703) Concurrent Mark From Roots 18.799ms
[120.220s][info][gc,marking     ] GC(703) Concurrent Preclean
[120.221s][info][gc,marking     ] GC(703) Concurrent Preclean 0.422ms
[120.221s][info][gc,start       ] GC(703) Pause Remark
[120.224s][info][gc             ] GC(703) Pause Remark 1583M->1583M(2048M) 2.898ms
[120.224s][info][gc,cpu         ] GC(703) User=0.50s Sys=0.02s Real=0.02s
[120.224s][info][gc,marking     ] GC(703) Concurrent Mark 22.488ms
[120.224s][info][gc,marking     ] GC(703) Concurrent Rebuild Remembered Sets and Scrub Regions
[120.230s][info][gc,marking     ] GC(703) Concurrent Rebuild Remembered Sets and Scrub Regions 6.399ms
[120.230s][info][gc,start       ] GC(703) Pause Cleanup
[120.231s][info][gc             ] GC(703) Pause Cleanup 1661M->1661M(2048M) 0.354ms
[120.231s][info][gc,cpu         ] GC(703) User=0.00s Sys=0.00s Real=0.00s
[120.231s][info][gc,marking     ] GC(703) Concurrent Clear Claimed Marks
[120.231s][info][gc,marking     ] GC(703) Concurrent Clear Claimed Marks 0.161ms
[120.231s][info][gc,marking     ] GC(703) Concurrent Cleanup for Next Mark
[120.233s][info][gc,marking     ] GC(703) Concurrent Cleanup for Next Mark 2.183ms
[120.233s][info][gc             ] GC(703) Concurrent Mark Cycle 33.851ms
[120.250s][info][gc,start       ] GC(704) Pause Young (Prepare Mixed) (G1 Evacuation Pause)
[120.250s][info][gc,task        ] GC(704) Using 33 workers of 33 for evacuation
[120.252s][info][gc,phases      ] GC(704)   Pre Evacuate Collection Set: 0.3ms
[120.252s][info][gc,phases      ] GC(704)   Merge Heap Roots: 0.8ms
[120.252s][info][gc,phases      ] GC(704)   Evacuate Collection Set: 0.7ms
[120.252s][info][gc,phases      ] GC(704)   Post Evacuate Collection Set: 0.8ms
[120.252s][info][gc,phases      ] GC(704)   Other: 0.2ms
[120.252s][info][gc,heap        ] GC(704) Eden regions: 587->0(579)
[120.252s][info][gc,heap        ] GC(704) Survivor regions: 2->2(74)
[120.253s][info][gc,heap        ] GC(704) Old regions: 80->80
[120.253s][info][gc,heap        ] GC(704) Archive regions: 0->0
[120.253s][info][gc,heap        ] GC(704) Humongous regions: 1289->1282
[120.253s][info][gc,metaspace   ] GC(704) Metaspace: 127677K(129728K)->127677K(129728K) NonClass: 108644K(109312K)->108644K(109312K) Class: 19033K(20416K)->19033K(20416K)
[120.253s][info][gc             ] GC(704) Pause Young (Prepare Mixed) (G1 Evacuation Pause) 1953M->1359M(2048M) 3.049ms
[120.253s][info][gc,cpu         ] GC(704) User=0.00s Sys=0.00s Real=0.00s
[120.288s][info][gc,start       ] GC(705) Pause Young (Mixed) (G1 Evacuation Pause)
[120.288s][info][gc,task        ] GC(705) Using 33 workers of 33 for evacuation
[120.290s][info][gc,phases      ] GC(705)   Pre Evacuate Collection Set: 0.3ms
[120.290s][info][gc,phases      ] GC(705)   Merge Heap Roots: 0.2ms
[120.290s][info][gc,phases      ] GC(705)   Evacuate Collection Set: 1.1ms
[120.290s][info][gc,phases      ] GC(705)   Post Evacuate Collection Set: 0.7ms
[120.290s][info][gc,phases      ] GC(705)   Other: 0.1ms
[120.290s][info][gc,heap        ] GC(705) Eden regions: 579->0(586)
[120.290s][info][gc,heap        ] GC(705) Survivor regions: 2->2(73)
[120.290s][info][gc,heap        ] GC(705) Old regions: 80->75
[120.290s][info][gc,heap        ] GC(705) Archive regions: 0->0
[120.290s][info][gc,heap        ] GC(705) Humongous regions: 1300->1280
[120.290s][info][gc,metaspace   ] GC(705) Metaspace: 127677K(129728K)->127677K(129728K) NonClass: 108644K(109312K)->108644K(109312K) Class: 19033K(20416K)->19033K(20416K)
[120.290s][info][gc             ] GC(705) Pause Young (Mixed) (G1 Evacuation Pause) 1956M->1352M(2048M) 2.565ms
[120.290s][info][gc,cpu         ] GC(705) User=0.00s Sys=0.00s Real=0.00s
[120.293s][info][gc,start       ] GC(706) Pause Young (Concurrent Start) (G1 Humongous Allocation)
[120.293s][info][gc,task        ] GC(706) Using 33 workers of 33 for evacuation
[120.295s][info][gc,phases      ] GC(706)   Pre Evacuate Collection Set: 0.4ms
[120.295s][info][gc,phases      ] GC(706)   Merge Heap Roots: 0.1ms
[120.295s][info][gc,phases      ] GC(706)   Evacuate Collection Set: 1.2ms
[120.295s][info][gc,phases      ] GC(706)   Post Evacuate Collection Set: 0.5ms
[120.295s][info][gc,phases      ] GC(706)   Other: 0.0ms
[120.295s][info][gc,heap        ] GC(706) Eden regions: 46->0(586)
[120.295s][info][gc,heap        ] GC(706) Survivor regions: 2->2(74)
[120.295s][info][gc,heap        ] GC(706) Old regions: 75->75
[120.295s][info][gc,heap        ] GC(706) Archive regions: 0->0
[120.295s][info][gc,heap        ] GC(706) Humongous regions: 1280->1280
[120.295s][info][gc,metaspace   ] GC(706) Metaspace: 127677K(129728K)->127677K(129728K) NonClass: 108644K(109312K)->108644K(109312K) Class: 19033K(20416K)->19033K(20416K)
[120.295s][info][gc             ] GC(706) Pause Young (Concurrent Start) (G1 Humongous Allocation) 1398M->1352M(2048M) 2.426ms
[120.295s][info][gc             ] GC(707) Concurrent Mark Cycle
[120.295s][info][gc,cpu         ] GC(706) User=0.00s Sys=0.00s Real=0.00s
[120.295s][info][gc,marking     ] GC(707) Concurrent Scan Root Regions
[120.298s][info][gc,marking     ] GC(707) Concurrent Scan Root Regions 2.888ms
[120.298s][info][gc,marking     ] GC(707) Concurrent Mark
[120.298s][info][gc,marking     ] GC(707) Concurrent Mark From Roots
[120.298s][info][gc,task        ] GC(707) Using 8 workers of 8 for marking
[120.316s][info][gc,marking     ] GC(707) Concurrent Mark From Roots 17.823ms
[120.316s][info][gc,marking     ] GC(707) Concurrent Preclean
[120.317s][info][gc,marking     ] GC(707) Concurrent Preclean 0.408ms
[120.317s][info][gc,start       ] GC(707) Pause Remark
[120.320s][info][gc             ] GC(707) Pause Remark 1594M->1594M(2048M) 2.765ms
[120.320s][info][gc,cpu         ] GC(707) User=0.00s Sys=0.00s Real=0.00s
[120.320s][info][gc,marking     ] GC(707) Concurrent Mark 21.383ms
[120.320s][info][gc,marking     ] GC(707) Concurrent Rebuild Remembered Sets and Scrub Regions
[120.326s][info][gc,marking     ] GC(707) Concurrent Rebuild Remembered Sets and Scrub Regions 6.510ms
[120.327s][info][gc,start       ] GC(707) Pause Cleanup
[120.327s][info][gc             ] GC(707) Pause Cleanup 1672M->1672M(2048M) 0.388ms
[120.327s][info][gc,cpu         ] GC(707) User=0.00s Sys=0.00s Real=0.00s
[120.327s][info][gc,marking     ] GC(707) Concurrent Clear Claimed Marks
[120.327s][info][gc,marking     ] GC(707) Concurrent Clear Claimed Marks 0.149ms
[120.327s][info][gc,marking     ] GC(707) Concurrent Cleanup for Next Mark
[120.329s][info][gc,marking     ] GC(707) Concurrent Cleanup for Next Mark 2.114ms
[120.329s][info][gc             ] GC(707) Concurrent Mark Cycle 34.012ms
[120.348s][info][gc,start       ] GC(708) Pause Young (Prepare Mixed) (G1 Evacuation Pause)
[120.348s][info][gc,task        ] GC(708) Using 33 workers of 33 for evacuation
[120.351s][info][gc,phases      ] GC(708)   Pre Evacuate Collection Set: 0.3ms
[120.351s][info][gc,phases      ] GC(708)   Merge Heap Roots: 0.8ms
[120.351s][info][gc,phases      ] GC(708)   Evacuate Collection Set: 0.7ms
[120.351s][info][gc,phases      ] GC(708)   Post Evacuate Collection Set: 0.9ms
[120.351s][info][gc,phases      ] GC(708)   Other: 0.2ms
[120.351s][info][gc,heap        ] GC(708) Eden regions: 586->0(598)
[120.351s][info][gc,heap        ] GC(708) Survivor regions: 2->2(74)
[120.351s][info][gc,heap        ] GC(708) Old regions: 75->75
[120.351s][info][gc,heap        ] GC(708) Archive regions: 0->0
[120.351s][info][gc,heap        ] GC(708) Humongous regions: 1310->1268
[120.351s][info][gc,metaspace   ] GC(708) Metaspace: 127677K(129728K)->127677K(129728K) NonClass: 108644K(109312K)->108644K(109312K) Class: 19033K(20416K)->19033K(20416K)
[120.351s][info][gc             ] GC(708) Pause Young (Prepare Mixed) (G1 Evacuation Pause) 1968M->1340M(2048M) 3.194ms
[120.351s][info][gc,cpu         ] GC(708) User=0.00s Sys=0.00s Real=0.00s
[120.830s][info][gc,start       ] GC(709) Pause Full (System.gc())
[120.830s][info][gc,task        ] GC(709) Using 33 workers of 33 for full compaction
[120.831s][info][gc,phases,start] GC(709) Phase 1: Mark live objects
[120.873s][info][gc,phases      ] GC(709) Phase 1: Mark live objects 41.529ms
[120.873s][info][gc,phases,start] GC(709) Phase 2: Prepare compaction
[120.876s][info][gc,phases      ] GC(709) Phase 2: Prepare compaction 3.325ms
[120.876s][info][gc,phases,start] GC(709) Phase 3: Adjust pointers
[120.886s][info][gc,phases      ] GC(709) Phase 3: Adjust pointers 9.579ms
[120.886s][info][gc,phases,start] GC(709) Phase 4: Compact heap
[120.887s][info][gc,phases      ] GC(709) Phase 4: Compact heap 0.804ms
[120.899s][info][gc,heap        ] GC(709) Eden regions: 415->0(870)
[120.899s][info][gc,heap        ] GC(709) Survivor regions: 2->0(74)
[120.899s][info][gc,heap        ] GC(709) Old regions: 75->67
[120.899s][info][gc,heap        ] GC(709) Archive regions: 0->0
[120.899s][info][gc,heap        ] GC(709) Humongous regions: 1273->1008
[120.899s][info][gc,metaspace   ] GC(709) Metaspace: 127771K(129856K)->127771K(129856K) NonClass: 108738K(109440K)->108738K(109440K) Class: 19033K(20416K)->19033K(20416K)
[120.899s][info][gc             ] GC(709) Pause Full (System.gc()) 1759M->1054M(2048M) 69.490ms
[120.899s][info][gc,cpu         ] GC(709) User=1.38s Sys=0.05s Real=0.08s
[120.966s][info][gc,start       ] GC(710) Pause Young (Concurrent Start) (G1 Humongous Allocation)
[120.966s][info][gc,task        ] GC(710) Using 33 workers of 33 for evacuation
[120.969s][info][gc,phases      ] GC(710)   Pre Evacuate Collection Set: 0.5ms
[120.969s][info][gc,phases      ] GC(710)   Merge Heap Roots: 0.1ms
[120.969s][info][gc,phases      ] GC(710)   Evacuate Collection Set: 2.0ms
[120.969s][info][gc,phases      ] GC(710)   Post Evacuate Collection Set: 0.7ms
[120.969s][info][gc,phases      ] GC(710)   Other: 0.1ms
[120.969s][info][gc,heap        ] GC(710) Eden regions: 10->0(868)
[120.969s][info][gc,heap        ] GC(710) Survivor regions: 0->1(109)
[120.969s][info][gc,heap        ] GC(710) Old regions: 67->67
[120.969s][info][gc,heap        ] GC(710) Archive regions: 0->0
[120.969s][info][gc,heap        ] GC(710) Humongous regions: 1008->1008
[120.969s][info][gc,metaspace   ] GC(710) Metaspace: 127862K(129920K)->127862K(129920K) NonClass: 108828K(109504K)->108828K(109504K) Class: 19033K(20416K)->19033K(20416K)
[120.969s][info][gc             ] GC(710) Pause Young (Concurrent Start) (G1 Humongous Allocation) 1063M->1054M(2048M) 3.537ms
[120.970s][info][gc             ] GC(711) Concurrent Mark Cycle
[120.970s][info][gc,cpu         ] GC(710) User=0.00s Sys=0.00s Real=0.00s
[120.970s][info][gc,marking     ] GC(711) Concurrent Scan Root Regions
[120.974s][info][gc,marking     ] GC(711) Concurrent Scan Root Regions 4.162ms
[121.045s][info][gc,marking     ] GC(711) Concurrent Mark
[121.046s][info][gc,marking     ] GC(711) Concurrent Mark From Roots
[121.046s][info][gc,task        ] GC(711) Using 8 workers of 8 for marking
[121.061s][info][gc,start       ] GC(712) Pause Young (Normal) (G1 Evacuation Pause)
[121.061s][info][gc,task        ] GC(712) Using 33 workers of 33 for evacuation
[121.064s][info][gc,phases      ] GC(712)   Pre Evacuate Collection Set: 0.3ms
[121.064s][info][gc,phases      ] GC(712)   Merge Heap Roots: 0.3ms
[121.064s][info][gc,phases      ] GC(712)   Evacuate Collection Set: 1.7ms
[121.064s][info][gc,phases      ] GC(712)   Post Evacuate Collection Set: 0.9ms
[121.064s][info][gc,phases      ] GC(712)   Other: 0.1ms
[121.064s][info][gc,heap        ] GC(712) Eden regions: 868->0(842)
[121.064s][info][gc,heap        ] GC(712) Survivor regions: 1->13(97)
[121.064s][info][gc,heap        ] GC(712) Old regions: 67->67
[121.064s][info][gc,heap        ] GC(712) Archive regions: 0->0
[121.064s][info][gc,heap        ] GC(712) Humongous regions: 1015->1010
[121.064s][info][gc,metaspace   ] GC(712) Metaspace: 127960K(129984K)->127960K(129984K) NonClass: 108926K(109568K)->108926K(109568K) Class: 19033K(20416K)->19033K(20416K)
[121.064s][info][gc             ] GC(712) Pause Young (Normal) (G1 Evacuation Pause) 1929M->1068M(2048M) 3.507ms
[121.064s][info][gc,cpu         ] GC(712) User=0.00s Sys=0.00s Real=0.00s
[121.105s][info][gc,marking     ] GC(711) Concurrent Mark From Roots 58.918ms
[121.105s][info][gc,marking     ] GC(711) Concurrent Preclean
[121.107s][info][gc,marking     ] GC(711) Concurrent Preclean 2.108ms
[121.108s][info][gc,start       ] GC(711) Pause Remark
[121.113s][info][gc             ] GC(711) Pause Remark 1680M->1680M(2048M) 4.620ms
[121.113s][info][gc,cpu         ] GC(711) User=0.00s Sys=0.00s Real=0.00s
[121.113s][info][gc,marking     ] GC(711) Concurrent Mark 67.634ms
[121.113s][info][gc,marking     ] GC(711) Concurrent Rebuild Remembered Sets and Scrub Regions
[121.130s][info][gc,start       ] GC(713) Pause Young (Normal) (G1 Evacuation Pause)
[121.131s][info][gc,task        ] GC(713) Using 33 workers of 33 for evacuation
[121.133s][info][gc,phases      ] GC(713)   Pre Evacuate Collection Set: 0.3ms
[121.133s][info][gc,phases      ] GC(713)   Merge Heap Roots: 0.3ms
[121.133s][info][gc,phases      ] GC(713)   Evacuate Collection Set: 1.2ms
[121.133s][info][gc,phases      ] GC(713)   Post Evacuate Collection Set: 0.8ms
[121.133s][info][gc,phases      ] GC(713)   Other: 0.1ms
[121.133s][info][gc,heap        ] GC(713) Eden regions: 842->0(837)
[121.133s][info][gc,heap        ] GC(713) Survivor regions: 13->10(104)
[121.133s][info][gc,heap        ] GC(713) Old regions: 67->67
[121.133s][info][gc,heap        ] GC(713) Archive regions: 0->0
[121.133s][info][gc,heap        ] GC(713) Humongous regions: 1022->1021
[121.133s][info][gc,metaspace   ] GC(713) Metaspace: 127960K(129984K)->127960K(129984K) NonClass: 108926K(109568K)->108926K(109568K) Class: 19033K(20416K)->19033K(20416K)
[121.133s][info][gc             ] GC(713) Pause Young (Normal) (G1 Evacuation Pause) 1922M->1076M(2048M) 2.984ms
[121.134s][info][gc,cpu         ] GC(713) User=0.02s Sys=0.00s Real=0.01s
[121.136s][info][gc,marking     ] GC(711) Concurrent Rebuild Remembered Sets and Scrub Regions 23.149ms
[121.137s][info][gc,start       ] GC(711) Pause Cleanup
[121.138s][info][gc             ] GC(711) Pause Cleanup 1132M->1132M(2048M) 0.527ms
[121.138s][info][gc,cpu         ] GC(711) User=0.00s Sys=0.00s Real=0.00s
[121.138s][info][gc,marking     ] GC(711) Concurrent Clear Claimed Marks
[121.139s][info][gc,marking     ] GC(711) Concurrent Clear Claimed Marks 0.965ms
[121.139s][info][gc,marking     ] GC(711) Concurrent Cleanup for Next Mark
[121.148s][info][gc,marking     ] GC(711) Concurrent Cleanup for Next Mark 8.776ms
[121.149s][info][gc             ] GC(711) Concurrent Mark Cycle 179.002ms
[121.196s][info][gc,start       ] GC(714) Pause Young (Prepare Mixed) (G1 Evacuation Pause)
[121.196s][info][gc,task        ] GC(714) Using 33 workers of 33 for evacuation
[121.199s][info][gc,phases      ] GC(714)   Pre Evacuate Collection Set: 0.3ms
[121.199s][info][gc,phases      ] GC(714)   Merge Heap Roots: 0.8ms
[121.199s][info][gc,phases      ] GC(714)   Evacuate Collection Set: 1.3ms
[121.199s][info][gc,phases      ] GC(714)   Post Evacuate Collection Set: 0.8ms
[121.199s][info][gc,phases      ] GC(714)   Other: 0.1ms
[121.199s][info][gc,heap        ] GC(714) Eden regions: 837->0(826)
[121.199s][info][gc,heap        ] GC(714) Survivor regions: 10->10(91)
[121.199s][info][gc,heap        ] GC(714) Old regions: 67->67
[121.199s][info][gc,heap        ] GC(714) Archive regions: 0->0
[121.199s][info][gc,heap        ] GC(714) Humongous regions: 1043->1032
[121.200s][info][gc,metaspace   ] GC(714) Metaspace: 127960K(129984K)->127960K(129984K) NonClass: 108926K(109568K)->108926K(109568K) Class: 19033K(20416K)->19033K(20416K)
[121.200s][info][gc             ] GC(714) Pause Young (Prepare Mixed) (G1 Evacuation Pause) 1935M->1087M(2048M) 3.522ms
[121.200s][info][gc,cpu         ] GC(714) User=0.00s Sys=0.00s Real=0.00s
[121.260s][info][gc,start       ] GC(715) Pause Young (Mixed) (G1 Evacuation Pause)
[121.260s][info][gc,task        ] GC(715) Using 33 workers of 33 for evacuation
[121.263s][info][gc,phases      ] GC(715)   Pre Evacuate Collection Set: 0.3ms
[121.263s][info][gc,phases      ] GC(715)   Merge Heap Roots: 0.3ms
[121.263s][info][gc,phases      ] GC(715)   Evacuate Collection Set: 1.7ms
[121.263s][info][gc,phases      ] GC(715)   Post Evacuate Collection Set: 0.8ms
[121.263s][info][gc,phases      ] GC(715)   Other: 0.1ms
[121.263s][info][gc,heap        ] GC(715) Eden regions: 826->0(809)
[121.263s][info][gc,heap        ] GC(715) Survivor regions: 10->10(81)
[121.263s][info][gc,heap        ] GC(715) Old regions: 67->64
[121.263s][info][gc,heap        ] GC(715) Archive regions: 0->0
[121.263s][info][gc,heap        ] GC(715) Humongous regions: 1064->1052
[121.263s][info][gc,metaspace   ] GC(715) Metaspace: 127960K(129984K)->127960K(129984K) NonClass: 108926K(109568K)->108926K(109568K) Class: 19033K(20416K)->19033K(20416K)
[121.263s][info][gc             ] GC(715) Pause Young (Mixed) (G1 Evacuation Pause) 1945M->1107M(2048M) 3.426ms
[121.263s][info][gc,cpu         ] GC(715) User=0.00s Sys=0.00s Real=0.00s
[121.268s][info][gc,start       ] GC(716) Pause Young (Concurrent Start) (G1 Humongous Allocation)
[121.268s][info][gc,task        ] GC(716) Using 33 workers of 33 for evacuation
[121.271s][info][gc,phases      ] GC(716)   Pre Evacuate Collection Set: 0.4ms
[121.271s][info][gc,phases      ] GC(716)   Merge Heap Roots: 0.1ms
[121.271s][info][gc,phases      ] GC(716)   Evacuate Collection Set: 1.7ms
[121.271s][info][gc,phases      ] GC(716)   Post Evacuate Collection Set: 0.6ms
[121.271s][info][gc,phases      ] GC(716)   Other: 0.0ms
[121.271s][info][gc,heap        ] GC(716) Eden regions: 75->0(813)
[121.271s][info][gc,heap        ] GC(716) Survivor regions: 10->10(103)
[121.271s][info][gc,heap        ] GC(716) Old regions: 64->64
[121.271s][info][gc,heap        ] GC(716) Archive regions: 0->0
[121.271s][info][gc,heap        ] GC(716) Humongous regions: 1052->1048
[121.271s][info][gc,metaspace   ] GC(716) Metaspace: 127960K(129984K)->127960K(129984K) NonClass: 108926K(109568K)->108926K(109568K) Class: 19033K(20416K)->19033K(20416K)
[121.271s][info][gc             ] GC(716) Pause Young (Concurrent Start) (G1 Humongous Allocation) 1182M->1103M(2048M) 3.078ms
[121.271s][info][gc             ] GC(717) Concurrent Mark Cycle
[121.271s][info][gc,cpu         ] GC(716) User=0.00s Sys=0.00s Real=0.00s
[121.271s][info][gc,marking     ] GC(717) Concurrent Scan Root Regions
[121.291s][info][gc,marking     ] GC(717) Concurrent Scan Root Regions 19.371ms
[121.291s][info][gc,marking     ] GC(717) Concurrent Mark
[121.291s][info][gc,marking     ] GC(717) Concurrent Mark From Roots
[121.291s][info][gc,task        ] GC(717) Using 8 workers of 8 for marking
[121.331s][info][gc,start       ] GC(718) Pause Young (Normal) (G1 Evacuation Pause)
[121.331s][info][gc,task        ] GC(718) Using 33 workers of 33 for evacuation
[121.334s][info][gc,phases      ] GC(718)   Pre Evacuate Collection Set: 0.3ms
[121.334s][info][gc,phases      ] GC(718)   Merge Heap Roots: 0.3ms
[121.334s][info][gc,phases      ] GC(718)   Evacuate Collection Set: 1.2ms
[121.334s][info][gc,phases      ] GC(718)   Post Evacuate Collection Set: 0.7ms
[121.334s][info][gc,phases      ] GC(718)   Other: 0.1ms
[121.334s][info][gc,heap        ] GC(718) Eden regions: 813->0(805)
[121.334s][info][gc,heap        ] GC(718) Survivor regions: 10->10(97)
[121.334s][info][gc,heap        ] GC(718) Old regions: 64->64
[121.334s][info][gc,heap        ] GC(718) Archive regions: 0->0
[121.334s][info][gc,heap        ] GC(718) Humongous regions: 1064->1056
[121.334s][info][gc,metaspace   ] GC(718) Metaspace: 127960K(129984K)->127960K(129984K) NonClass: 108926K(109568K)->108926K(109568K) Class: 19033K(20416K)->19033K(20416K)
[121.334s][info][gc             ] GC(718) Pause Young (Normal) (G1 Evacuation Pause) 1932M->1111M(2048M) 2.867ms
[121.334s][info][gc,cpu         ] GC(718) User=0.00s Sys=0.00s Real=0.00s
[121.344s][info][gc,marking     ] GC(717) Concurrent Mark From Roots 53.083ms
[121.345s][info][gc,marking     ] GC(717) Concurrent Preclean
[121.348s][info][gc,marking     ] GC(717) Concurrent Preclean 2.881ms
[121.349s][info][gc,start       ] GC(717) Pause Remark
[121.352s][info][gc             ] GC(717) Pause Remark 1324M->1324M(2048M) 3.470ms
[121.352s][info][gc,cpu         ] GC(717) User=0.52s Sys=0.00s Real=0.02s
[121.352s][info][gc,marking     ] GC(717) Concurrent Mark 61.040ms
[121.352s][info][gc,marking     ] GC(717) Concurrent Rebuild Remembered Sets and Scrub Regions
[121.368s][info][gc,marking     ] GC(717) Concurrent Rebuild Remembered Sets and Scrub Regions 15.325ms
[121.369s][info][gc,start       ] GC(717) Pause Cleanup
[121.369s][info][gc             ] GC(717) Pause Cleanup 1553M->1553M(2048M) 0.331ms
[121.369s][info][gc,cpu         ] GC(717) User=0.00s Sys=0.00s Real=0.00s
[121.369s][info][gc,marking     ] GC(717) Concurrent Clear Claimed Marks
[121.370s][info][gc,marking     ] GC(717) Concurrent Clear Claimed Marks 1.325ms
[121.371s][info][gc,marking     ] GC(717) Concurrent Cleanup for Next Mark
[121.381s][info][gc,marking     ] GC(717) Concurrent Cleanup for Next Mark 9.918ms
[121.381s][info][gc             ] GC(717) Concurrent Mark Cycle 109.877ms
[121.397s][info][gc,start       ] GC(719) Pause Young (Prepare Mixed) (G1 Evacuation Pause)
[121.397s][info][gc,task        ] GC(719) Using 33 workers of 33 for evacuation
[121.400s][info][gc,phases      ] GC(719)   Pre Evacuate Collection Set: 0.3ms
[121.400s][info][gc,phases      ] GC(719)   Merge Heap Roots: 0.7ms
[121.400s][info][gc,phases      ] GC(719)   Evacuate Collection Set: 1.3ms
[121.400s][info][gc,phases      ] GC(719)   Post Evacuate Collection Set: 0.8ms
[121.400s][info][gc,phases      ] GC(719)   Other: 0.1ms
[121.400s][info][gc,heap        ] GC(719) Eden regions: 805->0(805)
[121.400s][info][gc,heap        ] GC(719) Survivor regions: 10->10(102)
[121.400s][info][gc,heap        ] GC(719) Old regions: 64->64
[121.400s][info][gc,heap        ] GC(719) Archive regions: 0->0
[121.400s][info][gc,heap        ] GC(719) Humongous regions: 1056->1056
[121.400s][info][gc,metaspace   ] GC(719) Metaspace: 127960K(129984K)->127960K(129984K) NonClass: 108926K(109568K)->108926K(109568K) Class: 19033K(20416K)->19033K(20416K)
[121.400s][info][gc             ] GC(719) Pause Young (Prepare Mixed) (G1 Evacuation Pause) 1916M->1111M(2048M) 3.383ms
[121.400s][info][gc,cpu         ] GC(719) User=0.00s Sys=0.00s Real=0.00s
[121.459s][info][gc,start       ] GC(720) Pause Young (Mixed) (G1 Evacuation Pause)
[121.459s][info][gc,task        ] GC(720) Using 33 workers of 33 for evacuation
[121.462s][info][gc,phases      ] GC(720)   Pre Evacuate Collection Set: 0.3ms
[121.462s][info][gc,phases      ] GC(720)   Merge Heap Roots: 0.3ms
[121.462s][info][gc,phases      ] GC(720)   Evacuate Collection Set: 1.7ms
[121.462s][info][gc,phases      ] GC(720)   Post Evacuate Collection Set: 0.8ms
[121.462s][info][gc,phases      ] GC(720)   Other: 0.1ms
[121.462s][info][gc,heap        ] GC(720) Eden regions: 805->0(792)
[121.462s][info][gc,heap        ] GC(720) Survivor regions: 10->10(85)
[121.462s][info][gc,heap        ] GC(720) Old regions: 64->61
[121.462s][info][gc,heap        ] GC(720) Archive regions: 0->0
[121.462s][info][gc,heap        ] GC(720) Humongous regions: 1084->1072
[121.462s][info][gc,metaspace   ] GC(720) Metaspace: 127960K(129984K)->127960K(129984K) NonClass: 108926K(109568K)->108926K(109568K) Class: 19033K(20416K)->19033K(20416K)
[121.462s][info][gc             ] GC(720) Pause Young (Mixed) (G1 Evacuation Pause) 1944M->1127M(2048M) 3.371ms
[121.462s][info][gc,cpu         ] GC(720) User=0.00s Sys=0.00s Real=0.00s
[121.463s][info][gc,start       ] GC(721) Pause Young (Concurrent Start) (G1 Humongous Allocation)
[121.463s][info][gc,task        ] GC(721) Using 33 workers of 33 for evacuation
[121.466s][info][gc,phases      ] GC(721)   Pre Evacuate Collection Set: 0.4ms
[121.466s][info][gc,phases      ] GC(721)   Merge Heap Roots: 0.1ms
[121.466s][info][gc,phases      ] GC(721)   Evacuate Collection Set: 1.7ms
[121.466s][info][gc,phases      ] GC(721)   Post Evacuate Collection Set: 0.5ms
[121.466s][info][gc,phases      ] GC(721)   Other: 0.0ms
[121.466s][info][gc,heap        ] GC(721) Eden regions: 12->0(792)
[121.466s][info][gc,heap        ] GC(721) Survivor regions: 10->10(101)
[121.466s][info][gc,heap        ] GC(721) Old regions: 61->61
[121.466s][info][gc,heap        ] GC(721) Archive regions: 0->0
[121.466s][info][gc,heap        ] GC(721) Humongous regions: 1072->1072
[121.466s][info][gc,metaspace   ] GC(721) Metaspace: 127960K(129984K)->127960K(129984K) NonClass: 108926K(109568K)->108926K(109568K) Class: 19033K(20416K)->19033K(20416K)
[121.466s][info][gc             ] GC(721) Pause Young (Concurrent Start) (G1 Humongous Allocation) 1139M->1127M(2048M) 2.922ms
[121.466s][info][gc             ] GC(722) Concurrent Mark Cycle
[121.466s][info][gc,cpu         ] GC(721) User=0.00s Sys=0.00s Real=0.00s
[121.466s][info][gc,marking     ] GC(722) Concurrent Scan Root Regions
[121.484s][info][gc,marking     ] GC(722) Concurrent Scan Root Regions 17.479ms
[121.484s][info][gc,marking     ] GC(722) Concurrent Mark
[121.484s][info][gc,marking     ] GC(722) Concurrent Mark From Roots
[121.484s][info][gc,task        ] GC(722) Using 8 workers of 8 for marking
[121.526s][info][gc,start       ] GC(723) Pause Young (Normal) (G1 Evacuation Pause)
[121.526s][info][gc,task        ] GC(723) Using 33 workers of 33 for evacuation
[121.529s][info][gc,phases      ] GC(723)   Pre Evacuate Collection Set: 0.3ms
[121.529s][info][gc,phases      ] GC(723)   Merge Heap Roots: 0.3ms
[121.529s][info][gc,phases      ] GC(723)   Evacuate Collection Set: 1.3ms
[121.529s][info][gc,phases      ] GC(723)   Post Evacuate Collection Set: 0.7ms
[121.529s][info][gc,phases      ] GC(723)   Other: 0.1ms
[121.529s][info][gc,heap        ] GC(723) Eden regions: 792->0(778)
[121.529s][info][gc,heap        ] GC(723) Survivor regions: 10->10(71)
[121.529s][info][gc,heap        ] GC(723) Old regions: 61->61
[121.529s][info][gc,heap        ] GC(723) Archive regions: 0->0
[121.529s][info][gc,heap        ] GC(723) Humongous regions: 1114->1086
[121.529s][info][gc,metaspace   ] GC(723) Metaspace: 127960K(129984K)->127960K(129984K) NonClass: 108926K(109568K)->108926K(109568K) Class: 19033K(20416K)->19033K(20416K)
[121.529s][info][gc             ] GC(723) Pause Young (Normal) (G1 Evacuation Pause) 1961M->1141M(2048M) 2.893ms
[121.529s][info][gc,cpu         ] GC(723) User=0.00s Sys=0.00s Real=0.00s
[121.543s][info][gc,marking     ] GC(722) Concurrent Mark From Roots 58.542ms
[121.543s][info][gc,marking     ] GC(722) Concurrent Preclean
[121.546s][info][gc,marking     ] GC(722) Concurrent Preclean 2.719ms
[121.547s][info][gc,start       ] GC(722) Pause Remark
[121.550s][info][gc             ] GC(722) Pause Remark 1401M->1401M(2048M) 3.125ms
[121.551s][info][gc,cpu         ] GC(722) User=0.00s Sys=0.00s Real=0.00s
[121.551s][info][gc,marking     ] GC(722) Concurrent Mark 66.233ms
[121.551s][info][gc,marking     ] GC(722) Concurrent Rebuild Remembered Sets and Scrub Regions
[121.571s][info][gc,marking     ] GC(722) Concurrent Rebuild Remembered Sets and Scrub Regions 20.157ms
[121.573s][info][gc,start       ] GC(722) Pause Cleanup
[121.573s][info][gc             ] GC(722) Pause Cleanup 1707M->1707M(2048M) 0.382ms
[121.573s][info][gc,cpu         ] GC(722) User=0.00s Sys=0.00s Real=0.00s
[121.573s][info][gc,marking     ] GC(722) Concurrent Clear Claimed Marks
[121.575s][info][gc,marking     ] GC(722) Concurrent Clear Claimed Marks 1.422ms
[121.575s][info][gc,marking     ] GC(722) Concurrent Cleanup for Next Mark
[121.584s][info][gc,marking     ] GC(722) Concurrent Cleanup for Next Mark 9.042ms
[121.584s][info][gc             ] GC(722) Concurrent Mark Cycle 118.092ms
[121.593s][info][gc,start       ] GC(724) Pause Young (Prepare Mixed) (G1 Evacuation Pause)
[121.593s][info][gc,task        ] GC(724) Using 33 workers of 33 for evacuation
[121.596s][info][gc,phases      ] GC(724)   Pre Evacuate Collection Set: 0.3ms
[121.596s][info][gc,phases      ] GC(724)   Merge Heap Roots: 0.8ms
[121.596s][info][gc,phases      ] GC(724)   Evacuate Collection Set: 1.3ms
[121.596s][info][gc,phases      ] GC(724)   Post Evacuate Collection Set: 0.8ms
[121.596s][info][gc,phases      ] GC(724)   Other: 0.1ms
[121.596s][info][gc,heap        ] GC(724) Eden regions: 778->0(773)
[121.596s][info][gc,heap        ] GC(724) Survivor regions: 10->10(82)
[121.596s][info][gc,heap        ] GC(724) Old regions: 61->61
[121.596s][info][gc,heap        ] GC(724) Archive regions: 0->0
[121.596s][info][gc,heap        ] GC(724) Humongous regions: 1117->1091
[121.596s][info][gc,metaspace   ] GC(724) Metaspace: 127960K(129984K)->127960K(129984K) NonClass: 108926K(109568K)->108926K(109568K) Class: 19033K(20416K)->19033K(20416K)
[121.596s][info][gc             ] GC(724) Pause Young (Prepare Mixed) (G1 Evacuation Pause) 1950M->1146M(2048M) 3.489ms
[121.596s][info][gc,cpu         ] GC(724) User=0.00s Sys=0.00s Real=0.00s
[121.656s][info][gc,start       ] GC(725) Pause Young (Mixed) (G1 Evacuation Pause)
[121.657s][info][gc,task        ] GC(725) Using 33 workers of 33 for evacuation
[121.660s][info][gc,phases      ] GC(725)   Pre Evacuate Collection Set: 0.3ms
[121.660s][info][gc,phases      ] GC(725)   Merge Heap Roots: 0.3ms
[121.660s][info][gc,phases      ] GC(725)   Evacuate Collection Set: 1.8ms
[121.660s][info][gc,phases      ] GC(725)   Post Evacuate Collection Set: 0.8ms
[121.660s][info][gc,phases      ] GC(725)   Other: 0.1ms
[121.660s][info][gc,heap        ] GC(725) Eden regions: 773->0(787)
[121.660s][info][gc,heap        ] GC(725) Survivor regions: 10->11(60)
[121.660s][info][gc,heap        ] GC(725) Old regions: 61->58
[121.660s][info][gc,heap        ] GC(725) Archive regions: 0->0
[121.660s][info][gc,heap        ] GC(725) Humongous regions: 1144->1078
[121.660s][info][gc,metaspace   ] GC(725) Metaspace: 127960K(129984K)->127960K(129984K) NonClass: 108926K(109568K)->108926K(109568K) Class: 19033K(20416K)->19033K(20416K)
[121.660s][info][gc             ] GC(725) Pause Young (Mixed) (G1 Evacuation Pause) 1972M->1134M(2048M) 3.507ms
[121.660s][info][gc,cpu         ] GC(725) User=0.02s Sys=0.00s Real=0.02s
[121.667s][info][gc,start       ] GC(726) Pause Young (Concurrent Start) (G1 Humongous Allocation)
[121.667s][info][gc,task        ] GC(726) Using 33 workers of 33 for evacuation
[121.670s][info][gc,phases      ] GC(726)   Pre Evacuate Collection Set: 0.4ms
[121.670s][info][gc,phases      ] GC(726)   Merge Heap Roots: 0.1ms
[121.670s][info][gc,phases      ] GC(726)   Evacuate Collection Set: 2.1ms
[121.670s][info][gc,phases      ] GC(726)   Post Evacuate Collection Set: 0.6ms
[121.670s][info][gc,phases      ] GC(726)   Other: 0.1ms
[121.670s][info][gc,heap        ] GC(726) Eden regions: 96->0(789)
[121.670s][info][gc,heap        ] GC(726) Survivor regions: 11->12(100)
[121.670s][info][gc,heap        ] GC(726) Old regions: 58->58
[121.670s][info][gc,heap        ] GC(726) Archive regions: 0->0
[121.670s][info][gc,heap        ] GC(726) Humongous regions: 1078->1074
[121.670s][info][gc,metaspace   ] GC(726) Metaspace: 127960K(129984K)->127960K(129984K) NonClass: 108926K(109568K)->108926K(109568K) Class: 19033K(20416K)->19033K(20416K)
[121.670s][info][gc             ] GC(726) Pause Young (Concurrent Start) (G1 Humongous Allocation) 1230M->1131M(2048M) 3.451ms
[121.671s][info][gc             ] GC(727) Concurrent Mark Cycle
[121.671s][info][gc,cpu         ] GC(726) User=0.00s Sys=0.00s Real=0.00s
[121.671s][info][gc,marking     ] GC(727) Concurrent Scan Root Regions
[121.690s][info][gc,marking     ] GC(727) Concurrent Scan Root Regions 19.034ms
[121.690s][info][gc,marking     ] GC(727) Concurrent Mark
[121.690s][info][gc,marking     ] GC(727) Concurrent Mark From Roots
[121.690s][info][gc,task        ] GC(727) Using 8 workers of 8 for marking
[121.729s][info][gc,start       ] GC(728) Pause Young (Normal) (G1 Evacuation Pause)
[121.729s][info][gc,task        ] GC(728) Using 33 workers of 33 for evacuation
[121.732s][info][gc,phases      ] GC(728)   Pre Evacuate Collection Set: 0.3ms
[121.732s][info][gc,phases      ] GC(728)   Merge Heap Roots: 0.3ms
[121.732s][info][gc,phases      ] GC(728)   Evacuate Collection Set: 1.3ms
[121.732s][info][gc,phases      ] GC(728)   Post Evacuate Collection Set: 0.8ms
[121.732s][info][gc,phases      ] GC(728)   Other: 0.1ms
[121.732s][info][gc,heap        ] GC(728) Eden regions: 789->0(791)
[121.732s][info][gc,heap        ] GC(728) Survivor regions: 12->11(91)
[121.732s][info][gc,heap        ] GC(728) Old regions: 58->58
[121.732s][info][gc,heap        ] GC(728) Archive regions: 0->0
[121.732s][info][gc,heap        ] GC(728) Humongous regions: 1098->1074
[121.732s][info][gc,metaspace   ] GC(728) Metaspace: 127960K(129984K)->127960K(129984K) NonClass: 108926K(109568K)->108926K(109568K) Class: 19033K(20416K)->19033K(20416K)
[121.732s][info][gc             ] GC(728) Pause Young (Normal) (G1 Evacuation Pause) 1944M->1130M(2048M) 2.968ms
[121.732s][info][gc,cpu         ] GC(728) User=0.00s Sys=0.00s Real=0.00s
[121.748s][info][gc,marking     ] GC(727) Concurrent Mark From Roots 58.009ms
[121.748s][info][gc,marking     ] GC(727) Concurrent Preclean
[121.751s][info][gc,marking     ] GC(727) Concurrent Preclean 2.845ms
[121.753s][info][gc,start       ] GC(727) Pause Remark
[121.756s][info][gc             ] GC(727) Pause Remark 1414M->1414M(2048M) 3.018ms
[121.756s][info][gc,cpu         ] GC(727) User=0.00s Sys=0.00s Real=0.00s
[121.756s][info][gc,marking     ] GC(727) Concurrent Mark 65.670ms
[121.756s][info][gc,marking     ] GC(727) Concurrent Rebuild Remembered Sets and Scrub Regions
[121.771s][info][gc,marking     ] GC(727) Concurrent Rebuild Remembered Sets and Scrub Regions 14.719ms
[121.772s][info][gc,start       ] GC(727) Pause Cleanup
[121.773s][info][gc             ] GC(727) Pause Cleanup 1631M->1631M(2048M) 0.315ms
[121.773s][info][gc,cpu         ] GC(727) User=0.00s Sys=0.00s Real=0.00s
[121.773s][info][gc,marking     ] GC(727) Concurrent Clear Claimed Marks
[121.774s][info][gc,marking     ] GC(727) Concurrent Clear Claimed Marks 1.152ms
[121.774s][info][gc,marking     ] GC(727) Concurrent Cleanup for Next Mark
[121.782s][info][gc,marking     ] GC(727) Concurrent Cleanup for Next Mark 8.037ms
[121.783s][info][gc             ] GC(727) Concurrent Mark Cycle 111.994ms
[121.798s][info][gc,start       ] GC(729) Pause Young (Prepare Mixed) (G1 Evacuation Pause)
[121.798s][info][gc,task        ] GC(729) Using 33 workers of 33 for evacuation
[121.801s][info][gc,phases      ] GC(729)   Pre Evacuate Collection Set: 0.3ms
[121.801s][info][gc,phases      ] GC(729)   Merge Heap Roots: 0.8ms
[121.801s][info][gc,phases      ] GC(729)   Evacuate Collection Set: 1.3ms
[121.801s][info][gc,phases      ] GC(729)   Post Evacuate Collection Set: 0.8ms
[121.801s][info][gc,phases      ] GC(729)   Other: 0.1ms
[121.801s][info][gc,heap        ] GC(729) Eden regions: 791->0(790)
[121.801s][info][gc,heap        ] GC(729) Survivor regions: 11->10(81)
[121.801s][info][gc,heap        ] GC(729) Old regions: 58->58
[121.801s][info][gc,heap        ] GC(729) Archive regions: 0->0
[121.801s][info][gc,heap        ] GC(729) Humongous regions: 1107->1077
[121.801s][info][gc,metaspace   ] GC(729) Metaspace: 127960K(129984K)->127960K(129984K) NonClass: 108926K(109568K)->108926K(109568K) Class: 19033K(20416K)->19033K(20416K)
[121.801s][info][gc             ] GC(729) Pause Young (Prepare Mixed) (G1 Evacuation Pause) 1954M->1132M(2048M) 3.413ms
[121.801s][info][gc,cpu         ] GC(729) User=0.00s Sys=0.00s Real=0.00s
[121.857s][info][gc,start       ] GC(730) Pause Young (Mixed) (G1 Evacuation Pause)
[121.858s][info][gc,task        ] GC(730) Using 33 workers of 33 for evacuation
[121.861s][info][gc,phases      ] GC(730)   Pre Evacuate Collection Set: 0.3ms
[121.861s][info][gc,phases      ] GC(730)   Merge Heap Roots: 0.3ms
[121.861s][info][gc,phases      ] GC(730)   Evacuate Collection Set: 1.7ms
[121.861s][info][gc,phases      ] GC(730)   Post Evacuate Collection Set: 0.7ms
[121.861s][info][gc,phases      ] GC(730)   Other: 0.1ms
[121.861s][info][gc,heap        ] GC(730) Eden regions: 790->0(787)
[121.861s][info][gc,heap        ] GC(730) Survivor regions: 10->2(93)
[121.861s][info][gc,heap        ] GC(730) Old regions: 58->64
[121.861s][info][gc,heap        ] GC(730) Archive regions: 0->0
[121.861s][info][gc,heap        ] GC(730) Humongous regions: 1097->1090
[121.861s][info][gc,metaspace   ] GC(730) Metaspace: 127960K(129984K)->127960K(129984K) NonClass: 108926K(109568K)->108926K(109568K) Class: 19033K(20416K)->19033K(20416K)
[121.861s][info][gc             ] GC(730) Pause Young (Mixed) (G1 Evacuation Pause) 1942M->1145M(2048M) 3.367ms
[121.861s][info][gc,cpu         ] GC(730) User=0.00s Sys=0.00s Real=0.00s
[121.880s][info][gc,start       ] GC(731) Pause Young (Concurrent Start) (G1 Humongous Allocation)
[121.880s][info][gc,task        ] GC(731) Using 33 workers of 33 for evacuation
[121.883s][info][gc,phases      ] GC(731)   Pre Evacuate Collection Set: 0.4ms
[121.883s][info][gc,phases      ] GC(731)   Merge Heap Roots: 0.1ms
[121.883s][info][gc,phases      ] GC(731)   Evacuate Collection Set: 1.4ms
[121.883s][info][gc,phases      ] GC(731)   Post Evacuate Collection Set: 0.6ms
[121.883s][info][gc,phases      ] GC(731)   Other: 0.1ms
[121.883s][info][gc,heap        ] GC(731) Eden regions: 280->0(791)
[121.883s][info][gc,heap        ] GC(731) Survivor regions: 2->2(99)
[121.883s][info][gc,heap        ] GC(731) Old regions: 64->64
[121.883s][info][gc,heap        ] GC(731) Archive regions: 0->0
[121.883s][info][gc,heap        ] GC(731) Humongous regions: 1090->1086
[121.883s][info][gc,metaspace   ] GC(731) Metaspace: 127960K(129984K)->127960K(129984K) NonClass: 108926K(109568K)->108926K(109568K) Class: 19033K(20416K)->19033K(20416K)
[121.883s][info][gc             ] GC(731) Pause Young (Concurrent Start) (G1 Humongous Allocation) 1425M->1141M(2048M) 2.858ms
[121.883s][info][gc             ] GC(732) Concurrent Mark Cycle
[121.883s][info][gc,cpu         ] GC(731) User=0.00s Sys=0.00s Real=0.00s
[121.883s][info][gc,marking     ] GC(732) Concurrent Scan Root Regions
[121.900s][info][gc,marking     ] GC(732) Concurrent Scan Root Regions 16.697ms
[121.900s][info][gc,marking     ] GC(732) Concurrent Mark
[121.901s][info][gc,marking     ] GC(732) Concurrent Mark From Roots
[121.901s][info][gc,task        ] GC(732) Using 8 workers of 8 for marking
[121.940s][info][gc,start       ] GC(733) Pause Young (Normal) (G1 Evacuation Pause)
[121.940s][info][gc,task        ] GC(733) Using 33 workers of 33 for evacuation
[121.942s][info][gc,phases      ] GC(733)   Pre Evacuate Collection Set: 0.3ms
[121.942s][info][gc,phases      ] GC(733)   Merge Heap Roots: 0.3ms
[121.942s][info][gc,phases      ] GC(733)   Evacuate Collection Set: 0.7ms
[121.942s][info][gc,phases      ] GC(733)   Post Evacuate Collection Set: 0.7ms
[121.942s][info][gc,phases      ] GC(733)   Other: 0.1ms
[121.942s][info][gc,heap        ] GC(733) Eden regions: 791->0(785)
[121.942s][info][gc,heap        ] GC(733) Survivor regions: 2->2(93)
[121.943s][info][gc,heap        ] GC(733) Old regions: 64->64
[121.943s][info][gc,heap        ] GC(733) Archive regions: 0->0
[121.943s][info][gc,heap        ] GC(733) Humongous regions: 1098->1092
[121.943s][info][gc,metaspace   ] GC(733) Metaspace: 127961K(129984K)->127961K(129984K) NonClass: 108927K(109568K)->108927K(109568K) Class: 19033K(20416K)->19033K(20416K)
[121.943s][info][gc             ] GC(733) Pause Young (Normal) (G1 Evacuation Pause) 1944M->1147M(2048M) 2.312ms
[121.943s][info][gc,cpu         ] GC(733) User=0.00s Sys=0.00s Real=0.00s
[121.957s][info][gc,marking     ] GC(732) Concurrent Mark From Roots 56.804ms
[121.958s][info][gc,marking     ] GC(732) Concurrent Preclean
[121.961s][info][gc,marking     ] GC(732) Concurrent Preclean 2.698ms
[121.961s][info][gc,start       ] GC(732) Pause Remark
[121.964s][info][gc             ] GC(732) Pause Remark 1416M->1416M(2048M) 3.024ms
[121.964s][info][gc,cpu         ] GC(732) User=0.00s Sys=0.00s Real=0.00s
[121.965s][info][gc,marking     ] GC(732) Concurrent Mark 64.011ms
[121.965s][info][gc,marking     ] GC(732) Concurrent Rebuild Remembered Sets and Scrub Regions
[121.990s][info][gc,marking     ] GC(732) Concurrent Rebuild Remembered Sets and Scrub Regions 24.873ms
[121.991s][info][gc,start       ] GC(732) Pause Cleanup
[121.991s][info][gc             ] GC(732) Pause Cleanup 1787M->1787M(2048M) 0.342ms
[121.991s][info][gc,cpu         ] GC(732) User=0.00s Sys=0.00s Real=0.00s
[121.991s][info][gc,marking     ] GC(732) Concurrent Clear Claimed Marks
[121.993s][info][gc,marking     ] GC(732) Concurrent Clear Claimed Marks 1.153ms
[121.993s][info][gc,marking     ] GC(732) Concurrent Cleanup for Next Mark
[122.002s][info][gc,marking     ] GC(732) Concurrent Cleanup for Next Mark 9.338ms
[122.003s][info][gc             ] GC(732) Concurrent Mark Cycle 119.501ms
[122.004s][info][gc,start       ] GC(734) Pause Young (Prepare Mixed) (G1 Evacuation Pause)
[122.004s][info][gc,task        ] GC(734) Using 33 workers of 33 for evacuation
[122.007s][info][gc,phases      ] GC(734)   Pre Evacuate Collection Set: 0.3ms
[122.007s][info][gc,phases      ] GC(734)   Merge Heap Roots: 0.8ms
[122.007s][info][gc,phases      ] GC(734)   Evacuate Collection Set: 0.7ms
[122.007s][info][gc,phases      ] GC(734)   Post Evacuate Collection Set: 0.7ms
[122.007s][info][gc,phases      ] GC(734)   Other: 0.1ms
[122.007s][info][gc,heap        ] GC(734) Eden regions: 785->0(780)
[122.007s][info][gc,heap        ] GC(734) Survivor regions: 2->3(98)
[122.007s][info][gc,heap        ] GC(734) Old regions: 64->64
[122.007s][info][gc,heap        ] GC(734) Archive regions: 0->0
[122.007s][info][gc,heap        ] GC(734) Humongous regions: 1099->1095
[122.007s][info][gc,metaspace   ] GC(734) Metaspace: 127961K(129984K)->127961K(129984K) NonClass: 108927K(109568K)->108927K(109568K) Class: 19033K(20416K)->19033K(20416K)
[122.007s][info][gc             ] GC(734) Pause Young (Prepare Mixed) (G1 Evacuation Pause) 1939M->1151M(2048M) 2.897ms
[122.007s][info][gc,cpu         ] GC(734) User=0.00s Sys=0.00s Real=0.00s
[122.064s][info][gc,start       ] GC(735) Pause Young (Mixed) (G1 Evacuation Pause)
[122.064s][info][gc,task        ] GC(735) Using 33 workers of 33 for evacuation
[122.067s][info][gc,phases      ] GC(735)   Pre Evacuate Collection Set: 0.3ms
[122.067s][info][gc,phases      ] GC(735)   Merge Heap Roots: 0.3ms
[122.067s][info][gc,phases      ] GC(735)   Evacuate Collection Set: 1.3ms
[122.067s][info][gc,phases      ] GC(735)   Post Evacuate Collection Set: 0.7ms
[122.067s][info][gc,phases      ] GC(735)   Other: 0.1ms
[122.067s][info][gc,heap        ] GC(735) Eden regions: 780->0(754)
[122.067s][info][gc,heap        ] GC(735) Survivor regions: 3->3(70)
[122.067s][info][gc,heap        ] GC(735) Old regions: 64->62
[122.067s][info][gc,heap        ] GC(735) Archive regions: 0->0
[122.067s][info][gc,heap        ] GC(735) Humongous regions: 1131->1123
[122.067s][info][gc,metaspace   ] GC(735) Metaspace: 127961K(129984K)->127961K(129984K) NonClass: 108927K(109568K)->108927K(109568K) Class: 19033K(20416K)->19033K(20416K)
[122.067s][info][gc             ] GC(735) Pause Young (Mixed) (G1 Evacuation Pause) 1967M->1179M(2048M) 2.874ms
[122.067s][info][gc,cpu         ] GC(735) User=0.00s Sys=0.00s Real=0.00s
[122.070s][info][gc,start       ] GC(736) Pause Young (Concurrent Start) (G1 Humongous Allocation)
[122.070s][info][gc,task        ] GC(736) Using 33 workers of 33 for evacuation
[122.072s][info][gc,phases      ] GC(736)   Pre Evacuate Collection Set: 0.4ms
[122.072s][info][gc,phases      ] GC(736)   Merge Heap Roots: 0.1ms
[122.072s][info][gc,phases      ] GC(736)   Evacuate Collection Set: 1.4ms
[122.072s][info][gc,phases      ] GC(736)   Post Evacuate Collection Set: 0.5ms
[122.073s][info][gc,phases      ] GC(736)   Other: 0.0ms
[122.073s][info][gc,heap        ] GC(736) Eden regions: 38->0(758)
[122.073s][info][gc,heap        ] GC(736) Survivor regions: 3->3(95)
[122.073s][info][gc,heap        ] GC(736) Old regions: 62->62
[122.073s][info][gc,heap        ] GC(736) Archive regions: 0->0
[122.073s][info][gc,heap        ] GC(736) Humongous regions: 1123->1119
[122.073s][info][gc,metaspace   ] GC(736) Metaspace: 127961K(129984K)->127961K(129984K) NonClass: 108927K(109568K)->108927K(109568K) Class: 19033K(20416K)->19033K(20416K)
[122.073s][info][gc             ] GC(736) Pause Young (Concurrent Start) (G1 Humongous Allocation) 1217M->1175M(2048M) 2.600ms
[122.073s][info][gc             ] GC(737) Concurrent Mark Cycle
[122.073s][info][gc,cpu         ] GC(736) User=0.00s Sys=0.00s Real=0.00s
[122.073s][info][gc,marking     ] GC(737) Concurrent Scan Root Regions
[122.091s][info][gc,marking     ] GC(737) Concurrent Scan Root Regions 18.477ms
[122.092s][info][gc,marking     ] GC(737) Concurrent Mark
[122.092s][info][gc,marking     ] GC(737) Concurrent Mark From Roots
[122.092s][info][gc,task        ] GC(737) Using 8 workers of 8 for marking
[122.129s][info][gc,start       ] GC(738) Pause Young (Normal) (G1 Evacuation Pause)
[122.129s][info][gc,task        ] GC(738) Using 33 workers of 33 for evacuation
[122.132s][info][gc,phases      ] GC(738)   Pre Evacuate Collection Set: 0.3ms
[122.132s][info][gc,phases      ] GC(738)   Merge Heap Roots: 0.3ms
[122.132s][info][gc,phases      ] GC(738)   Evacuate Collection Set: 0.7ms
[122.132s][info][gc,phases      ] GC(738)   Post Evacuate Collection Set: 0.7ms
[122.132s][info][gc,phases      ] GC(738)   Other: 0.1ms
[122.132s][info][gc,heap        ] GC(738) Eden regions: 758->0(752)
[122.132s][info][gc,heap        ] GC(738) Survivor regions: 3->2(78)
[122.132s][info][gc,heap        ] GC(738) Old regions: 62->62
[122.132s][info][gc,heap        ] GC(738) Archive regions: 0->0
[122.132s][info][gc,heap        ] GC(738) Humongous regions: 1147->1127
[122.132s][info][gc,metaspace   ] GC(738) Metaspace: 127961K(129984K)->127961K(129984K) NonClass: 108927K(109568K)->108927K(109568K) Class: 19033K(20416K)->19033K(20416K)
[122.132s][info][gc             ] GC(738) Pause Young (Normal) (G1 Evacuation Pause) 1961M->1182M(2048M) 2.338ms
[122.132s][info][gc,cpu         ] GC(738) User=0.16s Sys=0.02s Real=0.02s
[122.159s][info][gc,marking     ] GC(737) Concurrent Mark From Roots 67.522ms
[122.160s][info][gc,marking     ] GC(737) Concurrent Preclean
[122.163s][info][gc,marking     ] GC(737) Concurrent Preclean 2.999ms
[122.163s][info][gc,start       ] GC(737) Pause Remark
[122.166s][info][gc             ] GC(737) Pause Remark 1626M->1626M(2048M) 3.074ms
[122.166s][info][gc,cpu         ] GC(737) User=0.00s Sys=0.00s Real=0.00s
[122.166s][info][gc,marking     ] GC(737) Concurrent Mark 74.903ms
[122.167s][info][gc,marking     ] GC(737) Concurrent Rebuild Remembered Sets and Scrub Regions
[122.190s][info][gc,marking     ] GC(737) Concurrent Rebuild Remembered Sets and Scrub Regions 23.280ms
[122.191s][info][gc,start       ] GC(739) Pause Young (Normal) (G1 Evacuation Pause)
[122.191s][info][gc,task        ] GC(739) Using 33 workers of 33 for evacuation
[122.194s][info][gc,phases      ] GC(739)   Pre Evacuate Collection Set: 0.3ms
[122.194s][info][gc,phases      ] GC(739)   Merge Heap Roots: 0.8ms
[122.194s][info][gc,phases      ] GC(739)   Evacuate Collection Set: 0.8ms
[122.194s][info][gc,phases      ] GC(739)   Post Evacuate Collection Set: 0.7ms
[122.194s][info][gc,phases      ] GC(739)   Other: 0.1ms
[122.194s][info][gc,heap        ] GC(739) Eden regions: 752->0(742)
[122.194s][info][gc,heap        ] GC(739) Survivor regions: 2->3(76)
[122.194s][info][gc,heap        ] GC(739) Old regions: 62->62
[122.194s][info][gc,heap        ] GC(739) Archive regions: 0->0
[122.194s][info][gc,heap        ] GC(739) Humongous regions: 1156->1135
[122.194s][info][gc,metaspace   ] GC(739) Metaspace: 127962K(129984K)->127962K(129984K) NonClass: 108928K(109568K)->108928K(109568K) Class: 19033K(20416K)->19033K(20416K)
[122.194s][info][gc             ] GC(739) Pause Young (Normal) (G1 Evacuation Pause) 1963M->1191M(2048M) 2.922ms
[122.194s][info][gc,cpu         ] GC(739) User=0.00s Sys=0.00s Real=0.00s
[122.195s][info][gc,start       ] GC(737) Pause Cleanup
[122.195s][info][gc             ] GC(737) Pause Cleanup 1193M->1193M(2048M) 0.235ms
[122.195s][info][gc,cpu         ] GC(737) User=0.00s Sys=0.00s Real=0.00s
[122.195s][info][gc,marking     ] GC(737) Concurrent Clear Claimed Marks
[122.196s][info][gc,marking     ] GC(737) Concurrent Clear Claimed Marks 0.265ms
[122.196s][info][gc,marking     ] GC(737) Concurrent Cleanup for Next Mark
[122.203s][info][gc,marking     ] GC(737) Concurrent Cleanup for Next Mark 7.804ms
[122.204s][info][gc             ] GC(737) Concurrent Mark Cycle 131.560ms
[122.250s][info][gc,start       ] GC(740) Pause Young (Prepare Mixed) (G1 Evacuation Pause)
[122.251s][info][gc,task        ] GC(740) Using 33 workers of 33 for evacuation
[122.253s][info][gc,phases      ] GC(740)   Pre Evacuate Collection Set: 0.3ms
[122.253s][info][gc,phases      ] GC(740)   Merge Heap Roots: 0.2ms
[122.253s][info][gc,phases      ] GC(740)   Evacuate Collection Set: 0.9ms
[122.253s][info][gc,phases      ] GC(740)   Post Evacuate Collection Set: 0.8ms
[122.253s][info][gc,phases      ] GC(740)   Other: 0.1ms
[122.253s][info][gc,heap        ] GC(740) Eden regions: 742->0(755)
[122.253s][info][gc,heap        ] GC(740) Survivor regions: 3->4(42)
[122.253s][info][gc,heap        ] GC(740) Old regions: 62->62
[122.253s][info][gc,heap        ] GC(740) Archive regions: 0->0
[122.253s][info][gc,heap        ] GC(740) Humongous regions: 1199->1120
[122.253s][info][gc,metaspace   ] GC(740) Metaspace: 127963K(129984K)->127963K(129984K) NonClass: 108929K(109568K)->108929K(109568K) Class: 19033K(20416K)->19033K(20416K)
[122.253s][info][gc             ] GC(740) Pause Young (Prepare Mixed) (G1 Evacuation Pause) 1997M->1177M(2048M) 2.643ms
[122.253s][info][gc,cpu         ] GC(740) User=0.00s Sys=0.00s Real=0.00s
[122.297s][info][gc,start       ] GC(741) Pause Young (Mixed) (G1 Humongous Allocation)
[122.297s][info][gc,task        ] GC(741) Using 33 workers of 33 for evacuation
[122.300s][info][gc,phases      ] GC(741)   Pre Evacuate Collection Set: 0.3ms
[122.300s][info][gc,phases      ] GC(741)   Merge Heap Roots: 0.3ms
[122.300s][info][gc,phases      ] GC(741)   Evacuate Collection Set: 1.3ms
[122.300s][info][gc,phases      ] GC(741)   Post Evacuate Collection Set: 0.8ms
[122.300s][info][gc,phases      ] GC(741)   Other: 0.1ms
[122.300s][info][gc,heap        ] GC(741) Eden regions: 755->0(739)
[122.300s][info][gc,heap        ] GC(741) Survivor regions: 4->4(31)
[122.300s][info][gc,heap        ] GC(741) Old regions: 62->60
[122.300s][info][gc,heap        ] GC(741) Archive regions: 0->0
[122.300s][info][gc,heap        ] GC(741) Humongous regions: 1196->1138
[122.300s][info][gc,metaspace   ] GC(741) Metaspace: 127963K(129984K)->127963K(129984K) NonClass: 108929K(109568K)->108929K(109568K) Class: 19033K(20416K)->19033K(20416K)
[122.300s][info][gc             ] GC(741) Pause Young (Mixed) (G1 Humongous Allocation) 2008M->1195M(2048M) 2.962ms
[122.300s][info][gc,cpu         ] GC(741) User=0.00s Sys=0.00s Real=0.00s
[122.302s][info][gc,start       ] GC(742) Pause Young (Concurrent Start) (G1 Humongous Allocation)
[122.302s][info][gc,task        ] GC(742) Using 33 workers of 33 for evacuation
[122.306s][info][gc,phases      ] GC(742)   Pre Evacuate Collection Set: 0.5ms
[122.306s][info][gc,phases      ] GC(742)   Merge Heap Roots: 0.1ms
[122.306s][info][gc,phases      ] GC(742)   Evacuate Collection Set: 2.2ms
[122.306s][info][gc,phases      ] GC(742)   Post Evacuate Collection Set: 0.6ms
[122.306s][info][gc,phases      ] GC(742)   Other: 0.1ms
[122.306s][info][gc,heap        ] GC(742) Eden regions: 33->0(737)
[122.306s][info][gc,heap        ] GC(742) Survivor regions: 4->3(93)
[122.306s][info][gc,heap        ] GC(742) Old regions: 60->60
[122.306s][info][gc,heap        ] GC(742) Archive regions: 0->0
[122.306s][info][gc,heap        ] GC(742) Humongous regions: 1149->1142
[122.306s][info][gc,metaspace   ] GC(742) Metaspace: 127963K(129984K)->127963K(129984K) NonClass: 108929K(109568K)->108929K(109568K) Class: 19033K(20416K)->19033K(20416K)
[122.306s][info][gc             ] GC(742) Pause Young (Concurrent Start) (G1 Humongous Allocation) 1239M->1199M(2048M) 3.569ms
[122.306s][info][gc             ] GC(743) Concurrent Mark Cycle
[122.306s][info][gc,cpu         ] GC(742) User=0.00s Sys=0.00s Real=0.00s
[122.306s][info][gc,marking     ] GC(743) Concurrent Scan Root Regions
[122.310s][info][gc,marking     ] GC(743) Concurrent Scan Root Regions 3.572ms
[122.310s][info][gc,marking     ] GC(743) Concurrent Mark
[122.310s][info][gc,marking     ] GC(743) Concurrent Mark From Roots
[122.350s][info][gc,start       ] GC(744) Pause Young (Normal) (G1 Humongous Allocation)
[122.438s][info][gc,task        ] GC(743) Using 8 workers of 8 for marking
[122.439s][info][gc,task        ] GC(744) Using 33 workers of 33 for evacuation
[122.442s][info][gc,phases      ] GC(744)   Pre Evacuate Collection Set: 0.3ms
[122.442s][info][gc,phases      ] GC(744)   Merge Heap Roots: 0.3ms
[122.442s][info][gc,phases      ] GC(744)   Evacuate Collection Set: 1.1ms
[122.442s][info][gc,phases      ] GC(744)   Post Evacuate Collection Set: 1.4ms
[122.442s][info][gc,phases      ] GC(744)   Other: 0.2ms
[122.442s][info][gc,heap        ] GC(744) Eden regions: 664->0(727)
[122.442s][info][gc,heap        ] GC(744) Survivor regions: 3->4(82)
[122.442s][info][gc,heap        ] GC(744) Old regions: 60->60
[122.442s][info][gc,heap        ] GC(744) Archive regions: 0->0
[122.442s][info][gc,heap        ] GC(744) Humongous regions: 1239->1150
[122.442s][info][gc,metaspace   ] GC(744) Metaspace: 127963K(129984K)->127963K(129984K) NonClass: 108929K(109568K)->108929K(109568K) Class: 19033K(20416K)->19033K(20416K)
[122.442s][info][gc             ] GC(744) Pause Young (Normal) (G1 Humongous Allocation) 1960M->1207M(2048M) 92.211ms
[122.442s][info][gc,cpu         ] GC(744) User=0.00s Sys=0.00s Real=0.09s
[122.477s][info][gc,marking     ] GC(743) Concurrent Mark From Roots 167.022ms
[122.477s][info][gc,marking     ] GC(743) Concurrent Preclean
[122.478s][info][gc,marking     ] GC(743) Concurrent Preclean 0.712ms
[122.490s][info][gc,start       ] GC(743) Pause Remark
[122.494s][info][gc             ] GC(743) Pause Remark 1515M->1515M(2048M) 3.378ms
[122.494s][info][gc,cpu         ] GC(743) User=0.17s Sys=0.00s Real=0.00s
[122.494s][info][gc,marking     ] GC(743) Concurrent Mark 184.315ms
[122.494s][info][gc,marking     ] GC(743) Concurrent Rebuild Remembered Sets and Scrub Regions
[122.506s][info][gc,marking     ] GC(743) Concurrent Rebuild Remembered Sets and Scrub Regions 11.859ms
[122.506s][info][gc,start       ] GC(743) Pause Cleanup
[122.507s][info][gc             ] GC(743) Pause Cleanup 1632M->1632M(2048M) 0.393ms
[122.507s][info][gc,cpu         ] GC(743) User=0.00s Sys=0.00s Real=0.00s
[122.507s][info][gc,marking     ] GC(743) Concurrent Clear Claimed Marks
[122.507s][info][gc,marking     ] GC(743) Concurrent Clear Claimed Marks 0.220ms
[122.507s][info][gc,marking     ] GC(743) Concurrent Cleanup for Next Mark
[122.511s][info][gc,marking     ] GC(743) Concurrent Cleanup for Next Mark 3.404ms
[122.511s][info][gc             ] GC(743) Concurrent Mark Cycle 204.676ms
[122.532s][info][gc,start       ] GC(745) Pause Young (Prepare Mixed) (G1 Humongous Allocation)
[122.532s][info][gc,task        ] GC(745) Using 33 workers of 33 for evacuation
[122.536s][info][gc,phases      ] GC(745)   Pre Evacuate Collection Set: 0.3ms
[122.536s][info][gc,phases      ] GC(745)   Merge Heap Roots: 0.9ms
[122.536s][info][gc,phases      ] GC(745)   Evacuate Collection Set: 1.4ms
[122.536s][info][gc,phases      ] GC(745)   Post Evacuate Collection Set: 0.9ms
[122.536s][info][gc,phases      ] GC(745)   Other: 0.1ms
[122.536s][info][gc,heap        ] GC(745) Eden regions: 706->0(718)
[122.536s][info][gc,heap        ] GC(745) Survivor regions: 4->6(34)
[122.536s][info][gc,heap        ] GC(745) Old regions: 60->60
[122.536s][info][gc,heap        ] GC(745) Archive regions: 0->0
[122.536s][info][gc,heap        ] GC(745) Humongous regions: 1244->1155
[122.536s][info][gc,metaspace   ] GC(745) Metaspace: 127963K(129984K)->127963K(129984K) NonClass: 108929K(109568K)->108929K(109568K) Class: 19033K(20416K)->19033K(20416K)
[122.536s][info][gc             ] GC(745) Pause Young (Prepare Mixed) (G1 Humongous Allocation) 2007M->1215M(2048M) 3.912ms
[122.536s][info][gc,cpu         ] GC(745) User=0.52s Sys=0.09s Real=0.02s
[122.587s][info][gc,start       ] GC(746) Pause Young (Mixed) (G1 Evacuation Pause)
[122.587s][info][gc,task        ] GC(746) Using 33 workers of 33 for evacuation
[122.590s][info][gc,phases      ] GC(746)   Pre Evacuate Collection Set: 0.3ms
[122.590s][info][gc,phases      ] GC(746)   Merge Heap Roots: 0.3ms
[122.590s][info][gc,phases      ] GC(746)   Evacuate Collection Set: 1.6ms
[122.590s][info][gc,phases      ] GC(746)   Post Evacuate Collection Set: 0.8ms
[122.590s][info][gc,phases      ] GC(746)   Other: 0.1ms
[122.590s][info][gc,heap        ] GC(746) Eden regions: 718->0(678)
[122.590s][info][gc,heap        ] GC(746) Survivor regions: 6->9(33)
[122.590s][info][gc,heap        ] GC(746) Old regions: 60->58
[122.590s][info][gc,heap        ] GC(746) Archive regions: 0->0
[122.590s][info][gc,heap        ] GC(746) Humongous regions: 1231->1191
[122.590s][info][gc,metaspace   ] GC(746) Metaspace: 127963K(129984K)->127963K(129984K) NonClass: 108929K(109568K)->108929K(109568K) Class: 19033K(20416K)->19033K(20416K)
[122.590s][info][gc             ] GC(746) Pause Young (Mixed) (G1 Evacuation Pause) 2009M->1253M(2048M) 3.375ms
[122.590s][info][gc,cpu         ] GC(746) User=0.00s Sys=0.00s Real=0.00s
[122.591s][info][gc,start       ] GC(747) Pause Young (Concurrent Start) (G1 Humongous Allocation)
[122.591s][info][gc,task        ] GC(747) Using 33 workers of 33 for evacuation
[122.594s][info][gc,phases      ] GC(747)   Pre Evacuate Collection Set: 0.5ms
[122.594s][info][gc,phases      ] GC(747)   Merge Heap Roots: 0.1ms
[122.594s][info][gc,phases      ] GC(747)   Evacuate Collection Set: 1.5ms
[122.594s][info][gc,phases      ] GC(747)   Post Evacuate Collection Set: 0.6ms
[122.594s][info][gc,phases      ] GC(747)   Other: 0.1ms
[122.594s][info][gc,heap        ] GC(747) Eden regions: 17->0(678)
[122.594s][info][gc,heap        ] GC(747) Survivor regions: 9->9(86)
[122.594s][info][gc,heap        ] GC(747) Old regions: 58->58
[122.594s][info][gc,heap        ] GC(747) Archive regions: 0->0
[122.594s][info][gc,heap        ] GC(747) Humongous regions: 1191->1191
[122.594s][info][gc,metaspace   ] GC(747) Metaspace: 127963K(129984K)->127963K(129984K) NonClass: 108929K(109568K)->108929K(109568K) Class: 19033K(20416K)->19033K(20416K)
[122.594s][info][gc             ] GC(747) Pause Young (Concurrent Start) (G1 Humongous Allocation) 1269M->1253M(2048M) 2.887ms
[122.594s][info][gc             ] GC(748) Concurrent Mark Cycle
[122.594s][info][gc,cpu         ] GC(747) User=0.00s Sys=0.00s Real=0.00s
[122.594s][info][gc,marking     ] GC(748) Concurrent Scan Root Regions
[122.599s][info][gc,marking     ] GC(748) Concurrent Scan Root Regions 4.771ms
[122.599s][info][gc,marking     ] GC(748) Concurrent Mark
[122.599s][info][gc,marking     ] GC(748) Concurrent Mark From Roots
[122.599s][info][gc,task        ] GC(748) Using 8 workers of 8 for marking
[122.633s][info][gc,marking     ] GC(748) Concurrent Mark From Roots 34.564ms
[122.633s][info][gc,marking     ] GC(748) Concurrent Preclean
[122.635s][info][gc,marking     ] GC(748) Concurrent Preclean 1.101ms
[122.635s][info][gc,start       ] GC(748) Pause Remark
[122.638s][info][gc             ] GC(748) Pause Remark 1779M->1779M(2048M) 3.029ms
[122.638s][info][gc,cpu         ] GC(748) User=0.00s Sys=0.00s Real=0.00s
[122.638s][info][gc,marking     ] GC(748) Concurrent Mark 39.642ms
[122.638s][info][gc,marking     ] GC(748) Concurrent Rebuild Remembered Sets and Scrub Regions
[122.647s][info][gc,marking     ] GC(748) Concurrent Rebuild Remembered Sets and Scrub Regions 8.450ms
[122.647s][info][gc,start       ] GC(748) Pause Cleanup
[122.648s][info][gc             ] GC(748) Pause Cleanup 1896M->1896M(2048M) 0.296ms
[122.648s][info][gc,cpu         ] GC(748) User=0.00s Sys=0.00s Real=0.00s
[122.648s][info][gc,marking     ] GC(748) Concurrent Clear Claimed Marks
[122.648s][info][gc,marking     ] GC(748) Concurrent Clear Claimed Marks 0.198ms
[122.648s][info][gc,marking     ] GC(748) Concurrent Cleanup for Next Mark
[122.651s][info][gc,marking     ] GC(748) Concurrent Cleanup for Next Mark 2.748ms
[122.651s][info][gc             ] GC(748) Concurrent Mark Cycle 56.818ms
[122.658s][info][gc,start       ] GC(749) Pause Young (Prepare Mixed) (G1 Humongous Allocation)
[122.658s][info][gc,task        ] GC(749) Using 33 workers of 33 for evacuation
[122.661s][info][gc,phases      ] GC(749)   Pre Evacuate Collection Set: 0.3ms
[122.661s][info][gc,phases      ] GC(749)   Merge Heap Roots: 0.8ms
[122.661s][info][gc,phases      ] GC(749)   Evacuate Collection Set: 1.2ms
[122.661s][info][gc,phases      ] GC(749)   Post Evacuate Collection Set: 0.9ms
[122.661s][info][gc,phases      ] GC(749)   Other: 0.1ms
[122.661s][info][gc,heap        ] GC(749) Eden regions: 671->0(670)
[122.661s][info][gc,heap        ] GC(749) Survivor regions: 9->5(5)
[122.661s][info][gc,heap        ] GC(749) Old regions: 58->80
[122.661s][info][gc,heap        ] GC(749) Archive regions: 0->0
[122.661s][info][gc,heap        ] GC(749) Humongous regions: 1305->1185
[122.662s][info][gc,metaspace   ] GC(749) Metaspace: 127963K(129984K)->127963K(129984K) NonClass: 108929K(109568K)->108929K(109568K) Class: 19033K(20416K)->19033K(20416K)
[122.662s][info][gc             ] GC(749) Pause Young (Prepare Mixed) (G1 Humongous Allocation) (Evacuation Failure) 2038M->1266M(2048M) 3.515ms
[122.662s][info][gc,cpu         ] GC(749) User=0.00s Sys=0.00s Real=0.00s
[122.703s][info][gc,start       ] GC(750) Pause Young (Mixed) (G1 Humongous Allocation)
[122.703s][info][gc,task        ] GC(750) Using 33 workers of 33 for evacuation
[122.706s][info][gc,phases      ] GC(750)   Pre Evacuate Collection Set: 0.3ms
[122.706s][info][gc,phases      ] GC(750)   Merge Heap Roots: 0.3ms
[122.706s][info][gc,phases      ] GC(750)   Evacuate Collection Set: 1.9ms
[122.706s][info][gc,phases      ] GC(750)   Post Evacuate Collection Set: 0.7ms
[122.706s][info][gc,phases      ] GC(750)   Other: 0.1ms
[122.706s][info][gc,heap        ] GC(750) Eden regions: 650->0(661)
[122.706s][info][gc,heap        ] GC(750) Survivor regions: 5->6(50)
[122.706s][info][gc,heap        ] GC(750) Old regions: 80->79
[122.706s][info][gc,heap        ] GC(750) Archive regions: 0->0
[122.706s][info][gc,heap        ] GC(750) Humongous regions: 1263->1193
[122.706s][info][gc,metaspace   ] GC(750) Metaspace: 127964K(129984K)->127964K(129984K) NonClass: 108930K(109568K)->108930K(109568K) Class: 19034K(20416K)->19034K(20416K)
[122.706s][info][gc             ] GC(750) Pause Young (Mixed) (G1 Humongous Allocation) 1993M->1274M(2048M) 3.562ms
[122.706s][info][gc,cpu         ] GC(750) User=0.00s Sys=0.00s Real=0.00s
[122.709s][info][gc,start       ] GC(751) Pause Young (Concurrent Start) (G1 Humongous Allocation)
[122.709s][info][gc,task        ] GC(751) Using 33 workers of 33 for evacuation
[122.711s][info][gc,phases      ] GC(751)   Pre Evacuate Collection Set: 0.4ms
[122.711s][info][gc,phases      ] GC(751)   Merge Heap Roots: 0.1ms
[122.711s][info][gc,phases      ] GC(751)   Evacuate Collection Set: 1.7ms
[122.711s][info][gc,phases      ] GC(751)   Post Evacuate Collection Set: 0.6ms
[122.712s][info][gc,phases      ] GC(751)   Other: 0.0ms
[122.712s][info][gc,heap        ] GC(751) Eden regions: 33->0(654)
[122.712s][info][gc,heap        ] GC(751) Survivor regions: 6->6(84)
[122.712s][info][gc,heap        ] GC(751) Old regions: 79->79
[122.712s][info][gc,heap        ] GC(751) Archive regions: 0->0
[122.712s][info][gc,heap        ] GC(751) Humongous regions: 1200->1200
[122.712s][info][gc,metaspace   ] GC(751) Metaspace: 127964K(129984K)->127964K(129984K) NonClass: 108930K(109568K)->108930K(109568K) Class: 19034K(20416K)->19034K(20416K)
[122.712s][info][gc             ] GC(751) Pause Young (Concurrent Start) (G1 Humongous Allocation) 1314M->1281M(2048M) 3.035ms
[122.712s][info][gc             ] GC(752) Concurrent Mark Cycle
[122.712s][info][gc,cpu         ] GC(751) User=0.03s Sys=0.00s Real=0.02s
[122.712s][info][gc,marking     ] GC(752) Concurrent Scan Root Regions
[122.716s][info][gc,marking     ] GC(752) Concurrent Scan Root Regions 3.904ms
[122.716s][info][gc,marking     ] GC(752) Concurrent Mark
[122.716s][info][gc,marking     ] GC(752) Concurrent Mark From Roots
[122.716s][info][gc,task        ] GC(752) Using 8 workers of 8 for marking
[122.737s][info][gc,marking     ] GC(752) Concurrent Mark From Roots 21.047ms
[122.737s][info][gc,marking     ] GC(752) Concurrent Preclean
[122.737s][info][gc,marking     ] GC(752) Concurrent Preclean 0.530ms
[122.737s][info][gc,start       ] GC(752) Pause Remark
[122.740s][info][gc             ] GC(752) Pause Remark 1680M->1675M(2048M) 2.883ms
[122.740s][info][gc,cpu         ] GC(752) User=0.00s Sys=0.00s Real=0.00s
[122.740s][info][gc,marking     ] GC(752) Concurrent Mark 24.869ms
[122.741s][info][gc,marking     ] GC(752) Concurrent Rebuild Remembered Sets and Scrub Regions
[122.748s][info][gc,marking     ] GC(752) Concurrent Rebuild Remembered Sets and Scrub Regions 7.665ms
[122.748s][info][gc,start       ] GC(752) Pause Cleanup
[122.749s][info][gc             ] GC(752) Pause Cleanup 1801M->1801M(2048M) 0.380ms
[122.749s][info][gc,cpu         ] GC(752) User=0.00s Sys=0.00s Real=0.00s
[122.749s][info][gc,marking     ] GC(752) Concurrent Clear Claimed Marks
[122.749s][info][gc,marking     ] GC(752) Concurrent Clear Claimed Marks 0.197ms
[122.749s][info][gc,marking     ] GC(752) Concurrent Cleanup for Next Mark
[122.752s][info][gc,marking     ] GC(752) Concurrent Cleanup for Next Mark 2.535ms
[122.752s][info][gc             ] GC(752) Concurrent Mark Cycle 40.172ms
[122.762s][info][gc,start       ] GC(753) Pause Young (Prepare Mixed) (G1 Evacuation Pause)
[122.762s][info][gc,task        ] GC(753) Using 33 workers of 33 for evacuation
[122.765s][info][gc,phases      ] GC(753)   Pre Evacuate Collection Set: 0.3ms
[122.765s][info][gc,phases      ] GC(753)   Merge Heap Roots: 0.8ms
[122.765s][info][gc,phases      ] GC(753)   Evacuate Collection Set: 1.0ms
[122.765s][info][gc,phases      ] GC(753)   Post Evacuate Collection Set: 0.8ms
[122.765s][info][gc,phases      ] GC(753)   Other: 0.1ms
[122.765s][info][gc,heap        ] GC(753) Eden regions: 654->0(645)
[122.765s][info][gc,heap        ] GC(753) Survivor regions: 6->5(31)
[122.765s][info][gc,heap        ] GC(753) Old regions: 74->74
[122.765s][info][gc,heap        ] GC(753) Archive regions: 0->0
[122.765s][info][gc,heap        ] GC(753) Humongous regions: 1283->1216
[122.765s][info][gc,metaspace   ] GC(753) Metaspace: 127964K(129984K)->127964K(129984K) NonClass: 108930K(109568K)->108930K(109568K) Class: 19034K(20416K)->19034K(20416K)
[122.765s][info][gc             ] GC(753) Pause Young (Prepare Mixed) (G1 Evacuation Pause) 2013M->1291M(2048M) 3.167ms
[122.765s][info][gc,cpu         ] GC(753) User=0.00s Sys=0.00s Real=0.00s
[122.805s][info][gc,start       ] GC(754) Pause Young (Mixed) (G1 Evacuation Pause)
[122.805s][info][gc,task        ] GC(754) Using 33 workers of 33 for evacuation
[122.808s][info][gc,phases      ] GC(754)   Pre Evacuate Collection Set: 0.3ms
[122.808s][info][gc,phases      ] GC(754)   Merge Heap Roots: 0.3ms
[122.808s][info][gc,phases      ] GC(754)   Evacuate Collection Set: 1.4ms
[122.808s][info][gc,phases      ] GC(754)   Post Evacuate Collection Set: 0.9ms
[122.808s][info][gc,phases      ] GC(754)   Other: 0.2ms
[122.808s][info][gc,heap        ] GC(754) Eden regions: 645->0(622)
[122.808s][info][gc,heap        ] GC(754) Survivor regions: 5->5(8)
[122.808s][info][gc,heap        ] GC(754) Old regions: 74->70
[122.808s][info][gc,heap        ] GC(754) Archive regions: 0->0
[122.808s][info][gc,heap        ] GC(754) Humongous regions: 1316->1243
[122.808s][info][gc,metaspace   ] GC(754) Metaspace: 127964K(129984K)->127964K(129984K) NonClass: 108930K(109568K)->108930K(109568K) Class: 19034K(20416K)->19034K(20416K)
[122.808s][info][gc             ] GC(754) Pause Young (Mixed) (G1 Evacuation Pause) 2036M->1315M(2048M) 3.525ms
[122.808s][info][gc,cpu         ] GC(754) User=0.52s Sys=0.00s Real=0.02s
[122.809s][info][gc,start       ] GC(755) Pause Young (Concurrent Start) (G1 Humongous Allocation)
[122.809s][info][gc,task        ] GC(755) Using 33 workers of 33 for evacuation
[122.811s][info][gc,phases      ] GC(755)   Pre Evacuate Collection Set: 0.4ms
[122.812s][info][gc,phases      ] GC(755)   Merge Heap Roots: 0.1ms
[122.812s][info][gc,phases      ] GC(755)   Evacuate Collection Set: 1.3ms
[122.812s][info][gc,phases      ] GC(755)   Post Evacuate Collection Set: 0.8ms
[122.812s][info][gc,phases      ] GC(755)   Other: 0.1ms
[122.812s][info][gc,heap        ] GC(755) Eden regions: 10->0(622)
[122.812s][info][gc,heap        ] GC(755) Survivor regions: 5->5(79)
[122.812s][info][gc,heap        ] GC(755) Old regions: 70->70
[122.812s][info][gc,heap        ] GC(755) Archive regions: 0->0
[122.812s][info][gc,heap        ] GC(755) Humongous regions: 1243->1243
[122.812s][info][gc,metaspace   ] GC(755) Metaspace: 127964K(129984K)->127964K(129984K) NonClass: 108930K(109568K)->108930K(109568K) Class: 19034K(20416K)->19034K(20416K)
[122.812s][info][gc             ] GC(755) Pause Young (Concurrent Start) (G1 Humongous Allocation) 1325M->1314M(2048M) 3.201ms
[122.812s][info][gc             ] GC(756) Concurrent Mark Cycle
[122.812s][info][gc,cpu         ] GC(755) User=0.00s Sys=0.00s Real=0.00s
[122.812s][info][gc,marking     ] GC(756) Concurrent Scan Root Regions
[122.815s][info][gc,marking     ] GC(756) Concurrent Scan Root Regions 2.530ms
[122.815s][info][gc,marking     ] GC(756) Concurrent Mark
[122.815s][info][gc,marking     ] GC(756) Concurrent Mark From Roots
[122.815s][info][gc,task        ] GC(756) Using 8 workers of 8 for marking
[122.836s][info][gc,marking     ] GC(756) Concurrent Mark From Roots 21.699ms
[122.836s][info][gc,marking     ] GC(756) Concurrent Preclean
[122.837s][info][gc,marking     ] GC(756) Concurrent Preclean 0.918ms
[122.838s][info][gc,start       ] GC(756) Pause Remark
[122.841s][info][gc             ] GC(756) Pause Remark 1707M->1703M(2048M) 3.047ms
[122.841s][info][gc,cpu         ] GC(756) User=0.00s Sys=0.00s Real=0.00s
[122.841s][info][gc,marking     ] GC(756) Concurrent Mark 26.474ms
[122.841s][info][gc,marking     ] GC(756) Concurrent Rebuild Remembered Sets and Scrub Regions
[122.849s][info][gc,marking     ] GC(756) Concurrent Rebuild Remembered Sets and Scrub Regions 7.546ms
[122.850s][info][gc,start       ] GC(756) Pause Cleanup
[122.850s][info][gc             ] GC(756) Pause Cleanup 1815M->1815M(2048M) 0.356ms
[122.850s][info][gc,cpu         ] GC(756) User=0.00s Sys=0.00s Real=0.00s
[122.850s][info][gc,marking     ] GC(756) Concurrent Clear Claimed Marks
[122.850s][info][gc,marking     ] GC(756) Concurrent Clear Claimed Marks 0.221ms
[122.850s][info][gc,marking     ] GC(756) Concurrent Cleanup for Next Mark
[122.853s][info][gc,marking     ] GC(756) Concurrent Cleanup for Next Mark 2.323ms
[122.853s][info][gc             ] GC(756) Concurrent Mark Cycle 40.690ms
[122.863s][info][gc,start       ] GC(757) Pause Young (Prepare Mixed) (G1 Evacuation Pause)
[122.863s][info][gc,task        ] GC(757) Using 33 workers of 33 for evacuation
[122.866s][info][gc,phases      ] GC(757)   Pre Evacuate Collection Set: 0.3ms
[122.866s][info][gc,phases      ] GC(757)   Merge Heap Roots: 0.7ms
[122.866s][info][gc,phases      ] GC(757)   Evacuate Collection Set: 0.9ms
[122.866s][info][gc,phases      ] GC(757)   Post Evacuate Collection Set: 0.8ms
[122.866s][info][gc,phases      ] GC(757)   Other: 0.2ms
[122.866s][info][gc,heap        ] GC(757) Eden regions: 622->0(636)
[122.866s][info][gc,heap        ] GC(757) Survivor regions: 5->4(22)
[122.866s][info][gc,heap        ] GC(757) Old regions: 66->66
[122.866s][info][gc,heap        ] GC(757) Archive regions: 0->0
[122.866s][info][gc,heap        ] GC(757) Humongous regions: 1333->1235
[122.866s][info][gc,metaspace   ] GC(757) Metaspace: 127964K(129984K)->127964K(129984K) NonClass: 108930K(109568K)->108930K(109568K) Class: 19034K(20416K)->19034K(20416K)
[122.866s][info][gc             ] GC(757) Pause Young (Prepare Mixed) (G1 Evacuation Pause) 2022M->1302M(2048M) 3.179ms
[122.866s][info][gc,cpu         ] GC(757) User=0.00s Sys=0.00s Real=0.00s
[122.903s][info][gc,start       ] GC(758) Pause Young (Mixed) (G1 Humongous Allocation)
[122.903s][info][gc,task        ] GC(758) Using 33 workers of 33 for evacuation
[122.906s][info][gc,phases      ] GC(758)   Pre Evacuate Collection Set: 0.3ms
[122.906s][info][gc,phases      ] GC(758)   Merge Heap Roots: 0.3ms
[122.906s][info][gc,phases      ] GC(758)   Evacuate Collection Set: 1.2ms
[122.906s][info][gc,phases      ] GC(758)   Post Evacuate Collection Set: 0.7ms
[122.906s][info][gc,phases      ] GC(758)   Other: 0.1ms
[122.906s][info][gc,heap        ] GC(758) Eden regions: 634->0(617)
[122.906s][info][gc,heap        ] GC(758) Survivor regions: 4->4(41)
[122.906s][info][gc,heap        ] GC(758) Old regions: 66->64
[122.906s][info][gc,heap        ] GC(758) Archive regions: 0->0
[122.906s][info][gc,heap        ] GC(758) Humongous regions: 1303->1256
[122.906s][info][gc,metaspace   ] GC(758) Metaspace: 127964K(129984K)->127964K(129984K) NonClass: 108930K(109568K)->108930K(109568K) Class: 19034K(20416K)->19034K(20416K)
[122.906s][info][gc             ] GC(758) Pause Young (Mixed) (G1 Humongous Allocation) 2004M->1320M(2048M) 2.815ms
[122.906s][info][gc,cpu         ] GC(758) User=0.00s Sys=0.00s Real=0.00s
[122.908s][info][gc,start       ] GC(759) Pause Young (Concurrent Start) (G1 Humongous Allocation)
[122.908s][info][gc,task        ] GC(759) Using 33 workers of 33 for evacuation
[122.911s][info][gc,phases      ] GC(759)   Pre Evacuate Collection Set: 0.4ms
[122.911s][info][gc,phases      ] GC(759)   Merge Heap Roots: 0.1ms
[122.911s][info][gc,phases      ] GC(759)   Evacuate Collection Set: 2.1ms
[122.911s][info][gc,phases      ] GC(759)   Post Evacuate Collection Set: 0.6ms
[122.911s][info][gc,phases      ] GC(759)   Other: 0.0ms
[122.911s][info][gc,heap        ] GC(759) Eden regions: 25->0(610)
[122.911s][info][gc,heap        ] GC(759) Survivor regions: 4->4(78)
[122.911s][info][gc,heap        ] GC(759) Old regions: 64->64
[122.911s][info][gc,heap        ] GC(759) Archive regions: 0->0
[122.911s][info][gc,heap        ] GC(759) Humongous regions: 1263->1263
[122.911s][info][gc,metaspace   ] GC(759) Metaspace: 127964K(129984K)->127964K(129984K) NonClass: 108930K(109568K)->108930K(109568K) Class: 19034K(20416K)->19034K(20416K)
[122.911s][info][gc             ] GC(759) Pause Young (Concurrent Start) (G1 Humongous Allocation) 1351M->1327M(2048M) 3.384ms
[122.911s][info][gc             ] GC(760) Concurrent Mark Cycle
[122.911s][info][gc,cpu         ] GC(759) User=0.00s Sys=0.00s Real=0.00s
[122.911s][info][gc,marking     ] GC(760) Concurrent Scan Root Regions
[122.914s][info][gc,marking     ] GC(760) Concurrent Scan Root Regions 3.063ms
[122.914s][info][gc,marking     ] GC(760) Concurrent Mark
[122.914s][info][gc,marking     ] GC(760) Concurrent Mark From Roots
[122.914s][info][gc,task        ] GC(760) Using 8 workers of 8 for marking
[122.936s][info][gc,marking     ] GC(760) Concurrent Mark From Roots 21.579ms
[122.936s][info][gc,marking     ] GC(760) Concurrent Preclean
[122.937s][info][gc,marking     ] GC(760) Concurrent Preclean 0.658ms
[122.937s][info][gc,start       ] GC(760) Pause Remark
[122.940s][info][gc             ] GC(760) Pause Remark 1754M->1754M(2048M) 2.842ms
[122.940s][info][gc,cpu         ] GC(760) User=0.00s Sys=0.00s Real=0.00s
[122.940s][info][gc,marking     ] GC(760) Concurrent Mark 25.516ms
[122.940s][info][gc,marking     ] GC(760) Concurrent Rebuild Remembered Sets and Scrub Regions
[122.948s][info][gc,marking     ] GC(760) Concurrent Rebuild Remembered Sets and Scrub Regions 7.526ms
[122.948s][info][gc,start       ] GC(760) Pause Cleanup
[122.948s][info][gc             ] GC(760) Pause Cleanup 1874M->1874M(2048M) 0.304ms
[122.948s][info][gc,cpu         ] GC(760) User=0.00s Sys=0.00s Real=0.00s
[122.948s][info][gc,marking     ] GC(760) Concurrent Clear Claimed Marks
[122.948s][info][gc,marking     ] GC(760) Concurrent Clear Claimed Marks 0.217ms
[122.948s][info][gc,marking     ] GC(760) Concurrent Cleanup for Next Mark
[122.951s][info][gc,marking     ] GC(760) Concurrent Cleanup for Next Mark 2.447ms
[122.951s][info][gc             ] GC(760) Concurrent Mark Cycle 39.541ms
[122.954s][info][gc,start       ] GC(761) Pause Young (Prepare Mixed) (G1 Humongous Allocation)
[122.955s][info][gc,task        ] GC(761) Using 33 workers of 33 for evacuation
[122.957s][info][gc,phases      ] GC(761)   Pre Evacuate Collection Set: 0.3ms
[122.957s][info][gc,phases      ] GC(761)   Merge Heap Roots: 0.8ms
[122.957s][info][gc,phases      ] GC(761)   Evacuate Collection Set: 0.8ms
[122.957s][info][gc,phases      ] GC(761)   Post Evacuate Collection Set: 0.8ms
[122.957s][info][gc,phases      ] GC(761)   Other: 0.1ms
[122.957s][info][gc,heap        ] GC(761) Eden regions: 566->0(604)
[122.957s][info][gc,heap        ] GC(761) Survivor regions: 4->4(77)
[122.957s][info][gc,heap        ] GC(761) Old regions: 64->64
[122.957s][info][gc,heap        ] GC(761) Archive regions: 0->0
[122.957s][info][gc,heap        ] GC(761) Humongous regions: 1336->1269
[122.957s][info][gc,metaspace   ] GC(761) Metaspace: 127964K(129984K)->127964K(129984K) NonClass: 108930K(109568K)->108930K(109568K) Class: 19034K(20416K)->19034K(20416K)
[122.957s][info][gc             ] GC(761) Pause Young (Prepare Mixed) (G1 Humongous Allocation) 1966M->1333M(2048M) 3.030ms
[122.958s][info][gc,cpu         ] GC(761) User=0.00s Sys=0.00s Real=0.00s
[122.992s][info][gc,start       ] GC(762) Pause Young (Mixed) (G1 Humongous Allocation)
[122.992s][info][gc,task        ] GC(762) Using 33 workers of 33 for evacuation
[122.995s][info][gc,phases      ] GC(762)   Pre Evacuate Collection Set: 0.3ms
[122.995s][info][gc,phases      ] GC(762)   Merge Heap Roots: 0.2ms
[122.995s][info][gc,phases      ] GC(762)   Evacuate Collection Set: 1.2ms
[122.995s][info][gc,phases      ] GC(762)   Post Evacuate Collection Set: 0.9ms
[122.995s][info][gc,phases      ] GC(762)   Other: 0.1ms
[122.995s][info][gc,heap        ] GC(762) Eden regions: 519->0(603)
[122.995s][info][gc,heap        ] GC(762) Survivor regions: 4->4(76)
[122.995s][info][gc,heap        ] GC(762) Old regions: 64->61
[122.995s][info][gc,heap        ] GC(762) Archive regions: 0->0
[122.995s][info][gc,heap        ] GC(762) Humongous regions: 1374->1273
[122.995s][info][gc,metaspace   ] GC(762) Metaspace: 127965K(129984K)->127965K(129984K) NonClass: 108931K(109568K)->108931K(109568K) Class: 19034K(20416K)->19034K(20416K)
[122.995s][info][gc             ] GC(762) Pause Young (Mixed) (G1 Humongous Allocation) 1957M->1334M(2048M) 2.990ms
[122.995s][info][gc,cpu         ] GC(762) User=0.00s Sys=0.00s Real=0.00s
[122.996s][info][gc,start       ] GC(763) Pause Young (Concurrent Start) (G1 Humongous Allocation)
[122.996s][info][gc,task        ] GC(763) Using 33 workers of 33 for evacuation
[122.999s][info][gc,phases      ] GC(763)   Pre Evacuate Collection Set: 0.4ms
[122.999s][info][gc,phases      ] GC(763)   Merge Heap Roots: 0.1ms
[122.999s][info][gc,phases      ] GC(763)   Evacuate Collection Set: 1.9ms
[122.999s][info][gc,phases      ] GC(763)   Post Evacuate Collection Set: 0.5ms
[122.999s][info][gc,phases      ] GC(763)   Other: 0.0ms
[122.999s][info][gc,heap        ] GC(763) Eden regions: 9->0(599)
[122.999s][info][gc,heap        ] GC(763) Survivor regions: 4->4(76)
[122.999s][info][gc,heap        ] GC(763) Old regions: 61->61
[122.999s][info][gc,heap        ] GC(763) Archive regions: 0->0
[122.999s][info][gc,heap        ] GC(763) Humongous regions: 1277->1277
[122.999s][info][gc,metaspace   ] GC(763) Metaspace: 127965K(129984K)->127965K(129984K) NonClass: 108931K(109568K)->108931K(109568K) Class: 19034K(20416K)->19034K(20416K)
[122.999s][info][gc             ] GC(763) Pause Young (Concurrent Start) (G1 Humongous Allocation) 1347M->1338M(2048M) 3.060ms
[122.999s][info][gc             ] GC(764) Concurrent Mark Cycle
[122.999s][info][gc,cpu         ] GC(763) User=0.00s Sys=0.00s Real=0.00s
[122.999s][info][gc,marking     ] GC(764) Concurrent Scan Root Regions
[123.001s][info][gc,marking     ] GC(764) Concurrent Scan Root Regions 2.066ms
[123.001s][info][gc,marking     ] GC(764) Concurrent Mark
[123.001s][info][gc,marking     ] GC(764) Concurrent Mark From Roots
[123.001s][info][gc,task        ] GC(764) Using 8 workers of 8 for marking
[123.019s][info][gc,marking     ] GC(764) Concurrent Mark From Roots 18.251ms
[123.019s][info][gc,marking     ] GC(764) Concurrent Preclean
[123.020s][info][gc,marking     ] GC(764) Concurrent Preclean 0.345ms
[123.020s][info][gc,start       ] GC(764) Pause Remark
[123.023s][info][gc             ] GC(764) Pause Remark 1584M->1582M(2048M) 2.978ms
[123.023s][info][gc,cpu         ] GC(764) User=0.00s Sys=0.00s Real=0.00s
[123.023s][info][gc,marking     ] GC(764) Concurrent Mark 21.961ms
[123.023s][info][gc,marking     ] GC(764) Concurrent Rebuild Remembered Sets and Scrub Regions
[123.030s][info][gc,marking     ] GC(764) Concurrent Rebuild Remembered Sets and Scrub Regions 6.636ms
[123.030s][info][gc,start       ] GC(764) Pause Cleanup
[123.030s][info][gc             ] GC(764) Pause Cleanup 1677M->1677M(2048M) 0.329ms
[123.030s][info][gc,cpu         ] GC(764) User=0.00s Sys=0.00s Real=0.00s
[123.030s][info][gc,marking     ] GC(764) Concurrent Clear Claimed Marks
[123.031s][info][gc,marking     ] GC(764) Concurrent Clear Claimed Marks 0.209ms
[123.031s][info][gc,marking     ] GC(764) Concurrent Cleanup for Next Mark
[123.033s][info][gc,marking     ] GC(764) Concurrent Cleanup for Next Mark 2.211ms
[123.033s][info][gc             ] GC(764) Concurrent Mark Cycle 33.987ms
[123.048s][info][gc,start       ] GC(765) Pause Young (Prepare Mixed) (G1 Humongous Allocation)
[123.048s][info][gc,task        ] GC(765) Using 33 workers of 33 for evacuation
[123.051s][info][gc,phases      ] GC(765)   Pre Evacuate Collection Set: 0.3ms
[123.051s][info][gc,phases      ] GC(765)   Merge Heap Roots: 0.8ms
[123.051s][info][gc,phases      ] GC(765)   Evacuate Collection Set: 0.8ms
[123.051s][info][gc,phases      ] GC(765)   Post Evacuate Collection Set: 0.8ms
[123.051s][info][gc,phases      ] GC(765)   Other: 0.1ms
[123.051s][info][gc,heap        ] GC(765) Eden regions: 556->0(609)
[123.051s][info][gc,heap        ] GC(765) Survivor regions: 4->2(76)
[123.051s][info][gc,heap        ] GC(765) Old regions: 59->59
[123.051s][info][gc,heap        ] GC(765) Archive regions: 0->0
[123.051s][info][gc,heap        ] GC(765) Humongous regions: 1332->1273
[123.051s][info][gc,metaspace   ] GC(765) Metaspace: 127966K(130048K)->127966K(130048K) NonClass: 108932K(109632K)->108932K(109632K) Class: 19034K(20416K)->19034K(20416K)
[123.051s][info][gc             ] GC(765) Pause Young (Prepare Mixed) (G1 Humongous Allocation) 1947M->1331M(2048M) 2.975ms
[123.051s][info][gc,cpu         ] GC(765) User=0.00s Sys=0.00s Real=0.00s
[123.092s][info][gc,start       ] GC(766) Pause Young (Mixed) (G1 Evacuation Pause)
[123.092s][info][gc,task        ] GC(766) Using 33 workers of 33 for evacuation
[123.095s][info][gc,phases      ] GC(766)   Pre Evacuate Collection Set: 0.3ms
[123.095s][info][gc,phases      ] GC(766)   Merge Heap Roots: 0.3ms
[123.095s][info][gc,phases      ] GC(766)   Evacuate Collection Set: 1.7ms
[123.095s][info][gc,phases      ] GC(766)   Post Evacuate Collection Set: 0.7ms
[123.095s][info][gc,phases      ] GC(766)   Other: 0.1ms
[123.095s][info][gc,heap        ] GC(766) Eden regions: 609->0(600)
[123.095s][info][gc,heap        ] GC(766) Survivor regions: 2->2(24)
[123.095s][info][gc,heap        ] GC(766) Old regions: 59->57
[123.095s][info][gc,heap        ] GC(766) Archive regions: 0->0
[123.095s][info][gc,heap        ] GC(766) Humongous regions: 1354->1284
[123.095s][info][gc,metaspace   ] GC(766) Metaspace: 127966K(130048K)->127966K(130048K) NonClass: 108932K(109632K)->108932K(109632K) Class: 19034K(20416K)->19034K(20416K)
[123.095s][info][gc             ] GC(766) Pause Young (Mixed) (G1 Evacuation Pause) 2021M->1340M(2048M) 3.272ms
[123.095s][info][gc,cpu         ] GC(766) User=0.00s Sys=0.00s Real=0.00s
[123.100s][info][gc,start       ] GC(767) Pause Young (Concurrent Start) (G1 Humongous Allocation)
[123.100s][info][gc,task        ] GC(767) Using 33 workers of 33 for evacuation
[123.103s][info][gc,phases      ] GC(767)   Pre Evacuate Collection Set: 0.4ms
[123.103s][info][gc,phases      ] GC(767)   Merge Heap Roots: 0.1ms
[123.103s][info][gc,phases      ] GC(767)   Evacuate Collection Set: 1.4ms
[123.103s][info][gc,phases      ] GC(767)   Post Evacuate Collection Set: 0.6ms
[123.103s][info][gc,phases      ] GC(767)   Other: 0.1ms
[123.103s][info][gc,heap        ] GC(767) Eden regions: 88->0(598)
[123.103s][info][gc,heap        ] GC(767) Survivor regions: 2->3(76)
[123.103s][info][gc,heap        ] GC(767) Old regions: 57->57
[123.103s][info][gc,heap        ] GC(767) Archive regions: 0->0
[123.103s][info][gc,heap        ] GC(767) Humongous regions: 1284->1284
[123.103s][info][gc,metaspace   ] GC(767) Metaspace: 127966K(130048K)->127966K(130048K) NonClass: 108932K(109632K)->108932K(109632K) Class: 19034K(20416K)->19034K(20416K)
[123.103s][info][gc             ] GC(767) Pause Young (Concurrent Start) (G1 Humongous Allocation) 1428M->1340M(2048M) 2.858ms
[123.103s][info][gc             ] GC(768) Concurrent Mark Cycle
[123.103s][info][gc,cpu         ] GC(767) User=0.00s Sys=0.00s Real=0.00s
[123.103s][info][gc,marking     ] GC(768) Concurrent Scan Root Regions
[123.106s][info][gc,marking     ] GC(768) Concurrent Scan Root Regions 3.045ms
[123.106s][info][gc,marking     ] GC(768) Concurrent Mark
[123.106s][info][gc,marking     ] GC(768) Concurrent Mark From Roots
[123.106s][info][gc,task        ] GC(768) Using 8 workers of 8 for marking
[123.125s][info][gc,marking     ] GC(768) Concurrent Mark From Roots 18.660ms
[123.125s][info][gc,marking     ] GC(768) Concurrent Preclean
[123.126s][info][gc,marking     ] GC(768) Concurrent Preclean 0.456ms
[123.126s][info][gc,start       ] GC(768) Pause Remark
[123.129s][info][gc             ] GC(768) Pause Remark 1610M->1610M(2048M) 2.887ms
[123.129s][info][gc,cpu         ] GC(768) User=0.00s Sys=0.00s Real=0.00s
[123.129s][info][gc,marking     ] GC(768) Concurrent Mark 22.410ms
[123.129s][info][gc,marking     ] GC(768) Concurrent Rebuild Remembered Sets and Scrub Regions
[123.135s][info][gc,marking     ] GC(768) Concurrent Rebuild Remembered Sets and Scrub Regions 6.571ms
[123.136s][info][gc,start       ] GC(768) Pause Cleanup
[123.136s][info][gc             ] GC(768) Pause Cleanup 1699M->1699M(2048M) 0.308ms
[123.136s][info][gc,cpu         ] GC(768) User=0.00s Sys=0.00s Real=0.00s
[123.136s][info][gc,marking     ] GC(768) Concurrent Clear Claimed Marks
[123.136s][info][gc,marking     ] GC(768) Concurrent Clear Claimed Marks 0.158ms
[123.136s][info][gc,marking     ] GC(768) Concurrent Cleanup for Next Mark
[123.138s][info][gc,marking     ] GC(768) Concurrent Cleanup for Next Mark 2.146ms
[123.138s][info][gc             ] GC(768) Concurrent Mark Cycle 35.171ms
[123.154s][info][gc,start       ] GC(769) Pause Young (Prepare Mixed) (G1 Evacuation Pause)
[123.154s][info][gc,task        ] GC(769) Using 33 workers of 33 for evacuation
[123.157s][info][gc,phases      ] GC(769)   Pre Evacuate Collection Set: 0.3ms
[123.157s][info][gc,phases      ] GC(769)   Merge Heap Roots: 0.8ms
[123.157s][info][gc,phases      ] GC(769)   Evacuate Collection Set: 0.8ms
[123.157s][info][gc,phases      ] GC(769)   Post Evacuate Collection Set: 0.8ms
[123.157s][info][gc,phases      ] GC(769)   Other: 0.1ms
[123.157s][info][gc,heap        ] GC(769) Eden regions: 598->0(594)
[123.157s][info][gc,heap        ] GC(769) Survivor regions: 3->2(65)
[123.157s][info][gc,heap        ] GC(769) Old regions: 57->57
[123.157s][info][gc,heap        ] GC(769) Archive regions: 0->0
[123.157s][info][gc,heap        ] GC(769) Humongous regions: 1325->1290
[123.157s][info][gc,metaspace   ] GC(769) Metaspace: 127966K(130048K)->127966K(130048K) NonClass: 108932K(109632K)->108932K(109632K) Class: 19034K(20416K)->19034K(20416K)
[123.157s][info][gc             ] GC(769) Pause Young (Prepare Mixed) (G1 Evacuation Pause) 1979M->1345M(2048M) 2.995ms
[123.157s][info][gc,cpu         ] GC(769) User=0.00s Sys=0.00s Real=0.00s
[123.194s][info][gc,start       ] GC(770) Pause Young (Mixed) (G1 Humongous Allocation)
[123.194s][info][gc,task        ] GC(770) Using 33 workers of 33 for evacuation
[123.197s][info][gc,phases      ] GC(770)   Pre Evacuate Collection Set: 0.3ms
[123.197s][info][gc,phases      ] GC(770)   Merge Heap Roots: 0.2ms
[123.197s][info][gc,phases      ] GC(770)   Evacuate Collection Set: 1.2ms
[123.197s][info][gc,phases      ] GC(770)   Post Evacuate Collection Set: 0.7ms
[123.197s][info][gc,phases      ] GC(770)   Other: 0.1ms
[123.197s][info][gc,heap        ] GC(770) Eden regions: 573->0(609)
[123.197s][info][gc,heap        ] GC(770) Survivor regions: 2->2(75)
[123.197s][info][gc,heap        ] GC(770) Old regions: 57->56
[123.197s][info][gc,heap        ] GC(770) Archive regions: 0->0
[123.197s][info][gc,heap        ] GC(770) Humongous regions: 1306->1276
[123.197s][info][gc,metaspace   ] GC(770) Metaspace: 127966K(130048K)->127966K(130048K) NonClass: 108932K(109632K)->108932K(109632K) Class: 19034K(20416K)->19034K(20416K)
[123.197s][info][gc             ] GC(770) Pause Young (Mixed) (G1 Humongous Allocation) 1934M->1330M(2048M) 2.709ms
[123.197s][info][gc,cpu         ] GC(770) User=0.52s Sys=0.00s Real=0.02s
[123.208s][info][gc,start       ] GC(771) Pause Young (Concurrent Start) (G1 Humongous Allocation)
[123.208s][info][gc,task        ] GC(771) Using 33 workers of 33 for evacuation
[123.211s][info][gc,phases      ] GC(771)   Pre Evacuate Collection Set: 0.4ms
[123.211s][info][gc,phases      ] GC(771)   Merge Heap Roots: 0.1ms
[123.211s][info][gc,phases      ] GC(771)   Evacuate Collection Set: 1.9ms
[123.211s][info][gc,phases      ] GC(771)   Post Evacuate Collection Set: 0.7ms
[123.211s][info][gc,phases      ] GC(771)   Other: 0.1ms
[123.211s][info][gc,heap        ] GC(771) Eden regions: 167->0(604)
[123.211s][info][gc,heap        ] GC(771) Survivor regions: 2->3(77)
[123.212s][info][gc,heap        ] GC(771) Old regions: 56->56
[123.212s][info][gc,heap        ] GC(771) Archive regions: 0->0
[123.212s][info][gc,heap        ] GC(771) Humongous regions: 1283->1279
[123.212s][info][gc,metaspace   ] GC(771) Metaspace: 127966K(130048K)->127966K(130048K) NonClass: 108932K(109632K)->108932K(109632K) Class: 19034K(20416K)->19034K(20416K)
[123.212s][info][gc             ] GC(771) Pause Young (Concurrent Start) (G1 Humongous Allocation) 1504M->1334M(2048M) 3.479ms
[123.212s][info][gc             ] GC(772) Concurrent Mark Cycle
[123.212s][info][gc,cpu         ] GC(771) User=0.52s Sys=0.00s Real=0.02s
[123.212s][info][gc,marking     ] GC(772) Concurrent Scan Root Regions
[123.214s][info][gc,marking     ] GC(772) Concurrent Scan Root Regions 1.979ms
[123.214s][info][gc,marking     ] GC(772) Concurrent Mark
[123.214s][info][gc,marking     ] GC(772) Concurrent Mark From Roots
[123.214s][info][gc,task        ] GC(772) Using 8 workers of 8 for marking
[123.231s][info][gc,marking     ] GC(772) Concurrent Mark From Roots 17.585ms
[123.231s][info][gc,marking     ] GC(772) Concurrent Preclean
[123.232s][info][gc,marking     ] GC(772) Concurrent Preclean 0.500ms
[123.232s][info][gc,start       ] GC(772) Pause Remark
[123.235s][info][gc             ] GC(772) Pause Remark 1574M->1574M(2048M) 2.858ms
[123.235s][info][gc,cpu         ] GC(772) User=0.00s Sys=0.00s Real=0.00s
[123.235s][info][gc,marking     ] GC(772) Concurrent Mark 21.516ms
[123.235s][info][gc,marking     ] GC(772) Concurrent Rebuild Remembered Sets and Scrub Regions
[123.242s][info][gc,marking     ] GC(772) Concurrent Rebuild Remembered Sets and Scrub Regions 6.351ms
[123.242s][info][gc,start       ] GC(772) Pause Cleanup
[123.242s][info][gc             ] GC(772) Pause Cleanup 1648M->1648M(2048M) 0.308ms
[123.242s][info][gc,cpu         ] GC(772) User=0.00s Sys=0.00s Real=0.00s
[123.242s][info][gc,marking     ] GC(772) Concurrent Clear Claimed Marks
[123.242s][info][gc,marking     ] GC(772) Concurrent Clear Claimed Marks 0.172ms
[123.242s][info][gc,marking     ] GC(772) Concurrent Cleanup for Next Mark
[123.245s][info][gc,marking     ] GC(772) Concurrent Cleanup for Next Mark 2.183ms
[123.245s][info][gc             ] GC(772) Concurrent Mark Cycle 32.954ms
[123.262s][info][gc,start       ] GC(773) Pause Young (Prepare Mixed) (G1 Evacuation Pause)
[123.262s][info][gc,task        ] GC(773) Using 33 workers of 33 for evacuation
[123.265s][info][gc,phases      ] GC(773)   Pre Evacuate Collection Set: 0.3ms
[123.265s][info][gc,phases      ] GC(773)   Merge Heap Roots: 0.8ms
[123.265s][info][gc,phases      ] GC(773)   Evacuate Collection Set: 0.7ms
[123.265s][info][gc,phases      ] GC(773)   Post Evacuate Collection Set: 0.8ms
[123.265s][info][gc,phases      ] GC(773)   Other: 0.2ms
[123.265s][info][gc,heap        ] GC(773) Eden regions: 604->0(607)
[123.265s][info][gc,heap        ] GC(773) Survivor regions: 3->2(76)
[123.265s][info][gc,heap        ] GC(773) Old regions: 56->56
[123.265s][info][gc,heap        ] GC(773) Archive regions: 0->0
[123.265s][info][gc,heap        ] GC(773) Humongous regions: 1297->1278
[123.265s][info][gc,metaspace   ] GC(773) Metaspace: 127966K(130048K)->127966K(130048K) NonClass: 108932K(109632K)->108932K(109632K) Class: 19034K(20416K)->19034K(20416K)
[123.265s][info][gc             ] GC(773) Pause Young (Prepare Mixed) (G1 Evacuation Pause) 1956M->1332M(2048M) 3.217ms
[123.265s][info][gc,cpu         ] GC(773) User=0.00s Sys=0.00s Real=0.00s
[123.305s][info][gc,start       ] GC(774) Pause Young (Mixed) (G1 Evacuation Pause)
[123.305s][info][gc,task        ] GC(774) Using 33 workers of 33 for evacuation
[123.307s][info][gc,phases      ] GC(774)   Pre Evacuate Collection Set: 0.3ms
[123.308s][info][gc,phases      ] GC(774)   Merge Heap Roots: 0.3ms
[123.308s][info][gc,phases      ] GC(774)   Evacuate Collection Set: 1.4ms
[123.308s][info][gc,phases      ] GC(774)   Post Evacuate Collection Set: 0.7ms
[123.308s][info][gc,phases      ] GC(774)   Other: 0.1ms
[123.308s][info][gc,heap        ] GC(774) Eden regions: 607->0(608)
[123.308s][info][gc,heap        ] GC(774) Survivor regions: 2->2(77)
[123.308s][info][gc,heap        ] GC(774) Old regions: 56->55
[123.308s][info][gc,heap        ] GC(774) Archive regions: 0->0
[123.308s][info][gc,heap        ] GC(774) Humongous regions: 1300->1278
[123.308s][info][gc,metaspace   ] GC(774) Metaspace: 127966K(130048K)->127966K(130048K) NonClass: 108932K(109632K)->108932K(109632K) Class: 19034K(20416K)->19034K(20416K)
[123.308s][info][gc             ] GC(774) Pause Young (Mixed) (G1 Evacuation Pause) 1961M->1331M(2048M) 3.030ms
[123.308s][info][gc,cpu         ] GC(774) User=0.00s Sys=0.00s Real=0.00s
[123.311s][info][gc,start       ] GC(775) Pause Young (Concurrent Start) (G1 Humongous Allocation)
[123.311s][info][gc,task        ] GC(775) Using 33 workers of 33 for evacuation
[123.313s][info][gc,phases      ] GC(775)   Pre Evacuate Collection Set: 0.4ms
[123.313s][info][gc,phases      ] GC(775)   Merge Heap Roots: 0.1ms
[123.313s][info][gc,phases      ] GC(775)   Evacuate Collection Set: 1.3ms
[123.313s][info][gc,phases      ] GC(775)   Post Evacuate Collection Set: 0.5ms
[123.313s][info][gc,phases      ] GC(775)   Other: 0.0ms
[123.313s][info][gc,heap        ] GC(775) Eden regions: 50->0(608)
[123.313s][info][gc,heap        ] GC(775) Survivor regions: 2->2(77)
[123.314s][info][gc,heap        ] GC(775) Old regions: 55->55
[123.314s][info][gc,heap        ] GC(775) Archive regions: 0->0
[123.314s][info][gc,heap        ] GC(775) Humongous regions: 1278->1278
[123.314s][info][gc,metaspace   ] GC(775) Metaspace: 127966K(130048K)->127966K(130048K) NonClass: 108932K(109632K)->108932K(109632K) Class: 19034K(20416K)->19034K(20416K)
[123.314s][info][gc             ] GC(775) Pause Young (Concurrent Start) (G1 Humongous Allocation) 1381M->1331M(2048M) 2.589ms
[123.314s][info][gc             ] GC(776) Concurrent Mark Cycle
[123.314s][info][gc,cpu         ] GC(775) User=0.00s Sys=0.00s Real=0.00s
[123.314s][info][gc,marking     ] GC(776) Concurrent Scan Root Regions
[123.316s][info][gc,marking     ] GC(776) Concurrent Scan Root Regions 2.072ms
[123.316s][info][gc,marking     ] GC(776) Concurrent Mark
[123.316s][info][gc,marking     ] GC(776) Concurrent Mark From Roots
[123.316s][info][gc,task        ] GC(776) Using 8 workers of 8 for marking
[123.334s][info][gc,marking     ] GC(776) Concurrent Mark From Roots 18.362ms
[123.334s][info][gc,marking     ] GC(776) Concurrent Preclean
[123.335s][info][gc,marking     ] GC(776) Concurrent Preclean 0.440ms
[123.335s][info][gc,start       ] GC(776) Pause Remark
[123.338s][info][gc             ] GC(776) Pause Remark 1591M->1591M(2048M) 2.797ms
[123.338s][info][gc,cpu         ] GC(776) User=0.00s Sys=0.00s Real=0.00s
[123.338s][info][gc,marking     ] GC(776) Concurrent Mark 22.002ms
[123.338s][info][gc,marking     ] GC(776) Concurrent Rebuild Remembered Sets and Scrub Regions
[123.344s][info][gc,marking     ] GC(776) Concurrent Rebuild Remembered Sets and Scrub Regions 6.555ms
[123.345s][info][gc,start       ] GC(776) Pause Cleanup
[123.345s][info][gc             ] GC(776) Pause Cleanup 1663M->1663M(2048M) 0.283ms
[123.345s][info][gc,cpu         ] GC(776) User=0.00s Sys=0.00s Real=0.00s
[123.345s][info][gc,marking     ] GC(776) Concurrent Clear Claimed Marks
[123.345s][info][gc,marking     ] GC(776) Concurrent Clear Claimed Marks 0.196ms
[123.345s][info][gc,marking     ] GC(776) Concurrent Cleanup for Next Mark
[123.347s][info][gc,marking     ] GC(776) Concurrent Cleanup for Next Mark 2.088ms
[123.347s][info][gc             ] GC(776) Concurrent Mark Cycle 33.681ms
[123.369s][info][gc,start       ] GC(777) Pause Young (Prepare Mixed) (G1 Evacuation Pause)
[123.369s][info][gc,task        ] GC(777) Using 33 workers of 33 for evacuation
[123.372s][info][gc,phases      ] GC(777)   Pre Evacuate Collection Set: 0.3ms
[123.372s][info][gc,phases      ] GC(777)   Merge Heap Roots: 0.8ms
[123.372s][info][gc,phases      ] GC(777)   Evacuate Collection Set: 0.8ms
[123.372s][info][gc,phases      ] GC(777)   Post Evacuate Collection Set: 0.8ms
[123.372s][info][gc,phases      ] GC(777)   Other: 0.1ms
[123.372s][info][gc,heap        ] GC(777) Eden regions: 608->0(619)
[123.372s][info][gc,heap        ] GC(777) Survivor regions: 2->2(77)
[123.372s][info][gc,heap        ] GC(777) Old regions: 55->55
[123.372s][info][gc,heap        ] GC(777) Archive regions: 0->0
[123.372s][info][gc,heap        ] GC(777) Humongous regions: 1304->1267
[123.372s][info][gc,metaspace   ] GC(777) Metaspace: 127966K(130048K)->127966K(130048K) NonClass: 108932K(109632K)->108932K(109632K) Class: 19034K(20416K)->19034K(20416K)
[123.372s][info][gc             ] GC(777) Pause Young (Prepare Mixed) (G1 Evacuation Pause) 1965M->1320M(2048M) 2.955ms
[123.372s][info][gc,cpu         ] GC(777) User=0.00s Sys=0.00s Real=0.00s
[123.955s][info][gc,start       ] GC(778) Pause Full (System.gc())
[123.955s][info][gc,task        ] GC(778) Using 33 workers of 33 for full compaction
[123.957s][info][gc,phases,start] GC(778) Phase 1: Mark live objects
[123.996s][info][gc,phases      ] GC(778) Phase 1: Mark live objects 38.397ms
[123.996s][info][gc,phases,start] GC(778) Phase 2: Prepare compaction
[124.000s][info][gc,phases      ] GC(778) Phase 2: Prepare compaction 4.045ms
[124.000s][info][gc,phases,start] GC(778) Phase 3: Adjust pointers
[124.009s][info][gc,phases      ] GC(778) Phase 3: Adjust pointers 9.865ms
[124.010s][info][gc,phases,start] GC(778) Phase 4: Compact heap
[124.010s][info][gc,phases      ] GC(778) Phase 4: Compact heap 0.839ms
[124.024s][info][gc,heap        ] GC(778) Eden regions: 464->0(869)
[124.025s][info][gc,heap        ] GC(778) Survivor regions: 2->0(77)
[124.025s][info][gc,heap        ] GC(778) Old regions: 55->68
[124.025s][info][gc,heap        ] GC(778) Archive regions: 0->0
[124.025s][info][gc,heap        ] GC(778) Humongous regions: 1280->1008
[124.025s][info][gc,metaspace   ] GC(778) Metaspace: 127978K(130048K)->127978K(130048K) NonClass: 108944K(109632K)->108944K(109632K) Class: 19034K(20416K)->19034K(20416K)
[124.025s][info][gc             ] GC(778) Pause Full (System.gc()) 1796M->1054M(2048M) 69.306ms
[124.025s][info][gc,cpu         ] GC(778) User=1.05s Sys=0.00s Real=0.06s
[124.098s][info][gc,start       ] GC(779) Pause Young (Concurrent Start) (G1 Humongous Allocation)
[124.098s][info][gc,task        ] GC(779) Using 33 workers of 33 for evacuation
[124.101s][info][gc,phases      ] GC(779)   Pre Evacuate Collection Set: 0.5ms
[124.102s][info][gc,phases      ] GC(779)   Merge Heap Roots: 0.1ms
[124.102s][info][gc,phases      ] GC(779)   Evacuate Collection Set: 1.9ms
[124.102s][info][gc,phases      ] GC(779)   Post Evacuate Collection Set: 0.9ms
[124.102s][info][gc,phases      ] GC(779)   Other: 0.2ms
[124.102s][info][gc,heap        ] GC(779) Eden regions: 11->0(867)
[124.102s][info][gc,heap        ] GC(779) Survivor regions: 0->1(109)
[124.102s][info][gc,heap        ] GC(779) Old regions: 68->68
[124.102s][info][gc,heap        ] GC(779) Archive regions: 0->0
[124.102s][info][gc,heap        ] GC(779) Humongous regions: 1008->1008
[124.102s][info][gc,metaspace   ] GC(779) Metaspace: 128098K(130176K)->128098K(130176K) NonClass: 109062K(109760K)->109062K(109760K) Class: 19035K(20416K)->19035K(20416K)
[124.102s][info][gc             ] GC(779) Pause Young (Concurrent Start) (G1 Humongous Allocation) 1064M->1054M(2048M) 4.187ms
[124.102s][info][gc             ] GC(780) Concurrent Mark Cycle
[124.102s][info][gc,cpu         ] GC(779) User=0.00s Sys=0.00s Real=0.00s
[124.102s][info][gc,marking     ] GC(780) Concurrent Scan Root Regions
[124.105s][info][gc,marking     ] GC(780) Concurrent Scan Root Regions 3.112ms
[124.105s][info][gc,marking     ] GC(780) Concurrent Mark
[124.105s][info][gc,marking     ] GC(780) Concurrent Mark From Roots
[124.105s][info][gc,task        ] GC(780) Using 8 workers of 8 for marking
[124.132s][info][gc,marking     ] GC(780) Concurrent Mark From Roots 26.325ms
[124.132s][info][gc,marking     ] GC(780) Concurrent Preclean
[124.133s][info][gc,marking     ] GC(780) Concurrent Preclean 1.160ms
[124.133s][info][gc,start       ] GC(780) Pause Remark
[124.137s][info][gc             ] GC(780) Pause Remark 1167M->1167M(2048M) 3.679ms
[124.137s][info][gc,cpu         ] GC(780) User=0.00s Sys=0.00s Real=0.00s
[124.137s][info][gc,marking     ] GC(780) Concurrent Mark 31.859ms
[124.137s][info][gc,marking     ] GC(780) Concurrent Rebuild Remembered Sets and Scrub Regions
[124.153s][info][gc,marking     ] GC(780) Concurrent Rebuild Remembered Sets and Scrub Regions 15.688ms
[124.153s][info][gc,start       ] GC(780) Pause Cleanup
[124.154s][info][gc             ] GC(780) Pause Cleanup 1379M->1379M(2048M) 0.523ms
[124.154s][info][gc,cpu         ] GC(780) User=0.00s Sys=0.00s Real=0.00s
[124.154s][info][gc,marking     ] GC(780) Concurrent Clear Claimed Marks
[124.155s][info][gc,marking     ] GC(780) Concurrent Clear Claimed Marks 1.094ms
[124.155s][info][gc,marking     ] GC(780) Concurrent Cleanup for Next Mark
[124.164s][info][gc,marking     ] GC(780) Concurrent Cleanup for Next Mark 8.727ms
[124.165s][info][gc             ] GC(780) Concurrent Mark Cycle 62.746ms
[124.196s][info][gc,start       ] GC(781) Pause Young (Prepare Mixed) (G1 Evacuation Pause)
[124.196s][info][gc,task        ] GC(781) Using 33 workers of 33 for evacuation
[124.199s][info][gc,phases      ] GC(781)   Pre Evacuate Collection Set: 0.3ms
[124.199s][info][gc,phases      ] GC(781)   Merge Heap Roots: 0.8ms
[124.199s][info][gc,phases      ] GC(781)   Evacuate Collection Set: 1.6ms
[124.199s][info][gc,phases      ] GC(781)   Post Evacuate Collection Set: 0.8ms
[124.199s][info][gc,phases      ] GC(781)   Other: 0.1ms
[124.199s][info][gc,heap        ] GC(781) Eden regions: 867->0(844)
[124.199s][info][gc,heap        ] GC(781) Survivor regions: 1->12(98)
[124.199s][info][gc,heap        ] GC(781) Old regions: 68->68
[124.199s][info][gc,heap        ] GC(781) Archive regions: 0->0
[124.199s][info][gc,heap        ] GC(781) Humongous regions: 1014->1009
[124.199s][info][gc,metaspace   ] GC(781) Metaspace: 128123K(130240K)->128123K(130240K) NonClass: 109087K(109824K)->109087K(109824K) Class: 19035K(20416K)->19035K(20416K)
[124.199s][info][gc             ] GC(781) Pause Young (Prepare Mixed) (G1 Evacuation Pause) 1927M->1066M(2048M) 3.913ms
[124.200s][info][gc,cpu         ] GC(781) User=0.00s Sys=0.00s Real=0.00s
[124.261s][info][gc,start       ] GC(782) Pause Young (Mixed) (G1 Evacuation Pause)
[124.261s][info][gc,task        ] GC(782) Using 33 workers of 33 for evacuation
[124.264s][info][gc,phases      ] GC(782)   Pre Evacuate Collection Set: 0.3ms
[124.265s][info][gc,phases      ] GC(782)   Merge Heap Roots: 0.3ms
[124.265s][info][gc,phases      ] GC(782)   Evacuate Collection Set: 1.8ms
[124.265s][info][gc,phases      ] GC(782)   Post Evacuate Collection Set: 0.8ms
[124.265s][info][gc,phases      ] GC(782)   Other: 0.1ms
[124.265s][info][gc,heap        ] GC(782) Eden regions: 844->0(836)
[124.265s][info][gc,heap        ] GC(782) Survivor regions: 12->12(102)
[124.265s][info][gc,heap        ] GC(782) Old regions: 68->65
[124.265s][info][gc,heap        ] GC(782) Archive regions: 0->0
[124.265s][info][gc,heap        ] GC(782) Humongous regions: 1022->1020
[124.265s][info][gc,metaspace   ] GC(782) Metaspace: 128123K(130240K)->128123K(130240K) NonClass: 109087K(109824K)->109087K(109824K) Class: 19035K(20416K)->19035K(20416K)
[124.265s][info][gc             ] GC(782) Pause Young (Mixed) (G1 Evacuation Pause) 1923M->1077M(2048M) 3.671ms
[124.265s][info][gc,cpu         ] GC(782) User=0.00s Sys=0.00s Real=0.00s
[124.267s][info][gc,start       ] GC(783) Pause Young (Concurrent Start) (G1 Humongous Allocation)
[124.268s][info][gc,task        ] GC(783) Using 33 workers of 33 for evacuation
[124.271s][info][gc,phases      ] GC(783)   Pre Evacuate Collection Set: 0.4ms
[124.271s][info][gc,phases      ] GC(783)   Merge Heap Roots: 0.1ms
[124.271s][info][gc,phases      ] GC(783)   Evacuate Collection Set: 2.0ms
[124.271s][info][gc,phases      ] GC(783)   Post Evacuate Collection Set: 0.6ms
[124.271s][info][gc,phases      ] GC(783)   Other: 0.1ms
[124.271s][info][gc,heap        ] GC(783) Eden regions: 45->0(837)
[124.271s][info][gc,heap        ] GC(783) Survivor regions: 12->12(106)
[124.271s][info][gc,heap        ] GC(783) Old regions: 65->65
[124.271s][info][gc,heap        ] GC(783) Archive regions: 0->0
[124.271s][info][gc,heap        ] GC(783) Humongous regions: 1020->1019
[124.271s][info][gc,metaspace   ] GC(783) Metaspace: 128123K(130240K)->128123K(130240K) NonClass: 109087K(109824K)->109087K(109824K) Class: 19035K(20416K)->19035K(20416K)
[124.271s][info][gc             ] GC(783) Pause Young (Concurrent Start) (G1 Humongous Allocation) 1122M->1076M(2048M) 3.421ms
[124.271s][info][gc             ] GC(784) Concurrent Mark Cycle
[124.271s][info][gc,cpu         ] GC(783) User=0.00s Sys=0.00s Real=0.00s
[124.271s][info][gc,marking     ] GC(784) Concurrent Scan Root Regions
[124.291s][info][gc,marking     ] GC(784) Concurrent Scan Root Regions 19.963ms
[124.291s][info][gc,marking     ] GC(784) Concurrent Mark
[124.291s][info][gc,marking     ] GC(784) Concurrent Mark From Roots
[124.291s][info][gc,task        ] GC(784) Using 8 workers of 8 for marking
[124.332s][info][gc,start       ] GC(785) Pause Young (Normal) (G1 Evacuation Pause)
[124.332s][info][gc,task        ] GC(785) Using 33 workers of 33 for evacuation
[124.335s][info][gc,phases      ] GC(785)   Pre Evacuate Collection Set: 0.3ms
[124.335s][info][gc,phases      ] GC(785)   Merge Heap Roots: 0.3ms
[124.335s][info][gc,phases      ] GC(785)   Evacuate Collection Set: 1.4ms
[124.335s][info][gc,phases      ] GC(785)   Post Evacuate Collection Set: 0.8ms
[124.335s][info][gc,phases      ] GC(785)   Other: 0.1ms
[124.335s][info][gc,heap        ] GC(785) Eden regions: 837->0(828)
[124.335s][info][gc,heap        ] GC(785) Survivor regions: 12->10(93)
[124.335s][info][gc,heap        ] GC(785) Old regions: 65->65
[124.335s][info][gc,heap        ] GC(785) Archive regions: 0->0
[124.335s][info][gc,heap        ] GC(785) Humongous regions: 1041->1032
[124.335s][info][gc,metaspace   ] GC(785) Metaspace: 128123K(130240K)->128123K(130240K) NonClass: 109087K(109824K)->109087K(109824K) Class: 19035K(20416K)->19035K(20416K)
[124.335s][info][gc             ] GC(785) Pause Young (Normal) (G1 Evacuation Pause) 1935M->1087M(2048M) 3.087ms
[124.335s][info][gc,cpu         ] GC(785) User=0.17s Sys=0.00s Real=0.02s
[124.345s][info][gc,marking     ] GC(784) Concurrent Mark From Roots 53.445ms
[124.345s][info][gc,marking     ] GC(784) Concurrent Preclean
[124.348s][info][gc,marking     ] GC(784) Concurrent Preclean 2.921ms
[124.349s][info][gc,start       ] GC(784) Pause Remark
[124.352s][info][gc             ] GC(784) Pause Remark 1288M->1288M(2048M) 3.205ms
[124.352s][info][gc,cpu         ] GC(784) User=0.36s Sys=0.00s Real=0.02s
[124.352s][info][gc,marking     ] GC(784) Concurrent Mark 61.030ms
[124.352s][info][gc,marking     ] GC(784) Concurrent Rebuild Remembered Sets and Scrub Regions
[124.370s][info][gc,marking     ] GC(784) Concurrent Rebuild Remembered Sets and Scrub Regions 17.425ms
[124.371s][info][gc,start       ] GC(784) Pause Cleanup
[124.371s][info][gc             ] GC(784) Pause Cleanup 1549M->1549M(2048M) 0.344ms
[124.371s][info][gc,cpu         ] GC(784) User=0.00s Sys=0.00s Real=0.00s
[124.371s][info][gc,marking     ] GC(784) Concurrent Clear Claimed Marks
[124.372s][info][gc,marking     ] GC(784) Concurrent Clear Claimed Marks 0.855ms
[124.372s][info][gc,marking     ] GC(784) Concurrent Cleanup for Next Mark
[124.381s][info][gc,marking     ] GC(784) Concurrent Cleanup for Next Mark 8.478ms
[124.382s][info][gc             ] GC(784) Concurrent Mark Cycle 110.603ms
[124.400s][info][gc,start       ] GC(786) Pause Young (Prepare Mixed) (G1 Evacuation Pause)
[124.400s][info][gc,task        ] GC(786) Using 33 workers of 33 for evacuation
[124.404s][info][gc,phases      ] GC(786)   Pre Evacuate Collection Set: 0.3ms
[124.404s][info][gc,phases      ] GC(786)   Merge Heap Roots: 0.8ms
[124.404s][info][gc,phases      ] GC(786)   Evacuate Collection Set: 1.3ms
[124.404s][info][gc,phases      ] GC(786)   Post Evacuate Collection Set: 0.8ms
[124.404s][info][gc,phases      ] GC(786)   Other: 0.1ms
[124.404s][info][gc,heap        ] GC(786) Eden regions: 828->0(817)
[124.404s][info][gc,heap        ] GC(786) Survivor regions: 10->10(93)
[124.404s][info][gc,heap        ] GC(786) Old regions: 65->65
[124.404s][info][gc,heap        ] GC(786) Archive regions: 0->0
[124.404s][info][gc,heap        ] GC(786) Humongous regions: 1052->1043
[124.404s][info][gc,metaspace   ] GC(786) Metaspace: 128123K(130240K)->128123K(130240K) NonClass: 109087K(109824K)->109087K(109824K) Class: 19035K(20416K)->19035K(20416K)
[124.404s][info][gc             ] GC(786) Pause Young (Prepare Mixed) (G1 Evacuation Pause) 1935M->1098M(2048M) 3.510ms
[124.404s][info][gc,cpu         ] GC(786) User=0.00s Sys=0.00s Real=0.00s
[124.462s][info][gc,start       ] GC(787) Pause Young (Mixed) (G1 Evacuation Pause)
[124.463s][info][gc,task        ] GC(787) Using 33 workers of 33 for evacuation
[124.466s][info][gc,phases      ] GC(787)   Pre Evacuate Collection Set: 0.3ms
[124.466s][info][gc,phases      ] GC(787)   Merge Heap Roots: 0.3ms
[124.466s][info][gc,phases      ] GC(787)   Evacuate Collection Set: 1.8ms
[124.466s][info][gc,phases      ] GC(787)   Post Evacuate Collection Set: 0.8ms
[124.466s][info][gc,phases      ] GC(787)   Other: 0.1ms
[124.466s][info][gc,heap        ] GC(787) Eden regions: 817->0(813)
[124.466s][info][gc,heap        ] GC(787) Survivor regions: 10->10(97)
[124.466s][info][gc,heap        ] GC(787) Old regions: 65->62
[124.466s][info][gc,heap        ] GC(787) Archive regions: 0->0
[124.466s][info][gc,heap        ] GC(787) Humongous regions: 1059->1050
[124.466s][info][gc,metaspace   ] GC(787) Metaspace: 128123K(130240K)->128123K(130240K) NonClass: 109087K(109824K)->109087K(109824K) Class: 19035K(20416K)->19035K(20416K)
[124.466s][info][gc             ] GC(787) Pause Young (Mixed) (G1 Evacuation Pause) 1931M->1105M(2048M) 3.555ms
[124.466s][info][gc,cpu         ] GC(787) User=0.00s Sys=0.00s Real=0.00s
[124.467s][info][gc,start       ] GC(788) Pause Young (Concurrent Start) (G1 Humongous Allocation)
[124.467s][info][gc,task        ] GC(788) Using 33 workers of 33 for evacuation
[124.470s][info][gc,phases      ] GC(788)   Pre Evacuate Collection Set: 0.4ms
[124.470s][info][gc,phases      ] GC(788)   Merge Heap Roots: 0.1ms
[124.470s][info][gc,phases      ] GC(788)   Evacuate Collection Set: 1.8ms
[124.470s][info][gc,phases      ] GC(788)   Post Evacuate Collection Set: 0.5ms
[124.470s][info][gc,phases      ] GC(788)   Other: 0.1ms
[124.470s][info][gc,heap        ] GC(788) Eden regions: 17->0(813)
[124.470s][info][gc,heap        ] GC(788) Survivor regions: 10->10(103)
[124.470s][info][gc,heap        ] GC(788) Old regions: 62->62
[124.470s][info][gc,heap        ] GC(788) Archive regions: 0->0
[124.470s][info][gc,heap        ] GC(788) Humongous regions: 1050->1050
[124.470s][info][gc,metaspace   ] GC(788) Metaspace: 128123K(130240K)->128123K(130240K) NonClass: 109087K(109824K)->109087K(109824K) Class: 19035K(20416K)->19035K(20416K)
[124.470s][info][gc             ] GC(788) Pause Young (Concurrent Start) (G1 Humongous Allocation) 1122M->1105M(2048M) 3.113ms
[124.470s][info][gc             ] GC(789) Concurrent Mark Cycle
[124.470s][info][gc,cpu         ] GC(788) User=0.00s Sys=0.00s Real=0.00s
[124.470s][info][gc,marking     ] GC(789) Concurrent Scan Root Regions
[124.489s][info][gc,marking     ] GC(789) Concurrent Scan Root Regions 18.659ms
[124.489s][info][gc,marking     ] GC(789) Concurrent Mark
[124.490s][info][gc,marking     ] GC(789) Concurrent Mark From Roots
[124.490s][info][gc,task        ] GC(789) Using 8 workers of 8 for marking
[124.530s][info][gc,start       ] GC(790) Pause Young (Normal) (G1 Evacuation Pause)
[124.531s][info][gc,task        ] GC(790) Using 33 workers of 33 for evacuation
[124.533s][info][gc,phases      ] GC(790)   Pre Evacuate Collection Set: 0.3ms
[124.533s][info][gc,phases      ] GC(790)   Merge Heap Roots: 0.3ms
[124.533s][info][gc,phases      ] GC(790)   Evacuate Collection Set: 1.3ms
[124.533s][info][gc,phases      ] GC(790)   Post Evacuate Collection Set: 0.8ms
[124.533s][info][gc,phases      ] GC(790)   Other: 0.1ms
[124.533s][info][gc,heap        ] GC(790) Eden regions: 813->0(799)
[124.533s][info][gc,heap        ] GC(790) Survivor regions: 10->10(91)
[124.533s][info][gc,heap        ] GC(790) Old regions: 62->62
[124.533s][info][gc,heap        ] GC(790) Archive regions: 0->0
[124.533s][info][gc,heap        ] GC(790) Humongous regions: 1072->1064
[124.533s][info][gc,metaspace   ] GC(790) Metaspace: 128123K(130240K)->128123K(130240K) NonClass: 109087K(109824K)->109087K(109824K) Class: 19035K(20416K)->19035K(20416K)
[124.533s][info][gc             ] GC(790) Pause Young (Normal) (G1 Evacuation Pause) 1940M->1119M(2048M) 2.971ms
[124.533s][info][gc,cpu         ] GC(790) User=0.00s Sys=0.00s Real=0.00s
[124.546s][info][gc,marking     ] GC(789) Concurrent Mark From Roots 56.341ms
[124.546s][info][gc,marking     ] GC(789) Concurrent Preclean
[124.550s][info][gc,marking     ] GC(789) Concurrent Preclean 3.206ms
[124.551s][info][gc,start       ] GC(789) Pause Remark
[124.554s][info][gc             ] GC(789) Pause Remark 1364M->1364M(2048M) 3.255ms
[124.554s][info][gc,cpu         ] GC(789) User=0.53s Sys=0.00s Real=0.01s
[124.554s][info][gc,marking     ] GC(789) Concurrent Mark 64.431ms
[124.554s][info][gc,marking     ] GC(789) Concurrent Rebuild Remembered Sets and Scrub Regions
[124.576s][info][gc,marking     ] GC(789) Concurrent Rebuild Remembered Sets and Scrub Regions 22.031ms
[124.578s][info][gc,start       ] GC(789) Pause Cleanup
[124.578s][info][gc             ] GC(789) Pause Cleanup 1704M->1704M(2048M) 0.355ms
[124.578s][info][gc,cpu         ] GC(789) User=0.00s Sys=0.00s Real=0.00s
[124.578s][info][gc,marking     ] GC(789) Concurrent Clear Claimed Marks
[124.580s][info][gc,marking     ] GC(789) Concurrent Clear Claimed Marks 1.344ms
[124.580s][info][gc,marking     ] GC(789) Concurrent Cleanup for Next Mark
[124.590s][info][gc,marking     ] GC(789) Concurrent Cleanup for Next Mark 9.911ms
[124.590s][info][gc             ] GC(789) Concurrent Mark Cycle 120.154ms
[124.597s][info][gc,start       ] GC(791) Pause Young (Prepare Mixed) (G1 Evacuation Pause)
[124.597s][info][gc,task        ] GC(791) Using 33 workers of 33 for evacuation
[124.601s][info][gc,phases      ] GC(791)   Pre Evacuate Collection Set: 0.3ms
[124.601s][info][gc,phases      ] GC(791)   Merge Heap Roots: 0.8ms
[124.601s][info][gc,phases      ] GC(791)   Evacuate Collection Set: 1.3ms
[124.601s][info][gc,phases      ] GC(791)   Post Evacuate Collection Set: 0.8ms
[124.601s][info][gc,phases      ] GC(791)   Other: 0.1ms
[124.601s][info][gc,heap        ] GC(791) Eden regions: 799->0(791)
[124.601s][info][gc,heap        ] GC(791) Survivor regions: 10->10(95)
[124.601s][info][gc,heap        ] GC(791) Old regions: 62->62
[124.601s][info][gc,heap        ] GC(791) Archive regions: 0->0
[124.601s][info][gc,heap        ] GC(791) Humongous regions: 1082->1072
[124.601s][info][gc,metaspace   ] GC(791) Metaspace: 128123K(130240K)->128123K(130240K) NonClass: 109087K(109824K)->109087K(109824K) Class: 19035K(20416K)->19035K(20416K)
[124.601s][info][gc             ] GC(791) Pause Young (Prepare Mixed) (G1 Evacuation Pause) 1936M->1127M(2048M) 3.683ms
[124.601s][info][gc,cpu         ] GC(791) User=0.02s Sys=0.02s Real=0.02s
[124.659s][info][gc,start       ] GC(792) Pause Young (Mixed) (G1 Evacuation Pause)
[124.659s][info][gc,task        ] GC(792) Using 33 workers of 33 for evacuation
[124.662s][info][gc,phases      ] GC(792)   Pre Evacuate Collection Set: 0.3ms
[124.662s][info][gc,phases      ] GC(792)   Merge Heap Roots: 0.3ms
[124.662s][info][gc,phases      ] GC(792)   Evacuate Collection Set: 1.8ms
[124.662s][info][gc,phases      ] GC(792)   Post Evacuate Collection Set: 0.8ms
[124.662s][info][gc,phases      ] GC(792)   Other: 0.1ms
[124.662s][info][gc,heap        ] GC(792) Eden regions: 791->0(783)
[124.662s][info][gc,heap        ] GC(792) Survivor regions: 10->10(91)
[124.662s][info][gc,heap        ] GC(792) Old regions: 62->59
[124.662s][info][gc,heap        ] GC(792) Archive regions: 0->0
[124.662s][info][gc,heap        ] GC(792) Humongous regions: 1094->1083
[124.662s][info][gc,metaspace   ] GC(792) Metaspace: 128123K(130240K)->128123K(130240K) NonClass: 109087K(109824K)->109087K(109824K) Class: 19035K(20416K)->19035K(20416K)
[124.662s][info][gc             ] GC(792) Pause Young (Mixed) (G1 Evacuation Pause) 1940M->1138M(2048M) 3.470ms
[124.662s][info][gc,cpu         ] GC(792) User=0.09s Sys=0.02s Real=0.02s
[124.664s][info][gc,start       ] GC(793) Pause Young (Concurrent Start) (G1 Humongous Allocation)
[124.664s][info][gc,task        ] GC(793) Using 33 workers of 33 for evacuation
[124.667s][info][gc,phases      ] GC(793)   Pre Evacuate Collection Set: 0.4ms
[124.667s][info][gc,phases      ] GC(793)   Merge Heap Roots: 0.1ms
[124.667s][info][gc,phases      ] GC(793)   Evacuate Collection Set: 2.0ms
[124.667s][info][gc,phases      ] GC(793)   Post Evacuate Collection Set: 0.5ms
[124.667s][info][gc,phases      ] GC(793)   Other: 0.0ms
[124.667s][info][gc,heap        ] GC(793) Eden regions: 24->0(795)
[124.667s][info][gc,heap        ] GC(793) Survivor regions: 10->10(100)
[124.667s][info][gc,heap        ] GC(793) Old regions: 59->59
[124.667s][info][gc,heap        ] GC(793) Archive regions: 0->0
[124.667s][info][gc,heap        ] GC(793) Humongous regions: 1083->1071
[124.667s][info][gc,metaspace   ] GC(793) Metaspace: 128123K(130240K)->128123K(130240K) NonClass: 109087K(109824K)->109087K(109824K) Class: 19035K(20416K)->19035K(20416K)
[124.667s][info][gc             ] GC(793) Pause Young (Concurrent Start) (G1 Humongous Allocation) 1162M->1126M(2048M) 3.244ms
[124.667s][info][gc             ] GC(794) Concurrent Mark Cycle
[124.667s][info][gc,cpu         ] GC(793) User=0.00s Sys=0.00s Real=0.00s
[124.667s][info][gc,marking     ] GC(794) Concurrent Scan Root Regions
[124.670s][info][gc,marking     ] GC(794) Concurrent Scan Root Regions 3.077ms
[124.670s][info][gc,marking     ] GC(794) Concurrent Mark
[124.670s][info][gc,marking     ] GC(794) Concurrent Mark From Roots
[124.670s][info][gc,task        ] GC(794) Using 8 workers of 8 for marking
[124.744s][info][gc,start       ] GC(795) Pause Young (Normal) (G1 Evacuation Pause)
[124.744s][info][gc,task        ] GC(795) Using 33 workers of 33 for evacuation
[124.747s][info][gc,phases      ] GC(795)   Pre Evacuate Collection Set: 0.3ms
[124.747s][info][gc,phases      ] GC(795)   Merge Heap Roots: 0.3ms
[124.747s][info][gc,phases      ] GC(795)   Evacuate Collection Set: 1.3ms
[124.747s][info][gc,phases      ] GC(795)   Post Evacuate Collection Set: 0.8ms
[124.747s][info][gc,phases      ] GC(795)   Other: 0.1ms
[124.747s][info][gc,heap        ] GC(795) Eden regions: 795->0(778)
[124.747s][info][gc,heap        ] GC(795) Survivor regions: 10->10(62)
[124.747s][info][gc,heap        ] GC(795) Old regions: 59->59
[124.747s][info][gc,heap        ] GC(795) Archive regions: 0->0
[124.747s][info][gc,heap        ] GC(795) Humongous regions: 1122->1088
[124.747s][info][gc,metaspace   ] GC(795) Metaspace: 128123K(130240K)->128123K(130240K) NonClass: 109088K(109824K)->109088K(109824K) Class: 19035K(20416K)->19035K(20416K)
[124.747s][info][gc             ] GC(795) Pause Young (Normal) (G1 Evacuation Pause) 1972M->1144M(2048M) 3.067ms
[124.747s][info][gc,cpu         ] GC(795) User=0.02s Sys=0.00s Real=0.02s
[124.761s][info][gc,marking     ] GC(794) Concurrent Mark From Roots 90.769ms
[124.761s][info][gc,marking     ] GC(794) Concurrent Preclean
[124.764s][info][gc,marking     ] GC(794) Concurrent Preclean 2.973ms
[124.765s][info][gc,start       ] GC(794) Pause Remark
[124.768s][info][gc             ] GC(794) Pause Remark 1407M->1407M(2048M) 2.956ms
[124.768s][info][gc,cpu         ] GC(794) User=0.00s Sys=0.00s Real=0.00s
[124.768s][info][gc,marking     ] GC(794) Concurrent Mark 98.167ms
[124.768s][info][gc,marking     ] GC(794) Concurrent Rebuild Remembered Sets and Scrub Regions
[124.784s][info][gc,marking     ] GC(794) Concurrent Rebuild Remembered Sets and Scrub Regions 15.107ms
[124.785s][info][gc,start       ] GC(794) Pause Cleanup
[124.785s][info][gc             ] GC(794) Pause Cleanup 1634M->1634M(2048M) 0.307ms
[124.785s][info][gc,cpu         ] GC(794) User=0.00s Sys=0.00s Real=0.00s
[124.786s][info][gc,marking     ] GC(794) Concurrent Clear Claimed Marks
[124.787s][info][gc,marking     ] GC(794) Concurrent Clear Claimed Marks 1.201ms
[124.787s][info][gc,marking     ] GC(794) Concurrent Cleanup for Next Mark
[124.796s][info][gc,marking     ] GC(794) Concurrent Cleanup for Next Mark 8.637ms
[124.796s][info][gc             ] GC(794) Concurrent Mark Cycle 129.098ms
[124.810s][info][gc,start       ] GC(796) Pause Young (Prepare Mixed) (G1 Evacuation Pause)
[124.810s][info][gc,task        ] GC(796) Using 33 workers of 33 for evacuation
[124.813s][info][gc,phases      ] GC(796)   Pre Evacuate Collection Set: 0.3ms
[124.813s][info][gc,phases      ] GC(796)   Merge Heap Roots: 0.8ms
[124.813s][info][gc,phases      ] GC(796)   Evacuate Collection Set: 1.3ms
[124.813s][info][gc,phases      ] GC(796)   Post Evacuate Collection Set: 0.9ms
[124.813s][info][gc,phases      ] GC(796)   Other: 0.1ms
[124.813s][info][gc,heap        ] GC(796) Eden regions: 778->0(786)
[124.813s][info][gc,heap        ] GC(796) Survivor regions: 10->10(87)
[124.813s][info][gc,heap        ] GC(796) Old regions: 59->59
[124.813s][info][gc,heap        ] GC(796) Archive regions: 0->0
[124.813s][info][gc,heap        ] GC(796) Humongous regions: 1114->1080
[124.813s][info][gc,metaspace   ] GC(796) Metaspace: 128123K(130240K)->128123K(130240K) NonClass: 109088K(109824K)->109088K(109824K) Class: 19035K(20416K)->19035K(20416K)
[124.813s][info][gc             ] GC(796) Pause Young (Prepare Mixed) (G1 Evacuation Pause) 1948M->1135M(2048M) 3.524ms
[124.813s][info][gc,cpu         ] GC(796) User=0.00s Sys=0.00s Real=0.00s
[124.873s][info][gc,start       ] GC(797) Pause Young (Mixed) (G1 Evacuation Pause)
[124.873s][info][gc,task        ] GC(797) Using 33 workers of 33 for evacuation
[124.876s][info][gc,phases      ] GC(797)   Pre Evacuate Collection Set: 0.3ms
[124.876s][info][gc,phases      ] GC(797)   Merge Heap Roots: 0.3ms
[124.876s][info][gc,phases      ] GC(797)   Evacuate Collection Set: 1.8ms
[124.876s][info][gc,phases      ] GC(797)   Post Evacuate Collection Set: 0.7ms
[124.876s][info][gc,phases      ] GC(797)   Other: 0.1ms
[124.876s][info][gc,heap        ] GC(797) Eden regions: 786->0(785)
[124.876s][info][gc,heap        ] GC(797) Survivor regions: 10->11(69)
[124.876s][info][gc,heap        ] GC(797) Old regions: 59->57
[124.876s][info][gc,heap        ] GC(797) Archive regions: 0->0
[124.876s][info][gc,heap        ] GC(797) Humongous regions: 1124->1081
[124.876s][info][gc,metaspace   ] GC(797) Metaspace: 128123K(130240K)->128123K(130240K) NonClass: 109088K(109824K)->109088K(109824K) Class: 19035K(20416K)->19035K(20416K)
[124.876s][info][gc             ] GC(797) Pause Young (Mixed) (G1 Evacuation Pause) 1965M->1137M(2048M) 3.530ms
[124.876s][info][gc,cpu         ] GC(797) User=0.00s Sys=0.00s Real=0.00s
[124.880s][info][gc,start       ] GC(798) Pause Young (Concurrent Start) (G1 Humongous Allocation)
[124.880s][info][gc,task        ] GC(798) Using 33 workers of 33 for evacuation
[124.883s][info][gc,phases      ] GC(798)   Pre Evacuate Collection Set: 0.4ms
[124.883s][info][gc,phases      ] GC(798)   Merge Heap Roots: 0.1ms
[124.883s][info][gc,phases      ] GC(798)   Evacuate Collection Set: 1.7ms
[124.883s][info][gc,phases      ] GC(798)   Post Evacuate Collection Set: 0.5ms
[124.883s][info][gc,phases      ] GC(798)   Other: 0.0ms
[124.883s][info][gc,heap        ] GC(798) Eden regions: 42->0(789)
[124.883s][info][gc,heap        ] GC(798) Survivor regions: 11->11(100)
[124.883s][info][gc,heap        ] GC(798) Old regions: 57->57
[124.883s][info][gc,heap        ] GC(798) Archive regions: 0->0
[124.883s][info][gc,heap        ] GC(798) Humongous regions: 1081->1077
[124.883s][info][gc,metaspace   ] GC(798) Metaspace: 128123K(130240K)->128123K(130240K) NonClass: 109088K(109824K)->109088K(109824K) Class: 19035K(20416K)->19035K(20416K)
[124.883s][info][gc             ] GC(798) Pause Young (Concurrent Start) (G1 Humongous Allocation) 1179M->1133M(2048M) 3.035ms
[124.883s][info][gc             ] GC(799) Concurrent Mark Cycle
[124.883s][info][gc,cpu         ] GC(798) User=0.00s Sys=0.00s Real=0.00s
[124.883s][info][gc,marking     ] GC(799) Concurrent Scan Root Regions
[124.902s][info][gc,marking     ] GC(799) Concurrent Scan Root Regions 18.698ms
[124.902s][info][gc,marking     ] GC(799) Concurrent Mark
[124.902s][info][gc,marking     ] GC(799) Concurrent Mark From Roots
[124.902s][info][gc,task        ] GC(799) Using 8 workers of 8 for marking
[124.941s][info][gc,start       ] GC(800) Pause Young (Normal) (G1 Evacuation Pause)
[124.942s][info][gc,task        ] GC(800) Using 33 workers of 33 for evacuation
[124.944s][info][gc,phases      ] GC(800)   Pre Evacuate Collection Set: 0.3ms
[124.944s][info][gc,phases      ] GC(800)   Merge Heap Roots: 0.3ms
[124.944s][info][gc,phases      ] GC(800)   Evacuate Collection Set: 1.3ms
[124.944s][info][gc,phases      ] GC(800)   Post Evacuate Collection Set: 0.7ms
[124.944s][info][gc,phases      ] GC(800)   Other: 0.1ms
[124.944s][info][gc,heap        ] GC(800) Eden regions: 789->0(800)
[124.944s][info][gc,heap        ] GC(800) Survivor regions: 11->3(89)
[124.944s][info][gc,heap        ] GC(800) Old regions: 57->64
[124.944s][info][gc,heap        ] GC(800) Archive regions: 0->0
[124.944s][info][gc,heap        ] GC(800) Humongous regions: 1102->1075
[124.944s][info][gc,metaspace   ] GC(800) Metaspace: 128123K(130240K)->128123K(130240K) NonClass: 109088K(109824K)->109088K(109824K) Class: 19035K(20416K)->19035K(20416K)
[124.944s][info][gc             ] GC(800) Pause Young (Normal) (G1 Evacuation Pause) 1947M->1131M(2048M) 2.918ms
[124.944s][info][gc,cpu         ] GC(800) User=0.00s Sys=0.00s Real=0.00s
[124.953s][info][gc,marking     ] GC(799) Concurrent Mark From Roots 51.077ms
[124.954s][info][gc,marking     ] GC(799) Concurrent Preclean
[124.957s][info][gc,marking     ] GC(799) Concurrent Preclean 3.032ms
[124.958s][info][gc,start       ] GC(799) Pause Remark
[124.961s][info][gc             ] GC(799) Pause Remark 1328M->1328M(2048M) 2.898ms
[124.961s][info][gc,cpu         ] GC(799) User=0.00s Sys=0.00s Real=0.00s
[124.961s][info][gc,marking     ] GC(799) Concurrent Mark 58.618ms
[124.961s][info][gc,marking     ] GC(799) Concurrent Rebuild Remembered Sets and Scrub Regions
[124.988s][info][gc,marking     ] GC(799) Concurrent Rebuild Remembered Sets and Scrub Regions 27.331ms
[124.989s][info][gc,start       ] GC(799) Pause Cleanup
[124.990s][info][gc             ] GC(799) Pause Cleanup 1727M->1727M(2048M) 0.340ms
[124.990s][info][gc,cpu         ] GC(799) User=0.00s Sys=0.00s Real=0.00s
[124.990s][info][gc,marking     ] GC(799) Concurrent Clear Claimed Marks
[124.991s][info][gc,marking     ] GC(799) Concurrent Clear Claimed Marks 0.990ms
[124.991s][info][gc,marking     ] GC(799) Concurrent Cleanup for Next Mark
[125.000s][info][gc,marking     ] GC(799) Concurrent Cleanup for Next Mark 9.071ms
[125.001s][info][gc             ] GC(799) Concurrent Mark Cycle 117.562ms
[125.008s][info][gc,start       ] GC(801) Pause Young (Prepare Mixed) (G1 Evacuation Pause)
[125.008s][info][gc,task        ] GC(801) Using 33 workers of 33 for evacuation
[125.011s][info][gc,phases      ] GC(801)   Pre Evacuate Collection Set: 0.3ms
[125.011s][info][gc,phases      ] GC(801)   Merge Heap Roots: 0.8ms
[125.011s][info][gc,phases      ] GC(801)   Evacuate Collection Set: 0.7ms
[125.011s][info][gc,phases      ] GC(801)   Post Evacuate Collection Set: 0.7ms
[125.011s][info][gc,phases      ] GC(801)   Other: 0.1ms
[125.011s][info][gc,heap        ] GC(801) Eden regions: 800->0(792)
[125.011s][info][gc,heap        ] GC(801) Survivor regions: 3->2(79)
[125.011s][info][gc,heap        ] GC(801) Old regions: 64->65
[125.011s][info][gc,heap        ] GC(801) Archive regions: 0->0
[125.011s][info][gc,heap        ] GC(801) Humongous regions: 1102->1084
[125.011s][info][gc,metaspace   ] GC(801) Metaspace: 128123K(130240K)->128123K(130240K) NonClass: 109088K(109824K)->109088K(109824K) Class: 19035K(20416K)->19035K(20416K)
[125.011s][info][gc             ] GC(801) Pause Young (Prepare Mixed) (G1 Evacuation Pause) 1958M->1139M(2048M) 2.835ms
[125.011s][info][gc,cpu         ] GC(801) User=0.00s Sys=0.00s Real=0.00s
[125.067s][info][gc,start       ] GC(802) Pause Young (Mixed) (G1 Evacuation Pause)
[125.067s][info][gc,task        ] GC(802) Using 33 workers of 33 for evacuation
[125.070s][info][gc,phases      ] GC(802)   Pre Evacuate Collection Set: 0.3ms
[125.070s][info][gc,phases      ] GC(802)   Merge Heap Roots: 0.3ms
[125.070s][info][gc,phases      ] GC(802)   Evacuate Collection Set: 1.2ms
[125.070s][info][gc,phases      ] GC(802)   Post Evacuate Collection Set: 0.7ms
[125.070s][info][gc,phases      ] GC(802)   Other: 0.1ms
[125.070s][info][gc,heap        ] GC(802) Eden regions: 792->0(792)
[125.070s][info][gc,heap        ] GC(802) Survivor regions: 2->2(97)
[125.070s][info][gc,heap        ] GC(802) Old regions: 65->63
[125.070s][info][gc,heap        ] GC(802) Archive regions: 0->0
[125.070s][info][gc,heap        ] GC(802) Humongous regions: 1092->1086
[125.070s][info][gc,metaspace   ] GC(802) Metaspace: 128123K(130240K)->128123K(130240K) NonClass: 109088K(109824K)->109088K(109824K) Class: 19035K(20416K)->19035K(20416K)
[125.070s][info][gc             ] GC(802) Pause Young (Mixed) (G1 Evacuation Pause) 1939M->1141M(2048M) 2.798ms
[125.070s][info][gc,cpu         ] GC(802) User=0.00s Sys=0.00s Real=0.00s
[125.072s][info][gc,start       ] GC(803) Pause Young (Concurrent Start) (G1 Humongous Allocation)
[125.072s][info][gc,task        ] GC(803) Using 33 workers of 33 for evacuation
[125.074s][info][gc,phases      ] GC(803)   Pre Evacuate Collection Set: 0.4ms
[125.074s][info][gc,phases      ] GC(803)   Merge Heap Roots: 0.1ms
[125.074s][info][gc,phases      ] GC(803)   Evacuate Collection Set: 1.2ms
[125.074s][info][gc,phases      ] GC(803)   Post Evacuate Collection Set: 0.5ms
[125.074s][info][gc,phases      ] GC(803)   Other: 0.0ms
[125.074s][info][gc,heap        ] GC(803) Eden regions: 31->0(792)
[125.074s][info][gc,heap        ] GC(803) Survivor regions: 2->2(100)
[125.074s][info][gc,heap        ] GC(803) Old regions: 63->63
[125.074s][info][gc,heap        ] GC(803) Archive regions: 0->0
[125.074s][info][gc,heap        ] GC(803) Humongous regions: 1086->1086
[125.074s][info][gc,metaspace   ] GC(803) Metaspace: 128123K(130240K)->128123K(130240K) NonClass: 109088K(109824K)->109088K(109824K) Class: 19035K(20416K)->19035K(20416K)
[125.074s][info][gc             ] GC(803) Pause Young (Concurrent Start) (G1 Humongous Allocation) 1172M->1141M(2048M) 2.400ms
[125.074s][info][gc             ] GC(804) Concurrent Mark Cycle
[125.074s][info][gc,cpu         ] GC(803) User=0.00s Sys=0.00s Real=0.00s
[125.074s][info][gc,marking     ] GC(804) Concurrent Scan Root Regions
[125.097s][info][gc,marking     ] GC(804) Concurrent Scan Root Regions 22.661ms
[125.097s][info][gc,marking     ] GC(804) Concurrent Mark
[125.097s][info][gc,marking     ] GC(804) Concurrent Mark From Roots
[125.097s][info][gc,task        ] GC(804) Using 8 workers of 8 for marking
[125.133s][info][gc,start       ] GC(805) Pause Young (Normal) (G1 Evacuation Pause)
[125.133s][info][gc,task        ] GC(805) Using 33 workers of 33 for evacuation
[125.135s][info][gc,phases      ] GC(805)   Pre Evacuate Collection Set: 0.3ms
[125.135s][info][gc,phases      ] GC(805)   Merge Heap Roots: 0.3ms
[125.135s][info][gc,phases      ] GC(805)   Evacuate Collection Set: 0.7ms
[125.135s][info][gc,phases      ] GC(805)   Post Evacuate Collection Set: 0.7ms
[125.135s][info][gc,phases      ] GC(805)   Other: 0.1ms
[125.135s][info][gc,heap        ] GC(805) Eden regions: 792->0(786)
[125.135s][info][gc,heap        ] GC(805) Survivor regions: 2->2(93)
[125.135s][info][gc,heap        ] GC(805) Old regions: 63->63
[125.135s][info][gc,heap        ] GC(805) Archive regions: 0->0
[125.135s][info][gc,heap        ] GC(805) Humongous regions: 1098->1092
[125.135s][info][gc,metaspace   ] GC(805) Metaspace: 128123K(130240K)->128123K(130240K) NonClass: 109088K(109824K)->109088K(109824K) Class: 19035K(20416K)->19035K(20416K)
[125.135s][info][gc             ] GC(805) Pause Young (Normal) (G1 Evacuation Pause) 1945M->1148M(2048M) 2.311ms
[125.135s][info][gc,cpu         ] GC(805) User=0.00s Sys=0.00s Real=0.00s
[125.155s][info][gc,marking     ] GC(804) Concurrent Mark From Roots 57.439ms
[125.155s][info][gc,marking     ] GC(804) Concurrent Preclean
[125.158s][info][gc,marking     ] GC(804) Concurrent Preclean 2.847ms
[125.160s][info][gc,start       ] GC(804) Pause Remark
[125.163s][info][gc             ] GC(804) Pause Remark 1501M->1501M(2048M) 2.980ms
[125.163s][info][gc,cpu         ] GC(804) User=0.00s Sys=0.00s Real=0.00s
[125.163s][info][gc,marking     ] GC(804) Concurrent Mark 65.422ms
[125.163s][info][gc,marking     ] GC(804) Concurrent Rebuild Remembered Sets and Scrub Regions
[125.188s][info][gc,marking     ] GC(804) Concurrent Rebuild Remembered Sets and Scrub Regions 25.538ms
[125.189s][info][gc,start       ] GC(804) Pause Cleanup
[125.190s][info][gc             ] GC(804) Pause Cleanup 1878M->1878M(2048M) 0.347ms
[125.190s][info][gc,cpu         ] GC(804) User=0.00s Sys=0.00s Real=0.00s
[125.190s][info][gc,marking     ] GC(804) Concurrent Clear Claimed Marks
[125.191s][info][gc,marking     ] GC(804) Concurrent Clear Claimed Marks 1.142ms
[125.191s][info][gc,marking     ] GC(804) Concurrent Cleanup for Next Mark
[125.196s][info][gc,start       ] GC(806) Pause Young (Prepare Mixed) (G1 Evacuation Pause)
[125.196s][info][gc,task        ] GC(806) Using 33 workers of 33 for evacuation
[125.199s][info][gc,phases      ] GC(806)   Pre Evacuate Collection Set: 0.3ms
[125.199s][info][gc,phases      ] GC(806)   Merge Heap Roots: 0.8ms
[125.199s][info][gc,phases      ] GC(806)   Evacuate Collection Set: 0.8ms
[125.199s][info][gc,phases      ] GC(806)   Post Evacuate Collection Set: 0.7ms
[125.199s][info][gc,phases      ] GC(806)   Other: 0.1ms
[125.199s][info][gc,heap        ] GC(806) Eden regions: 786->0(774)
[125.199s][info][gc,heap        ] GC(806) Survivor regions: 2->3(83)
[125.199s][info][gc,heap        ] GC(806) Old regions: 63->63
[125.199s][info][gc,heap        ] GC(806) Archive regions: 0->0
[125.199s][info][gc,heap        ] GC(806) Humongous regions: 1114->1102
[125.199s][info][gc,metaspace   ] GC(806) Metaspace: 128123K(130240K)->128123K(130240K) NonClass: 109088K(109824K)->109088K(109824K) Class: 19035K(20416K)->19035K(20416K)
[125.199s][info][gc             ] GC(806) Pause Young (Prepare Mixed) (G1 Evacuation Pause) 1956M->1159M(2048M) 2.949ms
[125.199s][info][gc,cpu         ] GC(806) User=0.00s Sys=0.02s Real=0.02s
[125.203s][info][gc,marking     ] GC(804) Concurrent Cleanup for Next Mark 11.662ms
[125.203s][info][gc             ] GC(804) Concurrent Mark Cycle 129.246ms
[125.256s][info][gc,start       ] GC(807) Pause Young (Mixed) (G1 Evacuation Pause)
[125.257s][info][gc,task        ] GC(807) Using 33 workers of 33 for evacuation
[125.259s][info][gc,phases      ] GC(807)   Pre Evacuate Collection Set: 0.3ms
[125.259s][info][gc,phases      ] GC(807)   Merge Heap Roots: 0.3ms
[125.259s][info][gc,phases      ] GC(807)   Evacuate Collection Set: 1.3ms
[125.259s][info][gc,phases      ] GC(807)   Post Evacuate Collection Set: 0.7ms
[125.259s][info][gc,phases      ] GC(807)   Other: 0.1ms
[125.259s][info][gc,heap        ] GC(807) Eden regions: 774->0(767)
[125.259s][info][gc,heap        ] GC(807) Survivor regions: 3->2(82)
[125.259s][info][gc,heap        ] GC(807) Old regions: 63->61
[125.259s][info][gc,heap        ] GC(807) Archive regions: 0->0
[125.259s][info][gc,heap        ] GC(807) Humongous regions: 1126->1113
[125.259s][info][gc,metaspace   ] GC(807) Metaspace: 128123K(130240K)->128123K(130240K) NonClass: 109088K(109824K)->109088K(109824K) Class: 19035K(20416K)->19035K(20416K)
[125.259s][info][gc             ] GC(807) Pause Young (Mixed) (G1 Evacuation Pause) 1957M->1169M(2048M) 2.874ms
[125.259s][info][gc,cpu         ] GC(807) User=0.02s Sys=0.00s Real=0.00s
[125.271s][info][gc,start       ] GC(808) Pause Young (Concurrent Start) (G1 Humongous Allocation)
[125.271s][info][gc,task        ] GC(808) Using 33 workers of 33 for evacuation
[125.273s][info][gc,phases      ] GC(808)   Pre Evacuate Collection Set: 0.4ms
[125.273s][info][gc,phases      ] GC(808)   Merge Heap Roots: 0.2ms
[125.273s][info][gc,phases      ] GC(808)   Evacuate Collection Set: 1.4ms
[125.273s][info][gc,phases      ] GC(808)   Post Evacuate Collection Set: 0.6ms
[125.273s][info][gc,phases      ] GC(808)   Other: 0.1ms
[125.273s][info][gc,heap        ] GC(808) Eden regions: 166->0(767)
[125.273s][info][gc,heap        ] GC(808) Survivor regions: 2->2(97)
[125.273s][info][gc,heap        ] GC(808) Old regions: 61->61
[125.273s][info][gc,heap        ] GC(808) Archive regions: 0->0
[125.273s][info][gc,heap        ] GC(808) Humongous regions: 1113->1113
[125.274s][info][gc,metaspace   ] GC(808) Metaspace: 128123K(130240K)->128123K(130240K) NonClass: 109088K(109824K)->109088K(109824K) Class: 19035K(20416K)->19035K(20416K)
[125.274s][info][gc             ] GC(808) Pause Young (Concurrent Start) (G1 Humongous Allocation) 1335M->1169M(2048M) 2.822ms
[125.274s][info][gc             ] GC(809) Concurrent Mark Cycle
[125.274s][info][gc,cpu         ] GC(808) User=0.00s Sys=0.00s Real=0.00s
[125.274s][info][gc,marking     ] GC(809) Concurrent Scan Root Regions
[125.298s][info][gc,marking     ] GC(809) Concurrent Scan Root Regions 23.943ms
[125.298s][info][gc,marking     ] GC(809) Concurrent Mark
[125.298s][info][gc,marking     ] GC(809) Concurrent Mark From Roots
[125.298s][info][gc,task        ] GC(809) Using 8 workers of 8 for marking
[125.336s][info][gc,start       ] GC(810) Pause Young (Normal) (G1 Evacuation Pause)
[125.336s][info][gc,task        ] GC(810) Using 33 workers of 33 for evacuation
[125.338s][info][gc,phases      ] GC(810)   Pre Evacuate Collection Set: 0.3ms
[125.338s][info][gc,phases      ] GC(810)   Merge Heap Roots: 0.3ms
[125.338s][info][gc,phases      ] GC(810)   Evacuate Collection Set: 0.8ms
[125.338s][info][gc,phases      ] GC(810)   Post Evacuate Collection Set: 0.7ms
[125.338s][info][gc,phases      ] GC(810)   Other: 0.1ms
[125.338s][info][gc,heap        ] GC(810) Eden regions: 767->0(749)
[125.338s][info][gc,heap        ] GC(810) Survivor regions: 2->3(49)
[125.338s][info][gc,heap        ] GC(810) Old regions: 61->61
[125.338s][info][gc,heap        ] GC(810) Archive regions: 0->0
[125.338s][info][gc,heap        ] GC(810) Humongous regions: 1169->1129
[125.338s][info][gc,metaspace   ] GC(810) Metaspace: 128123K(130240K)->128123K(130240K) NonClass: 109088K(109824K)->109088K(109824K) Class: 19035K(20416K)->19035K(20416K)
[125.338s][info][gc             ] GC(810) Pause Young (Normal) (G1 Evacuation Pause) 1992M->1185M(2048M) 2.378ms
[125.338s][info][gc,cpu         ] GC(810) User=0.00s Sys=0.00s Real=0.00s
[125.359s][info][gc,marking     ] GC(809) Concurrent Mark From Roots 61.285ms
[125.360s][info][gc,marking     ] GC(809) Concurrent Preclean
[125.363s][info][gc,marking     ] GC(809) Concurrent Preclean 2.960ms
[125.364s][info][gc,start       ] GC(809) Pause Remark
[125.367s][info][gc             ] GC(809) Pause Remark 1526M->1526M(2048M) 2.974ms
[125.367s][info][gc,cpu         ] GC(809) User=0.00s Sys=0.00s Real=0.00s
[125.367s][info][gc,marking     ] GC(809) Concurrent Mark 68.985ms
[125.367s][info][gc,marking     ] GC(809) Concurrent Rebuild Remembered Sets and Scrub Regions
[125.387s][info][gc,marking     ] GC(809) Concurrent Rebuild Remembered Sets and Scrub Regions 19.821ms
[125.388s][info][gc,start       ] GC(809) Pause Cleanup
[125.388s][info][gc             ] GC(809) Pause Cleanup 1796M->1796M(2048M) 0.318ms
[125.388s][info][gc,cpu         ] GC(809) User=0.00s Sys=0.00s Real=0.00s
[125.388s][info][gc,marking     ] GC(809) Concurrent Clear Claimed Marks
[125.389s][info][gc,marking     ] GC(809) Concurrent Clear Claimed Marks 0.831ms
[125.389s][info][gc,marking     ] GC(809) Concurrent Cleanup for Next Mark
[125.396s][info][gc,marking     ] GC(809) Concurrent Cleanup for Next Mark 6.489ms
[125.396s][info][gc             ] GC(809) Concurrent Mark Cycle 122.340ms
[125.405s][info][gc,start       ] GC(811) Pause Young (Prepare Mixed) (G1 Evacuation Pause)
[125.405s][info][gc,task        ] GC(811) Using 33 workers of 33 for evacuation
[125.408s][info][gc,phases      ] GC(811)   Pre Evacuate Collection Set: 0.3ms
[125.408s][info][gc,phases      ] GC(811)   Merge Heap Roots: 0.8ms
[125.408s][info][gc,phases      ] GC(811)   Evacuate Collection Set: 0.9ms
[125.408s][info][gc,phases      ] GC(811)   Post Evacuate Collection Set: 0.7ms
[125.408s][info][gc,phases      ] GC(811)   Other: 0.1ms
[125.408s][info][gc,heap        ] GC(811) Eden regions: 749->0(755)
[125.408s][info][gc,heap        ] GC(811) Survivor regions: 3->4(50)
[125.408s][info][gc,heap        ] GC(811) Old regions: 61->61
[125.408s][info][gc,heap        ] GC(811) Archive regions: 0->0
[125.408s][info][gc,heap        ] GC(811) Humongous regions: 1185->1121
[125.408s][info][gc,metaspace   ] GC(811) Metaspace: 128123K(130240K)->128123K(130240K) NonClass: 109088K(109824K)->109088K(109824K) Class: 19035K(20416K)->19035K(20416K)
[125.408s][info][gc             ] GC(811) Pause Young (Prepare Mixed) (G1 Evacuation Pause) 1990M->1179M(2048M) 2.939ms
[125.408s][info][gc,cpu         ] GC(811) User=0.00s Sys=0.00s Real=0.00s
[125.462s][info][gc,start       ] GC(812) Pause Young (Mixed) (G1 Evacuation Pause)
[125.462s][info][gc,task        ] GC(812) Using 33 workers of 33 for evacuation
[125.465s][info][gc,phases      ] GC(812)   Pre Evacuate Collection Set: 0.3ms
[125.465s][info][gc,phases      ] GC(812)   Merge Heap Roots: 0.3ms
[125.465s][info][gc,phases      ] GC(812)   Evacuate Collection Set: 1.6ms
[125.465s][info][gc,phases      ] GC(812)   Post Evacuate Collection Set: 0.8ms
[125.465s][info][gc,phases      ] GC(812)   Other: 0.1ms
[125.465s][info][gc,heap        ] GC(812) Eden regions: 755->0(730)
[125.465s][info][gc,heap        ] GC(812) Survivor regions: 4->6(36)
[125.465s][info][gc,heap        ] GC(812) Old regions: 61->59
[125.465s][info][gc,heap        ] GC(812) Archive regions: 0->0
[125.465s][info][gc,heap        ] GC(812) Humongous regions: 1192->1144
[125.465s][info][gc,metaspace   ] GC(812) Metaspace: 128123K(130240K)->128123K(130240K) NonClass: 109088K(109824K)->109088K(109824K) Class: 19035K(20416K)->19035K(20416K)
[125.465s][info][gc             ] GC(812) Pause Young (Mixed) (G1 Evacuation Pause) 2005M->1204M(2048M) 3.336ms
[125.465s][info][gc,cpu         ] GC(812) User=0.00s Sys=0.00s Real=0.00s
[125.472s][info][gc,start       ] GC(813) Pause Young (Concurrent Start) (G1 Humongous Allocation)
[125.472s][info][gc,task        ] GC(813) Using 33 workers of 33 for evacuation
[125.475s][info][gc,phases      ] GC(813)   Pre Evacuate Collection Set: 0.5ms
[125.475s][info][gc,phases      ] GC(813)   Merge Heap Roots: 0.1ms
[125.475s][info][gc,phases      ] GC(813)   Evacuate Collection Set: 1.7ms
[125.475s][info][gc,phases      ] GC(813)   Post Evacuate Collection Set: 0.7ms
[125.475s][info][gc,phases      ] GC(813)   Other: 0.1ms
[125.475s][info][gc,heap        ] GC(813) Eden regions: 101->0(728)
[125.475s][info][gc,heap        ] GC(813) Survivor regions: 6->7(92)
[125.475s][info][gc,heap        ] GC(813) Old regions: 59->59
[125.475s][info][gc,heap        ] GC(813) Archive regions: 0->0
[125.475s][info][gc,heap        ] GC(813) Humongous regions: 1144->1144
[125.475s][info][gc,metaspace   ] GC(813) Metaspace: 128123K(130240K)->128123K(130240K) NonClass: 109088K(109824K)->109088K(109824K) Class: 19035K(20416K)->19035K(20416K)
[125.475s][info][gc             ] GC(813) Pause Young (Concurrent Start) (G1 Humongous Allocation) 1305M->1204M(2048M) 3.240ms
[125.476s][info][gc             ] GC(814) Concurrent Mark Cycle
[125.476s][info][gc,cpu         ] GC(813) User=0.00s Sys=0.00s Real=0.00s
[125.476s][info][gc,marking     ] GC(814) Concurrent Scan Root Regions
[125.482s][info][gc,marking     ] GC(814) Concurrent Scan Root Regions 6.286ms
[125.482s][info][gc,marking     ] GC(814) Concurrent Mark
[125.482s][info][gc,marking     ] GC(814) Concurrent Mark From Roots
[125.482s][info][gc,task        ] GC(814) Using 8 workers of 8 for marking
[125.515s][info][gc,marking     ] GC(814) Concurrent Mark From Roots 33.118ms
[125.515s][info][gc,marking     ] GC(814) Concurrent Preclean
[125.516s][info][gc,marking     ] GC(814) Concurrent Preclean 1.166ms
[125.517s][info][gc,start       ] GC(814) Pause Remark
[125.520s][info][gc             ] GC(814) Pause Remark 1734M->1734M(2048M) 2.962ms
[125.520s][info][gc,cpu         ] GC(814) User=0.00s Sys=0.00s Real=0.00s
[125.520s][info][gc,marking     ] GC(814) Concurrent Mark 38.423ms
[125.520s][info][gc,marking     ] GC(814) Concurrent Rebuild Remembered Sets and Scrub Regions
[125.530s][info][gc,marking     ] GC(814) Concurrent Rebuild Remembered Sets and Scrub Regions 9.554ms
[125.530s][info][gc,start       ] GC(814) Pause Cleanup
[125.531s][info][gc             ] GC(814) Pause Cleanup 1879M->1879M(2048M) 0.294ms
[125.531s][info][gc,cpu         ] GC(814) User=0.00s Sys=0.00s Real=0.00s
[125.531s][info][gc,marking     ] GC(814) Concurrent Clear Claimed Marks
[125.531s][info][gc,marking     ] GC(814) Concurrent Clear Claimed Marks 0.221ms
[125.531s][info][gc,marking     ] GC(814) Concurrent Cleanup for Next Mark
[125.532s][info][gc,start       ] GC(815) Pause Young (Prepare Mixed) (G1 Humongous Allocation)
[125.532s][info][gc,task        ] GC(815) Using 33 workers of 33 for evacuation
[125.535s][info][gc,phases      ] GC(815)   Pre Evacuate Collection Set: 0.3ms
[125.535s][info][gc,phases      ] GC(815)   Merge Heap Roots: 0.8ms
[125.535s][info][gc,phases      ] GC(815)   Evacuate Collection Set: 1.0ms
[125.535s][info][gc,phases      ] GC(815)   Post Evacuate Collection Set: 0.8ms
[125.535s][info][gc,phases      ] GC(815)   Other: 0.1ms
[125.535s][info][gc,heap        ] GC(815) Eden regions: 586->0(717)
[125.535s][info][gc,heap        ] GC(815) Survivor regions: 7->6(92)
[125.535s][info][gc,heap        ] GC(815) Old regions: 59->59
[125.535s][info][gc,heap        ] GC(815) Archive regions: 0->0
[125.535s][info][gc,heap        ] GC(815) Humongous regions: 1243->1157
[125.535s][info][gc,metaspace   ] GC(815) Metaspace: 128123K(130240K)->128123K(130240K) NonClass: 109088K(109824K)->109088K(109824K) Class: 19035K(20416K)->19035K(20416K)
[125.535s][info][gc             ] GC(815) Pause Young (Prepare Mixed) (G1 Humongous Allocation) 1889M->1217M(2048M) 3.183ms
[125.535s][info][gc,cpu         ] GC(815) User=0.00s Sys=0.00s Real=0.00s
[125.537s][info][gc,marking     ] GC(814) Concurrent Cleanup for Next Mark 5.945ms
[125.537s][info][gc             ] GC(814) Concurrent Mark Cycle 61.442ms
[125.583s][info][gc,start       ] GC(816) Pause Young (Mixed) (G1 Humongous Allocation)
[125.583s][info][gc,task        ] GC(816) Using 33 workers of 33 for evacuation
[125.586s][info][gc,phases      ] GC(816)   Pre Evacuate Collection Set: 0.3ms
[125.586s][info][gc,phases      ] GC(816)   Merge Heap Roots: 0.3ms
[125.586s][info][gc,phases      ] GC(816)   Evacuate Collection Set: 1.6ms
[125.586s][info][gc,phases      ] GC(816)   Post Evacuate Collection Set: 0.9ms
[125.586s][info][gc,phases      ] GC(816)   Other: 0.1ms
[125.586s][info][gc,heap        ] GC(816) Eden regions: 699->0(724)
[125.586s][info][gc,heap        ] GC(816) Survivor regions: 6->7(24)
[125.586s][info][gc,heap        ] GC(816) Old regions: 59->58
[125.586s][info][gc,heap        ] GC(816) Archive regions: 0->0
[125.586s][info][gc,heap        ] GC(816) Humongous regions: 1260->1149
[125.586s][info][gc,metaspace   ] GC(816) Metaspace: 128123K(130240K)->128123K(130240K) NonClass: 109088K(109824K)->109088K(109824K) Class: 19035K(20416K)->19035K(20416K)
[125.586s][info][gc             ] GC(816) Pause Young (Mixed) (G1 Humongous Allocation) 2019M->1209M(2048M) 3.454ms
[125.587s][info][gc,cpu         ] GC(816) User=0.00s Sys=0.00s Real=0.00s
[125.589s][info][gc,start       ] GC(817) Pause Young (Concurrent Start) (G1 Humongous Allocation)
[125.590s][info][gc,task        ] GC(817) Using 33 workers of 33 for evacuation
[125.593s][info][gc,phases      ] GC(817)   Pre Evacuate Collection Set: 0.5ms
[125.593s][info][gc,phases      ] GC(817)   Merge Heap Roots: 0.1ms
[125.593s][info][gc,phases      ] GC(817)   Evacuate Collection Set: 2.2ms
[125.593s][info][gc,phases      ] GC(817)   Post Evacuate Collection Set: 0.6ms
[125.593s][info][gc,phases      ] GC(817)   Other: 0.1ms
[125.593s][info][gc,heap        ] GC(817) Eden regions: 47->0(721)
[125.593s][info][gc,heap        ] GC(817) Survivor regions: 7->7(92)
[125.593s][info][gc,heap        ] GC(817) Old regions: 58->58
[125.593s][info][gc,heap        ] GC(817) Archive regions: 0->0
[125.593s][info][gc,heap        ] GC(817) Humongous regions: 1155->1152
[125.593s][info][gc,metaspace   ] GC(817) Metaspace: 128123K(130240K)->128123K(130240K) NonClass: 109088K(109824K)->109088K(109824K) Class: 19035K(20416K)->19035K(20416K)
[125.593s][info][gc             ] GC(817) Pause Young (Concurrent Start) (G1 Humongous Allocation) 1262M->1213M(2048M) 3.750ms
[125.593s][info][gc             ] GC(818) Concurrent Mark Cycle
[125.593s][info][gc,marking     ] GC(818) Concurrent Scan Root Regions
[125.593s][info][gc,cpu         ] GC(817) User=0.02s Sys=0.02s Real=0.02s
[125.597s][info][gc,marking     ] GC(818) Concurrent Scan Root Regions 4.108ms
[125.597s][info][gc,marking     ] GC(818) Concurrent Mark
[125.597s][info][gc,marking     ] GC(818) Concurrent Mark From Roots
[125.597s][info][gc,task        ] GC(818) Using 8 workers of 8 for marking
[125.619s][info][gc,marking     ] GC(818) Concurrent Mark From Roots 21.314ms
[125.619s][info][gc,marking     ] GC(818) Concurrent Preclean
[125.619s][info][gc,marking     ] GC(818) Concurrent Preclean 0.617ms
[125.620s][info][gc,start       ] GC(818) Pause Remark
[125.623s][info][gc             ] GC(818) Pause Remark 1590M->1590M(2048M) 3.007ms
[125.623s][info][gc,cpu         ] GC(818) User=0.00s Sys=0.00s Real=0.00s
[125.623s][info][gc,marking     ] GC(818) Concurrent Mark 25.347ms
[125.623s][info][gc,marking     ] GC(818) Concurrent Rebuild Remembered Sets and Scrub Regions
[125.631s][info][gc,marking     ] GC(818) Concurrent Rebuild Remembered Sets and Scrub Regions 7.744ms
[125.631s][info][gc,start       ] GC(818) Pause Cleanup
[125.631s][info][gc             ] GC(818) Pause Cleanup 1704M->1704M(2048M) 0.290ms
[125.631s][info][gc,cpu         ] GC(818) User=0.00s Sys=0.00s Real=0.00s
[125.631s][info][gc,marking     ] GC(818) Concurrent Clear Claimed Marks
[125.631s][info][gc,marking     ] GC(818) Concurrent Clear Claimed Marks 0.225ms
[125.632s][info][gc,marking     ] GC(818) Concurrent Cleanup for Next Mark
[125.634s][info][gc,marking     ] GC(818) Concurrent Cleanup for Next Mark 2.788ms
[125.634s][info][gc             ] GC(818) Concurrent Mark Cycle 41.130ms
[125.648s][info][gc,start       ] GC(819) Pause Young (Prepare Mixed) (G1 Evacuation Pause)
[125.648s][info][gc,task        ] GC(819) Using 33 workers of 33 for evacuation
[125.651s][info][gc,phases      ] GC(819)   Pre Evacuate Collection Set: 0.3ms
[125.651s][info][gc,phases      ] GC(819)   Merge Heap Roots: 0.8ms
[125.651s][info][gc,phases      ] GC(819)   Evacuate Collection Set: 0.9ms
[125.651s][info][gc,phases      ] GC(819)   Post Evacuate Collection Set: 0.8ms
[125.651s][info][gc,phases      ] GC(819)   Other: 0.1ms
[125.651s][info][gc,heap        ] GC(819) Eden regions: 721->0(690)
[125.651s][info][gc,heap        ] GC(819) Survivor regions: 7->5(43)
[125.651s][info][gc,heap        ] GC(819) Old regions: 58->58
[125.651s][info][gc,heap        ] GC(819) Archive regions: 0->0
[125.651s][info][gc,heap        ] GC(819) Humongous regions: 1219->1187
[125.651s][info][gc,metaspace   ] GC(819) Metaspace: 128123K(130240K)->128123K(130240K) NonClass: 109088K(109824K)->109088K(109824K) Class: 19035K(20416K)->19035K(20416K)
[125.651s][info][gc             ] GC(819) Pause Young (Prepare Mixed) (G1 Evacuation Pause) 2001M->1246M(2048M) 3.125ms
[125.651s][info][gc,cpu         ] GC(819) User=0.00s Sys=0.00s Real=0.00s
[125.686s][info][gc,start       ] GC(820) Pause Young (Mixed) (G1 Humongous Allocation)
[125.686s][info][gc,task        ] GC(820) Using 33 workers of 33 for evacuation
[125.690s][info][gc,phases      ] GC(820)   Pre Evacuate Collection Set: 0.3ms
[125.690s][info][gc,phases      ] GC(820)   Merge Heap Roots: 0.3ms
[125.690s][info][gc,phases      ] GC(820)   Evacuate Collection Set: 2.1ms
[125.690s][info][gc,phases      ] GC(820)   Post Evacuate Collection Set: 0.8ms
[125.690s][info][gc,phases      ] GC(820)   Other: 0.1ms
[125.690s][info][gc,heap        ] GC(820) Eden regions: 567->0(666)
[125.690s][info][gc,heap        ] GC(820) Survivor regions: 5->5(87)
[125.690s][info][gc,heap        ] GC(820) Old regions: 58->57
[125.690s][info][gc,heap        ] GC(820) Archive regions: 0->0
[125.690s][info][gc,heap        ] GC(820) Humongous regions: 1280->1212
[125.690s][info][gc,metaspace   ] GC(820) Metaspace: 128123K(130240K)->128123K(130240K) NonClass: 109088K(109824K)->109088K(109824K) Class: 19035K(20416K)->19035K(20416K)
[125.690s][info][gc             ] GC(820) Pause Young (Mixed) (G1 Humongous Allocation) 1906M->1270M(2048M) 3.776ms
[125.690s][info][gc,cpu         ] GC(820) User=0.52s Sys=0.00s Real=0.02s
[125.691s][info][gc,start       ] GC(821) Pause Young (Concurrent Start) (G1 Humongous Allocation)
[125.691s][info][gc,task        ] GC(821) Using 33 workers of 33 for evacuation
[125.694s][info][gc,phases      ] GC(821)   Pre Evacuate Collection Set: 0.4ms
[125.694s][info][gc,phases      ] GC(821)   Merge Heap Roots: 0.1ms
[125.694s][info][gc,phases      ] GC(821)   Evacuate Collection Set: 1.8ms
[125.694s][info][gc,phases      ] GC(821)   Post Evacuate Collection Set: 0.5ms
[125.694s][info][gc,phases      ] GC(821)   Other: 0.1ms
[125.694s][info][gc,heap        ] GC(821) Eden regions: 6->0(673)
[125.694s][info][gc,heap        ] GC(821) Survivor regions: 5->5(84)
[125.694s][info][gc,heap        ] GC(821) Old regions: 57->57
[125.694s][info][gc,heap        ] GC(821) Archive regions: 0->0
[125.694s][info][gc,heap        ] GC(821) Humongous regions: 1219->1205
[125.694s][info][gc,metaspace   ] GC(821) Metaspace: 128123K(130240K)->128123K(130240K) NonClass: 109088K(109824K)->109088K(109824K) Class: 19035K(20416K)->19035K(20416K)
[125.694s][info][gc             ] GC(821) Pause Young (Concurrent Start) (G1 Humongous Allocation) 1283M->1263M(2048M) 3.101ms
[125.694s][info][gc             ] GC(822) Concurrent Mark Cycle
[125.694s][info][gc,cpu         ] GC(821) User=0.00s Sys=0.00s Real=0.00s
[125.694s][info][gc,marking     ] GC(822) Concurrent Scan Root Regions
[125.697s][info][gc,marking     ] GC(822) Concurrent Scan Root Regions 2.907ms
[125.697s][info][gc,marking     ] GC(822) Concurrent Mark
[125.697s][info][gc,marking     ] GC(822) Concurrent Mark From Roots
[125.697s][info][gc,task        ] GC(822) Using 8 workers of 8 for marking
[125.717s][info][gc,marking     ] GC(822) Concurrent Mark From Roots 20.284ms
[125.717s][info][gc,marking     ] GC(822) Concurrent Preclean
[125.718s][info][gc,marking     ] GC(822) Concurrent Preclean 0.811ms
[125.719s][info][gc,start       ] GC(822) Pause Remark
[125.721s][info][gc             ] GC(822) Pause Remark 1627M->1627M(2048M) 2.855ms
[125.721s][info][gc,cpu         ] GC(822) User=0.00s Sys=0.00s Real=0.00s
[125.722s][info][gc,marking     ] GC(822) Concurrent Mark 24.531ms
[125.722s][info][gc,marking     ] GC(822) Concurrent Rebuild Remembered Sets and Scrub Regions
[125.729s][info][gc,marking     ] GC(822) Concurrent Rebuild Remembered Sets and Scrub Regions 7.728ms
[125.730s][info][gc,start       ] GC(822) Pause Cleanup
[125.730s][info][gc             ] GC(822) Pause Cleanup 1738M->1738M(2048M) 0.410ms
[125.730s][info][gc,cpu         ] GC(822) User=0.00s Sys=0.00s Real=0.00s
[125.730s][info][gc,marking     ] GC(822) Concurrent Clear Claimed Marks
[125.730s][info][gc,marking     ] GC(822) Concurrent Clear Claimed Marks 0.204ms
[125.730s][info][gc,marking     ] GC(822) Concurrent Cleanup for Next Mark
[125.733s][info][gc,marking     ] GC(822) Concurrent Cleanup for Next Mark 2.502ms
[125.733s][info][gc             ] GC(822) Concurrent Mark Cycle 38.883ms
[125.746s][info][gc,start       ] GC(823) Pause Young (Prepare Mixed) (G1 Humongous Allocation)
[125.746s][info][gc,task        ] GC(823) Using 33 workers of 33 for evacuation
[125.749s][info][gc,phases      ] GC(823)   Pre Evacuate Collection Set: 0.3ms
[125.749s][info][gc,phases      ] GC(823)   Merge Heap Roots: 0.8ms
[125.749s][info][gc,phases      ] GC(823)   Evacuate Collection Set: 1.0ms
[125.749s][info][gc,phases      ] GC(823)   Post Evacuate Collection Set: 0.8ms
[125.749s][info][gc,phases      ] GC(823)   Other: 0.1ms
[125.749s][info][gc,heap        ] GC(823) Eden regions: 645->0(692)
[125.749s][info][gc,heap        ] GC(823) Survivor regions: 5->5(41)
[125.749s][info][gc,heap        ] GC(823) Old regions: 57->57
[125.749s][info][gc,heap        ] GC(823) Archive regions: 0->0
[125.749s][info][gc,heap        ] GC(823) Humongous regions: 1300->1186
[125.749s][info][gc,metaspace   ] GC(823) Metaspace: 128123K(130240K)->128123K(130240K) NonClass: 109088K(109824K)->109088K(109824K) Class: 19035K(20416K)->19035K(20416K)
[125.749s][info][gc             ] GC(823) Pause Young (Prepare Mixed) (G1 Humongous Allocation) 2003M->1244M(2048M) 3.172ms
[125.749s][info][gc,cpu         ] GC(823) User=0.00s Sys=0.00s Real=0.00s
[125.785s][info][gc,start       ] GC(824) Pause Young (Mixed) (G1 Humongous Allocation)
[125.785s][info][gc,task        ] GC(824) Using 33 workers of 33 for evacuation
[125.788s][info][gc,phases      ] GC(824)   Pre Evacuate Collection Set: 0.3ms
[125.788s][info][gc,phases      ] GC(824)   Merge Heap Roots: 0.3ms
[125.788s][info][gc,phases      ] GC(824)   Evacuate Collection Set: 1.5ms
[125.788s][info][gc,phases      ] GC(824)   Post Evacuate Collection Set: 0.7ms
[125.788s][info][gc,phases      ] GC(824)   Other: 0.1ms
[125.788s][info][gc,heap        ] GC(824) Eden regions: 626->0(655)
[125.788s][info][gc,heap        ] GC(824) Survivor regions: 5->5(88)
[125.788s][info][gc,heap        ] GC(824) Old regions: 57->56
[125.788s][info][gc,heap        ] GC(824) Archive regions: 0->0
[125.788s][info][gc,heap        ] GC(824) Humongous regions: 1250->1224
[125.788s][info][gc,metaspace   ] GC(824) Metaspace: 128123K(130240K)->128123K(130240K) NonClass: 109088K(109824K)->109088K(109824K) Class: 19035K(20416K)->19035K(20416K)
[125.788s][info][gc             ] GC(824) Pause Young (Mixed) (G1 Humongous Allocation) 1934M->1281M(2048M) 3.162ms
[125.788s][info][gc,cpu         ] GC(824) User=0.02s Sys=0.00s Real=0.02s
[125.790s][info][gc,start       ] GC(825) Pause Young (Concurrent Start) (G1 Humongous Allocation)
[125.790s][info][gc,task        ] GC(825) Using 33 workers of 33 for evacuation
[125.793s][info][gc,phases      ] GC(825)   Pre Evacuate Collection Set: 0.4ms
[125.793s][info][gc,phases      ] GC(825)   Merge Heap Roots: 0.1ms
[125.793s][info][gc,phases      ] GC(825)   Evacuate Collection Set: 1.4ms
[125.793s][info][gc,phases      ] GC(825)   Post Evacuate Collection Set: 0.6ms
[125.793s][info][gc,phases      ] GC(825)   Other: 0.0ms
[125.793s][info][gc,heap        ] GC(825) Eden regions: 27->0(656)
[125.793s][info][gc,heap        ] GC(825) Survivor regions: 5->4(83)
[125.793s][info][gc,heap        ] GC(825) Old regions: 56->56
[125.793s][info][gc,heap        ] GC(825) Archive regions: 0->0
[125.793s][info][gc,heap        ] GC(825) Humongous regions: 1231->1225
[125.793s][info][gc,metaspace   ] GC(825) Metaspace: 128123K(130240K)->128123K(130240K) NonClass: 109088K(109824K)->109088K(109824K) Class: 19035K(20416K)->19035K(20416K)
[125.793s][info][gc             ] GC(825) Pause Young (Concurrent Start) (G1 Humongous Allocation) 1315M->1282M(2048M) 2.743ms
[125.793s][info][gc             ] GC(826) Concurrent Mark Cycle
[125.793s][info][gc,cpu         ] GC(825) User=0.00s Sys=0.00s Real=0.00s
[125.793s][info][gc,marking     ] GC(826) Concurrent Scan Root Regions
[125.795s][info][gc,marking     ] GC(826) Concurrent Scan Root Regions 2.475ms
[125.795s][info][gc,marking     ] GC(826) Concurrent Mark
[125.795s][info][gc,marking     ] GC(826) Concurrent Mark From Roots
[125.795s][info][gc,task        ] GC(826) Using 8 workers of 8 for marking
[125.815s][info][gc,marking     ] GC(826) Concurrent Mark From Roots 19.694ms
[125.815s][info][gc,marking     ] GC(826) Concurrent Preclean
[125.816s][info][gc,marking     ] GC(826) Concurrent Preclean 0.593ms
[125.816s][info][gc,start       ] GC(826) Pause Remark
[125.819s][info][gc             ] GC(826) Pause Remark 1623M->1623M(2048M) 2.877ms
[125.819s][info][gc,cpu         ] GC(826) User=0.00s Sys=0.00s Real=0.00s
[125.819s][info][gc,marking     ] GC(826) Concurrent Mark 23.620ms
[125.819s][info][gc,marking     ] GC(826) Concurrent Rebuild Remembered Sets and Scrub Regions
[125.828s][info][gc,marking     ] GC(826) Concurrent Rebuild Remembered Sets and Scrub Regions 8.451ms
[125.829s][info][gc,start       ] GC(826) Pause Cleanup
[125.829s][info][gc             ] GC(826) Pause Cleanup 1776M->1776M(2048M) 0.292ms
[125.829s][info][gc,cpu         ] GC(826) User=0.00s Sys=0.00s Real=0.00s
[125.829s][info][gc,marking     ] GC(826) Concurrent Clear Claimed Marks
[125.829s][info][gc,marking     ] GC(826) Concurrent Clear Claimed Marks 0.266ms
[125.829s][info][gc,marking     ] GC(826) Concurrent Cleanup for Next Mark
[125.832s][info][gc,marking     ] GC(826) Concurrent Cleanup for Next Mark 2.458ms
[125.832s][info][gc             ] GC(826) Concurrent Mark Cycle 38.914ms
[125.844s][info][gc,start       ] GC(827) Pause Young (Prepare Mixed) (G1 Evacuation Pause)
[125.844s][info][gc,task        ] GC(827) Using 33 workers of 33 for evacuation
[125.847s][info][gc,phases      ] GC(827)   Pre Evacuate Collection Set: 0.3ms
[125.847s][info][gc,phases      ] GC(827)   Merge Heap Roots: 0.8ms
[125.847s][info][gc,phases      ] GC(827)   Evacuate Collection Set: 1.0ms
[125.847s][info][gc,phases      ] GC(827)   Post Evacuate Collection Set: 0.8ms
[125.847s][info][gc,phases      ] GC(827)   Other: 0.1ms
[125.847s][info][gc,heap        ] GC(827) Eden regions: 656->0(649)
[125.847s][info][gc,heap        ] GC(827) Survivor regions: 4->5(6)
[125.847s][info][gc,heap        ] GC(827) Old regions: 56->56
[125.847s][info][gc,heap        ] GC(827) Archive regions: 0->0
[125.847s][info][gc,heap        ] GC(827) Humongous regions: 1326->1230
[125.847s][info][gc,metaspace   ] GC(827) Metaspace: 128123K(130240K)->128123K(130240K) NonClass: 109088K(109824K)->109088K(109824K) Class: 19035K(20416K)->19035K(20416K)
[125.847s][info][gc             ] GC(827) Pause Young (Prepare Mixed) (G1 Evacuation Pause) 2039M->1288M(2048M) 3.191ms
[125.847s][info][gc,cpu         ] GC(827) User=0.00s Sys=0.00s Real=0.00s
[125.883s][info][gc,start       ] GC(828) Pause Young (Mixed) (G1 Humongous Allocation)
[125.884s][info][gc,task        ] GC(828) Using 33 workers of 33 for evacuation
[125.886s][info][gc,phases      ] GC(828)   Pre Evacuate Collection Set: 0.3ms
[125.887s][info][gc,phases      ] GC(828)   Merge Heap Roots: 0.3ms
[125.887s][info][gc,phases      ] GC(828)   Evacuate Collection Set: 1.5ms
[125.887s][info][gc,phases      ] GC(828)   Post Evacuate Collection Set: 0.8ms
[125.887s][info][gc,phases      ] GC(828)   Other: 0.1ms
[125.887s][info][gc,heap        ] GC(828) Eden regions: 617->0(642)
[125.887s][info][gc,heap        ] GC(828) Survivor regions: 5->4(60)
[125.887s][info][gc,heap        ] GC(828) Old regions: 56->56
[125.887s][info][gc,heap        ] GC(828) Archive regions: 0->0
[125.887s][info][gc,heap        ] GC(828) Humongous regions: 1310->1239
[125.887s][info][gc,metaspace   ] GC(828) Metaspace: 128123K(130240K)->128123K(130240K) NonClass: 109088K(109824K)->109088K(109824K) Class: 19035K(20416K)->19035K(20416K)
[125.887s][info][gc             ] GC(828) Pause Young (Mixed) (G1 Humongous Allocation) 1985M->1295M(2048M) 3.170ms
[125.887s][info][gc,cpu         ] GC(828) User=0.00s Sys=0.00s Real=0.00s
[125.888s][info][gc,start       ] GC(829) Pause Young (Concurrent Start) (G1 Humongous Allocation)
[125.888s][info][gc,task        ] GC(829) Using 33 workers of 33 for evacuation
[125.890s][info][gc,phases      ] GC(829)   Pre Evacuate Collection Set: 0.4ms
[125.890s][info][gc,phases      ] GC(829)   Merge Heap Roots: 0.1ms
[125.890s][info][gc,phases      ] GC(829)   Evacuate Collection Set: 1.3ms
[125.890s][info][gc,phases      ] GC(829)   Post Evacuate Collection Set: 0.6ms
[125.890s][info][gc,phases      ] GC(829)   Other: 0.0ms
[125.890s][info][gc,heap        ] GC(829) Eden regions: 17->0(640)
[125.890s][info][gc,heap        ] GC(829) Survivor regions: 4->4(81)
[125.890s][info][gc,heap        ] GC(829) Old regions: 56->56
[125.890s][info][gc,heap        ] GC(829) Archive regions: 0->0
[125.890s][info][gc,heap        ] GC(829) Humongous regions: 1243->1241
[125.890s][info][gc,metaspace   ] GC(829) Metaspace: 128123K(130240K)->128123K(130240K) NonClass: 109088K(109824K)->109088K(109824K) Class: 19035K(20416K)->19035K(20416K)
[125.890s][info][gc             ] GC(829) Pause Young (Concurrent Start) (G1 Humongous Allocation) 1316M->1298M(2048M) 2.593ms
[125.890s][info][gc             ] GC(830) Concurrent Mark Cycle
[125.890s][info][gc,cpu         ] GC(829) User=0.00s Sys=0.00s Real=0.00s
[125.890s][info][gc,marking     ] GC(830) Concurrent Scan Root Regions
[125.893s][info][gc,marking     ] GC(830) Concurrent Scan Root Regions 2.465ms
[125.893s][info][gc,marking     ] GC(830) Concurrent Mark
[125.893s][info][gc,marking     ] GC(830) Concurrent Mark From Roots
[125.893s][info][gc,task        ] GC(830) Using 8 workers of 8 for marking
[125.913s][info][gc,marking     ] GC(830) Concurrent Mark From Roots 20.252ms
[125.913s][info][gc,marking     ] GC(830) Concurrent Preclean
[125.914s][info][gc,marking     ] GC(830) Concurrent Preclean 0.431ms
[125.914s][info][gc,start       ] GC(830) Pause Remark
[125.917s][info][gc             ] GC(830) Pause Remark 1654M->1654M(2048M) 2.871ms
[125.917s][info][gc,cpu         ] GC(830) User=0.00s Sys=0.00s Real=0.00s
[125.917s][info][gc,marking     ] GC(830) Concurrent Mark 24.241ms
[125.917s][info][gc,marking     ] GC(830) Concurrent Rebuild Remembered Sets and Scrub Regions
[125.924s][info][gc,marking     ] GC(830) Concurrent Rebuild Remembered Sets and Scrub Regions 6.881ms
[125.924s][info][gc,start       ] GC(830) Pause Cleanup
[125.925s][info][gc             ] GC(830) Pause Cleanup 1756M->1756M(2048M) 0.267ms
[125.925s][info][gc,cpu         ] GC(830) User=0.00s Sys=0.00s Real=0.00s
[125.925s][info][gc,marking     ] GC(830) Concurrent Clear Claimed Marks
[125.925s][info][gc,marking     ] GC(830) Concurrent Clear Claimed Marks 0.215ms
[125.925s][info][gc,marking     ] GC(830) Concurrent Cleanup for Next Mark
[125.927s][info][gc,marking     ] GC(830) Concurrent Cleanup for Next Mark 2.375ms
[125.927s][info][gc             ] GC(830) Concurrent Mark Cycle 37.013ms
[125.937s][info][gc,start       ] GC(831) Pause Young (Prepare Mixed) (G1 Humongous Allocation)
[125.937s][info][gc,task        ] GC(831) Using 33 workers of 33 for evacuation
[125.940s][info][gc,phases      ] GC(831)   Pre Evacuate Collection Set: 0.3ms
[125.940s][info][gc,phases      ] GC(831)   Merge Heap Roots: 0.8ms
[125.940s][info][gc,phases      ] GC(831)   Evacuate Collection Set: 1.0ms
[125.940s][info][gc,phases      ] GC(831)   Post Evacuate Collection Set: 0.8ms
[125.940s][info][gc,phases      ] GC(831)   Other: 0.1ms
[125.940s][info][gc,heap        ] GC(831) Eden regions: 565->0(628)
[125.940s][info][gc,heap        ] GC(831) Survivor regions: 4->4(81)
[125.940s][info][gc,heap        ] GC(831) Old regions: 56->56
[125.940s][info][gc,heap        ] GC(831) Archive regions: 0->0
[125.940s][info][gc,heap        ] GC(831) Humongous regions: 1327->1253
[125.940s][info][gc,metaspace   ] GC(831) Metaspace: 128123K(130240K)->128123K(130240K) NonClass: 109088K(109824K)->109088K(109824K) Class: 19035K(20416K)->19035K(20416K)
[125.940s][info][gc             ] GC(831) Pause Young (Prepare Mixed) (G1 Humongous Allocation) 1949M->1310M(2048M) 3.225ms
[125.940s][info][gc,cpu         ] GC(831) User=0.00s Sys=0.00s Real=0.00s
[125.977s][info][gc,start       ] GC(832) Pause Young (Mixed) (G1 Humongous Allocation)
[125.977s][info][gc,task        ] GC(832) Using 33 workers of 33 for evacuation
[125.980s][info][gc,phases      ] GC(832)   Pre Evacuate Collection Set: 0.3ms
[125.980s][info][gc,phases      ] GC(832)   Merge Heap Roots: 0.3ms
[125.980s][info][gc,phases      ] GC(832)   Evacuate Collection Set: 1.4ms
[125.980s][info][gc,phases      ] GC(832)   Post Evacuate Collection Set: 0.7ms
[125.980s][info][gc,phases      ] GC(832)   Other: 0.1ms
[125.980s][info][gc,heap        ] GC(832) Eden regions: 614->0(624)
[125.980s][info][gc,heap        ] GC(832) Survivor regions: 4->4(32)
[125.980s][info][gc,heap        ] GC(832) Old regions: 56->57
[125.980s][info][gc,heap        ] GC(832) Archive regions: 0->0
[125.980s][info][gc,heap        ] GC(832) Humongous regions: 1342->1256
[125.980s][info][gc,metaspace   ] GC(832) Metaspace: 128123K(130240K)->128123K(130240K) NonClass: 109088K(109824K)->109088K(109824K) Class: 19035K(20416K)->19035K(20416K)
[125.980s][info][gc             ] GC(832) Pause Young (Mixed) (G1 Humongous Allocation) 2013M->1314M(2048M) 3.053ms
[125.980s][info][gc,cpu         ] GC(832) User=0.00s Sys=0.00s Real=0.00s
[125.981s][info][gc,start       ] GC(833) Pause Young (Concurrent Start) (G1 Humongous Allocation)
[125.981s][info][gc,task        ] GC(833) Using 33 workers of 33 for evacuation
[125.984s][info][gc,phases      ] GC(833)   Pre Evacuate Collection Set: 0.4ms
[125.984s][info][gc,phases      ] GC(833)   Merge Heap Roots: 0.1ms
[125.984s][info][gc,phases      ] GC(833)   Evacuate Collection Set: 1.3ms
[125.984s][info][gc,phases      ] GC(833)   Post Evacuate Collection Set: 0.5ms
[125.984s][info][gc,phases      ] GC(833)   Other: 0.0ms
[125.984s][info][gc,heap        ] GC(833) Eden regions: 17->0(618)
[125.984s][info][gc,heap        ] GC(833) Survivor regions: 4->5(79)
[125.984s][info][gc,heap        ] GC(833) Old regions: 57->57
[125.984s][info][gc,heap        ] GC(833) Archive regions: 0->0
[125.984s][info][gc,heap        ] GC(833) Humongous regions: 1260->1260
[125.984s][info][gc,metaspace   ] GC(833) Metaspace: 128123K(130240K)->128123K(130240K) NonClass: 109088K(109824K)->109088K(109824K) Class: 19035K(20416K)->19035K(20416K)
[125.984s][info][gc             ] GC(833) Pause Young (Concurrent Start) (G1 Humongous Allocation) 1334M->1319M(2048M) 2.614ms
[125.984s][info][gc             ] GC(834) Concurrent Mark Cycle
[125.984s][info][gc,cpu         ] GC(833) User=0.00s Sys=0.00s Real=0.00s
[125.984s][info][gc,marking     ] GC(834) Concurrent Scan Root Regions
[125.987s][info][gc,marking     ] GC(834) Concurrent Scan Root Regions 3.331ms
[125.987s][info][gc,marking     ] GC(834) Concurrent Mark
[125.987s][info][gc,marking     ] GC(834) Concurrent Mark From Roots
[125.987s][info][gc,task        ] GC(834) Using 8 workers of 8 for marking
[126.009s][info][gc,marking     ] GC(834) Concurrent Mark From Roots 21.353ms
[126.009s][info][gc,marking     ] GC(834) Concurrent Preclean
[126.009s][info][gc,marking     ] GC(834) Concurrent Preclean 0.578ms
[126.010s][info][gc,start       ] GC(834) Pause Remark
[126.013s][info][gc             ] GC(834) Pause Remark 1721M->1721M(2048M) 2.835ms
[126.013s][info][gc,cpu         ] GC(834) User=0.19s Sys=0.00s Real=0.02s
[126.013s][info][gc,marking     ] GC(834) Concurrent Mark 25.371ms
[126.013s][info][gc,marking     ] GC(834) Concurrent Rebuild Remembered Sets and Scrub Regions
[126.020s][info][gc,marking     ] GC(834) Concurrent Rebuild Remembered Sets and Scrub Regions 7.395ms
[126.020s][info][gc,start       ] GC(834) Pause Cleanup
[126.021s][info][gc             ] GC(834) Pause Cleanup 1848M->1848M(2048M) 0.292ms
[126.021s][info][gc,cpu         ] GC(834) User=0.00s Sys=0.00s Real=0.00s
[126.021s][info][gc,marking     ] GC(834) Concurrent Clear Claimed Marks
[126.021s][info][gc,marking     ] GC(834) Concurrent Clear Claimed Marks 0.197ms
[126.021s][info][gc,marking     ] GC(834) Concurrent Cleanup for Next Mark
[126.024s][info][gc,marking     ] GC(834) Concurrent Cleanup for Next Mark 2.463ms
[126.024s][info][gc             ] GC(834) Concurrent Mark Cycle 39.665ms
[126.030s][info][gc,start       ] GC(835) Pause Young (Prepare Mixed) (G1 Evacuation Pause)
[126.031s][info][gc,task        ] GC(835) Using 33 workers of 33 for evacuation
[126.033s][info][gc,phases      ] GC(835)   Pre Evacuate Collection Set: 0.3ms
[126.033s][info][gc,phases      ] GC(835)   Merge Heap Roots: 0.8ms
[126.033s][info][gc,phases      ] GC(835)   Evacuate Collection Set: 0.9ms
[126.033s][info][gc,phases      ] GC(835)   Post Evacuate Collection Set: 0.7ms
[126.033s][info][gc,phases      ] GC(835)   Other: 0.1ms
[126.033s][info][gc,heap        ] GC(835) Eden regions: 618->0(602)
[126.033s][info][gc,heap        ] GC(835) Survivor regions: 5->3(40)
[126.033s][info][gc,heap        ] GC(835) Old regions: 57->57
[126.033s][info][gc,heap        ] GC(835) Archive regions: 0->0
[126.033s][info][gc,heap        ] GC(835) Humongous regions: 1328->1280
[126.033s][info][gc,metaspace   ] GC(835) Metaspace: 128123K(130240K)->128123K(130240K) NonClass: 109088K(109824K)->109088K(109824K) Class: 19035K(20416K)->19035K(20416K)
[126.033s][info][gc             ] GC(835) Pause Young (Prepare Mixed) (G1 Evacuation Pause) 2005M->1336M(2048M) 3.017ms
[126.034s][info][gc,cpu         ] GC(835) User=0.00s Sys=0.00s Real=0.00s
[126.065s][info][gc,start       ] GC(836) Pause Young (Mixed) (G1 Humongous Allocation)
[126.065s][info][gc,task        ] GC(836) Using 33 workers of 33 for evacuation
[126.068s][info][gc,phases      ] GC(836)   Pre Evacuate Collection Set: 0.3ms
[126.068s][info][gc,phases      ] GC(836)   Merge Heap Roots: 0.2ms
[126.068s][info][gc,phases      ] GC(836)   Evacuate Collection Set: 1.1ms
[126.068s][info][gc,phases      ] GC(836)   Post Evacuate Collection Set: 0.7ms
[126.068s][info][gc,phases      ] GC(836)   Other: 0.1ms
[126.068s][info][gc,heap        ] GC(836) Eden regions: 491->0(590)
[126.068s][info][gc,heap        ] GC(836) Survivor regions: 3->2(76)
[126.068s][info][gc,heap        ] GC(836) Old regions: 57->55
[126.068s][info][gc,heap        ] GC(836) Archive regions: 0->0
[126.068s][info][gc,heap        ] GC(836) Humongous regions: 1375->1296
[126.068s][info][gc,metaspace   ] GC(836) Metaspace: 128131K(130240K)->128131K(130240K) NonClass: 109095K(109824K)->109095K(109824K) Class: 19035K(20416K)->19035K(20416K)
[126.068s][info][gc             ] GC(836) Pause Young (Mixed) (G1 Humongous Allocation) 1922M->1350M(2048M) 2.662ms
[126.068s][info][gc,cpu         ] GC(836) User=0.00s Sys=0.00s Real=0.00s
[126.070s][info][gc,start       ] GC(837) Pause Young (Concurrent Start) (G1 Humongous Allocation)
[126.070s][info][gc,task        ] GC(837) Using 33 workers of 33 for evacuation
[126.073s][info][gc,phases      ] GC(837)   Pre Evacuate Collection Set: 0.4ms
[126.073s][info][gc,phases      ] GC(837)   Merge Heap Roots: 0.1ms
[126.073s][info][gc,phases      ] GC(837)   Evacuate Collection Set: 2.0ms
[126.073s][info][gc,phases      ] GC(837)   Post Evacuate Collection Set: 0.5ms
[126.073s][info][gc,phases      ] GC(837)   Other: 0.0ms
[126.073s][info][gc,heap        ] GC(837) Eden regions: 26->0(597)
[126.073s][info][gc,heap        ] GC(837) Survivor regions: 2->2(74)
[126.073s][info][gc,heap        ] GC(837) Old regions: 55->55
[126.073s][info][gc,heap        ] GC(837) Archive regions: 0->0
[126.073s][info][gc,heap        ] GC(837) Humongous regions: 1300->1289
[126.073s][info][gc,metaspace   ] GC(837) Metaspace: 128131K(130240K)->128131K(130240K) NonClass: 109095K(109824K)->109095K(109824K) Class: 19035K(20416K)->19035K(20416K)
[126.073s][info][gc             ] GC(837) Pause Young (Concurrent Start) (G1 Humongous Allocation) 1380M->1343M(2048M) 3.288ms
[126.073s][info][gc             ] GC(838) Concurrent Mark Cycle
[126.073s][info][gc,cpu         ] GC(837) User=0.00s Sys=0.00s Real=0.00s
[126.073s][info][gc,marking     ] GC(838) Concurrent Scan Root Regions
[126.075s][info][gc,marking     ] GC(838) Concurrent Scan Root Regions 2.147ms
[126.075s][info][gc,marking     ] GC(838) Concurrent Mark
[126.075s][info][gc,marking     ] GC(838) Concurrent Mark From Roots
[126.075s][info][gc,task        ] GC(838) Using 8 workers of 8 for marking
[126.095s][info][gc,marking     ] GC(838) Concurrent Mark From Roots 19.632ms
[126.095s][info][gc,marking     ] GC(838) Concurrent Preclean
[126.096s][info][gc,marking     ] GC(838) Concurrent Preclean 0.466ms
[126.096s][info][gc,start       ] GC(838) Pause Remark
[126.099s][info][gc             ] GC(838) Pause Remark 1614M->1614M(2048M) 2.966ms
[126.099s][info][gc,cpu         ] GC(838) User=0.00s Sys=0.00s Real=0.00s
[126.099s][info][gc,marking     ] GC(838) Concurrent Mark 23.482ms
[126.099s][info][gc,marking     ] GC(838) Concurrent Rebuild Remembered Sets and Scrub Regions
[126.106s][info][gc,marking     ] GC(838) Concurrent Rebuild Remembered Sets and Scrub Regions 6.862ms
[126.106s][info][gc,start       ] GC(838) Pause Cleanup
[126.106s][info][gc             ] GC(838) Pause Cleanup 1705M->1705M(2048M) 0.314ms
[126.106s][info][gc,cpu         ] GC(838) User=0.00s Sys=0.00s Real=0.00s
[126.107s][info][gc,marking     ] GC(838) Concurrent Clear Claimed Marks
[126.107s][info][gc,marking     ] GC(838) Concurrent Clear Claimed Marks 0.189ms
[126.107s][info][gc,marking     ] GC(838) Concurrent Cleanup for Next Mark
[126.109s][info][gc,marking     ] GC(838) Concurrent Cleanup for Next Mark 2.205ms
[126.109s][info][gc             ] GC(838) Concurrent Mark Cycle 35.812ms
[126.127s][info][gc,start       ] GC(839) Pause Young (Prepare Mixed) (G1 Evacuation Pause)
[126.127s][info][gc,task        ] GC(839) Using 33 workers of 33 for evacuation
[126.130s][info][gc,phases      ] GC(839)   Pre Evacuate Collection Set: 0.3ms
[126.130s][info][gc,phases      ] GC(839)   Merge Heap Roots: 0.8ms
[126.130s][info][gc,phases      ] GC(839)   Evacuate Collection Set: 0.8ms
[126.130s][info][gc,phases      ] GC(839)   Post Evacuate Collection Set: 0.7ms
[126.130s][info][gc,phases      ] GC(839)   Other: 0.1ms
[126.130s][info][gc,heap        ] GC(839) Eden regions: 597->0(606)
[126.130s][info][gc,heap        ] GC(839) Survivor regions: 2->2(32)
[126.130s][info][gc,heap        ] GC(839) Old regions: 55->56
[126.130s][info][gc,heap        ] GC(839) Archive regions: 0->0
[126.130s][info][gc,heap        ] GC(839) Humongous regions: 1362->1279
[126.130s][info][gc,metaspace   ] GC(839) Metaspace: 128131K(130240K)->128131K(130240K) NonClass: 109095K(109824K)->109095K(109824K) Class: 19035K(20416K)->19035K(20416K)
[126.130s][info][gc             ] GC(839) Pause Young (Prepare Mixed) (G1 Evacuation Pause) 2013M->1333M(2048M) 3.014ms
[126.130s][info][gc,cpu         ] GC(839) User=0.00s Sys=0.00s Real=0.00s
[126.168s][info][gc,start       ] GC(840) Pause Young (Mixed) (G1 Evacuation Pause)
[126.168s][info][gc,task        ] GC(840) Using 33 workers of 33 for evacuation
[126.170s][info][gc,phases      ] GC(840)   Pre Evacuate Collection Set: 0.3ms
[126.170s][info][gc,phases      ] GC(840)   Merge Heap Roots: 0.2ms
[126.170s][info][gc,phases      ] GC(840)   Evacuate Collection Set: 1.2ms
[126.171s][info][gc,phases      ] GC(840)   Post Evacuate Collection Set: 0.7ms
[126.171s][info][gc,phases      ] GC(840)   Other: 0.1ms
[126.171s][info][gc,heap        ] GC(840) Eden regions: 606->0(608)
[126.171s][info][gc,heap        ] GC(840) Survivor regions: 2->2(76)
[126.171s][info][gc,heap        ] GC(840) Old regions: 56->55
[126.171s][info][gc,heap        ] GC(840) Archive regions: 0->0
[126.171s][info][gc,heap        ] GC(840) Humongous regions: 1303->1278
[126.171s][info][gc,metaspace   ] GC(840) Metaspace: 128132K(130240K)->128132K(130240K) NonClass: 109097K(109824K)->109097K(109824K) Class: 19035K(20416K)->19035K(20416K)
[126.171s][info][gc             ] GC(840) Pause Young (Mixed) (G1 Evacuation Pause) 1963M->1331M(2048M) 2.761ms
[126.171s][info][gc,cpu         ] GC(840) User=0.00s Sys=0.00s Real=0.00s
[126.172s][info][gc,start       ] GC(841) Pause Young (Concurrent Start) (G1 Humongous Allocation)
[126.172s][info][gc,task        ] GC(841) Using 33 workers of 33 for evacuation
[126.175s][info][gc,phases      ] GC(841)   Pre Evacuate Collection Set: 0.4ms
[126.175s][info][gc,phases      ] GC(841)   Merge Heap Roots: 0.1ms
[126.175s][info][gc,phases      ] GC(841)   Evacuate Collection Set: 1.8ms
[126.175s][info][gc,phases      ] GC(841)   Post Evacuate Collection Set: 0.6ms
[126.175s][info][gc,phases      ] GC(841)   Other: 0.0ms
[126.175s][info][gc,heap        ] GC(841) Eden regions: 28->0(608)
[126.175s][info][gc,heap        ] GC(841) Survivor regions: 2->2(77)
[126.175s][info][gc,heap        ] GC(841) Old regions: 55->55
[126.175s][info][gc,heap        ] GC(841) Archive regions: 0->0
[126.175s][info][gc,heap        ] GC(841) Humongous regions: 1278->1278
[126.175s][info][gc,metaspace   ] GC(841) Metaspace: 128132K(130240K)->128132K(130240K) NonClass: 109097K(109824K)->109097K(109824K) Class: 19035K(20416K)->19035K(20416K)
[126.175s][info][gc             ] GC(841) Pause Young (Concurrent Start) (G1 Humongous Allocation) 1359M->1331M(2048M) 3.059ms
[126.175s][info][gc             ] GC(842) Concurrent Mark Cycle
[126.176s][info][gc,cpu         ] GC(841) User=0.00s Sys=0.02s Real=0.02s
[126.176s][info][gc,marking     ] GC(842) Concurrent Scan Root Regions
[126.177s][info][gc,marking     ] GC(842) Concurrent Scan Root Regions 1.972ms
[126.178s][info][gc,marking     ] GC(842) Concurrent Mark
[126.178s][info][gc,marking     ] GC(842) Concurrent Mark From Roots
[126.178s][info][gc,task        ] GC(842) Using 8 workers of 8 for marking
[126.196s][info][gc,marking     ] GC(842) Concurrent Mark From Roots 18.156ms
[126.196s][info][gc,marking     ] GC(842) Concurrent Preclean
[126.196s][info][gc,marking     ] GC(842) Concurrent Preclean 0.466ms
[126.196s][info][gc,start       ] GC(842) Pause Remark
[126.199s][info][gc             ] GC(842) Pause Remark 1595M->1595M(2048M) 2.768ms
[126.199s][info][gc,cpu         ] GC(842) User=0.00s Sys=0.00s Real=0.00s
[126.199s][info][gc,marking     ] GC(842) Concurrent Mark 21.780ms
[126.199s][info][gc,marking     ] GC(842) Concurrent Rebuild Remembered Sets and Scrub Regions
[126.206s][info][gc,marking     ] GC(842) Concurrent Rebuild Remembered Sets and Scrub Regions 6.388ms
[126.206s][info][gc,start       ] GC(842) Pause Cleanup
[126.206s][info][gc             ] GC(842) Pause Cleanup 1679M->1679M(2048M) 0.257ms
[126.206s][info][gc,cpu         ] GC(842) User=0.00s Sys=0.00s Real=0.00s
[126.206s][info][gc,marking     ] GC(842) Concurrent Clear Claimed Marks
[126.206s][info][gc,marking     ] GC(842) Concurrent Clear Claimed Marks 0.179ms
[126.206s][info][gc,marking     ] GC(842) Concurrent Cleanup for Next Mark
[126.209s][info][gc,marking     ] GC(842) Concurrent Cleanup for Next Mark 2.201ms
[126.209s][info][gc             ] GC(842) Concurrent Mark Cycle 33.171ms
[126.225s][info][gc,start       ] GC(843) Pause Young (Prepare Mixed) (G1 Evacuation Pause)
[126.225s][info][gc,task        ] GC(843) Using 33 workers of 33 for evacuation
[126.228s][info][gc,phases      ] GC(843)   Pre Evacuate Collection Set: 0.3ms
[126.228s][info][gc,phases      ] GC(843)   Merge Heap Roots: 0.8ms
[126.228s][info][gc,phases      ] GC(843)   Evacuate Collection Set: 0.7ms
[126.228s][info][gc,phases      ] GC(843)   Post Evacuate Collection Set: 0.8ms
[126.228s][info][gc,phases      ] GC(843)   Other: 0.2ms
[126.228s][info][gc,heap        ] GC(843) Eden regions: 608->0(606)
[126.228s][info][gc,heap        ] GC(843) Survivor regions: 2->2(77)
[126.228s][info][gc,heap        ] GC(843) Old regions: 55->55
[126.228s][info][gc,heap        ] GC(843) Archive regions: 0->0
[126.228s][info][gc,heap        ] GC(843) Humongous regions: 1305->1280
[126.228s][info][gc,metaspace   ] GC(843) Metaspace: 128132K(130240K)->128132K(130240K) NonClass: 109097K(109824K)->109097K(109824K) Class: 19035K(20416K)->19035K(20416K)
[126.228s][info][gc             ] GC(843) Pause Young (Prepare Mixed) (G1 Evacuation Pause) 1966M->1333M(2048M) 3.048ms
[126.228s][info][gc,cpu         ] GC(843) User=0.00s Sys=0.00s Real=0.00s
[126.266s][info][gc,start       ] GC(844) Pause Young (Mixed) (G1 Evacuation Pause)
[126.266s][info][gc,task        ] GC(844) Using 33 workers of 33 for evacuation
[126.269s][info][gc,phases      ] GC(844)   Pre Evacuate Collection Set: 0.3ms
[126.269s][info][gc,phases      ] GC(844)   Merge Heap Roots: 0.3ms
[126.269s][info][gc,phases      ] GC(844)   Evacuate Collection Set: 1.5ms
[126.269s][info][gc,phases      ] GC(844)   Post Evacuate Collection Set: 0.7ms
[126.269s][info][gc,phases      ] GC(844)   Other: 0.1ms
[126.269s][info][gc,heap        ] GC(844) Eden regions: 606->0(608)
[126.269s][info][gc,heap        ] GC(844) Survivor regions: 2->2(76)
[126.269s][info][gc,heap        ] GC(844) Old regions: 55->53
[126.269s][info][gc,heap        ] GC(844) Archive regions: 0->0
[126.269s][info][gc,heap        ] GC(844) Humongous regions: 1303->1280
[126.269s][info][gc,metaspace   ] GC(844) Metaspace: 128132K(130240K)->128132K(130240K) NonClass: 109097K(109824K)->109097K(109824K) Class: 19035K(20416K)->19035K(20416K)
[126.269s][info][gc             ] GC(844) Pause Young (Mixed) (G1 Evacuation Pause) 1962M->1332M(2048M) 3.119ms
[126.269s][info][gc,cpu         ] GC(844) User=0.00s Sys=0.00s Real=0.00s
[126.277s][info][gc,start       ] GC(845) Pause Young (Concurrent Start) (G1 Humongous Allocation)
[126.277s][info][gc,task        ] GC(845) Using 33 workers of 33 for evacuation
[126.279s][info][gc,phases      ] GC(845)   Pre Evacuate Collection Set: 0.4ms
[126.279s][info][gc,phases      ] GC(845)   Merge Heap Roots: 0.1ms
[126.279s][info][gc,phases      ] GC(845)   Evacuate Collection Set: 1.3ms
[126.279s][info][gc,phases      ] GC(845)   Post Evacuate Collection Set: 0.6ms
[126.279s][info][gc,phases      ] GC(845)   Other: 0.1ms
[126.279s][info][gc,heap        ] GC(845) Eden regions: 115->0(608)
[126.279s][info][gc,heap        ] GC(845) Survivor regions: 2->2(77)
[126.279s][info][gc,heap        ] GC(845) Old regions: 53->53
[126.279s][info][gc,heap        ] GC(845) Archive regions: 0->0
[126.279s][info][gc,heap        ] GC(845) Humongous regions: 1280->1280
[126.280s][info][gc,metaspace   ] GC(845) Metaspace: 128132K(130240K)->128132K(130240K) NonClass: 109097K(109824K)->109097K(109824K) Class: 19035K(20416K)->19035K(20416K)
[126.280s][info][gc             ] GC(845) Pause Young (Concurrent Start) (G1 Humongous Allocation) 1447M->1332M(2048M) 2.699ms
[126.280s][info][gc             ] GC(846) Concurrent Mark Cycle
[126.280s][info][gc,cpu         ] GC(845) User=0.00s Sys=0.00s Real=0.00s
[126.280s][info][gc,marking     ] GC(846) Concurrent Scan Root Regions
[126.283s][info][gc,marking     ] GC(846) Concurrent Scan Root Regions 3.064ms
[126.283s][info][gc,marking     ] GC(846) Concurrent Mark
[126.283s][info][gc,marking     ] GC(846) Concurrent Mark From Roots
[126.283s][info][gc,task        ] GC(846) Using 8 workers of 8 for marking
[126.302s][info][gc,marking     ] GC(846) Concurrent Mark From Roots 19.183ms
[126.302s][info][gc,marking     ] GC(846) Concurrent Preclean
[126.302s][info][gc,marking     ] GC(846) Concurrent Preclean 0.364ms
[126.302s][info][gc,start       ] GC(846) Pause Remark
[126.305s][info][gc             ] GC(846) Pause Remark 1605M->1605M(2048M) 2.878ms
[126.305s][info][gc,cpu         ] GC(846) User=0.00s Sys=0.00s Real=0.00s
[126.306s][info][gc,marking     ] GC(846) Concurrent Mark 22.808ms
[126.306s][info][gc,marking     ] GC(846) Concurrent Rebuild Remembered Sets and Scrub Regions
[126.312s][info][gc,marking     ] GC(846) Concurrent Rebuild Remembered Sets and Scrub Regions 6.586ms
[126.312s][info][gc,start       ] GC(846) Pause Cleanup
[126.313s][info][gc             ] GC(846) Pause Cleanup 1681M->1681M(2048M) 0.250ms
[126.313s][info][gc,cpu         ] GC(846) User=0.00s Sys=0.00s Real=0.00s
[126.313s][info][gc,marking     ] GC(846) Concurrent Clear Claimed Marks
[126.313s][info][gc,marking     ] GC(846) Concurrent Clear Claimed Marks 0.160ms
[126.313s][info][gc,marking     ] GC(846) Concurrent Cleanup for Next Mark
[126.315s][info][gc,marking     ] GC(846) Concurrent Cleanup for Next Mark 2.119ms
[126.315s][info][gc             ] GC(846) Concurrent Mark Cycle 35.367ms
[126.331s][info][gc,start       ] GC(847) Pause Young (Prepare Mixed) (G1 Evacuation Pause)
[126.331s][info][gc,task        ] GC(847) Using 33 workers of 33 for evacuation
[126.334s][info][gc,phases      ] GC(847)   Pre Evacuate Collection Set: 0.3ms
[126.334s][info][gc,phases      ] GC(847)   Merge Heap Roots: 0.8ms
[126.334s][info][gc,phases      ] GC(847)   Evacuate Collection Set: 0.8ms
[126.334s][info][gc,phases      ] GC(847)   Post Evacuate Collection Set: 0.7ms
[126.334s][info][gc,phases      ] GC(847)   Other: 0.2ms
[126.334s][info][gc,heap        ] GC(847) Eden regions: 608->0(611)
[126.334s][info][gc,heap        ] GC(847) Survivor regions: 2->2(77)
[126.334s][info][gc,heap        ] GC(847) Old regions: 53->54
[126.334s][info][gc,heap        ] GC(847) Archive regions: 0->0
[126.334s][info][gc,heap        ] GC(847) Humongous regions: 1294->1276
[126.334s][info][gc,metaspace   ] GC(847) Metaspace: 128132K(130240K)->128132K(130240K) NonClass: 109097K(109824K)->109097K(109824K) Class: 19035K(20416K)->19035K(20416K)
[126.334s][info][gc             ] GC(847) Pause Young (Prepare Mixed) (G1 Evacuation Pause) 1954M->1329M(2048M) 3.065ms
[126.334s][info][gc,cpu         ] GC(847) User=0.00s Sys=0.00s Real=0.00s
[126.372s][info][gc,start       ] GC(848) Pause Young (Mixed) (G1 Evacuation Pause)
[126.372s][info][gc,task        ] GC(848) Using 33 workers of 33 for evacuation
[126.375s][info][gc,phases      ] GC(848)   Pre Evacuate Collection Set: 0.3ms
[126.375s][info][gc,phases      ] GC(848)   Merge Heap Roots: 0.3ms
[126.375s][info][gc,phases      ] GC(848)   Evacuate Collection Set: 1.3ms
[126.375s][info][gc,phases      ] GC(848)   Post Evacuate Collection Set: 0.8ms
[126.375s][info][gc,phases      ] GC(848)   Other: 0.2ms
[126.375s][info][gc,heap        ] GC(848) Eden regions: 611->0(608)
[126.375s][info][gc,heap        ] GC(848) Survivor regions: 2->2(76)
[126.375s][info][gc,heap        ] GC(848) Old regions: 54->53
[126.375s][info][gc,heap        ] GC(848) Archive regions: 0->0
[126.375s][info][gc,heap        ] GC(848) Humongous regions: 1305->1280
[126.375s][info][gc,metaspace   ] GC(848) Metaspace: 128132K(130240K)->128132K(130240K) NonClass: 109097K(109824K)->109097K(109824K) Class: 19035K(20416K)->19035K(20416K)
[126.375s][info][gc             ] GC(848) Pause Young (Mixed) (G1 Evacuation Pause) 1969M->1331M(2048M) 3.445ms
[126.376s][info][gc,cpu         ] GC(848) User=0.52s Sys=0.00s Real=0.01s
[126.394s][info][gc,start       ] GC(849) Pause Young (Concurrent Start) (G1 Humongous Allocation)
[126.394s][info][gc,task        ] GC(849) Using 33 workers of 33 for evacuation
[126.397s][info][gc,phases      ] GC(849)   Pre Evacuate Collection Set: 0.5ms
[126.397s][info][gc,phases      ] GC(849)   Merge Heap Roots: 0.1ms
[126.397s][info][gc,phases      ] GC(849)   Evacuate Collection Set: 1.3ms
[126.397s][info][gc,phases      ] GC(849)   Post Evacuate Collection Set: 0.7ms
[126.397s][info][gc,phases      ] GC(849)   Other: 0.1ms
[126.397s][info][gc,heap        ] GC(849) Eden regions: 281->0(608)
[126.397s][info][gc,heap        ] GC(849) Survivor regions: 2->2(77)
[126.397s][info][gc,heap        ] GC(849) Old regions: 53->53
[126.397s][info][gc,heap        ] GC(849) Archive regions: 0->0
[126.397s][info][gc,heap        ] GC(849) Humongous regions: 1280->1280
[126.397s][info][gc,metaspace   ] GC(849) Metaspace: 128132K(130240K)->128132K(130240K) NonClass: 109097K(109824K)->109097K(109824K) Class: 19035K(20416K)->19035K(20416K)
[126.397s][info][gc             ] GC(849) Pause Young (Concurrent Start) (G1 Humongous Allocation) 1612M->1331M(2048M) 3.063ms
[126.397s][info][gc             ] GC(850) Concurrent Mark Cycle
[126.397s][info][gc,cpu         ] GC(849) User=0.00s Sys=0.00s Real=0.00s
[126.397s][info][gc,marking     ] GC(850) Concurrent Scan Root Regions
[126.399s][info][gc,marking     ] GC(850) Concurrent Scan Root Regions 2.042ms
[126.399s][info][gc,marking     ] GC(850) Concurrent Mark
[126.399s][info][gc,marking     ] GC(850) Concurrent Mark From Roots
[126.399s][info][gc,task        ] GC(850) Using 8 workers of 8 for marking
[126.416s][info][gc,marking     ] GC(850) Concurrent Mark From Roots 16.519ms
[126.416s][info][gc,marking     ] GC(850) Concurrent Preclean
[126.416s][info][gc,marking     ] GC(850) Concurrent Preclean 0.239ms
[126.416s][info][gc,start       ] GC(850) Pause Remark
[126.419s][info][gc             ] GC(850) Pause Remark 1506M->1506M(2048M) 2.907ms
[126.419s][info][gc,cpu         ] GC(850) User=0.00s Sys=0.00s Real=0.00s
[126.419s][info][gc,marking     ] GC(850) Concurrent Mark 20.014ms
[126.419s][info][gc,marking     ] GC(850) Concurrent Rebuild Remembered Sets and Scrub Regions
[126.425s][info][gc,marking     ] GC(850) Concurrent Rebuild Remembered Sets and Scrub Regions 5.926ms
[126.425s][info][gc,start       ] GC(850) Pause Cleanup
[126.426s][info][gc             ] GC(850) Pause Cleanup 1555M->1555M(2048M) 0.293ms
[126.426s][info][gc,cpu         ] GC(850) User=0.00s Sys=0.00s Real=0.00s
[126.426s][info][gc,marking     ] GC(850) Concurrent Clear Claimed Marks
[126.426s][info][gc,marking     ] GC(850) Concurrent Clear Claimed Marks 0.138ms
[126.426s][info][gc,marking     ] GC(850) Concurrent Cleanup for Next Mark
[126.428s][info][gc,marking     ] GC(850) Concurrent Cleanup for Next Mark 1.880ms
[126.428s][info][gc             ] GC(850) Concurrent Mark Cycle 30.816ms
[126.953s][info][gc,start       ] GC(851) Pause Full (System.gc())
[126.953s][info][gc,task        ] GC(851) Using 33 workers of 33 for full compaction
[126.955s][info][gc,phases,start] GC(851) Phase 1: Mark live objects
[126.997s][info][gc,phases      ] GC(851) Phase 1: Mark live objects 42.532ms
[126.997s][info][gc,phases,start] GC(851) Phase 2: Prepare compaction
[127.001s][info][gc,phases      ] GC(851) Phase 2: Prepare compaction 3.723ms
[127.001s][info][gc,phases,start] GC(851) Phase 3: Adjust pointers
[127.012s][info][gc,phases      ] GC(851) Phase 3: Adjust pointers 10.420ms
[127.012s][info][gc,phases,start] GC(851) Phase 4: Compact heap
[127.013s][info][gc,phases      ] GC(851) Phase 4: Compact heap 0.894ms
[127.026s][info][gc,heap        ] GC(851) Eden regions: 492->0(869)
[127.026s][info][gc,heap        ] GC(851) Survivor regions: 2->0(77)
[127.026s][info][gc,heap        ] GC(851) Old regions: 53->68
[127.026s][info][gc,heap        ] GC(851) Archive regions: 0->0
[127.026s][info][gc,heap        ] GC(851) Humongous regions: 1315->1008
[127.026s][info][gc,metaspace   ] GC(851) Metaspace: 128164K(130240K)->128164K(130240K) NonClass: 109128K(109824K)->109128K(109824K) Class: 19035K(20416K)->19035K(20416K)
[127.026s][info][gc             ] GC(851) Pause Full (System.gc()) 1858M->1054M(2048M) 72.753ms
[127.026s][info][gc,cpu         ] GC(851) User=1.06s Sys=0.00s Real=0.06s
[127.092s][info][gc,start       ] GC(852) Pause Young (Concurrent Start) (G1 Humongous Allocation)
[127.092s][info][gc,task        ] GC(852) Using 33 workers of 33 for evacuation
[127.096s][info][gc,phases      ] GC(852)   Pre Evacuate Collection Set: 0.5ms
[127.096s][info][gc,phases      ] GC(852)   Merge Heap Roots: 0.1ms
[127.096s][info][gc,phases      ] GC(852)   Evacuate Collection Set: 2.0ms
[127.096s][info][gc,phases      ] GC(852)   Post Evacuate Collection Set: 0.9ms
[127.096s][info][gc,phases      ] GC(852)   Other: 0.1ms
[127.096s][info][gc,heap        ] GC(852) Eden regions: 11->0(867)
[127.096s][info][gc,heap        ] GC(852) Survivor regions: 0->1(109)
[127.096s][info][gc,heap        ] GC(852) Old regions: 68->68
[127.096s][info][gc,heap        ] GC(852) Archive regions: 0->0
[127.096s][info][gc,heap        ] GC(852) Humongous regions: 1008->1008
[127.096s][info][gc,metaspace   ] GC(852) Metaspace: 128262K(130304K)->128262K(130304K) NonClass: 109227K(109888K)->109227K(109888K) Class: 19035K(20416K)->19035K(20416K)
[127.096s][info][gc             ] GC(852) Pause Young (Concurrent Start) (G1 Humongous Allocation) 1065M->1054M(2048M) 4.183ms
[127.096s][info][gc             ] GC(853) Concurrent Mark Cycle
[127.096s][info][gc,cpu         ] GC(852) User=0.00s Sys=0.00s Real=0.00s
[127.096s][info][gc,marking     ] GC(853) Concurrent Scan Root Regions
[127.099s][info][gc,marking     ] GC(853) Concurrent Scan Root Regions 2.686ms
[127.099s][info][gc,marking     ] GC(853) Concurrent Mark
[127.099s][info][gc,marking     ] GC(853) Concurrent Mark From Roots
[127.099s][info][gc,task        ] GC(853) Using 8 workers of 8 for marking
[127.125s][info][gc,marking     ] GC(853) Concurrent Mark From Roots 25.851ms
[127.125s][info][gc,marking     ] GC(853) Concurrent Preclean
[127.125s][info][gc,marking     ] GC(853) Concurrent Preclean 0.563ms
[127.126s][info][gc,start       ] GC(853) Pause Remark
[127.129s][info][gc             ] GC(853) Pause Remark 1130M->1130M(2048M) 3.599ms
[127.129s][info][gc,cpu         ] GC(853) User=0.00s Sys=0.00s Real=0.00s
[127.130s][info][gc,marking     ] GC(853) Concurrent Mark 30.779ms
[127.130s][info][gc,marking     ] GC(853) Concurrent Rebuild Remembered Sets and Scrub Regions
[127.143s][info][gc,marking     ] GC(853) Concurrent Rebuild Remembered Sets and Scrub Regions 12.938ms
[127.143s][info][gc,start       ] GC(853) Pause Cleanup
[127.144s][info][gc             ] GC(853) Pause Cleanup 1289M->1289M(2048M) 0.572ms
[127.144s][info][gc,cpu         ] GC(853) User=0.00s Sys=0.00s Real=0.00s
[127.144s][info][gc,marking     ] GC(853) Concurrent Clear Claimed Marks
[127.145s][info][gc,marking     ] GC(853) Concurrent Clear Claimed Marks 0.797ms
[127.145s][info][gc,marking     ] GC(853) Concurrent Cleanup for Next Mark
[127.151s][info][gc,marking     ] GC(853) Concurrent Cleanup for Next Mark 6.344ms
[127.151s][info][gc             ] GC(853) Concurrent Mark Cycle 55.535ms
[127.193s][info][gc,start       ] GC(854) Pause Young (Prepare Mixed) (G1 Evacuation Pause)
[127.193s][info][gc,task        ] GC(854) Using 33 workers of 33 for evacuation
[127.196s][info][gc,phases      ] GC(854)   Pre Evacuate Collection Set: 0.3ms
[127.196s][info][gc,phases      ] GC(854)   Merge Heap Roots: 0.8ms
[127.196s][info][gc,phases      ] GC(854)   Evacuate Collection Set: 1.5ms
[127.196s][info][gc,phases      ] GC(854)   Post Evacuate Collection Set: 0.8ms
[127.196s][info][gc,phases      ] GC(854)   Other: 0.1ms
[127.197s][info][gc,heap        ] GC(854) Eden regions: 867->0(845)
[127.197s][info][gc,heap        ] GC(854) Survivor regions: 1->12(99)
[127.197s][info][gc,heap        ] GC(854) Old regions: 68->68
[127.197s][info][gc,heap        ] GC(854) Archive regions: 0->0
[127.197s][info][gc,heap        ] GC(854) Humongous regions: 1013->1008
[127.197s][info][gc,metaspace   ] GC(854) Metaspace: 128375K(130432K)->128375K(130432K) NonClass: 109340K(110016K)->109340K(110016K) Class: 19035K(20416K)->19035K(20416K)
[127.197s][info][gc             ] GC(854) Pause Young (Prepare Mixed) (G1 Evacuation Pause) 1926M->1065M(2048M) 3.898ms
[127.197s][info][gc,cpu         ] GC(854) User=0.00s Sys=0.00s Real=0.00s
[127.257s][info][gc,start       ] GC(855) Pause Young (Mixed) (G1 Evacuation Pause)
[127.257s][info][gc,task        ] GC(855) Using 33 workers of 33 for evacuation
[127.261s][info][gc,phases      ] GC(855)   Pre Evacuate Collection Set: 0.3ms
[127.261s][info][gc,phases      ] GC(855)   Merge Heap Roots: 0.3ms
[127.261s][info][gc,phases      ] GC(855)   Evacuate Collection Set: 1.8ms
[127.261s][info][gc,phases      ] GC(855)   Post Evacuate Collection Set: 0.8ms
[127.261s][info][gc,phases      ] GC(855)   Other: 0.1ms
[127.261s][info][gc,heap        ] GC(855) Eden regions: 845->0(838)
[127.261s][info][gc,heap        ] GC(855) Survivor regions: 12->11(102)
[127.261s][info][gc,heap        ] GC(855) Old regions: 68->65
[127.261s][info][gc,heap        ] GC(855) Archive regions: 0->0
[127.261s][info][gc,heap        ] GC(855) Humongous regions: 1021->1020
[127.261s][info][gc,metaspace   ] GC(855) Metaspace: 128375K(130432K)->128375K(130432K) NonClass: 109340K(110016K)->109340K(110016K) Class: 19035K(20416K)->19035K(20416K)
[127.261s][info][gc             ] GC(855) Pause Young (Mixed) (G1 Evacuation Pause) 1923M->1076M(2048M) 3.556ms
[127.261s][info][gc,cpu         ] GC(855) User=0.00s Sys=0.00s Real=0.00s
[127.273s][info][gc,start       ] GC(856) Pause Young (Concurrent Start) (G1 Humongous Allocation)
[127.273s][info][gc,task        ] GC(856) Using 33 workers of 33 for evacuation
[127.277s][info][gc,phases      ] GC(856)   Pre Evacuate Collection Set: 0.5ms
[127.277s][info][gc,phases      ] GC(856)   Merge Heap Roots: 0.1ms
[127.277s][info][gc,phases      ] GC(856)   Evacuate Collection Set: 2.0ms
[127.277s][info][gc,phases      ] GC(856)   Post Evacuate Collection Set: 0.6ms
[127.277s][info][gc,phases      ] GC(856)   Other: 0.1ms
[127.277s][info][gc,heap        ] GC(856) Eden regions: 181->0(840)
[127.277s][info][gc,heap        ] GC(856) Survivor regions: 11->10(107)
[127.277s][info][gc,heap        ] GC(856) Old regions: 65->65
[127.277s][info][gc,heap        ] GC(856) Archive regions: 0->0
[127.277s][info][gc,heap        ] GC(856) Humongous regions: 1020->1020
[127.277s][info][gc,metaspace   ] GC(856) Metaspace: 128375K(130432K)->128375K(130432K) NonClass: 109340K(110016K)->109340K(110016K) Class: 19035K(20416K)->19035K(20416K)
[127.277s][info][gc             ] GC(856) Pause Young (Concurrent Start) (G1 Humongous Allocation) 1257M->1076M(2048M) 3.563ms
[127.277s][info][gc             ] GC(857) Concurrent Mark Cycle
[127.277s][info][gc,cpu         ] GC(856) User=0.00s Sys=0.00s Real=0.00s
[127.277s][info][gc,marking     ] GC(857) Concurrent Scan Root Regions
[127.295s][info][gc,marking     ] GC(857) Concurrent Scan Root Regions 18.328ms
[127.296s][info][gc,marking     ] GC(857) Concurrent Mark
[127.296s][info][gc,marking     ] GC(857) Concurrent Mark From Roots
[127.296s][info][gc,task        ] GC(857) Using 8 workers of 8 for marking
[127.338s][info][gc,start       ] GC(858) Pause Young (Normal) (G1 Evacuation Pause)
[127.339s][info][gc,task        ] GC(858) Using 33 workers of 33 for evacuation
[127.341s][info][gc,phases      ] GC(858)   Pre Evacuate Collection Set: 0.3ms
[127.341s][info][gc,phases      ] GC(858)   Merge Heap Roots: 0.3ms
[127.341s][info][gc,phases      ] GC(858)   Evacuate Collection Set: 1.3ms
[127.341s][info][gc,phases      ] GC(858)   Post Evacuate Collection Set: 0.8ms
[127.341s][info][gc,phases      ] GC(858)   Other: 0.1ms
[127.341s][info][gc,heap        ] GC(858) Eden regions: 840->0(829)
[127.341s][info][gc,heap        ] GC(858) Survivor regions: 10->10(92)
[127.341s][info][gc,heap        ] GC(858) Old regions: 65->65
[127.341s][info][gc,heap        ] GC(858) Archive regions: 0->0
[127.341s][info][gc,heap        ] GC(858) Humongous regions: 1041->1031
[127.341s][info][gc,metaspace   ] GC(858) Metaspace: 128375K(130432K)->128375K(130432K) NonClass: 109340K(110016K)->109340K(110016K) Class: 19035K(20416K)->19035K(20416K)
[127.341s][info][gc             ] GC(858) Pause Young (Normal) (G1 Evacuation Pause) 1937M->1086M(2048M) 2.982ms
[127.341s][info][gc,cpu         ] GC(858) User=0.00s Sys=0.00s Real=0.00s
[127.349s][info][gc,marking     ] GC(857) Concurrent Mark From Roots 52.708ms
[127.349s][info][gc,marking     ] GC(857) Concurrent Preclean
[127.352s][info][gc,marking     ] GC(857) Concurrent Preclean 3.331ms
[127.353s][info][gc,start       ] GC(857) Pause Remark
[127.356s][info][gc             ] GC(857) Pause Remark 1257M->1257M(2048M) 3.086ms
[127.356s][info][gc,cpu         ] GC(857) User=0.00s Sys=0.00s Real=0.00s
[127.356s][info][gc,marking     ] GC(857) Concurrent Mark 60.653ms
[127.356s][info][gc,marking     ] GC(857) Concurrent Rebuild Remembered Sets and Scrub Regions
[127.379s][info][gc,marking     ] GC(857) Concurrent Rebuild Remembered Sets and Scrub Regions 22.425ms
[127.380s][info][gc,start       ] GC(857) Pause Cleanup
[127.380s][info][gc             ] GC(857) Pause Cleanup 1602M->1602M(2048M) 0.379ms
[127.380s][info][gc,cpu         ] GC(857) User=0.00s Sys=0.00s Real=0.00s
[127.380s][info][gc,marking     ] GC(857) Concurrent Clear Claimed Marks
[127.381s][info][gc,marking     ] GC(857) Concurrent Clear Claimed Marks 0.932ms
[127.382s][info][gc,marking     ] GC(857) Concurrent Cleanup for Next Mark
[127.391s][info][gc,marking     ] GC(857) Concurrent Cleanup for Next Mark 9.561ms
[127.392s][info][gc             ] GC(857) Concurrent Mark Cycle 114.638ms
[127.406s][info][gc,start       ] GC(859) Pause Young (Prepare Mixed) (G1 Evacuation Pause)
[127.406s][info][gc,task        ] GC(859) Using 33 workers of 33 for evacuation
[127.409s][info][gc,phases      ] GC(859)   Pre Evacuate Collection Set: 0.3ms
[127.409s][info][gc,phases      ] GC(859)   Merge Heap Roots: 0.8ms
[127.409s][info][gc,phases      ] GC(859)   Evacuate Collection Set: 1.3ms
[127.409s][info][gc,phases      ] GC(859)   Post Evacuate Collection Set: 0.8ms
[127.409s][info][gc,phases      ] GC(859)   Other: 0.1ms
[127.409s][info][gc,heap        ] GC(859) Eden regions: 829->0(810)
[127.409s][info][gc,heap        ] GC(859) Survivor regions: 10->10(87)
[127.409s][info][gc,heap        ] GC(859) Old regions: 65->65
[127.409s][info][gc,heap        ] GC(859) Archive regions: 0->0
[127.409s][info][gc,heap        ] GC(859) Humongous regions: 1057->1050
[127.410s][info][gc,metaspace   ] GC(859) Metaspace: 128375K(130432K)->128375K(130432K) NonClass: 109340K(110016K)->109340K(110016K) Class: 19035K(20416K)->19035K(20416K)
[127.410s][info][gc             ] GC(859) Pause Young (Prepare Mixed) (G1 Evacuation Pause) 1941M->1105M(2048M) 3.454ms
[127.410s][info][gc,cpu         ] GC(859) User=0.00s Sys=0.00s Real=0.00s
[127.468s][info][gc,start       ] GC(860) Pause Young (Mixed) (G1 Evacuation Pause)
[127.468s][info][gc,task        ] GC(860) Using 33 workers of 33 for evacuation
[127.471s][info][gc,phases      ] GC(860)   Pre Evacuate Collection Set: 0.3ms
[127.471s][info][gc,phases      ] GC(860)   Merge Heap Roots: 0.3ms
[127.471s][info][gc,phases      ] GC(860)   Evacuate Collection Set: 1.7ms
[127.471s][info][gc,phases      ] GC(860)   Post Evacuate Collection Set: 0.8ms
[127.471s][info][gc,phases      ] GC(860)   Other: 0.2ms
[127.471s][info][gc,heap        ] GC(860) Eden regions: 810->0(809)
[127.471s][info][gc,heap        ] GC(860) Survivor regions: 10->10(93)
[127.471s][info][gc,heap        ] GC(860) Old regions: 65->62
[127.471s][info][gc,heap        ] GC(860) Archive regions: 0->0
[127.471s][info][gc,heap        ] GC(860) Humongous regions: 1070->1054
[127.471s][info][gc,metaspace   ] GC(860) Metaspace: 128375K(130432K)->128375K(130432K) NonClass: 109340K(110016K)->109340K(110016K) Class: 19035K(20416K)->19035K(20416K)
[127.471s][info][gc             ] GC(860) Pause Young (Mixed) (G1 Evacuation Pause) 1935M->1110M(2048M) 3.409ms
[127.471s][info][gc,cpu         ] GC(860) User=0.00s Sys=0.00s Real=0.00s
[127.488s][info][gc,start       ] GC(861) Pause Young (Concurrent Start) (G1 Humongous Allocation)
[127.488s][info][gc,task        ] GC(861) Using 33 workers of 33 for evacuation
[127.492s][info][gc,phases      ] GC(861)   Pre Evacuate Collection Set: 0.5ms
[127.492s][info][gc,phases      ] GC(861)   Merge Heap Roots: 0.2ms
[127.492s][info][gc,phases      ] GC(861)   Evacuate Collection Set: 2.0ms
[127.492s][info][gc,phases      ] GC(861)   Post Evacuate Collection Set: 0.7ms
[127.492s][info][gc,phases      ] GC(861)   Other: 0.1ms
[127.492s][info][gc,heap        ] GC(861) Eden regions: 252->0(809)
[127.492s][info][gc,heap        ] GC(861) Survivor regions: 10->10(103)
[127.492s][info][gc,heap        ] GC(861) Old regions: 62->62
[127.492s][info][gc,heap        ] GC(861) Archive regions: 0->0
[127.492s][info][gc,heap        ] GC(861) Humongous regions: 1054->1054
[127.492s][info][gc,metaspace   ] GC(861) Metaspace: 128375K(130432K)->128375K(130432K) NonClass: 109340K(110016K)->109340K(110016K) Class: 19035K(20416K)->19035K(20416K)
[127.492s][info][gc             ] GC(861) Pause Young (Concurrent Start) (G1 Humongous Allocation) 1362M->1109M(2048M) 3.586ms
[127.492s][info][gc             ] GC(862) Concurrent Mark Cycle
[127.492s][info][gc,marking     ] GC(862) Concurrent Scan Root Regions
[127.492s][info][gc,cpu         ] GC(861) User=0.00s Sys=0.00s Real=0.00s
[127.512s][info][gc,marking     ] GC(862) Concurrent Scan Root Regions 19.448ms
[127.512s][info][gc,marking     ] GC(862) Concurrent Mark
[127.512s][info][gc,marking     ] GC(862) Concurrent Mark From Roots
[127.512s][info][gc,task        ] GC(862) Using 8 workers of 8 for marking
[127.550s][info][gc,start       ] GC(863) Pause Young (Normal) (G1 Evacuation Pause)
[127.550s][info][gc,task        ] GC(863) Using 33 workers of 33 for evacuation
[127.553s][info][gc,phases      ] GC(863)   Pre Evacuate Collection Set: 0.3ms
[127.553s][info][gc,phases      ] GC(863)   Merge Heap Roots: 0.3ms
[127.553s][info][gc,phases      ] GC(863)   Evacuate Collection Set: 1.2ms
[127.553s][info][gc,phases      ] GC(863)   Post Evacuate Collection Set: 0.8ms
[127.553s][info][gc,phases      ] GC(863)   Other: 0.1ms
[127.553s][info][gc,heap        ] GC(863) Eden regions: 809->0(807)
[127.553s][info][gc,heap        ] GC(863) Survivor regions: 10->10(103)
[127.553s][info][gc,heap        ] GC(863) Old regions: 62->62
[127.553s][info][gc,heap        ] GC(863) Archive regions: 0->0
[127.553s][info][gc,heap        ] GC(863) Humongous regions: 1058->1056
[127.553s][info][gc,metaspace   ] GC(863) Metaspace: 128375K(130432K)->128375K(130432K) NonClass: 109340K(110016K)->109340K(110016K) Class: 19035K(20416K)->19035K(20416K)
[127.553s][info][gc             ] GC(863) Pause Young (Normal) (G1 Evacuation Pause) 1922M->1112M(2048M) 2.908ms
[127.553s][info][gc,cpu         ] GC(863) User=0.00s Sys=0.00s Real=0.00s
[127.573s][info][gc,marking     ] GC(862) Concurrent Mark From Roots 61.068ms
[127.573s][info][gc,marking     ] GC(862) Concurrent Preclean
[127.576s][info][gc,marking     ] GC(862) Concurrent Preclean 2.726ms
[127.578s][info][gc,start       ] GC(862) Pause Remark
[127.581s][info][gc             ] GC(862) Pause Remark 1455M->1455M(2048M) 3.034ms
[127.581s][info][gc,cpu         ] GC(862) User=0.00s Sys=0.00s Real=0.00s
[127.581s][info][gc,marking     ] GC(862) Concurrent Mark 69.205ms
[127.581s][info][gc,marking     ] GC(862) Concurrent Rebuild Remembered Sets and Scrub Regions
[127.605s][info][gc,marking     ] GC(862) Concurrent Rebuild Remembered Sets and Scrub Regions 23.943ms
[127.607s][info][gc,start       ] GC(862) Pause Cleanup
[127.607s][info][gc             ] GC(862) Pause Cleanup 1806M->1806M(2048M) 0.366ms
[127.607s][info][gc,cpu         ] GC(862) User=0.00s Sys=0.00s Real=0.00s
[127.607s][info][gc,marking     ] GC(862) Concurrent Clear Claimed Marks
[127.609s][info][gc,marking     ] GC(862) Concurrent Clear Claimed Marks 1.371ms
[127.609s][info][gc,marking     ] GC(862) Concurrent Cleanup for Next Mark
[127.619s][info][gc,marking     ] GC(862) Concurrent Cleanup for Next Mark 9.688ms
[127.619s][info][gc             ] GC(862) Concurrent Mark Cycle 126.941ms
[127.620s][info][gc,start       ] GC(864) Pause Young (Prepare Mixed) (G1 Humongous Allocation)
[127.620s][info][gc,task        ] GC(864) Using 33 workers of 33 for evacuation
[127.623s][info][gc,phases      ] GC(864)   Pre Evacuate Collection Set: 0.3ms
[127.623s][info][gc,phases      ] GC(864)   Merge Heap Roots: 0.8ms
[127.623s][info][gc,phases      ] GC(864)   Evacuate Collection Set: 1.3ms
[127.623s][info][gc,phases      ] GC(864)   Post Evacuate Collection Set: 0.8ms
[127.623s][info][gc,phases      ] GC(864)   Other: 0.1ms
[127.623s][info][gc,heap        ] GC(864) Eden regions: 807->0(792)
[127.623s][info][gc,heap        ] GC(864) Survivor regions: 10->10(78)
[127.623s][info][gc,heap        ] GC(864) Old regions: 62->62
[127.623s][info][gc,heap        ] GC(864) Archive regions: 0->0
[127.623s][info][gc,heap        ] GC(864) Humongous regions: 1091->1071
[127.623s][info][gc,metaspace   ] GC(864) Metaspace: 128375K(130432K)->128375K(130432K) NonClass: 109340K(110016K)->109340K(110016K) Class: 19035K(20416K)->19035K(20416K)
[127.623s][info][gc             ] GC(864) Pause Young (Prepare Mixed) (G1 Humongous Allocation) 1954M->1126M(2048M) 3.515ms
[127.623s][info][gc,cpu         ] GC(864) User=0.00s Sys=0.00s Real=0.00s
[127.682s][info][gc,start       ] GC(865) Pause Young (Mixed) (G1 Evacuation Pause)
[127.682s][info][gc,task        ] GC(865) Using 33 workers of 33 for evacuation
[127.685s][info][gc,phases      ] GC(865)   Pre Evacuate Collection Set: 0.3ms
[127.685s][info][gc,phases      ] GC(865)   Merge Heap Roots: 0.3ms
[127.685s][info][gc,phases      ] GC(865)   Evacuate Collection Set: 1.7ms
[127.685s][info][gc,phases      ] GC(865)   Post Evacuate Collection Set: 0.7ms
[127.685s][info][gc,phases      ] GC(865)   Other: 0.1ms
[127.685s][info][gc,heap        ] GC(865) Eden regions: 792->0(761)
[127.685s][info][gc,heap        ] GC(865) Survivor regions: 10->10(71)
[127.685s][info][gc,heap        ] GC(865) Old regions: 62->59
[127.685s][info][gc,heap        ] GC(865) Archive regions: 0->0
[127.685s][info][gc,heap        ] GC(865) Humongous regions: 1113->1105
[127.685s][info][gc,metaspace   ] GC(865) Metaspace: 128375K(130432K)->128375K(130432K) NonClass: 109340K(110016K)->109340K(110016K) Class: 19035K(20416K)->19035K(20416K)
[127.685s][info][gc             ] GC(865) Pause Young (Mixed) (G1 Evacuation Pause) 1960M->1160M(2048M) 3.418ms
[127.685s][info][gc,cpu         ] GC(865) User=0.00s Sys=0.00s Real=0.00s
[127.707s][info][gc,start       ] GC(866) Pause Young (Concurrent Start) (G1 Humongous Allocation)
[127.707s][info][gc,task        ] GC(866) Using 33 workers of 33 for evacuation
[127.710s][info][gc,phases      ] GC(866)   Pre Evacuate Collection Set: 0.4ms
[127.710s][info][gc,phases      ] GC(866)   Merge Heap Roots: 0.2ms
[127.710s][info][gc,phases      ] GC(866)   Evacuate Collection Set: 2.0ms
[127.710s][info][gc,phases      ] GC(866)   Post Evacuate Collection Set: 0.7ms
[127.710s][info][gc,phases      ] GC(866)   Other: 0.1ms
[127.710s][info][gc,heap        ] GC(866) Eden regions: 311->0(777)
[127.710s][info][gc,heap        ] GC(866) Survivor regions: 10->10(97)
[127.710s][info][gc,heap        ] GC(866) Old regions: 59->59
[127.710s][info][gc,heap        ] GC(866) Archive regions: 0->0
[127.710s][info][gc,heap        ] GC(866) Humongous regions: 1105->1089
[127.710s][info][gc,metaspace   ] GC(866) Metaspace: 128375K(130432K)->128375K(130432K) NonClass: 109340K(110016K)->109340K(110016K) Class: 19035K(20416K)->19035K(20416K)
[127.710s][info][gc             ] GC(866) Pause Young (Concurrent Start) (G1 Humongous Allocation) 1471M->1144M(2048M) 3.526ms
[127.710s][info][gc             ] GC(867) Concurrent Mark Cycle
[127.710s][info][gc,cpu         ] GC(866) User=0.00s Sys=0.00s Real=0.00s
[127.710s][info][gc,marking     ] GC(867) Concurrent Scan Root Regions
[127.730s][info][gc,marking     ] GC(867) Concurrent Scan Root Regions 19.261ms
[127.730s][info][gc,marking     ] GC(867) Concurrent Mark
[127.730s][info][gc,marking     ] GC(867) Concurrent Mark From Roots
[127.730s][info][gc,task        ] GC(867) Using 8 workers of 8 for marking
[127.771s][info][gc,start       ] GC(868) Pause Young (Normal) (G1 Evacuation Pause)
[127.771s][info][gc,task        ] GC(868) Using 33 workers of 33 for evacuation
[127.774s][info][gc,phases      ] GC(868)   Pre Evacuate Collection Set: 0.3ms
[127.774s][info][gc,phases      ] GC(868)   Merge Heap Roots: 0.3ms
[127.774s][info][gc,phases      ] GC(868)   Evacuate Collection Set: 1.4ms
[127.774s][info][gc,phases      ] GC(868)   Post Evacuate Collection Set: 0.8ms
[127.774s][info][gc,phases      ] GC(868)   Other: 0.1ms
[127.774s][info][gc,heap        ] GC(868) Eden regions: 777->0(783)
[127.774s][info][gc,heap        ] GC(868) Survivor regions: 10->11(66)
[127.774s][info][gc,heap        ] GC(868) Old regions: 59->59
[127.774s][info][gc,heap        ] GC(868) Archive regions: 0->0
[127.774s][info][gc,heap        ] GC(868) Humongous regions: 1136->1081
[127.774s][info][gc,metaspace   ] GC(868) Metaspace: 128375K(130432K)->128375K(130432K) NonClass: 109340K(110016K)->109340K(110016K) Class: 19035K(20416K)->19035K(20416K)
[127.774s][info][gc             ] GC(868) Pause Young (Normal) (G1 Evacuation Pause) 1968M->1138M(2048M) 3.113ms
[127.774s][info][gc,cpu         ] GC(868) User=0.00s Sys=0.00s Real=0.00s
[127.791s][info][gc,marking     ] GC(867) Concurrent Mark From Roots 61.052ms
[127.792s][info][gc,marking     ] GC(867) Concurrent Preclean
[127.795s][info][gc,marking     ] GC(867) Concurrent Preclean 3.046ms
[127.796s][info][gc,start       ] GC(867) Pause Remark
[127.799s][info][gc             ] GC(867) Pause Remark 1447M->1447M(2048M) 3.012ms
[127.799s][info][gc,cpu         ] GC(867) User=0.00s Sys=0.00s Real=0.00s
[127.799s][info][gc,marking     ] GC(867) Concurrent Mark 69.153ms
[127.799s][info][gc,marking     ] GC(867) Concurrent Rebuild Remembered Sets and Scrub Regions
[127.822s][info][gc,marking     ] GC(867) Concurrent Rebuild Remembered Sets and Scrub Regions 23.102ms
[127.824s][info][gc,start       ] GC(867) Pause Cleanup
[127.824s][info][gc             ] GC(867) Pause Cleanup 1786M->1786M(2048M) 0.318ms
[127.824s][info][gc,cpu         ] GC(867) User=0.00s Sys=0.00s Real=0.00s
[127.824s][info][gc,marking     ] GC(867) Concurrent Clear Claimed Marks
[127.825s][info][gc,marking     ] GC(867) Concurrent Clear Claimed Marks 1.170ms
[127.826s][info][gc,marking     ] GC(867) Concurrent Cleanup for Next Mark
[127.835s][info][gc,marking     ] GC(867) Concurrent Cleanup for Next Mark 9.543ms
[127.836s][info][gc             ] GC(867) Concurrent Mark Cycle 125.447ms
[127.840s][info][gc,start       ] GC(869) Pause Young (Prepare Mixed) (G1 Evacuation Pause)
[127.840s][info][gc,task        ] GC(869) Using 33 workers of 33 for evacuation
[127.843s][info][gc,phases      ] GC(869)   Pre Evacuate Collection Set: 0.3ms
[127.843s][info][gc,phases      ] GC(869)   Merge Heap Roots: 0.8ms
[127.843s][info][gc,phases      ] GC(869)   Evacuate Collection Set: 1.3ms
[127.844s][info][gc,phases      ] GC(869)   Post Evacuate Collection Set: 0.8ms
[127.844s][info][gc,phases      ] GC(869)   Other: 0.1ms
[127.844s][info][gc,heap        ] GC(869) Eden regions: 783->0(784)
[127.844s][info][gc,heap        ] GC(869) Survivor regions: 11->11(63)
[127.844s][info][gc,heap        ] GC(869) Old regions: 59->59
[127.844s][info][gc,heap        ] GC(869) Archive regions: 0->0
[127.844s][info][gc,heap        ] GC(869) Humongous regions: 1132->1080
[127.844s][info][gc,metaspace   ] GC(869) Metaspace: 128375K(130432K)->128375K(130432K) NonClass: 109340K(110016K)->109340K(110016K) Class: 19035K(20416K)->19035K(20416K)
[127.844s][info][gc             ] GC(869) Pause Young (Prepare Mixed) (G1 Evacuation Pause) 1972M->1136M(2048M) 3.513ms
[127.844s][info][gc,cpu         ] GC(869) User=0.11s Sys=0.05s Real=0.01s
[127.901s][info][gc,start       ] GC(870) Pause Young (Mixed) (G1 Evacuation Pause)
[127.901s][info][gc,task        ] GC(870) Using 33 workers of 33 for evacuation
[127.904s][info][gc,phases      ] GC(870)   Pre Evacuate Collection Set: 0.3ms
[127.904s][info][gc,phases      ] GC(870)   Merge Heap Roots: 0.3ms
[127.904s][info][gc,phases      ] GC(870)   Evacuate Collection Set: 1.7ms
[127.904s][info][gc,phases      ] GC(870)   Post Evacuate Collection Set: 0.8ms
[127.904s][info][gc,phases      ] GC(870)   Other: 0.1ms
[127.904s][info][gc,heap        ] GC(870) Eden regions: 784->0(794)
[127.904s][info][gc,heap        ] GC(870) Survivor regions: 11->10(90)
[127.904s][info][gc,heap        ] GC(870) Old regions: 59->57
[127.904s][info][gc,heap        ] GC(870) Archive regions: 0->0
[127.904s][info][gc,heap        ] GC(870) Humongous regions: 1104->1074
[127.904s][info][gc,metaspace   ] GC(870) Metaspace: 128375K(130432K)->128375K(130432K) NonClass: 109340K(110016K)->109340K(110016K) Class: 19035K(20416K)->19035K(20416K)
[127.905s][info][gc             ] GC(870) Pause Young (Mixed) (G1 Evacuation Pause) 1944M->1129M(2048M) 3.397ms
[127.905s][info][gc,cpu         ] GC(870) User=0.00s Sys=0.00s Real=0.00s
[127.908s][info][gc,start       ] GC(871) Pause Young (Concurrent Start) (G1 Humongous Allocation)
[127.908s][info][gc,task        ] GC(871) Using 33 workers of 33 for evacuation
[127.911s][info][gc,phases      ] GC(871)   Pre Evacuate Collection Set: 0.4ms
[127.911s][info][gc,phases      ] GC(871)   Merge Heap Roots: 0.1ms
[127.911s][info][gc,phases      ] GC(871)   Evacuate Collection Set: 1.8ms
[127.911s][info][gc,phases      ] GC(871)   Post Evacuate Collection Set: 0.6ms
[127.911s][info][gc,phases      ] GC(871)   Other: 0.1ms
[127.911s][info][gc,heap        ] GC(871) Eden regions: 51->0(798)
[127.911s][info][gc,heap        ] GC(871) Survivor regions: 10->10(101)
[127.911s][info][gc,heap        ] GC(871) Old regions: 57->57
[127.911s][info][gc,heap        ] GC(871) Archive regions: 0->0
[127.911s][info][gc,heap        ] GC(871) Humongous regions: 1074->1070
[127.911s][info][gc,metaspace   ] GC(871) Metaspace: 128375K(130432K)->128375K(130432K) NonClass: 109340K(110016K)->109340K(110016K) Class: 19035K(20416K)->19035K(20416K)
[127.911s][info][gc             ] GC(871) Pause Young (Concurrent Start) (G1 Humongous Allocation) 1180M->1125M(2048M) 3.176ms
[127.911s][info][gc             ] GC(872) Concurrent Mark Cycle
[127.911s][info][gc,cpu         ] GC(871) User=0.00s Sys=0.00s Real=0.00s
[127.911s][info][gc,marking     ] GC(872) Concurrent Scan Root Regions
[127.928s][info][gc,marking     ] GC(872) Concurrent Scan Root Regions 17.171ms
[127.929s][info][gc,marking     ] GC(872) Concurrent Mark
[127.929s][info][gc,marking     ] GC(872) Concurrent Mark From Roots
[127.929s][info][gc,task        ] GC(872) Using 8 workers of 8 for marking
[127.970s][info][gc,start       ] GC(873) Pause Young (Normal) (G1 Evacuation Pause)
[127.970s][info][gc,task        ] GC(873) Using 33 workers of 33 for evacuation
[127.973s][info][gc,phases      ] GC(873)   Pre Evacuate Collection Set: 0.3ms
[127.973s][info][gc,phases      ] GC(873)   Merge Heap Roots: 0.3ms
[127.973s][info][gc,phases      ] GC(873)   Evacuate Collection Set: 1.2ms
[127.973s][info][gc,phases      ] GC(873)   Post Evacuate Collection Set: 0.7ms
[127.973s][info][gc,phases      ] GC(873)   Other: 0.1ms
[127.973s][info][gc,heap        ] GC(873) Eden regions: 798->0(795)
[127.973s][info][gc,heap        ] GC(873) Survivor regions: 10->2(93)
[127.973s][info][gc,heap        ] GC(873) Old regions: 57->64
[127.973s][info][gc,heap        ] GC(873) Archive regions: 0->0
[127.973s][info][gc,heap        ] GC(873) Humongous regions: 1090->1082
[127.973s][info][gc,metaspace   ] GC(873) Metaspace: 128375K(130432K)->128375K(130432K) NonClass: 109340K(110016K)->109340K(110016K) Class: 19035K(20416K)->19035K(20416K)
[127.973s][info][gc             ] GC(873) Pause Young (Normal) (G1 Evacuation Pause) 1943M->1138M(2048M) 2.865ms
[127.973s][info][gc,cpu         ] GC(873) User=0.00s Sys=0.00s Real=0.00s
[127.983s][info][gc,marking     ] GC(872) Concurrent Mark From Roots 53.697ms
[127.983s][info][gc,marking     ] GC(872) Concurrent Preclean
[127.986s][info][gc,marking     ] GC(872) Concurrent Preclean 2.714ms
[127.987s][info][gc,start       ] GC(872) Pause Remark
[127.990s][info][gc             ] GC(872) Pause Remark 1345M->1345M(2048M) 3.173ms
[127.990s][info][gc,cpu         ] GC(872) User=0.50s Sys=0.02s Real=0.02s
[127.991s][info][gc,marking     ] GC(872) Concurrent Mark 61.785ms
[127.991s][info][gc,marking     ] GC(872) Concurrent Rebuild Remembered Sets and Scrub Regions
[128.016s][info][gc,marking     ] GC(872) Concurrent Rebuild Remembered Sets and Scrub Regions 25.312ms
[128.017s][info][gc,start       ] GC(872) Pause Cleanup
[128.018s][info][gc             ] GC(872) Pause Cleanup 1725M->1725M(2048M) 0.353ms
[128.018s][info][gc,cpu         ] GC(872) User=0.00s Sys=0.00s Real=0.00s
[128.018s][info][gc,marking     ] GC(872) Concurrent Clear Claimed Marks
[128.019s][info][gc,marking     ] GC(872) Concurrent Clear Claimed Marks 1.272ms
[128.019s][info][gc,marking     ] GC(872) Concurrent Cleanup for Next Mark
[128.029s][info][gc,marking     ] GC(872) Concurrent Cleanup for Next Mark 9.558ms
[128.029s][info][gc             ] GC(872) Concurrent Mark Cycle 118.221ms
[128.036s][info][gc,start       ] GC(874) Pause Young (Prepare Mixed) (G1 Evacuation Pause)
[128.036s][info][gc,task        ] GC(874) Using 33 workers of 33 for evacuation
[128.038s][info][gc,phases      ] GC(874)   Pre Evacuate Collection Set: 0.3ms
[128.038s][info][gc,phases      ] GC(874)   Merge Heap Roots: 0.8ms
[128.038s][info][gc,phases      ] GC(874)   Evacuate Collection Set: 0.7ms
[128.038s][info][gc,phases      ] GC(874)   Post Evacuate Collection Set: 0.7ms
[128.038s][info][gc,phases      ] GC(874)   Other: 0.1ms
[128.038s][info][gc,heap        ] GC(874) Eden regions: 795->0(786)
[128.038s][info][gc,heap        ] GC(874) Survivor regions: 2->2(85)
[128.038s][info][gc,heap        ] GC(874) Old regions: 64->65
[128.038s][info][gc,heap        ] GC(874) Archive regions: 0->0
[128.038s][info][gc,heap        ] GC(874) Humongous regions: 1102->1090
[128.038s][info][gc,metaspace   ] GC(874) Metaspace: 128375K(130432K)->128375K(130432K) NonClass: 109340K(110016K)->109340K(110016K) Class: 19035K(20416K)->19035K(20416K)
[128.038s][info][gc             ] GC(874) Pause Young (Prepare Mixed) (G1 Evacuation Pause) 1953M->1145M(2048M) 2.859ms
[128.038s][info][gc,cpu         ] GC(874) User=0.00s Sys=0.00s Real=0.00s
[128.094s][info][gc,start       ] GC(875) Pause Young (Mixed) (G1 Evacuation Pause)
[128.094s][info][gc,task        ] GC(875) Using 33 workers of 33 for evacuation
[128.096s][info][gc,phases      ] GC(875)   Pre Evacuate Collection Set: 0.3ms
[128.096s][info][gc,phases      ] GC(875)   Merge Heap Roots: 0.3ms
[128.096s][info][gc,phases      ] GC(875)   Evacuate Collection Set: 1.3ms
[128.096s][info][gc,phases      ] GC(875)   Post Evacuate Collection Set: 0.7ms
[128.096s][info][gc,phases      ] GC(875)   Other: 0.1ms
[128.096s][info][gc,heap        ] GC(875) Eden regions: 786->0(784)
[128.096s][info][gc,heap        ] GC(875) Survivor regions: 2->3(99)
[128.096s][info][gc,heap        ] GC(875) Old regions: 65->63
[128.096s][info][gc,heap        ] GC(875) Archive regions: 0->0
[128.096s][info][gc,heap        ] GC(875) Humongous regions: 1094->1092
[128.096s][info][gc,metaspace   ] GC(875) Metaspace: 128375K(130432K)->128375K(130432K) NonClass: 109340K(110016K)->109340K(110016K) Class: 19035K(20416K)->19035K(20416K)
[128.097s][info][gc             ] GC(875) Pause Young (Mixed) (G1 Evacuation Pause) 1935M->1148M(2048M) 2.881ms
[128.097s][info][gc,cpu         ] GC(875) User=0.00s Sys=0.00s Real=0.00s
[128.107s][info][gc,start       ] GC(876) Pause Young (Concurrent Start) (G1 Humongous Allocation)
[128.107s][info][gc,task        ] GC(876) Using 33 workers of 33 for evacuation
[128.110s][info][gc,phases      ] GC(876)   Pre Evacuate Collection Set: 0.5ms
[128.110s][info][gc,phases      ] GC(876)   Merge Heap Roots: 0.1ms
[128.110s][info][gc,phases      ] GC(876)   Evacuate Collection Set: 1.4ms
[128.110s][info][gc,phases      ] GC(876)   Post Evacuate Collection Set: 0.6ms
[128.110s][info][gc,phases      ] GC(876)   Other: 0.1ms
[128.110s][info][gc,heap        ] GC(876) Eden regions: 159->0(786)
[128.110s][info][gc,heap        ] GC(876) Survivor regions: 3->2(99)
[128.110s][info][gc,heap        ] GC(876) Old regions: 63->63
[128.110s][info][gc,heap        ] GC(876) Archive regions: 0->0
[128.110s][info][gc,heap        ] GC(876) Humongous regions: 1092->1092
[128.110s][info][gc,metaspace   ] GC(876) Metaspace: 128375K(130432K)->128375K(130432K) NonClass: 109340K(110016K)->109340K(110016K) Class: 19035K(20416K)->19035K(20416K)
[128.110s][info][gc             ] GC(876) Pause Young (Concurrent Start) (G1 Humongous Allocation) 1307M->1148M(2048M) 2.822ms
[128.110s][info][gc             ] GC(877) Concurrent Mark Cycle
[128.110s][info][gc,cpu         ] GC(876) User=0.00s Sys=0.00s Real=0.00s
[128.110s][info][gc,marking     ] GC(877) Concurrent Scan Root Regions
[128.129s][info][gc,marking     ] GC(877) Concurrent Scan Root Regions 18.446ms
[128.129s][info][gc,marking     ] GC(877) Concurrent Mark
[128.129s][info][gc,marking     ] GC(877) Concurrent Mark From Roots
[128.129s][info][gc,task        ] GC(877) Using 8 workers of 8 for marking
[128.169s][info][gc,start       ] GC(878) Pause Young (Normal) (G1 Evacuation Pause)
[128.169s][info][gc,task        ] GC(878) Using 33 workers of 33 for evacuation
[128.171s][info][gc,phases      ] GC(878)   Pre Evacuate Collection Set: 0.3ms
[128.171s][info][gc,phases      ] GC(878)   Merge Heap Roots: 0.3ms
[128.171s][info][gc,phases      ] GC(878)   Evacuate Collection Set: 0.8ms
[128.171s][info][gc,phases      ] GC(878)   Post Evacuate Collection Set: 0.7ms
[128.171s][info][gc,phases      ] GC(878)   Other: 0.1ms
[128.171s][info][gc,heap        ] GC(878) Eden regions: 786->0(772)
[128.171s][info][gc,heap        ] GC(878) Survivor regions: 2->3(88)
[128.171s][info][gc,heap        ] GC(878) Old regions: 63->63
[128.171s][info][gc,heap        ] GC(878) Archive regions: 0->0
[128.171s][info][gc,heap        ] GC(878) Humongous regions: 1109->1104
[128.171s][info][gc,metaspace   ] GC(878) Metaspace: 128375K(130432K)->128375K(130432K) NonClass: 109340K(110016K)->109340K(110016K) Class: 19035K(20416K)->19035K(20416K)
[128.171s][info][gc             ] GC(878) Pause Young (Normal) (G1 Evacuation Pause) 1951M->1161M(2048M) 2.392ms
[128.171s][info][gc,cpu         ] GC(878) User=0.00s Sys=0.00s Real=0.00s
[128.189s][info][gc,marking     ] GC(877) Concurrent Mark From Roots 59.918ms
[128.189s][info][gc,marking     ] GC(877) Concurrent Preclean
[128.193s][info][gc,marking     ] GC(877) Concurrent Preclean 3.073ms
[128.199s][info][gc,start       ] GC(877) Pause Remark
[128.202s][info][gc             ] GC(877) Pause Remark 1487M->1487M(2048M) 3.077ms
[128.202s][info][gc,cpu         ] GC(877) User=0.00s Sys=0.00s Real=0.00s
[128.202s][info][gc,marking     ] GC(877) Concurrent Mark 72.982ms
[128.202s][info][gc,marking     ] GC(877) Concurrent Rebuild Remembered Sets and Scrub Regions
[128.227s][info][gc,marking     ] GC(877) Concurrent Rebuild Remembered Sets and Scrub Regions 24.324ms
[128.228s][info][gc,start       ] GC(877) Pause Cleanup
[128.228s][info][gc             ] GC(877) Pause Cleanup 1849M->1849M(2048M) 0.372ms
[128.229s][info][gc,cpu         ] GC(877) User=0.00s Sys=0.00s Real=0.00s
[128.229s][info][gc,marking     ] GC(877) Concurrent Clear Claimed Marks
[128.230s][info][gc,marking     ] GC(877) Concurrent Clear Claimed Marks 1.171ms
[128.230s][info][gc,marking     ] GC(877) Concurrent Cleanup for Next Mark
[128.239s][info][gc,marking     ] GC(877) Concurrent Cleanup for Next Mark 9.272ms
[128.240s][info][gc,start       ] GC(879) Pause Young (Prepare Mixed) (G1 Evacuation Pause)
[128.240s][info][gc,task        ] GC(879) Using 33 workers of 33 for evacuation
[128.243s][info][gc,phases      ] GC(879)   Pre Evacuate Collection Set: 0.3ms
[128.243s][info][gc,phases      ] GC(879)   Merge Heap Roots: 0.8ms
[128.243s][info][gc,phases      ] GC(879)   Evacuate Collection Set: 0.7ms
[128.243s][info][gc,phases      ] GC(879)   Post Evacuate Collection Set: 0.7ms
[128.243s][info][gc,phases      ] GC(879)   Other: 0.1ms
[128.243s][info][gc,heap        ] GC(879) Eden regions: 772->0(749)
[128.243s][info][gc,heap        ] GC(879) Survivor regions: 3->2(56)
[128.243s][info][gc,heap        ] GC(879) Old regions: 63->63
[128.243s][info][gc,heap        ] GC(879) Archive regions: 0->0
[128.243s][info][gc,heap        ] GC(879) Humongous regions: 1154->1129
[128.243s][info][gc,metaspace   ] GC(879) Metaspace: 128378K(130432K)->128378K(130432K) NonClass: 109342K(110016K)->109342K(110016K) Class: 19035K(20416K)->19035K(20416K)
[128.243s][info][gc             ] GC(879) Pause Young (Prepare Mixed) (G1 Evacuation Pause) 1983M->1185M(2048M) 2.822ms
[128.243s][info][gc,cpu         ] GC(879) User=0.00s Sys=0.00s Real=0.00s
[128.243s][info][gc             ] GC(877) Concurrent Mark Cycle 133.254ms
[128.299s][info][gc,start       ] GC(880) Pause Young (Mixed) (G1 Evacuation Pause)
[128.299s][info][gc,task        ] GC(880) Using 33 workers of 33 for evacuation
[128.302s][info][gc,phases      ] GC(880)   Pre Evacuate Collection Set: 0.3ms
[128.302s][info][gc,phases      ] GC(880)   Merge Heap Roots: 0.3ms
[128.302s][info][gc,phases      ] GC(880)   Evacuate Collection Set: 1.2ms
[128.302s][info][gc,phases      ] GC(880)   Post Evacuate Collection Set: 0.7ms
[128.302s][info][gc,phases      ] GC(880)   Other: 0.1ms
[128.302s][info][gc,heap        ] GC(880) Eden regions: 749->0(750)
[128.302s][info][gc,heap        ] GC(880) Survivor regions: 2->3(84)
[128.302s][info][gc,heap        ] GC(880) Old regions: 63->61
[128.302s][info][gc,heap        ] GC(880) Archive regions: 0->0
[128.302s][info][gc,heap        ] GC(880) Humongous regions: 1150->1128
[128.302s][info][gc,metaspace   ] GC(880) Metaspace: 128378K(130432K)->128378K(130432K) NonClass: 109342K(110016K)->109342K(110016K) Class: 19035K(20416K)->19035K(20416K)
[128.302s][info][gc             ] GC(880) Pause Young (Mixed) (G1 Evacuation Pause) 1955M->1184M(2048M) 2.826ms
[128.302s][info][gc,cpu         ] GC(880) User=0.00s Sys=0.00s Real=0.00s
[128.302s][info][gc,start       ] GC(881) Pause Young (Concurrent Start) (G1 Humongous Allocation)
[128.302s][info][gc,task        ] GC(881) Using 33 workers of 33 for evacuation
[128.304s][info][gc,phases      ] GC(881)   Pre Evacuate Collection Set: 0.4ms
[128.304s][info][gc,phases      ] GC(881)   Merge Heap Roots: 0.1ms
[128.304s][info][gc,phases      ] GC(881)   Evacuate Collection Set: 1.4ms
[128.304s][info][gc,phases      ] GC(881)   Post Evacuate Collection Set: 0.4ms
[128.304s][info][gc,phases      ] GC(881)   Other: 0.0ms
[128.304s][info][gc,heap        ] GC(881) Eden regions: 5->0(757)
[128.304s][info][gc,heap        ] GC(881) Survivor regions: 3->3(95)
[128.304s][info][gc,heap        ] GC(881) Old regions: 61->61
[128.304s][info][gc,heap        ] GC(881) Archive regions: 0->0
[128.304s][info][gc,heap        ] GC(881) Humongous regions: 1128->1121
[128.304s][info][gc,metaspace   ] GC(881) Metaspace: 128378K(130432K)->128378K(130432K) NonClass: 109342K(110016K)->109342K(110016K) Class: 19035K(20416K)->19035K(20416K)
[128.305s][info][gc             ] GC(881) Pause Young (Concurrent Start) (G1 Humongous Allocation) 1189M->1177M(2048M) 2.468ms
[128.305s][info][gc             ] GC(882) Concurrent Mark Cycle
[128.305s][info][gc,cpu         ] GC(881) User=0.00s Sys=0.00s Real=0.00s
[128.305s][info][gc,marking     ] GC(882) Concurrent Scan Root Regions
[128.322s][info][gc,marking     ] GC(882) Concurrent Scan Root Regions 17.591ms
[128.323s][info][gc,marking     ] GC(882) Concurrent Mark
[128.323s][info][gc,marking     ] GC(882) Concurrent Mark From Roots
[128.323s][info][gc,task        ] GC(882) Using 8 workers of 8 for marking
[128.371s][info][gc,start       ] GC(883) Pause Young (Normal) (G1 Evacuation Pause)
[128.371s][info][gc,task        ] GC(883) Using 33 workers of 33 for evacuation
[128.373s][info][gc,phases      ] GC(883)   Pre Evacuate Collection Set: 0.3ms
[128.373s][info][gc,phases      ] GC(883)   Merge Heap Roots: 0.2ms
[128.373s][info][gc,phases      ] GC(883)   Evacuate Collection Set: 0.9ms
[128.373s][info][gc,phases      ] GC(883)   Post Evacuate Collection Set: 0.8ms
[128.373s][info][gc,phases      ] GC(883)   Other: 0.1ms
[128.373s][info][gc,heap        ] GC(883) Eden regions: 757->0(758)
[128.373s][info][gc,heap        ] GC(883) Survivor regions: 3->5(33)
[128.373s][info][gc,heap        ] GC(883) Old regions: 61->61
[128.373s][info][gc,heap        ] GC(883) Archive regions: 0->0
[128.373s][info][gc,heap        ] GC(883) Humongous regions: 1194->1116
[128.373s][info][gc,metaspace   ] GC(883) Metaspace: 128378K(130432K)->128378K(130432K) NonClass: 109342K(110016K)->109342K(110016K) Class: 19035K(20416K)->19035K(20416K)
[128.373s][info][gc             ] GC(883) Pause Young (Normal) (G1 Evacuation Pause) 2007M->1174M(2048M) 2.577ms
[128.373s][info][gc,cpu         ] GC(883) User=0.52s Sys=0.00s Real=0.02s
[128.376s][info][gc,marking     ] GC(882) Concurrent Mark From Roots 53.872ms
[128.377s][info][gc,marking     ] GC(882) Concurrent Preclean
[128.379s][info][gc,marking     ] GC(882) Concurrent Preclean 2.157ms
[128.379s][info][gc,start       ] GC(882) Pause Remark
[128.382s][info][gc             ] GC(882) Pause Remark 1256M->1256M(2048M) 2.947ms
[128.382s][info][gc,cpu         ] GC(882) User=0.00s Sys=0.00s Real=0.00s
[128.382s][info][gc,marking     ] GC(882) Concurrent Mark 59.788ms
[128.382s][info][gc,marking     ] GC(882) Concurrent Rebuild Remembered Sets and Scrub Regions
[128.397s][info][gc,marking     ] GC(882) Concurrent Rebuild Remembered Sets and Scrub Regions 14.630ms
[128.397s][info][gc,start       ] GC(882) Pause Cleanup
[128.398s][info][gc             ] GC(882) Pause Cleanup 1450M->1450M(2048M) 0.306ms
[128.398s][info][gc,cpu         ] GC(882) User=0.00s Sys=0.00s Real=0.00s
[128.398s][info][gc,marking     ] GC(882) Concurrent Clear Claimed Marks
[128.399s][info][gc,marking     ] GC(882) Concurrent Clear Claimed Marks 0.516ms
[128.399s][info][gc,marking     ] GC(882) Concurrent Cleanup for Next Mark
[128.404s][info][gc,marking     ] GC(882) Concurrent Cleanup for Next Mark 5.886ms
[128.405s][info][gc             ] GC(882) Concurrent Mark Cycle 100.051ms
[128.434s][info][gc,start       ] GC(884) Pause Young (Prepare Mixed) (G1 Evacuation Pause)
[128.434s][info][gc,task        ] GC(884) Using 33 workers of 33 for evacuation
[128.437s][info][gc,phases      ] GC(884)   Pre Evacuate Collection Set: 0.3ms
[128.437s][info][gc,phases      ] GC(884)   Merge Heap Roots: 0.8ms
[128.437s][info][gc,phases      ] GC(884)   Evacuate Collection Set: 0.9ms
[128.437s][info][gc,phases      ] GC(884)   Post Evacuate Collection Set: 0.8ms
[128.437s][info][gc,phases      ] GC(884)   Other: 0.1ms
[128.437s][info][gc,heap        ] GC(884) Eden regions: 758->0(740)
[128.437s][info][gc,heap        ] GC(884) Survivor regions: 5->5(60)
[128.437s][info][gc,heap        ] GC(884) Old regions: 61->61
[128.437s][info][gc,heap        ] GC(884) Archive regions: 0->0
[128.437s][info][gc,heap        ] GC(884) Humongous regions: 1164->1134
[128.437s][info][gc,metaspace   ] GC(884) Metaspace: 128378K(130432K)->128378K(130432K) NonClass: 109342K(110016K)->109342K(110016K) Class: 19035K(20416K)->19035K(20416K)
[128.437s][info][gc             ] GC(884) Pause Young (Prepare Mixed) (G1 Evacuation Pause) 1980M->1192M(2048M) 3.140ms
[128.437s][info][gc,cpu         ] GC(884) User=0.00s Sys=0.00s Real=0.00s
[128.493s][info][gc,start       ] GC(885) Pause Young (Mixed) (G1 Humongous Allocation)
[128.493s][info][gc,task        ] GC(885) Using 33 workers of 33 for evacuation
[128.496s][info][gc,phases      ] GC(885)   Pre Evacuate Collection Set: 0.3ms
[128.496s][info][gc,phases      ] GC(885)   Merge Heap Roots: 0.3ms
[128.496s][info][gc,phases      ] GC(885)   Evacuate Collection Set: 1.5ms
[128.496s][info][gc,phases      ] GC(885)   Post Evacuate Collection Set: 0.8ms
[128.496s][info][gc,phases      ] GC(885)   Other: 0.1ms
[128.496s][info][gc,heap        ] GC(885) Eden regions: 721->0(732)
[128.496s][info][gc,heap        ] GC(885) Survivor regions: 5->7(44)
[128.496s][info][gc,heap        ] GC(885) Old regions: 61->59
[128.496s][info][gc,heap        ] GC(885) Archive regions: 0->0
[128.496s][info][gc,heap        ] GC(885) Humongous regions: 1217->1140
[128.496s][info][gc,metaspace   ] GC(885) Metaspace: 128378K(130432K)->128378K(130432K) NonClass: 109342K(110016K)->109342K(110016K) Class: 19035K(20416K)->19035K(20416K)
[128.497s][info][gc             ] GC(885) Pause Young (Mixed) (G1 Humongous Allocation) 1996M->1200M(2048M) 3.297ms
[128.497s][info][gc,cpu         ] GC(885) User=0.00s Sys=0.00s Real=0.00s
[128.503s][info][gc,start       ] GC(886) Pause Young (Concurrent Start) (G1 Humongous Allocation)
[128.503s][info][gc,task        ] GC(886) Using 33 workers of 33 for evacuation
[128.506s][info][gc,phases      ] GC(886)   Pre Evacuate Collection Set: 0.5ms
[128.506s][info][gc,phases      ] GC(886)   Merge Heap Roots: 0.1ms
[128.506s][info][gc,phases      ] GC(886)   Evacuate Collection Set: 1.8ms
[128.506s][info][gc,phases      ] GC(886)   Post Evacuate Collection Set: 0.6ms
[128.506s][info][gc,phases      ] GC(886)   Other: 0.1ms
[128.506s][info][gc,heap        ] GC(886) Eden regions: 77->0(731)
[128.506s][info][gc,heap        ] GC(886) Survivor regions: 7->6(93)
[128.506s][info][gc,heap        ] GC(886) Old regions: 59->59
[128.506s][info][gc,heap        ] GC(886) Archive regions: 0->0
[128.506s][info][gc,heap        ] GC(886) Humongous regions: 1147->1143
[128.506s][info][gc,metaspace   ] GC(886) Metaspace: 128378K(130432K)->128378K(130432K) NonClass: 109342K(110016K)->109342K(110016K) Class: 19035K(20416K)->19035K(20416K)
[128.506s][info][gc             ] GC(886) Pause Young (Concurrent Start) (G1 Humongous Allocation) 1284M->1203M(2048M) 3.210ms
[128.506s][info][gc             ] GC(887) Concurrent Mark Cycle
[128.506s][info][gc,cpu         ] GC(886) User=0.02s Sys=0.00s Real=0.02s
[128.506s][info][gc,marking     ] GC(887) Concurrent Scan Root Regions
[128.510s][info][gc,marking     ] GC(887) Concurrent Scan Root Regions 4.334ms
[128.510s][info][gc,marking     ] GC(887) Concurrent Mark
[128.510s][info][gc,marking     ] GC(887) Concurrent Mark From Roots
[128.510s][info][gc,task        ] GC(887) Using 8 workers of 8 for marking
[128.530s][info][gc,marking     ] GC(887) Concurrent Mark From Roots 19.225ms
[128.530s][info][gc,marking     ] GC(887) Concurrent Preclean
[128.530s][info][gc,marking     ] GC(887) Concurrent Preclean 0.591ms
[128.531s][info][gc,start       ] GC(887) Pause Remark
[128.534s][info][gc             ] GC(887) Pause Remark 1542M->1542M(2048M) 3.095ms
[128.534s][info][gc,cpu         ] GC(887) User=0.00s Sys=0.00s Real=0.00s
[128.534s][info][gc,marking     ] GC(887) Concurrent Mark 23.793ms
[128.534s][info][gc,marking     ] GC(887) Concurrent Rebuild Remembered Sets and Scrub Regions
[128.544s][info][gc,marking     ] GC(887) Concurrent Rebuild Remembered Sets and Scrub Regions 9.662ms
[128.544s][info][gc,start       ] GC(887) Pause Cleanup
[128.545s][info][gc             ] GC(887) Pause Cleanup 1660M->1660M(2048M) 0.361ms
[128.545s][info][gc,cpu         ] GC(887) User=0.00s Sys=0.00s Real=0.00s
[128.545s][info][gc,marking     ] GC(887) Concurrent Clear Claimed Marks
[128.545s][info][gc,marking     ] GC(887) Concurrent Clear Claimed Marks 0.208ms
[128.545s][info][gc,marking     ] GC(887) Concurrent Cleanup for Next Mark
[128.549s][info][gc,marking     ] GC(887) Concurrent Cleanup for Next Mark 3.936ms
[128.549s][info][gc             ] GC(887) Concurrent Mark Cycle 43.076ms
[128.570s][info][gc,start       ] GC(888) Pause Young (Prepare Mixed) (G1 Evacuation Pause)
[128.570s][info][gc,task        ] GC(888) Using 33 workers of 33 for evacuation
[128.574s][info][gc,phases      ] GC(888)   Pre Evacuate Collection Set: 0.3ms
[128.574s][info][gc,phases      ] GC(888)   Merge Heap Roots: 0.8ms
[128.574s][info][gc,phases      ] GC(888)   Evacuate Collection Set: 1.0ms
[128.574s][info][gc,phases      ] GC(888)   Post Evacuate Collection Set: 1.7ms
[128.574s][info][gc,phases      ] GC(888)   Other: 0.1ms
[128.574s][info][gc,heap        ] GC(888) Eden regions: 713->0(594)
[128.574s][info][gc,heap        ] GC(888) Survivor regions: 6->0(0)
[128.574s][info][gc,heap        ] GC(888) Old regions: 59->204
[128.574s][info][gc,heap        ] GC(888) Archive regions: 0->0
[128.574s][info][gc,heap        ] GC(888) Humongous regions: 1270->1147
[128.574s][info][gc,metaspace   ] GC(888) Metaspace: 128443K(130496K)->128443K(130496K) NonClass: 109408K(110080K)->109408K(110080K) Class: 19035K(20416K)->19035K(20416K)
[128.574s][info][gc             ] GC(888) Pause Young (Prepare Mixed) (G1 Evacuation Pause) (Evacuation Failure) 2043M->1346M(2048M) 4.128ms
[128.574s][info][gc,cpu         ] GC(888) User=0.00s Sys=0.00s Real=0.00s
[128.609s][info][gc,start       ] GC(889) Pause Young (Mixed) (G1 Evacuation Pause)
[128.609s][info][gc,task        ] GC(889) Using 33 workers of 33 for evacuation
[128.612s][info][gc,phases      ] GC(889)   Pre Evacuate Collection Set: 0.3ms
[128.612s][info][gc,phases      ] GC(889)   Merge Heap Roots: 0.3ms
[128.612s][info][gc,phases      ] GC(889)   Evacuate Collection Set: 1.3ms
[128.612s][info][gc,phases      ] GC(889)   Post Evacuate Collection Set: 0.9ms
[128.612s][info][gc,phases      ] GC(889)   Other: 0.2ms
[128.612s][info][gc,heap        ] GC(889) Eden regions: 594->0(547)
[128.612s][info][gc,heap        ] GC(889) Survivor regions: 0->1(50)
[128.612s][info][gc,heap        ] GC(889) Old regions: 204->203
[128.612s][info][gc,heap        ] GC(889) Archive regions: 0->0
[128.612s][info][gc,heap        ] GC(889) Humongous regions: 1200->1193
[128.612s][info][gc,metaspace   ] GC(889) Metaspace: 128443K(130496K)->128443K(130496K) NonClass: 109408K(110080K)->109408K(110080K) Class: 19035K(20416K)->19035K(20416K)
[128.612s][info][gc             ] GC(889) Pause Young (Mixed) (G1 Evacuation Pause) 1993M->1392M(2048M) 3.397ms
[128.612s][info][gc,cpu         ] GC(889) User=0.00s Sys=0.00s Real=0.00s
[128.616s][info][gc,start       ] GC(890) Pause Young (Concurrent Start) (G1 Humongous Allocation)
[128.616s][info][gc,task        ] GC(890) Using 33 workers of 33 for evacuation
[128.619s][info][gc,phases      ] GC(890)   Pre Evacuate Collection Set: 0.5ms
[128.619s][info][gc,phases      ] GC(890)   Merge Heap Roots: 0.1ms
[128.619s][info][gc,phases      ] GC(890)   Evacuate Collection Set: 1.2ms
[128.619s][info][gc,phases      ] GC(890)   Post Evacuate Collection Set: 0.7ms
[128.619s][info][gc,phases      ] GC(890)   Other: 0.1ms
[128.619s][info][gc,heap        ] GC(890) Eden regions: 74->0(547)
[128.619s][info][gc,heap        ] GC(890) Survivor regions: 1->1(69)
[128.619s][info][gc,heap        ] GC(890) Old regions: 203->203
[128.619s][info][gc,heap        ] GC(890) Archive regions: 0->0
[128.619s][info][gc,heap        ] GC(890) Humongous regions: 1193->1193
[128.619s][info][gc,metaspace   ] GC(890) Metaspace: 128443K(130496K)->128443K(130496K) NonClass: 109408K(110080K)->109408K(110080K) Class: 19035K(20416K)->19035K(20416K)
[128.619s][info][gc             ] GC(890) Pause Young (Concurrent Start) (G1 Humongous Allocation) 1465M->1392M(2048M) 3.041ms
[128.619s][info][gc             ] GC(891) Concurrent Mark Cycle
[128.619s][info][gc,cpu         ] GC(890) User=0.00s Sys=0.00s Real=0.00s
[128.619s][info][gc,marking     ] GC(891) Concurrent Scan Root Regions
[128.622s][info][gc,marking     ] GC(891) Concurrent Scan Root Regions 2.312ms
[128.622s][info][gc,marking     ] GC(891) Concurrent Mark
[128.622s][info][gc,marking     ] GC(891) Concurrent Mark From Roots
[128.622s][info][gc,task        ] GC(891) Using 8 workers of 8 for marking
[128.640s][info][gc,marking     ] GC(891) Concurrent Mark From Roots 18.319ms
[128.640s][info][gc,marking     ] GC(891) Concurrent Preclean
[128.641s][info][gc,marking     ] GC(891) Concurrent Preclean 0.542ms
[128.641s][info][gc,start       ] GC(891) Pause Remark
[128.645s][info][gc             ] GC(891) Pause Remark 1703M->1630M(2048M) 3.305ms
[128.645s][info][gc,cpu         ] GC(891) User=0.00s Sys=0.00s Real=0.00s
[128.645s][info][gc,marking     ] GC(891) Concurrent Mark 23.090ms
[128.645s][info][gc,marking     ] GC(891) Concurrent Rebuild Remembered Sets and Scrub Regions
[128.652s][info][gc,marking     ] GC(891) Concurrent Rebuild Remembered Sets and Scrub Regions 6.871ms
[128.653s][info][gc,start       ] GC(891) Pause Cleanup
[128.653s][info][gc             ] GC(891) Pause Cleanup 1747M->1747M(2048M) 0.618ms
[128.653s][info][gc,cpu         ] GC(891) User=0.00s Sys=0.00s Real=0.00s
[128.653s][info][gc,marking     ] GC(891) Concurrent Clear Claimed Marks
[128.654s][info][gc,marking     ] GC(891) Concurrent Clear Claimed Marks 0.239ms
[128.654s][info][gc,marking     ] GC(891) Concurrent Cleanup for Next Mark
[128.656s][info][gc,marking     ] GC(891) Concurrent Cleanup for Next Mark 2.559ms
[128.656s][info][gc             ] GC(891) Concurrent Mark Cycle 36.953ms
[128.665s][info][gc,start       ] GC(892) Pause Young (Prepare Mixed) (G1 Evacuation Pause)
[128.665s][info][gc,task        ] GC(892) Using 33 workers of 33 for evacuation
[128.668s][info][gc,phases      ] GC(892)   Pre Evacuate Collection Set: 0.3ms
[128.668s][info][gc,phases      ] GC(892)   Merge Heap Roots: 0.8ms
[128.668s][info][gc,phases      ] GC(892)   Evacuate Collection Set: 0.7ms
[128.668s][info][gc,phases      ] GC(892)   Post Evacuate Collection Set: 0.7ms
[128.668s][info][gc,phases      ] GC(892)   Other: 0.1ms
[128.668s][info][gc,heap        ] GC(892) Eden regions: 547->0(584)
[128.668s][info][gc,heap        ] GC(892) Survivor regions: 1->1(69)
[128.668s][info][gc,heap        ] GC(892) Old regions: 149->149
[128.668s][info][gc,heap        ] GC(892) Archive regions: 0->0
[128.668s][info][gc,heap        ] GC(892) Humongous regions: 1252->1210
[128.668s][info][gc,metaspace   ] GC(892) Metaspace: 128443K(130496K)->128443K(130496K) NonClass: 109408K(110080K)->109408K(110080K) Class: 19035K(20416K)->19035K(20416K)
[128.668s][info][gc             ] GC(892) Pause Young (Prepare Mixed) (G1 Evacuation Pause) 1944M->1355M(2048M) 2.826ms
[128.668s][info][gc,cpu         ] GC(892) User=0.38s Sys=0.05s Real=0.01s
[128.701s][info][gc,start       ] GC(893) Pause Young (Mixed) (G1 Humongous Allocation)
[128.701s][info][gc,task        ] GC(893) Using 33 workers of 33 for evacuation
[128.703s][info][gc,phases      ] GC(893)   Pre Evacuate Collection Set: 0.3ms
[128.703s][info][gc,phases      ] GC(893)   Merge Heap Roots: 0.2ms
[128.703s][info][gc,phases      ] GC(893)   Evacuate Collection Set: 1.2ms
[128.703s][info][gc,phases      ] GC(893)   Post Evacuate Collection Set: 0.7ms
[128.703s][info][gc,phases      ] GC(893)   Other: 0.1ms
[128.703s][info][gc,heap        ] GC(893) Eden regions: 477->0(575)
[128.703s][info][gc,heap        ] GC(893) Survivor regions: 1->2(74)
[128.703s][info][gc,heap        ] GC(893) Old regions: 149->135
[128.703s][info][gc,heap        ] GC(893) Archive regions: 0->0
[128.703s][info][gc,heap        ] GC(893) Humongous regions: 1318->1231
[128.704s][info][gc,metaspace   ] GC(893) Metaspace: 128443K(130496K)->128443K(130496K) NonClass: 109408K(110080K)->109408K(110080K) Class: 19035K(20416K)->19035K(20416K)
[128.704s][info][gc             ] GC(893) Pause Young (Mixed) (G1 Humongous Allocation) 1940M->1363M(2048M) 2.797ms
[128.704s][info][gc,cpu         ] GC(893) User=0.00s Sys=0.00s Real=0.00s
[128.704s][info][gc,start       ] GC(894) Pause Young (Concurrent Start) (G1 Humongous Allocation)
[128.704s][info][gc,task        ] GC(894) Using 33 workers of 33 for evacuation
[128.707s][info][gc,phases      ] GC(894)   Pre Evacuate Collection Set: 0.4ms
[128.707s][info][gc,phases      ] GC(894)   Merge Heap Roots: 0.1ms
[128.707s][info][gc,phases      ] GC(894)   Evacuate Collection Set: 2.0ms
[128.707s][info][gc,phases      ] GC(894)   Post Evacuate Collection Set: 0.5ms
[128.707s][info][gc,phases      ] GC(894)   Other: 0.0ms
[128.707s][info][gc,heap        ] GC(894) Eden regions: 5->0(569)
[128.707s][info][gc,heap        ] GC(894) Survivor regions: 2->3(73)
[128.707s][info][gc,heap        ] GC(894) Old regions: 135->135
[128.707s][info][gc,heap        ] GC(894) Archive regions: 0->0
[128.707s][info][gc,heap        ] GC(894) Humongous regions: 1235->1235
[128.707s][info][gc,metaspace   ] GC(894) Metaspace: 128443K(130496K)->128443K(130496K) NonClass: 109408K(110080K)->109408K(110080K) Class: 19035K(20416K)->19035K(20416K)
[128.707s][info][gc             ] GC(894) Pause Young (Concurrent Start) (G1 Humongous Allocation) 1372M->1368M(2048M) 3.183ms
[128.708s][info][gc             ] GC(895) Concurrent Mark Cycle
[128.708s][info][gc,cpu         ] GC(894) User=0.00s Sys=0.00s Real=0.00s
[128.708s][info][gc,marking     ] GC(895) Concurrent Scan Root Regions
[128.710s][info][gc,marking     ] GC(895) Concurrent Scan Root Regions 2.151ms
[128.710s][info][gc,marking     ] GC(895) Concurrent Mark
[128.710s][info][gc,marking     ] GC(895) Concurrent Mark From Roots
[128.710s][info][gc,task        ] GC(895) Using 8 workers of 8 for marking
[128.731s][info][gc,marking     ] GC(895) Concurrent Mark From Roots 20.745ms
[128.731s][info][gc,marking     ] GC(895) Concurrent Preclean
[128.731s][info][gc,marking     ] GC(895) Concurrent Preclean 0.474ms
[128.731s][info][gc,start       ] GC(895) Pause Remark
[128.734s][info][gc             ] GC(895) Pause Remark 1706M->1691M(2048M) 3.038ms
[128.734s][info][gc,cpu         ] GC(895) User=0.00s Sys=0.00s Real=0.00s
[128.734s][info][gc,marking     ] GC(895) Concurrent Mark 24.705ms
[128.735s][info][gc,marking     ] GC(895) Concurrent Rebuild Remembered Sets and Scrub Regions
[128.741s][info][gc,marking     ] GC(895) Concurrent Rebuild Remembered Sets and Scrub Regions 6.497ms
[128.741s][info][gc,start       ] GC(895) Pause Cleanup
[128.742s][info][gc             ] GC(895) Pause Cleanup 1789M->1789M(2048M) 0.490ms
[128.742s][info][gc,cpu         ] GC(895) User=0.00s Sys=0.00s Real=0.00s
[128.742s][info][gc,marking     ] GC(895) Concurrent Clear Claimed Marks
[128.742s][info][gc,marking     ] GC(895) Concurrent Clear Claimed Marks 0.177ms
[128.742s][info][gc,marking     ] GC(895) Concurrent Cleanup for Next Mark
[128.744s][info][gc,marking     ] GC(895) Concurrent Cleanup for Next Mark 2.383ms
[128.744s][info][gc             ] GC(895) Concurrent Mark Cycle 36.972ms
[128.753s][info][gc,start       ] GC(896) Pause Young (Prepare Mixed) (G1 Evacuation Pause)
[128.753s][info][gc,task        ] GC(896) Using 33 workers of 33 for evacuation
[128.756s][info][gc,phases      ] GC(896)   Pre Evacuate Collection Set: 0.3ms
[128.756s][info][gc,phases      ] GC(896)   Merge Heap Roots: 0.8ms
[128.756s][info][gc,phases      ] GC(896)   Evacuate Collection Set: 0.8ms
[128.756s][info][gc,phases      ] GC(896)   Post Evacuate Collection Set: 0.8ms
[128.756s][info][gc,phases      ] GC(896)   Other: 0.1ms
[128.756s][info][gc,heap        ] GC(896) Eden regions: 569->0(605)
[128.756s][info][gc,heap        ] GC(896) Survivor regions: 3->3(68)
[128.756s][info][gc,heap        ] GC(896) Old regions: 132->132
[128.756s][info][gc,heap        ] GC(896) Archive regions: 0->0
[128.756s][info][gc,heap        ] GC(896) Humongous regions: 1276->1202
[128.756s][info][gc,metaspace   ] GC(896) Metaspace: 128443K(130496K)->128443K(130496K) NonClass: 109408K(110080K)->109408K(110080K) Class: 19035K(20416K)->19035K(20416K)
[128.756s][info][gc             ] GC(896) Pause Young (Prepare Mixed) (G1 Evacuation Pause) 1975M->1332M(2048M) 3.056ms
[128.757s][info][gc,cpu         ] GC(896) User=0.00s Sys=0.00s Real=0.00s
[128.791s][info][gc,start       ] GC(897) Pause Young (Mixed) (G1 Humongous Allocation)
[128.791s][info][gc,task        ] GC(897) Using 33 workers of 33 for evacuation
[128.793s][info][gc,phases      ] GC(897)   Pre Evacuate Collection Set: 0.3ms
[128.793s][info][gc,phases      ] GC(897)   Merge Heap Roots: 0.3ms
[128.793s][info][gc,phases      ] GC(897)   Evacuate Collection Set: 1.4ms
[128.793s][info][gc,phases      ] GC(897)   Post Evacuate Collection Set: 0.7ms
[128.793s][info][gc,phases      ] GC(897)   Other: 0.1ms
[128.793s][info][gc,heap        ] GC(897) Eden regions: 586->0(592)
[128.793s][info][gc,heap        ] GC(897) Survivor regions: 3->2(69)
[128.793s][info][gc,heap        ] GC(897) Old regions: 132->120
[128.793s][info][gc,heap        ] GC(897) Archive regions: 0->0
[128.793s][info][gc,heap        ] GC(897) Humongous regions: 1258->1229
[128.793s][info][gc,metaspace   ] GC(897) Metaspace: 128443K(130496K)->128443K(130496K) NonClass: 109408K(110080K)->109408K(110080K) Class: 19035K(20416K)->19035K(20416K)
[128.794s][info][gc             ] GC(897) Pause Young (Mixed) (G1 Humongous Allocation) 1974M->1346M(2048M) 2.987ms
[128.794s][info][gc,cpu         ] GC(897) User=0.00s Sys=0.00s Real=0.00s
[128.796s][info][gc,start       ] GC(898) Pause Young (Concurrent Start) (G1 Humongous Allocation)
[128.796s][info][gc,task        ] GC(898) Using 33 workers of 33 for evacuation
[128.799s][info][gc,phases      ] GC(898)   Pre Evacuate Collection Set: 0.5ms
[128.799s][info][gc,phases      ] GC(898)   Merge Heap Roots: 0.1ms
[128.799s][info][gc,phases      ] GC(898)   Evacuate Collection Set: 1.4ms
[128.799s][info][gc,phases      ] GC(898)   Post Evacuate Collection Set: 0.6ms
[128.799s][info][gc,phases      ] GC(898)   Other: 0.0ms
[128.799s][info][gc,heap        ] GC(898) Eden regions: 42->0(589)
[128.799s][info][gc,heap        ] GC(898) Survivor regions: 2->2(75)
[128.799s][info][gc,heap        ] GC(898) Old regions: 120->120
[128.799s][info][gc,heap        ] GC(898) Archive regions: 0->0
[128.799s][info][gc,heap        ] GC(898) Humongous regions: 1236->1232
[128.799s][info][gc,metaspace   ] GC(898) Metaspace: 128443K(130496K)->128443K(130496K) NonClass: 109408K(110080K)->109408K(110080K) Class: 19035K(20416K)->19035K(20416K)
[128.799s][info][gc             ] GC(898) Pause Young (Concurrent Start) (G1 Humongous Allocation) 1395M->1349M(2048M) 2.790ms
[128.799s][info][gc             ] GC(899) Concurrent Mark Cycle
[128.799s][info][gc,cpu         ] GC(898) User=0.03s Sys=0.00s Real=0.02s
[128.799s][info][gc,marking     ] GC(899) Concurrent Scan Root Regions
[128.801s][info][gc,marking     ] GC(899) Concurrent Scan Root Regions 1.950ms
[128.801s][info][gc,marking     ] GC(899) Concurrent Mark
[128.801s][info][gc,marking     ] GC(899) Concurrent Mark From Roots
[128.801s][info][gc,task        ] GC(899) Using 8 workers of 8 for marking
[128.819s][info][gc,marking     ] GC(899) Concurrent Mark From Roots 17.898ms
[128.819s][info][gc,marking     ] GC(899) Concurrent Preclean
[128.819s][info][gc,marking     ] GC(899) Concurrent Preclean 0.399ms
[128.820s][info][gc,start       ] GC(899) Pause Remark
[128.823s][info][gc             ] GC(899) Pause Remark 1621M->1621M(2048M) 3.066ms
[128.823s][info][gc,cpu         ] GC(899) User=0.00s Sys=0.00s Real=0.00s
[128.823s][info][gc,marking     ] GC(899) Concurrent Mark 21.774ms
[128.823s][info][gc,marking     ] GC(899) Concurrent Rebuild Remembered Sets and Scrub Regions
[128.830s][info][gc,marking     ] GC(899) Concurrent Rebuild Remembered Sets and Scrub Regions 7.082ms
[128.830s][info][gc,start       ] GC(899) Pause Cleanup
[128.831s][info][gc             ] GC(899) Pause Cleanup 1741M->1741M(2048M) 0.476ms
[128.831s][info][gc,cpu         ] GC(899) User=0.00s Sys=0.00s Real=0.00s
[128.831s][info][gc,marking     ] GC(899) Concurrent Clear Claimed Marks
[128.831s][info][gc,marking     ] GC(899) Concurrent Clear Claimed Marks 0.174ms
[128.831s][info][gc,marking     ] GC(899) Concurrent Cleanup for Next Mark
[128.834s][info][gc,marking     ] GC(899) Concurrent Cleanup for Next Mark 2.462ms
[128.834s][info][gc             ] GC(899) Concurrent Mark Cycle 34.883ms
[128.845s][info][gc,start       ] GC(900) Pause Young (Prepare Mixed) (G1 Humongous Allocation)
[128.845s][info][gc,task        ] GC(900) Using 33 workers of 33 for evacuation
[128.848s][info][gc,phases      ] GC(900)   Pre Evacuate Collection Set: 0.3ms
[128.848s][info][gc,phases      ] GC(900)   Merge Heap Roots: 0.8ms
[128.848s][info][gc,phases      ] GC(900)   Evacuate Collection Set: 0.8ms
[128.848s][info][gc,phases      ] GC(900)   Post Evacuate Collection Set: 0.8ms
[128.848s][info][gc,phases      ] GC(900)   Other: 0.1ms
[128.848s][info][gc,heap        ] GC(900) Eden regions: 535->0(587)
[128.848s][info][gc,heap        ] GC(900) Survivor regions: 2->2(62)
[128.848s][info][gc,heap        ] GC(900) Old regions: 120->120
[128.848s][info][gc,heap        ] GC(900) Archive regions: 0->0
[128.848s][info][gc,heap        ] GC(900) Humongous regions: 1329->1234
[128.848s][info][gc,metaspace   ] GC(900) Metaspace: 128443K(130496K)->128443K(130496K) NonClass: 109408K(110080K)->109408K(110080K) Class: 19035K(20416K)->19035K(20416K)
[128.848s][info][gc             ] GC(900) Pause Young (Prepare Mixed) (G1 Humongous Allocation) 1981M->1352M(2048M) 3.057ms
[128.848s][info][gc,cpu         ] GC(900) User=0.02s Sys=0.28s Real=0.02s
[128.884s][info][gc,start       ] GC(901) Pause Young (Mixed) (G1 Evacuation Pause)
[128.884s][info][gc,task        ] GC(901) Using 33 workers of 33 for evacuation
[128.887s][info][gc,phases      ] GC(901)   Pre Evacuate Collection Set: 0.3ms
[128.887s][info][gc,phases      ] GC(901)   Merge Heap Roots: 0.3ms
[128.887s][info][gc,phases      ] GC(901)   Evacuate Collection Set: 1.6ms
[128.887s][info][gc,phases      ] GC(901)   Post Evacuate Collection Set: 0.7ms
[128.887s][info][gc,phases      ] GC(901)   Other: 0.1ms
[128.887s][info][gc,heap        ] GC(901) Eden regions: 587->0(594)
[128.887s][info][gc,heap        ] GC(901) Survivor regions: 2->2(21)
[128.887s][info][gc,heap        ] GC(901) Old regions: 120->110
[128.887s][info][gc,heap        ] GC(901) Archive regions: 0->0
[128.887s][info][gc,heap        ] GC(901) Humongous regions: 1318->1237
[128.887s][info][gc,metaspace   ] GC(901) Metaspace: 128443K(130496K)->128443K(130496K) NonClass: 109408K(110080K)->109408K(110080K) Class: 19035K(20416K)->19035K(20416K)
[128.887s][info][gc             ] GC(901) Pause Young (Mixed) (G1 Evacuation Pause) 2023M->1344M(2048M) 3.197ms
[128.887s][info][gc,cpu         ] GC(901) User=0.00s Sys=0.00s Real=0.00s
[128.888s][info][gc,start       ] GC(902) Pause Young (Concurrent Start) (G1 Humongous Allocation)
[128.888s][info][gc,task        ] GC(902) Using 33 workers of 33 for evacuation
[128.890s][info][gc,phases      ] GC(902)   Pre Evacuate Collection Set: 0.4ms
[128.890s][info][gc,phases      ] GC(902)   Merge Heap Roots: 0.1ms
[128.890s][info][gc,phases      ] GC(902)   Evacuate Collection Set: 1.4ms
[128.890s][info][gc,phases      ] GC(902)   Post Evacuate Collection Set: 0.5ms
[128.890s][info][gc,phases      ] GC(902)   Other: 0.0ms
[128.890s][info][gc,heap        ] GC(902) Eden regions: 5->0(601)
[128.890s][info][gc,heap        ] GC(902) Survivor regions: 2->2(75)
[128.890s][info][gc,heap        ] GC(902) Old regions: 110->110
[128.890s][info][gc,heap        ] GC(902) Archive regions: 0->0
[128.890s][info][gc,heap        ] GC(902) Humongous regions: 1237->1230
[128.890s][info][gc,metaspace   ] GC(902) Metaspace: 128443K(130496K)->128443K(130496K) NonClass: 109408K(110080K)->109408K(110080K) Class: 19035K(20416K)->19035K(20416K)
[128.890s][info][gc             ] GC(902) Pause Young (Concurrent Start) (G1 Humongous Allocation) 1349M->1337M(2048M) 2.558ms
[128.890s][info][gc             ] GC(903) Concurrent Mark Cycle
[128.890s][info][gc,cpu         ] GC(902) User=0.00s Sys=0.00s Real=0.00s
[128.890s][info][gc,marking     ] GC(903) Concurrent Scan Root Regions
[128.894s][info][gc,marking     ] GC(903) Concurrent Scan Root Regions 3.821ms
[128.894s][info][gc,marking     ] GC(903) Concurrent Mark
[128.894s][info][gc,marking     ] GC(903) Concurrent Mark From Roots
[128.894s][info][gc,task        ] GC(903) Using 8 workers of 8 for marking
[128.915s][info][gc,marking     ] GC(903) Concurrent Mark From Roots 20.670ms
[128.915s][info][gc,marking     ] GC(903) Concurrent Preclean
[128.915s][info][gc,marking     ] GC(903) Concurrent Preclean 0.506ms
[128.916s][info][gc,start       ] GC(903) Pause Remark
[128.919s][info][gc             ] GC(903) Pause Remark 1730M->1730M(2048M) 2.918ms
[128.919s][info][gc,cpu         ] GC(903) User=0.00s Sys=0.00s Real=0.00s
[128.919s][info][gc,marking     ] GC(903) Concurrent Mark 25.240ms
[128.919s][info][gc,marking     ] GC(903) Concurrent Rebuild Remembered Sets and Scrub Regions
[128.926s][info][gc,marking     ] GC(903) Concurrent Rebuild Remembered Sets and Scrub Regions 6.916ms
[128.926s][info][gc,start       ] GC(903) Pause Cleanup
[128.927s][info][gc             ] GC(903) Pause Cleanup 1835M->1835M(2048M) 0.436ms
[128.927s][info][gc,cpu         ] GC(903) User=0.00s Sys=0.00s Real=0.00s
[128.927s][info][gc,marking     ] GC(903) Concurrent Clear Claimed Marks
[128.927s][info][gc,marking     ] GC(903) Concurrent Clear Claimed Marks 0.196ms
[128.927s][info][gc,marking     ] GC(903) Concurrent Cleanup for Next Mark
[128.930s][info][gc,marking     ] GC(903) Concurrent Cleanup for Next Mark 2.403ms
[128.930s][info][gc             ] GC(903) Concurrent Mark Cycle 39.511ms
[128.937s][info][gc,start       ] GC(904) Pause Young (Prepare Mixed) (G1 Evacuation Pause)
[128.937s][info][gc,task        ] GC(904) Using 33 workers of 33 for evacuation
[128.940s][info][gc,phases      ] GC(904)   Pre Evacuate Collection Set: 0.3ms
[128.940s][info][gc,phases      ] GC(904)   Merge Heap Roots: 0.8ms
[128.940s][info][gc,phases      ] GC(904)   Evacuate Collection Set: 0.8ms
[128.940s][info][gc,phases      ] GC(904)   Post Evacuate Collection Set: 0.7ms
[128.940s][info][gc,phases      ] GC(904)   Other: 0.1ms
[128.940s][info][gc,heap        ] GC(904) Eden regions: 601->0(583)
[128.940s][info][gc,heap        ] GC(904) Survivor regions: 2->3(44)
[128.940s][info][gc,heap        ] GC(904) Old regions: 110->110
[128.940s][info][gc,heap        ] GC(904) Archive regions: 0->0
[128.940s][info][gc,heap        ] GC(904) Humongous regions: 1291->1246
[128.940s][info][gc,metaspace   ] GC(904) Metaspace: 128443K(130496K)->128443K(130496K) NonClass: 109408K(110080K)->109408K(110080K) Class: 19035K(20416K)->19035K(20416K)
[128.940s][info][gc             ] GC(904) Pause Young (Prepare Mixed) (G1 Evacuation Pause) 1999M->1354M(2048M) 2.984ms
[128.940s][info][gc,cpu         ] GC(904) User=0.02s Sys=0.00s Real=0.02s
[128.973s][info][gc,start       ] GC(905) Pause Young (Mixed) (G1 Humongous Allocation)
[128.973s][info][gc,task        ] GC(905) Using 33 workers of 33 for evacuation
[128.975s][info][gc,phases      ] GC(905)   Pre Evacuate Collection Set: 0.3ms
[128.975s][info][gc,phases      ] GC(905)   Merge Heap Roots: 0.2ms
[128.975s][info][gc,phases      ] GC(905)   Evacuate Collection Set: 1.0ms
[128.975s][info][gc,phases      ] GC(905)   Post Evacuate Collection Set: 0.7ms
[128.975s][info][gc,phases      ] GC(905)   Other: 0.1ms
[128.975s][info][gc,heap        ] GC(905) Eden regions: 538->0(577)
[128.975s][info][gc,heap        ] GC(905) Survivor regions: 3->2(62)
[128.975s][info][gc,heap        ] GC(905) Old regions: 110->101
[128.975s][info][gc,heap        ] GC(905) Archive regions: 0->0
[128.975s][info][gc,heap        ] GC(905) Humongous regions: 1335->1263
[128.975s][info][gc,metaspace   ] GC(905) Metaspace: 128443K(130496K)->128443K(130496K) NonClass: 109408K(110080K)->109408K(110080K) Class: 19035K(20416K)->19035K(20416K)
[128.975s][info][gc             ] GC(905) Pause Young (Mixed) (G1 Humongous Allocation) 1981M->1362M(2048M) 2.527ms
[128.975s][info][gc,cpu         ] GC(905) User=0.00s Sys=0.00s Real=0.00s
[128.976s][info][gc,start       ] GC(906) Pause Young (Concurrent Start) (G1 Humongous Allocation)
[128.976s][info][gc,task        ] GC(906) Using 33 workers of 33 for evacuation
[128.979s][info][gc,phases      ] GC(906)   Pre Evacuate Collection Set: 0.4ms
[128.979s][info][gc,phases      ] GC(906)   Merge Heap Roots: 0.1ms
[128.979s][info][gc,phases      ] GC(906)   Evacuate Collection Set: 1.6ms
[128.979s][info][gc,phases      ] GC(906)   Post Evacuate Collection Set: 0.5ms
[128.979s][info][gc,phases      ] GC(906)   Other: 0.1ms
[128.979s][info][gc,heap        ] GC(906) Eden regions: 10->0(573)
[128.979s][info][gc,heap        ] GC(906) Survivor regions: 2->2(73)
[128.979s][info][gc,heap        ] GC(906) Old regions: 101->101
[128.979s][info][gc,heap        ] GC(906) Archive regions: 0->0
[128.979s][info][gc,heap        ] GC(906) Humongous regions: 1267->1267
[128.979s][info][gc,metaspace   ] GC(906) Metaspace: 128443K(130496K)->128443K(130496K) NonClass: 109408K(110080K)->109408K(110080K) Class: 19035K(20416K)->19035K(20416K)
[128.979s][info][gc             ] GC(906) Pause Young (Concurrent Start) (G1 Humongous Allocation) 1375M->1366M(2048M) 2.828ms
[128.979s][info][gc             ] GC(907) Concurrent Mark Cycle
[128.979s][info][gc,cpu         ] GC(906) User=0.00s Sys=0.00s Real=0.00s
[128.979s][info][gc,marking     ] GC(907) Concurrent Scan Root Regions
[128.982s][info][gc,marking     ] GC(907) Concurrent Scan Root Regions 3.038ms
[128.982s][info][gc,marking     ] GC(907) Concurrent Mark
[128.982s][info][gc,marking     ] GC(907) Concurrent Mark From Roots
[128.982s][info][gc,task        ] GC(907) Using 8 workers of 8 for marking
[129.000s][info][gc,marking     ] GC(907) Concurrent Mark From Roots 18.305ms
[129.000s][info][gc,marking     ] GC(907) Concurrent Preclean
[129.001s][info][gc,marking     ] GC(907) Concurrent Preclean 0.566ms
[129.001s][info][gc,start       ] GC(907) Pause Remark
[129.004s][info][gc             ] GC(907) Pause Remark 1712M->1712M(2048M) 2.960ms
[129.004s][info][gc,cpu         ] GC(907) User=0.00s Sys=0.00s Real=0.00s
[129.004s][info][gc,marking     ] GC(907) Concurrent Mark 22.271ms
[129.004s][info][gc,marking     ] GC(907) Concurrent Rebuild Remembered Sets and Scrub Regions
[129.011s][info][gc,marking     ] GC(907) Concurrent Rebuild Remembered Sets and Scrub Regions 6.834ms
[129.011s][info][gc,start       ] GC(907) Pause Cleanup
[129.012s][info][gc             ] GC(907) Pause Cleanup 1823M->1823M(2048M) 0.407ms
[129.012s][info][gc,cpu         ] GC(907) User=0.00s Sys=0.00s Real=0.00s
[129.012s][info][gc,marking     ] GC(907) Concurrent Clear Claimed Marks
[129.012s][info][gc,marking     ] GC(907) Concurrent Clear Claimed Marks 0.225ms
[129.012s][info][gc,marking     ] GC(907) Concurrent Cleanup for Next Mark
[129.015s][info][gc,marking     ] GC(907) Concurrent Cleanup for Next Mark 2.556ms
[129.015s][info][gc             ] GC(907) Concurrent Mark Cycle 36.120ms
[129.023s][info][gc,start       ] GC(908) Pause Young (Prepare Mixed) (G1 Evacuation Pause)
[129.023s][info][gc,task        ] GC(908) Using 33 workers of 33 for evacuation
[129.026s][info][gc,phases      ] GC(908)   Pre Evacuate Collection Set: 0.3ms
[129.026s][info][gc,phases      ] GC(908)   Merge Heap Roots: 0.8ms
[129.026s][info][gc,phases      ] GC(908)   Evacuate Collection Set: 0.8ms
[129.026s][info][gc,phases      ] GC(908)   Post Evacuate Collection Set: 0.8ms
[129.026s][info][gc,phases      ] GC(908)   Other: 0.1ms
[129.026s][info][gc,heap        ] GC(908) Eden regions: 573->0(564)
[129.026s][info][gc,heap        ] GC(908) Survivor regions: 2->2(31)
[129.026s][info][gc,heap        ] GC(908) Old regions: 101->101
[129.026s][info][gc,heap        ] GC(908) Archive regions: 0->0
[129.026s][info][gc,heap        ] GC(908) Humongous regions: 1341->1276
[129.026s][info][gc,metaspace   ] GC(908) Metaspace: 128443K(130496K)->128443K(130496K) NonClass: 109408K(110080K)->109408K(110080K) Class: 19035K(20416K)->19035K(20416K)
[129.026s][info][gc             ] GC(908) Pause Young (Prepare Mixed) (G1 Evacuation Pause) 2013M->1374M(2048M) 3.136ms
[129.026s][info][gc,cpu         ] GC(908) User=0.38s Sys=0.00s Real=0.02s
[129.056s][info][gc,start       ] GC(909) Pause Young (Mixed) (G1 Humongous Allocation)
[129.056s][info][gc,task        ] GC(909) Using 33 workers of 33 for evacuation
[129.058s][info][gc,phases      ] GC(909)   Pre Evacuate Collection Set: 0.3ms
[129.058s][info][gc,phases      ] GC(909)   Merge Heap Roots: 0.2ms
[129.058s][info][gc,phases      ] GC(909)   Evacuate Collection Set: 1.1ms
[129.058s][info][gc,phases      ] GC(909)   Post Evacuate Collection Set: 0.6ms
[129.058s][info][gc,phases      ] GC(909)   Other: 0.1ms
[129.058s][info][gc,heap        ] GC(909) Eden regions: 496->0(556)
[129.058s][info][gc,heap        ] GC(909) Survivor regions: 2->2(71)
[129.058s][info][gc,heap        ] GC(909) Old regions: 101->93
[129.058s][info][gc,heap        ] GC(909) Archive regions: 0->0
[129.059s][info][gc,heap        ] GC(909) Humongous regions: 1349->1292
[129.059s][info][gc,metaspace   ] GC(909) Metaspace: 128443K(130496K)->128443K(130496K) NonClass: 109408K(110080K)->109408K(110080K) Class: 19035K(20416K)->19035K(20416K)
[129.059s][info][gc             ] GC(909) Pause Young (Mixed) (G1 Humongous Allocation) 1943M->1382M(2048M) 2.610ms
[129.059s][info][gc,cpu         ] GC(909) User=0.52s Sys=0.00s Real=0.02s
[129.060s][info][gc,start       ] GC(910) Pause Young (Concurrent Start) (G1 Humongous Allocation)
[129.061s][info][gc,task        ] GC(910) Using 33 workers of 33 for evacuation
[129.063s][info][gc,phases      ] GC(910)   Pre Evacuate Collection Set: 0.4ms
[129.063s][info][gc,phases      ] GC(910)   Merge Heap Roots: 0.1ms
[129.063s][info][gc,phases      ] GC(910)   Evacuate Collection Set: 1.1ms
[129.063s][info][gc,phases      ] GC(910)   Post Evacuate Collection Set: 0.5ms
[129.063s][info][gc,phases      ] GC(910)   Other: 0.0ms
[129.063s][info][gc,heap        ] GC(910) Eden regions: 31->0(559)
[129.063s][info][gc,heap        ] GC(910) Survivor regions: 2->2(70)
[129.063s][info][gc,heap        ] GC(910) Old regions: 93->93
[129.063s][info][gc,heap        ] GC(910) Archive regions: 0->0
[129.063s][info][gc,heap        ] GC(910) Humongous regions: 1296->1289
[129.063s][info][gc,metaspace   ] GC(910) Metaspace: 128443K(130496K)->128443K(130496K) NonClass: 109408K(110080K)->109408K(110080K) Class: 19035K(20416K)->19035K(20416K)
[129.063s][info][gc             ] GC(910) Pause Young (Concurrent Start) (G1 Humongous Allocation) 1417M->1379M(2048M) 2.400ms
[129.063s][info][gc             ] GC(911) Concurrent Mark Cycle
[129.063s][info][gc,cpu         ] GC(910) User=0.00s Sys=0.00s Real=0.00s
[129.063s][info][gc,marking     ] GC(911) Concurrent Scan Root Regions
[129.065s][info][gc,marking     ] GC(911) Concurrent Scan Root Regions 1.987ms
[129.065s][info][gc,marking     ] GC(911) Concurrent Mark
[129.065s][info][gc,marking     ] GC(911) Concurrent Mark From Roots
[129.065s][info][gc,task        ] GC(911) Using 8 workers of 8 for marking
[129.083s][info][gc,marking     ] GC(911) Concurrent Mark From Roots 18.136ms
[129.083s][info][gc,marking     ] GC(911) Concurrent Preclean
[129.084s][info][gc,marking     ] GC(911) Concurrent Preclean 0.423ms
[129.084s][info][gc,start       ] GC(911) Pause Remark
[129.087s][info][gc             ] GC(911) Pause Remark 1668M->1668M(2048M) 2.894ms
[129.087s][info][gc,cpu         ] GC(911) User=0.00s Sys=0.00s Real=0.00s
[129.087s][info][gc,marking     ] GC(911) Concurrent Mark 21.880ms
[129.087s][info][gc,marking     ] GC(911) Concurrent Rebuild Remembered Sets and Scrub Regions
[129.094s][info][gc,marking     ] GC(911) Concurrent Rebuild Remembered Sets and Scrub Regions 6.670ms
[129.094s][info][gc,start       ] GC(911) Pause Cleanup
[129.095s][info][gc             ] GC(911) Pause Cleanup 1767M->1767M(2048M) 0.491ms
[129.095s][info][gc,cpu         ] GC(911) User=0.02s Sys=0.00s Real=0.01s
[129.095s][info][gc,marking     ] GC(911) Concurrent Clear Claimed Marks
[129.095s][info][gc,marking     ] GC(911) Concurrent Clear Claimed Marks 0.199ms
[129.095s][info][gc,marking     ] GC(911) Concurrent Cleanup for Next Mark
[129.097s][info][gc,marking     ] GC(911) Concurrent Cleanup for Next Mark 2.272ms
[129.097s][info][gc             ] GC(911) Concurrent Mark Cycle 34.504ms
[129.106s][info][gc,start       ] GC(912) Pause Young (Prepare Mixed) (G1 Humongous Allocation)
[129.106s][info][gc,task        ] GC(912) Using 33 workers of 33 for evacuation
[129.109s][info][gc,phases      ] GC(912)   Pre Evacuate Collection Set: 0.3ms
[129.109s][info][gc,phases      ] GC(912)   Merge Heap Roots: 0.8ms
[129.109s][info][gc,phases      ] GC(912)   Evacuate Collection Set: 0.6ms
[129.109s][info][gc,phases      ] GC(912)   Post Evacuate Collection Set: 0.7ms
[129.109s][info][gc,phases      ] GC(912)   Other: 0.1ms
[129.109s][info][gc,heap        ] GC(912) Eden regions: 450->0(566)
[129.109s][info][gc,heap        ] GC(912) Survivor regions: 2->2(71)
[129.109s][info][gc,heap        ] GC(912) Old regions: 93->93
[129.109s][info][gc,heap        ] GC(912) Archive regions: 0->0
[129.109s][info][gc,heap        ] GC(912) Humongous regions: 1376->1282
[129.109s][info][gc,metaspace   ] GC(912) Metaspace: 128461K(130496K)->128461K(130496K) NonClass: 109426K(110080K)->109426K(110080K) Class: 19035K(20416K)->19035K(20416K)
[129.109s][info][gc             ] GC(912) Pause Young (Prepare Mixed) (G1 Humongous Allocation) 1916M->1372M(2048M) 2.766ms
[129.109s][info][gc,cpu         ] GC(912) User=0.00s Sys=0.00s Real=0.00s
[129.152s][info][gc,start       ] GC(913) Pause Young (Mixed) (G1 Evacuation Pause)
[129.152s][info][gc,task        ] GC(913) Using 33 workers of 33 for evacuation
[129.155s][info][gc,phases      ] GC(913)   Pre Evacuate Collection Set: 0.3ms
[129.155s][info][gc,phases      ] GC(913)   Merge Heap Roots: 0.2ms
[129.155s][info][gc,phases      ] GC(913)   Evacuate Collection Set: 1.2ms
[129.155s][info][gc,phases      ] GC(913)   Post Evacuate Collection Set: 0.7ms
[129.155s][info][gc,phases      ] GC(913)   Other: 0.1ms
[129.155s][info][gc,heap        ] GC(913) Eden regions: 566->0(578)
[129.155s][info][gc,heap        ] GC(913) Survivor regions: 2->2(68)
[129.155s][info][gc,heap        ] GC(913) Old regions: 93->87
[129.155s][info][gc,heap        ] GC(913) Archive regions: 0->0
[129.155s][info][gc,heap        ] GC(913) Humongous regions: 1319->1276
[129.155s][info][gc,metaspace   ] GC(913) Metaspace: 128465K(130496K)->128465K(130496K) NonClass: 109430K(110080K)->109430K(110080K) Class: 19035K(20416K)->19035K(20416K)
[129.155s][info][gc             ] GC(913) Pause Young (Mixed) (G1 Evacuation Pause) 1975M->1360M(2048M) 2.803ms
[129.155s][info][gc,cpu         ] GC(913) User=0.00s Sys=0.00s Real=0.00s
[129.157s][info][gc,start       ] GC(914) Pause Young (Concurrent Start) (G1 Humongous Allocation)
[129.157s][info][gc,task        ] GC(914) Using 33 workers of 33 for evacuation
[129.159s][info][gc,phases      ] GC(914)   Pre Evacuate Collection Set: 0.5ms
[129.160s][info][gc,phases      ] GC(914)   Merge Heap Roots: 0.1ms
[129.160s][info][gc,phases      ] GC(914)   Evacuate Collection Set: 1.3ms
[129.160s][info][gc,phases      ] GC(914)   Post Evacuate Collection Set: 0.5ms
[129.160s][info][gc,phases      ] GC(914)   Other: 0.1ms
[129.160s][info][gc,heap        ] GC(914) Eden regions: 32->0(578)
[129.160s][info][gc,heap        ] GC(914) Survivor regions: 2->2(73)
[129.160s][info][gc,heap        ] GC(914) Old regions: 87->87
[129.160s][info][gc,heap        ] GC(914) Archive regions: 0->0
[129.160s][info][gc,heap        ] GC(914) Humongous regions: 1276->1276
[129.160s][info][gc,metaspace   ] GC(914) Metaspace: 128465K(130496K)->128465K(130496K) NonClass: 109430K(110080K)->109430K(110080K) Class: 19035K(20416K)->19035K(20416K)
[129.160s][info][gc             ] GC(914) Pause Young (Concurrent Start) (G1 Humongous Allocation) 1392M->1360M(2048M) 2.611ms
[129.160s][info][gc             ] GC(915) Concurrent Mark Cycle
[129.160s][info][gc,cpu         ] GC(914) User=0.02s Sys=0.00s Real=0.02s
[129.160s][info][gc,marking     ] GC(915) Concurrent Scan Root Regions
[129.162s][info][gc,marking     ] GC(915) Concurrent Scan Root Regions 2.727ms
[129.162s][info][gc,marking     ] GC(915) Concurrent Mark
[129.162s][info][gc,marking     ] GC(915) Concurrent Mark From Roots
[129.162s][info][gc,task        ] GC(915) Using 8 workers of 8 for marking
[129.184s][info][gc,marking     ] GC(915) Concurrent Mark From Roots 21.591ms
[129.184s][info][gc,marking     ] GC(915) Concurrent Preclean
[129.185s][info][gc,marking     ] GC(915) Concurrent Preclean 0.375ms
[129.185s][info][gc,start       ] GC(915) Pause Remark
[129.188s][info][gc             ] GC(915) Pause Remark 1639M->1639M(2048M) 2.948ms
[129.188s][info][gc,cpu         ] GC(915) User=0.00s Sys=0.00s Real=0.00s
[129.188s][info][gc,marking     ] GC(915) Concurrent Mark 25.308ms
[129.188s][info][gc,marking     ] GC(915) Concurrent Rebuild Remembered Sets and Scrub Regions
[129.195s][info][gc,marking     ] GC(915) Concurrent Rebuild Remembered Sets and Scrub Regions 6.821ms
[129.195s][info][gc,start       ] GC(915) Pause Cleanup
[129.195s][info][gc             ] GC(915) Pause Cleanup 1722M->1722M(2048M) 0.434ms
[129.195s][info][gc,cpu         ] GC(915) User=0.00s Sys=0.00s Real=0.00s
[129.195s][info][gc,marking     ] GC(915) Concurrent Clear Claimed Marks
[129.196s][info][gc,marking     ] GC(915) Concurrent Clear Claimed Marks 0.189ms
[129.196s][info][gc,marking     ] GC(915) Concurrent Cleanup for Next Mark
[129.198s][info][gc,marking     ] GC(915) Concurrent Cleanup for Next Mark 2.169ms
[129.198s][info][gc             ] GC(915) Concurrent Mark Cycle 38.139ms
[129.212s][info][gc,start       ] GC(916) Pause Young (Prepare Mixed) (G1 Evacuation Pause)
[129.212s][info][gc,task        ] GC(916) Using 33 workers of 33 for evacuation
[129.215s][info][gc,phases      ] GC(916)   Pre Evacuate Collection Set: 0.3ms
[129.215s][info][gc,phases      ] GC(916)   Merge Heap Roots: 0.8ms
[129.215s][info][gc,phases      ] GC(916)   Evacuate Collection Set: 0.7ms
[129.215s][info][gc,phases      ] GC(916)   Post Evacuate Collection Set: 0.8ms
[129.215s][info][gc,phases      ] GC(916)   Other: 0.2ms
[129.215s][info][gc,heap        ] GC(916) Eden regions: 578->0(567)
[129.215s][info][gc,heap        ] GC(916) Survivor regions: 2->2(73)
[129.215s][info][gc,heap        ] GC(916) Old regions: 87->87
[129.215s][info][gc,heap        ] GC(916) Archive regions: 0->0
[129.215s][info][gc,heap        ] GC(916) Humongous regions: 1298->1287
[129.215s][info][gc,metaspace   ] GC(916) Metaspace: 128465K(130496K)->128465K(130496K) NonClass: 109430K(110080K)->109430K(110080K) Class: 19035K(20416K)->19035K(20416K)
[129.215s][info][gc             ] GC(916) Pause Young (Prepare Mixed) (G1 Evacuation Pause) 1960M->1370M(2048M) 3.068ms
[129.215s][info][gc,cpu         ] GC(916) User=0.00s Sys=0.00s Real=0.00s
[129.251s][info][gc,start       ] GC(917) Pause Young (Mixed) (G1 Humongous Allocation)
[129.251s][info][gc,task        ] GC(917) Using 33 workers of 33 for evacuation
[129.255s][info][gc,phases      ] GC(917)   Pre Evacuate Collection Set: 0.3ms
[129.255s][info][gc,phases      ] GC(917)   Merge Heap Roots: 0.2ms
[129.255s][info][gc,phases      ] GC(917)   Evacuate Collection Set: 1.4ms
[129.255s][info][gc,phases      ] GC(917)   Post Evacuate Collection Set: 0.9ms
[129.255s][info][gc,phases      ] GC(917)   Other: 0.2ms
[129.255s][info][gc,heap        ] GC(917) Eden regions: 533->0(584)
[129.255s][info][gc,heap        ] GC(917) Survivor regions: 2->2(72)
[129.255s][info][gc,heap        ] GC(917) Old regions: 87->81
[129.255s][info][gc,heap        ] GC(917) Archive regions: 0->0
[129.255s][info][gc,heap        ] GC(917) Humongous regions: 1321->1276
[129.255s][info][gc,metaspace   ] GC(917) Metaspace: 128465K(130496K)->128465K(130496K) NonClass: 109430K(110080K)->109430K(110080K) Class: 19035K(20416K)->19035K(20416K)
[129.255s][info][gc             ] GC(917) Pause Young (Mixed) (G1 Humongous Allocation) 1937M->1353M(2048M) 3.596ms
[129.255s][info][gc,cpu         ] GC(917) User=0.02s Sys=0.00s Real=0.02s
[129.281s][info][gc,start       ] GC(918) Pause Young (Concurrent Start) (G1 Humongous Allocation)
[129.281s][info][gc,task        ] GC(918) Using 33 workers of 33 for evacuation
[129.284s][info][gc,phases      ] GC(918)   Pre Evacuate Collection Set: 0.5ms
[129.284s][info][gc,phases      ] GC(918)   Merge Heap Roots: 0.2ms
[129.284s][info][gc,phases      ] GC(918)   Evacuate Collection Set: 1.3ms
[129.284s][info][gc,phases      ] GC(918)   Post Evacuate Collection Set: 0.7ms
[129.284s][info][gc,phases      ] GC(918)   Other: 0.2ms
[129.284s][info][gc,heap        ] GC(918) Eden regions: 374->0(588)
[129.285s][info][gc,heap        ] GC(918) Survivor regions: 2->2(74)
[129.285s][info][gc,heap        ] GC(918) Old regions: 81->81
[129.285s][info][gc,heap        ] GC(918) Archive regions: 0->0
[129.285s][info][gc,heap        ] GC(918) Humongous regions: 1280->1272
[129.285s][info][gc,metaspace   ] GC(918) Metaspace: 128465K(130496K)->128465K(130496K) NonClass: 109430K(110080K)->109430K(110080K) Class: 19035K(20416K)->19035K(20416K)
[129.285s][info][gc             ] GC(918) Pause Young (Concurrent Start) (G1 Humongous Allocation) 1731M->1350M(2048M) 3.429ms
[129.285s][info][gc             ] GC(919) Concurrent Mark Cycle
[129.285s][info][gc,cpu         ] GC(918) User=0.00s Sys=0.00s Real=0.00s
[129.285s][info][gc,marking     ] GC(919) Concurrent Scan Root Regions
[129.287s][info][gc,marking     ] GC(919) Concurrent Scan Root Regions 1.879ms
[129.287s][info][gc,marking     ] GC(919) Concurrent Mark
[129.287s][info][gc,marking     ] GC(919) Concurrent Mark From Roots
[129.287s][info][gc,task        ] GC(919) Using 8 workers of 8 for marking
[129.305s][info][gc,marking     ] GC(919) Concurrent Mark From Roots 18.205ms
[129.305s][info][gc,marking     ] GC(919) Concurrent Preclean
[129.306s][info][gc,marking     ] GC(919) Concurrent Preclean 0.547ms
[129.306s][info][gc,start       ] GC(919) Pause Remark
[129.311s][info][gc             ] GC(919) Pause Remark 1593M->1593M(2048M) 4.918ms
[129.311s][info][gc,cpu         ] GC(919) User=0.00s Sys=0.00s Real=0.00s
[129.311s][info][gc,marking     ] GC(919) Concurrent Mark 24.144ms
[129.311s][info][gc,marking     ] GC(919) Concurrent Rebuild Remembered Sets and Scrub Regions
[129.318s][info][gc,marking     ] GC(919) Concurrent Rebuild Remembered Sets and Scrub Regions 6.582ms
[129.318s][info][gc,start       ] GC(919) Pause Cleanup
[129.318s][info][gc             ] GC(919) Pause Cleanup 1674M->1674M(2048M) 0.431ms
[129.318s][info][gc,cpu         ] GC(919) User=0.00s Sys=0.00s Real=0.00s
[129.318s][info][gc,marking     ] GC(919) Concurrent Clear Claimed Marks
[129.318s][info][gc,marking     ] GC(919) Concurrent Clear Claimed Marks 0.195ms
[129.318s][info][gc,marking     ] GC(919) Concurrent Cleanup for Next Mark
[129.321s][info][gc,marking     ] GC(919) Concurrent Cleanup for Next Mark 2.161ms
[129.321s][info][gc             ] GC(919) Concurrent Mark Cycle 35.962ms
[129.336s][info][gc,start       ] GC(920) Pause Young (Prepare Mixed) (G1 Evacuation Pause)
[129.336s][info][gc,task        ] GC(920) Using 33 workers of 33 for evacuation
[129.338s][info][gc,phases      ] GC(920)   Pre Evacuate Collection Set: 0.3ms
[129.338s][info][gc,phases      ] GC(920)   Merge Heap Roots: 0.8ms
[129.338s][info][gc,phases      ] GC(920)   Evacuate Collection Set: 0.7ms
[129.338s][info][gc,phases      ] GC(920)   Post Evacuate Collection Set: 0.7ms
[129.338s][info][gc,phases      ] GC(920)   Other: 0.1ms
[129.338s][info][gc,heap        ] GC(920) Eden regions: 588->0(581)
[129.338s][info][gc,heap        ] GC(920) Survivor regions: 2->2(74)
[129.338s][info][gc,heap        ] GC(920) Old regions: 81->81
[129.338s][info][gc,heap        ] GC(920) Archive regions: 0->0
[129.338s][info][gc,heap        ] GC(920) Humongous regions: 1283->1279
[129.338s][info][gc,metaspace   ] GC(920) Metaspace: 128465K(130496K)->128465K(130496K) NonClass: 109430K(110080K)->109430K(110080K) Class: 19035K(20416K)->19035K(20416K)
[129.338s][info][gc             ] GC(920) Pause Young (Prepare Mixed) (G1 Evacuation Pause) 1949M->1357M(2048M) 2.835ms
[129.338s][info][gc,cpu         ] GC(920) User=0.00s Sys=0.00s Real=0.00s
[129.374s][info][gc,start       ] GC(921) Pause Young (Mixed) (G1 Evacuation Pause)
[129.374s][info][gc,task        ] GC(921) Using 33 workers of 33 for evacuation
[129.377s][info][gc,phases      ] GC(921)   Pre Evacuate Collection Set: 0.3ms
[129.377s][info][gc,phases      ] GC(921)   Merge Heap Roots: 0.2ms
[129.377s][info][gc,phases      ] GC(921)   Evacuate Collection Set: 1.2ms
[129.377s][info][gc,phases      ] GC(921)   Post Evacuate Collection Set: 0.7ms
[129.377s][info][gc,phases      ] GC(921)   Other: 0.1ms
[129.377s][info][gc,heap        ] GC(921) Eden regions: 581->0(575)
[129.377s][info][gc,heap        ] GC(921) Survivor regions: 2->2(73)
[129.377s][info][gc,heap        ] GC(921) Old regions: 81->76
[129.377s][info][gc,heap        ] GC(921) Archive regions: 0->0
[129.377s][info][gc,heap        ] GC(921) Humongous regions: 1303->1290
[129.377s][info][gc,metaspace   ] GC(921) Metaspace: 128465K(130496K)->128465K(130496K) NonClass: 109430K(110080K)->109430K(110080K) Class: 19035K(20416K)->19035K(20416K)
[129.377s][info][gc             ] GC(921) Pause Young (Mixed) (G1 Evacuation Pause) 1962M->1363M(2048M) 2.712ms
[129.377s][info][gc,cpu         ] GC(921) User=0.00s Sys=0.00s Real=0.00s
[129.426s][info][gc,start       ] GC(922) Pause Young (Concurrent Start) (G1 Evacuation Pause)
[129.427s][info][gc,task        ] GC(922) Using 33 workers of 33 for evacuation
[129.430s][info][gc,phases      ] GC(922)   Pre Evacuate Collection Set: 0.5ms
[129.430s][info][gc,phases      ] GC(922)   Merge Heap Roots: 0.2ms
[129.430s][info][gc,phases      ] GC(922)   Evacuate Collection Set: 1.9ms
[129.430s][info][gc,phases      ] GC(922)   Post Evacuate Collection Set: 0.7ms
[129.430s][info][gc,phases      ] GC(922)   Other: 0.1ms
[129.430s][info][gc,heap        ] GC(922) Eden regions: 575->0(591)
[129.430s][info][gc,heap        ] GC(922) Survivor regions: 2->2(73)
[129.430s][info][gc,heap        ] GC(922) Old regions: 76->76
[129.430s][info][gc,heap        ] GC(922) Archive regions: 0->0
[129.430s][info][gc,heap        ] GC(922) Humongous regions: 1290->1274
[129.430s][info][gc,metaspace   ] GC(922) Metaspace: 128465K(130496K)->128465K(130496K) NonClass: 109430K(110080K)->109430K(110080K) Class: 19035K(20416K)->19035K(20416K)
[129.430s][info][gc             ] GC(922) Pause Young (Concurrent Start) (G1 Evacuation Pause) 1938M->1347M(2048M) 3.646ms
[129.430s][info][gc             ] GC(923) Concurrent Mark Cycle
[129.430s][info][gc,cpu         ] GC(922) User=0.00s Sys=0.00s Real=0.00s
[129.430s][info][gc,marking     ] GC(923) Concurrent Scan Root Regions
[129.433s][info][gc,marking     ] GC(923) Concurrent Scan Root Regions 3.187ms
[129.433s][info][gc,marking     ] GC(923) Concurrent Mark
[129.433s][info][gc,marking     ] GC(923) Concurrent Mark From Roots
[129.433s][info][gc,task        ] GC(923) Using 8 workers of 8 for marking
[129.452s][info][gc,marking     ] GC(923) Concurrent Mark From Roots 18.746ms
[129.452s][info][gc,marking     ] GC(923) Concurrent Preclean
[129.453s][info][gc,marking     ] GC(923) Concurrent Preclean 0.290ms
[129.453s][info][gc,start       ] GC(923) Pause Remark
[129.456s][info][gc             ] GC(923) Pause Remark 1436M->1356M(2048M) 3.265ms
[129.456s][info][gc,cpu         ] GC(923) User=0.00s Sys=0.00s Real=0.00s
[129.456s][info][gc,marking     ] GC(923) Concurrent Mark 22.671ms
[129.456s][info][gc,marking     ] GC(923) Concurrent Rebuild Remembered Sets and Scrub Regions
[129.462s][info][gc,marking     ] GC(923) Concurrent Rebuild Remembered Sets and Scrub Regions 5.438ms
[129.462s][info][gc,start       ] GC(923) Pause Cleanup
[129.462s][info][gc             ] GC(923) Pause Cleanup 1358M->1358M(2048M) 0.400ms
[129.462s][info][gc,cpu         ] GC(923) User=0.00s Sys=0.00s Real=0.00s
[129.462s][info][gc,marking     ] GC(923) Concurrent Clear Claimed Marks
[129.462s][info][gc,marking     ] GC(923) Concurrent Clear Claimed Marks 0.136ms
[129.462s][info][gc,marking     ] GC(923) Concurrent Cleanup for Next Mark
[129.464s][info][gc,marking     ] GC(923) Concurrent Cleanup for Next Mark 1.493ms
[129.464s][info][gc             ] GC(923) Concurrent Mark Cycle 33.791ms
[129.947s][info][gc,start       ] GC(924) Pause Full (System.gc())
[129.947s][info][gc,task        ] GC(924) Using 33 workers of 33 for full compaction
[129.949s][info][gc,phases,start] GC(924) Phase 1: Mark live objects
[129.990s][info][gc,phases      ] GC(924) Phase 1: Mark live objects 40.837ms
[129.990s][info][gc,phases,start] GC(924) Phase 2: Prepare compaction
[129.993s][info][gc,phases      ] GC(924) Phase 2: Prepare compaction 3.426ms
[129.993s][info][gc,phases,start] GC(924) Phase 3: Adjust pointers
[130.003s][info][gc,phases      ] GC(924) Phase 3: Adjust pointers 10.377ms
[130.003s][info][gc,phases,start] GC(924) Phase 4: Compact heap
[130.004s][info][gc,phases      ] GC(924) Phase 4: Compact heap 0.821ms
[130.019s][info][gc,heap        ] GC(924) Eden regions: 327->0(867)
[130.019s][info][gc,heap        ] GC(924) Survivor regions: 2->0(73)
[130.019s][info][gc,heap        ] GC(924) Old regions: 76->70
[130.019s][info][gc,heap        ] GC(924) Archive regions: 0->0
[130.019s][info][gc,heap        ] GC(924) Humongous regions: 1230->1008
[130.019s][info][gc,metaspace   ] GC(924) Metaspace: 128483K(130496K)->128483K(130496K) NonClass: 109448K(110080K)->109448K(110080K) Class: 19035K(20416K)->19035K(20416K)
[130.019s][info][gc             ] GC(924) Pause Full (System.gc()) 1630M->1054M(2048M) 71.828ms
[130.019s][info][gc,cpu         ] GC(924) User=2.05s Sys=0.00s Real=0.06s
[130.105s][info][gc,start       ] GC(925) Pause Young (Concurrent Start) (G1 Humongous Allocation)
[130.105s][info][gc,task        ] GC(925) Using 33 workers of 33 for evacuation
[130.108s][info][gc,phases      ] GC(925)   Pre Evacuate Collection Set: 0.5ms
[130.108s][info][gc,phases      ] GC(925)   Merge Heap Roots: 0.1ms
[130.108s][info][gc,phases      ] GC(925)   Evacuate Collection Set: 1.4ms
[130.108s][info][gc,phases      ] GC(925)   Post Evacuate Collection Set: 0.9ms
[130.108s][info][gc,phases      ] GC(925)   Other: 0.1ms
[130.108s][info][gc,heap        ] GC(925) Eden regions: 10->0(865)
[130.108s][info][gc,heap        ] GC(925) Survivor regions: 0->1(109)
[130.108s][info][gc,heap        ] GC(925) Old regions: 70->70
[130.108s][info][gc,heap        ] GC(925) Archive regions: 0->0
[130.108s][info][gc,heap        ] GC(925) Humongous regions: 1008->1008
[130.108s][info][gc,metaspace   ] GC(925) Metaspace: 128554K(130560K)->128554K(130560K) NonClass: 109518K(110144K)->109518K(110144K) Class: 19035K(20416K)->19035K(20416K)
[130.108s][info][gc             ] GC(925) Pause Young (Concurrent Start) (G1 Humongous Allocation) 1064M->1054M(2048M) 3.585ms
[130.108s][info][gc             ] GC(926) Concurrent Mark Cycle
[130.108s][info][gc,cpu         ] GC(925) User=0.00s Sys=0.00s Real=0.00s
[130.108s][info][gc,marking     ] GC(926) Concurrent Scan Root Regions
[130.112s][info][gc,marking     ] GC(926) Concurrent Scan Root Regions 3.920ms
[130.112s][info][gc,marking     ] GC(926) Concurrent Mark
[130.112s][info][gc,marking     ] GC(926) Concurrent Mark From Roots
[130.112s][info][gc,task        ] GC(926) Using 8 workers of 8 for marking
[130.136s][info][gc,marking     ] GC(926) Concurrent Mark From Roots 23.662ms
[130.136s][info][gc,marking     ] GC(926) Concurrent Preclean
[130.136s][info][gc,marking     ] GC(926) Concurrent Preclean 0.254ms
[130.137s][info][gc,start       ] GC(926) Pause Remark
[130.142s][info][gc             ] GC(926) Pause Remark 1116M->1116M(2048M) 5.353ms
[130.142s][info][gc,cpu         ] GC(926) User=0.00s Sys=0.00s Real=0.00s
[130.142s][info][gc,marking     ] GC(926) Concurrent Mark 29.814ms
[130.142s][info][gc,marking     ] GC(926) Concurrent Rebuild Remembered Sets and Scrub Regions
[130.151s][info][gc,marking     ] GC(926) Concurrent Rebuild Remembered Sets and Scrub Regions 8.932ms
[130.152s][info][gc,start       ] GC(926) Pause Cleanup
[130.152s][info][gc             ] GC(926) Pause Cleanup 1212M->1212M(2048M) 0.559ms
[130.152s][info][gc,cpu         ] GC(926) User=0.00s Sys=0.00s Real=0.00s
[130.152s][info][gc,marking     ] GC(926) Concurrent Clear Claimed Marks
[130.153s][info][gc,marking     ] GC(926) Concurrent Clear Claimed Marks 0.667ms
[130.153s][info][gc,marking     ] GC(926) Concurrent Cleanup for Next Mark
[130.160s][info][gc,marking     ] GC(926) Concurrent Cleanup for Next Mark 7.044ms
[130.161s][info][gc             ] GC(926) Concurrent Mark Cycle 52.411ms
[130.206s][info][gc,start       ] GC(927) Pause Young (Prepare Mixed) (G1 Evacuation Pause)
[130.206s][info][gc,task        ] GC(927) Using 33 workers of 33 for evacuation
[130.210s][info][gc,phases      ] GC(927)   Pre Evacuate Collection Set: 0.3ms
[130.210s][info][gc,phases      ] GC(927)   Merge Heap Roots: 0.8ms
[130.210s][info][gc,phases      ] GC(927)   Evacuate Collection Set: 1.6ms
[130.210s][info][gc,phases      ] GC(927)   Post Evacuate Collection Set: 0.8ms
[130.210s][info][gc,phases      ] GC(927)   Other: 0.1ms
[130.210s][info][gc,heap        ] GC(927) Eden regions: 865->0(843)
[130.210s][info][gc,heap        ] GC(927) Survivor regions: 1->12(99)
[130.210s][info][gc,heap        ] GC(927) Old regions: 70->70
[130.210s][info][gc,heap        ] GC(927) Archive regions: 0->0
[130.210s][info][gc,heap        ] GC(927) Humongous regions: 1013->1008
[130.210s][info][gc,metaspace   ] GC(927) Metaspace: 128584K(130624K)->128584K(130624K) NonClass: 109548K(110208K)->109548K(110208K) Class: 19035K(20416K)->19035K(20416K)
[130.210s][info][gc             ] GC(927) Pause Young (Prepare Mixed) (G1 Evacuation Pause) 1924M->1066M(2048M) 3.932ms
[130.210s][info][gc,cpu         ] GC(927) User=0.52s Sys=0.00s Real=0.01s
[130.270s][info][gc,start       ] GC(928) Pause Young (Mixed) (G1 Evacuation Pause)
[130.270s][info][gc,task        ] GC(928) Using 33 workers of 33 for evacuation
[130.273s][info][gc,phases      ] GC(928)   Pre Evacuate Collection Set: 0.3ms
[130.273s][info][gc,phases      ] GC(928)   Merge Heap Roots: 0.3ms
[130.273s][info][gc,phases      ] GC(928)   Evacuate Collection Set: 2.0ms
[130.273s][info][gc,phases      ] GC(928)   Post Evacuate Collection Set: 0.8ms
[130.273s][info][gc,phases      ] GC(928)   Other: 0.1ms
[130.273s][info][gc,heap        ] GC(928) Eden regions: 843->0(839)
[130.273s][info][gc,heap        ] GC(928) Survivor regions: 12->10(104)
[130.273s][info][gc,heap        ] GC(928) Old regions: 70->67
[130.273s][info][gc,heap        ] GC(928) Archive regions: 0->0
[130.273s][info][gc,heap        ] GC(928) Humongous regions: 1019->1019
[130.273s][info][gc,metaspace   ] GC(928) Metaspace: 128584K(130624K)->128584K(130624K) NonClass: 109548K(110208K)->109548K(110208K) Class: 19035K(20416K)->19035K(20416K)
[130.273s][info][gc             ] GC(928) Pause Young (Mixed) (G1 Evacuation Pause) 1920M->1075M(2048M) 3.820ms
[130.274s][info][gc,cpu         ] GC(928) User=0.03s Sys=0.00s Real=0.01s
[130.278s][info][gc,start       ] GC(929) Pause Young (Concurrent Start) (G1 Humongous Allocation)
[130.278s][info][gc,task        ] GC(929) Using 33 workers of 33 for evacuation
[130.281s][info][gc,phases      ] GC(929)   Pre Evacuate Collection Set: 0.4ms
[130.281s][info][gc,phases      ] GC(929)   Merge Heap Roots: 0.1ms
[130.281s][info][gc,phases      ] GC(929)   Evacuate Collection Set: 1.9ms
[130.281s][info][gc,phases      ] GC(929)   Post Evacuate Collection Set: 0.6ms
[130.281s][info][gc,phases      ] GC(929)   Other: 0.1ms
[130.281s][info][gc,heap        ] GC(929) Eden regions: 62->0(837)
[130.281s][info][gc,heap        ] GC(929) Survivor regions: 10->11(107)
[130.281s][info][gc,heap        ] GC(929) Old regions: 67->67
[130.281s][info][gc,heap        ] GC(929) Archive regions: 0->0
[130.281s][info][gc,heap        ] GC(929) Humongous regions: 1019->1019
[130.281s][info][gc,metaspace   ] GC(929) Metaspace: 128584K(130624K)->128584K(130624K) NonClass: 109548K(110208K)->109548K(110208K) Class: 19035K(20416K)->19035K(20416K)
[130.281s][info][gc             ] GC(929) Pause Young (Concurrent Start) (G1 Humongous Allocation) 1137M->1075M(2048M) 3.272ms
[130.281s][info][gc             ] GC(930) Concurrent Mark Cycle
[130.281s][info][gc,cpu         ] GC(929) User=0.00s Sys=0.00s Real=0.00s
[130.281s][info][gc,marking     ] GC(930) Concurrent Scan Root Regions
[130.299s][info][gc,marking     ] GC(930) Concurrent Scan Root Regions 18.111ms
[130.299s][info][gc,marking     ] GC(930) Concurrent Mark
[130.299s][info][gc,marking     ] GC(930) Concurrent Mark From Roots
[130.299s][info][gc,task        ] GC(930) Using 8 workers of 8 for marking
[130.343s][info][gc,start       ] GC(931) Pause Young (Normal) (G1 Evacuation Pause)
[130.343s][info][gc,task        ] GC(931) Using 33 workers of 33 for evacuation
[130.346s][info][gc,phases      ] GC(931)   Pre Evacuate Collection Set: 0.3ms
[130.346s][info][gc,phases      ] GC(931)   Merge Heap Roots: 0.3ms
[130.346s][info][gc,phases      ] GC(931)   Evacuate Collection Set: 1.3ms
[130.346s][info][gc,phases      ] GC(931)   Post Evacuate Collection Set: 0.8ms
[130.346s][info][gc,phases      ] GC(931)   Other: 0.1ms
[130.346s][info][gc,heap        ] GC(931) Eden regions: 837->0(827)
[130.346s][info][gc,heap        ] GC(931) Survivor regions: 11->10(91)
[130.346s][info][gc,heap        ] GC(931) Old regions: 67->67
[130.346s][info][gc,heap        ] GC(931) Archive regions: 0->0
[130.346s][info][gc,heap        ] GC(931) Humongous regions: 1042->1031
[130.346s][info][gc,metaspace   ] GC(931) Metaspace: 128584K(130624K)->128584K(130624K) NonClass: 109548K(110208K)->109548K(110208K) Class: 19035K(20416K)->19035K(20416K)
[130.346s][info][gc             ] GC(931) Pause Young (Normal) (G1 Evacuation Pause) 1935M->1086M(2048M) 3.065ms
[130.346s][info][gc,cpu         ] GC(931) User=0.00s Sys=0.00s Real=0.00s
[130.352s][info][gc,marking     ] GC(930) Concurrent Mark From Roots 52.032ms
[130.352s][info][gc,marking     ] GC(930) Concurrent Preclean
[130.355s][info][gc,marking     ] GC(930) Concurrent Preclean 2.760ms
[130.356s][info][gc,start       ] GC(930) Pause Remark
[130.359s][info][gc             ] GC(930) Pause Remark 1229M->1229M(2048M) 3.464ms
[130.359s][info][gc,cpu         ] GC(930) User=0.00s Sys=0.00s Real=0.00s
[130.359s][info][gc,marking     ] GC(930) Concurrent Mark 59.868ms
[130.359s][info][gc,marking     ] GC(930) Concurrent Rebuild Remembered Sets and Scrub Regions
[130.378s][info][gc,marking     ] GC(930) Concurrent Rebuild Remembered Sets and Scrub Regions 18.856ms
[130.379s][info][gc,start       ] GC(930) Pause Cleanup
[130.380s][info][gc             ] GC(930) Pause Cleanup 1510M->1510M(2048M) 0.356ms
[130.380s][info][gc,cpu         ] GC(930) User=0.00s Sys=0.00s Real=0.00s
[130.380s][info][gc,marking     ] GC(930) Concurrent Clear Claimed Marks
[130.381s][info][gc,marking     ] GC(930) Concurrent Clear Claimed Marks 1.142ms
[130.381s][info][gc,marking     ] GC(930) Concurrent Cleanup for Next Mark
[130.389s][info][gc,marking     ] GC(930) Concurrent Cleanup for Next Mark 8.107ms
[130.390s][info][gc             ] GC(930) Concurrent Mark Cycle 108.729ms
[130.413s][info][gc,start       ] GC(932) Pause Young (Prepare Mixed) (G1 Evacuation Pause)
[130.413s][info][gc,task        ] GC(932) Using 33 workers of 33 for evacuation
[130.416s][info][gc,phases      ] GC(932)   Pre Evacuate Collection Set: 0.3ms
[130.416s][info][gc,phases      ] GC(932)   Merge Heap Roots: 0.8ms
[130.416s][info][gc,phases      ] GC(932)   Evacuate Collection Set: 1.4ms
[130.416s][info][gc,phases      ] GC(932)   Post Evacuate Collection Set: 0.8ms
[130.416s][info][gc,phases      ] GC(932)   Other: 0.1ms
[130.416s][info][gc,heap        ] GC(932) Eden regions: 827->0(812)
[130.416s][info][gc,heap        ] GC(932) Survivor regions: 10->10(87)
[130.416s][info][gc,heap        ] GC(932) Old regions: 67->67
[130.416s][info][gc,heap        ] GC(932) Archive regions: 0->0
[130.416s][info][gc,heap        ] GC(932) Humongous regions: 1057->1046
[130.416s][info][gc,metaspace   ] GC(932) Metaspace: 128584K(130624K)->128584K(130624K) NonClass: 109548K(110208K)->109548K(110208K) Class: 19035K(20416K)->19035K(20416K)
[130.416s][info][gc             ] GC(932) Pause Young (Prepare Mixed) (G1 Evacuation Pause) 1939M->1101M(2048M) 3.687ms
[130.416s][info][gc,cpu         ] GC(932) User=0.52s Sys=0.02s Real=0.02s
[130.475s][info][gc,start       ] GC(933) Pause Young (Mixed) (G1 Evacuation Pause)
[130.475s][info][gc,task        ] GC(933) Using 33 workers of 33 for evacuation
[130.478s][info][gc,phases      ] GC(933)   Pre Evacuate Collection Set: 0.3ms
[130.478s][info][gc,phases      ] GC(933)   Merge Heap Roots: 0.3ms
[130.478s][info][gc,phases      ] GC(933)   Evacuate Collection Set: 1.8ms
[130.478s][info][gc,phases      ] GC(933)   Post Evacuate Collection Set: 0.8ms
[130.478s][info][gc,phases      ] GC(933)   Other: 0.1ms
[130.478s][info][gc,heap        ] GC(933) Eden regions: 812->0(805)
[130.478s][info][gc,heap        ] GC(933) Survivor regions: 10->10(93)
[130.478s][info][gc,heap        ] GC(933) Old regions: 67->64
[130.478s][info][gc,heap        ] GC(933) Archive regions: 0->0
[130.478s][info][gc,heap        ] GC(933) Humongous regions: 1066->1056
[130.478s][info][gc,metaspace   ] GC(933) Metaspace: 128584K(130624K)->128584K(130624K) NonClass: 109548K(110208K)->109548K(110208K) Class: 19035K(20416K)->19035K(20416K)
[130.478s][info][gc             ] GC(933) Pause Young (Mixed) (G1 Evacuation Pause) 1933M->1111M(2048M) 3.648ms
[130.478s][info][gc,cpu         ] GC(933) User=0.00s Sys=0.00s Real=0.00s
[130.506s][info][gc,start       ] GC(934) Pause Young (Concurrent Start) (G1 Humongous Allocation)
[130.506s][info][gc,task        ] GC(934) Using 33 workers of 33 for evacuation
[130.509s][info][gc,phases      ] GC(934)   Pre Evacuate Collection Set: 0.5ms
[130.509s][info][gc,phases      ] GC(934)   Merge Heap Roots: 0.2ms
[130.509s][info][gc,phases      ] GC(934)   Evacuate Collection Set: 1.9ms
[130.509s][info][gc,phases      ] GC(934)   Post Evacuate Collection Set: 0.7ms
[130.509s][info][gc,phases      ] GC(934)   Other: 0.1ms
[130.510s][info][gc,heap        ] GC(934) Eden regions: 395->0(807)
[130.510s][info][gc,heap        ] GC(934) Survivor regions: 10->10(102)
[130.510s][info][gc,heap        ] GC(934) Old regions: 64->64
[130.510s][info][gc,heap        ] GC(934) Archive regions: 0->0
[130.510s][info][gc,heap        ] GC(934) Humongous regions: 1056->1054
[130.510s][info][gc,metaspace   ] GC(934) Metaspace: 128584K(130624K)->128584K(130624K) NonClass: 109548K(110208K)->109548K(110208K) Class: 19035K(20416K)->19035K(20416K)
[130.510s][info][gc             ] GC(934) Pause Young (Concurrent Start) (G1 Humongous Allocation) 1506M->1109M(2048M) 3.636ms
[130.510s][info][gc             ] GC(935) Concurrent Mark Cycle
[130.510s][info][gc,marking     ] GC(935) Concurrent Scan Root Regions
[130.510s][info][gc,cpu         ] GC(934) User=0.00s Sys=0.00s Real=0.00s
[130.527s][info][gc,marking     ] GC(935) Concurrent Scan Root Regions 17.659ms
[130.528s][info][gc,marking     ] GC(935) Concurrent Mark
[130.528s][info][gc,marking     ] GC(935) Concurrent Mark From Roots
[130.528s][info][gc,task        ] GC(935) Using 8 workers of 8 for marking
[130.570s][info][gc,start       ] GC(936) Pause Young (Normal) (G1 Evacuation Pause)
[130.570s][info][gc,task        ] GC(936) Using 33 workers of 33 for evacuation
[130.573s][info][gc,phases      ] GC(936)   Pre Evacuate Collection Set: 0.3ms
[130.573s][info][gc,phases      ] GC(936)   Merge Heap Roots: 0.3ms
[130.573s][info][gc,phases      ] GC(936)   Evacuate Collection Set: 1.4ms
[130.573s][info][gc,phases      ] GC(936)   Post Evacuate Collection Set: 0.9ms
[130.573s][info][gc,phases      ] GC(936)   Other: 0.1ms
[130.573s][info][gc,heap        ] GC(936) Eden regions: 807->0(795)
[130.573s][info][gc,heap        ] GC(936) Survivor regions: 10->10(95)
[130.573s][info][gc,heap        ] GC(936) Old regions: 64->64
[130.573s][info][gc,heap        ] GC(936) Archive regions: 0->0
[130.573s][info][gc,heap        ] GC(936) Humongous regions: 1072->1066
[130.573s][info][gc,metaspace   ] GC(936) Metaspace: 128584K(130624K)->128584K(130624K) NonClass: 109548K(110208K)->109548K(110208K) Class: 19035K(20416K)->19035K(20416K)
[130.573s][info][gc             ] GC(936) Pause Young (Normal) (G1 Evacuation Pause) 1934M->1121M(2048M) 3.326ms
[130.573s][info][gc,cpu         ] GC(936) User=0.17s Sys=0.03s Real=0.02s
[130.588s][info][gc,marking     ] GC(935) Concurrent Mark From Roots 60.288ms
[130.588s][info][gc,marking     ] GC(935) Concurrent Preclean
[130.591s][info][gc,marking     ] GC(935) Concurrent Preclean 2.725ms
[130.592s][info][gc,start       ] GC(935) Pause Remark
[130.596s][info][gc             ] GC(935) Pause Remark 1396M->1396M(2048M) 3.276ms
[130.596s][info][gc,cpu         ] GC(935) User=0.00s Sys=0.00s Real=0.00s
[130.596s][info][gc,marking     ] GC(935) Concurrent Mark 68.129ms
[130.596s][info][gc,marking     ] GC(935) Concurrent Rebuild Remembered Sets and Scrub Regions
[130.620s][info][gc,marking     ] GC(935) Concurrent Rebuild Remembered Sets and Scrub Regions 24.397ms
[130.635s][info][gc,start       ] GC(935) Pause Cleanup
[130.635s][info][gc             ] GC(935) Pause Cleanup 1754M->1754M(2048M) 0.396ms
[130.635s][info][gc,cpu         ] GC(935) User=0.00s Sys=0.00s Real=0.00s
[130.636s][info][gc,marking     ] GC(935) Concurrent Clear Claimed Marks
[130.637s][info][gc,marking     ] GC(935) Concurrent Clear Claimed Marks 0.866ms
[130.637s][info][gc,marking     ] GC(935) Concurrent Cleanup for Next Mark
[130.646s][info][gc,marking     ] GC(935) Concurrent Cleanup for Next Mark 8.862ms
[130.646s][info][gc             ] GC(935) Concurrent Mark Cycle 136.406ms
[130.666s][info][gc,start       ] GC(937) Pause Young (Prepare Mixed) (G1 Evacuation Pause)
[130.666s][info][gc,task        ] GC(937) Using 33 workers of 33 for evacuation
[130.670s][info][gc,phases      ] GC(937)   Pre Evacuate Collection Set: 0.3ms
[130.670s][info][gc,phases      ] GC(937)   Merge Heap Roots: 0.9ms
[130.670s][info][gc,phases      ] GC(937)   Evacuate Collection Set: 1.3ms
[130.670s][info][gc,phases      ] GC(937)   Post Evacuate Collection Set: 0.9ms
[130.670s][info][gc,phases      ] GC(937)   Other: 0.2ms
[130.670s][info][gc,heap        ] GC(937) Eden regions: 795->0(776)
[130.670s][info][gc,heap        ] GC(937) Survivor regions: 10->10(78)
[130.670s][info][gc,heap        ] GC(937) Old regions: 64->64
[130.670s][info][gc,heap        ] GC(937) Archive regions: 0->0
[130.670s][info][gc,heap        ] GC(937) Humongous regions: 1101->1085
[130.670s][info][gc,metaspace   ] GC(937) Metaspace: 128584K(130624K)->128584K(130624K) NonClass: 109548K(110208K)->109548K(110208K) Class: 19035K(20416K)->19035K(20416K)
[130.670s][info][gc             ] GC(937) Pause Young (Prepare Mixed) (G1 Evacuation Pause) 1951M->1140M(2048M) 3.787ms
[130.670s][info][gc,cpu         ] GC(937) User=0.00s Sys=0.00s Real=0.00s
[130.728s][info][gc,start       ] GC(938) Pause Young (Mixed) (G1 Evacuation Pause)
[130.773s][info][gc,task        ] GC(938) Using 33 workers of 33 for evacuation
[130.778s][info][gc,phases      ] GC(938)   Pre Evacuate Collection Set: 0.4ms
[130.778s][info][gc,phases      ] GC(938)   Merge Heap Roots: 0.4ms
[130.778s][info][gc,phases      ] GC(938)   Evacuate Collection Set: 2.4ms
[130.778s][info][gc,phases      ] GC(938)   Post Evacuate Collection Set: 1.4ms
[130.778s][info][gc,phases      ] GC(938)   Other: 0.3ms
[130.778s][info][gc,heap        ] GC(938) Eden regions: 776->0(769)
[130.778s][info][gc,heap        ] GC(938) Survivor regions: 10->10(80)
[130.778s][info][gc,heap        ] GC(938) Old regions: 64->61
[130.778s][info][gc,heap        ] GC(938) Archive regions: 0->0
[130.778s][info][gc,heap        ] GC(938) Humongous regions: 1118->1095
[130.778s][info][gc,metaspace   ] GC(938) Metaspace: 128584K(130624K)->128584K(130624K) NonClass: 109548K(110208K)->109548K(110208K) Class: 19035K(20416K)->19035K(20416K)
[130.778s][info][gc             ] GC(938) Pause Young (Mixed) (G1 Evacuation Pause) 1949M->1150M(2048M) 50.532ms
[130.778s][info][gc,cpu         ] GC(938) User=0.02s Sys=0.00s Real=0.05s
[130.781s][info][gc,start       ] GC(939) Pause Young (Concurrent Start) (G1 Humongous Allocation)
[130.782s][info][gc,task        ] GC(939) Using 33 workers of 33 for evacuation
[130.786s][info][gc,phases      ] GC(939)   Pre Evacuate Collection Set: 0.7ms
[130.786s][info][gc,phases      ] GC(939)   Merge Heap Roots: 0.2ms
[130.786s][info][gc,phases      ] GC(939)   Evacuate Collection Set: 2.4ms
[130.786s][info][gc,phases      ] GC(939)   Post Evacuate Collection Set: 1.1ms
[130.786s][info][gc,phases      ] GC(939)   Other: 0.1ms
[130.786s][info][gc,heap        ] GC(939) Eden regions: 39->0(784)
[130.786s][info][gc,heap        ] GC(939) Survivor regions: 10->10(98)
[130.786s][info][gc,heap        ] GC(939) Old regions: 61->61
[130.786s][info][gc,heap        ] GC(939) Archive regions: 0->0
[130.786s][info][gc,heap        ] GC(939) Humongous regions: 1095->1080
[130.786s][info][gc,metaspace   ] GC(939) Metaspace: 128584K(130624K)->128584K(130624K) NonClass: 109548K(110208K)->109548K(110208K) Class: 19035K(20416K)->19035K(20416K)
[130.786s][info][gc             ] GC(939) Pause Young (Concurrent Start) (G1 Humongous Allocation) 1189M->1136M(2048M) 4.901ms
[130.786s][info][gc             ] GC(940) Concurrent Mark Cycle
[130.786s][info][gc,cpu         ] GC(939) User=0.00s Sys=0.00s Real=0.00s
[130.787s][info][gc,marking     ] GC(940) Concurrent Scan Root Regions
[130.794s][info][gc,marking     ] GC(940) Concurrent Scan Root Regions 7.951ms
[130.795s][info][gc,marking     ] GC(940) Concurrent Mark
[130.795s][info][gc,marking     ] GC(940) Concurrent Mark From Roots
[130.795s][info][gc,task        ] GC(940) Using 8 workers of 8 for marking
[130.843s][info][gc,marking     ] GC(940) Concurrent Mark From Roots 47.905ms
[130.843s][info][gc,marking     ] GC(940) Concurrent Preclean
[130.846s][info][gc,marking     ] GC(940) Concurrent Preclean 2.623ms
[130.858s][info][gc,start       ] GC(940) Pause Remark
[130.861s][info][gc             ] GC(940) Pause Remark 1946M->1946M(2048M) 3.401ms
[130.861s][info][gc,cpu         ] GC(940) User=0.00s Sys=0.00s Real=0.00s
[130.862s][info][gc,marking     ] GC(940) Concurrent Mark 66.914ms
[130.862s][info][gc,marking     ] GC(940) Concurrent Rebuild Remembered Sets and Scrub Regions
[130.874s][info][gc,start       ] GC(941) Pause Young (Normal) (G1 Evacuation Pause)
[130.874s][info][gc,task        ] GC(941) Using 33 workers of 33 for evacuation
[130.877s][info][gc,phases      ] GC(941)   Pre Evacuate Collection Set: 0.3ms
[130.877s][info][gc,phases      ] GC(941)   Merge Heap Roots: 0.3ms
[130.877s][info][gc,phases      ] GC(941)   Evacuate Collection Set: 1.7ms
[130.877s][info][gc,phases      ] GC(941)   Post Evacuate Collection Set: 1.2ms
[130.877s][info][gc,phases      ] GC(941)   Other: 0.2ms
[130.877s][info][gc,heap        ] GC(941) Eden regions: 784->0(774)
[130.877s][info][gc,heap        ] GC(941) Survivor regions: 10->11(61)
[130.877s][info][gc,heap        ] GC(941) Old regions: 61->61
[130.878s][info][gc,heap        ] GC(941) Archive regions: 0->0
[130.878s][info][gc,heap        ] GC(941) Humongous regions: 1132->1088
[130.878s][info][gc,metaspace   ] GC(941) Metaspace: 128584K(130624K)->128584K(130624K) NonClass: 109548K(110208K)->109548K(110208K) Class: 19035K(20416K)->19035K(20416K)
[130.878s][info][gc             ] GC(941) Pause Young (Normal) (G1 Evacuation Pause) 1972M->1144M(2048M) 4.064ms
[130.878s][info][gc,cpu         ] GC(941) User=0.00s Sys=0.00s Real=0.00s
[130.896s][info][gc,marking     ] GC(940) Concurrent Rebuild Remembered Sets and Scrub Regions 33.799ms
[130.896s][info][gc,start       ] GC(940) Pause Cleanup
[130.897s][info][gc             ] GC(940) Pause Cleanup 1394M->1394M(2048M) 0.326ms
[130.897s][info][gc,cpu         ] GC(940) User=0.00s Sys=0.00s Real=0.00s
[130.897s][info][gc,marking     ] GC(940) Concurrent Clear Claimed Marks
[130.898s][info][gc,marking     ] GC(940) Concurrent Clear Claimed Marks 1.330ms
[130.898s][info][gc,marking     ] GC(940) Concurrent Cleanup for Next Mark
[130.908s][info][gc,marking     ] GC(940) Concurrent Cleanup for Next Mark 9.758ms
[130.909s][info][gc             ] GC(940) Concurrent Mark Cycle 122.279ms
[130.939s][info][gc,start       ] GC(942) Pause Young (Prepare Mixed) (G1 Evacuation Pause)
[130.939s][info][gc,task        ] GC(942) Using 33 workers of 33 for evacuation
[130.943s][info][gc,phases      ] GC(942)   Pre Evacuate Collection Set: 0.3ms
[130.943s][info][gc,phases      ] GC(942)   Merge Heap Roots: 0.8ms
[130.943s][info][gc,phases      ] GC(942)   Evacuate Collection Set: 1.3ms
[130.943s][info][gc,phases      ] GC(942)   Post Evacuate Collection Set: 0.8ms
[130.943s][info][gc,phases      ] GC(942)   Other: 0.1ms
[130.943s][info][gc,heap        ] GC(942) Eden regions: 774->0(784)
[130.943s][info][gc,heap        ] GC(942) Survivor regions: 11->11(74)
[130.943s][info][gc,heap        ] GC(942) Old regions: 61->61
[130.943s][info][gc,heap        ] GC(942) Archive regions: 0->0
[130.943s][info][gc,heap        ] GC(942) Humongous regions: 1128->1078
[130.943s][info][gc,metaspace   ] GC(942) Metaspace: 128584K(130624K)->128584K(130624K) NonClass: 109548K(110208K)->109548K(110208K) Class: 19035K(20416K)->19035K(20416K)
[130.943s][info][gc             ] GC(942) Pause Young (Prepare Mixed) (G1 Evacuation Pause) 1958M->1134M(2048M) 3.546ms
[130.943s][info][gc,cpu         ] GC(942) User=0.00s Sys=0.00s Real=0.00s
[131.000s][info][gc,start       ] GC(943) Pause Young (Mixed) (G1 Evacuation Pause)
[131.000s][info][gc,task        ] GC(943) Using 33 workers of 33 for evacuation
[131.003s][info][gc,phases      ] GC(943)   Pre Evacuate Collection Set: 0.3ms
[131.003s][info][gc,phases      ] GC(943)   Merge Heap Roots: 0.3ms
[131.003s][info][gc,phases      ] GC(943)   Evacuate Collection Set: 1.7ms
[131.003s][info][gc,phases      ] GC(943)   Post Evacuate Collection Set: 0.8ms
[131.003s][info][gc,phases      ] GC(943)   Other: 0.1ms
[131.003s][info][gc,heap        ] GC(943) Eden regions: 784->0(784)
[131.003s][info][gc,heap        ] GC(943) Survivor regions: 11->10(83)
[131.003s][info][gc,heap        ] GC(943) Old regions: 61->58
[131.003s][info][gc,heap        ] GC(943) Archive regions: 0->0
[131.003s][info][gc,heap        ] GC(943) Humongous regions: 1109->1083
[131.003s][info][gc,metaspace   ] GC(943) Metaspace: 128584K(130624K)->128584K(130624K) NonClass: 109548K(110208K)->109548K(110208K) Class: 19035K(20416K)->19035K(20416K)
[131.003s][info][gc             ] GC(943) Pause Young (Mixed) (G1 Evacuation Pause) 1949M->1138M(2048M) 3.344ms
[131.003s][info][gc,cpu         ] GC(943) User=0.00s Sys=0.00s Real=0.00s
[131.014s][info][gc,start       ] GC(944) Pause Young (Concurrent Start) (G1 Humongous Allocation)
[131.014s][info][gc,task        ] GC(944) Using 33 workers of 33 for evacuation
[131.017s][info][gc,phases      ] GC(944)   Pre Evacuate Collection Set: 0.4ms
[131.017s][info][gc,phases      ] GC(944)   Merge Heap Roots: 0.1ms
[131.017s][info][gc,phases      ] GC(944)   Evacuate Collection Set: 1.8ms
[131.017s][info][gc,phases      ] GC(944)   Post Evacuate Collection Set: 0.6ms
[131.017s][info][gc,phases      ] GC(944)   Other: 0.1ms
[131.017s][info][gc,heap        ] GC(944) Eden regions: 149->0(792)
[131.017s][info][gc,heap        ] GC(944) Survivor regions: 10->10(100)
[131.017s][info][gc,heap        ] GC(944) Old regions: 58->58
[131.017s][info][gc,heap        ] GC(944) Archive regions: 0->0
[131.017s][info][gc,heap        ] GC(944) Humongous regions: 1083->1075
[131.017s][info][gc,metaspace   ] GC(944) Metaspace: 128584K(130624K)->128584K(130624K) NonClass: 109548K(110208K)->109548K(110208K) Class: 19035K(20416K)->19035K(20416K)
[131.017s][info][gc             ] GC(944) Pause Young (Concurrent Start) (G1 Humongous Allocation) 1287M->1130M(2048M) 3.217ms
[131.017s][info][gc             ] GC(945) Concurrent Mark Cycle
[131.017s][info][gc,cpu         ] GC(944) User=0.00s Sys=0.00s Real=0.00s
[131.017s][info][gc,marking     ] GC(945) Concurrent Scan Root Regions
[131.037s][info][gc,marking     ] GC(945) Concurrent Scan Root Regions 19.538ms
[131.037s][info][gc,marking     ] GC(945) Concurrent Mark
[131.037s][info][gc,marking     ] GC(945) Concurrent Mark From Roots
[131.037s][info][gc,task        ] GC(945) Using 8 workers of 8 for marking
[131.076s][info][gc,start       ] GC(946) Pause Young (Normal) (G1 Evacuation Pause)
[131.076s][info][gc,task        ] GC(946) Using 33 workers of 33 for evacuation
[131.079s][info][gc,phases      ] GC(946)   Pre Evacuate Collection Set: 0.3ms
[131.079s][info][gc,phases      ] GC(946)   Merge Heap Roots: 0.3ms
[131.079s][info][gc,phases      ] GC(946)   Evacuate Collection Set: 1.3ms
[131.079s][info][gc,phases      ] GC(946)   Post Evacuate Collection Set: 0.7ms
[131.079s][info][gc,phases      ] GC(946)   Other: 0.1ms
[131.079s][info][gc,heap        ] GC(946) Eden regions: 792->0(787)
[131.079s][info][gc,heap        ] GC(946) Survivor regions: 10->2(91)
[131.079s][info][gc,heap        ] GC(946) Old regions: 58->66
[131.079s][info][gc,heap        ] GC(946) Archive regions: 0->0
[131.079s][info][gc,heap        ] GC(946) Humongous regions: 1097->1088
[131.079s][info][gc,metaspace   ] GC(946) Metaspace: 128584K(130624K)->128584K(130624K) NonClass: 109548K(110208K)->109548K(110208K) Class: 19035K(20416K)->19035K(20416K)
[131.079s][info][gc             ] GC(946) Pause Young (Normal) (G1 Evacuation Pause) 1944M->1144M(2048M) 2.883ms
[131.079s][info][gc,cpu         ] GC(946) User=0.02s Sys=0.00s Real=0.01s
[131.091s][info][gc,marking     ] GC(945) Concurrent Mark From Roots 53.697ms
[131.091s][info][gc,marking     ] GC(945) Concurrent Preclean
[131.094s][info][gc,marking     ] GC(945) Concurrent Preclean 2.943ms
[131.095s][info][gc,start       ] GC(945) Pause Remark
[131.098s][info][gc             ] GC(945) Pause Remark 1379M->1379M(2048M) 3.091ms
[131.098s][info][gc,cpu         ] GC(945) User=0.52s Sys=0.00s Real=0.02s
[131.098s][info][gc,marking     ] GC(945) Concurrent Mark 61.447ms
[131.099s][info][gc,marking     ] GC(945) Concurrent Rebuild Remembered Sets and Scrub Regions
[131.125s][info][gc,marking     ] GC(945) Concurrent Rebuild Remembered Sets and Scrub Regions 26.630ms
[131.126s][info][gc,start       ] GC(945) Pause Cleanup
[131.126s][info][gc             ] GC(945) Pause Cleanup 1774M->1774M(2048M) 0.338ms
[131.126s][info][gc,cpu         ] GC(945) User=0.00s Sys=0.00s Real=0.00s
[131.127s][info][gc,marking     ] GC(945) Concurrent Clear Claimed Marks
[131.128s][info][gc,marking     ] GC(945) Concurrent Clear Claimed Marks 1.152ms
[131.128s][info][gc,marking     ] GC(945) Concurrent Cleanup for Next Mark
[131.137s][info][gc,marking     ] GC(945) Concurrent Cleanup for Next Mark 8.577ms
[131.137s][info][gc             ] GC(945) Concurrent Mark Cycle 120.509ms
[131.141s][info][gc,start       ] GC(947) Pause Young (Prepare Mixed) (G1 Evacuation Pause)
[131.141s][info][gc,task        ] GC(947) Using 33 workers of 33 for evacuation
[131.143s][info][gc,phases      ] GC(947)   Pre Evacuate Collection Set: 0.3ms
[131.143s][info][gc,phases      ] GC(947)   Merge Heap Roots: 0.8ms
[131.143s][info][gc,phases      ] GC(947)   Evacuate Collection Set: 0.7ms
[131.143s][info][gc,phases      ] GC(947)   Post Evacuate Collection Set: 0.7ms
[131.143s][info][gc,phases      ] GC(947)   Other: 0.1ms
[131.143s][info][gc,heap        ] GC(947) Eden regions: 787->0(785)
[131.143s][info][gc,heap        ] GC(947) Survivor regions: 2->2(93)
[131.143s][info][gc,heap        ] GC(947) Old regions: 66->66
[131.143s][info][gc,heap        ] GC(947) Archive regions: 0->0
[131.143s][info][gc,heap        ] GC(947) Humongous regions: 1100->1090
[131.143s][info][gc,metaspace   ] GC(947) Metaspace: 128584K(130624K)->128584K(130624K) NonClass: 109548K(110208K)->109548K(110208K) Class: 19035K(20416K)->19035K(20416K)
[131.143s][info][gc             ] GC(947) Pause Young (Prepare Mixed) (G1 Evacuation Pause) 1943M->1145M(2048M) 2.740ms
[131.143s][info][gc,cpu         ] GC(947) User=0.00s Sys=0.00s Real=0.00s
[131.199s][info][gc,start       ] GC(948) Pause Young (Mixed) (G1 Evacuation Pause)
[131.199s][info][gc,task        ] GC(948) Using 33 workers of 33 for evacuation
[131.202s][info][gc,phases      ] GC(948)   Pre Evacuate Collection Set: 0.3ms
[131.202s][info][gc,phases      ] GC(948)   Merge Heap Roots: 0.3ms
[131.202s][info][gc,phases      ] GC(948)   Evacuate Collection Set: 1.3ms
[131.202s][info][gc,phases      ] GC(948)   Post Evacuate Collection Set: 0.7ms
[131.202s][info][gc,phases      ] GC(948)   Other: 0.1ms
[131.202s][info][gc,heap        ] GC(948) Eden regions: 785->0(778)
[131.202s][info][gc,heap        ] GC(948) Survivor regions: 2->2(94)
[131.202s][info][gc,heap        ] GC(948) Old regions: 66->64
[131.202s][info][gc,heap        ] GC(948) Archive regions: 0->0
[131.202s][info][gc,heap        ] GC(948) Humongous regions: 1101->1099
[131.202s][info][gc,metaspace   ] GC(948) Metaspace: 128584K(130624K)->128584K(130624K) NonClass: 109548K(110208K)->109548K(110208K) Class: 19035K(20416K)->19035K(20416K)
[131.202s][info][gc             ] GC(948) Pause Young (Mixed) (G1 Evacuation Pause) 1941M->1154M(2048M) 2.886ms
[131.202s][info][gc,cpu         ] GC(948) User=0.00s Sys=0.00s Real=0.00s
[131.237s][info][gc,start       ] GC(949) Pause Young (Concurrent Start) (G1 Humongous Allocation)
[131.237s][info][gc,task        ] GC(949) Using 33 workers of 33 for evacuation
[131.240s][info][gc,phases      ] GC(949)   Pre Evacuate Collection Set: 0.5ms
[131.240s][info][gc,phases      ] GC(949)   Merge Heap Roots: 0.2ms
[131.240s][info][gc,phases      ] GC(949)   Evacuate Collection Set: 1.5ms
[131.240s][info][gc,phases      ] GC(949)   Post Evacuate Collection Set: 0.7ms
[131.240s][info][gc,phases      ] GC(949)   Other: 0.1ms
[131.240s][info][gc,heap        ] GC(949) Eden regions: 504->0(780)
[131.240s][info][gc,heap        ] GC(949) Survivor regions: 2->3(98)
[131.240s][info][gc,heap        ] GC(949) Old regions: 64->64
[131.240s][info][gc,heap        ] GC(949) Archive regions: 0->0
[131.241s][info][gc,heap        ] GC(949) Humongous regions: 1099->1095
[131.241s][info][gc,metaspace   ] GC(949) Metaspace: 128584K(130624K)->128584K(130624K) NonClass: 109548K(110208K)->109548K(110208K) Class: 19035K(20416K)->19035K(20416K)
[131.241s][info][gc             ] GC(949) Pause Young (Concurrent Start) (G1 Humongous Allocation) 1658M->1151M(2048M) 3.224ms
[131.241s][info][gc             ] GC(950) Concurrent Mark Cycle
[131.241s][info][gc,cpu         ] GC(949) User=0.02s Sys=0.00s Real=0.02s
[131.241s][info][gc,marking     ] GC(950) Concurrent Scan Root Regions
[131.260s][info][gc,marking     ] GC(950) Concurrent Scan Root Regions 19.256ms
[131.260s][info][gc,marking     ] GC(950) Concurrent Mark
[131.260s][info][gc,marking     ] GC(950) Concurrent Mark From Roots
[131.260s][info][gc,task        ] GC(950) Using 8 workers of 8 for marking
[131.299s][info][gc,start       ] GC(951) Pause Young (Normal) (G1 Evacuation Pause)
[131.300s][info][gc,task        ] GC(951) Using 33 workers of 33 for evacuation
[131.302s][info][gc,phases      ] GC(951)   Pre Evacuate Collection Set: 0.3ms
[131.302s][info][gc,phases      ] GC(951)   Merge Heap Roots: 0.3ms
[131.302s][info][gc,phases      ] GC(951)   Evacuate Collection Set: 0.9ms
[131.302s][info][gc,phases      ] GC(951)   Post Evacuate Collection Set: 0.7ms
[131.302s][info][gc,phases      ] GC(951)   Other: 0.1ms
[131.302s][info][gc,heap        ] GC(951) Eden regions: 780->0(752)
[131.302s][info][gc,heap        ] GC(951) Survivor regions: 3->3(62)
[131.302s][info][gc,heap        ] GC(951) Old regions: 64->64
[131.302s][info][gc,heap        ] GC(951) Archive regions: 0->0
[131.302s][info][gc,heap        ] GC(951) Humongous regions: 1139->1123
[131.302s][info][gc,metaspace   ] GC(951) Metaspace: 128584K(130624K)->128584K(130624K) NonClass: 109548K(110208K)->109548K(110208K) Class: 19035K(20416K)->19035K(20416K)
[131.302s][info][gc             ] GC(951) Pause Young (Normal) (G1 Evacuation Pause) 1975M->1179M(2048M) 2.436ms
[131.302s][info][gc,cpu         ] GC(951) User=0.00s Sys=0.00s Real=0.00s
[131.331s][info][gc,marking     ] GC(950) Concurrent Mark From Roots 70.699ms
[131.331s][info][gc,marking     ] GC(950) Concurrent Preclean
[131.334s][info][gc,marking     ] GC(950) Concurrent Preclean 2.755ms
[131.335s][info][gc,start       ] GC(950) Pause Remark
[131.338s][info][gc             ] GC(950) Pause Remark 1633M->1633M(2048M) 3.184ms
[131.338s][info][gc,cpu         ] GC(950) User=0.00s Sys=0.00s Real=0.00s
[131.338s][info][gc,marking     ] GC(950) Concurrent Mark 77.959ms
[131.338s][info][gc,marking     ] GC(950) Concurrent Rebuild Remembered Sets and Scrub Regions
[131.358s][info][gc,marking     ] GC(950) Concurrent Rebuild Remembered Sets and Scrub Regions 19.317ms
[131.359s][info][gc,start       ] GC(950) Pause Cleanup
[131.359s][info][gc             ] GC(950) Pause Cleanup 1913M->1913M(2048M) 0.299ms
[131.359s][info][gc,cpu         ] GC(950) User=0.00s Sys=0.00s Real=0.00s
[131.360s][info][gc,marking     ] GC(950) Concurrent Clear Claimed Marks
[131.361s][info][gc,marking     ] GC(950) Concurrent Clear Claimed Marks 1.330ms
[131.361s][info][gc,marking     ] GC(950) Concurrent Cleanup for Next Mark
[131.363s][info][gc,start       ] GC(952) Pause Young (Prepare Mixed) (G1 Evacuation Pause)
[131.363s][info][gc,task        ] GC(952) Using 33 workers of 33 for evacuation
[131.366s][info][gc,phases      ] GC(952)   Pre Evacuate Collection Set: 0.3ms
[131.366s][info][gc,phases      ] GC(952)   Merge Heap Roots: 0.8ms
[131.366s][info][gc,phases      ] GC(952)   Evacuate Collection Set: 0.8ms
[131.366s][info][gc,phases      ] GC(952)   Post Evacuate Collection Set: 0.7ms
[131.366s][info][gc,phases      ] GC(952)   Other: 0.1ms
[131.366s][info][gc,heap        ] GC(952) Eden regions: 752->0(756)
[131.366s][info][gc,heap        ] GC(952) Survivor regions: 3->3(84)
[131.366s][info][gc,heap        ] GC(952) Old regions: 64->64
[131.366s][info][gc,heap        ] GC(952) Archive regions: 0->0
[131.366s][info][gc,heap        ] GC(952) Humongous regions: 1145->1119
[131.366s][info][gc,metaspace   ] GC(952) Metaspace: 128584K(130624K)->128584K(130624K) NonClass: 109549K(110208K)->109549K(110208K) Class: 19035K(20416K)->19035K(20416K)
[131.366s][info][gc             ] GC(952) Pause Young (Prepare Mixed) (G1 Evacuation Pause) 1953M->1175M(2048M) 2.917ms
[131.366s][info][gc,cpu         ] GC(952) User=0.00s Sys=0.00s Real=0.00s
[131.372s][info][gc,marking     ] GC(950) Concurrent Cleanup for Next Mark 10.980ms
[131.373s][info][gc             ] GC(950) Concurrent Mark Cycle 131.992ms
[131.427s][info][gc,start       ] GC(953) Pause Young (Mixed) (G1 Evacuation Pause)
[131.427s][info][gc,task        ] GC(953) Using 33 workers of 33 for evacuation
[131.430s][info][gc,phases      ] GC(953)   Pre Evacuate Collection Set: 0.3ms
[131.430s][info][gc,phases      ] GC(953)   Merge Heap Roots: 0.3ms
[131.430s][info][gc,phases      ] GC(953)   Evacuate Collection Set: 1.2ms
[131.430s][info][gc,phases      ] GC(953)   Post Evacuate Collection Set: 0.7ms
[131.430s][info][gc,phases      ] GC(953)   Other: 0.1ms
[131.430s][info][gc,heap        ] GC(953) Eden regions: 756->0(755)
[131.430s][info][gc,heap        ] GC(953) Survivor regions: 3->3(50)
[131.430s][info][gc,heap        ] GC(953) Old regions: 64->62
[131.430s][info][gc,heap        ] GC(953) Archive regions: 0->0
[131.430s][info][gc,heap        ] GC(953) Humongous regions: 1175->1122
[131.430s][info][gc,metaspace   ] GC(953) Metaspace: 128584K(130624K)->128584K(130624K) NonClass: 109549K(110208K)->109549K(110208K) Class: 19035K(20416K)->19035K(20416K)
[131.430s][info][gc             ] GC(953) Pause Young (Mixed) (G1 Evacuation Pause) 1987M->1179M(2048M) 2.841ms
[131.430s][info][gc,cpu         ] GC(953) User=0.00s Sys=0.00s Real=0.00s
[131.430s][info][gc,start       ] GC(954) Pause Young (Concurrent Start) (G1 Humongous Allocation)
[131.430s][info][gc,task        ] GC(954) Using 33 workers of 33 for evacuation
[131.433s][info][gc,phases      ] GC(954)   Pre Evacuate Collection Set: 0.4ms
[131.433s][info][gc,phases      ] GC(954)   Merge Heap Roots: 0.1ms
[131.433s][info][gc,phases      ] GC(954)   Evacuate Collection Set: 1.4ms
[131.433s][info][gc,phases      ] GC(954)   Post Evacuate Collection Set: 0.5ms
[131.433s][info][gc,phases      ] GC(954)   Other: 0.0ms
[131.433s][info][gc,heap        ] GC(954) Eden regions: 5->0(770)
[131.433s][info][gc,heap        ] GC(954) Survivor regions: 3->3(95)
[131.433s][info][gc,heap        ] GC(954) Old regions: 62->62
[131.433s][info][gc,heap        ] GC(954) Archive regions: 0->0
[131.433s][info][gc,heap        ] GC(954) Humongous regions: 1122->1107
[131.433s][info][gc,metaspace   ] GC(954) Metaspace: 128584K(130624K)->128584K(130624K) NonClass: 109549K(110208K)->109549K(110208K) Class: 19035K(20416K)->19035K(20416K)
[131.433s][info][gc             ] GC(954) Pause Young (Concurrent Start) (G1 Humongous Allocation) 1184M->1164M(2048M) 2.521ms
[131.433s][info][gc             ] GC(955) Concurrent Mark Cycle
[131.433s][info][gc,cpu         ] GC(954) User=0.52s Sys=0.00s Real=0.02s
[131.433s][info][gc,marking     ] GC(955) Concurrent Scan Root Regions
[131.450s][info][gc,marking     ] GC(955) Concurrent Scan Root Regions 17.056ms
[131.450s][info][gc,marking     ] GC(955) Concurrent Mark
[131.450s][info][gc,marking     ] GC(955) Concurrent Mark From Roots
[131.450s][info][gc,task        ] GC(955) Using 8 workers of 8 for marking
[131.496s][info][gc,start       ] GC(956) Pause Young (Normal) (G1 Evacuation Pause)
[131.496s][info][gc,task        ] GC(956) Using 33 workers of 33 for evacuation
[131.498s][info][gc,phases      ] GC(956)   Pre Evacuate Collection Set: 0.3ms
[131.498s][info][gc,phases      ] GC(956)   Merge Heap Roots: 0.2ms
[131.498s][info][gc,phases      ] GC(956)   Evacuate Collection Set: 0.9ms
[131.498s][info][gc,phases      ] GC(956)   Post Evacuate Collection Set: 0.7ms
[131.498s][info][gc,phases      ] GC(956)   Other: 0.1ms
[131.498s][info][gc,heap        ] GC(956) Eden regions: 770->0(761)
[131.498s][info][gc,heap        ] GC(956) Survivor regions: 3->3(76)
[131.498s][info][gc,heap        ] GC(956) Old regions: 62->62
[131.498s][info][gc,heap        ] GC(956) Archive regions: 0->0
[131.498s][info][gc,heap        ] GC(956) Humongous regions: 1137->1116
[131.498s][info][gc,metaspace   ] GC(956) Metaspace: 128584K(130624K)->128584K(130624K) NonClass: 109549K(110208K)->109549K(110208K) Class: 19035K(20416K)->19035K(20416K)
[131.498s][info][gc             ] GC(956) Pause Young (Normal) (G1 Evacuation Pause) 1964M->1173M(2048M) 2.406ms
[131.498s][info][gc,cpu         ] GC(956) User=0.00s Sys=0.00s Real=0.00s
[131.502s][info][gc,marking     ] GC(955) Concurrent Mark From Roots 51.865ms
[131.502s][info][gc,marking     ] GC(955) Concurrent Preclean
[131.504s][info][gc,marking     ] GC(955) Concurrent Preclean 1.885ms
[131.505s][info][gc,start       ] GC(955) Pause Remark
[131.508s][info][gc             ] GC(955) Pause Remark 1270M->1270M(2048M) 2.977ms
[131.508s][info][gc,cpu         ] GC(955) User=0.00s Sys=0.00s Real=0.00s
[131.508s][info][gc,marking     ] GC(955) Concurrent Mark 57.561ms
[131.508s][info][gc,marking     ] GC(955) Concurrent Rebuild Remembered Sets and Scrub Regions
[131.525s][info][gc,marking     ] GC(955) Concurrent Rebuild Remembered Sets and Scrub Regions 16.565ms
[131.525s][info][gc,start       ] GC(955) Pause Cleanup
[131.525s][info][gc             ] GC(955) Pause Cleanup 1497M->1497M(2048M) 0.315ms
[131.525s][info][gc,cpu         ] GC(955) User=0.00s Sys=0.00s Real=0.00s
[131.526s][info][gc,marking     ] GC(955) Concurrent Clear Claimed Marks
[131.526s][info][gc,marking     ] GC(955) Concurrent Clear Claimed Marks 0.452ms
[131.526s][info][gc,marking     ] GC(955) Concurrent Cleanup for Next Mark
[131.531s][info][gc,marking     ] GC(955) Concurrent Cleanup for Next Mark 5.032ms
[131.531s][info][gc             ] GC(955) Concurrent Mark Cycle 98.362ms
[131.559s][info][gc,start       ] GC(957) Pause Young (Prepare Mixed) (G1 Evacuation Pause)
[131.559s][info][gc,task        ] GC(957) Using 33 workers of 33 for evacuation
[131.562s][info][gc,phases      ] GC(957)   Pre Evacuate Collection Set: 0.3ms
[131.562s][info][gc,phases      ] GC(957)   Merge Heap Roots: 0.7ms
[131.562s][info][gc,phases      ] GC(957)   Evacuate Collection Set: 1.0ms
[131.562s][info][gc,phases      ] GC(957)   Post Evacuate Collection Set: 0.8ms
[131.562s][info][gc,phases      ] GC(957)   Other: 0.1ms
[131.562s][info][gc,heap        ] GC(957) Eden regions: 761->0(731)
[131.562s][info][gc,heap        ] GC(957) Survivor regions: 3->5(40)
[131.562s][info][gc,heap        ] GC(957) Old regions: 62->62
[131.562s][info][gc,heap        ] GC(957) Archive regions: 0->0
[131.562s][info][gc,heap        ] GC(957) Humongous regions: 1182->1142
[131.562s][info][gc,metaspace   ] GC(957) Metaspace: 128584K(130624K)->128584K(130624K) NonClass: 109549K(110208K)->109549K(110208K) Class: 19035K(20416K)->19035K(20416K)
[131.562s][info][gc             ] GC(957) Pause Young (Prepare Mixed) (G1 Evacuation Pause) 2000M->1201M(2048M) 3.171ms
[131.562s][info][gc,cpu         ] GC(957) User=0.00s Sys=0.00s Real=0.00s
[131.620s][info][gc,start       ] GC(958) Pause Young (Mixed) (G1 Evacuation Pause)
[131.620s][info][gc,task        ] GC(958) Using 33 workers of 33 for evacuation
[131.623s][info][gc,phases      ] GC(958)   Pre Evacuate Collection Set: 0.3ms
[131.623s][info][gc,phases      ] GC(958)   Merge Heap Roots: 0.3ms
[131.623s][info][gc,phases      ] GC(958)   Evacuate Collection Set: 1.9ms
[131.623s][info][gc,phases      ] GC(958)   Post Evacuate Collection Set: 0.8ms
[131.623s][info][gc,phases      ] GC(958)   Other: 0.1ms
[131.623s][info][gc,heap        ] GC(958) Eden regions: 731->0(725)
[131.623s][info][gc,heap        ] GC(958) Survivor regions: 5->7(12)
[131.623s][info][gc,heap        ] GC(958) Old regions: 62->60
[131.623s][info][gc,heap        ] GC(958) Archive regions: 0->0
[131.623s][info][gc,heap        ] GC(958) Humongous regions: 1238->1146
[131.623s][info][gc,metaspace   ] GC(958) Metaspace: 128584K(130624K)->128584K(130624K) NonClass: 109549K(110208K)->109549K(110208K) Class: 19035K(20416K)->19035K(20416K)
[131.623s][info][gc             ] GC(958) Pause Young (Mixed) (G1 Evacuation Pause) 2028M->1206M(2048M) 3.726ms
[131.624s][info][gc,cpu         ] GC(958) User=0.03s Sys=0.00s Real=0.01s
[131.627s][info][gc,start       ] GC(959) Pause Young (Concurrent Start) (G1 Humongous Allocation)
[131.627s][info][gc,task        ] GC(959) Using 33 workers of 33 for evacuation
[131.630s][info][gc,phases      ] GC(959)   Pre Evacuate Collection Set: 0.4ms
[131.630s][info][gc,phases      ] GC(959)   Merge Heap Roots: 0.1ms
[131.630s][info][gc,phases      ] GC(959)   Evacuate Collection Set: 2.1ms
[131.630s][info][gc,phases      ] GC(959)   Post Evacuate Collection Set: 0.6ms
[131.631s][info][gc,phases      ] GC(959)   Other: 0.1ms
[131.631s][info][gc,heap        ] GC(959) Eden regions: 52->0(727)
[131.631s][info][gc,heap        ] GC(959) Survivor regions: 7->6(92)
[131.631s][info][gc,heap        ] GC(959) Old regions: 60->60
[131.631s][info][gc,heap        ] GC(959) Archive regions: 0->0
[131.631s][info][gc,heap        ] GC(959) Humongous regions: 1146->1146
[131.631s][info][gc,metaspace   ] GC(959) Metaspace: 128584K(130624K)->128584K(130624K) NonClass: 109549K(110208K)->109549K(110208K) Class: 19035K(20416K)->19035K(20416K)
[131.631s][info][gc             ] GC(959) Pause Young (Concurrent Start) (G1 Humongous Allocation) 1258M->1206M(2048M) 3.518ms
[131.631s][info][gc             ] GC(960) Concurrent Mark Cycle
[131.631s][info][gc,cpu         ] GC(959) User=0.00s Sys=0.00s Real=0.00s
[131.631s][info][gc,marking     ] GC(960) Concurrent Scan Root Regions
[131.635s][info][gc,marking     ] GC(960) Concurrent Scan Root Regions 4.408ms
[131.635s][info][gc,marking     ] GC(960) Concurrent Mark
[131.635s][info][gc,marking     ] GC(960) Concurrent Mark From Roots
[131.635s][info][gc,task        ] GC(960) Using 8 workers of 8 for marking
[131.657s][info][gc,marking     ] GC(960) Concurrent Mark From Roots 21.450ms
[131.657s][info][gc,marking     ] GC(960) Concurrent Preclean
[131.657s][info][gc,marking     ] GC(960) Concurrent Preclean 0.538ms
[131.657s][info][gc,start       ] GC(960) Pause Remark
[131.661s][info][gc             ] GC(960) Pause Remark 1576M->1576M(2048M) 3.361ms
[131.661s][info][gc,cpu         ] GC(960) User=0.00s Sys=0.00s Real=0.00s
[131.661s][info][gc,marking     ] GC(960) Concurrent Mark 25.776ms
[131.661s][info][gc,marking     ] GC(960) Concurrent Rebuild Remembered Sets and Scrub Regions
[131.669s][info][gc,marking     ] GC(960) Concurrent Rebuild Remembered Sets and Scrub Regions 7.785ms
[131.669s][info][gc,start       ] GC(960) Pause Cleanup
[131.669s][info][gc             ] GC(960) Pause Cleanup 1693M->1693M(2048M) 0.293ms
[131.669s][info][gc,cpu         ] GC(960) User=0.00s Sys=0.00s Real=0.00s
[131.669s][info][gc,marking     ] GC(960) Concurrent Clear Claimed Marks
[131.670s][info][gc,marking     ] GC(960) Concurrent Clear Claimed Marks 0.193ms
[131.670s][info][gc,marking     ] GC(960) Concurrent Cleanup for Next Mark
[131.672s][info][gc,marking     ] GC(960) Concurrent Cleanup for Next Mark 2.723ms
[131.672s][info][gc             ] GC(960) Concurrent Mark Cycle 41.805ms
[131.696s][info][gc,start       ] GC(961) Pause Young (Prepare Mixed) (G1 Evacuation Pause)
[131.696s][info][gc,task        ] GC(961) Using 33 workers of 33 for evacuation
[131.700s][info][gc,phases      ] GC(961)   Pre Evacuate Collection Set: 0.3ms
[131.700s][info][gc,phases      ] GC(961)   Merge Heap Roots: 0.8ms
[131.700s][info][gc,phases      ] GC(961)   Evacuate Collection Set: 1.0ms
[131.700s][info][gc,phases      ] GC(961)   Post Evacuate Collection Set: 1.6ms
[131.700s][info][gc,phases      ] GC(961)   Other: 0.1ms
[131.700s][info][gc,heap        ] GC(961) Eden regions: 721->0(596)
[131.700s][info][gc,heap        ] GC(961) Survivor regions: 6->0(0)
[131.700s][info][gc,heap        ] GC(961) Old regions: 60->197
[131.700s][info][gc,heap        ] GC(961) Archive regions: 0->0
[131.700s][info][gc,heap        ] GC(961) Humongous regions: 1261->1152
[131.700s][info][gc,metaspace   ] GC(961) Metaspace: 128584K(130624K)->128584K(130624K) NonClass: 109549K(110208K)->109549K(110208K) Class: 19035K(20416K)->19035K(20416K)
[131.700s][info][gc             ] GC(961) Pause Young (Prepare Mixed) (G1 Evacuation Pause) (Evacuation Failure) 2042M->1344M(2048M) 4.222ms
[131.700s][info][gc,cpu         ] GC(961) User=0.00s Sys=0.00s Real=0.00s
[131.737s][info][gc,start       ] GC(962) Pause Young (Mixed) (G1 Evacuation Pause)
[131.737s][info][gc,task        ] GC(962) Using 33 workers of 33 for evacuation
[131.740s][info][gc,phases      ] GC(962)   Pre Evacuate Collection Set: 0.3ms
[131.740s][info][gc,phases      ] GC(962)   Merge Heap Roots: 0.3ms
[131.740s][info][gc,phases      ] GC(962)   Evacuate Collection Set: 1.2ms
[131.740s][info][gc,phases      ] GC(962)   Post Evacuate Collection Set: 0.8ms
[131.740s][info][gc,phases      ] GC(962)   Other: 0.2ms
[131.740s][info][gc,heap        ] GC(962) Eden regions: 596->0(546)
[131.740s][info][gc,heap        ] GC(962) Survivor regions: 0->1(46)
[131.740s][info][gc,heap        ] GC(962) Old regions: 197->197
[131.740s][info][gc,heap        ] GC(962) Archive regions: 0->0
[131.740s][info][gc,heap        ] GC(962) Humongous regions: 1209->1200
[131.740s][info][gc,metaspace   ] GC(962) Metaspace: 128584K(130624K)->128584K(130624K) NonClass: 109549K(110208K)->109549K(110208K) Class: 19035K(20416K)->19035K(20416K)
[131.740s][info][gc             ] GC(962) Pause Young (Mixed) (G1 Evacuation Pause) 1997M->1392M(2048M) 3.095ms
[131.740s][info][gc,cpu         ] GC(962) User=0.00s Sys=0.00s Real=0.00s
[131.741s][info][gc,start       ] GC(963) Pause Young (Concurrent Start) (G1 Humongous Allocation)
[131.741s][info][gc,task        ] GC(963) Using 33 workers of 33 for evacuation
[131.744s][info][gc,phases      ] GC(963)   Pre Evacuate Collection Set: 0.4ms
[131.744s][info][gc,phases      ] GC(963)   Merge Heap Roots: 0.1ms
[131.744s][info][gc,phases      ] GC(963)   Evacuate Collection Set: 1.9ms
[131.744s][info][gc,phases      ] GC(963)   Post Evacuate Collection Set: 0.6ms
[131.744s][info][gc,phases      ] GC(963)   Other: 0.1ms
[131.744s][info][gc,heap        ] GC(963) Eden regions: 15->0(546)
[131.744s][info][gc,heap        ] GC(963) Survivor regions: 1->1(69)
[131.745s][info][gc,heap        ] GC(963) Old regions: 197->197
[131.745s][info][gc,heap        ] GC(963) Archive regions: 0->0
[131.745s][info][gc,heap        ] GC(963) Humongous regions: 1200->1200
[131.745s][info][gc,metaspace   ] GC(963) Metaspace: 128584K(130624K)->128584K(130624K) NonClass: 109549K(110208K)->109549K(110208K) Class: 19035K(20416K)->19035K(20416K)
[131.745s][info][gc             ] GC(963) Pause Young (Concurrent Start) (G1 Humongous Allocation) 1406M->1392M(2048M) 3.409ms
[131.745s][info][gc             ] GC(964) Concurrent Mark Cycle
[131.745s][info][gc,cpu         ] GC(963) User=0.00s Sys=0.00s Real=0.00s
[131.745s][info][gc,marking     ] GC(964) Concurrent Scan Root Regions
[131.749s][info][gc,marking     ] GC(964) Concurrent Scan Root Regions 4.198ms
[131.749s][info][gc,marking     ] GC(964) Concurrent Mark
[131.749s][info][gc,marking     ] GC(964) Concurrent Mark From Roots
[131.749s][info][gc,task        ] GC(964) Using 8 workers of 8 for marking
[131.772s][info][gc,marking     ] GC(964) Concurrent Mark From Roots 22.675ms
[131.772s][info][gc,marking     ] GC(964) Concurrent Preclean
[131.772s][info][gc,marking     ] GC(964) Concurrent Preclean 0.515ms
[131.772s][info][gc,start       ] GC(964) Pause Remark
[131.776s][info][gc             ] GC(964) Pause Remark 1821M->1753M(2048M) 3.267ms
[131.776s][info][gc,cpu         ] GC(964) User=0.00s Sys=0.00s Real=0.00s
[131.776s][info][gc,marking     ] GC(964) Concurrent Mark 26.914ms
[131.776s][info][gc,marking     ] GC(964) Concurrent Rebuild Remembered Sets and Scrub Regions
[131.784s][info][gc,marking     ] GC(964) Concurrent Rebuild Remembered Sets and Scrub Regions 7.798ms
[131.784s][info][gc,start       ] GC(964) Pause Cleanup
[131.785s][info][gc             ] GC(964) Pause Cleanup 1880M->1880M(2048M) 0.692ms
[131.785s][info][gc,cpu         ] GC(964) User=0.00s Sys=0.00s Real=0.00s
[131.785s][info][gc,marking     ] GC(964) Concurrent Clear Claimed Marks
[131.786s][info][gc,marking     ] GC(964) Concurrent Clear Claimed Marks 0.221ms
[131.786s][info][gc,marking     ] GC(964) Concurrent Cleanup for Next Mark
[131.789s][info][gc,marking     ] GC(964) Concurrent Cleanup for Next Mark 3.126ms
[131.789s][info][gc             ] GC(964) Concurrent Mark Cycle 44.103ms
[131.791s][info][gc,start       ] GC(965) Pause Young (Prepare Mixed) (G1 Humongous Allocation)
[131.791s][info][gc,task        ] GC(965) Using 33 workers of 33 for evacuation
[131.794s][info][gc,phases      ] GC(965)   Pre Evacuate Collection Set: 0.3ms
[131.794s][info][gc,phases      ] GC(965)   Merge Heap Roots: 0.8ms
[131.794s][info][gc,phases      ] GC(965)   Evacuate Collection Set: 0.7ms
[131.794s][info][gc,phases      ] GC(965)   Post Evacuate Collection Set: 0.8ms
[131.794s][info][gc,phases      ] GC(965)   Other: 0.1ms
[131.794s][info][gc,heap        ] GC(965) Eden regions: 544->0(578)
[131.794s][info][gc,heap        ] GC(965) Survivor regions: 1->1(69)
[131.794s][info][gc,heap        ] GC(965) Old regions: 149->149
[131.794s][info][gc,heap        ] GC(965) Archive regions: 0->0
[131.794s][info][gc,heap        ] GC(965) Humongous regions: 1275->1216
[131.794s][info][gc,metaspace   ] GC(965) Metaspace: 128584K(130624K)->128584K(130624K) NonClass: 109549K(110208K)->109549K(110208K) Class: 19035K(20416K)->19035K(20416K)
[131.794s][info][gc             ] GC(965) Pause Young (Prepare Mixed) (G1 Humongous Allocation) 1963M->1360M(2048M) 2.862ms
[131.794s][info][gc,cpu         ] GC(965) User=0.00s Sys=0.02s Real=0.02s
[131.825s][info][gc,start       ] GC(966) Pause Young (Mixed) (G1 Humongous Allocation)
[131.826s][info][gc,task        ] GC(966) Using 33 workers of 33 for evacuation
[131.829s][info][gc,phases      ] GC(966)   Pre Evacuate Collection Set: 0.3ms
[131.829s][info][gc,phases      ] GC(966)   Merge Heap Roots: 0.2ms
[131.829s][info][gc,phases      ] GC(966)   Evacuate Collection Set: 1.5ms
[131.829s][info][gc,phases      ] GC(966)   Post Evacuate Collection Set: 0.8ms
[131.829s][info][gc,phases      ] GC(966)   Other: 0.2ms
[131.829s][info][gc,heap        ] GC(966) Eden regions: 504->0(569)
[131.829s][info][gc,heap        ] GC(966) Survivor regions: 1->2(73)
[131.829s][info][gc,heap        ] GC(966) Old regions: 149->135
[131.829s][info][gc,heap        ] GC(966) Archive regions: 0->0
[131.829s][info][gc,heap        ] GC(966) Humongous regions: 1294->1237
[131.829s][info][gc,metaspace   ] GC(966) Metaspace: 128584K(130624K)->128584K(130624K) NonClass: 109549K(110208K)->109549K(110208K) Class: 19035K(20416K)->19035K(20416K)
[131.829s][info][gc             ] GC(966) Pause Young (Mixed) (G1 Humongous Allocation) 1942M->1368M(2048M) 3.623ms
[131.829s][info][gc,cpu         ] GC(966) User=0.00s Sys=0.00s Real=0.00s
[131.831s][info][gc,start       ] GC(967) Pause Young (Concurrent Start) (G1 Humongous Allocation)
[131.831s][info][gc,task        ] GC(967) Using 33 workers of 33 for evacuation
[131.834s][info][gc,phases      ] GC(967)   Pre Evacuate Collection Set: 0.5ms
[131.835s][info][gc,phases      ] GC(967)   Merge Heap Roots: 0.1ms
[131.835s][info][gc,phases      ] GC(967)   Evacuate Collection Set: 1.7ms
[131.835s][info][gc,phases      ] GC(967)   Post Evacuate Collection Set: 0.7ms
[131.835s][info][gc,phases      ] GC(967)   Other: 0.1ms
[131.835s][info][gc,heap        ] GC(967) Eden regions: 36->0(565)
[131.835s][info][gc,heap        ] GC(967) Survivor regions: 2->2(72)
[131.835s][info][gc,heap        ] GC(967) Old regions: 135->135
[131.835s][info][gc,heap        ] GC(967) Archive regions: 0->0
[131.835s][info][gc,heap        ] GC(967) Humongous regions: 1241->1241
[131.835s][info][gc,metaspace   ] GC(967) Metaspace: 128584K(130624K)->128584K(130624K) NonClass: 109549K(110208K)->109549K(110208K) Class: 19035K(20416K)->19035K(20416K)
[131.835s][info][gc             ] GC(967) Pause Young (Concurrent Start) (G1 Humongous Allocation) 1408M->1372M(2048M) 3.531ms
[131.835s][info][gc             ] GC(968) Concurrent Mark Cycle
[131.835s][info][gc,cpu         ] GC(967) User=0.00s Sys=0.00s Real=0.00s
[131.835s][info][gc,marking     ] GC(968) Concurrent Scan Root Regions
[131.838s][info][gc,marking     ] GC(968) Concurrent Scan Root Regions 2.600ms
[131.838s][info][gc,marking     ] GC(968) Concurrent Mark
[131.838s][info][gc,marking     ] GC(968) Concurrent Mark From Roots
[131.838s][info][gc,task        ] GC(968) Using 8 workers of 8 for marking
[131.858s][info][gc,marking     ] GC(968) Concurrent Mark From Roots 20.048ms
[131.858s][info][gc,marking     ] GC(968) Concurrent Preclean
[131.858s][info][gc,marking     ] GC(968) Concurrent Preclean 0.441ms
[131.858s][info][gc,start       ] GC(968) Pause Remark
[131.862s][info][gc             ] GC(968) Pause Remark 1718M->1699M(2048M) 3.330ms
[131.862s][info][gc,cpu         ] GC(968) User=0.25s Sys=0.00s Real=0.01s
[131.862s][info][gc,marking     ] GC(968) Concurrent Mark 24.253ms
[131.862s][info][gc,marking     ] GC(968) Concurrent Rebuild Remembered Sets and Scrub Regions
[131.869s][info][gc,marking     ] GC(968) Concurrent Rebuild Remembered Sets and Scrub Regions 7.072ms
[131.869s][info][gc,start       ] GC(968) Pause Cleanup
[131.870s][info][gc             ] GC(968) Pause Cleanup 1810M->1810M(2048M) 0.514ms
[131.870s][info][gc,cpu         ] GC(968) User=0.00s Sys=0.00s Real=0.00s
[131.870s][info][gc,marking     ] GC(968) Concurrent Clear Claimed Marks
[131.870s][info][gc,marking     ] GC(968) Concurrent Clear Claimed Marks 0.264ms
[131.870s][info][gc,marking     ] GC(968) Concurrent Cleanup for Next Mark
[131.873s][info][gc,marking     ] GC(968) Concurrent Cleanup for Next Mark 2.470ms
[131.873s][info][gc             ] GC(968) Concurrent Mark Cycle 37.801ms
[131.880s][info][gc,start       ] GC(969) Pause Young (Prepare Mixed) (G1 Humongous Allocation)
[131.880s][info][gc,task        ] GC(969) Using 33 workers of 33 for evacuation
[131.883s][info][gc,phases      ] GC(969)   Pre Evacuate Collection Set: 0.3ms
[131.883s][info][gc,phases      ] GC(969)   Merge Heap Roots: 0.8ms
[131.883s][info][gc,phases      ] GC(969)   Evacuate Collection Set: 0.8ms
[131.883s][info][gc,phases      ] GC(969)   Post Evacuate Collection Set: 0.7ms
[131.883s][info][gc,phases      ] GC(969)   Other: 0.1ms
[131.883s][info][gc,heap        ] GC(969) Eden regions: 559->0(600)
[131.883s][info][gc,heap        ] GC(969) Survivor regions: 2->2(71)
[131.883s][info][gc,heap        ] GC(969) Old regions: 128->128
[131.883s][info][gc,heap        ] GC(969) Archive regions: 0->0
[131.883s][info][gc,heap        ] GC(969) Humongous regions: 1287->1213
[131.883s][info][gc,metaspace   ] GC(969) Metaspace: 128584K(130624K)->128584K(130624K) NonClass: 109549K(110208K)->109549K(110208K) Class: 19035K(20416K)->19035K(20416K)
[131.883s][info][gc             ] GC(969) Pause Young (Prepare Mixed) (G1 Humongous Allocation) 1970M->1337M(2048M) 2.963ms
[131.883s][info][gc,cpu         ] GC(969) User=0.00s Sys=0.00s Real=0.00s
[131.915s][info][gc,start       ] GC(970) Pause Young (Mixed) (G1 Humongous Allocation)
[131.915s][info][gc,task        ] GC(970) Using 33 workers of 33 for evacuation
[131.918s][info][gc,phases      ] GC(970)   Pre Evacuate Collection Set: 0.3ms
[131.918s][info][gc,phases      ] GC(970)   Merge Heap Roots: 0.2ms
[131.918s][info][gc,phases      ] GC(970)   Evacuate Collection Set: 1.5ms
[131.918s][info][gc,phases      ] GC(970)   Post Evacuate Collection Set: 0.7ms
[131.918s][info][gc,phases      ] GC(970)   Other: 0.1ms
[131.918s][info][gc,heap        ] GC(970) Eden regions: 529->0(590)
[131.918s][info][gc,heap        ] GC(970) Survivor regions: 2->2(76)
[131.918s][info][gc,heap        ] GC(970) Old regions: 128->117
[131.918s][info][gc,heap        ] GC(970) Archive regions: 0->0
[131.918s][info][gc,heap        ] GC(970) Humongous regions: 1285->1234
[131.918s][info][gc,metaspace   ] GC(970) Metaspace: 128584K(130624K)->128584K(130624K) NonClass: 109549K(110208K)->109549K(110208K) Class: 19035K(20416K)->19035K(20416K)
[131.918s][info][gc             ] GC(970) Pause Young (Mixed) (G1 Humongous Allocation) 1938M->1347M(2048M) 3.060ms
[131.918s][info][gc,cpu         ] GC(970) User=0.00s Sys=0.00s Real=0.00s
[131.923s][info][gc,start       ] GC(971) Pause Young (Concurrent Start) (G1 Humongous Allocation)
[131.923s][info][gc,task        ] GC(971) Using 33 workers of 33 for evacuation
[131.925s][info][gc,phases      ] GC(971)   Pre Evacuate Collection Set: 0.5ms
[131.925s][info][gc,phases      ] GC(971)   Merge Heap Roots: 0.1ms
[131.925s][info][gc,phases      ] GC(971)   Evacuate Collection Set: 1.0ms
[131.925s][info][gc,phases      ] GC(971)   Post Evacuate Collection Set: 0.6ms
[131.925s][info][gc,phases      ] GC(971)   Other: 0.1ms
[131.925s][info][gc,heap        ] GC(971) Eden regions: 77->0(587)
[131.925s][info][gc,heap        ] GC(971) Survivor regions: 2->2(74)
[131.925s][info][gc,heap        ] GC(971) Old regions: 117->117
[131.925s][info][gc,heap        ] GC(971) Archive regions: 0->0
[131.925s][info][gc,heap        ] GC(971) Humongous regions: 1241->1237
[131.925s][info][gc,metaspace   ] GC(971) Metaspace: 128584K(130624K)->128584K(130624K) NonClass: 109549K(110208K)->109549K(110208K) Class: 19035K(20416K)->19035K(20416K)
[131.925s][info][gc             ] GC(971) Pause Young (Concurrent Start) (G1 Humongous Allocation) 1431M->1350M(2048M) 2.432ms
[131.925s][info][gc             ] GC(972) Concurrent Mark Cycle
[131.925s][info][gc,cpu         ] GC(971) User=0.00s Sys=0.00s Real=0.00s
[131.925s][info][gc,marking     ] GC(972) Concurrent Scan Root Regions
[131.927s][info][gc,marking     ] GC(972) Concurrent Scan Root Regions 2.131ms
[131.927s][info][gc,marking     ] GC(972) Concurrent Mark
[131.927s][info][gc,marking     ] GC(972) Concurrent Mark From Roots
[131.927s][info][gc,task        ] GC(972) Using 8 workers of 8 for marking
[131.948s][info][gc,marking     ] GC(972) Concurrent Mark From Roots 20.643ms
[131.948s][info][gc,marking     ] GC(972) Concurrent Preclean
[131.948s][info][gc,marking     ] GC(972) Concurrent Preclean 0.516ms
[131.949s][info][gc,start       ] GC(972) Pause Remark
[131.952s][info][gc             ] GC(972) Pause Remark 1710M->1705M(2048M) 3.096ms
[131.952s][info][gc,cpu         ] GC(972) User=0.00s Sys=0.00s Real=0.00s
[131.952s][info][gc,marking     ] GC(972) Concurrent Mark 24.695ms
[131.952s][info][gc,marking     ] GC(972) Concurrent Rebuild Remembered Sets and Scrub Regions
[131.960s][info][gc,marking     ] GC(972) Concurrent Rebuild Remembered Sets and Scrub Regions 7.660ms
[131.960s][info][gc,start       ] GC(972) Pause Cleanup
[131.960s][info][gc             ] GC(972) Pause Cleanup 1838M->1838M(2048M) 0.481ms
[131.960s][info][gc,cpu         ] GC(972) User=0.00s Sys=0.00s Real=0.00s
[131.960s][info][gc,marking     ] GC(972) Concurrent Clear Claimed Marks
[131.961s][info][gc,marking     ] GC(972) Concurrent Clear Claimed Marks 0.221ms
[131.961s][info][gc,marking     ] GC(972) Concurrent Cleanup for Next Mark
[131.963s][info][gc,marking     ] GC(972) Concurrent Cleanup for Next Mark 2.411ms
[131.963s][info][gc             ] GC(972) Concurrent Mark Cycle 38.149ms
[131.968s][info][gc,start       ] GC(973) Pause Young (Prepare Mixed) (G1 Humongous Allocation)
[131.968s][info][gc,task        ] GC(973) Using 33 workers of 33 for evacuation
[131.971s][info][gc,phases      ] GC(973)   Pre Evacuate Collection Set: 0.3ms
[131.971s][info][gc,phases      ] GC(973)   Merge Heap Roots: 0.8ms
[131.971s][info][gc,phases      ] GC(973)   Evacuate Collection Set: 0.8ms
[131.971s][info][gc,phases      ] GC(973)   Post Evacuate Collection Set: 0.8ms
[131.971s][info][gc,phases      ] GC(973)   Other: 0.2ms
[131.971s][info][gc,heap        ] GC(973) Eden regions: 518->0(582)
[131.971s][info][gc,heap        ] GC(973) Survivor regions: 2->2(74)
[131.971s][info][gc,heap        ] GC(973) Old regions: 116->116
[131.971s][info][gc,heap        ] GC(973) Archive regions: 0->0
[131.971s][info][gc,heap        ] GC(973) Humongous regions: 1330->1243
[131.971s][info][gc,metaspace   ] GC(973) Metaspace: 128584K(130624K)->128584K(130624K) NonClass: 109549K(110208K)->109549K(110208K) Class: 19035K(20416K)->19035K(20416K)
[131.971s][info][gc             ] GC(973) Pause Young (Prepare Mixed) (G1 Humongous Allocation) 1960M->1355M(2048M) 3.062ms
[131.971s][info][gc,cpu         ] GC(973) User=0.00s Sys=0.00s Real=0.00s
[132.007s][info][gc,start       ] GC(974) Pause Young (Mixed) (G1 Evacuation Pause)
[132.007s][info][gc,task        ] GC(974) Using 33 workers of 33 for evacuation
[132.009s][info][gc,phases      ] GC(974)   Pre Evacuate Collection Set: 0.3ms
[132.009s][info][gc,phases      ] GC(974)   Merge Heap Roots: 0.3ms
[132.009s][info][gc,phases      ] GC(974)   Evacuate Collection Set: 1.2ms
[132.009s][info][gc,phases      ] GC(974)   Post Evacuate Collection Set: 0.7ms
[132.009s][info][gc,phases      ] GC(974)   Other: 0.1ms
[132.009s][info][gc,heap        ] GC(974) Eden regions: 582->0(597)
[132.009s][info][gc,heap        ] GC(974) Survivor regions: 2->2(39)
[132.009s][info][gc,heap        ] GC(974) Old regions: 116->107
[132.009s][info][gc,heap        ] GC(974) Archive regions: 0->0
[132.009s][info][gc,heap        ] GC(974) Humongous regions: 1309->1237
[132.009s][info][gc,metaspace   ] GC(974) Metaspace: 128584K(130624K)->128584K(130624K) NonClass: 109549K(110208K)->109549K(110208K) Class: 19035K(20416K)->19035K(20416K)
[132.010s][info][gc             ] GC(974) Pause Young (Mixed) (G1 Evacuation Pause) 2003M->1340M(2048M) 2.839ms
[132.010s][info][gc,cpu         ] GC(974) User=0.00s Sys=0.00s Real=0.00s
[132.012s][info][gc,start       ] GC(975) Pause Young (Concurrent Start) (G1 Humongous Allocation)
[132.012s][info][gc,task        ] GC(975) Using 33 workers of 33 for evacuation
[132.014s][info][gc,phases      ] GC(975)   Pre Evacuate Collection Set: 0.4ms
[132.014s][info][gc,phases      ] GC(975)   Merge Heap Roots: 0.1ms
[132.014s][info][gc,phases      ] GC(975)   Evacuate Collection Set: 1.1ms
[132.014s][info][gc,phases      ] GC(975)   Post Evacuate Collection Set: 0.5ms
[132.014s][info][gc,phases      ] GC(975)   Other: 0.0ms
[132.014s][info][gc,heap        ] GC(975) Eden regions: 36->0(597)
[132.014s][info][gc,heap        ] GC(975) Survivor regions: 2->2(75)
[132.014s][info][gc,heap        ] GC(975) Old regions: 107->107
[132.014s][info][gc,heap        ] GC(975) Archive regions: 0->0
[132.014s][info][gc,heap        ] GC(975) Humongous regions: 1237->1237
[132.014s][info][gc,metaspace   ] GC(975) Metaspace: 128584K(130624K)->128584K(130624K) NonClass: 109549K(110208K)->109549K(110208K) Class: 19035K(20416K)->19035K(20416K)
[132.014s][info][gc             ] GC(975) Pause Young (Concurrent Start) (G1 Humongous Allocation) 1375M->1340M(2048M) 2.380ms
[132.014s][info][gc             ] GC(976) Concurrent Mark Cycle
[132.014s][info][gc,cpu         ] GC(975) User=0.00s Sys=0.00s Real=0.00s
[132.014s][info][gc,marking     ] GC(976) Concurrent Scan Root Regions
[132.017s][info][gc,marking     ] GC(976) Concurrent Scan Root Regions 3.317ms
[132.017s][info][gc,marking     ] GC(976) Concurrent Mark
[132.017s][info][gc,marking     ] GC(976) Concurrent Mark From Roots
[132.017s][info][gc,task        ] GC(976) Using 8 workers of 8 for marking
[132.036s][info][gc,marking     ] GC(976) Concurrent Mark From Roots 18.518ms
[132.036s][info][gc,marking     ] GC(976) Concurrent Preclean
[132.037s][info][gc,marking     ] GC(976) Concurrent Preclean 0.531ms
[132.037s][info][gc,start       ] GC(976) Pause Remark
[132.040s][info][gc             ] GC(976) Pause Remark 1692M->1692M(2048M) 3.057ms
[132.040s][info][gc,cpu         ] GC(976) User=0.00s Sys=0.00s Real=0.00s
[132.040s][info][gc,marking     ] GC(976) Concurrent Mark 22.525ms
[132.040s][info][gc,marking     ] GC(976) Concurrent Rebuild Remembered Sets and Scrub Regions
[132.047s][info][gc,marking     ] GC(976) Concurrent Rebuild Remembered Sets and Scrub Regions 7.157ms
[132.047s][info][gc,start       ] GC(976) Pause Cleanup
[132.048s][info][gc             ] GC(976) Pause Cleanup 1798M->1798M(2048M) 0.439ms
[132.048s][info][gc,cpu         ] GC(976) User=0.00s Sys=0.00s Real=0.00s
[132.048s][info][gc,marking     ] GC(976) Concurrent Clear Claimed Marks
[132.048s][info][gc,marking     ] GC(976) Concurrent Clear Claimed Marks 0.196ms
[132.048s][info][gc,marking     ] GC(976) Concurrent Cleanup for Next Mark
[132.051s][info][gc,marking     ] GC(976) Concurrent Cleanup for Next Mark 2.501ms
[132.051s][info][gc             ] GC(976) Concurrent Mark Cycle 36.568ms
[132.058s][info][gc,start       ] GC(977) Pause Young (Prepare Mixed) (G1 Humongous Allocation)
[132.058s][info][gc,task        ] GC(977) Using 33 workers of 33 for evacuation
[132.061s][info][gc,phases      ] GC(977)   Pre Evacuate Collection Set: 0.3ms
[132.061s][info][gc,phases      ] GC(977)   Merge Heap Roots: 0.8ms
[132.061s][info][gc,phases      ] GC(977)   Evacuate Collection Set: 0.7ms
[132.061s][info][gc,phases      ] GC(977)   Post Evacuate Collection Set: 0.8ms
[132.061s][info][gc,phases      ] GC(977)   Other: 0.1ms
[132.061s][info][gc,heap        ] GC(977) Eden regions: 540->0(588)
[132.061s][info][gc,heap        ] GC(977) Survivor regions: 2->2(75)
[132.061s][info][gc,heap        ] GC(977) Old regions: 107->107
[132.061s][info][gc,heap        ] GC(977) Archive regions: 0->0
[132.061s][info][gc,heap        ] GC(977) Humongous regions: 1320->1246
[132.061s][info][gc,metaspace   ] GC(977) Metaspace: 128584K(130624K)->128584K(130624K) NonClass: 109549K(110208K)->109549K(110208K) Class: 19035K(20416K)->19035K(20416K)
[132.061s][info][gc             ] GC(977) Pause Young (Prepare Mixed) (G1 Humongous Allocation) 1963M->1349M(2048M) 3.015ms
[132.061s][info][gc,cpu         ] GC(977) User=0.02s Sys=0.00s Real=0.02s
[132.095s][info][gc,start       ] GC(978) Pause Young (Mixed) (G1 Humongous Allocation)
[132.095s][info][gc,task        ] GC(978) Using 33 workers of 33 for evacuation
[132.098s][info][gc,phases      ] GC(978)   Pre Evacuate Collection Set: 0.3ms
[132.098s][info][gc,phases      ] GC(978)   Merge Heap Roots: 0.2ms
[132.098s][info][gc,phases      ] GC(978)   Evacuate Collection Set: 1.1ms
[132.098s][info][gc,phases      ] GC(978)   Post Evacuate Collection Set: 0.8ms
[132.098s][info][gc,phases      ] GC(978)   Other: 0.1ms
[132.098s][info][gc,heap        ] GC(978) Eden regions: 557->0(579)
[132.098s][info][gc,heap        ] GC(978) Survivor regions: 2->2(50)
[132.098s][info][gc,heap        ] GC(978) Old regions: 107->99
[132.098s][info][gc,heap        ] GC(978) Archive regions: 0->0
[132.098s][info][gc,heap        ] GC(978) Humongous regions: 1332->1263
[132.098s][info][gc,metaspace   ] GC(978) Metaspace: 128584K(130624K)->128584K(130624K) NonClass: 109549K(110208K)->109549K(110208K) Class: 19035K(20416K)->19035K(20416K)
[132.098s][info][gc             ] GC(978) Pause Young (Mixed) (G1 Humongous Allocation) 1992M->1358M(2048M) 2.706ms
[132.098s][info][gc,cpu         ] GC(978) User=0.00s Sys=0.00s Real=0.00s
[132.101s][info][gc,start       ] GC(979) Pause Young (Concurrent Start) (G1 Humongous Allocation)
[132.101s][info][gc,task        ] GC(979) Using 33 workers of 33 for evacuation
[132.104s][info][gc,phases      ] GC(979)   Pre Evacuate Collection Set: 0.5ms
[132.104s][info][gc,phases      ] GC(979)   Merge Heap Roots: 0.1ms
[132.104s][info][gc,phases      ] GC(979)   Evacuate Collection Set: 1.3ms
[132.104s][info][gc,phases      ] GC(979)   Post Evacuate Collection Set: 0.6ms
[132.104s][info][gc,phases      ] GC(979)   Other: 0.0ms
[132.104s][info][gc,heap        ] GC(979) Eden regions: 55->0(577)
[132.104s][info][gc,heap        ] GC(979) Survivor regions: 2->3(73)
[132.104s][info][gc,heap        ] GC(979) Old regions: 99->99
[132.104s][info][gc,heap        ] GC(979) Archive regions: 0->0
[132.104s][info][gc,heap        ] GC(979) Humongous regions: 1267->1263
[132.104s][info][gc,metaspace   ] GC(979) Metaspace: 128584K(130624K)->128584K(130624K) NonClass: 109549K(110208K)->109549K(110208K) Class: 19035K(20416K)->19035K(20416K)
[132.104s][info][gc             ] GC(979) Pause Young (Concurrent Start) (G1 Humongous Allocation) 1417M->1359M(2048M) 2.650ms
[132.104s][info][gc             ] GC(980) Concurrent Mark Cycle
[132.104s][info][gc,cpu         ] GC(979) User=0.00s Sys=0.00s Real=0.00s
[132.104s][info][gc,marking     ] GC(980) Concurrent Scan Root Regions
[132.106s][info][gc,marking     ] GC(980) Concurrent Scan Root Regions 2.105ms
[132.106s][info][gc,marking     ] GC(980) Concurrent Mark
[132.106s][info][gc,marking     ] GC(980) Concurrent Mark From Roots
[132.106s][info][gc,task        ] GC(980) Using 8 workers of 8 for marking
[132.126s][info][gc,marking     ] GC(980) Concurrent Mark From Roots 19.839ms
[132.126s][info][gc,marking     ] GC(980) Concurrent Preclean
[132.126s][info][gc,marking     ] GC(980) Concurrent Preclean 0.443ms
[132.127s][info][gc,start       ] GC(980) Pause Remark
[132.130s][info][gc             ] GC(980) Pause Remark 1713M->1713M(2048M) 3.115ms
[132.130s][info][gc,cpu         ] GC(980) User=0.00s Sys=0.00s Real=0.00s
[132.130s][info][gc,marking     ] GC(980) Concurrent Mark 23.844ms
[132.130s][info][gc,marking     ] GC(980) Concurrent Rebuild Remembered Sets and Scrub Regions
[132.137s][info][gc,marking     ] GC(980) Concurrent Rebuild Remembered Sets and Scrub Regions 7.340ms
[132.138s][info][gc,start       ] GC(980) Pause Cleanup
[132.139s][info][gc             ] GC(980) Pause Cleanup 1822M->1822M(2048M) 0.416ms
[132.139s][info][gc,cpu         ] GC(980) User=0.00s Sys=0.00s Real=0.00s
[132.139s][info][gc,marking     ] GC(980) Concurrent Clear Claimed Marks
[132.139s][info][gc,marking     ] GC(980) Concurrent Clear Claimed Marks 0.175ms
[132.139s][info][gc,marking     ] GC(980) Concurrent Cleanup for Next Mark
[132.141s][info][gc,marking     ] GC(980) Concurrent Cleanup for Next Mark 2.406ms
[132.141s][info][gc             ] GC(980) Concurrent Mark Cycle 37.519ms
[132.149s][info][gc,start       ] GC(981) Pause Young (Prepare Mixed) (G1 Evacuation Pause)
[132.149s][info][gc,task        ] GC(981) Using 33 workers of 33 for evacuation
[132.152s][info][gc,phases      ] GC(981)   Pre Evacuate Collection Set: 0.3ms
[132.152s][info][gc,phases      ] GC(981)   Merge Heap Roots: 0.8ms
[132.152s][info][gc,phases      ] GC(981)   Evacuate Collection Set: 0.8ms
[132.152s][info][gc,phases      ] GC(981)   Post Evacuate Collection Set: 0.7ms
[132.152s][info][gc,phases      ] GC(981)   Other: 0.1ms
[132.152s][info][gc,heap        ] GC(981) Eden regions: 577->0(559)
[132.152s][info][gc,heap        ] GC(981) Survivor regions: 3->2(42)
[132.152s][info][gc,heap        ] GC(981) Old regions: 99->99
[132.152s][info][gc,heap        ] GC(981) Archive regions: 0->0
[132.152s][info][gc,heap        ] GC(981) Humongous regions: 1327->1283
[132.152s][info][gc,metaspace   ] GC(981) Metaspace: 128584K(130624K)->128584K(130624K) NonClass: 109549K(110208K)->109549K(110208K) Class: 19035K(20416K)->19035K(20416K)
[132.152s][info][gc             ] GC(981) Pause Young (Prepare Mixed) (G1 Evacuation Pause) 2000M->1378M(2048M) 2.923ms
[132.152s][info][gc,cpu         ] GC(981) User=0.52s Sys=0.00s Real=0.02s
[132.183s][info][gc,start       ] GC(982) Pause Young (Mixed) (G1 Humongous Allocation)
[132.183s][info][gc,task        ] GC(982) Using 33 workers of 33 for evacuation
[132.185s][info][gc,phases      ] GC(982)   Pre Evacuate Collection Set: 0.3ms
[132.185s][info][gc,phases      ] GC(982)   Merge Heap Roots: 0.2ms
[132.185s][info][gc,phases      ] GC(982)   Evacuate Collection Set: 1.1ms
[132.185s][info][gc,phases      ] GC(982)   Post Evacuate Collection Set: 0.7ms
[132.185s][info][gc,phases      ] GC(982)   Other: 0.1ms
[132.185s][info][gc,heap        ] GC(982) Eden regions: 490->0(557)
[132.185s][info][gc,heap        ] GC(982) Survivor regions: 2->2(71)
[132.185s][info][gc,heap        ] GC(982) Old regions: 99->92
[132.186s][info][gc,heap        ] GC(982) Archive regions: 0->0
[132.186s][info][gc,heap        ] GC(982) Humongous regions: 1369->1292
[132.186s][info][gc,metaspace   ] GC(982) Metaspace: 128584K(130624K)->128584K(130624K) NonClass: 109549K(110208K)->109549K(110208K) Class: 19035K(20416K)->19035K(20416K)
[132.186s][info][gc             ] GC(982) Pause Young (Mixed) (G1 Humongous Allocation) 1954M->1380M(2048M) 2.640ms
[132.186s][info][gc,cpu         ] GC(982) User=0.00s Sys=0.00s Real=0.00s
[132.187s][info][gc,start       ] GC(983) Pause Young (Concurrent Start) (G1 Humongous Allocation)
[132.187s][info][gc,task        ] GC(983) Using 33 workers of 33 for evacuation
[132.190s][info][gc,phases      ] GC(983)   Pre Evacuate Collection Set: 0.4ms
[132.190s][info][gc,phases      ] GC(983)   Merge Heap Roots: 0.1ms
[132.190s][info][gc,phases      ] GC(983)   Evacuate Collection Set: 2.0ms
[132.190s][info][gc,phases      ] GC(983)   Post Evacuate Collection Set: 0.5ms
[132.190s][info][gc,phases      ] GC(983)   Other: 0.1ms
[132.190s][info][gc,heap        ] GC(983) Eden regions: 24->0(553)
[132.190s][info][gc,heap        ] GC(983) Survivor regions: 2->2(70)
[132.190s][info][gc,heap        ] GC(983) Old regions: 92->92
[132.190s][info][gc,heap        ] GC(983) Archive regions: 0->0
[132.190s][info][gc,heap        ] GC(983) Humongous regions: 1296->1296
[132.190s][info][gc,metaspace   ] GC(983) Metaspace: 128584K(130624K)->128584K(130624K) NonClass: 109549K(110208K)->109549K(110208K) Class: 19035K(20416K)->19035K(20416K)
[132.190s][info][gc             ] GC(983) Pause Young (Concurrent Start) (G1 Humongous Allocation) 1408M->1384M(2048M) 3.239ms
[132.190s][info][gc             ] GC(984) Concurrent Mark Cycle
[132.190s][info][gc,cpu         ] GC(983) User=0.00s Sys=0.00s Real=0.00s
[132.190s][info][gc,marking     ] GC(984) Concurrent Scan Root Regions
[132.193s][info][gc,marking     ] GC(984) Concurrent Scan Root Regions 2.598ms
[132.193s][info][gc,marking     ] GC(984) Concurrent Mark
[132.193s][info][gc,marking     ] GC(984) Concurrent Mark From Roots
[132.193s][info][gc,task        ] GC(984) Using 8 workers of 8 for marking
[132.213s][info][gc,marking     ] GC(984) Concurrent Mark From Roots 19.430ms
[132.213s][info][gc,marking     ] GC(984) Concurrent Preclean
[132.213s][info][gc,marking     ] GC(984) Concurrent Preclean 0.601ms
[132.214s][info][gc,start       ] GC(984) Pause Remark
[132.217s][info][gc             ] GC(984) Pause Remark 1684M->1684M(2048M) 3.158ms
[132.217s][info][gc,cpu         ] GC(984) User=0.00s Sys=0.00s Real=0.00s
[132.217s][info][gc,marking     ] GC(984) Concurrent Mark 23.663ms
[132.217s][info][gc,marking     ] GC(984) Concurrent Rebuild Remembered Sets and Scrub Regions
[132.223s][info][gc,marking     ] GC(984) Concurrent Rebuild Remembered Sets and Scrub Regions 6.548ms
[132.224s][info][gc,start       ] GC(984) Pause Cleanup
[132.224s][info][gc             ] GC(984) Pause Cleanup 1768M->1768M(2048M) 0.458ms
[132.224s][info][gc,cpu         ] GC(984) User=0.00s Sys=0.00s Real=0.00s
[132.224s][info][gc,marking     ] GC(984) Concurrent Clear Claimed Marks
[132.224s][info][gc,marking     ] GC(984) Concurrent Clear Claimed Marks 0.180ms
[132.224s][info][gc,marking     ] GC(984) Concurrent Cleanup for Next Mark
[132.227s][info][gc,marking     ] GC(984) Concurrent Cleanup for Next Mark 2.228ms
[132.227s][info][gc             ] GC(984) Concurrent Mark Cycle 36.233ms
[132.235s][info][gc,start       ] GC(985) Pause Young (Prepare Mixed) (G1 Humongous Allocation)
[132.235s][info][gc,task        ] GC(985) Using 33 workers of 33 for evacuation
[132.238s][info][gc,phases      ] GC(985)   Pre Evacuate Collection Set: 0.3ms
[132.238s][info][gc,phases      ] GC(985)   Merge Heap Roots: 0.8ms
[132.238s][info][gc,phases      ] GC(985)   Evacuate Collection Set: 0.8ms
[132.238s][info][gc,phases      ] GC(985)   Post Evacuate Collection Set: 0.7ms
[132.238s][info][gc,phases      ] GC(985)   Other: 0.1ms
[132.238s][info][gc,heap        ] GC(985) Eden regions: 456->0(563)
[132.238s][info][gc,heap        ] GC(985) Survivor regions: 2->2(70)
[132.238s][info][gc,heap        ] GC(985) Old regions: 92->92
[132.238s][info][gc,heap        ] GC(985) Archive regions: 0->0
[132.238s][info][gc,heap        ] GC(985) Humongous regions: 1372->1286
[132.238s][info][gc,metaspace   ] GC(985) Metaspace: 128587K(130688K)->128587K(130688K) NonClass: 109551K(110272K)->109551K(110272K) Class: 19035K(20416K)->19035K(20416K)
[132.238s][info][gc             ] GC(985) Pause Young (Prepare Mixed) (G1 Humongous Allocation) 1916M->1374M(2048M) 3.149ms
[132.238s][info][gc,cpu         ] GC(985) User=0.00s Sys=0.00s Real=0.00s
[132.279s][info][gc,start       ] GC(986) Pause Young (Mixed) (G1 Evacuation Pause)
[132.279s][info][gc,task        ] GC(986) Using 33 workers of 33 for evacuation
[132.282s][info][gc,phases      ] GC(986)   Pre Evacuate Collection Set: 0.4ms
[132.282s][info][gc,phases      ] GC(986)   Merge Heap Roots: 0.3ms
[132.282s][info][gc,phases      ] GC(986)   Evacuate Collection Set: 1.5ms
[132.282s][info][gc,phases      ] GC(986)   Post Evacuate Collection Set: 0.9ms
[132.282s][info][gc,phases      ] GC(986)   Other: 0.2ms
[132.282s][info][gc,heap        ] GC(986) Eden regions: 563->0(579)
[132.282s][info][gc,heap        ] GC(986) Survivor regions: 2->2(71)
[132.282s][info][gc,heap        ] GC(986) Old regions: 92->85
[132.282s][info][gc,heap        ] GC(986) Archive regions: 0->0
[132.282s][info][gc,heap        ] GC(986) Humongous regions: 1310->1277
[132.282s][info][gc,metaspace   ] GC(986) Metaspace: 128608K(130688K)->128608K(130688K) NonClass: 109573K(110272K)->109573K(110272K) Class: 19035K(20416K)->19035K(20416K)
[132.282s][info][gc             ] GC(986) Pause Young (Mixed) (G1 Evacuation Pause) 1961M->1358M(2048M) 3.739ms
[132.282s][info][gc,cpu         ] GC(986) User=0.00s Sys=0.00s Real=0.00s
[132.283s][info][gc,start       ] GC(987) Pause Young (Concurrent Start) (G1 Humongous Allocation)
[132.283s][info][gc,task        ] GC(987) Using 33 workers of 33 for evacuation
[132.286s][info][gc,phases      ] GC(987)   Pre Evacuate Collection Set: 0.5ms
[132.286s][info][gc,phases      ] GC(987)   Merge Heap Roots: 0.1ms
[132.286s][info][gc,phases      ] GC(987)   Evacuate Collection Set: 1.8ms
[132.286s][info][gc,phases      ] GC(987)   Post Evacuate Collection Set: 0.6ms
[132.286s][info][gc,phases      ] GC(987)   Other: 0.1ms
[132.286s][info][gc,heap        ] GC(987) Eden regions: 6->0(579)
[132.286s][info][gc,heap        ] GC(987) Survivor regions: 2->2(73)
[132.286s][info][gc,heap        ] GC(987) Old regions: 85->85
[132.286s][info][gc,heap        ] GC(987) Archive regions: 0->0
[132.286s][info][gc,heap        ] GC(987) Humongous regions: 1277->1277
[132.286s][info][gc,metaspace   ] GC(987) Metaspace: 128608K(130688K)->128608K(130688K) NonClass: 109573K(110272K)->109573K(110272K) Class: 19035K(20416K)->19035K(20416K)
[132.286s][info][gc             ] GC(987) Pause Young (Concurrent Start) (G1 Humongous Allocation) 1364M->1358M(2048M) 3.442ms
[132.286s][info][gc             ] GC(988) Concurrent Mark Cycle
[132.286s][info][gc,cpu         ] GC(987) User=0.02s Sys=0.00s Real=0.01s
[132.286s][info][gc,marking     ] GC(988) Concurrent Scan Root Regions
[132.291s][info][gc,marking     ] GC(988) Concurrent Scan Root Regions 4.850ms
[132.291s][info][gc,marking     ] GC(988) Concurrent Mark
[132.291s][info][gc,marking     ] GC(988) Concurrent Mark From Roots
[132.291s][info][gc,task        ] GC(988) Using 8 workers of 8 for marking
[132.313s][info][gc,marking     ] GC(988) Concurrent Mark From Roots 21.765ms
[132.313s][info][gc,marking     ] GC(988) Concurrent Preclean
[132.314s][info][gc,marking     ] GC(988) Concurrent Preclean 0.382ms
[132.314s][info][gc,start       ] GC(988) Pause Remark
[132.317s][info][gc             ] GC(988) Pause Remark 1667M->1667M(2048M) 3.148ms
[132.317s][info][gc,cpu         ] GC(988) User=0.00s Sys=0.00s Real=0.00s
[132.317s][info][gc,marking     ] GC(988) Concurrent Mark 25.703ms
[132.317s][info][gc,marking     ] GC(988) Concurrent Rebuild Remembered Sets and Scrub Regions
[132.324s][info][gc,marking     ] GC(988) Concurrent Rebuild Remembered Sets and Scrub Regions 6.937ms
[132.324s][info][gc,start       ] GC(988) Pause Cleanup
[132.325s][info][gc             ] GC(988) Pause Cleanup 1757M->1757M(2048M) 0.390ms
[132.325s][info][gc,cpu         ] GC(988) User=0.00s Sys=0.00s Real=0.00s
[132.325s][info][gc,marking     ] GC(988) Concurrent Clear Claimed Marks
[132.325s][info][gc,marking     ] GC(988) Concurrent Clear Claimed Marks 0.198ms
[132.325s][info][gc,marking     ] GC(988) Concurrent Cleanup for Next Mark
[132.327s][info][gc,marking     ] GC(988) Concurrent Cleanup for Next Mark 2.164ms
[132.327s][info][gc             ] GC(988) Concurrent Mark Cycle 40.753ms
[132.338s][info][gc,start       ] GC(989) Pause Young (Prepare Mixed) (G1 Evacuation Pause)
[132.338s][info][gc,task        ] GC(989) Using 33 workers of 33 for evacuation
[132.341s][info][gc,phases      ] GC(989)   Pre Evacuate Collection Set: 0.3ms
[132.341s][info][gc,phases      ] GC(989)   Merge Heap Roots: 0.8ms
[132.341s][info][gc,phases      ] GC(989)   Evacuate Collection Set: 0.7ms
[132.341s][info][gc,phases      ] GC(989)   Post Evacuate Collection Set: 0.7ms
[132.341s][info][gc,phases      ] GC(989)   Other: 0.1ms
[132.341s][info][gc,heap        ] GC(989) Eden regions: 579->0(579)
[132.341s][info][gc,heap        ] GC(989) Survivor regions: 2->2(73)
[132.341s][info][gc,heap        ] GC(989) Old regions: 85->85
[132.341s][info][gc,heap        ] GC(989) Archive regions: 0->0
[132.341s][info][gc,heap        ] GC(989) Humongous regions: 1299->1277
[132.341s][info][gc,metaspace   ] GC(989) Metaspace: 128608K(130688K)->128608K(130688K) NonClass: 109573K(110272K)->109573K(110272K) Class: 19035K(20416K)->19035K(20416K)
[132.341s][info][gc             ] GC(989) Pause Young (Prepare Mixed) (G1 Evacuation Pause) 1959M->1358M(2048M) 2.867ms
[132.341s][info][gc,cpu         ] GC(989) User=0.00s Sys=0.00s Real=0.00s
[132.377s][info][gc,start       ] GC(990) Pause Young (Mixed) (G1 Evacuation Pause)
[132.377s][info][gc,task        ] GC(990) Using 33 workers of 33 for evacuation
[132.379s][info][gc,phases      ] GC(990)   Pre Evacuate Collection Set: 0.3ms
[132.379s][info][gc,phases      ] GC(990)   Merge Heap Roots: 0.2ms
[132.379s][info][gc,phases      ] GC(990)   Evacuate Collection Set: 1.1ms
[132.379s][info][gc,phases      ] GC(990)   Post Evacuate Collection Set: 0.7ms
[132.379s][info][gc,phases      ] GC(990)   Other: 0.1ms
[132.379s][info][gc,heap        ] GC(990) Eden regions: 579->0(579)
[132.379s][info][gc,heap        ] GC(990) Survivor regions: 2->2(73)
[132.379s][info][gc,heap        ] GC(990) Old regions: 85->79
[132.379s][info][gc,heap        ] GC(990) Archive regions: 0->0
[132.379s][info][gc,heap        ] GC(990) Humongous regions: 1290->1283
[132.380s][info][gc,metaspace   ] GC(990) Metaspace: 128608K(130688K)->128608K(130688K) NonClass: 109573K(110272K)->109573K(110272K) Class: 19035K(20416K)->19035K(20416K)
[132.380s][info][gc             ] GC(990) Pause Young (Mixed) (G1 Evacuation Pause) 1950M->1358M(2048M) 2.680ms
[132.380s][info][gc,cpu         ] GC(990) User=0.00s Sys=0.00s Real=0.00s
[132.380s][info][gc,start       ] GC(991) Pause Young (Concurrent Start) (G1 Humongous Allocation)
[132.380s][info][gc,task        ] GC(991) Using 33 workers of 33 for evacuation
[132.383s][info][gc,phases      ] GC(991)   Pre Evacuate Collection Set: 0.4ms
[132.383s][info][gc,phases      ] GC(991)   Merge Heap Roots: 0.1ms
[132.383s][info][gc,phases      ] GC(991)   Evacuate Collection Set: 1.7ms
[132.383s][info][gc,phases      ] GC(991)   Post Evacuate Collection Set: 0.5ms
[132.383s][info][gc,phases      ] GC(991)   Other: 0.0ms
[132.383s][info][gc,heap        ] GC(991) Eden regions: 6->0(579)
[132.383s][info][gc,heap        ] GC(991) Survivor regions: 2->2(73)
[132.383s][info][gc,heap        ] GC(991) Old regions: 79->79
[132.383s][info][gc,heap        ] GC(991) Archive regions: 0->0
[132.383s][info][gc,heap        ] GC(991) Humongous regions: 1283->1283
[132.383s][info][gc,metaspace   ] GC(991) Metaspace: 128608K(130688K)->128608K(130688K) NonClass: 109573K(110272K)->109573K(110272K) Class: 19035K(20416K)->19035K(20416K)
[132.383s][info][gc             ] GC(991) Pause Young (Concurrent Start) (G1 Humongous Allocation) 1364M->1358M(2048M) 2.866ms
[132.383s][info][gc             ] GC(992) Concurrent Mark Cycle
[132.383s][info][gc,cpu         ] GC(991) User=0.06s Sys=0.00s Real=0.01s
[132.383s][info][gc,marking     ] GC(992) Concurrent Scan Root Regions
[132.386s][info][gc,marking     ] GC(992) Concurrent Scan Root Regions 3.094ms
[132.386s][info][gc,marking     ] GC(992) Concurrent Mark
[132.386s][info][gc,marking     ] GC(992) Concurrent Mark From Roots
[132.386s][info][gc,task        ] GC(992) Using 8 workers of 8 for marking
[132.404s][info][gc,marking     ] GC(992) Concurrent Mark From Roots 18.240ms
[132.404s][info][gc,marking     ] GC(992) Concurrent Preclean
[132.405s][info][gc,marking     ] GC(992) Concurrent Preclean 0.400ms
[132.405s][info][gc,start       ] GC(992) Pause Remark
[132.408s][info][gc             ] GC(992) Pause Remark 1640M->1640M(2048M) 2.955ms
[132.408s][info][gc,cpu         ] GC(992) User=0.00s Sys=0.00s Real=0.00s
[132.408s][info][gc,marking     ] GC(992) Concurrent Mark 22.007ms
[132.408s][info][gc,marking     ] GC(992) Concurrent Rebuild Remembered Sets and Scrub Regions
[132.415s][info][gc,marking     ] GC(992) Concurrent Rebuild Remembered Sets and Scrub Regions 6.921ms
[132.415s][info][gc,start       ] GC(992) Pause Cleanup
[132.416s][info][gc             ] GC(992) Pause Cleanup 1731M->1731M(2048M) 0.380ms
[132.416s][info][gc,cpu         ] GC(992) User=0.00s Sys=0.00s Real=0.00s
[132.416s][info][gc,marking     ] GC(992) Concurrent Clear Claimed Marks
[132.416s][info][gc,marking     ] GC(992) Concurrent Clear Claimed Marks 0.174ms
[132.416s][info][gc,marking     ] GC(992) Concurrent Cleanup for Next Mark
[132.418s][info][gc,marking     ] GC(992) Concurrent Cleanup for Next Mark 2.158ms
[132.418s][info][gc             ] GC(992) Concurrent Mark Cycle 35.255ms
[132.430s][info][gc,start       ] GC(993) Pause Young (Prepare Mixed) (G1 Humongous Allocation)
[132.430s][info][gc,task        ] GC(993) Using 33 workers of 33 for evacuation
[132.433s][info][gc,phases      ] GC(993)   Pre Evacuate Collection Set: 0.3ms
[132.433s][info][gc,phases      ] GC(993)   Merge Heap Roots: 0.8ms
[132.433s][info][gc,phases      ] GC(993)   Evacuate Collection Set: 0.8ms
[132.433s][info][gc,phases      ] GC(993)   Post Evacuate Collection Set: 0.7ms
[132.433s][info][gc,phases      ] GC(993)   Other: 0.1ms
[132.433s][info][gc,heap        ] GC(993) Eden regions: 567->0(582)
[132.433s][info][gc,heap        ] GC(993) Survivor regions: 2->2(73)
[132.433s][info][gc,heap        ] GC(993) Old regions: 79->79
[132.433s][info][gc,heap        ] GC(993) Archive regions: 0->0
[132.433s][info][gc,heap        ] GC(993) Humongous regions: 1309->1280
[132.433s][info][gc,metaspace   ] GC(993) Metaspace: 128608K(130688K)->128608K(130688K) NonClass: 109573K(110272K)->109573K(110272K) Class: 19035K(20416K)->19035K(20416K)
[132.433s][info][gc             ] GC(993) Pause Young (Prepare Mixed) (G1 Humongous Allocation) 1951M->1355M(2048M) 2.988ms
[132.433s][info][gc,cpu         ] GC(993) User=0.00s Sys=0.00s Real=0.00s
[132.469s][info][gc,start       ] GC(994) Pause Young (Mixed) (G1 Humongous Allocation)
[132.469s][info][gc,task        ] GC(994) Using 33 workers of 33 for evacuation
[132.472s][info][gc,phases      ] GC(994)   Pre Evacuate Collection Set: 0.3ms
[132.473s][info][gc,phases      ] GC(994)   Merge Heap Roots: 0.3ms
[132.473s][info][gc,phases      ] GC(994)   Evacuate Collection Set: 1.5ms
[132.473s][info][gc,phases      ] GC(994)   Post Evacuate Collection Set: 0.9ms
[132.473s][info][gc,phases      ] GC(994)   Other: 0.2ms
[132.473s][info][gc,heap        ] GC(994) Eden regions: 571->0(587)
[132.473s][info][gc,heap        ] GC(994) Survivor regions: 2->2(73)
[132.473s][info][gc,heap        ] GC(994) Old regions: 79->74
[132.473s][info][gc,heap        ] GC(994) Archive regions: 0->0
[132.473s][info][gc,heap        ] GC(994) Humongous regions: 1302->1280
[132.473s][info][gc,metaspace   ] GC(994) Metaspace: 128608K(130688K)->128608K(130688K) NonClass: 109573K(110272K)->109573K(110272K) Class: 19035K(20416K)->19035K(20416K)
[132.473s][info][gc             ] GC(994) Pause Young (Mixed) (G1 Humongous Allocation) 1948M->1350M(2048M) 3.680ms
[132.473s][info][gc,cpu         ] GC(994) User=0.00s Sys=0.00s Real=0.00s
[132.496s][info][gc,start       ] GC(995) Pause Young (Concurrent Start) (G1 Humongous Allocation)
[132.496s][info][gc,task        ] GC(995) Using 33 workers of 33 for evacuation
[132.499s][info][gc,phases      ] GC(995)   Pre Evacuate Collection Set: 0.5ms
[132.499s][info][gc,phases      ] GC(995)   Merge Heap Roots: 0.2ms
[132.499s][info][gc,phases      ] GC(995)   Evacuate Collection Set: 1.3ms
[132.499s][info][gc,phases      ] GC(995)   Post Evacuate Collection Set: 0.7ms
[132.499s][info][gc,phases      ] GC(995)   Other: 0.2ms
[132.499s][info][gc,heap        ] GC(995) Eden regions: 340->0(591)
[132.499s][info][gc,heap        ] GC(995) Survivor regions: 2->2(74)
[132.499s][info][gc,heap        ] GC(995) Old regions: 74->74
[132.499s][info][gc,heap        ] GC(995) Archive regions: 0->0
[132.499s][info][gc,heap        ] GC(995) Humongous regions: 1284->1276
[132.499s][info][gc,metaspace   ] GC(995) Metaspace: 128608K(130688K)->128608K(130688K) NonClass: 109573K(110272K)->109573K(110272K) Class: 19035K(20416K)->19035K(20416K)
[132.499s][info][gc             ] GC(995) Pause Young (Concurrent Start) (G1 Humongous Allocation) 1694M->1347M(2048M) 3.351ms
[132.499s][info][gc             ] GC(996) Concurrent Mark Cycle
[132.499s][info][gc,cpu         ] GC(995) User=0.00s Sys=0.00s Real=0.00s
[132.499s][info][gc,marking     ] GC(996) Concurrent Scan Root Regions
[132.501s][info][gc,marking     ] GC(996) Concurrent Scan Root Regions 1.780ms
[132.501s][info][gc,marking     ] GC(996) Concurrent Mark
[132.501s][info][gc,marking     ] GC(996) Concurrent Mark From Roots
[132.501s][info][gc,task        ] GC(996) Using 8 workers of 8 for marking
[132.519s][info][gc,marking     ] GC(996) Concurrent Mark From Roots 18.344ms
[132.519s][info][gc,marking     ] GC(996) Concurrent Preclean
[132.520s][info][gc,marking     ] GC(996) Concurrent Preclean 0.349ms
[132.520s][info][gc,start       ] GC(996) Pause Remark
[132.523s][info][gc             ] GC(996) Pause Remark 1577M->1577M(2048M) 3.047ms
[132.523s][info][gc,cpu         ] GC(996) User=0.00s Sys=0.00s Real=0.00s
[132.523s][info][gc,marking     ] GC(996) Concurrent Mark 22.176ms
[132.523s][info][gc,marking     ] GC(996) Concurrent Rebuild Remembered Sets and Scrub Regions
[132.530s][info][gc,marking     ] GC(996) Concurrent Rebuild Remembered Sets and Scrub Regions 6.928ms
[132.530s][info][gc,start       ] GC(996) Pause Cleanup
[132.531s][info][gc             ] GC(996) Pause Cleanup 1659M->1659M(2048M) 0.426ms
[132.531s][info][gc,cpu         ] GC(996) User=0.02s Sys=0.00s Real=0.02s
[132.531s][info][gc,marking     ] GC(996) Concurrent Clear Claimed Marks
[132.531s][info][gc,marking     ] GC(996) Concurrent Clear Claimed Marks 0.171ms
[132.531s][info][gc,marking     ] GC(996) Concurrent Cleanup for Next Mark
[132.533s][info][gc,marking     ] GC(996) Concurrent Cleanup for Next Mark 2.216ms
[132.533s][info][gc             ] GC(996) Concurrent Mark Cycle 34.203ms
[132.555s][info][gc,start       ] GC(997) Pause Young (Prepare Mixed) (G1 Evacuation Pause)
[132.555s][info][gc,task        ] GC(997) Using 33 workers of 33 for evacuation
[132.558s][info][gc,phases      ] GC(997)   Pre Evacuate Collection Set: 0.3ms
[132.558s][info][gc,phases      ] GC(997)   Merge Heap Roots: 0.8ms
[132.558s][info][gc,phases      ] GC(997)   Evacuate Collection Set: 0.8ms
[132.558s][info][gc,phases      ] GC(997)   Post Evacuate Collection Set: 0.8ms
[132.558s][info][gc,phases      ] GC(997)   Other: 0.1ms
[132.558s][info][gc,heap        ] GC(997) Eden regions: 591->0(610)
[132.558s][info][gc,heap        ] GC(997) Survivor regions: 2->2(75)
[132.558s][info][gc,heap        ] GC(997) Old regions: 74->75
[132.558s][info][gc,heap        ] GC(997) Archive regions: 0->0
[132.558s][info][gc,heap        ] GC(997) Humongous regions: 1298->1256
[132.558s][info][gc,metaspace   ] GC(997) Metaspace: 128608K(130688K)->128608K(130688K) NonClass: 109573K(110272K)->109573K(110272K) Class: 19035K(20416K)->19035K(20416K)
[132.558s][info][gc             ] GC(997) Pause Young (Prepare Mixed) (G1 Evacuation Pause) 1960M->1327M(2048M) 2.981ms
[132.558s][info][gc,cpu         ] GC(997) User=0.00s Sys=0.00s Real=0.00s
[133.001s][info][gc,start       ] GC(998) Pause Full (System.gc())
[133.001s][info][gc,task        ] GC(998) Using 33 workers of 33 for full compaction
[133.002s][info][gc,phases,start] GC(998) Phase 1: Mark live objects
[133.044s][info][gc,phases      ] GC(998) Phase 1: Mark live objects 41.628ms
[133.044s][info][gc,phases,start] GC(998) Phase 2: Prepare compaction
[133.048s][info][gc,phases      ] GC(998) Phase 2: Prepare compaction 3.506ms
[133.048s][info][gc,phases,start] GC(998) Phase 3: Adjust pointers
[133.058s][info][gc,phases      ] GC(998) Phase 3: Adjust pointers 10.261ms
[133.058s][info][gc,phases,start] GC(998) Phase 4: Compact heap
[133.059s][info][gc,phases      ] GC(998) Phase 4: Compact heap 0.809ms
[133.074s][info][gc,heap        ] GC(998) Eden regions: 224->0(867)
[133.074s][info][gc,heap        ] GC(998) Survivor regions: 2->0(75)
[133.074s][info][gc,heap        ] GC(998) Old regions: 75->70
[133.074s][info][gc,heap        ] GC(998) Archive regions: 0->0
[133.074s][info][gc,heap        ] GC(998) Humongous regions: 1276->1008
[133.074s][info][gc,metaspace   ] GC(998) Metaspace: 128625K(130688K)->128625K(130688K) NonClass: 109590K(110272K)->109590K(110272K) Class: 19035K(20416K)->19035K(20416K)
[133.074s][info][gc             ] GC(998) Pause Full (System.gc()) 1570M->1054M(2048M) 72.948ms
[133.074s][info][gc,cpu         ] GC(998) User=1.45s Sys=0.00s Real=0.08s
[133.132s][info][gc,start       ] GC(999) Pause Young (Concurrent Start) (G1 Humongous Allocation)
[133.132s][info][gc,task        ] GC(999) Using 33 workers of 33 for evacuation
[133.136s][info][gc,phases      ] GC(999)   Pre Evacuate Collection Set: 0.5ms
[133.136s][info][gc,phases      ] GC(999)   Merge Heap Roots: 0.1ms
[133.136s][info][gc,phases      ] GC(999)   Evacuate Collection Set: 1.7ms
[133.136s][info][gc,phases      ] GC(999)   Post Evacuate Collection Set: 0.9ms
[133.136s][info][gc,phases      ] GC(999)   Other: 0.1ms
[133.136s][info][gc,heap        ] GC(999) Eden regions: 9->0(865)
[133.136s][info][gc,heap        ] GC(999) Survivor regions: 0->1(109)
[133.136s][info][gc,heap        ] GC(999) Old regions: 70->70
[133.136s][info][gc,heap        ] GC(999) Archive regions: 0->0
[133.136s][info][gc,heap        ] GC(999) Humongous regions: 1008->1008
[133.136s][info][gc,metaspace   ] GC(999) Metaspace: 128691K(130752K)->128691K(130752K) NonClass: 109655K(110336K)->109655K(110336K) Class: 19035K(20416K)->19035K(20416K)
[133.136s][info][gc             ] GC(999) Pause Young (Concurrent Start) (G1 Humongous Allocation) 1063M->1054M(2048M) 3.609ms
[133.136s][info][gc             ] GC(1000) Concurrent Mark Cycle
[133.136s][info][gc,cpu         ] GC(999) User=0.00s Sys=0.00s Real=0.00s
[133.136s][info][gc,marking     ] GC(1000) Concurrent Scan Root Regions
[133.140s][info][gc,marking     ] GC(1000) Concurrent Scan Root Regions 3.888ms
[133.140s][info][gc,marking     ] GC(1000) Concurrent Mark
[133.140s][info][gc,marking     ] GC(1000) Concurrent Mark From Roots
[133.140s][info][gc,task        ] GC(1000) Using 8 workers of 8 for marking
[133.161s][info][gc,marking     ] GC(1000) Concurrent Mark From Roots 21.142ms
[133.161s][info][gc,marking     ] GC(1000) Concurrent Preclean
[133.162s][info][gc,marking     ] GC(1000) Concurrent Preclean 0.485ms
[133.162s][info][gc,start       ] GC(1000) Pause Remark
[133.166s][info][gc             ] GC(1000) Pause Remark 1094M->1094M(2048M) 4.032ms
[133.166s][info][gc,cpu         ] GC(1000) User=0.00s Sys=0.00s Real=0.00s
[133.166s][info][gc,marking     ] GC(1000) Concurrent Mark 26.668ms
[133.166s][info][gc,marking     ] GC(1000) Concurrent Rebuild Remembered Sets and Scrub Regions
[133.173s][info][gc,marking     ] GC(1000) Concurrent Rebuild Remembered Sets and Scrub Regions 6.979ms
[133.174s][info][gc,start       ] GC(1000) Pause Cleanup
[133.174s][info][gc             ] GC(1000) Pause Cleanup 1139M->1139M(2048M) 0.514ms
[133.174s][info][gc,cpu         ] GC(1000) User=0.00s Sys=0.00s Real=0.00s
[133.175s][info][gc,marking     ] GC(1000) Concurrent Clear Claimed Marks
[133.175s][info][gc,marking     ] GC(1000) Concurrent Clear Claimed Marks 0.372ms
[133.175s][info][gc,marking     ] GC(1000) Concurrent Cleanup for Next Mark
[133.181s][info][gc,marking     ] GC(1000) Concurrent Cleanup for Next Mark 6.436ms
[133.182s][info][gc             ] GC(1000) Concurrent Mark Cycle 46.072ms
[133.233s][info][gc,start       ] GC(1001) Pause Young (Prepare Mixed) (G1 Evacuation Pause)
[133.233s][info][gc,task        ] GC(1001) Using 33 workers of 33 for evacuation
[133.237s][info][gc,phases      ] GC(1001)   Pre Evacuate Collection Set: 0.3ms
[133.237s][info][gc,phases      ] GC(1001)   Merge Heap Roots: 0.8ms
[133.237s][info][gc,phases      ] GC(1001)   Evacuate Collection Set: 1.6ms
[133.237s][info][gc,phases      ] GC(1001)   Post Evacuate Collection Set: 0.8ms
[133.237s][info][gc,phases      ] GC(1001)   Other: 0.1ms
[133.237s][info][gc,heap        ] GC(1001) Eden regions: 865->0(843)
[133.237s][info][gc,heap        ] GC(1001) Survivor regions: 1->12(99)
[133.237s][info][gc,heap        ] GC(1001) Old regions: 70->70
[133.237s][info][gc,heap        ] GC(1001) Archive regions: 0->0
[133.237s][info][gc,heap        ] GC(1001) Humongous regions: 1013->1008
[133.237s][info][gc,metaspace   ] GC(1001) Metaspace: 128702K(130752K)->128702K(130752K) NonClass: 109666K(110336K)->109666K(110336K) Class: 19035K(20416K)->19035K(20416K)
[133.237s][info][gc             ] GC(1001) Pause Young (Prepare Mixed) (G1 Evacuation Pause) 1924M->1066M(2048M) 3.902ms
[133.237s][info][gc,cpu         ] GC(1001) User=0.00s Sys=0.00s Real=0.00s
[133.297s][info][gc,start       ] GC(1002) Pause Young (Mixed) (G1 Evacuation Pause)
[133.297s][info][gc,task        ] GC(1002) Using 33 workers of 33 for evacuation
[133.300s][info][gc,phases      ] GC(1002)   Pre Evacuate Collection Set: 0.3ms
[133.300s][info][gc,phases      ] GC(1002)   Merge Heap Roots: 0.3ms
[133.300s][info][gc,phases      ] GC(1002)   Evacuate Collection Set: 1.6ms
[133.300s][info][gc,phases      ] GC(1002)   Post Evacuate Collection Set: 0.9ms
[133.300s][info][gc,phases      ] GC(1002)   Other: 0.2ms
[133.300s][info][gc,heap        ] GC(1002) Eden regions: 843->0(838)
[133.300s][info][gc,heap        ] GC(1002) Survivor regions: 12->10(103)
[133.300s][info][gc,heap        ] GC(1002) Old regions: 70->67
[133.300s][info][gc,heap        ] GC(1002) Archive regions: 0->0
[133.300s][info][gc,heap        ] GC(1002) Humongous regions: 1020->1020
[133.300s][info][gc,metaspace   ] GC(1002) Metaspace: 128702K(130752K)->128702K(130752K) NonClass: 109666K(110336K)->109666K(110336K) Class: 19035K(20416K)->19035K(20416K)
[133.300s][info][gc             ] GC(1002) Pause Young (Mixed) (G1 Evacuation Pause) 1921M->1075M(2048M) 3.477ms
[133.300s][info][gc,cpu         ] GC(1002) User=0.00s Sys=0.00s Real=0.00s
[133.313s][info][gc,start       ] GC(1003) Pause Young (Concurrent Start) (G1 Humongous Allocation)
[133.313s][info][gc,task        ] GC(1003) Using 33 workers of 33 for evacuation
[133.317s][info][gc,phases      ] GC(1003)   Pre Evacuate Collection Set: 0.4ms
[133.317s][info][gc,phases      ] GC(1003)   Merge Heap Roots: 0.1ms
[133.317s][info][gc,phases      ] GC(1003)   Evacuate Collection Set: 1.9ms
[133.317s][info][gc,phases      ] GC(1003)   Post Evacuate Collection Set: 0.6ms
[133.317s][info][gc,phases      ] GC(1003)   Other: 0.1ms
[133.317s][info][gc,heap        ] GC(1003) Eden regions: 193->0(838)
[133.317s][info][gc,heap        ] GC(1003) Survivor regions: 10->10(106)
[133.317s][info][gc,heap        ] GC(1003) Old regions: 67->67
[133.317s][info][gc,heap        ] GC(1003) Archive regions: 0->0
[133.317s][info][gc,heap        ] GC(1003) Humongous regions: 1020->1020
[133.317s][info][gc,metaspace   ] GC(1003) Metaspace: 128702K(130752K)->128702K(130752K) NonClass: 109666K(110336K)->109666K(110336K) Class: 19035K(20416K)->19035K(20416K)
[133.317s][info][gc             ] GC(1003) Pause Young (Concurrent Start) (G1 Humongous Allocation) 1268M->1076M(2048M) 3.354ms
[133.317s][info][gc             ] GC(1004) Concurrent Mark Cycle
[133.317s][info][gc,cpu         ] GC(1003) User=0.00s Sys=0.00s Real=0.00s
[133.317s][info][gc,marking     ] GC(1004) Concurrent Scan Root Regions
[133.335s][info][gc,marking     ] GC(1004) Concurrent Scan Root Regions 18.344ms
[133.336s][info][gc,marking     ] GC(1004) Concurrent Mark
[133.336s][info][gc,marking     ] GC(1004) Concurrent Mark From Roots
[133.336s][info][gc,task        ] GC(1004) Using 8 workers of 8 for marking
[133.378s][info][gc,start       ] GC(1005) Pause Young (Normal) (G1 Evacuation Pause)
[133.378s][info][gc,task        ] GC(1005) Using 33 workers of 33 for evacuation
[133.381s][info][gc,phases      ] GC(1005)   Pre Evacuate Collection Set: 0.3ms
[133.381s][info][gc,phases      ] GC(1005)   Merge Heap Roots: 0.3ms
[133.381s][info][gc,phases      ] GC(1005)   Evacuate Collection Set: 1.3ms
[133.381s][info][gc,phases      ] GC(1005)   Post Evacuate Collection Set: 0.8ms
[133.381s][info][gc,phases      ] GC(1005)   Other: 0.1ms
[133.381s][info][gc,heap        ] GC(1005) Eden regions: 838->0(823)
[133.381s][info][gc,heap        ] GC(1005) Survivor regions: 10->10(87)
[133.381s][info][gc,heap        ] GC(1005) Old regions: 67->67
[133.381s][info][gc,heap        ] GC(1005) Archive regions: 0->0
[133.381s][info][gc,heap        ] GC(1005) Humongous regions: 1046->1035
[133.381s][info][gc,metaspace   ] GC(1005) Metaspace: 128702K(130752K)->128702K(130752K) NonClass: 109666K(110336K)->109666K(110336K) Class: 19035K(20416K)->19035K(20416K)
[133.381s][info][gc             ] GC(1005) Pause Young (Normal) (G1 Evacuation Pause) 1940M->1090M(2048M) 3.018ms
[133.381s][info][gc,cpu         ] GC(1005) User=0.00s Sys=0.00s Real=0.00s
[133.391s][info][gc,marking     ] GC(1004) Concurrent Mark From Roots 54.992ms
[133.391s][info][gc,marking     ] GC(1004) Concurrent Preclean
[133.394s][info][gc,marking     ] GC(1004) Concurrent Preclean 2.732ms
[133.395s][info][gc,start       ] GC(1004) Pause Remark
[133.398s][info][gc             ] GC(1004) Pause Remark 1292M->1292M(2048M) 3.121ms
[133.398s][info][gc,cpu         ] GC(1004) User=0.00s Sys=0.00s Real=0.00s
[133.398s][info][gc,marking     ] GC(1004) Concurrent Mark 62.532ms
[133.398s][info][gc,marking     ] GC(1004) Concurrent Rebuild Remembered Sets and Scrub Regions
[133.428s][info][gc,marking     ] GC(1004) Concurrent Rebuild Remembered Sets and Scrub Regions 29.987ms
[133.429s][info][gc,start       ] GC(1004) Pause Cleanup
[133.430s][info][gc             ] GC(1004) Pause Cleanup 1741M->1741M(2048M) 0.346ms
[133.430s][info][gc,cpu         ] GC(1004) User=0.00s Sys=0.00s Real=0.00s
[133.430s][info][gc,marking     ] GC(1004) Concurrent Clear Claimed Marks
[133.431s][info][gc,marking     ] GC(1004) Concurrent Clear Claimed Marks 1.341ms
[133.431s][info][gc,marking     ] GC(1004) Concurrent Cleanup for Next Mark
[133.441s][info][gc,marking     ] GC(1004) Concurrent Cleanup for Next Mark 9.605ms
[133.442s][info][gc             ] GC(1004) Concurrent Mark Cycle 124.766ms
[133.446s][info][gc,start       ] GC(1006) Pause Young (Prepare Mixed) (G1 Evacuation Pause)
[133.446s][info][gc,task        ] GC(1006) Using 33 workers of 33 for evacuation
[133.449s][info][gc,phases      ] GC(1006)   Pre Evacuate Collection Set: 0.3ms
[133.449s][info][gc,phases      ] GC(1006)   Merge Heap Roots: 0.8ms
[133.449s][info][gc,phases      ] GC(1006)   Evacuate Collection Set: 1.3ms
[133.449s][info][gc,phases      ] GC(1006)   Post Evacuate Collection Set: 0.8ms
[133.449s][info][gc,phases      ] GC(1006)   Other: 0.1ms
[133.449s][info][gc,heap        ] GC(1006) Eden regions: 823->0(808)
[133.450s][info][gc,heap        ] GC(1006) Survivor regions: 10->10(87)
[133.450s][info][gc,heap        ] GC(1006) Old regions: 67->67
[133.450s][info][gc,heap        ] GC(1006) Archive regions: 0->0
[133.450s][info][gc,heap        ] GC(1006) Humongous regions: 1061->1050
[133.450s][info][gc,metaspace   ] GC(1006) Metaspace: 128702K(130752K)->128702K(130752K) NonClass: 109666K(110336K)->109666K(110336K) Class: 19035K(20416K)->19035K(20416K)
[133.450s][info][gc             ] GC(1006) Pause Young (Prepare Mixed) (G1 Evacuation Pause) 1939M->1106M(2048M) 3.586ms
[133.450s][info][gc,cpu         ] GC(1006) User=0.02s Sys=0.00s Real=0.02s
[133.507s][info][gc,start       ] GC(1007) Pause Young (Mixed) (G1 Evacuation Pause)
[133.507s][info][gc,task        ] GC(1007) Using 33 workers of 33 for evacuation
[133.510s][info][gc,phases      ] GC(1007)   Pre Evacuate Collection Set: 0.3ms
[133.510s][info][gc,phases      ] GC(1007)   Merge Heap Roots: 0.3ms
[133.510s][info][gc,phases      ] GC(1007)   Evacuate Collection Set: 1.6ms
[133.510s][info][gc,phases      ] GC(1007)   Post Evacuate Collection Set: 0.8ms
[133.510s][info][gc,phases      ] GC(1007)   Other: 0.1ms
[133.510s][info][gc,heap        ] GC(1007) Eden regions: 808->0(807)
[133.510s][info][gc,heap        ] GC(1007) Survivor regions: 10->10(97)
[133.510s][info][gc,heap        ] GC(1007) Old regions: 67->64
[133.510s][info][gc,heap        ] GC(1007) Archive regions: 0->0
[133.510s][info][gc,heap        ] GC(1007) Humongous regions: 1066->1054
[133.510s][info][gc,metaspace   ] GC(1007) Metaspace: 128702K(130752K)->128702K(130752K) NonClass: 109666K(110336K)->109666K(110336K) Class: 19035K(20416K)->19035K(20416K)
[133.510s][info][gc             ] GC(1007) Pause Young (Mixed) (G1 Evacuation Pause) 1930M->1109M(2048M) 3.343ms
[133.511s][info][gc,cpu         ] GC(1007) User=0.00s Sys=0.00s Real=0.00s
[133.511s][info][gc,start       ] GC(1008) Pause Young (Concurrent Start) (G1 Humongous Allocation)
[133.511s][info][gc,task        ] GC(1008) Using 33 workers of 33 for evacuation
[133.514s][info][gc,phases      ] GC(1008)   Pre Evacuate Collection Set: 0.4ms
[133.514s][info][gc,phases      ] GC(1008)   Merge Heap Roots: 0.1ms
[133.514s][info][gc,phases      ] GC(1008)   Evacuate Collection Set: 1.9ms
[133.514s][info][gc,phases      ] GC(1008)   Post Evacuate Collection Set: 0.5ms
[133.514s][info][gc,phases      ] GC(1008)   Other: 0.1ms
[133.514s][info][gc,heap        ] GC(1008) Eden regions: 12->0(807)
[133.514s][info][gc,heap        ] GC(1008) Survivor regions: 10->10(103)
[133.514s][info][gc,heap        ] GC(1008) Old regions: 64->64
[133.514s][info][gc,heap        ] GC(1008) Archive regions: 0->0
[133.514s][info][gc,heap        ] GC(1008) Humongous regions: 1054->1054
[133.514s][info][gc,metaspace   ] GC(1008) Metaspace: 128702K(130752K)->128702K(130752K) NonClass: 109666K(110336K)->109666K(110336K) Class: 19035K(20416K)->19035K(20416K)
[133.514s][info][gc             ] GC(1008) Pause Young (Concurrent Start) (G1 Humongous Allocation) 1121M->1110M(2048M) 3.115ms
[133.514s][info][gc             ] GC(1009) Concurrent Mark Cycle
[133.514s][info][gc,cpu         ] GC(1008) User=0.52s Sys=0.00s Real=0.01s
[133.514s][info][gc,marking     ] GC(1009) Concurrent Scan Root Regions
[133.533s][info][gc,marking     ] GC(1009) Concurrent Scan Root Regions 18.213ms
[133.533s][info][gc,marking     ] GC(1009) Concurrent Mark
[133.533s][info][gc,marking     ] GC(1009) Concurrent Mark From Roots
[133.533s][info][gc,task        ] GC(1009) Using 8 workers of 8 for marking
[133.573s][info][gc,start       ] GC(1010) Pause Young (Normal) (G1 Evacuation Pause)
[133.573s][info][gc,task        ] GC(1010) Using 33 workers of 33 for evacuation
[133.576s][info][gc,phases      ] GC(1010)   Pre Evacuate Collection Set: 0.3ms
[133.576s][info][gc,phases      ] GC(1010)   Merge Heap Roots: 0.3ms
[133.576s][info][gc,phases      ] GC(1010)   Evacuate Collection Set: 1.2ms
[133.576s][info][gc,phases      ] GC(1010)   Post Evacuate Collection Set: 0.8ms
[133.576s][info][gc,phases      ] GC(1010)   Other: 0.1ms
[133.576s][info][gc,heap        ] GC(1010) Eden regions: 807->0(798)
[133.576s][info][gc,heap        ] GC(1010) Survivor regions: 10->10(102)
[133.576s][info][gc,heap        ] GC(1010) Old regions: 64->64
[133.576s][info][gc,heap        ] GC(1010) Archive regions: 0->0
[133.576s][info][gc,heap        ] GC(1010) Humongous regions: 1065->1063
[133.576s][info][gc,metaspace   ] GC(1010) Metaspace: 128702K(130752K)->128702K(130752K) NonClass: 109666K(110336K)->109666K(110336K) Class: 19035K(20416K)->19035K(20416K)
[133.576s][info][gc             ] GC(1010) Pause Young (Normal) (G1 Evacuation Pause) 1928M->1119M(2048M) 2.922ms
[133.576s][info][gc,cpu         ] GC(1010) User=0.00s Sys=0.00s Real=0.00s
[133.591s][info][gc,marking     ] GC(1009) Concurrent Mark From Roots 57.811ms
[133.591s][info][gc,marking     ] GC(1009) Concurrent Preclean
[133.595s][info][gc,marking     ] GC(1009) Concurrent Preclean 3.242ms
[133.595s][info][gc,start       ] GC(1009) Pause Remark
[133.599s][info][gc             ] GC(1009) Pause Remark 1399M->1399M(2048M) 3.134ms
[133.599s][info][gc,cpu         ] GC(1009) User=0.00s Sys=0.00s Real=0.00s
[133.599s][info][gc,marking     ] GC(1009) Concurrent Mark 65.750ms
[133.599s][info][gc,marking     ] GC(1009) Concurrent Rebuild Remembered Sets and Scrub Regions
[133.619s][info][gc,marking     ] GC(1009) Concurrent Rebuild Remembered Sets and Scrub Regions 20.364ms
[133.621s][info][gc,start       ] GC(1009) Pause Cleanup
[133.621s][info][gc             ] GC(1009) Pause Cleanup 1701M->1701M(2048M) 0.338ms
[133.621s][info][gc,cpu         ] GC(1009) User=0.00s Sys=0.00s Real=0.00s
[133.622s][info][gc,marking     ] GC(1009) Concurrent Clear Claimed Marks
[133.623s][info][gc,marking     ] GC(1009) Concurrent Clear Claimed Marks 1.710ms
[133.623s][info][gc,marking     ] GC(1009) Concurrent Cleanup for Next Mark
[133.632s][info][gc,marking     ] GC(1009) Concurrent Cleanup for Next Mark 8.570ms
[133.633s][info][gc             ] GC(1009) Concurrent Mark Cycle 118.323ms
[133.655s][info][gc,start       ] GC(1011) Pause Young (Prepare Mixed) (G1 Evacuation Pause)
[133.655s][info][gc,task        ] GC(1011) Using 33 workers of 33 for evacuation
[133.659s][info][gc,phases      ] GC(1011)   Pre Evacuate Collection Set: 0.3ms
[133.659s][info][gc,phases      ] GC(1011)   Merge Heap Roots: 0.8ms
[133.659s][info][gc,phases      ] GC(1011)   Evacuate Collection Set: 1.3ms
[133.659s][info][gc,phases      ] GC(1011)   Post Evacuate Collection Set: 0.9ms
[133.659s][info][gc,phases      ] GC(1011)   Other: 0.2ms
[133.659s][info][gc,heap        ] GC(1011) Eden regions: 798->0(782)
[133.659s][info][gc,heap        ] GC(1011) Survivor regions: 10->10(85)
[133.659s][info][gc,heap        ] GC(1011) Old regions: 64->64
[133.659s][info][gc,heap        ] GC(1011) Archive regions: 0->0
[133.659s][info][gc,heap        ] GC(1011) Humongous regions: 1091->1079
[133.659s][info][gc,metaspace   ] GC(1011) Metaspace: 128702K(130752K)->128702K(130752K) NonClass: 109666K(110336K)->109666K(110336K) Class: 19035K(20416K)->19035K(20416K)
[133.659s][info][gc             ] GC(1011) Pause Young (Prepare Mixed) (G1 Evacuation Pause) 1945M->1135M(2048M) 3.695ms
[133.659s][info][gc,cpu         ] GC(1011) User=0.00s Sys=0.00s Real=0.00s
[133.717s][info][gc,start       ] GC(1012) Pause Young (Mixed) (G1 Evacuation Pause)
[133.717s][info][gc,task        ] GC(1012) Using 33 workers of 33 for evacuation
[133.720s][info][gc,phases      ] GC(1012)   Pre Evacuate Collection Set: 0.3ms
[133.720s][info][gc,phases      ] GC(1012)   Merge Heap Roots: 0.3ms
[133.720s][info][gc,phases      ] GC(1012)   Evacuate Collection Set: 1.7ms
[133.720s][info][gc,phases      ] GC(1012)   Post Evacuate Collection Set: 0.8ms
[133.720s][info][gc,phases      ] GC(1012)   Other: 0.1ms
[133.720s][info][gc,heap        ] GC(1012) Eden regions: 782->0(766)
[133.720s][info][gc,heap        ] GC(1012) Survivor regions: 10->10(78)
[133.720s][info][gc,heap        ] GC(1012) Old regions: 64->61
[133.720s][info][gc,heap        ] GC(1012) Archive regions: 0->0
[133.720s][info][gc,heap        ] GC(1012) Humongous regions: 1114->1098
[133.720s][info][gc,metaspace   ] GC(1012) Metaspace: 128702K(130752K)->128702K(130752K) NonClass: 109666K(110336K)->109666K(110336K) Class: 19035K(20416K)->19035K(20416K)
[133.720s][info][gc             ] GC(1012) Pause Young (Mixed) (G1 Evacuation Pause) 1952M->1153M(2048M) 3.454ms
[133.720s][info][gc,cpu         ] GC(1012) User=0.25s Sys=0.08s Real=0.02s
[133.737s][info][gc,start       ] GC(1013) Pause Young (Concurrent Start) (G1 Humongous Allocation)
[133.737s][info][gc,task        ] GC(1013) Using 33 workers of 33 for evacuation
[133.740s][info][gc,phases      ] GC(1013)   Pre Evacuate Collection Set: 0.5ms
[133.740s][info][gc,phases      ] GC(1013)   Merge Heap Roots: 0.2ms
[133.740s][info][gc,phases      ] GC(1013)   Evacuate Collection Set: 1.9ms
[133.740s][info][gc,phases      ] GC(1013)   Post Evacuate Collection Set: 0.6ms
[133.740s][info][gc,phases      ] GC(1013)   Other: 0.1ms
[133.740s][info][gc,heap        ] GC(1013) Eden regions: 235->0(778)
[133.740s][info][gc,heap        ] GC(1013) Survivor regions: 10->10(97)
[133.740s][info][gc,heap        ] GC(1013) Old regions: 61->61
[133.740s][info][gc,heap        ] GC(1013) Archive regions: 0->0
[133.740s][info][gc,heap        ] GC(1013) Humongous regions: 1098->1086
[133.740s][info][gc,metaspace   ] GC(1013) Metaspace: 128702K(130752K)->128702K(130752K) NonClass: 109666K(110336K)->109666K(110336K) Class: 19035K(20416K)->19035K(20416K)
[133.740s][info][gc             ] GC(1013) Pause Young (Concurrent Start) (G1 Humongous Allocation) 1388M->1142M(2048M) 3.459ms
[133.740s][info][gc             ] GC(1014) Concurrent Mark Cycle
[133.740s][info][gc,cpu         ] GC(1013) User=0.00s Sys=0.00s Real=0.00s
[133.740s][info][gc,marking     ] GC(1014) Concurrent Scan Root Regions
[133.759s][info][gc,marking     ] GC(1014) Concurrent Scan Root Regions 19.088ms
[133.760s][info][gc,marking     ] GC(1014) Concurrent Mark
[133.760s][info][gc,marking     ] GC(1014) Concurrent Mark From Roots
[133.760s][info][gc,task        ] GC(1014) Using 8 workers of 8 for marking
[133.800s][info][gc,start       ] GC(1015) Pause Young (Normal) (G1 Evacuation Pause)
[133.800s][info][gc,task        ] GC(1015) Using 33 workers of 33 for evacuation
[133.802s][info][gc,phases      ] GC(1015)   Pre Evacuate Collection Set: 0.3ms
[133.803s][info][gc,phases      ] GC(1015)   Merge Heap Roots: 0.3ms
[133.803s][info][gc,phases      ] GC(1015)   Evacuate Collection Set: 1.3ms
[133.803s][info][gc,phases      ] GC(1015)   Post Evacuate Collection Set: 0.8ms
[133.803s][info][gc,phases      ] GC(1015)   Other: 0.1ms
[133.803s][info][gc,heap        ] GC(1015) Eden regions: 778->0(762)
[133.803s][info][gc,heap        ] GC(1015) Survivor regions: 10->10(71)
[133.803s][info][gc,heap        ] GC(1015) Old regions: 61->61
[133.803s][info][gc,heap        ] GC(1015) Archive regions: 0->0
[133.803s][info][gc,heap        ] GC(1015) Humongous regions: 1128->1102
[133.803s][info][gc,metaspace   ] GC(1015) Metaspace: 128702K(130752K)->128702K(130752K) NonClass: 109666K(110336K)->109666K(110336K) Class: 19035K(20416K)->19035K(20416K)
[133.803s][info][gc             ] GC(1015) Pause Young (Normal) (G1 Evacuation Pause) 1962M->1158M(2048M) 2.976ms
[133.803s][info][gc,cpu         ] GC(1015) User=0.00s Sys=0.00s Real=0.00s
[133.813s][info][gc,marking     ] GC(1014) Concurrent Mark From Roots 53.245ms
[133.813s][info][gc,marking     ] GC(1014) Concurrent Preclean
[133.816s][info][gc,marking     ] GC(1014) Concurrent Preclean 2.822ms
[133.818s][info][gc,start       ] GC(1014) Pause Remark
[133.821s][info][gc             ] GC(1014) Pause Remark 1363M->1363M(2048M) 3.093ms
[133.821s][info][gc,cpu         ] GC(1014) User=0.00s Sys=0.00s Real=0.00s
[133.821s][info][gc,marking     ] GC(1014) Concurrent Mark 61.259ms
[133.821s][info][gc,marking     ] GC(1014) Concurrent Rebuild Remembered Sets and Scrub Regions
[133.851s][info][gc,marking     ] GC(1014) Concurrent Rebuild Remembered Sets and Scrub Regions 30.259ms
[133.853s][info][gc,start       ] GC(1014) Pause Cleanup
[133.854s][info][gc             ] GC(1014) Pause Cleanup 1814M->1814M(2048M) 0.357ms
[133.854s][info][gc,cpu         ] GC(1014) User=0.00s Sys=0.00s Real=0.00s
[133.854s][info][gc,marking     ] GC(1014) Concurrent Clear Claimed Marks
[133.855s][info][gc,marking     ] GC(1014) Concurrent Clear Claimed Marks 1.323ms
[133.855s][info][gc,marking     ] GC(1014) Concurrent Cleanup for Next Mark
[133.865s][info][gc,marking     ] GC(1014) Concurrent Cleanup for Next Mark 9.715ms
[133.866s][info][gc             ] GC(1014) Concurrent Mark Cycle 125.729ms
[133.867s][info][gc,start       ] GC(1016) Pause Young (Prepare Mixed) (G1 Evacuation Pause)
[133.867s][info][gc,task        ] GC(1016) Using 33 workers of 33 for evacuation
[133.870s][info][gc,phases      ] GC(1016)   Pre Evacuate Collection Set: 0.3ms
[133.870s][info][gc,phases      ] GC(1016)   Merge Heap Roots: 0.8ms
[133.870s][info][gc,phases      ] GC(1016)   Evacuate Collection Set: 1.4ms
[133.870s][info][gc,phases      ] GC(1016)   Post Evacuate Collection Set: 0.8ms
[133.870s][info][gc,phases      ] GC(1016)   Other: 0.1ms
[133.870s][info][gc,heap        ] GC(1016) Eden regions: 762->0(785)
[133.870s][info][gc,heap        ] GC(1016) Survivor regions: 10->12(74)
[133.870s][info][gc,heap        ] GC(1016) Old regions: 61->61
[133.870s][info][gc,heap        ] GC(1016) Archive regions: 0->0
[133.870s][info][gc,heap        ] GC(1016) Humongous regions: 1141->1075
[133.870s][info][gc,metaspace   ] GC(1016) Metaspace: 128702K(130752K)->128702K(130752K) NonClass: 109666K(110336K)->109666K(110336K) Class: 19035K(20416K)->19035K(20416K)
[133.870s][info][gc             ] GC(1016) Pause Young (Prepare Mixed) (G1 Evacuation Pause) 1959M->1132M(2048M) 3.693ms
[133.870s][info][gc,cpu         ] GC(1016) User=0.00s Sys=0.00s Real=0.00s
[133.930s][info][gc,start       ] GC(1017) Pause Young (Mixed) (G1 Evacuation Pause)
[133.930s][info][gc,task        ] GC(1017) Using 33 workers of 33 for evacuation
[133.933s][info][gc,phases      ] GC(1017)   Pre Evacuate Collection Set: 0.3ms
[133.933s][info][gc,phases      ] GC(1017)   Merge Heap Roots: 0.3ms
[133.933s][info][gc,phases      ] GC(1017)   Evacuate Collection Set: 1.6ms
[133.933s][info][gc,phases      ] GC(1017)   Post Evacuate Collection Set: 0.8ms
[133.933s][info][gc,phases      ] GC(1017)   Other: 0.1ms
[133.933s][info][gc,heap        ] GC(1017) Eden regions: 785->0(796)
[133.933s][info][gc,heap        ] GC(1017) Survivor regions: 12->10(72)
[133.933s][info][gc,heap        ] GC(1017) Old regions: 61->58
[133.933s][info][gc,heap        ] GC(1017) Archive regions: 0->0
[133.933s][info][gc,heap        ] GC(1017) Humongous regions: 1118->1071
[133.933s][info][gc,metaspace   ] GC(1017) Metaspace: 128703K(130752K)->128703K(130752K) NonClass: 109667K(110336K)->109667K(110336K) Class: 19035K(20416K)->19035K(20416K)
[133.933s][info][gc             ] GC(1017) Pause Young (Mixed) (G1 Evacuation Pause) 1960M->1127M(2048M) 3.299ms
[133.933s][info][gc,cpu         ] GC(1017) User=0.00s Sys=0.00s Real=0.00s
[133.936s][info][gc,start       ] GC(1018) Pause Young (Concurrent Start) (G1 Humongous Allocation)
[133.936s][info][gc,task        ] GC(1018) Using 33 workers of 33 for evacuation
[133.939s][info][gc,phases      ] GC(1018)   Pre Evacuate Collection Set: 0.4ms
[133.939s][info][gc,phases      ] GC(1018)   Merge Heap Roots: 0.1ms
[133.939s][info][gc,phases      ] GC(1018)   Evacuate Collection Set: 1.6ms
[133.939s][info][gc,phases      ] GC(1018)   Post Evacuate Collection Set: 0.6ms
[133.939s][info][gc,phases      ] GC(1018)   Other: 0.1ms
[133.939s][info][gc,heap        ] GC(1018) Eden regions: 30->0(796)
[133.939s][info][gc,heap        ] GC(1018) Survivor regions: 10->10(101)
[133.939s][info][gc,heap        ] GC(1018) Old regions: 58->58
[133.939s][info][gc,heap        ] GC(1018) Archive regions: 0->0
[133.939s][info][gc,heap        ] GC(1018) Humongous regions: 1071->1071
[133.939s][info][gc,metaspace   ] GC(1018) Metaspace: 128704K(130752K)->128704K(130752K) NonClass: 109669K(110336K)->109669K(110336K) Class: 19035K(20416K)->19035K(20416K)
[133.939s][info][gc             ] GC(1018) Pause Young (Concurrent Start) (G1 Humongous Allocation) 1157M->1127M(2048M) 2.962ms
[133.939s][info][gc             ] GC(1019) Concurrent Mark Cycle
[133.939s][info][gc,cpu         ] GC(1018) User=0.00s Sys=0.00s Real=0.00s
[133.939s][info][gc,marking     ] GC(1019) Concurrent Scan Root Regions
[133.953s][info][gc,marking     ] GC(1019) Concurrent Scan Root Regions 13.968ms
[133.953s][info][gc,marking     ] GC(1019) Concurrent Mark
[133.953s][info][gc,marking     ] GC(1019) Concurrent Mark From Roots
[133.953s][info][gc,task        ] GC(1019) Using 8 workers of 8 for marking
[133.997s][info][gc,start       ] GC(1020) Pause Young (Normal) (G1 Evacuation Pause)
[133.997s][info][gc,task        ] GC(1020) Using 33 workers of 33 for evacuation
[133.999s][info][gc,phases      ] GC(1020)   Pre Evacuate Collection Set: 0.3ms
[134.000s][info][gc,phases      ] GC(1020)   Merge Heap Roots: 0.3ms
[134.000s][info][gc,phases      ] GC(1020)   Evacuate Collection Set: 1.3ms
[134.000s][info][gc,phases      ] GC(1020)   Post Evacuate Collection Set: 0.7ms
[134.000s][info][gc,phases      ] GC(1020)   Other: 0.1ms
[134.000s][info][gc,heap        ] GC(1020) Eden regions: 796->0(802)
[134.000s][info][gc,heap        ] GC(1020) Survivor regions: 10->2(101)
[134.000s][info][gc,heap        ] GC(1020) Old regions: 58->66
[134.000s][info][gc,heap        ] GC(1020) Archive regions: 0->0
[134.000s][info][gc,heap        ] GC(1020) Humongous regions: 1082->1073
[134.000s][info][gc,metaspace   ] GC(1020) Metaspace: 128707K(130752K)->128707K(130752K) NonClass: 109671K(110336K)->109671K(110336K) Class: 19035K(20416K)->19035K(20416K)
[134.000s][info][gc             ] GC(1020) Pause Young (Normal) (G1 Evacuation Pause) 1934M->1129M(2048M) 2.936ms
[134.000s][info][gc,cpu         ] GC(1020) User=0.00s Sys=0.00s Real=0.00s
[134.029s][info][gc,marking     ] GC(1019) Concurrent Mark From Roots 75.674ms
[134.029s][info][gc,marking     ] GC(1019) Concurrent Preclean
[134.033s][info][gc,marking     ] GC(1019) Concurrent Preclean 3.191ms
[134.034s][info][gc,start       ] GC(1019) Pause Remark
[134.037s][info][gc             ] GC(1019) Pause Remark 1615M->1615M(2048M) 3.073ms
[134.037s][info][gc,cpu         ] GC(1019) User=0.00s Sys=0.00s Real=0.00s
[134.037s][info][gc,marking     ] GC(1019) Concurrent Mark 83.611ms
[134.037s][info][gc,marking     ] GC(1019) Concurrent Rebuild Remembered Sets and Scrub Regions
[134.062s][info][gc,start       ] GC(1021) Pause Young (Normal) (G1 Evacuation Pause)
[134.062s][info][gc,task        ] GC(1021) Using 33 workers of 33 for evacuation
[134.064s][info][gc,phases      ] GC(1021)   Pre Evacuate Collection Set: 0.3ms
[134.064s][info][gc,phases      ] GC(1021)   Merge Heap Roots: 0.8ms
[134.064s][info][gc,phases      ] GC(1021)   Evacuate Collection Set: 0.7ms
[134.064s][info][gc,phases      ] GC(1021)   Post Evacuate Collection Set: 0.7ms
[134.064s][info][gc,phases      ] GC(1021)   Other: 0.1ms
[134.064s][info][gc,heap        ] GC(1021) Eden regions: 802->0(787)
[134.064s][info][gc,heap        ] GC(1021) Survivor regions: 2->2(79)
[134.064s][info][gc,heap        ] GC(1021) Old regions: 66->66
[134.064s][info][gc,heap        ] GC(1021) Archive regions: 0->0
[134.064s][info][gc,heap        ] GC(1021) Humongous regions: 1099->1088
[134.064s][info][gc,metaspace   ] GC(1021) Metaspace: 128707K(130752K)->128707K(130752K) NonClass: 109671K(110336K)->109671K(110336K) Class: 19035K(20416K)->19035K(20416K)
[134.065s][info][gc             ] GC(1021) Pause Young (Normal) (G1 Evacuation Pause) 1957M->1143M(2048M) 2.743ms
[134.065s][info][gc,cpu         ] GC(1021) User=0.38s Sys=0.02s Real=0.02s
[134.065s][info][gc,marking     ] GC(1019) Concurrent Rebuild Remembered Sets and Scrub Regions 27.815ms
[134.065s][info][gc,start       ] GC(1019) Pause Cleanup
[134.065s][info][gc             ] GC(1019) Pause Cleanup 1155M->1155M(2048M) 0.252ms
[134.065s][info][gc,cpu         ] GC(1019) User=0.00s Sys=0.00s Real=0.00s
[134.066s][info][gc,marking     ] GC(1019) Concurrent Clear Claimed Marks
[134.066s][info][gc,marking     ] GC(1019) Concurrent Clear Claimed Marks 0.520ms
[134.066s][info][gc,marking     ] GC(1019) Concurrent Cleanup for Next Mark
[134.076s][info][gc,marking     ] GC(1019) Concurrent Cleanup for Next Mark 10.130ms
[134.077s][info][gc             ] GC(1019) Concurrent Mark Cycle 138.074ms
[134.122s][info][gc,start       ] GC(1022) Pause Young (Prepare Mixed) (G1 Evacuation Pause)
[134.122s][info][gc,task        ] GC(1022) Using 33 workers of 33 for evacuation
[134.124s][info][gc,phases      ] GC(1022)   Pre Evacuate Collection Set: 0.3ms
[134.124s][info][gc,phases      ] GC(1022)   Merge Heap Roots: 0.3ms
[134.124s][info][gc,phases      ] GC(1022)   Evacuate Collection Set: 0.7ms
[134.124s][info][gc,phases      ] GC(1022)   Post Evacuate Collection Set: 0.7ms
[134.124s][info][gc,phases      ] GC(1022)   Other: 0.1ms
[134.124s][info][gc,heap        ] GC(1022) Eden regions: 787->0(785)
[134.124s][info][gc,heap        ] GC(1022) Survivor regions: 2->2(97)
[134.124s][info][gc,heap        ] GC(1022) Old regions: 66->66
[134.124s][info][gc,heap        ] GC(1022) Archive regions: 0->0
[134.124s][info][gc,heap        ] GC(1022) Humongous regions: 1096->1090
[134.124s][info][gc,metaspace   ] GC(1022) Metaspace: 128707K(130752K)->128707K(130752K) NonClass: 109671K(110336K)->109671K(110336K) Class: 19035K(20416K)->19035K(20416K)
[134.124s][info][gc             ] GC(1022) Pause Young (Prepare Mixed) (G1 Evacuation Pause) 1938M->1145M(2048M) 2.376ms
[134.124s][info][gc,cpu         ] GC(1022) User=0.00s Sys=0.00s Real=0.00s
[134.179s][info][gc,start       ] GC(1023) Pause Young (Mixed) (G1 Evacuation Pause)
[134.180s][info][gc,task        ] GC(1023) Using 33 workers of 33 for evacuation
[134.182s][info][gc,phases      ] GC(1023)   Pre Evacuate Collection Set: 0.3ms
[134.182s][info][gc,phases      ] GC(1023)   Merge Heap Roots: 0.3ms
[134.182s][info][gc,phases      ] GC(1023)   Evacuate Collection Set: 1.3ms
[134.182s][info][gc,phases      ] GC(1023)   Post Evacuate Collection Set: 0.7ms
[134.182s][info][gc,phases      ] GC(1023)   Other: 0.1ms
[134.182s][info][gc,heap        ] GC(1023) Eden regions: 785->0(783)
[134.182s][info][gc,heap        ] GC(1023) Survivor regions: 2->3(99)
[134.182s][info][gc,heap        ] GC(1023) Old regions: 66->64
[134.182s][info][gc,heap        ] GC(1023) Archive regions: 0->0
[134.182s][info][gc,heap        ] GC(1023) Humongous regions: 1094->1092
[134.182s][info][gc,metaspace   ] GC(1023) Metaspace: 128707K(130752K)->128707K(130752K) NonClass: 109671K(110336K)->109671K(110336K) Class: 19035K(20416K)->19035K(20416K)
[134.182s][info][gc             ] GC(1023) Pause Young (Mixed) (G1 Evacuation Pause) 1934M->1148M(2048M) 2.924ms
[134.182s][info][gc,cpu         ] GC(1023) User=0.00s Sys=0.00s Real=0.00s
[134.204s][info][gc,start       ] GC(1024) Pause Young (Concurrent Start) (G1 Humongous Allocation)
[134.204s][info][gc,task        ] GC(1024) Using 33 workers of 33 for evacuation
[134.207s][info][gc,phases      ] GC(1024)   Pre Evacuate Collection Set: 0.5ms
[134.207s][info][gc,phases      ] GC(1024)   Merge Heap Roots: 0.2ms
[134.207s][info][gc,phases      ] GC(1024)   Evacuate Collection Set: 1.6ms
[134.207s][info][gc,phases      ] GC(1024)   Post Evacuate Collection Set: 0.6ms
[134.207s][info][gc,phases      ] GC(1024)   Other: 0.1ms
[134.207s][info][gc,heap        ] GC(1024) Eden regions: 311->0(783)
[134.207s][info][gc,heap        ] GC(1024) Survivor regions: 3->3(99)
[134.207s][info][gc,heap        ] GC(1024) Old regions: 64->64
[134.207s][info][gc,heap        ] GC(1024) Archive regions: 0->0
[134.207s][info][gc,heap        ] GC(1024) Humongous regions: 1092->1092
[134.207s][info][gc,metaspace   ] GC(1024) Metaspace: 128707K(130752K)->128707K(130752K) NonClass: 109671K(110336K)->109671K(110336K) Class: 19035K(20416K)->19035K(20416K)
[134.207s][info][gc             ] GC(1024) Pause Young (Concurrent Start) (G1 Humongous Allocation) 1459M->1149M(2048M) 3.056ms
[134.207s][info][gc             ] GC(1025) Concurrent Mark Cycle
[134.207s][info][gc,cpu         ] GC(1024) User=0.00s Sys=0.00s Real=0.00s
[134.207s][info][gc,marking     ] GC(1025) Concurrent Scan Root Regions
[134.224s][info][gc,marking     ] GC(1025) Concurrent Scan Root Regions 17.302ms
[134.225s][info][gc,marking     ] GC(1025) Concurrent Mark
[134.225s][info][gc,marking     ] GC(1025) Concurrent Mark From Roots
[134.225s][info][gc,task        ] GC(1025) Using 8 workers of 8 for marking
[134.267s][info][gc,start       ] GC(1026) Pause Young (Normal) (G1 Evacuation Pause)
[134.268s][info][gc,task        ] GC(1026) Using 33 workers of 33 for evacuation
[134.270s][info][gc,phases      ] GC(1026)   Pre Evacuate Collection Set: 0.3ms
[134.270s][info][gc,phases      ] GC(1026)   Merge Heap Roots: 0.3ms
[134.270s][info][gc,phases      ] GC(1026)   Evacuate Collection Set: 0.8ms
[134.270s][info][gc,phases      ] GC(1026)   Post Evacuate Collection Set: 0.7ms
[134.270s][info][gc,phases      ] GC(1026)   Other: 0.1ms
[134.270s][info][gc,heap        ] GC(1026) Eden regions: 783->0(758)
[134.270s][info][gc,heap        ] GC(1026) Survivor regions: 3->2(57)
[134.270s][info][gc,heap        ] GC(1026) Old regions: 64->64
[134.270s][info][gc,heap        ] GC(1026) Archive regions: 0->0
[134.270s][info][gc,heap        ] GC(1026) Humongous regions: 1141->1119
[134.270s][info][gc,metaspace   ] GC(1026) Metaspace: 128707K(130752K)->128707K(130752K) NonClass: 109671K(110336K)->109671K(110336K) Class: 19035K(20416K)->19035K(20416K)
[134.270s][info][gc             ] GC(1026) Pause Young (Normal) (G1 Evacuation Pause) 1981M->1175M(2048M) 2.368ms
[134.270s][info][gc,cpu         ] GC(1026) User=0.00s Sys=0.00s Real=0.00s
[134.284s][info][gc,marking     ] GC(1025) Concurrent Mark From Roots 59.235ms
[134.285s][info][gc,marking     ] GC(1025) Concurrent Preclean
[134.288s][info][gc,marking     ] GC(1025) Concurrent Preclean 3.335ms
[134.289s][info][gc,start       ] GC(1025) Pause Remark
[134.293s][info][gc             ] GC(1025) Pause Remark 1460M->1460M(2048M) 3.163ms
[134.293s][info][gc,cpu         ] GC(1025) User=0.00s Sys=0.00s Real=0.00s
[134.293s][info][gc,marking     ] GC(1025) Concurrent Mark 67.876ms
[134.293s][info][gc,marking     ] GC(1025) Concurrent Rebuild Remembered Sets and Scrub Regions
[134.317s][info][gc,marking     ] GC(1025) Concurrent Rebuild Remembered Sets and Scrub Regions 23.632ms
[134.318s][info][gc,start       ] GC(1025) Pause Cleanup
[134.318s][info][gc             ] GC(1025) Pause Cleanup 1801M->1801M(2048M) 0.322ms
[134.318s][info][gc,cpu         ] GC(1025) User=0.00s Sys=0.00s Real=0.00s
[134.318s][info][gc,marking     ] GC(1025) Concurrent Clear Claimed Marks
[134.320s][info][gc,marking     ] GC(1025) Concurrent Clear Claimed Marks 1.562ms
[134.320s][info][gc,marking     ] GC(1025) Concurrent Cleanup for Next Mark
[134.328s][info][gc,marking     ] GC(1025) Concurrent Cleanup for Next Mark 7.735ms
[134.328s][info][gc             ] GC(1025) Concurrent Mark Cycle 121.202ms
[134.331s][info][gc,start       ] GC(1027) Pause Young (Prepare Mixed) (G1 Evacuation Pause)
[134.331s][info][gc,task        ] GC(1027) Using 33 workers of 33 for evacuation
[134.333s][info][gc,phases      ] GC(1027)   Pre Evacuate Collection Set: 0.3ms
[134.333s][info][gc,phases      ] GC(1027)   Merge Heap Roots: 0.7ms
[134.333s][info][gc,phases      ] GC(1027)   Evacuate Collection Set: 0.7ms
[134.333s][info][gc,phases      ] GC(1027)   Post Evacuate Collection Set: 0.7ms
[134.333s][info][gc,phases      ] GC(1027)   Other: 0.1ms
[134.333s][info][gc,heap        ] GC(1027) Eden regions: 758->0(755)
[134.333s][info][gc,heap        ] GC(1027) Survivor regions: 2->2(89)
[134.333s][info][gc,heap        ] GC(1027) Old regions: 64->64
[134.333s][info][gc,heap        ] GC(1027) Archive regions: 0->0
[134.333s][info][gc,heap        ] GC(1027) Humongous regions: 1135->1122
[134.333s][info][gc,metaspace   ] GC(1027) Metaspace: 128707K(130752K)->128707K(130752K) NonClass: 109671K(110336K)->109671K(110336K) Class: 19035K(20416K)->19035K(20416K)
[134.333s][info][gc             ] GC(1027) Pause Young (Prepare Mixed) (G1 Evacuation Pause) 1949M->1178M(2048M) 2.742ms
[134.333s][info][gc,cpu         ] GC(1027) User=0.00s Sys=0.00s Real=0.00s
[134.394s][info][gc,start       ] GC(1028) Pause Young (Mixed) (G1 Evacuation Pause)
[134.394s][info][gc,task        ] GC(1028) Using 33 workers of 33 for evacuation
[134.397s][info][gc,phases      ] GC(1028)   Pre Evacuate Collection Set: 0.3ms
[134.397s][info][gc,phases      ] GC(1028)   Merge Heap Roots: 0.3ms
[134.397s][info][gc,phases      ] GC(1028)   Evacuate Collection Set: 1.3ms
[134.397s][info][gc,phases      ] GC(1028)   Post Evacuate Collection Set: 0.7ms
[134.397s][info][gc,phases      ] GC(1028)   Other: 0.1ms
[134.397s][info][gc,heap        ] GC(1028) Eden regions: 755->0(742)
[134.397s][info][gc,heap        ] GC(1028) Survivor regions: 2->4(46)
[134.397s][info][gc,heap        ] GC(1028) Old regions: 64->62
[134.397s][info][gc,heap        ] GC(1028) Archive regions: 0->0
[134.397s][info][gc,heap        ] GC(1028) Humongous regions: 1181->1133
[134.397s][info][gc,metaspace   ] GC(1028) Metaspace: 128707K(130752K)->128707K(130752K) NonClass: 109671K(110336K)->109671K(110336K) Class: 19035K(20416K)->19035K(20416K)
[134.397s][info][gc             ] GC(1028) Pause Young (Mixed) (G1 Evacuation Pause) 1992M->1191M(2048M) 2.970ms
[134.397s][info][gc,cpu         ] GC(1028) User=0.00s Sys=0.00s Real=0.00s
[134.398s][info][gc,start       ] GC(1029) Pause Young (Concurrent Start) (G1 Humongous Allocation)
[134.398s][info][gc,task        ] GC(1029) Using 33 workers of 33 for evacuation
[134.400s][info][gc,phases      ] GC(1029)   Pre Evacuate Collection Set: 0.4ms
[134.400s][info][gc,phases      ] GC(1029)   Merge Heap Roots: 0.1ms
[134.400s][info][gc,phases      ] GC(1029)   Evacuate Collection Set: 1.4ms
[134.400s][info][gc,phases      ] GC(1029)   Post Evacuate Collection Set: 0.5ms
[134.400s][info][gc,phases      ] GC(1029)   Other: 0.1ms
[134.400s][info][gc,heap        ] GC(1029) Eden regions: 6->0(760)
[134.400s][info][gc,heap        ] GC(1029) Survivor regions: 4->4(94)
[134.400s][info][gc,heap        ] GC(1029) Old regions: 62->62
[134.400s][info][gc,heap        ] GC(1029) Archive regions: 0->0
[134.400s][info][gc,heap        ] GC(1029) Humongous regions: 1133->1115
[134.400s][info][gc,metaspace   ] GC(1029) Metaspace: 128707K(130752K)->128707K(130752K) NonClass: 109671K(110336K)->109671K(110336K) Class: 19035K(20416K)->19035K(20416K)
[134.400s][info][gc             ] GC(1029) Pause Young (Concurrent Start) (G1 Humongous Allocation) 1197M->1173M(2048M) 2.591ms
[134.400s][info][gc             ] GC(1030) Concurrent Mark Cycle
[134.400s][info][gc,cpu         ] GC(1029) User=0.00s Sys=0.00s Real=0.00s
[134.400s][info][gc,marking     ] GC(1030) Concurrent Scan Root Regions
[134.416s][info][gc,marking     ] GC(1030) Concurrent Scan Root Regions 15.660ms
[134.416s][info][gc,marking     ] GC(1030) Concurrent Mark
[134.416s][info][gc,marking     ] GC(1030) Concurrent Mark From Roots
[134.416s][info][gc,task        ] GC(1030) Using 8 workers of 8 for marking
[134.456s][info][gc,marking     ] GC(1030) Concurrent Mark From Roots 39.579ms
[134.456s][info][gc,marking     ] GC(1030) Concurrent Preclean
[134.457s][info][gc,marking     ] GC(1030) Concurrent Preclean 1.153ms
[134.458s][info][gc,start       ] GC(1030) Pause Remark
[134.461s][info][gc             ] GC(1030) Pause Remark 1930M->1930M(2048M) 3.102ms
[134.461s][info][gc,cpu         ] GC(1030) User=0.00s Sys=0.00s Real=0.00s
[134.461s][info][gc,marking     ] GC(1030) Concurrent Mark 44.964ms
[134.461s][info][gc,marking     ] GC(1030) Concurrent Rebuild Remembered Sets and Scrub Regions
[134.467s][info][gc,start       ] GC(1031) Pause Young (Normal) (G1 Evacuation Pause)
[134.467s][info][gc,task        ] GC(1031) Using 33 workers of 33 for evacuation
[134.470s][info][gc,phases      ] GC(1031)   Pre Evacuate Collection Set: 0.3ms
[134.470s][info][gc,phases      ] GC(1031)   Merge Heap Roots: 0.4ms
[134.470s][info][gc,phases      ] GC(1031)   Evacuate Collection Set: 1.1ms
[134.470s][info][gc,phases      ] GC(1031)   Post Evacuate Collection Set: 0.8ms
[134.470s][info][gc,phases      ] GC(1031)   Other: 0.1ms
[134.470s][info][gc,heap        ] GC(1031) Eden regions: 760->0(745)
[134.470s][info][gc,heap        ] GC(1031) Survivor regions: 4->5(41)
[134.470s][info][gc,heap        ] GC(1031) Old regions: 62->62
[134.470s][info][gc,heap        ] GC(1031) Archive regions: 0->0
[134.470s][info][gc,heap        ] GC(1031) Humongous regions: 1181->1128
[134.470s][info][gc,metaspace   ] GC(1031) Metaspace: 128707K(130752K)->128707K(130752K) NonClass: 109671K(110336K)->109671K(110336K) Class: 19035K(20416K)->19035K(20416K)
[134.470s][info][gc             ] GC(1031) Pause Young (Normal) (G1 Evacuation Pause) 1999M->1187M(2048M) 2.828ms
[134.470s][info][gc,cpu         ] GC(1031) User=0.00s Sys=0.00s Real=0.00s
[134.475s][info][gc,marking     ] GC(1030) Concurrent Rebuild Remembered Sets and Scrub Regions 13.451ms
[134.475s][info][gc,start       ] GC(1030) Pause Cleanup
[134.475s][info][gc             ] GC(1030) Pause Cleanup 1261M->1261M(2048M) 0.338ms
[134.475s][info][gc,cpu         ] GC(1030) User=0.00s Sys=0.00s Real=0.00s
[134.476s][info][gc,marking     ] GC(1030) Concurrent Clear Claimed Marks
[134.476s][info][gc,marking     ] GC(1030) Concurrent Clear Claimed Marks 0.342ms
[134.476s][info][gc,marking     ] GC(1030) Concurrent Cleanup for Next Mark
[134.481s][info][gc,marking     ] GC(1030) Concurrent Cleanup for Next Mark 4.946ms
[134.481s][info][gc             ] GC(1030) Concurrent Mark Cycle 80.600ms
[134.529s][info][gc,start       ] GC(1032) Pause Young (Prepare Mixed) (G1 Humongous Allocation)
[134.529s][info][gc,task        ] GC(1032) Using 33 workers of 33 for evacuation
[134.532s][info][gc,phases      ] GC(1032)   Pre Evacuate Collection Set: 0.3ms
[134.532s][info][gc,phases      ] GC(1032)   Merge Heap Roots: 0.6ms
[134.532s][info][gc,phases      ] GC(1032)   Evacuate Collection Set: 1.2ms
[134.532s][info][gc,phases      ] GC(1032)   Post Evacuate Collection Set: 0.8ms
[134.532s][info][gc,phases      ] GC(1032)   Other: 0.1ms
[134.532s][info][gc,heap        ] GC(1032) Eden regions: 720->0(727)
[134.532s][info][gc,heap        ] GC(1032) Survivor regions: 5->7(49)
[134.532s][info][gc,heap        ] GC(1032) Old regions: 62->62
[134.532s][info][gc,heap        ] GC(1032) Archive regions: 0->0
[134.532s][info][gc,heap        ] GC(1032) Humongous regions: 1212->1142
[134.532s][info][gc,metaspace   ] GC(1032) Metaspace: 128707K(130752K)->128707K(130752K) NonClass: 109671K(110336K)->109671K(110336K) Class: 19035K(20416K)->19035K(20416K)
[134.532s][info][gc             ] GC(1032) Pause Young (Prepare Mixed) (G1 Humongous Allocation) 1991M->1202M(2048M) 3.307ms
[134.532s][info][gc,cpu         ] GC(1032) User=0.00s Sys=0.00s Real=0.00s
[134.581s][info][gc,start       ] GC(1033) Pause Young (Mixed) (G1 Humongous Allocation)
[134.581s][info][gc,task        ] GC(1033) Using 33 workers of 33 for evacuation
[134.584s][info][gc,phases      ] GC(1033)   Pre Evacuate Collection Set: 0.3ms
[134.584s][info][gc,phases      ] GC(1033)   Merge Heap Roots: 0.3ms
[134.584s][info][gc,phases      ] GC(1033)   Evacuate Collection Set: 1.6ms
[134.584s][info][gc,phases      ] GC(1033)   Post Evacuate Collection Set: 0.8ms
[134.584s][info][gc,phases      ] GC(1033)   Other: 0.1ms
[134.584s][info][gc,heap        ] GC(1033) Eden regions: 701->0(724)
[134.584s][info][gc,heap        ] GC(1033) Survivor regions: 7->8(31)
[134.584s][info][gc,heap        ] GC(1033) Old regions: 62->60
[134.584s][info][gc,heap        ] GC(1033) Archive regions: 0->0
[134.584s][info][gc,heap        ] GC(1033) Humongous regions: 1247->1145
[134.584s][info][gc,metaspace   ] GC(1033) Metaspace: 128707K(130752K)->128707K(130752K) NonClass: 109671K(110336K)->109671K(110336K) Class: 19035K(20416K)->19035K(20416K)
[134.584s][info][gc             ] GC(1033) Pause Young (Mixed) (G1 Humongous Allocation) 2008M->1206M(2048M) 3.359ms
[134.584s][info][gc,cpu         ] GC(1033) User=0.00s Sys=0.00s Real=0.00s
[134.585s][info][gc,start       ] GC(1034) Pause Young (Concurrent Start) (G1 Humongous Allocation)
[134.585s][info][gc,task        ] GC(1034) Using 33 workers of 33 for evacuation
[134.588s][info][gc,phases      ] GC(1034)   Pre Evacuate Collection Set: 0.4ms
[134.588s][info][gc,phases      ] GC(1034)   Merge Heap Roots: 0.1ms
[134.588s][info][gc,phases      ] GC(1034)   Evacuate Collection Set: 1.7ms
[134.588s][info][gc,phases      ] GC(1034)   Post Evacuate Collection Set: 0.5ms
[134.588s][info][gc,phases      ] GC(1034)   Other: 0.1ms
[134.588s][info][gc,heap        ] GC(1034) Eden regions: 5->0(720)
[134.588s][info][gc,heap        ] GC(1034) Survivor regions: 8->8(92)
[134.588s][info][gc,heap        ] GC(1034) Old regions: 60->60
[134.588s][info][gc,heap        ] GC(1034) Archive regions: 0->0
[134.588s][info][gc,heap        ] GC(1034) Humongous regions: 1149->1149
[134.588s][info][gc,metaspace   ] GC(1034) Metaspace: 128707K(130752K)->128707K(130752K) NonClass: 109671K(110336K)->109671K(110336K) Class: 19035K(20416K)->19035K(20416K)
[134.588s][info][gc             ] GC(1034) Pause Young (Concurrent Start) (G1 Humongous Allocation) 1215M->1211M(2048M) 3.011ms
[134.588s][info][gc             ] GC(1035) Concurrent Mark Cycle
[134.588s][info][gc,cpu         ] GC(1034) User=0.00s Sys=0.00s Real=0.00s
[134.588s][info][gc,marking     ] GC(1035) Concurrent Scan Root Regions
[134.593s][info][gc,marking     ] GC(1035) Concurrent Scan Root Regions 4.387ms
[134.593s][info][gc,marking     ] GC(1035) Concurrent Mark
[134.593s][info][gc,marking     ] GC(1035) Concurrent Mark From Roots
[134.593s][info][gc,task        ] GC(1035) Using 8 workers of 8 for marking
[134.614s][info][gc,marking     ] GC(1035) Concurrent Mark From Roots 21.164ms
[134.614s][info][gc,marking     ] GC(1035) Concurrent Preclean
[134.614s][info][gc,marking     ] GC(1035) Concurrent Preclean 0.511ms
[134.615s][info][gc,start       ] GC(1035) Pause Remark
[134.618s][info][gc             ] GC(1035) Pause Remark 1596M->1596M(2048M) 3.072ms
[134.618s][info][gc,cpu         ] GC(1035) User=0.00s Sys=0.00s Real=0.00s
[134.618s][info][gc,marking     ] GC(1035) Concurrent Mark 25.176ms
[134.618s][info][gc,marking     ] GC(1035) Concurrent Rebuild Remembered Sets and Scrub Regions
[134.625s][info][gc,marking     ] GC(1035) Concurrent Rebuild Remembered Sets and Scrub Regions 7.535ms
[134.626s][info][gc,start       ] GC(1035) Pause Cleanup
[134.626s][info][gc             ] GC(1035) Pause Cleanup 1713M->1713M(2048M) 0.289ms
[134.626s][info][gc,cpu         ] GC(1035) User=0.00s Sys=0.00s Real=0.00s
[134.626s][info][gc,marking     ] GC(1035) Concurrent Clear Claimed Marks
[134.626s][info][gc,marking     ] GC(1035) Concurrent Clear Claimed Marks 0.232ms
[134.626s][info][gc,marking     ] GC(1035) Concurrent Cleanup for Next Mark
[134.629s][info][gc,marking     ] GC(1035) Concurrent Cleanup for Next Mark 2.628ms
[134.629s][info][gc             ] GC(1035) Concurrent Mark Cycle 40.906ms
[134.644s][info][gc,start       ] GC(1036) Pause Young (Prepare Mixed) (G1 Evacuation Pause)
[134.644s][info][gc,task        ] GC(1036) Using 33 workers of 33 for evacuation
[134.647s][info][gc,phases      ] GC(1036)   Pre Evacuate Collection Set: 0.3ms
[134.647s][info][gc,phases      ] GC(1036)   Merge Heap Roots: 0.8ms
[134.647s][info][gc,phases      ] GC(1036)   Evacuate Collection Set: 1.0ms
[134.647s][info][gc,phases      ] GC(1036)   Post Evacuate Collection Set: 0.8ms
[134.647s][info][gc,phases      ] GC(1036)   Other: 0.1ms
[134.647s][info][gc,heap        ] GC(1036) Eden regions: 720->0(709)
[134.647s][info][gc,heap        ] GC(1036) Survivor regions: 8->5(31)
[134.647s][info][gc,heap        ] GC(1036) Old regions: 60->60
[134.647s][info][gc,heap        ] GC(1036) Archive regions: 0->0
[134.647s][info][gc,heap        ] GC(1036) Humongous regions: 1229->1166
[134.647s][info][gc,metaspace   ] GC(1036) Metaspace: 128707K(130752K)->128707K(130752K) NonClass: 109671K(110336K)->109671K(110336K) Class: 19035K(20416K)->19035K(20416K)
[134.647s][info][gc             ] GC(1036) Pause Young (Prepare Mixed) (G1 Evacuation Pause) 2011M->1225M(2048M) 3.178ms
[134.647s][info][gc,cpu         ] GC(1036) User=0.00s Sys=0.00s Real=0.00s
[134.685s][info][gc,start       ] GC(1037) Pause Young (Mixed) (G1 Humongous Allocation)
[134.686s][info][gc,task        ] GC(1037) Using 33 workers of 33 for evacuation
[134.689s][info][gc,phases      ] GC(1037)   Pre Evacuate Collection Set: 0.3ms
[134.689s][info][gc,phases      ] GC(1037)   Merge Heap Roots: 0.3ms
[134.689s][info][gc,phases      ] GC(1037)   Evacuate Collection Set: 1.7ms
[134.689s][info][gc,phases      ] GC(1037)   Post Evacuate Collection Set: 0.8ms
[134.689s][info][gc,phases      ] GC(1037)   Other: 0.1ms
[134.689s][info][gc,heap        ] GC(1037) Eden regions: 668->0(681)
[134.689s][info][gc,heap        ] GC(1037) Survivor regions: 5->5(75)
[134.689s][info][gc,heap        ] GC(1037) Old regions: 60->59
[134.689s][info][gc,heap        ] GC(1037) Archive regions: 0->0
[134.689s][info][gc,heap        ] GC(1037) Humongous regions: 1240->1195
[134.689s][info][gc,metaspace   ] GC(1037) Metaspace: 128707K(130752K)->128707K(130752K) NonClass: 109671K(110336K)->109671K(110336K) Class: 19035K(20416K)->19035K(20416K)
[134.689s][info][gc             ] GC(1037) Pause Young (Mixed) (G1 Humongous Allocation) 1967M->1253M(2048M) 3.424ms
[134.689s][info][gc,cpu         ] GC(1037) User=0.02s Sys=0.00s Real=0.02s
[134.690s][info][gc,start       ] GC(1038) Pause Young (Concurrent Start) (G1 Humongous Allocation)
[134.690s][info][gc,task        ] GC(1038) Using 33 workers of 33 for evacuation
[134.693s][info][gc,phases      ] GC(1038)   Pre Evacuate Collection Set: 0.4ms
[134.693s][info][gc,phases      ] GC(1038)   Merge Heap Roots: 0.1ms
[134.693s][info][gc,phases      ] GC(1038)   Evacuate Collection Set: 1.6ms
[134.693s][info][gc,phases      ] GC(1038)   Post Evacuate Collection Set: 0.5ms
[134.693s][info][gc,phases      ] GC(1038)   Other: 0.1ms
[134.693s][info][gc,heap        ] GC(1038) Eden regions: 10->0(678)
[134.693s][info][gc,heap        ] GC(1038) Survivor regions: 5->5(86)
[134.693s][info][gc,heap        ] GC(1038) Old regions: 59->59
[134.693s][info][gc,heap        ] GC(1038) Archive regions: 0->0
[134.693s][info][gc,heap        ] GC(1038) Humongous regions: 1202->1198
[134.693s][info][gc,metaspace   ] GC(1038) Metaspace: 128707K(130752K)->128707K(130752K) NonClass: 109671K(110336K)->109671K(110336K) Class: 19035K(20416K)->19035K(20416K)
[134.693s][info][gc             ] GC(1038) Pause Young (Concurrent Start) (G1 Humongous Allocation) 1270M->1256M(2048M) 2.935ms
[134.693s][info][gc             ] GC(1039) Concurrent Mark Cycle
[134.693s][info][gc,cpu         ] GC(1038) User=0.00s Sys=0.00s Real=0.00s
[134.693s][info][gc,marking     ] GC(1039) Concurrent Scan Root Regions
[134.698s][info][gc,marking     ] GC(1039) Concurrent Scan Root Regions 5.145ms
[134.698s][info][gc,marking     ] GC(1039) Concurrent Mark
[134.699s][info][gc,marking     ] GC(1039) Concurrent Mark From Roots
[134.699s][info][gc,task        ] GC(1039) Using 8 workers of 8 for marking
[134.719s][info][gc,marking     ] GC(1039) Concurrent Mark From Roots 20.912ms
[134.720s][info][gc,marking     ] GC(1039) Concurrent Preclean
[134.720s][info][gc,marking     ] GC(1039) Concurrent Preclean 0.543ms
[134.721s][info][gc,start       ] GC(1039) Pause Remark
[134.724s][info][gc             ] GC(1039) Pause Remark 1665M->1665M(2048M) 3.114ms
[134.724s][info][gc,cpu         ] GC(1039) User=0.00s Sys=0.00s Real=0.00s
[134.724s][info][gc,marking     ] GC(1039) Concurrent Mark 25.463ms
[134.724s][info][gc,marking     ] GC(1039) Concurrent Rebuild Remembered Sets and Scrub Regions
[134.733s][info][gc,marking     ] GC(1039) Concurrent Rebuild Remembered Sets and Scrub Regions 8.780ms
[134.734s][info][gc,start       ] GC(1039) Pause Cleanup
[134.734s][info][gc             ] GC(1039) Pause Cleanup 1801M->1801M(2048M) 0.324ms
[134.734s][info][gc,cpu         ] GC(1039) User=0.00s Sys=0.00s Real=0.00s
[134.734s][info][gc,marking     ] GC(1039) Concurrent Clear Claimed Marks
[134.734s][info][gc,marking     ] GC(1039) Concurrent Clear Claimed Marks 0.275ms
[134.734s][info][gc,marking     ] GC(1039) Concurrent Cleanup for Next Mark
[134.737s][info][gc,marking     ] GC(1039) Concurrent Cleanup for Next Mark 2.520ms
[134.737s][info][gc             ] GC(1039) Concurrent Mark Cycle 43.816ms
[134.746s][info][gc,start       ] GC(1040) Pause Young (Prepare Mixed) (G1 Humongous Allocation)
[134.746s][info][gc,task        ] GC(1040) Using 33 workers of 33 for evacuation
[134.749s][info][gc,phases      ] GC(1040)   Pre Evacuate Collection Set: 0.3ms
[134.749s][info][gc,phases      ] GC(1040)   Merge Heap Roots: 0.8ms
[134.749s][info][gc,phases      ] GC(1040)   Evacuate Collection Set: 1.0ms
[134.749s][info][gc,phases      ] GC(1040)   Post Evacuate Collection Set: 0.9ms
[134.749s][info][gc,phases      ] GC(1040)   Other: 0.2ms
[134.749s][info][gc,heap        ] GC(1040) Eden regions: 599->0(696)
[134.749s][info][gc,heap        ] GC(1040) Survivor regions: 5->5(64)
[134.749s][info][gc,heap        ] GC(1040) Old regions: 59->59
[134.749s][info][gc,heap        ] GC(1040) Archive regions: 0->0
[134.749s][info][gc,heap        ] GC(1040) Humongous regions: 1321->1180
[134.749s][info][gc,metaspace   ] GC(1040) Metaspace: 128707K(130752K)->128707K(130752K) NonClass: 109671K(110336K)->109671K(110336K) Class: 19035K(20416K)->19035K(20416K)
[134.749s][info][gc             ] GC(1040) Pause Young (Prepare Mixed) (G1 Humongous Allocation) 1978M->1238M(2048M) 3.447ms
[134.749s][info][gc,cpu         ] GC(1040) User=0.00s Sys=0.00s Real=0.00s
[134.790s][info][gc,start       ] GC(1041) Pause Young (Mixed) (G1 Humongous Allocation)
[134.790s][info][gc,task        ] GC(1041) Using 33 workers of 33 for evacuation
[134.793s][info][gc,phases      ] GC(1041)   Pre Evacuate Collection Set: 0.3ms
[134.793s][info][gc,phases      ] GC(1041)   Merge Heap Roots: 0.3ms
[134.793s][info][gc,phases      ] GC(1041)   Evacuate Collection Set: 1.4ms
[134.793s][info][gc,phases      ] GC(1041)   Post Evacuate Collection Set: 1.0ms
[134.793s][info][gc,phases      ] GC(1041)   Other: 0.2ms
[134.793s][info][gc,heap        ] GC(1041) Eden regions: 695->0(672)
[134.793s][info][gc,heap        ] GC(1041) Survivor regions: 5->4(43)
[134.793s][info][gc,heap        ] GC(1041) Old regions: 59->58
[134.793s][info][gc,heap        ] GC(1041) Archive regions: 0->0
[134.793s][info][gc,heap        ] GC(1041) Humongous regions: 1246->1207
[134.793s][info][gc,metaspace   ] GC(1041) Metaspace: 128707K(130752K)->128707K(130752K) NonClass: 109671K(110336K)->109671K(110336K) Class: 19035K(20416K)->19035K(20416K)
[134.793s][info][gc             ] GC(1041) Pause Young (Mixed) (G1 Humongous Allocation) 1999M->1265M(2048M) 3.770ms
[134.793s][info][gc,cpu         ] GC(1041) User=0.00s Sys=0.00s Real=0.00s
[134.800s][info][gc,start       ] GC(1042) Pause Young (Concurrent Start) (G1 Humongous Allocation)
[134.800s][info][gc,task        ] GC(1042) Using 33 workers of 33 for evacuation
[134.803s][info][gc,phases      ] GC(1042)   Pre Evacuate Collection Set: 0.5ms
[134.803s][info][gc,phases      ] GC(1042)   Merge Heap Roots: 0.1ms
[134.803s][info][gc,phases      ] GC(1042)   Evacuate Collection Set: 1.5ms
[134.803s][info][gc,phases      ] GC(1042)   Post Evacuate Collection Set: 0.9ms
[134.803s][info][gc,phases      ] GC(1042)   Other: 0.1ms
[134.803s][info][gc,heap        ] GC(1042) Eden regions: 100->0(671)
[134.803s][info][gc,heap        ] GC(1042) Survivor regions: 4->4(85)
[134.803s][info][gc,heap        ] GC(1042) Old regions: 58->58
[134.803s][info][gc,heap        ] GC(1042) Archive regions: 0->0
[134.803s][info][gc,heap        ] GC(1042) Humongous regions: 1214->1208
[134.803s][info][gc,metaspace   ] GC(1042) Metaspace: 128707K(130752K)->128707K(130752K) NonClass: 109671K(110336K)->109671K(110336K) Class: 19035K(20416K)->19035K(20416K)
[134.803s][info][gc             ] GC(1042) Pause Young (Concurrent Start) (G1 Humongous Allocation) 1372M->1266M(2048M) 3.655ms
[134.803s][info][gc             ] GC(1043) Concurrent Mark Cycle
[134.803s][info][gc,cpu         ] GC(1042) User=0.00s Sys=0.00s Real=0.00s
[134.803s][info][gc,marking     ] GC(1043) Concurrent Scan Root Regions
[134.808s][info][gc,marking     ] GC(1043) Concurrent Scan Root Regions 4.385ms
[134.808s][info][gc,marking     ] GC(1043) Concurrent Mark
[134.808s][info][gc,marking     ] GC(1043) Concurrent Mark From Roots
[134.808s][info][gc,task        ] GC(1043) Using 8 workers of 8 for marking
[134.830s][info][gc,marking     ] GC(1043) Concurrent Mark From Roots 21.780ms
[134.846s][info][gc,start       ] GC(1044) Pause Young (Normal) (G1 Humongous Allocation)
[134.937s][info][gc,marking     ] GC(1043) Concurrent Preclean
[134.965s][info][gc,task        ] GC(1044) Using 33 workers of 33 for evacuation
[134.969s][info][gc,phases      ] GC(1044)   Pre Evacuate Collection Set: 0.4ms
[134.969s][info][gc,phases      ] GC(1044)   Merge Heap Roots: 0.4ms
[134.969s][info][gc,phases      ] GC(1044)   Evacuate Collection Set: 1.4ms
[134.969s][info][gc,phases      ] GC(1044)   Post Evacuate Collection Set: 1.5ms
[134.969s][info][gc,phases      ] GC(1044)   Other: 0.3ms
[134.969s][info][gc,heap        ] GC(1044) Eden regions: 613->0(650)
[134.969s][info][gc,heap        ] GC(1044) Survivor regions: 4->5(67)
[134.969s][info][gc,heap        ] GC(1044) Old regions: 58->58
[134.969s][info][gc,heap        ] GC(1044) Archive regions: 0->0
[134.969s][info][gc,heap        ] GC(1044) Humongous regions: 1306->1227
[134.969s][info][gc,metaspace   ] GC(1044) Metaspace: 128707K(130752K)->128707K(130752K) NonClass: 109671K(110336K)->109671K(110336K) Class: 19035K(20416K)->19035K(20416K)
[134.969s][info][gc             ] GC(1044) Pause Young (Normal) (G1 Humongous Allocation) 1977M->1285M(2048M) 122.620ms
[134.969s][info][gc,cpu         ] GC(1044) User=0.00s Sys=0.00s Real=0.13s
[134.970s][info][gc,marking     ] GC(1043) Concurrent Preclean 33.113ms
[134.970s][info][gc,start       ] GC(1043) Pause Remark
[134.976s][info][gc             ] GC(1043) Pause Remark 1295M->1295M(2048M) 5.435ms
[134.976s][info][gc,cpu         ] GC(1043) User=0.00s Sys=0.02s Real=0.01s
[134.976s][info][gc,marking     ] GC(1043) Concurrent Mark 168.041ms
[134.976s][info][gc,marking     ] GC(1043) Concurrent Rebuild Remembered Sets and Scrub Regions
[134.992s][info][gc,marking     ] GC(1043) Concurrent Rebuild Remembered Sets and Scrub Regions 15.781ms
[134.992s][info][gc,start       ] GC(1043) Pause Cleanup
[134.993s][info][gc             ] GC(1043) Pause Cleanup 1427M->1427M(2048M) 0.411ms
[134.993s][info][gc,cpu         ] GC(1043) User=0.00s Sys=0.00s Real=0.00s
[134.993s][info][gc,marking     ] GC(1043) Concurrent Clear Claimed Marks
[134.993s][info][gc,marking     ] GC(1043) Concurrent Clear Claimed Marks 0.257ms
[134.993s][info][gc,marking     ] GC(1043) Concurrent Cleanup for Next Mark
[134.996s][info][gc,marking     ] GC(1043) Concurrent Cleanup for Next Mark 2.421ms
[134.996s][info][gc             ] GC(1043) Concurrent Mark Cycle 192.535ms
[135.030s][info][gc,start       ] GC(1045) Pause Young (Prepare Mixed) (G1 Evacuation Pause)
[135.030s][info][gc,task        ] GC(1045) Using 33 workers of 33 for evacuation
[135.034s][info][gc,phases      ] GC(1045)   Pre Evacuate Collection Set: 0.4ms
[135.034s][info][gc,phases      ] GC(1045)   Merge Heap Roots: 0.8ms
[135.034s][info][gc,phases      ] GC(1045)   Evacuate Collection Set: 0.9ms
[135.034s][info][gc,phases      ] GC(1045)   Post Evacuate Collection Set: 1.3ms
[135.034s][info][gc,phases      ] GC(1045)   Other: 0.2ms
[135.034s][info][gc,heap        ] GC(1045) Eden regions: 644->0(621)
[135.034s][info][gc,heap        ] GC(1045) Survivor regions: 5->0(0)
[135.034s][info][gc,heap        ] GC(1045) Old regions: 58->96
[135.034s][info][gc,heap        ] GC(1045) Archive regions: 0->0
[135.034s][info][gc,heap        ] GC(1045) Humongous regions: 1341->1228
[135.034s][info][gc,metaspace   ] GC(1045) Metaspace: 128707K(130752K)->128707K(130752K) NonClass: 109671K(110336K)->109671K(110336K) Class: 19035K(20416K)->19035K(20416K)
[135.034s][info][gc             ] GC(1045) Pause Young (Prepare Mixed) (G1 Evacuation Pause) (Evacuation Failure) 2043M->1320M(2048M) 4.113ms
[135.034s][info][gc,cpu         ] GC(1045) User=0.00s Sys=0.00s Real=0.00s
[135.071s][info][gc,start       ] GC(1046) Pause Young (Mixed) (G1 Evacuation Pause)
[135.071s][info][gc,task        ] GC(1046) Using 33 workers of 33 for evacuation
[135.075s][info][gc,phases      ] GC(1046)   Pre Evacuate Collection Set: 0.3ms
[135.075s][info][gc,phases      ] GC(1046)   Merge Heap Roots: 0.3ms
[135.075s][info][gc,phases      ] GC(1046)   Evacuate Collection Set: 1.6ms
[135.075s][info][gc,phases      ] GC(1046)   Post Evacuate Collection Set: 0.9ms
[135.075s][info][gc,phases      ] GC(1046)   Other: 0.2ms
[135.075s][info][gc,heap        ] GC(1046) Eden regions: 621->0(575)
[135.075s][info][gc,heap        ] GC(1046) Survivor regions: 0->1(54)
[135.075s][info][gc,heap        ] GC(1046) Old regions: 96->95
[135.075s][info][gc,heap        ] GC(1046) Archive regions: 0->0
[135.075s][info][gc,heap        ] GC(1046) Humongous regions: 1277->1273
[135.075s][info][gc,metaspace   ] GC(1046) Metaspace: 128707K(130752K)->128707K(130752K) NonClass: 109671K(110336K)->109671K(110336K) Class: 19035K(20416K)->19035K(20416K)
[135.075s][info][gc             ] GC(1046) Pause Young (Mixed) (G1 Evacuation Pause) 1990M->1365M(2048M) 3.859ms
[135.075s][info][gc,cpu         ] GC(1046) User=0.00s Sys=0.00s Real=0.00s
[135.076s][info][gc,start       ] GC(1047) Pause Young (Concurrent Start) (G1 Humongous Allocation)
[135.076s][info][gc,task        ] GC(1047) Using 33 workers of 33 for evacuation
[135.079s][info][gc,phases      ] GC(1047)   Pre Evacuate Collection Set: 0.5ms
[135.079s][info][gc,phases      ] GC(1047)   Merge Heap Roots: 0.1ms
[135.079s][info][gc,phases      ] GC(1047)   Evacuate Collection Set: 1.4ms
[135.079s][info][gc,phases      ] GC(1047)   Post Evacuate Collection Set: 0.7ms
[135.079s][info][gc,phases      ] GC(1047)   Other: 0.1ms
[135.079s][info][gc,heap        ] GC(1047) Eden regions: 17->0(575)
[135.079s][info][gc,heap        ] GC(1047) Survivor regions: 1->1(72)
[135.079s][info][gc,heap        ] GC(1047) Old regions: 95->95
[135.079s][info][gc,heap        ] GC(1047) Archive regions: 0->0
[135.079s][info][gc,heap        ] GC(1047) Humongous regions: 1273->1273
[135.079s][info][gc,metaspace   ] GC(1047) Metaspace: 128707K(130752K)->128707K(130752K) NonClass: 109671K(110336K)->109671K(110336K) Class: 19035K(20416K)->19035K(20416K)
[135.079s][info][gc             ] GC(1047) Pause Young (Concurrent Start) (G1 Humongous Allocation) 1382M->1365M(2048M) 3.175ms
[135.079s][info][gc             ] GC(1048) Concurrent Mark Cycle
[135.079s][info][gc,cpu         ] GC(1047) User=0.00s Sys=0.00s Real=0.00s
[135.079s][info][gc,marking     ] GC(1048) Concurrent Scan Root Regions
[135.082s][info][gc,marking     ] GC(1048) Concurrent Scan Root Regions 2.191ms
[135.082s][info][gc,marking     ] GC(1048) Concurrent Mark
[135.082s][info][gc,marking     ] GC(1048) Concurrent Mark From Roots
[135.082s][info][gc,task        ] GC(1048) Using 8 workers of 8 for marking
[135.104s][info][gc,marking     ] GC(1048) Concurrent Mark From Roots 22.216ms
[135.104s][info][gc,marking     ] GC(1048) Concurrent Preclean
[135.105s][info][gc,marking     ] GC(1048) Concurrent Preclean 0.602ms
[135.105s][info][gc,start       ] GC(1048) Pause Remark
[135.108s][info][gc             ] GC(1048) Pause Remark 1756M->1710M(2048M) 3.250ms
[135.108s][info][gc,cpu         ] GC(1048) User=0.00s Sys=0.00s Real=0.00s
[135.108s][info][gc,marking     ] GC(1048) Concurrent Mark 26.607ms
[135.108s][info][gc,marking     ] GC(1048) Concurrent Rebuild Remembered Sets and Scrub Regions
[135.115s][info][gc,marking     ] GC(1048) Concurrent Rebuild Remembered Sets and Scrub Regions 7.039ms
[135.116s][info][gc,start       ] GC(1048) Pause Cleanup
[135.117s][info][gc             ] GC(1048) Pause Cleanup 1829M->1829M(2048M) 0.521ms
[135.117s][info][gc,cpu         ] GC(1048) User=0.00s Sys=0.00s Real=0.00s
[135.117s][info][gc,marking     ] GC(1048) Concurrent Clear Claimed Marks
[135.117s][info][gc,marking     ] GC(1048) Concurrent Clear Claimed Marks 0.192ms
[135.117s][info][gc,marking     ] GC(1048) Concurrent Cleanup for Next Mark
[135.120s][info][gc,marking     ] GC(1048) Concurrent Cleanup for Next Mark 2.443ms
[135.120s][info][gc             ] GC(1048) Concurrent Mark Cycle 40.243ms
[135.127s][info][gc,start       ] GC(1049) Pause Young (Prepare Mixed) (G1 Evacuation Pause)
[135.127s][info][gc,task        ] GC(1049) Using 33 workers of 33 for evacuation
[135.130s][info][gc,phases      ] GC(1049)   Pre Evacuate Collection Set: 0.3ms
[135.130s][info][gc,phases      ] GC(1049)   Merge Heap Roots: 0.9ms
[135.130s][info][gc,phases      ] GC(1049)   Evacuate Collection Set: 0.8ms
[135.130s][info][gc,phases      ] GC(1049)   Post Evacuate Collection Set: 0.7ms
[135.130s][info][gc,phases      ] GC(1049)   Other: 0.1ms
[135.130s][info][gc,heap        ] GC(1049) Eden regions: 575->0(585)
[135.130s][info][gc,heap        ] GC(1049) Survivor regions: 1->2(56)
[135.130s][info][gc,heap        ] GC(1049) Old regions: 77->77
[135.130s][info][gc,heap        ] GC(1049) Archive regions: 0->0
[135.130s][info][gc,heap        ] GC(1049) Humongous regions: 1339->1279
[135.130s][info][gc,metaspace   ] GC(1049) Metaspace: 128707K(130752K)->128707K(130752K) NonClass: 109671K(110336K)->109671K(110336K) Class: 19035K(20416K)->19035K(20416K)
[135.130s][info][gc             ] GC(1049) Pause Young (Prepare Mixed) (G1 Evacuation Pause) 1988M->1354M(2048M) 3.146ms
[135.130s][info][gc,cpu         ] GC(1049) User=0.00s Sys=0.00s Real=0.00s
[135.162s][info][gc,start       ] GC(1050) Pause Young (Mixed) (G1 Humongous Allocation)
[135.162s][info][gc,task        ] GC(1050) Using 33 workers of 33 for evacuation
[135.165s][info][gc,phases      ] GC(1050)   Pre Evacuate Collection Set: 0.3ms
[135.165s][info][gc,phases      ] GC(1050)   Merge Heap Roots: 0.2ms
[135.165s][info][gc,phases      ] GC(1050)   Evacuate Collection Set: 1.3ms
[135.165s][info][gc,phases      ] GC(1050)   Post Evacuate Collection Set: 0.9ms
[135.165s][info][gc,phases      ] GC(1050)   Other: 0.2ms
[135.165s][info][gc,heap        ] GC(1050) Eden regions: 529->0(563)
[135.165s][info][gc,heap        ] GC(1050) Survivor regions: 2->2(74)
[135.165s][info][gc,heap        ] GC(1050) Old regions: 77->72
[135.165s][info][gc,heap        ] GC(1050) Archive regions: 0->0
[135.165s][info][gc,heap        ] GC(1050) Humongous regions: 1354->1306
[135.165s][info][gc,metaspace   ] GC(1050) Metaspace: 128707K(130752K)->128707K(130752K) NonClass: 109671K(110336K)->109671K(110336K) Class: 19035K(20416K)->19035K(20416K)
[135.165s][info][gc             ] GC(1050) Pause Young (Mixed) (G1 Humongous Allocation) 1958M->1377M(2048M) 3.416ms
[135.166s][info][gc,cpu         ] GC(1050) User=0.00s Sys=0.00s Real=0.00s
[135.166s][info][gc,start       ] GC(1051) Pause Young (Concurrent Start) (G1 Humongous Allocation)
[135.166s][info][gc,task        ] GC(1051) Using 33 workers of 33 for evacuation
[135.169s][info][gc,phases      ] GC(1051)   Pre Evacuate Collection Set: 0.4ms
[135.170s][info][gc,phases      ] GC(1051)   Merge Heap Roots: 0.1ms
[135.170s][info][gc,phases      ] GC(1051)   Evacuate Collection Set: 1.9ms
[135.170s][info][gc,phases      ] GC(1051)   Post Evacuate Collection Set: 0.7ms
[135.170s][info][gc,phases      ] GC(1051)   Other: 0.1ms
[135.170s][info][gc,heap        ] GC(1051) Eden regions: 6->0(559)
[135.170s][info][gc,heap        ] GC(1051) Survivor regions: 2->2(71)
[135.170s][info][gc,heap        ] GC(1051) Old regions: 72->72
[135.170s][info][gc,heap        ] GC(1051) Archive regions: 0->0
[135.170s][info][gc,heap        ] GC(1051) Humongous regions: 1310->1310
[135.170s][info][gc,metaspace   ] GC(1051) Metaspace: 128707K(130752K)->128707K(130752K) NonClass: 109671K(110336K)->109671K(110336K) Class: 19035K(20416K)->19035K(20416K)
[135.170s][info][gc             ] GC(1051) Pause Young (Concurrent Start) (G1 Humongous Allocation) 1386M->1381M(2048M) 3.594ms
[135.170s][info][gc             ] GC(1052) Concurrent Mark Cycle
[135.170s][info][gc,marking     ] GC(1052) Concurrent Scan Root Regions
[135.170s][info][gc,cpu         ] GC(1051) User=0.00s Sys=0.00s Real=0.00s
[135.173s][info][gc,marking     ] GC(1052) Concurrent Scan Root Regions 2.693ms
[135.173s][info][gc,marking     ] GC(1052) Concurrent Mark
[135.173s][info][gc,marking     ] GC(1052) Concurrent Mark From Roots
[135.173s][info][gc,task        ] GC(1052) Using 8 workers of 8 for marking
[135.194s][info][gc,marking     ] GC(1052) Concurrent Mark From Roots 21.418ms
[135.194s][info][gc,marking     ] GC(1052) Concurrent Preclean
[135.195s][info][gc,marking     ] GC(1052) Concurrent Preclean 0.601ms
[135.195s][info][gc,start       ] GC(1052) Pause Remark
[135.198s][info][gc             ] GC(1052) Pause Remark 1784M->1776M(2048M) 3.193ms
[135.198s][info][gc,cpu         ] GC(1052) User=0.00s Sys=0.00s Real=0.00s
[135.198s][info][gc,marking     ] GC(1052) Concurrent Mark 25.698ms
[135.198s][info][gc,marking     ] GC(1052) Concurrent Rebuild Remembered Sets and Scrub Regions
[135.206s][info][gc,marking     ] GC(1052) Concurrent Rebuild Remembered Sets and Scrub Regions 7.232ms
[135.206s][info][gc,start       ] GC(1052) Pause Cleanup
[135.206s][info][gc             ] GC(1052) Pause Cleanup 1897M->1897M(2048M) 0.365ms
[135.206s][info][gc,cpu         ] GC(1052) User=0.00s Sys=0.00s Real=0.00s
[135.207s][info][gc,marking     ] GC(1052) Concurrent Clear Claimed Marks
[135.207s][info][gc,marking     ] GC(1052) Concurrent Clear Claimed Marks 0.211ms
[135.207s][info][gc,marking     ] GC(1052) Concurrent Cleanup for Next Mark
[135.209s][info][gc,marking     ] GC(1052) Concurrent Cleanup for Next Mark 2.424ms
[135.209s][info][gc             ] GC(1052) Concurrent Mark Cycle 39.294ms
[135.212s][info][gc,start       ] GC(1053) Pause Young (Prepare Mixed) (G1 Humongous Allocation)
[135.212s][info][gc,task        ] GC(1053) Using 33 workers of 33 for evacuation
[135.214s][info][gc,phases      ] GC(1053)   Pre Evacuate Collection Set: 0.3ms
[135.214s][info][gc,phases      ] GC(1053)   Merge Heap Roots: 0.8ms
[135.214s][info][gc,phases      ] GC(1053)   Evacuate Collection Set: 0.7ms
[135.214s][info][gc,phases      ] GC(1053)   Post Evacuate Collection Set: 0.7ms
[135.214s][info][gc,phases      ] GC(1053)   Other: 0.1ms
[135.214s][info][gc,heap        ] GC(1053) Eden regions: 530->0(580)
[135.214s][info][gc,heap        ] GC(1053) Survivor regions: 2->2(71)
[135.214s][info][gc,heap        ] GC(1053) Old regions: 68->68
[135.214s][info][gc,heap        ] GC(1053) Archive regions: 0->0
[135.214s][info][gc,heap        ] GC(1053) Humongous regions: 1369->1293
[135.214s][info][gc,metaspace   ] GC(1053) Metaspace: 128707K(130752K)->128707K(130752K) NonClass: 109671K(110336K)->109671K(110336K) Class: 19035K(20416K)->19035K(20416K)
[135.214s][info][gc             ] GC(1053) Pause Young (Prepare Mixed) (G1 Humongous Allocation) 1966M->1359M(2048M) 2.842ms
[135.215s][info][gc,cpu         ] GC(1053) User=0.00s Sys=0.00s Real=0.00s
[135.247s][info][gc,start       ] GC(1054) Pause Young (Mixed) (G1 Humongous Allocation)
[135.247s][info][gc,task        ] GC(1054) Using 33 workers of 33 for evacuation
[135.250s][info][gc,phases      ] GC(1054)   Pre Evacuate Collection Set: 0.3ms
[135.250s][info][gc,phases      ] GC(1054)   Merge Heap Roots: 0.2ms
[135.250s][info][gc,phases      ] GC(1054)   Evacuate Collection Set: 1.0ms
[135.250s][info][gc,phases      ] GC(1054)   Post Evacuate Collection Set: 0.7ms
[135.250s][info][gc,phases      ] GC(1054)   Other: 0.1ms
[135.250s][info][gc,heap        ] GC(1054) Eden regions: 490->0(587)
[135.250s][info][gc,heap        ] GC(1054) Survivor regions: 2->2(73)
[135.250s][info][gc,heap        ] GC(1054) Old regions: 68->64
[135.250s][info][gc,heap        ] GC(1054) Archive regions: 0->0
[135.250s][info][gc,heap        ] GC(1054) Humongous regions: 1380->1290
[135.250s][info][gc,metaspace   ] GC(1054) Metaspace: 128707K(130752K)->128707K(130752K) NonClass: 109671K(110336K)->109671K(110336K) Class: 19035K(20416K)->19035K(20416K)
[135.250s][info][gc             ] GC(1054) Pause Young (Mixed) (G1 Humongous Allocation) 1936M->1352M(2048M) 2.614ms
[135.250s][info][gc,cpu         ] GC(1054) User=0.00s Sys=0.00s Real=0.00s
[135.252s][info][gc,start       ] GC(1055) Pause Young (Concurrent Start) (G1 Humongous Allocation)
[135.252s][info][gc,task        ] GC(1055) Using 33 workers of 33 for evacuation
[135.254s][info][gc,phases      ] GC(1055)   Pre Evacuate Collection Set: 0.4ms
[135.254s][info][gc,phases      ] GC(1055)   Merge Heap Roots: 0.1ms
[135.254s][info][gc,phases      ] GC(1055)   Evacuate Collection Set: 1.3ms
[135.254s][info][gc,phases      ] GC(1055)   Post Evacuate Collection Set: 0.5ms
[135.254s][info][gc,phases      ] GC(1055)   Other: 0.0ms
[135.254s][info][gc,heap        ] GC(1055) Eden regions: 17->0(583)
[135.254s][info][gc,heap        ] GC(1055) Survivor regions: 2->2(74)
[135.254s][info][gc,heap        ] GC(1055) Old regions: 64->64
[135.254s][info][gc,heap        ] GC(1055) Archive regions: 0->0
[135.254s][info][gc,heap        ] GC(1055) Humongous regions: 1294->1294
[135.254s][info][gc,metaspace   ] GC(1055) Metaspace: 128707K(130752K)->128707K(130752K) NonClass: 109671K(110336K)->109671K(110336K) Class: 19035K(20416K)->19035K(20416K)
[135.254s][info][gc             ] GC(1055) Pause Young (Concurrent Start) (G1 Humongous Allocation) 1373M->1356M(2048M) 2.620ms
[135.254s][info][gc             ] GC(1056) Concurrent Mark Cycle
[135.254s][info][gc,cpu         ] GC(1055) User=0.00s Sys=0.00s Real=0.00s
[135.254s][info][gc,marking     ] GC(1056) Concurrent Scan Root Regions
[135.258s][info][gc,marking     ] GC(1056) Concurrent Scan Root Regions 4.084ms
[135.258s][info][gc,marking     ] GC(1056) Concurrent Mark
[135.258s][info][gc,marking     ] GC(1056) Concurrent Mark From Roots
[135.258s][info][gc,task        ] GC(1056) Using 8 workers of 8 for marking
[135.278s][info][gc,marking     ] GC(1056) Concurrent Mark From Roots 19.377ms
[135.278s][info][gc,marking     ] GC(1056) Concurrent Preclean
[135.278s][info][gc,marking     ] GC(1056) Concurrent Preclean 0.490ms
[135.279s][info][gc,start       ] GC(1056) Pause Remark
[135.282s][info][gc             ] GC(1056) Pause Remark 1680M->1671M(2048M) 3.177ms
[135.282s][info][gc,cpu         ] GC(1056) User=0.00s Sys=0.00s Real=0.00s
[135.282s][info][gc,marking     ] GC(1056) Concurrent Mark 23.724ms
[135.282s][info][gc,marking     ] GC(1056) Concurrent Rebuild Remembered Sets and Scrub Regions
[135.289s][info][gc,marking     ] GC(1056) Concurrent Rebuild Remembered Sets and Scrub Regions 6.646ms
[135.289s][info][gc,start       ] GC(1056) Pause Cleanup
[135.289s][info][gc             ] GC(1056) Pause Cleanup 1738M->1738M(2048M) 0.327ms
[135.289s][info][gc,cpu         ] GC(1056) User=0.00s Sys=0.00s Real=0.00s
[135.289s][info][gc,marking     ] GC(1056) Concurrent Clear Claimed Marks
[135.290s][info][gc,marking     ] GC(1056) Concurrent Clear Claimed Marks 0.171ms
[135.290s][info][gc,marking     ] GC(1056) Concurrent Cleanup for Next Mark
[135.292s][info][gc,marking     ] GC(1056) Concurrent Cleanup for Next Mark 2.099ms
[135.292s][info][gc             ] GC(1056) Concurrent Mark Cycle 37.613ms
[135.308s][info][gc,start       ] GC(1057) Pause Young (Prepare Mixed) (G1 Evacuation Pause)
[135.308s][info][gc,task        ] GC(1057) Using 33 workers of 33 for evacuation
[135.311s][info][gc,phases      ] GC(1057)   Pre Evacuate Collection Set: 0.3ms
[135.311s][info][gc,phases      ] GC(1057)   Merge Heap Roots: 0.8ms
[135.311s][info][gc,phases      ] GC(1057)   Evacuate Collection Set: 0.7ms
[135.311s][info][gc,phases      ] GC(1057)   Post Evacuate Collection Set: 0.7ms
[135.311s][info][gc,phases      ] GC(1057)   Other: 0.1ms
[135.311s][info][gc,heap        ] GC(1057) Eden regions: 583->0(599)
[135.311s][info][gc,heap        ] GC(1057) Survivor regions: 2->2(42)
[135.311s][info][gc,heap        ] GC(1057) Old regions: 63->63
[135.311s][info][gc,heap        ] GC(1057) Archive regions: 0->0
[135.311s][info][gc,heap        ] GC(1057) Humongous regions: 1358->1279
[135.311s][info][gc,metaspace   ] GC(1057) Metaspace: 128707K(130752K)->128707K(130752K) NonClass: 109671K(110336K)->109671K(110336K) Class: 19035K(20416K)->19035K(20416K)
[135.311s][info][gc             ] GC(1057) Pause Young (Prepare Mixed) (G1 Evacuation Pause) 2002M->1340M(2048M) 2.883ms
[135.311s][info][gc,cpu         ] GC(1057) User=0.00s Sys=0.00s Real=0.00s
[135.348s][info][gc,start       ] GC(1058) Pause Young (Mixed) (G1 Evacuation Pause)
[135.348s][info][gc,task        ] GC(1058) Using 33 workers of 33 for evacuation
[135.350s][info][gc,phases      ] GC(1058)   Pre Evacuate Collection Set: 0.3ms
[135.350s][info][gc,phases      ] GC(1058)   Merge Heap Roots: 0.2ms
[135.350s][info][gc,phases      ] GC(1058)   Evacuate Collection Set: 1.3ms
[135.350s][info][gc,phases      ] GC(1058)   Post Evacuate Collection Set: 0.7ms
[135.350s][info][gc,phases      ] GC(1058)   Other: 0.1ms
[135.350s][info][gc,heap        ] GC(1058) Eden regions: 599->0(593)
[135.350s][info][gc,heap        ] GC(1058) Survivor regions: 2->2(76)
[135.350s][info][gc,heap        ] GC(1058) Old regions: 63->61
[135.350s][info][gc,heap        ] GC(1058) Archive regions: 0->0
[135.350s][info][gc,heap        ] GC(1058) Humongous regions: 1296->1287
[135.350s][info][gc,metaspace   ] GC(1058) Metaspace: 128707K(130752K)->128707K(130752K) NonClass: 109671K(110336K)->109671K(110336K) Class: 19035K(20416K)->19035K(20416K)
[135.350s][info][gc             ] GC(1058) Pause Young (Mixed) (G1 Evacuation Pause) 1956M->1346M(2048M) 2.810ms
[135.351s][info][gc,cpu         ] GC(1058) User=0.17s Sys=0.00s Real=0.02s
[135.356s][info][gc,start       ] GC(1059) Pause Young (Concurrent Start) (G1 Humongous Allocation)
[135.356s][info][gc,task        ] GC(1059) Using 33 workers of 33 for evacuation
[135.359s][info][gc,phases      ] GC(1059)   Pre Evacuate Collection Set: 0.4ms
[135.359s][info][gc,phases      ] GC(1059)   Merge Heap Roots: 0.1ms
[135.359s][info][gc,phases      ] GC(1059)   Evacuate Collection Set: 1.2ms
[135.359s][info][gc,phases      ] GC(1059)   Post Evacuate Collection Set: 0.6ms
[135.359s][info][gc,phases      ] GC(1059)   Other: 0.0ms
[135.359s][info][gc,heap        ] GC(1059) Eden regions: 93->0(593)
[135.359s][info][gc,heap        ] GC(1059) Survivor regions: 2->2(75)
[135.359s][info][gc,heap        ] GC(1059) Old regions: 61->61
[135.359s][info][gc,heap        ] GC(1059) Archive regions: 0->0
[135.359s][info][gc,heap        ] GC(1059) Humongous regions: 1287->1287
[135.359s][info][gc,metaspace   ] GC(1059) Metaspace: 128707K(130752K)->128707K(130752K) NonClass: 109671K(110336K)->109671K(110336K) Class: 19035K(20416K)->19035K(20416K)
[135.359s][info][gc             ] GC(1059) Pause Young (Concurrent Start) (G1 Humongous Allocation) 1439M->1346M(2048M) 2.566ms
[135.359s][info][gc             ] GC(1060) Concurrent Mark Cycle
[135.359s][info][gc,cpu         ] GC(1059) User=0.00s Sys=0.00s Real=0.00s
[135.359s][info][gc,marking     ] GC(1060) Concurrent Scan Root Regions
[135.362s][info][gc,marking     ] GC(1060) Concurrent Scan Root Regions 3.153ms
[135.362s][info][gc,marking     ] GC(1060) Concurrent Mark
[135.362s][info][gc,marking     ] GC(1060) Concurrent Mark From Roots
[135.362s][info][gc,task        ] GC(1060) Using 8 workers of 8 for marking
[135.380s][info][gc,marking     ] GC(1060) Concurrent Mark From Roots 17.672ms
[135.380s][info][gc,marking     ] GC(1060) Concurrent Preclean
[135.380s][info][gc,marking     ] GC(1060) Concurrent Preclean 0.382ms
[135.381s][info][gc,start       ] GC(1060) Pause Remark
[135.384s][info][gc             ] GC(1060) Pause Remark 1613M->1613M(2048M) 3.015ms
[135.384s][info][gc,cpu         ] GC(1060) User=0.00s Sys=0.00s Real=0.00s
[135.384s][info][gc,marking     ] GC(1060) Concurrent Mark 21.474ms
[135.384s][info][gc,marking     ] GC(1060) Concurrent Rebuild Remembered Sets and Scrub Regions
[135.390s][info][gc,marking     ] GC(1060) Concurrent Rebuild Remembered Sets and Scrub Regions 6.513ms
[135.390s][info][gc,start       ] GC(1060) Pause Cleanup
[135.391s][info][gc             ] GC(1060) Pause Cleanup 1692M->1692M(2048M) 0.323ms
[135.391s][info][gc,cpu         ] GC(1060) User=0.02s Sys=0.00s Real=0.02s
[135.391s][info][gc,marking     ] GC(1060) Concurrent Clear Claimed Marks
[135.391s][info][gc,marking     ] GC(1060) Concurrent Clear Claimed Marks 0.166ms
[135.391s][info][gc,marking     ] GC(1060) Concurrent Cleanup for Next Mark
[135.393s][info][gc,marking     ] GC(1060) Concurrent Cleanup for Next Mark 2.162ms
[135.393s][info][gc             ] GC(1060) Concurrent Mark Cycle 34.204ms
[135.410s][info][gc,start       ] GC(1061) Pause Young (Prepare Mixed) (G1 Evacuation Pause)
[135.410s][info][gc,task        ] GC(1061) Using 33 workers of 33 for evacuation
[135.413s][info][gc,phases      ] GC(1061)   Pre Evacuate Collection Set: 0.3ms
[135.413s][info][gc,phases      ] GC(1061)   Merge Heap Roots: 0.8ms
[135.413s][info][gc,phases      ] GC(1061)   Evacuate Collection Set: 0.8ms
[135.413s][info][gc,phases      ] GC(1061)   Post Evacuate Collection Set: 0.9ms
[135.413s][info][gc,phases      ] GC(1061)   Other: 0.2ms
[135.413s][info][gc,heap        ] GC(1061) Eden regions: 593->0(610)
[135.413s][info][gc,heap        ] GC(1061) Survivor regions: 2->1(67)
[135.413s][info][gc,heap        ] GC(1061) Old regions: 61->61
[135.413s][info][gc,heap        ] GC(1061) Archive regions: 0->0
[135.413s][info][gc,heap        ] GC(1061) Humongous regions: 1325->1272
[135.413s][info][gc,metaspace   ] GC(1061) Metaspace: 128707K(130752K)->128707K(130752K) NonClass: 109671K(110336K)->109671K(110336K) Class: 19035K(20416K)->19035K(20416K)
[135.413s][info][gc             ] GC(1061) Pause Young (Prepare Mixed) (G1 Evacuation Pause) 1977M->1331M(2048M) 3.431ms
[135.413s][info][gc,cpu         ] GC(1061) User=0.00s Sys=0.00s Real=0.00s
[135.453s][info][gc,start       ] GC(1062) Pause Young (Mixed) (G1 Evacuation Pause)
[135.453s][info][gc,task        ] GC(1062) Using 33 workers of 33 for evacuation
[135.456s][info][gc,phases      ] GC(1062)   Pre Evacuate Collection Set: 0.3ms
[135.456s][info][gc,phases      ] GC(1062)   Merge Heap Roots: 0.2ms
[135.456s][info][gc,phases      ] GC(1062)   Evacuate Collection Set: 1.3ms
[135.456s][info][gc,phases      ] GC(1062)   Post Evacuate Collection Set: 0.7ms
[135.456s][info][gc,phases      ] GC(1062)   Other: 0.1ms
[135.456s][info][gc,heap        ] GC(1062) Eden regions: 610->0(605)
[135.456s][info][gc,heap        ] GC(1062) Survivor regions: 1->2(77)
[135.456s][info][gc,heap        ] GC(1062) Old regions: 61->58
[135.456s][info][gc,heap        ] GC(1062) Archive regions: 0->0
[135.456s][info][gc,heap        ] GC(1062) Humongous regions: 1282->1278
[135.456s][info][gc,metaspace   ] GC(1062) Metaspace: 128707K(130752K)->128707K(130752K) NonClass: 109671K(110336K)->109671K(110336K) Class: 19035K(20416K)->19035K(20416K)
[135.456s][info][gc             ] GC(1062) Pause Young (Mixed) (G1 Evacuation Pause) 1951M->1334M(2048M) 2.889ms
[135.456s][info][gc,cpu         ] GC(1062) User=0.00s Sys=0.00s Real=0.00s
[135.467s][info][gc,start       ] GC(1063) Pause Young (Concurrent Start) (G1 Humongous Allocation)
[135.467s][info][gc,task        ] GC(1063) Using 33 workers of 33 for evacuation
[135.470s][info][gc,phases      ] GC(1063)   Pre Evacuate Collection Set: 0.5ms
[135.470s][info][gc,phases      ] GC(1063)   Merge Heap Roots: 0.1ms
[135.470s][info][gc,phases      ] GC(1063)   Evacuate Collection Set: 1.9ms
[135.470s][info][gc,phases      ] GC(1063)   Post Evacuate Collection Set: 0.7ms
[135.470s][info][gc,phases      ] GC(1063)   Other: 0.1ms
[135.470s][info][gc,heap        ] GC(1063) Eden regions: 172->0(605)
[135.470s][info][gc,heap        ] GC(1063) Survivor regions: 2->2(76)
[135.470s][info][gc,heap        ] GC(1063) Old regions: 58->58
[135.470s][info][gc,heap        ] GC(1063) Archive regions: 0->0
[135.470s][info][gc,heap        ] GC(1063) Humongous regions: 1278->1278
[135.470s][info][gc,metaspace   ] GC(1063) Metaspace: 128707K(130752K)->128707K(130752K) NonClass: 109671K(110336K)->109671K(110336K) Class: 19035K(20416K)->19035K(20416K)
[135.470s][info][gc             ] GC(1063) Pause Young (Concurrent Start) (G1 Humongous Allocation) 1506M->1335M(2048M) 3.410ms
[135.470s][info][gc             ] GC(1064) Concurrent Mark Cycle
[135.470s][info][gc,cpu         ] GC(1063) User=0.00s Sys=0.00s Real=0.00s
[135.470s][info][gc,marking     ] GC(1064) Concurrent Scan Root Regions
[135.472s][info][gc,marking     ] GC(1064) Concurrent Scan Root Regions 1.990ms
[135.472s][info][gc,marking     ] GC(1064) Concurrent Mark
[135.472s][info][gc,marking     ] GC(1064) Concurrent Mark From Roots
[135.472s][info][gc,task        ] GC(1064) Using 8 workers of 8 for marking
[135.490s][info][gc,marking     ] GC(1064) Concurrent Mark From Roots 17.655ms
[135.490s][info][gc,marking     ] GC(1064) Concurrent Preclean
[135.490s][info][gc,marking     ] GC(1064) Concurrent Preclean 0.399ms
[135.491s][info][gc,start       ] GC(1064) Pause Remark
[135.494s][info][gc             ] GC(1064) Pause Remark 1575M->1575M(2048M) 3.122ms
[135.494s][info][gc,cpu         ] GC(1064) User=0.52s Sys=0.00s Real=0.02s
[135.494s][info][gc,marking     ] GC(1064) Concurrent Mark 21.604ms
[135.494s][info][gc,marking     ] GC(1064) Concurrent Rebuild Remembered Sets and Scrub Regions
[135.500s][info][gc,marking     ] GC(1064) Concurrent Rebuild Remembered Sets and Scrub Regions 6.017ms
[135.500s][info][gc,start       ] GC(1064) Pause Cleanup
[135.500s][info][gc             ] GC(1064) Pause Cleanup 1651M->1651M(2048M) 0.277ms
[135.501s][info][gc,cpu         ] GC(1064) User=0.00s Sys=0.00s Real=0.00s
[135.501s][info][gc,marking     ] GC(1064) Concurrent Clear Claimed Marks
[135.501s][info][gc,marking     ] GC(1064) Concurrent Clear Claimed Marks 0.178ms
[135.501s][info][gc,marking     ] GC(1064) Concurrent Cleanup for Next Mark
[135.503s][info][gc,marking     ] GC(1064) Concurrent Cleanup for Next Mark 2.134ms
[135.503s][info][gc             ] GC(1064) Concurrent Mark Cycle 32.722ms
[135.520s][info][gc,start       ] GC(1065) Pause Young (Prepare Mixed) (G1 Evacuation Pause)
[135.521s][info][gc,task        ] GC(1065) Using 33 workers of 33 for evacuation
[135.524s][info][gc,phases      ] GC(1065)   Pre Evacuate Collection Set: 0.3ms
[135.524s][info][gc,phases      ] GC(1065)   Merge Heap Roots: 0.8ms
[135.524s][info][gc,phases      ] GC(1065)   Evacuate Collection Set: 0.8ms
[135.524s][info][gc,phases      ] GC(1065)   Post Evacuate Collection Set: 1.0ms
[135.524s][info][gc,phases      ] GC(1065)   Other: 0.2ms
[135.524s][info][gc,heap        ] GC(1065) Eden regions: 605->0(589)
[135.524s][info][gc,heap        ] GC(1065) Survivor regions: 2->2(76)
[135.524s][info][gc,heap        ] GC(1065) Old regions: 58->58
[135.524s][info][gc,heap        ] GC(1065) Archive regions: 0->0
[135.524s][info][gc,heap        ] GC(1065) Humongous regions: 1303->1294
[135.524s][info][gc,metaspace   ] GC(1065) Metaspace: 128707K(130752K)->128707K(130752K) NonClass: 109671K(110336K)->109671K(110336K) Class: 19035K(20416K)->19035K(20416K)
[135.524s][info][gc             ] GC(1065) Pause Young (Prepare Mixed) (G1 Evacuation Pause) 1965M->1351M(2048M) 3.392ms
[135.524s][info][gc,cpu         ] GC(1065) User=0.03s Sys=0.00s Real=0.02s
[135.561s][info][gc,start       ] GC(1066) Pause Young (Mixed) (G1 Evacuation Pause)
[135.562s][info][gc,task        ] GC(1066) Using 33 workers of 33 for evacuation
[135.565s][info][gc,phases      ] GC(1066)   Pre Evacuate Collection Set: 0.3ms
[135.565s][info][gc,phases      ] GC(1066)   Merge Heap Roots: 0.3ms
[135.565s][info][gc,phases      ] GC(1066)   Evacuate Collection Set: 1.4ms
[135.565s][info][gc,phases      ] GC(1066)   Post Evacuate Collection Set: 0.9ms
[135.565s][info][gc,phases      ] GC(1066)   Other: 0.2ms
[135.565s][info][gc,heap        ] GC(1066) Eden regions: 589->0(605)
[135.565s][info][gc,heap        ] GC(1066) Survivor regions: 2->2(74)
[135.565s][info][gc,heap        ] GC(1066) Old regions: 58->57
[135.565s][info][gc,heap        ] GC(1066) Archive regions: 0->0
[135.565s][info][gc,heap        ] GC(1066) Humongous regions: 1317->1279
[135.565s][info][gc,metaspace   ] GC(1066) Metaspace: 128707K(130752K)->128707K(130752K) NonClass: 109671K(110336K)->109671K(110336K) Class: 19035K(20416K)->19035K(20416K)
[135.565s][info][gc             ] GC(1066) Pause Young (Mixed) (G1 Evacuation Pause) 1963M->1334M(2048M) 3.654ms
[135.565s][info][gc,cpu         ] GC(1066) User=0.00s Sys=0.00s Real=0.00s
[135.566s][info][gc,start       ] GC(1067) Pause Young (Concurrent Start) (G1 Humongous Allocation)
[135.566s][info][gc,task        ] GC(1067) Using 33 workers of 33 for evacuation
[135.568s][info][gc,phases      ] GC(1067)   Pre Evacuate Collection Set: 0.4ms
[135.569s][info][gc,phases      ] GC(1067)   Merge Heap Roots: 0.1ms
[135.569s][info][gc,phases      ] GC(1067)   Evacuate Collection Set: 1.1ms
[135.569s][info][gc,phases      ] GC(1067)   Post Evacuate Collection Set: 0.7ms
[135.569s][info][gc,phases      ] GC(1067)   Other: 0.1ms
[135.569s][info][gc,heap        ] GC(1067) Eden regions: 10->0(607)
[135.569s][info][gc,heap        ] GC(1067) Survivor regions: 2->1(76)
[135.569s][info][gc,heap        ] GC(1067) Old regions: 57->57
[135.569s][info][gc,heap        ] GC(1067) Archive regions: 0->0
[135.569s][info][gc,heap        ] GC(1067) Humongous regions: 1279->1279
[135.569s][info][gc,metaspace   ] GC(1067) Metaspace: 128707K(130752K)->128707K(130752K) NonClass: 109671K(110336K)->109671K(110336K) Class: 19035K(20416K)->19035K(20416K)
[135.569s][info][gc             ] GC(1067) Pause Young (Concurrent Start) (G1 Humongous Allocation) 1344M->1334M(2048M) 2.901ms
[135.569s][info][gc             ] GC(1068) Concurrent Mark Cycle
[135.569s][info][gc,cpu         ] GC(1067) User=0.00s Sys=0.00s Real=0.00s
[135.569s][info][gc,marking     ] GC(1068) Concurrent Scan Root Regions
[135.571s][info][gc,marking     ] GC(1068) Concurrent Scan Root Regions 2.069ms
[135.571s][info][gc,marking     ] GC(1068) Concurrent Mark
[135.571s][info][gc,marking     ] GC(1068) Concurrent Mark From Roots
[135.571s][info][gc,task        ] GC(1068) Using 8 workers of 8 for marking
[135.592s][info][gc,marking     ] GC(1068) Concurrent Mark From Roots 21.037ms
[135.592s][info][gc,marking     ] GC(1068) Concurrent Preclean
[135.593s][info][gc,marking     ] GC(1068) Concurrent Preclean 0.608ms
[135.593s][info][gc,start       ] GC(1068) Pause Remark
[135.596s][info][gc             ] GC(1068) Pause Remark 1538M->1538M(2048M) 3.113ms
[135.596s][info][gc,cpu         ] GC(1068) User=0.00s Sys=0.00s Real=0.00s
[135.596s][info][gc,marking     ] GC(1068) Concurrent Mark 25.238ms
[135.596s][info][gc,marking     ] GC(1068) Concurrent Rebuild Remembered Sets and Scrub Regions
[135.602s][info][gc,marking     ] GC(1068) Concurrent Rebuild Remembered Sets and Scrub Regions 6.020ms
[135.603s][info][gc,start       ] GC(1068) Pause Cleanup
[135.603s][info][gc             ] GC(1068) Pause Cleanup 1579M->1579M(2048M) 0.355ms
[135.603s][info][gc,cpu         ] GC(1068) User=0.00s Sys=0.00s Real=0.00s
[135.603s][info][gc,marking     ] GC(1068) Concurrent Clear Claimed Marks
[135.603s][info][gc,marking     ] GC(1068) Concurrent Clear Claimed Marks 0.209ms
[135.603s][info][gc,marking     ] GC(1068) Concurrent Cleanup for Next Mark
[135.605s][info][gc,marking     ] GC(1068) Concurrent Cleanup for Next Mark 1.876ms
[135.605s][info][gc             ] GC(1068) Concurrent Mark Cycle 36.388ms
[136.030s][info][gc,start       ] GC(1069) Pause Full (System.gc())
[136.030s][info][gc,task        ] GC(1069) Using 33 workers of 33 for full compaction
[136.032s][info][gc,phases,start] GC(1069) Phase 1: Mark live objects
[136.072s][info][gc,phases      ] GC(1069) Phase 1: Mark live objects 39.617ms
[136.072s][info][gc,phases,start] GC(1069) Phase 2: Prepare compaction
[136.075s][info][gc,phases      ] GC(1069) Phase 2: Prepare compaction 3.629ms
[136.075s][info][gc,phases,start] GC(1069) Phase 3: Adjust pointers
[136.086s][info][gc,phases      ] GC(1069) Phase 3: Adjust pointers 10.411ms
[136.086s][info][gc,phases,start] GC(1069) Phase 4: Compact heap
[136.087s][info][gc,phases      ] GC(1069) Phase 4: Compact heap 0.781ms
[136.102s][info][gc,heap        ] GC(1069) Eden regions: 442->0(869)
[136.102s][info][gc,heap        ] GC(1069) Survivor regions: 1->0(76)
[136.102s][info][gc,heap        ] GC(1069) Old regions: 57->68
[136.102s][info][gc,heap        ] GC(1069) Archive regions: 0->0
[136.102s][info][gc,heap        ] GC(1069) Humongous regions: 1292->1008
[136.102s][info][gc,metaspace   ] GC(1069) Metaspace: 128711K(130752K)->128711K(130752K) NonClass: 109676K(110336K)->109676K(110336K) Class: 19035K(20416K)->19035K(20416K)
[136.102s][info][gc             ] GC(1069) Pause Full (System.gc()) 1788M->1054M(2048M) 71.736ms
[136.102s][info][gc,cpu         ] GC(1069) User=1.53s Sys=0.00s Real=0.06s
[136.156s][info][gc,start       ] GC(1070) Pause Young (Concurrent Start) (G1 Humongous Allocation)
[136.157s][info][gc,task        ] GC(1070) Using 33 workers of 33 for evacuation
[136.160s][info][gc,phases      ] GC(1070)   Pre Evacuate Collection Set: 0.6ms
[136.160s][info][gc,phases      ] GC(1070)   Merge Heap Roots: 0.1ms
[136.160s][info][gc,phases      ] GC(1070)   Evacuate Collection Set: 2.2ms
[136.160s][info][gc,phases      ] GC(1070)   Post Evacuate Collection Set: 0.8ms
[136.160s][info][gc,phases      ] GC(1070)   Other: 0.1ms
[136.160s][info][gc,heap        ] GC(1070) Eden regions: 10->0(867)
[136.160s][info][gc,heap        ] GC(1070) Survivor regions: 0->1(109)
[136.160s][info][gc,heap        ] GC(1070) Old regions: 68->68
[136.161s][info][gc,heap        ] GC(1070) Archive regions: 0->0
[136.161s][info][gc,heap        ] GC(1070) Humongous regions: 1008->1008
[136.161s][info][gc,metaspace   ] GC(1070) Metaspace: 128765K(130816K)->128765K(130816K) NonClass: 109730K(110400K)->109730K(110400K) Class: 19035K(20416K)->19035K(20416K)
[136.161s][info][gc             ] GC(1070) Pause Young (Concurrent Start) (G1 Humongous Allocation) 1063M->1054M(2048M) 4.146ms
[136.161s][info][gc             ] GC(1071) Concurrent Mark Cycle
[136.161s][info][gc,cpu         ] GC(1070) User=0.00s Sys=0.00s Real=0.00s
[136.161s][info][gc,marking     ] GC(1071) Concurrent Scan Root Regions
[136.165s][info][gc,marking     ] GC(1071) Concurrent Scan Root Regions 4.111ms
[136.165s][info][gc,marking     ] GC(1071) Concurrent Mark
[136.165s][info][gc,marking     ] GC(1071) Concurrent Mark From Roots
[136.165s][info][gc,task        ] GC(1071) Using 8 workers of 8 for marking
[136.193s][info][gc,marking     ] GC(1071) Concurrent Mark From Roots 27.793ms
[136.193s][info][gc,marking     ] GC(1071) Concurrent Preclean
[136.195s][info][gc,marking     ] GC(1071) Concurrent Preclean 1.679ms
[136.195s][info][gc,start       ] GC(1071) Pause Remark
[136.199s][info][gc             ] GC(1071) Pause Remark 1229M->1229M(2048M) 3.591ms
[136.199s][info][gc,cpu         ] GC(1071) User=0.00s Sys=0.00s Real=0.00s
[136.199s][info][gc,marking     ] GC(1071) Concurrent Mark 33.870ms
[136.199s][info][gc,marking     ] GC(1071) Concurrent Rebuild Remembered Sets and Scrub Regions
[136.216s][info][gc,marking     ] GC(1071) Concurrent Rebuild Remembered Sets and Scrub Regions 17.248ms
[136.217s][info][gc,start       ] GC(1071) Pause Cleanup
[136.217s][info][gc             ] GC(1071) Pause Cleanup 1475M->1475M(2048M) 0.572ms
[136.217s][info][gc,cpu         ] GC(1071) User=0.00s Sys=0.00s Real=0.00s
[136.218s][info][gc,marking     ] GC(1071) Concurrent Clear Claimed Marks
[136.218s][info][gc,marking     ] GC(1071) Concurrent Clear Claimed Marks 0.853ms
[136.219s][info][gc,marking     ] GC(1071) Concurrent Cleanup for Next Mark
[136.226s][info][gc,marking     ] GC(1071) Concurrent Cleanup for Next Mark 7.229ms
[136.226s][info][gc             ] GC(1071) Concurrent Mark Cycle 65.463ms
[136.252s][info][gc,start       ] GC(1072) Pause Young (Prepare Mixed) (G1 Evacuation Pause)
[136.252s][info][gc,task        ] GC(1072) Using 33 workers of 33 for evacuation
[136.256s][info][gc,phases      ] GC(1072)   Pre Evacuate Collection Set: 0.3ms
[136.256s][info][gc,phases      ] GC(1072)   Merge Heap Roots: 0.8ms
[136.256s][info][gc,phases      ] GC(1072)   Evacuate Collection Set: 1.6ms
[136.256s][info][gc,phases      ] GC(1072)   Post Evacuate Collection Set: 0.8ms
[136.256s][info][gc,phases      ] GC(1072)   Other: 0.1ms
[136.256s][info][gc,heap        ] GC(1072) Eden regions: 867->0(845)
[136.256s][info][gc,heap        ] GC(1072) Survivor regions: 1->12(99)
[136.256s][info][gc,heap        ] GC(1072) Old regions: 68->68
[136.256s][info][gc,heap        ] GC(1072) Archive regions: 0->0
[136.256s][info][gc,heap        ] GC(1072) Humongous regions: 1013->1008
[136.256s][info][gc,metaspace   ] GC(1072) Metaspace: 128789K(130880K)->128789K(130880K) NonClass: 109752K(110464K)->109752K(110464K) Class: 19036K(20416K)->19036K(20416K)
[136.256s][info][gc             ] GC(1072) Pause Young (Prepare Mixed) (G1 Evacuation Pause) 1926M->1065M(2048M) 3.909ms
[136.256s][info][gc,cpu         ] GC(1072) User=0.00s Sys=0.00s Real=0.00s
[136.317s][info][gc,start       ] GC(1073) Pause Young (Mixed) (G1 Evacuation Pause)
[136.317s][info][gc,task        ] GC(1073) Using 33 workers of 33 for evacuation
[136.320s][info][gc,phases      ] GC(1073)   Pre Evacuate Collection Set: 0.3ms
[136.320s][info][gc,phases      ] GC(1073)   Merge Heap Roots: 0.3ms
[136.320s][info][gc,phases      ] GC(1073)   Evacuate Collection Set: 1.7ms
[136.320s][info][gc,phases      ] GC(1073)   Post Evacuate Collection Set: 0.8ms
[136.320s][info][gc,phases      ] GC(1073)   Other: 0.2ms
[136.320s][info][gc,heap        ] GC(1073) Eden regions: 845->0(842)
[136.320s][info][gc,heap        ] GC(1073) Survivor regions: 12->11(106)
[136.320s][info][gc,heap        ] GC(1073) Old regions: 68->65
[136.320s][info][gc,heap        ] GC(1073) Archive regions: 0->0
[136.321s][info][gc,heap        ] GC(1073) Humongous regions: 1017->1016
[136.321s][info][gc,metaspace   ] GC(1073) Metaspace: 128791K(130880K)->128791K(130880K) NonClass: 109754K(110464K)->109754K(110464K) Class: 19036K(20416K)->19036K(20416K)
[136.321s][info][gc             ] GC(1073) Pause Young (Mixed) (G1 Evacuation Pause) 1919M->1073M(2048M) 3.495ms
[136.321s][info][gc,cpu         ] GC(1073) User=0.00s Sys=0.00s Real=0.00s
[136.328s][info][gc,start       ] GC(1074) Pause Young (Concurrent Start) (G1 Humongous Allocation)
[136.328s][info][gc,task        ] GC(1074) Using 33 workers of 33 for evacuation
[136.331s][info][gc,phases      ] GC(1074)   Pre Evacuate Collection Set: 0.5ms
[136.331s][info][gc,phases      ] GC(1074)   Merge Heap Roots: 0.1ms
[136.331s][info][gc,phases      ] GC(1074)   Evacuate Collection Set: 1.9ms
[136.331s][info][gc,phases      ] GC(1074)   Post Evacuate Collection Set: 0.6ms
[136.331s][info][gc,phases      ] GC(1074)   Other: 0.1ms
[136.331s][info][gc,heap        ] GC(1074) Eden regions: 111->0(842)
[136.331s][info][gc,heap        ] GC(1074) Survivor regions: 11->11(107)
[136.331s][info][gc,heap        ] GC(1074) Old regions: 65->65
[136.331s][info][gc,heap        ] GC(1074) Archive regions: 0->0
[136.331s][info][gc,heap        ] GC(1074) Humongous regions: 1016->1016
[136.331s][info][gc,metaspace   ] GC(1074) Metaspace: 128791K(130880K)->128791K(130880K) NonClass: 109754K(110464K)->109754K(110464K) Class: 19036K(20416K)->19036K(20416K)
[136.331s][info][gc             ] GC(1074) Pause Young (Concurrent Start) (G1 Humongous Allocation) 1184M->1073M(2048M) 3.334ms
[136.331s][info][gc             ] GC(1075) Concurrent Mark Cycle
[136.332s][info][gc,cpu         ] GC(1074) User=0.00s Sys=0.00s Real=0.00s
[136.332s][info][gc,marking     ] GC(1075) Concurrent Scan Root Regions
[136.353s][info][gc,marking     ] GC(1075) Concurrent Scan Root Regions 20.993ms
[136.353s][info][gc,marking     ] GC(1075) Concurrent Mark
[136.353s][info][gc,marking     ] GC(1075) Concurrent Mark From Roots
[136.353s][info][gc,task        ] GC(1075) Using 8 workers of 8 for marking
[136.394s][info][gc,start       ] GC(1076) Pause Young (Normal) (G1 Evacuation Pause)
[136.395s][info][gc,task        ] GC(1076) Using 33 workers of 33 for evacuation
[136.397s][info][gc,phases      ] GC(1076)   Pre Evacuate Collection Set: 0.3ms
[136.397s][info][gc,phases      ] GC(1076)   Merge Heap Roots: 0.3ms
[136.397s][info][gc,phases      ] GC(1076)   Evacuate Collection Set: 1.4ms
[136.397s][info][gc,phases      ] GC(1076)   Post Evacuate Collection Set: 0.8ms
[136.397s][info][gc,phases      ] GC(1076)   Other: 0.1ms
[136.397s][info][gc,heap        ] GC(1076) Eden regions: 842->0(831)
[136.398s][info][gc,heap        ] GC(1076) Survivor regions: 11->10(93)
[136.398s][info][gc,heap        ] GC(1076) Old regions: 65->65
[136.398s][info][gc,heap        ] GC(1076) Archive regions: 0->0
[136.398s][info][gc,heap        ] GC(1076) Humongous regions: 1037->1029
[136.398s][info][gc,metaspace   ] GC(1076) Metaspace: 128791K(130880K)->128791K(130880K) NonClass: 109754K(110464K)->109754K(110464K) Class: 19036K(20416K)->19036K(20416K)
[136.398s][info][gc             ] GC(1076) Pause Young (Normal) (G1 Evacuation Pause) 1936M->1085M(2048M) 3.119ms
[136.398s][info][gc,cpu         ] GC(1076) User=0.00s Sys=0.00s Real=0.00s
[136.407s][info][gc,marking     ] GC(1075) Concurrent Mark From Roots 54.256ms
[136.408s][info][gc,marking     ] GC(1075) Concurrent Preclean
[136.411s][info][gc,marking     ] GC(1075) Concurrent Preclean 2.975ms
[136.411s][info][gc,start       ] GC(1075) Pause Remark
[136.415s][info][gc             ] GC(1075) Pause Remark 1284M->1284M(2048M) 3.381ms
[136.415s][info][gc,cpu         ] GC(1075) User=0.00s Sys=0.00s Real=0.00s
[136.415s][info][gc,marking     ] GC(1075) Concurrent Mark 62.069ms
[136.415s][info][gc,marking     ] GC(1075) Concurrent Rebuild Remembered Sets and Scrub Regions
[136.435s][info][gc,marking     ] GC(1075) Concurrent Rebuild Remembered Sets and Scrub Regions 19.446ms
[136.436s][info][gc,start       ] GC(1075) Pause Cleanup
[136.437s][info][gc             ] GC(1075) Pause Cleanup 1574M->1574M(2048M) 0.338ms
[136.437s][info][gc,cpu         ] GC(1075) User=0.00s Sys=0.00s Real=0.00s
[136.437s][info][gc,marking     ] GC(1075) Concurrent Clear Claimed Marks
[136.438s][info][gc,marking     ] GC(1075) Concurrent Clear Claimed Marks 1.114ms
[136.438s][info][gc,marking     ] GC(1075) Concurrent Cleanup for Next Mark
[136.447s][info][gc,marking     ] GC(1075) Concurrent Cleanup for Next Mark 8.627ms
[136.447s][info][gc             ] GC(1075) Concurrent Mark Cycle 115.628ms
[136.464s][info][gc,start       ] GC(1077) Pause Young (Prepare Mixed) (G1 Evacuation Pause)
[136.464s][info][gc,task        ] GC(1077) Using 33 workers of 33 for evacuation
[136.468s][info][gc,phases      ] GC(1077)   Pre Evacuate Collection Set: 0.3ms
[136.468s][info][gc,phases      ] GC(1077)   Merge Heap Roots: 0.8ms
[136.468s][info][gc,phases      ] GC(1077)   Evacuate Collection Set: 1.3ms
[136.468s][info][gc,phases      ] GC(1077)   Post Evacuate Collection Set: 0.8ms
[136.468s][info][gc,phases      ] GC(1077)   Other: 0.1ms
[136.468s][info][gc,heap        ] GC(1077) Eden regions: 831->0(820)
[136.468s][info][gc,heap        ] GC(1077) Survivor regions: 10->10(95)
[136.468s][info][gc,heap        ] GC(1077) Old regions: 65->65
[136.468s][info][gc,heap        ] GC(1077) Archive regions: 0->0
[136.468s][info][gc,heap        ] GC(1077) Humongous regions: 1047->1040
[136.468s][info][gc,metaspace   ] GC(1077) Metaspace: 128791K(130880K)->128791K(130880K) NonClass: 109754K(110464K)->109754K(110464K) Class: 19036K(20416K)->19036K(20416K)
[136.468s][info][gc             ] GC(1077) Pause Young (Prepare Mixed) (G1 Evacuation Pause) 1934M->1095M(2048M) 3.510ms
[136.468s][info][gc,cpu         ] GC(1077) User=0.00s Sys=0.00s Real=0.00s
[136.527s][info][gc,start       ] GC(1078) Pause Young (Mixed) (G1 Evacuation Pause)
[136.527s][info][gc,task        ] GC(1078) Using 33 workers of 33 for evacuation
[136.530s][info][gc,phases      ] GC(1078)   Pre Evacuate Collection Set: 0.3ms
[136.530s][info][gc,phases      ] GC(1078)   Merge Heap Roots: 0.3ms
[136.530s][info][gc,phases      ] GC(1078)   Evacuate Collection Set: 1.6ms
[136.530s][info][gc,phases      ] GC(1078)   Post Evacuate Collection Set: 0.8ms
[136.530s][info][gc,phases      ] GC(1078)   Other: 0.1ms
[136.530s][info][gc,heap        ] GC(1078) Eden regions: 820->0(817)
[136.530s][info][gc,heap        ] GC(1078) Survivor regions: 10->10(97)
[136.530s][info][gc,heap        ] GC(1078) Old regions: 65->62
[136.530s][info][gc,heap        ] GC(1078) Archive regions: 0->0
[136.530s][info][gc,heap        ] GC(1078) Humongous regions: 1056->1046
[136.530s][info][gc,metaspace   ] GC(1078) Metaspace: 128791K(130880K)->128791K(130880K) NonClass: 109754K(110464K)->109754K(110464K) Class: 19036K(20416K)->19036K(20416K)
[136.530s][info][gc             ] GC(1078) Pause Young (Mixed) (G1 Evacuation Pause) 1931M->1102M(2048M) 3.353ms
[136.530s][info][gc,cpu         ] GC(1078) User=0.00s Sys=0.00s Real=0.00s
[136.549s][info][gc,start       ] GC(1079) Pause Young (Concurrent Start) (G1 Humongous Allocation)
[136.549s][info][gc,task        ] GC(1079) Using 33 workers of 33 for evacuation
[136.552s][info][gc,phases      ] GC(1079)   Pre Evacuate Collection Set: 0.5ms
[136.552s][info][gc,phases      ] GC(1079)   Merge Heap Roots: 0.2ms
[136.552s][info][gc,phases      ] GC(1079)   Evacuate Collection Set: 2.0ms
[136.552s][info][gc,phases      ] GC(1079)   Post Evacuate Collection Set: 0.7ms
[136.552s][info][gc,phases      ] GC(1079)   Other: 0.1ms
[136.552s][info][gc,heap        ] GC(1079) Eden regions: 273->0(817)
[136.552s][info][gc,heap        ] GC(1079) Survivor regions: 10->10(104)
[136.552s][info][gc,heap        ] GC(1079) Old regions: 62->62
[136.552s][info][gc,heap        ] GC(1079) Archive regions: 0->0
[136.552s][info][gc,heap        ] GC(1079) Humongous regions: 1046->1046
[136.552s][info][gc,metaspace   ] GC(1079) Metaspace: 128791K(130880K)->128791K(130880K) NonClass: 109754K(110464K)->109754K(110464K) Class: 19036K(20416K)->19036K(20416K)
[136.552s][info][gc             ] GC(1079) Pause Young (Concurrent Start) (G1 Humongous Allocation) 1375M->1101M(2048M) 3.677ms
[136.552s][info][gc             ] GC(1080) Concurrent Mark Cycle
[136.552s][info][gc,marking     ] GC(1080) Concurrent Scan Root Regions
[136.552s][info][gc,cpu         ] GC(1079) User=0.03s Sys=0.00s Real=0.02s
[136.563s][info][gc,marking     ] GC(1080) Concurrent Scan Root Regions 10.927ms
[136.564s][info][gc,marking     ] GC(1080) Concurrent Mark
[136.564s][info][gc,marking     ] GC(1080) Concurrent Mark From Roots
[136.564s][info][gc,task        ] GC(1080) Using 8 workers of 8 for marking
[136.613s][info][gc,start       ] GC(1081) Pause Young (Normal) (G1 Evacuation Pause)
[136.613s][info][gc,task        ] GC(1081) Using 33 workers of 33 for evacuation
[136.616s][info][gc,phases      ] GC(1081)   Pre Evacuate Collection Set: 0.3ms
[136.616s][info][gc,phases      ] GC(1081)   Merge Heap Roots: 0.3ms
[136.616s][info][gc,phases      ] GC(1081)   Evacuate Collection Set: 1.3ms
[136.616s][info][gc,phases      ] GC(1081)   Post Evacuate Collection Set: 0.8ms
[136.616s][info][gc,phases      ] GC(1081)   Other: 0.1ms
[136.616s][info][gc,heap        ] GC(1081) Eden regions: 817->0(804)
[136.616s][info][gc,heap        ] GC(1081) Survivor regions: 10->10(86)
[136.616s][info][gc,heap        ] GC(1081) Old regions: 62->62
[136.616s][info][gc,heap        ] GC(1081) Archive regions: 0->0
[136.616s][info][gc,heap        ] GC(1081) Humongous regions: 1073->1059
[136.616s][info][gc,metaspace   ] GC(1081) Metaspace: 128791K(130880K)->128791K(130880K) NonClass: 109754K(110464K)->109754K(110464K) Class: 19036K(20416K)->19036K(20416K)
[136.616s][info][gc             ] GC(1081) Pause Young (Normal) (G1 Evacuation Pause) 1945M->1114M(2048M) 3.099ms
[136.616s][info][gc,cpu         ] GC(1081) User=0.02s Sys=0.39s Real=0.02s
[136.620s][info][gc,marking     ] GC(1080) Concurrent Mark From Roots 55.794ms
[136.620s][info][gc,marking     ] GC(1080) Concurrent Preclean
[136.622s][info][gc,marking     ] GC(1080) Concurrent Preclean 2.531ms
[136.623s][info][gc,start       ] GC(1080) Pause Remark
[136.626s][info][gc             ] GC(1080) Pause Remark 1216M->1216M(2048M) 3.210ms
[136.626s][info][gc,cpu         ] GC(1080) User=0.00s Sys=0.00s Real=0.00s
[136.626s][info][gc,marking     ] GC(1080) Concurrent Mark 62.610ms
[136.626s][info][gc,marking     ] GC(1080) Concurrent Rebuild Remembered Sets and Scrub Regions
[136.648s][info][gc,marking     ] GC(1080) Concurrent Rebuild Remembered Sets and Scrub Regions 21.926ms
[136.649s][info][gc,start       ] GC(1080) Pause Cleanup
[136.649s][info][gc             ] GC(1080) Pause Cleanup 1540M->1540M(2048M) 0.347ms
[136.649s][info][gc,cpu         ] GC(1080) User=0.00s Sys=0.00s Real=0.00s
[136.650s][info][gc,marking     ] GC(1080) Concurrent Clear Claimed Marks
[136.651s][info][gc,marking     ] GC(1080) Concurrent Clear Claimed Marks 1.348ms
[136.651s][info][gc,marking     ] GC(1080) Concurrent Cleanup for Next Mark
[136.661s][info][gc,marking     ] GC(1080) Concurrent Cleanup for Next Mark 9.361ms
[136.661s][info][gc             ] GC(1080) Concurrent Mark Cycle 108.843ms
[136.678s][info][gc,start       ] GC(1082) Pause Young (Prepare Mixed) (G1 Evacuation Pause)
[136.678s][info][gc,task        ] GC(1082) Using 33 workers of 33 for evacuation
[136.682s][info][gc,phases      ] GC(1082)   Pre Evacuate Collection Set: 0.3ms
[136.682s][info][gc,phases      ] GC(1082)   Merge Heap Roots: 0.8ms
[136.682s][info][gc,phases      ] GC(1082)   Evacuate Collection Set: 1.2ms
[136.682s][info][gc,phases      ] GC(1082)   Post Evacuate Collection Set: 0.8ms
[136.682s][info][gc,phases      ] GC(1082)   Other: 0.1ms
[136.682s][info][gc,heap        ] GC(1082) Eden regions: 804->0(797)
[136.682s][info][gc,heap        ] GC(1082) Survivor regions: 10->10(102)
[136.682s][info][gc,heap        ] GC(1082) Old regions: 62->62
[136.682s][info][gc,heap        ] GC(1082) Archive regions: 0->0
[136.682s][info][gc,heap        ] GC(1082) Humongous regions: 1066->1066
[136.682s][info][gc,metaspace   ] GC(1082) Metaspace: 128791K(130880K)->128791K(130880K) NonClass: 109754K(110464K)->109754K(110464K) Class: 19036K(20416K)->19036K(20416K)
[136.682s][info][gc             ] GC(1082) Pause Young (Prepare Mixed) (G1 Evacuation Pause) 1925M->1121M(2048M) 3.490ms
[136.682s][info][gc,cpu         ] GC(1082) User=0.52s Sys=0.00s Real=0.02s
[136.740s][info][gc,start       ] GC(1083) Pause Young (Mixed) (G1 Evacuation Pause)
[136.740s][info][gc,task        ] GC(1083) Using 33 workers of 33 for evacuation
[136.744s][info][gc,phases      ] GC(1083)   Pre Evacuate Collection Set: 0.3ms
[136.744s][info][gc,phases      ] GC(1083)   Merge Heap Roots: 0.3ms
[136.744s][info][gc,phases      ] GC(1083)   Evacuate Collection Set: 1.7ms
[136.744s][info][gc,phases      ] GC(1083)   Post Evacuate Collection Set: 0.8ms
[136.744s][info][gc,phases      ] GC(1083)   Other: 0.1ms
[136.744s][info][gc,heap        ] GC(1083) Eden regions: 797->0(790)
[136.744s][info][gc,heap        ] GC(1083) Survivor regions: 10->10(84)
[136.744s][info][gc,heap        ] GC(1083) Old regions: 62->59
[136.744s][info][gc,heap        ] GC(1083) Archive regions: 0->0
[136.744s][info][gc,heap        ] GC(1083) Humongous regions: 1095->1076
[136.744s][info][gc,metaspace   ] GC(1083) Metaspace: 128791K(130880K)->128791K(130880K) NonClass: 109754K(110464K)->109754K(110464K) Class: 19036K(20416K)->19036K(20416K)
[136.744s][info][gc             ] GC(1083) Pause Young (Mixed) (G1 Evacuation Pause) 1947M->1131M(2048M) 3.396ms
[136.744s][info][gc,cpu         ] GC(1083) User=0.00s Sys=0.00s Real=0.00s
[136.744s][info][gc,start       ] GC(1084) Pause Young (Concurrent Start) (G1 Humongous Allocation)
[136.744s][info][gc,task        ] GC(1084) Using 33 workers of 33 for evacuation
[136.747s][info][gc,phases      ] GC(1084)   Pre Evacuate Collection Set: 0.4ms
[136.747s][info][gc,phases      ] GC(1084)   Merge Heap Roots: 0.1ms
[136.747s][info][gc,phases      ] GC(1084)   Evacuate Collection Set: 1.6ms
[136.747s][info][gc,phases      ] GC(1084)   Post Evacuate Collection Set: 0.5ms
[136.747s][info][gc,phases      ] GC(1084)   Other: 0.0ms
[136.747s][info][gc,heap        ] GC(1084) Eden regions: 16->0(798)
[136.747s][info][gc,heap        ] GC(1084) Survivor regions: 10->10(100)
[136.747s][info][gc,heap        ] GC(1084) Old regions: 59->59
[136.747s][info][gc,heap        ] GC(1084) Archive regions: 0->0
[136.747s][info][gc,heap        ] GC(1084) Humongous regions: 1076->1068
[136.747s][info][gc,metaspace   ] GC(1084) Metaspace: 128791K(130880K)->128791K(130880K) NonClass: 109754K(110464K)->109754K(110464K) Class: 19036K(20416K)->19036K(20416K)
[136.747s][info][gc             ] GC(1084) Pause Young (Concurrent Start) (G1 Humongous Allocation) 1147M->1123M(2048M) 2.889ms
[136.747s][info][gc             ] GC(1085) Concurrent Mark Cycle
[136.747s][info][gc,cpu         ] GC(1084) User=0.06s Sys=0.00s Real=0.02s
[136.747s][info][gc,marking     ] GC(1085) Concurrent Scan Root Regions
[136.769s][info][gc,marking     ] GC(1085) Concurrent Scan Root Regions 21.077ms
[136.769s][info][gc,marking     ] GC(1085) Concurrent Mark
[136.769s][info][gc,marking     ] GC(1085) Concurrent Mark From Roots
[136.769s][info][gc,task        ] GC(1085) Using 8 workers of 8 for marking
[136.808s][info][gc,start       ] GC(1086) Pause Young (Normal) (G1 Evacuation Pause)
[136.808s][info][gc,task        ] GC(1086) Using 33 workers of 33 for evacuation
[136.811s][info][gc,phases      ] GC(1086)   Pre Evacuate Collection Set: 0.3ms
[136.811s][info][gc,phases      ] GC(1086)   Merge Heap Roots: 0.3ms
[136.811s][info][gc,phases      ] GC(1086)   Evacuate Collection Set: 1.2ms
[136.811s][info][gc,phases      ] GC(1086)   Post Evacuate Collection Set: 0.8ms
[136.811s][info][gc,phases      ] GC(1086)   Other: 0.1ms
[136.811s][info][gc,heap        ] GC(1086) Eden regions: 798->0(778)
[136.811s][info][gc,heap        ] GC(1086) Survivor regions: 10->10(77)
[136.811s][info][gc,heap        ] GC(1086) Old regions: 59->59
[136.811s][info][gc,heap        ] GC(1086) Archive regions: 0->0
[136.811s][info][gc,heap        ] GC(1086) Humongous regions: 1104->1088
[136.811s][info][gc,metaspace   ] GC(1086) Metaspace: 128791K(130880K)->128791K(130880K) NonClass: 109754K(110464K)->109754K(110464K) Class: 19036K(20416K)->19036K(20416K)
[136.811s][info][gc             ] GC(1086) Pause Young (Normal) (G1 Evacuation Pause) 1957M->1143M(2048M) 2.922ms
[136.811s][info][gc,cpu         ] GC(1086) User=0.00s Sys=0.00s Real=0.00s
[136.828s][info][gc,marking     ] GC(1085) Concurrent Mark From Roots 58.503ms
[136.828s][info][gc,marking     ] GC(1085) Concurrent Preclean
[136.831s][info][gc,marking     ] GC(1085) Concurrent Preclean 3.053ms
[136.833s][info][gc,start       ] GC(1085) Pause Remark
[136.836s][info][gc             ] GC(1085) Pause Remark 1447M->1447M(2048M) 3.175ms
[136.836s][info][gc,cpu         ] GC(1085) User=0.00s Sys=0.00s Real=0.00s
[136.836s][info][gc,marking     ] GC(1085) Concurrent Mark 66.918ms
[136.836s][info][gc,marking     ] GC(1085) Concurrent Rebuild Remembered Sets and Scrub Regions
[136.860s][info][gc,marking     ] GC(1085) Concurrent Rebuild Remembered Sets and Scrub Regions 23.864ms
[136.861s][info][gc,start       ] GC(1085) Pause Cleanup
[136.862s][info][gc             ] GC(1085) Pause Cleanup 1804M->1804M(2048M) 0.389ms
[136.862s][info][gc,cpu         ] GC(1085) User=0.00s Sys=0.00s Real=0.00s
[136.862s][info][gc,marking     ] GC(1085) Concurrent Clear Claimed Marks
[136.863s][info][gc,marking     ] GC(1085) Concurrent Clear Claimed Marks 1.008ms
[136.863s][info][gc,marking     ] GC(1085) Concurrent Cleanup for Next Mark
[136.872s][info][gc,marking     ] GC(1085) Concurrent Cleanup for Next Mark 8.515ms
[136.872s][info][gc             ] GC(1085) Concurrent Mark Cycle 124.853ms
[136.875s][info][gc,start       ] GC(1087) Pause Young (Prepare Mixed) (G1 Evacuation Pause)
[136.875s][info][gc,task        ] GC(1087) Using 33 workers of 33 for evacuation
[136.879s][info][gc,phases      ] GC(1087)   Pre Evacuate Collection Set: 0.3ms
[136.879s][info][gc,phases      ] GC(1087)   Merge Heap Roots: 0.8ms
[136.879s][info][gc,phases      ] GC(1087)   Evacuate Collection Set: 1.2ms
[136.879s][info][gc,phases      ] GC(1087)   Post Evacuate Collection Set: 0.8ms
[136.879s][info][gc,phases      ] GC(1087)   Other: 0.2ms
[136.879s][info][gc,heap        ] GC(1087) Eden regions: 778->0(777)
[136.879s][info][gc,heap        ] GC(1087) Survivor regions: 10->10(75)
[136.879s][info][gc,heap        ] GC(1087) Old regions: 59->59
[136.879s][info][gc,heap        ] GC(1087) Archive regions: 0->0
[136.879s][info][gc,heap        ] GC(1087) Humongous regions: 1126->1089
[136.879s][info][gc,metaspace   ] GC(1087) Metaspace: 128791K(130880K)->128791K(130880K) NonClass: 109754K(110464K)->109754K(110464K) Class: 19036K(20416K)->19036K(20416K)
[136.879s][info][gc             ] GC(1087) Pause Young (Prepare Mixed) (G1 Evacuation Pause) 1959M->1145M(2048M) 3.488ms
[136.879s][info][gc,cpu         ] GC(1087) User=0.00s Sys=0.00s Real=0.00s
[136.937s][info][gc,start       ] GC(1088) Pause Young (Mixed) (G1 Evacuation Pause)
[136.937s][info][gc,task        ] GC(1088) Using 33 workers of 33 for evacuation
[136.940s][info][gc,phases      ] GC(1088)   Pre Evacuate Collection Set: 0.3ms
[136.940s][info][gc,phases      ] GC(1088)   Merge Heap Roots: 0.3ms
[136.940s][info][gc,phases      ] GC(1088)   Evacuate Collection Set: 1.6ms
[136.940s][info][gc,phases      ] GC(1088)   Post Evacuate Collection Set: 0.8ms
[136.940s][info][gc,phases      ] GC(1088)   Other: 0.1ms
[136.940s][info][gc,heap        ] GC(1088) Eden regions: 777->0(780)
[136.940s][info][gc,heap        ] GC(1088) Survivor regions: 10->10(80)
[136.941s][info][gc,heap        ] GC(1088) Old regions: 59->57
[136.941s][info][gc,heap        ] GC(1088) Archive regions: 0->0
[136.941s][info][gc,heap        ] GC(1088) Humongous regions: 1122->1088
[136.941s][info][gc,metaspace   ] GC(1088) Metaspace: 128792K(130880K)->128792K(130880K) NonClass: 109755K(110464K)->109755K(110464K) Class: 19036K(20416K)->19036K(20416K)
[136.941s][info][gc             ] GC(1088) Pause Young (Mixed) (G1 Evacuation Pause) 1955M->1144M(2048M) 3.347ms
[136.941s][info][gc,cpu         ] GC(1088) User=0.00s Sys=0.00s Real=0.00s
[136.941s][info][gc,start       ] GC(1089) Pause Young (Concurrent Start) (G1 Humongous Allocation)
[136.941s][info][gc,task        ] GC(1089) Using 33 workers of 33 for evacuation
[136.944s][info][gc,phases      ] GC(1089)   Pre Evacuate Collection Set: 0.4ms
[136.944s][info][gc,phases      ] GC(1089)   Merge Heap Roots: 0.1ms
[136.944s][info][gc,phases      ] GC(1089)   Evacuate Collection Set: 1.5ms
[136.944s][info][gc,phases      ] GC(1089)   Post Evacuate Collection Set: 0.5ms
[136.944s][info][gc,phases      ] GC(1089)   Other: 0.1ms
[136.944s][info][gc,heap        ] GC(1089) Eden regions: 11->0(795)
[136.944s][info][gc,heap        ] GC(1089) Survivor regions: 10->10(99)
[136.944s][info][gc,heap        ] GC(1089) Old regions: 57->57
[136.944s][info][gc,heap        ] GC(1089) Archive regions: 0->0
[136.944s][info][gc,heap        ] GC(1089) Humongous regions: 1088->1073
[136.944s][info][gc,metaspace   ] GC(1089) Metaspace: 128792K(130880K)->128792K(130880K) NonClass: 109755K(110464K)->109755K(110464K) Class: 19036K(20416K)->19036K(20416K)
[136.944s][info][gc             ] GC(1089) Pause Young (Concurrent Start) (G1 Humongous Allocation) 1154M->1129M(2048M) 2.727ms
[136.944s][info][gc             ] GC(1090) Concurrent Mark Cycle
[136.944s][info][gc,cpu         ] GC(1089) User=0.00s Sys=0.00s Real=0.00s
[136.944s][info][gc,marking     ] GC(1090) Concurrent Scan Root Regions
[136.963s][info][gc,marking     ] GC(1090) Concurrent Scan Root Regions 19.345ms
[136.964s][info][gc,marking     ] GC(1090) Concurrent Mark
[136.964s][info][gc,marking     ] GC(1090) Concurrent Mark From Roots
[136.964s][info][gc,task        ] GC(1090) Using 8 workers of 8 for marking
[137.007s][info][gc,start       ] GC(1091) Pause Young (Normal) (G1 Evacuation Pause)
[137.007s][info][gc,task        ] GC(1091) Using 33 workers of 33 for evacuation
[137.009s][info][gc,phases      ] GC(1091)   Pre Evacuate Collection Set: 0.3ms
[137.009s][info][gc,phases      ] GC(1091)   Merge Heap Roots: 0.3ms
[137.009s][info][gc,phases      ] GC(1091)   Evacuate Collection Set: 1.4ms
[137.009s][info][gc,phases      ] GC(1091)   Post Evacuate Collection Set: 0.7ms
[137.009s][info][gc,phases      ] GC(1091)   Other: 0.1ms
[137.009s][info][gc,heap        ] GC(1091) Eden regions: 795->0(800)
[137.010s][info][gc,heap        ] GC(1091) Survivor regions: 10->4(65)
[137.010s][info][gc,heap        ] GC(1091) Old regions: 57->64
[137.010s][info][gc,heap        ] GC(1091) Archive regions: 0->0
[137.010s][info][gc,heap        ] GC(1091) Humongous regions: 1121->1073
[137.010s][info][gc,metaspace   ] GC(1091) Metaspace: 128793K(130880K)->128793K(130880K) NonClass: 109756K(110464K)->109756K(110464K) Class: 19036K(20416K)->19036K(20416K)
[137.010s][info][gc             ] GC(1091) Pause Young (Normal) (G1 Evacuation Pause) 1972M->1130M(2048M) 2.992ms
[137.010s][info][gc,cpu         ] GC(1091) User=0.00s Sys=0.02s Real=0.01s
[137.013s][info][gc,marking     ] GC(1090) Concurrent Mark From Roots 48.864ms
[137.013s][info][gc,marking     ] GC(1090) Concurrent Preclean
[137.016s][info][gc,marking     ] GC(1090) Concurrent Preclean 2.764ms
[137.017s][info][gc,start       ] GC(1090) Pause Remark
[137.020s][info][gc             ] GC(1090) Pause Remark 1233M->1233M(2048M) 2.988ms
[137.020s][info][gc,cpu         ] GC(1090) User=0.00s Sys=0.00s Real=0.00s
[137.020s][info][gc,marking     ] GC(1090) Concurrent Mark 56.044ms
[137.020s][info][gc,marking     ] GC(1090) Concurrent Rebuild Remembered Sets and Scrub Regions
[137.045s][info][gc,marking     ] GC(1090) Concurrent Rebuild Remembered Sets and Scrub Regions 25.170ms
[137.046s][info][gc,start       ] GC(1090) Pause Cleanup
[137.046s][info][gc             ] GC(1090) Pause Cleanup 1605M->1605M(2048M) 0.369ms
[137.047s][info][gc,cpu         ] GC(1090) User=0.00s Sys=0.00s Real=0.00s
[137.047s][info][gc,marking     ] GC(1090) Concurrent Clear Claimed Marks
[137.048s][info][gc,marking     ] GC(1090) Concurrent Clear Claimed Marks 1.410ms
[137.048s][info][gc,marking     ] GC(1090) Concurrent Cleanup for Next Mark
[137.058s][info][gc,marking     ] GC(1090) Concurrent Cleanup for Next Mark 9.464ms
[137.058s][info][gc             ] GC(1090) Concurrent Mark Cycle 114.535ms
[137.072s][info][gc,start       ] GC(1092) Pause Young (Prepare Mixed) (G1 Evacuation Pause)
[137.072s][info][gc,task        ] GC(1092) Using 33 workers of 33 for evacuation
[137.075s][info][gc,phases      ] GC(1092)   Pre Evacuate Collection Set: 0.3ms
[137.075s][info][gc,phases      ] GC(1092)   Merge Heap Roots: 0.8ms
[137.075s][info][gc,phases      ] GC(1092)   Evacuate Collection Set: 0.7ms
[137.075s][info][gc,phases      ] GC(1092)   Post Evacuate Collection Set: 0.7ms
[137.075s][info][gc,phases      ] GC(1092)   Other: 0.1ms
[137.075s][info][gc,heap        ] GC(1092) Eden regions: 800->0(797)
[137.075s][info][gc,heap        ] GC(1092) Survivor regions: 4->2(92)
[137.075s][info][gc,heap        ] GC(1092) Old regions: 64->65
[137.075s][info][gc,heap        ] GC(1092) Archive regions: 0->0
[137.075s][info][gc,heap        ] GC(1092) Humongous regions: 1088->1079
[137.075s][info][gc,metaspace   ] GC(1092) Metaspace: 128793K(130880K)->128793K(130880K) NonClass: 109756K(110464K)->109756K(110464K) Class: 19036K(20416K)->19036K(20416K)
[137.075s][info][gc             ] GC(1092) Pause Young (Prepare Mixed) (G1 Evacuation Pause) 1945M->1135M(2048M) 2.856ms
[137.075s][info][gc,cpu         ] GC(1092) User=0.00s Sys=0.00s Real=0.00s
[137.132s][info][gc,start       ] GC(1093) Pause Young (Mixed) (G1 Evacuation Pause)
[137.132s][info][gc,task        ] GC(1093) Using 33 workers of 33 for evacuation
[137.135s][info][gc,phases      ] GC(1093)   Pre Evacuate Collection Set: 0.3ms
[137.135s][info][gc,phases      ] GC(1093)   Merge Heap Roots: 0.3ms
[137.135s][info][gc,phases      ] GC(1093)   Evacuate Collection Set: 1.2ms
[137.135s][info][gc,phases      ] GC(1093)   Post Evacuate Collection Set: 0.7ms
[137.135s][info][gc,phases      ] GC(1093)   Other: 0.1ms
[137.135s][info][gc,heap        ] GC(1093) Eden regions: 797->0(792)
[137.135s][info][gc,heap        ] GC(1093) Survivor regions: 2->2(91)
[137.135s][info][gc,heap        ] GC(1093) Old regions: 65->63
[137.135s][info][gc,heap        ] GC(1093) Archive regions: 0->0
[137.135s][info][gc,heap        ] GC(1093) Humongous regions: 1093->1086
[137.135s][info][gc,metaspace   ] GC(1093) Metaspace: 128793K(130880K)->128793K(130880K) NonClass: 109756K(110464K)->109756K(110464K) Class: 19036K(20416K)->19036K(20416K)
[137.135s][info][gc             ] GC(1093) Pause Young (Mixed) (G1 Evacuation Pause) 1946M->1142M(2048M) 2.891ms
[137.135s][info][gc,cpu         ] GC(1093) User=0.00s Sys=0.00s Real=0.00s
[137.137s][info][gc,start       ] GC(1094) Pause Young (Concurrent Start) (G1 Humongous Allocation)
[137.137s][info][gc,task        ] GC(1094) Using 33 workers of 33 for evacuation
[137.140s][info][gc,phases      ] GC(1094)   Pre Evacuate Collection Set: 0.4ms
[137.140s][info][gc,phases      ] GC(1094)   Merge Heap Roots: 0.1ms
[137.140s][info][gc,phases      ] GC(1094)   Evacuate Collection Set: 1.4ms
[137.140s][info][gc,phases      ] GC(1094)   Post Evacuate Collection Set: 0.5ms
[137.140s][info][gc,phases      ] GC(1094)   Other: 0.0ms
[137.140s][info][gc,heap        ] GC(1094) Eden regions: 38->0(792)
[137.140s][info][gc,heap        ] GC(1094) Survivor regions: 2->2(100)
[137.140s][info][gc,heap        ] GC(1094) Old regions: 63->63
[137.140s][info][gc,heap        ] GC(1094) Archive regions: 0->0
[137.140s][info][gc,heap        ] GC(1094) Humongous regions: 1086->1086
[137.140s][info][gc,metaspace   ] GC(1094) Metaspace: 128793K(130880K)->128793K(130880K) NonClass: 109756K(110464K)->109756K(110464K) Class: 19036K(20416K)->19036K(20416K)
[137.140s][info][gc             ] GC(1094) Pause Young (Concurrent Start) (G1 Humongous Allocation) 1180M->1142M(2048M) 2.598ms
[137.140s][info][gc             ] GC(1095) Concurrent Mark Cycle
[137.140s][info][gc,cpu         ] GC(1094) User=0.00s Sys=0.00s Real=0.00s
[137.140s][info][gc,marking     ] GC(1095) Concurrent Scan Root Regions
[137.160s][info][gc,marking     ] GC(1095) Concurrent Scan Root Regions 19.763ms
[137.160s][info][gc,marking     ] GC(1095) Concurrent Mark
[137.160s][info][gc,marking     ] GC(1095) Concurrent Mark From Roots
[137.160s][info][gc,task        ] GC(1095) Using 8 workers of 8 for marking
[137.198s][info][gc,start       ] GC(1096) Pause Young (Normal) (G1 Evacuation Pause)
[137.198s][info][gc,task        ] GC(1096) Using 33 workers of 33 for evacuation
[137.200s][info][gc,phases      ] GC(1096)   Pre Evacuate Collection Set: 0.3ms
[137.200s][info][gc,phases      ] GC(1096)   Merge Heap Roots: 0.3ms
[137.200s][info][gc,phases      ] GC(1096)   Evacuate Collection Set: 0.8ms
[137.200s][info][gc,phases      ] GC(1096)   Post Evacuate Collection Set: 0.7ms
[137.200s][info][gc,phases      ] GC(1096)   Other: 0.1ms
[137.200s][info][gc,heap        ] GC(1096) Eden regions: 792->0(788)
[137.200s][info][gc,heap        ] GC(1096) Survivor regions: 2->2(93)
[137.200s][info][gc,heap        ] GC(1096) Old regions: 63->63
[137.200s][info][gc,heap        ] GC(1096) Archive regions: 0->0
[137.200s][info][gc,heap        ] GC(1096) Humongous regions: 1098->1090
[137.200s][info][gc,metaspace   ] GC(1096) Metaspace: 128793K(130880K)->128793K(130880K) NonClass: 109756K(110464K)->109756K(110464K) Class: 19036K(20416K)->19036K(20416K)
[137.200s][info][gc             ] GC(1096) Pause Young (Normal) (G1 Evacuation Pause) 1946M->1146M(2048M) 2.421ms
[137.200s][info][gc,cpu         ] GC(1096) User=0.00s Sys=0.00s Real=0.00s
[137.217s][info][gc,marking     ] GC(1095) Concurrent Mark From Roots 56.895ms
[137.217s][info][gc,marking     ] GC(1095) Concurrent Preclean
[137.221s][info][gc,marking     ] GC(1095) Concurrent Preclean 3.120ms
[137.222s][info][gc,start       ] GC(1095) Pause Remark
[137.225s][info][gc             ] GC(1095) Pause Remark 1451M->1451M(2048M) 3.082ms
[137.225s][info][gc,cpu         ] GC(1095) User=0.00s Sys=0.00s Real=0.00s
[137.225s][info][gc,marking     ] GC(1095) Concurrent Mark 64.877ms
[137.225s][info][gc,marking     ] GC(1095) Concurrent Rebuild Remembered Sets and Scrub Regions
[137.250s][info][gc,marking     ] GC(1095) Concurrent Rebuild Remembered Sets and Scrub Regions 24.473ms
[137.251s][info][gc,start       ] GC(1095) Pause Cleanup
[137.251s][info][gc             ] GC(1095) Pause Cleanup 1806M->1806M(2048M) 0.345ms
[137.251s][info][gc,cpu         ] GC(1095) User=0.00s Sys=0.00s Real=0.00s
[137.251s][info][gc,marking     ] GC(1095) Concurrent Clear Claimed Marks
[137.252s][info][gc,marking     ] GC(1095) Concurrent Clear Claimed Marks 1.236ms
[137.252s][info][gc,marking     ] GC(1095) Concurrent Cleanup for Next Mark
[137.262s][info][gc,marking     ] GC(1095) Concurrent Cleanup for Next Mark 9.525ms
[137.263s][info][gc,start       ] GC(1097) Pause Young (Prepare Mixed) (G1 Evacuation Pause)
[137.263s][info][gc,task        ] GC(1097) Using 33 workers of 33 for evacuation
[137.265s][info][gc,phases      ] GC(1097)   Pre Evacuate Collection Set: 0.3ms
[137.265s][info][gc,phases      ] GC(1097)   Merge Heap Roots: 0.8ms
[137.265s][info][gc,phases      ] GC(1097)   Evacuate Collection Set: 0.8ms
[137.265s][info][gc,phases      ] GC(1097)   Post Evacuate Collection Set: 0.7ms
[137.265s][info][gc,phases      ] GC(1097)   Other: 0.1ms
[137.265s][info][gc,heap        ] GC(1097) Eden regions: 788->0(780)
[137.265s][info][gc,heap        ] GC(1097) Survivor regions: 2->3(93)
[137.265s][info][gc,heap        ] GC(1097) Old regions: 63->63
[137.265s][info][gc,heap        ] GC(1097) Archive regions: 0->0
[137.265s][info][gc,heap        ] GC(1097) Humongous regions: 1102->1096
[137.265s][info][gc,metaspace   ] GC(1097) Metaspace: 128793K(130880K)->128793K(130880K) NonClass: 109756K(110464K)->109756K(110464K) Class: 19036K(20416K)->19036K(20416K)
[137.266s][info][gc             ] GC(1097) Pause Young (Prepare Mixed) (G1 Evacuation Pause) 1946M->1153M(2048M) 2.883ms
[137.266s][info][gc,cpu         ] GC(1097) User=0.00s Sys=0.00s Real=0.00s
[137.266s][info][gc             ] GC(1095) Concurrent Mark Cycle 125.684ms
[137.321s][info][gc,start       ] GC(1098) Pause Young (Mixed) (G1 Evacuation Pause)
[137.321s][info][gc,task        ] GC(1098) Using 33 workers of 33 for evacuation
[137.324s][info][gc,phases      ] GC(1098)   Pre Evacuate Collection Set: 0.3ms
[137.324s][info][gc,phases      ] GC(1098)   Merge Heap Roots: 0.2ms
[137.324s][info][gc,phases      ] GC(1098)   Evacuate Collection Set: 1.3ms
[137.324s][info][gc,phases      ] GC(1098)   Post Evacuate Collection Set: 0.7ms
[137.324s][info][gc,phases      ] GC(1098)   Other: 0.1ms
[137.324s][info][gc,heap        ] GC(1098) Eden regions: 780->0(773)
[137.324s][info][gc,heap        ] GC(1098) Survivor regions: 3->2(86)
[137.324s][info][gc,heap        ] GC(1098) Old regions: 63->61
[137.324s][info][gc,heap        ] GC(1098) Archive regions: 0->0
[137.324s][info][gc,heap        ] GC(1098) Humongous regions: 1116->1107
[137.324s][info][gc,metaspace   ] GC(1098) Metaspace: 128793K(130880K)->128793K(130880K) NonClass: 109756K(110464K)->109756K(110464K) Class: 19036K(20416K)->19036K(20416K)
[137.324s][info][gc             ] GC(1098) Pause Young (Mixed) (G1 Evacuation Pause) 1953M->1163M(2048M) 2.898ms
[137.324s][info][gc,cpu         ] GC(1098) User=0.00s Sys=0.00s Real=0.00s
[137.342s][info][gc,start       ] GC(1099) Pause Young (Concurrent Start) (G1 Humongous Allocation)
[137.342s][info][gc,task        ] GC(1099) Using 33 workers of 33 for evacuation
[137.345s][info][gc,phases      ] GC(1099)   Pre Evacuate Collection Set: 0.5ms
[137.345s][info][gc,phases      ] GC(1099)   Merge Heap Roots: 0.2ms
[137.345s][info][gc,phases      ] GC(1099)   Evacuate Collection Set: 1.6ms
[137.345s][info][gc,phases      ] GC(1099)   Post Evacuate Collection Set: 0.6ms
[137.345s][info][gc,phases      ] GC(1099)   Other: 0.1ms
[137.345s][info][gc,heap        ] GC(1099) Eden regions: 254->0(772)
[137.345s][info][gc,heap        ] GC(1099) Survivor regions: 2->3(97)
[137.345s][info][gc,heap        ] GC(1099) Old regions: 61->61
[137.345s][info][gc,heap        ] GC(1099) Archive regions: 0->0
[137.345s][info][gc,heap        ] GC(1099) Humongous regions: 1107->1106
[137.345s][info][gc,metaspace   ] GC(1099) Metaspace: 128793K(130880K)->128793K(130880K) NonClass: 109756K(110464K)->109756K(110464K) Class: 19036K(20416K)->19036K(20416K)
[137.345s][info][gc             ] GC(1099) Pause Young (Concurrent Start) (G1 Humongous Allocation) 1417M->1163M(2048M) 3.131ms
[137.345s][info][gc             ] GC(1100) Concurrent Mark Cycle
[137.345s][info][gc,marking     ] GC(1100) Concurrent Scan Root Regions
[137.345s][info][gc,cpu         ] GC(1099) User=0.00s Sys=0.00s Real=0.00s
[137.361s][info][gc,marking     ] GC(1100) Concurrent Scan Root Regions 15.894ms
[137.361s][info][gc,marking     ] GC(1100) Concurrent Mark
[137.361s][info][gc,marking     ] GC(1100) Concurrent Mark From Roots
[137.361s][info][gc,task        ] GC(1100) Using 8 workers of 8 for marking
[137.406s][info][gc,marking     ] GC(1100) Concurrent Mark From Roots 44.600ms
[137.406s][info][gc,marking     ] GC(1100) Concurrent Preclean
[137.408s][info][gc,marking     ] GC(1100) Concurrent Preclean 1.865ms
[137.409s][info][gc,start       ] GC(1100) Pause Remark
[137.412s][info][gc             ] GC(1100) Pause Remark 1991M->1991M(2048M) 3.041ms
[137.412s][info][gc,cpu         ] GC(1100) User=0.03s Sys=0.00s Real=0.02s
[137.413s][info][gc,marking     ] GC(1100) Concurrent Mark 51.188ms
[137.413s][info][gc,marking     ] GC(1100) Concurrent Rebuild Remembered Sets and Scrub Regions
[137.413s][info][gc,start       ] GC(1101) Pause Young (Normal) (G1 Humongous Allocation)
[137.413s][info][gc,task        ] GC(1101) Using 33 workers of 33 for evacuation
[137.415s][info][gc,phases      ] GC(1101)   Pre Evacuate Collection Set: 0.2ms
[137.415s][info][gc,phases      ] GC(1101)   Merge Heap Roots: 0.3ms
[137.415s][info][gc,phases      ] GC(1101)   Evacuate Collection Set: 0.9ms
[137.415s][info][gc,phases      ] GC(1101)   Post Evacuate Collection Set: 0.7ms
[137.415s][info][gc,phases      ] GC(1101)   Other: 0.1ms
[137.415s][info][gc,heap        ] GC(1101) Eden regions: 756->0(757)
[137.415s][info][gc,heap        ] GC(1101) Survivor regions: 3->3(49)
[137.415s][info][gc,heap        ] GC(1101) Old regions: 61->61
[137.415s][info][gc,heap        ] GC(1101) Archive regions: 0->0
[137.415s][info][gc,heap        ] GC(1101) Humongous regions: 1179->1121
[137.415s][info][gc,metaspace   ] GC(1101) Metaspace: 128793K(130880K)->128793K(130880K) NonClass: 109756K(110464K)->109756K(110464K) Class: 19036K(20416K)->19036K(20416K)
[137.415s][info][gc             ] GC(1101) Pause Young (Normal) (G1 Humongous Allocation) 1992M->1178M(2048M) 2.462ms
[137.415s][info][gc,cpu         ] GC(1101) User=0.00s Sys=0.00s Real=0.00s
[137.431s][info][gc,marking     ] GC(1100) Concurrent Rebuild Remembered Sets and Scrub Regions 18.240ms
[137.432s][info][gc,start       ] GC(1100) Pause Cleanup
[137.432s][info][gc             ] GC(1100) Pause Cleanup 1390M->1390M(2048M) 0.342ms
[137.432s][info][gc,cpu         ] GC(1100) User=0.00s Sys=0.00s Real=0.00s
[137.432s][info][gc,marking     ] GC(1100) Concurrent Clear Claimed Marks
[137.432s][info][gc,marking     ] GC(1100) Concurrent Clear Claimed Marks 0.352ms
[137.432s][info][gc,marking     ] GC(1100) Concurrent Cleanup for Next Mark
[137.437s][info][gc,marking     ] GC(1100) Concurrent Cleanup for Next Mark 4.768ms
[137.437s][info][gc             ] GC(1100) Concurrent Mark Cycle 92.398ms
[137.471s][info][gc,start       ] GC(1102) Pause Young (Prepare Mixed) (G1 Humongous Allocation)
[137.471s][info][gc,task        ] GC(1102) Using 33 workers of 33 for evacuation
[137.474s][info][gc,phases      ] GC(1102)   Pre Evacuate Collection Set: 0.3ms
[137.474s][info][gc,phases      ] GC(1102)   Merge Heap Roots: 0.8ms
[137.474s][info][gc,phases      ] GC(1102)   Evacuate Collection Set: 1.1ms
[137.474s][info][gc,phases      ] GC(1102)   Post Evacuate Collection Set: 0.8ms
[137.474s][info][gc,phases      ] GC(1102)   Other: 0.1ms
[137.474s][info][gc,heap        ] GC(1102) Eden regions: 677->0(752)
[137.474s][info][gc,heap        ] GC(1102) Survivor regions: 3->7(95)
[137.474s][info][gc,heap        ] GC(1102) Old regions: 61->61
[137.475s][info][gc,heap        ] GC(1102) Archive regions: 0->0
[137.475s][info][gc,heap        ] GC(1102) Humongous regions: 1197->1118
[137.475s][info][gc,metaspace   ] GC(1102) Metaspace: 128793K(130880K)->128793K(130880K) NonClass: 109756K(110464K)->109756K(110464K) Class: 19036K(20416K)->19036K(20416K)
[137.475s][info][gc             ] GC(1102) Pause Young (Prepare Mixed) (G1 Humongous Allocation) 1931M->1178M(2048M) 3.406ms
[137.475s][info][gc,cpu         ] GC(1102) User=0.00s Sys=0.00s Real=0.00s
[137.532s][info][gc,start       ] GC(1103) Pause Young (Mixed) (G1 Evacuation Pause)
[137.532s][info][gc,task        ] GC(1103) Using 33 workers of 33 for evacuation
[137.535s][info][gc,phases      ] GC(1103)   Pre Evacuate Collection Set: 0.3ms
[137.535s][info][gc,phases      ] GC(1103)   Merge Heap Roots: 0.3ms
[137.535s][info][gc,phases      ] GC(1103)   Evacuate Collection Set: 1.5ms
[137.535s][info][gc,phases      ] GC(1103)   Post Evacuate Collection Set: 0.8ms
[137.535s][info][gc,phases      ] GC(1103)   Other: 0.1ms
[137.535s][info][gc,heap        ] GC(1103) Eden regions: 752->0(736)
[137.535s][info][gc,heap        ] GC(1103) Survivor regions: 7->6(24)
[137.535s][info][gc,heap        ] GC(1103) Old regions: 61->59
[137.535s][info][gc,heap        ] GC(1103) Archive regions: 0->0
[137.535s][info][gc,heap        ] GC(1103) Humongous regions: 1204->1138
[137.535s][info][gc,metaspace   ] GC(1103) Metaspace: 128793K(130880K)->128793K(130880K) NonClass: 109756K(110464K)->109756K(110464K) Class: 19036K(20416K)->19036K(20416K)
[137.535s][info][gc             ] GC(1103) Pause Young (Mixed) (G1 Evacuation Pause) 2016M->1198M(2048M) 3.398ms
[137.535s][info][gc,cpu         ] GC(1103) User=0.00s Sys=0.00s Real=0.00s
[137.539s][info][gc,start       ] GC(1104) Pause Young (Concurrent Start) (G1 Humongous Allocation)
[137.539s][info][gc,task        ] GC(1104) Using 33 workers of 33 for evacuation
[137.542s][info][gc,phases      ] GC(1104)   Pre Evacuate Collection Set: 0.4ms
[137.542s][info][gc,phases      ] GC(1104)   Merge Heap Roots: 0.1ms
[137.542s][info][gc,phases      ] GC(1104)   Evacuate Collection Set: 1.8ms
[137.542s][info][gc,phases      ] GC(1104)   Post Evacuate Collection Set: 0.6ms
[137.542s][info][gc,phases      ] GC(1104)   Other: 0.1ms
[137.542s][info][gc,heap        ] GC(1104) Eden regions: 58->0(736)
[137.542s][info][gc,heap        ] GC(1104) Survivor regions: 6->6(93)
[137.542s][info][gc,heap        ] GC(1104) Old regions: 59->59
[137.542s][info][gc,heap        ] GC(1104) Archive regions: 0->0
[137.542s][info][gc,heap        ] GC(1104) Humongous regions: 1138->1138
[137.542s][info][gc,metaspace   ] GC(1104) Metaspace: 128793K(130880K)->128793K(130880K) NonClass: 109756K(110464K)->109756K(110464K) Class: 19036K(20416K)->19036K(20416K)
[137.542s][info][gc             ] GC(1104) Pause Young (Concurrent Start) (G1 Humongous Allocation) 1256M->1198M(2048M) 3.210ms
[137.542s][info][gc             ] GC(1105) Concurrent Mark Cycle
[137.542s][info][gc,cpu         ] GC(1104) User=0.05s Sys=0.00s Real=0.02s
[137.542s][info][gc,marking     ] GC(1105) Concurrent Scan Root Regions
[137.547s][info][gc,marking     ] GC(1105) Concurrent Scan Root Regions 4.843ms
[137.547s][info][gc,marking     ] GC(1105) Concurrent Mark
[137.547s][info][gc,marking     ] GC(1105) Concurrent Mark From Roots
[137.547s][info][gc,task        ] GC(1105) Using 8 workers of 8 for marking
[137.570s][info][gc,marking     ] GC(1105) Concurrent Mark From Roots 22.552ms
[137.570s][info][gc,marking     ] GC(1105) Concurrent Preclean
[137.570s][info][gc,marking     ] GC(1105) Concurrent Preclean 0.668ms
[137.571s][info][gc,start       ] GC(1105) Pause Remark
[137.574s][info][gc             ] GC(1105) Pause Remark 1600M->1600M(2048M) 3.096ms
[137.574s][info][gc,cpu         ] GC(1105) User=0.52s Sys=0.00s Real=0.02s
[137.574s][info][gc,marking     ] GC(1105) Concurrent Mark 26.744ms
[137.574s][info][gc,marking     ] GC(1105) Concurrent Rebuild Remembered Sets and Scrub Regions
[137.582s][info][gc,marking     ] GC(1105) Concurrent Rebuild Remembered Sets and Scrub Regions 8.388ms
[137.583s][info][gc,start       ] GC(1105) Pause Cleanup
[137.583s][info][gc             ] GC(1105) Pause Cleanup 1720M->1720M(2048M) 0.310ms
[137.583s][info][gc,cpu         ] GC(1105) User=0.00s Sys=0.00s Real=0.00s
[137.583s][info][gc,marking     ] GC(1105) Concurrent Clear Claimed Marks
[137.583s][info][gc,marking     ] GC(1105) Concurrent Clear Claimed Marks 0.189ms
[137.583s][info][gc,marking     ] GC(1105) Concurrent Cleanup for Next Mark
[137.586s][info][gc,marking     ] GC(1105) Concurrent Cleanup for Next Mark 2.325ms
[137.586s][info][gc             ] GC(1105) Concurrent Mark Cycle 43.462ms
[137.599s][info][gc,start       ] GC(1106) Pause Young (Prepare Mixed) (G1 Humongous Allocation)
[137.599s][info][gc,task        ] GC(1106) Using 33 workers of 33 for evacuation
[137.603s][info][gc,phases      ] GC(1106)   Pre Evacuate Collection Set: 0.3ms
[137.603s][info][gc,phases      ] GC(1106)   Merge Heap Roots: 0.8ms
[137.603s][info][gc,phases      ] GC(1106)   Evacuate Collection Set: 1.1ms
[137.603s][info][gc,phases      ] GC(1106)   Post Evacuate Collection Set: 0.9ms
[137.603s][info][gc,phases      ] GC(1106)   Other: 0.1ms
[137.603s][info][gc,heap        ] GC(1106) Eden regions: 645->0(734)
[137.603s][info][gc,heap        ] GC(1106) Survivor regions: 6->8(81)
[137.603s][info][gc,heap        ] GC(1106) Old regions: 59->59
[137.603s][info][gc,heap        ] GC(1106) Archive regions: 0->0
[137.603s][info][gc,heap        ] GC(1106) Humongous regions: 1257->1136
[137.603s][info][gc,metaspace   ] GC(1106) Metaspace: 128793K(130880K)->128793K(130880K) NonClass: 109756K(110464K)->109756K(110464K) Class: 19036K(20416K)->19036K(20416K)
[137.603s][info][gc             ] GC(1106) Pause Young (Prepare Mixed) (G1 Humongous Allocation) 1962M->1198M(2048M) 3.436ms
[137.603s][info][gc,cpu         ] GC(1106) User=0.00s Sys=0.00s Real=0.00s
[137.648s][info][gc,start       ] GC(1107) Pause Young (Mixed) (G1 Humongous Allocation)
[137.648s][info][gc,task        ] GC(1107) Using 33 workers of 33 for evacuation
[137.651s][info][gc,phases      ] GC(1107)   Pre Evacuate Collection Set: 0.3ms
[137.652s][info][gc,phases      ] GC(1107)   Merge Heap Roots: 0.3ms
[137.652s][info][gc,phases      ] GC(1107)   Evacuate Collection Set: 1.5ms
[137.652s][info][gc,phases      ] GC(1107)   Post Evacuate Collection Set: 0.8ms
[137.652s][info][gc,phases      ] GC(1107)   Other: 0.2ms
[137.652s][info][gc,heap        ] GC(1107) Eden regions: 730->0(706)
[137.652s][info][gc,heap        ] GC(1107) Survivor regions: 8->6(30)
[137.652s][info][gc,heap        ] GC(1107) Old regions: 59->57
[137.652s][info][gc,heap        ] GC(1107) Archive regions: 0->0
[137.652s][info][gc,heap        ] GC(1107) Humongous regions: 1221->1170
[137.652s][info][gc,metaspace   ] GC(1107) Metaspace: 128793K(130880K)->128793K(130880K) NonClass: 109756K(110464K)->109756K(110464K) Class: 19036K(20416K)->19036K(20416K)
[137.652s][info][gc             ] GC(1107) Pause Young (Mixed) (G1 Humongous Allocation) 2013M->1230M(2048M) 3.360ms
[137.652s][info][gc,cpu         ] GC(1107) User=0.52s Sys=0.00s Real=0.02s
[137.653s][info][gc,start       ] GC(1108) Pause Young (Concurrent Start) (G1 Humongous Allocation)
[137.653s][info][gc,task        ] GC(1108) Using 33 workers of 33 for evacuation
[137.656s][info][gc,phases      ] GC(1108)   Pre Evacuate Collection Set: 0.5ms
[137.656s][info][gc,phases      ] GC(1108)   Merge Heap Roots: 0.1ms
[137.656s][info][gc,phases      ] GC(1108)   Evacuate Collection Set: 1.6ms
[137.656s][info][gc,phases      ] GC(1108)   Post Evacuate Collection Set: 0.6ms
[137.656s][info][gc,phases      ] GC(1108)   Other: 0.0ms
[137.656s][info][gc,heap        ] GC(1108) Eden regions: 27->0(706)
[137.656s][info][gc,heap        ] GC(1108) Survivor regions: 6->6(89)
[137.656s][info][gc,heap        ] GC(1108) Old regions: 57->57
[137.656s][info][gc,heap        ] GC(1108) Archive regions: 0->0
[137.656s][info][gc,heap        ] GC(1108) Humongous regions: 1174->1170
[137.656s][info][gc,metaspace   ] GC(1108) Metaspace: 128793K(130880K)->128793K(130880K) NonClass: 109756K(110464K)->109756K(110464K) Class: 19036K(20416K)->19036K(20416K)
[137.656s][info][gc             ] GC(1108) Pause Young (Concurrent Start) (G1 Humongous Allocation) 1261M->1230M(2048M) 2.912ms
[137.656s][info][gc             ] GC(1109) Concurrent Mark Cycle
[137.656s][info][gc,marking     ] GC(1109) Concurrent Scan Root Regions
[137.656s][info][gc,cpu         ] GC(1108) User=0.00s Sys=0.00s Real=0.00s
[137.660s][info][gc,marking     ] GC(1109) Concurrent Scan Root Regions 3.764ms
[137.660s][info][gc,marking     ] GC(1109) Concurrent Mark
[137.660s][info][gc,marking     ] GC(1109) Concurrent Mark From Roots
[137.660s][info][gc,task        ] GC(1109) Using 8 workers of 8 for marking
[137.682s][info][gc,marking     ] GC(1109) Concurrent Mark From Roots 21.874ms
[137.682s][info][gc,marking     ] GC(1109) Concurrent Preclean
[137.683s][info][gc,marking     ] GC(1109) Concurrent Preclean 0.628ms
[137.684s][info][gc,start       ] GC(1109) Pause Remark
[137.687s][info][gc             ] GC(1109) Pause Remark 1653M->1653M(2048M) 3.128ms
[137.687s][info][gc,cpu         ] GC(1109) User=0.00s Sys=0.00s Real=0.00s
[137.687s][info][gc,marking     ] GC(1109) Concurrent Mark 26.662ms
[137.687s][info][gc,marking     ] GC(1109) Concurrent Rebuild Remembered Sets and Scrub Regions
[137.695s][info][gc,marking     ] GC(1109) Concurrent Rebuild Remembered Sets and Scrub Regions 7.888ms
[137.695s][info][gc,start       ] GC(1109) Pause Cleanup
[137.695s][info][gc             ] GC(1109) Pause Cleanup 1782M->1782M(2048M) 0.319ms
[137.695s][info][gc,cpu         ] GC(1109) User=0.00s Sys=0.00s Real=0.00s
[137.696s][info][gc,marking     ] GC(1109) Concurrent Clear Claimed Marks
[137.696s][info][gc,marking     ] GC(1109) Concurrent Clear Claimed Marks 0.239ms
[137.696s][info][gc,marking     ] GC(1109) Concurrent Cleanup for Next Mark
[137.698s][info][gc,marking     ] GC(1109) Concurrent Cleanup for Next Mark 2.481ms
[137.698s][info][gc             ] GC(1109) Concurrent Mark Cycle 41.972ms
[137.708s][info][gc,start       ] GC(1110) Pause Young (Prepare Mixed) (G1 Humongous Allocation)
[137.708s][info][gc,task        ] GC(1110) Using 33 workers of 33 for evacuation
[137.711s][info][gc,phases      ] GC(1110)   Pre Evacuate Collection Set: 0.3ms
[137.711s][info][gc,phases      ] GC(1110)   Merge Heap Roots: 0.8ms
[137.711s][info][gc,phases      ] GC(1110)   Evacuate Collection Set: 1.0ms
[137.711s][info][gc,phases      ] GC(1110)   Post Evacuate Collection Set: 0.8ms
[137.711s][info][gc,phases      ] GC(1110)   Other: 0.1ms
[137.711s][info][gc,heap        ] GC(1110) Eden regions: 677->0(682)
[137.711s][info][gc,heap        ] GC(1110) Survivor regions: 6->5(60)
[137.711s][info][gc,heap        ] GC(1110) Old regions: 57->57
[137.711s][info][gc,heap        ] GC(1110) Archive regions: 0->0
[137.711s][info][gc,heap        ] GC(1110) Humongous regions: 1248->1196
[137.711s][info][gc,metaspace   ] GC(1110) Metaspace: 128793K(130880K)->128793K(130880K) NonClass: 109756K(110464K)->109756K(110464K) Class: 19036K(20416K)->19036K(20416K)
[137.711s][info][gc             ] GC(1110) Pause Young (Prepare Mixed) (G1 Humongous Allocation) 1985M->1255M(2048M) 3.164ms
[137.711s][info][gc,cpu         ] GC(1110) User=0.00s Sys=0.00s Real=0.00s
[137.751s][info][gc,start       ] GC(1111) Pause Young (Mixed) (G1 Humongous Allocation)
[137.751s][info][gc,task        ] GC(1111) Using 33 workers of 33 for evacuation
[137.754s][info][gc,phases      ] GC(1111)   Pre Evacuate Collection Set: 0.3ms
[137.754s][info][gc,phases      ] GC(1111)   Merge Heap Roots: 0.3ms
[137.754s][info][gc,phases      ] GC(1111)   Evacuate Collection Set: 1.7ms
[137.754s][info][gc,phases      ] GC(1111)   Post Evacuate Collection Set: 0.9ms
[137.754s][info][gc,phases      ] GC(1111)   Other: 0.1ms
[137.754s][info][gc,heap        ] GC(1111) Eden regions: 583->0(702)
[137.754s][info][gc,heap        ] GC(1111) Survivor regions: 5->5(78)
[137.754s][info][gc,heap        ] GC(1111) Old regions: 57->57
[137.754s][info][gc,heap        ] GC(1111) Archive regions: 0->0
[137.754s][info][gc,heap        ] GC(1111) Humongous regions: 1325->1176
[137.754s][info][gc,metaspace   ] GC(1111) Metaspace: 128793K(130880K)->128793K(130880K) NonClass: 109756K(110464K)->109756K(110464K) Class: 19036K(20416K)->19036K(20416K)
[137.754s][info][gc             ] GC(1111) Pause Young (Mixed) (G1 Humongous Allocation) 1967M->1234M(2048M) 3.517ms
[137.754s][info][gc,cpu         ] GC(1111) User=0.00s Sys=0.00s Real=0.00s
[137.756s][info][gc,start       ] GC(1112) Pause Young (Concurrent Start) (G1 Humongous Allocation)
[137.756s][info][gc,task        ] GC(1112) Using 33 workers of 33 for evacuation
[137.759s][info][gc,phases      ] GC(1112)   Pre Evacuate Collection Set: 0.5ms
[137.759s][info][gc,phases      ] GC(1112)   Merge Heap Roots: 0.1ms
[137.759s][info][gc,phases      ] GC(1112)   Evacuate Collection Set: 1.8ms
[137.759s][info][gc,phases      ] GC(1112)   Post Evacuate Collection Set: 0.6ms
[137.759s][info][gc,phases      ] GC(1112)   Other: 0.1ms
[137.759s][info][gc,heap        ] GC(1112) Eden regions: 30->0(702)
[137.759s][info][gc,heap        ] GC(1112) Survivor regions: 5->5(89)
[137.760s][info][gc,heap        ] GC(1112) Old regions: 57->57
[137.760s][info][gc,heap        ] GC(1112) Archive regions: 0->0
[137.760s][info][gc,heap        ] GC(1112) Humongous regions: 1180->1176
[137.760s][info][gc,metaspace   ] GC(1112) Metaspace: 128793K(130880K)->128793K(130880K) NonClass: 109756K(110464K)->109756K(110464K) Class: 19036K(20416K)->19036K(20416K)
[137.760s][info][gc             ] GC(1112) Pause Young (Concurrent Start) (G1 Humongous Allocation) 1268M->1234M(2048M) 3.160ms
[137.760s][info][gc             ] GC(1113) Concurrent Mark Cycle
[137.760s][info][gc,cpu         ] GC(1112) User=0.00s Sys=0.00s Real=0.00s
[137.760s][info][gc,marking     ] GC(1113) Concurrent Scan Root Regions
[137.763s][info][gc,marking     ] GC(1113) Concurrent Scan Root Regions 3.094ms
[137.763s][info][gc,marking     ] GC(1113) Concurrent Mark
[137.763s][info][gc,marking     ] GC(1113) Concurrent Mark From Roots
[137.763s][info][gc,task        ] GC(1113) Using 8 workers of 8 for marking
[137.782s][info][gc,marking     ] GC(1113) Concurrent Mark From Roots 18.763ms
[137.782s][info][gc,marking     ] GC(1113) Concurrent Preclean
[137.782s][info][gc,marking     ] GC(1113) Concurrent Preclean 0.407ms
[137.782s][info][gc,start       ] GC(1113) Pause Remark
[137.785s][info][gc             ] GC(1113) Pause Remark 1547M->1547M(2048M) 3.055ms
[137.785s][info][gc,cpu         ] GC(1113) User=0.00s Sys=0.00s Real=0.00s
[137.785s][info][gc,marking     ] GC(1113) Concurrent Mark 22.684ms
[137.785s][info][gc,marking     ] GC(1113) Concurrent Rebuild Remembered Sets and Scrub Regions
[137.793s][info][gc,marking     ] GC(1113) Concurrent Rebuild Remembered Sets and Scrub Regions 7.531ms
[137.793s][info][gc,start       ] GC(1113) Pause Cleanup
[137.794s][info][gc             ] GC(1113) Pause Cleanup 1655M->1655M(2048M) 0.289ms
[137.794s][info][gc,cpu         ] GC(1113) User=0.00s Sys=0.00s Real=0.00s
[137.794s][info][gc,marking     ] GC(1113) Concurrent Clear Claimed Marks
[137.794s][info][gc,marking     ] GC(1113) Concurrent Clear Claimed Marks 0.211ms
[137.794s][info][gc,marking     ] GC(1113) Concurrent Cleanup for Next Mark
[137.796s][info][gc,marking     ] GC(1113) Concurrent Cleanup for Next Mark 2.362ms
[137.796s][info][gc             ] GC(1113) Concurrent Mark Cycle 36.644ms
[137.813s][info][gc,start       ] GC(1114) Pause Young (Prepare Mixed) (G1 Evacuation Pause)
[137.813s][info][gc,task        ] GC(1114) Using 33 workers of 33 for evacuation
[137.816s][info][gc,phases      ] GC(1114)   Pre Evacuate Collection Set: 0.3ms
[137.816s][info][gc,phases      ] GC(1114)   Merge Heap Roots: 0.8ms
[137.816s][info][gc,phases      ] GC(1114)   Evacuate Collection Set: 1.1ms
[137.816s][info][gc,phases      ] GC(1114)   Post Evacuate Collection Set: 1.0ms
[137.816s][info][gc,phases      ] GC(1114)   Other: 0.2ms
[137.816s][info][gc,heap        ] GC(1114) Eden regions: 702->0(673)
[137.816s][info][gc,heap        ] GC(1114) Survivor regions: 5->5(56)
[137.816s][info][gc,heap        ] GC(1114) Old regions: 57->57
[137.816s][info][gc,heap        ] GC(1114) Archive regions: 0->0
[137.817s][info][gc,heap        ] GC(1114) Humongous regions: 1228->1205
[137.817s][info][gc,metaspace   ] GC(1114) Metaspace: 128793K(130880K)->128793K(130880K) NonClass: 109756K(110464K)->109756K(110464K) Class: 19036K(20416K)->19036K(20416K)
[137.817s][info][gc             ] GC(1114) Pause Young (Prepare Mixed) (G1 Evacuation Pause) 1988M->1263M(2048M) 3.836ms
[137.817s][info][gc,cpu         ] GC(1114) User=0.00s Sys=0.00s Real=0.00s
[137.853s][info][gc,start       ] GC(1115) Pause Young (Mixed) (G1 Humongous Allocation)
[137.853s][info][gc,task        ] GC(1115) Using 33 workers of 33 for evacuation
[137.856s][info][gc,phases      ] GC(1115)   Pre Evacuate Collection Set: 0.3ms
[137.856s][info][gc,phases      ] GC(1115)   Merge Heap Roots: 0.3ms
[137.856s][info][gc,phases      ] GC(1115)   Evacuate Collection Set: 1.4ms
[137.856s][info][gc,phases      ] GC(1115)   Post Evacuate Collection Set: 0.9ms
[137.856s][info][gc,phases      ] GC(1115)   Other: 0.3ms
[137.856s][info][gc,heap        ] GC(1115) Eden regions: 604->0(647)
[137.856s][info][gc,heap        ] GC(1115) Survivor regions: 5->5(85)
[137.856s][info][gc,heap        ] GC(1115) Old regions: 57->56
[137.856s][info][gc,heap        ] GC(1115) Archive regions: 0->0
[137.856s][info][gc,heap        ] GC(1115) Humongous regions: 1295->1232
[137.856s][info][gc,metaspace   ] GC(1115) Metaspace: 128793K(130880K)->128793K(130880K) NonClass: 109756K(110464K)->109756K(110464K) Class: 19036K(20416K)->19036K(20416K)
[137.856s][info][gc             ] GC(1115) Pause Young (Mixed) (G1 Humongous Allocation) 1957M->1290M(2048M) 3.705ms
[137.856s][info][gc,cpu         ] GC(1115) User=0.52s Sys=0.00s Real=0.02s
[137.858s][info][gc,start       ] GC(1116) Pause Young (Concurrent Start) (G1 Humongous Allocation)
[137.858s][info][gc,task        ] GC(1116) Using 33 workers of 33 for evacuation
[137.861s][info][gc,phases      ] GC(1116)   Pre Evacuate Collection Set: 0.5ms
[137.861s][info][gc,phases      ] GC(1116)   Merge Heap Roots: 0.1ms
[137.861s][info][gc,phases      ] GC(1116)   Evacuate Collection Set: 1.7ms
[137.861s][info][gc,phases      ] GC(1116)   Post Evacuate Collection Set: 0.7ms
[137.861s][info][gc,phases      ] GC(1116)   Other: 0.1ms
[137.861s][info][gc,heap        ] GC(1116) Eden regions: 3->0(647)
[137.861s][info][gc,heap        ] GC(1116) Survivor regions: 5->5(82)
[137.861s][info][gc,heap        ] GC(1116) Old regions: 56->56
[137.861s][info][gc,heap        ] GC(1116) Archive regions: 0->0
[137.861s][info][gc,heap        ] GC(1116) Humongous regions: 1239->1232
[137.861s][info][gc,metaspace   ] GC(1116) Metaspace: 128793K(130880K)->128793K(130880K) NonClass: 109756K(110464K)->109756K(110464K) Class: 19036K(20416K)->19036K(20416K)
[137.861s][info][gc             ] GC(1116) Pause Young (Concurrent Start) (G1 Humongous Allocation) 1299M->1290M(2048M) 3.528ms
[137.861s][info][gc             ] GC(1117) Concurrent Mark Cycle
[137.861s][info][gc,cpu         ] GC(1116) User=0.00s Sys=0.00s Real=0.00s
[137.861s][info][gc,marking     ] GC(1117) Concurrent Scan Root Regions
[137.864s][info][gc,marking     ] GC(1117) Concurrent Scan Root Regions 2.469ms
[137.864s][info][gc,marking     ] GC(1117) Concurrent Mark
[137.864s][info][gc,marking     ] GC(1117) Concurrent Mark From Roots
[137.864s][info][gc,task        ] GC(1117) Using 8 workers of 8 for marking
[137.885s][info][gc,marking     ] GC(1117) Concurrent Mark From Roots 20.809ms
[137.885s][info][gc,marking     ] GC(1117) Concurrent Preclean
[137.885s][info][gc,marking     ] GC(1117) Concurrent Preclean 0.683ms
[137.886s][info][gc,start       ] GC(1117) Pause Remark
[137.889s][info][gc             ] GC(1117) Pause Remark 1634M->1634M(2048M) 3.051ms
[137.889s][info][gc,cpu         ] GC(1117) User=0.00s Sys=0.00s Real=0.00s
[137.889s][info][gc,marking     ] GC(1117) Concurrent Mark 25.088ms
[137.889s][info][gc,marking     ] GC(1117) Concurrent Rebuild Remembered Sets and Scrub Regions
[137.897s][info][gc,marking     ] GC(1117) Concurrent Rebuild Remembered Sets and Scrub Regions 7.746ms
[137.897s][info][gc,start       ] GC(1117) Pause Cleanup
[137.897s][info][gc             ] GC(1117) Pause Cleanup 1764M->1764M(2048M) 0.294ms
[137.897s][info][gc,cpu         ] GC(1117) User=0.00s Sys=0.00s Real=0.00s
[137.897s][info][gc,marking     ] GC(1117) Concurrent Clear Claimed Marks
[137.898s][info][gc,marking     ] GC(1117) Concurrent Clear Claimed Marks 0.234ms
[137.898s][info][gc,marking     ] GC(1117) Concurrent Cleanup for Next Mark
[137.900s][info][gc,marking     ] GC(1117) Concurrent Cleanup for Next Mark 2.468ms
[137.900s][info][gc             ] GC(1117) Concurrent Mark Cycle 38.962ms
[137.910s][info][gc,start       ] GC(1118) Pause Young (Prepare Mixed) (G1 Humongous Allocation)
[137.910s][info][gc,task        ] GC(1118) Using 33 workers of 33 for evacuation
[137.912s][info][gc,phases      ] GC(1118)   Pre Evacuate Collection Set: 0.3ms
[137.912s][info][gc,phases      ] GC(1118)   Merge Heap Roots: 0.8ms
[137.912s][info][gc,phases      ] GC(1118)   Evacuate Collection Set: 0.9ms
[137.912s][info][gc,phases      ] GC(1118)   Post Evacuate Collection Set: 0.7ms
[137.912s][info][gc,phases      ] GC(1118)   Other: 0.1ms
[137.912s][info][gc,heap        ] GC(1118) Eden regions: 592->0(639)
[137.913s][info][gc,heap        ] GC(1118) Survivor regions: 5->5(76)
[137.913s][info][gc,heap        ] GC(1118) Old regions: 56->56
[137.913s][info][gc,heap        ] GC(1118) Archive regions: 0->0
[137.913s][info][gc,heap        ] GC(1118) Humongous regions: 1319->1240
[137.913s][info][gc,metaspace   ] GC(1118) Metaspace: 128793K(130880K)->128793K(130880K) NonClass: 109756K(110464K)->109756K(110464K) Class: 19036K(20416K)->19036K(20416K)
[137.913s][info][gc             ] GC(1118) Pause Young (Prepare Mixed) (G1 Humongous Allocation) 1969M->1298M(2048M) 3.048ms
[137.913s][info][gc,cpu         ] GC(1118) User=0.00s Sys=0.00s Real=0.00s
[137.951s][info][gc,start       ] GC(1119) Pause Young (Mixed) (G1 Evacuation Pause)
[137.951s][info][gc,task        ] GC(1119) Using 33 workers of 33 for evacuation
[137.954s][info][gc,phases      ] GC(1119)   Pre Evacuate Collection Set: 0.3ms
[137.954s][info][gc,phases      ] GC(1119)   Merge Heap Roots: 0.3ms
[137.955s][info][gc,phases      ] GC(1119)   Evacuate Collection Set: 1.5ms
[137.955s][info][gc,phases      ] GC(1119)   Post Evacuate Collection Set: 0.8ms
[137.955s][info][gc,phases      ] GC(1119)   Other: 0.1ms
[137.955s][info][gc,heap        ] GC(1119) Eden regions: 639->0(641)
[137.955s][info][gc,heap        ] GC(1119) Survivor regions: 5->4(26)
[137.955s][info][gc,heap        ] GC(1119) Old regions: 56->56
[137.955s][info][gc,heap        ] GC(1119) Archive regions: 0->0
[137.955s][info][gc,heap        ] GC(1119) Humongous regions: 1322->1240
[137.955s][info][gc,metaspace   ] GC(1119) Metaspace: 128793K(130880K)->128793K(130880K) NonClass: 109756K(110464K)->109756K(110464K) Class: 19036K(20416K)->19036K(20416K)
[137.955s][info][gc             ] GC(1119) Pause Young (Mixed) (G1 Evacuation Pause) 2019M->1297M(2048M) 3.242ms
[137.955s][info][gc,cpu         ] GC(1119) User=0.00s Sys=0.00s Real=0.00s
[137.959s][info][gc,start       ] GC(1120) Pause Young (Concurrent Start) (G1 Humongous Allocation)
[137.959s][info][gc,task        ] GC(1120) Using 33 workers of 33 for evacuation
[137.961s][info][gc,phases      ] GC(1120)   Pre Evacuate Collection Set: 0.5ms
[137.961s][info][gc,phases      ] GC(1120)   Merge Heap Roots: 0.1ms
[137.961s][info][gc,phases      ] GC(1120)   Evacuate Collection Set: 1.6ms
[137.961s][info][gc,phases      ] GC(1120)   Post Evacuate Collection Set: 0.6ms
[137.961s][info][gc,phases      ] GC(1120)   Other: 0.1ms
[137.961s][info][gc,heap        ] GC(1120) Eden regions: 67->0(641)
[137.961s][info][gc,heap        ] GC(1120) Survivor regions: 4->4(81)
[137.961s][info][gc,heap        ] GC(1120) Old regions: 56->56
[137.961s][info][gc,heap        ] GC(1120) Archive regions: 0->0
[137.961s][info][gc,heap        ] GC(1120) Humongous regions: 1240->1240
[137.961s][info][gc,metaspace   ] GC(1120) Metaspace: 128793K(130880K)->128793K(130880K) NonClass: 109756K(110464K)->109756K(110464K) Class: 19036K(20416K)->19036K(20416K)
[137.962s][info][gc             ] GC(1120) Pause Young (Concurrent Start) (G1 Humongous Allocation) 1363M->1297M(2048M) 2.950ms
[137.962s][info][gc             ] GC(1121) Concurrent Mark Cycle
[137.962s][info][gc,cpu         ] GC(1120) User=0.52s Sys=0.00s Real=0.02s
[137.962s][info][gc,marking     ] GC(1121) Concurrent Scan Root Regions
[137.966s][info][gc,marking     ] GC(1121) Concurrent Scan Root Regions 4.099ms
[137.966s][info][gc,marking     ] GC(1121) Concurrent Mark
[137.966s][info][gc,marking     ] GC(1121) Concurrent Mark From Roots
[137.966s][info][gc,task        ] GC(1121) Using 8 workers of 8 for marking
[137.990s][info][gc,marking     ] GC(1121) Concurrent Mark From Roots 23.797ms
[137.990s][info][gc,marking     ] GC(1121) Concurrent Preclean
[137.990s][info][gc,marking     ] GC(1121) Concurrent Preclean 0.534ms
[137.990s][info][gc,start       ] GC(1121) Pause Remark
[137.994s][info][gc             ] GC(1121) Pause Remark 1755M->1755M(2048M) 3.156ms
[137.994s][info][gc,cpu         ] GC(1121) User=0.05s Sys=0.00s Real=0.02s
[137.994s][info][gc,marking     ] GC(1121) Concurrent Mark 27.962ms
[137.994s][info][gc,marking     ] GC(1121) Concurrent Rebuild Remembered Sets and Scrub Regions
[138.001s][info][gc,marking     ] GC(1121) Concurrent Rebuild Remembered Sets and Scrub Regions 7.643ms
[138.002s][info][gc,start       ] GC(1121) Pause Cleanup
[138.002s][info][gc             ] GC(1121) Pause Cleanup 1876M->1876M(2048M) 0.267ms
[138.002s][info][gc,cpu         ] GC(1121) User=0.00s Sys=0.00s Real=0.00s
[138.002s][info][gc,marking     ] GC(1121) Concurrent Clear Claimed Marks
[138.002s][info][gc,marking     ] GC(1121) Concurrent Clear Claimed Marks 0.217ms
[138.002s][info][gc,marking     ] GC(1121) Concurrent Cleanup for Next Mark
[138.005s][info][gc,marking     ] GC(1121) Concurrent Cleanup for Next Mark 2.647ms
[138.005s][info][gc             ] GC(1121) Concurrent Mark Cycle 43.441ms
[138.009s][info][gc,start       ] GC(1122) Pause Young (Prepare Mixed) (G1 Humongous Allocation)
[138.009s][info][gc,task        ] GC(1122) Using 33 workers of 33 for evacuation
[138.011s][info][gc,phases      ] GC(1122)   Pre Evacuate Collection Set: 0.3ms
[138.011s][info][gc,phases      ] GC(1122)   Merge Heap Roots: 0.8ms
[138.011s][info][gc,phases      ] GC(1122)   Evacuate Collection Set: 1.0ms
[138.012s][info][gc,phases      ] GC(1122)   Post Evacuate Collection Set: 0.7ms
[138.012s][info][gc,phases      ] GC(1122)   Other: 0.1ms
[138.012s][info][gc,heap        ] GC(1122) Eden regions: 587->0(623)
[138.012s][info][gc,heap        ] GC(1122) Survivor regions: 4->5(74)
[138.012s][info][gc,heap        ] GC(1122) Old regions: 56->57
[138.012s][info][gc,heap        ] GC(1122) Archive regions: 0->0
[138.012s][info][gc,heap        ] GC(1122) Humongous regions: 1327->1255
[138.012s][info][gc,metaspace   ] GC(1122) Metaspace: 128793K(130880K)->128793K(130880K) NonClass: 109756K(110464K)->109756K(110464K) Class: 19036K(20416K)->19036K(20416K)
[138.012s][info][gc             ] GC(1122) Pause Young (Prepare Mixed) (G1 Humongous Allocation) 1971M->1313M(2048M) 3.056ms
[138.012s][info][gc,cpu         ] GC(1122) User=0.02s Sys=0.00s Real=0.02s
[138.049s][info][gc,start       ] GC(1123) Pause Young (Mixed) (G1 Evacuation Pause)
[138.049s][info][gc,task        ] GC(1123) Using 33 workers of 33 for evacuation
[138.052s][info][gc,phases      ] GC(1123)   Pre Evacuate Collection Set: 0.3ms
[138.052s][info][gc,phases      ] GC(1123)   Merge Heap Roots: 0.3ms
[138.052s][info][gc,phases      ] GC(1123)   Evacuate Collection Set: 1.3ms
[138.052s][info][gc,phases      ] GC(1123)   Post Evacuate Collection Set: 0.7ms
[138.052s][info][gc,phases      ] GC(1123)   Other: 0.1ms
[138.052s][info][gc,heap        ] GC(1123) Eden regions: 623->0(608)
[138.052s][info][gc,heap        ] GC(1123) Survivor regions: 5->3(19)
[138.052s][info][gc,heap        ] GC(1123) Old regions: 57->57
[138.052s][info][gc,heap        ] GC(1123) Archive regions: 0->0
[138.052s][info][gc,heap        ] GC(1123) Humongous regions: 1344->1274
[138.052s][info][gc,metaspace   ] GC(1123) Metaspace: 128793K(130880K)->128793K(130880K) NonClass: 109756K(110464K)->109756K(110464K) Class: 19036K(20416K)->19036K(20416K)
[138.052s][info][gc             ] GC(1123) Pause Young (Mixed) (G1 Evacuation Pause) 2025M->1330M(2048M) 2.960ms
[138.052s][info][gc,cpu         ] GC(1123) User=0.00s Sys=0.00s Real=0.00s
[138.055s][info][gc,start       ] GC(1124) Pause Young (Concurrent Start) (G1 Humongous Allocation)
[138.055s][info][gc,task        ] GC(1124) Using 33 workers of 33 for evacuation
[138.057s][info][gc,phases      ] GC(1124)   Pre Evacuate Collection Set: 0.5ms
[138.057s][info][gc,phases      ] GC(1124)   Merge Heap Roots: 0.1ms
[138.057s][info][gc,phases      ] GC(1124)   Evacuate Collection Set: 1.4ms
[138.057s][info][gc,phases      ] GC(1124)   Post Evacuate Collection Set: 0.5ms
[138.057s][info][gc,phases      ] GC(1124)   Other: 0.1ms
[138.057s][info][gc,heap        ] GC(1124) Eden regions: 49->0(610)
[138.057s][info][gc,heap        ] GC(1124) Survivor regions: 3->2(77)
[138.057s][info][gc,heap        ] GC(1124) Old regions: 57->57
[138.057s][info][gc,heap        ] GC(1124) Archive regions: 0->0
[138.057s][info][gc,heap        ] GC(1124) Humongous regions: 1274->1274
[138.057s][info][gc,metaspace   ] GC(1124) Metaspace: 128793K(130880K)->128793K(130880K) NonClass: 109756K(110464K)->109756K(110464K) Class: 19036K(20416K)->19036K(20416K)
[138.057s][info][gc             ] GC(1124) Pause Young (Concurrent Start) (G1 Humongous Allocation) 1379M->1330M(2048M) 2.776ms
[138.057s][info][gc             ] GC(1125) Concurrent Mark Cycle
[138.057s][info][gc,cpu         ] GC(1124) User=0.00s Sys=0.00s Real=0.00s
[138.057s][info][gc,marking     ] GC(1125) Concurrent Scan Root Regions
[138.060s][info][gc,marking     ] GC(1125) Concurrent Scan Root Regions 2.130ms
[138.060s][info][gc,marking     ] GC(1125) Concurrent Mark
[138.060s][info][gc,marking     ] GC(1125) Concurrent Mark From Roots
[138.060s][info][gc,task        ] GC(1125) Using 8 workers of 8 for marking
[138.078s][info][gc,marking     ] GC(1125) Concurrent Mark From Roots 18.019ms
[138.078s][info][gc,marking     ] GC(1125) Concurrent Preclean
[138.078s][info][gc,marking     ] GC(1125) Concurrent Preclean 0.464ms
[138.078s][info][gc,start       ] GC(1125) Pause Remark
[138.082s][info][gc             ] GC(1125) Pause Remark 1633M->1633M(2048M) 3.117ms
[138.082s][info][gc,cpu         ] GC(1125) User=0.00s Sys=0.00s Real=0.00s
[138.082s][info][gc,marking     ] GC(1125) Concurrent Mark 22.044ms
[138.082s][info][gc,marking     ] GC(1125) Concurrent Rebuild Remembered Sets and Scrub Regions
[138.089s][info][gc,marking     ] GC(1125) Concurrent Rebuild Remembered Sets and Scrub Regions 7.089ms
[138.090s][info][gc,start       ] GC(1125) Pause Cleanup
[138.090s][info][gc             ] GC(1125) Pause Cleanup 1760M->1760M(2048M) 0.336ms
[138.090s][info][gc,cpu         ] GC(1125) User=0.02s Sys=0.00s Real=0.02s
[138.090s][info][gc,marking     ] GC(1125) Concurrent Clear Claimed Marks
[138.091s][info][gc,marking     ] GC(1125) Concurrent Clear Claimed Marks 0.208ms
[138.091s][info][gc,marking     ] GC(1125) Concurrent Cleanup for Next Mark
[138.093s][info][gc,marking     ] GC(1125) Concurrent Cleanup for Next Mark 2.455ms
[138.093s][info][gc             ] GC(1125) Concurrent Mark Cycle 35.602ms
[138.103s][info][gc,start       ] GC(1126) Pause Young (Prepare Mixed) (G1 Humongous Allocation)
[138.103s][info][gc,task        ] GC(1126) Using 33 workers of 33 for evacuation
[138.106s][info][gc,phases      ] GC(1126)   Pre Evacuate Collection Set: 0.3ms
[138.106s][info][gc,phases      ] GC(1126)   Merge Heap Roots: 0.8ms
[138.106s][info][gc,phases      ] GC(1126)   Evacuate Collection Set: 0.8ms
[138.106s][info][gc,phases      ] GC(1126)   Post Evacuate Collection Set: 0.7ms
[138.106s][info][gc,phases      ] GC(1126)   Other: 0.1ms
[138.106s][info][gc,heap        ] GC(1126) Eden regions: 563->0(586)
[138.106s][info][gc,heap        ] GC(1126) Survivor regions: 2->2(73)
[138.106s][info][gc,heap        ] GC(1126) Old regions: 57->58
[138.106s][info][gc,heap        ] GC(1126) Archive regions: 0->0
[138.106s][info][gc,heap        ] GC(1126) Humongous regions: 1353->1297
[138.106s][info][gc,metaspace   ] GC(1126) Metaspace: 128793K(130880K)->128793K(130880K) NonClass: 109756K(110464K)->109756K(110464K) Class: 19036K(20416K)->19036K(20416K)
[138.106s][info][gc             ] GC(1126) Pause Young (Prepare Mixed) (G1 Humongous Allocation) 1972M->1353M(2048M) 2.981ms
[138.106s][info][gc,cpu         ] GC(1126) User=0.02s Sys=0.00s Real=0.02s
[138.138s][info][gc,start       ] GC(1127) Pause Young (Mixed) (G1 Humongous Allocation)
[138.138s][info][gc,task        ] GC(1127) Using 33 workers of 33 for evacuation
[138.141s][info][gc,phases      ] GC(1127)   Pre Evacuate Collection Set: 0.3ms
[138.141s][info][gc,phases      ] GC(1127)   Merge Heap Roots: 0.2ms
[138.141s][info][gc,phases      ] GC(1127)   Evacuate Collection Set: 1.2ms
[138.141s][info][gc,phases      ] GC(1127)   Post Evacuate Collection Set: 0.7ms
[138.141s][info][gc,phases      ] GC(1127)   Other: 0.1ms
[138.141s][info][gc,heap        ] GC(1127) Eden regions: 458->0(599)
[138.141s][info][gc,heap        ] GC(1127) Survivor regions: 2->2(74)
[138.141s][info][gc,heap        ] GC(1127) Old regions: 58->56
[138.141s][info][gc,heap        ] GC(1127) Archive regions: 0->0
[138.141s][info][gc,heap        ] GC(1127) Humongous regions: 1396->1286
[138.141s][info][gc,metaspace   ] GC(1127) Metaspace: 128793K(130880K)->128793K(130880K) NonClass: 109756K(110464K)->109756K(110464K) Class: 19036K(20416K)->19036K(20416K)
[138.141s][info][gc             ] GC(1127) Pause Young (Mixed) (G1 Humongous Allocation) 1910M->1341M(2048M) 2.803ms
[138.141s][info][gc,cpu         ] GC(1127) User=0.00s Sys=0.00s Real=0.00s
[138.144s][info][gc,start       ] GC(1128) Pause Young (Concurrent Start) (G1 Humongous Allocation)
[138.144s][info][gc,task        ] GC(1128) Using 33 workers of 33 for evacuation
[138.147s][info][gc,phases      ] GC(1128)   Pre Evacuate Collection Set: 0.4ms
[138.147s][info][gc,phases      ] GC(1128)   Merge Heap Roots: 0.1ms
[138.147s][info][gc,phases      ] GC(1128)   Evacuate Collection Set: 2.0ms
[138.147s][info][gc,phases      ] GC(1128)   Post Evacuate Collection Set: 0.5ms
[138.147s][info][gc,phases      ] GC(1128)   Other: 0.1ms
[138.147s][info][gc,heap        ] GC(1128) Eden regions: 42->0(607)
[138.147s][info][gc,heap        ] GC(1128) Survivor regions: 2->2(76)
[138.147s][info][gc,heap        ] GC(1128) Old regions: 56->56
[138.147s][info][gc,heap        ] GC(1128) Archive regions: 0->0
[138.147s][info][gc,heap        ] GC(1128) Humongous regions: 1290->1278
[138.147s][info][gc,metaspace   ] GC(1128) Metaspace: 128793K(130880K)->128793K(130880K) NonClass: 109756K(110464K)->109756K(110464K) Class: 19036K(20416K)->19036K(20416K)
[138.147s][info][gc             ] GC(1128) Pause Young (Concurrent Start) (G1 Humongous Allocation) 1387M->1333M(2048M) 3.360ms
[138.147s][info][gc             ] GC(1129) Concurrent Mark Cycle
[138.147s][info][gc,cpu         ] GC(1128) User=0.00s Sys=0.00s Real=0.00s
[138.147s][info][gc,marking     ] GC(1129) Concurrent Scan Root Regions
[138.150s][info][gc,marking     ] GC(1129) Concurrent Scan Root Regions 2.144ms
[138.150s][info][gc,marking     ] GC(1129) Concurrent Mark
[138.150s][info][gc,marking     ] GC(1129) Concurrent Mark From Roots
[138.150s][info][gc,task        ] GC(1129) Using 8 workers of 8 for marking
[138.166s][info][gc,marking     ] GC(1129) Concurrent Mark From Roots 16.621ms
[138.166s][info][gc,marking     ] GC(1129) Concurrent Preclean
[138.167s][info][gc,marking     ] GC(1129) Concurrent Preclean 0.442ms
[138.167s][info][gc,start       ] GC(1129) Pause Remark
[138.170s][info][gc             ] GC(1129) Pause Remark 1554M->1554M(2048M) 3.065ms
[138.170s][info][gc,cpu         ] GC(1129) User=0.00s Sys=0.00s Real=0.00s
[138.170s][info][gc,marking     ] GC(1129) Concurrent Mark 20.556ms
[138.170s][info][gc,marking     ] GC(1129) Concurrent Rebuild Remembered Sets and Scrub Regions
[138.177s][info][gc,marking     ] GC(1129) Concurrent Rebuild Remembered Sets and Scrub Regions 6.746ms
[138.177s][info][gc,start       ] GC(1129) Pause Cleanup
[138.178s][info][gc             ] GC(1129) Pause Cleanup 1636M->1636M(2048M) 0.291ms
[138.178s][info][gc,cpu         ] GC(1129) User=0.00s Sys=0.00s Real=0.00s
[138.178s][info][gc,marking     ] GC(1129) Concurrent Clear Claimed Marks
[138.178s][info][gc,marking     ] GC(1129) Concurrent Clear Claimed Marks 0.172ms
[138.178s][info][gc,marking     ] GC(1129) Concurrent Cleanup for Next Mark
[138.181s][info][gc,marking     ] GC(1129) Concurrent Cleanup for Next Mark 2.921ms
[138.181s][info][gc             ] GC(1129) Concurrent Mark Cycle 33.370ms
[138.205s][info][gc,start       ] GC(1130) Pause Young (Prepare Mixed) (G1 Evacuation Pause)
[138.205s][info][gc,task        ] GC(1130) Using 33 workers of 33 for evacuation
[138.208s][info][gc,phases      ] GC(1130)   Pre Evacuate Collection Set: 0.3ms
[138.208s][info][gc,phases      ] GC(1130)   Merge Heap Roots: 0.8ms
[138.208s][info][gc,phases      ] GC(1130)   Evacuate Collection Set: 0.8ms
[138.208s][info][gc,phases      ] GC(1130)   Post Evacuate Collection Set: 0.8ms
[138.208s][info][gc,phases      ] GC(1130)   Other: 0.1ms
[138.208s][info][gc,heap        ] GC(1130) Eden regions: 607->0(608)
[138.208s][info][gc,heap        ] GC(1130) Survivor regions: 2->2(67)
[138.208s][info][gc,heap        ] GC(1130) Old regions: 56->56
[138.208s][info][gc,heap        ] GC(1130) Archive regions: 0->0
[138.208s][info][gc,heap        ] GC(1130) Humongous regions: 1316->1277
[138.208s][info][gc,metaspace   ] GC(1130) Metaspace: 128793K(130880K)->128793K(130880K) NonClass: 109756K(110464K)->109756K(110464K) Class: 19036K(20416K)->19036K(20416K)
[138.208s][info][gc             ] GC(1130) Pause Young (Prepare Mixed) (G1 Evacuation Pause) 1978M->1332M(2048M) 3.159ms
[138.208s][info][gc,cpu         ] GC(1130) User=0.00s Sys=0.00s Real=0.00s
[138.248s][info][gc,start       ] GC(1131) Pause Young (Mixed) (G1 Evacuation Pause)
[138.248s][info][gc,task        ] GC(1131) Using 33 workers of 33 for evacuation
[138.251s][info][gc,phases      ] GC(1131)   Pre Evacuate Collection Set: 0.3ms
[138.252s][info][gc,phases      ] GC(1131)   Merge Heap Roots: 0.3ms
[138.252s][info][gc,phases      ] GC(1131)   Evacuate Collection Set: 1.3ms
[138.252s][info][gc,phases      ] GC(1131)   Post Evacuate Collection Set: 0.9ms
[138.252s][info][gc,phases      ] GC(1131)   Other: 0.2ms
[138.252s][info][gc,heap        ] GC(1131) Eden regions: 608->0(599)
[138.252s][info][gc,heap        ] GC(1131) Survivor regions: 2->2(77)
[138.252s][info][gc,heap        ] GC(1131) Old regions: 56->55
[138.252s][info][gc,heap        ] GC(1131) Archive regions: 0->0
[138.252s][info][gc,heap        ] GC(1131) Humongous regions: 1298->1287
[138.252s][info][gc,metaspace   ] GC(1131) Metaspace: 128793K(130880K)->128793K(130880K) NonClass: 109756K(110464K)->109756K(110464K) Class: 19036K(20416K)->19036K(20416K)
[138.252s][info][gc             ] GC(1131) Pause Young (Mixed) (G1 Evacuation Pause) 1961M->1341M(2048M) 3.530ms
[138.252s][info][gc,cpu         ] GC(1131) User=0.00s Sys=0.00s Real=0.00s
[138.258s][info][gc,start       ] GC(1132) Pause Young (Concurrent Start) (G1 Humongous Allocation)
[138.258s][info][gc,task        ] GC(1132) Using 33 workers of 33 for evacuation
[138.262s][info][gc,phases      ] GC(1132)   Pre Evacuate Collection Set: 0.5ms
[138.262s][info][gc,phases      ] GC(1132)   Merge Heap Roots: 0.1ms
[138.262s][info][gc,phases      ] GC(1132)   Evacuate Collection Set: 2.0ms
[138.262s][info][gc,phases      ] GC(1132)   Post Evacuate Collection Set: 0.8ms
[138.262s][info][gc,phases      ] GC(1132)   Other: 0.1ms
[138.262s][info][gc,heap        ] GC(1132) Eden regions: 98->0(599)
[138.262s][info][gc,heap        ] GC(1132) Survivor regions: 2->2(76)
[138.262s][info][gc,heap        ] GC(1132) Old regions: 55->55
[138.262s][info][gc,heap        ] GC(1132) Archive regions: 0->0
[138.262s][info][gc,heap        ] GC(1132) Humongous regions: 1287->1287
[138.262s][info][gc,metaspace   ] GC(1132) Metaspace: 128793K(130880K)->128793K(130880K) NonClass: 109756K(110464K)->109756K(110464K) Class: 19036K(20416K)->19036K(20416K)
[138.262s][info][gc             ] GC(1132) Pause Young (Concurrent Start) (G1 Humongous Allocation) 1439M->1340M(2048M) 4.018ms
[138.262s][info][gc             ] GC(1133) Concurrent Mark Cycle
[138.262s][info][gc,marking     ] GC(1133) Concurrent Scan Root Regions
[138.262s][info][gc,cpu         ] GC(1132) User=0.00s Sys=0.00s Real=0.00s
[138.265s][info][gc,marking     ] GC(1133) Concurrent Scan Root Regions 3.022ms
[138.266s][info][gc,marking     ] GC(1133) Concurrent Mark
[138.266s][info][gc,marking     ] GC(1133) Concurrent Mark From Roots
[138.266s][info][gc,task        ] GC(1133) Using 8 workers of 8 for marking
[138.285s][info][gc,marking     ] GC(1133) Concurrent Mark From Roots 19.403ms
[138.285s][info][gc,marking     ] GC(1133) Concurrent Preclean
[138.286s][info][gc,marking     ] GC(1133) Concurrent Preclean 0.553ms
[138.286s][info][gc,start       ] GC(1133) Pause Remark
[138.289s][info][gc             ] GC(1133) Pause Remark 1643M->1643M(2048M) 3.201ms
[138.289s][info][gc,cpu         ] GC(1133) User=0.00s Sys=0.00s Real=0.00s
[138.289s][info][gc,marking     ] GC(1133) Concurrent Mark 23.646ms
[138.289s][info][gc,marking     ] GC(1133) Concurrent Rebuild Remembered Sets and Scrub Regions
[138.296s][info][gc,marking     ] GC(1133) Concurrent Rebuild Remembered Sets and Scrub Regions 6.352ms
[138.296s][info][gc,start       ] GC(1133) Pause Cleanup
[138.296s][info][gc             ] GC(1133) Pause Cleanup 1722M->1722M(2048M) 0.303ms
[138.296s][info][gc,cpu         ] GC(1133) User=0.00s Sys=0.00s Real=0.00s
[138.296s][info][gc,marking     ] GC(1133) Concurrent Clear Claimed Marks
[138.296s][info][gc,marking     ] GC(1133) Concurrent Clear Claimed Marks 0.183ms
[138.296s][info][gc,marking     ] GC(1133) Concurrent Cleanup for Next Mark
[138.299s][info][gc,marking     ] GC(1133) Concurrent Cleanup for Next Mark 2.152ms
[138.299s][info][gc             ] GC(1133) Concurrent Mark Cycle 36.264ms
[138.313s][info][gc,start       ] GC(1134) Pause Young (Prepare Mixed) (G1 Evacuation Pause)
[138.313s][info][gc,task        ] GC(1134) Using 33 workers of 33 for evacuation
[138.316s][info][gc,phases      ] GC(1134)   Pre Evacuate Collection Set: 0.3ms
[138.316s][info][gc,phases      ] GC(1134)   Merge Heap Roots: 0.8ms
[138.316s][info][gc,phases      ] GC(1134)   Evacuate Collection Set: 0.8ms
[138.316s][info][gc,phases      ] GC(1134)   Post Evacuate Collection Set: 0.8ms
[138.316s][info][gc,phases      ] GC(1134)   Other: 0.2ms
[138.316s][info][gc,heap        ] GC(1134) Eden regions: 599->0(614)
[138.317s][info][gc,heap        ] GC(1134) Survivor regions: 2->2(67)
[138.317s][info][gc,heap        ] GC(1134) Old regions: 55->55
[138.317s][info][gc,heap        ] GC(1134) Archive regions: 0->0
[138.317s][info][gc,heap        ] GC(1134) Humongous regions: 1325->1272
[138.317s][info][gc,metaspace   ] GC(1134) Metaspace: 128793K(130880K)->128793K(130880K) NonClass: 109756K(110464K)->109756K(110464K) Class: 19036K(20416K)->19036K(20416K)
[138.317s][info][gc             ] GC(1134) Pause Young (Prepare Mixed) (G1 Evacuation Pause) 1977M->1325M(2048M) 3.325ms
[138.317s][info][gc,cpu         ] GC(1134) User=0.00s Sys=0.00s Real=0.00s
[138.354s][info][gc,start       ] GC(1135) Pause Young (Mixed) (G1 Evacuation Pause)
[138.354s][info][gc,task        ] GC(1135) Using 33 workers of 33 for evacuation
[138.357s][info][gc,phases      ] GC(1135)   Pre Evacuate Collection Set: 0.3ms
[138.357s][info][gc,phases      ] GC(1135)   Merge Heap Roots: 0.3ms
[138.357s][info][gc,phases      ] GC(1135)   Evacuate Collection Set: 1.2ms
[138.357s][info][gc,phases      ] GC(1135)   Post Evacuate Collection Set: 0.7ms
[138.357s][info][gc,phases      ] GC(1135)   Other: 0.1ms
[138.357s][info][gc,heap        ] GC(1135) Eden regions: 614->0(610)
[138.357s][info][gc,heap        ] GC(1135) Survivor regions: 2->2(77)
[138.357s][info][gc,heap        ] GC(1135) Old regions: 55->54
[138.357s][info][gc,heap        ] GC(1135) Archive regions: 0->0
[138.357s][info][gc,heap        ] GC(1135) Humongous regions: 1280->1277
[138.357s][info][gc,metaspace   ] GC(1135) Metaspace: 128793K(130880K)->128793K(130880K) NonClass: 109756K(110464K)->109756K(110464K) Class: 19036K(20416K)->19036K(20416K)
[138.357s][info][gc             ] GC(1135) Pause Young (Mixed) (G1 Evacuation Pause) 1947M->1329M(2048M) 2.819ms
[138.357s][info][gc,cpu         ] GC(1135) User=0.00s Sys=0.00s Real=0.00s
[138.360s][info][gc,start       ] GC(1136) Pause Young (Concurrent Start) (G1 Humongous Allocation)
[138.360s][info][gc,task        ] GC(1136) Using 33 workers of 33 for evacuation
[138.362s][info][gc,phases      ] GC(1136)   Pre Evacuate Collection Set: 0.4ms
[138.363s][info][gc,phases      ] GC(1136)   Merge Heap Roots: 0.1ms
[138.363s][info][gc,phases      ] GC(1136)   Evacuate Collection Set: 1.8ms
[138.363s][info][gc,phases      ] GC(1136)   Post Evacuate Collection Set: 0.5ms
[138.363s][info][gc,phases      ] GC(1136)   Other: 0.1ms
[138.363s][info][gc,heap        ] GC(1136) Eden regions: 41->0(610)
[138.363s][info][gc,heap        ] GC(1136) Survivor regions: 2->2(77)
[138.363s][info][gc,heap        ] GC(1136) Old regions: 54->54
[138.363s][info][gc,heap        ] GC(1136) Archive regions: 0->0
[138.363s][info][gc,heap        ] GC(1136) Humongous regions: 1277->1277
[138.363s][info][gc,metaspace   ] GC(1136) Metaspace: 128793K(130880K)->128793K(130880K) NonClass: 109756K(110464K)->109756K(110464K) Class: 19036K(20416K)->19036K(20416K)
[138.363s][info][gc             ] GC(1136) Pause Young (Concurrent Start) (G1 Humongous Allocation) 1370M->1329M(2048M) 3.099ms
[138.363s][info][gc             ] GC(1137) Concurrent Mark Cycle
[138.363s][info][gc,cpu         ] GC(1136) User=0.00s Sys=0.00s Real=0.00s
[138.363s][info][gc,marking     ] GC(1137) Concurrent Scan Root Regions
[138.365s][info][gc,marking     ] GC(1137) Concurrent Scan Root Regions 1.867ms
[138.365s][info][gc,marking     ] GC(1137) Concurrent Mark
[138.365s][info][gc,marking     ] GC(1137) Concurrent Mark From Roots
[138.365s][info][gc,task        ] GC(1137) Using 8 workers of 8 for marking
[138.381s][info][gc,marking     ] GC(1137) Concurrent Mark From Roots 15.892ms
[138.381s][info][gc,marking     ] GC(1137) Concurrent Preclean
[138.381s][info][gc,marking     ] GC(1137) Concurrent Preclean 0.375ms
[138.381s][info][gc,start       ] GC(1137) Pause Remark
[138.384s][info][gc             ] GC(1137) Pause Remark 1542M->1542M(2048M) 2.909ms
[138.384s][info][gc,cpu         ] GC(1137) User=0.00s Sys=0.00s Real=0.00s
[138.384s][info][gc,marking     ] GC(1137) Concurrent Mark 19.585ms
[138.384s][info][gc,marking     ] GC(1137) Concurrent Rebuild Remembered Sets and Scrub Regions
[138.391s][info][gc,marking     ] GC(1137) Concurrent Rebuild Remembered Sets and Scrub Regions 6.478ms
[138.391s][info][gc,start       ] GC(1137) Pause Cleanup
[138.391s][info][gc             ] GC(1137) Pause Cleanup 1624M->1624M(2048M) 0.268ms
[138.391s][info][gc,cpu         ] GC(1137) User=0.00s Sys=0.00s Real=0.00s
[138.391s][info][gc,marking     ] GC(1137) Concurrent Clear Claimed Marks
[138.391s][info][gc,marking     ] GC(1137) Concurrent Clear Claimed Marks 0.169ms
[138.391s][info][gc,marking     ] GC(1137) Concurrent Cleanup for Next Mark
[138.394s][info][gc,marking     ] GC(1137) Concurrent Cleanup for Next Mark 2.186ms
[138.394s][info][gc             ] GC(1137) Concurrent Mark Cycle 30.954ms
[138.412s][info][gc,start       ] GC(1138) Pause Young (Prepare Mixed) (G1 Evacuation Pause)
[138.412s][info][gc,task        ] GC(1138) Using 33 workers of 33 for evacuation
[138.415s][info][gc,phases      ] GC(1138)   Pre Evacuate Collection Set: 0.3ms
[138.415s][info][gc,phases      ] GC(1138)   Merge Heap Roots: 0.8ms
[138.415s][info][gc,phases      ] GC(1138)   Evacuate Collection Set: 0.8ms
[138.415s][info][gc,phases      ] GC(1138)   Post Evacuate Collection Set: 0.8ms
[138.415s][info][gc,phases      ] GC(1138)   Other: 0.2ms
[138.415s][info][gc,heap        ] GC(1138) Eden regions: 610->0(600)
[138.415s][info][gc,heap        ] GC(1138) Survivor regions: 2->2(77)
[138.415s][info][gc,heap        ] GC(1138) Old regions: 54->54
[138.415s][info][gc,heap        ] GC(1138) Archive regions: 0->0
[138.415s][info][gc,heap        ] GC(1138) Humongous regions: 1297->1287
[138.415s][info][gc,metaspace   ] GC(1138) Metaspace: 128793K(130880K)->128793K(130880K) NonClass: 109756K(110464K)->109756K(110464K) Class: 19036K(20416K)->19036K(20416K)
[138.415s][info][gc             ] GC(1138) Pause Young (Prepare Mixed) (G1 Evacuation Pause) 1959M->1339M(2048M) 3.194ms
[138.415s][info][gc,cpu         ] GC(1138) User=0.00s Sys=0.00s Real=0.00s
[138.462s][info][gc,start       ] GC(1139) Pause Young (Mixed) (G1 Evacuation Pause)
[138.462s][info][gc,task        ] GC(1139) Using 33 workers of 33 for evacuation
[138.465s][info][gc,phases      ] GC(1139)   Pre Evacuate Collection Set: 0.4ms
[138.465s][info][gc,phases      ] GC(1139)   Merge Heap Roots: 0.2ms
[138.465s][info][gc,phases      ] GC(1139)   Evacuate Collection Set: 1.0ms
[138.465s][info][gc,phases      ] GC(1139)   Post Evacuate Collection Set: 0.8ms
[138.465s][info][gc,phases      ] GC(1139)   Other: 0.3ms
[138.465s][info][gc,heap        ] GC(1139) Eden regions: 600->0(628)
[138.465s][info][gc,heap        ] GC(1139) Survivor regions: 2->2(76)
[138.465s][info][gc,heap        ] GC(1139) Old regions: 54->53
[138.465s][info][gc,heap        ] GC(1139) Archive regions: 0->0
[138.465s][info][gc,heap        ] GC(1139) Humongous regions: 1310->1260
[138.465s][info][gc,metaspace   ] GC(1139) Metaspace: 128793K(130880K)->128793K(130880K) NonClass: 109756K(110464K)->109756K(110464K) Class: 19036K(20416K)->19036K(20416K)
[138.465s][info][gc             ] GC(1139) Pause Young (Mixed) (G1 Evacuation Pause) 1962M->1311M(2048M) 3.179ms
[138.465s][info][gc,cpu         ] GC(1139) User=0.03s Sys=0.00s Real=0.01s
[138.469s][info][gc,start       ] GC(1140) Pause Young (Concurrent Start) (G1 Humongous Allocation)
[138.469s][info][gc,task        ] GC(1140) Using 33 workers of 33 for evacuation
[138.472s][info][gc,phases      ] GC(1140)   Pre Evacuate Collection Set: 0.5ms
[138.472s][info][gc,phases      ] GC(1140)   Merge Heap Roots: 0.1ms
[138.472s][info][gc,phases      ] GC(1140)   Evacuate Collection Set: 1.5ms
[138.472s][info][gc,phases      ] GC(1140)   Post Evacuate Collection Set: 0.7ms
[138.472s][info][gc,phases      ] GC(1140)   Other: 0.1ms
[138.472s][info][gc,heap        ] GC(1140) Eden regions: 38->0(628)
[138.472s][info][gc,heap        ] GC(1140) Survivor regions: 2->2(79)
[138.472s][info][gc,heap        ] GC(1140) Old regions: 53->53
[138.472s][info][gc,heap        ] GC(1140) Archive regions: 0->0
[138.472s][info][gc,heap        ] GC(1140) Humongous regions: 1260->1260
[138.472s][info][gc,metaspace   ] GC(1140) Metaspace: 128793K(130880K)->128793K(130880K) NonClass: 109756K(110464K)->109756K(110464K) Class: 19036K(20416K)->19036K(20416K)
[138.472s][info][gc             ] GC(1140) Pause Young (Concurrent Start) (G1 Humongous Allocation) 1349M->1311M(2048M) 3.289ms
[138.472s][info][gc             ] GC(1141) Concurrent Mark Cycle
[138.472s][info][gc,marking     ] GC(1141) Concurrent Scan Root Regions
[138.472s][info][gc,cpu         ] GC(1140) User=0.00s Sys=0.00s Real=0.00s
[138.474s][info][gc,marking     ] GC(1141) Concurrent Scan Root Regions 1.738ms
[138.474s][info][gc,marking     ] GC(1141) Concurrent Mark
[138.474s][info][gc,marking     ] GC(1141) Concurrent Mark From Roots
[138.474s][info][gc,task        ] GC(1141) Using 8 workers of 8 for marking
[138.492s][info][gc,marking     ] GC(1141) Concurrent Mark From Roots 18.370ms
[138.492s][info][gc,marking     ] GC(1141) Concurrent Preclean
[138.493s][info][gc,marking     ] GC(1141) Concurrent Preclean 0.297ms
[138.493s][info][gc,start       ] GC(1141) Pause Remark
[138.496s][info][gc             ] GC(1141) Pause Remark 1442M->1410M(2048M) 3.285ms
[138.496s][info][gc,cpu         ] GC(1141) User=0.00s Sys=0.00s Real=0.00s
[138.496s][info][gc,marking     ] GC(1141) Concurrent Mark 22.376ms
[138.496s][info][gc,marking     ] GC(1141) Concurrent Rebuild Remembered Sets and Scrub Regions
[138.502s][info][gc,marking     ] GC(1141) Concurrent Rebuild Remembered Sets and Scrub Regions 5.856ms
[138.502s][info][gc,start       ] GC(1141) Pause Cleanup
[138.503s][info][gc             ] GC(1141) Pause Cleanup 1448M->1448M(2048M) 0.326ms
[138.503s][info][gc,cpu         ] GC(1141) User=0.00s Sys=0.00s Real=0.00s
[138.503s][info][gc,marking     ] GC(1141) Concurrent Clear Claimed Marks
[138.503s][info][gc,marking     ] GC(1141) Concurrent Clear Claimed Marks 0.149ms
[138.503s][info][gc,marking     ] GC(1141) Concurrent Cleanup for Next Mark
[138.505s][info][gc,marking     ] GC(1141) Concurrent Cleanup for Next Mark 1.952ms
[138.505s][info][gc             ] GC(1141) Concurrent Mark Cycle 32.946ms
[138.954s][info][gc,start       ] GC(1142) Pause Full (System.gc())
[138.980s][info][gc,task        ] GC(1142) Using 33 workers of 33 for full compaction
[138.981s][info][gc,phases,start] GC(1142) Phase 1: Mark live objects
[139.022s][info][gc,phases      ] GC(1142) Phase 1: Mark live objects 40.615ms
[139.022s][info][gc,phases,start] GC(1142) Phase 2: Prepare compaction
[139.026s][info][gc,phases      ] GC(1142) Phase 2: Prepare compaction 3.818ms
[139.026s][info][gc,phases,start] GC(1142) Phase 3: Adjust pointers
[139.038s][info][gc,phases      ] GC(1142) Phase 3: Adjust pointers 12.785ms
[139.038s][info][gc,phases,start] GC(1142) Phase 4: Compact heap
[139.039s][info][gc,phases      ] GC(1142) Phase 4: Compact heap 0.758ms
[139.055s][info][gc,heap        ] GC(1142) Eden regions: 380->0(867)
[139.055s][info][gc,heap        ] GC(1142) Survivor regions: 2->0(79)
[139.055s][info][gc,heap        ] GC(1142) Old regions: 53->70
[139.055s][info][gc,heap        ] GC(1142) Archive regions: 0->0
[139.055s][info][gc,heap        ] GC(1142) Humongous regions: 1248->1008
[139.055s][info][gc,metaspace   ] GC(1142) Metaspace: 128799K(130880K)->128799K(130880K) NonClass: 109763K(110464K)->109763K(110464K) Class: 19036K(20416K)->19036K(20416K)
[139.055s][info][gc             ] GC(1142) Pause Full (System.gc()) 1679M->1054M(2048M) 101.380ms
[139.055s][info][gc,cpu         ] GC(1142) User=1.41s Sys=0.02s Real=0.09s
[139.113s][info][gc,start       ] GC(1143) Pause Young (Concurrent Start) (G1 Humongous Allocation)
[139.113s][info][gc,task        ] GC(1143) Using 33 workers of 33 for evacuation
[139.117s][info][gc,phases      ] GC(1143)   Pre Evacuate Collection Set: 0.6ms
[139.117s][info][gc,phases      ] GC(1143)   Merge Heap Roots: 0.1ms
[139.117s][info][gc,phases      ] GC(1143)   Evacuate Collection Set: 2.1ms
[139.117s][info][gc,phases      ] GC(1143)   Post Evacuate Collection Set: 0.9ms
[139.117s][info][gc,phases      ] GC(1143)   Other: 0.2ms
[139.117s][info][gc,heap        ] GC(1143) Eden regions: 9->0(865)
[139.117s][info][gc,heap        ] GC(1143) Survivor regions: 0->1(109)
[139.117s][info][gc,heap        ] GC(1143) Old regions: 70->70
[139.117s][info][gc,heap        ] GC(1143) Archive regions: 0->0
[139.117s][info][gc,heap        ] GC(1143) Humongous regions: 1008->1008
[139.117s][info][gc,metaspace   ] GC(1143) Metaspace: 128832K(130880K)->128832K(130880K) NonClass: 109795K(110464K)->109795K(110464K) Class: 19036K(20416K)->19036K(20416K)
[139.117s][info][gc             ] GC(1143) Pause Young (Concurrent Start) (G1 Humongous Allocation) 1062M->1054M(2048M) 4.354ms
[139.117s][info][gc             ] GC(1144) Concurrent Mark Cycle
[139.117s][info][gc,cpu         ] GC(1143) User=0.00s Sys=0.00s Real=0.00s
[139.117s][info][gc,marking     ] GC(1144) Concurrent Scan Root Regions
[139.121s][info][gc,marking     ] GC(1144) Concurrent Scan Root Regions 4.068ms
[139.121s][info][gc,marking     ] GC(1144) Concurrent Mark
[139.121s][info][gc,marking     ] GC(1144) Concurrent Mark From Roots
[139.121s][info][gc,task        ] GC(1144) Using 8 workers of 8 for marking
[139.149s][info][gc,marking     ] GC(1144) Concurrent Mark From Roots 28.023ms
[139.150s][info][gc,marking     ] GC(1144) Concurrent Preclean
[139.151s][info][gc,marking     ] GC(1144) Concurrent Preclean 1.824ms
[139.152s][info][gc,start       ] GC(1144) Pause Remark
[139.156s][info][gc             ] GC(1144) Pause Remark 1214M->1214M(2048M) 3.760ms
[139.156s][info][gc,cpu         ] GC(1144) User=0.00s Sys=0.00s Real=0.00s
[139.156s][info][gc,marking     ] GC(1144) Concurrent Mark 34.525ms
[139.156s][info][gc,marking     ] GC(1144) Concurrent Rebuild Remembered Sets and Scrub Regions
[139.169s][info][gc,marking     ] GC(1144) Concurrent Rebuild Remembered Sets and Scrub Regions 13.182ms
[139.170s][info][gc,start       ] GC(1144) Pause Cleanup
[139.170s][info][gc             ] GC(1144) Pause Cleanup 1393M->1393M(2048M) 0.575ms
[139.170s][info][gc,cpu         ] GC(1144) User=0.00s Sys=0.00s Real=0.00s
[139.171s][info][gc,marking     ] GC(1144) Concurrent Clear Claimed Marks
[139.171s][info][gc,marking     ] GC(1144) Concurrent Clear Claimed Marks 0.901ms
[139.171s][info][gc,marking     ] GC(1144) Concurrent Cleanup for Next Mark
[139.180s][info][gc,marking     ] GC(1144) Concurrent Cleanup for Next Mark 8.294ms
[139.180s][info][gc             ] GC(1144) Concurrent Mark Cycle 63.171ms
[139.211s][info][gc,start       ] GC(1145) Pause Young (Prepare Mixed) (G1 Evacuation Pause)
[139.211s][info][gc,task        ] GC(1145) Using 33 workers of 33 for evacuation
[139.215s][info][gc,phases      ] GC(1145)   Pre Evacuate Collection Set: 0.3ms
[139.215s][info][gc,phases      ] GC(1145)   Merge Heap Roots: 0.9ms
[139.215s][info][gc,phases      ] GC(1145)   Evacuate Collection Set: 1.6ms
[139.215s][info][gc,phases      ] GC(1145)   Post Evacuate Collection Set: 0.9ms
[139.215s][info][gc,phases      ] GC(1145)   Other: 0.1ms
[139.215s][info][gc,heap        ] GC(1145) Eden regions: 865->0(844)
[139.215s][info][gc,heap        ] GC(1145) Survivor regions: 1->12(100)
[139.215s][info][gc,heap        ] GC(1145) Old regions: 69->69
[139.215s][info][gc,heap        ] GC(1145) Archive regions: 0->0
[139.215s][info][gc,heap        ] GC(1145) Humongous regions: 1013->1008
[139.215s][info][gc,metaspace   ] GC(1145) Metaspace: 128833K(130880K)->128833K(130880K) NonClass: 109796K(110464K)->109796K(110464K) Class: 19036K(20416K)->19036K(20416K)
[139.215s][info][gc             ] GC(1145) Pause Young (Prepare Mixed) (G1 Evacuation Pause) 1924M->1066M(2048M) 4.135ms
[139.215s][info][gc,cpu         ] GC(1145) User=0.56s Sys=0.00s Real=0.02s
[139.276s][info][gc,start       ] GC(1146) Pause Young (Mixed) (G1 Evacuation Pause)
[139.276s][info][gc,task        ] GC(1146) Using 33 workers of 33 for evacuation
[139.279s][info][gc,phases      ] GC(1146)   Pre Evacuate Collection Set: 0.3ms
[139.279s][info][gc,phases      ] GC(1146)   Merge Heap Roots: 0.3ms
[139.279s][info][gc,phases      ] GC(1146)   Evacuate Collection Set: 1.8ms
[139.279s][info][gc,phases      ] GC(1146)   Post Evacuate Collection Set: 0.8ms
[139.279s][info][gc,phases      ] GC(1146)   Other: 0.1ms
[139.279s][info][gc,heap        ] GC(1146) Eden regions: 844->0(832)
[139.279s][info][gc,heap        ] GC(1146) Survivor regions: 12->13(100)
[139.279s][info][gc,heap        ] GC(1146) Old regions: 69->66
[139.279s][info][gc,heap        ] GC(1146) Archive regions: 0->0
[139.279s][info][gc,heap        ] GC(1146) Humongous regions: 1023->1021
[139.279s][info][gc,metaspace   ] GC(1146) Metaspace: 128833K(130880K)->128833K(130880K) NonClass: 109796K(110464K)->109796K(110464K) Class: 19036K(20416K)->19036K(20416K)
[139.279s][info][gc             ] GC(1146) Pause Young (Mixed) (G1 Evacuation Pause) 1925M->1079M(2048M) 3.545ms
[139.279s][info][gc,cpu         ] GC(1146) User=0.00s Sys=0.00s Real=0.00s
[139.283s][info][gc,start       ] GC(1147) Pause Young (Concurrent Start) (G1 Humongous Allocation)
[139.283s][info][gc,task        ] GC(1147) Using 33 workers of 33 for evacuation
[139.286s][info][gc,phases      ] GC(1147)   Pre Evacuate Collection Set: 0.4ms
[139.286s][info][gc,phases      ] GC(1147)   Merge Heap Roots: 0.1ms
[139.286s][info][gc,phases      ] GC(1147)   Evacuate Collection Set: 1.8ms
[139.286s][info][gc,phases      ] GC(1147)   Post Evacuate Collection Set: 0.6ms
[139.286s][info][gc,phases      ] GC(1147)   Other: 0.1ms
[139.286s][info][gc,heap        ] GC(1147) Eden regions: 60->0(836)
[139.286s][info][gc,heap        ] GC(1147) Survivor regions: 13->12(106)
[139.286s][info][gc,heap        ] GC(1147) Old regions: 66->66
[139.286s][info][gc,heap        ] GC(1147) Archive regions: 0->0
[139.286s][info][gc,heap        ] GC(1147) Humongous regions: 1021->1019
[139.286s][info][gc,metaspace   ] GC(1147) Metaspace: 128833K(130880K)->128833K(130880K) NonClass: 109796K(110464K)->109796K(110464K) Class: 19036K(20416K)->19036K(20416K)
[139.286s][info][gc             ] GC(1147) Pause Young (Concurrent Start) (G1 Humongous Allocation) 1139M->1077M(2048M) 3.197ms
[139.287s][info][gc             ] GC(1148) Concurrent Mark Cycle
[139.287s][info][gc,marking     ] GC(1148) Concurrent Scan Root Regions
[139.287s][info][gc,cpu         ] GC(1147) User=0.02s Sys=0.00s Real=0.02s
[139.306s][info][gc,marking     ] GC(1148) Concurrent Scan Root Regions 18.946ms
[139.306s][info][gc,marking     ] GC(1148) Concurrent Mark
[139.306s][info][gc,marking     ] GC(1148) Concurrent Mark From Roots
[139.306s][info][gc,task        ] GC(1148) Using 8 workers of 8 for marking
[139.347s][info][gc,start       ] GC(1149) Pause Young (Normal) (G1 Evacuation Pause)
[139.347s][info][gc,task        ] GC(1149) Using 33 workers of 33 for evacuation
[139.349s][info][gc,phases      ] GC(1149)   Pre Evacuate Collection Set: 0.3ms
[139.349s][info][gc,phases      ] GC(1149)   Merge Heap Roots: 0.3ms
[139.349s][info][gc,phases      ] GC(1149)   Evacuate Collection Set: 1.3ms
[139.349s][info][gc,phases      ] GC(1149)   Post Evacuate Collection Set: 0.7ms
[139.349s][info][gc,phases      ] GC(1149)   Other: 0.1ms
[139.349s][info][gc,heap        ] GC(1149) Eden regions: 836->0(833)
[139.349s][info][gc,heap        ] GC(1149) Survivor regions: 12->10(105)
[139.349s][info][gc,heap        ] GC(1149) Old regions: 66->66
[139.349s][info][gc,heap        ] GC(1149) Archive regions: 0->0
[139.349s][info][gc,heap        ] GC(1149) Humongous regions: 1029->1026
[139.349s][info][gc,metaspace   ] GC(1149) Metaspace: 128833K(130880K)->128833K(130880K) NonClass: 109796K(110464K)->109796K(110464K) Class: 19036K(20416K)->19036K(20416K)
[139.349s][info][gc             ] GC(1149) Pause Young (Normal) (G1 Evacuation Pause) 1923M->1082M(2048M) 2.933ms
[139.350s][info][gc,cpu         ] GC(1149) User=0.00s Sys=0.00s Real=0.00s
[139.363s][info][gc,marking     ] GC(1148) Concurrent Mark From Roots 56.439ms
[139.363s][info][gc,marking     ] GC(1148) Concurrent Preclean
[139.366s][info][gc,marking     ] GC(1148) Concurrent Preclean 2.825ms
[139.366s][info][gc,start       ] GC(1148) Pause Remark
[139.370s][info][gc             ] GC(1148) Pause Remark 1332M->1332M(2048M) 3.243ms
[139.370s][info][gc,cpu         ] GC(1148) User=0.52s Sys=0.00s Real=0.02s
[139.370s][info][gc,marking     ] GC(1148) Concurrent Mark 63.880ms
[139.370s][info][gc,marking     ] GC(1148) Concurrent Rebuild Remembered Sets and Scrub Regions
[139.393s][info][gc,marking     ] GC(1148) Concurrent Rebuild Remembered Sets and Scrub Regions 22.459ms
[139.393s][info][gc,start       ] GC(1148) Pause Cleanup
[139.394s][info][gc             ] GC(1148) Pause Cleanup 1677M->1677M(2048M) 0.382ms
[139.394s][info][gc,cpu         ] GC(1148) User=0.00s Sys=0.00s Real=0.00s
[139.394s][info][gc,marking     ] GC(1148) Concurrent Clear Claimed Marks
[139.396s][info][gc,marking     ] GC(1148) Concurrent Clear Claimed Marks 1.633ms
[139.396s][info][gc,marking     ] GC(1148) Concurrent Cleanup for Next Mark
[139.406s][info][gc,marking     ] GC(1148) Concurrent Cleanup for Next Mark 9.726ms
[139.406s][info][gc             ] GC(1148) Concurrent Mark Cycle 119.894ms
[139.415s][info][gc,start       ] GC(1150) Pause Young (Prepare Mixed) (G1 Evacuation Pause)
[139.415s][info][gc,task        ] GC(1150) Using 33 workers of 33 for evacuation
[139.418s][info][gc,phases      ] GC(1150)   Pre Evacuate Collection Set: 0.3ms
[139.418s][info][gc,phases      ] GC(1150)   Merge Heap Roots: 0.8ms
[139.418s][info][gc,phases      ] GC(1150)   Evacuate Collection Set: 1.3ms
[139.418s][info][gc,phases      ] GC(1150)   Post Evacuate Collection Set: 0.8ms
[139.418s][info][gc,phases      ] GC(1150)   Other: 0.2ms
[139.418s][info][gc,heap        ] GC(1150) Eden regions: 833->0(815)
[139.418s][info][gc,heap        ] GC(1150) Survivor regions: 10->10(80)
[139.418s][info][gc,heap        ] GC(1150) Old regions: 66->66
[139.418s][info][gc,heap        ] GC(1150) Archive regions: 0->0
[139.418s][info][gc,heap        ] GC(1150) Humongous regions: 1059->1044
[139.418s][info][gc,metaspace   ] GC(1150) Metaspace: 128833K(130880K)->128833K(130880K) NonClass: 109796K(110464K)->109796K(110464K) Class: 19036K(20416K)->19036K(20416K)
[139.418s][info][gc             ] GC(1150) Pause Young (Prepare Mixed) (G1 Evacuation Pause) 1948M->1099M(2048M) 3.510ms
[139.419s][info][gc,cpu         ] GC(1150) User=0.00s Sys=0.03s Real=0.02s
[139.476s][info][gc,start       ] GC(1151) Pause Young (Mixed) (G1 Evacuation Pause)
[139.476s][info][gc,task        ] GC(1151) Using 33 workers of 33 for evacuation
[139.479s][info][gc,phases      ] GC(1151)   Pre Evacuate Collection Set: 0.3ms
[139.479s][info][gc,phases      ] GC(1151)   Merge Heap Roots: 0.3ms
[139.479s][info][gc,phases      ] GC(1151)   Evacuate Collection Set: 1.7ms
[139.479s][info][gc,phases      ] GC(1151)   Post Evacuate Collection Set: 0.7ms
[139.479s][info][gc,phases      ] GC(1151)   Other: 0.1ms
[139.479s][info][gc,heap        ] GC(1151) Eden regions: 815->0(814)
[139.479s][info][gc,heap        ] GC(1151) Survivor regions: 10->10(103)
[139.479s][info][gc,heap        ] GC(1151) Old regions: 66->63
[139.479s][info][gc,heap        ] GC(1151) Archive regions: 0->0
[139.479s][info][gc,heap        ] GC(1151) Humongous regions: 1054->1048
[139.479s][info][gc,metaspace   ] GC(1151) Metaspace: 128833K(130880K)->128833K(130880K) NonClass: 109796K(110464K)->109796K(110464K) Class: 19036K(20416K)->19036K(20416K)
[139.479s][info][gc             ] GC(1151) Pause Young (Mixed) (G1 Evacuation Pause) 1924M->1103M(2048M) 3.420ms
[139.479s][info][gc,cpu         ] GC(1151) User=0.52s Sys=0.00s Real=0.02s
[139.482s][info][gc,start       ] GC(1152) Pause Young (Concurrent Start) (G1 Humongous Allocation)
[139.482s][info][gc,task        ] GC(1152) Using 33 workers of 33 for evacuation
[139.485s][info][gc,phases      ] GC(1152)   Pre Evacuate Collection Set: 0.4ms
[139.485s][info][gc,phases      ] GC(1152)   Merge Heap Roots: 0.1ms
[139.485s][info][gc,phases      ] GC(1152)   Evacuate Collection Set: 1.8ms
[139.485s][info][gc,phases      ] GC(1152)   Post Evacuate Collection Set: 0.6ms
[139.485s][info][gc,phases      ] GC(1152)   Other: 0.1ms
[139.485s][info][gc,heap        ] GC(1152) Eden regions: 47->0(814)
[139.485s][info][gc,heap        ] GC(1152) Survivor regions: 10->10(103)
[139.485s][info][gc,heap        ] GC(1152) Old regions: 63->63
[139.485s][info][gc,heap        ] GC(1152) Archive regions: 0->0
[139.485s][info][gc,heap        ] GC(1152) Humongous regions: 1048->1048
[139.485s][info][gc,metaspace   ] GC(1152) Metaspace: 128833K(130880K)->128833K(130880K) NonClass: 109796K(110464K)->109796K(110464K) Class: 19036K(20416K)->19036K(20416K)
[139.485s][info][gc             ] GC(1152) Pause Young (Concurrent Start) (G1 Humongous Allocation) 1150M->1104M(2048M) 3.131ms
[139.485s][info][gc             ] GC(1153) Concurrent Mark Cycle
[139.485s][info][gc,marking     ] GC(1153) Concurrent Scan Root Regions
[139.485s][info][gc,cpu         ] GC(1152) User=0.00s Sys=0.00s Real=0.00s
[139.505s][info][gc,marking     ] GC(1153) Concurrent Scan Root Regions 19.582ms
[139.506s][info][gc,marking     ] GC(1153) Concurrent Mark
[139.506s][info][gc,marking     ] GC(1153) Concurrent Mark From Roots
[139.506s][info][gc,task        ] GC(1153) Using 8 workers of 8 for marking
[139.544s][info][gc,start       ] GC(1154) Pause Young (Normal) (G1 Evacuation Pause)
[139.544s][info][gc,task        ] GC(1154) Using 33 workers of 33 for evacuation
[139.547s][info][gc,phases      ] GC(1154)   Pre Evacuate Collection Set: 0.3ms
[139.547s][info][gc,phases      ] GC(1154)   Merge Heap Roots: 0.3ms
[139.547s][info][gc,phases      ] GC(1154)   Evacuate Collection Set: 1.2ms
[139.547s][info][gc,phases      ] GC(1154)   Post Evacuate Collection Set: 0.8ms
[139.547s][info][gc,phases      ] GC(1154)   Other: 0.1ms
[139.547s][info][gc,heap        ] GC(1154) Eden regions: 814->0(808)
[139.547s][info][gc,heap        ] GC(1154) Survivor regions: 10->10(101)
[139.547s][info][gc,heap        ] GC(1154) Old regions: 63->63
[139.547s][info][gc,heap        ] GC(1154) Archive regions: 0->0
[139.547s][info][gc,heap        ] GC(1154) Humongous regions: 1060->1054
[139.547s][info][gc,metaspace   ] GC(1154) Metaspace: 128833K(130880K)->128833K(130880K) NonClass: 109796K(110464K)->109796K(110464K) Class: 19036K(20416K)->19036K(20416K)
[139.547s][info][gc             ] GC(1154) Pause Young (Normal) (G1 Evacuation Pause) 1930M->1110M(2048M) 2.925ms
[139.547s][info][gc,cpu         ] GC(1154) User=0.00s Sys=0.00s Real=0.00s
[139.565s][info][gc,marking     ] GC(1153) Concurrent Mark From Roots 59.321ms
[139.565s][info][gc,marking     ] GC(1153) Concurrent Preclean
[139.568s][info][gc,marking     ] GC(1153) Concurrent Preclean 2.725ms
[139.569s][info][gc,start       ] GC(1153) Pause Remark
[139.572s][info][gc             ] GC(1153) Pause Remark 1425M->1425M(2048M) 3.265ms
[139.572s][info][gc,cpu         ] GC(1153) User=0.00s Sys=0.00s Real=0.00s
[139.572s][info][gc,marking     ] GC(1153) Concurrent Mark 66.897ms
[139.572s][info][gc,marking     ] GC(1153) Concurrent Rebuild Remembered Sets and Scrub Regions
[139.596s][info][gc,marking     ] GC(1153) Concurrent Rebuild Remembered Sets and Scrub Regions 23.783ms
[139.598s][info][gc,start       ] GC(1153) Pause Cleanup
[139.598s][info][gc             ] GC(1153) Pause Cleanup 1789M->1789M(2048M) 0.342ms
[139.598s][info][gc,cpu         ] GC(1153) User=0.00s Sys=0.00s Real=0.00s
[139.599s][info][gc,marking     ] GC(1153) Concurrent Clear Claimed Marks
[139.600s][info][gc,marking     ] GC(1153) Concurrent Clear Claimed Marks 1.133ms
[139.600s][info][gc,marking     ] GC(1153) Concurrent Cleanup for Next Mark
[139.609s][info][gc,marking     ] GC(1153) Concurrent Cleanup for Next Mark 9.259ms
[139.610s][info][gc             ] GC(1153) Concurrent Mark Cycle 124.415ms
[139.612s][info][gc,start       ] GC(1155) Pause Young (Prepare Mixed) (G1 Evacuation Pause)
[139.612s][info][gc,task        ] GC(1155) Using 33 workers of 33 for evacuation
[139.615s][info][gc,phases      ] GC(1155)   Pre Evacuate Collection Set: 0.3ms
[139.615s][info][gc,phases      ] GC(1155)   Merge Heap Roots: 0.8ms
[139.615s][info][gc,phases      ] GC(1155)   Evacuate Collection Set: 1.2ms
[139.615s][info][gc,phases      ] GC(1155)   Post Evacuate Collection Set: 0.8ms
[139.615s][info][gc,phases      ] GC(1155)   Other: 0.1ms
[139.615s][info][gc,heap        ] GC(1155) Eden regions: 808->0(795)
[139.615s][info][gc,heap        ] GC(1155) Survivor regions: 10->10(88)
[139.615s][info][gc,heap        ] GC(1155) Old regions: 63->63
[139.615s][info][gc,heap        ] GC(1155) Archive regions: 0->0
[139.615s][info][gc,heap        ] GC(1155) Humongous regions: 1079->1067
[139.615s][info][gc,metaspace   ] GC(1155) Metaspace: 128833K(130880K)->128833K(130880K) NonClass: 109796K(110464K)->109796K(110464K) Class: 19036K(20416K)->19036K(20416K)
[139.615s][info][gc             ] GC(1155) Pause Young (Prepare Mixed) (G1 Evacuation Pause) 1943M->1122M(2048M) 3.400ms
[139.615s][info][gc,cpu         ] GC(1155) User=0.00s Sys=0.00s Real=0.00s
[139.685s][info][gc,start       ] GC(1156) Pause Young (Mixed) (G1 Evacuation Pause)
[139.685s][info][gc,task        ] GC(1156) Using 33 workers of 33 for evacuation
[139.689s][info][gc,phases      ] GC(1156)   Pre Evacuate Collection Set: 0.3ms
[139.689s][info][gc,phases      ] GC(1156)   Merge Heap Roots: 0.3ms
[139.689s][info][gc,phases      ] GC(1156)   Evacuate Collection Set: 1.7ms
[139.689s][info][gc,phases      ] GC(1156)   Post Evacuate Collection Set: 0.9ms
[139.689s][info][gc,phases      ] GC(1156)   Other: 0.2ms
[139.689s][info][gc,heap        ] GC(1156) Eden regions: 795->0(780)
[139.689s][info][gc,heap        ] GC(1156) Survivor regions: 10->10(85)
[139.689s][info][gc,heap        ] GC(1156) Old regions: 63->60
[139.689s][info][gc,heap        ] GC(1156) Archive regions: 0->0
[139.689s][info][gc,heap        ] GC(1156) Humongous regions: 1095->1085
[139.689s][info][gc,metaspace   ] GC(1156) Metaspace: 128833K(130880K)->128833K(130880K) NonClass: 109796K(110464K)->109796K(110464K) Class: 19036K(20416K)->19036K(20416K)
[139.689s][info][gc             ] GC(1156) Pause Young (Mixed) (G1 Evacuation Pause) 1945M->1141M(2048M) 3.541ms
[139.689s][info][gc,cpu         ] GC(1156) User=0.00s Sys=0.00s Real=0.00s
[139.692s][info][gc,start       ] GC(1157) Pause Young (Concurrent Start) (G1 Humongous Allocation)
[139.692s][info][gc,task        ] GC(1157) Using 33 workers of 33 for evacuation
[139.695s][info][gc,phases      ] GC(1157)   Pre Evacuate Collection Set: 0.5ms
[139.695s][info][gc,phases      ] GC(1157)   Merge Heap Roots: 0.1ms
[139.695s][info][gc,phases      ] GC(1157)   Evacuate Collection Set: 2.2ms
[139.695s][info][gc,phases      ] GC(1157)   Post Evacuate Collection Set: 0.7ms
[139.695s][info][gc,phases      ] GC(1157)   Other: 0.1ms
[139.695s][info][gc,heap        ] GC(1157) Eden regions: 31->0(780)
[139.695s][info][gc,heap        ] GC(1157) Survivor regions: 10->10(99)
[139.695s][info][gc,heap        ] GC(1157) Old regions: 60->60
[139.695s][info][gc,heap        ] GC(1157) Archive regions: 0->0
[139.695s][info][gc,heap        ] GC(1157) Humongous regions: 1085->1085
[139.695s][info][gc,metaspace   ] GC(1157) Metaspace: 128833K(130880K)->128833K(130880K) NonClass: 109796K(110464K)->109796K(110464K) Class: 19036K(20416K)->19036K(20416K)
[139.695s][info][gc             ] GC(1157) Pause Young (Concurrent Start) (G1 Humongous Allocation) 1172M->1140M(2048M) 3.827ms
[139.695s][info][gc             ] GC(1158) Concurrent Mark Cycle
[139.695s][info][gc,cpu         ] GC(1157) User=0.00s Sys=0.00s Real=0.00s
[139.696s][info][gc,marking     ] GC(1158) Concurrent Scan Root Regions
[139.712s][info][gc,marking     ] GC(1158) Concurrent Scan Root Regions 16.336ms
[139.712s][info][gc,marking     ] GC(1158) Concurrent Mark
[139.712s][info][gc,marking     ] GC(1158) Concurrent Mark From Roots
[139.712s][info][gc,task        ] GC(1158) Using 8 workers of 8 for marking
[139.755s][info][gc,start       ] GC(1159) Pause Young (Normal) (G1 Evacuation Pause)
[139.755s][info][gc,task        ] GC(1159) Using 33 workers of 33 for evacuation
[139.758s][info][gc,phases      ] GC(1159)   Pre Evacuate Collection Set: 0.3ms
[139.758s][info][gc,phases      ] GC(1159)   Merge Heap Roots: 0.3ms
[139.758s][info][gc,phases      ] GC(1159)   Evacuate Collection Set: 1.3ms
[139.758s][info][gc,phases      ] GC(1159)   Post Evacuate Collection Set: 0.7ms
[139.758s][info][gc,phases      ] GC(1159)   Other: 0.1ms
[139.758s][info][gc,heap        ] GC(1159) Eden regions: 780->0(778)
[139.758s][info][gc,heap        ] GC(1159) Survivor regions: 10->10(80)
[139.758s][info][gc,heap        ] GC(1159) Old regions: 60->60
[139.758s][info][gc,heap        ] GC(1159) Archive regions: 0->0
[139.758s][info][gc,heap        ] GC(1159) Humongous regions: 1118->1087
[139.758s][info][gc,metaspace   ] GC(1159) Metaspace: 128833K(130880K)->128833K(130880K) NonClass: 109796K(110464K)->109796K(110464K) Class: 19036K(20416K)->19036K(20416K)
[139.758s][info][gc             ] GC(1159) Pause Young (Normal) (G1 Evacuation Pause) 1953M->1143M(2048M) 2.909ms
[139.758s][info][gc,cpu         ] GC(1159) User=0.00s Sys=0.00s Real=0.00s
[139.763s][info][gc,marking     ] GC(1158) Concurrent Mark From Roots 50.833ms
[139.764s][info][gc,marking     ] GC(1158) Concurrent Preclean
[139.766s][info][gc,marking     ] GC(1158) Concurrent Preclean 2.544ms
[139.767s][info][gc,start       ] GC(1158) Pause Remark
[139.771s][info][gc             ] GC(1158) Pause Remark 1281M->1281M(2048M) 3.238ms
[139.771s][info][gc,cpu         ] GC(1158) User=0.05s Sys=0.00s Real=0.02s
[139.771s][info][gc,marking     ] GC(1158) Concurrent Mark 58.662ms
[139.771s][info][gc,marking     ] GC(1158) Concurrent Rebuild Remembered Sets and Scrub Regions
[139.800s][info][gc,marking     ] GC(1158) Concurrent Rebuild Remembered Sets and Scrub Regions 28.814ms
[139.801s][info][gc,start       ] GC(1158) Pause Cleanup
[139.802s][info][gc             ] GC(1158) Pause Cleanup 1702M->1702M(2048M) 0.339ms
[139.802s][info][gc,cpu         ] GC(1158) User=0.02s Sys=0.00s Real=0.01s
[139.802s][info][gc,marking     ] GC(1158) Concurrent Clear Claimed Marks
[139.803s][info][gc,marking     ] GC(1158) Concurrent Clear Claimed Marks 1.161ms
[139.803s][info][gc,marking     ] GC(1158) Concurrent Cleanup for Next Mark
[139.812s][info][gc,marking     ] GC(1158) Concurrent Cleanup for Next Mark 8.993ms
[139.813s][info][gc             ] GC(1158) Concurrent Mark Cycle 117.225ms
[139.821s][info][gc,start       ] GC(1160) Pause Young (Prepare Mixed) (G1 Evacuation Pause)
[139.821s][info][gc,task        ] GC(1160) Using 33 workers of 33 for evacuation
[139.824s][info][gc,phases      ] GC(1160)   Pre Evacuate Collection Set: 0.3ms
[139.824s][info][gc,phases      ] GC(1160)   Merge Heap Roots: 0.8ms
[139.824s][info][gc,phases      ] GC(1160)   Evacuate Collection Set: 1.3ms
[139.824s][info][gc,phases      ] GC(1160)   Post Evacuate Collection Set: 0.8ms
[139.824s][info][gc,phases      ] GC(1160)   Other: 0.1ms
[139.824s][info][gc,heap        ] GC(1160) Eden regions: 778->0(778)
[139.824s][info][gc,heap        ] GC(1160) Survivor regions: 10->11(89)
[139.824s][info][gc,heap        ] GC(1160) Old regions: 60->60
[139.824s][info][gc,heap        ] GC(1160) Archive regions: 0->0
[139.824s][info][gc,heap        ] GC(1160) Humongous regions: 1111->1085
[139.824s][info][gc,metaspace   ] GC(1160) Metaspace: 128833K(130880K)->128833K(130880K) NonClass: 109796K(110464K)->109796K(110464K) Class: 19036K(20416K)->19036K(20416K)
[139.825s][info][gc             ] GC(1160) Pause Young (Prepare Mixed) (G1 Evacuation Pause) 1945M->1141M(2048M) 3.490ms
[139.825s][info][gc,cpu         ] GC(1160) User=0.00s Sys=0.00s Real=0.00s
[139.883s][info][gc,start       ] GC(1161) Pause Young (Mixed) (G1 Evacuation Pause)
[139.883s][info][gc,task        ] GC(1161) Using 33 workers of 33 for evacuation
[139.886s][info][gc,phases      ] GC(1161)   Pre Evacuate Collection Set: 0.3ms
[139.886s][info][gc,phases      ] GC(1161)   Merge Heap Roots: 0.3ms
[139.886s][info][gc,phases      ] GC(1161)   Evacuate Collection Set: 1.7ms
[139.887s][info][gc,phases      ] GC(1161)   Post Evacuate Collection Set: 0.7ms
[139.887s][info][gc,phases      ] GC(1161)   Other: 0.1ms
[139.887s][info][gc,heap        ] GC(1161) Eden regions: 778->0(772)
[139.887s][info][gc,heap        ] GC(1161) Survivor regions: 11->11(75)
[139.887s][info][gc,heap        ] GC(1161) Old regions: 60->57
[139.887s][info][gc,heap        ] GC(1161) Archive regions: 0->0
[139.887s][info][gc,heap        ] GC(1161) Humongous regions: 1124->1094
[139.887s][info][gc,metaspace   ] GC(1161) Metaspace: 128833K(130880K)->128833K(130880K) NonClass: 109796K(110464K)->109796K(110464K) Class: 19036K(20416K)->19036K(20416K)
[139.887s][info][gc             ] GC(1161) Pause Young (Mixed) (G1 Evacuation Pause) 1958M->1150M(2048M) 3.409ms
[139.887s][info][gc,cpu         ] GC(1161) User=0.00s Sys=0.00s Real=0.00s
[139.887s][info][gc,start       ] GC(1162) Pause Young (Concurrent Start) (G1 Humongous Allocation)
[139.887s][info][gc,task        ] GC(1162) Using 33 workers of 33 for evacuation
[139.890s][info][gc,phases      ] GC(1162)   Pre Evacuate Collection Set: 0.4ms
[139.890s][info][gc,phases      ] GC(1162)   Merge Heap Roots: 0.1ms
[139.890s][info][gc,phases      ] GC(1162)   Evacuate Collection Set: 1.7ms
[139.890s][info][gc,phases      ] GC(1162)   Post Evacuate Collection Set: 0.5ms
[139.890s][info][gc,phases      ] GC(1162)   Other: 0.1ms
[139.890s][info][gc,heap        ] GC(1162) Eden regions: 4->0(796)
[139.890s][info][gc,heap        ] GC(1162) Survivor regions: 11->10(98)
[139.890s][info][gc,heap        ] GC(1162) Old regions: 57->57
[139.890s][info][gc,heap        ] GC(1162) Archive regions: 0->0
[139.890s][info][gc,heap        ] GC(1162) Humongous regions: 1094->1072
[139.890s][info][gc,metaspace   ] GC(1162) Metaspace: 128833K(130880K)->128833K(130880K) NonClass: 109796K(110464K)->109796K(110464K) Class: 19036K(20416K)->19036K(20416K)
[139.890s][info][gc             ] GC(1162) Pause Young (Concurrent Start) (G1 Humongous Allocation) 1154M->1128M(2048M) 2.967ms
[139.890s][info][gc             ] GC(1163) Concurrent Mark Cycle
[139.890s][info][gc,cpu         ] GC(1162) User=0.00s Sys=0.00s Real=0.00s
[139.890s][info][gc,marking     ] GC(1163) Concurrent Scan Root Regions
[139.902s][info][gc,marking     ] GC(1163) Concurrent Scan Root Regions 11.748ms
[139.902s][info][gc,marking     ] GC(1163) Concurrent Mark
[139.902s][info][gc,marking     ] GC(1163) Concurrent Mark From Roots
[139.902s][info][gc,task        ] GC(1163) Using 8 workers of 8 for marking
[139.951s][info][gc,start       ] GC(1164) Pause Young (Normal) (G1 Evacuation Pause)
[139.951s][info][gc,task        ] GC(1164) Using 33 workers of 33 for evacuation
[139.954s][info][gc,phases      ] GC(1164)   Pre Evacuate Collection Set: 0.3ms
[139.954s][info][gc,phases      ] GC(1164)   Merge Heap Roots: 0.3ms
[139.954s][info][gc,phases      ] GC(1164)   Evacuate Collection Set: 1.3ms
[139.954s][info][gc,phases      ] GC(1164)   Post Evacuate Collection Set: 0.7ms
[139.954s][info][gc,phases      ] GC(1164)   Other: 0.1ms
[139.954s][info][gc,heap        ] GC(1164) Eden regions: 796->0(800)
[139.954s][info][gc,heap        ] GC(1164) Survivor regions: 10->4(73)
[139.954s][info][gc,heap        ] GC(1164) Old regions: 57->64
[139.954s][info][gc,heap        ] GC(1164) Archive regions: 0->0
[139.954s][info][gc,heap        ] GC(1164) Humongous regions: 1112->1073
[139.954s][info][gc,metaspace   ] GC(1164) Metaspace: 128833K(130880K)->128833K(130880K) NonClass: 109796K(110464K)->109796K(110464K) Class: 19036K(20416K)->19036K(20416K)
[139.954s][info][gc             ] GC(1164) Pause Young (Normal) (G1 Evacuation Pause) 1964M->1130M(2048M) 2.873ms
[139.954s][info][gc,cpu         ] GC(1164) User=0.00s Sys=0.00s Real=0.00s
[139.956s][info][gc,marking     ] GC(1163) Concurrent Mark From Roots 53.980ms
[139.957s][info][gc,marking     ] GC(1163) Concurrent Preclean
[139.959s][info][gc,marking     ] GC(1163) Concurrent Preclean 2.648ms
[139.960s][info][gc,start       ] GC(1163) Pause Remark
[139.963s][info][gc             ] GC(1163) Pause Remark 1216M->1216M(2048M) 3.086ms
[139.963s][info][gc,cpu         ] GC(1163) User=0.00s Sys=0.00s Real=0.00s
[139.963s][info][gc,marking     ] GC(1163) Concurrent Mark 60.944ms
[139.963s][info][gc,marking     ] GC(1163) Concurrent Rebuild Remembered Sets and Scrub Regions
[139.991s][info][gc,marking     ] GC(1163) Concurrent Rebuild Remembered Sets and Scrub Regions 27.408ms
[139.992s][info][gc,start       ] GC(1163) Pause Cleanup
[139.993s][info][gc             ] GC(1163) Pause Cleanup 1617M->1617M(2048M) 0.356ms
[139.993s][info][gc,cpu         ] GC(1163) User=0.00s Sys=0.00s Real=0.00s
[139.993s][info][gc,marking     ] GC(1163) Concurrent Clear Claimed Marks
[139.994s][info][gc,marking     ] GC(1163) Concurrent Clear Claimed Marks 0.918ms
[139.994s][info][gc,marking     ] GC(1163) Concurrent Cleanup for Next Mark
[140.001s][info][gc,marking     ] GC(1163) Concurrent Cleanup for Next Mark 7.205ms
[140.002s][info][gc             ] GC(1163) Concurrent Mark Cycle 111.650ms
[140.019s][info][gc,start       ] GC(1165) Pause Young (Prepare Mixed) (G1 Evacuation Pause)
[140.020s][info][gc,task        ] GC(1165) Using 33 workers of 33 for evacuation
[140.022s][info][gc,phases      ] GC(1165)   Pre Evacuate Collection Set: 0.3ms
[140.022s][info][gc,phases      ] GC(1165)   Merge Heap Roots: 0.8ms
[140.022s][info][gc,phases      ] GC(1165)   Evacuate Collection Set: 0.7ms
[140.022s][info][gc,phases      ] GC(1165)   Post Evacuate Collection Set: 0.7ms
[140.022s][info][gc,phases      ] GC(1165)   Other: 0.1ms
[140.022s][info][gc,heap        ] GC(1165) Eden regions: 800->0(790)
[140.022s][info][gc,heap        ] GC(1165) Survivor regions: 4->2(79)
[140.022s][info][gc,heap        ] GC(1165) Old regions: 64->65
[140.022s][info][gc,heap        ] GC(1165) Archive regions: 0->0
[140.022s][info][gc,heap        ] GC(1165) Humongous regions: 1101->1086
[140.022s][info][gc,metaspace   ] GC(1165) Metaspace: 128833K(130880K)->128833K(130880K) NonClass: 109796K(110464K)->109796K(110464K) Class: 19036K(20416K)->19036K(20416K)
[140.022s][info][gc             ] GC(1165) Pause Young (Prepare Mixed) (G1 Evacuation Pause) 1958M->1142M(2048M) 2.903ms
[140.022s][info][gc,cpu         ] GC(1165) User=0.00s Sys=0.00s Real=0.00s
[140.078s][info][gc,start       ] GC(1166) Pause Young (Mixed) (G1 Evacuation Pause)
[140.079s][info][gc,task        ] GC(1166) Using 33 workers of 33 for evacuation
[140.081s][info][gc,phases      ] GC(1166)   Pre Evacuate Collection Set: 0.3ms
[140.081s][info][gc,phases      ] GC(1166)   Merge Heap Roots: 0.3ms
[140.081s][info][gc,phases      ] GC(1166)   Evacuate Collection Set: 1.3ms
[140.081s][info][gc,phases      ] GC(1166)   Post Evacuate Collection Set: 0.7ms
[140.081s][info][gc,phases      ] GC(1166)   Other: 0.1ms
[140.081s][info][gc,heap        ] GC(1166) Eden regions: 790->0(788)
[140.081s][info][gc,heap        ] GC(1166) Survivor regions: 2->2(95)
[140.081s][info][gc,heap        ] GC(1166) Old regions: 65->63
[140.081s][info][gc,heap        ] GC(1166) Archive regions: 0->0
[140.081s][info][gc,heap        ] GC(1166) Humongous regions: 1096->1090
[140.081s][info][gc,metaspace   ] GC(1166) Metaspace: 128833K(130880K)->128833K(130880K) NonClass: 109796K(110464K)->109796K(110464K) Class: 19036K(20416K)->19036K(20416K)
[140.081s][info][gc             ] GC(1166) Pause Young (Mixed) (G1 Evacuation Pause) 1942M->1146M(2048M) 2.883ms
[140.081s][info][gc,cpu         ] GC(1166) User=0.03s Sys=0.00s Real=0.02s
[140.089s][info][gc,start       ] GC(1167) Pause Young (Concurrent Start) (G1 Humongous Allocation)
[140.089s][info][gc,task        ] GC(1167) Using 33 workers of 33 for evacuation
[140.091s][info][gc,phases      ] GC(1167)   Pre Evacuate Collection Set: 0.4ms
[140.091s][info][gc,phases      ] GC(1167)   Merge Heap Roots: 0.1ms
[140.091s][info][gc,phases      ] GC(1167)   Evacuate Collection Set: 1.4ms
[140.091s][info][gc,phases      ] GC(1167)   Post Evacuate Collection Set: 0.5ms
[140.091s][info][gc,phases      ] GC(1167)   Other: 0.0ms
[140.091s][info][gc,heap        ] GC(1167) Eden regions: 107->0(788)
[140.091s][info][gc,heap        ] GC(1167) Survivor regions: 2->2(99)
[140.091s][info][gc,heap        ] GC(1167) Old regions: 63->63
[140.091s][info][gc,heap        ] GC(1167) Archive regions: 0->0
[140.091s][info][gc,heap        ] GC(1167) Humongous regions: 1090->1090
[140.091s][info][gc,metaspace   ] GC(1167) Metaspace: 128834K(130880K)->128834K(130880K) NonClass: 109797K(110464K)->109797K(110464K) Class: 19036K(20416K)->19036K(20416K)
[140.091s][info][gc             ] GC(1167) Pause Young (Concurrent Start) (G1 Humongous Allocation) 1253M->1146M(2048M) 2.676ms
[140.091s][info][gc             ] GC(1168) Concurrent Mark Cycle
[140.091s][info][gc,cpu         ] GC(1167) User=0.00s Sys=0.00s Real=0.00s
[140.091s][info][gc,marking     ] GC(1168) Concurrent Scan Root Regions
[140.103s][info][gc,marking     ] GC(1168) Concurrent Scan Root Regions 11.729ms
[140.104s][info][gc,marking     ] GC(1168) Concurrent Mark
[140.104s][info][gc,marking     ] GC(1168) Concurrent Mark From Roots
[140.104s][info][gc,task        ] GC(1168) Using 8 workers of 8 for marking
[140.151s][info][gc,start       ] GC(1169) Pause Young (Normal) (G1 Evacuation Pause)
[140.151s][info][gc,task        ] GC(1169) Using 33 workers of 33 for evacuation
[140.153s][info][gc,phases      ] GC(1169)   Pre Evacuate Collection Set: 0.3ms
[140.153s][info][gc,phases      ] GC(1169)   Merge Heap Roots: 0.3ms
[140.153s][info][gc,phases      ] GC(1169)   Evacuate Collection Set: 0.8ms
[140.153s][info][gc,phases      ] GC(1169)   Post Evacuate Collection Set: 0.7ms
[140.153s][info][gc,phases      ] GC(1169)   Other: 0.1ms
[140.153s][info][gc,heap        ] GC(1169) Eden regions: 788->0(771)
[140.153s][info][gc,heap        ] GC(1169) Survivor regions: 2->2(78)
[140.153s][info][gc,heap        ] GC(1169) Old regions: 63->63
[140.153s][info][gc,heap        ] GC(1169) Archive regions: 0->0
[140.153s][info][gc,heap        ] GC(1169) Humongous regions: 1117->1107
[140.153s][info][gc,metaspace   ] GC(1169) Metaspace: 128836K(130880K)->128836K(130880K) NonClass: 109799K(110464K)->109799K(110464K) Class: 19037K(20416K)->19037K(20416K)
[140.153s][info][gc             ] GC(1169) Pause Young (Normal) (G1 Evacuation Pause) 1961M->1163M(2048M) 2.413ms
[140.153s][info][gc,cpu         ] GC(1169) User=0.52s Sys=0.00s Real=0.02s
[140.163s][info][gc,marking     ] GC(1168) Concurrent Mark From Roots 59.002ms
[140.163s][info][gc,marking     ] GC(1168) Concurrent Preclean
[140.166s][info][gc,marking     ] GC(1168) Concurrent Preclean 3.016ms
[140.167s][info][gc,start       ] GC(1168) Pause Remark
[140.170s][info][gc             ] GC(1168) Pause Remark 1362M->1362M(2048M) 3.112ms
[140.170s][info][gc,cpu         ] GC(1168) User=0.00s Sys=0.00s Real=0.00s
[140.170s][info][gc,marking     ] GC(1168) Concurrent Mark 66.563ms
[140.170s][info][gc,marking     ] GC(1168) Concurrent Rebuild Remembered Sets and Scrub Regions
[140.196s][info][gc,marking     ] GC(1168) Concurrent Rebuild Remembered Sets and Scrub Regions 25.395ms
[140.197s][info][gc,start       ] GC(1168) Pause Cleanup
[140.197s][info][gc             ] GC(1168) Pause Cleanup 1738M->1738M(2048M) 0.336ms
[140.197s][info][gc,cpu         ] GC(1168) User=0.00s Sys=0.00s Real=0.00s
[140.197s][info][gc,marking     ] GC(1168) Concurrent Clear Claimed Marks
[140.198s][info][gc,marking     ] GC(1168) Concurrent Clear Claimed Marks 1.190ms
[140.198s][info][gc,marking     ] GC(1168) Concurrent Cleanup for Next Mark
[140.208s][info][gc,marking     ] GC(1168) Concurrent Cleanup for Next Mark 9.381ms
[140.208s][info][gc             ] GC(1168) Concurrent Mark Cycle 117.087ms
[140.214s][info][gc,start       ] GC(1170) Pause Young (Prepare Mixed) (G1 Evacuation Pause)
[140.214s][info][gc,task        ] GC(1170) Using 33 workers of 33 for evacuation
[140.216s][info][gc,phases      ] GC(1170)   Pre Evacuate Collection Set: 0.3ms
[140.216s][info][gc,phases      ] GC(1170)   Merge Heap Roots: 0.8ms
[140.216s][info][gc,phases      ] GC(1170)   Evacuate Collection Set: 0.8ms
[140.216s][info][gc,phases      ] GC(1170)   Post Evacuate Collection Set: 0.7ms
[140.216s][info][gc,phases      ] GC(1170)   Other: 0.1ms
[140.216s][info][gc,heap        ] GC(1170) Eden regions: 771->0(776)
[140.216s][info][gc,heap        ] GC(1170) Survivor regions: 2->2(97)
[140.216s][info][gc,heap        ] GC(1170) Old regions: 63->63
[140.216s][info][gc,heap        ] GC(1170) Archive regions: 0->0
[140.217s][info][gc,heap        ] GC(1170) Humongous regions: 1114->1102
[140.217s][info][gc,metaspace   ] GC(1170) Metaspace: 128836K(130880K)->128836K(130880K) NonClass: 109799K(110464K)->109799K(110464K) Class: 19037K(20416K)->19037K(20416K)
[140.217s][info][gc             ] GC(1170) Pause Young (Prepare Mixed) (G1 Evacuation Pause) 1941M->1158M(2048M) 2.878ms
[140.217s][info][gc,cpu         ] GC(1170) User=0.00s Sys=0.00s Real=0.00s
[140.272s][info][gc,start       ] GC(1171) Pause Young (Mixed) (G1 Evacuation Pause)
[140.272s][info][gc,task        ] GC(1171) Using 33 workers of 33 for evacuation
[140.275s][info][gc,phases      ] GC(1171)   Pre Evacuate Collection Set: 0.3ms
[140.275s][info][gc,phases      ] GC(1171)   Merge Heap Roots: 0.3ms
[140.275s][info][gc,phases      ] GC(1171)   Evacuate Collection Set: 1.3ms
[140.275s][info][gc,phases      ] GC(1171)   Post Evacuate Collection Set: 0.7ms
[140.275s][info][gc,phases      ] GC(1171)   Other: 0.1ms
[140.275s][info][gc,heap        ] GC(1171) Eden regions: 776->0(769)
[140.275s][info][gc,heap        ] GC(1171) Survivor regions: 2->3(90)
[140.275s][info][gc,heap        ] GC(1171) Old regions: 63->61
[140.275s][info][gc,heap        ] GC(1171) Archive regions: 0->0
[140.275s][info][gc,heap        ] GC(1171) Humongous regions: 1117->1109
[140.275s][info][gc,metaspace   ] GC(1171) Metaspace: 128836K(130880K)->128836K(130880K) NonClass: 109799K(110464K)->109799K(110464K) Class: 19037K(20416K)->19037K(20416K)
[140.275s][info][gc             ] GC(1171) Pause Young (Mixed) (G1 Evacuation Pause) 1949M->1166M(2048M) 2.956ms
[140.275s][info][gc,cpu         ] GC(1171) User=0.02s Sys=0.02s Real=0.02s
[140.282s][info][gc,start       ] GC(1172) Pause Young (Concurrent Start) (G1 Humongous Allocation)
[140.283s][info][gc,task        ] GC(1172) Using 33 workers of 33 for evacuation
[140.285s][info][gc,phases      ] GC(1172)   Pre Evacuate Collection Set: 0.4ms
[140.285s][info][gc,phases      ] GC(1172)   Merge Heap Roots: 0.1ms
[140.285s][info][gc,phases      ] GC(1172)   Evacuate Collection Set: 1.5ms
[140.285s][info][gc,phases      ] GC(1172)   Post Evacuate Collection Set: 0.6ms
[140.285s][info][gc,phases      ] GC(1172)   Other: 0.1ms
[140.285s][info][gc,heap        ] GC(1172) Eden regions: 103->0(769)
[140.285s][info][gc,heap        ] GC(1172) Survivor regions: 3->3(97)
[140.285s][info][gc,heap        ] GC(1172) Old regions: 61->61
[140.285s][info][gc,heap        ] GC(1172) Archive regions: 0->0
[140.285s][info][gc,heap        ] GC(1172) Humongous regions: 1109->1109
[140.285s][info][gc,metaspace   ] GC(1172) Metaspace: 128836K(130880K)->128836K(130880K) NonClass: 109799K(110464K)->109799K(110464K) Class: 19037K(20416K)->19037K(20416K)
[140.285s][info][gc             ] GC(1172) Pause Young (Concurrent Start) (G1 Humongous Allocation) 1269M->1166M(2048M) 2.927ms
[140.285s][info][gc             ] GC(1173) Concurrent Mark Cycle
[140.285s][info][gc,cpu         ] GC(1172) User=0.00s Sys=0.00s Real=0.00s
[140.285s][info][gc,marking     ] GC(1173) Concurrent Scan Root Regions
[140.301s][info][gc,marking     ] GC(1173) Concurrent Scan Root Regions 15.686ms
[140.302s][info][gc,marking     ] GC(1173) Concurrent Mark
[140.302s][info][gc,marking     ] GC(1173) Concurrent Mark From Roots
[140.302s][info][gc,task        ] GC(1173) Using 8 workers of 8 for marking
[140.347s][info][gc,start       ] GC(1174) Pause Young (Normal) (G1 Evacuation Pause)
[140.347s][info][gc,task        ] GC(1174) Using 33 workers of 33 for evacuation
[140.349s][info][gc,phases      ] GC(1174)   Pre Evacuate Collection Set: 0.3ms
[140.349s][info][gc,phases      ] GC(1174)   Merge Heap Roots: 0.3ms
[140.349s][info][gc,phases      ] GC(1174)   Evacuate Collection Set: 0.8ms
[140.349s][info][gc,phases      ] GC(1174)   Post Evacuate Collection Set: 0.7ms
[140.349s][info][gc,phases      ] GC(1174)   Other: 0.1ms
[140.349s][info][gc,heap        ] GC(1174) Eden regions: 769->0(747)
[140.349s][info][gc,heap        ] GC(1174) Survivor regions: 3->3(47)
[140.349s][info][gc,heap        ] GC(1174) Old regions: 61->61
[140.349s][info][gc,heap        ] GC(1174) Archive regions: 0->0
[140.349s][info][gc,heap        ] GC(1174) Humongous regions: 1168->1131
[140.349s][info][gc,metaspace   ] GC(1174) Metaspace: 128836K(130880K)->128836K(130880K) NonClass: 109799K(110464K)->109799K(110464K) Class: 19037K(20416K)->19037K(20416K)
[140.349s][info][gc             ] GC(1174) Pause Young (Normal) (G1 Evacuation Pause) 1994M->1188M(2048M) 2.423ms
[140.349s][info][gc,cpu         ] GC(1174) User=0.52s Sys=0.00s Real=0.02s
[140.359s][info][gc,marking     ] GC(1173) Concurrent Mark From Roots 57.796ms
[140.360s][info][gc,marking     ] GC(1173) Concurrent Preclean
[140.362s][info][gc,marking     ] GC(1173) Concurrent Preclean 2.275ms
[140.363s][info][gc,start       ] GC(1173) Pause Remark
[140.366s][info][gc             ] GC(1173) Pause Remark 1373M->1373M(2048M) 3.174ms
[140.366s][info][gc,cpu         ] GC(1173) User=0.00s Sys=0.00s Real=0.00s
[140.366s][info][gc,marking     ] GC(1173) Concurrent Mark 64.813ms
[140.366s][info][gc,marking     ] GC(1173) Concurrent Rebuild Remembered Sets and Scrub Regions
[140.385s][info][gc,marking     ] GC(1173) Concurrent Rebuild Remembered Sets and Scrub Regions 18.454ms
[140.386s][info][gc,start       ] GC(1173) Pause Cleanup
[140.386s][info][gc             ] GC(1173) Pause Cleanup 1627M->1627M(2048M) 0.318ms
[140.386s][info][gc,cpu         ] GC(1173) User=0.00s Sys=0.00s Real=0.00s
[140.386s][info][gc,marking     ] GC(1173) Concurrent Clear Claimed Marks
[140.387s][info][gc,marking     ] GC(1173) Concurrent Clear Claimed Marks 0.697ms
[140.387s][info][gc,marking     ] GC(1173) Concurrent Cleanup for Next Mark
[140.393s][info][gc,marking     ] GC(1173) Concurrent Cleanup for Next Mark 5.659ms
[140.393s][info][gc             ] GC(1173) Concurrent Mark Cycle 107.656ms
[140.414s][info][gc,start       ] GC(1175) Pause Young (Prepare Mixed) (G1 Evacuation Pause)
[140.414s][info][gc,task        ] GC(1175) Using 33 workers of 33 for evacuation
[140.417s][info][gc,phases      ] GC(1175)   Pre Evacuate Collection Set: 0.3ms
[140.417s][info][gc,phases      ] GC(1175)   Merge Heap Roots: 0.7ms
[140.417s][info][gc,phases      ] GC(1175)   Evacuate Collection Set: 0.9ms
[140.417s][info][gc,phases      ] GC(1175)   Post Evacuate Collection Set: 0.7ms
[140.417s][info][gc,phases      ] GC(1175)   Other: 0.1ms
[140.417s][info][gc,heap        ] GC(1175) Eden regions: 747->0(755)
[140.417s][info][gc,heap        ] GC(1175) Survivor regions: 3->5(43)
[140.417s][info][gc,heap        ] GC(1175) Old regions: 61->61
[140.417s][info][gc,heap        ] GC(1175) Archive regions: 0->0
[140.417s][info][gc,heap        ] GC(1175) Humongous regions: 1194->1119
[140.417s][info][gc,metaspace   ] GC(1175) Metaspace: 128836K(130880K)->128836K(130880K) NonClass: 109799K(110464K)->109799K(110464K) Class: 19037K(20416K)->19037K(20416K)
[140.417s][info][gc             ] GC(1175) Pause Young (Prepare Mixed) (G1 Evacuation Pause) 1998M->1178M(2048M) 3.062ms
[140.418s][info][gc,cpu         ] GC(1175) User=0.00s Sys=0.00s Real=0.00s
[140.473s][info][gc,start       ] GC(1176) Pause Young (Mixed) (G1 Evacuation Pause)
[140.473s][info][gc,task        ] GC(1176) Using 33 workers of 33 for evacuation
[140.476s][info][gc,phases      ] GC(1176)   Pre Evacuate Collection Set: 0.4ms
[140.476s][info][gc,phases      ] GC(1176)   Merge Heap Roots: 0.3ms
[140.476s][info][gc,phases      ] GC(1176)   Evacuate Collection Set: 1.6ms
[140.476s][info][gc,phases      ] GC(1176)   Post Evacuate Collection Set: 0.8ms
[140.476s][info][gc,phases      ] GC(1176)   Other: 0.1ms
[140.476s][info][gc,heap        ] GC(1176) Eden regions: 755->0(727)
[140.476s][info][gc,heap        ] GC(1176) Survivor regions: 5->8(31)
[140.476s][info][gc,heap        ] GC(1176) Old regions: 61->59
[140.476s][info][gc,heap        ] GC(1176) Archive regions: 0->0
[140.476s][info][gc,heap        ] GC(1176) Humongous regions: 1196->1143
[140.476s][info][gc,metaspace   ] GC(1176) Metaspace: 128836K(130880K)->128836K(130880K) NonClass: 109799K(110464K)->109799K(110464K) Class: 19037K(20416K)->19037K(20416K)
[140.476s][info][gc             ] GC(1176) Pause Young (Mixed) (G1 Evacuation Pause) 2010M->1204M(2048M) 3.480ms
[140.476s][info][gc,cpu         ] GC(1176) User=0.00s Sys=0.00s Real=0.00s
[140.479s][info][gc,start       ] GC(1177) Pause Young (Concurrent Start) (G1 Humongous Allocation)
[140.479s][info][gc,task        ] GC(1177) Using 33 workers of 33 for evacuation
[140.482s][info][gc,phases      ] GC(1177)   Pre Evacuate Collection Set: 0.5ms
[140.482s][info][gc,phases      ] GC(1177)   Merge Heap Roots: 0.1ms
[140.482s][info][gc,phases      ] GC(1177)   Evacuate Collection Set: 1.8ms
[140.482s][info][gc,phases      ] GC(1177)   Post Evacuate Collection Set: 0.6ms
[140.482s][info][gc,phases      ] GC(1177)   Other: 0.1ms
[140.482s][info][gc,heap        ] GC(1177) Eden regions: 41->0(686)
[140.482s][info][gc,heap        ] GC(1177) Survivor regions: 8->8(92)
[140.482s][info][gc,heap        ] GC(1177) Old regions: 59->59
[140.482s][info][gc,heap        ] GC(1177) Archive regions: 0->0
[140.482s][info][gc,heap        ] GC(1177) Humongous regions: 1143->1143
[140.482s][info][gc,metaspace   ] GC(1177) Metaspace: 128836K(130880K)->128836K(130880K) NonClass: 109799K(110464K)->109799K(110464K) Class: 19037K(20416K)->19037K(20416K)
[140.482s][info][gc             ] GC(1177) Pause Young (Concurrent Start) (G1 Humongous Allocation) 1245M->1205M(2048M) 3.285ms
[140.482s][info][gc             ] GC(1178) Concurrent Mark Cycle
[140.482s][info][gc,marking     ] GC(1178) Concurrent Scan Root Regions
[140.482s][info][gc,cpu         ] GC(1177) User=0.00s Sys=0.00s Real=0.00s
[140.487s][info][gc,marking     ] GC(1178) Concurrent Scan Root Regions 4.867ms
[140.487s][info][gc,marking     ] GC(1178) Concurrent Mark
[140.487s][info][gc,marking     ] GC(1178) Concurrent Mark From Roots
[140.487s][info][gc,task        ] GC(1178) Using 8 workers of 8 for marking
[140.516s][info][gc,marking     ] GC(1178) Concurrent Mark From Roots 28.198ms
[140.516s][info][gc,marking     ] GC(1178) Concurrent Preclean
[140.516s][info][gc,marking     ] GC(1178) Concurrent Preclean 0.712ms
[140.517s][info][gc,start       ] GC(1178) Pause Remark
[140.520s][info][gc             ] GC(1178) Pause Remark 1683M->1683M(2048M) 3.234ms
[140.520s][info][gc,cpu         ] GC(1178) User=0.00s Sys=0.00s Real=0.00s
[140.520s][info][gc,marking     ] GC(1178) Concurrent Mark 33.116ms
[140.520s][info][gc,marking     ] GC(1178) Concurrent Rebuild Remembered Sets and Scrub Regions
[140.529s][info][gc,marking     ] GC(1178) Concurrent Rebuild Remembered Sets and Scrub Regions 8.156ms
[140.529s][info][gc,start       ] GC(1178) Pause Cleanup
[140.529s][info][gc             ] GC(1178) Pause Cleanup 1801M->1801M(2048M) 0.300ms
[140.529s][info][gc,cpu         ] GC(1178) User=0.00s Sys=0.00s Real=0.00s
[140.529s][info][gc,marking     ] GC(1178) Concurrent Clear Claimed Marks
[140.530s][info][gc,marking     ] GC(1178) Concurrent Clear Claimed Marks 0.181ms
[140.530s][info][gc,marking     ] GC(1178) Concurrent Cleanup for Next Mark
[140.532s][info][gc,marking     ] GC(1178) Concurrent Cleanup for Next Mark 2.326ms
[140.532s][info][gc             ] GC(1178) Concurrent Mark Cycle 49.645ms
[140.540s][info][gc,start       ] GC(1179) Pause Young (Prepare Mixed) (G1 Humongous Allocation)
[140.540s][info][gc,task        ] GC(1179) Using 33 workers of 33 for evacuation
[140.543s][info][gc,phases      ] GC(1179)   Pre Evacuate Collection Set: 0.3ms
[140.543s][info][gc,phases      ] GC(1179)   Merge Heap Roots: 0.8ms
[140.543s][info][gc,phases      ] GC(1179)   Evacuate Collection Set: 1.1ms
[140.543s][info][gc,phases      ] GC(1179)   Post Evacuate Collection Set: 0.8ms
[140.543s][info][gc,phases      ] GC(1179)   Other: 0.1ms
[140.543s][info][gc,heap        ] GC(1179) Eden regions: 667->0(713)
[140.543s][info][gc,heap        ] GC(1179) Survivor regions: 8->7(85)
[140.543s][info][gc,heap        ] GC(1179) Old regions: 59->59
[140.543s][info][gc,heap        ] GC(1179) Archive regions: 0->0
[140.543s][info][gc,heap        ] GC(1179) Humongous regions: 1229->1143
[140.543s][info][gc,metaspace   ] GC(1179) Metaspace: 128836K(130880K)->128836K(130880K) NonClass: 109799K(110464K)->109799K(110464K) Class: 19037K(20416K)->19037K(20416K)
[140.543s][info][gc             ] GC(1179) Pause Young (Prepare Mixed) (G1 Humongous Allocation) 1958M->1203M(2048M) 3.366ms
[140.543s][info][gc,cpu         ] GC(1179) User=0.00s Sys=0.02s Real=0.02s
[140.591s][info][gc,start       ] GC(1180) Pause Young (Mixed) (G1 Evacuation Pause)
[140.591s][info][gc,task        ] GC(1180) Using 33 workers of 33 for evacuation
[140.594s][info][gc,phases      ] GC(1180)   Pre Evacuate Collection Set: 0.3ms
[140.594s][info][gc,phases      ] GC(1180)   Merge Heap Roots: 0.3ms
[140.594s][info][gc,phases      ] GC(1180)   Evacuate Collection Set: 1.9ms
[140.594s][info][gc,phases      ] GC(1180)   Post Evacuate Collection Set: 0.8ms
[140.594s][info][gc,phases      ] GC(1180)   Other: 0.1ms
[140.594s][info][gc,heap        ] GC(1180) Eden regions: 713->0(725)
[140.594s][info][gc,heap        ] GC(1180) Survivor regions: 7->6(7)
[140.594s][info][gc,heap        ] GC(1180) Old regions: 59->58
[140.594s][info][gc,heap        ] GC(1180) Archive regions: 0->0
[140.594s][info][gc,heap        ] GC(1180) Humongous regions: 1262->1150
[140.594s][info][gc,metaspace   ] GC(1180) Metaspace: 128836K(130880K)->128836K(130880K) NonClass: 109799K(110464K)->109799K(110464K) Class: 19037K(20416K)->19037K(20416K)
[140.594s][info][gc             ] GC(1180) Pause Young (Mixed) (G1 Evacuation Pause) 2035M->1210M(2048M) 3.713ms
[140.594s][info][gc,cpu         ] GC(1180) User=0.00s Sys=0.00s Real=0.00s
[140.597s][info][gc,start       ] GC(1181) Pause Young (Concurrent Start) (G1 Humongous Allocation)
[140.597s][info][gc,task        ] GC(1181) Using 33 workers of 33 for evacuation
[140.600s][info][gc,phases      ] GC(1181)   Pre Evacuate Collection Set: 0.4ms
[140.600s][info][gc,phases      ] GC(1181)   Merge Heap Roots: 0.1ms
[140.600s][info][gc,phases      ] GC(1181)   Evacuate Collection Set: 1.7ms
[140.600s][info][gc,phases      ] GC(1181)   Post Evacuate Collection Set: 0.6ms
[140.600s][info][gc,phases      ] GC(1181)   Other: 0.1ms
[140.600s][info][gc,heap        ] GC(1181) Eden regions: 40->0(723)
[140.600s][info][gc,heap        ] GC(1181) Survivor regions: 6->7(92)
[140.600s][info][gc,heap        ] GC(1181) Old regions: 58->58
[140.600s][info][gc,heap        ] GC(1181) Archive regions: 0->0
[140.600s][info][gc,heap        ] GC(1181) Humongous regions: 1150->1150
[140.600s][info][gc,metaspace   ] GC(1181) Metaspace: 128836K(130880K)->128836K(130880K) NonClass: 109799K(110464K)->109799K(110464K) Class: 19037K(20416K)->19037K(20416K)
[140.600s][info][gc             ] GC(1181) Pause Young (Concurrent Start) (G1 Humongous Allocation) 1250M->1211M(2048M) 3.120ms
[140.600s][info][gc             ] GC(1182) Concurrent Mark Cycle
[140.600s][info][gc,marking     ] GC(1182) Concurrent Scan Root Regions
[140.600s][info][gc,cpu         ] GC(1181) User=0.00s Sys=0.00s Real=0.00s
[140.604s][info][gc,marking     ] GC(1182) Concurrent Scan Root Regions 4.151ms
[140.604s][info][gc,marking     ] GC(1182) Concurrent Mark
[140.604s][info][gc,marking     ] GC(1182) Concurrent Mark From Roots
[140.604s][info][gc,task        ] GC(1182) Using 8 workers of 8 for marking
[140.624s][info][gc,marking     ] GC(1182) Concurrent Mark From Roots 19.962ms
[140.624s][info][gc,marking     ] GC(1182) Concurrent Preclean
[140.625s][info][gc,marking     ] GC(1182) Concurrent Preclean 0.529ms
[140.625s][info][gc,start       ] GC(1182) Pause Remark
[140.628s][info][gc             ] GC(1182) Pause Remark 1588M->1588M(2048M) 3.178ms
[140.628s][info][gc,cpu         ] GC(1182) User=0.00s Sys=0.00s Real=0.00s
[140.628s][info][gc,marking     ] GC(1182) Concurrent Mark 24.106ms
[140.628s][info][gc,marking     ] GC(1182) Concurrent Rebuild Remembered Sets and Scrub Regions
[140.636s][info][gc,marking     ] GC(1182) Concurrent Rebuild Remembered Sets and Scrub Regions 7.521ms
[140.636s][info][gc,start       ] GC(1182) Pause Cleanup
[140.636s][info][gc             ] GC(1182) Pause Cleanup 1707M->1707M(2048M) 0.275ms
[140.636s][info][gc,cpu         ] GC(1182) User=0.00s Sys=0.00s Real=0.00s
[140.636s][info][gc,marking     ] GC(1182) Concurrent Clear Claimed Marks
[140.637s][info][gc,marking     ] GC(1182) Concurrent Clear Claimed Marks 0.198ms
[140.637s][info][gc,marking     ] GC(1182) Concurrent Cleanup for Next Mark
[140.639s][info][gc,marking     ] GC(1182) Concurrent Cleanup for Next Mark 2.457ms
[140.639s][info][gc             ] GC(1182) Concurrent Mark Cycle 39.274ms
[140.653s][info][gc,start       ] GC(1183) Pause Young (Prepare Mixed) (G1 Evacuation Pause)
[140.653s][info][gc,task        ] GC(1183) Using 33 workers of 33 for evacuation
[140.656s][info][gc,phases      ] GC(1183)   Pre Evacuate Collection Set: 0.3ms
[140.656s][info][gc,phases      ] GC(1183)   Merge Heap Roots: 0.8ms
[140.656s][info][gc,phases      ] GC(1183)   Evacuate Collection Set: 1.0ms
[140.656s][info][gc,phases      ] GC(1183)   Post Evacuate Collection Set: 0.8ms
[140.656s][info][gc,phases      ] GC(1183)   Other: 0.2ms
[140.656s][info][gc,heap        ] GC(1183) Eden regions: 723->0(692)
[140.656s][info][gc,heap        ] GC(1183) Survivor regions: 7->5(39)
[140.656s][info][gc,heap        ] GC(1183) Old regions: 58->58
[140.656s][info][gc,heap        ] GC(1183) Archive regions: 0->0
[140.656s][info][gc,heap        ] GC(1183) Humongous regions: 1221->1185
[140.656s][info][gc,metaspace   ] GC(1183) Metaspace: 128836K(130880K)->128836K(130880K) NonClass: 109799K(110464K)->109799K(110464K) Class: 19037K(20416K)->19037K(20416K)
[140.656s][info][gc             ] GC(1183) Pause Young (Prepare Mixed) (G1 Evacuation Pause) 2005M->1244M(2048M) 3.236ms
[140.656s][info][gc,cpu         ] GC(1183) User=0.00s Sys=0.00s Real=0.00s
[140.695s][info][gc,start       ] GC(1184) Pause Young (Mixed) (G1 Humongous Allocation)
[140.695s][info][gc,task        ] GC(1184) Using 33 workers of 33 for evacuation
[140.698s][info][gc,phases      ] GC(1184)   Pre Evacuate Collection Set: 0.3ms
[140.698s][info][gc,phases      ] GC(1184)   Merge Heap Roots: 0.2ms
[140.698s][info][gc,phases      ] GC(1184)   Evacuate Collection Set: 1.5ms
[140.698s][info][gc,phases      ] GC(1184)   Post Evacuate Collection Set: 0.8ms
[140.698s][info][gc,phases      ] GC(1184)   Other: 0.1ms
[140.698s][info][gc,heap        ] GC(1184) Eden regions: 601->0(672)
[140.698s][info][gc,heap        ] GC(1184) Survivor regions: 5->5(79)
[140.698s][info][gc,heap        ] GC(1184) Old regions: 58->57
[140.698s][info][gc,heap        ] GC(1184) Archive regions: 0->0
[140.698s][info][gc,heap        ] GC(1184) Humongous regions: 1305->1206
[140.698s][info][gc,metaspace   ] GC(1184) Metaspace: 128836K(130880K)->128836K(130880K) NonClass: 109799K(110464K)->109799K(110464K) Class: 19037K(20416K)->19037K(20416K)
[140.698s][info][gc             ] GC(1184) Pause Young (Mixed) (G1 Humongous Allocation) 1965M->1265M(2048M) 3.130ms
[140.698s][info][gc,cpu         ] GC(1184) User=0.00s Sys=0.00s Real=0.00s
[140.699s][info][gc,start       ] GC(1185) Pause Young (Concurrent Start) (G1 Humongous Allocation)
[140.699s][info][gc,task        ] GC(1185) Using 33 workers of 33 for evacuation
[140.701s][info][gc,phases      ] GC(1185)   Pre Evacuate Collection Set: 0.4ms
[140.701s][info][gc,phases      ] GC(1185)   Merge Heap Roots: 0.1ms
[140.701s][info][gc,phases      ] GC(1185)   Evacuate Collection Set: 1.3ms
[140.701s][info][gc,phases      ] GC(1185)   Post Evacuate Collection Set: 0.5ms
[140.701s][info][gc,phases      ] GC(1185)   Other: 0.1ms
[140.701s][info][gc,heap        ] GC(1185) Eden regions: 5->0(687)
[140.701s][info][gc,heap        ] GC(1185) Survivor regions: 5->5(85)
[140.701s][info][gc,heap        ] GC(1185) Old regions: 57->57
[140.702s][info][gc,heap        ] GC(1185) Archive regions: 0->0
[140.702s][info][gc,heap        ] GC(1185) Humongous regions: 1210->1191
[140.702s][info][gc,metaspace   ] GC(1185) Metaspace: 128836K(130880K)->128836K(130880K) NonClass: 109799K(110464K)->109799K(110464K) Class: 19037K(20416K)->19037K(20416K)
[140.702s][info][gc             ] GC(1185) Pause Young (Concurrent Start) (G1 Humongous Allocation) 1274M->1249M(2048M) 2.630ms
[140.702s][info][gc             ] GC(1186) Concurrent Mark Cycle
[140.702s][info][gc,cpu         ] GC(1185) User=0.06s Sys=0.00s Real=0.01s
[140.702s][info][gc,marking     ] GC(1186) Concurrent Scan Root Regions
[140.706s][info][gc,marking     ] GC(1186) Concurrent Scan Root Regions 4.048ms
[140.706s][info][gc,marking     ] GC(1186) Concurrent Mark
[140.706s][info][gc,marking     ] GC(1186) Concurrent Mark From Roots
[140.706s][info][gc,task        ] GC(1186) Using 8 workers of 8 for marking
[140.728s][info][gc,marking     ] GC(1186) Concurrent Mark From Roots 22.258ms
[140.728s][info][gc,marking     ] GC(1186) Concurrent Preclean
[140.729s][info][gc,marking     ] GC(1186) Concurrent Preclean 0.594ms
[140.729s][info][gc,start       ] GC(1186) Pause Remark
[140.732s][info][gc             ] GC(1186) Pause Remark 1674M->1674M(2048M) 3.080ms
[140.732s][info][gc,cpu         ] GC(1186) User=0.00s Sys=0.00s Real=0.00s
[140.733s][info][gc,marking     ] GC(1186) Concurrent Mark 26.770ms
[140.733s][info][gc,marking     ] GC(1186) Concurrent Rebuild Remembered Sets and Scrub Regions
[140.741s][info][gc,marking     ] GC(1186) Concurrent Rebuild Remembered Sets and Scrub Regions 8.312ms
[140.741s][info][gc,start       ] GC(1186) Pause Cleanup
[140.741s][info][gc             ] GC(1186) Pause Cleanup 1802M->1802M(2048M) 0.323ms
[140.741s][info][gc,cpu         ] GC(1186) User=0.00s Sys=0.00s Real=0.00s
[140.742s][info][gc,marking     ] GC(1186) Concurrent Clear Claimed Marks
[140.742s][info][gc,marking     ] GC(1186) Concurrent Clear Claimed Marks 0.200ms
[140.742s][info][gc,marking     ] GC(1186) Concurrent Cleanup for Next Mark
[140.744s][info][gc,marking     ] GC(1186) Concurrent Cleanup for Next Mark 2.405ms
[140.744s][info][gc             ] GC(1186) Concurrent Mark Cycle 42.642ms
[140.754s][info][gc,start       ] GC(1187) Pause Young (Prepare Mixed) (G1 Evacuation Pause)
[140.755s][info][gc,task        ] GC(1187) Using 33 workers of 33 for evacuation
[140.758s][info][gc,phases      ] GC(1187)   Pre Evacuate Collection Set: 0.3ms
[140.758s][info][gc,phases      ] GC(1187)   Merge Heap Roots: 0.8ms
[140.758s][info][gc,phases      ] GC(1187)   Evacuate Collection Set: 1.0ms
[140.758s][info][gc,phases      ] GC(1187)   Post Evacuate Collection Set: 0.8ms
[140.758s][info][gc,phases      ] GC(1187)   Other: 0.2ms
[140.758s][info][gc,heap        ] GC(1187) Eden regions: 687->0(686)
[140.758s][info][gc,heap        ] GC(1187) Survivor regions: 5->5(25)
[140.758s][info][gc,heap        ] GC(1187) Old regions: 57->57
[140.758s][info][gc,heap        ] GC(1187) Archive regions: 0->0
[140.758s][info][gc,heap        ] GC(1187) Humongous regions: 1274->1192
[140.758s][info][gc,metaspace   ] GC(1187) Metaspace: 128836K(130880K)->128836K(130880K) NonClass: 109799K(110464K)->109799K(110464K) Class: 19037K(20416K)->19037K(20416K)
[140.758s][info][gc             ] GC(1187) Pause Young (Prepare Mixed) (G1 Evacuation Pause) 2019M->1251M(2048M) 3.304ms
[140.758s][info][gc,cpu         ] GC(1187) User=0.00s Sys=0.00s Real=0.00s
[140.798s][info][gc,start       ] GC(1188) Pause Young (Mixed) (G1 Evacuation Pause)
[140.798s][info][gc,task        ] GC(1188) Using 33 workers of 33 for evacuation
[140.801s][info][gc,phases      ] GC(1188)   Pre Evacuate Collection Set: 0.3ms
[140.801s][info][gc,phases      ] GC(1188)   Merge Heap Roots: 0.3ms
[140.801s][info][gc,phases      ] GC(1188)   Evacuate Collection Set: 1.8ms
[140.801s][info][gc,phases      ] GC(1188)   Post Evacuate Collection Set: 0.9ms
[140.801s][info][gc,phases      ] GC(1188)   Other: 0.3ms
[140.802s][info][gc,heap        ] GC(1188) Eden regions: 686->0(659)
[140.802s][info][gc,heap        ] GC(1188) Survivor regions: 5->4(37)
[140.802s][info][gc,heap        ] GC(1188) Old regions: 57->57
[140.802s][info][gc,heap        ] GC(1188) Archive regions: 0->0
[140.802s][info][gc,heap        ] GC(1188) Humongous regions: 1263->1221
[140.802s][info][gc,metaspace   ] GC(1188) Metaspace: 128836K(130880K)->128836K(130880K) NonClass: 109799K(110464K)->109799K(110464K) Class: 19037K(20416K)->19037K(20416K)
[140.802s][info][gc             ] GC(1188) Pause Young (Mixed) (G1 Evacuation Pause) 2008M->1279M(2048M) 4.164ms
[140.802s][info][gc,cpu         ] GC(1188) User=0.00s Sys=0.00s Real=0.00s
[140.802s][info][gc,start       ] GC(1189) Pause Young (Concurrent Start) (G1 Humongous Allocation)
[140.802s][info][gc,task        ] GC(1189) Using 33 workers of 33 for evacuation
[140.805s][info][gc,phases      ] GC(1189)   Pre Evacuate Collection Set: 0.5ms
[140.805s][info][gc,phases      ] GC(1189)   Merge Heap Roots: 0.1ms
[140.805s][info][gc,phases      ] GC(1189)   Evacuate Collection Set: 1.5ms
[140.805s][info][gc,phases      ] GC(1189)   Post Evacuate Collection Set: 0.6ms
[140.805s][info][gc,phases      ] GC(1189)   Other: 0.1ms
[140.805s][info][gc,heap        ] GC(1189) Eden regions: 6->0(659)
[140.805s][info][gc,heap        ] GC(1189) Survivor regions: 4->4(83)
[140.805s][info][gc,heap        ] GC(1189) Old regions: 57->57
[140.805s][info][gc,heap        ] GC(1189) Archive regions: 0->0
[140.805s][info][gc,heap        ] GC(1189) Humongous regions: 1221->1221
[140.805s][info][gc,metaspace   ] GC(1189) Metaspace: 128836K(130880K)->128836K(130880K) NonClass: 109799K(110464K)->109799K(110464K) Class: 19037K(20416K)->19037K(20416K)
[140.805s][info][gc             ] GC(1189) Pause Young (Concurrent Start) (G1 Humongous Allocation) 1285M->1279M(2048M) 3.208ms
[140.806s][info][gc             ] GC(1190) Concurrent Mark Cycle
[140.806s][info][gc,cpu         ] GC(1189) User=0.00s Sys=0.00s Real=0.00s
[140.806s][info][gc,marking     ] GC(1190) Concurrent Scan Root Regions
[140.808s][info][gc,marking     ] GC(1190) Concurrent Scan Root Regions 2.239ms
[140.808s][info][gc,marking     ] GC(1190) Concurrent Mark
[140.808s][info][gc,marking     ] GC(1190) Concurrent Mark From Roots
[140.808s][info][gc,task        ] GC(1190) Using 8 workers of 8 for marking
[140.827s][info][gc,marking     ] GC(1190) Concurrent Mark From Roots 19.237ms
[140.827s][info][gc,marking     ] GC(1190) Concurrent Preclean
[140.828s][info][gc,marking     ] GC(1190) Concurrent Preclean 0.420ms
[140.828s][info][gc,start       ] GC(1190) Pause Remark
[140.831s][info][gc             ] GC(1190) Pause Remark 1581M->1581M(2048M) 3.217ms
[140.831s][info][gc,cpu         ] GC(1190) User=0.00s Sys=0.00s Real=0.00s
[140.831s][info][gc,marking     ] GC(1190) Concurrent Mark 23.323ms
[140.831s][info][gc,marking     ] GC(1190) Concurrent Rebuild Remembered Sets and Scrub Regions
[140.840s][info][gc,marking     ] GC(1190) Concurrent Rebuild Remembered Sets and Scrub Regions 9.076ms
[140.841s][info][gc,start       ] GC(1190) Pause Cleanup
[140.841s][info][gc             ] GC(1190) Pause Cleanup 1728M->1728M(2048M) 0.322ms
[140.841s][info][gc,cpu         ] GC(1190) User=0.00s Sys=0.00s Real=0.00s
[140.841s][info][gc,marking     ] GC(1190) Concurrent Clear Claimed Marks
[140.841s][info][gc,marking     ] GC(1190) Concurrent Clear Claimed Marks 0.212ms
[140.841s][info][gc,marking     ] GC(1190) Concurrent Cleanup for Next Mark
[140.844s][info][gc,marking     ] GC(1190) Concurrent Cleanup for Next Mark 2.480ms
[140.844s][info][gc             ] GC(1190) Concurrent Mark Cycle 38.275ms
[140.856s][info][gc,start       ] GC(1191) Pause Young (Prepare Mixed) (G1 Humongous Allocation)
[140.856s][info][gc,task        ] GC(1191) Using 33 workers of 33 for evacuation
[140.860s][info][gc,phases      ] GC(1191)   Pre Evacuate Collection Set: 0.3ms
[140.860s][info][gc,phases      ] GC(1191)   Merge Heap Roots: 0.8ms
[140.860s][info][gc,phases      ] GC(1191)   Evacuate Collection Set: 1.0ms
[140.860s][info][gc,phases      ] GC(1191)   Post Evacuate Collection Set: 0.9ms
[140.860s][info][gc,phases      ] GC(1191)   Other: 0.2ms
[140.860s][info][gc,heap        ] GC(1191) Eden regions: 612->0(648)
[140.860s][info][gc,heap        ] GC(1191) Survivor regions: 4->5(54)
[140.860s][info][gc,heap        ] GC(1191) Old regions: 57->57
[140.860s][info][gc,heap        ] GC(1191) Archive regions: 0->0
[140.860s][info][gc,heap        ] GC(1191) Humongous regions: 1321->1230
[140.860s][info][gc,metaspace   ] GC(1191) Metaspace: 128836K(130880K)->128836K(130880K) NonClass: 109799K(110464K)->109799K(110464K) Class: 19037K(20416K)->19037K(20416K)
[140.860s][info][gc             ] GC(1191) Pause Young (Prepare Mixed) (G1 Humongous Allocation) 1991M->1288M(2048M) 3.534ms
[140.860s][info][gc,cpu         ] GC(1191) User=0.00s Sys=0.00s Real=0.00s
[140.898s][info][gc,start       ] GC(1192) Pause Young (Mixed) (G1 Evacuation Pause)
[140.898s][info][gc,task        ] GC(1192) Using 33 workers of 33 for evacuation
[140.901s][info][gc,phases      ] GC(1192)   Pre Evacuate Collection Set: 0.3ms
[140.901s][info][gc,phases      ] GC(1192)   Merge Heap Roots: 0.3ms
[140.901s][info][gc,phases      ] GC(1192)   Evacuate Collection Set: 1.6ms
[140.901s][info][gc,phases      ] GC(1192)   Post Evacuate Collection Set: 0.8ms
[140.901s][info][gc,phases      ] GC(1192)   Other: 0.1ms
[140.901s][info][gc,heap        ] GC(1192) Eden regions: 648->0(641)
[140.901s][info][gc,heap        ] GC(1192) Survivor regions: 5->4(15)
[140.901s][info][gc,heap        ] GC(1192) Old regions: 57->57
[140.901s][info][gc,heap        ] GC(1192) Archive regions: 0->0
[140.901s][info][gc,heap        ] GC(1192) Humongous regions: 1323->1239
[140.901s][info][gc,metaspace   ] GC(1192) Metaspace: 128836K(130880K)->128836K(130880K) NonClass: 109799K(110464K)->109799K(110464K) Class: 19037K(20416K)->19037K(20416K)
[140.901s][info][gc             ] GC(1192) Pause Young (Mixed) (G1 Evacuation Pause) 2029M->1296M(2048M) 3.271ms
[140.901s][info][gc,cpu         ] GC(1192) User=0.52s Sys=0.00s Real=0.02s
[140.903s][info][gc,start       ] GC(1193) Pause Young (Concurrent Start) (G1 Humongous Allocation)
[140.903s][info][gc,task        ] GC(1193) Using 33 workers of 33 for evacuation
[140.905s][info][gc,phases      ] GC(1193)   Pre Evacuate Collection Set: 0.4ms
[140.905s][info][gc,phases      ] GC(1193)   Merge Heap Roots: 0.1ms
[140.905s][info][gc,phases      ] GC(1193)   Evacuate Collection Set: 1.7ms
[140.905s][info][gc,phases      ] GC(1193)   Post Evacuate Collection Set: 0.5ms
[140.905s][info][gc,phases      ] GC(1193)   Other: 0.0ms
[140.905s][info][gc,heap        ] GC(1193) Eden regions: 13->0(634)
[140.905s][info][gc,heap        ] GC(1193) Survivor regions: 4->4(81)
[140.905s][info][gc,heap        ] GC(1193) Old regions: 57->57
[140.905s][info][gc,heap        ] GC(1193) Archive regions: 0->0
[140.905s][info][gc,heap        ] GC(1193) Humongous regions: 1246->1246
[140.905s][info][gc,metaspace   ] GC(1193) Metaspace: 128836K(130880K)->128836K(130880K) NonClass: 109799K(110464K)->109799K(110464K) Class: 19037K(20416K)->19037K(20416K)
[140.905s][info][gc             ] GC(1193) Pause Young (Concurrent Start) (G1 Humongous Allocation) 1316M->1303M(2048M) 2.890ms
[140.906s][info][gc             ] GC(1194) Concurrent Mark Cycle
[140.906s][info][gc,cpu         ] GC(1193) User=0.00s Sys=0.00s Real=0.00s
[140.906s][info][gc,marking     ] GC(1194) Concurrent Scan Root Regions
[140.908s][info][gc,marking     ] GC(1194) Concurrent Scan Root Regions 2.242ms
[140.908s][info][gc,marking     ] GC(1194) Concurrent Mark
[140.908s][info][gc,marking     ] GC(1194) Concurrent Mark From Roots
[140.908s][info][gc,task        ] GC(1194) Using 8 workers of 8 for marking
[140.926s][info][gc,marking     ] GC(1194) Concurrent Mark From Roots 17.934ms
[140.926s][info][gc,marking     ] GC(1194) Concurrent Preclean
[140.926s][info][gc,marking     ] GC(1194) Concurrent Preclean 0.434ms
[140.926s][info][gc,start       ] GC(1194) Pause Remark
[140.930s][info][gc             ] GC(1194) Pause Remark 1597M->1597M(2048M) 3.086ms
[140.930s][info][gc,cpu         ] GC(1194) User=0.00s Sys=0.00s Real=0.00s
[140.930s][info][gc,marking     ] GC(1194) Concurrent Mark 21.876ms
[140.930s][info][gc,marking     ] GC(1194) Concurrent Rebuild Remembered Sets and Scrub Regions
[140.937s][info][gc,marking     ] GC(1194) Concurrent Rebuild Remembered Sets and Scrub Regions 7.445ms
[140.937s][info][gc,start       ] GC(1194) Pause Cleanup
[140.938s][info][gc             ] GC(1194) Pause Cleanup 1718M->1718M(2048M) 0.312ms
[140.938s][info][gc,cpu         ] GC(1194) User=0.00s Sys=0.00s Real=0.00s
[140.938s][info][gc,marking     ] GC(1194) Concurrent Clear Claimed Marks
[140.938s][info][gc,marking     ] GC(1194) Concurrent Clear Claimed Marks 0.207ms
[140.938s][info][gc,marking     ] GC(1194) Concurrent Cleanup for Next Mark
[140.941s][info][gc,marking     ] GC(1194) Concurrent Cleanup for Next Mark 2.384ms
[140.941s][info][gc             ] GC(1194) Concurrent Mark Cycle 35.104ms
[140.952s][info][gc,start       ] GC(1195) Pause Young (Prepare Mixed) (G1 Humongous Allocation)
[140.952s][info][gc,task        ] GC(1195) Using 33 workers of 33 for evacuation
[140.955s][info][gc,phases      ] GC(1195)   Pre Evacuate Collection Set: 0.3ms
[140.955s][info][gc,phases      ] GC(1195)   Merge Heap Roots: 0.7ms
[140.955s][info][gc,phases      ] GC(1195)   Evacuate Collection Set: 1.0ms
[140.955s][info][gc,phases      ] GC(1195)   Post Evacuate Collection Set: 0.7ms
[140.955s][info][gc,phases      ] GC(1195)   Other: 0.1ms
[140.955s][info][gc,heap        ] GC(1195) Eden regions: 601->0(631)
[140.955s][info][gc,heap        ] GC(1195) Survivor regions: 4->4(75)
[140.955s][info][gc,heap        ] GC(1195) Old regions: 57->57
[140.955s][info][gc,heap        ] GC(1195) Archive regions: 0->0
[140.955s][info][gc,heap        ] GC(1195) Humongous regions: 1311->1249
[140.955s][info][gc,metaspace   ] GC(1195) Metaspace: 128836K(130880K)->128836K(130880K) NonClass: 109799K(110464K)->109799K(110464K) Class: 19037K(20416K)->19037K(20416K)
[140.955s][info][gc             ] GC(1195) Pause Young (Prepare Mixed) (G1 Humongous Allocation) 1969M->1307M(2048M) 3.099ms
[140.955s][info][gc,cpu         ] GC(1195) User=0.00s Sys=0.00s Real=0.00s
[140.989s][info][gc,start       ] GC(1196) Pause Young (Mixed) (G1 Humongous Allocation)
[140.989s][info][gc,task        ] GC(1196) Using 33 workers of 33 for evacuation
[140.993s][info][gc,phases      ] GC(1196)   Pre Evacuate Collection Set: 0.3ms
[140.993s][info][gc,phases      ] GC(1196)   Merge Heap Roots: 0.3ms
[140.993s][info][gc,phases      ] GC(1196)   Evacuate Collection Set: 1.6ms
[140.993s][info][gc,phases      ] GC(1196)   Post Evacuate Collection Set: 0.9ms
[140.993s][info][gc,phases      ] GC(1196)   Other: 0.2ms
[140.993s][info][gc,heap        ] GC(1196) Eden regions: 563->0(615)
[140.993s][info][gc,heap        ] GC(1196) Survivor regions: 4->3(80)
[140.993s][info][gc,heap        ] GC(1196) Old regions: 57->58
[140.993s][info][gc,heap        ] GC(1196) Archive regions: 0->0
[140.993s][info][gc,heap        ] GC(1196) Humongous regions: 1337->1266
[140.993s][info][gc,metaspace   ] GC(1196) Metaspace: 128836K(130880K)->128836K(130880K) NonClass: 109799K(110464K)->109799K(110464K) Class: 19037K(20416K)->19037K(20416K)
[140.993s][info][gc             ] GC(1196) Pause Young (Mixed) (G1 Humongous Allocation) 1958M->1323M(2048M) 3.863ms
[140.993s][info][gc,cpu         ] GC(1196) User=0.00s Sys=0.00s Real=0.00s
[140.995s][info][gc,start       ] GC(1197) Pause Young (Concurrent Start) (G1 Humongous Allocation)
[140.995s][info][gc,task        ] GC(1197) Using 33 workers of 33 for evacuation
[140.998s][info][gc,phases      ] GC(1197)   Pre Evacuate Collection Set: 0.5ms
[140.998s][info][gc,phases      ] GC(1197)   Merge Heap Roots: 0.1ms
[140.998s][info][gc,phases      ] GC(1197)   Evacuate Collection Set: 1.8ms
[140.998s][info][gc,phases      ] GC(1197)   Post Evacuate Collection Set: 0.7ms
[140.999s][info][gc,phases      ] GC(1197)   Other: 0.1ms
[140.999s][info][gc,heap        ] GC(1197) Eden regions: 28->0(618)
[140.999s][info][gc,heap        ] GC(1197) Survivor regions: 3->3(78)
[140.999s][info][gc,heap        ] GC(1197) Old regions: 58->58
[140.999s][info][gc,heap        ] GC(1197) Archive regions: 0->0
[140.999s][info][gc,heap        ] GC(1197) Humongous regions: 1270->1263
[140.999s][info][gc,metaspace   ] GC(1197) Metaspace: 128836K(130880K)->128836K(130880K) NonClass: 109799K(110464K)->109799K(110464K) Class: 19037K(20416K)->19037K(20416K)
[140.999s][info][gc             ] GC(1197) Pause Young (Concurrent Start) (G1 Humongous Allocation) 1354M->1320M(2048M) 3.683ms
[140.999s][info][gc             ] GC(1198) Concurrent Mark Cycle
[140.999s][info][gc,marking     ] GC(1198) Concurrent Scan Root Regions
[140.999s][info][gc,cpu         ] GC(1197) User=0.00s Sys=0.00s Real=0.00s
[141.003s][info][gc,marking     ] GC(1198) Concurrent Scan Root Regions 4.268ms
[141.003s][info][gc,marking     ] GC(1198) Concurrent Mark
[141.003s][info][gc,marking     ] GC(1198) Concurrent Mark From Roots
[141.003s][info][gc,task        ] GC(1198) Using 8 workers of 8 for marking
[141.025s][info][gc,marking     ] GC(1198) Concurrent Mark From Roots 21.838ms
[141.025s][info][gc,marking     ] GC(1198) Concurrent Preclean
[141.026s][info][gc,marking     ] GC(1198) Concurrent Preclean 0.637ms
[141.026s][info][gc,start       ] GC(1198) Pause Remark
[141.029s][info][gc             ] GC(1198) Pause Remark 1757M->1757M(2048M) 3.161ms
[141.029s][info][gc,cpu         ] GC(1198) User=0.00s Sys=0.00s Real=0.00s
[141.029s][info][gc,marking     ] GC(1198) Concurrent Mark 26.247ms
[141.030s][info][gc,marking     ] GC(1198) Concurrent Rebuild Remembered Sets and Scrub Regions
[141.037s][info][gc,marking     ] GC(1198) Concurrent Rebuild Remembered Sets and Scrub Regions 7.268ms
[141.038s][info][gc,start       ] GC(1198) Pause Cleanup
[141.038s][info][gc             ] GC(1198) Pause Cleanup 1871M->1871M(2048M) 0.378ms
[141.038s][info][gc,cpu         ] GC(1198) User=0.00s Sys=0.00s Real=0.00s
[141.038s][info][gc,marking     ] GC(1198) Concurrent Clear Claimed Marks
[141.038s][info][gc,marking     ] GC(1198) Concurrent Clear Claimed Marks 0.207ms
[141.038s][info][gc,marking     ] GC(1198) Concurrent Cleanup for Next Mark
[141.041s][info][gc,marking     ] GC(1198) Concurrent Cleanup for Next Mark 2.662ms
[141.041s][info][gc             ] GC(1198) Concurrent Mark Cycle 42.197ms
[141.045s][info][gc,start       ] GC(1199) Pause Young (Prepare Mixed) (G1 Humongous Allocation)
[141.045s][info][gc,task        ] GC(1199) Using 33 workers of 33 for evacuation
[141.048s][info][gc,phases      ] GC(1199)   Pre Evacuate Collection Set: 0.3ms
[141.048s][info][gc,phases      ] GC(1199)   Merge Heap Roots: 0.8ms
[141.048s][info][gc,phases      ] GC(1199)   Evacuate Collection Set: 0.9ms
[141.048s][info][gc,phases      ] GC(1199)   Post Evacuate Collection Set: 0.8ms
[141.048s][info][gc,phases      ] GC(1199)   Other: 0.1ms
[141.048s][info][gc,heap        ] GC(1199) Eden regions: 579->0(605)
[141.048s][info][gc,heap        ] GC(1199) Survivor regions: 3->2(71)
[141.048s][info][gc,heap        ] GC(1199) Old regions: 58->58
[141.048s][info][gc,heap        ] GC(1199) Archive regions: 0->0
[141.048s][info][gc,heap        ] GC(1199) Humongous regions: 1337->1278
[141.048s][info][gc,metaspace   ] GC(1199) Metaspace: 128836K(130880K)->128836K(130880K) NonClass: 109799K(110464K)->109799K(110464K) Class: 19037K(20416K)->19037K(20416K)
[141.048s][info][gc             ] GC(1199) Pause Young (Prepare Mixed) (G1 Humongous Allocation) 1973M->1335M(2048M) 3.116ms
[141.048s][info][gc,cpu         ] GC(1199) User=0.02s Sys=0.00s Real=0.02s
[141.083s][info][gc,start       ] GC(1200) Pause Young (Mixed) (G1 Humongous Allocation)
[141.083s][info][gc,task        ] GC(1200) Using 33 workers of 33 for evacuation
[141.085s][info][gc,phases      ] GC(1200)   Pre Evacuate Collection Set: 0.3ms
[141.086s][info][gc,phases      ] GC(1200)   Merge Heap Roots: 0.3ms
[141.086s][info][gc,phases      ] GC(1200)   Evacuate Collection Set: 1.4ms
[141.086s][info][gc,phases      ] GC(1200)   Post Evacuate Collection Set: 0.7ms
[141.086s][info][gc,phases      ] GC(1200)   Other: 0.1ms
[141.086s][info][gc,heap        ] GC(1200) Eden regions: 552->0(599)
[141.086s][info][gc,heap        ] GC(1200) Survivor regions: 2->2(66)
[141.086s][info][gc,heap        ] GC(1200) Old regions: 58->57
[141.086s][info][gc,heap        ] GC(1200) Archive regions: 0->0
[141.086s][info][gc,heap        ] GC(1200) Humongous regions: 1370->1285
[141.086s][info][gc,metaspace   ] GC(1200) Metaspace: 128836K(130880K)->128836K(130880K) NonClass: 109799K(110464K)->109799K(110464K) Class: 19037K(20416K)->19037K(20416K)
[141.086s][info][gc             ] GC(1200) Pause Young (Mixed) (G1 Humongous Allocation) 1978M->1340M(2048M) 3.001ms
[141.086s][info][gc,cpu         ] GC(1200) User=0.00s Sys=0.00s Real=0.00s
[141.087s][info][gc,start       ] GC(1201) Pause Young (Concurrent Start) (G1 Humongous Allocation)
[141.087s][info][gc,task        ] GC(1201) Using 33 workers of 33 for evacuation
[141.090s][info][gc,phases      ] GC(1201)   Pre Evacuate Collection Set: 0.5ms
[141.090s][info][gc,phases      ] GC(1201)   Merge Heap Roots: 0.1ms
[141.090s][info][gc,phases      ] GC(1201)   Evacuate Collection Set: 1.9ms
[141.090s][info][gc,phases      ] GC(1201)   Post Evacuate Collection Set: 0.5ms
[141.090s][info][gc,phases      ] GC(1201)   Other: 0.1ms
[141.090s][info][gc,heap        ] GC(1201) Eden regions: 24->0(595)
[141.090s][info][gc,heap        ] GC(1201) Survivor regions: 2->2(76)
[141.090s][info][gc,heap        ] GC(1201) Old regions: 57->57
[141.090s][info][gc,heap        ] GC(1201) Archive regions: 0->0
[141.091s][info][gc,heap        ] GC(1201) Humongous regions: 1289->1289
[141.091s][info][gc,metaspace   ] GC(1201) Metaspace: 128836K(130880K)->128836K(130880K) NonClass: 109799K(110464K)->109799K(110464K) Class: 19037K(20416K)->19037K(20416K)
[141.091s][info][gc             ] GC(1201) Pause Young (Concurrent Start) (G1 Humongous Allocation) 1368M->1344M(2048M) 3.193ms
[141.091s][info][gc             ] GC(1202) Concurrent Mark Cycle
[141.091s][info][gc,cpu         ] GC(1201) User=0.00s Sys=0.00s Real=0.00s
[141.091s][info][gc,marking     ] GC(1202) Concurrent Scan Root Regions
[141.094s][info][gc,marking     ] GC(1202) Concurrent Scan Root Regions 3.556ms
[141.094s][info][gc,marking     ] GC(1202) Concurrent Mark
[141.094s][info][gc,marking     ] GC(1202) Concurrent Mark From Roots
[141.094s][info][gc,task        ] GC(1202) Using 8 workers of 8 for marking
[141.115s][info][gc,marking     ] GC(1202) Concurrent Mark From Roots 20.383ms
[141.115s][info][gc,marking     ] GC(1202) Concurrent Preclean
[141.115s][info][gc,marking     ] GC(1202) Concurrent Preclean 0.456ms
[141.116s][info][gc,start       ] GC(1202) Pause Remark
[141.119s][info][gc             ] GC(1202) Pause Remark 1650M->1650M(2048M) 3.223ms
[141.119s][info][gc,cpu         ] GC(1202) User=0.00s Sys=0.00s Real=0.00s
[141.119s][info][gc,marking     ] GC(1202) Concurrent Mark 24.865ms
[141.119s][info][gc,marking     ] GC(1202) Concurrent Rebuild Remembered Sets and Scrub Regions
[141.126s][info][gc,marking     ] GC(1202) Concurrent Rebuild Remembered Sets and Scrub Regions 6.571ms
[141.126s][info][gc,start       ] GC(1202) Pause Cleanup
[141.127s][info][gc             ] GC(1202) Pause Cleanup 1725M->1725M(2048M) 0.298ms
[141.127s][info][gc,cpu         ] GC(1202) User=0.00s Sys=0.00s Real=0.00s
[141.127s][info][gc,marking     ] GC(1202) Concurrent Clear Claimed Marks
[141.127s][info][gc,marking     ] GC(1202) Concurrent Clear Claimed Marks 0.176ms
[141.127s][info][gc,marking     ] GC(1202) Concurrent Cleanup for Next Mark
[141.129s][info][gc,marking     ] GC(1202) Concurrent Cleanup for Next Mark 2.127ms
[141.129s][info][gc             ] GC(1202) Concurrent Mark Cycle 38.516ms
[141.146s][info][gc,start       ] GC(1203) Pause Young (Prepare Mixed) (G1 Humongous Allocation)
[141.146s][info][gc,task        ] GC(1203) Using 33 workers of 33 for evacuation
[141.149s][info][gc,phases      ] GC(1203)   Pre Evacuate Collection Set: 0.3ms
[141.149s][info][gc,phases      ] GC(1203)   Merge Heap Roots: 0.8ms
[141.149s][info][gc,phases      ] GC(1203)   Evacuate Collection Set: 0.8ms
[141.149s][info][gc,phases      ] GC(1203)   Post Evacuate Collection Set: 0.7ms
[141.149s][info][gc,phases      ] GC(1203)   Other: 0.1ms
[141.149s][info][gc,heap        ] GC(1203) Eden regions: 589->0(606)
[141.149s][info][gc,heap        ] GC(1203) Survivor regions: 2->3(38)
[141.149s][info][gc,heap        ] GC(1203) Old regions: 57->57
[141.149s][info][gc,heap        ] GC(1203) Archive regions: 0->0
[141.149s][info][gc,heap        ] GC(1203) Humongous regions: 1362->1276
[141.149s][info][gc,metaspace   ] GC(1203) Metaspace: 128836K(130880K)->128836K(130880K) NonClass: 109799K(110464K)->109799K(110464K) Class: 19037K(20416K)->19037K(20416K)
[141.149s][info][gc             ] GC(1203) Pause Young (Prepare Mixed) (G1 Humongous Allocation) 2006M->1332M(2048M) 3.081ms
[141.149s][info][gc,cpu         ] GC(1203) User=0.00s Sys=0.00s Real=0.00s
[141.187s][info][gc,start       ] GC(1204) Pause Young (Mixed) (G1 Evacuation Pause)
[141.187s][info][gc,task        ] GC(1204) Using 33 workers of 33 for evacuation
[141.190s][info][gc,phases      ] GC(1204)   Pre Evacuate Collection Set: 0.3ms
[141.190s][info][gc,phases      ] GC(1204)   Merge Heap Roots: 0.2ms
[141.190s][info][gc,phases      ] GC(1204)   Evacuate Collection Set: 1.2ms
[141.190s][info][gc,phases      ] GC(1204)   Post Evacuate Collection Set: 0.7ms
[141.190s][info][gc,phases      ] GC(1204)   Other: 0.1ms
[141.190s][info][gc,heap        ] GC(1204) Eden regions: 606->0(603)
[141.190s][info][gc,heap        ] GC(1204) Survivor regions: 3->2(77)
[141.190s][info][gc,heap        ] GC(1204) Old regions: 57->56
[141.190s][info][gc,heap        ] GC(1204) Archive regions: 0->0
[141.190s][info][gc,heap        ] GC(1204) Humongous regions: 1300->1282
[141.190s][info][gc,metaspace   ] GC(1204) Metaspace: 128836K(130880K)->128836K(130880K) NonClass: 109799K(110464K)->109799K(110464K) Class: 19037K(20416K)->19037K(20416K)
[141.190s][info][gc             ] GC(1204) Pause Young (Mixed) (G1 Evacuation Pause) 1962M->1336M(2048M) 2.801ms
[141.190s][info][gc,cpu         ] GC(1204) User=0.00s Sys=0.00s Real=0.00s
[141.193s][info][gc,start       ] GC(1205) Pause Young (Concurrent Start) (G1 Humongous Allocation)
[141.193s][info][gc,task        ] GC(1205) Using 33 workers of 33 for evacuation
[141.196s][info][gc,phases      ] GC(1205)   Pre Evacuate Collection Set: 0.5ms
[141.196s][info][gc,phases      ] GC(1205)   Merge Heap Roots: 0.1ms
[141.196s][info][gc,phases      ] GC(1205)   Evacuate Collection Set: 1.1ms
[141.196s][info][gc,phases      ] GC(1205)   Post Evacuate Collection Set: 0.6ms
[141.196s][info][gc,phases      ] GC(1205)   Other: 0.1ms
[141.196s][info][gc,heap        ] GC(1205) Eden regions: 55->0(603)
[141.196s][info][gc,heap        ] GC(1205) Survivor regions: 2->2(76)
[141.196s][info][gc,heap        ] GC(1205) Old regions: 56->56
[141.196s][info][gc,heap        ] GC(1205) Archive regions: 0->0
[141.196s][info][gc,heap        ] GC(1205) Humongous regions: 1282->1282
[141.196s][info][gc,metaspace   ] GC(1205) Metaspace: 128836K(130880K)->128836K(130880K) NonClass: 109799K(110464K)->109799K(110464K) Class: 19037K(20416K)->19037K(20416K)
[141.196s][info][gc             ] GC(1205) Pause Young (Concurrent Start) (G1 Humongous Allocation) 1391M->1336M(2048M) 2.782ms
[141.196s][info][gc             ] GC(1206) Concurrent Mark Cycle
[141.196s][info][gc,marking     ] GC(1206) Concurrent Scan Root Regions
[141.196s][info][gc,cpu         ] GC(1205) User=0.00s Sys=0.00s Real=0.00s
[141.198s][info][gc,marking     ] GC(1206) Concurrent Scan Root Regions 1.845ms
[141.198s][info][gc,marking     ] GC(1206) Concurrent Mark
[141.198s][info][gc,marking     ] GC(1206) Concurrent Mark From Roots
[141.198s][info][gc,task        ] GC(1206) Using 8 workers of 8 for marking
[141.214s][info][gc,marking     ] GC(1206) Concurrent Mark From Roots 15.720ms
[141.214s][info][gc,marking     ] GC(1206) Concurrent Preclean
[141.214s][info][gc,marking     ] GC(1206) Concurrent Preclean 0.399ms
[141.214s][info][gc,start       ] GC(1206) Pause Remark
[141.217s][info][gc             ] GC(1206) Pause Remark 1554M->1554M(2048M) 3.047ms
[141.218s][info][gc,cpu         ] GC(1206) User=0.00s Sys=0.00s Real=0.00s
[141.218s][info][gc,marking     ] GC(1206) Concurrent Mark 19.577ms
[141.218s][info][gc,marking     ] GC(1206) Concurrent Rebuild Remembered Sets and Scrub Regions
[141.224s][info][gc,marking     ] GC(1206) Concurrent Rebuild Remembered Sets and Scrub Regions 6.041ms
[141.224s][info][gc,start       ] GC(1206) Pause Cleanup
[141.225s][info][gc             ] GC(1206) Pause Cleanup 1636M->1636M(2048M) 0.277ms
[141.225s][info][gc,cpu         ] GC(1206) User=0.00s Sys=0.00s Real=0.00s
[141.225s][info][gc,marking     ] GC(1206) Concurrent Clear Claimed Marks
[141.225s][info][gc,marking     ] GC(1206) Concurrent Clear Claimed Marks 0.177ms
[141.225s][info][gc,marking     ] GC(1206) Concurrent Cleanup for Next Mark
[141.227s][info][gc,marking     ] GC(1206) Concurrent Cleanup for Next Mark 2.138ms
[141.227s][info][gc             ] GC(1206) Concurrent Mark Cycle 31.025ms
[141.249s][info][gc,start       ] GC(1207) Pause Young (Prepare Mixed) (G1 Evacuation Pause)
[141.249s][info][gc,task        ] GC(1207) Using 33 workers of 33 for evacuation
[141.252s][info][gc,phases      ] GC(1207)   Pre Evacuate Collection Set: 0.3ms
[141.252s][info][gc,phases      ] GC(1207)   Merge Heap Roots: 0.8ms
[141.252s][info][gc,phases      ] GC(1207)   Evacuate Collection Set: 0.7ms
[141.252s][info][gc,phases      ] GC(1207)   Post Evacuate Collection Set: 0.8ms
[141.252s][info][gc,phases      ] GC(1207)   Other: 0.2ms
[141.252s][info][gc,heap        ] GC(1207) Eden regions: 603->0(602)
[141.252s][info][gc,heap        ] GC(1207) Survivor regions: 2->2(76)
[141.252s][info][gc,heap        ] GC(1207) Old regions: 56->56
[141.252s][info][gc,heap        ] GC(1207) Archive regions: 0->0
[141.252s][info][gc,heap        ] GC(1207) Humongous regions: 1308->1283
[141.252s][info][gc,metaspace   ] GC(1207) Metaspace: 128836K(130880K)->128836K(130880K) NonClass: 109799K(110464K)->109799K(110464K) Class: 19037K(20416K)->19037K(20416K)
[141.252s][info][gc             ] GC(1207) Pause Young (Prepare Mixed) (G1 Evacuation Pause) 1965M->1337M(2048M) 3.012ms
[141.252s][info][gc,cpu         ] GC(1207) User=0.00s Sys=0.00s Real=0.00s
[141.294s][info][gc,start       ] GC(1208) Pause Young (Mixed) (G1 Evacuation Pause)
[141.294s][info][gc,task        ] GC(1208) Using 33 workers of 33 for evacuation
[141.297s][info][gc,phases      ] GC(1208)   Pre Evacuate Collection Set: 0.3ms
[141.297s][info][gc,phases      ] GC(1208)   Merge Heap Roots: 0.3ms
[141.297s][info][gc,phases      ] GC(1208)   Evacuate Collection Set: 1.4ms
[141.297s][info][gc,phases      ] GC(1208)   Post Evacuate Collection Set: 0.9ms
[141.297s][info][gc,phases      ] GC(1208)   Other: 0.2ms
[141.297s][info][gc,heap        ] GC(1208) Eden regions: 602->0(603)
[141.297s][info][gc,heap        ] GC(1208) Survivor regions: 2->2(76)
[141.297s][info][gc,heap        ] GC(1208) Old regions: 56->55
[141.297s][info][gc,heap        ] GC(1208) Archive regions: 0->0
[141.297s][info][gc,heap        ] GC(1208) Humongous regions: 1302->1283
[141.297s][info][gc,metaspace   ] GC(1208) Metaspace: 128836K(130880K)->128836K(130880K) NonClass: 109799K(110464K)->109799K(110464K) Class: 19037K(20416K)->19037K(20416K)
[141.298s][info][gc             ] GC(1208) Pause Young (Mixed) (G1 Evacuation Pause) 1958M->1336M(2048M) 3.625ms
[141.298s][info][gc,cpu         ] GC(1208) User=0.00s Sys=0.00s Real=0.00s
[141.299s][info][gc,start       ] GC(1209) Pause Young (Concurrent Start) (G1 Humongous Allocation)
[141.299s][info][gc,task        ] GC(1209) Using 33 workers of 33 for evacuation
[141.302s][info][gc,phases      ] GC(1209)   Pre Evacuate Collection Set: 0.5ms
[141.302s][info][gc,phases      ] GC(1209)   Merge Heap Roots: 0.1ms
[141.302s][info][gc,phases      ] GC(1209)   Evacuate Collection Set: 1.7ms
[141.302s][info][gc,phases      ] GC(1209)   Post Evacuate Collection Set: 0.7ms
[141.302s][info][gc,phases      ] GC(1209)   Other: 0.1ms
[141.302s][info][gc,heap        ] GC(1209) Eden regions: 16->0(610)
[141.302s][info][gc,heap        ] GC(1209) Survivor regions: 2->2(76)
[141.302s][info][gc,heap        ] GC(1209) Old regions: 55->55
[141.302s][info][gc,heap        ] GC(1209) Archive regions: 0->0
[141.302s][info][gc,heap        ] GC(1209) Humongous regions: 1283->1276
[141.302s][info][gc,metaspace   ] GC(1209) Metaspace: 128836K(130880K)->128836K(130880K) NonClass: 109799K(110464K)->109799K(110464K) Class: 19037K(20416K)->19037K(20416K)
[141.302s][info][gc             ] GC(1209) Pause Young (Concurrent Start) (G1 Humongous Allocation) 1351M->1329M(2048M) 3.522ms
[141.302s][info][gc             ] GC(1210) Concurrent Mark Cycle
[141.303s][info][gc,cpu         ] GC(1209) User=0.00s Sys=0.00s Real=0.00s
[141.303s][info][gc,marking     ] GC(1210) Concurrent Scan Root Regions
[141.305s][info][gc,marking     ] GC(1210) Concurrent Scan Root Regions 2.259ms
[141.305s][info][gc,marking     ] GC(1210) Concurrent Mark
[141.305s][info][gc,marking     ] GC(1210) Concurrent Mark From Roots
[141.305s][info][gc,task        ] GC(1210) Using 8 workers of 8 for marking
[141.324s][info][gc,marking     ] GC(1210) Concurrent Mark From Roots 19.000ms
[141.324s][info][gc,marking     ] GC(1210) Concurrent Preclean
[141.324s][info][gc,marking     ] GC(1210) Concurrent Preclean 0.431ms
[141.325s][info][gc,start       ] GC(1210) Pause Remark
[141.328s][info][gc             ] GC(1210) Pause Remark 1571M->1571M(2048M) 3.252ms
[141.328s][info][gc,cpu         ] GC(1210) User=0.00s Sys=0.00s Real=0.00s
[141.328s][info][gc,marking     ] GC(1210) Concurrent Mark 23.161ms
[141.328s][info][gc,marking     ] GC(1210) Concurrent Rebuild Remembered Sets and Scrub Regions
[141.335s][info][gc,marking     ] GC(1210) Concurrent Rebuild Remembered Sets and Scrub Regions 6.508ms
[141.335s][info][gc,start       ] GC(1210) Pause Cleanup
[141.335s][info][gc             ] GC(1210) Pause Cleanup 1653M->1653M(2048M) 0.320ms
[141.335s][info][gc,cpu         ] GC(1210) User=0.00s Sys=0.00s Real=0.00s
[141.335s][info][gc,marking     ] GC(1210) Concurrent Clear Claimed Marks
[141.335s][info][gc,marking     ] GC(1210) Concurrent Clear Claimed Marks 0.189ms
[141.335s][info][gc,marking     ] GC(1210) Concurrent Cleanup for Next Mark
[141.338s][info][gc,marking     ] GC(1210) Concurrent Cleanup for Next Mark 2.148ms
[141.338s][info][gc             ] GC(1210) Concurrent Mark Cycle 35.177ms
[141.355s][info][gc,start       ] GC(1211) Pause Young (Prepare Mixed) (G1 Evacuation Pause)
[141.355s][info][gc,task        ] GC(1211) Using 33 workers of 33 for evacuation
[141.358s][info][gc,phases      ] GC(1211)   Pre Evacuate Collection Set: 0.3ms
[141.358s][info][gc,phases      ] GC(1211)   Merge Heap Roots: 0.8ms
[141.358s][info][gc,phases      ] GC(1211)   Evacuate Collection Set: 0.8ms
[141.358s][info][gc,phases      ] GC(1211)   Post Evacuate Collection Set: 0.9ms
[141.358s][info][gc,phases      ] GC(1211)   Other: 0.2ms
[141.358s][info][gc,heap        ] GC(1211) Eden regions: 610->0(608)
[141.358s][info][gc,heap        ] GC(1211) Survivor regions: 2->2(77)
[141.358s][info][gc,heap        ] GC(1211) Old regions: 55->55
[141.358s][info][gc,heap        ] GC(1211) Archive regions: 0->0
[141.358s][info][gc,heap        ] GC(1211) Humongous regions: 1290->1278
[141.358s][info][gc,metaspace   ] GC(1211) Metaspace: 128836K(130880K)->128836K(130880K) NonClass: 109799K(110464K)->109799K(110464K) Class: 19037K(20416K)->19037K(20416K)
[141.358s][info][gc             ] GC(1211) Pause Young (Prepare Mixed) (G1 Evacuation Pause) 1953M->1331M(2048M) 3.470ms
[141.358s][info][gc,cpu         ] GC(1211) User=0.00s Sys=0.00s Real=0.00s
[141.397s][info][gc,start       ] GC(1212) Pause Young (Mixed) (G1 Evacuation Pause)
[141.397s][info][gc,task        ] GC(1212) Using 33 workers of 33 for evacuation
[141.400s][info][gc,phases      ] GC(1212)   Pre Evacuate Collection Set: 0.3ms
[141.400s][info][gc,phases      ] GC(1212)   Merge Heap Roots: 0.3ms
[141.400s][info][gc,phases      ] GC(1212)   Evacuate Collection Set: 1.4ms
[141.400s][info][gc,phases      ] GC(1212)   Post Evacuate Collection Set: 0.7ms
[141.400s][info][gc,phases      ] GC(1212)   Other: 0.1ms
[141.400s][info][gc,heap        ] GC(1212) Eden regions: 608->0(600)
[141.400s][info][gc,heap        ] GC(1212) Survivor regions: 2->2(77)
[141.400s][info][gc,heap        ] GC(1212) Old regions: 55->54
[141.400s][info][gc,heap        ] GC(1212) Archive regions: 0->0
[141.400s][info][gc,heap        ] GC(1212) Humongous regions: 1297->1287
[141.400s][info][gc,metaspace   ] GC(1212) Metaspace: 128836K(130880K)->128836K(130880K) NonClass: 109799K(110464K)->109799K(110464K) Class: 19037K(20416K)->19037K(20416K)
[141.401s][info][gc             ] GC(1212) Pause Young (Mixed) (G1 Evacuation Pause) 1958M->1339M(2048M) 3.102ms
[141.401s][info][gc,cpu         ] GC(1212) User=0.03s Sys=0.00s Real=0.02s
[141.404s][info][gc,start       ] GC(1213) Pause Young (Concurrent Start) (G1 Humongous Allocation)
[141.404s][info][gc,task        ] GC(1213) Using 33 workers of 33 for evacuation
[141.407s][info][gc,phases      ] GC(1213)   Pre Evacuate Collection Set: 0.5ms
[141.407s][info][gc,phases      ] GC(1213)   Merge Heap Roots: 0.1ms
[141.407s][info][gc,phases      ] GC(1213)   Evacuate Collection Set: 1.4ms
[141.407s][info][gc,phases      ] GC(1213)   Post Evacuate Collection Set: 0.5ms
[141.407s][info][gc,phases      ] GC(1213)   Other: 0.1ms
[141.407s][info][gc,heap        ] GC(1213) Eden regions: 51->0(600)
[141.407s][info][gc,heap        ] GC(1213) Survivor regions: 2->2(76)
[141.407s][info][gc,heap        ] GC(1213) Old regions: 54->54
[141.407s][info][gc,heap        ] GC(1213) Archive regions: 0->0
[141.407s][info][gc,heap        ] GC(1213) Humongous regions: 1287->1287
[141.407s][info][gc,metaspace   ] GC(1213) Metaspace: 128836K(130880K)->128836K(130880K) NonClass: 109799K(110464K)->109799K(110464K) Class: 19037K(20416K)->19037K(20416K)
[141.407s][info][gc             ] GC(1213) Pause Young (Concurrent Start) (G1 Humongous Allocation) 1390M->1339M(2048M) 2.732ms
[141.407s][info][gc             ] GC(1214) Concurrent Mark Cycle
[141.407s][info][gc,cpu         ] GC(1213) User=0.00s Sys=0.00s Real=0.00s
[141.407s][info][gc,marking     ] GC(1214) Concurrent Scan Root Regions
[141.409s][info][gc,marking     ] GC(1214) Concurrent Scan Root Regions 1.815ms
[141.409s][info][gc,marking     ] GC(1214) Concurrent Mark
[141.409s][info][gc,marking     ] GC(1214) Concurrent Mark From Roots
[141.409s][info][gc,task        ] GC(1214) Using 8 workers of 8 for marking
[141.427s][info][gc,marking     ] GC(1214) Concurrent Mark From Roots 18.651ms
[141.427s][info][gc,marking     ] GC(1214) Concurrent Preclean
[141.428s][info][gc,marking     ] GC(1214) Concurrent Preclean 0.373ms
[141.428s][info][gc,start       ] GC(1214) Pause Remark
[141.431s][info][gc             ] GC(1214) Pause Remark 1581M->1581M(2048M) 3.054ms
[141.431s][info][gc,cpu         ] GC(1214) User=0.00s Sys=0.00s Real=0.00s
[141.431s][info][gc,marking     ] GC(1214) Concurrent Mark 22.480ms
[141.431s][info][gc,marking     ] GC(1214) Concurrent Rebuild Remembered Sets and Scrub Regions
[141.438s][info][gc,marking     ] GC(1214) Concurrent Rebuild Remembered Sets and Scrub Regions 6.626ms
[141.438s][info][gc,start       ] GC(1214) Pause Cleanup
[141.438s][info][gc             ] GC(1214) Pause Cleanup 1652M->1652M(2048M) 0.298ms
[141.438s][info][gc,cpu         ] GC(1214) User=0.00s Sys=0.00s Real=0.00s
[141.438s][info][gc,marking     ] GC(1214) Concurrent Clear Claimed Marks
[141.439s][info][gc,marking     ] GC(1214) Concurrent Clear Claimed Marks 0.154ms
[141.439s][info][gc,marking     ] GC(1214) Concurrent Cleanup for Next Mark
[141.441s][info][gc,marking     ] GC(1214) Concurrent Cleanup for Next Mark 1.974ms
[141.441s][info][gc             ] GC(1214) Concurrent Mark Cycle 33.887ms
[141.474s][info][gc,start       ] GC(1215) Pause Young (Prepare Mixed) (G1 Humongous Allocation)
[141.474s][info][gc,task        ] GC(1215) Using 33 workers of 33 for evacuation
[141.477s][info][gc,phases      ] GC(1215)   Pre Evacuate Collection Set: 0.3ms
[141.478s][info][gc,phases      ] GC(1215)   Merge Heap Roots: 1.0ms
[141.478s][info][gc,phases      ] GC(1215)   Evacuate Collection Set: 0.9ms
[141.478s][info][gc,phases      ] GC(1215)   Post Evacuate Collection Set: 0.9ms
[141.478s][info][gc,phases      ] GC(1215)   Other: 0.1ms
[141.478s][info][gc,heap        ] GC(1215) Eden regions: 571->0(636)
[141.478s][info][gc,heap        ] GC(1215) Survivor regions: 2->2(76)
[141.478s][info][gc,heap        ] GC(1215) Old regions: 54->54
[141.478s][info][gc,heap        ] GC(1215) Archive regions: 0->0
[141.478s][info][gc,heap        ] GC(1215) Humongous regions: 1316->1251
[141.478s][info][gc,metaspace   ] GC(1215) Metaspace: 128836K(130880K)->128836K(130880K) NonClass: 109799K(110464K)->109799K(110464K) Class: 19037K(20416K)->19037K(20416K)
[141.478s][info][gc             ] GC(1215) Pause Young (Prepare Mixed) (G1 Humongous Allocation) 1938M->1303M(2048M) 3.609ms
[141.478s][info][gc,cpu         ] GC(1215) User=0.02s Sys=0.28s Real=0.00s
[141.911s][info][gc,start       ] GC(1216) Pause Full (System.gc())
[141.911s][info][gc,task        ] GC(1216) Using 33 workers of 33 for full compaction
[141.913s][info][gc,phases,start] GC(1216) Phase 1: Mark live objects
[141.953s][info][gc,phases      ] GC(1216) Phase 1: Mark live objects 40.015ms
[141.953s][info][gc,phases,start] GC(1216) Phase 2: Prepare compaction
[141.956s][info][gc,phases      ] GC(1216) Phase 2: Prepare compaction 3.235ms
[141.956s][info][gc,phases,start] GC(1216) Phase 3: Adjust pointers
[141.968s][info][gc,phases      ] GC(1216) Phase 3: Adjust pointers 12.348ms
[141.968s][info][gc,phases,start] GC(1216) Phase 4: Compact heap
[141.969s][info][gc,phases      ] GC(1216) Phase 4: Compact heap 0.754ms
[141.986s][info][gc,heap        ] GC(1216) Eden regions: 91->0(874)
[141.986s][info][gc,heap        ] GC(1216) Survivor regions: 2->0(76)
[141.986s][info][gc,heap        ] GC(1216) Old regions: 54->63
[141.986s][info][gc,heap        ] GC(1216) Archive regions: 0->0
[141.986s][info][gc,heap        ] GC(1216) Humongous regions: 1264->1008
[141.986s][info][gc,metaspace   ] GC(1216) Metaspace: 128843K(130880K)->128843K(130880K) NonClass: 109805K(110464K)->109805K(110464K) Class: 19037K(20416K)->19037K(20416K)
[141.986s][info][gc             ] GC(1216) Pause Full (System.gc()) 1407M->1054M(2048M) 75.511ms
[141.986s][info][gc,cpu         ] GC(1216) User=1.55s Sys=0.00s Real=0.08s
[142.041s][info][gc,start       ] GC(1217) Pause Young (Concurrent Start) (G1 Humongous Allocation)
[142.042s][info][gc,task        ] GC(1217) Using 33 workers of 33 for evacuation
[142.046s][info][gc,phases      ] GC(1217)   Pre Evacuate Collection Set: 0.7ms
[142.046s][info][gc,phases      ] GC(1217)   Merge Heap Roots: 0.1ms
[142.046s][info][gc,phases      ] GC(1217)   Evacuate Collection Set: 2.3ms
[142.046s][info][gc,phases      ] GC(1217)   Post Evacuate Collection Set: 1.0ms
[142.046s][info][gc,phases      ] GC(1217)   Other: 0.1ms
[142.046s][info][gc,heap        ] GC(1217) Eden regions: 9->0(872)
[142.046s][info][gc,heap        ] GC(1217) Survivor regions: 0->1(110)
[142.046s][info][gc,heap        ] GC(1217) Old regions: 63->63
[142.046s][info][gc,heap        ] GC(1217) Archive regions: 0->0
[142.046s][info][gc,heap        ] GC(1217) Humongous regions: 1008->1008
[142.046s][info][gc,metaspace   ] GC(1217) Metaspace: 128877K(130944K)->128877K(130944K) NonClass: 109839K(110528K)->109839K(110528K) Class: 19037K(20416K)->19037K(20416K)
[142.046s][info][gc             ] GC(1217) Pause Young (Concurrent Start) (G1 Humongous Allocation) 1062M->1054M(2048M) 4.696ms
[142.046s][info][gc             ] GC(1218) Concurrent Mark Cycle
[142.046s][info][gc,cpu         ] GC(1217) User=0.52s Sys=0.00s Real=0.02s
[142.046s][info][gc,marking     ] GC(1218) Concurrent Scan Root Regions
[142.050s][info][gc,marking     ] GC(1218) Concurrent Scan Root Regions 4.048ms
[142.050s][info][gc,marking     ] GC(1218) Concurrent Mark
[142.050s][info][gc,marking     ] GC(1218) Concurrent Mark From Roots
[142.050s][info][gc,task        ] GC(1218) Using 8 workers of 8 for marking
[142.078s][info][gc,marking     ] GC(1218) Concurrent Mark From Roots 28.034ms
[142.079s][info][gc,marking     ] GC(1218) Concurrent Preclean
[142.080s][info][gc,marking     ] GC(1218) Concurrent Preclean 1.522ms
[142.081s][info][gc,start       ] GC(1218) Pause Remark
[142.084s][info][gc             ] GC(1218) Pause Remark 1187M->1187M(2048M) 3.885ms
[142.084s][info][gc,cpu         ] GC(1218) User=0.00s Sys=0.00s Real=0.00s
[142.085s][info][gc,marking     ] GC(1218) Concurrent Mark 34.317ms
[142.085s][info][gc,marking     ] GC(1218) Concurrent Rebuild Remembered Sets and Scrub Regions
[142.097s][info][gc,marking     ] GC(1218) Concurrent Rebuild Remembered Sets and Scrub Regions 12.502ms
[142.098s][info][gc,start       ] GC(1218) Pause Cleanup
[142.098s][info][gc             ] GC(1218) Pause Cleanup 1360M->1360M(2048M) 0.496ms
[142.098s][info][gc,cpu         ] GC(1218) User=0.00s Sys=0.00s Real=0.00s
[142.099s][info][gc,marking     ] GC(1218) Concurrent Clear Claimed Marks
[142.100s][info][gc,marking     ] GC(1218) Concurrent Clear Claimed Marks 1.139ms
[142.100s][info][gc,marking     ] GC(1218) Concurrent Cleanup for Next Mark
[142.108s][info][gc,marking     ] GC(1218) Concurrent Cleanup for Next Mark 7.968ms
[142.108s][info][gc             ] GC(1218) Concurrent Mark Cycle 62.004ms
[142.141s][info][gc,start       ] GC(1219) Pause Young (Prepare Mixed) (G1 Evacuation Pause)
[142.141s][info][gc,task        ] GC(1219) Using 33 workers of 33 for evacuation
[142.145s][info][gc,phases      ] GC(1219)   Pre Evacuate Collection Set: 0.3ms
[142.145s][info][gc,phases      ] GC(1219)   Merge Heap Roots: 0.8ms
[142.145s][info][gc,phases      ] GC(1219)   Evacuate Collection Set: 1.6ms
[142.145s][info][gc,phases      ] GC(1219)   Post Evacuate Collection Set: 0.8ms
[142.145s][info][gc,phases      ] GC(1219)   Other: 0.1ms
[142.145s][info][gc,heap        ] GC(1219) Eden regions: 872->0(847)
[142.145s][info][gc,heap        ] GC(1219) Survivor regions: 1->13(98)
[142.145s][info][gc,heap        ] GC(1219) Old regions: 63->63
[142.145s][info][gc,heap        ] GC(1219) Archive regions: 0->0
[142.145s][info][gc,heap        ] GC(1219) Humongous regions: 1014->1009
[142.145s][info][gc,metaspace   ] GC(1219) Metaspace: 128910K(130944K)->128910K(130944K) NonClass: 109873K(110528K)->109873K(110528K) Class: 19037K(20416K)->19037K(20416K)
[142.145s][info][gc             ] GC(1219) Pause Young (Prepare Mixed) (G1 Evacuation Pause) 1932M->1067M(2048M) 3.947ms
[142.145s][info][gc,cpu         ] GC(1219) User=0.00s Sys=0.00s Real=0.00s
[142.206s][info][gc,start       ] GC(1220) Pause Young (Mixed) (G1 Evacuation Pause)
[142.206s][info][gc,task        ] GC(1220) Using 33 workers of 33 for evacuation
[142.209s][info][gc,phases      ] GC(1220)   Pre Evacuate Collection Set: 0.3ms
[142.209s][info][gc,phases      ] GC(1220)   Merge Heap Roots: 0.3ms
[142.209s][info][gc,phases      ] GC(1220)   Evacuate Collection Set: 1.7ms
[142.209s][info][gc,phases      ] GC(1220)   Post Evacuate Collection Set: 0.8ms
[142.209s][info][gc,phases      ] GC(1220)   Other: 0.1ms
[142.209s][info][gc,heap        ] GC(1220) Eden regions: 847->0(843)
[142.209s][info][gc,heap        ] GC(1220) Survivor regions: 13->10(102)
[142.209s][info][gc,heap        ] GC(1220) Old regions: 63->61
[142.209s][info][gc,heap        ] GC(1220) Archive regions: 0->0
[142.209s][info][gc,heap        ] GC(1220) Humongous regions: 1023->1021
[142.209s][info][gc,metaspace   ] GC(1220) Metaspace: 128910K(130944K)->128910K(130944K) NonClass: 109873K(110528K)->109873K(110528K) Class: 19037K(20416K)->19037K(20416K)
[142.209s][info][gc             ] GC(1220) Pause Young (Mixed) (G1 Evacuation Pause) 1928M->1077M(2048M) 3.495ms
[142.209s][info][gc,cpu         ] GC(1220) User=0.00s Sys=0.00s Real=0.00s
[142.211s][info][gc,start       ] GC(1221) Pause Young (Concurrent Start) (G1 Humongous Allocation)
[142.211s][info][gc,task        ] GC(1221) Using 33 workers of 33 for evacuation
[142.214s][info][gc,phases      ] GC(1221)   Pre Evacuate Collection Set: 0.4ms
[142.214s][info][gc,phases      ] GC(1221)   Merge Heap Roots: 0.1ms
[142.214s][info][gc,phases      ] GC(1221)   Evacuate Collection Set: 1.8ms
[142.214s][info][gc,phases      ] GC(1221)   Post Evacuate Collection Set: 0.6ms
[142.214s][info][gc,phases      ] GC(1221)   Other: 0.1ms
[142.214s][info][gc,heap        ] GC(1221) Eden regions: 33->0(843)
[142.214s][info][gc,heap        ] GC(1221) Survivor regions: 10->10(107)
[142.214s][info][gc,heap        ] GC(1221) Old regions: 61->61
[142.214s][info][gc,heap        ] GC(1221) Archive regions: 0->0
[142.214s][info][gc,heap        ] GC(1221) Humongous regions: 1021->1021
[142.214s][info][gc,metaspace   ] GC(1221) Metaspace: 128910K(130944K)->128910K(130944K) NonClass: 109873K(110528K)->109873K(110528K) Class: 19037K(20416K)->19037K(20416K)
[142.214s][info][gc             ] GC(1221) Pause Young (Concurrent Start) (G1 Humongous Allocation) 1110M->1077M(2048M) 3.145ms
[142.214s][info][gc             ] GC(1222) Concurrent Mark Cycle
[142.214s][info][gc,cpu         ] GC(1221) User=0.02s Sys=0.00s Real=0.02s
[142.214s][info][gc,marking     ] GC(1222) Concurrent Scan Root Regions
[142.232s][info][gc,marking     ] GC(1222) Concurrent Scan Root Regions 17.838ms
[142.233s][info][gc,marking     ] GC(1222) Concurrent Mark
[142.233s][info][gc,marking     ] GC(1222) Concurrent Mark From Roots
[142.233s][info][gc,task        ] GC(1222) Using 8 workers of 8 for marking
[142.275s][info][gc,start       ] GC(1223) Pause Young (Normal) (G1 Evacuation Pause)
[142.275s][info][gc,task        ] GC(1223) Using 33 workers of 33 for evacuation
[142.278s][info][gc,phases      ] GC(1223)   Pre Evacuate Collection Set: 0.3ms
[142.278s][info][gc,phases      ] GC(1223)   Merge Heap Roots: 0.3ms
[142.278s][info][gc,phases      ] GC(1223)   Evacuate Collection Set: 1.3ms
[142.278s][info][gc,phases      ] GC(1223)   Post Evacuate Collection Set: 0.8ms
[142.278s][info][gc,phases      ] GC(1223)   Other: 0.1ms
[142.278s][info][gc,heap        ] GC(1223) Eden regions: 843->0(832)
[142.278s][info][gc,heap        ] GC(1223) Survivor regions: 10->10(92)
[142.278s][info][gc,heap        ] GC(1223) Old regions: 61->61
[142.278s][info][gc,heap        ] GC(1223) Archive regions: 0->0
[142.278s][info][gc,heap        ] GC(1223) Humongous regions: 1042->1032
[142.278s][info][gc,metaspace   ] GC(1223) Metaspace: 128910K(130944K)->128910K(130944K) NonClass: 109873K(110528K)->109873K(110528K) Class: 19037K(20416K)->19037K(20416K)
[142.278s][info][gc             ] GC(1223) Pause Young (Normal) (G1 Evacuation Pause) 1941M->1088M(2048M) 3.145ms
[142.278s][info][gc,cpu         ] GC(1223) User=0.52s Sys=0.00s Real=0.02s
[142.298s][info][gc,marking     ] GC(1222) Concurrent Mark From Roots 64.983ms
[142.298s][info][gc,marking     ] GC(1222) Concurrent Preclean
[142.301s][info][gc,marking     ] GC(1222) Concurrent Preclean 3.057ms
[142.302s][info][gc,start       ] GC(1222) Pause Remark
[142.306s][info][gc             ] GC(1222) Pause Remark 1430M->1430M(2048M) 3.248ms
[142.306s][info][gc,cpu         ] GC(1222) User=0.00s Sys=0.00s Real=0.00s
[142.306s][info][gc,marking     ] GC(1222) Concurrent Mark 73.041ms
[142.306s][info][gc,marking     ] GC(1222) Concurrent Rebuild Remembered Sets and Scrub Regions
[142.329s][info][gc,marking     ] GC(1222) Concurrent Rebuild Remembered Sets and Scrub Regions 22.657ms
[142.330s][info][gc,start       ] GC(1222) Pause Cleanup
[142.330s][info][gc             ] GC(1222) Pause Cleanup 1767M->1767M(2048M) 0.362ms
[142.330s][info][gc,cpu         ] GC(1222) User=0.00s Sys=0.00s Real=0.00s
[142.330s][info][gc,marking     ] GC(1222) Concurrent Clear Claimed Marks
[142.331s][info][gc,marking     ] GC(1222) Concurrent Clear Claimed Marks 1.054ms
[142.332s][info][gc,marking     ] GC(1222) Concurrent Cleanup for Next Mark
[142.341s][info][gc,marking     ] GC(1222) Concurrent Cleanup for Next Mark 9.369ms
[142.342s][info][gc             ] GC(1222) Concurrent Mark Cycle 127.198ms
[142.344s][info][gc,start       ] GC(1224) Pause Young (Prepare Mixed) (G1 Evacuation Pause)
[142.344s][info][gc,task        ] GC(1224) Using 33 workers of 33 for evacuation
[142.348s][info][gc,phases      ] GC(1224)   Pre Evacuate Collection Set: 0.3ms
[142.348s][info][gc,phases      ] GC(1224)   Merge Heap Roots: 0.8ms
[142.348s][info][gc,phases      ] GC(1224)   Evacuate Collection Set: 1.3ms
[142.348s][info][gc,phases      ] GC(1224)   Post Evacuate Collection Set: 0.8ms
[142.348s][info][gc,phases      ] GC(1224)   Other: 0.1ms
[142.348s][info][gc,heap        ] GC(1224) Eden regions: 832->0(820)
[142.348s][info][gc,heap        ] GC(1224) Survivor regions: 10->10(93)
[142.348s][info][gc,heap        ] GC(1224) Old regions: 61->61
[142.348s][info][gc,heap        ] GC(1224) Archive regions: 0->0
[142.348s][info][gc,heap        ] GC(1224) Humongous regions: 1052->1044
[142.348s][info][gc,metaspace   ] GC(1224) Metaspace: 128910K(130944K)->128910K(130944K) NonClass: 109873K(110528K)->109873K(110528K) Class: 19037K(20416K)->19037K(20416K)
[142.348s][info][gc             ] GC(1224) Pause Young (Prepare Mixed) (G1 Evacuation Pause) 1940M->1100M(2048M) 3.481ms
[142.348s][info][gc,cpu         ] GC(1224) User=0.00s Sys=0.00s Real=0.00s
[142.407s][info][gc,start       ] GC(1225) Pause Young (Mixed) (G1 Evacuation Pause)
[142.407s][info][gc,task        ] GC(1225) Using 33 workers of 33 for evacuation
[142.410s][info][gc,phases      ] GC(1225)   Pre Evacuate Collection Set: 0.3ms
[142.410s][info][gc,phases      ] GC(1225)   Merge Heap Roots: 0.3ms
[142.410s][info][gc,phases      ] GC(1225)   Evacuate Collection Set: 1.6ms
[142.410s][info][gc,phases      ] GC(1225)   Post Evacuate Collection Set: 0.8ms
[142.410s][info][gc,phases      ] GC(1225)   Other: 0.1ms
[142.410s][info][gc,heap        ] GC(1225) Eden regions: 820->0(811)
[142.410s][info][gc,heap        ] GC(1225) Survivor regions: 10->10(89)
[142.410s][info][gc,heap        ] GC(1225) Old regions: 61->58
[142.410s][info][gc,heap        ] GC(1225) Archive regions: 0->0
[142.410s][info][gc,heap        ] GC(1225) Humongous regions: 1068->1056
[142.410s][info][gc,metaspace   ] GC(1225) Metaspace: 128910K(130944K)->128910K(130944K) NonClass: 109873K(110528K)->109873K(110528K) Class: 19037K(20416K)->19037K(20416K)
[142.410s][info][gc             ] GC(1225) Pause Young (Mixed) (G1 Evacuation Pause) 1944M->1111M(2048M) 3.408ms
[142.411s][info][gc,cpu         ] GC(1225) User=0.00s Sys=0.00s Real=0.00s
[142.434s][info][gc,start       ] GC(1226) Pause Young (Concurrent Start) (G1 Humongous Allocation)
[142.434s][info][gc,task        ] GC(1226) Using 33 workers of 33 for evacuation
[142.438s][info][gc,phases      ] GC(1226)   Pre Evacuate Collection Set: 0.5ms
[142.438s][info][gc,phases      ] GC(1226)   Merge Heap Roots: 0.2ms
[142.438s][info][gc,phases      ] GC(1226)   Evacuate Collection Set: 1.9ms
[142.438s][info][gc,phases      ] GC(1226)   Post Evacuate Collection Set: 0.7ms
[142.438s][info][gc,phases      ] GC(1226)   Other: 0.1ms
[142.438s][info][gc,heap        ] GC(1226) Eden regions: 346->0(813)
[142.438s][info][gc,heap        ] GC(1226) Survivor regions: 10->10(103)
[142.438s][info][gc,heap        ] GC(1226) Old regions: 58->58
[142.438s][info][gc,heap        ] GC(1226) Archive regions: 0->0
[142.438s][info][gc,heap        ] GC(1226) Humongous regions: 1056->1054
[142.438s][info][gc,metaspace   ] GC(1226) Metaspace: 128910K(130944K)->128910K(130944K) NonClass: 109873K(110528K)->109873K(110528K) Class: 19037K(20416K)->19037K(20416K)
[142.438s][info][gc             ] GC(1226) Pause Young (Concurrent Start) (G1 Humongous Allocation) 1457M->1110M(2048M) 3.535ms
[142.438s][info][gc             ] GC(1227) Concurrent Mark Cycle
[142.438s][info][gc,marking     ] GC(1227) Concurrent Scan Root Regions
[142.438s][info][gc,cpu         ] GC(1226) User=0.00s Sys=0.00s Real=0.00s
[142.458s][info][gc,marking     ] GC(1227) Concurrent Scan Root Regions 19.620ms
[142.458s][info][gc,marking     ] GC(1227) Concurrent Mark
[142.458s][info][gc,marking     ] GC(1227) Concurrent Mark From Roots
[142.458s][info][gc,task        ] GC(1227) Using 8 workers of 8 for marking
[142.498s][info][gc,start       ] GC(1228) Pause Young (Normal) (G1 Evacuation Pause)
[142.498s][info][gc,task        ] GC(1228) Using 33 workers of 33 for evacuation
[142.501s][info][gc,phases      ] GC(1228)   Pre Evacuate Collection Set: 0.3ms
[142.501s][info][gc,phases      ] GC(1228)   Merge Heap Roots: 0.3ms
[142.501s][info][gc,phases      ] GC(1228)   Evacuate Collection Set: 1.2ms
[142.501s][info][gc,phases      ] GC(1228)   Post Evacuate Collection Set: 0.8ms
[142.501s][info][gc,phases      ] GC(1228)   Other: 0.1ms
[142.501s][info][gc,heap        ] GC(1228) Eden regions: 813->0(805)
[142.501s][info][gc,heap        ] GC(1228) Survivor regions: 10->10(95)
[142.501s][info][gc,heap        ] GC(1228) Old regions: 58->58
[142.501s][info][gc,heap        ] GC(1228) Archive regions: 0->0
[142.501s][info][gc,heap        ] GC(1228) Humongous regions: 1072->1062
[142.501s][info][gc,metaspace   ] GC(1228) Metaspace: 128910K(130944K)->128910K(130944K) NonClass: 109873K(110528K)->109873K(110528K) Class: 19037K(20416K)->19037K(20416K)
[142.501s][info][gc             ] GC(1228) Pause Young (Normal) (G1 Evacuation Pause) 1941M->1117M(2048M) 2.900ms
[142.501s][info][gc,cpu         ] GC(1228) User=0.00s Sys=0.00s Real=0.00s
[142.512s][info][gc,marking     ] GC(1227) Concurrent Mark From Roots 53.274ms
[142.512s][info][gc,marking     ] GC(1227) Concurrent Preclean
[142.515s][info][gc,marking     ] GC(1227) Concurrent Preclean 2.950ms
[142.516s][info][gc,start       ] GC(1227) Pause Remark
[142.519s][info][gc             ] GC(1227) Pause Remark 1332M->1332M(2048M) 3.256ms
[142.519s][info][gc,cpu         ] GC(1227) User=0.47s Sys=0.00s Real=0.02s
[142.519s][info][gc,marking     ] GC(1227) Concurrent Mark 60.950ms
[142.519s][info][gc,marking     ] GC(1227) Concurrent Rebuild Remembered Sets and Scrub Regions
[142.538s][info][gc,marking     ] GC(1227) Concurrent Rebuild Remembered Sets and Scrub Regions 18.343ms
[142.549s][info][gc,start       ] GC(1227) Pause Cleanup
[142.549s][info][gc             ] GC(1227) Pause Cleanup 1618M->1618M(2048M) 0.337ms
[142.549s][info][gc,cpu         ] GC(1227) User=0.00s Sys=0.00s Real=0.00s
[142.549s][info][gc,marking     ] GC(1227) Concurrent Clear Claimed Marks
[142.550s][info][gc,marking     ] GC(1227) Concurrent Clear Claimed Marks 1.072ms
[142.551s][info][gc,marking     ] GC(1227) Concurrent Cleanup for Next Mark
[142.560s][info][gc,marking     ] GC(1227) Concurrent Cleanup for Next Mark 8.974ms
[142.560s][info][gc             ] GC(1227) Concurrent Mark Cycle 122.021ms
[142.574s][info][gc,start       ] GC(1229) Pause Young (Prepare Mixed) (G1 Evacuation Pause)
[142.574s][info][gc,task        ] GC(1229) Using 33 workers of 33 for evacuation
[142.577s][info][gc,phases      ] GC(1229)   Pre Evacuate Collection Set: 0.3ms
[142.577s][info][gc,phases      ] GC(1229)   Merge Heap Roots: 0.8ms
[142.577s][info][gc,phases      ] GC(1229)   Evacuate Collection Set: 1.2ms
[142.577s][info][gc,phases      ] GC(1229)   Post Evacuate Collection Set: 0.8ms
[142.578s][info][gc,phases      ] GC(1229)   Other: 0.1ms
[142.578s][info][gc,heap        ] GC(1229) Eden regions: 805->0(792)
[142.578s][info][gc,heap        ] GC(1229) Survivor regions: 10->10(92)
[142.578s][info][gc,heap        ] GC(1229) Old regions: 58->58
[142.578s][info][gc,heap        ] GC(1229) Archive regions: 0->0
[142.578s][info][gc,heap        ] GC(1229) Humongous regions: 1083->1075
[142.578s][info][gc,metaspace   ] GC(1229) Metaspace: 128910K(130944K)->128910K(130944K) NonClass: 109873K(110528K)->109873K(110528K) Class: 19037K(20416K)->19037K(20416K)
[142.578s][info][gc             ] GC(1229) Pause Young (Prepare Mixed) (G1 Evacuation Pause) 1943M->1130M(2048M) 3.431ms
[142.578s][info][gc,cpu         ] GC(1229) User=0.00s Sys=0.00s Real=0.00s
[142.636s][info][gc,start       ] GC(1230) Pause Young (Mixed) (G1 Evacuation Pause)
[142.636s][info][gc,task        ] GC(1230) Using 33 workers of 33 for evacuation
[142.640s][info][gc,phases      ] GC(1230)   Pre Evacuate Collection Set: 0.3ms
[142.640s][info][gc,phases      ] GC(1230)   Merge Heap Roots: 0.3ms
[142.640s][info][gc,phases      ] GC(1230)   Evacuate Collection Set: 1.7ms
[142.640s][info][gc,phases      ] GC(1230)   Post Evacuate Collection Set: 0.8ms
[142.640s][info][gc,phases      ] GC(1230)   Other: 0.1ms
[142.640s][info][gc,heap        ] GC(1230) Eden regions: 792->0(778)
[142.640s][info][gc,heap        ] GC(1230) Survivor regions: 10->10(77)
[142.640s][info][gc,heap        ] GC(1230) Old regions: 58->56
[142.640s][info][gc,heap        ] GC(1230) Archive regions: 0->0
[142.640s][info][gc,heap        ] GC(1230) Humongous regions: 1111->1091
[142.640s][info][gc,metaspace   ] GC(1230) Metaspace: 128910K(130944K)->128910K(130944K) NonClass: 109873K(110528K)->109873K(110528K) Class: 19037K(20416K)->19037K(20416K)
[142.640s][info][gc             ] GC(1230) Pause Young (Mixed) (G1 Evacuation Pause) 1958M->1147M(2048M) 3.363ms
[142.640s][info][gc,cpu         ] GC(1230) User=0.00s Sys=0.00s Real=0.00s
[142.643s][info][gc,start       ] GC(1231) Pause Young (Concurrent Start) (G1 Humongous Allocation)
[142.643s][info][gc,task        ] GC(1231) Using 33 workers of 33 for evacuation
[142.645s][info][gc,phases      ] GC(1231)   Pre Evacuate Collection Set: 0.4ms
[142.645s][info][gc,phases      ] GC(1231)   Merge Heap Roots: 0.1ms
[142.645s][info][gc,phases      ] GC(1231)   Evacuate Collection Set: 1.8ms
[142.645s][info][gc,phases      ] GC(1231)   Post Evacuate Collection Set: 0.5ms
[142.645s][info][gc,phases      ] GC(1231)   Other: 0.1ms
[142.645s][info][gc,heap        ] GC(1231) Eden regions: 9->0(785)
[142.646s][info][gc,heap        ] GC(1231) Survivor regions: 10->10(99)
[142.646s][info][gc,heap        ] GC(1231) Old regions: 56->56
[142.646s][info][gc,heap        ] GC(1231) Archive regions: 0->0
[142.646s][info][gc,heap        ] GC(1231) Humongous regions: 1091->1084
[142.646s][info][gc,metaspace   ] GC(1231) Metaspace: 128910K(130944K)->128910K(130944K) NonClass: 109873K(110528K)->109873K(110528K) Class: 19037K(20416K)->19037K(20416K)
[142.646s][info][gc             ] GC(1231) Pause Young (Concurrent Start) (G1 Humongous Allocation) 1155M->1140M(2048M) 2.996ms
[142.646s][info][gc             ] GC(1232) Concurrent Mark Cycle
[142.646s][info][gc,cpu         ] GC(1231) User=0.00s Sys=0.00s Real=0.00s
[142.646s][info][gc,marking     ] GC(1232) Concurrent Scan Root Regions
[142.664s][info][gc,marking     ] GC(1232) Concurrent Scan Root Regions 18.525ms
[142.665s][info][gc,marking     ] GC(1232) Concurrent Mark
[142.665s][info][gc,marking     ] GC(1232) Concurrent Mark From Roots
[142.665s][info][gc,task        ] GC(1232) Using 8 workers of 8 for marking
[142.704s][info][gc,start       ] GC(1233) Pause Young (Normal) (G1 Evacuation Pause)
[142.704s][info][gc,task        ] GC(1233) Using 33 workers of 33 for evacuation
[142.707s][info][gc,phases      ] GC(1233)   Pre Evacuate Collection Set: 0.3ms
[142.707s][info][gc,phases      ] GC(1233)   Merge Heap Roots: 0.3ms
[142.707s][info][gc,phases      ] GC(1233)   Evacuate Collection Set: 1.3ms
[142.707s][info][gc,phases      ] GC(1233)   Post Evacuate Collection Set: 0.7ms
[142.707s][info][gc,phases      ] GC(1233)   Other: 0.1ms
[142.707s][info][gc,heap        ] GC(1233) Eden regions: 785->0(777)
[142.707s][info][gc,heap        ] GC(1233) Survivor regions: 10->11(84)
[142.707s][info][gc,heap        ] GC(1233) Old regions: 56->56
[142.707s][info][gc,heap        ] GC(1233) Archive regions: 0->0
[142.707s][info][gc,heap        ] GC(1233) Humongous regions: 1113->1090
[142.707s][info][gc,metaspace   ] GC(1233) Metaspace: 128910K(130944K)->128910K(130944K) NonClass: 109873K(110528K)->109873K(110528K) Class: 19037K(20416K)->19037K(20416K)
[142.707s][info][gc             ] GC(1233) Pause Young (Normal) (G1 Evacuation Pause) 1954M->1146M(2048M) 2.948ms
[142.707s][info][gc,cpu         ] GC(1233) User=0.00s Sys=0.02s Real=0.01s
[142.719s][info][gc,marking     ] GC(1232) Concurrent Mark From Roots 54.717ms
[142.720s][info][gc,marking     ] GC(1232) Concurrent Preclean
[142.723s][info][gc,marking     ] GC(1232) Concurrent Preclean 2.937ms
[142.725s][info][gc,start       ] GC(1232) Pause Remark
[142.728s][info][gc             ] GC(1232) Pause Remark 1389M->1389M(2048M) 3.125ms
[142.728s][info][gc,cpu         ] GC(1232) User=0.00s Sys=0.00s Real=0.00s
[142.728s][info][gc,marking     ] GC(1232) Concurrent Mark 63.363ms
[142.728s][info][gc,marking     ] GC(1232) Concurrent Rebuild Remembered Sets and Scrub Regions
[142.750s][info][gc,marking     ] GC(1232) Concurrent Rebuild Remembered Sets and Scrub Regions 21.817ms
[142.752s][info][gc,start       ] GC(1232) Pause Cleanup
[142.752s][info][gc             ] GC(1232) Pause Cleanup 1713M->1713M(2048M) 0.303ms
[142.752s][info][gc,cpu         ] GC(1232) User=0.00s Sys=0.00s Real=0.00s
[142.752s][info][gc,marking     ] GC(1232) Concurrent Clear Claimed Marks
[142.753s][info][gc,marking     ] GC(1232) Concurrent Clear Claimed Marks 1.036ms
[142.753s][info][gc,marking     ] GC(1232) Concurrent Cleanup for Next Mark
[142.761s][info][gc,marking     ] GC(1232) Concurrent Cleanup for Next Mark 7.988ms
[142.762s][info][gc             ] GC(1232) Concurrent Mark Cycle 116.317ms
[142.773s][info][gc,start       ] GC(1234) Pause Young (Prepare Mixed) (G1 Evacuation Pause)
[142.773s][info][gc,task        ] GC(1234) Using 33 workers of 33 for evacuation
[142.776s][info][gc,phases      ] GC(1234)   Pre Evacuate Collection Set: 0.3ms
[142.776s][info][gc,phases      ] GC(1234)   Merge Heap Roots: 0.8ms
[142.776s][info][gc,phases      ] GC(1234)   Evacuate Collection Set: 1.4ms
[142.776s][info][gc,phases      ] GC(1234)   Post Evacuate Collection Set: 0.8ms
[142.776s][info][gc,phases      ] GC(1234)   Other: 0.1ms
[142.776s][info][gc,heap        ] GC(1234) Eden regions: 777->0(777)
[142.776s][info][gc,heap        ] GC(1234) Survivor regions: 11->11(70)
[142.776s][info][gc,heap        ] GC(1234) Old regions: 56->56
[142.776s][info][gc,heap        ] GC(1234) Archive regions: 0->0
[142.776s][info][gc,heap        ] GC(1234) Humongous regions: 1134->1090
[142.776s][info][gc,metaspace   ] GC(1234) Metaspace: 128910K(130944K)->128910K(130944K) NonClass: 109873K(110528K)->109873K(110528K) Class: 19037K(20416K)->19037K(20416K)
[142.776s][info][gc             ] GC(1234) Pause Young (Prepare Mixed) (G1 Evacuation Pause) 1967M->1146M(2048M) 3.587ms
[142.776s][info][gc,cpu         ] GC(1234) User=0.00s Sys=0.00s Real=0.00s
[142.835s][info][gc,start       ] GC(1235) Pause Young (Mixed) (G1 Evacuation Pause)
[142.835s][info][gc,task        ] GC(1235) Using 33 workers of 33 for evacuation
[142.838s][info][gc,phases      ] GC(1235)   Pre Evacuate Collection Set: 0.3ms
[142.838s][info][gc,phases      ] GC(1235)   Merge Heap Roots: 0.3ms
[142.838s][info][gc,phases      ] GC(1235)   Evacuate Collection Set: 1.7ms
[142.838s][info][gc,phases      ] GC(1235)   Post Evacuate Collection Set: 0.8ms
[142.838s][info][gc,phases      ] GC(1235)   Other: 0.1ms
[142.838s][info][gc,heap        ] GC(1235) Eden regions: 777->0(795)
[142.838s][info][gc,heap        ] GC(1235) Survivor regions: 11->11(80)
[142.838s][info][gc,heap        ] GC(1235) Old regions: 56->54
[142.838s][info][gc,heap        ] GC(1235) Archive regions: 0->0
[142.838s][info][gc,heap        ] GC(1235) Humongous regions: 1124->1074
[142.838s][info][gc,metaspace   ] GC(1235) Metaspace: 128910K(130944K)->128910K(130944K) NonClass: 109873K(110528K)->109873K(110528K) Class: 19037K(20416K)->19037K(20416K)
[142.838s][info][gc             ] GC(1235) Pause Young (Mixed) (G1 Evacuation Pause) 1957M->1131M(2048M) 3.401ms
[142.838s][info][gc,cpu         ] GC(1235) User=0.00s Sys=0.00s Real=0.00s
[142.839s][info][gc,start       ] GC(1236) Pause Young (Concurrent Start) (G1 Humongous Allocation)
[142.839s][info][gc,task        ] GC(1236) Using 33 workers of 33 for evacuation
[142.842s][info][gc,phases      ] GC(1236)   Pre Evacuate Collection Set: 0.4ms
[142.842s][info][gc,phases      ] GC(1236)   Merge Heap Roots: 0.1ms
[142.842s][info][gc,phases      ] GC(1236)   Evacuate Collection Set: 1.8ms
[142.842s][info][gc,phases      ] GC(1236)   Post Evacuate Collection Set: 0.5ms
[142.842s][info][gc,phases      ] GC(1236)   Other: 0.1ms
[142.842s][info][gc,heap        ] GC(1236) Eden regions: 4->0(802)
[142.842s][info][gc,heap        ] GC(1236) Survivor regions: 11->11(101)
[142.842s][info][gc,heap        ] GC(1236) Old regions: 54->54
[142.842s][info][gc,heap        ] GC(1236) Archive regions: 0->0
[142.842s][info][gc,heap        ] GC(1236) Humongous regions: 1074->1067
[142.842s][info][gc,metaspace   ] GC(1236) Metaspace: 128910K(130944K)->128910K(130944K) NonClass: 109873K(110528K)->109873K(110528K) Class: 19037K(20416K)->19037K(20416K)
[142.842s][info][gc             ] GC(1236) Pause Young (Concurrent Start) (G1 Humongous Allocation) 1135M->1124M(2048M) 3.063ms
[142.842s][info][gc             ] GC(1237) Concurrent Mark Cycle
[142.842s][info][gc,cpu         ] GC(1236) User=0.02s Sys=0.00s Real=0.02s
[142.842s][info][gc,marking     ] GC(1237) Concurrent Scan Root Regions
[142.858s][info][gc,marking     ] GC(1237) Concurrent Scan Root Regions 15.731ms
[142.858s][info][gc,marking     ] GC(1237) Concurrent Mark
[142.858s][info][gc,marking     ] GC(1237) Concurrent Mark From Roots
[142.858s][info][gc,task        ] GC(1237) Using 8 workers of 8 for marking
[142.902s][info][gc,start       ] GC(1238) Pause Young (Normal) (G1 Evacuation Pause)
[142.902s][info][gc,task        ] GC(1238) Using 33 workers of 33 for evacuation
[142.905s][info][gc,phases      ] GC(1238)   Pre Evacuate Collection Set: 0.3ms
[142.905s][info][gc,phases      ] GC(1238)   Merge Heap Roots: 0.3ms
[142.905s][info][gc,phases      ] GC(1238)   Evacuate Collection Set: 1.3ms
[142.905s][info][gc,phases      ] GC(1238)   Post Evacuate Collection Set: 0.7ms
[142.905s][info][gc,phases      ] GC(1238)   Other: 0.1ms
[142.905s][info][gc,heap        ] GC(1238) Eden regions: 802->0(804)
[142.905s][info][gc,heap        ] GC(1238) Survivor regions: 11->2(85)
[142.905s][info][gc,heap        ] GC(1238) Old regions: 54->62
[142.905s][info][gc,heap        ] GC(1238) Archive regions: 0->0
[142.905s][info][gc,heap        ] GC(1238) Humongous regions: 1096->1075
[142.905s][info][gc,metaspace   ] GC(1238) Metaspace: 128911K(130944K)->128911K(130944K) NonClass: 109874K(110528K)->109874K(110528K) Class: 19037K(20416K)->19037K(20416K)
[142.905s][info][gc             ] GC(1238) Pause Young (Normal) (G1 Evacuation Pause) 1955M->1131M(2048M) 2.915ms
[142.905s][info][gc,cpu         ] GC(1238) User=0.00s Sys=0.00s Real=0.00s
[142.907s][info][gc,marking     ] GC(1237) Concurrent Mark From Roots 48.593ms
[142.907s][info][gc,marking     ] GC(1237) Concurrent Preclean
[142.910s][info][gc,marking     ] GC(1237) Concurrent Preclean 2.737ms
[142.910s][info][gc,start       ] GC(1237) Pause Remark
[142.913s][info][gc             ] GC(1237) Pause Remark 1207M->1207M(2048M) 3.085ms
[142.914s][info][gc,cpu         ] GC(1237) User=0.00s Sys=0.00s Real=0.00s
[142.914s][info][gc,marking     ] GC(1237) Concurrent Mark 55.582ms
[142.914s][info][gc,marking     ] GC(1237) Concurrent Rebuild Remembered Sets and Scrub Regions
[142.940s][info][gc,marking     ] GC(1237) Concurrent Rebuild Remembered Sets and Scrub Regions 25.869ms
[142.941s][info][gc,start       ] GC(1237) Pause Cleanup
[142.941s][info][gc             ] GC(1237) Pause Cleanup 1590M->1590M(2048M) 0.351ms
[142.941s][info][gc,cpu         ] GC(1237) User=0.00s Sys=0.00s Real=0.00s
[142.941s][info][gc,marking     ] GC(1237) Concurrent Clear Claimed Marks
[142.943s][info][gc,marking     ] GC(1237) Concurrent Clear Claimed Marks 1.292ms
[142.943s][info][gc,marking     ] GC(1237) Concurrent Cleanup for Next Mark
[142.951s][info][gc,marking     ] GC(1237) Concurrent Cleanup for Next Mark 8.312ms
[142.952s][info][gc             ] GC(1237) Concurrent Mark Cycle 109.748ms
[142.968s][info][gc,start       ] GC(1239) Pause Young (Prepare Mixed) (G1 Evacuation Pause)
[142.968s][info][gc,task        ] GC(1239) Using 33 workers of 33 for evacuation
[142.971s][info][gc,phases      ] GC(1239)   Pre Evacuate Collection Set: 0.3ms
[142.971s][info][gc,phases      ] GC(1239)   Merge Heap Roots: 0.8ms
[142.971s][info][gc,phases      ] GC(1239)   Evacuate Collection Set: 0.8ms
[142.971s][info][gc,phases      ] GC(1239)   Post Evacuate Collection Set: 0.7ms
[142.971s][info][gc,phases      ] GC(1239)   Other: 0.1ms
[142.971s][info][gc,heap        ] GC(1239) Eden regions: 804->0(799)
[142.971s][info][gc,heap        ] GC(1239) Survivor regions: 2->2(93)
[142.971s][info][gc,heap        ] GC(1239) Old regions: 62->62
[142.971s][info][gc,heap        ] GC(1239) Archive regions: 0->0
[142.971s][info][gc,heap        ] GC(1239) Humongous regions: 1087->1080
[142.971s][info][gc,metaspace   ] GC(1239) Metaspace: 128911K(130944K)->128911K(130944K) NonClass: 109874K(110528K)->109874K(110528K) Class: 19037K(20416K)->19037K(20416K)
[142.971s][info][gc             ] GC(1239) Pause Young (Prepare Mixed) (G1 Evacuation Pause) 1947M->1136M(2048M) 2.895ms
[142.971s][info][gc,cpu         ] GC(1239) User=0.02s Sys=0.00s Real=0.01s
[143.028s][info][gc,start       ] GC(1240) Pause Young (Mixed) (G1 Evacuation Pause)
[143.028s][info][gc,task        ] GC(1240) Using 33 workers of 33 for evacuation
[143.030s][info][gc,phases      ] GC(1240)   Pre Evacuate Collection Set: 0.3ms
[143.030s][info][gc,phases      ] GC(1240)   Merge Heap Roots: 0.3ms
[143.030s][info][gc,phases      ] GC(1240)   Evacuate Collection Set: 1.2ms
[143.030s][info][gc,phases      ] GC(1240)   Post Evacuate Collection Set: 0.7ms
[143.030s][info][gc,phases      ] GC(1240)   Other: 0.1ms
[143.030s][info][gc,heap        ] GC(1240) Eden regions: 799->0(789)
[143.030s][info][gc,heap        ] GC(1240) Survivor regions: 2->2(85)
[143.030s][info][gc,heap        ] GC(1240) Old regions: 62->60
[143.030s][info][gc,heap        ] GC(1240) Archive regions: 0->0
[143.030s][info][gc,heap        ] GC(1240) Humongous regions: 1100->1092
[143.031s][info][gc,metaspace   ] GC(1240) Metaspace: 128911K(130944K)->128911K(130944K) NonClass: 109874K(110528K)->109874K(110528K) Class: 19037K(20416K)->19037K(20416K)
[143.031s][info][gc             ] GC(1240) Pause Young (Mixed) (G1 Evacuation Pause) 1955M->1148M(2048M) 2.857ms
[143.031s][info][gc,cpu         ] GC(1240) User=0.00s Sys=0.00s Real=0.00s
[143.034s][info][gc,start       ] GC(1241) Pause Young (Concurrent Start) (G1 Humongous Allocation)
[143.034s][info][gc,task        ] GC(1241) Using 33 workers of 33 for evacuation
[143.037s][info][gc,phases      ] GC(1241)   Pre Evacuate Collection Set: 0.4ms
[143.037s][info][gc,phases      ] GC(1241)   Merge Heap Roots: 0.1ms
[143.037s][info][gc,phases      ] GC(1241)   Evacuate Collection Set: 1.3ms
[143.037s][info][gc,phases      ] GC(1241)   Post Evacuate Collection Set: 0.5ms
[143.037s][info][gc,phases      ] GC(1241)   Other: 0.1ms
[143.037s][info][gc,heap        ] GC(1241) Eden regions: 58->0(791)
[143.037s][info][gc,heap        ] GC(1241) Survivor regions: 2->2(99)
[143.037s][info][gc,heap        ] GC(1241) Old regions: 60->60
[143.037s][info][gc,heap        ] GC(1241) Archive regions: 0->0
[143.037s][info][gc,heap        ] GC(1241) Humongous regions: 1092->1090
[143.037s][info][gc,metaspace   ] GC(1241) Metaspace: 128911K(130944K)->128911K(130944K) NonClass: 109874K(110528K)->109874K(110528K) Class: 19037K(20416K)->19037K(20416K)
[143.037s][info][gc             ] GC(1241) Pause Young (Concurrent Start) (G1 Humongous Allocation) 1206M->1146M(2048M) 2.591ms
[143.037s][info][gc             ] GC(1242) Concurrent Mark Cycle
[143.037s][info][gc,marking     ] GC(1242) Concurrent Scan Root Regions
[143.037s][info][gc,cpu         ] GC(1241) User=0.00s Sys=0.00s Real=0.00s
[143.054s][info][gc,marking     ] GC(1242) Concurrent Scan Root Regions 16.703ms
[143.054s][info][gc,marking     ] GC(1242) Concurrent Mark
[143.054s][info][gc,marking     ] GC(1242) Concurrent Mark From Roots
[143.054s][info][gc,task        ] GC(1242) Using 8 workers of 8 for marking
[143.094s][info][gc,start       ] GC(1243) Pause Young (Normal) (G1 Evacuation Pause)
[143.094s][info][gc,task        ] GC(1243) Using 33 workers of 33 for evacuation
[143.097s][info][gc,phases      ] GC(1243)   Pre Evacuate Collection Set: 0.3ms
[143.097s][info][gc,phases      ] GC(1243)   Merge Heap Roots: 0.3ms
[143.097s][info][gc,phases      ] GC(1243)   Evacuate Collection Set: 0.8ms
[143.097s][info][gc,phases      ] GC(1243)   Post Evacuate Collection Set: 0.7ms
[143.097s][info][gc,phases      ] GC(1243)   Other: 0.1ms
[143.097s][info][gc,heap        ] GC(1243) Eden regions: 791->0(784)
[143.097s][info][gc,heap        ] GC(1243) Survivor regions: 2->3(94)
[143.097s][info][gc,heap        ] GC(1243) Old regions: 60->60
[143.097s][info][gc,heap        ] GC(1243) Archive regions: 0->0
[143.097s][info][gc,heap        ] GC(1243) Humongous regions: 1101->1095
[143.097s][info][gc,metaspace   ] GC(1243) Metaspace: 128911K(130944K)->128911K(130944K) NonClass: 109874K(110528K)->109874K(110528K) Class: 19037K(20416K)->19037K(20416K)
[143.097s][info][gc             ] GC(1243) Pause Young (Normal) (G1 Evacuation Pause) 1948M->1152M(2048M) 2.409ms
[143.097s][info][gc,cpu         ] GC(1243) User=0.00s Sys=0.00s Real=0.00s
[143.113s][info][gc,marking     ] GC(1242) Concurrent Mark From Roots 59.284ms
[143.114s][info][gc,marking     ] GC(1242) Concurrent Preclean
[143.117s][info][gc,marking     ] GC(1242) Concurrent Preclean 3.021ms
[143.117s][info][gc,start       ] GC(1242) Pause Remark
[143.121s][info][gc             ] GC(1242) Pause Remark 1451M->1451M(2048M) 3.161ms
[143.121s][info][gc,cpu         ] GC(1242) User=0.00s Sys=0.00s Real=0.00s
[143.121s][info][gc,marking     ] GC(1242) Concurrent Mark 66.836ms
[143.121s][info][gc,marking     ] GC(1242) Concurrent Rebuild Remembered Sets and Scrub Regions
[143.148s][info][gc,marking     ] GC(1242) Concurrent Rebuild Remembered Sets and Scrub Regions 26.477ms
[143.149s][info][gc,start       ] GC(1242) Pause Cleanup
[143.149s][info][gc             ] GC(1242) Pause Cleanup 1848M->1848M(2048M) 0.318ms
[143.149s][info][gc,cpu         ] GC(1242) User=0.00s Sys=0.00s Real=0.00s
[143.150s][info][gc,marking     ] GC(1242) Concurrent Clear Claimed Marks
[143.151s][info][gc,marking     ] GC(1242) Concurrent Clear Claimed Marks 1.289ms
[143.151s][info][gc,marking     ] GC(1242) Concurrent Cleanup for Next Mark
[143.158s][info][gc,start       ] GC(1244) Pause Young (Prepare Mixed) (G1 Evacuation Pause)
[143.158s][info][gc,task        ] GC(1244) Using 33 workers of 33 for evacuation
[143.161s][info][gc,phases      ] GC(1244)   Pre Evacuate Collection Set: 0.3ms
[143.161s][info][gc,phases      ] GC(1244)   Merge Heap Roots: 0.8ms
[143.161s][info][gc,phases      ] GC(1244)   Evacuate Collection Set: 0.8ms
[143.161s][info][gc,phases      ] GC(1244)   Post Evacuate Collection Set: 0.8ms
[143.161s][info][gc,phases      ] GC(1244)   Other: 0.1ms
[143.161s][info][gc,heap        ] GC(1244) Eden regions: 784->0(778)
[143.161s][info][gc,heap        ] GC(1244) Survivor regions: 3->3(96)
[143.161s][info][gc,heap        ] GC(1244) Old regions: 60->60
[143.161s][info][gc,heap        ] GC(1244) Archive regions: 0->0
[143.161s][info][gc,heap        ] GC(1244) Humongous regions: 1105->1101
[143.161s][info][gc,metaspace   ] GC(1244) Metaspace: 128911K(130944K)->128911K(130944K) NonClass: 109874K(110528K)->109874K(110528K) Class: 19037K(20416K)->19037K(20416K)
[143.161s][info][gc             ] GC(1244) Pause Young (Prepare Mixed) (G1 Evacuation Pause) 1946M->1157M(2048M) 2.942ms
[143.161s][info][gc,cpu         ] GC(1244) User=0.52s Sys=0.00s Real=0.02s
[143.163s][info][gc,marking     ] GC(1242) Concurrent Cleanup for Next Mark 11.692ms
[143.163s][info][gc             ] GC(1242) Concurrent Mark Cycle 126.415ms
[143.219s][info][gc,start       ] GC(1245) Pause Young (Mixed) (G1 Evacuation Pause)
[143.219s][info][gc,task        ] GC(1245) Using 33 workers of 33 for evacuation
[143.222s][info][gc,phases      ] GC(1245)   Pre Evacuate Collection Set: 0.3ms
[143.222s][info][gc,phases      ] GC(1245)   Merge Heap Roots: 0.3ms
[143.222s][info][gc,phases      ] GC(1245)   Evacuate Collection Set: 1.3ms
[143.222s][info][gc,phases      ] GC(1245)   Post Evacuate Collection Set: 0.7ms
[143.222s][info][gc,phases      ] GC(1245)   Other: 0.1ms
[143.222s][info][gc,heap        ] GC(1245) Eden regions: 778->0(758)
[143.222s][info][gc,heap        ] GC(1245) Survivor regions: 3->2(64)
[143.222s][info][gc,heap        ] GC(1245) Old regions: 60->58
[143.222s][info][gc,heap        ] GC(1245) Archive regions: 0->0
[143.222s][info][gc,heap        ] GC(1245) Humongous regions: 1143->1125
[143.222s][info][gc,metaspace   ] GC(1245) Metaspace: 128911K(130944K)->128911K(130944K) NonClass: 109874K(110528K)->109874K(110528K) Class: 19037K(20416K)->19037K(20416K)
[143.222s][info][gc             ] GC(1245) Pause Young (Mixed) (G1 Evacuation Pause) 1977M->1181M(2048M) 2.941ms
[143.222s][info][gc,cpu         ] GC(1245) User=0.00s Sys=0.00s Real=0.00s
[143.241s][info][gc,start       ] GC(1246) Pause Young (Concurrent Start) (G1 Humongous Allocation)
[143.241s][info][gc,task        ] GC(1246) Using 33 workers of 33 for evacuation
[143.244s][info][gc,phases      ] GC(1246)   Pre Evacuate Collection Set: 0.4ms
[143.244s][info][gc,phases      ] GC(1246)   Merge Heap Roots: 0.1ms
[143.244s][info][gc,phases      ] GC(1246)   Evacuate Collection Set: 1.6ms
[143.244s][info][gc,phases      ] GC(1246)   Post Evacuate Collection Set: 0.6ms
[143.244s][info][gc,phases      ] GC(1246)   Other: 0.1ms
[143.244s][info][gc,heap        ] GC(1246) Eden regions: 271->0(768)
[143.244s][info][gc,heap        ] GC(1246) Survivor regions: 2->3(95)
[143.244s][info][gc,heap        ] GC(1246) Old regions: 58->58
[143.244s][info][gc,heap        ] GC(1246) Archive regions: 0->0
[143.244s][info][gc,heap        ] GC(1246) Humongous regions: 1125->1113
[143.244s][info][gc,metaspace   ] GC(1246) Metaspace: 128911K(130944K)->128911K(130944K) NonClass: 109874K(110528K)->109874K(110528K) Class: 19037K(20416K)->19037K(20416K)
[143.245s][info][gc             ] GC(1246) Pause Young (Concurrent Start) (G1 Humongous Allocation) 1452M->1169M(2048M) 3.089ms
[143.245s][info][gc             ] GC(1247) Concurrent Mark Cycle
[143.245s][info][gc,cpu         ] GC(1246) User=0.00s Sys=0.00s Real=0.00s
[143.245s][info][gc,marking     ] GC(1247) Concurrent Scan Root Regions
[143.261s][info][gc,marking     ] GC(1247) Concurrent Scan Root Regions 16.033ms
[143.261s][info][gc,marking     ] GC(1247) Concurrent Mark
[143.261s][info][gc,marking     ] GC(1247) Concurrent Mark From Roots
[143.261s][info][gc,task        ] GC(1247) Using 8 workers of 8 for marking
[143.306s][info][gc,start       ] GC(1248) Pause Young (Normal) (G1 Evacuation Pause)
[143.306s][info][gc,task        ] GC(1248) Using 33 workers of 33 for evacuation
[143.309s][info][gc,phases      ] GC(1248)   Pre Evacuate Collection Set: 0.3ms
[143.309s][info][gc,phases      ] GC(1248)   Merge Heap Roots: 0.3ms
[143.309s][info][gc,phases      ] GC(1248)   Evacuate Collection Set: 0.9ms
[143.309s][info][gc,phases      ] GC(1248)   Post Evacuate Collection Set: 0.7ms
[143.309s][info][gc,phases      ] GC(1248)   Other: 0.1ms
[143.309s][info][gc,heap        ] GC(1248) Eden regions: 768->0(757)
[143.309s][info][gc,heap        ] GC(1248) Survivor regions: 3->3(68)
[143.309s][info][gc,heap        ] GC(1248) Old regions: 58->58
[143.309s][info][gc,heap        ] GC(1248) Archive regions: 0->0
[143.309s][info][gc,heap        ] GC(1248) Humongous regions: 1151->1124
[143.309s][info][gc,metaspace   ] GC(1248) Metaspace: 128911K(130944K)->128911K(130944K) NonClass: 109874K(110528K)->109874K(110528K) Class: 19037K(20416K)->19037K(20416K)
[143.309s][info][gc             ] GC(1248) Pause Young (Normal) (G1 Evacuation Pause) 1975M->1181M(2048M) 2.531ms
[143.309s][info][gc,cpu         ] GC(1248) User=0.00s Sys=0.00s Real=0.00s
[143.312s][info][gc,marking     ] GC(1247) Concurrent Mark From Roots 51.034ms
[143.312s][info][gc,marking     ] GC(1247) Concurrent Preclean
[143.314s][info][gc,marking     ] GC(1247) Concurrent Preclean 1.937ms
[143.326s][info][gc,start       ] GC(1247) Pause Remark
[143.330s][info][gc             ] GC(1247) Pause Remark 1269M->1269M(2048M) 3.421ms
[143.330s][info][gc,cpu         ] GC(1247) User=0.00s Sys=0.00s Real=0.00s
[143.330s][info][gc,marking     ] GC(1247) Concurrent Mark 69.037ms
[143.330s][info][gc,marking     ] GC(1247) Concurrent Rebuild Remembered Sets and Scrub Regions
[143.343s][info][gc,marking     ] GC(1247) Concurrent Rebuild Remembered Sets and Scrub Regions 13.266ms
[143.344s][info][gc,start       ] GC(1247) Pause Cleanup
[143.344s][info][gc             ] GC(1247) Pause Cleanup 1436M->1436M(2048M) 0.345ms
[143.344s][info][gc,cpu         ] GC(1247) User=0.00s Sys=0.00s Real=0.00s
[143.344s][info][gc,marking     ] GC(1247) Concurrent Clear Claimed Marks
[143.345s][info][gc,marking     ] GC(1247) Concurrent Clear Claimed Marks 0.419ms
[143.345s][info][gc,marking     ] GC(1247) Concurrent Cleanup for Next Mark
[143.351s][info][gc,marking     ] GC(1247) Concurrent Cleanup for Next Mark 5.689ms
[143.351s][info][gc             ] GC(1247) Concurrent Mark Cycle 106.156ms
[143.388s][info][gc,start       ] GC(1249) Pause Young (Prepare Mixed) (G1 Evacuation Pause)
[143.388s][info][gc,task        ] GC(1249) Using 33 workers of 33 for evacuation
[143.392s][info][gc,phases      ] GC(1249)   Pre Evacuate Collection Set: 0.3ms
[143.392s][info][gc,phases      ] GC(1249)   Merge Heap Roots: 0.8ms
[143.392s][info][gc,phases      ] GC(1249)   Evacuate Collection Set: 1.2ms
[143.392s][info][gc,phases      ] GC(1249)   Post Evacuate Collection Set: 0.9ms
[143.392s][info][gc,phases      ] GC(1249)   Other: 0.1ms
[143.392s][info][gc,heap        ] GC(1249) Eden regions: 757->0(748)
[143.392s][info][gc,heap        ] GC(1249) Survivor regions: 3->6(9)
[143.392s][info][gc,heap        ] GC(1249) Old regions: 58->58
[143.392s][info][gc,heap        ] GC(1249) Archive regions: 0->0
[143.392s][info][gc,heap        ] GC(1249) Humongous regions: 1221->1127
[143.392s][info][gc,metaspace   ] GC(1249) Metaspace: 128911K(130944K)->128911K(130944K) NonClass: 109874K(110528K)->109874K(110528K) Class: 19037K(20416K)->19037K(20416K)
[143.392s][info][gc             ] GC(1249) Pause Young (Prepare Mixed) (G1 Evacuation Pause) 2035M->1187M(2048M) 3.567ms
[143.392s][info][gc,cpu         ] GC(1249) User=0.00s Sys=0.00s Real=0.00s
[143.448s][info][gc,start       ] GC(1250) Pause Young (Mixed) (G1 Evacuation Pause)
[143.448s][info][gc,task        ] GC(1250) Using 33 workers of 33 for evacuation
[143.451s][info][gc,phases      ] GC(1250)   Pre Evacuate Collection Set: 0.4ms
[143.451s][info][gc,phases      ] GC(1250)   Merge Heap Roots: 0.3ms
[143.451s][info][gc,phases      ] GC(1250)   Evacuate Collection Set: 1.6ms
[143.451s][info][gc,phases      ] GC(1250)   Post Evacuate Collection Set: 0.8ms
[143.451s][info][gc,phases      ] GC(1250)   Other: 0.1ms
[143.451s][info][gc,heap        ] GC(1250) Eden regions: 748->0(742)
[143.451s][info][gc,heap        ] GC(1250) Survivor regions: 6->6(25)
[143.451s][info][gc,heap        ] GC(1250) Old regions: 58->57
[143.451s][info][gc,heap        ] GC(1250) Archive regions: 0->0
[143.451s][info][gc,heap        ] GC(1250) Humongous regions: 1211->1134
[143.451s][info][gc,metaspace   ] GC(1250) Metaspace: 128911K(130944K)->128911K(130944K) NonClass: 109874K(110528K)->109874K(110528K) Class: 19037K(20416K)->19037K(20416K)
[143.451s][info][gc             ] GC(1250) Pause Young (Mixed) (G1 Evacuation Pause) 2019M->1194M(2048M) 3.414ms
[143.451s][info][gc,cpu         ] GC(1250) User=0.52s Sys=0.00s Real=0.02s
[143.452s][info][gc,start       ] GC(1251) Pause Young (Concurrent Start) (G1 Humongous Allocation)
[143.452s][info][gc,task        ] GC(1251) Using 33 workers of 33 for evacuation
[143.455s][info][gc,phases      ] GC(1251)   Pre Evacuate Collection Set: 0.4ms
[143.455s][info][gc,phases      ] GC(1251)   Merge Heap Roots: 0.1ms
[143.455s][info][gc,phases      ] GC(1251)   Evacuate Collection Set: 1.6ms
[143.455s][info][gc,phases      ] GC(1251)   Post Evacuate Collection Set: 0.5ms
[143.455s][info][gc,phases      ] GC(1251)   Other: 0.1ms
[143.455s][info][gc,heap        ] GC(1251) Eden regions: 10->0(742)
[143.455s][info][gc,heap        ] GC(1251) Survivor regions: 6->6(94)
[143.455s][info][gc,heap        ] GC(1251) Old regions: 57->57
[143.455s][info][gc,heap        ] GC(1251) Archive regions: 0->0
[143.455s][info][gc,heap        ] GC(1251) Humongous regions: 1134->1134
[143.455s][info][gc,metaspace   ] GC(1251) Metaspace: 128911K(130944K)->128911K(130944K) NonClass: 109874K(110528K)->109874K(110528K) Class: 19037K(20416K)->19037K(20416K)
[143.455s][info][gc             ] GC(1251) Pause Young (Concurrent Start) (G1 Humongous Allocation) 1204M->1194M(2048M) 2.894ms
[143.455s][info][gc             ] GC(1252) Concurrent Mark Cycle
[143.455s][info][gc,cpu         ] GC(1251) User=0.00s Sys=0.00s Real=0.00s
[143.455s][info][gc,marking     ] GC(1252) Concurrent Scan Root Regions
[143.458s][info][gc,marking     ] GC(1252) Concurrent Scan Root Regions 2.907ms
[143.458s][info][gc,marking     ] GC(1252) Concurrent Mark
[143.458s][info][gc,marking     ] GC(1252) Concurrent Mark From Roots
[143.458s][info][gc,task        ] GC(1252) Using 8 workers of 8 for marking
[143.481s][info][gc,marking     ] GC(1252) Concurrent Mark From Roots 22.737ms
[143.481s][info][gc,marking     ] GC(1252) Concurrent Preclean
[143.481s][info][gc,marking     ] GC(1252) Concurrent Preclean 0.586ms
[143.482s][info][gc,start       ] GC(1252) Pause Remark
[143.485s][info][gc             ] GC(1252) Pause Remark 1581M->1581M(2048M) 3.228ms
[143.485s][info][gc,cpu         ] GC(1252) User=0.00s Sys=0.00s Real=0.00s
[143.485s][info][gc,marking     ] GC(1252) Concurrent Mark 26.986ms
[143.485s][info][gc,marking     ] GC(1252) Concurrent Rebuild Remembered Sets and Scrub Regions
[143.494s][info][gc,marking     ] GC(1252) Concurrent Rebuild Remembered Sets and Scrub Regions 9.026ms
[143.495s][info][gc,start       ] GC(1252) Pause Cleanup
[143.495s][info][gc             ] GC(1252) Pause Cleanup 1718M->1718M(2048M) 0.307ms
[143.495s][info][gc,cpu         ] GC(1252) User=0.00s Sys=0.00s Real=0.00s
[143.495s][info][gc,marking     ] GC(1252) Concurrent Clear Claimed Marks
[143.495s][info][gc,marking     ] GC(1252) Concurrent Clear Claimed Marks 0.210ms
[143.495s][info][gc,marking     ] GC(1252) Concurrent Cleanup for Next Mark
[143.498s][info][gc,marking     ] GC(1252) Concurrent Cleanup for Next Mark 2.753ms
[143.498s][info][gc             ] GC(1252) Concurrent Mark Cycle 42.929ms
[143.512s][info][gc,start       ] GC(1253) Pause Young (Prepare Mixed) (G1 Humongous Allocation)
[143.512s][info][gc,task        ] GC(1253) Using 33 workers of 33 for evacuation
[143.515s][info][gc,phases      ] GC(1253)   Pre Evacuate Collection Set: 0.3ms
[143.515s][info][gc,phases      ] GC(1253)   Merge Heap Roots: 0.8ms
[143.515s][info][gc,phases      ] GC(1253)   Evacuate Collection Set: 1.1ms
[143.515s][info][gc,phases      ] GC(1253)   Post Evacuate Collection Set: 0.8ms
[143.515s][info][gc,phases      ] GC(1253)   Other: 0.1ms
[143.515s][info][gc,heap        ] GC(1253) Eden regions: 659->0(723)
[143.515s][info][gc,heap        ] GC(1253) Survivor regions: 6->8(74)
[143.515s][info][gc,heap        ] GC(1253) Old regions: 57->57
[143.515s][info][gc,heap        ] GC(1253) Archive regions: 0->0
[143.515s][info][gc,heap        ] GC(1253) Humongous regions: 1252->1149
[143.515s][info][gc,metaspace   ] GC(1253) Metaspace: 128911K(130944K)->128911K(130944K) NonClass: 109874K(110528K)->109874K(110528K) Class: 19037K(20416K)->19037K(20416K)
[143.515s][info][gc             ] GC(1253) Pause Young (Prepare Mixed) (G1 Humongous Allocation) 1971M->1211M(2048M) 3.341ms
[143.515s][info][gc,cpu         ] GC(1253) User=0.00s Sys=0.00s Real=0.00s
[143.559s][info][gc,start       ] GC(1254) Pause Young (Mixed) (G1 Evacuation Pause)
[143.559s][info][gc,task        ] GC(1254) Using 33 workers of 33 for evacuation
[143.562s][info][gc,phases      ] GC(1254)   Pre Evacuate Collection Set: 0.3ms
[143.562s][info][gc,phases      ] GC(1254)   Merge Heap Roots: 0.3ms
[143.562s][info][gc,phases      ] GC(1254)   Evacuate Collection Set: 2.0ms
[143.562s][info][gc,phases      ] GC(1254)   Post Evacuate Collection Set: 0.8ms
[143.562s][info][gc,phases      ] GC(1254)   Other: 0.2ms
[143.562s][info][gc,heap        ] GC(1254) Eden regions: 723->0(706)
[143.563s][info][gc,heap        ] GC(1254) Survivor regions: 8->6(36)
[143.563s][info][gc,heap        ] GC(1254) Old regions: 57->57
[143.563s][info][gc,heap        ] GC(1254) Archive regions: 0->0
[143.563s][info][gc,heap        ] GC(1254) Humongous regions: 1224->1170
[143.563s][info][gc,metaspace   ] GC(1254) Metaspace: 128911K(130944K)->128911K(130944K) NonClass: 109874K(110528K)->109874K(110528K) Class: 19037K(20416K)->19037K(20416K)
[143.563s][info][gc             ] GC(1254) Pause Young (Mixed) (G1 Evacuation Pause) 2009M->1229M(2048M) 3.880ms
[143.563s][info][gc,cpu         ] GC(1254) User=0.00s Sys=0.00s Real=0.00s
[143.564s][info][gc,start       ] GC(1255) Pause Young (Concurrent Start) (G1 Humongous Allocation)
[143.564s][info][gc,task        ] GC(1255) Using 33 workers of 33 for evacuation
[143.567s][info][gc,phases      ] GC(1255)   Pre Evacuate Collection Set: 0.5ms
[143.567s][info][gc,phases      ] GC(1255)   Merge Heap Roots: 0.1ms
[143.567s][info][gc,phases      ] GC(1255)   Evacuate Collection Set: 2.0ms
[143.567s][info][gc,phases      ] GC(1255)   Post Evacuate Collection Set: 0.7ms
[143.567s][info][gc,phases      ] GC(1255)   Other: 0.1ms
[143.567s][info][gc,heap        ] GC(1255) Eden regions: 21->0(706)
[143.567s][info][gc,heap        ] GC(1255) Survivor regions: 6->6(89)
[143.567s][info][gc,heap        ] GC(1255) Old regions: 57->57
[143.567s][info][gc,heap        ] GC(1255) Archive regions: 0->0
[143.567s][info][gc,heap        ] GC(1255) Humongous regions: 1170->1170
[143.567s][info][gc,metaspace   ] GC(1255) Metaspace: 128911K(130944K)->128911K(130944K) NonClass: 109874K(110528K)->109874K(110528K) Class: 19037K(20416K)->19037K(20416K)
[143.567s][info][gc             ] GC(1255) Pause Young (Concurrent Start) (G1 Humongous Allocation) 1250M->1230M(2048M) 3.570ms
[143.567s][info][gc             ] GC(1256) Concurrent Mark Cycle
[143.567s][info][gc,cpu         ] GC(1255) User=0.52s Sys=0.00s Real=0.02s
[143.567s][info][gc,marking     ] GC(1256) Concurrent Scan Root Regions
[143.571s][info][gc,marking     ] GC(1256) Concurrent Scan Root Regions 3.977ms
[143.572s][info][gc,marking     ] GC(1256) Concurrent Mark
[143.572s][info][gc,marking     ] GC(1256) Concurrent Mark From Roots
[143.572s][info][gc,task        ] GC(1256) Using 8 workers of 8 for marking
[143.592s][info][gc,marking     ] GC(1256) Concurrent Mark From Roots 20.409ms
[143.592s][info][gc,marking     ] GC(1256) Concurrent Preclean
[143.592s][info][gc,marking     ] GC(1256) Concurrent Preclean 0.410ms
[143.593s][info][gc,start       ] GC(1256) Pause Remark
[143.596s][info][gc             ] GC(1256) Pause Remark 1605M->1605M(2048M) 3.158ms
[143.596s][info][gc,cpu         ] GC(1256) User=0.00s Sys=0.00s Real=0.00s
[143.596s][info][gc,marking     ] GC(1256) Concurrent Mark 24.433ms
[143.596s][info][gc,marking     ] GC(1256) Concurrent Rebuild Remembered Sets and Scrub Regions
[143.605s][info][gc,marking     ] GC(1256) Concurrent Rebuild Remembered Sets and Scrub Regions 8.709ms
[143.605s][info][gc,start       ] GC(1256) Pause Cleanup
[143.605s][info][gc             ] GC(1256) Pause Cleanup 1757M->1757M(2048M) 0.304ms
[143.605s][info][gc,cpu         ] GC(1256) User=0.00s Sys=0.00s Real=0.00s
[143.606s][info][gc,marking     ] GC(1256) Concurrent Clear Claimed Marks
[143.606s][info][gc,marking     ] GC(1256) Concurrent Clear Claimed Marks 0.222ms
[143.606s][info][gc,marking     ] GC(1256) Concurrent Cleanup for Next Mark
[143.608s][info][gc,marking     ] GC(1256) Concurrent Cleanup for Next Mark 2.559ms
[143.608s][info][gc             ] GC(1256) Concurrent Mark Cycle 40.927ms
[143.615s][info][gc,start       ] GC(1257) Pause Young (Prepare Mixed) (G1 Humongous Allocation)
[143.615s][info][gc,task        ] GC(1257) Using 33 workers of 33 for evacuation
[143.618s][info][gc,phases      ] GC(1257)   Pre Evacuate Collection Set: 0.3ms
[143.618s][info][gc,phases      ] GC(1257)   Merge Heap Roots: 0.8ms
[143.618s][info][gc,phases      ] GC(1257)   Evacuate Collection Set: 0.9ms
[143.618s][info][gc,phases      ] GC(1257)   Post Evacuate Collection Set: 0.8ms
[143.618s][info][gc,phases      ] GC(1257)   Other: 0.1ms
[143.618s][info][gc,heap        ] GC(1257) Eden regions: 606->0(672)
[143.618s][info][gc,heap        ] GC(1257) Survivor regions: 6->4(89)
[143.618s][info][gc,heap        ] GC(1257) Old regions: 57->57
[143.618s][info][gc,heap        ] GC(1257) Archive regions: 0->0
[143.618s][info][gc,heap        ] GC(1257) Humongous regions: 1242->1208
[143.618s][info][gc,metaspace   ] GC(1257) Metaspace: 128911K(130944K)->128911K(130944K) NonClass: 109874K(110528K)->109874K(110528K) Class: 19037K(20416K)->19037K(20416K)
[143.618s][info][gc             ] GC(1257) Pause Young (Prepare Mixed) (G1 Humongous Allocation) 1908M->1266M(2048M) 3.274ms
[143.618s][info][gc,cpu         ] GC(1257) User=0.02s Sys=0.00s Real=0.02s
[143.657s][info][gc,start       ] GC(1258) Pause Young (Mixed) (G1 Humongous Allocation)
[143.657s][info][gc,task        ] GC(1258) Using 33 workers of 33 for evacuation
[143.660s][info][gc,phases      ] GC(1258)   Pre Evacuate Collection Set: 0.3ms
[143.660s][info][gc,phases      ] GC(1258)   Merge Heap Roots: 0.3ms
[143.660s][info][gc,phases      ] GC(1258)   Evacuate Collection Set: 1.7ms
[143.660s][info][gc,phases      ] GC(1258)   Post Evacuate Collection Set: 0.9ms
[143.660s][info][gc,phases      ] GC(1258)   Other: 0.1ms
[143.660s][info][gc,heap        ] GC(1258) Eden regions: 600->0(702)
[143.660s][info][gc,heap        ] GC(1258) Survivor regions: 4->5(53)
[143.660s][info][gc,heap        ] GC(1258) Old regions: 57->56
[143.660s][info][gc,heap        ] GC(1258) Archive regions: 0->0
[143.660s][info][gc,heap        ] GC(1258) Humongous regions: 1334->1177
[143.660s][info][gc,metaspace   ] GC(1258) Metaspace: 128911K(130944K)->128911K(130944K) NonClass: 109874K(110528K)->109874K(110528K) Class: 19037K(20416K)->19037K(20416K)
[143.660s][info][gc             ] GC(1258) Pause Young (Mixed) (G1 Humongous Allocation) 1992M->1235M(2048M) 3.511ms
[143.660s][info][gc,cpu         ] GC(1258) User=0.00s Sys=0.00s Real=0.00s
[143.662s][info][gc,start       ] GC(1259) Pause Young (Concurrent Start) (G1 Humongous Allocation)
[143.662s][info][gc,task        ] GC(1259) Using 33 workers of 33 for evacuation
[143.665s][info][gc,phases      ] GC(1259)   Pre Evacuate Collection Set: 0.4ms
[143.665s][info][gc,phases      ] GC(1259)   Merge Heap Roots: 0.1ms
[143.665s][info][gc,phases      ] GC(1259)   Evacuate Collection Set: 1.7ms
[143.665s][info][gc,phases      ] GC(1259)   Post Evacuate Collection Set: 0.6ms
[143.665s][info][gc,phases      ] GC(1259)   Other: 0.1ms
[143.665s][info][gc,heap        ] GC(1259) Eden regions: 24->0(698)
[143.665s][info][gc,heap        ] GC(1259) Survivor regions: 5->5(89)
[143.665s][info][gc,heap        ] GC(1259) Old regions: 56->56
[143.665s][info][gc,heap        ] GC(1259) Archive regions: 0->0
[143.665s][info][gc,heap        ] GC(1259) Humongous regions: 1181->1181
[143.665s][info][gc,metaspace   ] GC(1259) Metaspace: 128911K(130944K)->128911K(130944K) NonClass: 109874K(110528K)->109874K(110528K) Class: 19037K(20416K)->19037K(20416K)
[143.665s][info][gc             ] GC(1259) Pause Young (Concurrent Start) (G1 Humongous Allocation) 1263M->1239M(2048M) 3.075ms
[143.665s][info][gc             ] GC(1260) Concurrent Mark Cycle
[143.665s][info][gc,cpu         ] GC(1259) User=0.00s Sys=0.00s Real=0.00s
[143.665s][info][gc,marking     ] GC(1260) Concurrent Scan Root Regions
[143.668s][info][gc,marking     ] GC(1260) Concurrent Scan Root Regions 2.400ms
[143.668s][info][gc,marking     ] GC(1260) Concurrent Mark
[143.668s][info][gc,marking     ] GC(1260) Concurrent Mark From Roots
[143.668s][info][gc,task        ] GC(1260) Using 8 workers of 8 for marking
[143.689s][info][gc,marking     ] GC(1260) Concurrent Mark From Roots 21.339ms
[143.689s][info][gc,marking     ] GC(1260) Concurrent Preclean
[143.690s][info][gc,marking     ] GC(1260) Concurrent Preclean 0.610ms
[143.690s][info][gc,start       ] GC(1260) Pause Remark
[143.693s][info][gc             ] GC(1260) Pause Remark 1620M->1620M(2048M) 3.157ms
[143.693s][info][gc,cpu         ] GC(1260) User=0.02s Sys=0.00s Real=0.02s
[143.693s][info][gc,marking     ] GC(1260) Concurrent Mark 25.589ms
[143.693s][info][gc,marking     ] GC(1260) Concurrent Rebuild Remembered Sets and Scrub Regions
[143.701s][info][gc,marking     ] GC(1260) Concurrent Rebuild Remembered Sets and Scrub Regions 7.409ms
[143.701s][info][gc,start       ] GC(1260) Pause Cleanup
[143.701s][info][gc             ] GC(1260) Pause Cleanup 1734M->1734M(2048M) 0.268ms
[143.701s][info][gc,cpu         ] GC(1260) User=0.00s Sys=0.00s Real=0.00s
[143.701s][info][gc,marking     ] GC(1260) Concurrent Clear Claimed Marks
[143.701s][info][gc,marking     ] GC(1260) Concurrent Clear Claimed Marks 0.215ms
[143.701s][info][gc,marking     ] GC(1260) Concurrent Cleanup for Next Mark
[143.704s][info][gc,marking     ] GC(1260) Concurrent Cleanup for Next Mark 2.442ms
[143.704s][info][gc             ] GC(1260) Concurrent Mark Cycle 38.779ms
[143.716s][info][gc,start       ] GC(1261) Pause Young (Prepare Mixed) (G1 Evacuation Pause)
[143.716s][info][gc,task        ] GC(1261) Using 33 workers of 33 for evacuation
[143.720s][info][gc,phases      ] GC(1261)   Pre Evacuate Collection Set: 0.3ms
[143.720s][info][gc,phases      ] GC(1261)   Merge Heap Roots: 0.8ms
[143.720s][info][gc,phases      ] GC(1261)   Evacuate Collection Set: 1.0ms
[143.720s][info][gc,phases      ] GC(1261)   Post Evacuate Collection Set: 0.9ms
[143.720s][info][gc,phases      ] GC(1261)   Other: 0.2ms
[143.720s][info][gc,heap        ] GC(1261) Eden regions: 698->0(672)
[143.720s][info][gc,heap        ] GC(1261) Survivor regions: 5->4(43)
[143.720s][info][gc,heap        ] GC(1261) Old regions: 56->56
[143.720s][info][gc,heap        ] GC(1261) Archive regions: 0->0
[143.720s][info][gc,heap        ] GC(1261) Humongous regions: 1246->1209
[143.720s][info][gc,metaspace   ] GC(1261) Metaspace: 128911K(130944K)->128911K(130944K) NonClass: 109874K(110528K)->109874K(110528K) Class: 19037K(20416K)->19037K(20416K)
[143.720s][info][gc             ] GC(1261) Pause Young (Prepare Mixed) (G1 Evacuation Pause) 2002M->1266M(2048M) 3.473ms
[143.720s][info][gc,cpu         ] GC(1261) User=0.00s Sys=0.00s Real=0.00s
[143.757s][info][gc,start       ] GC(1262) Pause Young (Mixed) (G1 Humongous Allocation)
[143.757s][info][gc,task        ] GC(1262) Using 33 workers of 33 for evacuation
[143.760s][info][gc,phases      ] GC(1262)   Pre Evacuate Collection Set: 0.3ms
[143.760s][info][gc,phases      ] GC(1262)   Merge Heap Roots: 0.2ms
[143.760s][info][gc,phases      ] GC(1262)   Evacuate Collection Set: 1.5ms
[143.760s][info][gc,phases      ] GC(1262)   Post Evacuate Collection Set: 0.7ms
[143.760s][info][gc,phases      ] GC(1262)   Other: 0.1ms
[143.760s][info][gc,heap        ] GC(1262) Eden regions: 622->0(643)
[143.760s][info][gc,heap        ] GC(1262) Survivor regions: 4->5(65)
[143.760s][info][gc,heap        ] GC(1262) Old regions: 56->56
[143.760s][info][gc,heap        ] GC(1262) Archive regions: 0->0
[143.760s][info][gc,heap        ] GC(1262) Humongous regions: 1301->1236
[143.760s][info][gc,metaspace   ] GC(1262) Metaspace: 128911K(130944K)->128911K(130944K) NonClass: 109874K(110528K)->109874K(110528K) Class: 19037K(20416K)->19037K(20416K)
[143.760s][info][gc             ] GC(1262) Pause Young (Mixed) (G1 Humongous Allocation) 1980M->1293M(2048M) 3.188ms
[143.761s][info][gc,cpu         ] GC(1262) User=0.00s Sys=0.00s Real=0.00s
[143.761s][info][gc,start       ] GC(1263) Pause Young (Concurrent Start) (G1 Humongous Allocation)
[143.761s][info][gc,task        ] GC(1263) Using 33 workers of 33 for evacuation
[143.764s][info][gc,phases      ] GC(1263)   Pre Evacuate Collection Set: 0.4ms
[143.764s][info][gc,phases      ] GC(1263)   Merge Heap Roots: 0.1ms
[143.764s][info][gc,phases      ] GC(1263)   Evacuate Collection Set: 1.9ms
[143.764s][info][gc,phases      ] GC(1263)   Post Evacuate Collection Set: 0.5ms
[143.764s][info][gc,phases      ] GC(1263)   Other: 0.1ms
[143.764s][info][gc,heap        ] GC(1263) Eden regions: 5->0(650)
[143.764s][info][gc,heap        ] GC(1263) Survivor regions: 5->5(81)
[143.764s][info][gc,heap        ] GC(1263) Old regions: 56->56
[143.764s][info][gc,heap        ] GC(1263) Archive regions: 0->0
[143.764s][info][gc,heap        ] GC(1263) Humongous regions: 1240->1229
[143.764s][info][gc,metaspace   ] GC(1263) Metaspace: 128911K(130944K)->128911K(130944K) NonClass: 109874K(110528K)->109874K(110528K) Class: 19037K(20416K)->19037K(20416K)
[143.764s][info][gc             ] GC(1263) Pause Young (Concurrent Start) (G1 Humongous Allocation) 1302M->1286M(2048M) 3.144ms
[143.764s][info][gc             ] GC(1264) Concurrent Mark Cycle
[143.764s][info][gc,cpu         ] GC(1263) User=0.00s Sys=0.00s Real=0.00s
[143.764s][info][gc,marking     ] GC(1264) Concurrent Scan Root Regions
[143.767s][info][gc,marking     ] GC(1264) Concurrent Scan Root Regions 2.691ms
[143.767s][info][gc,marking     ] GC(1264) Concurrent Mark
[143.767s][info][gc,marking     ] GC(1264) Concurrent Mark From Roots
[143.767s][info][gc,task        ] GC(1264) Using 8 workers of 8 for marking
[143.785s][info][gc,marking     ] GC(1264) Concurrent Mark From Roots 18.156ms
[143.786s][info][gc,marking     ] GC(1264) Concurrent Preclean
[143.786s][info][gc,marking     ] GC(1264) Concurrent Preclean 0.564ms
[143.786s][info][gc,start       ] GC(1264) Pause Remark
[143.789s][info][gc             ] GC(1264) Pause Remark 1581M->1581M(2048M) 3.080ms
[143.789s][info][gc,cpu         ] GC(1264) User=0.53s Sys=0.00s Real=0.02s
[143.790s][info][gc,marking     ] GC(1264) Concurrent Mark 22.276ms
[143.790s][info][gc,marking     ] GC(1264) Concurrent Rebuild Remembered Sets and Scrub Regions
[143.797s][info][gc,marking     ] GC(1264) Concurrent Rebuild Remembered Sets and Scrub Regions 7.407ms
[143.797s][info][gc,start       ] GC(1264) Pause Cleanup
[143.798s][info][gc             ] GC(1264) Pause Cleanup 1701M->1701M(2048M) 0.304ms
[143.798s][info][gc,cpu         ] GC(1264) User=0.00s Sys=0.00s Real=0.00s
[143.798s][info][gc,marking     ] GC(1264) Concurrent Clear Claimed Marks
[143.798s][info][gc,marking     ] GC(1264) Concurrent Clear Claimed Marks 0.225ms
[143.798s][info][gc,marking     ] GC(1264) Concurrent Cleanup for Next Mark
[143.801s][info][gc,marking     ] GC(1264) Concurrent Cleanup for Next Mark 2.765ms
[143.801s][info][gc             ] GC(1264) Concurrent Mark Cycle 36.347ms
[143.815s][info][gc,start       ] GC(1265) Pause Young (Prepare Mixed) (G1 Humongous Allocation)
[143.815s][info][gc,task        ] GC(1265) Using 33 workers of 33 for evacuation
[143.818s][info][gc,phases      ] GC(1265)   Pre Evacuate Collection Set: 0.3ms
[143.818s][info][gc,phases      ] GC(1265)   Merge Heap Roots: 0.8ms
[143.818s][info][gc,phases      ] GC(1265)   Evacuate Collection Set: 1.1ms
[143.818s][info][gc,phases      ] GC(1265)   Post Evacuate Collection Set: 0.7ms
[143.818s][info][gc,phases      ] GC(1265)   Other: 0.1ms
[143.818s][info][gc,heap        ] GC(1265) Eden regions: 609->0(646)
[143.818s][info][gc,heap        ] GC(1265) Survivor regions: 5->6(46)
[143.818s][info][gc,heap        ] GC(1265) Old regions: 56->56
[143.818s][info][gc,heap        ] GC(1265) Archive regions: 0->0
[143.818s][info][gc,heap        ] GC(1265) Humongous regions: 1332->1231
[143.818s][info][gc,metaspace   ] GC(1265) Metaspace: 128911K(130944K)->128911K(130944K) NonClass: 109874K(110528K)->109874K(110528K) Class: 19037K(20416K)->19037K(20416K)
[143.818s][info][gc             ] GC(1265) Pause Young (Prepare Mixed) (G1 Humongous Allocation) 1998M->1289M(2048M) 3.433ms
[143.818s][info][gc,cpu         ] GC(1265) User=0.02s Sys=0.00s Real=0.02s
[143.855s][info][gc,start       ] GC(1266) Pause Young (Mixed) (G1 Evacuation Pause)
[143.855s][info][gc,task        ] GC(1266) Using 33 workers of 33 for evacuation
[143.859s][info][gc,phases      ] GC(1266)   Pre Evacuate Collection Set: 0.3ms
[143.859s][info][gc,phases      ] GC(1266)   Merge Heap Roots: 0.3ms
[143.859s][info][gc,phases      ] GC(1266)   Evacuate Collection Set: 1.6ms
[143.859s][info][gc,phases      ] GC(1266)   Post Evacuate Collection Set: 0.8ms
[143.859s][info][gc,phases      ] GC(1266)   Other: 0.2ms
[143.859s][info][gc,heap        ] GC(1266) Eden regions: 646->0(626)
[143.859s][info][gc,heap        ] GC(1266) Survivor regions: 6->4(36)
[143.859s][info][gc,heap        ] GC(1266) Old regions: 56->56
[143.859s][info][gc,heap        ] GC(1266) Archive regions: 0->0
[143.859s][info][gc,heap        ] GC(1266) Humongous regions: 1304->1255
[143.859s][info][gc,metaspace   ] GC(1266) Metaspace: 128911K(130944K)->128911K(130944K) NonClass: 109874K(110528K)->109874K(110528K) Class: 19037K(20416K)->19037K(20416K)
[143.859s][info][gc             ] GC(1266) Pause Young (Mixed) (G1 Evacuation Pause) 2008M->1312M(2048M) 3.767ms
[143.859s][info][gc,cpu         ] GC(1266) User=0.00s Sys=0.00s Real=0.00s
[143.866s][info][gc,start       ] GC(1267) Pause Young (Concurrent Start) (G1 Humongous Allocation)
[143.866s][info][gc,task        ] GC(1267) Using 33 workers of 33 for evacuation
[143.869s][info][gc,phases      ] GC(1267)   Pre Evacuate Collection Set: 0.5ms
[143.869s][info][gc,phases      ] GC(1267)   Merge Heap Roots: 0.1ms
[143.869s][info][gc,phases      ] GC(1267)   Evacuate Collection Set: 1.7ms
[143.869s][info][gc,phases      ] GC(1267)   Post Evacuate Collection Set: 0.7ms
[143.869s][info][gc,phases      ] GC(1267)   Other: 0.1ms
[143.869s][info][gc,heap        ] GC(1267) Eden regions: 121->0(624)
[143.869s][info][gc,heap        ] GC(1267) Survivor regions: 4->5(79)
[143.869s][info][gc,heap        ] GC(1267) Old regions: 56->56
[143.869s][info][gc,heap        ] GC(1267) Archive regions: 0->0
[143.869s][info][gc,heap        ] GC(1267) Humongous regions: 1255->1255
[143.869s][info][gc,metaspace   ] GC(1267) Metaspace: 128911K(130944K)->128911K(130944K) NonClass: 109874K(110528K)->109874K(110528K) Class: 19037K(20416K)->19037K(20416K)
[143.869s][info][gc             ] GC(1267) Pause Young (Concurrent Start) (G1 Humongous Allocation) 1433M->1312M(2048M) 3.652ms
[143.869s][info][gc             ] GC(1268) Concurrent Mark Cycle
[143.870s][info][gc,cpu         ] GC(1267) User=0.00s Sys=0.00s Real=0.00s
[143.870s][info][gc,marking     ] GC(1268) Concurrent Scan Root Regions
[143.873s][info][gc,marking     ] GC(1268) Concurrent Scan Root Regions 3.633ms
[143.873s][info][gc,marking     ] GC(1268) Concurrent Mark
[143.873s][info][gc,marking     ] GC(1268) Concurrent Mark From Roots
[143.873s][info][gc,task        ] GC(1268) Using 8 workers of 8 for marking
[143.896s][info][gc,marking     ] GC(1268) Concurrent Mark From Roots 22.834ms
[143.896s][info][gc,marking     ] GC(1268) Concurrent Preclean
[143.897s][info][gc,marking     ] GC(1268) Concurrent Preclean 0.557ms
[143.897s][info][gc,start       ] GC(1268) Pause Remark
[143.900s][info][gc             ] GC(1268) Pause Remark 1726M->1726M(2048M) 3.065ms
[143.900s][info][gc,cpu         ] GC(1268) User=0.00s Sys=0.00s Real=0.00s
[143.900s][info][gc,marking     ] GC(1268) Concurrent Mark 26.906ms
[143.900s][info][gc,marking     ] GC(1268) Concurrent Rebuild Remembered Sets and Scrub Regions
[143.908s][info][gc,marking     ] GC(1268) Concurrent Rebuild Remembered Sets and Scrub Regions 7.540ms
[143.908s][info][gc,start       ] GC(1268) Pause Cleanup
[143.908s][info][gc             ] GC(1268) Pause Cleanup 1842M->1842M(2048M) 0.295ms
[143.908s][info][gc,cpu         ] GC(1268) User=0.00s Sys=0.00s Real=0.00s
[143.908s][info][gc,marking     ] GC(1268) Concurrent Clear Claimed Marks
[143.909s][info][gc,marking     ] GC(1268) Concurrent Clear Claimed Marks 0.252ms
[143.909s][info][gc,marking     ] GC(1268) Concurrent Cleanup for Next Mark
[143.911s][info][gc,marking     ] GC(1268) Concurrent Cleanup for Next Mark 2.401ms
[143.911s][info][gc             ] GC(1268) Concurrent Mark Cycle 41.593ms
[143.916s][info][gc,start       ] GC(1269) Pause Young (Prepare Mixed) (G1 Humongous Allocation)
[143.916s][info][gc,task        ] GC(1269) Using 33 workers of 33 for evacuation
[143.919s][info][gc,phases      ] GC(1269)   Pre Evacuate Collection Set: 0.3ms
[143.919s][info][gc,phases      ] GC(1269)   Merge Heap Roots: 0.8ms
[143.919s][info][gc,phases      ] GC(1269)   Evacuate Collection Set: 1.0ms
[143.919s][info][gc,phases      ] GC(1269)   Post Evacuate Collection Set: 0.8ms
[143.919s][info][gc,phases      ] GC(1269)   Other: 0.1ms
[143.919s][info][gc,heap        ] GC(1269) Eden regions: 559->0(620)
[143.919s][info][gc,heap        ] GC(1269) Survivor regions: 5->3(79)
[143.919s][info][gc,heap        ] GC(1269) Old regions: 56->57
[143.919s][info][gc,heap        ] GC(1269) Archive regions: 0->0
[143.919s][info][gc,heap        ] GC(1269) Humongous regions: 1346->1262
[143.919s][info][gc,metaspace   ] GC(1269) Metaspace: 128911K(130944K)->128911K(130944K) NonClass: 109874K(110528K)->109874K(110528K) Class: 19037K(20416K)->19037K(20416K)
[143.919s][info][gc             ] GC(1269) Pause Young (Prepare Mixed) (G1 Humongous Allocation) 1962M->1319M(2048M) 3.282ms
[143.919s][info][gc,cpu         ] GC(1269) User=0.02s Sys=0.00s Real=0.02s
[143.955s][info][gc,start       ] GC(1270) Pause Young (Mixed) (G1 Humongous Allocation)
[143.955s][info][gc,task        ] GC(1270) Using 33 workers of 33 for evacuation
[143.959s][info][gc,phases      ] GC(1270)   Pre Evacuate Collection Set: 0.3ms
[143.959s][info][gc,phases      ] GC(1270)   Merge Heap Roots: 0.3ms
[143.959s][info][gc,phases      ] GC(1270)   Evacuate Collection Set: 1.7ms
[143.959s][info][gc,phases      ] GC(1270)   Post Evacuate Collection Set: 0.7ms
[143.959s][info][gc,phases      ] GC(1270)   Other: 0.2ms
[143.959s][info][gc,heap        ] GC(1270) Eden regions: 597->0(611)
[143.959s][info][gc,heap        ] GC(1270) Survivor regions: 3->3(48)
[143.959s][info][gc,heap        ] GC(1270) Old regions: 57->58
[143.959s][info][gc,heap        ] GC(1270) Archive regions: 0->0
[143.959s][info][gc,heap        ] GC(1270) Humongous regions: 1343->1270
[143.959s][info][gc,metaspace   ] GC(1270) Metaspace: 128911K(130944K)->128911K(130944K) NonClass: 109874K(110528K)->109874K(110528K) Class: 19037K(20416K)->19037K(20416K)
[143.959s][info][gc             ] GC(1270) Pause Young (Mixed) (G1 Humongous Allocation) 1997M->1327M(2048M) 3.528ms
[143.959s][info][gc,cpu         ] GC(1270) User=0.00s Sys=0.00s Real=0.00s
[143.961s][info][gc,start       ] GC(1271) Pause Young (Concurrent Start) (G1 Humongous Allocation)
[143.961s][info][gc,task        ] GC(1271) Using 33 workers of 33 for evacuation
[143.964s][info][gc,phases      ] GC(1271)   Pre Evacuate Collection Set: 0.5ms
[143.964s][info][gc,phases      ] GC(1271)   Merge Heap Roots: 0.1ms
[143.964s][info][gc,phases      ] GC(1271)   Evacuate Collection Set: 1.4ms
[143.964s][info][gc,phases      ] GC(1271)   Post Evacuate Collection Set: 0.6ms
[143.964s][info][gc,phases      ] GC(1271)   Other: 0.1ms
[143.964s][info][gc,heap        ] GC(1271) Eden regions: 42->0(609)
[143.964s][info][gc,heap        ] GC(1271) Survivor regions: 3->3(77)
[143.964s][info][gc,heap        ] GC(1271) Old regions: 58->58
[143.964s][info][gc,heap        ] GC(1271) Archive regions: 0->0
[143.964s][info][gc,heap        ] GC(1271) Humongous regions: 1274->1272
[143.964s][info][gc,metaspace   ] GC(1271) Metaspace: 128911K(130944K)->128911K(130944K) NonClass: 109874K(110528K)->109874K(110528K) Class: 19037K(20416K)->19037K(20416K)
[143.964s][info][gc             ] GC(1271) Pause Young (Concurrent Start) (G1 Humongous Allocation) 1373M->1330M(2048M) 2.784ms
[143.964s][info][gc             ] GC(1272) Concurrent Mark Cycle
[143.964s][info][gc,cpu         ] GC(1271) User=0.05s Sys=0.00s Real=0.02s
[143.964s][info][gc,marking     ] GC(1272) Concurrent Scan Root Regions
[143.966s][info][gc,marking     ] GC(1272) Concurrent Scan Root Regions 2.109ms
[143.966s][info][gc,marking     ] GC(1272) Concurrent Mark
[143.966s][info][gc,marking     ] GC(1272) Concurrent Mark From Roots
[143.966s][info][gc,task        ] GC(1272) Using 8 workers of 8 for marking
[143.987s][info][gc,marking     ] GC(1272) Concurrent Mark From Roots 20.992ms
[143.987s][info][gc,marking     ] GC(1272) Concurrent Preclean
[143.988s][info][gc,marking     ] GC(1272) Concurrent Preclean 0.589ms
[143.988s][info][gc,start       ] GC(1272) Pause Remark
[143.991s][info][gc             ] GC(1272) Pause Remark 1703M->1703M(2048M) 3.099ms
[143.991s][info][gc,cpu         ] GC(1272) User=0.00s Sys=0.00s Real=0.00s
[143.991s][info][gc,marking     ] GC(1272) Concurrent Mark 25.145ms
[143.991s][info][gc,marking     ] GC(1272) Concurrent Rebuild Remembered Sets and Scrub Regions
[143.999s][info][gc,marking     ] GC(1272) Concurrent Rebuild Remembered Sets and Scrub Regions 7.204ms
[143.999s][info][gc,start       ] GC(1272) Pause Cleanup
[143.999s][info][gc             ] GC(1272) Pause Cleanup 1803M->1803M(2048M) 0.315ms
[143.999s][info][gc,cpu         ] GC(1272) User=0.00s Sys=0.00s Real=0.00s
[143.999s][info][gc,marking     ] GC(1272) Concurrent Clear Claimed Marks
[144.000s][info][gc,marking     ] GC(1272) Concurrent Clear Claimed Marks 0.207ms
[144.000s][info][gc,marking     ] GC(1272) Concurrent Cleanup for Next Mark
[144.002s][info][gc,marking     ] GC(1272) Concurrent Cleanup for Next Mark 2.442ms
[144.002s][info][gc             ] GC(1272) Concurrent Mark Cycle 38.004ms
[144.014s][info][gc,start       ] GC(1273) Pause Young (Prepare Mixed) (G1 Evacuation Pause)
[144.014s][info][gc,task        ] GC(1273) Using 33 workers of 33 for evacuation
[144.016s][info][gc,phases      ] GC(1273)   Pre Evacuate Collection Set: 0.3ms
[144.016s][info][gc,phases      ] GC(1273)   Merge Heap Roots: 0.8ms
[144.017s][info][gc,phases      ] GC(1273)   Evacuate Collection Set: 0.9ms
[144.017s][info][gc,phases      ] GC(1273)   Post Evacuate Collection Set: 0.8ms
[144.017s][info][gc,phases      ] GC(1273)   Other: 0.1ms
[144.017s][info][gc,heap        ] GC(1273) Eden regions: 609->0(603)
[144.017s][info][gc,heap        ] GC(1273) Survivor regions: 3->2(23)
[144.017s][info][gc,heap        ] GC(1273) Old regions: 58->58
[144.017s][info][gc,heap        ] GC(1273) Archive regions: 0->0
[144.017s][info][gc,heap        ] GC(1273) Humongous regions: 1355->1280
[144.017s][info][gc,metaspace   ] GC(1273) Metaspace: 128911K(130944K)->128911K(130944K) NonClass: 109874K(110528K)->109874K(110528K) Class: 19037K(20416K)->19037K(20416K)
[144.017s][info][gc             ] GC(1273) Pause Young (Prepare Mixed) (G1 Evacuation Pause) 2022M->1337M(2048M) 3.147ms
[144.017s][info][gc,cpu         ] GC(1273) User=0.00s Sys=0.00s Real=0.00s
[144.054s][info][gc,start       ] GC(1274) Pause Young (Mixed) (G1 Humongous Allocation)
[144.054s][info][gc,task        ] GC(1274) Using 33 workers of 33 for evacuation
[144.057s][info][gc,phases      ] GC(1274)   Pre Evacuate Collection Set: 0.3ms
[144.057s][info][gc,phases      ] GC(1274)   Merge Heap Roots: 0.2ms
[144.057s][info][gc,phases      ] GC(1274)   Evacuate Collection Set: 1.7ms
[144.057s][info][gc,phases      ] GC(1274)   Post Evacuate Collection Set: 0.7ms
[144.057s][info][gc,phases      ] GC(1274)   Other: 0.1ms
[144.057s][info][gc,heap        ] GC(1274) Eden regions: 557->0(598)
[144.057s][info][gc,heap        ] GC(1274) Survivor regions: 2->2(52)
[144.057s][info][gc,heap        ] GC(1274) Old regions: 58->56
[144.057s][info][gc,heap        ] GC(1274) Archive regions: 0->0
[144.057s][info][gc,heap        ] GC(1274) Humongous regions: 1379->1287
[144.057s][info][gc,metaspace   ] GC(1274) Metaspace: 128911K(130944K)->128911K(130944K) NonClass: 109874K(110528K)->109874K(110528K) Class: 19037K(20416K)->19037K(20416K)
[144.057s][info][gc             ] GC(1274) Pause Young (Mixed) (G1 Humongous Allocation) 1993M->1343M(2048M) 3.197ms
[144.058s][info][gc,cpu         ] GC(1274) User=0.00s Sys=0.00s Real=0.00s
[144.058s][info][gc,start       ] GC(1275) Pause Young (Concurrent Start) (G1 Humongous Allocation)
[144.058s][info][gc,task        ] GC(1275) Using 33 workers of 33 for evacuation
[144.061s][info][gc,phases      ] GC(1275)   Pre Evacuate Collection Set: 0.4ms
[144.061s][info][gc,phases      ] GC(1275)   Merge Heap Roots: 0.1ms
[144.061s][info][gc,phases      ] GC(1275)   Evacuate Collection Set: 1.4ms
[144.061s][info][gc,phases      ] GC(1275)   Post Evacuate Collection Set: 0.5ms
[144.061s][info][gc,phases      ] GC(1275)   Other: 0.1ms
[144.061s][info][gc,heap        ] GC(1275) Eden regions: 6->0(594)
[144.061s][info][gc,heap        ] GC(1275) Survivor regions: 2->2(75)
[144.061s][info][gc,heap        ] GC(1275) Old regions: 56->56
[144.061s][info][gc,heap        ] GC(1275) Archive regions: 0->0
[144.061s][info][gc,heap        ] GC(1275) Humongous regions: 1291->1291
[144.061s][info][gc,metaspace   ] GC(1275) Metaspace: 128911K(130944K)->128911K(130944K) NonClass: 109874K(110528K)->109874K(110528K) Class: 19037K(20416K)->19037K(20416K)
[144.061s][info][gc             ] GC(1275) Pause Young (Concurrent Start) (G1 Humongous Allocation) 1352M->1347M(2048M) 2.660ms
[144.061s][info][gc             ] GC(1276) Concurrent Mark Cycle
[144.061s][info][gc,marking     ] GC(1276) Concurrent Scan Root Regions
[144.061s][info][gc,cpu         ] GC(1275) User=0.00s Sys=0.00s Real=0.00s
[144.064s][info][gc,marking     ] GC(1276) Concurrent Scan Root Regions 3.488ms
[144.065s][info][gc,marking     ] GC(1276) Concurrent Mark
[144.065s][info][gc,marking     ] GC(1276) Concurrent Mark From Roots
[144.065s][info][gc,task        ] GC(1276) Using 8 workers of 8 for marking
[144.084s][info][gc,marking     ] GC(1276) Concurrent Mark From Roots 19.623ms
[144.084s][info][gc,marking     ] GC(1276) Concurrent Preclean
[144.085s][info][gc,marking     ] GC(1276) Concurrent Preclean 0.358ms
[144.085s][info][gc,start       ] GC(1276) Pause Remark
[144.088s][info][gc             ] GC(1276) Pause Remark 1617M->1617M(2048M) 3.103ms
[144.088s][info][gc,cpu         ] GC(1276) User=0.00s Sys=0.00s Real=0.00s
[144.088s][info][gc,marking     ] GC(1276) Concurrent Mark 23.519ms
[144.088s][info][gc,marking     ] GC(1276) Concurrent Rebuild Remembered Sets and Scrub Regions
[144.095s][info][gc,marking     ] GC(1276) Concurrent Rebuild Remembered Sets and Scrub Regions 6.602ms
[144.095s][info][gc,start       ] GC(1276) Pause Cleanup
[144.095s][info][gc             ] GC(1276) Pause Cleanup 1693M->1693M(2048M) 0.310ms
[144.095s][info][gc,cpu         ] GC(1276) User=0.00s Sys=0.00s Real=0.00s
[144.095s][info][gc,marking     ] GC(1276) Concurrent Clear Claimed Marks
[144.096s][info][gc,marking     ] GC(1276) Concurrent Clear Claimed Marks 0.185ms
[144.096s][info][gc,marking     ] GC(1276) Concurrent Cleanup for Next Mark
[144.098s][info][gc,marking     ] GC(1276) Concurrent Cleanup for Next Mark 2.164ms
[144.098s][info][gc             ] GC(1276) Concurrent Mark Cycle 36.834ms
[144.115s][info][gc,start       ] GC(1277) Pause Young (Prepare Mixed) (G1 Evacuation Pause)
[144.115s][info][gc,task        ] GC(1277) Using 33 workers of 33 for evacuation
[144.118s][info][gc,phases      ] GC(1277)   Pre Evacuate Collection Set: 0.3ms
[144.118s][info][gc,phases      ] GC(1277)   Merge Heap Roots: 0.8ms
[144.118s][info][gc,phases      ] GC(1277)   Evacuate Collection Set: 0.9ms
[144.118s][info][gc,phases      ] GC(1277)   Post Evacuate Collection Set: 0.8ms
[144.118s][info][gc,phases      ] GC(1277)   Other: 0.1ms
[144.118s][info][gc,heap        ] GC(1277) Eden regions: 594->0(605)
[144.118s][info][gc,heap        ] GC(1277) Survivor regions: 2->2(73)
[144.118s][info][gc,heap        ] GC(1277) Old regions: 56->56
[144.118s][info][gc,heap        ] GC(1277) Archive regions: 0->0
[144.118s][info][gc,heap        ] GC(1277) Humongous regions: 1323->1280
[144.118s][info][gc,metaspace   ] GC(1277) Metaspace: 128911K(130944K)->128911K(130944K) NonClass: 109874K(110528K)->109874K(110528K) Class: 19037K(20416K)->19037K(20416K)
[144.118s][info][gc             ] GC(1277) Pause Young (Prepare Mixed) (G1 Evacuation Pause) 1973M->1336M(2048M) 3.103ms
[144.118s][info][gc,cpu         ] GC(1277) User=0.00s Sys=0.00s Real=0.00s
[144.157s][info][gc,start       ] GC(1278) Pause Young (Mixed) (G1 Evacuation Pause)
[144.157s][info][gc,task        ] GC(1278) Using 33 workers of 33 for evacuation
[144.159s][info][gc,phases      ] GC(1278)   Pre Evacuate Collection Set: 0.3ms
[144.159s][info][gc,phases      ] GC(1278)   Merge Heap Roots: 0.3ms
[144.159s][info][gc,phases      ] GC(1278)   Evacuate Collection Set: 1.3ms
[144.159s][info][gc,phases      ] GC(1278)   Post Evacuate Collection Set: 0.7ms
[144.159s][info][gc,phases      ] GC(1278)   Other: 0.1ms
[144.159s][info][gc,heap        ] GC(1278) Eden regions: 605->0(608)
[144.159s][info][gc,heap        ] GC(1278) Survivor regions: 2->2(76)
[144.159s][info][gc,heap        ] GC(1278) Old regions: 56->55
[144.159s][info][gc,heap        ] GC(1278) Archive regions: 0->0
[144.159s][info][gc,heap        ] GC(1278) Humongous regions: 1297->1278
[144.159s][info][gc,metaspace   ] GC(1278) Metaspace: 128911K(130944K)->128911K(130944K) NonClass: 109874K(110528K)->109874K(110528K) Class: 19037K(20416K)->19037K(20416K)
[144.159s][info][gc             ] GC(1278) Pause Young (Mixed) (G1 Evacuation Pause) 1958M->1332M(2048M) 2.986ms
[144.160s][info][gc,cpu         ] GC(1278) User=0.03s Sys=0.00s Real=0.02s
[144.170s][info][gc,start       ] GC(1279) Pause Young (Concurrent Start) (G1 Humongous Allocation)
[144.170s][info][gc,task        ] GC(1279) Using 33 workers of 33 for evacuation
[144.173s][info][gc,phases      ] GC(1279)   Pre Evacuate Collection Set: 0.5ms
[144.173s][info][gc,phases      ] GC(1279)   Merge Heap Roots: 0.1ms
[144.173s][info][gc,phases      ] GC(1279)   Evacuate Collection Set: 1.4ms
[144.173s][info][gc,phases      ] GC(1279)   Post Evacuate Collection Set: 0.6ms
[144.173s][info][gc,phases      ] GC(1279)   Other: 0.1ms
[144.173s][info][gc,heap        ] GC(1279) Eden regions: 159->0(608)
[144.173s][info][gc,heap        ] GC(1279) Survivor regions: 2->2(77)
[144.173s][info][gc,heap        ] GC(1279) Old regions: 55->55
[144.173s][info][gc,heap        ] GC(1279) Archive regions: 0->0
[144.173s][info][gc,heap        ] GC(1279) Humongous regions: 1278->1278
[144.173s][info][gc,metaspace   ] GC(1279) Metaspace: 128911K(130944K)->128911K(130944K) NonClass: 109874K(110528K)->109874K(110528K) Class: 19037K(20416K)->19037K(20416K)
[144.173s][info][gc             ] GC(1279) Pause Young (Concurrent Start) (G1 Humongous Allocation) 1491M->1332M(2048M) 2.929ms
[144.173s][info][gc             ] GC(1280) Concurrent Mark Cycle
[144.173s][info][gc,cpu         ] GC(1279) User=0.00s Sys=0.00s Real=0.00s
[144.173s][info][gc,marking     ] GC(1280) Concurrent Scan Root Regions
[144.176s][info][gc,marking     ] GC(1280) Concurrent Scan Root Regions 3.014ms
[144.176s][info][gc,marking     ] GC(1280) Concurrent Mark
[144.176s][info][gc,marking     ] GC(1280) Concurrent Mark From Roots
[144.176s][info][gc,task        ] GC(1280) Using 8 workers of 8 for marking
[144.197s][info][gc,marking     ] GC(1280) Concurrent Mark From Roots 20.133ms
[144.197s][info][gc,marking     ] GC(1280) Concurrent Preclean
[144.197s][info][gc,marking     ] GC(1280) Concurrent Preclean 0.429ms
[144.197s][info][gc,start       ] GC(1280) Pause Remark
[144.200s][info][gc             ] GC(1280) Pause Remark 1631M->1631M(2048M) 3.168ms
[144.200s][info][gc,cpu         ] GC(1280) User=0.00s Sys=0.00s Real=0.00s
[144.201s][info][gc,marking     ] GC(1280) Concurrent Mark 24.166ms
[144.201s][info][gc,marking     ] GC(1280) Concurrent Rebuild Remembered Sets and Scrub Regions
[144.207s][info][gc,marking     ] GC(1280) Concurrent Rebuild Remembered Sets and Scrub Regions 6.714ms
[144.208s][info][gc,start       ] GC(1280) Pause Cleanup
[144.208s][info][gc             ] GC(1280) Pause Cleanup 1720M->1720M(2048M) 0.315ms
[144.208s][info][gc,cpu         ] GC(1280) User=0.00s Sys=0.00s Real=0.00s
[144.208s][info][gc,marking     ] GC(1280) Concurrent Clear Claimed Marks
[144.208s][info][gc,marking     ] GC(1280) Concurrent Clear Claimed Marks 0.167ms
[144.208s][info][gc,marking     ] GC(1280) Concurrent Cleanup for Next Mark
[144.210s][info][gc,marking     ] GC(1280) Concurrent Cleanup for Next Mark 2.173ms
[144.210s][info][gc             ] GC(1280) Concurrent Mark Cycle 37.137ms
[144.224s][info][gc,start       ] GC(1281) Pause Young (Prepare Mixed) (G1 Evacuation Pause)
[144.224s][info][gc,task        ] GC(1281) Using 33 workers of 33 for evacuation
[144.227s][info][gc,phases      ] GC(1281)   Pre Evacuate Collection Set: 0.3ms
[144.227s][info][gc,phases      ] GC(1281)   Merge Heap Roots: 0.8ms
[144.227s][info][gc,phases      ] GC(1281)   Evacuate Collection Set: 0.8ms
[144.227s][info][gc,phases      ] GC(1281)   Post Evacuate Collection Set: 0.7ms
[144.227s][info][gc,phases      ] GC(1281)   Other: 0.1ms
[144.227s][info][gc,heap        ] GC(1281) Eden regions: 608->0(603)
[144.227s][info][gc,heap        ] GC(1281) Survivor regions: 2->2(72)
[144.227s][info][gc,heap        ] GC(1281) Old regions: 55->55
[144.227s][info][gc,heap        ] GC(1281) Archive regions: 0->0
[144.227s][info][gc,heap        ] GC(1281) Humongous regions: 1311->1283
[144.227s][info][gc,metaspace   ] GC(1281) Metaspace: 128911K(130944K)->128911K(130944K) NonClass: 109874K(110528K)->109874K(110528K) Class: 19037K(20416K)->19037K(20416K)
[144.227s][info][gc             ] GC(1281) Pause Young (Prepare Mixed) (G1 Evacuation Pause) 1973M->1337M(2048M) 3.036ms
[144.227s][info][gc,cpu         ] GC(1281) User=0.00s Sys=0.00s Real=0.00s
[144.266s][info][gc,start       ] GC(1282) Pause Young (Mixed) (G1 Evacuation Pause)
[144.266s][info][gc,task        ] GC(1282) Using 33 workers of 33 for evacuation
[144.269s][info][gc,phases      ] GC(1282)   Pre Evacuate Collection Set: 0.3ms
[144.269s][info][gc,phases      ] GC(1282)   Merge Heap Roots: 0.3ms
[144.269s][info][gc,phases      ] GC(1282)   Evacuate Collection Set: 1.4ms
[144.269s][info][gc,phases      ] GC(1282)   Post Evacuate Collection Set: 0.7ms
[144.269s][info][gc,phases      ] GC(1282)   Other: 0.1ms
[144.269s][info][gc,heap        ] GC(1282) Eden regions: 603->0(604)
[144.269s][info][gc,heap        ] GC(1282) Survivor regions: 2->2(76)
[144.269s][info][gc,heap        ] GC(1282) Old regions: 55->54
[144.269s][info][gc,heap        ] GC(1282) Archive regions: 0->0
[144.269s][info][gc,heap        ] GC(1282) Humongous regions: 1302->1283
[144.269s][info][gc,metaspace   ] GC(1282) Metaspace: 128911K(130944K)->128911K(130944K) NonClass: 109874K(110528K)->109874K(110528K) Class: 19037K(20416K)->19037K(20416K)
[144.269s][info][gc             ] GC(1282) Pause Young (Mixed) (G1 Evacuation Pause) 1959M->1336M(2048M) 3.066ms
[144.269s][info][gc,cpu         ] GC(1282) User=0.52s Sys=0.00s Real=0.02s
[144.271s][info][gc,start       ] GC(1283) Pause Young (Concurrent Start) (G1 Humongous Allocation)
[144.271s][info][gc,task        ] GC(1283) Using 33 workers of 33 for evacuation
[144.273s][info][gc,phases      ] GC(1283)   Pre Evacuate Collection Set: 0.4ms
[144.273s][info][gc,phases      ] GC(1283)   Merge Heap Roots: 0.1ms
[144.273s][info][gc,phases      ] GC(1283)   Evacuate Collection Set: 1.1ms
[144.273s][info][gc,phases      ] GC(1283)   Post Evacuate Collection Set: 0.5ms
[144.273s][info][gc,phases      ] GC(1283)   Other: 0.1ms
[144.273s][info][gc,heap        ] GC(1283) Eden regions: 16->0(611)
[144.273s][info][gc,heap        ] GC(1283) Survivor regions: 2->2(76)
[144.273s][info][gc,heap        ] GC(1283) Old regions: 54->54
[144.273s][info][gc,heap        ] GC(1283) Archive regions: 0->0
[144.273s][info][gc,heap        ] GC(1283) Humongous regions: 1283->1276
[144.273s][info][gc,metaspace   ] GC(1283) Metaspace: 128911K(130944K)->128911K(130944K) NonClass: 109874K(110528K)->109874K(110528K) Class: 19037K(20416K)->19037K(20416K)
[144.273s][info][gc             ] GC(1283) Pause Young (Concurrent Start) (G1 Humongous Allocation) 1352M->1329M(2048M) 2.411ms
[144.273s][info][gc             ] GC(1284) Concurrent Mark Cycle
[144.273s][info][gc,cpu         ] GC(1283) User=0.00s Sys=0.00s Real=0.00s
[144.273s][info][gc,marking     ] GC(1284) Concurrent Scan Root Regions
[144.276s][info][gc,marking     ] GC(1284) Concurrent Scan Root Regions 3.135ms
[144.276s][info][gc,marking     ] GC(1284) Concurrent Mark
[144.276s][info][gc,marking     ] GC(1284) Concurrent Mark From Roots
[144.276s][info][gc,task        ] GC(1284) Using 8 workers of 8 for marking
[144.296s][info][gc,marking     ] GC(1284) Concurrent Mark From Roots 19.780ms
[144.296s][info][gc,marking     ] GC(1284) Concurrent Preclean
[144.296s][info][gc,marking     ] GC(1284) Concurrent Preclean 0.376ms
[144.297s][info][gc,start       ] GC(1284) Pause Remark
[144.300s][info][gc             ] GC(1284) Pause Remark 1620M->1620M(2048M) 3.150ms
[144.300s][info][gc,cpu         ] GC(1284) User=0.00s Sys=0.00s Real=0.00s
[144.300s][info][gc,marking     ] GC(1284) Concurrent Mark 23.743ms
[144.300s][info][gc,marking     ] GC(1284) Concurrent Rebuild Remembered Sets and Scrub Regions
[144.307s][info][gc,marking     ] GC(1284) Concurrent Rebuild Remembered Sets and Scrub Regions 6.708ms
[144.307s][info][gc,start       ] GC(1284) Pause Cleanup
[144.307s][info][gc             ] GC(1284) Pause Cleanup 1701M->1701M(2048M) 0.272ms
[144.307s][info][gc,cpu         ] GC(1284) User=0.00s Sys=0.00s Real=0.00s
[144.307s][info][gc,marking     ] GC(1284) Concurrent Clear Claimed Marks
[144.307s][info][gc,marking     ] GC(1284) Concurrent Clear Claimed Marks 0.165ms
[144.307s][info][gc,marking     ] GC(1284) Concurrent Cleanup for Next Mark
[144.310s][info][gc,marking     ] GC(1284) Concurrent Cleanup for Next Mark 2.156ms
[144.310s][info][gc             ] GC(1284) Concurrent Mark Cycle 36.596ms
[144.324s][info][gc,start       ] GC(1285) Pause Young (Prepare Mixed) (G1 Evacuation Pause)
[144.324s][info][gc,task        ] GC(1285) Using 33 workers of 33 for evacuation
[144.327s][info][gc,phases      ] GC(1285)   Pre Evacuate Collection Set: 0.3ms
[144.327s][info][gc,phases      ] GC(1285)   Merge Heap Roots: 0.8ms
[144.327s][info][gc,phases      ] GC(1285)   Evacuate Collection Set: 0.8ms
[144.327s][info][gc,phases      ] GC(1285)   Post Evacuate Collection Set: 0.7ms
[144.327s][info][gc,phases      ] GC(1285)   Other: 0.1ms
[144.327s][info][gc,heap        ] GC(1285) Eden regions: 611->0(611)
[144.327s][info][gc,heap        ] GC(1285) Survivor regions: 2->2(77)
[144.327s][info][gc,heap        ] GC(1285) Old regions: 54->54
[144.327s][info][gc,heap        ] GC(1285) Archive regions: 0->0
[144.327s][info][gc,heap        ] GC(1285) Humongous regions: 1286->1276
[144.327s][info][gc,metaspace   ] GC(1285) Metaspace: 128911K(130944K)->128911K(130944K) NonClass: 109874K(110528K)->109874K(110528K) Class: 19037K(20416K)->19037K(20416K)
[144.327s][info][gc             ] GC(1285) Pause Young (Prepare Mixed) (G1 Evacuation Pause) 1950M->1329M(2048M) 2.981ms
[144.327s][info][gc,cpu         ] GC(1285) User=0.00s Sys=0.00s Real=0.00s
[144.379s][info][gc,start       ] GC(1286) Pause Young (Mixed) (G1 Evacuation Pause)
[144.379s][info][gc,task        ] GC(1286) Using 33 workers of 33 for evacuation
[144.382s][info][gc,phases      ] GC(1286)   Pre Evacuate Collection Set: 0.3ms
[144.382s][info][gc,phases      ] GC(1286)   Merge Heap Roots: 0.3ms
[144.382s][info][gc,phases      ] GC(1286)   Evacuate Collection Set: 1.8ms
[144.382s][info][gc,phases      ] GC(1286)   Post Evacuate Collection Set: 0.9ms
[144.382s][info][gc,phases      ] GC(1286)   Other: 0.2ms
[144.382s][info][gc,heap        ] GC(1286) Eden regions: 611->0(632)
[144.382s][info][gc,heap        ] GC(1286) Survivor regions: 2->2(77)
[144.382s][info][gc,heap        ] GC(1286) Old regions: 54->53
[144.382s][info][gc,heap        ] GC(1286) Archive regions: 0->0
[144.382s][info][gc,heap        ] GC(1286) Humongous regions: 1299->1256
[144.382s][info][gc,metaspace   ] GC(1286) Metaspace: 128911K(130944K)->128911K(130944K) NonClass: 109874K(110528K)->109874K(110528K) Class: 19037K(20416K)->19037K(20416K)
[144.382s][info][gc             ] GC(1286) Pause Young (Mixed) (G1 Evacuation Pause) 1963M->1308M(2048M) 3.797ms
[144.382s][info][gc,cpu         ] GC(1286) User=0.00s Sys=0.00s Real=0.00s
[144.402s][info][gc,start       ] GC(1287) Pause Young (Concurrent Start) (G1 Humongous Allocation)
[144.402s][info][gc,task        ] GC(1287) Using 33 workers of 33 for evacuation
[144.405s][info][gc,phases      ] GC(1287)   Pre Evacuate Collection Set: 0.5ms
[144.405s][info][gc,phases      ] GC(1287)   Merge Heap Roots: 0.2ms
[144.405s][info][gc,phases      ] GC(1287)   Evacuate Collection Set: 2.0ms
[144.405s][info][gc,phases      ] GC(1287)   Post Evacuate Collection Set: 0.8ms
[144.405s][info][gc,phases      ] GC(1287)   Other: 0.1ms
[144.406s][info][gc,heap        ] GC(1287) Eden regions: 135->0(644)
[144.406s][info][gc,heap        ] GC(1287) Survivor regions: 2->2(80)
[144.406s][info][gc,heap        ] GC(1287) Old regions: 53->53
[144.406s][info][gc,heap        ] GC(1287) Archive regions: 0->0
[144.406s][info][gc,heap        ] GC(1287) Humongous regions: 1256->1244
[144.406s][info][gc,metaspace   ] GC(1287) Metaspace: 128911K(130944K)->128911K(130944K) NonClass: 109874K(110528K)->109874K(110528K) Class: 19037K(20416K)->19037K(20416K)
[144.406s][info][gc             ] GC(1287) Pause Young (Concurrent Start) (G1 Humongous Allocation) 1443M->1297M(2048M) 3.978ms
[144.406s][info][gc             ] GC(1288) Concurrent Mark Cycle
[144.406s][info][gc,cpu         ] GC(1287) User=0.00s Sys=0.00s Real=0.00s
[144.406s][info][gc,marking     ] GC(1288) Concurrent Scan Root Regions
[144.408s][info][gc,marking     ] GC(1288) Concurrent Scan Root Regions 1.911ms
[144.408s][info][gc,marking     ] GC(1288) Concurrent Mark
[144.408s][info][gc,marking     ] GC(1288) Concurrent Mark From Roots
[144.408s][info][gc,task        ] GC(1288) Using 8 workers of 8 for marking
[144.424s][info][gc,marking     ] GC(1288) Concurrent Mark From Roots 16.016ms
[144.424s][info][gc,marking     ] GC(1288) Concurrent Preclean
[144.424s][info][gc,marking     ] GC(1288) Concurrent Preclean 0.282ms
[144.424s][info][gc,start       ] GC(1288) Pause Remark
[144.428s][info][gc             ] GC(1288) Pause Remark 1343M->1183M(2048M) 3.391ms
[144.428s][info][gc,cpu         ] GC(1288) User=0.00s Sys=0.00s Real=0.00s
[144.428s][info][gc,marking     ] GC(1288) Concurrent Mark 20.201ms
[144.428s][info][gc,marking     ] GC(1288) Concurrent Rebuild Remembered Sets and Scrub Regions
[144.433s][info][gc,marking     ] GC(1288) Concurrent Rebuild Remembered Sets and Scrub Regions 5.232ms
[144.433s][info][gc,start       ] GC(1288) Pause Cleanup
[144.434s][info][gc             ] GC(1288) Pause Cleanup 1193M->1193M(2048M) 0.307ms
[144.434s][info][gc,cpu         ] GC(1288) User=0.00s Sys=0.00s Real=0.00s
[144.434s][info][gc,marking     ] GC(1288) Concurrent Clear Claimed Marks
[144.434s][info][gc,marking     ] GC(1288) Concurrent Clear Claimed Marks 0.147ms
[144.434s][info][gc,marking     ] GC(1288) Concurrent Cleanup for Next Mark
[144.436s][info][gc,marking     ] GC(1288) Concurrent Cleanup for Next Mark 1.508ms
[144.436s][info][gc             ] GC(1288) Concurrent Mark Cycle 29.820ms
[144.868s][info][gc,start       ] GC(1289) Pause Full (System.gc())
[144.869s][info][gc,task        ] GC(1289) Using 33 workers of 33 for full compaction
[144.870s][info][gc,phases,start] GC(1289) Phase 1: Mark live objects
[144.909s][info][gc,phases      ] GC(1289) Phase 1: Mark live objects 38.366ms
[144.909s][info][gc,phases,start] GC(1289) Phase 2: Prepare compaction
[144.912s][info][gc,phases      ] GC(1289) Phase 2: Prepare compaction 3.047ms
[144.912s][info][gc,phases,start] GC(1289) Phase 3: Adjust pointers
[144.924s][info][gc,phases      ] GC(1289) Phase 3: Adjust pointers 12.334ms
[144.924s][info][gc,phases,start] GC(1289) Phase 4: Compact heap
[144.925s][info][gc,phases      ] GC(1289) Phase 4: Compact heap 0.735ms
[144.941s][info][gc,heap        ] GC(1289) Eden regions: 96->0(874)
[144.941s][info][gc,heap        ] GC(1289) Survivor regions: 2->0(80)
[144.941s][info][gc,heap        ] GC(1289) Old regions: 53->63
[144.941s][info][gc,heap        ] GC(1289) Archive regions: 0->0
[144.941s][info][gc,heap        ] GC(1289) Humongous regions: 1104->1008
[144.941s][info][gc,metaspace   ] GC(1289) Metaspace: 128941K(131008K)->128941K(131008K) NonClass: 109903K(110592K)->109903K(110592K) Class: 19038K(20416K)->19038K(20416K)
[144.941s][info][gc             ] GC(1289) Pause Full (System.gc()) 1252M->1054M(2048M) 72.553ms
[144.941s][info][gc,cpu         ] GC(1289) User=1.03s Sys=0.05s Real=0.08s
[144.994s][info][gc,start       ] GC(1290) Pause Young (Concurrent Start) (G1 Humongous Allocation)
[144.994s][info][gc,task        ] GC(1290) Using 33 workers of 33 for evacuation
[144.998s][info][gc,phases      ] GC(1290)   Pre Evacuate Collection Set: 0.6ms
[144.998s][info][gc,phases      ] GC(1290)   Merge Heap Roots: 0.1ms
[144.998s][info][gc,phases      ] GC(1290)   Evacuate Collection Set: 1.8ms
[144.998s][info][gc,phases      ] GC(1290)   Post Evacuate Collection Set: 1.0ms
[144.998s][info][gc,phases      ] GC(1290)   Other: 0.2ms
[144.998s][info][gc,heap        ] GC(1290) Eden regions: 9->0(872)
[144.998s][info][gc,heap        ] GC(1290) Survivor regions: 0->1(110)
[144.998s][info][gc,heap        ] GC(1290) Old regions: 63->63
[144.998s][info][gc,heap        ] GC(1290) Archive regions: 0->0
[144.998s][info][gc,heap        ] GC(1290) Humongous regions: 1008->1008
[144.998s][info][gc,metaspace   ] GC(1290) Metaspace: 128963K(131008K)->128963K(131008K) NonClass: 109924K(110592K)->109924K(110592K) Class: 19038K(20416K)->19038K(20416K)
[144.998s][info][gc             ] GC(1290) Pause Young (Concurrent Start) (G1 Humongous Allocation) 1063M->1055M(2048M) 4.153ms
[144.998s][info][gc             ] GC(1291) Concurrent Mark Cycle
[144.998s][info][gc,cpu         ] GC(1290) User=0.00s Sys=0.00s Real=0.00s
[144.998s][info][gc,marking     ] GC(1291) Concurrent Scan Root Regions
[145.001s][info][gc,marking     ] GC(1291) Concurrent Scan Root Regions 2.865ms
[145.001s][info][gc,marking     ] GC(1291) Concurrent Mark
[145.001s][info][gc,marking     ] GC(1291) Concurrent Mark From Roots
[145.001s][info][gc,task        ] GC(1291) Using 8 workers of 8 for marking
[145.026s][info][gc,marking     ] GC(1291) Concurrent Mark From Roots 24.549ms
[145.026s][info][gc,marking     ] GC(1291) Concurrent Preclean
[145.026s][info][gc,marking     ] GC(1291) Concurrent Preclean 0.752ms
[145.027s][info][gc,start       ] GC(1291) Pause Remark
[145.031s][info][gc             ] GC(1291) Pause Remark 1130M->1130M(2048M) 3.817ms
[145.031s][info][gc,cpu         ] GC(1291) User=0.00s Sys=0.00s Real=0.00s
[145.031s][info][gc,marking     ] GC(1291) Concurrent Mark 29.809ms
[145.031s][info][gc,marking     ] GC(1291) Concurrent Rebuild Remembered Sets and Scrub Regions
[145.043s][info][gc,marking     ] GC(1291) Concurrent Rebuild Remembered Sets and Scrub Regions 12.056ms
[145.044s][info][gc,start       ] GC(1291) Pause Cleanup
[145.044s][info][gc             ] GC(1291) Pause Cleanup 1283M->1283M(2048M) 0.503ms
[145.044s][info][gc,cpu         ] GC(1291) User=0.00s Sys=0.00s Real=0.00s
[145.044s][info][gc,marking     ] GC(1291) Concurrent Clear Claimed Marks
[145.045s][info][gc,marking     ] GC(1291) Concurrent Clear Claimed Marks 0.972ms
[145.045s][info][gc,marking     ] GC(1291) Concurrent Cleanup for Next Mark
[145.053s][info][gc,marking     ] GC(1291) Concurrent Cleanup for Next Mark 7.766ms
[145.054s][info][gc             ] GC(1291) Concurrent Mark Cycle 55.716ms
[145.092s][info][gc,start       ] GC(1292) Pause Young (Prepare Mixed) (G1 Evacuation Pause)
[145.092s][info][gc,task        ] GC(1292) Using 33 workers of 33 for evacuation
[145.096s][info][gc,phases      ] GC(1292)   Pre Evacuate Collection Set: 0.3ms
[145.096s][info][gc,phases      ] GC(1292)   Merge Heap Roots: 0.8ms
[145.096s][info][gc,phases      ] GC(1292)   Evacuate Collection Set: 1.7ms
[145.096s][info][gc,phases      ] GC(1292)   Post Evacuate Collection Set: 0.8ms
[145.096s][info][gc,phases      ] GC(1292)   Other: 0.1ms
[145.096s][info][gc,heap        ] GC(1292) Eden regions: 872->0(846)
[145.096s][info][gc,heap        ] GC(1292) Survivor regions: 1->14(99)
[145.096s][info][gc,heap        ] GC(1292) Old regions: 63->63
[145.096s][info][gc,heap        ] GC(1292) Archive regions: 0->0
[145.096s][info][gc,heap        ] GC(1292) Humongous regions: 1013->1008
[145.096s][info][gc,metaspace   ] GC(1292) Metaspace: 128975K(131008K)->128975K(131008K) NonClass: 109936K(110592K)->109936K(110592K) Class: 19038K(20416K)->19038K(20416K)
[145.096s][info][gc             ] GC(1292) Pause Young (Prepare Mixed) (G1 Evacuation Pause) 1932M->1068M(2048M) 4.007ms
[145.096s][info][gc,cpu         ] GC(1292) User=0.02s Sys=0.00s Real=0.02s
[145.156s][info][gc,start       ] GC(1293) Pause Young (Mixed) (G1 Evacuation Pause)
[145.156s][info][gc,task        ] GC(1293) Using 33 workers of 33 for evacuation
[145.159s][info][gc,phases      ] GC(1293)   Pre Evacuate Collection Set: 0.3ms
[145.159s][info][gc,phases      ] GC(1293)   Merge Heap Roots: 0.3ms
[145.159s][info][gc,phases      ] GC(1293)   Evacuate Collection Set: 1.6ms
[145.159s][info][gc,phases      ] GC(1293)   Post Evacuate Collection Set: 0.8ms
[145.159s][info][gc,phases      ] GC(1293)   Other: 0.1ms
[145.159s][info][gc,heap        ] GC(1293) Eden regions: 846->0(842)
[145.159s][info][gc,heap        ] GC(1293) Survivor regions: 14->10(103)
[145.159s][info][gc,heap        ] GC(1293) Old regions: 63->61
[145.159s][info][gc,heap        ] GC(1293) Archive regions: 0->0
[145.159s][info][gc,heap        ] GC(1293) Humongous regions: 1022->1022
[145.159s][info][gc,metaspace   ] GC(1293) Metaspace: 128975K(131008K)->128975K(131008K) NonClass: 109936K(110592K)->109936K(110592K) Class: 19038K(20416K)->19038K(20416K)
[145.159s][info][gc             ] GC(1293) Pause Young (Mixed) (G1 Evacuation Pause) 1928M->1077M(2048M) 3.429ms
[145.159s][info][gc,cpu         ] GC(1293) User=0.00s Sys=0.00s Real=0.00s
[145.164s][info][gc,start       ] GC(1294) Pause Young (Concurrent Start) (G1 Humongous Allocation)
[145.164s][info][gc,task        ] GC(1294) Using 33 workers of 33 for evacuation
[145.167s][info][gc,phases      ] GC(1294)   Pre Evacuate Collection Set: 0.4ms
[145.167s][info][gc,phases      ] GC(1294)   Merge Heap Roots: 0.1ms
[145.167s][info][gc,phases      ] GC(1294)   Evacuate Collection Set: 1.7ms
[145.167s][info][gc,phases      ] GC(1294)   Post Evacuate Collection Set: 0.6ms
[145.167s][info][gc,phases      ] GC(1294)   Other: 0.1ms
[145.167s][info][gc,heap        ] GC(1294) Eden regions: 65->0(843)
[145.167s][info][gc,heap        ] GC(1294) Survivor regions: 10->10(107)
[145.167s][info][gc,heap        ] GC(1294) Old regions: 61->61
[145.167s][info][gc,heap        ] GC(1294) Archive regions: 0->0
[145.167s][info][gc,heap        ] GC(1294) Humongous regions: 1022->1021
[145.167s][info][gc,metaspace   ] GC(1294) Metaspace: 128975K(131008K)->128975K(131008K) NonClass: 109936K(110592K)->109936K(110592K) Class: 19038K(20416K)->19038K(20416K)
[145.167s][info][gc             ] GC(1294) Pause Young (Concurrent Start) (G1 Humongous Allocation) 1142M->1077M(2048M) 3.034ms
[145.167s][info][gc             ] GC(1295) Concurrent Mark Cycle
[145.167s][info][gc,cpu         ] GC(1294) User=0.00s Sys=0.00s Real=0.00s
[145.167s][info][gc,marking     ] GC(1295) Concurrent Scan Root Regions
[145.185s][info][gc,marking     ] GC(1295) Concurrent Scan Root Regions 17.871ms
[145.185s][info][gc,marking     ] GC(1295) Concurrent Mark
[145.185s][info][gc,marking     ] GC(1295) Concurrent Mark From Roots
[145.185s][info][gc,task        ] GC(1295) Using 8 workers of 8 for marking
[145.229s][info][gc,start       ] GC(1296) Pause Young (Normal) (G1 Evacuation Pause)
[145.229s][info][gc,task        ] GC(1296) Using 33 workers of 33 for evacuation
[145.232s][info][gc,phases      ] GC(1296)   Pre Evacuate Collection Set: 0.3ms
[145.232s][info][gc,phases      ] GC(1296)   Merge Heap Roots: 0.3ms
[145.232s][info][gc,phases      ] GC(1296)   Evacuate Collection Set: 1.3ms
[145.232s][info][gc,phases      ] GC(1296)   Post Evacuate Collection Set: 0.8ms
[145.232s][info][gc,phases      ] GC(1296)   Other: 0.1ms
[145.232s][info][gc,heap        ] GC(1296) Eden regions: 843->0(833)
[145.232s][info][gc,heap        ] GC(1296) Survivor regions: 10->10(93)
[145.232s][info][gc,heap        ] GC(1296) Old regions: 61->61
[145.232s][info][gc,heap        ] GC(1296) Archive regions: 0->0
[145.232s][info][gc,heap        ] GC(1296) Humongous regions: 1041->1031
[145.232s][info][gc,metaspace   ] GC(1296) Metaspace: 128975K(131008K)->128975K(131008K) NonClass: 109936K(110592K)->109936K(110592K) Class: 19038K(20416K)->19038K(20416K)
[145.232s][info][gc             ] GC(1296) Pause Young (Normal) (G1 Evacuation Pause) 1940M->1087M(2048M) 2.986ms
[145.232s][info][gc,cpu         ] GC(1296) User=0.52s Sys=0.00s Real=0.02s
[145.240s][info][gc,marking     ] GC(1295) Concurrent Mark From Roots 55.020ms
[145.241s][info][gc,marking     ] GC(1295) Concurrent Preclean
[145.244s][info][gc,marking     ] GC(1295) Concurrent Preclean 2.796ms
[145.244s][info][gc,start       ] GC(1295) Pause Remark
[145.248s][info][gc             ] GC(1295) Pause Remark 1273M->1273M(2048M) 3.290ms
[145.248s][info][gc,cpu         ] GC(1295) User=0.52s Sys=0.00s Real=0.01s
[145.248s][info][gc,marking     ] GC(1295) Concurrent Mark 62.667ms
[145.248s][info][gc,marking     ] GC(1295) Concurrent Rebuild Remembered Sets and Scrub Regions
[145.269s][info][gc,marking     ] GC(1295) Concurrent Rebuild Remembered Sets and Scrub Regions 21.251ms
[145.271s][info][gc,start       ] GC(1295) Pause Cleanup
[145.271s][info][gc             ] GC(1295) Pause Cleanup 1600M->1600M(2048M) 0.314ms
[145.271s][info][gc,cpu         ] GC(1295) User=0.00s Sys=0.00s Real=0.00s
[145.272s][info][gc,marking     ] GC(1295) Concurrent Clear Claimed Marks
[145.273s][info][gc,marking     ] GC(1295) Concurrent Clear Claimed Marks 1.329ms
[145.273s][info][gc,marking     ] GC(1295) Concurrent Cleanup for Next Mark
[145.282s][info][gc,marking     ] GC(1295) Concurrent Cleanup for Next Mark 8.938ms
[145.282s][info][gc             ] GC(1295) Concurrent Mark Cycle 115.515ms
[145.298s][info][gc,start       ] GC(1297) Pause Young (Prepare Mixed) (G1 Evacuation Pause)
[145.298s][info][gc,task        ] GC(1297) Using 33 workers of 33 for evacuation
[145.301s][info][gc,phases      ] GC(1297)   Pre Evacuate Collection Set: 0.3ms
[145.302s][info][gc,phases      ] GC(1297)   Merge Heap Roots: 0.8ms
[145.302s][info][gc,phases      ] GC(1297)   Evacuate Collection Set: 1.2ms
[145.302s][info][gc,phases      ] GC(1297)   Post Evacuate Collection Set: 0.8ms
[145.302s][info][gc,phases      ] GC(1297)   Other: 0.1ms
[145.302s][info][gc,heap        ] GC(1297) Eden regions: 833->0(806)
[145.302s][info][gc,heap        ] GC(1297) Survivor regions: 10->10(79)
[145.302s][info][gc,heap        ] GC(1297) Old regions: 61->61
[145.302s][info][gc,heap        ] GC(1297) Archive regions: 0->0
[145.302s][info][gc,heap        ] GC(1297) Humongous regions: 1065->1058
[145.302s][info][gc,metaspace   ] GC(1297) Metaspace: 128975K(131008K)->128975K(131008K) NonClass: 109936K(110592K)->109936K(110592K) Class: 19038K(20416K)->19038K(20416K)
[145.302s][info][gc             ] GC(1297) Pause Young (Prepare Mixed) (G1 Evacuation Pause) 1954M->1114M(2048M) 3.443ms
[145.302s][info][gc,cpu         ] GC(1297) User=0.00s Sys=0.00s Real=0.00s
[145.359s][info][gc,start       ] GC(1298) Pause Young (Mixed) (G1 Evacuation Pause)
[145.359s][info][gc,task        ] GC(1298) Using 33 workers of 33 for evacuation
[145.362s][info][gc,phases      ] GC(1298)   Pre Evacuate Collection Set: 0.3ms
[145.362s][info][gc,phases      ] GC(1298)   Merge Heap Roots: 0.3ms
[145.362s][info][gc,phases      ] GC(1298)   Evacuate Collection Set: 1.6ms
[145.362s][info][gc,phases      ] GC(1298)   Post Evacuate Collection Set: 0.8ms
[145.362s][info][gc,phases      ] GC(1298)   Other: 0.1ms
[145.362s][info][gc,heap        ] GC(1298) Eden regions: 806->0(809)
[145.362s][info][gc,heap        ] GC(1298) Survivor regions: 10->10(97)
[145.362s][info][gc,heap        ] GC(1298) Old regions: 61->58
[145.362s][info][gc,heap        ] GC(1298) Archive regions: 0->0
[145.362s][info][gc,heap        ] GC(1298) Humongous regions: 1074->1058
[145.362s][info][gc,metaspace   ] GC(1298) Metaspace: 128975K(131008K)->128975K(131008K) NonClass: 109936K(110592K)->109936K(110592K) Class: 19038K(20416K)->19038K(20416K)
[145.362s][info][gc             ] GC(1298) Pause Young (Mixed) (G1 Evacuation Pause) 1936M->1114M(2048M) 3.357ms
[145.362s][info][gc,cpu         ] GC(1298) User=0.00s Sys=0.00s Real=0.00s
[145.419s][info][gc,start       ] GC(1299) Pause Young (Concurrent Start) (G1 Evacuation Pause)
[145.419s][info][gc,task        ] GC(1299) Using 33 workers of 33 for evacuation
[145.423s][info][gc,phases      ] GC(1299)   Pre Evacuate Collection Set: 0.5ms
[145.423s][info][gc,phases      ] GC(1299)   Merge Heap Roots: 0.3ms
[145.423s][info][gc,phases      ] GC(1299)   Evacuate Collection Set: 2.0ms
[145.423s][info][gc,phases      ] GC(1299)   Post Evacuate Collection Set: 0.8ms
[145.423s][info][gc,phases      ] GC(1299)   Other: 0.1ms
[145.423s][info][gc,heap        ] GC(1299) Eden regions: 809->0(811)
[145.423s][info][gc,heap        ] GC(1299) Survivor regions: 10->10(103)
[145.423s][info][gc,heap        ] GC(1299) Old regions: 58->58
[145.423s][info][gc,heap        ] GC(1299) Archive regions: 0->0
[145.423s][info][gc,heap        ] GC(1299) Humongous regions: 1058->1056
[145.423s][info][gc,metaspace   ] GC(1299) Metaspace: 128975K(131008K)->128975K(131008K) NonClass: 109936K(110592K)->109936K(110592K) Class: 19038K(20416K)->19038K(20416K)
[145.423s][info][gc             ] GC(1299) Pause Young (Concurrent Start) (G1 Evacuation Pause) 1923M->1112M(2048M) 3.945ms
[145.423s][info][gc             ] GC(1300) Concurrent Mark Cycle
[145.423s][info][gc,marking     ] GC(1300) Concurrent Scan Root Regions
[145.423s][info][gc,cpu         ] GC(1299) User=0.00s Sys=0.00s Real=0.00s
[145.443s][info][gc,marking     ] GC(1300) Concurrent Scan Root Regions 19.862ms
[145.444s][info][gc,marking     ] GC(1300) Concurrent Mark
[145.444s][info][gc,marking     ] GC(1300) Concurrent Mark From Roots
[145.444s][info][gc,task        ] GC(1300) Using 8 workers of 8 for marking
[145.482s][info][gc,start       ] GC(1301) Pause Young (Normal) (G1 Evacuation Pause)
[145.482s][info][gc,task        ] GC(1301) Using 33 workers of 33 for evacuation
[145.485s][info][gc,phases      ] GC(1301)   Pre Evacuate Collection Set: 0.3ms
[145.485s][info][gc,phases      ] GC(1301)   Merge Heap Roots: 0.3ms
[145.485s][info][gc,phases      ] GC(1301)   Evacuate Collection Set: 1.3ms
[145.485s][info][gc,phases      ] GC(1301)   Post Evacuate Collection Set: 0.7ms
[145.485s][info][gc,phases      ] GC(1301)   Other: 0.1ms
[145.485s][info][gc,heap        ] GC(1301) Eden regions: 811->0(805)
[145.485s][info][gc,heap        ] GC(1301) Survivor regions: 10->10(99)
[145.485s][info][gc,heap        ] GC(1301) Old regions: 58->58
[145.485s][info][gc,heap        ] GC(1301) Archive regions: 0->0
[145.485s][info][gc,heap        ] GC(1301) Humongous regions: 1070->1062
[145.485s][info][gc,metaspace   ] GC(1301) Metaspace: 128975K(131008K)->128975K(131008K) NonClass: 109936K(110592K)->109936K(110592K) Class: 19038K(20416K)->19038K(20416K)
[145.485s][info][gc             ] GC(1301) Pause Young (Normal) (G1 Evacuation Pause) 1937M->1118M(2048M) 2.952ms
[145.485s][info][gc,cpu         ] GC(1301) User=0.00s Sys=0.00s Real=0.00s
[145.498s][info][gc,marking     ] GC(1300) Concurrent Mark From Roots 54.256ms
[145.498s][info][gc,marking     ] GC(1300) Concurrent Preclean
[145.501s][info][gc,marking     ] GC(1300) Concurrent Preclean 2.341ms
[145.517s][info][gc,start       ] GC(1300) Pause Remark
[145.521s][info][gc             ] GC(1300) Pause Remark 1370M->1370M(2048M) 3.555ms
[145.521s][info][gc,cpu         ] GC(1300) User=0.00s Sys=0.00s Real=0.00s
[145.521s][info][gc,marking     ] GC(1300) Concurrent Mark 77.598ms
[145.521s][info][gc,marking     ] GC(1300) Concurrent Rebuild Remembered Sets and Scrub Regions
[145.536s][info][gc,marking     ] GC(1300) Concurrent Rebuild Remembered Sets and Scrub Regions 14.582ms
[145.537s][info][gc,start       ] GC(1300) Pause Cleanup
[145.537s][info][gc             ] GC(1300) Pause Cleanup 1568M->1568M(2048M) 0.290ms
[145.537s][info][gc,cpu         ] GC(1300) User=0.00s Sys=0.00s Real=0.00s
[145.537s][info][gc,marking     ] GC(1300) Concurrent Clear Claimed Marks
[145.539s][info][gc,marking     ] GC(1300) Concurrent Clear Claimed Marks 1.432ms
[145.539s][info][gc,marking     ] GC(1300) Concurrent Cleanup for Next Mark
[145.549s][info][gc,marking     ] GC(1300) Concurrent Cleanup for Next Mark 9.655ms
[145.549s][info][gc             ] GC(1300) Concurrent Mark Cycle 125.968ms
[145.568s][info][gc,start       ] GC(1302) Pause Young (Prepare Mixed) (G1 Evacuation Pause)
[145.568s][info][gc,task        ] GC(1302) Using 33 workers of 33 for evacuation
[145.571s][info][gc,phases      ] GC(1302)   Pre Evacuate Collection Set: 0.3ms
[145.571s][info][gc,phases      ] GC(1302)   Merge Heap Roots: 0.8ms
[145.571s][info][gc,phases      ] GC(1302)   Evacuate Collection Set: 1.3ms
[145.571s][info][gc,phases      ] GC(1302)   Post Evacuate Collection Set: 0.8ms
[145.571s][info][gc,phases      ] GC(1302)   Other: 0.1ms
[145.571s][info][gc,heap        ] GC(1302) Eden regions: 805->0(780)
[145.571s][info][gc,heap        ] GC(1302) Survivor regions: 10->10(64)
[145.571s][info][gc,heap        ] GC(1302) Old regions: 58->58
[145.571s][info][gc,heap        ] GC(1302) Archive regions: 0->0
[145.571s][info][gc,heap        ] GC(1302) Humongous regions: 1111->1087
[145.571s][info][gc,metaspace   ] GC(1302) Metaspace: 128976K(131008K)->128976K(131008K) NonClass: 109937K(110592K)->109937K(110592K) Class: 19038K(20416K)->19038K(20416K)
[145.571s][info][gc             ] GC(1302) Pause Young (Prepare Mixed) (G1 Evacuation Pause) 1972M->1143M(2048M) 3.438ms
[145.571s][info][gc,cpu         ] GC(1302) User=0.00s Sys=0.00s Real=0.00s
[145.628s][info][gc,start       ] GC(1303) Pause Young (Mixed) (G1 Evacuation Pause)
[145.628s][info][gc,task        ] GC(1303) Using 33 workers of 33 for evacuation
[145.631s][info][gc,phases      ] GC(1303)   Pre Evacuate Collection Set: 0.3ms
[145.631s][info][gc,phases      ] GC(1303)   Merge Heap Roots: 0.3ms
[145.631s][info][gc,phases      ] GC(1303)   Evacuate Collection Set: 1.6ms
[145.631s][info][gc,phases      ] GC(1303)   Post Evacuate Collection Set: 0.8ms
[145.631s][info][gc,phases      ] GC(1303)   Other: 0.1ms
[145.631s][info][gc,heap        ] GC(1303) Eden regions: 780->0(769)
[145.631s][info][gc,heap        ] GC(1303) Survivor regions: 10->10(84)
[145.631s][info][gc,heap        ] GC(1303) Old regions: 58->56
[145.631s][info][gc,heap        ] GC(1303) Archive regions: 0->0
[145.631s][info][gc,heap        ] GC(1303) Humongous regions: 1116->1100
[145.631s][info][gc,metaspace   ] GC(1303) Metaspace: 128976K(131008K)->128976K(131008K) NonClass: 109937K(110592K)->109937K(110592K) Class: 19038K(20416K)->19038K(20416K)
[145.631s][info][gc             ] GC(1303) Pause Young (Mixed) (G1 Evacuation Pause) 1952M->1155M(2048M) 3.306ms
[145.631s][info][gc,cpu         ] GC(1303) User=0.00s Sys=0.00s Real=0.00s
[145.632s][info][gc,start       ] GC(1304) Pause Young (Concurrent Start) (G1 Humongous Allocation)
[145.632s][info][gc,task        ] GC(1304) Using 33 workers of 33 for evacuation
[145.634s][info][gc,phases      ] GC(1304)   Pre Evacuate Collection Set: 0.4ms
[145.634s][info][gc,phases      ] GC(1304)   Merge Heap Roots: 0.1ms
[145.634s][info][gc,phases      ] GC(1304)   Evacuate Collection Set: 1.7ms
[145.634s][info][gc,phases      ] GC(1304)   Post Evacuate Collection Set: 0.5ms
[145.634s][info][gc,phases      ] GC(1304)   Other: 0.0ms
[145.634s][info][gc,heap        ] GC(1304) Eden regions: 4->0(783)
[145.634s][info][gc,heap        ] GC(1304) Survivor regions: 10->10(98)
[145.634s][info][gc,heap        ] GC(1304) Old regions: 56->56
[145.634s][info][gc,heap        ] GC(1304) Archive regions: 0->0
[145.635s][info][gc,heap        ] GC(1304) Humongous regions: 1100->1086
[145.635s][info][gc,metaspace   ] GC(1304) Metaspace: 128976K(131008K)->128976K(131008K) NonClass: 109937K(110592K)->109937K(110592K) Class: 19038K(20416K)->19038K(20416K)
[145.635s][info][gc             ] GC(1304) Pause Young (Concurrent Start) (G1 Humongous Allocation) 1159M->1142M(2048M) 2.980ms
[145.635s][info][gc             ] GC(1305) Concurrent Mark Cycle
[145.635s][info][gc,cpu         ] GC(1304) User=0.00s Sys=0.00s Real=0.00s
[145.635s][info][gc,marking     ] GC(1305) Concurrent Scan Root Regions
[145.655s][info][gc,marking     ] GC(1305) Concurrent Scan Root Regions 20.324ms
[145.655s][info][gc,marking     ] GC(1305) Concurrent Mark
[145.655s][info][gc,marking     ] GC(1305) Concurrent Mark From Roots
[145.656s][info][gc,task        ] GC(1305) Using 8 workers of 8 for marking
[145.711s][info][gc,start       ] GC(1306) Pause Young (Normal) (G1 Evacuation Pause)
[145.711s][info][gc,task        ] GC(1306) Using 33 workers of 33 for evacuation
[145.714s][info][gc,phases      ] GC(1306)   Pre Evacuate Collection Set: 0.3ms
[145.714s][info][gc,phases      ] GC(1306)   Merge Heap Roots: 0.3ms
[145.714s][info][gc,phases      ] GC(1306)   Evacuate Collection Set: 1.4ms
[145.714s][info][gc,phases      ] GC(1306)   Post Evacuate Collection Set: 0.9ms
[145.715s][info][gc,phases      ] GC(1306)   Other: 0.2ms
[145.715s][info][gc,heap        ] GC(1306) Eden regions: 783->0(798)
[145.715s][info][gc,heap        ] GC(1306) Survivor regions: 10->11(56)
[145.715s][info][gc,heap        ] GC(1306) Old regions: 56->56
[145.715s][info][gc,heap        ] GC(1306) Archive regions: 0->0
[145.715s][info][gc,heap        ] GC(1306) Humongous regions: 1143->1069
[145.715s][info][gc,metaspace   ] GC(1306) Metaspace: 128976K(131008K)->128976K(131008K) NonClass: 109937K(110592K)->109937K(110592K) Class: 19038K(20416K)->19038K(20416K)
[145.715s][info][gc             ] GC(1306) Pause Young (Normal) (G1 Evacuation Pause) 1982M->1126M(2048M) 3.258ms
[145.715s][info][gc,cpu         ] GC(1306) User=0.00s Sys=0.00s Real=0.00s
[145.724s][info][gc,marking     ] GC(1305) Concurrent Mark From Roots 68.899ms
[145.725s][info][gc,marking     ] GC(1305) Concurrent Preclean
[145.728s][info][gc,marking     ] GC(1305) Concurrent Preclean 2.787ms
[145.730s][info][gc,start       ] GC(1305) Pause Remark
[145.733s][info][gc             ] GC(1305) Pause Remark 1333M->1333M(2048M) 3.396ms
[145.733s][info][gc,cpu         ] GC(1305) User=0.52s Sys=0.00s Real=0.02s
[145.733s][info][gc,marking     ] GC(1305) Concurrent Mark 77.722ms
[145.733s][info][gc,marking     ] GC(1305) Concurrent Rebuild Remembered Sets and Scrub Regions
[145.759s][info][gc,marking     ] GC(1305) Concurrent Rebuild Remembered Sets and Scrub Regions 25.717ms
[145.761s][info][gc,start       ] GC(1305) Pause Cleanup
[145.761s][info][gc             ] GC(1305) Pause Cleanup 1716M->1716M(2048M) 0.315ms
[145.761s][info][gc,cpu         ] GC(1305) User=0.00s Sys=0.00s Real=0.00s
[145.761s][info][gc,marking     ] GC(1305) Concurrent Clear Claimed Marks
[145.763s][info][gc,marking     ] GC(1305) Concurrent Clear Claimed Marks 1.252ms
[145.763s][info][gc,marking     ] GC(1305) Concurrent Cleanup for Next Mark
[145.771s][info][gc,marking     ] GC(1305) Concurrent Cleanup for Next Mark 7.567ms
[145.771s][info][gc             ] GC(1305) Concurrent Mark Cycle 136.421ms
[145.781s][info][gc,start       ] GC(1307) Pause Young (Prepare Mixed) (G1 Evacuation Pause)
[145.781s][info][gc,task        ] GC(1307) Using 33 workers of 33 for evacuation
[145.785s][info][gc,phases      ] GC(1307)   Pre Evacuate Collection Set: 0.3ms
[145.785s][info][gc,phases      ] GC(1307)   Merge Heap Roots: 0.8ms
[145.785s][info][gc,phases      ] GC(1307)   Evacuate Collection Set: 1.4ms
[145.785s][info][gc,phases      ] GC(1307)   Post Evacuate Collection Set: 0.8ms
[145.785s][info][gc,phases      ] GC(1307)   Other: 0.1ms
[145.785s][info][gc,heap        ] GC(1307) Eden regions: 798->0(795)
[145.785s][info][gc,heap        ] GC(1307) Survivor regions: 11->11(76)
[145.785s][info][gc,heap        ] GC(1307) Old regions: 56->56
[145.785s][info][gc,heap        ] GC(1307) Archive regions: 0->0
[145.785s][info][gc,heap        ] GC(1307) Humongous regions: 1107->1072
[145.785s][info][gc,metaspace   ] GC(1307) Metaspace: 128976K(131008K)->128976K(131008K) NonClass: 109937K(110592K)->109937K(110592K) Class: 19038K(20416K)->19038K(20416K)
[145.785s][info][gc             ] GC(1307) Pause Young (Prepare Mixed) (G1 Evacuation Pause) 1962M->1128M(2048M) 3.603ms
[145.785s][info][gc,cpu         ] GC(1307) User=0.00s Sys=0.00s Real=0.00s
[145.842s][info][gc,start       ] GC(1308) Pause Young (Mixed) (G1 Evacuation Pause)
[145.842s][info][gc,task        ] GC(1308) Using 33 workers of 33 for evacuation
[145.845s][info][gc,phases      ] GC(1308)   Pre Evacuate Collection Set: 0.3ms
[145.845s][info][gc,phases      ] GC(1308)   Merge Heap Roots: 0.3ms
[145.845s][info][gc,phases      ] GC(1308)   Evacuate Collection Set: 1.8ms
[145.845s][info][gc,phases      ] GC(1308)   Post Evacuate Collection Set: 0.8ms
[145.845s][info][gc,phases      ] GC(1308)   Other: 0.1ms
[145.845s][info][gc,heap        ] GC(1308) Eden regions: 795->0(798)
[145.845s][info][gc,heap        ] GC(1308) Survivor regions: 11->10(96)
[145.845s][info][gc,heap        ] GC(1308) Old regions: 56->54
[145.845s][info][gc,heap        ] GC(1308) Archive regions: 0->0
[145.845s][info][gc,heap        ] GC(1308) Humongous regions: 1090->1073
[145.845s][info][gc,metaspace   ] GC(1308) Metaspace: 128976K(131008K)->128976K(131008K) NonClass: 109937K(110592K)->109937K(110592K) Class: 19038K(20416K)->19038K(20416K)
[145.845s][info][gc             ] GC(1308) Pause Young (Mixed) (G1 Evacuation Pause) 1941M->1129M(2048M) 3.479ms
[145.845s][info][gc,cpu         ] GC(1308) User=0.00s Sys=0.00s Real=0.00s
[145.847s][info][gc,start       ] GC(1309) Pause Young (Concurrent Start) (G1 Humongous Allocation)
[145.847s][info][gc,task        ] GC(1309) Using 33 workers of 33 for evacuation
[145.850s][info][gc,phases      ] GC(1309)   Pre Evacuate Collection Set: 0.4ms
[145.850s][info][gc,phases      ] GC(1309)   Merge Heap Roots: 0.1ms
[145.850s][info][gc,phases      ] GC(1309)   Evacuate Collection Set: 1.8ms
[145.850s][info][gc,phases      ] GC(1309)   Post Evacuate Collection Set: 0.5ms
[145.850s][info][gc,phases      ] GC(1309)   Other: 0.1ms
[145.850s][info][gc,heap        ] GC(1309) Eden regions: 36->0(798)
[145.850s][info][gc,heap        ] GC(1309) Survivor regions: 10->10(101)
[145.850s][info][gc,heap        ] GC(1309) Old regions: 54->54
[145.850s][info][gc,heap        ] GC(1309) Archive regions: 0->0
[145.850s][info][gc,heap        ] GC(1309) Humongous regions: 1073->1073
[145.850s][info][gc,metaspace   ] GC(1309) Metaspace: 128976K(131008K)->128976K(131008K) NonClass: 109937K(110592K)->109937K(110592K) Class: 19038K(20416K)->19038K(20416K)
[145.850s][info][gc             ] GC(1309) Pause Young (Concurrent Start) (G1 Humongous Allocation) 1165M->1129M(2048M) 3.130ms
[145.850s][info][gc             ] GC(1310) Concurrent Mark Cycle
[145.850s][info][gc,cpu         ] GC(1309) User=0.03s Sys=0.00s Real=0.02s
[145.850s][info][gc,marking     ] GC(1310) Concurrent Scan Root Regions
[145.871s][info][gc,marking     ] GC(1310) Concurrent Scan Root Regions 20.733ms
[145.872s][info][gc,marking     ] GC(1310) Concurrent Mark
[145.872s][info][gc,marking     ] GC(1310) Concurrent Mark From Roots
[145.872s][info][gc,task        ] GC(1310) Using 8 workers of 8 for marking
[145.908s][info][gc,start       ] GC(1311) Pause Young (Normal) (G1 Evacuation Pause)
[145.908s][info][gc,task        ] GC(1311) Using 33 workers of 33 for evacuation
[145.911s][info][gc,phases      ] GC(1311)   Pre Evacuate Collection Set: 0.3ms
[145.911s][info][gc,phases      ] GC(1311)   Merge Heap Roots: 0.3ms
[145.911s][info][gc,phases      ] GC(1311)   Evacuate Collection Set: 1.3ms
[145.911s][info][gc,phases      ] GC(1311)   Post Evacuate Collection Set: 0.7ms
[145.911s][info][gc,phases      ] GC(1311)   Other: 0.1ms
[145.911s][info][gc,heap        ] GC(1311) Eden regions: 798->0(787)
[145.911s][info][gc,heap        ] GC(1311) Survivor regions: 10->2(87)
[145.911s][info][gc,heap        ] GC(1311) Old regions: 54->62
[145.911s][info][gc,heap        ] GC(1311) Archive regions: 0->0
[145.911s][info][gc,heap        ] GC(1311) Humongous regions: 1099->1092
[145.911s][info][gc,metaspace   ] GC(1311) Metaspace: 128976K(131008K)->128976K(131008K) NonClass: 109937K(110592K)->109937K(110592K) Class: 19038K(20416K)->19038K(20416K)
[145.911s][info][gc             ] GC(1311) Pause Young (Normal) (G1 Evacuation Pause) 1953M->1148M(2048M) 2.930ms
[145.911s][info][gc,cpu         ] GC(1311) User=0.00s Sys=0.00s Real=0.00s
[145.927s][info][gc,marking     ] GC(1310) Concurrent Mark From Roots 55.712ms
[145.928s][info][gc,marking     ] GC(1310) Concurrent Preclean
[145.930s][info][gc,marking     ] GC(1310) Concurrent Preclean 2.511ms
[145.931s][info][gc,start       ] GC(1310) Pause Remark
[145.934s][info][gc             ] GC(1310) Pause Remark 1434M->1434M(2048M) 3.111ms
[145.935s][info][gc,cpu         ] GC(1310) User=0.00s Sys=0.00s Real=0.00s
[145.935s][info][gc,marking     ] GC(1310) Concurrent Mark 62.986ms
[145.935s][info][gc,marking     ] GC(1310) Concurrent Rebuild Remembered Sets and Scrub Regions
[145.960s][info][gc,marking     ] GC(1310) Concurrent Rebuild Remembered Sets and Scrub Regions 25.503ms
[145.961s][info][gc,start       ] GC(1310) Pause Cleanup
[145.961s][info][gc             ] GC(1310) Pause Cleanup 1811M->1811M(2048M) 0.301ms
[145.962s][info][gc,cpu         ] GC(1310) User=0.00s Sys=0.00s Real=0.00s
[145.962s][info][gc,marking     ] GC(1310) Concurrent Clear Claimed Marks
[145.963s][info][gc,marking     ] GC(1310) Concurrent Clear Claimed Marks 1.553ms
[145.964s][info][gc,marking     ] GC(1310) Concurrent Cleanup for Next Mark
[145.973s][info][gc,start       ] GC(1312) Pause Young (Prepare Mixed) (G1 Evacuation Pause)
[145.973s][info][gc,task        ] GC(1312) Using 33 workers of 33 for evacuation
[145.976s][info][gc,phases      ] GC(1312)   Pre Evacuate Collection Set: 0.3ms
[145.976s][info][gc,phases      ] GC(1312)   Merge Heap Roots: 0.8ms
[145.976s][info][gc,phases      ] GC(1312)   Evacuate Collection Set: 0.7ms
[145.976s][info][gc,phases      ] GC(1312)   Post Evacuate Collection Set: 0.7ms
[145.976s][info][gc,phases      ] GC(1312)   Other: 0.1ms
[145.976s][info][gc,heap        ] GC(1312) Eden regions: 787->0(789)
[145.976s][info][gc,heap        ] GC(1312) Survivor regions: 2->2(97)
[145.976s][info][gc,heap        ] GC(1312) Old regions: 62->62
[145.976s][info][gc,heap        ] GC(1312) Archive regions: 0->0
[145.976s][info][gc,heap        ] GC(1312) Humongous regions: 1100->1090
[145.976s][info][gc,metaspace   ] GC(1312) Metaspace: 128976K(131008K)->128976K(131008K) NonClass: 109937K(110592K)->109937K(110592K) Class: 19038K(20416K)->19038K(20416K)
[145.976s][info][gc             ] GC(1312) Pause Young (Prepare Mixed) (G1 Evacuation Pause) 1943M->1146M(2048M) 2.777ms
[145.976s][info][gc,cpu         ] GC(1312) User=0.00s Sys=0.00s Real=0.00s
[145.976s][info][gc,marking     ] GC(1310) Concurrent Cleanup for Next Mark 12.409ms
[145.976s][info][gc             ] GC(1310) Concurrent Mark Cycle 125.647ms
[146.031s][info][gc,start       ] GC(1313) Pause Young (Mixed) (G1 Evacuation Pause)
[146.031s][info][gc,task        ] GC(1313) Using 33 workers of 33 for evacuation
[146.034s][info][gc,phases      ] GC(1313)   Pre Evacuate Collection Set: 0.3ms
[146.034s][info][gc,phases      ] GC(1313)   Merge Heap Roots: 0.3ms
[146.034s][info][gc,phases      ] GC(1313)   Evacuate Collection Set: 1.4ms
[146.034s][info][gc,phases      ] GC(1313)   Post Evacuate Collection Set: 0.7ms
[146.034s][info][gc,phases      ] GC(1313)   Other: 0.1ms
[146.034s][info][gc,heap        ] GC(1313) Eden regions: 789->0(787)
[146.034s][info][gc,heap        ] GC(1313) Survivor regions: 2->3(99)
[146.034s][info][gc,heap        ] GC(1313) Old regions: 62->60
[146.034s][info][gc,heap        ] GC(1313) Archive regions: 0->0
[146.034s][info][gc,heap        ] GC(1313) Humongous regions: 1094->1092
[146.034s][info][gc,metaspace   ] GC(1313) Metaspace: 128976K(131008K)->128976K(131008K) NonClass: 109937K(110592K)->109937K(110592K) Class: 19038K(20416K)->19038K(20416K)
[146.034s][info][gc             ] GC(1313) Pause Young (Mixed) (G1 Evacuation Pause) 1939M->1149M(2048M) 3.148ms
[146.034s][info][gc,cpu         ] GC(1313) User=0.52s Sys=0.00s Real=0.02s
[146.048s][info][gc,start       ] GC(1314) Pause Young (Concurrent Start) (G1 Humongous Allocation)
[146.048s][info][gc,task        ] GC(1314) Using 33 workers of 33 for evacuation
[146.050s][info][gc,phases      ] GC(1314)   Pre Evacuate Collection Set: 0.5ms
[146.050s][info][gc,phases      ] GC(1314)   Merge Heap Roots: 0.2ms
[146.050s][info][gc,phases      ] GC(1314)   Evacuate Collection Set: 1.4ms
[146.050s][info][gc,phases      ] GC(1314)   Post Evacuate Collection Set: 0.5ms
[146.050s][info][gc,phases      ] GC(1314)   Other: 0.1ms
[146.050s][info][gc,heap        ] GC(1314) Eden regions: 194->0(787)
[146.050s][info][gc,heap        ] GC(1314) Survivor regions: 3->3(99)
[146.050s][info][gc,heap        ] GC(1314) Old regions: 60->60
[146.050s][info][gc,heap        ] GC(1314) Archive regions: 0->0
[146.050s][info][gc,heap        ] GC(1314) Humongous regions: 1092->1092
[146.050s][info][gc,metaspace   ] GC(1314) Metaspace: 128976K(131008K)->128976K(131008K) NonClass: 109937K(110592K)->109937K(110592K) Class: 19038K(20416K)->19038K(20416K)
[146.050s][info][gc             ] GC(1314) Pause Young (Concurrent Start) (G1 Humongous Allocation) 1343M->1149M(2048M) 2.874ms
[146.050s][info][gc             ] GC(1315) Concurrent Mark Cycle
[146.050s][info][gc,marking     ] GC(1315) Concurrent Scan Root Regions
[146.050s][info][gc,cpu         ] GC(1314) User=0.00s Sys=0.00s Real=0.00s
[146.065s][info][gc,marking     ] GC(1315) Concurrent Scan Root Regions 14.836ms
[146.066s][info][gc,marking     ] GC(1315) Concurrent Mark
[146.066s][info][gc,marking     ] GC(1315) Concurrent Mark From Roots
[146.066s][info][gc,task        ] GC(1315) Using 8 workers of 8 for marking
[146.108s][info][gc,start       ] GC(1316) Pause Young (Normal) (G1 Humongous Allocation)
[146.108s][info][gc,task        ] GC(1316) Using 33 workers of 33 for evacuation
[146.110s][info][gc,phases      ] GC(1316)   Pre Evacuate Collection Set: 0.3ms
[146.110s][info][gc,phases      ] GC(1316)   Merge Heap Roots: 0.3ms
[146.110s][info][gc,phases      ] GC(1316)   Evacuate Collection Set: 0.7ms
[146.110s][info][gc,phases      ] GC(1316)   Post Evacuate Collection Set: 0.7ms
[146.110s][info][gc,phases      ] GC(1316)   Other: 0.1ms
[146.110s][info][gc,heap        ] GC(1316) Eden regions: 752->0(761)
[146.110s][info][gc,heap        ] GC(1316) Survivor regions: 3->2(99)
[146.110s][info][gc,heap        ] GC(1316) Old regions: 60->60
[146.111s][info][gc,heap        ] GC(1316) Archive regions: 0->0
[146.111s][info][gc,heap        ] GC(1316) Humongous regions: 1125->1120
[146.111s][info][gc,metaspace   ] GC(1316) Metaspace: 128976K(131008K)->128976K(131008K) NonClass: 109937K(110592K)->109937K(110592K) Class: 19038K(20416K)->19038K(20416K)
[146.111s][info][gc             ] GC(1316) Pause Young (Normal) (G1 Humongous Allocation) 1934M->1176M(2048M) 2.358ms
[146.111s][info][gc,cpu         ] GC(1316) User=0.52s Sys=0.00s Real=0.02s
[146.125s][info][gc,marking     ] GC(1315) Concurrent Mark From Roots 58.716ms
[146.125s][info][gc,marking     ] GC(1315) Concurrent Preclean
[146.127s][info][gc,marking     ] GC(1315) Concurrent Preclean 2.541ms
[146.129s][info][gc,start       ] GC(1315) Pause Remark
[146.132s][info][gc             ] GC(1315) Pause Remark 1432M->1432M(2048M) 3.197ms
[146.132s][info][gc,cpu         ] GC(1315) User=0.00s Sys=0.00s Real=0.00s
[146.132s][info][gc,marking     ] GC(1315) Concurrent Mark 66.534ms
[146.132s][info][gc,marking     ] GC(1315) Concurrent Rebuild Remembered Sets and Scrub Regions
[146.158s][info][gc,marking     ] GC(1315) Concurrent Rebuild Remembered Sets and Scrub Regions 25.951ms
[146.159s][info][gc,start       ] GC(1315) Pause Cleanup
[146.160s][info][gc             ] GC(1315) Pause Cleanup 1820M->1820M(2048M) 0.333ms
[146.160s][info][gc,cpu         ] GC(1315) User=0.00s Sys=0.00s Real=0.00s
[146.160s][info][gc,marking     ] GC(1315) Concurrent Clear Claimed Marks
[146.161s][info][gc,marking     ] GC(1315) Concurrent Clear Claimed Marks 1.310ms
[146.161s][info][gc,marking     ] GC(1315) Concurrent Cleanup for Next Mark
[146.171s][info][gc,marking     ] GC(1315) Concurrent Cleanup for Next Mark 9.141ms
[146.171s][info][gc             ] GC(1315) Concurrent Mark Cycle 120.584ms
[146.173s][info][gc,start       ] GC(1317) Pause Young (Prepare Mixed) (G1 Evacuation Pause)
[146.173s][info][gc,task        ] GC(1317) Using 33 workers of 33 for evacuation
[146.176s][info][gc,phases      ] GC(1317)   Pre Evacuate Collection Set: 0.3ms
[146.176s][info][gc,phases      ] GC(1317)   Merge Heap Roots: 0.8ms
[146.176s][info][gc,phases      ] GC(1317)   Evacuate Collection Set: 0.7ms
[146.176s][info][gc,phases      ] GC(1317)   Post Evacuate Collection Set: 0.8ms
[146.176s][info][gc,phases      ] GC(1317)   Other: 0.1ms
[146.176s][info][gc,heap        ] GC(1317) Eden regions: 761->0(756)
[146.176s][info][gc,heap        ] GC(1317) Survivor regions: 2->2(71)
[146.176s][info][gc,heap        ] GC(1317) Old regions: 60->60
[146.176s][info][gc,heap        ] GC(1317) Archive regions: 0->0
[146.176s][info][gc,heap        ] GC(1317) Humongous regions: 1154->1125
[146.176s][info][gc,metaspace   ] GC(1317) Metaspace: 128976K(131008K)->128976K(131008K) NonClass: 109937K(110592K)->109937K(110592K) Class: 19038K(20416K)->19038K(20416K)
[146.176s][info][gc             ] GC(1317) Pause Young (Prepare Mixed) (G1 Evacuation Pause) 1971M->1181M(2048M) 2.897ms
[146.176s][info][gc,cpu         ] GC(1317) User=0.00s Sys=0.00s Real=0.00s
[146.230s][info][gc,start       ] GC(1318) Pause Young (Mixed) (G1 Evacuation Pause)
[146.299s][info][gc,task        ] GC(1318) Using 33 workers of 33 for evacuation
[146.304s][info][gc,phases      ] GC(1318)   Pre Evacuate Collection Set: 0.4ms
[146.304s][info][gc,phases      ] GC(1318)   Merge Heap Roots: 0.4ms
[146.304s][info][gc,phases      ] GC(1318)   Evacuate Collection Set: 2.2ms
[146.304s][info][gc,phases      ] GC(1318)   Post Evacuate Collection Set: 1.3ms
[146.304s][info][gc,phases      ] GC(1318)   Other: 0.3ms
[146.304s][info][gc,heap        ] GC(1318) Eden regions: 756->0(740)
[146.304s][info][gc,heap        ] GC(1318) Survivor regions: 2->2(84)
[146.304s][info][gc,heap        ] GC(1318) Old regions: 60->58
[146.304s][info][gc,heap        ] GC(1318) Archive regions: 0->0
[146.304s][info][gc,heap        ] GC(1318) Humongous regions: 1146->1143
[146.304s][info][gc,metaspace   ] GC(1318) Metaspace: 128976K(131008K)->128976K(131008K) NonClass: 109937K(110592K)->109937K(110592K) Class: 19038K(20416K)->19038K(20416K)
[146.304s][info][gc             ] GC(1318) Pause Young (Mixed) (G1 Evacuation Pause) 1958M->1199M(2048M) 74.586ms
[146.304s][info][gc,cpu         ] GC(1318) User=0.44s Sys=0.03s Real=0.08s
[146.307s][info][gc,start       ] GC(1319) Pause Young (Concurrent Start) (G1 Humongous Allocation)
[146.307s][info][gc,task        ] GC(1319) Using 33 workers of 33 for evacuation
[146.312s][info][gc,phases      ] GC(1319)   Pre Evacuate Collection Set: 0.7ms
[146.312s][info][gc,phases      ] GC(1319)   Merge Heap Roots: 0.1ms
[146.312s][info][gc,phases      ] GC(1319)   Evacuate Collection Set: 2.1ms
[146.312s][info][gc,phases      ] GC(1319)   Post Evacuate Collection Set: 1.0ms
[146.312s][info][gc,phases      ] GC(1319)   Other: 0.1ms
[146.312s][info][gc,heap        ] GC(1319) Eden regions: 24->0(740)
[146.312s][info][gc,heap        ] GC(1319) Survivor regions: 2->3(93)
[146.312s][info][gc,heap        ] GC(1319) Old regions: 58->58
[146.312s][info][gc,heap        ] GC(1319) Archive regions: 0->0
[146.312s][info][gc,heap        ] GC(1319) Humongous regions: 1143->1141
[146.312s][info][gc,metaspace   ] GC(1319) Metaspace: 128976K(131008K)->128976K(131008K) NonClass: 109937K(110592K)->109937K(110592K) Class: 19038K(20416K)->19038K(20416K)
[146.312s][info][gc             ] GC(1319) Pause Young (Concurrent Start) (G1 Humongous Allocation) 1223M->1197M(2048M) 4.567ms
[146.312s][info][gc             ] GC(1320) Concurrent Mark Cycle
[146.312s][info][gc,cpu         ] GC(1319) User=0.00s Sys=0.00s Real=0.00s
[146.312s][info][gc,marking     ] GC(1320) Concurrent Scan Root Regions
[146.320s][info][gc,marking     ] GC(1320) Concurrent Scan Root Regions 8.163ms
[146.320s][info][gc,marking     ] GC(1320) Concurrent Mark
[146.320s][info][gc,marking     ] GC(1320) Concurrent Mark From Roots
[146.320s][info][gc,task        ] GC(1320) Using 8 workers of 8 for marking
[146.366s][info][gc,marking     ] GC(1320) Concurrent Mark From Roots 45.394ms
[146.366s][info][gc,marking     ] GC(1320) Concurrent Preclean
[146.368s][info][gc,marking     ] GC(1320) Concurrent Preclean 1.751ms
[146.369s][info][gc,start       ] GC(1320) Pause Remark
[146.372s][info][gc             ] GC(1320) Pause Remark 1893M->1893M(2048M) 3.083ms
[146.372s][info][gc,cpu         ] GC(1320) User=0.00s Sys=0.00s Real=0.00s
[146.372s][info][gc,marking     ] GC(1320) Concurrent Mark 51.982ms
[146.372s][info][gc,marking     ] GC(1320) Concurrent Rebuild Remembered Sets and Scrub Regions
[146.381s][info][gc,start       ] GC(1321) Pause Young (Normal) (G1 Evacuation Pause)
[146.381s][info][gc,task        ] GC(1321) Using 33 workers of 33 for evacuation
[146.384s][info][gc,phases      ] GC(1321)   Pre Evacuate Collection Set: 0.3ms
[146.384s][info][gc,phases      ] GC(1321)   Merge Heap Roots: 0.4ms
[146.384s][info][gc,phases      ] GC(1321)   Evacuate Collection Set: 0.9ms
[146.384s][info][gc,phases      ] GC(1321)   Post Evacuate Collection Set: 0.8ms
[146.384s][info][gc,phases      ] GC(1321)   Other: 0.1ms
[146.384s][info][gc,heap        ] GC(1321) Eden regions: 740->0(767)
[146.384s][info][gc,heap        ] GC(1321) Survivor regions: 3->4(41)
[146.384s][info][gc,heap        ] GC(1321) Old regions: 58->58
[146.384s][info][gc,heap        ] GC(1321) Archive regions: 0->0
[146.384s][info][gc,heap        ] GC(1321) Humongous regions: 1206->1112
[146.384s][info][gc,metaspace   ] GC(1321) Metaspace: 128976K(131008K)->128976K(131008K) NonClass: 109937K(110592K)->109937K(110592K) Class: 19038K(20416K)->19038K(20416K)
[146.384s][info][gc             ] GC(1321) Pause Young (Normal) (G1 Evacuation Pause) 2002M->1170M(2048M) 2.659ms
[146.384s][info][gc,cpu         ] GC(1321) User=0.00s Sys=0.00s Real=0.00s
[146.391s][info][gc,marking     ] GC(1320) Concurrent Rebuild Remembered Sets and Scrub Regions 18.747ms
[146.392s][info][gc,start       ] GC(1320) Pause Cleanup
[146.392s][info][gc             ] GC(1320) Pause Cleanup 1275M->1275M(2048M) 0.260ms
[146.392s][info][gc,cpu         ] GC(1320) User=0.00s Sys=0.00s Real=0.00s
[146.392s][info][gc,marking     ] GC(1320) Concurrent Clear Claimed Marks
[146.392s][info][gc,marking     ] GC(1320) Concurrent Clear Claimed Marks 0.344ms
[146.392s][info][gc,marking     ] GC(1320) Concurrent Cleanup for Next Mark
[146.398s][info][gc,marking     ] GC(1320) Concurrent Cleanup for Next Mark 5.188ms
[146.398s][info][gc             ] GC(1320) Concurrent Mark Cycle 85.634ms
[146.441s][info][gc,start       ] GC(1322) Pause Young (Prepare Mixed) (G1 Evacuation Pause)
[146.441s][info][gc,task        ] GC(1322) Using 33 workers of 33 for evacuation
[146.444s][info][gc,phases      ] GC(1322)   Pre Evacuate Collection Set: 0.3ms
[146.444s][info][gc,phases      ] GC(1322)   Merge Heap Roots: 0.6ms
[146.444s][info][gc,phases      ] GC(1322)   Evacuate Collection Set: 1.2ms
[146.444s][info][gc,phases      ] GC(1322)   Post Evacuate Collection Set: 0.8ms
[146.444s][info][gc,phases      ] GC(1322)   Other: 0.1ms
[146.445s][info][gc,heap        ] GC(1322) Eden regions: 767->0(728)
[146.445s][info][gc,heap        ] GC(1322) Survivor regions: 4->6(24)
[146.445s][info][gc,heap        ] GC(1322) Old regions: 58->58
[146.445s][info][gc,heap        ] GC(1322) Archive regions: 0->0
[146.445s][info][gc,heap        ] GC(1322) Humongous regions: 1195->1147
[146.445s][info][gc,metaspace   ] GC(1322) Metaspace: 128976K(131008K)->128976K(131008K) NonClass: 109937K(110592K)->109937K(110592K) Class: 19038K(20416K)->19038K(20416K)
[146.445s][info][gc             ] GC(1322) Pause Young (Prepare Mixed) (G1 Evacuation Pause) 2020M->1207M(2048M) 3.261ms
[146.445s][info][gc,cpu         ] GC(1322) User=0.00s Sys=0.00s Real=0.00s
[146.497s][info][gc,start       ] GC(1323) Pause Young (Mixed) (G1 Humongous Allocation)
[146.497s][info][gc,task        ] GC(1323) Using 33 workers of 33 for evacuation
[146.500s][info][gc,phases      ] GC(1323)   Pre Evacuate Collection Set: 0.3ms
[146.500s][info][gc,phases      ] GC(1323)   Merge Heap Roots: 0.3ms
[146.500s][info][gc,phases      ] GC(1323)   Evacuate Collection Set: 1.5ms
[146.500s][info][gc,phases      ] GC(1323)   Post Evacuate Collection Set: 0.8ms
[146.500s][info][gc,phases      ] GC(1323)   Other: 0.1ms
[146.500s][info][gc,heap        ] GC(1323) Eden regions: 680->0(726)
[146.500s][info][gc,heap        ] GC(1323) Survivor regions: 6->6(80)
[146.500s][info][gc,heap        ] GC(1323) Old regions: 58->58
[146.500s][info][gc,heap        ] GC(1323) Archive regions: 0->0
[146.500s][info][gc,heap        ] GC(1323) Humongous regions: 1224->1149
[146.500s][info][gc,metaspace   ] GC(1323) Metaspace: 128976K(131008K)->128976K(131008K) NonClass: 109937K(110592K)->109937K(110592K) Class: 19038K(20416K)->19038K(20416K)
[146.500s][info][gc             ] GC(1323) Pause Young (Mixed) (G1 Humongous Allocation) 1964M->1209M(2048M) 3.214ms
[146.500s][info][gc,cpu         ] GC(1323) User=0.00s Sys=0.00s Real=0.00s
[146.509s][info][gc,start       ] GC(1324) Pause Young (Concurrent Start) (G1 Humongous Allocation)
[146.509s][info][gc,task        ] GC(1324) Using 33 workers of 33 for evacuation
[146.512s][info][gc,phases      ] GC(1324)   Pre Evacuate Collection Set: 0.5ms
[146.513s][info][gc,phases      ] GC(1324)   Merge Heap Roots: 0.1ms
[146.513s][info][gc,phases      ] GC(1324)   Evacuate Collection Set: 2.0ms
[146.513s][info][gc,phases      ] GC(1324)   Post Evacuate Collection Set: 0.6ms
[146.513s][info][gc,phases      ] GC(1324)   Other: 0.1ms
[146.513s][info][gc,heap        ] GC(1324) Eden regions: 147->0(721)
[146.513s][info][gc,heap        ] GC(1324) Survivor regions: 6->7(92)
[146.513s][info][gc,heap        ] GC(1324) Old regions: 58->58
[146.513s][info][gc,heap        ] GC(1324) Archive regions: 0->0
[146.513s][info][gc,heap        ] GC(1324) Humongous regions: 1156->1152
[146.513s][info][gc,metaspace   ] GC(1324) Metaspace: 128976K(131008K)->128976K(131008K) NonClass: 109937K(110592K)->109937K(110592K) Class: 19038K(20416K)->19038K(20416K)
[146.513s][info][gc             ] GC(1324) Pause Young (Concurrent Start) (G1 Humongous Allocation) 1362M->1212M(2048M) 3.591ms
[146.513s][info][gc             ] GC(1325) Concurrent Mark Cycle
[146.513s][info][gc,marking     ] GC(1325) Concurrent Scan Root Regions
[146.513s][info][gc,cpu         ] GC(1324) User=0.00s Sys=0.00s Real=0.00s
[146.520s][info][gc,marking     ] GC(1325) Concurrent Scan Root Regions 6.842ms
[146.520s][info][gc,marking     ] GC(1325) Concurrent Mark
[146.520s][info][gc,marking     ] GC(1325) Concurrent Mark From Roots
[146.520s][info][gc,task        ] GC(1325) Using 8 workers of 8 for marking
[146.541s][info][gc,marking     ] GC(1325) Concurrent Mark From Roots 21.677ms
[146.541s][info][gc,marking     ] GC(1325) Concurrent Preclean
[146.542s][info][gc,marking     ] GC(1325) Concurrent Preclean 0.387ms
[146.542s][info][gc,start       ] GC(1325) Pause Remark
[146.545s][info][gc             ] GC(1325) Pause Remark 1597M->1597M(2048M) 3.274ms
[146.545s][info][gc,cpu         ] GC(1325) User=0.22s Sys=0.02s Real=0.01s
[146.545s][info][gc,marking     ] GC(1325) Concurrent Mark 25.760ms
[146.545s][info][gc,marking     ] GC(1325) Concurrent Rebuild Remembered Sets and Scrub Regions
[146.554s][info][gc,marking     ] GC(1325) Concurrent Rebuild Remembered Sets and Scrub Regions 8.515ms
[146.554s][info][gc,start       ] GC(1325) Pause Cleanup
[146.555s][info][gc             ] GC(1325) Pause Cleanup 1731M->1731M(2048M) 0.285ms
[146.555s][info][gc,cpu         ] GC(1325) User=0.00s Sys=0.00s Real=0.00s
[146.555s][info][gc,marking     ] GC(1325) Concurrent Clear Claimed Marks
[146.555s][info][gc,marking     ] GC(1325) Concurrent Clear Claimed Marks 0.189ms
[146.555s][info][gc,marking     ] GC(1325) Concurrent Cleanup for Next Mark
[146.558s][info][gc,marking     ] GC(1325) Concurrent Cleanup for Next Mark 2.950ms
[146.558s][info][gc             ] GC(1325) Concurrent Mark Cycle 45.225ms
[146.571s][info][gc,start       ] GC(1326) Pause Young (Prepare Mixed) (G1 Humongous Allocation)
[146.571s][info][gc,task        ] GC(1326) Using 33 workers of 33 for evacuation
[146.574s][info][gc,phases      ] GC(1326)   Pre Evacuate Collection Set: 0.3ms
[146.574s][info][gc,phases      ] GC(1326)   Merge Heap Roots: 0.8ms
[146.574s][info][gc,phases      ] GC(1326)   Evacuate Collection Set: 1.0ms
[146.574s][info][gc,phases      ] GC(1326)   Post Evacuate Collection Set: 0.8ms
[146.574s][info][gc,phases      ] GC(1326)   Other: 0.1ms
[146.574s][info][gc,heap        ] GC(1326) Eden regions: 662->0(716)
[146.574s][info][gc,heap        ] GC(1326) Survivor regions: 7->7(47)
[146.574s][info][gc,heap        ] GC(1326) Old regions: 58->58
[146.574s][info][gc,heap        ] GC(1326) Archive regions: 0->0
[146.574s][info][gc,heap        ] GC(1326) Humongous regions: 1274->1157
[146.574s][info][gc,metaspace   ] GC(1326) Metaspace: 128976K(131008K)->128976K(131008K) NonClass: 109937K(110592K)->109937K(110592K) Class: 19038K(20416K)->19038K(20416K)
[146.575s][info][gc             ] GC(1326) Pause Young (Prepare Mixed) (G1 Humongous Allocation) 1996M->1218M(2048M) 3.293ms
[146.575s][info][gc,cpu         ] GC(1326) User=0.00s Sys=0.00s Real=0.00s
[146.618s][info][gc,start       ] GC(1327) Pause Young (Mixed) (G1 Evacuation Pause)
[146.619s][info][gc,task        ] GC(1327) Using 33 workers of 33 for evacuation
[146.622s][info][gc,phases      ] GC(1327)   Pre Evacuate Collection Set: 0.3ms
[146.622s][info][gc,phases      ] GC(1327)   Merge Heap Roots: 0.3ms
[146.622s][info][gc,phases      ] GC(1327)   Evacuate Collection Set: 1.8ms
[146.622s][info][gc,phases      ] GC(1327)   Post Evacuate Collection Set: 0.9ms
[146.622s][info][gc,phases      ] GC(1327)   Other: 0.3ms
[146.622s][info][gc,heap        ] GC(1327) Eden regions: 716->0(688)
[146.622s][info][gc,heap        ] GC(1327) Survivor regions: 7->6(41)
[146.622s][info][gc,heap        ] GC(1327) Old regions: 58->57
[146.622s][info][gc,heap        ] GC(1327) Archive regions: 0->0
[146.622s][info][gc,heap        ] GC(1327) Humongous regions: 1226->1188
[146.622s][info][gc,metaspace   ] GC(1327) Metaspace: 128976K(131008K)->128976K(131008K) NonClass: 109937K(110592K)->109937K(110592K) Class: 19038K(20416K)->19038K(20416K)
[146.622s][info][gc             ] GC(1327) Pause Young (Mixed) (G1 Evacuation Pause) 2003M->1247M(2048M) 4.109ms
[146.623s][info][gc,cpu         ] GC(1327) User=0.00s Sys=0.02s Real=0.02s
[146.630s][info][gc,start       ] GC(1328) Pause Young (Concurrent Start) (G1 Humongous Allocation)
[146.630s][info][gc,task        ] GC(1328) Using 33 workers of 33 for evacuation
[146.633s][info][gc,phases      ] GC(1328)   Pre Evacuate Collection Set: 0.5ms
[146.633s][info][gc,phases      ] GC(1328)   Merge Heap Roots: 0.1ms
[146.633s][info][gc,phases      ] GC(1328)   Evacuate Collection Set: 1.9ms
[146.633s][info][gc,phases      ] GC(1328)   Post Evacuate Collection Set: 0.8ms
[146.633s][info][gc,phases      ] GC(1328)   Other: 0.1ms
[146.633s][info][gc,heap        ] GC(1328) Eden regions: 123->0(688)
[146.633s][info][gc,heap        ] GC(1328) Survivor regions: 6->6(87)
[146.633s][info][gc,heap        ] GC(1328) Old regions: 57->57
[146.633s][info][gc,heap        ] GC(1328) Archive regions: 0->0
[146.634s][info][gc,heap        ] GC(1328) Humongous regions: 1188->1188
[146.634s][info][gc,metaspace   ] GC(1328) Metaspace: 128976K(131008K)->128976K(131008K) NonClass: 109937K(110592K)->109937K(110592K) Class: 19038K(20416K)->19038K(20416K)
[146.634s][info][gc             ] GC(1328) Pause Young (Concurrent Start) (G1 Humongous Allocation) 1370M->1247M(2048M) 3.934ms
[146.634s][info][gc             ] GC(1329) Concurrent Mark Cycle
[146.634s][info][gc,cpu         ] GC(1328) User=0.00s Sys=0.00s Real=0.00s
[146.634s][info][gc,marking     ] GC(1329) Concurrent Scan Root Regions
[146.637s][info][gc,marking     ] GC(1329) Concurrent Scan Root Regions 2.834ms
[146.637s][info][gc,marking     ] GC(1329) Concurrent Mark
[146.637s][info][gc,marking     ] GC(1329) Concurrent Mark From Roots
[146.637s][info][gc,task        ] GC(1329) Using 8 workers of 8 for marking
[146.659s][info][gc,marking     ] GC(1329) Concurrent Mark From Roots 22.301ms
[146.659s][info][gc,marking     ] GC(1329) Concurrent Preclean
[146.660s][info][gc,marking     ] GC(1329) Concurrent Preclean 0.564ms
[146.660s][info][gc,start       ] GC(1329) Pause Remark
[146.663s][info][gc             ] GC(1329) Pause Remark 1643M->1643M(2048M) 3.365ms
[146.663s][info][gc,cpu         ] GC(1329) User=0.00s Sys=0.00s Real=0.00s
[146.663s][info][gc,marking     ] GC(1329) Concurrent Mark 26.689ms
[146.663s][info][gc,marking     ] GC(1329) Concurrent Rebuild Remembered Sets and Scrub Regions
[146.671s][info][gc,marking     ] GC(1329) Concurrent Rebuild Remembered Sets and Scrub Regions 8.006ms
[146.672s][info][gc,start       ] GC(1329) Pause Cleanup
[146.672s][info][gc             ] GC(1329) Pause Cleanup 1768M->1768M(2048M) 0.280ms
[146.672s][info][gc,cpu         ] GC(1329) User=0.00s Sys=0.00s Real=0.00s
[146.672s][info][gc,marking     ] GC(1329) Concurrent Clear Claimed Marks
[146.672s][info][gc,marking     ] GC(1329) Concurrent Clear Claimed Marks 0.258ms
[146.672s][info][gc,marking     ] GC(1329) Concurrent Cleanup for Next Mark
[146.675s][info][gc,marking     ] GC(1329) Concurrent Cleanup for Next Mark 2.401ms
[146.675s][info][gc             ] GC(1329) Concurrent Mark Cycle 41.145ms
[146.683s][info][gc,start       ] GC(1330) Pause Young (Prepare Mixed) (G1 Humongous Allocation)
[146.683s][info][gc,task        ] GC(1330) Using 33 workers of 33 for evacuation
[146.686s][info][gc,phases      ] GC(1330)   Pre Evacuate Collection Set: 0.3ms
[146.686s][info][gc,phases      ] GC(1330)   Merge Heap Roots: 0.8ms
[146.686s][info][gc,phases      ] GC(1330)   Evacuate Collection Set: 1.0ms
[146.686s][info][gc,phases      ] GC(1330)   Post Evacuate Collection Set: 0.9ms
[146.686s][info][gc,phases      ] GC(1330)   Other: 0.2ms
[146.686s][info][gc,heap        ] GC(1330) Eden regions: 564->0(679)
[146.687s][info][gc,heap        ] GC(1330) Survivor regions: 6->5(87)
[146.687s][info][gc,heap        ] GC(1330) Old regions: 57->57
[146.687s][info][gc,heap        ] GC(1330) Archive regions: 0->0
[146.687s][info][gc,heap        ] GC(1330) Humongous regions: 1313->1199
[146.687s][info][gc,metaspace   ] GC(1330) Metaspace: 128976K(131008K)->128976K(131008K) NonClass: 109937K(110592K)->109937K(110592K) Class: 19038K(20416K)->19038K(20416K)
[146.687s][info][gc             ] GC(1330) Pause Young (Prepare Mixed) (G1 Humongous Allocation) 1936M->1257M(2048M) 3.441ms
[146.687s][info][gc,cpu         ] GC(1330) User=0.00s Sys=0.00s Real=0.00s
[146.728s][info][gc,start       ] GC(1331) Pause Young (Mixed) (G1 Evacuation Pause)
[146.728s][info][gc,task        ] GC(1331) Using 33 workers of 33 for evacuation
[146.731s][info][gc,phases      ] GC(1331)   Pre Evacuate Collection Set: 0.3ms
[146.732s][info][gc,phases      ] GC(1331)   Merge Heap Roots: 0.3ms
[146.732s][info][gc,phases      ] GC(1331)   Evacuate Collection Set: 1.5ms
[146.732s][info][gc,phases      ] GC(1331)   Post Evacuate Collection Set: 1.0ms
[146.732s][info][gc,phases      ] GC(1331)   Other: 0.1ms
[146.732s][info][gc,heap        ] GC(1331) Eden regions: 679->0(683)
[146.732s][info][gc,heap        ] GC(1331) Survivor regions: 5->4(23)
[146.732s][info][gc,heap        ] GC(1331) Old regions: 57->56
[146.732s][info][gc,heap        ] GC(1331) Archive regions: 0->0
[146.732s][info][gc,heap        ] GC(1331) Humongous regions: 1284->1198
[146.732s][info][gc,metaspace   ] GC(1331) Metaspace: 128976K(131008K)->128976K(131008K) NonClass: 109937K(110592K)->109937K(110592K) Class: 19038K(20416K)->19038K(20416K)
[146.732s][info][gc             ] GC(1331) Pause Young (Mixed) (G1 Evacuation Pause) 2021M->1256M(2048M) 3.428ms
[146.732s][info][gc,cpu         ] GC(1331) User=0.00s Sys=0.00s Real=0.00s
[146.738s][info][gc,start       ] GC(1332) Pause Young (Concurrent Start) (G1 Humongous Allocation)
[146.738s][info][gc,task        ] GC(1332) Using 33 workers of 33 for evacuation
[146.741s][info][gc,phases      ] GC(1332)   Pre Evacuate Collection Set: 0.5ms
[146.741s][info][gc,phases      ] GC(1332)   Merge Heap Roots: 0.1ms
[146.741s][info][gc,phases      ] GC(1332)   Evacuate Collection Set: 1.5ms
[146.741s][info][gc,phases      ] GC(1332)   Post Evacuate Collection Set: 0.6ms
[146.741s][info][gc,phases      ] GC(1332)   Other: 0.1ms
[146.741s][info][gc,heap        ] GC(1332) Eden regions: 114->0(681)
[146.741s][info][gc,heap        ] GC(1332) Survivor regions: 4->5(86)
[146.741s][info][gc,heap        ] GC(1332) Old regions: 56->56
[146.741s][info][gc,heap        ] GC(1332) Archive regions: 0->0
[146.741s][info][gc,heap        ] GC(1332) Humongous regions: 1198->1198
[146.741s][info][gc,metaspace   ] GC(1332) Metaspace: 128976K(131008K)->128976K(131008K) NonClass: 109937K(110592K)->109937K(110592K) Class: 19038K(20416K)->19038K(20416K)
[146.741s][info][gc             ] GC(1332) Pause Young (Concurrent Start) (G1 Humongous Allocation) 1370M->1256M(2048M) 3.196ms
[146.741s][info][gc             ] GC(1333) Concurrent Mark Cycle
[146.741s][info][gc,marking     ] GC(1333) Concurrent Scan Root Regions
[146.741s][info][gc,cpu         ] GC(1332) User=0.00s Sys=0.00s Real=0.00s
[146.743s][info][gc,marking     ] GC(1333) Concurrent Scan Root Regions 2.139ms
[146.744s][info][gc,marking     ] GC(1333) Concurrent Mark
[146.744s][info][gc,marking     ] GC(1333) Concurrent Mark From Roots
[146.744s][info][gc,task        ] GC(1333) Using 8 workers of 8 for marking
[146.763s][info][gc,marking     ] GC(1333) Concurrent Mark From Roots 19.173ms
[146.763s][info][gc,marking     ] GC(1333) Concurrent Preclean
[146.763s][info][gc,marking     ] GC(1333) Concurrent Preclean 0.492ms
[146.763s][info][gc,start       ] GC(1333) Pause Remark
[146.767s][info][gc             ] GC(1333) Pause Remark 1596M->1596M(2048M) 3.107ms
[146.767s][info][gc,cpu         ] GC(1333) User=0.00s Sys=0.00s Real=0.00s
[146.767s][info][gc,marking     ] GC(1333) Concurrent Mark 23.225ms
[146.767s][info][gc,marking     ] GC(1333) Concurrent Rebuild Remembered Sets and Scrub Regions
[146.774s][info][gc,marking     ] GC(1333) Concurrent Rebuild Remembered Sets and Scrub Regions 7.130ms
[146.775s][info][gc,start       ] GC(1333) Pause Cleanup
[146.775s][info][gc             ] GC(1333) Pause Cleanup 1710M->1710M(2048M) 0.269ms
[146.775s][info][gc,cpu         ] GC(1333) User=0.00s Sys=0.00s Real=0.00s
[146.775s][info][gc,marking     ] GC(1333) Concurrent Clear Claimed Marks
[146.775s][info][gc,marking     ] GC(1333) Concurrent Clear Claimed Marks 0.187ms
[146.775s][info][gc,marking     ] GC(1333) Concurrent Cleanup for Next Mark
[146.778s][info][gc,marking     ] GC(1333) Concurrent Cleanup for Next Mark 2.474ms
[146.778s][info][gc             ] GC(1333) Concurrent Mark Cycle 36.370ms
[146.789s][info][gc,start       ] GC(1334) Pause Young (Prepare Mixed) (G1 Humongous Allocation)
[146.790s][info][gc,task        ] GC(1334) Using 33 workers of 33 for evacuation
[146.793s][info][gc,phases      ] GC(1334)   Pre Evacuate Collection Set: 0.3ms
[146.793s][info][gc,phases      ] GC(1334)   Merge Heap Roots: 0.8ms
[146.793s][info][gc,phases      ] GC(1334)   Evacuate Collection Set: 1.0ms
[146.793s][info][gc,phases      ] GC(1334)   Post Evacuate Collection Set: 0.8ms
[146.793s][info][gc,phases      ] GC(1334)   Other: 0.2ms
[146.793s][info][gc,heap        ] GC(1334) Eden regions: 601->0(642)
[146.793s][info][gc,heap        ] GC(1334) Survivor regions: 5->5(86)
[146.793s][info][gc,heap        ] GC(1334) Old regions: 56->56
[146.793s][info][gc,heap        ] GC(1334) Archive regions: 0->0
[146.793s][info][gc,heap        ] GC(1334) Humongous regions: 1296->1237
[146.793s][info][gc,metaspace   ] GC(1334) Metaspace: 128976K(131008K)->128976K(131008K) NonClass: 109937K(110592K)->109937K(110592K) Class: 19038K(20416K)->19038K(20416K)
[146.793s][info][gc             ] GC(1334) Pause Young (Prepare Mixed) (G1 Humongous Allocation) 1955M->1295M(2048M) 3.375ms
[146.793s][info][gc,cpu         ] GC(1334) User=0.00s Sys=0.00s Real=0.00s
[146.829s][info][gc,start       ] GC(1335) Pause Young (Mixed) (G1 Humongous Allocation)
[146.829s][info][gc,task        ] GC(1335) Using 33 workers of 33 for evacuation
[146.832s][info][gc,phases      ] GC(1335)   Pre Evacuate Collection Set: 0.3ms
[146.832s][info][gc,phases      ] GC(1335)   Merge Heap Roots: 0.3ms
[146.832s][info][gc,phases      ] GC(1335)   Evacuate Collection Set: 1.9ms
[146.832s][info][gc,phases      ] GC(1335)   Post Evacuate Collection Set: 0.9ms
[146.833s][info][gc,phases      ] GC(1335)   Other: 0.2ms
[146.833s][info][gc,heap        ] GC(1335) Eden regions: 581->0(647)
[146.833s][info][gc,heap        ] GC(1335) Survivor regions: 5->5(80)
[146.833s][info][gc,heap        ] GC(1335) Old regions: 56->56
[146.833s][info][gc,heap        ] GC(1335) Archive regions: 0->0
[146.833s][info][gc,heap        ] GC(1335) Humongous regions: 1326->1232
[146.833s][info][gc,metaspace   ] GC(1335) Metaspace: 128976K(131008K)->128976K(131008K) NonClass: 109937K(110592K)->109937K(110592K) Class: 19038K(20416K)->19038K(20416K)
[146.833s][info][gc             ] GC(1335) Pause Young (Mixed) (G1 Humongous Allocation) 1965M->1290M(2048M) 4.150ms
[146.833s][info][gc,cpu         ] GC(1335) User=0.00s Sys=0.00s Real=0.00s
[146.834s][info][gc,start       ] GC(1336) Pause Young (Concurrent Start) (G1 Humongous Allocation)
[146.834s][info][gc,task        ] GC(1336) Using 33 workers of 33 for evacuation
[146.837s][info][gc,phases      ] GC(1336)   Pre Evacuate Collection Set: 0.5ms
[146.837s][info][gc,phases      ] GC(1336)   Merge Heap Roots: 0.1ms
[146.837s][info][gc,phases      ] GC(1336)   Evacuate Collection Set: 1.8ms
[146.837s][info][gc,phases      ] GC(1336)   Post Evacuate Collection Set: 0.6ms
[146.837s][info][gc,phases      ] GC(1336)   Other: 0.1ms
[146.837s][info][gc,heap        ] GC(1336) Eden regions: 5->0(648)
[146.837s][info][gc,heap        ] GC(1336) Survivor regions: 5->5(82)
[146.837s][info][gc,heap        ] GC(1336) Old regions: 56->56
[146.837s][info][gc,heap        ] GC(1336) Archive regions: 0->0
[146.837s][info][gc,heap        ] GC(1336) Humongous regions: 1239->1231
[146.838s][info][gc,metaspace   ] GC(1336) Metaspace: 128976K(131008K)->128976K(131008K) NonClass: 109937K(110592K)->109937K(110592K) Class: 19038K(20416K)->19038K(20416K)
[146.838s][info][gc             ] GC(1336) Pause Young (Concurrent Start) (G1 Humongous Allocation) 1302M->1290M(2048M) 3.480ms
[146.838s][info][gc             ] GC(1337) Concurrent Mark Cycle
[146.838s][info][gc,cpu         ] GC(1336) User=0.00s Sys=0.00s Real=0.00s
[146.838s][info][gc,marking     ] GC(1337) Concurrent Scan Root Regions
[146.840s][info][gc,marking     ] GC(1337) Concurrent Scan Root Regions 2.278ms
[146.840s][info][gc,marking     ] GC(1337) Concurrent Mark
[146.840s][info][gc,marking     ] GC(1337) Concurrent Mark From Roots
[146.840s][info][gc,task        ] GC(1337) Using 8 workers of 8 for marking
[146.857s][info][gc,marking     ] GC(1337) Concurrent Mark From Roots 16.952ms
[146.857s][info][gc,marking     ] GC(1337) Concurrent Preclean
[146.857s][info][gc,marking     ] GC(1337) Concurrent Preclean 0.394ms
[146.858s][info][gc,start       ] GC(1337) Pause Remark
[146.861s][info][gc             ] GC(1337) Pause Remark 1547M->1547M(2048M) 3.180ms
[146.861s][info][gc,cpu         ] GC(1337) User=0.00s Sys=0.00s Real=0.00s
[146.861s][info][gc,marking     ] GC(1337) Concurrent Mark 21.005ms
[146.861s][info][gc,marking     ] GC(1337) Concurrent Rebuild Remembered Sets and Scrub Regions
[146.869s][info][gc,marking     ] GC(1337) Concurrent Rebuild Remembered Sets and Scrub Regions 7.587ms
[146.869s][info][gc,start       ] GC(1337) Pause Cleanup
[146.869s][info][gc             ] GC(1337) Pause Cleanup 1676M->1676M(2048M) 0.295ms
[146.870s][info][gc,cpu         ] GC(1337) User=0.00s Sys=0.00s Real=0.00s
[146.870s][info][gc,marking     ] GC(1337) Concurrent Clear Claimed Marks
[146.870s][info][gc,marking     ] GC(1337) Concurrent Clear Claimed Marks 0.238ms
[146.870s][info][gc,marking     ] GC(1337) Concurrent Cleanup for Next Mark
[146.872s][info][gc,marking     ] GC(1337) Concurrent Cleanup for Next Mark 2.527ms
[146.872s][info][gc             ] GC(1337) Concurrent Mark Cycle 34.812ms
[146.889s][info][gc,start       ] GC(1338) Pause Young (Prepare Mixed) (G1 Evacuation Pause)
[146.889s][info][gc,task        ] GC(1338) Using 33 workers of 33 for evacuation
[146.892s][info][gc,phases      ] GC(1338)   Pre Evacuate Collection Set: 0.3ms
[146.892s][info][gc,phases      ] GC(1338)   Merge Heap Roots: 0.8ms
[146.892s][info][gc,phases      ] GC(1338)   Evacuate Collection Set: 1.0ms
[146.892s][info][gc,phases      ] GC(1338)   Post Evacuate Collection Set: 0.8ms
[146.892s][info][gc,phases      ] GC(1338)   Other: 0.1ms
[146.892s][info][gc,heap        ] GC(1338) Eden regions: 648->0(644)
[146.892s][info][gc,heap        ] GC(1338) Survivor regions: 5->4(30)
[146.892s][info][gc,heap        ] GC(1338) Old regions: 56->56
[146.892s][info][gc,heap        ] GC(1338) Archive regions: 0->0
[146.892s][info][gc,heap        ] GC(1338) Humongous regions: 1309->1237
[146.892s][info][gc,metaspace   ] GC(1338) Metaspace: 128976K(131008K)->128976K(131008K) NonClass: 109937K(110592K)->109937K(110592K) Class: 19038K(20416K)->19038K(20416K)
[146.892s][info][gc             ] GC(1338) Pause Young (Prepare Mixed) (G1 Evacuation Pause) 2016M->1295M(2048M) 3.266ms
[146.892s][info][gc,cpu         ] GC(1338) User=0.00s Sys=0.00s Real=0.00s
[146.930s][info][gc,start       ] GC(1339) Pause Young (Mixed) (G1 Humongous Allocation)
[146.930s][info][gc,task        ] GC(1339) Using 33 workers of 33 for evacuation
[146.933s][info][gc,phases      ] GC(1339)   Pre Evacuate Collection Set: 0.3ms
[146.933s][info][gc,phases      ] GC(1339)   Merge Heap Roots: 0.3ms
[146.933s][info][gc,phases      ] GC(1339)   Evacuate Collection Set: 1.5ms
[146.933s][info][gc,phases      ] GC(1339)   Post Evacuate Collection Set: 0.7ms
[146.933s][info][gc,phases      ] GC(1339)   Other: 0.1ms
[146.933s][info][gc,heap        ] GC(1339) Eden regions: 628->0(625)
[146.933s][info][gc,heap        ] GC(1339) Survivor regions: 4->4(57)
[146.933s][info][gc,heap        ] GC(1339) Old regions: 56->56
[146.933s][info][gc,heap        ] GC(1339) Archive regions: 0->0
[146.933s][info][gc,heap        ] GC(1339) Humongous regions: 1303->1256
[146.933s][info][gc,metaspace   ] GC(1339) Metaspace: 128976K(131008K)->128976K(131008K) NonClass: 109937K(110592K)->109937K(110592K) Class: 19038K(20416K)->19038K(20416K)
[146.933s][info][gc             ] GC(1339) Pause Young (Mixed) (G1 Humongous Allocation) 1989M->1313M(2048M) 3.133ms
[146.933s][info][gc,cpu         ] GC(1339) User=0.00s Sys=0.00s Real=0.00s
[146.936s][info][gc,start       ] GC(1340) Pause Young (Concurrent Start) (G1 Humongous Allocation)
[146.936s][info][gc,task        ] GC(1340) Using 33 workers of 33 for evacuation
[146.939s][info][gc,phases      ] GC(1340)   Pre Evacuate Collection Set: 0.5ms
[146.939s][info][gc,phases      ] GC(1340)   Merge Heap Roots: 0.1ms
[146.939s][info][gc,phases      ] GC(1340)   Evacuate Collection Set: 2.1ms
[146.939s][info][gc,phases      ] GC(1340)   Post Evacuate Collection Set: 0.6ms
[146.939s][info][gc,phases      ] GC(1340)   Other: 0.1ms
[146.939s][info][gc,heap        ] GC(1340) Eden regions: 39->0(628)
[146.939s][info][gc,heap        ] GC(1340) Survivor regions: 4->4(79)
[146.939s][info][gc,heap        ] GC(1340) Old regions: 56->56
[146.939s][info][gc,heap        ] GC(1340) Archive regions: 0->0
[146.939s][info][gc,heap        ] GC(1340) Humongous regions: 1260->1253
[146.939s][info][gc,metaspace   ] GC(1340) Metaspace: 128976K(131008K)->128976K(131008K) NonClass: 109937K(110592K)->109937K(110592K) Class: 19038K(20416K)->19038K(20416K)
[146.939s][info][gc             ] GC(1340) Pause Young (Concurrent Start) (G1 Humongous Allocation) 1356M->1311M(2048M) 3.439ms
[146.939s][info][gc             ] GC(1341) Concurrent Mark Cycle
[146.939s][info][gc,cpu         ] GC(1340) User=0.00s Sys=0.00s Real=0.00s
[146.939s][info][gc,marking     ] GC(1341) Concurrent Scan Root Regions
[146.941s][info][gc,marking     ] GC(1341) Concurrent Scan Root Regions 2.201ms
[146.941s][info][gc,marking     ] GC(1341) Concurrent Mark
[146.941s][info][gc,marking     ] GC(1341) Concurrent Mark From Roots
[146.941s][info][gc,task        ] GC(1341) Using 8 workers of 8 for marking
[146.959s][info][gc,marking     ] GC(1341) Concurrent Mark From Roots 17.573ms
[146.959s][info][gc,marking     ] GC(1341) Concurrent Preclean
[146.959s][info][gc,marking     ] GC(1341) Concurrent Preclean 0.418ms
[146.960s][info][gc,start       ] GC(1341) Pause Remark
[146.963s][info][gc             ] GC(1341) Pause Remark 1571M->1571M(2048M) 3.145ms
[146.963s][info][gc,cpu         ] GC(1341) User=0.00s Sys=0.00s Real=0.00s
[146.963s][info][gc,marking     ] GC(1341) Concurrent Mark 21.955ms
[146.963s][info][gc,marking     ] GC(1341) Concurrent Rebuild Remembered Sets and Scrub Regions
[146.972s][info][gc,marking     ] GC(1341) Concurrent Rebuild Remembered Sets and Scrub Regions 8.202ms
[146.972s][info][gc,start       ] GC(1341) Pause Cleanup
[146.972s][info][gc             ] GC(1341) Pause Cleanup 1707M->1707M(2048M) 0.281ms
[146.972s][info][gc,cpu         ] GC(1341) User=0.00s Sys=0.00s Real=0.00s
[146.972s][info][gc,marking     ] GC(1341) Concurrent Clear Claimed Marks
[146.973s][info][gc,marking     ] GC(1341) Concurrent Clear Claimed Marks 0.286ms
[146.973s][info][gc,marking     ] GC(1341) Concurrent Cleanup for Next Mark
[146.975s][info][gc,marking     ] GC(1341) Concurrent Cleanup for Next Mark 2.389ms
[146.975s][info][gc             ] GC(1341) Concurrent Mark Cycle 36.202ms
[146.991s][info][gc,start       ] GC(1342) Pause Young (Prepare Mixed) (G1 Evacuation Pause)
[146.991s][info][gc,task        ] GC(1342) Using 33 workers of 33 for evacuation
[146.994s][info][gc,phases      ] GC(1342)   Pre Evacuate Collection Set: 0.3ms
[146.994s][info][gc,phases      ] GC(1342)   Merge Heap Roots: 0.8ms
[146.994s][info][gc,phases      ] GC(1342)   Evacuate Collection Set: 1.0ms
[146.994s][info][gc,phases      ] GC(1342)   Post Evacuate Collection Set: 0.8ms
[146.994s][info][gc,phases      ] GC(1342)   Other: 0.2ms
[146.994s][info][gc,heap        ] GC(1342) Eden regions: 628->0(608)
[146.994s][info][gc,heap        ] GC(1342) Survivor regions: 4->4(7)
[146.995s][info][gc,heap        ] GC(1342) Old regions: 56->56
[146.995s][info][gc,heap        ] GC(1342) Archive regions: 0->0
[146.995s][info][gc,heap        ] GC(1342) Humongous regions: 1353->1273
[146.995s][info][gc,metaspace   ] GC(1342) Metaspace: 128976K(131008K)->128976K(131008K) NonClass: 109937K(110592K)->109937K(110592K) Class: 19038K(20416K)->19038K(20416K)
[146.995s][info][gc             ] GC(1342) Pause Young (Prepare Mixed) (G1 Evacuation Pause) 2039M->1331M(2048M) 3.490ms
[146.995s][info][gc,cpu         ] GC(1342) User=0.00s Sys=0.00s Real=0.00s
[147.029s][info][gc,start       ] GC(1343) Pause Young (Mixed) (G1 Humongous Allocation)
[147.029s][info][gc,task        ] GC(1343) Using 33 workers of 33 for evacuation
[147.032s][info][gc,phases      ] GC(1343)   Pre Evacuate Collection Set: 0.3ms
[147.032s][info][gc,phases      ] GC(1343)   Merge Heap Roots: 0.3ms
[147.032s][info][gc,phases      ] GC(1343)   Evacuate Collection Set: 1.5ms
[147.032s][info][gc,phases      ] GC(1343)   Post Evacuate Collection Set: 0.8ms
[147.032s][info][gc,phases      ] GC(1343)   Other: 0.2ms
[147.032s][info][gc,heap        ] GC(1343) Eden regions: 561->0(604)
[147.032s][info][gc,heap        ] GC(1343) Survivor regions: 4->2(77)
[147.032s][info][gc,heap        ] GC(1343) Old regions: 56->57
[147.032s][info][gc,heap        ] GC(1343) Archive regions: 0->0
[147.032s][info][gc,heap        ] GC(1343) Humongous regions: 1347->1280
[147.032s][info][gc,metaspace   ] GC(1343) Metaspace: 128977K(131008K)->128977K(131008K) NonClass: 109938K(110592K)->109938K(110592K) Class: 19038K(20416K)->19038K(20416K)
[147.032s][info][gc             ] GC(1343) Pause Young (Mixed) (G1 Humongous Allocation) 1966M->1337M(2048M) 3.614ms
[147.032s][info][gc,cpu         ] GC(1343) User=0.00s Sys=0.00s Real=0.00s
[147.034s][info][gc,start       ] GC(1344) Pause Young (Concurrent Start) (G1 Humongous Allocation)
[147.035s][info][gc,task        ] GC(1344) Using 33 workers of 33 for evacuation
[147.038s][info][gc,phases      ] GC(1344)   Pre Evacuate Collection Set: 0.5ms
[147.038s][info][gc,phases      ] GC(1344)   Merge Heap Roots: 0.1ms
[147.038s][info][gc,phases      ] GC(1344)   Evacuate Collection Set: 1.5ms
[147.038s][info][gc,phases      ] GC(1344)   Post Evacuate Collection Set: 0.7ms
[147.038s][info][gc,phases      ] GC(1344)   Other: 0.1ms
[147.038s][info][gc,heap        ] GC(1344) Eden regions: 33->0(604)
[147.038s][info][gc,heap        ] GC(1344) Survivor regions: 2->2(76)
[147.038s][info][gc,heap        ] GC(1344) Old regions: 57->57
[147.038s][info][gc,heap        ] GC(1344) Archive regions: 0->0
[147.038s][info][gc,heap        ] GC(1344) Humongous regions: 1284->1280
[147.038s][info][gc,metaspace   ] GC(1344) Metaspace: 128977K(131008K)->128977K(131008K) NonClass: 109938K(110592K)->109938K(110592K) Class: 19038K(20416K)->19038K(20416K)
[147.038s][info][gc             ] GC(1344) Pause Young (Concurrent Start) (G1 Humongous Allocation) 1374M->1337M(2048M) 3.463ms
[147.038s][info][gc             ] GC(1345) Concurrent Mark Cycle
[147.038s][info][gc,marking     ] GC(1345) Concurrent Scan Root Regions
[147.038s][info][gc,cpu         ] GC(1344) User=0.00s Sys=0.00s Real=0.00s
[147.040s][info][gc,marking     ] GC(1345) Concurrent Scan Root Regions 2.329ms
[147.040s][info][gc,marking     ] GC(1345) Concurrent Mark
[147.040s][info][gc,marking     ] GC(1345) Concurrent Mark From Roots
[147.041s][info][gc,task        ] GC(1345) Using 8 workers of 8 for marking
[147.058s][info][gc,marking     ] GC(1345) Concurrent Mark From Roots 17.914ms
[147.058s][info][gc,marking     ] GC(1345) Concurrent Preclean
[147.059s][info][gc,marking     ] GC(1345) Concurrent Preclean 0.496ms
[147.059s][info][gc,start       ] GC(1345) Pause Remark
[147.063s][info][gc             ] GC(1345) Pause Remark 1621M->1621M(2048M) 3.315ms
[147.063s][info][gc,cpu         ] GC(1345) User=0.00s Sys=0.00s Real=0.00s
[147.063s][info][gc,marking     ] GC(1345) Concurrent Mark 22.236ms
[147.063s][info][gc,marking     ] GC(1345) Concurrent Rebuild Remembered Sets and Scrub Regions
[147.070s][info][gc,marking     ] GC(1345) Concurrent Rebuild Remembered Sets and Scrub Regions 7.094ms
[147.070s][info][gc,start       ] GC(1345) Pause Cleanup
[147.070s][info][gc             ] GC(1345) Pause Cleanup 1723M->1723M(2048M) 0.320ms
[147.070s][info][gc,cpu         ] GC(1345) User=0.00s Sys=0.00s Real=0.00s
[147.071s][info][gc,marking     ] GC(1345) Concurrent Clear Claimed Marks
[147.071s][info][gc,marking     ] GC(1345) Concurrent Clear Claimed Marks 0.196ms
[147.071s][info][gc,marking     ] GC(1345) Concurrent Cleanup for Next Mark
[147.073s][info][gc,marking     ] GC(1345) Concurrent Cleanup for Next Mark 2.311ms
[147.073s][info][gc             ] GC(1345) Concurrent Mark Cycle 35.097ms
[147.089s][info][gc,start       ] GC(1346) Pause Young (Prepare Mixed) (G1 Humongous Allocation)
[147.089s][info][gc,task        ] GC(1346) Using 33 workers of 33 for evacuation
[147.092s][info][gc,phases      ] GC(1346)   Pre Evacuate Collection Set: 0.3ms
[147.092s][info][gc,phases      ] GC(1346)   Merge Heap Roots: 0.8ms
[147.092s][info][gc,phases      ] GC(1346)   Evacuate Collection Set: 0.9ms
[147.092s][info][gc,phases      ] GC(1346)   Post Evacuate Collection Set: 0.8ms
[147.092s][info][gc,phases      ] GC(1346)   Other: 0.2ms
[147.092s][info][gc,heap        ] GC(1346) Eden regions: 600->0(606)
[147.092s][info][gc,heap        ] GC(1346) Survivor regions: 2->2(22)
[147.092s][info][gc,heap        ] GC(1346) Old regions: 57->57
[147.092s][info][gc,heap        ] GC(1346) Archive regions: 0->0
[147.092s][info][gc,heap        ] GC(1346) Humongous regions: 1367->1278
[147.092s][info][gc,metaspace   ] GC(1346) Metaspace: 128977K(131008K)->128977K(131008K) NonClass: 109938K(110592K)->109938K(110592K) Class: 19038K(20416K)->19038K(20416K)
[147.092s][info][gc             ] GC(1346) Pause Young (Prepare Mixed) (G1 Humongous Allocation) 2024M->1335M(2048M) 3.219ms
[147.092s][info][gc,cpu         ] GC(1346) User=0.00s Sys=0.00s Real=0.00s
[147.135s][info][gc,start       ] GC(1347) Pause Young (Mixed) (G1 Evacuation Pause)
[147.135s][info][gc,task        ] GC(1347) Using 33 workers of 33 for evacuation
[147.138s][info][gc,phases      ] GC(1347)   Pre Evacuate Collection Set: 0.3ms
[147.138s][info][gc,phases      ] GC(1347)   Merge Heap Roots: 0.3ms
[147.138s][info][gc,phases      ] GC(1347)   Evacuate Collection Set: 1.6ms
[147.138s][info][gc,phases      ] GC(1347)   Post Evacuate Collection Set: 0.7ms
[147.138s][info][gc,phases      ] GC(1347)   Other: 0.1ms
[147.138s][info][gc,heap        ] GC(1347) Eden regions: 606->0(606)
[147.138s][info][gc,heap        ] GC(1347) Survivor regions: 2->2(33)
[147.138s][info][gc,heap        ] GC(1347) Old regions: 57->56
[147.138s][info][gc,heap        ] GC(1347) Archive regions: 0->0
[147.138s][info][gc,heap        ] GC(1347) Humongous regions: 1350->1279
[147.138s][info][gc,metaspace   ] GC(1347) Metaspace: 128977K(131008K)->128977K(131008K) NonClass: 109938K(110592K)->109938K(110592K) Class: 19038K(20416K)->19038K(20416K)
[147.138s][info][gc             ] GC(1347) Pause Young (Mixed) (G1 Evacuation Pause) 2013M->1334M(2048M) 3.211ms
[147.138s][info][gc,cpu         ] GC(1347) User=0.00s Sys=0.00s Real=0.00s
[147.140s][info][gc,start       ] GC(1348) Pause Young (Concurrent Start) (G1 Humongous Allocation)
[147.140s][info][gc,task        ] GC(1348) Using 33 workers of 33 for evacuation
[147.142s][info][gc,phases      ] GC(1348)   Pre Evacuate Collection Set: 0.5ms
[147.142s][info][gc,phases      ] GC(1348)   Merge Heap Roots: 0.1ms
[147.142s][info][gc,phases      ] GC(1348)   Evacuate Collection Set: 1.4ms
[147.142s][info][gc,phases      ] GC(1348)   Post Evacuate Collection Set: 0.5ms
[147.143s][info][gc,phases      ] GC(1348)   Other: 0.0ms
[147.143s][info][gc,heap        ] GC(1348) Eden regions: 22->0(606)
[147.143s][info][gc,heap        ] GC(1348) Survivor regions: 2->2(76)
[147.143s][info][gc,heap        ] GC(1348) Old regions: 56->56
[147.143s][info][gc,heap        ] GC(1348) Archive regions: 0->0
[147.143s][info][gc,heap        ] GC(1348) Humongous regions: 1279->1279
[147.143s][info][gc,metaspace   ] GC(1348) Metaspace: 128977K(131008K)->128977K(131008K) NonClass: 109938K(110592K)->109938K(110592K) Class: 19038K(20416K)->19038K(20416K)
[147.143s][info][gc             ] GC(1348) Pause Young (Concurrent Start) (G1 Humongous Allocation) 1356M->1334M(2048M) 2.643ms
[147.143s][info][gc             ] GC(1349) Concurrent Mark Cycle
[147.143s][info][gc,cpu         ] GC(1348) User=0.00s Sys=0.00s Real=0.00s
[147.143s][info][gc,marking     ] GC(1349) Concurrent Scan Root Regions
[147.145s][info][gc,marking     ] GC(1349) Concurrent Scan Root Regions 2.072ms
[147.145s][info][gc,marking     ] GC(1349) Concurrent Mark
[147.145s][info][gc,marking     ] GC(1349) Concurrent Mark From Roots
[147.145s][info][gc,task        ] GC(1349) Using 8 workers of 8 for marking
[147.161s][info][gc,marking     ] GC(1349) Concurrent Mark From Roots 16.364ms
[147.161s][info][gc,marking     ] GC(1349) Concurrent Preclean
[147.162s][info][gc,marking     ] GC(1349) Concurrent Preclean 0.343ms
[147.162s][info][gc,start       ] GC(1349) Pause Remark
[147.165s][info][gc             ] GC(1349) Pause Remark 1561M->1561M(2048M) 3.182ms
[147.165s][info][gc,cpu         ] GC(1349) User=0.00s Sys=0.00s Real=0.00s
[147.165s][info][gc,marking     ] GC(1349) Concurrent Mark 20.302ms
[147.165s][info][gc,marking     ] GC(1349) Concurrent Rebuild Remembered Sets and Scrub Regions
[147.172s][info][gc,marking     ] GC(1349) Concurrent Rebuild Remembered Sets and Scrub Regions 6.931ms
[147.172s][info][gc,start       ] GC(1349) Pause Cleanup
[147.172s][info][gc             ] GC(1349) Pause Cleanup 1654M->1654M(2048M) 0.262ms
[147.173s][info][gc,cpu         ] GC(1349) User=0.00s Sys=0.00s Real=0.00s
[147.173s][info][gc,marking     ] GC(1349) Concurrent Clear Claimed Marks
[147.173s][info][gc,marking     ] GC(1349) Concurrent Clear Claimed Marks 0.180ms
[147.173s][info][gc,marking     ] GC(1349) Concurrent Cleanup for Next Mark
[147.175s][info][gc,marking     ] GC(1349) Concurrent Cleanup for Next Mark 2.226ms
[147.175s][info][gc             ] GC(1349) Concurrent Mark Cycle 32.400ms
[147.192s][info][gc,start       ] GC(1350) Pause Young (Prepare Mixed) (G1 Evacuation Pause)
[147.192s][info][gc,task        ] GC(1350) Using 33 workers of 33 for evacuation
[147.195s][info][gc,phases      ] GC(1350)   Pre Evacuate Collection Set: 0.3ms
[147.195s][info][gc,phases      ] GC(1350)   Merge Heap Roots: 0.8ms
[147.195s][info][gc,phases      ] GC(1350)   Evacuate Collection Set: 0.8ms
[147.195s][info][gc,phases      ] GC(1350)   Post Evacuate Collection Set: 0.8ms
[147.195s][info][gc,phases      ] GC(1350)   Other: 0.2ms
[147.195s][info][gc,heap        ] GC(1350) Eden regions: 606->0(595)
[147.195s][info][gc,heap        ] GC(1350) Survivor regions: 2->2(76)
[147.195s][info][gc,heap        ] GC(1350) Old regions: 56->56
[147.195s][info][gc,heap        ] GC(1350) Archive regions: 0->0
[147.195s][info][gc,heap        ] GC(1350) Humongous regions: 1303->1290
[147.195s][info][gc,metaspace   ] GC(1350) Metaspace: 128977K(131008K)->128977K(131008K) NonClass: 109938K(110592K)->109938K(110592K) Class: 19038K(20416K)->19038K(20416K)
[147.195s][info][gc             ] GC(1350) Pause Young (Prepare Mixed) (G1 Evacuation Pause) 1964M->1345M(2048M) 3.160ms
[147.195s][info][gc,cpu         ] GC(1350) User=0.00s Sys=0.00s Real=0.00s
[147.234s][info][gc,start       ] GC(1351) Pause Young (Mixed) (G1 Evacuation Pause)
[147.234s][info][gc,task        ] GC(1351) Using 33 workers of 33 for evacuation
[147.237s][info][gc,phases      ] GC(1351)   Pre Evacuate Collection Set: 0.3ms
[147.237s][info][gc,phases      ] GC(1351)   Merge Heap Roots: 0.3ms
[147.237s][info][gc,phases      ] GC(1351)   Evacuate Collection Set: 1.4ms
[147.237s][info][gc,phases      ] GC(1351)   Post Evacuate Collection Set: 0.7ms
[147.237s][info][gc,phases      ] GC(1351)   Other: 0.1ms
[147.237s][info][gc,heap        ] GC(1351) Eden regions: 595->0(607)
[147.237s][info][gc,heap        ] GC(1351) Survivor regions: 2->2(75)
[147.237s][info][gc,heap        ] GC(1351) Old regions: 56->55
[147.237s][info][gc,heap        ] GC(1351) Archive regions: 0->0
[147.237s][info][gc,heap        ] GC(1351) Humongous regions: 1313->1279
[147.237s][info][gc,metaspace   ] GC(1351) Metaspace: 128977K(131008K)->128977K(131008K) NonClass: 109938K(110592K)->109938K(110592K) Class: 19038K(20416K)->19038K(20416K)
[147.237s][info][gc             ] GC(1351) Pause Young (Mixed) (G1 Evacuation Pause) 1963M->1333M(2048M) 3.050ms
[147.237s][info][gc,cpu         ] GC(1351) User=0.52s Sys=0.00s Real=0.02s
[147.252s][info][gc,start       ] GC(1352) Pause Young (Concurrent Start) (G1 Humongous Allocation)
[147.252s][info][gc,task        ] GC(1352) Using 33 workers of 33 for evacuation
[147.254s][info][gc,phases      ] GC(1352)   Pre Evacuate Collection Set: 0.5ms
[147.254s][info][gc,phases      ] GC(1352)   Merge Heap Roots: 0.1ms
[147.254s][info][gc,phases      ] GC(1352)   Evacuate Collection Set: 1.4ms
[147.254s][info][gc,phases      ] GC(1352)   Post Evacuate Collection Set: 0.6ms
[147.254s][info][gc,phases      ] GC(1352)   Other: 0.1ms
[147.254s][info][gc,heap        ] GC(1352) Eden regions: 213->0(605)
[147.254s][info][gc,heap        ] GC(1352) Survivor regions: 2->3(77)
[147.254s][info][gc,heap        ] GC(1352) Old regions: 55->55
[147.254s][info][gc,heap        ] GC(1352) Archive regions: 0->0
[147.254s][info][gc,heap        ] GC(1352) Humongous regions: 1279->1279
[147.254s][info][gc,metaspace   ] GC(1352) Metaspace: 128977K(131008K)->128977K(131008K) NonClass: 109938K(110592K)->109938K(110592K) Class: 19038K(20416K)->19038K(20416K)
[147.254s][info][gc             ] GC(1352) Pause Young (Concurrent Start) (G1 Humongous Allocation) 1546M->1334M(2048M) 2.841ms
[147.254s][info][gc             ] GC(1353) Concurrent Mark Cycle
[147.254s][info][gc,cpu         ] GC(1352) User=0.52s Sys=0.00s Real=0.01s
[147.254s][info][gc,marking     ] GC(1353) Concurrent Scan Root Regions
[147.256s][info][gc,marking     ] GC(1353) Concurrent Scan Root Regions 1.954ms
[147.256s][info][gc,marking     ] GC(1353) Concurrent Mark
[147.256s][info][gc,marking     ] GC(1353) Concurrent Mark From Roots
[147.256s][info][gc,task        ] GC(1353) Using 8 workers of 8 for marking
[147.275s][info][gc,marking     ] GC(1353) Concurrent Mark From Roots 18.303ms
[147.275s][info][gc,marking     ] GC(1353) Concurrent Preclean
[147.275s][info][gc,marking     ] GC(1353) Concurrent Preclean 0.353ms
[147.275s][info][gc,start       ] GC(1353) Pause Remark
[147.279s][info][gc             ] GC(1353) Pause Remark 1568M->1568M(2048M) 3.226ms
[147.279s][info][gc,cpu         ] GC(1353) User=0.00s Sys=0.00s Real=0.00s
[147.279s][info][gc,marking     ] GC(1353) Concurrent Mark 22.340ms
[147.279s][info][gc,marking     ] GC(1353) Concurrent Rebuild Remembered Sets and Scrub Regions
[147.286s][info][gc,marking     ] GC(1353) Concurrent Rebuild Remembered Sets and Scrub Regions 7.109ms
[147.286s][info][gc,start       ] GC(1353) Pause Cleanup
[147.287s][info][gc             ] GC(1353) Pause Cleanup 1661M->1661M(2048M) 0.288ms
[147.287s][info][gc,cpu         ] GC(1353) User=0.00s Sys=0.00s Real=0.00s
[147.287s][info][gc,marking     ] GC(1353) Concurrent Clear Claimed Marks
[147.287s][info][gc,marking     ] GC(1353) Concurrent Clear Claimed Marks 0.179ms
[147.287s][info][gc,marking     ] GC(1353) Concurrent Cleanup for Next Mark
[147.289s][info][gc,marking     ] GC(1353) Concurrent Cleanup for Next Mark 2.166ms
[147.289s][info][gc             ] GC(1353) Concurrent Mark Cycle 34.622ms
[147.309s][info][gc,start       ] GC(1354) Pause Young (Prepare Mixed) (G1 Evacuation Pause)
[147.309s][info][gc,task        ] GC(1354) Using 33 workers of 33 for evacuation
[147.312s][info][gc,phases      ] GC(1354)   Pre Evacuate Collection Set: 0.3ms
[147.312s][info][gc,phases      ] GC(1354)   Merge Heap Roots: 0.8ms
[147.312s][info][gc,phases      ] GC(1354)   Evacuate Collection Set: 0.8ms
[147.312s][info][gc,phases      ] GC(1354)   Post Evacuate Collection Set: 0.8ms
[147.312s][info][gc,phases      ] GC(1354)   Other: 0.2ms
[147.312s][info][gc,heap        ] GC(1354) Eden regions: 605->0(606)
[147.312s][info][gc,heap        ] GC(1354) Survivor regions: 3->2(76)
[147.312s][info][gc,heap        ] GC(1354) Old regions: 55->55
[147.312s][info][gc,heap        ] GC(1354) Archive regions: 0->0
[147.312s][info][gc,heap        ] GC(1354) Humongous regions: 1301->1280
[147.312s][info][gc,metaspace   ] GC(1354) Metaspace: 128977K(131008K)->128977K(131008K) NonClass: 109938K(110592K)->109938K(110592K) Class: 19038K(20416K)->19038K(20416K)
[147.312s][info][gc             ] GC(1354) Pause Young (Prepare Mixed) (G1 Evacuation Pause) 1961M->1335M(2048M) 3.195ms
[147.312s][info][gc,cpu         ] GC(1354) User=0.00s Sys=0.00s Real=0.00s
[147.353s][info][gc,start       ] GC(1355) Pause Young (Mixed) (G1 Evacuation Pause)
[147.353s][info][gc,task        ] GC(1355) Using 33 workers of 33 for evacuation
[147.356s][info][gc,phases      ] GC(1355)   Pre Evacuate Collection Set: 0.3ms
[147.356s][info][gc,phases      ] GC(1355)   Merge Heap Roots: 0.3ms
[147.356s][info][gc,phases      ] GC(1355)   Evacuate Collection Set: 1.8ms
[147.356s][info][gc,phases      ] GC(1355)   Post Evacuate Collection Set: 0.7ms
[147.356s][info][gc,phases      ] GC(1355)   Other: 0.1ms
[147.356s][info][gc,heap        ] GC(1355) Eden regions: 606->0(606)
[147.356s][info][gc,heap        ] GC(1355) Survivor regions: 2->2(76)
[147.356s][info][gc,heap        ] GC(1355) Old regions: 55->54
[147.356s][info][gc,heap        ] GC(1355) Archive regions: 0->0
[147.356s][info][gc,heap        ] GC(1355) Humongous regions: 1305->1281
[147.356s][info][gc,metaspace   ] GC(1355) Metaspace: 128977K(131008K)->128977K(131008K) NonClass: 109938K(110592K)->109938K(110592K) Class: 19038K(20416K)->19038K(20416K)
[147.356s][info][gc             ] GC(1355) Pause Young (Mixed) (G1 Evacuation Pause) 1966M->1334M(2048M) 3.425ms
[147.356s][info][gc,cpu         ] GC(1355) User=0.00s Sys=0.00s Real=0.00s
[147.363s][info][gc,start       ] GC(1356) Pause Young (Concurrent Start) (G1 Humongous Allocation)
[147.363s][info][gc,task        ] GC(1356) Using 33 workers of 33 for evacuation
[147.365s][info][gc,phases      ] GC(1356)   Pre Evacuate Collection Set: 0.5ms
[147.365s][info][gc,phases      ] GC(1356)   Merge Heap Roots: 0.1ms
[147.365s][info][gc,phases      ] GC(1356)   Evacuate Collection Set: 1.4ms
[147.365s][info][gc,phases      ] GC(1356)   Post Evacuate Collection Set: 0.6ms
[147.366s][info][gc,phases      ] GC(1356)   Other: 0.1ms
[147.366s][info][gc,heap        ] GC(1356) Eden regions: 102->0(610)
[147.366s][info][gc,heap        ] GC(1356) Survivor regions: 2->2(76)
[147.366s][info][gc,heap        ] GC(1356) Old regions: 54->54
[147.366s][info][gc,heap        ] GC(1356) Archive regions: 0->0
[147.366s][info][gc,heap        ] GC(1356) Humongous regions: 1281->1277
[147.366s][info][gc,metaspace   ] GC(1356) Metaspace: 128977K(131008K)->128977K(131008K) NonClass: 109938K(110592K)->109938K(110592K) Class: 19038K(20416K)->19038K(20416K)
[147.366s][info][gc             ] GC(1356) Pause Young (Concurrent Start) (G1 Humongous Allocation) 1436M->1330M(2048M) 2.746ms
[147.366s][info][gc             ] GC(1357) Concurrent Mark Cycle
[147.366s][info][gc,cpu         ] GC(1356) User=0.00s Sys=0.00s Real=0.00s
[147.366s][info][gc,marking     ] GC(1357) Concurrent Scan Root Regions
[147.368s][info][gc,marking     ] GC(1357) Concurrent Scan Root Regions 1.864ms
[147.368s][info][gc,marking     ] GC(1357) Concurrent Mark
[147.368s][info][gc,marking     ] GC(1357) Concurrent Mark From Roots
[147.368s][info][gc,task        ] GC(1357) Using 8 workers of 8 for marking
[147.385s][info][gc,marking     ] GC(1357) Concurrent Mark From Roots 17.028ms
[147.385s][info][gc,marking     ] GC(1357) Concurrent Preclean
[147.385s][info][gc,marking     ] GC(1357) Concurrent Preclean 0.373ms
[147.385s][info][gc,start       ] GC(1357) Pause Remark
[147.388s][info][gc             ] GC(1357) Pause Remark 1535M->1515M(2048M) 3.139ms
[147.388s][info][gc,cpu         ] GC(1357) User=0.00s Sys=0.00s Real=0.00s
[147.389s][info][gc,marking     ] GC(1357) Concurrent Mark 20.959ms
[147.389s][info][gc,marking     ] GC(1357) Concurrent Rebuild Remembered Sets and Scrub Regions
[147.395s][info][gc,marking     ] GC(1357) Concurrent Rebuild Remembered Sets and Scrub Regions 6.411ms
[147.395s][info][gc,start       ] GC(1357) Pause Cleanup
[147.395s][info][gc             ] GC(1357) Pause Cleanup 1582M->1582M(2048M) 0.295ms
[147.396s][info][gc,cpu         ] GC(1357) User=0.00s Sys=0.00s Real=0.00s
[147.396s][info][gc,marking     ] GC(1357) Concurrent Clear Claimed Marks
[147.396s][info][gc,marking     ] GC(1357) Concurrent Clear Claimed Marks 0.153ms
[147.396s][info][gc,marking     ] GC(1357) Concurrent Cleanup for Next Mark
[147.398s][info][gc,marking     ] GC(1357) Concurrent Cleanup for Next Mark 1.990ms
[147.398s][info][gc             ] GC(1357) Concurrent Mark Cycle 32.177ms
[147.425s][info][gc,start       ] GC(1358) Pause Young (Prepare Mixed) (G1 Evacuation Pause)
[147.425s][info][gc,task        ] GC(1358) Using 33 workers of 33 for evacuation
[147.428s][info][gc,phases      ] GC(1358)   Pre Evacuate Collection Set: 0.3ms
[147.428s][info][gc,phases      ] GC(1358)   Merge Heap Roots: 0.8ms
[147.428s][info][gc,phases      ] GC(1358)   Evacuate Collection Set: 0.9ms
[147.428s][info][gc,phases      ] GC(1358)   Post Evacuate Collection Set: 1.0ms
[147.428s][info][gc,phases      ] GC(1358)   Other: 0.2ms
[147.428s][info][gc,heap        ] GC(1358) Eden regions: 610->0(636)
[147.428s][info][gc,heap        ] GC(1358) Survivor regions: 2->2(77)
[147.428s][info][gc,heap        ] GC(1358) Old regions: 54->54
[147.428s][info][gc,heap        ] GC(1358) Archive regions: 0->0
[147.428s][info][gc,heap        ] GC(1358) Humongous regions: 1276->1251
[147.428s][info][gc,metaspace   ] GC(1358) Metaspace: 128977K(131008K)->128977K(131008K) NonClass: 109938K(110592K)->109938K(110592K) Class: 19038K(20416K)->19038K(20416K)
[147.428s][info][gc             ] GC(1358) Pause Young (Prepare Mixed) (G1 Evacuation Pause) 1939M->1304M(2048M) 3.671ms
[147.428s][info][gc,cpu         ] GC(1358) User=0.00s Sys=0.00s Real=0.00s
[148.058s][info][gc,start       ] GC(1359) Pause Full (System.gc())
[148.059s][info][gc,task        ] GC(1359) Using 33 workers of 33 for full compaction
[148.060s][info][gc,phases,start] GC(1359) Phase 1: Mark live objects
[148.105s][info][gc,phases      ] GC(1359) Phase 1: Mark live objects 44.697ms
[148.105s][info][gc,phases,start] GC(1359) Phase 2: Prepare compaction
[148.108s][info][gc,phases      ] GC(1359) Phase 2: Prepare compaction 3.376ms
[148.108s][info][gc,phases,start] GC(1359) Phase 3: Adjust pointers
[148.124s][info][gc,phases      ] GC(1359) Phase 3: Adjust pointers 15.365ms
[148.124s][info][gc,phases,start] GC(1359) Phase 4: Compact heap
[148.124s][info][gc,phases      ] GC(1359) Phase 4: Compact heap 0.753ms
[148.141s][info][gc,heap        ] GC(1359) Eden regions: 236->0(868)
[148.141s][info][gc,heap        ] GC(1359) Survivor regions: 2->0(77)
[148.141s][info][gc,heap        ] GC(1359) Old regions: 54->69
[148.141s][info][gc,heap        ] GC(1359) Archive regions: 0->0
[148.141s][info][gc,heap        ] GC(1359) Humongous regions: 1264->1008
[148.141s][info][gc,metaspace   ] GC(1359) Metaspace: 128981K(131008K)->128981K(131008K) NonClass: 109942K(110592K)->109942K(110592K) Class: 19038K(20416K)->19038K(20416K)
[148.141s][info][gc             ] GC(1359) Pause Full (System.gc()) 1552M->1054M(2048M) 82.741ms
[148.141s][info][gc,cpu         ] GC(1359) User=2.08s Sys=0.00s Real=0.08s
[148.195s][info][gc,start       ] GC(1360) Pause Young (Concurrent Start) (G1 Humongous Allocation)
[148.196s][info][gc,task        ] GC(1360) Using 33 workers of 33 for evacuation
[148.200s][info][gc,phases      ] GC(1360)   Pre Evacuate Collection Set: 0.6ms
[148.200s][info][gc,phases      ] GC(1360)   Merge Heap Roots: 0.1ms
[148.200s][info][gc,phases      ] GC(1360)   Evacuate Collection Set: 2.2ms
[148.200s][info][gc,phases      ] GC(1360)   Post Evacuate Collection Set: 0.9ms
[148.200s][info][gc,phases      ] GC(1360)   Other: 0.2ms
[148.200s][info][gc,heap        ] GC(1360) Eden regions: 9->0(866)
[148.200s][info][gc,heap        ] GC(1360) Survivor regions: 0->1(109)
[148.200s][info][gc,heap        ] GC(1360) Old regions: 69->69
[148.200s][info][gc,heap        ] GC(1360) Archive regions: 0->0
[148.200s][info][gc,heap        ] GC(1360) Humongous regions: 1008->1008
[148.200s][info][gc,metaspace   ] GC(1360) Metaspace: 129007K(131072K)->129007K(131072K) NonClass: 109968K(110656K)->109968K(110656K) Class: 19038K(20416K)->19038K(20416K)
[148.200s][info][gc             ] GC(1360) Pause Young (Concurrent Start) (G1 Humongous Allocation) 1063M->1055M(2048M) 4.486ms
[148.200s][info][gc             ] GC(1361) Concurrent Mark Cycle
[148.200s][info][gc,cpu         ] GC(1360) User=0.00s Sys=0.00s Real=0.00s
[148.200s][info][gc,marking     ] GC(1361) Concurrent Scan Root Regions
[148.202s][info][gc,marking     ] GC(1361) Concurrent Scan Root Regions 2.332ms
[148.202s][info][gc,marking     ] GC(1361) Concurrent Mark
[148.202s][info][gc,marking     ] GC(1361) Concurrent Mark From Roots
[148.202s][info][gc,task        ] GC(1361) Using 8 workers of 8 for marking
[148.228s][info][gc,marking     ] GC(1361) Concurrent Mark From Roots 25.779ms
[148.228s][info][gc,marking     ] GC(1361) Concurrent Preclean
[148.229s][info][gc,marking     ] GC(1361) Concurrent Preclean 0.715ms
[148.229s][info][gc,start       ] GC(1361) Pause Remark
[148.233s][info][gc             ] GC(1361) Pause Remark 1143M->1143M(2048M) 3.884ms
[148.233s][info][gc,cpu         ] GC(1361) User=0.00s Sys=0.00s Real=0.00s
[148.233s][info][gc,marking     ] GC(1361) Concurrent Mark 31.038ms
[148.234s][info][gc,marking     ] GC(1361) Concurrent Rebuild Remembered Sets and Scrub Regions
[148.245s][info][gc,marking     ] GC(1361) Concurrent Rebuild Remembered Sets and Scrub Regions 11.897ms
[148.246s][info][gc,start       ] GC(1361) Pause Cleanup
[148.247s][info][gc             ] GC(1361) Pause Cleanup 1300M->1300M(2048M) 0.529ms
[148.247s][info][gc,cpu         ] GC(1361) User=0.00s Sys=0.00s Real=0.00s
[148.247s][info][gc,marking     ] GC(1361) Concurrent Clear Claimed Marks
[148.248s][info][gc,marking     ] GC(1361) Concurrent Clear Claimed Marks 0.772ms
[148.248s][info][gc,marking     ] GC(1361) Concurrent Cleanup for Next Mark
[148.254s][info][gc,marking     ] GC(1361) Concurrent Cleanup for Next Mark 6.785ms
[148.255s][info][gc             ] GC(1361) Concurrent Mark Cycle 54.777ms
[148.294s][info][gc,start       ] GC(1362) Pause Young (Prepare Mixed) (G1 Evacuation Pause)
[148.294s][info][gc,task        ] GC(1362) Using 33 workers of 33 for evacuation
[148.298s][info][gc,phases      ] GC(1362)   Pre Evacuate Collection Set: 0.3ms
[148.298s][info][gc,phases      ] GC(1362)   Merge Heap Roots: 0.8ms
[148.298s][info][gc,phases      ] GC(1362)   Evacuate Collection Set: 1.6ms
[148.298s][info][gc,phases      ] GC(1362)   Post Evacuate Collection Set: 0.8ms
[148.298s][info][gc,phases      ] GC(1362)   Other: 0.1ms
[148.298s][info][gc,heap        ] GC(1362) Eden regions: 866->0(843)
[148.298s][info][gc,heap        ] GC(1362) Survivor regions: 1->12(98)
[148.298s][info][gc,heap        ] GC(1362) Old regions: 69->69
[148.298s][info][gc,heap        ] GC(1362) Archive regions: 0->0
[148.298s][info][gc,heap        ] GC(1362) Humongous regions: 1014->1009
[148.298s][info][gc,metaspace   ] GC(1362) Metaspace: 129023K(131136K)->129023K(131136K) NonClass: 109984K(110720K)->109984K(110720K) Class: 19038K(20416K)->19038K(20416K)
[148.298s][info][gc             ] GC(1362) Pause Young (Prepare Mixed) (G1 Evacuation Pause) 1927M->1067M(2048M) 3.985ms
[148.298s][info][gc,cpu         ] GC(1362) User=0.00s Sys=0.00s Real=0.00s
[148.358s][info][gc,start       ] GC(1363) Pause Young (Mixed) (G1 Evacuation Pause)
[148.358s][info][gc,task        ] GC(1363) Using 33 workers of 33 for evacuation
[148.362s][info][gc,phases      ] GC(1363)   Pre Evacuate Collection Set: 0.3ms
[148.362s][info][gc,phases      ] GC(1363)   Merge Heap Roots: 0.3ms
[148.362s][info][gc,phases      ] GC(1363)   Evacuate Collection Set: 2.0ms
[148.362s][info][gc,phases      ] GC(1363)   Post Evacuate Collection Set: 0.8ms
[148.362s][info][gc,phases      ] GC(1363)   Other: 0.2ms
[148.362s][info][gc,heap        ] GC(1363) Eden regions: 843->0(835)
[148.362s][info][gc,heap        ] GC(1363) Survivor regions: 12->11(100)
[148.362s][info][gc,heap        ] GC(1363) Old regions: 69->66
[148.362s][info][gc,heap        ] GC(1363) Archive regions: 0->0
[148.362s][info][gc,heap        ] GC(1363) Humongous regions: 1024->1022
[148.362s][info][gc,metaspace   ] GC(1363) Metaspace: 129023K(131136K)->129023K(131136K) NonClass: 109984K(110720K)->109984K(110720K) Class: 19038K(20416K)->19038K(20416K)
[148.362s][info][gc             ] GC(1363) Pause Young (Mixed) (G1 Evacuation Pause) 1925M->1078M(2048M) 3.828ms
[148.362s][info][gc,cpu         ] GC(1363) User=0.00s Sys=0.00s Real=0.00s
[148.376s][info][gc,start       ] GC(1364) Pause Young (Concurrent Start) (G1 Humongous Allocation)
[148.376s][info][gc,task        ] GC(1364) Using 33 workers of 33 for evacuation
[148.379s][info][gc,phases      ] GC(1364)   Pre Evacuate Collection Set: 0.5ms
[148.379s][info][gc,phases      ] GC(1364)   Merge Heap Roots: 0.2ms
[148.379s][info][gc,phases      ] GC(1364)   Evacuate Collection Set: 1.9ms
[148.380s][info][gc,phases      ] GC(1364)   Post Evacuate Collection Set: 0.6ms
[148.380s][info][gc,phases      ] GC(1364)   Other: 0.1ms
[148.380s][info][gc,heap        ] GC(1364) Eden regions: 201->0(837)
[148.380s][info][gc,heap        ] GC(1364) Survivor regions: 11->10(106)
[148.380s][info][gc,heap        ] GC(1364) Old regions: 66->66
[148.380s][info][gc,heap        ] GC(1364) Archive regions: 0->0
[148.380s][info][gc,heap        ] GC(1364) Humongous regions: 1022->1022
[148.380s][info][gc,metaspace   ] GC(1364) Metaspace: 129023K(131136K)->129023K(131136K) NonClass: 109984K(110720K)->109984K(110720K) Class: 19038K(20416K)->19038K(20416K)
[148.380s][info][gc             ] GC(1364) Pause Young (Concurrent Start) (G1 Humongous Allocation) 1279M->1078M(2048M) 3.453ms
[148.380s][info][gc             ] GC(1365) Concurrent Mark Cycle
[148.380s][info][gc,marking     ] GC(1365) Concurrent Scan Root Regions
[148.380s][info][gc,cpu         ] GC(1364) User=0.05s Sys=0.00s Real=0.02s
[148.397s][info][gc,marking     ] GC(1365) Concurrent Scan Root Regions 17.211ms
[148.397s][info][gc,marking     ] GC(1365) Concurrent Mark
[148.397s][info][gc,marking     ] GC(1365) Concurrent Mark From Roots
[148.399s][info][gc,task        ] GC(1365) Using 8 workers of 8 for marking
[148.442s][info][gc,start       ] GC(1366) Pause Young (Normal) (G1 Evacuation Pause)
[148.442s][info][gc,task        ] GC(1366) Using 33 workers of 33 for evacuation
[148.445s][info][gc,phases      ] GC(1366)   Pre Evacuate Collection Set: 0.3ms
[148.445s][info][gc,phases      ] GC(1366)   Merge Heap Roots: 0.3ms
[148.445s][info][gc,phases      ] GC(1366)   Evacuate Collection Set: 1.3ms
[148.445s][info][gc,phases      ] GC(1366)   Post Evacuate Collection Set: 0.8ms
[148.445s][info][gc,phases      ] GC(1366)   Other: 0.1ms
[148.445s][info][gc,heap        ] GC(1366) Eden regions: 837->0(824)
[148.445s][info][gc,heap        ] GC(1366) Survivor regions: 10->10(87)
[148.445s][info][gc,heap        ] GC(1366) Old regions: 66->66
[148.445s][info][gc,heap        ] GC(1366) Archive regions: 0->0
[148.445s][info][gc,heap        ] GC(1366) Humongous regions: 1048->1035
[148.445s][info][gc,metaspace   ] GC(1366) Metaspace: 129023K(131136K)->129023K(131136K) NonClass: 109984K(110720K)->109984K(110720K) Class: 19038K(20416K)->19038K(20416K)
[148.445s][info][gc             ] GC(1366) Pause Young (Normal) (G1 Evacuation Pause) 1941M->1091M(2048M) 3.104ms
[148.445s][info][gc,cpu         ] GC(1366) User=0.53s Sys=0.00s Real=0.02s
[148.450s][info][gc,marking     ] GC(1365) Concurrent Mark From Roots 53.081ms
[148.451s][info][gc,marking     ] GC(1365) Concurrent Preclean
[148.453s][info][gc,marking     ] GC(1365) Concurrent Preclean 2.644ms
[148.454s][info][gc,start       ] GC(1365) Pause Remark
[148.457s][info][gc             ] GC(1365) Pause Remark 1223M->1223M(2048M) 3.254ms
[148.458s][info][gc,cpu         ] GC(1365) User=0.00s Sys=0.00s Real=0.00s
[148.458s][info][gc,marking     ] GC(1365) Concurrent Mark 60.386ms
[148.458s][info][gc,marking     ] GC(1365) Concurrent Rebuild Remembered Sets and Scrub Regions
[148.481s][info][gc,marking     ] GC(1365) Concurrent Rebuild Remembered Sets and Scrub Regions 23.137ms
[148.482s][info][gc,start       ] GC(1365) Pause Cleanup
[148.482s][info][gc             ] GC(1365) Pause Cleanup 1567M->1567M(2048M) 0.357ms
[148.482s][info][gc,cpu         ] GC(1365) User=0.00s Sys=0.00s Real=0.00s
[148.483s][info][gc,marking     ] GC(1365) Concurrent Clear Claimed Marks
[148.484s][info][gc,marking     ] GC(1365) Concurrent Clear Claimed Marks 0.950ms
[148.484s][info][gc,marking     ] GC(1365) Concurrent Cleanup for Next Mark
[148.493s][info][gc,marking     ] GC(1365) Concurrent Cleanup for Next Mark 9.313ms
[148.494s][info][gc             ] GC(1365) Concurrent Mark Cycle 114.162ms
[148.510s][info][gc,start       ] GC(1367) Pause Young (Prepare Mixed) (G1 Evacuation Pause)
[148.510s][info][gc,task        ] GC(1367) Using 33 workers of 33 for evacuation
[148.513s][info][gc,phases      ] GC(1367)   Pre Evacuate Collection Set: 0.3ms
[148.513s][info][gc,phases      ] GC(1367)   Merge Heap Roots: 0.8ms
[148.513s][info][gc,phases      ] GC(1367)   Evacuate Collection Set: 1.2ms
[148.513s][info][gc,phases      ] GC(1367)   Post Evacuate Collection Set: 0.8ms
[148.513s][info][gc,phases      ] GC(1367)   Other: 0.1ms
[148.513s][info][gc,heap        ] GC(1367) Eden regions: 824->0(817)
[148.513s][info][gc,heap        ] GC(1367) Survivor regions: 10->10(99)
[148.513s][info][gc,heap        ] GC(1367) Old regions: 66->66
[148.513s][info][gc,heap        ] GC(1367) Archive regions: 0->0
[148.513s][info][gc,heap        ] GC(1367) Humongous regions: 1049->1042
[148.513s][info][gc,metaspace   ] GC(1367) Metaspace: 129023K(131136K)->129023K(131136K) NonClass: 109984K(110720K)->109984K(110720K) Class: 19038K(20416K)->19038K(20416K)
[148.513s][info][gc             ] GC(1367) Pause Young (Prepare Mixed) (G1 Evacuation Pause) 1929M->1098M(2048M) 3.498ms
[148.513s][info][gc,cpu         ] GC(1367) User=0.00s Sys=0.00s Real=0.00s
[148.571s][info][gc,start       ] GC(1368) Pause Young (Mixed) (G1 Evacuation Pause)
[148.571s][info][gc,task        ] GC(1368) Using 33 workers of 33 for evacuation
[148.574s][info][gc,phases      ] GC(1368)   Pre Evacuate Collection Set: 0.3ms
[148.575s][info][gc,phases      ] GC(1368)   Merge Heap Roots: 0.3ms
[148.575s][info][gc,phases      ] GC(1368)   Evacuate Collection Set: 1.5ms
[148.575s][info][gc,phases      ] GC(1368)   Post Evacuate Collection Set: 0.8ms
[148.575s][info][gc,phases      ] GC(1368)   Other: 0.1ms
[148.575s][info][gc,heap        ] GC(1368) Eden regions: 817->0(812)
[148.575s][info][gc,heap        ] GC(1368) Survivor regions: 10->10(97)
[148.575s][info][gc,heap        ] GC(1368) Old regions: 66->63
[148.575s][info][gc,heap        ] GC(1368) Archive regions: 0->0
[148.575s][info][gc,heap        ] GC(1368) Humongous regions: 1058->1050
[148.575s][info][gc,metaspace   ] GC(1368) Metaspace: 129023K(131136K)->129023K(131136K) NonClass: 109984K(110720K)->109984K(110720K) Class: 19038K(20416K)->19038K(20416K)
[148.575s][info][gc             ] GC(1368) Pause Young (Mixed) (G1 Evacuation Pause) 1931M->1106M(2048M) 3.252ms
[148.575s][info][gc,cpu         ] GC(1368) User=0.00s Sys=0.00s Real=0.00s
[148.576s][info][gc,start       ] GC(1369) Pause Young (Concurrent Start) (G1 Humongous Allocation)
[148.576s][info][gc,task        ] GC(1369) Using 33 workers of 33 for evacuation
[148.578s][info][gc,phases      ] GC(1369)   Pre Evacuate Collection Set: 0.4ms
[148.578s][info][gc,phases      ] GC(1369)   Merge Heap Roots: 0.1ms
[148.578s][info][gc,phases      ] GC(1369)   Evacuate Collection Set: 1.7ms
[148.578s][info][gc,phases      ] GC(1369)   Post Evacuate Collection Set: 0.5ms
[148.578s][info][gc,phases      ] GC(1369)   Other: 0.1ms
[148.579s][info][gc,heap        ] GC(1369) Eden regions: 17->0(812)
[148.579s][info][gc,heap        ] GC(1369) Survivor regions: 10->10(103)
[148.579s][info][gc,heap        ] GC(1369) Old regions: 63->63
[148.579s][info][gc,heap        ] GC(1369) Archive regions: 0->0
[148.579s][info][gc,heap        ] GC(1369) Humongous regions: 1050->1050
[148.579s][info][gc,metaspace   ] GC(1369) Metaspace: 129023K(131136K)->129023K(131136K) NonClass: 109984K(110720K)->109984K(110720K) Class: 19038K(20416K)->19038K(20416K)
[148.579s][info][gc             ] GC(1369) Pause Young (Concurrent Start) (G1 Humongous Allocation) 1123M->1106M(2048M) 3.000ms
[148.579s][info][gc             ] GC(1370) Concurrent Mark Cycle
[148.579s][info][gc,cpu         ] GC(1369) User=0.00s Sys=0.00s Real=0.00s
[148.579s][info][gc,marking     ] GC(1370) Concurrent Scan Root Regions
[148.598s][info][gc,marking     ] GC(1370) Concurrent Scan Root Regions 19.183ms
[148.598s][info][gc,marking     ] GC(1370) Concurrent Mark
[148.598s][info][gc,marking     ] GC(1370) Concurrent Mark From Roots
[148.598s][info][gc,task        ] GC(1370) Using 8 workers of 8 for marking
[148.639s][info][gc,start       ] GC(1371) Pause Young (Normal) (G1 Evacuation Pause)
[148.639s][info][gc,task        ] GC(1371) Using 33 workers of 33 for evacuation
[148.642s][info][gc,phases      ] GC(1371)   Pre Evacuate Collection Set: 0.3ms
[148.642s][info][gc,phases      ] GC(1371)   Merge Heap Roots: 0.3ms
[148.642s][info][gc,phases      ] GC(1371)   Evacuate Collection Set: 1.3ms
[148.642s][info][gc,phases      ] GC(1371)   Post Evacuate Collection Set: 0.8ms
[148.642s][info][gc,phases      ] GC(1371)   Other: 0.1ms
[148.642s][info][gc,heap        ] GC(1371) Eden regions: 812->0(796)
[148.642s][info][gc,heap        ] GC(1371) Survivor regions: 10->10(87)
[148.642s][info][gc,heap        ] GC(1371) Old regions: 63->63
[148.642s][info][gc,heap        ] GC(1371) Archive regions: 0->0
[148.642s][info][gc,heap        ] GC(1371) Humongous regions: 1076->1066
[148.642s][info][gc,metaspace   ] GC(1371) Metaspace: 129023K(131136K)->129023K(131136K) NonClass: 109984K(110720K)->109984K(110720K) Class: 19038K(20416K)->19038K(20416K)
[148.642s][info][gc             ] GC(1371) Pause Young (Normal) (G1 Evacuation Pause) 1944M->1122M(2048M) 2.960ms
[148.642s][info][gc,cpu         ] GC(1371) User=0.00s Sys=0.00s Real=0.00s
[148.661s][info][gc,marking     ] GC(1370) Concurrent Mark From Roots 62.280ms
[148.661s][info][gc,marking     ] GC(1370) Concurrent Preclean
[148.664s][info][gc,marking     ] GC(1370) Concurrent Preclean 2.965ms
[148.665s][info][gc,start       ] GC(1370) Pause Remark
[148.668s][info][gc             ] GC(1370) Pause Remark 1452M->1452M(2048M) 3.394ms
[148.668s][info][gc,cpu         ] GC(1370) User=0.00s Sys=0.00s Real=0.00s
[148.669s][info][gc,marking     ] GC(1370) Concurrent Mark 70.165ms
[148.669s][info][gc,marking     ] GC(1370) Concurrent Rebuild Remembered Sets and Scrub Regions
[148.692s][info][gc,marking     ] GC(1370) Concurrent Rebuild Remembered Sets and Scrub Regions 22.946ms
[148.693s][info][gc,start       ] GC(1370) Pause Cleanup
[148.693s][info][gc             ] GC(1370) Pause Cleanup 1794M->1794M(2048M) 0.316ms
[148.693s][info][gc,cpu         ] GC(1370) User=0.00s Sys=0.00s Real=0.00s
[148.693s][info][gc,marking     ] GC(1370) Concurrent Clear Claimed Marks
[148.694s][info][gc,marking     ] GC(1370) Concurrent Clear Claimed Marks 1.097ms
[148.694s][info][gc,marking     ] GC(1370) Concurrent Cleanup for Next Mark
[148.703s][info][gc,marking     ] GC(1370) Concurrent Cleanup for Next Mark 8.020ms
[148.703s][info][gc             ] GC(1370) Concurrent Mark Cycle 124.439ms
[148.705s][info][gc,start       ] GC(1372) Pause Young (Prepare Mixed) (G1 Evacuation Pause)
[148.705s][info][gc,task        ] GC(1372) Using 33 workers of 33 for evacuation
[148.708s][info][gc,phases      ] GC(1372)   Pre Evacuate Collection Set: 0.3ms
[148.708s][info][gc,phases      ] GC(1372)   Merge Heap Roots: 0.8ms
[148.708s][info][gc,phases      ] GC(1372)   Evacuate Collection Set: 1.2ms
[148.708s][info][gc,phases      ] GC(1372)   Post Evacuate Collection Set: 0.8ms
[148.708s][info][gc,phases      ] GC(1372)   Other: 0.1ms
[148.708s][info][gc,heap        ] GC(1372) Eden regions: 796->0(793)
[148.708s][info][gc,heap        ] GC(1372) Survivor regions: 10->10(101)
[148.708s][info][gc,heap        ] GC(1372) Old regions: 63->63
[148.708s][info][gc,heap        ] GC(1372) Archive regions: 0->0
[148.708s][info][gc,heap        ] GC(1372) Humongous regions: 1073->1069
[148.708s][info][gc,metaspace   ] GC(1372) Metaspace: 129023K(131136K)->129023K(131136K) NonClass: 109984K(110720K)->109984K(110720K) Class: 19038K(20416K)->19038K(20416K)
[148.708s][info][gc             ] GC(1372) Pause Young (Prepare Mixed) (G1 Evacuation Pause) 1925M->1125M(2048M) 3.388ms
[148.708s][info][gc,cpu         ] GC(1372) User=0.00s Sys=0.00s Real=0.00s
[148.782s][info][gc,start       ] GC(1373) Pause Young (Mixed) (G1 Evacuation Pause)
[148.782s][info][gc,task        ] GC(1373) Using 33 workers of 33 for evacuation
[148.785s][info][gc,phases      ] GC(1373)   Pre Evacuate Collection Set: 0.3ms
[148.785s][info][gc,phases      ] GC(1373)   Merge Heap Roots: 0.3ms
[148.785s][info][gc,phases      ] GC(1373)   Evacuate Collection Set: 1.8ms
[148.785s][info][gc,phases      ] GC(1373)   Post Evacuate Collection Set: 0.9ms
[148.785s][info][gc,phases      ] GC(1373)   Other: 0.2ms
[148.785s][info][gc,heap        ] GC(1373) Eden regions: 793->0(769)
[148.785s][info][gc,heap        ] GC(1373) Survivor regions: 10->10(59)
[148.785s][info][gc,heap        ] GC(1373) Old regions: 63->60
[148.785s][info][gc,heap        ] GC(1373) Archive regions: 0->0
[148.785s][info][gc,heap        ] GC(1373) Humongous regions: 1123->1096
[148.785s][info][gc,metaspace   ] GC(1373) Metaspace: 129023K(131136K)->129023K(131136K) NonClass: 109984K(110720K)->109984K(110720K) Class: 19038K(20416K)->19038K(20416K)
[148.785s][info][gc             ] GC(1373) Pause Young (Mixed) (G1 Evacuation Pause) 1972M->1152M(2048M) 3.790ms
[148.785s][info][gc,cpu         ] GC(1373) User=0.00s Sys=0.00s Real=0.00s
[148.797s][info][gc,start       ] GC(1374) Pause Young (Concurrent Start) (G1 Humongous Allocation)
[148.797s][info][gc,task        ] GC(1374) Using 33 workers of 33 for evacuation
[148.801s][info][gc,phases      ] GC(1374)   Pre Evacuate Collection Set: 0.6ms
[148.801s][info][gc,phases      ] GC(1374)   Merge Heap Roots: 0.1ms
[148.801s][info][gc,phases      ] GC(1374)   Evacuate Collection Set: 2.0ms
[148.801s][info][gc,phases      ] GC(1374)   Post Evacuate Collection Set: 0.9ms
[148.801s][info][gc,phases      ] GC(1374)   Other: 0.1ms
[148.801s][info][gc,heap        ] GC(1374) Eden regions: 29->0(777)
[148.801s][info][gc,heap        ] GC(1374) Survivor regions: 10->10(98)
[148.801s][info][gc,heap        ] GC(1374) Old regions: 60->60
[148.801s][info][gc,heap        ] GC(1374) Archive regions: 0->0
[148.801s][info][gc,heap        ] GC(1374) Humongous regions: 1096->1088
[148.801s][info][gc,metaspace   ] GC(1374) Metaspace: 129023K(131136K)->129023K(131136K) NonClass: 109984K(110720K)->109984K(110720K) Class: 19038K(20416K)->19038K(20416K)
[148.801s][info][gc             ] GC(1374) Pause Young (Concurrent Start) (G1 Humongous Allocation) 1181M->1144M(2048M) 4.124ms
[148.801s][info][gc             ] GC(1375) Concurrent Mark Cycle
[148.801s][info][gc,cpu         ] GC(1374) User=0.00s Sys=0.00s Real=0.00s
[148.801s][info][gc,marking     ] GC(1375) Concurrent Scan Root Regions
[148.814s][info][gc,marking     ] GC(1375) Concurrent Scan Root Regions 12.254ms
[148.814s][info][gc,marking     ] GC(1375) Concurrent Mark
[148.814s][info][gc,marking     ] GC(1375) Concurrent Mark From Roots
[148.814s][info][gc,task        ] GC(1375) Using 8 workers of 8 for marking
[148.866s][info][gc,start       ] GC(1376) Pause Young (Normal) (G1 Evacuation Pause)
[148.867s][info][gc,task        ] GC(1376) Using 33 workers of 33 for evacuation
[148.869s][info][gc,phases      ] GC(1376)   Pre Evacuate Collection Set: 0.3ms
[148.869s][info][gc,phases      ] GC(1376)   Merge Heap Roots: 0.3ms
[148.869s][info][gc,phases      ] GC(1376)   Evacuate Collection Set: 1.2ms
[148.869s][info][gc,phases      ] GC(1376)   Post Evacuate Collection Set: 0.7ms
[148.869s][info][gc,phases      ] GC(1376)   Other: 0.1ms
[148.869s][info][gc,heap        ] GC(1376) Eden regions: 777->0(778)
[148.869s][info][gc,heap        ] GC(1376) Survivor regions: 10->10(87)
[148.869s][info][gc,heap        ] GC(1376) Old regions: 60->60
[148.869s][info][gc,heap        ] GC(1376) Archive regions: 0->0
[148.869s][info][gc,heap        ] GC(1376) Humongous regions: 1114->1087
[148.869s][info][gc,metaspace   ] GC(1376) Metaspace: 129023K(131136K)->129023K(131136K) NonClass: 109984K(110720K)->109984K(110720K) Class: 19038K(20416K)->19038K(20416K)
[148.869s][info][gc             ] GC(1376) Pause Young (Normal) (G1 Evacuation Pause) 1947M->1143M(2048M) 2.869ms
[148.869s][info][gc,cpu         ] GC(1376) User=0.00s Sys=0.00s Real=0.00s
[148.881s][info][gc,marking     ] GC(1375) Concurrent Mark From Roots 66.558ms
[148.881s][info][gc,marking     ] GC(1375) Concurrent Preclean
[148.884s][info][gc,marking     ] GC(1375) Concurrent Preclean 2.844ms
[148.885s][info][gc,start       ] GC(1375) Pause Remark
[148.889s][info][gc             ] GC(1375) Pause Remark 1369M->1369M(2048M) 3.300ms
[148.889s][info][gc,cpu         ] GC(1375) User=0.00s Sys=0.00s Real=0.00s
[148.889s][info][gc,marking     ] GC(1375) Concurrent Mark 74.906ms
[148.889s][info][gc,marking     ] GC(1375) Concurrent Rebuild Remembered Sets and Scrub Regions
[148.910s][info][gc,marking     ] GC(1375) Concurrent Rebuild Remembered Sets and Scrub Regions 20.868ms
[148.911s][info][gc,start       ] GC(1375) Pause Cleanup
[148.912s][info][gc             ] GC(1375) Pause Cleanup 1688M->1688M(2048M) 0.345ms
[148.912s][info][gc,cpu         ] GC(1375) User=0.00s Sys=0.00s Real=0.00s
[148.912s][info][gc,marking     ] GC(1375) Concurrent Clear Claimed Marks
[148.913s][info][gc,marking     ] GC(1375) Concurrent Clear Claimed Marks 1.070ms
[148.913s][info][gc,marking     ] GC(1375) Concurrent Cleanup for Next Mark
[148.920s][info][gc,marking     ] GC(1375) Concurrent Cleanup for Next Mark 6.985ms
[148.921s][info][gc             ] GC(1375) Concurrent Mark Cycle 119.414ms
[148.934s][info][gc,start       ] GC(1377) Pause Young (Prepare Mixed) (G1 Evacuation Pause)
[148.934s][info][gc,task        ] GC(1377) Using 33 workers of 33 for evacuation
[148.938s][info][gc,phases      ] GC(1377)   Pre Evacuate Collection Set: 0.3ms
[148.938s][info][gc,phases      ] GC(1377)   Merge Heap Roots: 0.8ms
[148.938s][info][gc,phases      ] GC(1377)   Evacuate Collection Set: 1.3ms
[148.938s][info][gc,phases      ] GC(1377)   Post Evacuate Collection Set: 0.8ms
[148.938s][info][gc,phases      ] GC(1377)   Other: 0.1ms
[148.938s][info][gc,heap        ] GC(1377) Eden regions: 778->0(776)
[148.938s][info][gc,heap        ] GC(1377) Survivor regions: 10->10(74)
[148.938s][info][gc,heap        ] GC(1377) Old regions: 60->60
[148.938s][info][gc,heap        ] GC(1377) Archive regions: 0->0
[148.938s][info][gc,heap        ] GC(1377) Humongous regions: 1126->1089
[148.938s][info][gc,metaspace   ] GC(1377) Metaspace: 129023K(131136K)->129023K(131136K) NonClass: 109984K(110720K)->109984K(110720K) Class: 19038K(20416K)->19038K(20416K)
[148.938s][info][gc             ] GC(1377) Pause Young (Prepare Mixed) (G1 Evacuation Pause) 1960M->1145M(2048M) 3.549ms
[148.938s][info][gc,cpu         ] GC(1377) User=0.00s Sys=0.00s Real=0.00s
[148.997s][info][gc,start       ] GC(1378) Pause Young (Mixed) (G1 Evacuation Pause)
[148.997s][info][gc,task        ] GC(1378) Using 33 workers of 33 for evacuation
[149.001s][info][gc,phases      ] GC(1378)   Pre Evacuate Collection Set: 0.3ms
[149.001s][info][gc,phases      ] GC(1378)   Merge Heap Roots: 0.3ms
[149.001s][info][gc,phases      ] GC(1378)   Evacuate Collection Set: 1.8ms
[149.001s][info][gc,phases      ] GC(1378)   Post Evacuate Collection Set: 0.8ms
[149.001s][info][gc,phases      ] GC(1378)   Other: 0.1ms
[149.001s][info][gc,heap        ] GC(1378) Eden regions: 776->0(795)
[149.001s][info][gc,heap        ] GC(1378) Survivor regions: 10->12(73)
[149.001s][info][gc,heap        ] GC(1378) Old regions: 60->57
[149.001s][info][gc,heap        ] GC(1378) Archive regions: 0->0
[149.001s][info][gc,heap        ] GC(1378) Humongous regions: 1129->1069
[149.001s][info][gc,metaspace   ] GC(1378) Metaspace: 129023K(131136K)->129023K(131136K) NonClass: 109984K(110720K)->109984K(110720K) Class: 19038K(20416K)->19038K(20416K)
[149.001s][info][gc             ] GC(1378) Pause Young (Mixed) (G1 Evacuation Pause) 1961M->1127M(2048M) 3.462ms
[149.001s][info][gc,cpu         ] GC(1378) User=0.00s Sys=0.00s Real=0.00s
[149.002s][info][gc,start       ] GC(1379) Pause Young (Concurrent Start) (G1 Humongous Allocation)
[149.002s][info][gc,task        ] GC(1379) Using 33 workers of 33 for evacuation
[149.005s][info][gc,phases      ] GC(1379)   Pre Evacuate Collection Set: 0.4ms
[149.005s][info][gc,phases      ] GC(1379)   Merge Heap Roots: 0.1ms
[149.005s][info][gc,phases      ] GC(1379)   Evacuate Collection Set: 1.8ms
[149.005s][info][gc,phases      ] GC(1379)   Post Evacuate Collection Set: 0.5ms
[149.005s][info][gc,phases      ] GC(1379)   Other: 0.1ms
[149.005s][info][gc,heap        ] GC(1379) Eden regions: 16->0(799)
[149.005s][info][gc,heap        ] GC(1379) Survivor regions: 12->12(101)
[149.005s][info][gc,heap        ] GC(1379) Old regions: 57->57
[149.005s][info][gc,heap        ] GC(1379) Archive regions: 0->0
[149.005s][info][gc,heap        ] GC(1379) Humongous regions: 1069->1065
[149.005s][info][gc,metaspace   ] GC(1379) Metaspace: 129023K(131136K)->129023K(131136K) NonClass: 109984K(110720K)->109984K(110720K) Class: 19038K(20416K)->19038K(20416K)
[149.005s][info][gc             ] GC(1379) Pause Young (Concurrent Start) (G1 Humongous Allocation) 1143M->1123M(2048M) 3.071ms
[149.005s][info][gc             ] GC(1380) Concurrent Mark Cycle
[149.005s][info][gc,cpu         ] GC(1379) User=0.00s Sys=0.00s Real=0.00s
[149.005s][info][gc,marking     ] GC(1380) Concurrent Scan Root Regions
[149.024s][info][gc,marking     ] GC(1380) Concurrent Scan Root Regions 18.838ms
[149.024s][info][gc,marking     ] GC(1380) Concurrent Mark
[149.024s][info][gc,marking     ] GC(1380) Concurrent Mark From Roots
[149.024s][info][gc,task        ] GC(1380) Using 8 workers of 8 for marking
[149.063s][info][gc,start       ] GC(1381) Pause Young (Normal) (G1 Evacuation Pause)
[149.063s][info][gc,task        ] GC(1381) Using 33 workers of 33 for evacuation
[149.066s][info][gc,phases      ] GC(1381)   Pre Evacuate Collection Set: 0.3ms
[149.066s][info][gc,phases      ] GC(1381)   Merge Heap Roots: 0.3ms
[149.066s][info][gc,phases      ] GC(1381)   Evacuate Collection Set: 1.3ms
[149.066s][info][gc,phases      ] GC(1381)   Post Evacuate Collection Set: 0.7ms
[149.066s][info][gc,phases      ] GC(1381)   Other: 0.1ms
[149.066s][info][gc,heap        ] GC(1381) Eden regions: 799->0(803)
[149.066s][info][gc,heap        ] GC(1381) Survivor regions: 12->2(90)
[149.066s][info][gc,heap        ] GC(1381) Old regions: 57->65
[149.066s][info][gc,heap        ] GC(1381) Archive regions: 0->0
[149.066s][info][gc,heap        ] GC(1381) Humongous regions: 1090->1073
[149.066s][info][gc,metaspace   ] GC(1381) Metaspace: 129023K(131136K)->129023K(131136K) NonClass: 109984K(110720K)->109984K(110720K) Class: 19038K(20416K)->19038K(20416K)
[149.066s][info][gc             ] GC(1381) Pause Young (Normal) (G1 Evacuation Pause) 1947M->1129M(2048M) 2.962ms
[149.066s][info][gc,cpu         ] GC(1381) User=0.00s Sys=0.00s Real=0.00s
[149.094s][info][gc,marking     ] GC(1380) Concurrent Mark From Roots 69.953ms
[149.095s][info][gc,marking     ] GC(1380) Concurrent Preclean
[149.098s][info][gc,marking     ] GC(1380) Concurrent Preclean 3.157ms
[149.099s][info][gc,start       ] GC(1380) Pause Remark
[149.102s][info][gc             ] GC(1380) Pause Remark 1590M->1590M(2048M) 3.287ms
[149.102s][info][gc,cpu         ] GC(1380) User=0.52s Sys=0.00s Real=0.01s
[149.102s][info][gc,marking     ] GC(1380) Concurrent Mark 78.084ms
[149.102s][info][gc,marking     ] GC(1380) Concurrent Rebuild Remembered Sets and Scrub Regions
[149.126s][info][gc,marking     ] GC(1380) Concurrent Rebuild Remembered Sets and Scrub Regions 23.727ms
[149.127s][info][gc,start       ] GC(1380) Pause Cleanup
[149.127s][info][gc             ] GC(1380) Pause Cleanup 1940M->1940M(2048M) 0.335ms
[149.127s][info][gc,cpu         ] GC(1380) User=0.00s Sys=0.00s Real=0.00s
[149.127s][info][gc,marking     ] GC(1380) Concurrent Clear Claimed Marks
[149.128s][info][gc,marking     ] GC(1380) Concurrent Clear Claimed Marks 0.577ms
[149.128s][info][gc,start       ] GC(1382) Pause Young (Prepare Mixed) (G1 Evacuation Pause)
[149.128s][info][gc,marking     ] GC(1380) Concurrent Cleanup for Next Mark
[149.128s][info][gc,task        ] GC(1382) Using 33 workers of 33 for evacuation
[149.131s][info][gc,phases      ] GC(1382)   Pre Evacuate Collection Set: 0.3ms
[149.131s][info][gc,phases      ] GC(1382)   Merge Heap Roots: 0.8ms
[149.131s][info][gc,phases      ] GC(1382)   Evacuate Collection Set: 0.7ms
[149.131s][info][gc,phases      ] GC(1382)   Post Evacuate Collection Set: 0.7ms
[149.131s][info][gc,phases      ] GC(1382)   Other: 0.1ms
[149.131s][info][gc,heap        ] GC(1382) Eden regions: 803->0(796)
[149.131s][info][gc,heap        ] GC(1382) Survivor regions: 2->2(91)
[149.131s][info][gc,heap        ] GC(1382) Old regions: 65->65
[149.131s][info][gc,heap        ] GC(1382) Archive regions: 0->0
[149.131s][info][gc,heap        ] GC(1382) Humongous regions: 1087->1080
[149.131s][info][gc,metaspace   ] GC(1382) Metaspace: 129023K(131136K)->129023K(131136K) NonClass: 109984K(110720K)->109984K(110720K) Class: 19038K(20416K)->19038K(20416K)
[149.131s][info][gc             ] GC(1382) Pause Young (Prepare Mixed) (G1 Evacuation Pause) 1946M->1136M(2048M) 2.734ms
[149.131s][info][gc,cpu         ] GC(1382) User=0.00s Sys=0.00s Real=0.00s
[149.139s][info][gc,marking     ] GC(1380) Concurrent Cleanup for Next Mark 10.600ms
[149.139s][info][gc             ] GC(1380) Concurrent Mark Cycle 134.165ms
[149.190s][info][gc,start       ] GC(1383) Pause Young (Mixed) (G1 Evacuation Pause)
[149.190s][info][gc,task        ] GC(1383) Using 33 workers of 33 for evacuation
[149.193s][info][gc,phases      ] GC(1383)   Pre Evacuate Collection Set: 0.3ms
[149.193s][info][gc,phases      ] GC(1383)   Merge Heap Roots: 0.3ms
[149.193s][info][gc,phases      ] GC(1383)   Evacuate Collection Set: 1.1ms
[149.193s][info][gc,phases      ] GC(1383)   Post Evacuate Collection Set: 0.7ms
[149.193s][info][gc,phases      ] GC(1383)   Other: 0.1ms
[149.193s][info][gc,heap        ] GC(1383) Eden regions: 796->0(777)
[149.193s][info][gc,heap        ] GC(1383) Survivor regions: 2->2(74)
[149.193s][info][gc,heap        ] GC(1383) Old regions: 65->63
[149.193s][info][gc,heap        ] GC(1383) Archive regions: 0->0
[149.193s][info][gc,heap        ] GC(1383) Humongous regions: 1111->1101
[149.193s][info][gc,metaspace   ] GC(1383) Metaspace: 129023K(131136K)->129023K(131136K) NonClass: 109984K(110720K)->109984K(110720K) Class: 19038K(20416K)->19038K(20416K)
[149.193s][info][gc             ] GC(1383) Pause Young (Mixed) (G1 Evacuation Pause) 1963M->1157M(2048M) 2.768ms
[149.193s][info][gc,cpu         ] GC(1383) User=0.00s Sys=0.00s Real=0.00s
[149.247s][info][gc,start       ] GC(1384) Pause Young (Concurrent Start) (G1 Evacuation Pause)
[149.247s][info][gc,task        ] GC(1384) Using 33 workers of 33 for evacuation
[149.251s][info][gc,phases      ] GC(1384)   Pre Evacuate Collection Set: 0.5ms
[149.251s][info][gc,phases      ] GC(1384)   Merge Heap Roots: 0.3ms
[149.251s][info][gc,phases      ] GC(1384)   Evacuate Collection Set: 1.7ms
[149.251s][info][gc,phases      ] GC(1384)   Post Evacuate Collection Set: 0.8ms
[149.251s][info][gc,phases      ] GC(1384)   Other: 0.1ms
[149.251s][info][gc,heap        ] GC(1384) Eden regions: 777->0(783)
[149.251s][info][gc,heap        ] GC(1384) Survivor regions: 2->2(98)
[149.251s][info][gc,heap        ] GC(1384) Old regions: 63->63
[149.251s][info][gc,heap        ] GC(1384) Archive regions: 0->0
[149.251s][info][gc,heap        ] GC(1384) Humongous regions: 1101->1095
[149.251s][info][gc,metaspace   ] GC(1384) Metaspace: 129023K(131136K)->129023K(131136K) NonClass: 109984K(110720K)->109984K(110720K) Class: 19038K(20416K)->19038K(20416K)
[149.251s][info][gc             ] GC(1384) Pause Young (Concurrent Start) (G1 Evacuation Pause) 1934M->1151M(2048M) 3.499ms
[149.251s][info][gc             ] GC(1385) Concurrent Mark Cycle
[149.251s][info][gc,marking     ] GC(1385) Concurrent Scan Root Regions
[149.251s][info][gc,cpu         ] GC(1384) User=0.00s Sys=0.00s Real=0.00s
[149.269s][info][gc,marking     ] GC(1385) Concurrent Scan Root Regions 17.895ms
[149.269s][info][gc,marking     ] GC(1385) Concurrent Mark
[149.269s][info][gc,marking     ] GC(1385) Concurrent Mark From Roots
[149.269s][info][gc,task        ] GC(1385) Using 8 workers of 8 for marking
[149.307s][info][gc,start       ] GC(1386) Pause Young (Normal) (G1 Evacuation Pause)
[149.307s][info][gc,task        ] GC(1386) Using 33 workers of 33 for evacuation
[149.310s][info][gc,phases      ] GC(1386)   Pre Evacuate Collection Set: 0.3ms
[149.310s][info][gc,phases      ] GC(1386)   Merge Heap Roots: 0.3ms
[149.310s][info][gc,phases      ] GC(1386)   Evacuate Collection Set: 0.8ms
[149.310s][info][gc,phases      ] GC(1386)   Post Evacuate Collection Set: 0.7ms
[149.310s][info][gc,phases      ] GC(1386)   Other: 0.1ms
[149.310s][info][gc,heap        ] GC(1386) Eden regions: 783->0(779)
[149.310s][info][gc,heap        ] GC(1386) Survivor regions: 2->3(99)
[149.310s][info][gc,heap        ] GC(1386) Old regions: 63->63
[149.310s][info][gc,heap        ] GC(1386) Archive regions: 0->0
[149.310s][info][gc,heap        ] GC(1386) Humongous regions: 1097->1097
[149.310s][info][gc,metaspace   ] GC(1386) Metaspace: 129023K(131136K)->129023K(131136K) NonClass: 109984K(110720K)->109984K(110720K) Class: 19038K(20416K)->19038K(20416K)
[149.310s][info][gc             ] GC(1386) Pause Young (Normal) (G1 Evacuation Pause) 1936M->1154M(2048M) 2.442ms
[149.310s][info][gc,cpu         ] GC(1386) User=0.00s Sys=0.00s Real=0.00s
[149.328s][info][gc,marking     ] GC(1385) Concurrent Mark From Roots 58.888ms
[149.329s][info][gc,marking     ] GC(1385) Concurrent Preclean
[149.332s][info][gc,marking     ] GC(1385) Concurrent Preclean 2.940ms
[149.333s][info][gc,start       ] GC(1385) Pause Remark
[149.336s][info][gc             ] GC(1385) Pause Remark 1477M->1477M(2048M) 3.163ms
[149.336s][info][gc,cpu         ] GC(1385) User=0.00s Sys=0.00s Real=0.00s
[149.336s][info][gc,marking     ] GC(1385) Concurrent Mark 66.859ms
[149.336s][info][gc,marking     ] GC(1385) Concurrent Rebuild Remembered Sets and Scrub Regions
[149.361s][info][gc,marking     ] GC(1385) Concurrent Rebuild Remembered Sets and Scrub Regions 24.555ms
[149.362s][info][gc,start       ] GC(1385) Pause Cleanup
[149.363s][info][gc             ] GC(1385) Pause Cleanup 1857M->1857M(2048M) 0.360ms
[149.363s][info][gc,cpu         ] GC(1385) User=0.00s Sys=0.00s Real=0.00s
[149.363s][info][gc,marking     ] GC(1385) Concurrent Clear Claimed Marks
[149.364s][info][gc,marking     ] GC(1385) Concurrent Clear Claimed Marks 1.343ms
[149.365s][info][gc,marking     ] GC(1385) Concurrent Cleanup for Next Mark
[149.371s][info][gc,start       ] GC(1387) Pause Young (Prepare Mixed) (G1 Humongous Allocation)
[149.371s][info][gc,task        ] GC(1387) Using 33 workers of 33 for evacuation
[149.373s][info][gc,phases      ] GC(1387)   Pre Evacuate Collection Set: 0.3ms
[149.373s][info][gc,phases      ] GC(1387)   Merge Heap Roots: 0.8ms
[149.373s][info][gc,phases      ] GC(1387)   Evacuate Collection Set: 0.7ms
[149.373s][info][gc,phases      ] GC(1387)   Post Evacuate Collection Set: 0.7ms
[149.373s][info][gc,phases      ] GC(1387)   Other: 0.1ms
[149.373s][info][gc,heap        ] GC(1387) Eden regions: 729->0(745)
[149.373s][info][gc,heap        ] GC(1387) Survivor regions: 3->2(98)
[149.373s][info][gc,heap        ] GC(1387) Old regions: 63->63
[149.373s][info][gc,heap        ] GC(1387) Archive regions: 0->0
[149.373s][info][gc,heap        ] GC(1387) Humongous regions: 1154->1133
[149.373s][info][gc,metaspace   ] GC(1387) Metaspace: 129023K(131136K)->129023K(131136K) NonClass: 109984K(110720K)->109984K(110720K) Class: 19038K(20416K)->19038K(20416K)
[149.373s][info][gc             ] GC(1387) Pause Young (Prepare Mixed) (G1 Humongous Allocation) 1940M->1189M(2048M) 2.883ms
[149.373s][info][gc,cpu         ] GC(1387) User=0.00s Sys=0.00s Real=0.00s
[149.376s][info][gc,marking     ] GC(1385) Concurrent Cleanup for Next Mark 11.549ms
[149.377s][info][gc             ] GC(1385) Concurrent Mark Cycle 125.769ms
[149.429s][info][gc,start       ] GC(1388) Pause Young (Mixed) (G1 Evacuation Pause)
[149.429s][info][gc,task        ] GC(1388) Using 33 workers of 33 for evacuation
[149.432s][info][gc,phases      ] GC(1388)   Pre Evacuate Collection Set: 0.3ms
[149.432s][info][gc,phases      ] GC(1388)   Merge Heap Roots: 0.3ms
[149.432s][info][gc,phases      ] GC(1388)   Evacuate Collection Set: 1.5ms
[149.432s][info][gc,phases      ] GC(1388)   Post Evacuate Collection Set: 0.7ms
[149.432s][info][gc,phases      ] GC(1388)   Other: 0.1ms
[149.432s][info][gc,heap        ] GC(1388) Eden regions: 745->0(751)
[149.432s][info][gc,heap        ] GC(1388) Survivor regions: 2->3(86)
[149.432s][info][gc,heap        ] GC(1388) Old regions: 63->61
[149.432s][info][gc,heap        ] GC(1388) Archive regions: 0->0
[149.432s][info][gc,heap        ] GC(1388) Humongous regions: 1152->1127
[149.432s][info][gc,metaspace   ] GC(1388) Metaspace: 129023K(131136K)->129023K(131136K) NonClass: 109984K(110720K)->109984K(110720K) Class: 19038K(20416K)->19038K(20416K)
[149.432s][info][gc             ] GC(1388) Pause Young (Mixed) (G1 Evacuation Pause) 1953M->1184M(2048M) 3.180ms
[149.432s][info][gc,cpu         ] GC(1388) User=0.00s Sys=0.00s Real=0.00s
[149.440s][info][gc,start       ] GC(1389) Pause Young (Concurrent Start) (G1 Humongous Allocation)
[149.440s][info][gc,task        ] GC(1389) Using 33 workers of 33 for evacuation
[149.443s][info][gc,phases      ] GC(1389)   Pre Evacuate Collection Set: 0.5ms
[149.443s][info][gc,phases      ] GC(1389)   Merge Heap Roots: 0.1ms
[149.443s][info][gc,phases      ] GC(1389)   Evacuate Collection Set: 1.5ms
[149.443s][info][gc,phases      ] GC(1389)   Post Evacuate Collection Set: 0.6ms
[149.443s][info][gc,phases      ] GC(1389)   Other: 0.1ms
[149.443s][info][gc,heap        ] GC(1389) Eden regions: 120->0(753)
[149.443s][info][gc,heap        ] GC(1389) Survivor regions: 3->3(95)
[149.443s][info][gc,heap        ] GC(1389) Old regions: 61->61
[149.443s][info][gc,heap        ] GC(1389) Archive regions: 0->0
[149.443s][info][gc,heap        ] GC(1389) Humongous regions: 1127->1125
[149.443s][info][gc,metaspace   ] GC(1389) Metaspace: 129023K(131136K)->129023K(131136K) NonClass: 109984K(110720K)->109984K(110720K) Class: 19038K(20416K)->19038K(20416K)
[149.443s][info][gc             ] GC(1389) Pause Young (Concurrent Start) (G1 Humongous Allocation) 1304M->1181M(2048M) 2.937ms
[149.443s][info][gc             ] GC(1390) Concurrent Mark Cycle
[149.443s][info][gc,marking     ] GC(1390) Concurrent Scan Root Regions
[149.443s][info][gc,cpu         ] GC(1389) User=0.00s Sys=0.00s Real=0.00s
[149.460s][info][gc,marking     ] GC(1390) Concurrent Scan Root Regions 16.701ms
[149.460s][info][gc,marking     ] GC(1390) Concurrent Mark
[149.460s][info][gc,marking     ] GC(1390) Concurrent Mark From Roots
[149.460s][info][gc,task        ] GC(1390) Using 8 workers of 8 for marking
[149.507s][info][gc,start       ] GC(1391) Pause Young (Normal) (G1 Evacuation Pause)
[149.507s][info][gc,task        ] GC(1391) Using 33 workers of 33 for evacuation
[149.510s][info][gc,phases      ] GC(1391)   Pre Evacuate Collection Set: 0.3ms
[149.510s][info][gc,phases      ] GC(1391)   Merge Heap Roots: 0.3ms
[149.510s][info][gc,phases      ] GC(1391)   Evacuate Collection Set: 1.0ms
[149.510s][info][gc,phases      ] GC(1391)   Post Evacuate Collection Set: 0.7ms
[149.510s][info][gc,phases      ] GC(1391)   Other: 0.1ms
[149.510s][info][gc,heap        ] GC(1391) Eden regions: 753->0(751)
[149.510s][info][gc,heap        ] GC(1391) Survivor regions: 3->4(47)
[149.510s][info][gc,heap        ] GC(1391) Old regions: 61->61
[149.510s][info][gc,heap        ] GC(1391) Archive regions: 0->0
[149.510s][info][gc,heap        ] GC(1391) Humongous regions: 1184->1125
[149.510s][info][gc,metaspace   ] GC(1391) Metaspace: 129023K(131136K)->129023K(131136K) NonClass: 109984K(110720K)->109984K(110720K) Class: 19038K(20416K)->19038K(20416K)
[149.510s][info][gc             ] GC(1391) Pause Young (Normal) (G1 Evacuation Pause) 1993M->1183M(2048M) 2.630ms
[149.510s][info][gc,cpu         ] GC(1391) User=0.00s Sys=0.00s Real=0.00s
[149.514s][info][gc,marking     ] GC(1390) Concurrent Mark From Roots 54.190ms
[149.514s][info][gc,marking     ] GC(1390) Concurrent Preclean
[149.515s][info][gc,marking     ] GC(1390) Concurrent Preclean 1.262ms
[149.516s][info][gc,start       ] GC(1390) Pause Remark
[149.519s][info][gc             ] GC(1390) Pause Remark 1264M->1264M(2048M) 3.018ms
[149.520s][info][gc,cpu         ] GC(1390) User=0.00s Sys=0.00s Real=0.00s
[149.520s][info][gc,marking     ] GC(1390) Concurrent Mark 59.716ms
[149.520s][info][gc,marking     ] GC(1390) Concurrent Rebuild Remembered Sets and Scrub Regions
[149.530s][info][gc,marking     ] GC(1390) Concurrent Rebuild Remembered Sets and Scrub Regions 9.891ms
[149.530s][info][gc,start       ] GC(1390) Pause Cleanup
[149.531s][info][gc             ] GC(1390) Pause Cleanup 1401M->1401M(2048M) 0.351ms
[149.531s][info][gc,cpu         ] GC(1390) User=0.00s Sys=0.00s Real=0.00s
[149.531s][info][gc,marking     ] GC(1390) Concurrent Clear Claimed Marks
[149.531s][info][gc,marking     ] GC(1390) Concurrent Clear Claimed Marks 0.316ms
[149.531s][info][gc,marking     ] GC(1390) Concurrent Cleanup for Next Mark
[149.536s][info][gc,marking     ] GC(1390) Concurrent Cleanup for Next Mark 4.561ms
[149.536s][info][gc             ] GC(1390) Concurrent Mark Cycle 93.152ms
[149.572s][info][gc,start       ] GC(1392) Pause Young (Prepare Mixed) (G1 Humongous Allocation)
[149.572s][info][gc,task        ] GC(1392) Using 33 workers of 33 for evacuation
[149.575s][info][gc,phases      ] GC(1392)   Pre Evacuate Collection Set: 0.3ms
[149.575s][info][gc,phases      ] GC(1392)   Merge Heap Roots: 0.8ms
[149.575s][info][gc,phases      ] GC(1392)   Evacuate Collection Set: 1.1ms
[149.575s][info][gc,phases      ] GC(1392)   Post Evacuate Collection Set: 0.8ms
[149.575s][info][gc,phases      ] GC(1392)   Other: 0.1ms
[149.575s][info][gc,heap        ] GC(1392) Eden regions: 744->0(738)
[149.575s][info][gc,heap        ] GC(1392) Survivor regions: 4->6(38)
[149.575s][info][gc,heap        ] GC(1392) Old regions: 61->61
[149.575s][info][gc,heap        ] GC(1392) Archive regions: 0->0
[149.575s][info][gc,heap        ] GC(1392) Humongous regions: 1201->1134
[149.575s][info][gc,metaspace   ] GC(1392) Metaspace: 129035K(131136K)->129035K(131136K) NonClass: 109996K(110720K)->109996K(110720K) Class: 19038K(20416K)->19038K(20416K)
[149.575s][info][gc             ] GC(1392) Pause Young (Prepare Mixed) (G1 Humongous Allocation) 2003M->1194M(2048M) 3.438ms
[149.575s][info][gc,cpu         ] GC(1392) User=0.00s Sys=0.00s Real=0.00s
[149.628s][info][gc,start       ] GC(1393) Pause Young (Mixed) (G1 Humongous Allocation)
[149.628s][info][gc,task        ] GC(1393) Using 33 workers of 33 for evacuation
[149.631s][info][gc,phases      ] GC(1393)   Pre Evacuate Collection Set: 0.3ms
[149.631s][info][gc,phases      ] GC(1393)   Merge Heap Roots: 0.3ms
[149.631s][info][gc,phases      ] GC(1393)   Evacuate Collection Set: 1.5ms
[149.631s][info][gc,phases      ] GC(1393)   Post Evacuate Collection Set: 0.7ms
[149.631s][info][gc,phases      ] GC(1393)   Other: 0.1ms
[149.631s][info][gc,heap        ] GC(1393) Eden regions: 672->0(733)
[149.631s][info][gc,heap        ] GC(1393) Survivor regions: 6->6(93)
[149.631s][info][gc,heap        ] GC(1393) Old regions: 61->59
[149.631s][info][gc,heap        ] GC(1393) Archive regions: 0->0
[149.631s][info][gc,heap        ] GC(1393) Humongous regions: 1214->1141
[149.631s][info][gc,metaspace   ] GC(1393) Metaspace: 129035K(131136K)->129035K(131136K) NonClass: 109996K(110720K)->109996K(110720K) Class: 19038K(20416K)->19038K(20416K)
[149.631s][info][gc             ] GC(1393) Pause Young (Mixed) (G1 Humongous Allocation) 1946M->1201M(2048M) 3.209ms
[149.631s][info][gc,cpu         ] GC(1393) User=0.00s Sys=0.00s Real=0.00s
[149.633s][info][gc,start       ] GC(1394) Pause Young (Concurrent Start) (G1 Humongous Allocation)
[149.633s][info][gc,task        ] GC(1394) Using 33 workers of 33 for evacuation
[149.636s][info][gc,phases      ] GC(1394)   Pre Evacuate Collection Set: 0.5ms
[149.636s][info][gc,phases      ] GC(1394)   Merge Heap Roots: 0.1ms
[149.636s][info][gc,phases      ] GC(1394)   Evacuate Collection Set: 1.8ms
[149.636s][info][gc,phases      ] GC(1394)   Post Evacuate Collection Set: 0.6ms
[149.636s][info][gc,phases      ] GC(1394)   Other: 0.1ms
[149.636s][info][gc,heap        ] GC(1394) Eden regions: 31->0(728)
[149.636s][info][gc,heap        ] GC(1394) Survivor regions: 6->7(93)
[149.636s][info][gc,heap        ] GC(1394) Old regions: 59->59
[149.636s][info][gc,heap        ] GC(1394) Archive regions: 0->0
[149.636s][info][gc,heap        ] GC(1394) Humongous regions: 1148->1144
[149.636s][info][gc,metaspace   ] GC(1394) Metaspace: 129035K(131136K)->129035K(131136K) NonClass: 109996K(110720K)->109996K(110720K) Class: 19038K(20416K)->19038K(20416K)
[149.636s][info][gc             ] GC(1394) Pause Young (Concurrent Start) (G1 Humongous Allocation) 1238M->1205M(2048M) 3.181ms
[149.636s][info][gc             ] GC(1395) Concurrent Mark Cycle
[149.636s][info][gc,cpu         ] GC(1394) User=0.00s Sys=0.00s Real=0.00s
[149.636s][info][gc,marking     ] GC(1395) Concurrent Scan Root Regions
[149.643s][info][gc,marking     ] GC(1395) Concurrent Scan Root Regions 6.401ms
[149.643s][info][gc,marking     ] GC(1395) Concurrent Mark
[149.643s][info][gc,marking     ] GC(1395) Concurrent Mark From Roots
[149.643s][info][gc,task        ] GC(1395) Using 8 workers of 8 for marking
[149.668s][info][gc,marking     ] GC(1395) Concurrent Mark From Roots 24.775ms
[149.668s][info][gc,marking     ] GC(1395) Concurrent Preclean
[149.669s][info][gc,marking     ] GC(1395) Concurrent Preclean 0.774ms
[149.670s][info][gc,start       ] GC(1395) Pause Remark
[149.673s][info][gc             ] GC(1395) Pause Remark 1724M->1724M(2048M) 3.346ms
[149.673s][info][gc,cpu         ] GC(1395) User=0.03s Sys=0.03s Real=0.02s
[149.673s][info][gc,marking     ] GC(1395) Concurrent Mark 30.137ms
[149.673s][info][gc,marking     ] GC(1395) Concurrent Rebuild Remembered Sets and Scrub Regions
[149.682s][info][gc,marking     ] GC(1395) Concurrent Rebuild Remembered Sets and Scrub Regions 8.726ms
[149.682s][info][gc,start       ] GC(1395) Pause Cleanup
[149.682s][info][gc             ] GC(1395) Pause Cleanup 1851M->1851M(2048M) 0.305ms
[149.683s][info][gc,cpu         ] GC(1395) User=0.00s Sys=0.00s Real=0.00s
[149.683s][info][gc,marking     ] GC(1395) Concurrent Clear Claimed Marks
[149.683s][info][gc,marking     ] GC(1395) Concurrent Clear Claimed Marks 0.207ms
[149.683s][info][gc,marking     ] GC(1395) Concurrent Cleanup for Next Mark
[149.686s][info][gc,marking     ] GC(1395) Concurrent Cleanup for Next Mark 2.768ms
[149.686s][info][gc             ] GC(1395) Concurrent Mark Cycle 49.258ms
[149.691s][info][gc,start       ] GC(1396) Pause Young (Prepare Mixed) (G1 Humongous Allocation)
[149.691s][info][gc,task        ] GC(1396) Using 33 workers of 33 for evacuation
[149.694s][info][gc,phases      ] GC(1396)   Pre Evacuate Collection Set: 0.3ms
[149.694s][info][gc,phases      ] GC(1396)   Merge Heap Roots: 0.8ms
[149.694s][info][gc,phases      ] GC(1396)   Evacuate Collection Set: 1.1ms
[149.694s][info][gc,phases      ] GC(1396)   Post Evacuate Collection Set: 0.8ms
[149.694s][info][gc,phases      ] GC(1396)   Other: 0.1ms
[149.694s][info][gc,heap        ] GC(1396) Eden regions: 663->0(728)
[149.694s][info][gc,heap        ] GC(1396) Survivor regions: 7->7(61)
[149.694s][info][gc,heap        ] GC(1396) Old regions: 59->59
[149.694s][info][gc,heap        ] GC(1396) Archive regions: 0->0
[149.694s][info][gc,heap        ] GC(1396) Humongous regions: 1258->1144
[149.694s][info][gc,metaspace   ] GC(1396) Metaspace: 129035K(131136K)->129035K(131136K) NonClass: 109996K(110720K)->109996K(110720K) Class: 19038K(20416K)->19038K(20416K)
[149.694s][info][gc             ] GC(1396) Pause Young (Prepare Mixed) (G1 Humongous Allocation) 1982M->1205M(2048M) 3.281ms
[149.694s][info][gc,cpu         ] GC(1396) User=0.00s Sys=0.00s Real=0.00s
[149.736s][info][gc,start       ] GC(1397) Pause Young (Mixed) (G1 Evacuation Pause)
[149.737s][info][gc,task        ] GC(1397) Using 33 workers of 33 for evacuation
[149.740s][info][gc,phases      ] GC(1397)   Pre Evacuate Collection Set: 0.3ms
[149.740s][info][gc,phases      ] GC(1397)   Merge Heap Roots: 0.3ms
[149.740s][info][gc,phases      ] GC(1397)   Evacuate Collection Set: 1.6ms
[149.740s][info][gc,phases      ] GC(1397)   Post Evacuate Collection Set: 0.8ms
[149.740s][info][gc,phases      ] GC(1397)   Other: 0.1ms
[149.740s][info][gc,heap        ] GC(1397) Eden regions: 728->0(689)
[149.740s][info][gc,heap        ] GC(1397) Survivor regions: 7->6(34)
[149.740s][info][gc,heap        ] GC(1397) Old regions: 59->58
[149.740s][info][gc,heap        ] GC(1397) Archive regions: 0->0
[149.740s][info][gc,heap        ] GC(1397) Humongous regions: 1220->1186
[149.740s][info][gc,metaspace   ] GC(1397) Metaspace: 129035K(131136K)->129035K(131136K) NonClass: 109996K(110720K)->109996K(110720K) Class: 19038K(20416K)->19038K(20416K)
[149.740s][info][gc             ] GC(1397) Pause Young (Mixed) (G1 Evacuation Pause) 2009M->1246M(2048M) 3.319ms
[149.740s][info][gc,cpu         ] GC(1397) User=0.00s Sys=0.00s Real=0.00s
[149.749s][info][gc,start       ] GC(1398) Pause Young (Concurrent Start) (G1 Humongous Allocation)
[149.749s][info][gc,task        ] GC(1398) Using 33 workers of 33 for evacuation
[149.752s][info][gc,phases      ] GC(1398)   Pre Evacuate Collection Set: 0.5ms
[149.752s][info][gc,phases      ] GC(1398)   Merge Heap Roots: 0.1ms
[149.752s][info][gc,phases      ] GC(1398)   Evacuate Collection Set: 1.5ms
[149.752s][info][gc,phases      ] GC(1398)   Post Evacuate Collection Set: 0.6ms
[149.752s][info][gc,phases      ] GC(1398)   Other: 0.1ms
[149.752s][info][gc,heap        ] GC(1398) Eden regions: 172->0(693)
[149.752s][info][gc,heap        ] GC(1398) Survivor regions: 6->6(87)
[149.752s][info][gc,heap        ] GC(1398) Old regions: 58->58
[149.752s][info][gc,heap        ] GC(1398) Archive regions: 0->0
[149.752s][info][gc,heap        ] GC(1398) Humongous regions: 1186->1182
[149.752s][info][gc,metaspace   ] GC(1398) Metaspace: 129035K(131136K)->129035K(131136K) NonClass: 109996K(110720K)->109996K(110720K) Class: 19038K(20416K)->19038K(20416K)
[149.752s][info][gc             ] GC(1398) Pause Young (Concurrent Start) (G1 Humongous Allocation) 1418M->1241M(2048M) 2.986ms
[149.752s][info][gc             ] GC(1399) Concurrent Mark Cycle
[149.752s][info][gc,cpu         ] GC(1398) User=0.52s Sys=0.00s Real=0.02s
[149.752s][info][gc,marking     ] GC(1399) Concurrent Scan Root Regions
[149.756s][info][gc,marking     ] GC(1399) Concurrent Scan Root Regions 4.019ms
[149.756s][info][gc,marking     ] GC(1399) Concurrent Mark
[149.756s][info][gc,marking     ] GC(1399) Concurrent Mark From Roots
[149.756s][info][gc,task        ] GC(1399) Using 8 workers of 8 for marking
[149.779s][info][gc,marking     ] GC(1399) Concurrent Mark From Roots 22.836ms
[149.779s][info][gc,marking     ] GC(1399) Concurrent Preclean
[149.780s][info][gc,marking     ] GC(1399) Concurrent Preclean 0.588ms
[149.780s][info][gc,start       ] GC(1399) Pause Remark
[149.783s][info][gc             ] GC(1399) Pause Remark 1694M->1694M(2048M) 3.144ms
[149.783s][info][gc,cpu         ] GC(1399) User=0.39s Sys=0.00s Real=0.02s
[149.783s][info][gc,marking     ] GC(1399) Concurrent Mark 27.095ms
[149.783s][info][gc,marking     ] GC(1399) Concurrent Rebuild Remembered Sets and Scrub Regions
[149.791s][info][gc,marking     ] GC(1399) Concurrent Rebuild Remembered Sets and Scrub Regions 8.282ms
[149.792s][info][gc,start       ] GC(1399) Pause Cleanup
[149.792s][info][gc             ] GC(1399) Pause Cleanup 1816M->1816M(2048M) 0.317ms
[149.792s][info][gc,cpu         ] GC(1399) User=0.00s Sys=0.00s Real=0.00s
[149.792s][info][gc,marking     ] GC(1399) Concurrent Clear Claimed Marks
[149.792s][info][gc,marking     ] GC(1399) Concurrent Clear Claimed Marks 0.255ms
[149.792s][info][gc,marking     ] GC(1399) Concurrent Cleanup for Next Mark
[149.795s][info][gc,marking     ] GC(1399) Concurrent Cleanup for Next Mark 2.430ms
[149.795s][info][gc             ] GC(1399) Concurrent Mark Cycle 43.050ms
[149.801s][info][gc,start       ] GC(1400) Pause Young (Prepare Mixed) (G1 Humongous Allocation)
[149.802s][info][gc,task        ] GC(1400) Using 33 workers of 33 for evacuation
[149.804s][info][gc,phases      ] GC(1400)   Pre Evacuate Collection Set: 0.3ms
[149.805s][info][gc,phases      ] GC(1400)   Merge Heap Roots: 0.8ms
[149.805s][info][gc,phases      ] GC(1400)   Evacuate Collection Set: 1.0ms
[149.805s][info][gc,phases      ] GC(1400)   Post Evacuate Collection Set: 0.8ms
[149.805s][info][gc,phases      ] GC(1400)   Other: 0.2ms
[149.805s][info][gc,heap        ] GC(1400) Eden regions: 599->0(686)
[149.805s][info][gc,heap        ] GC(1400) Survivor regions: 6->5(84)
[149.805s][info][gc,heap        ] GC(1400) Old regions: 58->58
[149.805s][info][gc,heap        ] GC(1400) Archive regions: 0->0
[149.805s][info][gc,heap        ] GC(1400) Humongous regions: 1301->1191
[149.805s][info][gc,metaspace   ] GC(1400) Metaspace: 129035K(131136K)->129035K(131136K) NonClass: 109996K(110720K)->109996K(110720K) Class: 19038K(20416K)->19038K(20416K)
[149.805s][info][gc             ] GC(1400) Pause Young (Prepare Mixed) (G1 Humongous Allocation) 1959M->1250M(2048M) 3.256ms
[149.805s][info][gc,cpu         ] GC(1400) User=0.00s Sys=0.00s Real=0.00s
[149.845s][info][gc,start       ] GC(1401) Pause Young (Mixed) (G1 Humongous Allocation)
[149.845s][info][gc,task        ] GC(1401) Using 33 workers of 33 for evacuation
[149.849s][info][gc,phases      ] GC(1401)   Pre Evacuate Collection Set: 0.3ms
[149.849s][info][gc,phases      ] GC(1401)   Merge Heap Roots: 0.3ms
[149.849s][info][gc,phases      ] GC(1401)   Evacuate Collection Set: 1.9ms
[149.849s][info][gc,phases      ] GC(1401)   Post Evacuate Collection Set: 0.8ms
[149.849s][info][gc,phases      ] GC(1401)   Other: 0.1ms
[149.849s][info][gc,heap        ] GC(1401) Eden regions: 665->0(688)
[149.849s][info][gc,heap        ] GC(1401) Survivor regions: 5->4(37)
[149.849s][info][gc,heap        ] GC(1401) Old regions: 58->57
[149.849s][info][gc,heap        ] GC(1401) Archive regions: 0->0
[149.849s][info][gc,heap        ] GC(1401) Humongous regions: 1283->1192
[149.849s][info][gc,metaspace   ] GC(1401) Metaspace: 129035K(131136K)->129035K(131136K) NonClass: 109996K(110720K)->109996K(110720K) Class: 19038K(20416K)->19038K(20416K)
[149.849s][info][gc             ] GC(1401) Pause Young (Mixed) (G1 Humongous Allocation) 2007M->1250M(2048M) 3.676ms
[149.849s][info][gc,cpu         ] GC(1401) User=0.00s Sys=0.00s Real=0.00s
[149.849s][info][gc,start       ] GC(1402) Pause Young (Concurrent Start) (G1 Humongous Allocation)
[149.849s][info][gc,task        ] GC(1402) Using 33 workers of 33 for evacuation
[149.852s][info][gc,phases      ] GC(1402)   Pre Evacuate Collection Set: 0.4ms
[149.852s][info][gc,phases      ] GC(1402)   Merge Heap Roots: 0.1ms
[149.852s][info][gc,phases      ] GC(1402)   Evacuate Collection Set: 1.7ms
[149.852s][info][gc,phases      ] GC(1402)   Post Evacuate Collection Set: 0.5ms
[149.852s][info][gc,phases      ] GC(1402)   Other: 0.1ms
[149.852s][info][gc,heap        ] GC(1402) Eden regions: 6->0(684)
[149.852s][info][gc,heap        ] GC(1402) Survivor regions: 4->4(87)
[149.852s][info][gc,heap        ] GC(1402) Old regions: 57->57
[149.852s][info][gc,heap        ] GC(1402) Archive regions: 0->0
[149.852s][info][gc,heap        ] GC(1402) Humongous regions: 1196->1196
[149.852s][info][gc,metaspace   ] GC(1402) Metaspace: 129035K(131136K)->129035K(131136K) NonClass: 109996K(110720K)->109996K(110720K) Class: 19038K(20416K)->19038K(20416K)
[149.852s][info][gc             ] GC(1402) Pause Young (Concurrent Start) (G1 Humongous Allocation) 1259M->1254M(2048M) 2.892ms
[149.852s][info][gc             ] GC(1403) Concurrent Mark Cycle
[149.852s][info][gc,cpu         ] GC(1402) User=0.00s Sys=0.00s Real=0.00s
[149.852s][info][gc,marking     ] GC(1403) Concurrent Scan Root Regions
[149.855s][info][gc,marking     ] GC(1403) Concurrent Scan Root Regions 2.137ms
[149.855s][info][gc,marking     ] GC(1403) Concurrent Mark
[149.855s][info][gc,marking     ] GC(1403) Concurrent Mark From Roots
[149.855s][info][gc,task        ] GC(1403) Using 8 workers of 8 for marking
[149.876s][info][gc,marking     ] GC(1403) Concurrent Mark From Roots 21.145ms
[149.876s][info][gc,marking     ] GC(1403) Concurrent Preclean
[149.876s][info][gc,marking     ] GC(1403) Concurrent Preclean 0.578ms
[149.877s][info][gc,start       ] GC(1403) Pause Remark
[149.880s][info][gc             ] GC(1403) Pause Remark 1618M->1618M(2048M) 3.146ms
[149.880s][info][gc,cpu         ] GC(1403) User=0.00s Sys=0.00s Real=0.00s
[149.880s][info][gc,marking     ] GC(1403) Concurrent Mark 25.358ms
[149.880s][info][gc,marking     ] GC(1403) Concurrent Rebuild Remembered Sets and Scrub Regions
[149.888s][info][gc,marking     ] GC(1403) Concurrent Rebuild Remembered Sets and Scrub Regions 7.678ms
[149.888s][info][gc,start       ] GC(1403) Pause Cleanup
[149.888s][info][gc             ] GC(1403) Pause Cleanup 1736M->1736M(2048M) 0.276ms
[149.888s][info][gc,cpu         ] GC(1403) User=0.00s Sys=0.00s Real=0.00s
[149.888s][info][gc,marking     ] GC(1403) Concurrent Clear Claimed Marks
[149.888s][info][gc,marking     ] GC(1403) Concurrent Clear Claimed Marks 0.222ms
[149.888s][info][gc,marking     ] GC(1403) Concurrent Cleanup for Next Mark
[149.891s][info][gc,marking     ] GC(1403) Concurrent Cleanup for Next Mark 2.444ms
[149.891s][info][gc             ] GC(1403) Concurrent Mark Cycle 38.599ms
[149.903s][info][gc,start       ] GC(1404) Pause Young (Prepare Mixed) (G1 Humongous Allocation)
[149.903s][info][gc,task        ] GC(1404) Using 33 workers of 33 for evacuation
[149.906s][info][gc,phases      ] GC(1404)   Pre Evacuate Collection Set: 0.3ms
[149.906s][info][gc,phases      ] GC(1404)   Merge Heap Roots: 0.8ms
[149.906s][info][gc,phases      ] GC(1404)   Evacuate Collection Set: 1.0ms
[149.906s][info][gc,phases      ] GC(1404)   Post Evacuate Collection Set: 0.7ms
[149.906s][info][gc,phases      ] GC(1404)   Other: 0.1ms
[149.906s][info][gc,heap        ] GC(1404) Eden regions: 674->0(655)
[149.906s][info][gc,heap        ] GC(1404) Survivor regions: 4->4(51)
[149.906s][info][gc,heap        ] GC(1404) Old regions: 57->57
[149.906s][info][gc,heap        ] GC(1404) Archive regions: 0->0
[149.906s][info][gc,heap        ] GC(1404) Humongous regions: 1262->1225
[149.906s][info][gc,metaspace   ] GC(1404) Metaspace: 129035K(131136K)->129035K(131136K) NonClass: 109996K(110720K)->109996K(110720K) Class: 19038K(20416K)->19038K(20416K)
[149.906s][info][gc             ] GC(1404) Pause Young (Prepare Mixed) (G1 Humongous Allocation) 1994M->1283M(2048M) 3.178ms
[149.906s][info][gc,cpu         ] GC(1404) User=0.00s Sys=0.00s Real=0.00s
[149.946s][info][gc,start       ] GC(1405) Pause Young (Mixed) (G1 Humongous Allocation)
[149.946s][info][gc,task        ] GC(1405) Using 33 workers of 33 for evacuation
[149.949s][info][gc,phases      ] GC(1405)   Pre Evacuate Collection Set: 0.3ms
[149.949s][info][gc,phases      ] GC(1405)   Merge Heap Roots: 0.3ms
[149.949s][info][gc,phases      ] GC(1405)   Evacuate Collection Set: 1.4ms
[149.949s][info][gc,phases      ] GC(1405)   Post Evacuate Collection Set: 0.7ms
[149.949s][info][gc,phases      ] GC(1405)   Other: 0.1ms
[149.949s][info][gc,heap        ] GC(1405) Eden regions: 642->0(641)
[149.949s][info][gc,heap        ] GC(1405) Survivor regions: 4->4(12)
[149.949s][info][gc,heap        ] GC(1405) Old regions: 57->57
[149.949s][info][gc,heap        ] GC(1405) Archive regions: 0->0
[149.949s][info][gc,heap        ] GC(1405) Humongous regions: 1333->1239
[149.949s][info][gc,metaspace   ] GC(1405) Metaspace: 129035K(131136K)->129035K(131136K) NonClass: 109996K(110720K)->109996K(110720K) Class: 19038K(20416K)->19038K(20416K)
[149.949s][info][gc             ] GC(1405) Pause Young (Mixed) (G1 Humongous Allocation) 2033M->1297M(2048M) 3.071ms
[149.949s][info][gc,cpu         ] GC(1405) User=0.00s Sys=0.00s Real=0.00s
[149.950s][info][gc,start       ] GC(1406) Pause Young (Concurrent Start) (G1 Humongous Allocation)
[149.950s][info][gc,task        ] GC(1406) Using 33 workers of 33 for evacuation
[149.953s][info][gc,phases      ] GC(1406)   Pre Evacuate Collection Set: 0.4ms
[149.953s][info][gc,phases      ] GC(1406)   Merge Heap Roots: 0.1ms
[149.953s][info][gc,phases      ] GC(1406)   Evacuate Collection Set: 2.1ms
[149.953s][info][gc,phases      ] GC(1406)   Post Evacuate Collection Set: 0.5ms
[149.953s][info][gc,phases      ] GC(1406)   Other: 0.1ms
[149.953s][info][gc,heap        ] GC(1406) Eden regions: 5->0(637)
[149.953s][info][gc,heap        ] GC(1406) Survivor regions: 4->4(81)
[149.953s][info][gc,heap        ] GC(1406) Old regions: 57->57
[149.953s][info][gc,heap        ] GC(1406) Archive regions: 0->0
[149.953s][info][gc,heap        ] GC(1406) Humongous regions: 1243->1243
[149.953s][info][gc,metaspace   ] GC(1406) Metaspace: 129035K(131136K)->129035K(131136K) NonClass: 109996K(110720K)->109996K(110720K) Class: 19038K(20416K)->19038K(20416K)
[149.953s][info][gc             ] GC(1406) Pause Young (Concurrent Start) (G1 Humongous Allocation) 1305M->1301M(2048M) 3.315ms
[149.953s][info][gc             ] GC(1407) Concurrent Mark Cycle
[149.953s][info][gc,cpu         ] GC(1406) User=0.00s Sys=0.00s Real=0.00s
[149.953s][info][gc,marking     ] GC(1407) Concurrent Scan Root Regions
[149.957s][info][gc,marking     ] GC(1407) Concurrent Scan Root Regions 3.939ms
[149.957s][info][gc,marking     ] GC(1407) Concurrent Mark
[149.957s][info][gc,marking     ] GC(1407) Concurrent Mark From Roots
[149.957s][info][gc,task        ] GC(1407) Using 8 workers of 8 for marking
[149.979s][info][gc,marking     ] GC(1407) Concurrent Mark From Roots 21.796ms
[149.979s][info][gc,marking     ] GC(1407) Concurrent Preclean
[149.980s][info][gc,marking     ] GC(1407) Concurrent Preclean 0.527ms
[149.980s][info][gc,start       ] GC(1407) Pause Remark
[149.983s][info][gc             ] GC(1407) Pause Remark 1712M->1712M(2048M) 3.160ms
[149.983s][info][gc,cpu         ] GC(1407) User=0.00s Sys=0.00s Real=0.00s
[149.983s][info][gc,marking     ] GC(1407) Concurrent Mark 25.918ms
[149.983s][info][gc,marking     ] GC(1407) Concurrent Rebuild Remembered Sets and Scrub Regions
[149.991s][info][gc,marking     ] GC(1407) Concurrent Rebuild Remembered Sets and Scrub Regions 7.376ms
[149.991s][info][gc,start       ] GC(1407) Pause Cleanup
[149.991s][info][gc             ] GC(1407) Pause Cleanup 1825M->1825M(2048M) 0.273ms
[149.991s][info][gc,cpu         ] GC(1407) User=0.00s Sys=0.00s Real=0.00s
[149.991s][info][gc,marking     ] GC(1407) Concurrent Clear Claimed Marks
[149.991s][info][gc,marking     ] GC(1407) Concurrent Clear Claimed Marks 0.243ms
[149.991s][info][gc,marking     ] GC(1407) Concurrent Cleanup for Next Mark
[149.994s][info][gc,marking     ] GC(1407) Concurrent Cleanup for Next Mark 2.429ms
[149.994s][info][gc             ] GC(1407) Concurrent Mark Cycle 40.808ms
[149.998s][info][gc,start       ] GC(1408) Pause Young (Prepare Mixed) (G1 Humongous Allocation)
[149.998s][info][gc,task        ] GC(1408) Using 33 workers of 33 for evacuation
[150.001s][info][gc,phases      ] GC(1408)   Pre Evacuate Collection Set: 0.3ms
[150.001s][info][gc,phases      ] GC(1408)   Merge Heap Roots: 0.8ms
[150.001s][info][gc,phases      ] GC(1408)   Evacuate Collection Set: 1.0ms
[150.001s][info][gc,phases      ] GC(1408)   Post Evacuate Collection Set: 0.8ms
[150.001s][info][gc,phases      ] GC(1408)   Other: 0.1ms
[150.001s][info][gc,heap        ] GC(1408) Eden regions: 551->0(644)
[150.001s][info][gc,heap        ] GC(1408) Survivor regions: 4->5(81)
[150.001s][info][gc,heap        ] GC(1408) Old regions: 57->57
[150.001s][info][gc,heap        ] GC(1408) Archive regions: 0->0
[150.001s][info][gc,heap        ] GC(1408) Humongous regions: 1318->1234
[150.001s][info][gc,metaspace   ] GC(1408) Metaspace: 129035K(131136K)->129035K(131136K) NonClass: 109996K(110720K)->109996K(110720K) Class: 19038K(20416K)->19038K(20416K)
[150.001s][info][gc             ] GC(1408) Pause Young (Prepare Mixed) (G1 Humongous Allocation) 1926M->1292M(2048M) 3.225ms
[150.001s][info][gc,cpu         ] GC(1408) User=0.52s Sys=0.00s Real=0.02s
[150.035s][info][gc,start       ] GC(1409) Pause Young (Mixed) (G1 Humongous Allocation)
[150.035s][info][gc,task        ] GC(1409) Using 33 workers of 33 for evacuation
[150.038s][info][gc,phases      ] GC(1409)   Pre Evacuate Collection Set: 0.4ms
[150.038s][info][gc,phases      ] GC(1409)   Merge Heap Roots: 0.3ms
[150.038s][info][gc,phases      ] GC(1409)   Evacuate Collection Set: 1.6ms
[150.038s][info][gc,phases      ] GC(1409)   Post Evacuate Collection Set: 0.9ms
[150.038s][info][gc,phases      ] GC(1409)   Other: 0.2ms
[150.038s][info][gc,heap        ] GC(1409) Eden regions: 573->0(618)
[150.038s][info][gc,heap        ] GC(1409) Survivor regions: 5->4(82)
[150.038s][info][gc,heap        ] GC(1409) Old regions: 57->57
[150.038s][info][gc,heap        ] GC(1409) Archive regions: 0->0
[150.038s][info][gc,heap        ] GC(1409) Humongous regions: 1302->1262
[150.039s][info][gc,metaspace   ] GC(1409) Metaspace: 129035K(131136K)->129035K(131136K) NonClass: 109996K(110720K)->109996K(110720K) Class: 19038K(20416K)->19038K(20416K)
[150.039s][info][gc             ] GC(1409) Pause Young (Mixed) (G1 Humongous Allocation) 1933M->1319M(2048M) 3.857ms
[150.039s][info][gc,cpu         ] GC(1409) User=0.00s Sys=0.00s Real=0.00s
[150.041s][info][gc,start       ] GC(1410) Pause Young (Concurrent Start) (G1 Humongous Allocation)
[150.041s][info][gc,task        ] GC(1410) Using 33 workers of 33 for evacuation
[150.045s][info][gc,phases      ] GC(1410)   Pre Evacuate Collection Set: 0.5ms
[150.045s][info][gc,phases      ] GC(1410)   Merge Heap Roots: 0.1ms
[150.045s][info][gc,phases      ] GC(1410)   Evacuate Collection Set: 2.0ms
[150.045s][info][gc,phases      ] GC(1410)   Post Evacuate Collection Set: 0.7ms
[150.045s][info][gc,phases      ] GC(1410)   Other: 0.1ms
[150.045s][info][gc,heap        ] GC(1410) Eden regions: 31->0(622)
[150.045s][info][gc,heap        ] GC(1410) Survivor regions: 4->4(78)
[150.045s][info][gc,heap        ] GC(1410) Old regions: 57->57
[150.045s][info][gc,heap        ] GC(1410) Archive regions: 0->0
[150.045s][info][gc,heap        ] GC(1410) Humongous regions: 1269->1258
[150.045s][info][gc,metaspace   ] GC(1410) Metaspace: 129035K(131136K)->129035K(131136K) NonClass: 109996K(110720K)->109996K(110720K) Class: 19038K(20416K)->19038K(20416K)
[150.045s][info][gc             ] GC(1410) Pause Young (Concurrent Start) (G1 Humongous Allocation) 1357M->1316M(2048M) 3.940ms
[150.045s][info][gc             ] GC(1411) Concurrent Mark Cycle
[150.045s][info][gc,cpu         ] GC(1410) User=0.00s Sys=0.00s Real=0.00s
[150.045s][info][gc,marking     ] GC(1411) Concurrent Scan Root Regions
[150.048s][info][gc,marking     ] GC(1411) Concurrent Scan Root Regions 2.555ms
[150.048s][info][gc,marking     ] GC(1411) Concurrent Mark
[150.048s][info][gc,marking     ] GC(1411) Concurrent Mark From Roots
[150.048s][info][gc,task        ] GC(1411) Using 8 workers of 8 for marking
[150.068s][info][gc,marking     ] GC(1411) Concurrent Mark From Roots 20.061ms
[150.068s][info][gc,marking     ] GC(1411) Concurrent Preclean
[150.068s][info][gc,marking     ] GC(1411) Concurrent Preclean 0.540ms
[150.069s][info][gc,start       ] GC(1411) Pause Remark
[150.072s][info][gc             ] GC(1411) Pause Remark 1670M->1670M(2048M) 3.288ms
[150.072s][info][gc,cpu         ] GC(1411) User=0.00s Sys=0.00s Real=0.00s
[150.072s][info][gc,marking     ] GC(1411) Concurrent Mark 24.672ms
[150.072s][info][gc,marking     ] GC(1411) Concurrent Rebuild Remembered Sets and Scrub Regions
[150.080s][info][gc,marking     ] GC(1411) Concurrent Rebuild Remembered Sets and Scrub Regions 7.290ms
[150.080s][info][gc,start       ] GC(1411) Pause Cleanup
[150.080s][info][gc             ] GC(1411) Pause Cleanup 1779M->1779M(2048M) 0.284ms
[150.080s][info][gc,cpu         ] GC(1411) User=0.00s Sys=0.00s Real=0.00s
[150.080s][info][gc,marking     ] GC(1411) Concurrent Clear Claimed Marks
[150.081s][info][gc,marking     ] GC(1411) Concurrent Clear Claimed Marks 0.221ms
[150.081s][info][gc,marking     ] GC(1411) Concurrent Cleanup for Next Mark
[150.083s][info][gc,marking     ] GC(1411) Concurrent Cleanup for Next Mark 2.470ms
[150.083s][info][gc             ] GC(1411) Concurrent Mark Cycle 38.069ms
[150.092s][info][gc,start       ] GC(1412) Pause Young (Prepare Mixed) (G1 Humongous Allocation)
[150.092s][info][gc,task        ] GC(1412) Using 33 workers of 33 for evacuation
[150.095s][info][gc,phases      ] GC(1412)   Pre Evacuate Collection Set: 0.4ms
[150.095s][info][gc,phases      ] GC(1412)   Merge Heap Roots: 0.8ms
[150.095s][info][gc,phases      ] GC(1412)   Evacuate Collection Set: 1.0ms
[150.095s][info][gc,phases      ] GC(1412)   Post Evacuate Collection Set: 0.9ms
[150.095s][info][gc,phases      ] GC(1412)   Other: 0.2ms
[150.095s][info][gc,heap        ] GC(1412) Eden regions: 578->0(620)
[150.095s][info][gc,heap        ] GC(1412) Survivor regions: 4->3(73)
[150.095s][info][gc,heap        ] GC(1412) Old regions: 57->58
[150.095s][info][gc,heap        ] GC(1412) Archive regions: 0->0
[150.095s][info][gc,heap        ] GC(1412) Humongous regions: 1336->1261
[150.095s][info][gc,metaspace   ] GC(1412) Metaspace: 129042K(131136K)->129042K(131136K) NonClass: 110003K(110720K)->110003K(110720K) Class: 19038K(20416K)->19038K(20416K)
[150.095s][info][gc             ] GC(1412) Pause Young (Prepare Mixed) (G1 Humongous Allocation) 1972M->1319M(2048M) 3.690ms
[150.095s][info][gc,cpu         ] GC(1412) User=0.00s Sys=0.02s Real=0.02s
[150.181s][info][gc,start       ] GC(1413) Pause Young (Mixed) (G1 Evacuation Pause)
[150.181s][info][gc,task        ] GC(1413) Using 33 workers of 33 for evacuation
[150.184s][info][gc,phases      ] GC(1413)   Pre Evacuate Collection Set: 0.3ms
[150.184s][info][gc,phases      ] GC(1413)   Merge Heap Roots: 0.3ms
[150.184s][info][gc,phases      ] GC(1413)   Evacuate Collection Set: 1.5ms
[150.184s][info][gc,phases      ] GC(1413)   Post Evacuate Collection Set: 0.8ms
[150.184s][info][gc,phases      ] GC(1413)   Other: 0.1ms
[150.184s][info][gc,heap        ] GC(1413) Eden regions: 620->0(609)
[150.184s][info][gc,heap        ] GC(1413) Survivor regions: 3->3(14)
[150.184s][info][gc,heap        ] GC(1413) Old regions: 58->58
[150.184s][info][gc,heap        ] GC(1413) Archive regions: 0->0
[150.184s][info][gc,heap        ] GC(1413) Humongous regions: 1353->1272
[150.184s][info][gc,metaspace   ] GC(1413) Metaspace: 129042K(131136K)->129042K(131136K) NonClass: 110003K(110720K)->110003K(110720K) Class: 19038K(20416K)->19038K(20416K)
[150.184s][info][gc             ] GC(1413) Pause Young (Mixed) (G1 Evacuation Pause) 2031M->1330M(2048M) 3.197ms
[150.184s][info][gc,cpu         ] GC(1413) User=0.00s Sys=0.00s Real=0.00s
[150.185s][info][gc,start       ] GC(1414) Pause Young (Concurrent Start) (G1 Humongous Allocation)
[150.185s][info][gc,task        ] GC(1414) Using 33 workers of 33 for evacuation
[150.188s][info][gc,phases      ] GC(1414)   Pre Evacuate Collection Set: 0.5ms
[150.188s][info][gc,phases      ] GC(1414)   Merge Heap Roots: 0.1ms
[150.188s][info][gc,phases      ] GC(1414)   Evacuate Collection Set: 1.3ms
[150.188s][info][gc,phases      ] GC(1414)   Post Evacuate Collection Set: 0.5ms
[150.188s][info][gc,phases      ] GC(1414)   Other: 0.1ms
[150.188s][info][gc,heap        ] GC(1414) Eden regions: 10->0(609)
[150.188s][info][gc,heap        ] GC(1414) Survivor regions: 3->3(77)
[150.188s][info][gc,heap        ] GC(1414) Old regions: 58->58
[150.188s][info][gc,heap        ] GC(1414) Archive regions: 0->0
[150.188s][info][gc,heap        ] GC(1414) Humongous regions: 1272->1272
[150.188s][info][gc,metaspace   ] GC(1414) Metaspace: 129042K(131136K)->129042K(131136K) NonClass: 110003K(110720K)->110003K(110720K) Class: 19038K(20416K)->19038K(20416K)
[150.188s][info][gc             ] GC(1414) Pause Young (Concurrent Start) (G1 Humongous Allocation) 1339M->1330M(2048M) 2.668ms
[150.188s][info][gc             ] GC(1415) Concurrent Mark Cycle
[150.188s][info][gc,cpu         ] GC(1414) User=0.52s Sys=0.00s Real=0.01s
[150.188s][info][gc,marking     ] GC(1415) Concurrent Scan Root Regions
[150.190s][info][gc,marking     ] GC(1415) Concurrent Scan Root Regions 1.752ms
[150.190s][info][gc,marking     ] GC(1415) Concurrent Mark
[150.190s][info][gc,marking     ] GC(1415) Concurrent Mark From Roots
[150.190s][info][gc,task        ] GC(1415) Using 8 workers of 8 for marking
[150.206s][info][gc,marking     ] GC(1415) Concurrent Mark From Roots 16.464ms
[150.206s][info][gc,marking     ] GC(1415) Concurrent Preclean
[150.207s][info][gc,marking     ] GC(1415) Concurrent Preclean 0.348ms
[150.207s][info][gc,start       ] GC(1415) Pause Remark
[150.210s][info][gc             ] GC(1415) Pause Remark 1519M->1519M(2048M) 3.379ms
[150.210s][info][gc,cpu         ] GC(1415) User=0.00s Sys=0.00s Real=0.00s
[150.210s][info][gc,marking     ] GC(1415) Concurrent Mark 20.613ms
[150.210s][info][gc,marking     ] GC(1415) Concurrent Rebuild Remembered Sets and Scrub Regions
[150.218s][info][gc,marking     ] GC(1415) Concurrent Rebuild Remembered Sets and Scrub Regions 7.627ms
[150.218s][info][gc,start       ] GC(1415) Pause Cleanup
[150.218s][info][gc             ] GC(1415) Pause Cleanup 1630M->1630M(2048M) 0.300ms
[150.219s][info][gc,cpu         ] GC(1415) User=0.00s Sys=0.00s Real=0.00s
[150.219s][info][gc,marking     ] GC(1415) Concurrent Clear Claimed Marks
[150.219s][info][gc,marking     ] GC(1415) Concurrent Clear Claimed Marks 0.249ms
[150.219s][info][gc,marking     ] GC(1415) Concurrent Cleanup for Next Mark
[150.222s][info][gc,marking     ] GC(1415) Concurrent Cleanup for Next Mark 2.631ms
[150.222s][info][gc             ] GC(1415) Concurrent Mark Cycle 33.696ms
[150.238s][info][gc,start       ] GC(1416) Pause Young (Prepare Mixed) (G1 Humongous Allocation)
[150.238s][info][gc,task        ] GC(1416) Using 33 workers of 33 for evacuation
[150.241s][info][gc,phases      ] GC(1416)   Pre Evacuate Collection Set: 0.3ms
[150.241s][info][gc,phases      ] GC(1416)   Merge Heap Roots: 0.8ms
[150.241s][info][gc,phases      ] GC(1416)   Evacuate Collection Set: 0.8ms
[150.241s][info][gc,phases      ] GC(1416)   Post Evacuate Collection Set: 0.7ms
[150.241s][info][gc,phases      ] GC(1416)   Other: 0.1ms
[150.241s][info][gc,heap        ] GC(1416) Eden regions: 554->0(590)
[150.241s][info][gc,heap        ] GC(1416) Survivor regions: 3->2(77)
[150.241s][info][gc,heap        ] GC(1416) Old regions: 58->58
[150.241s][info][gc,heap        ] GC(1416) Archive regions: 0->0
[150.241s][info][gc,heap        ] GC(1416) Humongous regions: 1356->1293
[150.241s][info][gc,metaspace   ] GC(1416) Metaspace: 129042K(131136K)->129042K(131136K) NonClass: 110003K(110720K)->110003K(110720K) Class: 19038K(20416K)->19038K(20416K)
[150.241s][info][gc             ] GC(1416) Pause Young (Prepare Mixed) (G1 Humongous Allocation) 1968M->1350M(2048M) 2.988ms
[150.241s][info][gc,cpu         ] GC(1416) User=0.00s Sys=0.00s Real=0.00s
[150.280s][info][gc,start       ] GC(1417) Pause Young (Mixed) (G1 Evacuation Pause)
[150.280s][info][gc,task        ] GC(1417) Using 33 workers of 33 for evacuation
[150.282s][info][gc,phases      ] GC(1417)   Pre Evacuate Collection Set: 0.3ms
[150.282s][info][gc,phases      ] GC(1417)   Merge Heap Roots: 0.3ms
[150.282s][info][gc,phases      ] GC(1417)   Evacuate Collection Set: 1.3ms
[150.282s][info][gc,phases      ] GC(1417)   Post Evacuate Collection Set: 0.7ms
[150.283s][info][gc,phases      ] GC(1417)   Other: 0.1ms
[150.283s][info][gc,heap        ] GC(1417) Eden regions: 590->0(600)
[150.283s][info][gc,heap        ] GC(1417) Survivor regions: 2->2(16)
[150.283s][info][gc,heap        ] GC(1417) Old regions: 58->57
[150.283s][info][gc,heap        ] GC(1417) Archive regions: 0->0
[150.283s][info][gc,heap        ] GC(1417) Humongous regions: 1382->1284
[150.283s][info][gc,metaspace   ] GC(1417) Metaspace: 129045K(131136K)->129045K(131136K) NonClass: 110006K(110720K)->110006K(110720K) Class: 19038K(20416K)->19038K(20416K)
[150.283s][info][gc             ] GC(1417) Pause Young (Mixed) (G1 Evacuation Pause) 2029M->1340M(2048M) 2.971ms
[150.283s][info][gc,cpu         ] GC(1417) User=0.00s Sys=0.00s Real=0.00s
[150.287s][info][gc,start       ] GC(1418) Pause Young (Concurrent Start) (G1 Humongous Allocation)
[150.287s][info][gc,task        ] GC(1418) Using 33 workers of 33 for evacuation
[150.290s][info][gc,phases      ] GC(1418)   Pre Evacuate Collection Set: 0.5ms
[150.290s][info][gc,phases      ] GC(1418)   Merge Heap Roots: 0.1ms
[150.290s][info][gc,phases      ] GC(1418)   Evacuate Collection Set: 1.9ms
[150.290s][info][gc,phases      ] GC(1418)   Post Evacuate Collection Set: 0.6ms
[150.290s][info][gc,phases      ] GC(1418)   Other: 0.1ms
[150.290s][info][gc,heap        ] GC(1418) Eden regions: 69->0(600)
[150.290s][info][gc,heap        ] GC(1418) Survivor regions: 2->2(76)
[150.290s][info][gc,heap        ] GC(1418) Old regions: 57->57
[150.290s][info][gc,heap        ] GC(1418) Archive regions: 0->0
[150.290s][info][gc,heap        ] GC(1418) Humongous regions: 1284->1284
[150.290s][info][gc,metaspace   ] GC(1418) Metaspace: 129045K(131136K)->129045K(131136K) NonClass: 110006K(110720K)->110006K(110720K) Class: 19038K(20416K)->19038K(20416K)
[150.290s][info][gc             ] GC(1418) Pause Young (Concurrent Start) (G1 Humongous Allocation) 1409M->1340M(2048M) 3.341ms
[150.290s][info][gc             ] GC(1419) Concurrent Mark Cycle
[150.290s][info][gc,marking     ] GC(1419) Concurrent Scan Root Regions
[150.290s][info][gc,cpu         ] GC(1418) User=0.00s Sys=0.00s Real=0.00s
[150.292s][info][gc,marking     ] GC(1419) Concurrent Scan Root Regions 2.341ms
[150.293s][info][gc,marking     ] GC(1419) Concurrent Mark
[150.293s][info][gc,marking     ] GC(1419) Concurrent Mark From Roots
[150.293s][info][gc,task        ] GC(1419) Using 8 workers of 8 for marking
[150.310s][info][gc,marking     ] GC(1419) Concurrent Mark From Roots 17.417ms
[150.310s][info][gc,marking     ] GC(1419) Concurrent Preclean
[150.310s][info][gc,marking     ] GC(1419) Concurrent Preclean 0.394ms
[150.311s][info][gc,start       ] GC(1419) Pause Remark
[150.314s][info][gc             ] GC(1419) Pause Remark 1588M->1588M(2048M) 3.050ms
[150.314s][info][gc,cpu         ] GC(1419) User=0.00s Sys=0.00s Real=0.00s
[150.314s][info][gc,marking     ] GC(1419) Concurrent Mark 21.288ms
[150.314s][info][gc,marking     ] GC(1419) Concurrent Rebuild Remembered Sets and Scrub Regions
[150.321s][info][gc,marking     ] GC(1419) Concurrent Rebuild Remembered Sets and Scrub Regions 6.708ms
[150.321s][info][gc,start       ] GC(1419) Pause Cleanup
[150.321s][info][gc             ] GC(1419) Pause Cleanup 1671M->1671M(2048M) 0.272ms
[150.321s][info][gc,cpu         ] GC(1419) User=0.00s Sys=0.00s Real=0.00s
[150.321s][info][gc,marking     ] GC(1419) Concurrent Clear Claimed Marks
[150.321s][info][gc,marking     ] GC(1419) Concurrent Clear Claimed Marks 0.211ms
[150.321s][info][gc,marking     ] GC(1419) Concurrent Cleanup for Next Mark
[150.324s][info][gc,marking     ] GC(1419) Concurrent Cleanup for Next Mark 2.215ms
[150.324s][info][gc             ] GC(1419) Concurrent Mark Cycle 33.480ms
[150.340s][info][gc,start       ] GC(1420) Pause Young (Prepare Mixed) (G1 Humongous Allocation)
[150.340s][info][gc,task        ] GC(1420) Using 33 workers of 33 for evacuation
[150.342s][info][gc,phases      ] GC(1420)   Pre Evacuate Collection Set: 0.3ms
[150.342s][info][gc,phases      ] GC(1420)   Merge Heap Roots: 0.8ms
[150.342s][info][gc,phases      ] GC(1420)   Evacuate Collection Set: 0.8ms
[150.342s][info][gc,phases      ] GC(1420)   Post Evacuate Collection Set: 0.7ms
[150.342s][info][gc,phases      ] GC(1420)   Other: 0.1ms
[150.342s][info][gc,heap        ] GC(1420) Eden regions: 590->0(600)
[150.342s][info][gc,heap        ] GC(1420) Survivor regions: 2->2(76)
[150.342s][info][gc,heap        ] GC(1420) Old regions: 57->57
[150.342s][info][gc,heap        ] GC(1420) Archive regions: 0->0
[150.343s][info][gc,heap        ] GC(1420) Humongous regions: 1322->1284
[150.343s][info][gc,metaspace   ] GC(1420) Metaspace: 129045K(131136K)->129045K(131136K) NonClass: 110006K(110720K)->110006K(110720K) Class: 19038K(20416K)->19038K(20416K)
[150.343s][info][gc             ] GC(1420) Pause Young (Prepare Mixed) (G1 Humongous Allocation) 1968M->1340M(2048M) 2.984ms
[150.343s][info][gc,cpu         ] GC(1420) User=0.00s Sys=0.00s Real=0.00s
[150.381s][info][gc,start       ] GC(1421) Pause Young (Mixed) (G1 Evacuation Pause)
[150.381s][info][gc,task        ] GC(1421) Using 33 workers of 33 for evacuation
[150.384s][info][gc,phases      ] GC(1421)   Pre Evacuate Collection Set: 0.3ms
[150.384s][info][gc,phases      ] GC(1421)   Merge Heap Roots: 0.3ms
[150.384s][info][gc,phases      ] GC(1421)   Evacuate Collection Set: 1.5ms
[150.384s][info][gc,phases      ] GC(1421)   Post Evacuate Collection Set: 0.8ms
[150.384s][info][gc,phases      ] GC(1421)   Other: 0.2ms
[150.384s][info][gc,heap        ] GC(1421) Eden regions: 600->0(607)
[150.384s][info][gc,heap        ] GC(1421) Survivor regions: 2->2(76)
[150.384s][info][gc,heap        ] GC(1421) Old regions: 57->55
[150.384s][info][gc,heap        ] GC(1421) Archive regions: 0->0
[150.384s][info][gc,heap        ] GC(1421) Humongous regions: 1310->1279
[150.384s][info][gc,metaspace   ] GC(1421) Metaspace: 129045K(131136K)->129045K(131136K) NonClass: 110006K(110720K)->110006K(110720K) Class: 19038K(20416K)->19038K(20416K)
[150.384s][info][gc             ] GC(1421) Pause Young (Mixed) (G1 Evacuation Pause) 1966M->1333M(2048M) 3.666ms
[150.384s][info][gc,cpu         ] GC(1421) User=0.02s Sys=0.00s Real=0.01s
[150.395s][info][gc,start       ] GC(1422) Pause Young (Concurrent Start) (G1 Humongous Allocation)
[150.395s][info][gc,task        ] GC(1422) Using 33 workers of 33 for evacuation
[150.398s][info][gc,phases      ] GC(1422)   Pre Evacuate Collection Set: 0.4ms
[150.398s][info][gc,phases      ] GC(1422)   Merge Heap Roots: 0.1ms
[150.398s][info][gc,phases      ] GC(1422)   Evacuate Collection Set: 1.6ms
[150.398s][info][gc,phases      ] GC(1422)   Post Evacuate Collection Set: 0.8ms
[150.398s][info][gc,phases      ] GC(1422)   Other: 0.2ms
[150.398s][info][gc,heap        ] GC(1422) Eden regions: 155->0(607)
[150.398s][info][gc,heap        ] GC(1422) Survivor regions: 2->2(77)
[150.398s][info][gc,heap        ] GC(1422) Old regions: 55->55
[150.398s][info][gc,heap        ] GC(1422) Archive regions: 0->0
[150.398s][info][gc,heap        ] GC(1422) Humongous regions: 1279->1279
[150.398s][info][gc,metaspace   ] GC(1422) Metaspace: 129045K(131136K)->129045K(131136K) NonClass: 110006K(110720K)->110006K(110720K) Class: 19038K(20416K)->19038K(20416K)
[150.398s][info][gc             ] GC(1422) Pause Young (Concurrent Start) (G1 Humongous Allocation) 1488M->1333M(2048M) 3.577ms
[150.398s][info][gc             ] GC(1423) Concurrent Mark Cycle
[150.398s][info][gc,cpu         ] GC(1422) User=0.00s Sys=0.00s Real=0.00s
[150.398s][info][gc,marking     ] GC(1423) Concurrent Scan Root Regions
[150.400s][info][gc,marking     ] GC(1423) Concurrent Scan Root Regions 1.944ms
[150.400s][info][gc,marking     ] GC(1423) Concurrent Mark
[150.400s][info][gc,marking     ] GC(1423) Concurrent Mark From Roots
[150.400s][info][gc,task        ] GC(1423) Using 8 workers of 8 for marking
[150.417s][info][gc,marking     ] GC(1423) Concurrent Mark From Roots 16.923ms
[150.417s][info][gc,marking     ] GC(1423) Concurrent Preclean
[150.418s][info][gc,marking     ] GC(1423) Concurrent Preclean 0.436ms
[150.418s][info][gc,start       ] GC(1423) Pause Remark
[150.421s][info][gc             ] GC(1423) Pause Remark 1547M->1547M(2048M) 3.253ms
[150.421s][info][gc,cpu         ] GC(1423) User=0.00s Sys=0.00s Real=0.00s
[150.421s][info][gc,marking     ] GC(1423) Concurrent Mark 21.103ms
[150.422s][info][gc,marking     ] GC(1423) Concurrent Rebuild Remembered Sets and Scrub Regions
[150.428s][info][gc,marking     ] GC(1423) Concurrent Rebuild Remembered Sets and Scrub Regions 6.674ms
[150.428s][info][gc,start       ] GC(1423) Pause Cleanup
[150.429s][info][gc             ] GC(1423) Pause Cleanup 1629M->1629M(2048M) 0.309ms
[150.429s][info][gc,cpu         ] GC(1423) User=0.00s Sys=0.00s Real=0.00s
[150.429s][info][gc,marking     ] GC(1423) Concurrent Clear Claimed Marks
[150.429s][info][gc,marking     ] GC(1423) Concurrent Clear Claimed Marks 0.194ms
[150.429s][info][gc,marking     ] GC(1423) Concurrent Cleanup for Next Mark
[150.431s][info][gc,marking     ] GC(1423) Concurrent Cleanup for Next Mark 2.180ms
[150.431s][info][gc             ] GC(1423) Concurrent Mark Cycle 33.008ms
[150.450s][info][gc,start       ] GC(1424) Pause Young (Prepare Mixed) (G1 Evacuation Pause)
[150.450s][info][gc,task        ] GC(1424) Using 33 workers of 33 for evacuation
[150.453s][info][gc,phases      ] GC(1424)   Pre Evacuate Collection Set: 0.3ms
[150.453s][info][gc,phases      ] GC(1424)   Merge Heap Roots: 0.8ms
[150.453s][info][gc,phases      ] GC(1424)   Evacuate Collection Set: 0.8ms
[150.453s][info][gc,phases      ] GC(1424)   Post Evacuate Collection Set: 0.8ms
[150.453s][info][gc,phases      ] GC(1424)   Other: 0.2ms
[150.453s][info][gc,heap        ] GC(1424) Eden regions: 607->0(608)
[150.453s][info][gc,heap        ] GC(1424) Survivor regions: 2->2(77)
[150.453s][info][gc,heap        ] GC(1424) Old regions: 55->55
[150.453s][info][gc,heap        ] GC(1424) Archive regions: 0->0
[150.453s][info][gc,heap        ] GC(1424) Humongous regions: 1297->1278
[150.453s][info][gc,metaspace   ] GC(1424) Metaspace: 129045K(131136K)->129045K(131136K) NonClass: 110006K(110720K)->110006K(110720K) Class: 19038K(20416K)->19038K(20416K)
[150.453s][info][gc             ] GC(1424) Pause Young (Prepare Mixed) (G1 Evacuation Pause) 1958M->1333M(2048M) 3.208ms
[150.453s][info][gc,cpu         ] GC(1424) User=0.00s Sys=0.00s Real=0.00s
[150.493s][info][gc,start       ] GC(1425) Pause Young (Mixed) (G1 Evacuation Pause)
[150.493s][info][gc,task        ] GC(1425) Using 33 workers of 33 for evacuation
[150.496s][info][gc,phases      ] GC(1425)   Pre Evacuate Collection Set: 0.3ms
[150.496s][info][gc,phases      ] GC(1425)   Merge Heap Roots: 0.3ms
[150.496s][info][gc,phases      ] GC(1425)   Evacuate Collection Set: 1.4ms
[150.496s][info][gc,phases      ] GC(1425)   Post Evacuate Collection Set: 0.8ms
[150.496s][info][gc,phases      ] GC(1425)   Other: 0.1ms
[150.496s][info][gc,heap        ] GC(1425) Eden regions: 608->0(600)
[150.496s][info][gc,heap        ] GC(1425) Survivor regions: 2->2(77)
[150.496s][info][gc,heap        ] GC(1425) Old regions: 55->54
[150.496s][info][gc,heap        ] GC(1425) Archive regions: 0->0
[150.496s][info][gc,heap        ] GC(1425) Humongous regions: 1296->1287
[150.496s][info][gc,metaspace   ] GC(1425) Metaspace: 129045K(131136K)->129045K(131136K) NonClass: 110006K(110720K)->110006K(110720K) Class: 19038K(20416K)->19038K(20416K)
[150.496s][info][gc             ] GC(1425) Pause Young (Mixed) (G1 Evacuation Pause) 1959M->1340M(2048M) 3.323ms
[150.497s][info][gc,cpu         ] GC(1425) User=0.52s Sys=0.00s Real=0.02s
[150.499s][info][gc,start       ] GC(1426) Pause Young (Concurrent Start) (G1 Humongous Allocation)
[150.499s][info][gc,task        ] GC(1426) Using 33 workers of 33 for evacuation
[150.502s][info][gc,phases      ] GC(1426)   Pre Evacuate Collection Set: 0.5ms
[150.502s][info][gc,phases      ] GC(1426)   Merge Heap Roots: 0.1ms
[150.502s][info][gc,phases      ] GC(1426)   Evacuate Collection Set: 1.6ms
[150.502s][info][gc,phases      ] GC(1426)   Post Evacuate Collection Set: 0.6ms
[150.502s][info][gc,phases      ] GC(1426)   Other: 0.1ms
[150.502s][info][gc,heap        ] GC(1426) Eden regions: 32->0(600)
[150.502s][info][gc,heap        ] GC(1426) Survivor regions: 2->2(76)
[150.502s][info][gc,heap        ] GC(1426) Old regions: 54->54
[150.502s][info][gc,heap        ] GC(1426) Archive regions: 0->0
[150.502s][info][gc,heap        ] GC(1426) Humongous regions: 1287->1287
[150.502s][info][gc,metaspace   ] GC(1426) Metaspace: 129045K(131136K)->129045K(131136K) NonClass: 110006K(110720K)->110006K(110720K) Class: 19038K(20416K)->19038K(20416K)
[150.502s][info][gc             ] GC(1426) Pause Young (Concurrent Start) (G1 Humongous Allocation) 1372M->1340M(2048M) 3.273ms
[150.502s][info][gc             ] GC(1427) Concurrent Mark Cycle
[150.502s][info][gc,cpu         ] GC(1426) User=0.00s Sys=0.00s Real=0.00s
[150.502s][info][gc,marking     ] GC(1427) Concurrent Scan Root Regions
[150.504s][info][gc,marking     ] GC(1427) Concurrent Scan Root Regions 1.995ms
[150.504s][info][gc,marking     ] GC(1427) Concurrent Mark
[150.504s][info][gc,marking     ] GC(1427) Concurrent Mark From Roots
[150.504s][info][gc,task        ] GC(1427) Using 8 workers of 8 for marking
[150.524s][info][gc,marking     ] GC(1427) Concurrent Mark From Roots 19.919ms
[150.524s][info][gc,marking     ] GC(1427) Concurrent Preclean
[150.525s][info][gc,marking     ] GC(1427) Concurrent Preclean 0.403ms
[150.525s][info][gc,start       ] GC(1427) Pause Remark
[150.528s][info][gc             ] GC(1427) Pause Remark 1598M->1598M(2048M) 3.082ms
[150.528s][info][gc,cpu         ] GC(1427) User=0.00s Sys=0.00s Real=0.00s
[150.528s][info][gc,marking     ] GC(1427) Concurrent Mark 23.875ms
[150.528s][info][gc,marking     ] GC(1427) Concurrent Rebuild Remembered Sets and Scrub Regions
[150.535s][info][gc,marking     ] GC(1427) Concurrent Rebuild Remembered Sets and Scrub Regions 6.958ms
[150.535s][info][gc,start       ] GC(1427) Pause Cleanup
[150.535s][info][gc             ] GC(1427) Pause Cleanup 1680M->1680M(2048M) 0.294ms
[150.536s][info][gc,cpu         ] GC(1427) User=0.00s Sys=0.00s Real=0.00s
[150.536s][info][gc,marking     ] GC(1427) Concurrent Clear Claimed Marks
[150.536s][info][gc,marking     ] GC(1427) Concurrent Clear Claimed Marks 0.191ms
[150.536s][info][gc,marking     ] GC(1427) Concurrent Cleanup for Next Mark
[150.538s][info][gc,marking     ] GC(1427) Concurrent Cleanup for Next Mark 2.170ms
[150.538s][info][gc             ] GC(1427) Concurrent Mark Cycle 35.989ms
[150.554s][info][gc,start       ] GC(1428) Pause Young (Prepare Mixed) (G1 Humongous Allocation)
[150.554s][info][gc,task        ] GC(1428) Using 33 workers of 33 for evacuation
[150.558s][info][gc,phases      ] GC(1428)   Pre Evacuate Collection Set: 0.3ms
[150.558s][info][gc,phases      ] GC(1428)   Merge Heap Roots: 1.1ms
[150.558s][info][gc,phases      ] GC(1428)   Evacuate Collection Set: 0.8ms
[150.558s][info][gc,phases      ] GC(1428)   Post Evacuate Collection Set: 0.9ms
[150.558s][info][gc,phases      ] GC(1428)   Other: 0.2ms
[150.558s][info][gc,heap        ] GC(1428) Eden regions: 585->0(611)
[150.558s][info][gc,heap        ] GC(1428) Survivor regions: 2->2(76)
[150.558s][info][gc,heap        ] GC(1428) Old regions: 54->54
[150.558s][info][gc,heap        ] GC(1428) Archive regions: 0->0
[150.558s][info][gc,heap        ] GC(1428) Humongous regions: 1321->1276
[150.558s][info][gc,metaspace   ] GC(1428) Metaspace: 129045K(131136K)->129045K(131136K) NonClass: 110006K(110720K)->110006K(110720K) Class: 19038K(20416K)->19038K(20416K)
[150.558s][info][gc             ] GC(1428) Pause Young (Prepare Mixed) (G1 Humongous Allocation) 1959M->1329M(2048M) 3.602ms
[150.558s][info][gc,cpu         ] GC(1428) User=0.00s Sys=0.00s Real=0.00s
[150.629s][info][gc,start       ] GC(1429) Pause Young (Mixed) (G1 Evacuation Pause)
[150.630s][info][gc,task        ] GC(1429) Using 33 workers of 33 for evacuation
[150.632s][info][gc,phases      ] GC(1429)   Pre Evacuate Collection Set: 0.3ms
[150.632s][info][gc,phases      ] GC(1429)   Merge Heap Roots: 0.2ms
[150.632s][info][gc,phases      ] GC(1429)   Evacuate Collection Set: 1.2ms
[150.632s][info][gc,phases      ] GC(1429)   Post Evacuate Collection Set: 0.8ms
[150.632s][info][gc,phases      ] GC(1429)   Other: 0.1ms
[150.632s][info][gc,heap        ] GC(1429) Eden regions: 611->0(704)
[150.632s][info][gc,heap        ] GC(1429) Survivor regions: 2->2(77)
[150.632s][info][gc,heap        ] GC(1429) Old regions: 54->53
[150.632s][info][gc,heap        ] GC(1429) Archive regions: 0->0
[150.632s][info][gc,heap        ] GC(1429) Humongous regions: 1280->1184
[150.632s][info][gc,metaspace   ] GC(1429) Metaspace: 129045K(131136K)->129045K(131136K) NonClass: 110006K(110720K)->110006K(110720K) Class: 19038K(20416K)->19038K(20416K)
[150.632s][info][gc             ] GC(1429) Pause Young (Mixed) (G1 Evacuation Pause) 1944M->1236M(2048M) 2.931ms
[150.632s][info][gc,cpu         ] GC(1429) User=0.52s Sys=0.00s Real=0.00s
[150.880s][info][gc,start       ] GC(1430) Pause Young (Concurrent Start) (G1 Humongous Allocation)
[150.880s][info][gc,task        ] GC(1430) Using 33 workers of 33 for evacuation
[150.884s][info][gc,phases      ] GC(1430)   Pre Evacuate Collection Set: 0.7ms
[150.884s][info][gc,phases      ] GC(1430)   Merge Heap Roots: 0.2ms
[150.884s][info][gc,phases      ] GC(1430)   Evacuate Collection Set: 2.2ms
[150.884s][info][gc,phases      ] GC(1430)   Post Evacuate Collection Set: 0.9ms
[150.884s][info][gc,phases      ] GC(1430)   Other: 0.2ms
[150.884s][info][gc,heap        ] GC(1430) Eden regions: 15->0(708)
[150.884s][info][gc,heap        ] GC(1430) Survivor regions: 2->2(89)
[150.884s][info][gc,heap        ] GC(1430) Old regions: 53->53
[150.884s][info][gc,heap        ] GC(1430) Archive regions: 0->0
[150.885s][info][gc,heap        ] GC(1430) Humongous regions: 1184->1180
[150.885s][info][gc,metaspace   ] GC(1430) Metaspace: 129055K(131136K)->129055K(131136K) NonClass: 110016K(110720K)->110016K(110720K) Class: 19038K(20416K)->19038K(20416K)
[150.885s][info][gc             ] GC(1430) Pause Young (Concurrent Start) (G1 Humongous Allocation) 1251M->1233M(2048M) 4.626ms
[150.885s][info][gc             ] GC(1431) Concurrent Mark Cycle
[150.885s][info][gc,cpu         ] GC(1430) User=0.00s Sys=0.00s Real=0.00s
[150.885s][info][gc,marking     ] GC(1431) Concurrent Scan Root Regions
[150.888s][info][gc,marking     ] GC(1431) Concurrent Scan Root Regions 3.114ms
[150.888s][info][gc,marking     ] GC(1431) Concurrent Mark
[150.888s][info][gc,marking     ] GC(1431) Concurrent Mark From Roots
[150.888s][info][gc,task        ] GC(1431) Using 8 workers of 8 for marking
[150.909s][info][gc,marking     ] GC(1431) Concurrent Mark From Roots 21.370ms
[150.909s][info][gc,marking     ] GC(1431) Concurrent Preclean
[150.910s][info][gc,marking     ] GC(1431) Concurrent Preclean 0.528ms
[150.910s][info][gc,start       ] GC(1431) Pause Remark
[150.915s][info][gc             ] GC(1431) Pause Remark 1239M->1115M(2048M) 5.252ms
[150.916s][info][gc,cpu         ] GC(1431) User=0.00s Sys=0.00s Real=0.00s
[150.916s][info][gc,marking     ] GC(1431) Concurrent Mark 27.743ms
[150.916s][info][gc,marking     ] GC(1431) Concurrent Rebuild Remembered Sets and Scrub Regions
[150.923s][info][gc,marking     ] GC(1431) Concurrent Rebuild Remembered Sets and Scrub Regions 7.038ms
[150.923s][info][gc,start       ] GC(1431) Pause Cleanup
[150.924s][info][gc             ] GC(1431) Pause Cleanup 1116M->1116M(2048M) 0.477ms
[150.924s][info][gc,cpu         ] GC(1431) User=0.00s Sys=0.00s Real=0.00s
[150.924s][info][gc,marking     ] GC(1431) Concurrent Clear Claimed Marks
[150.924s][info][gc,marking     ] GC(1431) Concurrent Clear Claimed Marks 0.173ms
[150.924s][info][gc,marking     ] GC(1431) Concurrent Cleanup for Next Mark
[150.926s][info][gc,marking     ] GC(1431) Concurrent Cleanup for Next Mark 1.593ms
[150.926s][info][gc             ] GC(1431) Concurrent Mark Cycle 40.956ms
[151.271s][info][gc,start       ] GC(1432) Pause Full (System.gc())
[151.271s][info][gc,task        ] GC(1432) Using 33 workers of 33 for full compaction
[151.273s][info][gc,phases,start] GC(1432) Phase 1: Mark live objects
[151.310s][info][gc,phases      ] GC(1432) Phase 1: Mark live objects 37.294ms
[151.310s][info][gc,phases,start] GC(1432) Phase 2: Prepare compaction
[151.313s][info][gc,phases      ] GC(1432) Phase 2: Prepare compaction 2.981ms
[151.313s][info][gc,phases,start] GC(1432) Phase 3: Adjust pointers
[151.324s][info][gc,phases      ] GC(1432) Phase 3: Adjust pointers 10.594ms
[151.324s][info][gc,phases,start] GC(1432) Phase 4: Compact heap
[151.324s][info][gc,phases      ] GC(1432) Phase 4: Compact heap 0.582ms
[151.339s][info][gc,heap        ] GC(1432) Eden regions: 10->0(881)
[151.339s][info][gc,heap        ] GC(1432) Survivor regions: 2->0(89)
[151.339s][info][gc,heap        ] GC(1432) Old regions: 53->56
[151.339s][info][gc,heap        ] GC(1432) Archive regions: 0->0
[151.339s][info][gc,heap        ] GC(1432) Humongous regions: 1061->1008
[151.339s][info][gc,metaspace   ] GC(1432) Metaspace: 129058K(131136K)->129058K(131136K) NonClass: 110019K(110720K)->110019K(110720K) Class: 19039K(20416K)->19039K(20416K)
[151.339s][info][gc             ] GC(1432) Pause Full (System.gc()) 1123M->1054M(2048M) 68.199ms
[151.339s][info][gc,cpu         ] GC(1432) User=1.56s Sys=0.00s Real=0.06s
[151.391s][info][gc,start       ] GC(1433) Pause Young (Concurrent Start) (G1 Humongous Allocation)
[151.391s][info][gc,task        ] GC(1433) Using 33 workers of 33 for evacuation
[151.395s][info][gc,phases      ] GC(1433)   Pre Evacuate Collection Set: 0.5ms
[151.395s][info][gc,phases      ] GC(1433)   Merge Heap Roots: 0.1ms
[151.395s][info][gc,phases      ] GC(1433)   Evacuate Collection Set: 2.0ms
[151.395s][info][gc,phases      ] GC(1433)   Post Evacuate Collection Set: 0.7ms
[151.395s][info][gc,phases      ] GC(1433)   Other: 0.1ms
[151.395s][info][gc,heap        ] GC(1433) Eden regions: 7->0(879)
[151.395s][info][gc,heap        ] GC(1433) Survivor regions: 0->1(111)
[151.395s][info][gc,heap        ] GC(1433) Old regions: 56->56
[151.395s][info][gc,heap        ] GC(1433) Archive regions: 0->0
[151.395s][info][gc,heap        ] GC(1433) Humongous regions: 1008->1008
[151.395s][info][gc,metaspace   ] GC(1433) Metaspace: 129178K(131264K)->129178K(131264K) NonClass: 110139K(110848K)->110139K(110848K) Class: 19039K(20416K)->19039K(20416K)
[151.395s][info][gc             ] GC(1433) Pause Young (Concurrent Start) (G1 Humongous Allocation) 1061M->1055M(2048M) 3.744ms
[151.395s][info][gc             ] GC(1434) Concurrent Mark Cycle
[151.395s][info][gc,cpu         ] GC(1433) User=0.00s Sys=0.00s Real=0.00s
[151.395s][info][gc,marking     ] GC(1434) Concurrent Scan Root Regions
[151.397s][info][gc,marking     ] GC(1434) Concurrent Scan Root Regions 2.279ms
[151.397s][info][gc,marking     ] GC(1434) Concurrent Mark
[151.397s][info][gc,marking     ] GC(1434) Concurrent Mark From Roots
[151.397s][info][gc,task        ] GC(1434) Using 8 workers of 8 for marking
[151.423s][info][gc,marking     ] GC(1434) Concurrent Mark From Roots 26.159ms
[151.424s][info][gc,marking     ] GC(1434) Concurrent Preclean
[151.424s][info][gc,marking     ] GC(1434) Concurrent Preclean 0.729ms
[151.425s][info][gc,start       ] GC(1434) Pause Remark
[151.429s][info][gc             ] GC(1434) Pause Remark 1156M->1156M(2048M) 4.052ms
[151.429s][info][gc,cpu         ] GC(1434) User=0.00s Sys=0.00s Real=0.00s
[151.429s][info][gc,marking     ] GC(1434) Concurrent Mark 31.677ms
[151.429s][info][gc,marking     ] GC(1434) Concurrent Rebuild Remembered Sets and Scrub Regions
[151.442s][info][gc,marking     ] GC(1434) Concurrent Rebuild Remembered Sets and Scrub Regions 13.138ms
[151.443s][info][gc,start       ] GC(1434) Pause Cleanup
[151.443s][info][gc             ] GC(1434) Pause Cleanup 1337M->1337M(2048M) 0.505ms
[151.443s][info][gc,cpu         ] GC(1434) User=0.00s Sys=0.00s Real=0.00s
[151.444s][info][gc,marking     ] GC(1434) Concurrent Clear Claimed Marks
[151.444s][info][gc,marking     ] GC(1434) Concurrent Clear Claimed Marks 0.886ms
[151.445s][info][gc,marking     ] GC(1434) Concurrent Cleanup for Next Mark
[151.452s][info][gc,marking     ] GC(1434) Concurrent Cleanup for Next Mark 7.578ms
[151.452s][info][gc             ] GC(1434) Concurrent Mark Cycle 57.548ms
[151.490s][info][gc,start       ] GC(1435) Pause Young (Prepare Mixed) (G1 Evacuation Pause)
[151.490s][info][gc,task        ] GC(1435) Using 33 workers of 33 for evacuation
[151.493s][info][gc,phases      ] GC(1435)   Pre Evacuate Collection Set: 0.3ms
[151.493s][info][gc,phases      ] GC(1435)   Merge Heap Roots: 0.8ms
[151.494s][info][gc,phases      ] GC(1435)   Evacuate Collection Set: 1.5ms
[151.494s][info][gc,phases      ] GC(1435)   Post Evacuate Collection Set: 0.8ms
[151.494s][info][gc,phases      ] GC(1435)   Other: 0.1ms
[151.494s][info][gc,heap        ] GC(1435) Eden regions: 879->0(857)
[151.494s][info][gc,heap        ] GC(1435) Survivor regions: 1->12(99)
[151.494s][info][gc,heap        ] GC(1435) Old regions: 56->56
[151.494s][info][gc,heap        ] GC(1435) Archive regions: 0->0
[151.494s][info][gc,heap        ] GC(1435) Humongous regions: 1013->1008
[151.494s][info][gc,metaspace   ] GC(1435) Metaspace: 129275K(131328K)->129275K(131328K) NonClass: 110235K(110912K)->110235K(110912K) Class: 19039K(20416K)->19039K(20416K)
[151.494s][info][gc             ] GC(1435) Pause Young (Prepare Mixed) (G1 Evacuation Pause) 1939M->1066M(2048M) 3.893ms
[151.494s][info][gc,cpu         ] GC(1435) User=0.00s Sys=0.00s Real=0.00s
[151.554s][info][gc,start       ] GC(1436) Pause Young (Mixed) (G1 Evacuation Pause)
[151.554s][info][gc,task        ] GC(1436) Using 33 workers of 33 for evacuation
[151.558s][info][gc,phases      ] GC(1436)   Pre Evacuate Collection Set: 0.3ms
[151.558s][info][gc,phases      ] GC(1436)   Merge Heap Roots: 0.3ms
[151.558s][info][gc,phases      ] GC(1436)   Evacuate Collection Set: 1.8ms
[151.558s][info][gc,phases      ] GC(1436)   Post Evacuate Collection Set: 0.8ms
[151.558s][info][gc,phases      ] GC(1436)   Other: 0.1ms
[151.558s][info][gc,heap        ] GC(1436) Eden regions: 857->0(848)
[151.558s][info][gc,heap        ] GC(1436) Survivor regions: 12->14(109)
[151.558s][info][gc,heap        ] GC(1436) Old regions: 56->55
[151.558s][info][gc,heap        ] GC(1436) Archive regions: 0->0
[151.558s][info][gc,heap        ] GC(1436) Humongous regions: 1014->1014
[151.558s][info][gc,metaspace   ] GC(1436) Metaspace: 129275K(131328K)->129275K(131328K) NonClass: 110236K(110912K)->110236K(110912K) Class: 19039K(20416K)->19039K(20416K)
[151.558s][info][gc             ] GC(1436) Pause Young (Mixed) (G1 Evacuation Pause) 1929M->1074M(2048M) 3.561ms
[151.558s][info][gc,cpu         ] GC(1436) User=0.00s Sys=0.00s Real=0.00s
[151.559s][info][gc,start       ] GC(1437) Pause Young (Concurrent Start) (G1 Humongous Allocation)
[151.559s][info][gc,task        ] GC(1437) Using 33 workers of 33 for evacuation
[151.562s][info][gc,phases      ] GC(1437)   Pre Evacuate Collection Set: 0.4ms
[151.562s][info][gc,phases      ] GC(1437)   Merge Heap Roots: 0.1ms
[151.562s][info][gc,phases      ] GC(1437)   Evacuate Collection Set: 1.9ms
[151.562s][info][gc,phases      ] GC(1437)   Post Evacuate Collection Set: 0.6ms
[151.562s][info][gc,phases      ] GC(1437)   Other: 0.1ms
[151.562s][info][gc,heap        ] GC(1437) Eden regions: 23->0(850)
[151.562s][info][gc,heap        ] GC(1437) Survivor regions: 14->13(108)
[151.562s][info][gc,heap        ] GC(1437) Old regions: 55->55
[151.563s][info][gc,heap        ] GC(1437) Archive regions: 0->0
[151.563s][info][gc,heap        ] GC(1437) Humongous regions: 1014->1014
[151.563s][info][gc,metaspace   ] GC(1437) Metaspace: 129275K(131328K)->129275K(131328K) NonClass: 110236K(110912K)->110236K(110912K) Class: 19039K(20416K)->19039K(20416K)
[151.563s][info][gc             ] GC(1437) Pause Young (Concurrent Start) (G1 Humongous Allocation) 1097M->1072M(2048M) 3.212ms
[151.563s][info][gc             ] GC(1438) Concurrent Mark Cycle
[151.563s][info][gc,cpu         ] GC(1437) User=0.02s Sys=0.00s Real=0.02s
[151.563s][info][gc,marking     ] GC(1438) Concurrent Scan Root Regions
[151.582s][info][gc,marking     ] GC(1438) Concurrent Scan Root Regions 19.397ms
[151.583s][info][gc,marking     ] GC(1438) Concurrent Mark
[151.583s][info][gc,marking     ] GC(1438) Concurrent Mark From Roots
[151.583s][info][gc,task        ] GC(1438) Using 8 workers of 8 for marking
[151.624s][info][gc,start       ] GC(1439) Pause Young (Normal) (G1 Evacuation Pause)
[151.624s][info][gc,task        ] GC(1439) Using 33 workers of 33 for evacuation
[151.627s][info][gc,phases      ] GC(1439)   Pre Evacuate Collection Set: 0.3ms
[151.627s][info][gc,phases      ] GC(1439)   Merge Heap Roots: 0.3ms
[151.627s][info][gc,phases      ] GC(1439)   Evacuate Collection Set: 1.3ms
[151.627s][info][gc,phases      ] GC(1439)   Post Evacuate Collection Set: 0.8ms
[151.627s][info][gc,phases      ] GC(1439)   Other: 0.1ms
[151.627s][info][gc,heap        ] GC(1439) Eden regions: 850->0(842)
[151.627s][info][gc,heap        ] GC(1439) Survivor regions: 13->10(94)
[151.627s][info][gc,heap        ] GC(1439) Old regions: 55->55
[151.627s][info][gc,heap        ] GC(1439) Archive regions: 0->0
[151.627s][info][gc,heap        ] GC(1439) Humongous regions: 1036->1028
[151.627s][info][gc,metaspace   ] GC(1439) Metaspace: 129275K(131328K)->129275K(131328K) NonClass: 110236K(110912K)->110236K(110912K) Class: 19039K(20416K)->19039K(20416K)
[151.627s][info][gc             ] GC(1439) Pause Young (Normal) (G1 Evacuation Pause) 1944M->1084M(2048M) 2.985ms
[151.627s][info][gc,cpu         ] GC(1439) User=0.00s Sys=0.00s Real=0.00s
[151.637s][info][gc,marking     ] GC(1438) Concurrent Mark From Roots 54.813ms
[151.638s][info][gc,marking     ] GC(1438) Concurrent Preclean
[151.641s][info][gc,marking     ] GC(1438) Concurrent Preclean 3.068ms
[151.642s][info][gc,start       ] GC(1438) Pause Remark
[151.648s][info][gc             ] GC(1438) Pause Remark 1298M->1298M(2048M) 5.776ms
[151.648s][info][gc,cpu         ] GC(1438) User=0.17s Sys=0.00s Real=0.01s
[151.648s][info][gc,marking     ] GC(1438) Concurrent Mark 65.226ms
[151.648s][info][gc,marking     ] GC(1438) Concurrent Rebuild Remembered Sets and Scrub Regions
[151.670s][info][gc,marking     ] GC(1438) Concurrent Rebuild Remembered Sets and Scrub Regions 21.833ms
[151.671s][info][gc,start       ] GC(1438) Pause Cleanup
[151.672s][info][gc             ] GC(1438) Pause Cleanup 1636M->1636M(2048M) 0.337ms
[151.672s][info][gc,cpu         ] GC(1438) User=0.00s Sys=0.00s Real=0.00s
[151.672s][info][gc,marking     ] GC(1438) Concurrent Clear Claimed Marks
[151.673s][info][gc,marking     ] GC(1438) Concurrent Clear Claimed Marks 1.017ms
[151.673s][info][gc,marking     ] GC(1438) Concurrent Cleanup for Next Mark
[151.682s][info][gc,marking     ] GC(1438) Concurrent Cleanup for Next Mark 9.405ms
[151.683s][info][gc             ] GC(1438) Concurrent Mark Cycle 120.276ms
[151.696s][info][gc,start       ] GC(1440) Pause Young (Prepare Mixed) (G1 Evacuation Pause)
[151.696s][info][gc,task        ] GC(1440) Using 33 workers of 33 for evacuation
[151.699s][info][gc,phases      ] GC(1440)   Pre Evacuate Collection Set: 0.3ms
[151.699s][info][gc,phases      ] GC(1440)   Merge Heap Roots: 0.8ms
[151.699s][info][gc,phases      ] GC(1440)   Evacuate Collection Set: 1.2ms
[151.699s][info][gc,phases      ] GC(1440)   Post Evacuate Collection Set: 0.8ms
[151.699s][info][gc,phases      ] GC(1440)   Other: 0.1ms
[151.699s][info][gc,heap        ] GC(1440) Eden regions: 842->0(828)
[151.699s][info][gc,heap        ] GC(1440) Survivor regions: 10->10(93)
[151.699s][info][gc,heap        ] GC(1440) Old regions: 55->55
[151.699s][info][gc,heap        ] GC(1440) Archive regions: 0->0
[151.699s][info][gc,heap        ] GC(1440) Humongous regions: 1048->1042
[151.699s][info][gc,metaspace   ] GC(1440) Metaspace: 129275K(131328K)->129275K(131328K) NonClass: 110236K(110912K)->110236K(110912K) Class: 19039K(20416K)->19039K(20416K)
[151.699s][info][gc             ] GC(1440) Pause Young (Prepare Mixed) (G1 Evacuation Pause) 1946M->1098M(2048M) 3.455ms
[151.699s][info][gc,cpu         ] GC(1440) User=0.00s Sys=0.00s Real=0.00s
[151.758s][info][gc,start       ] GC(1441) Pause Young (Mixed) (G1 Evacuation Pause)
[151.758s][info][gc,task        ] GC(1441) Using 33 workers of 33 for evacuation
[151.762s][info][gc,phases      ] GC(1441)   Pre Evacuate Collection Set: 0.3ms
[151.762s][info][gc,phases      ] GC(1441)   Merge Heap Roots: 0.3ms
[151.762s][info][gc,phases      ] GC(1441)   Evacuate Collection Set: 1.7ms
[151.762s][info][gc,phases      ] GC(1441)   Post Evacuate Collection Set: 0.8ms
[151.762s][info][gc,phases      ] GC(1441)   Other: 0.1ms
[151.762s][info][gc,heap        ] GC(1441) Eden regions: 828->0(822)
[151.762s][info][gc,heap        ] GC(1441) Survivor regions: 10->10(93)
[151.762s][info][gc,heap        ] GC(1441) Old regions: 55->53
[151.762s][info][gc,heap        ] GC(1441) Archive regions: 0->0
[151.762s][info][gc,heap        ] GC(1441) Humongous regions: 1062->1050
[151.762s][info][gc,metaspace   ] GC(1441) Metaspace: 129275K(131328K)->129275K(131328K) NonClass: 110236K(110912K)->110236K(110912K) Class: 19039K(20416K)->19039K(20416K)
[151.762s][info][gc             ] GC(1441) Pause Young (Mixed) (G1 Evacuation Pause) 1946M->1106M(2048M) 3.432ms
[151.762s][info][gc,cpu         ] GC(1441) User=0.00s Sys=0.00s Real=0.00s
[151.763s][info][gc,start       ] GC(1442) Pause Young (Concurrent Start) (G1 Humongous Allocation)
[151.763s][info][gc,task        ] GC(1442) Using 33 workers of 33 for evacuation
[151.766s][info][gc,phases      ] GC(1442)   Pre Evacuate Collection Set: 0.4ms
[151.766s][info][gc,phases      ] GC(1442)   Merge Heap Roots: 0.1ms
[151.766s][info][gc,phases      ] GC(1442)   Evacuate Collection Set: 1.7ms
[151.766s][info][gc,phases      ] GC(1442)   Post Evacuate Collection Set: 0.5ms
[151.766s][info][gc,phases      ] GC(1442)   Other: 0.1ms
[151.766s][info][gc,heap        ] GC(1442) Eden regions: 24->0(824)
[151.766s][info][gc,heap        ] GC(1442) Survivor regions: 10->10(104)
[151.766s][info][gc,heap        ] GC(1442) Old regions: 53->53
[151.766s][info][gc,heap        ] GC(1442) Archive regions: 0->0
[151.766s][info][gc,heap        ] GC(1442) Humongous regions: 1050->1048
[151.766s][info][gc,metaspace   ] GC(1442) Metaspace: 129275K(131328K)->129275K(131328K) NonClass: 110236K(110912K)->110236K(110912K) Class: 19039K(20416K)->19039K(20416K)
[151.766s][info][gc             ] GC(1442) Pause Young (Concurrent Start) (G1 Humongous Allocation) 1130M->1104M(2048M) 3.058ms
[151.766s][info][gc             ] GC(1443) Concurrent Mark Cycle
[151.766s][info][gc,cpu         ] GC(1442) User=0.00s Sys=0.00s Real=0.00s
[151.766s][info][gc,marking     ] GC(1443) Concurrent Scan Root Regions
[151.786s][info][gc,marking     ] GC(1443) Concurrent Scan Root Regions 19.520ms
[151.786s][info][gc,marking     ] GC(1443) Concurrent Mark
[151.786s][info][gc,marking     ] GC(1443) Concurrent Mark From Roots
[151.786s][info][gc,task        ] GC(1443) Using 8 workers of 8 for marking
[151.827s][info][gc,start       ] GC(1444) Pause Young (Normal) (G1 Evacuation Pause)
[151.827s][info][gc,task        ] GC(1444) Using 33 workers of 33 for evacuation
[151.829s][info][gc,phases      ] GC(1444)   Pre Evacuate Collection Set: 0.3ms
[151.829s][info][gc,phases      ] GC(1444)   Merge Heap Roots: 0.3ms
[151.829s][info][gc,phases      ] GC(1444)   Evacuate Collection Set: 1.2ms
[151.829s][info][gc,phases      ] GC(1444)   Post Evacuate Collection Set: 0.8ms
[151.829s][info][gc,phases      ] GC(1444)   Other: 0.1ms
[151.829s][info][gc,heap        ] GC(1444) Eden regions: 824->0(816)
[151.829s][info][gc,heap        ] GC(1444) Survivor regions: 10->10(97)
[151.829s][info][gc,heap        ] GC(1444) Old regions: 53->53
[151.829s][info][gc,heap        ] GC(1444) Archive regions: 0->0
[151.829s][info][gc,heap        ] GC(1444) Humongous regions: 1064->1056
[151.829s][info][gc,metaspace   ] GC(1444) Metaspace: 129275K(131328K)->129275K(131328K) NonClass: 110236K(110912K)->110236K(110912K) Class: 19039K(20416K)->19039K(20416K)
[151.829s][info][gc             ] GC(1444) Pause Young (Normal) (G1 Evacuation Pause) 1944M->1112M(2048M) 2.845ms
[151.830s][info][gc,cpu         ] GC(1444) User=0.52s Sys=0.00s Real=0.02s
[151.845s][info][gc,marking     ] GC(1443) Concurrent Mark From Roots 59.063ms
[151.846s][info][gc,marking     ] GC(1443) Concurrent Preclean
[151.848s][info][gc,marking     ] GC(1443) Concurrent Preclean 2.640ms
[151.849s][info][gc,start       ] GC(1443) Pause Remark
[151.852s][info][gc             ] GC(1443) Pause Remark 1399M->1399M(2048M) 3.235ms
[151.852s][info][gc,cpu         ] GC(1443) User=0.00s Sys=0.00s Real=0.00s
[151.852s][info][gc,marking     ] GC(1443) Concurrent Mark 66.363ms
[151.853s][info][gc,marking     ] GC(1443) Concurrent Rebuild Remembered Sets and Scrub Regions
[151.876s][info][gc,marking     ] GC(1443) Concurrent Rebuild Remembered Sets and Scrub Regions 23.616ms
[151.877s][info][gc,start       ] GC(1443) Pause Cleanup
[151.877s][info][gc             ] GC(1443) Pause Cleanup 1753M->1753M(2048M) 0.307ms
[151.877s][info][gc,cpu         ] GC(1443) User=0.00s Sys=0.00s Real=0.00s
[151.878s][info][gc,marking     ] GC(1443) Concurrent Clear Claimed Marks
[151.879s][info][gc,marking     ] GC(1443) Concurrent Clear Claimed Marks 1.467ms
[151.879s][info][gc,marking     ] GC(1443) Concurrent Cleanup for Next Mark
[151.889s][info][gc,marking     ] GC(1443) Concurrent Cleanup for Next Mark 9.587ms
[151.889s][info][gc             ] GC(1443) Concurrent Mark Cycle 123.210ms
[151.893s][info][gc,start       ] GC(1445) Pause Young (Prepare Mixed) (G1 Evacuation Pause)
[151.893s][info][gc,task        ] GC(1445) Using 33 workers of 33 for evacuation
[151.896s][info][gc,phases      ] GC(1445)   Pre Evacuate Collection Set: 0.3ms
[151.896s][info][gc,phases      ] GC(1445)   Merge Heap Roots: 0.8ms
[151.896s][info][gc,phases      ] GC(1445)   Evacuate Collection Set: 1.3ms
[151.896s][info][gc,phases      ] GC(1445)   Post Evacuate Collection Set: 0.8ms
[151.896s][info][gc,phases      ] GC(1445)   Other: 0.1ms
[151.896s][info][gc,heap        ] GC(1445) Eden regions: 816->0(802)
[151.896s][info][gc,heap        ] GC(1445) Survivor regions: 10->10(99)
[151.896s][info][gc,heap        ] GC(1445) Old regions: 53->53
[151.896s][info][gc,heap        ] GC(1445) Archive regions: 0->0
[151.896s][info][gc,heap        ] GC(1445) Humongous regions: 1070->1070
[151.896s][info][gc,metaspace   ] GC(1445) Metaspace: 129275K(131328K)->129275K(131328K) NonClass: 110236K(110912K)->110236K(110912K) Class: 19039K(20416K)->19039K(20416K)
[151.896s][info][gc             ] GC(1445) Pause Young (Prepare Mixed) (G1 Evacuation Pause) 1942M->1126M(2048M) 3.468ms
[151.896s][info][gc,cpu         ] GC(1445) User=0.00s Sys=0.00s Real=0.00s
[151.955s][info][gc,start       ] GC(1446) Pause Young (Mixed) (G1 Evacuation Pause)
[151.955s][info][gc,task        ] GC(1446) Using 33 workers of 33 for evacuation
[151.958s][info][gc,phases      ] GC(1446)   Pre Evacuate Collection Set: 0.3ms
[151.958s][info][gc,phases      ] GC(1446)   Merge Heap Roots: 0.3ms
[151.958s][info][gc,phases      ] GC(1446)   Evacuate Collection Set: 1.8ms
[151.958s][info][gc,phases      ] GC(1446)   Post Evacuate Collection Set: 0.8ms
[151.958s][info][gc,phases      ] GC(1446)   Other: 0.1ms
[151.958s][info][gc,heap        ] GC(1446) Eden regions: 802->0(785)
[151.958s][info][gc,heap        ] GC(1446) Survivor regions: 10->10(78)
[151.958s][info][gc,heap        ] GC(1446) Old regions: 53->51
[151.958s][info][gc,heap        ] GC(1446) Archive regions: 0->0
[151.958s][info][gc,heap        ] GC(1446) Humongous regions: 1105->1089
[151.958s][info][gc,metaspace   ] GC(1446) Metaspace: 129275K(131328K)->129275K(131328K) NonClass: 110236K(110912K)->110236K(110912K) Class: 19039K(20416K)->19039K(20416K)
[151.958s][info][gc             ] GC(1446) Pause Young (Mixed) (G1 Evacuation Pause) 1963M->1145M(2048M) 3.479ms
[151.958s][info][gc,cpu         ] GC(1446) User=0.00s Sys=0.00s Real=0.00s
[151.967s][info][gc,start       ] GC(1447) Pause Young (Concurrent Start) (G1 Humongous Allocation)
[151.967s][info][gc,task        ] GC(1447) Using 33 workers of 33 for evacuation
[151.971s][info][gc,phases      ] GC(1447)   Pre Evacuate Collection Set: 0.5ms
[151.971s][info][gc,phases      ] GC(1447)   Merge Heap Roots: 0.1ms
[151.971s][info][gc,phases      ] GC(1447)   Evacuate Collection Set: 1.9ms
[151.971s][info][gc,phases      ] GC(1447)   Post Evacuate Collection Set: 0.6ms
[151.971s][info][gc,phases      ] GC(1447)   Other: 0.1ms
[151.971s][info][gc,heap        ] GC(1447) Eden regions: 128->0(797)
[151.971s][info][gc,heap        ] GC(1447) Survivor regions: 10->10(100)
[151.971s][info][gc,heap        ] GC(1447) Old regions: 51->51
[151.971s][info][gc,heap        ] GC(1447) Archive regions: 0->0
[151.971s][info][gc,heap        ] GC(1447) Humongous regions: 1089->1077
[151.971s][info][gc,metaspace   ] GC(1447) Metaspace: 129275K(131328K)->129275K(131328K) NonClass: 110236K(110912K)->110236K(110912K) Class: 19039K(20416K)->19039K(20416K)
[151.971s][info][gc             ] GC(1447) Pause Young (Concurrent Start) (G1 Humongous Allocation) 1273M->1133M(2048M) 3.349ms
[151.971s][info][gc             ] GC(1448) Concurrent Mark Cycle
[151.971s][info][gc,marking     ] GC(1448) Concurrent Scan Root Regions
[151.971s][info][gc,cpu         ] GC(1447) User=0.03s Sys=0.00s Real=0.02s
[151.991s][info][gc,marking     ] GC(1448) Concurrent Scan Root Regions 19.615ms
[151.991s][info][gc,marking     ] GC(1448) Concurrent Mark
[151.991s][info][gc,marking     ] GC(1448) Concurrent Mark From Roots
[151.991s][info][gc,task        ] GC(1448) Using 8 workers of 8 for marking
[152.030s][info][gc,start       ] GC(1449) Pause Young (Normal) (G1 Evacuation Pause)
[152.030s][info][gc,task        ] GC(1449) Using 33 workers of 33 for evacuation
[152.033s][info][gc,phases      ] GC(1449)   Pre Evacuate Collection Set: 0.3ms
[152.033s][info][gc,phases      ] GC(1449)   Merge Heap Roots: 0.3ms
[152.033s][info][gc,phases      ] GC(1449)   Evacuate Collection Set: 1.3ms
[152.033s][info][gc,phases      ] GC(1449)   Post Evacuate Collection Set: 0.7ms
[152.033s][info][gc,phases      ] GC(1449)   Other: 0.1ms
[152.033s][info][gc,heap        ] GC(1449) Eden regions: 797->0(777)
[152.033s][info][gc,heap        ] GC(1449) Survivor regions: 10->10(81)
[152.033s][info][gc,heap        ] GC(1449) Old regions: 51->51
[152.033s][info][gc,heap        ] GC(1449) Archive regions: 0->0
[152.033s][info][gc,heap        ] GC(1449) Humongous regions: 1109->1097
[152.033s][info][gc,metaspace   ] GC(1449) Metaspace: 129275K(131328K)->129275K(131328K) NonClass: 110236K(110912K)->110236K(110912K) Class: 19039K(20416K)->19039K(20416K)
[152.033s][info][gc             ] GC(1449) Pause Young (Normal) (G1 Evacuation Pause) 1962M->1152M(2048M) 2.909ms
[152.033s][info][gc,cpu         ] GC(1449) User=0.00s Sys=0.00s Real=0.00s
[152.052s][info][gc,marking     ] GC(1448) Concurrent Mark From Roots 61.163ms
[152.053s][info][gc,marking     ] GC(1448) Concurrent Preclean
[152.055s][info][gc,marking     ] GC(1448) Concurrent Preclean 2.762ms
[152.056s][info][gc,start       ] GC(1448) Pause Remark
[152.059s][info][gc             ] GC(1448) Pause Remark 1472M->1472M(2048M) 3.188ms
[152.060s][info][gc,cpu         ] GC(1448) User=0.00s Sys=0.00s Real=0.00s
[152.060s][info][gc,marking     ] GC(1448) Concurrent Mark 68.722ms
[152.060s][info][gc,marking     ] GC(1448) Concurrent Rebuild Remembered Sets and Scrub Regions
[152.084s][info][gc,marking     ] GC(1448) Concurrent Rebuild Remembered Sets and Scrub Regions 24.163ms
[152.085s][info][gc,start       ] GC(1448) Pause Cleanup
[152.085s][info][gc             ] GC(1448) Pause Cleanup 1835M->1835M(2048M) 0.328ms
[152.086s][info][gc,cpu         ] GC(1448) User=0.00s Sys=0.00s Real=0.00s
[152.086s][info][gc,marking     ] GC(1448) Concurrent Clear Claimed Marks
[152.087s][info][gc,marking     ] GC(1448) Concurrent Clear Claimed Marks 1.005ms
[152.087s][info][gc,marking     ] GC(1448) Concurrent Cleanup for Next Mark
[152.096s][info][gc,marking     ] GC(1448) Concurrent Cleanup for Next Mark 9.449ms
[152.097s][info][gc,start       ] GC(1450) Pause Young (Prepare Mixed) (G1 Evacuation Pause)
[152.097s][info][gc,task        ] GC(1450) Using 33 workers of 33 for evacuation
[152.100s][info][gc,phases      ] GC(1450)   Pre Evacuate Collection Set: 0.3ms
[152.100s][info][gc,phases      ] GC(1450)   Merge Heap Roots: 0.8ms
[152.100s][info][gc,phases      ] GC(1450)   Evacuate Collection Set: 1.3ms
[152.100s][info][gc,phases      ] GC(1450)   Post Evacuate Collection Set: 0.8ms
[152.100s][info][gc,phases      ] GC(1450)   Other: 0.1ms
[152.100s][info][gc,heap        ] GC(1450) Eden regions: 777->0(779)
[152.100s][info][gc,heap        ] GC(1450) Survivor regions: 10->10(78)
[152.100s][info][gc,heap        ] GC(1450) Old regions: 51->51
[152.100s][info][gc,heap        ] GC(1450) Archive regions: 0->0
[152.101s][info][gc,heap        ] GC(1450) Humongous regions: 1132->1095
[152.101s][info][gc,metaspace   ] GC(1450) Metaspace: 129275K(131328K)->129275K(131328K) NonClass: 110236K(110912K)->110236K(110912K) Class: 19039K(20416K)->19039K(20416K)
[152.101s][info][gc             ] GC(1450) Pause Young (Prepare Mixed) (G1 Evacuation Pause) 1964M->1151M(2048M) 3.484ms
[152.101s][info][gc,cpu         ] GC(1450) User=0.02s Sys=0.00s Real=0.02s
[152.101s][info][gc             ] GC(1448) Concurrent Mark Cycle 129.884ms
[152.161s][info][gc,start       ] GC(1451) Pause Young (Mixed) (G1 Evacuation Pause)
[152.161s][info][gc,task        ] GC(1451) Using 33 workers of 33 for evacuation
[152.165s][info][gc,phases      ] GC(1451)   Pre Evacuate Collection Set: 0.3ms
[152.165s][info][gc,phases      ] GC(1451)   Merge Heap Roots: 0.3ms
[152.165s][info][gc,phases      ] GC(1451)   Evacuate Collection Set: 1.8ms
[152.165s][info][gc,phases      ] GC(1451)   Post Evacuate Collection Set: 0.8ms
[152.165s][info][gc,phases      ] GC(1451)   Other: 0.1ms
[152.165s][info][gc,heap        ] GC(1451) Eden regions: 779->0(787)
[152.165s][info][gc,heap        ] GC(1451) Survivor regions: 10->11(56)
[152.165s][info][gc,heap        ] GC(1451) Old regions: 51->50
[152.165s][info][gc,heap        ] GC(1451) Archive regions: 0->0
[152.165s][info][gc,heap        ] GC(1451) Humongous regions: 1152->1086
[152.165s][info][gc,metaspace   ] GC(1451) Metaspace: 129275K(131328K)->129275K(131328K) NonClass: 110236K(110912K)->110236K(110912K) Class: 19039K(20416K)->19039K(20416K)
[152.165s][info][gc             ] GC(1451) Pause Young (Mixed) (G1 Evacuation Pause) 1987M->1143M(2048M) 3.480ms
[152.165s][info][gc,cpu         ] GC(1451) User=0.00s Sys=0.00s Real=0.00s
[152.178s][info][gc,start       ] GC(1452) Pause Young (Concurrent Start) (G1 Humongous Allocation)
[152.178s][info][gc,task        ] GC(1452) Using 33 workers of 33 for evacuation
[152.181s][info][gc,phases      ] GC(1452)   Pre Evacuate Collection Set: 0.5ms
[152.181s][info][gc,phases      ] GC(1452)   Merge Heap Roots: 0.1ms
[152.181s][info][gc,phases      ] GC(1452)   Evacuate Collection Set: 1.9ms
[152.181s][info][gc,phases      ] GC(1452)   Post Evacuate Collection Set: 0.6ms
[152.181s][info][gc,phases      ] GC(1452)   Other: 0.1ms
[152.181s][info][gc,heap        ] GC(1452) Eden regions: 184->0(807)
[152.181s][info][gc,heap        ] GC(1452) Survivor regions: 11->12(100)
[152.181s][info][gc,heap        ] GC(1452) Old regions: 50->51
[152.181s][info][gc,heap        ] GC(1452) Archive regions: 0->0
[152.182s][info][gc,heap        ] GC(1452) Humongous regions: 1086->1063
[152.182s][info][gc,metaspace   ] GC(1452) Metaspace: 129275K(131328K)->129275K(131328K) NonClass: 110236K(110912K)->110236K(110912K) Class: 19039K(20416K)->19039K(20416K)
[152.182s][info][gc             ] GC(1452) Pause Young (Concurrent Start) (G1 Humongous Allocation) 1327M->1121M(2048M) 3.412ms
[152.182s][info][gc             ] GC(1453) Concurrent Mark Cycle
[152.182s][info][gc,marking     ] GC(1453) Concurrent Scan Root Regions
[152.182s][info][gc,cpu         ] GC(1452) User=0.00s Sys=0.00s Real=0.00s
[152.202s][info][gc,marking     ] GC(1453) Concurrent Scan Root Regions 19.870ms
[152.202s][info][gc,marking     ] GC(1453) Concurrent Mark
[152.202s][info][gc,marking     ] GC(1453) Concurrent Mark From Roots
[152.202s][info][gc,task        ] GC(1453) Using 8 workers of 8 for marking
[152.242s][info][gc,start       ] GC(1454) Pause Young (Normal) (G1 Evacuation Pause)
[152.242s][info][gc,task        ] GC(1454) Using 33 workers of 33 for evacuation
[152.244s][info][gc,phases      ] GC(1454)   Pre Evacuate Collection Set: 0.3ms
[152.244s][info][gc,phases      ] GC(1454)   Merge Heap Roots: 0.3ms
[152.244s][info][gc,phases      ] GC(1454)   Evacuate Collection Set: 1.3ms
[152.244s][info][gc,phases      ] GC(1454)   Post Evacuate Collection Set: 0.8ms
[152.244s][info][gc,phases      ] GC(1454)   Other: 0.1ms
[152.244s][info][gc,heap        ] GC(1454) Eden regions: 807->0(807)
[152.244s][info][gc,heap        ] GC(1454) Survivor regions: 12->2(89)
[152.244s][info][gc,heap        ] GC(1454) Old regions: 51->58
[152.244s][info][gc,heap        ] GC(1454) Archive regions: 0->0
[152.244s][info][gc,heap        ] GC(1454) Humongous regions: 1089->1076
[152.245s][info][gc,metaspace   ] GC(1454) Metaspace: 129275K(131328K)->129275K(131328K) NonClass: 110236K(110912K)->110236K(110912K) Class: 19039K(20416K)->19039K(20416K)
[152.245s][info][gc             ] GC(1454) Pause Young (Normal) (G1 Evacuation Pause) 1954M->1132M(2048M) 2.962ms
[152.245s][info][gc,cpu         ] GC(1454) User=0.00s Sys=0.00s Real=0.00s
[152.254s][info][gc,marking     ] GC(1453) Concurrent Mark From Roots 52.365ms
[152.255s][info][gc,marking     ] GC(1453) Concurrent Preclean
[152.258s][info][gc,marking     ] GC(1453) Concurrent Preclean 2.818ms
[152.258s][info][gc,start       ] GC(1453) Pause Remark
[152.262s][info][gc             ] GC(1453) Pause Remark 1328M->1328M(2048M) 3.201ms
[152.262s][info][gc,cpu         ] GC(1453) User=0.00s Sys=0.00s Real=0.00s
[152.262s][info][gc,marking     ] GC(1453) Concurrent Mark 59.853ms
[152.262s][info][gc,marking     ] GC(1453) Concurrent Rebuild Remembered Sets and Scrub Regions
[152.285s][info][gc,marking     ] GC(1453) Concurrent Rebuild Remembered Sets and Scrub Regions 22.939ms
[152.286s][info][gc,start       ] GC(1453) Pause Cleanup
[152.286s][info][gc             ] GC(1453) Pause Cleanup 1675M->1675M(2048M) 0.333ms
[152.286s][info][gc,cpu         ] GC(1453) User=0.00s Sys=0.00s Real=0.00s
[152.287s][info][gc,marking     ] GC(1453) Concurrent Clear Claimed Marks
[152.288s][info][gc,marking     ] GC(1453) Concurrent Clear Claimed Marks 1.094ms
[152.288s][info][gc,marking     ] GC(1453) Concurrent Cleanup for Next Mark
[152.297s][info][gc,marking     ] GC(1453) Concurrent Cleanup for Next Mark 9.313ms
[152.298s][info][gc             ] GC(1453) Concurrent Mark Cycle 116.133ms
[152.308s][info][gc,start       ] GC(1455) Pause Young (Prepare Mixed) (G1 Evacuation Pause)
[152.308s][info][gc,task        ] GC(1455) Using 33 workers of 33 for evacuation
[152.311s][info][gc,phases      ] GC(1455)   Pre Evacuate Collection Set: 0.3ms
[152.311s][info][gc,phases      ] GC(1455)   Merge Heap Roots: 0.8ms
[152.311s][info][gc,phases      ] GC(1455)   Evacuate Collection Set: 0.7ms
[152.311s][info][gc,phases      ] GC(1455)   Post Evacuate Collection Set: 0.7ms
[152.311s][info][gc,phases      ] GC(1455)   Other: 0.1ms
[152.311s][info][gc,heap        ] GC(1455) Eden regions: 807->0(801)
[152.311s][info][gc,heap        ] GC(1455) Survivor regions: 2->2(89)
[152.311s][info][gc,heap        ] GC(1455) Old regions: 58->58
[152.311s][info][gc,heap        ] GC(1455) Archive regions: 0->0
[152.311s][info][gc,heap        ] GC(1455) Humongous regions: 1092->1082
[152.311s][info][gc,metaspace   ] GC(1455) Metaspace: 129275K(131328K)->129275K(131328K) NonClass: 110236K(110912K)->110236K(110912K) Class: 19039K(20416K)->19039K(20416K)
[152.311s][info][gc             ] GC(1455) Pause Young (Prepare Mixed) (G1 Evacuation Pause) 1955M->1138M(2048M) 2.841ms
[152.311s][info][gc,cpu         ] GC(1455) User=0.00s Sys=0.00s Real=0.00s
[152.368s][info][gc,start       ] GC(1456) Pause Young (Mixed) (G1 Evacuation Pause)
[152.368s][info][gc,task        ] GC(1456) Using 33 workers of 33 for evacuation
[152.371s][info][gc,phases      ] GC(1456)   Pre Evacuate Collection Set: 0.3ms
[152.371s][info][gc,phases      ] GC(1456)   Merge Heap Roots: 0.3ms
[152.371s][info][gc,phases      ] GC(1456)   Evacuate Collection Set: 1.2ms
[152.371s][info][gc,phases      ] GC(1456)   Post Evacuate Collection Set: 0.7ms
[152.371s][info][gc,phases      ] GC(1456)   Other: 0.1ms
[152.371s][info][gc,heap        ] GC(1456) Eden regions: 801->0(793)
[152.371s][info][gc,heap        ] GC(1456) Survivor regions: 2->2(89)
[152.371s][info][gc,heap        ] GC(1456) Old regions: 58->58
[152.371s][info][gc,heap        ] GC(1456) Archive regions: 0->0
[152.371s][info][gc,heap        ] GC(1456) Humongous regions: 1098->1090
[152.371s][info][gc,metaspace   ] GC(1456) Metaspace: 129275K(131328K)->129275K(131328K) NonClass: 110236K(110912K)->110236K(110912K) Class: 19039K(20416K)->19039K(20416K)
[152.371s][info][gc             ] GC(1456) Pause Young (Mixed) (G1 Evacuation Pause) 1955M->1146M(2048M) 2.863ms
[152.371s][info][gc,cpu         ] GC(1456) User=0.00s Sys=0.00s Real=0.00s
[152.374s][info][gc,start       ] GC(1457) Pause Young (Concurrent Start) (G1 Humongous Allocation)
[152.374s][info][gc,task        ] GC(1457) Using 33 workers of 33 for evacuation
[152.377s][info][gc,phases      ] GC(1457)   Pre Evacuate Collection Set: 0.4ms
[152.377s][info][gc,phases      ] GC(1457)   Merge Heap Roots: 0.1ms
[152.377s][info][gc,phases      ] GC(1457)   Evacuate Collection Set: 1.4ms
[152.377s][info][gc,phases      ] GC(1457)   Post Evacuate Collection Set: 0.5ms
[152.377s][info][gc,phases      ] GC(1457)   Other: 0.1ms
[152.377s][info][gc,heap        ] GC(1457) Eden regions: 56->0(793)
[152.377s][info][gc,heap        ] GC(1457) Survivor regions: 2->2(100)
[152.377s][info][gc,heap        ] GC(1457) Old regions: 58->58
[152.377s][info][gc,heap        ] GC(1457) Archive regions: 0->0
[152.377s][info][gc,heap        ] GC(1457) Humongous regions: 1090->1090
[152.377s][info][gc,metaspace   ] GC(1457) Metaspace: 129275K(131328K)->129275K(131328K) NonClass: 110236K(110912K)->110236K(110912K) Class: 19039K(20416K)->19039K(20416K)
[152.377s][info][gc             ] GC(1457) Pause Young (Concurrent Start) (G1 Humongous Allocation) 1202M->1146M(2048M) 2.730ms
[152.377s][info][gc             ] GC(1458) Concurrent Mark Cycle
[152.377s][info][gc,cpu         ] GC(1457) User=0.00s Sys=0.00s Real=0.00s
[152.377s][info][gc,marking     ] GC(1458) Concurrent Scan Root Regions
[152.399s][info][gc,marking     ] GC(1458) Concurrent Scan Root Regions 22.005ms
[152.399s][info][gc,marking     ] GC(1458) Concurrent Mark
[152.399s][info][gc,marking     ] GC(1458) Concurrent Mark From Roots
[152.399s][info][gc,task        ] GC(1458) Using 8 workers of 8 for marking
[152.444s][info][gc,start       ] GC(1459) Pause Young (Normal) (G1 Evacuation Pause)
[152.444s][info][gc,task        ] GC(1459) Using 33 workers of 33 for evacuation
[152.446s][info][gc,phases      ] GC(1459)   Pre Evacuate Collection Set: 0.3ms
[152.446s][info][gc,phases      ] GC(1459)   Merge Heap Roots: 0.3ms
[152.446s][info][gc,phases      ] GC(1459)   Evacuate Collection Set: 0.8ms
[152.446s][info][gc,phases      ] GC(1459)   Post Evacuate Collection Set: 0.8ms
[152.446s][info][gc,phases      ] GC(1459)   Other: 0.1ms
[152.446s][info][gc,heap        ] GC(1459) Eden regions: 793->0(778)
[152.446s][info][gc,heap        ] GC(1459) Survivor regions: 2->3(86)
[152.446s][info][gc,heap        ] GC(1459) Old regions: 58->58
[152.446s][info][gc,heap        ] GC(1459) Archive regions: 0->0
[152.446s][info][gc,heap        ] GC(1459) Humongous regions: 1109->1103
[152.446s][info][gc,metaspace   ] GC(1459) Metaspace: 129275K(131328K)->129275K(131328K) NonClass: 110236K(110912K)->110236K(110912K) Class: 19039K(20416K)->19039K(20416K)
[152.446s][info][gc             ] GC(1459) Pause Young (Normal) (G1 Evacuation Pause) 1958M->1160M(2048M) 2.607ms
[152.447s][info][gc,cpu         ] GC(1459) User=0.00s Sys=0.00s Real=0.00s
[152.476s][info][gc,marking     ] GC(1458) Concurrent Mark From Roots 76.827ms
[152.477s][info][gc,marking     ] GC(1458) Concurrent Preclean
[152.480s][info][gc,marking     ] GC(1458) Concurrent Preclean 3.123ms
[152.481s][info][gc,start       ] GC(1458) Pause Remark
[152.484s][info][gc             ] GC(1458) Pause Remark 1648M->1648M(2048M) 3.230ms
[152.484s][info][gc,cpu         ] GC(1458) User=0.00s Sys=0.00s Real=0.00s
[152.484s][info][gc,marking     ] GC(1458) Concurrent Mark 84.636ms
[152.484s][info][gc,marking     ] GC(1458) Concurrent Rebuild Remembered Sets and Scrub Regions
[152.505s][info][gc,start       ] GC(1460) Pause Young (Normal) (G1 Evacuation Pause)
[152.505s][info][gc,task        ] GC(1460) Using 33 workers of 33 for evacuation
[152.508s][info][gc,phases      ] GC(1460)   Pre Evacuate Collection Set: 0.3ms
[152.508s][info][gc,phases      ] GC(1460)   Merge Heap Roots: 0.7ms
[152.508s][info][gc,phases      ] GC(1460)   Evacuate Collection Set: 0.8ms
[152.508s][info][gc,phases      ] GC(1460)   Post Evacuate Collection Set: 0.7ms
[152.508s][info][gc,phases      ] GC(1460)   Other: 0.1ms
[152.508s][info][gc,heap        ] GC(1460) Eden regions: 778->0(785)
[152.508s][info][gc,heap        ] GC(1460) Survivor regions: 3->2(98)
[152.508s][info][gc,heap        ] GC(1460) Old regions: 58->58
[152.508s][info][gc,heap        ] GC(1460) Archive regions: 0->0
[152.508s][info][gc,heap        ] GC(1460) Humongous regions: 1107->1098
[152.508s][info][gc,metaspace   ] GC(1460) Metaspace: 129275K(131328K)->129275K(131328K) NonClass: 110236K(110912K)->110236K(110912K) Class: 19039K(20416K)->19039K(20416K)
[152.508s][info][gc             ] GC(1460) Pause Young (Normal) (G1 Evacuation Pause) 1942M->1154M(2048M) 2.819ms
[152.508s][info][gc,cpu         ] GC(1460) User=0.00s Sys=0.00s Real=0.00s
[152.511s][info][gc,marking     ] GC(1458) Concurrent Rebuild Remembered Sets and Scrub Regions 26.959ms
[152.512s][info][gc,start       ] GC(1458) Pause Cleanup
[152.512s][info][gc             ] GC(1458) Pause Cleanup 1220M->1220M(2048M) 0.259ms
[152.512s][info][gc,cpu         ] GC(1458) User=0.00s Sys=0.00s Real=0.00s
[152.512s][info][gc,marking     ] GC(1458) Concurrent Clear Claimed Marks
[152.514s][info][gc,marking     ] GC(1458) Concurrent Clear Claimed Marks 1.221ms
[152.514s][info][gc,marking     ] GC(1458) Concurrent Cleanup for Next Mark
[152.523s][info][gc,marking     ] GC(1458) Concurrent Cleanup for Next Mark 9.328ms
[152.524s][info][gc             ] GC(1458) Concurrent Mark Cycle 146.685ms
[152.567s][info][gc,start       ] GC(1461) Pause Young (Prepare Mixed) (G1 Evacuation Pause)
[152.567s][info][gc,task        ] GC(1461) Using 33 workers of 33 for evacuation
[152.569s][info][gc,phases      ] GC(1461)   Pre Evacuate Collection Set: 0.3ms
[152.570s][info][gc,phases      ] GC(1461)   Merge Heap Roots: 0.3ms
[152.570s][info][gc,phases      ] GC(1461)   Evacuate Collection Set: 0.8ms
[152.570s][info][gc,phases      ] GC(1461)   Post Evacuate Collection Set: 0.7ms
[152.570s][info][gc,phases      ] GC(1461)   Other: 0.1ms
[152.570s][info][gc,heap        ] GC(1461) Eden regions: 785->0(766)
[152.570s][info][gc,heap        ] GC(1461) Survivor regions: 2->2(77)
[152.570s][info][gc,heap        ] GC(1461) Old regions: 58->58
[152.570s][info][gc,heap        ] GC(1461) Archive regions: 0->0
[152.570s][info][gc,heap        ] GC(1461) Humongous regions: 1126->1117
[152.570s][info][gc,metaspace   ] GC(1461) Metaspace: 129275K(131328K)->129275K(131328K) NonClass: 110236K(110912K)->110236K(110912K) Class: 19039K(20416K)->19039K(20416K)
[152.570s][info][gc             ] GC(1461) Pause Young (Prepare Mixed) (G1 Evacuation Pause) 1967M->1173M(2048M) 2.490ms
[152.570s][info][gc,cpu         ] GC(1461) User=0.00s Sys=0.00s Real=0.00s
[152.629s][info][gc,start       ] GC(1462) Pause Young (Mixed) (G1 Evacuation Pause)
[152.629s][info][gc,task        ] GC(1462) Using 33 workers of 33 for evacuation
[152.632s][info][gc,phases      ] GC(1462)   Pre Evacuate Collection Set: 0.3ms
[152.632s][info][gc,phases      ] GC(1462)   Merge Heap Roots: 0.3ms
[152.632s][info][gc,phases      ] GC(1462)   Evacuate Collection Set: 1.5ms
[152.632s][info][gc,phases      ] GC(1462)   Post Evacuate Collection Set: 0.7ms
[152.632s][info][gc,phases      ] GC(1462)   Other: 0.1ms
[152.632s][info][gc,heap        ] GC(1462) Eden regions: 766->0(754)
[152.632s][info][gc,heap        ] GC(1462) Survivor regions: 2->4(56)
[152.632s][info][gc,heap        ] GC(1462) Old regions: 58->57
[152.632s][info][gc,heap        ] GC(1462) Archive regions: 0->0
[152.632s][info][gc,heap        ] GC(1462) Humongous regions: 1166->1126
[152.632s][info][gc,metaspace   ] GC(1462) Metaspace: 129275K(131328K)->129275K(131328K) NonClass: 110236K(110912K)->110236K(110912K) Class: 19039K(20416K)->19039K(20416K)
[152.632s][info][gc             ] GC(1462) Pause Young (Mixed) (G1 Evacuation Pause) 1988M->1183M(2048M) 3.136ms
[152.632s][info][gc,cpu         ] GC(1462) User=0.00s Sys=0.00s Real=0.00s
[152.644s][info][gc,start       ] GC(1463) Pause Young (Concurrent Start) (G1 Humongous Allocation)
[152.644s][info][gc,task        ] GC(1463) Using 33 workers of 33 for evacuation
[152.646s][info][gc,phases      ] GC(1463)   Pre Evacuate Collection Set: 0.4ms
[152.646s][info][gc,phases      ] GC(1463)   Merge Heap Roots: 0.1ms
[152.646s][info][gc,phases      ] GC(1463)   Evacuate Collection Set: 1.4ms
[152.646s][info][gc,phases      ] GC(1463)   Post Evacuate Collection Set: 0.6ms
[152.646s][info][gc,phases      ] GC(1463)   Other: 0.1ms
[152.646s][info][gc,heap        ] GC(1463) Eden regions: 159->0(754)
[152.646s][info][gc,heap        ] GC(1463) Survivor regions: 4->4(95)
[152.646s][info][gc,heap        ] GC(1463) Old regions: 57->57
[152.646s][info][gc,heap        ] GC(1463) Archive regions: 0->0
[152.646s][info][gc,heap        ] GC(1463) Humongous regions: 1126->1126
[152.646s][info][gc,metaspace   ] GC(1463) Metaspace: 129275K(131328K)->129275K(131328K) NonClass: 110236K(110912K)->110236K(110912K) Class: 19039K(20416K)->19039K(20416K)
[152.646s][info][gc             ] GC(1463) Pause Young (Concurrent Start) (G1 Humongous Allocation) 1342M->1184M(2048M) 2.867ms
[152.647s][info][gc             ] GC(1464) Concurrent Mark Cycle
[152.647s][info][gc,marking     ] GC(1464) Concurrent Scan Root Regions
[152.647s][info][gc,cpu         ] GC(1463) User=0.00s Sys=0.00s Real=0.00s
[152.661s][info][gc,marking     ] GC(1464) Concurrent Scan Root Regions 14.907ms
[152.662s][info][gc,marking     ] GC(1464) Concurrent Mark
[152.662s][info][gc,marking     ] GC(1464) Concurrent Mark From Roots
[152.662s][info][gc,task        ] GC(1464) Using 8 workers of 8 for marking
[152.699s][info][gc,marking     ] GC(1464) Concurrent Mark From Roots 37.096ms
[152.699s][info][gc,marking     ] GC(1464) Concurrent Preclean
[152.700s][info][gc,marking     ] GC(1464) Concurrent Preclean 1.150ms
[152.700s][info][gc,start       ] GC(1464) Pause Remark
[152.703s][info][gc             ] GC(1464) Pause Remark 1857M->1857M(2048M) 3.177ms
[152.704s][info][gc,cpu         ] GC(1464) User=0.00s Sys=0.00s Real=0.00s
[152.704s][info][gc,marking     ] GC(1464) Concurrent Mark 42.137ms
[152.704s][info][gc,marking     ] GC(1464) Concurrent Rebuild Remembered Sets and Scrub Regions
[152.712s][info][gc,marking     ] GC(1464) Concurrent Rebuild Remembered Sets and Scrub Regions 7.897ms
[152.712s][info][gc,start       ] GC(1464) Pause Cleanup
[152.712s][info][gc             ] GC(1464) Pause Cleanup 1970M->1970M(2048M) 0.313ms
[152.712s][info][gc,cpu         ] GC(1464) User=0.00s Sys=0.00s Real=0.00s
[152.713s][info][gc,marking     ] GC(1464) Concurrent Clear Claimed Marks
[152.713s][info][gc,marking     ] GC(1464) Concurrent Clear Claimed Marks 0.349ms
[152.713s][info][gc,marking     ] GC(1464) Concurrent Cleanup for Next Mark
[152.717s][info][gc,marking     ] GC(1464) Concurrent Cleanup for Next Mark 4.011ms
[152.717s][info][gc             ] GC(1464) Concurrent Mark Cycle 70.599ms
[152.717s][info][gc,start       ] GC(1465) Pause Young (Prepare Mixed) (G1 Humongous Allocation)
[152.717s][info][gc,task        ] GC(1465) Using 33 workers of 33 for evacuation
[152.721s][info][gc,phases      ] GC(1465)   Pre Evacuate Collection Set: 0.3ms
[152.721s][info][gc,phases      ] GC(1465)   Merge Heap Roots: 0.8ms
[152.721s][info][gc,phases      ] GC(1465)   Evacuate Collection Set: 1.2ms
[152.721s][info][gc,phases      ] GC(1465)   Post Evacuate Collection Set: 0.8ms
[152.721s][info][gc,phases      ] GC(1465)   Other: 0.1ms
[152.721s][info][gc,heap        ] GC(1465) Eden regions: 730->0(752)
[152.721s][info][gc,heap        ] GC(1465) Survivor regions: 4->6(33)
[152.721s][info][gc,heap        ] GC(1465) Old regions: 57->57
[152.721s][info][gc,heap        ] GC(1465) Archive regions: 0->0
[152.721s][info][gc,heap        ] GC(1465) Humongous regions: 1224->1124
[152.721s][info][gc,metaspace   ] GC(1465) Metaspace: 129275K(131328K)->129275K(131328K) NonClass: 110236K(110912K)->110236K(110912K) Class: 19039K(20416K)->19039K(20416K)
[152.721s][info][gc             ] GC(1465) Pause Young (Prepare Mixed) (G1 Humongous Allocation) 2012M->1184M(2048M) 3.466ms
[152.721s][info][gc,cpu         ] GC(1465) User=0.00s Sys=0.00s Real=0.00s
[152.780s][info][gc,start       ] GC(1466) Pause Young (Mixed) (G1 Humongous Allocation)
[152.780s][info][gc,task        ] GC(1466) Using 33 workers of 33 for evacuation
[152.783s][info][gc,phases      ] GC(1466)   Pre Evacuate Collection Set: 0.3ms
[152.783s][info][gc,phases      ] GC(1466)   Merge Heap Roots: 0.3ms
[152.783s][info][gc,phases      ] GC(1466)   Evacuate Collection Set: 1.5ms
[152.783s][info][gc,phases      ] GC(1466)   Post Evacuate Collection Set: 0.7ms
[152.784s][info][gc,phases      ] GC(1466)   Other: 0.1ms
[152.784s][info][gc,heap        ] GC(1466) Eden regions: 728->0(749)
[152.784s][info][gc,heap        ] GC(1466) Survivor regions: 6->6(55)
[152.784s][info][gc,heap        ] GC(1466) Old regions: 57->56
[152.784s][info][gc,heap        ] GC(1466) Archive regions: 0->0
[152.784s][info][gc,heap        ] GC(1466) Humongous regions: 1202->1128
[152.784s][info][gc,metaspace   ] GC(1466) Metaspace: 129275K(131328K)->129275K(131328K) NonClass: 110236K(110912K)->110236K(110912K) Class: 19039K(20416K)->19039K(20416K)
[152.784s][info][gc             ] GC(1466) Pause Young (Mixed) (G1 Humongous Allocation) 1989M->1188M(2048M) 3.303ms
[152.784s][info][gc,cpu         ] GC(1466) User=0.00s Sys=0.00s Real=0.00s
[152.792s][info][gc,start       ] GC(1467) Pause Young (Concurrent Start) (G1 Humongous Allocation)
[152.792s][info][gc,task        ] GC(1467) Using 33 workers of 33 for evacuation
[152.795s][info][gc,phases      ] GC(1467)   Pre Evacuate Collection Set: 0.5ms
[152.795s][info][gc,phases      ] GC(1467)   Merge Heap Roots: 0.1ms
[152.795s][info][gc,phases      ] GC(1467)   Evacuate Collection Set: 1.9ms
[152.795s][info][gc,phases      ] GC(1467)   Post Evacuate Collection Set: 0.6ms
[152.795s][info][gc,phases      ] GC(1467)   Other: 0.1ms
[152.795s][info][gc,heap        ] GC(1467) Eden regions: 128->0(746)
[152.795s][info][gc,heap        ] GC(1467) Survivor regions: 6->6(95)
[152.795s][info][gc,heap        ] GC(1467) Old regions: 56->56
[152.795s][info][gc,heap        ] GC(1467) Archive regions: 0->0
[152.795s][info][gc,heap        ] GC(1467) Humongous regions: 1135->1131
[152.795s][info][gc,metaspace   ] GC(1467) Metaspace: 129275K(131328K)->129275K(131328K) NonClass: 110236K(110912K)->110236K(110912K) Class: 19039K(20416K)->19039K(20416K)
[152.795s][info][gc             ] GC(1467) Pause Young (Concurrent Start) (G1 Humongous Allocation) 1323M->1191M(2048M) 3.410ms
[152.795s][info][gc             ] GC(1468) Concurrent Mark Cycle
[152.795s][info][gc,cpu         ] GC(1467) User=0.00s Sys=0.00s Real=0.00s
[152.795s][info][gc,marking     ] GC(1468) Concurrent Scan Root Regions
[152.799s][info][gc,marking     ] GC(1468) Concurrent Scan Root Regions 3.292ms
[152.799s][info][gc,marking     ] GC(1468) Concurrent Mark
[152.799s][info][gc,marking     ] GC(1468) Concurrent Mark From Roots
[152.799s][info][gc,task        ] GC(1468) Using 8 workers of 8 for marking
[152.822s][info][gc,marking     ] GC(1468) Concurrent Mark From Roots 22.828ms
[152.822s][info][gc,marking     ] GC(1468) Concurrent Preclean
[152.822s][info][gc,marking     ] GC(1468) Concurrent Preclean 0.496ms
[152.823s][info][gc,start       ] GC(1468) Pause Remark
[152.826s][info][gc             ] GC(1468) Pause Remark 1573M->1573M(2048M) 3.232ms
[152.827s][info][gc,cpu         ] GC(1468) User=0.00s Sys=0.00s Real=0.00s
[152.827s][info][gc,marking     ] GC(1468) Concurrent Mark 27.710ms
[152.827s][info][gc,marking     ] GC(1468) Concurrent Rebuild Remembered Sets and Scrub Regions
[152.835s][info][gc,marking     ] GC(1468) Concurrent Rebuild Remembered Sets and Scrub Regions 8.364ms
[152.836s][info][gc,start       ] GC(1468) Pause Cleanup
[152.836s][info][gc             ] GC(1468) Pause Cleanup 1694M->1694M(2048M) 0.300ms
[152.836s][info][gc,cpu         ] GC(1468) User=0.00s Sys=0.00s Real=0.00s
[152.836s][info][gc,marking     ] GC(1468) Concurrent Clear Claimed Marks
[152.836s][info][gc,marking     ] GC(1468) Concurrent Clear Claimed Marks 0.204ms
[152.836s][info][gc,marking     ] GC(1468) Concurrent Cleanup for Next Mark
[152.839s][info][gc,marking     ] GC(1468) Concurrent Cleanup for Next Mark 2.647ms
[152.839s][info][gc             ] GC(1468) Concurrent Mark Cycle 43.553ms
[152.855s][info][gc,start       ] GC(1469) Pause Young (Prepare Mixed) (G1 Humongous Allocation)
[152.855s][info][gc,task        ] GC(1469) Using 33 workers of 33 for evacuation
[152.858s][info][gc,phases      ] GC(1469)   Pre Evacuate Collection Set: 0.3ms
[152.858s][info][gc,phases      ] GC(1469)   Merge Heap Roots: 0.8ms
[152.858s][info][gc,phases      ] GC(1469)   Evacuate Collection Set: 1.1ms
[152.858s][info][gc,phases      ] GC(1469)   Post Evacuate Collection Set: 0.8ms
[152.858s][info][gc,phases      ] GC(1469)   Other: 0.1ms
[152.858s][info][gc,heap        ] GC(1469) Eden regions: 669->0(728)
[152.858s][info][gc,heap        ] GC(1469) Survivor regions: 6->7(60)
[152.858s][info][gc,heap        ] GC(1469) Old regions: 56->57
[152.858s][info][gc,heap        ] GC(1469) Archive regions: 0->0
[152.858s][info][gc,heap        ] GC(1469) Humongous regions: 1257->1146
[152.858s][info][gc,metaspace   ] GC(1469) Metaspace: 129275K(131328K)->129275K(131328K) NonClass: 110236K(110912K)->110236K(110912K) Class: 19039K(20416K)->19039K(20416K)
[152.858s][info][gc             ] GC(1469) Pause Young (Prepare Mixed) (G1 Humongous Allocation) 1986M->1207M(2048M) 3.344ms
[152.858s][info][gc,cpu         ] GC(1469) User=0.00s Sys=0.00s Real=0.00s
[152.902s][info][gc,start       ] GC(1470) Pause Young (Mixed) (G1 Evacuation Pause)
[152.902s][info][gc,task        ] GC(1470) Using 33 workers of 33 for evacuation
[152.905s][info][gc,phases      ] GC(1470)   Pre Evacuate Collection Set: 0.3ms
[152.905s][info][gc,phases      ] GC(1470)   Merge Heap Roots: 0.3ms
[152.905s][info][gc,phases      ] GC(1470)   Evacuate Collection Set: 1.8ms
[152.905s][info][gc,phases      ] GC(1470)   Post Evacuate Collection Set: 0.8ms
[152.905s][info][gc,phases      ] GC(1470)   Other: 0.2ms
[152.905s][info][gc,heap        ] GC(1470) Eden regions: 728->0(700)
[152.905s][info][gc,heap        ] GC(1470) Survivor regions: 7->6(21)
[152.905s][info][gc,heap        ] GC(1470) Old regions: 57->56
[152.905s][info][gc,heap        ] GC(1470) Archive regions: 0->0
[152.905s][info][gc,heap        ] GC(1470) Humongous regions: 1235->1177
[152.905s][info][gc,metaspace   ] GC(1470) Metaspace: 129275K(131328K)->129275K(131328K) NonClass: 110236K(110912K)->110236K(110912K) Class: 19039K(20416K)->19039K(20416K)
[152.906s][info][gc             ] GC(1470) Pause Young (Mixed) (G1 Evacuation Pause) 2024M->1236M(2048M) 3.806ms
[152.906s][info][gc,cpu         ] GC(1470) User=0.00s Sys=0.00s Real=0.00s
[152.912s][info][gc,start       ] GC(1471) Pause Young (Concurrent Start) (G1 Humongous Allocation)
[152.912s][info][gc,task        ] GC(1471) Using 33 workers of 33 for evacuation
[152.915s][info][gc,phases      ] GC(1471)   Pre Evacuate Collection Set: 0.5ms
[152.916s][info][gc,phases      ] GC(1471)   Merge Heap Roots: 0.1ms
[152.916s][info][gc,phases      ] GC(1471)   Evacuate Collection Set: 1.7ms
[152.916s][info][gc,phases      ] GC(1471)   Post Evacuate Collection Set: 0.7ms
[152.916s][info][gc,phases      ] GC(1471)   Other: 0.1ms
[152.916s][info][gc,heap        ] GC(1471) Eden regions: 116->0(700)
[152.916s][info][gc,heap        ] GC(1471) Survivor regions: 6->6(89)
[152.916s][info][gc,heap        ] GC(1471) Old regions: 56->56
[152.916s][info][gc,heap        ] GC(1471) Archive regions: 0->0
[152.916s][info][gc,heap        ] GC(1471) Humongous regions: 1177->1177
[152.916s][info][gc,metaspace   ] GC(1471) Metaspace: 129275K(131328K)->129275K(131328K) NonClass: 110236K(110912K)->110236K(110912K) Class: 19039K(20416K)->19039K(20416K)
[152.916s][info][gc             ] GC(1471) Pause Young (Concurrent Start) (G1 Humongous Allocation) 1352M->1236M(2048M) 3.498ms
[152.916s][info][gc             ] GC(1472) Concurrent Mark Cycle
[152.916s][info][gc,marking     ] GC(1472) Concurrent Scan Root Regions
[152.916s][info][gc,cpu         ] GC(1471) User=0.00s Sys=0.00s Real=0.00s
[152.918s][info][gc,marking     ] GC(1472) Concurrent Scan Root Regions 2.226ms
[152.918s][info][gc,marking     ] GC(1472) Concurrent Mark
[152.918s][info][gc,marking     ] GC(1472) Concurrent Mark From Roots
[152.918s][info][gc,task        ] GC(1472) Using 8 workers of 8 for marking
[152.937s][info][gc,marking     ] GC(1472) Concurrent Mark From Roots 18.659ms
[152.937s][info][gc,marking     ] GC(1472) Concurrent Preclean
[152.937s][info][gc,marking     ] GC(1472) Concurrent Preclean 0.389ms
[152.937s][info][gc,start       ] GC(1472) Pause Remark
[152.941s][info][gc             ] GC(1472) Pause Remark 1534M->1534M(2048M) 3.236ms
[152.941s][info][gc,cpu         ] GC(1472) User=0.00s Sys=0.00s Real=0.00s
[152.941s][info][gc,marking     ] GC(1472) Concurrent Mark 22.766ms
[152.941s][info][gc,marking     ] GC(1472) Concurrent Rebuild Remembered Sets and Scrub Regions
[152.949s][info][gc,marking     ] GC(1472) Concurrent Rebuild Remembered Sets and Scrub Regions 7.809ms
[152.949s][info][gc,start       ] GC(1472) Pause Cleanup
[152.949s][info][gc             ] GC(1472) Pause Cleanup 1660M->1660M(2048M) 0.283ms
[152.949s][info][gc,cpu         ] GC(1472) User=0.00s Sys=0.00s Real=0.00s
[152.949s][info][gc,marking     ] GC(1472) Concurrent Clear Claimed Marks
[152.950s][info][gc,marking     ] GC(1472) Concurrent Clear Claimed Marks 0.206ms
[152.950s][info][gc,marking     ] GC(1472) Concurrent Cleanup for Next Mark
[152.952s][info][gc,marking     ] GC(1472) Concurrent Cleanup for Next Mark 2.389ms
[152.952s][info][gc             ] GC(1472) Concurrent Mark Cycle 36.271ms
[152.965s][info][gc,start       ] GC(1473) Pause Young (Prepare Mixed) (G1 Humongous Allocation)
[152.965s][info][gc,task        ] GC(1473) Using 33 workers of 33 for evacuation
[152.968s][info][gc,phases      ] GC(1473)   Pre Evacuate Collection Set: 0.3ms
[152.968s][info][gc,phases      ] GC(1473)   Merge Heap Roots: 0.8ms
[152.968s][info][gc,phases      ] GC(1473)   Evacuate Collection Set: 1.1ms
[152.968s][info][gc,phases      ] GC(1473)   Post Evacuate Collection Set: 0.8ms
[152.968s][info][gc,phases      ] GC(1473)   Other: 0.2ms
[152.968s][info][gc,heap        ] GC(1473) Eden regions: 590->0(679)
[152.968s][info][gc,heap        ] GC(1473) Survivor regions: 6->5(89)
[152.968s][info][gc,heap        ] GC(1473) Old regions: 56->56
[152.968s][info][gc,heap        ] GC(1473) Archive regions: 0->0
[152.968s][info][gc,heap        ] GC(1473) Humongous regions: 1275->1200
[152.968s][info][gc,metaspace   ] GC(1473) Metaspace: 129275K(131328K)->129275K(131328K) NonClass: 110236K(110912K)->110236K(110912K) Class: 19039K(20416K)->19039K(20416K)
[152.968s][info][gc             ] GC(1473) Pause Young (Prepare Mixed) (G1 Humongous Allocation) 1924M->1259M(2048M) 3.370ms
[152.968s][info][gc,cpu         ] GC(1473) User=0.00s Sys=0.00s Real=0.00s
[153.007s][info][gc,start       ] GC(1474) Pause Young (Mixed) (G1 Humongous Allocation)
[153.007s][info][gc,task        ] GC(1474) Using 33 workers of 33 for evacuation
[153.010s][info][gc,phases      ] GC(1474)   Pre Evacuate Collection Set: 0.3ms
[153.010s][info][gc,phases      ] GC(1474)   Merge Heap Roots: 0.3ms
[153.010s][info][gc,phases      ] GC(1474)   Evacuate Collection Set: 1.6ms
[153.010s][info][gc,phases      ] GC(1474)   Post Evacuate Collection Set: 0.8ms
[153.010s][info][gc,phases      ] GC(1474)   Other: 0.1ms
[153.010s][info][gc,heap        ] GC(1474) Eden regions: 625->0(697)
[153.010s][info][gc,heap        ] GC(1474) Survivor regions: 5->4(56)
[153.010s][info][gc,heap        ] GC(1474) Old regions: 56->56
[153.010s][info][gc,heap        ] GC(1474) Archive regions: 0->0
[153.010s][info][gc,heap        ] GC(1474) Humongous regions: 1306->1184
[153.010s][info][gc,metaspace   ] GC(1474) Metaspace: 129275K(131328K)->129275K(131328K) NonClass: 110236K(110912K)->110236K(110912K) Class: 19039K(20416K)->19039K(20416K)
[153.010s][info][gc             ] GC(1474) Pause Young (Mixed) (G1 Humongous Allocation) 1990M->1241M(2048M) 3.315ms
[153.010s][info][gc,cpu         ] GC(1474) User=0.27s Sys=0.00s Real=0.02s
[153.011s][info][gc,start       ] GC(1475) Pause Young (Concurrent Start) (G1 Humongous Allocation)
[153.011s][info][gc,task        ] GC(1475) Using 33 workers of 33 for evacuation
[153.014s][info][gc,phases      ] GC(1475)   Pre Evacuate Collection Set: 0.5ms
[153.014s][info][gc,phases      ] GC(1475)   Merge Heap Roots: 0.1ms
[153.014s][info][gc,phases      ] GC(1475)   Evacuate Collection Set: 1.8ms
[153.014s][info][gc,phases      ] GC(1475)   Post Evacuate Collection Set: 0.5ms
[153.014s][info][gc,phases      ] GC(1475)   Other: 0.1ms
[153.014s][info][gc,heap        ] GC(1475) Eden regions: 6->0(693)
[153.014s][info][gc,heap        ] GC(1475) Survivor regions: 4->4(88)
[153.014s][info][gc,heap        ] GC(1475) Old regions: 56->56
[153.014s][info][gc,heap        ] GC(1475) Archive regions: 0->0
[153.014s][info][gc,heap        ] GC(1475) Humongous regions: 1188->1188
[153.014s][info][gc,metaspace   ] GC(1475) Metaspace: 129275K(131328K)->129275K(131328K) NonClass: 110236K(110912K)->110236K(110912K) Class: 19039K(20416K)->19039K(20416K)
[153.014s][info][gc             ] GC(1475) Pause Young (Concurrent Start) (G1 Humongous Allocation) 1251M->1245M(2048M) 3.063ms
[153.014s][info][gc             ] GC(1476) Concurrent Mark Cycle
[153.014s][info][gc,cpu         ] GC(1475) User=0.00s Sys=0.00s Real=0.00s
[153.014s][info][gc,marking     ] GC(1476) Concurrent Scan Root Regions
[153.018s][info][gc,marking     ] GC(1476) Concurrent Scan Root Regions 3.919ms
[153.018s][info][gc,marking     ] GC(1476) Concurrent Mark
[153.018s][info][gc,marking     ] GC(1476) Concurrent Mark From Roots
[153.018s][info][gc,task        ] GC(1476) Using 8 workers of 8 for marking
[153.040s][info][gc,marking     ] GC(1476) Concurrent Mark From Roots 21.523ms
[153.040s][info][gc,marking     ] GC(1476) Concurrent Preclean
[153.040s][info][gc,marking     ] GC(1476) Concurrent Preclean 0.480ms
[153.040s][info][gc,start       ] GC(1476) Pause Remark
[153.043s][info][gc             ] GC(1476) Pause Remark 1652M->1652M(2048M) 3.139ms
[153.044s][info][gc,cpu         ] GC(1476) User=0.00s Sys=0.00s Real=0.00s
[153.044s][info][gc,marking     ] GC(1476) Concurrent Mark 25.586ms
[153.044s][info][gc,marking     ] GC(1476) Concurrent Rebuild Remembered Sets and Scrub Regions
[153.051s][info][gc,marking     ] GC(1476) Concurrent Rebuild Remembered Sets and Scrub Regions 7.801ms
[153.052s][info][gc,start       ] GC(1476) Pause Cleanup
[153.052s][info][gc             ] GC(1476) Pause Cleanup 1783M->1783M(2048M) 0.280ms
[153.052s][info][gc,cpu         ] GC(1476) User=0.00s Sys=0.00s Real=0.00s
[153.052s][info][gc,marking     ] GC(1476) Concurrent Clear Claimed Marks
[153.052s][info][gc,marking     ] GC(1476) Concurrent Clear Claimed Marks 0.225ms
[153.052s][info][gc,marking     ] GC(1476) Concurrent Cleanup for Next Mark
[153.055s][info][gc,marking     ] GC(1476) Concurrent Cleanup for Next Mark 2.496ms
[153.055s][info][gc             ] GC(1476) Concurrent Mark Cycle 40.821ms
[153.064s][info][gc,start       ] GC(1477) Pause Young (Prepare Mixed) (G1 Evacuation Pause)
[153.064s][info][gc,task        ] GC(1477) Using 33 workers of 33 for evacuation
[153.068s][info][gc,phases      ] GC(1477)   Pre Evacuate Collection Set: 0.3ms
[153.068s][info][gc,phases      ] GC(1477)   Merge Heap Roots: 0.8ms
[153.068s][info][gc,phases      ] GC(1477)   Evacuate Collection Set: 1.0ms
[153.068s][info][gc,phases      ] GC(1477)   Post Evacuate Collection Set: 0.8ms
[153.068s][info][gc,phases      ] GC(1477)   Other: 0.2ms
[153.068s][info][gc,heap        ] GC(1477) Eden regions: 693->0(669)
[153.068s][info][gc,heap        ] GC(1477) Survivor regions: 4->5(56)
[153.068s][info][gc,heap        ] GC(1477) Old regions: 56->56
[153.068s][info][gc,heap        ] GC(1477) Archive regions: 0->0
[153.068s][info][gc,heap        ] GC(1477) Humongous regions: 1239->1210
[153.068s][info][gc,metaspace   ] GC(1477) Metaspace: 129275K(131328K)->129275K(131328K) NonClass: 110236K(110912K)->110236K(110912K) Class: 19039K(20416K)->19039K(20416K)
[153.068s][info][gc             ] GC(1477) Pause Young (Prepare Mixed) (G1 Evacuation Pause) 1989M->1268M(2048M) 3.339ms
[153.068s][info][gc,cpu         ] GC(1477) User=0.00s Sys=0.00s Real=0.00s
[153.105s][info][gc,start       ] GC(1478) Pause Young (Mixed) (G1 Humongous Allocation)
[153.105s][info][gc,task        ] GC(1478) Using 33 workers of 33 for evacuation
[153.108s][info][gc,phases      ] GC(1478)   Pre Evacuate Collection Set: 0.3ms
[153.108s][info][gc,phases      ] GC(1478)   Merge Heap Roots: 0.2ms
[153.108s][info][gc,phases      ] GC(1478)   Evacuate Collection Set: 1.5ms
[153.108s][info][gc,phases      ] GC(1478)   Post Evacuate Collection Set: 0.7ms
[153.108s][info][gc,phases      ] GC(1478)   Other: 0.1ms
[153.108s][info][gc,heap        ] GC(1478) Eden regions: 605->0(647)
[153.108s][info][gc,heap        ] GC(1478) Survivor regions: 5->4(77)
[153.108s][info][gc,heap        ] GC(1478) Old regions: 56->55
[153.108s][info][gc,heap        ] GC(1478) Archive regions: 0->0
[153.108s][info][gc,heap        ] GC(1478) Humongous regions: 1305->1235
[153.108s][info][gc,metaspace   ] GC(1478) Metaspace: 129275K(131328K)->129275K(131328K) NonClass: 110236K(110912K)->110236K(110912K) Class: 19039K(20416K)->19039K(20416K)
[153.108s][info][gc             ] GC(1478) Pause Young (Mixed) (G1 Humongous Allocation) 1968M->1292M(2048M) 3.169ms
[153.108s][info][gc,cpu         ] GC(1478) User=0.00s Sys=0.00s Real=0.00s
[153.110s][info][gc,start       ] GC(1479) Pause Young (Concurrent Start) (G1 Humongous Allocation)
[153.110s][info][gc,task        ] GC(1479) Using 33 workers of 33 for evacuation
[153.113s][info][gc,phases      ] GC(1479)   Pre Evacuate Collection Set: 0.5ms
[153.113s][info][gc,phases      ] GC(1479)   Merge Heap Roots: 0.1ms
[153.113s][info][gc,phases      ] GC(1479)   Evacuate Collection Set: 2.0ms
[153.113s][info][gc,phases      ] GC(1479)   Post Evacuate Collection Set: 0.5ms
[153.113s][info][gc,phases      ] GC(1479)   Other: 0.1ms
[153.113s][info][gc,heap        ] GC(1479) Eden regions: 15->0(640)
[153.113s][info][gc,heap        ] GC(1479) Survivor regions: 4->5(82)
[153.113s][info][gc,heap        ] GC(1479) Old regions: 55->55
[153.113s][info][gc,heap        ] GC(1479) Archive regions: 0->0
[153.113s][info][gc,heap        ] GC(1479) Humongous regions: 1246->1240
[153.113s][info][gc,metaspace   ] GC(1479) Metaspace: 129275K(131328K)->129275K(131328K) NonClass: 110236K(110912K)->110236K(110912K) Class: 19039K(20416K)->19039K(20416K)
[153.113s][info][gc             ] GC(1479) Pause Young (Concurrent Start) (G1 Humongous Allocation) 1318M->1297M(2048M) 3.334ms
[153.113s][info][gc             ] GC(1480) Concurrent Mark Cycle
[153.113s][info][gc,cpu         ] GC(1479) User=0.00s Sys=0.00s Real=0.00s
[153.113s][info][gc,marking     ] GC(1480) Concurrent Scan Root Regions
[153.116s][info][gc,marking     ] GC(1480) Concurrent Scan Root Regions 2.686ms
[153.116s][info][gc,marking     ] GC(1480) Concurrent Mark
[153.116s][info][gc,marking     ] GC(1480) Concurrent Mark From Roots
[153.116s][info][gc,task        ] GC(1480) Using 8 workers of 8 for marking
[153.140s][info][gc,marking     ] GC(1480) Concurrent Mark From Roots 24.464ms
[153.140s][info][gc,marking     ] GC(1480) Concurrent Preclean
[153.141s][info][gc,marking     ] GC(1480) Concurrent Preclean 0.519ms
[153.141s][info][gc,start       ] GC(1480) Pause Remark
[153.144s][info][gc             ] GC(1480) Pause Remark 1739M->1739M(2048M) 3.130ms
[153.144s][info][gc,cpu         ] GC(1480) User=0.00s Sys=0.00s Real=0.00s
[153.145s][info][gc,marking     ] GC(1480) Concurrent Mark 28.595ms
[153.145s][info][gc,marking     ] GC(1480) Concurrent Rebuild Remembered Sets and Scrub Regions
[153.152s][info][gc,marking     ] GC(1480) Concurrent Rebuild Remembered Sets and Scrub Regions 7.754ms
[153.153s][info][gc,start       ] GC(1480) Pause Cleanup
[153.153s][info][gc             ] GC(1480) Pause Cleanup 1869M->1869M(2048M) 0.292ms
[153.153s][info][gc,cpu         ] GC(1480) User=0.00s Sys=0.00s Real=0.00s
[153.153s][info][gc,marking     ] GC(1480) Concurrent Clear Claimed Marks
[153.153s][info][gc,marking     ] GC(1480) Concurrent Clear Claimed Marks 0.217ms
[153.153s][info][gc,marking     ] GC(1480) Concurrent Cleanup for Next Mark
[153.156s][info][gc,marking     ] GC(1480) Concurrent Cleanup for Next Mark 2.447ms
[153.156s][info][gc             ] GC(1480) Concurrent Mark Cycle 42.687ms
[153.162s][info][gc,start       ] GC(1481) Pause Young (Prepare Mixed) (G1 Humongous Allocation)
[153.163s][info][gc,task        ] GC(1481) Using 33 workers of 33 for evacuation
[153.166s][info][gc,phases      ] GC(1481)   Pre Evacuate Collection Set: 0.3ms
[153.166s][info][gc,phases      ] GC(1481)   Merge Heap Roots: 0.8ms
[153.166s][info][gc,phases      ] GC(1481)   Evacuate Collection Set: 1.0ms
[153.166s][info][gc,phases      ] GC(1481)   Post Evacuate Collection Set: 0.8ms
[153.166s][info][gc,phases      ] GC(1481)   Other: 0.1ms
[153.166s][info][gc,heap        ] GC(1481) Eden regions: 635->0(646)
[153.166s][info][gc,heap        ] GC(1481) Survivor regions: 5->5(23)
[153.166s][info][gc,heap        ] GC(1481) Old regions: 55->55
[153.166s][info][gc,heap        ] GC(1481) Archive regions: 0->0
[153.166s][info][gc,heap        ] GC(1481) Humongous regions: 1330->1234
[153.166s][info][gc,metaspace   ] GC(1481) Metaspace: 129275K(131328K)->129275K(131328K) NonClass: 110236K(110912K)->110236K(110912K) Class: 19039K(20416K)->19039K(20416K)
[153.166s][info][gc             ] GC(1481) Pause Young (Prepare Mixed) (G1 Humongous Allocation) 2022M->1291M(2048M) 3.292ms
[153.166s][info][gc,cpu         ] GC(1481) User=0.02s Sys=0.00s Real=0.02s
[153.200s][info][gc,start       ] GC(1482) Pause Young (Mixed) (G1 Humongous Allocation)
[153.200s][info][gc,task        ] GC(1482) Using 33 workers of 33 for evacuation
[153.204s][info][gc,phases      ] GC(1482)   Pre Evacuate Collection Set: 0.3ms
[153.204s][info][gc,phases      ] GC(1482)   Merge Heap Roots: 0.3ms
[153.204s][info][gc,phases      ] GC(1482)   Evacuate Collection Set: 1.5ms
[153.204s][info][gc,phases      ] GC(1482)   Post Evacuate Collection Set: 0.9ms
[153.204s][info][gc,phases      ] GC(1482)   Other: 0.2ms
[153.204s][info][gc,heap        ] GC(1482) Eden regions: 598->0(635)
[153.204s][info][gc,heap        ] GC(1482) Survivor regions: 5->4(82)
[153.204s][info][gc,heap        ] GC(1482) Old regions: 55->55
[153.204s][info][gc,heap        ] GC(1482) Archive regions: 0->0
[153.204s][info][gc,heap        ] GC(1482) Humongous regions: 1307->1247
[153.204s][info][gc,metaspace   ] GC(1482) Metaspace: 129275K(131328K)->129275K(131328K) NonClass: 110236K(110912K)->110236K(110912K) Class: 19039K(20416K)->19039K(20416K)
[153.204s][info][gc             ] GC(1482) Pause Young (Mixed) (G1 Humongous Allocation) 1962M->1304M(2048M) 3.718ms
[153.204s][info][gc,cpu         ] GC(1482) User=0.00s Sys=0.00s Real=0.00s
[153.209s][info][gc,start       ] GC(1483) Pause Young (Concurrent Start) (G1 Humongous Allocation)
[153.209s][info][gc,task        ] GC(1483) Using 33 workers of 33 for evacuation
[153.211s][info][gc,phases      ] GC(1483)   Pre Evacuate Collection Set: 0.5ms
[153.211s][info][gc,phases      ] GC(1483)   Merge Heap Roots: 0.1ms
[153.211s][info][gc,phases      ] GC(1483)   Evacuate Collection Set: 1.4ms
[153.211s][info][gc,phases      ] GC(1483)   Post Evacuate Collection Set: 0.6ms
[153.211s][info][gc,phases      ] GC(1483)   Other: 0.1ms
[153.211s][info][gc,heap        ] GC(1483) Eden regions: 75->0(632)
[153.211s][info][gc,heap        ] GC(1483) Survivor regions: 4->4(80)
[153.212s][info][gc,heap        ] GC(1483) Old regions: 55->55
[153.212s][info][gc,heap        ] GC(1483) Archive regions: 0->0
[153.212s][info][gc,heap        ] GC(1483) Humongous regions: 1254->1250
[153.212s][info][gc,metaspace   ] GC(1483) Metaspace: 129275K(131328K)->129275K(131328K) NonClass: 110236K(110912K)->110236K(110912K) Class: 19039K(20416K)->19039K(20416K)
[153.212s][info][gc             ] GC(1483) Pause Young (Concurrent Start) (G1 Humongous Allocation) 1386M->1307M(2048M) 2.990ms
[153.212s][info][gc             ] GC(1484) Concurrent Mark Cycle
[153.212s][info][gc,cpu         ] GC(1483) User=0.03s Sys=0.00s Real=0.02s
[153.212s][info][gc,marking     ] GC(1484) Concurrent Scan Root Regions
[153.215s][info][gc,marking     ] GC(1484) Concurrent Scan Root Regions 3.657ms
[153.215s][info][gc,marking     ] GC(1484) Concurrent Mark
[153.215s][info][gc,marking     ] GC(1484) Concurrent Mark From Roots
[153.215s][info][gc,task        ] GC(1484) Using 8 workers of 8 for marking
[153.238s][info][gc,marking     ] GC(1484) Concurrent Mark From Roots 23.034ms
[153.239s][info][gc,marking     ] GC(1484) Concurrent Preclean
[153.239s][info][gc,marking     ] GC(1484) Concurrent Preclean 0.549ms
[153.240s][info][gc,start       ] GC(1484) Pause Remark
[153.243s][info][gc             ] GC(1484) Pause Remark 1753M->1753M(2048M) 3.233ms
[153.243s][info][gc,cpu         ] GC(1484) User=0.39s Sys=0.02s Real=0.02s
[153.243s][info][gc,marking     ] GC(1484) Concurrent Mark 28.117ms
[153.244s][info][gc,marking     ] GC(1484) Concurrent Rebuild Remembered Sets and Scrub Regions
[153.251s][info][gc,marking     ] GC(1484) Concurrent Rebuild Remembered Sets and Scrub Regions 7.612ms
[153.252s][info][gc,start       ] GC(1484) Pause Cleanup
[153.252s][info][gc             ] GC(1484) Pause Cleanup 1875M->1875M(2048M) 0.373ms
[153.252s][info][gc,cpu         ] GC(1484) User=0.00s Sys=0.00s Real=0.00s
[153.252s][info][gc,marking     ] GC(1484) Concurrent Clear Claimed Marks
[153.252s][info][gc,marking     ] GC(1484) Concurrent Clear Claimed Marks 0.240ms
[153.252s][info][gc,marking     ] GC(1484) Concurrent Cleanup for Next Mark
[153.255s][info][gc,marking     ] GC(1484) Concurrent Cleanup for Next Mark 2.486ms
[153.255s][info][gc             ] GC(1484) Concurrent Mark Cycle 43.430ms
[153.257s][info][gc,start       ] GC(1485) Pause Young (Prepare Mixed) (G1 Humongous Allocation)
