[0.016s][info][gc,init] CardTable entry size: 512
[0.017s][info][gc     ] Using G1
[0.032s][info][gc,init] Version: 20+36-2344 (release)
[0.032s][info][gc,init] CPUs: 48 total, 48 available
[0.032s][info][gc,init] Memory: 382G
[0.032s][info][gc,init] Large Page Support: Disabled
[0.032s][info][gc,init] NUMA Support: Disabled
[0.032s][info][gc,init] Compressed Oops: Enabled (Zero based)
[0.032s][info][gc,init] Heap Region Size: 2M
[0.032s][info][gc,init] Heap Min Capacity: 8M
[0.032s][info][gc,init] Heap Initial Capacity: 2G
[0.032s][info][gc,init] Heap Max Capacity: 4G
[0.043s][info][gc,init] Pre-touch: Disabled
[0.043s][info][gc,init] Parallel Workers: 33
[0.043s][info][gc,init] Concurrent Workers: 8
[0.043s][info][gc,init] Concurrent Refinement Workers: 33
[0.043s][info][gc,init] Periodic GC: Disabled
[0.044s][info][gc,metaspace] CDS archive(s) mapped at: [0x0000000800000000-0x0000000800c60000-0x0000000800c60000), size 12976128, SharedBaseAddress: 0x0000000800000000, ArchiveRelocationMode: 0.
[0.044s][info][gc,metaspace] Compressed class space mapped at: 0x0000000801000000-0x0000000841000000, reserved size: 1073741824
[0.044s][info][gc,metaspace] Narrow klass base: 0x0000000800000000, Narrow klass shift: 0, Narrow klass range: 0x100000000
[10.446s][info][gc,start    ] GC(0) Pause Young (Concurrent Start) (Metadata GC Threshold)
[10.448s][info][gc,task     ] GC(0) Using 33 workers of 33 for evacuation
[10.467s][info][gc,phases   ] GC(0)   Pre Evacuate Collection Set: 0.5ms
[10.467s][info][gc,phases   ] GC(0)   Merge Heap Roots: 0.3ms
[10.467s][info][gc,phases   ] GC(0)   Evacuate Collection Set: 16.6ms
[10.467s][info][gc,phases   ] GC(0)   Post Evacuate Collection Set: 1.2ms
[10.467s][info][gc,phases   ] GC(0)   Other: 2.3ms
[10.467s][info][gc,heap     ] GC(0) Eden regions: 41->0(44)
[10.467s][info][gc,heap     ] GC(0) Survivor regions: 0->7(7)
[10.467s][info][gc,heap     ] GC(0) Old regions: 0->1
[10.467s][info][gc,heap     ] GC(0) Archive regions: 0->0
[10.467s][info][gc,heap     ] GC(0) Humongous regions: 3->3
[10.467s][info][gc,metaspace] GC(0) Metaspace: 21271K(21504K)->21271K(21504K) NonClass: 18550K(18688K)->18550K(18688K) Class: 2720K(2816K)->2720K(2816K)
[10.467s][info][gc          ] GC(0) Pause Young (Concurrent Start) (Metadata GC Threshold) 87M->20M(2048M) 21.467ms
[10.467s][info][gc          ] GC(1) Concurrent Mark Cycle
[10.467s][info][gc,cpu      ] GC(0) User=0.53s Sys=0.03s Real=0.03s
[10.468s][info][gc,marking  ] GC(1) Concurrent Scan Root Regions
[10.470s][info][gc,marking  ] GC(1) Concurrent Scan Root Regions 2.418ms
[10.470s][info][gc,marking  ] GC(1) Concurrent Mark
[10.470s][info][gc,marking  ] GC(1) Concurrent Mark From Roots
[10.470s][info][gc,task     ] GC(1) Using 8 workers of 8 for marking
[10.471s][info][gc,marking  ] GC(1) Concurrent Mark From Roots 0.750ms
[10.471s][info][gc,marking  ] GC(1) Concurrent Preclean
[10.471s][info][gc,marking  ] GC(1) Concurrent Preclean 0.023ms
[10.471s][info][gc,start    ] GC(1) Pause Remark
[10.473s][info][gc          ] GC(1) Pause Remark 22M->22M(80M) 2.519ms
[10.473s][info][gc,cpu      ] GC(1) User=0.00s Sys=0.00s Real=0.00s
[10.474s][info][gc,marking  ] GC(1) Concurrent Mark 3.522ms
[10.474s][info][gc,marking  ] GC(1) Concurrent Rebuild Remembered Sets and Scrub Regions
[10.475s][info][gc,marking  ] GC(1) Concurrent Rebuild Remembered Sets and Scrub Regions 1.595ms
[10.475s][info][gc,start    ] GC(1) Pause Cleanup
[10.475s][info][gc          ] GC(1) Pause Cleanup 22M->22M(80M) 0.088ms
[10.475s][info][gc,cpu      ] GC(1) User=0.00s Sys=0.00s Real=0.00s
[10.475s][info][gc,marking  ] GC(1) Concurrent Clear Claimed Marks
[10.475s][info][gc,marking  ] GC(1) Concurrent Clear Claimed Marks 0.026ms
[10.475s][info][gc,marking  ] GC(1) Concurrent Cleanup for Next Mark
[10.476s][info][gc,marking  ] GC(1) Concurrent Cleanup for Next Mark 0.464ms
[10.476s][info][gc          ] GC(1) Concurrent Mark Cycle 8.483ms
[11.252s][info][gc,start    ] GC(2) Pause Young (Prepare Mixed) (G1 Evacuation Pause)
[11.252s][info][gc,task     ] GC(2) Using 17 workers of 33 for evacuation
[11.264s][info][gc,phases   ] GC(2)   Pre Evacuate Collection Set: 0.1ms
[11.264s][info][gc,phases   ] GC(2)   Merge Heap Roots: 0.2ms
[11.264s][info][gc,phases   ] GC(2)   Evacuate Collection Set: 10.8ms
[11.264s][info][gc,phases   ] GC(2)   Post Evacuate Collection Set: 1.0ms
[11.264s][info][gc,phases   ] GC(2)   Other: 0.3ms
[11.264s][info][gc,heap     ] GC(2) Eden regions: 29->0(20)
[11.264s][info][gc,heap     ] GC(2) Survivor regions: 7->3(7)
[11.264s][info][gc,heap     ] GC(2) Old regions: 1->8
[11.265s][info][gc,heap     ] GC(2) Archive regions: 0->0
[11.265s][info][gc,heap     ] GC(2) Humongous regions: 3->3
[11.265s][info][gc,metaspace] GC(2) Metaspace: 32706K(33088K)->32706K(33088K) NonClass: 28551K(28736K)->28551K(28736K) Class: 4155K(4352K)->4155K(4352K)
[11.265s][info][gc          ] GC(2) Pause Young (Prepare Mixed) (G1 Evacuation Pause) 78M->25M(100M) 12.719ms
[11.265s][info][gc,cpu      ] GC(2) User=0.00s Sys=0.00s Real=0.00s
[11.424s][info][gc,start    ] GC(3) Pause Young (Mixed) (Metadata GC Threshold)
[11.424s][info][gc,task     ] GC(3) Using 9 workers of 33 for evacuation
[11.431s][info][gc,phases   ] GC(3)   Pre Evacuate Collection Set: 0.1ms
[11.431s][info][gc,phases   ] GC(3)   Merge Heap Roots: 0.1ms
[11.431s][info][gc,phases   ] GC(3)   Evacuate Collection Set: 5.9ms
[11.431s][info][gc,phases   ] GC(3)   Post Evacuate Collection Set: 0.6ms
[11.431s][info][gc,phases   ] GC(3)   Other: 0.1ms
[11.431s][info][gc,heap     ] GC(3) Eden regions: 6->0(21)
[11.431s][info][gc,heap     ] GC(3) Survivor regions: 3->1(3)
[11.431s][info][gc,heap     ] GC(3) Old regions: 8->10
[11.431s][info][gc,heap     ] GC(3) Archive regions: 0->0
[11.431s][info][gc,heap     ] GC(3) Humongous regions: 3->3
[11.431s][info][gc,metaspace] GC(3) Metaspace: 35586K(35968K)->35586K(35968K) NonClass: 31099K(31296K)->31099K(31296K) Class: 4487K(4672K)->4487K(4672K)
[11.431s][info][gc          ] GC(3) Pause Young (Mixed) (Metadata GC Threshold) 36M->27M(100M) 7.362ms
[11.431s][info][gc,cpu      ] GC(3) User=0.00s Sys=0.00s Real=0.00s
[11.467s][info][gc,start    ] GC(4) Pause Young (Concurrent Start) (Metadata GC Threshold)
[11.467s][info][gc,task     ] GC(4) Using 5 workers of 33 for evacuation
[11.470s][info][gc,phases   ] GC(4)   Pre Evacuate Collection Set: 0.2ms
[11.470s][info][gc,phases   ] GC(4)   Merge Heap Roots: 0.1ms
[11.470s][info][gc,phases   ] GC(4)   Evacuate Collection Set: 1.5ms
[11.470s][info][gc,phases   ] GC(4)   Post Evacuate Collection Set: 0.6ms
[11.470s][info][gc,phases   ] GC(4)   Other: 0.1ms
[11.470s][info][gc,heap     ] GC(4) Eden regions: 2->0(25)
[11.470s][info][gc,heap     ] GC(4) Survivor regions: 1->1(3)
[11.470s][info][gc,heap     ] GC(4) Old regions: 10->10
[11.470s][info][gc,heap     ] GC(4) Archive regions: 0->0
[11.470s][info][gc,heap     ] GC(4) Humongous regions: 3->3
[11.470s][info][gc,metaspace] GC(4) Metaspace: 35943K(36288K)->35943K(36288K) NonClass: 31411K(31616K)->31411K(31616K) Class: 4532K(4672K)->4532K(4672K)
[11.470s][info][gc          ] GC(4) Pause Young (Concurrent Start) (Metadata GC Threshold) 30M->26M(100M) 2.894ms
[11.470s][info][gc          ] GC(5) Concurrent Mark Cycle
[11.470s][info][gc,cpu      ] GC(4) User=0.00s Sys=0.00s Real=0.00s
[11.470s][info][gc,marking  ] GC(5) Concurrent Scan Root Regions
[11.473s][info][gc,marking  ] GC(5) Concurrent Scan Root Regions 2.232ms
[11.473s][info][gc,marking  ] GC(5) Concurrent Mark
[11.473s][info][gc,marking  ] GC(5) Concurrent Mark From Roots
[11.473s][info][gc,task     ] GC(5) Using 8 workers of 8 for marking
[11.484s][info][gc,marking  ] GC(5) Concurrent Mark From Roots 11.515ms
[11.484s][info][gc,marking  ] GC(5) Concurrent Preclean
[11.484s][info][gc,marking  ] GC(5) Concurrent Preclean 0.048ms
[11.484s][info][gc,start    ] GC(5) Pause Remark
[11.488s][info][gc          ] GC(5) Pause Remark 27M->27M(100M) 3.949ms
[11.488s][info][gc,cpu      ] GC(5) User=0.00s Sys=0.00s Real=0.00s
[11.488s][info][gc,marking  ] GC(5) Concurrent Mark 15.808ms
[11.489s][info][gc,marking  ] GC(5) Concurrent Rebuild Remembered Sets and Scrub Regions
[11.491s][info][gc,marking  ] GC(5) Concurrent Rebuild Remembered Sets and Scrub Regions 2.686ms
[11.491s][info][gc,start    ] GC(5) Pause Cleanup
[11.491s][info][gc          ] GC(5) Pause Cleanup 27M->27M(100M) 0.113ms
[11.492s][info][gc,cpu      ] GC(5) User=0.00s Sys=0.00s Real=0.00s
[11.492s][info][gc,marking  ] GC(5) Concurrent Clear Claimed Marks
[11.492s][info][gc,marking  ] GC(5) Concurrent Clear Claimed Marks 0.049ms
[11.492s][info][gc,marking  ] GC(5) Concurrent Cleanup for Next Mark
[11.492s][info][gc,marking  ] GC(5) Concurrent Cleanup for Next Mark 0.231ms
[11.492s][info][gc          ] GC(5) Concurrent Mark Cycle 21.618ms
[12.473s][info][gc,start    ] GC(6) Pause Young (Prepare Mixed) (G1 Evacuation Pause)
[12.473s][info][gc,task     ] GC(6) Using 3 workers of 33 for evacuation
[12.486s][info][gc,phases   ] GC(6)   Pre Evacuate Collection Set: 0.1ms
[12.486s][info][gc,phases   ] GC(6)   Merge Heap Roots: 0.1ms
[12.486s][info][gc,phases   ] GC(6)   Evacuate Collection Set: 4.8ms
[12.486s][info][gc,phases   ] GC(6)   Post Evacuate Collection Set: 8.4ms
[12.486s][info][gc,phases   ] GC(6)   Other: 0.1ms
[12.487s][info][gc,heap     ] GC(6) Eden regions: 25->0(87)
[12.487s][info][gc,heap     ] GC(6) Survivor regions: 1->2(4)
[12.487s][info][gc,heap     ] GC(6) Old regions: 10->10
[12.487s][info][gc,heap     ] GC(6) Archive regions: 0->0
[12.487s][info][gc,heap     ] GC(6) Humongous regions: 3->3
[12.487s][info][gc,metaspace] GC(6) Metaspace: 42276K(42624K)->42276K(42624K) NonClass: 36980K(37184K)->36980K(37184K) Class: 5296K(5440K)->5296K(5440K)
[12.487s][info][gc          ] GC(6) Pause Young (Prepare Mixed) (G1 Evacuation Pause) 76M->27M(1074M) 14.118ms
[12.487s][info][gc,cpu      ] GC(6) User=0.02s Sys=0.00s Real=0.02s
[94.620s][info][gc,start    ] GC(7) Pause Young (Mixed) (G1 Evacuation Pause)
[94.621s][info][gc,task     ] GC(7) Using 25 workers of 33 for evacuation
[94.628s][info][gc,phases   ] GC(7)   Pre Evacuate Collection Set: 0.2ms
[94.628s][info][gc,phases   ] GC(7)   Merge Heap Roots: 0.2ms
[94.628s][info][gc,phases   ] GC(7)   Evacuate Collection Set: 5.7ms
[94.628s][info][gc,phases   ] GC(7)   Post Evacuate Collection Set: 1.0ms
[94.628s][info][gc,phases   ] GC(7)   Other: 0.2ms
[94.628s][info][gc,heap     ] GC(7) Eden regions: 87->0(320)
[94.628s][info][gc,heap     ] GC(7) Survivor regions: 2->2(12)
[94.628s][info][gc,heap     ] GC(7) Old regions: 10->10
[94.628s][info][gc,heap     ] GC(7) Archive regions: 0->0
[94.628s][info][gc,heap     ] GC(7) Humongous regions: 3->3
[94.628s][info][gc,metaspace] GC(7) Metaspace: 42775K(43200K)->42775K(43200K) NonClass: 37413K(37696K)->37413K(37696K) Class: 5362K(5504K)->5362K(5504K)
[94.628s][info][gc          ] GC(7) Pause Young (Mixed) (G1 Evacuation Pause) 201M->27M(1074M) 7.780ms
[94.628s][info][gc,cpu      ] GC(7) User=0.39s Sys=0.00s Real=0.02s
[95.957s][info][gc,start    ] GC(8) Pause Young (Concurrent Start) (Metadata GC Threshold)
[95.957s][info][gc,task     ] GC(8) Using 25 workers of 33 for evacuation
[95.963s][info][gc,phases   ] GC(8)   Pre Evacuate Collection Set: 0.4ms
[95.963s][info][gc,phases   ] GC(8)   Merge Heap Roots: 0.1ms
[95.963s][info][gc,phases   ] GC(8)   Evacuate Collection Set: 4.0ms
[95.963s][info][gc,phases   ] GC(8)   Post Evacuate Collection Set: 0.9ms
[95.963s][info][gc,phases   ] GC(8)   Other: 0.1ms
[95.963s][info][gc,heap     ] GC(8) Eden regions: 42->0(318)
[95.963s][info][gc,heap     ] GC(8) Survivor regions: 2->4(41)
[95.963s][info][gc,heap     ] GC(8) Old regions: 10->10
[95.963s][info][gc,heap     ] GC(8) Archive regions: 0->0
[95.963s][info][gc,heap     ] GC(8) Humongous regions: 3->3
[95.963s][info][gc,metaspace] GC(8) Metaspace: 60444K(60928K)->60444K(60928K) NonClass: 53056K(53312K)->53056K(53312K) Class: 7387K(7616K)->7387K(7616K)
[95.963s][info][gc          ] GC(8) Pause Young (Concurrent Start) (Metadata GC Threshold) 110M->32M(1074M) 6.070ms
[95.963s][info][gc          ] GC(9) Concurrent Mark Cycle
[95.963s][info][gc,cpu      ] GC(8) User=0.00s Sys=0.00s Real=0.00s
[95.963s][info][gc,marking  ] GC(9) Concurrent Scan Root Regions
[95.966s][info][gc,marking  ] GC(9) Concurrent Scan Root Regions 2.979ms
[95.966s][info][gc,marking  ] GC(9) Concurrent Mark
[95.966s][info][gc,marking  ] GC(9) Concurrent Mark From Roots
[95.966s][info][gc,task     ] GC(9) Using 8 workers of 8 for marking
[95.976s][info][gc,marking  ] GC(9) Concurrent Mark From Roots 9.373ms
[95.976s][info][gc,marking  ] GC(9) Concurrent Preclean
[95.976s][info][gc,marking  ] GC(9) Concurrent Preclean 0.051ms
[95.976s][info][gc,start    ] GC(9) Pause Remark
[95.980s][info][gc          ] GC(9) Pause Remark 35M->35M(128M) 3.837ms
[95.980s][info][gc,cpu      ] GC(9) User=0.00s Sys=0.00s Real=0.00s
[95.980s][info][gc,marking  ] GC(9) Concurrent Mark 13.578ms
[95.980s][info][gc,marking  ] GC(9) Concurrent Rebuild Remembered Sets and Scrub Regions
[95.983s][info][gc,marking  ] GC(9) Concurrent Rebuild Remembered Sets and Scrub Regions 3.385ms
[95.983s][info][gc,start    ] GC(9) Pause Cleanup
[95.984s][info][gc          ] GC(9) Pause Cleanup 35M->35M(128M) 0.181ms
[95.984s][info][gc,cpu      ] GC(9) User=0.00s Sys=0.00s Real=0.00s
[95.984s][info][gc,marking  ] GC(9) Concurrent Clear Claimed Marks
[95.984s][info][gc,marking  ] GC(9) Concurrent Clear Claimed Marks 0.032ms
[95.984s][info][gc,marking  ] GC(9) Concurrent Cleanup for Next Mark
[95.984s][info][gc,marking  ] GC(9) Concurrent Cleanup for Next Mark 0.507ms
[95.984s][info][gc          ] GC(9) Concurrent Mark Cycle 21.073ms
[97.348s][info][gc,start    ] GC(10) Pause Full (System.gc())
[97.355s][info][gc,task     ] GC(10) Using 6 workers of 33 for full compaction
[97.355s][info][gc,phases,start] GC(10) Phase 1: Mark live objects
[97.382s][info][gc,phases      ] GC(10) Phase 1: Mark live objects 26.784ms
[97.382s][info][gc,phases,start] GC(10) Phase 2: Prepare compaction
[97.387s][info][gc,phases      ] GC(10) Phase 2: Prepare compaction 4.372ms
[97.387s][info][gc,phases,start] GC(10) Phase 3: Adjust pointers
[97.396s][info][gc,phases      ] GC(10) Phase 3: Adjust pointers 9.138ms
[97.396s][info][gc,phases,start] GC(10) Phase 4: Compact heap
[97.401s][info][gc,phases      ] GC(10) Phase 4: Compact heap 5.376ms
[97.411s][info][gc,heap        ] GC(10) Eden regions: 46->0(33)
[97.411s][info][gc,heap        ] GC(10) Survivor regions: 4->0(41)
[97.411s][info][gc,heap        ] GC(10) Old regions: 10->19
[97.411s][info][gc,heap        ] GC(10) Archive regions: 0->0
[97.411s][info][gc,heap        ] GC(10) Humongous regions: 3->3
[97.411s][info][gc,metaspace   ] GC(10) Metaspace: 84480K(84992K)->84480K(84992K) NonClass: 73998K(74304K)->73998K(74304K) Class: 10482K(10688K)->10482K(10688K)
[97.411s][info][gc             ] GC(10) Pause Full (System.gc()) 124M->36M(128M) 62.624ms
[97.411s][info][gc,cpu         ] GC(10) User=0.30s Sys=0.00s Real=0.06s
[98.410s][info][gc,start       ] GC(11) Pause Young (Normal) (G1 Evacuation Pause)
[98.410s][info][gc,task        ] GC(11) Using 4 workers of 33 for evacuation
[98.422s][info][gc,phases      ] GC(11)   Pre Evacuate Collection Set: 0.1ms
[98.422s][info][gc,phases      ] GC(11)   Merge Heap Roots: 0.2ms
[98.422s][info][gc,phases      ] GC(11)   Evacuate Collection Set: 9.8ms
[98.422s][info][gc,phases      ] GC(11)   Post Evacuate Collection Set: 0.9ms
[98.422s][info][gc,phases      ] GC(11)   Other: 0.1ms
[98.422s][info][gc,heap        ] GC(11) Eden regions: 33->0(31)
[98.422s][info][gc,heap        ] GC(11) Survivor regions: 0->3(5)
[98.422s][info][gc,heap        ] GC(11) Old regions: 19->19
[98.422s][info][gc,heap        ] GC(11) Archive regions: 0->0
[98.422s][info][gc,heap        ] GC(11) Humongous regions: 6->3
[98.422s][info][gc,metaspace   ] GC(11) Metaspace: 96847K(97600K)->96847K(97600K) NonClass: 84533K(84928K)->84533K(84928K) Class: 12314K(12672K)->12314K(12672K)
[98.422s][info][gc             ] GC(11) Pause Young (Normal) (G1 Evacuation Pause) 108M->41M(128M) 11.685ms
[98.422s][info][gc,cpu         ] GC(11) User=0.13s Sys=0.00s Real=0.02s
[98.839s][info][gc,start       ] GC(12) Pause Young (Normal) (G1 Evacuation Pause)
[98.839s][info][gc,task        ] GC(12) Using 3 workers of 33 for evacuation
[98.851s][info][gc,phases      ] GC(12)   Pre Evacuate Collection Set: 0.1ms
[98.851s][info][gc,phases      ] GC(12)   Merge Heap Roots: 0.1ms
[98.851s][info][gc,phases      ] GC(12)   Evacuate Collection Set: 10.5ms
[98.851s][info][gc,phases      ] GC(12)   Post Evacuate Collection Set: 0.6ms
[98.851s][info][gc,phases      ] GC(12)   Other: 0.1ms
[98.851s][info][gc,heap        ] GC(12) Eden regions: 31->0(28)
[98.851s][info][gc,heap        ] GC(12) Survivor regions: 3->5(5)
[98.851s][info][gc,heap        ] GC(12) Old regions: 19->20
[98.851s][info][gc,heap        ] GC(12) Archive regions: 0->0
[98.851s][info][gc,heap        ] GC(12) Humongous regions: 6->3
[98.851s][info][gc,metaspace   ] GC(12) Metaspace: 102560K(104512K)->102560K(104512K) NonClass: 88957K(90048K)->88957K(90048K) Class: 13603K(14464K)->13603K(14464K)
[98.851s][info][gc             ] GC(12) Pause Young (Normal) (G1 Evacuation Pause) 109M->47M(130M) 11.605ms
[98.851s][info][gc,cpu         ] GC(12) User=0.08s Sys=0.02s Real=0.01s
[99.218s][info][gc,start       ] GC(13) Pause Young (Normal) (G1 Evacuation Pause)
[99.218s][info][gc,task        ] GC(13) Using 3 workers of 33 for evacuation
[99.230s][info][gc,phases      ] GC(13)   Pre Evacuate Collection Set: 0.1ms
[99.230s][info][gc,phases      ] GC(13)   Merge Heap Roots: 0.1ms
[99.230s][info][gc,phases      ] GC(13)   Evacuate Collection Set: 10.6ms
[99.230s][info][gc,phases      ] GC(13)   Post Evacuate Collection Set: 0.5ms
[99.230s][info][gc,phases      ] GC(13)   Other: 0.1ms
[99.230s][info][gc,heap        ] GC(13) Eden regions: 28->0(27)
[99.230s][info][gc,heap        ] GC(13) Survivor regions: 5->2(5)
[99.230s][info][gc,heap        ] GC(13) Old regions: 20->25
[99.230s][info][gc,heap        ] GC(13) Archive regions: 0->0
[99.230s][info][gc,heap        ] GC(13) Humongous regions: 3->3
[99.230s][info][gc,metaspace   ] GC(13) Metaspace: 106475K(110784K)->106475K(110784K) NonClass: 91862K(94272K)->91862K(94272K) Class: 14613K(16512K)->14613K(16512K)
[99.230s][info][gc             ] GC(13) Pause Young (Normal) (G1 Evacuation Pause) 103M->50M(130M) 11.745ms
[99.230s][info][gc,cpu         ] GC(13) User=0.00s Sys=0.00s Real=0.00s
[99.479s][info][gc,start       ] GC(14) Pause Young (Normal) (G1 Evacuation Pause)
[99.479s][info][gc,task        ] GC(14) Using 3 workers of 33 for evacuation
[99.491s][info][gc,phases      ] GC(14)   Pre Evacuate Collection Set: 0.1ms
[99.491s][info][gc,phases      ] GC(14)   Merge Heap Roots: 0.1ms
[99.492s][info][gc,phases      ] GC(14)   Evacuate Collection Set: 8.1ms
[99.492s][info][gc,phases      ] GC(14)   Post Evacuate Collection Set: 4.4ms
[99.492s][info][gc,phases      ] GC(14)   Other: 0.1ms
[99.492s][info][gc,heap        ] GC(14) Eden regions: 27->0(324)
[99.492s][info][gc,heap        ] GC(14) Survivor regions: 2->3(4)
[99.492s][info][gc,heap        ] GC(14) Old regions: 25->25
[99.492s][info][gc,heap        ] GC(14) Archive regions: 0->0
[99.492s][info][gc,heap        ] GC(14) Humongous regions: 3->3
[99.492s][info][gc,metaspace   ] GC(14) Metaspace: 109472K(115648K)->109472K(115648K) NonClass: 94075K(97536K)->94075K(97536K) Class: 15397K(18112K)->15397K(18112K)
[99.492s][info][gc             ] GC(14) Pause Young (Normal) (G1 Evacuation Pause) 104M->53M(1090M) 13.112ms
[99.492s][info][gc,cpu         ] GC(14) User=0.13s Sys=0.02s Real=0.02s
[105.346s][info][gc,start       ] GC(15) Pause Young (Normal) (G1 Evacuation Pause)
[105.346s][info][gc,task        ] GC(15) Using 26 workers of 33 for evacuation
[105.362s][info][gc,phases      ] GC(15)   Pre Evacuate Collection Set: 0.2ms
[105.362s][info][gc,phases      ] GC(15)   Merge Heap Roots: 0.2ms
[105.362s][info][gc,phases      ] GC(15)   Evacuate Collection Set: 13.9ms
[105.362s][info][gc,phases      ] GC(15)   Post Evacuate Collection Set: 0.9ms
[105.362s][info][gc,phases      ] GC(15)   Other: 0.2ms
[105.362s][info][gc,heap        ] GC(15) Eden regions: 324->0(312)
[105.362s][info][gc,heap        ] GC(15) Survivor regions: 3->15(41)
[105.362s][info][gc,heap        ] GC(15) Old regions: 25->25
[105.362s][info][gc,heap        ] GC(15) Archive regions: 0->0
[105.362s][info][gc,heap        ] GC(15) Humongous regions: 11->11
[105.362s][info][gc,metaspace   ] GC(15) Metaspace: 119942K(126528K)->119942K(126528K) NonClass: 102174K(105856K)->102174K(105856K) Class: 17767K(20672K)->17767K(20672K)
[105.362s][info][gc             ] GC(15) Pause Young (Normal) (G1 Evacuation Pause) 717M->91M(1090M) 15.668ms
[105.362s][info][gc,cpu         ] GC(15) User=0.02s Sys=0.02s Real=0.01s
[105.769s][info][gc,start       ] GC(16) Pause Young (Normal) (G1 Evacuation Pause)
[105.769s][info][gc,task        ] GC(16) Using 26 workers of 33 for evacuation
[105.781s][info][gc,phases      ] GC(16)   Pre Evacuate Collection Set: 0.2ms
[105.781s][info][gc,phases      ] GC(16)   Merge Heap Roots: 0.1ms
[105.781s][info][gc,phases      ] GC(16)   Evacuate Collection Set: 10.6ms
[105.781s][info][gc,phases      ] GC(16)   Post Evacuate Collection Set: 0.8ms
[105.781s][info][gc,phases      ] GC(16)   Other: 0.1ms
[105.781s][info][gc,heap        ] GC(16) Eden regions: 312->0(308)
[105.781s][info][gc,heap        ] GC(16) Survivor regions: 15->19(41)
[105.781s][info][gc,heap        ] GC(16) Old regions: 25->25
[105.781s][info][gc,heap        ] GC(16) Archive regions: 0->0
[105.781s][info][gc,heap        ] GC(16) Humongous regions: 18->18
[105.781s][info][gc,metaspace   ] GC(16) Metaspace: 119979K(126528K)->119979K(126528K) NonClass: 102212K(105856K)->102212K(105856K) Class: 17767K(20672K)->17767K(20672K)
[105.781s][info][gc             ] GC(16) Pause Young (Normal) (G1 Evacuation Pause) 729M->115M(1090M) 12.012ms
[105.781s][info][gc,cpu         ] GC(16) User=0.45s Sys=0.00s Real=0.02s
[105.858s][info][gc,start       ] GC(17) Pause Young (Normal) (G1 Evacuation Pause)
[105.858s][info][gc,task        ] GC(17) Using 26 workers of 33 for evacuation
[105.868s][info][gc,phases      ] GC(17)   Pre Evacuate Collection Set: 0.2ms
[105.868s][info][gc,phases      ] GC(17)   Merge Heap Roots: 0.2ms
[105.868s][info][gc,phases      ] GC(17)   Evacuate Collection Set: 8.9ms
[105.868s][info][gc,phases      ] GC(17)   Post Evacuate Collection Set: 0.7ms
[105.868s][info][gc,phases      ] GC(17)   Other: 0.1ms
[105.868s][info][gc,heap        ] GC(17) Eden regions: 308->0(304)
[105.868s][info][gc,heap        ] GC(17) Survivor regions: 19->23(41)
[105.868s][info][gc,heap        ] GC(17) Old regions: 25->25
[105.868s][info][gc,heap        ] GC(17) Archive regions: 0->0
[105.868s][info][gc,heap        ] GC(17) Humongous regions: 34->34
[105.868s][info][gc,metaspace   ] GC(17) Metaspace: 119987K(126528K)->119987K(126528K) NonClass: 102220K(105856K)->102220K(105856K) Class: 17767K(20672K)->17767K(20672K)
[105.868s][info][gc             ] GC(17) Pause Young (Normal) (G1 Evacuation Pause) 763M->153M(1090M) 10.295ms
[105.868s][info][gc,cpu         ] GC(17) User=0.41s Sys=0.00s Real=0.02s
[105.932s][info][gc,start       ] GC(18) Pause Young (Normal) (G1 Evacuation Pause)
[105.932s][info][gc,task        ] GC(18) Using 26 workers of 33 for evacuation
[105.939s][info][gc,phases      ] GC(18)   Pre Evacuate Collection Set: 0.2ms
[105.939s][info][gc,phases      ] GC(18)   Merge Heap Roots: 0.2ms
[105.939s][info][gc,phases      ] GC(18)   Evacuate Collection Set: 5.6ms
[105.939s][info][gc,phases      ] GC(18)   Post Evacuate Collection Set: 0.8ms
[105.939s][info][gc,phases      ] GC(18)   Other: 0.1ms
[105.939s][info][gc,heap        ] GC(18) Eden regions: 304->0(309)
[105.939s][info][gc,heap        ] GC(18) Survivor regions: 23->18(41)
[105.939s][info][gc,heap        ] GC(18) Old regions: 25->25
[105.939s][info][gc,heap        ] GC(18) Archive regions: 0->0
[105.939s][info][gc,heap        ] GC(18) Humongous regions: 87->81
[105.939s][info][gc,metaspace   ] GC(18) Metaspace: 119989K(126528K)->119989K(126528K) NonClass: 102222K(105856K)->102222K(105856K) Class: 17767K(20672K)->17767K(20672K)
[105.939s][info][gc             ] GC(18) Pause Young (Normal) (G1 Evacuation Pause) 867M->238M(1090M) 7.203ms
[105.939s][info][gc,cpu         ] GC(18) User=0.00s Sys=0.00s Real=0.00s
[105.997s][info][gc,start       ] GC(19) Pause Young (Normal) (G1 Evacuation Pause)
[105.998s][info][gc,task        ] GC(19) Using 26 workers of 33 for evacuation
[106.004s][info][gc,phases      ] GC(19)   Pre Evacuate Collection Set: 0.2ms
[106.004s][info][gc,phases      ] GC(19)   Merge Heap Roots: 0.1ms
[106.004s][info][gc,phases      ] GC(19)   Evacuate Collection Set: 5.1ms
[106.004s][info][gc,phases      ] GC(19)   Post Evacuate Collection Set: 0.8ms
[106.004s][info][gc,phases      ] GC(19)   Other: 0.1ms
[106.004s][info][gc,heap        ] GC(19) Eden regions: 309->0(317)
[106.004s][info][gc,heap        ] GC(19) Survivor regions: 18->10(41)
[106.004s][info][gc,heap        ] GC(19) Old regions: 25->25
[106.004s][info][gc,heap        ] GC(19) Archive regions: 0->0
[106.004s][info][gc,heap        ] GC(19) Humongous regions: 93->77
[106.004s][info][gc,metaspace   ] GC(19) Metaspace: 119989K(126528K)->119989K(126528K) NonClass: 102222K(105856K)->102222K(105856K) Class: 17767K(20672K)->17767K(20672K)
[106.004s][info][gc             ] GC(19) Pause Young (Normal) (G1 Evacuation Pause) 880M->215M(1090M) 6.627ms
[106.004s][info][gc,cpu         ] GC(19) User=0.00s Sys=0.00s Real=0.00s
[106.067s][info][gc,start       ] GC(20) Pause Young (Normal) (G1 Evacuation Pause)
[106.067s][info][gc,task        ] GC(20) Using 26 workers of 33 for evacuation
[106.077s][info][gc,phases      ] GC(20)   Pre Evacuate Collection Set: 0.2ms
[106.077s][info][gc,phases      ] GC(20)   Merge Heap Roots: 0.2ms
[106.077s][info][gc,phases      ] GC(20)   Evacuate Collection Set: 6.6ms
[106.077s][info][gc,phases      ] GC(20)   Post Evacuate Collection Set: 3.0ms
[106.077s][info][gc,phases      ] GC(20)   Other: 0.1ms
[106.077s][info][gc,heap        ] GC(20) Eden regions: 317->0(430)
[106.077s][info][gc,heap        ] GC(20) Survivor regions: 10->10(41)
[106.077s][info][gc,heap        ] GC(20) Old regions: 25->25
[106.077s][info][gc,heap        ] GC(20) Archive regions: 0->0
[106.077s][info][gc,heap        ] GC(20) Humongous regions: 101->92
[106.077s][info][gc,metaspace   ] GC(20) Metaspace: 119989K(126528K)->119989K(126528K) NonClass: 102222K(105856K)->102222K(105856K) Class: 17767K(20672K)->17767K(20672K)
[106.077s][info][gc             ] GC(20) Pause Young (Normal) (G1 Evacuation Pause) 897M->245M(1468M) 10.356ms
[106.077s][info][gc,cpu         ] GC(20) User=0.00s Sys=0.00s Real=0.00s
[106.355s][info][gc,start       ] GC(21) Pause Young (Normal) (G1 Evacuation Pause)
[106.355s][info][gc,task        ] GC(21) Using 33 workers of 33 for evacuation
[106.363s][info][gc,phases      ] GC(21)   Pre Evacuate Collection Set: 0.2ms
[106.363s][info][gc,phases      ] GC(21)   Merge Heap Roots: 0.2ms
[106.363s][info][gc,phases      ] GC(21)   Evacuate Collection Set: 6.7ms
[106.363s][info][gc,phases      ] GC(21)   Post Evacuate Collection Set: 0.8ms
[106.363s][info][gc,phases      ] GC(21)   Other: 0.1ms
[106.363s][info][gc,heap        ] GC(21) Eden regions: 430->0(430)
[106.363s][info][gc,heap        ] GC(21) Survivor regions: 10->10(55)
[106.363s][info][gc,heap        ] GC(21) Old regions: 25->25
[106.363s][info][gc,heap        ] GC(21) Archive regions: 0->0
[106.363s][info][gc,heap        ] GC(21) Humongous regions: 136->109
[106.363s][info][gc,metaspace   ] GC(21) Metaspace: 119990K(126528K)->119990K(126528K) NonClass: 102223K(105856K)->102223K(105856K) Class: 17767K(20672K)->17767K(20672K)
[106.363s][info][gc             ] GC(21) Pause Young (Normal) (G1 Evacuation Pause) 1193M->279M(1468M) 8.299ms
[106.363s][info][gc,cpu         ] GC(21) User=0.52s Sys=0.00s Real=0.01s
[106.442s][info][gc,start       ] GC(22) Pause Young (Normal) (G1 Evacuation Pause)
[106.442s][info][gc,task        ] GC(22) Using 33 workers of 33 for evacuation
[106.451s][info][gc,phases      ] GC(22)   Pre Evacuate Collection Set: 0.2ms
[106.451s][info][gc,phases      ] GC(22)   Merge Heap Roots: 0.2ms
[106.451s][info][gc,phases      ] GC(22)   Evacuate Collection Set: 8.0ms
[106.451s][info][gc,phases      ] GC(22)   Post Evacuate Collection Set: 0.9ms
[106.451s][info][gc,phases      ] GC(22)   Other: 0.1ms
[106.451s][info][gc,heap        ] GC(22) Eden regions: 430->0(429)
[106.451s][info][gc,heap        ] GC(22) Survivor regions: 10->11(55)
[106.451s][info][gc,heap        ] GC(22) Old regions: 25->25
[106.451s][info][gc,heap        ] GC(22) Archive regions: 0->0
[106.451s][info][gc,heap        ] GC(22) Humongous regions: 161->151
[106.451s][info][gc,metaspace   ] GC(22) Metaspace: 119990K(126528K)->119990K(126528K) NonClass: 102223K(105856K)->102223K(105856K) Class: 17767K(20672K)->17767K(20672K)
[106.452s][info][gc             ] GC(22) Pause Young (Normal) (G1 Evacuation Pause) 1243M->363M(1468M) 9.667ms
[106.452s][info][gc,cpu         ] GC(22) User=0.00s Sys=0.00s Real=0.00s
[106.542s][info][gc,start       ] GC(23) Pause Young (Normal) (G1 Evacuation Pause)
[106.542s][info][gc,task        ] GC(23) Using 33 workers of 33 for evacuation
[106.550s][info][gc,phases      ] GC(23)   Pre Evacuate Collection Set: 0.2ms
[106.550s][info][gc,phases      ] GC(23)   Merge Heap Roots: 0.2ms
[106.550s][info][gc,phases      ] GC(23)   Evacuate Collection Set: 6.5ms
[106.550s][info][gc,phases      ] GC(23)   Post Evacuate Collection Set: 1.0ms
[106.550s][info][gc,phases      ] GC(23)   Other: 0.1ms
[106.550s][info][gc,heap        ] GC(23) Eden regions: 429->0(432)
[106.550s][info][gc,heap        ] GC(23) Survivor regions: 11->10(55)
[106.550s][info][gc,heap        ] GC(23) Old regions: 25->25
[106.550s][info][gc,heap        ] GC(23) Archive regions: 0->0
[106.550s][info][gc,heap        ] GC(23) Humongous regions: 259->197
[106.550s][info][gc,metaspace   ] GC(23) Metaspace: 120030K(126592K)->120030K(126592K) NonClass: 102250K(105920K)->102250K(105920K) Class: 17779K(20672K)->17779K(20672K)
[106.550s][info][gc             ] GC(23) Pause Young (Normal) (G1 Evacuation Pause) 1437M->455M(1476M) 8.242ms
[106.550s][info][gc,cpu         ] GC(23) User=0.00s Sys=0.00s Real=0.00s
[106.688s][info][gc,start       ] GC(24) Pause Young (Normal) (G1 Evacuation Pause)
[106.688s][info][gc,task        ] GC(24) Using 33 workers of 33 for evacuation
[106.698s][info][gc,phases      ] GC(24)   Pre Evacuate Collection Set: 0.2ms
[106.698s][info][gc,phases      ] GC(24)   Merge Heap Roots: 0.2ms
[106.698s][info][gc,phases      ] GC(24)   Evacuate Collection Set: 8.7ms
[106.698s][info][gc,phases      ] GC(24)   Post Evacuate Collection Set: 0.9ms
[106.698s][info][gc,phases      ] GC(24)   Other: 0.1ms
[106.698s][info][gc,heap        ] GC(24) Eden regions: 432->0(432)
[106.698s][info][gc,heap        ] GC(24) Survivor regions: 10->12(56)
[106.698s][info][gc,heap        ] GC(24) Old regions: 25->25
[106.698s][info][gc,heap        ] GC(24) Archive regions: 0->0
[106.698s][info][gc,heap        ] GC(24) Humongous regions: 261->193
[106.698s][info][gc,metaspace   ] GC(24) Metaspace: 120076K(126592K)->120076K(126592K) NonClass: 102286K(105920K)->102286K(105920K) Class: 17789K(20672K)->17789K(20672K)
[106.698s][info][gc             ] GC(24) Pause Young (Normal) (G1 Evacuation Pause) 1447M->450M(1480M) 10.500ms
[106.698s][info][gc,cpu         ] GC(24) User=0.00s Sys=0.00s Real=0.00s
[106.801s][info][gc,start       ] GC(25) Pause Young (Concurrent Start) (G1 Humongous Allocation)
[106.801s][info][gc,task        ] GC(25) Using 33 workers of 33 for evacuation
[106.813s][info][gc,phases      ] GC(25)   Pre Evacuate Collection Set: 0.4ms
[106.813s][info][gc,phases      ] GC(25)   Merge Heap Roots: 0.2ms
[106.813s][info][gc,phases      ] GC(25)   Evacuate Collection Set: 8.8ms
[106.813s][info][gc,phases      ] GC(25)   Post Evacuate Collection Set: 2.9ms
[106.813s][info][gc,phases      ] GC(25)   Other: 0.1ms
[106.813s][info][gc,heap        ] GC(25) Eden regions: 381->0(514)
[106.813s][info][gc,heap        ] GC(25) Survivor regions: 12->17(56)
[106.813s][info][gc,heap        ] GC(25) Old regions: 25->25
[106.813s][info][gc,heap        ] GC(25) Archive regions: 0->0
[106.813s][info][gc,heap        ] GC(25) Humongous regions: 308->148
[106.813s][info][gc,metaspace   ] GC(25) Metaspace: 120101K(126656K)->120101K(126656K) NonClass: 102312K(105984K)->102312K(105984K) Class: 17789K(20672K)->17789K(20672K)
[106.814s][info][gc             ] GC(25) Pause Young (Concurrent Start) (G1 Humongous Allocation) 1442M->369M(1770M) 12.817ms
[106.814s][info][gc             ] GC(26) Concurrent Undo Cycle
[106.814s][info][gc,cpu         ] GC(25) User=0.00s Sys=0.00s Real=0.00s
[106.814s][info][gc,marking     ] GC(26) Concurrent Clear Claimed Marks
[106.815s][info][gc,marking     ] GC(26) Concurrent Clear Claimed Marks 1.367ms
[106.815s][info][gc,marking     ] GC(26) Concurrent Cleanup for Next Mark
[106.816s][info][gc,marking     ] GC(26) Concurrent Cleanup for Next Mark 0.963ms
[106.816s][info][gc             ] GC(26) Concurrent Undo Cycle 2.748ms
[107.023s][info][gc,start       ] GC(27) Pause Young (Normal) (G1 Evacuation Pause)
[107.023s][info][gc,task        ] GC(27) Using 33 workers of 33 for evacuation
[107.033s][info][gc,phases      ] GC(27)   Pre Evacuate Collection Set: 0.2ms
[107.033s][info][gc,phases      ] GC(27)   Merge Heap Roots: 0.2ms
[107.033s][info][gc,phases      ] GC(27)   Evacuate Collection Set: 8.0ms
[107.033s][info][gc,phases      ] GC(27)   Post Evacuate Collection Set: 0.9ms
[107.033s][info][gc,phases      ] GC(27)   Other: 0.1ms
[107.033s][info][gc,heap        ] GC(27) Eden regions: 514->0(508)
[107.033s][info][gc,heap        ] GC(27) Survivor regions: 17->23(67)
[107.033s][info][gc,heap        ] GC(27) Old regions: 25->25
[107.033s][info][gc,heap        ] GC(27) Archive regions: 0->0
[107.033s][info][gc,heap        ] GC(27) Humongous regions: 202->126
[107.033s][info][gc,metaspace   ] GC(27) Metaspace: 120116K(126656K)->120116K(126656K) NonClass: 102325K(105984K)->102325K(105984K) Class: 17790K(20672K)->17790K(20672K)
[107.033s][info][gc             ] GC(27) Pause Young (Normal) (G1 Evacuation Pause) 1505M->338M(1770M) 9.721ms
[107.033s][info][gc,cpu         ] GC(27) User=0.00s Sys=0.00s Real=0.00s
[107.113s][info][gc,start       ] GC(28) Pause Young (Normal) (G1 Evacuation Pause)
[107.113s][info][gc,task        ] GC(28) Using 33 workers of 33 for evacuation
[107.121s][info][gc,phases      ] GC(28)   Pre Evacuate Collection Set: 0.2ms
[107.121s][info][gc,phases      ] GC(28)   Merge Heap Roots: 0.2ms
[107.121s][info][gc,phases      ] GC(28)   Evacuate Collection Set: 6.6ms
[107.121s][info][gc,phases      ] GC(28)   Post Evacuate Collection Set: 0.8ms
[107.121s][info][gc,phases      ] GC(28)   Other: 0.1ms
[107.121s][info][gc,heap        ] GC(28) Eden regions: 508->0(519)
[107.121s][info][gc,heap        ] GC(28) Survivor regions: 23->12(67)
[107.121s][info][gc,heap        ] GC(28) Old regions: 25->25
[107.121s][info][gc,heap        ] GC(28) Archive regions: 0->0
[107.121s][info][gc,heap        ] GC(28) Humongous regions: 167->157
[107.121s][info][gc,metaspace   ] GC(28) Metaspace: 120119K(126656K)->120119K(126656K) NonClass: 102328K(105984K)->102328K(105984K) Class: 17790K(20672K)->17790K(20672K)
[107.121s][info][gc             ] GC(28) Pause Young (Normal) (G1 Evacuation Pause) 1436M->377M(1770M) 8.221ms
[107.121s][info][gc,cpu         ] GC(28) User=0.52s Sys=0.00s Real=0.02s
[107.207s][info][gc,start       ] GC(29) Pause Young (Normal) (G1 Evacuation Pause)
[107.207s][info][gc,task        ] GC(29) Using 33 workers of 33 for evacuation
[107.216s][info][gc,phases      ] GC(29)   Pre Evacuate Collection Set: 0.2ms
[107.216s][info][gc,phases      ] GC(29)   Merge Heap Roots: 0.2ms
[107.216s][info][gc,phases      ] GC(29)   Evacuate Collection Set: 7.6ms
[107.216s][info][gc,phases      ] GC(29)   Post Evacuate Collection Set: 0.8ms
[107.216s][info][gc,phases      ] GC(29)   Other: 0.1ms
[107.216s][info][gc,heap        ] GC(29) Eden regions: 519->0(521)
[107.216s][info][gc,heap        ] GC(29) Survivor regions: 12->10(67)
[107.216s][info][gc,heap        ] GC(29) Old regions: 25->26
[107.216s][info][gc,heap        ] GC(29) Archive regions: 0->0
[107.216s][info][gc,heap        ] GC(29) Humongous regions: 227->193
[107.216s][info][gc,metaspace   ] GC(29) Metaspace: 120119K(126656K)->120119K(126656K) NonClass: 102328K(105984K)->102328K(105984K) Class: 17790K(20672K)->17790K(20672K)
[107.216s][info][gc             ] GC(29) Pause Young (Normal) (G1 Evacuation Pause) 1555M->448M(1770M) 9.234ms
[107.216s][info][gc,cpu         ] GC(29) User=0.05s Sys=0.27s Real=0.02s
[107.295s][info][gc,start       ] GC(30) Pause Young (Normal) (G1 Evacuation Pause)
[107.295s][info][gc,task        ] GC(30) Using 33 workers of 33 for evacuation
[107.302s][info][gc,phases      ] GC(30)   Pre Evacuate Collection Set: 0.2ms
[107.302s][info][gc,phases      ] GC(30)   Merge Heap Roots: 0.2ms
[107.302s][info][gc,phases      ] GC(30)   Evacuate Collection Set: 4.9ms
[107.302s][info][gc,phases      ] GC(30)   Post Evacuate Collection Set: 0.8ms
[107.302s][info][gc,phases      ] GC(30)   Other: 0.1ms
[107.302s][info][gc,heap        ] GC(30) Eden regions: 521->0(522)
[107.302s][info][gc,heap        ] GC(30) Survivor regions: 10->9(67)
[107.302s][info][gc,heap        ] GC(30) Old regions: 26->27
[107.302s][info][gc,heap        ] GC(30) Archive regions: 0->0
[107.302s][info][gc,heap        ] GC(30) Humongous regions: 217->205
[107.302s][info][gc,metaspace   ] GC(30) Metaspace: 120122K(126656K)->120122K(126656K) NonClass: 102331K(105984K)->102331K(105984K) Class: 17790K(20672K)->17790K(20672K)
[107.302s][info][gc             ] GC(30) Pause Young (Normal) (G1 Evacuation Pause) 1538M->472M(1770M) 6.481ms
[107.302s][info][gc,cpu         ] GC(30) User=0.00s Sys=0.00s Real=0.00s
[107.404s][info][gc,start       ] GC(31) Pause Young (Normal) (G1 Evacuation Pause)
[107.404s][info][gc,task        ] GC(31) Using 33 workers of 33 for evacuation
[107.410s][info][gc,phases      ] GC(31)   Pre Evacuate Collection Set: 0.2ms
[107.410s][info][gc,phases      ] GC(31)   Merge Heap Roots: 0.2ms
[107.410s][info][gc,phases      ] GC(31)   Evacuate Collection Set: 4.6ms
[107.410s][info][gc,phases      ] GC(31)   Post Evacuate Collection Set: 1.4ms
[107.410s][info][gc,phases      ] GC(31)   Other: 0.1ms
[107.410s][info][gc,heap        ] GC(31) Eden regions: 522->0(571)
[107.410s][info][gc,heap        ] GC(31) Survivor regions: 9->4(67)
[107.410s][info][gc,heap        ] GC(31) Old regions: 27->31
[107.410s][info][gc,heap        ] GC(31) Archive regions: 0->0
[107.410s][info][gc,heap        ] GC(31) Humongous regions: 275->251
[107.410s][info][gc,metaspace   ] GC(31) Metaspace: 120123K(126656K)->120123K(126656K) NonClass: 102333K(105984K)->102333K(105984K) Class: 17790K(20672K)->17790K(20672K)
[107.410s][info][gc             ] GC(31) Pause Young (Normal) (G1 Evacuation Pause) 1656M->564M(1918M) 6.920ms
[107.411s][info][gc,cpu         ] GC(31) User=0.00s Sys=0.00s Real=0.00s
[107.580s][info][gc,start       ] GC(32) Pause Young (Normal) (G1 Evacuation Pause)
[107.581s][info][gc,task        ] GC(32) Using 33 workers of 33 for evacuation
[107.587s][info][gc,phases      ] GC(32)   Pre Evacuate Collection Set: 0.2ms
[107.587s][info][gc,phases      ] GC(32)   Merge Heap Roots: 0.2ms
[107.587s][info][gc,phases      ] GC(32)   Evacuate Collection Set: 5.5ms
[107.587s][info][gc,phases      ] GC(32)   Post Evacuate Collection Set: 0.8ms
[107.587s][info][gc,phases      ] GC(32)   Other: 0.1ms
[107.587s][info][gc,heap        ] GC(32) Eden regions: 537->0(574)
[107.587s][info][gc,heap        ] GC(32) Survivor regions: 4->5(72)
[107.587s][info][gc,heap        ] GC(32) Old regions: 31->33
[107.587s][info][gc,heap        ] GC(32) Archive regions: 0->0
[107.587s][info][gc,heap        ] GC(32) Humongous regions: 387->295
[107.587s][info][gc,metaspace   ] GC(32) Metaspace: 120123K(126656K)->120123K(126656K) NonClass: 102333K(105984K)->102333K(105984K) Class: 17790K(20672K)->17790K(20672K)
[107.588s][info][gc             ] GC(32) Pause Young (Normal) (G1 Evacuation Pause) 1910M->655M(1932M) 7.114ms
[107.588s][info][gc,cpu         ] GC(32) User=0.00s Sys=0.00s Real=0.00s
[107.688s][info][gc,start       ] GC(33) Pause Young (Concurrent Start) (G1 Humongous Allocation)
[107.688s][info][gc,task        ] GC(33) Using 33 workers of 33 for evacuation
[107.693s][info][gc,phases      ] GC(33)   Pre Evacuate Collection Set: 0.3ms
[107.693s][info][gc,phases      ] GC(33)   Merge Heap Roots: 0.2ms
[107.693s][info][gc,phases      ] GC(33)   Evacuate Collection Set: 3.4ms
[107.693s][info][gc,phases      ] GC(33)   Post Evacuate Collection Set: 0.9ms
[107.693s][info][gc,phases      ] GC(33)   Other: 0.1ms
[107.693s][info][gc,heap        ] GC(33) Eden regions: 439->0(572)
[107.693s][info][gc,heap        ] GC(33) Survivor regions: 5->7(73)
[107.693s][info][gc,heap        ] GC(33) Old regions: 33->33
[107.693s][info][gc,heap        ] GC(33) Archive regions: 0->0
[107.693s][info][gc,heap        ] GC(33) Humongous regions: 400->258
[107.693s][info][gc,metaspace   ] GC(33) Metaspace: 120126K(126656K)->120126K(126656K) NonClass: 102336K(105984K)->102336K(105984K) Class: 17790K(20672K)->17790K(20672K)
[107.693s][info][gc             ] GC(33) Pause Young (Concurrent Start) (G1 Humongous Allocation) 1743M->586M(1932M) 5.103ms
[107.693s][info][gc             ] GC(34) Concurrent Undo Cycle
[107.693s][info][gc,cpu         ] GC(33) User=0.00s Sys=0.00s Real=0.00s
[107.693s][info][gc,marking     ] GC(34) Concurrent Clear Claimed Marks
[107.694s][info][gc,marking     ] GC(34) Concurrent Clear Claimed Marks 0.744ms
[107.694s][info][gc,marking     ] GC(34) Concurrent Cleanup for Next Mark
[107.696s][info][gc,marking     ] GC(34) Concurrent Cleanup for Next Mark 2.343ms
[107.696s][info][gc             ] GC(34) Concurrent Undo Cycle 3.524ms
[107.794s][info][gc,start       ] GC(35) Pause Young (Normal) (G1 Evacuation Pause)
[107.794s][info][gc,task        ] GC(35) Using 33 workers of 33 for evacuation
[107.798s][info][gc,phases      ] GC(35)   Pre Evacuate Collection Set: 0.2ms
[107.799s][info][gc,phases      ] GC(35)   Merge Heap Roots: 0.2ms
[107.799s][info][gc,phases      ] GC(35)   Evacuate Collection Set: 2.9ms
[107.799s][info][gc,phases      ] GC(35)   Post Evacuate Collection Set: 0.8ms
[107.799s][info][gc,phases      ] GC(35)   Other: 0.1ms
[107.799s][info][gc,heap        ] GC(35) Eden regions: 572->0(564)
[107.799s][info][gc,heap        ] GC(35) Survivor regions: 7->15(73)
[107.799s][info][gc,heap        ] GC(35) Old regions: 33->33
[107.799s][info][gc,heap        ] GC(35) Archive regions: 0->0
[107.799s][info][gc,heap        ] GC(35) Humongous regions: 339->220
[107.799s][info][gc,metaspace   ] GC(35) Metaspace: 120150K(126720K)->120150K(126720K) NonClass: 102356K(106048K)->102356K(106048K) Class: 17793K(20672K)->17793K(20672K)
[107.799s][info][gc             ] GC(35) Pause Young (Normal) (G1 Evacuation Pause) 1892M->526M(1932M) 4.623ms
[107.799s][info][gc,cpu         ] GC(35) User=0.00s Sys=0.05s Real=0.02s
[107.884s][info][gc,start       ] GC(36) Pause Young (Normal) (G1 Evacuation Pause)
[107.884s][info][gc,task        ] GC(36) Using 33 workers of 33 for evacuation
[107.887s][info][gc,phases      ] GC(36)   Pre Evacuate Collection Set: 0.2ms
[107.887s][info][gc,phases      ] GC(36)   Merge Heap Roots: 0.2ms
[107.887s][info][gc,phases      ] GC(36)   Evacuate Collection Set: 1.7ms
[107.887s][info][gc,phases      ] GC(36)   Post Evacuate Collection Set: 0.6ms
[107.887s][info][gc,phases      ] GC(36)   Other: 0.1ms
[107.887s][info][gc,heap        ] GC(36) Eden regions: 564->0(574)
[107.887s][info][gc,heap        ] GC(36) Survivor regions: 15->5(73)
[107.887s][info][gc,heap        ] GC(36) Old regions: 33->33
[107.887s][info][gc,heap        ] GC(36) Archive regions: 0->0
[107.887s][info][gc,heap        ] GC(36) Humongous regions: 267->259
[107.887s][info][gc,metaspace   ] GC(36) Metaspace: 120150K(126720K)->120150K(126720K) NonClass: 102356K(106048K)->102356K(106048K) Class: 17793K(20672K)->17793K(20672K)
[107.887s][info][gc             ] GC(36) Pause Young (Normal) (G1 Evacuation Pause) 1748M->583M(1932M) 3.115ms
[107.887s][info][gc,cpu         ] GC(36) User=0.00s Sys=0.00s Real=0.00s
[107.979s][info][gc,start       ] GC(37) Pause Young (Normal) (G1 Evacuation Pause)
[107.979s][info][gc,task        ] GC(37) Using 33 workers of 33 for evacuation
[107.982s][info][gc,phases      ] GC(37)   Pre Evacuate Collection Set: 0.2ms
[107.982s][info][gc,phases      ] GC(37)   Merge Heap Roots: 0.3ms
[107.982s][info][gc,phases      ] GC(37)   Evacuate Collection Set: 1.5ms
[107.982s][info][gc,phases      ] GC(37)   Post Evacuate Collection Set: 0.7ms
[107.982s][info][gc,phases      ] GC(37)   Other: 0.1ms
[107.982s][info][gc,heap        ] GC(37) Eden regions: 574->0(575)
[107.982s][info][gc,heap        ] GC(37) Survivor regions: 5->4(73)
[107.982s][info][gc,heap        ] GC(37) Old regions: 33->33
[107.982s][info][gc,heap        ] GC(37) Archive regions: 0->0
[107.982s][info][gc,heap        ] GC(37) Humongous regions: 330->295
[107.982s][info][gc,metaspace   ] GC(37) Metaspace: 120150K(126720K)->120150K(126720K) NonClass: 102356K(106048K)->102356K(106048K) Class: 17793K(20672K)->17793K(20672K)
[107.982s][info][gc             ] GC(37) Pause Young (Normal) (G1 Evacuation Pause) 1873M->653M(1932M) 2.970ms
[107.982s][info][gc,cpu         ] GC(37) User=0.00s Sys=0.00s Real=0.00s
[108.080s][info][gc,start       ] GC(38) Pause Young (Normal) (G1 Evacuation Pause)
[108.080s][info][gc,task        ] GC(38) Using 33 workers of 33 for evacuation
[108.083s][info][gc,phases      ] GC(38)   Pre Evacuate Collection Set: 0.2ms
[108.083s][info][gc,phases      ] GC(38)   Merge Heap Roots: 0.3ms
[108.083s][info][gc,phases      ] GC(38)   Evacuate Collection Set: 1.7ms
[108.083s][info][gc,phases      ] GC(38)   Post Evacuate Collection Set: 0.7ms
[108.083s][info][gc,phases      ] GC(38)   Other: 0.1ms
[108.083s][info][gc,heap        ] GC(38) Eden regions: 575->0(563)
[108.083s][info][gc,heap        ] GC(38) Survivor regions: 4->4(73)
[108.083s][info][gc,heap        ] GC(38) Old regions: 33->33
[108.083s][info][gc,heap        ] GC(38) Archive regions: 0->0
[108.083s][info][gc,heap        ] GC(38) Humongous regions: 329->313
[108.083s][info][gc,metaspace   ] GC(38) Metaspace: 120151K(126720K)->120151K(126720K) NonClass: 102357K(106048K)->102357K(106048K) Class: 17793K(20672K)->17793K(20672K)
[108.083s][info][gc             ] GC(38) Pause Young (Normal) (G1 Evacuation Pause) 1871M->689M(1932M) 3.272ms
[108.083s][info][gc,cpu         ] GC(38) User=0.00s Sys=0.00s Real=0.00s
[108.158s][info][gc,start       ] GC(39) Pause Young (Concurrent Start) (G1 Humongous Allocation)
[108.158s][info][gc,task        ] GC(39) Using 33 workers of 33 for evacuation
[108.162s][info][gc,phases      ] GC(39)   Pre Evacuate Collection Set: 0.3ms
[108.162s][info][gc,phases      ] GC(39)   Merge Heap Roots: 0.2ms
[108.162s][info][gc,phases      ] GC(39)   Evacuate Collection Set: 2.9ms
[108.162s][info][gc,phases      ] GC(39)   Post Evacuate Collection Set: 0.6ms
[108.162s][info][gc,phases      ] GC(39)   Other: 0.1ms
[108.162s][info][gc,heap        ] GC(39) Eden regions: 377->0(509)
[108.162s][info][gc,heap        ] GC(39) Survivor regions: 4->4(71)
[108.162s][info][gc,heap        ] GC(39) Old regions: 33->33
[108.162s][info][gc,heap        ] GC(39) Archive regions: 0->0
[108.162s][info][gc,heap        ] GC(39) Humongous regions: 399->367
[108.162s][info][gc,metaspace   ] GC(39) Metaspace: 120151K(126720K)->120151K(126720K) NonClass: 102357K(106048K)->102357K(106048K) Class: 17793K(20672K)->17793K(20672K)
[108.162s][info][gc             ] GC(39) Pause Young (Concurrent Start) (G1 Humongous Allocation) 1615M->797M(1932M) 4.335ms
[108.162s][info][gc             ] GC(40) Concurrent Undo Cycle
[108.162s][info][gc,cpu         ] GC(39) User=0.00s Sys=0.00s Real=0.00s
[108.162s][info][gc,marking     ] GC(40) Concurrent Clear Claimed Marks
[108.165s][info][gc,marking     ] GC(40) Concurrent Clear Claimed Marks 2.631ms
[108.165s][info][gc,marking     ] GC(40) Concurrent Cleanup for Next Mark
[108.166s][info][gc,marking     ] GC(40) Concurrent Cleanup for Next Mark 0.990ms
[108.167s][info][gc             ] GC(40) Concurrent Undo Cycle 4.846ms
[108.194s][info][gc,start       ] GC(41) Pause Young (Concurrent Start) (G1 Humongous Allocation)
[108.194s][info][gc,task        ] GC(41) Using 33 workers of 33 for evacuation
[108.198s][info][gc,phases      ] GC(41)   Pre Evacuate Collection Set: 0.4ms
[108.198s][info][gc,phases      ] GC(41)   Merge Heap Roots: 0.1ms
[108.198s][info][gc,phases      ] GC(41)   Evacuate Collection Set: 2.6ms
[108.198s][info][gc,phases      ] GC(41)   Post Evacuate Collection Set: 0.6ms
[108.198s][info][gc,phases      ] GC(41)   Other: 0.1ms
[108.198s][info][gc,heap        ] GC(41) Eden regions: 102->0(487)
[108.198s][info][gc,heap        ] GC(41) Survivor regions: 4->4(65)
[108.198s][info][gc,heap        ] GC(41) Old regions: 33->33
[108.198s][info][gc,heap        ] GC(41) Archive regions: 0->0
[108.198s][info][gc,heap        ] GC(41) Humongous regions: 401->375
[108.198s][info][gc,metaspace   ] GC(41) Metaspace: 120151K(126720K)->120151K(126720K) NonClass: 102357K(106048K)->102357K(106048K) Class: 17793K(20672K)->17793K(20672K)
[108.198s][info][gc             ] GC(41) Pause Young (Concurrent Start) (G1 Humongous Allocation) 1069M->813M(1932M) 4.037ms
[108.198s][info][gc             ] GC(42) Concurrent Undo Cycle
[108.198s][info][gc,cpu         ] GC(41) User=0.00s Sys=0.00s Real=0.00s
[108.199s][info][gc,marking     ] GC(42) Concurrent Clear Claimed Marks
[108.201s][info][gc,marking     ] GC(42) Concurrent Clear Claimed Marks 2.605ms
[108.202s][info][gc,marking     ] GC(42) Concurrent Cleanup for Next Mark
[108.202s][info][gc,marking     ] GC(42) Concurrent Cleanup for Next Mark 0.883ms
[108.203s][info][gc             ] GC(42) Concurrent Undo Cycle 4.614ms
[108.233s][info][gc,start       ] GC(43) Pause Young (Concurrent Start) (G1 Humongous Allocation)
[108.233s][info][gc,task        ] GC(43) Using 33 workers of 33 for evacuation
[108.237s][info][gc,phases      ] GC(43)   Pre Evacuate Collection Set: 0.3ms
[108.237s][info][gc,phases      ] GC(43)   Merge Heap Roots: 0.1ms
[108.237s][info][gc,phases      ] GC(43)   Evacuate Collection Set: 2.5ms
[108.237s][info][gc,phases      ] GC(43)   Post Evacuate Collection Set: 0.6ms
[108.237s][info][gc,phases      ] GC(43)   Other: 0.1ms
[108.237s][info][gc,heap        ] GC(43) Eden regions: 154->0(466)
[108.237s][info][gc,heap        ] GC(43) Survivor regions: 4->4(62)
[108.237s][info][gc,heap        ] GC(43) Old regions: 33->33
[108.237s][info][gc,heap        ] GC(43) Archive regions: 0->0
[108.237s][info][gc,heap        ] GC(43) Humongous regions: 401->381
[108.237s][info][gc,metaspace   ] GC(43) Metaspace: 120151K(126720K)->120151K(126720K) NonClass: 102358K(106048K)->102358K(106048K) Class: 17793K(20672K)->17793K(20672K)
[108.237s][info][gc             ] GC(43) Pause Young (Concurrent Start) (G1 Humongous Allocation) 1173M->826M(1932M) 3.888ms
[108.237s][info][gc             ] GC(44) Concurrent Undo Cycle
[108.237s][info][gc,cpu         ] GC(43) User=0.00s Sys=0.00s Real=0.00s
[108.237s][info][gc,marking     ] GC(44) Concurrent Clear Claimed Marks
[108.240s][info][gc,marking     ] GC(44) Concurrent Clear Claimed Marks 2.841ms
[108.241s][info][gc,marking     ] GC(44) Concurrent Cleanup for Next Mark
[108.242s][info][gc,marking     ] GC(44) Concurrent Cleanup for Next Mark 0.900ms
[108.242s][info][gc             ] GC(44) Concurrent Undo Cycle 4.816ms
[108.275s][info][gc,start       ] GC(45) Pause Young (Concurrent Start) (G1 Humongous Allocation)
[108.275s][info][gc,task        ] GC(45) Using 33 workers of 33 for evacuation
[108.279s][info][gc,phases      ] GC(45)   Pre Evacuate Collection Set: 0.4ms
[108.279s][info][gc,phases      ] GC(45)   Merge Heap Roots: 0.1ms
[108.279s][info][gc,phases      ] GC(45)   Evacuate Collection Set: 2.6ms
[108.279s][info][gc,phases      ] GC(45)   Post Evacuate Collection Set: 0.6ms
[108.279s][info][gc,phases      ] GC(45)   Other: 0.1ms
[108.279s][info][gc,heap        ] GC(45) Eden regions: 164->0(485)
[108.279s][info][gc,heap        ] GC(45) Survivor regions: 4->5(59)
[108.279s][info][gc,heap        ] GC(45) Old regions: 33->33
[108.279s][info][gc,heap        ] GC(45) Archive regions: 0->0
[108.279s][info][gc,heap        ] GC(45) Humongous regions: 401->373
[108.279s][info][gc,metaspace   ] GC(45) Metaspace: 120152K(126720K)->120152K(126720K) NonClass: 102358K(106048K)->102358K(106048K) Class: 17793K(20672K)->17793K(20672K)
[108.279s][info][gc             ] GC(45) Pause Young (Concurrent Start) (G1 Humongous Allocation) 1194M->812M(1932M) 4.059ms
[108.279s][info][gc             ] GC(46) Concurrent Undo Cycle
[108.279s][info][gc,cpu         ] GC(45) User=0.00s Sys=0.00s Real=0.00s
[108.279s][info][gc,marking     ] GC(46) Concurrent Clear Claimed Marks
[108.281s][info][gc,marking     ] GC(46) Concurrent Clear Claimed Marks 2.065ms
[108.281s][info][gc,marking     ] GC(46) Concurrent Cleanup for Next Mark
[108.282s][info][gc,marking     ] GC(46) Concurrent Cleanup for Next Mark 0.889ms
[108.283s][info][gc             ] GC(46) Concurrent Undo Cycle 4.253ms
[108.327s][info][gc,start       ] GC(47) Pause Young (Concurrent Start) (G1 Humongous Allocation)
[108.327s][info][gc,task        ] GC(47) Using 33 workers of 33 for evacuation
[108.330s][info][gc,phases      ] GC(47)   Pre Evacuate Collection Set: 0.4ms
[108.331s][info][gc,phases      ] GC(47)   Merge Heap Roots: 0.1ms
[108.331s][info][gc,phases      ] GC(47)   Evacuate Collection Set: 2.6ms
[108.331s][info][gc,phases      ] GC(47)   Post Evacuate Collection Set: 0.6ms
[108.331s][info][gc,phases      ] GC(47)   Other: 0.1ms
[108.331s][info][gc,heap        ] GC(47) Eden regions: 198->0(493)
[108.331s][info][gc,heap        ] GC(47) Survivor regions: 5->5(62)
[108.331s][info][gc,heap        ] GC(47) Old regions: 33->33
[108.331s][info][gc,heap        ] GC(47) Archive regions: 0->0
[108.331s][info][gc,heap        ] GC(47) Humongous regions: 400->378
[108.331s][info][gc,metaspace   ] GC(47) Metaspace: 120153K(126720K)->120153K(126720K) NonClass: 102360K(106048K)->102360K(106048K) Class: 17793K(20672K)->17793K(20672K)
[108.331s][info][gc             ] GC(47) Pause Young (Concurrent Start) (G1 Humongous Allocation) 1262M->822M(1932M) 4.055ms
[108.331s][info][gc             ] GC(48) Concurrent Undo Cycle
[108.331s][info][gc,cpu         ] GC(47) User=0.00s Sys=0.00s Real=0.00s
[108.331s][info][gc,marking     ] GC(48) Concurrent Clear Claimed Marks
[108.334s][info][gc,marking     ] GC(48) Concurrent Clear Claimed Marks 2.600ms
[108.334s][info][gc,marking     ] GC(48) Concurrent Cleanup for Next Mark
[108.335s][info][gc,marking     ] GC(48) Concurrent Cleanup for Next Mark 0.886ms
[108.335s][info][gc             ] GC(48) Concurrent Undo Cycle 4.556ms
[108.362s][info][gc,start       ] GC(49) Pause Young (Concurrent Start) (G1 Humongous Allocation)
[108.363s][info][gc,task        ] GC(49) Using 33 workers of 33 for evacuation
[108.367s][info][gc,phases      ] GC(49)   Pre Evacuate Collection Set: 0.4ms
[108.367s][info][gc,phases      ] GC(49)   Merge Heap Roots: 0.1ms
[108.367s][info][gc,phases      ] GC(49)   Evacuate Collection Set: 2.9ms
[108.367s][info][gc,phases      ] GC(49)   Post Evacuate Collection Set: 0.7ms
[108.367s][info][gc,phases      ] GC(49)   Other: 0.1ms
[108.367s][info][gc,heap        ] GC(49) Eden regions: 104->0(482)
[108.367s][info][gc,heap        ] GC(49) Survivor regions: 5->5(63)
[108.367s][info][gc,heap        ] GC(49) Old regions: 33->33
[108.367s][info][gc,heap        ] GC(49) Archive regions: 0->0
[108.367s][info][gc,heap        ] GC(49) Humongous regions: 402->392
[108.367s][info][gc,metaspace   ] GC(49) Metaspace: 120153K(126720K)->120153K(126720K) NonClass: 102360K(106048K)->102360K(106048K) Class: 17793K(20672K)->17793K(20672K)
[108.367s][info][gc             ] GC(49) Pause Young (Concurrent Start) (G1 Humongous Allocation) 1078M->851M(1932M) 4.459ms
[108.367s][info][gc             ] GC(50) Concurrent Undo Cycle
[108.367s][info][gc,cpu         ] GC(49) User=0.00s Sys=0.00s Real=0.00s
[108.367s][info][gc,marking     ] GC(50) Concurrent Clear Claimed Marks
[108.369s][info][gc,marking     ] GC(50) Concurrent Clear Claimed Marks 2.100ms
[108.370s][info][gc,marking     ] GC(50) Concurrent Cleanup for Next Mark
[108.371s][info][gc,marking     ] GC(50) Concurrent Cleanup for Next Mark 0.958ms
[108.371s][info][gc             ] GC(50) Concurrent Undo Cycle 4.019ms
[108.390s][info][gc,start       ] GC(51) Pause Young (Concurrent Start) (G1 Humongous Allocation)
[108.390s][info][gc,task        ] GC(51) Using 33 workers of 33 for evacuation
[108.396s][info][gc,phases      ] GC(51)   Pre Evacuate Collection Set: 0.5ms
[108.396s][info][gc,phases      ] GC(51)   Merge Heap Roots: 0.1ms
[108.396s][info][gc,phases      ] GC(51)   Evacuate Collection Set: 3.7ms
[108.396s][info][gc,phases      ] GC(51)   Post Evacuate Collection Set: 2.2ms
[108.397s][info][gc,phases      ] GC(51)   Other: 0.1ms
[108.397s][info][gc,heap        ] GC(51) Eden regions: 28->0(557)
[108.397s][info][gc,heap        ] GC(51) Survivor regions: 5->6(61)
[108.397s][info][gc,heap        ] GC(51) Old regions: 33->33
[108.397s][info][gc,heap        ] GC(51) Archive regions: 0->0
[108.397s][info][gc,heap        ] GC(51) Humongous regions: 411->387
[108.397s][info][gc,metaspace   ] GC(51) Metaspace: 120154K(126720K)->120154K(126720K) NonClass: 102360K(106048K)->102360K(106048K) Class: 17793K(20672K)->17793K(20672K)
[108.397s][info][gc             ] GC(51) Pause Young (Concurrent Start) (G1 Humongous Allocation) 945M->842M(2084M) 7.183ms
[108.397s][info][gc             ] GC(52) Concurrent Undo Cycle
[108.397s][info][gc,cpu         ] GC(51) User=0.00s Sys=0.00s Real=0.00s
[108.397s][info][gc,marking     ] GC(52) Concurrent Clear Claimed Marks
[108.400s][info][gc,marking     ] GC(52) Concurrent Clear Claimed Marks 2.599ms
[108.400s][info][gc,marking     ] GC(52) Concurrent Cleanup for Next Mark
[108.401s][info][gc,marking     ] GC(52) Concurrent Cleanup for Next Mark 1.339ms
[108.401s][info][gc             ] GC(52) Concurrent Undo Cycle 4.535ms
[108.507s][info][gc,start       ] GC(53) Pause Young (Concurrent Start) (G1 Humongous Allocation)
[108.507s][info][gc,task        ] GC(53) Using 33 workers of 33 for evacuation
[108.512s][info][gc,phases      ] GC(53)   Pre Evacuate Collection Set: 0.3ms
[108.512s][info][gc,phases      ] GC(53)   Merge Heap Roots: 0.1ms
[108.512s][info][gc,phases      ] GC(53)   Evacuate Collection Set: 3.3ms
[108.512s][info][gc,phases      ] GC(53)   Post Evacuate Collection Set: 0.7ms
[108.512s][info][gc,phases      ] GC(53)   Other: 0.1ms
[108.512s][info][gc,heap        ] GC(53) Eden regions: 217->0(593)
[108.512s][info][gc,heap        ] GC(53) Survivor regions: 6->8(71)
[108.512s][info][gc,heap        ] GC(53) Old regions: 33->33
[108.512s][info][gc,heap        ] GC(53) Archive regions: 0->0
[108.512s][info][gc,heap        ] GC(53) Humongous regions: 435->347
[108.512s][info][gc,metaspace   ] GC(53) Metaspace: 120164K(126720K)->120164K(126720K) NonClass: 102370K(106048K)->102370K(106048K) Class: 17793K(20672K)->17793K(20672K)
[108.512s][info][gc             ] GC(53) Pause Young (Concurrent Start) (G1 Humongous Allocation) 1372M->767M(2084M) 4.735ms
[108.512s][info][gc             ] GC(54) Concurrent Undo Cycle
[108.512s][info][gc,cpu         ] GC(53) User=0.00s Sys=0.00s Real=0.00s
[108.512s][info][gc,marking     ] GC(54) Concurrent Clear Claimed Marks
[108.514s][info][gc,marking     ] GC(54) Concurrent Clear Claimed Marks 2.483ms
[108.515s][info][gc,marking     ] GC(54) Concurrent Cleanup for Next Mark
[108.516s][info][gc,marking     ] GC(54) Concurrent Cleanup for Next Mark 0.962ms
[108.516s][info][gc             ] GC(54) Concurrent Undo Cycle 4.444ms
[108.606s][info][gc,start       ] GC(55) Pause Young (Concurrent Start) (G1 Humongous Allocation)
[108.606s][info][gc,task        ] GC(55) Using 33 workers of 33 for evacuation
[108.611s][info][gc,phases      ] GC(55)   Pre Evacuate Collection Set: 0.3ms
[108.611s][info][gc,phases      ] GC(55)   Merge Heap Roots: 0.2ms
[108.611s][info][gc,phases      ] GC(55)   Evacuate Collection Set: 3.5ms
[108.611s][info][gc,phases      ] GC(55)   Post Evacuate Collection Set: 0.7ms
[108.611s][info][gc,phases      ] GC(55)   Other: 0.1ms
[108.611s][info][gc,heap        ] GC(55) Eden regions: 494->0(601)
[108.611s][info][gc,heap        ] GC(55) Survivor regions: 8->9(76)
[108.611s][info][gc,heap        ] GC(55) Old regions: 33->33
[108.611s][info][gc,heap        ] GC(55) Archive regions: 0->0
[108.611s][info][gc,heap        ] GC(55) Humongous regions: 436->337
[108.611s][info][gc,metaspace   ] GC(55) Metaspace: 120167K(126720K)->120167K(126720K) NonClass: 102374K(106048K)->102374K(106048K) Class: 17793K(20672K)->17793K(20672K)
[108.611s][info][gc             ] GC(55) Pause Young (Concurrent Start) (G1 Humongous Allocation) 1933M->748M(2084M) 5.127ms
[108.611s][info][gc             ] GC(56) Concurrent Undo Cycle
[108.611s][info][gc,cpu         ] GC(55) User=0.00s Sys=0.00s Real=0.00s
[108.611s][info][gc,marking     ] GC(56) Concurrent Clear Claimed Marks
[108.613s][info][gc,marking     ] GC(56) Concurrent Clear Claimed Marks 2.101ms
[108.614s][info][gc,marking     ] GC(56) Concurrent Cleanup for Next Mark
[108.614s][info][gc,marking     ] GC(56) Concurrent Cleanup for Next Mark 0.683ms
[108.615s][info][gc             ] GC(56) Concurrent Undo Cycle 3.553ms
[108.705s][info][gc,start       ] GC(57) Pause Young (Normal) (G1 Evacuation Pause)
[108.705s][info][gc,task        ] GC(57) Using 33 workers of 33 for evacuation
[108.713s][info][gc,phases      ] GC(57)   Pre Evacuate Collection Set: 0.2ms
[108.713s][info][gc,phases      ] GC(57)   Merge Heap Roots: 0.3ms
[108.713s][info][gc,phases      ] GC(57)   Evacuate Collection Set: 6.8ms
[108.713s][info][gc,phases      ] GC(57)   Post Evacuate Collection Set: 0.7ms
[108.713s][info][gc,phases      ] GC(57)   Other: 0.1ms
[108.713s][info][gc,heap        ] GC(57) Eden regions: 600->0(585)
[108.713s][info][gc,heap        ] GC(57) Survivor regions: 9->7(77)
[108.713s][info][gc,heap        ] GC(57) Old regions: 33->33
[108.713s][info][gc,heap        ] GC(57) Archive regions: 0->0
[108.713s][info][gc,heap        ] GC(57) Humongous regions: 400->364
[108.713s][info][gc,metaspace   ] GC(57) Metaspace: 120167K(126720K)->120167K(126720K) NonClass: 102374K(106048K)->102374K(106048K) Class: 17793K(20672K)->17793K(20672K)
[108.713s][info][gc             ] GC(57) Pause Young (Normal) (G1 Evacuation Pause) 2074M->798M(2098M) 8.302ms
[108.713s][info][gc,cpu         ] GC(57) User=0.05s Sys=0.47s Real=0.02s
[108.804s][info][gc,start       ] GC(58) Pause Young (Normal) (G1 Evacuation Pause)
[108.804s][info][gc,task        ] GC(58) Using 33 workers of 33 for evacuation
[108.806s][info][gc,phases      ] GC(58)   Pre Evacuate Collection Set: 0.2ms
[108.806s][info][gc,phases      ] GC(58)   Merge Heap Roots: 0.2ms
[108.806s][info][gc,phases      ] GC(58)   Evacuate Collection Set: 1.3ms
[108.806s][info][gc,phases      ] GC(58)   Post Evacuate Collection Set: 0.7ms
[108.806s][info][gc,phases      ] GC(58)   Other: 0.1ms
[108.806s][info][gc,heap        ] GC(58) Eden regions: 585->0(567)
[108.806s][info][gc,heap        ] GC(58) Survivor regions: 7->3(74)
[108.806s][info][gc,heap        ] GC(58) Old regions: 33->34
[108.806s][info][gc,heap        ] GC(58) Archive regions: 0->0
[108.806s][info][gc,heap        ] GC(58) Humongous regions: 414->389
[108.806s][info][gc,metaspace   ] GC(58) Metaspace: 120167K(126720K)->120167K(126720K) NonClass: 102374K(106048K)->102374K(106048K) Class: 17793K(20672K)->17793K(20672K)
[108.806s][info][gc             ] GC(58) Pause Young (Normal) (G1 Evacuation Pause) 2068M->842M(2098M) 2.712ms
[108.806s][info][gc,cpu         ] GC(58) User=0.00s Sys=0.00s Real=0.00s
[108.901s][info][gc,start       ] GC(59) Pause Young (Concurrent Start) (G1 Humongous Allocation)
[108.901s][info][gc,task        ] GC(59) Using 33 workers of 33 for evacuation
[108.905s][info][gc,phases      ] GC(59)   Pre Evacuate Collection Set: 0.4ms
[108.905s][info][gc,phases      ] GC(59)   Merge Heap Roots: 0.2ms
[108.905s][info][gc,phases      ] GC(59)   Evacuate Collection Set: 3.0ms
[108.905s][info][gc,phases      ] GC(59)   Post Evacuate Collection Set: 0.7ms
[108.905s][info][gc,phases      ] GC(59)   Other: 0.1ms
[108.905s][info][gc,heap        ] GC(59) Eden regions: 545->0(535)
[108.905s][info][gc,heap        ] GC(59) Survivor regions: 3->3(72)
[108.905s][info][gc,heap        ] GC(59) Old regions: 34->34
[108.905s][info][gc,heap        ] GC(59) Archive regions: 0->0
[108.905s][info][gc,heap        ] GC(59) Humongous regions: 437->421
[108.905s][info][gc,metaspace   ] GC(59) Metaspace: 120167K(126720K)->120167K(126720K) NonClass: 102374K(106048K)->102374K(106048K) Class: 17793K(20672K)->17793K(20672K)
[108.905s][info][gc             ] GC(59) Pause Young (Concurrent Start) (G1 Humongous Allocation) 2028M->906M(2098M) 4.742ms
[108.905s][info][gc             ] GC(60) Concurrent Undo Cycle
[108.905s][info][gc,cpu         ] GC(59) User=0.00s Sys=0.00s Real=0.00s
[108.906s][info][gc,marking     ] GC(60) Concurrent Clear Claimed Marks
[108.907s][info][gc,marking     ] GC(60) Concurrent Clear Claimed Marks 1.662ms
[108.907s][info][gc,marking     ] GC(60) Concurrent Cleanup for Next Mark
[108.908s][info][gc,marking     ] GC(60) Concurrent Cleanup for Next Mark 0.574ms
[108.908s][info][gc             ] GC(60) Concurrent Undo Cycle 2.827ms
[108.939s][info][gc,start       ] GC(61) Pause Young (Concurrent Start) (G1 Humongous Allocation)
[108.939s][info][gc,task        ] GC(61) Using 33 workers of 33 for evacuation
[108.943s][info][gc,phases      ] GC(61)   Pre Evacuate Collection Set: 0.4ms
[108.944s][info][gc,phases      ] GC(61)   Merge Heap Roots: 0.1ms
[108.944s][info][gc,phases      ] GC(61)   Evacuate Collection Set: 3.3ms
[108.944s][info][gc,phases      ] GC(61)   Post Evacuate Collection Set: 0.7ms
[108.944s][info][gc,phases      ] GC(61)   Other: 0.1ms
[108.944s][info][gc,heap        ] GC(61) Eden regions: 100->0(536)
[108.944s][info][gc,heap        ] GC(61) Survivor regions: 3->3(68)
[108.944s][info][gc,heap        ] GC(61) Old regions: 34->34
[108.944s][info][gc,heap        ] GC(61) Archive regions: 0->0
[108.944s][info][gc,heap        ] GC(61) Humongous regions: 437->420
[108.944s][info][gc,metaspace   ] GC(61) Metaspace: 120167K(126720K)->120167K(126720K) NonClass: 102374K(106048K)->102374K(106048K) Class: 17793K(20672K)->17793K(20672K)
[108.944s][info][gc             ] GC(61) Pause Young (Concurrent Start) (G1 Humongous Allocation) 1138M->904M(2098M) 4.997ms
[108.944s][info][gc             ] GC(62) Concurrent Undo Cycle
[108.944s][info][gc,cpu         ] GC(61) User=0.00s Sys=0.00s Real=0.00s
[108.944s][info][gc,marking     ] GC(62) Concurrent Clear Claimed Marks
[108.947s][info][gc,marking     ] GC(62) Concurrent Clear Claimed Marks 2.955ms
[108.947s][info][gc,marking     ] GC(62) Concurrent Cleanup for Next Mark
[108.948s][info][gc,marking     ] GC(62) Concurrent Cleanup for Next Mark 0.833ms
[108.948s][info][gc             ] GC(62) Concurrent Undo Cycle 4.647ms
[108.970s][info][gc,start       ] GC(63) Pause Young (Concurrent Start) (G1 Humongous Allocation)
[108.970s][info][gc,task        ] GC(63) Using 33 workers of 33 for evacuation
[108.975s][info][gc,phases      ] GC(63)   Pre Evacuate Collection Set: 0.4ms
[108.975s][info][gc,phases      ] GC(63)   Merge Heap Roots: 0.2ms
[108.975s][info][gc,phases      ] GC(63)   Evacuate Collection Set: 3.2ms
[108.975s][info][gc,phases      ] GC(63)   Post Evacuate Collection Set: 0.8ms
[108.975s][info][gc,phases      ] GC(63)   Other: 0.1ms
[108.975s][info][gc,heap        ] GC(63) Eden regions: 88->0(525)
[108.975s][info][gc,heap        ] GC(63) Survivor regions: 3->3(68)
[108.975s][info][gc,heap        ] GC(63) Old regions: 34->34
[108.975s][info][gc,heap        ] GC(63) Archive regions: 0->0
[108.975s][info][gc,heap        ] GC(63) Humongous regions: 438->431
[108.975s][info][gc,metaspace   ] GC(63) Metaspace: 120167K(126720K)->120167K(126720K) NonClass: 102374K(106048K)->102374K(106048K) Class: 17793K(20672K)->17793K(20672K)
[108.975s][info][gc             ] GC(63) Pause Young (Concurrent Start) (G1 Humongous Allocation) 1116M->926M(2098M) 5.110ms
[108.975s][info][gc             ] GC(64) Concurrent Undo Cycle
[108.975s][info][gc,cpu         ] GC(63) User=0.00s Sys=0.00s Real=0.00s
[108.975s][info][gc,marking     ] GC(64) Concurrent Clear Claimed Marks
[108.977s][info][gc,marking     ] GC(64) Concurrent Clear Claimed Marks 1.411ms
[108.977s][info][gc,marking     ] GC(64) Concurrent Cleanup for Next Mark
[108.978s][info][gc,marking     ] GC(64) Concurrent Cleanup for Next Mark 0.658ms
[108.978s][info][gc             ] GC(64) Concurrent Undo Cycle 2.967ms
[108.993s][info][gc,start       ] GC(65) Pause Young (Concurrent Start) (G1 Humongous Allocation)
[108.993s][info][gc,task        ] GC(65) Using 33 workers of 33 for evacuation
[109.001s][info][gc,phases      ] GC(65)   Pre Evacuate Collection Set: 0.5ms
[109.001s][info][gc,phases      ] GC(65)   Merge Heap Roots: 0.2ms
[109.001s][info][gc,phases      ] GC(65)   Evacuate Collection Set: 3.2ms
[109.001s][info][gc,phases      ] GC(65)   Post Evacuate Collection Set: 4.2ms
[109.001s][info][gc,phases      ] GC(65)   Other: 0.1ms
[109.001s][info][gc,heap        ] GC(65) Eden regions: 36->0(679)
[109.001s][info][gc,heap        ] GC(65) Survivor regions: 3->3(66)
[109.001s][info][gc,heap        ] GC(65) Old regions: 34->34
[109.001s][info][gc,heap        ] GC(65) Archive regions: 0->0
[109.001s][info][gc,heap        ] GC(65) Humongous regions: 439->437
[109.001s][info][gc,metaspace   ] GC(65) Metaspace: 120167K(126720K)->120167K(126720K) NonClass: 102374K(106048K)->102374K(106048K) Class: 17793K(20672K)->17793K(20672K)
[109.001s][info][gc             ] GC(65) Pause Young (Concurrent Start) (G1 Humongous Allocation) 1014M->938M(2436M) 8.642ms
[109.001s][info][gc             ] GC(66) Concurrent Undo Cycle
[109.001s][info][gc,cpu         ] GC(65) User=0.00s Sys=0.00s Real=0.00s
[109.002s][info][gc,marking     ] GC(66) Concurrent Clear Claimed Marks
[109.002s][info][gc,marking     ] GC(66) Concurrent Clear Claimed Marks 0.561ms
[109.002s][info][gc,marking     ] GC(66) Concurrent Cleanup for Next Mark
[109.003s][info][gc,marking     ] GC(66) Concurrent Cleanup for Next Mark 0.572ms
[109.003s][info][gc             ] GC(66) Concurrent Undo Cycle 1.607ms
[109.261s][info][gc,start       ] GC(67) Pause Young (Concurrent Start) (G1 Humongous Allocation)
[109.261s][info][gc,task        ] GC(67) Using 33 workers of 33 for evacuation
[109.265s][info][gc,phases      ] GC(67)   Pre Evacuate Collection Set: 0.4ms
[109.265s][info][gc,phases      ] GC(67)   Merge Heap Roots: 0.3ms
[109.265s][info][gc,phases      ] GC(67)   Evacuate Collection Set: 2.5ms
[109.265s][info][gc,phases      ] GC(67)   Post Evacuate Collection Set: 0.7ms
[109.265s][info][gc,phases      ] GC(67)   Other: 0.1ms
[109.265s][info][gc,heap        ] GC(67) Eden regions: 547->0(653)
[109.265s][info][gc,heap        ] GC(67) Survivor regions: 3->4(86)
[109.265s][info][gc,heap        ] GC(67) Old regions: 34->34
[109.265s][info][gc,heap        ] GC(67) Archive regions: 0->0
[109.265s][info][gc,heap        ] GC(67) Humongous regions: 515->461
[109.265s][info][gc,metaspace   ] GC(67) Metaspace: 120167K(126720K)->120167K(126720K) NonClass: 102374K(106048K)->102374K(106048K) Class: 17793K(20672K)->17793K(20672K)
[109.265s][info][gc             ] GC(67) Pause Young (Concurrent Start) (G1 Humongous Allocation) 2188M->988M(2436M) 4.282ms
[109.265s][info][gc             ] GC(68) Concurrent Undo Cycle
[109.265s][info][gc,cpu         ] GC(67) User=0.00s Sys=0.00s Real=0.00s
[109.265s][info][gc,marking     ] GC(68) Concurrent Clear Claimed Marks
[109.267s][info][gc,marking     ] GC(68) Concurrent Clear Claimed Marks 1.718ms
[109.267s][info][gc,marking     ] GC(68) Concurrent Cleanup for Next Mark
[109.268s][info][gc,marking     ] GC(68) Concurrent Cleanup for Next Mark 0.645ms
[109.268s][info][gc             ] GC(68) Concurrent Undo Cycle 3.054ms
[109.314s][info][gc,start       ] GC(69) Pause Young (Concurrent Start) (G1 Humongous Allocation)
[109.314s][info][gc,task        ] GC(69) Using 33 workers of 33 for evacuation
[109.318s][info][gc,phases      ] GC(69)   Pre Evacuate Collection Set: 0.4ms
[109.318s][info][gc,phases      ] GC(69)   Merge Heap Roots: 0.2ms
[109.318s][info][gc,phases      ] GC(69)   Evacuate Collection Set: 2.9ms
[109.318s][info][gc,phases      ] GC(69)   Post Evacuate Collection Set: 0.6ms
[109.318s][info][gc,phases      ] GC(69)   Other: 0.1ms
[109.318s][info][gc,heap        ] GC(69) Eden regions: 175->0(640)
[109.318s][info][gc,heap        ] GC(69) Survivor regions: 4->4(83)
[109.319s][info][gc,heap        ] GC(69) Old regions: 34->34
[109.319s][info][gc,heap        ] GC(69) Archive regions: 0->0
[109.319s][info][gc,heap        ] GC(69) Humongous regions: 514->474
[109.319s][info][gc,metaspace   ] GC(69) Metaspace: 120167K(126720K)->120167K(126720K) NonClass: 102374K(106048K)->102374K(106048K) Class: 17793K(20672K)->17793K(20672K)
[109.319s][info][gc             ] GC(69) Pause Young (Concurrent Start) (G1 Humongous Allocation) 1444M->1013M(2436M) 4.433ms
[109.319s][info][gc             ] GC(70) Concurrent Undo Cycle
[109.319s][info][gc,cpu         ] GC(69) User=0.00s Sys=0.00s Real=0.00s
[109.319s][info][gc,marking     ] GC(70) Concurrent Clear Claimed Marks
[109.320s][info][gc,marking     ] GC(70) Concurrent Clear Claimed Marks 1.205ms
[109.320s][info][gc,marking     ] GC(70) Concurrent Cleanup for Next Mark
[109.353s][info][gc,marking     ] GC(70) Concurrent Cleanup for Next Mark 32.498ms
[109.353s][info][gc             ] GC(70) Concurrent Undo Cycle 34.113ms
[109.371s][info][gc,start       ] GC(71) Pause Young (Concurrent Start) (G1 Humongous Allocation)
[109.372s][info][gc,task        ] GC(71) Using 33 workers of 33 for evacuation
[109.377s][info][gc,phases      ] GC(71)   Pre Evacuate Collection Set: 0.5ms
[109.377s][info][gc,phases      ] GC(71)   Merge Heap Roots: 0.2ms
[109.377s][info][gc,phases      ] GC(71)   Evacuate Collection Set: 3.5ms
[109.377s][info][gc,phases      ] GC(71)   Post Evacuate Collection Set: 0.9ms
[109.377s][info][gc,phases      ] GC(71)   Other: 0.1ms
[109.377s][info][gc,heap        ] GC(71) Eden regions: 64->0(652)
[109.377s][info][gc,heap        ] GC(71) Survivor regions: 4->4(81)
[109.377s][info][gc,heap        ] GC(71) Old regions: 34->34
[109.377s][info][gc,heap        ] GC(71) Archive regions: 0->0
[109.377s][info][gc,heap        ] GC(71) Humongous regions: 514->462
[109.377s][info][gc,metaspace   ] GC(71) Metaspace: 120168K(126720K)->120168K(126720K) NonClass: 102374K(106048K)->102374K(106048K) Class: 17793K(20672K)->17793K(20672K)
[109.377s][info][gc             ] GC(71) Pause Young (Concurrent Start) (G1 Humongous Allocation) 1221M->989M(2436M) 5.581ms
[109.377s][info][gc             ] GC(72) Concurrent Undo Cycle
[109.377s][info][gc,cpu         ] GC(71) User=0.00s Sys=0.00s Real=0.00s
[109.377s][info][gc,marking     ] GC(72) Concurrent Clear Claimed Marks
[109.378s][info][gc,marking     ] GC(72) Concurrent Clear Claimed Marks 0.822ms
[109.378s][info][gc,marking     ] GC(72) Concurrent Cleanup for Next Mark
[109.381s][info][gc,marking     ] GC(72) Concurrent Cleanup for Next Mark 2.481ms
[109.381s][info][gc             ] GC(72) Concurrent Undo Cycle 3.807ms
[109.460s][info][gc,start       ] GC(73) Pause Young (Concurrent Start) (G1 Humongous Allocation)
[109.460s][info][gc,task        ] GC(73) Using 33 workers of 33 for evacuation
[109.465s][info][gc,phases      ] GC(73)   Pre Evacuate Collection Set: 0.4ms
[109.465s][info][gc,phases      ] GC(73)   Merge Heap Roots: 0.2ms
[109.465s][info][gc,phases      ] GC(73)   Evacuate Collection Set: 3.2ms
[109.465s][info][gc,phases      ] GC(73)   Post Evacuate Collection Set: 0.7ms
[109.465s][info][gc,phases      ] GC(73)   Other: 0.1ms
[109.465s][info][gc,heap        ] GC(73) Eden regions: 470->0(655)
[109.465s][info][gc,heap        ] GC(73) Survivor regions: 4->11(82)
[109.465s][info][gc,heap        ] GC(73) Old regions: 34->34
[109.465s][info][gc,heap        ] GC(73) Archive regions: 0->0
[109.465s][info][gc,heap        ] GC(73) Humongous regions: 515->445
[109.465s][info][gc,metaspace   ] GC(73) Metaspace: 120169K(126720K)->120169K(126720K) NonClass: 102376K(106048K)->102376K(106048K) Class: 17793K(20672K)->17793K(20672K)
[109.465s][info][gc             ] GC(73) Pause Young (Concurrent Start) (G1 Humongous Allocation) 2035M->969M(2436M) 4.870ms
[109.465s][info][gc             ] GC(74) Concurrent Undo Cycle
[109.465s][info][gc,cpu         ] GC(73) User=0.00s Sys=0.00s Real=0.00s
[109.465s][info][gc,marking     ] GC(74) Concurrent Clear Claimed Marks
[109.467s][info][gc,marking     ] GC(74) Concurrent Clear Claimed Marks 1.904ms
[109.467s][info][gc,marking     ] GC(74) Concurrent Cleanup for Next Mark
[109.468s][info][gc,marking     ] GC(74) Concurrent Cleanup for Next Mark 0.745ms
[109.468s][info][gc             ] GC(74) Concurrent Undo Cycle 3.435ms
[109.529s][info][gc,start       ] GC(75) Pause Young (Concurrent Start) (G1 Humongous Allocation)
[109.529s][info][gc,task        ] GC(75) Using 33 workers of 33 for evacuation
[109.533s][info][gc,phases      ] GC(75)   Pre Evacuate Collection Set: 0.4ms
[109.533s][info][gc,phases      ] GC(75)   Merge Heap Roots: 0.2ms
[109.533s][info][gc,phases      ] GC(75)   Evacuate Collection Set: 3.0ms
[109.533s][info][gc,phases      ] GC(75)   Post Evacuate Collection Set: 0.9ms
[109.533s][info][gc,phases      ] GC(75)   Other: 0.1ms
[109.533s][info][gc,heap        ] GC(75) Eden regions: 262->0(672)
[109.533s][info][gc,heap        ] GC(75) Survivor regions: 11->7(84)
[109.533s][info][gc,heap        ] GC(75) Old regions: 34->34
[109.533s][info][gc,heap        ] GC(75) Archive regions: 0->0
[109.533s][info][gc,heap        ] GC(75) Humongous regions: 513->436
[109.533s][info][gc,metaspace   ] GC(75) Metaspace: 120177K(126720K)->120177K(126720K) NonClass: 102383K(106048K)->102383K(106048K) Class: 17793K(20672K)->17793K(20672K)
[109.533s][info][gc             ] GC(75) Pause Young (Concurrent Start) (G1 Humongous Allocation) 1629M->945M(2436M) 4.749ms
[109.533s][info][gc             ] GC(76) Concurrent Undo Cycle
[109.533s][info][gc,cpu         ] GC(75) User=0.00s Sys=0.00s Real=0.00s
[109.534s][info][gc,marking     ] GC(76) Concurrent Clear Claimed Marks
[109.535s][info][gc,marking     ] GC(76) Concurrent Clear Claimed Marks 0.981ms
[109.535s][info][gc,marking     ] GC(76) Concurrent Cleanup for Next Mark
[109.552s][info][gc,marking     ] GC(76) Concurrent Cleanup for Next Mark 17.511ms
[109.552s][info][gc             ] GC(76) Concurrent Undo Cycle 18.944ms
[109.659s][info][gc,start       ] GC(77) Pause Young (Concurrent Start) (G1 Humongous Allocation)
[109.659s][info][gc,task        ] GC(77) Using 33 workers of 33 for evacuation
[109.665s][info][gc,phases      ] GC(77)   Pre Evacuate Collection Set: 0.4ms
[109.665s][info][gc,phases      ] GC(77)   Merge Heap Roots: 0.3ms
[109.665s][info][gc,phases      ] GC(77)   Evacuate Collection Set: 4.1ms
[109.665s][info][gc,phases      ] GC(77)   Post Evacuate Collection Set: 0.7ms
[109.665s][info][gc,phases      ] GC(77)   Other: 0.1ms
[109.665s][info][gc,heap        ] GC(77) Eden regions: 659->0(662)
[109.665s][info][gc,heap        ] GC(77) Survivor regions: 7->6(85)
[109.665s][info][gc,heap        ] GC(77) Old regions: 34->34
[109.665s][info][gc,heap        ] GC(77) Archive regions: 0->0
[109.665s][info][gc,heap        ] GC(77) Humongous regions: 516->452
[109.665s][info][gc,metaspace   ] GC(77) Metaspace: 120181K(126720K)->120181K(126720K) NonClass: 102387K(106048K)->102387K(106048K) Class: 17793K(20672K)->17793K(20672K)
[109.665s][info][gc             ] GC(77) Pause Young (Concurrent Start) (G1 Humongous Allocation) 2423M->974M(2444M) 5.774ms
[109.665s][info][gc             ] GC(78) Concurrent Undo Cycle
[109.665s][info][gc,cpu         ] GC(77) User=0.03s Sys=0.50s Real=0.02s
[109.665s][info][gc,marking     ] GC(78) Concurrent Clear Claimed Marks
[109.669s][info][gc,marking     ] GC(78) Concurrent Clear Claimed Marks 3.573ms
[109.669s][info][gc,marking     ] GC(78) Concurrent Cleanup for Next Mark
[109.670s][info][gc,marking     ] GC(78) Concurrent Cleanup for Next Mark 0.868ms
[109.670s][info][gc             ] GC(78) Concurrent Undo Cycle 5.524ms
[109.769s][info][gc,start       ] GC(79) Pause Young (Normal) (G1 Evacuation Pause)
[109.769s][info][gc,task        ] GC(79) Using 33 workers of 33 for evacuation
[109.772s][info][gc,phases      ] GC(79)   Pre Evacuate Collection Set: 0.2ms
[109.772s][info][gc,phases      ] GC(79)   Merge Heap Roots: 0.3ms
[109.772s][info][gc,phases      ] GC(79)   Evacuate Collection Set: 1.2ms
[109.772s][info][gc,phases      ] GC(79)   Post Evacuate Collection Set: 0.7ms
[109.772s][info][gc,phases      ] GC(79)   Other: 0.1ms
[109.772s][info][gc,heap        ] GC(79) Eden regions: 662->0(640)
[109.772s][info][gc,heap        ] GC(79) Survivor regions: 6->4(84)
[109.772s][info][gc,heap        ] GC(79) Old regions: 34->34
[109.772s][info][gc,heap        ] GC(79) Archive regions: 0->0
[109.772s][info][gc,heap        ] GC(79) Humongous regions: 514->478
[109.772s][info][gc,metaspace   ] GC(79) Metaspace: 120181K(126720K)->120181K(126720K) NonClass: 102387K(106048K)->102387K(106048K) Class: 17793K(20672K)->17793K(20672K)
[109.772s][info][gc             ] GC(79) Pause Young (Normal) (G1 Evacuation Pause) 2422M->1022M(2444M) 2.747ms
[109.772s][info][gc,cpu         ] GC(79) User=0.00s Sys=0.00s Real=0.00s
[109.844s][info][gc,start       ] GC(80) Pause Young (Concurrent Start) (G1 Humongous Allocation)
[109.844s][info][gc,task        ] GC(80) Using 33 workers of 33 for evacuation
[109.849s][info][gc,phases      ] GC(80)   Pre Evacuate Collection Set: 0.4ms
[109.849s][info][gc,phases      ] GC(80)   Merge Heap Roots: 0.2ms
[109.849s][info][gc,phases      ] GC(80)   Evacuate Collection Set: 2.8ms
[109.849s][info][gc,phases      ] GC(80)   Post Evacuate Collection Set: 0.6ms
[109.849s][info][gc,phases      ] GC(80)   Other: 0.1ms
[109.849s][info][gc,heap        ] GC(80) Eden regions: 472->0(617)
[109.849s][info][gc,heap        ] GC(80) Survivor regions: 4->3(81)
[109.849s][info][gc,heap        ] GC(80) Old regions: 34->34
[109.849s][info][gc,heap        ] GC(80) Archive regions: 0->0
[109.849s][info][gc,heap        ] GC(80) Humongous regions: 514->503
[109.849s][info][gc,metaspace   ] GC(80) Metaspace: 120181K(126720K)->120181K(126720K) NonClass: 102387K(106048K)->102387K(106048K) Class: 17793K(20672K)->17793K(20672K)
[109.849s][info][gc             ] GC(80) Pause Young (Concurrent Start) (G1 Humongous Allocation) 2038M->1071M(2444M) 4.261ms
[109.849s][info][gc             ] GC(81) Concurrent Undo Cycle
[109.849s][info][gc,cpu         ] GC(80) User=0.00s Sys=0.00s Real=0.00s
[109.849s][info][gc,marking     ] GC(81) Concurrent Clear Claimed Marks
[109.852s][info][gc,marking     ] GC(81) Concurrent Clear Claimed Marks 2.570ms
[109.852s][info][gc,marking     ] GC(81) Concurrent Cleanup for Next Mark
[109.853s][info][gc,marking     ] GC(81) Concurrent Cleanup for Next Mark 0.930ms
[109.853s][info][gc             ] GC(81) Concurrent Undo Cycle 4.657ms
[109.861s][info][gc,start       ] GC(82) Pause Young (Concurrent Start) (G1 Humongous Allocation)
[109.861s][info][gc,task        ] GC(82) Using 33 workers of 33 for evacuation
[109.864s][info][gc,phases      ] GC(82)   Pre Evacuate Collection Set: 0.3ms
[109.864s][info][gc,phases      ] GC(82)   Merge Heap Roots: 0.1ms
[109.864s][info][gc,phases      ] GC(82)   Evacuate Collection Set: 2.3ms
[109.864s][info][gc,phases      ] GC(82)   Post Evacuate Collection Set: 0.5ms
[109.864s][info][gc,phases      ] GC(82)   Other: 0.0ms
[109.864s][info][gc,heap        ] GC(82) Eden regions: 78->0(612)
[109.864s][info][gc,heap        ] GC(82) Survivor regions: 3->3(78)
[109.864s][info][gc,heap        ] GC(82) Old regions: 34->34
[109.864s][info][gc,heap        ] GC(82) Archive regions: 0->0
[109.864s][info][gc,heap        ] GC(82) Humongous regions: 515->508
[109.864s][info][gc,metaspace   ] GC(82) Metaspace: 120181K(126720K)->120181K(126720K) NonClass: 102387K(106048K)->102387K(106048K) Class: 17793K(20672K)->17793K(20672K)
[109.864s][info][gc             ] GC(82) Pause Young (Concurrent Start) (G1 Humongous Allocation) 1251M->1081M(2444M) 3.446ms
[109.864s][info][gc             ] GC(83) Concurrent Undo Cycle
[109.864s][info][gc,cpu         ] GC(82) User=0.00s Sys=0.00s Real=0.00s
[109.865s][info][gc,marking     ] GC(83) Concurrent Clear Claimed Marks
[109.867s][info][gc,marking     ] GC(83) Concurrent Clear Claimed Marks 2.080ms
[109.867s][info][gc,marking     ] GC(83) Concurrent Cleanup for Next Mark
[109.868s][info][gc,marking     ] GC(83) Concurrent Cleanup for Next Mark 0.939ms
[109.869s][info][gc             ] GC(83) Concurrent Undo Cycle 4.219ms
[109.870s][info][gc,start       ] GC(84) Pause Young (Concurrent Start) (G1 Humongous Allocation)
[109.870s][info][gc,task        ] GC(84) Using 33 workers of 33 for evacuation
[109.874s][info][gc,phases      ] GC(84)   Pre Evacuate Collection Set: 0.3ms
[109.874s][info][gc,phases      ] GC(84)   Merge Heap Roots: 0.1ms
[109.874s][info][gc,phases      ] GC(84)   Evacuate Collection Set: 2.2ms
[109.874s][info][gc,phases      ] GC(84)   Post Evacuate Collection Set: 0.4ms
[109.874s][info][gc,phases      ] GC(84)   Other: 0.0ms
[109.874s][info][gc,heap        ] GC(84) Eden regions: 35->0(602)
[109.874s][info][gc,heap        ] GC(84) Survivor regions: 3->3(77)
[109.874s][info][gc,heap        ] GC(84) Old regions: 34->34
[109.874s][info][gc,heap        ] GC(84) Archive regions: 0->0
[109.874s][info][gc,heap        ] GC(84) Humongous regions: 518->518
[109.874s][info][gc,metaspace   ] GC(84) Metaspace: 120181K(126720K)->120181K(126720K) NonClass: 102387K(106048K)->102387K(106048K) Class: 17793K(20672K)->17793K(20672K)
[109.874s][info][gc             ] GC(84) Pause Young (Concurrent Start) (G1 Humongous Allocation) 1171M->1101M(2444M) 3.286ms
[109.874s][info][gc             ] GC(85) Concurrent Mark Cycle
[109.874s][info][gc,cpu         ] GC(84) User=0.00s Sys=0.00s Real=0.00s
[109.874s][info][gc,marking     ] GC(85) Concurrent Scan Root Regions
[109.899s][info][gc,marking     ] GC(85) Concurrent Scan Root Regions 25.353ms
[109.900s][info][gc,marking     ] GC(85) Concurrent Mark
[109.900s][info][gc,marking     ] GC(85) Concurrent Mark From Roots
[109.900s][info][gc,task        ] GC(85) Using 8 workers of 8 for marking
[109.953s][info][gc,marking     ] GC(85) Concurrent Mark From Roots 53.143ms
[109.953s][info][gc,marking     ] GC(85) Concurrent Preclean
[109.956s][info][gc,marking     ] GC(85) Concurrent Preclean 2.653ms
[109.958s][info][gc,start       ] GC(85) Pause Remark
[110.020s][info][gc             ] GC(85) Pause Remark 2245M->2245M(3758M) 62.136ms
[110.020s][info][gc,cpu         ] GC(85) User=0.56s Sys=0.00s Real=0.06s
[110.020s][info][gc,marking     ] GC(85) Concurrent Mark 120.548ms
[110.020s][info][gc,marking     ] GC(85) Concurrent Rebuild Remembered Sets and Scrub Regions
[110.037s][info][gc,marking     ] GC(85) Concurrent Rebuild Remembered Sets and Scrub Regions 16.435ms
[110.037s][info][gc,start       ] GC(85) Pause Cleanup
[110.037s][info][gc             ] GC(85) Pause Cleanup 2306M->2306M(3758M) 0.260ms
[110.037s][info][gc,cpu         ] GC(85) User=0.00s Sys=0.00s Real=0.00s
[110.038s][info][gc,marking     ] GC(85) Concurrent Clear Claimed Marks
[110.038s][info][gc,marking     ] GC(85) Concurrent Clear Claimed Marks 0.133ms
[110.038s][info][gc,marking     ] GC(85) Concurrent Cleanup for Next Mark
[110.140s][info][gc,marking     ] GC(85) Concurrent Cleanup for Next Mark 102.433ms
[110.140s][info][gc             ] GC(85) Concurrent Mark Cycle 266.584ms
[110.164s][info][gc,start       ] GC(86) Pause Young (Prepare Mixed) (G1 Evacuation Pause)
[110.164s][info][gc,task        ] GC(86) Using 33 workers of 33 for evacuation
[110.170s][info][gc,phases      ] GC(86)   Pre Evacuate Collection Set: 0.3ms
[110.170s][info][gc,phases      ] GC(86)   Merge Heap Roots: 0.5ms
[110.170s][info][gc,phases      ] GC(86)   Evacuate Collection Set: 4.3ms
[110.170s][info][gc,phases      ] GC(86)   Post Evacuate Collection Set: 1.0ms
[110.170s][info][gc,phases      ] GC(86)   Other: 0.1ms
[110.170s][info][gc,heap        ] GC(86) Eden regions: 602->0(1138)
[110.170s][info][gc,heap        ] GC(86) Survivor regions: 3->4(76)
[110.170s][info][gc,heap        ] GC(86) Old regions: 34->34
[110.170s][info][gc,heap        ] GC(86) Archive regions: 0->0
[110.170s][info][gc,heap        ] GC(86) Humongous regions: 622->535
[110.170s][info][gc,metaspace   ] GC(86) Metaspace: 111295K(124736K)->111295K(124736K) NonClass: 95833K(104256K)->95833K(104256K) Class: 15461K(20480K)->15461K(20480K)
[110.170s][info][gc             ] GC(86) Pause Young (Prepare Mixed) (G1 Evacuation Pause) 2513M->1137M(3808M) 6.417ms
[110.170s][info][gc,cpu         ] GC(86) User=0.02s Sys=0.00s Real=0.02s
[110.844s][info][gc,start       ] GC(87) Pause Young (Mixed) (G1 Evacuation Pause)
[110.844s][info][gc,task        ] GC(87) Using 33 workers of 33 for evacuation
[110.855s][info][gc,phases      ] GC(87)   Pre Evacuate Collection Set: 0.3ms
[110.855s][info][gc,phases      ] GC(87)   Merge Heap Roots: 0.4ms
[110.855s][info][gc,phases      ] GC(87)   Evacuate Collection Set: 8.8ms
[110.855s][info][gc,phases      ] GC(87)   Post Evacuate Collection Set: 1.4ms
[110.855s][info][gc,phases      ] GC(87)   Other: 0.2ms
[110.855s][info][gc,heap        ] GC(87) Eden regions: 1112->0(1140)
[110.855s][info][gc,heap        ] GC(87) Survivor regions: 4->7(143)
[110.855s][info][gc,heap        ] GC(87) Old regions: 34->33
[110.855s][info][gc,heap        ] GC(87) Archive regions: 0->0
[110.855s][info][gc,heap        ] GC(87) Humongous regions: 754->540
[110.855s][info][gc,metaspace   ] GC(87) Metaspace: 111296K(124736K)->111296K(124736K) NonClass: 95833K(104256K)->95833K(104256K) Class: 15462K(20480K)->15462K(20480K)
[110.855s][info][gc             ] GC(87) Pause Young (Mixed) (G1 Evacuation Pause) 3799M->1152M(3824M) 11.374ms
[110.855s][info][gc,cpu         ] GC(87) User=0.00s Sys=0.00s Real=0.00s
[110.859s][info][gc,start       ] GC(88) Pause Young (Concurrent Start) (G1 Humongous Allocation)
[110.859s][info][gc,task        ] GC(88) Using 33 workers of 33 for evacuation
[110.863s][info][gc,phases      ] GC(88)   Pre Evacuate Collection Set: 0.4ms
[110.863s][info][gc,phases      ] GC(88)   Merge Heap Roots: 0.1ms
[110.863s][info][gc,phases      ] GC(88)   Evacuate Collection Set: 2.0ms
[110.863s][info][gc,phases      ] GC(88)   Post Evacuate Collection Set: 0.6ms
[110.863s][info][gc,phases      ] GC(88)   Other: 0.0ms
[110.863s][info][gc,heap        ] GC(88) Eden regions: 8->0(1140)
[110.863s][info][gc,heap        ] GC(88) Survivor regions: 7->7(144)
[110.863s][info][gc,heap        ] GC(88) Old regions: 33->33
[110.863s][info][gc,heap        ] GC(88) Archive regions: 0->0
[110.863s][info][gc,heap        ] GC(88) Humongous regions: 541->526
[110.863s][info][gc,metaspace   ] GC(88) Metaspace: 111296K(124736K)->111296K(124736K) NonClass: 95833K(104256K)->95833K(104256K) Class: 15462K(20480K)->15462K(20480K)
[110.863s][info][gc             ] GC(88) Pause Young (Concurrent Start) (G1 Humongous Allocation) 1170M->1124M(3824M) 3.354ms
[110.863s][info][gc             ] GC(89) Concurrent Mark Cycle
[110.863s][info][gc,cpu         ] GC(88) User=0.00s Sys=0.00s Real=0.00s
[110.863s][info][gc,marking     ] GC(89) Concurrent Scan Root Regions
[110.869s][info][gc,marking     ] GC(89) Concurrent Scan Root Regions 6.371ms
[110.870s][info][gc,marking     ] GC(89) Concurrent Mark
[110.870s][info][gc,marking     ] GC(89) Concurrent Mark From Roots
[110.870s][info][gc,task        ] GC(89) Using 8 workers of 8 for marking
[110.929s][info][gc,marking     ] GC(89) Concurrent Mark From Roots 59.659ms
[110.930s][info][gc,marking     ] GC(89) Concurrent Preclean
[110.933s][info][gc,marking     ] GC(89) Concurrent Preclean 3.229ms
[110.934s][info][gc,start       ] GC(89) Pause Remark
[110.940s][info][gc             ] GC(89) Pause Remark 2080M->2080M(3824M) 6.660ms
[110.940s][info][gc,cpu         ] GC(89) User=0.00s Sys=0.00s Real=0.00s
[110.941s][info][gc,marking     ] GC(89) Concurrent Mark 71.063ms
[110.941s][info][gc,marking     ] GC(89) Concurrent Rebuild Remembered Sets and Scrub Regions
[110.962s][info][gc,marking     ] GC(89) Concurrent Rebuild Remembered Sets and Scrub Regions 21.212ms
[110.963s][info][gc,start       ] GC(89) Pause Cleanup
[110.964s][info][gc             ] GC(89) Pause Cleanup 2380M->2380M(3824M) 0.263ms
[110.964s][info][gc,cpu         ] GC(89) User=0.00s Sys=0.00s Real=0.00s
[110.964s][info][gc,marking     ] GC(89) Concurrent Clear Claimed Marks
[110.965s][info][gc,marking     ] GC(89) Concurrent Clear Claimed Marks 0.942ms
[110.965s][info][gc,marking     ] GC(89) Concurrent Cleanup for Next Mark
[110.983s][info][gc,marking     ] GC(89) Concurrent Cleanup for Next Mark 17.214ms
[110.983s][info][gc             ] GC(89) Concurrent Mark Cycle 120.407ms
[111.268s][info][gc,start       ] GC(90) Pause Young (Prepare Mixed) (G1 Evacuation Pause)
[111.268s][info][gc,task        ] GC(90) Using 33 workers of 33 for evacuation
[111.272s][info][gc,phases      ] GC(90)   Pre Evacuate Collection Set: 0.3ms
[111.272s][info][gc,phases      ] GC(90)   Merge Heap Roots: 0.6ms
[111.272s][info][gc,phases      ] GC(90)   Evacuate Collection Set: 1.8ms
[111.272s][info][gc,phases      ] GC(90)   Post Evacuate Collection Set: 1.1ms
[111.272s][info][gc,phases      ] GC(90)   Other: 0.2ms
[111.272s][info][gc,heap        ] GC(90) Eden regions: 1140->0(1141)
[111.273s][info][gc,heap        ] GC(90) Survivor regions: 7->6(144)
[111.273s][info][gc,heap        ] GC(90) Old regions: 33->33
[111.273s][info][gc,heap        ] GC(90) Archive regions: 0->0
[111.273s][info][gc,heap        ] GC(90) Humongous regions: 638->555
[111.273s][info][gc,metaspace   ] GC(90) Metaspace: 112022K(124736K)->112022K(124736K) NonClass: 96432K(104256K)->96432K(104256K) Class: 15589K(20480K)->15589K(20480K)
[111.273s][info][gc             ] GC(90) Pause Young (Prepare Mixed) (G1 Evacuation Pause) 3628M->1178M(3824M) 4.200ms
[111.273s][info][gc,cpu         ] GC(90) User=0.00s Sys=0.00s Real=0.00s
[111.464s][info][gc,start       ] GC(91) Pause Young (Mixed) (G1 Evacuation Pause)
[111.464s][info][gc,task        ] GC(91) Using 33 workers of 33 for evacuation
[111.468s][info][gc,phases      ] GC(91)   Pre Evacuate Collection Set: 0.3ms
[111.468s][info][gc,phases      ] GC(91)   Merge Heap Roots: 0.4ms
[111.468s][info][gc,phases      ] GC(91)   Evacuate Collection Set: 2.1ms
[111.468s][info][gc,phases      ] GC(91)   Post Evacuate Collection Set: 1.0ms
[111.468s][info][gc,phases      ] GC(91)   Other: 0.2ms
[111.468s][info][gc,heap        ] GC(91) Eden regions: 1141->0(1143)
[111.468s][info][gc,heap        ] GC(91) Survivor regions: 6->4(144)
[111.468s][info][gc,heap        ] GC(91) Old regions: 33->31
[111.468s][info][gc,heap        ] GC(91) Archive regions: 0->0
[111.468s][info][gc,heap        ] GC(91) Humongous regions: 699->626
[111.468s][info][gc,metaspace   ] GC(91) Metaspace: 112055K(124736K)->112055K(124736K) NonClass: 96461K(104256K)->96461K(104256K) Class: 15593K(20480K)->15593K(20480K)
[111.468s][info][gc             ] GC(91) Pause Young (Mixed) (G1 Evacuation Pause) 3748M->1317M(3824M) 4.276ms
[111.468s][info][gc,cpu         ] GC(91) User=0.00s Sys=0.00s Real=0.00s
[111.469s][info][gc,start       ] GC(92) Pause Young (Concurrent Start) (G1 Humongous Allocation)
[111.469s][info][gc,task        ] GC(92) Using 33 workers of 33 for evacuation
[111.472s][info][gc,phases      ] GC(92)   Pre Evacuate Collection Set: 0.3ms
[111.472s][info][gc,phases      ] GC(92)   Merge Heap Roots: 0.1ms
[111.472s][info][gc,phases      ] GC(92)   Evacuate Collection Set: 2.0ms
[111.472s][info][gc,phases      ] GC(92)   Post Evacuate Collection Set: 0.6ms
[111.472s][info][gc,phases      ] GC(92)   Other: 0.1ms
[111.472s][info][gc,heap        ] GC(92) Eden regions: 12->0(1143)
[111.472s][info][gc,heap        ] GC(92) Survivor regions: 4->4(144)
[111.472s][info][gc,heap        ] GC(92) Old regions: 31->32
[111.472s][info][gc,heap        ] GC(92) Archive regions: 0->0
[111.472s][info][gc,heap        ] GC(92) Humongous regions: 626->618
[111.472s][info][gc,metaspace   ] GC(92) Metaspace: 112055K(124736K)->112055K(124736K) NonClass: 96461K(104256K)->96461K(104256K) Class: 15593K(20480K)->15593K(20480K)
[111.472s][info][gc             ] GC(92) Pause Young (Concurrent Start) (G1 Humongous Allocation) 1341M->1301M(3824M) 3.290ms
[111.472s][info][gc             ] GC(93) Concurrent Mark Cycle
[111.472s][info][gc,cpu         ] GC(92) User=0.56s Sys=0.00s Real=0.01s
[111.472s][info][gc,marking     ] GC(93) Concurrent Scan Root Regions
[111.490s][info][gc,marking     ] GC(93) Concurrent Scan Root Regions 17.392ms
[111.490s][info][gc,marking     ] GC(93) Concurrent Mark
[111.490s][info][gc,marking     ] GC(93) Concurrent Mark From Roots
[111.490s][info][gc,task        ] GC(93) Using 8 workers of 8 for marking
[111.551s][info][gc,marking     ] GC(93) Concurrent Mark From Roots 61.305ms
[111.552s][info][gc,marking     ] GC(93) Concurrent Preclean
[111.555s][info][gc,marking     ] GC(93) Concurrent Preclean 3.475ms
[111.566s][info][gc,start       ] GC(93) Pause Remark
[111.570s][info][gc             ] GC(93) Pause Remark 2381M->2381M(3980M) 3.822ms
[111.570s][info][gc,cpu         ] GC(93) User=0.00s Sys=0.00s Real=0.00s
[111.570s][info][gc,marking     ] GC(93) Concurrent Mark 79.787ms
[111.570s][info][gc,marking     ] GC(93) Concurrent Rebuild Remembered Sets and Scrub Regions
[111.579s][info][gc,marking     ] GC(93) Concurrent Rebuild Remembered Sets and Scrub Regions 9.113ms
[111.580s][info][gc,start       ] GC(93) Pause Cleanup
[111.580s][info][gc             ] GC(93) Pause Cleanup 2448M->2448M(3980M) 0.283ms
[111.580s][info][gc,cpu         ] GC(93) User=0.00s Sys=0.00s Real=0.00s
[111.581s][info][gc,marking     ] GC(93) Concurrent Clear Claimed Marks
[111.582s][info][gc,marking     ] GC(93) Concurrent Clear Claimed Marks 0.130ms
[111.582s][info][gc,marking     ] GC(93) Concurrent Cleanup for Next Mark
[111.606s][info][gc,marking     ] GC(93) Concurrent Cleanup for Next Mark 24.152ms
[111.606s][info][gc             ] GC(93) Concurrent Mark Cycle 133.418ms
[111.779s][info][gc,start       ] GC(94) Pause Young (Prepare Mixed) (G1 Evacuation Pause)
[111.779s][info][gc,task        ] GC(94) Using 33 workers of 33 for evacuation
[111.790s][info][gc,phases      ] GC(94)   Pre Evacuate Collection Set: 0.3ms
[111.790s][info][gc,phases      ] GC(94)   Merge Heap Roots: 0.6ms
[111.790s][info][gc,phases      ] GC(94)   Evacuate Collection Set: 8.3ms
[111.790s][info][gc,phases      ] GC(94)   Post Evacuate Collection Set: 1.3ms
[111.790s][info][gc,phases      ] GC(94)   Other: 0.2ms
[111.790s][info][gc,heap        ] GC(94) Eden regions: 1113->0(1191)
[111.790s][info][gc,heap        ] GC(94) Survivor regions: 4->9(57)
[111.790s][info][gc,heap        ] GC(94) Old regions: 32->32
[111.790s][info][gc,heap        ] GC(94) Archive regions: 0->0
[111.790s][info][gc,heap        ] GC(94) Humongous regions: 842->635
[111.790s][info][gc,metaspace   ] GC(94) Metaspace: 112087K(124736K)->112087K(124736K) NonClass: 96485K(104256K)->96485K(104256K) Class: 15602K(20480K)->15602K(20480K)
[111.790s][info][gc             ] GC(94) Pause Young (Prepare Mixed) (G1 Evacuation Pause) 3975M->1344M(4000M) 10.841ms
[111.790s][info][gc,cpu         ] GC(94) User=0.00s Sys=0.00s Real=0.00s
[112.050s][info][gc,start       ] GC(95) Pause Young (Mixed) (G1 Evacuation Pause)
[112.050s][info][gc,task        ] GC(95) Using 33 workers of 33 for evacuation
[112.061s][info][gc,phases      ] GC(95)   Pre Evacuate Collection Set: 0.3ms
[112.061s][info][gc,phases      ] GC(95)   Merge Heap Roots: 0.4ms
[112.061s][info][gc,phases      ] GC(95)   Evacuate Collection Set: 9.1ms
[112.061s][info][gc,phases      ] GC(95)   Post Evacuate Collection Set: 1.3ms
[112.061s][info][gc,phases      ] GC(95)   Other: 0.2ms
[112.061s][info][gc,heap        ] GC(95) Eden regions: 1180->0(1197)
[112.061s][info][gc,heap        ] GC(95) Survivor regions: 9->7(48)
[112.061s][info][gc,heap        ] GC(95) Old regions: 32->30
[112.061s][info][gc,heap        ] GC(95) Archive regions: 0->0
[112.061s][info][gc,heap        ] GC(95) Humongous regions: 779->650
[112.061s][info][gc,metaspace   ] GC(95) Metaspace: 112212K(124800K)->112212K(124800K) NonClass: 96590K(104320K)->96590K(104320K) Class: 15621K(20480K)->15621K(20480K)
[112.061s][info][gc             ] GC(95) Pause Young (Mixed) (G1 Evacuation Pause) 3992M->1369M(4014M) 11.439ms
[112.061s][info][gc,cpu         ] GC(95) User=0.03s Sys=0.00s Real=0.02s
[112.062s][info][gc,start       ] GC(96) Pause Young (Concurrent Start) (G1 Humongous Allocation)
[112.062s][info][gc,task        ] GC(96) Using 33 workers of 33 for evacuation
[112.065s][info][gc,phases      ] GC(96)   Pre Evacuate Collection Set: 0.3ms
[112.065s][info][gc,phases      ] GC(96)   Merge Heap Roots: 0.1ms
[112.065s][info][gc,phases      ] GC(96)   Evacuate Collection Set: 2.2ms
[112.065s][info][gc,phases      ] GC(96)   Post Evacuate Collection Set: 0.5ms
[112.065s][info][gc,phases      ] GC(96)   Other: 0.1ms
[112.065s][info][gc,heap        ] GC(96) Eden regions: 5->0(1197)
[112.065s][info][gc,heap        ] GC(96) Survivor regions: 7->7(151)
[112.065s][info][gc,heap        ] GC(96) Old regions: 30->31
[112.065s][info][gc,heap        ] GC(96) Archive regions: 0->0
[112.065s][info][gc,heap        ] GC(96) Humongous regions: 650->645
[112.065s][info][gc,metaspace   ] GC(96) Metaspace: 112212K(124800K)->112212K(124800K) NonClass: 96590K(104320K)->96590K(104320K) Class: 15621K(20480K)->15621K(20480K)
[112.065s][info][gc             ] GC(96) Pause Young (Concurrent Start) (G1 Humongous Allocation) 1379M->1359M(4014M) 3.380ms
[112.065s][info][gc             ] GC(97) Concurrent Mark Cycle
[112.065s][info][gc,cpu         ] GC(96) User=0.00s Sys=0.00s Real=0.00s
[112.065s][info][gc,marking     ] GC(97) Concurrent Scan Root Regions
[112.081s][info][gc,marking     ] GC(97) Concurrent Scan Root Regions 15.703ms
[112.081s][info][gc,marking     ] GC(97) Concurrent Mark
[112.082s][info][gc,marking     ] GC(97) Concurrent Mark From Roots
[112.082s][info][gc,task        ] GC(97) Using 8 workers of 8 for marking
[112.140s][info][gc,marking     ] GC(97) Concurrent Mark From Roots 58.662ms
[112.141s][info][gc,marking     ] GC(97) Concurrent Preclean
[112.146s][info][gc,marking     ] GC(97) Concurrent Preclean 5.377ms
[112.157s][info][gc,start       ] GC(97) Pause Remark
[112.182s][info][gc             ] GC(97) Pause Remark 2480M->2480M(4096M) 24.751ms
[112.182s][info][gc,cpu         ] GC(97) User=0.03s Sys=0.00s Real=0.02s
[112.183s][info][gc,marking     ] GC(97) Concurrent Mark 101.249ms
[112.183s][info][gc,marking     ] GC(97) Concurrent Rebuild Remembered Sets and Scrub Regions
[112.198s][info][gc,marking     ] GC(97) Concurrent Rebuild Remembered Sets and Scrub Regions 14.823ms
[112.198s][info][gc,start       ] GC(97) Pause Cleanup
[112.199s][info][gc             ] GC(97) Pause Cleanup 2552M->2552M(4096M) 0.355ms
[112.199s][info][gc,cpu         ] GC(97) User=0.00s Sys=0.00s Real=0.00s
[112.205s][info][gc,marking     ] GC(97) Concurrent Clear Claimed Marks
[112.205s][info][gc,marking     ] GC(97) Concurrent Clear Claimed Marks 0.147ms
[112.205s][info][gc,marking     ] GC(97) Concurrent Cleanup for Next Mark
[112.223s][info][gc,marking     ] GC(97) Concurrent Cleanup for Next Mark 18.500ms
[112.223s][info][gc             ] GC(97) Concurrent Mark Cycle 158.141ms
[112.358s][info][gc,start       ] GC(98) Pause Young (Prepare Mixed) (G1 Evacuation Pause)
[112.358s][info][gc,task        ] GC(98) Using 33 workers of 33 for evacuation
[112.363s][info][gc,phases      ] GC(98)   Pre Evacuate Collection Set: 0.3ms
[112.363s][info][gc,phases      ] GC(98)   Merge Heap Roots: 0.7ms
[112.363s][info][gc,phases      ] GC(98)   Evacuate Collection Set: 1.6ms
[112.363s][info][gc,phases      ] GC(98)   Post Evacuate Collection Set: 1.7ms
[112.363s][info][gc,phases      ] GC(98)   Other: 0.2ms
[112.363s][info][gc,heap        ] GC(98) Eden regions: 1184->0(1099)
[112.363s][info][gc,heap        ] GC(98) Survivor regions: 7->0(0)
[112.363s][info][gc,heap        ] GC(98) Old regions: 31->134
[112.363s][info][gc,heap        ] GC(98) Archive regions: 0->0
[112.363s][info][gc,heap        ] GC(98) Humongous regions: 826->712
[112.363s][info][gc,metaspace   ] GC(98) Metaspace: 112283K(124800K)->112283K(124800K) NonClass: 96652K(104320K)->96652K(104320K) Class: 15631K(20480K)->15631K(20480K)
[112.363s][info][gc             ] GC(98) Pause Young (Prepare Mixed) (G1 Evacuation Pause) (Evacuation Failure) 4089M->1687M(4096M) 4.730ms
[112.363s][info][gc,cpu         ] GC(98) User=0.00s Sys=0.00s Real=0.00s
[112.679s][info][gc,start       ] GC(99) Pause Young (Mixed) (G1 Evacuation Pause)
[112.679s][info][gc,task        ] GC(99) Using 33 workers of 33 for evacuation
[112.684s][info][gc,phases      ] GC(99)   Pre Evacuate Collection Set: 0.3ms
[112.684s][info][gc,phases      ] GC(99)   Merge Heap Roots: 0.3ms
[112.684s][info][gc,phases      ] GC(99)   Evacuate Collection Set: 2.2ms
[112.684s][info][gc,phases      ] GC(99)   Post Evacuate Collection Set: 2.1ms
[112.684s][info][gc,phases      ] GC(99)   Other: 0.1ms
[112.684s][info][gc,heap        ] GC(99) Eden regions: 958->0(750)
[112.684s][info][gc,heap        ] GC(99) Survivor regions: 0->0(0)
[112.684s][info][gc,heap        ] GC(99) Old regions: 134->333
[112.684s][info][gc,heap        ] GC(99) Archive regions: 0->0
[112.684s][info][gc,heap        ] GC(99) Humongous regions: 956->862
[112.684s][info][gc,metaspace   ] GC(99) Metaspace: 112905K(124800K)->112905K(124800K) NonClass: 97184K(104320K)->97184K(104320K) Class: 15721K(20480K)->15721K(20480K)
[112.684s][info][gc             ] GC(99) Pause Young (Mixed) (G1 Evacuation Pause) (Evacuation Failure) 4091M->2385M(4096M) 5.315ms
[112.684s][info][gc,cpu         ] GC(99) User=0.52s Sys=0.05s Real=0.02s
[112.846s][info][gc,start       ] GC(100) Pause Young (Concurrent Start) (G1 Evacuation Pause)
[112.846s][info][gc,task        ] GC(100) Using 33 workers of 33 for evacuation
[112.849s][info][gc,phases      ] GC(100)   Pre Evacuate Collection Set: 0.5ms
[112.849s][info][gc,phases      ] GC(100)   Merge Heap Roots: 0.3ms
[112.849s][info][gc,phases      ] GC(100)   Evacuate Collection Set: 1.6ms
[112.849s][info][gc,phases      ] GC(100)   Post Evacuate Collection Set: 0.7ms
[112.849s][info][gc,phases      ] GC(100)   Other: 0.1ms
[112.849s][info][gc,heap        ] GC(100) Eden regions: 750->0(748)
[112.849s][info][gc,heap        ] GC(100) Survivor regions: 0->1(94)
[112.849s][info][gc,heap        ] GC(100) Old regions: 333->333
[112.849s][info][gc,heap        ] GC(100) Archive regions: 0->0
[112.849s][info][gc,heap        ] GC(100) Humongous regions: 862->862
[112.849s][info][gc,metaspace   ] GC(100) Metaspace: 112913K(124800K)->112913K(124800K) NonClass: 97192K(104320K)->97192K(104320K) Class: 15721K(20480K)->15721K(20480K)
[112.849s][info][gc             ] GC(100) Pause Young (Concurrent Start) (G1 Evacuation Pause) 3885M->2385M(4096M) 3.364ms
[112.849s][info][gc             ] GC(101) Concurrent Mark Cycle
[112.849s][info][gc,cpu         ] GC(100) User=0.00s Sys=0.00s Real=0.00s
[112.849s][info][gc,marking     ] GC(101) Concurrent Scan Root Regions
[112.861s][info][gc,marking     ] GC(101) Concurrent Scan Root Regions 11.769ms
[112.861s][info][gc,marking     ] GC(101) Concurrent Mark
[112.861s][info][gc,marking     ] GC(101) Concurrent Mark From Roots
[112.861s][info][gc,task        ] GC(101) Using 8 workers of 8 for marking
[112.905s][info][gc,marking     ] GC(101) Concurrent Mark From Roots 44.190ms
[112.905s][info][gc,marking     ] GC(101) Concurrent Preclean
[112.909s][info][gc,marking     ] GC(101) Concurrent Preclean 3.936ms
[112.910s][info][gc,start       ] GC(101) Pause Remark
[112.922s][info][gc             ] GC(101) Pause Remark 3031M->2461M(4096M) 11.775ms
[112.922s][info][gc,cpu         ] GC(101) User=0.52s Sys=0.00s Real=0.02s
[112.922s][info][gc,marking     ] GC(101) Concurrent Mark 61.467ms
[112.922s][info][gc,marking     ] GC(101) Concurrent Rebuild Remembered Sets and Scrub Regions
[112.990s][info][gc,marking     ] GC(101) Concurrent Rebuild Remembered Sets and Scrub Regions 67.734ms
[112.991s][info][gc,start       ] GC(101) Pause Cleanup
[112.992s][info][gc             ] GC(101) Pause Cleanup 3167M->3167M(4096M) 0.768ms
[112.992s][info][gc,cpu         ] GC(101) User=0.00s Sys=0.00s Real=0.00s
[112.992s][info][gc,marking     ] GC(101) Concurrent Clear Claimed Marks
[112.992s][info][gc,marking     ] GC(101) Concurrent Clear Claimed Marks 0.632ms
[112.993s][info][gc,marking     ] GC(101) Concurrent Cleanup for Next Mark
[113.004s][info][gc,marking     ] GC(101) Concurrent Cleanup for Next Mark 11.659ms
[113.005s][info][gc             ] GC(101) Concurrent Mark Cycle 155.660ms
[113.009s][info][gc,start       ] GC(102) Pause Young (Prepare Mixed) (G1 Evacuation Pause)
[113.009s][info][gc,task        ] GC(102) Using 33 workers of 33 for evacuation
[113.012s][info][gc,phases      ] GC(102)   Pre Evacuate Collection Set: 0.3ms
[113.012s][info][gc,phases      ] GC(102)   Merge Heap Roots: 1.0ms
[113.012s][info][gc,phases      ] GC(102)   Evacuate Collection Set: 0.8ms
[113.012s][info][gc,phases      ] GC(102)   Post Evacuate Collection Set: 0.7ms
[113.012s][info][gc,phases      ] GC(102)   Other: 0.1ms
[113.012s][info][gc,heap        ] GC(102) Eden regions: 748->0(1033)
[113.012s][info][gc,heap        ] GC(102) Survivor regions: 1->1(94)
[113.012s][info][gc,heap        ] GC(102) Old regions: 238->238
[113.012s][info][gc,heap        ] GC(102) Archive regions: 0->0
[113.012s][info][gc,heap        ] GC(102) Humongous regions: 672->672
[113.012s][info][gc,metaspace   ] GC(102) Metaspace: 112816K(124800K)->112816K(124800K) NonClass: 97124K(104320K)->97124K(104320K) Class: 15692K(20480K)->15692K(20480K)
[113.012s][info][gc             ] GC(102) Pause Young (Prepare Mixed) (G1 Evacuation Pause) 3311M->1815M(4096M) 3.222ms
[113.012s][info][gc,cpu         ] GC(102) User=0.13s Sys=0.00s Real=0.02s
[113.206s][info][gc,start       ] GC(103) Pause Young (Mixed) (G1 Evacuation Pause)
[113.206s][info][gc,task        ] GC(103) Using 33 workers of 33 for evacuation
[113.209s][info][gc,phases      ] GC(103)   Pre Evacuate Collection Set: 0.3ms
[113.209s][info][gc,phases      ] GC(103)   Merge Heap Roots: 0.4ms
[113.209s][info][gc,phases      ] GC(103)   Evacuate Collection Set: 1.0ms
[113.209s][info][gc,phases      ] GC(103)   Post Evacuate Collection Set: 0.9ms
[113.209s][info][gc,phases      ] GC(103)   Other: 0.1ms
[113.209s][info][gc,heap        ] GC(103) Eden regions: 1033->0(1142)
[113.209s][info][gc,heap        ] GC(103) Survivor regions: 1->1(104)
[113.209s][info][gc,heap        ] GC(103) Old regions: 238->129
[113.209s][info][gc,heap        ] GC(103) Archive regions: 0->0
[113.209s][info][gc,heap        ] GC(103) Humongous regions: 672->672
[113.209s][info][gc,metaspace   ] GC(103) Metaspace: 112821K(124800K)->112821K(124800K) NonClass: 97129K(104320K)->97129K(104320K) Class: 15692K(20480K)->15692K(20480K)
[113.209s][info][gc             ] GC(103) Pause Young (Mixed) (G1 Evacuation Pause) 3881M->1595M(4096M) 3.053ms
[113.209s][info][gc,cpu         ] GC(103) User=0.00s Sys=0.00s Real=0.00s
[113.398s][info][gc,start       ] GC(104) Pause Young (Concurrent Start) (G1 Evacuation Pause)
[113.398s][info][gc,task        ] GC(104) Using 33 workers of 33 for evacuation
[113.401s][info][gc,phases      ] GC(104)   Pre Evacuate Collection Set: 0.5ms
[113.401s][info][gc,phases      ] GC(104)   Merge Heap Roots: 0.4ms
[113.401s][info][gc,phases      ] GC(104)   Evacuate Collection Set: 1.4ms
[113.401s][info][gc,phases      ] GC(104)   Post Evacuate Collection Set: 0.9ms
[113.401s][info][gc,phases      ] GC(104)   Other: 0.1ms
[113.401s][info][gc,heap        ] GC(104) Eden regions: 1142->0(1142)
[113.401s][info][gc,heap        ] GC(104) Survivor regions: 1->1(104)
[113.401s][info][gc,heap        ] GC(104) Old regions: 129->129
[113.401s][info][gc,heap        ] GC(104) Archive regions: 0->0
[113.401s][info][gc,heap        ] GC(104) Humongous regions: 672->672
[113.401s][info][gc,metaspace   ] GC(104) Metaspace: 112821K(124800K)->112821K(124800K) NonClass: 97129K(104320K)->97129K(104320K) Class: 15692K(20480K)->15692K(20480K)
[113.401s][info][gc             ] GC(104) Pause Young (Concurrent Start) (G1 Evacuation Pause) 3879M->1595M(4096M) 3.548ms
[113.401s][info][gc             ] GC(105) Concurrent Mark Cycle
[113.401s][info][gc,cpu         ] GC(104) User=0.06s Sys=0.00s Real=0.02s
[113.401s][info][gc,marking     ] GC(105) Concurrent Scan Root Regions
[113.416s][info][gc,marking     ] GC(105) Concurrent Scan Root Regions 14.341ms
[113.416s][info][gc,marking     ] GC(105) Concurrent Mark
[113.416s][info][gc,marking     ] GC(105) Concurrent Mark From Roots
[113.416s][info][gc,task        ] GC(105) Using 8 workers of 8 for marking
[113.468s][info][gc,marking     ] GC(105) Concurrent Mark From Roots 51.715ms
[113.468s][info][gc,marking     ] GC(105) Concurrent Preclean
[113.472s][info][gc,marking     ] GC(105) Concurrent Preclean 4.124ms
[113.473s][info][gc,start       ] GC(105) Pause Remark
[113.477s][info][gc             ] GC(105) Pause Remark 2525M->2525M(4096M) 4.483ms
[113.477s][info][gc,cpu         ] GC(105) User=0.00s Sys=0.00s Real=0.00s
[113.478s][info][gc,marking     ] GC(105) Concurrent Mark 61.370ms
[113.478s][info][gc,marking     ] GC(105) Concurrent Rebuild Remembered Sets and Scrub Regions
[113.497s][info][gc,marking     ] GC(105) Concurrent Rebuild Remembered Sets and Scrub Regions 19.381ms
[113.498s][info][gc,start       ] GC(105) Pause Cleanup
[113.498s][info][gc             ] GC(105) Pause Cleanup 2783M->2783M(4096M) 0.579ms
[113.498s][info][gc,cpu         ] GC(105) User=0.00s Sys=0.00s Real=0.00s
[113.499s][info][gc,marking     ] GC(105) Concurrent Clear Claimed Marks
[113.500s][info][gc,marking     ] GC(105) Concurrent Clear Claimed Marks 1.195ms
[113.500s][info][gc,marking     ] GC(105) Concurrent Cleanup for Next Mark
[113.515s][info][gc,marking     ] GC(105) Concurrent Cleanup for Next Mark 15.234ms
[113.515s][info][gc             ] GC(105) Concurrent Mark Cycle 114.173ms
[113.584s][info][gc,start       ] GC(106) Pause Young (Prepare Mixed) (G1 Evacuation Pause)
[113.584s][info][gc,task        ] GC(106) Using 33 workers of 33 for evacuation
[113.587s][info][gc,phases      ] GC(106)   Pre Evacuate Collection Set: 0.3ms
[113.587s][info][gc,phases      ] GC(106)   Merge Heap Roots: 1.0ms
[113.587s][info][gc,phases      ] GC(106)   Evacuate Collection Set: 0.6ms
[113.587s][info][gc,phases      ] GC(106)   Post Evacuate Collection Set: 0.8ms
[113.587s][info][gc,phases      ] GC(106)   Other: 0.1ms
[113.587s][info][gc,heap        ] GC(106) Eden regions: 1142->0(1142)
[113.587s][info][gc,heap        ] GC(106) Survivor regions: 1->1(104)
[113.587s][info][gc,heap        ] GC(106) Old regions: 129->129
[113.587s][info][gc,heap        ] GC(106) Archive regions: 0->0
[113.587s][info][gc,heap        ] GC(106) Humongous regions: 672->672
[113.587s][info][gc,metaspace   ] GC(106) Metaspace: 112822K(124800K)->112822K(124800K) NonClass: 97130K(104320K)->97130K(104320K) Class: 15692K(20480K)->15692K(20480K)
[113.587s][info][gc             ] GC(106) Pause Young (Prepare Mixed) (G1 Evacuation Pause) 3879M->1595M(4096M) 3.088ms
[113.587s][info][gc,cpu         ] GC(106) User=0.00s Sys=0.00s Real=0.00s
[113.760s][info][gc,start       ] GC(107) Pause Young (Mixed) (G1 Evacuation Pause)
[113.760s][info][gc,task        ] GC(107) Using 33 workers of 33 for evacuation
[113.762s][info][gc,phases      ] GC(107)   Pre Evacuate Collection Set: 0.3ms
[113.762s][info][gc,phases      ] GC(107)   Merge Heap Roots: 0.4ms
[113.762s][info][gc,phases      ] GC(107)   Evacuate Collection Set: 0.9ms
[113.762s][info][gc,phases      ] GC(107)   Post Evacuate Collection Set: 0.7ms
[113.763s][info][gc,phases      ] GC(107)   Other: 0.1ms
[113.763s][info][gc,heap        ] GC(107) Eden regions: 1142->0(1156)
[113.763s][info][gc,heap        ] GC(107) Survivor regions: 1->1(104)
[113.763s][info][gc,heap        ] GC(107) Old regions: 129->115
[113.763s][info][gc,heap        ] GC(107) Archive regions: 0->0
[113.763s][info][gc,heap        ] GC(107) Humongous regions: 672->672
[113.763s][info][gc,metaspace   ] GC(107) Metaspace: 112864K(124800K)->112864K(124800K) NonClass: 97170K(104320K)->97170K(104320K) Class: 15693K(20480K)->15693K(20480K)
[113.763s][info][gc             ] GC(107) Pause Young (Mixed) (G1 Evacuation Pause) 3879M->1568M(4096M) 2.664ms
[113.763s][info][gc,cpu         ] GC(107) User=0.00s Sys=0.00s Real=0.00s
[113.932s][info][gc,start       ] GC(108) Pause Young (Concurrent Start) (G1 Evacuation Pause)
[113.932s][info][gc,task        ] GC(108) Using 33 workers of 33 for evacuation
[113.935s][info][gc,phases      ] GC(108)   Pre Evacuate Collection Set: 0.4ms
[113.935s][info][gc,phases      ] GC(108)   Merge Heap Roots: 0.4ms
[113.935s][info][gc,phases      ] GC(108)   Evacuate Collection Set: 1.1ms
[113.935s][info][gc,phases      ] GC(108)   Post Evacuate Collection Set: 0.9ms
[113.935s][info][gc,phases      ] GC(108)   Other: 0.1ms
[113.935s][info][gc,heap        ] GC(108) Eden regions: 1156->0(1156)
[113.935s][info][gc,heap        ] GC(108) Survivor regions: 1->1(104)
[113.935s][info][gc,heap        ] GC(108) Old regions: 115->115
[113.935s][info][gc,heap        ] GC(108) Archive regions: 0->0
[113.935s][info][gc,heap        ] GC(108) Humongous regions: 672->672
[113.935s][info][gc,metaspace   ] GC(108) Metaspace: 113071K(124800K)->113071K(124800K) NonClass: 97334K(104320K)->97334K(104320K) Class: 15737K(20480K)->15737K(20480K)
[113.935s][info][gc             ] GC(108) Pause Young (Concurrent Start) (G1 Evacuation Pause) 3880M->1568M(4096M) 3.115ms
[113.935s][info][gc             ] GC(109) Concurrent Mark Cycle
[113.935s][info][gc,cpu         ] GC(108) User=0.00s Sys=0.00s Real=0.00s
[113.935s][info][gc,marking     ] GC(109) Concurrent Scan Root Regions
[113.948s][info][gc,marking     ] GC(109) Concurrent Scan Root Regions 12.299ms
[113.948s][info][gc,marking     ] GC(109) Concurrent Mark
[113.948s][info][gc,marking     ] GC(109) Concurrent Mark From Roots
[113.948s][info][gc,task        ] GC(109) Using 8 workers of 8 for marking
[114.001s][info][gc,marking     ] GC(109) Concurrent Mark From Roots 53.042ms
[114.001s][info][gc,marking     ] GC(109) Concurrent Preclean
[114.003s][info][gc,marking     ] GC(109) Concurrent Preclean 1.553ms
[114.003s][info][gc,start       ] GC(109) Pause Remark
[114.005s][info][gc             ] GC(109) Pause Remark 2364M->2364M(4096M) 2.131ms
[114.005s][info][gc,cpu         ] GC(109) User=0.00s Sys=0.00s Real=0.00s
[114.005s][info][gc,marking     ] GC(109) Concurrent Mark 57.212ms
[114.005s][info][gc,marking     ] GC(109) Concurrent Rebuild Remembered Sets and Scrub Regions
[114.014s][info][gc,marking     ] GC(109) Concurrent Rebuild Remembered Sets and Scrub Regions 8.406ms
[114.014s][info][gc,start       ] GC(109) Pause Cleanup
[114.014s][info][gc             ] GC(109) Pause Cleanup 2445M->2445M(4096M) 0.620ms
[114.014s][info][gc,cpu         ] GC(109) User=0.00s Sys=0.00s Real=0.00s
[114.014s][info][gc,marking     ] GC(109) Concurrent Clear Claimed Marks
[114.015s][info][gc,marking     ] GC(109) Concurrent Clear Claimed Marks 0.215ms
[114.015s][info][gc,marking     ] GC(109) Concurrent Cleanup for Next Mark
[114.023s][info][gc,marking     ] GC(109) Concurrent Cleanup for Next Mark 8.025ms
[114.023s][info][gc             ] GC(109) Concurrent Mark Cycle 87.439ms
[115.481s][info][gc,start       ] GC(110) Pause Full (System.gc())
[115.481s][info][gc,task        ] GC(110) Using 33 workers of 33 for full compaction
[115.483s][info][gc,phases,start] GC(110) Phase 1: Mark live objects
[115.529s][info][gc,phases      ] GC(110) Phase 1: Mark live objects 45.946ms
[115.529s][info][gc,phases,start] GC(110) Phase 2: Prepare compaction
[115.535s][info][gc,phases      ] GC(110) Phase 2: Prepare compaction 5.832ms
[115.535s][info][gc,phases,start] GC(110) Phase 3: Adjust pointers
[115.542s][info][gc,phases      ] GC(110) Phase 3: Adjust pointers 6.953ms
[115.542s][info][gc,phases,start] GC(110) Phase 4: Compact heap
[115.544s][info][gc,phases      ] GC(110) Phase 4: Compact heap 2.441ms
[115.556s][info][gc,heap        ] GC(110) Eden regions: 590->0(1226)
[115.556s][info][gc,heap        ] GC(110) Survivor regions: 1->0(104)
[115.556s][info][gc,heap        ] GC(110) Old regions: 115->47
[115.556s][info][gc,heap        ] GC(110) Archive regions: 0->0
[115.556s][info][gc,heap        ] GC(110) Humongous regions: 675->672
[115.556s][info][gc,metaspace   ] GC(110) Metaspace: 117225K(124800K)->117225K(124800K) NonClass: 100731K(104320K)->100731K(104320K) Class: 16493K(20480K)->16493K(20480K)
[115.556s][info][gc             ] GC(110) Pause Full (System.gc()) 2753M->1390M(4096M) 74.753ms
[115.556s][info][gc,cpu         ] GC(110) User=2.20s Sys=0.33s Real=0.08s
[115.720s][info][gc,start       ] GC(111) Pause Young (Concurrent Start) (G1 Humongous Allocation)
[115.720s][info][gc,task        ] GC(111) Using 33 workers of 33 for evacuation
[115.722s][info][gc,phases      ] GC(111)   Pre Evacuate Collection Set: 0.5ms
[115.722s][info][gc,phases      ] GC(111)   Merge Heap Roots: 0.1ms
[115.722s][info][gc,phases      ] GC(111)   Evacuate Collection Set: 1.4ms
[115.722s][info][gc,phases      ] GC(111)   Post Evacuate Collection Set: 0.7ms
[115.722s][info][gc,phases      ] GC(111)   Other: 0.1ms
[115.722s][info][gc,heap        ] GC(111) Eden regions: 8->0(1224)
[115.722s][info][gc,heap        ] GC(111) Survivor regions: 0->1(154)
[115.722s][info][gc,heap        ] GC(111) Old regions: 47->47
[115.722s][info][gc,heap        ] GC(111) Archive regions: 0->0
[115.722s][info][gc,heap        ] GC(111) Humongous regions: 672->672
[115.722s][info][gc,metaspace   ] GC(111) Metaspace: 117596K(124800K)->117596K(124800K) NonClass: 101056K(104320K)->101056K(104320K) Class: 16539K(20480K)->16539K(20480K)
[115.722s][info][gc             ] GC(111) Pause Young (Concurrent Start) (G1 Humongous Allocation) 1406M->1391M(4096M) 2.956ms
[115.723s][info][gc             ] GC(112) Concurrent Mark Cycle
[115.723s][info][gc,cpu         ] GC(111) User=0.00s Sys=0.00s Real=0.00s
[115.723s][info][gc,marking     ] GC(112) Concurrent Scan Root Regions
[115.726s][info][gc,marking     ] GC(112) Concurrent Scan Root Regions 3.156ms
[115.726s][info][gc,marking     ] GC(112) Concurrent Mark
[115.726s][info][gc,marking     ] GC(112) Concurrent Mark From Roots
[115.726s][info][gc,task        ] GC(112) Using 8 workers of 8 for marking
[115.742s][info][gc,marking     ] GC(112) Concurrent Mark From Roots 15.952ms
[115.742s][info][gc,marking     ] GC(112) Concurrent Preclean
[115.742s][info][gc,marking     ] GC(112) Concurrent Preclean 0.611ms
[115.743s][info][gc,start       ] GC(112) Pause Remark
[115.746s][info][gc             ] GC(112) Pause Remark 1453M->1453M(4096M) 3.683ms
[115.746s][info][gc,cpu         ] GC(112) User=0.00s Sys=0.00s Real=0.00s
[115.747s][info][gc,marking     ] GC(112) Concurrent Mark 20.922ms
[115.747s][info][gc,marking     ] GC(112) Concurrent Rebuild Remembered Sets and Scrub Regions
[115.755s][info][gc,marking     ] GC(112) Concurrent Rebuild Remembered Sets and Scrub Regions 8.699ms
[115.756s][info][gc,start       ] GC(112) Pause Cleanup
[115.756s][info][gc             ] GC(112) Pause Cleanup 1462M->1462M(4096M) 0.449ms
[115.756s][info][gc,cpu         ] GC(112) User=0.00s Sys=0.00s Real=0.00s
[115.758s][info][gc,marking     ] GC(112) Concurrent Clear Claimed Marks
[115.759s][info][gc,marking     ] GC(112) Concurrent Clear Claimed Marks 0.244ms
[115.759s][info][gc,marking     ] GC(112) Concurrent Cleanup for Next Mark
[115.764s][info][gc,marking     ] GC(112) Concurrent Cleanup for Next Mark 5.740ms
[115.764s][info][gc             ] GC(112) Concurrent Mark Cycle 41.974ms
[115.996s][info][gc,start       ] GC(113) Pause Young (Prepare Mixed) (G1 Evacuation Pause)
[115.996s][info][gc,task        ] GC(113) Using 33 workers of 33 for evacuation
[116.001s][info][gc,phases      ] GC(113)   Pre Evacuate Collection Set: 0.3ms
[116.001s][info][gc,phases      ] GC(113)   Merge Heap Roots: 1.0ms
[116.001s][info][gc,phases      ] GC(113)   Evacuate Collection Set: 1.6ms
[116.001s][info][gc,phases      ] GC(113)   Post Evacuate Collection Set: 1.1ms
[116.001s][info][gc,phases      ] GC(113)   Other: 0.2ms
[116.001s][info][gc,heap        ] GC(113) Eden regions: 1224->0(1218)
[116.001s][info][gc,heap        ] GC(113) Survivor regions: 1->4(101)
[116.001s][info][gc,heap        ] GC(113) Old regions: 47->47
[116.001s][info][gc,heap        ] GC(113) Archive regions: 0->0
[116.001s][info][gc,heap        ] GC(113) Humongous regions: 675->672
[116.001s][info][gc,metaspace   ] GC(113) Metaspace: 117786K(124800K)->117786K(124800K) NonClass: 101217K(104320K)->101217K(104320K) Class: 16569K(20480K)->16569K(20480K)
[116.001s][info][gc             ] GC(113) Pause Young (Prepare Mixed) (G1 Evacuation Pause) 3845M->1397M(4096M) 4.572ms
[116.001s][info][gc,cpu         ] GC(113) User=0.00s Sys=0.00s Real=0.00s
[116.186s][info][gc,start       ] GC(114) Pause Young (Mixed) (G1 Evacuation Pause)
[116.186s][info][gc,task        ] GC(114) Using 33 workers of 33 for evacuation
[116.190s][info][gc,phases      ] GC(114)   Pre Evacuate Collection Set: 0.3ms
[116.190s][info][gc,phases      ] GC(114)   Merge Heap Roots: 0.4ms
[116.190s][info][gc,phases      ] GC(114)   Evacuate Collection Set: 1.7ms
[116.190s][info][gc,phases      ] GC(114)   Post Evacuate Collection Set: 0.9ms
[116.190s][info][gc,phases      ] GC(114)   Other: 0.1ms
[116.190s][info][gc,heap        ] GC(114) Eden regions: 1218->0(1221)
[116.190s][info][gc,heap        ] GC(114) Survivor regions: 4->4(107)
[116.190s][info][gc,heap        ] GC(114) Old regions: 47->44
[116.190s][info][gc,heap        ] GC(114) Archive regions: 0->0
[116.190s][info][gc,heap        ] GC(114) Humongous regions: 672->672
[116.190s][info][gc,metaspace   ] GC(114) Metaspace: 117786K(124800K)->117786K(124800K) NonClass: 101217K(104320K)->101217K(104320K) Class: 16569K(20480K)->16569K(20480K)
[116.190s][info][gc             ] GC(114) Pause Young (Mixed) (G1 Evacuation Pause) 3833M->1397M(4096M) 3.753ms
[116.190s][info][gc,cpu         ] GC(114) User=0.00s Sys=0.00s Real=0.00s
[116.386s][info][gc,start       ] GC(115) Pause Young (Concurrent Start) (G1 Evacuation Pause)
[116.387s][info][gc,task        ] GC(115) Using 33 workers of 33 for evacuation
[116.391s][info][gc,phases      ] GC(115)   Pre Evacuate Collection Set: 0.5ms
[116.391s][info][gc,phases      ] GC(115)   Merge Heap Roots: 0.3ms
[116.391s][info][gc,phases      ] GC(115)   Evacuate Collection Set: 2.1ms
[116.391s][info][gc,phases      ] GC(115)   Post Evacuate Collection Set: 1.0ms
[116.391s][info][gc,phases      ] GC(115)   Other: 0.1ms
[116.391s][info][gc,heap        ] GC(115) Eden regions: 1221->0(1221)
[116.391s][info][gc,heap        ] GC(115) Survivor regions: 4->4(107)
[116.391s][info][gc,heap        ] GC(115) Old regions: 44->44
[116.391s][info][gc,heap        ] GC(115) Archive regions: 0->0
[116.391s][info][gc,heap        ] GC(115) Humongous regions: 672->672
[116.391s][info][gc,metaspace   ] GC(115) Metaspace: 117786K(124800K)->117786K(124800K) NonClass: 101217K(104320K)->101217K(104320K) Class: 16569K(20480K)->16569K(20480K)
[116.391s][info][gc             ] GC(115) Pause Young (Concurrent Start) (G1 Evacuation Pause) 3839M->1397M(4096M) 4.246ms
[116.391s][info][gc             ] GC(116) Concurrent Mark Cycle
[116.391s][info][gc,cpu         ] GC(115) User=0.00s Sys=0.00s Real=0.00s
[116.391s][info][gc,marking     ] GC(116) Concurrent Scan Root Regions
[116.410s][info][gc,marking     ] GC(116) Concurrent Scan Root Regions 19.475ms
[116.411s][info][gc,marking     ] GC(116) Concurrent Mark
[116.411s][info][gc,marking     ] GC(116) Concurrent Mark From Roots
[116.411s][info][gc,task        ] GC(116) Using 8 workers of 8 for marking
[116.457s][info][gc,marking     ] GC(116) Concurrent Mark From Roots 45.979ms
[116.457s][info][gc,marking     ] GC(116) Concurrent Preclean
[116.460s][info][gc,marking     ] GC(116) Concurrent Preclean 2.810ms
[116.461s][info][gc,start       ] GC(116) Pause Remark
[116.464s][info][gc             ] GC(116) Pause Remark 2343M->2343M(4096M) 2.863ms
[116.464s][info][gc,cpu         ] GC(116) User=0.00s Sys=0.00s Real=0.00s
[116.464s][info][gc,marking     ] GC(116) Concurrent Mark 53.688ms
[116.464s][info][gc,marking     ] GC(116) Concurrent Rebuild Remembered Sets and Scrub Regions
[116.482s][info][gc,marking     ] GC(116) Concurrent Rebuild Remembered Sets and Scrub Regions 17.832ms
[116.483s][info][gc,start       ] GC(116) Pause Cleanup
[116.484s][info][gc             ] GC(116) Pause Cleanup 2609M->2609M(4096M) 0.339ms
[116.484s][info][gc,cpu         ] GC(116) User=0.00s Sys=0.00s Real=0.00s
[116.484s][info][gc,marking     ] GC(116) Concurrent Clear Claimed Marks
[116.486s][info][gc,marking     ] GC(116) Concurrent Clear Claimed Marks 1.248ms
[116.486s][info][gc,marking     ] GC(116) Concurrent Cleanup for Next Mark
[116.500s][info][gc,marking     ] GC(116) Concurrent Cleanup for Next Mark 13.811ms
[116.500s][info][gc             ] GC(116) Concurrent Mark Cycle 109.395ms
[116.581s][info][gc,start       ] GC(117) Pause Young (Prepare Mixed) (G1 Evacuation Pause)
[116.581s][info][gc,task        ] GC(117) Using 33 workers of 33 for evacuation
[116.585s][info][gc,phases      ] GC(117)   Pre Evacuate Collection Set: 0.3ms
[116.585s][info][gc,phases      ] GC(117)   Merge Heap Roots: 1.0ms
[116.585s][info][gc,phases      ] GC(117)   Evacuate Collection Set: 1.5ms
[116.585s][info][gc,phases      ] GC(117)   Post Evacuate Collection Set: 1.0ms
[116.585s][info][gc,phases      ] GC(117)   Other: 0.2ms
[116.585s][info][gc,heap        ] GC(117) Eden regions: 1221->0(1221)
[116.585s][info][gc,heap        ] GC(117) Survivor regions: 4->4(107)
[116.585s][info][gc,heap        ] GC(117) Old regions: 44->44
[116.585s][info][gc,heap        ] GC(117) Archive regions: 0->0
[116.585s][info][gc,heap        ] GC(117) Humongous regions: 672->672
[116.585s][info][gc,metaspace   ] GC(117) Metaspace: 117786K(124800K)->117786K(124800K) NonClass: 101217K(104320K)->101217K(104320K) Class: 16569K(20480K)->16569K(20480K)
[116.585s][info][gc             ] GC(117) Pause Young (Prepare Mixed) (G1 Evacuation Pause) 3839M->1397M(4096M) 4.241ms
[116.585s][info][gc,cpu         ] GC(117) User=0.00s Sys=0.00s Real=0.00s
[116.764s][info][gc,start       ] GC(118) Pause Young (Mixed) (G1 Evacuation Pause)
[116.764s][info][gc,task        ] GC(118) Using 33 workers of 33 for evacuation
[116.767s][info][gc,phases      ] GC(118)   Pre Evacuate Collection Set: 0.3ms
[116.768s][info][gc,phases      ] GC(118)   Merge Heap Roots: 0.5ms
[116.768s][info][gc,phases      ] GC(118)   Evacuate Collection Set: 1.8ms
[116.768s][info][gc,phases      ] GC(118)   Post Evacuate Collection Set: 1.1ms
[116.768s][info][gc,phases      ] GC(118)   Other: 0.2ms
[116.768s][info][gc,heap        ] GC(118) Eden regions: 1221->0(1224)
[116.768s][info][gc,heap        ] GC(118) Survivor regions: 4->4(107)
[116.768s][info][gc,heap        ] GC(118) Old regions: 44->40
[116.768s][info][gc,heap        ] GC(118) Archive regions: 0->0
[116.768s][info][gc,heap        ] GC(118) Humongous regions: 672->672
[116.768s][info][gc,metaspace   ] GC(118) Metaspace: 117788K(124800K)->117788K(124800K) NonClass: 101218K(104320K)->101218K(104320K) Class: 16569K(20480K)->16569K(20480K)
[116.768s][info][gc             ] GC(118) Pause Young (Mixed) (G1 Evacuation Pause) 3839M->1398M(4096M) 4.055ms
[116.768s][info][gc,cpu         ] GC(118) User=0.00s Sys=0.00s Real=0.00s
[116.954s][info][gc,start       ] GC(119) Pause Young (Concurrent Start) (G1 Evacuation Pause)
[116.954s][info][gc,task        ] GC(119) Using 33 workers of 33 for evacuation
[116.959s][info][gc,phases      ] GC(119)   Pre Evacuate Collection Set: 0.5ms
[116.959s][info][gc,phases      ] GC(119)   Merge Heap Roots: 0.4ms
[116.959s][info][gc,phases      ] GC(119)   Evacuate Collection Set: 2.2ms
[116.959s][info][gc,phases      ] GC(119)   Post Evacuate Collection Set: 1.0ms
[116.959s][info][gc,phases      ] GC(119)   Other: 0.1ms
[116.959s][info][gc,heap        ] GC(119) Eden regions: 1224->0(1223)
[116.959s][info][gc,heap        ] GC(119) Survivor regions: 4->5(108)
[116.959s][info][gc,heap        ] GC(119) Old regions: 40->40
[116.959s][info][gc,heap        ] GC(119) Archive regions: 0->0
[116.959s][info][gc,heap        ] GC(119) Humongous regions: 672->672
[116.959s][info][gc,metaspace   ] GC(119) Metaspace: 117797K(124800K)->117797K(124800K) NonClass: 101227K(104320K)->101227K(104320K) Class: 16569K(20480K)->16569K(20480K)
[116.959s][info][gc             ] GC(119) Pause Young (Concurrent Start) (G1 Evacuation Pause) 3846M->1398M(4096M) 4.460ms
[116.959s][info][gc             ] GC(120) Concurrent Mark Cycle
[116.959s][info][gc,cpu         ] GC(119) User=0.00s Sys=0.00s Real=0.00s
[116.959s][info][gc,marking     ] GC(120) Concurrent Scan Root Regions
[116.975s][info][gc,marking     ] GC(120) Concurrent Scan Root Regions 16.085ms
[116.975s][info][gc,marking     ] GC(120) Concurrent Mark
[116.975s][info][gc,marking     ] GC(120) Concurrent Mark From Roots
[116.975s][info][gc,task        ] GC(120) Using 8 workers of 8 for marking
[117.016s][info][gc,marking     ] GC(120) Concurrent Mark From Roots 41.017ms
[117.016s][info][gc,marking     ] GC(120) Concurrent Preclean
[117.019s][info][gc,marking     ] GC(120) Concurrent Preclean 2.203ms
[117.019s][info][gc,start       ] GC(120) Pause Remark
[117.025s][info][gc             ] GC(120) Pause Remark 2110M->2110M(4096M) 6.575ms
[117.026s][info][gc,cpu         ] GC(120) User=0.00s Sys=0.00s Real=0.00s
[117.026s][info][gc,marking     ] GC(120) Concurrent Mark 50.645ms
[117.026s][info][gc,marking     ] GC(120) Concurrent Rebuild Remembered Sets and Scrub Regions
[117.041s][info][gc,marking     ] GC(120) Concurrent Rebuild Remembered Sets and Scrub Regions 15.613ms
[117.042s][info][gc,start       ] GC(120) Pause Cleanup
[117.042s][info][gc             ] GC(120) Pause Cleanup 2274M->2274M(4096M) 0.359ms
[117.042s][info][gc,cpu         ] GC(120) User=0.00s Sys=0.00s Real=0.00s
[117.042s][info][gc,marking     ] GC(120) Concurrent Clear Claimed Marks
[117.043s][info][gc,marking     ] GC(120) Concurrent Clear Claimed Marks 0.370ms
[117.043s][info][gc,marking     ] GC(120) Concurrent Cleanup for Next Mark
[117.053s][info][gc,marking     ] GC(120) Concurrent Cleanup for Next Mark 9.989ms
[117.053s][info][gc             ] GC(120) Concurrent Mark Cycle 94.038ms
[117.821s][info][gc,start       ] GC(121) Pause Full (System.gc())
[117.821s][info][gc,task        ] GC(121) Using 33 workers of 33 for full compaction
[117.823s][info][gc,phases,start] GC(121) Phase 1: Mark live objects
[117.861s][info][gc,phases      ] GC(121) Phase 1: Mark live objects 38.733ms
[117.861s][info][gc,phases,start] GC(121) Phase 2: Prepare compaction
[117.865s][info][gc,phases      ] GC(121) Phase 2: Prepare compaction 4.111ms
[117.865s][info][gc,phases,start] GC(121) Phase 3: Adjust pointers
[117.874s][info][gc,phases      ] GC(121) Phase 3: Adjust pointers 8.838ms
[117.874s][info][gc,phases,start] GC(121) Phase 4: Compact heap
[117.876s][info][gc,phases      ] GC(121) Phase 4: Compact heap 1.819ms
[117.887s][info][gc,heap        ] GC(121) Eden regions: 664->0(1225)
[117.887s][info][gc,heap        ] GC(121) Survivor regions: 5->0(108)
[117.887s][info][gc,heap        ] GC(121) Old regions: 40->48
[117.887s][info][gc,heap        ] GC(121) Archive regions: 0->0
[117.887s][info][gc,heap        ] GC(121) Humongous regions: 675->672
[117.887s][info][gc,metaspace   ] GC(121) Metaspace: 117964K(124800K)->117964K(124800K) NonClass: 101393K(104320K)->101393K(104320K) Class: 16571K(20480K)->16571K(20480K)
[117.887s][info][gc             ] GC(121) Pause Full (System.gc()) 2732M->1390M(4096M) 66.124ms
[117.887s][info][gc,cpu         ] GC(121) User=1.55s Sys=0.02s Real=0.06s
[118.006s][info][gc,start       ] GC(122) Pause Young (Concurrent Start) (G1 Humongous Allocation)
[118.006s][info][gc,task        ] GC(122) Using 33 workers of 33 for evacuation
[118.010s][info][gc,phases      ] GC(122)   Pre Evacuate Collection Set: 0.5ms
[118.010s][info][gc,phases      ] GC(122)   Merge Heap Roots: 0.1ms
[118.010s][info][gc,phases      ] GC(122)   Evacuate Collection Set: 1.9ms
[118.010s][info][gc,phases      ] GC(122)   Post Evacuate Collection Set: 0.8ms
[118.010s][info][gc,phases      ] GC(122)   Other: 0.2ms
[118.010s][info][gc,heap        ] GC(122) Eden regions: 7->0(1223)
[118.010s][info][gc,heap        ] GC(122) Survivor regions: 0->1(154)
[118.010s][info][gc,heap        ] GC(122) Old regions: 48->48
[118.010s][info][gc,heap        ] GC(122) Archive regions: 0->0
[118.010s][info][gc,heap        ] GC(122) Humongous regions: 672->672
[118.010s][info][gc,metaspace   ] GC(122) Metaspace: 118181K(124800K)->118181K(124800K) NonClass: 101610K(104320K)->101610K(104320K) Class: 16571K(20480K)->16571K(20480K)
[118.010s][info][gc             ] GC(122) Pause Young (Concurrent Start) (G1 Humongous Allocation) 1403M->1391M(4096M) 4.097ms
[118.010s][info][gc             ] GC(123) Concurrent Mark Cycle
[118.010s][info][gc,cpu         ] GC(122) User=0.09s Sys=0.02s Real=0.01s
[118.010s][info][gc,marking     ] GC(123) Concurrent Scan Root Regions
[118.014s][info][gc,marking     ] GC(123) Concurrent Scan Root Regions 3.569ms
[118.014s][info][gc,marking     ] GC(123) Concurrent Mark
[118.014s][info][gc,marking     ] GC(123) Concurrent Mark From Roots
[118.014s][info][gc,task        ] GC(123) Using 8 workers of 8 for marking
[118.033s][info][gc,marking     ] GC(123) Concurrent Mark From Roots 19.200ms
[118.033s][info][gc,marking     ] GC(123) Concurrent Preclean
[118.034s][info][gc,marking     ] GC(123) Concurrent Preclean 0.459ms
[118.034s][info][gc,start       ] GC(123) Pause Remark
[118.039s][info][gc             ] GC(123) Pause Remark 1456M->1456M(4096M) 4.753ms
[118.039s][info][gc,cpu         ] GC(123) User=0.00s Sys=0.00s Real=0.00s
[118.040s][info][gc,marking     ] GC(123) Concurrent Mark 25.731ms
[118.040s][info][gc,marking     ] GC(123) Concurrent Rebuild Remembered Sets and Scrub Regions
[118.048s][info][gc,marking     ] GC(123) Concurrent Rebuild Remembered Sets and Scrub Regions 8.069ms
[118.050s][info][gc,start       ] GC(123) Pause Cleanup
[118.050s][info][gc             ] GC(123) Pause Cleanup 1461M->1461M(4096M) 0.464ms
[118.050s][info][gc,cpu         ] GC(123) User=0.00s Sys=0.00s Real=0.00s
[118.053s][info][gc,marking     ] GC(123) Concurrent Clear Claimed Marks
[118.053s][info][gc,marking     ] GC(123) Concurrent Clear Claimed Marks 0.216ms
[118.053s][info][gc,marking     ] GC(123) Concurrent Cleanup for Next Mark
[118.059s][info][gc,marking     ] GC(123) Concurrent Cleanup for Next Mark 5.078ms
[118.059s][info][gc             ] GC(123) Concurrent Mark Cycle 48.371ms
[118.305s][info][gc,start       ] GC(124) Pause Young (Prepare Mixed) (G1 Evacuation Pause)
[118.305s][info][gc,task        ] GC(124) Using 33 workers of 33 for evacuation
[118.310s][info][gc,phases      ] GC(124)   Pre Evacuate Collection Set: 0.4ms
[118.310s][info][gc,phases      ] GC(124)   Merge Heap Roots: 1.1ms
[118.310s][info][gc,phases      ] GC(124)   Evacuate Collection Set: 1.5ms
[118.310s][info][gc,phases      ] GC(124)   Post Evacuate Collection Set: 1.0ms
[118.310s][info][gc,phases      ] GC(124)   Other: 0.1ms
[118.310s][info][gc,heap        ] GC(124) Eden regions: 1223->0(1217)
[118.310s][info][gc,heap        ] GC(124) Survivor regions: 1->4(101)
[118.310s][info][gc,heap        ] GC(124) Old regions: 48->48
[118.310s][info][gc,heap        ] GC(124) Archive regions: 0->0
[118.310s][info][gc,heap        ] GC(124) Humongous regions: 675->672
[118.310s][info][gc,metaspace   ] GC(124) Metaspace: 118308K(124800K)->118308K(124800K) NonClass: 101729K(104320K)->101729K(104320K) Class: 16579K(20480K)->16579K(20480K)
[118.310s][info][gc             ] GC(124) Pause Young (Prepare Mixed) (G1 Evacuation Pause) 3843M->1397M(4096M) 4.384ms
[118.310s][info][gc,cpu         ] GC(124) User=0.11s Sys=0.00s Real=0.02s
[118.521s][info][gc,start       ] GC(125) Pause Young (Mixed) (G1 Evacuation Pause)
[118.521s][info][gc,task        ] GC(125) Using 33 workers of 33 for evacuation
[118.525s][info][gc,phases      ] GC(125)   Pre Evacuate Collection Set: 0.3ms
[118.525s][info][gc,phases      ] GC(125)   Merge Heap Roots: 0.4ms
[118.525s][info][gc,phases      ] GC(125)   Evacuate Collection Set: 1.6ms
[118.525s][info][gc,phases      ] GC(125)   Post Evacuate Collection Set: 1.0ms
[118.525s][info][gc,phases      ] GC(125)   Other: 0.2ms
[118.525s][info][gc,heap        ] GC(125) Eden regions: 1217->0(1220)
[118.525s][info][gc,heap        ] GC(125) Survivor regions: 4->4(107)
[118.525s][info][gc,heap        ] GC(125) Old regions: 48->45
[118.525s][info][gc,heap        ] GC(125) Archive regions: 0->0
[118.525s][info][gc,heap        ] GC(125) Humongous regions: 672->672
[118.525s][info][gc,metaspace   ] GC(125) Metaspace: 118308K(124800K)->118308K(124800K) NonClass: 101729K(104320K)->101729K(104320K) Class: 16579K(20480K)->16579K(20480K)
[118.525s][info][gc             ] GC(125) Pause Young (Mixed) (G1 Evacuation Pause) 3831M->1397M(4096M) 3.732ms
[118.525s][info][gc,cpu         ] GC(125) User=0.00s Sys=0.00s Real=0.00s
[118.733s][info][gc,start       ] GC(126) Pause Young (Concurrent Start) (G1 Evacuation Pause)
[118.733s][info][gc,task        ] GC(126) Using 33 workers of 33 for evacuation
[118.737s][info][gc,phases      ] GC(126)   Pre Evacuate Collection Set: 0.5ms
[118.737s][info][gc,phases      ] GC(126)   Merge Heap Roots: 0.4ms
[118.737s][info][gc,phases      ] GC(126)   Evacuate Collection Set: 1.9ms
[118.737s][info][gc,phases      ] GC(126)   Post Evacuate Collection Set: 0.9ms
[118.737s][info][gc,phases      ] GC(126)   Other: 0.1ms
[118.737s][info][gc,heap        ] GC(126) Eden regions: 1220->0(1220)
[118.737s][info][gc,heap        ] GC(126) Survivor regions: 4->4(107)
[118.737s][info][gc,heap        ] GC(126) Old regions: 45->45
[118.737s][info][gc,heap        ] GC(126) Archive regions: 0->0
[118.737s][info][gc,heap        ] GC(126) Humongous regions: 672->672
[118.737s][info][gc,metaspace   ] GC(126) Metaspace: 118308K(124800K)->118308K(124800K) NonClass: 101729K(104320K)->101729K(104320K) Class: 16579K(20480K)->16579K(20480K)
[118.737s][info][gc             ] GC(126) Pause Young (Concurrent Start) (G1 Evacuation Pause) 3837M->1398M(4096M) 4.166ms
[118.737s][info][gc             ] GC(127) Concurrent Mark Cycle
[118.737s][info][gc,cpu         ] GC(126) User=0.00s Sys=0.00s Real=0.00s
[118.737s][info][gc,marking     ] GC(127) Concurrent Scan Root Regions
[118.751s][info][gc,marking     ] GC(127) Concurrent Scan Root Regions 13.752ms
[118.751s][info][gc,marking     ] GC(127) Concurrent Mark
[118.751s][info][gc,marking     ] GC(127) Concurrent Mark From Roots
[118.751s][info][gc,task        ] GC(127) Using 8 workers of 8 for marking
[118.801s][info][gc,marking     ] GC(127) Concurrent Mark From Roots 49.620ms
[118.801s][info][gc,marking     ] GC(127) Concurrent Preclean
[118.804s][info][gc,marking     ] GC(127) Concurrent Preclean 2.883ms
[118.805s][info][gc,start       ] GC(127) Pause Remark
[118.807s][info][gc             ] GC(127) Pause Remark 2176M->2176M(4096M) 2.565ms
[118.807s][info][gc,cpu         ] GC(127) User=0.06s Sys=0.00s Real=0.02s
[118.808s][info][gc,marking     ] GC(127) Concurrent Mark 56.474ms
[118.808s][info][gc,marking     ] GC(127) Concurrent Rebuild Remembered Sets and Scrub Regions
[118.822s][info][gc,marking     ] GC(127) Concurrent Rebuild Remembered Sets and Scrub Regions 14.428ms
[118.823s][info][gc,start       ] GC(127) Pause Cleanup
[118.823s][info][gc             ] GC(127) Pause Cleanup 2349M->2349M(4096M) 0.326ms
[118.823s][info][gc,cpu         ] GC(127) User=0.00s Sys=0.00s Real=0.00s
[118.824s][info][gc,marking     ] GC(127) Concurrent Clear Claimed Marks
[118.824s][info][gc,marking     ] GC(127) Concurrent Clear Claimed Marks 0.618ms
[118.824s][info][gc,marking     ] GC(127) Concurrent Cleanup for Next Mark
[118.838s][info][gc,marking     ] GC(127) Concurrent Cleanup for Next Mark 13.680ms
[118.838s][info][gc             ] GC(127) Concurrent Mark Cycle 101.082ms
[118.942s][info][gc,start       ] GC(128) Pause Young (Prepare Mixed) (G1 Evacuation Pause)
[118.942s][info][gc,task        ] GC(128) Using 33 workers of 33 for evacuation
[118.946s][info][gc,phases      ] GC(128)   Pre Evacuate Collection Set: 0.3ms
[118.946s][info][gc,phases      ] GC(128)   Merge Heap Roots: 1.0ms
[118.946s][info][gc,phases      ] GC(128)   Evacuate Collection Set: 1.3ms
[118.946s][info][gc,phases      ] GC(128)   Post Evacuate Collection Set: 0.9ms
[118.946s][info][gc,phases      ] GC(128)   Other: 0.1ms
[118.946s][info][gc,heap        ] GC(128) Eden regions: 1220->0(1220)
[118.946s][info][gc,heap        ] GC(128) Survivor regions: 4->4(107)
[118.946s][info][gc,heap        ] GC(128) Old regions: 45->45
[118.946s][info][gc,heap        ] GC(128) Archive regions: 0->0
[118.946s][info][gc,heap        ] GC(128) Humongous regions: 672->672
[118.946s][info][gc,metaspace   ] GC(128) Metaspace: 118308K(124800K)->118308K(124800K) NonClass: 101729K(104320K)->101729K(104320K) Class: 16579K(20480K)->16579K(20480K)
[118.946s][info][gc             ] GC(128) Pause Young (Prepare Mixed) (G1 Evacuation Pause) 3838M->1398M(4096M) 3.975ms
[118.946s][info][gc,cpu         ] GC(128) User=0.00s Sys=0.00s Real=0.00s
[119.119s][info][gc,start       ] GC(129) Pause Young (Mixed) (G1 Evacuation Pause)
[119.119s][info][gc,task        ] GC(129) Using 33 workers of 33 for evacuation
[119.122s][info][gc,phases      ] GC(129)   Pre Evacuate Collection Set: 0.3ms
[119.122s][info][gc,phases      ] GC(129)   Merge Heap Roots: 0.4ms
[119.122s][info][gc,phases      ] GC(129)   Evacuate Collection Set: 1.8ms
[119.122s][info][gc,phases      ] GC(129)   Post Evacuate Collection Set: 1.0ms
[119.122s][info][gc,phases      ] GC(129)   Other: 0.1ms
[119.122s][info][gc,heap        ] GC(129) Eden regions: 1220->0(1224)
[119.122s][info][gc,heap        ] GC(129) Survivor regions: 4->4(107)
[119.122s][info][gc,heap        ] GC(129) Old regions: 45->41
[119.122s][info][gc,heap        ] GC(129) Archive regions: 0->0
[119.122s][info][gc,heap        ] GC(129) Humongous regions: 672->672
[119.122s][info][gc,metaspace   ] GC(129) Metaspace: 118308K(124800K)->118308K(124800K) NonClass: 101729K(104320K)->101729K(104320K) Class: 16579K(20480K)->16579K(20480K)
[119.122s][info][gc             ] GC(129) Pause Young (Mixed) (G1 Evacuation Pause) 3838M->1398M(4096M) 3.874ms
[119.123s][info][gc,cpu         ] GC(129) User=0.00s Sys=0.00s Real=0.00s
[119.295s][info][gc,start       ] GC(130) Pause Young (Concurrent Start) (G1 Evacuation Pause)
[119.295s][info][gc,task        ] GC(130) Using 33 workers of 33 for evacuation
[119.299s][info][gc,phases      ] GC(130)   Pre Evacuate Collection Set: 0.6ms
[119.299s][info][gc,phases      ] GC(130)   Merge Heap Roots: 0.4ms
[119.299s][info][gc,phases      ] GC(130)   Evacuate Collection Set: 2.0ms
[119.299s][info][gc,phases      ] GC(130)   Post Evacuate Collection Set: 1.0ms
[119.299s][info][gc,phases      ] GC(130)   Other: 0.1ms
[119.299s][info][gc,heap        ] GC(130) Eden regions: 1224->0(1224)
[119.299s][info][gc,heap        ] GC(130) Survivor regions: 4->4(107)
[119.299s][info][gc,heap        ] GC(130) Old regions: 41->41
[119.299s][info][gc,heap        ] GC(130) Archive regions: 0->0
[119.299s][info][gc,heap        ] GC(130) Humongous regions: 672->672
[119.299s][info][gc,metaspace   ] GC(130) Metaspace: 118311K(124800K)->118311K(124800K) NonClass: 101731K(104320K)->101731K(104320K) Class: 16579K(20480K)->16579K(20480K)
[119.299s][info][gc             ] GC(130) Pause Young (Concurrent Start) (G1 Evacuation Pause) 3846M->1398M(4096M) 4.240ms
[119.299s][info][gc             ] GC(131) Concurrent Mark Cycle
[119.299s][info][gc,cpu         ] GC(130) User=0.06s Sys=0.00s Real=0.02s
[119.299s][info][gc,marking     ] GC(131) Concurrent Scan Root Regions
[119.317s][info][gc,marking     ] GC(131) Concurrent Scan Root Regions 17.155ms
[119.317s][info][gc,marking     ] GC(131) Concurrent Mark
[119.317s][info][gc,marking     ] GC(131) Concurrent Mark From Roots
[119.317s][info][gc,task        ] GC(131) Using 8 workers of 8 for marking
[119.358s][info][gc,marking     ] GC(131) Concurrent Mark From Roots 40.964ms
[119.358s][info][gc,marking     ] GC(131) Concurrent Preclean
[119.361s][info][gc,marking     ] GC(131) Concurrent Preclean 2.829ms
[119.361s][info][gc,start       ] GC(131) Pause Remark
[119.364s][info][gc             ] GC(131) Pause Remark 2170M->2170M(4096M) 2.480ms
[119.364s][info][gc,cpu         ] GC(131) User=0.00s Sys=0.00s Real=0.00s
[119.364s][info][gc,marking     ] GC(131) Concurrent Mark 47.094ms
[119.364s][info][gc,marking     ] GC(131) Concurrent Rebuild Remembered Sets and Scrub Regions
[119.379s][info][gc,marking     ] GC(131) Concurrent Rebuild Remembered Sets and Scrub Regions 15.416ms
[119.380s][info][gc,start       ] GC(131) Pause Cleanup
[119.380s][info][gc             ] GC(131) Pause Cleanup 2323M->2323M(4096M) 0.353ms
[119.380s][info][gc,cpu         ] GC(131) User=0.00s Sys=0.00s Real=0.00s
[119.380s][info][gc,marking     ] GC(131) Concurrent Clear Claimed Marks
[119.381s][info][gc,marking     ] GC(131) Concurrent Clear Claimed Marks 0.381ms
[119.381s][info][gc,marking     ] GC(131) Concurrent Cleanup for Next Mark
[119.390s][info][gc,marking     ] GC(131) Concurrent Cleanup for Next Mark 8.899ms
[119.390s][info][gc             ] GC(131) Concurrent Mark Cycle 90.354ms
[120.100s][info][gc,start       ] GC(132) Pause Full (System.gc())
[120.100s][info][gc,task        ] GC(132) Using 33 workers of 33 for full compaction
[120.102s][info][gc,phases,start] GC(132) Phase 1: Mark live objects
[120.146s][info][gc,phases      ] GC(132) Phase 1: Mark live objects 43.400ms
[120.146s][info][gc,phases,start] GC(132) Phase 2: Prepare compaction
[120.150s][info][gc,phases      ] GC(132) Phase 2: Prepare compaction 3.973ms
[120.150s][info][gc,phases,start] GC(132) Phase 3: Adjust pointers
[120.157s][info][gc,phases      ] GC(132) Phase 3: Adjust pointers 6.934ms
[120.157s][info][gc,phases,start] GC(132) Phase 4: Compact heap
[120.158s][info][gc,phases      ] GC(132) Phase 4: Compact heap 1.489ms
[120.169s][info][gc,heap        ] GC(132) Eden regions: 671->0(1226)
[120.169s][info][gc,heap        ] GC(132) Survivor regions: 4->0(107)
[120.169s][info][gc,heap        ] GC(132) Old regions: 41->47
[120.169s][info][gc,heap        ] GC(132) Archive regions: 0->0
[120.169s][info][gc,heap        ] GC(132) Humongous regions: 675->672
[120.169s][info][gc,metaspace   ] GC(132) Metaspace: 118513K(124800K)->118513K(124800K) NonClass: 101933K(104320K)->101933K(104320K) Class: 16580K(20480K)->16580K(20480K)
[120.170s][info][gc             ] GC(132) Pause Full (System.gc()) 2746M->1391M(4096M) 69.286ms
[120.170s][info][gc,cpu         ] GC(132) User=1.64s Sys=0.02s Real=0.08s
[120.252s][info][gc,start       ] GC(133) Pause Young (Concurrent Start) (G1 Humongous Allocation)
[120.252s][info][gc,task        ] GC(133) Using 33 workers of 33 for evacuation
[120.255s][info][gc,phases      ] GC(133)   Pre Evacuate Collection Set: 0.5ms
[120.255s][info][gc,phases      ] GC(133)   Merge Heap Roots: 0.1ms
[120.255s][info][gc,phases      ] GC(133)   Evacuate Collection Set: 1.9ms
[120.255s][info][gc,phases      ] GC(133)   Post Evacuate Collection Set: 0.7ms
[120.255s][info][gc,phases      ] GC(133)   Other: 0.1ms
[120.255s][info][gc,heap        ] GC(133) Eden regions: 6->0(1224)
[120.255s][info][gc,heap        ] GC(133) Survivor regions: 0->1(154)
[120.256s][info][gc,heap        ] GC(133) Old regions: 47->47
[120.256s][info][gc,heap        ] GC(133) Archive regions: 0->0
[120.256s][info][gc,heap        ] GC(133) Humongous regions: 672->672
[120.256s][info][gc,metaspace   ] GC(133) Metaspace: 118709K(124800K)->118709K(124800K) NonClass: 102126K(104320K)->102126K(104320K) Class: 16583K(20480K)->16583K(20480K)
[120.256s][info][gc             ] GC(133) Pause Young (Concurrent Start) (G1 Humongous Allocation) 1402M->1392M(4096M) 3.481ms
[120.256s][info][gc             ] GC(134) Concurrent Mark Cycle
[120.256s][info][gc,cpu         ] GC(133) User=0.00s Sys=0.00s Real=0.00s
[120.256s][info][gc,marking     ] GC(134) Concurrent Scan Root Regions
[120.260s][info][gc,marking     ] GC(134) Concurrent Scan Root Regions 4.132ms
[120.260s][info][gc,marking     ] GC(134) Concurrent Mark
[120.260s][info][gc,marking     ] GC(134) Concurrent Mark From Roots
[120.260s][info][gc,task        ] GC(134) Using 8 workers of 8 for marking
[120.278s][info][gc,marking     ] GC(134) Concurrent Mark From Roots 18.449ms
[120.278s][info][gc,marking     ] GC(134) Concurrent Preclean
[120.279s][info][gc,marking     ] GC(134) Concurrent Preclean 0.666ms
[120.279s][info][gc,start       ] GC(134) Pause Remark
[120.282s][info][gc             ] GC(134) Pause Remark 1448M->1448M(4096M) 3.010ms
[120.282s][info][gc,cpu         ] GC(134) User=0.00s Sys=0.00s Real=0.00s
[120.284s][info][gc,marking     ] GC(134) Concurrent Mark 24.022ms
[120.284s][info][gc,marking     ] GC(134) Concurrent Rebuild Remembered Sets and Scrub Regions
[120.292s][info][gc,marking     ] GC(134) Concurrent Rebuild Remembered Sets and Scrub Regions 8.360ms
[120.293s][info][gc,start       ] GC(134) Pause Cleanup
[120.294s][info][gc             ] GC(134) Pause Cleanup 1464M->1464M(4096M) 0.477ms
[120.294s][info][gc,cpu         ] GC(134) User=0.00s Sys=0.00s Real=0.00s
[120.294s][info][gc,marking     ] GC(134) Concurrent Clear Claimed Marks
[120.294s][info][gc,marking     ] GC(134) Concurrent Clear Claimed Marks 0.198ms
[120.294s][info][gc,marking     ] GC(134) Concurrent Cleanup for Next Mark
[120.299s][info][gc,marking     ] GC(134) Concurrent Cleanup for Next Mark 4.652ms
[120.299s][info][gc             ] GC(134) Concurrent Mark Cycle 43.513ms
[120.468s][info][gc,start       ] GC(135) Pause Young (Prepare Mixed) (G1 Evacuation Pause)
[120.468s][info][gc,task        ] GC(135) Using 33 workers of 33 for evacuation
[120.472s][info][gc,phases      ] GC(135)   Pre Evacuate Collection Set: 0.3ms
[120.472s][info][gc,phases      ] GC(135)   Merge Heap Roots: 1.1ms
[120.472s][info][gc,phases      ] GC(135)   Evacuate Collection Set: 1.5ms
[120.472s][info][gc,phases      ] GC(135)   Post Evacuate Collection Set: 1.0ms
[120.472s][info][gc,phases      ] GC(135)   Other: 0.1ms
[120.472s][info][gc,heap        ] GC(135) Eden regions: 1224->0(1218)
[120.472s][info][gc,heap        ] GC(135) Survivor regions: 1->4(101)
[120.472s][info][gc,heap        ] GC(135) Old regions: 47->47
[120.472s][info][gc,heap        ] GC(135) Archive regions: 0->0
[120.472s][info][gc,heap        ] GC(135) Humongous regions: 675->672
[120.472s][info][gc,metaspace   ] GC(135) Metaspace: 118810K(124800K)->118810K(124800K) NonClass: 102223K(104320K)->102223K(104320K) Class: 16586K(20480K)->16586K(20480K)
[120.472s][info][gc             ] GC(135) Pause Young (Prepare Mixed) (G1 Evacuation Pause) 3846M->1397M(4096M) 4.217ms
[120.472s][info][gc,cpu         ] GC(135) User=0.00s Sys=0.00s Real=0.00s
[120.644s][info][gc,start       ] GC(136) Pause Young (Mixed) (G1 Evacuation Pause)
[120.644s][info][gc,task        ] GC(136) Using 33 workers of 33 for evacuation
[120.647s][info][gc,phases      ] GC(136)   Pre Evacuate Collection Set: 0.3ms
[120.647s][info][gc,phases      ] GC(136)   Merge Heap Roots: 0.4ms
[120.647s][info][gc,phases      ] GC(136)   Evacuate Collection Set: 1.5ms
[120.647s][info][gc,phases      ] GC(136)   Post Evacuate Collection Set: 0.9ms
[120.647s][info][gc,phases      ] GC(136)   Other: 0.2ms
[120.647s][info][gc,heap        ] GC(136) Eden regions: 1218->0(1221)
[120.647s][info][gc,heap        ] GC(136) Survivor regions: 4->4(107)
[120.647s][info][gc,heap        ] GC(136) Old regions: 47->44
[120.647s][info][gc,heap        ] GC(136) Archive regions: 0->0
[120.647s][info][gc,heap        ] GC(136) Humongous regions: 672->672
[120.647s][info][gc,metaspace   ] GC(136) Metaspace: 118814K(124800K)->118814K(124800K) NonClass: 102227K(104320K)->102227K(104320K) Class: 16586K(20480K)->16586K(20480K)
[120.647s][info][gc             ] GC(136) Pause Young (Mixed) (G1 Evacuation Pause) 3833M->1398M(4096M) 3.524ms
[120.647s][info][gc,cpu         ] GC(136) User=0.00s Sys=0.00s Real=0.00s
[120.818s][info][gc,start       ] GC(137) Pause Young (Concurrent Start) (G1 Evacuation Pause)
[120.818s][info][gc,task        ] GC(137) Using 33 workers of 33 for evacuation
[120.822s][info][gc,phases      ] GC(137)   Pre Evacuate Collection Set: 0.4ms
[120.822s][info][gc,phases      ] GC(137)   Merge Heap Roots: 0.4ms
[120.822s][info][gc,phases      ] GC(137)   Evacuate Collection Set: 2.0ms
[120.822s][info][gc,phases      ] GC(137)   Post Evacuate Collection Set: 0.9ms
[120.822s][info][gc,phases      ] GC(137)   Other: 0.1ms
[120.822s][info][gc,heap        ] GC(137) Eden regions: 1221->0(1221)
[120.822s][info][gc,heap        ] GC(137) Survivor regions: 4->4(107)
[120.822s][info][gc,heap        ] GC(137) Old regions: 44->44
[120.822s][info][gc,heap        ] GC(137) Archive regions: 0->0
[120.822s][info][gc,heap        ] GC(137) Humongous regions: 672->672
[120.822s][info][gc,metaspace   ] GC(137) Metaspace: 118814K(124800K)->118814K(124800K) NonClass: 102227K(104320K)->102227K(104320K) Class: 16586K(20480K)->16586K(20480K)
[120.822s][info][gc             ] GC(137) Pause Young (Concurrent Start) (G1 Evacuation Pause) 3840M->1398M(4096M) 4.054ms
[120.822s][info][gc             ] GC(138) Concurrent Mark Cycle
[120.822s][info][gc,cpu         ] GC(137) User=0.53s Sys=0.00s Real=0.02s
[120.822s][info][gc,marking     ] GC(138) Concurrent Scan Root Regions
[120.845s][info][gc,marking     ] GC(138) Concurrent Scan Root Regions 22.900ms
[120.846s][info][gc,marking     ] GC(138) Concurrent Mark
[120.846s][info][gc,marking     ] GC(138) Concurrent Mark From Roots
[120.846s][info][gc,task        ] GC(138) Using 8 workers of 8 for marking
[120.906s][info][gc,marking     ] GC(138) Concurrent Mark From Roots 59.932ms
[120.906s][info][gc,marking     ] GC(138) Concurrent Preclean
[120.911s][info][gc,marking     ] GC(138) Concurrent Preclean 4.572ms
[120.912s][info][gc,start       ] GC(138) Pause Remark
[120.914s][info][gc             ] GC(138) Pause Remark 2672M->2672M(4096M) 2.534ms
[120.914s][info][gc,cpu         ] GC(138) User=0.00s Sys=0.00s Real=0.00s
[120.914s][info][gc,marking     ] GC(138) Concurrent Mark 68.675ms
[120.915s][info][gc,marking     ] GC(138) Concurrent Rebuild Remembered Sets and Scrub Regions
[120.934s][info][gc,marking     ] GC(138) Concurrent Rebuild Remembered Sets and Scrub Regions 19.724ms
[120.935s][info][gc,start       ] GC(138) Pause Cleanup
[120.936s][info][gc             ] GC(138) Pause Cleanup 2964M->2964M(4096M) 0.313ms
[120.936s][info][gc,cpu         ] GC(138) User=0.00s Sys=0.00s Real=0.00s
[120.936s][info][gc,marking     ] GC(138) Concurrent Clear Claimed Marks
[120.937s][info][gc,marking     ] GC(138) Concurrent Clear Claimed Marks 1.406ms
[120.937s][info][gc,marking     ] GC(138) Concurrent Cleanup for Next Mark
[120.955s][info][gc,marking     ] GC(138) Concurrent Cleanup for Next Mark 17.742ms
[120.956s][info][gc             ] GC(138) Concurrent Mark Cycle 133.578ms
[121.001s][info][gc,start       ] GC(139) Pause Young (Prepare Mixed) (G1 Evacuation Pause)
[121.001s][info][gc,task        ] GC(139) Using 33 workers of 33 for evacuation
[121.005s][info][gc,phases      ] GC(139)   Pre Evacuate Collection Set: 0.3ms
[121.005s][info][gc,phases      ] GC(139)   Merge Heap Roots: 1.0ms
[121.005s][info][gc,phases      ] GC(139)   Evacuate Collection Set: 1.4ms
[121.005s][info][gc,phases      ] GC(139)   Post Evacuate Collection Set: 1.0ms
[121.005s][info][gc,phases      ] GC(139)   Other: 0.2ms
[121.005s][info][gc,heap        ] GC(139) Eden regions: 1221->0(1221)
[121.005s][info][gc,heap        ] GC(139) Survivor regions: 4->4(107)
[121.005s][info][gc,heap        ] GC(139) Old regions: 44->44
[121.005s][info][gc,heap        ] GC(139) Archive regions: 0->0
[121.005s][info][gc,heap        ] GC(139) Humongous regions: 672->672
[121.005s][info][gc,metaspace   ] GC(139) Metaspace: 118815K(124800K)->118815K(124800K) NonClass: 102228K(104320K)->102228K(104320K) Class: 16586K(20480K)->16586K(20480K)
[121.005s][info][gc             ] GC(139) Pause Young (Prepare Mixed) (G1 Evacuation Pause) 3840M->1398M(4096M) 4.092ms
[121.005s][info][gc,cpu         ] GC(139) User=0.00s Sys=0.00s Real=0.00s
[121.175s][info][gc,start       ] GC(140) Pause Young (Mixed) (G1 Evacuation Pause)
[121.175s][info][gc,task        ] GC(140) Using 33 workers of 33 for evacuation
[121.179s][info][gc,phases      ] GC(140)   Pre Evacuate Collection Set: 0.3ms
[121.179s][info][gc,phases      ] GC(140)   Merge Heap Roots: 0.4ms
[121.179s][info][gc,phases      ] GC(140)   Evacuate Collection Set: 1.5ms
[121.179s][info][gc,phases      ] GC(140)   Post Evacuate Collection Set: 1.0ms
[121.179s][info][gc,phases      ] GC(140)   Other: 0.1ms
[121.179s][info][gc,heap        ] GC(140) Eden regions: 1221->0(1224)
[121.179s][info][gc,heap        ] GC(140) Survivor regions: 4->4(107)
[121.179s][info][gc,heap        ] GC(140) Old regions: 44->40
[121.179s][info][gc,heap        ] GC(140) Archive regions: 0->0
[121.179s][info][gc,heap        ] GC(140) Humongous regions: 672->672
[121.179s][info][gc,metaspace   ] GC(140) Metaspace: 118845K(124800K)->118845K(124800K) NonClass: 102257K(104320K)->102257K(104320K) Class: 16587K(20480K)->16587K(20480K)
[121.179s][info][gc             ] GC(140) Pause Young (Mixed) (G1 Evacuation Pause) 3840M->1398M(4096M) 3.542ms
[121.179s][info][gc,cpu         ] GC(140) User=0.00s Sys=0.00s Real=0.00s
[121.351s][info][gc,start       ] GC(141) Pause Young (Concurrent Start) (G1 Evacuation Pause)
[121.352s][info][gc,task        ] GC(141) Using 33 workers of 33 for evacuation
[121.355s][info][gc,phases      ] GC(141)   Pre Evacuate Collection Set: 0.5ms
[121.355s][info][gc,phases      ] GC(141)   Merge Heap Roots: 0.4ms
[121.355s][info][gc,phases      ] GC(141)   Evacuate Collection Set: 1.9ms
[121.355s][info][gc,phases      ] GC(141)   Post Evacuate Collection Set: 0.9ms
[121.355s][info][gc,phases      ] GC(141)   Other: 0.1ms
[121.355s][info][gc,heap        ] GC(141) Eden regions: 1224->0(1224)
[121.355s][info][gc,heap        ] GC(141) Survivor regions: 4->4(108)
[121.355s][info][gc,heap        ] GC(141) Old regions: 40->40
[121.356s][info][gc,heap        ] GC(141) Archive regions: 0->0
[121.356s][info][gc,heap        ] GC(141) Humongous regions: 672->672
[121.356s][info][gc,metaspace   ] GC(141) Metaspace: 118846K(124800K)->118846K(124800K) NonClass: 102258K(104320K)->102258K(104320K) Class: 16587K(20480K)->16587K(20480K)
[121.356s][info][gc             ] GC(141) Pause Young (Concurrent Start) (G1 Evacuation Pause) 3846M->1398M(4096M) 4.061ms
[121.356s][info][gc             ] GC(142) Concurrent Mark Cycle
[121.356s][info][gc,cpu         ] GC(141) User=0.00s Sys=0.00s Real=0.00s
[121.356s][info][gc,marking     ] GC(142) Concurrent Scan Root Regions
[121.375s][info][gc,marking     ] GC(142) Concurrent Scan Root Regions 19.621ms
[121.376s][info][gc,marking     ] GC(142) Concurrent Mark
[121.376s][info][gc,marking     ] GC(142) Concurrent Mark From Roots
[121.376s][info][gc,task        ] GC(142) Using 8 workers of 8 for marking
[121.422s][info][gc,marking     ] GC(142) Concurrent Mark From Roots 46.143ms
[121.422s][info][gc,marking     ] GC(142) Concurrent Preclean
[121.424s][info][gc,marking     ] GC(142) Concurrent Preclean 2.146ms
[121.424s][info][gc,start       ] GC(142) Pause Remark
[121.440s][info][gc             ] GC(142) Pause Remark 2292M->2292M(4096M) 15.461ms
[121.440s][info][gc,cpu         ] GC(142) User=0.00s Sys=0.02s Real=0.02s
[121.440s][info][gc,marking     ] GC(142) Concurrent Mark 64.509ms
[121.440s][info][gc,marking     ] GC(142) Concurrent Rebuild Remembered Sets and Scrub Regions
[121.453s][info][gc,marking     ] GC(142) Concurrent Rebuild Remembered Sets and Scrub Regions 12.737ms
[121.453s][info][gc,start       ] GC(142) Pause Cleanup
[121.454s][info][gc             ] GC(142) Pause Cleanup 2416M->2416M(4096M) 0.414ms
[121.454s][info][gc,cpu         ] GC(142) User=0.00s Sys=0.00s Real=0.00s
[121.454s][info][gc,marking     ] GC(142) Concurrent Clear Claimed Marks
[121.454s][info][gc,marking     ] GC(142) Concurrent Clear Claimed Marks 0.286ms
[121.454s][info][gc,marking     ] GC(142) Concurrent Cleanup for Next Mark
[121.463s][info][gc,marking     ] GC(142) Concurrent Cleanup for Next Mark 8.449ms
[121.463s][info][gc             ] GC(142) Concurrent Mark Cycle 107.010ms
[122.084s][info][gc,start       ] GC(143) Pause Full (System.gc())
[122.084s][info][gc,task        ] GC(143) Using 33 workers of 33 for full compaction
[122.085s][info][gc,phases,start] GC(143) Phase 1: Mark live objects
[122.128s][info][gc,phases      ] GC(143) Phase 1: Mark live objects 42.658ms
[122.128s][info][gc,phases,start] GC(143) Phase 2: Prepare compaction
[122.133s][info][gc,phases      ] GC(143) Phase 2: Prepare compaction 4.881ms
[122.133s][info][gc,phases,start] GC(143) Phase 3: Adjust pointers
[122.141s][info][gc,phases      ] GC(143) Phase 3: Adjust pointers 8.064ms
[122.141s][info][gc,phases,start] GC(143) Phase 4: Compact heap
[122.143s][info][gc,phases      ] GC(143) Phase 4: Compact heap 1.652ms
[122.156s][info][gc,heap        ] GC(143) Eden regions: 649->0(1226)
[122.156s][info][gc,heap        ] GC(143) Survivor regions: 4->0(108)
[122.156s][info][gc,heap        ] GC(143) Old regions: 40->47
[122.156s][info][gc,heap        ] GC(143) Archive regions: 0->0
[122.156s][info][gc,heap        ] GC(143) Humongous regions: 675->672
[122.156s][info][gc,metaspace   ] GC(143) Metaspace: 118976K(124800K)->118976K(124800K) NonClass: 102388K(104320K)->102388K(104320K) Class: 16587K(20480K)->16587K(20480K)
[122.156s][info][gc             ] GC(143) Pause Full (System.gc()) 2701M->1391M(4096M) 72.476ms
[122.156s][info][gc,cpu         ] GC(143) User=1.38s Sys=0.06s Real=0.08s
[122.240s][info][gc,start       ] GC(144) Pause Young (Concurrent Start) (G1 Humongous Allocation)
[122.241s][info][gc,task        ] GC(144) Using 33 workers of 33 for evacuation
[122.244s][info][gc,phases      ] GC(144)   Pre Evacuate Collection Set: 0.6ms
[122.244s][info][gc,phases      ] GC(144)   Merge Heap Roots: 0.1ms
[122.244s][info][gc,phases      ] GC(144)   Evacuate Collection Set: 1.4ms
[122.244s][info][gc,phases      ] GC(144)   Post Evacuate Collection Set: 0.9ms
[122.244s][info][gc,phases      ] GC(144)   Other: 0.1ms
[122.244s][info][gc,heap        ] GC(144) Eden regions: 6->0(1224)
[122.244s][info][gc,heap        ] GC(144) Survivor regions: 0->1(154)
[122.244s][info][gc,heap        ] GC(144) Old regions: 47->47
[122.244s][info][gc,heap        ] GC(144) Archive regions: 0->0
[122.244s][info][gc,heap        ] GC(144) Humongous regions: 672->672
[122.244s][info][gc,metaspace   ] GC(144) Metaspace: 119140K(124800K)->119140K(124800K) NonClass: 102552K(104320K)->102552K(104320K) Class: 16587K(20480K)->16587K(20480K)
[122.244s][info][gc             ] GC(144) Pause Young (Concurrent Start) (G1 Humongous Allocation) 1402M->1392M(4096M) 3.417ms
[122.244s][info][gc             ] GC(145) Concurrent Mark Cycle
[122.244s][info][gc,cpu         ] GC(144) User=0.00s Sys=0.00s Real=0.00s
[122.244s][info][gc,marking     ] GC(145) Concurrent Scan Root Regions
[122.246s][info][gc,marking     ] GC(145) Concurrent Scan Root Regions 2.402ms
[122.246s][info][gc,marking     ] GC(145) Concurrent Mark
[122.246s][info][gc,marking     ] GC(145) Concurrent Mark From Roots
[122.247s][info][gc,task        ] GC(145) Using 8 workers of 8 for marking
[122.275s][info][gc,marking     ] GC(145) Concurrent Mark From Roots 28.985ms
[122.276s][info][gc,marking     ] GC(145) Concurrent Preclean
[122.276s][info][gc,marking     ] GC(145) Concurrent Preclean 0.850ms
[122.277s][info][gc,start       ] GC(145) Pause Remark
[122.280s][info][gc             ] GC(145) Pause Remark 1494M->1494M(4096M) 3.071ms
[122.280s][info][gc,cpu         ] GC(145) User=0.00s Sys=0.00s Real=0.00s
[122.280s][info][gc,marking     ] GC(145) Concurrent Mark 33.762ms
[122.280s][info][gc,marking     ] GC(145) Concurrent Rebuild Remembered Sets and Scrub Regions
[122.296s][info][gc,marking     ] GC(145) Concurrent Rebuild Remembered Sets and Scrub Regions 16.074ms
[122.297s][info][gc,start       ] GC(145) Pause Cleanup
[122.298s][info][gc             ] GC(145) Pause Cleanup 1704M->1704M(4096M) 0.475ms
[122.298s][info][gc,cpu         ] GC(145) User=0.00s Sys=0.00s Real=0.00s
[122.298s][info][gc,marking     ] GC(145) Concurrent Clear Claimed Marks
[122.299s][info][gc,marking     ] GC(145) Concurrent Clear Claimed Marks 0.727ms
[122.299s][info][gc,marking     ] GC(145) Concurrent Cleanup for Next Mark
[122.314s][info][gc,marking     ] GC(145) Concurrent Cleanup for Next Mark 15.316ms
[122.315s][info][gc             ] GC(145) Concurrent Mark Cycle 70.596ms
[122.454s][info][gc,start       ] GC(146) Pause Young (Prepare Mixed) (G1 Evacuation Pause)
[122.454s][info][gc,task        ] GC(146) Using 33 workers of 33 for evacuation
[122.458s][info][gc,phases      ] GC(146)   Pre Evacuate Collection Set: 0.4ms
[122.458s][info][gc,phases      ] GC(146)   Merge Heap Roots: 1.1ms
[122.458s][info][gc,phases      ] GC(146)   Evacuate Collection Set: 1.4ms
[122.458s][info][gc,phases      ] GC(146)   Post Evacuate Collection Set: 1.0ms
[122.458s][info][gc,phases      ] GC(146)   Other: 0.2ms
[122.458s][info][gc,heap        ] GC(146) Eden regions: 1224->0(1219)
[122.458s][info][gc,heap        ] GC(146) Survivor regions: 1->4(102)
[122.458s][info][gc,heap        ] GC(146) Old regions: 46->46
[122.458s][info][gc,heap        ] GC(146) Archive regions: 0->0
[122.458s][info][gc,heap        ] GC(146) Humongous regions: 675->672
[122.458s][info][gc,metaspace   ] GC(146) Metaspace: 119238K(124800K)->119238K(124800K) NonClass: 102650K(104320K)->102650K(104320K) Class: 16587K(20480K)->16587K(20480K)
[122.459s][info][gc             ] GC(146) Pause Young (Prepare Mixed) (G1 Evacuation Pause) 3846M->1398M(4096M) 4.312ms
[122.459s][info][gc,cpu         ] GC(146) User=0.06s Sys=0.02s Real=0.01s
[122.628s][info][gc,start       ] GC(147) Pause Young (Mixed) (G1 Evacuation Pause)
[122.629s][info][gc,task        ] GC(147) Using 33 workers of 33 for evacuation
[122.632s][info][gc,phases      ] GC(147)   Pre Evacuate Collection Set: 0.3ms
[122.632s][info][gc,phases      ] GC(147)   Merge Heap Roots: 0.4ms
[122.632s][info][gc,phases      ] GC(147)   Evacuate Collection Set: 1.5ms
[122.632s][info][gc,phases      ] GC(147)   Post Evacuate Collection Set: 0.9ms
[122.632s][info][gc,phases      ] GC(147)   Other: 0.2ms
[122.632s][info][gc,heap        ] GC(147) Eden regions: 1219->0(1222)
[122.632s][info][gc,heap        ] GC(147) Survivor regions: 4->4(107)
[122.632s][info][gc,heap        ] GC(147) Old regions: 46->43
[122.632s][info][gc,heap        ] GC(147) Archive regions: 0->0
[122.632s][info][gc,heap        ] GC(147) Humongous regions: 672->672
[122.632s][info][gc,metaspace   ] GC(147) Metaspace: 119238K(124800K)->119238K(124800K) NonClass: 102650K(104320K)->102650K(104320K) Class: 16587K(20480K)->16587K(20480K)
[122.632s][info][gc             ] GC(147) Pause Young (Mixed) (G1 Evacuation Pause) 3836M->1398M(4096M) 3.449ms
[122.632s][info][gc,cpu         ] GC(147) User=0.52s Sys=0.00s Real=0.02s
[122.802s][info][gc,start       ] GC(148) Pause Young (Concurrent Start) (G1 Evacuation Pause)
[122.802s][info][gc,task        ] GC(148) Using 33 workers of 33 for evacuation
[122.806s][info][gc,phases      ] GC(148)   Pre Evacuate Collection Set: 0.4ms
[122.806s][info][gc,phases      ] GC(148)   Merge Heap Roots: 0.4ms
[122.806s][info][gc,phases      ] GC(148)   Evacuate Collection Set: 1.9ms
[122.806s][info][gc,phases      ] GC(148)   Post Evacuate Collection Set: 1.0ms
[122.806s][info][gc,phases      ] GC(148)   Other: 0.1ms
[122.806s][info][gc,heap        ] GC(148) Eden regions: 1222->0(1222)
[122.806s][info][gc,heap        ] GC(148) Survivor regions: 4->4(107)
[122.806s][info][gc,heap        ] GC(148) Old regions: 43->43
[122.806s][info][gc,heap        ] GC(148) Archive regions: 0->0
[122.806s][info][gc,heap        ] GC(148) Humongous regions: 672->672
[122.806s][info][gc,metaspace   ] GC(148) Metaspace: 119238K(124800K)->119238K(124800K) NonClass: 102650K(104320K)->102650K(104320K) Class: 16587K(20480K)->16587K(20480K)
[122.806s][info][gc             ] GC(148) Pause Young (Concurrent Start) (G1 Evacuation Pause) 3842M->1398M(4096M) 4.060ms
[122.806s][info][gc             ] GC(149) Concurrent Mark Cycle
[122.806s][info][gc,cpu         ] GC(148) User=0.00s Sys=0.00s Real=0.00s
[122.806s][info][gc,marking     ] GC(149) Concurrent Scan Root Regions
[122.830s][info][gc,marking     ] GC(149) Concurrent Scan Root Regions 23.896ms
[122.830s][info][gc,marking     ] GC(149) Concurrent Mark
[122.830s][info][gc,marking     ] GC(149) Concurrent Mark From Roots
[122.830s][info][gc,task        ] GC(149) Using 8 workers of 8 for marking
[122.891s][info][gc,marking     ] GC(149) Concurrent Mark From Roots 61.010ms
[122.892s][info][gc,marking     ] GC(149) Concurrent Preclean
[122.896s][info][gc,marking     ] GC(149) Concurrent Preclean 4.632ms
[122.897s][info][gc,start       ] GC(149) Pause Remark
[122.900s][info][gc             ] GC(149) Pause Remark 2722M->2722M(4096M) 2.812ms
[122.900s][info][gc,cpu         ] GC(149) User=0.00s Sys=0.00s Real=0.00s
[122.901s][info][gc,marking     ] GC(149) Concurrent Mark 70.360ms
[122.901s][info][gc,marking     ] GC(149) Concurrent Rebuild Remembered Sets and Scrub Regions
[122.921s][info][gc,marking     ] GC(149) Concurrent Rebuild Remembered Sets and Scrub Regions 20.073ms
[122.922s][info][gc,start       ] GC(149) Pause Cleanup
[122.922s][info][gc             ] GC(149) Pause Cleanup 3026M->3026M(4096M) 0.358ms
[122.922s][info][gc,cpu         ] GC(149) User=0.00s Sys=0.00s Real=0.00s
[122.923s][info][gc,marking     ] GC(149) Concurrent Clear Claimed Marks
[122.924s][info][gc,marking     ] GC(149) Concurrent Clear Claimed Marks 1.350ms
[122.924s][info][gc,marking     ] GC(149) Concurrent Cleanup for Next Mark
[122.942s][info][gc,marking     ] GC(149) Concurrent Cleanup for Next Mark 18.070ms
[122.943s][info][gc             ] GC(149) Concurrent Mark Cycle 137.032ms
[122.983s][info][gc,start       ] GC(150) Pause Young (Prepare Mixed) (G1 Evacuation Pause)
[122.983s][info][gc,task        ] GC(150) Using 33 workers of 33 for evacuation
[122.987s][info][gc,phases      ] GC(150)   Pre Evacuate Collection Set: 0.3ms
[122.987s][info][gc,phases      ] GC(150)   Merge Heap Roots: 1.0ms
[122.987s][info][gc,phases      ] GC(150)   Evacuate Collection Set: 1.2ms
[122.987s][info][gc,phases      ] GC(150)   Post Evacuate Collection Set: 0.9ms
[122.987s][info][gc,phases      ] GC(150)   Other: 0.1ms
[122.987s][info][gc,heap        ] GC(150) Eden regions: 1222->0(1222)
[122.987s][info][gc,heap        ] GC(150) Survivor regions: 4->4(107)
[122.987s][info][gc,heap        ] GC(150) Old regions: 43->43
[122.987s][info][gc,heap        ] GC(150) Archive regions: 0->0
[122.987s][info][gc,heap        ] GC(150) Humongous regions: 672->672
[122.987s][info][gc,metaspace   ] GC(150) Metaspace: 119238K(124800K)->119238K(124800K) NonClass: 102650K(104320K)->102650K(104320K) Class: 16587K(20480K)->16587K(20480K)
[122.987s][info][gc             ] GC(150) Pause Young (Prepare Mixed) (G1 Evacuation Pause) 3842M->1398M(4096M) 3.681ms
[122.987s][info][gc,cpu         ] GC(150) User=0.00s Sys=0.00s Real=0.00s
[123.156s][info][gc,start       ] GC(151) Pause Young (Mixed) (G1 Evacuation Pause)
[123.156s][info][gc,task        ] GC(151) Using 33 workers of 33 for evacuation
[123.159s][info][gc,phases      ] GC(151)   Pre Evacuate Collection Set: 0.3ms
[123.159s][info][gc,phases      ] GC(151)   Merge Heap Roots: 0.4ms
[123.159s][info][gc,phases      ] GC(151)   Evacuate Collection Set: 1.6ms
[123.159s][info][gc,phases      ] GC(151)   Post Evacuate Collection Set: 0.9ms
[123.159s][info][gc,phases      ] GC(151)   Other: 0.1ms
[123.159s][info][gc,heap        ] GC(151) Eden regions: 1222->0(1224)
[123.159s][info][gc,heap        ] GC(151) Survivor regions: 4->4(107)
[123.159s][info][gc,heap        ] GC(151) Old regions: 43->39
[123.159s][info][gc,heap        ] GC(151) Archive regions: 0->0
[123.159s][info][gc,heap        ] GC(151) Humongous regions: 672->672
[123.159s][info][gc,metaspace   ] GC(151) Metaspace: 119238K(124800K)->119238K(124800K) NonClass: 102650K(104320K)->102650K(104320K) Class: 16587K(20480K)->16587K(20480K)
[123.159s][info][gc             ] GC(151) Pause Young (Mixed) (G1 Evacuation Pause) 3842M->1398M(4096M) 3.586ms
[123.159s][info][gc,cpu         ] GC(151) User=0.00s Sys=0.00s Real=0.00s
[123.329s][info][gc,start       ] GC(152) Pause Young (Concurrent Start) (G1 Evacuation Pause)
[123.329s][info][gc,task        ] GC(152) Using 33 workers of 33 for evacuation
[123.333s][info][gc,phases      ] GC(152)   Pre Evacuate Collection Set: 0.5ms
[123.333s][info][gc,phases      ] GC(152)   Merge Heap Roots: 0.3ms
[123.333s][info][gc,phases      ] GC(152)   Evacuate Collection Set: 1.8ms
[123.333s][info][gc,phases      ] GC(152)   Post Evacuate Collection Set: 0.9ms
[123.333s][info][gc,phases      ] GC(152)   Other: 0.1ms
[123.333s][info][gc,heap        ] GC(152) Eden regions: 1224->0(1224)
[123.333s][info][gc,heap        ] GC(152) Survivor regions: 4->4(109)
[123.333s][info][gc,heap        ] GC(152) Old regions: 39->39
[123.333s][info][gc,heap        ] GC(152) Archive regions: 0->0
[123.333s][info][gc,heap        ] GC(152) Humongous regions: 672->672
[123.333s][info][gc,metaspace   ] GC(152) Metaspace: 119245K(124800K)->119245K(124800K) NonClass: 102657K(104320K)->102657K(104320K) Class: 16587K(20480K)->16587K(20480K)
[123.333s][info][gc             ] GC(152) Pause Young (Concurrent Start) (G1 Evacuation Pause) 3846M->1398M(4096M) 3.857ms
[123.333s][info][gc             ] GC(153) Concurrent Mark Cycle
[123.333s][info][gc,cpu         ] GC(152) User=0.52s Sys=0.00s Real=0.02s
[123.333s][info][gc,marking     ] GC(153) Concurrent Scan Root Regions
[123.354s][info][gc,marking     ] GC(153) Concurrent Scan Root Regions 20.815ms
[123.354s][info][gc,marking     ] GC(153) Concurrent Mark
[123.354s][info][gc,marking     ] GC(153) Concurrent Mark From Roots
[123.354s][info][gc,task        ] GC(153) Using 8 workers of 8 for marking
[123.404s][info][gc,marking     ] GC(153) Concurrent Mark From Roots 49.504ms
[123.404s][info][gc,marking     ] GC(153) Concurrent Preclean
[123.405s][info][gc,marking     ] GC(153) Concurrent Preclean 1.125ms
[123.405s][info][gc,start       ] GC(153) Pause Remark
[123.407s][info][gc             ] GC(153) Pause Remark 2358M->2358M(4096M) 2.389ms
[123.407s][info][gc,cpu         ] GC(153) User=0.00s Sys=0.00s Real=0.00s
[123.408s][info][gc,marking     ] GC(153) Concurrent Mark 53.473ms
[123.408s][info][gc,marking     ] GC(153) Concurrent Rebuild Remembered Sets and Scrub Regions
[123.417s][info][gc,marking     ] GC(153) Concurrent Rebuild Remembered Sets and Scrub Regions 9.189ms
[123.417s][info][gc,start       ] GC(153) Pause Cleanup
[123.417s][info][gc             ] GC(153) Pause Cleanup 2445M->2445M(4096M) 0.300ms
[123.417s][info][gc,cpu         ] GC(153) User=0.00s Sys=0.00s Real=0.00s
[123.417s][info][gc,marking     ] GC(153) Concurrent Clear Claimed Marks
[123.418s][info][gc,marking     ] GC(153) Concurrent Clear Claimed Marks 0.249ms
[123.418s][info][gc,marking     ] GC(153) Concurrent Cleanup for Next Mark
[123.424s][info][gc,marking     ] GC(153) Concurrent Cleanup for Next Mark 6.572ms
[123.424s][info][gc             ] GC(153) Concurrent Mark Cycle 91.477ms
[124.113s][info][gc,start       ] GC(154) Pause Full (System.gc())
[124.113s][info][gc,task        ] GC(154) Using 33 workers of 33 for full compaction
[124.114s][info][gc,phases,start] GC(154) Phase 1: Mark live objects
[124.154s][info][gc,phases      ] GC(154) Phase 1: Mark live objects 39.936ms
[124.154s][info][gc,phases,start] GC(154) Phase 2: Prepare compaction
[124.159s][info][gc,phases      ] GC(154) Phase 2: Prepare compaction 4.807ms
[124.159s][info][gc,phases,start] GC(154) Phase 3: Adjust pointers
[124.168s][info][gc,phases      ] GC(154) Phase 3: Adjust pointers 8.659ms
[124.168s][info][gc,phases,start] GC(154) Phase 4: Compact heap
[124.169s][info][gc,phases      ] GC(154) Phase 4: Compact heap 1.307ms
[124.182s][info][gc,heap        ] GC(154) Eden regions: 639->0(1225)
[124.182s][info][gc,heap        ] GC(154) Survivor regions: 4->0(109)
[124.182s][info][gc,heap        ] GC(154) Old regions: 39->48
[124.182s][info][gc,heap        ] GC(154) Archive regions: 0->0
[124.182s][info][gc,heap        ] GC(154) Humongous regions: 675->672
[124.182s][info][gc,metaspace   ] GC(154) Metaspace: 119311K(124800K)->119311K(124800K) NonClass: 102724K(104320K)->102724K(104320K) Class: 16587K(20480K)->16587K(20480K)
[124.182s][info][gc             ] GC(154) Pause Full (System.gc()) 2681M->1391M(4096M) 69.845ms
[124.182s][info][gc,cpu         ] GC(154) User=1.97s Sys=0.00s Real=0.06s
[124.254s][info][gc,start       ] GC(155) Pause Young (Concurrent Start) (G1 Humongous Allocation)
[124.254s][info][gc,task        ] GC(155) Using 33 workers of 33 for evacuation
[124.257s][info][gc,phases      ] GC(155)   Pre Evacuate Collection Set: 0.5ms
[124.257s][info][gc,phases      ] GC(155)   Merge Heap Roots: 0.1ms
[124.257s][info][gc,phases      ] GC(155)   Evacuate Collection Set: 1.3ms
[124.257s][info][gc,phases      ] GC(155)   Post Evacuate Collection Set: 0.7ms
[124.257s][info][gc,phases      ] GC(155)   Other: 0.1ms
[124.257s][info][gc,heap        ] GC(155) Eden regions: 6->0(1223)
[124.257s][info][gc,heap        ] GC(155) Survivor regions: 0->1(154)
[124.257s][info][gc,heap        ] GC(155) Old regions: 48->48
[124.257s][info][gc,heap        ] GC(155) Archive regions: 0->0
[124.257s][info][gc,heap        ] GC(155) Humongous regions: 672->672
[124.257s][info][gc,metaspace   ] GC(155) Metaspace: 119585K(124800K)->119585K(124800K) NonClass: 102997K(104320K)->102997K(104320K) Class: 16587K(20480K)->16587K(20480K)
[124.257s][info][gc             ] GC(155) Pause Young (Concurrent Start) (G1 Humongous Allocation) 1402M->1392M(4096M) 2.834ms
[124.257s][info][gc             ] GC(156) Concurrent Mark Cycle
[124.257s][info][gc,cpu         ] GC(155) User=0.00s Sys=0.00s Real=0.00s
[124.257s][info][gc,marking     ] GC(156) Concurrent Scan Root Regions
[124.260s][info][gc,marking     ] GC(156) Concurrent Scan Root Regions 2.404ms
[124.260s][info][gc,marking     ] GC(156) Concurrent Mark
[124.260s][info][gc,marking     ] GC(156) Concurrent Mark From Roots
[124.260s][info][gc,task        ] GC(156) Using 8 workers of 8 for marking
[124.286s][info][gc,marking     ] GC(156) Concurrent Mark From Roots 25.863ms
[124.286s][info][gc,marking     ] GC(156) Concurrent Preclean
[124.286s][info][gc,marking     ] GC(156) Concurrent Preclean 0.620ms
[124.287s][info][gc,start       ] GC(156) Pause Remark
[124.290s][info][gc             ] GC(156) Pause Remark 1462M->1462M(4096M) 3.028ms
[124.290s][info][gc,cpu         ] GC(156) User=0.00s Sys=0.00s Real=0.00s
[124.290s][info][gc,marking     ] GC(156) Concurrent Mark 30.566ms
[124.290s][info][gc,marking     ] GC(156) Concurrent Rebuild Remembered Sets and Scrub Regions
[124.302s][info][gc,marking     ] GC(156) Concurrent Rebuild Remembered Sets and Scrub Regions 12.095ms
[124.303s][info][gc,start       ] GC(156) Pause Cleanup
[124.304s][info][gc             ] GC(156) Pause Cleanup 1606M->1606M(4096M) 0.475ms
[124.304s][info][gc,cpu         ] GC(156) User=0.00s Sys=0.00s Real=0.00s
[124.304s][info][gc,marking     ] GC(156) Concurrent Clear Claimed Marks
[124.305s][info][gc,marking     ] GC(156) Concurrent Clear Claimed Marks 1.043ms
[124.305s][info][gc,marking     ] GC(156) Concurrent Cleanup for Next Mark
[124.321s][info][gc,marking     ] GC(156) Concurrent Cleanup for Next Mark 15.578ms
[124.321s][info][gc             ] GC(156) Concurrent Mark Cycle 64.020ms
[124.469s][info][gc,start       ] GC(157) Pause Young (Prepare Mixed) (G1 Evacuation Pause)
[124.469s][info][gc,task        ] GC(157) Using 33 workers of 33 for evacuation
[124.473s][info][gc,phases      ] GC(157)   Pre Evacuate Collection Set: 0.3ms
[124.473s][info][gc,phases      ] GC(157)   Merge Heap Roots: 1.0ms
[124.473s][info][gc,phases      ] GC(157)   Evacuate Collection Set: 1.4ms
[124.473s][info][gc,phases      ] GC(157)   Post Evacuate Collection Set: 0.9ms
[124.473s][info][gc,phases      ] GC(157)   Other: 0.1ms
[124.473s][info][gc,heap        ] GC(157) Eden regions: 1223->0(1217)
[124.473s][info][gc,heap        ] GC(157) Survivor regions: 1->4(101)
[124.473s][info][gc,heap        ] GC(157) Old regions: 48->48
[124.473s][info][gc,heap        ] GC(157) Archive regions: 0->0
[124.473s][info][gc,heap        ] GC(157) Humongous regions: 675->672
[124.473s][info][gc,metaspace   ] GC(157) Metaspace: 119728K(124800K)->119728K(124800K) NonClass: 103141K(104320K)->103141K(104320K) Class: 16587K(20480K)->16587K(20480K)
[124.473s][info][gc             ] GC(157) Pause Young (Prepare Mixed) (G1 Evacuation Pause) 3844M->1398M(4096M) 4.114ms
[124.473s][info][gc,cpu         ] GC(157) User=0.00s Sys=0.00s Real=0.00s
[124.647s][info][gc,start       ] GC(158) Pause Young (Mixed) (G1 Evacuation Pause)
[124.647s][info][gc,task        ] GC(158) Using 33 workers of 33 for evacuation
[124.650s][info][gc,phases      ] GC(158)   Pre Evacuate Collection Set: 0.3ms
[124.650s][info][gc,phases      ] GC(158)   Merge Heap Roots: 0.4ms
[124.650s][info][gc,phases      ] GC(158)   Evacuate Collection Set: 1.6ms
[124.650s][info][gc,phases      ] GC(158)   Post Evacuate Collection Set: 1.0ms
[124.650s][info][gc,phases      ] GC(158)   Other: 0.2ms
[124.650s][info][gc,heap        ] GC(158) Eden regions: 1217->0(1220)
[124.650s][info][gc,heap        ] GC(158) Survivor regions: 4->4(107)
[124.650s][info][gc,heap        ] GC(158) Old regions: 48->45
[124.650s][info][gc,heap        ] GC(158) Archive regions: 0->0
[124.650s][info][gc,heap        ] GC(158) Humongous regions: 672->672
[124.650s][info][gc,metaspace   ] GC(158) Metaspace: 119728K(124800K)->119728K(124800K) NonClass: 103141K(104320K)->103141K(104320K) Class: 16587K(20480K)->16587K(20480K)
[124.650s][info][gc             ] GC(158) Pause Young (Mixed) (G1 Evacuation Pause) 3832M->1398M(4096M) 3.720ms
[124.651s][info][gc,cpu         ] GC(158) User=0.00s Sys=0.00s Real=0.00s
[124.824s][info][gc,start       ] GC(159) Pause Young (Concurrent Start) (G1 Evacuation Pause)
[124.824s][info][gc,task        ] GC(159) Using 33 workers of 33 for evacuation
[124.828s][info][gc,phases      ] GC(159)   Pre Evacuate Collection Set: 0.5ms
[124.828s][info][gc,phases      ] GC(159)   Merge Heap Roots: 0.4ms
[124.828s][info][gc,phases      ] GC(159)   Evacuate Collection Set: 1.9ms
[124.828s][info][gc,phases      ] GC(159)   Post Evacuate Collection Set: 0.9ms
[124.828s][info][gc,phases      ] GC(159)   Other: 0.1ms
[124.828s][info][gc,heap        ] GC(159) Eden regions: 1220->0(1220)
[124.828s][info][gc,heap        ] GC(159) Survivor regions: 4->4(107)
[124.828s][info][gc,heap        ] GC(159) Old regions: 45->45
[124.828s][info][gc,heap        ] GC(159) Archive regions: 0->0
[124.828s][info][gc,heap        ] GC(159) Humongous regions: 672->672
[124.828s][info][gc,metaspace   ] GC(159) Metaspace: 119728K(124800K)->119728K(124800K) NonClass: 103141K(104320K)->103141K(104320K) Class: 16587K(20480K)->16587K(20480K)
[124.828s][info][gc             ] GC(159) Pause Young (Concurrent Start) (G1 Evacuation Pause) 3838M->1398M(4096M) 4.167ms
[124.828s][info][gc             ] GC(160) Concurrent Mark Cycle
[124.828s][info][gc,cpu         ] GC(159) User=0.00s Sys=0.00s Real=0.00s
[124.828s][info][gc,marking     ] GC(160) Concurrent Scan Root Regions
[124.851s][info][gc,marking     ] GC(160) Concurrent Scan Root Regions 22.687ms
[124.851s][info][gc,marking     ] GC(160) Concurrent Mark
[124.851s][info][gc,marking     ] GC(160) Concurrent Mark From Roots
[124.851s][info][gc,task        ] GC(160) Using 8 workers of 8 for marking
[124.918s][info][gc,marking     ] GC(160) Concurrent Mark From Roots 67.426ms
[124.919s][info][gc,marking     ] GC(160) Concurrent Preclean
[124.923s][info][gc,marking     ] GC(160) Concurrent Preclean 4.198ms
[124.924s][info][gc,start       ] GC(160) Pause Remark
[124.927s][info][gc             ] GC(160) Pause Remark 2726M->2726M(4096M) 2.790ms
[124.927s][info][gc,cpu         ] GC(160) User=0.00s Sys=0.00s Real=0.00s
[124.927s][info][gc,marking     ] GC(160) Concurrent Mark 76.026ms
[124.927s][info][gc,marking     ] GC(160) Concurrent Rebuild Remembered Sets and Scrub Regions
[124.945s][info][gc,marking     ] GC(160) Concurrent Rebuild Remembered Sets and Scrub Regions 17.758ms
[124.946s][info][gc,start       ] GC(160) Pause Cleanup
[124.946s][info][gc             ] GC(160) Pause Cleanup 2976M->2976M(4096M) 0.331ms
[124.946s][info][gc,cpu         ] GC(160) User=0.00s Sys=0.00s Real=0.00s
[124.946s][info][gc,marking     ] GC(160) Concurrent Clear Claimed Marks
[124.948s][info][gc,marking     ] GC(160) Concurrent Clear Claimed Marks 1.636ms
[124.948s][info][gc,marking     ] GC(160) Concurrent Cleanup for Next Mark
[124.964s][info][gc,marking     ] GC(160) Concurrent Cleanup for Next Mark 15.738ms
[124.964s][info][gc             ] GC(160) Concurrent Mark Cycle 136.613ms
[125.012s][info][gc,start       ] GC(161) Pause Young (Prepare Mixed) (G1 Evacuation Pause)
[125.012s][info][gc,task        ] GC(161) Using 33 workers of 33 for evacuation
[125.016s][info][gc,phases      ] GC(161)   Pre Evacuate Collection Set: 0.3ms
[125.016s][info][gc,phases      ] GC(161)   Merge Heap Roots: 1.0ms
[125.016s][info][gc,phases      ] GC(161)   Evacuate Collection Set: 1.3ms
[125.016s][info][gc,phases      ] GC(161)   Post Evacuate Collection Set: 1.0ms
[125.016s][info][gc,phases      ] GC(161)   Other: 0.2ms
[125.016s][info][gc,heap        ] GC(161) Eden regions: 1220->0(1220)
[125.016s][info][gc,heap        ] GC(161) Survivor regions: 4->4(107)
[125.016s][info][gc,heap        ] GC(161) Old regions: 45->45
[125.016s][info][gc,heap        ] GC(161) Archive regions: 0->0
[125.016s][info][gc,heap        ] GC(161) Humongous regions: 672->672
[125.016s][info][gc,metaspace   ] GC(161) Metaspace: 119728K(124800K)->119728K(124800K) NonClass: 103141K(104320K)->103141K(104320K) Class: 16587K(20480K)->16587K(20480K)
[125.016s][info][gc             ] GC(161) Pause Young (Prepare Mixed) (G1 Evacuation Pause) 3838M->1398M(4096M) 3.984ms
[125.016s][info][gc,cpu         ] GC(161) User=0.00s Sys=0.00s Real=0.00s
[125.189s][info][gc,start       ] GC(162) Pause Young (Mixed) (G1 Evacuation Pause)
[125.189s][info][gc,task        ] GC(162) Using 33 workers of 33 for evacuation
[125.192s][info][gc,phases      ] GC(162)   Pre Evacuate Collection Set: 0.4ms
[125.192s][info][gc,phases      ] GC(162)   Merge Heap Roots: 0.5ms
[125.192s][info][gc,phases      ] GC(162)   Evacuate Collection Set: 1.6ms
[125.192s][info][gc,phases      ] GC(162)   Post Evacuate Collection Set: 1.0ms
[125.192s][info][gc,phases      ] GC(162)   Other: 0.2ms
[125.192s][info][gc,heap        ] GC(162) Eden regions: 1220->0(1224)
[125.193s][info][gc,heap        ] GC(162) Survivor regions: 4->4(107)
[125.193s][info][gc,heap        ] GC(162) Old regions: 45->41
[125.193s][info][gc,heap        ] GC(162) Archive regions: 0->0
[125.193s][info][gc,heap        ] GC(162) Humongous regions: 672->672
[125.193s][info][gc,metaspace   ] GC(162) Metaspace: 119728K(124800K)->119728K(124800K) NonClass: 103141K(104320K)->103141K(104320K) Class: 16587K(20480K)->16587K(20480K)
[125.193s][info][gc             ] GC(162) Pause Young (Mixed) (G1 Evacuation Pause) 3838M->1398M(4096M) 3.879ms
[125.193s][info][gc,cpu         ] GC(162) User=0.00s Sys=0.00s Real=0.00s
[125.366s][info][gc,start       ] GC(163) Pause Young (Concurrent Start) (G1 Evacuation Pause)
[125.366s][info][gc,task        ] GC(163) Using 33 workers of 33 for evacuation
[125.370s][info][gc,phases      ] GC(163)   Pre Evacuate Collection Set: 0.5ms
[125.370s][info][gc,phases      ] GC(163)   Merge Heap Roots: 0.4ms
[125.370s][info][gc,phases      ] GC(163)   Evacuate Collection Set: 2.0ms
[125.370s][info][gc,phases      ] GC(163)   Post Evacuate Collection Set: 1.0ms
[125.370s][info][gc,phases      ] GC(163)   Other: 0.1ms
[125.370s][info][gc,heap        ] GC(163) Eden regions: 1224->0(1224)
[125.370s][info][gc,heap        ] GC(163) Survivor regions: 4->4(107)
[125.375s][info][gc,heap        ] GC(163) Old regions: 41->41
[125.375s][info][gc,heap        ] GC(163) Archive regions: 0->0
[125.375s][info][gc,heap        ] GC(163) Humongous regions: 672->672
[125.375s][info][gc,metaspace   ] GC(163) Metaspace: 119738K(124800K)->119738K(124800K) NonClass: 103150K(104320K)->103150K(104320K) Class: 16587K(20480K)->16587K(20480K)
[125.375s][info][gc             ] GC(163) Pause Young (Concurrent Start) (G1 Evacuation Pause) 3846M->1399M(4096M) 8.967ms
[125.375s][info][gc             ] GC(164) Concurrent Mark Cycle
[125.375s][info][gc,marking     ] GC(164) Concurrent Scan Root Regions
[125.375s][info][gc,cpu         ] GC(163) User=0.00s Sys=0.00s Real=0.00s
[125.392s][info][gc,marking     ] GC(164) Concurrent Scan Root Regions 16.694ms
[125.392s][info][gc,marking     ] GC(164) Concurrent Mark
[125.392s][info][gc,marking     ] GC(164) Concurrent Mark From Roots
[125.392s][info][gc,task        ] GC(164) Using 8 workers of 8 for marking
[125.438s][info][gc,marking     ] GC(164) Concurrent Mark From Roots 46.187ms
[125.439s][info][gc,marking     ] GC(164) Concurrent Preclean
[125.441s][info][gc,marking     ] GC(164) Concurrent Preclean 2.597ms
[125.442s][info][gc,start       ] GC(164) Pause Remark
[125.444s][info][gc             ] GC(164) Pause Remark 2157M->2157M(4096M) 2.953ms
[125.445s][info][gc,cpu         ] GC(164) User=0.00s Sys=0.00s Real=0.00s
[125.445s][info][gc,marking     ] GC(164) Concurrent Mark 52.586ms
[125.445s][info][gc,marking     ] GC(164) Concurrent Rebuild Remembered Sets and Scrub Regions
[125.459s][info][gc,marking     ] GC(164) Concurrent Rebuild Remembered Sets and Scrub Regions 14.275ms
[125.459s][info][gc,start       ] GC(164) Pause Cleanup
[125.460s][info][gc             ] GC(164) Pause Cleanup 2329M->2329M(4096M) 0.363ms
[125.460s][info][gc,cpu         ] GC(164) User=0.00s Sys=0.00s Real=0.00s
[125.460s][info][gc,marking     ] GC(164) Concurrent Clear Claimed Marks
[125.460s][info][gc,marking     ] GC(164) Concurrent Clear Claimed Marks 0.166ms
[125.460s][info][gc,marking     ] GC(164) Concurrent Cleanup for Next Mark
[125.467s][info][gc,marking     ] GC(164) Concurrent Cleanup for Next Mark 7.214ms
[125.467s][info][gc             ] GC(164) Concurrent Mark Cycle 92.097ms
[126.119s][info][gc,start       ] GC(165) Pause Full (System.gc())
[126.119s][info][gc,task        ] GC(165) Using 33 workers of 33 for full compaction
[126.121s][info][gc,phases,start] GC(165) Phase 1: Mark live objects
[126.159s][info][gc,phases      ] GC(165) Phase 1: Mark live objects 38.482ms
[126.159s][info][gc,phases,start] GC(165) Phase 2: Prepare compaction
[126.163s][info][gc,phases      ] GC(165) Phase 2: Prepare compaction 3.941ms
[126.163s][info][gc,phases,start] GC(165) Phase 3: Adjust pointers
[126.175s][info][gc,phases      ] GC(165) Phase 3: Adjust pointers 11.084ms
[126.175s][info][gc,phases,start] GC(165) Phase 4: Compact heap
[126.176s][info][gc,phases      ] GC(165) Phase 4: Compact heap 1.596ms
[126.192s][info][gc,heap        ] GC(165) Eden regions: 647->0(1226)
[126.192s][info][gc,heap        ] GC(165) Survivor regions: 4->0(107)
[126.192s][info][gc,heap        ] GC(165) Old regions: 41->47
[126.192s][info][gc,heap        ] GC(165) Archive regions: 0->0
[126.192s][info][gc,heap        ] GC(165) Humongous regions: 675->672
[126.192s][info][gc,metaspace   ] GC(165) Metaspace: 119938K(124864K)->119938K(124864K) NonClass: 103350K(104384K)->103350K(104384K) Class: 16588K(20480K)->16588K(20480K)
[126.192s][info][gc             ] GC(165) Pause Full (System.gc()) 2698M->1391M(4096M) 72.736ms
[126.192s][info][gc,cpu         ] GC(165) User=1.23s Sys=0.05s Real=0.08s
[126.264s][info][gc,start       ] GC(166) Pause Young (Concurrent Start) (G1 Humongous Allocation)
[126.264s][info][gc,task        ] GC(166) Using 33 workers of 33 for evacuation
[126.267s][info][gc,phases      ] GC(166)   Pre Evacuate Collection Set: 0.5ms
[126.267s][info][gc,phases      ] GC(166)   Merge Heap Roots: 0.1ms
[126.268s][info][gc,phases      ] GC(166)   Evacuate Collection Set: 1.6ms
[126.268s][info][gc,phases      ] GC(166)   Post Evacuate Collection Set: 0.9ms
[126.268s][info][gc,phases      ] GC(166)   Other: 0.1ms
[126.268s][info][gc,heap        ] GC(166) Eden regions: 7->0(1224)
[126.268s][info][gc,heap        ] GC(166) Survivor regions: 0->1(154)
[126.268s][info][gc,heap        ] GC(166) Old regions: 47->47
[126.268s][info][gc,heap        ] GC(166) Archive regions: 0->0
[126.268s][info][gc,heap        ] GC(166) Humongous regions: 672->672
[126.268s][info][gc,metaspace   ] GC(166) Metaspace: 120057K(124928K)->120057K(124928K) NonClass: 103469K(104448K)->103469K(104448K) Class: 16588K(20480K)->16588K(20480K)
[126.268s][info][gc             ] GC(166) Pause Young (Concurrent Start) (G1 Humongous Allocation) 1404M->1392M(4096M) 3.578ms
[126.268s][info][gc             ] GC(167) Concurrent Mark Cycle
[126.268s][info][gc,cpu         ] GC(166) User=0.53s Sys=0.00s Real=0.02s
[126.268s][info][gc,marking     ] GC(167) Concurrent Scan Root Regions
[126.272s][info][gc,marking     ] GC(167) Concurrent Scan Root Regions 3.776ms
[126.272s][info][gc,marking     ] GC(167) Concurrent Mark
[126.272s][info][gc,marking     ] GC(167) Concurrent Mark From Roots
[126.272s][info][gc,task        ] GC(167) Using 8 workers of 8 for marking
[126.297s][info][gc,marking     ] GC(167) Concurrent Mark From Roots 25.777ms
[126.298s][info][gc,marking     ] GC(167) Concurrent Preclean
[126.298s][info][gc,marking     ] GC(167) Concurrent Preclean 0.593ms
[126.299s][info][gc,start       ] GC(167) Pause Remark
[126.302s][info][gc             ] GC(167) Pause Remark 1496M->1496M(4096M) 3.329ms
[126.302s][info][gc,cpu         ] GC(167) User=0.00s Sys=0.00s Real=0.00s
[126.302s][info][gc,marking     ] GC(167) Concurrent Mark 30.575ms
[126.302s][info][gc,marking     ] GC(167) Concurrent Rebuild Remembered Sets and Scrub Regions
[126.324s][info][gc,marking     ] GC(167) Concurrent Rebuild Remembered Sets and Scrub Regions 21.713ms
[126.325s][info][gc,start       ] GC(167) Pause Cleanup
[126.325s][info][gc             ] GC(167) Pause Cleanup 1786M->1786M(4096M) 0.464ms
[126.325s][info][gc,cpu         ] GC(167) User=0.00s Sys=0.00s Real=0.00s
[126.326s][info][gc,marking     ] GC(167) Concurrent Clear Claimed Marks
[126.326s][info][gc,marking     ] GC(167) Concurrent Clear Claimed Marks 0.828ms
[126.327s][info][gc,marking     ] GC(167) Concurrent Cleanup for Next Mark
[126.342s][info][gc,marking     ] GC(167) Concurrent Cleanup for Next Mark 15.690ms
[126.343s][info][gc             ] GC(167) Concurrent Mark Cycle 74.969ms
[126.475s][info][gc,start       ] GC(168) Pause Young (Prepare Mixed) (G1 Evacuation Pause)
[126.475s][info][gc,task        ] GC(168) Using 33 workers of 33 for evacuation
[126.478s][info][gc,phases      ] GC(168)   Pre Evacuate Collection Set: 0.3ms
[126.478s][info][gc,phases      ] GC(168)   Merge Heap Roots: 1.0ms
[126.478s][info][gc,phases      ] GC(168)   Evacuate Collection Set: 1.3ms
[126.478s][info][gc,phases      ] GC(168)   Post Evacuate Collection Set: 0.9ms
[126.478s][info][gc,phases      ] GC(168)   Other: 0.1ms
[126.479s][info][gc,heap        ] GC(168) Eden regions: 1224->0(1218)
[126.479s][info][gc,heap        ] GC(168) Survivor regions: 1->4(101)
[126.479s][info][gc,heap        ] GC(168) Old regions: 47->47
[126.479s][info][gc,heap        ] GC(168) Archive regions: 0->0
[126.479s][info][gc,heap        ] GC(168) Humongous regions: 675->672
[126.479s][info][gc,metaspace   ] GC(168) Metaspace: 120134K(124992K)->120134K(124992K) NonClass: 103546K(104512K)->103546K(104512K) Class: 16588K(20480K)->16588K(20480K)
[126.479s][info][gc             ] GC(168) Pause Young (Prepare Mixed) (G1 Evacuation Pause) 3846M->1398M(4096M) 4.003ms
[126.479s][info][gc,cpu         ] GC(168) User=0.00s Sys=0.00s Real=0.00s
[126.652s][info][gc,start       ] GC(169) Pause Young (Mixed) (G1 Evacuation Pause)
[126.688s][info][gc,task        ] GC(169) Using 33 workers of 33 for evacuation
[126.692s][info][gc,phases      ] GC(169)   Pre Evacuate Collection Set: 0.4ms
[126.692s][info][gc,phases      ] GC(169)   Merge Heap Roots: 0.5ms
[126.692s][info][gc,phases      ] GC(169)   Evacuate Collection Set: 1.7ms
[126.692s][info][gc,phases      ] GC(169)   Post Evacuate Collection Set: 1.2ms
[126.692s][info][gc,phases      ] GC(169)   Other: 0.3ms
[126.692s][info][gc,heap        ] GC(169) Eden regions: 1218->0(1221)
[126.692s][info][gc,heap        ] GC(169) Survivor regions: 4->4(107)
[126.692s][info][gc,heap        ] GC(169) Old regions: 47->44
[126.692s][info][gc,heap        ] GC(169) Archive regions: 0->0
[126.692s][info][gc,heap        ] GC(169) Humongous regions: 672->672
[126.692s][info][gc,metaspace   ] GC(169) Metaspace: 120140K(124992K)->120140K(124992K) NonClass: 103552K(104512K)->103552K(104512K) Class: 16588K(20480K)->16588K(20480K)
[126.692s][info][gc             ] GC(169) Pause Young (Mixed) (G1 Evacuation Pause) 3834M->1398M(4096M) 40.600ms
[126.692s][info][gc,cpu         ] GC(169) User=0.58s Sys=0.00s Real=0.05s
[126.862s][info][gc,start       ] GC(170) Pause Young (Concurrent Start) (G1 Evacuation Pause)
[126.862s][info][gc,task        ] GC(170) Using 33 workers of 33 for evacuation
[126.866s][info][gc,phases      ] GC(170)   Pre Evacuate Collection Set: 0.5ms
[126.866s][info][gc,phases      ] GC(170)   Merge Heap Roots: 0.4ms
[126.866s][info][gc,phases      ] GC(170)   Evacuate Collection Set: 1.8ms
[126.866s][info][gc,phases      ] GC(170)   Post Evacuate Collection Set: 1.0ms
[126.866s][info][gc,phases      ] GC(170)   Other: 0.1ms
[126.866s][info][gc,heap        ] GC(170) Eden regions: 1221->0(1221)
[126.866s][info][gc,heap        ] GC(170) Survivor regions: 4->4(107)
[126.866s][info][gc,heap        ] GC(170) Old regions: 44->44
[126.866s][info][gc,heap        ] GC(170) Archive regions: 0->0
[126.866s][info][gc,heap        ] GC(170) Humongous regions: 672->672
[126.866s][info][gc,metaspace   ] GC(170) Metaspace: 120140K(124992K)->120140K(124992K) NonClass: 103552K(104512K)->103552K(104512K) Class: 16588K(20480K)->16588K(20480K)
[126.866s][info][gc             ] GC(170) Pause Young (Concurrent Start) (G1 Evacuation Pause) 3840M->1398M(4096M) 3.990ms
[126.866s][info][gc             ] GC(171) Concurrent Mark Cycle
[126.866s][info][gc,cpu         ] GC(170) User=0.00s Sys=0.00s Real=0.00s
[126.866s][info][gc,marking     ] GC(171) Concurrent Scan Root Regions
[126.891s][info][gc,marking     ] GC(171) Concurrent Scan Root Regions 24.706ms
[126.891s][info][gc,marking     ] GC(171) Concurrent Mark
[126.891s][info][gc,marking     ] GC(171) Concurrent Mark From Roots
[126.891s][info][gc,task        ] GC(171) Using 8 workers of 8 for marking
[126.942s][info][gc,marking     ] GC(171) Concurrent Mark From Roots 50.783ms
[126.943s][info][gc,marking     ] GC(171) Concurrent Preclean
[126.947s][info][gc,marking     ] GC(171) Concurrent Preclean 4.560ms
[126.948s][info][gc,start       ] GC(171) Pause Remark
[126.951s][info][gc             ] GC(171) Pause Remark 2594M->2594M(4096M) 2.708ms
[126.951s][info][gc,cpu         ] GC(171) User=0.00s Sys=0.00s Real=0.00s
[126.951s][info][gc,marking     ] GC(171) Concurrent Mark 59.907ms
[126.951s][info][gc,marking     ] GC(171) Concurrent Rebuild Remembered Sets and Scrub Regions
[126.972s][info][gc,marking     ] GC(171) Concurrent Rebuild Remembered Sets and Scrub Regions 20.181ms
[126.973s][info][gc,start       ] GC(171) Pause Cleanup
[126.973s][info][gc             ] GC(171) Pause Cleanup 2902M->2902M(4096M) 0.377ms
[126.973s][info][gc,cpu         ] GC(171) User=0.00s Sys=0.00s Real=0.00s
[126.973s][info][gc,marking     ] GC(171) Concurrent Clear Claimed Marks
[126.975s][info][gc,marking     ] GC(171) Concurrent Clear Claimed Marks 1.784ms
[126.975s][info][gc,marking     ] GC(171) Concurrent Cleanup for Next Mark
[126.994s][info][gc,marking     ] GC(171) Concurrent Cleanup for Next Mark 19.017ms
[126.995s][info][gc             ] GC(171) Concurrent Mark Cycle 128.947ms
[127.043s][info][gc,start       ] GC(172) Pause Young (Prepare Mixed) (G1 Evacuation Pause)
[127.043s][info][gc,task        ] GC(172) Using 33 workers of 33 for evacuation
[127.046s][info][gc,phases      ] GC(172)   Pre Evacuate Collection Set: 0.3ms
[127.046s][info][gc,phases      ] GC(172)   Merge Heap Roots: 1.0ms
[127.046s][info][gc,phases      ] GC(172)   Evacuate Collection Set: 1.2ms
[127.046s][info][gc,phases      ] GC(172)   Post Evacuate Collection Set: 0.9ms
[127.046s][info][gc,phases      ] GC(172)   Other: 0.2ms
[127.046s][info][gc,heap        ] GC(172) Eden regions: 1221->0(1221)
[127.046s][info][gc,heap        ] GC(172) Survivor regions: 4->4(107)
[127.046s][info][gc,heap        ] GC(172) Old regions: 44->44
[127.046s][info][gc,heap        ] GC(172) Archive regions: 0->0
[127.046s][info][gc,heap        ] GC(172) Humongous regions: 672->672
[127.046s][info][gc,metaspace   ] GC(172) Metaspace: 120140K(124992K)->120140K(124992K) NonClass: 103552K(104512K)->103552K(104512K) Class: 16588K(20480K)->16588K(20480K)
[127.046s][info][gc             ] GC(172) Pause Young (Prepare Mixed) (G1 Evacuation Pause) 3840M->1398M(4096M) 3.727ms
[127.046s][info][gc,cpu         ] GC(172) User=0.00s Sys=0.00s Real=0.00s
[127.216s][info][gc,start       ] GC(173) Pause Young (Mixed) (G1 Evacuation Pause)
[127.216s][info][gc,task        ] GC(173) Using 33 workers of 33 for evacuation
[127.219s][info][gc,phases      ] GC(173)   Pre Evacuate Collection Set: 0.3ms
[127.219s][info][gc,phases      ] GC(173)   Merge Heap Roots: 0.4ms
[127.219s][info][gc,phases      ] GC(173)   Evacuate Collection Set: 1.5ms
[127.219s][info][gc,phases      ] GC(173)   Post Evacuate Collection Set: 0.9ms
[127.219s][info][gc,phases      ] GC(173)   Other: 0.1ms
[127.219s][info][gc,heap        ] GC(173) Eden regions: 1221->0(1224)
[127.219s][info][gc,heap        ] GC(173) Survivor regions: 4->4(107)
[127.219s][info][gc,heap        ] GC(173) Old regions: 44->40
[127.219s][info][gc,heap        ] GC(173) Archive regions: 0->0
[127.219s][info][gc,heap        ] GC(173) Humongous regions: 672->672
[127.219s][info][gc,metaspace   ] GC(173) Metaspace: 120140K(124992K)->120140K(124992K) NonClass: 103552K(104512K)->103552K(104512K) Class: 16588K(20480K)->16588K(20480K)
[127.219s][info][gc             ] GC(173) Pause Young (Mixed) (G1 Evacuation Pause) 3840M->1398M(4096M) 3.489ms
[127.219s][info][gc,cpu         ] GC(173) User=0.00s Sys=0.00s Real=0.00s
[127.387s][info][gc,start       ] GC(174) Pause Young (Concurrent Start) (G1 Evacuation Pause)
[127.388s][info][gc,task        ] GC(174) Using 33 workers of 33 for evacuation
[127.391s][info][gc,phases      ] GC(174)   Pre Evacuate Collection Set: 0.5ms
[127.391s][info][gc,phases      ] GC(174)   Merge Heap Roots: 0.4ms
[127.391s][info][gc,phases      ] GC(174)   Evacuate Collection Set: 1.7ms
[127.391s][info][gc,phases      ] GC(174)   Post Evacuate Collection Set: 0.9ms
[127.391s][info][gc,phases      ] GC(174)   Other: 0.1ms
[127.391s][info][gc,heap        ] GC(174) Eden regions: 1224->0(1224)
[127.391s][info][gc,heap        ] GC(174) Survivor regions: 4->4(108)
[127.391s][info][gc,heap        ] GC(174) Old regions: 40->40
[127.391s][info][gc,heap        ] GC(174) Archive regions: 0->0
[127.391s][info][gc,heap        ] GC(174) Humongous regions: 672->672
[127.391s][info][gc,metaspace   ] GC(174) Metaspace: 120140K(124992K)->120140K(124992K) NonClass: 103552K(104512K)->103552K(104512K) Class: 16588K(20480K)->16588K(20480K)
[127.391s][info][gc             ] GC(174) Pause Young (Concurrent Start) (G1 Evacuation Pause) 3846M->1398M(4096M) 3.820ms
[127.391s][info][gc             ] GC(175) Concurrent Mark Cycle
[127.391s][info][gc,cpu         ] GC(174) User=0.00s Sys=0.00s Real=0.00s
[127.391s][info][gc,marking     ] GC(175) Concurrent Scan Root Regions
[127.414s][info][gc,marking     ] GC(175) Concurrent Scan Root Regions 22.785ms
[127.415s][info][gc,marking     ] GC(175) Concurrent Mark
[127.415s][info][gc,marking     ] GC(175) Concurrent Mark From Roots
[127.415s][info][gc,task        ] GC(175) Using 8 workers of 8 for marking
[127.462s][info][gc,marking     ] GC(175) Concurrent Mark From Roots 47.281ms
[127.462s][info][gc,marking     ] GC(175) Concurrent Preclean
[127.463s][info][gc,marking     ] GC(175) Concurrent Preclean 1.297ms
[127.464s][info][gc,start       ] GC(175) Pause Remark
[127.466s][info][gc             ] GC(175) Pause Remark 2390M->2390M(4096M) 2.646ms
[127.466s][info][gc,cpu         ] GC(175) User=0.00s Sys=0.00s Real=0.00s
[127.466s][info][gc,marking     ] GC(175) Concurrent Mark 51.791ms
[127.466s][info][gc,marking     ] GC(175) Concurrent Rebuild Remembered Sets and Scrub Regions
[127.476s][info][gc,marking     ] GC(175) Concurrent Rebuild Remembered Sets and Scrub Regions 9.161ms
[127.476s][info][gc,start       ] GC(175) Pause Cleanup
[127.476s][info][gc             ] GC(175) Pause Cleanup 2502M->2502M(4096M) 0.348ms
[127.476s][info][gc,cpu         ] GC(175) User=0.00s Sys=0.00s Real=0.00s
[127.476s][info][gc,marking     ] GC(175) Concurrent Clear Claimed Marks
[127.477s][info][gc,marking     ] GC(175) Concurrent Clear Claimed Marks 0.260ms
[127.477s][info][gc,marking     ] GC(175) Concurrent Cleanup for Next Mark
[127.483s][info][gc,marking     ] GC(175) Concurrent Cleanup for Next Mark 6.358ms
[127.483s][info][gc             ] GC(175) Concurrent Mark Cycle 91.706ms
[128.085s][info][gc,start       ] GC(176) Pause Full (System.gc())
[128.086s][info][gc,task        ] GC(176) Using 33 workers of 33 for full compaction
[128.087s][info][gc,phases,start] GC(176) Phase 1: Mark live objects
[128.130s][info][gc,phases      ] GC(176) Phase 1: Mark live objects 42.621ms
[128.130s][info][gc,phases,start] GC(176) Phase 2: Prepare compaction
[128.134s][info][gc,phases      ] GC(176) Phase 2: Prepare compaction 3.820ms
[128.134s][info][gc,phases,start] GC(176) Phase 3: Adjust pointers
[128.145s][info][gc,phases      ] GC(176) Phase 3: Adjust pointers 11.206ms
[128.145s][info][gc,phases,start] GC(176) Phase 4: Compact heap
[128.147s][info][gc,phases      ] GC(176) Phase 4: Compact heap 1.723ms
[128.163s][info][gc,heap        ] GC(176) Eden regions: 639->0(1225)
[128.163s][info][gc,heap        ] GC(176) Survivor regions: 4->0(108)
[128.163s][info][gc,heap        ] GC(176) Old regions: 40->48
[128.163s][info][gc,heap        ] GC(176) Archive regions: 0->0
[128.163s][info][gc,heap        ] GC(176) Humongous regions: 675->672
[128.163s][info][gc,metaspace   ] GC(176) Metaspace: 120236K(125056K)->120236K(125056K) NonClass: 103646K(104576K)->103646K(104576K) Class: 16590K(20480K)->16590K(20480K)
[128.163s][info][gc             ] GC(176) Pause Full (System.gc()) 2680M->1391M(4096M) 77.595ms
[128.163s][info][gc,cpu         ] GC(176) User=1.38s Sys=0.03s Real=0.08s
[128.233s][info][gc,start       ] GC(177) Pause Young (Concurrent Start) (G1 Humongous Allocation)
[128.233s][info][gc,task        ] GC(177) Using 33 workers of 33 for evacuation
[128.236s][info][gc,phases      ] GC(177)   Pre Evacuate Collection Set: 0.6ms
[128.236s][info][gc,phases      ] GC(177)   Merge Heap Roots: 0.1ms
[128.236s][info][gc,phases      ] GC(177)   Evacuate Collection Set: 1.9ms
[128.236s][info][gc,phases      ] GC(177)   Post Evacuate Collection Set: 0.9ms
[128.237s][info][gc,phases      ] GC(177)   Other: 0.1ms
[128.237s][info][gc,heap        ] GC(177) Eden regions: 6->0(1223)
[128.237s][info][gc,heap        ] GC(177) Survivor regions: 0->1(154)
[128.237s][info][gc,heap        ] GC(177) Old regions: 48->48
[128.237s][info][gc,heap        ] GC(177) Archive regions: 0->0
[128.237s][info][gc,heap        ] GC(177) Humongous regions: 672->672
[128.237s][info][gc,metaspace   ] GC(177) Metaspace: 120350K(125120K)->120350K(125120K) NonClass: 103760K(104640K)->103760K(104640K) Class: 16590K(20480K)->16590K(20480K)
[128.237s][info][gc             ] GC(177) Pause Young (Concurrent Start) (G1 Humongous Allocation) 1403M->1392M(4096M) 4.103ms
[128.237s][info][gc             ] GC(178) Concurrent Mark Cycle
[128.237s][info][gc,cpu         ] GC(177) User=0.00s Sys=0.00s Real=0.00s
[128.237s][info][gc,marking     ] GC(178) Concurrent Scan Root Regions
[128.240s][info][gc,marking     ] GC(178) Concurrent Scan Root Regions 2.789ms
[128.240s][info][gc,marking     ] GC(178) Concurrent Mark
[128.240s][info][gc,marking     ] GC(178) Concurrent Mark From Roots
[128.240s][info][gc,task        ] GC(178) Using 8 workers of 8 for marking
[128.268s][info][gc,marking     ] GC(178) Concurrent Mark From Roots 28.360ms
[128.268s][info][gc,marking     ] GC(178) Concurrent Preclean
[128.271s][info][gc,marking     ] GC(178) Concurrent Preclean 2.636ms
[128.272s][info][gc,start       ] GC(178) Pause Remark
[128.275s][info][gc             ] GC(178) Pause Remark 1568M->1568M(4096M) 3.246ms
[128.275s][info][gc,cpu         ] GC(178) User=0.00s Sys=0.00s Real=0.00s
[128.276s][info][gc,marking     ] GC(178) Concurrent Mark 35.733ms
[128.276s][info][gc,marking     ] GC(178) Concurrent Rebuild Remembered Sets and Scrub Regions
[128.294s][info][gc,marking     ] GC(178) Concurrent Rebuild Remembered Sets and Scrub Regions 18.206ms
[128.294s][info][gc,start       ] GC(178) Pause Cleanup
[128.295s][info][gc             ] GC(178) Pause Cleanup 1814M->1814M(4096M) 0.483ms
[128.295s][info][gc,cpu         ] GC(178) User=0.00s Sys=0.00s Real=0.00s
[128.295s][info][gc,marking     ] GC(178) Concurrent Clear Claimed Marks
[128.296s][info][gc,marking     ] GC(178) Concurrent Clear Claimed Marks 0.769ms
[128.296s][info][gc,marking     ] GC(178) Concurrent Cleanup for Next Mark
[128.311s][info][gc,marking     ] GC(178) Concurrent Cleanup for Next Mark 15.096ms
[128.312s][info][gc             ] GC(178) Concurrent Mark Cycle 75.010ms
[128.441s][info][gc,start       ] GC(179) Pause Young (Prepare Mixed) (G1 Evacuation Pause)
[128.441s][info][gc,task        ] GC(179) Using 33 workers of 33 for evacuation
[128.445s][info][gc,phases      ] GC(179)   Pre Evacuate Collection Set: 0.3ms
[128.445s][info][gc,phases      ] GC(179)   Merge Heap Roots: 1.1ms
[128.445s][info][gc,phases      ] GC(179)   Evacuate Collection Set: 1.4ms
[128.445s][info][gc,phases      ] GC(179)   Post Evacuate Collection Set: 1.0ms
[128.445s][info][gc,phases      ] GC(179)   Other: 0.2ms
[128.445s][info][gc,heap        ] GC(179) Eden regions: 1223->0(1217)
[128.445s][info][gc,heap        ] GC(179) Survivor regions: 1->4(101)
[128.445s][info][gc,heap        ] GC(179) Old regions: 48->48
[128.445s][info][gc,heap        ] GC(179) Archive regions: 0->0
[128.445s][info][gc,heap        ] GC(179) Humongous regions: 675->672
[128.445s][info][gc,metaspace   ] GC(179) Metaspace: 120462K(125248K)->120462K(125248K) NonClass: 103872K(104768K)->103872K(104768K) Class: 16590K(20480K)->16590K(20480K)
[128.445s][info][gc             ] GC(179) Pause Young (Prepare Mixed) (G1 Evacuation Pause) 3844M->1398M(4096M) 4.220ms
[128.445s][info][gc,cpu         ] GC(179) User=0.50s Sys=0.00s Real=0.02s
[128.614s][info][gc,start       ] GC(180) Pause Young (Mixed) (G1 Evacuation Pause)
[128.614s][info][gc,task        ] GC(180) Using 33 workers of 33 for evacuation
[128.617s][info][gc,phases      ] GC(180)   Pre Evacuate Collection Set: 0.3ms
[128.617s][info][gc,phases      ] GC(180)   Merge Heap Roots: 0.4ms
[128.617s][info][gc,phases      ] GC(180)   Evacuate Collection Set: 1.5ms
[128.617s][info][gc,phases      ] GC(180)   Post Evacuate Collection Set: 0.9ms
[128.617s][info][gc,phases      ] GC(180)   Other: 0.2ms
[128.617s][info][gc,heap        ] GC(180) Eden regions: 1217->0(1220)
[128.617s][info][gc,heap        ] GC(180) Survivor regions: 4->4(107)
[128.617s][info][gc,heap        ] GC(180) Old regions: 48->45
[128.617s][info][gc,heap        ] GC(180) Archive regions: 0->0
[128.617s][info][gc,heap        ] GC(180) Humongous regions: 672->672
[128.617s][info][gc,metaspace   ] GC(180) Metaspace: 120462K(125248K)->120462K(125248K) NonClass: 103872K(104768K)->103872K(104768K) Class: 16590K(20480K)->16590K(20480K)
[128.617s][info][gc             ] GC(180) Pause Young (Mixed) (G1 Evacuation Pause) 3832M->1398M(4096M) 3.488ms
[128.617s][info][gc,cpu         ] GC(180) User=0.52s Sys=0.00s Real=0.02s
[128.786s][info][gc,start       ] GC(181) Pause Young (Concurrent Start) (G1 Evacuation Pause)
[128.786s][info][gc,task        ] GC(181) Using 33 workers of 33 for evacuation
[128.790s][info][gc,phases      ] GC(181)   Pre Evacuate Collection Set: 0.5ms
[128.790s][info][gc,phases      ] GC(181)   Merge Heap Roots: 0.4ms
[128.790s][info][gc,phases      ] GC(181)   Evacuate Collection Set: 2.1ms
[128.790s][info][gc,phases      ] GC(181)   Post Evacuate Collection Set: 0.9ms
[128.790s][info][gc,phases      ] GC(181)   Other: 0.1ms
[128.790s][info][gc,heap        ] GC(181) Eden regions: 1220->0(1220)
[128.790s][info][gc,heap        ] GC(181) Survivor regions: 4->4(107)
[128.790s][info][gc,heap        ] GC(181) Old regions: 45->45
[128.790s][info][gc,heap        ] GC(181) Archive regions: 0->0
[128.790s][info][gc,heap        ] GC(181) Humongous regions: 672->672
[128.790s][info][gc,metaspace   ] GC(181) Metaspace: 120462K(125248K)->120462K(125248K) NonClass: 103872K(104768K)->103872K(104768K) Class: 16590K(20480K)->16590K(20480K)
[128.790s][info][gc             ] GC(181) Pause Young (Concurrent Start) (G1 Evacuation Pause) 3838M->1398M(4096M) 4.291ms
[128.790s][info][gc             ] GC(182) Concurrent Mark Cycle
[128.790s][info][gc,cpu         ] GC(181) User=0.02s Sys=0.36s Real=0.01s
[128.790s][info][gc,marking     ] GC(182) Concurrent Scan Root Regions
[128.810s][info][gc,marking     ] GC(182) Concurrent Scan Root Regions 20.143ms
[128.811s][info][gc,marking     ] GC(182) Concurrent Mark
[128.811s][info][gc,marking     ] GC(182) Concurrent Mark From Roots
[128.811s][info][gc,task        ] GC(182) Using 8 workers of 8 for marking
[128.871s][info][gc,marking     ] GC(182) Concurrent Mark From Roots 60.235ms
[128.872s][info][gc,marking     ] GC(182) Concurrent Preclean
[128.876s][info][gc,marking     ] GC(182) Concurrent Preclean 4.532ms
[128.877s][info][gc,start       ] GC(182) Pause Remark
[128.880s][info][gc             ] GC(182) Pause Remark 2658M->2658M(4096M) 2.859ms
[128.880s][info][gc,cpu         ] GC(182) User=0.00s Sys=0.00s Real=0.00s
[128.880s][info][gc,marking     ] GC(182) Concurrent Mark 69.337ms
[128.881s][info][gc,marking     ] GC(182) Concurrent Rebuild Remembered Sets and Scrub Regions
[128.903s][info][gc,marking     ] GC(182) Concurrent Rebuild Remembered Sets and Scrub Regions 21.914ms
[128.904s][info][gc,start       ] GC(182) Pause Cleanup
[128.904s][info][gc             ] GC(182) Pause Cleanup 2990M->2990M(4096M) 0.329ms
[128.904s][info][gc,cpu         ] GC(182) User=0.00s Sys=0.00s Real=0.00s
[128.904s][info][gc,marking     ] GC(182) Concurrent Clear Claimed Marks
[128.906s][info][gc,marking     ] GC(182) Concurrent Clear Claimed Marks 1.682ms
[128.906s][info][gc,marking     ] GC(182) Concurrent Cleanup for Next Mark
[128.925s][info][gc,marking     ] GC(182) Concurrent Cleanup for Next Mark 19.195ms
[128.926s][info][gc             ] GC(182) Concurrent Mark Cycle 135.738ms
[128.967s][info][gc,start       ] GC(183) Pause Young (Prepare Mixed) (G1 Evacuation Pause)
[128.967s][info][gc,task        ] GC(183) Using 33 workers of 33 for evacuation
[128.971s][info][gc,phases      ] GC(183)   Pre Evacuate Collection Set: 0.3ms
[128.971s][info][gc,phases      ] GC(183)   Merge Heap Roots: 1.0ms
[128.971s][info][gc,phases      ] GC(183)   Evacuate Collection Set: 1.2ms
[128.971s][info][gc,phases      ] GC(183)   Post Evacuate Collection Set: 0.9ms
[128.971s][info][gc,phases      ] GC(183)   Other: 0.2ms
[128.971s][info][gc,heap        ] GC(183) Eden regions: 1220->0(1220)
[128.971s][info][gc,heap        ] GC(183) Survivor regions: 4->4(107)
[128.971s][info][gc,heap        ] GC(183) Old regions: 45->45
[128.971s][info][gc,heap        ] GC(183) Archive regions: 0->0
[128.971s][info][gc,heap        ] GC(183) Humongous regions: 672->672
[128.971s][info][gc,metaspace   ] GC(183) Metaspace: 120462K(125248K)->120462K(125248K) NonClass: 103872K(104768K)->103872K(104768K) Class: 16590K(20480K)->16590K(20480K)
[128.971s][info][gc             ] GC(183) Pause Young (Prepare Mixed) (G1 Evacuation Pause) 3838M->1399M(4096M) 3.741ms
[128.971s][info][gc,cpu         ] GC(183) User=0.00s Sys=0.00s Real=0.00s
[129.139s][info][gc,start       ] GC(184) Pause Young (Mixed) (G1 Evacuation Pause)
[129.139s][info][gc,task        ] GC(184) Using 33 workers of 33 for evacuation
[129.142s][info][gc,phases      ] GC(184)   Pre Evacuate Collection Set: 0.3ms
[129.142s][info][gc,phases      ] GC(184)   Merge Heap Roots: 0.4ms
[129.142s][info][gc,phases      ] GC(184)   Evacuate Collection Set: 1.4ms
[129.142s][info][gc,phases      ] GC(184)   Post Evacuate Collection Set: 0.9ms
[129.143s][info][gc,phases      ] GC(184)   Other: 0.1ms
[129.143s][info][gc,heap        ] GC(184) Eden regions: 1220->0(1224)
[129.143s][info][gc,heap        ] GC(184) Survivor regions: 4->4(107)
[129.143s][info][gc,heap        ] GC(184) Old regions: 45->41
[129.143s][info][gc,heap        ] GC(184) Archive regions: 0->0
[129.143s][info][gc,heap        ] GC(184) Humongous regions: 672->672
[129.143s][info][gc,metaspace   ] GC(184) Metaspace: 120464K(125248K)->120464K(125248K) NonClass: 103873K(104768K)->103873K(104768K) Class: 16590K(20480K)->16590K(20480K)
[129.143s][info][gc             ] GC(184) Pause Young (Mixed) (G1 Evacuation Pause) 3839M->1399M(4096M) 3.432ms
[129.143s][info][gc,cpu         ] GC(184) User=0.00s Sys=0.00s Real=0.00s
[129.313s][info][gc,start       ] GC(185) Pause Young (Concurrent Start) (G1 Evacuation Pause)
[129.313s][info][gc,task        ] GC(185) Using 33 workers of 33 for evacuation
[129.317s][info][gc,phases      ] GC(185)   Pre Evacuate Collection Set: 0.5ms
[129.317s][info][gc,phases      ] GC(185)   Merge Heap Roots: 0.4ms
[129.317s][info][gc,phases      ] GC(185)   Evacuate Collection Set: 1.9ms
[129.317s][info][gc,phases      ] GC(185)   Post Evacuate Collection Set: 0.9ms
[129.317s][info][gc,phases      ] GC(185)   Other: 0.1ms
[129.317s][info][gc,heap        ] GC(185) Eden regions: 1224->0(1224)
[129.317s][info][gc,heap        ] GC(185) Survivor regions: 4->4(107)
[129.317s][info][gc,heap        ] GC(185) Old regions: 41->41
[129.317s][info][gc,heap        ] GC(185) Archive regions: 0->0
[129.317s][info][gc,heap        ] GC(185) Humongous regions: 672->672
[129.317s][info][gc,metaspace   ] GC(185) Metaspace: 120464K(125248K)->120464K(125248K) NonClass: 103873K(104768K)->103873K(104768K) Class: 16590K(20480K)->16590K(20480K)
[129.317s][info][gc             ] GC(185) Pause Young (Concurrent Start) (G1 Evacuation Pause) 3847M->1399M(4096M) 4.123ms
[129.317s][info][gc             ] GC(186) Concurrent Mark Cycle
[129.317s][info][gc,cpu         ] GC(185) User=0.00s Sys=0.00s Real=0.00s
[129.317s][info][gc,marking     ] GC(186) Concurrent Scan Root Regions
[129.336s][info][gc,marking     ] GC(186) Concurrent Scan Root Regions 18.870ms
[129.336s][info][gc,marking     ] GC(186) Concurrent Mark
[129.336s][info][gc,marking     ] GC(186) Concurrent Mark From Roots
[129.336s][info][gc,task        ] GC(186) Using 8 workers of 8 for marking
[129.381s][info][gc,marking     ] GC(186) Concurrent Mark From Roots 45.002ms
[129.381s][info][gc,marking     ] GC(186) Concurrent Preclean
[129.383s][info][gc,marking     ] GC(186) Concurrent Preclean 2.053ms
[129.384s][info][gc,start       ] GC(186) Pause Remark
[129.386s][info][gc             ] GC(186) Pause Remark 2299M->2299M(4096M) 2.803ms
[129.386s][info][gc,cpu         ] GC(186) User=0.00s Sys=0.00s Real=0.00s
[129.387s][info][gc,marking     ] GC(186) Concurrent Mark 50.539ms
[129.387s][info][gc,marking     ] GC(186) Concurrent Rebuild Remembered Sets and Scrub Regions
[129.402s][info][gc,marking     ] GC(186) Concurrent Rebuild Remembered Sets and Scrub Regions 15.613ms
[129.403s][info][gc,start       ] GC(186) Pause Cleanup
[129.403s][info][gc             ] GC(186) Pause Cleanup 2491M->2491M(4096M) 0.321ms
[129.403s][info][gc,cpu         ] GC(186) User=0.00s Sys=0.00s Real=0.00s
[129.403s][info][gc,marking     ] GC(186) Concurrent Clear Claimed Marks
[129.403s][info][gc,marking     ] GC(186) Concurrent Clear Claimed Marks 0.186ms
[129.403s][info][gc,marking     ] GC(186) Concurrent Cleanup for Next Mark
[129.410s][info][gc,marking     ] GC(186) Concurrent Cleanup for Next Mark 6.873ms
[129.410s][info][gc             ] GC(186) Concurrent Mark Cycle 93.426ms
[129.987s][info][gc,start       ] GC(187) Pause Full (System.gc())
[129.987s][info][gc,task        ] GC(187) Using 33 workers of 33 for full compaction
[129.989s][info][gc,phases,start] GC(187) Phase 1: Mark live objects
[130.029s][info][gc,phases      ] GC(187) Phase 1: Mark live objects 39.840ms
[130.029s][info][gc,phases,start] GC(187) Phase 2: Prepare compaction
[130.033s][info][gc,phases      ] GC(187) Phase 2: Prepare compaction 3.927ms
[130.033s][info][gc,phases,start] GC(187) Phase 3: Adjust pointers
[130.043s][info][gc,phases      ] GC(187) Phase 3: Adjust pointers 10.014ms
[130.043s][info][gc,phases,start] GC(187) Phase 4: Compact heap
[130.044s][info][gc,phases      ] GC(187) Phase 4: Compact heap 1.508ms
[130.059s][info][gc,heap        ] GC(187) Eden regions: 649->0(1224)
[130.059s][info][gc,heap        ] GC(187) Survivor regions: 4->0(107)
[130.060s][info][gc,heap        ] GC(187) Old regions: 41->49
[130.060s][info][gc,heap        ] GC(187) Archive regions: 0->0
[130.060s][info][gc,heap        ] GC(187) Humongous regions: 675->672
[130.060s][info][gc,metaspace   ] GC(187) Metaspace: 120538K(125248K)->120538K(125248K) NonClass: 103947K(104768K)->103947K(104768K) Class: 16591K(20480K)->16591K(20480K)
[130.060s][info][gc             ] GC(187) Pause Full (System.gc()) 2701M->1391M(4096M) 72.562ms
[130.060s][info][gc,cpu         ] GC(187) User=2.06s Sys=0.00s Real=0.06s
[130.136s][info][gc,start       ] GC(188) Pause Young (Concurrent Start) (G1 Humongous Allocation)
[130.136s][info][gc,task        ] GC(188) Using 33 workers of 33 for evacuation
[130.140s][info][gc,phases      ] GC(188)   Pre Evacuate Collection Set: 0.5ms
[130.140s][info][gc,phases      ] GC(188)   Merge Heap Roots: 0.1ms
[130.140s][info][gc,phases      ] GC(188)   Evacuate Collection Set: 2.0ms
[130.140s][info][gc,phases      ] GC(188)   Post Evacuate Collection Set: 1.0ms
[130.140s][info][gc,phases      ] GC(188)   Other: 0.1ms
[130.140s][info][gc,heap        ] GC(188) Eden regions: 6->0(1222)
[130.140s][info][gc,heap        ] GC(188) Survivor regions: 0->1(153)
[130.140s][info][gc,heap        ] GC(188) Old regions: 49->49
[130.140s][info][gc,heap        ] GC(188) Archive regions: 0->0
[130.140s][info][gc,heap        ] GC(188) Humongous regions: 672->672
[130.140s][info][gc,metaspace   ] GC(188) Metaspace: 120603K(125312K)->120603K(125312K) NonClass: 104011K(104832K)->104011K(104832K) Class: 16591K(20480K)->16591K(20480K)
[130.140s][info][gc             ] GC(188) Pause Young (Concurrent Start) (G1 Humongous Allocation) 1403M->1392M(4096M) 4.294ms
[130.140s][info][gc             ] GC(189) Concurrent Mark Cycle
[130.141s][info][gc,cpu         ] GC(188) User=0.02s Sys=0.00s Real=0.02s
[130.141s][info][gc,marking     ] GC(189) Concurrent Scan Root Regions
[130.143s][info][gc,marking     ] GC(189) Concurrent Scan Root Regions 2.409ms
[130.143s][info][gc,marking     ] GC(189) Concurrent Mark
[130.143s][info][gc,marking     ] GC(189) Concurrent Mark From Roots
[130.143s][info][gc,task        ] GC(189) Using 8 workers of 8 for marking
[130.169s][info][gc,marking     ] GC(189) Concurrent Mark From Roots 25.866ms
[130.169s][info][gc,marking     ] GC(189) Concurrent Preclean
[130.170s][info][gc,marking     ] GC(189) Concurrent Preclean 0.609ms
[130.170s][info][gc,start       ] GC(189) Pause Remark
[130.174s][info][gc             ] GC(189) Pause Remark 1481M->1481M(4096M) 3.761ms
[130.174s][info][gc,cpu         ] GC(189) User=0.00s Sys=0.00s Real=0.00s
[130.175s][info][gc,marking     ] GC(189) Concurrent Mark 31.667ms
[130.175s][info][gc,marking     ] GC(189) Concurrent Rebuild Remembered Sets and Scrub Regions
[130.191s][info][gc,marking     ] GC(189) Concurrent Rebuild Remembered Sets and Scrub Regions 16.398ms
[130.192s][info][gc,start       ] GC(189) Pause Cleanup
[130.192s][info][gc             ] GC(189) Pause Cleanup 1710M->1710M(4096M) 0.456ms
[130.193s][info][gc,cpu         ] GC(189) User=0.00s Sys=0.00s Real=0.00s
[130.193s][info][gc,marking     ] GC(189) Concurrent Clear Claimed Marks
[130.194s][info][gc,marking     ] GC(189) Concurrent Clear Claimed Marks 1.077ms
[130.194s][info][gc,marking     ] GC(189) Concurrent Cleanup for Next Mark
[130.207s][info][gc,marking     ] GC(189) Concurrent Cleanup for Next Mark 13.277ms
[130.208s][info][gc             ] GC(189) Concurrent Mark Cycle 67.409ms
[130.347s][info][gc,start       ] GC(190) Pause Young (Prepare Mixed) (G1 Evacuation Pause)
[130.347s][info][gc,task        ] GC(190) Using 33 workers of 33 for evacuation
[130.351s][info][gc,phases      ] GC(190)   Pre Evacuate Collection Set: 0.3ms
[130.351s][info][gc,phases      ] GC(190)   Merge Heap Roots: 1.0ms
[130.351s][info][gc,phases      ] GC(190)   Evacuate Collection Set: 1.4ms
[130.351s][info][gc,phases      ] GC(190)   Post Evacuate Collection Set: 1.0ms
[130.351s][info][gc,phases      ] GC(190)   Other: 0.2ms
[130.351s][info][gc,heap        ] GC(190) Eden regions: 1222->0(1216)
[130.351s][info][gc,heap        ] GC(190) Survivor regions: 1->4(101)
[130.351s][info][gc,heap        ] GC(190) Old regions: 49->49
[130.351s][info][gc,heap        ] GC(190) Archive regions: 0->0
[130.351s][info][gc,heap        ] GC(190) Humongous regions: 675->672
[130.351s][info][gc,metaspace   ] GC(190) Metaspace: 120703K(125376K)->120703K(125376K) NonClass: 104112K(104896K)->104112K(104896K) Class: 16591K(20480K)->16591K(20480K)
[130.351s][info][gc             ] GC(190) Pause Young (Prepare Mixed) (G1 Evacuation Pause) 3842M->1398M(4096M) 4.113ms
[130.351s][info][gc,cpu         ] GC(190) User=0.05s Sys=0.00s Real=0.02s
[130.521s][info][gc,start       ] GC(191) Pause Young (Mixed) (G1 Evacuation Pause)
[130.521s][info][gc,task        ] GC(191) Using 33 workers of 33 for evacuation
[130.524s][info][gc,phases      ] GC(191)   Pre Evacuate Collection Set: 0.3ms
[130.524s][info][gc,phases      ] GC(191)   Merge Heap Roots: 0.4ms
[130.524s][info][gc,phases      ] GC(191)   Evacuate Collection Set: 1.6ms
[130.524s][info][gc,phases      ] GC(191)   Post Evacuate Collection Set: 0.9ms
[130.524s][info][gc,phases      ] GC(191)   Other: 0.2ms
[130.524s][info][gc,heap        ] GC(191) Eden regions: 1216->0(1219)
[130.524s][info][gc,heap        ] GC(191) Survivor regions: 4->4(107)
[130.524s][info][gc,heap        ] GC(191) Old regions: 49->46
[130.525s][info][gc,heap        ] GC(191) Archive regions: 0->0
[130.525s][info][gc,heap        ] GC(191) Humongous regions: 672->672
[130.525s][info][gc,metaspace   ] GC(191) Metaspace: 120703K(125376K)->120703K(125376K) NonClass: 104112K(104896K)->104112K(104896K) Class: 16591K(20480K)->16591K(20480K)
[130.525s][info][gc             ] GC(191) Pause Young (Mixed) (G1 Evacuation Pause) 3830M->1398M(4096M) 3.638ms
[130.525s][info][gc,cpu         ] GC(191) User=0.00s Sys=0.00s Real=0.00s
[130.695s][info][gc,start       ] GC(192) Pause Young (Concurrent Start) (G1 Evacuation Pause)
[130.695s][info][gc,task        ] GC(192) Using 33 workers of 33 for evacuation
[130.699s][info][gc,phases      ] GC(192)   Pre Evacuate Collection Set: 0.5ms
[130.699s][info][gc,phases      ] GC(192)   Merge Heap Roots: 0.4ms
[130.699s][info][gc,phases      ] GC(192)   Evacuate Collection Set: 1.8ms
[130.699s][info][gc,phases      ] GC(192)   Post Evacuate Collection Set: 0.9ms
[130.699s][info][gc,phases      ] GC(192)   Other: 0.1ms
[130.699s][info][gc,heap        ] GC(192) Eden regions: 1219->0(1219)
[130.699s][info][gc,heap        ] GC(192) Survivor regions: 4->4(107)
[130.699s][info][gc,heap        ] GC(192) Old regions: 46->46
[130.699s][info][gc,heap        ] GC(192) Archive regions: 0->0
[130.699s][info][gc,heap        ] GC(192) Humongous regions: 672->672
[130.699s][info][gc,metaspace   ] GC(192) Metaspace: 120703K(125376K)->120703K(125376K) NonClass: 104112K(104896K)->104112K(104896K) Class: 16591K(20480K)->16591K(20480K)
[130.699s][info][gc             ] GC(192) Pause Young (Concurrent Start) (G1 Evacuation Pause) 3836M->1398M(4096M) 3.948ms
[130.699s][info][gc             ] GC(193) Concurrent Mark Cycle
[130.699s][info][gc,cpu         ] GC(192) User=0.00s Sys=0.00s Real=0.00s
[130.699s][info][gc,marking     ] GC(193) Concurrent Scan Root Regions
[130.723s][info][gc,marking     ] GC(193) Concurrent Scan Root Regions 24.199ms
[130.724s][info][gc,marking     ] GC(193) Concurrent Mark
[130.724s][info][gc,marking     ] GC(193) Concurrent Mark From Roots
[130.724s][info][gc,task        ] GC(193) Using 8 workers of 8 for marking
[130.772s][info][gc,marking     ] GC(193) Concurrent Mark From Roots 48.501ms
[130.772s][info][gc,marking     ] GC(193) Concurrent Preclean
[130.777s][info][gc,marking     ] GC(193) Concurrent Preclean 4.385ms
[130.778s][info][gc,start       ] GC(193) Pause Remark
[130.781s][info][gc             ] GC(193) Pause Remark 2530M->2530M(4096M) 3.085ms
[130.781s][info][gc,cpu         ] GC(193) User=0.00s Sys=0.00s Real=0.00s
[130.781s][info][gc,marking     ] GC(193) Concurrent Mark 57.714ms
[130.781s][info][gc,marking     ] GC(193) Concurrent Rebuild Remembered Sets and Scrub Regions
[130.804s][info][gc,marking     ] GC(193) Concurrent Rebuild Remembered Sets and Scrub Regions 22.044ms
[130.805s][info][gc,start       ] GC(193) Pause Cleanup
[130.805s][info][gc             ] GC(193) Pause Cleanup 2866M->2866M(4096M) 0.295ms
[130.805s][info][gc,cpu         ] GC(193) User=0.00s Sys=0.00s Real=0.00s
[130.805s][info][gc,marking     ] GC(193) Concurrent Clear Claimed Marks
[130.806s][info][gc,marking     ] GC(193) Concurrent Clear Claimed Marks 0.892ms
[130.806s][info][gc,marking     ] GC(193) Concurrent Cleanup for Next Mark
[130.823s][info][gc,marking     ] GC(193) Concurrent Cleanup for Next Mark 16.730ms
[130.824s][info][gc             ] GC(193) Concurrent Mark Cycle 124.620ms
[130.877s][info][gc,start       ] GC(194) Pause Young (Prepare Mixed) (G1 Evacuation Pause)
[130.878s][info][gc,task        ] GC(194) Using 33 workers of 33 for evacuation
[130.881s][info][gc,phases      ] GC(194)   Pre Evacuate Collection Set: 0.3ms
[130.881s][info][gc,phases      ] GC(194)   Merge Heap Roots: 0.9ms
[130.881s][info][gc,phases      ] GC(194)   Evacuate Collection Set: 1.3ms
[130.881s][info][gc,phases      ] GC(194)   Post Evacuate Collection Set: 1.0ms
[130.881s][info][gc,phases      ] GC(194)   Other: 0.2ms
[130.881s][info][gc,heap        ] GC(194) Eden regions: 1219->0(1219)
[130.881s][info][gc,heap        ] GC(194) Survivor regions: 4->4(107)
[130.881s][info][gc,heap        ] GC(194) Old regions: 46->46
[130.881s][info][gc,heap        ] GC(194) Archive regions: 0->0
[130.881s][info][gc,heap        ] GC(194) Humongous regions: 672->672
[130.881s][info][gc,metaspace   ] GC(194) Metaspace: 120703K(125376K)->120703K(125376K) NonClass: 104112K(104896K)->104112K(104896K) Class: 16591K(20480K)->16591K(20480K)
[130.881s][info][gc             ] GC(194) Pause Young (Prepare Mixed) (G1 Evacuation Pause) 3836M->1399M(4096M) 3.855ms
[130.881s][info][gc,cpu         ] GC(194) User=0.53s Sys=0.00s Real=0.01s
[131.050s][info][gc,start       ] GC(195) Pause Young (Mixed) (G1 Evacuation Pause)
[131.050s][info][gc,task        ] GC(195) Using 33 workers of 33 for evacuation
[131.053s][info][gc,phases      ] GC(195)   Pre Evacuate Collection Set: 0.3ms
[131.053s][info][gc,phases      ] GC(195)   Merge Heap Roots: 0.4ms
[131.053s][info][gc,phases      ] GC(195)   Evacuate Collection Set: 1.5ms
[131.053s][info][gc,phases      ] GC(195)   Post Evacuate Collection Set: 0.9ms
[131.053s][info][gc,phases      ] GC(195)   Other: 0.2ms
[131.054s][info][gc,heap        ] GC(195) Eden regions: 1219->0(1223)
[131.054s][info][gc,heap        ] GC(195) Survivor regions: 4->4(107)
[131.054s][info][gc,heap        ] GC(195) Old regions: 46->42
[131.054s][info][gc,heap        ] GC(195) Archive regions: 0->0
[131.054s][info][gc,heap        ] GC(195) Humongous regions: 672->672
[131.054s][info][gc,metaspace   ] GC(195) Metaspace: 120706K(125376K)->120706K(125376K) NonClass: 104115K(104896K)->104115K(104896K) Class: 16591K(20480K)->16591K(20480K)
[131.054s][info][gc             ] GC(195) Pause Young (Mixed) (G1 Evacuation Pause) 3837M->1399M(4096M) 3.565ms
[131.054s][info][gc,cpu         ] GC(195) User=0.00s Sys=0.00s Real=0.00s
[131.223s][info][gc,start       ] GC(196) Pause Young (Concurrent Start) (G1 Evacuation Pause)
[131.223s][info][gc,task        ] GC(196) Using 33 workers of 33 for evacuation
[131.227s][info][gc,phases      ] GC(196)   Pre Evacuate Collection Set: 0.5ms
[131.227s][info][gc,phases      ] GC(196)   Merge Heap Roots: 0.4ms
[131.227s][info][gc,phases      ] GC(196)   Evacuate Collection Set: 2.0ms
[131.227s][info][gc,phases      ] GC(196)   Post Evacuate Collection Set: 0.9ms
[131.227s][info][gc,phases      ] GC(196)   Other: 0.1ms
[131.227s][info][gc,heap        ] GC(196) Eden regions: 1223->0(1223)
[131.227s][info][gc,heap        ] GC(196) Survivor regions: 4->4(107)
[131.227s][info][gc,heap        ] GC(196) Old regions: 42->42
[131.227s][info][gc,heap        ] GC(196) Archive regions: 0->0
[131.227s][info][gc,heap        ] GC(196) Humongous regions: 672->672
[131.227s][info][gc,metaspace   ] GC(196) Metaspace: 120708K(125376K)->120708K(125376K) NonClass: 104117K(104896K)->104117K(104896K) Class: 16591K(20480K)->16591K(20480K)
[131.227s][info][gc             ] GC(196) Pause Young (Concurrent Start) (G1 Evacuation Pause) 3845M->1399M(4096M) 4.128ms
[131.227s][info][gc             ] GC(197) Concurrent Mark Cycle
[131.227s][info][gc,cpu         ] GC(196) User=0.00s Sys=0.00s Real=0.00s
[131.227s][info][gc,marking     ] GC(197) Concurrent Scan Root Regions
[131.250s][info][gc,marking     ] GC(197) Concurrent Scan Root Regions 22.502ms
[131.250s][info][gc,marking     ] GC(197) Concurrent Mark
[131.250s][info][gc,marking     ] GC(197) Concurrent Mark From Roots
[131.250s][info][gc,task        ] GC(197) Using 8 workers of 8 for marking
[131.295s][info][gc,marking     ] GC(197) Concurrent Mark From Roots 44.588ms
[131.295s][info][gc,marking     ] GC(197) Concurrent Preclean
[131.296s][info][gc,marking     ] GC(197) Concurrent Preclean 1.012ms
[131.296s][info][gc,start       ] GC(197) Pause Remark
[131.299s][info][gc             ] GC(197) Pause Remark 2331M->2331M(4096M) 2.773ms
[131.299s][info][gc,cpu         ] GC(197) User=0.00s Sys=0.00s Real=0.00s
[131.299s][info][gc,marking     ] GC(197) Concurrent Mark 48.940ms
[131.299s][info][gc,marking     ] GC(197) Concurrent Rebuild Remembered Sets and Scrub Regions
[131.309s][info][gc,marking     ] GC(197) Concurrent Rebuild Remembered Sets and Scrub Regions 10.150ms
[131.309s][info][gc,start       ] GC(197) Pause Cleanup
[131.310s][info][gc             ] GC(197) Pause Cleanup 2446M->2446M(4096M) 0.327ms
[131.310s][info][gc,cpu         ] GC(197) User=0.00s Sys=0.00s Real=0.00s
[131.310s][info][gc,marking     ] GC(197) Concurrent Clear Claimed Marks
[131.310s][info][gc,marking     ] GC(197) Concurrent Clear Claimed Marks 0.163ms
[131.310s][info][gc,marking     ] GC(197) Concurrent Cleanup for Next Mark
[131.317s][info][gc,marking     ] GC(197) Concurrent Cleanup for Next Mark 6.807ms
[131.317s][info][gc             ] GC(197) Concurrent Mark Cycle 89.622ms
[131.949s][info][gc,start       ] GC(198) Pause Full (System.gc())
[131.949s][info][gc,task        ] GC(198) Using 33 workers of 33 for full compaction
[131.951s][info][gc,phases,start] GC(198) Phase 1: Mark live objects
[131.992s][info][gc,phases      ] GC(198) Phase 1: Mark live objects 41.195ms
[131.992s][info][gc,phases,start] GC(198) Phase 2: Prepare compaction
[131.997s][info][gc,phases      ] GC(198) Phase 2: Prepare compaction 4.226ms
[131.997s][info][gc,phases,start] GC(198) Phase 3: Adjust pointers
[132.013s][info][gc,phases      ] GC(198) Phase 3: Adjust pointers 16.444ms
[132.013s][info][gc,phases,start] GC(198) Phase 4: Compact heap
[132.015s][info][gc,phases      ] GC(198) Phase 4: Compact heap 1.747ms
[132.033s][info][gc,heap        ] GC(198) Eden regions: 653->0(1225)
[132.033s][info][gc,heap        ] GC(198) Survivor regions: 4->0(107)
[132.033s][info][gc,heap        ] GC(198) Old regions: 42->48
[132.033s][info][gc,heap        ] GC(198) Archive regions: 0->0
[132.033s][info][gc,heap        ] GC(198) Humongous regions: 675->672
[132.033s][info][gc,metaspace   ] GC(198) Metaspace: 120721K(125376K)->120721K(125376K) NonClass: 104130K(104896K)->104130K(104896K) Class: 16591K(20480K)->16591K(20480K)
[132.033s][info][gc             ] GC(198) Pause Full (System.gc()) 2710M->1391M(4096M) 84.181ms
[132.033s][info][gc,cpu         ] GC(198) User=1.56s Sys=0.02s Real=0.08s
[132.097s][info][gc,start       ] GC(199) Pause Young (Concurrent Start) (G1 Humongous Allocation)
[132.097s][info][gc,task        ] GC(199) Using 33 workers of 33 for evacuation
[132.099s][info][gc,phases      ] GC(199)   Pre Evacuate Collection Set: 0.5ms
[132.099s][info][gc,phases      ] GC(199)   Merge Heap Roots: 0.1ms
[132.099s][info][gc,phases      ] GC(199)   Evacuate Collection Set: 1.4ms
[132.099s][info][gc,phases      ] GC(199)   Post Evacuate Collection Set: 0.8ms
[132.099s][info][gc,phases      ] GC(199)   Other: 0.1ms
[132.099s][info][gc,heap        ] GC(199) Eden regions: 6->0(1223)
[132.100s][info][gc,heap        ] GC(199) Survivor regions: 0->1(154)
[132.100s][info][gc,heap        ] GC(199) Old regions: 48->48
[132.100s][info][gc,heap        ] GC(199) Archive regions: 0->0
[132.100s][info][gc,heap        ] GC(199) Humongous regions: 672->672
[132.100s][info][gc,metaspace   ] GC(199) Metaspace: 120793K(125440K)->120793K(125440K) NonClass: 104202K(104960K)->104202K(104960K) Class: 16591K(20480K)->16591K(20480K)
[132.100s][info][gc             ] GC(199) Pause Young (Concurrent Start) (G1 Humongous Allocation) 1403M->1392M(4096M) 3.131ms
[132.100s][info][gc             ] GC(200) Concurrent Mark Cycle
[132.100s][info][gc,cpu         ] GC(199) User=0.00s Sys=0.00s Real=0.00s
[132.100s][info][gc,marking     ] GC(200) Concurrent Scan Root Regions
[132.102s][info][gc,marking     ] GC(200) Concurrent Scan Root Regions 2.314ms
[132.102s][info][gc,marking     ] GC(200) Concurrent Mark
[132.102s][info][gc,marking     ] GC(200) Concurrent Mark From Roots
[132.102s][info][gc,task        ] GC(200) Using 8 workers of 8 for marking
[132.126s][info][gc,marking     ] GC(200) Concurrent Mark From Roots 24.066ms
[132.126s][info][gc,marking     ] GC(200) Concurrent Preclean
[132.127s][info][gc,marking     ] GC(200) Concurrent Preclean 0.752ms
[132.127s][info][gc,start       ] GC(200) Pause Remark
[132.131s][info][gc             ] GC(200) Pause Remark 1478M->1478M(4096M) 3.653ms
[132.131s][info][gc,cpu         ] GC(200) User=0.00s Sys=0.00s Real=0.00s
[132.131s][info][gc,marking     ] GC(200) Concurrent Mark 29.087ms
[132.131s][info][gc,marking     ] GC(200) Concurrent Rebuild Remembered Sets and Scrub Regions
[132.146s][info][gc,marking     ] GC(200) Concurrent Rebuild Remembered Sets and Scrub Regions 14.288ms
[132.146s][info][gc,start       ] GC(200) Pause Cleanup
[132.147s][info][gc             ] GC(200) Pause Cleanup 1656M->1656M(4096M) 0.480ms
[132.147s][info][gc,cpu         ] GC(200) User=0.00s Sys=0.00s Real=0.00s
[132.147s][info][gc,marking     ] GC(200) Concurrent Clear Claimed Marks
[132.148s][info][gc,marking     ] GC(200) Concurrent Clear Claimed Marks 0.782ms
[132.148s][info][gc,marking     ] GC(200) Concurrent Cleanup for Next Mark
[132.164s][info][gc,marking     ] GC(200) Concurrent Cleanup for Next Mark 15.677ms
[132.164s][info][gc             ] GC(200) Concurrent Mark Cycle 64.252ms
[132.304s][info][gc,start       ] GC(201) Pause Young (Prepare Mixed) (G1 Evacuation Pause)
[132.304s][info][gc,task        ] GC(201) Using 33 workers of 33 for evacuation
[132.308s][info][gc,phases      ] GC(201)   Pre Evacuate Collection Set: 0.4ms
[132.308s][info][gc,phases      ] GC(201)   Merge Heap Roots: 1.1ms
[132.308s][info][gc,phases      ] GC(201)   Evacuate Collection Set: 1.5ms
[132.308s][info][gc,phases      ] GC(201)   Post Evacuate Collection Set: 1.0ms
[132.308s][info][gc,phases      ] GC(201)   Other: 0.2ms
[132.308s][info][gc,heap        ] GC(201) Eden regions: 1223->0(1217)
[132.308s][info][gc,heap        ] GC(201) Survivor regions: 1->4(101)
[132.308s][info][gc,heap        ] GC(201) Old regions: 48->48
[132.308s][info][gc,heap        ] GC(201) Archive regions: 0->0
[132.308s][info][gc,heap        ] GC(201) Humongous regions: 675->672
[132.308s][info][gc,metaspace   ] GC(201) Metaspace: 120812K(125440K)->120812K(125440K) NonClass: 104220K(104960K)->104220K(104960K) Class: 16591K(20480K)->16591K(20480K)
[132.308s][info][gc             ] GC(201) Pause Young (Prepare Mixed) (G1 Evacuation Pause) 3844M->1398M(4096M) 4.331ms
[132.308s][info][gc,cpu         ] GC(201) User=0.00s Sys=0.00s Real=0.00s
[132.478s][info][gc,start       ] GC(202) Pause Young (Mixed) (G1 Evacuation Pause)
[132.478s][info][gc,task        ] GC(202) Using 33 workers of 33 for evacuation
[132.481s][info][gc,phases      ] GC(202)   Pre Evacuate Collection Set: 0.3ms
[132.481s][info][gc,phases      ] GC(202)   Merge Heap Roots: 0.4ms
[132.481s][info][gc,phases      ] GC(202)   Evacuate Collection Set: 1.5ms
[132.481s][info][gc,phases      ] GC(202)   Post Evacuate Collection Set: 0.9ms
[132.481s][info][gc,phases      ] GC(202)   Other: 0.2ms
[132.481s][info][gc,heap        ] GC(202) Eden regions: 1217->0(1220)
[132.481s][info][gc,heap        ] GC(202) Survivor regions: 4->4(107)
[132.481s][info][gc,heap        ] GC(202) Old regions: 48->45
[132.481s][info][gc,heap        ] GC(202) Archive regions: 0->0
[132.481s][info][gc,heap        ] GC(202) Humongous regions: 672->672
[132.481s][info][gc,metaspace   ] GC(202) Metaspace: 120812K(125440K)->120812K(125440K) NonClass: 104220K(104960K)->104220K(104960K) Class: 16591K(20480K)->16591K(20480K)
[132.481s][info][gc             ] GC(202) Pause Young (Mixed) (G1 Evacuation Pause) 3832M->1399M(4096M) 3.553ms
[132.481s][info][gc,cpu         ] GC(202) User=0.00s Sys=0.00s Real=0.00s
[132.652s][info][gc,start       ] GC(203) Pause Young (Concurrent Start) (G1 Evacuation Pause)
[132.652s][info][gc,task        ] GC(203) Using 33 workers of 33 for evacuation
[132.656s][info][gc,phases      ] GC(203)   Pre Evacuate Collection Set: 0.5ms
[132.656s][info][gc,phases      ] GC(203)   Merge Heap Roots: 0.4ms
[132.656s][info][gc,phases      ] GC(203)   Evacuate Collection Set: 1.9ms
[132.656s][info][gc,phases      ] GC(203)   Post Evacuate Collection Set: 1.0ms
[132.656s][info][gc,phases      ] GC(203)   Other: 0.1ms
[132.656s][info][gc,heap        ] GC(203) Eden regions: 1220->0(1220)
[132.656s][info][gc,heap        ] GC(203) Survivor regions: 4->4(107)
[132.656s][info][gc,heap        ] GC(203) Old regions: 45->45
[132.656s][info][gc,heap        ] GC(203) Archive regions: 0->0
[132.656s][info][gc,heap        ] GC(203) Humongous regions: 672->672
[132.656s][info][gc,metaspace   ] GC(203) Metaspace: 120812K(125440K)->120812K(125440K) NonClass: 104220K(104960K)->104220K(104960K) Class: 16591K(20480K)->16591K(20480K)
[132.656s][info][gc             ] GC(203) Pause Young (Concurrent Start) (G1 Evacuation Pause) 3839M->1399M(4096M) 4.276ms
[132.656s][info][gc             ] GC(204) Concurrent Mark Cycle
[132.656s][info][gc,marking     ] GC(204) Concurrent Scan Root Regions
[132.656s][info][gc,cpu         ] GC(203) User=0.00s Sys=0.00s Real=0.00s
[132.680s][info][gc,marking     ] GC(204) Concurrent Scan Root Regions 23.592ms
[132.680s][info][gc,marking     ] GC(204) Concurrent Mark
[132.680s][info][gc,marking     ] GC(204) Concurrent Mark From Roots
[132.680s][info][gc,task        ] GC(204) Using 8 workers of 8 for marking
[132.731s][info][gc,marking     ] GC(204) Concurrent Mark From Roots 51.076ms
[132.732s][info][gc,marking     ] GC(204) Concurrent Preclean
[132.736s][info][gc,marking     ] GC(204) Concurrent Preclean 4.378ms
[132.737s][info][gc,start       ] GC(204) Pause Remark
[132.741s][info][gc             ] GC(204) Pause Remark 2555M->2555M(4096M) 3.166ms
[132.741s][info][gc,cpu         ] GC(204) User=0.53s Sys=0.00s Real=0.02s
[132.741s][info][gc,marking     ] GC(204) Concurrent Mark 60.696ms
[132.741s][info][gc,marking     ] GC(204) Concurrent Rebuild Remembered Sets and Scrub Regions
[132.764s][info][gc,marking     ] GC(204) Concurrent Rebuild Remembered Sets and Scrub Regions 22.935ms
[132.765s][info][gc,start       ] GC(204) Pause Cleanup
[132.766s][info][gc             ] GC(204) Pause Cleanup 2901M->2901M(4096M) 0.312ms
[132.766s][info][gc,cpu         ] GC(204) User=0.00s Sys=0.00s Real=0.00s
[132.766s][info][gc,marking     ] GC(204) Concurrent Clear Claimed Marks
[132.767s][info][gc,marking     ] GC(204) Concurrent Clear Claimed Marks 0.876ms
[132.767s][info][gc,marking     ] GC(204) Concurrent Cleanup for Next Mark
[132.785s][info][gc,marking     ] GC(204) Concurrent Cleanup for Next Mark 17.601ms
[132.785s][info][gc             ] GC(204) Concurrent Mark Cycle 128.976ms
[132.835s][info][gc,start       ] GC(205) Pause Young (Prepare Mixed) (G1 Evacuation Pause)
[132.835s][info][gc,task        ] GC(205) Using 33 workers of 33 for evacuation
[132.839s][info][gc,phases      ] GC(205)   Pre Evacuate Collection Set: 0.3ms
[132.839s][info][gc,phases      ] GC(205)   Merge Heap Roots: 1.0ms
[132.839s][info][gc,phases      ] GC(205)   Evacuate Collection Set: 1.1ms
[132.839s][info][gc,phases      ] GC(205)   Post Evacuate Collection Set: 0.9ms
[132.839s][info][gc,phases      ] GC(205)   Other: 0.1ms
[132.839s][info][gc,heap        ] GC(205) Eden regions: 1220->0(1220)
[132.839s][info][gc,heap        ] GC(205) Survivor regions: 4->4(107)
[132.839s][info][gc,heap        ] GC(205) Old regions: 45->45
[132.839s][info][gc,heap        ] GC(205) Archive regions: 0->0
[132.839s][info][gc,heap        ] GC(205) Humongous regions: 672->672
[132.839s][info][gc,metaspace   ] GC(205) Metaspace: 120813K(125440K)->120813K(125440K) NonClass: 104221K(104960K)->104221K(104960K) Class: 16591K(20480K)->16591K(20480K)
[132.839s][info][gc             ] GC(205) Pause Young (Prepare Mixed) (G1 Evacuation Pause) 3839M->1399M(4096M) 3.693ms
[132.839s][info][gc,cpu         ] GC(205) User=0.00s Sys=0.00s Real=0.00s
[133.007s][info][gc,start       ] GC(206) Pause Young (Mixed) (G1 Evacuation Pause)
[133.007s][info][gc,task        ] GC(206) Using 33 workers of 33 for evacuation
[133.011s][info][gc,phases      ] GC(206)   Pre Evacuate Collection Set: 0.3ms
[133.011s][info][gc,phases      ] GC(206)   Merge Heap Roots: 0.5ms
[133.011s][info][gc,phases      ] GC(206)   Evacuate Collection Set: 1.6ms
[133.011s][info][gc,phases      ] GC(206)   Post Evacuate Collection Set: 0.9ms
[133.011s][info][gc,phases      ] GC(206)   Other: 0.2ms
[133.011s][info][gc,heap        ] GC(206) Eden regions: 1220->0(1224)
[133.011s][info][gc,heap        ] GC(206) Survivor regions: 4->4(107)
[133.011s][info][gc,heap        ] GC(206) Old regions: 45->41
[133.011s][info][gc,heap        ] GC(206) Archive regions: 0->0
[133.011s][info][gc,heap        ] GC(206) Humongous regions: 672->672
[133.011s][info][gc,metaspace   ] GC(206) Metaspace: 120813K(125440K)->120813K(125440K) NonClass: 104221K(104960K)->104221K(104960K) Class: 16591K(20480K)->16591K(20480K)
[133.011s][info][gc             ] GC(206) Pause Young (Mixed) (G1 Evacuation Pause) 3839M->1399M(4096M) 3.713ms
[133.011s][info][gc,cpu         ] GC(206) User=0.00s Sys=0.00s Real=0.00s
[133.180s][info][gc,start       ] GC(207) Pause Young (Concurrent Start) (G1 Evacuation Pause)
[133.180s][info][gc,task        ] GC(207) Using 33 workers of 33 for evacuation
[133.184s][info][gc,phases      ] GC(207)   Pre Evacuate Collection Set: 0.5ms
[133.184s][info][gc,phases      ] GC(207)   Merge Heap Roots: 0.4ms
[133.184s][info][gc,phases      ] GC(207)   Evacuate Collection Set: 1.8ms
[133.184s][info][gc,phases      ] GC(207)   Post Evacuate Collection Set: 0.9ms
[133.184s][info][gc,phases      ] GC(207)   Other: 0.1ms
[133.184s][info][gc,heap        ] GC(207) Eden regions: 1224->0(1224)
[133.184s][info][gc,heap        ] GC(207) Survivor regions: 4->4(107)
[133.184s][info][gc,heap        ] GC(207) Old regions: 41->41
[133.184s][info][gc,heap        ] GC(207) Archive regions: 0->0
[133.184s][info][gc,heap        ] GC(207) Humongous regions: 672->672
[133.184s][info][gc,metaspace   ] GC(207) Metaspace: 120813K(125440K)->120813K(125440K) NonClass: 104221K(104960K)->104221K(104960K) Class: 16591K(20480K)->16591K(20480K)
[133.184s][info][gc             ] GC(207) Pause Young (Concurrent Start) (G1 Evacuation Pause) 3847M->1399M(4096M) 3.987ms
[133.184s][info][gc             ] GC(208) Concurrent Mark Cycle
[133.184s][info][gc,marking     ] GC(208) Concurrent Scan Root Regions
[133.184s][info][gc,cpu         ] GC(207) User=0.00s Sys=0.00s Real=0.00s
[133.204s][info][gc,marking     ] GC(208) Concurrent Scan Root Regions 19.911ms
[133.205s][info][gc,marking     ] GC(208) Concurrent Mark
[133.205s][info][gc,marking     ] GC(208) Concurrent Mark From Roots
[133.205s][info][gc,task        ] GC(208) Using 8 workers of 8 for marking
[133.254s][info][gc,marking     ] GC(208) Concurrent Mark From Roots 48.918ms
[133.254s][info][gc,marking     ] GC(208) Concurrent Preclean
[133.256s][info][gc,marking     ] GC(208) Concurrent Preclean 2.007ms
[133.256s][info][gc,start       ] GC(208) Pause Remark
[133.259s][info][gc             ] GC(208) Pause Remark 2357M->2357M(4096M) 2.942ms
[133.259s][info][gc,cpu         ] GC(208) User=0.00s Sys=0.00s Real=0.00s
[133.259s][info][gc,marking     ] GC(208) Concurrent Mark 54.606ms
[133.259s][info][gc,marking     ] GC(208) Concurrent Rebuild Remembered Sets and Scrub Regions
[133.271s][info][gc,marking     ] GC(208) Concurrent Rebuild Remembered Sets and Scrub Regions 11.805ms
[133.271s][info][gc,start       ] GC(208) Pause Cleanup
[133.272s][info][gc             ] GC(208) Pause Cleanup 2493M->2493M(4096M) 0.330ms
[133.272s][info][gc,cpu         ] GC(208) User=0.00s Sys=0.00s Real=0.00s
[133.272s][info][gc,marking     ] GC(208) Concurrent Clear Claimed Marks
[133.272s][info][gc,marking     ] GC(208) Concurrent Clear Claimed Marks 0.169ms
[133.272s][info][gc,marking     ] GC(208) Concurrent Cleanup for Next Mark
[133.278s][info][gc,marking     ] GC(208) Concurrent Cleanup for Next Mark 6.329ms
[133.279s][info][gc             ] GC(208) Concurrent Mark Cycle 94.197ms
[133.988s][info][gc,start       ] GC(209) Pause Full (System.gc())
[133.988s][info][gc,task        ] GC(209) Using 33 workers of 33 for full compaction
[133.990s][info][gc,phases,start] GC(209) Phase 1: Mark live objects
[134.028s][info][gc,phases      ] GC(209) Phase 1: Mark live objects 38.407ms
[134.028s][info][gc,phases,start] GC(209) Phase 2: Prepare compaction
[134.033s][info][gc,phases      ] GC(209) Phase 2: Prepare compaction 5.198ms
[134.033s][info][gc,phases,start] GC(209) Phase 3: Adjust pointers
[134.051s][info][gc,phases      ] GC(209) Phase 3: Adjust pointers 17.684ms
[134.051s][info][gc,phases,start] GC(209) Phase 4: Compact heap
[134.053s][info][gc,phases      ] GC(209) Phase 4: Compact heap 1.784ms
[134.073s][info][gc,heap        ] GC(209) Eden regions: 642->0(1224)
[134.073s][info][gc,heap        ] GC(209) Survivor regions: 4->0(107)
[134.073s][info][gc,heap        ] GC(209) Old regions: 41->49
[134.073s][info][gc,heap        ] GC(209) Archive regions: 0->0
[134.073s][info][gc,heap        ] GC(209) Humongous regions: 675->672
[134.073s][info][gc,metaspace   ] GC(209) Metaspace: 120847K(125504K)->120847K(125504K) NonClass: 104255K(105024K)->104255K(105024K) Class: 16592K(20480K)->16592K(20480K)
[134.073s][info][gc             ] GC(209) Pause Full (System.gc()) 2688M->1392M(4096M) 85.478ms
[134.073s][info][gc,cpu         ] GC(209) User=2.08s Sys=0.02s Real=0.09s
[134.138s][info][gc,start       ] GC(210) Pause Young (Concurrent Start) (G1 Humongous Allocation)
[134.138s][info][gc,task        ] GC(210) Using 33 workers of 33 for evacuation
[134.141s][info][gc,phases      ] GC(210)   Pre Evacuate Collection Set: 0.5ms
[134.141s][info][gc,phases      ] GC(210)   Merge Heap Roots: 0.1ms
[134.141s][info][gc,phases      ] GC(210)   Evacuate Collection Set: 2.1ms
[134.141s][info][gc,phases      ] GC(210)   Post Evacuate Collection Set: 0.9ms
[134.141s][info][gc,phases      ] GC(210)   Other: 0.1ms
[134.142s][info][gc,heap        ] GC(210) Eden regions: 7->0(1222)
[134.142s][info][gc,heap        ] GC(210) Survivor regions: 0->1(153)
[134.142s][info][gc,heap        ] GC(210) Old regions: 49->49
[134.142s][info][gc,heap        ] GC(210) Archive regions: 0->0
[134.142s][info][gc,heap        ] GC(210) Humongous regions: 672->672
[134.142s][info][gc,metaspace   ] GC(210) Metaspace: 120933K(125568K)->120933K(125568K) NonClass: 104341K(105088K)->104341K(105088K) Class: 16592K(20480K)->16592K(20480K)
[134.142s][info][gc             ] GC(210) Pause Young (Concurrent Start) (G1 Humongous Allocation) 1404M->1393M(4096M) 4.333ms
[134.142s][info][gc             ] GC(211) Concurrent Mark Cycle
[134.142s][info][gc,cpu         ] GC(210) User=0.00s Sys=0.00s Real=0.00s
[134.142s][info][gc,marking     ] GC(211) Concurrent Scan Root Regions
[134.145s][info][gc,marking     ] GC(211) Concurrent Scan Root Regions 2.643ms
[134.145s][info][gc,marking     ] GC(211) Concurrent Mark
[134.145s][info][gc,marking     ] GC(211) Concurrent Mark From Roots
[134.145s][info][gc,task        ] GC(211) Using 8 workers of 8 for marking
[134.168s][info][gc,marking     ] GC(211) Concurrent Mark From Roots 23.213ms
[134.168s][info][gc,marking     ] GC(211) Concurrent Preclean
[134.169s][info][gc,marking     ] GC(211) Concurrent Preclean 0.653ms
[134.169s][info][gc,start       ] GC(211) Pause Remark
[134.173s][info][gc             ] GC(211) Pause Remark 1475M->1475M(4096M) 3.926ms
[134.173s][info][gc,cpu         ] GC(211) User=0.00s Sys=0.00s Real=0.00s
[134.174s][info][gc,marking     ] GC(211) Concurrent Mark 29.234ms
[134.174s][info][gc,marking     ] GC(211) Concurrent Rebuild Remembered Sets and Scrub Regions
[134.186s][info][gc,marking     ] GC(211) Concurrent Rebuild Remembered Sets and Scrub Regions 12.031ms
[134.187s][info][gc,start       ] GC(211) Pause Cleanup
[134.187s][info][gc             ] GC(211) Pause Cleanup 1623M->1623M(4096M) 0.460ms
[134.187s][info][gc,cpu         ] GC(211) User=0.00s Sys=0.00s Real=0.00s
[134.187s][info][gc,marking     ] GC(211) Concurrent Clear Claimed Marks
[134.188s][info][gc,marking     ] GC(211) Concurrent Clear Claimed Marks 0.793ms
[134.188s][info][gc,marking     ] GC(211) Concurrent Cleanup for Next Mark
[134.201s][info][gc,marking     ] GC(211) Concurrent Cleanup for Next Mark 12.403ms
[134.201s][info][gc             ] GC(211) Concurrent Mark Cycle 59.052ms
[134.347s][info][gc,start       ] GC(212) Pause Young (Prepare Mixed) (G1 Evacuation Pause)
[134.347s][info][gc,task        ] GC(212) Using 33 workers of 33 for evacuation
[134.351s][info][gc,phases      ] GC(212)   Pre Evacuate Collection Set: 0.3ms
[134.351s][info][gc,phases      ] GC(212)   Merge Heap Roots: 1.0ms
[134.351s][info][gc,phases      ] GC(212)   Evacuate Collection Set: 1.3ms
[134.351s][info][gc,phases      ] GC(212)   Post Evacuate Collection Set: 1.0ms
[134.351s][info][gc,phases      ] GC(212)   Other: 0.1ms
[134.351s][info][gc,heap        ] GC(212) Eden regions: 1222->0(1216)
[134.351s][info][gc,heap        ] GC(212) Survivor regions: 1->4(101)
[134.351s][info][gc,heap        ] GC(212) Old regions: 49->49
[134.351s][info][gc,heap        ] GC(212) Archive regions: 0->0
[134.351s][info][gc,heap        ] GC(212) Humongous regions: 675->672
[134.351s][info][gc,metaspace   ] GC(212) Metaspace: 121036K(125632K)->121036K(125632K) NonClass: 104444K(105152K)->104444K(105152K) Class: 16592K(20480K)->16592K(20480K)
[134.351s][info][gc             ] GC(212) Pause Young (Prepare Mixed) (G1 Evacuation Pause) 3843M->1398M(4096M) 4.152ms
[134.351s][info][gc,cpu         ] GC(212) User=0.00s Sys=0.00s Real=0.00s
[134.519s][info][gc,start       ] GC(213) Pause Young (Mixed) (G1 Evacuation Pause)
[134.520s][info][gc,task        ] GC(213) Using 33 workers of 33 for evacuation
[134.523s][info][gc,phases      ] GC(213)   Pre Evacuate Collection Set: 0.3ms
[134.523s][info][gc,phases      ] GC(213)   Merge Heap Roots: 0.4ms
[134.523s][info][gc,phases      ] GC(213)   Evacuate Collection Set: 1.4ms
[134.523s][info][gc,phases      ] GC(213)   Post Evacuate Collection Set: 0.9ms
[134.523s][info][gc,phases      ] GC(213)   Other: 0.2ms
[134.523s][info][gc,heap        ] GC(213) Eden regions: 1216->0(1219)
[134.523s][info][gc,heap        ] GC(213) Survivor regions: 4->4(107)
[134.523s][info][gc,heap        ] GC(213) Old regions: 49->46
[134.523s][info][gc,heap        ] GC(213) Archive regions: 0->0
[134.523s][info][gc,heap        ] GC(213) Humongous regions: 672->672
[134.523s][info][gc,metaspace   ] GC(213) Metaspace: 121036K(125632K)->121036K(125632K) NonClass: 104444K(105152K)->104444K(105152K) Class: 16592K(20480K)->16592K(20480K)
[134.523s][info][gc             ] GC(213) Pause Young (Mixed) (G1 Evacuation Pause) 3830M->1399M(4096M) 3.482ms
[134.523s][info][gc,cpu         ] GC(213) User=0.00s Sys=0.00s Real=0.00s
[134.692s][info][gc,start       ] GC(214) Pause Young (Concurrent Start) (G1 Evacuation Pause)
[134.692s][info][gc,task        ] GC(214) Using 33 workers of 33 for evacuation
[134.695s][info][gc,phases      ] GC(214)   Pre Evacuate Collection Set: 0.4ms
[134.695s][info][gc,phases      ] GC(214)   Merge Heap Roots: 0.4ms
[134.695s][info][gc,phases      ] GC(214)   Evacuate Collection Set: 1.8ms
[134.695s][info][gc,phases      ] GC(214)   Post Evacuate Collection Set: 0.9ms
[134.695s][info][gc,phases      ] GC(214)   Other: 0.2ms
[134.696s][info][gc,heap        ] GC(214) Eden regions: 1219->0(1219)
[134.696s][info][gc,heap        ] GC(214) Survivor regions: 4->4(107)
[134.696s][info][gc,heap        ] GC(214) Old regions: 46->46
[134.696s][info][gc,heap        ] GC(214) Archive regions: 0->0
[134.696s][info][gc,heap        ] GC(214) Humongous regions: 672->672
[134.696s][info][gc,metaspace   ] GC(214) Metaspace: 121036K(125632K)->121036K(125632K) NonClass: 104444K(105152K)->104444K(105152K) Class: 16592K(20480K)->16592K(20480K)
[134.696s][info][gc             ] GC(214) Pause Young (Concurrent Start) (G1 Evacuation Pause) 3837M->1399M(4096M) 3.952ms
[134.696s][info][gc             ] GC(215) Concurrent Mark Cycle
[134.696s][info][gc,marking     ] GC(215) Concurrent Scan Root Regions
[134.696s][info][gc,cpu         ] GC(214) User=0.00s Sys=0.00s Real=0.00s
[134.719s][info][gc,marking     ] GC(215) Concurrent Scan Root Regions 23.597ms
[134.720s][info][gc,marking     ] GC(215) Concurrent Mark
[134.720s][info][gc,marking     ] GC(215) Concurrent Mark From Roots
[134.720s][info][gc,task        ] GC(215) Using 8 workers of 8 for marking
[134.784s][info][gc,marking     ] GC(215) Concurrent Mark From Roots 63.968ms
[134.784s][info][gc,marking     ] GC(215) Concurrent Preclean
[134.788s][info][gc,marking     ] GC(215) Concurrent Preclean 3.260ms
[134.789s][info][gc,start       ] GC(215) Pause Remark
[134.794s][info][gc             ] GC(215) Pause Remark 2737M->2737M(4096M) 5.107ms
[134.794s][info][gc,cpu         ] GC(215) User=0.52s Sys=0.00s Real=0.02s
[134.794s][info][gc,marking     ] GC(215) Concurrent Mark 74.064ms
[134.794s][info][gc,marking     ] GC(215) Concurrent Rebuild Remembered Sets and Scrub Regions
[134.830s][info][gc,marking     ] GC(215) Concurrent Rebuild Remembered Sets and Scrub Regions 35.624ms
[134.831s][info][gc,start       ] GC(215) Pause Cleanup
[134.831s][info][gc             ] GC(215) Pause Cleanup 3269M->3269M(4096M) 0.344ms
[134.831s][info][gc,cpu         ] GC(215) User=0.00s Sys=0.00s Real=0.00s
[134.831s][info][gc,marking     ] GC(215) Concurrent Clear Claimed Marks
[134.833s][info][gc,marking     ] GC(215) Concurrent Clear Claimed Marks 1.672ms
[134.833s][info][gc,marking     ] GC(215) Concurrent Cleanup for Next Mark
[134.853s][info][gc,marking     ] GC(215) Concurrent Cleanup for Next Mark 19.374ms
[134.853s][info][gc             ] GC(215) Concurrent Mark Cycle 157.555ms
[134.875s][info][gc,start       ] GC(216) Pause Young (Prepare Mixed) (G1 Evacuation Pause)
[134.875s][info][gc,task        ] GC(216) Using 33 workers of 33 for evacuation
[134.878s][info][gc,phases      ] GC(216)   Pre Evacuate Collection Set: 0.3ms
[134.878s][info][gc,phases      ] GC(216)   Merge Heap Roots: 1.0ms
[134.878s][info][gc,phases      ] GC(216)   Evacuate Collection Set: 1.2ms
[134.878s][info][gc,phases      ] GC(216)   Post Evacuate Collection Set: 0.9ms
[134.878s][info][gc,phases      ] GC(216)   Other: 0.2ms
[134.878s][info][gc,heap        ] GC(216) Eden regions: 1219->0(1219)
[134.878s][info][gc,heap        ] GC(216) Survivor regions: 4->4(107)
[134.878s][info][gc,heap        ] GC(216) Old regions: 46->46
[134.878s][info][gc,heap        ] GC(216) Archive regions: 0->0
[134.878s][info][gc,heap        ] GC(216) Humongous regions: 672->672
[134.878s][info][gc,metaspace   ] GC(216) Metaspace: 121036K(125632K)->121036K(125632K) NonClass: 104444K(105152K)->104444K(105152K) Class: 16592K(20480K)->16592K(20480K)
[134.878s][info][gc             ] GC(216) Pause Young (Prepare Mixed) (G1 Evacuation Pause) 3837M->1399M(4096M) 3.748ms
[134.879s][info][gc,cpu         ] GC(216) User=0.00s Sys=0.00s Real=0.00s
[135.046s][info][gc,start       ] GC(217) Pause Young (Mixed) (G1 Evacuation Pause)
[135.047s][info][gc,task        ] GC(217) Using 33 workers of 33 for evacuation
[135.050s][info][gc,phases      ] GC(217)   Pre Evacuate Collection Set: 0.3ms
[135.050s][info][gc,phases      ] GC(217)   Merge Heap Roots: 0.4ms
[135.050s][info][gc,phases      ] GC(217)   Evacuate Collection Set: 1.4ms
[135.050s][info][gc,phases      ] GC(217)   Post Evacuate Collection Set: 0.9ms
[135.050s][info][gc,phases      ] GC(217)   Other: 0.2ms
[135.050s][info][gc,heap        ] GC(217) Eden regions: 1219->0(1223)
[135.050s][info][gc,heap        ] GC(217) Survivor regions: 4->4(107)
[135.050s][info][gc,heap        ] GC(217) Old regions: 46->42
[135.050s][info][gc,heap        ] GC(217) Archive regions: 0->0
[135.050s][info][gc,heap        ] GC(217) Humongous regions: 672->672
[135.050s][info][gc,metaspace   ] GC(217) Metaspace: 121036K(125632K)->121036K(125632K) NonClass: 104444K(105152K)->104444K(105152K) Class: 16592K(20480K)->16592K(20480K)
[135.050s][info][gc             ] GC(217) Pause Young (Mixed) (G1 Evacuation Pause) 3837M->1399M(4096M) 3.419ms
[135.050s][info][gc,cpu         ] GC(217) User=0.00s Sys=0.00s Real=0.00s
[135.219s][info][gc,start       ] GC(218) Pause Young (Concurrent Start) (G1 Evacuation Pause)
[135.219s][info][gc,task        ] GC(218) Using 33 workers of 33 for evacuation
[135.222s][info][gc,phases      ] GC(218)   Pre Evacuate Collection Set: 0.5ms
[135.222s][info][gc,phases      ] GC(218)   Merge Heap Roots: 0.4ms
[135.222s][info][gc,phases      ] GC(218)   Evacuate Collection Set: 1.9ms
[135.222s][info][gc,phases      ] GC(218)   Post Evacuate Collection Set: 0.9ms
[135.222s][info][gc,phases      ] GC(218)   Other: 0.1ms
[135.222s][info][gc,heap        ] GC(218) Eden regions: 1223->0(1223)
[135.222s][info][gc,heap        ] GC(218) Survivor regions: 4->4(107)
[135.222s][info][gc,heap        ] GC(218) Old regions: 42->42
[135.222s][info][gc,heap        ] GC(218) Archive regions: 0->0
[135.222s][info][gc,heap        ] GC(218) Humongous regions: 672->672
[135.222s][info][gc,metaspace   ] GC(218) Metaspace: 121036K(125632K)->121036K(125632K) NonClass: 104444K(105152K)->104444K(105152K) Class: 16592K(20480K)->16592K(20480K)
[135.223s][info][gc             ] GC(218) Pause Young (Concurrent Start) (G1 Evacuation Pause) 3845M->1399M(4096M) 4.021ms
[135.223s][info][gc             ] GC(219) Concurrent Mark Cycle
[135.223s][info][gc,marking     ] GC(219) Concurrent Scan Root Regions
[135.223s][info][gc,cpu         ] GC(218) User=0.00s Sys=0.00s Real=0.00s
[135.246s][info][gc,marking     ] GC(219) Concurrent Scan Root Regions 23.774ms
[135.247s][info][gc,marking     ] GC(219) Concurrent Mark
[135.247s][info][gc,marking     ] GC(219) Concurrent Mark From Roots
[135.247s][info][gc,task        ] GC(219) Using 8 workers of 8 for marking
[135.296s][info][gc,marking     ] GC(219) Concurrent Mark From Roots 49.005ms
[135.296s][info][gc,marking     ] GC(219) Concurrent Preclean
[135.298s][info][gc,marking     ] GC(219) Concurrent Preclean 1.482ms
[135.298s][info][gc,start       ] GC(219) Pause Remark
[135.301s][info][gc             ] GC(219) Pause Remark 2427M->2427M(4096M) 2.922ms
[135.301s][info][gc,cpu         ] GC(219) User=0.00s Sys=0.00s Real=0.00s
[135.301s][info][gc,marking     ] GC(219) Concurrent Mark 54.127ms
[135.301s][info][gc,marking     ] GC(219) Concurrent Rebuild Remembered Sets and Scrub Regions
[135.312s][info][gc,marking     ] GC(219) Concurrent Rebuild Remembered Sets and Scrub Regions 10.934ms
[135.312s][info][gc,start       ] GC(219) Pause Cleanup
[135.313s][info][gc             ] GC(219) Pause Cleanup 2562M->2562M(4096M) 0.307ms
[135.313s][info][gc,cpu         ] GC(219) User=0.00s Sys=0.00s Real=0.00s
[135.313s][info][gc,marking     ] GC(219) Concurrent Clear Claimed Marks
[135.313s][info][gc,marking     ] GC(219) Concurrent Clear Claimed Marks 0.153ms
[135.313s][info][gc,marking     ] GC(219) Concurrent Cleanup for Next Mark
[135.318s][info][gc,marking     ] GC(219) Concurrent Cleanup for Next Mark 5.423ms
[135.318s][info][gc             ] GC(219) Concurrent Mark Cycle 95.754ms
[136.037s][info][gc,start       ] GC(220) Pause Full (System.gc())
[136.037s][info][gc,task        ] GC(220) Using 33 workers of 33 for full compaction
[136.039s][info][gc,phases,start] GC(220) Phase 1: Mark live objects
[136.078s][info][gc,phases      ] GC(220) Phase 1: Mark live objects 39.881ms
[136.078s][info][gc,phases,start] GC(220) Phase 2: Prepare compaction
[136.082s][info][gc,phases      ] GC(220) Phase 2: Prepare compaction 3.976ms
[136.082s][info][gc,phases,start] GC(220) Phase 3: Adjust pointers
[136.093s][info][gc,phases      ] GC(220) Phase 3: Adjust pointers 10.277ms
[136.093s][info][gc,phases,start] GC(220) Phase 4: Compact heap
[136.094s][info][gc,phases      ] GC(220) Phase 4: Compact heap 1.640ms
[136.111s][info][gc,heap        ] GC(220) Eden regions: 653->0(1225)
[136.111s][info][gc,heap        ] GC(220) Survivor regions: 4->0(107)
[136.111s][info][gc,heap        ] GC(220) Old regions: 42->48
[136.111s][info][gc,heap        ] GC(220) Archive regions: 0->0
[136.111s][info][gc,heap        ] GC(220) Humongous regions: 675->672
[136.111s][info][gc,metaspace   ] GC(220) Metaspace: 121155K(125696K)->121155K(125696K) NonClass: 104563K(105216K)->104563K(105216K) Class: 16592K(20480K)->16592K(20480K)
[136.111s][info][gc             ] GC(220) Pause Full (System.gc()) 2710M->1392M(4096M) 74.505ms
[136.111s][info][gc,cpu         ] GC(220) User=1.28s Sys=0.03s Real=0.08s
[136.171s][info][gc,start       ] GC(221) Pause Young (Concurrent Start) (G1 Humongous Allocation)
[136.171s][info][gc,task        ] GC(221) Using 33 workers of 33 for evacuation
[136.174s][info][gc,phases      ] GC(221)   Pre Evacuate Collection Set: 0.5ms
[136.174s][info][gc,phases      ] GC(221)   Merge Heap Roots: 0.1ms
[136.174s][info][gc,phases      ] GC(221)   Evacuate Collection Set: 1.5ms
[136.174s][info][gc,phases      ] GC(221)   Post Evacuate Collection Set: 0.7ms
[136.174s][info][gc,phases      ] GC(221)   Other: 0.1ms
[136.174s][info][gc,heap        ] GC(221) Eden regions: 6->0(1223)
[136.174s][info][gc,heap        ] GC(221) Survivor regions: 0->1(154)
[136.174s][info][gc,heap        ] GC(221) Old regions: 48->48
[136.174s][info][gc,heap        ] GC(221) Archive regions: 0->0
[136.174s][info][gc,heap        ] GC(221) Humongous regions: 672->672
[136.174s][info][gc,metaspace   ] GC(221) Metaspace: 121200K(125760K)->121200K(125760K) NonClass: 104608K(105280K)->104608K(105280K) Class: 16592K(20480K)->16592K(20480K)
[136.174s][info][gc             ] GC(221) Pause Young (Concurrent Start) (G1 Humongous Allocation) 1402M->1392M(4096M) 3.144ms
[136.174s][info][gc             ] GC(222) Concurrent Mark Cycle
[136.174s][info][gc,cpu         ] GC(221) User=0.00s Sys=0.00s Real=0.00s
[136.174s][info][gc,marking     ] GC(222) Concurrent Scan Root Regions
[136.178s][info][gc,marking     ] GC(222) Concurrent Scan Root Regions 3.717ms
[136.178s][info][gc,marking     ] GC(222) Concurrent Mark
[136.178s][info][gc,marking     ] GC(222) Concurrent Mark From Roots
[136.178s][info][gc,task        ] GC(222) Using 8 workers of 8 for marking
[136.203s][info][gc,marking     ] GC(222) Concurrent Mark From Roots 25.305ms
[136.203s][info][gc,marking     ] GC(222) Concurrent Preclean
[136.204s][info][gc,marking     ] GC(222) Concurrent Preclean 0.723ms
[136.205s][info][gc,start       ] GC(222) Pause Remark
[136.209s][info][gc             ] GC(222) Pause Remark 1489M->1489M(4096M) 4.591ms
[136.209s][info][gc,cpu         ] GC(222) User=0.00s Sys=0.00s Real=0.00s
[136.211s][info][gc,marking     ] GC(222) Concurrent Mark 32.724ms
[136.211s][info][gc,marking     ] GC(222) Concurrent Rebuild Remembered Sets and Scrub Regions
[136.227s][info][gc,marking     ] GC(222) Concurrent Rebuild Remembered Sets and Scrub Regions 15.688ms
[136.229s][info][gc,start       ] GC(222) Pause Cleanup
[136.229s][info][gc             ] GC(222) Pause Cleanup 1700M->1700M(4096M) 0.451ms
[136.229s][info][gc,cpu         ] GC(222) User=0.00s Sys=0.00s Real=0.00s
[136.229s][info][gc,marking     ] GC(222) Concurrent Clear Claimed Marks
[136.230s][info][gc,marking     ] GC(222) Concurrent Clear Claimed Marks 0.789ms
[136.230s][info][gc,marking     ] GC(222) Concurrent Cleanup for Next Mark
[136.245s][info][gc,marking     ] GC(222) Concurrent Cleanup for Next Mark 14.587ms
[136.245s][info][gc             ] GC(222) Concurrent Mark Cycle 70.830ms
[136.382s][info][gc,start       ] GC(223) Pause Young (Prepare Mixed) (G1 Evacuation Pause)
[136.382s][info][gc,task        ] GC(223) Using 33 workers of 33 for evacuation
[136.385s][info][gc,phases      ] GC(223)   Pre Evacuate Collection Set: 0.3ms
[136.385s][info][gc,phases      ] GC(223)   Merge Heap Roots: 1.0ms
[136.385s][info][gc,phases      ] GC(223)   Evacuate Collection Set: 1.4ms
[136.385s][info][gc,phases      ] GC(223)   Post Evacuate Collection Set: 1.0ms
[136.385s][info][gc,phases      ] GC(223)   Other: 0.1ms
[136.385s][info][gc,heap        ] GC(223) Eden regions: 1223->0(1217)
[136.386s][info][gc,heap        ] GC(223) Survivor regions: 1->4(101)
[136.386s][info][gc,heap        ] GC(223) Old regions: 48->48
[136.386s][info][gc,heap        ] GC(223) Archive regions: 0->0
[136.386s][info][gc,heap        ] GC(223) Humongous regions: 675->672
[136.386s][info][gc,metaspace   ] GC(223) Metaspace: 121237K(125824K)->121237K(125824K) NonClass: 104644K(105344K)->104644K(105344K) Class: 16592K(20480K)->16592K(20480K)
[136.386s][info][gc             ] GC(223) Pause Young (Prepare Mixed) (G1 Evacuation Pause) 3844M->1398M(4096M) 4.050ms
[136.386s][info][gc,cpu         ] GC(223) User=0.52s Sys=0.00s Real=0.02s
[136.554s][info][gc,start       ] GC(224) Pause Young (Mixed) (G1 Evacuation Pause)
[136.554s][info][gc,task        ] GC(224) Using 33 workers of 33 for evacuation
[136.557s][info][gc,phases      ] GC(224)   Pre Evacuate Collection Set: 0.3ms
[136.557s][info][gc,phases      ] GC(224)   Merge Heap Roots: 0.4ms
[136.557s][info][gc,phases      ] GC(224)   Evacuate Collection Set: 1.4ms
[136.557s][info][gc,phases      ] GC(224)   Post Evacuate Collection Set: 0.9ms
[136.557s][info][gc,phases      ] GC(224)   Other: 0.2ms
[136.557s][info][gc,heap        ] GC(224) Eden regions: 1217->0(1220)
[136.557s][info][gc,heap        ] GC(224) Survivor regions: 4->4(107)
[136.557s][info][gc,heap        ] GC(224) Old regions: 48->45
[136.557s][info][gc,heap        ] GC(224) Archive regions: 0->0
[136.557s][info][gc,heap        ] GC(224) Humongous regions: 672->672
[136.557s][info][gc,metaspace   ] GC(224) Metaspace: 121237K(125824K)->121237K(125824K) NonClass: 104644K(105344K)->104644K(105344K) Class: 16592K(20480K)->16592K(20480K)
[136.558s][info][gc             ] GC(224) Pause Young (Mixed) (G1 Evacuation Pause) 3832M->1399M(4096M) 3.414ms
[136.558s][info][gc,cpu         ] GC(224) User=0.31s Sys=0.02s Real=0.01s
[136.731s][info][gc,start       ] GC(225) Pause Young (Concurrent Start) (G1 Evacuation Pause)
[136.731s][info][gc,task        ] GC(225) Using 33 workers of 33 for evacuation
[136.735s][info][gc,phases      ] GC(225)   Pre Evacuate Collection Set: 0.4ms
[136.735s][info][gc,phases      ] GC(225)   Merge Heap Roots: 0.4ms
[136.735s][info][gc,phases      ] GC(225)   Evacuate Collection Set: 1.8ms
[136.735s][info][gc,phases      ] GC(225)   Post Evacuate Collection Set: 0.9ms
[136.735s][info][gc,phases      ] GC(225)   Other: 0.2ms
[136.735s][info][gc,heap        ] GC(225) Eden regions: 1220->0(1220)
[136.735s][info][gc,heap        ] GC(225) Survivor regions: 4->4(107)
[136.735s][info][gc,heap        ] GC(225) Old regions: 45->45
[136.735s][info][gc,heap        ] GC(225) Archive regions: 0->0
[136.735s][info][gc,heap        ] GC(225) Humongous regions: 672->672
[136.735s][info][gc,metaspace   ] GC(225) Metaspace: 121237K(125824K)->121237K(125824K) NonClass: 104644K(105344K)->104644K(105344K) Class: 16592K(20480K)->16592K(20480K)
[136.735s][info][gc             ] GC(225) Pause Young (Concurrent Start) (G1 Evacuation Pause) 3839M->1399M(4096M) 3.966ms
[136.735s][info][gc             ] GC(226) Concurrent Mark Cycle
[136.735s][info][gc,cpu         ] GC(225) User=0.00s Sys=0.00s Real=0.00s
[136.735s][info][gc,marking     ] GC(226) Concurrent Scan Root Regions
[136.761s][info][gc,marking     ] GC(226) Concurrent Scan Root Regions 25.539ms
[136.761s][info][gc,marking     ] GC(226) Concurrent Mark
[136.761s][info][gc,marking     ] GC(226) Concurrent Mark From Roots
[136.761s][info][gc,task        ] GC(226) Using 8 workers of 8 for marking
[136.817s][info][gc,marking     ] GC(226) Concurrent Mark From Roots 55.076ms
[136.844s][info][gc,marking     ] GC(226) Concurrent Preclean
[136.849s][info][gc,marking     ] GC(226) Concurrent Preclean 5.040ms
[136.850s][info][gc,start       ] GC(226) Pause Remark
[136.854s][info][gc             ] GC(226) Pause Remark 3039M->3039M(4096M) 3.316ms
[136.854s][info][gc,cpu         ] GC(226) User=0.11s Sys=0.00s Real=0.02s
[136.854s][info][gc,marking     ] GC(226) Concurrent Mark 92.545ms
[136.854s][info][gc,marking     ] GC(226) Concurrent Rebuild Remembered Sets and Scrub Regions
[136.876s][info][gc,marking     ] GC(226) Concurrent Rebuild Remembered Sets and Scrub Regions 21.510ms
[136.877s][info][gc,start       ] GC(226) Pause Cleanup
[136.877s][info][gc             ] GC(226) Pause Cleanup 3369M->3369M(4096M) 0.388ms
[136.877s][info][gc,cpu         ] GC(226) User=0.00s Sys=0.00s Real=0.00s
[136.877s][info][gc,marking     ] GC(226) Concurrent Clear Claimed Marks
[136.879s][info][gc,marking     ] GC(226) Concurrent Clear Claimed Marks 1.073ms
[136.879s][info][gc,marking     ] GC(226) Concurrent Cleanup for Next Mark
[136.896s][info][gc,marking     ] GC(226) Concurrent Cleanup for Next Mark 16.817ms
[136.896s][info][gc             ] GC(226) Concurrent Mark Cycle 161.000ms
[136.914s][info][gc,start       ] GC(227) Pause Young (Prepare Mixed) (G1 Evacuation Pause)
[136.914s][info][gc,task        ] GC(227) Using 33 workers of 33 for evacuation
[136.918s][info][gc,phases      ] GC(227)   Pre Evacuate Collection Set: 0.3ms
[136.918s][info][gc,phases      ] GC(227)   Merge Heap Roots: 1.0ms
[136.918s][info][gc,phases      ] GC(227)   Evacuate Collection Set: 1.2ms
[136.918s][info][gc,phases      ] GC(227)   Post Evacuate Collection Set: 0.9ms
[136.918s][info][gc,phases      ] GC(227)   Other: 0.2ms
[136.918s][info][gc,heap        ] GC(227) Eden regions: 1220->0(1220)
[136.918s][info][gc,heap        ] GC(227) Survivor regions: 4->4(107)
[136.918s][info][gc,heap        ] GC(227) Old regions: 45->45
[136.918s][info][gc,heap        ] GC(227) Archive regions: 0->0
[136.918s][info][gc,heap        ] GC(227) Humongous regions: 672->672
[136.918s][info][gc,metaspace   ] GC(227) Metaspace: 121237K(125824K)->121237K(125824K) NonClass: 104644K(105344K)->104644K(105344K) Class: 16592K(20480K)->16592K(20480K)
[136.918s][info][gc             ] GC(227) Pause Young (Prepare Mixed) (G1 Evacuation Pause) 3839M->1399M(4096M) 3.732ms
[136.918s][info][gc,cpu         ] GC(227) User=0.02s Sys=0.00s Real=0.01s
[137.085s][info][gc,start       ] GC(228) Pause Young (Mixed) (G1 Evacuation Pause)
[137.085s][info][gc,task        ] GC(228) Using 33 workers of 33 for evacuation
[137.088s][info][gc,phases      ] GC(228)   Pre Evacuate Collection Set: 0.3ms
[137.088s][info][gc,phases      ] GC(228)   Merge Heap Roots: 0.5ms
[137.088s][info][gc,phases      ] GC(228)   Evacuate Collection Set: 1.5ms
[137.088s][info][gc,phases      ] GC(228)   Post Evacuate Collection Set: 1.0ms
[137.088s][info][gc,phases      ] GC(228)   Other: 0.2ms
[137.088s][info][gc,heap        ] GC(228) Eden regions: 1220->0(1224)
[137.088s][info][gc,heap        ] GC(228) Survivor regions: 4->4(107)
[137.088s][info][gc,heap        ] GC(228) Old regions: 45->41
[137.088s][info][gc,heap        ] GC(228) Archive regions: 0->0
[137.088s][info][gc,heap        ] GC(228) Humongous regions: 672->672
[137.088s][info][gc,metaspace   ] GC(228) Metaspace: 121237K(125824K)->121237K(125824K) NonClass: 104644K(105344K)->104644K(105344K) Class: 16592K(20480K)->16592K(20480K)
[137.088s][info][gc             ] GC(228) Pause Young (Mixed) (G1 Evacuation Pause) 3839M->1399M(4096M) 3.599ms
[137.088s][info][gc,cpu         ] GC(228) User=0.00s Sys=0.00s Real=0.00s
[137.257s][info][gc,start       ] GC(229) Pause Young (Concurrent Start) (G1 Evacuation Pause)
[137.258s][info][gc,task        ] GC(229) Using 33 workers of 33 for evacuation
[137.261s][info][gc,phases      ] GC(229)   Pre Evacuate Collection Set: 0.5ms
[137.261s][info][gc,phases      ] GC(229)   Merge Heap Roots: 0.4ms
[137.261s][info][gc,phases      ] GC(229)   Evacuate Collection Set: 1.8ms
[137.261s][info][gc,phases      ] GC(229)   Post Evacuate Collection Set: 0.9ms
[137.261s][info][gc,phases      ] GC(229)   Other: 0.1ms
[137.261s][info][gc,heap        ] GC(229) Eden regions: 1224->0(1224)
[137.261s][info][gc,heap        ] GC(229) Survivor regions: 4->4(107)
[137.261s][info][gc,heap        ] GC(229) Old regions: 41->41
[137.261s][info][gc,heap        ] GC(229) Archive regions: 0->0
[137.261s][info][gc,heap        ] GC(229) Humongous regions: 672->672
[137.261s][info][gc,metaspace   ] GC(229) Metaspace: 121237K(125824K)->121237K(125824K) NonClass: 104644K(105344K)->104644K(105344K) Class: 16592K(20480K)->16592K(20480K)
[137.261s][info][gc             ] GC(229) Pause Young (Concurrent Start) (G1 Evacuation Pause) 3847M->1399M(4096M) 3.889ms
[137.261s][info][gc             ] GC(230) Concurrent Mark Cycle
[137.261s][info][gc,marking     ] GC(230) Concurrent Scan Root Regions
[137.261s][info][gc,cpu         ] GC(229) User=0.00s Sys=0.00s Real=0.00s
[137.284s][info][gc,marking     ] GC(230) Concurrent Scan Root Regions 23.014ms
[137.285s][info][gc,marking     ] GC(230) Concurrent Mark
[137.285s][info][gc,marking     ] GC(230) Concurrent Mark From Roots
[137.285s][info][gc,task        ] GC(230) Using 8 workers of 8 for marking
[137.335s][info][gc,marking     ] GC(230) Concurrent Mark From Roots 49.550ms
[137.335s][info][gc,marking     ] GC(230) Concurrent Preclean
[137.337s][info][gc,marking     ] GC(230) Concurrent Preclean 2.332ms
[137.337s][info][gc,start       ] GC(230) Pause Remark
[137.341s][info][gc             ] GC(230) Pause Remark 2411M->2411M(4096M) 3.677ms
[137.341s][info][gc,cpu         ] GC(230) User=0.00s Sys=0.00s Real=0.00s
[137.341s][info][gc,marking     ] GC(230) Concurrent Mark 56.242ms
[137.341s][info][gc,marking     ] GC(230) Concurrent Rebuild Remembered Sets and Scrub Regions
[137.354s][info][gc,marking     ] GC(230) Concurrent Rebuild Remembered Sets and Scrub Regions 12.945ms
[137.354s][info][gc,start       ] GC(230) Pause Cleanup
[137.355s][info][gc             ] GC(230) Pause Cleanup 2565M->2565M(4096M) 0.322ms
[137.355s][info][gc,cpu         ] GC(230) User=0.00s Sys=0.00s Real=0.00s
[137.355s][info][gc,marking     ] GC(230) Concurrent Clear Claimed Marks
[137.355s][info][gc,marking     ] GC(230) Concurrent Clear Claimed Marks 0.173ms
[137.355s][info][gc,marking     ] GC(230) Concurrent Cleanup for Next Mark
[137.361s][info][gc,marking     ] GC(230) Concurrent Cleanup for Next Mark 6.157ms
[137.361s][info][gc             ] GC(230) Concurrent Mark Cycle 99.848ms
[137.943s][info][gc,start       ] GC(231) Pause Full (System.gc())
[137.943s][info][gc,task        ] GC(231) Using 33 workers of 33 for full compaction
[137.944s][info][gc,phases,start] GC(231) Phase 1: Mark live objects
[137.987s][info][gc,phases      ] GC(231) Phase 1: Mark live objects 42.925ms
[137.987s][info][gc,phases,start] GC(231) Phase 2: Prepare compaction
[137.991s][info][gc,phases      ] GC(231) Phase 2: Prepare compaction 3.919ms
[137.991s][info][gc,phases,start] GC(231) Phase 3: Adjust pointers
[138.002s][info][gc,phases      ] GC(231) Phase 3: Adjust pointers 10.730ms
[138.002s][info][gc,phases,start] GC(231) Phase 4: Compact heap
[138.004s][info][gc,phases      ] GC(231) Phase 4: Compact heap 1.588ms
[138.020s][info][gc,heap        ] GC(231) Eden regions: 636->0(1225)
[138.020s][info][gc,heap        ] GC(231) Survivor regions: 4->0(107)
[138.020s][info][gc,heap        ] GC(231) Old regions: 41->48
[138.020s][info][gc,heap        ] GC(231) Archive regions: 0->0
[138.020s][info][gc,heap        ] GC(231) Humongous regions: 675->672
[138.020s][info][gc,metaspace   ] GC(231) Metaspace: 121251K(125824K)->121251K(125824K) NonClass: 104659K(105344K)->104659K(105344K) Class: 16592K(20480K)->16592K(20480K)
[138.020s][info][gc             ] GC(231) Pause Full (System.gc()) 2676M->1392M(4096M) 77.729ms
[138.020s][info][gc,cpu         ] GC(231) User=1.47s Sys=0.03s Real=0.09s
[138.079s][info][gc,start       ] GC(232) Pause Young (Concurrent Start) (G1 Humongous Allocation)
[138.079s][info][gc,task        ] GC(232) Using 33 workers of 33 for evacuation
[138.082s][info][gc,phases      ] GC(232)   Pre Evacuate Collection Set: 0.6ms
[138.082s][info][gc,phases      ] GC(232)   Merge Heap Roots: 0.1ms
[138.082s][info][gc,phases      ] GC(232)   Evacuate Collection Set: 1.3ms
[138.082s][info][gc,phases      ] GC(232)   Post Evacuate Collection Set: 0.9ms
[138.082s][info][gc,phases      ] GC(232)   Other: 0.1ms
[138.082s][info][gc,heap        ] GC(232) Eden regions: 6->0(1223)
[138.082s][info][gc,heap        ] GC(232) Survivor regions: 0->1(154)
[138.082s][info][gc,heap        ] GC(232) Old regions: 48->48
[138.082s][info][gc,heap        ] GC(232) Archive regions: 0->0
[138.082s][info][gc,heap        ] GC(232) Humongous regions: 672->672
[138.082s][info][gc,metaspace   ] GC(232) Metaspace: 121330K(125888K)->121330K(125888K) NonClass: 104737K(105408K)->104737K(105408K) Class: 16593K(20480K)->16593K(20480K)
[138.083s][info][gc             ] GC(232) Pause Young (Concurrent Start) (G1 Humongous Allocation) 1403M->1393M(4096M) 3.518ms
[138.083s][info][gc             ] GC(233) Concurrent Mark Cycle
[138.083s][info][gc,cpu         ] GC(232) User=0.00s Sys=0.00s Real=0.00s
[138.083s][info][gc,marking     ] GC(233) Concurrent Scan Root Regions
[138.086s][info][gc,marking     ] GC(233) Concurrent Scan Root Regions 3.731ms
[138.086s][info][gc,marking     ] GC(233) Concurrent Mark
[138.086s][info][gc,marking     ] GC(233) Concurrent Mark From Roots
[138.086s][info][gc,task        ] GC(233) Using 8 workers of 8 for marking
[138.120s][info][gc,marking     ] GC(233) Concurrent Mark From Roots 33.779ms
[138.121s][info][gc,marking     ] GC(233) Concurrent Preclean
[138.124s][info][gc,marking     ] GC(233) Concurrent Preclean 3.247ms
[138.125s][info][gc,start       ] GC(233) Pause Remark
[138.128s][info][gc             ] GC(233) Pause Remark 1709M->1709M(4096M) 3.646ms
[138.128s][info][gc,cpu         ] GC(233) User=0.00s Sys=0.00s Real=0.00s
[138.129s][info][gc,marking     ] GC(233) Concurrent Mark 42.182ms
[138.129s][info][gc,marking     ] GC(233) Concurrent Rebuild Remembered Sets and Scrub Regions
[138.148s][info][gc,marking     ] GC(233) Concurrent Rebuild Remembered Sets and Scrub Regions 19.604ms
[138.149s][info][gc,start       ] GC(233) Pause Cleanup
[138.150s][info][gc             ] GC(233) Pause Cleanup 1991M->1991M(4096M) 0.453ms
[138.150s][info][gc,cpu         ] GC(233) User=0.00s Sys=0.00s Real=0.00s
[138.150s][info][gc,marking     ] GC(233) Concurrent Clear Claimed Marks
[138.151s][info][gc,marking     ] GC(233) Concurrent Clear Claimed Marks 0.975ms
[138.151s][info][gc,marking     ] GC(233) Concurrent Cleanup for Next Mark
[138.166s][info][gc,marking     ] GC(233) Concurrent Cleanup for Next Mark 14.979ms
[138.167s][info][gc             ] GC(233) Concurrent Mark Cycle 83.916ms
[138.284s][info][gc,start       ] GC(234) Pause Young (Prepare Mixed) (G1 Evacuation Pause)
[138.284s][info][gc,task        ] GC(234) Using 33 workers of 33 for evacuation
[138.288s][info][gc,phases      ] GC(234)   Pre Evacuate Collection Set: 0.4ms
[138.288s][info][gc,phases      ] GC(234)   Merge Heap Roots: 1.0ms
[138.288s][info][gc,phases      ] GC(234)   Evacuate Collection Set: 1.4ms
[138.288s][info][gc,phases      ] GC(234)   Post Evacuate Collection Set: 1.0ms
[138.288s][info][gc,phases      ] GC(234)   Other: 0.1ms
[138.288s][info][gc,heap        ] GC(234) Eden regions: 1223->0(1217)
[138.288s][info][gc,heap        ] GC(234) Survivor regions: 1->4(101)
[138.288s][info][gc,heap        ] GC(234) Old regions: 48->48
[138.288s][info][gc,heap        ] GC(234) Archive regions: 0->0
[138.288s][info][gc,heap        ] GC(234) Humongous regions: 675->672
[138.288s][info][gc,metaspace   ] GC(234) Metaspace: 121334K(125888K)->121334K(125888K) NonClass: 104741K(105408K)->104741K(105408K) Class: 16593K(20480K)->16593K(20480K)
[138.288s][info][gc             ] GC(234) Pause Young (Prepare Mixed) (G1 Evacuation Pause) 3845M->1399M(4096M) 4.137ms
[138.289s][info][gc,cpu         ] GC(234) User=0.00s Sys=0.00s Real=0.00s
[138.458s][info][gc,start       ] GC(235) Pause Young (Mixed) (G1 Evacuation Pause)
[138.458s][info][gc,task        ] GC(235) Using 33 workers of 33 for evacuation
[138.461s][info][gc,phases      ] GC(235)   Pre Evacuate Collection Set: 0.3ms
[138.461s][info][gc,phases      ] GC(235)   Merge Heap Roots: 0.4ms
[138.461s][info][gc,phases      ] GC(235)   Evacuate Collection Set: 1.5ms
[138.461s][info][gc,phases      ] GC(235)   Post Evacuate Collection Set: 1.0ms
[138.461s][info][gc,phases      ] GC(235)   Other: 0.2ms
[138.461s][info][gc,heap        ] GC(235) Eden regions: 1217->0(1220)
[138.461s][info][gc,heap        ] GC(235) Survivor regions: 4->4(107)
[138.461s][info][gc,heap        ] GC(235) Old regions: 48->45
[138.461s][info][gc,heap        ] GC(235) Archive regions: 0->0
[138.461s][info][gc,heap        ] GC(235) Humongous regions: 672->672
[138.461s][info][gc,metaspace   ] GC(235) Metaspace: 121334K(125888K)->121334K(125888K) NonClass: 104741K(105408K)->104741K(105408K) Class: 16593K(20480K)->16593K(20480K)
[138.461s][info][gc             ] GC(235) Pause Young (Mixed) (G1 Evacuation Pause) 3833M->1399M(4096M) 3.546ms
[138.461s][info][gc,cpu         ] GC(235) User=0.00s Sys=0.00s Real=0.00s
[138.631s][info][gc,start       ] GC(236) Pause Young (Concurrent Start) (G1 Evacuation Pause)
[138.631s][info][gc,task        ] GC(236) Using 33 workers of 33 for evacuation
[138.635s][info][gc,phases      ] GC(236)   Pre Evacuate Collection Set: 0.6ms
[138.635s][info][gc,phases      ] GC(236)   Merge Heap Roots: 0.4ms
[138.635s][info][gc,phases      ] GC(236)   Evacuate Collection Set: 1.8ms
[138.635s][info][gc,phases      ] GC(236)   Post Evacuate Collection Set: 0.9ms
[138.635s][info][gc,phases      ] GC(236)   Other: 0.1ms
[138.635s][info][gc,heap        ] GC(236) Eden regions: 1220->0(1220)
[138.635s][info][gc,heap        ] GC(236) Survivor regions: 4->4(107)
[138.635s][info][gc,heap        ] GC(236) Old regions: 45->45
[138.635s][info][gc,heap        ] GC(236) Archive regions: 0->0
[138.635s][info][gc,heap        ] GC(236) Humongous regions: 672->672
[138.635s][info][gc,metaspace   ] GC(236) Metaspace: 121334K(125888K)->121334K(125888K) NonClass: 104741K(105408K)->104741K(105408K) Class: 16593K(20480K)->16593K(20480K)
[138.635s][info][gc             ] GC(236) Pause Young (Concurrent Start) (G1 Evacuation Pause) 3839M->1399M(4096M) 4.093ms
[138.635s][info][gc             ] GC(237) Concurrent Mark Cycle
[138.635s][info][gc,marking     ] GC(237) Concurrent Scan Root Regions
[138.635s][info][gc,cpu         ] GC(236) User=0.00s Sys=0.00s Real=0.01s
[138.658s][info][gc,marking     ] GC(237) Concurrent Scan Root Regions 22.767ms
[138.658s][info][gc,marking     ] GC(237) Concurrent Mark
[138.658s][info][gc,marking     ] GC(237) Concurrent Mark From Roots
[138.658s][info][gc,task        ] GC(237) Using 8 workers of 8 for marking
[138.716s][info][gc,marking     ] GC(237) Concurrent Mark From Roots 57.687ms
[138.716s][info][gc,marking     ] GC(237) Concurrent Preclean
[138.721s][info][gc,marking     ] GC(237) Concurrent Preclean 4.322ms
[138.722s][info][gc,start       ] GC(237) Pause Remark
[138.725s][info][gc             ] GC(237) Pause Remark 2653M->2653M(4096M) 3.136ms
[138.725s][info][gc,cpu         ] GC(237) User=0.00s Sys=0.00s Real=0.00s
[138.725s][info][gc,marking     ] GC(237) Concurrent Mark 66.947ms
[138.725s][info][gc,marking     ] GC(237) Concurrent Rebuild Remembered Sets and Scrub Regions
[138.748s][info][gc,marking     ] GC(237) Concurrent Rebuild Remembered Sets and Scrub Regions 22.317ms
[138.749s][info][gc,start       ] GC(237) Pause Cleanup
[138.749s][info][gc             ] GC(237) Pause Cleanup 2993M->2993M(4096M) 0.292ms
[138.749s][info][gc,cpu         ] GC(237) User=0.00s Sys=0.00s Real=0.00s
[138.749s][info][gc,marking     ] GC(237) Concurrent Clear Claimed Marks
[138.751s][info][gc,marking     ] GC(237) Concurrent Clear Claimed Marks 1.747ms
[138.751s][info][gc,marking     ] GC(237) Concurrent Cleanup for Next Mark
[138.769s][info][gc,marking     ] GC(237) Concurrent Cleanup for Next Mark 17.413ms
[138.769s][info][gc             ] GC(237) Concurrent Mark Cycle 134.454ms
[138.812s][info][gc,start       ] GC(238) Pause Young (Prepare Mixed) (G1 Evacuation Pause)
[138.812s][info][gc,task        ] GC(238) Using 33 workers of 33 for evacuation
[138.816s][info][gc,phases      ] GC(238)   Pre Evacuate Collection Set: 0.3ms
[138.816s][info][gc,phases      ] GC(238)   Merge Heap Roots: 0.9ms
[138.816s][info][gc,phases      ] GC(238)   Evacuate Collection Set: 1.2ms
[138.816s][info][gc,phases      ] GC(238)   Post Evacuate Collection Set: 0.9ms
[138.816s][info][gc,phases      ] GC(238)   Other: 0.2ms
[138.816s][info][gc,heap        ] GC(238) Eden regions: 1220->0(1220)
[138.816s][info][gc,heap        ] GC(238) Survivor regions: 4->4(107)
[138.816s][info][gc,heap        ] GC(238) Old regions: 45->45
[138.816s][info][gc,heap        ] GC(238) Archive regions: 0->0
[138.816s][info][gc,heap        ] GC(238) Humongous regions: 672->672
[138.816s][info][gc,metaspace   ] GC(238) Metaspace: 121334K(125888K)->121334K(125888K) NonClass: 104741K(105408K)->104741K(105408K) Class: 16593K(20480K)->16593K(20480K)
[138.816s][info][gc             ] GC(238) Pause Young (Prepare Mixed) (G1 Evacuation Pause) 3839M->1399M(4096M) 3.659ms
[138.816s][info][gc,cpu         ] GC(238) User=0.00s Sys=0.00s Real=0.00s
[138.985s][info][gc,start       ] GC(239) Pause Young (Mixed) (G1 Evacuation Pause)
[138.985s][info][gc,task        ] GC(239) Using 33 workers of 33 for evacuation
[138.988s][info][gc,phases      ] GC(239)   Pre Evacuate Collection Set: 0.3ms
[138.988s][info][gc,phases      ] GC(239)   Merge Heap Roots: 0.4ms
[138.988s][info][gc,phases      ] GC(239)   Evacuate Collection Set: 1.5ms
[138.988s][info][gc,phases      ] GC(239)   Post Evacuate Collection Set: 0.9ms
[138.988s][info][gc,phases      ] GC(239)   Other: 0.2ms
[138.988s][info][gc,heap        ] GC(239) Eden regions: 1220->0(1224)
[138.988s][info][gc,heap        ] GC(239) Survivor regions: 4->4(107)
[138.988s][info][gc,heap        ] GC(239) Old regions: 45->41
[138.988s][info][gc,heap        ] GC(239) Archive regions: 0->0
[138.988s][info][gc,heap        ] GC(239) Humongous regions: 672->672
[138.988s][info][gc,metaspace   ] GC(239) Metaspace: 121334K(125888K)->121334K(125888K) NonClass: 104741K(105408K)->104741K(105408K) Class: 16593K(20480K)->16593K(20480K)
[138.988s][info][gc             ] GC(239) Pause Young (Mixed) (G1 Evacuation Pause) 3839M->1399M(4096M) 3.560ms
[138.988s][info][gc,cpu         ] GC(239) User=0.00s Sys=0.00s Real=0.00s
[139.158s][info][gc,start       ] GC(240) Pause Young (Concurrent Start) (G1 Evacuation Pause)
[139.158s][info][gc,task        ] GC(240) Using 33 workers of 33 for evacuation
[139.162s][info][gc,phases      ] GC(240)   Pre Evacuate Collection Set: 0.5ms
[139.162s][info][gc,phases      ] GC(240)   Merge Heap Roots: 0.4ms
[139.162s][info][gc,phases      ] GC(240)   Evacuate Collection Set: 1.9ms
[139.162s][info][gc,phases      ] GC(240)   Post Evacuate Collection Set: 0.9ms
[139.162s][info][gc,phases      ] GC(240)   Other: 0.1ms
[139.162s][info][gc,heap        ] GC(240) Eden regions: 1224->0(1224)
[139.162s][info][gc,heap        ] GC(240) Survivor regions: 4->4(107)
[139.162s][info][gc,heap        ] GC(240) Old regions: 41->41
[139.162s][info][gc,heap        ] GC(240) Archive regions: 0->0
[139.162s][info][gc,heap        ] GC(240) Humongous regions: 672->672
[139.162s][info][gc,metaspace   ] GC(240) Metaspace: 121334K(125888K)->121334K(125888K) NonClass: 104741K(105408K)->104741K(105408K) Class: 16593K(20480K)->16593K(20480K)
[139.162s][info][gc             ] GC(240) Pause Young (Concurrent Start) (G1 Evacuation Pause) 3847M->1399M(4096M) 4.061ms
[139.162s][info][gc             ] GC(241) Concurrent Mark Cycle
[139.162s][info][gc,marking     ] GC(241) Concurrent Scan Root Regions
[139.162s][info][gc,cpu         ] GC(240) User=0.00s Sys=0.00s Real=0.00s
[139.184s][info][gc,marking     ] GC(241) Concurrent Scan Root Regions 21.581ms
[139.185s][info][gc,marking     ] GC(241) Concurrent Mark
[139.185s][info][gc,marking     ] GC(241) Concurrent Mark From Roots
[139.185s][info][gc,task        ] GC(241) Using 8 workers of 8 for marking
[139.235s][info][gc,marking     ] GC(241) Concurrent Mark From Roots 50.752ms
[139.235s][info][gc,marking     ] GC(241) Concurrent Preclean
[139.237s][info][gc,marking     ] GC(241) Concurrent Preclean 1.668ms
[139.237s][info][gc,start       ] GC(241) Pause Remark
[139.240s][info][gc             ] GC(241) Pause Remark 2411M->2411M(4096M) 3.091ms
[139.241s][info][gc,cpu         ] GC(241) User=0.00s Sys=0.00s Real=0.00s
[139.241s][info][gc,marking     ] GC(241) Concurrent Mark 56.138ms
[139.241s][info][gc,marking     ] GC(241) Concurrent Rebuild Remembered Sets and Scrub Regions
[139.250s][info][gc,marking     ] GC(241) Concurrent Rebuild Remembered Sets and Scrub Regions 9.744ms
[139.251s][info][gc,start       ] GC(241) Pause Cleanup
[139.251s][info][gc             ] GC(241) Pause Cleanup 2504M->2504M(4096M) 0.319ms
[139.251s][info][gc,cpu         ] GC(241) User=0.00s Sys=0.00s Real=0.00s
[139.251s][info][gc,marking     ] GC(241) Concurrent Clear Claimed Marks
[139.251s][info][gc,marking     ] GC(241) Concurrent Clear Claimed Marks 0.237ms
[139.251s][info][gc,marking     ] GC(241) Concurrent Cleanup for Next Mark
[139.258s][info][gc,marking     ] GC(241) Concurrent Cleanup for Next Mark 6.311ms
[139.258s][info][gc             ] GC(241) Concurrent Mark Cycle 95.346ms
[139.859s][info][gc,start       ] GC(242) Pause Full (System.gc())
[139.859s][info][gc,task        ] GC(242) Using 33 workers of 33 for full compaction
[139.861s][info][gc,phases,start] GC(242) Phase 1: Mark live objects
[139.903s][info][gc,phases      ] GC(242) Phase 1: Mark live objects 42.050ms
[139.903s][info][gc,phases,start] GC(242) Phase 2: Prepare compaction
[139.907s][info][gc,phases      ] GC(242) Phase 2: Prepare compaction 4.105ms
[139.907s][info][gc,phases,start] GC(242) Phase 3: Adjust pointers
[139.918s][info][gc,phases      ] GC(242) Phase 3: Adjust pointers 10.932ms
[139.918s][info][gc,phases,start] GC(242) Phase 4: Compact heap
[139.919s][info][gc,phases      ] GC(242) Phase 4: Compact heap 1.676ms
[139.933s][info][gc,heap        ] GC(242) Eden regions: 640->0(1225)
[139.933s][info][gc,heap        ] GC(242) Survivor regions: 4->0(107)
[139.933s][info][gc,heap        ] GC(242) Old regions: 41->48
[139.933s][info][gc,heap        ] GC(242) Archive regions: 0->0
[139.933s][info][gc,heap        ] GC(242) Humongous regions: 675->672
[139.933s][info][gc,metaspace   ] GC(242) Metaspace: 121342K(125888K)->121342K(125888K) NonClass: 104749K(105408K)->104749K(105408K) Class: 16593K(20480K)->16593K(20480K)
[139.933s][info][gc             ] GC(242) Pause Full (System.gc()) 2684M->1392M(4096M) 73.864ms
[139.933s][info][gc,cpu         ] GC(242) User=1.77s Sys=0.03s Real=0.08s
[139.986s][info][gc,start       ] GC(243) Pause Young (Concurrent Start) (G1 Humongous Allocation)
[139.986s][info][gc,task        ] GC(243) Using 33 workers of 33 for evacuation
[139.990s][info][gc,phases      ] GC(243)   Pre Evacuate Collection Set: 0.5ms
[139.990s][info][gc,phases      ] GC(243)   Merge Heap Roots: 0.1ms
[139.990s][info][gc,phases      ] GC(243)   Evacuate Collection Set: 2.1ms
[139.990s][info][gc,phases      ] GC(243)   Post Evacuate Collection Set: 0.8ms
[139.990s][info][gc,phases      ] GC(243)   Other: 0.1ms
[139.990s][info][gc,heap        ] GC(243) Eden regions: 6->0(1223)
[139.990s][info][gc,heap        ] GC(243) Survivor regions: 0->1(154)
[139.990s][info][gc,heap        ] GC(243) Old regions: 48->48
[139.990s][info][gc,heap        ] GC(243) Archive regions: 0->0
[139.990s][info][gc,heap        ] GC(243) Humongous regions: 672->672
[139.990s][info][gc,metaspace   ] GC(243) Metaspace: 121399K(125952K)->121399K(125952K) NonClass: 104806K(105472K)->104806K(105472K) Class: 16593K(20480K)->16593K(20480K)
[139.990s][info][gc             ] GC(243) Pause Young (Concurrent Start) (G1 Humongous Allocation) 1402M->1393M(4096M) 4.005ms
[139.990s][info][gc             ] GC(244) Concurrent Mark Cycle
[139.990s][info][gc,cpu         ] GC(243) User=0.09s Sys=0.00s Real=0.01s
[139.990s][info][gc,marking     ] GC(244) Concurrent Scan Root Regions
[139.994s][info][gc,marking     ] GC(244) Concurrent Scan Root Regions 3.782ms
[139.994s][info][gc,marking     ] GC(244) Concurrent Mark
[139.994s][info][gc,marking     ] GC(244) Concurrent Mark From Roots
[139.994s][info][gc,task        ] GC(244) Using 8 workers of 8 for marking
[140.026s][info][gc,marking     ] GC(244) Concurrent Mark From Roots 31.699ms
[140.026s][info][gc,marking     ] GC(244) Concurrent Preclean
[140.031s][info][gc,marking     ] GC(244) Concurrent Preclean 4.133ms
[140.031s][info][gc,start       ] GC(244) Pause Remark
[140.035s][info][gc             ] GC(244) Pause Remark 1655M->1655M(4096M) 3.530ms
[140.035s][info][gc,cpu         ] GC(244) User=0.00s Sys=0.00s Real=0.00s
[140.035s][info][gc,marking     ] GC(244) Concurrent Mark 40.721ms
[140.035s][info][gc,marking     ] GC(244) Concurrent Rebuild Remembered Sets and Scrub Regions
[140.056s][info][gc,marking     ] GC(244) Concurrent Rebuild Remembered Sets and Scrub Regions 21.306ms
[140.057s][info][gc,start       ] GC(244) Pause Cleanup
[140.058s][info][gc             ] GC(244) Pause Cleanup 1955M->1955M(4096M) 0.448ms
[140.058s][info][gc,cpu         ] GC(244) User=0.00s Sys=0.00s Real=0.00s
[140.058s][info][gc,marking     ] GC(244) Concurrent Clear Claimed Marks
[140.059s][info][gc,marking     ] GC(244) Concurrent Clear Claimed Marks 0.898ms
[140.059s][info][gc,marking     ] GC(244) Concurrent Cleanup for Next Mark
[140.073s][info][gc,marking     ] GC(244) Concurrent Cleanup for Next Mark 14.401ms
[140.074s][info][gc             ] GC(244) Concurrent Mark Cycle 83.348ms
[140.193s][info][gc,start       ] GC(245) Pause Young (Prepare Mixed) (G1 Evacuation Pause)
[140.194s][info][gc,task        ] GC(245) Using 33 workers of 33 for evacuation
[140.197s][info][gc,phases      ] GC(245)   Pre Evacuate Collection Set: 0.3ms
[140.197s][info][gc,phases      ] GC(245)   Merge Heap Roots: 1.0ms
[140.197s][info][gc,phases      ] GC(245)   Evacuate Collection Set: 1.4ms
[140.197s][info][gc,phases      ] GC(245)   Post Evacuate Collection Set: 0.9ms
[140.198s][info][gc,phases      ] GC(245)   Other: 0.2ms
[140.198s][info][gc,heap        ] GC(245) Eden regions: 1223->0(1217)
[140.198s][info][gc,heap        ] GC(245) Survivor regions: 1->4(101)
[140.198s][info][gc,heap        ] GC(245) Old regions: 48->48
[140.198s][info][gc,heap        ] GC(245) Archive regions: 0->0
[140.198s][info][gc,heap        ] GC(245) Humongous regions: 675->672
[140.198s][info][gc,metaspace   ] GC(245) Metaspace: 121402K(125952K)->121402K(125952K) NonClass: 104809K(105472K)->104809K(105472K) Class: 16593K(20480K)->16593K(20480K)
[140.198s][info][gc             ] GC(245) Pause Young (Prepare Mixed) (G1 Evacuation Pause) 3845M->1398M(4096M) 4.137ms
[140.198s][info][gc,cpu         ] GC(245) User=0.00s Sys=0.00s Real=0.00s
[140.367s][info][gc,start       ] GC(246) Pause Young (Mixed) (G1 Evacuation Pause)
[140.367s][info][gc,task        ] GC(246) Using 33 workers of 33 for evacuation
[140.371s][info][gc,phases      ] GC(246)   Pre Evacuate Collection Set: 0.3ms
[140.371s][info][gc,phases      ] GC(246)   Merge Heap Roots: 0.4ms
[140.371s][info][gc,phases      ] GC(246)   Evacuate Collection Set: 1.5ms
[140.371s][info][gc,phases      ] GC(246)   Post Evacuate Collection Set: 0.9ms
[140.371s][info][gc,phases      ] GC(246)   Other: 0.2ms
[140.371s][info][gc,heap        ] GC(246) Eden regions: 1217->0(1220)
[140.371s][info][gc,heap        ] GC(246) Survivor regions: 4->4(107)
[140.371s][info][gc,heap        ] GC(246) Old regions: 48->45
[140.371s][info][gc,heap        ] GC(246) Archive regions: 0->0
[140.371s][info][gc,heap        ] GC(246) Humongous regions: 672->672
[140.371s][info][gc,metaspace   ] GC(246) Metaspace: 121402K(125952K)->121402K(125952K) NonClass: 104809K(105472K)->104809K(105472K) Class: 16593K(20480K)->16593K(20480K)
[140.371s][info][gc             ] GC(246) Pause Young (Mixed) (G1 Evacuation Pause) 3832M->1399M(4096M) 3.480ms
[140.371s][info][gc,cpu         ] GC(246) User=0.03s Sys=0.00s Real=0.02s
[140.539s][info][gc,start       ] GC(247) Pause Young (Concurrent Start) (G1 Evacuation Pause)
[140.539s][info][gc,task        ] GC(247) Using 33 workers of 33 for evacuation
[140.543s][info][gc,phases      ] GC(247)   Pre Evacuate Collection Set: 0.5ms
[140.543s][info][gc,phases      ] GC(247)   Merge Heap Roots: 0.3ms
[140.543s][info][gc,phases      ] GC(247)   Evacuate Collection Set: 2.1ms
[140.543s][info][gc,phases      ] GC(247)   Post Evacuate Collection Set: 0.9ms
[140.543s][info][gc,phases      ] GC(247)   Other: 0.1ms
[140.543s][info][gc,heap        ] GC(247) Eden regions: 1220->0(1220)
[140.543s][info][gc,heap        ] GC(247) Survivor regions: 4->4(107)
[140.543s][info][gc,heap        ] GC(247) Old regions: 45->45
[140.543s][info][gc,heap        ] GC(247) Archive regions: 0->0
[140.543s][info][gc,heap        ] GC(247) Humongous regions: 672->672
[140.543s][info][gc,metaspace   ] GC(247) Metaspace: 121402K(125952K)->121402K(125952K) NonClass: 104809K(105472K)->104809K(105472K) Class: 16593K(20480K)->16593K(20480K)
[140.543s][info][gc             ] GC(247) Pause Young (Concurrent Start) (G1 Evacuation Pause) 3839M->1399M(4096M) 4.138ms
[140.543s][info][gc             ] GC(248) Concurrent Mark Cycle
[140.543s][info][gc,marking     ] GC(248) Concurrent Scan Root Regions
[140.543s][info][gc,cpu         ] GC(247) User=0.00s Sys=0.00s Real=0.00s
[140.565s][info][gc,marking     ] GC(248) Concurrent Scan Root Regions 21.868ms
[140.566s][info][gc,marking     ] GC(248) Concurrent Mark
[140.566s][info][gc,marking     ] GC(248) Concurrent Mark From Roots
[140.566s][info][gc,task        ] GC(248) Using 8 workers of 8 for marking
[140.616s][info][gc,marking     ] GC(248) Concurrent Mark From Roots 50.680ms
[140.617s][info][gc,marking     ] GC(248) Concurrent Preclean
[140.620s][info][gc,marking     ] GC(248) Concurrent Preclean 3.011ms
[140.621s][info][gc,start       ] GC(248) Pause Remark
[140.624s][info][gc             ] GC(248) Pause Remark 2509M->2509M(4096M) 3.131ms
[140.624s][info][gc,cpu         ] GC(248) User=0.02s Sys=0.00s Real=0.02s
[140.624s][info][gc,marking     ] GC(248) Concurrent Mark 58.560ms
[140.624s][info][gc,marking     ] GC(248) Concurrent Rebuild Remembered Sets and Scrub Regions
[140.650s][info][gc,marking     ] GC(248) Concurrent Rebuild Remembered Sets and Scrub Regions 25.365ms
[140.651s][info][gc,start       ] GC(248) Pause Cleanup
[140.651s][info][gc             ] GC(248) Pause Cleanup 2897M->2897M(4096M) 0.315ms
[140.651s][info][gc,cpu         ] GC(248) User=0.00s Sys=0.00s Real=0.00s
[140.652s][info][gc,marking     ] GC(248) Concurrent Clear Claimed Marks
[140.653s][info][gc,marking     ] GC(248) Concurrent Clear Claimed Marks 1.027ms
[140.653s][info][gc,marking     ] GC(248) Concurrent Cleanup for Next Mark
[140.668s][info][gc,marking     ] GC(248) Concurrent Cleanup for Next Mark 15.102ms
[140.669s][info][gc             ] GC(248) Concurrent Mark Cycle 125.426ms
[140.721s][info][gc,start       ] GC(249) Pause Young (Prepare Mixed) (G1 Evacuation Pause)
[140.721s][info][gc,task        ] GC(249) Using 33 workers of 33 for evacuation
[140.725s][info][gc,phases      ] GC(249)   Pre Evacuate Collection Set: 0.3ms
[140.725s][info][gc,phases      ] GC(249)   Merge Heap Roots: 1.0ms
[140.725s][info][gc,phases      ] GC(249)   Evacuate Collection Set: 1.2ms
[140.725s][info][gc,phases      ] GC(249)   Post Evacuate Collection Set: 0.9ms
[140.725s][info][gc,phases      ] GC(249)   Other: 0.2ms
[140.725s][info][gc,heap        ] GC(249) Eden regions: 1220->0(1220)
[140.725s][info][gc,heap        ] GC(249) Survivor regions: 4->4(107)
[140.725s][info][gc,heap        ] GC(249) Old regions: 45->45
[140.725s][info][gc,heap        ] GC(249) Archive regions: 0->0
[140.725s][info][gc,heap        ] GC(249) Humongous regions: 672->672
[140.725s][info][gc,metaspace   ] GC(249) Metaspace: 121402K(125952K)->121402K(125952K) NonClass: 104809K(105472K)->104809K(105472K) Class: 16593K(20480K)->16593K(20480K)
[140.725s][info][gc             ] GC(249) Pause Young (Prepare Mixed) (G1 Evacuation Pause) 3839M->1399M(4096M) 3.681ms
[140.725s][info][gc,cpu         ] GC(249) User=0.00s Sys=0.00s Real=0.00s
[140.893s][info][gc,start       ] GC(250) Pause Young (Mixed) (G1 Evacuation Pause)
[140.893s][info][gc,task        ] GC(250) Using 33 workers of 33 for evacuation
[140.897s][info][gc,phases      ] GC(250)   Pre Evacuate Collection Set: 0.3ms
[140.897s][info][gc,phases      ] GC(250)   Merge Heap Roots: 0.4ms
[140.897s][info][gc,phases      ] GC(250)   Evacuate Collection Set: 1.5ms
[140.897s][info][gc,phases      ] GC(250)   Post Evacuate Collection Set: 0.9ms
[140.897s][info][gc,phases      ] GC(250)   Other: 0.2ms
[140.897s][info][gc,heap        ] GC(250) Eden regions: 1220->0(1224)
[140.897s][info][gc,heap        ] GC(250) Survivor regions: 4->4(107)
[140.897s][info][gc,heap        ] GC(250) Old regions: 45->41
[140.897s][info][gc,heap        ] GC(250) Archive regions: 0->0
[140.897s][info][gc,heap        ] GC(250) Humongous regions: 672->672
[140.897s][info][gc,metaspace   ] GC(250) Metaspace: 121402K(125952K)->121402K(125952K) NonClass: 104809K(105472K)->104809K(105472K) Class: 16593K(20480K)->16593K(20480K)
[140.897s][info][gc             ] GC(250) Pause Young (Mixed) (G1 Evacuation Pause) 3839M->1399M(4096M) 3.556ms
[140.897s][info][gc,cpu         ] GC(250) User=0.00s Sys=0.00s Real=0.00s
[141.068s][info][gc,start       ] GC(251) Pause Young (Concurrent Start) (G1 Evacuation Pause)
[141.068s][info][gc,task        ] GC(251) Using 33 workers of 33 for evacuation
[141.072s][info][gc,phases      ] GC(251)   Pre Evacuate Collection Set: 0.5ms
[141.072s][info][gc,phases      ] GC(251)   Merge Heap Roots: 0.4ms
[141.072s][info][gc,phases      ] GC(251)   Evacuate Collection Set: 1.7ms
[141.072s][info][gc,phases      ] GC(251)   Post Evacuate Collection Set: 1.0ms
[141.072s][info][gc,phases      ] GC(251)   Other: 0.1ms
[141.072s][info][gc,heap        ] GC(251) Eden regions: 1224->0(1224)
[141.072s][info][gc,heap        ] GC(251) Survivor regions: 4->4(107)
[141.072s][info][gc,heap        ] GC(251) Old regions: 41->41
[141.072s][info][gc,heap        ] GC(251) Archive regions: 0->0
[141.072s][info][gc,heap        ] GC(251) Humongous regions: 672->672
[141.072s][info][gc,metaspace   ] GC(251) Metaspace: 121413K(125952K)->121413K(125952K) NonClass: 104820K(105472K)->104820K(105472K) Class: 16593K(20480K)->16593K(20480K)
[141.072s][info][gc             ] GC(251) Pause Young (Concurrent Start) (G1 Evacuation Pause) 3847M->1399M(4096M) 3.960ms
[141.072s][info][gc             ] GC(252) Concurrent Mark Cycle
[141.072s][info][gc,marking     ] GC(252) Concurrent Scan Root Regions
[141.072s][info][gc,cpu         ] GC(251) User=0.00s Sys=0.00s Real=0.00s
[141.093s][info][gc,marking     ] GC(252) Concurrent Scan Root Regions 20.685ms
[141.093s][info][gc,marking     ] GC(252) Concurrent Mark
[141.093s][info][gc,marking     ] GC(252) Concurrent Mark From Roots
[141.093s][info][gc,task        ] GC(252) Using 8 workers of 8 for marking
[141.143s][info][gc,marking     ] GC(252) Concurrent Mark From Roots 49.742ms
[141.143s][info][gc,marking     ] GC(252) Concurrent Preclean
[141.144s][info][gc,marking     ] GC(252) Concurrent Preclean 1.369ms
[141.145s][info][gc,start       ] GC(252) Pause Remark
[141.148s][info][gc             ] GC(252) Pause Remark 2403M->2403M(4096M) 2.940ms
[141.148s][info][gc,cpu         ] GC(252) User=0.00s Sys=0.00s Real=0.00s
[141.148s][info][gc,marking     ] GC(252) Concurrent Mark 54.731ms
[141.148s][info][gc,marking     ] GC(252) Concurrent Rebuild Remembered Sets and Scrub Regions
[141.159s][info][gc,marking     ] GC(252) Concurrent Rebuild Remembered Sets and Scrub Regions 11.319ms
[141.159s][info][gc,start       ] GC(252) Pause Cleanup
[141.160s][info][gc             ] GC(252) Pause Cleanup 2537M->2537M(4096M) 0.327ms
[141.160s][info][gc,cpu         ] GC(252) User=0.00s Sys=0.00s Real=0.00s
[141.160s][info][gc,marking     ] GC(252) Concurrent Clear Claimed Marks
[141.160s][info][gc,marking     ] GC(252) Concurrent Clear Claimed Marks 0.182ms
[141.160s][info][gc,marking     ] GC(252) Concurrent Cleanup for Next Mark
[141.165s][info][gc,marking     ] GC(252) Concurrent Cleanup for Next Mark 5.242ms
[141.165s][info][gc             ] GC(252) Concurrent Mark Cycle 93.484ms
[141.777s][info][gc,start       ] GC(253) Pause Full (System.gc())
[141.777s][info][gc,task        ] GC(253) Using 33 workers of 33 for full compaction
[141.779s][info][gc,phases,start] GC(253) Phase 1: Mark live objects
[141.824s][info][gc,phases      ] GC(253) Phase 1: Mark live objects 44.846ms
[141.824s][info][gc,phases,start] GC(253) Phase 2: Prepare compaction
[141.829s][info][gc,phases      ] GC(253) Phase 2: Prepare compaction 4.960ms
[141.829s][info][gc,phases,start] GC(253) Phase 3: Adjust pointers
[141.839s][info][gc,phases      ] GC(253) Phase 3: Adjust pointers 10.606ms
[141.839s][info][gc,phases,start] GC(253) Phase 4: Compact heap
[141.841s][info][gc,phases      ] GC(253) Phase 4: Compact heap 1.447ms
[141.856s][info][gc,heap        ] GC(253) Eden regions: 638->0(1225)
[141.856s][info][gc,heap        ] GC(253) Survivor regions: 4->0(107)
[141.856s][info][gc,heap        ] GC(253) Old regions: 41->48
[141.856s][info][gc,heap        ] GC(253) Archive regions: 0->0
[141.856s][info][gc,heap        ] GC(253) Humongous regions: 675->672
[141.856s][info][gc,metaspace   ] GC(253) Metaspace: 121431K(125952K)->121431K(125952K) NonClass: 104838K(105472K)->104838K(105472K) Class: 16593K(20480K)->16593K(20480K)
[141.856s][info][gc             ] GC(253) Pause Full (System.gc()) 2681M->1392M(4096M) 78.642ms
[141.856s][info][gc,cpu         ] GC(253) User=2.06s Sys=0.02s Real=0.08s
[141.916s][info][gc,start       ] GC(254) Pause Young (Concurrent Start) (G1 Humongous Allocation)
[141.916s][info][gc,task        ] GC(254) Using 33 workers of 33 for evacuation
[141.920s][info][gc,phases      ] GC(254)   Pre Evacuate Collection Set: 0.5ms
[141.920s][info][gc,phases      ] GC(254)   Merge Heap Roots: 0.1ms
[141.920s][info][gc,phases      ] GC(254)   Evacuate Collection Set: 2.1ms
[141.920s][info][gc,phases      ] GC(254)   Post Evacuate Collection Set: 0.7ms
[141.920s][info][gc,phases      ] GC(254)   Other: 0.1ms
[141.920s][info][gc,heap        ] GC(254) Eden regions: 5->0(1223)
[141.920s][info][gc,heap        ] GC(254) Survivor regions: 0->1(154)
[141.920s][info][gc,heap        ] GC(254) Old regions: 48->48
[141.920s][info][gc,heap        ] GC(254) Archive regions: 0->0
[141.920s][info][gc,heap        ] GC(254) Humongous regions: 672->672
[141.920s][info][gc,metaspace   ] GC(254) Metaspace: 121471K(126016K)->121471K(126016K) NonClass: 104877K(105536K)->104877K(105536K) Class: 16593K(20480K)->16593K(20480K)
[141.920s][info][gc             ] GC(254) Pause Young (Concurrent Start) (G1 Humongous Allocation) 1401M->1393M(4096M) 4.029ms
[141.920s][info][gc             ] GC(255) Concurrent Mark Cycle
[141.920s][info][gc,cpu         ] GC(254) User=0.00s Sys=0.00s Real=0.00s
[141.921s][info][gc,marking     ] GC(255) Concurrent Scan Root Regions
[141.925s][info][gc,marking     ] GC(255) Concurrent Scan Root Regions 3.968ms
[141.925s][info][gc,marking     ] GC(255) Concurrent Mark
[141.925s][info][gc,marking     ] GC(255) Concurrent Mark From Roots
[141.925s][info][gc,task        ] GC(255) Using 8 workers of 8 for marking
[141.974s][info][gc,marking     ] GC(255) Concurrent Mark From Roots 49.660ms
[141.975s][info][gc,marking     ] GC(255) Concurrent Preclean
[141.979s][info][gc,marking     ] GC(255) Concurrent Preclean 4.063ms
[141.980s][info][gc,start       ] GC(255) Pause Remark
[141.983s][info][gc             ] GC(255) Pause Remark 1944M->1944M(4096M) 3.556ms
[141.984s][info][gc,cpu         ] GC(255) User=0.00s Sys=0.00s Real=0.00s
[141.984s][info][gc,marking     ] GC(255) Concurrent Mark 59.315ms
[141.984s][info][gc,marking     ] GC(255) Concurrent Rebuild Remembered Sets and Scrub Regions
[142.006s][info][gc,marking     ] GC(255) Concurrent Rebuild Remembered Sets and Scrub Regions 21.276ms
[142.007s][info][gc,start       ] GC(255) Pause Cleanup
[142.007s][info][gc             ] GC(255) Pause Cleanup 2267M->2267M(4096M) 0.457ms
[142.007s][info][gc,cpu         ] GC(255) User=0.00s Sys=0.00s Real=0.00s
[142.007s][info][gc,marking     ] GC(255) Concurrent Clear Claimed Marks
[142.008s][info][gc,marking     ] GC(255) Concurrent Clear Claimed Marks 1.141ms
[142.008s][info][gc,marking     ] GC(255) Concurrent Cleanup for Next Mark
[142.024s][info][gc,marking     ] GC(255) Concurrent Cleanup for Next Mark 15.710ms
[142.025s][info][gc             ] GC(255) Concurrent Mark Cycle 104.065ms
[142.124s][info][gc,start       ] GC(256) Pause Young (Prepare Mixed) (G1 Evacuation Pause)
[142.124s][info][gc,task        ] GC(256) Using 33 workers of 33 for evacuation
[142.128s][info][gc,phases      ] GC(256)   Pre Evacuate Collection Set: 0.3ms
[142.128s][info][gc,phases      ] GC(256)   Merge Heap Roots: 1.0ms
[142.128s][info][gc,phases      ] GC(256)   Evacuate Collection Set: 1.4ms
[142.128s][info][gc,phases      ] GC(256)   Post Evacuate Collection Set: 1.0ms
[142.128s][info][gc,phases      ] GC(256)   Other: 0.2ms
[142.128s][info][gc,heap        ] GC(256) Eden regions: 1223->0(1217)
[142.128s][info][gc,heap        ] GC(256) Survivor regions: 1->4(101)
[142.128s][info][gc,heap        ] GC(256) Old regions: 48->48
[142.128s][info][gc,heap        ] GC(256) Archive regions: 0->0
[142.128s][info][gc,heap        ] GC(256) Humongous regions: 675->672
[142.128s][info][gc,metaspace   ] GC(256) Metaspace: 121471K(126016K)->121471K(126016K) NonClass: 104877K(105536K)->104877K(105536K) Class: 16593K(20480K)->16593K(20480K)
[142.128s][info][gc             ] GC(256) Pause Young (Prepare Mixed) (G1 Evacuation Pause) 3845M->1399M(4096M) 4.182ms
[142.128s][info][gc,cpu         ] GC(256) User=0.00s Sys=0.00s Real=0.00s
[142.300s][info][gc,start       ] GC(257) Pause Young (Mixed) (G1 Evacuation Pause)
[142.300s][info][gc,task        ] GC(257) Using 33 workers of 33 for evacuation
[142.304s][info][gc,phases      ] GC(257)   Pre Evacuate Collection Set: 0.3ms
[142.304s][info][gc,phases      ] GC(257)   Merge Heap Roots: 0.4ms
[142.304s][info][gc,phases      ] GC(257)   Evacuate Collection Set: 1.5ms
[142.304s][info][gc,phases      ] GC(257)   Post Evacuate Collection Set: 0.9ms
[142.304s][info][gc,phases      ] GC(257)   Other: 0.2ms
[142.304s][info][gc,heap        ] GC(257) Eden regions: 1217->0(1220)
[142.304s][info][gc,heap        ] GC(257) Survivor regions: 4->4(107)
[142.304s][info][gc,heap        ] GC(257) Old regions: 48->45
[142.304s][info][gc,heap        ] GC(257) Archive regions: 0->0
[142.304s][info][gc,heap        ] GC(257) Humongous regions: 672->672
[142.304s][info][gc,metaspace   ] GC(257) Metaspace: 121471K(126016K)->121471K(126016K) NonClass: 104877K(105536K)->104877K(105536K) Class: 16593K(20480K)->16593K(20480K)
[142.304s][info][gc             ] GC(257) Pause Young (Mixed) (G1 Evacuation Pause) 3833M->1399M(4096M) 3.701ms
[142.304s][info][gc,cpu         ] GC(257) User=0.00s Sys=0.00s Real=0.00s
[142.475s][info][gc,start       ] GC(258) Pause Young (Concurrent Start) (G1 Evacuation Pause)
[142.475s][info][gc,task        ] GC(258) Using 33 workers of 33 for evacuation
[142.479s][info][gc,phases      ] GC(258)   Pre Evacuate Collection Set: 0.5ms
[142.479s][info][gc,phases      ] GC(258)   Merge Heap Roots: 0.4ms
[142.479s][info][gc,phases      ] GC(258)   Evacuate Collection Set: 2.0ms
[142.479s][info][gc,phases      ] GC(258)   Post Evacuate Collection Set: 1.0ms
[142.479s][info][gc,phases      ] GC(258)   Other: 0.1ms
[142.479s][info][gc,heap        ] GC(258) Eden regions: 1220->0(1220)
[142.479s][info][gc,heap        ] GC(258) Survivor regions: 4->4(107)
[142.479s][info][gc,heap        ] GC(258) Old regions: 45->45
[142.479s][info][gc,heap        ] GC(258) Archive regions: 0->0
[142.479s][info][gc,heap        ] GC(258) Humongous regions: 672->672
[142.479s][info][gc,metaspace   ] GC(258) Metaspace: 121471K(126016K)->121471K(126016K) NonClass: 104877K(105536K)->104877K(105536K) Class: 16593K(20480K)->16593K(20480K)
[142.479s][info][gc             ] GC(258) Pause Young (Concurrent Start) (G1 Evacuation Pause) 3839M->1399M(4096M) 4.275ms
[142.479s][info][gc             ] GC(259) Concurrent Mark Cycle
[142.479s][info][gc,marking     ] GC(259) Concurrent Scan Root Regions
[142.479s][info][gc,cpu         ] GC(258) User=0.08s Sys=0.00s Real=0.01s
[142.501s][info][gc,marking     ] GC(259) Concurrent Scan Root Regions 21.884ms
[142.502s][info][gc,marking     ] GC(259) Concurrent Mark
[142.502s][info][gc,marking     ] GC(259) Concurrent Mark From Roots
[142.502s][info][gc,task        ] GC(259) Using 8 workers of 8 for marking
[142.557s][info][gc,marking     ] GC(259) Concurrent Mark From Roots 55.490ms
[142.558s][info][gc,marking     ] GC(259) Concurrent Preclean
[142.562s][info][gc,marking     ] GC(259) Concurrent Preclean 4.118ms
[142.563s][info][gc,start       ] GC(259) Pause Remark
[142.566s][info][gc             ] GC(259) Pause Remark 2573M->2573M(4096M) 3.594ms
[142.566s][info][gc,cpu         ] GC(259) User=0.00s Sys=0.00s Real=0.00s
[142.567s][info][gc,marking     ] GC(259) Concurrent Mark 64.968ms
[142.567s][info][gc,marking     ] GC(259) Concurrent Rebuild Remembered Sets and Scrub Regions
[142.589s][info][gc,marking     ] GC(259) Concurrent Rebuild Remembered Sets and Scrub Regions 21.887ms
[142.590s][info][gc,start       ] GC(259) Pause Cleanup
[142.590s][info][gc             ] GC(259) Pause Cleanup 2903M->2903M(4096M) 0.331ms
[142.590s][info][gc,cpu         ] GC(259) User=0.00s Sys=0.00s Real=0.00s
[142.590s][info][gc,marking     ] GC(259) Concurrent Clear Claimed Marks
[142.592s][info][gc,marking     ] GC(259) Concurrent Clear Claimed Marks 1.601ms
[142.592s][info][gc,marking     ] GC(259) Concurrent Cleanup for Next Mark
[142.610s][info][gc,marking     ] GC(259) Concurrent Cleanup for Next Mark 17.952ms
[142.611s][info][gc             ] GC(259) Concurrent Mark Cycle 131.491ms
[142.660s][info][gc,start       ] GC(260) Pause Young (Prepare Mixed) (G1 Evacuation Pause)
[142.661s][info][gc,task        ] GC(260) Using 33 workers of 33 for evacuation
[142.664s][info][gc,phases      ] GC(260)   Pre Evacuate Collection Set: 0.4ms
[142.664s][info][gc,phases      ] GC(260)   Merge Heap Roots: 1.0ms
[142.664s][info][gc,phases      ] GC(260)   Evacuate Collection Set: 1.2ms
[142.664s][info][gc,phases      ] GC(260)   Post Evacuate Collection Set: 1.0ms
[142.664s][info][gc,phases      ] GC(260)   Other: 0.2ms
[142.664s][info][gc,heap        ] GC(260) Eden regions: 1220->0(1220)
[142.664s][info][gc,heap        ] GC(260) Survivor regions: 4->4(107)
[142.664s][info][gc,heap        ] GC(260) Old regions: 45->45
[142.664s][info][gc,heap        ] GC(260) Archive regions: 0->0
[142.664s][info][gc,heap        ] GC(260) Humongous regions: 672->672
[142.664s][info][gc,metaspace   ] GC(260) Metaspace: 121471K(126016K)->121471K(126016K) NonClass: 104877K(105536K)->104877K(105536K) Class: 16593K(20480K)->16593K(20480K)
[142.664s][info][gc             ] GC(260) Pause Young (Prepare Mixed) (G1 Evacuation Pause) 3839M->1399M(4096M) 3.935ms
[142.664s][info][gc,cpu         ] GC(260) User=0.00s Sys=0.00s Real=0.00s
[142.833s][info][gc,start       ] GC(261) Pause Young (Mixed) (G1 Evacuation Pause)
[142.833s][info][gc,task        ] GC(261) Using 33 workers of 33 for evacuation
[142.837s][info][gc,phases      ] GC(261)   Pre Evacuate Collection Set: 0.3ms
[142.837s][info][gc,phases      ] GC(261)   Merge Heap Roots: 0.4ms
[142.837s][info][gc,phases      ] GC(261)   Evacuate Collection Set: 1.5ms
[142.837s][info][gc,phases      ] GC(261)   Post Evacuate Collection Set: 1.0ms
[142.837s][info][gc,phases      ] GC(261)   Other: 0.2ms
[142.837s][info][gc,heap        ] GC(261) Eden regions: 1220->0(1224)
[142.837s][info][gc,heap        ] GC(261) Survivor regions: 4->4(107)
[142.837s][info][gc,heap        ] GC(261) Old regions: 45->41
[142.837s][info][gc,heap        ] GC(261) Archive regions: 0->0
[142.837s][info][gc,heap        ] GC(261) Humongous regions: 672->672
[142.837s][info][gc,metaspace   ] GC(261) Metaspace: 121471K(126016K)->121471K(126016K) NonClass: 104877K(105536K)->104877K(105536K) Class: 16593K(20480K)->16593K(20480K)
[142.837s][info][gc             ] GC(261) Pause Young (Mixed) (G1 Evacuation Pause) 3839M->1399M(4096M) 3.602ms
[142.837s][info][gc,cpu         ] GC(261) User=0.53s Sys=0.00s Real=0.02s
[143.007s][info][gc,start       ] GC(262) Pause Young (Concurrent Start) (G1 Evacuation Pause)
[143.008s][info][gc,task        ] GC(262) Using 33 workers of 33 for evacuation
[143.011s][info][gc,phases      ] GC(262)   Pre Evacuate Collection Set: 0.5ms
[143.011s][info][gc,phases      ] GC(262)   Merge Heap Roots: 0.4ms
[143.011s][info][gc,phases      ] GC(262)   Evacuate Collection Set: 1.9ms
[143.011s][info][gc,phases      ] GC(262)   Post Evacuate Collection Set: 1.0ms
[143.011s][info][gc,phases      ] GC(262)   Other: 0.1ms
[143.012s][info][gc,heap        ] GC(262) Eden regions: 1224->0(1224)
[143.012s][info][gc,heap        ] GC(262) Survivor regions: 4->4(107)
[143.012s][info][gc,heap        ] GC(262) Old regions: 41->41
[143.012s][info][gc,heap        ] GC(262) Archive regions: 0->0
[143.012s][info][gc,heap        ] GC(262) Humongous regions: 672->672
[143.012s][info][gc,metaspace   ] GC(262) Metaspace: 121471K(126016K)->121471K(126016K) NonClass: 104877K(105536K)->104877K(105536K) Class: 16593K(20480K)->16593K(20480K)
[143.012s][info][gc             ] GC(262) Pause Young (Concurrent Start) (G1 Evacuation Pause) 3847M->1399M(4096M) 4.121ms
[143.012s][info][gc             ] GC(263) Concurrent Mark Cycle
[143.012s][info][gc,marking     ] GC(263) Concurrent Scan Root Regions
[143.012s][info][gc,cpu         ] GC(262) User=0.00s Sys=0.00s Real=0.00s
[143.032s][info][gc,marking     ] GC(263) Concurrent Scan Root Regions 19.805ms
[143.032s][info][gc,marking     ] GC(263) Concurrent Mark
[143.032s][info][gc,marking     ] GC(263) Concurrent Mark From Roots
[143.032s][info][gc,task        ] GC(263) Using 8 workers of 8 for marking
[143.077s][info][gc,marking     ] GC(263) Concurrent Mark From Roots 45.011ms
[143.077s][info][gc,marking     ] GC(263) Concurrent Preclean
[143.079s][info][gc,marking     ] GC(263) Concurrent Preclean 2.071ms
[143.079s][info][gc,start       ] GC(263) Pause Remark
[143.082s][info][gc             ] GC(263) Pause Remark 2277M->2277M(4096M) 3.000ms
[143.082s][info][gc,cpu         ] GC(263) User=0.00s Sys=0.00s Real=0.00s
[143.082s][info][gc,marking     ] GC(263) Concurrent Mark 50.750ms
[143.083s][info][gc,marking     ] GC(263) Concurrent Rebuild Remembered Sets and Scrub Regions
[143.097s][info][gc,marking     ] GC(263) Concurrent Rebuild Remembered Sets and Scrub Regions 14.284ms
[143.097s][info][gc,start       ] GC(263) Pause Cleanup
[143.097s][info][gc             ] GC(263) Pause Cleanup 2447M->2447M(4096M) 0.329ms
[143.097s][info][gc,cpu         ] GC(263) User=0.00s Sys=0.00s Real=0.00s
[143.098s][info][gc,marking     ] GC(263) Concurrent Clear Claimed Marks
[143.098s][info][gc,marking     ] GC(263) Concurrent Clear Claimed Marks 0.164ms
[143.098s][info][gc,marking     ] GC(263) Concurrent Cleanup for Next Mark
[143.105s][info][gc,marking     ] GC(263) Concurrent Cleanup for Next Mark 6.911ms
[143.105s][info][gc             ] GC(263) Concurrent Mark Cycle 93.188ms
[143.690s][info][gc,start       ] GC(264) Pause Full (System.gc())
[143.690s][info][gc,task        ] GC(264) Using 33 workers of 33 for full compaction
[143.691s][info][gc,phases,start] GC(264) Phase 1: Mark live objects
[143.735s][info][gc,phases      ] GC(264) Phase 1: Mark live objects 43.884ms
[143.735s][info][gc,phases,start] GC(264) Phase 2: Prepare compaction
[143.739s][info][gc,phases      ] GC(264) Phase 2: Prepare compaction 3.975ms
[143.739s][info][gc,phases,start] GC(264) Phase 3: Adjust pointers
[143.752s][info][gc,phases      ] GC(264) Phase 3: Adjust pointers 12.735ms
[143.752s][info][gc,phases,start] GC(264) Phase 4: Compact heap
[143.754s][info][gc,phases      ] GC(264) Phase 4: Compact heap 1.518ms
[143.771s][info][gc,heap        ] GC(264) Eden regions: 641->0(1224)
[143.771s][info][gc,heap        ] GC(264) Survivor regions: 4->0(107)
[143.771s][info][gc,heap        ] GC(264) Old regions: 41->49
[143.771s][info][gc,heap        ] GC(264) Archive regions: 0->0
[143.771s][info][gc,heap        ] GC(264) Humongous regions: 675->672
[143.771s][info][gc,metaspace   ] GC(264) Metaspace: 121483K(126016K)->121483K(126016K) NonClass: 104889K(105536K)->104889K(105536K) Class: 16593K(20480K)->16593K(20480K)
[143.771s][info][gc             ] GC(264) Pause Full (System.gc()) 2687M->1392M(4096M) 81.005ms
[143.771s][info][gc,cpu         ] GC(264) User=1.98s Sys=0.03s Real=0.09s
[143.830s][info][gc,start       ] GC(265) Pause Young (Concurrent Start) (G1 Humongous Allocation)
[143.830s][info][gc,task        ] GC(265) Using 33 workers of 33 for evacuation
[143.834s][info][gc,phases      ] GC(265)   Pre Evacuate Collection Set: 0.6ms
[143.834s][info][gc,phases      ] GC(265)   Merge Heap Roots: 0.1ms
[143.834s][info][gc,phases      ] GC(265)   Evacuate Collection Set: 2.1ms
[143.834s][info][gc,phases      ] GC(265)   Post Evacuate Collection Set: 0.9ms
[143.834s][info][gc,phases      ] GC(265)   Other: 0.1ms
[143.834s][info][gc,heap        ] GC(265) Eden regions: 5->0(1222)
[143.834s][info][gc,heap        ] GC(265) Survivor regions: 0->1(153)
[143.834s][info][gc,heap        ] GC(265) Old regions: 49->49
[143.834s][info][gc,heap        ] GC(265) Archive regions: 0->0
[143.834s][info][gc,heap        ] GC(265) Humongous regions: 672->672
[143.834s][info][gc,metaspace   ] GC(265) Metaspace: 121522K(126080K)->121522K(126080K) NonClass: 104928K(105600K)->104928K(105600K) Class: 16593K(20480K)->16593K(20480K)
[143.834s][info][gc             ] GC(265) Pause Young (Concurrent Start) (G1 Humongous Allocation) 1402M->1393M(4096M) 4.337ms
[143.834s][info][gc             ] GC(266) Concurrent Mark Cycle
[143.834s][info][gc,cpu         ] GC(265) User=0.55s Sys=0.00s Real=0.02s
[143.834s][info][gc,marking     ] GC(266) Concurrent Scan Root Regions
[143.837s][info][gc,marking     ] GC(266) Concurrent Scan Root Regions 3.360ms
[143.838s][info][gc,marking     ] GC(266) Concurrent Mark
[143.838s][info][gc,marking     ] GC(266) Concurrent Mark From Roots
[143.838s][info][gc,task        ] GC(266) Using 8 workers of 8 for marking
[143.867s][info][gc,marking     ] GC(266) Concurrent Mark From Roots 29.592ms
[143.867s][info][gc,marking     ] GC(266) Concurrent Preclean
[143.871s][info][gc,marking     ] GC(266) Concurrent Preclean 3.056ms
[143.871s][info][gc,start       ] GC(266) Pause Remark
[143.875s][info][gc             ] GC(266) Pause Remark 1623M->1623M(4096M) 3.464ms
[143.875s][info][gc,cpu         ] GC(266) User=0.00s Sys=0.00s Real=0.00s
[143.875s][info][gc,marking     ] GC(266) Concurrent Mark 37.518ms
[143.875s][info][gc,marking     ] GC(266) Concurrent Rebuild Remembered Sets and Scrub Regions
[143.896s][info][gc,marking     ] GC(266) Concurrent Rebuild Remembered Sets and Scrub Regions 20.686ms
[143.897s][info][gc,start       ] GC(266) Pause Cleanup
[143.897s][info][gc             ] GC(266) Pause Cleanup 1927M->1927M(4096M) 0.441ms
[143.897s][info][gc,cpu         ] GC(266) User=0.00s Sys=0.00s Real=0.00s
[143.898s][info][gc,marking     ] GC(266) Concurrent Clear Claimed Marks
[143.899s][info][gc,marking     ] GC(266) Concurrent Clear Claimed Marks 1.756ms
[143.900s][info][gc,marking     ] GC(266) Concurrent Cleanup for Next Mark
[143.914s][info][gc,marking     ] GC(266) Concurrent Cleanup for Next Mark 14.697ms
[143.915s][info][gc             ] GC(266) Concurrent Mark Cycle 80.750ms
[144.035s][info][gc,start       ] GC(267) Pause Young (Prepare Mixed) (G1 Evacuation Pause)
[144.035s][info][gc,task        ] GC(267) Using 33 workers of 33 for evacuation
[144.039s][info][gc,phases      ] GC(267)   Pre Evacuate Collection Set: 0.4ms
[144.039s][info][gc,phases      ] GC(267)   Merge Heap Roots: 1.0ms
[144.039s][info][gc,phases      ] GC(267)   Evacuate Collection Set: 1.3ms
[144.039s][info][gc,phases      ] GC(267)   Post Evacuate Collection Set: 1.0ms
[144.039s][info][gc,phases      ] GC(267)   Other: 0.2ms
[144.039s][info][gc,heap        ] GC(267) Eden regions: 1222->0(1216)
[144.039s][info][gc,heap        ] GC(267) Survivor regions: 1->4(101)
[144.039s][info][gc,heap        ] GC(267) Old regions: 49->49
[144.039s][info][gc,heap        ] GC(267) Archive regions: 0->0
[144.039s][info][gc,heap        ] GC(267) Humongous regions: 675->672
[144.039s][info][gc,metaspace   ] GC(267) Metaspace: 121522K(126080K)->121522K(126080K) NonClass: 104928K(105600K)->104928K(105600K) Class: 16593K(20480K)->16593K(20480K)
[144.039s][info][gc             ] GC(267) Pause Young (Prepare Mixed) (G1 Evacuation Pause) 3843M->1399M(4096M) 4.038ms
[144.039s][info][gc,cpu         ] GC(267) User=0.00s Sys=0.00s Real=0.00s
[144.207s][info][gc,start       ] GC(268) Pause Young (Mixed) (G1 Evacuation Pause)
[144.207s][info][gc,task        ] GC(268) Using 33 workers of 33 for evacuation
[144.211s][info][gc,phases      ] GC(268)   Pre Evacuate Collection Set: 0.3ms
[144.211s][info][gc,phases      ] GC(268)   Merge Heap Roots: 0.4ms
[144.211s][info][gc,phases      ] GC(268)   Evacuate Collection Set: 1.4ms
[144.211s][info][gc,phases      ] GC(268)   Post Evacuate Collection Set: 0.9ms
[144.211s][info][gc,phases      ] GC(268)   Other: 0.2ms
[144.211s][info][gc,heap        ] GC(268) Eden regions: 1216->0(1219)
[144.211s][info][gc,heap        ] GC(268) Survivor regions: 4->4(107)
[144.211s][info][gc,heap        ] GC(268) Old regions: 49->46
[144.211s][info][gc,heap        ] GC(268) Archive regions: 0->0
[144.211s][info][gc,heap        ] GC(268) Humongous regions: 672->672
[144.211s][info][gc,metaspace   ] GC(268) Metaspace: 121522K(126080K)->121522K(126080K) NonClass: 104928K(105600K)->104928K(105600K) Class: 16593K(20480K)->16593K(20480K)
[144.211s][info][gc             ] GC(268) Pause Young (Mixed) (G1 Evacuation Pause) 3831M->1399M(4096M) 3.436ms
[144.211s][info][gc,cpu         ] GC(268) User=0.00s Sys=0.00s Real=0.00s
[144.379s][info][gc,start       ] GC(269) Pause Young (Concurrent Start) (G1 Evacuation Pause)
[144.379s][info][gc,task        ] GC(269) Using 33 workers of 33 for evacuation
[144.383s][info][gc,phases      ] GC(269)   Pre Evacuate Collection Set: 0.5ms
[144.383s][info][gc,phases      ] GC(269)   Merge Heap Roots: 0.4ms
[144.383s][info][gc,phases      ] GC(269)   Evacuate Collection Set: 1.8ms
[144.383s][info][gc,phases      ] GC(269)   Post Evacuate Collection Set: 0.9ms
[144.383s][info][gc,phases      ] GC(269)   Other: 0.1ms
[144.383s][info][gc,heap        ] GC(269) Eden regions: 1219->0(1219)
[144.383s][info][gc,heap        ] GC(269) Survivor regions: 4->4(107)
[144.383s][info][gc,heap        ] GC(269) Old regions: 46->46
[144.383s][info][gc,heap        ] GC(269) Archive regions: 0->0
[144.383s][info][gc,heap        ] GC(269) Humongous regions: 672->672
[144.383s][info][gc,metaspace   ] GC(269) Metaspace: 121522K(126080K)->121522K(126080K) NonClass: 104928K(105600K)->104928K(105600K) Class: 16593K(20480K)->16593K(20480K)
[144.383s][info][gc             ] GC(269) Pause Young (Concurrent Start) (G1 Evacuation Pause) 3837M->1399M(4096M) 4.029ms
[144.383s][info][gc             ] GC(270) Concurrent Mark Cycle
[144.383s][info][gc,marking     ] GC(270) Concurrent Scan Root Regions
[144.383s][info][gc,cpu         ] GC(269) User=0.00s Sys=0.00s Real=0.00s
[144.407s][info][gc,marking     ] GC(270) Concurrent Scan Root Regions 23.426ms
[144.407s][info][gc,marking     ] GC(270) Concurrent Mark
[144.407s][info][gc,marking     ] GC(270) Concurrent Mark From Roots
[144.407s][info][gc,task        ] GC(270) Using 8 workers of 8 for marking
[144.464s][info][gc,marking     ] GC(270) Concurrent Mark From Roots 56.603ms
[144.464s][info][gc,marking     ] GC(270) Concurrent Preclean
[144.469s][info][gc,marking     ] GC(270) Concurrent Preclean 4.603ms
[144.470s][info][gc,start       ] GC(270) Pause Remark
[144.473s][info][gc             ] GC(270) Pause Remark 2641M->2641M(4096M) 3.091ms
[144.473s][info][gc,cpu         ] GC(270) User=0.00s Sys=0.00s Real=0.00s
[144.473s][info][gc,marking     ] GC(270) Concurrent Mark 66.092ms
[144.473s][info][gc,marking     ] GC(270) Concurrent Rebuild Remembered Sets and Scrub Regions
[144.503s][info][gc,marking     ] GC(270) Concurrent Rebuild Remembered Sets and Scrub Regions 29.264ms
[144.504s][info][gc,start       ] GC(270) Pause Cleanup
[144.504s][info][gc             ] GC(270) Pause Cleanup 3089M->3089M(4096M) 0.326ms
[144.504s][info][gc,cpu         ] GC(270) User=0.00s Sys=0.00s Real=0.00s
[144.505s][info][gc,marking     ] GC(270) Concurrent Clear Claimed Marks
[144.506s][info][gc,marking     ] GC(270) Concurrent Clear Claimed Marks 1.006ms
[144.506s][info][gc,marking     ] GC(270) Concurrent Cleanup for Next Mark
[144.523s][info][gc,marking     ] GC(270) Concurrent Cleanup for Next Mark 17.263ms
[144.524s][info][gc             ] GC(270) Concurrent Mark Cycle 140.541ms
[144.561s][info][gc,start       ] GC(271) Pause Young (Prepare Mixed) (G1 Evacuation Pause)
[144.561s][info][gc,task        ] GC(271) Using 33 workers of 33 for evacuation
[144.565s][info][gc,phases      ] GC(271)   Pre Evacuate Collection Set: 0.3ms
[144.565s][info][gc,phases      ] GC(271)   Merge Heap Roots: 1.0ms
[144.565s][info][gc,phases      ] GC(271)   Evacuate Collection Set: 1.2ms
[144.565s][info][gc,phases      ] GC(271)   Post Evacuate Collection Set: 0.9ms
[144.565s][info][gc,phases      ] GC(271)   Other: 0.2ms
[144.565s][info][gc,heap        ] GC(271) Eden regions: 1219->0(1219)
[144.565s][info][gc,heap        ] GC(271) Survivor regions: 4->4(107)
[144.565s][info][gc,heap        ] GC(271) Old regions: 46->46
[144.565s][info][gc,heap        ] GC(271) Archive regions: 0->0
[144.565s][info][gc,heap        ] GC(271) Humongous regions: 672->672
[144.565s][info][gc,metaspace   ] GC(271) Metaspace: 121522K(126080K)->121522K(126080K) NonClass: 104928K(105600K)->104928K(105600K) Class: 16593K(20480K)->16593K(20480K)
[144.565s][info][gc             ] GC(271) Pause Young (Prepare Mixed) (G1 Evacuation Pause) 3837M->1399M(4096M) 3.743ms
[144.565s][info][gc,cpu         ] GC(271) User=0.00s Sys=0.00s Real=0.00s
[144.734s][info][gc,start       ] GC(272) Pause Young (Mixed) (G1 Evacuation Pause)
[144.734s][info][gc,task        ] GC(272) Using 33 workers of 33 for evacuation
[144.737s][info][gc,phases      ] GC(272)   Pre Evacuate Collection Set: 0.3ms
[144.737s][info][gc,phases      ] GC(272)   Merge Heap Roots: 0.4ms
[144.738s][info][gc,phases      ] GC(272)   Evacuate Collection Set: 1.4ms
[144.738s][info][gc,phases      ] GC(272)   Post Evacuate Collection Set: 0.9ms
[144.738s][info][gc,phases      ] GC(272)   Other: 0.2ms
[144.738s][info][gc,heap        ] GC(272) Eden regions: 1219->0(1223)
[144.738s][info][gc,heap        ] GC(272) Survivor regions: 4->4(107)
[144.738s][info][gc,heap        ] GC(272) Old regions: 46->42
[144.738s][info][gc,heap        ] GC(272) Archive regions: 0->0
[144.738s][info][gc,heap        ] GC(272) Humongous regions: 672->672
[144.738s][info][gc,metaspace   ] GC(272) Metaspace: 121522K(126080K)->121522K(126080K) NonClass: 104928K(105600K)->104928K(105600K) Class: 16593K(20480K)->16593K(20480K)
[144.738s][info][gc             ] GC(272) Pause Young (Mixed) (G1 Evacuation Pause) 3837M->1399M(4096M) 3.528ms
[144.738s][info][gc,cpu         ] GC(272) User=0.00s Sys=0.00s Real=0.00s
[144.907s][info][gc,start       ] GC(273) Pause Young (Concurrent Start) (G1 Evacuation Pause)
[144.907s][info][gc,task        ] GC(273) Using 33 workers of 33 for evacuation
[144.910s][info][gc,phases      ] GC(273)   Pre Evacuate Collection Set: 0.5ms
[144.910s][info][gc,phases      ] GC(273)   Merge Heap Roots: 0.4ms
[144.910s][info][gc,phases      ] GC(273)   Evacuate Collection Set: 1.8ms
[144.910s][info][gc,phases      ] GC(273)   Post Evacuate Collection Set: 0.9ms
[144.910s][info][gc,phases      ] GC(273)   Other: 0.1ms
[144.910s][info][gc,heap        ] GC(273) Eden regions: 1223->0(1223)
[144.910s][info][gc,heap        ] GC(273) Survivor regions: 4->4(107)
[144.910s][info][gc,heap        ] GC(273) Old regions: 42->42
[144.910s][info][gc,heap        ] GC(273) Archive regions: 0->0
[144.910s][info][gc,heap        ] GC(273) Humongous regions: 672->672
[144.910s][info][gc,metaspace   ] GC(273) Metaspace: 121522K(126080K)->121522K(126080K) NonClass: 104928K(105600K)->104928K(105600K) Class: 16593K(20480K)->16593K(20480K)
[144.911s][info][gc             ] GC(273) Pause Young (Concurrent Start) (G1 Evacuation Pause) 3845M->1399M(4096M) 3.959ms
[144.911s][info][gc             ] GC(274) Concurrent Mark Cycle
[144.911s][info][gc,marking     ] GC(274) Concurrent Scan Root Regions
[144.911s][info][gc,cpu         ] GC(273) User=0.00s Sys=0.00s Real=0.00s
[144.932s][info][gc,marking     ] GC(274) Concurrent Scan Root Regions 21.095ms
[144.932s][info][gc,marking     ] GC(274) Concurrent Mark
[144.932s][info][gc,marking     ] GC(274) Concurrent Mark From Roots
[144.932s][info][gc,task        ] GC(274) Using 8 workers of 8 for marking
[144.983s][info][gc,marking     ] GC(274) Concurrent Mark From Roots 50.380ms
[144.983s][info][gc,marking     ] GC(274) Concurrent Preclean
[144.985s][info][gc,marking     ] GC(274) Concurrent Preclean 2.384ms
[144.985s][info][gc,start       ] GC(274) Pause Remark
[144.988s][info][gc             ] GC(274) Pause Remark 2396M->2396M(4096M) 3.020ms
[144.988s][info][gc,cpu         ] GC(274) User=0.25s Sys=0.00s Real=0.02s
[144.989s][info][gc,marking     ] GC(274) Concurrent Mark 56.446ms
[144.989s][info][gc,marking     ] GC(274) Concurrent Rebuild Remembered Sets and Scrub Regions
[144.999s][info][gc,marking     ] GC(274) Concurrent Rebuild Remembered Sets and Scrub Regions 10.361ms
[144.999s][info][gc,start       ] GC(274) Pause Cleanup
[145.000s][info][gc             ] GC(274) Pause Cleanup 2525M->2525M(4096M) 0.346ms
[145.000s][info][gc,cpu         ] GC(274) User=0.00s Sys=0.00s Real=0.00s
[145.000s][info][gc,marking     ] GC(274) Concurrent Clear Claimed Marks
[145.000s][info][gc,marking     ] GC(274) Concurrent Clear Claimed Marks 0.252ms
[145.000s][info][gc,marking     ] GC(274) Concurrent Cleanup for Next Mark
[145.007s][info][gc,marking     ] GC(274) Concurrent Cleanup for Next Mark 7.120ms
[145.007s][info][gc             ] GC(274) Concurrent Mark Cycle 96.552ms
[145.597s][info][gc,start       ] GC(275) Pause Full (System.gc())
[145.597s][info][gc,task        ] GC(275) Using 33 workers of 33 for full compaction
[145.599s][info][gc,phases,start] GC(275) Phase 1: Mark live objects
[145.642s][info][gc,phases      ] GC(275) Phase 1: Mark live objects 43.141ms
[145.642s][info][gc,phases,start] GC(275) Phase 2: Prepare compaction
[145.646s][info][gc,phases      ] GC(275) Phase 2: Prepare compaction 4.143ms
[145.646s][info][gc,phases,start] GC(275) Phase 3: Adjust pointers
[145.666s][info][gc,phases      ] GC(275) Phase 3: Adjust pointers 19.984ms
[145.666s][info][gc,phases,start] GC(275) Phase 4: Compact heap
[145.668s][info][gc,phases      ] GC(275) Phase 4: Compact heap 1.549ms
[145.687s][info][gc,heap        ] GC(275) Eden regions: 644->0(1224)
[145.687s][info][gc,heap        ] GC(275) Survivor regions: 4->0(107)
[145.687s][info][gc,heap        ] GC(275) Old regions: 42->49
[145.687s][info][gc,heap        ] GC(275) Archive regions: 0->0
[145.687s][info][gc,heap        ] GC(275) Humongous regions: 675->672
[145.687s][info][gc,metaspace   ] GC(275) Metaspace: 121558K(126144K)->121558K(126144K) NonClass: 104962K(105664K)->104962K(105664K) Class: 16595K(20480K)->16595K(20480K)
[145.687s][info][gc             ] GC(275) Pause Full (System.gc()) 2693M->1392M(4096M) 89.997ms
[145.687s][info][gc,cpu         ] GC(275) User=2.05s Sys=0.00s Real=0.09s
[145.743s][info][gc,start       ] GC(276) Pause Young (Concurrent Start) (G1 Humongous Allocation)
[145.743s][info][gc,task        ] GC(276) Using 33 workers of 33 for evacuation
[145.747s][info][gc,phases      ] GC(276)   Pre Evacuate Collection Set: 0.6ms
[145.747s][info][gc,phases      ] GC(276)   Merge Heap Roots: 0.1ms
[145.747s][info][gc,phases      ] GC(276)   Evacuate Collection Set: 2.1ms
[145.747s][info][gc,phases      ] GC(276)   Post Evacuate Collection Set: 0.9ms
[145.747s][info][gc,phases      ] GC(276)   Other: 0.2ms
[145.747s][info][gc,heap        ] GC(276) Eden regions: 6->0(1222)
[145.747s][info][gc,heap        ] GC(276) Survivor regions: 0->1(153)
[145.747s][info][gc,heap        ] GC(276) Old regions: 49->49
[145.747s][info][gc,heap        ] GC(276) Archive regions: 0->0
[145.747s][info][gc,heap        ] GC(276) Humongous regions: 672->672
[145.747s][info][gc,metaspace   ] GC(276) Metaspace: 121570K(126144K)->121570K(126144K) NonClass: 104974K(105664K)->104974K(105664K) Class: 16595K(20480K)->16595K(20480K)
[145.747s][info][gc             ] GC(276) Pause Young (Concurrent Start) (G1 Humongous Allocation) 1403M->1393M(4096M) 4.385ms
[145.747s][info][gc             ] GC(277) Concurrent Mark Cycle
[145.747s][info][gc,cpu         ] GC(276) User=0.00s Sys=0.00s Real=0.00s
[145.747s][info][gc,marking     ] GC(277) Concurrent Scan Root Regions
[145.751s][info][gc,marking     ] GC(277) Concurrent Scan Root Regions 3.952ms
[145.751s][info][gc,marking     ] GC(277) Concurrent Mark
[145.751s][info][gc,marking     ] GC(277) Concurrent Mark From Roots
[145.751s][info][gc,task        ] GC(277) Using 8 workers of 8 for marking
[145.780s][info][gc,marking     ] GC(277) Concurrent Mark From Roots 28.937ms
[145.780s][info][gc,marking     ] GC(277) Concurrent Preclean
[145.782s][info][gc,marking     ] GC(277) Concurrent Preclean 1.514ms
[145.782s][info][gc,start       ] GC(277) Pause Remark
[145.786s][info][gc             ] GC(277) Pause Remark 1558M->1558M(4096M) 3.567ms
[145.786s][info][gc,cpu         ] GC(277) User=0.00s Sys=0.00s Real=0.00s
[145.786s][info][gc,marking     ] GC(277) Concurrent Mark 35.264ms
[145.786s][info][gc,marking     ] GC(277) Concurrent Rebuild Remembered Sets and Scrub Regions
[145.807s][info][gc,marking     ] GC(277) Concurrent Rebuild Remembered Sets and Scrub Regions 20.125ms
[145.807s][info][gc,start       ] GC(277) Pause Cleanup
[145.808s][info][gc             ] GC(277) Pause Cleanup 1845M->1845M(4096M) 0.456ms
[145.808s][info][gc,cpu         ] GC(277) User=0.00s Sys=0.00s Real=0.00s
[145.808s][info][gc,marking     ] GC(277) Concurrent Clear Claimed Marks
[145.810s][info][gc,marking     ] GC(277) Concurrent Clear Claimed Marks 1.510ms
[145.810s][info][gc,marking     ] GC(277) Concurrent Cleanup for Next Mark
[145.826s][info][gc,marking     ] GC(277) Concurrent Cleanup for Next Mark 16.250ms
[145.826s][info][gc             ] GC(277) Concurrent Mark Cycle 79.500ms
[145.951s][info][gc,start       ] GC(278) Pause Young (Prepare Mixed) (G1 Evacuation Pause)
[145.951s][info][gc,task        ] GC(278) Using 33 workers of 33 for evacuation
[145.954s][info][gc,phases      ] GC(278)   Pre Evacuate Collection Set: 0.4ms
[145.955s][info][gc,phases      ] GC(278)   Merge Heap Roots: 1.0ms
[145.955s][info][gc,phases      ] GC(278)   Evacuate Collection Set: 1.4ms
[145.955s][info][gc,phases      ] GC(278)   Post Evacuate Collection Set: 1.0ms
[145.955s][info][gc,phases      ] GC(278)   Other: 0.2ms
[145.955s][info][gc,heap        ] GC(278) Eden regions: 1222->0(1216)
[145.955s][info][gc,heap        ] GC(278) Survivor regions: 1->4(101)
[145.955s][info][gc,heap        ] GC(278) Old regions: 49->49
[145.955s][info][gc,heap        ] GC(278) Archive regions: 0->0
[145.955s][info][gc,heap        ] GC(278) Humongous regions: 675->672
[145.955s][info][gc,metaspace   ] GC(278) Metaspace: 121570K(126144K)->121570K(126144K) NonClass: 104974K(105664K)->104974K(105664K) Class: 16595K(20480K)->16595K(20480K)
[145.955s][info][gc             ] GC(278) Pause Young (Prepare Mixed) (G1 Evacuation Pause) 3843M->1399M(4096M) 4.121ms
[145.955s][info][gc,cpu         ] GC(278) User=0.52s Sys=0.00s Real=0.02s
[146.124s][info][gc,start       ] GC(279) Pause Young (Mixed) (G1 Evacuation Pause)
[146.124s][info][gc,task        ] GC(279) Using 33 workers of 33 for evacuation
[146.127s][info][gc,phases      ] GC(279)   Pre Evacuate Collection Set: 0.3ms
[146.127s][info][gc,phases      ] GC(279)   Merge Heap Roots: 0.4ms
[146.127s][info][gc,phases      ] GC(279)   Evacuate Collection Set: 1.4ms
[146.127s][info][gc,phases      ] GC(279)   Post Evacuate Collection Set: 0.9ms
[146.127s][info][gc,phases      ] GC(279)   Other: 0.2ms
[146.127s][info][gc,heap        ] GC(279) Eden regions: 1216->0(1219)
[146.127s][info][gc,heap        ] GC(279) Survivor regions: 4->4(107)
[146.127s][info][gc,heap        ] GC(279) Old regions: 49->46
[146.127s][info][gc,heap        ] GC(279) Archive regions: 0->0
[146.127s][info][gc,heap        ] GC(279) Humongous regions: 672->672
[146.127s][info][gc,metaspace   ] GC(279) Metaspace: 121570K(126144K)->121570K(126144K) NonClass: 104974K(105664K)->104974K(105664K) Class: 16595K(20480K)->16595K(20480K)
[146.127s][info][gc             ] GC(279) Pause Young (Mixed) (G1 Evacuation Pause) 3831M->1399M(4096M) 3.426ms
[146.127s][info][gc,cpu         ] GC(279) User=0.00s Sys=0.00s Real=0.00s
[146.297s][info][gc,start       ] GC(280) Pause Young (Concurrent Start) (G1 Evacuation Pause)
[146.297s][info][gc,task        ] GC(280) Using 33 workers of 33 for evacuation
[146.300s][info][gc,phases      ] GC(280)   Pre Evacuate Collection Set: 0.5ms
[146.301s][info][gc,phases      ] GC(280)   Merge Heap Roots: 0.4ms
[146.301s][info][gc,phases      ] GC(280)   Evacuate Collection Set: 1.8ms
[146.301s][info][gc,phases      ] GC(280)   Post Evacuate Collection Set: 0.9ms
[146.301s][info][gc,phases      ] GC(280)   Other: 0.1ms
[146.301s][info][gc,heap        ] GC(280) Eden regions: 1219->0(1219)
[146.301s][info][gc,heap        ] GC(280) Survivor regions: 4->4(107)
[146.301s][info][gc,heap        ] GC(280) Old regions: 46->46
[146.301s][info][gc,heap        ] GC(280) Archive regions: 0->0
[146.301s][info][gc,heap        ] GC(280) Humongous regions: 672->672
[146.301s][info][gc,metaspace   ] GC(280) Metaspace: 121570K(126144K)->121570K(126144K) NonClass: 104974K(105664K)->104974K(105664K) Class: 16595K(20480K)->16595K(20480K)
[146.301s][info][gc             ] GC(280) Pause Young (Concurrent Start) (G1 Evacuation Pause) 3837M->1399M(4096M) 3.903ms
[146.301s][info][gc             ] GC(281) Concurrent Mark Cycle
[146.301s][info][gc,cpu         ] GC(280) User=0.00s Sys=0.00s Real=0.00s
[146.301s][info][gc,marking     ] GC(281) Concurrent Scan Root Regions
[146.325s][info][gc,marking     ] GC(281) Concurrent Scan Root Regions 23.949ms
[146.325s][info][gc,marking     ] GC(281) Concurrent Mark
[146.325s][info][gc,marking     ] GC(281) Concurrent Mark From Roots
[146.325s][info][gc,task        ] GC(281) Using 8 workers of 8 for marking
[146.380s][info][gc,marking     ] GC(281) Concurrent Mark From Roots 54.745ms
[146.381s][info][gc,marking     ] GC(281) Concurrent Preclean
[146.383s][info][gc,marking     ] GC(281) Concurrent Preclean 2.684ms
[146.384s][info][gc,start       ] GC(281) Pause Remark
[146.388s][info][gc             ] GC(281) Pause Remark 2607M->2607M(4096M) 3.143ms
[146.388s][info][gc,cpu         ] GC(281) User=0.00s Sys=0.00s Real=0.00s
[146.388s][info][gc,marking     ] GC(281) Concurrent Mark 62.498ms
[146.388s][info][gc,marking     ] GC(281) Concurrent Rebuild Remembered Sets and Scrub Regions
[146.412s][info][gc,marking     ] GC(281) Concurrent Rebuild Remembered Sets and Scrub Regions 23.700ms
[146.413s][info][gc,start       ] GC(281) Pause Cleanup
[146.413s][info][gc             ] GC(281) Pause Cleanup 2965M->2965M(4096M) 0.321ms
[146.413s][info][gc,cpu         ] GC(281) User=0.00s Sys=0.00s Real=0.00s
[146.413s][info][gc,marking     ] GC(281) Concurrent Clear Claimed Marks
[146.415s][info][gc,marking     ] GC(281) Concurrent Clear Claimed Marks 1.688ms
[146.415s][info][gc,marking     ] GC(281) Concurrent Cleanup for Next Mark
[146.435s][info][gc,marking     ] GC(281) Concurrent Cleanup for Next Mark 19.091ms
[146.435s][info][gc             ] GC(281) Concurrent Mark Cycle 134.403ms
[146.478s][info][gc,start       ] GC(282) Pause Young (Prepare Mixed) (G1 Evacuation Pause)
[146.478s][info][gc,task        ] GC(282) Using 33 workers of 33 for evacuation
[146.481s][info][gc,phases      ] GC(282)   Pre Evacuate Collection Set: 0.3ms
[146.481s][info][gc,phases      ] GC(282)   Merge Heap Roots: 1.0ms
[146.481s][info][gc,phases      ] GC(282)   Evacuate Collection Set: 1.1ms
[146.482s][info][gc,phases      ] GC(282)   Post Evacuate Collection Set: 0.9ms
[146.482s][info][gc,phases      ] GC(282)   Other: 0.2ms
[146.482s][info][gc,heap        ] GC(282) Eden regions: 1219->0(1219)
[146.482s][info][gc,heap        ] GC(282) Survivor regions: 4->4(107)
[146.482s][info][gc,heap        ] GC(282) Old regions: 46->46
[146.482s][info][gc,heap        ] GC(282) Archive regions: 0->0
[146.482s][info][gc,heap        ] GC(282) Humongous regions: 672->672
[146.482s][info][gc,metaspace   ] GC(282) Metaspace: 121571K(126144K)->121571K(126144K) NonClass: 104975K(105664K)->104975K(105664K) Class: 16595K(20480K)->16595K(20480K)
[146.482s][info][gc             ] GC(282) Pause Young (Prepare Mixed) (G1 Evacuation Pause) 3837M->1399M(4096M) 3.732ms
[146.482s][info][gc,cpu         ] GC(282) User=0.00s Sys=0.00s Real=0.00s
[146.649s][info][gc,start       ] GC(283) Pause Young (Mixed) (G1 Evacuation Pause)
[146.649s][info][gc,task        ] GC(283) Using 33 workers of 33 for evacuation
[146.652s][info][gc,phases      ] GC(283)   Pre Evacuate Collection Set: 0.3ms
[146.652s][info][gc,phases      ] GC(283)   Merge Heap Roots: 0.4ms
[146.652s][info][gc,phases      ] GC(283)   Evacuate Collection Set: 1.5ms
[146.652s][info][gc,phases      ] GC(283)   Post Evacuate Collection Set: 0.9ms
[146.653s][info][gc,phases      ] GC(283)   Other: 0.2ms
[146.653s][info][gc,heap        ] GC(283) Eden regions: 1219->0(1223)
[146.653s][info][gc,heap        ] GC(283) Survivor regions: 4->4(107)
[146.653s][info][gc,heap        ] GC(283) Old regions: 46->42
[146.653s][info][gc,heap        ] GC(283) Archive regions: 0->0
[146.653s][info][gc,heap        ] GC(283) Humongous regions: 672->672
[146.653s][info][gc,metaspace   ] GC(283) Metaspace: 121571K(126144K)->121571K(126144K) NonClass: 104975K(105664K)->104975K(105664K) Class: 16595K(20480K)->16595K(20480K)
[146.653s][info][gc             ] GC(283) Pause Young (Mixed) (G1 Evacuation Pause) 3837M->1399M(4096M) 3.506ms
[146.653s][info][gc,cpu         ] GC(283) User=0.00s Sys=0.00s Real=0.00s
[146.822s][info][gc,start       ] GC(284) Pause Young (Concurrent Start) (G1 Evacuation Pause)
[146.822s][info][gc,task        ] GC(284) Using 33 workers of 33 for evacuation
[146.826s][info][gc,phases      ] GC(284)   Pre Evacuate Collection Set: 0.5ms
[146.826s][info][gc,phases      ] GC(284)   Merge Heap Roots: 0.4ms
[146.826s][info][gc,phases      ] GC(284)   Evacuate Collection Set: 1.8ms
[146.826s][info][gc,phases      ] GC(284)   Post Evacuate Collection Set: 1.0ms
[146.826s][info][gc,phases      ] GC(284)   Other: 0.1ms
[146.826s][info][gc,heap        ] GC(284) Eden regions: 1223->0(1223)
[146.826s][info][gc,heap        ] GC(284) Survivor regions: 4->4(107)
[146.826s][info][gc,heap        ] GC(284) Old regions: 42->42
[146.826s][info][gc,heap        ] GC(284) Archive regions: 0->0
[146.826s][info][gc,heap        ] GC(284) Humongous regions: 672->672
[146.826s][info][gc,metaspace   ] GC(284) Metaspace: 121571K(126144K)->121571K(126144K) NonClass: 104975K(105664K)->104975K(105664K) Class: 16595K(20480K)->16595K(20480K)
[146.826s][info][gc             ] GC(284) Pause Young (Concurrent Start) (G1 Evacuation Pause) 3845M->1399M(4096M) 4.057ms
[146.826s][info][gc             ] GC(285) Concurrent Mark Cycle
[146.826s][info][gc,cpu         ] GC(284) User=0.00s Sys=0.00s Real=0.00s
[146.826s][info][gc,marking     ] GC(285) Concurrent Scan Root Regions
[146.850s][info][gc,marking     ] GC(285) Concurrent Scan Root Regions 23.497ms
[146.850s][info][gc,marking     ] GC(285) Concurrent Mark
[146.850s][info][gc,marking     ] GC(285) Concurrent Mark From Roots
[146.850s][info][gc,task        ] GC(285) Using 8 workers of 8 for marking
[146.901s][info][gc,marking     ] GC(285) Concurrent Mark From Roots 50.628ms
[146.901s][info][gc,marking     ] GC(285) Concurrent Preclean
[146.902s][info][gc,marking     ] GC(285) Concurrent Preclean 1.066ms
[146.902s][info][gc,start       ] GC(285) Pause Remark
[146.905s][info][gc             ] GC(285) Pause Remark 2401M->2401M(4096M) 3.004ms
[146.905s][info][gc,cpu         ] GC(285) User=0.00s Sys=0.00s Real=0.00s
[146.905s][info][gc,marking     ] GC(285) Concurrent Mark 55.268ms
[146.905s][info][gc,marking     ] GC(285) Concurrent Rebuild Remembered Sets and Scrub Regions
[146.916s][info][gc,marking     ] GC(285) Concurrent Rebuild Remembered Sets and Scrub Regions 10.706ms
[146.916s][info][gc,start       ] GC(285) Pause Cleanup
[146.917s][info][gc             ] GC(285) Pause Cleanup 2525M->2525M(4096M) 0.361ms
[146.917s][info][gc,cpu         ] GC(285) User=0.00s Sys=0.00s Real=0.00s
[146.917s][info][gc,marking     ] GC(285) Concurrent Clear Claimed Marks
[146.917s][info][gc,marking     ] GC(285) Concurrent Clear Claimed Marks 0.170ms
[146.917s][info][gc,marking     ] GC(285) Concurrent Cleanup for Next Mark
[146.923s][info][gc,marking     ] GC(285) Concurrent Cleanup for Next Mark 6.170ms
[146.923s][info][gc             ] GC(285) Concurrent Mark Cycle 97.280ms
[147.532s][info][gc,start       ] GC(286) Pause Full (System.gc())
[147.532s][info][gc,task        ] GC(286) Using 33 workers of 33 for full compaction
[147.534s][info][gc,phases,start] GC(286) Phase 1: Mark live objects
[147.574s][info][gc,phases      ] GC(286) Phase 1: Mark live objects 39.567ms
[147.574s][info][gc,phases,start] GC(286) Phase 2: Prepare compaction
[147.578s][info][gc,phases      ] GC(286) Phase 2: Prepare compaction 4.485ms
[147.578s][info][gc,phases,start] GC(286) Phase 3: Adjust pointers
[147.590s][info][gc,phases      ] GC(286) Phase 3: Adjust pointers 11.237ms
[147.590s][info][gc,phases,start] GC(286) Phase 4: Compact heap
[147.592s][info][gc,phases      ] GC(286) Phase 4: Compact heap 1.807ms
[147.608s][info][gc,heap        ] GC(286) Eden regions: 649->0(1224)
[147.608s][info][gc,heap        ] GC(286) Survivor regions: 4->0(107)
[147.608s][info][gc,heap        ] GC(286) Old regions: 42->49
[147.608s][info][gc,heap        ] GC(286) Archive regions: 0->0
[147.608s][info][gc,heap        ] GC(286) Humongous regions: 675->672
[147.608s][info][gc,metaspace   ] GC(286) Metaspace: 121574K(126144K)->121574K(126144K) NonClass: 104978K(105664K)->104978K(105664K) Class: 16596K(20480K)->16596K(20480K)
[147.608s][info][gc             ] GC(286) Pause Full (System.gc()) 2702M->1392M(4096M) 75.710ms
[147.608s][info][gc,cpu         ] GC(286) User=1.53s Sys=0.05s Real=0.08s
[147.660s][info][gc,start       ] GC(287) Pause Young (Concurrent Start) (G1 Humongous Allocation)
[147.660s][info][gc,task        ] GC(287) Using 33 workers of 33 for evacuation
[147.664s][info][gc,phases      ] GC(287)   Pre Evacuate Collection Set: 0.6ms
[147.664s][info][gc,phases      ] GC(287)   Merge Heap Roots: 0.1ms
[147.664s][info][gc,phases      ] GC(287)   Evacuate Collection Set: 1.9ms
[147.664s][info][gc,phases      ] GC(287)   Post Evacuate Collection Set: 1.0ms
[147.664s][info][gc,phases      ] GC(287)   Other: 0.1ms
[147.664s][info][gc,heap        ] GC(287) Eden regions: 5->0(1222)
[147.664s][info][gc,heap        ] GC(287) Survivor regions: 0->1(153)
[147.664s][info][gc,heap        ] GC(287) Old regions: 49->49
[147.664s][info][gc,heap        ] GC(287) Archive regions: 0->0
[147.664s][info][gc,heap        ] GC(287) Humongous regions: 672->672
[147.664s][info][gc,metaspace   ] GC(287) Metaspace: 121609K(126208K)->121609K(126208K) NonClass: 105013K(105728K)->105013K(105728K) Class: 16596K(20480K)->16596K(20480K)
[147.664s][info][gc             ] GC(287) Pause Young (Concurrent Start) (G1 Humongous Allocation) 1402M->1393M(4096M) 4.235ms
[147.664s][info][gc             ] GC(288) Concurrent Mark Cycle
[147.664s][info][gc,cpu         ] GC(287) User=0.00s Sys=0.00s Real=0.00s
[147.664s][info][gc,marking     ] GC(288) Concurrent Scan Root Regions
[147.668s][info][gc,marking     ] GC(288) Concurrent Scan Root Regions 3.738ms
[147.668s][info][gc,marking     ] GC(288) Concurrent Mark
[147.668s][info][gc,marking     ] GC(288) Concurrent Mark From Roots
[147.668s][info][gc,task        ] GC(288) Using 8 workers of 8 for marking
[147.699s][info][gc,marking     ] GC(288) Concurrent Mark From Roots 31.325ms
[147.700s][info][gc,marking     ] GC(288) Concurrent Preclean
[147.703s][info][gc,marking     ] GC(288) Concurrent Preclean 3.746ms
[147.704s][info][gc,start       ] GC(288) Pause Remark
[147.708s][info][gc             ] GC(288) Pause Remark 1667M->1667M(4096M) 3.586ms
[147.708s][info][gc,cpu         ] GC(288) User=0.00s Sys=0.00s Real=0.00s
[147.708s][info][gc,marking     ] GC(288) Concurrent Mark 40.099ms
[147.708s][info][gc,marking     ] GC(288) Concurrent Rebuild Remembered Sets and Scrub Regions
[147.729s][info][gc,marking     ] GC(288) Concurrent Rebuild Remembered Sets and Scrub Regions 21.213ms
[147.730s][info][gc,start       ] GC(288) Pause Cleanup
[147.731s][info][gc             ] GC(288) Pause Cleanup 1977M->1977M(4096M) 0.468ms
[147.731s][info][gc,cpu         ] GC(288) User=0.00s Sys=0.00s Real=0.00s
[147.731s][info][gc,marking     ] GC(288) Concurrent Clear Claimed Marks
[147.733s][info][gc,marking     ] GC(288) Concurrent Clear Claimed Marks 1.621ms
[147.733s][info][gc,marking     ] GC(288) Concurrent Cleanup for Next Mark
[147.750s][info][gc,marking     ] GC(288) Concurrent Cleanup for Next Mark 16.649ms
[147.750s][info][gc             ] GC(288) Concurrent Mark Cycle 86.111ms
[147.864s][info][gc,start       ] GC(289) Pause Young (Prepare Mixed) (G1 Evacuation Pause)
[147.864s][info][gc,task        ] GC(289) Using 33 workers of 33 for evacuation
[147.868s][info][gc,phases      ] GC(289)   Pre Evacuate Collection Set: 0.4ms
[147.868s][info][gc,phases      ] GC(289)   Merge Heap Roots: 1.0ms
[147.868s][info][gc,phases      ] GC(289)   Evacuate Collection Set: 1.4ms
[147.868s][info][gc,phases      ] GC(289)   Post Evacuate Collection Set: 0.9ms
[147.868s][info][gc,phases      ] GC(289)   Other: 0.2ms
[147.868s][info][gc,heap        ] GC(289) Eden regions: 1222->0(1216)
[147.868s][info][gc,heap        ] GC(289) Survivor regions: 1->4(101)
[147.868s][info][gc,heap        ] GC(289) Old regions: 49->49
[147.868s][info][gc,heap        ] GC(289) Archive regions: 0->0
[147.868s][info][gc,heap        ] GC(289) Humongous regions: 675->672
[147.868s][info][gc,metaspace   ] GC(289) Metaspace: 121609K(126208K)->121609K(126208K) NonClass: 105013K(105728K)->105013K(105728K) Class: 16596K(20480K)->16596K(20480K)
[147.869s][info][gc             ] GC(289) Pause Young (Prepare Mixed) (G1 Evacuation Pause) 3843M->1399M(4096M) 4.208ms
[147.869s][info][gc,cpu         ] GC(289) User=0.00s Sys=0.00s Real=0.00s
[148.039s][info][gc,start       ] GC(290) Pause Young (Mixed) (G1 Evacuation Pause)
[148.039s][info][gc,task        ] GC(290) Using 33 workers of 33 for evacuation
[148.042s][info][gc,phases      ] GC(290)   Pre Evacuate Collection Set: 0.3ms
[148.042s][info][gc,phases      ] GC(290)   Merge Heap Roots: 0.4ms
[148.042s][info][gc,phases      ] GC(290)   Evacuate Collection Set: 1.4ms
[148.042s][info][gc,phases      ] GC(290)   Post Evacuate Collection Set: 0.9ms
[148.042s][info][gc,phases      ] GC(290)   Other: 0.2ms
[148.042s][info][gc,heap        ] GC(290) Eden regions: 1216->0(1219)
[148.042s][info][gc,heap        ] GC(290) Survivor regions: 4->4(107)
[148.042s][info][gc,heap        ] GC(290) Old regions: 49->46
[148.042s][info][gc,heap        ] GC(290) Archive regions: 0->0
[148.042s][info][gc,heap        ] GC(290) Humongous regions: 672->672
[148.042s][info][gc,metaspace   ] GC(290) Metaspace: 121609K(126208K)->121609K(126208K) NonClass: 105013K(105728K)->105013K(105728K) Class: 16596K(20480K)->16596K(20480K)
[148.042s][info][gc             ] GC(290) Pause Young (Mixed) (G1 Evacuation Pause) 3831M->1399M(4096M) 3.388ms
[148.042s][info][gc,cpu         ] GC(290) User=0.00s Sys=0.00s Real=0.01s
[148.211s][info][gc,start       ] GC(291) Pause Young (Concurrent Start) (G1 Evacuation Pause)
[148.211s][info][gc,task        ] GC(291) Using 33 workers of 33 for evacuation
[148.215s][info][gc,phases      ] GC(291)   Pre Evacuate Collection Set: 0.5ms
[148.215s][info][gc,phases      ] GC(291)   Merge Heap Roots: 0.4ms
[148.215s][info][gc,phases      ] GC(291)   Evacuate Collection Set: 1.8ms
[148.215s][info][gc,phases      ] GC(291)   Post Evacuate Collection Set: 0.9ms
[148.215s][info][gc,phases      ] GC(291)   Other: 0.1ms
[148.215s][info][gc,heap        ] GC(291) Eden regions: 1219->0(1219)
[148.215s][info][gc,heap        ] GC(291) Survivor regions: 4->4(107)
[148.215s][info][gc,heap        ] GC(291) Old regions: 46->46
[148.215s][info][gc,heap        ] GC(291) Archive regions: 0->0
[148.215s][info][gc,heap        ] GC(291) Humongous regions: 672->672
[148.215s][info][gc,metaspace   ] GC(291) Metaspace: 121609K(126208K)->121609K(126208K) NonClass: 105013K(105728K)->105013K(105728K) Class: 16596K(20480K)->16596K(20480K)
[148.215s][info][gc             ] GC(291) Pause Young (Concurrent Start) (G1 Evacuation Pause) 3837M->1399M(4096M) 3.983ms
[148.215s][info][gc             ] GC(292) Concurrent Mark Cycle
[148.215s][info][gc,marking     ] GC(292) Concurrent Scan Root Regions
[148.215s][info][gc,cpu         ] GC(291) User=0.00s Sys=0.00s Real=0.00s
[148.239s][info][gc,marking     ] GC(292) Concurrent Scan Root Regions 23.331ms
[148.239s][info][gc,marking     ] GC(292) Concurrent Mark
[148.239s][info][gc,marking     ] GC(292) Concurrent Mark From Roots
[148.239s][info][gc,task        ] GC(292) Using 8 workers of 8 for marking
[148.305s][info][gc,marking     ] GC(292) Concurrent Mark From Roots 66.035ms
[148.306s][info][gc,marking     ] GC(292) Concurrent Preclean
[148.308s][info][gc,marking     ] GC(292) Concurrent Preclean 2.654ms
[148.309s][info][gc,start       ] GC(292) Pause Remark
[148.313s][info][gc             ] GC(292) Pause Remark 2751M->2751M(4096M) 3.159ms
[148.313s][info][gc,cpu         ] GC(292) User=0.02s Sys=0.00s Real=0.02s
[148.313s][info][gc,marking     ] GC(292) Concurrent Mark 73.650ms
[148.313s][info][gc,marking     ] GC(292) Concurrent Rebuild Remembered Sets and Scrub Regions
[148.337s][info][gc,marking     ] GC(292) Concurrent Rebuild Remembered Sets and Scrub Regions 24.003ms
[148.338s][info][gc,start       ] GC(292) Pause Cleanup
[148.338s][info][gc             ] GC(292) Pause Cleanup 3109M->3109M(4096M) 0.351ms
[148.338s][info][gc,cpu         ] GC(292) User=0.00s Sys=0.00s Real=0.00s
[148.339s][info][gc,marking     ] GC(292) Concurrent Clear Claimed Marks
[148.340s][info][gc,marking     ] GC(292) Concurrent Clear Claimed Marks 0.978ms
[148.340s][info][gc,marking     ] GC(292) Concurrent Cleanup for Next Mark
[148.357s][info][gc,marking     ] GC(292) Concurrent Cleanup for Next Mark 16.926ms
[148.357s][info][gc             ] GC(292) Concurrent Mark Cycle 142.132ms
[148.393s][info][gc,start       ] GC(293) Pause Young (Prepare Mixed) (G1 Evacuation Pause)
[148.393s][info][gc,task        ] GC(293) Using 33 workers of 33 for evacuation
[148.397s][info][gc,phases      ] GC(293)   Pre Evacuate Collection Set: 0.3ms
[148.397s][info][gc,phases      ] GC(293)   Merge Heap Roots: 0.9ms
[148.397s][info][gc,phases      ] GC(293)   Evacuate Collection Set: 1.1ms
[148.397s][info][gc,phases      ] GC(293)   Post Evacuate Collection Set: 0.9ms
[148.397s][info][gc,phases      ] GC(293)   Other: 0.2ms
[148.397s][info][gc,heap        ] GC(293) Eden regions: 1219->0(1219)
[148.397s][info][gc,heap        ] GC(293) Survivor regions: 4->4(107)
[148.397s][info][gc,heap        ] GC(293) Old regions: 46->46
[148.397s][info][gc,heap        ] GC(293) Archive regions: 0->0
[148.397s][info][gc,heap        ] GC(293) Humongous regions: 672->672
[148.397s][info][gc,metaspace   ] GC(293) Metaspace: 121609K(126208K)->121609K(126208K) NonClass: 105013K(105728K)->105013K(105728K) Class: 16596K(20480K)->16596K(20480K)
[148.397s][info][gc             ] GC(293) Pause Young (Prepare Mixed) (G1 Evacuation Pause) 3837M->1399M(4096M) 3.654ms
[148.397s][info][gc,cpu         ] GC(293) User=0.00s Sys=0.00s Real=0.00s
[148.566s][info][gc,start       ] GC(294) Pause Young (Mixed) (G1 Evacuation Pause)
[148.566s][info][gc,task        ] GC(294) Using 33 workers of 33 for evacuation
[148.569s][info][gc,phases      ] GC(294)   Pre Evacuate Collection Set: 0.3ms
[148.569s][info][gc,phases      ] GC(294)   Merge Heap Roots: 0.4ms
[148.569s][info][gc,phases      ] GC(294)   Evacuate Collection Set: 1.5ms
[148.569s][info][gc,phases      ] GC(294)   Post Evacuate Collection Set: 0.9ms
[148.569s][info][gc,phases      ] GC(294)   Other: 0.2ms
[148.569s][info][gc,heap        ] GC(294) Eden regions: 1219->0(1223)
[148.569s][info][gc,heap        ] GC(294) Survivor regions: 4->4(107)
[148.569s][info][gc,heap        ] GC(294) Old regions: 46->42
[148.569s][info][gc,heap        ] GC(294) Archive regions: 0->0
[148.569s][info][gc,heap        ] GC(294) Humongous regions: 672->672
[148.569s][info][gc,metaspace   ] GC(294) Metaspace: 121609K(126208K)->121609K(126208K) NonClass: 105013K(105728K)->105013K(105728K) Class: 16596K(20480K)->16596K(20480K)
[148.569s][info][gc             ] GC(294) Pause Young (Mixed) (G1 Evacuation Pause) 3837M->1399M(4096M) 3.501ms
[148.569s][info][gc,cpu         ] GC(294) User=0.00s Sys=0.00s Real=0.00s
[148.739s][info][gc,start       ] GC(295) Pause Young (Concurrent Start) (G1 Evacuation Pause)
[148.739s][info][gc,task        ] GC(295) Using 33 workers of 33 for evacuation
[148.743s][info][gc,phases      ] GC(295)   Pre Evacuate Collection Set: 0.5ms
[148.743s][info][gc,phases      ] GC(295)   Merge Heap Roots: 0.4ms
[148.743s][info][gc,phases      ] GC(295)   Evacuate Collection Set: 1.9ms
[148.743s][info][gc,phases      ] GC(295)   Post Evacuate Collection Set: 0.9ms
[148.743s][info][gc,phases      ] GC(295)   Other: 0.1ms
[148.743s][info][gc,heap        ] GC(295) Eden regions: 1223->0(1223)
[148.743s][info][gc,heap        ] GC(295) Survivor regions: 4->4(107)
[148.743s][info][gc,heap        ] GC(295) Old regions: 42->42
[148.743s][info][gc,heap        ] GC(295) Archive regions: 0->0
[148.743s][info][gc,heap        ] GC(295) Humongous regions: 672->672
[148.743s][info][gc,metaspace   ] GC(295) Metaspace: 121609K(126208K)->121609K(126208K) NonClass: 105013K(105728K)->105013K(105728K) Class: 16596K(20480K)->16596K(20480K)
[148.743s][info][gc             ] GC(295) Pause Young (Concurrent Start) (G1 Evacuation Pause) 3845M->1399M(4096M) 4.042ms
[148.743s][info][gc             ] GC(296) Concurrent Mark Cycle
[148.743s][info][gc,marking     ] GC(296) Concurrent Scan Root Regions
[148.743s][info][gc,cpu         ] GC(295) User=0.00s Sys=0.00s Real=0.00s
[148.764s][info][gc,marking     ] GC(296) Concurrent Scan Root Regions 21.416ms
[148.765s][info][gc,marking     ] GC(296) Concurrent Mark
[148.765s][info][gc,marking     ] GC(296) Concurrent Mark From Roots
[148.765s][info][gc,task        ] GC(296) Using 8 workers of 8 for marking
[148.814s][info][gc,marking     ] GC(296) Concurrent Mark From Roots 49.189ms
[148.814s][info][gc,marking     ] GC(296) Concurrent Preclean
[148.816s][info][gc,marking     ] GC(296) Concurrent Preclean 1.929ms
[148.817s][info][gc,start       ] GC(296) Pause Remark
[148.820s][info][gc             ] GC(296) Pause Remark 2407M->2407M(4096M) 3.006ms
[148.820s][info][gc,cpu         ] GC(296) User=0.00s Sys=0.00s Real=0.00s
[148.820s][info][gc,marking     ] GC(296) Concurrent Mark 54.948ms
[148.820s][info][gc,marking     ] GC(296) Concurrent Rebuild Remembered Sets and Scrub Regions
[148.831s][info][gc,marking     ] GC(296) Concurrent Rebuild Remembered Sets and Scrub Regions 11.551ms
[148.832s][info][gc,start       ] GC(296) Pause Cleanup
[148.832s][info][gc             ] GC(296) Pause Cleanup 2547M->2547M(4096M) 0.379ms
[148.832s][info][gc,cpu         ] GC(296) User=0.00s Sys=0.00s Real=0.00s
[148.832s][info][gc,marking     ] GC(296) Concurrent Clear Claimed Marks
[148.832s][info][gc,marking     ] GC(296) Concurrent Clear Claimed Marks 0.216ms
[148.832s][info][gc,marking     ] GC(296) Concurrent Cleanup for Next Mark
[148.837s][info][gc,marking     ] GC(296) Concurrent Cleanup for Next Mark 5.063ms
[148.838s][info][gc             ] GC(296) Concurrent Mark Cycle 94.601ms
[150.152s][info][gc,start       ] GC(297) Pause Full (System.gc())
[150.152s][info][gc,task        ] GC(297) Using 33 workers of 33 for full compaction
[150.153s][info][gc,phases,start] GC(297) Phase 1: Mark live objects
[150.194s][info][gc,phases      ] GC(297) Phase 1: Mark live objects 40.584ms
[150.194s][info][gc,phases,start] GC(297) Phase 2: Prepare compaction
[150.198s][info][gc,phases      ] GC(297) Phase 2: Prepare compaction 3.908ms
[150.198s][info][gc,phases,start] GC(297) Phase 3: Adjust pointers
[150.209s][info][gc,phases      ] GC(297) Phase 3: Adjust pointers 10.888ms
[150.209s][info][gc,phases,start] GC(297) Phase 4: Compact heap
[150.210s][info][gc,phases      ] GC(297) Phase 4: Compact heap 1.536ms
[150.226s][info][gc,heap        ] GC(297) Eden regions: 652->0(1226)
[150.226s][info][gc,heap        ] GC(297) Survivor regions: 4->0(107)
[150.226s][info][gc,heap        ] GC(297) Old regions: 42->47
[150.226s][info][gc,heap        ] GC(297) Archive regions: 0->0
[150.226s][info][gc,heap        ] GC(297) Humongous regions: 675->672
[150.226s][info][gc,metaspace   ] GC(297) Metaspace: 121619K(126208K)->121619K(126208K) NonClass: 105022K(105728K)->105022K(105728K) Class: 16596K(20480K)->16596K(20480K)
[150.226s][info][gc             ] GC(297) Pause Full (System.gc()) 2709M->1392M(4096M) 73.729ms
[150.226s][info][gc,cpu         ] GC(297) User=1.52s Sys=0.00s Real=0.06s
[150.287s][info][gc,start       ] GC(298) Pause Young (Concurrent Start) (G1 Humongous Allocation)
[150.287s][info][gc,task        ] GC(298) Using 33 workers of 33 for evacuation
[150.291s][info][gc,phases      ] GC(298)   Pre Evacuate Collection Set: 0.6ms
[150.291s][info][gc,phases      ] GC(298)   Merge Heap Roots: 0.1ms
[150.291s][info][gc,phases      ] GC(298)   Evacuate Collection Set: 2.2ms
[150.291s][info][gc,phases      ] GC(298)   Post Evacuate Collection Set: 1.0ms
[150.291s][info][gc,phases      ] GC(298)   Other: 0.2ms
[150.291s][info][gc,heap        ] GC(298) Eden regions: 5->0(1224)
[150.291s][info][gc,heap        ] GC(298) Survivor regions: 0->1(154)
[150.291s][info][gc,heap        ] GC(298) Old regions: 47->47
[150.291s][info][gc,heap        ] GC(298) Archive regions: 0->0
[150.291s][info][gc,heap        ] GC(298) Humongous regions: 672->672
[150.291s][info][gc,metaspace   ] GC(298) Metaspace: 121752K(126336K)->121752K(126336K) NonClass: 105156K(105856K)->105156K(105856K) Class: 16596K(20480K)->16596K(20480K)
[150.291s][info][gc             ] GC(298) Pause Young (Concurrent Start) (G1 Humongous Allocation) 1402M->1393M(4096M) 4.506ms
[150.291s][info][gc             ] GC(299) Concurrent Mark Cycle
[150.291s][info][gc,cpu         ] GC(298) User=0.00s Sys=0.00s Real=0.00s
[150.291s][info][gc,marking     ] GC(299) Concurrent Scan Root Regions
[150.295s][info][gc,marking     ] GC(299) Concurrent Scan Root Regions 3.907ms
[150.295s][info][gc,marking     ] GC(299) Concurrent Mark
[150.295s][info][gc,marking     ] GC(299) Concurrent Mark From Roots
[150.295s][info][gc,task        ] GC(299) Using 8 workers of 8 for marking
[150.322s][info][gc,marking     ] GC(299) Concurrent Mark From Roots 26.550ms
[150.322s][info][gc,marking     ] GC(299) Concurrent Preclean
[150.325s][info][gc,marking     ] GC(299) Concurrent Preclean 3.242ms
[150.326s][info][gc,start       ] GC(299) Pause Remark
[150.330s][info][gc             ] GC(299) Pause Remark 1589M->1589M(4096M) 3.660ms
[150.330s][info][gc,cpu         ] GC(299) User=0.00s Sys=0.00s Real=0.00s
[150.330s][info][gc,marking     ] GC(299) Concurrent Mark 34.537ms
[150.330s][info][gc,marking     ] GC(299) Concurrent Rebuild Remembered Sets and Scrub Regions
[150.351s][info][gc,marking     ] GC(299) Concurrent Rebuild Remembered Sets and Scrub Regions 20.795ms
[150.352s][info][gc,start       ] GC(299) Pause Cleanup
[150.352s][info][gc             ] GC(299) Pause Cleanup 1893M->1893M(4096M) 0.440ms
[150.352s][info][gc,cpu         ] GC(299) User=0.00s Sys=0.00s Real=0.00s
[150.352s][info][gc,marking     ] GC(299) Concurrent Clear Claimed Marks
[150.354s][info][gc,marking     ] GC(299) Concurrent Clear Claimed Marks 1.415ms
[150.354s][info][gc,marking     ] GC(299) Concurrent Cleanup for Next Mark
[150.368s][info][gc,marking     ] GC(299) Concurrent Cleanup for Next Mark 13.517ms
[150.368s][info][gc             ] GC(299) Concurrent Mark Cycle 76.780ms
[150.493s][info][gc,start       ] GC(300) Pause Young (Prepare Mixed) (G1 Evacuation Pause)
[150.493s][info][gc,task        ] GC(300) Using 33 workers of 33 for evacuation
[150.497s][info][gc,phases      ] GC(300)   Pre Evacuate Collection Set: 0.4ms
[150.497s][info][gc,phases      ] GC(300)   Merge Heap Roots: 1.0ms
[150.497s][info][gc,phases      ] GC(300)   Evacuate Collection Set: 1.3ms
[150.497s][info][gc,phases      ] GC(300)   Post Evacuate Collection Set: 1.0ms
[150.497s][info][gc,phases      ] GC(300)   Other: 0.2ms
[150.497s][info][gc,heap        ] GC(300) Eden regions: 1224->0(1218)
[150.497s][info][gc,heap        ] GC(300) Survivor regions: 1->4(101)
[150.497s][info][gc,heap        ] GC(300) Old regions: 47->47
[150.497s][info][gc,heap        ] GC(300) Archive regions: 0->0
[150.497s][info][gc,heap        ] GC(300) Humongous regions: 675->672
[150.497s][info][gc,metaspace   ] GC(300) Metaspace: 121753K(126336K)->121753K(126336K) NonClass: 105156K(105856K)->105156K(105856K) Class: 16596K(20480K)->16596K(20480K)
[150.497s][info][gc             ] GC(300) Pause Young (Prepare Mixed) (G1 Evacuation Pause) 3847M->1399M(4096M) 4.060ms
[150.497s][info][gc,cpu         ] GC(300) User=0.52s Sys=0.00s Real=0.02s
[150.666s][info][gc,start       ] GC(301) Pause Young (Mixed) (G1 Evacuation Pause)
[150.666s][info][gc,task        ] GC(301) Using 33 workers of 33 for evacuation
[150.670s][info][gc,phases      ] GC(301)   Pre Evacuate Collection Set: 0.3ms
[150.670s][info][gc,phases      ] GC(301)   Merge Heap Roots: 0.4ms
[150.670s][info][gc,phases      ] GC(301)   Evacuate Collection Set: 1.5ms
[150.670s][info][gc,phases      ] GC(301)   Post Evacuate Collection Set: 0.9ms
[150.670s][info][gc,phases      ] GC(301)   Other: 0.2ms
[150.670s][info][gc,heap        ] GC(301) Eden regions: 1218->0(1221)
[150.670s][info][gc,heap        ] GC(301) Survivor regions: 4->4(107)
[150.670s][info][gc,heap        ] GC(301) Old regions: 47->44
[150.670s][info][gc,heap        ] GC(301) Archive regions: 0->0
[150.670s][info][gc,heap        ] GC(301) Humongous regions: 672->672
[150.670s][info][gc,metaspace   ] GC(301) Metaspace: 121753K(126336K)->121753K(126336K) NonClass: 105156K(105856K)->105156K(105856K) Class: 16596K(20480K)->16596K(20480K)
[150.670s][info][gc             ] GC(301) Pause Young (Mixed) (G1 Evacuation Pause) 3835M->1399M(4096M) 3.544ms
[150.670s][info][gc,cpu         ] GC(301) User=0.52s Sys=0.00s Real=0.02s
[150.840s][info][gc,start       ] GC(302) Pause Young (Concurrent Start) (G1 Evacuation Pause)
[150.840s][info][gc,task        ] GC(302) Using 33 workers of 33 for evacuation
[150.844s][info][gc,phases      ] GC(302)   Pre Evacuate Collection Set: 0.5ms
[150.844s][info][gc,phases      ] GC(302)   Merge Heap Roots: 0.4ms
[150.844s][info][gc,phases      ] GC(302)   Evacuate Collection Set: 1.7ms
[150.844s][info][gc,phases      ] GC(302)   Post Evacuate Collection Set: 0.9ms
[150.844s][info][gc,phases      ] GC(302)   Other: 0.1ms
[150.844s][info][gc,heap        ] GC(302) Eden regions: 1221->0(1221)
[150.844s][info][gc,heap        ] GC(302) Survivor regions: 4->4(107)
[150.844s][info][gc,heap        ] GC(302) Old regions: 44->44
[150.844s][info][gc,heap        ] GC(302) Archive regions: 0->0
[150.844s][info][gc,heap        ] GC(302) Humongous regions: 672->672
[150.844s][info][gc,metaspace   ] GC(302) Metaspace: 121753K(126336K)->121753K(126336K) NonClass: 105156K(105856K)->105156K(105856K) Class: 16596K(20480K)->16596K(20480K)
[150.844s][info][gc             ] GC(302) Pause Young (Concurrent Start) (G1 Evacuation Pause) 3841M->1399M(4096M) 3.844ms
[150.844s][info][gc             ] GC(303) Concurrent Mark Cycle
[150.844s][info][gc,marking     ] GC(303) Concurrent Scan Root Regions
[150.844s][info][gc,cpu         ] GC(302) User=0.00s Sys=0.00s Real=0.00s
[150.863s][info][gc,marking     ] GC(303) Concurrent Scan Root Regions 18.903ms
[150.863s][info][gc,marking     ] GC(303) Concurrent Mark
[150.863s][info][gc,marking     ] GC(303) Concurrent Mark From Roots
[150.863s][info][gc,task        ] GC(303) Using 8 workers of 8 for marking
[150.921s][info][gc,marking     ] GC(303) Concurrent Mark From Roots 57.767ms
[150.921s][info][gc,marking     ] GC(303) Concurrent Preclean
[150.924s][info][gc,marking     ] GC(303) Concurrent Preclean 2.454ms
[150.925s][info][gc,start       ] GC(303) Pause Remark
[150.931s][info][gc             ] GC(303) Pause Remark 2567M->2567M(4096M) 6.427ms
[150.931s][info][gc,cpu         ] GC(303) User=0.00s Sys=0.00s Real=0.00s
[150.931s][info][gc,marking     ] GC(303) Concurrent Mark 68.288ms
[150.932s][info][gc,marking     ] GC(303) Concurrent Rebuild Remembered Sets and Scrub Regions
[150.960s][info][gc,marking     ] GC(303) Concurrent Rebuild Remembered Sets and Scrub Regions 28.115ms
[150.961s][info][gc,start       ] GC(303) Pause Cleanup
[150.961s][info][gc             ] GC(303) Pause Cleanup 2993M->2993M(4096M) 0.296ms
[150.961s][info][gc,cpu         ] GC(303) User=0.00s Sys=0.00s Real=0.00s
[150.961s][info][gc,marking     ] GC(303) Concurrent Clear Claimed Marks
[150.963s][info][gc,marking     ] GC(303) Concurrent Clear Claimed Marks 1.888ms
[150.963s][info][gc,marking     ] GC(303) Concurrent Cleanup for Next Mark
[150.983s][info][gc,marking     ] GC(303) Concurrent Cleanup for Next Mark 19.028ms
[150.983s][info][gc             ] GC(303) Concurrent Mark Cycle 139.340ms
[151.024s][info][gc,start       ] GC(304) Pause Young (Prepare Mixed) (G1 Evacuation Pause)
[151.024s][info][gc,task        ] GC(304) Using 33 workers of 33 for evacuation
[151.028s][info][gc,phases      ] GC(304)   Pre Evacuate Collection Set: 0.3ms
[151.028s][info][gc,phases      ] GC(304)   Merge Heap Roots: 0.9ms
[151.028s][info][gc,phases      ] GC(304)   Evacuate Collection Set: 1.2ms
[151.028s][info][gc,phases      ] GC(304)   Post Evacuate Collection Set: 0.9ms
[151.028s][info][gc,phases      ] GC(304)   Other: 0.1ms
[151.028s][info][gc,heap        ] GC(304) Eden regions: 1221->0(1221)
[151.028s][info][gc,heap        ] GC(304) Survivor regions: 4->4(107)
[151.028s][info][gc,heap        ] GC(304) Old regions: 44->44
[151.028s][info][gc,heap        ] GC(304) Archive regions: 0->0
[151.028s][info][gc,heap        ] GC(304) Humongous regions: 672->672
[151.028s][info][gc,metaspace   ] GC(304) Metaspace: 121753K(126336K)->121753K(126336K) NonClass: 105156K(105856K)->105156K(105856K) Class: 16596K(20480K)->16596K(20480K)
[151.028s][info][gc             ] GC(304) Pause Young (Prepare Mixed) (G1 Evacuation Pause) 3841M->1399M(4096M) 3.814ms
[151.028s][info][gc,cpu         ] GC(304) User=0.52s Sys=0.00s Real=0.02s
[151.197s][info][gc,start       ] GC(305) Pause Young (Mixed) (G1 Evacuation Pause)
[151.197s][info][gc,task        ] GC(305) Using 33 workers of 33 for evacuation
[151.200s][info][gc,phases      ] GC(305)   Pre Evacuate Collection Set: 0.3ms
[151.200s][info][gc,phases      ] GC(305)   Merge Heap Roots: 0.4ms
[151.200s][info][gc,phases      ] GC(305)   Evacuate Collection Set: 1.5ms
[151.200s][info][gc,phases      ] GC(305)   Post Evacuate Collection Set: 0.9ms
[151.200s][info][gc,phases      ] GC(305)   Other: 0.2ms
[151.200s][info][gc,heap        ] GC(305) Eden regions: 1221->0(1224)
[151.200s][info][gc,heap        ] GC(305) Survivor regions: 4->4(107)
[151.200s][info][gc,heap        ] GC(305) Old regions: 44->40
[151.200s][info][gc,heap        ] GC(305) Archive regions: 0->0
[151.200s][info][gc,heap        ] GC(305) Humongous regions: 672->672
[151.200s][info][gc,metaspace   ] GC(305) Metaspace: 121770K(126336K)->121770K(126336K) NonClass: 105174K(105856K)->105174K(105856K) Class: 16596K(20480K)->16596K(20480K)
[151.200s][info][gc             ] GC(305) Pause Young (Mixed) (G1 Evacuation Pause) 3841M->1399M(4096M) 3.549ms
[151.200s][info][gc,cpu         ] GC(305) User=0.00s Sys=0.00s Real=0.00s
[151.370s][info][gc,start       ] GC(306) Pause Young (Concurrent Start) (G1 Evacuation Pause)
[151.370s][info][gc,task        ] GC(306) Using 33 workers of 33 for evacuation
[151.374s][info][gc,phases      ] GC(306)   Pre Evacuate Collection Set: 0.5ms
[151.374s][info][gc,phases      ] GC(306)   Merge Heap Roots: 0.4ms
[151.374s][info][gc,phases      ] GC(306)   Evacuate Collection Set: 1.9ms
[151.374s][info][gc,phases      ] GC(306)   Post Evacuate Collection Set: 0.9ms
[151.374s][info][gc,phases      ] GC(306)   Other: 0.1ms
[151.374s][info][gc,heap        ] GC(306) Eden regions: 1224->0(1224)
[151.374s][info][gc,heap        ] GC(306) Survivor regions: 4->4(108)
[151.374s][info][gc,heap        ] GC(306) Old regions: 40->40
[151.374s][info][gc,heap        ] GC(306) Archive regions: 0->0
[151.374s][info][gc,heap        ] GC(306) Humongous regions: 672->672
[151.374s][info][gc,metaspace   ] GC(306) Metaspace: 121770K(126336K)->121770K(126336K) NonClass: 105174K(105856K)->105174K(105856K) Class: 16596K(20480K)->16596K(20480K)
[151.374s][info][gc             ] GC(306) Pause Young (Concurrent Start) (G1 Evacuation Pause) 3847M->1399M(4096M) 4.069ms
[151.374s][info][gc             ] GC(307) Concurrent Mark Cycle
[151.374s][info][gc,marking     ] GC(307) Concurrent Scan Root Regions
[151.374s][info][gc,cpu         ] GC(306) User=0.02s Sys=0.00s Real=0.02s
[151.392s][info][gc,marking     ] GC(307) Concurrent Scan Root Regions 18.270ms
[151.393s][info][gc,marking     ] GC(307) Concurrent Mark
[151.393s][info][gc,marking     ] GC(307) Concurrent Mark From Roots
[151.393s][info][gc,task        ] GC(307) Using 8 workers of 8 for marking
[151.443s][info][gc,marking     ] GC(307) Concurrent Mark From Roots 50.082ms
[151.443s][info][gc,marking     ] GC(307) Concurrent Preclean
[151.445s][info][gc,marking     ] GC(307) Concurrent Preclean 2.393ms
[151.446s][info][gc,start       ] GC(307) Pause Remark
[151.449s][info][gc             ] GC(307) Pause Remark 2383M->2383M(4096M) 3.060ms
[151.449s][info][gc,cpu         ] GC(307) User=0.00s Sys=0.00s Real=0.00s
[151.449s][info][gc,marking     ] GC(307) Concurrent Mark 56.269ms
[151.449s][info][gc,marking     ] GC(307) Concurrent Rebuild Remembered Sets and Scrub Regions
[151.460s][info][gc,marking     ] GC(307) Concurrent Rebuild Remembered Sets and Scrub Regions 10.705ms
[151.460s][info][gc,start       ] GC(307) Pause Cleanup
[151.460s][info][gc             ] GC(307) Pause Cleanup 2511M->2511M(4096M) 0.310ms
[151.460s][info][gc,cpu         ] GC(307) User=0.00s Sys=0.00s Real=0.00s
[151.460s][info][gc,marking     ] GC(307) Concurrent Clear Claimed Marks
[151.461s][info][gc,marking     ] GC(307) Concurrent Clear Claimed Marks 0.163ms
[151.461s][info][gc,marking     ] GC(307) Concurrent Cleanup for Next Mark
[151.466s][info][gc,marking     ] GC(307) Concurrent Cleanup for Next Mark 5.652ms
[151.466s][info][gc             ] GC(307) Concurrent Mark Cycle 92.574ms
[152.332s][info][gc,start       ] GC(308) Pause Full (System.gc())
[152.332s][info][gc,task        ] GC(308) Using 33 workers of 33 for full compaction
[152.334s][info][gc,phases,start] GC(308) Phase 1: Mark live objects
[152.378s][info][gc,phases      ] GC(308) Phase 1: Mark live objects 43.908ms
[152.378s][info][gc,phases,start] GC(308) Phase 2: Prepare compaction
[152.383s][info][gc,phases      ] GC(308) Phase 2: Prepare compaction 5.174ms
[152.383s][info][gc,phases,start] GC(308) Phase 3: Adjust pointers
[152.394s][info][gc,phases      ] GC(308) Phase 3: Adjust pointers 10.766ms
[152.394s][info][gc,phases,start] GC(308) Phase 4: Compact heap
[152.395s][info][gc,phases      ] GC(308) Phase 4: Compact heap 1.607ms
[152.410s][info][gc,heap        ] GC(308) Eden regions: 642->0(1225)
[152.410s][info][gc,heap        ] GC(308) Survivor regions: 4->0(108)
[152.410s][info][gc,heap        ] GC(308) Old regions: 40->48
[152.410s][info][gc,heap        ] GC(308) Archive regions: 0->0
[152.410s][info][gc,heap        ] GC(308) Humongous regions: 675->672
[152.410s][info][gc,metaspace   ] GC(308) Metaspace: 121772K(126336K)->121772K(126336K) NonClass: 105175K(105856K)->105175K(105856K) Class: 16596K(20480K)->16596K(20480K)
[152.410s][info][gc             ] GC(308) Pause Full (System.gc()) 2689M->1392M(4096M) 78.049ms
[152.410s][info][gc,cpu         ] GC(308) User=1.50s Sys=0.03s Real=0.08s
[152.474s][info][gc,start       ] GC(309) Pause Young (Concurrent Start) (G1 Humongous Allocation)
[152.474s][info][gc,task        ] GC(309) Using 33 workers of 33 for evacuation
[152.478s][info][gc,phases      ] GC(309)   Pre Evacuate Collection Set: 0.6ms
[152.478s][info][gc,phases      ] GC(309)   Merge Heap Roots: 0.1ms
[152.478s][info][gc,phases      ] GC(309)   Evacuate Collection Set: 2.1ms
[152.478s][info][gc,phases      ] GC(309)   Post Evacuate Collection Set: 0.9ms
[152.478s][info][gc,phases      ] GC(309)   Other: 0.2ms
[152.478s][info][gc,heap        ] GC(309) Eden regions: 5->0(1223)
[152.478s][info][gc,heap        ] GC(309) Survivor regions: 0->1(154)
[152.478s][info][gc,heap        ] GC(309) Old regions: 48->48
[152.478s][info][gc,heap        ] GC(309) Archive regions: 0->0
[152.478s][info][gc,heap        ] GC(309) Humongous regions: 672->672
[152.478s][info][gc,metaspace   ] GC(309) Metaspace: 121861K(126400K)->121861K(126400K) NonClass: 105265K(105920K)->105265K(105920K) Class: 16596K(20480K)->16596K(20480K)
[152.478s][info][gc             ] GC(309) Pause Young (Concurrent Start) (G1 Humongous Allocation) 1402M->1393M(4096M) 4.372ms
[152.478s][info][gc             ] GC(310) Concurrent Mark Cycle
[152.478s][info][gc,cpu         ] GC(309) User=0.00s Sys=0.00s Real=0.00s
[152.478s][info][gc,marking     ] GC(310) Concurrent Scan Root Regions
[152.481s][info][gc,marking     ] GC(310) Concurrent Scan Root Regions 2.745ms
[152.481s][info][gc,marking     ] GC(310) Concurrent Mark
[152.481s][info][gc,marking     ] GC(310) Concurrent Mark From Roots
[152.481s][info][gc,task        ] GC(310) Using 8 workers of 8 for marking
[152.517s][info][gc,marking     ] GC(310) Concurrent Mark From Roots 35.302ms
[152.517s][info][gc,marking     ] GC(310) Concurrent Preclean
[152.520s][info][gc,marking     ] GC(310) Concurrent Preclean 3.387ms
[152.522s][info][gc,start       ] GC(310) Pause Remark
[152.525s][info][gc             ] GC(310) Pause Remark 1713M->1713M(4096M) 3.526ms
[152.525s][info][gc,cpu         ] GC(310) User=0.00s Sys=0.00s Real=0.00s
[152.525s][info][gc,marking     ] GC(310) Concurrent Mark 44.253ms
[152.526s][info][gc,marking     ] GC(310) Concurrent Rebuild Remembered Sets and Scrub Regions
[152.546s][info][gc,marking     ] GC(310) Concurrent Rebuild Remembered Sets and Scrub Regions 20.540ms
[152.547s][info][gc,start       ] GC(310) Pause Cleanup
[152.548s][info][gc             ] GC(310) Pause Cleanup 2017M->2017M(4096M) 0.443ms
[152.548s][info][gc,cpu         ] GC(310) User=0.00s Sys=0.00s Real=0.00s
[152.548s][info][gc,marking     ] GC(310) Concurrent Clear Claimed Marks
[152.549s][info][gc,marking     ] GC(310) Concurrent Clear Claimed Marks 1.626ms
[152.550s][info][gc,marking     ] GC(310) Concurrent Cleanup for Next Mark
[152.568s][info][gc,marking     ] GC(310) Concurrent Cleanup for Next Mark 18.627ms
[152.569s][info][gc             ] GC(310) Concurrent Mark Cycle 90.552ms
[152.679s][info][gc,start       ] GC(311) Pause Young (Prepare Mixed) (G1 Evacuation Pause)
[152.679s][info][gc,task        ] GC(311) Using 33 workers of 33 for evacuation
[152.683s][info][gc,phases      ] GC(311)   Pre Evacuate Collection Set: 0.4ms
[152.683s][info][gc,phases      ] GC(311)   Merge Heap Roots: 1.1ms
[152.683s][info][gc,phases      ] GC(311)   Evacuate Collection Set: 1.4ms
[152.683s][info][gc,phases      ] GC(311)   Post Evacuate Collection Set: 1.0ms
[152.683s][info][gc,phases      ] GC(311)   Other: 0.1ms
[152.683s][info][gc,heap        ] GC(311) Eden regions: 1223->0(1217)
[152.683s][info][gc,heap        ] GC(311) Survivor regions: 1->4(101)
[152.683s][info][gc,heap        ] GC(311) Old regions: 48->48
[152.683s][info][gc,heap        ] GC(311) Archive regions: 0->0
[152.683s][info][gc,heap        ] GC(311) Humongous regions: 675->672
[152.683s][info][gc,metaspace   ] GC(311) Metaspace: 121861K(126400K)->121861K(126400K) NonClass: 105265K(105920K)->105265K(105920K) Class: 16596K(20480K)->16596K(20480K)
[152.683s][info][gc             ] GC(311) Pause Young (Prepare Mixed) (G1 Evacuation Pause) 3845M->1399M(4096M) 4.241ms
[152.683s][info][gc,cpu         ] GC(311) User=0.00s Sys=0.00s Real=0.00s
[152.851s][info][gc,start       ] GC(312) Pause Young (Mixed) (G1 Evacuation Pause)
[152.852s][info][gc,task        ] GC(312) Using 33 workers of 33 for evacuation
[152.855s][info][gc,phases      ] GC(312)   Pre Evacuate Collection Set: 0.3ms
[152.855s][info][gc,phases      ] GC(312)   Merge Heap Roots: 0.4ms
[152.855s][info][gc,phases      ] GC(312)   Evacuate Collection Set: 1.5ms
[152.855s][info][gc,phases      ] GC(312)   Post Evacuate Collection Set: 0.9ms
[152.855s][info][gc,phases      ] GC(312)   Other: 0.2ms
[152.855s][info][gc,heap        ] GC(312) Eden regions: 1217->0(1220)
[152.855s][info][gc,heap        ] GC(312) Survivor regions: 4->4(107)
[152.855s][info][gc,heap        ] GC(312) Old regions: 48->45
[152.855s][info][gc,heap        ] GC(312) Archive regions: 0->0
[152.855s][info][gc,heap        ] GC(312) Humongous regions: 672->672
[152.855s][info][gc,metaspace   ] GC(312) Metaspace: 121861K(126400K)->121861K(126400K) NonClass: 105265K(105920K)->105265K(105920K) Class: 16596K(20480K)->16596K(20480K)
[152.855s][info][gc             ] GC(312) Pause Young (Mixed) (G1 Evacuation Pause) 3833M->1399M(4096M) 3.460ms
[152.855s][info][gc,cpu         ] GC(312) User=0.00s Sys=0.00s Real=0.00s
[153.023s][info][gc,start       ] GC(313) Pause Young (Concurrent Start) (G1 Evacuation Pause)
[153.023s][info][gc,task        ] GC(313) Using 33 workers of 33 for evacuation
[153.027s][info][gc,phases      ] GC(313)   Pre Evacuate Collection Set: 0.5ms
[153.027s][info][gc,phases      ] GC(313)   Merge Heap Roots: 0.4ms
[153.027s][info][gc,phases      ] GC(313)   Evacuate Collection Set: 1.6ms
[153.027s][info][gc,phases      ] GC(313)   Post Evacuate Collection Set: 0.9ms
[153.027s][info][gc,phases      ] GC(313)   Other: 0.1ms
[153.027s][info][gc,heap        ] GC(313) Eden regions: 1220->0(1220)
[153.027s][info][gc,heap        ] GC(313) Survivor regions: 4->4(107)
[153.027s][info][gc,heap        ] GC(313) Old regions: 45->45
[153.027s][info][gc,heap        ] GC(313) Archive regions: 0->0
[153.027s][info][gc,heap        ] GC(313) Humongous regions: 672->672
[153.027s][info][gc,metaspace   ] GC(313) Metaspace: 121861K(126400K)->121861K(126400K) NonClass: 105265K(105920K)->105265K(105920K) Class: 16596K(20480K)->16596K(20480K)
[153.027s][info][gc             ] GC(313) Pause Young (Concurrent Start) (G1 Evacuation Pause) 3839M->1399M(4096M) 3.806ms
[153.027s][info][gc             ] GC(314) Concurrent Mark Cycle
[153.027s][info][gc,marking     ] GC(314) Concurrent Scan Root Regions
[153.027s][info][gc,cpu         ] GC(313) User=0.00s Sys=0.00s Real=0.00s
[153.051s][info][gc,marking     ] GC(314) Concurrent Scan Root Regions 23.255ms
[153.051s][info][gc,marking     ] GC(314) Concurrent Mark
[153.051s][info][gc,marking     ] GC(314) Concurrent Mark From Roots
[153.051s][info][gc,task        ] GC(314) Using 8 workers of 8 for marking
[153.105s][info][gc,marking     ] GC(314) Concurrent Mark From Roots 53.434ms
[153.105s][info][gc,marking     ] GC(314) Concurrent Preclean
[153.108s][info][gc,marking     ] GC(314) Concurrent Preclean 2.914ms
[153.109s][info][gc,start       ] GC(314) Pause Remark
[153.113s][info][gc             ] GC(314) Pause Remark 2577M->2577M(4096M) 3.711ms
[153.113s][info][gc,cpu         ] GC(314) User=0.00s Sys=0.00s Real=0.00s
[153.113s][info][gc,marking     ] GC(314) Concurrent Mark 61.753ms
[153.113s][info][gc,marking     ] GC(314) Concurrent Rebuild Remembered Sets and Scrub Regions
[153.136s][info][gc,marking     ] GC(314) Concurrent Rebuild Remembered Sets and Scrub Regions 23.049ms
[153.137s][info][gc,start       ] GC(314) Pause Cleanup
[153.137s][info][gc             ] GC(314) Pause Cleanup 2935M->2935M(4096M) 0.335ms
[153.137s][info][gc,cpu         ] GC(314) User=0.02s Sys=0.00s Real=0.02s
[153.138s][info][gc,marking     ] GC(314) Concurrent Clear Claimed Marks
[153.140s][info][gc,marking     ] GC(314) Concurrent Clear Claimed Marks 1.799ms
[153.140s][info][gc,marking     ] GC(314) Concurrent Cleanup for Next Mark
[153.159s][info][gc,marking     ] GC(314) Concurrent Cleanup for Next Mark 19.291ms
[153.160s][info][gc             ] GC(314) Concurrent Mark Cycle 132.391ms
[153.205s][info][gc,start       ] GC(315) Pause Young (Prepare Mixed) (G1 Evacuation Pause)
[153.205s][info][gc,task        ] GC(315) Using 33 workers of 33 for evacuation
[153.209s][info][gc,phases      ] GC(315)   Pre Evacuate Collection Set: 0.3ms
[153.209s][info][gc,phases      ] GC(315)   Merge Heap Roots: 1.0ms
[153.209s][info][gc,phases      ] GC(315)   Evacuate Collection Set: 1.1ms
[153.209s][info][gc,phases      ] GC(315)   Post Evacuate Collection Set: 0.9ms
[153.209s][info][gc,phases      ] GC(315)   Other: 0.2ms
[153.209s][info][gc,heap        ] GC(315) Eden regions: 1220->0(1220)
[153.209s][info][gc,heap        ] GC(315) Survivor regions: 4->4(107)
[153.209s][info][gc,heap        ] GC(315) Old regions: 45->45
[153.209s][info][gc,heap        ] GC(315) Archive regions: 0->0
[153.209s][info][gc,heap        ] GC(315) Humongous regions: 672->672
[153.209s][info][gc,metaspace   ] GC(315) Metaspace: 121861K(126400K)->121861K(126400K) NonClass: 105265K(105920K)->105265K(105920K) Class: 16596K(20480K)->16596K(20480K)
[153.209s][info][gc             ] GC(315) Pause Young (Prepare Mixed) (G1 Evacuation Pause) 3839M->1399M(4096M) 3.741ms
[153.209s][info][gc,cpu         ] GC(315) User=0.00s Sys=0.00s Real=0.00s
[153.377s][info][gc,start       ] GC(316) Pause Young (Mixed) (G1 Evacuation Pause)
[153.377s][info][gc,task        ] GC(316) Using 33 workers of 33 for evacuation
[153.381s][info][gc,phases      ] GC(316)   Pre Evacuate Collection Set: 0.3ms
[153.381s][info][gc,phases      ] GC(316)   Merge Heap Roots: 0.4ms
[153.381s][info][gc,phases      ] GC(316)   Evacuate Collection Set: 1.4ms
[153.381s][info][gc,phases      ] GC(316)   Post Evacuate Collection Set: 0.9ms
[153.381s][info][gc,phases      ] GC(316)   Other: 0.2ms
[153.381s][info][gc,heap        ] GC(316) Eden regions: 1220->0(1224)
[153.381s][info][gc,heap        ] GC(316) Survivor regions: 4->4(107)
[153.381s][info][gc,heap        ] GC(316) Old regions: 45->41
[153.381s][info][gc,heap        ] GC(316) Archive regions: 0->0
[153.381s][info][gc,heap        ] GC(316) Humongous regions: 672->672
[153.381s][info][gc,metaspace   ] GC(316) Metaspace: 121861K(126400K)->121861K(126400K) NonClass: 105265K(105920K)->105265K(105920K) Class: 16596K(20480K)->16596K(20480K)
[153.381s][info][gc             ] GC(316) Pause Young (Mixed) (G1 Evacuation Pause) 3839M->1399M(4096M) 3.482ms
[153.381s][info][gc,cpu         ] GC(316) User=0.00s Sys=0.00s Real=0.00s
[153.551s][info][gc,start       ] GC(317) Pause Young (Concurrent Start) (G1 Evacuation Pause)
[153.551s][info][gc,task        ] GC(317) Using 33 workers of 33 for evacuation
[153.555s][info][gc,phases      ] GC(317)   Pre Evacuate Collection Set: 0.5ms
[153.555s][info][gc,phases      ] GC(317)   Merge Heap Roots: 0.4ms
[153.555s][info][gc,phases      ] GC(317)   Evacuate Collection Set: 1.7ms
[153.555s][info][gc,phases      ] GC(317)   Post Evacuate Collection Set: 0.9ms
[153.555s][info][gc,phases      ] GC(317)   Other: 0.1ms
[153.555s][info][gc,heap        ] GC(317) Eden regions: 1224->0(1224)
[153.555s][info][gc,heap        ] GC(317) Survivor regions: 4->4(107)
[153.555s][info][gc,heap        ] GC(317) Old regions: 41->41
[153.555s][info][gc,heap        ] GC(317) Archive regions: 0->0
[153.555s][info][gc,heap        ] GC(317) Humongous regions: 672->672
[153.555s][info][gc,metaspace   ] GC(317) Metaspace: 121861K(126400K)->121861K(126400K) NonClass: 105265K(105920K)->105265K(105920K) Class: 16596K(20480K)->16596K(20480K)
[153.555s][info][gc             ] GC(317) Pause Young (Concurrent Start) (G1 Evacuation Pause) 3847M->1399M(4096M) 3.941ms
[153.555s][info][gc             ] GC(318) Concurrent Mark Cycle
[153.555s][info][gc,marking     ] GC(318) Concurrent Scan Root Regions
[153.555s][info][gc,cpu         ] GC(317) User=0.00s Sys=0.00s Real=0.00s
[153.575s][info][gc,marking     ] GC(318) Concurrent Scan Root Regions 20.382ms
[153.576s][info][gc,marking     ] GC(318) Concurrent Mark
[153.576s][info][gc,marking     ] GC(318) Concurrent Mark From Roots
[153.576s][info][gc,task        ] GC(318) Using 8 workers of 8 for marking
[153.629s][info][gc,marking     ] GC(318) Concurrent Mark From Roots 53.244ms
[153.629s][info][gc,marking     ] GC(318) Concurrent Preclean
[153.631s][info][gc,marking     ] GC(318) Concurrent Preclean 1.840ms
[153.631s][info][gc,start       ] GC(318) Pause Remark
[153.634s][info][gc             ] GC(318) Pause Remark 2489M->2489M(4096M) 3.110ms
[153.634s][info][gc,cpu         ] GC(318) User=0.00s Sys=0.00s Real=0.00s
[153.634s][info][gc,marking     ] GC(318) Concurrent Mark 58.826ms
[153.635s][info][gc,marking     ] GC(318) Concurrent Rebuild Remembered Sets and Scrub Regions
[153.642s][info][gc,marking     ] GC(318) Concurrent Rebuild Remembered Sets and Scrub Regions 7.385ms
[153.642s][info][gc,start       ] GC(318) Pause Cleanup
[153.642s][info][gc             ] GC(318) Pause Cleanup 2563M->2563M(4096M) 0.332ms
[153.642s][info][gc,cpu         ] GC(318) User=0.00s Sys=0.00s Real=0.00s
[153.643s][info][gc,marking     ] GC(318) Concurrent Clear Claimed Marks
[153.643s][info][gc,marking     ] GC(318) Concurrent Clear Claimed Marks 0.147ms
[153.643s][info][gc,marking     ] GC(318) Concurrent Cleanup for Next Mark
[153.648s][info][gc,marking     ] GC(318) Concurrent Cleanup for Next Mark 4.995ms
[153.648s][info][gc             ] GC(318) Concurrent Mark Cycle 92.902ms
[154.248s][info][gc,start       ] GC(319) Pause Full (System.gc())
[154.248s][info][gc,task        ] GC(319) Using 33 workers of 33 for full compaction
[154.250s][info][gc,phases,start] GC(319) Phase 1: Mark live objects
[154.295s][info][gc,phases      ] GC(319) Phase 1: Mark live objects 45.015ms
[154.295s][info][gc,phases,start] GC(319) Phase 2: Prepare compaction
[154.299s][info][gc,phases      ] GC(319) Phase 2: Prepare compaction 4.068ms
[154.299s][info][gc,phases,start] GC(319) Phase 3: Adjust pointers
[154.309s][info][gc,phases      ] GC(319) Phase 3: Adjust pointers 10.648ms
[154.309s][info][gc,phases,start] GC(319) Phase 4: Compact heap
[154.311s][info][gc,phases      ] GC(319) Phase 4: Compact heap 1.720ms
[154.328s][info][gc,heap        ] GC(319) Eden regions: 646->0(1225)
[154.328s][info][gc,heap        ] GC(319) Survivor regions: 4->0(107)
[154.328s][info][gc,heap        ] GC(319) Old regions: 41->48
[154.328s][info][gc,heap        ] GC(319) Archive regions: 0->0
[154.328s][info][gc,heap        ] GC(319) Humongous regions: 675->672
[154.328s][info][gc,metaspace   ] GC(319) Metaspace: 121898K(126464K)->121898K(126464K) NonClass: 105301K(105984K)->105301K(105984K) Class: 16596K(20480K)->16596K(20480K)
[154.328s][info][gc             ] GC(319) Pause Full (System.gc()) 2696M->1392M(4096M) 80.308ms
[154.328s][info][gc,cpu         ] GC(319) User=1.05s Sys=0.00s Real=0.08s
[154.379s][info][gc,start       ] GC(320) Pause Young (Concurrent Start) (G1 Humongous Allocation)
[154.379s][info][gc,task        ] GC(320) Using 33 workers of 33 for evacuation
[154.382s][info][gc,phases      ] GC(320)   Pre Evacuate Collection Set: 0.6ms
[154.382s][info][gc,phases      ] GC(320)   Merge Heap Roots: 0.1ms
[154.382s][info][gc,phases      ] GC(320)   Evacuate Collection Set: 1.6ms
[154.383s][info][gc,phases      ] GC(320)   Post Evacuate Collection Set: 0.9ms
[154.383s][info][gc,phases      ] GC(320)   Other: 0.2ms
[154.383s][info][gc,heap        ] GC(320) Eden regions: 7->0(1223)
[154.383s][info][gc,heap        ] GC(320) Survivor regions: 0->1(154)
[154.383s][info][gc,heap        ] GC(320) Old regions: 48->48
[154.383s][info][gc,heap        ] GC(320) Archive regions: 0->0
[154.383s][info][gc,heap        ] GC(320) Humongous regions: 672->672
[154.383s][info][gc,metaspace   ] GC(320) Metaspace: 121919K(126464K)->121919K(126464K) NonClass: 105323K(105984K)->105323K(105984K) Class: 16596K(20480K)->16596K(20480K)
[154.383s][info][gc             ] GC(320) Pause Young (Concurrent Start) (G1 Humongous Allocation) 1404M->1393M(4096M) 3.912ms
[154.383s][info][gc             ] GC(321) Concurrent Mark Cycle
[154.383s][info][gc,cpu         ] GC(320) User=0.00s Sys=0.00s Real=0.00s
[154.383s][info][gc,marking     ] GC(321) Concurrent Scan Root Regions
[154.386s][info][gc,marking     ] GC(321) Concurrent Scan Root Regions 3.308ms
[154.386s][info][gc,marking     ] GC(321) Concurrent Mark
[154.386s][info][gc,marking     ] GC(321) Concurrent Mark From Roots
[154.386s][info][gc,task        ] GC(321) Using 8 workers of 8 for marking
[154.416s][info][gc,marking     ] GC(321) Concurrent Mark From Roots 29.322ms
[154.416s][info][gc,marking     ] GC(321) Concurrent Preclean
[154.418s][info][gc,marking     ] GC(321) Concurrent Preclean 2.272ms
[154.419s][info][gc,start       ] GC(321) Pause Remark
[154.423s][info][gc             ] GC(321) Pause Remark 1607M->1607M(4096M) 3.869ms
[154.423s][info][gc,cpu         ] GC(321) User=0.00s Sys=0.00s Real=0.00s
[154.423s][info][gc,marking     ] GC(321) Concurrent Mark 37.016ms
[154.423s][info][gc,marking     ] GC(321) Concurrent Rebuild Remembered Sets and Scrub Regions
[154.446s][info][gc,marking     ] GC(321) Concurrent Rebuild Remembered Sets and Scrub Regions 22.516ms
[154.447s][info][gc,start       ] GC(321) Pause Cleanup
[154.447s][info][gc             ] GC(321) Pause Cleanup 1935M->1935M(4096M) 0.451ms
[154.447s][info][gc,cpu         ] GC(321) User=0.00s Sys=0.00s Real=0.00s
[154.448s][info][gc,marking     ] GC(321) Concurrent Clear Claimed Marks
[154.448s][info][gc,marking     ] GC(321) Concurrent Clear Claimed Marks 0.924ms
[154.449s][info][gc,marking     ] GC(321) Concurrent Cleanup for Next Mark
[154.465s][info][gc,marking     ] GC(321) Concurrent Cleanup for Next Mark 16.662ms
[154.466s][info][gc             ] GC(321) Concurrent Mark Cycle 82.823ms
[154.585s][info][gc,start       ] GC(322) Pause Young (Prepare Mixed) (G1 Evacuation Pause)
[154.585s][info][gc,task        ] GC(322) Using 33 workers of 33 for evacuation
[154.589s][info][gc,phases      ] GC(322)   Pre Evacuate Collection Set: 0.4ms
[154.589s][info][gc,phases      ] GC(322)   Merge Heap Roots: 1.0ms
[154.589s][info][gc,phases      ] GC(322)   Evacuate Collection Set: 1.4ms
[154.589s][info][gc,phases      ] GC(322)   Post Evacuate Collection Set: 1.0ms
[154.589s][info][gc,phases      ] GC(322)   Other: 0.2ms
[154.589s][info][gc,heap        ] GC(322) Eden regions: 1223->0(1217)
[154.589s][info][gc,heap        ] GC(322) Survivor regions: 1->4(101)
[154.589s][info][gc,heap        ] GC(322) Old regions: 48->48
[154.589s][info][gc,heap        ] GC(322) Archive regions: 0->0
[154.589s][info][gc,heap        ] GC(322) Humongous regions: 675->672
[154.589s][info][gc,metaspace   ] GC(322) Metaspace: 121919K(126464K)->121919K(126464K) NonClass: 105323K(105984K)->105323K(105984K) Class: 16596K(20480K)->16596K(20480K)
[154.589s][info][gc             ] GC(322) Pause Young (Prepare Mixed) (G1 Evacuation Pause) 3845M->1399M(4096M) 4.212ms
[154.589s][info][gc,cpu         ] GC(322) User=0.53s Sys=0.02s Real=0.02s
[154.759s][info][gc,start       ] GC(323) Pause Young (Mixed) (G1 Evacuation Pause)
[154.759s][info][gc,task        ] GC(323) Using 33 workers of 33 for evacuation
[154.763s][info][gc,phases      ] GC(323)   Pre Evacuate Collection Set: 0.3ms
[154.763s][info][gc,phases      ] GC(323)   Merge Heap Roots: 0.4ms
[154.763s][info][gc,phases      ] GC(323)   Evacuate Collection Set: 1.4ms
[154.763s][info][gc,phases      ] GC(323)   Post Evacuate Collection Set: 0.9ms
[154.763s][info][gc,phases      ] GC(323)   Other: 0.2ms
[154.763s][info][gc,heap        ] GC(323) Eden regions: 1217->0(1220)
[154.763s][info][gc,heap        ] GC(323) Survivor regions: 4->4(107)
[154.763s][info][gc,heap        ] GC(323) Old regions: 48->45
[154.763s][info][gc,heap        ] GC(323) Archive regions: 0->0
[154.763s][info][gc,heap        ] GC(323) Humongous regions: 672->672
[154.763s][info][gc,metaspace   ] GC(323) Metaspace: 121919K(126464K)->121919K(126464K) NonClass: 105323K(105984K)->105323K(105984K) Class: 16596K(20480K)->16596K(20480K)
[154.763s][info][gc             ] GC(323) Pause Young (Mixed) (G1 Evacuation Pause) 3833M->1399M(4096M) 3.483ms
[154.763s][info][gc,cpu         ] GC(323) User=0.00s Sys=0.00s Real=0.00s
[154.933s][info][gc,start       ] GC(324) Pause Young (Concurrent Start) (G1 Evacuation Pause)
[154.933s][info][gc,task        ] GC(324) Using 33 workers of 33 for evacuation
[154.937s][info][gc,phases      ] GC(324)   Pre Evacuate Collection Set: 0.6ms
[154.937s][info][gc,phases      ] GC(324)   Merge Heap Roots: 0.4ms
[154.937s][info][gc,phases      ] GC(324)   Evacuate Collection Set: 1.9ms
[154.937s][info][gc,phases      ] GC(324)   Post Evacuate Collection Set: 0.9ms
[154.937s][info][gc,phases      ] GC(324)   Other: 0.1ms
[154.937s][info][gc,heap        ] GC(324) Eden regions: 1220->0(1220)
[154.937s][info][gc,heap        ] GC(324) Survivor regions: 4->4(107)
[154.937s][info][gc,heap        ] GC(324) Old regions: 45->45
[154.937s][info][gc,heap        ] GC(324) Archive regions: 0->0
[154.937s][info][gc,heap        ] GC(324) Humongous regions: 672->672
[154.937s][info][gc,metaspace   ] GC(324) Metaspace: 121919K(126464K)->121919K(126464K) NonClass: 105323K(105984K)->105323K(105984K) Class: 16596K(20480K)->16596K(20480K)
[154.937s][info][gc             ] GC(324) Pause Young (Concurrent Start) (G1 Evacuation Pause) 3839M->1399M(4096M) 4.137ms
[154.937s][info][gc             ] GC(325) Concurrent Mark Cycle
[154.937s][info][gc,marking     ] GC(325) Concurrent Scan Root Regions
[154.937s][info][gc,cpu         ] GC(324) User=0.00s Sys=0.00s Real=0.00s
[154.960s][info][gc,marking     ] GC(325) Concurrent Scan Root Regions 23.558ms
[154.961s][info][gc,marking     ] GC(325) Concurrent Mark
[154.961s][info][gc,marking     ] GC(325) Concurrent Mark From Roots
[154.961s][info][gc,task        ] GC(325) Using 8 workers of 8 for marking
[155.014s][info][gc,marking     ] GC(325) Concurrent Mark From Roots 52.803ms
[155.014s][info][gc,marking     ] GC(325) Concurrent Preclean
[155.017s][info][gc,marking     ] GC(325) Concurrent Preclean 2.509ms
[155.018s][info][gc,start       ] GC(325) Pause Remark
[155.021s][info][gc             ] GC(325) Pause Remark 2549M->2549M(4096M) 3.805ms
[155.022s][info][gc,cpu         ] GC(325) User=0.00s Sys=0.00s Real=0.00s
[155.022s][info][gc,marking     ] GC(325) Concurrent Mark 60.840ms
[155.022s][info][gc,marking     ] GC(325) Concurrent Rebuild Remembered Sets and Scrub Regions
[155.043s][info][gc,marking     ] GC(325) Concurrent Rebuild Remembered Sets and Scrub Regions 21.057ms
[155.044s][info][gc,start       ] GC(325) Pause Cleanup
[155.044s][info][gc             ] GC(325) Pause Cleanup 2877M->2877M(4096M) 0.305ms
[155.044s][info][gc,cpu         ] GC(325) User=0.00s Sys=0.00s Real=0.00s
[155.045s][info][gc,marking     ] GC(325) Concurrent Clear Claimed Marks
[155.046s][info][gc,marking     ] GC(325) Concurrent Clear Claimed Marks 1.759ms
[155.047s][info][gc,marking     ] GC(325) Concurrent Cleanup for Next Mark
[155.066s][info][gc,marking     ] GC(325) Concurrent Cleanup for Next Mark 19.007ms
[155.066s][info][gc             ] GC(325) Concurrent Mark Cycle 129.393ms
[155.116s][info][gc,start       ] GC(326) Pause Young (Prepare Mixed) (G1 Evacuation Pause)
[155.116s][info][gc,task        ] GC(326) Using 33 workers of 33 for evacuation
[155.120s][info][gc,phases      ] GC(326)   Pre Evacuate Collection Set: 0.3ms
[155.120s][info][gc,phases      ] GC(326)   Merge Heap Roots: 1.0ms
[155.120s][info][gc,phases      ] GC(326)   Evacuate Collection Set: 1.2ms
[155.120s][info][gc,phases      ] GC(326)   Post Evacuate Collection Set: 0.9ms
[155.120s][info][gc,phases      ] GC(326)   Other: 0.2ms
[155.120s][info][gc,heap        ] GC(326) Eden regions: 1220->0(1221)
[155.120s][info][gc,heap        ] GC(326) Survivor regions: 4->4(108)
[155.120s][info][gc,heap        ] GC(326) Old regions: 44->44
[155.120s][info][gc,heap        ] GC(326) Archive regions: 0->0
[155.120s][info][gc,heap        ] GC(326) Humongous regions: 672->672
[155.120s][info][gc,metaspace   ] GC(326) Metaspace: 121919K(126464K)->121919K(126464K) NonClass: 105323K(105984K)->105323K(105984K) Class: 16596K(20480K)->16596K(20480K)
[155.120s][info][gc             ] GC(326) Pause Young (Prepare Mixed) (G1 Evacuation Pause) 3839M->1399M(4096M) 3.787ms
[155.120s][info][gc,cpu         ] GC(326) User=0.53s Sys=0.00s Real=0.02s
[155.288s][info][gc,start       ] GC(327) Pause Young (Mixed) (G1 Evacuation Pause)
[155.295s][info][gc,task        ] GC(327) Using 33 workers of 33 for evacuation
[155.323s][info][gc,phases      ] GC(327)   Pre Evacuate Collection Set: 0.4ms
[155.323s][info][gc,phases      ] GC(327)   Merge Heap Roots: 0.5ms
[155.323s][info][gc,phases      ] GC(327)   Evacuate Collection Set: 1.7ms
[155.323s][info][gc,phases      ] GC(327)   Post Evacuate Collection Set: 1.3ms
[155.323s][info][gc,phases      ] GC(327)   Other: 23.8ms
[155.323s][info][gc,heap        ] GC(327) Eden regions: 1221->0(1224)
[155.323s][info][gc,heap        ] GC(327) Survivor regions: 4->4(107)
[155.323s][info][gc,heap        ] GC(327) Old regions: 44->40
[155.323s][info][gc,heap        ] GC(327) Archive regions: 0->0
[155.323s][info][gc,heap        ] GC(327) Humongous regions: 672->672
[155.323s][info][gc,metaspace   ] GC(327) Metaspace: 121919K(126464K)->121919K(126464K) NonClass: 105323K(105984K)->105323K(105984K) Class: 16596K(20480K)->16596K(20480K)
[155.323s][info][gc             ] GC(327) Pause Young (Mixed) (G1 Evacuation Pause) 3841M->1399M(4096M) 35.206ms
[155.323s][info][gc,cpu         ] GC(327) User=0.02s Sys=0.00s Real=0.03s
[155.493s][info][gc,start       ] GC(328) Pause Young (Concurrent Start) (G1 Evacuation Pause)
[155.493s][info][gc,task        ] GC(328) Using 33 workers of 33 for evacuation
[155.497s][info][gc,phases      ] GC(328)   Pre Evacuate Collection Set: 0.5ms
[155.497s][info][gc,phases      ] GC(328)   Merge Heap Roots: 0.4ms
[155.497s][info][gc,phases      ] GC(328)   Evacuate Collection Set: 1.9ms
[155.497s][info][gc,phases      ] GC(328)   Post Evacuate Collection Set: 0.9ms
[155.497s][info][gc,phases      ] GC(328)   Other: 0.2ms
[155.497s][info][gc,heap        ] GC(328) Eden regions: 1224->0(1224)
[155.497s][info][gc,heap        ] GC(328) Survivor regions: 4->4(108)
[155.497s][info][gc,heap        ] GC(328) Old regions: 40->40
[155.497s][info][gc,heap        ] GC(328) Archive regions: 0->0
[155.497s][info][gc,heap        ] GC(328) Humongous regions: 672->672
[155.497s][info][gc,metaspace   ] GC(328) Metaspace: 121919K(126464K)->121919K(126464K) NonClass: 105323K(105984K)->105323K(105984K) Class: 16596K(20480K)->16596K(20480K)
[155.498s][info][gc             ] GC(328) Pause Young (Concurrent Start) (G1 Evacuation Pause) 3847M->1400M(4096M) 4.093ms
[155.498s][info][gc             ] GC(329) Concurrent Mark Cycle
[155.498s][info][gc,marking     ] GC(329) Concurrent Scan Root Regions
[155.498s][info][gc,cpu         ] GC(328) User=0.52s Sys=0.00s Real=0.00s
[155.518s][info][gc,marking     ] GC(329) Concurrent Scan Root Regions 20.705ms
[155.519s][info][gc,marking     ] GC(329) Concurrent Mark
[155.519s][info][gc,marking     ] GC(329) Concurrent Mark From Roots
[155.519s][info][gc,task        ] GC(329) Using 8 workers of 8 for marking
[155.572s][info][gc,marking     ] GC(329) Concurrent Mark From Roots 53.591ms
[155.572s][info][gc,marking     ] GC(329) Concurrent Preclean
[155.574s][info][gc,marking     ] GC(329) Concurrent Preclean 1.469ms
[155.574s][info][gc,start       ] GC(329) Pause Remark
[155.577s][info][gc             ] GC(329) Pause Remark 2432M->2432M(4096M) 3.043ms
[155.577s][info][gc,cpu         ] GC(329) User=0.00s Sys=0.00s Real=0.00s
[155.577s][info][gc,marking     ] GC(329) Concurrent Mark 58.625ms
[155.577s][info][gc,marking     ] GC(329) Concurrent Rebuild Remembered Sets and Scrub Regions
[155.586s][info][gc,marking     ] GC(329) Concurrent Rebuild Remembered Sets and Scrub Regions 8.492ms
[155.586s][info][gc,start       ] GC(329) Pause Cleanup
[155.586s][info][gc             ] GC(329) Pause Cleanup 2536M->2536M(4096M) 0.327ms
[155.586s][info][gc,cpu         ] GC(329) User=0.00s Sys=0.00s Real=0.00s
[155.586s][info][gc,marking     ] GC(329) Concurrent Clear Claimed Marks
[155.587s][info][gc,marking     ] GC(329) Concurrent Clear Claimed Marks 0.183ms
[155.587s][info][gc,marking     ] GC(329) Concurrent Cleanup for Next Mark
[155.595s][info][gc,marking     ] GC(329) Concurrent Cleanup for Next Mark 8.283ms
[155.595s][info][gc             ] GC(329) Concurrent Mark Cycle 97.378ms
[156.255s][info][gc,start       ] GC(330) Pause Full (System.gc())
[156.255s][info][gc,task        ] GC(330) Using 33 workers of 33 for full compaction
[156.257s][info][gc,phases,start] GC(330) Phase 1: Mark live objects
[156.300s][info][gc,phases      ] GC(330) Phase 1: Mark live objects 43.018ms
[156.300s][info][gc,phases,start] GC(330) Phase 2: Prepare compaction
[156.304s][info][gc,phases      ] GC(330) Phase 2: Prepare compaction 3.948ms
[156.304s][info][gc,phases,start] GC(330) Phase 3: Adjust pointers
[156.316s][info][gc,phases      ] GC(330) Phase 3: Adjust pointers 11.467ms
[156.316s][info][gc,phases,start] GC(330) Phase 4: Compact heap
[156.317s][info][gc,phases      ] GC(330) Phase 4: Compact heap 1.473ms
[156.335s][info][gc,heap        ] GC(330) Eden regions: 641->0(1227)
[156.335s][info][gc,heap        ] GC(330) Survivor regions: 4->0(108)
[156.335s][info][gc,heap        ] GC(330) Old regions: 40->46
[156.335s][info][gc,heap        ] GC(330) Archive regions: 0->0
[156.335s][info][gc,heap        ] GC(330) Humongous regions: 675->672
[156.335s][info][gc,metaspace   ] GC(330) Metaspace: 121922K(126464K)->121922K(126464K) NonClass: 105325K(105984K)->105325K(105984K) Class: 16596K(20480K)->16596K(20480K)
[156.335s][info][gc             ] GC(330) Pause Full (System.gc()) 2686M->1392M(4096M) 79.548ms
[156.335s][info][gc,cpu         ] GC(330) User=1.58s Sys=0.00s Real=0.08s
[156.389s][info][gc,start       ] GC(331) Pause Young (Concurrent Start) (G1 Humongous Allocation)
[156.389s][info][gc,task        ] GC(331) Using 33 workers of 33 for evacuation
[156.392s][info][gc,phases      ] GC(331)   Pre Evacuate Collection Set: 0.5ms
[156.392s][info][gc,phases      ] GC(331)   Merge Heap Roots: 0.1ms
[156.392s][info][gc,phases      ] GC(331)   Evacuate Collection Set: 1.6ms
[156.392s][info][gc,phases      ] GC(331)   Post Evacuate Collection Set: 0.9ms
[156.392s][info][gc,phases      ] GC(331)   Other: 0.1ms
[156.393s][info][gc,heap        ] GC(331) Eden regions: 6->0(1225)
[156.393s][info][gc,heap        ] GC(331) Survivor regions: 0->1(154)
[156.393s][info][gc,heap        ] GC(331) Old regions: 46->46
[156.393s][info][gc,heap        ] GC(331) Archive regions: 0->0
[156.393s][info][gc,heap        ] GC(331) Humongous regions: 672->672
[156.393s][info][gc,metaspace   ] GC(331) Metaspace: 122024K(126592K)->122024K(126592K) NonClass: 105427K(106112K)->105427K(106112K) Class: 16597K(20480K)->16597K(20480K)
[156.393s][info][gc             ] GC(331) Pause Young (Concurrent Start) (G1 Humongous Allocation) 1402M->1393M(4096M) 3.678ms
[156.393s][info][gc             ] GC(332) Concurrent Mark Cycle
[156.393s][info][gc,marking     ] GC(332) Concurrent Scan Root Regions
[156.393s][info][gc,cpu         ] GC(331) User=0.00s Sys=0.00s Real=0.00s
[156.396s][info][gc,marking     ] GC(332) Concurrent Scan Root Regions 2.932ms
[156.396s][info][gc,marking     ] GC(332) Concurrent Mark
[156.396s][info][gc,marking     ] GC(332) Concurrent Mark From Roots
[156.396s][info][gc,task        ] GC(332) Using 8 workers of 8 for marking
[156.437s][info][gc,marking     ] GC(332) Concurrent Mark From Roots 40.910ms
[156.437s][info][gc,marking     ] GC(332) Concurrent Preclean
[156.442s][info][gc,marking     ] GC(332) Concurrent Preclean 4.299ms
[156.442s][info][gc,start       ] GC(332) Pause Remark
[156.446s][info][gc             ] GC(332) Pause Remark 1859M->1859M(4096M) 3.658ms
[156.446s][info][gc,cpu         ] GC(332) User=0.00s Sys=0.00s Real=0.00s
[156.446s][info][gc,marking     ] GC(332) Concurrent Mark 50.483ms
[156.446s][info][gc,marking     ] GC(332) Concurrent Rebuild Remembered Sets and Scrub Regions
[156.469s][info][gc,marking     ] GC(332) Concurrent Rebuild Remembered Sets and Scrub Regions 22.679ms
[156.470s][info][gc,start       ] GC(332) Pause Cleanup
[156.471s][info][gc             ] GC(332) Pause Cleanup 2195M->2195M(4096M) 0.457ms
[156.471s][info][gc,cpu         ] GC(332) User=0.00s Sys=0.00s Real=0.00s
[156.471s][info][gc,marking     ] GC(332) Concurrent Clear Claimed Marks
[156.473s][info][gc,marking     ] GC(332) Concurrent Clear Claimed Marks 1.570ms
[156.473s][info][gc,marking     ] GC(332) Concurrent Cleanup for Next Mark
[156.492s][info][gc,marking     ] GC(332) Concurrent Cleanup for Next Mark 18.644ms
[156.492s][info][gc             ] GC(332) Concurrent Mark Cycle 99.251ms
[156.589s][info][gc,start       ] GC(333) Pause Young (Prepare Mixed) (G1 Evacuation Pause)
[156.589s][info][gc,task        ] GC(333) Using 33 workers of 33 for evacuation
[156.593s][info][gc,phases      ] GC(333)   Pre Evacuate Collection Set: 0.4ms
[156.593s][info][gc,phases      ] GC(333)   Merge Heap Roots: 0.9ms
[156.593s][info][gc,phases      ] GC(333)   Evacuate Collection Set: 1.3ms
[156.593s][info][gc,phases      ] GC(333)   Post Evacuate Collection Set: 0.9ms
[156.593s][info][gc,phases      ] GC(333)   Other: 0.2ms
[156.593s][info][gc,heap        ] GC(333) Eden regions: 1225->0(1219)
[156.593s][info][gc,heap        ] GC(333) Survivor regions: 1->4(101)
[156.593s][info][gc,heap        ] GC(333) Old regions: 46->46
[156.593s][info][gc,heap        ] GC(333) Archive regions: 0->0
[156.593s][info][gc,heap        ] GC(333) Humongous regions: 675->672
[156.593s][info][gc,metaspace   ] GC(333) Metaspace: 122025K(126592K)->122025K(126592K) NonClass: 105427K(106112K)->105427K(106112K) Class: 16597K(20480K)->16597K(20480K)
[156.593s][info][gc             ] GC(333) Pause Young (Prepare Mixed) (G1 Evacuation Pause) 3849M->1399M(4096M) 4.084ms
[156.593s][info][gc,cpu         ] GC(333) User=0.00s Sys=0.00s Real=0.00s
[156.763s][info][gc,start       ] GC(334) Pause Young (Mixed) (G1 Evacuation Pause)
[156.763s][info][gc,task        ] GC(334) Using 33 workers of 33 for evacuation
[156.766s][info][gc,phases      ] GC(334)   Pre Evacuate Collection Set: 0.3ms
[156.766s][info][gc,phases      ] GC(334)   Merge Heap Roots: 0.4ms
[156.766s][info][gc,phases      ] GC(334)   Evacuate Collection Set: 1.5ms
[156.766s][info][gc,phases      ] GC(334)   Post Evacuate Collection Set: 0.9ms
[156.766s][info][gc,phases      ] GC(334)   Other: 0.2ms
[156.766s][info][gc,heap        ] GC(334) Eden regions: 1219->0(1222)
[156.766s][info][gc,heap        ] GC(334) Survivor regions: 4->4(107)
[156.766s][info][gc,heap        ] GC(334) Old regions: 46->43
[156.766s][info][gc,heap        ] GC(334) Archive regions: 0->0
[156.766s][info][gc,heap        ] GC(334) Humongous regions: 672->672
[156.766s][info][gc,metaspace   ] GC(334) Metaspace: 122025K(126592K)->122025K(126592K) NonClass: 105427K(106112K)->105427K(106112K) Class: 16597K(20480K)->16597K(20480K)
[156.766s][info][gc             ] GC(334) Pause Young (Mixed) (G1 Evacuation Pause) 3837M->1399M(4096M) 3.559ms
[156.766s][info][gc,cpu         ] GC(334) User=0.00s Sys=0.00s Real=0.00s
[156.935s][info][gc,start       ] GC(335) Pause Young (Concurrent Start) (G1 Evacuation Pause)
[156.935s][info][gc,task        ] GC(335) Using 33 workers of 33 for evacuation
[156.939s][info][gc,phases      ] GC(335)   Pre Evacuate Collection Set: 0.5ms
[156.939s][info][gc,phases      ] GC(335)   Merge Heap Roots: 0.4ms
[156.939s][info][gc,phases      ] GC(335)   Evacuate Collection Set: 1.7ms
[156.939s][info][gc,phases      ] GC(335)   Post Evacuate Collection Set: 0.9ms
[156.939s][info][gc,phases      ] GC(335)   Other: 0.1ms
[156.939s][info][gc,heap        ] GC(335) Eden regions: 1222->0(1222)
[156.939s][info][gc,heap        ] GC(335) Survivor regions: 4->4(107)
[156.939s][info][gc,heap        ] GC(335) Old regions: 43->43
[156.939s][info][gc,heap        ] GC(335) Archive regions: 0->0
[156.939s][info][gc,heap        ] GC(335) Humongous regions: 672->672
[156.939s][info][gc,metaspace   ] GC(335) Metaspace: 122025K(126592K)->122025K(126592K) NonClass: 105427K(106112K)->105427K(106112K) Class: 16597K(20480K)->16597K(20480K)
[156.939s][info][gc             ] GC(335) Pause Young (Concurrent Start) (G1 Evacuation Pause) 3843M->1399M(4096M) 3.885ms
[156.939s][info][gc             ] GC(336) Concurrent Mark Cycle
[156.939s][info][gc,marking     ] GC(336) Concurrent Scan Root Regions
[156.939s][info][gc,cpu         ] GC(335) User=0.09s Sys=0.00s Real=0.02s
[156.963s][info][gc,marking     ] GC(336) Concurrent Scan Root Regions 23.528ms
[156.964s][info][gc,marking     ] GC(336) Concurrent Mark
[156.964s][info][gc,marking     ] GC(336) Concurrent Mark From Roots
[156.964s][info][gc,task        ] GC(336) Using 8 workers of 8 for marking
[157.020s][info][gc,marking     ] GC(336) Concurrent Mark From Roots 56.748ms
[157.021s][info][gc,marking     ] GC(336) Concurrent Preclean
[157.026s][info][gc,marking     ] GC(336) Concurrent Preclean 5.479ms
[157.027s][info][gc,start       ] GC(336) Pause Remark
[157.031s][info][gc             ] GC(336) Pause Remark 2667M->2667M(4096M) 4.005ms
[157.032s][info][gc,cpu         ] GC(336) User=0.00s Sys=0.00s Real=0.00s
[157.032s][info][gc,marking     ] GC(336) Concurrent Mark 68.178ms
[157.032s][info][gc,marking     ] GC(336) Concurrent Rebuild Remembered Sets and Scrub Regions
[157.055s][info][gc,marking     ] GC(336) Concurrent Rebuild Remembered Sets and Scrub Regions 23.372ms
[157.056s][info][gc,start       ] GC(336) Pause Cleanup
[157.057s][info][gc             ] GC(336) Pause Cleanup 3021M->3021M(4096M) 0.358ms
[157.057s][info][gc,cpu         ] GC(336) User=0.00s Sys=0.00s Real=0.00s
[157.057s][info][gc,marking     ] GC(336) Concurrent Clear Claimed Marks
[157.059s][info][gc,marking     ] GC(336) Concurrent Clear Claimed Marks 1.647ms
[157.059s][info][gc,marking     ] GC(336) Concurrent Cleanup for Next Mark
[157.078s][info][gc,marking     ] GC(336) Concurrent Cleanup for Next Mark 18.981ms
[157.078s][info][gc             ] GC(336) Concurrent Mark Cycle 139.145ms
[157.118s][info][gc,start       ] GC(337) Pause Young (Prepare Mixed) (G1 Evacuation Pause)
[157.118s][info][gc,task        ] GC(337) Using 33 workers of 33 for evacuation
[157.121s][info][gc,phases      ] GC(337)   Pre Evacuate Collection Set: 0.3ms
[157.121s][info][gc,phases      ] GC(337)   Merge Heap Roots: 0.9ms
[157.121s][info][gc,phases      ] GC(337)   Evacuate Collection Set: 1.2ms
[157.121s][info][gc,phases      ] GC(337)   Post Evacuate Collection Set: 0.9ms
[157.121s][info][gc,phases      ] GC(337)   Other: 0.2ms
[157.121s][info][gc,heap        ] GC(337) Eden regions: 1222->0(1222)
[157.121s][info][gc,heap        ] GC(337) Survivor regions: 4->4(107)
[157.121s][info][gc,heap        ] GC(337) Old regions: 43->43
[157.121s][info][gc,heap        ] GC(337) Archive regions: 0->0
[157.121s][info][gc,heap        ] GC(337) Humongous regions: 672->672
[157.121s][info][gc,metaspace   ] GC(337) Metaspace: 122025K(126592K)->122025K(126592K) NonClass: 105427K(106112K)->105427K(106112K) Class: 16597K(20480K)->16597K(20480K)
[157.121s][info][gc             ] GC(337) Pause Young (Prepare Mixed) (G1 Evacuation Pause) 3843M->1399M(4096M) 3.713ms
[157.121s][info][gc,cpu         ] GC(337) User=0.00s Sys=0.00s Real=0.00s
[157.290s][info][gc,start       ] GC(338) Pause Young (Mixed) (G1 Evacuation Pause)
[157.290s][info][gc,task        ] GC(338) Using 33 workers of 33 for evacuation
[157.294s][info][gc,phases      ] GC(338)   Pre Evacuate Collection Set: 0.3ms
[157.294s][info][gc,phases      ] GC(338)   Merge Heap Roots: 0.4ms
[157.294s][info][gc,phases      ] GC(338)   Evacuate Collection Set: 1.5ms
[157.294s][info][gc,phases      ] GC(338)   Post Evacuate Collection Set: 0.9ms
[157.294s][info][gc,phases      ] GC(338)   Other: 0.2ms
[157.294s][info][gc,heap        ] GC(338) Eden regions: 1222->0(1224)
[157.294s][info][gc,heap        ] GC(338) Survivor regions: 4->4(107)
[157.294s][info][gc,heap        ] GC(338) Old regions: 43->40
[157.294s][info][gc,heap        ] GC(338) Archive regions: 0->0
[157.294s][info][gc,heap        ] GC(338) Humongous regions: 672->672
[157.294s][info][gc,metaspace   ] GC(338) Metaspace: 122025K(126592K)->122025K(126592K) NonClass: 105427K(106112K)->105427K(106112K) Class: 16597K(20480K)->16597K(20480K)
[157.294s][info][gc             ] GC(338) Pause Young (Mixed) (G1 Evacuation Pause) 3843M->1399M(4096M) 3.475ms
[157.294s][info][gc,cpu         ] GC(338) User=0.00s Sys=0.00s Real=0.00s
[157.463s][info][gc,start       ] GC(339) Pause Young (Concurrent Start) (G1 Evacuation Pause)
[157.463s][info][gc,task        ] GC(339) Using 33 workers of 33 for evacuation
[157.467s][info][gc,phases      ] GC(339)   Pre Evacuate Collection Set: 0.5ms
[157.467s][info][gc,phases      ] GC(339)   Merge Heap Roots: 0.4ms
[157.467s][info][gc,phases      ] GC(339)   Evacuate Collection Set: 1.9ms
[157.467s][info][gc,phases      ] GC(339)   Post Evacuate Collection Set: 0.9ms
[157.467s][info][gc,phases      ] GC(339)   Other: 0.1ms
[157.467s][info][gc,heap        ] GC(339) Eden regions: 1224->0(1224)
[157.467s][info][gc,heap        ] GC(339) Survivor regions: 4->4(108)
[157.467s][info][gc,heap        ] GC(339) Old regions: 40->40
[157.467s][info][gc,heap        ] GC(339) Archive regions: 0->0
[157.467s][info][gc,heap        ] GC(339) Humongous regions: 672->672
[157.467s][info][gc,metaspace   ] GC(339) Metaspace: 122025K(126592K)->122025K(126592K) NonClass: 105427K(106112K)->105427K(106112K) Class: 16597K(20480K)->16597K(20480K)
[157.467s][info][gc             ] GC(339) Pause Young (Concurrent Start) (G1 Evacuation Pause) 3847M->1399M(4096M) 4.087ms
[157.467s][info][gc             ] GC(340) Concurrent Mark Cycle
[157.467s][info][gc,marking     ] GC(340) Concurrent Scan Root Regions
[157.467s][info][gc,cpu         ] GC(339) User=0.00s Sys=0.00s Real=0.00s
[157.489s][info][gc,marking     ] GC(340) Concurrent Scan Root Regions 22.128ms
[157.490s][info][gc,marking     ] GC(340) Concurrent Mark
[157.490s][info][gc,marking     ] GC(340) Concurrent Mark From Roots
[157.490s][info][gc,task        ] GC(340) Using 8 workers of 8 for marking
[157.537s][info][gc,marking     ] GC(340) Concurrent Mark From Roots 47.480ms
[157.537s][info][gc,marking     ] GC(340) Concurrent Preclean
[157.539s][info][gc,marking     ] GC(340) Concurrent Preclean 1.875ms
[157.540s][info][gc,start       ] GC(340) Pause Remark
[157.543s][info][gc             ] GC(340) Pause Remark 2381M->2381M(4096M) 3.107ms
[157.543s][info][gc,cpu         ] GC(340) User=0.00s Sys=0.00s Real=0.00s
[157.543s][info][gc,marking     ] GC(340) Concurrent Mark 53.242ms
[157.543s][info][gc,marking     ] GC(340) Concurrent Rebuild Remembered Sets and Scrub Regions
[157.555s][info][gc,marking     ] GC(340) Concurrent Rebuild Remembered Sets and Scrub Regions 11.739ms
[157.555s][info][gc,start       ] GC(340) Pause Cleanup
[157.555s][info][gc             ] GC(340) Pause Cleanup 2515M->2515M(4096M) 0.328ms
[157.555s][info][gc,cpu         ] GC(340) User=0.00s Sys=0.00s Real=0.00s
[157.555s][info][gc,marking     ] GC(340) Concurrent Clear Claimed Marks
[157.556s][info][gc,marking     ] GC(340) Concurrent Clear Claimed Marks 0.156ms
[157.556s][info][gc,marking     ] GC(340) Concurrent Cleanup for Next Mark
[157.561s][info][gc,marking     ] GC(340) Concurrent Cleanup for Next Mark 5.300ms
[157.561s][info][gc             ] GC(340) Concurrent Mark Cycle 93.971ms
[158.136s][info][gc,start       ] GC(341) Pause Full (System.gc())
[158.136s][info][gc,task        ] GC(341) Using 33 workers of 33 for full compaction
[158.138s][info][gc,phases,start] GC(341) Phase 1: Mark live objects
[158.184s][info][gc,phases      ] GC(341) Phase 1: Mark live objects 45.451ms
[158.184s][info][gc,phases,start] GC(341) Phase 2: Prepare compaction
[158.188s][info][gc,phases      ] GC(341) Phase 2: Prepare compaction 4.500ms
[158.188s][info][gc,phases,start] GC(341) Phase 3: Adjust pointers
[158.207s][info][gc,phases      ] GC(341) Phase 3: Adjust pointers 19.233ms
[158.207s][info][gc,phases,start] GC(341) Phase 4: Compact heap
[158.209s][info][gc,phases      ] GC(341) Phase 4: Compact heap 1.929ms
[158.230s][info][gc,heap        ] GC(341) Eden regions: 629->0(1224)
[158.230s][info][gc,heap        ] GC(341) Survivor regions: 4->0(108)
[158.230s][info][gc,heap        ] GC(341) Old regions: 40->49
[158.230s][info][gc,heap        ] GC(341) Archive regions: 0->0
[158.230s][info][gc,heap        ] GC(341) Humongous regions: 675->672
[158.230s][info][gc,metaspace   ] GC(341) Metaspace: 122030K(126592K)->122030K(126592K) NonClass: 105432K(106112K)->105432K(106112K) Class: 16597K(20480K)->16597K(20480K)
[158.230s][info][gc             ] GC(341) Pause Full (System.gc()) 2663M->1392M(4096M) 94.014ms
[158.230s][info][gc,cpu         ] GC(341) User=1.83s Sys=0.00s Real=0.09s
[158.293s][info][gc,start       ] GC(342) Pause Young (Concurrent Start) (G1 Humongous Allocation)
[158.293s][info][gc,task        ] GC(342) Using 33 workers of 33 for evacuation
[158.297s][info][gc,phases      ] GC(342)   Pre Evacuate Collection Set: 0.6ms
[158.297s][info][gc,phases      ] GC(342)   Merge Heap Roots: 0.1ms
[158.297s][info][gc,phases      ] GC(342)   Evacuate Collection Set: 2.2ms
[158.297s][info][gc,phases      ] GC(342)   Post Evacuate Collection Set: 1.0ms
[158.297s][info][gc,phases      ] GC(342)   Other: 0.2ms
[158.297s][info][gc,heap        ] GC(342) Eden regions: 5->0(1222)
[158.297s][info][gc,heap        ] GC(342) Survivor regions: 0->1(153)
[158.297s][info][gc,heap        ] GC(342) Old regions: 49->49
[158.297s][info][gc,heap        ] GC(342) Archive regions: 0->0
[158.298s][info][gc,heap        ] GC(342) Humongous regions: 672->672
[158.298s][info][gc,metaspace   ] GC(342) Metaspace: 122044K(126592K)->122044K(126592K) NonClass: 105446K(106112K)->105446K(106112K) Class: 16597K(20480K)->16597K(20480K)
[158.298s][info][gc             ] GC(342) Pause Young (Concurrent Start) (G1 Humongous Allocation) 1402M->1393M(4096M) 4.472ms
[158.298s][info][gc             ] GC(343) Concurrent Mark Cycle
[158.298s][info][gc,cpu         ] GC(342) User=0.00s Sys=0.00s Real=0.00s
[158.298s][info][gc,marking     ] GC(343) Concurrent Scan Root Regions
[158.300s][info][gc,marking     ] GC(343) Concurrent Scan Root Regions 2.634ms
[158.301s][info][gc,marking     ] GC(343) Concurrent Mark
[158.301s][info][gc,marking     ] GC(343) Concurrent Mark From Roots
[158.301s][info][gc,task        ] GC(343) Using 8 workers of 8 for marking
[158.334s][info][gc,marking     ] GC(343) Concurrent Mark From Roots 33.538ms
[158.334s][info][gc,marking     ] GC(343) Concurrent Preclean
[158.337s][info][gc,marking     ] GC(343) Concurrent Preclean 2.331ms
[158.338s][info][gc,start       ] GC(343) Pause Remark
[158.341s][info][gc             ] GC(343) Pause Remark 1661M->1661M(4096M) 3.619ms
[158.341s][info][gc,cpu         ] GC(343) User=0.00s Sys=0.00s Real=0.00s
[158.342s][info][gc,marking     ] GC(343) Concurrent Mark 41.012ms
[158.342s][info][gc,marking     ] GC(343) Concurrent Rebuild Remembered Sets and Scrub Regions
[158.363s][info][gc,marking     ] GC(343) Concurrent Rebuild Remembered Sets and Scrub Regions 20.663ms
[158.363s][info][gc,start       ] GC(343) Pause Cleanup
[158.364s][info][gc             ] GC(343) Pause Cleanup 1965M->1965M(4096M) 0.453ms
[158.364s][info][gc,cpu         ] GC(343) User=0.00s Sys=0.00s Real=0.00s
[158.364s][info][gc,marking     ] GC(343) Concurrent Clear Claimed Marks
[158.365s][info][gc,marking     ] GC(343) Concurrent Clear Claimed Marks 0.940ms
[158.365s][info][gc,marking     ] GC(343) Concurrent Cleanup for Next Mark
[158.382s][info][gc,marking     ] GC(343) Concurrent Cleanup for Next Mark 17.117ms
[158.383s][info][gc             ] GC(343) Concurrent Mark Cycle 85.220ms
[158.500s][info][gc,start       ] GC(344) Pause Young (Prepare Mixed) (G1 Evacuation Pause)
[158.500s][info][gc,task        ] GC(344) Using 33 workers of 33 for evacuation
[158.503s][info][gc,phases      ] GC(344)   Pre Evacuate Collection Set: 0.3ms
[158.503s][info][gc,phases      ] GC(344)   Merge Heap Roots: 1.0ms
[158.503s][info][gc,phases      ] GC(344)   Evacuate Collection Set: 1.3ms
[158.503s][info][gc,phases      ] GC(344)   Post Evacuate Collection Set: 0.9ms
[158.503s][info][gc,phases      ] GC(344)   Other: 0.1ms
[158.503s][info][gc,heap        ] GC(344) Eden regions: 1222->0(1216)
[158.503s][info][gc,heap        ] GC(344) Survivor regions: 1->4(101)
[158.503s][info][gc,heap        ] GC(344) Old regions: 49->49
[158.503s][info][gc,heap        ] GC(344) Archive regions: 0->0
[158.503s][info][gc,heap        ] GC(344) Humongous regions: 675->672
[158.503s][info][gc,metaspace   ] GC(344) Metaspace: 122044K(126592K)->122044K(126592K) NonClass: 105446K(106112K)->105446K(106112K) Class: 16597K(20480K)->16597K(20480K)
[158.504s][info][gc             ] GC(344) Pause Young (Prepare Mixed) (G1 Evacuation Pause) 3843M->1399M(4096M) 3.922ms
[158.504s][info][gc,cpu         ] GC(344) User=0.00s Sys=0.00s Real=0.00s
[158.672s][info][gc,start       ] GC(345) Pause Young (Mixed) (G1 Evacuation Pause)
[158.673s][info][gc,task        ] GC(345) Using 33 workers of 33 for evacuation
[158.676s][info][gc,phases      ] GC(345)   Pre Evacuate Collection Set: 0.3ms
[158.676s][info][gc,phases      ] GC(345)   Merge Heap Roots: 0.4ms
[158.676s][info][gc,phases      ] GC(345)   Evacuate Collection Set: 1.4ms
[158.676s][info][gc,phases      ] GC(345)   Post Evacuate Collection Set: 0.9ms
[158.676s][info][gc,phases      ] GC(345)   Other: 0.2ms
[158.676s][info][gc,heap        ] GC(345) Eden regions: 1216->0(1219)
[158.676s][info][gc,heap        ] GC(345) Survivor regions: 4->4(107)
[158.676s][info][gc,heap        ] GC(345) Old regions: 49->46
[158.676s][info][gc,heap        ] GC(345) Archive regions: 0->0
[158.676s][info][gc,heap        ] GC(345) Humongous regions: 672->672
[158.676s][info][gc,metaspace   ] GC(345) Metaspace: 122044K(126592K)->122044K(126592K) NonClass: 105446K(106112K)->105446K(106112K) Class: 16597K(20480K)->16597K(20480K)
[158.676s][info][gc             ] GC(345) Pause Young (Mixed) (G1 Evacuation Pause) 3831M->1399M(4096M) 3.543ms
[158.676s][info][gc,cpu         ] GC(345) User=0.00s Sys=0.00s Real=0.00s
[158.845s][info][gc,start       ] GC(346) Pause Young (Concurrent Start) (G1 Evacuation Pause)
[158.845s][info][gc,task        ] GC(346) Using 33 workers of 33 for evacuation
[158.848s][info][gc,phases      ] GC(346)   Pre Evacuate Collection Set: 0.5ms
[158.848s][info][gc,phases      ] GC(346)   Merge Heap Roots: 0.4ms
[158.848s][info][gc,phases      ] GC(346)   Evacuate Collection Set: 1.8ms
[158.849s][info][gc,phases      ] GC(346)   Post Evacuate Collection Set: 0.9ms
[158.849s][info][gc,phases      ] GC(346)   Other: 0.1ms
[158.849s][info][gc,heap        ] GC(346) Eden regions: 1219->0(1219)
[158.849s][info][gc,heap        ] GC(346) Survivor regions: 4->4(107)
[158.849s][info][gc,heap        ] GC(346) Old regions: 46->46
[158.849s][info][gc,heap        ] GC(346) Archive regions: 0->0
[158.849s][info][gc,heap        ] GC(346) Humongous regions: 672->672
[158.849s][info][gc,metaspace   ] GC(346) Metaspace: 122044K(126592K)->122044K(126592K) NonClass: 105446K(106112K)->105446K(106112K) Class: 16597K(20480K)->16597K(20480K)
[158.849s][info][gc             ] GC(346) Pause Young (Concurrent Start) (G1 Evacuation Pause) 3837M->1399M(4096M) 3.931ms
[158.849s][info][gc             ] GC(347) Concurrent Mark Cycle
[158.849s][info][gc,marking     ] GC(347) Concurrent Scan Root Regions
[158.849s][info][gc,cpu         ] GC(346) User=0.00s Sys=0.00s Real=0.00s
[158.871s][info][gc,marking     ] GC(347) Concurrent Scan Root Regions 22.518ms
[158.872s][info][gc,marking     ] GC(347) Concurrent Mark
[158.872s][info][gc,marking     ] GC(347) Concurrent Mark From Roots
[158.872s][info][gc,task        ] GC(347) Using 8 workers of 8 for marking
[158.928s][info][gc,marking     ] GC(347) Concurrent Mark From Roots 56.630ms
[158.929s][info][gc,marking     ] GC(347) Concurrent Preclean
[158.932s][info][gc,marking     ] GC(347) Concurrent Preclean 2.873ms
[158.933s][info][gc,start       ] GC(347) Pause Remark
[158.936s][info][gc             ] GC(347) Pause Remark 2599M->2599M(4096M) 3.643ms
[158.936s][info][gc,cpu         ] GC(347) User=0.53s Sys=0.00s Real=0.02s
[158.937s][info][gc,marking     ] GC(347) Concurrent Mark 64.823ms
[158.937s][info][gc,marking     ] GC(347) Concurrent Rebuild Remembered Sets and Scrub Regions
[158.960s][info][gc,marking     ] GC(347) Concurrent Rebuild Remembered Sets and Scrub Regions 23.509ms
[158.961s][info][gc,start       ] GC(347) Pause Cleanup
[158.962s][info][gc             ] GC(347) Pause Cleanup 2959M->2959M(4096M) 0.302ms
[158.962s][info][gc,cpu         ] GC(347) User=0.00s Sys=0.00s Real=0.00s
[158.962s][info][gc,marking     ] GC(347) Concurrent Clear Claimed Marks
[158.964s][info][gc,marking     ] GC(347) Concurrent Clear Claimed Marks 1.842ms
[158.964s][info][gc,marking     ] GC(347) Concurrent Cleanup for Next Mark
[158.983s][info][gc,marking     ] GC(347) Concurrent Cleanup for Next Mark 19.277ms
[158.984s][info][gc             ] GC(347) Concurrent Mark Cycle 135.136ms
[159.027s][info][gc,start       ] GC(348) Pause Young (Prepare Mixed) (G1 Evacuation Pause)
[159.027s][info][gc,task        ] GC(348) Using 33 workers of 33 for evacuation
[159.031s][info][gc,phases      ] GC(348)   Pre Evacuate Collection Set: 0.3ms
[159.031s][info][gc,phases      ] GC(348)   Merge Heap Roots: 1.0ms
[159.031s][info][gc,phases      ] GC(348)   Evacuate Collection Set: 1.2ms
[159.031s][info][gc,phases      ] GC(348)   Post Evacuate Collection Set: 0.9ms
[159.031s][info][gc,phases      ] GC(348)   Other: 0.2ms
[159.031s][info][gc,heap        ] GC(348) Eden regions: 1219->0(1219)
[159.031s][info][gc,heap        ] GC(348) Survivor regions: 4->4(107)
[159.031s][info][gc,heap        ] GC(348) Old regions: 46->46
[159.031s][info][gc,heap        ] GC(348) Archive regions: 0->0
[159.031s][info][gc,heap        ] GC(348) Humongous regions: 672->672
[159.031s][info][gc,metaspace   ] GC(348) Metaspace: 122044K(126592K)->122044K(126592K) NonClass: 105446K(106112K)->105446K(106112K) Class: 16597K(20480K)->16597K(20480K)
[159.031s][info][gc             ] GC(348) Pause Young (Prepare Mixed) (G1 Evacuation Pause) 3837M->1399M(4096M) 3.855ms
[159.031s][info][gc,cpu         ] GC(348) User=0.31s Sys=0.03s Real=0.01s
[159.200s][info][gc,start       ] GC(349) Pause Young (Mixed) (G1 Evacuation Pause)
[159.200s][info][gc,task        ] GC(349) Using 33 workers of 33 for evacuation
[159.203s][info][gc,phases      ] GC(349)   Pre Evacuate Collection Set: 0.3ms
[159.203s][info][gc,phases      ] GC(349)   Merge Heap Roots: 0.5ms
[159.203s][info][gc,phases      ] GC(349)   Evacuate Collection Set: 1.5ms
[159.203s][info][gc,phases      ] GC(349)   Post Evacuate Collection Set: 0.9ms
[159.203s][info][gc,phases      ] GC(349)   Other: 0.2ms
[159.203s][info][gc,heap        ] GC(349) Eden regions: 1219->0(1223)
[159.203s][info][gc,heap        ] GC(349) Survivor regions: 4->4(107)
[159.203s][info][gc,heap        ] GC(349) Old regions: 46->42
[159.203s][info][gc,heap        ] GC(349) Archive regions: 0->0
[159.203s][info][gc,heap        ] GC(349) Humongous regions: 672->672
[159.203s][info][gc,metaspace   ] GC(349) Metaspace: 122044K(126592K)->122044K(126592K) NonClass: 105446K(106112K)->105446K(106112K) Class: 16597K(20480K)->16597K(20480K)
[159.203s][info][gc             ] GC(349) Pause Young (Mixed) (G1 Evacuation Pause) 3837M->1399M(4096M) 3.623ms
[159.204s][info][gc,cpu         ] GC(349) User=0.41s Sys=0.00s Real=0.02s
[159.373s][info][gc,start       ] GC(350) Pause Young (Concurrent Start) (G1 Evacuation Pause)
[159.373s][info][gc,task        ] GC(350) Using 33 workers of 33 for evacuation
[159.377s][info][gc,phases      ] GC(350)   Pre Evacuate Collection Set: 0.5ms
[159.377s][info][gc,phases      ] GC(350)   Merge Heap Roots: 0.4ms
[159.377s][info][gc,phases      ] GC(350)   Evacuate Collection Set: 1.8ms
[159.377s][info][gc,phases      ] GC(350)   Post Evacuate Collection Set: 1.0ms
[159.377s][info][gc,phases      ] GC(350)   Other: 0.1ms
[159.377s][info][gc,heap        ] GC(350) Eden regions: 1223->0(1223)
[159.377s][info][gc,heap        ] GC(350) Survivor regions: 4->4(107)
[159.377s][info][gc,heap        ] GC(350) Old regions: 42->42
[159.377s][info][gc,heap        ] GC(350) Archive regions: 0->0
[159.377s][info][gc,heap        ] GC(350) Humongous regions: 672->672
[159.377s][info][gc,metaspace   ] GC(350) Metaspace: 122044K(126592K)->122044K(126592K) NonClass: 105446K(106112K)->105446K(106112K) Class: 16597K(20480K)->16597K(20480K)
[159.377s][info][gc             ] GC(350) Pause Young (Concurrent Start) (G1 Evacuation Pause) 3845M->1400M(4096M) 4.024ms
[159.377s][info][gc             ] GC(351) Concurrent Mark Cycle
[159.377s][info][gc,marking     ] GC(351) Concurrent Scan Root Regions
[159.377s][info][gc,cpu         ] GC(350) User=0.00s Sys=0.00s Real=0.00s
[159.398s][info][gc,marking     ] GC(351) Concurrent Scan Root Regions 20.427ms
[159.398s][info][gc,marking     ] GC(351) Concurrent Mark
[159.398s][info][gc,marking     ] GC(351) Concurrent Mark From Roots
[159.398s][info][gc,task        ] GC(351) Using 8 workers of 8 for marking
[159.449s][info][gc,marking     ] GC(351) Concurrent Mark From Roots 51.106ms
[159.449s][info][gc,marking     ] GC(351) Concurrent Preclean
[159.451s][info][gc,marking     ] GC(351) Concurrent Preclean 1.984ms
[159.452s][info][gc,start       ] GC(351) Pause Remark
[159.455s][info][gc             ] GC(351) Pause Remark 2407M->2407M(4096M) 3.131ms
[159.455s][info][gc,cpu         ] GC(351) User=0.00s Sys=0.00s Real=0.00s
[159.455s][info][gc,marking     ] GC(351) Concurrent Mark 56.891ms
[159.455s][info][gc,marking     ] GC(351) Concurrent Rebuild Remembered Sets and Scrub Regions
[159.467s][info][gc,marking     ] GC(351) Concurrent Rebuild Remembered Sets and Scrub Regions 12.456ms
[159.468s][info][gc,start       ] GC(351) Pause Cleanup
[159.468s][info][gc             ] GC(351) Pause Cleanup 2556M->2556M(4096M) 0.312ms
[159.468s][info][gc,cpu         ] GC(351) User=0.00s Sys=0.00s Real=0.00s
[159.468s][info][gc,marking     ] GC(351) Concurrent Clear Claimed Marks
[159.468s][info][gc,marking     ] GC(351) Concurrent Clear Claimed Marks 0.170ms
[159.468s][info][gc,marking     ] GC(351) Concurrent Cleanup for Next Mark
[159.474s][info][gc,marking     ] GC(351) Concurrent Cleanup for Next Mark 5.715ms
[159.474s][info][gc             ] GC(351) Concurrent Mark Cycle 96.985ms
[160.956s][info][gc,start       ] GC(352) Pause Full (System.gc())
[160.956s][info][gc,task        ] GC(352) Using 33 workers of 33 for full compaction
[160.958s][info][gc,phases,start] GC(352) Phase 1: Mark live objects
[161.000s][info][gc,phases      ] GC(352) Phase 1: Mark live objects 42.364ms
[161.000s][info][gc,phases,start] GC(352) Phase 2: Prepare compaction
[161.004s][info][gc,phases      ] GC(352) Phase 2: Prepare compaction 4.145ms
[161.004s][info][gc,phases,start] GC(352) Phase 3: Adjust pointers
[161.015s][info][gc,phases      ] GC(352) Phase 3: Adjust pointers 10.715ms
[161.015s][info][gc,phases,start] GC(352) Phase 4: Compact heap
[161.017s][info][gc,phases      ] GC(352) Phase 4: Compact heap 1.603ms
[161.033s][info][gc,heap        ] GC(352) Eden regions: 648->0(1224)
[161.033s][info][gc,heap        ] GC(352) Survivor regions: 4->0(107)
[161.033s][info][gc,heap        ] GC(352) Old regions: 42->49
[161.033s][info][gc,heap        ] GC(352) Archive regions: 0->0
[161.033s][info][gc,heap        ] GC(352) Humongous regions: 675->672
[161.033s][info][gc,metaspace   ] GC(352) Metaspace: 122049K(126592K)->122049K(126592K) NonClass: 105451K(106112K)->105451K(106112K) Class: 16597K(20480K)->16597K(20480K)
[161.033s][info][gc             ] GC(352) Pause Full (System.gc()) 2701M->1392M(4096M) 77.431ms
[161.034s][info][gc,cpu         ] GC(352) User=1.53s Sys=0.03s Real=0.08s
[161.080s][info][gc,start       ] GC(353) Pause Young (Concurrent Start) (G1 Humongous Allocation)
[161.080s][info][gc,task        ] GC(353) Using 33 workers of 33 for evacuation
[161.084s][info][gc,phases      ] GC(353)   Pre Evacuate Collection Set: 0.5ms
[161.084s][info][gc,phases      ] GC(353)   Merge Heap Roots: 0.1ms
[161.084s][info][gc,phases      ] GC(353)   Evacuate Collection Set: 1.6ms
[161.084s][info][gc,phases      ] GC(353)   Post Evacuate Collection Set: 0.8ms
[161.084s][info][gc,phases      ] GC(353)   Other: 0.1ms
[161.084s][info][gc,heap        ] GC(353) Eden regions: 6->0(1222)
[161.084s][info][gc,heap        ] GC(353) Survivor regions: 0->1(153)
[161.084s][info][gc,heap        ] GC(353) Old regions: 49->49
[161.084s][info][gc,heap        ] GC(353) Archive regions: 0->0
[161.084s][info][gc,heap        ] GC(353) Humongous regions: 672->672
[161.084s][info][gc,metaspace   ] GC(353) Metaspace: 122184K(126784K)->122184K(126784K) NonClass: 105584K(106304K)->105584K(106304K) Class: 16599K(20480K)->16599K(20480K)
[161.084s][info][gc             ] GC(353) Pause Young (Concurrent Start) (G1 Humongous Allocation) 1403M->1393M(4096M) 3.735ms
[161.084s][info][gc             ] GC(354) Concurrent Mark Cycle
[161.084s][info][gc,marking     ] GC(354) Concurrent Scan Root Regions
[161.084s][info][gc,cpu         ] GC(353) User=0.00s Sys=0.00s Real=0.00s
[161.086s][info][gc,marking     ] GC(354) Concurrent Scan Root Regions 2.086ms
[161.086s][info][gc,marking     ] GC(354) Concurrent Mark
[161.086s][info][gc,marking     ] GC(354) Concurrent Mark From Roots
[161.086s][info][gc,task        ] GC(354) Using 8 workers of 8 for marking
[161.119s][info][gc,marking     ] GC(354) Concurrent Mark From Roots 33.008ms
[161.120s][info][gc,marking     ] GC(354) Concurrent Preclean
[161.123s][info][gc,marking     ] GC(354) Concurrent Preclean 3.396ms
[161.124s][info][gc,start       ] GC(354) Pause Remark
[161.127s][info][gc             ] GC(354) Pause Remark 1709M->1709M(4096M) 3.690ms
[161.128s][info][gc,cpu         ] GC(354) User=0.00s Sys=0.00s Real=0.00s
[161.128s][info][gc,marking     ] GC(354) Concurrent Mark 41.534ms
[161.128s][info][gc,marking     ] GC(354) Concurrent Rebuild Remembered Sets and Scrub Regions
[161.147s][info][gc,marking     ] GC(354) Concurrent Rebuild Remembered Sets and Scrub Regions 19.400ms
[161.148s][info][gc,start       ] GC(354) Pause Cleanup
[161.148s][info][gc             ] GC(354) Pause Cleanup 1985M->1985M(4096M) 0.445ms
[161.149s][info][gc,cpu         ] GC(354) User=0.00s Sys=0.00s Real=0.00s
[161.149s][info][gc,marking     ] GC(354) Concurrent Clear Claimed Marks
[161.150s][info][gc,marking     ] GC(354) Concurrent Clear Claimed Marks 0.883ms
[161.150s][info][gc,marking     ] GC(354) Concurrent Cleanup for Next Mark
[161.165s][info][gc,marking     ] GC(354) Concurrent Cleanup for Next Mark 15.511ms
[161.166s][info][gc             ] GC(354) Concurrent Mark Cycle 81.631ms
[161.283s][info][gc,start       ] GC(355) Pause Young (Prepare Mixed) (G1 Evacuation Pause)
[161.283s][info][gc,task        ] GC(355) Using 33 workers of 33 for evacuation
[161.287s][info][gc,phases      ] GC(355)   Pre Evacuate Collection Set: 0.4ms
[161.287s][info][gc,phases      ] GC(355)   Merge Heap Roots: 1.0ms
[161.287s][info][gc,phases      ] GC(355)   Evacuate Collection Set: 1.4ms
[161.287s][info][gc,phases      ] GC(355)   Post Evacuate Collection Set: 0.9ms
[161.287s][info][gc,phases      ] GC(355)   Other: 0.1ms
[161.287s][info][gc,heap        ] GC(355) Eden regions: 1222->0(1216)
[161.287s][info][gc,heap        ] GC(355) Survivor regions: 1->4(101)
[161.287s][info][gc,heap        ] GC(355) Old regions: 49->49
[161.287s][info][gc,heap        ] GC(355) Archive regions: 0->0
[161.287s][info][gc,heap        ] GC(355) Humongous regions: 675->672
[161.287s][info][gc,metaspace   ] GC(355) Metaspace: 122184K(126784K)->122184K(126784K) NonClass: 105585K(106304K)->105585K(106304K) Class: 16599K(20480K)->16599K(20480K)
[161.287s][info][gc             ] GC(355) Pause Young (Prepare Mixed) (G1 Evacuation Pause) 3843M->1399M(4096M) 4.126ms
[161.287s][info][gc,cpu         ] GC(355) User=0.00s Sys=0.00s Real=0.00s
[161.458s][info][gc,start       ] GC(356) Pause Young (Mixed) (G1 Evacuation Pause)
[161.458s][info][gc,task        ] GC(356) Using 33 workers of 33 for evacuation
[161.461s][info][gc,phases      ] GC(356)   Pre Evacuate Collection Set: 0.3ms
[161.461s][info][gc,phases      ] GC(356)   Merge Heap Roots: 0.4ms
[161.461s][info][gc,phases      ] GC(356)   Evacuate Collection Set: 1.4ms
[161.461s][info][gc,phases      ] GC(356)   Post Evacuate Collection Set: 0.9ms
[161.461s][info][gc,phases      ] GC(356)   Other: 0.2ms
[161.461s][info][gc,heap        ] GC(356) Eden regions: 1216->0(1219)
[161.461s][info][gc,heap        ] GC(356) Survivor regions: 4->4(107)
[161.461s][info][gc,heap        ] GC(356) Old regions: 49->46
[161.461s][info][gc,heap        ] GC(356) Archive regions: 0->0
[161.461s][info][gc,heap        ] GC(356) Humongous regions: 672->672
[161.461s][info][gc,metaspace   ] GC(356) Metaspace: 122184K(126784K)->122184K(126784K) NonClass: 105585K(106304K)->105585K(106304K) Class: 16599K(20480K)->16599K(20480K)
[161.461s][info][gc             ] GC(356) Pause Young (Mixed) (G1 Evacuation Pause) 3831M->1399M(4096M) 3.357ms
[161.461s][info][gc,cpu         ] GC(356) User=0.00s Sys=0.00s Real=0.00s
[161.631s][info][gc,start       ] GC(357) Pause Young (Concurrent Start) (G1 Evacuation Pause)
[161.631s][info][gc,task        ] GC(357) Using 33 workers of 33 for evacuation
[161.634s][info][gc,phases      ] GC(357)   Pre Evacuate Collection Set: 0.5ms
[161.634s][info][gc,phases      ] GC(357)   Merge Heap Roots: 0.4ms
[161.634s][info][gc,phases      ] GC(357)   Evacuate Collection Set: 1.7ms
[161.634s][info][gc,phases      ] GC(357)   Post Evacuate Collection Set: 0.9ms
[161.634s][info][gc,phases      ] GC(357)   Other: 0.1ms
[161.634s][info][gc,heap        ] GC(357) Eden regions: 1219->0(1219)
[161.634s][info][gc,heap        ] GC(357) Survivor regions: 4->4(107)
[161.634s][info][gc,heap        ] GC(357) Old regions: 46->46
[161.634s][info][gc,heap        ] GC(357) Archive regions: 0->0
[161.634s][info][gc,heap        ] GC(357) Humongous regions: 672->672
[161.634s][info][gc,metaspace   ] GC(357) Metaspace: 122184K(126784K)->122184K(126784K) NonClass: 105585K(106304K)->105585K(106304K) Class: 16599K(20480K)->16599K(20480K)
[161.634s][info][gc             ] GC(357) Pause Young (Concurrent Start) (G1 Evacuation Pause) 3837M->1399M(4096M) 3.897ms
[161.634s][info][gc             ] GC(358) Concurrent Mark Cycle
[161.635s][info][gc,marking     ] GC(358) Concurrent Scan Root Regions
[161.635s][info][gc,cpu         ] GC(357) User=0.02s Sys=0.00s Real=0.02s
[161.658s][info][gc,marking     ] GC(358) Concurrent Scan Root Regions 23.593ms
[161.659s][info][gc,marking     ] GC(358) Concurrent Mark
[161.659s][info][gc,marking     ] GC(358) Concurrent Mark From Roots
[161.659s][info][gc,task        ] GC(358) Using 8 workers of 8 for marking
[161.710s][info][gc,marking     ] GC(358) Concurrent Mark From Roots 51.079ms
[161.710s][info][gc,marking     ] GC(358) Concurrent Preclean
[161.714s][info][gc,marking     ] GC(358) Concurrent Preclean 3.855ms
[161.715s][info][gc,start       ] GC(358) Pause Remark
[161.719s][info][gc             ] GC(358) Pause Remark 2557M->2557M(4096M) 4.189ms
[161.719s][info][gc,cpu         ] GC(358) User=0.00s Sys=0.00s Real=0.00s
[161.720s][info][gc,marking     ] GC(358) Concurrent Mark 60.784ms
[161.720s][info][gc,marking     ] GC(358) Concurrent Rebuild Remembered Sets and Scrub Regions
[161.741s][info][gc,marking     ] GC(358) Concurrent Rebuild Remembered Sets and Scrub Regions 21.325ms
[161.742s][info][gc,start       ] GC(358) Pause Cleanup
[161.743s][info][gc             ] GC(358) Pause Cleanup 2885M->2885M(4096M) 0.302ms
[161.743s][info][gc,cpu         ] GC(358) User=0.00s Sys=0.00s Real=0.00s
[161.743s][info][gc,marking     ] GC(358) Concurrent Clear Claimed Marks
[161.744s][info][gc,marking     ] GC(358) Concurrent Clear Claimed Marks 1.553ms
[161.745s][info][gc,marking     ] GC(358) Concurrent Cleanup for Next Mark
[161.764s][info][gc,marking     ] GC(358) Concurrent Cleanup for Next Mark 19.040ms
[161.764s][info][gc             ] GC(358) Concurrent Mark Cycle 129.783ms
[161.813s][info][gc,start       ] GC(359) Pause Young (Prepare Mixed) (G1 Evacuation Pause)
[161.813s][info][gc,task        ] GC(359) Using 33 workers of 33 for evacuation
[161.816s][info][gc,phases      ] GC(359)   Pre Evacuate Collection Set: 0.3ms
[161.816s][info][gc,phases      ] GC(359)   Merge Heap Roots: 1.0ms
[161.816s][info][gc,phases      ] GC(359)   Evacuate Collection Set: 1.2ms
[161.816s][info][gc,phases      ] GC(359)   Post Evacuate Collection Set: 0.9ms
[161.816s][info][gc,phases      ] GC(359)   Other: 0.2ms
[161.816s][info][gc,heap        ] GC(359) Eden regions: 1219->0(1219)
[161.816s][info][gc,heap        ] GC(359) Survivor regions: 4->4(107)
[161.816s][info][gc,heap        ] GC(359) Old regions: 46->46
[161.816s][info][gc,heap        ] GC(359) Archive regions: 0->0
[161.816s][info][gc,heap        ] GC(359) Humongous regions: 672->672
[161.816s][info][gc,metaspace   ] GC(359) Metaspace: 122184K(126784K)->122184K(126784K) NonClass: 105585K(106304K)->105585K(106304K) Class: 16599K(20480K)->16599K(20480K)
[161.816s][info][gc             ] GC(359) Pause Young (Prepare Mixed) (G1 Evacuation Pause) 3837M->1399M(4096M) 3.787ms
[161.817s][info][gc,cpu         ] GC(359) User=0.00s Sys=0.00s Real=0.00s
[161.984s][info][gc,start       ] GC(360) Pause Young (Mixed) (G1 Evacuation Pause)
[161.984s][info][gc,task        ] GC(360) Using 33 workers of 33 for evacuation
[161.987s][info][gc,phases      ] GC(360)   Pre Evacuate Collection Set: 0.3ms
[161.987s][info][gc,phases      ] GC(360)   Merge Heap Roots: 0.4ms
[161.987s][info][gc,phases      ] GC(360)   Evacuate Collection Set: 1.4ms
[161.987s][info][gc,phases      ] GC(360)   Post Evacuate Collection Set: 0.9ms
[161.987s][info][gc,phases      ] GC(360)   Other: 0.2ms
[161.987s][info][gc,heap        ] GC(360) Eden regions: 1219->0(1223)
[161.987s][info][gc,heap        ] GC(360) Survivor regions: 4->4(107)
[161.987s][info][gc,heap        ] GC(360) Old regions: 46->42
[161.987s][info][gc,heap        ] GC(360) Archive regions: 0->0
[161.987s][info][gc,heap        ] GC(360) Humongous regions: 672->672
[161.987s][info][gc,metaspace   ] GC(360) Metaspace: 122184K(126784K)->122184K(126784K) NonClass: 105585K(106304K)->105585K(106304K) Class: 16599K(20480K)->16599K(20480K)
[161.987s][info][gc             ] GC(360) Pause Young (Mixed) (G1 Evacuation Pause) 3837M->1399M(4096M) 3.436ms
[161.987s][info][gc,cpu         ] GC(360) User=0.52s Sys=0.00s Real=0.02s
[162.157s][info][gc,start       ] GC(361) Pause Young (Concurrent Start) (G1 Evacuation Pause)
[162.157s][info][gc,task        ] GC(361) Using 33 workers of 33 for evacuation
[162.161s][info][gc,phases      ] GC(361)   Pre Evacuate Collection Set: 0.5ms
[162.161s][info][gc,phases      ] GC(361)   Merge Heap Roots: 0.4ms
[162.161s][info][gc,phases      ] GC(361)   Evacuate Collection Set: 1.9ms
[162.161s][info][gc,phases      ] GC(361)   Post Evacuate Collection Set: 1.0ms
[162.161s][info][gc,phases      ] GC(361)   Other: 0.1ms
[162.162s][info][gc,heap        ] GC(361) Eden regions: 1223->0(1223)
[162.162s][info][gc,heap        ] GC(361) Survivor regions: 4->4(107)
[162.162s][info][gc,heap        ] GC(361) Old regions: 42->42
[162.162s][info][gc,heap        ] GC(361) Archive regions: 0->0
[162.162s][info][gc,heap        ] GC(361) Humongous regions: 672->672
[162.162s][info][gc,metaspace   ] GC(361) Metaspace: 122184K(126784K)->122184K(126784K) NonClass: 105585K(106304K)->105585K(106304K) Class: 16599K(20480K)->16599K(20480K)
[162.162s][info][gc             ] GC(361) Pause Young (Concurrent Start) (G1 Evacuation Pause) 3845M->1399M(4096M) 4.218ms
[162.162s][info][gc             ] GC(362) Concurrent Mark Cycle
[162.162s][info][gc,marking     ] GC(362) Concurrent Scan Root Regions
[162.162s][info][gc,cpu         ] GC(361) User=0.00s Sys=0.00s Real=0.00s
[162.181s][info][gc,marking     ] GC(362) Concurrent Scan Root Regions 19.122ms
[162.181s][info][gc,marking     ] GC(362) Concurrent Mark
[162.181s][info][gc,marking     ] GC(362) Concurrent Mark From Roots
[162.181s][info][gc,task        ] GC(362) Using 8 workers of 8 for marking
[162.227s][info][gc,marking     ] GC(362) Concurrent Mark From Roots 45.668ms
[162.227s][info][gc,marking     ] GC(362) Concurrent Preclean
[162.229s][info][gc,marking     ] GC(362) Concurrent Preclean 1.644ms
[162.229s][info][gc,start       ] GC(362) Pause Remark
[162.232s][info][gc             ] GC(362) Pause Remark 2301M->2301M(4096M) 3.156ms
[162.232s][info][gc,cpu         ] GC(362) User=0.00s Sys=0.00s Real=0.00s
[162.232s][info][gc,marking     ] GC(362) Concurrent Mark 51.227ms
[162.232s][info][gc,marking     ] GC(362) Concurrent Rebuild Remembered Sets and Scrub Regions
[162.242s][info][gc,marking     ] GC(362) Concurrent Rebuild Remembered Sets and Scrub Regions 9.633ms
[162.242s][info][gc,start       ] GC(362) Pause Cleanup
[162.243s][info][gc             ] GC(362) Pause Cleanup 2421M->2421M(4096M) 0.371ms
[162.243s][info][gc,cpu         ] GC(362) User=0.00s Sys=0.00s Real=0.00s
[162.243s][info][gc,marking     ] GC(362) Concurrent Clear Claimed Marks
[162.243s][info][gc,marking     ] GC(362) Concurrent Clear Claimed Marks 0.160ms
[162.243s][info][gc,marking     ] GC(362) Concurrent Cleanup for Next Mark
[162.250s][info][gc,marking     ] GC(362) Concurrent Cleanup for Next Mark 7.027ms
[162.250s][info][gc             ] GC(362) Concurrent Mark Cycle 88.393ms
[162.837s][info][gc,start       ] GC(363) Pause Full (System.gc())
[162.837s][info][gc,task        ] GC(363) Using 33 workers of 33 for full compaction
[162.839s][info][gc,phases,start] GC(363) Phase 1: Mark live objects
[162.879s][info][gc,phases      ] GC(363) Phase 1: Mark live objects 40.141ms
[162.880s][info][gc,phases,start] GC(363) Phase 2: Prepare compaction
[162.883s][info][gc,phases      ] GC(363) Phase 2: Prepare compaction 3.886ms
[162.883s][info][gc,phases,start] GC(363) Phase 3: Adjust pointers
[162.894s][info][gc,phases      ] GC(363) Phase 3: Adjust pointers 10.481ms
[162.894s][info][gc,phases,start] GC(363) Phase 4: Compact heap
[162.896s][info][gc,phases      ] GC(363) Phase 4: Compact heap 1.718ms
[162.912s][info][gc,heap        ] GC(363) Eden regions: 649->0(1224)
[162.912s][info][gc,heap        ] GC(363) Survivor regions: 4->0(107)
[162.912s][info][gc,heap        ] GC(363) Old regions: 42->49
[162.912s][info][gc,heap        ] GC(363) Archive regions: 0->0
[162.912s][info][gc,heap        ] GC(363) Humongous regions: 675->672
[162.912s][info][gc,metaspace   ] GC(363) Metaspace: 122188K(126784K)->122188K(126784K) NonClass: 105589K(106304K)->105589K(106304K) Class: 16599K(20480K)->16599K(20480K)
[162.912s][info][gc             ] GC(363) Pause Full (System.gc()) 2703M->1392M(4096M) 74.719ms
[162.912s][info][gc,cpu         ] GC(363) User=1.55s Sys=0.02s Real=0.08s
[162.971s][info][gc,start       ] GC(364) Pause Young (Concurrent Start) (G1 Humongous Allocation)
[162.971s][info][gc,task        ] GC(364) Using 33 workers of 33 for evacuation
[162.975s][info][gc,phases      ] GC(364)   Pre Evacuate Collection Set: 0.5ms
[162.975s][info][gc,phases      ] GC(364)   Merge Heap Roots: 0.1ms
[162.975s][info][gc,phases      ] GC(364)   Evacuate Collection Set: 2.3ms
[162.975s][info][gc,phases      ] GC(364)   Post Evacuate Collection Set: 0.9ms
[162.975s][info][gc,phases      ] GC(364)   Other: 0.1ms
[162.975s][info][gc,heap        ] GC(364) Eden regions: 5->0(1222)
[162.975s][info][gc,heap        ] GC(364) Survivor regions: 0->1(153)
[162.975s][info][gc,heap        ] GC(364) Old regions: 49->49
[162.975s][info][gc,heap        ] GC(364) Archive regions: 0->0
[162.975s][info][gc,heap        ] GC(364) Humongous regions: 672->672
[162.975s][info][gc,metaspace   ] GC(364) Metaspace: 122194K(126784K)->122194K(126784K) NonClass: 105594K(106304K)->105594K(106304K) Class: 16599K(20480K)->16599K(20480K)
[162.975s][info][gc             ] GC(364) Pause Young (Concurrent Start) (G1 Humongous Allocation) 1402M->1393M(4096M) 4.299ms
[162.975s][info][gc             ] GC(365) Concurrent Mark Cycle
[162.975s][info][gc,cpu         ] GC(364) User=0.05s Sys=0.00s Real=0.01s
[162.975s][info][gc,marking     ] GC(365) Concurrent Scan Root Regions
[162.978s][info][gc,marking     ] GC(365) Concurrent Scan Root Regions 2.274ms
[162.978s][info][gc,marking     ] GC(365) Concurrent Mark
[162.978s][info][gc,marking     ] GC(365) Concurrent Mark From Roots
[162.978s][info][gc,task        ] GC(365) Using 8 workers of 8 for marking
[163.017s][info][gc,marking     ] GC(365) Concurrent Mark From Roots 39.228ms
[163.017s][info][gc,marking     ] GC(365) Concurrent Preclean
[163.022s][info][gc,marking     ] GC(365) Concurrent Preclean 4.110ms
[163.022s][info][gc,start       ] GC(365) Pause Remark
[163.026s][info][gc             ] GC(365) Pause Remark 1789M->1789M(4096M) 3.588ms
[163.026s][info][gc,cpu         ] GC(365) User=0.00s Sys=0.00s Real=0.00s
[163.026s][info][gc,marking     ] GC(365) Concurrent Mark 48.430ms
[163.026s][info][gc,marking     ] GC(365) Concurrent Rebuild Remembered Sets and Scrub Regions
[163.047s][info][gc,marking     ] GC(365) Concurrent Rebuild Remembered Sets and Scrub Regions 20.646ms
[163.048s][info][gc,start       ] GC(365) Pause Cleanup
[163.048s][info][gc             ] GC(365) Pause Cleanup 2093M->2093M(4096M) 0.448ms
[163.048s][info][gc,cpu         ] GC(365) User=0.00s Sys=0.00s Real=0.00s
[163.049s][info][gc,marking     ] GC(365) Concurrent Clear Claimed Marks
[163.050s][info][gc,marking     ] GC(365) Concurrent Clear Claimed Marks 1.161ms
[163.050s][info][gc,marking     ] GC(365) Concurrent Cleanup for Next Mark
[163.065s][info][gc,marking     ] GC(365) Concurrent Cleanup for Next Mark 15.484ms
[163.066s][info][gc             ] GC(365) Concurrent Mark Cycle 90.595ms
[163.175s][info][gc,start       ] GC(366) Pause Young (Prepare Mixed) (G1 Evacuation Pause)
[163.175s][info][gc,task        ] GC(366) Using 33 workers of 33 for evacuation
[163.179s][info][gc,phases      ] GC(366)   Pre Evacuate Collection Set: 0.3ms
[163.179s][info][gc,phases      ] GC(366)   Merge Heap Roots: 1.1ms
[163.179s][info][gc,phases      ] GC(366)   Evacuate Collection Set: 1.4ms
[163.179s][info][gc,phases      ] GC(366)   Post Evacuate Collection Set: 0.9ms
[163.179s][info][gc,phases      ] GC(366)   Other: 0.2ms
[163.179s][info][gc,heap        ] GC(366) Eden regions: 1222->0(1216)
[163.179s][info][gc,heap        ] GC(366) Survivor regions: 1->4(101)
[163.179s][info][gc,heap        ] GC(366) Old regions: 49->49
[163.179s][info][gc,heap        ] GC(366) Archive regions: 0->0
[163.179s][info][gc,heap        ] GC(366) Humongous regions: 675->672
[163.179s][info][gc,metaspace   ] GC(366) Metaspace: 122194K(126784K)->122194K(126784K) NonClass: 105594K(106304K)->105594K(106304K) Class: 16599K(20480K)->16599K(20480K)
[163.179s][info][gc             ] GC(366) Pause Young (Prepare Mixed) (G1 Evacuation Pause) 3843M->1399M(4096M) 4.083ms
[163.179s][info][gc,cpu         ] GC(366) User=0.53s Sys=0.00s Real=0.02s
[163.348s][info][gc,start       ] GC(367) Pause Young (Mixed) (G1 Evacuation Pause)
[163.348s][info][gc,task        ] GC(367) Using 33 workers of 33 for evacuation
[163.351s][info][gc,phases      ] GC(367)   Pre Evacuate Collection Set: 0.4ms
[163.351s][info][gc,phases      ] GC(367)   Merge Heap Roots: 0.4ms
[163.351s][info][gc,phases      ] GC(367)   Evacuate Collection Set: 1.4ms
[163.351s][info][gc,phases      ] GC(367)   Post Evacuate Collection Set: 0.9ms
[163.351s][info][gc,phases      ] GC(367)   Other: 0.3ms
[163.351s][info][gc,heap        ] GC(367) Eden regions: 1216->0(1219)
[163.351s][info][gc,heap        ] GC(367) Survivor regions: 4->4(107)
[163.351s][info][gc,heap        ] GC(367) Old regions: 49->46
[163.351s][info][gc,heap        ] GC(367) Archive regions: 0->0
[163.351s][info][gc,heap        ] GC(367) Humongous regions: 672->672
[163.351s][info][gc,metaspace   ] GC(367) Metaspace: 122194K(126784K)->122194K(126784K) NonClass: 105594K(106304K)->105594K(106304K) Class: 16599K(20480K)->16599K(20480K)
[163.351s][info][gc             ] GC(367) Pause Young (Mixed) (G1 Evacuation Pause) 3831M->1399M(4096M) 3.665ms
[163.351s][info][gc,cpu         ] GC(367) User=0.03s Sys=0.00s Real=0.02s
[163.521s][info][gc,start       ] GC(368) Pause Young (Concurrent Start) (G1 Evacuation Pause)
[163.521s][info][gc,task        ] GC(368) Using 33 workers of 33 for evacuation
[163.525s][info][gc,phases      ] GC(368)   Pre Evacuate Collection Set: 0.6ms
[163.525s][info][gc,phases      ] GC(368)   Merge Heap Roots: 0.4ms
[163.525s][info][gc,phases      ] GC(368)   Evacuate Collection Set: 1.7ms
[163.525s][info][gc,phases      ] GC(368)   Post Evacuate Collection Set: 1.0ms
[163.525s][info][gc,phases      ] GC(368)   Other: 0.1ms
[163.525s][info][gc,heap        ] GC(368) Eden regions: 1219->0(1219)
[163.525s][info][gc,heap        ] GC(368) Survivor regions: 4->4(107)
[163.525s][info][gc,heap        ] GC(368) Old regions: 46->46
[163.525s][info][gc,heap        ] GC(368) Archive regions: 0->0
[163.525s][info][gc,heap        ] GC(368) Humongous regions: 672->672
[163.525s][info][gc,metaspace   ] GC(368) Metaspace: 122194K(126784K)->122194K(126784K) NonClass: 105594K(106304K)->105594K(106304K) Class: 16599K(20480K)->16599K(20480K)
[163.525s][info][gc             ] GC(368) Pause Young (Concurrent Start) (G1 Evacuation Pause) 3837M->1399M(4096M) 3.955ms
[163.525s][info][gc             ] GC(369) Concurrent Mark Cycle
[163.525s][info][gc,marking     ] GC(369) Concurrent Scan Root Regions
[163.525s][info][gc,cpu         ] GC(368) User=0.00s Sys=0.00s Real=0.00s
[163.547s][info][gc,marking     ] GC(369) Concurrent Scan Root Regions 21.467ms
[163.547s][info][gc,marking     ] GC(369) Concurrent Mark
[163.547s][info][gc,marking     ] GC(369) Concurrent Mark From Roots
[163.547s][info][gc,task        ] GC(369) Using 8 workers of 8 for marking
[163.606s][info][gc,marking     ] GC(369) Concurrent Mark From Roots 58.271ms
[163.606s][info][gc,marking     ] GC(369) Concurrent Preclean
[163.611s][info][gc,marking     ] GC(369) Concurrent Preclean 4.957ms
[163.612s][info][gc,start       ] GC(369) Pause Remark
[163.616s][info][gc             ] GC(369) Pause Remark 2655M->2655M(4096M) 3.510ms
[163.616s][info][gc,cpu         ] GC(369) User=0.03s Sys=0.00s Real=0.01s
[163.616s][info][gc,marking     ] GC(369) Concurrent Mark 68.726ms
[163.616s][info][gc,marking     ] GC(369) Concurrent Rebuild Remembered Sets and Scrub Regions
[163.643s][info][gc,marking     ] GC(369) Concurrent Rebuild Remembered Sets and Scrub Regions 26.838ms
[163.644s][info][gc,start       ] GC(369) Pause Cleanup
[163.644s][info][gc             ] GC(369) Pause Cleanup 3061M->3061M(4096M) 0.297ms
[163.644s][info][gc,cpu         ] GC(369) User=0.00s Sys=0.00s Real=0.00s
[163.645s][info][gc,marking     ] GC(369) Concurrent Clear Claimed Marks
[163.646s][info][gc,marking     ] GC(369) Concurrent Clear Claimed Marks 1.768ms
[163.647s][info][gc,marking     ] GC(369) Concurrent Cleanup for Next Mark
[163.664s][info][gc,marking     ] GC(369) Concurrent Cleanup for Next Mark 16.881ms
[163.664s][info][gc             ] GC(369) Concurrent Mark Cycle 139.065ms
[163.703s][info][gc,start       ] GC(370) Pause Young (Prepare Mixed) (G1 Evacuation Pause)
[163.703s][info][gc,task        ] GC(370) Using 33 workers of 33 for evacuation
[163.706s][info][gc,phases      ] GC(370)   Pre Evacuate Collection Set: 0.3ms
[163.706s][info][gc,phases      ] GC(370)   Merge Heap Roots: 0.9ms
[163.706s][info][gc,phases      ] GC(370)   Evacuate Collection Set: 1.2ms
[163.706s][info][gc,phases      ] GC(370)   Post Evacuate Collection Set: 0.9ms
[163.706s][info][gc,phases      ] GC(370)   Other: 0.1ms
[163.706s][info][gc,heap        ] GC(370) Eden regions: 1219->0(1219)
[163.706s][info][gc,heap        ] GC(370) Survivor regions: 4->4(107)
[163.706s][info][gc,heap        ] GC(370) Old regions: 46->46
[163.707s][info][gc,heap        ] GC(370) Archive regions: 0->0
[163.707s][info][gc,heap        ] GC(370) Humongous regions: 672->672
[163.707s][info][gc,metaspace   ] GC(370) Metaspace: 122194K(126784K)->122194K(126784K) NonClass: 105594K(106304K)->105594K(106304K) Class: 16599K(20480K)->16599K(20480K)
[163.707s][info][gc             ] GC(370) Pause Young (Prepare Mixed) (G1 Evacuation Pause) 3837M->1399M(4096M) 3.701ms
[163.707s][info][gc,cpu         ] GC(370) User=0.00s Sys=0.00s Real=0.00s
[163.876s][info][gc,start       ] GC(371) Pause Young (Mixed) (G1 Evacuation Pause)
[163.876s][info][gc,task        ] GC(371) Using 33 workers of 33 for evacuation
[163.879s][info][gc,phases      ] GC(371)   Pre Evacuate Collection Set: 0.3ms
[163.879s][info][gc,phases      ] GC(371)   Merge Heap Roots: 0.4ms
[163.879s][info][gc,phases      ] GC(371)   Evacuate Collection Set: 1.5ms
[163.879s][info][gc,phases      ] GC(371)   Post Evacuate Collection Set: 0.9ms
[163.879s][info][gc,phases      ] GC(371)   Other: 0.2ms
[163.879s][info][gc,heap        ] GC(371) Eden regions: 1219->0(1223)
[163.879s][info][gc,heap        ] GC(371) Survivor regions: 4->4(107)
[163.879s][info][gc,heap        ] GC(371) Old regions: 46->42
[163.879s][info][gc,heap        ] GC(371) Archive regions: 0->0
[163.879s][info][gc,heap        ] GC(371) Humongous regions: 672->672
[163.879s][info][gc,metaspace   ] GC(371) Metaspace: 122194K(126784K)->122194K(126784K) NonClass: 105594K(106304K)->105594K(106304K) Class: 16599K(20480K)->16599K(20480K)
[163.879s][info][gc             ] GC(371) Pause Young (Mixed) (G1 Evacuation Pause) 3837M->1399M(4096M) 3.473ms
[163.879s][info][gc,cpu         ] GC(371) User=0.00s Sys=0.00s Real=0.00s
[164.049s][info][gc,start       ] GC(372) Pause Young (Concurrent Start) (G1 Evacuation Pause)
[164.049s][info][gc,task        ] GC(372) Using 33 workers of 33 for evacuation
[164.053s][info][gc,phases      ] GC(372)   Pre Evacuate Collection Set: 0.5ms
[164.053s][info][gc,phases      ] GC(372)   Merge Heap Roots: 0.4ms
[164.053s][info][gc,phases      ] GC(372)   Evacuate Collection Set: 1.8ms
[164.053s][info][gc,phases      ] GC(372)   Post Evacuate Collection Set: 1.0ms
[164.053s][info][gc,phases      ] GC(372)   Other: 0.1ms
[164.053s][info][gc,heap        ] GC(372) Eden regions: 1223->0(1223)
[164.053s][info][gc,heap        ] GC(372) Survivor regions: 4->4(107)
[164.053s][info][gc,heap        ] GC(372) Old regions: 42->42
[164.053s][info][gc,heap        ] GC(372) Archive regions: 0->0
[164.053s][info][gc,heap        ] GC(372) Humongous regions: 672->672
[164.053s][info][gc,metaspace   ] GC(372) Metaspace: 122194K(126784K)->122194K(126784K) NonClass: 105594K(106304K)->105594K(106304K) Class: 16599K(20480K)->16599K(20480K)
[164.053s][info][gc             ] GC(372) Pause Young (Concurrent Start) (G1 Evacuation Pause) 3845M->1399M(4096M) 4.035ms
[164.053s][info][gc             ] GC(373) Concurrent Mark Cycle
[164.053s][info][gc,marking     ] GC(373) Concurrent Scan Root Regions
[164.053s][info][gc,cpu         ] GC(372) User=0.02s Sys=0.00s Real=0.02s
[164.073s][info][gc,marking     ] GC(373) Concurrent Scan Root Regions 20.140ms
[164.073s][info][gc,marking     ] GC(373) Concurrent Mark
[164.073s][info][gc,marking     ] GC(373) Concurrent Mark From Roots
[164.073s][info][gc,task        ] GC(373) Using 8 workers of 8 for marking
[164.120s][info][gc,marking     ] GC(373) Concurrent Mark From Roots 46.168ms
[164.120s][info][gc,marking     ] GC(373) Concurrent Preclean
[164.122s][info][gc,marking     ] GC(373) Concurrent Preclean 2.184ms
[164.122s][info][gc,start       ] GC(373) Pause Remark
[164.125s][info][gc             ] GC(373) Pause Remark 2349M->2349M(4096M) 3.167ms
[164.126s][info][gc,cpu         ] GC(373) User=0.00s Sys=0.00s Real=0.00s
[164.126s][info][gc,marking     ] GC(373) Concurrent Mark 52.282ms
[164.126s][info][gc,marking     ] GC(373) Concurrent Rebuild Remembered Sets and Scrub Regions
[164.137s][info][gc,marking     ] GC(373) Concurrent Rebuild Remembered Sets and Scrub Regions 11.196ms
[164.137s][info][gc,start       ] GC(373) Pause Cleanup
[164.138s][info][gc             ] GC(373) Pause Cleanup 2485M->2485M(4096M) 0.323ms
[164.138s][info][gc,cpu         ] GC(373) User=0.00s Sys=0.00s Real=0.00s
[164.138s][info][gc,marking     ] GC(373) Concurrent Clear Claimed Marks
[164.138s][info][gc,marking     ] GC(373) Concurrent Clear Claimed Marks 0.209ms
[164.138s][info][gc,marking     ] GC(373) Concurrent Cleanup for Next Mark
[164.145s][info][gc,marking     ] GC(373) Concurrent Cleanup for Next Mark 7.360ms
[164.145s][info][gc             ] GC(373) Concurrent Mark Cycle 92.670ms
[164.725s][info][gc,start       ] GC(374) Pause Full (System.gc())
[164.726s][info][gc,task        ] GC(374) Using 33 workers of 33 for full compaction
[164.727s][info][gc,phases,start] GC(374) Phase 1: Mark live objects
[164.766s][info][gc,phases      ] GC(374) Phase 1: Mark live objects 38.991ms
[164.766s][info][gc,phases,start] GC(374) Phase 2: Prepare compaction
[164.771s][info][gc,phases      ] GC(374) Phase 2: Prepare compaction 5.040ms
[164.771s][info][gc,phases,start] GC(374) Phase 3: Adjust pointers
[164.782s][info][gc,phases      ] GC(374) Phase 3: Adjust pointers 10.515ms
[164.782s][info][gc,phases,start] GC(374) Phase 4: Compact heap
[164.783s][info][gc,phases      ] GC(374) Phase 4: Compact heap 1.487ms
[164.800s][info][gc,heap        ] GC(374) Eden regions: 651->0(1223)
[164.800s][info][gc,heap        ] GC(374) Survivor regions: 4->0(107)
[164.800s][info][gc,heap        ] GC(374) Old regions: 42->50
[164.800s][info][gc,heap        ] GC(374) Archive regions: 0->0
[164.800s][info][gc,heap        ] GC(374) Humongous regions: 675->672
[164.800s][info][gc,metaspace   ] GC(374) Metaspace: 122194K(126784K)->122194K(126784K) NonClass: 105594K(106304K)->105594K(106304K) Class: 16599K(20480K)->16599K(20480K)
[164.801s][info][gc             ] GC(374) Pause Full (System.gc()) 2706M->1392M(4096M) 75.163ms
[164.801s][info][gc,cpu         ] GC(374) User=1.00s Sys=0.00s Real=0.08s
[164.850s][info][gc,start       ] GC(375) Pause Young (Concurrent Start) (G1 Humongous Allocation)
[164.850s][info][gc,task        ] GC(375) Using 33 workers of 33 for evacuation
[164.854s][info][gc,phases      ] GC(375)   Pre Evacuate Collection Set: 0.6ms
[164.854s][info][gc,phases      ] GC(375)   Merge Heap Roots: 0.1ms
[164.854s][info][gc,phases      ] GC(375)   Evacuate Collection Set: 2.2ms
[164.854s][info][gc,phases      ] GC(375)   Post Evacuate Collection Set: 0.9ms
[164.854s][info][gc,phases      ] GC(375)   Other: 0.2ms
[164.854s][info][gc,heap        ] GC(375) Eden regions: 5->0(1221)
[164.854s][info][gc,heap        ] GC(375) Survivor regions: 0->1(153)
[164.854s][info][gc,heap        ] GC(375) Old regions: 50->50
[164.854s][info][gc,heap        ] GC(375) Archive regions: 0->0
[164.854s][info][gc,heap        ] GC(375) Humongous regions: 672->672
[164.854s][info][gc,metaspace   ] GC(375) Metaspace: 122239K(126784K)->122239K(126784K) NonClass: 105639K(106304K)->105639K(106304K) Class: 16599K(20480K)->16599K(20480K)
[164.854s][info][gc             ] GC(375) Pause Young (Concurrent Start) (G1 Humongous Allocation) 1402M->1393M(4096M) 4.309ms
[164.854s][info][gc             ] GC(376) Concurrent Mark Cycle
[164.854s][info][gc,cpu         ] GC(375) User=0.00s Sys=0.00s Real=0.00s
[164.854s][info][gc,marking     ] GC(376) Concurrent Scan Root Regions
[164.857s][info][gc,marking     ] GC(376) Concurrent Scan Root Regions 2.348ms
[164.857s][info][gc,marking     ] GC(376) Concurrent Mark
[164.857s][info][gc,marking     ] GC(376) Concurrent Mark From Roots
[164.857s][info][gc,task        ] GC(376) Using 8 workers of 8 for marking
[164.896s][info][gc,marking     ] GC(376) Concurrent Mark From Roots 39.404ms
[164.897s][info][gc,marking     ] GC(376) Concurrent Preclean
[164.900s][info][gc,marking     ] GC(376) Concurrent Preclean 3.616ms
[164.901s][info][gc,start       ] GC(376) Pause Remark
[164.905s][info][gc             ] GC(376) Pause Remark 1795M->1795M(4096M) 3.786ms
[164.951s][info][gc,cpu         ] GC(376) User=0.02s Sys=0.00s Real=0.05s
[164.951s][info][gc,marking     ] GC(376) Concurrent Mark 94.050ms
[164.951s][info][gc,marking     ] GC(376) Concurrent Rebuild Remembered Sets and Scrub Regions
[164.971s][info][gc,marking     ] GC(376) Concurrent Rebuild Remembered Sets and Scrub Regions 20.174ms
[164.972s][info][gc,start       ] GC(376) Pause Cleanup
[164.972s][info][gc             ] GC(376) Pause Cleanup 2025M->2025M(4096M) 0.480ms
[164.973s][info][gc,cpu         ] GC(376) User=0.00s Sys=0.00s Real=0.00s
[164.973s][info][gc,marking     ] GC(376) Concurrent Clear Claimed Marks
[164.974s][info][gc,marking     ] GC(376) Concurrent Clear Claimed Marks 0.820ms
[164.974s][info][gc,marking     ] GC(376) Concurrent Cleanup for Next Mark
[164.990s][info][gc,marking     ] GC(376) Concurrent Cleanup for Next Mark 15.649ms
[164.990s][info][gc             ] GC(376) Concurrent Mark Cycle 135.725ms
[165.104s][info][gc,start       ] GC(377) Pause Young (Prepare Mixed) (G1 Evacuation Pause)
[165.104s][info][gc,task        ] GC(377) Using 33 workers of 33 for evacuation
[165.108s][info][gc,phases      ] GC(377)   Pre Evacuate Collection Set: 0.3ms
[165.108s][info][gc,phases      ] GC(377)   Merge Heap Roots: 1.0ms
[165.108s][info][gc,phases      ] GC(377)   Evacuate Collection Set: 1.4ms
[165.108s][info][gc,phases      ] GC(377)   Post Evacuate Collection Set: 0.9ms
[165.108s][info][gc,phases      ] GC(377)   Other: 0.2ms
[165.108s][info][gc,heap        ] GC(377) Eden regions: 1221->0(1215)
[165.108s][info][gc,heap        ] GC(377) Survivor regions: 1->4(101)
[165.108s][info][gc,heap        ] GC(377) Old regions: 50->50
[165.108s][info][gc,heap        ] GC(377) Archive regions: 0->0
[165.108s][info][gc,heap        ] GC(377) Humongous regions: 675->672
[165.108s][info][gc,metaspace   ] GC(377) Metaspace: 122240K(126784K)->122240K(126784K) NonClass: 105640K(106304K)->105640K(106304K) Class: 16599K(20480K)->16599K(20480K)
[165.108s][info][gc             ] GC(377) Pause Young (Prepare Mixed) (G1 Evacuation Pause) 3841M->1399M(4096M) 4.004ms
[165.108s][info][gc,cpu         ] GC(377) User=0.00s Sys=0.00s Real=0.00s
[165.276s][info][gc,start       ] GC(378) Pause Young (Mixed) (G1 Evacuation Pause)
[165.276s][info][gc,task        ] GC(378) Using 33 workers of 33 for evacuation
[165.279s][info][gc,phases      ] GC(378)   Pre Evacuate Collection Set: 0.3ms
[165.279s][info][gc,phases      ] GC(378)   Merge Heap Roots: 0.4ms
[165.279s][info][gc,phases      ] GC(378)   Evacuate Collection Set: 1.4ms
[165.279s][info][gc,phases      ] GC(378)   Post Evacuate Collection Set: 0.9ms
[165.279s][info][gc,phases      ] GC(378)   Other: 0.2ms
[165.279s][info][gc,heap        ] GC(378) Eden regions: 1215->0(1218)
[165.279s][info][gc,heap        ] GC(378) Survivor regions: 4->4(107)
[165.279s][info][gc,heap        ] GC(378) Old regions: 50->47
[165.279s][info][gc,heap        ] GC(378) Archive regions: 0->0
[165.279s][info][gc,heap        ] GC(378) Humongous regions: 672->672
[165.279s][info][gc,metaspace   ] GC(378) Metaspace: 122240K(126784K)->122240K(126784K) NonClass: 105640K(106304K)->105640K(106304K) Class: 16599K(20480K)->16599K(20480K)
[165.279s][info][gc             ] GC(378) Pause Young (Mixed) (G1 Evacuation Pause) 3829M->1399M(4096M) 3.442ms
[165.279s][info][gc,cpu         ] GC(378) User=0.00s Sys=0.00s Real=0.00s
[165.449s][info][gc,start       ] GC(379) Pause Young (Concurrent Start) (G1 Evacuation Pause)
[165.449s][info][gc,task        ] GC(379) Using 33 workers of 33 for evacuation
[165.453s][info][gc,phases      ] GC(379)   Pre Evacuate Collection Set: 0.5ms
[165.453s][info][gc,phases      ] GC(379)   Merge Heap Roots: 0.4ms
[165.453s][info][gc,phases      ] GC(379)   Evacuate Collection Set: 1.8ms
[165.453s][info][gc,phases      ] GC(379)   Post Evacuate Collection Set: 0.9ms
[165.453s][info][gc,phases      ] GC(379)   Other: 0.1ms
[165.453s][info][gc,heap        ] GC(379) Eden regions: 1218->0(1218)
[165.453s][info][gc,heap        ] GC(379) Survivor regions: 4->4(107)
[165.453s][info][gc,heap        ] GC(379) Old regions: 47->47
[165.453s][info][gc,heap        ] GC(379) Archive regions: 0->0
[165.453s][info][gc,heap        ] GC(379) Humongous regions: 672->672
[165.453s][info][gc,metaspace   ] GC(379) Metaspace: 122240K(126784K)->122240K(126784K) NonClass: 105640K(106304K)->105640K(106304K) Class: 16599K(20480K)->16599K(20480K)
[165.453s][info][gc             ] GC(379) Pause Young (Concurrent Start) (G1 Evacuation Pause) 3835M->1399M(4096M) 4.039ms
[165.453s][info][gc             ] GC(380) Concurrent Mark Cycle
[165.453s][info][gc,marking     ] GC(380) Concurrent Scan Root Regions
[165.453s][info][gc,cpu         ] GC(379) User=0.00s Sys=0.00s Real=0.00s
[165.477s][info][gc,marking     ] GC(380) Concurrent Scan Root Regions 23.199ms
[165.477s][info][gc,marking     ] GC(380) Concurrent Mark
[165.477s][info][gc,marking     ] GC(380) Concurrent Mark From Roots
[165.477s][info][gc,task        ] GC(380) Using 8 workers of 8 for marking
[165.538s][info][gc,marking     ] GC(380) Concurrent Mark From Roots 60.410ms
[165.538s][info][gc,marking     ] GC(380) Concurrent Preclean
[165.542s][info][gc,marking     ] GC(380) Concurrent Preclean 4.226ms
[165.543s][info][gc,start       ] GC(380) Pause Remark
[165.547s][info][gc             ] GC(380) Pause Remark 2695M->2695M(4096M) 3.311ms
[165.547s][info][gc,cpu         ] GC(380) User=0.00s Sys=0.00s Real=0.00s
[165.547s][info][gc,marking     ] GC(380) Concurrent Mark 69.706ms
[165.547s][info][gc,marking     ] GC(380) Concurrent Rebuild Remembered Sets and Scrub Regions
[165.575s][info][gc,marking     ] GC(380) Concurrent Rebuild Remembered Sets and Scrub Regions 27.371ms
[165.576s][info][gc,start       ] GC(380) Pause Cleanup
[165.576s][info][gc             ] GC(380) Pause Cleanup 3113M->3113M(4096M) 0.321ms
[165.576s][info][gc,cpu         ] GC(380) User=0.00s Sys=0.00s Real=0.00s
[165.576s][info][gc,marking     ] GC(380) Concurrent Clear Claimed Marks
[165.577s][info][gc,marking     ] GC(380) Concurrent Clear Claimed Marks 0.973ms
[165.577s][info][gc,marking     ] GC(380) Concurrent Cleanup for Next Mark
[165.594s][info][gc,marking     ] GC(380) Concurrent Cleanup for Next Mark 17.078ms
[165.595s][info][gc             ] GC(380) Concurrent Mark Cycle 141.555ms
[165.630s][info][gc,start       ] GC(381) Pause Young (Prepare Mixed) (G1 Evacuation Pause)
[165.631s][info][gc,task        ] GC(381) Using 33 workers of 33 for evacuation
[165.634s][info][gc,phases      ] GC(381)   Pre Evacuate Collection Set: 0.3ms
[165.634s][info][gc,phases      ] GC(381)   Merge Heap Roots: 1.0ms
[165.634s][info][gc,phases      ] GC(381)   Evacuate Collection Set: 1.2ms
[165.634s][info][gc,phases      ] GC(381)   Post Evacuate Collection Set: 0.9ms
[165.634s][info][gc,phases      ] GC(381)   Other: 0.2ms
[165.634s][info][gc,heap        ] GC(381) Eden regions: 1218->0(1218)
[165.634s][info][gc,heap        ] GC(381) Survivor regions: 4->4(107)
[165.634s][info][gc,heap        ] GC(381) Old regions: 47->47
[165.634s][info][gc,heap        ] GC(381) Archive regions: 0->0
[165.634s][info][gc,heap        ] GC(381) Humongous regions: 672->672
[165.634s][info][gc,metaspace   ] GC(381) Metaspace: 122240K(126784K)->122240K(126784K) NonClass: 105640K(106304K)->105640K(106304K) Class: 16599K(20480K)->16599K(20480K)
[165.634s][info][gc             ] GC(381) Pause Young (Prepare Mixed) (G1 Evacuation Pause) 3835M->1399M(4096M) 3.813ms
[165.634s][info][gc,cpu         ] GC(381) User=0.00s Sys=0.00s Real=0.00s
[165.803s][info][gc,start       ] GC(382) Pause Young (Mixed) (G1 Evacuation Pause)
[165.803s][info][gc,task        ] GC(382) Using 33 workers of 33 for evacuation
[165.806s][info][gc,phases      ] GC(382)   Pre Evacuate Collection Set: 0.3ms
[165.806s][info][gc,phases      ] GC(382)   Merge Heap Roots: 0.4ms
[165.806s][info][gc,phases      ] GC(382)   Evacuate Collection Set: 1.4ms
[165.806s][info][gc,phases      ] GC(382)   Post Evacuate Collection Set: 0.9ms
[165.806s][info][gc,phases      ] GC(382)   Other: 0.2ms
[165.806s][info][gc,heap        ] GC(382) Eden regions: 1218->0(1222)
[165.806s][info][gc,heap        ] GC(382) Survivor regions: 4->4(107)
[165.806s][info][gc,heap        ] GC(382) Old regions: 47->43
[165.806s][info][gc,heap        ] GC(382) Archive regions: 0->0
[165.806s][info][gc,heap        ] GC(382) Humongous regions: 672->672
[165.806s][info][gc,metaspace   ] GC(382) Metaspace: 122240K(126784K)->122240K(126784K) NonClass: 105640K(106304K)->105640K(106304K) Class: 16599K(20480K)->16599K(20480K)
[165.806s][info][gc             ] GC(382) Pause Young (Mixed) (G1 Evacuation Pause) 3835M->1399M(4096M) 3.426ms
[165.806s][info][gc,cpu         ] GC(382) User=0.00s Sys=0.00s Real=0.00s
[165.976s][info][gc,start       ] GC(383) Pause Young (Concurrent Start) (G1 Evacuation Pause)
[165.976s][info][gc,task        ] GC(383) Using 33 workers of 33 for evacuation
[165.980s][info][gc,phases      ] GC(383)   Pre Evacuate Collection Set: 0.5ms
[165.980s][info][gc,phases      ] GC(383)   Merge Heap Roots: 0.4ms
[165.980s][info][gc,phases      ] GC(383)   Evacuate Collection Set: 1.8ms
[165.980s][info][gc,phases      ] GC(383)   Post Evacuate Collection Set: 0.9ms
[165.980s][info][gc,phases      ] GC(383)   Other: 0.1ms
[165.980s][info][gc,heap        ] GC(383) Eden regions: 1222->0(1222)
[165.980s][info][gc,heap        ] GC(383) Survivor regions: 4->4(107)
[165.980s][info][gc,heap        ] GC(383) Old regions: 43->43
[165.980s][info][gc,heap        ] GC(383) Archive regions: 0->0
[165.980s][info][gc,heap        ] GC(383) Humongous regions: 672->672
[165.980s][info][gc,metaspace   ] GC(383) Metaspace: 122240K(126784K)->122240K(126784K) NonClass: 105640K(106304K)->105640K(106304K) Class: 16599K(20480K)->16599K(20480K)
[165.980s][info][gc             ] GC(383) Pause Young (Concurrent Start) (G1 Evacuation Pause) 3843M->1400M(4096M) 4.011ms
[165.980s][info][gc             ] GC(384) Concurrent Mark Cycle
[165.980s][info][gc,marking     ] GC(384) Concurrent Scan Root Regions
[165.980s][info][gc,cpu         ] GC(383) User=0.03s Sys=0.00s Real=0.02s
[166.002s][info][gc,marking     ] GC(384) Concurrent Scan Root Regions 21.449ms
[166.002s][info][gc,marking     ] GC(384) Concurrent Mark
[166.002s][info][gc,marking     ] GC(384) Concurrent Mark From Roots
[166.002s][info][gc,task        ] GC(384) Using 8 workers of 8 for marking
[166.057s][info][gc,marking     ] GC(384) Concurrent Mark From Roots 55.514ms
[166.058s][info][gc,marking     ] GC(384) Concurrent Preclean
[166.059s][info][gc,marking     ] GC(384) Concurrent Preclean 1.518ms
[166.059s][info][gc,start       ] GC(384) Pause Remark
[166.062s][info][gc             ] GC(384) Pause Remark 2480M->2480M(4096M) 3.082ms
[166.062s][info][gc,cpu         ] GC(384) User=0.00s Sys=0.00s Real=0.00s
[166.063s][info][gc,marking     ] GC(384) Concurrent Mark 60.721ms
[166.063s][info][gc,marking     ] GC(384) Concurrent Rebuild Remembered Sets and Scrub Regions
[166.073s][info][gc,marking     ] GC(384) Concurrent Rebuild Remembered Sets and Scrub Regions 10.375ms
[166.073s][info][gc,start       ] GC(384) Pause Cleanup
[166.074s][info][gc             ] GC(384) Pause Cleanup 2581M->2581M(4096M) 0.313ms
[166.074s][info][gc,cpu         ] GC(384) User=0.00s Sys=0.00s Real=0.00s
[166.074s][info][gc,marking     ] GC(384) Concurrent Clear Claimed Marks
[166.074s][info][gc,marking     ] GC(384) Concurrent Clear Claimed Marks 0.151ms
[166.074s][info][gc,marking     ] GC(384) Concurrent Cleanup for Next Mark
[166.079s][info][gc,marking     ] GC(384) Concurrent Cleanup for Next Mark 4.679ms
[166.079s][info][gc             ] GC(384) Concurrent Mark Cycle 98.712ms
[166.664s][info][gc,start       ] GC(385) Pause Full (System.gc())
[166.664s][info][gc,task        ] GC(385) Using 33 workers of 33 for full compaction
[166.666s][info][gc,phases,start] GC(385) Phase 1: Mark live objects
[166.709s][info][gc,phases      ] GC(385) Phase 1: Mark live objects 42.807ms
[166.709s][info][gc,phases,start] GC(385) Phase 2: Prepare compaction
[166.713s][info][gc,phases      ] GC(385) Phase 2: Prepare compaction 4.216ms
[166.713s][info][gc,phases,start] GC(385) Phase 3: Adjust pointers
[166.724s][info][gc,phases      ] GC(385) Phase 3: Adjust pointers 10.719ms
[166.724s][info][gc,phases,start] GC(385) Phase 4: Compact heap
[166.725s][info][gc,phases      ] GC(385) Phase 4: Compact heap 1.613ms
[166.740s][info][gc,heap        ] GC(385) Eden regions: 655->0(1223)
[166.740s][info][gc,heap        ] GC(385) Survivor regions: 4->0(107)
[166.740s][info][gc,heap        ] GC(385) Old regions: 43->50
[166.740s][info][gc,heap        ] GC(385) Archive regions: 0->0
[166.740s][info][gc,heap        ] GC(385) Humongous regions: 675->672
[166.740s][info][gc,metaspace   ] GC(385) Metaspace: 122262K(126848K)->122262K(126848K) NonClass: 105663K(106368K)->105663K(106368K) Class: 16599K(20480K)->16599K(20480K)
[166.740s][info][gc             ] GC(385) Pause Full (System.gc()) 2714M->1392M(4096M) 76.324ms
[166.741s][info][gc,cpu         ] GC(385) User=1.55s Sys=0.00s Real=0.06s
[166.799s][info][gc,start       ] GC(386) Pause Young (Concurrent Start) (G1 Humongous Allocation)
[166.799s][info][gc,task        ] GC(386) Using 33 workers of 33 for evacuation
[166.803s][info][gc,phases      ] GC(386)   Pre Evacuate Collection Set: 0.6ms
[166.803s][info][gc,phases      ] GC(386)   Merge Heap Roots: 0.1ms
[166.803s][info][gc,phases      ] GC(386)   Evacuate Collection Set: 2.2ms
[166.803s][info][gc,phases      ] GC(386)   Post Evacuate Collection Set: 0.9ms
[166.803s][info][gc,phases      ] GC(386)   Other: 0.2ms
[166.803s][info][gc,heap        ] GC(386) Eden regions: 5->0(1221)
[166.803s][info][gc,heap        ] GC(386) Survivor regions: 0->1(153)
[166.803s][info][gc,heap        ] GC(386) Old regions: 50->50
[166.803s][info][gc,heap        ] GC(386) Archive regions: 0->0
[166.803s][info][gc,heap        ] GC(386) Humongous regions: 672->672
[166.803s][info][gc,metaspace   ] GC(386) Metaspace: 122290K(126848K)->122290K(126848K) NonClass: 105691K(106368K)->105691K(106368K) Class: 16599K(20480K)->16599K(20480K)
[166.803s][info][gc             ] GC(386) Pause Young (Concurrent Start) (G1 Humongous Allocation) 1402M->1393M(4096M) 4.496ms
[166.803s][info][gc             ] GC(387) Concurrent Mark Cycle
[166.803s][info][gc,cpu         ] GC(386) User=0.00s Sys=0.00s Real=0.00s
[166.803s][info][gc,marking     ] GC(387) Concurrent Scan Root Regions
[166.806s][info][gc,marking     ] GC(387) Concurrent Scan Root Regions 2.425ms
[166.806s][info][gc,marking     ] GC(387) Concurrent Mark
[166.806s][info][gc,marking     ] GC(387) Concurrent Mark From Roots
[166.806s][info][gc,task        ] GC(387) Using 8 workers of 8 for marking
[166.841s][info][gc,marking     ] GC(387) Concurrent Mark From Roots 34.491ms
[166.841s][info][gc,marking     ] GC(387) Concurrent Preclean
[166.845s][info][gc,marking     ] GC(387) Concurrent Preclean 4.573ms
[166.846s][info][gc,start       ] GC(387) Pause Remark
[166.850s][info][gc             ] GC(387) Pause Remark 1711M->1711M(4096M) 3.689ms
[166.850s][info][gc,cpu         ] GC(387) User=0.00s Sys=0.00s Real=0.00s
[166.850s][info][gc,marking     ] GC(387) Concurrent Mark 44.346ms
[166.850s][info][gc,marking     ] GC(387) Concurrent Rebuild Remembered Sets and Scrub Regions
[166.870s][info][gc,marking     ] GC(387) Concurrent Rebuild Remembered Sets and Scrub Regions 19.518ms
[166.871s][info][gc,start       ] GC(387) Pause Cleanup
[166.871s][info][gc             ] GC(387) Pause Cleanup 2001M->2001M(4096M) 0.462ms
[166.871s][info][gc,cpu         ] GC(387) User=0.00s Sys=0.00s Real=0.00s
[166.872s][info][gc,marking     ] GC(387) Concurrent Clear Claimed Marks
[166.873s][info][gc,marking     ] GC(387) Concurrent Clear Claimed Marks 1.563ms
[166.873s][info][gc,marking     ] GC(387) Concurrent Cleanup for Next Mark
[166.892s][info][gc,marking     ] GC(387) Concurrent Cleanup for Next Mark 18.778ms
[166.893s][info][gc             ] GC(387) Concurrent Mark Cycle 89.426ms
[167.004s][info][gc,start       ] GC(388) Pause Young (Prepare Mixed) (G1 Evacuation Pause)
[167.004s][info][gc,task        ] GC(388) Using 33 workers of 33 for evacuation
[167.008s][info][gc,phases      ] GC(388)   Pre Evacuate Collection Set: 0.3ms
[167.008s][info][gc,phases      ] GC(388)   Merge Heap Roots: 1.0ms
[167.008s][info][gc,phases      ] GC(388)   Evacuate Collection Set: 1.3ms
[167.008s][info][gc,phases      ] GC(388)   Post Evacuate Collection Set: 1.0ms
[167.008s][info][gc,phases      ] GC(388)   Other: 0.1ms
[167.008s][info][gc,heap        ] GC(388) Eden regions: 1221->0(1215)
[167.008s][info][gc,heap        ] GC(388) Survivor regions: 1->4(101)
[167.008s][info][gc,heap        ] GC(388) Old regions: 50->50
[167.008s][info][gc,heap        ] GC(388) Archive regions: 0->0
[167.008s][info][gc,heap        ] GC(388) Humongous regions: 675->672
[167.008s][info][gc,metaspace   ] GC(388) Metaspace: 122290K(126848K)->122290K(126848K) NonClass: 105691K(106368K)->105691K(106368K) Class: 16599K(20480K)->16599K(20480K)
[167.008s][info][gc             ] GC(388) Pause Young (Prepare Mixed) (G1 Evacuation Pause) 3841M->1399M(4096M) 4.130ms
[167.008s][info][gc,cpu         ] GC(388) User=0.00s Sys=0.00s Real=0.00s
[167.176s][info][gc,start       ] GC(389) Pause Young (Mixed) (G1 Evacuation Pause)
[167.176s][info][gc,task        ] GC(389) Using 33 workers of 33 for evacuation
[167.180s][info][gc,phases      ] GC(389)   Pre Evacuate Collection Set: 0.3ms
[167.180s][info][gc,phases      ] GC(389)   Merge Heap Roots: 0.4ms
[167.180s][info][gc,phases      ] GC(389)   Evacuate Collection Set: 1.5ms
[167.180s][info][gc,phases      ] GC(389)   Post Evacuate Collection Set: 1.0ms
[167.180s][info][gc,phases      ] GC(389)   Other: 0.2ms
[167.180s][info][gc,heap        ] GC(389) Eden regions: 1215->0(1218)
[167.180s][info][gc,heap        ] GC(389) Survivor regions: 4->4(107)
[167.180s][info][gc,heap        ] GC(389) Old regions: 50->47
[167.180s][info][gc,heap        ] GC(389) Archive regions: 0->0
[167.180s][info][gc,heap        ] GC(389) Humongous regions: 672->672
[167.180s][info][gc,metaspace   ] GC(389) Metaspace: 122290K(126848K)->122290K(126848K) NonClass: 105691K(106368K)->105691K(106368K) Class: 16599K(20480K)->16599K(20480K)
[167.180s][info][gc             ] GC(389) Pause Young (Mixed) (G1 Evacuation Pause) 3829M->1400M(4096M) 3.592ms
[167.180s][info][gc,cpu         ] GC(389) User=0.00s Sys=0.00s Real=0.00s
[167.348s][info][gc,start       ] GC(390) Pause Young (Concurrent Start) (G1 Evacuation Pause)
[167.348s][info][gc,task        ] GC(390) Using 33 workers of 33 for evacuation
[167.352s][info][gc,phases      ] GC(390)   Pre Evacuate Collection Set: 0.5ms
[167.352s][info][gc,phases      ] GC(390)   Merge Heap Roots: 0.4ms
[167.352s][info][gc,phases      ] GC(390)   Evacuate Collection Set: 1.8ms
[167.352s][info][gc,phases      ] GC(390)   Post Evacuate Collection Set: 0.9ms
[167.352s][info][gc,phases      ] GC(390)   Other: 0.1ms
[167.352s][info][gc,heap        ] GC(390) Eden regions: 1218->0(1218)
[167.352s][info][gc,heap        ] GC(390) Survivor regions: 4->4(107)
[167.352s][info][gc,heap        ] GC(390) Old regions: 47->47
[167.352s][info][gc,heap        ] GC(390) Archive regions: 0->0
[167.352s][info][gc,heap        ] GC(390) Humongous regions: 672->672
[167.352s][info][gc,metaspace   ] GC(390) Metaspace: 122290K(126848K)->122290K(126848K) NonClass: 105691K(106368K)->105691K(106368K) Class: 16599K(20480K)->16599K(20480K)
[167.352s][info][gc             ] GC(390) Pause Young (Concurrent Start) (G1 Evacuation Pause) 3836M->1399M(4096M) 3.932ms
[167.352s][info][gc             ] GC(391) Concurrent Mark Cycle
[167.352s][info][gc,marking     ] GC(391) Concurrent Scan Root Regions
[167.352s][info][gc,cpu         ] GC(390) User=0.00s Sys=0.00s Real=0.00s
[167.376s][info][gc,marking     ] GC(391) Concurrent Scan Root Regions 23.323ms
[167.376s][info][gc,marking     ] GC(391) Concurrent Mark
[167.376s][info][gc,marking     ] GC(391) Concurrent Mark From Roots
[167.376s][info][gc,task        ] GC(391) Using 8 workers of 8 for marking
[167.465s][info][gc,marking     ] GC(391) Concurrent Mark From Roots 88.798ms
[167.465s][info][gc,marking     ] GC(391) Concurrent Preclean
[167.468s][info][gc,marking     ] GC(391) Concurrent Preclean 2.983ms
[167.469s][info][gc,start       ] GC(391) Pause Remark
[167.473s][info][gc             ] GC(391) Pause Remark 3099M->3099M(4096M) 3.344ms
[167.473s][info][gc,cpu         ] GC(391) User=0.00s Sys=0.00s Real=0.00s
[167.473s][info][gc,marking     ] GC(391) Concurrent Mark 96.835ms
[167.473s][info][gc,marking     ] GC(391) Concurrent Rebuild Remembered Sets and Scrub Regions
[167.496s][info][gc,marking     ] GC(391) Concurrent Rebuild Remembered Sets and Scrub Regions 22.451ms
[167.497s][info][gc,start       ] GC(391) Pause Cleanup
[167.497s][info][gc             ] GC(391) Pause Cleanup 3441M->3441M(4096M) 0.326ms
[167.497s][info][gc,cpu         ] GC(391) User=0.00s Sys=0.00s Real=0.00s
[167.498s][info][gc,marking     ] GC(391) Concurrent Clear Claimed Marks
[167.499s][info][gc,marking     ] GC(391) Concurrent Clear Claimed Marks 1.677ms
[167.499s][info][gc,marking     ] GC(391) Concurrent Cleanup for Next Mark
[167.519s][info][gc,marking     ] GC(391) Concurrent Cleanup for Next Mark 19.268ms
[167.519s][info][gc             ] GC(391) Concurrent Mark Cycle 167.073ms
[167.528s][info][gc,start       ] GC(392) Pause Young (Prepare Mixed) (G1 Evacuation Pause)
[167.529s][info][gc,task        ] GC(392) Using 33 workers of 33 for evacuation
[167.532s][info][gc,phases      ] GC(392)   Pre Evacuate Collection Set: 0.3ms
[167.532s][info][gc,phases      ] GC(392)   Merge Heap Roots: 1.0ms
[167.532s][info][gc,phases      ] GC(392)   Evacuate Collection Set: 1.2ms
[167.532s][info][gc,phases      ] GC(392)   Post Evacuate Collection Set: 0.9ms
[167.532s][info][gc,phases      ] GC(392)   Other: 0.2ms
[167.532s][info][gc,heap        ] GC(392) Eden regions: 1218->0(1218)
[167.532s][info][gc,heap        ] GC(392) Survivor regions: 4->4(107)
[167.532s][info][gc,heap        ] GC(392) Old regions: 47->47
[167.532s][info][gc,heap        ] GC(392) Archive regions: 0->0
[167.532s][info][gc,heap        ] GC(392) Humongous regions: 672->672
[167.532s][info][gc,metaspace   ] GC(392) Metaspace: 122290K(126848K)->122290K(126848K) NonClass: 105691K(106368K)->105691K(106368K) Class: 16599K(20480K)->16599K(20480K)
[167.532s][info][gc             ] GC(392) Pause Young (Prepare Mixed) (G1 Evacuation Pause) 3835M->1399M(4096M) 3.736ms
[167.532s][info][gc,cpu         ] GC(392) User=0.00s Sys=0.00s Real=0.00s
[167.701s][info][gc,start       ] GC(393) Pause Young (Mixed) (G1 Evacuation Pause)
[167.701s][info][gc,task        ] GC(393) Using 33 workers of 33 for evacuation
[167.704s][info][gc,phases      ] GC(393)   Pre Evacuate Collection Set: 0.3ms
[167.704s][info][gc,phases      ] GC(393)   Merge Heap Roots: 0.4ms
[167.704s][info][gc,phases      ] GC(393)   Evacuate Collection Set: 1.4ms
[167.704s][info][gc,phases      ] GC(393)   Post Evacuate Collection Set: 0.9ms
[167.704s][info][gc,phases      ] GC(393)   Other: 0.2ms
[167.704s][info][gc,heap        ] GC(393) Eden regions: 1218->0(1222)
[167.704s][info][gc,heap        ] GC(393) Survivor regions: 4->4(107)
[167.704s][info][gc,heap        ] GC(393) Old regions: 47->43
[167.704s][info][gc,heap        ] GC(393) Archive regions: 0->0
[167.704s][info][gc,heap        ] GC(393) Humongous regions: 672->672
[167.704s][info][gc,metaspace   ] GC(393) Metaspace: 122290K(126848K)->122290K(126848K) NonClass: 105691K(106368K)->105691K(106368K) Class: 16599K(20480K)->16599K(20480K)
[167.704s][info][gc             ] GC(393) Pause Young (Mixed) (G1 Evacuation Pause) 3835M->1399M(4096M) 3.403ms
[167.704s][info][gc,cpu         ] GC(393) User=0.00s Sys=0.00s Real=0.00s
[167.874s][info][gc,start       ] GC(394) Pause Young (Concurrent Start) (G1 Evacuation Pause)
[167.874s][info][gc,task        ] GC(394) Using 33 workers of 33 for evacuation
[167.878s][info][gc,phases      ] GC(394)   Pre Evacuate Collection Set: 0.5ms
[167.878s][info][gc,phases      ] GC(394)   Merge Heap Roots: 0.4ms
[167.878s][info][gc,phases      ] GC(394)   Evacuate Collection Set: 1.9ms
[167.878s][info][gc,phases      ] GC(394)   Post Evacuate Collection Set: 0.9ms
[167.878s][info][gc,phases      ] GC(394)   Other: 0.1ms
[167.878s][info][gc,heap        ] GC(394) Eden regions: 1222->0(1222)
[167.878s][info][gc,heap        ] GC(394) Survivor regions: 4->4(107)
[167.878s][info][gc,heap        ] GC(394) Old regions: 43->43
[167.878s][info][gc,heap        ] GC(394) Archive regions: 0->0
[167.878s][info][gc,heap        ] GC(394) Humongous regions: 672->672
[167.878s][info][gc,metaspace   ] GC(394) Metaspace: 122290K(126848K)->122290K(126848K) NonClass: 105691K(106368K)->105691K(106368K) Class: 16599K(20480K)->16599K(20480K)
[167.878s][info][gc             ] GC(394) Pause Young (Concurrent Start) (G1 Evacuation Pause) 3843M->1399M(4096M) 4.070ms
[167.878s][info][gc             ] GC(395) Concurrent Mark Cycle
[167.878s][info][gc,marking     ] GC(395) Concurrent Scan Root Regions
[167.878s][info][gc,cpu         ] GC(394) User=0.00s Sys=0.00s Real=0.00s
[167.898s][info][gc,marking     ] GC(395) Concurrent Scan Root Regions 20.453ms
[167.899s][info][gc,marking     ] GC(395) Concurrent Mark
[167.899s][info][gc,marking     ] GC(395) Concurrent Mark From Roots
[167.899s][info][gc,task        ] GC(395) Using 8 workers of 8 for marking
[167.945s][info][gc,marking     ] GC(395) Concurrent Mark From Roots 45.655ms
[167.945s][info][gc,marking     ] GC(395) Concurrent Preclean
[167.947s][info][gc,marking     ] GC(395) Concurrent Preclean 2.279ms
[167.947s][info][gc,start       ] GC(395) Pause Remark
[167.951s][info][gc             ] GC(395) Pause Remark 2353M->2353M(4096M) 3.140ms
[167.951s][info][gc,cpu         ] GC(395) User=0.00s Sys=0.00s Real=0.00s
[167.951s][info][gc,marking     ] GC(395) Concurrent Mark 51.948ms
[167.951s][info][gc,marking     ] GC(395) Concurrent Rebuild Remembered Sets and Scrub Regions
[167.967s][info][gc,marking     ] GC(395) Concurrent Rebuild Remembered Sets and Scrub Regions 16.499ms
[167.968s][info][gc,start       ] GC(395) Pause Cleanup
[167.968s][info][gc             ] GC(395) Pause Cleanup 2561M->2561M(4096M) 0.325ms
[167.968s][info][gc,cpu         ] GC(395) User=0.00s Sys=0.00s Real=0.00s
[167.968s][info][gc,marking     ] GC(395) Concurrent Clear Claimed Marks
[167.968s][info][gc,marking     ] GC(395) Concurrent Clear Claimed Marks 0.304ms
[167.968s][info][gc,marking     ] GC(395) Concurrent Cleanup for Next Mark
[167.976s][info][gc,marking     ] GC(395) Concurrent Cleanup for Next Mark 7.172ms
[167.976s][info][gc             ] GC(395) Concurrent Mark Cycle 97.799ms
[168.543s][info][gc,start       ] GC(396) Pause Full (System.gc())
[168.543s][info][gc,task        ] GC(396) Using 33 workers of 33 for full compaction
[168.545s][info][gc,phases,start] GC(396) Phase 1: Mark live objects
[168.591s][info][gc,phases      ] GC(396) Phase 1: Mark live objects 45.498ms
[168.591s][info][gc,phases,start] GC(396) Phase 2: Prepare compaction
[168.595s][info][gc,phases      ] GC(396) Phase 2: Prepare compaction 4.219ms
[168.595s][info][gc,phases,start] GC(396) Phase 3: Adjust pointers
[168.613s][info][gc,phases      ] GC(396) Phase 3: Adjust pointers 17.524ms
[168.613s][info][gc,phases,start] GC(396) Phase 4: Compact heap
[168.615s][info][gc,phases      ] GC(396) Phase 4: Compact heap 1.963ms
[168.633s][info][gc,heap        ] GC(396) Eden regions: 652->0(1225)
[168.633s][info][gc,heap        ] GC(396) Survivor regions: 4->0(107)
[168.633s][info][gc,heap        ] GC(396) Old regions: 43->48
[168.633s][info][gc,heap        ] GC(396) Archive regions: 0->0
[168.633s][info][gc,heap        ] GC(396) Humongous regions: 675->672
[168.633s][info][gc,metaspace   ] GC(396) Metaspace: 122291K(126848K)->122291K(126848K) NonClass: 105692K(106368K)->105692K(106368K) Class: 16599K(20480K)->16599K(20480K)
[168.633s][info][gc             ] GC(396) Pause Full (System.gc()) 2708M->1392M(4096M) 90.020ms
[168.633s][info][gc,cpu         ] GC(396) User=1.58s Sys=0.02s Real=0.09s
[168.698s][info][gc,start       ] GC(397) Pause Young (Concurrent Start) (G1 Humongous Allocation)
[168.698s][info][gc,task        ] GC(397) Using 33 workers of 33 for evacuation
[168.702s][info][gc,phases      ] GC(397)   Pre Evacuate Collection Set: 0.6ms
[168.702s][info][gc,phases      ] GC(397)   Merge Heap Roots: 0.1ms
[168.702s][info][gc,phases      ] GC(397)   Evacuate Collection Set: 2.1ms
[168.702s][info][gc,phases      ] GC(397)   Post Evacuate Collection Set: 1.0ms
[168.702s][info][gc,phases      ] GC(397)   Other: 0.1ms
[168.702s][info][gc,heap        ] GC(397) Eden regions: 6->0(1223)
[168.702s][info][gc,heap        ] GC(397) Survivor regions: 0->1(154)
[168.702s][info][gc,heap        ] GC(397) Old regions: 48->48
[168.702s][info][gc,heap        ] GC(397) Archive regions: 0->0
[168.702s][info][gc,heap        ] GC(397) Humongous regions: 672->672
[168.702s][info][gc,metaspace   ] GC(397) Metaspace: 122364K(126912K)->122364K(126912K) NonClass: 105765K(106432K)->105765K(106432K) Class: 16599K(20480K)->16599K(20480K)
[168.702s][info][gc             ] GC(397) Pause Young (Concurrent Start) (G1 Humongous Allocation) 1403M->1393M(4096M) 4.412ms
[168.703s][info][gc             ] GC(398) Concurrent Mark Cycle
[168.703s][info][gc,cpu         ] GC(397) User=0.00s Sys=0.00s Real=0.00s
[168.703s][info][gc,marking     ] GC(398) Concurrent Scan Root Regions
[168.707s][info][gc,marking     ] GC(398) Concurrent Scan Root Regions 3.948ms
[168.707s][info][gc,marking     ] GC(398) Concurrent Mark
[168.707s][info][gc,marking     ] GC(398) Concurrent Mark From Roots
[168.707s][info][gc,task        ] GC(398) Using 8 workers of 8 for marking
[168.743s][info][gc,marking     ] GC(398) Concurrent Mark From Roots 36.214ms
[168.743s][info][gc,marking     ] GC(398) Concurrent Preclean
[168.747s][info][gc,marking     ] GC(398) Concurrent Preclean 3.757ms
[168.748s][info][gc,start       ] GC(398) Pause Remark
[168.752s][info][gc             ] GC(398) Pause Remark 1719M->1719M(4096M) 3.664ms
[168.752s][info][gc,cpu         ] GC(398) User=0.00s Sys=0.00s Real=0.00s
[168.752s][info][gc,marking     ] GC(398) Concurrent Mark 45.085ms
[168.752s][info][gc,marking     ] GC(398) Concurrent Rebuild Remembered Sets and Scrub Regions
[168.776s][info][gc,marking     ] GC(398) Concurrent Rebuild Remembered Sets and Scrub Regions 23.631ms
[168.777s][info][gc,start       ] GC(398) Pause Cleanup
[168.777s][info][gc             ] GC(398) Pause Cleanup 2073M->2073M(4096M) 0.463ms
[168.777s][info][gc,cpu         ] GC(398) User=0.00s Sys=0.00s Real=0.00s
[168.777s][info][gc,marking     ] GC(398) Concurrent Clear Claimed Marks
[168.779s][info][gc,marking     ] GC(398) Concurrent Clear Claimed Marks 1.644ms
[168.779s][info][gc,marking     ] GC(398) Concurrent Cleanup for Next Mark
[168.796s][info][gc,marking     ] GC(398) Concurrent Cleanup for Next Mark 16.849ms
[168.797s][info][gc             ] GC(398) Concurrent Mark Cycle 94.115ms
[168.906s][info][gc,start       ] GC(399) Pause Young (Prepare Mixed) (G1 Evacuation Pause)
[168.906s][info][gc,task        ] GC(399) Using 33 workers of 33 for evacuation
[168.910s][info][gc,phases      ] GC(399)   Pre Evacuate Collection Set: 0.4ms
[168.910s][info][gc,phases      ] GC(399)   Merge Heap Roots: 1.0ms
[168.910s][info][gc,phases      ] GC(399)   Evacuate Collection Set: 1.3ms
[168.910s][info][gc,phases      ] GC(399)   Post Evacuate Collection Set: 1.0ms
[168.910s][info][gc,phases      ] GC(399)   Other: 0.1ms
[168.910s][info][gc,heap        ] GC(399) Eden regions: 1223->0(1218)
[168.910s][info][gc,heap        ] GC(399) Survivor regions: 1->4(102)
[168.910s][info][gc,heap        ] GC(399) Old regions: 47->47
[168.910s][info][gc,heap        ] GC(399) Archive regions: 0->0
[168.910s][info][gc,heap        ] GC(399) Humongous regions: 675->672
[168.910s][info][gc,metaspace   ] GC(399) Metaspace: 122364K(126912K)->122364K(126912K) NonClass: 105765K(106432K)->105765K(106432K) Class: 16599K(20480K)->16599K(20480K)
[168.910s][info][gc             ] GC(399) Pause Young (Prepare Mixed) (G1 Evacuation Pause) 3845M->1399M(4096M) 4.093ms
[168.910s][info][gc,cpu         ] GC(399) User=0.00s Sys=0.00s Real=0.00s
[169.079s][info][gc,start       ] GC(400) Pause Young (Mixed) (G1 Evacuation Pause)
[169.079s][info][gc,task        ] GC(400) Using 33 workers of 33 for evacuation
[169.083s][info][gc,phases      ] GC(400)   Pre Evacuate Collection Set: 0.3ms
[169.083s][info][gc,phases      ] GC(400)   Merge Heap Roots: 0.4ms
[169.083s][info][gc,phases      ] GC(400)   Evacuate Collection Set: 1.4ms
[169.083s][info][gc,phases      ] GC(400)   Post Evacuate Collection Set: 0.9ms
[169.083s][info][gc,phases      ] GC(400)   Other: 0.2ms
[169.083s][info][gc,heap        ] GC(400) Eden regions: 1218->0(1221)
[169.083s][info][gc,heap        ] GC(400) Survivor regions: 4->4(107)
[169.083s][info][gc,heap        ] GC(400) Old regions: 47->44
[169.083s][info][gc,heap        ] GC(400) Archive regions: 0->0
[169.083s][info][gc,heap        ] GC(400) Humongous regions: 672->672
[169.083s][info][gc,metaspace   ] GC(400) Metaspace: 122364K(126912K)->122364K(126912K) NonClass: 105765K(106432K)->105765K(106432K) Class: 16599K(20480K)->16599K(20480K)
[169.083s][info][gc             ] GC(400) Pause Young (Mixed) (G1 Evacuation Pause) 3835M->1399M(4096M) 3.394ms
[169.083s][info][gc,cpu         ] GC(400) User=0.00s Sys=0.00s Real=0.00s
[169.252s][info][gc,start       ] GC(401) Pause Young (Concurrent Start) (G1 Evacuation Pause)
[169.252s][info][gc,task        ] GC(401) Using 33 workers of 33 for evacuation
[169.255s][info][gc,phases      ] GC(401)   Pre Evacuate Collection Set: 0.5ms
[169.255s][info][gc,phases      ] GC(401)   Merge Heap Roots: 0.4ms
[169.255s][info][gc,phases      ] GC(401)   Evacuate Collection Set: 1.8ms
[169.256s][info][gc,phases      ] GC(401)   Post Evacuate Collection Set: 0.9ms
[169.256s][info][gc,phases      ] GC(401)   Other: 0.1ms
[169.256s][info][gc,heap        ] GC(401) Eden regions: 1221->0(1221)
[169.256s][info][gc,heap        ] GC(401) Survivor regions: 4->4(107)
[169.256s][info][gc,heap        ] GC(401) Old regions: 44->44
[169.256s][info][gc,heap        ] GC(401) Archive regions: 0->0
[169.256s][info][gc,heap        ] GC(401) Humongous regions: 672->672
[169.256s][info][gc,metaspace   ] GC(401) Metaspace: 122364K(126912K)->122364K(126912K) NonClass: 105765K(106432K)->105765K(106432K) Class: 16599K(20480K)->16599K(20480K)
[169.256s][info][gc             ] GC(401) Pause Young (Concurrent Start) (G1 Evacuation Pause) 3841M->1399M(4096M) 4.022ms
[169.256s][info][gc             ] GC(402) Concurrent Mark Cycle
[169.256s][info][gc,marking     ] GC(402) Concurrent Scan Root Regions
[169.256s][info][gc,cpu         ] GC(401) User=0.00s Sys=0.00s Real=0.00s
[169.280s][info][gc,marking     ] GC(402) Concurrent Scan Root Regions 23.860ms
[169.280s][info][gc,marking     ] GC(402) Concurrent Mark
[169.280s][info][gc,marking     ] GC(402) Concurrent Mark From Roots
[169.280s][info][gc,task        ] GC(402) Using 8 workers of 8 for marking
[169.350s][info][gc,marking     ] GC(402) Concurrent Mark From Roots 70.139ms
[169.351s][info][gc,marking     ] GC(402) Concurrent Preclean
[169.354s][info][gc,marking     ] GC(402) Concurrent Preclean 3.627ms
[169.355s][info][gc,start       ] GC(402) Pause Remark
[169.359s][info][gc             ] GC(402) Pause Remark 2841M->2841M(4096M) 3.312ms
[169.359s][info][gc,cpu         ] GC(402) User=0.52s Sys=0.00s Real=0.02s
[169.359s][info][gc,marking     ] GC(402) Concurrent Mark 78.801ms
[169.359s][info][gc,marking     ] GC(402) Concurrent Rebuild Remembered Sets and Scrub Regions
[169.382s][info][gc,marking     ] GC(402) Concurrent Rebuild Remembered Sets and Scrub Regions 22.413ms
[169.383s][info][gc,start       ] GC(402) Pause Cleanup
[169.383s][info][gc             ] GC(402) Pause Cleanup 3185M->3185M(4096M) 0.310ms
[169.383s][info][gc,cpu         ] GC(402) User=0.00s Sys=0.00s Real=0.00s
[169.383s][info][gc,marking     ] GC(402) Concurrent Clear Claimed Marks
[169.385s][info][gc,marking     ] GC(402) Concurrent Clear Claimed Marks 1.679ms
[169.385s][info][gc,marking     ] GC(402) Concurrent Cleanup for Next Mark
[169.405s][info][gc,marking     ] GC(402) Concurrent Cleanup for Next Mark 19.275ms
[169.405s][info][gc             ] GC(402) Concurrent Mark Cycle 149.523ms
[169.433s][info][gc,start       ] GC(403) Pause Young (Prepare Mixed) (G1 Evacuation Pause)
[169.433s][info][gc,task        ] GC(403) Using 33 workers of 33 for evacuation
[169.436s][info][gc,phases      ] GC(403)   Pre Evacuate Collection Set: 0.3ms
[169.437s][info][gc,phases      ] GC(403)   Merge Heap Roots: 0.9ms
[169.437s][info][gc,phases      ] GC(403)   Evacuate Collection Set: 1.2ms
[169.437s][info][gc,phases      ] GC(403)   Post Evacuate Collection Set: 0.9ms
[169.437s][info][gc,phases      ] GC(403)   Other: 0.2ms
[169.437s][info][gc,heap        ] GC(403) Eden regions: 1221->0(1221)
[169.437s][info][gc,heap        ] GC(403) Survivor regions: 4->4(107)
[169.437s][info][gc,heap        ] GC(403) Old regions: 44->44
[169.437s][info][gc,heap        ] GC(403) Archive regions: 0->0
[169.437s][info][gc,heap        ] GC(403) Humongous regions: 672->672
[169.437s][info][gc,metaspace   ] GC(403) Metaspace: 122364K(126912K)->122364K(126912K) NonClass: 105765K(106432K)->105765K(106432K) Class: 16599K(20480K)->16599K(20480K)
[169.437s][info][gc             ] GC(403) Pause Young (Prepare Mixed) (G1 Evacuation Pause) 3841M->1400M(4096M) 3.685ms
[169.437s][info][gc,cpu         ] GC(403) User=0.52s Sys=0.00s Real=0.01s
[169.605s][info][gc,start       ] GC(404) Pause Young (Mixed) (G1 Evacuation Pause)
[169.605s][info][gc,task        ] GC(404) Using 33 workers of 33 for evacuation
[169.608s][info][gc,phases      ] GC(404)   Pre Evacuate Collection Set: 0.3ms
[169.608s][info][gc,phases      ] GC(404)   Merge Heap Roots: 0.4ms
[169.608s][info][gc,phases      ] GC(404)   Evacuate Collection Set: 1.4ms
[169.608s][info][gc,phases      ] GC(404)   Post Evacuate Collection Set: 0.9ms
[169.608s][info][gc,phases      ] GC(404)   Other: 0.2ms
[169.608s][info][gc,heap        ] GC(404) Eden regions: 1221->0(1224)
[169.608s][info][gc,heap        ] GC(404) Survivor regions: 4->4(107)
[169.608s][info][gc,heap        ] GC(404) Old regions: 44->40
[169.608s][info][gc,heap        ] GC(404) Archive regions: 0->0
[169.608s][info][gc,heap        ] GC(404) Humongous regions: 672->672
[169.608s][info][gc,metaspace   ] GC(404) Metaspace: 122364K(126912K)->122364K(126912K) NonClass: 105765K(106432K)->105765K(106432K) Class: 16599K(20480K)->16599K(20480K)
[169.608s][info][gc             ] GC(404) Pause Young (Mixed) (G1 Evacuation Pause) 3842M->1400M(4096M) 3.463ms
[169.608s][info][gc,cpu         ] GC(404) User=0.00s Sys=0.00s Real=0.00s
[169.777s][info][gc,start       ] GC(405) Pause Young (Concurrent Start) (G1 Evacuation Pause)
[169.777s][info][gc,task        ] GC(405) Using 33 workers of 33 for evacuation
[169.781s][info][gc,phases      ] GC(405)   Pre Evacuate Collection Set: 0.5ms
[169.781s][info][gc,phases      ] GC(405)   Merge Heap Roots: 0.4ms
[169.781s][info][gc,phases      ] GC(405)   Evacuate Collection Set: 1.8ms
[169.781s][info][gc,phases      ] GC(405)   Post Evacuate Collection Set: 0.9ms
[169.781s][info][gc,phases      ] GC(405)   Other: 0.1ms
[169.781s][info][gc,heap        ] GC(405) Eden regions: 1224->0(1224)
[169.781s][info][gc,heap        ] GC(405) Survivor regions: 4->4(108)
[169.781s][info][gc,heap        ] GC(405) Old regions: 40->40
[169.781s][info][gc,heap        ] GC(405) Archive regions: 0->0
[169.781s][info][gc,heap        ] GC(405) Humongous regions: 672->672
[169.781s][info][gc,metaspace   ] GC(405) Metaspace: 122364K(126912K)->122364K(126912K) NonClass: 105765K(106432K)->105765K(106432K) Class: 16599K(20480K)->16599K(20480K)
[169.781s][info][gc             ] GC(405) Pause Young (Concurrent Start) (G1 Evacuation Pause) 3848M->1400M(4096M) 3.976ms
[169.781s][info][gc             ] GC(406) Concurrent Mark Cycle
[169.781s][info][gc,marking     ] GC(406) Concurrent Scan Root Regions
[169.781s][info][gc,cpu         ] GC(405) User=0.00s Sys=0.00s Real=0.00s
[169.801s][info][gc,marking     ] GC(406) Concurrent Scan Root Regions 19.248ms
[169.801s][info][gc,marking     ] GC(406) Concurrent Mark
[169.801s][info][gc,marking     ] GC(406) Concurrent Mark From Roots
[169.801s][info][gc,task        ] GC(406) Using 8 workers of 8 for marking
[169.848s][info][gc,marking     ] GC(406) Concurrent Mark From Roots 47.554ms
[169.849s][info][gc,marking     ] GC(406) Concurrent Preclean
[169.850s][info][gc,marking     ] GC(406) Concurrent Preclean 1.540ms
[169.850s][info][gc,start       ] GC(406) Pause Remark
[169.853s][info][gc             ] GC(406) Pause Remark 2358M->2358M(4096M) 3.042ms
[169.853s][info][gc,cpu         ] GC(406) User=0.00s Sys=0.00s Real=0.00s
[169.854s][info][gc,marking     ] GC(406) Concurrent Mark 52.794ms
[169.854s][info][gc,marking     ] GC(406) Concurrent Rebuild Remembered Sets and Scrub Regions
[169.863s][info][gc,marking     ] GC(406) Concurrent Rebuild Remembered Sets and Scrub Regions 9.075ms
[169.863s][info][gc,start       ] GC(406) Pause Cleanup
[169.863s][info][gc             ] GC(406) Pause Cleanup 2469M->2469M(4096M) 0.319ms
[169.863s][info][gc,cpu         ] GC(406) User=0.00s Sys=0.00s Real=0.00s
[169.863s][info][gc,marking     ] GC(406) Concurrent Clear Claimed Marks
[169.864s][info][gc,marking     ] GC(406) Concurrent Clear Claimed Marks 0.170ms
[169.864s][info][gc,marking     ] GC(406) Concurrent Cleanup for Next Mark
[169.870s][info][gc,marking     ] GC(406) Concurrent Cleanup for Next Mark 6.093ms
[169.870s][info][gc             ] GC(406) Concurrent Mark Cycle 88.647ms
[170.472s][info][gc,start       ] GC(407) Pause Full (System.gc())
[170.472s][info][gc,task        ] GC(407) Using 33 workers of 33 for full compaction
[170.474s][info][gc,phases,start] GC(407) Phase 1: Mark live objects
[170.518s][info][gc,phases      ] GC(407) Phase 1: Mark live objects 44.556ms
[170.518s][info][gc,phases,start] GC(407) Phase 2: Prepare compaction
[170.523s][info][gc,phases      ] GC(407) Phase 2: Prepare compaction 4.956ms
[170.523s][info][gc,phases,start] GC(407) Phase 3: Adjust pointers
[170.534s][info][gc,phases      ] GC(407) Phase 3: Adjust pointers 11.038ms
[170.534s][info][gc,phases,start] GC(407) Phase 4: Compact heap
[170.536s][info][gc,phases      ] GC(407) Phase 4: Compact heap 1.636ms
[170.553s][info][gc,heap        ] GC(407) Eden regions: 637->0(1226)
[170.553s][info][gc,heap        ] GC(407) Survivor regions: 4->0(108)
[170.553s][info][gc,heap        ] GC(407) Old regions: 40->47
[170.553s][info][gc,heap        ] GC(407) Archive regions: 0->0
[170.553s][info][gc,heap        ] GC(407) Humongous regions: 675->672
[170.553s][info][gc,metaspace   ] GC(407) Metaspace: 122364K(126912K)->122364K(126912K) NonClass: 105765K(106432K)->105765K(106432K) Class: 16599K(20480K)->16599K(20480K)
[170.553s][info][gc             ] GC(407) Pause Full (System.gc()) 2678M->1392M(4096M) 81.436ms
[170.553s][info][gc,cpu         ] GC(407) User=1.66s Sys=0.03s Real=0.09s
[170.604s][info][gc,start       ] GC(408) Pause Young (Concurrent Start) (G1 Humongous Allocation)
[170.604s][info][gc,task        ] GC(408) Using 33 workers of 33 for evacuation
[170.608s][info][gc,phases      ] GC(408)   Pre Evacuate Collection Set: 0.6ms
[170.608s][info][gc,phases      ] GC(408)   Merge Heap Roots: 0.1ms
[170.608s][info][gc,phases      ] GC(408)   Evacuate Collection Set: 2.2ms
[170.608s][info][gc,phases      ] GC(408)   Post Evacuate Collection Set: 0.9ms
[170.608s][info][gc,phases      ] GC(408)   Other: 0.2ms
[170.608s][info][gc,heap        ] GC(408) Eden regions: 5->0(1224)
[170.608s][info][gc,heap        ] GC(408) Survivor regions: 0->1(154)
[170.608s][info][gc,heap        ] GC(408) Old regions: 47->47
[170.608s][info][gc,heap        ] GC(408) Archive regions: 0->0
[170.608s][info][gc,heap        ] GC(408) Humongous regions: 672->672
[170.608s][info][gc,metaspace   ] GC(408) Metaspace: 122419K(126976K)->122419K(126976K) NonClass: 105819K(106496K)->105819K(106496K) Class: 16599K(20480K)->16599K(20480K)
[170.609s][info][gc             ] GC(408) Pause Young (Concurrent Start) (G1 Humongous Allocation) 1402M->1393M(4096M) 4.409ms
[170.609s][info][gc             ] GC(409) Concurrent Mark Cycle
[170.609s][info][gc,cpu         ] GC(408) User=0.00s Sys=0.00s Real=0.00s
[170.609s][info][gc,marking     ] GC(409) Concurrent Scan Root Regions
[170.613s][info][gc,marking     ] GC(409) Concurrent Scan Root Regions 3.898ms
[170.613s][info][gc,marking     ] GC(409) Concurrent Mark
[170.613s][info][gc,marking     ] GC(409) Concurrent Mark From Roots
[170.613s][info][gc,task        ] GC(409) Using 8 workers of 8 for marking
[170.646s][info][gc,marking     ] GC(409) Concurrent Mark From Roots 33.093ms
[170.646s][info][gc,marking     ] GC(409) Concurrent Preclean
[170.649s][info][gc,marking     ] GC(409) Concurrent Preclean 3.155ms
[170.650s][info][gc,start       ] GC(409) Pause Remark
[170.654s][info][gc             ] GC(409) Pause Remark 1721M->1721M(4096M) 3.753ms
[170.654s][info][gc,cpu         ] GC(409) User=0.09s Sys=0.03s Real=0.02s
[170.654s][info][gc,marking     ] GC(409) Concurrent Mark 41.352ms
[170.654s][info][gc,marking     ] GC(409) Concurrent Rebuild Remembered Sets and Scrub Regions
[170.675s][info][gc,marking     ] GC(409) Concurrent Rebuild Remembered Sets and Scrub Regions 20.547ms
[170.675s][info][gc,start       ] GC(409) Pause Cleanup
[170.676s][info][gc             ] GC(409) Pause Cleanup 2019M->2019M(4096M) 0.452ms
[170.676s][info][gc,cpu         ] GC(409) User=0.00s Sys=0.00s Real=0.00s
[170.676s][info][gc,marking     ] GC(409) Concurrent Clear Claimed Marks
[170.677s][info][gc,marking     ] GC(409) Concurrent Clear Claimed Marks 0.938ms
[170.677s][info][gc,marking     ] GC(409) Concurrent Cleanup for Next Mark
[170.694s][info][gc,marking     ] GC(409) Concurrent Cleanup for Next Mark 16.181ms
[170.694s][info][gc             ] GC(409) Concurrent Mark Cycle 85.504ms
[170.808s][info][gc,start       ] GC(410) Pause Young (Prepare Mixed) (G1 Evacuation Pause)
[170.808s][info][gc,task        ] GC(410) Using 33 workers of 33 for evacuation
[170.812s][info][gc,phases      ] GC(410)   Pre Evacuate Collection Set: 0.4ms
[170.812s][info][gc,phases      ] GC(410)   Merge Heap Roots: 1.0ms
[170.812s][info][gc,phases      ] GC(410)   Evacuate Collection Set: 1.3ms
[170.812s][info][gc,phases      ] GC(410)   Post Evacuate Collection Set: 1.0ms
[170.812s][info][gc,phases      ] GC(410)   Other: 0.2ms
[170.812s][info][gc,heap        ] GC(410) Eden regions: 1224->0(1218)
[170.812s][info][gc,heap        ] GC(410) Survivor regions: 1->4(101)
[170.812s][info][gc,heap        ] GC(410) Old regions: 47->47
[170.812s][info][gc,heap        ] GC(410) Archive regions: 0->0
[170.812s][info][gc,heap        ] GC(410) Humongous regions: 675->672
[170.812s][info][gc,metaspace   ] GC(410) Metaspace: 122426K(126976K)->122426K(126976K) NonClass: 105827K(106496K)->105827K(106496K) Class: 16599K(20480K)->16599K(20480K)
[170.812s][info][gc             ] GC(410) Pause Young (Prepare Mixed) (G1 Evacuation Pause) 3847M->1399M(4096M) 4.111ms
[170.812s][info][gc,cpu         ] GC(410) User=0.05s Sys=0.03s Real=0.02s
[170.981s][info][gc,start       ] GC(411) Pause Young (Mixed) (G1 Evacuation Pause)
[170.981s][info][gc,task        ] GC(411) Using 33 workers of 33 for evacuation
[170.984s][info][gc,phases      ] GC(411)   Pre Evacuate Collection Set: 0.3ms
[170.984s][info][gc,phases      ] GC(411)   Merge Heap Roots: 0.4ms
[170.984s][info][gc,phases      ] GC(411)   Evacuate Collection Set: 1.5ms
[170.984s][info][gc,phases      ] GC(411)   Post Evacuate Collection Set: 1.0ms
[170.984s][info][gc,phases      ] GC(411)   Other: 0.2ms
[170.984s][info][gc,heap        ] GC(411) Eden regions: 1218->0(1221)
[170.984s][info][gc,heap        ] GC(411) Survivor regions: 4->4(107)
[170.984s][info][gc,heap        ] GC(411) Old regions: 47->44
[170.984s][info][gc,heap        ] GC(411) Archive regions: 0->0
[170.984s][info][gc,heap        ] GC(411) Humongous regions: 672->672
[170.984s][info][gc,metaspace   ] GC(411) Metaspace: 122426K(126976K)->122426K(126976K) NonClass: 105827K(106496K)->105827K(106496K) Class: 16599K(20480K)->16599K(20480K)
[170.985s][info][gc             ] GC(411) Pause Young (Mixed) (G1 Evacuation Pause) 3835M->1399M(4096M) 3.556ms
[170.985s][info][gc,cpu         ] GC(411) User=0.52s Sys=0.00s Real=0.01s
[171.155s][info][gc,start       ] GC(412) Pause Young (Concurrent Start) (G1 Evacuation Pause)
[171.155s][info][gc,task        ] GC(412) Using 33 workers of 33 for evacuation
[171.159s][info][gc,phases      ] GC(412)   Pre Evacuate Collection Set: 0.5ms
[171.159s][info][gc,phases      ] GC(412)   Merge Heap Roots: 0.4ms
[171.159s][info][gc,phases      ] GC(412)   Evacuate Collection Set: 1.8ms
[171.159s][info][gc,phases      ] GC(412)   Post Evacuate Collection Set: 1.0ms
[171.159s][info][gc,phases      ] GC(412)   Other: 0.1ms
[171.159s][info][gc,heap        ] GC(412) Eden regions: 1221->0(1221)
[171.159s][info][gc,heap        ] GC(412) Survivor regions: 4->4(107)
[171.159s][info][gc,heap        ] GC(412) Old regions: 44->44
[171.159s][info][gc,heap        ] GC(412) Archive regions: 0->0
[171.159s][info][gc,heap        ] GC(412) Humongous regions: 672->672
[171.159s][info][gc,metaspace   ] GC(412) Metaspace: 122429K(126976K)->122429K(126976K) NonClass: 105830K(106496K)->105830K(106496K) Class: 16599K(20480K)->16599K(20480K)
[171.159s][info][gc             ] GC(412) Pause Young (Concurrent Start) (G1 Evacuation Pause) 3841M->1400M(4096M) 4.062ms
[171.159s][info][gc             ] GC(413) Concurrent Mark Cycle
[171.159s][info][gc,marking     ] GC(413) Concurrent Scan Root Regions
[171.159s][info][gc,cpu         ] GC(412) User=0.00s Sys=0.00s Real=0.00s
[171.183s][info][gc,marking     ] GC(413) Concurrent Scan Root Regions 23.580ms
[171.183s][info][gc,marking     ] GC(413) Concurrent Mark
[171.183s][info][gc,marking     ] GC(413) Concurrent Mark From Roots
[171.183s][info][gc,task        ] GC(413) Using 8 workers of 8 for marking
[171.245s][info][gc,marking     ] GC(413) Concurrent Mark From Roots 61.474ms
[171.245s][info][gc,marking     ] GC(413) Concurrent Preclean
[171.249s][info][gc,marking     ] GC(413) Concurrent Preclean 3.932ms
[171.250s][info][gc,start       ] GC(413) Pause Remark
[171.253s][info][gc             ] GC(413) Pause Remark 2714M->2714M(4096M) 3.347ms
[171.254s][info][gc,cpu         ] GC(413) User=0.00s Sys=0.00s Real=0.00s
[171.254s][info][gc,marking     ] GC(413) Concurrent Mark 70.640ms
[171.254s][info][gc,marking     ] GC(413) Concurrent Rebuild Remembered Sets and Scrub Regions
[171.277s][info][gc,marking     ] GC(413) Concurrent Rebuild Remembered Sets and Scrub Regions 22.682ms
[171.278s][info][gc,start       ] GC(413) Pause Cleanup
[171.278s][info][gc             ] GC(413) Pause Cleanup 3052M->3052M(4096M) 0.316ms
[171.278s][info][gc,cpu         ] GC(413) User=0.00s Sys=0.00s Real=0.00s
[171.278s][info][gc,marking     ] GC(413) Concurrent Clear Claimed Marks
[171.280s][info][gc,marking     ] GC(413) Concurrent Clear Claimed Marks 1.816ms
[171.280s][info][gc,marking     ] GC(413) Concurrent Cleanup for Next Mark
[171.299s][info][gc,marking     ] GC(413) Concurrent Cleanup for Next Mark 18.946ms
[171.300s][info][gc             ] GC(413) Concurrent Mark Cycle 140.960ms
[171.337s][info][gc,start       ] GC(414) Pause Young (Prepare Mixed) (G1 Evacuation Pause)
[171.337s][info][gc,task        ] GC(414) Using 33 workers of 33 for evacuation
[171.341s][info][gc,phases      ] GC(414)   Pre Evacuate Collection Set: 0.3ms
[171.341s][info][gc,phases      ] GC(414)   Merge Heap Roots: 0.9ms
[171.341s][info][gc,phases      ] GC(414)   Evacuate Collection Set: 1.2ms
[171.341s][info][gc,phases      ] GC(414)   Post Evacuate Collection Set: 0.9ms
[171.341s][info][gc,phases      ] GC(414)   Other: 0.2ms
[171.341s][info][gc,heap        ] GC(414) Eden regions: 1221->0(1221)
[171.341s][info][gc,heap        ] GC(414) Survivor regions: 4->4(107)
[171.341s][info][gc,heap        ] GC(414) Old regions: 44->44
[171.341s][info][gc,heap        ] GC(414) Archive regions: 0->0
[171.341s][info][gc,heap        ] GC(414) Humongous regions: 672->672
[171.341s][info][gc,metaspace   ] GC(414) Metaspace: 122429K(126976K)->122429K(126976K) NonClass: 105830K(106496K)->105830K(106496K) Class: 16599K(20480K)->16599K(20480K)
[171.341s][info][gc             ] GC(414) Pause Young (Prepare Mixed) (G1 Evacuation Pause) 3842M->1399M(4096M) 3.780ms
[171.341s][info][gc,cpu         ] GC(414) User=0.00s Sys=0.00s Real=0.00s
[171.510s][info][gc,start       ] GC(415) Pause Young (Mixed) (G1 Evacuation Pause)
[171.510s][info][gc,task        ] GC(415) Using 33 workers of 33 for evacuation
[171.514s][info][gc,phases      ] GC(415)   Pre Evacuate Collection Set: 0.3ms
[171.514s][info][gc,phases      ] GC(415)   Merge Heap Roots: 0.4ms
[171.514s][info][gc,phases      ] GC(415)   Evacuate Collection Set: 1.5ms
[171.514s][info][gc,phases      ] GC(415)   Post Evacuate Collection Set: 0.9ms
[171.514s][info][gc,phases      ] GC(415)   Other: 0.2ms
[171.514s][info][gc,heap        ] GC(415) Eden regions: 1221->0(1224)
[171.514s][info][gc,heap        ] GC(415) Survivor regions: 4->4(107)
[171.514s][info][gc,heap        ] GC(415) Old regions: 44->40
[171.514s][info][gc,heap        ] GC(415) Archive regions: 0->0
[171.514s][info][gc,heap        ] GC(415) Humongous regions: 672->672
[171.514s][info][gc,metaspace   ] GC(415) Metaspace: 122429K(126976K)->122429K(126976K) NonClass: 105830K(106496K)->105830K(106496K) Class: 16599K(20480K)->16599K(20480K)
[171.514s][info][gc             ] GC(415) Pause Young (Mixed) (G1 Evacuation Pause) 3841M->1400M(4096M) 3.541ms
[171.514s][info][gc,cpu         ] GC(415) User=0.11s Sys=0.00s Real=0.02s
[171.685s][info][gc,start       ] GC(416) Pause Young (Concurrent Start) (G1 Evacuation Pause)
[171.685s][info][gc,task        ] GC(416) Using 33 workers of 33 for evacuation
[171.689s][info][gc,phases      ] GC(416)   Pre Evacuate Collection Set: 0.5ms
[171.689s][info][gc,phases      ] GC(416)   Merge Heap Roots: 0.4ms
[171.689s][info][gc,phases      ] GC(416)   Evacuate Collection Set: 1.9ms
[171.689s][info][gc,phases      ] GC(416)   Post Evacuate Collection Set: 1.0ms
[171.689s][info][gc,phases      ] GC(416)   Other: 0.1ms
[171.689s][info][gc,heap        ] GC(416) Eden regions: 1224->0(1224)
[171.689s][info][gc,heap        ] GC(416) Survivor regions: 4->4(108)
[171.689s][info][gc,heap        ] GC(416) Old regions: 40->40
[171.689s][info][gc,heap        ] GC(416) Archive regions: 0->0
[171.689s][info][gc,heap        ] GC(416) Humongous regions: 672->672
[171.689s][info][gc,metaspace   ] GC(416) Metaspace: 122429K(126976K)->122429K(126976K) NonClass: 105830K(106496K)->105830K(106496K) Class: 16599K(20480K)->16599K(20480K)
[171.689s][info][gc             ] GC(416) Pause Young (Concurrent Start) (G1 Evacuation Pause) 3848M->1400M(4096M) 4.135ms
[171.689s][info][gc             ] GC(417) Concurrent Mark Cycle
[171.689s][info][gc,marking     ] GC(417) Concurrent Scan Root Regions
[171.689s][info][gc,cpu         ] GC(416) User=0.03s Sys=0.00s Real=0.01s
[171.709s][info][gc,marking     ] GC(417) Concurrent Scan Root Regions 20.117ms
[171.709s][info][gc,marking     ] GC(417) Concurrent Mark
[171.709s][info][gc,marking     ] GC(417) Concurrent Mark From Roots
[171.709s][info][gc,task        ] GC(417) Using 8 workers of 8 for marking
[171.758s][info][gc,marking     ] GC(417) Concurrent Mark From Roots 48.653ms
[171.758s][info][gc,marking     ] GC(417) Concurrent Preclean
[171.760s][info][gc,marking     ] GC(417) Concurrent Preclean 2.019ms
[171.761s][info][gc,start       ] GC(417) Pause Remark
[171.764s][info][gc             ] GC(417) Pause Remark 2344M->2344M(4096M) 3.150ms
[171.764s][info][gc,cpu         ] GC(417) User=0.00s Sys=0.00s Real=0.00s
[171.764s][info][gc,marking     ] GC(417) Concurrent Mark 54.563ms
[171.764s][info][gc,marking     ] GC(417) Concurrent Rebuild Remembered Sets and Scrub Regions
[171.777s][info][gc,marking     ] GC(417) Concurrent Rebuild Remembered Sets and Scrub Regions 13.121ms
[171.777s][info][gc,start       ] GC(417) Pause Cleanup
[171.778s][info][gc             ] GC(417) Pause Cleanup 2504M->2504M(4096M) 0.336ms
[171.778s][info][gc,cpu         ] GC(417) User=0.00s Sys=0.00s Real=0.00s
[171.778s][info][gc,marking     ] GC(417) Concurrent Clear Claimed Marks
[171.778s][info][gc,marking     ] GC(417) Concurrent Clear Claimed Marks 0.255ms
[171.778s][info][gc,marking     ] GC(417) Concurrent Cleanup for Next Mark
[171.785s][info][gc,marking     ] GC(417) Concurrent Cleanup for Next Mark 6.868ms
[171.785s][info][gc             ] GC(417) Concurrent Mark Cycle 96.177ms
[172.356s][info][gc,start       ] GC(418) Pause Full (System.gc())
[172.357s][info][gc,task        ] GC(418) Using 33 workers of 33 for full compaction
[172.358s][info][gc,phases,start] GC(418) Phase 1: Mark live objects
[172.400s][info][gc,phases      ] GC(418) Phase 1: Mark live objects 42.095ms
[172.401s][info][gc,phases,start] GC(418) Phase 2: Prepare compaction
[172.406s][info][gc,phases      ] GC(418) Phase 2: Prepare compaction 5.042ms
[172.406s][info][gc,phases,start] GC(418) Phase 3: Adjust pointers
[172.418s][info][gc,phases      ] GC(418) Phase 3: Adjust pointers 12.474ms
[172.418s][info][gc,phases,start] GC(418) Phase 4: Compact heap
[172.420s][info][gc,phases      ] GC(418) Phase 4: Compact heap 1.430ms
[172.436s][info][gc,heap        ] GC(418) Eden regions: 636->0(1224)
[172.436s][info][gc,heap        ] GC(418) Survivor regions: 4->0(108)
[172.436s][info][gc,heap        ] GC(418) Old regions: 40->49
[172.436s][info][gc,heap        ] GC(418) Archive regions: 0->0
[172.436s][info][gc,heap        ] GC(418) Humongous regions: 675->672
[172.436s][info][gc,metaspace   ] GC(418) Metaspace: 122433K(126976K)->122433K(126976K) NonClass: 105833K(106496K)->105833K(106496K) Class: 16599K(20480K)->16599K(20480K)
[172.436s][info][gc             ] GC(418) Pause Full (System.gc()) 2676M->1393M(4096M) 79.483ms
[172.436s][info][gc,cpu         ] GC(418) User=1.34s Sys=0.00s Real=0.08s
[172.488s][info][gc,start       ] GC(419) Pause Young (Concurrent Start) (G1 Humongous Allocation)
[172.488s][info][gc,task        ] GC(419) Using 33 workers of 33 for evacuation
[172.492s][info][gc,phases      ] GC(419)   Pre Evacuate Collection Set: 0.6ms
[172.492s][info][gc,phases      ] GC(419)   Merge Heap Roots: 0.1ms
[172.492s][info][gc,phases      ] GC(419)   Evacuate Collection Set: 2.2ms
[172.492s][info][gc,phases      ] GC(419)   Post Evacuate Collection Set: 0.9ms
[172.492s][info][gc,phases      ] GC(419)   Other: 0.2ms
[172.492s][info][gc,heap        ] GC(419) Eden regions: 5->0(1222)
[172.492s][info][gc,heap        ] GC(419) Survivor regions: 0->1(153)
[172.492s][info][gc,heap        ] GC(419) Old regions: 49->49
[172.492s][info][gc,heap        ] GC(419) Archive regions: 0->0
[172.492s][info][gc,heap        ] GC(419) Humongous regions: 672->672
[172.492s][info][gc,metaspace   ] GC(419) Metaspace: 122458K(126976K)->122458K(126976K) NonClass: 105859K(106496K)->105859K(106496K) Class: 16599K(20480K)->16599K(20480K)
[172.492s][info][gc             ] GC(419) Pause Young (Concurrent Start) (G1 Humongous Allocation) 1402M->1393M(4096M) 4.454ms
[172.492s][info][gc             ] GC(420) Concurrent Mark Cycle
[172.492s][info][gc,cpu         ] GC(419) User=0.52s Sys=0.00s Real=0.02s
[172.492s][info][gc,marking     ] GC(420) Concurrent Scan Root Regions
[172.496s][info][gc,marking     ] GC(420) Concurrent Scan Root Regions 3.828ms
[172.496s][info][gc,marking     ] GC(420) Concurrent Mark
[172.496s][info][gc,marking     ] GC(420) Concurrent Mark From Roots
[172.496s][info][gc,task        ] GC(420) Using 8 workers of 8 for marking
[172.530s][info][gc,marking     ] GC(420) Concurrent Mark From Roots 34.014ms
[172.531s][info][gc,marking     ] GC(420) Concurrent Preclean
[172.534s][info][gc,marking     ] GC(420) Concurrent Preclean 3.581ms
[172.535s][info][gc,start       ] GC(420) Pause Remark
[172.538s][info][gc             ] GC(420) Pause Remark 1711M->1711M(4096M) 3.513ms
[172.539s][info][gc,cpu         ] GC(420) User=0.00s Sys=0.00s Real=0.00s
[172.539s][info][gc,marking     ] GC(420) Concurrent Mark 42.515ms
[172.539s][info][gc,marking     ] GC(420) Concurrent Rebuild Remembered Sets and Scrub Regions
[172.561s][info][gc,marking     ] GC(420) Concurrent Rebuild Remembered Sets and Scrub Regions 22.137ms
[172.562s][info][gc,start       ] GC(420) Pause Cleanup
[172.562s][info][gc             ] GC(420) Pause Cleanup 2037M->2037M(4096M) 0.460ms
[172.562s][info][gc,cpu         ] GC(420) User=0.00s Sys=0.00s Real=0.00s
[172.563s][info][gc,marking     ] GC(420) Concurrent Clear Claimed Marks
[172.564s][info][gc,marking     ] GC(420) Concurrent Clear Claimed Marks 1.757ms
[172.565s][info][gc,marking     ] GC(420) Concurrent Cleanup for Next Mark
[172.584s][info][gc,marking     ] GC(420) Concurrent Cleanup for Next Mark 19.162ms
[172.584s][info][gc             ] GC(420) Concurrent Mark Cycle 92.123ms
[172.692s][info][gc,start       ] GC(421) Pause Young (Prepare Mixed) (G1 Evacuation Pause)
[172.692s][info][gc,task        ] GC(421) Using 33 workers of 33 for evacuation
[172.696s][info][gc,phases      ] GC(421)   Pre Evacuate Collection Set: 0.3ms
[172.696s][info][gc,phases      ] GC(421)   Merge Heap Roots: 1.0ms
[172.696s][info][gc,phases      ] GC(421)   Evacuate Collection Set: 1.3ms
[172.696s][info][gc,phases      ] GC(421)   Post Evacuate Collection Set: 1.0ms
[172.696s][info][gc,phases      ] GC(421)   Other: 0.1ms
[172.696s][info][gc,heap        ] GC(421) Eden regions: 1222->0(1216)
[172.696s][info][gc,heap        ] GC(421) Survivor regions: 1->4(101)
[172.696s][info][gc,heap        ] GC(421) Old regions: 49->49
[172.696s][info][gc,heap        ] GC(421) Archive regions: 0->0
[172.696s][info][gc,heap        ] GC(421) Humongous regions: 675->672
[172.696s][info][gc,metaspace   ] GC(421) Metaspace: 122458K(126976K)->122458K(126976K) NonClass: 105859K(106496K)->105859K(106496K) Class: 16599K(20480K)->16599K(20480K)
[172.696s][info][gc             ] GC(421) Pause Young (Prepare Mixed) (G1 Evacuation Pause) 3843M->1399M(4096M) 4.063ms
[172.697s][info][gc,cpu         ] GC(421) User=0.00s Sys=0.00s Real=0.00s
[172.865s][info][gc,start       ] GC(422) Pause Young (Mixed) (G1 Evacuation Pause)
[172.865s][info][gc,task        ] GC(422) Using 33 workers of 33 for evacuation
[172.869s][info][gc,phases      ] GC(422)   Pre Evacuate Collection Set: 0.3ms
[172.869s][info][gc,phases      ] GC(422)   Merge Heap Roots: 0.4ms
[172.869s][info][gc,phases      ] GC(422)   Evacuate Collection Set: 1.8ms
[172.869s][info][gc,phases      ] GC(422)   Post Evacuate Collection Set: 0.9ms
[172.869s][info][gc,phases      ] GC(422)   Other: 0.2ms
[172.869s][info][gc,heap        ] GC(422) Eden regions: 1216->0(1219)
[172.869s][info][gc,heap        ] GC(422) Survivor regions: 4->4(107)
[172.869s][info][gc,heap        ] GC(422) Old regions: 49->46
[172.869s][info][gc,heap        ] GC(422) Archive regions: 0->0
[172.869s][info][gc,heap        ] GC(422) Humongous regions: 672->672
[172.869s][info][gc,metaspace   ] GC(422) Metaspace: 122458K(126976K)->122458K(126976K) NonClass: 105859K(106496K)->105859K(106496K) Class: 16599K(20480K)->16599K(20480K)
[172.869s][info][gc             ] GC(422) Pause Young (Mixed) (G1 Evacuation Pause) 3831M->1399M(4096M) 3.901ms
[172.869s][info][gc,cpu         ] GC(422) User=0.00s Sys=0.00s Real=0.00s
[173.038s][info][gc,start       ] GC(423) Pause Young (Concurrent Start) (G1 Evacuation Pause)
[173.039s][info][gc,task        ] GC(423) Using 33 workers of 33 for evacuation
[173.042s][info][gc,phases      ] GC(423)   Pre Evacuate Collection Set: 0.6ms
[173.042s][info][gc,phases      ] GC(423)   Merge Heap Roots: 0.4ms
[173.042s][info][gc,phases      ] GC(423)   Evacuate Collection Set: 1.9ms
[173.043s][info][gc,phases      ] GC(423)   Post Evacuate Collection Set: 0.9ms
[173.043s][info][gc,phases      ] GC(423)   Other: 0.1ms
[173.043s][info][gc,heap        ] GC(423) Eden regions: 1219->0(1219)
[173.043s][info][gc,heap        ] GC(423) Survivor regions: 4->4(107)
[173.043s][info][gc,heap        ] GC(423) Old regions: 46->46
[173.043s][info][gc,heap        ] GC(423) Archive regions: 0->0
[173.043s][info][gc,heap        ] GC(423) Humongous regions: 672->672
[173.043s][info][gc,metaspace   ] GC(423) Metaspace: 122458K(126976K)->122458K(126976K) NonClass: 105859K(106496K)->105859K(106496K) Class: 16599K(20480K)->16599K(20480K)
[173.043s][info][gc             ] GC(423) Pause Young (Concurrent Start) (G1 Evacuation Pause) 3837M->1400M(4096M) 4.153ms
[173.043s][info][gc             ] GC(424) Concurrent Mark Cycle
[173.043s][info][gc,cpu         ] GC(423) User=0.09s Sys=0.00s Real=0.02s
[173.043s][info][gc,marking     ] GC(424) Concurrent Scan Root Regions
[173.062s][info][gc,marking     ] GC(424) Concurrent Scan Root Regions 19.192ms
[173.062s][info][gc,marking     ] GC(424) Concurrent Mark
[173.062s][info][gc,marking     ] GC(424) Concurrent Mark From Roots
[173.062s][info][gc,task        ] GC(424) Using 8 workers of 8 for marking
[173.124s][info][gc,marking     ] GC(424) Concurrent Mark From Roots 61.401ms
[173.124s][info][gc,marking     ] GC(424) Concurrent Preclean
[173.128s][info][gc,marking     ] GC(424) Concurrent Preclean 3.669ms
[173.129s][info][gc,start       ] GC(424) Pause Remark
[173.132s][info][gc             ] GC(424) Pause Remark 2638M->2638M(4096M) 3.259ms
[173.132s][info][gc,cpu         ] GC(424) User=0.00s Sys=0.00s Real=0.00s
[173.132s][info][gc,marking     ] GC(424) Concurrent Mark 70.032ms
[173.133s][info][gc,marking     ] GC(424) Concurrent Rebuild Remembered Sets and Scrub Regions
[173.163s][info][gc,marking     ] GC(424) Concurrent Rebuild Remembered Sets and Scrub Regions 30.616ms
[173.164s][info][gc,start       ] GC(424) Pause Cleanup
[173.165s][info][gc             ] GC(424) Pause Cleanup 3096M->3096M(4096M) 0.340ms
[173.165s][info][gc,cpu         ] GC(424) User=0.00s Sys=0.00s Real=0.00s
[173.165s][info][gc,marking     ] GC(424) Concurrent Clear Claimed Marks
[173.167s][info][gc,marking     ] GC(424) Concurrent Clear Claimed Marks 1.745ms
[173.167s][info][gc,marking     ] GC(424) Concurrent Cleanup for Next Mark
[173.183s][info][gc,marking     ] GC(424) Concurrent Cleanup for Next Mark 16.505ms
[173.184s][info][gc             ] GC(424) Concurrent Mark Cycle 141.299ms
[173.220s][info][gc,start       ] GC(425) Pause Young (Prepare Mixed) (G1 Evacuation Pause)
[173.220s][info][gc,task        ] GC(425) Using 33 workers of 33 for evacuation
[173.224s][info][gc,phases      ] GC(425)   Pre Evacuate Collection Set: 0.3ms
[173.224s][info][gc,phases      ] GC(425)   Merge Heap Roots: 1.0ms
[173.224s][info][gc,phases      ] GC(425)   Evacuate Collection Set: 1.2ms
[173.224s][info][gc,phases      ] GC(425)   Post Evacuate Collection Set: 0.9ms
[173.224s][info][gc,phases      ] GC(425)   Other: 0.2ms
[173.224s][info][gc,heap        ] GC(425) Eden regions: 1219->0(1219)
[173.224s][info][gc,heap        ] GC(425) Survivor regions: 4->4(107)
[173.224s][info][gc,heap        ] GC(425) Old regions: 46->46
[173.224s][info][gc,heap        ] GC(425) Archive regions: 0->0
[173.224s][info][gc,heap        ] GC(425) Humongous regions: 672->672
[173.224s][info][gc,metaspace   ] GC(425) Metaspace: 122458K(126976K)->122458K(126976K) NonClass: 105859K(106496K)->105859K(106496K) Class: 16599K(20480K)->16599K(20480K)
[173.224s][info][gc             ] GC(425) Pause Young (Prepare Mixed) (G1 Evacuation Pause) 3838M->1400M(4096M) 3.689ms
[173.224s][info][gc,cpu         ] GC(425) User=0.00s Sys=0.00s Real=0.00s
[173.393s][info][gc,start       ] GC(426) Pause Young (Mixed) (G1 Evacuation Pause)
[173.393s][info][gc,task        ] GC(426) Using 33 workers of 33 for evacuation
[173.396s][info][gc,phases      ] GC(426)   Pre Evacuate Collection Set: 0.3ms
[173.396s][info][gc,phases      ] GC(426)   Merge Heap Roots: 0.4ms
[173.396s][info][gc,phases      ] GC(426)   Evacuate Collection Set: 1.3ms
[173.396s][info][gc,phases      ] GC(426)   Post Evacuate Collection Set: 0.9ms
[173.396s][info][gc,phases      ] GC(426)   Other: 0.2ms
[173.396s][info][gc,heap        ] GC(426) Eden regions: 1219->0(1223)
[173.396s][info][gc,heap        ] GC(426) Survivor regions: 4->4(107)
[173.397s][info][gc,heap        ] GC(426) Old regions: 46->42
[173.397s][info][gc,heap        ] GC(426) Archive regions: 0->0
[173.397s][info][gc,heap        ] GC(426) Humongous regions: 672->672
[173.397s][info][gc,metaspace   ] GC(426) Metaspace: 122458K(126976K)->122458K(126976K) NonClass: 105859K(106496K)->105859K(106496K) Class: 16599K(20480K)->16599K(20480K)
[173.397s][info][gc             ] GC(426) Pause Young (Mixed) (G1 Evacuation Pause) 3838M->1400M(4096M) 3.346ms
[173.397s][info][gc,cpu         ] GC(426) User=0.00s Sys=0.00s Real=0.00s
[173.566s][info][gc,start       ] GC(427) Pause Young (Concurrent Start) (G1 Evacuation Pause)
[173.566s][info][gc,task        ] GC(427) Using 33 workers of 33 for evacuation
[173.570s][info][gc,phases      ] GC(427)   Pre Evacuate Collection Set: 0.5ms
[173.570s][info][gc,phases      ] GC(427)   Merge Heap Roots: 0.4ms
[173.570s][info][gc,phases      ] GC(427)   Evacuate Collection Set: 1.8ms
[173.570s][info][gc,phases      ] GC(427)   Post Evacuate Collection Set: 0.9ms
[173.570s][info][gc,phases      ] GC(427)   Other: 0.1ms
[173.570s][info][gc,heap        ] GC(427) Eden regions: 1223->0(1223)
[173.570s][info][gc,heap        ] GC(427) Survivor regions: 4->4(107)
[173.570s][info][gc,heap        ] GC(427) Old regions: 42->42
[173.570s][info][gc,heap        ] GC(427) Archive regions: 0->0
[173.570s][info][gc,heap        ] GC(427) Humongous regions: 672->672
[173.570s][info][gc,metaspace   ] GC(427) Metaspace: 122458K(126976K)->122458K(126976K) NonClass: 105859K(106496K)->105859K(106496K) Class: 16599K(20480K)->16599K(20480K)
[173.570s][info][gc             ] GC(427) Pause Young (Concurrent Start) (G1 Evacuation Pause) 3846M->1400M(4096M) 4.011ms
[173.570s][info][gc             ] GC(428) Concurrent Mark Cycle
[173.570s][info][gc,marking     ] GC(428) Concurrent Scan Root Regions
[173.570s][info][gc,cpu         ] GC(427) User=0.00s Sys=0.00s Real=0.00s
[173.592s][info][gc,marking     ] GC(428) Concurrent Scan Root Regions 21.548ms
[173.593s][info][gc,marking     ] GC(428) Concurrent Mark
[173.593s][info][gc,marking     ] GC(428) Concurrent Mark From Roots
[173.593s][info][gc,task        ] GC(428) Using 8 workers of 8 for marking
[173.638s][info][gc,marking     ] GC(428) Concurrent Mark From Roots 45.767ms
[173.638s][info][gc,marking     ] GC(428) Concurrent Preclean
[173.640s][info][gc,marking     ] GC(428) Concurrent Preclean 1.189ms
[173.640s][info][gc,start       ] GC(428) Pause Remark
[173.643s][info][gc             ] GC(428) Pause Remark 2328M->2328M(4096M) 3.089ms
[173.643s][info][gc,cpu         ] GC(428) User=0.00s Sys=0.00s Real=0.00s
[173.643s][info][gc,marking     ] GC(428) Concurrent Mark 50.742ms
[173.643s][info][gc,marking     ] GC(428) Concurrent Rebuild Remembered Sets and Scrub Regions
[173.653s][info][gc,marking     ] GC(428) Concurrent Rebuild Remembered Sets and Scrub Regions 9.666ms
[173.653s][info][gc,start       ] GC(428) Pause Cleanup
[173.654s][info][gc             ] GC(428) Pause Cleanup 2440M->2440M(4096M) 0.369ms
[173.654s][info][gc,cpu         ] GC(428) User=0.00s Sys=0.00s Real=0.00s
[173.654s][info][gc,marking     ] GC(428) Concurrent Clear Claimed Marks
[173.654s][info][gc,marking     ] GC(428) Concurrent Clear Claimed Marks 0.152ms
[173.654s][info][gc,marking     ] GC(428) Concurrent Cleanup for Next Mark
[173.660s][info][gc,marking     ] GC(428) Concurrent Cleanup for Next Mark 6.282ms
[173.660s][info][gc             ] GC(428) Concurrent Mark Cycle 89.897ms
[174.516s][info][gc,heap,exit   ] Heap
[174.517s][info][gc,heap,exit   ]  garbage-first heap   total 4194304K, used 2869370K [0x0000000700000000, 0x0000000800000000)
[174.517s][info][gc,heap,exit   ]   region size 2048K, 702 young (1437696K), 4 survivors (8192K)
[174.517s][info][gc,heap,exit   ]  Metaspace       used 122843K, committed 127360K, reserved 1179648K
[174.517s][info][gc,heap,exit   ]   class space    used 16677K, committed 20544K, reserved 1048576K
