[0.017s][info][gc,init] CardTable entry size: 512
[0.018s][info][gc     ] Using G1
[0.030s][info][gc,init] Version: 20+36-2344 (release)
[0.030s][info][gc,init] CPUs: 48 total, 48 available
[0.030s][info][gc,init] Memory: 382G
[0.030s][info][gc,init] Large Page Support: Disabled
[0.030s][info][gc,init] NUMA Support: Disabled
[0.030s][info][gc,init] Compressed Oops: Enabled (32-bit)
[0.030s][info][gc,init] Heap Region Size: 1M
[0.030s][info][gc,init] Heap Min Capacity: 8M
[0.030s][info][gc,init] Heap Initial Capacity: 1G
[0.030s][info][gc,init] Heap Max Capacity: 1G
[0.031s][info][gc,init] Pre-touch: Disabled
[0.031s][info][gc,init] Parallel Workers: 33
[0.031s][info][gc,init] Concurrent Workers: 8
[0.031s][info][gc,init] Concurrent Refinement Workers: 33
[0.031s][info][gc,init] Periodic GC: Disabled
[0.032s][info][gc,metaspace] CDS archive(s) mapped at: [0x0000000800000000-0x0000000800c60000-0x0000000800c60000), size 12976128, SharedBaseAddress: 0x0000000800000000, ArchiveRelocationMode: 0.
[0.032s][info][gc,metaspace] Compressed class space mapped at: 0x0000000801000000-0x0000000841000000, reserved size: 1073741824
[0.032s][info][gc,metaspace] Narrow klass base: 0x0000000800000000, Narrow klass shift: 0, Narrow klass range: 0x100000000
[9.685s][info][gc,start    ] GC(0) Pause Young (Normal) (G1 Evacuation Pause)
[9.687s][info][gc,task     ] GC(0) Using 24 workers of 33 for evacuation
[9.698s][info][gc,phases   ] GC(0)   Pre Evacuate Collection Set: 0.3ms
[9.698s][info][gc,phases   ] GC(0)   Merge Heap Roots: 0.1ms
[9.698s][info][gc,phases   ] GC(0)   Evacuate Collection Set: 9.6ms
[9.698s][info][gc,phases   ] GC(0)   Post Evacuate Collection Set: 0.9ms
[9.698s][info][gc,phases   ] GC(0)   Other: 1.4ms
[9.698s][info][gc,heap     ] GC(0) Eden regions: 51->0(44)
[9.698s][info][gc,heap     ] GC(0) Survivor regions: 0->7(7)
[9.698s][info][gc,heap     ] GC(0) Old regions: 0->7
[9.698s][info][gc,heap     ] GC(0) Archive regions: 0->0
[9.698s][info][gc,heap     ] GC(0) Humongous regions: 6->6
[9.698s][info][gc,metaspace] GC(0) Metaspace: 12541K(12736K)->12541K(12736K) NonClass: 10857K(10944K)->10857K(10944K) Class: 1683K(1792K)->1683K(1792K)
[9.698s][info][gc          ] GC(0) Pause Young (Normal) (G1 Evacuation Pause) 57M->19M(1024M) 12.871ms
[9.698s][info][gc,cpu      ] GC(0) User=0.38s Sys=0.00s Real=0.02s
[10.279s][info][gc,start    ] GC(1) Pause Young (Concurrent Start) (Metadata GC Threshold)
[10.279s][info][gc,task     ] GC(1) Using 24 workers of 33 for evacuation
[10.287s][info][gc,phases   ] GC(1)   Pre Evacuate Collection Set: 0.3ms
[10.287s][info][gc,phases   ] GC(1)   Merge Heap Roots: 0.1ms
[10.287s][info][gc,phases   ] GC(1)   Evacuate Collection Set: 6.1ms
[10.287s][info][gc,phases   ] GC(1)   Post Evacuate Collection Set: 1.0ms
[10.287s][info][gc,phases   ] GC(1)   Other: 0.1ms
[10.287s][info][gc,heap     ] GC(1) Eden regions: 27->0(61)
[10.287s][info][gc,heap     ] GC(1) Survivor regions: 7->2(7)
[10.287s][info][gc,heap     ] GC(1) Old regions: 7->14
[10.287s][info][gc,heap     ] GC(1) Archive regions: 0->0
[10.287s][info][gc,heap     ] GC(1) Humongous regions: 6->6
[10.287s][info][gc,metaspace] GC(1) Metaspace: 21273K(21504K)->21273K(21504K) NonClass: 18555K(18688K)->18555K(18688K) Class: 2717K(2816K)->2717K(2816K)
[10.287s][info][gc          ] GC(1) Pause Young (Concurrent Start) (Metadata GC Threshold) 46M->20M(1024M) 8.204ms
[10.287s][info][gc          ] GC(2) Concurrent Mark Cycle
[10.287s][info][gc,cpu      ] GC(1) User=0.20s Sys=0.17s Real=0.02s
[10.287s][info][gc,marking  ] GC(2) Concurrent Scan Root Regions
[10.290s][info][gc,marking  ] GC(2) Concurrent Scan Root Regions 2.635ms
[10.290s][info][gc,marking  ] GC(2) Concurrent Mark
[10.290s][info][gc,marking  ] GC(2) Concurrent Mark From Roots
[10.290s][info][gc,task     ] GC(2) Using 8 workers of 8 for marking
[10.294s][info][gc,marking  ] GC(2) Concurrent Mark From Roots 4.337ms
[10.294s][info][gc,marking  ] GC(2) Concurrent Preclean
[10.294s][info][gc,marking  ] GC(2) Concurrent Preclean 0.032ms
[10.295s][info][gc,start    ] GC(2) Pause Remark
[10.298s][info][gc          ] GC(2) Pause Remark 21M->21M(77M) 3.403ms
[10.298s][info][gc,cpu      ] GC(2) User=0.02s Sys=0.00s Real=0.02s
[10.298s][info][gc,marking  ] GC(2) Concurrent Mark 8.219ms
[10.298s][info][gc,marking  ] GC(2) Concurrent Rebuild Remembered Sets and Scrub Regions
[10.300s][info][gc,marking  ] GC(2) Concurrent Rebuild Remembered Sets and Scrub Regions 2.096ms
[10.301s][info][gc,start    ] GC(2) Pause Cleanup
[10.301s][info][gc          ] GC(2) Pause Cleanup 21M->21M(77M) 0.127ms
[10.301s][info][gc,cpu      ] GC(2) User=0.00s Sys=0.00s Real=0.00s
[10.301s][info][gc,marking  ] GC(2) Concurrent Clear Claimed Marks
[10.301s][info][gc,marking  ] GC(2) Concurrent Clear Claimed Marks 0.036ms
[10.301s][info][gc,marking  ] GC(2) Concurrent Cleanup for Next Mark
[10.302s][info][gc,marking  ] GC(2) Concurrent Cleanup for Next Mark 0.689ms
[10.302s][info][gc          ] GC(2) Concurrent Mark Cycle 14.638ms
[11.171s][info][gc,start    ] GC(3) Pause Young (Prepare Mixed) (G1 Evacuation Pause)
[11.172s][info][gc,task     ] GC(3) Using 13 workers of 33 for evacuation
[11.178s][info][gc,phases   ] GC(3)   Pre Evacuate Collection Set: 0.1ms
[11.178s][info][gc,phases   ] GC(3)   Merge Heap Roots: 0.1ms
[11.178s][info][gc,phases   ] GC(3)   Evacuate Collection Set: 5.4ms
[11.178s][info][gc,phases   ] GC(3)   Post Evacuate Collection Set: 0.5ms
[11.178s][info][gc,phases   ] GC(3)   Other: 0.1ms
[11.178s][info][gc,heap     ] GC(3) Eden regions: 55->0(37)
[11.178s][info][gc,heap     ] GC(3) Survivor regions: 2->6(8)
[11.178s][info][gc,heap     ] GC(3) Old regions: 14->14
[11.178s][info][gc,heap     ] GC(3) Archive regions: 0->0
[11.178s][info][gc,heap     ] GC(3) Humongous regions: 6->6
[11.178s][info][gc,metaspace] GC(3) Metaspace: 33387K(33792K)->33387K(33792K) NonClass: 29162K(29376K)->29162K(29376K) Class: 4224K(4416K)->4224K(4416K)
[11.178s][info][gc          ] GC(3) Pause Young (Prepare Mixed) (G1 Evacuation Pause) 75M->25M(83M) 6.492ms
[11.178s][info][gc,cpu      ] GC(3) User=0.00s Sys=0.00s Real=0.00s
[11.296s][info][gc,start    ] GC(4) Pause Young (Mixed) (Metadata GC Threshold)
[11.297s][info][gc,task     ] GC(4) Using 7 workers of 33 for evacuation
[11.302s][info][gc,phases   ] GC(4)   Pre Evacuate Collection Set: 0.1ms
[11.302s][info][gc,phases   ] GC(4)   Merge Heap Roots: 0.1ms
[11.302s][info][gc,phases   ] GC(4)   Evacuate Collection Set: 4.5ms
[11.302s][info][gc,phases   ] GC(4)   Post Evacuate Collection Set: 0.3ms
[11.302s][info][gc,phases   ] GC(4)   Other: 0.1ms
[11.302s][info][gc,heap     ] GC(4) Eden regions: 7->0(37)
[11.302s][info][gc,heap     ] GC(4) Survivor regions: 6->2(6)
[11.302s][info][gc,heap     ] GC(4) Old regions: 14->19
[11.302s][info][gc,heap     ] GC(4) Archive regions: 0->0
[11.302s][info][gc,heap     ] GC(4) Humongous regions: 6->6
[11.302s][info][gc,metaspace] GC(4) Metaspace: 35727K(36096K)->35727K(36096K) NonClass: 31225K(31424K)->31225K(31424K) Class: 4502K(4672K)->4502K(4672K)
[11.302s][info][gc          ] GC(4) Pause Young (Mixed) (Metadata GC Threshold) 32M->25M(83M) 5.376ms
[11.302s][info][gc,cpu      ] GC(4) User=0.00s Sys=0.00s Real=0.00s
[11.319s][info][gc,start    ] GC(5) Pause Young (Concurrent Start) (Metadata GC Threshold)
[11.319s][info][gc,task     ] GC(5) Using 4 workers of 33 for evacuation
[11.322s][info][gc,phases   ] GC(5)   Pre Evacuate Collection Set: 0.2ms
[11.322s][info][gc,phases   ] GC(5)   Merge Heap Roots: 0.0ms
[11.322s][info][gc,phases   ] GC(5)   Evacuate Collection Set: 2.1ms
[11.322s][info][gc,phases   ] GC(5)   Post Evacuate Collection Set: 0.5ms
[11.322s][info][gc,phases   ] GC(5)   Other: 0.1ms
[11.322s][info][gc,heap     ] GC(5) Eden regions: 2->0(40)
[11.322s][info][gc,heap     ] GC(5) Survivor regions: 2->1(5)
[11.322s][info][gc,heap     ] GC(5) Old regions: 19->19
[11.322s][info][gc,heap     ] GC(5) Archive regions: 0->0
[11.322s][info][gc,heap     ] GC(5) Humongous regions: 6->6
[11.322s][info][gc,metaspace] GC(5) Metaspace: 36003K(36416K)->36003K(36416K) NonClass: 31468K(31680K)->31468K(31680K) Class: 4534K(4736K)->4534K(4736K)
[11.323s][info][gc          ] GC(5) Pause Young (Concurrent Start) (Metadata GC Threshold) 26M->25M(83M) 3.506ms
[11.323s][info][gc,cpu      ] GC(5) User=0.00s Sys=0.00s Real=0.00s
[11.323s][info][gc          ] GC(6) Concurrent Mark Cycle
[11.323s][info][gc,marking  ] GC(6) Concurrent Scan Root Regions
[11.324s][info][gc,marking  ] GC(6) Concurrent Scan Root Regions 1.270ms
[11.324s][info][gc,marking  ] GC(6) Concurrent Mark
[11.324s][info][gc,marking  ] GC(6) Concurrent Mark From Roots
[11.324s][info][gc,task     ] GC(6) Using 8 workers of 8 for marking
[11.332s][info][gc,marking  ] GC(6) Concurrent Mark From Roots 8.129ms
[11.332s][info][gc,marking  ] GC(6) Concurrent Preclean
[11.332s][info][gc,marking  ] GC(6) Concurrent Preclean 0.089ms
[11.332s][info][gc,start    ] GC(6) Pause Remark
[11.337s][info][gc          ] GC(6) Pause Remark 26M->26M(83M) 4.676ms
[11.337s][info][gc,cpu      ] GC(6) User=0.00s Sys=0.00s Real=0.00s
[11.337s][info][gc,marking  ] GC(6) Concurrent Mark 13.173ms
[11.337s][info][gc,marking  ] GC(6) Concurrent Rebuild Remembered Sets and Scrub Regions
[11.341s][info][gc,marking  ] GC(6) Concurrent Rebuild Remembered Sets and Scrub Regions 3.510ms
[11.341s][info][gc,start    ] GC(6) Pause Cleanup
[11.341s][info][gc          ] GC(6) Pause Cleanup 26M->26M(83M) 0.121ms
[11.341s][info][gc,cpu      ] GC(6) User=0.00s Sys=0.00s Real=0.00s
[11.341s][info][gc,marking  ] GC(6) Concurrent Clear Claimed Marks
[11.341s][info][gc,marking  ] GC(6) Concurrent Clear Claimed Marks 0.053ms
[11.341s][info][gc,marking  ] GC(6) Concurrent Cleanup for Next Mark
[11.341s][info][gc,marking  ] GC(6) Concurrent Cleanup for Next Mark 0.238ms
[11.341s][info][gc          ] GC(6) Concurrent Mark Cycle 18.794ms
[12.021s][info][gc,start    ] GC(7) Pause Young (Prepare Mixed) (G1 Evacuation Pause)
[12.021s][info][gc,task     ] GC(7) Using 3 workers of 33 for evacuation
[12.026s][info][gc,phases   ] GC(7)   Pre Evacuate Collection Set: 0.1ms
[12.026s][info][gc,phases   ] GC(7)   Merge Heap Roots: 0.1ms
[12.026s][info][gc,phases   ] GC(7)   Evacuate Collection Set: 4.1ms
[12.026s][info][gc,phases   ] GC(7)   Post Evacuate Collection Set: 0.7ms
[12.026s][info][gc,phases   ] GC(7)   Other: 0.1ms
[12.026s][info][gc,heap     ] GC(7) Eden regions: 40->0(41)
[12.026s][info][gc,heap     ] GC(7) Survivor regions: 1->3(6)
[12.026s][info][gc,heap     ] GC(7) Old regions: 19->19
[12.026s][info][gc,heap     ] GC(7) Archive regions: 0->0
[12.026s][info][gc,heap     ] GC(7) Humongous regions: 6->6
[12.026s][info][gc,metaspace] GC(7) Metaspace: 42270K(42624K)->42270K(42624K) NonClass: 36976K(37184K)->36976K(37184K) Class: 5294K(5440K)->5294K(5440K)
[12.026s][info][gc          ] GC(7) Pause Young (Prepare Mixed) (G1 Evacuation Pause) 65M->26M(83M) 5.664ms
[12.026s][info][gc,cpu      ] GC(7) User=0.05s Sys=0.00s Real=0.02s
[13.020s][info][gc,start    ] GC(8) Pause Young (Mixed) (G1 Evacuation Pause)
[13.020s][info][gc,task     ] GC(8) Using 2 workers of 33 for evacuation
[13.031s][info][gc,phases   ] GC(8)   Pre Evacuate Collection Set: 0.1ms
[13.031s][info][gc,phases   ] GC(8)   Merge Heap Roots: 0.1ms
[13.031s][info][gc,phases   ] GC(8)   Evacuate Collection Set: 9.4ms
[13.031s][info][gc,phases   ] GC(8)   Post Evacuate Collection Set: 0.6ms
[13.031s][info][gc,phases   ] GC(8)   Other: 0.1ms
[13.031s][info][gc,heap     ] GC(8) Eden regions: 41->0(43)
[13.031s][info][gc,heap     ] GC(8) Survivor regions: 3->3(6)
[13.031s][info][gc,heap     ] GC(8) Old regions: 19->19
[13.031s][info][gc,heap     ] GC(8) Archive regions: 0->0
[13.031s][info][gc,heap     ] GC(8) Humongous regions: 6->6
[13.031s][info][gc,metaspace] GC(8) Metaspace: 42270K(42624K)->42270K(42624K) NonClass: 36976K(37184K)->36976K(37184K) Class: 5294K(5440K)->5294K(5440K)
[13.031s][info][gc          ] GC(8) Pause Young (Mixed) (G1 Evacuation Pause) 67M->26M(83M) 10.784ms
[13.031s][info][gc,cpu      ] GC(8) User=0.00s Sys=0.00s Real=0.00s
[15.083s][info][gc,start    ] GC(9) Pause Young (Normal) (G1 Evacuation Pause)
[15.084s][info][gc,task     ] GC(9) Using 2 workers of 33 for evacuation
[15.092s][info][gc,phases   ] GC(9)   Pre Evacuate Collection Set: 0.1ms
[15.092s][info][gc,phases   ] GC(9)   Merge Heap Roots: 0.1ms
[15.092s][info][gc,phases   ] GC(9)   Evacuate Collection Set: 7.7ms
[15.092s][info][gc,phases   ] GC(9)   Post Evacuate Collection Set: 0.7ms
[15.092s][info][gc,phases   ] GC(9)   Other: 0.1ms
[15.092s][info][gc,heap     ] GC(9) Eden regions: 43->0(45)
[15.092s][info][gc,heap     ] GC(9) Survivor regions: 3->3(6)
[15.093s][info][gc,heap     ] GC(9) Old regions: 19->19
[15.093s][info][gc,heap     ] GC(9) Archive regions: 0->0
[15.093s][info][gc,heap     ] GC(9) Humongous regions: 6->6
[15.093s][info][gc,metaspace] GC(9) Metaspace: 42271K(42624K)->42271K(42624K) NonClass: 36976K(37184K)->36976K(37184K) Class: 5294K(5440K)->5294K(5440K)
[15.093s][info][gc          ] GC(9) Pause Young (Normal) (G1 Evacuation Pause) 69M->26M(83M) 9.205ms
[15.093s][info][gc,cpu      ] GC(9) User=0.03s Sys=0.00s Real=0.02s
[47.799s][info][gc,start    ] GC(10) Pause Young (Normal) (G1 Evacuation Pause)
[47.799s][info][gc,task     ] GC(10) Using 2 workers of 33 for evacuation
[47.808s][info][gc,phases   ] GC(10)   Pre Evacuate Collection Set: 0.1ms
[47.808s][info][gc,phases   ] GC(10)   Merge Heap Roots: 0.1ms
[47.808s][info][gc,phases   ] GC(10)   Evacuate Collection Set: 7.8ms
[47.808s][info][gc,phases   ] GC(10)   Post Evacuate Collection Set: 0.7ms
[47.808s][info][gc,phases   ] GC(10)   Other: 0.1ms
[47.808s][info][gc,heap     ] GC(10) Eden regions: 45->0(46)
[47.808s][info][gc,heap     ] GC(10) Survivor regions: 3->3(6)
[47.808s][info][gc,heap     ] GC(10) Old regions: 19->19
[47.808s][info][gc,heap     ] GC(10) Archive regions: 0->0
[47.808s][info][gc,heap     ] GC(10) Humongous regions: 6->6
[47.808s][info][gc,metaspace] GC(10) Metaspace: 42723K(43136K)->42723K(43136K) NonClass: 37362K(37632K)->37362K(37632K) Class: 5361K(5504K)->5361K(5504K)
[47.808s][info][gc          ] GC(10) Pause Young (Normal) (G1 Evacuation Pause) 71M->26M(83M) 9.276ms
[47.808s][info][gc,cpu      ] GC(10) User=0.00s Sys=0.00s Real=0.00s
[81.086s][info][gc,start    ] GC(11) Pause Young (Normal) (G1 Evacuation Pause)
[81.086s][info][gc,task     ] GC(11) Using 2 workers of 33 for evacuation
[81.095s][info][gc,phases   ] GC(11)   Pre Evacuate Collection Set: 0.1ms
[81.095s][info][gc,phases   ] GC(11)   Merge Heap Roots: 0.1ms
[81.095s][info][gc,phases   ] GC(11)   Evacuate Collection Set: 7.8ms
[81.095s][info][gc,phases   ] GC(11)   Post Evacuate Collection Set: 0.7ms
[81.095s][info][gc,phases   ] GC(11)   Other: 0.1ms
[81.095s][info][gc,heap     ] GC(11) Eden regions: 46->0(46)
[81.095s][info][gc,heap     ] GC(11) Survivor regions: 3->3(7)
[81.095s][info][gc,heap     ] GC(11) Old regions: 19->19
[81.095s][info][gc,heap     ] GC(11) Archive regions: 0->0
[81.095s][info][gc,heap     ] GC(11) Humongous regions: 6->6
[81.095s][info][gc,metaspace] GC(11) Metaspace: 42750K(43136K)->42750K(43136K) NonClass: 37389K(37632K)->37389K(37632K) Class: 5361K(5504K)->5361K(5504K)
[81.095s][info][gc          ] GC(11) Pause Young (Normal) (G1 Evacuation Pause) 72M->26M(83M) 9.334ms
[81.096s][info][gc,cpu      ] GC(11) User=0.03s Sys=0.00s Real=0.02s
[81.995s][info][gc,start    ] GC(12) Pause Young (Normal) (G1 Evacuation Pause)
[81.996s][info][gc,task     ] GC(12) Using 2 workers of 33 for evacuation
[82.009s][info][gc,phases   ] GC(12)   Pre Evacuate Collection Set: 0.1ms
[82.009s][info][gc,phases   ] GC(12)   Merge Heap Roots: 0.1ms
[82.009s][info][gc,phases   ] GC(12)   Evacuate Collection Set: 12.5ms
[82.009s][info][gc,phases   ] GC(12)   Post Evacuate Collection Set: 0.8ms
[82.009s][info][gc,phases   ] GC(12)   Other: 0.1ms
[82.009s][info][gc,heap     ] GC(12) Eden regions: 46->0(45)
[82.009s][info][gc,heap     ] GC(12) Survivor regions: 3->4(7)
[82.009s][info][gc,heap     ] GC(12) Old regions: 19->19
[82.009s][info][gc,heap     ] GC(12) Archive regions: 0->0
[82.010s][info][gc,heap     ] GC(12) Humongous regions: 6->6
[82.010s][info][gc,metaspace] GC(12) Metaspace: 47698K(48192K)->47698K(48192K) NonClass: 41803K(42048K)->41803K(42048K) Class: 5895K(6144K)->5895K(6144K)
[82.010s][info][gc          ] GC(12) Pause Young (Normal) (G1 Evacuation Pause) 72M->28M(83M) 14.242ms
[82.010s][info][gc,cpu      ] GC(12) User=0.03s Sys=0.00s Real=0.02s
[84.838s][info][gc,start    ] GC(13) Pause Young (Normal) (G1 Evacuation Pause)
[84.838s][info][gc,task     ] GC(13) Using 2 workers of 33 for evacuation
[84.863s][info][gc,phases   ] GC(13)   Pre Evacuate Collection Set: 0.1ms
[84.863s][info][gc,phases   ] GC(13)   Merge Heap Roots: 0.1ms
[84.863s][info][gc,phases   ] GC(13)   Evacuate Collection Set: 17.5ms
[84.863s][info][gc,phases   ] GC(13)   Post Evacuate Collection Set: 7.1ms
[84.863s][info][gc,phases   ] GC(13)   Other: 0.1ms
[84.863s][info][gc,heap     ] GC(13) Eden regions: 45->0(325)
[84.863s][info][gc,heap     ] GC(13) Survivor regions: 4->7(7)
[84.863s][info][gc,heap     ] GC(13) Old regions: 19->19
[84.863s][info][gc,heap     ] GC(13) Archive regions: 0->0
[84.863s][info][gc,heap     ] GC(13) Humongous regions: 6->6
[84.863s][info][gc,metaspace] GC(13) Metaspace: 60406K(60928K)->60406K(60928K) NonClass: 53019K(53312K)->53019K(53312K) Class: 7386K(7616K)->7386K(7616K)
[84.864s][info][gc          ] GC(13) Pause Young (Normal) (G1 Evacuation Pause) 73M->31M(554M) 25.500ms
[84.864s][info][gc,cpu      ] GC(13) User=0.03s Sys=0.00s Real=0.02s
[84.865s][info][gc,start    ] GC(14) Pause Young (Concurrent Start) (Metadata GC Threshold)
[84.865s][info][gc,task     ] GC(14) Using 13 workers of 33 for evacuation
[84.870s][info][gc,phases   ] GC(14)   Pre Evacuate Collection Set: 0.3ms
[84.870s][info][gc,phases   ] GC(14)   Merge Heap Roots: 0.1ms
[84.870s][info][gc,phases   ] GC(14)   Evacuate Collection Set: 4.2ms
[84.870s][info][gc,phases   ] GC(14)   Post Evacuate Collection Set: 0.7ms
[84.870s][info][gc,phases   ] GC(14)   Other: 0.1ms
[84.870s][info][gc,heap     ] GC(14) Eden regions: 1->0(325)
[84.870s][info][gc,heap     ] GC(14) Survivor regions: 7->7(42)
[84.870s][info][gc,heap     ] GC(14) Old regions: 19->19
[84.870s][info][gc,heap     ] GC(14) Archive regions: 0->0
[84.871s][info][gc,heap     ] GC(14) Humongous regions: 6->6
[84.871s][info][gc,metaspace] GC(14) Metaspace: 60426K(60928K)->60426K(60928K) NonClass: 53039K(53312K)->53039K(53312K) Class: 7386K(7616K)->7386K(7616K)
[84.871s][info][gc          ] GC(14) Pause Young (Concurrent Start) (Metadata GC Threshold) 32M->31M(554M) 5.779ms
[84.871s][info][gc          ] GC(15) Concurrent Mark Cycle
[84.871s][info][gc,cpu      ] GC(14) User=0.13s Sys=0.08s Real=0.02s
[84.871s][info][gc,marking  ] GC(15) Concurrent Scan Root Regions
[84.873s][info][gc,marking  ] GC(15) Concurrent Scan Root Regions 2.049ms
[84.873s][info][gc,marking  ] GC(15) Concurrent Mark
[84.873s][info][gc,marking  ] GC(15) Concurrent Mark From Roots
[84.873s][info][gc,task     ] GC(15) Using 8 workers of 8 for marking
[84.880s][info][gc,marking  ] GC(15) Concurrent Mark From Roots 7.075ms
[84.880s][info][gc,marking  ] GC(15) Concurrent Preclean
[84.880s][info][gc,marking  ] GC(15) Concurrent Preclean 0.070ms
[84.880s][info][gc,start    ] GC(15) Pause Remark
[84.884s][info][gc          ] GC(15) Pause Remark 32M->32M(110M) 3.977ms
[84.884s][info][gc,cpu      ] GC(15) User=0.02s Sys=0.00s Real=0.01s
[84.885s][info][gc,marking  ] GC(15) Concurrent Mark 11.713ms
[84.885s][info][gc,marking  ] GC(15) Concurrent Rebuild Remembered Sets and Scrub Regions
[84.888s][info][gc,marking  ] GC(15) Concurrent Rebuild Remembered Sets and Scrub Regions 3.224ms
[84.888s][info][gc,start    ] GC(15) Pause Cleanup
[84.888s][info][gc          ] GC(15) Pause Cleanup 32M->32M(110M) 0.182ms
[84.888s][info][gc,cpu      ] GC(15) User=0.00s Sys=0.00s Real=0.00s
[84.888s][info][gc,marking  ] GC(15) Concurrent Clear Claimed Marks
[84.888s][info][gc,marking  ] GC(15) Concurrent Clear Claimed Marks 0.053ms
[84.888s][info][gc,marking  ] GC(15) Concurrent Cleanup for Next Mark
[84.889s][info][gc,marking  ] GC(15) Concurrent Cleanup for Next Mark 0.414ms
[84.889s][info][gc          ] GC(15) Concurrent Mark Cycle 18.113ms
[86.088s][info][gc,start    ] GC(16) Pause Young (Prepare Mixed) (G1 Evacuation Pause)
[86.088s][info][gc,task     ] GC(16) Using 7 workers of 33 for evacuation
[86.104s][info][gc,phases   ] GC(16)   Pre Evacuate Collection Set: 0.1ms
[86.104s][info][gc,phases   ] GC(16)   Merge Heap Roots: 0.1ms
[86.104s][info][gc,phases   ] GC(16)   Evacuate Collection Set: 13.7ms
[86.104s][info][gc,phases   ] GC(16)   Post Evacuate Collection Set: 1.5ms
[86.104s][info][gc,phases   ] GC(16)   Other: 0.2ms
[86.104s][info][gc,heap     ] GC(16) Eden regions: 78->0(60)
[86.104s][info][gc,heap     ] GC(16) Survivor regions: 7->13(42)
[86.104s][info][gc,heap     ] GC(16) Old regions: 19->19
[86.104s][info][gc,heap     ] GC(16) Archive regions: 0->0
[86.104s][info][gc,heap     ] GC(16) Humongous regions: 6->6
[86.104s][info][gc,metaspace] GC(16) Metaspace: 81477K(82048K)->81477K(82048K) NonClass: 71368K(71680K)->71368K(71680K) Class: 10109K(10368K)->10109K(10368K)
[86.104s][info][gc          ] GC(16) Pause Young (Prepare Mixed) (G1 Evacuation Pause) 109M->37M(123M) 16.195ms
[86.104s][info][gc,cpu      ] GC(16) User=0.09s Sys=0.02s Real=0.02s
[86.258s][info][gc,start    ] GC(17) Pause Full (System.gc())
[86.258s][info][gc,task     ] GC(17) Using 4 workers of 33 for full compaction
[86.259s][info][gc,phases,start] GC(17) Phase 1: Mark live objects
[86.293s][info][gc,phases      ] GC(17) Phase 1: Mark live objects 34.066ms
[86.293s][info][gc,phases,start] GC(17) Phase 2: Prepare compaction
[86.297s][info][gc,phases      ] GC(17) Phase 2: Prepare compaction 3.607ms
[86.297s][info][gc,phases,start] GC(17) Phase 3: Adjust pointers
[86.305s][info][gc,phases      ] GC(17) Phase 3: Adjust pointers 8.659ms
[86.305s][info][gc,phases,start] GC(17) Phase 4: Compact heap
[86.308s][info][gc,phases      ] GC(17) Phase 4: Compact heap 2.606ms
[86.317s][info][gc,heap        ] GC(17) Eden regions: 12->0(73)
[86.317s][info][gc,heap        ] GC(17) Survivor regions: 13->0(42)
[86.317s][info][gc,heap        ] GC(17) Old regions: 19->31
[86.317s][info][gc,heap        ] GC(17) Archive regions: 0->0
[86.317s][info][gc,heap        ] GC(17) Humongous regions: 6->6
[86.317s][info][gc,metaspace   ] GC(17) Metaspace: 84466K(84928K)->84466K(84928K) NonClass: 73986K(74240K)->73986K(74240K) Class: 10480K(10688K)->10480K(10688K)
[86.317s][info][gc             ] GC(17) Pause Full (System.gc()) 48M->35M(123M) 58.528ms
[86.317s][info][gc,cpu         ] GC(17) User=0.19s Sys=0.00s Real=0.05s
[87.457s][info][gc,start       ] GC(18) Pause Young (Normal) (GCLocker Initiated GC)
[87.457s][info][gc,task        ] GC(18) Using 3 workers of 33 for evacuation
[87.473s][info][gc,phases      ] GC(18)   Pre Evacuate Collection Set: 0.1ms
[87.473s][info][gc,phases      ] GC(18)   Merge Heap Roots: 0.1ms
[87.473s][info][gc,phases      ] GC(18)   Evacuate Collection Set: 14.1ms
[87.473s][info][gc,phases      ] GC(18)   Post Evacuate Collection Set: 1.0ms
[87.473s][info][gc,phases      ] GC(18)   Other: 0.1ms
[87.473s][info][gc,heap        ] GC(18) Eden regions: 73->0(69)
[87.473s][info][gc,heap        ] GC(18) Survivor regions: 0->7(10)
[87.473s][info][gc,heap        ] GC(18) Old regions: 31->31
[87.473s][info][gc,heap        ] GC(18) Archive regions: 0->0
[87.473s][info][gc,heap        ] GC(18) Humongous regions: 16->6
[87.473s][info][gc,metaspace   ] GC(18) Metaspace: 98298K(99136K)->98298K(99136K) NonClass: 85802K(86272K)->85802K(86272K) Class: 12495K(12864K)->12495K(12864K)
[87.473s][info][gc             ] GC(18) Pause Young (Normal) (GCLocker Initiated GC) 118M->42M(127M) 15.821ms
[87.473s][info][gc,cpu         ] GC(18) User=0.05s Sys=0.00s Real=0.02s
[88.032s][info][gc,start       ] GC(19) Pause Young (Normal) (G1 Evacuation Pause)
[88.032s][info][gc,task        ] GC(19) Using 3 workers of 33 for evacuation
[88.044s][info][gc,phases      ] GC(19)   Pre Evacuate Collection Set: 0.1ms
[88.044s][info][gc,phases      ] GC(19)   Merge Heap Roots: 0.1ms
[88.044s][info][gc,phases      ] GC(19)   Evacuate Collection Set: 10.9ms
[88.044s][info][gc,phases      ] GC(19)   Post Evacuate Collection Set: 0.7ms
[88.044s][info][gc,phases      ] GC(19)   Other: 0.1ms
[88.044s][info][gc,heap        ] GC(19) Eden regions: 69->0(65)
[88.044s][info][gc,heap        ] GC(19) Survivor regions: 7->6(10)
[88.044s][info][gc,heap        ] GC(19) Old regions: 31->37
[88.044s][info][gc,heap        ] GC(19) Archive regions: 0->0
[88.044s][info][gc,heap        ] GC(19) Humongous regions: 6->6
[88.044s][info][gc,metaspace   ] GC(19) Metaspace: 103233K(105664K)->103233K(105664K) NonClass: 89457K(90816K)->89457K(90816K) Class: 13776K(14848K)->13776K(14848K)
[88.044s][info][gc             ] GC(19) Pause Young (Normal) (G1 Evacuation Pause) 111M->47M(127M) 12.181ms
[88.044s][info][gc,cpu         ] GC(19) User=0.00s Sys=0.00s Real=0.00s
[88.256s][info][gc,start       ] GC(20) Pause Young (Normal) (G1 Evacuation Pause)
[88.256s][info][gc,task        ] GC(20) Using 3 workers of 33 for evacuation
[88.265s][info][gc,phases      ] GC(20)   Pre Evacuate Collection Set: 0.1ms
[88.266s][info][gc,phases      ] GC(20)   Merge Heap Roots: 0.1ms
[88.266s][info][gc,phases      ] GC(20)   Evacuate Collection Set: 9.2ms
[88.266s][info][gc,phases      ] GC(20)   Post Evacuate Collection Set: 0.4ms
[88.266s][info][gc,phases      ] GC(20)   Other: 0.1ms
[88.266s][info][gc,heap        ] GC(20) Eden regions: 65->0(60)
[88.266s][info][gc,heap        ] GC(20) Survivor regions: 6->6(9)
[88.266s][info][gc,heap        ] GC(20) Old regions: 37->42
[88.266s][info][gc,heap        ] GC(20) Archive regions: 0->0
[88.266s][info][gc,heap        ] GC(20) Humongous regions: 6->6
[88.266s][info][gc,metaspace   ] GC(20) Metaspace: 107975K(113344K)->107975K(113344K) NonClass: 92956K(96000K)->92956K(96000K) Class: 15019K(17344K)->15019K(17344K)
[88.266s][info][gc             ] GC(20) Pause Young (Normal) (G1 Evacuation Pause) 112M->52M(127M) 10.093ms
[88.266s][info][gc,cpu         ] GC(20) User=0.09s Sys=0.00s Real=0.01s
[88.573s][info][gc,start       ] GC(21) Pause Young (Normal) (G1 Evacuation Pause)
[88.573s][info][gc,task        ] GC(21) Using 3 workers of 33 for evacuation
[88.585s][info][gc,phases      ] GC(21)   Pre Evacuate Collection Set: 0.1ms
[88.585s][info][gc,phases      ] GC(21)   Merge Heap Roots: 0.1ms
[88.585s][info][gc,phases      ] GC(21)   Evacuate Collection Set: 8.7ms
[88.585s][info][gc,phases      ] GC(21)   Post Evacuate Collection Set: 3.3ms
[88.586s][info][gc,phases      ] GC(21)   Other: 0.1ms
[88.586s][info][gc,heap        ] GC(21) Eden regions: 60->0(341)
[88.586s][info][gc,heap        ] GC(21) Survivor regions: 6->4(9)
[88.586s][info][gc,heap        ] GC(21) Old regions: 42->45
[88.586s][info][gc,heap        ] GC(21) Archive regions: 0->0
[88.586s][info][gc,heap        ] GC(21) Humongous regions: 6->6
[88.586s][info][gc,metaspace   ] GC(21) Metaspace: 113840K(120640K)->113840K(120640K) NonClass: 97244K(101056K)->97244K(101056K) Class: 16595K(19584K)->16595K(19584K)
[88.586s][info][gc             ] GC(21) Pause Young (Normal) (G1 Evacuation Pause) 112M->53M(576M) 12.639ms
[88.586s][info][gc,cpu         ] GC(21) User=0.05s Sys=0.00s Real=0.02s
[90.125s][info][gc,start       ] GC(22) Pause Young (Normal) (G1 Evacuation Pause)
[90.125s][info][gc,task        ] GC(22) Using 13 workers of 33 for evacuation
[90.134s][info][gc,phases      ] GC(22)   Pre Evacuate Collection Set: 0.1ms
[90.134s][info][gc,phases      ] GC(22)   Merge Heap Roots: 0.1ms
[90.134s][info][gc,phases      ] GC(22)   Evacuate Collection Set: 8.1ms
[90.134s][info][gc,phases      ] GC(22)   Post Evacuate Collection Set: 0.9ms
[90.134s][info][gc,phases      ] GC(22)   Other: 0.2ms
[90.134s][info][gc,heap        ] GC(22) Eden regions: 341->0(317)
[90.134s][info][gc,heap        ] GC(22) Survivor regions: 4->28(44)
[90.134s][info][gc,heap        ] GC(22) Old regions: 45->45
[90.134s][info][gc,heap        ] GC(22) Archive regions: 0->0
[90.134s][info][gc,heap        ] GC(22) Humongous regions: 6->6
[90.134s][info][gc,metaspace   ] GC(22) Metaspace: 124074K(131008K)->124074K(131008K) NonClass: 104967K(108864K)->104967K(108864K) Class: 19107K(22144K)->19107K(22144K)
[90.134s][info][gc             ] GC(22) Pause Young (Normal) (G1 Evacuation Pause) 394M->77M(576M) 9.616ms
[90.134s][info][gc,cpu         ] GC(22) User=0.00s Sys=0.00s Real=0.00s
[90.304s][info][gc,start       ] GC(23) Pause Young (Normal) (G1 Evacuation Pause)
[90.305s][info][gc,task        ] GC(23) Using 13 workers of 33 for evacuation
[90.310s][info][gc,phases      ] GC(23)   Pre Evacuate Collection Set: 0.2ms
[90.310s][info][gc,phases      ] GC(23)   Merge Heap Roots: 0.1ms
[90.310s][info][gc,phases      ] GC(23)   Evacuate Collection Set: 4.9ms
[90.310s][info][gc,phases      ] GC(23)   Post Evacuate Collection Set: 0.4ms
[90.310s][info][gc,phases      ] GC(23)   Other: 0.1ms
[90.310s][info][gc,heap        ] GC(23) Eden regions: 317->0(322)
[90.310s][info][gc,heap        ] GC(23) Survivor regions: 28->23(44)
[90.310s][info][gc,heap        ] GC(23) Old regions: 45->63
[90.310s][info][gc,heap        ] GC(23) Archive regions: 0->0
[90.310s][info][gc,heap        ] GC(23) Humongous regions: 6->6
[90.310s][info][gc,metaspace   ] GC(23) Metaspace: 124075K(131008K)->124075K(131008K) NonClass: 104968K(108864K)->104968K(108864K) Class: 19107K(22144K)->19107K(22144K)
[90.310s][info][gc             ] GC(23) Pause Young (Normal) (G1 Evacuation Pause) 394M->89M(576M) 5.928ms
[90.310s][info][gc,cpu         ] GC(23) User=0.06s Sys=0.00s Real=0.02s
[90.366s][info][gc,start       ] GC(24) Pause Young (Normal) (G1 Evacuation Pause)
[90.366s][info][gc,task        ] GC(24) Using 13 workers of 33 for evacuation
[90.367s][info][gc,phases      ] GC(24)   Pre Evacuate Collection Set: 0.1ms
[90.367s][info][gc,phases      ] GC(24)   Merge Heap Roots: 0.1ms
[90.367s][info][gc,phases      ] GC(24)   Evacuate Collection Set: 0.7ms
[90.367s][info][gc,phases      ] GC(24)   Post Evacuate Collection Set: 0.4ms
[90.367s][info][gc,phases      ] GC(24)   Other: 0.1ms
[90.367s][info][gc,heap        ] GC(24) Eden regions: 322->0(340)
[90.367s][info][gc,heap        ] GC(24) Survivor regions: 23->5(44)
[90.367s][info][gc,heap        ] GC(24) Old regions: 63->63
[90.367s][info][gc,heap        ] GC(24) Archive regions: 0->0
[90.367s][info][gc,heap        ] GC(24) Humongous regions: 48->48
[90.367s][info][gc,metaspace   ] GC(24) Metaspace: 124077K(131008K)->124077K(131008K) NonClass: 104970K(108864K)->104970K(108864K) Class: 19107K(22144K)->19107K(22144K)
[90.367s][info][gc             ] GC(24) Pause Young (Normal) (G1 Evacuation Pause) 453M->113M(576M) 1.685ms
[90.367s][info][gc,cpu         ] GC(24) User=0.00s Sys=0.00s Real=0.00s
[90.396s][info][gc,start       ] GC(25) Pause Young (Normal) (G1 Evacuation Pause)
[90.396s][info][gc,task        ] GC(25) Using 13 workers of 33 for evacuation
[90.397s][info][gc,phases      ] GC(25)   Pre Evacuate Collection Set: 0.1ms
[90.397s][info][gc,phases      ] GC(25)   Merge Heap Roots: 0.1ms
[90.397s][info][gc,phases      ] GC(25)   Evacuate Collection Set: 0.6ms
[90.397s][info][gc,phases      ] GC(25)   Post Evacuate Collection Set: 0.4ms
[90.397s][info][gc,phases      ] GC(25)   Other: 0.1ms
[90.397s][info][gc,heap        ] GC(25) Eden regions: 340->0(344)
[90.397s][info][gc,heap        ] GC(25) Survivor regions: 5->1(44)
[90.397s][info][gc,heap        ] GC(25) Old regions: 63->63
[90.397s][info][gc,heap        ] GC(25) Archive regions: 0->0
[90.397s][info][gc,heap        ] GC(25) Humongous regions: 54->54
[90.397s][info][gc,metaspace   ] GC(25) Metaspace: 124093K(131008K)->124093K(131008K) NonClass: 104985K(108864K)->104985K(108864K) Class: 19107K(22144K)->19107K(22144K)
[90.397s][info][gc             ] GC(25) Pause Young (Normal) (G1 Evacuation Pause) 459M->115M(576M) 1.542ms
[90.397s][info][gc,cpu         ] GC(25) User=0.00s Sys=0.00s Real=0.00s
[90.462s][info][gc,start       ] GC(26) Pause Young (Normal) (G1 Evacuation Pause)
[90.462s][info][gc,task        ] GC(26) Using 13 workers of 33 for evacuation
[90.463s][info][gc,phases      ] GC(26)   Pre Evacuate Collection Set: 0.1ms
[90.463s][info][gc,phases      ] GC(26)   Merge Heap Roots: 0.1ms
[90.464s][info][gc,phases      ] GC(26)   Evacuate Collection Set: 0.6ms
[90.464s][info][gc,phases      ] GC(26)   Post Evacuate Collection Set: 0.4ms
[90.464s][info][gc,phases      ] GC(26)   Other: 0.1ms
[90.464s][info][gc,heap        ] GC(26) Eden regions: 344->0(335)
[90.464s][info][gc,heap        ] GC(26) Survivor regions: 1->1(44)
[90.464s][info][gc,heap        ] GC(26) Old regions: 63->63
[90.464s][info][gc,heap        ] GC(26) Archive regions: 0->0
[90.464s][info][gc,heap        ] GC(26) Humongous regions: 146->139
[90.464s][info][gc,metaspace   ] GC(26) Metaspace: 124100K(131008K)->124100K(131008K) NonClass: 104993K(108864K)->104993K(108864K) Class: 19107K(22144K)->19107K(22144K)
[90.464s][info][gc             ] GC(26) Pause Young (Normal) (G1 Evacuation Pause) 551M->200M(576M) 1.655ms
[90.464s][info][gc,cpu         ] GC(26) User=0.00s Sys=0.00s Real=0.00s
[90.494s][info][gc,start       ] GC(27) Pause Young (Normal) (G1 Evacuation Pause)
[90.494s][info][gc,task        ] GC(27) Using 13 workers of 33 for evacuation
[90.495s][info][gc,phases      ] GC(27)   Pre Evacuate Collection Set: 0.1ms
[90.495s][info][gc,phases      ] GC(27)   Merge Heap Roots: 0.1ms
[90.495s][info][gc,phases      ] GC(27)   Evacuate Collection Set: 0.6ms
[90.495s][info][gc,phases      ] GC(27)   Post Evacuate Collection Set: 0.4ms
[90.495s][info][gc,phases      ] GC(27)   Other: 0.1ms
[90.495s][info][gc,heap        ] GC(27) Eden regions: 335->0(344)
[90.495s][info][gc,heap        ] GC(27) Survivor regions: 1->1(42)
[90.495s][info][gc,heap        ] GC(27) Old regions: 63->63
[90.495s][info][gc,heap        ] GC(27) Archive regions: 0->0
[90.495s][info][gc,heap        ] GC(27) Humongous regions: 147->104
[90.495s][info][gc,metaspace   ] GC(27) Metaspace: 124100K(131008K)->124100K(131008K) NonClass: 104993K(108864K)->104993K(108864K) Class: 19107K(22144K)->19107K(22144K)
[90.495s][info][gc             ] GC(27) Pause Young (Normal) (G1 Evacuation Pause) 543M->166M(576M) 1.539ms
[90.495s][info][gc,cpu         ] GC(27) User=0.00s Sys=0.00s Real=0.00s
[90.524s][info][gc,start       ] GC(28) Pause Young (Normal) (G1 Evacuation Pause)
[90.524s][info][gc,task        ] GC(28) Using 13 workers of 33 for evacuation
[90.525s][info][gc,phases      ] GC(28)   Pre Evacuate Collection Set: 0.1ms
[90.525s][info][gc,phases      ] GC(28)   Merge Heap Roots: 0.1ms
[90.525s][info][gc,phases      ] GC(28)   Evacuate Collection Set: 0.6ms
[90.525s][info][gc,phases      ] GC(28)   Post Evacuate Collection Set: 0.4ms
[90.525s][info][gc,phases      ] GC(28)   Other: 0.1ms
[90.525s][info][gc,heap        ] GC(28) Eden regions: 344->0(344)
[90.525s][info][gc,heap        ] GC(28) Survivor regions: 1->1(44)
[90.525s][info][gc,heap        ] GC(28) Old regions: 63->63
[90.525s][info][gc,heap        ] GC(28) Archive regions: 0->0
[90.525s][info][gc,heap        ] GC(28) Humongous regions: 108->106
[90.525s][info][gc,metaspace   ] GC(28) Metaspace: 124100K(131008K)->124100K(131008K) NonClass: 104993K(108864K)->104993K(108864K) Class: 19107K(22144K)->19107K(22144K)
[90.525s][info][gc             ] GC(28) Pause Young (Normal) (G1 Evacuation Pause) 514M->167M(576M) 1.561ms
[90.525s][info][gc,cpu         ] GC(28) User=0.00s Sys=0.00s Real=0.00s
[90.553s][info][gc,start       ] GC(29) Pause Young (Normal) (G1 Evacuation Pause)
[90.553s][info][gc,task        ] GC(29) Using 13 workers of 33 for evacuation
[90.555s][info][gc,phases      ] GC(29)   Pre Evacuate Collection Set: 0.1ms
[90.555s][info][gc,phases      ] GC(29)   Merge Heap Roots: 0.1ms
[90.555s][info][gc,phases      ] GC(29)   Evacuate Collection Set: 0.6ms
[90.555s][info][gc,phases      ] GC(29)   Post Evacuate Collection Set: 0.4ms
[90.555s][info][gc,phases      ] GC(29)   Other: 0.1ms
[90.555s][info][gc,heap        ] GC(29) Eden regions: 344->0(344)
[90.555s][info][gc,heap        ] GC(29) Survivor regions: 1->1(44)
[90.555s][info][gc,heap        ] GC(29) Old regions: 63->63
[90.555s][info][gc,heap        ] GC(29) Archive regions: 0->0
[90.555s][info][gc,heap        ] GC(29) Humongous regions: 110->110
[90.555s][info][gc,metaspace   ] GC(29) Metaspace: 124100K(131008K)->124100K(131008K) NonClass: 104993K(108864K)->104993K(108864K) Class: 19107K(22144K)->19107K(22144K)
[90.555s][info][gc             ] GC(29) Pause Young (Normal) (G1 Evacuation Pause) 515M->171M(576M) 1.513ms
[90.555s][info][gc,cpu         ] GC(29) User=0.00s Sys=0.00s Real=0.00s
[90.602s][info][gc,start       ] GC(30) Pause Young (Normal) (G1 Evacuation Pause)
[90.602s][info][gc,task        ] GC(30) Using 14 workers of 33 for evacuation
[90.604s][info][gc,phases      ] GC(30)   Pre Evacuate Collection Set: 0.1ms
[90.604s][info][gc,phases      ] GC(30)   Merge Heap Roots: 0.1ms
[90.604s][info][gc,phases      ] GC(30)   Evacuate Collection Set: 0.6ms
[90.604s][info][gc,phases      ] GC(30)   Post Evacuate Collection Set: 0.5ms
[90.604s][info][gc,phases      ] GC(30)   Other: 0.1ms
[90.604s][info][gc,heap        ] GC(30) Eden regions: 326->0(312)
[90.604s][info][gc,heap        ] GC(30) Survivor regions: 1->1(44)
[90.604s][info][gc,heap        ] GC(30) Old regions: 63->63
[90.604s][info][gc,heap        ] GC(30) Archive regions: 0->0
[90.604s][info][gc,heap        ] GC(30) Humongous regions: 198->182
[90.604s][info][gc,metaspace   ] GC(30) Metaspace: 124100K(131008K)->124100K(131008K) NonClass: 104993K(108864K)->104993K(108864K) Class: 19107K(22144K)->19107K(22144K)
[90.604s][info][gc             ] GC(30) Pause Young (Normal) (G1 Evacuation Pause) 585M->243M(589M) 1.710ms
[90.604s][info][gc,cpu         ] GC(30) User=0.00s Sys=0.00s Real=0.00s
[90.618s][info][gc,start       ] GC(31) Pause Young (Concurrent Start) (G1 Humongous Allocation)
[90.618s][info][gc,task        ] GC(31) Using 14 workers of 33 for evacuation
[90.622s][info][gc,phases      ] GC(31)   Pre Evacuate Collection Set: 0.3ms
[90.622s][info][gc,phases      ] GC(31)   Merge Heap Roots: 0.1ms
[90.622s][info][gc,phases      ] GC(31)   Evacuate Collection Set: 2.5ms
[90.622s][info][gc,phases      ] GC(31)   Post Evacuate Collection Set: 0.5ms
[90.622s][info][gc,phases      ] GC(31)   Other: 0.1ms
[90.622s][info][gc,heap        ] GC(31) Eden regions: 22->0(296)
[90.622s][info][gc,heap        ] GC(31) Survivor regions: 1->1(40)
[90.622s][info][gc,heap        ] GC(31) Old regions: 63->63
[90.622s][info][gc,heap        ] GC(31) Archive regions: 0->0
[90.622s][info][gc,heap        ] GC(31) Humongous regions: 210->198
[90.622s][info][gc,metaspace   ] GC(31) Metaspace: 124100K(131008K)->124100K(131008K) NonClass: 104993K(108864K)->104993K(108864K) Class: 19107K(22144K)->19107K(22144K)
[90.622s][info][gc             ] GC(31) Pause Young (Concurrent Start) (G1 Humongous Allocation) 293M->259M(589M) 3.876ms
[90.622s][info][gc             ] GC(32) Concurrent Undo Cycle
[90.622s][info][gc,cpu         ] GC(31) User=0.00s Sys=0.00s Real=0.00s
[90.622s][info][gc,marking     ] GC(32) Concurrent Clear Claimed Marks
[90.623s][info][gc,marking     ] GC(32) Concurrent Clear Claimed Marks 1.047ms
[90.623s][info][gc,marking     ] GC(32) Concurrent Cleanup for Next Mark
[90.642s][info][gc,marking     ] GC(32) Concurrent Cleanup for Next Mark 18.397ms
[90.643s][info][gc             ] GC(32) Concurrent Undo Cycle 21.050ms
[90.644s][info][gc,start       ] GC(33) Pause Young (Concurrent Start) (G1 Humongous Allocation)
[90.644s][info][gc,task        ] GC(33) Using 14 workers of 33 for evacuation
[90.648s][info][gc,phases      ] GC(33)   Pre Evacuate Collection Set: 0.3ms
[90.648s][info][gc,phases      ] GC(33)   Merge Heap Roots: 0.1ms
[90.648s][info][gc,phases      ] GC(33)   Evacuate Collection Set: 2.7ms
[90.648s][info][gc,phases      ] GC(33)   Post Evacuate Collection Set: 0.7ms
[90.648s][info][gc,phases      ] GC(33)   Other: 0.1ms
[90.648s][info][gc,heap        ] GC(33) Eden regions: 8->0(314)
[90.648s][info][gc,heap        ] GC(33) Survivor regions: 1->1(38)
[90.648s][info][gc,heap        ] GC(33) Old regions: 63->63
[90.648s][info][gc,heap        ] GC(33) Archive regions: 0->0
[90.648s][info][gc,heap        ] GC(33) Humongous regions: 218->180
[90.649s][info][gc,metaspace   ] GC(33) Metaspace: 124100K(131008K)->124100K(131008K) NonClass: 104993K(108864K)->104993K(108864K) Class: 19107K(22144K)->19107K(22144K)
[90.649s][info][gc             ] GC(33) Pause Young (Concurrent Start) (G1 Humongous Allocation) 287M->241M(589M) 4.408ms
[90.649s][info][gc             ] GC(34) Concurrent Undo Cycle
[90.649s][info][gc,cpu         ] GC(33) User=0.00s Sys=0.00s Real=0.00s
[90.649s][info][gc,marking     ] GC(34) Concurrent Clear Claimed Marks
[90.650s][info][gc,marking     ] GC(34) Concurrent Clear Claimed Marks 0.763ms
[90.650s][info][gc,marking     ] GC(34) Concurrent Cleanup for Next Mark
[90.650s][info][gc,marking     ] GC(34) Concurrent Cleanup for Next Mark 0.350ms
[90.650s][info][gc             ] GC(34) Concurrent Undo Cycle 1.716ms
[90.656s][info][gc,start       ] GC(35) Pause Young (Concurrent Start) (G1 Humongous Allocation)
[90.657s][info][gc,task        ] GC(35) Using 14 workers of 33 for evacuation
[90.660s][info][gc,phases      ] GC(35)   Pre Evacuate Collection Set: 0.3ms
[90.660s][info][gc,phases      ] GC(35)   Merge Heap Roots: 0.1ms
[90.660s][info][gc,phases      ] GC(35)   Evacuate Collection Set: 2.6ms
[90.660s][info][gc,phases      ] GC(35)   Post Evacuate Collection Set: 0.6ms
[90.660s][info][gc,phases      ] GC(35)   Other: 0.1ms
[90.660s][info][gc,heap        ] GC(35) Eden regions: 34->0(294)
[90.660s][info][gc,heap        ] GC(35) Survivor regions: 1->1(40)
[90.660s][info][gc,heap        ] GC(35) Old regions: 63->63
[90.660s][info][gc,heap        ] GC(35) Archive regions: 0->0
[90.660s][info][gc,heap        ] GC(35) Humongous regions: 204->200
[90.661s][info][gc,metaspace   ] GC(35) Metaspace: 124100K(131008K)->124100K(131008K) NonClass: 104993K(108864K)->104993K(108864K) Class: 19107K(22144K)->19107K(22144K)
[90.661s][info][gc             ] GC(35) Pause Young (Concurrent Start) (G1 Humongous Allocation) 299M->261M(589M) 4.128ms
[90.661s][info][gc             ] GC(36) Concurrent Undo Cycle
[90.661s][info][gc,cpu         ] GC(35) User=0.00s Sys=0.00s Real=0.00s
[90.661s][info][gc,marking     ] GC(36) Concurrent Clear Claimed Marks
[90.662s][info][gc,marking     ] GC(36) Concurrent Clear Claimed Marks 1.178ms
[90.662s][info][gc,marking     ] GC(36) Concurrent Cleanup for Next Mark
[90.663s][info][gc,marking     ] GC(36) Concurrent Cleanup for Next Mark 0.393ms
[90.663s][info][gc             ] GC(36) Concurrent Undo Cycle 2.165ms
[90.667s][info][gc,start       ] GC(37) Pause Young (Concurrent Start) (G1 Humongous Allocation)
[90.667s][info][gc,task        ] GC(37) Using 14 workers of 33 for evacuation
[90.671s][info][gc,phases      ] GC(37)   Pre Evacuate Collection Set: 0.3ms
[90.671s][info][gc,phases      ] GC(37)   Merge Heap Roots: 0.1ms
[90.671s][info][gc,phases      ] GC(37)   Evacuate Collection Set: 2.6ms
[90.671s][info][gc,phases      ] GC(37)   Post Evacuate Collection Set: 0.6ms
[90.671s][info][gc,phases      ] GC(37)   Other: 0.1ms
[90.671s][info][gc,heap        ] GC(37) Eden regions: 59->0(296)
[90.671s][info][gc,heap        ] GC(37) Survivor regions: 1->1(37)
[90.671s][info][gc,heap        ] GC(37) Old regions: 63->63
[90.671s][info][gc,heap        ] GC(37) Archive regions: 0->0
[90.671s][info][gc,heap        ] GC(37) Humongous regions: 212->198
[90.671s][info][gc,metaspace   ] GC(37) Metaspace: 124100K(131008K)->124100K(131008K) NonClass: 104993K(108864K)->104993K(108864K) Class: 19107K(22144K)->19107K(22144K)
[90.671s][info][gc             ] GC(37) Pause Young (Concurrent Start) (G1 Humongous Allocation) 332M->259M(589M) 4.169ms
[90.671s][info][gc             ] GC(38) Concurrent Undo Cycle
[90.671s][info][gc,cpu         ] GC(37) User=0.00s Sys=0.00s Real=0.00s
[90.672s][info][gc,marking     ] GC(38) Concurrent Clear Claimed Marks
[90.672s][info][gc,marking     ] GC(38) Concurrent Clear Claimed Marks 0.526ms
[90.672s][info][gc,marking     ] GC(38) Concurrent Cleanup for Next Mark
[90.672s][info][gc,marking     ] GC(38) Concurrent Cleanup for Next Mark 0.269ms
[90.673s][info][gc             ] GC(38) Concurrent Undo Cycle 1.268ms
[90.674s][info][gc,start       ] GC(39) Pause Young (Concurrent Start) (G1 Humongous Allocation)
[90.674s][info][gc,task        ] GC(39) Using 14 workers of 33 for evacuation
[90.679s][info][gc,phases      ] GC(39)   Pre Evacuate Collection Set: 0.3ms
[90.679s][info][gc,phases      ] GC(39)   Merge Heap Roots: 0.1ms
[90.679s][info][gc,phases      ] GC(39)   Evacuate Collection Set: 2.2ms
[90.679s][info][gc,phases      ] GC(39)   Post Evacuate Collection Set: 2.0ms
[90.679s][info][gc,phases      ] GC(39)   Other: 0.1ms
[90.679s][info][gc,heap        ] GC(39) Eden regions: 15->0(407)
[90.679s][info][gc,heap        ] GC(39) Survivor regions: 1->1(38)
[90.679s][info][gc,heap        ] GC(39) Old regions: 63->63
[90.679s][info][gc,heap        ] GC(39) Archive regions: 0->0
[90.679s][info][gc,heap        ] GC(39) Humongous regions: 202->198
[90.679s][info][gc,metaspace   ] GC(39) Metaspace: 124100K(131008K)->124100K(131008K) NonClass: 104993K(108864K)->104993K(108864K) Class: 19107K(22144K)->19107K(22144K)
[90.679s][info][gc             ] GC(39) Pause Young (Concurrent Start) (G1 Humongous Allocation) 278M->259M(706M) 5.117ms
[90.679s][info][gc             ] GC(40) Concurrent Undo Cycle
[90.679s][info][gc,cpu         ] GC(39) User=0.00s Sys=0.00s Real=0.00s
[90.679s][info][gc,marking     ] GC(40) Concurrent Clear Claimed Marks
[90.680s][info][gc,marking     ] GC(40) Concurrent Clear Claimed Marks 0.337ms
[90.680s][info][gc,marking     ] GC(40) Concurrent Cleanup for Next Mark
[90.681s][info][gc,marking     ] GC(40) Concurrent Cleanup for Next Mark 0.918ms
[90.681s][info][gc             ] GC(40) Concurrent Undo Cycle 1.727ms
[90.762s][info][gc,start       ] GC(41) Pause Young (Normal) (G1 Evacuation Pause)
[90.762s][info][gc,task        ] GC(41) Using 16 workers of 33 for evacuation
[90.763s][info][gc,phases      ] GC(41)   Pre Evacuate Collection Set: 0.1ms
[90.763s][info][gc,phases      ] GC(41)   Merge Heap Roots: 0.1ms
[90.763s][info][gc,phases      ] GC(41)   Evacuate Collection Set: 0.6ms
[90.763s][info][gc,phases      ] GC(41)   Post Evacuate Collection Set: 0.5ms
[90.763s][info][gc,phases      ] GC(41)   Other: 0.1ms
[90.763s][info][gc,heap        ] GC(41) Eden regions: 407->0(407)
[90.763s][info][gc,heap        ] GC(41) Survivor regions: 1->1(51)
[90.763s][info][gc,heap        ] GC(41) Old regions: 63->63
[90.763s][info][gc,heap        ] GC(41) Archive regions: 0->0
[90.763s][info][gc,heap        ] GC(41) Humongous regions: 202->198
[90.763s][info][gc,metaspace   ] GC(41) Metaspace: 124103K(131008K)->124103K(131008K) NonClass: 104996K(108864K)->104996K(108864K) Class: 19107K(22144K)->19107K(22144K)
[90.763s][info][gc             ] GC(41) Pause Young (Normal) (G1 Evacuation Pause) 670M->260M(706M) 1.655ms
[90.763s][info][gc,cpu         ] GC(41) User=0.00s Sys=0.00s Real=0.00s
[90.793s][info][gc,start       ] GC(42) Pause Young (Normal) (G1 Evacuation Pause)
[90.793s][info][gc,task        ] GC(42) Using 16 workers of 33 for evacuation
[90.794s][info][gc,phases      ] GC(42)   Pre Evacuate Collection Set: 0.1ms
[90.794s][info][gc,phases      ] GC(42)   Merge Heap Roots: 0.1ms
[90.794s][info][gc,phases      ] GC(42)   Evacuate Collection Set: 0.5ms
[90.794s][info][gc,phases      ] GC(42)   Post Evacuate Collection Set: 0.4ms
[90.794s][info][gc,phases      ] GC(42)   Other: 0.1ms
[90.794s][info][gc,heap        ] GC(42) Eden regions: 407->0(407)
[90.794s][info][gc,heap        ] GC(42) Survivor regions: 1->1(51)
[90.794s][info][gc,heap        ] GC(42) Old regions: 63->63
[90.794s][info][gc,heap        ] GC(42) Archive regions: 0->0
[90.794s][info][gc,heap        ] GC(42) Humongous regions: 198->198
[90.794s][info][gc,metaspace   ] GC(42) Metaspace: 124103K(131008K)->124103K(131008K) NonClass: 104996K(108864K)->104996K(108864K) Class: 19107K(22144K)->19107K(22144K)
[90.794s][info][gc             ] GC(42) Pause Young (Normal) (G1 Evacuation Pause) 667M->259M(706M) 1.534ms
[90.794s][info][gc,cpu         ] GC(42) User=0.00s Sys=0.00s Real=0.00s
[90.824s][info][gc,start       ] GC(43) Pause Young (Normal) (G1 Evacuation Pause)
[90.824s][info][gc,task        ] GC(43) Using 16 workers of 33 for evacuation
[90.825s][info][gc,phases      ] GC(43)   Pre Evacuate Collection Set: 0.1ms
[90.825s][info][gc,phases      ] GC(43)   Merge Heap Roots: 0.1ms
[90.825s][info][gc,phases      ] GC(43)   Evacuate Collection Set: 0.6ms
[90.825s][info][gc,phases      ] GC(43)   Post Evacuate Collection Set: 0.5ms
[90.825s][info][gc,phases      ] GC(43)   Other: 0.1ms
[90.825s][info][gc,heap        ] GC(43) Eden regions: 407->0(407)
[90.825s][info][gc,heap        ] GC(43) Survivor regions: 1->1(51)
[90.825s][info][gc,heap        ] GC(43) Old regions: 63->63
[90.825s][info][gc,heap        ] GC(43) Archive regions: 0->0
[90.825s][info][gc,heap        ] GC(43) Humongous regions: 198->198
[90.825s][info][gc,metaspace   ] GC(43) Metaspace: 124103K(131008K)->124103K(131008K) NonClass: 104996K(108864K)->104996K(108864K) Class: 19107K(22144K)->19107K(22144K)
[90.825s][info][gc             ] GC(43) Pause Young (Normal) (G1 Evacuation Pause) 666M->260M(706M) 1.552ms
[90.825s][info][gc,cpu         ] GC(43) User=0.00s Sys=0.00s Real=0.00s
[90.855s][info][gc,start       ] GC(44) Pause Young (Normal) (G1 Evacuation Pause)
[90.855s][info][gc,task        ] GC(44) Using 16 workers of 33 for evacuation
[90.857s][info][gc,phases      ] GC(44)   Pre Evacuate Collection Set: 0.1ms
[90.857s][info][gc,phases      ] GC(44)   Merge Heap Roots: 0.1ms
[90.857s][info][gc,phases      ] GC(44)   Evacuate Collection Set: 0.6ms
[90.857s][info][gc,phases      ] GC(44)   Post Evacuate Collection Set: 0.4ms
[90.857s][info][gc,phases      ] GC(44)   Other: 0.1ms
[90.857s][info][gc,heap        ] GC(44) Eden regions: 407->0(400)
[90.857s][info][gc,heap        ] GC(44) Survivor regions: 1->1(51)
[90.857s][info][gc,heap        ] GC(44) Old regions: 63->63
[90.857s][info][gc,heap        ] GC(44) Archive regions: 0->0
[90.857s][info][gc,heap        ] GC(44) Humongous regions: 205->205
[90.857s][info][gc,metaspace   ] GC(44) Metaspace: 124103K(131008K)->124103K(131008K) NonClass: 104996K(108864K)->104996K(108864K) Class: 19107K(22144K)->19107K(22144K)
[90.857s][info][gc             ] GC(44) Pause Young (Normal) (G1 Evacuation Pause) 674M->266M(706M) 1.550ms
[90.857s][info][gc,cpu         ] GC(44) User=0.00s Sys=0.00s Real=0.00s
[90.888s][info][gc,start       ] GC(45) Pause Young (Normal) (G1 Evacuation Pause)
[90.889s][info][gc,task        ] GC(45) Using 16 workers of 33 for evacuation
[90.890s][info][gc,phases      ] GC(45)   Pre Evacuate Collection Set: 0.1ms
[90.890s][info][gc,phases      ] GC(45)   Merge Heap Roots: 0.1ms
[90.890s][info][gc,phases      ] GC(45)   Evacuate Collection Set: 0.5ms
[90.890s][info][gc,phases      ] GC(45)   Post Evacuate Collection Set: 0.5ms
[90.890s][info][gc,phases      ] GC(45)   Other: 0.1ms
[90.890s][info][gc,heap        ] GC(45) Eden regions: 400->0(397)
[90.890s][info][gc,heap        ] GC(45) Survivor regions: 1->1(51)
[90.890s][info][gc,heap        ] GC(45) Old regions: 63->63
[90.890s][info][gc,heap        ] GC(45) Archive regions: 0->0
[90.890s][info][gc,heap        ] GC(45) Humongous regions: 212->208
[90.890s][info][gc,metaspace   ] GC(45) Metaspace: 124103K(131008K)->124103K(131008K) NonClass: 104996K(108864K)->104996K(108864K) Class: 19107K(22144K)->19107K(22144K)
[90.890s][info][gc             ] GC(45) Pause Young (Normal) (G1 Evacuation Pause) 673M->270M(706M) 1.531ms
[90.890s][info][gc,cpu         ] GC(45) User=0.00s Sys=0.00s Real=0.00s
[90.920s][info][gc,start       ] GC(46) Pause Young (Concurrent Start) (G1 Humongous Allocation)
[90.920s][info][gc,task        ] GC(46) Using 16 workers of 33 for evacuation
[90.923s][info][gc,phases      ] GC(46)   Pre Evacuate Collection Set: 0.2ms
[90.923s][info][gc,phases      ] GC(46)   Merge Heap Roots: 0.1ms
[90.923s][info][gc,phases      ] GC(46)   Evacuate Collection Set: 1.9ms
[90.923s][info][gc,phases      ] GC(46)   Post Evacuate Collection Set: 0.5ms
[90.923s][info][gc,phases      ] GC(46)   Other: 0.1ms
[90.923s][info][gc,heap        ] GC(46) Eden regions: 374->0(359)
[90.923s][info][gc,heap        ] GC(46) Survivor regions: 1->1(50)
[90.923s][info][gc,heap        ] GC(46) Old regions: 63->63
[90.923s][info][gc,heap        ] GC(46) Archive regions: 0->0
[90.923s][info][gc,heap        ] GC(46) Humongous regions: 250->246
[90.923s][info][gc,metaspace   ] GC(46) Metaspace: 124103K(131008K)->124103K(131008K) NonClass: 104996K(108864K)->104996K(108864K) Class: 19107K(22144K)->19107K(22144K)
[90.923s][info][gc             ] GC(46) Pause Young (Concurrent Start) (G1 Humongous Allocation) 686M->308M(706M) 3.024ms
[90.923s][info][gc             ] GC(47) Concurrent Undo Cycle
[90.923s][info][gc,cpu         ] GC(46) User=0.03s Sys=0.00s Real=0.02s
[90.923s][info][gc,marking     ] GC(47) Concurrent Clear Claimed Marks
[90.926s][info][gc,marking     ] GC(47) Concurrent Clear Claimed Marks 2.345ms
[90.926s][info][gc,marking     ] GC(47) Concurrent Cleanup for Next Mark
[90.927s][info][gc,marking     ] GC(47) Concurrent Cleanup for Next Mark 0.745ms
[90.927s][info][gc             ] GC(47) Concurrent Undo Cycle 4.063ms
[90.941s][info][gc,start       ] GC(48) Pause Young (Concurrent Start) (G1 Humongous Allocation)
[90.941s][info][gc,task        ] GC(48) Using 16 workers of 33 for evacuation
[90.944s][info][gc,phases      ] GC(48)   Pre Evacuate Collection Set: 0.2ms
[90.944s][info][gc,phases      ] GC(48)   Merge Heap Roots: 0.1ms
[90.944s][info][gc,phases      ] GC(48)   Evacuate Collection Set: 2.6ms
[90.944s][info][gc,phases      ] GC(48)   Post Evacuate Collection Set: 0.4ms
[90.944s][info][gc,phases      ] GC(48)   Other: 0.1ms
[90.944s][info][gc,heap        ] GC(48) Eden regions: 64->0(357)
[90.944s][info][gc,heap        ] GC(48) Survivor regions: 1->1(45)
[90.944s][info][gc,heap        ] GC(48) Old regions: 63->63
[90.944s][info][gc,heap        ] GC(48) Archive regions: 0->0
[90.944s][info][gc,heap        ] GC(48) Humongous regions: 260->248
[90.944s][info][gc,metaspace   ] GC(48) Metaspace: 124103K(131008K)->124103K(131008K) NonClass: 104996K(108864K)->104996K(108864K) Class: 19107K(22144K)->19107K(22144K)
[90.944s][info][gc             ] GC(48) Pause Young (Concurrent Start) (G1 Humongous Allocation) 386M->309M(706M) 3.594ms
[90.944s][info][gc             ] GC(49) Concurrent Undo Cycle
[90.944s][info][gc,cpu         ] GC(48) User=0.00s Sys=0.00s Real=0.00s
[90.945s][info][gc,marking     ] GC(49) Concurrent Clear Claimed Marks
[90.946s][info][gc,marking     ] GC(49) Concurrent Clear Claimed Marks 1.418ms
[90.946s][info][gc,marking     ] GC(49) Concurrent Cleanup for Next Mark
[90.947s][info][gc,marking     ] GC(49) Concurrent Cleanup for Next Mark 0.593ms
[90.947s][info][gc             ] GC(49) Concurrent Undo Cycle 2.679ms
[90.961s][info][gc,start       ] GC(50) Pause Young (Concurrent Start) (G1 Humongous Allocation)
[90.961s][info][gc,task        ] GC(50) Using 16 workers of 33 for evacuation
[90.965s][info][gc,phases      ] GC(50)   Pre Evacuate Collection Set: 0.3ms
[90.965s][info][gc,phases      ] GC(50)   Merge Heap Roots: 0.1ms
[90.965s][info][gc,phases      ] GC(50)   Evacuate Collection Set: 3.0ms
[90.965s][info][gc,phases      ] GC(50)   Post Evacuate Collection Set: 0.5ms
[90.965s][info][gc,phases      ] GC(50)   Other: 0.1ms
[90.965s][info][gc,heap        ] GC(50) Eden regions: 42->0(341)
[90.965s][info][gc,heap        ] GC(50) Survivor regions: 1->1(45)
[90.965s][info][gc,heap        ] GC(50) Old regions: 63->63
[90.965s][info][gc,heap        ] GC(50) Archive regions: 0->0
[90.965s][info][gc,heap        ] GC(50) Humongous regions: 276->264
[90.965s][info][gc,metaspace   ] GC(50) Metaspace: 124103K(131008K)->124103K(131008K) NonClass: 104996K(108864K)->104996K(108864K) Class: 19107K(22144K)->19107K(22144K)
[90.966s][info][gc             ] GC(50) Pause Young (Concurrent Start) (G1 Humongous Allocation) 379M->325M(706M) 4.468ms
[90.966s][info][gc             ] GC(51) Concurrent Mark Cycle
[90.966s][info][gc,cpu         ] GC(50) User=0.00s Sys=0.00s Real=0.00s
[90.966s][info][gc,marking     ] GC(51) Concurrent Scan Root Regions
[90.973s][info][gc,marking     ] GC(51) Concurrent Scan Root Regions 7.008ms
[90.973s][info][gc,marking     ] GC(51) Concurrent Mark
[90.973s][info][gc,marking     ] GC(51) Concurrent Mark From Roots
[90.973s][info][gc,task        ] GC(51) Using 8 workers of 8 for marking
[91.024s][info][gc,start       ] GC(52) Pause Young (Normal) (G1 Evacuation Pause)
[91.024s][info][gc,task        ] GC(52) Using 17 workers of 33 for evacuation
[91.026s][info][gc,phases      ] GC(52)   Pre Evacuate Collection Set: 0.1ms
[91.026s][info][gc,phases      ] GC(52)   Merge Heap Roots: 0.1ms
[91.026s][info][gc,phases      ] GC(52)   Evacuate Collection Set: 0.7ms
[91.026s][info][gc,phases      ] GC(52)   Post Evacuate Collection Set: 1.1ms
[91.026s][info][gc,phases      ] GC(52)   Other: 0.1ms
[91.026s][info][gc,heap        ] GC(52) Eden regions: 210->0(346)
[91.026s][info][gc,heap        ] GC(52) Survivor regions: 1->1(43)
[91.026s][info][gc,heap        ] GC(52) Old regions: 63->63
[91.026s][info][gc,heap        ] GC(52) Archive regions: 0->0
[91.026s][info][gc,heap        ] GC(52) Humongous regions: 460->364
[91.026s][info][gc,metaspace   ] GC(52) Metaspace: 124103K(131008K)->124103K(131008K) NonClass: 104996K(108864K)->104996K(108864K) Class: 19107K(22144K)->19107K(22144K)
[91.026s][info][gc             ] GC(52) Pause Young (Normal) (G1 Evacuation Pause) 731M->425M(817M) 2.280ms
[91.026s][info][gc,cpu         ] GC(52) User=0.00s Sys=0.00s Real=0.00s
[91.042s][info][gc,marking     ] GC(51) Concurrent Mark From Roots 68.870ms
[91.042s][info][gc,marking     ] GC(51) Concurrent Preclean
[91.042s][info][gc,marking     ] GC(51) Concurrent Preclean 0.640ms
[91.043s][info][gc,start       ] GC(51) Pause Remark
[91.102s][info][gc             ] GC(51) Pause Remark 470M->470M(817M) 59.583ms
[91.102s][info][gc,cpu         ] GC(51) User=0.30s Sys=0.00s Real=0.05s
[91.104s][info][gc,marking     ] GC(51) Concurrent Mark 130.809ms
[91.104s][info][gc,marking     ] GC(51) Concurrent Rebuild Remembered Sets and Scrub Regions
[91.126s][info][gc,marking     ] GC(51) Concurrent Rebuild Remembered Sets and Scrub Regions 22.374ms
[91.126s][info][gc,start       ] GC(51) Pause Cleanup
[91.127s][info][gc             ] GC(51) Pause Cleanup 530M->530M(817M) 0.217ms
[91.127s][info][gc,cpu         ] GC(51) User=0.00s Sys=0.00s Real=0.00s
[91.127s][info][gc,marking     ] GC(51) Concurrent Clear Claimed Marks
[91.127s][info][gc,marking     ] GC(51) Concurrent Clear Claimed Marks 0.114ms
[91.127s][info][gc,marking     ] GC(51) Concurrent Cleanup for Next Mark
[91.138s][info][gc,marking     ] GC(51) Concurrent Cleanup for Next Mark 10.475ms
[91.138s][info][gc             ] GC(51) Concurrent Mark Cycle 172.557ms
[91.155s][info][gc,start       ] GC(53) Pause Young (Prepare Mixed) (G1 Evacuation Pause)
[91.155s][info][gc,task        ] GC(53) Using 19 workers of 33 for evacuation
[91.156s][info][gc,phases      ] GC(53)   Pre Evacuate Collection Set: 0.1ms
[91.156s][info][gc,phases      ] GC(53)   Merge Heap Roots: 0.1ms
[91.156s][info][gc,phases      ] GC(53)   Evacuate Collection Set: 0.4ms
[91.156s][info][gc,phases      ] GC(53)   Post Evacuate Collection Set: 0.5ms
[91.156s][info][gc,phases      ] GC(53)   Other: 0.1ms
[91.156s][info][gc,heap        ] GC(53) Eden regions: 346->0(364)
[91.156s][info][gc,heap        ] GC(53) Survivor regions: 1->1(44)
[91.156s][info][gc,heap        ] GC(53) Old regions: 63->63
[91.156s][info][gc,heap        ] GC(53) Archive regions: 0->0
[91.156s][info][gc,heap        ] GC(53) Humongous regions: 406->346
[91.156s][info][gc,metaspace   ] GC(53) Metaspace: 114481K(128960K)->114481K(128960K) NonClass: 97871K(106944K)->97871K(106944K) Class: 16609K(22016K)->16609K(22016K)
[91.156s][info][gc             ] GC(53) Pause Young (Prepare Mixed) (G1 Evacuation Pause) 813M->407M(817M) 1.421ms
[91.156s][info][gc,cpu         ] GC(53) User=0.00s Sys=0.00s Real=0.00s
[91.183s][info][gc,start       ] GC(54) Pause Young (Mixed) (G1 Evacuation Pause)
[91.183s][info][gc,task        ] GC(54) Using 19 workers of 33 for evacuation
[91.185s][info][gc,phases      ] GC(54)   Pre Evacuate Collection Set: 0.1ms
[91.185s][info][gc,phases      ] GC(54)   Merge Heap Roots: 0.1ms
[91.185s][info][gc,phases      ] GC(54)   Evacuate Collection Set: 1.0ms
[91.185s][info][gc,phases      ] GC(54)   Post Evacuate Collection Set: 0.4ms
[91.185s][info][gc,phases      ] GC(54)   Other: 0.1ms
[91.185s][info][gc,heap        ] GC(54) Eden regions: 364->0(370)
[91.185s][info][gc,heap        ] GC(54) Survivor regions: 1->1(46)
[91.185s][info][gc,heap        ] GC(54) Old regions: 63->61
[91.185s][info][gc,heap        ] GC(54) Archive regions: 0->0
[91.185s][info][gc,heap        ] GC(54) Humongous regions: 346->342
[91.185s][info][gc,metaspace   ] GC(54) Metaspace: 114481K(128960K)->114481K(128960K) NonClass: 97871K(106944K)->97871K(106944K) Class: 16609K(22016K)->16609K(22016K)
[91.185s][info][gc             ] GC(54) Pause Young (Mixed) (G1 Evacuation Pause) 771M->401M(817M) 1.942ms
[91.185s][info][gc,cpu         ] GC(54) User=0.00s Sys=0.00s Real=0.00s
[91.206s][info][gc,start       ] GC(55) Pause Young (Concurrent Start) (G1 Humongous Allocation)
[91.206s][info][gc,task        ] GC(55) Using 19 workers of 33 for evacuation
[91.208s][info][gc,phases      ] GC(55)   Pre Evacuate Collection Set: 0.2ms
[91.208s][info][gc,phases      ] GC(55)   Merge Heap Roots: 0.1ms
[91.208s][info][gc,phases      ] GC(55)   Evacuate Collection Set: 1.2ms
[91.208s][info][gc,phases      ] GC(55)   Post Evacuate Collection Set: 0.5ms
[91.208s][info][gc,phases      ] GC(55)   Other: 0.1ms
[91.208s][info][gc,heap        ] GC(55) Eden regions: 296->0(370)
[91.208s][info][gc,heap        ] GC(55) Survivor regions: 1->1(47)
[91.208s][info][gc,heap        ] GC(55) Old regions: 61->61
[91.208s][info][gc,heap        ] GC(55) Archive regions: 0->0
[91.208s][info][gc,heap        ] GC(55) Humongous regions: 342->342
[91.209s][info][gc,metaspace   ] GC(55) Metaspace: 114492K(128960K)->114492K(128960K) NonClass: 97874K(106944K)->97874K(106944K) Class: 16617K(22016K)->16617K(22016K)
[91.209s][info][gc             ] GC(55) Pause Young (Concurrent Start) (G1 Humongous Allocation) 697M->401M(817M) 2.318ms
[91.209s][info][gc             ] GC(56) Concurrent Mark Cycle
[91.209s][info][gc,cpu         ] GC(55) User=0.00s Sys=0.00s Real=0.00s
[91.209s][info][gc,marking     ] GC(56) Concurrent Scan Root Regions
[91.221s][info][gc,marking     ] GC(56) Concurrent Scan Root Regions 11.996ms
[91.221s][info][gc,marking     ] GC(56) Concurrent Mark
[91.221s][info][gc,marking     ] GC(56) Concurrent Mark From Roots
[91.221s][info][gc,task        ] GC(56) Using 8 workers of 8 for marking
[91.257s][info][gc,start       ] GC(57) Pause Young (Normal) (G1 Evacuation Pause)
[91.257s][info][gc,task        ] GC(57) Using 20 workers of 33 for evacuation
[91.259s][info][gc,phases      ] GC(57)   Pre Evacuate Collection Set: 0.1ms
[91.259s][info][gc,phases      ] GC(57)   Merge Heap Roots: 0.1ms
[91.259s][info][gc,phases      ] GC(57)   Evacuate Collection Set: 0.7ms
[91.259s][info][gc,phases      ] GC(57)   Post Evacuate Collection Set: 0.7ms
[91.259s][info][gc,phases      ] GC(57)   Other: 0.1ms
[91.259s][info][gc,heap        ] GC(57) Eden regions: 345->0(364)
[91.259s][info][gc,heap        ] GC(57) Survivor regions: 1->2(47)
[91.259s][info][gc,heap        ] GC(57) Old regions: 61->61
[91.259s][info][gc,heap        ] GC(57) Archive regions: 0->0
[91.259s][info][gc,heap        ] GC(57) Humongous regions: 426->363
[91.259s][info][gc,metaspace   ] GC(57) Metaspace: 114496K(128960K)->114496K(128960K) NonClass: 97877K(106944K)->97877K(106944K) Class: 16618K(22016K)->16618K(22016K)
[91.259s][info][gc             ] GC(57) Pause Young (Normal) (G1 Evacuation Pause) 830M->423M(835M) 2.043ms
[91.259s][info][gc,cpu         ] GC(57) User=0.00s Sys=0.00s Real=0.00s
[91.285s][info][gc,marking     ] GC(56) Concurrent Mark From Roots 64.068ms
[91.285s][info][gc,marking     ] GC(56) Concurrent Preclean
[91.288s][info][gc,marking     ] GC(56) Concurrent Preclean 2.908ms
[91.297s][info][gc,start       ] GC(56) Pause Remark
[91.304s][info][gc             ] GC(56) Pause Remark 750M->750M(1024M) 7.570ms
[91.305s][info][gc,cpu         ] GC(56) User=0.00s Sys=0.00s Real=0.00s
[91.305s][info][gc,marking     ] GC(56) Concurrent Mark 83.918ms
[91.305s][info][gc,marking     ] GC(56) Concurrent Rebuild Remembered Sets and Scrub Regions
[91.321s][info][gc,marking     ] GC(56) Concurrent Rebuild Remembered Sets and Scrub Regions 16.345ms
[91.343s][info][gc,start       ] GC(56) Pause Cleanup
[91.343s][info][gc             ] GC(56) Pause Cleanup 869M->869M(1024M) 0.272ms
[91.343s][info][gc,cpu         ] GC(56) User=0.00s Sys=0.00s Real=0.00s
[91.343s][info][gc,marking     ] GC(56) Concurrent Clear Claimed Marks
[91.344s][info][gc,marking     ] GC(56) Concurrent Clear Claimed Marks 0.695ms
[91.344s][info][gc,marking     ] GC(56) Concurrent Cleanup for Next Mark
[91.353s][info][gc,marking     ] GC(56) Concurrent Cleanup for Next Mark 8.645ms
[91.353s][info][gc             ] GC(56) Concurrent Mark Cycle 144.287ms
[91.421s][info][gc,start       ] GC(58) Pause Young (Prepare Mixed) (G1 Evacuation Pause)
[91.421s][info][gc,task        ] GC(58) Using 24 workers of 33 for evacuation
[91.423s][info][gc,phases      ] GC(58)   Pre Evacuate Collection Set: 0.1ms
[91.423s][info][gc,phases      ] GC(58)   Merge Heap Roots: 0.1ms
[91.423s][info][gc,phases      ] GC(58)   Evacuate Collection Set: 0.7ms
[91.423s][info][gc,phases      ] GC(58)   Post Evacuate Collection Set: 1.1ms
[91.423s][info][gc,phases      ] GC(58)   Other: 0.1ms
[91.423s][info][gc,heap        ] GC(58) Eden regions: 318->0(434)
[91.423s][info][gc,heap        ] GC(58) Survivor regions: 2->0(0)
[91.423s][info][gc,heap        ] GC(58) Old regions: 61->147
[91.423s][info][gc,heap        ] GC(58) Archive regions: 0->0
[91.423s][info][gc,heap        ] GC(58) Humongous regions: 643->391
[91.423s][info][gc,metaspace   ] GC(58) Metaspace: 114517K(128960K)->114517K(128960K) NonClass: 97889K(106944K)->97889K(106944K) Class: 16627K(22016K)->16627K(22016K)
[91.423s][info][gc             ] GC(58) Pause Young (Prepare Mixed) (G1 Evacuation Pause) (Evacuation Failure) 1021M->535M(1024M) 2.515ms
[91.423s][info][gc,cpu         ] GC(58) User=0.00s Sys=0.00s Real=0.00s
[91.462s][info][gc,start       ] GC(59) Pause Young (Mixed) (G1 Evacuation Pause)
[91.462s][info][gc,task        ] GC(59) Using 24 workers of 33 for evacuation
[91.465s][info][gc,phases      ] GC(59)   Pre Evacuate Collection Set: 0.2ms
[91.465s][info][gc,phases      ] GC(59)   Merge Heap Roots: 0.1ms
[91.465s][info][gc,phases      ] GC(59)   Evacuate Collection Set: 1.7ms
[91.465s][info][gc,phases      ] GC(59)   Post Evacuate Collection Set: 0.6ms
[91.465s][info][gc,phases      ] GC(59)   Other: 0.2ms
[91.465s][info][gc,heap        ] GC(59) Eden regions: 434->0(369)
[91.465s][info][gc,heap        ] GC(59) Survivor regions: 0->23(32)
[91.465s][info][gc,heap        ] GC(59) Old regions: 147->146
[91.465s][info][gc,heap        ] GC(59) Archive regions: 0->0
[91.465s][info][gc,heap        ] GC(59) Humongous regions: 411->411
[91.465s][info][gc,metaspace   ] GC(59) Metaspace: 114517K(128960K)->114517K(128960K) NonClass: 97889K(106944K)->97889K(106944K) Class: 16627K(22016K)->16627K(22016K)
[91.465s][info][gc             ] GC(59) Pause Young (Mixed) (G1 Evacuation Pause) 989M->577M(1024M) 2.970ms
[91.465s][info][gc,cpu         ] GC(59) User=0.00s Sys=0.00s Real=0.00s
[91.465s][info][gc,start       ] GC(60) Pause Young (Concurrent Start) (G1 Humongous Allocation)
[91.465s][info][gc,task        ] GC(60) Using 24 workers of 33 for evacuation
[91.468s][info][gc,phases      ] GC(60)   Pre Evacuate Collection Set: 0.2ms
[91.468s][info][gc,phases      ] GC(60)   Merge Heap Roots: 0.1ms
[91.468s][info][gc,phases      ] GC(60)   Evacuate Collection Set: 1.7ms
[91.468s][info][gc,phases      ] GC(60)   Post Evacuate Collection Set: 0.4ms
[91.468s][info][gc,phases      ] GC(60)   Other: 0.1ms
[91.468s][info][gc,heap        ] GC(60) Eden regions: 10->0(370)
[91.468s][info][gc,heap        ] GC(60) Survivor regions: 23->22(49)
[91.468s][info][gc,heap        ] GC(60) Old regions: 146->146
[91.468s][info][gc,heap        ] GC(60) Archive regions: 0->0
[91.468s][info][gc,heap        ] GC(60) Humongous regions: 412->412
[91.468s][info][gc,metaspace   ] GC(60) Metaspace: 114517K(128960K)->114517K(128960K) NonClass: 97889K(106944K)->97889K(106944K) Class: 16627K(22016K)->16627K(22016K)
[91.468s][info][gc             ] GC(60) Pause Young (Concurrent Start) (G1 Humongous Allocation) 588M->577M(1024M) 2.585ms
[91.468s][info][gc             ] GC(61) Concurrent Mark Cycle
[91.468s][info][gc,cpu         ] GC(60) User=0.00s Sys=0.00s Real=0.00s
[91.468s][info][gc,marking     ] GC(61) Concurrent Scan Root Regions
[91.480s][info][gc,marking     ] GC(61) Concurrent Scan Root Regions 11.692ms
[91.480s][info][gc,marking     ] GC(61) Concurrent Mark
[91.480s][info][gc,marking     ] GC(61) Concurrent Mark From Roots
[91.480s][info][gc,task        ] GC(61) Using 8 workers of 8 for marking
[91.500s][info][gc,start       ] GC(62) Pause Young (Normal) (G1 Evacuation Pause)
[91.501s][info][gc,task        ] GC(62) Using 24 workers of 33 for evacuation
[91.502s][info][gc,phases      ] GC(62)   Pre Evacuate Collection Set: 0.1ms
[91.502s][info][gc,phases      ] GC(62)   Merge Heap Roots: 0.1ms
[91.502s][info][gc,phases      ] GC(62)   Evacuate Collection Set: 0.6ms
[91.502s][info][gc,phases      ] GC(62)   Post Evacuate Collection Set: 0.5ms
[91.502s][info][gc,phases      ] GC(62)   Other: 0.1ms
[91.502s][info][gc,heap        ] GC(62) Eden regions: 370->0(364)
[91.502s][info][gc,heap        ] GC(62) Survivor regions: 22->5(34)
[91.502s][info][gc,heap        ] GC(62) Old regions: 146->146
[91.502s][info][gc,heap        ] GC(62) Archive regions: 0->0
[91.502s][info][gc,heap        ] GC(62) Humongous regions: 452->452
[91.502s][info][gc,metaspace   ] GC(62) Metaspace: 114517K(128960K)->114517K(128960K) NonClass: 97889K(106944K)->97889K(106944K) Class: 16627K(22016K)->16627K(22016K)
[91.502s][info][gc             ] GC(62) Pause Young (Normal) (G1 Evacuation Pause) 987M->599M(1024M) 1.708ms
[91.502s][info][gc,cpu         ] GC(62) User=0.38s Sys=0.00s Real=0.02s
[91.528s][info][gc,marking     ] GC(61) Concurrent Mark From Roots 47.946ms
[91.528s][info][gc,marking     ] GC(61) Concurrent Preclean
[91.532s][info][gc,start       ] GC(63) Pause Young (Normal) (G1 Evacuation Pause)
[91.532s][info][gc,task        ] GC(63) Using 24 workers of 33 for evacuation
[91.533s][info][gc,phases      ] GC(63)   Pre Evacuate Collection Set: 0.1ms
[91.533s][info][gc,phases      ] GC(63)   Merge Heap Roots: 0.1ms
[91.533s][info][gc,phases      ] GC(63)   Evacuate Collection Set: 0.5ms
[91.533s][info][gc,phases      ] GC(63)   Post Evacuate Collection Set: 0.5ms
[91.533s][info][gc,phases      ] GC(63)   Other: 0.1ms
[91.533s][info][gc,heap        ] GC(63) Eden regions: 364->0(344)
[91.533s][info][gc,heap        ] GC(63) Survivor regions: 5->2(28)
[91.533s][info][gc,heap        ] GC(63) Old regions: 146->146
[91.533s][info][gc,heap        ] GC(63) Archive regions: 0->0
[91.533s][info][gc,heap        ] GC(63) Humongous regions: 481->478
[91.533s][info][gc,metaspace   ] GC(63) Metaspace: 114517K(128960K)->114517K(128960K) NonClass: 97889K(106944K)->97889K(106944K) Class: 16627K(22016K)->16627K(22016K)
[91.533s][info][gc             ] GC(63) Pause Young (Normal) (G1 Evacuation Pause) 992M->623M(1024M) 1.504ms
[91.533s][info][gc,cpu         ] GC(63) User=0.00s Sys=0.00s Real=0.00s
[91.534s][info][gc,marking     ] GC(61) Concurrent Preclean 5.557ms
[91.534s][info][gc,start       ] GC(61) Pause Remark
[91.543s][info][gc             ] GC(61) Pause Remark 632M->399M(1024M) 8.521ms
[91.543s][info][gc,cpu         ] GC(61) User=0.00s Sys=0.00s Real=0.00s
[91.543s][info][gc,marking     ] GC(61) Concurrent Mark 62.700ms
[91.543s][info][gc,marking     ] GC(61) Concurrent Rebuild Remembered Sets and Scrub Regions
[91.569s][info][gc,marking     ] GC(61) Concurrent Rebuild Remembered Sets and Scrub Regions 25.715ms
[91.570s][info][gc,start       ] GC(61) Pause Cleanup
[91.570s][info][gc             ] GC(61) Pause Cleanup 760M->760M(1024M) 0.442ms
[91.570s][info][gc,cpu         ] GC(61) User=0.00s Sys=0.00s Real=0.00s
[91.571s][info][gc,marking     ] GC(61) Concurrent Clear Claimed Marks
[91.571s][info][gc,marking     ] GC(61) Concurrent Clear Claimed Marks 0.791ms
[91.571s][info][gc,marking     ] GC(61) Concurrent Cleanup for Next Mark
[91.574s][info][gc,start       ] GC(64) Pause Young (Prepare Mixed) (G1 Evacuation Pause)
[91.574s][info][gc,task        ] GC(64) Using 24 workers of 33 for evacuation
[91.575s][info][gc,phases      ] GC(64)   Pre Evacuate Collection Set: 0.1ms
[91.575s][info][gc,phases      ] GC(64)   Merge Heap Roots: 0.2ms
[91.575s][info][gc,phases      ] GC(64)   Evacuate Collection Set: 0.4ms
[91.575s][info][gc,phases      ] GC(64)   Post Evacuate Collection Set: 0.5ms
[91.575s][info][gc,phases      ] GC(64)   Other: 0.1ms
[91.575s][info][gc,heap        ] GC(64) Eden regions: 344->0(559)
[91.575s][info][gc,heap        ] GC(64) Survivor regions: 2->2(44)
[91.575s][info][gc,heap        ] GC(64) Old regions: 118->118
[91.575s][info][gc,heap        ] GC(64) Archive regions: 0->0
[91.575s][info][gc,heap        ] GC(64) Humongous regions: 337->291
[91.575s][info][gc,metaspace   ] GC(64) Metaspace: 114515K(128960K)->114515K(128960K) NonClass: 97888K(106944K)->97888K(106944K) Class: 16627K(22016K)->16627K(22016K)
[91.575s][info][gc             ] GC(64) Pause Young (Prepare Mixed) (G1 Evacuation Pause) 798M->407M(1024M) 1.535ms
[91.575s][info][gc,cpu         ] GC(64) User=0.00s Sys=0.00s Real=0.00s
[91.576s][info][gc,marking     ] GC(61) Concurrent Cleanup for Next Mark 4.841ms
[91.576s][info][gc             ] GC(61) Concurrent Mark Cycle 108.403ms
[91.619s][info][gc,start       ] GC(65) Pause Young (Mixed) (G1 Evacuation Pause)
[91.619s][info][gc,task        ] GC(65) Using 24 workers of 33 for evacuation
[91.621s][info][gc,phases      ] GC(65)   Pre Evacuate Collection Set: 0.2ms
[91.621s][info][gc,phases      ] GC(65)   Merge Heap Roots: 0.2ms
[91.621s][info][gc,phases      ] GC(65)   Evacuate Collection Set: 0.8ms
[91.621s][info][gc,phases      ] GC(65)   Post Evacuate Collection Set: 0.6ms
[91.621s][info][gc,phases      ] GC(65)   Other: 0.1ms
[91.621s][info][gc,heap        ] GC(65) Eden regions: 559->0(569)
[91.621s][info][gc,heap        ] GC(65) Survivor regions: 2->2(44)
[91.621s][info][gc,heap        ] GC(65) Old regions: 118->105
[91.621s][info][gc,heap        ] GC(65) Archive regions: 0->0
[91.621s][info][gc,heap        ] GC(65) Humongous regions: 301->294
[91.621s][info][gc,metaspace   ] GC(65) Metaspace: 114515K(128960K)->114515K(128960K) NonClass: 97888K(106944K)->97888K(106944K) Class: 16627K(22016K)->16627K(22016K)
[91.621s][info][gc             ] GC(65) Pause Young (Mixed) (G1 Evacuation Pause) 976M->398M(1024M) 2.063ms
[91.621s][info][gc,cpu         ] GC(65) User=0.00s Sys=0.00s Real=0.00s
[91.640s][info][gc,start       ] GC(66) Pause Young (Concurrent Start) (G1 Humongous Allocation)
[91.640s][info][gc,task        ] GC(66) Using 24 workers of 33 for evacuation
[91.642s][info][gc,phases      ] GC(66)   Pre Evacuate Collection Set: 0.3ms
[91.642s][info][gc,phases      ] GC(66)   Merge Heap Roots: 0.1ms
[91.642s][info][gc,phases      ] GC(66)   Evacuate Collection Set: 1.1ms
[91.642s][info][gc,phases      ] GC(66)   Post Evacuate Collection Set: 0.4ms
[91.642s][info][gc,phases      ] GC(66)   Other: 0.1ms
[91.642s][info][gc,heap        ] GC(66) Eden regions: 257->0(569)
[91.642s][info][gc,heap        ] GC(66) Survivor regions: 2->2(72)
[91.642s][info][gc,heap        ] GC(66) Old regions: 105->105
[91.642s][info][gc,heap        ] GC(66) Archive regions: 0->0
[91.642s][info][gc,heap        ] GC(66) Humongous regions: 294->294
[91.642s][info][gc,metaspace   ] GC(66) Metaspace: 114515K(128960K)->114515K(128960K) NonClass: 97888K(106944K)->97888K(106944K) Class: 16627K(22016K)->16627K(22016K)
[91.642s][info][gc             ] GC(66) Pause Young (Concurrent Start) (G1 Humongous Allocation) 655M->398M(1024M) 2.151ms
[91.642s][info][gc             ] GC(67) Concurrent Mark Cycle
[91.642s][info][gc,cpu         ] GC(66) User=0.00s Sys=0.00s Real=0.00s
[91.642s][info][gc,marking     ] GC(67) Concurrent Scan Root Regions
[91.658s][info][gc,marking     ] GC(67) Concurrent Scan Root Regions 15.305ms
[91.658s][info][gc,marking     ] GC(67) Concurrent Mark
[91.658s][info][gc,marking     ] GC(67) Concurrent Mark From Roots
[91.658s][info][gc,task        ] GC(67) Using 8 workers of 8 for marking
[91.690s][info][gc,start       ] GC(68) Pause Young (Normal) (G1 Humongous Allocation)
[91.690s][info][gc,task        ] GC(68) Using 24 workers of 33 for evacuation
[91.692s][info][gc,phases      ] GC(68)   Pre Evacuate Collection Set: 0.2ms
[91.692s][info][gc,phases      ] GC(68)   Merge Heap Roots: 0.2ms
[91.692s][info][gc,phases      ] GC(68)   Evacuate Collection Set: 0.5ms
[91.692s][info][gc,phases      ] GC(68)   Post Evacuate Collection Set: 0.6ms
[91.692s][info][gc,phases      ] GC(68)   Other: 0.1ms
[91.692s][info][gc,heap        ] GC(68) Eden regions: 454->0(489)
[91.692s][info][gc,heap        ] GC(68) Survivor regions: 2->2(29)
[91.692s][info][gc,heap        ] GC(68) Old regions: 105->105
[91.692s][info][gc,heap        ] GC(68) Archive regions: 0->0
[91.692s][info][gc,heap        ] GC(68) Humongous regions: 434->374
[91.692s][info][gc,metaspace   ] GC(68) Metaspace: 114515K(128960K)->114515K(128960K) NonClass: 97888K(106944K)->97888K(106944K) Class: 16627K(22016K)->16627K(22016K)
[91.692s][info][gc             ] GC(68) Pause Young (Normal) (G1 Humongous Allocation) 992M->477M(1024M) 1.681ms
[91.692s][info][gc,cpu         ] GC(68) User=0.00s Sys=0.00s Real=0.00s
[91.709s][info][gc,marking     ] GC(67) Concurrent Mark From Roots 51.032ms
[91.710s][info][gc,marking     ] GC(67) Concurrent Preclean
[91.714s][info][gc,marking     ] GC(67) Concurrent Preclean 4.152ms
[91.715s][info][gc,start       ] GC(67) Pause Remark
[91.740s][info][gc             ] GC(67) Pause Remark 783M->783M(1024M) 24.710ms
[91.740s][info][gc,cpu         ] GC(67) User=0.02s Sys=0.00s Real=0.02s
[91.740s][info][gc,marking     ] GC(67) Concurrent Mark 81.707ms
[91.740s][info][gc,marking     ] GC(67) Concurrent Rebuild Remembered Sets and Scrub Regions
[91.757s][info][gc,start       ] GC(69) Pause Young (Normal) (G1 Evacuation Pause)
[91.757s][info][gc,task        ] GC(69) Using 24 workers of 33 for evacuation
[91.759s][info][gc,phases      ] GC(69)   Pre Evacuate Collection Set: 0.2ms
[91.759s][info][gc,phases      ] GC(69)   Merge Heap Roots: 0.2ms
[91.759s][info][gc,phases      ] GC(69)   Evacuate Collection Set: 0.5ms
[91.759s][info][gc,phases      ] GC(69)   Post Evacuate Collection Set: 0.6ms
[91.759s][info][gc,phases      ] GC(69)   Other: 0.1ms
[91.759s][info][gc,heap        ] GC(69) Eden regions: 489->0(477)
[91.759s][info][gc,heap        ] GC(69) Survivor regions: 2->2(10)
[91.759s][info][gc,heap        ] GC(69) Old regions: 105->105
[91.759s][info][gc,heap        ] GC(69) Archive regions: 0->0
[91.759s][info][gc,heap        ] GC(69) Humongous regions: 418->386
[91.759s][info][gc,metaspace   ] GC(69) Metaspace: 114515K(128960K)->114515K(128960K) NonClass: 97888K(106944K)->97888K(106944K) Class: 16627K(22016K)->16627K(22016K)
[91.759s][info][gc             ] GC(69) Pause Young (Normal) (G1 Evacuation Pause) 1010M->490M(1024M) 1.692ms
[91.759s][info][gc,cpu         ] GC(69) User=0.00s Sys=0.00s Real=0.00s
[91.765s][info][gc,marking     ] GC(67) Concurrent Rebuild Remembered Sets and Scrub Regions 24.887ms
[91.766s][info][gc,start       ] GC(67) Pause Cleanup
[91.766s][info][gc             ] GC(67) Pause Cleanup 578M->578M(1024M) 0.339ms
[91.766s][info][gc,cpu         ] GC(67) User=0.00s Sys=0.00s Real=0.00s
[91.767s][info][gc,marking     ] GC(67) Concurrent Clear Claimed Marks
[91.767s][info][gc,marking     ] GC(67) Concurrent Clear Claimed Marks 0.768ms
[91.767s][info][gc,marking     ] GC(67) Concurrent Cleanup for Next Mark
[91.772s][info][gc,marking     ] GC(67) Concurrent Cleanup for Next Mark 4.668ms
[91.773s][info][gc             ] GC(67) Concurrent Mark Cycle 130.279ms
[91.797s][info][gc,start       ] GC(70) Pause Young (Prepare Mixed) (G1 Evacuation Pause)
[91.797s][info][gc,task        ] GC(70) Using 24 workers of 33 for evacuation
[91.799s][info][gc,phases      ] GC(70)   Pre Evacuate Collection Set: 0.1ms
[91.799s][info][gc,phases      ] GC(70)   Merge Heap Roots: 0.2ms
[91.799s][info][gc,phases      ] GC(70)   Evacuate Collection Set: 0.4ms
[91.799s][info][gc,phases      ] GC(70)   Post Evacuate Collection Set: 0.6ms
[91.799s][info][gc,phases      ] GC(70)   Other: 0.1ms
[91.799s][info][gc,heap        ] GC(70) Eden regions: 477->0(473)
[91.799s][info][gc,heap        ] GC(70) Survivor regions: 2->2(46)
[91.799s][info][gc,heap        ] GC(70) Old regions: 105->105
[91.799s][info][gc,heap        ] GC(70) Archive regions: 0->0
[91.799s][info][gc,heap        ] GC(70) Humongous regions: 394->390
[91.799s][info][gc,metaspace   ] GC(70) Metaspace: 114515K(128960K)->114515K(128960K) NonClass: 97888K(106944K)->97888K(106944K) Class: 16627K(22016K)->16627K(22016K)
[91.799s][info][gc             ] GC(70) Pause Young (Prepare Mixed) (G1 Evacuation Pause) 975M->494M(1024M) 1.561ms
[91.799s][info][gc,cpu         ] GC(70) User=0.00s Sys=0.00s Real=0.00s
[91.834s][info][gc,start       ] GC(71) Pause Young (Mixed) (G1 Evacuation Pause)
[91.834s][info][gc,task        ] GC(71) Using 24 workers of 33 for evacuation
[91.836s][info][gc,phases      ] GC(71)   Pre Evacuate Collection Set: 0.2ms
[91.836s][info][gc,phases      ] GC(71)   Merge Heap Roots: 0.2ms
[91.836s][info][gc,phases      ] GC(71)   Evacuate Collection Set: 0.8ms
[91.836s][info][gc,phases      ] GC(71)   Post Evacuate Collection Set: 0.5ms
[91.836s][info][gc,phases      ] GC(71)   Other: 0.1ms
[91.836s][info][gc,heap        ] GC(71) Eden regions: 473->0(482)
[91.836s][info][gc,heap        ] GC(71) Survivor regions: 2->2(54)
[91.836s][info][gc,heap        ] GC(71) Old regions: 105->96
[91.836s][info][gc,heap        ] GC(71) Archive regions: 0->0
[91.836s][info][gc,heap        ] GC(71) Humongous regions: 390->390
[91.836s][info][gc,metaspace   ] GC(71) Metaspace: 114515K(128960K)->114515K(128960K) NonClass: 97888K(106944K)->97888K(106944K) Class: 16627K(22016K)->16627K(22016K)
[91.836s][info][gc             ] GC(71) Pause Young (Mixed) (G1 Evacuation Pause) 967M->486M(1024M) 1.931ms
[91.836s][info][gc,cpu         ] GC(71) User=0.00s Sys=0.00s Real=0.00s
[91.872s][info][gc,start       ] GC(72) Pause Young (Concurrent Start) (G1 Evacuation Pause)
[91.872s][info][gc,task        ] GC(72) Using 24 workers of 33 for evacuation
[91.875s][info][gc,phases      ] GC(72)   Pre Evacuate Collection Set: 0.3ms
[91.875s][info][gc,phases      ] GC(72)   Merge Heap Roots: 0.2ms
[91.875s][info][gc,phases      ] GC(72)   Evacuate Collection Set: 1.3ms
[91.875s][info][gc,phases      ] GC(72)   Post Evacuate Collection Set: 0.6ms
[91.875s][info][gc,phases      ] GC(72)   Other: 0.1ms
[91.875s][info][gc,heap        ] GC(72) Eden regions: 482->0(482)
[91.875s][info][gc,heap        ] GC(72) Survivor regions: 2->2(54)
[91.875s][info][gc,heap        ] GC(72) Old regions: 96->96
[91.875s][info][gc,heap        ] GC(72) Archive regions: 0->0
[91.875s][info][gc,heap        ] GC(72) Humongous regions: 390->390
[91.875s][info][gc,metaspace   ] GC(72) Metaspace: 114516K(128960K)->114516K(128960K) NonClass: 97889K(106944K)->97889K(106944K) Class: 16627K(22016K)->16627K(22016K)
[91.875s][info][gc             ] GC(72) Pause Young (Concurrent Start) (G1 Evacuation Pause) 968M->486M(1024M) 2.562ms
[91.875s][info][gc             ] GC(73) Concurrent Mark Cycle
[91.875s][info][gc,cpu         ] GC(72) User=0.00s Sys=0.00s Real=0.00s
[91.875s][info][gc,marking     ] GC(73) Concurrent Scan Root Regions
[91.889s][info][gc,marking     ] GC(73) Concurrent Scan Root Regions 13.771ms
[91.889s][info][gc,marking     ] GC(73) Concurrent Mark
[91.889s][info][gc,marking     ] GC(73) Concurrent Mark From Roots
[91.889s][info][gc,task        ] GC(73) Using 8 workers of 8 for marking
[91.923s][info][gc,start       ] GC(74) Pause Young (Normal) (G1 Humongous Allocation)
[91.923s][info][gc,task        ] GC(74) Using 24 workers of 33 for evacuation
[91.925s][info][gc,phases      ] GC(74)   Pre Evacuate Collection Set: 0.1ms
[91.925s][info][gc,phases      ] GC(74)   Merge Heap Roots: 0.2ms
[91.925s][info][gc,phases      ] GC(74)   Evacuate Collection Set: 0.5ms
[91.925s][info][gc,phases      ] GC(74)   Post Evacuate Collection Set: 0.6ms
[91.925s][info][gc,phases      ] GC(74)   Other: 0.1ms
[91.925s][info][gc,heap        ] GC(74) Eden regions: 426->0(424)
[91.925s][info][gc,heap        ] GC(74) Survivor regions: 2->2(40)
[91.925s][info][gc,heap        ] GC(74) Old regions: 96->96
[91.925s][info][gc,heap        ] GC(74) Archive regions: 0->0
[91.925s][info][gc,heap        ] GC(74) Humongous regions: 460->448
[91.925s][info][gc,metaspace   ] GC(74) Metaspace: 114516K(128960K)->114516K(128960K) NonClass: 97889K(106944K)->97889K(106944K) Class: 16627K(22016K)->16627K(22016K)
[91.925s][info][gc             ] GC(74) Pause Young (Normal) (G1 Humongous Allocation) 982M->544M(1024M) 1.794ms
[91.925s][info][gc,cpu         ] GC(74) User=0.00s Sys=0.00s Real=0.00s
[91.970s][info][gc,start       ] GC(75) Pause Young (Normal) (G1 Humongous Allocation)
[91.970s][info][gc,task        ] GC(75) Using 24 workers of 33 for evacuation
[91.972s][info][gc,phases      ] GC(75)   Pre Evacuate Collection Set: 0.2ms
[91.972s][info][gc,phases      ] GC(75)   Merge Heap Roots: 0.1ms
[91.972s][info][gc,phases      ] GC(75)   Evacuate Collection Set: 0.4ms
[91.972s][info][gc,phases      ] GC(75)   Post Evacuate Collection Set: 0.5ms
[91.972s][info][gc,phases      ] GC(75)   Other: 0.1ms
[91.972s][info][gc,heap        ] GC(75) Eden regions: 258->0(350)
[91.972s][info][gc,heap        ] GC(75) Survivor regions: 2->2(54)
[91.972s][info][gc,heap        ] GC(75) Old regions: 96->96
[91.972s][info][gc,heap        ] GC(75) Archive regions: 0->0
[91.972s][info][gc,heap        ] GC(75) Humongous regions: 574->522
[91.972s][info][gc,metaspace   ] GC(75) Metaspace: 114516K(128960K)->114516K(128960K) NonClass: 97889K(106944K)->97889K(106944K) Class: 16627K(22016K)->16627K(22016K)
[91.972s][info][gc             ] GC(75) Pause Young (Normal) (G1 Humongous Allocation) 928M->618M(1024M) 1.641ms
[91.972s][info][gc,cpu         ] GC(75) User=0.00s Sys=0.00s Real=0.00s
[91.972s][info][gc,marking     ] GC(73) Concurrent Mark From Roots 82.737ms
[91.972s][info][gc,marking     ] GC(73) Concurrent Preclean
[91.975s][info][gc,marking     ] GC(73) Concurrent Preclean 2.835ms
[91.978s][info][gc,start       ] GC(73) Pause Remark
[91.980s][info][gc             ] GC(73) Pause Remark 681M->681M(1024M) 1.467ms
[91.980s][info][gc,cpu         ] GC(73) User=0.00s Sys=0.00s Real=0.00s
[91.980s][info][gc,marking     ] GC(73) Concurrent Mark 90.872ms
[91.980s][info][gc,marking     ] GC(73) Concurrent Rebuild Remembered Sets and Scrub Regions
[92.012s][info][gc,start       ] GC(76) Pause Young (Normal) (G1 Humongous Allocation)
[92.012s][info][gc,task        ] GC(76) Using 24 workers of 33 for evacuation
[92.013s][info][gc,phases      ] GC(76)   Pre Evacuate Collection Set: 0.1ms
[92.013s][info][gc,phases      ] GC(76)   Merge Heap Roots: 0.2ms
[92.013s][info][gc,phases      ] GC(76)   Evacuate Collection Set: 0.4ms
[92.013s][info][gc,phases      ] GC(76)   Post Evacuate Collection Set: 0.5ms
[92.013s][info][gc,phases      ] GC(76)   Other: 0.1ms
[92.013s][info][gc,heap        ] GC(76) Eden regions: 252->0(338)
[92.013s][info][gc,heap        ] GC(76) Survivor regions: 2->2(44)
[92.013s][info][gc,heap        ] GC(76) Old regions: 96->96
[92.013s][info][gc,heap        ] GC(76) Archive regions: 0->0
[92.013s][info][gc,heap        ] GC(76) Humongous regions: 606->534
[92.013s][info][gc,metaspace   ] GC(76) Metaspace: 114516K(128960K)->114516K(128960K) NonClass: 97889K(106944K)->97889K(106944K) Class: 16627K(22016K)->16627K(22016K)
[92.013s][info][gc             ] GC(76) Pause Young (Normal) (G1 Humongous Allocation) 954M->630M(1024M) 1.514ms
[92.013s][info][gc,cpu         ] GC(76) User=0.00s Sys=0.00s Real=0.00s
[92.016s][info][gc,marking     ] GC(73) Concurrent Rebuild Remembered Sets and Scrub Regions 36.242ms
[92.018s][info][gc,start       ] GC(73) Pause Cleanup
[92.018s][info][gc             ] GC(73) Pause Cleanup 686M->686M(1024M) 0.347ms
[92.018s][info][gc,cpu         ] GC(73) User=0.00s Sys=0.00s Real=0.00s
[92.018s][info][gc,marking     ] GC(73) Concurrent Clear Claimed Marks
[92.019s][info][gc,marking     ] GC(73) Concurrent Clear Claimed Marks 0.470ms
[92.019s][info][gc,marking     ] GC(73) Concurrent Cleanup for Next Mark
[92.023s][info][gc,marking     ] GC(73) Concurrent Cleanup for Next Mark 4.380ms
[92.024s][info][gc             ] GC(73) Concurrent Mark Cycle 148.620ms
[92.045s][info][gc,start       ] GC(77) Pause Young (Prepare Mixed) (G1 Humongous Allocation)
[92.046s][info][gc,task        ] GC(77) Using 24 workers of 33 for evacuation
[92.047s][info][gc,phases      ] GC(77)   Pre Evacuate Collection Set: 0.1ms
[92.047s][info][gc,phases      ] GC(77)   Merge Heap Roots: 0.1ms
[92.047s][info][gc,phases      ] GC(77)   Evacuate Collection Set: 0.4ms
[92.047s][info][gc,phases      ] GC(77)   Post Evacuate Collection Set: 0.5ms
[92.047s][info][gc,phases      ] GC(77)   Other: 0.1ms
[92.047s][info][gc,heap        ] GC(77) Eden regions: 322->0(336)
[92.047s][info][gc,heap        ] GC(77) Survivor regions: 2->1(35)
[92.047s][info][gc,heap        ] GC(77) Old regions: 96->97
[92.047s][info][gc,heap        ] GC(77) Archive regions: 0->0
[92.047s][info][gc,heap        ] GC(77) Humongous regions: 569->537
[92.047s][info][gc,metaspace   ] GC(77) Metaspace: 114516K(128960K)->114516K(128960K) NonClass: 97889K(106944K)->97889K(106944K) Class: 16627K(22016K)->16627K(22016K)
[92.047s][info][gc             ] GC(77) Pause Young (Prepare Mixed) (G1 Humongous Allocation) 987M->633M(1024M) 1.401ms
[92.047s][info][gc,cpu         ] GC(77) User=0.00s Sys=0.00s Real=0.00s
[92.074s][info][gc,start       ] GC(78) Pause Young (Mixed) (G1 Evacuation Pause)
[92.074s][info][gc,task        ] GC(78) Using 24 workers of 33 for evacuation
[92.076s][info][gc,phases      ] GC(78)   Pre Evacuate Collection Set: 0.2ms
[92.076s][info][gc,phases      ] GC(78)   Merge Heap Roots: 0.1ms
[92.076s][info][gc,phases      ] GC(78)   Evacuate Collection Set: 0.8ms
[92.076s][info][gc,phases      ] GC(78)   Post Evacuate Collection Set: 0.5ms
[92.076s][info][gc,phases      ] GC(78)   Other: 0.1ms
[92.076s][info][gc,heap        ] GC(78) Eden regions: 336->0(343)
[92.076s][info][gc,heap        ] GC(78) Survivor regions: 1->1(32)
[92.076s][info][gc,heap        ] GC(78) Old regions: 97->89
[92.076s][info][gc,heap        ] GC(78) Archive regions: 0->0
[92.076s][info][gc,heap        ] GC(78) Humongous regions: 558->538
[92.076s][info][gc,metaspace   ] GC(78) Metaspace: 114516K(128960K)->114516K(128960K) NonClass: 97889K(106944K)->97889K(106944K) Class: 16627K(22016K)->16627K(22016K)
[92.076s][info][gc             ] GC(78) Pause Young (Mixed) (G1 Evacuation Pause) 990M->626M(1024M) 1.825ms
[92.076s][info][gc,cpu         ] GC(78) User=0.00s Sys=0.00s Real=0.00s
[92.083s][info][gc,start       ] GC(79) Pause Young (Concurrent Start) (G1 Humongous Allocation)
[92.083s][info][gc,task        ] GC(79) Using 24 workers of 33 for evacuation
[92.085s][info][gc,phases      ] GC(79)   Pre Evacuate Collection Set: 0.2ms
[92.085s][info][gc,phases      ] GC(79)   Merge Heap Roots: 0.1ms
[92.085s][info][gc,phases      ] GC(79)   Evacuate Collection Set: 1.0ms
[92.085s][info][gc,phases      ] GC(79)   Post Evacuate Collection Set: 0.4ms
[92.085s][info][gc,phases      ] GC(79)   Other: 0.1ms
[92.085s][info][gc,heap        ] GC(79) Eden regions: 98->0(347)
[92.085s][info][gc,heap        ] GC(79) Survivor regions: 1->1(43)
[92.085s][info][gc,heap        ] GC(79) Old regions: 89->89
[92.085s][info][gc,heap        ] GC(79) Archive regions: 0->0
[92.085s][info][gc,heap        ] GC(79) Humongous regions: 538->534
[92.085s][info][gc,metaspace   ] GC(79) Metaspace: 114516K(128960K)->114516K(128960K) NonClass: 97889K(106944K)->97889K(106944K) Class: 16627K(22016K)->16627K(22016K)
[92.085s][info][gc             ] GC(79) Pause Young (Concurrent Start) (G1 Humongous Allocation) 724M->622M(1024M) 1.942ms
[92.085s][info][gc             ] GC(80) Concurrent Mark Cycle
[92.085s][info][gc,cpu         ] GC(79) User=0.00s Sys=0.00s Real=0.00s
[92.085s][info][gc,marking     ] GC(80) Concurrent Scan Root Regions
[92.096s][info][gc,marking     ] GC(80) Concurrent Scan Root Regions 10.643ms
[92.096s][info][gc,marking     ] GC(80) Concurrent Mark
[92.096s][info][gc,marking     ] GC(80) Concurrent Mark From Roots
[92.096s][info][gc,task        ] GC(80) Using 8 workers of 8 for marking
[92.134s][info][gc,start       ] GC(81) Pause Young (Normal) (G1 Humongous Allocation)
[92.134s][info][gc,task        ] GC(81) Using 24 workers of 33 for evacuation
[92.135s][info][gc,phases      ] GC(81)   Pre Evacuate Collection Set: 0.2ms
[92.135s][info][gc,phases      ] GC(81)   Merge Heap Roots: 0.2ms
[92.135s][info][gc,phases      ] GC(81)   Evacuate Collection Set: 0.5ms
[92.135s][info][gc,phases      ] GC(81)   Post Evacuate Collection Set: 0.6ms
[92.135s][info][gc,phases      ] GC(81)   Other: 0.1ms
[92.135s][info][gc,heap        ] GC(81) Eden regions: 323->0(332)
[92.135s][info][gc,heap        ] GC(81) Survivor regions: 1->1(13)
[92.135s][info][gc,heap        ] GC(81) Old regions: 89->89
[92.135s][info][gc,heap        ] GC(81) Archive regions: 0->0
[92.135s][info][gc,heap        ] GC(81) Humongous regions: 598->549
[92.135s][info][gc,metaspace   ] GC(81) Metaspace: 114517K(128960K)->114517K(128960K) NonClass: 97889K(106944K)->97889K(106944K) Class: 16627K(22016K)->16627K(22016K)
[92.135s][info][gc             ] GC(81) Pause Young (Normal) (G1 Humongous Allocation) 1009M->637M(1024M) 1.886ms
[92.136s][info][gc,cpu         ] GC(81) User=0.00s Sys=0.00s Real=0.00s
[92.163s][info][gc,marking     ] GC(80) Concurrent Mark From Roots 66.618ms
[92.163s][info][gc,marking     ] GC(80) Concurrent Preclean
[92.166s][info][gc,marking     ] GC(80) Concurrent Preclean 2.936ms
[92.178s][info][gc,start       ] GC(82) Pause Young (Normal) (G1 Humongous Allocation)
[92.178s][info][gc,task        ] GC(82) Using 24 workers of 33 for evacuation
[92.180s][info][gc,phases      ] GC(82)   Pre Evacuate Collection Set: 0.2ms
[92.180s][info][gc,phases      ] GC(82)   Merge Heap Roots: 0.1ms
[92.180s][info][gc,phases      ] GC(82)   Evacuate Collection Set: 0.6ms
[92.180s][info][gc,phases      ] GC(82)   Post Evacuate Collection Set: 0.6ms
[92.180s][info][gc,phases      ] GC(82)   Other: 0.1ms
[92.180s][info][gc,heap        ] GC(82) Eden regions: 289->0(285)
[92.180s][info][gc,heap        ] GC(82) Survivor regions: 1->5(8)
[92.180s][info][gc,heap        ] GC(82) Old regions: 89->89
[92.180s][info][gc,heap        ] GC(82) Archive regions: 0->0
[92.180s][info][gc,heap        ] GC(82) Humongous regions: 637->588
[92.180s][info][gc,metaspace   ] GC(82) Metaspace: 114517K(128960K)->114517K(128960K) NonClass: 97890K(106944K)->97890K(106944K) Class: 16627K(22016K)->16627K(22016K)
[92.180s][info][gc             ] GC(82) Pause Young (Normal) (G1 Humongous Allocation) 1014M->680M(1024M) 1.823ms
[92.180s][info][gc,cpu         ] GC(82) User=0.00s Sys=0.00s Real=0.00s
[92.185s][info][gc,start       ] GC(80) Pause Remark
[92.186s][info][gc             ] GC(80) Pause Remark 690M->690M(1024M) 1.695ms
[92.186s][info][gc,cpu         ] GC(80) User=0.00s Sys=0.00s Real=0.00s
[92.187s][info][gc,marking     ] GC(80) Concurrent Mark 90.111ms
[92.187s][info][gc,marking     ] GC(80) Concurrent Rebuild Remembered Sets and Scrub Regions
[92.223s][info][gc,start       ] GC(83) Pause Young (Normal) (G1 Humongous Allocation)
[92.223s][info][gc,task        ] GC(83) Using 24 workers of 33 for evacuation
[92.225s][info][gc,phases      ] GC(83)   Pre Evacuate Collection Set: 0.1ms
[92.225s][info][gc,phases      ] GC(83)   Merge Heap Roots: 0.2ms
[92.225s][info][gc,phases      ] GC(83)   Evacuate Collection Set: 0.8ms
[92.225s][info][gc,phases      ] GC(83)   Post Evacuate Collection Set: 0.6ms
[92.225s][info][gc,phases      ] GC(83)   Other: 0.1ms
[92.225s][info][gc,heap        ] GC(83) Eden regions: 166->0(269)
[92.225s][info][gc,heap        ] GC(83) Survivor regions: 5->11(37)
[92.225s][info][gc,heap        ] GC(83) Old regions: 89->89
[92.225s][info][gc,heap        ] GC(83) Archive regions: 0->0
[92.225s][info][gc,heap        ] GC(83) Humongous regions: 725->592
[92.225s][info][gc,metaspace   ] GC(83) Metaspace: 114518K(128960K)->114518K(128960K) NonClass: 97890K(106944K)->97890K(106944K) Class: 16627K(22016K)->16627K(22016K)
[92.225s][info][gc             ] GC(83) Pause Young (Normal) (G1 Humongous Allocation) 983M->690M(1024M) 2.050ms
[92.225s][info][gc,cpu         ] GC(83) User=0.00s Sys=0.00s Real=0.00s
[92.228s][info][gc,marking     ] GC(80) Concurrent Rebuild Remembered Sets and Scrub Regions 41.849ms
[92.241s][info][gc,start       ] GC(80) Pause Cleanup
[92.242s][info][gc             ] GC(80) Pause Cleanup 760M->760M(1024M) 0.425ms
[92.242s][info][gc,cpu         ] GC(80) User=0.00s Sys=0.00s Real=0.00s
[92.242s][info][gc,marking     ] GC(80) Concurrent Clear Claimed Marks
[92.243s][info][gc,marking     ] GC(80) Concurrent Clear Claimed Marks 1.071ms
[92.243s][info][gc,marking     ] GC(80) Concurrent Cleanup for Next Mark
[92.248s][info][gc,marking     ] GC(80) Concurrent Cleanup for Next Mark 4.239ms
[92.248s][info][gc             ] GC(80) Concurrent Mark Cycle 162.663ms
[92.264s][info][gc,start       ] GC(84) Pause Young (Prepare Mixed) (G1 Evacuation Pause)
[92.264s][info][gc,task        ] GC(84) Using 24 workers of 33 for evacuation
[92.266s][info][gc,phases      ] GC(84)   Pre Evacuate Collection Set: 0.2ms
[92.266s][info][gc,phases      ] GC(84)   Merge Heap Roots: 0.1ms
[92.266s][info][gc,phases      ] GC(84)   Evacuate Collection Set: 1.1ms
[92.266s][info][gc,phases      ] GC(84)   Post Evacuate Collection Set: 0.6ms
[92.266s][info][gc,phases      ] GC(84)   Other: 0.1ms
[92.266s][info][gc,heap        ] GC(84) Eden regions: 269->0(262)
[92.266s][info][gc,heap        ] GC(84) Survivor regions: 11->15(15)
[92.266s][info][gc,heap        ] GC(84) Old regions: 89->89
[92.266s][info][gc,heap        ] GC(84) Archive regions: 0->0
[92.267s][info][gc,heap        ] GC(84) Humongous regions: 640->591
[92.267s][info][gc,metaspace   ] GC(84) Metaspace: 114525K(128960K)->114525K(128960K) NonClass: 97896K(106944K)->97896K(106944K) Class: 16629K(22016K)->16629K(22016K)
[92.267s][info][gc             ] GC(84) Pause Young (Prepare Mixed) (G1 Evacuation Pause) 1007M->693M(1024M) 2.373ms
[92.267s][info][gc,cpu         ] GC(84) User=0.00s Sys=0.00s Real=0.00s
[92.290s][info][gc,start       ] GC(85) Pause Young (Mixed) (G1 Evacuation Pause)
[92.291s][info][gc,task        ] GC(85) Using 24 workers of 33 for evacuation
[92.293s][info][gc,phases      ] GC(85)   Pre Evacuate Collection Set: 0.2ms
[92.293s][info][gc,phases      ] GC(85)   Merge Heap Roots: 0.1ms
[92.293s][info][gc,phases      ] GC(85)   Evacuate Collection Set: 1.4ms
[92.293s][info][gc,phases      ] GC(85)   Post Evacuate Collection Set: 0.5ms
[92.293s][info][gc,phases      ] GC(85)   Other: 0.1ms
[92.293s][info][gc,heap        ] GC(85) Eden regions: 262->0(246)
[92.293s][info][gc,heap        ] GC(85) Survivor regions: 15->17(27)
[92.293s][info][gc,heap        ] GC(85) Old regions: 89->82
[92.293s][info][gc,heap        ] GC(85) Archive regions: 0->0
[92.293s][info][gc,heap        ] GC(85) Humongous regions: 631->610
[92.293s][info][gc,metaspace   ] GC(85) Metaspace: 114525K(128960K)->114525K(128960K) NonClass: 97896K(106944K)->97896K(106944K) Class: 16629K(22016K)->16629K(22016K)
[92.293s][info][gc             ] GC(85) Pause Young (Mixed) (G1 Evacuation Pause) 995M->707M(1024M) 2.446ms
[92.293s][info][gc,cpu         ] GC(85) User=0.00s Sys=0.00s Real=0.00s
[92.295s][info][gc,start       ] GC(86) Pause Young (Concurrent Start) (G1 Humongous Allocation)
[92.295s][info][gc,task        ] GC(86) Using 24 workers of 33 for evacuation
[92.298s][info][gc,phases      ] GC(86)   Pre Evacuate Collection Set: 0.2ms
[92.298s][info][gc,phases      ] GC(86)   Merge Heap Roots: 0.1ms
[92.298s][info][gc,phases      ] GC(86)   Evacuate Collection Set: 1.6ms
[92.298s][info][gc,phases      ] GC(86)   Post Evacuate Collection Set: 0.4ms
[92.298s][info][gc,phases      ] GC(86)   Other: 0.1ms
[92.298s][info][gc,heap        ] GC(86) Eden regions: 2->0(267)
[92.298s][info][gc,heap        ] GC(86) Survivor regions: 17->17(33)
[92.298s][info][gc,heap        ] GC(86) Old regions: 82->82
[92.298s][info][gc,heap        ] GC(86) Archive regions: 0->0
[92.298s][info][gc,heap        ] GC(86) Humongous regions: 610->589
[92.298s][info][gc,metaspace   ] GC(86) Metaspace: 114525K(128960K)->114525K(128960K) NonClass: 97896K(106944K)->97896K(106944K) Class: 16629K(22016K)->16629K(22016K)
[92.298s][info][gc             ] GC(86) Pause Young (Concurrent Start) (G1 Humongous Allocation) 709M->686M(1024M) 2.505ms
[92.298s][info][gc             ] GC(87) Concurrent Mark Cycle
[92.298s][info][gc,cpu         ] GC(86) User=0.00s Sys=0.00s Real=0.00s
[92.298s][info][gc,marking     ] GC(87) Concurrent Scan Root Regions
[92.300s][info][gc,marking     ] GC(87) Concurrent Scan Root Regions 1.960ms
[92.300s][info][gc,marking     ] GC(87) Concurrent Mark
[92.300s][info][gc,marking     ] GC(87) Concurrent Mark From Roots
[92.300s][info][gc,task        ] GC(87) Using 8 workers of 8 for marking
[92.326s][info][gc,start       ] GC(88) Pause Young (Normal) (G1 Evacuation Pause)
[92.326s][info][gc,task        ] GC(88) Using 24 workers of 33 for evacuation
[92.328s][info][gc,phases      ] GC(88)   Pre Evacuate Collection Set: 0.1ms
[92.328s][info][gc,phases      ] GC(88)   Merge Heap Roots: 0.1ms
[92.328s][info][gc,phases      ] GC(88)   Evacuate Collection Set: 0.9ms
[92.328s][info][gc,phases      ] GC(88)   Post Evacuate Collection Set: 0.5ms
[92.328s][info][gc,phases      ] GC(88)   Other: 0.1ms
[92.328s][info][gc,heap        ] GC(88) Eden regions: 267->0(242)
[92.328s][info][gc,heap        ] GC(88) Survivor regions: 17->11(20)
[92.328s][info][gc,heap        ] GC(88) Old regions: 82->82
[92.328s][info][gc,heap        ] GC(88) Archive regions: 0->0
[92.328s][info][gc,heap        ] GC(88) Humongous regions: 638->626
[92.328s][info][gc,metaspace   ] GC(88) Metaspace: 114531K(128960K)->114531K(128960K) NonClass: 97900K(106944K)->97900K(106944K) Class: 16630K(22016K)->16630K(22016K)
[92.328s][info][gc             ] GC(88) Pause Young (Normal) (G1 Evacuation Pause) 1002M->718M(1024M) 1.967ms
[92.328s][info][gc,cpu         ] GC(88) User=0.00s Sys=0.00s Real=0.00s
[92.348s][info][gc,start       ] GC(89) Pause Young (Normal) (G1 Evacuation Pause)
[92.348s][info][gc,task        ] GC(89) Using 24 workers of 33 for evacuation
[92.350s][info][gc,phases      ] GC(89)   Pre Evacuate Collection Set: 0.1ms
[92.350s][info][gc,phases      ] GC(89)   Merge Heap Roots: 0.1ms
[92.350s][info][gc,phases      ] GC(89)   Evacuate Collection Set: 0.9ms
[92.350s][info][gc,phases      ] GC(89)   Post Evacuate Collection Set: 0.4ms
[92.350s][info][gc,phases      ] GC(89)   Other: 0.1ms
[92.350s][info][gc,heap        ] GC(89) Eden regions: 242->0(233)
[92.350s][info][gc,heap        ] GC(89) Survivor regions: 11->10(32)
[92.350s][info][gc,heap        ] GC(89) Old regions: 82->82
[92.350s][info][gc,heap        ] GC(89) Archive regions: 0->0
[92.350s][info][gc,heap        ] GC(89) Humongous regions: 645->637
[92.350s][info][gc,metaspace   ] GC(89) Metaspace: 114531K(128960K)->114531K(128960K) NonClass: 97900K(106944K)->97900K(106944K) Class: 16630K(22016K)->16630K(22016K)
[92.350s][info][gc             ] GC(89) Pause Young (Normal) (G1 Evacuation Pause) 979M->727M(1024M) 1.897ms
[92.350s][info][gc,cpu         ] GC(89) User=0.00s Sys=0.00s Real=0.00s
[92.356s][info][gc,marking     ] GC(87) Concurrent Mark From Roots 55.621ms
[92.356s][info][gc,marking     ] GC(87) Concurrent Preclean
[92.359s][info][gc,marking     ] GC(87) Concurrent Preclean 3.239ms
[92.360s][info][gc,start       ] GC(87) Pause Remark
[92.361s][info][gc             ] GC(87) Pause Remark 863M->861M(1024M) 1.179ms
[92.361s][info][gc,cpu         ] GC(87) User=0.00s Sys=0.00s Real=0.00s
[92.361s][info][gc,marking     ] GC(87) Concurrent Mark 61.303ms
[92.361s][info][gc,marking     ] GC(87) Concurrent Rebuild Remembered Sets and Scrub Regions
[92.370s][info][gc,start       ] GC(90) Pause Young (Normal) (G1 Evacuation Pause)
[92.370s][info][gc,task        ] GC(90) Using 24 workers of 33 for evacuation
[92.372s][info][gc,phases      ] GC(90)   Pre Evacuate Collection Set: 0.1ms
[92.372s][info][gc,phases      ] GC(90)   Merge Heap Roots: 0.2ms
[92.372s][info][gc,phases      ] GC(90)   Evacuate Collection Set: 0.8ms
[92.372s][info][gc,phases      ] GC(90)   Post Evacuate Collection Set: 0.7ms
[92.372s][info][gc,phases      ] GC(90)   Other: 0.1ms
[92.372s][info][gc,heap        ] GC(90) Eden regions: 233->0(395)
[92.372s][info][gc,heap        ] GC(90) Survivor regions: 10->7(31)
[92.372s][info][gc,heap        ] GC(90) Old regions: 80->80
[92.372s][info][gc,heap        ] GC(90) Archive regions: 0->0
[92.372s][info][gc,heap        ] GC(90) Humongous regions: 660->483
[92.372s][info][gc,metaspace   ] GC(90) Metaspace: 114531K(128960K)->114531K(128960K) NonClass: 97900K(106944K)->97900K(106944K) Class: 16630K(22016K)->16630K(22016K)
[92.372s][info][gc             ] GC(90) Pause Young (Normal) (G1 Evacuation Pause) 981M->569M(1024M) 2.078ms
[92.372s][info][gc,cpu         ] GC(90) User=0.00s Sys=0.00s Real=0.00s
[92.385s][info][gc,marking     ] GC(87) Concurrent Rebuild Remembered Sets and Scrub Regions 23.852ms
[92.386s][info][gc,start       ] GC(87) Pause Cleanup
[92.387s][info][gc             ] GC(87) Pause Cleanup 753M->753M(1024M) 0.271ms
[92.387s][info][gc,cpu         ] GC(87) User=0.00s Sys=0.00s Real=0.00s
[92.387s][info][gc,marking     ] GC(87) Concurrent Clear Claimed Marks
[92.387s][info][gc,marking     ] GC(87) Concurrent Clear Claimed Marks 0.586ms
[92.387s][info][gc,marking     ] GC(87) Concurrent Cleanup for Next Mark
[92.392s][info][gc,marking     ] GC(87) Concurrent Cleanup for Next Mark 4.620ms
[92.393s][info][gc             ] GC(87) Concurrent Mark Cycle 94.756ms
[92.407s][info][gc,start       ] GC(91) Pause Young (Prepare Mixed) (G1 Evacuation Pause)
[92.407s][info][gc,task        ] GC(91) Using 24 workers of 33 for evacuation
[92.408s][info][gc,phases      ] GC(91)   Pre Evacuate Collection Set: 0.1ms
[92.408s][info][gc,phases      ] GC(91)   Merge Heap Roots: 0.1ms
[92.408s][info][gc,phases      ] GC(91)   Evacuate Collection Set: 0.7ms
[92.408s][info][gc,phases      ] GC(91)   Post Evacuate Collection Set: 0.5ms
[92.408s][info][gc,phases      ] GC(91)   Other: 0.1ms
[92.408s][info][gc,heap        ] GC(91) Eden regions: 395->0(380)
[92.408s][info][gc,heap        ] GC(91) Survivor regions: 7->6(20)
[92.408s][info][gc,heap        ] GC(91) Old regions: 80->80
[92.408s][info][gc,heap        ] GC(91) Archive regions: 0->0
[92.408s][info][gc,heap        ] GC(91) Humongous regions: 522->500
[92.408s][info][gc,metaspace   ] GC(91) Metaspace: 114531K(128960K)->114531K(128960K) NonClass: 97900K(106944K)->97900K(106944K) Class: 16630K(22016K)->16630K(22016K)
[92.408s][info][gc             ] GC(91) Pause Young (Prepare Mixed) (G1 Evacuation Pause) 1003M->584M(1024M) 1.762ms
[92.408s][info][gc,cpu         ] GC(91) User=0.00s Sys=0.00s Real=0.00s
[92.437s][info][gc,start       ] GC(92) Pause Young (Mixed) (G1 Evacuation Pause)
[92.437s][info][gc,task        ] GC(92) Using 24 workers of 33 for evacuation
[92.439s][info][gc,phases      ] GC(92)   Pre Evacuate Collection Set: 0.2ms
[92.439s][info][gc,phases      ] GC(92)   Merge Heap Roots: 0.1ms
[92.439s][info][gc,phases      ] GC(92)   Evacuate Collection Set: 0.9ms
[92.439s][info][gc,phases      ] GC(92)   Post Evacuate Collection Set: 0.5ms
[92.439s][info][gc,phases      ] GC(92)   Other: 0.1ms
[92.439s][info][gc,heap        ] GC(92) Eden regions: 380->0(372)
[92.439s][info][gc,heap        ] GC(92) Survivor regions: 6->6(40)
[92.439s][info][gc,heap        ] GC(92) Old regions: 80->75
[92.439s][info][gc,heap        ] GC(92) Archive regions: 0->0
[92.439s][info][gc,heap        ] GC(92) Humongous regions: 518->513
[92.439s][info][gc,metaspace   ] GC(92) Metaspace: 114531K(128960K)->114531K(128960K) NonClass: 97900K(106944K)->97900K(106944K) Class: 16630K(22016K)->16630K(22016K)
[92.439s][info][gc             ] GC(92) Pause Young (Mixed) (G1 Evacuation Pause) 982M->591M(1024M) 2.028ms
[92.439s][info][gc,cpu         ] GC(92) User=0.00s Sys=0.00s Real=0.00s
[92.441s][info][gc,start       ] GC(93) Pause Young (Concurrent Start) (G1 Humongous Allocation)
[92.441s][info][gc,task        ] GC(93) Using 24 workers of 33 for evacuation
[92.443s][info][gc,phases      ] GC(93)   Pre Evacuate Collection Set: 0.2ms
[92.443s][info][gc,phases      ] GC(93)   Merge Heap Roots: 0.1ms
[92.443s][info][gc,phases      ] GC(93)   Evacuate Collection Set: 1.2ms
[92.443s][info][gc,phases      ] GC(93)   Post Evacuate Collection Set: 0.3ms
[92.443s][info][gc,phases      ] GC(93)   Other: 0.0ms
[92.443s][info][gc,heap        ] GC(93) Eden regions: 17->0(373)
[92.443s][info][gc,heap        ] GC(93) Survivor regions: 6->6(48)
[92.443s][info][gc,heap        ] GC(93) Old regions: 75->75
[92.443s][info][gc,heap        ] GC(93) Archive regions: 0->0
[92.443s][info][gc,heap        ] GC(93) Humongous regions: 513->512
[92.443s][info][gc,metaspace   ] GC(93) Metaspace: 114531K(128960K)->114531K(128960K) NonClass: 97900K(106944K)->97900K(106944K) Class: 16630K(22016K)->16630K(22016K)
[92.443s][info][gc             ] GC(93) Pause Young (Concurrent Start) (G1 Humongous Allocation) 608M->591M(1024M) 2.087ms
[92.443s][info][gc             ] GC(94) Concurrent Mark Cycle
[92.443s][info][gc,cpu         ] GC(93) User=0.00s Sys=0.00s Real=0.00s
[92.443s][info][gc,marking     ] GC(94) Concurrent Scan Root Regions
[92.457s][info][gc,marking     ] GC(94) Concurrent Scan Root Regions 13.991ms
[92.457s][info][gc,marking     ] GC(94) Concurrent Mark
[92.458s][info][gc,marking     ] GC(94) Concurrent Mark From Roots
[92.458s][info][gc,task        ] GC(94) Using 8 workers of 8 for marking
[92.473s][info][gc,start       ] GC(95) Pause Young (Normal) (G1 Humongous Allocation)
[92.473s][info][gc,task        ] GC(95) Using 24 workers of 33 for evacuation
[92.475s][info][gc,phases      ] GC(95)   Pre Evacuate Collection Set: 0.1ms
[92.475s][info][gc,phases      ] GC(95)   Merge Heap Roots: 0.1ms
[92.475s][info][gc,phases      ] GC(95)   Evacuate Collection Set: 0.7ms
[92.475s][info][gc,phases      ] GC(95)   Post Evacuate Collection Set: 0.5ms
[92.475s][info][gc,phases      ] GC(95)   Other: 0.1ms
[92.475s][info][gc,heap        ] GC(95) Eden regions: 340->0(326)
[92.475s][info][gc,heap        ] GC(95) Survivor regions: 6->7(19)
[92.475s][info][gc,heap        ] GC(95) Old regions: 75->75
[92.475s][info][gc,heap        ] GC(95) Archive regions: 0->0
[92.475s][info][gc,heap        ] GC(95) Humongous regions: 584->557
[92.475s][info][gc,metaspace   ] GC(95) Metaspace: 114531K(128960K)->114531K(128960K) NonClass: 97900K(106944K)->97900K(106944K) Class: 16630K(22016K)->16630K(22016K)
[92.475s][info][gc             ] GC(95) Pause Young (Normal) (G1 Humongous Allocation) 1003M->636M(1024M) 1.776ms
[92.475s][info][gc,cpu         ] GC(95) User=0.00s Sys=0.00s Real=0.01s
[92.502s][info][gc,start       ] GC(96) Pause Young (Normal) (G1 Evacuation Pause)
[92.509s][info][gc,task        ] GC(96) Using 24 workers of 33 for evacuation
[92.510s][info][gc,phases      ] GC(96)   Pre Evacuate Collection Set: 0.2ms
[92.510s][info][gc,phases      ] GC(96)   Merge Heap Roots: 0.1ms
[92.510s][info][gc,phases      ] GC(96)   Evacuate Collection Set: 0.7ms
[92.510s][info][gc,phases      ] GC(96)   Post Evacuate Collection Set: 0.5ms
[92.510s][info][gc,phases      ] GC(96)   Other: 0.1ms
[92.510s][info][gc,heap        ] GC(96) Eden regions: 326->0(316)
[92.510s][info][gc,heap        ] GC(96) Survivor regions: 7->6(18)
[92.510s][info][gc,heap        ] GC(96) Old regions: 75->75
[92.510s][info][gc,heap        ] GC(96) Archive regions: 0->0
[92.510s][info][gc,heap        ] GC(96) Humongous regions: 598->569
[92.510s][info][gc,metaspace   ] GC(96) Metaspace: 114531K(128960K)->114531K(128960K) NonClass: 97900K(106944K)->97900K(106944K) Class: 16630K(22016K)->16630K(22016K)
[92.510s][info][gc             ] GC(96) Pause Young (Normal) (G1 Evacuation Pause) 1003M->647M(1024M) 8.129ms
[92.510s][info][gc,cpu         ] GC(96) User=0.00s Sys=0.00s Real=0.02s
[92.530s][info][gc,marking     ] GC(94) Concurrent Mark From Roots 71.905ms
[92.530s][info][gc,marking     ] GC(94) Concurrent Preclean
[92.535s][info][gc,start       ] GC(97) Pause Young (Normal) (G1 Humongous Allocation)
[92.535s][info][gc,task        ] GC(97) Using 24 workers of 33 for evacuation
[92.536s][info][gc,phases      ] GC(97)   Pre Evacuate Collection Set: 0.1ms
[92.536s][info][gc,phases      ] GC(97)   Merge Heap Roots: 0.1ms
[92.536s][info][gc,phases      ] GC(97)   Evacuate Collection Set: 0.6ms
[92.536s][info][gc,phases      ] GC(97)   Post Evacuate Collection Set: 0.5ms
[92.536s][info][gc,phases      ] GC(97)   Other: 0.1ms
[92.536s][info][gc,heap        ] GC(97) Eden regions: 294->0(298)
[92.536s][info][gc,heap        ] GC(97) Survivor regions: 6->6(41)
[92.536s][info][gc,heap        ] GC(97) Old regions: 75->75
[92.536s][info][gc,heap        ] GC(97) Archive regions: 0->0
[92.536s][info][gc,heap        ] GC(97) Humongous regions: 605->587
[92.536s][info][gc,metaspace   ] GC(97) Metaspace: 114531K(128960K)->114531K(128960K) NonClass: 97900K(106944K)->97900K(106944K) Class: 16630K(22016K)->16630K(22016K)
[92.536s][info][gc             ] GC(97) Pause Young (Normal) (G1 Humongous Allocation) 977M->665M(1024M) 1.665ms
[92.536s][info][gc,cpu         ] GC(97) User=0.00s Sys=0.00s Real=0.00s
[92.536s][info][gc,marking     ] GC(94) Concurrent Preclean 6.556ms
[92.537s][info][gc,start       ] GC(94) Pause Remark
[92.539s][info][gc             ] GC(94) Pause Remark 672M->672M(1024M) 2.132ms
[92.539s][info][gc,cpu         ] GC(94) User=0.00s Sys=0.00s Real=0.00s
[92.539s][info][gc,marking     ] GC(94) Concurrent Mark 81.716ms
[92.539s][info][gc,marking     ] GC(94) Concurrent Rebuild Remembered Sets and Scrub Regions
[92.562s][info][gc,start       ] GC(98) Pause Young (Normal) (G1 Evacuation Pause)
[92.562s][info][gc,task        ] GC(98) Using 24 workers of 33 for evacuation
[92.564s][info][gc,phases      ] GC(98)   Pre Evacuate Collection Set: 0.1ms
[92.564s][info][gc,phases      ] GC(98)   Merge Heap Roots: 0.2ms
[92.564s][info][gc,phases      ] GC(98)   Evacuate Collection Set: 0.6ms
[92.564s][info][gc,phases      ] GC(98)   Post Evacuate Collection Set: 0.5ms
[92.564s][info][gc,phases      ] GC(98)   Other: 0.1ms
[92.564s][info][gc,heap        ] GC(98) Eden regions: 298->0(317)
[92.564s][info][gc,heap        ] GC(98) Survivor regions: 6->6(38)
[92.564s][info][gc,heap        ] GC(98) Old regions: 75->75
[92.564s][info][gc,heap        ] GC(98) Archive regions: 0->0
[92.564s][info][gc,heap        ] GC(98) Humongous regions: 605->568
[92.564s][info][gc,metaspace   ] GC(98) Metaspace: 114531K(128960K)->114531K(128960K) NonClass: 97900K(106944K)->97900K(106944K) Class: 16630K(22016K)->16630K(22016K)
[92.564s][info][gc             ] GC(98) Pause Young (Normal) (G1 Evacuation Pause) 981M->646M(1024M) 1.710ms
[92.564s][info][gc,cpu         ] GC(98) User=0.00s Sys=0.00s Real=0.00s
[92.567s][info][gc,marking     ] GC(94) Concurrent Rebuild Remembered Sets and Scrub Regions 27.692ms
[92.568s][info][gc,start       ] GC(94) Pause Cleanup
[92.568s][info][gc             ] GC(94) Pause Cleanup 702M->702M(1024M) 0.248ms
[92.568s][info][gc,cpu         ] GC(94) User=0.00s Sys=0.00s Real=0.00s
[92.568s][info][gc,marking     ] GC(94) Concurrent Clear Claimed Marks
[92.569s][info][gc,marking     ] GC(94) Concurrent Clear Claimed Marks 0.683ms
[92.569s][info][gc,marking     ] GC(94) Concurrent Cleanup for Next Mark
[92.574s][info][gc,marking     ] GC(94) Concurrent Cleanup for Next Mark 5.051ms
[92.575s][info][gc             ] GC(94) Concurrent Mark Cycle 131.783ms
[92.590s][info][gc,start       ] GC(99) Pause Young (Prepare Mixed) (G1 Evacuation Pause)
[92.591s][info][gc,task        ] GC(99) Using 24 workers of 33 for evacuation
[92.592s][info][gc,phases      ] GC(99)   Pre Evacuate Collection Set: 0.1ms
[92.592s][info][gc,phases      ] GC(99)   Merge Heap Roots: 0.1ms
[92.592s][info][gc,phases      ] GC(99)   Evacuate Collection Set: 0.6ms
[92.592s][info][gc,phases      ] GC(99)   Post Evacuate Collection Set: 0.5ms
[92.592s][info][gc,phases      ] GC(99)   Other: 0.1ms
[92.592s][info][gc,heap        ] GC(99) Eden regions: 317->0(302)
[92.592s][info][gc,heap        ] GC(99) Survivor regions: 6->5(34)
[92.592s][info][gc,heap        ] GC(99) Old regions: 75->76
[92.592s][info][gc,heap        ] GC(99) Archive regions: 0->0
[92.592s][info][gc,heap        ] GC(99) Humongous regions: 592->584
[92.592s][info][gc,metaspace   ] GC(99) Metaspace: 114531K(128960K)->114531K(128960K) NonClass: 97900K(106944K)->97900K(106944K) Class: 16630K(22016K)->16630K(22016K)
[92.592s][info][gc             ] GC(99) Pause Young (Prepare Mixed) (G1 Evacuation Pause) 987M->662M(1024M) 1.679ms
[92.592s][info][gc,cpu         ] GC(99) User=0.00s Sys=0.00s Real=0.00s
[92.614s][info][gc,start       ] GC(100) Pause Young (Mixed) (G1 Evacuation Pause)
[92.614s][info][gc,task        ] GC(100) Using 24 workers of 33 for evacuation
[92.616s][info][gc,phases      ] GC(100)   Pre Evacuate Collection Set: 0.1ms
[92.616s][info][gc,phases      ] GC(100)   Merge Heap Roots: 0.1ms
[92.616s][info][gc,phases      ] GC(100)   Evacuate Collection Set: 0.9ms
[92.616s][info][gc,phases      ] GC(100)   Post Evacuate Collection Set: 0.5ms
[92.616s][info][gc,phases      ] GC(100)   Other: 0.1ms
[92.616s][info][gc,heap        ] GC(100) Eden regions: 302->0(315)
[92.616s][info][gc,heap        ] GC(100) Survivor regions: 5->3(39)
[92.616s][info][gc,heap        ] GC(100) Old regions: 76->71
[92.616s][info][gc,heap        ] GC(100) Archive regions: 0->0
[92.616s][info][gc,heap        ] GC(100) Humongous regions: 584->580
[92.616s][info][gc,metaspace   ] GC(100) Metaspace: 114531K(128960K)->114531K(128960K) NonClass: 97900K(106944K)->97900K(106944K) Class: 16630K(22016K)->16630K(22016K)
[92.616s][info][gc             ] GC(100) Pause Young (Mixed) (G1 Evacuation Pause) 964M->652M(1024M) 1.916ms
[92.616s][info][gc,cpu         ] GC(100) User=0.00s Sys=0.00s Real=0.00s
[92.638s][info][gc,start       ] GC(101) Pause Young (Concurrent Start) (G1 Evacuation Pause)
[92.638s][info][gc,task        ] GC(101) Using 24 workers of 33 for evacuation
[92.640s][info][gc,phases      ] GC(101)   Pre Evacuate Collection Set: 0.3ms
[92.640s][info][gc,phases      ] GC(101)   Merge Heap Roots: 0.1ms
[92.641s][info][gc,phases      ] GC(101)   Evacuate Collection Set: 1.2ms
[92.641s][info][gc,phases      ] GC(101)   Post Evacuate Collection Set: 0.5ms
[92.641s][info][gc,phases      ] GC(101)   Other: 0.1ms
[92.641s][info][gc,heap        ] GC(101) Eden regions: 315->0(316)
[92.641s][info][gc,heap        ] GC(101) Survivor regions: 3->2(40)
[92.641s][info][gc,heap        ] GC(101) Old regions: 71->72
[92.641s][info][gc,heap        ] GC(101) Archive regions: 0->0
[92.641s][info][gc,heap        ] GC(101) Humongous regions: 580->580
[92.641s][info][gc,metaspace   ] GC(101) Metaspace: 114531K(128960K)->114531K(128960K) NonClass: 97900K(106944K)->97900K(106944K) Class: 16630K(22016K)->16630K(22016K)
[92.641s][info][gc             ] GC(101) Pause Young (Concurrent Start) (G1 Evacuation Pause) 967M->652M(1024M) 2.292ms
[92.641s][info][gc             ] GC(102) Concurrent Mark Cycle
[92.641s][info][gc,cpu         ] GC(101) User=0.38s Sys=0.00s Real=0.01s
[92.641s][info][gc,marking     ] GC(102) Concurrent Scan Root Regions
[92.652s][info][gc,marking     ] GC(102) Concurrent Scan Root Regions 11.588ms
[92.653s][info][gc,marking     ] GC(102) Concurrent Mark
[92.653s][info][gc,marking     ] GC(102) Concurrent Mark From Roots
[92.653s][info][gc,task        ] GC(102) Using 8 workers of 8 for marking
[92.674s][info][gc,start       ] GC(103) Pause Young (Normal) (G1 Evacuation Pause)
[92.674s][info][gc,task        ] GC(103) Using 24 workers of 33 for evacuation
[92.675s][info][gc,phases      ] GC(103)   Pre Evacuate Collection Set: 0.1ms
[92.675s][info][gc,phases      ] GC(103)   Merge Heap Roots: 0.1ms
[92.675s][info][gc,phases      ] GC(103)   Evacuate Collection Set: 0.4ms
[92.675s][info][gc,phases      ] GC(103)   Post Evacuate Collection Set: 0.5ms
[92.675s][info][gc,phases      ] GC(103)   Other: 0.1ms
[92.675s][info][gc,heap        ] GC(103) Eden regions: 316->0(308)
[92.675s][info][gc,heap        ] GC(103) Survivor regions: 2->2(40)
[92.675s][info][gc,heap        ] GC(103) Old regions: 72->73
[92.675s][info][gc,heap        ] GC(103) Archive regions: 0->0
[92.675s][info][gc,heap        ] GC(103) Humongous regions: 587->587
[92.675s][info][gc,metaspace   ] GC(103) Metaspace: 114533K(128960K)->114533K(128960K) NonClass: 97902K(106944K)->97902K(106944K) Class: 16630K(22016K)->16630K(22016K)
[92.675s][info][gc             ] GC(103) Pause Young (Normal) (G1 Evacuation Pause) 975M->659M(1024M) 1.413ms
[92.675s][info][gc,cpu         ] GC(103) User=0.00s Sys=0.00s Real=0.00s
[92.705s][info][gc,start       ] GC(104) Pause Young (Normal) (G1 Humongous Allocation)
[92.705s][info][gc,task        ] GC(104) Using 24 workers of 33 for evacuation
[92.707s][info][gc,phases      ] GC(104)   Pre Evacuate Collection Set: 0.1ms
[92.707s][info][gc,phases      ] GC(104)   Merge Heap Roots: 0.1ms
[92.707s][info][gc,phases      ] GC(104)   Evacuate Collection Set: 0.4ms
[92.707s][info][gc,phases      ] GC(104)   Post Evacuate Collection Set: 0.4ms
[92.707s][info][gc,phases      ] GC(104)   Other: 0.1ms
[92.707s][info][gc,heap        ] GC(104) Eden regions: 244->0(256)
[92.707s][info][gc,heap        ] GC(104) Survivor regions: 2->2(39)
[92.707s][info][gc,heap        ] GC(104) Old regions: 73->73
[92.707s][info][gc,heap        ] GC(104) Archive regions: 0->0
[92.707s][info][gc,heap        ] GC(104) Humongous regions: 647->639
[92.707s][info][gc,metaspace   ] GC(104) Metaspace: 114533K(128960K)->114533K(128960K) NonClass: 97902K(106944K)->97902K(106944K) Class: 16630K(22016K)->16630K(22016K)
[92.707s][info][gc             ] GC(104) Pause Young (Normal) (G1 Humongous Allocation) 963M->711M(1024M) 1.414ms
[92.707s][info][gc,cpu         ] GC(104) User=0.00s Sys=0.00s Real=0.00s
[92.724s][info][gc,start       ] GC(105) Pause Young (Normal) (G1 Humongous Allocation)
[92.724s][info][gc,task        ] GC(105) Using 24 workers of 33 for evacuation
[92.726s][info][gc,phases      ] GC(105)   Pre Evacuate Collection Set: 0.1ms
[92.726s][info][gc,phases      ] GC(105)   Merge Heap Roots: 0.1ms
[92.726s][info][gc,phases      ] GC(105)   Evacuate Collection Set: 0.4ms
[92.726s][info][gc,phases      ] GC(105)   Post Evacuate Collection Set: 0.4ms
[92.726s][info][gc,phases      ] GC(105)   Other: 0.1ms
[92.726s][info][gc,heap        ] GC(105) Eden regions: 188->0(265)
[92.726s][info][gc,heap        ] GC(105) Survivor regions: 2->1(33)
[92.726s][info][gc,heap        ] GC(105) Old regions: 73->73
[92.726s][info][gc,heap        ] GC(105) Archive regions: 0->0
[92.726s][info][gc,heap        ] GC(105) Humongous regions: 674->632
[92.726s][info][gc,metaspace   ] GC(105) Metaspace: 114533K(128960K)->114533K(128960K) NonClass: 97902K(106944K)->97902K(106944K) Class: 16630K(22016K)->16630K(22016K)
[92.726s][info][gc             ] GC(105) Pause Young (Normal) (G1 Humongous Allocation) 934M->704M(1024M) 1.412ms
[92.726s][info][gc,cpu         ] GC(105) User=0.00s Sys=0.00s Real=0.00s
[92.730s][info][gc,marking     ] GC(102) Concurrent Mark From Roots 77.470ms
[92.731s][info][gc,marking     ] GC(102) Concurrent Preclean
[92.735s][info][gc,marking     ] GC(102) Concurrent Preclean 4.019ms
[92.737s][info][gc,start       ] GC(102) Pause Remark
[92.738s][info][gc             ] GC(102) Pause Remark 856M->856M(1024M) 1.116ms
[92.738s][info][gc,cpu         ] GC(102) User=0.00s Sys=0.00s Real=0.00s
[92.738s][info][gc,marking     ] GC(102) Concurrent Mark 85.047ms
[92.738s][info][gc,marking     ] GC(102) Concurrent Rebuild Remembered Sets and Scrub Regions
[92.746s][info][gc,start       ] GC(106) Pause Young (Normal) (G1 Humongous Allocation)
[92.746s][info][gc,task        ] GC(106) Using 24 workers of 33 for evacuation
[92.748s][info][gc,phases      ] GC(106)   Pre Evacuate Collection Set: 0.1ms
[92.748s][info][gc,phases      ] GC(106)   Merge Heap Roots: 0.2ms
[92.748s][info][gc,phases      ] GC(106)   Evacuate Collection Set: 0.4ms
[92.748s][info][gc,phases      ] GC(106)   Post Evacuate Collection Set: 0.4ms
[92.748s][info][gc,phases      ] GC(106)   Other: 0.1ms
[92.748s][info][gc,heap        ] GC(106) Eden regions: 218->0(258)
[92.748s][info][gc,heap        ] GC(106) Survivor regions: 1->1(34)
[92.748s][info][gc,heap        ] GC(106) Old regions: 73->73
[92.748s][info][gc,heap        ] GC(106) Archive regions: 0->0
[92.748s][info][gc,heap        ] GC(106) Humongous regions: 667->639
[92.748s][info][gc,metaspace   ] GC(106) Metaspace: 114533K(128960K)->114533K(128960K) NonClass: 97902K(106944K)->97902K(106944K) Class: 16630K(22016K)->16630K(22016K)
[92.748s][info][gc             ] GC(106) Pause Young (Normal) (G1 Humongous Allocation) 957M->711M(1024M) 1.372ms
[92.748s][info][gc,cpu         ] GC(106) User=0.00s Sys=0.00s Real=0.00s
[92.779s][info][gc,start       ] GC(107) Pause Young (Normal) (G1 Humongous Allocation)
[92.779s][info][gc,task        ] GC(107) Using 24 workers of 33 for evacuation
[92.781s][info][gc,phases      ] GC(107)   Pre Evacuate Collection Set: 0.1ms
[92.781s][info][gc,phases      ] GC(107)   Merge Heap Roots: 0.1ms
[92.781s][info][gc,phases      ] GC(107)   Evacuate Collection Set: 0.4ms
[92.781s][info][gc,phases      ] GC(107)   Post Evacuate Collection Set: 0.4ms
[92.781s][info][gc,phases      ] GC(107)   Other: 0.1ms
[92.781s][info][gc,heap        ] GC(107) Eden regions: 186->0(223)
[92.781s][info][gc,heap        ] GC(107) Survivor regions: 1->1(33)
[92.781s][info][gc,heap        ] GC(107) Old regions: 73->73
[92.781s][info][gc,heap        ] GC(107) Archive regions: 0->0
[92.781s][info][gc,heap        ] GC(107) Humongous regions: 674->674
[92.781s][info][gc,metaspace   ] GC(107) Metaspace: 114533K(128960K)->114533K(128960K) NonClass: 97902K(106944K)->97902K(106944K) Class: 16630K(22016K)->16630K(22016K)
[92.781s][info][gc             ] GC(107) Pause Young (Normal) (G1 Humongous Allocation) 932M->746M(1024M) 1.503ms
[92.781s][info][gc,cpu         ] GC(107) User=0.00s Sys=0.00s Real=0.00s
[92.781s][info][gc,marking     ] GC(102) Concurrent Rebuild Remembered Sets and Scrub Regions 43.036ms
[92.782s][info][gc,start       ] GC(102) Pause Cleanup
[92.782s][info][gc             ] GC(102) Pause Cleanup 754M->754M(1024M) 0.238ms
[92.782s][info][gc,cpu         ] GC(102) User=0.00s Sys=0.00s Real=0.00s
[92.782s][info][gc,marking     ] GC(102) Concurrent Clear Claimed Marks
[92.782s][info][gc,marking     ] GC(102) Concurrent Clear Claimed Marks 0.140ms
[92.782s][info][gc,marking     ] GC(102) Concurrent Cleanup for Next Mark
[92.787s][info][gc,marking     ] GC(102) Concurrent Cleanup for Next Mark 4.184ms
[92.787s][info][gc             ] GC(102) Concurrent Mark Cycle 146.370ms
[92.797s][info][gc,start       ] GC(108) Pause Young (Prepare Mixed) (G1 Humongous Allocation)
[92.797s][info][gc,task        ] GC(108) Using 24 workers of 33 for evacuation
[92.798s][info][gc,phases      ] GC(108)   Pre Evacuate Collection Set: 0.1ms
[92.798s][info][gc,phases      ] GC(108)   Merge Heap Roots: 0.1ms
[92.798s][info][gc,phases      ] GC(108)   Evacuate Collection Set: 0.4ms
[92.798s][info][gc,phases      ] GC(108)   Post Evacuate Collection Set: 0.5ms
[92.798s][info][gc,phases      ] GC(108)   Other: 0.1ms
[92.798s][info][gc,heap        ] GC(108) Eden regions: 104->0(212)
[92.798s][info][gc,heap        ] GC(108) Survivor regions: 1->1(28)
[92.798s][info][gc,heap        ] GC(108) Old regions: 73->73
[92.798s][info][gc,heap        ] GC(108) Archive regions: 0->0
[92.798s][info][gc,heap        ] GC(108) Humongous regions: 709->685
[92.798s][info][gc,metaspace   ] GC(108) Metaspace: 114533K(128960K)->114533K(128960K) NonClass: 97902K(106944K)->97902K(106944K) Class: 16630K(22016K)->16630K(22016K)
[92.798s][info][gc             ] GC(108) Pause Young (Prepare Mixed) (G1 Humongous Allocation) 885M->757M(1024M) 1.593ms
[92.798s][info][gc,cpu         ] GC(108) User=0.00s Sys=0.00s Real=0.00s
[92.812s][info][gc,start       ] GC(109) Pause Young (Mixed) (G1 Humongous Allocation)
[92.812s][info][gc,task        ] GC(109) Using 24 workers of 33 for evacuation
[92.814s][info][gc,phases      ] GC(109)   Pre Evacuate Collection Set: 0.2ms
[92.814s][info][gc,phases      ] GC(109)   Merge Heap Roots: 0.1ms
[92.814s][info][gc,phases      ] GC(109)   Evacuate Collection Set: 0.8ms
[92.814s][info][gc,phases      ] GC(109)   Post Evacuate Collection Set: 0.5ms
[92.814s][info][gc,phases      ] GC(109)   Other: 0.1ms
[92.814s][info][gc,heap        ] GC(109) Eden regions: 181->0(229)
[92.814s][info][gc,heap        ] GC(109) Survivor regions: 1->1(27)
[92.814s][info][gc,heap        ] GC(109) Old regions: 73->69
[92.814s][info][gc,heap        ] GC(109) Archive regions: 0->0
[92.814s][info][gc,heap        ] GC(109) Humongous regions: 692->672
[92.814s][info][gc,metaspace   ] GC(109) Metaspace: 114533K(128960K)->114533K(128960K) NonClass: 97902K(106944K)->97902K(106944K) Class: 16630K(22016K)->16630K(22016K)
[92.814s][info][gc             ] GC(109) Pause Young (Mixed) (G1 Humongous Allocation) 945M->739M(1024M) 1.839ms
[92.814s][info][gc,cpu         ] GC(109) User=0.00s Sys=0.00s Real=0.00s
[92.816s][info][gc,start       ] GC(110) Pause Young (Concurrent Start) (G1 Humongous Allocation)
[92.816s][info][gc,task        ] GC(110) Using 24 workers of 33 for evacuation
[92.818s][info][gc,phases      ] GC(110)   Pre Evacuate Collection Set: 0.3ms
[92.818s][info][gc,phases      ] GC(110)   Merge Heap Roots: 0.1ms
[92.818s][info][gc,phases      ] GC(110)   Evacuate Collection Set: 1.1ms
[92.818s][info][gc,phases      ] GC(110)   Post Evacuate Collection Set: 0.4ms
[92.818s][info][gc,phases      ] GC(110)   Other: 0.1ms
[92.818s][info][gc,heap        ] GC(110) Eden regions: 25->0(215)
[92.818s][info][gc,heap        ] GC(110) Survivor regions: 1->1(29)
[92.818s][info][gc,heap        ] GC(110) Old regions: 69->69
[92.818s][info][gc,heap        ] GC(110) Archive regions: 0->0
[92.818s][info][gc,heap        ] GC(110) Humongous regions: 686->686
[92.818s][info][gc,metaspace   ] GC(110) Metaspace: 114533K(128960K)->114533K(128960K) NonClass: 97902K(106944K)->97902K(106944K) Class: 16630K(22016K)->16630K(22016K)
[92.818s][info][gc             ] GC(110) Pause Young (Concurrent Start) (G1 Humongous Allocation) 778M->753M(1024M) 2.203ms
[92.819s][info][gc             ] GC(111) Concurrent Mark Cycle
[92.819s][info][gc,cpu         ] GC(110) User=0.00s Sys=0.00s Real=0.00s
[92.819s][info][gc,marking     ] GC(111) Concurrent Scan Root Regions
[92.829s][info][gc,marking     ] GC(111) Concurrent Scan Root Regions 10.377ms
[92.829s][info][gc,marking     ] GC(111) Concurrent Mark
[92.829s][info][gc,marking     ] GC(111) Concurrent Mark From Roots
[92.829s][info][gc,task        ] GC(111) Using 8 workers of 8 for marking
[92.835s][info][gc,start       ] GC(112) Pause Young (Normal) (G1 Humongous Allocation)
[92.835s][info][gc,task        ] GC(112) Using 24 workers of 33 for evacuation
[92.836s][info][gc,phases      ] GC(112)   Pre Evacuate Collection Set: 0.1ms
[92.836s][info][gc,phases      ] GC(112)   Merge Heap Roots: 0.1ms
[92.836s][info][gc,phases      ] GC(112)   Evacuate Collection Set: 0.3ms
[92.836s][info][gc,phases      ] GC(112)   Post Evacuate Collection Set: 0.3ms
[92.836s][info][gc,phases      ] GC(112)   Other: 0.1ms
[92.836s][info][gc,heap        ] GC(112) Eden regions: 110->0(188)
[92.836s][info][gc,heap        ] GC(112) Survivor regions: 1->1(27)
[92.836s][info][gc,heap        ] GC(112) Old regions: 69->69
[92.836s][info][gc,heap        ] GC(112) Archive regions: 0->0
[92.836s][info][gc,heap        ] GC(112) Humongous regions: 721->713
[92.836s][info][gc,metaspace   ] GC(112) Metaspace: 114533K(128960K)->114533K(128960K) NonClass: 97902K(106944K)->97902K(106944K) Class: 16630K(22016K)->16630K(22016K)
[92.836s][info][gc             ] GC(112) Pause Young (Normal) (G1 Humongous Allocation) 898M->780M(1024M) 1.141ms
[92.836s][info][gc,cpu         ] GC(112) User=0.00s Sys=0.00s Real=0.00s
[92.848s][info][gc,start       ] GC(113) Pause Young (Normal) (G1 Humongous Allocation)
[92.848s][info][gc,task        ] GC(113) Using 24 workers of 33 for evacuation
[92.849s][info][gc,phases      ] GC(113)   Pre Evacuate Collection Set: 0.1ms
[92.849s][info][gc,phases      ] GC(113)   Merge Heap Roots: 0.1ms
[92.849s][info][gc,phases      ] GC(113)   Evacuate Collection Set: 0.4ms
[92.849s][info][gc,phases      ] GC(113)   Post Evacuate Collection Set: 0.4ms
[92.849s][info][gc,phases      ] GC(113)   Other: 0.1ms
[92.849s][info][gc,heap        ] GC(113) Eden regions: 136->0(194)
[92.849s][info][gc,heap        ] GC(113) Survivor regions: 1->1(24)
[92.849s][info][gc,heap        ] GC(113) Old regions: 69->69
[92.849s][info][gc,heap        ] GC(113) Archive regions: 0->0
[92.849s][info][gc,heap        ] GC(113) Humongous regions: 727->707
[92.849s][info][gc,metaspace   ] GC(113) Metaspace: 114533K(128960K)->114533K(128960K) NonClass: 97902K(106944K)->97902K(106944K) Class: 16630K(22016K)->16630K(22016K)
[92.849s][info][gc             ] GC(113) Pause Young (Normal) (G1 Humongous Allocation) 930M->774M(1024M) 1.261ms
[92.849s][info][gc,cpu         ] GC(113) User=0.00s Sys=0.00s Real=0.00s
[92.866s][info][gc,start       ] GC(114) Pause Young (Normal) (G1 Evacuation Pause)
[92.866s][info][gc,task        ] GC(114) Using 24 workers of 33 for evacuation
[92.867s][info][gc,phases      ] GC(114)   Pre Evacuate Collection Set: 0.1ms
[92.867s][info][gc,phases      ] GC(114)   Merge Heap Roots: 0.1ms
[92.867s][info][gc,phases      ] GC(114)   Evacuate Collection Set: 0.4ms
[92.867s][info][gc,phases      ] GC(114)   Post Evacuate Collection Set: 0.4ms
[92.867s][info][gc,phases      ] GC(114)   Other: 0.1ms
[92.867s][info][gc,heap        ] GC(114) Eden regions: 194->0(184)
[92.867s][info][gc,heap        ] GC(114) Survivor regions: 1->1(25)
[92.867s][info][gc,heap        ] GC(114) Old regions: 69->69
[92.867s][info][gc,heap        ] GC(114) Archive regions: 0->0
[92.867s][info][gc,heap        ] GC(114) Humongous regions: 729->717
[92.867s][info][gc,metaspace   ] GC(114) Metaspace: 114533K(128960K)->114533K(128960K) NonClass: 97902K(106944K)->97902K(106944K) Class: 16630K(22016K)->16630K(22016K)
[92.867s][info][gc             ] GC(114) Pause Young (Normal) (G1 Evacuation Pause) 990M->785M(1024M) 1.343ms
[92.867s][info][gc,cpu         ] GC(114) User=0.00s Sys=0.00s Real=0.00s
[92.894s][info][gc,start       ] GC(115) Pause Young (Normal) (G1 Humongous Allocation)
[92.894s][info][gc,task        ] GC(115) Using 24 workers of 33 for evacuation
[92.895s][info][gc,phases      ] GC(115)   Pre Evacuate Collection Set: 0.1ms
[92.895s][info][gc,phases      ] GC(115)   Merge Heap Roots: 0.1ms
[92.895s][info][gc,phases      ] GC(115)   Evacuate Collection Set: 0.4ms
[92.895s][info][gc,phases      ] GC(115)   Post Evacuate Collection Set: 0.4ms
[92.895s][info][gc,phases      ] GC(115)   Other: 0.1ms
[92.895s][info][gc,heap        ] GC(115) Eden regions: 118->0(168)
[92.896s][info][gc,heap        ] GC(115) Survivor regions: 1->1(24)
[92.896s][info][gc,heap        ] GC(115) Old regions: 69->69
[92.896s][info][gc,heap        ] GC(115) Archive regions: 0->0
[92.896s][info][gc,heap        ] GC(115) Humongous regions: 747->733
[92.896s][info][gc,metaspace   ] GC(115) Metaspace: 114533K(128960K)->114533K(128960K) NonClass: 97902K(106944K)->97902K(106944K) Class: 16630K(22016K)->16630K(22016K)
[92.896s][info][gc             ] GC(115) Pause Young (Normal) (G1 Humongous Allocation) 933M->801M(1024M) 1.499ms
[92.896s][info][gc,cpu         ] GC(115) User=0.00s Sys=0.00s Real=0.00s
[92.913s][info][gc,marking     ] GC(111) Concurrent Mark From Roots 83.593ms
[92.913s][info][gc,marking     ] GC(111) Concurrent Preclean
[92.914s][info][gc,start       ] GC(116) Pause Young (Normal) (G1 Evacuation Pause)
[92.914s][info][gc,task        ] GC(116) Using 24 workers of 33 for evacuation
[92.916s][info][gc,phases      ] GC(116)   Pre Evacuate Collection Set: 0.1ms
[92.916s][info][gc,phases      ] GC(116)   Merge Heap Roots: 0.1ms
[92.916s][info][gc,phases      ] GC(116)   Evacuate Collection Set: 0.5ms
[92.916s][info][gc,phases      ] GC(116)   Post Evacuate Collection Set: 0.5ms
[92.916s][info][gc,phases      ] GC(116)   Other: 0.1ms
[92.916s][info][gc,heap        ] GC(116) Eden regions: 168->0(150)
[92.916s][info][gc,heap        ] GC(116) Survivor regions: 1->2(7)
[92.916s][info][gc,heap        ] GC(116) Old regions: 69->69
[92.916s][info][gc,heap        ] GC(116) Archive regions: 0->0
[92.916s][info][gc,heap        ] GC(116) Humongous regions: 779->749
[92.916s][info][gc,metaspace   ] GC(116) Metaspace: 114533K(128960K)->114533K(128960K) NonClass: 97902K(106944K)->97902K(106944K) Class: 16630K(22016K)->16630K(22016K)
[92.916s][info][gc             ] GC(116) Pause Young (Normal) (G1 Evacuation Pause) 1015M->818M(1024M) 1.516ms
[92.916s][info][gc,cpu         ] GC(116) User=0.00s Sys=0.00s Real=0.00s
[92.918s][info][gc,marking     ] GC(111) Concurrent Preclean 5.359ms
[92.932s][info][gc,start       ] GC(111) Pause Remark
[92.933s][info][gc             ] GC(111) Pause Remark 885M->885M(1024M) 1.216ms
[92.933s][info][gc,cpu         ] GC(111) User=0.00s Sys=0.00s Real=0.00s
[92.933s][info][gc,marking     ] GC(111) Concurrent Mark 104.023ms
[92.933s][info][gc,marking     ] GC(111) Concurrent Rebuild Remembered Sets and Scrub Regions
[92.944s][info][gc,start       ] GC(117) Pause Young (Normal) (G1 Humongous Allocation)
[92.944s][info][gc,task        ] GC(117) Using 24 workers of 33 for evacuation
[92.946s][info][gc,phases      ] GC(117)   Pre Evacuate Collection Set: 0.1ms
[92.946s][info][gc,phases      ] GC(117)   Merge Heap Roots: 0.1ms
[92.946s][info][gc,phases      ] GC(117)   Evacuate Collection Set: 0.5ms
[92.946s][info][gc,phases      ] GC(117)   Post Evacuate Collection Set: 0.5ms
[92.946s][info][gc,phases      ] GC(117)   Other: 0.1ms
[92.946s][info][gc,heap        ] GC(117) Eden regions: 118->0(154)
[92.946s][info][gc,heap        ] GC(117) Survivor regions: 2->3(19)
[92.946s][info][gc,heap        ] GC(117) Old regions: 69->69
[92.946s][info][gc,heap        ] GC(117) Archive regions: 0->0
[92.946s][info][gc,heap        ] GC(117) Humongous regions: 799->743
[92.946s][info][gc,metaspace   ] GC(117) Metaspace: 114533K(128960K)->114533K(128960K) NonClass: 97902K(106944K)->97902K(106944K) Class: 16630K(22016K)->16630K(22016K)
[92.946s][info][gc             ] GC(117) Pause Young (Normal) (G1 Humongous Allocation) 986M->812M(1024M) 1.622ms
[92.946s][info][gc,cpu         ] GC(117) User=0.00s Sys=0.00s Real=0.00s
[92.974s][info][gc,start       ] GC(118) Pause Young (Normal) (G1 Humongous Allocation)
[92.974s][info][gc,task        ] GC(118) Using 24 workers of 33 for evacuation
[92.975s][info][gc,phases      ] GC(118)   Pre Evacuate Collection Set: 0.1ms
[92.975s][info][gc,phases      ] GC(118)   Merge Heap Roots: 0.3ms
[92.975s][info][gc,phases      ] GC(118)   Evacuate Collection Set: 0.6ms
[92.975s][info][gc,phases      ] GC(118)   Post Evacuate Collection Set: 0.4ms
[92.975s][info][gc,phases      ] GC(118)   Other: 0.1ms
[92.975s][info][gc,heap        ] GC(118) Eden regions: 133->0(132)
[92.975s][info][gc,heap        ] GC(118) Survivor regions: 3->5(20)
[92.976s][info][gc,heap        ] GC(118) Old regions: 69->69
[92.976s][info][gc,heap        ] GC(118) Archive regions: 0->0
[92.976s][info][gc,heap        ] GC(118) Humongous regions: 775->761
[92.976s][info][gc,metaspace   ] GC(118) Metaspace: 114533K(128960K)->114533K(128960K) NonClass: 97902K(106944K)->97902K(106944K) Class: 16630K(22016K)->16630K(22016K)
[92.976s][info][gc             ] GC(118) Pause Young (Normal) (G1 Humongous Allocation) 977M->833M(1024M) 1.815ms
[92.976s][info][gc,cpu         ] GC(118) User=0.00s Sys=0.00s Real=0.00s
[92.976s][info][gc,marking     ] GC(111) Concurrent Rebuild Remembered Sets and Scrub Regions 42.632ms
[92.989s][info][gc,start       ] GC(111) Pause Cleanup
[92.990s][info][gc             ] GC(111) Pause Cleanup 841M->841M(1024M) 0.327ms
[92.990s][info][gc,cpu         ] GC(111) User=0.00s Sys=0.00s Real=0.00s
[92.990s][info][gc,marking     ] GC(111) Concurrent Clear Claimed Marks
[92.990s][info][gc,marking     ] GC(111) Concurrent Clear Claimed Marks 0.209ms
[92.990s][info][gc,marking     ] GC(111) Concurrent Cleanup for Next Mark
[92.994s][info][gc,marking     ] GC(111) Concurrent Cleanup for Next Mark 3.809ms
[92.995s][info][gc             ] GC(111) Concurrent Mark Cycle 176.034ms
[93.001s][info][gc,start       ] GC(119) Pause Young (Prepare Mixed) (G1 Humongous Allocation)
[93.001s][info][gc,task        ] GC(119) Using 24 workers of 33 for evacuation
[93.003s][info][gc,phases      ] GC(119)   Pre Evacuate Collection Set: 0.2ms
[93.003s][info][gc,phases      ] GC(119)   Merge Heap Roots: 0.1ms
[93.003s][info][gc,phases      ] GC(119)   Evacuate Collection Set: 0.8ms
[93.003s][info][gc,phases      ] GC(119)   Post Evacuate Collection Set: 0.6ms
[93.003s][info][gc,phases      ] GC(119)   Other: 0.1ms
[93.003s][info][gc,heap        ] GC(119) Eden regions: 111->0(126)
[93.003s][info][gc,heap        ] GC(119) Survivor regions: 5->8(18)
[93.003s][info][gc,heap        ] GC(119) Old regions: 69->69
[93.003s][info][gc,heap        ] GC(119) Archive regions: 0->0
[93.003s][info][gc,heap        ] GC(119) Humongous regions: 789->761
[93.003s][info][gc,metaspace   ] GC(119) Metaspace: 114533K(128960K)->114533K(128960K) NonClass: 97902K(106944K)->97902K(106944K) Class: 16630K(22016K)->16630K(22016K)
[93.003s][info][gc             ] GC(119) Pause Young (Prepare Mixed) (G1 Humongous Allocation) 972M->835M(1024M) 2.021ms
[93.003s][info][gc,cpu         ] GC(119) User=0.00s Sys=0.00s Real=0.00s
[93.021s][info][gc,start       ] GC(120) Pause Young (Mixed) (G1 Humongous Allocation)
[93.021s][info][gc,task        ] GC(120) Using 24 workers of 33 for evacuation
[93.023s][info][gc,phases      ] GC(120)   Pre Evacuate Collection Set: 0.2ms
[93.024s][info][gc,phases      ] GC(120)   Merge Heap Roots: 0.1ms
[93.024s][info][gc,phases      ] GC(120)   Evacuate Collection Set: 1.4ms
[93.024s][info][gc,phases      ] GC(120)   Post Evacuate Collection Set: 0.6ms
[93.024s][info][gc,phases      ] GC(120)   Other: 0.1ms
[93.024s][info][gc,heap        ] GC(120) Eden regions: 107->0(125)
[93.024s][info][gc,heap        ] GC(120) Survivor regions: 8->8(17)
[93.024s][info][gc,heap        ] GC(120) Old regions: 69->65
[93.024s][info][gc,heap        ] GC(120) Archive regions: 0->0
[93.024s][info][gc,heap        ] GC(120) Humongous regions: 780->766
[93.024s][info][gc,metaspace   ] GC(120) Metaspace: 114533K(128960K)->114533K(128960K) NonClass: 97902K(106944K)->97902K(106944K) Class: 16630K(22016K)->16630K(22016K)
[93.024s][info][gc             ] GC(120) Pause Young (Mixed) (G1 Humongous Allocation) 961M->837M(1024M) 2.645ms
[93.024s][info][gc,cpu         ] GC(120) User=0.00s Sys=0.00s Real=0.00s
[93.040s][info][gc,start       ] GC(121) Pause Young (Concurrent Start) (G1 Humongous Allocation)
[93.040s][info][gc,task        ] GC(121) Using 24 workers of 33 for evacuation
[93.043s][info][gc,phases      ] GC(121)   Pre Evacuate Collection Set: 0.4ms
[93.043s][info][gc,phases      ] GC(121)   Merge Heap Roots: 0.1ms
[93.043s][info][gc,phases      ] GC(121)   Evacuate Collection Set: 1.9ms
[93.043s][info][gc,phases      ] GC(121)   Post Evacuate Collection Set: 0.7ms
[93.043s][info][gc,phases      ] GC(121)   Other: 0.1ms
[93.043s][info][gc,heap        ] GC(121) Eden regions: 1->0(128)
[93.043s][info][gc,heap        ] GC(121) Survivor regions: 8->8(17)
[93.043s][info][gc,heap        ] GC(121) Old regions: 65->65
[93.043s][info][gc,heap        ] GC(121) Archive regions: 0->0
[93.043s][info][gc,heap        ] GC(121) Humongous regions: 770->763
[93.043s][info][gc,metaspace   ] GC(121) Metaspace: 114533K(128960K)->114533K(128960K) NonClass: 97902K(106944K)->97902K(106944K) Class: 16630K(22016K)->16630K(22016K)
[93.043s][info][gc             ] GC(121) Pause Young (Concurrent Start) (G1 Humongous Allocation) 842M->834M(1024M) 3.589ms
[93.044s][info][gc             ] GC(122) Concurrent Mark Cycle
[93.044s][info][gc,cpu         ] GC(121) User=0.00s Sys=0.00s Real=0.00s
[93.044s][info][gc,marking     ] GC(122) Concurrent Scan Root Regions
[93.054s][info][gc,marking     ] GC(122) Concurrent Scan Root Regions 10.010ms
[93.054s][info][gc,marking     ] GC(122) Concurrent Mark
[93.054s][info][gc,marking     ] GC(122) Concurrent Mark From Roots
[93.054s][info][gc,task        ] GC(122) Using 8 workers of 8 for marking
[93.054s][info][gc,start       ] GC(123) Pause Young (Normal) (G1 Humongous Allocation)
[93.054s][info][gc,task        ] GC(123) Using 24 workers of 33 for evacuation
[93.057s][info][gc,phases      ] GC(123)   Pre Evacuate Collection Set: 0.2ms
[93.057s][info][gc,phases      ] GC(123)   Merge Heap Roots: 0.2ms
[93.057s][info][gc,phases      ] GC(123)   Evacuate Collection Set: 1.0ms
[93.057s][info][gc,phases      ] GC(123)   Post Evacuate Collection Set: 0.7ms
[93.057s][info][gc,phases      ] GC(123)   Other: 0.1ms
[93.057s][info][gc,heap        ] GC(123) Eden regions: 107->0(119)
[93.057s][info][gc,heap        ] GC(123) Survivor regions: 8->11(17)
[93.057s][info][gc,heap        ] GC(123) Old regions: 65->65
[93.057s][info][gc,heap        ] GC(123) Archive regions: 0->0
[93.057s][info][gc,heap        ] GC(123) Humongous regions: 787->766
[93.057s][info][gc,metaspace   ] GC(123) Metaspace: 114533K(128960K)->114533K(128960K) NonClass: 97902K(106944K)->97902K(106944K) Class: 16630K(22016K)->16630K(22016K)
[93.057s][info][gc             ] GC(123) Pause Young (Normal) (G1 Humongous Allocation) 965M->840M(1024M) 2.743ms
[93.057s][info][gc,cpu         ] GC(123) User=0.00s Sys=0.00s Real=0.00s
[93.068s][info][gc,start       ] GC(124) Pause Young (Normal) (G1 Evacuation Pause)
[93.068s][info][gc,task        ] GC(124) Using 24 workers of 33 for evacuation
[93.070s][info][gc,phases      ] GC(124)   Pre Evacuate Collection Set: 0.2ms
[93.070s][info][gc,phases      ] GC(124)   Merge Heap Roots: 0.1ms
[93.070s][info][gc,phases      ] GC(124)   Evacuate Collection Set: 1.0ms
[93.070s][info][gc,phases      ] GC(124)   Post Evacuate Collection Set: 0.5ms
[93.070s][info][gc,phases      ] GC(124)   Other: 0.1ms
[93.070s][info][gc,heap        ] GC(124) Eden regions: 119->0(116)
[93.070s][info][gc,heap        ] GC(124) Survivor regions: 11->10(17)
[93.070s][info][gc,heap        ] GC(124) Old regions: 65->65
[93.070s][info][gc,heap        ] GC(124) Archive regions: 0->0
[93.070s][info][gc,heap        ] GC(124) Humongous regions: 785->771
[93.070s][info][gc,metaspace   ] GC(124) Metaspace: 114533K(128960K)->114533K(128960K) NonClass: 97902K(106944K)->97902K(106944K) Class: 16630K(22016K)->16630K(22016K)
[93.070s][info][gc             ] GC(124) Pause Young (Normal) (G1 Evacuation Pause) 978M->845M(1024M) 2.241ms
[93.070s][info][gc,cpu         ] GC(124) User=0.00s Sys=0.00s Real=0.00s
[93.081s][info][gc,start       ] GC(125) Pause Young (Normal) (G1 Evacuation Pause)
[93.081s][info][gc,task        ] GC(125) Using 24 workers of 33 for evacuation
[93.083s][info][gc,phases      ] GC(125)   Pre Evacuate Collection Set: 0.1ms
[93.083s][info][gc,phases      ] GC(125)   Merge Heap Roots: 0.1ms
[93.083s][info][gc,phases      ] GC(125)   Evacuate Collection Set: 0.7ms
[93.083s][info][gc,phases      ] GC(125)   Post Evacuate Collection Set: 0.4ms
[93.083s][info][gc,phases      ] GC(125)   Other: 0.1ms
[93.083s][info][gc,heap        ] GC(125) Eden regions: 116->0(102)
[93.083s][info][gc,heap        ] GC(125) Survivor regions: 10->8(16)
[93.083s][info][gc,heap        ] GC(125) Old regions: 65->67
[93.083s][info][gc,heap        ] GC(125) Archive regions: 0->0
[93.083s][info][gc,heap        ] GC(125) Humongous regions: 787->787
[93.083s][info][gc,metaspace   ] GC(125) Metaspace: 114533K(128960K)->114533K(128960K) NonClass: 97902K(106944K)->97902K(106944K) Class: 16630K(22016K)->16630K(22016K)
[93.083s][info][gc             ] GC(125) Pause Young (Normal) (G1 Evacuation Pause) 977M->860M(1024M) 1.693ms
[93.083s][info][gc,cpu         ] GC(125) User=0.00s Sys=0.00s Real=0.00s
[93.094s][info][gc,start       ] GC(126) Pause Young (Normal) (G1 Evacuation Pause)
[93.094s][info][gc,task        ] GC(126) Using 24 workers of 33 for evacuation
[93.095s][info][gc,phases      ] GC(126)   Pre Evacuate Collection Set: 0.1ms
[93.095s][info][gc,phases      ] GC(126)   Merge Heap Roots: 0.1ms
[93.095s][info][gc,phases      ] GC(126)   Evacuate Collection Set: 0.7ms
[93.095s][info][gc,phases      ] GC(126)   Post Evacuate Collection Set: 0.4ms
[93.095s][info][gc,phases      ] GC(126)   Other: 0.1ms
[93.095s][info][gc,heap        ] GC(126) Eden regions: 102->0(75)
[93.095s][info][gc,heap        ] GC(126) Survivor regions: 8->7(14)
[93.095s][info][gc,heap        ] GC(126) Old regions: 67->67
[93.095s][info][gc,heap        ] GC(126) Archive regions: 0->0
[93.095s][info][gc,heap        ] GC(126) Humongous regions: 817->816
[93.095s][info][gc,metaspace   ] GC(126) Metaspace: 114533K(128960K)->114533K(128960K) NonClass: 97903K(106944K)->97903K(106944K) Class: 16630K(22016K)->16630K(22016K)
[93.095s][info][gc             ] GC(126) Pause Young (Normal) (G1 Evacuation Pause) 992M->888M(1024M) 1.560ms
[93.095s][info][gc,cpu         ] GC(126) User=0.00s Sys=0.00s Real=0.00s
[93.103s][info][gc,start       ] GC(127) Pause Young (Normal) (G1 Evacuation Pause)
[93.103s][info][gc,task        ] GC(127) Using 24 workers of 33 for evacuation
[93.104s][info][gc,phases      ] GC(127)   Pre Evacuate Collection Set: 0.1ms
[93.104s][info][gc,phases      ] GC(127)   Merge Heap Roots: 0.1ms
[93.104s][info][gc,phases      ] GC(127)   Evacuate Collection Set: 0.6ms
[93.104s][info][gc,phases      ] GC(127)   Post Evacuate Collection Set: 0.4ms
[93.104s][info][gc,phases      ] GC(127)   Other: 0.1ms
[93.104s][info][gc,heap        ] GC(127) Eden regions: 75->0(65)
[93.104s][info][gc,heap        ] GC(127) Survivor regions: 7->7(11)
[93.104s][info][gc,heap        ] GC(127) Old regions: 67->67
[93.104s][info][gc,heap        ] GC(127) Archive regions: 0->0
[93.104s][info][gc,heap        ] GC(127) Humongous regions: 826->826
[93.104s][info][gc,metaspace   ] GC(127) Metaspace: 114533K(128960K)->114533K(128960K) NonClass: 97903K(106944K)->97903K(106944K) Class: 16630K(22016K)->16630K(22016K)
[93.104s][info][gc             ] GC(127) Pause Young (Normal) (G1 Evacuation Pause) 973M->898M(1024M) 1.451ms
[93.104s][info][gc,cpu         ] GC(127) User=0.00s Sys=0.00s Real=0.00s
[93.111s][info][gc,start       ] GC(128) Pause Young (Normal) (G1 Evacuation Pause)
[93.111s][info][gc,task        ] GC(128) Using 24 workers of 33 for evacuation
[93.112s][info][gc,phases      ] GC(128)   Pre Evacuate Collection Set: 0.1ms
[93.112s][info][gc,phases      ] GC(128)   Merge Heap Roots: 0.1ms
[93.112s][info][gc,phases      ] GC(128)   Evacuate Collection Set: 0.6ms
[93.112s][info][gc,phases      ] GC(128)   Post Evacuate Collection Set: 0.4ms
[93.112s][info][gc,phases      ] GC(128)   Other: 0.1ms
[93.112s][info][gc,heap        ] GC(128) Eden regions: 65->0(57)
[93.112s][info][gc,heap        ] GC(128) Survivor regions: 7->5(9)
[93.112s][info][gc,heap        ] GC(128) Old regions: 67->69
[93.112s][info][gc,heap        ] GC(128) Archive regions: 0->0
[93.112s][info][gc,heap        ] GC(128) Humongous regions: 836->836
[93.112s][info][gc,metaspace   ] GC(128) Metaspace: 114533K(128960K)->114533K(128960K) NonClass: 97903K(106944K)->97903K(106944K) Class: 16630K(22016K)->16630K(22016K)
[93.112s][info][gc             ] GC(128) Pause Young (Normal) (G1 Evacuation Pause) 973M->908M(1024M) 1.430ms
[93.112s][info][gc,cpu         ] GC(128) User=0.00s Sys=0.00s Real=0.00s
[93.123s][info][gc,start       ] GC(129) Pause Young (Normal) (G1 Evacuation Pause)
[93.123s][info][gc,task        ] GC(129) Using 24 workers of 33 for evacuation
[93.124s][info][gc,phases      ] GC(129)   Pre Evacuate Collection Set: 0.1ms
[93.124s][info][gc,phases      ] GC(129)   Merge Heap Roots: 0.1ms
[93.124s][info][gc,phases      ] GC(129)   Evacuate Collection Set: 0.6ms
[93.124s][info][gc,phases      ] GC(129)   Post Evacuate Collection Set: 0.4ms
[93.124s][info][gc,phases      ] GC(129)   Other: 0.1ms
[93.124s][info][gc,heap        ] GC(129) Eden regions: 57->0(47)
[93.124s][info][gc,heap        ] GC(129) Survivor regions: 5->4(8)
[93.124s][info][gc,heap        ] GC(129) Old regions: 69->71
[93.124s][info][gc,heap        ] GC(129) Archive regions: 0->0
[93.124s][info][gc,heap        ] GC(129) Humongous regions: 847->847
[93.124s][info][gc,metaspace   ] GC(129) Metaspace: 114533K(128960K)->114533K(128960K) NonClass: 97903K(106944K)->97903K(106944K) Class: 16630K(22016K)->16630K(22016K)
[93.124s][info][gc             ] GC(129) Pause Young (Normal) (G1 Evacuation Pause) 976M->920M(1024M) 1.510ms
[93.124s][info][gc,cpu         ] GC(129) User=0.00s Sys=0.00s Real=0.00s
[93.138s][info][gc,start       ] GC(130) Pause Young (Normal) (G1 Evacuation Pause)
[93.138s][info][gc,task        ] GC(130) Using 24 workers of 33 for evacuation
[93.140s][info][gc,phases      ] GC(130)   Pre Evacuate Collection Set: 0.1ms
[93.140s][info][gc,phases      ] GC(130)   Merge Heap Roots: 0.1ms
[93.140s][info][gc,phases      ] GC(130)   Evacuate Collection Set: 0.6ms
[93.140s][info][gc,phases      ] GC(130)   Post Evacuate Collection Set: 0.4ms
[93.140s][info][gc,phases      ] GC(130)   Other: 0.1ms
[93.140s][info][gc,heap        ] GC(130) Eden regions: 47->0(47)
[93.140s][info][gc,heap        ] GC(130) Survivor regions: 4->4(7)
[93.140s][info][gc,heap        ] GC(130) Old regions: 71->71
[93.140s][info][gc,heap        ] GC(130) Archive regions: 0->0
[93.140s][info][gc,heap        ] GC(130) Humongous regions: 856->856
[93.140s][info][gc,metaspace   ] GC(130) Metaspace: 114533K(128960K)->114533K(128960K) NonClass: 97903K(106944K)->97903K(106944K) Class: 16630K(22016K)->16630K(22016K)
[93.140s][info][gc             ] GC(130) Pause Young (Normal) (G1 Evacuation Pause) 976M->929M(1024M) 1.636ms
[93.140s][info][gc,cpu         ] GC(130) User=0.00s Sys=0.00s Real=0.00s
[93.140s][info][gc,marking     ] GC(122) Concurrent Mark From Roots 86.666ms
[93.140s][info][gc,marking     ] GC(122) Concurrent Preclean
[93.143s][info][gc,marking     ] GC(122) Concurrent Preclean 2.223ms
[93.144s][info][gc,start       ] GC(131) Pause Young (Normal) (G1 Humongous Allocation)
[93.144s][info][gc,task        ] GC(131) Using 24 workers of 33 for evacuation
[93.146s][info][gc,phases      ] GC(131)   Pre Evacuate Collection Set: 0.1ms
[93.146s][info][gc,phases      ] GC(131)   Merge Heap Roots: 0.1ms
[93.146s][info][gc,phases      ] GC(131)   Evacuate Collection Set: 0.6ms
[93.146s][info][gc,phases      ] GC(131)   Post Evacuate Collection Set: 0.4ms
[93.146s][info][gc,phases      ] GC(131)   Other: 0.1ms
[93.146s][info][gc,heap        ] GC(131) Eden regions: 43->0(46)
[93.146s][info][gc,heap        ] GC(131) Survivor regions: 4->5(7)
[93.146s][info][gc,heap        ] GC(131) Old regions: 71->72
[93.146s][info][gc,heap        ] GC(131) Archive regions: 0->0
[93.146s][info][gc,heap        ] GC(131) Humongous regions: 865->865
[93.146s][info][gc,metaspace   ] GC(131) Metaspace: 114533K(128960K)->114533K(128960K) NonClass: 97903K(106944K)->97903K(106944K) Class: 16630K(22016K)->16630K(22016K)
[93.146s][info][gc             ] GC(131) Pause Young (Normal) (G1 Humongous Allocation) 981M->940M(1024M) 1.743ms
[93.146s][info][gc,cpu         ] GC(131) User=0.00s Sys=0.00s Real=0.00s
[93.154s][info][gc,start       ] GC(122) Pause Remark
[93.155s][info][gc             ] GC(122) Pause Remark 944M->932M(1024M) 1.385ms
[93.155s][info][gc,cpu         ] GC(122) User=0.00s Sys=0.00s Real=0.00s
[93.155s][info][gc,marking     ] GC(122) Concurrent Mark 101.714ms
[93.155s][info][gc,marking     ] GC(122) Concurrent Rebuild Remembered Sets and Scrub Regions
[93.161s][info][gc,start       ] GC(132) Pause Young (Normal) (G1 Humongous Allocation)
[93.161s][info][gc,task        ] GC(132) Using 24 workers of 33 for evacuation
[93.163s][info][gc,phases      ] GC(132)   Pre Evacuate Collection Set: 0.2ms
[93.163s][info][gc,phases      ] GC(132)   Merge Heap Roots: 0.4ms
[93.163s][info][gc,phases      ] GC(132)   Evacuate Collection Set: 0.7ms
[93.163s][info][gc,phases      ] GC(132)   Post Evacuate Collection Set: 0.6ms
[93.163s][info][gc,phases      ] GC(132)   Other: 0.1ms
[93.163s][info][gc,heap        ] GC(132) Eden regions: 41->0(47)
[93.163s][info][gc,heap        ] GC(132) Survivor regions: 5->4(7)
[93.163s][info][gc,heap        ] GC(132) Old regions: 72->73
[93.163s][info][gc,heap        ] GC(132) Archive regions: 0->0
[93.163s][info][gc,heap        ] GC(132) Humongous regions: 867->867
[93.163s][info][gc,metaspace   ] GC(132) Metaspace: 114533K(128960K)->114533K(128960K) NonClass: 97903K(106944K)->97903K(106944K) Class: 16630K(22016K)->16630K(22016K)
[93.163s][info][gc             ] GC(132) Pause Young (Normal) (G1 Humongous Allocation) 983M->942M(1024M) 2.435ms
[93.163s][info][gc,cpu         ] GC(132) User=0.00s Sys=0.00s Real=0.00s
[93.167s][info][gc,start       ] GC(133) Pause Young (Normal) (G1 Humongous Allocation)
[93.167s][info][gc,task        ] GC(133) Using 24 workers of 33 for evacuation
[93.169s][info][gc,phases      ] GC(133)   Pre Evacuate Collection Set: 0.2ms
[93.169s][info][gc,phases      ] GC(133)   Merge Heap Roots: 0.2ms
[93.169s][info][gc,phases      ] GC(133)   Evacuate Collection Set: 0.7ms
[93.169s][info][gc,phases      ] GC(133)   Post Evacuate Collection Set: 0.6ms
[93.169s][info][gc,phases      ] GC(133)   Other: 0.1ms
[93.169s][info][gc,heap        ] GC(133) Eden regions: 39->0(46)
[93.169s][info][gc,heap        ] GC(133) Survivor regions: 4->5(7)
[93.169s][info][gc,heap        ] GC(133) Old regions: 73->73
[93.169s][info][gc,heap        ] GC(133) Archive regions: 0->0
[93.169s][info][gc,heap        ] GC(133) Humongous regions: 879->879
[93.169s][info][gc,metaspace   ] GC(133) Metaspace: 114533K(128960K)->114533K(128960K) NonClass: 97903K(106944K)->97903K(106944K) Class: 16630K(22016K)->16630K(22016K)
[93.170s][info][gc             ] GC(133) Pause Young (Normal) (G1 Humongous Allocation) 993M->955M(1024M) 2.221ms
[93.170s][info][gc,cpu         ] GC(133) User=0.00s Sys=0.00s Real=0.00s
[93.174s][info][gc,start       ] GC(134) Pause Young (Normal) (G1 Humongous Allocation)
[93.174s][info][gc,task        ] GC(134) Using 24 workers of 33 for evacuation
[93.176s][info][gc,phases      ] GC(134)   Pre Evacuate Collection Set: 0.2ms
[93.176s][info][gc,phases      ] GC(134)   Merge Heap Roots: 0.2ms
[93.176s][info][gc,phases      ] GC(134)   Evacuate Collection Set: 0.8ms
[93.176s][info][gc,phases      ] GC(134)   Post Evacuate Collection Set: 0.6ms
[93.176s][info][gc,phases      ] GC(134)   Other: 0.1ms
[93.176s][info][gc,heap        ] GC(134) Eden regions: 40->0(46)
[93.176s][info][gc,heap        ] GC(134) Survivor regions: 5->5(7)
[93.176s][info][gc,heap        ] GC(134) Old regions: 73->74
[93.176s][info][gc,heap        ] GC(134) Archive regions: 0->0
[93.176s][info][gc,heap        ] GC(134) Humongous regions: 892->892
[93.176s][info][gc,metaspace   ] GC(134) Metaspace: 114533K(128960K)->114533K(128960K) NonClass: 97903K(106944K)->97903K(106944K) Class: 16630K(22016K)->16630K(22016K)
[93.176s][info][gc             ] GC(134) Pause Young (Normal) (G1 Humongous Allocation) 1008M->968M(1024M) 2.269ms
[93.176s][info][gc,cpu         ] GC(134) User=0.00s Sys=0.00s Real=0.00s
[93.180s][info][gc,start       ] GC(135) Pause Young (Normal) (G1 Humongous Allocation)
[93.180s][info][gc,task        ] GC(135) Using 24 workers of 33 for evacuation
[93.182s][info][gc,phases      ] GC(135)   Pre Evacuate Collection Set: 0.1ms
[93.182s][info][gc,phases      ] GC(135)   Merge Heap Roots: 0.1ms
[93.182s][info][gc,phases      ] GC(135)   Evacuate Collection Set: 0.6ms
[93.182s][info][gc,phases      ] GC(135)   Post Evacuate Collection Set: 0.5ms
[93.182s][info][gc,phases      ] GC(135)   Other: 0.1ms
[93.182s][info][gc,heap        ] GC(135) Eden regions: 37->0(39)
[93.182s][info][gc,heap        ] GC(135) Survivor regions: 5->4(5)
[93.182s][info][gc,heap        ] GC(135) Old regions: 74->74
[93.182s][info][gc,heap        ] GC(135) Archive regions: 0->0
[93.182s][info][gc,heap        ] GC(135) Humongous regions: 903->903
[93.182s][info][gc,metaspace   ] GC(135) Metaspace: 114533K(128960K)->114533K(128960K) NonClass: 97903K(106944K)->97903K(106944K) Class: 16630K(22016K)->16630K(22016K)
[93.182s][info][gc             ] GC(135) Pause Young (Normal) (G1 Humongous Allocation) 1016M->980M(1024M) 1.773ms
[93.182s][info][gc,cpu         ] GC(135) User=0.00s Sys=0.00s Real=0.00s
[93.184s][info][gc,start       ] GC(136) Pause Young (Normal) (G1 Humongous Allocation)
[93.184s][info][gc,task        ] GC(136) Using 24 workers of 33 for evacuation
[93.185s][info][gc,phases      ] GC(136)   Pre Evacuate Collection Set: 0.1ms
[93.185s][info][gc,phases      ] GC(136)   Merge Heap Roots: 0.1ms
[93.185s][info][gc,phases      ] GC(136)   Evacuate Collection Set: 0.6ms
[93.185s][info][gc,phases      ] GC(136)   Post Evacuate Collection Set: 0.5ms
[93.185s][info][gc,phases      ] GC(136)   Other: 0.1ms
[93.185s][info][gc,heap        ] GC(136) Eden regions: 2->0(29)
[93.185s][info][gc,heap        ] GC(136) Survivor regions: 4->3(6)
[93.185s][info][gc,heap        ] GC(136) Old regions: 74->76
[93.185s][info][gc,heap        ] GC(136) Archive regions: 0->0
[93.185s][info][gc,heap        ] GC(136) Humongous regions: 913->913
[93.185s][info][gc,metaspace   ] GC(136) Metaspace: 114533K(128960K)->114533K(128960K) NonClass: 97903K(106944K)->97903K(106944K) Class: 16630K(22016K)->16630K(22016K)
[93.186s][info][gc             ] GC(136) Pause Young (Normal) (G1 Humongous Allocation) 992M->990M(1024M) 1.745ms
[93.186s][info][gc,cpu         ] GC(136) User=0.00s Sys=0.00s Real=0.00s
[93.186s][info][gc,ergo        ] Attempting full compaction
[93.186s][info][gc,start       ] GC(137) Pause Full (G1 Compaction Pause)
[93.186s][info][gc,task        ] GC(137) Using 24 workers of 33 for full compaction
[93.187s][info][gc,phases,start] GC(137) Phase 1: Mark live objects
[93.221s][info][gc,phases      ] GC(137) Phase 1: Mark live objects 34.371ms
[93.222s][info][gc,phases,start] GC(137) Phase 2: Prepare compaction
[93.223s][info][gc,phases      ] GC(137) Phase 2: Prepare compaction 1.790ms
[93.223s][info][gc,phases,start] GC(137) Phase 3: Adjust pointers
[93.225s][info][gc,phases      ] GC(137) Phase 3: Adjust pointers 2.146ms
[93.226s][info][gc,phases,start] GC(137) Phase 4: Compact heap
[93.227s][info][gc,phases      ] GC(137) Phase 4: Compact heap 1.616ms
[93.231s][info][gc,heap        ] GC(137) Eden regions: 0->0(256)
[93.231s][info][gc,heap        ] GC(137) Survivor regions: 3->0(6)
[93.231s][info][gc,heap        ] GC(137) Old regions: 76->69
[93.231s][info][gc,heap        ] GC(137) Archive regions: 0->0
[93.231s][info][gc,heap        ] GC(137) Humongous regions: 913->647
[93.231s][info][gc,metaspace   ] GC(137) Metaspace: 114533K(128960K)->114487K(128960K) NonClass: 97903K(106944K)->97869K(106944K) Class: 16630K(22016K)->16617K(22016K)
[93.231s][info][gc             ] GC(137) Pause Full (G1 Compaction Pause) 990M->705M(1024M) 45.098ms
[93.231s][info][gc,cpu         ] GC(137) User=1.13s Sys=0.00s Real=0.05s
[93.231s][info][gc,marking     ] GC(122) Concurrent Rebuild Remembered Sets and Scrub Regions 75.364ms
[93.231s][info][gc,marking     ] GC(122) Concurrent Mark Abort
[93.231s][info][gc             ] GC(122) Concurrent Mark Cycle 187.365ms
[93.232s][info][gc,start       ] GC(138) Pause Young (Concurrent Start) (G1 Humongous Allocation)
[93.233s][info][gc,task        ] GC(138) Using 24 workers of 33 for evacuation
[93.234s][info][gc,phases      ] GC(138)   Pre Evacuate Collection Set: 0.2ms
[93.234s][info][gc,phases      ] GC(138)   Merge Heap Roots: 0.0ms
[93.234s][info][gc,phases      ] GC(138)   Evacuate Collection Set: 0.9ms
[93.234s][info][gc,phases      ] GC(138)   Post Evacuate Collection Set: 0.3ms
[93.234s][info][gc,phases      ] GC(138)   Other: 0.1ms
[93.234s][info][gc,heap        ] GC(138) Eden regions: 2->0(240)
[93.234s][info][gc,heap        ] GC(138) Survivor regions: 0->1(32)
[93.234s][info][gc,heap        ] GC(138) Old regions: 69->69
[93.234s][info][gc,heap        ] GC(138) Archive regions: 0->0
[93.234s][info][gc,heap        ] GC(138) Humongous regions: 655->655
[93.234s][info][gc,metaspace   ] GC(138) Metaspace: 114488K(128960K)->114488K(128960K) NonClass: 97870K(106944K)->97870K(106944K) Class: 16617K(22016K)->16617K(22016K)
[93.234s][info][gc             ] GC(138) Pause Young (Concurrent Start) (G1 Humongous Allocation) 715M->713M(1024M) 1.804ms
[93.234s][info][gc             ] GC(139) Concurrent Mark Cycle
[93.234s][info][gc,cpu         ] GC(138) User=0.00s Sys=0.00s Real=0.00s
[93.234s][info][gc,marking     ] GC(139) Concurrent Scan Root Regions
[93.248s][info][gc,marking     ] GC(139) Concurrent Scan Root Regions 14.040ms
[93.249s][info][gc,marking     ] GC(139) Concurrent Mark
[93.249s][info][gc,marking     ] GC(139) Concurrent Mark From Roots
[93.249s][info][gc,task        ] GC(139) Using 8 workers of 8 for marking
[93.253s][info][gc,start       ] GC(140) Pause Young (Normal) (G1 Evacuation Pause)
[93.253s][info][gc,task        ] GC(140) Using 24 workers of 33 for evacuation
[93.255s][info][gc,phases      ] GC(140)   Pre Evacuate Collection Set: 0.1ms
[93.255s][info][gc,phases      ] GC(140)   Merge Heap Roots: 0.1ms
[93.255s][info][gc,phases      ] GC(140)   Evacuate Collection Set: 0.6ms
[93.255s][info][gc,phases      ] GC(140)   Post Evacuate Collection Set: 0.4ms
[93.255s][info][gc,phases      ] GC(140)   Other: 0.1ms
[93.255s][info][gc,heap        ] GC(140) Eden regions: 240->0(209)
[93.255s][info][gc,heap        ] GC(140) Survivor regions: 1->6(31)
[93.255s][info][gc,heap        ] GC(140) Old regions: 69->69
[93.255s][info][gc,heap        ] GC(140) Archive regions: 0->0
[93.255s][info][gc,heap        ] GC(140) Humongous regions: 682->682
[93.255s][info][gc,metaspace   ] GC(140) Metaspace: 114488K(128960K)->114488K(128960K) NonClass: 97870K(106944K)->97870K(106944K) Class: 16617K(22016K)->16617K(22016K)
[93.255s][info][gc             ] GC(140) Pause Young (Normal) (G1 Evacuation Pause) 980M->745M(1024M) 1.561ms
[93.255s][info][gc,cpu         ] GC(140) User=0.00s Sys=0.00s Real=0.00s
[93.272s][info][gc,start       ] GC(141) Pause Young (Normal) (G1 Evacuation Pause)
[93.272s][info][gc,task        ] GC(141) Using 24 workers of 33 for evacuation
[93.273s][info][gc,phases      ] GC(141)   Pre Evacuate Collection Set: 0.1ms
[93.273s][info][gc,phases      ] GC(141)   Merge Heap Roots: 0.1ms
[93.273s][info][gc,phases      ] GC(141)   Evacuate Collection Set: 0.6ms
[93.274s][info][gc,phases      ] GC(141)   Post Evacuate Collection Set: 0.4ms
[93.274s][info][gc,phases      ] GC(141)   Other: 0.1ms
[93.274s][info][gc,heap        ] GC(141) Eden regions: 209->0(188)
[93.274s][info][gc,heap        ] GC(141) Survivor regions: 6->6(27)
[93.274s][info][gc,heap        ] GC(141) Old regions: 69->69
[93.274s][info][gc,heap        ] GC(141) Archive regions: 0->0
[93.274s][info][gc,heap        ] GC(141) Humongous regions: 703->703
[93.274s][info][gc,metaspace   ] GC(141) Metaspace: 114488K(128960K)->114488K(128960K) NonClass: 97870K(106944K)->97870K(106944K) Class: 16617K(22016K)->16617K(22016K)
[93.274s][info][gc             ] GC(141) Pause Young (Normal) (G1 Evacuation Pause) 975M->766M(1024M) 1.599ms
[93.274s][info][gc,cpu         ] GC(141) User=0.00s Sys=0.00s Real=0.00s
[93.302s][info][gc,start       ] GC(142) Pause Young (Normal) (G1 Evacuation Pause)
[93.302s][info][gc,task        ] GC(142) Using 24 workers of 33 for evacuation
[93.304s][info][gc,phases      ] GC(142)   Pre Evacuate Collection Set: 0.1ms
[93.304s][info][gc,phases      ] GC(142)   Merge Heap Roots: 0.1ms
[93.304s][info][gc,phases      ] GC(142)   Evacuate Collection Set: 0.6ms
[93.304s][info][gc,phases      ] GC(142)   Post Evacuate Collection Set: 0.4ms
[93.304s][info][gc,phases      ] GC(142)   Other: 0.1ms
[93.304s][info][gc,heap        ] GC(142) Eden regions: 188->0(171)
[93.304s][info][gc,heap        ] GC(142) Survivor regions: 6->5(25)
[93.304s][info][gc,heap        ] GC(142) Old regions: 69->69
[93.304s][info][gc,heap        ] GC(142) Archive regions: 0->0
[93.304s][info][gc,heap        ] GC(142) Humongous regions: 722->722
[93.304s][info][gc,metaspace   ] GC(142) Metaspace: 114488K(128960K)->114488K(128960K) NonClass: 97870K(106944K)->97870K(106944K) Class: 16617K(22016K)->16617K(22016K)
[93.304s][info][gc             ] GC(142) Pause Young (Normal) (G1 Evacuation Pause) 973M->784M(1024M) 1.636ms
[93.304s][info][gc,cpu         ] GC(142) User=0.00s Sys=0.00s Real=0.00s
[93.333s][info][gc,start       ] GC(143) Pause Young (Normal) (G1 Evacuation Pause)
[93.333s][info][gc,task        ] GC(143) Using 24 workers of 33 for evacuation
[93.335s][info][gc,phases      ] GC(143)   Pre Evacuate Collection Set: 0.2ms
[93.335s][info][gc,phases      ] GC(143)   Merge Heap Roots: 0.1ms
[93.335s][info][gc,phases      ] GC(143)   Evacuate Collection Set: 0.6ms
[93.335s][info][gc,phases      ] GC(143)   Post Evacuate Collection Set: 0.5ms
[93.335s][info][gc,phases      ] GC(143)   Other: 0.1ms
[93.335s][info][gc,heap        ] GC(143) Eden regions: 171->0(142)
[93.335s][info][gc,heap        ] GC(143) Survivor regions: 5->4(22)
[93.335s][info][gc,heap        ] GC(143) Old regions: 69->69
[93.335s][info][gc,heap        ] GC(143) Archive regions: 0->0
[93.335s][info][gc,heap        ] GC(143) Humongous regions: 754->753
[93.335s][info][gc,metaspace   ] GC(143) Metaspace: 114488K(128960K)->114488K(128960K) NonClass: 97870K(106944K)->97870K(106944K) Class: 16617K(22016K)->16617K(22016K)
[93.335s][info][gc             ] GC(143) Pause Young (Normal) (G1 Evacuation Pause) 987M->815M(1024M) 1.785ms
[93.335s][info][gc,cpu         ] GC(143) User=0.00s Sys=0.00s Real=0.00s
[93.338s][info][gc,marking     ] GC(139) Concurrent Mark From Roots 88.948ms
[93.338s][info][gc,marking     ] GC(139) Concurrent Preclean
[93.341s][info][gc,marking     ] GC(139) Concurrent Preclean 3.374ms
[93.342s][info][gc,start       ] GC(139) Pause Remark
[93.344s][info][gc             ] GC(139) Pause Remark 912M->905M(1024M) 1.329ms
[93.344s][info][gc,cpu         ] GC(139) User=0.00s Sys=0.00s Real=0.00s
[93.344s][info][gc,marking     ] GC(139) Concurrent Mark 95.007ms
[93.344s][info][gc,marking     ] GC(139) Concurrent Rebuild Remembered Sets and Scrub Regions
[93.349s][info][gc,start       ] GC(144) Pause Young (Normal) (G1 Evacuation Pause)
[93.349s][info][gc,task        ] GC(144) Using 24 workers of 33 for evacuation
[93.350s][info][gc,phases      ] GC(144)   Pre Evacuate Collection Set: 0.2ms
[93.350s][info][gc,phases      ] GC(144)   Merge Heap Roots: 0.1ms
[93.350s][info][gc,phases      ] GC(144)   Evacuate Collection Set: 0.6ms
[93.350s][info][gc,phases      ] GC(144)   Post Evacuate Collection Set: 0.6ms
[93.350s][info][gc,phases      ] GC(144)   Other: 0.1ms
[93.350s][info][gc,heap        ] GC(144) Eden regions: 142->0(138)
[93.350s][info][gc,heap        ] GC(144) Survivor regions: 4->4(19)
[93.350s][info][gc,heap        ] GC(144) Old regions: 69->69
[93.350s][info][gc,heap        ] GC(144) Archive regions: 0->0
[93.350s][info][gc,heap        ] GC(144) Humongous regions: 759->757
[93.350s][info][gc,metaspace   ] GC(144) Metaspace: 114488K(128960K)->114488K(128960K) NonClass: 97870K(106944K)->97870K(106944K) Class: 16617K(22016K)->16617K(22016K)
[93.350s][info][gc             ] GC(144) Pause Young (Normal) (G1 Evacuation Pause) 963M->818M(1024M) 1.891ms
[93.351s][info][gc,cpu         ] GC(144) User=0.02s Sys=0.00s Real=0.02s
[93.362s][info][gc,start       ] GC(145) Pause Young (Normal) (G1 Evacuation Pause)
[93.362s][info][gc,task        ] GC(145) Using 24 workers of 33 for evacuation
[93.363s][info][gc,phases      ] GC(145)   Pre Evacuate Collection Set: 0.1ms
[93.363s][info][gc,phases      ] GC(145)   Merge Heap Roots: 0.1ms
[93.363s][info][gc,phases      ] GC(145)   Evacuate Collection Set: 0.5ms
[93.363s][info][gc,phases      ] GC(145)   Post Evacuate Collection Set: 0.4ms
[93.363s][info][gc,phases      ] GC(145)   Other: 0.1ms
[93.363s][info][gc,heap        ] GC(145) Eden regions: 138->0(125)
[93.363s][info][gc,heap        ] GC(145) Survivor regions: 4->4(18)
[93.363s][info][gc,heap        ] GC(145) Old regions: 69->69
[93.363s][info][gc,heap        ] GC(145) Archive regions: 0->0
[93.363s][info][gc,heap        ] GC(145) Humongous regions: 773->770
[93.363s][info][gc,metaspace   ] GC(145) Metaspace: 114488K(128960K)->114488K(128960K) NonClass: 97870K(106944K)->97870K(106944K) Class: 16617K(22016K)->16617K(22016K)
[93.363s][info][gc             ] GC(145) Pause Young (Normal) (G1 Evacuation Pause) 972M->831M(1024M) 1.369ms
[93.363s][info][gc,cpu         ] GC(145) User=0.00s Sys=0.00s Real=0.00s
[93.370s][info][gc,marking     ] GC(139) Concurrent Rebuild Remembered Sets and Scrub Regions 26.390ms
[93.372s][info][gc,start       ] GC(139) Pause Cleanup
[93.372s][info][gc             ] GC(139) Pause Cleanup 951M->951M(1024M) 0.355ms
[93.372s][info][gc,cpu         ] GC(139) User=0.00s Sys=0.00s Real=0.00s
[93.372s][info][gc,marking     ] GC(139) Concurrent Clear Claimed Marks
[93.373s][info][gc,marking     ] GC(139) Concurrent Clear Claimed Marks 0.795ms
[93.373s][info][gc,marking     ] GC(139) Concurrent Cleanup for Next Mark
[93.375s][info][gc,start       ] GC(146) Pause Young (Prepare Mixed) (G1 Evacuation Pause)
[93.375s][info][gc,task        ] GC(146) Using 24 workers of 33 for evacuation
[93.377s][info][gc,phases      ] GC(146)   Pre Evacuate Collection Set: 0.1ms
[93.377s][info][gc,phases      ] GC(146)   Merge Heap Roots: 0.4ms
[93.377s][info][gc,phases      ] GC(146)   Evacuate Collection Set: 0.5ms
[93.377s][info][gc,phases      ] GC(146)   Post Evacuate Collection Set: 0.4ms
[93.377s][info][gc,phases      ] GC(146)   Other: 0.1ms
[93.377s][info][gc,heap        ] GC(146) Eden regions: 125->0(104)
[93.377s][info][gc,heap        ] GC(146) Survivor regions: 4->3(17)
[93.377s][info][gc,heap        ] GC(146) Old regions: 69->69
[93.377s][info][gc,heap        ] GC(146) Archive regions: 0->0
[93.377s][info][gc,heap        ] GC(146) Humongous regions: 798->793
[93.377s][info][gc,metaspace   ] GC(146) Metaspace: 114488K(128960K)->114488K(128960K) NonClass: 97870K(106944K)->97870K(106944K) Class: 16617K(22016K)->16617K(22016K)
[93.377s][info][gc             ] GC(146) Pause Young (Prepare Mixed) (G1 Evacuation Pause) 984M->854M(1024M) 1.649ms
[93.377s][info][gc,cpu         ] GC(146) User=0.00s Sys=0.00s Real=0.00s
[93.378s][info][gc,marking     ] GC(139) Concurrent Cleanup for Next Mark 5.301ms
[93.379s][info][gc             ] GC(139) Concurrent Mark Cycle 144.425ms
[93.387s][info][gc,start       ] GC(147) Pause Young (Mixed) (G1 Evacuation Pause)
[93.387s][info][gc,task        ] GC(147) Using 24 workers of 33 for evacuation
[93.388s][info][gc,phases      ] GC(147)   Pre Evacuate Collection Set: 0.1ms
[93.388s][info][gc,phases      ] GC(147)   Merge Heap Roots: 0.1ms
[93.388s][info][gc,phases      ] GC(147)   Evacuate Collection Set: 0.8ms
[93.388s][info][gc,phases      ] GC(147)   Post Evacuate Collection Set: 0.4ms
[93.388s][info][gc,phases      ] GC(147)   Other: 0.1ms
[93.388s][info][gc,heap        ] GC(147) Eden regions: 104->0(89)
[93.388s][info][gc,heap        ] GC(147) Survivor regions: 3->3(14)
[93.388s][info][gc,heap        ] GC(147) Old regions: 69->67
[93.388s][info][gc,heap        ] GC(147) Archive regions: 0->0
[93.388s][info][gc,heap        ] GC(147) Humongous regions: 815->810
[93.388s][info][gc,metaspace   ] GC(147) Metaspace: 114488K(128960K)->114488K(128960K) NonClass: 97870K(106944K)->97870K(106944K) Class: 16617K(22016K)->16617K(22016K)
[93.388s][info][gc             ] GC(147) Pause Young (Mixed) (G1 Evacuation Pause) 980M->871M(1024M) 1.663ms
[93.388s][info][gc,cpu         ] GC(147) User=0.00s Sys=0.00s Real=0.00s
[93.390s][info][gc,start       ] GC(148) Pause Young (Concurrent Start) (G1 Humongous Allocation)
[93.390s][info][gc,task        ] GC(148) Using 24 workers of 33 for evacuation
[93.392s][info][gc,phases      ] GC(148)   Pre Evacuate Collection Set: 0.2ms
[93.392s][info][gc,phases      ] GC(148)   Merge Heap Roots: 0.1ms
[93.392s][info][gc,phases      ] GC(148)   Evacuate Collection Set: 1.0ms
[93.392s][info][gc,phases      ] GC(148)   Post Evacuate Collection Set: 0.3ms
[93.392s][info][gc,phases      ] GC(148)   Other: 0.0ms
[93.392s][info][gc,heap        ] GC(148) Eden regions: 22->0(90)
[93.392s][info][gc,heap        ] GC(148) Survivor regions: 3->4(12)
[93.392s][info][gc,heap        ] GC(148) Old regions: 67->67
[93.392s][info][gc,heap        ] GC(148) Archive regions: 0->0
[93.392s][info][gc,heap        ] GC(148) Humongous regions: 811->807
[93.392s][info][gc,metaspace   ] GC(148) Metaspace: 114488K(128960K)->114488K(128960K) NonClass: 97870K(106944K)->97870K(106944K) Class: 16617K(22016K)->16617K(22016K)
[93.392s][info][gc             ] GC(148) Pause Young (Concurrent Start) (G1 Humongous Allocation) 894M->868M(1024M) 1.886ms
[93.392s][info][gc             ] GC(149) Concurrent Mark Cycle
[93.392s][info][gc,cpu         ] GC(148) User=0.00s Sys=0.00s Real=0.00s
[93.392s][info][gc,marking     ] GC(149) Concurrent Scan Root Regions
[93.399s][info][gc,start       ] GC(150) Pause Young (Normal) (G1 Evacuation Pause)
[93.399s][info][gc,task        ] GC(150) Using 24 workers of 33 for evacuation
[93.399s][info][gc,marking     ] GC(149) Concurrent Scan Root Regions 7.156ms
[93.399s][info][gc,marking     ] GC(149) Concurrent Mark
[93.399s][info][gc,marking     ] GC(149) Concurrent Mark From Roots
[93.399s][info][gc,task        ] GC(149) Using 8 workers of 8 for marking
[93.400s][info][gc,phases      ] GC(150)   Pre Evacuate Collection Set: 0.3ms
[93.400s][info][gc,phases      ] GC(150)   Merge Heap Roots: 0.1ms
[93.400s][info][gc,phases      ] GC(150)   Evacuate Collection Set: 0.4ms
[93.400s][info][gc,phases      ] GC(150)   Post Evacuate Collection Set: 0.4ms
[93.400s][info][gc,phases      ] GC(150)   Other: 0.1ms
[93.400s][info][gc,heap        ] GC(150) Eden regions: 90->0(83)
[93.400s][info][gc,heap        ] GC(150) Survivor regions: 4->3(12)
[93.400s][info][gc,heap        ] GC(150) Old regions: 67->67
[93.400s][info][gc,heap        ] GC(150) Archive regions: 0->0
[93.400s][info][gc,heap        ] GC(150) Humongous regions: 818->816
[93.400s][info][gc,metaspace   ] GC(150) Metaspace: 114488K(128960K)->114488K(128960K) NonClass: 97870K(106944K)->97870K(106944K) Class: 16617K(22016K)->16617K(22016K)
[93.400s][info][gc             ] GC(150) Pause Young (Normal) (G1 Evacuation Pause) 969M->876M(1024M) 1.401ms
[93.400s][info][gc,cpu         ] GC(150) User=0.00s Sys=0.00s Real=0.00s
[93.407s][info][gc,start       ] GC(151) Pause Young (Normal) (G1 Evacuation Pause)
[93.407s][info][gc,task        ] GC(151) Using 24 workers of 33 for evacuation
[93.408s][info][gc,phases      ] GC(151)   Pre Evacuate Collection Set: 0.1ms
[93.408s][info][gc,phases      ] GC(151)   Merge Heap Roots: 0.1ms
[93.408s][info][gc,phases      ] GC(151)   Evacuate Collection Set: 0.4ms
[93.408s][info][gc,phases      ] GC(151)   Post Evacuate Collection Set: 0.3ms
[93.408s][info][gc,phases      ] GC(151)   Other: 0.1ms
[93.408s][info][gc,heap        ] GC(151) Eden regions: 83->0(86)
[93.408s][info][gc,heap        ] GC(151) Survivor regions: 3->3(11)
[93.408s][info][gc,heap        ] GC(151) Old regions: 67->67
[93.408s][info][gc,heap        ] GC(151) Archive regions: 0->0
[93.408s][info][gc,heap        ] GC(151) Humongous regions: 816->813
[93.408s][info][gc,metaspace   ] GC(151) Metaspace: 114488K(128960K)->114488K(128960K) NonClass: 97870K(106944K)->97870K(106944K) Class: 16617K(22016K)->16617K(22016K)
[93.408s][info][gc             ] GC(151) Pause Young (Normal) (G1 Evacuation Pause) 959M->873M(1024M) 1.214ms
[93.408s][info][gc,cpu         ] GC(151) User=0.03s Sys=0.00s Real=0.02s
[93.414s][info][gc,start       ] GC(152) Pause Young (Normal) (G1 Evacuation Pause)
[93.414s][info][gc,task        ] GC(152) Using 24 workers of 33 for evacuation
[93.415s][info][gc,phases      ] GC(152)   Pre Evacuate Collection Set: 0.1ms
[93.415s][info][gc,phases      ] GC(152)   Merge Heap Roots: 0.1ms
[93.415s][info][gc,phases      ] GC(152)   Evacuate Collection Set: 0.4ms
[93.415s][info][gc,phases      ] GC(152)   Post Evacuate Collection Set: 0.4ms
[93.415s][info][gc,phases      ] GC(152)   Other: 0.1ms
[93.415s][info][gc,heap        ] GC(152) Eden regions: 86->0(85)
[93.415s][info][gc,heap        ] GC(152) Survivor regions: 3->3(12)
[93.415s][info][gc,heap        ] GC(152) Old regions: 67->67
[93.415s][info][gc,heap        ] GC(152) Archive regions: 0->0
[93.415s][info][gc,heap        ] GC(152) Humongous regions: 815->814
[93.415s][info][gc,metaspace   ] GC(152) Metaspace: 114488K(128960K)->114488K(128960K) NonClass: 97870K(106944K)->97870K(106944K) Class: 16617K(22016K)->16617K(22016K)
[93.415s][info][gc             ] GC(152) Pause Young (Normal) (G1 Evacuation Pause) 961M->874M(1024M) 1.220ms
[93.415s][info][gc,cpu         ] GC(152) User=0.00s Sys=0.00s Real=0.00s
[93.422s][info][gc,start       ] GC(153) Pause Young (Normal) (G1 Evacuation Pause)
[93.422s][info][gc,task        ] GC(153) Using 24 workers of 33 for evacuation
[93.423s][info][gc,phases      ] GC(153)   Pre Evacuate Collection Set: 0.1ms
[93.423s][info][gc,phases      ] GC(153)   Merge Heap Roots: 0.1ms
[93.423s][info][gc,phases      ] GC(153)   Evacuate Collection Set: 0.4ms
[93.423s][info][gc,phases      ] GC(153)   Post Evacuate Collection Set: 0.3ms
[93.423s][info][gc,phases      ] GC(153)   Other: 0.1ms
[93.423s][info][gc,heap        ] GC(153) Eden regions: 85->0(76)
[93.423s][info][gc,heap        ] GC(153) Survivor regions: 3->3(11)
[93.423s][info][gc,heap        ] GC(153) Old regions: 67->67
[93.423s][info][gc,heap        ] GC(153) Archive regions: 0->0
[93.423s][info][gc,heap        ] GC(153) Humongous regions: 824->823
[93.423s][info][gc,metaspace   ] GC(153) Metaspace: 114488K(128960K)->114488K(128960K) NonClass: 97870K(106944K)->97870K(106944K) Class: 16617K(22016K)->16617K(22016K)
[93.423s][info][gc             ] GC(153) Pause Young (Normal) (G1 Evacuation Pause) 969M->883M(1024M) 1.158ms
[93.424s][info][gc,cpu         ] GC(153) User=0.00s Sys=0.00s Real=0.00s
[93.429s][info][gc,start       ] GC(154) Pause Young (Normal) (G1 Evacuation Pause)
[93.429s][info][gc,task        ] GC(154) Using 24 workers of 33 for evacuation
[93.430s][info][gc,phases      ] GC(154)   Pre Evacuate Collection Set: 0.1ms
[93.430s][info][gc,phases      ] GC(154)   Merge Heap Roots: 0.1ms
[93.430s][info][gc,phases      ] GC(154)   Evacuate Collection Set: 0.4ms
[93.430s][info][gc,phases      ] GC(154)   Post Evacuate Collection Set: 0.3ms
[93.430s][info][gc,phases      ] GC(154)   Other: 0.1ms
[93.430s][info][gc,heap        ] GC(154) Eden regions: 76->0(75)
[93.430s][info][gc,heap        ] GC(154) Survivor regions: 3->3(10)
[93.430s][info][gc,heap        ] GC(154) Old regions: 67->67
[93.430s][info][gc,heap        ] GC(154) Archive regions: 0->0
[93.430s][info][gc,heap        ] GC(154) Humongous regions: 828->824
[93.430s][info][gc,metaspace   ] GC(154) Metaspace: 114488K(128960K)->114488K(128960K) NonClass: 97870K(106944K)->97870K(106944K) Class: 16617K(22016K)->16617K(22016K)
[93.430s][info][gc             ] GC(154) Pause Young (Normal) (G1 Evacuation Pause) 964M->884M(1024M) 1.195ms
[93.430s][info][gc,cpu         ] GC(154) User=0.00s Sys=0.00s Real=0.00s
[93.436s][info][gc,start       ] GC(155) Pause Young (Normal) (G1 Evacuation Pause)
[93.436s][info][gc,task        ] GC(155) Using 24 workers of 33 for evacuation
[93.437s][info][gc,phases      ] GC(155)   Pre Evacuate Collection Set: 0.1ms
[93.437s][info][gc,phases      ] GC(155)   Merge Heap Roots: 0.1ms
[93.437s][info][gc,phases      ] GC(155)   Evacuate Collection Set: 0.4ms
[93.437s][info][gc,phases      ] GC(155)   Post Evacuate Collection Set: 0.3ms
[93.437s][info][gc,phases      ] GC(155)   Other: 0.1ms
[93.437s][info][gc,heap        ] GC(155) Eden regions: 75->0(71)
[93.437s][info][gc,heap        ] GC(155) Survivor regions: 3->3(10)
[93.437s][info][gc,heap        ] GC(155) Old regions: 67->67
[93.437s][info][gc,heap        ] GC(155) Archive regions: 0->0
[93.437s][info][gc,heap        ] GC(155) Humongous regions: 830->828
[93.437s][info][gc,metaspace   ] GC(155) Metaspace: 114488K(128960K)->114488K(128960K) NonClass: 97870K(106944K)->97870K(106944K) Class: 16617K(22016K)->16617K(22016K)
[93.437s][info][gc             ] GC(155) Pause Young (Normal) (G1 Evacuation Pause) 965M->888M(1024M) 1.231ms
[93.437s][info][gc,cpu         ] GC(155) User=0.00s Sys=0.00s Real=0.00s
[93.442s][info][gc,start       ] GC(156) Pause Young (Normal) (G1 Evacuation Pause)
[93.442s][info][gc,task        ] GC(156) Using 24 workers of 33 for evacuation
[93.443s][info][gc,phases      ] GC(156)   Pre Evacuate Collection Set: 0.1ms
[93.443s][info][gc,phases      ] GC(156)   Merge Heap Roots: 0.1ms
[93.443s][info][gc,phases      ] GC(156)   Evacuate Collection Set: 0.4ms
[93.443s][info][gc,phases      ] GC(156)   Post Evacuate Collection Set: 0.3ms
[93.443s][info][gc,phases      ] GC(156)   Other: 0.1ms
[93.443s][info][gc,heap        ] GC(156) Eden regions: 71->0(74)
[93.443s][info][gc,heap        ] GC(156) Survivor regions: 3->2(10)
[93.443s][info][gc,heap        ] GC(156) Old regions: 67->68
[93.443s][info][gc,heap        ] GC(156) Archive regions: 0->0
[93.443s][info][gc,heap        ] GC(156) Humongous regions: 830->826
[93.443s][info][gc,metaspace   ] GC(156) Metaspace: 114488K(128960K)->114488K(128960K) NonClass: 97870K(106944K)->97870K(106944K) Class: 16617K(22016K)->16617K(22016K)
[93.443s][info][gc             ] GC(156) Pause Young (Normal) (G1 Evacuation Pause) 961M->886M(1024M) 1.158ms
[93.443s][info][gc,cpu         ] GC(156) User=0.00s Sys=0.00s Real=0.00s
[93.455s][info][gc,start       ] GC(157) Pause Young (Normal) (G1 Evacuation Pause)
[93.455s][info][gc,task        ] GC(157) Using 24 workers of 33 for evacuation
[93.456s][info][gc,phases      ] GC(157)   Pre Evacuate Collection Set: 0.1ms
[93.456s][info][gc,phases      ] GC(157)   Merge Heap Roots: 0.1ms
[93.456s][info][gc,phases      ] GC(157)   Evacuate Collection Set: 0.4ms
[93.456s][info][gc,phases      ] GC(157)   Post Evacuate Collection Set: 0.3ms
[93.456s][info][gc,phases      ] GC(157)   Other: 0.1ms
[93.456s][info][gc,heap        ] GC(157) Eden regions: 74->0(70)
[93.456s][info][gc,heap        ] GC(157) Survivor regions: 2->2(10)
[93.456s][info][gc,heap        ] GC(157) Old regions: 68->68
[93.456s][info][gc,heap        ] GC(157) Archive regions: 0->0
[93.456s][info][gc,heap        ] GC(157) Humongous regions: 834->830
[93.456s][info][gc,metaspace   ] GC(157) Metaspace: 114488K(128960K)->114488K(128960K) NonClass: 97870K(106944K)->97870K(106944K) Class: 16617K(22016K)->16617K(22016K)
[93.456s][info][gc             ] GC(157) Pause Young (Normal) (G1 Evacuation Pause) 968M->890M(1024M) 1.117ms
[93.456s][info][gc,cpu         ] GC(157) User=0.00s Sys=0.00s Real=0.00s
[93.458s][info][gc,marking     ] GC(149) Concurrent Mark From Roots 58.805ms
[93.458s][info][gc,marking     ] GC(149) Concurrent Preclean
[93.461s][info][gc,marking     ] GC(149) Concurrent Preclean 2.480ms
[93.462s][info][gc,start       ] GC(158) Pause Young (Normal) (G1 Evacuation Pause)
[93.462s][info][gc,task        ] GC(158) Using 24 workers of 33 for evacuation
[93.463s][info][gc,phases      ] GC(158)   Pre Evacuate Collection Set: 0.1ms
[93.463s][info][gc,phases      ] GC(158)   Merge Heap Roots: 0.1ms
[93.463s][info][gc,phases      ] GC(158)   Evacuate Collection Set: 0.4ms
[93.463s][info][gc,phases      ] GC(158)   Post Evacuate Collection Set: 0.4ms
[93.463s][info][gc,phases      ] GC(158)   Other: 0.1ms
[93.463s][info][gc,heap        ] GC(158) Eden regions: 70->0(58)
[93.463s][info][gc,heap        ] GC(158) Survivor regions: 2->2(9)
[93.463s][info][gc,heap        ] GC(158) Old regions: 68->68
[93.463s][info][gc,heap        ] GC(158) Archive regions: 0->0
[93.463s][info][gc,heap        ] GC(158) Humongous regions: 844->842
[93.463s][info][gc,metaspace   ] GC(158) Metaspace: 114488K(128960K)->114488K(128960K) NonClass: 97870K(106944K)->97870K(106944K) Class: 16617K(22016K)->16617K(22016K)
[93.463s][info][gc             ] GC(158) Pause Young (Normal) (G1 Evacuation Pause) 974M->902M(1024M) 1.284ms
[93.463s][info][gc,cpu         ] GC(158) User=0.00s Sys=0.00s Real=0.00s
[93.464s][info][gc,start       ] GC(149) Pause Remark
[93.465s][info][gc             ] GC(149) Pause Remark 902M->812M(1024M) 0.997ms
[93.465s][info][gc,cpu         ] GC(149) User=0.00s Sys=0.00s Real=0.00s
[93.465s][info][gc,marking     ] GC(149) Concurrent Mark 65.295ms
[93.465s][info][gc,marking     ] GC(149) Concurrent Rebuild Remembered Sets and Scrub Regions
[93.469s][info][gc,start       ] GC(159) Pause Young (Normal) (G1 Evacuation Pause)
[93.469s][info][gc,task        ] GC(159) Using 24 workers of 33 for evacuation
[93.470s][info][gc,phases      ] GC(159)   Pre Evacuate Collection Set: 0.1ms
[93.470s][info][gc,phases      ] GC(159)   Merge Heap Roots: 0.1ms
[93.470s][info][gc,phases      ] GC(159)   Evacuate Collection Set: 0.4ms
[93.470s][info][gc,phases      ] GC(159)   Post Evacuate Collection Set: 0.4ms
[93.470s][info][gc,phases      ] GC(159)   Other: 0.1ms
[93.470s][info][gc,heap        ] GC(159) Eden regions: 58->0(157)
[93.470s][info][gc,heap        ] GC(159) Survivor regions: 2->2(8)
[93.470s][info][gc,heap        ] GC(159) Old regions: 68->68
[93.470s][info][gc,heap        ] GC(159) Archive regions: 0->0
[93.470s][info][gc,heap        ] GC(159) Humongous regions: 756->743
[93.470s][info][gc,metaspace   ] GC(159) Metaspace: 114488K(128960K)->114488K(128960K) NonClass: 97870K(106944K)->97870K(106944K) Class: 16617K(22016K)->16617K(22016K)
[93.470s][info][gc             ] GC(159) Pause Young (Normal) (G1 Evacuation Pause) 874M->803M(1024M) 1.291ms
[93.470s][info][gc,cpu         ] GC(159) User=0.02s Sys=0.00s Real=0.02s
[93.481s][info][gc,marking     ] GC(149) Concurrent Rebuild Remembered Sets and Scrub Regions 16.670ms
[93.482s][info][gc,start       ] GC(149) Pause Cleanup
[93.482s][info][gc             ] GC(149) Pause Cleanup 965M->965M(1024M) 0.224ms
[93.482s][info][gc,cpu         ] GC(149) User=0.00s Sys=0.00s Real=0.00s
[93.483s][info][gc,marking     ] GC(149) Concurrent Clear Claimed Marks
[93.483s][info][gc,marking     ] GC(149) Concurrent Clear Claimed Marks 0.236ms
[93.483s][info][gc,marking     ] GC(149) Concurrent Cleanup for Next Mark
[93.483s][info][gc,start       ] GC(160) Pause Young (Prepare Mixed) (G1 Humongous Allocation)
[93.483s][info][gc,task        ] GC(160) Using 24 workers of 33 for evacuation
[93.484s][info][gc,phases      ] GC(160)   Pre Evacuate Collection Set: 0.1ms
[93.484s][info][gc,phases      ] GC(160)   Merge Heap Roots: 0.4ms
[93.484s][info][gc,phases      ] GC(160)   Evacuate Collection Set: 0.3ms
[93.484s][info][gc,phases      ] GC(160)   Post Evacuate Collection Set: 0.4ms
[93.484s][info][gc,phases      ] GC(160)   Other: 0.1ms
[93.484s][info][gc,heap        ] GC(160) Eden regions: 151->0(146)
[93.484s][info][gc,heap        ] GC(160) Survivor regions: 2->1(20)
[93.484s][info][gc,heap        ] GC(160) Old regions: 68->68
[93.484s][info][gc,heap        ] GC(160) Archive regions: 0->0
[93.484s][info][gc,heap        ] GC(160) Humongous regions: 758->756
[93.484s][info][gc,metaspace   ] GC(160) Metaspace: 114488K(128960K)->114488K(128960K) NonClass: 97870K(106944K)->97870K(106944K) Class: 16617K(22016K)->16617K(22016K)
[93.484s][info][gc             ] GC(160) Pause Young (Prepare Mixed) (G1 Humongous Allocation) 969M->815M(1024M) 1.465ms
[93.485s][info][gc,cpu         ] GC(160) User=0.00s Sys=0.00s Real=0.00s
[93.488s][info][gc,marking     ] GC(149) Concurrent Cleanup for Next Mark 4.874ms
[93.488s][info][gc             ] GC(149) Concurrent Mark Cycle 96.116ms
[93.497s][info][gc,start       ] GC(161) Pause Young (Mixed) (G1 Evacuation Pause)
[93.497s][info][gc,task        ] GC(161) Using 24 workers of 33 for evacuation
[93.498s][info][gc,phases      ] GC(161)   Pre Evacuate Collection Set: 0.1ms
[93.498s][info][gc,phases      ] GC(161)   Merge Heap Roots: 0.1ms
[93.498s][info][gc,phases      ] GC(161)   Evacuate Collection Set: 0.7ms
[93.498s][info][gc,phases      ] GC(161)   Post Evacuate Collection Set: 0.4ms
[93.498s][info][gc,phases      ] GC(161)   Other: 0.1ms
[93.498s][info][gc,heap        ] GC(161) Eden regions: 146->0(144)
[93.498s][info][gc,heap        ] GC(161) Survivor regions: 1->1(19)
[93.498s][info][gc,heap        ] GC(161) Old regions: 68->65
[93.498s][info][gc,heap        ] GC(161) Archive regions: 0->0
[93.498s][info][gc,heap        ] GC(161) Humongous regions: 768->761
[93.498s][info][gc,metaspace   ] GC(161) Metaspace: 114488K(128960K)->114488K(128960K) NonClass: 97870K(106944K)->97870K(106944K) Class: 16617K(22016K)->16617K(22016K)
[93.498s][info][gc             ] GC(161) Pause Young (Mixed) (G1 Evacuation Pause) 973M->818M(1024M) 1.533ms
[93.498s][info][gc,cpu         ] GC(161) User=0.00s Sys=0.00s Real=0.00s
[93.500s][info][gc,start       ] GC(162) Pause Young (Concurrent Start) (G1 Humongous Allocation)
[93.500s][info][gc,task        ] GC(162) Using 24 workers of 33 for evacuation
[93.501s][info][gc,phases      ] GC(162)   Pre Evacuate Collection Set: 0.2ms
[93.501s][info][gc,phases      ] GC(162)   Merge Heap Roots: 0.1ms
[93.501s][info][gc,phases      ] GC(162)   Evacuate Collection Set: 0.9ms
[93.501s][info][gc,phases      ] GC(162)   Post Evacuate Collection Set: 0.3ms
[93.502s][info][gc,phases      ] GC(162)   Other: 0.0ms
[93.502s][info][gc,heap        ] GC(162) Eden regions: 23->0(144)
[93.502s][info][gc,heap        ] GC(162) Survivor regions: 1->1(19)
[93.502s][info][gc,heap        ] GC(162) Old regions: 65->65
[93.502s][info][gc,heap        ] GC(162) Archive regions: 0->0
[93.502s][info][gc,heap        ] GC(162) Humongous regions: 761->761
[93.502s][info][gc,metaspace   ] GC(162) Metaspace: 114488K(128960K)->114488K(128960K) NonClass: 97870K(106944K)->97870K(106944K) Class: 16617K(22016K)->16617K(22016K)
[93.502s][info][gc             ] GC(162) Pause Young (Concurrent Start) (G1 Humongous Allocation) 841M->818M(1024M) 1.724ms
[93.502s][info][gc             ] GC(163) Concurrent Mark Cycle
[93.502s][info][gc,cpu         ] GC(162) User=0.00s Sys=0.00s Real=0.00s
[93.502s][info][gc,marking     ] GC(163) Concurrent Scan Root Regions
[93.512s][info][gc,marking     ] GC(163) Concurrent Scan Root Regions 10.487ms
[93.512s][info][gc,marking     ] GC(163) Concurrent Mark
[93.512s][info][gc,marking     ] GC(163) Concurrent Mark From Roots
[93.512s][info][gc,task        ] GC(163) Using 8 workers of 8 for marking
[93.512s][info][gc,start       ] GC(164) Pause Young (Normal) (G1 Evacuation Pause)
[93.512s][info][gc,task        ] GC(164) Using 24 workers of 33 for evacuation
[93.513s][info][gc,phases      ] GC(164)   Pre Evacuate Collection Set: 0.1ms
[93.513s][info][gc,phases      ] GC(164)   Merge Heap Roots: 0.1ms
[93.513s][info][gc,phases      ] GC(164)   Evacuate Collection Set: 0.3ms
[93.513s][info][gc,phases      ] GC(164)   Post Evacuate Collection Set: 0.4ms
[93.513s][info][gc,phases      ] GC(164)   Other: 0.1ms
[93.513s][info][gc,heap        ] GC(164) Eden regions: 144->0(134)
[93.513s][info][gc,heap        ] GC(164) Survivor regions: 1->1(19)
[93.513s][info][gc,heap        ] GC(164) Old regions: 65->65
[93.513s][info][gc,heap        ] GC(164) Archive regions: 0->0
[93.514s][info][gc,heap        ] GC(164) Humongous regions: 773->771
[93.514s][info][gc,metaspace   ] GC(164) Metaspace: 114488K(128960K)->114488K(128960K) NonClass: 97870K(106944K)->97870K(106944K) Class: 16617K(22016K)->16617K(22016K)
[93.514s][info][gc             ] GC(164) Pause Young (Normal) (G1 Evacuation Pause) 974M->828M(1024M) 1.132ms
[93.514s][info][gc,cpu         ] GC(164) User=0.00s Sys=0.00s Real=0.00s
[93.523s][info][gc,start       ] GC(165) Pause Young (Normal) (G1 Humongous Allocation)
[93.523s][info][gc,task        ] GC(165) Using 24 workers of 33 for evacuation
[93.524s][info][gc,phases      ] GC(165)   Pre Evacuate Collection Set: 0.1ms
[93.524s][info][gc,phases      ] GC(165)   Merge Heap Roots: 0.1ms
[93.524s][info][gc,phases      ] GC(165)   Evacuate Collection Set: 0.3ms
[93.524s][info][gc,phases      ] GC(165)   Post Evacuate Collection Set: 0.4ms
[93.524s][info][gc,phases      ] GC(165)   Other: 0.1ms
[93.524s][info][gc,heap        ] GC(165) Eden regions: 129->0(126)
[93.524s][info][gc,heap        ] GC(165) Survivor regions: 1->1(17)
[93.524s][info][gc,heap        ] GC(165) Old regions: 65->65
[93.524s][info][gc,heap        ] GC(165) Archive regions: 0->0
[93.524s][info][gc,heap        ] GC(165) Humongous regions: 779->779
[93.524s][info][gc,metaspace   ] GC(165) Metaspace: 114488K(128960K)->114488K(128960K) NonClass: 97870K(106944K)->97870K(106944K) Class: 16617K(22016K)->16617K(22016K)
[93.524s][info][gc             ] GC(165) Pause Young (Normal) (G1 Humongous Allocation) 965M->836M(1024M) 1.172ms
[93.524s][info][gc,cpu         ] GC(165) User=0.00s Sys=0.00s Real=0.00s
[93.533s][info][gc,start       ] GC(166) Pause Young (Normal) (G1 Humongous Allocation)
[93.533s][info][gc,task        ] GC(166) Using 24 workers of 33 for evacuation
[93.534s][info][gc,phases      ] GC(166)   Pre Evacuate Collection Set: 0.1ms
[93.534s][info][gc,phases      ] GC(166)   Merge Heap Roots: 0.1ms
[93.534s][info][gc,phases      ] GC(166)   Evacuate Collection Set: 0.4ms
[93.534s][info][gc,phases      ] GC(166)   Post Evacuate Collection Set: 0.4ms
[93.534s][info][gc,phases      ] GC(166)   Other: 0.1ms
[93.534s][info][gc,heap        ] GC(166) Eden regions: 103->0(110)
[93.534s][info][gc,heap        ] GC(166) Survivor regions: 1->1(16)
[93.534s][info][gc,heap        ] GC(166) Old regions: 65->65
[93.534s][info][gc,heap        ] GC(166) Archive regions: 0->0
[93.534s][info][gc,heap        ] GC(166) Humongous regions: 795->795
[93.534s][info][gc,metaspace   ] GC(166) Metaspace: 114488K(128960K)->114488K(128960K) NonClass: 97870K(106944K)->97870K(106944K) Class: 16617K(22016K)->16617K(22016K)
[93.534s][info][gc             ] GC(166) Pause Young (Normal) (G1 Humongous Allocation) 955M->852M(1024M) 1.191ms
[93.534s][info][gc,cpu         ] GC(166) User=0.00s Sys=0.00s Real=0.00s
[93.541s][info][gc,start       ] GC(167) Pause Young (Normal) (G1 Humongous Allocation)
[93.541s][info][gc,task        ] GC(167) Using 24 workers of 33 for evacuation
[93.542s][info][gc,phases      ] GC(167)   Pre Evacuate Collection Set: 0.1ms
[93.542s][info][gc,phases      ] GC(167)   Merge Heap Roots: 0.1ms
[93.542s][info][gc,phases      ] GC(167)   Evacuate Collection Set: 0.4ms
[93.542s][info][gc,phases      ] GC(167)   Post Evacuate Collection Set: 0.3ms
[93.542s][info][gc,phases      ] GC(167)   Other: 0.1ms
[93.542s][info][gc,heap        ] GC(167) Eden regions: 100->0(106)
[93.542s][info][gc,heap        ] GC(167) Survivor regions: 1->1(14)
[93.542s][info][gc,heap        ] GC(167) Old regions: 65->65
[93.542s][info][gc,heap        ] GC(167) Archive regions: 0->0
[93.542s][info][gc,heap        ] GC(167) Humongous regions: 799->799
[93.542s][info][gc,metaspace   ] GC(167) Metaspace: 114488K(128960K)->114488K(128960K) NonClass: 97870K(106944K)->97870K(106944K) Class: 16617K(22016K)->16617K(22016K)
[93.542s][info][gc             ] GC(167) Pause Young (Normal) (G1 Humongous Allocation) 956M->856M(1024M) 1.159ms
[93.542s][info][gc,cpu         ] GC(167) User=0.00s Sys=0.00s Real=0.00s
[93.550s][info][gc,start       ] GC(168) Pause Young (Normal) (G1 Evacuation Pause)
[93.550s][info][gc,task        ] GC(168) Using 24 workers of 33 for evacuation
[93.551s][info][gc,phases      ] GC(168)   Pre Evacuate Collection Set: 0.1ms
[93.551s][info][gc,phases      ] GC(168)   Merge Heap Roots: 0.1ms
[93.551s][info][gc,phases      ] GC(168)   Evacuate Collection Set: 0.3ms
[93.551s][info][gc,phases      ] GC(168)   Post Evacuate Collection Set: 0.3ms
[93.551s][info][gc,phases      ] GC(168)   Other: 0.1ms
[93.551s][info][gc,heap        ] GC(168) Eden regions: 106->0(102)
[93.551s][info][gc,heap        ] GC(168) Survivor regions: 1->1(14)
[93.551s][info][gc,heap        ] GC(168) Old regions: 65->65
[93.551s][info][gc,heap        ] GC(168) Archive regions: 0->0
[93.551s][info][gc,heap        ] GC(168) Humongous regions: 805->803
[93.551s][info][gc,metaspace   ] GC(168) Metaspace: 114488K(128960K)->114488K(128960K) NonClass: 97870K(106944K)->97870K(106944K) Class: 16617K(22016K)->16617K(22016K)
[93.551s][info][gc             ] GC(168) Pause Young (Normal) (G1 Evacuation Pause) 968M->860M(1024M) 1.154ms
[93.551s][info][gc,cpu         ] GC(168) User=0.00s Sys=0.00s Real=0.00s
[93.558s][info][gc,start       ] GC(169) Pause Young (Normal) (G1 Evacuation Pause)
[93.558s][info][gc,task        ] GC(169) Using 24 workers of 33 for evacuation
[93.559s][info][gc,phases      ] GC(169)   Pre Evacuate Collection Set: 0.1ms
[93.559s][info][gc,phases      ] GC(169)   Merge Heap Roots: 0.1ms
[93.559s][info][gc,phases      ] GC(169)   Evacuate Collection Set: 0.3ms
[93.559s][info][gc,phases      ] GC(169)   Post Evacuate Collection Set: 0.3ms
[93.559s][info][gc,phases      ] GC(169)   Other: 0.1ms
[93.559s][info][gc,heap        ] GC(169) Eden regions: 102->0(103)
[93.559s][info][gc,heap        ] GC(169) Survivor regions: 1->1(13)
[93.559s][info][gc,heap        ] GC(169) Old regions: 65->65
[93.559s][info][gc,heap        ] GC(169) Archive regions: 0->0
[93.559s][info][gc,heap        ] GC(169) Humongous regions: 803->802
[93.559s][info][gc,metaspace   ] GC(169) Metaspace: 114488K(128960K)->114488K(128960K) NonClass: 97870K(106944K)->97870K(106944K) Class: 16617K(22016K)->16617K(22016K)
[93.559s][info][gc             ] GC(169) Pause Young (Normal) (G1 Evacuation Pause) 962M->859M(1024M) 1.110ms
[93.559s][info][gc,cpu         ] GC(169) User=0.00s Sys=0.00s Real=0.00s
[93.565s][info][gc,marking     ] GC(163) Concurrent Mark From Roots 52.928ms
[93.565s][info][gc,marking     ] GC(163) Concurrent Preclean
[93.565s][info][gc,start       ] GC(170) Pause Young (Normal) (G1 Humongous Allocation)
[93.565s][info][gc,task        ] GC(170) Using 24 workers of 33 for evacuation
[93.566s][info][gc,phases      ] GC(170)   Pre Evacuate Collection Set: 0.1ms
[93.566s][info][gc,phases      ] GC(170)   Merge Heap Roots: 0.1ms
[93.566s][info][gc,phases      ] GC(170)   Evacuate Collection Set: 0.3ms
[93.566s][info][gc,phases      ] GC(170)   Post Evacuate Collection Set: 0.3ms
[93.566s][info][gc,phases      ] GC(170)   Other: 0.1ms
[93.566s][info][gc,heap        ] GC(170) Eden regions: 89->0(99)
[93.566s][info][gc,heap        ] GC(170) Survivor regions: 1->1(13)
[93.566s][info][gc,heap        ] GC(170) Old regions: 65->65
[93.566s][info][gc,heap        ] GC(170) Archive regions: 0->0
[93.566s][info][gc,heap        ] GC(170) Humongous regions: 806->806
[93.566s][info][gc,metaspace   ] GC(170) Metaspace: 114488K(128960K)->114488K(128960K) NonClass: 97870K(106944K)->97870K(106944K) Class: 16617K(22016K)->16617K(22016K)
[93.566s][info][gc             ] GC(170) Pause Young (Normal) (G1 Humongous Allocation) 952M->863M(1024M) 1.079ms
[93.567s][info][gc,cpu         ] GC(170) User=0.00s Sys=0.00s Real=0.00s
[93.569s][info][gc,marking     ] GC(163) Concurrent Preclean 3.357ms
[93.574s][info][gc,start       ] GC(163) Pause Remark
[93.575s][info][gc             ] GC(163) Pause Remark 913M->889M(1024M) 0.972ms
[93.575s][info][gc,cpu         ] GC(163) User=0.00s Sys=0.00s Real=0.00s
[93.575s][info][gc,marking     ] GC(163) Concurrent Mark 62.439ms
[93.575s][info][gc,marking     ] GC(163) Concurrent Rebuild Remembered Sets and Scrub Regions
[93.579s][info][gc,start       ] GC(171) Pause Young (Normal) (G1 Evacuation Pause)
[93.579s][info][gc,task        ] GC(171) Using 24 workers of 33 for evacuation
[93.580s][info][gc,phases      ] GC(171)   Pre Evacuate Collection Set: 0.1ms
[93.580s][info][gc,phases      ] GC(171)   Merge Heap Roots: 0.1ms
[93.580s][info][gc,phases      ] GC(171)   Evacuate Collection Set: 0.3ms
[93.580s][info][gc,phases      ] GC(171)   Post Evacuate Collection Set: 0.3ms
[93.580s][info][gc,phases      ] GC(171)   Other: 0.1ms
[93.580s][info][gc,heap        ] GC(171) Eden regions: 99->0(114)
[93.580s][info][gc,heap        ] GC(171) Survivor regions: 1->1(13)
[93.580s][info][gc,heap        ] GC(171) Old regions: 65->65
[93.580s][info][gc,heap        ] GC(171) Archive regions: 0->0
[93.580s][info][gc,heap        ] GC(171) Humongous regions: 793->791
[93.580s][info][gc,metaspace   ] GC(171) Metaspace: 114488K(128960K)->114488K(128960K) NonClass: 97870K(106944K)->97870K(106944K) Class: 16617K(22016K)->16617K(22016K)
[93.580s][info][gc             ] GC(171) Pause Young (Normal) (G1 Evacuation Pause) 949M->848M(1024M) 1.082ms
[93.580s][info][gc,cpu         ] GC(171) User=0.00s Sys=0.00s Real=0.00s
[93.589s][info][gc,start       ] GC(172) Pause Young (Normal) (G1 Evacuation Pause)
[93.589s][info][gc,task        ] GC(172) Using 24 workers of 33 for evacuation
[93.590s][info][gc,phases      ] GC(172)   Pre Evacuate Collection Set: 0.1ms
[93.590s][info][gc,phases      ] GC(172)   Merge Heap Roots: 0.4ms
[93.590s][info][gc,phases      ] GC(172)   Evacuate Collection Set: 0.3ms
[93.590s][info][gc,phases      ] GC(172)   Post Evacuate Collection Set: 0.3ms
[93.590s][info][gc,phases      ] GC(172)   Other: 0.1ms
[93.590s][info][gc,heap        ] GC(172) Eden regions: 114->0(108)
[93.590s][info][gc,heap        ] GC(172) Survivor regions: 1->1(15)
[93.590s][info][gc,heap        ] GC(172) Old regions: 65->65
[93.590s][info][gc,heap        ] GC(172) Archive regions: 0->0
[93.590s][info][gc,heap        ] GC(172) Humongous regions: 799->797
[93.590s][info][gc,metaspace   ] GC(172) Metaspace: 114488K(128960K)->114488K(128960K) NonClass: 97870K(106944K)->97870K(106944K) Class: 16617K(22016K)->16617K(22016K)
[93.590s][info][gc             ] GC(172) Pause Young (Normal) (G1 Evacuation Pause) 970M->854M(1024M) 1.415ms
[93.590s][info][gc,cpu         ] GC(172) User=0.02s Sys=0.00s Real=0.02s
[93.594s][info][gc,marking     ] GC(163) Concurrent Rebuild Remembered Sets and Scrub Regions 18.948ms
[93.594s][info][gc,start       ] GC(163) Pause Cleanup
[93.595s][info][gc             ] GC(163) Pause Cleanup 913M->913M(1024M) 0.202ms
[93.595s][info][gc,cpu         ] GC(163) User=0.00s Sys=0.00s Real=0.00s
[93.595s][info][gc,marking     ] GC(163) Concurrent Clear Claimed Marks
[93.595s][info][gc,marking     ] GC(163) Concurrent Clear Claimed Marks 0.125ms
[93.595s][info][gc,marking     ] GC(163) Concurrent Cleanup for Next Mark
[93.599s][info][gc,marking     ] GC(163) Concurrent Cleanup for Next Mark 3.800ms
[93.599s][info][gc             ] GC(163) Concurrent Mark Cycle 97.498ms
[93.600s][info][gc,start       ] GC(173) Pause Young (Prepare Mixed) (G1 Evacuation Pause)
[93.600s][info][gc,task        ] GC(173) Using 24 workers of 33 for evacuation
[93.601s][info][gc,phases      ] GC(173)   Pre Evacuate Collection Set: 0.1ms
[93.601s][info][gc,phases      ] GC(173)   Merge Heap Roots: 0.1ms
[93.601s][info][gc,phases      ] GC(173)   Evacuate Collection Set: 0.4ms
[93.601s][info][gc,phases      ] GC(173)   Post Evacuate Collection Set: 0.4ms
[93.601s][info][gc,phases      ] GC(173)   Other: 0.1ms
[93.601s][info][gc,heap        ] GC(173) Eden regions: 108->0(101)
[93.601s][info][gc,heap        ] GC(173) Survivor regions: 1->1(14)
[93.601s][info][gc,heap        ] GC(173) Old regions: 65->65
[93.601s][info][gc,heap        ] GC(173) Archive regions: 0->0
[93.601s][info][gc,heap        ] GC(173) Humongous regions: 804->804
[93.601s][info][gc,metaspace   ] GC(173) Metaspace: 114488K(128960K)->114488K(128960K) NonClass: 97870K(106944K)->97870K(106944K) Class: 16617K(22016K)->16617K(22016K)
[93.601s][info][gc             ] GC(173) Pause Young (Prepare Mixed) (G1 Evacuation Pause) 969M->861M(1024M) 1.149ms
[93.601s][info][gc,cpu         ] GC(173) User=0.00s Sys=0.00s Real=0.00s
[93.609s][info][gc,start       ] GC(174) Pause Young (Mixed) (G1 Humongous Allocation)
[93.609s][info][gc,task        ] GC(174) Using 24 workers of 33 for evacuation
[93.610s][info][gc,phases      ] GC(174)   Pre Evacuate Collection Set: 0.1ms
[93.610s][info][gc,phases      ] GC(174)   Merge Heap Roots: 0.1ms
[93.610s][info][gc,phases      ] GC(174)   Evacuate Collection Set: 0.8ms
[93.610s][info][gc,phases      ] GC(174)   Post Evacuate Collection Set: 0.3ms
[93.610s][info][gc,phases      ] GC(174)   Other: 0.1ms
[93.610s][info][gc,heap        ] GC(174) Eden regions: 99->0(88)
[93.610s][info][gc,heap        ] GC(174) Survivor regions: 1->1(13)
[93.610s][info][gc,heap        ] GC(174) Old regions: 65->63
[93.610s][info][gc,heap        ] GC(174) Archive regions: 0->0
[93.610s][info][gc,heap        ] GC(174) Humongous regions: 819->819
[93.610s][info][gc,metaspace   ] GC(174) Metaspace: 114488K(128960K)->114488K(128960K) NonClass: 97870K(106944K)->97870K(106944K) Class: 16617K(22016K)->16617K(22016K)
[93.610s][info][gc             ] GC(174) Pause Young (Mixed) (G1 Humongous Allocation) 975M->875M(1024M) 1.578ms
[93.610s][info][gc,cpu         ] GC(174) User=0.00s Sys=0.00s Real=0.00s
[93.616s][info][gc,start       ] GC(175) Pause Young (Concurrent Start) (G1 Humongous Allocation)
[93.616s][info][gc,task        ] GC(175) Using 24 workers of 33 for evacuation
[93.618s][info][gc,phases      ] GC(175)   Pre Evacuate Collection Set: 0.2ms
[93.618s][info][gc,phases      ] GC(175)   Merge Heap Roots: 0.1ms
[93.618s][info][gc,phases      ] GC(175)   Evacuate Collection Set: 1.1ms
[93.618s][info][gc,phases      ] GC(175)   Post Evacuate Collection Set: 0.3ms
[93.618s][info][gc,phases      ] GC(175)   Other: 0.0ms
[93.618s][info][gc,heap        ] GC(175) Eden regions: 84->0(86)
[93.618s][info][gc,heap        ] GC(175) Survivor regions: 1->1(12)
[93.618s][info][gc,heap        ] GC(175) Old regions: 63->63
[93.618s][info][gc,heap        ] GC(175) Archive regions: 0->0
[93.618s][info][gc,heap        ] GC(175) Humongous regions: 823->821
[93.618s][info][gc,metaspace   ] GC(175) Metaspace: 114488K(128960K)->114488K(128960K) NonClass: 97870K(106944K)->97870K(106944K) Class: 16617K(22016K)->16617K(22016K)
[93.618s][info][gc             ] GC(175) Pause Young (Concurrent Start) (G1 Humongous Allocation) 963M->877M(1024M) 1.970ms
[93.618s][info][gc             ] GC(176) Concurrent Mark Cycle
[93.618s][info][gc,cpu         ] GC(175) User=0.00s Sys=0.00s Real=0.00s
[93.618s][info][gc,marking     ] GC(176) Concurrent Scan Root Regions
[93.624s][info][gc,start       ] GC(177) Pause Young (Normal) (G1 Humongous Allocation)
[93.625s][info][gc,task        ] GC(177) Using 24 workers of 33 for evacuation
[93.625s][info][gc,marking     ] GC(176) Concurrent Scan Root Regions 6.922ms
[93.625s][info][gc,marking     ] GC(176) Concurrent Mark
[93.625s][info][gc,marking     ] GC(176) Concurrent Mark From Roots
[93.625s][info][gc,task        ] GC(176) Using 8 workers of 8 for marking
[93.626s][info][gc,phases      ] GC(177)   Pre Evacuate Collection Set: 0.9ms
[93.626s][info][gc,phases      ] GC(177)   Merge Heap Roots: 0.1ms
[93.626s][info][gc,phases      ] GC(177)   Evacuate Collection Set: 0.4ms
[93.626s][info][gc,phases      ] GC(177)   Post Evacuate Collection Set: 0.3ms
[93.626s][info][gc,phases      ] GC(177)   Other: 0.1ms
[93.626s][info][gc,heap        ] GC(177) Eden regions: 75->0(72)
[93.626s][info][gc,heap        ] GC(177) Survivor regions: 1->1(11)
[93.626s][info][gc,heap        ] GC(177) Old regions: 63->63
[93.626s][info][gc,heap        ] GC(177) Archive regions: 0->0
[93.626s][info][gc,heap        ] GC(177) Humongous regions: 835->835
[93.626s][info][gc,metaspace   ] GC(177) Metaspace: 114488K(128960K)->114488K(128960K) NonClass: 97870K(106944K)->97870K(106944K) Class: 16617K(22016K)->16617K(22016K)
[93.626s][info][gc             ] GC(177) Pause Young (Normal) (G1 Humongous Allocation) 966M->891M(1024M) 1.966ms
[93.626s][info][gc,cpu         ] GC(177) User=0.00s Sys=0.00s Real=0.00s
[93.630s][info][gc,start       ] GC(178) Pause Young (Normal) (G1 Humongous Allocation)
[93.630s][info][gc,task        ] GC(178) Using 24 workers of 33 for evacuation
[93.631s][info][gc,phases      ] GC(178)   Pre Evacuate Collection Set: 0.1ms
[93.631s][info][gc,phases      ] GC(178)   Merge Heap Roots: 0.1ms
[93.631s][info][gc,phases      ] GC(178)   Evacuate Collection Set: 0.3ms
[93.631s][info][gc,phases      ] GC(178)   Post Evacuate Collection Set: 0.3ms
[93.631s][info][gc,phases      ] GC(178)   Other: 0.1ms
[93.631s][info][gc,heap        ] GC(178) Eden regions: 34->0(65)
[93.631s][info][gc,heap        ] GC(178) Survivor regions: 1->1(10)
[93.631s][info][gc,heap        ] GC(178) Old regions: 63->63
[93.631s][info][gc,heap        ] GC(178) Archive regions: 0->0
[93.631s][info][gc,heap        ] GC(178) Humongous regions: 842->842
[93.631s][info][gc,metaspace   ] GC(178) Metaspace: 114488K(128960K)->114488K(128960K) NonClass: 97870K(106944K)->97870K(106944K) Class: 16617K(22016K)->16617K(22016K)
[93.631s][info][gc             ] GC(178) Pause Young (Normal) (G1 Humongous Allocation) 932M->898M(1024M) 1.087ms
[93.631s][info][gc,cpu         ] GC(178) User=0.00s Sys=0.00s Real=0.00s
[93.634s][info][gc,start       ] GC(179) Pause Young (Normal) (G1 Humongous Allocation)
[93.634s][info][gc,task        ] GC(179) Using 24 workers of 33 for evacuation
[93.635s][info][gc,phases      ] GC(179)   Pre Evacuate Collection Set: 0.1ms
[93.635s][info][gc,phases      ] GC(179)   Merge Heap Roots: 0.1ms
[93.635s][info][gc,phases      ] GC(179)   Evacuate Collection Set: 0.3ms
[93.635s][info][gc,phases      ] GC(179)   Post Evacuate Collection Set: 0.3ms
[93.635s][info][gc,phases      ] GC(179)   Other: 0.1ms
[93.635s][info][gc,heap        ] GC(179) Eden regions: 35->0(51)
[93.635s][info][gc,heap        ] GC(179) Survivor regions: 1->1(9)
[93.635s][info][gc,heap        ] GC(179) Old regions: 63->63
[93.635s][info][gc,heap        ] GC(179) Archive regions: 0->0
[93.635s][info][gc,heap        ] GC(179) Humongous regions: 856->856
[93.635s][info][gc,metaspace   ] GC(179) Metaspace: 114488K(128960K)->114488K(128960K) NonClass: 97870K(106944K)->97870K(106944K) Class: 16617K(22016K)->16617K(22016K)
[93.635s][info][gc             ] GC(179) Pause Young (Normal) (G1 Humongous Allocation) 947M->912M(1024M) 1.106ms
[93.635s][info][gc,cpu         ] GC(179) User=0.02s Sys=0.00s Real=0.02s
[93.635s][info][gc,ergo        ] Attempting full compaction
[93.635s][info][gc,start       ] GC(180) Pause Full (G1 Compaction Pause)
[93.635s][info][gc,task        ] GC(180) Using 24 workers of 33 for full compaction
[93.637s][info][gc,phases,start] GC(180) Phase 1: Mark live objects
[93.659s][info][gc,phases      ] GC(180) Phase 1: Mark live objects 22.549ms
[93.659s][info][gc,phases,start] GC(180) Phase 2: Prepare compaction
[93.660s][info][gc,phases      ] GC(180) Phase 2: Prepare compaction 1.200ms
[93.660s][info][gc,phases,start] GC(180) Phase 3: Adjust pointers
[93.662s][info][gc,phases      ] GC(180) Phase 3: Adjust pointers 1.958ms
[93.662s][info][gc,phases,start] GC(180) Phase 4: Compact heap
[93.663s][info][gc,phases      ] GC(180) Phase 4: Compact heap 0.619ms
[93.666s][info][gc,heap        ] GC(180) Eden regions: 0->0(104)
[93.666s][info][gc,heap        ] GC(180) Survivor regions: 1->0(9)
[93.666s][info][gc,heap        ] GC(180) Old regions: 63->64
[93.666s][info][gc,heap        ] GC(180) Archive regions: 0->0
[93.666s][info][gc,heap        ] GC(180) Humongous regions: 856->804
[93.666s][info][gc,metaspace   ] GC(180) Metaspace: 114488K(128960K)->114488K(128960K) NonClass: 97870K(106944K)->97870K(106944K) Class: 16617K(22016K)->16617K(22016K)
[93.666s][info][gc             ] GC(180) Pause Full (G1 Compaction Pause) 912M->859M(1024M) 30.777ms
[93.666s][info][gc,cpu         ] GC(180) User=0.38s Sys=0.02s Real=0.03s
[93.666s][info][gc,marking     ] GC(176) Concurrent Mark From Roots 40.915ms
[93.666s][info][gc,marking     ] GC(176) Concurrent Mark Abort
[93.666s][info][gc             ] GC(176) Concurrent Mark Cycle 47.968ms
[93.671s][info][gc,start       ] GC(181) Pause Young (Concurrent Start) (G1 Humongous Allocation)
[93.671s][info][gc,task        ] GC(181) Using 24 workers of 33 for evacuation
[93.673s][info][gc,phases      ] GC(181)   Pre Evacuate Collection Set: 0.2ms
[93.673s][info][gc,phases      ] GC(181)   Merge Heap Roots: 0.1ms
[93.673s][info][gc,phases      ] GC(181)   Evacuate Collection Set: 1.0ms
[93.673s][info][gc,phases      ] GC(181)   Post Evacuate Collection Set: 0.4ms
[93.673s][info][gc,phases      ] GC(181)   Other: 0.1ms
[93.673s][info][gc,heap        ] GC(181) Eden regions: 51->0(88)
[93.673s][info][gc,heap        ] GC(181) Survivor regions: 0->1(13)
[93.673s][info][gc,heap        ] GC(181) Old regions: 64->64
[93.673s][info][gc,heap        ] GC(181) Archive regions: 0->0
[93.673s][info][gc,heap        ] GC(181) Humongous regions: 818->818
[93.673s][info][gc,metaspace   ] GC(181) Metaspace: 114488K(128960K)->114488K(128960K) NonClass: 97870K(106944K)->97870K(106944K) Class: 16617K(22016K)->16617K(22016K)
[93.673s][info][gc             ] GC(181) Pause Young (Concurrent Start) (G1 Humongous Allocation) 924M->874M(1024M) 2.013ms
[93.673s][info][gc             ] GC(182) Concurrent Mark Cycle
[93.673s][info][gc,cpu         ] GC(181) User=0.00s Sys=0.00s Real=0.00s
[93.673s][info][gc,marking     ] GC(182) Concurrent Scan Root Regions
[93.673s][info][gc,start       ] GC(183) Pause Young (Normal) (G1 Humongous Allocation)
[93.673s][info][gc,task        ] GC(183) Using 24 workers of 33 for evacuation
[93.675s][info][gc,marking     ] GC(182) Concurrent Scan Root Regions 1.615ms
[93.675s][info][gc,marking     ] GC(182) Concurrent Mark
[93.675s][info][gc,marking     ] GC(182) Concurrent Mark From Roots
[93.675s][info][gc,task        ] GC(182) Using 8 workers of 8 for marking
[93.675s][info][gc,phases      ] GC(183)   Pre Evacuate Collection Set: 1.5ms
[93.675s][info][gc,phases      ] GC(183)   Merge Heap Roots: 0.0ms
[93.675s][info][gc,phases      ] GC(183)   Evacuate Collection Set: 0.4ms
[93.675s][info][gc,phases      ] GC(183)   Post Evacuate Collection Set: 0.3ms
[93.675s][info][gc,phases      ] GC(183)   Other: 0.1ms
[93.675s][info][gc,heap        ] GC(183) Eden regions: 1->0(88)
[93.676s][info][gc,heap        ] GC(183) Survivor regions: 1->1(12)
[93.676s][info][gc,heap        ] GC(183) Old regions: 64->64
[93.676s][info][gc,heap        ] GC(183) Archive regions: 0->0
[93.676s][info][gc,heap        ] GC(183) Humongous regions: 818->818
[93.676s][info][gc,metaspace   ] GC(183) Metaspace: 114488K(128960K)->114488K(128960K) NonClass: 97870K(106944K)->97870K(106944K) Class: 16617K(22016K)->16617K(22016K)
[93.676s][info][gc             ] GC(183) Pause Young (Normal) (G1 Humongous Allocation) 874M->874M(1024M) 2.470ms
[93.676s][info][gc,cpu         ] GC(183) User=0.00s Sys=0.00s Real=0.00s
[93.676s][info][gc,ergo        ] Attempting full compaction
[93.676s][info][gc,start       ] GC(184) Pause Full (G1 Compaction Pause)
[93.676s][info][gc,task        ] GC(184) Using 24 workers of 33 for full compaction
[93.677s][info][gc,phases,start] GC(184) Phase 1: Mark live objects
[93.698s][info][gc,phases      ] GC(184) Phase 1: Mark live objects 21.375ms
[93.698s][info][gc,phases,start] GC(184) Phase 2: Prepare compaction
[93.699s][info][gc,phases      ] GC(184) Phase 2: Prepare compaction 1.059ms
[93.699s][info][gc,phases,start] GC(184) Phase 3: Adjust pointers
[93.701s][info][gc,phases      ] GC(184) Phase 3: Adjust pointers 1.869ms
[93.701s][info][gc,phases,start] GC(184) Phase 4: Compact heap
[93.701s][info][gc,phases      ] GC(184) Phase 4: Compact heap 0.379ms
[93.705s][info][gc,heap        ] GC(184) Eden regions: 0->0(106)
[93.705s][info][gc,heap        ] GC(184) Survivor regions: 1->0(12)
[93.705s][info][gc,heap        ] GC(184) Old regions: 64->64
[93.705s][info][gc,heap        ] GC(184) Archive regions: 0->0
[93.705s][info][gc,heap        ] GC(184) Humongous regions: 818->802
[93.705s][info][gc,metaspace   ] GC(184) Metaspace: 114488K(128960K)->114488K(128960K) NonClass: 97870K(106944K)->97870K(106944K) Class: 16617K(22016K)->16617K(22016K)
[93.705s][info][gc             ] GC(184) Pause Full (G1 Compaction Pause) 874M->857M(1024M) 29.239ms
[93.705s][info][gc,cpu         ] GC(184) User=0.69s Sys=0.00s Real=0.03s
[93.705s][info][gc,marking     ] GC(182) Concurrent Mark From Roots 30.402ms
[93.705s][info][gc,marking     ] GC(182) Concurrent Mark Abort
[93.705s][info][gc             ] GC(182) Concurrent Mark Cycle 32.133ms
[93.713s][info][gc,start       ] GC(185) Pause Young (Normal) (G1 Evacuation Pause)
[93.713s][info][gc,task        ] GC(185) Using 24 workers of 33 for evacuation
[93.714s][info][gc,phases      ] GC(185)   Pre Evacuate Collection Set: 0.1ms
[93.714s][info][gc,phases      ] GC(185)   Merge Heap Roots: 0.1ms
[93.714s][info][gc,phases      ] GC(185)   Evacuate Collection Set: 0.4ms
[93.714s][info][gc,phases      ] GC(185)   Post Evacuate Collection Set: 0.4ms
[93.714s][info][gc,phases      ] GC(185)   Other: 0.1ms
[93.714s][info][gc,heap        ] GC(185) Eden regions: 106->0(97)
[93.714s][info][gc,heap        ] GC(185) Survivor regions: 0->1(14)
[93.714s][info][gc,heap        ] GC(185) Old regions: 64->64
[93.714s][info][gc,heap        ] GC(185) Archive regions: 0->0
[93.714s][info][gc,heap        ] GC(185) Humongous regions: 809->809
[93.714s][info][gc,metaspace   ] GC(185) Metaspace: 114488K(128960K)->114488K(128960K) NonClass: 97870K(106944K)->97870K(106944K) Class: 16617K(22016K)->16617K(22016K)
[93.714s][info][gc             ] GC(185) Pause Young (Normal) (G1 Evacuation Pause) 970M->865M(1024M) 1.300ms
[93.714s][info][gc,cpu         ] GC(185) User=0.00s Sys=0.00s Real=0.00s
[93.717s][info][gc,start       ] GC(186) Pause Young (Concurrent Start) (G1 Humongous Allocation)
[93.717s][info][gc,task        ] GC(186) Using 24 workers of 33 for evacuation
[93.718s][info][gc,phases      ] GC(186)   Pre Evacuate Collection Set: 0.2ms
[93.718s][info][gc,phases      ] GC(186)   Merge Heap Roots: 0.1ms
[93.718s][info][gc,phases      ] GC(186)   Evacuate Collection Set: 0.9ms
[93.718s][info][gc,phases      ] GC(186)   Post Evacuate Collection Set: 0.4ms
[93.718s][info][gc,phases      ] GC(186)   Other: 0.1ms
[93.718s][info][gc,heap        ] GC(186) Eden regions: 43->0(97)
[93.718s][info][gc,heap        ] GC(186) Survivor regions: 1->1(13)
[93.718s][info][gc,heap        ] GC(186) Old regions: 64->64
[93.718s][info][gc,heap        ] GC(186) Archive regions: 0->0
[93.718s][info][gc,heap        ] GC(186) Humongous regions: 809->809
[93.718s][info][gc,metaspace   ] GC(186) Metaspace: 114488K(128960K)->114488K(128960K) NonClass: 97870K(106944K)->97870K(106944K) Class: 16617K(22016K)->16617K(22016K)
[93.719s][info][gc             ] GC(186) Pause Young (Concurrent Start) (G1 Humongous Allocation) 908M->865M(1024M) 1.817ms
[93.719s][info][gc             ] GC(187) Concurrent Mark Cycle
[93.719s][info][gc,cpu         ] GC(186) User=0.00s Sys=0.00s Real=0.00s
[93.719s][info][gc,marking     ] GC(187) Concurrent Scan Root Regions
[93.724s][info][gc,start       ] GC(188) Pause Young (Normal) (G1 Humongous Allocation)
[93.724s][info][gc,task        ] GC(188) Using 24 workers of 33 for evacuation
[93.725s][info][gc,marking     ] GC(187) Concurrent Scan Root Regions 6.074ms
[93.725s][info][gc,marking     ] GC(187) Concurrent Mark
[93.725s][info][gc,marking     ] GC(187) Concurrent Mark From Roots
[93.725s][info][gc,task        ] GC(187) Using 8 workers of 8 for marking
[93.726s][info][gc,phases      ] GC(188)   Pre Evacuate Collection Set: 0.9ms
[93.726s][info][gc,phases      ] GC(188)   Merge Heap Roots: 0.1ms
[93.726s][info][gc,phases      ] GC(188)   Evacuate Collection Set: 0.3ms
[93.726s][info][gc,phases      ] GC(188)   Post Evacuate Collection Set: 0.3ms
[93.726s][info][gc,phases      ] GC(188)   Other: 0.1ms
[93.726s][info][gc,heap        ] GC(188) Eden regions: 69->0(90)
[93.726s][info][gc,heap        ] GC(188) Survivor regions: 1->1(13)
[93.726s][info][gc,heap        ] GC(188) Old regions: 64->64
[93.726s][info][gc,heap        ] GC(188) Archive regions: 0->0
[93.726s][info][gc,heap        ] GC(188) Humongous regions: 816->816
[93.726s][info][gc,metaspace   ] GC(188) Metaspace: 114488K(128960K)->114488K(128960K) NonClass: 97870K(106944K)->97870K(106944K) Class: 16617K(22016K)->16617K(22016K)
[93.726s][info][gc             ] GC(188) Pause Young (Normal) (G1 Humongous Allocation) 941M->872M(1024M) 1.873ms
[93.726s][info][gc,cpu         ] GC(188) User=0.00s Sys=0.00s Real=0.00s
[93.726s][info][gc,ergo        ] Attempting full compaction
[93.726s][info][gc,start       ] GC(189) Pause Full (G1 Compaction Pause)
[93.726s][info][gc,task        ] GC(189) Using 24 workers of 33 for full compaction
[93.727s][info][gc,phases,start] GC(189) Phase 1: Mark live objects
[93.746s][info][gc,phases      ] GC(189) Phase 1: Mark live objects 19.170ms
[93.746s][info][gc,phases,start] GC(189) Phase 2: Prepare compaction
[93.747s][info][gc,phases      ] GC(189) Phase 2: Prepare compaction 1.065ms
[93.747s][info][gc,phases,start] GC(189) Phase 3: Adjust pointers
[93.749s][info][gc,phases      ] GC(189) Phase 3: Adjust pointers 2.222ms
[93.749s][info][gc,phases,start] GC(189) Phase 4: Compact heap
[93.750s][info][gc,phases      ] GC(189) Phase 4: Compact heap 0.361ms
[93.753s][info][gc,heap        ] GC(189) Eden regions: 0->0(96)
[93.753s][info][gc,heap        ] GC(189) Survivor regions: 1->0(13)
[93.753s][info][gc,heap        ] GC(189) Old regions: 64->64
[93.753s][info][gc,heap        ] GC(189) Archive regions: 0->0
[93.753s][info][gc,heap        ] GC(189) Humongous regions: 816->812
[93.753s][info][gc,metaspace   ] GC(189) Metaspace: 114488K(128960K)->114488K(128960K) NonClass: 97870K(106944K)->97870K(106944K) Class: 16617K(22016K)->16617K(22016K)
[93.753s][info][gc             ] GC(189) Pause Full (G1 Compaction Pause) 872M->867M(1024M) 27.138ms
[93.753s][info][gc,cpu         ] GC(189) User=0.39s Sys=0.00s Real=0.03s
[93.753s][info][gc,marking     ] GC(187) Concurrent Mark From Roots 28.438ms
[93.753s][info][gc,marking     ] GC(187) Concurrent Mark Abort
[93.753s][info][gc             ] GC(187) Concurrent Mark Cycle 34.811ms
[93.755s][info][gc,start       ] GC(190) Pause Young (Concurrent Start) (G1 Humongous Allocation)
[93.755s][info][gc,task        ] GC(190) Using 24 workers of 33 for evacuation
[93.756s][info][gc,phases      ] GC(190)   Pre Evacuate Collection Set: 0.2ms
[93.756s][info][gc,phases      ] GC(190)   Merge Heap Roots: 0.1ms
[93.756s][info][gc,phases      ] GC(190)   Evacuate Collection Set: 0.9ms
[93.756s][info][gc,phases      ] GC(190)   Post Evacuate Collection Set: 0.4ms
[93.756s][info][gc,phases      ] GC(190)   Other: 0.1ms
[93.756s][info][gc,heap        ] GC(190) Eden regions: 11->0(87)
[93.756s][info][gc,heap        ] GC(190) Survivor regions: 0->1(12)
[93.756s][info][gc,heap        ] GC(190) Old regions: 64->64
[93.756s][info][gc,heap        ] GC(190) Archive regions: 0->0
[93.756s][info][gc,heap        ] GC(190) Humongous regions: 819->819
[93.756s][info][gc,metaspace   ] GC(190) Metaspace: 114488K(128960K)->114488K(128960K) NonClass: 97870K(106944K)->97870K(106944K) Class: 16617K(22016K)->16617K(22016K)
[93.756s][info][gc             ] GC(190) Pause Young (Concurrent Start) (G1 Humongous Allocation) 885M->874M(1024M) 1.902ms
[93.756s][info][gc             ] GC(191) Concurrent Mark Cycle
[93.756s][info][gc,cpu         ] GC(190) User=0.00s Sys=0.00s Real=0.00s
[93.757s][info][gc,marking     ] GC(191) Concurrent Scan Root Regions
[93.758s][info][gc,marking     ] GC(191) Concurrent Scan Root Regions 1.536ms
[93.758s][info][gc,marking     ] GC(191) Concurrent Mark
[93.758s][info][gc,marking     ] GC(191) Concurrent Mark From Roots
[93.758s][info][gc,task        ] GC(191) Using 8 workers of 8 for marking
[93.759s][info][gc,start       ] GC(192) Pause Young (Normal) (G1 Humongous Allocation)
[93.759s][info][gc,task        ] GC(192) Using 24 workers of 33 for evacuation
[93.760s][info][gc,phases      ] GC(192)   Pre Evacuate Collection Set: 0.1ms
[93.760s][info][gc,phases      ] GC(192)   Merge Heap Roots: 0.0ms
[93.760s][info][gc,phases      ] GC(192)   Evacuate Collection Set: 0.3ms
[93.760s][info][gc,phases      ] GC(192)   Post Evacuate Collection Set: 0.3ms
[93.760s][info][gc,phases      ] GC(192)   Other: 0.1ms
[93.760s][info][gc,heap        ] GC(192) Eden regions: 1->0(87)
[93.760s][info][gc,heap        ] GC(192) Survivor regions: 1->1(11)
[93.760s][info][gc,heap        ] GC(192) Old regions: 64->64
[93.760s][info][gc,heap        ] GC(192) Archive regions: 0->0
[93.760s][info][gc,heap        ] GC(192) Humongous regions: 819->819
[93.760s][info][gc,metaspace   ] GC(192) Metaspace: 114488K(128960K)->114488K(128960K) NonClass: 97870K(106944K)->97870K(106944K) Class: 16617K(22016K)->16617K(22016K)
[93.760s][info][gc             ] GC(192) Pause Young (Normal) (G1 Humongous Allocation) 875M->874M(1024M) 1.050ms
[93.760s][info][gc,cpu         ] GC(192) User=0.00s Sys=0.00s Real=0.00s
[93.760s][info][gc,ergo        ] Attempting full compaction
[93.760s][info][gc,start       ] GC(193) Pause Full (G1 Compaction Pause)
[93.760s][info][gc,task        ] GC(193) Using 24 workers of 33 for full compaction
[93.761s][info][gc,phases,start] GC(193) Phase 1: Mark live objects
[93.782s][info][gc,phases      ] GC(193) Phase 1: Mark live objects 21.415ms
[93.782s][info][gc,phases,start] GC(193) Phase 2: Prepare compaction
[93.783s][info][gc,phases      ] GC(193) Phase 2: Prepare compaction 0.989ms
[93.783s][info][gc,phases,start] GC(193) Phase 3: Adjust pointers
[93.786s][info][gc,phases      ] GC(193) Phase 3: Adjust pointers 2.206ms
[93.786s][info][gc,phases,start] GC(193) Phase 4: Compact heap
[93.786s][info][gc,phases      ] GC(193) Phase 4: Compact heap 0.260ms
[93.789s][info][gc,heap        ] GC(193) Eden regions: 0->0(92)
[93.789s][info][gc,heap        ] GC(193) Survivor regions: 1->0(11)
[93.789s][info][gc,heap        ] GC(193) Old regions: 64->65
[93.789s][info][gc,heap        ] GC(193) Archive regions: 0->0
[93.789s][info][gc,heap        ] GC(193) Humongous regions: 819->815
[93.789s][info][gc,metaspace   ] GC(193) Metaspace: 114488K(128960K)->114488K(128960K) NonClass: 97870K(106944K)->97870K(106944K) Class: 16617K(22016K)->16617K(22016K)
[93.789s][info][gc             ] GC(193) Pause Full (G1 Compaction Pause) 874M->870M(1024M) 29.098ms
[93.789s][info][gc,cpu         ] GC(193) User=0.38s Sys=0.00s Real=0.01s
[93.789s][info][gc,ergo        ] Attempting maximal full compaction clearing soft references
[93.789s][info][gc,start       ] GC(194) Pause Full (G1 Compaction Pause)
[93.789s][info][gc,task        ] GC(194) Using 24 workers of 33 for full compaction
[93.790s][info][gc,phases,start] GC(194) Phase 1: Mark live objects
[93.817s][info][gc,phases      ] GC(194) Phase 1: Mark live objects 26.843ms
[93.817s][info][gc,phases,start] GC(194) Phase 2: Prepare compaction
[93.818s][info][gc,phases      ] GC(194) Phase 2: Prepare compaction 1.452ms
[93.818s][info][gc,phases,start] GC(194) Phase 3: Adjust pointers
[93.821s][info][gc,phases      ] GC(194) Phase 3: Adjust pointers 2.615ms
[93.821s][info][gc,phases,start] GC(194) Phase 4: Compact heap
[93.823s][info][gc,phases      ] GC(194) Phase 4: Compact heap 1.988ms
[93.828s][info][gc,heap        ] GC(194) Eden regions: 0->0(95)
[93.828s][info][gc,heap        ] GC(194) Survivor regions: 0->0(11)
[93.828s][info][gc,heap        ] GC(194) Old regions: 65->62
[93.828s][info][gc,heap        ] GC(194) Archive regions: 0->0
[93.828s][info][gc,heap        ] GC(194) Humongous regions: 815->815
[93.828s][info][gc,metaspace   ] GC(194) Metaspace: 114488K(128960K)->113713K(125568K) NonClass: 97870K(106944K)->97239K(104704K) Class: 16617K(22016K)->16474K(20864K)
[93.828s][info][gc             ] GC(194) Pause Full (G1 Compaction Pause) 870M->866M(1024M) 39.086ms
[93.828s][info][gc,cpu         ] GC(194) User=1.00s Sys=0.00s Real=0.05s
[93.828s][info][gc,marking     ] GC(191) Concurrent Mark From Roots 70.240ms
[93.828s][info][gc,marking     ] GC(191) Concurrent Mark Abort
[93.829s][info][gc             ] GC(191) Concurrent Mark Cycle 72.031ms
[93.835s][info][gc,start       ] GC(195) Pause Young (Normal) (G1 Evacuation Pause)
[93.835s][info][gc,task        ] GC(195) Using 24 workers of 33 for evacuation
[93.837s][info][gc,phases      ] GC(195)   Pre Evacuate Collection Set: 0.1ms
[93.837s][info][gc,phases      ] GC(195)   Merge Heap Roots: 0.1ms
[93.837s][info][gc,phases      ] GC(195)   Evacuate Collection Set: 0.5ms
[93.837s][info][gc,phases      ] GC(195)   Post Evacuate Collection Set: 0.4ms
[93.837s][info][gc,phases      ] GC(195)   Other: 0.1ms
[93.837s][info][gc,heap        ] GC(195) Eden regions: 95->0(93)
[93.837s][info][gc,heap        ] GC(195) Survivor regions: 0->1(12)
[93.837s][info][gc,heap        ] GC(195) Old regions: 62->62
[93.837s][info][gc,heap        ] GC(195) Archive regions: 0->0
[93.837s][info][gc,heap        ] GC(195) Humongous regions: 815->815
[93.837s][info][gc,metaspace   ] GC(195) Metaspace: 113713K(125568K)->113713K(125568K) NonClass: 97239K(104704K)->97239K(104704K) Class: 16474K(20864K)->16474K(20864K)
[93.837s][info][gc             ] GC(195) Pause Young (Normal) (G1 Evacuation Pause) 961M->867M(1024M) 1.438ms
[93.837s][info][gc,cpu         ] GC(195) User=0.00s Sys=0.00s Real=0.00s
[93.842s][info][gc,start       ] GC(196) Pause Young (Concurrent Start) (G1 Humongous Allocation)
[93.842s][info][gc,task        ] GC(196) Using 24 workers of 33 for evacuation
[93.843s][info][gc,phases      ] GC(196)   Pre Evacuate Collection Set: 0.3ms
[93.844s][info][gc,phases      ] GC(196)   Merge Heap Roots: 0.1ms
[93.844s][info][gc,phases      ] GC(196)   Evacuate Collection Set: 1.0ms
[93.844s][info][gc,phases      ] GC(196)   Post Evacuate Collection Set: 0.4ms
[93.844s][info][gc,phases      ] GC(196)   Other: 0.1ms
[93.844s][info][gc,heap        ] GC(196) Eden regions: 71->0(93)
[93.844s][info][gc,heap        ] GC(196) Survivor regions: 1->1(12)
[93.844s][info][gc,heap        ] GC(196) Old regions: 62->62
[93.844s][info][gc,heap        ] GC(196) Archive regions: 0->0
[93.844s][info][gc,heap        ] GC(196) Humongous regions: 815->815
[93.844s][info][gc,metaspace   ] GC(196) Metaspace: 113713K(125568K)->113713K(125568K) NonClass: 97239K(104704K)->97239K(104704K) Class: 16474K(20864K)->16474K(20864K)
[93.844s][info][gc             ] GC(196) Pause Young (Concurrent Start) (G1 Humongous Allocation) 938M->867M(1024M) 1.956ms
[93.844s][info][gc             ] GC(197) Concurrent Mark Cycle
[93.844s][info][gc,cpu         ] GC(196) User=0.00s Sys=0.00s Real=0.00s
[93.844s][info][gc,marking     ] GC(197) Concurrent Scan Root Regions
[93.844s][info][gc,start       ] GC(198) Pause Young (Normal) (G1 Humongous Allocation)
[93.844s][info][gc,task        ] GC(198) Using 24 workers of 33 for evacuation
[93.845s][info][gc,marking     ] GC(197) Concurrent Scan Root Regions 1.613ms
[93.845s][info][gc,marking     ] GC(197) Concurrent Mark
[93.845s][info][gc,marking     ] GC(197) Concurrent Mark From Roots
[93.845s][info][gc,task        ] GC(197) Using 8 workers of 8 for marking
[93.846s][info][gc,phases      ] GC(198)   Pre Evacuate Collection Set: 1.4ms
[93.846s][info][gc,phases      ] GC(198)   Merge Heap Roots: 0.0ms
[93.846s][info][gc,phases      ] GC(198)   Evacuate Collection Set: 0.3ms
[93.846s][info][gc,phases      ] GC(198)   Post Evacuate Collection Set: 0.3ms
[93.846s][info][gc,phases      ] GC(198)   Other: 0.1ms
[93.846s][info][gc,heap        ] GC(198) Eden regions: 1->0(93)
[93.846s][info][gc,heap        ] GC(198) Survivor regions: 1->1(12)
[93.846s][info][gc,heap        ] GC(198) Old regions: 62->62
[93.846s][info][gc,heap        ] GC(198) Archive regions: 0->0
[93.846s][info][gc,heap        ] GC(198) Humongous regions: 815->815
[93.846s][info][gc,metaspace   ] GC(198) Metaspace: 113713K(125568K)->113713K(125568K) NonClass: 97239K(104704K)->97239K(104704K) Class: 16474K(20864K)->16474K(20864K)
[93.846s][info][gc             ] GC(198) Pause Young (Normal) (G1 Humongous Allocation) 867M->867M(1024M) 2.239ms
[93.846s][info][gc,cpu         ] GC(198) User=0.00s Sys=0.00s Real=0.00s
[93.846s][info][gc,ergo        ] Attempting full compaction
[93.846s][info][gc,start       ] GC(199) Pause Full (G1 Compaction Pause)
[93.846s][info][gc,task        ] GC(199) Using 24 workers of 33 for full compaction
[93.847s][info][gc,phases,start] GC(199) Phase 1: Mark live objects
[93.866s][info][gc,phases      ] GC(199) Phase 1: Mark live objects 18.695ms
[93.866s][info][gc,phases,start] GC(199) Phase 2: Prepare compaction
[93.867s][info][gc,phases      ] GC(199) Phase 2: Prepare compaction 1.038ms
[93.867s][info][gc,phases,start] GC(199) Phase 3: Adjust pointers
[93.869s][info][gc,phases      ] GC(199) Phase 3: Adjust pointers 1.858ms
[93.869s][info][gc,phases,start] GC(199) Phase 4: Compact heap
[93.870s][info][gc,phases      ] GC(199) Phase 4: Compact heap 0.642ms
[93.873s][info][gc,heap        ] GC(199) Eden regions: 0->0(117)
[93.873s][info][gc,heap        ] GC(199) Survivor regions: 1->0(12)
[93.873s][info][gc,heap        ] GC(199) Old regions: 62->60
[93.873s][info][gc,heap        ] GC(199) Archive regions: 0->0
[93.873s][info][gc,heap        ] GC(199) Humongous regions: 815->795
[93.873s][info][gc,metaspace   ] GC(199) Metaspace: 113713K(125568K)->113713K(125568K) NonClass: 97239K(104704K)->97239K(104704K) Class: 16474K(20864K)->16474K(20864K)
[93.873s][info][gc             ] GC(199) Pause Full (G1 Compaction Pause) 867M->846M(1024M) 26.434ms
[93.873s][info][gc,cpu         ] GC(199) User=0.75s Sys=0.00s Real=0.03s
[93.873s][info][gc,marking     ] GC(197) Concurrent Mark From Roots 27.471ms
[93.873s][info][gc,marking     ] GC(197) Concurrent Mark Abort
[93.873s][info][gc             ] GC(197) Concurrent Mark Cycle 29.285ms
[93.880s][info][gc,start       ] GC(200) Pause Young (Concurrent Start) (G1 Humongous Allocation)
[93.880s][info][gc,task        ] GC(200) Using 24 workers of 33 for evacuation
[93.882s][info][gc,phases      ] GC(200)   Pre Evacuate Collection Set: 0.3ms
[93.882s][info][gc,phases      ] GC(200)   Merge Heap Roots: 0.1ms
[93.882s][info][gc,phases      ] GC(200)   Evacuate Collection Set: 1.0ms
[93.882s][info][gc,phases      ] GC(200)   Post Evacuate Collection Set: 0.4ms
[93.882s][info][gc,phases      ] GC(200)   Other: 0.1ms
[93.882s][info][gc,heap        ] GC(200) Eden regions: 97->0(108)
[93.882s][info][gc,heap        ] GC(200) Survivor regions: 0->1(15)
[93.882s][info][gc,heap        ] GC(200) Old regions: 60->60
[93.882s][info][gc,heap        ] GC(200) Archive regions: 0->0
[93.882s][info][gc,heap        ] GC(200) Humongous regions: 802->802
[93.882s][info][gc,metaspace   ] GC(200) Metaspace: 113714K(125568K)->113714K(125568K) NonClass: 97239K(104704K)->97239K(104704K) Class: 16475K(20864K)->16475K(20864K)
[93.882s][info][gc             ] GC(200) Pause Young (Concurrent Start) (G1 Humongous Allocation) 950M->854M(1024M) 2.037ms
[93.882s][info][gc             ] GC(201) Concurrent Mark Cycle
[93.882s][info][gc,cpu         ] GC(200) User=0.00s Sys=0.00s Real=0.00s
[93.883s][info][gc,marking     ] GC(201) Concurrent Scan Root Regions
[93.889s][info][gc,start       ] GC(202) Pause Young (Normal) (G1 Humongous Allocation)
[93.889s][info][gc,task        ] GC(202) Using 24 workers of 33 for evacuation
[93.889s][info][gc,marking     ] GC(201) Concurrent Scan Root Regions 6.484ms
[93.889s][info][gc,marking     ] GC(201) Concurrent Mark
[93.889s][info][gc,marking     ] GC(201) Concurrent Mark From Roots
[93.889s][info][gc,task        ] GC(201) Using 8 workers of 8 for marking
[93.890s][info][gc,phases      ] GC(202)   Pre Evacuate Collection Set: 0.3ms
[93.890s][info][gc,phases      ] GC(202)   Merge Heap Roots: 0.1ms
[93.890s][info][gc,phases      ] GC(202)   Evacuate Collection Set: 0.5ms
[93.890s][info][gc,phases      ] GC(202)   Post Evacuate Collection Set: 0.4ms
[93.890s][info][gc,phases      ] GC(202)   Other: 0.1ms
[93.890s][info][gc,heap        ] GC(202) Eden regions: 76->0(101)
[93.890s][info][gc,heap        ] GC(202) Survivor regions: 1->1(14)
[93.890s][info][gc,heap        ] GC(202) Old regions: 60->60
[93.890s][info][gc,heap        ] GC(202) Archive regions: 0->0
[93.890s][info][gc,heap        ] GC(202) Humongous regions: 809->809
[93.890s][info][gc,metaspace   ] GC(202) Metaspace: 113716K(125568K)->113716K(125568K) NonClass: 97239K(104704K)->97239K(104704K) Class: 16476K(20864K)->16476K(20864K)
[93.890s][info][gc             ] GC(202) Pause Young (Normal) (G1 Humongous Allocation) 937M->861M(1024M) 1.599ms
[93.890s][info][gc,cpu         ] GC(202) User=0.00s Sys=0.00s Real=0.00s
[93.898s][info][gc,start       ] GC(203) Pause Young (Normal) (G1 Humongous Allocation)
[93.898s][info][gc,task        ] GC(203) Using 24 workers of 33 for evacuation
[93.900s][info][gc,phases      ] GC(203)   Pre Evacuate Collection Set: 0.1ms
[93.900s][info][gc,phases      ] GC(203)   Merge Heap Roots: 0.1ms
[93.900s][info][gc,phases      ] GC(203)   Evacuate Collection Set: 0.7ms
[93.900s][info][gc,phases      ] GC(203)   Post Evacuate Collection Set: 0.4ms
[93.900s][info][gc,phases      ] GC(203)   Other: 0.1ms
[93.900s][info][gc,heap        ] GC(203) Eden regions: 86->0(90)
[93.900s][info][gc,heap        ] GC(203) Survivor regions: 1->1(13)
[93.900s][info][gc,heap        ] GC(203) Old regions: 60->60
[93.900s][info][gc,heap        ] GC(203) Archive regions: 0->0
[93.900s][info][gc,heap        ] GC(203) Humongous regions: 820->820
[93.900s][info][gc,metaspace   ] GC(203) Metaspace: 113717K(125568K)->113717K(125568K) NonClass: 97240K(104704K)->97240K(104704K) Class: 16476K(20864K)->16476K(20864K)
[93.900s][info][gc             ] GC(203) Pause Young (Normal) (G1 Humongous Allocation) 958M->872M(1024M) 1.565ms
[93.900s][info][gc,cpu         ] GC(203) User=0.38s Sys=0.00s Real=0.02s
[93.900s][info][gc,ergo        ] Attempting full compaction
[93.900s][info][gc,start       ] GC(204) Pause Full (G1 Compaction Pause)
[93.900s][info][gc,task        ] GC(204) Using 24 workers of 33 for full compaction
[93.901s][info][gc,phases,start] GC(204) Phase 1: Mark live objects
[93.920s][info][gc,phases      ] GC(204) Phase 1: Mark live objects 19.225ms
[93.965s][info][gc,phases,start] GC(204) Phase 2: Prepare compaction
[93.967s][info][gc,phases      ] GC(204) Phase 2: Prepare compaction 1.845ms
[93.967s][info][gc,phases,start] GC(204) Phase 3: Adjust pointers
[93.971s][info][gc,phases      ] GC(204) Phase 3: Adjust pointers 4.130ms
[93.971s][info][gc,phases,start] GC(204) Phase 4: Compact heap
[93.972s][info][gc,phases      ] GC(204) Phase 4: Compact heap 1.235ms
[93.978s][info][gc,heap        ] GC(204) Eden regions: 0->0(100)
[93.978s][info][gc,heap        ] GC(204) Survivor regions: 1->0(13)
[93.978s][info][gc,heap        ] GC(204) Old regions: 60->60
[93.978s][info][gc,heap        ] GC(204) Archive regions: 0->0
[93.978s][info][gc,heap        ] GC(204) Humongous regions: 820->812
[93.978s][info][gc,metaspace   ] GC(204) Metaspace: 113717K(125568K)->113717K(125568K) NonClass: 97240K(104704K)->97240K(104704K) Class: 16476K(20864K)->16476K(20864K)
[93.978s][info][gc             ] GC(204) Pause Full (G1 Compaction Pause) 872M->863M(1024M) 78.607ms
[93.979s][info][gc,cpu         ] GC(204) User=0.38s Sys=0.02s Real=0.08s
[93.979s][info][gc,marking     ] GC(201) Concurrent Mark From Roots 89.688ms
[93.979s][info][gc,marking     ] GC(201) Concurrent Mark Abort
[93.979s][info][gc             ] GC(201) Concurrent Mark Cycle 96.403ms
[93.982s][info][gc,start       ] GC(205) Pause Young (Concurrent Start) (G1 Humongous Allocation)
[93.982s][info][gc,task        ] GC(205) Using 24 workers of 33 for evacuation
[93.984s][info][gc,phases      ] GC(205)   Pre Evacuate Collection Set: 0.4ms
[93.985s][info][gc,phases      ] GC(205)   Merge Heap Roots: 0.1ms
[93.985s][info][gc,phases      ] GC(205)   Evacuate Collection Set: 1.6ms
[93.985s][info][gc,phases      ] GC(205)   Post Evacuate Collection Set: 0.7ms
[93.985s][info][gc,phases      ] GC(205)   Other: 0.1ms
[93.985s][info][gc,heap        ] GC(205) Eden regions: 23->0(91)
[93.985s][info][gc,heap        ] GC(205) Survivor regions: 0->1(13)
[93.985s][info][gc,heap        ] GC(205) Old regions: 60->60
[93.985s][info][gc,heap        ] GC(205) Archive regions: 0->0
[93.985s][info][gc,heap        ] GC(205) Humongous regions: 819->819
[93.985s][info][gc,metaspace   ] GC(205) Metaspace: 113720K(125568K)->113720K(125568K) NonClass: 97243K(104704K)->97243K(104704K) Class: 16476K(20864K)->16476K(20864K)
[93.985s][info][gc             ] GC(205) Pause Young (Concurrent Start) (G1 Humongous Allocation) 893M->871M(1024M) 3.370ms
[93.985s][info][gc             ] GC(206) Concurrent Mark Cycle
[93.985s][info][gc,cpu         ] GC(205) User=0.00s Sys=0.00s Real=0.00s
[93.985s][info][gc,marking     ] GC(206) Concurrent Scan Root Regions
[93.985s][info][gc,start       ] GC(207) Pause Young (Normal) (G1 Humongous Allocation)
[93.986s][info][gc,task        ] GC(207) Using 24 workers of 33 for evacuation
[93.988s][info][gc,marking     ] GC(206) Concurrent Scan Root Regions 3.159ms
[93.988s][info][gc,marking     ] GC(206) Concurrent Mark
[93.988s][info][gc,marking     ] GC(206) Concurrent Mark From Roots
[93.988s][info][gc,task        ] GC(206) Using 8 workers of 8 for marking
[93.990s][info][gc,phases      ] GC(207)   Pre Evacuate Collection Set: 2.8ms
[93.990s][info][gc,phases      ] GC(207)   Merge Heap Roots: 0.1ms
[93.990s][info][gc,phases      ] GC(207)   Evacuate Collection Set: 0.7ms
[93.990s][info][gc,phases      ] GC(207)   Post Evacuate Collection Set: 0.6ms
[93.990s][info][gc,phases      ] GC(207)   Other: 0.1ms
[93.990s][info][gc,heap        ] GC(207) Eden regions: 1->0(91)
[93.990s][info][gc,heap        ] GC(207) Survivor regions: 1->1(12)
[93.990s][info][gc,heap        ] GC(207) Old regions: 60->60
[93.990s][info][gc,heap        ] GC(207) Archive regions: 0->0
[93.990s][info][gc,heap        ] GC(207) Humongous regions: 819->819
[93.990s][info][gc,metaspace   ] GC(207) Metaspace: 113721K(125568K)->113721K(125568K) NonClass: 97245K(104704K)->97245K(104704K) Class: 16476K(20864K)->16476K(20864K)
[93.990s][info][gc             ] GC(207) Pause Young (Normal) (G1 Humongous Allocation) 871M->871M(1024M) 4.649ms
[93.990s][info][gc,cpu         ] GC(207) User=0.00s Sys=0.00s Real=0.00s
[93.990s][info][gc,ergo        ] Attempting full compaction
[93.990s][info][gc,start       ] GC(208) Pause Full (G1 Compaction Pause)
[93.990s][info][gc,task        ] GC(208) Using 24 workers of 33 for full compaction
[93.992s][info][gc,phases,start] GC(208) Phase 1: Mark live objects
[94.020s][info][gc,phases      ] GC(208) Phase 1: Mark live objects 28.303ms
[94.020s][info][gc,phases,start] GC(208) Phase 2: Prepare compaction
[94.021s][info][gc,phases      ] GC(208) Phase 2: Prepare compaction 1.129ms
[94.021s][info][gc,phases,start] GC(208) Phase 3: Adjust pointers
[94.023s][info][gc,phases      ] GC(208) Phase 3: Adjust pointers 2.111ms
[94.023s][info][gc,phases,start] GC(208) Phase 4: Compact heap
[94.024s][info][gc,phases      ] GC(208) Phase 4: Compact heap 0.661ms
[94.027s][info][gc,heap        ] GC(208) Eden regions: 0->0(104)
[94.027s][info][gc,heap        ] GC(208) Survivor regions: 1->0(12)
[94.027s][info][gc,heap        ] GC(208) Old regions: 60->59
[94.027s][info][gc,heap        ] GC(208) Archive regions: 0->0
[94.027s][info][gc,heap        ] GC(208) Humongous regions: 819->809
[94.027s][info][gc,metaspace   ] GC(208) Metaspace: 113721K(125568K)->113721K(125568K) NonClass: 97245K(104704K)->97245K(104704K) Class: 16476K(20864K)->16476K(20864K)
[94.027s][info][gc             ] GC(208) Pause Full (G1 Compaction Pause) 871M->860M(1024M) 36.840ms
[94.027s][info][gc,cpu         ] GC(208) User=0.77s Sys=0.02s Real=0.05s
[94.027s][info][gc,marking     ] GC(206) Concurrent Mark From Roots 38.997ms
[94.027s][info][gc,marking     ] GC(206) Concurrent Mark Abort
[94.027s][info][gc             ] GC(206) Concurrent Mark Cycle 42.442ms
[94.032s][info][gc,start       ] GC(209) Pause Young (Concurrent Start) (G1 Humongous Allocation)
[94.032s][info][gc,task        ] GC(209) Using 24 workers of 33 for evacuation
[94.034s][info][gc,phases      ] GC(209)   Pre Evacuate Collection Set: 0.2ms
[94.034s][info][gc,phases      ] GC(209)   Merge Heap Roots: 0.1ms
[94.034s][info][gc,phases      ] GC(209)   Evacuate Collection Set: 0.9ms
[94.034s][info][gc,phases      ] GC(209)   Post Evacuate Collection Set: 0.4ms
[94.034s][info][gc,phases      ] GC(209)   Other: 0.1ms
[94.034s][info][gc,heap        ] GC(209) Eden regions: 67->0(95)
[94.034s][info][gc,heap        ] GC(209) Survivor regions: 0->1(13)
[94.034s][info][gc,heap        ] GC(209) Old regions: 59->59
[94.034s][info][gc,heap        ] GC(209) Archive regions: 0->0
[94.034s][info][gc,heap        ] GC(209) Humongous regions: 816->816
[94.034s][info][gc,metaspace   ] GC(209) Metaspace: 113723K(125568K)->113723K(125568K) NonClass: 97246K(104704K)->97246K(104704K) Class: 16476K(20864K)->16476K(20864K)
[94.034s][info][gc             ] GC(209) Pause Young (Concurrent Start) (G1 Humongous Allocation) 934M->868M(1024M) 1.820ms
[94.034s][info][gc             ] GC(210) Concurrent Mark Cycle
[94.034s][info][gc,cpu         ] GC(209) User=0.00s Sys=0.00s Real=0.00s
[94.034s][info][gc,marking     ] GC(210) Concurrent Scan Root Regions
[94.039s][info][gc,start       ] GC(211) Pause Young (Normal) (G1 Humongous Allocation)
[94.040s][info][gc,task        ] GC(211) Using 24 workers of 33 for evacuation
[94.040s][info][gc,marking     ] GC(210) Concurrent Scan Root Regions 6.352ms
[94.040s][info][gc,marking     ] GC(210) Concurrent Mark
[94.040s][info][gc,marking     ] GC(210) Concurrent Mark From Roots
[94.040s][info][gc,task        ] GC(210) Using 8 workers of 8 for marking
[94.041s][info][gc,phases      ] GC(211)   Pre Evacuate Collection Set: 1.0ms
[94.041s][info][gc,phases      ] GC(211)   Merge Heap Roots: 0.1ms
[94.041s][info][gc,phases      ] GC(211)   Evacuate Collection Set: 0.4ms
[94.041s][info][gc,phases      ] GC(211)   Post Evacuate Collection Set: 0.4ms
[94.041s][info][gc,phases      ] GC(211)   Other: 0.1ms
[94.041s][info][gc,heap        ] GC(211) Eden regions: 66->0(84)
[94.041s][info][gc,heap        ] GC(211) Survivor regions: 1->1(12)
[94.041s][info][gc,heap        ] GC(211) Old regions: 59->59
[94.041s][info][gc,heap        ] GC(211) Archive regions: 0->0
[94.041s][info][gc,heap        ] GC(211) Humongous regions: 827->827
[94.041s][info][gc,metaspace   ] GC(211) Metaspace: 113724K(125568K)->113724K(125568K) NonClass: 97247K(104704K)->97247K(104704K) Class: 16476K(20864K)->16476K(20864K)
[94.041s][info][gc             ] GC(211) Pause Young (Normal) (G1 Humongous Allocation) 945M->879M(1024M) 2.038ms
[94.042s][info][gc,cpu         ] GC(211) User=0.00s Sys=0.00s Real=0.00s
[94.042s][info][gc,ergo        ] Attempting full compaction
[94.042s][info][gc,start       ] GC(212) Pause Full (G1 Compaction Pause)
[94.042s][info][gc,task        ] GC(212) Using 24 workers of 33 for full compaction
[94.043s][info][gc,phases,start] GC(212) Phase 1: Mark live objects
[94.060s][info][gc,phases      ] GC(212) Phase 1: Mark live objects 17.813ms
[94.060s][info][gc,phases,start] GC(212) Phase 2: Prepare compaction
[94.061s][info][gc,phases      ] GC(212) Phase 2: Prepare compaction 1.013ms
[94.061s][info][gc,phases,start] GC(212) Phase 3: Adjust pointers
[94.063s][info][gc,phases      ] GC(212) Phase 3: Adjust pointers 1.707ms
[94.063s][info][gc,phases,start] GC(212) Phase 4: Compact heap
[94.064s][info][gc,phases      ] GC(212) Phase 4: Compact heap 0.358ms
[94.066s][info][gc,heap        ] GC(212) Eden regions: 0->0(90)
[94.066s][info][gc,heap        ] GC(212) Survivor regions: 1->0(12)
[94.066s][info][gc,heap        ] GC(212) Old regions: 59->59
[94.066s][info][gc,heap        ] GC(212) Archive regions: 0->0
[94.066s][info][gc,heap        ] GC(212) Humongous regions: 827->823
[94.066s][info][gc,metaspace   ] GC(212) Metaspace: 113724K(125568K)->113724K(125568K) NonClass: 97247K(104704K)->97247K(104704K) Class: 16476K(20864K)->16476K(20864K)
[94.067s][info][gc             ] GC(212) Pause Full (G1 Compaction Pause) 879M->874M(1024M) 24.986ms
[94.067s][info][gc,cpu         ] GC(212) User=0.38s Sys=0.02s Real=0.03s
[94.067s][info][gc,ergo        ] Attempting maximal full compaction clearing soft references
[94.067s][info][gc,start       ] GC(213) Pause Full (G1 Compaction Pause)
[94.067s][info][gc,task        ] GC(213) Using 24 workers of 33 for full compaction
[94.068s][info][gc,phases,start] GC(213) Phase 1: Mark live objects
[94.085s][info][gc,phases      ] GC(213) Phase 1: Mark live objects 17.446ms
[94.085s][info][gc,phases,start] GC(213) Phase 2: Prepare compaction
[94.086s][info][gc,phases      ] GC(213) Phase 2: Prepare compaction 1.271ms
[94.086s][info][gc,phases,start] GC(213) Phase 3: Adjust pointers
[94.089s][info][gc,phases      ] GC(213) Phase 3: Adjust pointers 2.455ms
[94.089s][info][gc,phases,start] GC(213) Phase 4: Compact heap
[94.090s][info][gc,phases      ] GC(213) Phase 4: Compact heap 1.127ms
[94.093s][info][gc,heap        ] GC(213) Eden regions: 0->0(90)
[94.093s][info][gc,heap        ] GC(213) Survivor regions: 0->0(12)
[94.093s][info][gc,heap        ] GC(213) Old regions: 59->59
[94.093s][info][gc,heap        ] GC(213) Archive regions: 0->0
[94.093s][info][gc,heap        ] GC(213) Humongous regions: 823->823
[94.093s][info][gc,metaspace   ] GC(213) Metaspace: 113724K(125568K)->113724K(125568K) NonClass: 97247K(104704K)->97247K(104704K) Class: 16476K(20864K)->16476K(20864K)
[94.093s][info][gc             ] GC(213) Pause Full (G1 Compaction Pause) 874M->874M(1024M) 26.480ms
[94.093s][info][gc,cpu         ] GC(213) User=0.38s Sys=0.00s Real=0.01s
[94.093s][info][gc,marking     ] GC(210) Concurrent Mark From Roots 52.921ms
[94.093s][info][gc,marking     ] GC(210) Concurrent Mark Abort
[94.094s][info][gc             ] GC(210) Concurrent Mark Cycle 59.558ms
[94.097s][info][gc,start       ] GC(214) Pause Young (Concurrent Start) (G1 Humongous Allocation)
[94.097s][info][gc,task        ] GC(214) Using 24 workers of 33 for evacuation
[94.099s][info][gc,phases      ] GC(214)   Pre Evacuate Collection Set: 0.3ms
[94.099s][info][gc,phases      ] GC(214)   Merge Heap Roots: 0.1ms
[94.099s][info][gc,phases      ] GC(214)   Evacuate Collection Set: 1.0ms
[94.099s][info][gc,phases      ] GC(214)   Post Evacuate Collection Set: 0.4ms
[94.099s][info][gc,phases      ] GC(214)   Other: 0.1ms
[94.099s][info][gc,heap        ] GC(214) Eden regions: 41->0(88)
[94.099s][info][gc,heap        ] GC(214) Survivor regions: 0->1(12)
[94.099s][info][gc,heap        ] GC(214) Old regions: 59->59
[94.099s][info][gc,heap        ] GC(214) Archive regions: 0->0
[94.099s][info][gc,heap        ] GC(214) Humongous regions: 823->823
[94.099s][info][gc,metaspace   ] GC(214) Metaspace: 113728K(125568K)->113728K(125568K) NonClass: 97249K(104704K)->97249K(104704K) Class: 16478K(20864K)->16478K(20864K)
[94.099s][info][gc             ] GC(214) Pause Young (Concurrent Start) (G1 Humongous Allocation) 915M->875M(1024M) 2.002ms
[94.099s][info][gc             ] GC(215) Concurrent Mark Cycle
[94.099s][info][gc,cpu         ] GC(214) User=0.00s Sys=0.00s Real=0.00s
[94.099s][info][gc,marking     ] GC(215) Concurrent Scan Root Regions
[94.100s][info][gc,start       ] GC(216) Pause Young (Normal) (G1 Humongous Allocation)
[94.100s][info][gc,task        ] GC(216) Using 24 workers of 33 for evacuation
[94.101s][info][gc,marking     ] GC(215) Concurrent Scan Root Regions 1.751ms
[94.101s][info][gc,marking     ] GC(215) Concurrent Mark
[94.101s][info][gc,marking     ] GC(215) Concurrent Mark From Roots
[94.101s][info][gc,task        ] GC(215) Using 8 workers of 8 for marking
[94.102s][info][gc,phases      ] GC(216)   Pre Evacuate Collection Set: 1.0ms
[94.102s][info][gc,phases      ] GC(216)   Merge Heap Roots: 0.0ms
[94.102s][info][gc,phases      ] GC(216)   Evacuate Collection Set: 0.5ms
[94.102s][info][gc,phases      ] GC(216)   Post Evacuate Collection Set: 0.3ms
[94.102s][info][gc,phases      ] GC(216)   Other: 0.1ms
[94.102s][info][gc,heap        ] GC(216) Eden regions: 2->0(84)
[94.102s][info][gc,heap        ] GC(216) Survivor regions: 1->1(12)
[94.102s][info][gc,heap        ] GC(216) Old regions: 59->59
[94.102s][info][gc,heap        ] GC(216) Archive regions: 0->0
[94.102s][info][gc,heap        ] GC(216) Humongous regions: 827->827
[94.102s][info][gc,metaspace   ] GC(216) Metaspace: 113728K(125568K)->113728K(125568K) NonClass: 97249K(104704K)->97249K(104704K) Class: 16478K(20864K)->16478K(20864K)
[94.102s][info][gc             ] GC(216) Pause Young (Normal) (G1 Humongous Allocation) 880M->879M(1024M) 2.242ms
[94.102s][info][gc,cpu         ] GC(216) User=0.00s Sys=0.00s Real=0.00s
[94.102s][info][gc,ergo        ] Attempting full compaction
[94.102s][info][gc,start       ] GC(217) Pause Full (G1 Compaction Pause)
[94.102s][info][gc,task        ] GC(217) Using 24 workers of 33 for full compaction
[94.103s][info][gc,phases,start] GC(217) Phase 1: Mark live objects
[94.122s][info][gc,phases      ] GC(217) Phase 1: Mark live objects 18.477ms
[94.122s][info][gc,phases,start] GC(217) Phase 2: Prepare compaction
[94.123s][info][gc,phases      ] GC(217) Phase 2: Prepare compaction 1.012ms
[94.123s][info][gc,phases,start] GC(217) Phase 3: Adjust pointers
[94.125s][info][gc,phases      ] GC(217) Phase 3: Adjust pointers 1.799ms
[94.125s][info][gc,phases,start] GC(217) Phase 4: Compact heap
[94.125s][info][gc,phases      ] GC(217) Phase 4: Compact heap 0.479ms
[94.128s][info][gc,heap        ] GC(217) Eden regions: 0->0(112)
[94.128s][info][gc,heap        ] GC(217) Survivor regions: 1->0(12)
[94.128s][info][gc,heap        ] GC(217) Old regions: 59->60
[94.128s][info][gc,heap        ] GC(217) Archive regions: 0->0
[94.128s][info][gc,heap        ] GC(217) Humongous regions: 827->800
[94.128s][info][gc,metaspace   ] GC(217) Metaspace: 113728K(125568K)->113728K(125568K) NonClass: 97249K(104704K)->97249K(104704K) Class: 16478K(20864K)->16478K(20864K)
[94.128s][info][gc             ] GC(217) Pause Full (G1 Compaction Pause) 879M->851M(1024M) 25.902ms
[94.128s][info][gc,cpu         ] GC(217) User=0.33s Sys=0.03s Real=0.03s
[94.128s][info][gc,marking     ] GC(215) Concurrent Mark From Roots 27.466ms
[94.129s][info][gc,marking     ] GC(215) Concurrent Mark Abort
[94.129s][info][gc             ] GC(215) Concurrent Mark Cycle 29.379ms
[94.132s][info][gc,start       ] GC(218) Pause Young (Concurrent Start) (G1 Humongous Allocation)
[94.132s][info][gc,task        ] GC(218) Using 24 workers of 33 for evacuation
[94.133s][info][gc,phases      ] GC(218)   Pre Evacuate Collection Set: 0.2ms
[94.133s][info][gc,phases      ] GC(218)   Merge Heap Roots: 0.1ms
[94.133s][info][gc,phases      ] GC(218)   Evacuate Collection Set: 0.9ms
[94.133s][info][gc,phases      ] GC(218)   Post Evacuate Collection Set: 0.4ms
[94.133s][info][gc,phases      ] GC(218)   Other: 0.1ms
[94.133s][info][gc,heap        ] GC(218) Eden regions: 4->0(103)
[94.133s][info][gc,heap        ] GC(218) Survivor regions: 0->1(14)
[94.133s][info][gc,heap        ] GC(218) Old regions: 60->60
[94.133s][info][gc,heap        ] GC(218) Archive regions: 0->0
[94.133s][info][gc,heap        ] GC(218) Humongous regions: 807->807
[94.133s][info][gc,metaspace   ] GC(218) Metaspace: 113728K(125568K)->113728K(125568K) NonClass: 97249K(104704K)->97249K(104704K) Class: 16478K(20864K)->16478K(20864K)
[94.133s][info][gc             ] GC(218) Pause Young (Concurrent Start) (G1 Humongous Allocation) 862M->858M(1024M) 1.771ms
[94.133s][info][gc             ] GC(219) Concurrent Mark Cycle
[94.133s][info][gc,cpu         ] GC(218) User=0.00s Sys=0.00s Real=0.00s
[94.133s][info][gc,marking     ] GC(219) Concurrent Scan Root Regions
[94.135s][info][gc,start       ] GC(220) Pause Young (Normal) (G1 Humongous Allocation)
[94.136s][info][gc,task        ] GC(220) Using 24 workers of 33 for evacuation
[94.136s][info][gc,marking     ] GC(219) Concurrent Scan Root Regions 2.407ms
[94.136s][info][gc,marking     ] GC(219) Concurrent Mark
[94.136s][info][gc,marking     ] GC(219) Concurrent Mark From Roots
[94.136s][info][gc,task        ] GC(219) Using 8 workers of 8 for marking
[94.137s][info][gc,phases      ] GC(220)   Pre Evacuate Collection Set: 0.4ms
[94.137s][info][gc,phases      ] GC(220)   Merge Heap Roots: 0.1ms
[94.137s][info][gc,phases      ] GC(220)   Evacuate Collection Set: 0.5ms
[94.137s][info][gc,phases      ] GC(220)   Post Evacuate Collection Set: 0.4ms
[94.137s][info][gc,phases      ] GC(220)   Other: 0.1ms
[94.137s][info][gc,heap        ] GC(220) Eden regions: 15->0(96)
[94.137s][info][gc,heap        ] GC(220) Survivor regions: 1->1(13)
[94.137s][info][gc,heap        ] GC(220) Old regions: 60->60
[94.137s][info][gc,heap        ] GC(220) Archive regions: 0->0
[94.137s][info][gc,heap        ] GC(220) Humongous regions: 814->814
[94.137s][info][gc,metaspace   ] GC(220) Metaspace: 113728K(125568K)->113728K(125568K) NonClass: 97250K(104704K)->97250K(104704K) Class: 16478K(20864K)->16478K(20864K)
[94.137s][info][gc             ] GC(220) Pause Young (Normal) (G1 Humongous Allocation) 880M->865M(1024M) 1.726ms
[94.137s][info][gc,cpu         ] GC(220) User=0.00s Sys=0.00s Real=0.00s
[94.137s][info][gc,ergo        ] Attempting full compaction
[94.137s][info][gc,start       ] GC(221) Pause Full (G1 Compaction Pause)
[94.137s][info][gc,task        ] GC(221) Using 24 workers of 33 for full compaction
[94.138s][info][gc,phases,start] GC(221) Phase 1: Mark live objects
[94.160s][info][gc,phases      ] GC(221) Phase 1: Mark live objects 21.493ms
[94.160s][info][gc,phases,start] GC(221) Phase 2: Prepare compaction
[94.161s][info][gc,phases      ] GC(221) Phase 2: Prepare compaction 1.004ms
[94.161s][info][gc,phases,start] GC(221) Phase 3: Adjust pointers
[94.163s][info][gc,phases      ] GC(221) Phase 3: Adjust pointers 1.754ms
[94.163s][info][gc,phases,start] GC(221) Phase 4: Compact heap
[94.163s][info][gc,phases      ] GC(221) Phase 4: Compact heap 0.292ms
[94.166s][info][gc,heap        ] GC(221) Eden regions: 0->0(102)
[94.166s][info][gc,heap        ] GC(221) Survivor regions: 1->0(13)
[94.166s][info][gc,heap        ] GC(221) Old regions: 60->60
[94.166s][info][gc,heap        ] GC(221) Archive regions: 0->0
[94.166s][info][gc,heap        ] GC(221) Humongous regions: 814->810
[94.166s][info][gc,metaspace   ] GC(221) Metaspace: 113728K(125568K)->113728K(125568K) NonClass: 97250K(104704K)->97250K(104704K) Class: 16478K(20864K)->16478K(20864K)
[94.166s][info][gc             ] GC(221) Pause Full (G1 Compaction Pause) 865M->861M(1024M) 28.665ms
[94.166s][info][gc,cpu         ] GC(221) User=0.38s Sys=0.02s Real=0.03s
[94.166s][info][gc,ergo        ] Attempting maximal full compaction clearing soft references
[94.166s][info][gc,start       ] GC(222) Pause Full (G1 Compaction Pause)
[94.166s][info][gc,task        ] GC(222) Using 24 workers of 33 for full compaction
[94.167s][info][gc,phases,start] GC(222) Phase 1: Mark live objects
[94.184s][info][gc,phases      ] GC(222) Phase 1: Mark live objects 17.250ms
[94.184s][info][gc,phases,start] GC(222) Phase 2: Prepare compaction
[94.185s][info][gc,phases      ] GC(222) Phase 2: Prepare compaction 1.143ms
[94.185s][info][gc,phases,start] GC(222) Phase 3: Adjust pointers
[94.188s][info][gc,phases      ] GC(222) Phase 3: Adjust pointers 2.140ms
[94.188s][info][gc,phases,start] GC(222) Phase 4: Compact heap
[94.188s][info][gc,phases      ] GC(222) Phase 4: Compact heap 0.816ms
[94.191s][info][gc,heap        ] GC(222) Eden regions: 0->0(102)
[94.191s][info][gc,heap        ] GC(222) Survivor regions: 0->0(13)
[94.191s][info][gc,heap        ] GC(222) Old regions: 60->60
[94.191s][info][gc,heap        ] GC(222) Archive regions: 0->0
[94.191s][info][gc,heap        ] GC(222) Humongous regions: 810->810
[94.191s][info][gc,metaspace   ] GC(222) Metaspace: 113728K(125568K)->113728K(125568K) NonClass: 97250K(104704K)->97250K(104704K) Class: 16478K(20864K)->16478K(20864K)
[94.191s][info][gc             ] GC(222) Pause Full (G1 Compaction Pause) 861M->861M(1024M) 25.506ms
[94.192s][info][gc,cpu         ] GC(222) User=0.38s Sys=0.00s Real=0.02s
[94.192s][info][gc,marking     ] GC(219) Concurrent Mark From Roots 55.841ms
[94.192s][info][gc,marking     ] GC(219) Concurrent Mark Abort
[94.192s][info][gc             ] GC(219) Concurrent Mark Cycle 58.416ms
[94.196s][info][gc,start       ] GC(223) Pause Young (Concurrent Start) (G1 Humongous Allocation)
[94.196s][info][gc,task        ] GC(223) Using 24 workers of 33 for evacuation
[94.198s][info][gc,phases      ] GC(223)   Pre Evacuate Collection Set: 0.3ms
[94.198s][info][gc,phases      ] GC(223)   Merge Heap Roots: 0.1ms
[94.198s][info][gc,phases      ] GC(223)   Evacuate Collection Set: 1.0ms
[94.198s][info][gc,phases      ] GC(223)   Post Evacuate Collection Set: 0.4ms
[94.198s][info][gc,phases      ] GC(223)   Other: 0.1ms
[94.198s][info][gc,heap        ] GC(223) Eden regions: 54->0(100)
[94.198s][info][gc,heap        ] GC(223) Survivor regions: 0->1(13)
[94.198s][info][gc,heap        ] GC(223) Old regions: 60->60
[94.198s][info][gc,heap        ] GC(223) Archive regions: 0->0
[94.198s][info][gc,heap        ] GC(223) Humongous regions: 810->810
[94.198s][info][gc,metaspace   ] GC(223) Metaspace: 113728K(125568K)->113728K(125568K) NonClass: 97250K(104704K)->97250K(104704K) Class: 16478K(20864K)->16478K(20864K)
[94.198s][info][gc             ] GC(223) Pause Young (Concurrent Start) (G1 Humongous Allocation) 915M->862M(1024M) 1.925ms
[94.198s][info][gc             ] GC(224) Concurrent Mark Cycle
[94.198s][info][gc,cpu         ] GC(223) User=0.02s Sys=0.00s Real=0.00s
[94.198s][info][gc,marking     ] GC(224) Concurrent Scan Root Regions
[94.198s][info][gc,start       ] GC(225) Pause Young (Normal) (G1 Humongous Allocation)
[94.199s][info][gc,task        ] GC(225) Using 24 workers of 33 for evacuation
[94.200s][info][gc,marking     ] GC(224) Concurrent Scan Root Regions 1.631ms
[94.200s][info][gc,marking     ] GC(224) Concurrent Mark
[94.200s][info][gc,marking     ] GC(224) Concurrent Mark From Roots
[94.200s][info][gc,task        ] GC(224) Using 8 workers of 8 for marking
[94.201s][info][gc,phases      ] GC(225)   Pre Evacuate Collection Set: 1.1ms
[94.201s][info][gc,phases      ] GC(225)   Merge Heap Roots: 0.1ms
[94.201s][info][gc,phases      ] GC(225)   Evacuate Collection Set: 0.5ms
[94.201s][info][gc,phases      ] GC(225)   Post Evacuate Collection Set: 0.3ms
[94.201s][info][gc,phases      ] GC(225)   Other: 0.1ms
[94.201s][info][gc,heap        ] GC(225) Eden regions: 2->0(100)
[94.201s][info][gc,heap        ] GC(225) Survivor regions: 1->1(13)
[94.201s][info][gc,heap        ] GC(225) Old regions: 60->60
[94.201s][info][gc,heap        ] GC(225) Archive regions: 0->0
[94.201s][info][gc,heap        ] GC(225) Humongous regions: 810->810
[94.201s][info][gc,metaspace   ] GC(225) Metaspace: 113730K(125568K)->113730K(125568K) NonClass: 97251K(104704K)->97251K(104704K) Class: 16479K(20864K)->16479K(20864K)
[94.201s][info][gc             ] GC(225) Pause Young (Normal) (G1 Humongous Allocation) 863M->862M(1024M) 2.274ms
[94.201s][info][gc,cpu         ] GC(225) User=0.00s Sys=0.00s Real=0.00s
[94.201s][info][gc,ergo        ] Attempting full compaction
[94.201s][info][gc,start       ] GC(226) Pause Full (G1 Compaction Pause)
[94.201s][info][gc,task        ] GC(226) Using 24 workers of 33 for full compaction
[94.202s][info][gc,phases,start] GC(226) Phase 1: Mark live objects
[94.221s][info][gc,phases      ] GC(226) Phase 1: Mark live objects 19.328ms
[94.221s][info][gc,phases,start] GC(226) Phase 2: Prepare compaction
[94.222s][info][gc,phases      ] GC(226) Phase 2: Prepare compaction 1.056ms
[94.222s][info][gc,phases,start] GC(226) Phase 3: Adjust pointers
[94.224s][info][gc,phases      ] GC(226) Phase 3: Adjust pointers 1.814ms
[94.224s][info][gc,phases,start] GC(226) Phase 4: Compact heap
[94.225s][info][gc,phases      ] GC(226) Phase 4: Compact heap 0.439ms
[94.227s][info][gc,heap        ] GC(226) Eden regions: 0->0(127)
[94.227s][info][gc,heap        ] GC(226) Survivor regions: 1->0(13)
[94.227s][info][gc,heap        ] GC(226) Old regions: 60->59
[94.227s][info][gc,heap        ] GC(226) Archive regions: 0->0
[94.227s][info][gc,heap        ] GC(226) Humongous regions: 810->786
[94.228s][info][gc,metaspace   ] GC(226) Metaspace: 113730K(125568K)->113730K(125568K) NonClass: 97251K(104704K)->97251K(104704K) Class: 16479K(20864K)->16479K(20864K)
[94.228s][info][gc             ] GC(226) Pause Full (G1 Compaction Pause) 862M->837M(1024M) 26.732ms
[94.228s][info][gc,cpu         ] GC(226) User=0.34s Sys=0.00s Real=0.03s
[94.228s][info][gc,marking     ] GC(224) Concurrent Mark From Roots 28.176ms
[94.228s][info][gc,marking     ] GC(224) Concurrent Mark Abort
[94.228s][info][gc             ] GC(224) Concurrent Mark Cycle 29.956ms
[94.237s][info][gc,start       ] GC(227) Pause Young (Concurrent Start) (G1 Humongous Allocation)
[94.237s][info][gc,task        ] GC(227) Using 24 workers of 33 for evacuation
[94.239s][info][gc,phases      ] GC(227)   Pre Evacuate Collection Set: 0.3ms
[94.239s][info][gc,phases      ] GC(227)   Merge Heap Roots: 0.1ms
[94.239s][info][gc,phases      ] GC(227)   Evacuate Collection Set: 1.0ms
[94.239s][info][gc,phases      ] GC(227)   Post Evacuate Collection Set: 0.5ms
[94.239s][info][gc,phases      ] GC(227)   Other: 0.1ms
[94.239s][info][gc,heap        ] GC(227) Eden regions: 112->0(118)
[94.239s][info][gc,heap        ] GC(227) Survivor regions: 0->1(16)
[94.239s][info][gc,heap        ] GC(227) Old regions: 59->59
[94.239s][info][gc,heap        ] GC(227) Archive regions: 0->0
[94.239s][info][gc,heap        ] GC(227) Humongous regions: 793->793
[94.239s][info][gc,metaspace   ] GC(227) Metaspace: 113736K(125568K)->113736K(125568K) NonClass: 97256K(104704K)->97256K(104704K) Class: 16480K(20864K)->16480K(20864K)
[94.239s][info][gc             ] GC(227) Pause Young (Concurrent Start) (G1 Humongous Allocation) 956M->845M(1024M) 2.008ms
[94.239s][info][gc             ] GC(228) Concurrent Mark Cycle
[94.239s][info][gc,cpu         ] GC(227) User=0.00s Sys=0.00s Real=0.00s
[94.239s][info][gc,marking     ] GC(228) Concurrent Scan Root Regions
[94.246s][info][gc,start       ] GC(229) Pause Young (Normal) (G1 Humongous Allocation)
[94.246s][info][gc,task        ] GC(229) Using 24 workers of 33 for evacuation
[94.246s][info][gc,marking     ] GC(228) Concurrent Scan Root Regions 7.666ms
[94.246s][info][gc,marking     ] GC(228) Concurrent Mark
[94.246s][info][gc,marking     ] GC(228) Concurrent Mark From Roots
[94.246s][info][gc,task        ] GC(228) Using 8 workers of 8 for marking
[94.248s][info][gc,phases      ] GC(229)   Pre Evacuate Collection Set: 0.2ms
[94.248s][info][gc,phases      ] GC(229)   Merge Heap Roots: 0.1ms
[94.248s][info][gc,phases      ] GC(229)   Evacuate Collection Set: 0.7ms
[94.248s][info][gc,phases      ] GC(229)   Post Evacuate Collection Set: 0.4ms
[94.248s][info][gc,phases      ] GC(229)   Other: 0.1ms
[94.248s][info][gc,heap        ] GC(229) Eden regions: 86->0(102)
[94.248s][info][gc,heap        ] GC(229) Survivor regions: 1->2(15)
[94.248s][info][gc,heap        ] GC(229) Old regions: 59->59
[94.248s][info][gc,heap        ] GC(229) Archive regions: 0->0
[94.248s][info][gc,heap        ] GC(229) Humongous regions: 807->807
[94.248s][info][gc,metaspace   ] GC(229) Metaspace: 113739K(125568K)->113739K(125568K) NonClass: 97258K(104704K)->97258K(104704K) Class: 16480K(20864K)->16480K(20864K)
[94.248s][info][gc             ] GC(229) Pause Young (Normal) (G1 Humongous Allocation) 945M->859M(1024M) 1.663ms
[94.248s][info][gc,cpu         ] GC(229) User=0.00s Sys=0.00s Real=0.00s
[94.251s][info][gc,start       ] GC(230) Pause Young (Normal) (G1 Humongous Allocation)
[94.251s][info][gc,task        ] GC(230) Using 24 workers of 33 for evacuation
[94.253s][info][gc,phases      ] GC(230)   Pre Evacuate Collection Set: 0.1ms
[94.253s][info][gc,phases      ] GC(230)   Merge Heap Roots: 0.1ms
[94.253s][info][gc,phases      ] GC(230)   Evacuate Collection Set: 0.7ms
[94.253s][info][gc,phases      ] GC(230)   Post Evacuate Collection Set: 0.3ms
[94.253s][info][gc,phases      ] GC(230)   Other: 0.1ms
[94.253s][info][gc,heap        ] GC(230) Eden regions: 36->0(95)
[94.253s][info][gc,heap        ] GC(230) Survivor regions: 2->2(13)
[94.253s][info][gc,heap        ] GC(230) Old regions: 59->59
[94.253s][info][gc,heap        ] GC(230) Archive regions: 0->0
[94.253s][info][gc,heap        ] GC(230) Humongous regions: 814->814
[94.253s][info][gc,metaspace   ] GC(230) Metaspace: 113739K(125568K)->113739K(125568K) NonClass: 97258K(104704K)->97258K(104704K) Class: 16480K(20864K)->16480K(20864K)
[94.253s][info][gc             ] GC(230) Pause Young (Normal) (G1 Humongous Allocation) 902M->866M(1024M) 1.593ms
[94.253s][info][gc,cpu         ] GC(230) User=0.00s Sys=0.00s Real=0.00s
[94.253s][info][gc,ergo        ] Attempting full compaction
[94.253s][info][gc,start       ] GC(231) Pause Full (G1 Compaction Pause)
[94.253s][info][gc,task        ] GC(231) Using 24 workers of 33 for full compaction
[94.254s][info][gc,phases,start] GC(231) Phase 1: Mark live objects
[94.271s][info][gc,phases      ] GC(231) Phase 1: Mark live objects 17.249ms
[94.271s][info][gc,phases,start] GC(231) Phase 2: Prepare compaction
[94.272s][info][gc,phases      ] GC(231) Phase 2: Prepare compaction 1.001ms
[94.272s][info][gc,phases,start] GC(231) Phase 3: Adjust pointers
[94.274s][info][gc,phases      ] GC(231) Phase 3: Adjust pointers 1.635ms
[94.274s][info][gc,phases,start] GC(231) Phase 4: Compact heap
[94.274s][info][gc,phases      ] GC(231) Phase 4: Compact heap 0.529ms
[94.277s][info][gc,heap        ] GC(231) Eden regions: 0->0(111)
[94.277s][info][gc,heap        ] GC(231) Survivor regions: 2->0(13)
[94.277s][info][gc,heap        ] GC(231) Old regions: 59->59
[94.277s][info][gc,heap        ] GC(231) Archive regions: 0->0
[94.277s][info][gc,heap        ] GC(231) Humongous regions: 814->802
[94.277s][info][gc,metaspace   ] GC(231) Metaspace: 113739K(125568K)->113739K(125568K) NonClass: 97258K(104704K)->97258K(104704K) Class: 16480K(20864K)->16480K(20864K)
[94.277s][info][gc             ] GC(231) Pause Full (G1 Compaction Pause) 866M->853M(1024M) 24.621ms
[94.277s][info][gc,cpu         ] GC(231) User=0.38s Sys=0.00s Real=0.02s
[94.278s][info][gc,marking     ] GC(228) Concurrent Mark From Roots 31.248ms
[94.278s][info][gc,marking     ] GC(228) Concurrent Mark Abort
[94.278s][info][gc             ] GC(228) Concurrent Mark Cycle 39.115ms
[94.281s][info][gc,start       ] GC(232) Pause Young (Concurrent Start) (G1 Humongous Allocation)
[94.281s][info][gc,task        ] GC(232) Using 24 workers of 33 for evacuation
[94.283s][info][gc,phases      ] GC(232)   Pre Evacuate Collection Set: 0.3ms
[94.283s][info][gc,phases      ] GC(232)   Merge Heap Roots: 0.1ms
[94.283s][info][gc,phases      ] GC(232)   Evacuate Collection Set: 1.0ms
[94.283s][info][gc,phases      ] GC(232)   Post Evacuate Collection Set: 0.4ms
[94.283s][info][gc,phases      ] GC(232)   Other: 0.1ms
[94.283s][info][gc,heap        ] GC(232) Eden regions: 36->0(102)
[94.283s][info][gc,heap        ] GC(232) Survivor regions: 0->1(14)
[94.283s][info][gc,heap        ] GC(232) Old regions: 59->59
[94.283s][info][gc,heap        ] GC(232) Archive regions: 0->0
[94.283s][info][gc,heap        ] GC(232) Humongous regions: 809->809
[94.283s][info][gc,metaspace   ] GC(232) Metaspace: 113748K(125568K)->113748K(125568K) NonClass: 97264K(104704K)->97264K(104704K) Class: 16484K(20864K)->16484K(20864K)
[94.283s][info][gc             ] GC(232) Pause Young (Concurrent Start) (G1 Humongous Allocation) 896M->861M(1024M) 1.921ms
[94.283s][info][gc             ] GC(233) Concurrent Mark Cycle
[94.283s][info][gc,cpu         ] GC(232) User=0.00s Sys=0.00s Real=0.00s
[94.283s][info][gc,marking     ] GC(233) Concurrent Scan Root Regions
[94.287s][info][gc,start       ] GC(234) Pause Young (Normal) (G1 Humongous Allocation)
[94.287s][info][gc,task        ] GC(234) Using 24 workers of 33 for evacuation
[94.287s][info][gc,marking     ] GC(233) Concurrent Scan Root Regions 3.776ms
[94.287s][info][gc,marking     ] GC(233) Concurrent Mark
[94.287s][info][gc,marking     ] GC(233) Concurrent Mark From Roots
[94.287s][info][gc,task        ] GC(233) Using 8 workers of 8 for marking
[94.288s][info][gc,phases      ] GC(234)   Pre Evacuate Collection Set: 0.5ms
[94.288s][info][gc,phases      ] GC(234)   Merge Heap Roots: 0.1ms
[94.288s][info][gc,phases      ] GC(234)   Evacuate Collection Set: 0.6ms
[94.288s][info][gc,phases      ] GC(234)   Post Evacuate Collection Set: 0.4ms
[94.288s][info][gc,phases      ] GC(234)   Other: 0.1ms
[94.288s][info][gc,heap        ] GC(234) Eden regions: 30->0(98)
[94.289s][info][gc,heap        ] GC(234) Survivor regions: 1->1(13)
[94.289s][info][gc,heap        ] GC(234) Old regions: 59->59
[94.289s][info][gc,heap        ] GC(234) Archive regions: 0->0
[94.289s][info][gc,heap        ] GC(234) Humongous regions: 813->813
[94.289s][info][gc,metaspace   ] GC(234) Metaspace: 113748K(125568K)->113748K(125568K) NonClass: 97264K(104704K)->97264K(104704K) Class: 16484K(20864K)->16484K(20864K)
[94.289s][info][gc             ] GC(234) Pause Young (Normal) (G1 Humongous Allocation) 895M->865M(1024M) 1.856ms
[94.289s][info][gc,cpu         ] GC(234) User=0.00s Sys=0.00s Real=0.00s
[94.289s][info][gc,ergo        ] Attempting full compaction
[94.289s][info][gc,start       ] GC(235) Pause Full (G1 Compaction Pause)
[94.289s][info][gc,task        ] GC(235) Using 24 workers of 33 for full compaction
[94.290s][info][gc,phases,start] GC(235) Phase 1: Mark live objects
[94.308s][info][gc,phases      ] GC(235) Phase 1: Mark live objects 18.753ms
[94.308s][info][gc,phases,start] GC(235) Phase 2: Prepare compaction
[94.310s][info][gc,phases      ] GC(235) Phase 2: Prepare compaction 1.073ms
[94.310s][info][gc,phases,start] GC(235) Phase 3: Adjust pointers
[94.311s][info][gc,phases      ] GC(235) Phase 3: Adjust pointers 1.710ms
[94.311s][info][gc,phases,start] GC(235) Phase 4: Compact heap
[94.312s][info][gc,phases      ] GC(235) Phase 4: Compact heap 0.384ms
[94.315s][info][gc,heap        ] GC(235) Eden regions: 0->0(105)
[94.315s][info][gc,heap        ] GC(235) Survivor regions: 1->0(13)
[94.315s][info][gc,heap        ] GC(235) Old regions: 59->58
[94.315s][info][gc,heap        ] GC(235) Archive regions: 0->0
[94.315s][info][gc,heap        ] GC(235) Humongous regions: 813->809
[94.315s][info][gc,metaspace   ] GC(235) Metaspace: 113748K(125568K)->113748K(125568K) NonClass: 97264K(104704K)->97264K(104704K) Class: 16484K(20864K)->16484K(20864K)
[94.315s][info][gc             ] GC(235) Pause Full (G1 Compaction Pause) 865M->860M(1024M) 26.151ms
[94.315s][info][gc,cpu         ] GC(235) User=0.38s Sys=0.00s Real=0.02s
[94.315s][info][gc,ergo        ] Attempting maximal full compaction clearing soft references
[94.315s][info][gc,start       ] GC(236) Pause Full (G1 Compaction Pause)
[94.315s][info][gc,task        ] GC(236) Using 24 workers of 33 for full compaction
[94.316s][info][gc,phases,start] GC(236) Phase 1: Mark live objects
[94.334s][info][gc,phases      ] GC(236) Phase 1: Mark live objects 18.179ms
[94.334s][info][gc,phases,start] GC(236) Phase 2: Prepare compaction
[94.335s][info][gc,phases      ] GC(236) Phase 2: Prepare compaction 1.284ms
[94.336s][info][gc,phases,start] GC(236) Phase 3: Adjust pointers
[94.338s][info][gc,phases      ] GC(236) Phase 3: Adjust pointers 2.198ms
[94.338s][info][gc,phases,start] GC(236) Phase 4: Compact heap
[94.339s][info][gc,phases      ] GC(236) Phase 4: Compact heap 1.196ms
[94.342s][info][gc,heap        ] GC(236) Eden regions: 0->0(105)
[94.342s][info][gc,heap        ] GC(236) Survivor regions: 0->0(13)
[94.342s][info][gc,heap        ] GC(236) Old regions: 58->58
[94.342s][info][gc,heap        ] GC(236) Archive regions: 0->0
[94.342s][info][gc,heap        ] GC(236) Humongous regions: 809->809
[94.342s][info][gc,metaspace   ] GC(236) Metaspace: 113748K(125568K)->113748K(125568K) NonClass: 97264K(104704K)->97264K(104704K) Class: 16484K(20864K)->16484K(20864K)
[94.342s][info][gc             ] GC(236) Pause Full (G1 Compaction Pause) 860M->860M(1024M) 27.474ms
[94.342s][info][gc,cpu         ] GC(236) User=0.61s Sys=0.00s Real=0.03s
[94.343s][info][gc,marking     ] GC(233) Concurrent Mark From Roots 55.340ms
[94.343s][info][gc,marking     ] GC(233) Concurrent Mark Abort
[94.343s][info][gc             ] GC(233) Concurrent Mark Cycle 59.293ms
[94.346s][info][gc,start       ] GC(237) Pause Young (Concurrent Start) (G1 Humongous Allocation)
[94.346s][info][gc,task        ] GC(237) Using 24 workers of 33 for evacuation
[94.348s][info][gc,phases      ] GC(237)   Pre Evacuate Collection Set: 0.3ms
[94.348s][info][gc,phases      ] GC(237)   Merge Heap Roots: 0.1ms
[94.348s][info][gc,phases      ] GC(237)   Evacuate Collection Set: 1.0ms
[94.348s][info][gc,phases      ] GC(237)   Post Evacuate Collection Set: 0.4ms
[94.348s][info][gc,phases      ] GC(237)   Other: 0.1ms
[94.348s][info][gc,heap        ] GC(237) Eden regions: 36->0(99)
[94.348s][info][gc,heap        ] GC(237) Survivor regions: 0->1(14)
[94.348s][info][gc,heap        ] GC(237) Old regions: 58->58
[94.348s][info][gc,heap        ] GC(237) Archive regions: 0->0
[94.348s][info][gc,heap        ] GC(237) Humongous regions: 813->813
[94.348s][info][gc,metaspace   ] GC(237) Metaspace: 113758K(125568K)->113758K(125568K) NonClass: 97270K(104704K)->97270K(104704K) Class: 16488K(20864K)->16488K(20864K)
[94.348s][info][gc             ] GC(237) Pause Young (Concurrent Start) (G1 Humongous Allocation) 900M->865M(1024M) 1.964ms
[94.348s][info][gc             ] GC(238) Concurrent Mark Cycle
[94.348s][info][gc,cpu         ] GC(237) User=0.00s Sys=0.00s Real=0.00s
[94.348s][info][gc,marking     ] GC(238) Concurrent Scan Root Regions
[94.350s][info][gc,marking     ] GC(238) Concurrent Scan Root Regions 1.645ms
[94.350s][info][gc,marking     ] GC(238) Concurrent Mark
[94.350s][info][gc,marking     ] GC(238) Concurrent Mark From Roots
[94.350s][info][gc,task        ] GC(238) Using 8 workers of 8 for marking
[94.364s][info][gc,start       ] GC(239) Pause Young (Normal) (G1 Humongous Allocation)
[94.364s][info][gc,task        ] GC(239) Using 24 workers of 33 for evacuation
[94.365s][info][gc,phases      ] GC(239)   Pre Evacuate Collection Set: 0.1ms
[94.365s][info][gc,phases      ] GC(239)   Merge Heap Roots: 0.1ms
[94.365s][info][gc,phases      ] GC(239)   Evacuate Collection Set: 0.6ms
[94.365s][info][gc,phases      ] GC(239)   Post Evacuate Collection Set: 0.4ms
[94.365s][info][gc,phases      ] GC(239)   Other: 0.1ms
[94.365s][info][gc,heap        ] GC(239) Eden regions: 2->0(99)
[94.365s][info][gc,heap        ] GC(239) Survivor regions: 1->1(13)
[94.365s][info][gc,heap        ] GC(239) Old regions: 58->58
[94.365s][info][gc,heap        ] GC(239) Archive regions: 0->0
[94.365s][info][gc,heap        ] GC(239) Humongous regions: 813->813
[94.365s][info][gc,metaspace   ] GC(239) Metaspace: 113758K(125568K)->113758K(125568K) NonClass: 97270K(104704K)->97270K(104704K) Class: 16488K(20864K)->16488K(20864K)
[94.365s][info][gc             ] GC(239) Pause Young (Normal) (G1 Humongous Allocation) 867M->865M(1024M) 1.378ms
[94.366s][info][gc,cpu         ] GC(239) User=0.00s Sys=0.00s Real=0.00s
[94.366s][info][gc,ergo        ] Attempting full compaction
[94.366s][info][gc,start       ] GC(240) Pause Full (G1 Compaction Pause)
[94.366s][info][gc,task        ] GC(240) Using 24 workers of 33 for full compaction
[94.367s][info][gc,phases,start] GC(240) Phase 1: Mark live objects
[94.390s][info][gc,phases      ] GC(240) Phase 1: Mark live objects 23.403ms
[94.390s][info][gc,phases,start] GC(240) Phase 2: Prepare compaction
[94.391s][info][gc,phases      ] GC(240) Phase 2: Prepare compaction 1.042ms
[94.391s][info][gc,phases,start] GC(240) Phase 3: Adjust pointers
[94.393s][info][gc,phases      ] GC(240) Phase 3: Adjust pointers 1.683ms
[94.393s][info][gc,phases,start] GC(240) Phase 4: Compact heap
[94.394s][info][gc,phases      ] GC(240) Phase 4: Compact heap 0.853ms
[94.397s][info][gc,heap        ] GC(240) Eden regions: 0->0(128)
[94.397s][info][gc,heap        ] GC(240) Survivor regions: 1->0(13)
[94.397s][info][gc,heap        ] GC(240) Old regions: 58->58
[94.397s][info][gc,heap        ] GC(240) Archive regions: 0->0
[94.397s][info][gc,heap        ] GC(240) Humongous regions: 813->786
[94.397s][info][gc,metaspace   ] GC(240) Metaspace: 113758K(125568K)->113758K(125568K) NonClass: 97270K(104704K)->97270K(104704K) Class: 16488K(20864K)->16488K(20864K)
[94.397s][info][gc             ] GC(240) Pause Full (G1 Compaction Pause) 865M->837M(1024M) 31.441ms
[94.397s][info][gc,cpu         ] GC(240) User=0.34s Sys=0.02s Real=0.03s
[94.397s][info][gc,marking     ] GC(238) Concurrent Mark From Roots 47.495ms
[94.397s][info][gc,marking     ] GC(238) Concurrent Mark Abort
[94.397s][info][gc             ] GC(238) Concurrent Mark Cycle 49.260ms
[94.399s][info][gc,start       ] GC(241) Pause Young (Concurrent Start) (G1 Humongous Allocation)
[94.399s][info][gc,task        ] GC(241) Using 24 workers of 33 for evacuation
[94.401s][info][gc,phases      ] GC(241)   Pre Evacuate Collection Set: 0.3ms
[94.401s][info][gc,phases      ] GC(241)   Merge Heap Roots: 0.1ms
[94.401s][info][gc,phases      ] GC(241)   Evacuate Collection Set: 1.1ms
[94.401s][info][gc,phases      ] GC(241)   Post Evacuate Collection Set: 0.4ms
[94.401s][info][gc,phases      ] GC(241)   Other: 0.1ms
[94.401s][info][gc,heap        ] GC(241) Eden regions: 12->0(119)
[94.401s][info][gc,heap        ] GC(241) Survivor regions: 0->1(16)
[94.401s][info][gc,heap        ] GC(241) Old regions: 58->58
[94.401s][info][gc,heap        ] GC(241) Archive regions: 0->0
[94.401s][info][gc,heap        ] GC(241) Humongous regions: 793->793
[94.401s][info][gc,metaspace   ] GC(241) Metaspace: 113758K(125568K)->113758K(125568K) NonClass: 97270K(104704K)->97270K(104704K) Class: 16488K(20864K)->16488K(20864K)
[94.401s][info][gc             ] GC(241) Pause Young (Concurrent Start) (G1 Humongous Allocation) 856M->845M(1024M) 2.037ms
[94.401s][info][gc             ] GC(242) Concurrent Mark Cycle
[94.401s][info][gc,cpu         ] GC(241) User=0.00s Sys=0.00s Real=0.00s
[94.401s][info][gc,marking     ] GC(242) Concurrent Scan Root Regions
[94.407s][info][gc,marking     ] GC(242) Concurrent Scan Root Regions 6.554ms
[94.407s][info][gc,marking     ] GC(242) Concurrent Mark
[94.407s][info][gc,marking     ] GC(242) Concurrent Mark From Roots
[94.407s][info][gc,task        ] GC(242) Using 8 workers of 8 for marking
[94.420s][info][gc,start       ] GC(243) Pause Young (Normal) (G1 Humongous Allocation)
[94.421s][info][gc,task        ] GC(243) Using 24 workers of 33 for evacuation
[94.422s][info][gc,phases      ] GC(243)   Pre Evacuate Collection Set: 0.2ms
[94.422s][info][gc,phases      ] GC(243)   Merge Heap Roots: 0.1ms
[94.422s][info][gc,phases      ] GC(243)   Evacuate Collection Set: 0.5ms
[94.422s][info][gc,phases      ] GC(243)   Post Evacuate Collection Set: 0.4ms
[94.422s][info][gc,phases      ] GC(243)   Other: 0.1ms
[94.422s][info][gc,heap        ] GC(243) Eden regions: 68->0(102)
[94.422s][info][gc,heap        ] GC(243) Survivor regions: 1->2(15)
[94.422s][info][gc,heap        ] GC(243) Old regions: 58->58
[94.422s][info][gc,heap        ] GC(243) Archive regions: 0->0
[94.422s][info][gc,heap        ] GC(243) Humongous regions: 808->808
[94.422s][info][gc,metaspace   ] GC(243) Metaspace: 113758K(125568K)->113758K(125568K) NonClass: 97270K(104704K)->97270K(104704K) Class: 16488K(20864K)->16488K(20864K)
[94.422s][info][gc             ] GC(243) Pause Young (Normal) (G1 Humongous Allocation) 928M->860M(1024M) 1.457ms
[94.422s][info][gc,cpu         ] GC(243) User=0.00s Sys=0.00s Real=0.00s
[94.422s][info][gc,ergo        ] Attempting full compaction
[94.422s][info][gc,start       ] GC(244) Pause Full (G1 Compaction Pause)
[94.422s][info][gc,task        ] GC(244) Using 24 workers of 33 for full compaction
[94.423s][info][gc,phases,start] GC(244) Phase 1: Mark live objects
[94.446s][info][gc,phases      ] GC(244) Phase 1: Mark live objects 22.843ms
[94.446s][info][gc,phases,start] GC(244) Phase 2: Prepare compaction
[94.447s][info][gc,phases      ] GC(244) Phase 2: Prepare compaction 1.109ms
[94.447s][info][gc,phases,start] GC(244) Phase 3: Adjust pointers
[94.449s][info][gc,phases      ] GC(244) Phase 3: Adjust pointers 1.787ms
[94.449s][info][gc,phases,start] GC(244) Phase 4: Compact heap
[94.449s][info][gc,phases      ] GC(244) Phase 4: Compact heap 0.353ms
[94.452s][info][gc,heap        ] GC(244) Eden regions: 0->0(113)
[94.452s][info][gc,heap        ] GC(244) Survivor regions: 2->0(15)
[94.452s][info][gc,heap        ] GC(244) Old regions: 58->59
[94.452s][info][gc,heap        ] GC(244) Archive regions: 0->0
[94.452s][info][gc,heap        ] GC(244) Humongous regions: 808->800
[94.452s][info][gc,metaspace   ] GC(244) Metaspace: 113758K(125568K)->113758K(125568K) NonClass: 97270K(104704K)->97270K(104704K) Class: 16488K(20864K)->16488K(20864K)
[94.452s][info][gc             ] GC(244) Pause Full (G1 Compaction Pause) 860M->851M(1024M) 30.409ms
[94.452s][info][gc,cpu         ] GC(244) User=0.38s Sys=0.02s Real=0.03s
[94.452s][info][gc,ergo        ] Attempting maximal full compaction clearing soft references
[94.452s][info][gc,start       ] GC(245) Pause Full (G1 Compaction Pause)
[94.452s][info][gc,task        ] GC(245) Using 24 workers of 33 for full compaction
[94.453s][info][gc,phases,start] GC(245) Phase 1: Mark live objects
[94.471s][info][gc,phases      ] GC(245) Phase 1: Mark live objects 17.827ms
[94.471s][info][gc,phases,start] GC(245) Phase 2: Prepare compaction
[94.473s][info][gc,phases      ] GC(245) Phase 2: Prepare compaction 1.211ms
[94.473s][info][gc,phases,start] GC(245) Phase 3: Adjust pointers
[94.475s][info][gc,phases      ] GC(245) Phase 3: Adjust pointers 2.220ms
[94.475s][info][gc,phases,start] GC(245) Phase 4: Compact heap
[94.476s][info][gc,phases      ] GC(245) Phase 4: Compact heap 1.021ms
[94.479s][info][gc,heap        ] GC(245) Eden regions: 0->0(113)
[94.479s][info][gc,heap        ] GC(245) Survivor regions: 0->0(15)
[94.479s][info][gc,heap        ] GC(245) Old regions: 59->59
[94.479s][info][gc,heap        ] GC(245) Archive regions: 0->0
[94.479s][info][gc,heap        ] GC(245) Humongous regions: 800->800
[94.479s][info][gc,metaspace   ] GC(245) Metaspace: 113758K(125568K)->113758K(125568K) NonClass: 97270K(104704K)->97270K(104704K) Class: 16488K(20864K)->16488K(20864K)
[94.479s][info][gc             ] GC(245) Pause Full (G1 Compaction Pause) 851M->851M(1024M) 26.618ms
[94.479s][info][gc,cpu         ] GC(245) User=0.38s Sys=0.00s Real=0.02s
[94.479s][info][gc,marking     ] GC(242) Concurrent Mark From Roots 71.926ms
[94.479s][info][gc,marking     ] GC(242) Concurrent Mark Abort
[94.479s][info][gc             ] GC(242) Concurrent Mark Cycle 78.616ms
[94.497s][info][gc,start       ] GC(246) Pause Young (Concurrent Start) (G1 Humongous Allocation)
[94.497s][info][gc,task        ] GC(246) Using 24 workers of 33 for evacuation
[94.499s][info][gc,phases      ] GC(246)   Pre Evacuate Collection Set: 0.3ms
[94.500s][info][gc,phases      ] GC(246)   Merge Heap Roots: 0.1ms
[94.500s][info][gc,phases      ] GC(246)   Evacuate Collection Set: 1.3ms
[94.500s][info][gc,phases      ] GC(246)   Post Evacuate Collection Set: 0.5ms
[94.500s][info][gc,phases      ] GC(246)   Other: 0.1ms
[94.500s][info][gc,heap        ] GC(246) Eden regions: 4->0(111)
[94.500s][info][gc,heap        ] GC(246) Survivor regions: 0->1(15)
[94.500s][info][gc,heap        ] GC(246) Old regions: 59->59
[94.500s][info][gc,heap        ] GC(246) Archive regions: 0->0
[94.500s][info][gc,heap        ] GC(246) Humongous regions: 800->800
[94.500s][info][gc,metaspace   ] GC(246) Metaspace: 113758K(125568K)->113758K(125568K) NonClass: 97270K(104704K)->97270K(104704K) Class: 16488K(20864K)->16488K(20864K)
[94.500s][info][gc             ] GC(246) Pause Young (Concurrent Start) (G1 Humongous Allocation) 855M->852M(1024M) 2.522ms
[94.500s][info][gc             ] GC(247) Concurrent Mark Cycle
[94.500s][info][gc,cpu         ] GC(246) User=0.00s Sys=0.00s Real=0.00s
[94.500s][info][gc,marking     ] GC(247) Concurrent Scan Root Regions
[94.501s][info][gc,start       ] GC(248) Pause Young (Normal) (G1 Humongous Allocation)
[94.501s][info][gc,task        ] GC(248) Using 24 workers of 33 for evacuation
[94.502s][info][gc,marking     ] GC(247) Concurrent Scan Root Regions 2.152ms
[94.502s][info][gc,marking     ] GC(247) Concurrent Mark
[94.502s][info][gc,marking     ] GC(247) Concurrent Mark From Roots
[94.502s][info][gc,task        ] GC(247) Using 8 workers of 8 for marking
[94.503s][info][gc,phases      ] GC(248)   Pre Evacuate Collection Set: 1.2ms
[94.503s][info][gc,phases      ] GC(248)   Merge Heap Roots: 0.1ms
[94.503s][info][gc,phases      ] GC(248)   Evacuate Collection Set: 0.5ms
[94.503s][info][gc,phases      ] GC(248)   Post Evacuate Collection Set: 0.4ms
[94.503s][info][gc,phases      ] GC(248)   Other: 0.1ms
[94.503s][info][gc,heap        ] GC(248) Eden regions: 2->0(103)
[94.503s][info][gc,heap        ] GC(248) Survivor regions: 1->1(14)
[94.503s][info][gc,heap        ] GC(248) Old regions: 59->59
[94.503s][info][gc,heap        ] GC(248) Archive regions: 0->0
[94.503s][info][gc,heap        ] GC(248) Humongous regions: 808->808
[94.503s][info][gc,metaspace   ] GC(248) Metaspace: 113758K(125568K)->113758K(125568K) NonClass: 97270K(104704K)->97270K(104704K) Class: 16488K(20864K)->16488K(20864K)
[94.503s][info][gc             ] GC(248) Pause Young (Normal) (G1 Humongous Allocation) 861M->860M(1024M) 2.631ms
[94.504s][info][gc,cpu         ] GC(248) User=0.00s Sys=0.00s Real=0.00s
[94.504s][info][gc,ergo        ] Attempting full compaction
[94.504s][info][gc,start       ] GC(249) Pause Full (G1 Compaction Pause)
[94.504s][info][gc,task        ] GC(249) Using 24 workers of 33 for full compaction
[94.505s][info][gc,phases,start] GC(249) Phase 1: Mark live objects
[94.530s][info][gc,phases      ] GC(249) Phase 1: Mark live objects 25.004ms
[94.530s][info][gc,phases,start] GC(249) Phase 2: Prepare compaction
[94.531s][info][gc,phases      ] GC(249) Phase 2: Prepare compaction 1.037ms
[94.531s][info][gc,phases,start] GC(249) Phase 3: Adjust pointers
[94.533s][info][gc,phases      ] GC(249) Phase 3: Adjust pointers 1.686ms
[94.533s][info][gc,phases,start] GC(249) Phase 4: Compact heap
[94.533s][info][gc,phases      ] GC(249) Phase 4: Compact heap 0.277ms
[94.536s][info][gc,heap        ] GC(249) Eden regions: 0->0(139)
[94.536s][info][gc,heap        ] GC(249) Survivor regions: 1->0(14)
[94.536s][info][gc,heap        ] GC(249) Old regions: 59->59
[94.536s][info][gc,heap        ] GC(249) Archive regions: 0->0
[94.536s][info][gc,heap        ] GC(249) Humongous regions: 808->774
[94.536s][info][gc,metaspace   ] GC(249) Metaspace: 113758K(125568K)->113758K(125568K) NonClass: 97270K(104704K)->97270K(104704K) Class: 16488K(20864K)->16488K(20864K)
[94.536s][info][gc             ] GC(249) Pause Full (G1 Compaction Pause) 860M->825M(1024M) 32.521ms
[94.536s][info][gc,cpu         ] GC(249) User=0.75s Sys=0.00s Real=0.03s
[94.536s][info][gc,marking     ] GC(247) Concurrent Mark From Roots 34.257ms
[94.536s][info][gc,marking     ] GC(247) Concurrent Mark Abort
[94.536s][info][gc             ] GC(247) Concurrent Mark Cycle 36.587ms
[94.541s][info][gc,start       ] GC(250) Pause Young (Concurrent Start) (G1 Humongous Allocation)
[94.541s][info][gc,task        ] GC(250) Using 24 workers of 33 for evacuation
[94.543s][info][gc,phases      ] GC(250)   Pre Evacuate Collection Set: 0.3ms
[94.543s][info][gc,phases      ] GC(250)   Merge Heap Roots: 0.1ms
[94.543s][info][gc,phases      ] GC(250)   Evacuate Collection Set: 1.0ms
[94.543s][info][gc,phases      ] GC(250)   Post Evacuate Collection Set: 0.4ms
[94.543s][info][gc,phases      ] GC(250)   Other: 0.1ms
[94.543s][info][gc,heap        ] GC(250) Eden regions: 46->0(130)
[94.543s][info][gc,heap        ] GC(250) Survivor regions: 0->1(18)
[94.543s][info][gc,heap        ] GC(250) Old regions: 59->59
[94.543s][info][gc,heap        ] GC(250) Archive regions: 0->0
[94.543s][info][gc,heap        ] GC(250) Humongous regions: 781->781
[94.543s][info][gc,metaspace   ] GC(250) Metaspace: 113769K(125568K)->113769K(125568K) NonClass: 97277K(104704K)->97277K(104704K) Class: 16492K(20864K)->16492K(20864K)
[94.543s][info][gc             ] GC(250) Pause Young (Concurrent Start) (G1 Humongous Allocation) 878M->833M(1024M) 1.965ms
[94.543s][info][gc             ] GC(251) Concurrent Mark Cycle
[94.543s][info][gc,cpu         ] GC(250) User=0.00s Sys=0.00s Real=0.00s
[94.543s][info][gc,marking     ] GC(251) Concurrent Scan Root Regions
[94.551s][info][gc,marking     ] GC(251) Concurrent Scan Root Regions 7.518ms
[94.551s][info][gc,marking     ] GC(251) Concurrent Mark
[94.551s][info][gc,marking     ] GC(251) Concurrent Mark From Roots
[94.551s][info][gc,task        ] GC(251) Using 8 workers of 8 for marking
[94.565s][info][gc,marking     ] GC(251) Concurrent Mark From Roots 14.547ms
[94.566s][info][gc,marking     ] GC(251) Concurrent Preclean
[94.566s][info][gc,marking     ] GC(251) Concurrent Preclean 0.438ms
[94.566s][info][gc,start       ] GC(251) Pause Remark
[94.568s][info][gc             ] GC(251) Pause Remark 955M->955M(1024M) 1.341ms
[94.568s][info][gc,cpu         ] GC(251) User=0.00s Sys=0.00s Real=0.00s
[94.568s][info][gc,marking     ] GC(251) Concurrent Mark 16.682ms
[94.568s][info][gc,marking     ] GC(251) Concurrent Rebuild Remembered Sets and Scrub Regions
[94.572s][info][gc,marking     ] GC(251) Concurrent Rebuild Remembered Sets and Scrub Regions 4.281ms
[94.572s][info][gc,start       ] GC(251) Pause Cleanup
[94.572s][info][gc             ] GC(251) Pause Cleanup 955M->955M(1024M) 0.388ms
[94.573s][info][gc,cpu         ] GC(251) User=0.00s Sys=0.00s Real=0.00s
[94.573s][info][gc,marking     ] GC(251) Concurrent Clear Claimed Marks
[94.573s][info][gc,marking     ] GC(251) Concurrent Clear Claimed Marks 0.083ms
[94.573s][info][gc,marking     ] GC(251) Concurrent Cleanup for Next Mark
[94.573s][info][gc,marking     ] GC(251) Concurrent Cleanup for Next Mark 0.710ms
[94.573s][info][gc             ] GC(251) Concurrent Mark Cycle 30.106ms
[94.745s][info][gc,start       ] GC(252) Pause Young (Prepare Mixed) (G1 Evacuation Pause)
[94.745s][info][gc,task        ] GC(252) Using 24 workers of 33 for evacuation
[94.748s][info][gc,phases      ] GC(252)   Pre Evacuate Collection Set: 0.2ms
[94.748s][info][gc,phases      ] GC(252)   Merge Heap Roots: 0.6ms
[94.748s][info][gc,phases      ] GC(252)   Evacuate Collection Set: 1.5ms
[94.748s][info][gc,phases      ] GC(252)   Post Evacuate Collection Set: 0.6ms
[94.748s][info][gc,phases      ] GC(252)   Other: 0.1ms
[94.748s][info][gc,heap        ] GC(252) Eden regions: 130->0(95)
[94.748s][info][gc,heap        ] GC(252) Survivor regions: 1->3(17)
[94.748s][info][gc,heap        ] GC(252) Old regions: 59->59
[94.748s][info][gc,heap        ] GC(252) Archive regions: 0->0
[94.748s][info][gc,heap        ] GC(252) Humongous regions: 812->812
[94.748s][info][gc,metaspace   ] GC(252) Metaspace: 113973K(125568K)->113973K(125568K) NonClass: 97442K(104704K)->97442K(104704K) Class: 16531K(20864K)->16531K(20864K)
[94.748s][info][gc             ] GC(252) Pause Young (Prepare Mixed) (G1 Evacuation Pause) 994M->866M(1024M) 3.193ms
[94.748s][info][gc,cpu         ] GC(252) User=0.00s Sys=0.00s Real=0.00s
[94.755s][info][gc,start       ] GC(253) Pause Young (Mixed) (G1 Evacuation Pause)
[94.755s][info][gc,task        ] GC(253) Using 24 workers of 33 for evacuation
[94.758s][info][gc,phases      ] GC(253)   Pre Evacuate Collection Set: 0.2ms
[94.758s][info][gc,phases      ] GC(253)   Merge Heap Roots: 0.1ms
[94.758s][info][gc,phases      ] GC(253)   Evacuate Collection Set: 1.4ms
[94.758s][info][gc,phases      ] GC(253)   Post Evacuate Collection Set: 0.8ms
[94.758s][info][gc,phases      ] GC(253)   Other: 0.1ms
[94.758s][info][gc,heap        ] GC(253) Eden regions: 95->0(96)
[94.758s][info][gc,heap        ] GC(253) Survivor regions: 3->3(13)
[94.758s][info][gc,heap        ] GC(253) Old regions: 59->58
[94.758s][info][gc,heap        ] GC(253) Archive regions: 0->0
[94.758s][info][gc,heap        ] GC(253) Humongous regions: 812->812
[94.758s][info][gc,metaspace   ] GC(253) Metaspace: 113978K(125568K)->113978K(125568K) NonClass: 97445K(104704K)->97445K(104704K) Class: 16533K(20864K)->16533K(20864K)
[94.758s][info][gc             ] GC(253) Pause Young (Mixed) (G1 Evacuation Pause) 961M->866M(1024M) 2.744ms
[94.758s][info][gc,cpu         ] GC(253) User=0.00s Sys=0.00s Real=0.00s
[94.759s][info][gc,start       ] GC(254) Pause Young (Concurrent Start) (G1 Humongous Allocation)
[94.759s][info][gc,task        ] GC(254) Using 24 workers of 33 for evacuation
[94.762s][info][gc,phases      ] GC(254)   Pre Evacuate Collection Set: 0.3ms
[94.762s][info][gc,phases      ] GC(254)   Merge Heap Roots: 0.1ms
[94.762s][info][gc,phases      ] GC(254)   Evacuate Collection Set: 1.5ms
[94.762s][info][gc,phases      ] GC(254)   Post Evacuate Collection Set: 0.5ms
[94.762s][info][gc,phases      ] GC(254)   Other: 0.0ms
[94.762s][info][gc,heap        ] GC(254) Eden regions: 2->0(96)
[94.762s][info][gc,heap        ] GC(254) Survivor regions: 3->3(13)
[94.762s][info][gc,heap        ] GC(254) Old regions: 58->58
[94.762s][info][gc,heap        ] GC(254) Archive regions: 0->0
[94.762s][info][gc,heap        ] GC(254) Humongous regions: 812->812
[94.762s][info][gc,metaspace   ] GC(254) Metaspace: 113993K(125568K)->113993K(125568K) NonClass: 97459K(104704K)->97459K(104704K) Class: 16534K(20864K)->16534K(20864K)
[94.762s][info][gc             ] GC(254) Pause Young (Concurrent Start) (G1 Humongous Allocation) 868M->866M(1024M) 2.563ms
[94.762s][info][gc             ] GC(255) Concurrent Mark Cycle
[94.762s][info][gc,cpu         ] GC(254) User=0.00s Sys=0.00s Real=0.00s
[94.762s][info][gc,marking     ] GC(255) Concurrent Scan Root Regions
[94.765s][info][gc,marking     ] GC(255) Concurrent Scan Root Regions 3.058ms
[94.765s][info][gc,marking     ] GC(255) Concurrent Mark
[94.765s][info][gc,marking     ] GC(255) Concurrent Mark From Roots
[94.765s][info][gc,task        ] GC(255) Using 8 workers of 8 for marking
[94.765s][info][gc,start       ] GC(256) Pause Young (Normal) (G1 Humongous Allocation)
[94.765s][info][gc,task        ] GC(256) Using 24 workers of 33 for evacuation
[94.767s][info][gc,phases      ] GC(256)   Pre Evacuate Collection Set: 0.2ms
[94.767s][info][gc,phases      ] GC(256)   Merge Heap Roots: 0.1ms
[94.768s][info][gc,phases      ] GC(256)   Evacuate Collection Set: 1.2ms
[94.768s][info][gc,phases      ] GC(256)   Post Evacuate Collection Set: 0.5ms
[94.768s][info][gc,phases      ] GC(256)   Other: 0.1ms
[94.768s][info][gc,heap        ] GC(256) Eden regions: 9->0(87)
[94.768s][info][gc,heap        ] GC(256) Survivor regions: 3->4(13)
[94.768s][info][gc,heap        ] GC(256) Old regions: 58->58
[94.768s][info][gc,heap        ] GC(256) Archive regions: 0->0
[94.768s][info][gc,heap        ] GC(256) Humongous regions: 819->819
[94.768s][info][gc,metaspace   ] GC(256) Metaspace: 113993K(125568K)->113993K(125568K) NonClass: 97459K(104704K)->97459K(104704K) Class: 16534K(20864K)->16534K(20864K)
[94.768s][info][gc             ] GC(256) Pause Young (Normal) (G1 Humongous Allocation) 882M->873M(1024M) 2.524ms
[94.768s][info][gc,cpu         ] GC(256) User=0.00s Sys=0.00s Real=0.00s
[94.770s][info][gc,start       ] GC(257) Pause Young (Normal) (G1 Humongous Allocation)
[94.770s][info][gc,task        ] GC(257) Using 24 workers of 33 for evacuation
[94.772s][info][gc,phases      ] GC(257)   Pre Evacuate Collection Set: 0.2ms
[94.772s][info][gc,phases      ] GC(257)   Merge Heap Roots: 0.1ms
[94.772s][info][gc,phases      ] GC(257)   Evacuate Collection Set: 0.8ms
[94.772s][info][gc,phases      ] GC(257)   Post Evacuate Collection Set: 0.5ms
[94.772s][info][gc,phases      ] GC(257)   Other: 0.1ms
[94.772s][info][gc,heap        ] GC(257) Eden regions: 11->0(82)
[94.772s][info][gc,heap        ] GC(257) Survivor regions: 4->3(12)
[94.772s][info][gc,heap        ] GC(257) Old regions: 58->58
[94.772s][info][gc,heap        ] GC(257) Archive regions: 0->0
[94.772s][info][gc,heap        ] GC(257) Humongous regions: 826->826
[94.772s][info][gc,metaspace   ] GC(257) Metaspace: 113993K(125568K)->113993K(125568K) NonClass: 97459K(104704K)->97459K(104704K) Class: 16534K(20864K)->16534K(20864K)
[94.772s][info][gc             ] GC(257) Pause Young (Normal) (G1 Humongous Allocation) 891M->880M(1024M) 1.827ms
[94.772s][info][gc,cpu         ] GC(257) User=0.00s Sys=0.00s Real=0.00s
[94.772s][info][gc,ergo        ] Attempting full compaction
[94.772s][info][gc,start       ] GC(258) Pause Full (G1 Compaction Pause)
[94.772s][info][gc,task        ] GC(258) Using 24 workers of 33 for full compaction
[94.773s][info][gc,phases,start] GC(258) Phase 1: Mark live objects
[94.799s][info][gc,phases      ] GC(258) Phase 1: Mark live objects 26.332ms
[94.799s][info][gc,phases,start] GC(258) Phase 2: Prepare compaction
[94.801s][info][gc,phases      ] GC(258) Phase 2: Prepare compaction 1.483ms
[94.801s][info][gc,phases,start] GC(258) Phase 3: Adjust pointers
[94.803s][info][gc,phases      ] GC(258) Phase 3: Adjust pointers 2.110ms
[94.803s][info][gc,phases,start] GC(258) Phase 4: Compact heap
[94.804s][info][gc,phases      ] GC(258) Phase 4: Compact heap 0.527ms
[94.808s][info][gc,heap        ] GC(258) Eden regions: 0->0(127)
[94.808s][info][gc,heap        ] GC(258) Survivor regions: 3->0(12)
[94.808s][info][gc,heap        ] GC(258) Old regions: 58->61
[94.808s][info][gc,heap        ] GC(258) Archive regions: 0->0
[94.808s][info][gc,heap        ] GC(258) Humongous regions: 826->784
[94.808s][info][gc,metaspace   ] GC(258) Metaspace: 113993K(125568K)->113993K(125568K) NonClass: 97459K(104704K)->97459K(104704K) Class: 16534K(20864K)->16534K(20864K)
[94.808s][info][gc             ] GC(258) Pause Full (G1 Compaction Pause) 880M->836M(1024M) 35.952ms
[94.808s][info][gc,cpu         ] GC(258) User=0.73s Sys=0.03s Real=0.04s
[94.808s][info][gc,marking     ] GC(255) Concurrent Mark From Roots 42.939ms
[94.808s][info][gc,marking     ] GC(255) Concurrent Mark Abort
[94.808s][info][gc             ] GC(255) Concurrent Mark Cycle 46.203ms
[94.809s][info][gc,start       ] GC(259) Pause Young (Concurrent Start) (G1 Humongous Allocation)
[94.809s][info][gc,task        ] GC(259) Using 24 workers of 33 for evacuation
[94.811s][info][gc,phases      ] GC(259)   Pre Evacuate Collection Set: 0.3ms
[94.811s][info][gc,phases      ] GC(259)   Merge Heap Roots: 0.0ms
[94.811s][info][gc,phases      ] GC(259)   Evacuate Collection Set: 1.1ms
[94.811s][info][gc,phases      ] GC(259)   Post Evacuate Collection Set: 0.4ms
[94.811s][info][gc,phases      ] GC(259)   Other: 0.1ms
[94.811s][info][gc,heap        ] GC(259) Eden regions: 4->0(110)
[94.811s][info][gc,heap        ] GC(259) Survivor regions: 0->1(16)
[94.811s][info][gc,heap        ] GC(259) Old regions: 61->61
[94.811s][info][gc,heap        ] GC(259) Archive regions: 0->0
[94.811s][info][gc,heap        ] GC(259) Humongous regions: 799->799
[94.811s][info][gc,metaspace   ] GC(259) Metaspace: 113994K(125568K)->113994K(125568K) NonClass: 97459K(104704K)->97459K(104704K) Class: 16534K(20864K)->16534K(20864K)
[94.811s][info][gc             ] GC(259) Pause Young (Concurrent Start) (G1 Humongous Allocation) 855M->851M(1024M) 2.028ms
[94.811s][info][gc             ] GC(260) Concurrent Mark Cycle
[94.811s][info][gc,cpu         ] GC(259) User=0.00s Sys=0.00s Real=0.00s
[94.811s][info][gc,marking     ] GC(260) Concurrent Scan Root Regions
[94.815s][info][gc,marking     ] GC(260) Concurrent Scan Root Regions 3.609ms
[94.815s][info][gc,marking     ] GC(260) Concurrent Mark
[94.815s][info][gc,marking     ] GC(260) Concurrent Mark From Roots
[94.815s][info][gc,task        ] GC(260) Using 8 workers of 8 for marking
[94.829s][info][gc,marking     ] GC(260) Concurrent Mark From Roots 14.190ms
[94.829s][info][gc,marking     ] GC(260) Concurrent Preclean
[94.830s][info][gc,marking     ] GC(260) Concurrent Preclean 0.471ms
[94.830s][info][gc,start       ] GC(260) Pause Remark
[94.831s][info][gc             ] GC(260) Pause Remark 903M->895M(1024M) 1.199ms
[94.831s][info][gc,cpu         ] GC(260) User=0.00s Sys=0.00s Real=0.00s
[94.831s][info][gc,marking     ] GC(260) Concurrent Mark 16.195ms
[94.831s][info][gc,marking     ] GC(260) Concurrent Rebuild Remembered Sets and Scrub Regions
[94.835s][info][gc,marking     ] GC(260) Concurrent Rebuild Remembered Sets and Scrub Regions 4.293ms
[94.836s][info][gc,start       ] GC(260) Pause Cleanup
[94.836s][info][gc             ] GC(260) Pause Cleanup 895M->895M(1024M) 0.415ms
[94.836s][info][gc,cpu         ] GC(260) User=0.00s Sys=0.00s Real=0.00s
[94.836s][info][gc,marking     ] GC(260) Concurrent Clear Claimed Marks
[94.836s][info][gc,marking     ] GC(260) Concurrent Clear Claimed Marks 0.100ms
[94.836s][info][gc,marking     ] GC(260) Concurrent Cleanup for Next Mark
[94.837s][info][gc,marking     ] GC(260) Concurrent Cleanup for Next Mark 0.773ms
[94.837s][info][gc             ] GC(260) Concurrent Mark Cycle 25.884ms
[94.966s][info][gc,start       ] GC(261) Pause Young (Prepare Mixed) (G1 Evacuation Pause)
[94.966s][info][gc,task        ] GC(261) Using 24 workers of 33 for evacuation
[94.970s][info][gc,phases      ] GC(261)   Pre Evacuate Collection Set: 0.2ms
[94.970s][info][gc,phases      ] GC(261)   Merge Heap Roots: 0.5ms
[94.970s][info][gc,phases      ] GC(261)   Evacuate Collection Set: 1.8ms
[94.970s][info][gc,phases      ] GC(261)   Post Evacuate Collection Set: 0.6ms
[94.970s][info][gc,phases      ] GC(261)   Other: 0.1ms
[94.970s][info][gc,heap        ] GC(261) Eden regions: 110->0(73)
[94.970s][info][gc,heap        ] GC(261) Survivor regions: 1->4(14)
[94.970s][info][gc,heap        ] GC(261) Old regions: 61->61
[94.970s][info][gc,heap        ] GC(261) Archive regions: 0->0
[94.970s][info][gc,heap        ] GC(261) Humongous regions: 830->830
[94.970s][info][gc,metaspace   ] GC(261) Metaspace: 114988K(125632K)->114988K(125632K) NonClass: 98259K(104768K)->98259K(104768K) Class: 16729K(20864K)->16729K(20864K)
[94.970s][info][gc             ] GC(261) Pause Young (Prepare Mixed) (G1 Evacuation Pause) 992M->885M(1024M) 3.433ms
[94.970s][info][gc,cpu         ] GC(261) User=0.00s Sys=0.00s Real=0.00s
[94.975s][info][gc,start       ] GC(262) Pause Young (Mixed) (G1 Evacuation Pause)
[94.975s][info][gc,task        ] GC(262) Using 24 workers of 33 for evacuation
[94.978s][info][gc,phases      ] GC(262)   Pre Evacuate Collection Set: 0.2ms
[94.978s][info][gc,phases      ] GC(262)   Merge Heap Roots: 0.1ms
[94.978s][info][gc,phases      ] GC(262)   Evacuate Collection Set: 1.4ms
[94.978s][info][gc,phases      ] GC(262)   Post Evacuate Collection Set: 0.5ms
[94.978s][info][gc,phases      ] GC(262)   Other: 0.5ms
[94.978s][info][gc,heap        ] GC(262) Eden regions: 73->0(72)
[94.978s][info][gc,heap        ] GC(262) Survivor regions: 4->5(10)
[94.978s][info][gc,heap        ] GC(262) Old regions: 61->60
[94.978s][info][gc,heap        ] GC(262) Archive regions: 0->0
[94.978s][info][gc,heap        ] GC(262) Humongous regions: 830->830
[94.978s][info][gc,metaspace   ] GC(262) Metaspace: 114991K(125632K)->114991K(125632K) NonClass: 98261K(104768K)->98261K(104768K) Class: 16730K(20864K)->16730K(20864K)
[94.978s][info][gc             ] GC(262) Pause Young (Mixed) (G1 Evacuation Pause) 958M->887M(1024M) 2.847ms
[94.978s][info][gc,cpu         ] GC(262) User=0.08s Sys=0.03s Real=0.00s
[94.981s][info][gc,start       ] GC(263) Pause Young (Concurrent Start) (G1 Humongous Allocation)
[94.981s][info][gc,task        ] GC(263) Using 24 workers of 33 for evacuation
[94.984s][info][gc,phases      ] GC(263)   Pre Evacuate Collection Set: 0.3ms
[94.984s][info][gc,phases      ] GC(263)   Merge Heap Roots: 0.1ms
[94.984s][info][gc,phases      ] GC(263)   Evacuate Collection Set: 1.7ms
[94.984s][info][gc,phases      ] GC(263)   Post Evacuate Collection Set: 0.5ms
[94.984s][info][gc,phases      ] GC(263)   Other: 0.1ms
[94.984s][info][gc,heap        ] GC(263) Eden regions: 34->0(63)
[94.984s][info][gc,heap        ] GC(263) Survivor regions: 5->6(10)
[94.984s][info][gc,heap        ] GC(263) Old regions: 60->60
[94.984s][info][gc,heap        ] GC(263) Archive regions: 0->0
[94.984s][info][gc,heap        ] GC(263) Humongous regions: 837->837
[94.984s][info][gc,metaspace   ] GC(263) Metaspace: 114997K(125632K)->114997K(125632K) NonClass: 98265K(104768K)->98265K(104768K) Class: 16732K(20864K)->16732K(20864K)
[94.984s][info][gc             ] GC(263) Pause Young (Concurrent Start) (G1 Humongous Allocation) 928M->895M(1024M) 2.897ms
[94.984s][info][gc             ] GC(264) Concurrent Mark Cycle
[94.984s][info][gc,cpu         ] GC(263) User=0.00s Sys=0.00s Real=0.00s
[94.984s][info][gc,marking     ] GC(264) Concurrent Scan Root Regions
[94.989s][info][gc,start       ] GC(265) Pause Young (Normal) (G1 Evacuation Pause)
[94.989s][info][gc,task        ] GC(265) Using 24 workers of 33 for evacuation
[94.990s][info][gc,marking     ] GC(264) Concurrent Scan Root Regions 6.371ms
[94.990s][info][gc,marking     ] GC(264) Concurrent Mark
[94.991s][info][gc,marking     ] GC(264) Concurrent Mark From Roots
[94.991s][info][gc,task        ] GC(264) Using 8 workers of 8 for marking
[94.993s][info][gc,phases      ] GC(265)   Pre Evacuate Collection Set: 1.4ms
[94.993s][info][gc,phases      ] GC(265)   Merge Heap Roots: 0.1ms
[94.993s][info][gc,phases      ] GC(265)   Evacuate Collection Set: 1.4ms
[94.993s][info][gc,phases      ] GC(265)   Post Evacuate Collection Set: 0.5ms
[94.993s][info][gc,phases      ] GC(265)   Other: 0.1ms
[94.993s][info][gc,heap        ] GC(265) Eden regions: 63->0(62)
[94.993s][info][gc,heap        ] GC(265) Survivor regions: 6->3(9)
[94.993s][info][gc,heap        ] GC(265) Old regions: 60->62
[94.993s][info][gc,heap        ] GC(265) Archive regions: 0->0
[94.993s][info][gc,heap        ] GC(265) Humongous regions: 842->842
[94.993s][info][gc,metaspace   ] GC(265) Metaspace: 115000K(125632K)->115000K(125632K) NonClass: 98266K(104768K)->98266K(104768K) Class: 16733K(20864K)->16733K(20864K)
[94.993s][info][gc             ] GC(265) Pause Young (Normal) (G1 Evacuation Pause) 963M->899M(1024M) 3.724ms
[94.993s][info][gc,cpu         ] GC(265) User=0.00s Sys=0.00s Real=0.00s
[94.997s][info][gc,start       ] GC(266) Pause Young (Normal) (G1 Humongous Allocation)
[94.997s][info][gc,task        ] GC(266) Using 24 workers of 33 for evacuation
[94.998s][info][gc,phases      ] GC(266)   Pre Evacuate Collection Set: 0.1ms
[94.998s][info][gc,phases      ] GC(266)   Merge Heap Roots: 0.1ms
[94.998s][info][gc,phases      ] GC(266)   Evacuate Collection Set: 0.7ms
[94.998s][info][gc,phases      ] GC(266)   Post Evacuate Collection Set: 0.4ms
[94.998s][info][gc,phases      ] GC(266)   Other: 0.1ms
[94.998s][info][gc,heap        ] GC(266) Eden regions: 42->0(60)
[94.998s][info][gc,heap        ] GC(266) Survivor regions: 3->4(9)
[94.998s][info][gc,heap        ] GC(266) Old regions: 62->62
[94.998s][info][gc,heap        ] GC(266) Archive regions: 0->0
[94.998s][info][gc,heap        ] GC(266) Humongous regions: 842->842
[94.998s][info][gc,metaspace   ] GC(266) Metaspace: 115001K(125632K)->115001K(125632K) NonClass: 98267K(104768K)->98267K(104768K) Class: 16733K(20864K)->16733K(20864K)
[94.998s][info][gc             ] GC(266) Pause Young (Normal) (G1 Humongous Allocation) 941M->900M(1024M) 1.599ms
[94.998s][info][gc,cpu         ] GC(266) User=0.00s Sys=0.00s Real=0.00s
[95.004s][info][gc,start       ] GC(267) Pause Young (Normal) (G1 Evacuation Pause)
[95.004s][info][gc,task        ] GC(267) Using 24 workers of 33 for evacuation
[95.006s][info][gc,phases      ] GC(267)   Pre Evacuate Collection Set: 0.2ms
[95.006s][info][gc,phases      ] GC(267)   Merge Heap Roots: 0.1ms
[95.006s][info][gc,phases      ] GC(267)   Evacuate Collection Set: 1.1ms
[95.006s][info][gc,phases      ] GC(267)   Post Evacuate Collection Set: 0.4ms
[95.006s][info][gc,phases      ] GC(267)   Other: 0.1ms
[95.006s][info][gc,heap        ] GC(267) Eden regions: 60->0(46)
[95.006s][info][gc,heap        ] GC(267) Survivor regions: 4->5(8)
[95.006s][info][gc,heap        ] GC(267) Old regions: 62->62
[95.006s][info][gc,heap        ] GC(267) Archive regions: 0->0
[95.006s][info][gc,heap        ] GC(267) Humongous regions: 857->857
[95.006s][info][gc,metaspace   ] GC(267) Metaspace: 115003K(125632K)->115003K(125632K) NonClass: 98269K(104768K)->98269K(104768K) Class: 16733K(20864K)->16733K(20864K)
[95.006s][info][gc             ] GC(267) Pause Young (Normal) (G1 Evacuation Pause) 975M->916M(1024M) 2.073ms
[95.006s][info][gc,cpu         ] GC(267) User=0.00s Sys=0.00s Real=0.00s
[95.010s][info][gc,start       ] GC(268) Pause Young (Normal) (G1 Humongous Allocation)
[95.010s][info][gc,task        ] GC(268) Using 24 workers of 33 for evacuation
[95.011s][info][gc,phases      ] GC(268)   Pre Evacuate Collection Set: 0.2ms
[95.011s][info][gc,phases      ] GC(268)   Merge Heap Roots: 0.1ms
[95.011s][info][gc,phases      ] GC(268)   Evacuate Collection Set: 0.9ms
[95.011s][info][gc,phases      ] GC(268)   Post Evacuate Collection Set: 0.4ms
[95.012s][info][gc,phases      ] GC(268)   Other: 0.1ms
[95.012s][info][gc,heap        ] GC(268) Eden regions: 42->0(48)
[95.012s][info][gc,heap        ] GC(268) Survivor regions: 5->3(7)
[95.012s][info][gc,heap        ] GC(268) Old regions: 62->64
[95.012s][info][gc,heap        ] GC(268) Archive regions: 0->0
[95.012s][info][gc,heap        ] GC(268) Humongous regions: 863->863
[95.012s][info][gc,metaspace   ] GC(268) Metaspace: 115007K(125632K)->115007K(125632K) NonClass: 98272K(104768K)->98272K(104768K) Class: 16734K(20864K)->16734K(20864K)
[95.012s][info][gc             ] GC(268) Pause Young (Normal) (G1 Humongous Allocation) 964M->922M(1024M) 1.850ms
[95.012s][info][gc,cpu         ] GC(268) User=0.00s Sys=0.00s Real=0.00s
[95.012s][info][gc,ergo        ] Attempting full compaction
[95.012s][info][gc,start       ] GC(269) Pause Full (G1 Compaction Pause)
[95.012s][info][gc,task        ] GC(269) Using 24 workers of 33 for full compaction
[95.013s][info][gc,phases,start] GC(269) Phase 1: Mark live objects
[95.045s][info][gc,phases      ] GC(269) Phase 1: Mark live objects 32.074ms
[95.045s][info][gc,phases,start] GC(269) Phase 2: Prepare compaction
[95.047s][info][gc,phases      ] GC(269) Phase 2: Prepare compaction 1.721ms
[95.047s][info][gc,phases,start] GC(269) Phase 3: Adjust pointers
[95.050s][info][gc,phases      ] GC(269) Phase 3: Adjust pointers 3.108ms
[95.050s][info][gc,phases,start] GC(269) Phase 4: Compact heap
[95.051s][info][gc,phases      ] GC(269) Phase 4: Compact heap 0.899ms
[95.056s][info][gc,heap        ] GC(269) Eden regions: 0->0(132)
[95.056s][info][gc,heap        ] GC(269) Survivor regions: 3->0(7)
[95.056s][info][gc,heap        ] GC(269) Old regions: 64->66
[95.056s][info][gc,heap        ] GC(269) Archive regions: 0->0
[95.056s][info][gc,heap        ] GC(269) Humongous regions: 863->774
[95.056s][info][gc,metaspace   ] GC(269) Metaspace: 115007K(125632K)->114815K(125632K) NonClass: 98272K(104768K)->98111K(104768K) Class: 16734K(20864K)->16704K(20864K)
[95.056s][info][gc             ] GC(269) Pause Full (G1 Compaction Pause) 922M->829M(1024M) 44.214ms
[95.056s][info][gc,cpu         ] GC(269) User=0.91s Sys=0.02s Real=0.04s
[95.056s][info][gc,marking     ] GC(264) Concurrent Mark From Roots 65.526ms
[95.056s][info][gc,marking     ] GC(264) Concurrent Mark Abort
[95.056s][info][gc             ] GC(264) Concurrent Mark Cycle 72.017ms
[95.059s][info][gc,start       ] GC(270) Pause Young (Concurrent Start) (G1 Humongous Allocation)
[95.059s][info][gc,task        ] GC(270) Using 24 workers of 33 for evacuation
[95.061s][info][gc,phases      ] GC(270)   Pre Evacuate Collection Set: 0.3ms
[95.061s][info][gc,phases      ] GC(270)   Merge Heap Roots: 0.1ms
[95.061s][info][gc,phases      ] GC(270)   Evacuate Collection Set: 1.2ms
[95.061s][info][gc,phases      ] GC(270)   Post Evacuate Collection Set: 0.5ms
[95.061s][info][gc,phases      ] GC(270)   Other: 0.1ms
[95.061s][info][gc,heap        ] GC(270) Eden regions: 23->0(123)
[95.061s][info][gc,heap        ] GC(270) Survivor regions: 0->1(17)
[95.061s][info][gc,heap        ] GC(270) Old regions: 66->66
[95.061s][info][gc,heap        ] GC(270) Archive regions: 0->0
[95.061s][info][gc,heap        ] GC(270) Humongous regions: 781->781
[95.061s][info][gc,metaspace   ] GC(270) Metaspace: 114815K(125632K)->114815K(125632K) NonClass: 98111K(104768K)->98111K(104768K) Class: 16704K(20864K)->16704K(20864K)
[95.061s][info][gc             ] GC(270) Pause Young (Concurrent Start) (G1 Humongous Allocation) 859M->836M(1024M) 2.414ms
[95.061s][info][gc             ] GC(271) Concurrent Mark Cycle
[95.061s][info][gc,cpu         ] GC(270) User=0.00s Sys=0.00s Real=0.00s
[95.061s][info][gc,marking     ] GC(271) Concurrent Scan Root Regions
[95.074s][info][gc,marking     ] GC(271) Concurrent Scan Root Regions 12.684ms
[95.074s][info][gc,marking     ] GC(271) Concurrent Mark
[95.074s][info][gc,marking     ] GC(271) Concurrent Mark From Roots
[95.074s][info][gc,task        ] GC(271) Using 8 workers of 8 for marking
[95.074s][info][gc,start       ] GC(272) Pause Young (Normal) (G1 Evacuation Pause)
[95.074s][info][gc,task        ] GC(272) Using 24 workers of 33 for evacuation
[95.076s][info][gc,phases      ] GC(272)   Pre Evacuate Collection Set: 0.1ms
[95.076s][info][gc,phases      ] GC(272)   Merge Heap Roots: 0.1ms
[95.076s][info][gc,phases      ] GC(272)   Evacuate Collection Set: 0.9ms
[95.076s][info][gc,phases      ] GC(272)   Post Evacuate Collection Set: 0.5ms
[95.076s][info][gc,phases      ] GC(272)   Other: 0.1ms
[95.076s][info][gc,heap        ] GC(272) Eden regions: 123->0(88)
[95.076s][info][gc,heap        ] GC(272) Survivor regions: 1->2(16)
[95.076s][info][gc,heap        ] GC(272) Old regions: 66->66
[95.076s][info][gc,heap        ] GC(272) Archive regions: 0->0
[95.076s][info][gc,heap        ] GC(272) Humongous regions: 814->814
[95.076s][info][gc,metaspace   ] GC(272) Metaspace: 114816K(125632K)->114816K(125632K) NonClass: 98111K(104768K)->98111K(104768K) Class: 16705K(20864K)->16705K(20864K)
[95.076s][info][gc             ] GC(272) Pause Young (Normal) (G1 Evacuation Pause) 992M->870M(1024M) 1.944ms
[95.076s][info][gc,cpu         ] GC(272) User=0.00s Sys=0.00s Real=0.00s
[95.085s][info][gc,start       ] GC(273) Pause Young (Normal) (G1 Evacuation Pause)
[95.086s][info][gc,task        ] GC(273) Using 24 workers of 33 for evacuation
[95.087s][info][gc,phases      ] GC(273)   Pre Evacuate Collection Set: 0.2ms
[95.087s][info][gc,phases      ] GC(273)   Merge Heap Roots: 0.1ms
[95.087s][info][gc,phases      ] GC(273)   Evacuate Collection Set: 0.6ms
[95.087s][info][gc,phases      ] GC(273)   Post Evacuate Collection Set: 0.5ms
[95.087s][info][gc,phases      ] GC(273)   Other: 0.1ms
[95.087s][info][gc,heap        ] GC(273) Eden regions: 88->0(73)
[95.087s][info][gc,heap        ] GC(273) Survivor regions: 2->2(12)
[95.087s][info][gc,heap        ] GC(273) Old regions: 66->66
[95.087s][info][gc,heap        ] GC(273) Archive regions: 0->0
[95.087s][info][gc,heap        ] GC(273) Humongous regions: 829->829
[95.087s][info][gc,metaspace   ] GC(273) Metaspace: 114816K(125632K)->114816K(125632K) NonClass: 98111K(104768K)->98111K(104768K) Class: 16705K(20864K)->16705K(20864K)
[95.087s][info][gc             ] GC(273) Pause Young (Normal) (G1 Evacuation Pause) 973M->885M(1024M) 1.633ms
[95.087s][info][gc,cpu         ] GC(273) User=0.00s Sys=0.00s Real=0.00s
[95.096s][info][gc,start       ] GC(274) Pause Young (Normal) (G1 Evacuation Pause)
[95.096s][info][gc,task        ] GC(274) Using 24 workers of 33 for evacuation
[95.098s][info][gc,phases      ] GC(274)   Pre Evacuate Collection Set: 0.1ms
[95.098s][info][gc,phases      ] GC(274)   Merge Heap Roots: 0.1ms
[95.098s][info][gc,phases      ] GC(274)   Evacuate Collection Set: 0.8ms
[95.098s][info][gc,phases      ] GC(274)   Post Evacuate Collection Set: 0.4ms
[95.098s][info][gc,phases      ] GC(274)   Other: 0.1ms
[95.098s][info][gc,heap        ] GC(274) Eden regions: 73->0(55)
[95.098s][info][gc,heap        ] GC(274) Survivor regions: 2->3(10)
[95.098s][info][gc,heap        ] GC(274) Old regions: 66->66
[95.098s][info][gc,heap        ] GC(274) Archive regions: 0->0
[95.098s][info][gc,heap        ] GC(274) Humongous regions: 845->845
[95.098s][info][gc,metaspace   ] GC(274) Metaspace: 114819K(125632K)->114819K(125632K) NonClass: 98112K(104768K)->98112K(104768K) Class: 16706K(20864K)->16706K(20864K)
[95.098s][info][gc             ] GC(274) Pause Young (Normal) (G1 Evacuation Pause) 974M->902M(1024M) 1.750ms
[95.098s][info][gc,cpu         ] GC(274) User=0.00s Sys=0.00s Real=0.00s
[95.105s][info][gc,start       ] GC(275) Pause Young (Normal) (G1 Evacuation Pause)
[95.105s][info][gc,task        ] GC(275) Using 24 workers of 33 for evacuation
[95.107s][info][gc,phases      ] GC(275)   Pre Evacuate Collection Set: 0.1ms
[95.107s][info][gc,phases      ] GC(275)   Merge Heap Roots: 0.1ms
[95.107s][info][gc,phases      ] GC(275)   Evacuate Collection Set: 0.8ms
[95.107s][info][gc,phases      ] GC(275)   Post Evacuate Collection Set: 0.4ms
[95.107s][info][gc,phases      ] GC(275)   Other: 0.1ms
[95.107s][info][gc,heap        ] GC(275) Eden regions: 55->0(47)
[95.107s][info][gc,heap        ] GC(275) Survivor regions: 3->4(8)
[95.107s][info][gc,heap        ] GC(275) Old regions: 66->66
[95.107s][info][gc,heap        ] GC(275) Archive regions: 0->0
[95.107s][info][gc,heap        ] GC(275) Humongous regions: 856->856
[95.107s][info][gc,metaspace   ] GC(275) Metaspace: 114819K(125632K)->114819K(125632K) NonClass: 98113K(104768K)->98113K(104768K) Class: 16706K(20864K)->16706K(20864K)
[95.107s][info][gc             ] GC(275) Pause Young (Normal) (G1 Evacuation Pause) 968M->914M(1024M) 1.728ms
[95.107s][info][gc,cpu         ] GC(275) User=0.00s Sys=0.00s Real=0.00s
[95.112s][info][gc,start       ] GC(276) Pause Young (Normal) (G1 Evacuation Pause)
[95.112s][info][gc,task        ] GC(276) Using 24 workers of 33 for evacuation
[95.114s][info][gc,phases      ] GC(276)   Pre Evacuate Collection Set: 0.1ms
[95.114s][info][gc,phases      ] GC(276)   Merge Heap Roots: 0.1ms
[95.114s][info][gc,phases      ] GC(276)   Evacuate Collection Set: 0.7ms
[95.114s][info][gc,phases      ] GC(276)   Post Evacuate Collection Set: 0.4ms
[95.114s][info][gc,phases      ] GC(276)   Other: 0.1ms
[95.114s][info][gc,heap        ] GC(276) Eden regions: 47->0(47)
[95.114s][info][gc,heap        ] GC(276) Survivor regions: 4->4(7)
[95.114s][info][gc,heap        ] GC(276) Old regions: 66->66
[95.114s][info][gc,heap        ] GC(276) Archive regions: 0->0
[95.114s][info][gc,heap        ] GC(276) Humongous regions: 864->864
[95.114s][info][gc,metaspace   ] GC(276) Metaspace: 114822K(125632K)->114822K(125632K) NonClass: 98115K(104768K)->98115K(104768K) Class: 16707K(20864K)->16707K(20864K)
[95.114s][info][gc             ] GC(276) Pause Young (Normal) (G1 Evacuation Pause) 969M->922M(1024M) 1.584ms
[95.114s][info][gc,cpu         ] GC(276) User=0.00s Sys=0.00s Real=0.00s
[95.120s][info][gc,start       ] GC(277) Pause Young (Normal) (G1 Evacuation Pause)
[95.120s][info][gc,task        ] GC(277) Using 24 workers of 33 for evacuation
[95.122s][info][gc,phases      ] GC(277)   Pre Evacuate Collection Set: 0.1ms
[95.122s][info][gc,phases      ] GC(277)   Merge Heap Roots: 0.1ms
[95.122s][info][gc,phases      ] GC(277)   Evacuate Collection Set: 0.7ms
[95.122s][info][gc,phases      ] GC(277)   Post Evacuate Collection Set: 0.4ms
[95.122s][info][gc,phases      ] GC(277)   Other: 0.1ms
[95.122s][info][gc,heap        ] GC(277) Eden regions: 47->0(47)
[95.122s][info][gc,heap        ] GC(277) Survivor regions: 4->4(7)
[95.122s][info][gc,heap        ] GC(277) Old regions: 66->66
[95.122s][info][gc,heap        ] GC(277) Archive regions: 0->0
[95.122s][info][gc,heap        ] GC(277) Humongous regions: 873->873
[95.122s][info][gc,metaspace   ] GC(277) Metaspace: 114823K(125632K)->114823K(125632K) NonClass: 98115K(104768K)->98115K(104768K) Class: 16707K(20864K)->16707K(20864K)
[95.122s][info][gc             ] GC(277) Pause Young (Normal) (G1 Evacuation Pause) 978M->931M(1024M) 1.619ms
[95.122s][info][gc,cpu         ] GC(277) User=0.00s Sys=0.00s Real=0.00s
[95.125s][info][gc,start       ] GC(278) Pause Young (Normal) (G1 Humongous Allocation)
[95.126s][info][gc,task        ] GC(278) Using 24 workers of 33 for evacuation
[95.127s][info][gc,phases      ] GC(278)   Pre Evacuate Collection Set: 0.1ms
[95.127s][info][gc,phases      ] GC(278)   Merge Heap Roots: 0.1ms
[95.127s][info][gc,phases      ] GC(278)   Evacuate Collection Set: 0.7ms
[95.127s][info][gc,phases      ] GC(278)   Post Evacuate Collection Set: 0.4ms
[95.127s][info][gc,phases      ] GC(278)   Other: 0.1ms
[95.127s][info][gc,heap        ] GC(278) Eden regions: 26->0(47)
[95.127s][info][gc,heap        ] GC(278) Survivor regions: 4->4(7)
[95.127s][info][gc,heap        ] GC(278) Old regions: 66->66
[95.127s][info][gc,heap        ] GC(278) Archive regions: 0->0
[95.127s][info][gc,heap        ] GC(278) Humongous regions: 879->879
[95.127s][info][gc,metaspace   ] GC(278) Metaspace: 114824K(125632K)->114824K(125632K) NonClass: 98115K(104768K)->98115K(104768K) Class: 16708K(20864K)->16708K(20864K)
[95.127s][info][gc             ] GC(278) Pause Young (Normal) (G1 Humongous Allocation) 963M->937M(1024M) 1.520ms
[95.127s][info][gc,cpu         ] GC(278) User=0.00s Sys=0.00s Real=0.00s
[95.132s][info][gc,start       ] GC(279) Pause Young (Normal) (G1 Evacuation Pause)
[95.132s][info][gc,task        ] GC(279) Using 24 workers of 33 for evacuation
[95.134s][info][gc,phases      ] GC(279)   Pre Evacuate Collection Set: 0.1ms
[95.134s][info][gc,phases      ] GC(279)   Merge Heap Roots: 0.1ms
[95.134s][info][gc,phases      ] GC(279)   Evacuate Collection Set: 0.9ms
[95.134s][info][gc,phases      ] GC(279)   Post Evacuate Collection Set: 0.4ms
[95.134s][info][gc,phases      ] GC(279)   Other: 0.1ms
[95.134s][info][gc,heap        ] GC(279) Eden regions: 47->0(47)
[95.134s][info][gc,heap        ] GC(279) Survivor regions: 4->4(7)
[95.134s][info][gc,heap        ] GC(279) Old regions: 66->66
[95.134s][info][gc,heap        ] GC(279) Archive regions: 0->0
[95.134s][info][gc,heap        ] GC(279) Humongous regions: 896->895
[95.134s][info][gc,metaspace   ] GC(279) Metaspace: 114824K(125632K)->114824K(125632K) NonClass: 98115K(104768K)->98115K(104768K) Class: 16708K(20864K)->16708K(20864K)
[95.134s][info][gc             ] GC(279) Pause Young (Normal) (G1 Evacuation Pause) 1001M->953M(1024M) 1.803ms
[95.134s][info][gc,cpu         ] GC(279) User=0.00s Sys=0.00s Real=0.00s
[95.138s][info][gc,start       ] GC(280) Pause Young (Normal) (G1 Evacuation Pause)
[95.138s][info][gc,task        ] GC(280) Using 24 workers of 33 for evacuation
[95.139s][info][gc,phases      ] GC(280)   Pre Evacuate Collection Set: 0.1ms
[95.139s][info][gc,phases      ] GC(280)   Merge Heap Roots: 0.1ms
[95.139s][info][gc,phases      ] GC(280)   Evacuate Collection Set: 0.8ms
[95.139s][info][gc,phases      ] GC(280)   Post Evacuate Collection Set: 0.4ms
[95.139s][info][gc,phases      ] GC(280)   Other: 0.1ms
[95.139s][info][gc,heap        ] GC(280) Eden regions: 47->0(47)
[95.139s][info][gc,heap        ] GC(280) Survivor regions: 4->4(7)
[95.139s][info][gc,heap        ] GC(280) Old regions: 66->67
[95.139s][info][gc,heap        ] GC(280) Archive regions: 0->0
[95.139s][info][gc,heap        ] GC(280) Humongous regions: 898->898
[95.139s][info][gc,metaspace   ] GC(280) Metaspace: 114826K(125632K)->114826K(125632K) NonClass: 98117K(104768K)->98117K(104768K) Class: 16709K(20864K)->16709K(20864K)
[95.139s][info][gc             ] GC(280) Pause Young (Normal) (G1 Evacuation Pause) 1003M->957M(1024M) 1.702ms
[95.139s][info][gc,cpu         ] GC(280) User=0.00s Sys=0.00s Real=0.00s
[95.141s][info][gc,start       ] GC(281) Pause Young (Normal) (G1 Humongous Allocation)
[95.141s][info][gc,task        ] GC(281) Using 24 workers of 33 for evacuation
[95.142s][info][gc,phases      ] GC(281)   Pre Evacuate Collection Set: 0.1ms
[95.142s][info][gc,phases      ] GC(281)   Merge Heap Roots: 0.1ms
[95.142s][info][gc,phases      ] GC(281)   Evacuate Collection Set: 0.6ms
[95.142s][info][gc,phases      ] GC(281)   Post Evacuate Collection Set: 0.4ms
[95.142s][info][gc,phases      ] GC(281)   Other: 0.1ms
[95.142s][info][gc,heap        ] GC(281) Eden regions: 8->0(47)
[95.142s][info][gc,heap        ] GC(281) Survivor regions: 4->4(7)
[95.142s][info][gc,heap        ] GC(281) Old regions: 67->67
[95.142s][info][gc,heap        ] GC(281) Archive regions: 0->0
[95.142s][info][gc,heap        ] GC(281) Humongous regions: 898->898
[95.142s][info][gc,metaspace   ] GC(281) Metaspace: 114827K(125632K)->114827K(125632K) NonClass: 98117K(104768K)->98117K(104768K) Class: 16709K(20864K)->16709K(20864K)
[95.142s][info][gc             ] GC(281) Pause Young (Normal) (G1 Humongous Allocation) 965M->957M(1024M) 1.489ms
[95.142s][info][gc,cpu         ] GC(281) User=0.00s Sys=0.00s Real=0.00s
[95.142s][info][gc,ergo        ] Attempting full compaction
[95.142s][info][gc,start       ] GC(282) Pause Full (G1 Compaction Pause)
[95.142s][info][gc,task        ] GC(282) Using 24 workers of 33 for full compaction
[95.144s][info][gc,phases,start] GC(282) Phase 1: Mark live objects
[95.166s][info][gc,phases      ] GC(282) Phase 1: Mark live objects 22.476ms
[95.166s][info][gc,phases,start] GC(282) Phase 2: Prepare compaction
[95.168s][info][gc,phases      ] GC(282) Phase 2: Prepare compaction 1.604ms
[95.168s][info][gc,phases,start] GC(282) Phase 3: Adjust pointers
[95.171s][info][gc,phases      ] GC(282) Phase 3: Adjust pointers 3.455ms
[95.171s][info][gc,phases,start] GC(282) Phase 4: Compact heap
[95.172s][info][gc,phases      ] GC(282) Phase 4: Compact heap 0.716ms
[95.176s][info][gc,heap        ] GC(282) Eden regions: 0->0(144)
[95.177s][info][gc,heap        ] GC(282) Survivor regions: 4->0(7)
[95.177s][info][gc,heap        ] GC(282) Old regions: 67->63
[95.177s][info][gc,heap        ] GC(282) Archive regions: 0->0
[95.177s][info][gc,heap        ] GC(282) Humongous regions: 898->765
[95.177s][info][gc,metaspace   ] GC(282) Metaspace: 114827K(125632K)->114827K(125632K) NonClass: 98117K(104768K)->98117K(104768K) Class: 16709K(20864K)->16709K(20864K)
[95.177s][info][gc             ] GC(282) Pause Full (G1 Compaction Pause) 957M->819M(1024M) 34.519ms
[95.177s][info][gc,cpu         ] GC(282) User=0.48s Sys=0.00s Real=0.03s
[95.177s][info][gc,marking     ] GC(271) Concurrent Mark From Roots 102.626ms
[95.177s][info][gc,marking     ] GC(271) Concurrent Mark Abort
[95.177s][info][gc             ] GC(271) Concurrent Mark Cycle 115.490ms
[95.178s][info][gc,start       ] GC(283) Pause Young (Concurrent Start) (G1 Humongous Allocation)
[95.178s][info][gc,task        ] GC(283) Using 24 workers of 33 for evacuation
[95.180s][info][gc,phases      ] GC(283)   Pre Evacuate Collection Set: 0.3ms
[95.180s][info][gc,phases      ] GC(283)   Merge Heap Roots: 0.1ms
[95.180s][info][gc,phases      ] GC(283)   Evacuate Collection Set: 1.4ms
[95.180s][info][gc,phases      ] GC(283)   Post Evacuate Collection Set: 0.4ms
[95.180s][info][gc,phases      ] GC(283)   Other: 0.1ms
[95.180s][info][gc,heap        ] GC(283) Eden regions: 12->0(135)
[95.180s][info][gc,heap        ] GC(283) Survivor regions: 0->1(18)
[95.180s][info][gc,heap        ] GC(283) Old regions: 63->63
[95.180s][info][gc,heap        ] GC(283) Archive regions: 0->0
[95.180s][info][gc,heap        ] GC(283) Humongous regions: 772->772
[95.180s][info][gc,metaspace   ] GC(283) Metaspace: 114827K(125632K)->114827K(125632K) NonClass: 98117K(104768K)->98117K(104768K) Class: 16709K(20864K)->16709K(20864K)
[95.181s][info][gc             ] GC(283) Pause Young (Concurrent Start) (G1 Humongous Allocation) 838M->826M(1024M) 2.456ms
[95.181s][info][gc             ] GC(284) Concurrent Mark Cycle
[95.181s][info][gc,cpu         ] GC(283) User=0.00s Sys=0.00s Real=0.00s
[95.181s][info][gc,marking     ] GC(284) Concurrent Scan Root Regions
[95.191s][info][gc,marking     ] GC(284) Concurrent Scan Root Regions 10.866ms
[95.191s][info][gc,marking     ] GC(284) Concurrent Mark
[95.191s][info][gc,marking     ] GC(284) Concurrent Mark From Roots
[95.192s][info][gc,task        ] GC(284) Using 8 workers of 8 for marking
[95.193s][info][gc,start       ] GC(285) Pause Young (Normal) (G1 Evacuation Pause)
[95.193s][info][gc,task        ] GC(285) Using 24 workers of 33 for evacuation
[95.195s][info][gc,phases      ] GC(285)   Pre Evacuate Collection Set: 0.2ms
[95.195s][info][gc,phases      ] GC(285)   Merge Heap Roots: 0.1ms
[95.195s][info][gc,phases      ] GC(285)   Evacuate Collection Set: 0.7ms
[95.195s][info][gc,phases      ] GC(285)   Post Evacuate Collection Set: 0.4ms
[95.195s][info][gc,phases      ] GC(285)   Other: 0.1ms
[95.195s][info][gc,heap        ] GC(285) Eden regions: 135->0(115)
[95.195s][info][gc,heap        ] GC(285) Survivor regions: 1->3(17)
[95.195s][info][gc,heap        ] GC(285) Old regions: 63->63
[95.195s][info][gc,heap        ] GC(285) Archive regions: 0->0
[95.195s][info][gc,heap        ] GC(285) Humongous regions: 788->788
[95.195s][info][gc,metaspace   ] GC(285) Metaspace: 114830K(125632K)->114830K(125632K) NonClass: 98120K(104768K)->98120K(104768K) Class: 16710K(20864K)->16710K(20864K)
[95.195s][info][gc             ] GC(285) Pause Young (Normal) (G1 Evacuation Pause) 977M->845M(1024M) 1.736ms
[95.195s][info][gc,cpu         ] GC(285) User=0.00s Sys=0.00s Real=0.00s
[95.207s][info][gc,start       ] GC(286) Pause Young (Normal) (G1 Humongous Allocation)
[95.207s][info][gc,task        ] GC(286) Using 24 workers of 33 for evacuation
[95.209s][info][gc,phases      ] GC(286)   Pre Evacuate Collection Set: 0.2ms
[95.209s][info][gc,phases      ] GC(286)   Merge Heap Roots: 0.1ms
[95.209s][info][gc,phases      ] GC(286)   Evacuate Collection Set: 0.8ms
[95.209s][info][gc,phases      ] GC(286)   Post Evacuate Collection Set: 0.5ms
[95.209s][info][gc,phases      ] GC(286)   Other: 0.1ms
[95.209s][info][gc,heap        ] GC(286) Eden regions: 103->0(78)
[95.209s][info][gc,heap        ] GC(286) Survivor regions: 3->5(15)
[95.209s][info][gc,heap        ] GC(286) Old regions: 63->63
[95.209s][info][gc,heap        ] GC(286) Archive regions: 0->0
[95.209s][info][gc,heap        ] GC(286) Humongous regions: 821->821
[95.209s][info][gc,metaspace   ] GC(286) Metaspace: 114830K(125632K)->114830K(125632K) NonClass: 98120K(104768K)->98120K(104768K) Class: 16710K(20864K)->16710K(20864K)
[95.209s][info][gc             ] GC(286) Pause Young (Normal) (G1 Humongous Allocation) 981M->879M(1024M) 1.794ms
[95.209s][info][gc,cpu         ] GC(286) User=0.00s Sys=0.00s Real=0.00s
[95.219s][info][gc,start       ] GC(287) Pause Young (Normal) (G1 Evacuation Pause)
[95.219s][info][gc,task        ] GC(287) Using 24 workers of 33 for evacuation
[95.221s][info][gc,phases      ] GC(287)   Pre Evacuate Collection Set: 0.2ms
[95.221s][info][gc,phases      ] GC(287)   Merge Heap Roots: 0.1ms
[95.221s][info][gc,phases      ] GC(287)   Evacuate Collection Set: 0.9ms
[95.221s][info][gc,phases      ] GC(287)   Post Evacuate Collection Set: 0.4ms
[95.221s][info][gc,phases      ] GC(287)   Other: 0.1ms
[95.221s][info][gc,heap        ] GC(287) Eden regions: 78->0(54)
[95.221s][info][gc,heap        ] GC(287) Survivor regions: 5->5(11)
[95.221s][info][gc,heap        ] GC(287) Old regions: 63->63
[95.221s][info][gc,heap        ] GC(287) Archive regions: 0->0
[95.221s][info][gc,heap        ] GC(287) Humongous regions: 845->845
[95.221s][info][gc,metaspace   ] GC(287) Metaspace: 114830K(125632K)->114830K(125632K) NonClass: 98120K(104768K)->98120K(104768K) Class: 16710K(20864K)->16710K(20864K)
[95.221s][info][gc             ] GC(287) Pause Young (Normal) (G1 Evacuation Pause) 981M->903M(1024M) 1.850ms
[95.221s][info][gc,cpu         ] GC(287) User=0.00s Sys=0.00s Real=0.00s
[95.227s][info][gc,start       ] GC(288) Pause Young (Normal) (G1 Evacuation Pause)
[95.227s][info][gc,task        ] GC(288) Using 24 workers of 33 for evacuation
[95.228s][info][gc,phases      ] GC(288)   Pre Evacuate Collection Set: 0.1ms
[95.228s][info][gc,phases      ] GC(288)   Merge Heap Roots: 0.1ms
[95.228s][info][gc,phases      ] GC(288)   Evacuate Collection Set: 0.9ms
[95.228s][info][gc,phases      ] GC(288)   Post Evacuate Collection Set: 0.4ms
[95.228s][info][gc,phases      ] GC(288)   Other: 0.1ms
[95.228s][info][gc,heap        ] GC(288) Eden regions: 54->0(47)
[95.228s][info][gc,heap        ] GC(288) Survivor regions: 5->4(8)
[95.228s][info][gc,heap        ] GC(288) Old regions: 63->63
[95.228s][info][gc,heap        ] GC(288) Archive regions: 0->0
[95.228s][info][gc,heap        ] GC(288) Humongous regions: 854->854
[95.228s][info][gc,metaspace   ] GC(288) Metaspace: 114833K(125632K)->114833K(125632K) NonClass: 98122K(104768K)->98122K(104768K) Class: 16711K(20864K)->16711K(20864K)
[95.228s][info][gc             ] GC(288) Pause Young (Normal) (G1 Evacuation Pause) 966M->911M(1024M) 1.848ms
[95.228s][info][gc,cpu         ] GC(288) User=0.45s Sys=0.00s Real=0.00s
[95.235s][info][gc,start       ] GC(289) Pause Young (Normal) (G1 Evacuation Pause)
[95.235s][info][gc,task        ] GC(289) Using 24 workers of 33 for evacuation
[95.237s][info][gc,phases      ] GC(289)   Pre Evacuate Collection Set: 0.1ms
[95.237s][info][gc,phases      ] GC(289)   Merge Heap Roots: 0.1ms
[95.237s][info][gc,phases      ] GC(289)   Evacuate Collection Set: 0.7ms
[95.237s][info][gc,phases      ] GC(289)   Post Evacuate Collection Set: 0.4ms
[95.237s][info][gc,phases      ] GC(289)   Other: 0.1ms
[95.237s][info][gc,heap        ] GC(289) Eden regions: 47->0(47)
[95.237s][info][gc,heap        ] GC(289) Survivor regions: 4->4(7)
[95.237s][info][gc,heap        ] GC(289) Old regions: 63->63
[95.237s][info][gc,heap        ] GC(289) Archive regions: 0->0
[95.237s][info][gc,heap        ] GC(289) Humongous regions: 878->878
[95.237s][info][gc,metaspace   ] GC(289) Metaspace: 114833K(125632K)->114833K(125632K) NonClass: 98122K(104768K)->98122K(104768K) Class: 16711K(20864K)->16711K(20864K)
[95.237s][info][gc             ] GC(289) Pause Young (Normal) (G1 Evacuation Pause) 982M->935M(1024M) 1.635ms
[95.237s][info][gc,cpu         ] GC(289) User=0.00s Sys=0.00s Real=0.00s
[95.242s][info][gc,start       ] GC(290) Pause Young (Normal) (G1 Humongous Allocation)
[95.242s][info][gc,task        ] GC(290) Using 24 workers of 33 for evacuation
[95.243s][info][gc,phases      ] GC(290)   Pre Evacuate Collection Set: 0.1ms
[95.243s][info][gc,phases      ] GC(290)   Merge Heap Roots: 0.1ms
[95.243s][info][gc,phases      ] GC(290)   Evacuate Collection Set: 0.8ms
[95.243s][info][gc,phases      ] GC(290)   Post Evacuate Collection Set: 0.4ms
[95.243s][info][gc,phases      ] GC(290)   Other: 0.1ms
[95.243s][info][gc,heap        ] GC(290) Eden regions: 46->0(46)
[95.243s][info][gc,heap        ] GC(290) Survivor regions: 4->5(7)
[95.243s][info][gc,heap        ] GC(290) Old regions: 63->64
[95.243s][info][gc,heap        ] GC(290) Archive regions: 0->0
[95.243s][info][gc,heap        ] GC(290) Humongous regions: 879->879
[95.243s][info][gc,metaspace   ] GC(290) Metaspace: 114837K(125632K)->114837K(125632K) NonClass: 98126K(104768K)->98126K(104768K) Class: 16711K(20864K)->16711K(20864K)
[95.243s][info][gc             ] GC(290) Pause Young (Normal) (G1 Humongous Allocation) 982M->937M(1024M) 1.653ms
[95.243s][info][gc,cpu         ] GC(290) User=0.05s Sys=0.02s Real=0.00s
[95.248s][info][gc,start       ] GC(291) Pause Young (Normal) (G1 Evacuation Pause)
[95.248s][info][gc,task        ] GC(291) Using 24 workers of 33 for evacuation
[95.249s][info][gc,phases      ] GC(291)   Pre Evacuate Collection Set: 0.1ms
[95.249s][info][gc,phases      ] GC(291)   Merge Heap Roots: 0.1ms
[95.249s][info][gc,phases      ] GC(291)   Evacuate Collection Set: 0.7ms
[95.249s][info][gc,phases      ] GC(291)   Post Evacuate Collection Set: 0.4ms
[95.249s][info][gc,phases      ] GC(291)   Other: 0.1ms
[95.249s][info][gc,heap        ] GC(291) Eden regions: 46->0(47)
[95.249s][info][gc,heap        ] GC(291) Survivor regions: 5->4(7)
[95.249s][info][gc,heap        ] GC(291) Old regions: 64->64
[95.249s][info][gc,heap        ] GC(291) Archive regions: 0->0
[95.249s][info][gc,heap        ] GC(291) Humongous regions: 892->892
[95.249s][info][gc,metaspace   ] GC(291) Metaspace: 114841K(125632K)->114841K(125632K) NonClass: 98128K(104768K)->98128K(104768K) Class: 16712K(20864K)->16712K(20864K)
[95.249s][info][gc             ] GC(291) Pause Young (Normal) (G1 Evacuation Pause) 996M->950M(1024M) 1.575ms
[95.249s][info][gc,cpu         ] GC(291) User=0.00s Sys=0.00s Real=0.00s
[95.254s][info][gc,start       ] GC(292) Pause Young (Normal) (G1 Humongous Allocation)
[95.254s][info][gc,task        ] GC(292) Using 24 workers of 33 for evacuation
[95.255s][info][gc,phases      ] GC(292)   Pre Evacuate Collection Set: 0.1ms
[95.255s][info][gc,phases      ] GC(292)   Merge Heap Roots: 0.1ms
[95.255s][info][gc,phases      ] GC(292)   Evacuate Collection Set: 0.8ms
[95.255s][info][gc,phases      ] GC(292)   Post Evacuate Collection Set: 0.4ms
[95.255s][info][gc,phases      ] GC(292)   Other: 0.1ms
[95.255s][info][gc,heap        ] GC(292) Eden regions: 45->0(47)
[95.255s][info][gc,heap        ] GC(292) Survivor regions: 4->4(7)
[95.255s][info][gc,heap        ] GC(292) Old regions: 64->64
[95.255s][info][gc,heap        ] GC(292) Archive regions: 0->0
[95.255s][info][gc,heap        ] GC(292) Humongous regions: 894->894
[95.255s][info][gc,metaspace   ] GC(292) Metaspace: 114841K(125632K)->114841K(125632K) NonClass: 98128K(104768K)->98128K(104768K) Class: 16712K(20864K)->16712K(20864K)
[95.255s][info][gc             ] GC(292) Pause Young (Normal) (G1 Humongous Allocation) 997M->952M(1024M) 1.627ms
[95.255s][info][gc,cpu         ] GC(292) User=0.00s Sys=0.00s Real=0.00s
[95.259s][info][gc,start       ] GC(293) Pause Young (Normal) (G1 Evacuation Pause)
[95.259s][info][gc,task        ] GC(293) Using 24 workers of 33 for evacuation
[95.261s][info][gc,phases      ] GC(293)   Pre Evacuate Collection Set: 0.1ms
[95.261s][info][gc,phases      ] GC(293)   Merge Heap Roots: 0.1ms
[95.261s][info][gc,phases      ] GC(293)   Evacuate Collection Set: 0.8ms
[95.261s][info][gc,phases      ] GC(293)   Post Evacuate Collection Set: 0.4ms
[95.261s][info][gc,phases      ] GC(293)   Other: 0.1ms
[95.261s][info][gc,heap        ] GC(293) Eden regions: 47->0(47)
[95.261s][info][gc,heap        ] GC(293) Survivor regions: 4->4(7)
[95.261s][info][gc,heap        ] GC(293) Old regions: 64->64
[95.261s][info][gc,heap        ] GC(293) Archive regions: 0->0
[95.261s][info][gc,heap        ] GC(293) Humongous regions: 898->898
[95.261s][info][gc,metaspace   ] GC(293) Metaspace: 114844K(125632K)->114844K(125632K) NonClass: 98130K(104768K)->98130K(104768K) Class: 16713K(20864K)->16713K(20864K)
[95.261s][info][gc             ] GC(293) Pause Young (Normal) (G1 Evacuation Pause) 1003M->956M(1024M) 1.612ms
[95.261s][info][gc,cpu         ] GC(293) User=0.00s Sys=0.00s Real=0.00s
[95.265s][info][gc,start       ] GC(294) Pause Young (Normal) (G1 Evacuation Pause)
[95.265s][info][gc,task        ] GC(294) Using 24 workers of 33 for evacuation
[95.267s][info][gc,phases      ] GC(294)   Pre Evacuate Collection Set: 0.1ms
[95.267s][info][gc,phases      ] GC(294)   Merge Heap Roots: 0.1ms
[95.267s][info][gc,phases      ] GC(294)   Evacuate Collection Set: 0.7ms
[95.267s][info][gc,phases      ] GC(294)   Post Evacuate Collection Set: 0.4ms
[95.267s][info][gc,phases      ] GC(294)   Other: 0.1ms
[95.267s][info][gc,heap        ] GC(294) Eden regions: 47->0(48)
[95.267s][info][gc,heap        ] GC(294) Survivor regions: 4->3(6)
[95.267s][info][gc,heap        ] GC(294) Old regions: 64->65
[95.267s][info][gc,heap        ] GC(294) Archive regions: 0->0
[95.267s][info][gc,heap        ] GC(294) Humongous regions: 903->903
[95.267s][info][gc,metaspace   ] GC(294) Metaspace: 114848K(125632K)->114848K(125632K) NonClass: 98134K(104768K)->98134K(104768K) Class: 16713K(20864K)->16713K(20864K)
[95.267s][info][gc             ] GC(294) Pause Young (Normal) (G1 Evacuation Pause) 1008M->961M(1024M) 1.601ms
[95.267s][info][gc,cpu         ] GC(294) User=0.00s Sys=0.00s Real=0.00s
[95.270s][info][gc,start       ] GC(295) Pause Young (Normal) (G1 Humongous Allocation)
[95.270s][info][gc,task        ] GC(295) Using 24 workers of 33 for evacuation
[95.271s][info][gc,phases      ] GC(295)   Pre Evacuate Collection Set: 0.1ms
[95.271s][info][gc,phases      ] GC(295)   Merge Heap Roots: 0.1ms
[95.271s][info][gc,phases      ] GC(295)   Evacuate Collection Set: 0.7ms
[95.271s][info][gc,phases      ] GC(295)   Post Evacuate Collection Set: 0.4ms
[95.271s][info][gc,phases      ] GC(295)   Other: 0.1ms
[95.271s][info][gc,heap        ] GC(295) Eden regions: 35->0(44)
[95.271s][info][gc,heap        ] GC(295) Survivor regions: 3->4(7)
[95.271s][info][gc,heap        ] GC(295) Old regions: 65->65
[95.271s][info][gc,heap        ] GC(295) Archive regions: 0->0
[95.271s][info][gc,heap        ] GC(295) Humongous regions: 907->907
[95.271s][info][gc,metaspace   ] GC(295) Metaspace: 114850K(125632K)->114850K(125632K) NonClass: 98136K(104768K)->98136K(104768K) Class: 16713K(20864K)->16713K(20864K)
[95.271s][info][gc             ] GC(295) Pause Young (Normal) (G1 Humongous Allocation) 1000M->966M(1024M) 1.498ms
[95.271s][info][gc,cpu         ] GC(295) User=0.00s Sys=0.00s Real=0.00s
[95.274s][info][gc,start       ] GC(296) Pause Young (Normal) (G1 Humongous Allocation)
[95.275s][info][gc,task        ] GC(296) Using 24 workers of 33 for evacuation
[95.276s][info][gc,phases      ] GC(296)   Pre Evacuate Collection Set: 0.1ms
[95.276s][info][gc,phases      ] GC(296)   Merge Heap Roots: 0.1ms
[95.276s][info][gc,phases      ] GC(296)   Evacuate Collection Set: 0.8ms
[95.276s][info][gc,phases      ] GC(296)   Post Evacuate Collection Set: 0.4ms
[95.276s][info][gc,phases      ] GC(296)   Other: 0.1ms
[95.276s][info][gc,heap        ] GC(296) Eden regions: 21->0(35)
[95.276s][info][gc,heap        ] GC(296) Survivor regions: 4->4(6)
[95.276s][info][gc,heap        ] GC(296) Old regions: 65->66
[95.276s][info][gc,heap        ] GC(296) Archive regions: 0->0
[95.276s][info][gc,heap        ] GC(296) Humongous regions: 915->915
[95.276s][info][gc,metaspace   ] GC(296) Metaspace: 114851K(125632K)->114851K(125632K) NonClass: 98137K(104768K)->98137K(104768K) Class: 16713K(20864K)->16713K(20864K)
[95.276s][info][gc             ] GC(296) Pause Young (Normal) (G1 Humongous Allocation) 995M->975M(1024M) 1.662ms
[95.276s][info][gc,cpu         ] GC(296) User=0.00s Sys=0.00s Real=0.00s
[95.277s][info][gc,start       ] GC(297) Pause Young (Normal) (G1 Humongous Allocation)
[95.277s][info][gc,task        ] GC(297) Using 24 workers of 33 for evacuation
[95.278s][info][gc,phases      ] GC(297)   Pre Evacuate Collection Set: 0.1ms
[95.278s][info][gc,phases      ] GC(297)   Merge Heap Roots: 0.0ms
[95.278s][info][gc,phases      ] GC(297)   Evacuate Collection Set: 0.5ms
[95.278s][info][gc,phases      ] GC(297)   Post Evacuate Collection Set: 0.3ms
[95.278s][info][gc,phases      ] GC(297)   Other: 0.1ms
[95.278s][info][gc,heap        ] GC(297) Eden regions: 1->0(32)
[95.278s][info][gc,heap        ] GC(297) Survivor regions: 4->2(5)
[95.278s][info][gc,heap        ] GC(297) Old regions: 66->69
[95.278s][info][gc,heap        ] GC(297) Archive regions: 0->0
[95.278s][info][gc,heap        ] GC(297) Humongous regions: 919->919
[95.278s][info][gc,metaspace   ] GC(297) Metaspace: 114851K(125632K)->114851K(125632K) NonClass: 98137K(104768K)->98137K(104768K) Class: 16713K(20864K)->16713K(20864K)
[95.278s][info][gc             ] GC(297) Pause Young (Normal) (G1 Humongous Allocation) 980M->980M(1024M) 1.237ms
[95.278s][info][gc,cpu         ] GC(297) User=0.00s Sys=0.00s Real=0.00s
[95.278s][info][gc,ergo        ] Attempting full compaction
[95.278s][info][gc,start       ] GC(298) Pause Full (G1 Compaction Pause)
[95.278s][info][gc,task        ] GC(298) Using 24 workers of 33 for full compaction
[95.280s][info][gc,phases,start] GC(298) Phase 1: Mark live objects
[95.302s][info][gc,phases      ] GC(298) Phase 1: Mark live objects 21.667ms
[95.302s][info][gc,phases,start] GC(298) Phase 2: Prepare compaction
[95.303s][info][gc,phases      ] GC(298) Phase 2: Prepare compaction 1.476ms
[95.303s][info][gc,phases,start] GC(298) Phase 3: Adjust pointers
[95.306s][info][gc,phases      ] GC(298) Phase 3: Adjust pointers 2.551ms
[95.306s][info][gc,phases,start] GC(298) Phase 4: Compact heap
[95.306s][info][gc,phases      ] GC(298) Phase 4: Compact heap 0.669ms
[95.311s][info][gc,heap        ] GC(298) Eden regions: 0->0(152)
[95.311s][info][gc,heap        ] GC(298) Survivor regions: 2->0(5)
[95.311s][info][gc,heap        ] GC(298) Old regions: 69->66
[95.311s][info][gc,heap        ] GC(298) Archive regions: 0->0
[95.311s][info][gc,heap        ] GC(298) Humongous regions: 919->754
[95.311s][info][gc,metaspace   ] GC(298) Metaspace: 114851K(125632K)->114851K(125632K) NonClass: 98137K(104768K)->98137K(104768K) Class: 16713K(20864K)->16713K(20864K)
[95.311s][info][gc             ] GC(298) Pause Full (G1 Compaction Pause) 980M->809M(1024M) 32.358ms
[95.311s][info][gc,cpu         ] GC(298) User=0.77s Sys=0.02s Real=0.03s
[95.311s][info][gc,marking     ] GC(284) Concurrent Mark From Roots 119.494ms
[95.311s][info][gc,marking     ] GC(284) Concurrent Mark Abort
[95.311s][info][gc             ] GC(284) Concurrent Mark Cycle 130.553ms
[95.313s][info][gc,start       ] GC(299) Pause Young (Concurrent Start) (G1 Humongous Allocation)
[95.313s][info][gc,task        ] GC(299) Using 24 workers of 33 for evacuation
[95.315s][info][gc,phases      ] GC(299)   Pre Evacuate Collection Set: 0.3ms
[95.315s][info][gc,phases      ] GC(299)   Merge Heap Roots: 0.0ms
[95.315s][info][gc,phases      ] GC(299)   Evacuate Collection Set: 1.1ms
[95.315s][info][gc,phases      ] GC(299)   Post Evacuate Collection Set: 0.4ms
[95.315s][info][gc,phases      ] GC(299)   Other: 0.1ms
[95.315s][info][gc,heap        ] GC(299) Eden regions: 6->0(146)
[95.315s][info][gc,heap        ] GC(299) Survivor regions: 0->1(19)
[95.315s][info][gc,heap        ] GC(299) Old regions: 66->66
[95.315s][info][gc,heap        ] GC(299) Archive regions: 0->0
[95.315s][info][gc,heap        ] GC(299) Humongous regions: 758->758
[95.315s][info][gc,metaspace   ] GC(299) Metaspace: 114851K(125632K)->114851K(125632K) NonClass: 98137K(104768K)->98137K(104768K) Class: 16713K(20864K)->16713K(20864K)
[95.315s][info][gc             ] GC(299) Pause Young (Concurrent Start) (G1 Humongous Allocation) 819M->814M(1024M) 2.184ms
[95.315s][info][gc             ] GC(300) Concurrent Mark Cycle
[95.315s][info][gc,cpu         ] GC(299) User=0.00s Sys=0.00s Real=0.00s
[95.315s][info][gc,marking     ] GC(300) Concurrent Scan Root Regions
[95.327s][info][gc,start       ] GC(301) Pause Young (Normal) (G1 Evacuation Pause)
[95.327s][info][gc,marking     ] GC(300) Concurrent Scan Root Regions 12.217ms
[95.371s][info][gc,task        ] GC(301) Using 24 workers of 33 for evacuation
[95.371s][info][gc,marking     ] GC(300) Concurrent Mark
[95.371s][info][gc,marking     ] GC(300) Concurrent Mark From Roots
[95.371s][info][gc,task        ] GC(300) Using 8 workers of 8 for marking
[95.373s][info][gc,phases      ] GC(301)   Pre Evacuate Collection Set: 0.2ms
[95.373s][info][gc,phases      ] GC(301)   Merge Heap Roots: 0.2ms
[95.373s][info][gc,phases      ] GC(301)   Evacuate Collection Set: 1.2ms
[95.373s][info][gc,phases      ] GC(301)   Post Evacuate Collection Set: 0.7ms
[95.373s][info][gc,phases      ] GC(301)   Other: 0.2ms
[95.373s][info][gc,heap        ] GC(301) Eden regions: 146->0(122)
[95.373s][info][gc,heap        ] GC(301) Survivor regions: 1->4(19)
[95.373s][info][gc,heap        ] GC(301) Old regions: 66->66
[95.373s][info][gc,heap        ] GC(301) Archive regions: 0->0
[95.373s][info][gc,heap        ] GC(301) Humongous regions: 776->776
[95.373s][info][gc,metaspace   ] GC(301) Metaspace: 114853K(125632K)->114853K(125632K) NonClass: 98139K(104768K)->98139K(104768K) Class: 16714K(20864K)->16714K(20864K)
[95.374s][info][gc             ] GC(301) Pause Young (Normal) (G1 Evacuation Pause) 978M->834M(1024M) 46.632ms
[95.374s][info][gc,cpu         ] GC(301) User=0.02s Sys=0.00s Real=0.05s
[95.384s][info][gc,start       ] GC(302) Pause Young (Normal) (G1 Evacuation Pause)
[95.384s][info][gc,task        ] GC(302) Using 24 workers of 33 for evacuation
[95.387s][info][gc,phases      ] GC(302)   Pre Evacuate Collection Set: 0.2ms
[95.387s][info][gc,phases      ] GC(302)   Merge Heap Roots: 0.2ms
[95.387s][info][gc,phases      ] GC(302)   Evacuate Collection Set: 1.2ms
[95.387s][info][gc,phases      ] GC(302)   Post Evacuate Collection Set: 0.8ms
[95.387s][info][gc,phases      ] GC(302)   Other: 0.1ms
[95.387s][info][gc,heap        ] GC(302) Eden regions: 122->0(99)
[95.387s][info][gc,heap        ] GC(302) Survivor regions: 4->5(16)
[95.387s][info][gc,heap        ] GC(302) Old regions: 66->66
[95.387s][info][gc,heap        ] GC(302) Archive regions: 0->0
[95.387s][info][gc,heap        ] GC(302) Humongous regions: 797->797
[95.387s][info][gc,metaspace   ] GC(302) Metaspace: 114854K(125632K)->114854K(125632K) NonClass: 98139K(104768K)->98139K(104768K) Class: 16714K(20864K)->16714K(20864K)
[95.387s][info][gc             ] GC(302) Pause Young (Normal) (G1 Evacuation Pause) 977M->856M(1024M) 2.890ms
[95.387s][info][gc,cpu         ] GC(302) User=0.00s Sys=0.00s Real=0.00s
[95.395s][info][gc,start       ] GC(303) Pause Young (Normal) (G1 Evacuation Pause)
[95.395s][info][gc,task        ] GC(303) Using 24 workers of 33 for evacuation
[95.397s][info][gc,phases      ] GC(303)   Pre Evacuate Collection Set: 0.2ms
[95.397s][info][gc,phases      ] GC(303)   Merge Heap Roots: 0.1ms
[95.397s][info][gc,phases      ] GC(303)   Evacuate Collection Set: 0.9ms
[95.397s][info][gc,phases      ] GC(303)   Post Evacuate Collection Set: 0.5ms
[95.397s][info][gc,phases      ] GC(303)   Other: 0.1ms
[95.397s][info][gc,heap        ] GC(303) Eden regions: 99->0(91)
[95.397s][info][gc,heap        ] GC(303) Survivor regions: 5->4(13)
[95.397s][info][gc,heap        ] GC(303) Old regions: 66->66
[95.397s][info][gc,heap        ] GC(303) Archive regions: 0->0
[95.397s][info][gc,heap        ] GC(303) Humongous regions: 807->807
[95.397s][info][gc,metaspace   ] GC(303) Metaspace: 114854K(125632K)->114854K(125632K) NonClass: 98139K(104768K)->98139K(104768K) Class: 16714K(20864K)->16714K(20864K)
[95.397s][info][gc             ] GC(303) Pause Young (Normal) (G1 Evacuation Pause) 965M->865M(1024M) 2.210ms
[95.397s][info][gc,cpu         ] GC(303) User=0.00s Sys=0.00s Real=0.00s
[95.406s][info][gc,start       ] GC(304) Pause Young (Normal) (G1 Evacuation Pause)
[95.406s][info][gc,task        ] GC(304) Using 24 workers of 33 for evacuation
[95.408s][info][gc,phases      ] GC(304)   Pre Evacuate Collection Set: 0.2ms
[95.408s][info][gc,phases      ] GC(304)   Merge Heap Roots: 0.1ms
[95.408s][info][gc,phases      ] GC(304)   Evacuate Collection Set: 1.2ms
[95.408s][info][gc,phases      ] GC(304)   Post Evacuate Collection Set: 0.4ms
[95.408s][info][gc,phases      ] GC(304)   Other: 0.1ms
[95.408s][info][gc,heap        ] GC(304) Eden regions: 91->0(79)
[95.408s][info][gc,heap        ] GC(304) Survivor regions: 4->4(12)
[95.408s][info][gc,heap        ] GC(304) Old regions: 66->66
[95.408s][info][gc,heap        ] GC(304) Archive regions: 0->0
[95.408s][info][gc,heap        ] GC(304) Humongous regions: 819->819
[95.408s][info][gc,metaspace   ] GC(304) Metaspace: 114855K(125632K)->114855K(125632K) NonClass: 98140K(104768K)->98140K(104768K) Class: 16714K(20864K)->16714K(20864K)
[95.408s][info][gc             ] GC(304) Pause Young (Normal) (G1 Evacuation Pause) 968M->878M(1024M) 2.164ms
[95.408s][info][gc,cpu         ] GC(304) User=0.00s Sys=0.00s Real=0.00s
[95.415s][info][gc,start       ] GC(305) Pause Young (Normal) (G1 Evacuation Pause)
[95.415s][info][gc,task        ] GC(305) Using 24 workers of 33 for evacuation
[95.416s][info][gc,phases      ] GC(305)   Pre Evacuate Collection Set: 0.1ms
[95.416s][info][gc,phases      ] GC(305)   Merge Heap Roots: 0.1ms
[95.416s][info][gc,phases      ] GC(305)   Evacuate Collection Set: 0.8ms
[95.416s][info][gc,phases      ] GC(305)   Post Evacuate Collection Set: 0.4ms
[95.416s][info][gc,phases      ] GC(305)   Other: 0.1ms
[95.416s][info][gc,heap        ] GC(305) Eden regions: 79->0(68)
[95.416s][info][gc,heap        ] GC(305) Survivor regions: 4->3(11)
[95.416s][info][gc,heap        ] GC(305) Old regions: 66->66
[95.416s][info][gc,heap        ] GC(305) Archive regions: 0->0
[95.416s][info][gc,heap        ] GC(305) Humongous regions: 832->832
[95.416s][info][gc,metaspace   ] GC(305) Metaspace: 114857K(125632K)->114857K(125632K) NonClass: 98141K(104768K)->98141K(104768K) Class: 16715K(20864K)->16715K(20864K)
[95.416s][info][gc             ] GC(305) Pause Young (Normal) (G1 Evacuation Pause) 970M->889M(1024M) 1.717ms
[95.416s][info][gc,cpu         ] GC(305) User=0.06s Sys=0.00s Real=0.00s
[95.422s][info][gc,start       ] GC(306) Pause Young (Normal) (G1 Evacuation Pause)
[95.422s][info][gc,task        ] GC(306) Using 24 workers of 33 for evacuation
[95.423s][info][gc,phases      ] GC(306)   Pre Evacuate Collection Set: 0.1ms
[95.424s][info][gc,phases      ] GC(306)   Merge Heap Roots: 0.1ms
[95.424s][info][gc,phases      ] GC(306)   Evacuate Collection Set: 0.6ms
[95.424s][info][gc,phases      ] GC(306)   Post Evacuate Collection Set: 0.4ms
[95.424s][info][gc,phases      ] GC(306)   Other: 0.1ms
[95.424s][info][gc,heap        ] GC(306) Eden regions: 68->0(56)
[95.424s][info][gc,heap        ] GC(306) Survivor regions: 3->4(9)
[95.424s][info][gc,heap        ] GC(306) Old regions: 66->66
[95.424s][info][gc,heap        ] GC(306) Archive regions: 0->0
[95.424s][info][gc,heap        ] GC(306) Humongous regions: 842->842
[95.424s][info][gc,metaspace   ] GC(306) Metaspace: 114860K(125632K)->114860K(125632K) NonClass: 98143K(104768K)->98143K(104768K) Class: 16716K(20864K)->16716K(20864K)
[95.424s][info][gc             ] GC(306) Pause Young (Normal) (G1 Evacuation Pause) 967M->900M(1024M) 1.533ms
[95.424s][info][gc,cpu         ] GC(306) User=0.00s Sys=0.00s Real=0.00s
[95.429s][info][gc,start       ] GC(307) Pause Young (Normal) (G1 Evacuation Pause)
[95.429s][info][gc,task        ] GC(307) Using 24 workers of 33 for evacuation
[95.430s][info][gc,phases      ] GC(307)   Pre Evacuate Collection Set: 0.1ms
[95.430s][info][gc,phases      ] GC(307)   Merge Heap Roots: 0.1ms
[95.431s][info][gc,phases      ] GC(307)   Evacuate Collection Set: 0.6ms
[95.431s][info][gc,phases      ] GC(307)   Post Evacuate Collection Set: 0.4ms
[95.431s][info][gc,phases      ] GC(307)   Other: 0.1ms
[95.431s][info][gc,heap        ] GC(307) Eden regions: 56->0(48)
[95.431s][info][gc,heap        ] GC(307) Survivor regions: 4->4(8)
[95.431s][info][gc,heap        ] GC(307) Old regions: 66->66
[95.431s][info][gc,heap        ] GC(307) Archive regions: 0->0
[95.431s][info][gc,heap        ] GC(307) Humongous regions: 850->850
[95.431s][info][gc,metaspace   ] GC(307) Metaspace: 114860K(125632K)->114860K(125632K) NonClass: 98143K(104768K)->98143K(104768K) Class: 16716K(20864K)->16716K(20864K)
[95.431s][info][gc             ] GC(307) Pause Young (Normal) (G1 Evacuation Pause) 964M->908M(1024M) 1.511ms
[95.431s][info][gc,cpu         ] GC(307) User=0.00s Sys=0.00s Real=0.00s
[95.435s][info][gc,start       ] GC(308) Pause Young (Normal) (G1 Evacuation Pause)
[95.435s][info][gc,task        ] GC(308) Using 24 workers of 33 for evacuation
[95.437s][info][gc,phases      ] GC(308)   Pre Evacuate Collection Set: 0.1ms
[95.437s][info][gc,phases      ] GC(308)   Merge Heap Roots: 0.1ms
[95.437s][info][gc,phases      ] GC(308)   Evacuate Collection Set: 0.6ms
[95.437s][info][gc,phases      ] GC(308)   Post Evacuate Collection Set: 0.4ms
[95.437s][info][gc,phases      ] GC(308)   Other: 0.1ms
[95.437s][info][gc,heap        ] GC(308) Eden regions: 48->0(47)
[95.437s][info][gc,heap        ] GC(308) Survivor regions: 4->4(7)
[95.437s][info][gc,heap        ] GC(308) Old regions: 66->66
[95.437s][info][gc,heap        ] GC(308) Archive regions: 0->0
[95.437s][info][gc,heap        ] GC(308) Humongous regions: 855->855
[95.437s][info][gc,metaspace   ] GC(308) Metaspace: 114860K(125632K)->114860K(125632K) NonClass: 98143K(104768K)->98143K(104768K) Class: 16716K(20864K)->16716K(20864K)
[95.437s][info][gc             ] GC(308) Pause Young (Normal) (G1 Evacuation Pause) 961M->913M(1024M) 1.420ms
[95.437s][info][gc,cpu         ] GC(308) User=0.00s Sys=0.00s Real=0.00s
[95.447s][info][gc,start       ] GC(309) Pause Young (Normal) (G1 Evacuation Pause)
[95.447s][info][gc,task        ] GC(309) Using 24 workers of 33 for evacuation
[95.448s][info][gc,phases      ] GC(309)   Pre Evacuate Collection Set: 0.1ms
[95.448s][info][gc,phases      ] GC(309)   Merge Heap Roots: 0.1ms
[95.448s][info][gc,phases      ] GC(309)   Evacuate Collection Set: 0.5ms
[95.448s][info][gc,phases      ] GC(309)   Post Evacuate Collection Set: 0.3ms
[95.448s][info][gc,phases      ] GC(309)   Other: 0.1ms
[95.448s][info][gc,heap        ] GC(309) Eden regions: 47->0(49)
[95.448s][info][gc,heap        ] GC(309) Survivor regions: 4->2(7)
[95.448s][info][gc,heap        ] GC(309) Old regions: 66->66
[95.448s][info][gc,heap        ] GC(309) Archive regions: 0->0
[95.448s][info][gc,heap        ] GC(309) Humongous regions: 866->866
[95.448s][info][gc,metaspace   ] GC(309) Metaspace: 114864K(125632K)->114864K(125632K) NonClass: 98145K(104768K)->98145K(104768K) Class: 16718K(20864K)->16718K(20864K)
[95.448s][info][gc             ] GC(309) Pause Young (Normal) (G1 Evacuation Pause) 971M->922M(1024M) 1.340ms
[95.448s][info][gc,cpu         ] GC(309) User=0.00s Sys=0.00s Real=0.00s
[95.451s][info][gc,marking     ] GC(300) Concurrent Mark From Roots 80.622ms
[95.452s][info][gc,marking     ] GC(300) Concurrent Preclean
[95.453s][info][gc,start       ] GC(310) Pause Young (Normal) (G1 Evacuation Pause)
[95.453s][info][gc,task        ] GC(310) Using 24 workers of 33 for evacuation
[95.454s][info][gc,phases      ] GC(310)   Pre Evacuate Collection Set: 0.2ms
[95.454s][info][gc,phases      ] GC(310)   Merge Heap Roots: 0.1ms
[95.454s][info][gc,phases      ] GC(310)   Evacuate Collection Set: 0.7ms
[95.454s][info][gc,phases      ] GC(310)   Post Evacuate Collection Set: 0.5ms
[95.454s][info][gc,phases      ] GC(310)   Other: 0.1ms
[95.454s][info][gc,heap        ] GC(310) Eden regions: 49->0(49)
[95.454s][info][gc,heap        ] GC(310) Survivor regions: 2->2(7)
[95.454s][info][gc,heap        ] GC(310) Old regions: 66->66
[95.454s][info][gc,heap        ] GC(310) Archive regions: 0->0
[95.454s][info][gc,heap        ] GC(310) Humongous regions: 870->869
[95.454s][info][gc,metaspace   ] GC(310) Metaspace: 114864K(125632K)->114864K(125632K) NonClass: 98145K(104768K)->98145K(104768K) Class: 16718K(20864K)->16718K(20864K)
[95.454s][info][gc             ] GC(310) Pause Young (Normal) (G1 Evacuation Pause) 975M->926M(1024M) 1.682ms
[95.454s][info][gc,cpu         ] GC(310) User=0.00s Sys=0.00s Real=0.00s
[95.455s][info][gc,marking     ] GC(300) Concurrent Preclean 3.691ms
[95.456s][info][gc,start       ] GC(300) Pause Remark
[95.457s][info][gc             ] GC(300) Pause Remark 945M->945M(1024M) 1.344ms
[95.457s][info][gc,cpu         ] GC(300) User=0.00s Sys=0.00s Real=0.00s
[95.457s][info][gc,marking     ] GC(300) Concurrent Mark 86.549ms
[95.457s][info][gc,marking     ] GC(300) Concurrent Rebuild Remembered Sets and Scrub Regions
[95.461s][info][gc,start       ] GC(311) Pause Young (Normal) (G1 Evacuation Pause)
[95.461s][info][gc,task        ] GC(311) Using 24 workers of 33 for evacuation
[95.462s][info][gc,phases      ] GC(311)   Pre Evacuate Collection Set: 0.1ms
[95.462s][info][gc,phases      ] GC(311)   Merge Heap Roots: 0.1ms
[95.462s][info][gc,phases      ] GC(311)   Evacuate Collection Set: 0.8ms
[95.462s][info][gc,phases      ] GC(311)   Post Evacuate Collection Set: 0.5ms
[95.462s][info][gc,phases      ] GC(311)   Other: 0.1ms
[95.462s][info][gc,heap        ] GC(311) Eden regions: 49->0(49)
[95.463s][info][gc,heap        ] GC(311) Survivor regions: 2->2(7)
[95.463s][info][gc,heap        ] GC(311) Old regions: 66->66
[95.463s][info][gc,heap        ] GC(311) Archive regions: 0->0
[95.463s][info][gc,heap        ] GC(311) Humongous regions: 875->873
[95.463s][info][gc,metaspace   ] GC(311) Metaspace: 114866K(125632K)->114866K(125632K) NonClass: 98147K(104768K)->98147K(104768K) Class: 16718K(20864K)->16718K(20864K)
[95.463s][info][gc             ] GC(311) Pause Young (Normal) (G1 Evacuation Pause) 981M->930M(1024M) 1.828ms
[95.463s][info][gc,cpu         ] GC(311) User=0.08s Sys=0.00s Real=0.00s
[95.467s][info][gc,start       ] GC(312) Pause Young (Normal) (G1 Evacuation Pause)
[95.468s][info][gc,task        ] GC(312) Using 24 workers of 33 for evacuation
[95.469s][info][gc,phases      ] GC(312)   Pre Evacuate Collection Set: 0.1ms
[95.469s][info][gc,phases      ] GC(312)   Merge Heap Roots: 0.1ms
[95.469s][info][gc,phases      ] GC(312)   Evacuate Collection Set: 0.7ms
[95.469s][info][gc,phases      ] GC(312)   Post Evacuate Collection Set: 0.4ms
[95.469s][info][gc,phases      ] GC(312)   Other: 0.1ms
[95.469s][info][gc,heap        ] GC(312) Eden regions: 49->0(48)
[95.469s][info][gc,heap        ] GC(312) Survivor regions: 2->3(7)
[95.469s][info][gc,heap        ] GC(312) Old regions: 66->66
[95.469s][info][gc,heap        ] GC(312) Archive regions: 0->0
[95.469s][info][gc,heap        ] GC(312) Humongous regions: 877->877
[95.469s][info][gc,metaspace   ] GC(312) Metaspace: 114869K(125632K)->114869K(125632K) NonClass: 98149K(104768K)->98149K(104768K) Class: 16719K(20864K)->16719K(20864K)
[95.469s][info][gc             ] GC(312) Pause Young (Normal) (G1 Evacuation Pause) 983M->934M(1024M) 1.667ms
[95.469s][info][gc,cpu         ] GC(312) User=0.00s Sys=0.00s Real=0.00s
[95.475s][info][gc,start       ] GC(313) Pause Young (Normal) (G1 Evacuation Pause)
[95.475s][info][gc,task        ] GC(313) Using 24 workers of 33 for evacuation
[95.476s][info][gc,phases      ] GC(313)   Pre Evacuate Collection Set: 0.1ms
[95.476s][info][gc,phases      ] GC(313)   Merge Heap Roots: 0.1ms
[95.476s][info][gc,phases      ] GC(313)   Evacuate Collection Set: 0.7ms
[95.476s][info][gc,phases      ] GC(313)   Post Evacuate Collection Set: 0.4ms
[95.476s][info][gc,phases      ] GC(313)   Other: 0.1ms
[95.476s][info][gc,heap        ] GC(313) Eden regions: 48->0(49)
[95.476s][info][gc,heap        ] GC(313) Survivor regions: 3->2(7)
[95.477s][info][gc,heap        ] GC(313) Old regions: 66->66
[95.477s][info][gc,heap        ] GC(313) Archive regions: 0->0
[95.477s][info][gc,heap        ] GC(313) Humongous regions: 883->882
[95.477s][info][gc,metaspace   ] GC(313) Metaspace: 114870K(125632K)->114870K(125632K) NonClass: 98150K(104768K)->98150K(104768K) Class: 16720K(20864K)->16720K(20864K)
[95.477s][info][gc             ] GC(313) Pause Young (Normal) (G1 Evacuation Pause) 988M->939M(1024M) 1.557ms
[95.477s][info][gc,cpu         ] GC(313) User=0.00s Sys=0.00s Real=0.00s
[95.477s][info][gc,marking     ] GC(300) Concurrent Rebuild Remembered Sets and Scrub Regions 19.595ms
[95.477s][info][gc,start       ] GC(300) Pause Cleanup
[95.478s][info][gc             ] GC(300) Pause Cleanup 946M->946M(1024M) 0.374ms
[95.478s][info][gc,cpu         ] GC(300) User=0.00s Sys=0.00s Real=0.00s
[95.478s][info][gc,marking     ] GC(300) Concurrent Clear Claimed Marks
[95.478s][info][gc,marking     ] GC(300) Concurrent Clear Claimed Marks 0.255ms
[95.478s][info][gc,marking     ] GC(300) Concurrent Cleanup for Next Mark
[95.481s][info][gc,marking     ] GC(300) Concurrent Cleanup for Next Mark 2.673ms
[95.481s][info][gc             ] GC(300) Concurrent Mark Cycle 165.949ms
[95.482s][info][gc,start       ] GC(314) Pause Young (Prepare Mixed) (G1 Evacuation Pause)
[95.483s][info][gc,task        ] GC(314) Using 24 workers of 33 for evacuation
[95.484s][info][gc,phases      ] GC(314)   Pre Evacuate Collection Set: 0.1ms
[95.484s][info][gc,phases      ] GC(314)   Merge Heap Roots: 0.5ms
[95.484s][info][gc,phases      ] GC(314)   Evacuate Collection Set: 0.6ms
[95.484s][info][gc,phases      ] GC(314)   Post Evacuate Collection Set: 0.4ms
[95.484s][info][gc,phases      ] GC(314)   Other: 0.1ms
[95.484s][info][gc,heap        ] GC(314) Eden regions: 49->0(48)
[95.484s][info][gc,heap        ] GC(314) Survivor regions: 2->3(7)
[95.484s][info][gc,heap        ] GC(314) Old regions: 66->66
[95.484s][info][gc,heap        ] GC(314) Archive regions: 0->0
[95.484s][info][gc,heap        ] GC(314) Humongous regions: 890->890
[95.484s][info][gc,metaspace   ] GC(314) Metaspace: 114871K(125632K)->114871K(125632K) NonClass: 98151K(104768K)->98151K(104768K) Class: 16720K(20864K)->16720K(20864K)
[95.484s][info][gc             ] GC(314) Pause Young (Prepare Mixed) (G1 Evacuation Pause) 996M->947M(1024M) 1.878ms
[95.484s][info][gc,cpu         ] GC(314) User=0.00s Sys=0.00s Real=0.00s
[95.504s][info][gc,start       ] GC(315) Pause Young (Mixed) (G1 Evacuation Pause)
[95.504s][info][gc,task        ] GC(315) Using 24 workers of 33 for evacuation
[95.506s][info][gc,phases      ] GC(315)   Pre Evacuate Collection Set: 0.1ms
[95.506s][info][gc,phases      ] GC(315)   Merge Heap Roots: 0.1ms
[95.506s][info][gc,phases      ] GC(315)   Evacuate Collection Set: 0.9ms
[95.506s][info][gc,phases      ] GC(315)   Post Evacuate Collection Set: 0.5ms
[95.506s][info][gc,phases      ] GC(315)   Other: 0.1ms
[95.506s][info][gc,heap        ] GC(315) Eden regions: 48->0(48)
[95.506s][info][gc,heap        ] GC(315) Survivor regions: 3->3(7)
[95.506s][info][gc,heap        ] GC(315) Old regions: 66->64
[95.506s][info][gc,heap        ] GC(315) Archive regions: 0->0
[95.506s][info][gc,heap        ] GC(315) Humongous regions: 896->866
[95.506s][info][gc,metaspace   ] GC(315) Metaspace: 114899K(125632K)->114899K(125632K) NonClass: 98178K(104768K)->98178K(104768K) Class: 16721K(20864K)->16721K(20864K)
[95.506s][info][gc             ] GC(315) Pause Young (Mixed) (G1 Evacuation Pause) 1001M->923M(1024M) 1.943ms
[95.506s][info][gc,cpu         ] GC(315) User=0.00s Sys=0.00s Real=0.00s
[95.507s][info][gc,start       ] GC(316) Pause Young (Concurrent Start) (G1 Humongous Allocation)
[95.507s][info][gc,task        ] GC(316) Using 24 workers of 33 for evacuation
[95.508s][info][gc,phases      ] GC(316)   Pre Evacuate Collection Set: 0.3ms
[95.508s][info][gc,phases      ] GC(316)   Merge Heap Roots: 0.1ms
[95.508s][info][gc,phases      ] GC(316)   Evacuate Collection Set: 1.0ms
[95.508s][info][gc,phases      ] GC(316)   Post Evacuate Collection Set: 0.4ms
[95.509s][info][gc,phases      ] GC(316)   Other: 0.0ms
[95.509s][info][gc,heap        ] GC(316) Eden regions: 6->0(48)
[95.509s][info][gc,heap        ] GC(316) Survivor regions: 3->3(7)
[95.509s][info][gc,heap        ] GC(316) Old regions: 64->64
[95.509s][info][gc,heap        ] GC(316) Archive regions: 0->0
[95.509s][info][gc,heap        ] GC(316) Humongous regions: 866->864
[95.509s][info][gc,metaspace   ] GC(316) Metaspace: 114899K(125632K)->114899K(125632K) NonClass: 98178K(104768K)->98178K(104768K) Class: 16721K(20864K)->16721K(20864K)
[95.509s][info][gc             ] GC(316) Pause Young (Concurrent Start) (G1 Humongous Allocation) 929M->922M(1024M) 1.982ms
[95.509s][info][gc             ] GC(317) Concurrent Mark Cycle
[95.509s][info][gc,cpu         ] GC(316) User=0.00s Sys=0.00s Real=0.00s
[95.509s][info][gc,marking     ] GC(317) Concurrent Scan Root Regions
[95.513s][info][gc,start       ] GC(318) Pause Young (Normal) (G1 Evacuation Pause)
[95.513s][info][gc,task        ] GC(318) Using 24 workers of 33 for evacuation
[95.513s][info][gc,marking     ] GC(317) Concurrent Scan Root Regions 4.506ms
[95.513s][info][gc,marking     ] GC(317) Concurrent Mark
[95.513s][info][gc,marking     ] GC(317) Concurrent Mark From Roots
[95.513s][info][gc,task        ] GC(317) Using 8 workers of 8 for marking
[95.515s][info][gc,phases      ] GC(318)   Pre Evacuate Collection Set: 0.6ms
[95.515s][info][gc,phases      ] GC(318)   Merge Heap Roots: 0.1ms
[95.515s][info][gc,phases      ] GC(318)   Evacuate Collection Set: 0.8ms
[95.515s][info][gc,phases      ] GC(318)   Post Evacuate Collection Set: 0.5ms
[95.515s][info][gc,phases      ] GC(318)   Other: 0.1ms
[95.515s][info][gc,heap        ] GC(318) Eden regions: 48->0(48)
[95.515s][info][gc,heap        ] GC(318) Survivor regions: 3->3(7)
[95.515s][info][gc,heap        ] GC(318) Old regions: 64->64
[95.515s][info][gc,heap        ] GC(318) Archive regions: 0->0
[95.515s][info][gc,heap        ] GC(318) Humongous regions: 868->866
[95.515s][info][gc,metaspace   ] GC(318) Metaspace: 114902K(125632K)->114902K(125632K) NonClass: 98180K(104768K)->98180K(104768K) Class: 16722K(20864K)->16722K(20864K)
[95.515s][info][gc             ] GC(318) Pause Young (Normal) (G1 Evacuation Pause) 974M->924M(1024M) 2.384ms
[95.515s][info][gc,cpu         ] GC(318) User=0.00s Sys=0.00s Real=0.00s
[95.519s][info][gc,start       ] GC(319) Pause Young (Normal) (G1 Evacuation Pause)
[95.519s][info][gc,task        ] GC(319) Using 24 workers of 33 for evacuation
[95.521s][info][gc,phases      ] GC(319)   Pre Evacuate Collection Set: 0.2ms
[95.521s][info][gc,phases      ] GC(319)   Merge Heap Roots: 0.1ms
[95.521s][info][gc,phases      ] GC(319)   Evacuate Collection Set: 0.9ms
[95.521s][info][gc,phases      ] GC(319)   Post Evacuate Collection Set: 0.6ms
[95.521s][info][gc,phases      ] GC(319)   Other: 0.1ms
[95.521s][info][gc,heap        ] GC(319) Eden regions: 48->0(49)
[95.521s][info][gc,heap        ] GC(319) Survivor regions: 3->2(7)
[95.521s][info][gc,heap        ] GC(319) Old regions: 64->64
[95.521s][info][gc,heap        ] GC(319) Archive regions: 0->0
[95.521s][info][gc,heap        ] GC(319) Humongous regions: 867->867
[95.521s][info][gc,metaspace   ] GC(319) Metaspace: 114902K(125632K)->114902K(125632K) NonClass: 98180K(104768K)->98180K(104768K) Class: 16722K(20864K)->16722K(20864K)
[95.521s][info][gc             ] GC(319) Pause Young (Normal) (G1 Evacuation Pause) 973M->924M(1024M) 2.214ms
[95.521s][info][gc,cpu         ] GC(319) User=0.00s Sys=0.00s Real=0.00s
[95.526s][info][gc,start       ] GC(320) Pause Young (Normal) (G1 Evacuation Pause)
[95.526s][info][gc,task        ] GC(320) Using 24 workers of 33 for evacuation
[95.528s][info][gc,phases      ] GC(320)   Pre Evacuate Collection Set: 0.1ms
[95.528s][info][gc,phases      ] GC(320)   Merge Heap Roots: 0.1ms
[95.528s][info][gc,phases      ] GC(320)   Evacuate Collection Set: 1.0ms
[95.528s][info][gc,phases      ] GC(320)   Post Evacuate Collection Set: 0.5ms
[95.528s][info][gc,phases      ] GC(320)   Other: 0.1ms
[95.528s][info][gc,heap        ] GC(320) Eden regions: 49->0(49)
[95.528s][info][gc,heap        ] GC(320) Survivor regions: 2->2(7)
[95.528s][info][gc,heap        ] GC(320) Old regions: 64->64
[95.528s][info][gc,heap        ] GC(320) Archive regions: 0->0
[95.528s][info][gc,heap        ] GC(320) Humongous regions: 869->869
[95.528s][info][gc,metaspace   ] GC(320) Metaspace: 114904K(125632K)->114904K(125632K) NonClass: 98181K(104768K)->98181K(104768K) Class: 16723K(20864K)->16723K(20864K)
[95.528s][info][gc             ] GC(320) Pause Young (Normal) (G1 Evacuation Pause) 975M->926M(1024M) 2.154ms
[95.528s][info][gc,cpu         ] GC(320) User=0.00s Sys=0.00s Real=0.00s
[95.532s][info][gc,start       ] GC(321) Pause Young (Normal) (G1 Evacuation Pause)
[95.532s][info][gc,task        ] GC(321) Using 24 workers of 33 for evacuation
[95.534s][info][gc,phases      ] GC(321)   Pre Evacuate Collection Set: 0.2ms
[95.534s][info][gc,phases      ] GC(321)   Merge Heap Roots: 0.1ms
[95.534s][info][gc,phases      ] GC(321)   Evacuate Collection Set: 0.9ms
[95.534s][info][gc,phases      ] GC(321)   Post Evacuate Collection Set: 0.4ms
[95.534s][info][gc,phases      ] GC(321)   Other: 0.1ms
[95.534s][info][gc,heap        ] GC(321) Eden regions: 49->0(49)
[95.534s][info][gc,heap        ] GC(321) Survivor regions: 2->2(7)
[95.534s][info][gc,heap        ] GC(321) Old regions: 64->64
[95.534s][info][gc,heap        ] GC(321) Archive regions: 0->0
[95.534s][info][gc,heap        ] GC(321) Humongous regions: 869->868
[95.534s][info][gc,metaspace   ] GC(321) Metaspace: 114906K(125632K)->114906K(125632K) NonClass: 98182K(104768K)->98182K(104768K) Class: 16723K(20864K)->16723K(20864K)
[95.534s][info][gc             ] GC(321) Pause Young (Normal) (G1 Evacuation Pause) 975M->925M(1024M) 1.875ms
[95.534s][info][gc,cpu         ] GC(321) User=0.00s Sys=0.00s Real=0.00s
[95.538s][info][gc,start       ] GC(322) Pause Young (Normal) (G1 Evacuation Pause)
[95.538s][info][gc,task        ] GC(322) Using 24 workers of 33 for evacuation
[95.540s][info][gc,phases      ] GC(322)   Pre Evacuate Collection Set: 0.1ms
[95.540s][info][gc,phases      ] GC(322)   Merge Heap Roots: 0.1ms
[95.540s][info][gc,phases      ] GC(322)   Evacuate Collection Set: 0.8ms
[95.540s][info][gc,phases      ] GC(322)   Post Evacuate Collection Set: 0.4ms
[95.540s][info][gc,phases      ] GC(322)   Other: 0.1ms
[95.540s][info][gc,heap        ] GC(322) Eden regions: 49->0(49)
[95.540s][info][gc,heap        ] GC(322) Survivor regions: 2->2(7)
[95.540s][info][gc,heap        ] GC(322) Old regions: 64->64
[95.540s][info][gc,heap        ] GC(322) Archive regions: 0->0
[95.540s][info][gc,heap        ] GC(322) Humongous regions: 874->873
[95.540s][info][gc,metaspace   ] GC(322) Metaspace: 114909K(125632K)->114909K(125632K) NonClass: 98184K(104768K)->98184K(104768K) Class: 16724K(20864K)->16724K(20864K)
[95.540s][info][gc             ] GC(322) Pause Young (Normal) (G1 Evacuation Pause) 980M->930M(1024M) 1.813ms
[95.540s][info][gc,cpu         ] GC(322) User=0.00s Sys=0.00s Real=0.00s
[95.545s][info][gc,start       ] GC(323) Pause Young (Normal) (G1 Evacuation Pause)
[95.545s][info][gc,task        ] GC(323) Using 24 workers of 33 for evacuation
[95.546s][info][gc,phases      ] GC(323)   Pre Evacuate Collection Set: 0.2ms
[95.546s][info][gc,phases      ] GC(323)   Merge Heap Roots: 0.1ms
[95.546s][info][gc,phases      ] GC(323)   Evacuate Collection Set: 0.7ms
[95.546s][info][gc,phases      ] GC(323)   Post Evacuate Collection Set: 0.4ms
[95.546s][info][gc,phases      ] GC(323)   Other: 0.1ms
[95.546s][info][gc,heap        ] GC(323) Eden regions: 49->0(49)
[95.546s][info][gc,heap        ] GC(323) Survivor regions: 2->2(7)
[95.546s][info][gc,heap        ] GC(323) Old regions: 64->65
[95.546s][info][gc,heap        ] GC(323) Archive regions: 0->0
[95.546s][info][gc,heap        ] GC(323) Humongous regions: 875->875
[95.546s][info][gc,metaspace   ] GC(323) Metaspace: 114913K(125632K)->114913K(125632K) NonClass: 98188K(104768K)->98188K(104768K) Class: 16725K(20864K)->16725K(20864K)
[95.546s][info][gc             ] GC(323) Pause Young (Normal) (G1 Evacuation Pause) 981M->932M(1024M) 1.639ms
[95.546s][info][gc,cpu         ] GC(323) User=0.00s Sys=0.00s Real=0.00s
[95.550s][info][gc,start       ] GC(324) Pause Young (Normal) (G1 Evacuation Pause)
[95.551s][info][gc,task        ] GC(324) Using 24 workers of 33 for evacuation
[95.552s][info][gc,phases      ] GC(324)   Pre Evacuate Collection Set: 0.1ms
[95.552s][info][gc,phases      ] GC(324)   Merge Heap Roots: 0.1ms
[95.552s][info][gc,phases      ] GC(324)   Evacuate Collection Set: 0.7ms
[95.552s][info][gc,phases      ] GC(324)   Post Evacuate Collection Set: 0.4ms
[95.552s][info][gc,phases      ] GC(324)   Other: 0.1ms
[95.552s][info][gc,heap        ] GC(324) Eden regions: 49->0(49)
[95.552s][info][gc,heap        ] GC(324) Survivor regions: 2->2(7)
[95.552s][info][gc,heap        ] GC(324) Old regions: 65->65
[95.552s][info][gc,heap        ] GC(324) Archive regions: 0->0
[95.552s][info][gc,heap        ] GC(324) Humongous regions: 883->882
[95.552s][info][gc,metaspace   ] GC(324) Metaspace: 114915K(125632K)->114915K(125632K) NonClass: 98189K(104768K)->98189K(104768K) Class: 16725K(20864K)->16725K(20864K)
[95.552s][info][gc             ] GC(324) Pause Young (Normal) (G1 Evacuation Pause) 989M->939M(1024M) 1.598ms
[95.552s][info][gc,cpu         ] GC(324) User=0.00s Sys=0.00s Real=0.00s
[95.556s][info][gc,start       ] GC(325) Pause Young (Normal) (G1 Evacuation Pause)
[95.556s][info][gc,task        ] GC(325) Using 24 workers of 33 for evacuation
[95.558s][info][gc,phases      ] GC(325)   Pre Evacuate Collection Set: 0.1ms
[95.558s][info][gc,phases      ] GC(325)   Merge Heap Roots: 0.1ms
[95.558s][info][gc,phases      ] GC(325)   Evacuate Collection Set: 0.7ms
[95.558s][info][gc,phases      ] GC(325)   Post Evacuate Collection Set: 0.4ms
[95.558s][info][gc,phases      ] GC(325)   Other: 0.1ms
[95.558s][info][gc,heap        ] GC(325) Eden regions: 49->0(50)
[95.558s][info][gc,heap        ] GC(325) Survivor regions: 2->1(7)
[95.558s][info][gc,heap        ] GC(325) Old regions: 65->65
[95.558s][info][gc,heap        ] GC(325) Archive regions: 0->0
[95.558s][info][gc,heap        ] GC(325) Humongous regions: 886->885
[95.558s][info][gc,metaspace   ] GC(325) Metaspace: 114917K(125632K)->114917K(125632K) NonClass: 98191K(104768K)->98191K(104768K) Class: 16726K(20864K)->16726K(20864K)
[95.558s][info][gc             ] GC(325) Pause Young (Normal) (G1 Evacuation Pause) 992M->941M(1024M) 1.681ms
[95.558s][info][gc,cpu         ] GC(325) User=0.00s Sys=0.00s Real=0.00s
[95.561s][info][gc,marking     ] GC(317) Concurrent Mark From Roots 47.871ms
[95.561s][info][gc,marking     ] GC(317) Concurrent Preclean
[95.562s][info][gc,start       ] GC(326) Pause Young (Normal) (G1 Evacuation Pause)
[95.562s][info][gc,task        ] GC(326) Using 24 workers of 33 for evacuation
[95.563s][info][gc,phases      ] GC(326)   Pre Evacuate Collection Set: 0.2ms
[95.563s][info][gc,phases      ] GC(326)   Merge Heap Roots: 0.1ms
[95.563s][info][gc,phases      ] GC(326)   Evacuate Collection Set: 0.7ms
[95.563s][info][gc,phases      ] GC(326)   Post Evacuate Collection Set: 0.4ms
[95.563s][info][gc,phases      ] GC(326)   Other: 0.1ms
[95.563s][info][gc,heap        ] GC(326) Eden regions: 50->0(50)
[95.563s][info][gc,heap        ] GC(326) Survivor regions: 1->1(7)
[95.563s][info][gc,heap        ] GC(326) Old regions: 65->65
[95.563s][info][gc,heap        ] GC(326) Archive regions: 0->0
[95.563s][info][gc,heap        ] GC(326) Humongous regions: 889->889
[95.563s][info][gc,metaspace   ] GC(326) Metaspace: 114920K(125632K)->114920K(125632K) NonClass: 98193K(104768K)->98193K(104768K) Class: 16727K(20864K)->16727K(20864K)
[95.563s][info][gc             ] GC(326) Pause Young (Normal) (G1 Evacuation Pause) 995M->945M(1024M) 1.562ms
[95.563s][info][gc,cpu         ] GC(326) User=0.00s Sys=0.00s Real=0.00s
[95.565s][info][gc,marking     ] GC(317) Concurrent Preclean 3.166ms
[95.565s][info][gc,start       ] GC(317) Pause Remark
[95.567s][info][gc             ] GC(317) Pause Remark 968M->914M(1024M) 1.358ms
[95.567s][info][gc,cpu         ] GC(317) User=0.00s Sys=0.02s Real=0.00s
[95.567s][info][gc,marking     ] GC(317) Concurrent Mark 53.674ms
[95.567s][info][gc,marking     ] GC(317) Concurrent Rebuild Remembered Sets and Scrub Regions
[95.570s][info][gc,start       ] GC(327) Pause Young (Normal) (G1 Evacuation Pause)
[95.571s][info][gc,task        ] GC(327) Using 24 workers of 33 for evacuation
[95.572s][info][gc,phases      ] GC(327)   Pre Evacuate Collection Set: 0.1ms
[95.572s][info][gc,phases      ] GC(327)   Merge Heap Roots: 0.1ms
[95.572s][info][gc,phases      ] GC(327)   Evacuate Collection Set: 0.6ms
[95.572s][info][gc,phases      ] GC(327)   Post Evacuate Collection Set: 0.4ms
[95.572s][info][gc,phases      ] GC(327)   Other: 0.1ms
[95.572s][info][gc,heap        ] GC(327) Eden regions: 50->0(63)
[95.572s][info][gc,heap        ] GC(327) Survivor regions: 1->1(7)
[95.572s][info][gc,heap        ] GC(327) Old regions: 64->64
[95.572s][info][gc,heap        ] GC(327) Archive regions: 0->0
[95.572s][info][gc,heap        ] GC(327) Humongous regions: 843->843
[95.572s][info][gc,metaspace   ] GC(327) Metaspace: 114938K(125632K)->114938K(125632K) NonClass: 98209K(104768K)->98209K(104768K) Class: 16728K(20864K)->16728K(20864K)
[95.572s][info][gc             ] GC(327) Pause Young (Normal) (G1 Evacuation Pause) 949M->899M(1024M) 1.506ms
[95.572s][info][gc,cpu         ] GC(327) User=0.00s Sys=0.00s Real=0.00s
[95.578s][info][gc,start       ] GC(328) Pause Young (Normal) (G1 Evacuation Pause)
[95.578s][info][gc,task        ] GC(328) Using 24 workers of 33 for evacuation
[95.579s][info][gc,phases      ] GC(328)   Pre Evacuate Collection Set: 0.1ms
[95.579s][info][gc,phases      ] GC(328)   Merge Heap Roots: 0.3ms
[95.579s][info][gc,phases      ] GC(328)   Evacuate Collection Set: 0.7ms
[95.579s][info][gc,phases      ] GC(328)   Post Evacuate Collection Set: 0.4ms
[95.579s][info][gc,phases      ] GC(328)   Other: 0.1ms
[95.579s][info][gc,heap        ] GC(328) Eden regions: 63->0(57)
[95.579s][info][gc,heap        ] GC(328) Survivor regions: 1->1(8)
[95.579s][info][gc,heap        ] GC(328) Old regions: 64->64
[95.579s][info][gc,heap        ] GC(328) Archive regions: 0->0
[95.579s][info][gc,heap        ] GC(328) Humongous regions: 849->849
[95.579s][info][gc,metaspace   ] GC(328) Metaspace: 114938K(125632K)->114938K(125632K) NonClass: 98209K(104768K)->98209K(104768K) Class: 16728K(20864K)->16728K(20864K)
[95.579s][info][gc             ] GC(328) Pause Young (Normal) (G1 Evacuation Pause) 968M->905M(1024M) 1.787ms
[95.579s][info][gc,cpu         ] GC(328) User=0.00s Sys=0.00s Real=0.00s
[95.583s][info][gc,marking     ] GC(317) Concurrent Rebuild Remembered Sets and Scrub Regions 16.194ms
[95.584s][info][gc,start       ] GC(317) Pause Cleanup
[95.584s][info][gc             ] GC(317) Pause Cleanup 959M->959M(1024M) 0.219ms
[95.584s][info][gc,cpu         ] GC(317) User=0.00s Sys=0.00s Real=0.00s
[95.584s][info][gc,marking     ] GC(317) Concurrent Clear Claimed Marks
[95.584s][info][gc,marking     ] GC(317) Concurrent Clear Claimed Marks 0.395ms
[95.584s][info][gc,marking     ] GC(317) Concurrent Cleanup for Next Mark
[95.585s][info][gc,start       ] GC(329) Pause Young (Prepare Mixed) (G1 Evacuation Pause)
[95.585s][info][gc,task        ] GC(329) Using 24 workers of 33 for evacuation
[95.587s][info][gc,phases      ] GC(329)   Pre Evacuate Collection Set: 0.1ms
[95.587s][info][gc,phases      ] GC(329)   Merge Heap Roots: 0.3ms
[95.587s][info][gc,phases      ] GC(329)   Evacuate Collection Set: 0.6ms
[95.587s][info][gc,phases      ] GC(329)   Post Evacuate Collection Set: 0.4ms
[95.587s][info][gc,phases      ] GC(329)   Other: 0.1ms
[95.587s][info][gc,heap        ] GC(329) Eden regions: 57->0(50)
[95.587s][info][gc,heap        ] GC(329) Survivor regions: 1->1(8)
[95.587s][info][gc,heap        ] GC(329) Old regions: 64->64
[95.587s][info][gc,heap        ] GC(329) Archive regions: 0->0
[95.587s][info][gc,heap        ] GC(329) Humongous regions: 857->857
[95.587s][info][gc,metaspace   ] GC(329) Metaspace: 114940K(125632K)->114940K(125632K) NonClass: 98211K(104768K)->98211K(104768K) Class: 16729K(20864K)->16729K(20864K)
[95.587s][info][gc             ] GC(329) Pause Young (Prepare Mixed) (G1 Evacuation Pause) 970M->913M(1024M) 1.657ms
[95.587s][info][gc,cpu         ] GC(329) User=0.00s Sys=0.00s Real=0.00s
[95.589s][info][gc,marking     ] GC(317) Concurrent Cleanup for Next Mark 4.887ms
[95.590s][info][gc             ] GC(317) Concurrent Mark Cycle 80.953ms
[95.592s][info][gc,start       ] GC(330) Pause Young (Mixed) (G1 Evacuation Pause)
[95.593s][info][gc,task        ] GC(330) Using 24 workers of 33 for evacuation
[95.594s][info][gc,phases      ] GC(330)   Pre Evacuate Collection Set: 0.1ms
[95.594s][info][gc,phases      ] GC(330)   Merge Heap Roots: 0.1ms
[95.594s][info][gc,phases      ] GC(330)   Evacuate Collection Set: 0.7ms
[95.594s][info][gc,phases      ] GC(330)   Post Evacuate Collection Set: 0.3ms
[95.594s][info][gc,phases      ] GC(330)   Other: 0.1ms
[95.594s][info][gc,heap        ] GC(330) Eden regions: 50->0(50)
[95.594s][info][gc,heap        ] GC(330) Survivor regions: 1->1(7)
[95.594s][info][gc,heap        ] GC(330) Old regions: 64->61
[95.594s][info][gc,heap        ] GC(330) Archive regions: 0->0
[95.594s][info][gc,heap        ] GC(330) Humongous regions: 861->861
[95.594s][info][gc,metaspace   ] GC(330) Metaspace: 114971K(125632K)->114971K(125632K) NonClass: 98240K(104768K)->98240K(104768K) Class: 16730K(20864K)->16730K(20864K)
[95.594s][info][gc             ] GC(330) Pause Young (Mixed) (G1 Evacuation Pause) 967M->915M(1024M) 1.496ms
[95.594s][info][gc,cpu         ] GC(330) User=0.00s Sys=0.00s Real=0.00s
[95.595s][info][gc,start       ] GC(331) Pause Young (Concurrent Start) (G1 Humongous Allocation)
[95.595s][info][gc,task        ] GC(331) Using 24 workers of 33 for evacuation
[95.597s][info][gc,phases      ] GC(331)   Pre Evacuate Collection Set: 0.2ms
[95.597s][info][gc,phases      ] GC(331)   Merge Heap Roots: 0.1ms
[95.597s][info][gc,phases      ] GC(331)   Evacuate Collection Set: 0.9ms
[95.597s][info][gc,phases      ] GC(331)   Post Evacuate Collection Set: 0.4ms
[95.597s][info][gc,phases      ] GC(331)   Other: 0.0ms
[95.597s][info][gc,heap        ] GC(331) Eden regions: 17->0(50)
[95.597s][info][gc,heap        ] GC(331) Survivor regions: 1->1(7)
[95.597s][info][gc,heap        ] GC(331) Old regions: 61->61
[95.597s][info][gc,heap        ] GC(331) Archive regions: 0->0
[95.597s][info][gc,heap        ] GC(331) Humongous regions: 861->861
[95.597s][info][gc,metaspace   ] GC(331) Metaspace: 114973K(125632K)->114973K(125632K) NonClass: 98242K(104768K)->98242K(104768K) Class: 16731K(20864K)->16731K(20864K)
[95.597s][info][gc             ] GC(331) Pause Young (Concurrent Start) (G1 Humongous Allocation) 932M->915M(1024M) 1.803ms
[95.597s][info][gc             ] GC(332) Concurrent Mark Cycle
[95.597s][info][gc,cpu         ] GC(331) User=0.02s Sys=0.14s Real=0.02s
[95.597s][info][gc,marking     ] GC(332) Concurrent Scan Root Regions
[95.601s][info][gc,start       ] GC(333) Pause Young (Normal) (G1 Evacuation Pause)
[95.601s][info][gc,task        ] GC(333) Using 24 workers of 33 for evacuation
[95.602s][info][gc,marking     ] GC(332) Concurrent Scan Root Regions 4.467ms
[95.602s][info][gc,marking     ] GC(332) Concurrent Mark
[95.602s][info][gc,marking     ] GC(332) Concurrent Mark From Roots
[95.602s][info][gc,task        ] GC(332) Using 8 workers of 8 for marking
[95.603s][info][gc,phases      ] GC(333)   Pre Evacuate Collection Set: 1.0ms
[95.603s][info][gc,phases      ] GC(333)   Merge Heap Roots: 0.1ms
[95.603s][info][gc,phases      ] GC(333)   Evacuate Collection Set: 0.5ms
[95.603s][info][gc,phases      ] GC(333)   Post Evacuate Collection Set: 0.4ms
[95.603s][info][gc,phases      ] GC(333)   Other: 0.1ms
[95.603s][info][gc,heap        ] GC(333) Eden regions: 50->0(50)
[95.603s][info][gc,heap        ] GC(333) Survivor regions: 1->1(7)
[95.603s][info][gc,heap        ] GC(333) Old regions: 61->61
[95.603s][info][gc,heap        ] GC(333) Archive regions: 0->0
[95.603s][info][gc,heap        ] GC(333) Humongous regions: 863->862
[95.603s][info][gc,metaspace   ] GC(333) Metaspace: 114973K(125632K)->114973K(125632K) NonClass: 98242K(104768K)->98242K(104768K) Class: 16731K(20864K)->16731K(20864K)
[95.603s][info][gc             ] GC(333) Pause Young (Normal) (G1 Evacuation Pause) 967M->916M(1024M) 2.230ms
[95.603s][info][gc,cpu         ] GC(333) User=0.00s Sys=0.00s Real=0.00s
[95.607s][info][gc,start       ] GC(334) Pause Young (Normal) (G1 Evacuation Pause)
[95.607s][info][gc,task        ] GC(334) Using 24 workers of 33 for evacuation
[95.608s][info][gc,phases      ] GC(334)   Pre Evacuate Collection Set: 0.1ms
[95.608s][info][gc,phases      ] GC(334)   Merge Heap Roots: 0.1ms
[95.608s][info][gc,phases      ] GC(334)   Evacuate Collection Set: 0.6ms
[95.608s][info][gc,phases      ] GC(334)   Post Evacuate Collection Set: 0.4ms
[95.608s][info][gc,phases      ] GC(334)   Other: 0.1ms
[95.608s][info][gc,heap        ] GC(334) Eden regions: 50->0(50)
[95.608s][info][gc,heap        ] GC(334) Survivor regions: 1->1(7)
[95.608s][info][gc,heap        ] GC(334) Old regions: 61->61
[95.608s][info][gc,heap        ] GC(334) Archive regions: 0->0
[95.608s][info][gc,heap        ] GC(334) Humongous regions: 866->866
[95.608s][info][gc,metaspace   ] GC(334) Metaspace: 114974K(125632K)->114974K(125632K) NonClass: 98243K(104768K)->98243K(104768K) Class: 16731K(20864K)->16731K(20864K)
[95.608s][info][gc             ] GC(334) Pause Young (Normal) (G1 Evacuation Pause) 970M->920M(1024M) 1.466ms
[95.608s][info][gc,cpu         ] GC(334) User=0.00s Sys=0.00s Real=0.00s
[95.612s][info][gc,start       ] GC(335) Pause Young (Normal) (G1 Evacuation Pause)
[95.612s][info][gc,task        ] GC(335) Using 24 workers of 33 for evacuation
[95.614s][info][gc,phases      ] GC(335)   Pre Evacuate Collection Set: 0.1ms
[95.614s][info][gc,phases      ] GC(335)   Merge Heap Roots: 0.1ms
[95.614s][info][gc,phases      ] GC(335)   Evacuate Collection Set: 0.9ms
[95.614s][info][gc,phases      ] GC(335)   Post Evacuate Collection Set: 0.4ms
[95.614s][info][gc,phases      ] GC(335)   Other: 0.1ms
[95.614s][info][gc,heap        ] GC(335) Eden regions: 50->0(50)
[95.614s][info][gc,heap        ] GC(335) Survivor regions: 1->1(7)
[95.614s][info][gc,heap        ] GC(335) Old regions: 61->61
[95.614s][info][gc,heap        ] GC(335) Archive regions: 0->0
[95.614s][info][gc,heap        ] GC(335) Humongous regions: 866->866
[95.614s][info][gc,metaspace   ] GC(335) Metaspace: 114977K(125632K)->114977K(125632K) NonClass: 98245K(104768K)->98245K(104768K) Class: 16732K(20864K)->16732K(20864K)
[95.614s][info][gc             ] GC(335) Pause Young (Normal) (G1 Evacuation Pause) 970M->920M(1024M) 1.774ms
[95.614s][info][gc,cpu         ] GC(335) User=0.06s Sys=0.02s Real=0.02s
[95.618s][info][gc,start       ] GC(336) Pause Young (Normal) (G1 Evacuation Pause)
[95.618s][info][gc,task        ] GC(336) Using 24 workers of 33 for evacuation
[95.619s][info][gc,phases      ] GC(336)   Pre Evacuate Collection Set: 0.1ms
[95.619s][info][gc,phases      ] GC(336)   Merge Heap Roots: 0.1ms
[95.619s][info][gc,phases      ] GC(336)   Evacuate Collection Set: 0.6ms
[95.619s][info][gc,phases      ] GC(336)   Post Evacuate Collection Set: 0.4ms
[95.619s][info][gc,phases      ] GC(336)   Other: 0.1ms
[95.619s][info][gc,heap        ] GC(336) Eden regions: 50->0(50)
[95.619s][info][gc,heap        ] GC(336) Survivor regions: 1->1(7)
[95.619s][info][gc,heap        ] GC(336) Old regions: 61->61
[95.619s][info][gc,heap        ] GC(336) Archive regions: 0->0
[95.619s][info][gc,heap        ] GC(336) Humongous regions: 866->866
[95.619s][info][gc,metaspace   ] GC(336) Metaspace: 114982K(125632K)->114982K(125632K) NonClass: 98249K(104768K)->98249K(104768K) Class: 16733K(20864K)->16733K(20864K)
[95.619s][info][gc             ] GC(336) Pause Young (Normal) (G1 Evacuation Pause) 970M->920M(1024M) 1.443ms
[95.619s][info][gc,cpu         ] GC(336) User=0.00s Sys=0.00s Real=0.00s
[95.623s][info][gc,start       ] GC(337) Pause Young (Normal) (G1 Evacuation Pause)
[95.623s][info][gc,task        ] GC(337) Using 24 workers of 33 for evacuation
[95.624s][info][gc,phases      ] GC(337)   Pre Evacuate Collection Set: 0.1ms
[95.624s][info][gc,phases      ] GC(337)   Merge Heap Roots: 0.1ms
[95.624s][info][gc,phases      ] GC(337)   Evacuate Collection Set: 0.6ms
[95.624s][info][gc,phases      ] GC(337)   Post Evacuate Collection Set: 0.3ms
[95.624s][info][gc,phases      ] GC(337)   Other: 0.1ms
[95.624s][info][gc,heap        ] GC(337) Eden regions: 50->0(50)
[95.624s][info][gc,heap        ] GC(337) Survivor regions: 1->1(7)
[95.624s][info][gc,heap        ] GC(337) Old regions: 61->61
[95.624s][info][gc,heap        ] GC(337) Archive regions: 0->0
[95.624s][info][gc,heap        ] GC(337) Humongous regions: 870->870
[95.624s][info][gc,metaspace   ] GC(337) Metaspace: 114996K(125632K)->114996K(125632K) NonClass: 98261K(104768K)->98261K(104768K) Class: 16734K(20864K)->16734K(20864K)
[95.624s][info][gc             ] GC(337) Pause Young (Normal) (G1 Evacuation Pause) 974M->924M(1024M) 1.371ms
[95.624s][info][gc,cpu         ] GC(337) User=0.00s Sys=0.00s Real=0.00s
[95.628s][info][gc,start       ] GC(338) Pause Young (Normal) (G1 Evacuation Pause)
[95.628s][info][gc,task        ] GC(338) Using 24 workers of 33 for evacuation
[95.629s][info][gc,phases      ] GC(338)   Pre Evacuate Collection Set: 0.1ms
[95.629s][info][gc,phases      ] GC(338)   Merge Heap Roots: 0.1ms
[95.629s][info][gc,phases      ] GC(338)   Evacuate Collection Set: 0.6ms
[95.629s][info][gc,phases      ] GC(338)   Post Evacuate Collection Set: 0.4ms
[95.629s][info][gc,phases      ] GC(338)   Other: 0.1ms
[95.629s][info][gc,heap        ] GC(338) Eden regions: 50->0(50)
[95.629s][info][gc,heap        ] GC(338) Survivor regions: 1->1(7)
[95.629s][info][gc,heap        ] GC(338) Old regions: 61->61
[95.629s][info][gc,heap        ] GC(338) Archive regions: 0->0
[95.629s][info][gc,heap        ] GC(338) Humongous regions: 870->870
[95.629s][info][gc,metaspace   ] GC(338) Metaspace: 114998K(125632K)->114998K(125632K) NonClass: 98263K(104768K)->98263K(104768K) Class: 16735K(20864K)->16735K(20864K)
[95.629s][info][gc             ] GC(338) Pause Young (Normal) (G1 Evacuation Pause) 974M->924M(1024M) 1.496ms
[95.629s][info][gc,cpu         ] GC(338) User=0.08s Sys=0.00s Real=0.02s
[95.644s][info][gc,start       ] GC(339) Pause Young (Normal) (G1 Evacuation Pause)
[95.644s][info][gc,task        ] GC(339) Using 24 workers of 33 for evacuation
[95.646s][info][gc,phases      ] GC(339)   Pre Evacuate Collection Set: 0.1ms
[95.646s][info][gc,phases      ] GC(339)   Merge Heap Roots: 0.1ms
[95.646s][info][gc,phases      ] GC(339)   Evacuate Collection Set: 0.7ms
[95.646s][info][gc,phases      ] GC(339)   Post Evacuate Collection Set: 0.4ms
[95.646s][info][gc,phases      ] GC(339)   Other: 0.1ms
[95.646s][info][gc,heap        ] GC(339) Eden regions: 50->0(50)
[95.646s][info][gc,heap        ] GC(339) Survivor regions: 1->1(7)
[95.646s][info][gc,heap        ] GC(339) Old regions: 61->61
[95.646s][info][gc,heap        ] GC(339) Archive regions: 0->0
[95.646s][info][gc,heap        ] GC(339) Humongous regions: 874->874
[95.646s][info][gc,metaspace   ] GC(339) Metaspace: 115029K(125632K)->115029K(125632K) NonClass: 98293K(104768K)->98293K(104768K) Class: 16736K(20864K)->16736K(20864K)
[95.646s][info][gc             ] GC(339) Pause Young (Normal) (G1 Evacuation Pause) 978M->929M(1024M) 1.583ms
[95.646s][info][gc,cpu         ] GC(339) User=0.00s Sys=0.00s Real=0.00s
[95.649s][info][gc,start       ] GC(340) Pause Young (Normal) (G1 Humongous Allocation)
[95.649s][info][gc,task        ] GC(340) Using 24 workers of 33 for evacuation
[95.650s][info][gc,phases      ] GC(340)   Pre Evacuate Collection Set: 0.1ms
[95.650s][info][gc,phases      ] GC(340)   Merge Heap Roots: 0.1ms
[95.650s][info][gc,phases      ] GC(340)   Evacuate Collection Set: 0.6ms
[95.650s][info][gc,phases      ] GC(340)   Post Evacuate Collection Set: 0.4ms
[95.650s][info][gc,phases      ] GC(340)   Other: 0.1ms
[95.651s][info][gc,heap        ] GC(340) Eden regions: 41->0(50)
[95.651s][info][gc,heap        ] GC(340) Survivor regions: 1->1(7)
[95.651s][info][gc,heap        ] GC(340) Old regions: 61->61
[95.651s][info][gc,heap        ] GC(340) Archive regions: 0->0
[95.651s][info][gc,heap        ] GC(340) Humongous regions: 876->876
[95.651s][info][gc,metaspace   ] GC(340) Metaspace: 115032K(125632K)->115032K(125632K) NonClass: 98294K(104768K)->98294K(104768K) Class: 16737K(20864K)->16737K(20864K)
[95.651s][info][gc             ] GC(340) Pause Young (Normal) (G1 Humongous Allocation) 972M->930M(1024M) 1.549ms
[95.651s][info][gc,cpu         ] GC(340) User=0.00s Sys=0.00s Real=0.00s
[95.655s][info][gc,start       ] GC(341) Pause Young (Normal) (G1 Evacuation Pause)
[95.655s][info][gc,task        ] GC(341) Using 24 workers of 33 for evacuation
[95.656s][info][gc,phases      ] GC(341)   Pre Evacuate Collection Set: 0.1ms
[95.656s][info][gc,phases      ] GC(341)   Merge Heap Roots: 0.1ms
[95.656s][info][gc,phases      ] GC(341)   Evacuate Collection Set: 0.8ms
[95.656s][info][gc,phases      ] GC(341)   Post Evacuate Collection Set: 0.5ms
[95.656s][info][gc,phases      ] GC(341)   Other: 0.1ms
[95.656s][info][gc,heap        ] GC(341) Eden regions: 50->0(49)
[95.656s][info][gc,heap        ] GC(341) Survivor regions: 1->2(7)
[95.656s][info][gc,heap        ] GC(341) Old regions: 61->61
[95.656s][info][gc,heap        ] GC(341) Archive regions: 0->0
[95.656s][info][gc,heap        ] GC(341) Humongous regions: 882->881
[95.656s][info][gc,metaspace   ] GC(341) Metaspace: 115032K(125632K)->115032K(125632K) NonClass: 98295K(104768K)->98295K(104768K) Class: 16737K(20864K)->16737K(20864K)
[95.656s][info][gc             ] GC(341) Pause Young (Normal) (G1 Evacuation Pause) 986M->936M(1024M) 1.851ms
[95.656s][info][gc,cpu         ] GC(341) User=0.00s Sys=0.00s Real=0.00s
[95.660s][info][gc,start       ] GC(342) Pause Young (Normal) (G1 Humongous Allocation)
[95.660s][info][gc,task        ] GC(342) Using 24 workers of 33 for evacuation
[95.661s][info][gc,phases      ] GC(342)   Pre Evacuate Collection Set: 0.1ms
[95.661s][info][gc,phases      ] GC(342)   Merge Heap Roots: 0.1ms
[95.661s][info][gc,phases      ] GC(342)   Evacuate Collection Set: 0.6ms
[95.661s][info][gc,phases      ] GC(342)   Post Evacuate Collection Set: 0.4ms
[95.661s][info][gc,phases      ] GC(342)   Other: 0.1ms
[95.662s][info][gc,heap        ] GC(342) Eden regions: 10->0(50)
[95.662s][info][gc,heap        ] GC(342) Survivor regions: 2->1(7)
[95.662s][info][gc,heap        ] GC(342) Old regions: 61->61
[95.662s][info][gc,heap        ] GC(342) Archive regions: 0->0
[95.662s][info][gc,heap        ] GC(342) Humongous regions: 889->889
[95.662s][info][gc,metaspace   ] GC(342) Metaspace: 115034K(125632K)->115034K(125632K) NonClass: 98296K(104768K)->98296K(104768K) Class: 16737K(20864K)->16737K(20864K)
[95.662s][info][gc             ] GC(342) Pause Young (Normal) (G1 Humongous Allocation) 954M->944M(1024M) 1.650ms
[95.662s][info][gc,cpu         ] GC(342) User=0.00s Sys=0.00s Real=0.00s
[95.676s][info][gc,start       ] GC(343) Pause Young (Normal) (G1 Humongous Allocation)
[95.676s][info][gc,task        ] GC(343) Using 24 workers of 33 for evacuation
[95.678s][info][gc,phases      ] GC(343)   Pre Evacuate Collection Set: 0.2ms
[95.678s][info][gc,phases      ] GC(343)   Merge Heap Roots: 0.1ms
[95.678s][info][gc,phases      ] GC(343)   Evacuate Collection Set: 1.0ms
[95.678s][info][gc,phases      ] GC(343)   Post Evacuate Collection Set: 0.5ms
[95.678s][info][gc,phases      ] GC(343)   Other: 0.1ms
[95.678s][info][gc,heap        ] GC(343) Eden regions: 7->0(49)
[95.678s][info][gc,heap        ] GC(343) Survivor regions: 1->2(7)
[95.678s][info][gc,heap        ] GC(343) Old regions: 61->61
[95.678s][info][gc,heap        ] GC(343) Archive regions: 0->0
[95.678s][info][gc,heap        ] GC(343) Humongous regions: 893->893
[95.678s][info][gc,metaspace   ] GC(343) Metaspace: 115034K(125632K)->115034K(125632K) NonClass: 98296K(104768K)->98296K(104768K) Class: 16737K(20864K)->16737K(20864K)
[95.678s][info][gc             ] GC(343) Pause Young (Normal) (G1 Humongous Allocation) 955M->948M(1024M) 2.180ms
[95.678s][info][gc,cpu         ] GC(343) User=0.00s Sys=0.00s Real=0.00s
[95.678s][info][gc,ergo        ] Attempting full compaction
[95.678s][info][gc,start       ] GC(344) Pause Full (G1 Compaction Pause)
[95.678s][info][gc,task        ] GC(344) Using 24 workers of 33 for full compaction
[95.679s][info][gc,phases,start] GC(344) Phase 1: Mark live objects
[95.709s][info][gc,phases      ] GC(344) Phase 1: Mark live objects 30.097ms
[95.709s][info][gc,phases,start] GC(344) Phase 2: Prepare compaction
[95.711s][info][gc,phases      ] GC(344) Phase 2: Prepare compaction 1.601ms
[95.711s][info][gc,phases,start] GC(344) Phase 3: Adjust pointers
[95.714s][info][gc,phases      ] GC(344) Phase 3: Adjust pointers 2.768ms
[95.714s][info][gc,phases,start] GC(344) Phase 4: Compact heap
[95.714s][info][gc,phases      ] GC(344) Phase 4: Compact heap 0.403ms
[95.719s][info][gc,heap        ] GC(344) Eden regions: 0->0(77)
[95.719s][info][gc,heap        ] GC(344) Survivor regions: 2->0(7)
[95.719s][info][gc,heap        ] GC(344) Old regions: 61->61
[95.719s][info][gc,heap        ] GC(344) Archive regions: 0->0
[95.719s][info][gc,heap        ] GC(344) Humongous regions: 893->834
[95.719s][info][gc,metaspace   ] GC(344) Metaspace: 115034K(125632K)->115034K(125632K) NonClass: 98296K(104768K)->98296K(104768K) Class: 16737K(20864K)->16737K(20864K)
[95.719s][info][gc             ] GC(344) Pause Full (G1 Compaction Pause) 948M->886M(1024M) 40.740ms
[95.719s][info][gc,cpu         ] GC(344) User=0.80s Sys=0.02s Real=0.03s
[95.719s][info][gc,marking     ] GC(332) Concurrent Mark From Roots 117.097ms
[95.719s][info][gc,marking     ] GC(332) Concurrent Mark Abort
[95.719s][info][gc             ] GC(332) Concurrent Mark Cycle 121.694ms
[95.720s][info][gc,start       ] GC(345) Pause Young (Concurrent Start) (G1 Humongous Allocation)
[95.720s][info][gc,task        ] GC(345) Using 24 workers of 33 for evacuation
[95.722s][info][gc,phases      ] GC(345)   Pre Evacuate Collection Set: 0.2ms
[95.722s][info][gc,phases      ] GC(345)   Merge Heap Roots: 0.0ms
[95.722s][info][gc,phases      ] GC(345)   Evacuate Collection Set: 1.4ms
[95.722s][info][gc,phases      ] GC(345)   Post Evacuate Collection Set: 0.4ms
[95.722s][info][gc,phases      ] GC(345)   Other: 0.1ms
[95.722s][info][gc,heap        ] GC(345) Eden regions: 1->0(68)
[95.722s][info][gc,heap        ] GC(345) Survivor regions: 0->1(10)
[95.722s][info][gc,heap        ] GC(345) Old regions: 61->61
[95.722s][info][gc,heap        ] GC(345) Archive regions: 0->0
[95.722s][info][gc,heap        ] GC(345) Humongous regions: 841->841
[95.722s][info][gc,metaspace   ] GC(345) Metaspace: 115034K(125632K)->115034K(125632K) NonClass: 98296K(104768K)->98296K(104768K) Class: 16737K(20864K)->16737K(20864K)
[95.722s][info][gc             ] GC(345) Pause Young (Concurrent Start) (G1 Humongous Allocation) 894M->894M(1024M) 2.385ms
[95.722s][info][gc             ] GC(346) Concurrent Mark Cycle
[95.722s][info][gc,cpu         ] GC(345) User=0.00s Sys=0.00s Real=0.00s
[95.722s][info][gc,marking     ] GC(346) Concurrent Scan Root Regions
[95.728s][info][gc,start       ] GC(347) Pause Young (Normal) (G1 Evacuation Pause)
[95.728s][info][gc,marking     ] GC(346) Concurrent Scan Root Regions 6.178ms
[95.728s][info][gc,marking     ] GC(346) Concurrent Mark
[95.728s][info][gc,task        ] GC(347) Using 24 workers of 33 for evacuation
[95.728s][info][gc,marking     ] GC(346) Concurrent Mark From Roots
[95.728s][info][gc,task        ] GC(346) Using 8 workers of 8 for marking
[95.730s][info][gc,phases      ] GC(347)   Pre Evacuate Collection Set: 0.1ms
[95.730s][info][gc,phases      ] GC(347)   Merge Heap Roots: 0.1ms
[95.730s][info][gc,phases      ] GC(347)   Evacuate Collection Set: 0.7ms
[95.730s][info][gc,phases      ] GC(347)   Post Evacuate Collection Set: 0.5ms
[95.730s][info][gc,phases      ] GC(347)   Other: 0.1ms
[95.730s][info][gc,heap        ] GC(347) Eden regions: 68->0(56)
[95.730s][info][gc,heap        ] GC(347) Survivor regions: 1->1(9)
[95.730s][info][gc,heap        ] GC(347) Old regions: 61->61
[95.730s][info][gc,heap        ] GC(347) Archive regions: 0->0
[95.730s][info][gc,heap        ] GC(347) Humongous regions: 853->853
[95.730s][info][gc,metaspace   ] GC(347) Metaspace: 115036K(125632K)->115036K(125632K) NonClass: 98298K(104768K)->98298K(104768K) Class: 16737K(20864K)->16737K(20864K)
[95.730s][info][gc             ] GC(347) Pause Young (Normal) (G1 Evacuation Pause) 974M->906M(1024M) 1.752ms
[95.730s][info][gc,cpu         ] GC(347) User=0.00s Sys=0.00s Real=0.00s
[95.735s][info][gc,start       ] GC(348) Pause Young (Normal) (G1 Evacuation Pause)
[95.735s][info][gc,task        ] GC(348) Using 24 workers of 33 for evacuation
[95.736s][info][gc,phases      ] GC(348)   Pre Evacuate Collection Set: 0.1ms
[95.736s][info][gc,phases      ] GC(348)   Merge Heap Roots: 0.1ms
[95.737s][info][gc,phases      ] GC(348)   Evacuate Collection Set: 0.7ms
[95.737s][info][gc,phases      ] GC(348)   Post Evacuate Collection Set: 0.4ms
[95.737s][info][gc,phases      ] GC(348)   Other: 0.1ms
[95.737s][info][gc,heap        ] GC(348) Eden regions: 56->0(50)
[95.737s][info][gc,heap        ] GC(348) Survivor regions: 1->1(8)
[95.737s][info][gc,heap        ] GC(348) Old regions: 61->61
[95.737s][info][gc,heap        ] GC(348) Archive regions: 0->0
[95.737s][info][gc,heap        ] GC(348) Humongous regions: 861->861
[95.737s][info][gc,metaspace   ] GC(348) Metaspace: 115044K(125696K)->115044K(125696K) NonClass: 98305K(104832K)->98305K(104832K) Class: 16739K(20864K)->16739K(20864K)
[95.737s][info][gc             ] GC(348) Pause Young (Normal) (G1 Evacuation Pause) 970M->914M(1024M) 1.632ms
[95.737s][info][gc,cpu         ] GC(348) User=0.00s Sys=0.00s Real=0.00s
[95.741s][info][gc,start       ] GC(349) Pause Young (Normal) (G1 Evacuation Pause)
[95.741s][info][gc,task        ] GC(349) Using 24 workers of 33 for evacuation
[95.742s][info][gc,phases      ] GC(349)   Pre Evacuate Collection Set: 0.1ms
[95.743s][info][gc,phases      ] GC(349)   Merge Heap Roots: 0.1ms
[95.743s][info][gc,phases      ] GC(349)   Evacuate Collection Set: 0.8ms
[95.743s][info][gc,phases      ] GC(349)   Post Evacuate Collection Set: 0.4ms
[95.743s][info][gc,phases      ] GC(349)   Other: 0.1ms
[95.743s][info][gc,heap        ] GC(349) Eden regions: 50->0(50)
[95.743s][info][gc,heap        ] GC(349) Survivor regions: 1->1(7)
[95.743s][info][gc,heap        ] GC(349) Old regions: 61->61
[95.743s][info][gc,heap        ] GC(349) Archive regions: 0->0
[95.743s][info][gc,heap        ] GC(349) Humongous regions: 865->865
[95.743s][info][gc,metaspace   ] GC(349) Metaspace: 115046K(125696K)->115046K(125696K) NonClass: 98306K(104832K)->98306K(104832K) Class: 16739K(20864K)->16739K(20864K)
[95.743s][info][gc             ] GC(349) Pause Young (Normal) (G1 Evacuation Pause) 968M->918M(1024M) 1.685ms
[95.743s][info][gc,cpu         ] GC(349) User=0.00s Sys=0.00s Real=0.00s
[95.746s][info][gc,start       ] GC(350) Pause Young (Normal) (G1 Evacuation Pause)
[95.746s][info][gc,task        ] GC(350) Using 24 workers of 33 for evacuation
[95.748s][info][gc,phases      ] GC(350)   Pre Evacuate Collection Set: 0.1ms
[95.748s][info][gc,phases      ] GC(350)   Merge Heap Roots: 0.1ms
[95.748s][info][gc,phases      ] GC(350)   Evacuate Collection Set: 0.9ms
[95.748s][info][gc,phases      ] GC(350)   Post Evacuate Collection Set: 0.4ms
[95.748s][info][gc,phases      ] GC(350)   Other: 0.1ms
[95.748s][info][gc,heap        ] GC(350) Eden regions: 50->0(50)
[95.748s][info][gc,heap        ] GC(350) Survivor regions: 1->1(7)
[95.748s][info][gc,heap        ] GC(350) Old regions: 61->61
[95.748s][info][gc,heap        ] GC(350) Archive regions: 0->0
[95.748s][info][gc,heap        ] GC(350) Humongous regions: 865->865
[95.748s][info][gc,metaspace   ] GC(350) Metaspace: 115046K(125696K)->115046K(125696K) NonClass: 98307K(104832K)->98307K(104832K) Class: 16739K(20864K)->16739K(20864K)
[95.748s][info][gc             ] GC(350) Pause Young (Normal) (G1 Evacuation Pause) 968M->918M(1024M) 1.709ms
[95.748s][info][gc,cpu         ] GC(350) User=0.00s Sys=0.00s Real=0.00s
[95.752s][info][gc,start       ] GC(351) Pause Young (Normal) (G1 Evacuation Pause)
[95.752s][info][gc,task        ] GC(351) Using 24 workers of 33 for evacuation
[95.753s][info][gc,phases      ] GC(351)   Pre Evacuate Collection Set: 0.1ms
[95.753s][info][gc,phases      ] GC(351)   Merge Heap Roots: 0.1ms
[95.753s][info][gc,phases      ] GC(351)   Evacuate Collection Set: 0.8ms
[95.753s][info][gc,phases      ] GC(351)   Post Evacuate Collection Set: 0.4ms
[95.753s][info][gc,phases      ] GC(351)   Other: 0.1ms
[95.753s][info][gc,heap        ] GC(351) Eden regions: 50->0(50)
[95.753s][info][gc,heap        ] GC(351) Survivor regions: 1->1(7)
[95.753s][info][gc,heap        ] GC(351) Old regions: 61->61
[95.753s][info][gc,heap        ] GC(351) Archive regions: 0->0
[95.753s][info][gc,heap        ] GC(351) Humongous regions: 865->865
[95.753s][info][gc,metaspace   ] GC(351) Metaspace: 115049K(125696K)->115049K(125696K) NonClass: 98309K(104832K)->98309K(104832K) Class: 16740K(20864K)->16740K(20864K)
[95.753s][info][gc             ] GC(351) Pause Young (Normal) (G1 Evacuation Pause) 968M->918M(1024M) 1.650ms
[95.753s][info][gc,cpu         ] GC(351) User=0.00s Sys=0.00s Real=0.00s
[95.757s][info][gc,start       ] GC(352) Pause Young (Normal) (G1 Humongous Allocation)
[95.757s][info][gc,task        ] GC(352) Using 24 workers of 33 for evacuation
[95.759s][info][gc,phases      ] GC(352)   Pre Evacuate Collection Set: 0.1ms
[95.759s][info][gc,phases      ] GC(352)   Merge Heap Roots: 0.1ms
[95.759s][info][gc,phases      ] GC(352)   Evacuate Collection Set: 0.7ms
[95.759s][info][gc,phases      ] GC(352)   Post Evacuate Collection Set: 0.4ms
[95.759s][info][gc,phases      ] GC(352)   Other: 0.1ms
[95.759s][info][gc,heap        ] GC(352) Eden regions: 50->0(50)
[95.759s][info][gc,heap        ] GC(352) Survivor regions: 1->1(7)
[95.759s][info][gc,heap        ] GC(352) Old regions: 61->61
[95.759s][info][gc,heap        ] GC(352) Archive regions: 0->0
[95.759s][info][gc,heap        ] GC(352) Humongous regions: 873->873
[95.759s][info][gc,metaspace   ] GC(352) Metaspace: 115052K(125696K)->115052K(125696K) NonClass: 98311K(104832K)->98311K(104832K) Class: 16741K(20864K)->16741K(20864K)
[95.759s][info][gc             ] GC(352) Pause Young (Normal) (G1 Humongous Allocation) 976M->926M(1024M) 1.549ms
[95.759s][info][gc,cpu         ] GC(352) User=0.00s Sys=0.00s Real=0.00s
[95.763s][info][gc,start       ] GC(353) Pause Young (Normal) (G1 Evacuation Pause)
[95.763s][info][gc,task        ] GC(353) Using 24 workers of 33 for evacuation
[95.764s][info][gc,phases      ] GC(353)   Pre Evacuate Collection Set: 0.1ms
[95.764s][info][gc,phases      ] GC(353)   Merge Heap Roots: 0.1ms
[95.764s][info][gc,phases      ] GC(353)   Evacuate Collection Set: 0.7ms
[95.764s][info][gc,phases      ] GC(353)   Post Evacuate Collection Set: 0.4ms
[95.764s][info][gc,phases      ] GC(353)   Other: 0.1ms
[95.764s][info][gc,heap        ] GC(353) Eden regions: 50->0(50)
[95.764s][info][gc,heap        ] GC(353) Survivor regions: 1->1(7)
[95.764s][info][gc,heap        ] GC(353) Old regions: 61->61
[95.764s][info][gc,heap        ] GC(353) Archive regions: 0->0
[95.764s][info][gc,heap        ] GC(353) Humongous regions: 878->878
[95.764s][info][gc,metaspace   ] GC(353) Metaspace: 115053K(125696K)->115053K(125696K) NonClass: 98311K(104832K)->98311K(104832K) Class: 16741K(20864K)->16741K(20864K)
[95.764s][info][gc             ] GC(353) Pause Young (Normal) (G1 Evacuation Pause) 981M->931M(1024M) 1.517ms
[95.764s][info][gc,cpu         ] GC(353) User=0.00s Sys=0.00s Real=0.00s
[95.765s][info][gc,start       ] GC(354) Pause Young (Normal) (G1 Humongous Allocation)
[95.765s][info][gc,task        ] GC(354) Using 24 workers of 33 for evacuation
[95.766s][info][gc,phases      ] GC(354)   Pre Evacuate Collection Set: 0.1ms
[95.766s][info][gc,phases      ] GC(354)   Merge Heap Roots: 0.0ms
[95.766s][info][gc,phases      ] GC(354)   Evacuate Collection Set: 0.5ms
[95.766s][info][gc,phases      ] GC(354)   Post Evacuate Collection Set: 0.3ms
[95.766s][info][gc,phases      ] GC(354)   Other: 0.1ms
[95.766s][info][gc,heap        ] GC(354) Eden regions: 1->0(50)
[95.766s][info][gc,heap        ] GC(354) Survivor regions: 1->1(7)
[95.766s][info][gc,heap        ] GC(354) Old regions: 61->61
[95.766s][info][gc,heap        ] GC(354) Archive regions: 0->0
[95.766s][info][gc,heap        ] GC(354) Humongous regions: 878->878
[95.766s][info][gc,metaspace   ] GC(354) Metaspace: 115053K(125696K)->115053K(125696K) NonClass: 98311K(104832K)->98311K(104832K) Class: 16741K(20864K)->16741K(20864K)
[95.766s][info][gc             ] GC(354) Pause Young (Normal) (G1 Humongous Allocation) 931M->931M(1024M) 1.239ms
[95.766s][info][gc,cpu         ] GC(354) User=0.00s Sys=0.00s Real=0.00s
[95.766s][info][gc,ergo        ] Attempting full compaction
[95.766s][info][gc,start       ] GC(355) Pause Full (G1 Compaction Pause)
[95.766s][info][gc,task        ] GC(355) Using 24 workers of 33 for full compaction
[95.767s][info][gc,phases,start] GC(355) Phase 1: Mark live objects
[95.787s][info][gc,phases      ] GC(355) Phase 1: Mark live objects 20.236ms
[95.787s][info][gc,phases,start] GC(355) Phase 2: Prepare compaction
[95.789s][info][gc,phases      ] GC(355) Phase 2: Prepare compaction 1.270ms
[95.789s][info][gc,phases,start] GC(355) Phase 3: Adjust pointers
[95.791s][info][gc,phases      ] GC(355) Phase 3: Adjust pointers 2.576ms
[95.791s][info][gc,phases,start] GC(355) Phase 4: Compact heap
[95.792s][info][gc,phases      ] GC(355) Phase 4: Compact heap 0.374ms
[95.796s][info][gc,heap        ] GC(355) Eden regions: 0->0(56)
[95.796s][info][gc,heap        ] GC(355) Survivor regions: 1->0(7)
[95.796s][info][gc,heap        ] GC(355) Old regions: 61->60
[95.796s][info][gc,heap        ] GC(355) Archive regions: 0->0
[95.796s][info][gc,heap        ] GC(355) Humongous regions: 878->856
[95.796s][info][gc,metaspace   ] GC(355) Metaspace: 115053K(125696K)->115053K(125696K) NonClass: 98311K(104832K)->98311K(104832K) Class: 16741K(20864K)->16741K(20864K)
[95.796s][info][gc             ] GC(355) Pause Full (G1 Compaction Pause) 931M->908M(1024M) 30.081ms
[95.796s][info][gc,cpu         ] GC(355) User=0.39s Sys=0.00s Real=0.02s
[95.796s][info][gc,ergo        ] Attempting maximal full compaction clearing soft references
[95.796s][info][gc,start       ] GC(356) Pause Full (G1 Compaction Pause)
[95.796s][info][gc,task        ] GC(356) Using 24 workers of 33 for full compaction
[95.797s][info][gc,phases,start] GC(356) Phase 1: Mark live objects
[95.828s][info][gc,phases      ] GC(356) Phase 1: Mark live objects 31.422ms
[95.828s][info][gc,phases,start] GC(356) Phase 2: Prepare compaction
[95.830s][info][gc,phases      ] GC(356) Phase 2: Prepare compaction 1.524ms
[95.830s][info][gc,phases,start] GC(356) Phase 3: Adjust pointers
[95.833s][info][gc,phases      ] GC(356) Phase 3: Adjust pointers 3.446ms
[95.834s][info][gc,phases,start] GC(356) Phase 4: Compact heap
[95.835s][info][gc,phases      ] GC(356) Phase 4: Compact heap 1.457ms
[95.839s][info][gc,heap        ] GC(356) Eden regions: 0->0(56)
[95.839s][info][gc,heap        ] GC(356) Survivor regions: 0->0(7)
[95.839s][info][gc,heap        ] GC(356) Old regions: 60->60
[95.839s][info][gc,heap        ] GC(356) Archive regions: 0->0
[95.839s][info][gc,heap        ] GC(356) Humongous regions: 856->856
[95.839s][info][gc,metaspace   ] GC(356) Metaspace: 115053K(125696K)->114948K(125696K) NonClass: 98311K(104832K)->98224K(104832K) Class: 16741K(20864K)->16723K(20864K)
[95.839s][info][gc             ] GC(356) Pause Full (G1 Compaction Pause) 908M->906M(1024M) 43.392ms
[95.839s][info][gc,cpu         ] GC(356) User=1.06s Sys=0.00s Real=0.05s
[95.840s][info][gc,marking     ] GC(346) Concurrent Mark From Roots 111.028ms
[95.840s][info][gc,marking     ] GC(346) Concurrent Mark Abort
[95.840s][info][gc             ] GC(346) Concurrent Mark Cycle 117.427ms
[95.844s][info][gc,start       ] GC(357) Pause Young (Concurrent Start) (G1 Humongous Allocation)
[95.844s][info][gc,task        ] GC(357) Using 24 workers of 33 for evacuation
[95.846s][info][gc,phases      ] GC(357)   Pre Evacuate Collection Set: 0.3ms
[95.846s][info][gc,phases      ] GC(357)   Merge Heap Roots: 0.1ms
[95.846s][info][gc,phases      ] GC(357)   Evacuate Collection Set: 1.0ms
[95.846s][info][gc,phases      ] GC(357)   Post Evacuate Collection Set: 0.4ms
[95.846s][info][gc,phases      ] GC(357)   Other: 0.1ms
[95.846s][info][gc,heap        ] GC(357) Eden regions: 55->0(54)
[95.846s][info][gc,heap        ] GC(357) Survivor regions: 0->1(7)
[95.846s][info][gc,heap        ] GC(357) Old regions: 60->60
[95.846s][info][gc,heap        ] GC(357) Archive regions: 0->0
[95.846s][info][gc,heap        ] GC(357) Humongous regions: 856->856
[95.846s][info][gc,metaspace   ] GC(357) Metaspace: 114948K(125696K)->114948K(125696K) NonClass: 98225K(104832K)->98225K(104832K) Class: 16723K(20864K)->16723K(20864K)
[95.846s][info][gc             ] GC(357) Pause Young (Concurrent Start) (G1 Humongous Allocation) 961M->907M(1024M) 2.056ms
[95.846s][info][gc             ] GC(358) Concurrent Mark Cycle
[95.846s][info][gc,cpu         ] GC(357) User=0.00s Sys=0.00s Real=0.00s
[95.846s][info][gc,marking     ] GC(358) Concurrent Scan Root Regions
[95.846s][info][gc,start       ] GC(359) Pause Young (Normal) (G1 Humongous Allocation)
[95.846s][info][gc,task        ] GC(359) Using 24 workers of 33 for evacuation
[95.848s][info][gc,marking     ] GC(358) Concurrent Scan Root Regions 1.955ms
[95.848s][info][gc,marking     ] GC(358) Concurrent Mark
[95.848s][info][gc,marking     ] GC(358) Concurrent Mark From Roots
[95.848s][info][gc,task        ] GC(358) Using 8 workers of 8 for marking
[95.849s][info][gc,phases      ] GC(359)   Pre Evacuate Collection Set: 1.7ms
[95.849s][info][gc,phases      ] GC(359)   Merge Heap Roots: 0.0ms
[95.849s][info][gc,phases      ] GC(359)   Evacuate Collection Set: 0.4ms
[95.849s][info][gc,phases      ] GC(359)   Post Evacuate Collection Set: 0.4ms
[95.849s][info][gc,phases      ] GC(359)   Other: 0.1ms
[95.849s][info][gc,heap        ] GC(359) Eden regions: 2->0(54)
[95.849s][info][gc,heap        ] GC(359) Survivor regions: 1->1(7)
[95.849s][info][gc,heap        ] GC(359) Old regions: 60->60
[95.849s][info][gc,heap        ] GC(359) Archive regions: 0->0
[95.849s][info][gc,heap        ] GC(359) Humongous regions: 856->856
[95.849s][info][gc,metaspace   ] GC(359) Metaspace: 114948K(125696K)->114948K(125696K) NonClass: 98225K(104832K)->98225K(104832K) Class: 16723K(20864K)->16723K(20864K)
[95.849s][info][gc             ] GC(359) Pause Young (Normal) (G1 Humongous Allocation) 908M->907M(1024M) 2.780ms
[95.849s][info][gc,cpu         ] GC(359) User=0.00s Sys=0.00s Real=0.00s
[95.849s][info][gc,ergo        ] Attempting full compaction
[95.849s][info][gc,start       ] GC(360) Pause Full (G1 Compaction Pause)
[95.849s][info][gc,task        ] GC(360) Using 24 workers of 33 for full compaction
[95.850s][info][gc,phases,start] GC(360) Phase 1: Mark live objects
[95.871s][info][gc,phases      ] GC(360) Phase 1: Mark live objects 21.200ms
[95.871s][info][gc,phases,start] GC(360) Phase 2: Prepare compaction
[95.873s][info][gc,phases      ] GC(360) Phase 2: Prepare compaction 1.246ms
[95.873s][info][gc,phases,start] GC(360) Phase 3: Adjust pointers
[95.875s][info][gc,phases      ] GC(360) Phase 3: Adjust pointers 2.538ms
[95.875s][info][gc,phases,start] GC(360) Phase 4: Compact heap
[95.876s][info][gc,phases      ] GC(360) Phase 4: Compact heap 0.443ms
[95.880s][info][gc,heap        ] GC(360) Eden regions: 0->0(77)
[95.880s][info][gc,heap        ] GC(360) Survivor regions: 1->0(7)
[95.880s][info][gc,heap        ] GC(360) Old regions: 60->59
[95.880s][info][gc,heap        ] GC(360) Archive regions: 0->0
[95.880s][info][gc,heap        ] GC(360) Humongous regions: 856->836
[95.880s][info][gc,metaspace   ] GC(360) Metaspace: 114948K(125696K)->114948K(125696K) NonClass: 98225K(104832K)->98225K(104832K) Class: 16723K(20864K)->16723K(20864K)
[95.880s][info][gc             ] GC(360) Pause Full (G1 Compaction Pause) 907M->886M(1024M) 30.712ms
[95.880s][info][gc,cpu         ] GC(360) User=0.39s Sys=0.00s Real=0.02s
[95.880s][info][gc,marking     ] GC(358) Concurrent Mark From Roots 32.091ms
[95.880s][info][gc,marking     ] GC(358) Concurrent Mark Abort
[95.880s][info][gc             ] GC(358) Concurrent Mark Cycle 34.217ms
[95.898s][info][gc,start       ] GC(361) Pause Young (Concurrent Start) (G1 Humongous Allocation)
[95.898s][info][gc,task        ] GC(361) Using 24 workers of 33 for evacuation
[95.900s][info][gc,phases      ] GC(361)   Pre Evacuate Collection Set: 0.3ms
[95.900s][info][gc,phases      ] GC(361)   Merge Heap Roots: 0.1ms
[95.900s][info][gc,phases      ] GC(361)   Evacuate Collection Set: 1.3ms
[95.900s][info][gc,phases      ] GC(361)   Post Evacuate Collection Set: 0.5ms
[95.900s][info][gc,phases      ] GC(361)   Other: 0.1ms
[95.900s][info][gc,heap        ] GC(361) Eden regions: 6->0(68)
[95.900s][info][gc,heap        ] GC(361) Survivor regions: 0->1(10)
[95.900s][info][gc,heap        ] GC(361) Old regions: 59->59
[95.900s][info][gc,heap        ] GC(361) Archive regions: 0->0
[95.900s][info][gc,heap        ] GC(361) Humongous regions: 843->843
[95.900s][info][gc,metaspace   ] GC(361) Metaspace: 114948K(125696K)->114948K(125696K) NonClass: 98225K(104832K)->98225K(104832K) Class: 16723K(20864K)->16723K(20864K)
[95.900s][info][gc             ] GC(361) Pause Young (Concurrent Start) (G1 Humongous Allocation) 899M->894M(1024M) 2.633ms
[95.900s][info][gc             ] GC(362) Concurrent Mark Cycle
[95.900s][info][gc,cpu         ] GC(361) User=0.00s Sys=0.00s Real=0.00s
[95.900s][info][gc,marking     ] GC(362) Concurrent Scan Root Regions
[95.906s][info][gc,start       ] GC(363) Pause Young (Normal) (G1 Evacuation Pause)
[95.906s][info][gc,task        ] GC(363) Using 24 workers of 33 for evacuation
[95.907s][info][gc,marking     ] GC(362) Concurrent Scan Root Regions 6.432ms
[95.907s][info][gc,marking     ] GC(362) Concurrent Mark
[95.907s][info][gc,marking     ] GC(362) Concurrent Mark From Roots
[95.907s][info][gc,task        ] GC(362) Using 8 workers of 8 for marking
[95.908s][info][gc,phases      ] GC(363)   Pre Evacuate Collection Set: 1.0ms
[95.908s][info][gc,phases      ] GC(363)   Merge Heap Roots: 0.1ms
[95.908s][info][gc,phases      ] GC(363)   Evacuate Collection Set: 0.6ms
[95.908s][info][gc,phases      ] GC(363)   Post Evacuate Collection Set: 0.6ms
[95.908s][info][gc,phases      ] GC(363)   Other: 0.1ms
[95.909s][info][gc,heap        ] GC(363) Eden regions: 68->0(64)
[95.909s][info][gc,heap        ] GC(363) Survivor regions: 1->1(9)
[95.909s][info][gc,heap        ] GC(363) Old regions: 59->59
[95.909s][info][gc,heap        ] GC(363) Archive regions: 0->0
[95.909s][info][gc,heap        ] GC(363) Humongous regions: 847->847
[95.909s][info][gc,metaspace   ] GC(363) Metaspace: 114948K(125696K)->114948K(125696K) NonClass: 98225K(104832K)->98225K(104832K) Class: 16723K(20864K)->16723K(20864K)
[95.909s][info][gc             ] GC(363) Pause Young (Normal) (G1 Evacuation Pause) 966M->898M(1024M) 2.864ms
[95.909s][info][gc,cpu         ] GC(363) User=0.00s Sys=0.00s Real=0.00s
[95.915s][info][gc,start       ] GC(364) Pause Young (Normal) (G1 Humongous Allocation)
[95.915s][info][gc,task        ] GC(364) Using 24 workers of 33 for evacuation
[95.916s][info][gc,phases      ] GC(364)   Pre Evacuate Collection Set: 0.1ms
[95.916s][info][gc,phases      ] GC(364)   Merge Heap Roots: 0.1ms
[95.916s][info][gc,phases      ] GC(364)   Evacuate Collection Set: 0.6ms
[95.916s][info][gc,phases      ] GC(364)   Post Evacuate Collection Set: 0.4ms
[95.916s][info][gc,phases      ] GC(364)   Other: 0.1ms
[95.916s][info][gc,heap        ] GC(364) Eden regions: 58->0(57)
[95.916s][info][gc,heap        ] GC(364) Survivor regions: 1->1(9)
[95.916s][info][gc,heap        ] GC(364) Old regions: 59->59
[95.916s][info][gc,heap        ] GC(364) Archive regions: 0->0
[95.916s][info][gc,heap        ] GC(364) Humongous regions: 854->854
[95.916s][info][gc,metaspace   ] GC(364) Metaspace: 114949K(125696K)->114949K(125696K) NonClass: 98225K(104832K)->98225K(104832K) Class: 16723K(20864K)->16723K(20864K)
[95.916s][info][gc             ] GC(364) Pause Young (Normal) (G1 Humongous Allocation) 963M->905M(1024M) 1.487ms
[95.916s][info][gc,cpu         ] GC(364) User=0.00s Sys=0.00s Real=0.00s
[95.916s][info][gc,ergo        ] Attempting full compaction
[95.916s][info][gc,start       ] GC(365) Pause Full (G1 Compaction Pause)
[95.916s][info][gc,task        ] GC(365) Using 24 workers of 33 for full compaction
[95.917s][info][gc,phases,start] GC(365) Phase 1: Mark live objects
[95.942s][info][gc,phases      ] GC(365) Phase 1: Mark live objects 24.948ms
[95.942s][info][gc,phases,start] GC(365) Phase 2: Prepare compaction
[95.943s][info][gc,phases      ] GC(365) Phase 2: Prepare compaction 1.141ms
[95.943s][info][gc,phases,start] GC(365) Phase 3: Adjust pointers
[95.946s][info][gc,phases      ] GC(365) Phase 3: Adjust pointers 2.699ms
[95.946s][info][gc,phases,start] GC(365) Phase 4: Compact heap
[95.947s][info][gc,phases      ] GC(365) Phase 4: Compact heap 0.479ms
[95.951s][info][gc,heap        ] GC(365) Eden regions: 0->0(64)
[95.951s][info][gc,heap        ] GC(365) Survivor regions: 1->0(9)
[95.951s][info][gc,heap        ] GC(365) Old regions: 59->60
[95.951s][info][gc,heap        ] GC(365) Archive regions: 0->0
[95.951s][info][gc,heap        ] GC(365) Humongous regions: 854->848
[95.951s][info][gc,metaspace   ] GC(365) Metaspace: 114949K(125696K)->114949K(125696K) NonClass: 98225K(104832K)->98225K(104832K) Class: 16723K(20864K)->16723K(20864K)
[95.951s][info][gc             ] GC(365) Pause Full (G1 Compaction Pause) 905M->898M(1024M) 34.922ms
[95.951s][info][gc,cpu         ] GC(365) User=0.45s Sys=0.02s Real=0.05s
[95.951s][info][gc,ergo        ] Attempting maximal full compaction clearing soft references
[95.951s][info][gc,start       ] GC(366) Pause Full (G1 Compaction Pause)
[95.951s][info][gc,task        ] GC(366) Using 24 workers of 33 for full compaction
[95.952s][info][gc,phases,start] GC(366) Phase 1: Mark live objects
[95.973s][info][gc,phases      ] GC(366) Phase 1: Mark live objects 20.842ms
[95.973s][info][gc,phases,start] GC(366) Phase 2: Prepare compaction
[95.976s][info][gc,phases      ] GC(366) Phase 2: Prepare compaction 2.541ms
[95.976s][info][gc,phases,start] GC(366) Phase 3: Adjust pointers
[95.978s][info][gc,phases      ] GC(366) Phase 3: Adjust pointers 2.765ms
[95.978s][info][gc,phases,start] GC(366) Phase 4: Compact heap
[95.979s][info][gc,phases      ] GC(366) Phase 4: Compact heap 0.880ms
[95.983s][info][gc,heap        ] GC(366) Eden regions: 0->0(65)
[95.983s][info][gc,heap        ] GC(366) Survivor regions: 0->0(9)
[95.983s][info][gc,heap        ] GC(366) Old regions: 60->59
[95.983s][info][gc,heap        ] GC(366) Archive regions: 0->0
[95.983s][info][gc,heap        ] GC(366) Humongous regions: 848->848
[95.983s][info][gc,metaspace   ] GC(366) Metaspace: 114949K(125696K)->114949K(125696K) NonClass: 98225K(104832K)->98225K(104832K) Class: 16723K(20864K)->16723K(20864K)
[95.983s][info][gc             ] GC(366) Pause Full (G1 Compaction Pause) 898M->898M(1024M) 32.136ms
[95.983s][info][gc,cpu         ] GC(366) User=0.75s Sys=0.00s Real=0.03s
[95.983s][info][gc,marking     ] GC(362) Concurrent Mark From Roots 76.571ms
[95.984s][info][gc,marking     ] GC(362) Concurrent Mark Abort
[95.984s][info][gc             ] GC(362) Concurrent Mark Cycle 83.283ms
[95.988s][info][gc,start       ] GC(367) Pause Young (Normal) (G1 Evacuation Pause)
[95.988s][info][gc,task        ] GC(367) Using 24 workers of 33 for evacuation
[95.990s][info][gc,phases      ] GC(367)   Pre Evacuate Collection Set: 0.1ms
[95.990s][info][gc,phases      ] GC(367)   Merge Heap Roots: 0.1ms
[95.990s][info][gc,phases      ] GC(367)   Evacuate Collection Set: 0.5ms
[95.990s][info][gc,phases      ] GC(367)   Post Evacuate Collection Set: 0.4ms
[95.990s][info][gc,phases      ] GC(367)   Other: 0.1ms
[95.990s][info][gc,heap        ] GC(367) Eden regions: 65->0(63)
[95.990s][info][gc,heap        ] GC(367) Survivor regions: 0->1(9)
[95.990s][info][gc,heap        ] GC(367) Old regions: 59->59
[95.990s][info][gc,heap        ] GC(367) Archive regions: 0->0
[95.990s][info][gc,heap        ] GC(367) Humongous regions: 848->848
[95.990s][info][gc,metaspace   ] GC(367) Metaspace: 114954K(125696K)->114954K(125696K) NonClass: 98230K(104832K)->98230K(104832K) Class: 16723K(20864K)->16723K(20864K)
[95.990s][info][gc             ] GC(367) Pause Young (Normal) (G1 Evacuation Pause) 963M->899M(1024M) 1.496ms
[95.990s][info][gc,cpu         ] GC(367) User=0.00s Sys=0.00s Real=0.00s
[95.993s][info][gc,start       ] GC(368) Pause Young (Concurrent Start) (G1 Humongous Allocation)
[95.993s][info][gc,task        ] GC(368) Using 24 workers of 33 for evacuation
[95.995s][info][gc,phases      ] GC(368)   Pre Evacuate Collection Set: 0.3ms
[95.995s][info][gc,phases      ] GC(368)   Merge Heap Roots: 0.1ms
[95.995s][info][gc,phases      ] GC(368)   Evacuate Collection Set: 1.0ms
[95.995s][info][gc,phases      ] GC(368)   Post Evacuate Collection Set: 0.5ms
[95.995s][info][gc,phases      ] GC(368)   Other: 0.0ms
[95.995s][info][gc,heap        ] GC(368) Eden regions: 48->0(63)
[95.995s][info][gc,heap        ] GC(368) Survivor regions: 1->1(8)
[95.995s][info][gc,heap        ] GC(368) Old regions: 59->59
[95.995s][info][gc,heap        ] GC(368) Archive regions: 0->0
[95.995s][info][gc,heap        ] GC(368) Humongous regions: 848->848
[95.995s][info][gc,metaspace   ] GC(368) Metaspace: 114957K(125696K)->114957K(125696K) NonClass: 98232K(104832K)->98232K(104832K) Class: 16724K(20864K)->16724K(20864K)
[95.995s][info][gc             ] GC(368) Pause Young (Concurrent Start) (G1 Humongous Allocation) 947M->899M(1024M) 2.084ms
[95.995s][info][gc             ] GC(369) Concurrent Mark Cycle
[95.995s][info][gc,cpu         ] GC(368) User=0.00s Sys=0.00s Real=0.00s
[95.995s][info][gc,marking     ] GC(369) Concurrent Scan Root Regions
[95.996s][info][gc,start       ] GC(370) Pause Young (Normal) (G1 Humongous Allocation)
[95.996s][info][gc,task        ] GC(370) Using 24 workers of 33 for evacuation
[95.997s][info][gc,marking     ] GC(369) Concurrent Scan Root Regions 1.662ms
[95.997s][info][gc,marking     ] GC(369) Concurrent Mark
[95.997s][info][gc,marking     ] GC(369) Concurrent Mark From Roots
[95.997s][info][gc,task        ] GC(369) Using 8 workers of 8 for marking
[95.998s][info][gc,phases      ] GC(370)   Pre Evacuate Collection Set: 1.5ms
[95.998s][info][gc,phases      ] GC(370)   Merge Heap Roots: 0.0ms
[95.998s][info][gc,phases      ] GC(370)   Evacuate Collection Set: 0.5ms
[95.998s][info][gc,phases      ] GC(370)   Post Evacuate Collection Set: 0.3ms
[95.998s][info][gc,phases      ] GC(370)   Other: 0.1ms
[95.998s][info][gc,heap        ] GC(370) Eden regions: 1->0(63)
[95.998s][info][gc,heap        ] GC(370) Survivor regions: 1->1(8)
[95.998s][info][gc,heap        ] GC(370) Old regions: 59->59
[95.998s][info][gc,heap        ] GC(370) Archive regions: 0->0
[95.998s][info][gc,heap        ] GC(370) Humongous regions: 848->848
[95.998s][info][gc,metaspace   ] GC(370) Metaspace: 114957K(125696K)->114957K(125696K) NonClass: 98232K(104832K)->98232K(104832K) Class: 16724K(20864K)->16724K(20864K)
[95.998s][info][gc             ] GC(370) Pause Young (Normal) (G1 Humongous Allocation) 899M->899M(1024M) 2.471ms
[95.998s][info][gc,cpu         ] GC(370) User=0.00s Sys=0.00s Real=0.00s
[95.998s][info][gc,ergo        ] Attempting full compaction
[95.998s][info][gc,start       ] GC(371) Pause Full (G1 Compaction Pause)
[95.998s][info][gc,task        ] GC(371) Using 24 workers of 33 for full compaction
[95.999s][info][gc,phases,start] GC(371) Phase 1: Mark live objects
[96.018s][info][gc,phases      ] GC(371) Phase 1: Mark live objects 18.978ms
[96.018s][info][gc,phases,start] GC(371) Phase 2: Prepare compaction
[96.019s][info][gc,phases      ] GC(371) Phase 2: Prepare compaction 1.048ms
[96.019s][info][gc,phases,start] GC(371) Phase 3: Adjust pointers
[96.022s][info][gc,phases      ] GC(371) Phase 3: Adjust pointers 2.606ms
[96.022s][info][gc,phases,start] GC(371) Phase 4: Compact heap
[96.022s][info][gc,phases      ] GC(371) Phase 4: Compact heap 0.303ms
[96.026s][info][gc,heap        ] GC(371) Eden regions: 0->0(90)
[96.026s][info][gc,heap        ] GC(371) Survivor regions: 1->0(8)
[96.026s][info][gc,heap        ] GC(371) Old regions: 59->58
[96.026s][info][gc,heap        ] GC(371) Archive regions: 0->0
[96.026s][info][gc,heap        ] GC(371) Humongous regions: 848->824
[96.026s][info][gc,metaspace   ] GC(371) Metaspace: 114957K(125696K)->114957K(125696K) NonClass: 98232K(104832K)->98232K(104832K) Class: 16724K(20864K)->16724K(20864K)
[96.026s][info][gc             ] GC(371) Pause Full (G1 Compaction Pause) 899M->874M(1024M) 27.909ms
[96.026s][info][gc,cpu         ] GC(371) User=0.39s Sys=0.00s Real=0.03s
[96.026s][info][gc,marking     ] GC(369) Concurrent Mark From Roots 29.143ms
[96.026s][info][gc,marking     ] GC(369) Concurrent Mark Abort
[96.026s][info][gc             ] GC(369) Concurrent Mark Cycle 31.080ms
[96.029s][info][gc,start       ] GC(372) Pause Young (Concurrent Start) (G1 Humongous Allocation)
[96.029s][info][gc,task        ] GC(372) Using 24 workers of 33 for evacuation
[96.031s][info][gc,phases      ] GC(372)   Pre Evacuate Collection Set: 0.2ms
[96.031s][info][gc,phases      ] GC(372)   Merge Heap Roots: 0.0ms
[96.031s][info][gc,phases      ] GC(372)   Evacuate Collection Set: 0.8ms
[96.031s][info][gc,phases      ] GC(372)   Post Evacuate Collection Set: 0.4ms
[96.031s][info][gc,phases      ] GC(372)   Other: 0.0ms
[96.031s][info][gc,heap        ] GC(372) Eden regions: 3->0(81)
[96.031s][info][gc,heap        ] GC(372) Survivor regions: 0->1(12)
[96.031s][info][gc,heap        ] GC(372) Old regions: 58->58
[96.031s][info][gc,heap        ] GC(372) Archive regions: 0->0
[96.031s][info][gc,heap        ] GC(372) Humongous regions: 831->831
[96.031s][info][gc,metaspace   ] GC(372) Metaspace: 114957K(125696K)->114957K(125696K) NonClass: 98232K(104832K)->98232K(104832K) Class: 16724K(20864K)->16724K(20864K)
[96.031s][info][gc             ] GC(372) Pause Young (Concurrent Start) (G1 Humongous Allocation) 884M->881M(1024M) 1.680ms
[96.031s][info][gc             ] GC(373) Concurrent Mark Cycle
[96.031s][info][gc,cpu         ] GC(372) User=0.00s Sys=0.00s Real=0.00s
[96.031s][info][gc,marking     ] GC(373) Concurrent Scan Root Regions
[96.034s][info][gc,start       ] GC(374) Pause Young (Normal) (G1 Humongous Allocation)
[96.034s][info][gc,task        ] GC(374) Using 24 workers of 33 for evacuation
[96.034s][info][gc,marking     ] GC(373) Concurrent Scan Root Regions 3.370ms
[96.034s][info][gc,marking     ] GC(373) Concurrent Mark
[96.034s][info][gc,marking     ] GC(373) Concurrent Mark From Roots
[96.034s][info][gc,task        ] GC(373) Using 8 workers of 8 for marking
[96.036s][info][gc,phases      ] GC(374)   Pre Evacuate Collection Set: 0.5ms
[96.036s][info][gc,phases      ] GC(374)   Merge Heap Roots: 0.1ms
[96.036s][info][gc,phases      ] GC(374)   Evacuate Collection Set: 0.6ms
[96.036s][info][gc,phases      ] GC(374)   Post Evacuate Collection Set: 0.4ms
[96.036s][info][gc,phases      ] GC(374)   Other: 0.1ms
[96.036s][info][gc,heap        ] GC(374) Eden regions: 34->0(77)
[96.036s][info][gc,heap        ] GC(374) Survivor regions: 1->1(11)
[96.036s][info][gc,heap        ] GC(374) Old regions: 58->58
[96.036s][info][gc,heap        ] GC(374) Archive regions: 0->0
[96.036s][info][gc,heap        ] GC(374) Humongous regions: 835->835
[96.036s][info][gc,metaspace   ] GC(374) Metaspace: 114960K(125696K)->114960K(125696K) NonClass: 98234K(104832K)->98234K(104832K) Class: 16725K(20864K)->16725K(20864K)
[96.036s][info][gc             ] GC(374) Pause Young (Normal) (G1 Humongous Allocation) 919M->885M(1024M) 1.821ms
[96.036s][info][gc,cpu         ] GC(374) User=0.00s Sys=0.00s Real=0.00s
[96.036s][info][gc,ergo        ] Attempting full compaction
[96.036s][info][gc,start       ] GC(375) Pause Full (G1 Compaction Pause)
[96.036s][info][gc,task        ] GC(375) Using 24 workers of 33 for full compaction
[96.037s][info][gc,phases,start] GC(375) Phase 1: Mark live objects
[96.058s][info][gc,phases      ] GC(375) Phase 1: Mark live objects 20.848ms
[96.058s][info][gc,phases,start] GC(375) Phase 2: Prepare compaction
[96.059s][info][gc,phases      ] GC(375) Phase 2: Prepare compaction 1.008ms
[96.059s][info][gc,phases,start] GC(375) Phase 3: Adjust pointers
[96.061s][info][gc,phases      ] GC(375) Phase 3: Adjust pointers 2.593ms
[96.061s][info][gc,phases,start] GC(375) Phase 4: Compact heap
[96.062s][info][gc,phases      ] GC(375) Phase 4: Compact heap 0.232ms
[96.072s][info][gc,heap        ] GC(375) Eden regions: 0->0(78)
[96.072s][info][gc,heap        ] GC(375) Survivor regions: 1->0(11)
[96.073s][info][gc,heap        ] GC(375) Old regions: 58->59
[96.073s][info][gc,heap        ] GC(375) Archive regions: 0->0
[96.073s][info][gc,heap        ] GC(375) Humongous regions: 835->835
[96.073s][info][gc,metaspace   ] GC(375) Metaspace: 114960K(125696K)->114960K(125696K) NonClass: 98234K(104832K)->98234K(104832K) Class: 16725K(20864K)->16725K(20864K)
[96.073s][info][gc             ] GC(375) Pause Full (G1 Compaction Pause) 885M->885M(1024M) 36.827ms
[96.073s][info][gc,cpu         ] GC(375) User=0.75s Sys=0.03s Real=0.04s
[96.073s][info][gc,marking     ] GC(373) Concurrent Mark From Roots 38.481ms
[96.073s][info][gc,marking     ] GC(373) Concurrent Mark Abort
[96.073s][info][gc             ] GC(373) Concurrent Mark Cycle 42.128ms
[96.105s][info][gc,start       ] GC(376) Pause Young (Normal) (G1 Evacuation Pause)
[96.105s][info][gc,task        ] GC(376) Using 24 workers of 33 for evacuation
[96.107s][info][gc,phases      ] GC(376)   Pre Evacuate Collection Set: 0.2ms
[96.107s][info][gc,phases      ] GC(376)   Merge Heap Roots: 0.1ms
[96.107s][info][gc,phases      ] GC(376)   Evacuate Collection Set: 1.1ms
[96.107s][info][gc,phases      ] GC(376)   Post Evacuate Collection Set: 0.6ms
[96.107s][info][gc,phases      ] GC(376)   Other: 0.1ms
[96.107s][info][gc,heap        ] GC(376) Eden regions: 78->0(69)
[96.107s][info][gc,heap        ] GC(376) Survivor regions: 0->1(10)
[96.107s][info][gc,heap        ] GC(376) Old regions: 59->59
[96.107s][info][gc,heap        ] GC(376) Archive regions: 0->0
[96.107s][info][gc,heap        ] GC(376) Humongous regions: 842->842
[96.107s][info][gc,metaspace   ] GC(376) Metaspace: 114960K(125696K)->114960K(125696K) NonClass: 98234K(104832K)->98234K(104832K) Class: 16725K(20864K)->16725K(20864K)
[96.107s][info][gc             ] GC(376) Pause Young (Normal) (G1 Evacuation Pause) 970M->892M(1024M) 2.616ms
[96.108s][info][gc,cpu         ] GC(376) User=0.00s Sys=0.00s Real=0.00s
[96.108s][info][gc,start       ] GC(377) Pause Young (Concurrent Start) (G1 Humongous Allocation)
[96.108s][info][gc,task        ] GC(377) Using 24 workers of 33 for evacuation
[96.110s][info][gc,phases      ] GC(377)   Pre Evacuate Collection Set: 0.3ms
[96.110s][info][gc,phases      ] GC(377)   Merge Heap Roots: 0.1ms
[96.110s][info][gc,phases      ] GC(377)   Evacuate Collection Set: 1.2ms
[96.110s][info][gc,phases      ] GC(377)   Post Evacuate Collection Set: 0.6ms
[96.111s][info][gc,phases      ] GC(377)   Other: 0.1ms
[96.111s][info][gc,heap        ] GC(377) Eden regions: 1->0(69)
[96.111s][info][gc,heap        ] GC(377) Survivor regions: 1->1(9)
[96.111s][info][gc,heap        ] GC(377) Old regions: 59->59
[96.111s][info][gc,heap        ] GC(377) Archive regions: 0->0
[96.111s][info][gc,heap        ] GC(377) Humongous regions: 842->842
[96.111s][info][gc,metaspace   ] GC(377) Metaspace: 114960K(125696K)->114960K(125696K) NonClass: 98235K(104832K)->98235K(104832K) Class: 16725K(20864K)->16725K(20864K)
[96.111s][info][gc             ] GC(377) Pause Young (Concurrent Start) (G1 Humongous Allocation) 893M->892M(1024M) 2.686ms
[96.111s][info][gc             ] GC(378) Concurrent Mark Cycle
[96.111s][info][gc,cpu         ] GC(377) User=0.00s Sys=0.00s Real=0.00s
[96.111s][info][gc,marking     ] GC(378) Concurrent Scan Root Regions
[96.115s][info][gc,marking     ] GC(378) Concurrent Scan Root Regions 4.292ms
[96.115s][info][gc,marking     ] GC(378) Concurrent Mark
[96.115s][info][gc,marking     ] GC(378) Concurrent Mark From Roots
[96.115s][info][gc,task        ] GC(378) Using 8 workers of 8 for marking
[96.135s][info][gc,marking     ] GC(378) Concurrent Mark From Roots 19.709ms
[96.135s][info][gc,marking     ] GC(378) Concurrent Preclean
[96.135s][info][gc,marking     ] GC(378) Concurrent Preclean 0.281ms
[96.135s][info][gc,start       ] GC(378) Pause Remark
[96.137s][info][gc             ] GC(378) Pause Remark 906M->896M(1024M) 1.538ms
[96.137s][info][gc,cpu         ] GC(378) User=0.00s Sys=0.00s Real=0.00s
[96.137s][info][gc,marking     ] GC(378) Concurrent Mark 21.936ms
[96.137s][info][gc,marking     ] GC(378) Concurrent Rebuild Remembered Sets and Scrub Regions
[96.142s][info][gc,marking     ] GC(378) Concurrent Rebuild Remembered Sets and Scrub Regions 5.146ms
[96.143s][info][gc,start       ] GC(378) Pause Cleanup
[96.143s][info][gc             ] GC(378) Pause Cleanup 898M->898M(1024M) 0.421ms
[96.143s][info][gc,cpu         ] GC(378) User=0.00s Sys=0.00s Real=0.00s
[96.143s][info][gc,marking     ] GC(378) Concurrent Clear Claimed Marks
[96.143s][info][gc,marking     ] GC(378) Concurrent Clear Claimed Marks 0.096ms
[96.143s][info][gc,marking     ] GC(378) Concurrent Cleanup for Next Mark
[96.144s][info][gc,marking     ] GC(378) Concurrent Cleanup for Next Mark 0.741ms
[96.144s][info][gc             ] GC(378) Concurrent Mark Cycle 33.110ms
[96.191s][info][gc,heap,exit   ] Heap
[96.191s][info][gc,heap,exit   ]  garbage-first heap   total 1048576K, used 921585K [0x00000000c0000000, 0x0000000100000000)
[96.191s][info][gc,heap,exit   ]   region size 1024K, 15 young (15360K), 1 survivors (1024K)
[96.191s][info][gc,heap,exit   ]  Metaspace       used 115176K, committed 125696K, reserved 1179648K
[96.191s][info][gc,heap,exit   ]   class space    used 16767K, committed 20864K, reserved 1048576K
