[0.025s][info][gc,init] CardTable entry size: 512
[0.026s][info][gc     ] Using Parallel
[0.038s][info][gc,init] Version: 20+36-2344 (release)
[0.038s][info][gc,init] CPUs: 48 total, 48 available
[0.038s][info][gc,init] Memory: 382G
[0.038s][info][gc,init] Large Page Support: Disabled
[0.038s][info][gc,init] NUMA Support: Disabled
[0.038s][info][gc,init] Compressed Oops: Enabled (32-bit)
[0.038s][info][gc,init] Alignments: Space 512K, Generation 512K, Heap 2M
[0.038s][info][gc,init] Heap Min Capacity: 8M
[0.038s][info][gc,init] Heap Initial Capacity: 2G
[0.044s][info][gc,init] Heap Max Capacity: 2G
[0.044s][info][gc,init] Pre-touch: Disabled
[0.044s][info][gc,init] Parallel Workers: 33
[0.046s][info][gc,metaspace] CDS archive(s) mapped at: [0x0000000800000000-0x0000000800c60000-0x0000000800c60000), size 12976128, SharedBaseAddress: 0x0000000800000000, ArchiveRelocationMode: 0.
[0.046s][info][gc,metaspace] Compressed class space mapped at: 0x0000000801000000-0x0000000841000000, reserved size: 1073741824
[0.046s][info][gc,metaspace] Narrow klass base: 0x0000000800000000, Narrow klass shift: 0, Narrow klass range: 0x100000000
[10.455s][info][gc,start    ] GC(0) Pause Young (Metadata GC Threshold)
[10.473s][info][gc,heap     ] GC(0) PSYoungGen: 231188K(611840K)->18702K(611840K) Eden: 231188K(524800K)->0K(524800K) From: 0K(87040K)->18702K(87040K)
[10.473s][info][gc,heap     ] GC(0) ParOldGen: 0K(1398272K)->24K(1398272K)
[10.473s][info][gc,metaspace] GC(0) Metaspace: 21266K(21504K)->21266K(21504K) NonClass: 18546K(18688K)->18546K(18688K) Class: 2719K(2816K)->2719K(2816K)
[10.473s][info][gc          ] GC(0) Pause Young (Metadata GC Threshold) 225M->18M(1963M) 18.420ms
[10.473s][info][gc,cpu      ] GC(0) User=0.47s Sys=0.05s Real=0.03s
[10.474s][info][gc,start    ] GC(1) Pause Full (Metadata GC Threshold)
[10.474s][info][gc,phases,start] GC(1) Marking Phase
[10.487s][info][gc,phases      ] GC(1) Marking Phase 13.220ms
[10.487s][info][gc,phases,start] GC(1) Summary Phase
[10.487s][info][gc,phases      ] GC(1) Summary Phase 0.018ms
[10.487s][info][gc,phases,start] GC(1) Adjust Roots
[10.489s][info][gc,phases      ] GC(1) Adjust Roots 2.595ms
[10.490s][info][gc,phases,start] GC(1) Compaction Phase
[10.501s][info][gc,phases      ] GC(1) Compaction Phase 11.452ms
[10.501s][info][gc,phases,start] GC(1) Post Compact
[10.503s][info][gc,phases      ] GC(1) Post Compact 2.362ms
[10.503s][info][gc,heap        ] GC(1) PSYoungGen: 18702K(611840K)->0K(611840K) Eden: 0K(524800K)->0K(524800K) From: 18702K(87040K)->0K(87040K)
[10.503s][info][gc,heap        ] GC(1) ParOldGen: 24K(1398272K)->18045K(1398272K)
[10.503s][info][gc,metaspace   ] GC(1) Metaspace: 21266K(21504K)->21266K(21504K) NonClass: 18546K(18688K)->18546K(18688K) Class: 2719K(2816K)->2719K(2816K)
[10.503s][info][gc             ] GC(1) Pause Full (Metadata GC Threshold) 18M->17M(1963M) 29.921ms
[10.504s][info][gc,cpu         ] GC(1) User=0.53s Sys=0.00s Real=0.03s
[11.419s][info][gc,start       ] GC(2) Pause Young (Metadata GC Threshold)
[11.427s][info][gc,heap        ] GC(2) PSYoungGen: 264229K(611840K)->5406K(611840K) Eden: 264229K(524800K)->0K(524800K) From: 0K(87040K)->5406K(87040K)
[11.427s][info][gc,heap        ] GC(2) ParOldGen: 18045K(1398272K)->18053K(1398272K)
[11.427s][info][gc,metaspace   ] GC(2) Metaspace: 35446K(35840K)->35446K(35840K) NonClass: 30968K(31168K)->30968K(31168K) Class: 4478K(4672K)->4478K(4672K)
[11.427s][info][gc             ] GC(2) Pause Young (Metadata GC Threshold) 275M->22M(1963M) 7.771ms
[11.427s][info][gc,cpu         ] GC(2) User=0.00s Sys=0.00s Real=0.00s
[11.427s][info][gc,start       ] GC(3) Pause Full (Metadata GC Threshold)
[11.427s][info][gc,phases,start] GC(3) Marking Phase
[11.445s][info][gc,phases      ] GC(3) Marking Phase 18.031ms
[11.445s][info][gc,phases,start] GC(3) Summary Phase
[11.445s][info][gc,phases      ] GC(3) Summary Phase 0.023ms
[11.445s][info][gc,phases,start] GC(3) Adjust Roots
[11.449s][info][gc,phases      ] GC(3) Adjust Roots 4.276ms
[11.449s][info][gc,phases,start] GC(3) Compaction Phase
[11.465s][info][gc,phases      ] GC(3) Compaction Phase 16.015ms
[11.465s][info][gc,phases,start] GC(3) Post Compact
[11.467s][info][gc,phases      ] GC(3) Post Compact 1.020ms
[11.467s][info][gc,heap        ] GC(3) PSYoungGen: 5406K(611840K)->0K(611840K) Eden: 0K(524800K)->0K(524800K) From: 5406K(87040K)->0K(87040K)
[11.467s][info][gc,heap        ] GC(3) ParOldGen: 18053K(1398272K)->22688K(1398272K)
[11.467s][info][gc,metaspace   ] GC(3) Metaspace: 35446K(35840K)->35446K(35840K) NonClass: 30968K(31168K)->30968K(31168K) Class: 4478K(4672K)->4478K(4672K)
[11.467s][info][gc             ] GC(3) Pause Full (Metadata GC Threshold) 22M->22M(1963M) 39.611ms
[11.467s][info][gc,cpu         ] GC(3) User=0.52s Sys=0.00s Real=0.05s
[102.043s][info][gc,start       ] GC(4) Pause Young (Metadata GC Threshold)
[102.050s][info][gc,heap        ] GC(4) PSYoungGen: 381015K(611840K)->6956K(611840K) Eden: 381015K(524800K)->0K(524800K) From: 0K(87040K)->6956K(87040K)
[102.050s][info][gc,heap        ] GC(4) ParOldGen: 22688K(1398272K)->22696K(1398272K)
[102.050s][info][gc,metaspace   ] GC(4) Metaspace: 59250K(59776K)->59250K(59776K) NonClass: 52018K(52352K)->52018K(52352K) Class: 7232K(7424K)->7232K(7424K)
[102.050s][info][gc             ] GC(4) Pause Young (Metadata GC Threshold) 394M->28M(1963M) 6.267ms
[102.050s][info][gc,cpu         ] GC(4) User=0.00s Sys=0.00s Real=0.00s
[102.050s][info][gc,start       ] GC(5) Pause Full (Metadata GC Threshold)
[102.050s][info][gc,phases,start] GC(5) Marking Phase
[102.074s][info][gc,phases      ] GC(5) Marking Phase 24.092ms
[102.074s][info][gc,phases,start] GC(5) Summary Phase
[102.074s][info][gc,phases      ] GC(5) Summary Phase 0.016ms
[102.074s][info][gc,phases,start] GC(5) Adjust Roots
[102.079s][info][gc,phases      ] GC(5) Adjust Roots 4.783ms
[102.079s][info][gc,phases,start] GC(5) Compaction Phase
[102.093s][info][gc,phases      ] GC(5) Compaction Phase 14.315ms
[102.093s][info][gc,phases,start] GC(5) Post Compact
[102.095s][info][gc,phases      ] GC(5) Post Compact 1.727ms
[102.095s][info][gc,heap        ] GC(5) PSYoungGen: 6956K(611840K)->0K(611840K) Eden: 0K(524800K)->0K(524800K) From: 6956K(87040K)->0K(87040K)
[102.095s][info][gc,heap        ] GC(5) ParOldGen: 22696K(1398272K)->28407K(1398272K)
[102.095s][info][gc,metaspace   ] GC(5) Metaspace: 59250K(59776K)->59250K(59776K) NonClass: 52018K(52352K)->52018K(52352K) Class: 7232K(7424K)->7232K(7424K)
[102.095s][info][gc             ] GC(5) Pause Full (Metadata GC Threshold) 28M->27M(1963M) 45.246ms
[102.095s][info][gc,cpu         ] GC(5) User=0.53s Sys=0.02s Real=0.05s
[103.648s][info][gc,start       ] GC(6) Pause Young (System.gc())
[103.656s][info][gc,heap        ] GC(6) PSYoungGen: 107447K(611840K)->6976K(611840K) Eden: 107447K(524800K)->0K(524800K) From: 0K(87040K)->6976K(87040K)
[103.656s][info][gc,heap        ] GC(6) ParOldGen: 28407K(1398272K)->28415K(1398272K)
[103.656s][info][gc,metaspace   ] GC(6) Metaspace: 84458K(84928K)->84458K(84928K) NonClass: 73980K(74240K)->73980K(74240K) Class: 10478K(10688K)->10478K(10688K)
[103.656s][info][gc             ] GC(6) Pause Young (System.gc()) 132M->34M(1963M) 8.766ms
[103.657s][info][gc,cpu         ] GC(6) User=0.02s Sys=0.00s Real=0.02s
[103.657s][info][gc,start       ] GC(7) Pause Full (System.gc())
[103.657s][info][gc,phases,start] GC(7) Marking Phase
[103.690s][info][gc,phases      ] GC(7) Marking Phase 33.507ms
[103.690s][info][gc,phases,start] GC(7) Summary Phase
[103.690s][info][gc,phases      ] GC(7) Summary Phase 0.012ms
[103.690s][info][gc,phases,start] GC(7) Adjust Roots
[103.698s][info][gc,phases      ] GC(7) Adjust Roots 7.480ms
[103.698s][info][gc,phases,start] GC(7) Compaction Phase
[103.713s][info][gc,phases      ] GC(7) Compaction Phase 15.627ms
[103.713s][info][gc,phases,start] GC(7) Post Compact
[103.715s][info][gc,phases      ] GC(7) Post Compact 1.838ms
[103.715s][info][gc,heap        ] GC(7) PSYoungGen: 6976K(611840K)->0K(611840K) Eden: 0K(524800K)->0K(524800K) From: 6976K(87040K)->0K(87040K)
[103.715s][info][gc,heap        ] GC(7) ParOldGen: 28415K(1398272K)->34414K(1398272K)
[103.716s][info][gc,metaspace   ] GC(7) Metaspace: 84458K(84928K)->84458K(84928K) NonClass: 73980K(74240K)->73980K(74240K) Class: 10478K(10688K)->10478K(10688K)
[103.716s][info][gc             ] GC(7) Pause Full (System.gc()) 34M->33M(1963M) 58.888ms
[103.716s][info][gc,cpu         ] GC(7) User=0.58s Sys=0.05s Real=0.05s
[108.406s][info][gc,start       ] GC(8) Pause Young (Allocation Failure)
[108.426s][info][gc,heap        ] GC(8) PSYoungGen: 524800K(611840K)->37046K(611840K) Eden: 524800K(524800K)->0K(524800K) From: 0K(87040K)->37046K(87040K)
[108.426s][info][gc,heap        ] GC(8) ParOldGen: 34414K(1398272K)->34430K(1398272K)
[108.426s][info][gc,metaspace   ] GC(8) Metaspace: 123800K(130304K)->123800K(130304K) NonClass: 104823K(108416K)->104823K(108416K) Class: 18976K(21888K)->18976K(21888K)
[108.426s][info][gc             ] GC(8) Pause Young (Allocation Failure) 546M->69M(1963M) 20.250ms
[108.426s][info][gc,cpu         ] GC(8) User=0.44s Sys=0.03s Real=0.02s
[108.747s][info][gc,start       ] GC(9) Pause Young (Allocation Failure)
[108.772s][info][gc,heap        ] GC(9) PSYoungGen: 561754K(611840K)->46392K(571392K) Eden: 524707K(524800K)->0K(524800K) From: 37046K(87040K)->46392K(46592K)
[108.772s][info][gc,heap        ] GC(9) ParOldGen: 34430K(1398272K)->34438K(1398272K)
[108.772s][info][gc,metaspace   ] GC(9) Metaspace: 123819K(130304K)->123819K(130304K) NonClass: 104843K(108416K)->104843K(108416K) Class: 18976K(21888K)->18976K(21888K)
[108.772s][info][gc             ] GC(9) Pause Young (Allocation Failure) 582M->78M(1923M) 24.976ms
[108.772s][info][gc,cpu         ] GC(9) User=0.38s Sys=0.14s Real=0.02s
[108.853s][info][gc,start       ] GC(10) Pause Young (Allocation Failure)
[108.881s][info][gc,heap        ] GC(10) PSYoungGen: 571192K(571392K)->50152K(608256K) Eden: 524800K(524800K)->0K(558080K) From: 46392K(46592K)->50152K(50176K)
[108.881s][info][gc,heap        ] GC(10) ParOldGen: 34438K(1398272K)->48840K(1398272K)
[108.881s][info][gc,metaspace   ] GC(10) Metaspace: 123835K(130304K)->123835K(130304K) NonClass: 104858K(108416K)->104858K(108416K) Class: 18976K(21888K)->18976K(21888K)
[108.881s][info][gc             ] GC(10) Pause Young (Allocation Failure) 591M->96M(1959M) 28.030ms
[108.881s][info][gc,cpu         ] GC(10) User=0.02s Sys=0.50s Real=0.02s
[108.926s][info][gc,start       ] GC(11) Pause Young (Allocation Failure)
[108.955s][info][gc,heap        ] GC(11) PSYoungGen: 608232K(608256K)->68595K(582144K) Eden: 558080K(558080K)->0K(513536K) From: 50152K(50176K)->68595K(68608K)
[108.955s][info][gc,heap        ] GC(11) ParOldGen: 48840K(1398272K)->73106K(1398272K)
[108.955s][info][gc,metaspace   ] GC(11) Metaspace: 123844K(130304K)->123844K(130304K) NonClass: 104868K(108416K)->104868K(108416K) Class: 18976K(21888K)->18976K(21888K)
[108.955s][info][gc             ] GC(11) Pause Young (Allocation Failure) 641M->138M(1934M) 29.269ms
[108.955s][info][gc,cpu         ] GC(11) User=0.16s Sys=0.88s Real=0.03s
[108.997s][info][gc,start       ] GC(12) Pause Young (Allocation Failure)
[109.010s][info][gc,heap        ] GC(12) PSYoungGen: 582131K(582144K)->61436K(574976K) Eden: 513536K(513536K)->0K(513536K) From: 68595K(68608K)->61436K(61440K)
[109.010s][info][gc,heap        ] GC(12) ParOldGen: 73106K(1398272K)->89370K(1398272K)
[109.010s][info][gc,metaspace   ] GC(12) Metaspace: 123844K(130304K)->123844K(130304K) NonClass: 104868K(108416K)->104868K(108416K) Class: 18976K(21888K)->18976K(21888K)
[109.010s][info][gc             ] GC(12) Pause Young (Allocation Failure) 639M->147M(1927M) 13.544ms
[109.010s][info][gc,cpu         ] GC(12) User=0.14s Sys=0.38s Real=0.02s
[109.213s][info][gc,start       ] GC(13) Pause Young (Allocation Failure)
[109.220s][info][gc,heap        ] GC(13) PSYoungGen: 574972K(574976K)->58901K(597504K) Eden: 513536K(513536K)->0K(500224K) From: 61436K(61440K)->58901K(97280K)
[109.220s][info][gc,heap        ] GC(13) ParOldGen: 89370K(1398272K)->92139K(1398272K)
[109.220s][info][gc,metaspace   ] GC(13) Metaspace: 123844K(130304K)->123844K(130304K) NonClass: 104868K(108416K)->104868K(108416K) Class: 18976K(21888K)->18976K(21888K)
[109.220s][info][gc             ] GC(13) Pause Young (Allocation Failure) 648M->147M(1949M) 7.100ms
[109.220s][info][gc,cpu         ] GC(13) User=0.30s Sys=0.22s Real=0.02s
[109.268s][info][gc,start       ] GC(14) Pause Young (Allocation Failure)
[109.298s][info][gc,heap        ] GC(14) PSYoungGen: 559125K(597504K)->97931K(598528K) Eden: 500224K(500224K)->0K(500224K) From: 58901K(97280K)->97931K(98304K)
[109.298s][info][gc,heap        ] GC(14) ParOldGen: 92139K(1398272K)->157973K(1398272K)
[109.298s][info][gc,metaspace   ] GC(14) Metaspace: 123844K(130304K)->123844K(130304K) NonClass: 104868K(108416K)->104868K(108416K) Class: 18976K(21888K)->18976K(21888K)
[109.298s][info][gc             ] GC(14) Pause Young (Allocation Failure) 636M->249M(1950M) 29.918ms
[109.298s][info][gc,cpu         ] GC(14) User=0.02s Sys=0.44s Real=0.02s
[109.337s][info][gc,start       ] GC(15) Pause Young (Allocation Failure)
[109.380s][info][gc,heap        ] GC(15) PSYoungGen: 598155K(598528K)->29181K(578048K) Eden: 500224K(500224K)->0K(477696K) From: 97931K(98304K)->29181K(100352K)
[109.380s][info][gc,heap        ] GC(15) ParOldGen: 157973K(1398272K)->255104K(1398272K)
[109.380s][info][gc,metaspace   ] GC(15) Metaspace: 123846K(130304K)->123846K(130304K) NonClass: 104869K(108416K)->104869K(108416K) Class: 18976K(21888K)->18976K(21888K)
[109.380s][info][gc             ] GC(15) Pause Young (Allocation Failure) 738M->277M(1930M) 43.144ms
[109.380s][info][gc,cpu         ] GC(15) User=0.08s Sys=1.39s Real=0.05s
[109.414s][info][gc,start       ] GC(16) Pause Young (Allocation Failure)
[109.423s][info][gc,heap        ] GC(16) PSYoungGen: 506877K(578048K)->1056K(479232K) Eden: 477696K(477696K)->0K(477696K) From: 29181K(100352K)->1056K(1536K)
[109.423s][info][gc,heap        ] GC(16) ParOldGen: 255104K(1398272K)->283453K(1398272K)
[109.423s][info][gc,metaspace   ] GC(16) Metaspace: 123846K(130304K)->123846K(130304K) NonClass: 104869K(108416K)->104869K(108416K) Class: 18976K(21888K)->18976K(21888K)
[109.423s][info][gc             ] GC(16) Pause Young (Allocation Failure) 744M->277M(1833M) 9.492ms
[109.424s][info][gc,cpu         ] GC(16) User=0.00s Sys=0.00s Real=0.00s
[109.458s][info][gc,start       ] GC(17) Pause Young (Allocation Failure)
[109.459s][info][gc,heap        ] GC(17) PSYoungGen: 478752K(479232K)->1024K(588288K) Eden: 477696K(477696K)->0K(477184K) From: 1056K(1536K)->1024K(111104K)
[109.459s][info][gc,heap        ] GC(17) ParOldGen: 283453K(1398272K)->283469K(1398272K)
[109.459s][info][gc,metaspace   ] GC(17) Metaspace: 123846K(130304K)->123846K(130304K) NonClass: 104869K(108416K)->104869K(108416K) Class: 18976K(21888K)->18976K(21888K)
[109.459s][info][gc             ] GC(17) Pause Young (Allocation Failure) 744M->277M(1940M) 1.138ms
[109.459s][info][gc,cpu         ] GC(17) User=0.00s Sys=0.00s Real=0.00s
[109.493s][info][gc,start       ] GC(18) Pause Young (Allocation Failure)
[109.494s][info][gc,heap        ] GC(18) PSYoungGen: 478208K(588288K)->1056K(478720K) Eden: 477184K(477184K)->0K(477184K) From: 1024K(111104K)->1056K(1536K)
[109.494s][info][gc,heap        ] GC(18) ParOldGen: 283469K(1398272K)->283525K(1398272K)
[109.494s][info][gc,metaspace   ] GC(18) Metaspace: 123846K(130304K)->123846K(130304K) NonClass: 104869K(108416K)->104869K(108416K) Class: 18976K(21888K)->18976K(21888K)
[109.494s][info][gc             ] GC(18) Pause Young (Allocation Failure) 743M->277M(1833M) 1.514ms
[109.494s][info][gc,cpu         ] GC(18) User=0.00s Sys=0.00s Real=0.00s
[109.529s][info][gc,start       ] GC(19) Pause Young (Allocation Failure)
[109.531s][info][gc,heap        ] GC(19) PSYoungGen: 478240K(478720K)->7306K(589824K) Eden: 477184K(477184K)->0K(480768K) From: 1056K(1536K)->7306K(109056K)
[109.531s][info][gc,heap        ] GC(19) ParOldGen: 283525K(1398272K)->283525K(1398272K)
[109.531s][info][gc,metaspace   ] GC(19) Metaspace: 123846K(130304K)->123846K(130304K) NonClass: 104869K(108416K)->104869K(108416K) Class: 18976K(21888K)->18976K(21888K)
[109.531s][info][gc             ] GC(19) Pause Young (Allocation Failure) 743M->284M(1941M) 1.975ms
[109.531s][info][gc,cpu         ] GC(19) User=0.00s Sys=0.00s Real=0.00s
[109.581s][info][gc,start       ] GC(20) Pause Young (Allocation Failure)
[109.602s][info][gc,heap        ] GC(20) PSYoungGen: 488074K(589824K)->101216K(582144K) Eden: 480768K(480768K)->0K(480768K) From: 7306K(109056K)->101216K(101376K)
[109.602s][info][gc,heap        ] GC(20) ParOldGen: 283525K(1398272K)->333549K(1398272K)
[109.602s][info][gc,metaspace   ] GC(20) Metaspace: 123846K(130304K)->123846K(130304K) NonClass: 104869K(108416K)->104869K(108416K) Class: 18976K(21888K)->18976K(21888K)
[109.602s][info][gc             ] GC(20) Pause Young (Allocation Failure) 753M->424M(1934M) 21.754ms
[109.602s][info][gc,cpu         ] GC(20) User=0.02s Sys=0.13s Real=0.01s
[109.659s][info][gc,start       ] GC(21) Pause Young (Allocation Failure)
[109.717s][info][gc,heap        ] GC(21) PSYoungGen: 581984K(582144K)->113684K(526848K) Eden: 480768K(480768K)->0K(410112K) From: 101216K(101376K)->113684K(116736K)
[109.717s][info][gc,heap        ] GC(21) ParOldGen: 333549K(1398272K)->464952K(1398272K)
[109.717s][info][gc,metaspace   ] GC(21) Metaspace: 123846K(130304K)->123846K(130304K) NonClass: 104869K(108416K)->104869K(108416K) Class: 18976K(21888K)->18976K(21888K)
[109.717s][info][gc             ] GC(21) Pause Young (Allocation Failure) 894M->565M(1880M) 58.775ms
[109.717s][info][gc,cpu         ] GC(21) User=0.06s Sys=0.94s Real=0.05s
[109.747s][info][gc,start       ] GC(22) Pause Young (Allocation Failure)
[109.790s][info][gc,heap        ] GC(22) PSYoungGen: 523796K(526848K)->7338K(554496K) Eden: 410112K(410112K)->0K(410112K) From: 113684K(116736K)->7338K(144384K)
[109.790s][info][gc,heap        ] GC(22) ParOldGen: 464952K(1398272K)->577636K(1398272K)
[109.790s][info][gc,metaspace   ] GC(22) Metaspace: 123849K(130304K)->123849K(130304K) NonClass: 104873K(108416K)->104873K(108416K) Class: 18976K(21888K)->18976K(21888K)
[109.790s][info][gc             ] GC(22) Pause Young (Allocation Failure) 965M->571M(1907M) 42.821ms
[109.790s][info][gc,cpu         ] GC(22) User=0.05s Sys=0.81s Real=0.05s
[109.819s][info][gc,start       ] GC(23) Pause Young (Allocation Failure)
[109.824s][info][gc,heap        ] GC(23) PSYoungGen: 417450K(554496K)->1088K(543744K) Eden: 410112K(410112K)->0K(413696K) From: 7338K(144384K)->1088K(130048K)
[109.824s][info][gc,heap        ] GC(23) ParOldGen: 577636K(1398272K)->584054K(1398272K)
[109.824s][info][gc,metaspace   ] GC(23) Metaspace: 123855K(130304K)->123855K(130304K) NonClass: 104877K(108416K)->104877K(108416K) Class: 18978K(21888K)->18978K(21888K)
[109.824s][info][gc             ] GC(23) Pause Young (Allocation Failure) 971M->571M(1896M) 5.448ms
[109.824s][info][gc,cpu         ] GC(23) User=0.00s Sys=0.00s Real=0.00s
[109.868s][info][gc,start       ] GC(24) Pause Young (Allocation Failure)
[109.873s][info][gc,heap        ] GC(24) PSYoungGen: 414784K(543744K)->33916K(550912K) Eden: 413696K(413696K)->0K(413696K) From: 1088K(130048K)->33916K(137216K)
[109.873s][info][gc,heap        ] GC(24) ParOldGen: 584054K(1398272K)->584182K(1398272K)
[109.873s][info][gc,metaspace   ] GC(24) Metaspace: 123881K(130368K)->123881K(130368K) NonClass: 104895K(108480K)->104895K(108480K) Class: 18985K(21888K)->18985K(21888K)
[109.873s][info][gc             ] GC(24) Pause Young (Allocation Failure) 975M->603M(1903M) 4.792ms
[109.873s][info][gc,cpu         ] GC(24) User=0.00s Sys=0.00s Real=0.00s
[109.915s][info][gc,start       ] GC(25) Pause Young (Allocation Failure)
[109.963s][info][gc,heap        ] GC(25) PSYoungGen: 444842K(550912K)->127998K(449024K) Eden: 410926K(413696K)->0K(321024K) From: 33916K(137216K)->127998K(128000K)
[109.963s][info][gc,heap        ] GC(25) ParOldGen: 584182K(1398272K)->682731K(1398272K)
[109.963s][info][gc,metaspace   ] GC(25) Metaspace: 123901K(130368K)->123901K(130368K) NonClass: 104908K(108480K)->104908K(108480K) Class: 18992K(21888K)->18992K(21888K)
[109.963s][info][gc             ] GC(25) Pause Young (Allocation Failure) 1004M->791M(1804M) 47.668ms
[109.963s][info][gc,cpu         ] GC(25) User=0.09s Sys=0.66s Real=0.05s
[110.007s][info][gc,start       ] GC(26) Pause Young (Allocation Failure)
[110.060s][info][gc,heap        ] GC(26) PSYoungGen: 449022K(449024K)->181707K(502784K) Eden: 321024K(321024K)->0K(321024K) From: 127998K(128000K)->181707K(181760K)
[110.060s][info][gc,heap        ] GC(26) ParOldGen: 682731K(1398272K)->810367K(1398272K)
[110.060s][info][gc,metaspace   ] GC(26) Metaspace: 123949K(130432K)->123949K(130432K) NonClass: 104954K(108544K)->104954K(108544K) Class: 18995K(21888K)->18995K(21888K)
[110.060s][info][gc             ] GC(26) Pause Young (Allocation Failure) 1105M->968M(1856M) 52.432ms
[110.060s][info][gc,cpu         ] GC(26) User=0.13s Sys=1.22s Real=0.05s
[110.085s][info][gc,start       ] GC(27) Pause Young (Allocation Failure)
[110.172s][info][gc,heap        ] GC(27) PSYoungGen: 502731K(502784K)->24931K(465920K) Eden: 321024K(321024K)->0K(269824K) From: 181707K(181760K)->24931K(196096K)
[110.172s][info][gc,heap        ] GC(27) ParOldGen: 810367K(1398272K)->986661K(1398272K)
[110.172s][info][gc,metaspace   ] GC(27) Metaspace: 123963K(130432K)->123963K(130432K) NonClass: 104967K(108544K)->104967K(108544K) Class: 18995K(21888K)->18995K(21888K)
[110.172s][info][gc             ] GC(27) Pause Young (Allocation Failure) 1282M->987M(1820M) 87.432ms
[110.172s][info][gc,cpu         ] GC(27) User=0.08s Sys=2.81s Real=0.09s
[110.192s][info][gc,start       ] GC(28) Pause Young (Allocation Failure)
[110.199s][info][gc,heap        ] GC(28) PSYoungGen: 294755K(465920K)->25457K(484352K) Eden: 269824K(269824K)->0K(269824K) From: 24931K(196096K)->25457K(214528K)
[110.199s][info][gc,heap        ] GC(28) ParOldGen: 986661K(1398272K)->1002025K(1398272K)
[110.199s][info][gc,metaspace   ] GC(28) Metaspace: 123963K(130432K)->123963K(130432K) NonClass: 104967K(108544K)->104967K(108544K) Class: 18995K(21888K)->18995K(21888K)
[110.199s][info][gc             ] GC(28) Pause Young (Allocation Failure) 1251M->1003M(1838M) 6.465ms
[110.199s][info][gc,cpu         ] GC(28) User=0.00s Sys=0.00s Real=0.00s
[110.219s][info][gc,start       ] GC(29) Pause Young (Allocation Failure)
[110.229s][info][gc,heap        ] GC(29) PSYoungGen: 295281K(484352K)->20197K(460288K) Eden: 269824K(269824K)->0K(278528K) From: 25457K(214528K)->20197K(181760K)
[110.229s][info][gc,heap        ] GC(29) ParOldGen: 1002025K(1398272K)->1021413K(1398272K)
[110.229s][info][gc,metaspace   ] GC(29) Metaspace: 123963K(130432K)->123963K(130432K) NonClass: 104967K(108544K)->104967K(108544K) Class: 18995K(21888K)->18995K(21888K)
[110.229s][info][gc             ] GC(29) Pause Young (Allocation Failure) 1266M->1017M(1815M) 10.447ms
[110.229s][info][gc,cpu         ] GC(29) User=0.03s Sys=0.27s Real=0.02s
[110.250s][info][gc,start       ] GC(30) Pause Young (Allocation Failure)
[110.258s][info][gc,heap        ] GC(30) PSYoungGen: 298725K(460288K)->13165K(476672K) Eden: 278528K(278528K)->0K(278528K) From: 20197K(181760K)->13165K(198144K)
[110.259s][info][gc,heap        ] GC(30) ParOldGen: 1021413K(1398272K)->1040754K(1398272K)
[110.259s][info][gc,metaspace   ] GC(30) Metaspace: 123963K(130432K)->123963K(130432K) NonClass: 104967K(108544K)->104967K(108544K) Class: 18995K(21888K)->18995K(21888K)
[110.259s][info][gc             ] GC(30) Pause Young (Allocation Failure) 1289M->1029M(1831M) 8.460ms
[110.259s][info][gc,cpu         ] GC(30) User=0.06s Sys=0.34s Real=0.02s
[110.280s][info][gc,start       ] GC(31) Pause Young (Allocation Failure)
[110.286s][info][gc,heap        ] GC(31) PSYoungGen: 291693K(476672K)->30807K(473088K) Eden: 278528K(278528K)->0K(309760K) From: 13165K(198144K)->30807K(163328K)
[110.286s][info][gc,heap        ] GC(31) ParOldGen: 1040754K(1398272K)->1052951K(1398272K)
[110.286s][info][gc,metaspace   ] GC(31) Metaspace: 123964K(130432K)->123964K(130432K) NonClass: 104968K(108544K)->104968K(108544K) Class: 18995K(21888K)->18995K(21888K)
[110.286s][info][gc             ] GC(31) Pause Young (Allocation Failure) 1301M->1058M(1827M) 6.497ms
[110.286s][info][gc,cpu         ] GC(31) User=0.00s Sys=0.00s Real=0.00s
[110.308s][info][gc,start       ] GC(32) Pause Young (Allocation Failure)
[110.322s][info][gc,heap        ] GC(32) PSYoungGen: 340567K(473088K)->33900K(490496K) Eden: 309760K(309760K)->0K(309760K) From: 30807K(163328K)->33900K(180736K)
[110.322s][info][gc,heap        ] GC(32) ParOldGen: 1052951K(1398272K)->1082815K(1398272K)
[110.322s][info][gc,metaspace   ] GC(32) Metaspace: 123965K(130432K)->123965K(130432K) NonClass: 104969K(108544K)->104969K(108544K) Class: 18995K(21888K)->18995K(21888K)
[110.322s][info][gc             ] GC(32) Pause Young (Allocation Failure) 1360M->1090M(1844M) 14.023ms
[110.322s][info][gc,cpu         ] GC(32) User=0.00s Sys=0.31s Real=0.02s
[110.344s][info][gc,start       ] GC(33) Pause Young (Allocation Failure)
[110.359s][info][gc,heap        ] GC(33) PSYoungGen: 343660K(490496K)->4149K(500736K) Eden: 309760K(309760K)->0K(347648K) From: 33900K(180736K)->4149K(153088K)
[110.359s][info][gc,heap        ] GC(33) ParOldGen: 1082815K(1398272K)->1117374K(1398272K)
[110.359s][info][gc,metaspace   ] GC(33) Metaspace: 123965K(130432K)->123965K(130432K) NonClass: 104969K(108544K)->104969K(108544K) Class: 18995K(21888K)->18995K(21888K)
[110.359s][info][gc             ] GC(33) Pause Young (Allocation Failure) 1393M->1095M(1854M) 14.641ms
[110.359s][info][gc,cpu         ] GC(33) User=0.03s Sys=0.20s Real=0.01s
[110.383s][info][gc,start       ] GC(34) Pause Young (Allocation Failure)
[110.385s][info][gc,heap        ] GC(34) PSYoungGen: 351797K(500736K)->2586K(513024K) Eden: 347648K(347648K)->0K(347648K) From: 4149K(153088K)->2586K(165376K)
[110.385s][info][gc,heap        ] GC(34) ParOldGen: 1117374K(1398272K)->1120644K(1398272K)
[110.385s][info][gc,metaspace   ] GC(34) Metaspace: 123965K(130432K)->123965K(130432K) NonClass: 104969K(108544K)->104969K(108544K) Class: 18995K(21888K)->18995K(21888K)
[110.385s][info][gc             ] GC(34) Pause Young (Allocation Failure) 1434M->1096M(1866M) 2.246ms
[110.385s][info][gc,cpu         ] GC(34) User=0.00s Sys=0.00s Real=0.00s
[110.411s][info][gc,start       ] GC(35) Pause Young (Allocation Failure)
[110.415s][info][gc,heap        ] GC(35) PSYoungGen: 350234K(513024K)->41713K(505856K) Eden: 347648K(347648K)->0K(373248K) From: 2586K(165376K)->41713K(132608K)
[110.415s][info][gc,heap        ] GC(35) ParOldGen: 1120644K(1398272K)->1122246K(1398272K)
[110.415s][info][gc,metaspace   ] GC(35) Metaspace: 123965K(130432K)->123965K(130432K) NonClass: 104969K(108544K)->104969K(108544K) Class: 18995K(21888K)->18995K(21888K)
[110.415s][info][gc             ] GC(35) Pause Young (Allocation Failure) 1436M->1136M(1859M) 4.812ms
[110.415s][info][gc,cpu         ] GC(35) User=0.00s Sys=0.00s Real=0.00s
[110.443s][info][gc,start       ] GC(36) Pause Young (Allocation Failure)
[110.463s][info][gc,heap        ] GC(36) PSYoungGen: 414961K(505856K)->91841K(522240K) Eden: 373248K(373248K)->0K(373248K) From: 41713K(132608K)->91841K(148992K)
[110.463s][info][gc,heap        ] GC(36) ParOldGen: 1122246K(1398272K)->1162975K(1398272K)
[110.463s][info][gc,metaspace   ] GC(36) Metaspace: 123965K(130432K)->123965K(130432K) NonClass: 104969K(108544K)->104969K(108544K) Class: 18995K(21888K)->18995K(21888K)
[110.463s][info][gc             ] GC(36) Pause Young (Allocation Failure) 1501M->1225M(1875M) 19.795ms
[110.463s][info][gc,cpu         ] GC(36) User=0.33s Sys=0.19s Real=0.02s
[110.491s][info][gc,start       ] GC(37) Pause Young (Allocation Failure)
[110.527s][info][gc,heap        ] GC(37) PSYoungGen: 465089K(522240K)->19774K(542720K) Eden: 373248K(373248K)->0K(390656K) From: 91841K(148992K)->19774K(152064K)
[110.527s][info][gc,heap        ] GC(37) ParOldGen: 1162975K(1398272K)->1250708K(1398272K)
[110.527s][info][gc,metaspace   ] GC(37) Metaspace: 123965K(130432K)->123965K(130432K) NonClass: 104969K(108544K)->104969K(108544K) Class: 18995K(21888K)->18995K(21888K)
[110.527s][info][gc             ] GC(37) Pause Young (Allocation Failure) 1589M->1240M(1895M) 36.154ms
[110.527s][info][gc,cpu         ] GC(37) User=0.05s Sys=0.86s Real=0.03s
[110.554s][info][gc,start       ] GC(38) Pause Young (Allocation Failure)
[110.561s][info][gc,heap        ] GC(38) PSYoungGen: 410430K(542720K)->4181K(541184K) Eden: 390656K(390656K)->0K(390656K) From: 19774K(152064K)->4181K(150528K)
[110.561s][info][gc,heap        ] GC(38) ParOldGen: 1250708K(1398272K)->1269498K(1398272K)
[110.561s][info][gc,metaspace   ] GC(38) Metaspace: 123965K(130432K)->123965K(130432K) NonClass: 104969K(108544K)->104969K(108544K) Class: 18995K(21888K)->18995K(21888K)
[110.561s][info][gc             ] GC(38) Pause Young (Allocation Failure) 1622M->1243M(1894M) 6.734ms
[110.561s][info][gc,cpu         ] GC(38) User=0.02s Sys=0.03s Real=0.02s
[110.561s][info][gc,start       ] GC(39) Pause Full (Ergonomics)
[110.561s][info][gc,phases,start] GC(39) Marking Phase
[110.645s][info][gc,phases      ] GC(39) Marking Phase 84.246ms
[110.646s][info][gc,phases,start] GC(39) Summary Phase
[110.646s][info][gc,phases      ] GC(39) Summary Phase 0.053ms
[110.646s][info][gc,phases,start] GC(39) Adjust Roots
[110.663s][info][gc,phases      ] GC(39) Adjust Roots 17.750ms
[110.663s][info][gc,phases,start] GC(39) Compaction Phase
[110.695s][info][gc,phases      ] GC(39) Compaction Phase 31.543ms
[110.695s][info][gc,phases,start] GC(39) Post Compact
[110.724s][info][gc,phases      ] GC(39) Post Compact 28.946ms
[110.758s][info][gc,heap        ] GC(39) PSYoungGen: 4181K(541184K)->0K(542720K) Eden: 0K(390656K)->0K(396288K) From: 4181K(150528K)->0K(146432K)
[110.758s][info][gc,heap        ] GC(39) ParOldGen: 1269498K(1398272K)->405665K(1103360K)
[110.758s][info][gc,metaspace   ] GC(39) Metaspace: 123965K(130432K)->114717K(128000K) NonClass: 104969K(108544K)->98078K(106304K) Class: 18995K(21888K)->16638K(21696K)
[110.758s][info][gc             ] GC(39) Pause Full (Ergonomics) 1243M->396M(1607M) 196.954ms
[110.758s][info][gc,cpu         ] GC(39) User=1.66s Sys=0.03s Real=0.19s
[110.789s][info][gc,start       ] GC(40) Pause Young (Allocation Failure)
[110.790s][info][gc,heap        ] GC(40) PSYoungGen: 396288K(542720K)->1088K(542720K) Eden: 396288K(396288K)->0K(396288K) From: 0K(146432K)->1088K(146432K)
[110.790s][info][gc,heap        ] GC(40) ParOldGen: 405665K(1103360K)->405665K(1103360K)
[110.790s][info][gc,metaspace   ] GC(40) Metaspace: 114717K(128000K)->114717K(128000K) NonClass: 98078K(106304K)->98078K(106304K) Class: 16638K(21696K)->16638K(21696K)
[110.790s][info][gc             ] GC(40) Pause Young (Allocation Failure) 783M->397M(1607M) 1.011ms
[110.790s][info][gc,cpu         ] GC(40) User=0.00s Sys=0.00s Real=0.00s
[110.819s][info][gc,start       ] GC(41) Pause Young (Allocation Failure)
[110.820s][info][gc,heap        ] GC(41) PSYoungGen: 397375K(542720K)->1056K(547840K) Eden: 396287K(396288K)->0K(410624K) From: 1088K(146432K)->1056K(137216K)
[110.820s][info][gc,heap        ] GC(41) ParOldGen: 405665K(1103360K)->405889K(1103360K)
[110.820s][info][gc,metaspace   ] GC(41) Metaspace: 114717K(128000K)->114717K(128000K) NonClass: 98078K(106304K)->98078K(106304K) Class: 16638K(21696K)->16638K(21696K)
[110.820s][info][gc             ] GC(41) Pause Young (Allocation Failure) 784M->397M(1612M) 1.544ms
[110.821s][info][gc,cpu         ] GC(41) User=0.00s Sys=0.00s Real=0.00s
[110.850s][info][gc,start       ] GC(42) Pause Young (Allocation Failure)
[110.851s][info][gc,heap        ] GC(42) PSYoungGen: 411680K(547840K)->1056K(547840K) Eden: 410624K(410624K)->0K(410624K) From: 1056K(137216K)->1056K(137216K)
[110.851s][info][gc,heap        ] GC(42) ParOldGen: 405889K(1103360K)->405945K(1103360K)
[110.851s][info][gc,metaspace   ] GC(42) Metaspace: 114717K(128000K)->114717K(128000K) NonClass: 98078K(106304K)->98078K(106304K) Class: 16638K(21696K)->16638K(21696K)
[110.851s][info][gc             ] GC(42) Pause Young (Allocation Failure) 798M->397M(1612M) 0.916ms
[110.851s][info][gc,cpu         ] GC(42) User=0.00s Sys=0.00s Real=0.00s
[110.887s][info][gc,start       ] GC(43) Pause Young (Allocation Failure)
[110.892s][info][gc,heap        ] GC(43) PSYoungGen: 411680K(547840K)->44902K(557568K) Eden: 410624K(410624K)->0K(428544K) From: 1056K(137216K)->44902K(129024K)
[110.892s][info][gc,heap        ] GC(43) ParOldGen: 405945K(1103360K)->406017K(1103360K)
[110.892s][info][gc,metaspace   ] GC(43) Metaspace: 114717K(128000K)->114717K(128000K) NonClass: 98078K(106304K)->98078K(106304K) Class: 16638K(21696K)->16638K(21696K)
[110.892s][info][gc             ] GC(43) Pause Young (Allocation Failure) 798M->440M(1622M) 5.154ms
[110.892s][info][gc,cpu         ] GC(43) User=0.00s Sys=0.00s Real=0.00s
[110.940s][info][gc,start       ] GC(44) Pause Young (Allocation Failure)
[110.954s][info][gc,heap        ] GC(44) PSYoungGen: 473446K(557568K)->107306K(536064K) Eden: 428544K(428544K)->0K(428544K) From: 44902K(129024K)->107306K(107520K)
[110.954s][info][gc,heap        ] GC(44) ParOldGen: 406017K(1103360K)->449887K(1103360K)
[110.954s][info][gc,metaspace   ] GC(44) Metaspace: 114717K(128000K)->114717K(128000K) NonClass: 98078K(106304K)->98078K(106304K) Class: 16638K(21696K)->16638K(21696K)
[110.954s][info][gc             ] GC(44) Pause Young (Allocation Failure) 858M->544M(1601M) 14.515ms
[110.954s][info][gc,cpu         ] GC(44) User=0.00s Sys=0.00s Real=0.00s
[111.003s][info][gc,start       ] GC(45) Pause Young (Allocation Failure)
[111.027s][info][gc,heap        ] GC(45) PSYoungGen: 535850K(536064K)->138556K(500224K) Eden: 428544K(428544K)->0K(353792K) From: 107306K(107520K)->138556K(146432K)
[111.027s][info][gc,heap        ] GC(45) ParOldGen: 449887K(1103360K)->556266K(1103360K)
[111.027s][info][gc,metaspace   ] GC(45) Metaspace: 114717K(128000K)->114717K(128000K) NonClass: 98078K(106304K)->98078K(106304K) Class: 16638K(21696K)->16638K(21696K)
[111.027s][info][gc             ] GC(45) Pause Young (Allocation Failure) 962M->678M(1566M) 24.367ms
[111.027s][info][gc,cpu         ] GC(45) User=0.44s Sys=0.03s Real=0.02s
[111.053s][info][gc,start       ] GC(46) Pause Young (Allocation Failure)
[111.068s][info][gc,heap        ] GC(46) PSYoungGen: 492348K(500224K)->7402K(526336K) Eden: 353792K(353792K)->0K(353792K) From: 138556K(146432K)->7402K(172544K)
[111.068s][info][gc,heap        ] GC(46) ParOldGen: 556266K(1103360K)->693950K(1103360K)
[111.068s][info][gc,metaspace   ] GC(46) Metaspace: 114717K(128000K)->114717K(128000K) NonClass: 98078K(106304K)->98078K(106304K) Class: 16638K(21696K)->16638K(21696K)
[111.068s][info][gc             ] GC(46) Pause Young (Allocation Failure) 1024M->684M(1591M) 14.349ms
[111.068s][info][gc,cpu         ] GC(46) User=0.38s Sys=0.00s Real=0.02s
[111.093s][info][gc,start       ] GC(47) Pause Young (Allocation Failure)
[111.096s][info][gc,heap        ] GC(47) PSYoungGen: 361194K(526336K)->7338K(508928K) Eden: 353792K(353792K)->0K(358912K) From: 7402K(172544K)->7338K(150016K)
[111.096s][info][gc,heap        ] GC(47) ParOldGen: 693950K(1103360K)->700232K(1103360K)
[111.096s][info][gc,metaspace   ] GC(47) Metaspace: 114717K(128000K)->114717K(128000K) NonClass: 98078K(106304K)->98078K(106304K) Class: 16638K(21696K)->16638K(21696K)
[111.097s][info][gc             ] GC(47) Pause Young (Allocation Failure) 1030M->690M(1574M) 3.993ms
[111.097s][info][gc,cpu         ] GC(47) User=0.00s Sys=0.00s Real=0.00s
[111.123s][info][gc,start       ] GC(48) Pause Young (Allocation Failure)
[111.126s][info][gc,heap        ] GC(48) PSYoungGen: 366250K(508928K)->9275K(520192K) Eden: 358912K(358912K)->0K(358912K) From: 7338K(150016K)->9275K(161280K)
[111.126s][info][gc,heap        ] GC(48) ParOldGen: 700232K(1103360K)->706490K(1103360K)
[111.126s][info][gc,metaspace   ] GC(48) Metaspace: 114717K(128000K)->114717K(128000K) NonClass: 98078K(106304K)->98078K(106304K) Class: 16638K(21696K)->16638K(21696K)
[111.126s][info][gc             ] GC(48) Pause Young (Allocation Failure) 1041M->698M(1585M) 3.260ms
[111.126s][info][gc,cpu         ] GC(48) User=0.00s Sys=0.00s Real=0.00s
[111.157s][info][gc,start       ] GC(49) Pause Young (Allocation Failure)
[111.169s][info][gc,heap        ] GC(49) PSYoungGen: 368187K(520192K)->104522K(518144K) Eden: 358912K(358912K)->0K(364032K) From: 9275K(161280K)->104522K(154112K)
[111.169s][info][gc,heap        ] GC(49) ParOldGen: 706490K(1103360K)->714794K(1103360K)
[111.169s][info][gc,metaspace   ] GC(49) Metaspace: 114717K(128000K)->114717K(128000K) NonClass: 98078K(106304K)->98078K(106304K) Class: 16638K(21696K)->16638K(21696K)
[111.169s][info][gc             ] GC(49) Pause Young (Allocation Failure) 1049M->800M(1583M) 11.579ms
[111.169s][info][gc,cpu         ] GC(49) User=0.00s Sys=0.00s Real=0.00s
[111.219s][info][gc,start       ] GC(50) Pause Young (Allocation Failure)
[111.242s][info][gc,heap        ] GC(50) PSYoungGen: 468554K(518144K)->128765K(493056K) Eden: 364032K(364032K)->0K(364032K) From: 104522K(154112K)->128765K(129024K)
[111.242s][info][gc,heap        ] GC(50) ParOldGen: 714794K(1103360K)->817838K(1103360K)
[111.242s][info][gc,metaspace   ] GC(50) Metaspace: 114717K(128000K)->114717K(128000K) NonClass: 98078K(106304K)->98078K(106304K) Class: 16638K(21696K)->16638K(21696K)
[111.242s][info][gc             ] GC(50) Pause Young (Allocation Failure) 1155M->924M(1559M) 23.079ms
[111.242s][info][gc,cpu         ] GC(50) User=0.52s Sys=0.00s Real=0.02s
[111.276s][info][gc,start       ] GC(51) Pause Young (Allocation Failure)
[111.300s][info][gc,heap        ] GC(51) PSYoungGen: 492797K(493056K)->129576K(481792K) Eden: 364032K(364032K)->0K(295424K) From: 128765K(129024K)->129576K(186368K)
[111.300s][info][gc,heap        ] GC(51) ParOldGen: 817838K(1103360K)->942090K(1103360K)
[111.300s][info][gc,metaspace   ] GC(51) Metaspace: 114719K(128000K)->114719K(128000K) NonClass: 98080K(106304K)->98080K(106304K) Class: 16639K(21696K)->16639K(21696K)
[111.300s][info][gc             ] GC(51) Pause Young (Allocation Failure) 1279M->1046M(1548M) 24.035ms
[111.300s][info][gc,cpu         ] GC(51) User=0.50s Sys=0.00s Real=0.02s
[111.300s][info][gc,start       ] GC(52) Pause Full (Ergonomics)
[111.300s][info][gc,phases,start] GC(52) Marking Phase
[111.345s][info][gc,phases      ] GC(52) Marking Phase 44.479ms
[111.345s][info][gc,phases,start] GC(52) Summary Phase
[111.345s][info][gc,phases      ] GC(52) Summary Phase 0.040ms
[111.345s][info][gc,phases,start] GC(52) Adjust Roots
[111.356s][info][gc,phases      ] GC(52) Adjust Roots 11.123ms
[111.356s][info][gc,phases,start] GC(52) Compaction Phase
[111.377s][info][gc,phases      ] GC(52) Compaction Phase 21.099ms
[111.377s][info][gc,phases,start] GC(52) Post Compact
[111.383s][info][gc,phases      ] GC(52) Post Compact 5.775ms
[111.384s][info][gc,heap        ] GC(52) PSYoungGen: 129576K(481792K)->0K(497152K) Eden: 0K(295424K)->0K(295424K) From: 129576K(186368K)->0K(201728K)
[111.384s][info][gc,heap        ] GC(52) ParOldGen: 942090K(1103360K)->530126K(1391616K)
[111.384s][info][gc,metaspace   ] GC(52) Metaspace: 114719K(128000K)->114719K(128000K) NonClass: 98080K(106304K)->98080K(106304K) Class: 16639K(21696K)->16639K(21696K)
[111.384s][info][gc             ] GC(52) Pause Full (Ergonomics) 1046M->517M(1844M) 83.781ms
[111.384s][info][gc,cpu         ] GC(52) User=1.36s Sys=0.06s Real=0.08s
[111.410s][info][gc,start       ] GC(53) Pause Young (Allocation Failure)
[111.416s][info][gc,heap        ] GC(53) PSYoungGen: 295424K(497152K)->46700K(473600K) Eden: 295424K(295424K)->0K(295424K) From: 0K(201728K)->46700K(178176K)
[111.416s][info][gc,heap        ] GC(53) ParOldGen: 530126K(1391616K)->530134K(1391616K)
[111.416s][info][gc,metaspace   ] GC(53) Metaspace: 114725K(128000K)->114725K(128000K) NonClass: 98084K(106304K)->98084K(106304K) Class: 16640K(21696K)->16640K(21696K)
[111.416s][info][gc             ] GC(53) Pause Young (Allocation Failure) 806M->563M(1821M) 6.135ms
[111.416s][info][gc,cpu         ] GC(53) User=0.00s Sys=0.00s Real=0.00s
[111.437s][info][gc,start       ] GC(54) Pause Young (Allocation Failure)
[111.445s][info][gc,heap        ] GC(54) PSYoungGen: 342124K(473600K)->34529K(485376K) Eden: 295424K(295424K)->0K(295424K) From: 46700K(178176K)->34529K(189952K)
[111.445s][info][gc,heap        ] GC(54) ParOldGen: 530134K(1391616K)->572153K(1391616K)
[111.445s][info][gc,metaspace   ] GC(54) Metaspace: 114730K(128000K)->114730K(128000K) NonClass: 98088K(106304K)->98088K(106304K) Class: 16642K(21696K)->16642K(21696K)
[111.445s][info][gc             ] GC(54) Pause Young (Allocation Failure) 851M->592M(1833M) 7.763ms
[111.445s][info][gc,cpu         ] GC(54) User=0.00s Sys=0.00s Real=0.00s
[111.465s][info][gc,start       ] GC(55) Pause Young (Allocation Failure)
[111.471s][info][gc,heap        ] GC(55) PSYoungGen: 329953K(485376K)->24183K(493056K) Eden: 295424K(295424K)->0K(328192K) From: 34529K(189952K)->24183K(164864K)
[111.471s][info][gc,heap        ] GC(55) ParOldGen: 572153K(1391616K)->602314K(1391616K)
[111.471s][info][gc,metaspace   ] GC(55) Metaspace: 114730K(128000K)->114730K(128000K) NonClass: 98088K(106304K)->98088K(106304K) Class: 16642K(21696K)->16642K(21696K)
[111.471s][info][gc             ] GC(55) Pause Young (Allocation Failure) 880M->611M(1840M) 5.574ms
[111.471s][info][gc,cpu         ] GC(55) User=0.00s Sys=0.00s Real=0.00s
[111.494s][info][gc,start       ] GC(56) Pause Young (Allocation Failure)
[111.499s][info][gc,heap        ] GC(56) PSYoungGen: 352375K(493056K)->29550K(502272K) Eden: 328192K(328192K)->0K(328192K) From: 24183K(164864K)->29550K(174080K)
[111.499s][info][gc,heap        ] GC(56) ParOldGen: 602314K(1391616K)->619028K(1391616K)
[111.499s][info][gc,metaspace   ] GC(56) Metaspace: 114730K(128000K)->114730K(128000K) NonClass: 98088K(106304K)->98088K(106304K) Class: 16642K(21696K)->16642K(21696K)
[111.499s][info][gc             ] GC(56) Pause Young (Allocation Failure) 932M->633M(1849M) 5.256ms
[111.499s][info][gc,cpu         ] GC(56) User=0.00s Sys=0.00s Real=0.00s
[111.521s][info][gc,start       ] GC(57) Pause Young (Allocation Failure)
[111.527s][info][gc,heap        ] GC(57) PSYoungGen: 357742K(502272K)->21727K(510464K) Eden: 328192K(328192K)->0K(358912K) From: 29550K(174080K)->21727K(151552K)
[111.527s][info][gc,heap        ] GC(57) ParOldGen: 619028K(1391616K)->647423K(1391616K)
[111.527s][info][gc,metaspace   ] GC(57) Metaspace: 114730K(128000K)->114730K(128000K) NonClass: 98088K(106304K)->98088K(106304K) Class: 16642K(21696K)->16642K(21696K)
[111.527s][info][gc             ] GC(57) Pause Young (Allocation Failure) 953M->653M(1857M) 5.381ms
[111.527s][info][gc,cpu         ] GC(57) User=0.00s Sys=0.00s Real=0.00s
[111.552s][info][gc,start       ] GC(58) Pause Young (Allocation Failure)
[111.557s][info][gc,heap        ] GC(58) PSYoungGen: 380639K(510464K)->19120K(518144K) Eden: 358912K(358912K)->0K(358912K) From: 21727K(151552K)->19120K(159232K)
[111.557s][info][gc,heap        ] GC(58) ParOldGen: 647423K(1391616K)->667848K(1391616K)
[111.557s][info][gc,metaspace   ] GC(58) Metaspace: 114730K(128000K)->114730K(128000K) NonClass: 98088K(106304K)->98088K(106304K) Class: 16642K(21696K)->16642K(21696K)
[111.557s][info][gc             ] GC(58) Pause Young (Allocation Failure) 1003M->670M(1865M) 5.068ms
[111.557s][info][gc,cpu         ] GC(58) User=0.00s Sys=0.00s Real=0.00s
[111.582s][info][gc,start       ] GC(59) Pause Young (Allocation Failure)
[111.588s][info][gc,heap        ] GC(59) PSYoungGen: 378032K(518144K)->33836K(520704K) Eden: 358912K(358912K)->0K(386560K) From: 19120K(159232K)->33836K(134144K)
[111.588s][info][gc,heap        ] GC(59) ParOldGen: 667848K(1391616K)->685107K(1391616K)
[111.588s][info][gc,metaspace   ] GC(59) Metaspace: 114730K(128000K)->114730K(128000K) NonClass: 98088K(106304K)->98088K(106304K) Class: 16642K(21696K)->16642K(21696K)
[111.588s][info][gc             ] GC(59) Pause Young (Allocation Failure) 1021M->702M(1867M) 6.203ms
[111.589s][info][gc,cpu         ] GC(59) User=0.02s Sys=0.03s Real=0.02s
[111.615s][info][gc,start       ] GC(60) Pause Young (Allocation Failure)
[111.623s][info][gc,heap        ] GC(60) PSYoungGen: 420396K(520704K)->38652K(530944K) Eden: 386560K(386560K)->0K(386560K) From: 33836K(134144K)->38652K(144384K)
[111.623s][info][gc,heap        ] GC(60) ParOldGen: 685107K(1391616K)->718024K(1391616K)
[111.623s][info][gc,metaspace   ] GC(60) Metaspace: 114730K(128000K)->114730K(128000K) NonClass: 98088K(106304K)->98088K(106304K) Class: 16642K(21696K)->16642K(21696K)
[111.623s][info][gc             ] GC(60) Pause Young (Allocation Failure) 1079M->738M(1877M) 7.863ms
[111.623s][info][gc,cpu         ] GC(60) User=0.39s Sys=0.00s Real=0.02s
[111.651s][info][gc,start       ] GC(61) Pause Young (Allocation Failure)
[111.658s][info][gc,heap        ] GC(61) PSYoungGen: 425212K(530944K)->35463K(538112K) Eden: 386560K(386560K)->0K(419328K) From: 38652K(144384K)->35463K(118784K)
[111.659s][info][gc,heap        ] GC(61) ParOldGen: 718024K(1391616K)->755628K(1391616K)
[111.659s][info][gc,metaspace   ] GC(61) Metaspace: 114730K(128000K)->114730K(128000K) NonClass: 98088K(106304K)->98088K(106304K) Class: 16642K(21696K)->16642K(21696K)
[111.659s][info][gc             ] GC(61) Pause Young (Allocation Failure) 1116M->772M(1884M) 7.950ms
[111.659s][info][gc,cpu         ] GC(61) User=0.39s Sys=0.00s Real=0.02s
[111.688s][info][gc,start       ] GC(62) Pause Young (Allocation Failure)
[111.696s][info][gc,heap        ] GC(62) PSYoungGen: 454791K(538112K)->32306K(546816K) Eden: 419328K(419328K)->0K(419328K) From: 35463K(118784K)->32306K(127488K)
[111.696s][info][gc,heap        ] GC(62) ParOldGen: 755628K(1391616K)->790132K(1391616K)
[111.696s][info][gc,metaspace   ] GC(62) Metaspace: 114730K(128000K)->114730K(128000K) NonClass: 98088K(106304K)->98088K(106304K) Class: 16642K(21696K)->16642K(21696K)
[111.696s][info][gc             ] GC(62) Pause Young (Allocation Failure) 1182M->803M(1893M) 7.712ms
[111.696s][info][gc,cpu         ] GC(62) User=0.36s Sys=0.00s Real=0.02s
[111.725s][info][gc,start       ] GC(63) Pause Young (Allocation Failure)
[111.730s][info][gc,heap        ] GC(63) PSYoungGen: 451634K(546816K)->16841K(562688K) Eden: 419328K(419328K)->0K(451072K) From: 32306K(127488K)->16841K(111616K)
[111.730s][info][gc,heap        ] GC(63) ParOldGen: 790132K(1391616K)->821486K(1391616K)
[111.730s][info][gc,metaspace   ] GC(63) Metaspace: 114730K(128000K)->114730K(128000K) NonClass: 98088K(106304K)->98088K(106304K) Class: 16642K(21696K)->16642K(21696K)
[111.730s][info][gc             ] GC(63) Pause Young (Allocation Failure) 1212M->818M(1908M) 5.648ms
[111.730s][info][gc,cpu         ] GC(63) User=0.25s Sys=0.00s Real=0.02s
[111.761s][info][gc,start       ] GC(64) Pause Young (Allocation Failure)
[111.764s][info][gc,heap        ] GC(64) PSYoungGen: 467913K(562688K)->1056K(567808K) Eden: 451072K(451072K)->0K(451072K) From: 16841K(111616K)->1056K(116736K)
[111.764s][info][gc,heap        ] GC(64) ParOldGen: 821486K(1391616K)->837215K(1391616K)
[111.764s][info][gc,metaspace   ] GC(64) Metaspace: 114730K(128000K)->114730K(128000K) NonClass: 98088K(106304K)->98088K(106304K) Class: 16642K(21696K)->16642K(21696K)
[111.764s][info][gc             ] GC(64) Pause Young (Allocation Failure) 1259M->818M(1913M) 2.685ms
[111.764s][info][gc,cpu         ] GC(64) User=0.55s Sys=0.00s Real=0.02s
[111.796s][info][gc,start       ] GC(65) Pause Young (Allocation Failure)
[111.799s][info][gc,heap        ] GC(65) PSYoungGen: 452128K(567808K)->13556K(571904K) Eden: 451072K(451072K)->0K(466432K) From: 1056K(116736K)->13556K(105472K)
[111.799s][info][gc,heap        ] GC(65) ParOldGen: 837215K(1391616K)->837271K(1391616K)
[111.799s][info][gc,metaspace   ] GC(65) Metaspace: 114730K(128000K)->114730K(128000K) NonClass: 98088K(106304K)->98088K(106304K) Class: 16642K(21696K)->16642K(21696K)
[111.799s][info][gc             ] GC(65) Pause Young (Allocation Failure) 1259M->830M(1917M) 3.058ms
[111.799s][info][gc,cpu         ] GC(65) User=0.00s Sys=0.00s Real=0.00s
[111.847s][info][gc,start       ] GC(66) Pause Young (Allocation Failure)
[111.854s][info][gc,heap        ] GC(66) PSYoungGen: 479988K(571904K)->57370K(577536K) Eden: 466432K(466432K)->0K(466432K) From: 13556K(105472K)->57370K(111104K)
[111.854s][info][gc,heap        ] GC(66) ParOldGen: 837271K(1391616K)->849827K(1391616K)
[111.854s][info][gc,metaspace   ] GC(66) Metaspace: 114730K(128000K)->114730K(128000K) NonClass: 98088K(106304K)->98088K(106304K) Class: 16642K(21696K)->16642K(21696K)
[111.854s][info][gc             ] GC(66) Pause Young (Allocation Failure) 1286M->885M(1923M) 7.171ms
[111.854s][info][gc,cpu         ] GC(66) User=0.00s Sys=0.00s Real=0.00s
[111.903s][info][gc,start       ] GC(67) Pause Young (Allocation Failure)
[111.917s][info][gc,heap        ] GC(67) PSYoungGen: 523802K(577536K)->88588K(562688K) Eden: 466432K(466432K)->0K(450048K) From: 57370K(111104K)->88588K(112640K)
[111.917s][info][gc,heap        ] GC(67) ParOldGen: 849827K(1391616K)->906165K(1391616K)
[111.917s][info][gc,metaspace   ] GC(67) Metaspace: 114733K(128000K)->114733K(128000K) NonClass: 98090K(106304K)->98090K(106304K) Class: 16642K(21696K)->16642K(21696K)
[111.917s][info][gc             ] GC(67) Pause Young (Allocation Failure) 1341M->971M(1908M) 14.320ms
[111.917s][info][gc,cpu         ] GC(67) User=0.00s Sys=0.00s Real=0.00s
[111.965s][info][gc,start       ] GC(68) Pause Young (Allocation Failure)
[111.982s][info][gc,heap        ] GC(68) PSYoungGen: 538636K(562688K)->76056K(526336K) Eden: 450048K(450048K)->0K(450048K) From: 88588K(112640K)->76056K(76288K)
[111.982s][info][gc,heap        ] GC(68) ParOldGen: 906165K(1391616K)->993777K(1391616K)
[111.982s][info][gc,metaspace   ] GC(68) Metaspace: 114733K(128000K)->114733K(128000K) NonClass: 98090K(106304K)->98090K(106304K) Class: 16642K(21696K)->16642K(21696K)
[111.982s][info][gc             ] GC(68) Pause Young (Allocation Failure) 1410M->1044M(1873M) 16.277ms
[111.982s][info][gc,cpu         ] GC(68) User=0.31s Sys=0.00s Real=0.01s
[112.022s][info][gc,start       ] GC(69) Pause Young (Allocation Failure)
[112.035s][info][gc,heap        ] GC(69) PSYoungGen: 526104K(526336K)->57370K(573440K) Eden: 450048K(450048K)->0K(444416K) From: 76056K(76288K)->57370K(129024K)
[112.035s][info][gc,heap        ] GC(69) ParOldGen: 993777K(1391616K)->1068905K(1391616K)
[112.035s][info][gc,metaspace   ] GC(69) Metaspace: 114733K(128000K)->114733K(128000K) NonClass: 98090K(106304K)->98090K(106304K) Class: 16642K(21696K)->16642K(21696K)
[112.035s][info][gc             ] GC(69) Pause Young (Allocation Failure) 1484M->1099M(1919M) 13.110ms
[112.035s][info][gc,cpu         ] GC(69) User=0.00s Sys=0.00s Real=0.00s
[112.083s][info][gc,start       ] GC(70) Pause Young (Allocation Failure)
[112.096s][info][gc,heap        ] GC(70) PSYoungGen: 501786K(573440K)->34103K(478720K) Eden: 444416K(444416K)->0K(444416K) From: 57370K(129024K)->34103K(34304K)
[112.096s][info][gc,heap        ] GC(70) ParOldGen: 1068905K(1391616K)->1125283K(1391616K)
[112.096s][info][gc,metaspace   ] GC(70) Metaspace: 114733K(128000K)->114733K(128000K) NonClass: 98090K(106304K)->98090K(106304K) Class: 16642K(21696K)->16642K(21696K)
[112.096s][info][gc             ] GC(70) Pause Young (Allocation Failure) 1533M->1132M(1826M) 13.319ms
[112.096s][info][gc,cpu         ] GC(70) User=0.00s Sys=0.00s Real=0.00s
[112.146s][info][gc,start       ] GC(71) Pause Young (Allocation Failure)
[112.163s][info][gc,heap        ] GC(71) PSYoungGen: 478519K(478720K)->108293K(546816K) Eden: 444416K(444416K)->0K(427520K) From: 34103K(34304K)->108293K(119296K)
[112.163s][info][gc,heap        ] GC(71) ParOldGen: 1125283K(1391616K)->1158529K(1391616K)
[112.163s][info][gc,metaspace   ] GC(71) Metaspace: 114733K(128000K)->114733K(128000K) NonClass: 98090K(106304K)->98090K(106304K) Class: 16642K(21696K)->16642K(21696K)
[112.163s][info][gc             ] GC(71) Pause Young (Allocation Failure) 1566M->1237M(1893M) 17.652ms
[112.163s][info][gc,cpu         ] GC(71) User=0.02s Sys=0.09s Real=0.02s
[112.201s][info][gc,start       ] GC(72) Pause Young (Allocation Failure)
[112.246s][info][gc,heap        ] GC(72) PSYoungGen: 535527K(546816K)->117042K(544768K) Eden: 427234K(427520K)->0K(427520K) From: 108293K(119296K)->117042K(117248K)
[112.246s][info][gc,heap        ] GC(72) ParOldGen: 1158529K(1391616K)->1265586K(1391616K)
[112.246s][info][gc,metaspace   ] GC(72) Metaspace: 114733K(128000K)->114733K(128000K) NonClass: 98090K(106304K)->98090K(106304K) Class: 16642K(21696K)->16642K(21696K)
[112.247s][info][gc             ] GC(72) Pause Young (Allocation Failure) 1654M->1350M(1891M) 45.480ms
[112.247s][info][gc,cpu         ] GC(72) User=0.03s Sys=0.80s Real=0.03s
[112.247s][info][gc,start       ] GC(73) Pause Full (Ergonomics)
[112.247s][info][gc,phases,start] GC(73) Marking Phase
[112.278s][info][gc,phases      ] GC(73) Marking Phase 31.347ms
[112.278s][info][gc,phases,start] GC(73) Summary Phase
[112.278s][info][gc,phases      ] GC(73) Summary Phase 0.050ms
[112.278s][info][gc,phases,start] GC(73) Adjust Roots
[112.290s][info][gc,phases      ] GC(73) Adjust Roots 11.697ms
[112.290s][info][gc,phases,start] GC(73) Compaction Phase
[112.328s][info][gc,phases      ] GC(73) Compaction Phase 38.556ms
[112.328s][info][gc,phases,start] GC(73) Post Compact
[112.335s][info][gc,phases      ] GC(73) Post Compact 7.033ms
[112.336s][info][gc,heap        ] GC(73) PSYoungGen: 117042K(544768K)->0K(547328K) Eden: 0K(427520K)->0K(395776K) From: 117042K(117248K)->0K(151552K)
[112.336s][info][gc,heap        ] GC(73) ParOldGen: 1265586K(1391616K)->773768K(1398272K)
[112.336s][info][gc,metaspace   ] GC(73) Metaspace: 114733K(128000K)->114733K(128000K) NonClass: 98090K(106304K)->98090K(106304K) Class: 16642K(21696K)->16642K(21696K)
[112.336s][info][gc             ] GC(73) Pause Full (Ergonomics) 1350M->755M(1900M) 88.989ms
[112.336s][info][gc,cpu         ] GC(73) User=2.94s Sys=0.09s Real=0.09s
[112.374s][info][gc,start       ] GC(74) Pause Young (Allocation Failure)
[112.383s][info][gc,heap        ] GC(74) PSYoungGen: 395776K(547328K)->101225K(497152K) Eden: 395776K(395776K)->0K(395776K) From: 0K(151552K)->101225K(101376K)
[112.383s][info][gc,heap        ] GC(74) ParOldGen: 773768K(1398272K)->773768K(1398272K)
[112.383s][info][gc,metaspace   ] GC(74) Metaspace: 114733K(128000K)->114733K(128000K) NonClass: 98091K(106304K)->98091K(106304K) Class: 16642K(21696K)->16642K(21696K)
[112.383s][info][gc             ] GC(74) Pause Young (Allocation Failure) 1142M->854M(1851M) 8.836ms
[112.383s][info][gc,cpu         ] GC(74) User=0.00s Sys=0.00s Real=0.00s
[112.413s][info][gc,start       ] GC(75) Pause Young (Allocation Failure)
[112.427s][info][gc,heap        ] GC(75) PSYoungGen: 497001K(497152K)->65223K(548864K) Eden: 395776K(395776K)->0K(390656K) From: 101225K(101376K)->65223K(158208K)
[112.427s][info][gc,heap        ] GC(75) ParOldGen: 773768K(1398272K)->866231K(1398272K)
[112.427s][info][gc,metaspace   ] GC(75) Metaspace: 114733K(128000K)->114733K(128000K) NonClass: 98091K(106304K)->98091K(106304K) Class: 16642K(21696K)->16642K(21696K)
[112.427s][info][gc             ] GC(75) Pause Young (Allocation Failure) 1240M->909M(1901M) 13.692ms
[112.427s][info][gc,cpu         ] GC(75) User=0.50s Sys=0.00s Real=0.02s
[112.460s][info][gc,start       ] GC(76) Pause Young (Allocation Failure)
[112.472s][info][gc,heap        ] GC(76) PSYoungGen: 455879K(548864K)->54043K(444928K) Eden: 390656K(390656K)->0K(390656K) From: 65223K(158208K)->54043K(54272K)
[112.472s][info][gc,heap        ] GC(76) ParOldGen: 866231K(1398272K)->923978K(1398272K)
[112.473s][info][gc,metaspace   ] GC(76) Metaspace: 114733K(128000K)->114733K(128000K) NonClass: 98091K(106304K)->98091K(106304K) Class: 16642K(21696K)->16642K(21696K)
[112.473s][info][gc             ] GC(76) Pause Young (Allocation Failure) 1291M->955M(1800M) 12.396ms
[112.473s][info][gc,cpu         ] GC(76) User=0.00s Sys=0.00s Real=0.00s
[112.500s][info][gc,start       ] GC(77) Pause Young (Allocation Failure)
[112.509s][info][gc,heap        ] GC(77) PSYoungGen: 444699K(444928K)->35651K(537600K) Eden: 390656K(390656K)->0K(394752K) From: 54043K(54272K)->35651K(142848K)
[112.509s][info][gc,heap        ] GC(77) ParOldGen: 923978K(1398272K)->971540K(1398272K)
[112.509s][info][gc,metaspace   ] GC(77) Metaspace: 114733K(128000K)->114733K(128000K) NonClass: 98091K(106304K)->98091K(106304K) Class: 16642K(21696K)->16642K(21696K)
[112.509s][info][gc             ] GC(77) Pause Young (Allocation Failure) 1336M->983M(1890M) 8.575ms
[112.509s][info][gc,cpu         ] GC(77) User=0.41s Sys=0.00s Real=0.02s
[112.536s][info][gc,start       ] GC(78) Pause Young (Allocation Failure)
[112.541s][info][gc,heap        ] GC(78) PSYoungGen: 430403K(537600K)->18339K(533504K) Eden: 394752K(394752K)->0K(394752K) From: 35651K(142848K)->18339K(138752K)
[112.541s][info][gc,heap        ] GC(78) ParOldGen: 971540K(1398272K)->1004709K(1398272K)
[112.541s][info][gc,metaspace   ] GC(78) Metaspace: 114733K(128000K)->114733K(128000K) NonClass: 98091K(106304K)->98091K(106304K) Class: 16642K(21696K)->16642K(21696K)
[112.541s][info][gc             ] GC(78) Pause Young (Allocation Failure) 1369M->999M(1886M) 5.744ms
[112.541s][info][gc,cpu         ] GC(78) User=0.31s Sys=0.00s Real=0.02s
[112.568s][info][gc,start       ] GC(79) Pause Young (Allocation Failure)
[112.572s][info][gc,heap        ] GC(79) PSYoungGen: 413091K(533504K)->21400K(557568K) Eden: 394752K(394752K)->0K(419840K) From: 18339K(138752K)->21400K(137728K)
[112.572s][info][gc,heap        ] GC(79) ParOldGen: 1004709K(1398272K)->1021243K(1398272K)
[112.572s][info][gc,metaspace   ] GC(79) Metaspace: 114733K(128000K)->114733K(128000K) NonClass: 98091K(106304K)->98091K(106304K) Class: 16642K(21696K)->16642K(21696K)
[112.572s][info][gc             ] GC(79) Pause Young (Allocation Failure) 1384M->1018M(1910M) 4.351ms
[112.572s][info][gc,cpu         ] GC(79) User=0.00s Sys=0.00s Real=0.00s
[112.602s][info][gc,start       ] GC(80) Pause Young (Allocation Failure)
[112.609s][info][gc,heap        ] GC(80) PSYoungGen: 441240K(557568K)->46400K(466432K) Eden: 419840K(419840K)->0K(419840K) From: 21400K(137728K)->46400K(46592K)
[112.609s][info][gc,heap        ] GC(80) ParOldGen: 1021243K(1398272K)->1041692K(1398272K)
[112.609s][info][gc,metaspace   ] GC(80) Metaspace: 114733K(128000K)->114733K(128000K) NonClass: 98091K(106304K)->98091K(106304K) Class: 16642K(21696K)->16642K(21696K)
[112.609s][info][gc             ] GC(80) Pause Young (Allocation Failure) 1428M->1062M(1821M) 6.971ms
[112.609s][info][gc,cpu         ] GC(80) User=0.45s Sys=0.00s Real=0.02s
[112.639s][info][gc,start       ] GC(81) Pause Young (Allocation Failure)
[112.648s][info][gc,heap        ] GC(81) PSYoungGen: 466240K(466432K)->47899K(560128K) Eden: 419840K(419840K)->0K(432640K) From: 46400K(46592K)->47899K(127488K)
[112.648s][info][gc,heap        ] GC(81) ParOldGen: 1041692K(1398272K)->1087189K(1398272K)
[112.648s][info][gc,metaspace   ] GC(81) Metaspace: 114733K(128000K)->114733K(128000K) NonClass: 98091K(106304K)->98091K(106304K) Class: 16642K(21696K)->16642K(21696K)
[112.648s][info][gc             ] GC(81) Pause Young (Allocation Failure) 1472M->1108M(1912M) 9.662ms
[112.648s][info][gc,cpu         ] GC(81) User=0.52s Sys=0.00s Real=0.01s
[112.677s][info][gc,start       ] GC(82) Pause Young (Allocation Failure)
[112.685s][info][gc,heap        ] GC(82) PSYoungGen: 480178K(560128K)->26024K(553472K) Eden: 432278K(432640K)->0K(432640K) From: 47899K(127488K)->26024K(120832K)
[112.685s][info][gc,heap        ] GC(82) ParOldGen: 1087189K(1398272K)->1134216K(1398272K)
[112.685s][info][gc,metaspace   ] GC(82) Metaspace: 114733K(128000K)->114733K(128000K) NonClass: 98091K(106304K)->98091K(106304K) Class: 16642K(21696K)->16642K(21696K)
[112.685s][info][gc             ] GC(82) Pause Young (Allocation Failure) 1530M->1133M(1906M) 7.560ms
[112.685s][info][gc,cpu         ] GC(82) User=0.39s Sys=0.00s Real=0.02s
[112.715s][info][gc,start       ] GC(83) Pause Young (Allocation Failure)
[112.720s][info][gc,heap        ] GC(83) PSYoungGen: 458664K(553472K)->26120K(571392K) Eden: 432640K(432640K)->0K(453632K) From: 26024K(120832K)->26120K(117760K)
[112.720s][info][gc,heap        ] GC(83) ParOldGen: 1134216K(1398272K)->1159336K(1398272K)
[112.720s][info][gc,metaspace   ] GC(83) Metaspace: 114733K(128000K)->114733K(128000K) NonClass: 98091K(106304K)->98091K(106304K) Class: 16642K(21696K)->16642K(21696K)
[112.720s][info][gc             ] GC(83) Pause Young (Allocation Failure) 1555M->1157M(1923M) 5.762ms
[112.720s][info][gc,cpu         ] GC(83) User=0.27s Sys=0.00s Real=0.02s
[112.751s][info][gc,start       ] GC(84) Pause Young (Allocation Failure)
[112.756s][info][gc,heap        ] GC(84) PSYoungGen: 479752K(571392K)->7434K(568320K) Eden: 453632K(453632K)->0K(453632K) From: 26120K(117760K)->7434K(114688K)
[112.756s][info][gc,heap        ] GC(84) ParOldGen: 1159336K(1398272K)->1184408K(1398272K)
[112.756s][info][gc,metaspace   ] GC(84) Metaspace: 114733K(128000K)->114733K(128000K) NonClass: 98091K(106304K)->98091K(106304K) Class: 16642K(21696K)->16642K(21696K)
[112.756s][info][gc             ] GC(84) Pause Young (Allocation Failure) 1600M->1163M(1920M) 4.287ms
[112.756s][info][gc,cpu         ] GC(84) User=0.52s Sys=0.00s Real=0.02s
[112.787s][info][gc,start       ] GC(85) Pause Young (Allocation Failure)
[112.790s][info][gc,heap        ] GC(85) PSYoungGen: 461066K(568320K)->16713K(581632K) Eden: 453632K(453632K)->0K(468992K) From: 7434K(114688K)->16713K(112640K)
[112.790s][info][gc,heap        ] GC(85) ParOldGen: 1184408K(1398272K)->1190690K(1398272K)
[112.790s][info][gc,metaspace   ] GC(85) Metaspace: 114733K(128000K)->114733K(128000K) NonClass: 98091K(106304K)->98091K(106304K) Class: 16642K(21696K)->16642K(21696K)
[112.790s][info][gc             ] GC(85) Pause Young (Allocation Failure) 1606M->1179M(1933M) 3.221ms
[112.790s][info][gc,cpu         ] GC(85) User=0.00s Sys=0.00s Real=0.00s
[112.838s][info][gc,start       ] GC(86) Pause Young (Allocation Failure)
[112.844s][info][gc,heap        ] GC(86) PSYoungGen: 485705K(581632K)->32370K(501760K) Eden: 468992K(468992K)->0K(468992K) From: 16713K(112640K)->32370K(32768K)
[112.844s][info][gc,heap        ] GC(86) ParOldGen: 1190690K(1398272K)->1206379K(1398272K)
[112.844s][info][gc,metaspace   ] GC(86) Metaspace: 114733K(128000K)->114733K(128000K) NonClass: 98091K(106304K)->98091K(106304K) Class: 16642K(21696K)->16642K(21696K)
[112.844s][info][gc             ] GC(86) Pause Young (Allocation Failure) 1637M->1209M(1855M) 5.957ms
[112.844s][info][gc,cpu         ] GC(86) User=0.00s Sys=0.00s Real=0.00s
[112.878s][info][gc,start       ] GC(87) Pause Young (Allocation Failure)
[112.887s][info][gc,heap        ] GC(87) PSYoungGen: 501362K(501760K)->63620K(577536K) Eden: 468992K(468992K)->0K(472064K) From: 32370K(32768K)->63620K(105472K)
[112.887s][info][gc,heap        ] GC(87) ParOldGen: 1206379K(1398272K)->1237733K(1398272K)
[112.887s][info][gc,metaspace   ] GC(87) Metaspace: 114733K(128000K)->114733K(128000K) NonClass: 98091K(106304K)->98091K(106304K) Class: 16642K(21696K)->16642K(21696K)
[112.887s][info][gc             ] GC(87) Pause Young (Allocation Failure) 1667M->1270M(1929M) 9.363ms
[112.887s][info][gc,cpu         ] GC(87) User=0.00s Sys=0.00s Real=0.00s
[112.935s][info][gc,start       ] GC(88) Pause Young (Allocation Failure)
[112.955s][info][gc,heap        ] GC(88) PSYoungGen: 535684K(577536K)->107274K(579584K) Eden: 472064K(472064K)->0K(472064K) From: 63620K(105472K)->107274K(107520K)
[112.955s][info][gc,heap        ] GC(88) ParOldGen: 1237733K(1398272K)->1300369K(1398272K)
[112.955s][info][gc,metaspace   ] GC(88) Metaspace: 114733K(128000K)->114733K(128000K) NonClass: 98091K(106304K)->98091K(106304K) Class: 16642K(21696K)->16642K(21696K)
[112.955s][info][gc             ] GC(88) Pause Young (Allocation Failure) 1731M->1374M(1931M) 19.544ms
[112.955s][info][gc,cpu         ] GC(88) User=0.03s Sys=0.08s Real=0.02s
[112.989s][info][gc,start       ] GC(89) Pause Young (Allocation Failure)
[113.020s][info][gc,promotion   ] GC(89) Promotion failed
[113.020s][info][gc,heap        ] GC(89) PSYoungGen: 579338K(579584K)->579338K(579584K) Eden: 472064K(472064K)->472064K(472064K) From: 107274K(107520K)->107274K(107520K)
[113.020s][info][gc,heap        ] GC(89) ParOldGen: 1300369K(1398272K)->1394296K(1398272K)
[113.020s][info][gc,metaspace   ] GC(89) Metaspace: 114733K(128000K)->114733K(128000K) NonClass: 98091K(106304K)->98091K(106304K) Class: 16642K(21696K)->16642K(21696K)
[113.020s][info][gc             ] GC(89) Pause Young (Allocation Failure) 1835M->1927M(1931M) 31.290ms
[113.020s][info][gc,cpu         ] GC(89) User=0.05s Sys=0.38s Real=0.03s
[113.020s][info][gc,start       ] GC(90) Pause Full (Ergonomics)
[113.021s][info][gc,phases,start] GC(90) Marking Phase
[113.072s][info][gc,phases      ] GC(90) Marking Phase 51.197ms
[113.072s][info][gc,phases,start] GC(90) Summary Phase
[113.072s][info][gc,phases      ] GC(90) Summary Phase 0.069ms
[113.072s][info][gc,phases,start] GC(90) Adjust Roots
[113.074s][info][gc,phases      ] GC(90) Adjust Roots 2.633ms
[113.074s][info][gc,phases,start] GC(90) Compaction Phase
[113.111s][info][gc,phases      ] GC(90) Compaction Phase 36.227ms
[113.111s][info][gc,phases,start] GC(90) Post Compact
[113.126s][info][gc,phases      ] GC(90) Post Compact 14.927ms
[113.126s][info][gc,heap        ] GC(90) PSYoungGen: 579338K(579584K)->0K(566272K) Eden: 472064K(472064K)->0K(446976K) From: 107274K(107520K)->0K(119296K)
[113.126s][info][gc,heap        ] GC(90) ParOldGen: 1394296K(1398272K)->936918K(1398272K)
[113.126s][info][gc,metaspace   ] GC(90) Metaspace: 114733K(128000K)->114733K(128000K) NonClass: 98091K(106304K)->98091K(106304K) Class: 16642K(21696K)->16642K(21696K)
[113.126s][info][gc             ] GC(90) Pause Full (Ergonomics) 1927M->914M(1918M) 105.333ms
[113.126s][info][gc,cpu         ] GC(90) User=1.98s Sys=0.02s Real=0.09s
[113.173s][info][gc,start       ] GC(91) Pause Young (Allocation Failure)
[113.181s][info][gc,heap        ] GC(91) PSYoungGen: 446976K(566272K)->71382K(518656K) Eden: 446976K(446976K)->0K(446976K) From: 0K(119296K)->71382K(71680K)
[113.181s][info][gc,heap        ] GC(91) ParOldGen: 936918K(1398272K)->936918K(1398272K)
[113.181s][info][gc,metaspace   ] GC(91) Metaspace: 114733K(128000K)->114733K(128000K) NonClass: 98091K(106304K)->98091K(106304K) Class: 16642K(21696K)->16642K(21696K)
[113.181s][info][gc             ] GC(91) Pause Young (Allocation Failure) 1351M->984M(1872M) 7.591ms
[113.181s][info][gc,cpu         ] GC(91) User=0.00s Sys=0.00s Real=0.00s
[113.228s][info][gc,start       ] GC(92) Pause Young (Allocation Failure)
[113.242s][info][gc,heap        ] GC(92) PSYoungGen: 518358K(518656K)->86858K(560128K) Eden: 446976K(446976K)->0K(433664K) From: 71382K(71680K)->86858K(126464K)
[113.242s][info][gc,heap        ] GC(92) ParOldGen: 936918K(1398272K)->1007444K(1398272K)
[113.242s][info][gc,metaspace   ] GC(92) Metaspace: 114733K(128000K)->114733K(128000K) NonClass: 98091K(106304K)->98091K(106304K) Class: 16642K(21696K)->16642K(21696K)
[113.242s][info][gc             ] GC(92) Pause Young (Allocation Failure) 1421M->1068M(1912M) 13.993ms
[113.242s][info][gc,cpu         ] GC(92) User=0.00s Sys=0.00s Real=0.00s
[113.293s][info][gc,start       ] GC(93) Pause Young (Allocation Failure)
[113.311s][info][gc,heap        ] GC(93) PSYoungGen: 520522K(560128K)->104672K(538624K) Eden: 433664K(433664K)->0K(433664K) From: 86858K(126464K)->104672K(104960K)
[113.311s][info][gc,heap        ] GC(93) ParOldGen: 1007444K(1398272K)->1092389K(1398272K)
[113.311s][info][gc,metaspace   ] GC(93) Metaspace: 114733K(128000K)->114733K(128000K) NonClass: 98091K(106304K)->98091K(106304K) Class: 16642K(21696K)->16642K(21696K)
[113.311s][info][gc             ] GC(93) Pause Young (Allocation Failure) 1492M->1169M(1891M) 18.307ms
[113.311s][info][gc,cpu         ] GC(93) User=0.52s Sys=0.00s Real=0.02s
[113.349s][info][gc,start       ] GC(94) Pause Young (Allocation Failure)
[113.369s][info][gc,heap        ] GC(94) PSYoungGen: 538336K(538624K)->114659K(530944K) Eden: 433664K(433664K)->0K(387584K) From: 104672K(104960K)->114659K(143360K)
[113.369s][info][gc,heap        ] GC(94) ParOldGen: 1092389K(1398272K)->1193255K(1398272K)
[113.369s][info][gc,metaspace   ] GC(94) Metaspace: 114736K(128000K)->114736K(128000K) NonClass: 98093K(106304K)->98093K(106304K) Class: 16642K(21696K)->16642K(21696K)
[113.369s][info][gc             ] GC(94) Pause Young (Allocation Failure) 1592M->1277M(1884M) 19.811ms
[113.369s][info][gc,cpu         ] GC(94) User=0.52s Sys=0.00s Real=0.01s
[113.401s][info][gc,start       ] GC(95) Pause Young (Allocation Failure)
[113.418s][info][gc,heap        ] GC(95) PSYoungGen: 502243K(530944K)->64026K(543232K) Eden: 387584K(387584K)->0K(387584K) From: 114659K(143360K)->64026K(155648K)
[113.418s][info][gc,heap        ] GC(95) ParOldGen: 1193255K(1398272K)->1301382K(1398272K)
[113.418s][info][gc,metaspace   ] GC(95) Metaspace: 114737K(128000K)->114737K(128000K) NonClass: 98095K(106304K)->98095K(106304K) Class: 16642K(21696K)->16642K(21696K)
[113.418s][info][gc             ] GC(95) Pause Young (Allocation Failure) 1655M->1333M(1896M) 17.132ms
[113.418s][info][gc,cpu         ] GC(95) User=0.34s Sys=0.00s Real=0.02s
[113.418s][info][gc,start       ] GC(96) Pause Full (Ergonomics)
[113.418s][info][gc,phases,start] GC(96) Marking Phase
[113.448s][info][gc,phases      ] GC(96) Marking Phase 29.547ms
[113.448s][info][gc,phases,start] GC(96) Summary Phase
[113.448s][info][gc,phases      ] GC(96) Summary Phase 0.050ms
[113.448s][info][gc,phases,start] GC(96) Adjust Roots
[113.449s][info][gc,phases      ] GC(96) Adjust Roots 1.646ms
[113.449s][info][gc,phases,start] GC(96) Compaction Phase
[113.472s][info][gc,phases      ] GC(96) Compaction Phase 22.651ms
[113.472s][info][gc,phases,start] GC(96) Post Compact
[113.479s][info][gc,phases      ] GC(96) Post Compact 6.708ms
[113.479s][info][gc,heap        ] GC(96) PSYoungGen: 64026K(543232K)->0K(539648K) Eden: 0K(387584K)->0K(396288K) From: 64026K(155648K)->0K(143360K)
[113.479s][info][gc,heap        ] GC(96) ParOldGen: 1301382K(1398272K)->926064K(1398272K)
[113.479s][info][gc,metaspace   ] GC(96) Metaspace: 114737K(128000K)->114737K(128000K) NonClass: 98095K(106304K)->98095K(106304K) Class: 16642K(21696K)->16642K(21696K)
[113.479s][info][gc             ] GC(96) Pause Full (Ergonomics) 1333M->904M(1892M) 60.874ms
[113.479s][info][gc,cpu         ] GC(96) User=1.02s Sys=0.00s Real=0.06s
[113.524s][info][gc,start       ] GC(97) Pause Young (Allocation Failure)
[113.531s][info][gc,heap        ] GC(97) PSYoungGen: 396288K(539648K)->65758K(543232K) Eden: 396288K(396288K)->0K(396288K) From: 0K(143360K)->65758K(146944K)
[113.531s][info][gc,heap        ] GC(97) ParOldGen: 926064K(1398272K)->926064K(1398272K)
[113.531s][info][gc,metaspace   ] GC(97) Metaspace: 114737K(128000K)->114737K(128000K) NonClass: 98095K(106304K)->98095K(106304K) Class: 16642K(21696K)->16642K(21696K)
[113.531s][info][gc             ] GC(97) Pause Young (Allocation Failure) 1291M->968M(1896M) 6.626ms
[113.531s][info][gc,cpu         ] GC(97) User=0.00s Sys=0.00s Real=0.00s
[113.560s][info][gc,start       ] GC(98) Pause Young (Allocation Failure)
[113.569s][info][gc,heap        ] GC(98) PSYoungGen: 462046K(543232K)->31614K(548864K) Eden: 396288K(396288K)->0K(410112K) From: 65758K(146944K)->31614K(138752K)
[113.569s][info][gc,heap        ] GC(98) ParOldGen: 926064K(1398272K)->987187K(1398272K)
[113.570s][info][gc,metaspace   ] GC(98) Metaspace: 114738K(128000K)->114738K(128000K) NonClass: 98096K(106304K)->98096K(106304K) Class: 16642K(21696K)->16642K(21696K)
[113.570s][info][gc             ] GC(98) Pause Young (Allocation Failure) 1355M->994M(1901M) 9.724ms
[113.570s][info][gc,cpu         ] GC(98) User=0.52s Sys=0.00s Real=0.02s
[113.598s][info][gc,start       ] GC(99) Pause Young (Allocation Failure)
[113.605s][info][gc,heap        ] GC(99) PSYoungGen: 441726K(548864K)->36964K(547328K) Eden: 410112K(410112K)->0K(410112K) From: 31614K(138752K)->36964K(137216K)
[113.605s][info][gc,heap        ] GC(99) ParOldGen: 987187K(1398272K)->1014535K(1398272K)
[113.605s][info][gc,metaspace   ] GC(99) Metaspace: 114738K(128000K)->114738K(128000K) NonClass: 98096K(106304K)->98096K(106304K) Class: 16642K(21696K)->16642K(21696K)
[113.605s][info][gc             ] GC(99) Pause Young (Allocation Failure) 1395M->1026M(1900M) 6.526ms
[113.605s][info][gc,cpu         ] GC(99) User=0.00s Sys=0.00s Real=0.00s
[113.633s][info][gc,start       ] GC(100) Pause Young (Allocation Failure)
[113.640s][info][gc,heap        ] GC(100) PSYoungGen: 447076K(547328K)->23321K(557568K) Eden: 410112K(410112K)->0K(423936K) From: 36964K(137216K)->23321K(133632K)
[113.640s][info][gc,heap        ] GC(100) ParOldGen: 1014535K(1398272K)->1049032K(1398272K)
[113.640s][info][gc,metaspace   ] GC(100) Metaspace: 114738K(128000K)->114738K(128000K) NonClass: 98096K(106304K)->98096K(106304K) Class: 16642K(21696K)->16642K(21696K)
[113.640s][info][gc             ] GC(100) Pause Young (Allocation Failure) 1427M->1047M(1910M) 6.307ms
[113.640s][info][gc,cpu         ] GC(100) User=0.52s Sys=0.00s Real=0.02s
[113.669s][info][gc,start       ] GC(101) Pause Young (Allocation Failure)
[113.676s][info][gc,heap        ] GC(101) PSYoungGen: 447257K(557568K)->40804K(556544K) Eden: 423936K(423936K)->0K(423936K) From: 23321K(133632K)->40804K(132608K)
[113.676s][info][gc,heap        ] GC(101) ParOldGen: 1049032K(1398272K)->1070238K(1398272K)
[113.676s][info][gc,metaspace   ] GC(101) Metaspace: 114738K(128000K)->114738K(128000K) NonClass: 98096K(106304K)->98096K(106304K) Class: 16642K(21696K)->16642K(21696K)
[113.676s][info][gc             ] GC(101) Pause Young (Allocation Failure) 1461M->1085M(1909M) 7.159ms
[113.676s][info][gc,cpu         ] GC(101) User=0.47s Sys=0.00s Real=0.02s
[113.706s][info][gc,start       ] GC(102) Pause Young (Allocation Failure)
[113.714s][info][gc,heap        ] GC(102) PSYoungGen: 464740K(556544K)->41649K(561152K) Eden: 423936K(423936K)->0K(437760K) From: 40804K(132608K)->41649K(123392K)
[113.714s][info][gc,heap        ] GC(102) ParOldGen: 1070238K(1398272K)->1110234K(1398272K)
[113.714s][info][gc,metaspace   ] GC(102) Metaspace: 114738K(128000K)->114738K(128000K) NonClass: 98096K(106304K)->98096K(106304K) Class: 16642K(21696K)->16642K(21696K)
[113.714s][info][gc             ] GC(102) Pause Young (Allocation Failure) 1499M->1124M(1913M) 8.131ms
[113.714s][info][gc,cpu         ] GC(102) User=0.52s Sys=0.00s Real=0.02s
[113.745s][info][gc,start       ] GC(103) Pause Young (Allocation Failure)
[113.753s][info][gc,heap        ] GC(103) PSYoungGen: 479409K(561152K)->33868K(559616K) Eden: 437760K(437760K)->0K(437760K) From: 41649K(123392K)->33868K(121856K)
[113.753s][info][gc,heap        ] GC(103) ParOldGen: 1110234K(1398272K)->1150987K(1398272K)
[113.753s][info][gc,metaspace   ] GC(103) Metaspace: 114738K(128000K)->114738K(128000K) NonClass: 98096K(106304K)->98096K(106304K) Class: 16642K(21696K)->16642K(21696K)
[113.753s][info][gc             ] GC(103) Pause Young (Allocation Failure) 1552M->1157M(1912M) 8.070ms
[113.753s][info][gc,cpu         ] GC(103) User=0.52s Sys=0.00s Real=0.02s
[113.783s][info][gc,start       ] GC(104) Pause Young (Allocation Failure)
[113.789s][info][gc,heap        ] GC(104) PSYoungGen: 471628K(559616K)->16649K(572928K) Eden: 437760K(437760K)->0K(454656K) From: 33868K(121856K)->16649K(118272K)
[113.789s][info][gc,heap        ] GC(104) ParOldGen: 1150987K(1398272K)->1183928K(1398272K)
[113.789s][info][gc,metaspace   ] GC(104) Metaspace: 114738K(128000K)->114738K(128000K) NonClass: 98096K(106304K)->98096K(106304K) Class: 16642K(21696K)->16642K(21696K)
[113.789s][info][gc             ] GC(104) Pause Young (Allocation Failure) 1584M->1172M(1925M) 6.033ms
[113.789s][info][gc,cpu         ] GC(104) User=0.27s Sys=0.00s Real=0.02s
[113.820s][info][gc,start       ] GC(105) Pause Young (Allocation Failure)
[113.825s][info][gc,heap        ] GC(105) PSYoungGen: 471305K(572928K)->19838K(571904K) Eden: 454656K(454656K)->0K(454656K) From: 16649K(118272K)->19838K(117248K)
[113.825s][info][gc,heap        ] GC(105) ParOldGen: 1183928K(1398272K)->1199649K(1398272K)
[113.825s][info][gc,metaspace   ] GC(105) Metaspace: 114738K(128000K)->114738K(128000K) NonClass: 98096K(106304K)->98096K(106304K) Class: 16642K(21696K)->16642K(21696K)
[113.825s][info][gc             ] GC(105) Pause Young (Allocation Failure) 1616M->1190M(1924M) 4.724ms
[113.825s][info][gc,cpu         ] GC(105) User=0.36s Sys=0.02s Real=0.02s
[113.857s][info][gc,start       ] GC(106) Pause Young (Allocation Failure)
[113.860s][info][gc,heap        ] GC(106) PSYoungGen: 474494K(571904K)->10463K(580096K) Eden: 454656K(454656K)->0K(464896K) From: 19838K(117248K)->10463K(115200K)
[113.860s][info][gc,heap        ] GC(106) ParOldGen: 1199649K(1398272K)->1218527K(1398272K)
[113.860s][info][gc,metaspace   ] GC(106) Metaspace: 114738K(128000K)->114738K(128000K) NonClass: 98096K(106304K)->98096K(106304K) Class: 16642K(21696K)->16642K(21696K)
[113.860s][info][gc             ] GC(106) Pause Young (Allocation Failure) 1634M->1200M(1932M) 3.489ms
[113.860s][info][gc,cpu         ] GC(106) User=0.00s Sys=0.00s Real=0.00s
[113.893s][info][gc,start       ] GC(107) Pause Young (Allocation Failure)
[113.899s][info][gc,heap        ] GC(107) PSYoungGen: 475359K(580096K)->44838K(509952K) Eden: 464896K(464896K)->0K(464896K) From: 10463K(115200K)->44838K(45056K)
[113.899s][info][gc,heap        ] GC(107) ParOldGen: 1218527K(1398272K)->1227974K(1398272K)
[113.899s][info][gc,metaspace   ] GC(107) Metaspace: 114738K(128000K)->114738K(128000K) NonClass: 98096K(106304K)->98096K(106304K) Class: 16642K(21696K)->16642K(21696K)
[113.899s][info][gc             ] GC(107) Pause Young (Allocation Failure) 1654M->1242M(1863M) 5.504ms
[113.899s][info][gc,cpu         ] GC(107) User=0.00s Sys=0.00s Real=0.00s
[113.947s][info][gc,start       ] GC(108) Pause Young (Allocation Failure)
[113.957s][info][gc,heap        ] GC(108) PSYoungGen: 509734K(509952K)->63492K(576512K) Eden: 464896K(464896K)->0K(468480K) From: 44838K(45056K)->63492K(108032K)
[113.957s][info][gc,heap        ] GC(108) ParOldGen: 1227974K(1398272K)->1271804K(1398272K)
[113.957s][info][gc,metaspace   ] GC(108) Metaspace: 114738K(128000K)->114738K(128000K) NonClass: 98096K(106304K)->98096K(106304K) Class: 16642K(21696K)->16642K(21696K)
[113.957s][info][gc             ] GC(108) Pause Young (Allocation Failure) 1696M->1304M(1928M) 10.795ms
[113.957s][info][gc,cpu         ] GC(108) User=0.00s Sys=0.00s Real=0.00s
[114.007s][info][gc,start       ] GC(109) Pause Young (Allocation Failure)
[114.021s][info][gc,heap        ] GC(109) PSYoungGen: 531972K(576512K)->88588K(578048K) Eden: 468480K(468480K)->0K(468480K) From: 63492K(108032K)->88588K(109568K)
[114.021s][info][gc,heap        ] GC(109) ParOldGen: 1271804K(1398272K)->1334400K(1398272K)
[114.021s][info][gc,metaspace   ] GC(109) Metaspace: 114738K(128000K)->114738K(128000K) NonClass: 98096K(106304K)->98096K(106304K) Class: 16642K(21696K)->16642K(21696K)
[114.021s][info][gc             ] GC(109) Pause Young (Allocation Failure) 1761M->1389M(1930M) 14.063ms
[114.021s][info][gc,cpu         ] GC(109) User=0.00s Sys=0.00s Real=0.00s
[114.021s][info][gc,start       ] GC(110) Pause Full (Ergonomics)
[114.021s][info][gc,phases,start] GC(110) Marking Phase
[114.051s][info][gc,phases      ] GC(110) Marking Phase 30.000ms
[114.051s][info][gc,phases,start] GC(110) Summary Phase
[114.051s][info][gc,phases      ] GC(110) Summary Phase 0.057ms
[114.051s][info][gc,phases,start] GC(110) Adjust Roots
[114.053s][info][gc,phases      ] GC(110) Adjust Roots 1.833ms
[114.053s][info][gc,phases,start] GC(110) Compaction Phase
[114.089s][info][gc,phases      ] GC(110) Compaction Phase 36.080ms
[114.089s][info][gc,phases,start] GC(110) Post Compact
[114.096s][info][gc,phases      ] GC(110) Post Compact 7.040ms
[114.096s][info][gc,heap        ] GC(110) PSYoungGen: 88588K(578048K)->0K(579584K) Eden: 0K(468480K)->0K(460288K) From: 88588K(109568K)->0K(119296K)
[114.096s][info][gc,heap        ] GC(110) ParOldGen: 1334400K(1398272K)->1134163K(1398272K)
[114.096s][info][gc,metaspace   ] GC(110) Metaspace: 114738K(128000K)->114738K(128000K) NonClass: 98096K(106304K)->98096K(106304K) Class: 16642K(21696K)->16642K(21696K)
[114.096s][info][gc             ] GC(110) Pause Full (Ergonomics) 1389M->1107M(1931M) 75.258ms
[114.096s][info][gc,cpu         ] GC(110) User=2.58s Sys=0.00s Real=0.08s
[114.131s][info][gc,start       ] GC(111) Pause Young (Allocation Failure)
[114.138s][info][gc,heap        ] GC(111) PSYoungGen: 460288K(579584K)->52980K(513536K) Eden: 460288K(460288K)->0K(460288K) From: 0K(119296K)->52980K(53248K)
[114.138s][info][gc,heap        ] GC(111) ParOldGen: 1134163K(1398272K)->1134163K(1398272K)
[114.138s][info][gc,metaspace   ] GC(111) Metaspace: 114738K(128000K)->114738K(128000K) NonClass: 98096K(106304K)->98096K(106304K) Class: 16642K(21696K)->16642K(21696K)
[114.138s][info][gc             ] GC(111) Pause Young (Allocation Failure) 1557M->1159M(1867M) 6.996ms
[114.138s][info][gc,cpu         ] GC(111) User=0.00s Sys=0.00s Real=0.00s
[114.171s][info][gc,start       ] GC(112) Pause Young (Allocation Failure)
[114.181s][info][gc,heap        ] GC(112) PSYoungGen: 513268K(513536K)->44965K(580608K) Eden: 460288K(460288K)->0K(466432K) From: 52980K(53248K)->44965K(114176K)
[114.181s][info][gc,heap        ] GC(112) ParOldGen: 1134163K(1398272K)->1186299K(1398272K)
[114.181s][info][gc,metaspace   ] GC(112) Metaspace: 114738K(128000K)->114738K(128000K) NonClass: 98096K(106304K)->98096K(106304K) Class: 16642K(21696K)->16642K(21696K)
[114.181s][info][gc             ] GC(112) Pause Young (Allocation Failure) 1608M->1202M(1932M) 9.753ms
[114.181s][info][gc,cpu         ] GC(112) User=0.28s Sys=0.00s Real=0.02s
[114.228s][info][gc,start       ] GC(113) Pause Young (Allocation Failure)
[114.240s][info][gc,heap        ] GC(113) PSYoungGen: 511397K(580608K)->96702K(574464K) Eden: 466432K(466432K)->0K(466432K) From: 44965K(114176K)->96702K(108032K)
[114.240s][info][gc,heap        ] GC(113) ParOldGen: 1186299K(1398272K)->1230168K(1398272K)
[114.240s][info][gc,metaspace   ] GC(113) Metaspace: 114738K(128000K)->114738K(128000K) NonClass: 98096K(106304K)->98096K(106304K) Class: 16642K(21696K)->16642K(21696K)
[114.240s][info][gc             ] GC(113) Pause Young (Allocation Failure) 1657M->1295M(1926M) 12.051ms
[114.240s][info][gc,cpu         ] GC(113) User=0.00s Sys=0.00s Real=0.00s
[114.281s][info][gc,start       ] GC(114) Pause Young (Allocation Failure)
[114.302s][info][gc,heap        ] GC(114) PSYoungGen: 562987K(574464K)->104342K(553984K) Eden: 466284K(466432K)->0K(433664K) From: 96702K(108032K)->104342K(120320K)
[114.302s][info][gc,heap        ] GC(114) ParOldGen: 1230168K(1398272K)->1325929K(1398272K)
[114.302s][info][gc,metaspace   ] GC(114) Metaspace: 114738K(128000K)->114738K(128000K) NonClass: 98096K(106304K)->98096K(106304K) Class: 16642K(21696K)->16642K(21696K)
[114.302s][info][gc             ] GC(114) Pause Young (Allocation Failure) 1751M->1396M(1906M) 21.333ms
[114.302s][info][gc,cpu         ] GC(114) User=0.47s Sys=0.02s Real=0.02s
[114.302s][info][gc,start       ] GC(115) Pause Full (Ergonomics)
[114.302s][info][gc,phases,start] GC(115) Marking Phase
[114.326s][info][gc,phases      ] GC(115) Marking Phase 23.486ms
[114.326s][info][gc,phases,start] GC(115) Summary Phase
[114.326s][info][gc,phases      ] GC(115) Summary Phase 0.057ms
[114.326s][info][gc,phases,start] GC(115) Adjust Roots
[114.328s][info][gc,phases      ] GC(115) Adjust Roots 1.687ms
[114.328s][info][gc,phases,start] GC(115) Compaction Phase
[114.353s][info][gc,phases      ] GC(115) Compaction Phase 25.019ms
[114.353s][info][gc,phases,start] GC(115) Post Compact
[114.360s][info][gc,phases      ] GC(115) Post Compact 7.246ms
[114.360s][info][gc,heap        ] GC(115) PSYoungGen: 104342K(553984K)->0K(566272K) Eden: 0K(433664K)->0K(433664K) From: 104342K(120320K)->0K(132608K)
[114.360s][info][gc,heap        ] GC(115) ParOldGen: 1325929K(1398272K)->1167361K(1398272K)
[114.360s][info][gc,metaspace   ] GC(115) Metaspace: 114738K(128000K)->114738K(128000K) NonClass: 98096K(106304K)->98096K(106304K) Class: 16642K(21696K)->16642K(21696K)
[114.360s][info][gc             ] GC(115) Pause Full (Ergonomics) 1396M->1140M(1918M) 57.775ms
[114.360s][info][gc,cpu         ] GC(115) User=1.06s Sys=0.00s Real=0.06s
[114.413s][info][gc,start       ] GC(116) Pause Young (Allocation Failure)
[114.423s][info][gc,heap        ] GC(116) PSYoungGen: 433664K(566272K)->112027K(541696K) Eden: 433664K(433664K)->0K(409088K) From: 0K(132608K)->112027K(132608K)
[114.423s][info][gc,heap        ] GC(116) ParOldGen: 1167361K(1398272K)->1167361K(1398272K)
[114.423s][info][gc,metaspace   ] GC(116) Metaspace: 114738K(128000K)->114738K(128000K) NonClass: 98096K(106304K)->98096K(106304K) Class: 16642K(21696K)->16642K(21696K)
[114.423s][info][gc             ] GC(116) Pause Young (Allocation Failure) 1563M->1249M(1894M) 10.495ms
[114.423s][info][gc,cpu         ] GC(116) User=0.00s Sys=0.00s Real=0.00s
[114.456s][info][gc,start       ] GC(117) Pause Young (Allocation Failure)
[114.473s][info][gc,heap        ] GC(117) PSYoungGen: 521115K(541696K)->73785K(553984K) Eden: 409088K(409088K)->0K(409088K) From: 112027K(132608K)->73785K(144896K)
[114.473s][info][gc,heap        ] GC(117) ParOldGen: 1167361K(1398272K)->1275635K(1398272K)
[114.473s][info][gc,metaspace   ] GC(117) Metaspace: 114739K(128000K)->114739K(128000K) NonClass: 98096K(106304K)->98096K(106304K) Class: 16643K(21696K)->16643K(21696K)
[114.473s][info][gc             ] GC(117) Pause Young (Allocation Failure) 1648M->1317M(1906M) 17.628ms
[114.473s][info][gc,cpu         ] GC(117) User=0.52s Sys=0.00s Real=0.02s
[114.503s][info][gc,start       ] GC(118) Pause Young (Allocation Failure)
[114.515s][info][gc,heap        ] GC(118) PSYoungGen: 482873K(553984K)->61276K(535552K) Eden: 409088K(409088K)->0K(413184K) From: 73785K(144896K)->61276K(122368K)
[114.515s][info][gc,heap        ] GC(118) ParOldGen: 1275635K(1398272K)->1338640K(1398272K)
[114.515s][info][gc,metaspace   ] GC(118) Metaspace: 114739K(128000K)->114739K(128000K) NonClass: 98096K(106304K)->98096K(106304K) Class: 16643K(21696K)->16643K(21696K)
[114.515s][info][gc             ] GC(118) Pause Young (Allocation Failure) 1717M->1367M(1888M) 11.647ms
[114.515s][info][gc,cpu         ] GC(118) User=0.52s Sys=0.00s Real=0.01s
[114.515s][info][gc,start       ] GC(119) Pause Full (Ergonomics)
[114.515s][info][gc,phases,start] GC(119) Marking Phase
[114.544s][info][gc,phases      ] GC(119) Marking Phase 29.213ms
[114.544s][info][gc,phases,start] GC(119) Summary Phase
[114.545s][info][gc,phases      ] GC(119) Summary Phase 0.058ms
[114.545s][info][gc,phases,start] GC(119) Adjust Roots
[114.546s][info][gc,phases      ] GC(119) Adjust Roots 1.453ms
[114.546s][info][gc,phases,start] GC(119) Compaction Phase
[114.568s][info][gc,phases      ] GC(119) Compaction Phase 21.956ms
[114.568s][info][gc,phases,start] GC(119) Post Compact
[114.575s][info][gc,phases      ] GC(119) Post Compact 6.876ms
[114.575s][info][gc,heap        ] GC(119) PSYoungGen: 61276K(535552K)->0K(546816K) Eden: 0K(413184K)->0K(413184K) From: 61276K(122368K)->0K(133632K)
[114.575s][info][gc,heap        ] GC(119) ParOldGen: 1338640K(1398272K)->1116168K(1398272K)
[114.575s][info][gc,metaspace   ] GC(119) Metaspace: 114739K(128000K)->114739K(128000K) NonClass: 98096K(106304K)->98096K(106304K) Class: 16643K(21696K)->16643K(21696K)
[114.575s][info][gc             ] GC(119) Pause Full (Ergonomics) 1367M->1090M(1899M) 59.867ms
[114.575s][info][gc,cpu         ] GC(119) User=1.55s Sys=0.00s Real=0.05s
[114.606s][info][gc,start       ] GC(120) Pause Young (Allocation Failure)
[114.611s][info][gc,heap        ] GC(120) PSYoungGen: 413184K(546816K)->45668K(558080K) Eden: 413184K(413184K)->0K(431616K) From: 0K(133632K)->45668K(126464K)
[114.611s][info][gc,heap        ] GC(120) ParOldGen: 1116168K(1398272K)->1116168K(1398272K)
[114.611s][info][gc,metaspace   ] GC(120) Metaspace: 114739K(128000K)->114739K(128000K) NonClass: 98096K(106304K)->98096K(106304K) Class: 16643K(21696K)->16643K(21696K)
[114.611s][info][gc             ] GC(120) Pause Young (Allocation Failure) 1493M->1134M(1910M) 5.073ms
[114.611s][info][gc,cpu         ] GC(120) User=0.00s Sys=0.00s Real=0.00s
[114.641s][info][gc,start       ] GC(121) Pause Young (Allocation Failure)
[114.649s][info][gc,heap        ] GC(121) PSYoungGen: 477284K(558080K)->27328K(561664K) Eden: 431616K(431616K)->0K(431616K) From: 45668K(126464K)->27328K(130048K)
[114.649s][info][gc,heap        ] GC(121) ParOldGen: 1116168K(1398272K)->1159084K(1398272K)
[114.649s][info][gc,metaspace   ] GC(121) Metaspace: 114739K(128000K)->114739K(128000K) NonClass: 98096K(106304K)->98096K(106304K) Class: 16643K(21696K)->16643K(21696K)
[114.649s][info][gc             ] GC(121) Pause Young (Allocation Failure) 1556M->1158M(1914M) 7.920ms
[114.649s][info][gc,cpu         ] GC(121) User=0.55s Sys=0.00s Real=0.02s
[114.679s][info][gc,start       ] GC(122) Pause Young (Allocation Failure)
[114.685s][info][gc,heap        ] GC(122) PSYoungGen: 458944K(561664K)->37743K(561664K) Eden: 431616K(431616K)->0K(439808K) From: 27328K(130048K)->37743K(121856K)
[114.685s][info][gc,heap        ] GC(122) ParOldGen: 1159084K(1398272K)->1183025K(1398272K)
[114.685s][info][gc,metaspace   ] GC(122) Metaspace: 114739K(128000K)->114739K(128000K) NonClass: 98096K(106304K)->98096K(106304K) Class: 16643K(21696K)->16643K(21696K)
[114.685s][info][gc             ] GC(122) Pause Young (Allocation Failure) 1580M->1192M(1914M) 6.492ms
[114.685s][info][gc,cpu         ] GC(122) User=0.00s Sys=0.00s Real=0.00s
[114.716s][info][gc,start       ] GC(123) Pause Young (Allocation Failure)
[114.723s][info][gc,heap        ] GC(123) PSYoungGen: 477551K(561664K)->36244K(565760K) Eden: 439808K(439808K)->0K(439808K) From: 37743K(121856K)->36244K(125952K)
[114.723s][info][gc,heap        ] GC(123) ParOldGen: 1183025K(1398272K)->1218350K(1398272K)
[114.724s][info][gc,metaspace   ] GC(123) Metaspace: 114739K(128000K)->114739K(128000K) NonClass: 98096K(106304K)->98096K(106304K) Class: 16643K(21696K)->16643K(21696K)
[114.724s][info][gc             ] GC(123) Pause Young (Allocation Failure) 1621M->1225M(1918M) 7.391ms
[114.724s][info][gc,cpu         ] GC(123) User=0.53s Sys=0.02s Real=0.01s
[114.864s][info][gc,start       ] GC(124) Pause Young (Allocation Failure)
[114.873s][info][gc,heap        ] GC(124) PSYoungGen: 476052K(565760K)->48568K(561152K) Eden: 439808K(439808K)->0K(450560K) From: 36244K(125952K)->48568K(110592K)
[114.873s][info][gc,heap        ] GC(124) ParOldGen: 1218350K(1398272K)->1253650K(1398272K)
[114.873s][info][gc,metaspace   ] GC(124) Metaspace: 114775K(128000K)->114775K(128000K) NonClass: 98119K(106304K)->98119K(106304K) Class: 16656K(21696K)->16656K(21696K)
[114.873s][info][gc             ] GC(124) Pause Young (Allocation Failure) 1654M->1271M(1913M) 8.548ms
[114.873s][info][gc,cpu         ] GC(124) User=0.52s Sys=0.00s Real=0.02s
[114.908s][info][gc,start       ] GC(125) Pause Young (Allocation Failure)
[114.916s][info][gc,heap        ] GC(125) PSYoungGen: 499128K(561152K)->81412K(567296K) Eden: 450560K(450560K)->0K(450560K) From: 48568K(110592K)->81412K(116736K)
[114.916s][info][gc,heap        ] GC(125) ParOldGen: 1253650K(1398272K)->1253650K(1398272K)
[114.916s][info][gc,metaspace   ] GC(125) Metaspace: 114783K(128000K)->114783K(128000K) NonClass: 98124K(106304K)->98124K(106304K) Class: 16658K(21696K)->16658K(21696K)
[114.916s][info][gc             ] GC(125) Pause Young (Allocation Failure) 1711M->1303M(1919M) 8.658ms
[114.916s][info][gc,cpu         ] GC(125) User=0.00s Sys=0.00s Real=0.00s
[115.191s][info][gc,start       ] GC(126) Pause Young (Allocation Failure)
[115.201s][info][gc,heap        ] GC(126) PSYoungGen: 531972K(567296K)->43179K(578560K) Eden: 450560K(450560K)->0K(461824K) From: 81412K(116736K)->43179K(116736K)
[115.201s][info][gc,heap        ] GC(126) ParOldGen: 1253650K(1398272K)->1301367K(1398272K)
[115.201s][info][gc,metaspace   ] GC(126) Metaspace: 114891K(128000K)->114891K(128000K) NonClass: 98205K(106304K)->98205K(106304K) Class: 16686K(21696K)->16686K(21696K)
[115.201s][info][gc             ] GC(126) Pause Young (Allocation Failure) 1743M->1313M(1930M) 9.920ms
[115.201s][info][gc,cpu         ] GC(126) User=0.50s Sys=0.00s Real=0.02s
[115.276s][info][gc,start       ] GC(127) Pause Young (Allocation Failure)
[115.282s][info][gc,heap        ] GC(127) PSYoungGen: 505003K(578560K)->56063K(518144K) Eden: 461824K(461824K)->0K(461824K) From: 43179K(116736K)->56063K(56320K)
[115.282s][info][gc,heap        ] GC(127) ParOldGen: 1301367K(1398272K)->1301367K(1398272K)
[115.282s][info][gc,metaspace   ] GC(127) Metaspace: 114906K(128000K)->114906K(128000K) NonClass: 98218K(106304K)->98218K(106304K) Class: 16687K(21696K)->16687K(21696K)
[115.282s][info][gc             ] GC(127) Pause Young (Allocation Failure) 1764M->1325M(1871M) 5.927ms
[115.282s][info][gc,cpu         ] GC(127) User=0.00s Sys=0.00s Real=0.00s
[115.317s][info][gc,start       ] GC(128) Pause Young (Allocation Failure)
[115.401s][info][gc,heap        ] GC(128) PSYoungGen: 517887K(518144K)->73347K(574976K) Eden: 461824K(461824K)->0K(464384K) From: 56063K(56320K)->73347K(110592K)
[115.402s][info][gc,heap        ] GC(128) ParOldGen: 1301367K(1398272K)->1301367K(1398272K)
[115.402s][info][gc,metaspace   ] GC(128) Metaspace: 114907K(128000K)->114907K(128000K) NonClass: 98219K(106304K)->98219K(106304K) Class: 16687K(21696K)->16687K(21696K)
[115.402s][info][gc             ] GC(128) Pause Young (Allocation Failure) 1776M->1342M(1927M) 84.589ms
[115.402s][info][gc,cpu         ] GC(128) User=0.58s Sys=0.00s Real=0.09s
[115.449s][info][gc,start       ] GC(129) Pause Young (Allocation Failure)
[115.462s][info][gc,heap        ] GC(129) PSYoungGen: 537731K(574976K)->110943K(575488K) Eden: 464384K(464384K)->0K(464384K) From: 73347K(110592K)->110943K(111104K)
[115.462s][info][gc,heap        ] GC(129) ParOldGen: 1301367K(1398272K)->1323242K(1398272K)
[115.462s][info][gc,metaspace   ] GC(129) Metaspace: 114912K(128000K)->114912K(128000K) NonClass: 98225K(106304K)->98225K(106304K) Class: 16687K(21696K)->16687K(21696K)
[115.462s][info][gc             ] GC(129) Pause Young (Allocation Failure) 1795M->1400M(1927M) 12.753ms
[115.462s][info][gc,cpu         ] GC(129) User=0.00s Sys=0.00s Real=0.00s
[115.462s][info][gc,start       ] GC(130) Pause Full (Ergonomics)
[115.462s][info][gc,phases,start] GC(130) Marking Phase
[115.485s][info][gc,phases      ] GC(130) Marking Phase 23.273ms
[115.485s][info][gc,phases,start] GC(130) Summary Phase
[115.485s][info][gc,phases      ] GC(130) Summary Phase 0.062ms
[115.485s][info][gc,phases,start] GC(130) Adjust Roots
[115.488s][info][gc,phases      ] GC(130) Adjust Roots 2.345ms
[115.488s][info][gc,phases,start] GC(130) Compaction Phase
[115.519s][info][gc,phases      ] GC(130) Compaction Phase 31.169ms
[115.519s][info][gc,phases,start] GC(130) Post Compact
[115.526s][info][gc,phases      ] GC(130) Post Compact 7.202ms
[115.526s][info][gc,heap        ] GC(130) PSYoungGen: 110943K(575488K)->0K(570368K) Eden: 0K(464384K)->0K(446976K) From: 110943K(111104K)->0K(123392K)
[115.526s][info][gc,heap        ] GC(130) ParOldGen: 1323242K(1398272K)->1254268K(1398272K)
[115.526s][info][gc,metaspace   ] GC(130) Metaspace: 114912K(128000K)->114912K(128000K) NonClass: 98225K(106304K)->98225K(106304K) Class: 16687K(21696K)->16687K(21696K)
[115.526s][info][gc             ] GC(130) Pause Full (Ergonomics) 1400M->1224M(1922M) 64.302ms
[115.526s][info][gc,cpu         ] GC(130) User=2.05s Sys=0.02s Real=0.06s
[115.575s][info][gc,start       ] GC(131) Pause Young (Allocation Failure)
[115.584s][info][gc,heap        ] GC(131) PSYoungGen: 446976K(570368K)->82530K(529920K) Eden: 446976K(446976K)->0K(446976K) From: 0K(123392K)->82530K(82944K)
[115.584s][info][gc,heap        ] GC(131) ParOldGen: 1254268K(1398272K)->1254276K(1398272K)
[115.584s][info][gc,metaspace   ] GC(131) Metaspace: 114912K(128000K)->114912K(128000K) NonClass: 98225K(106304K)->98225K(106304K) Class: 16687K(21696K)->16687K(21696K)
[115.584s][info][gc             ] GC(131) Pause Young (Allocation Failure) 1661M->1305M(1883M) 8.866ms
[115.584s][info][gc,cpu         ] GC(131) User=0.00s Sys=0.00s Real=0.00s
[115.622s][info][gc,start       ] GC(132) Pause Young (Allocation Failure)
[115.633s][info][gc,heap        ] GC(132) PSYoungGen: 529506K(529920K)->124094K(540160K) Eden: 446976K(446976K)->0K(413184K) From: 82530K(82944K)->124094K(126976K)
[115.633s][info][gc,heap        ] GC(132) ParOldGen: 1254276K(1398272K)->1260526K(1398272K)
[115.633s][info][gc,metaspace   ] GC(132) Metaspace: 114914K(128000K)->114914K(128000K) NonClass: 98227K(106304K)->98227K(106304K) Class: 16687K(21696K)->16687K(21696K)
[115.633s][info][gc             ] GC(132) Pause Young (Allocation Failure) 1741M->1352M(1893M) 11.818ms
[115.633s][info][gc,cpu         ] GC(132) User=0.00s Sys=0.00s Real=0.00s
[115.673s][info][gc,start       ] GC(133) Pause Young (Allocation Failure)
[115.689s][info][gc,heap        ] GC(133) PSYoungGen: 537278K(540160K)->142500K(556032K) Eden: 413184K(413184K)->0K(413184K) From: 124094K(126976K)->142500K(142848K)
[115.689s][info][gc,heap        ] GC(133) ParOldGen: 1260526K(1398272K)->1304276K(1398272K)
[115.689s][info][gc,metaspace   ] GC(133) Metaspace: 114914K(128000K)->114914K(128000K) NonClass: 98227K(106304K)->98227K(106304K) Class: 16687K(21696K)->16687K(21696K)
[115.689s][info][gc             ] GC(133) Pause Young (Allocation Failure) 1755M->1412M(1908M) 16.479ms
[115.689s][info][gc,cpu         ] GC(133) User=0.25s Sys=0.00s Real=0.02s
[115.728s][info][gc,start       ] GC(134) Pause Young (Allocation Failure)
[115.745s][info][gc,heap        ] GC(134) PSYoungGen: 555684K(556032K)->142653K(486400K) Eden: 413184K(413184K)->0K(343552K) From: 142500K(142848K)->142653K(142848K)
[115.746s][info][gc,heap        ] GC(134) ParOldGen: 1304276K(1398272K)->1348026K(1398272K)
[115.746s][info][gc,metaspace   ] GC(134) Metaspace: 114916K(128000K)->114916K(128000K) NonClass: 98229K(106304K)->98229K(106304K) Class: 16687K(21696K)->16687K(21696K)
[115.746s][info][gc             ] GC(134) Pause Young (Allocation Failure) 1816M->1455M(1840M) 17.838ms
[115.746s][info][gc,cpu         ] GC(134) User=0.27s Sys=0.00s Real=0.02s
[115.746s][info][gc,start       ] GC(135) Pause Full (Ergonomics)
[115.746s][info][gc,phases,start] GC(135) Marking Phase
[115.768s][info][gc,phases      ] GC(135) Marking Phase 22.194ms
[115.768s][info][gc,phases,start] GC(135) Summary Phase
[115.768s][info][gc,phases      ] GC(135) Summary Phase 0.062ms
[115.768s][info][gc,phases,start] GC(135) Adjust Roots
[115.771s][info][gc,phases      ] GC(135) Adjust Roots 2.640ms
[115.771s][info][gc,phases,start] GC(135) Compaction Phase
[115.796s][info][gc,phases      ] GC(135) Compaction Phase 25.071ms
[115.796s][info][gc,phases,start] GC(135) Post Compact
[115.803s][info][gc,phases      ] GC(135) Post Compact 7.384ms
[115.803s][info][gc,heap        ] GC(135) PSYoungGen: 142653K(486400K)->0K(521216K) Eden: 0K(343552K)->0K(343552K) From: 142653K(142848K)->0K(177664K)
[115.803s][info][gc,heap        ] GC(135) ParOldGen: 1348026K(1398272K)->1359606K(1398272K)
[115.803s][info][gc,metaspace   ] GC(135) Metaspace: 114916K(128000K)->114916K(128000K) NonClass: 98229K(106304K)->98229K(106304K) Class: 16687K(21696K)->16687K(21696K)
[115.803s][info][gc             ] GC(135) Pause Full (Ergonomics) 1455M->1327M(1874M) 57.593ms
[115.803s][info][gc,cpu         ] GC(135) User=1.50s Sys=0.00s Real=0.05s
[115.843s][info][gc,start       ] GC(136) Pause Full (Ergonomics)
[115.843s][info][gc,phases,start] GC(136) Marking Phase
[115.866s][info][gc,phases      ] GC(136) Marking Phase 23.027ms
[115.866s][info][gc,phases,start] GC(136) Summary Phase
[115.866s][info][gc,phases      ] GC(136) Summary Phase 0.069ms
[115.866s][info][gc,phases,start] GC(136) Adjust Roots
[115.869s][info][gc,phases      ] GC(136) Adjust Roots 2.362ms
[115.869s][info][gc,phases,start] GC(136) Compaction Phase
[115.958s][info][gc,phases      ] GC(136) Compaction Phase 89.539ms
[115.958s][info][gc,phases,start] GC(136) Post Compact
[115.967s][info][gc,phases      ] GC(136) Post Compact 8.254ms
[115.967s][info][gc,heap        ] GC(136) PSYoungGen: 343552K(521216K)->0K(521216K) Eden: 343552K(343552K)->0K(343552K) From: 0K(177664K)->0K(177664K)
[115.967s][info][gc,heap        ] GC(136) ParOldGen: 1359606K(1398272K)->1370632K(1398272K)
[115.967s][info][gc,metaspace   ] GC(136) Metaspace: 114941K(128000K)->114941K(128000K) NonClass: 98253K(106304K)->98253K(106304K) Class: 16687K(21696K)->16687K(21696K)
[115.967s][info][gc             ] GC(136) Pause Full (Ergonomics) 1663M->1338M(1874M) 123.560ms
[115.967s][info][gc,cpu         ] GC(136) User=3.42s Sys=0.03s Real=0.11s
[116.005s][info][gc,start       ] GC(137) Pause Full (Ergonomics)
[116.005s][info][gc,phases,start] GC(137) Marking Phase
[116.027s][info][gc,phases      ] GC(137) Marking Phase 22.305ms
[116.027s][info][gc,phases,start] GC(137) Summary Phase
[116.027s][info][gc,phases      ] GC(137) Summary Phase 0.069ms
[116.027s][info][gc,phases,start] GC(137) Adjust Roots
[116.030s][info][gc,phases      ] GC(137) Adjust Roots 2.340ms
[116.030s][info][gc,phases,start] GC(137) Compaction Phase
[116.055s][info][gc,phases      ] GC(137) Compaction Phase 25.384ms
[116.055s][info][gc,phases,start] GC(137) Post Compact
[116.064s][info][gc,phases      ] GC(137) Post Compact 8.311ms
[116.064s][info][gc,heap        ] GC(137) PSYoungGen: 343552K(521216K)->0K(521216K) Eden: 343552K(343552K)->0K(343552K) From: 0K(177664K)->0K(177664K)
[116.064s][info][gc,heap        ] GC(137) ParOldGen: 1370632K(1398272K)->1353043K(1398272K)
[116.064s][info][gc,metaspace   ] GC(137) Metaspace: 114955K(128000K)->114955K(128000K) NonClass: 98267K(106304K)->98267K(106304K) Class: 16688K(21696K)->16688K(21696K)
[116.064s][info][gc             ] GC(137) Pause Full (Ergonomics) 1674M->1321M(1874M) 58.707ms
[116.064s][info][gc,cpu         ] GC(137) User=1.34s Sys=0.00s Real=0.05s
[116.108s][info][gc,start       ] GC(138) Pause Full (Ergonomics)
[116.108s][info][gc,phases,start] GC(138) Marking Phase
[116.141s][info][gc,phases      ] GC(138) Marking Phase 32.733ms
[116.141s][info][gc,phases,start] GC(138) Summary Phase
[116.141s][info][gc,phases      ] GC(138) Summary Phase 0.064ms
[116.141s][info][gc,phases,start] GC(138) Adjust Roots
[116.143s][info][gc,phases      ] GC(138) Adjust Roots 2.118ms
[116.143s][info][gc,phases,start] GC(138) Compaction Phase
[116.167s][info][gc,phases      ] GC(138) Compaction Phase 24.436ms
[116.168s][info][gc,phases,start] GC(138) Post Compact
[116.176s][info][gc,phases      ] GC(138) Post Compact 8.257ms
[116.176s][info][gc,heap        ] GC(138) PSYoungGen: 343552K(521216K)->0K(521216K) Eden: 343552K(343552K)->0K(343552K) From: 0K(177664K)->0K(177664K)
[116.176s][info][gc,heap        ] GC(138) ParOldGen: 1353043K(1398272K)->1323372K(1398272K)
[116.176s][info][gc,metaspace   ] GC(138) Metaspace: 114962K(128000K)->114962K(128000K) NonClass: 98273K(106304K)->98273K(106304K) Class: 16689K(21696K)->16689K(21696K)
[116.176s][info][gc             ] GC(138) Pause Full (Ergonomics) 1656M->1292M(1874M) 67.907ms
[116.176s][info][gc,cpu         ] GC(138) User=0.88s Sys=0.02s Real=0.06s
[116.210s][info][gc,start       ] GC(139) Pause Full (Ergonomics)
[116.210s][info][gc,phases,start] GC(139) Marking Phase
[116.242s][info][gc,phases      ] GC(139) Marking Phase 32.321ms
[116.242s][info][gc,phases,start] GC(139) Summary Phase
[116.242s][info][gc,phases      ] GC(139) Summary Phase 0.068ms
[116.242s][info][gc,phases,start] GC(139) Adjust Roots
[116.244s][info][gc,phases      ] GC(139) Adjust Roots 1.994ms
[116.244s][info][gc,phases,start] GC(139) Compaction Phase
[116.274s][info][gc,phases      ] GC(139) Compaction Phase 29.584ms
[116.274s][info][gc,phases,start] GC(139) Post Compact
[116.283s][info][gc,phases      ] GC(139) Post Compact 8.746ms
[116.283s][info][gc,heap        ] GC(139) PSYoungGen: 343050K(521216K)->0K(521216K) Eden: 343050K(343552K)->0K(343552K) From: 0K(177664K)->0K(177664K)
[116.283s][info][gc,heap        ] GC(139) ParOldGen: 1323372K(1398272K)->1308241K(1398272K)
[116.283s][info][gc,metaspace   ] GC(139) Metaspace: 114965K(128000K)->114965K(128000K) NonClass: 98275K(106304K)->98275K(106304K) Class: 16689K(21696K)->16689K(21696K)
[116.283s][info][gc             ] GC(139) Pause Full (Ergonomics) 1627M->1277M(1874M) 73.020ms
[116.283s][info][gc,cpu         ] GC(139) User=1.08s Sys=0.02s Real=0.06s
[116.311s][info][gc,start       ] GC(140) Pause Young (Allocation Failure)
[116.318s][info][gc,heap        ] GC(140) PSYoungGen: 343552K(521216K)->57521K(512000K) Eden: 343552K(343552K)->0K(343552K) From: 0K(177664K)->57521K(168448K)
[116.318s][info][gc,heap        ] GC(140) ParOldGen: 1308241K(1398272K)->1308241K(1398272K)
[116.318s][info][gc,metaspace   ] GC(140) Metaspace: 114965K(128000K)->114965K(128000K) NonClass: 98276K(106304K)->98276K(106304K) Class: 16689K(21696K)->16689K(21696K)
[116.318s][info][gc             ] GC(140) Pause Young (Allocation Failure) 1613M->1333M(1865M) 7.033ms
[116.318s][info][gc,cpu         ] GC(140) User=0.16s Sys=0.00s Real=0.02s
[116.346s][info][gc,start       ] GC(141) Pause Young (Allocation Failure)
[116.356s][info][gc,heap        ] GC(141) PSYoungGen: 401073K(512000K)->97212K(516608K) Eden: 343552K(343552K)->0K(343552K) From: 57521K(168448K)->97212K(173056K)
[116.356s][info][gc,heap        ] GC(141) ParOldGen: 1308241K(1398272K)->1308241K(1398272K)
[116.356s][info][gc,metaspace   ] GC(141) Metaspace: 114966K(128000K)->114966K(128000K) NonClass: 98277K(106304K)->98277K(106304K) Class: 16689K(21696K)->16689K(21696K)
[116.356s][info][gc             ] GC(141) Pause Young (Allocation Failure) 1669M->1372M(1870M) 9.970ms
[116.356s][info][gc,cpu         ] GC(141) User=0.34s Sys=0.00s Real=0.02s
[116.383s][info][gc,start       ] GC(142) Pause Young (Allocation Failure)
[116.395s][info][gc,heap        ] GC(142) PSYoungGen: 440764K(516608K)->129309K(512512K) Eden: 343552K(343552K)->0K(342528K) From: 97212K(173056K)->129309K(169984K)
[116.395s][info][gc,heap        ] GC(142) ParOldGen: 1308241K(1398272K)->1308241K(1398272K)
[116.395s][info][gc,metaspace   ] GC(142) Metaspace: 114966K(128000K)->114966K(128000K) NonClass: 98277K(106304K)->98277K(106304K) Class: 16689K(21696K)->16689K(21696K)
[116.395s][info][gc             ] GC(142) Pause Young (Allocation Failure) 1708M->1403M(1866M) 12.547ms
[116.395s][info][gc,cpu         ] GC(142) User=0.53s Sys=0.00s Real=0.02s
[116.458s][info][gc,start       ] GC(143) Pause Young (Allocation Failure)
[116.471s][info][gc,heap        ] GC(143) PSYoungGen: 471837K(512512K)->145632K(488448K) Eden: 342528K(342528K)->0K(342528K) From: 129309K(169984K)->145632K(145920K)
[116.472s][info][gc,heap        ] GC(143) ParOldGen: 1308241K(1398272K)->1308241K(1398272K)
[116.472s][info][gc,metaspace   ] GC(143) Metaspace: 114996K(128000K)->114996K(128000K) NonClass: 98298K(106304K)->98298K(106304K) Class: 16697K(21696K)->16697K(21696K)
[116.472s][info][gc             ] GC(143) Pause Young (Allocation Failure) 1738M->1419M(1842M) 13.945ms
[116.472s][info][gc,cpu         ] GC(143) User=0.52s Sys=0.00s Real=0.02s
[116.523s][info][gc,start       ] GC(144) Pause Young (Allocation Failure)
[116.540s][info][gc,heap        ] GC(144) PSYoungGen: 488160K(488448K)->171821K(469504K) Eden: 342528K(342528K)->0K(279040K) From: 145632K(145920K)->171821K(190464K)
[116.540s][info][gc,heap        ] GC(144) ParOldGen: 1308241K(1398272K)->1308241K(1398272K)
[116.540s][info][gc,metaspace   ] GC(144) Metaspace: 115108K(128000K)->115108K(128000K) NonClass: 98406K(106304K)->98406K(106304K) Class: 16701K(21696K)->16701K(21696K)
[116.540s][info][gc             ] GC(144) Pause Young (Allocation Failure) 1754M->1445M(1824M) 17.035ms
[116.540s][info][gc,cpu         ] GC(144) User=0.42s Sys=0.02s Real=0.02s
[116.560s][info][gc,start       ] GC(145) Pause Young (Allocation Failure)
[116.578s][info][gc,heap        ] GC(145) PSYoungGen: 450861K(469504K)->179847K(459264K) Eden: 279040K(279040K)->0K(279040K) From: 171821K(190464K)->179847K(180224K)
[116.578s][info][gc,heap        ] GC(145) ParOldGen: 1308241K(1398272K)->1308241K(1398272K)
[116.578s][info][gc,metaspace   ] GC(145) Metaspace: 115115K(128000K)->115115K(128000K) NonClass: 98409K(106304K)->98409K(106304K) Class: 16706K(21696K)->16706K(21696K)
[116.578s][info][gc             ] GC(145) Pause Young (Allocation Failure) 1717M->1453M(1814M) 17.886ms
[116.578s][info][gc,cpu         ] GC(145) User=0.55s Sys=0.00s Real=0.02s
[116.598s][info][gc,start       ] GC(146) Pause Young (Allocation Failure)
[116.616s][info][gc,heap        ] GC(146) PSYoungGen: 458887K(459264K)->180736K(460800K) Eden: 279040K(279040K)->0K(232960K) From: 179847K(180224K)->180736K(227840K)
[116.616s][info][gc,heap        ] GC(146) ParOldGen: 1308241K(1398272K)->1308241K(1398272K)
[116.616s][info][gc,metaspace   ] GC(146) Metaspace: 115128K(128000K)->115128K(128000K) NonClass: 98421K(106304K)->98421K(106304K) Class: 16706K(21696K)->16706K(21696K)
[116.616s][info][gc             ] GC(146) Pause Young (Allocation Failure) 1725M->1454M(1815M) 17.860ms
[116.616s][info][gc,cpu         ] GC(146) User=0.55s Sys=0.00s Real=0.02s
[116.647s][info][gc,start       ] GC(147) Pause Young (Allocation Failure)
[116.667s][info][gc,heap        ] GC(147) PSYoungGen: 413696K(460800K)->208823K(465920K) Eden: 232960K(232960K)->0K(232960K) From: 180736K(227840K)->208823K(232960K)
[116.667s][info][gc,heap        ] GC(147) ParOldGen: 1308241K(1398272K)->1308241K(1398272K)
[116.667s][info][gc,metaspace   ] GC(147) Metaspace: 115130K(128000K)->115130K(128000K) NonClass: 98422K(106304K)->98422K(106304K) Class: 16708K(21696K)->16708K(21696K)
[116.667s][info][gc             ] GC(147) Pause Young (Allocation Failure) 1681M->1481M(1820M) 19.765ms
[116.667s][info][gc,cpu         ] GC(147) User=0.44s Sys=0.00s Real=0.02s
[116.684s][info][gc,start       ] GC(148) Pause Young (Allocation Failure)
[116.705s][info][gc,heap        ] GC(148) PSYoungGen: 441783K(465920K)->206479K(465920K) Eden: 232960K(232960K)->0K(232960K) From: 208823K(232960K)->206479K(232960K)
[116.705s][info][gc,heap        ] GC(148) ParOldGen: 1308241K(1398272K)->1308241K(1398272K)
[116.705s][info][gc,metaspace   ] GC(148) Metaspace: 115136K(128000K)->115136K(128000K) NonClass: 98426K(106304K)->98426K(106304K) Class: 16709K(21696K)->16709K(21696K)
[116.705s][info][gc             ] GC(148) Pause Young (Allocation Failure) 1709M->1479M(1820M) 20.714ms
[116.705s][info][gc,cpu         ] GC(148) User=0.56s Sys=0.00s Real=0.02s
[116.721s][info][gc,start       ] GC(149) Pause Young (Allocation Failure)
[116.743s][info][gc,heap        ] GC(149) PSYoungGen: 439439K(465920K)->166193K(465920K) Eden: 232960K(232960K)->0K(232960K) From: 206479K(232960K)->166193K(232960K)
[116.743s][info][gc,heap        ] GC(149) ParOldGen: 1308241K(1398272K)->1370548K(1398272K)
[116.743s][info][gc,metaspace   ] GC(149) Metaspace: 115141K(128000K)->115141K(128000K) NonClass: 98429K(106304K)->98429K(106304K) Class: 16712K(21696K)->16712K(21696K)
[116.743s][info][gc             ] GC(149) Pause Young (Allocation Failure) 1706M->1500M(1820M) 21.656ms
[116.743s][info][gc,cpu         ] GC(149) User=0.53s Sys=0.00s Real=0.02s
[116.743s][info][gc,start       ] GC(150) Pause Full (Ergonomics)
[116.743s][info][gc,phases,start] GC(150) Marking Phase
[116.773s][info][gc,phases      ] GC(150) Marking Phase 29.289ms
[116.773s][info][gc,phases,start] GC(150) Summary Phase
[116.773s][info][gc,phases      ] GC(150) Summary Phase 0.061ms
[116.773s][info][gc,phases,start] GC(150) Adjust Roots
[116.775s][info][gc,phases      ] GC(150) Adjust Roots 2.332ms
[116.775s][info][gc,phases,start] GC(150) Compaction Phase
[116.802s][info][gc,phases      ] GC(150) Compaction Phase 26.749ms
[116.802s][info][gc,phases,start] GC(150) Post Compact
[116.809s][info][gc,phases      ] GC(150) Post Compact 7.652ms
[116.810s][info][gc,heap        ] GC(150) PSYoungGen: 166193K(465920K)->0K(465920K) Eden: 0K(232960K)->0K(232960K) From: 166193K(232960K)->0K(232960K)
[116.810s][info][gc,heap        ] GC(150) ParOldGen: 1370548K(1398272K)->1376233K(1398272K)
[116.810s][info][gc,metaspace   ] GC(150) Metaspace: 115141K(128000K)->115141K(128000K) NonClass: 98429K(106304K)->98429K(106304K) Class: 16712K(21696K)->16712K(21696K)
[116.810s][info][gc             ] GC(150) Pause Full (Ergonomics) 1500M->1343M(1820M) 66.327ms
[116.810s][info][gc,cpu         ] GC(150) User=2.00s Sys=0.02s Real=0.08s
[116.828s][info][gc,start       ] GC(151) Pause Full (Ergonomics)
[116.828s][info][gc,phases,start] GC(151) Marking Phase
[116.861s][info][gc,phases      ] GC(151) Marking Phase 32.552ms
[116.861s][info][gc,phases,start] GC(151) Summary Phase
[116.861s][info][gc,phases      ] GC(151) Summary Phase 0.071ms
[116.861s][info][gc,phases,start] GC(151) Adjust Roots
[116.864s][info][gc,phases      ] GC(151) Adjust Roots 2.665ms
[116.864s][info][gc,phases,start] GC(151) Compaction Phase
[117.006s][info][gc,phases      ] GC(151) Compaction Phase 142.445ms
[117.006s][info][gc,phases,start] GC(151) Post Compact
[117.014s][info][gc,phases      ] GC(151) Post Compact 7.850ms
[117.014s][info][gc,heap        ] GC(151) PSYoungGen: 232960K(465920K)->0K(465920K) Eden: 232960K(232960K)->0K(232960K) From: 0K(232960K)->0K(232960K)
[117.014s][info][gc,heap        ] GC(151) ParOldGen: 1376233K(1398272K)->1376742K(1398272K)
[117.014s][info][gc,metaspace   ] GC(151) Metaspace: 115144K(128000K)->115144K(128000K) NonClass: 98431K(106304K)->98431K(106304K) Class: 16713K(21696K)->16713K(21696K)
[117.014s][info][gc             ] GC(151) Pause Full (Ergonomics) 1571M->1344M(1820M) 185.916ms
[117.014s][info][gc,cpu         ] GC(151) User=5.25s Sys=0.02s Real=0.19s
[117.032s][info][gc,start       ] GC(152) Pause Full (Ergonomics)
[117.032s][info][gc,phases,start] GC(152) Marking Phase
[117.061s][info][gc,phases      ] GC(152) Marking Phase 28.894ms
[117.061s][info][gc,phases,start] GC(152) Summary Phase
[117.061s][info][gc,phases      ] GC(152) Summary Phase 0.061ms
[117.061s][info][gc,phases,start] GC(152) Adjust Roots
[117.064s][info][gc,phases      ] GC(152) Adjust Roots 2.633ms
[117.064s][info][gc,phases,start] GC(152) Compaction Phase
[117.083s][info][gc,phases      ] GC(152) Compaction Phase 18.641ms
[117.083s][info][gc,phases,start] GC(152) Post Compact
[117.091s][info][gc,phases      ] GC(152) Post Compact 7.857ms
[117.091s][info][gc,heap        ] GC(152) PSYoungGen: 232960K(465920K)->0K(465920K) Eden: 232960K(232960K)->0K(232960K) From: 0K(232960K)->0K(232960K)
[117.091s][info][gc,heap        ] GC(152) ParOldGen: 1376742K(1398272K)->1373588K(1398272K)
[117.091s][info][gc,metaspace   ] GC(152) Metaspace: 115144K(128000K)->115144K(128000K) NonClass: 98431K(106304K)->98431K(106304K) Class: 16713K(21696K)->16713K(21696K)
[117.091s][info][gc             ] GC(152) Pause Full (Ergonomics) 1571M->1341M(1820M) 58.370ms
[117.091s][info][gc,cpu         ] GC(152) User=1.44s Sys=0.02s Real=0.06s
[117.108s][info][gc,start       ] GC(153) Pause Full (Ergonomics)
[117.109s][info][gc,phases,start] GC(153) Marking Phase
[117.132s][info][gc,phases      ] GC(153) Marking Phase 23.554ms
[117.132s][info][gc,phases,start] GC(153) Summary Phase
[117.132s][info][gc,phases      ] GC(153) Summary Phase 0.061ms
[117.132s][info][gc,phases,start] GC(153) Adjust Roots
[117.135s][info][gc,phases      ] GC(153) Adjust Roots 2.598ms
[117.135s][info][gc,phases,start] GC(153) Compaction Phase
[117.153s][info][gc,phases      ] GC(153) Compaction Phase 18.154ms
[117.153s][info][gc,phases,start] GC(153) Post Compact
[117.161s][info][gc,phases      ] GC(153) Post Compact 7.812ms
[117.161s][info][gc,heap        ] GC(153) PSYoungGen: 232960K(465920K)->0K(465920K) Eden: 232960K(232960K)->0K(232960K) From: 0K(232960K)->0K(232960K)
[117.161s][info][gc,heap        ] GC(153) ParOldGen: 1373588K(1398272K)->1375183K(1398272K)
[117.161s][info][gc,metaspace   ] GC(153) Metaspace: 115149K(128000K)->115149K(128000K) NonClass: 98434K(106304K)->98434K(106304K) Class: 16715K(21696K)->16715K(21696K)
[117.161s][info][gc             ] GC(153) Pause Full (Ergonomics) 1568M->1342M(1820M) 52.448ms
[117.161s][info][gc,cpu         ] GC(153) User=0.91s Sys=0.00s Real=0.05s
[117.179s][info][gc,start       ] GC(154) Pause Full (Ergonomics)
[117.179s][info][gc,phases,start] GC(154) Marking Phase
[117.206s][info][gc,phases      ] GC(154) Marking Phase 27.317ms
[117.206s][info][gc,phases,start] GC(154) Summary Phase
[117.206s][info][gc,phases      ] GC(154) Summary Phase 0.061ms
[117.206s][info][gc,phases,start] GC(154) Adjust Roots
[117.209s][info][gc,phases      ] GC(154) Adjust Roots 2.308ms
[117.209s][info][gc,phases,start] GC(154) Compaction Phase
[117.228s][info][gc,phases      ] GC(154) Compaction Phase 19.710ms
[117.228s][info][gc,phases,start] GC(154) Post Compact
[117.236s][info][gc,phases      ] GC(154) Post Compact 8.026ms
[117.236s][info][gc,heap        ] GC(154) PSYoungGen: 232960K(465920K)->0K(465920K) Eden: 232960K(232960K)->0K(232960K) From: 0K(232960K)->0K(232960K)
[117.237s][info][gc,heap        ] GC(154) ParOldGen: 1375183K(1398272K)->1382923K(1398272K)
[117.237s][info][gc,metaspace   ] GC(154) Metaspace: 115149K(128000K)->115149K(128000K) NonClass: 98434K(106304K)->98434K(106304K) Class: 16715K(21696K)->16715K(21696K)
[117.237s][info][gc             ] GC(154) Pause Full (Ergonomics) 1570M->1350M(1820M) 57.729ms
[117.237s][info][gc,cpu         ] GC(154) User=0.77s Sys=0.02s Real=0.05s
[117.269s][info][gc,start       ] GC(155) Pause Full (Ergonomics)
[117.269s][info][gc,phases,start] GC(155) Marking Phase
[117.298s][info][gc,phases      ] GC(155) Marking Phase 29.427ms
[117.298s][info][gc,phases,start] GC(155) Summary Phase
[117.299s][info][gc,phases      ] GC(155) Summary Phase 0.064ms
[117.299s][info][gc,phases,start] GC(155) Adjust Roots
[117.301s][info][gc,phases      ] GC(155) Adjust Roots 2.559ms
[117.301s][info][gc,phases,start] GC(155) Compaction Phase
[117.321s][info][gc,phases      ] GC(155) Compaction Phase 20.299ms
[117.322s][info][gc,phases,start] GC(155) Post Compact
[117.329s][info][gc,phases      ] GC(155) Post Compact 7.964ms
[117.330s][info][gc,heap        ] GC(155) PSYoungGen: 232960K(465920K)->0K(465920K) Eden: 232960K(232960K)->0K(232960K) From: 0K(232960K)->0K(232960K)
[117.330s][info][gc,heap        ] GC(155) ParOldGen: 1382923K(1398272K)->1390714K(1398272K)
[117.330s][info][gc,metaspace   ] GC(155) Metaspace: 115152K(128000K)->115152K(128000K) NonClass: 98436K(106304K)->98436K(106304K) Class: 16716K(21696K)->16716K(21696K)
[117.330s][info][gc             ] GC(155) Pause Full (Ergonomics) 1578M->1358M(1820M) 60.642ms
[117.330s][info][gc,cpu         ] GC(155) User=0.94s Sys=0.02s Real=0.05s
[117.348s][info][gc,start       ] GC(156) Pause Full (Ergonomics)
[117.348s][info][gc,phases,start] GC(156) Marking Phase
[117.376s][info][gc,phases      ] GC(156) Marking Phase 28.255ms
[117.376s][info][gc,phases,start] GC(156) Summary Phase
[117.376s][info][gc,phases      ] GC(156) Summary Phase 0.046ms
[117.376s][info][gc,phases,start] GC(156) Adjust Roots
[117.379s][info][gc,phases      ] GC(156) Adjust Roots 2.868ms
[117.379s][info][gc,phases,start] GC(156) Compaction Phase
[117.496s][info][gc,phases      ] GC(156) Compaction Phase 116.863ms
[117.496s][info][gc,phases,start] GC(156) Post Compact
[117.504s][info][gc,phases      ] GC(156) Post Compact 7.917ms
[117.504s][info][gc,heap        ] GC(156) PSYoungGen: 232959K(465920K)->0K(465920K) Eden: 232959K(232960K)->0K(232960K) From: 0K(232960K)->0K(232960K)
[117.504s][info][gc,heap        ] GC(156) ParOldGen: 1390714K(1398272K)->1386011K(1398272K)
[117.504s][info][gc,metaspace   ] GC(156) Metaspace: 115158K(128000K)->115158K(128000K) NonClass: 98440K(106304K)->98440K(106304K) Class: 16717K(21696K)->16717K(21696K)
[117.504s][info][gc             ] GC(156) Pause Full (Ergonomics) 1585M->1353M(1820M) 156.246ms
[117.504s][info][gc,cpu         ] GC(156) User=4.66s Sys=0.00s Real=0.16s
[117.522s][info][gc,start       ] GC(157) Pause Full (Ergonomics)
[117.522s][info][gc,phases,start] GC(157) Marking Phase
[117.553s][info][gc,phases      ] GC(157) Marking Phase 31.011ms
[117.553s][info][gc,phases,start] GC(157) Summary Phase
[117.553s][info][gc,phases      ] GC(157) Summary Phase 0.043ms
[117.553s][info][gc,phases,start] GC(157) Adjust Roots
[117.555s][info][gc,phases      ] GC(157) Adjust Roots 2.033ms
[117.555s][info][gc,phases,start] GC(157) Compaction Phase
[117.575s][info][gc,phases      ] GC(157) Compaction Phase 19.781ms
[117.575s][info][gc,phases,start] GC(157) Post Compact
[117.583s][info][gc,phases      ] GC(157) Post Compact 7.886ms
[117.583s][info][gc,heap        ] GC(157) PSYoungGen: 232960K(465920K)->12915K(465920K) Eden: 232960K(232960K)->12915K(232960K) From: 0K(232960K)->0K(232960K)
[117.583s][info][gc,heap        ] GC(157) ParOldGen: 1386011K(1398272K)->1398063K(1398272K)
[117.583s][info][gc,metaspace   ] GC(157) Metaspace: 115160K(128000K)->115160K(128000K) NonClass: 98442K(106304K)->98442K(106304K) Class: 16718K(21696K)->16718K(21696K)
[117.583s][info][gc             ] GC(157) Pause Full (Ergonomics) 1581M->1377M(1820M) 61.075ms
[117.583s][info][gc,cpu         ] GC(157) User=1.59s Sys=0.02s Real=0.06s
[117.614s][info][gc,start       ] GC(158) Pause Full (Ergonomics)
[117.614s][info][gc,phases,start] GC(158) Marking Phase
[117.642s][info][gc,phases      ] GC(158) Marking Phase 27.115ms
[117.642s][info][gc,phases,start] GC(158) Summary Phase
[117.642s][info][gc,phases      ] GC(158) Summary Phase 0.043ms
[117.642s][info][gc,phases,start] GC(158) Adjust Roots
[117.644s][info][gc,phases      ] GC(158) Adjust Roots 2.479ms
[117.644s][info][gc,phases,start] GC(158) Compaction Phase
[117.666s][info][gc,phases      ] GC(158) Compaction Phase 22.291ms
[117.667s][info][gc,phases,start] GC(158) Post Compact
[117.675s][info][gc,phases      ] GC(158) Post Compact 8.282ms
[117.675s][info][gc,heap        ] GC(158) PSYoungGen: 232960K(465920K)->19140K(465920K) Eden: 232960K(232960K)->19140K(232960K) From: 0K(232960K)->0K(232960K)
[117.675s][info][gc,heap        ] GC(158) ParOldGen: 1398063K(1398272K)->1398056K(1398272K)
[117.675s][info][gc,metaspace   ] GC(158) Metaspace: 115161K(128000K)->115161K(128000K) NonClass: 98443K(106304K)->98443K(106304K) Class: 16718K(21696K)->16718K(21696K)
[117.675s][info][gc             ] GC(158) Pause Full (Ergonomics) 1592M->1383M(1820M) 60.526ms
[117.675s][info][gc,cpu         ] GC(158) User=1.45s Sys=0.00s Real=0.05s
[117.692s][info][gc,start       ] GC(159) Pause Full (Ergonomics)
[117.692s][info][gc,phases,start] GC(159) Marking Phase
[117.725s][info][gc,phases      ] GC(159) Marking Phase 33.564ms
[117.725s][info][gc,phases,start] GC(159) Summary Phase
[117.725s][info][gc,phases      ] GC(159) Summary Phase 0.044ms
[117.725s][info][gc,phases,start] GC(159) Adjust Roots
[117.728s][info][gc,phases      ] GC(159) Adjust Roots 2.327ms
[117.728s][info][gc,phases,start] GC(159) Compaction Phase
[117.750s][info][gc,phases      ] GC(159) Compaction Phase 22.550ms
[117.750s][info][gc,phases,start] GC(159) Post Compact
[117.758s][info][gc,phases      ] GC(159) Post Compact 7.979ms
[117.758s][info][gc,heap        ] GC(159) PSYoungGen: 232960K(465920K)->25504K(465920K) Eden: 232960K(232960K)->25504K(232960K) From: 0K(232960K)->0K(232960K)
[117.758s][info][gc,heap        ] GC(159) ParOldGen: 1398056K(1398272K)->1394927K(1398272K)
[117.758s][info][gc,metaspace   ] GC(159) Metaspace: 115163K(128000K)->115163K(128000K) NonClass: 98444K(106304K)->98444K(106304K) Class: 16719K(21696K)->16719K(21696K)
[117.758s][info][gc             ] GC(159) Pause Full (Ergonomics) 1592M->1387M(1820M) 66.736ms
[117.759s][info][gc,cpu         ] GC(159) User=1.06s Sys=0.00s Real=0.06s
[117.790s][info][gc,start       ] GC(160) Pause Full (Ergonomics)
[117.790s][info][gc,phases,start] GC(160) Marking Phase
[117.825s][info][gc,phases      ] GC(160) Marking Phase 34.496ms
[117.825s][info][gc,phases,start] GC(160) Summary Phase
[117.825s][info][gc,phases      ] GC(160) Summary Phase 0.046ms
[117.825s][info][gc,phases,start] GC(160) Adjust Roots
[117.827s][info][gc,phases      ] GC(160) Adjust Roots 2.242ms
[117.827s][info][gc,phases,start] GC(160) Compaction Phase
[117.943s][info][gc,phases      ] GC(160) Compaction Phase 116.189ms
[117.943s][info][gc,phases,start] GC(160) Post Compact
[117.951s][info][gc,phases      ] GC(160) Post Compact 7.952ms
[117.951s][info][gc,heap        ] GC(160) PSYoungGen: 232960K(465920K)->37994K(465920K) Eden: 232960K(232960K)->37994K(232960K) From: 0K(232960K)->0K(232960K)
[117.951s][info][gc,heap        ] GC(160) ParOldGen: 1394927K(1398272K)->1394717K(1398272K)
[117.951s][info][gc,metaspace   ] GC(160) Metaspace: 115166K(128000K)->115166K(128000K) NonClass: 98446K(106304K)->98446K(106304K) Class: 16720K(21696K)->16720K(21696K)
[117.951s][info][gc             ] GC(160) Pause Full (Ergonomics) 1589M->1399M(1820M) 161.222ms
[117.951s][info][gc,cpu         ] GC(160) User=4.63s Sys=0.00s Real=0.16s
[117.984s][info][gc,start       ] GC(161) Pause Full (Ergonomics)
[117.984s][info][gc,phases,start] GC(161) Marking Phase
[118.022s][info][gc,phases      ] GC(161) Marking Phase 38.497ms
[118.023s][info][gc,phases,start] GC(161) Summary Phase
[118.023s][info][gc,phases      ] GC(161) Summary Phase 0.046ms
[118.023s][info][gc,phases,start] GC(161) Adjust Roots
[118.027s][info][gc,phases      ] GC(161) Adjust Roots 4.196ms
[118.027s][info][gc,phases,start] GC(161) Compaction Phase
[118.142s][info][gc,phases      ] GC(161) Compaction Phase 114.767ms
[118.142s][info][gc,phases,start] GC(161) Post Compact
[118.150s][info][gc,phases      ] GC(161) Post Compact 7.904ms
[118.150s][info][gc,heap        ] GC(161) PSYoungGen: 232960K(465920K)->39305K(465920K) Eden: 232960K(232960K)->39305K(232960K) From: 0K(232960K)->0K(232960K)
[118.150s][info][gc,heap        ] GC(161) ParOldGen: 1394717K(1398272K)->1397843K(1398272K)
[118.150s][info][gc,metaspace   ] GC(161) Metaspace: 115168K(128000K)->115168K(128000K) NonClass: 98447K(106304K)->98447K(106304K) Class: 16721K(21696K)->16721K(21696K)
[118.150s][info][gc             ] GC(161) Pause Full (Ergonomics) 1589M->1403M(1820M) 165.729ms
[118.150s][info][gc,cpu         ] GC(161) User=5.14s Sys=0.00s Real=0.15s
[118.181s][info][gc,start       ] GC(162) Pause Full (Ergonomics)
[118.181s][info][gc,phases,start] GC(162) Marking Phase
[118.216s][info][gc,phases      ] GC(162) Marking Phase 34.135ms
[118.216s][info][gc,phases,start] GC(162) Summary Phase
[118.216s][info][gc,phases      ] GC(162) Summary Phase 0.046ms
[118.216s][info][gc,phases,start] GC(162) Adjust Roots
[118.218s][info][gc,phases      ] GC(162) Adjust Roots 2.331ms
[118.218s][info][gc,phases,start] GC(162) Compaction Phase
[118.241s][info][gc,phases      ] GC(162) Compaction Phase 23.020ms
[118.241s][info][gc,phases,start] GC(162) Post Compact
[118.249s][info][gc,phases      ] GC(162) Post Compact 8.018ms
[118.249s][info][gc,heap        ] GC(162) PSYoungGen: 232960K(465920K)->70377K(465920K) Eden: 232960K(232960K)->70377K(232960K) From: 0K(232960K)->0K(232960K)
[118.249s][info][gc,heap        ] GC(162) ParOldGen: 1397843K(1398272K)->1397844K(1398272K)
[118.249s][info][gc,metaspace   ] GC(162) Metaspace: 115169K(128000K)->115169K(128000K) NonClass: 98447K(106304K)->98447K(106304K) Class: 16721K(21696K)->16721K(21696K)
[118.249s][info][gc             ] GC(162) Pause Full (Ergonomics) 1592M->1433M(1820M) 67.861ms
[118.249s][info][gc,cpu         ] GC(162) User=1.05s Sys=0.02s Real=0.06s
[118.267s][info][gc,start       ] GC(163) Pause Full (Ergonomics)
[118.267s][info][gc,phases,start] GC(163) Marking Phase
[118.302s][info][gc,phases      ] GC(163) Marking Phase 34.496ms
[118.302s][info][gc,phases,start] GC(163) Summary Phase
[118.302s][info][gc,phases      ] GC(163) Summary Phase 0.047ms
[118.302s][info][gc,phases,start] GC(163) Adjust Roots
[118.305s][info][gc,phases      ] GC(163) Adjust Roots 2.945ms
[118.305s][info][gc,phases,start] GC(163) Compaction Phase
[118.421s][info][gc,phases      ] GC(163) Compaction Phase 116.096ms
[118.421s][info][gc,phases,start] GC(163) Post Compact
[118.429s][info][gc,phases      ] GC(163) Post Compact 7.943ms
[118.429s][info][gc,heap        ] GC(163) PSYoungGen: 232960K(465920K)->91554K(465920K) Eden: 232960K(232960K)->91554K(232960K) From: 0K(232960K)->0K(232960K)
[118.429s][info][gc,heap        ] GC(163) ParOldGen: 1397844K(1398272K)->1394734K(1398272K)
[118.429s][info][gc,metaspace   ] GC(163) Metaspace: 115171K(128000K)->115171K(128000K) NonClass: 98450K(106304K)->98450K(106304K) Class: 16721K(21696K)->16721K(21696K)
[118.429s][info][gc             ] GC(163) Pause Full (Ergonomics) 1592M->1451M(1820M) 161.854ms
[118.429s][info][gc,cpu         ] GC(163) User=4.16s Sys=0.00s Real=0.16s
[118.534s][info][gc,start       ] GC(164) Pause Full (Ergonomics)
[118.534s][info][gc,phases,start] GC(164) Marking Phase
[118.564s][info][gc,phases      ] GC(164) Marking Phase 30.063ms
[118.564s][info][gc,phases,start] GC(164) Summary Phase
[118.564s][info][gc,phases      ] GC(164) Summary Phase 0.050ms
[118.564s][info][gc,phases,start] GC(164) Adjust Roots
[118.570s][info][gc,phases      ] GC(164) Adjust Roots 5.614ms
[118.570s][info][gc,phases,start] GC(164) Compaction Phase
[118.697s][info][gc,phases      ] GC(164) Compaction Phase 126.590ms
[118.697s][info][gc,phases,start] GC(164) Post Compact
[118.705s][info][gc,phases      ] GC(164) Post Compact 8.008ms
[118.705s][info][gc,heap        ] GC(164) PSYoungGen: 230286K(465920K)->70787K(465920K) Eden: 230286K(232960K)->70787K(232960K) From: 0K(232960K)->0K(232960K)
[118.705s][info][gc,heap        ] GC(164) ParOldGen: 1394734K(1398272K)->1397811K(1398272K)
[118.705s][info][gc,metaspace   ] GC(164) Metaspace: 115623K(128000K)->115623K(128000K) NonClass: 98805K(106304K)->98805K(106304K) Class: 16817K(21696K)->16817K(21696K)
[118.705s][info][gc             ] GC(164) Pause Full (Ergonomics) 1586M->1434M(1820M) 170.651ms
[118.705s][info][gc,cpu         ] GC(164) User=5.09s Sys=0.02s Real=0.17s
[118.738s][info][gc,start       ] GC(165) Pause Full (Ergonomics)
[118.738s][info][gc,phases,start] GC(165) Marking Phase
[118.770s][info][gc,phases      ] GC(165) Marking Phase 32.624ms
[118.770s][info][gc,phases,start] GC(165) Summary Phase
[118.771s][info][gc,phases      ] GC(165) Summary Phase 0.047ms
[118.771s][info][gc,phases,start] GC(165) Adjust Roots
[118.773s][info][gc,phases      ] GC(165) Adjust Roots 2.662ms
[118.773s][info][gc,phases,start] GC(165) Compaction Phase
[118.892s][info][gc,phases      ] GC(165) Compaction Phase 118.757ms
[118.892s][info][gc,phases,start] GC(165) Post Compact
[118.900s][info][gc,phases      ] GC(165) Post Compact 7.926ms
[118.900s][info][gc,heap        ] GC(165) PSYoungGen: 232960K(465920K)->82199K(465920K) Eden: 232960K(232960K)->82199K(232960K) From: 0K(232960K)->0K(232960K)
[118.900s][info][gc,heap        ] GC(165) ParOldGen: 1397811K(1398272K)->1394249K(1398272K)
[118.900s][info][gc,metaspace   ] GC(165) Metaspace: 115627K(128000K)->115627K(128000K) NonClass: 98808K(106304K)->98808K(106304K) Class: 16818K(21696K)->16818K(21696K)
[118.900s][info][gc             ] GC(165) Pause Full (Ergonomics) 1592M->1441M(1820M) 162.334ms
[118.900s][info][gc,cpu         ] GC(165) User=4.48s Sys=0.06s Real=0.16s
[119.065s][info][gc,start       ] GC(166) Pause Full (Ergonomics)
[119.065s][info][gc,phases,start] GC(166) Marking Phase
[119.099s][info][gc,phases      ] GC(166) Marking Phase 33.725ms
[119.099s][info][gc,phases,start] GC(166) Summary Phase
[119.099s][info][gc,phases      ] GC(166) Summary Phase 0.046ms
[119.099s][info][gc,phases,start] GC(166) Adjust Roots
[119.103s][info][gc,phases      ] GC(166) Adjust Roots 3.638ms
[119.103s][info][gc,phases,start] GC(166) Compaction Phase
[119.220s][info][gc,phases      ] GC(166) Compaction Phase 116.685ms
[119.220s][info][gc,phases,start] GC(166) Post Compact
[119.228s][info][gc,phases      ] GC(166) Post Compact 7.897ms
[119.228s][info][gc,heap        ] GC(166) PSYoungGen: 232960K(465920K)->89901K(465920K) Eden: 232960K(232960K)->89901K(232960K) From: 0K(232960K)->0K(232960K)
[119.228s][info][gc,heap        ] GC(166) ParOldGen: 1394249K(1398272K)->1393821K(1398272K)
[119.228s][info][gc,metaspace   ] GC(166) Metaspace: 115930K(128000K)->115930K(128000K) NonClass: 99011K(106304K)->99011K(106304K) Class: 16919K(21696K)->16919K(21696K)
[119.228s][info][gc             ] GC(166) Pause Full (Ergonomics) 1589M->1448M(1820M) 162.308ms
[119.228s][info][gc,cpu         ] GC(166) User=4.05s Sys=0.02s Real=0.16s
[119.305s][info][gc,start       ] GC(167) Pause Full (Ergonomics)
[119.306s][info][gc,phases,start] GC(167) Marking Phase
[119.335s][info][gc,phases      ] GC(167) Marking Phase 29.649ms
[119.335s][info][gc,phases,start] GC(167) Summary Phase
[119.335s][info][gc,phases      ] GC(167) Summary Phase 0.048ms
[119.335s][info][gc,phases,start] GC(167) Adjust Roots
[119.339s][info][gc,phases      ] GC(167) Adjust Roots 4.084ms
[119.339s][info][gc,phases,start] GC(167) Compaction Phase
[119.463s][info][gc,phases      ] GC(167) Compaction Phase 123.927ms
[119.463s][info][gc,phases,start] GC(167) Post Compact
[119.472s][info][gc,phases      ] GC(167) Post Compact 8.340ms
[119.472s][info][gc,heap        ] GC(167) PSYoungGen: 232960K(465920K)->78548K(465920K) Eden: 232960K(232960K)->78548K(232960K) From: 0K(232960K)->0K(232960K)
[119.472s][info][gc,heap        ] GC(167) ParOldGen: 1393821K(1398272K)->1394026K(1398272K)
[119.472s][info][gc,metaspace   ] GC(167) Metaspace: 116267K(128000K)->116267K(128000K) NonClass: 99257K(106304K)->99257K(106304K) Class: 17009K(21696K)->17009K(21696K)
[119.472s][info][gc             ] GC(167) Pause Full (Ergonomics) 1588M->1438M(1820M) 166.435ms
[119.472s][info][gc,cpu         ] GC(167) User=4.89s Sys=0.02s Real=0.16s
[119.489s][info][gc,start       ] GC(168) Pause Full (Ergonomics)
[119.489s][info][gc,phases,start] GC(168) Marking Phase
[119.518s][info][gc,phases      ] GC(168) Marking Phase 28.633ms
[119.518s][info][gc,phases,start] GC(168) Summary Phase
[119.518s][info][gc,phases      ] GC(168) Summary Phase 0.049ms
[119.518s][info][gc,phases,start] GC(168) Adjust Roots
[119.521s][info][gc,phases      ] GC(168) Adjust Roots 3.027ms
[119.521s][info][gc,phases,start] GC(168) Compaction Phase
[119.640s][info][gc,phases      ] GC(168) Compaction Phase 118.931ms
[119.640s][info][gc,phases,start] GC(168) Post Compact
[119.648s][info][gc,phases      ] GC(168) Post Compact 7.944ms
[119.648s][info][gc,heap        ] GC(168) PSYoungGen: 232960K(465920K)->94620K(465920K) Eden: 232960K(232960K)->94620K(232960K) From: 0K(232960K)->0K(232960K)
[119.648s][info][gc,heap        ] GC(168) ParOldGen: 1394026K(1398272K)->1393814K(1398272K)
[119.648s][info][gc,metaspace   ] GC(168) Metaspace: 116358K(128000K)->116358K(128000K) NonClass: 99320K(106304K)->99320K(106304K) Class: 17037K(21696K)->17037K(21696K)
[119.648s][info][gc             ] GC(168) Pause Full (Ergonomics) 1588M->1453M(1820M) 158.883ms
[119.648s][info][gc,cpu         ] GC(168) User=3.94s Sys=0.03s Real=0.16s
[119.660s][info][gc,start       ] GC(169) Pause Full (Ergonomics)
[119.660s][info][gc,phases,start] GC(169) Marking Phase
[119.688s][info][gc,phases      ] GC(169) Marking Phase 27.617ms
[119.688s][info][gc,phases,start] GC(169) Summary Phase
[119.688s][info][gc,phases      ] GC(169) Summary Phase 0.047ms
[119.688s][info][gc,phases,start] GC(169) Adjust Roots
[119.691s][info][gc,phases      ] GC(169) Adjust Roots 3.026ms
[119.691s][info][gc,phases,start] GC(169) Compaction Phase
[119.810s][info][gc,phases      ] GC(169) Compaction Phase 118.872ms
[119.810s][info][gc,phases,start] GC(169) Post Compact
[119.818s][info][gc,phases      ] GC(169) Post Compact 7.911ms
[119.818s][info][gc,heap        ] GC(169) PSYoungGen: 232960K(465920K)->102041K(465920K) Eden: 232960K(232960K)->102041K(232960K) From: 0K(232960K)->0K(232960K)
[119.818s][info][gc,heap        ] GC(169) ParOldGen: 1393814K(1398272K)->1393597K(1398272K)
[119.818s][info][gc,metaspace   ] GC(169) Metaspace: 116365K(128000K)->116365K(128000K) NonClass: 99325K(106304K)->99325K(106304K) Class: 17040K(21696K)->17040K(21696K)
[119.818s][info][gc             ] GC(169) Pause Full (Ergonomics) 1588M->1460M(1820M) 157.752ms
[119.818s][info][gc,cpu         ] GC(169) User=4.08s Sys=0.00s Real=0.16s
[119.866s][info][gc,start       ] GC(170) Pause Full (Ergonomics)
[119.866s][info][gc,phases,start] GC(170) Marking Phase
[119.907s][info][gc,phases      ] GC(170) Marking Phase 41.269ms
[119.907s][info][gc,phases,start] GC(170) Summary Phase
[119.908s][info][gc,phases      ] GC(170) Summary Phase 0.048ms
[119.908s][info][gc,phases,start] GC(170) Adjust Roots
[119.915s][info][gc,phases      ] GC(170) Adjust Roots 7.387ms
[119.915s][info][gc,phases,start] GC(170) Compaction Phase
[120.033s][info][gc,phases      ] GC(170) Compaction Phase 118.477ms
[120.033s][info][gc,phases,start] GC(170) Post Compact
[120.042s][info][gc,phases      ] GC(170) Post Compact 8.105ms
[120.042s][info][gc,heap        ] GC(170) PSYoungGen: 232960K(465920K)->102524K(465920K) Eden: 232960K(232960K)->102524K(232960K) From: 0K(232960K)->0K(232960K)
[120.042s][info][gc,heap        ] GC(170) ParOldGen: 1393597K(1398272K)->1396901K(1398272K)
[120.042s][info][gc,metaspace   ] GC(170) Metaspace: 116727K(128064K)->116658K(128064K) NonClass: 99587K(106368K)->99539K(106368K) Class: 17139K(21696K)->17119K(21696K)
[120.042s][info][gc             ] GC(170) Pause Full (Ergonomics) 1588M->1464M(1820M) 175.619ms
[120.042s][info][gc,cpu         ] GC(170) User=4.91s Sys=0.00s Real=0.17s
[120.060s][info][gc,start       ] GC(171) Pause Full (Ergonomics)
[120.060s][info][gc,phases,start] GC(171) Marking Phase
[120.101s][info][gc,phases      ] GC(171) Marking Phase 41.249ms
[120.102s][info][gc,phases,start] GC(171) Summary Phase
[120.102s][info][gc,phases      ] GC(171) Summary Phase 0.052ms
[120.102s][info][gc,phases,start] GC(171) Adjust Roots
[120.107s][info][gc,phases      ] GC(171) Adjust Roots 5.515ms
[120.107s][info][gc,phases,start] GC(171) Compaction Phase
[120.261s][info][gc,phases      ] GC(171) Compaction Phase 153.932ms
[120.261s][info][gc,phases,start] GC(171) Post Compact
[120.269s][info][gc,phases      ] GC(171) Post Compact 8.063ms
[120.269s][info][gc,heap        ] GC(171) PSYoungGen: 232960K(465920K)->142669K(465920K) Eden: 232960K(232960K)->142669K(232960K) From: 0K(232960K)->0K(232960K)
[120.269s][info][gc,heap        ] GC(171) ParOldGen: 1396901K(1398272K)->1397479K(1398272K)
[120.269s][info][gc,metaspace   ] GC(171) Metaspace: 116663K(128064K)->116646K(128064K) NonClass: 99543K(106368K)->99532K(106368K) Class: 17119K(21696K)->17113K(21696K)
[120.269s][info][gc             ] GC(171) Pause Full (Ergonomics) 1591M->1504M(1820M) 209.152ms
[120.269s][info][gc,cpu         ] GC(171) User=5.06s Sys=0.00s Real=0.20s
[120.295s][info][gc,start       ] GC(172) Pause Full (Ergonomics)
[120.295s][info][gc,phases,start] GC(172) Marking Phase
[120.335s][info][gc,phases      ] GC(172) Marking Phase 40.878ms
[120.336s][info][gc,phases,start] GC(172) Summary Phase
[120.336s][info][gc,phases      ] GC(172) Summary Phase 0.051ms
[120.336s][info][gc,phases,start] GC(172) Adjust Roots
[120.340s][info][gc,phases      ] GC(172) Adjust Roots 4.081ms
[120.340s][info][gc,phases,start] GC(172) Compaction Phase
[120.499s][info][gc,phases      ] GC(172) Compaction Phase 159.813ms
[120.500s][info][gc,phases,start] GC(172) Post Compact
[120.507s][info][gc,phases      ] GC(172) Post Compact 7.935ms
[120.508s][info][gc,heap        ] GC(172) PSYoungGen: 230903K(465920K)->151343K(465920K) Eden: 230903K(232960K)->151343K(232960K) From: 0K(232960K)->0K(232960K)
[120.508s][info][gc,heap        ] GC(172) ParOldGen: 1397479K(1398272K)->1395684K(1398272K)
[120.508s][info][gc,metaspace   ] GC(172) Metaspace: 116646K(128064K)->116646K(128064K) NonClass: 99532K(106368K)->99532K(106368K) Class: 17113K(21696K)->17113K(21696K)
[120.508s][info][gc             ] GC(172) Pause Full (Ergonomics) 1590M->1510M(1820M) 213.056ms
[120.508s][info][gc,cpu         ] GC(172) User=6.03s Sys=0.03s Real=0.20s
[120.522s][info][gc,start       ] GC(173) Pause Full (Ergonomics)
[120.522s][info][gc,phases,start] GC(173) Marking Phase
[120.557s][info][gc,phases      ] GC(173) Marking Phase 34.828ms
[120.557s][info][gc,phases,start] GC(173) Summary Phase
[120.557s][info][gc,phases      ] GC(173) Summary Phase 0.045ms
[120.557s][info][gc,phases,start] GC(173) Adjust Roots
[120.562s][info][gc,phases      ] GC(173) Adjust Roots 4.727ms
[120.562s][info][gc,phases,start] GC(173) Compaction Phase
[120.683s][info][gc,phases      ] GC(173) Compaction Phase 121.188ms
[120.683s][info][gc,phases,start] GC(173) Post Compact
[120.691s][info][gc,phases      ] GC(173) Post Compact 7.939ms
[120.691s][info][gc,heap        ] GC(173) PSYoungGen: 232960K(465920K)->120558K(465920K) Eden: 232960K(232960K)->120558K(232960K) From: 0K(232960K)->0K(232960K)
[120.691s][info][gc,heap        ] GC(173) ParOldGen: 1395684K(1398272K)->1393227K(1398272K)
[120.691s][info][gc,metaspace   ] GC(173) Metaspace: 116646K(128064K)->116646K(128064K) NonClass: 99532K(106368K)->99532K(106368K) Class: 17113K(21696K)->17113K(21696K)
[120.691s][info][gc             ] GC(173) Pause Full (Ergonomics) 1590M->1478M(1820M) 169.040ms
[120.691s][info][gc,cpu         ] GC(173) User=5.08s Sys=0.00s Real=0.16s
[120.706s][info][gc,start       ] GC(174) Pause Full (Ergonomics)
[120.706s][info][gc,phases,start] GC(174) Marking Phase
[120.740s][info][gc,phases      ] GC(174) Marking Phase 34.528ms
[120.740s][info][gc,phases,start] GC(174) Summary Phase
[120.740s][info][gc,phases      ] GC(174) Summary Phase 0.052ms
[120.740s][info][gc,phases,start] GC(174) Adjust Roots
[120.745s][info][gc,phases      ] GC(174) Adjust Roots 4.112ms
[120.745s][info][gc,phases,start] GC(174) Compaction Phase
[120.897s][info][gc,phases      ] GC(174) Compaction Phase 152.225ms
[120.897s][info][gc,phases,start] GC(174) Post Compact
[120.905s][info][gc,phases      ] GC(174) Post Compact 7.956ms
[120.905s][info][gc,heap        ] GC(174) PSYoungGen: 231685K(465920K)->41725K(465920K) Eden: 231685K(232960K)->41725K(232960K) From: 0K(232960K)->0K(232960K)
[120.905s][info][gc,heap        ] GC(174) ParOldGen: 1393227K(1398272K)->1397203K(1398272K)
[120.905s][info][gc,metaspace   ] GC(174) Metaspace: 116650K(128064K)->116650K(128064K) NonClass: 99536K(106368K)->99536K(106368K) Class: 17113K(21696K)->17113K(21696K)
[120.905s][info][gc             ] GC(174) Pause Full (Ergonomics) 1586M->1405M(1820M) 199.179ms
[120.905s][info][gc,cpu         ] GC(174) User=5.38s Sys=0.00s Real=0.20s
[120.985s][info][gc,start       ] GC(175) Pause Full (Ergonomics)
[120.985s][info][gc,phases,start] GC(175) Marking Phase
[121.020s][info][gc,phases      ] GC(175) Marking Phase 34.177ms
[121.020s][info][gc,phases,start] GC(175) Summary Phase
[121.020s][info][gc,phases      ] GC(175) Summary Phase 0.048ms
[121.020s][info][gc,phases,start] GC(175) Adjust Roots
[121.024s][info][gc,phases      ] GC(175) Adjust Roots 4.091ms
[121.024s][info][gc,phases,start] GC(175) Compaction Phase
[121.178s][info][gc,phases      ] GC(175) Compaction Phase 154.418ms
[121.182s][info][gc,phases,start] GC(175) Post Compact
[121.190s][info][gc,phases      ] GC(175) Post Compact 7.995ms
[121.190s][info][gc,heap        ] GC(175) PSYoungGen: 232960K(465920K)->8189K(465920K) Eden: 232960K(232960K)->8189K(232960K) From: 0K(232960K)->0K(232960K)
[121.190s][info][gc,heap        ] GC(175) ParOldGen: 1397203K(1398272K)->1396493K(1398272K)
[121.190s][info][gc,metaspace   ] GC(175) Metaspace: 116978K(128064K)->116978K(128064K) NonClass: 99829K(106368K)->99829K(106368K) Class: 17149K(21696K)->17149K(21696K)
[121.190s][info][gc             ] GC(175) Pause Full (Ergonomics) 1591M->1371M(1820M) 204.387ms
[121.190s][info][gc,cpu         ] GC(175) User=5.66s Sys=0.02s Real=0.21s
[121.351s][info][gc,start       ] GC(176) Pause Full (Ergonomics)
[121.351s][info][gc,phases,start] GC(176) Marking Phase
[121.387s][info][gc,phases      ] GC(176) Marking Phase 35.994ms
[121.387s][info][gc,phases,start] GC(176) Summary Phase
[121.387s][info][gc,phases      ] GC(176) Summary Phase 0.044ms
[121.387s][info][gc,phases,start] GC(176) Adjust Roots
[121.392s][info][gc,phases      ] GC(176) Adjust Roots 4.801ms
[121.392s][info][gc,phases,start] GC(176) Compaction Phase
[121.409s][info][gc,phases      ] GC(176) Compaction Phase 16.863ms
[121.409s][info][gc,phases,start] GC(176) Post Compact
[121.417s][info][gc,phases      ] GC(176) Post Compact 8.228ms
[121.417s][info][gc,heap        ] GC(176) PSYoungGen: 232960K(465920K)->8636K(465920K) Eden: 232960K(232960K)->8636K(232960K) From: 0K(232960K)->0K(232960K)
[121.417s][info][gc,heap        ] GC(176) ParOldGen: 1396493K(1398272K)->1396457K(1398272K)
[121.417s][info][gc,metaspace   ] GC(176) Metaspace: 117000K(128064K)->117000K(128064K) NonClass: 99851K(106368K)->99851K(106368K) Class: 17149K(21696K)->17149K(21696K)
[121.417s][info][gc             ] GC(176) Pause Full (Ergonomics) 1591M->1372M(1820M) 66.312ms
[121.417s][info][gc,cpu         ] GC(176) User=1.58s Sys=0.03s Real=0.06s
[121.452s][info][gc,start       ] GC(177) Pause Full (Ergonomics)
[121.452s][info][gc,phases,start] GC(177) Marking Phase
[121.487s][info][gc,phases      ] GC(177) Marking Phase 34.747ms
[121.487s][info][gc,phases,start] GC(177) Summary Phase
[121.487s][info][gc,phases      ] GC(177) Summary Phase 0.053ms
[121.487s][info][gc,phases,start] GC(177) Adjust Roots
[121.491s][info][gc,phases      ] GC(177) Adjust Roots 4.435ms
[121.491s][info][gc,phases,start] GC(177) Compaction Phase
[121.503s][info][gc,phases      ] GC(177) Compaction Phase 11.946ms
[121.503s][info][gc,phases,start] GC(177) Post Compact
[121.512s][info][gc,phases      ] GC(177) Post Compact 8.675ms
[121.512s][info][gc,heap        ] GC(177) PSYoungGen: 232960K(465920K)->8644K(465920K) Eden: 232960K(232960K)->8644K(232960K) From: 0K(232960K)->0K(232960K)
[121.512s][info][gc,heap        ] GC(177) ParOldGen: 1396457K(1398272K)->1396457K(1398272K)
[121.512s][info][gc,metaspace   ] GC(177) Metaspace: 117000K(128064K)->117000K(128064K) NonClass: 99851K(106368K)->99851K(106368K) Class: 17149K(21696K)->17149K(21696K)
[121.512s][info][gc             ] GC(177) Pause Full (Ergonomics) 1591M->1372M(1820M) 60.196ms
[121.512s][info][gc,cpu         ] GC(177) User=1.05s Sys=0.02s Real=0.06s
[121.543s][info][gc,start       ] GC(178) Pause Full (Ergonomics)
[121.543s][info][gc,phases,start] GC(178) Marking Phase
[121.577s][info][gc,phases      ] GC(178) Marking Phase 33.781ms
[121.577s][info][gc,phases,start] GC(178) Summary Phase
[121.577s][info][gc,phases      ] GC(178) Summary Phase 0.042ms
[121.577s][info][gc,phases,start] GC(178) Adjust Roots
[121.581s][info][gc,phases      ] GC(178) Adjust Roots 4.269ms
[121.581s][info][gc,phases,start] GC(178) Compaction Phase
[121.593s][info][gc,phases      ] GC(178) Compaction Phase 11.252ms
[121.593s][info][gc,phases,start] GC(178) Post Compact
[121.601s][info][gc,phases      ] GC(178) Post Compact 8.373ms
[121.601s][info][gc,heap        ] GC(178) PSYoungGen: 232960K(465920K)->8641K(465920K) Eden: 232960K(232960K)->8641K(232960K) From: 0K(232960K)->0K(232960K)
[121.601s][info][gc,heap        ] GC(178) ParOldGen: 1396457K(1398272K)->1396457K(1398272K)
[121.601s][info][gc,metaspace   ] GC(178) Metaspace: 117000K(128064K)->117000K(128064K) NonClass: 99851K(106368K)->99851K(106368K) Class: 17149K(21696K)->17149K(21696K)
[121.601s][info][gc             ] GC(178) Pause Full (Ergonomics) 1591M->1372M(1820M) 58.002ms
[121.601s][info][gc,cpu         ] GC(178) User=0.94s Sys=0.00s Real=0.06s
[121.628s][info][gc,start       ] GC(179) Pause Full (Ergonomics)
[121.628s][info][gc,phases,start] GC(179) Marking Phase
[121.662s][info][gc,phases      ] GC(179) Marking Phase 33.944ms
[121.662s][info][gc,phases,start] GC(179) Summary Phase
[121.662s][info][gc,phases      ] GC(179) Summary Phase 0.042ms
[121.662s][info][gc,phases,start] GC(179) Adjust Roots
[121.666s][info][gc,phases      ] GC(179) Adjust Roots 3.877ms
[121.666s][info][gc,phases,start] GC(179) Compaction Phase
[121.678s][info][gc,phases      ] GC(179) Compaction Phase 11.463ms
[121.678s][info][gc,phases,start] GC(179) Post Compact
[121.687s][info][gc,phases      ] GC(179) Post Compact 9.008ms
[121.687s][info][gc,heap        ] GC(179) PSYoungGen: 232960K(465920K)->8670K(465920K) Eden: 232960K(232960K)->8670K(232960K) From: 0K(232960K)->0K(232960K)
[121.687s][info][gc,heap        ] GC(179) ParOldGen: 1396457K(1398272K)->1396457K(1398272K)
[121.687s][info][gc,metaspace   ] GC(179) Metaspace: 117000K(128064K)->117000K(128064K) NonClass: 99851K(106368K)->99851K(106368K) Class: 17149K(21696K)->17149K(21696K)
[121.687s][info][gc             ] GC(179) Pause Full (Ergonomics) 1591M->1372M(1820M) 58.737ms
[121.687s][info][gc,cpu         ] GC(179) User=1.02s Sys=0.00s Real=0.06s
[121.713s][info][gc,start       ] GC(180) Pause Full (Ergonomics)
[121.714s][info][gc,phases,start] GC(180) Marking Phase
[121.742s][info][gc,phases      ] GC(180) Marking Phase 28.172ms
[121.742s][info][gc,phases,start] GC(180) Summary Phase
[121.742s][info][gc,phases      ] GC(180) Summary Phase 0.042ms
[121.742s][info][gc,phases,start] GC(180) Adjust Roots
[121.745s][info][gc,phases      ] GC(180) Adjust Roots 3.661ms
[121.746s][info][gc,phases,start] GC(180) Compaction Phase
[121.758s][info][gc,phases      ] GC(180) Compaction Phase 12.294ms
[121.758s][info][gc,phases,start] GC(180) Post Compact
[121.766s][info][gc,phases      ] GC(180) Post Compact 8.376ms
[121.766s][info][gc,heap        ] GC(180) PSYoungGen: 232960K(465920K)->8638K(465920K) Eden: 232960K(232960K)->8638K(232960K) From: 0K(232960K)->0K(232960K)
[121.766s][info][gc,heap        ] GC(180) ParOldGen: 1396457K(1398272K)->1396457K(1398272K)
[121.766s][info][gc,metaspace   ] GC(180) Metaspace: 117000K(128064K)->117000K(128064K) NonClass: 99851K(106368K)->99851K(106368K) Class: 17149K(21696K)->17149K(21696K)
[121.766s][info][gc             ] GC(180) Pause Full (Ergonomics) 1591M->1372M(1820M) 52.854ms
[121.766s][info][gc,cpu         ] GC(180) User=0.55s Sys=0.00s Real=0.04s
[121.792s][info][gc,start       ] GC(181) Pause Full (Ergonomics)
[121.792s][info][gc,phases,start] GC(181) Marking Phase
[121.826s][info][gc,phases      ] GC(181) Marking Phase 33.713ms
[121.826s][info][gc,phases,start] GC(181) Summary Phase
[121.826s][info][gc,phases      ] GC(181) Summary Phase 0.041ms
[121.826s][info][gc,phases,start] GC(181) Adjust Roots
[121.830s][info][gc,phases      ] GC(181) Adjust Roots 4.050ms
[121.830s][info][gc,phases,start] GC(181) Compaction Phase
[121.844s][info][gc,phases      ] GC(181) Compaction Phase 13.268ms
[121.844s][info][gc,phases,start] GC(181) Post Compact
[121.852s][info][gc,phases      ] GC(181) Post Compact 8.822ms
[121.853s][info][gc,heap        ] GC(181) PSYoungGen: 232960K(465920K)->8646K(465920K) Eden: 232960K(232960K)->8646K(232960K) From: 0K(232960K)->0K(232960K)
[121.853s][info][gc,heap        ] GC(181) ParOldGen: 1396457K(1398272K)->1396457K(1398272K)
[121.853s][info][gc,metaspace   ] GC(181) Metaspace: 117000K(128064K)->117000K(128064K) NonClass: 99851K(106368K)->99851K(106368K) Class: 17149K(21696K)->17149K(21696K)
[121.853s][info][gc             ] GC(181) Pause Full (Ergonomics) 1591M->1372M(1820M) 60.237ms
[121.853s][info][gc,cpu         ] GC(181) User=0.61s Sys=0.00s Real=0.06s
[121.876s][info][gc,start       ] GC(182) Pause Full (Ergonomics)
[121.877s][info][gc,phases,start] GC(182) Marking Phase
[121.910s][info][gc,phases      ] GC(182) Marking Phase 33.878ms
[121.910s][info][gc,phases,start] GC(182) Summary Phase
[121.911s][info][gc,phases      ] GC(182) Summary Phase 0.041ms
[121.911s][info][gc,phases,start] GC(182) Adjust Roots
[121.915s][info][gc,phases      ] GC(182) Adjust Roots 4.254ms
[121.915s][info][gc,phases,start] GC(182) Compaction Phase
[121.927s][info][gc,phases      ] GC(182) Compaction Phase 11.915ms
[121.927s][info][gc,phases,start] GC(182) Post Compact
[121.935s][info][gc,phases      ] GC(182) Post Compact 8.274ms
[121.935s][info][gc,heap        ] GC(182) PSYoungGen: 232960K(465920K)->8639K(465920K) Eden: 232960K(232960K)->8639K(232960K) From: 0K(232960K)->0K(232960K)
[121.935s][info][gc,heap        ] GC(182) ParOldGen: 1396457K(1398272K)->1396457K(1398272K)
[121.935s][info][gc,metaspace   ] GC(182) Metaspace: 117008K(128064K)->117008K(128064K) NonClass: 99859K(106368K)->99859K(106368K) Class: 17149K(21696K)->17149K(21696K)
[121.935s][info][gc             ] GC(182) Pause Full (Ergonomics) 1591M->1372M(1820M) 58.658ms
[121.935s][info][gc,cpu         ] GC(182) User=1.55s Sys=0.00s Real=0.06s
[121.958s][info][gc,start       ] GC(183) Pause Full (Ergonomics)
[121.958s][info][gc,phases,start] GC(183) Marking Phase
[121.992s][info][gc,phases      ] GC(183) Marking Phase 34.435ms
[121.992s][info][gc,phases,start] GC(183) Summary Phase
[121.992s][info][gc,phases      ] GC(183) Summary Phase 0.043ms
[121.992s][info][gc,phases,start] GC(183) Adjust Roots
[121.996s][info][gc,phases      ] GC(183) Adjust Roots 3.968ms
[121.996s][info][gc,phases,start] GC(183) Compaction Phase
[122.007s][info][gc,phases      ] GC(183) Compaction Phase 11.263ms
[122.007s][info][gc,phases,start] GC(183) Post Compact
[122.016s][info][gc,phases      ] GC(183) Post Compact 8.278ms
[122.016s][info][gc,heap        ] GC(183) PSYoungGen: 232960K(465920K)->8655K(465920K) Eden: 232960K(232960K)->8655K(232960K) From: 0K(232960K)->0K(232960K)
[122.016s][info][gc,heap        ] GC(183) ParOldGen: 1396457K(1398272K)->1396457K(1398272K)
[122.016s][info][gc,metaspace   ] GC(183) Metaspace: 117008K(128064K)->117008K(128064K) NonClass: 99859K(106368K)->99859K(106368K) Class: 17149K(21696K)->17149K(21696K)
[122.016s][info][gc             ] GC(183) Pause Full (Ergonomics) 1591M->1372M(1820M) 58.287ms
[122.016s][info][gc,cpu         ] GC(183) User=1.06s Sys=0.00s Real=0.06s
[122.038s][info][gc,start       ] GC(184) Pause Full (Ergonomics)
[122.039s][info][gc,phases,start] GC(184) Marking Phase
[122.074s][info][gc,phases      ] GC(184) Marking Phase 35.409ms
[122.074s][info][gc,phases,start] GC(184) Summary Phase
[122.074s][info][gc,phases      ] GC(184) Summary Phase 0.042ms
[122.074s][info][gc,phases,start] GC(184) Adjust Roots
[122.078s][info][gc,phases      ] GC(184) Adjust Roots 3.672ms
[122.078s][info][gc,phases,start] GC(184) Compaction Phase
[122.096s][info][gc,phases      ] GC(184) Compaction Phase 18.388ms
[122.096s][info][gc,phases,start] GC(184) Post Compact
[122.105s][info][gc,phases      ] GC(184) Post Compact 8.619ms
[122.105s][info][gc,heap        ] GC(184) PSYoungGen: 232960K(465920K)->8654K(465920K) Eden: 232960K(232960K)->8654K(232960K) From: 0K(232960K)->0K(232960K)
[122.105s][info][gc,heap        ] GC(184) ParOldGen: 1396457K(1398272K)->1396457K(1398272K)
[122.105s][info][gc,metaspace   ] GC(184) Metaspace: 117008K(128064K)->117008K(128064K) NonClass: 99859K(106368K)->99859K(106368K) Class: 17149K(21696K)->17149K(21696K)
[122.105s][info][gc             ] GC(184) Pause Full (Ergonomics) 1591M->1372M(1820M) 66.488ms
[122.105s][info][gc,cpu         ] GC(184) User=1.50s Sys=0.02s Real=0.08s
[122.128s][info][gc,start       ] GC(185) Pause Full (Ergonomics)
[122.128s][info][gc,phases,start] GC(185) Marking Phase
[122.163s][info][gc,phases      ] GC(185) Marking Phase 34.764ms
[122.163s][info][gc,phases,start] GC(185) Summary Phase
[122.163s][info][gc,phases      ] GC(185) Summary Phase 0.042ms
[122.163s][info][gc,phases,start] GC(185) Adjust Roots
[122.167s][info][gc,phases      ] GC(185) Adjust Roots 3.629ms
[122.167s][info][gc,phases,start] GC(185) Compaction Phase
[122.186s][info][gc,phases      ] GC(185) Compaction Phase 19.661ms
[122.186s][info][gc,phases,start] GC(185) Post Compact
[122.195s][info][gc,phases      ] GC(185) Post Compact 8.187ms
[122.195s][info][gc,heap        ] GC(185) PSYoungGen: 232960K(465920K)->8652K(465920K) Eden: 232960K(232960K)->8652K(232960K) From: 0K(232960K)->0K(232960K)
[122.195s][info][gc,heap        ] GC(185) ParOldGen: 1396457K(1398272K)->1396453K(1398272K)
[122.195s][info][gc,metaspace   ] GC(185) Metaspace: 117008K(128064K)->117008K(128064K) NonClass: 99859K(106368K)->99859K(106368K) Class: 17149K(21696K)->17149K(21696K)
[122.195s][info][gc             ] GC(185) Pause Full (Ergonomics) 1591M->1372M(1820M) 66.611ms
[122.195s][info][gc,cpu         ] GC(185) User=1.22s Sys=0.00s Real=0.06s
[122.218s][info][gc,start       ] GC(186) Pause Full (Ergonomics)
[122.218s][info][gc,phases,start] GC(186) Marking Phase
[122.253s][info][gc,phases      ] GC(186) Marking Phase 35.086ms
[122.253s][info][gc,phases,start] GC(186) Summary Phase
[122.253s][info][gc,phases      ] GC(186) Summary Phase 0.043ms
[122.253s][info][gc,phases,start] GC(186) Adjust Roots
[122.257s][info][gc,phases      ] GC(186) Adjust Roots 3.775ms
[122.257s][info][gc,phases,start] GC(186) Compaction Phase
[122.277s][info][gc,phases      ] GC(186) Compaction Phase 20.371ms
[122.277s][info][gc,phases,start] GC(186) Post Compact
[122.285s][info][gc,phases      ] GC(186) Post Compact 7.926ms
[122.285s][info][gc,heap        ] GC(186) PSYoungGen: 232960K(465920K)->8637K(465920K) Eden: 232960K(232960K)->8637K(232960K) From: 0K(232960K)->0K(232960K)
[122.285s][info][gc,heap        ] GC(186) ParOldGen: 1396453K(1398272K)->1396449K(1398272K)
[122.285s][info][gc,metaspace   ] GC(186) Metaspace: 117008K(128064K)->117008K(128064K) NonClass: 99859K(106368K)->99859K(106368K) Class: 17149K(21696K)->17149K(21696K)
[122.285s][info][gc             ] GC(186) Pause Full (Ergonomics) 1591M->1372M(1820M) 67.518ms
[122.285s][info][gc,cpu         ] GC(186) User=1.70s Sys=0.00s Real=0.06s
[122.308s][info][gc,start       ] GC(187) Pause Full (Ergonomics)
[122.308s][info][gc,phases,start] GC(187) Marking Phase
[122.335s][info][gc,phases      ] GC(187) Marking Phase 27.489ms
[122.335s][info][gc,phases,start] GC(187) Summary Phase
[122.336s][info][gc,phases      ] GC(187) Summary Phase 0.041ms
[122.336s][info][gc,phases,start] GC(187) Adjust Roots
[122.339s][info][gc,phases      ] GC(187) Adjust Roots 3.670ms
[122.339s][info][gc,phases,start] GC(187) Compaction Phase
[122.359s][info][gc,phases      ] GC(187) Compaction Phase 19.321ms
[122.359s][info][gc,phases,start] GC(187) Post Compact
[122.367s][info][gc,phases      ] GC(187) Post Compact 8.645ms
[122.367s][info][gc,heap        ] GC(187) PSYoungGen: 232960K(465920K)->8653K(465920K) Eden: 232960K(232960K)->8653K(232960K) From: 0K(232960K)->0K(232960K)
[122.367s][info][gc,heap        ] GC(187) ParOldGen: 1396449K(1398272K)->1396447K(1398272K)
[122.367s][info][gc,metaspace   ] GC(187) Metaspace: 117009K(128064K)->117009K(128064K) NonClass: 99859K(106368K)->99859K(106368K) Class: 17149K(21696K)->17149K(21696K)
[122.367s][info][gc             ] GC(187) Pause Full (Ergonomics) 1591M->1372M(1820M) 59.527ms
[122.367s][info][gc,cpu         ] GC(187) User=1.00s Sys=0.00s Real=0.06s
[122.390s][info][gc,start       ] GC(188) Pause Full (Ergonomics)
[122.390s][info][gc,phases,start] GC(188) Marking Phase
[122.425s][info][gc,phases      ] GC(188) Marking Phase 34.198ms
[122.425s][info][gc,phases,start] GC(188) Summary Phase
[122.425s][info][gc,phases      ] GC(188) Summary Phase 0.043ms
[122.425s][info][gc,phases,start] GC(188) Adjust Roots
[122.429s][info][gc,phases      ] GC(188) Adjust Roots 3.874ms
[122.429s][info][gc,phases,start] GC(188) Compaction Phase
[122.445s][info][gc,phases      ] GC(188) Compaction Phase 16.314ms
[122.445s][info][gc,phases,start] GC(188) Post Compact
[122.453s][info][gc,phases      ] GC(188) Post Compact 8.152ms
[122.453s][info][gc,heap        ] GC(188) PSYoungGen: 232960K(465920K)->8661K(465920K) Eden: 232960K(232960K)->8661K(232960K) From: 0K(232960K)->0K(232960K)
[122.453s][info][gc,heap        ] GC(188) ParOldGen: 1396447K(1398272K)->1396447K(1398272K)
[122.453s][info][gc,metaspace   ] GC(188) Metaspace: 117009K(128064K)->117009K(128064K) NonClass: 99859K(106368K)->99859K(106368K) Class: 17149K(21696K)->17149K(21696K)
[122.453s][info][gc             ] GC(188) Pause Full (Ergonomics) 1591M->1372M(1820M) 62.878ms
[122.453s][info][gc,cpu         ] GC(188) User=1.64s Sys=0.03s Real=0.08s
[122.480s][info][gc,start       ] GC(189) Pause Full (Ergonomics)
[122.480s][info][gc,phases,start] GC(189) Marking Phase
[122.512s][info][gc,phases      ] GC(189) Marking Phase 31.700ms
[122.512s][info][gc,phases,start] GC(189) Summary Phase
[122.512s][info][gc,phases      ] GC(189) Summary Phase 0.041ms
[122.512s][info][gc,phases,start] GC(189) Adjust Roots
[122.516s][info][gc,phases      ] GC(189) Adjust Roots 4.230ms
[122.516s][info][gc,phases,start] GC(189) Compaction Phase
[122.534s][info][gc,phases      ] GC(189) Compaction Phase 17.953ms
[122.534s][info][gc,phases,start] GC(189) Post Compact
[122.543s][info][gc,phases      ] GC(189) Post Compact 8.665ms
[122.543s][info][gc,heap        ] GC(189) PSYoungGen: 232960K(465920K)->8657K(465920K) Eden: 232960K(232960K)->8657K(232960K) From: 0K(232960K)->0K(232960K)
[122.543s][info][gc,heap        ] GC(189) ParOldGen: 1396447K(1398272K)->1396447K(1398272K)
[122.543s][info][gc,metaspace   ] GC(189) Metaspace: 117009K(128064K)->117009K(128064K) NonClass: 99859K(106368K)->99859K(106368K) Class: 17149K(21696K)->17149K(21696K)
[122.543s][info][gc             ] GC(189) Pause Full (Ergonomics) 1591M->1372M(1820M) 62.948ms
[122.543s][info][gc,cpu         ] GC(189) User=0.92s Sys=0.02s Real=0.06s
[122.564s][info][gc,start       ] GC(190) Pause Full (Ergonomics)
[122.564s][info][gc,phases,start] GC(190) Marking Phase
[122.601s][info][gc,phases      ] GC(190) Marking Phase 36.809ms
[122.601s][info][gc,phases,start] GC(190) Summary Phase
[122.601s][info][gc,phases      ] GC(190) Summary Phase 0.044ms
[122.601s][info][gc,phases,start] GC(190) Adjust Roots
[122.605s][info][gc,phases      ] GC(190) Adjust Roots 4.292ms
[122.605s][info][gc,phases,start] GC(190) Compaction Phase
[122.627s][info][gc,phases      ] GC(190) Compaction Phase 21.412ms
[122.627s][info][gc,phases,start] GC(190) Post Compact
[122.635s][info][gc,phases      ] GC(190) Post Compact 8.525ms
[122.635s][info][gc,heap        ] GC(190) PSYoungGen: 232960K(465920K)->8668K(465920K) Eden: 232960K(232960K)->8668K(232960K) From: 0K(232960K)->0K(232960K)
[122.635s][info][gc,heap        ] GC(190) ParOldGen: 1396447K(1398272K)->1396446K(1398272K)
[122.635s][info][gc,metaspace   ] GC(190) Metaspace: 117009K(128064K)->117009K(128064K) NonClass: 99859K(106368K)->99859K(106368K) Class: 17149K(21696K)->17149K(21696K)
[122.636s][info][gc             ] GC(190) Pause Full (Ergonomics) 1591M->1372M(1820M) 71.465ms
[122.636s][info][gc,cpu         ] GC(190) User=1.59s Sys=0.02s Real=0.06s
[122.654s][info][gc,start       ] GC(191) Pause Full (Ergonomics)
[122.654s][info][gc,phases,start] GC(191) Marking Phase
[122.691s][info][gc,phases      ] GC(191) Marking Phase 36.993ms
[122.691s][info][gc,phases,start] GC(191) Summary Phase
[122.691s][info][gc,phases      ] GC(191) Summary Phase 0.042ms
[122.691s][info][gc,phases,start] GC(191) Adjust Roots
[122.695s][info][gc,phases      ] GC(191) Adjust Roots 4.247ms
[122.695s][info][gc,phases,start] GC(191) Compaction Phase
[122.713s][info][gc,phases      ] GC(191) Compaction Phase 17.305ms
[122.713s][info][gc,phases,start] GC(191) Post Compact
[122.721s][info][gc,phases      ] GC(191) Post Compact 8.409ms
[122.721s][info][gc,heap        ] GC(191) PSYoungGen: 232960K(465920K)->8660K(465920K) Eden: 232960K(232960K)->8660K(232960K) From: 0K(232960K)->0K(232960K)
[122.721s][info][gc,heap        ] GC(191) ParOldGen: 1396446K(1398272K)->1396446K(1398272K)
[122.721s][info][gc,metaspace   ] GC(191) Metaspace: 117009K(128064K)->117009K(128064K) NonClass: 99859K(106368K)->99859K(106368K) Class: 17149K(21696K)->17149K(21696K)
[122.721s][info][gc             ] GC(191) Pause Full (Ergonomics) 1591M->1372M(1820M) 67.340ms
[122.721s][info][gc,cpu         ] GC(191) User=1.66s Sys=0.03s Real=0.06s
[122.739s][info][gc,start       ] GC(192) Pause Full (Ergonomics)
[122.739s][info][gc,phases,start] GC(192) Marking Phase
[122.766s][info][gc,phases      ] GC(192) Marking Phase 27.021ms
[122.766s][info][gc,phases,start] GC(192) Summary Phase
[122.766s][info][gc,phases      ] GC(192) Summary Phase 0.043ms
[122.766s][info][gc,phases,start] GC(192) Adjust Roots
[122.770s][info][gc,phases      ] GC(192) Adjust Roots 3.760ms
[122.770s][info][gc,phases,start] GC(192) Compaction Phase
[122.781s][info][gc,phases      ] GC(192) Compaction Phase 11.498ms
[122.781s][info][gc,phases,start] GC(192) Post Compact
[122.790s][info][gc,phases      ] GC(192) Post Compact 9.023ms
[122.791s][info][gc,heap        ] GC(192) PSYoungGen: 232960K(465920K)->8659K(465920K) Eden: 232960K(232960K)->8659K(232960K) From: 0K(232960K)->0K(232960K)
[122.791s][info][gc,heap        ] GC(192) ParOldGen: 1396446K(1398272K)->1396446K(1398272K)
[122.791s][info][gc,metaspace   ] GC(192) Metaspace: 117009K(128064K)->117009K(128064K) NonClass: 99859K(106368K)->99859K(106368K) Class: 17149K(21696K)->17149K(21696K)
[122.791s][info][gc             ] GC(192) Pause Full (Ergonomics) 1591M->1372M(1820M) 51.718ms
[122.791s][info][gc,cpu         ] GC(192) User=0.48s Sys=0.00s Real=0.05s
[122.808s][info][gc,start       ] GC(193) Pause Full (Ergonomics)
[122.808s][info][gc,phases,start] GC(193) Marking Phase
[122.844s][info][gc,phases      ] GC(193) Marking Phase 35.692ms
[122.844s][info][gc,phases,start] GC(193) Summary Phase
[122.844s][info][gc,phases      ] GC(193) Summary Phase 0.050ms
[122.844s][info][gc,phases,start] GC(193) Adjust Roots
[122.848s][info][gc,phases      ] GC(193) Adjust Roots 4.339ms
[122.848s][info][gc,phases,start] GC(193) Compaction Phase
[122.861s][info][gc,phases      ] GC(193) Compaction Phase 12.885ms
[122.861s][info][gc,phases,start] GC(193) Post Compact
[122.870s][info][gc,phases      ] GC(193) Post Compact 8.917ms
[122.870s][info][gc,heap        ] GC(193) PSYoungGen: 232960K(465920K)->8682K(465920K) Eden: 232960K(232960K)->8682K(232960K) From: 0K(232960K)->0K(232960K)
[122.870s][info][gc,heap        ] GC(193) ParOldGen: 1396446K(1398272K)->1396446K(1398272K)
[122.870s][info][gc,metaspace   ] GC(193) Metaspace: 117009K(128064K)->117009K(128064K) NonClass: 99859K(106368K)->99859K(106368K) Class: 17149K(21696K)->17149K(21696K)
[122.870s][info][gc             ] GC(193) Pause Full (Ergonomics) 1591M->1372M(1820M) 62.257ms
[122.870s][info][gc,cpu         ] GC(193) User=1.03s Sys=0.03s Real=0.06s
[122.889s][info][gc,start       ] GC(194) Pause Full (Ergonomics)
[122.889s][info][gc,phases,start] GC(194) Marking Phase
[122.924s][info][gc,phases      ] GC(194) Marking Phase 35.421ms
[122.924s][info][gc,phases,start] GC(194) Summary Phase
[122.925s][info][gc,phases      ] GC(194) Summary Phase 0.042ms
[122.925s][info][gc,phases,start] GC(194) Adjust Roots
[122.929s][info][gc,phases      ] GC(194) Adjust Roots 4.528ms
[122.929s][info][gc,phases,start] GC(194) Compaction Phase
[122.941s][info][gc,phases      ] GC(194) Compaction Phase 11.876ms
[122.941s][info][gc,phases,start] GC(194) Post Compact
[122.950s][info][gc,phases      ] GC(194) Post Compact 8.991ms
[122.950s][info][gc,heap        ] GC(194) PSYoungGen: 232960K(465920K)->8665K(465920K) Eden: 232960K(232960K)->8665K(232960K) From: 0K(232960K)->0K(232960K)
[122.950s][info][gc,heap        ] GC(194) ParOldGen: 1396446K(1398272K)->1396446K(1398272K)
[122.950s][info][gc,metaspace   ] GC(194) Metaspace: 117009K(128064K)->117009K(128064K) NonClass: 99859K(106368K)->99859K(106368K) Class: 17149K(21696K)->17149K(21696K)
[122.950s][info][gc             ] GC(194) Pause Full (Ergonomics) 1591M->1372M(1820M) 61.224ms
[122.950s][info][gc,cpu         ] GC(194) User=0.72s Sys=0.00s Real=0.06s
[122.967s][info][gc,start       ] GC(195) Pause Full (Ergonomics)
[122.967s][info][gc,phases,start] GC(195) Marking Phase
[123.001s][info][gc,phases      ] GC(195) Marking Phase 33.572ms
[123.001s][info][gc,phases,start] GC(195) Summary Phase
[123.001s][info][gc,phases      ] GC(195) Summary Phase 0.042ms
[123.001s][info][gc,phases,start] GC(195) Adjust Roots
[123.005s][info][gc,phases      ] GC(195) Adjust Roots 3.861ms
[123.005s][info][gc,phases,start] GC(195) Compaction Phase
[123.016s][info][gc,phases      ] GC(195) Compaction Phase 11.411ms
[123.016s][info][gc,phases,start] GC(195) Post Compact
[123.025s][info][gc,phases      ] GC(195) Post Compact 8.862ms
[123.025s][info][gc,heap        ] GC(195) PSYoungGen: 232960K(465920K)->8680K(465920K) Eden: 232960K(232960K)->8680K(232960K) From: 0K(232960K)->0K(232960K)
[123.025s][info][gc,heap        ] GC(195) ParOldGen: 1396446K(1398272K)->1396446K(1398272K)
[123.025s][info][gc,metaspace   ] GC(195) Metaspace: 117009K(128064K)->117009K(128064K) NonClass: 99859K(106368K)->99859K(106368K) Class: 17149K(21696K)->17149K(21696K)
[123.026s][info][gc             ] GC(195) Pause Full (Ergonomics) 1591M->1372M(1820M) 58.121ms
[123.026s][info][gc,cpu         ] GC(195) User=0.61s Sys=0.00s Real=0.05s
[123.045s][info][gc,start       ] GC(196) Pause Full (Ergonomics)
[123.045s][info][gc,phases,start] GC(196) Marking Phase
[123.073s][info][gc,phases      ] GC(196) Marking Phase 28.078ms
[123.073s][info][gc,phases,start] GC(196) Summary Phase
[123.073s][info][gc,phases      ] GC(196) Summary Phase 0.043ms
[123.073s][info][gc,phases,start] GC(196) Adjust Roots
[123.077s][info][gc,phases      ] GC(196) Adjust Roots 4.054ms
[123.077s][info][gc,phases,start] GC(196) Compaction Phase
[123.088s][info][gc,phases      ] GC(196) Compaction Phase 10.722ms
[123.088s][info][gc,phases,start] GC(196) Post Compact
[123.096s][info][gc,phases      ] GC(196) Post Compact 8.630ms
[123.096s][info][gc,heap        ] GC(196) PSYoungGen: 232960K(465920K)->8667K(465920K) Eden: 232960K(232960K)->8667K(232960K) From: 0K(232960K)->0K(232960K)
[123.096s][info][gc,heap        ] GC(196) ParOldGen: 1396446K(1398272K)->1396446K(1398272K)
[123.096s][info][gc,metaspace   ] GC(196) Metaspace: 117009K(128064K)->117009K(128064K) NonClass: 99859K(106368K)->99859K(106368K) Class: 17149K(21696K)->17149K(21696K)
[123.096s][info][gc             ] GC(196) Pause Full (Ergonomics) 1591M->1372M(1820M) 51.827ms
[123.096s][info][gc,cpu         ] GC(196) User=0.55s Sys=0.00s Real=0.05s
[123.114s][info][gc,start       ] GC(197) Pause Full (Ergonomics)
[123.114s][info][gc,phases,start] GC(197) Marking Phase
[123.149s][info][gc,phases      ] GC(197) Marking Phase 34.690ms
[123.149s][info][gc,phases,start] GC(197) Summary Phase
[123.149s][info][gc,phases      ] GC(197) Summary Phase 0.040ms
[123.149s][info][gc,phases,start] GC(197) Adjust Roots
[123.152s][info][gc,phases      ] GC(197) Adjust Roots 3.624ms
[123.152s][info][gc,phases,start] GC(197) Compaction Phase
[123.164s][info][gc,phases      ] GC(197) Compaction Phase 11.713ms
[123.164s][info][gc,phases,start] GC(197) Post Compact
[123.173s][info][gc,phases      ] GC(197) Post Compact 8.896ms
[123.173s][info][gc,heap        ] GC(197) PSYoungGen: 232960K(465920K)->8678K(465920K) Eden: 232960K(232960K)->8678K(232960K) From: 0K(232960K)->0K(232960K)
[123.173s][info][gc,heap        ] GC(197) ParOldGen: 1396446K(1398272K)->1396446K(1398272K)
[123.173s][info][gc,metaspace   ] GC(197) Metaspace: 117012K(128064K)->117012K(128064K) NonClass: 99863K(106368K)->99863K(106368K) Class: 17149K(21696K)->17149K(21696K)
[123.173s][info][gc             ] GC(197) Pause Full (Ergonomics) 1591M->1372M(1820M) 59.287ms
[123.173s][info][gc,cpu         ] GC(197) User=1.17s Sys=0.00s Real=0.06s
[123.190s][info][gc,start       ] GC(198) Pause Full (Ergonomics)
[123.190s][info][gc,phases,start] GC(198) Marking Phase
[123.227s][info][gc,phases      ] GC(198) Marking Phase 36.382ms
[123.227s][info][gc,phases,start] GC(198) Summary Phase
[123.227s][info][gc,phases      ] GC(198) Summary Phase 0.042ms
[123.227s][info][gc,phases,start] GC(198) Adjust Roots
[123.231s][info][gc,phases      ] GC(198) Adjust Roots 4.215ms
[123.231s][info][gc,phases,start] GC(198) Compaction Phase
[123.243s][info][gc,phases      ] GC(198) Compaction Phase 11.430ms
[123.243s][info][gc,phases,start] GC(198) Post Compact
[123.251s][info][gc,phases      ] GC(198) Post Compact 8.321ms
[123.251s][info][gc,heap        ] GC(198) PSYoungGen: 232960K(465920K)->8685K(465920K) Eden: 232960K(232960K)->8685K(232960K) From: 0K(232960K)->0K(232960K)
[123.251s][info][gc,heap        ] GC(198) ParOldGen: 1396446K(1398272K)->1396446K(1398272K)
[123.251s][info][gc,metaspace   ] GC(198) Metaspace: 117013K(128064K)->117013K(128064K) NonClass: 99864K(106368K)->99864K(106368K) Class: 17149K(21696K)->17149K(21696K)
[123.251s][info][gc             ] GC(198) Pause Full (Ergonomics) 1591M->1372M(1820M) 60.657ms
[123.251s][info][gc,cpu         ] GC(198) User=1.53s Sys=0.03s Real=0.06s
[123.268s][info][gc,start       ] GC(199) Pause Full (Ergonomics)
[123.268s][info][gc,phases,start] GC(199) Marking Phase
[123.304s][info][gc,phases      ] GC(199) Marking Phase 36.205ms
[123.304s][info][gc,phases,start] GC(199) Summary Phase
[123.304s][info][gc,phases      ] GC(199) Summary Phase 0.041ms
[123.304s][info][gc,phases,start] GC(199) Adjust Roots
[123.308s][info][gc,phases      ] GC(199) Adjust Roots 4.153ms
[123.308s][info][gc,phases,start] GC(199) Compaction Phase
[123.319s][info][gc,phases      ] GC(199) Compaction Phase 11.114ms
[123.319s][info][gc,phases,start] GC(199) Post Compact
[123.328s][info][gc,phases      ] GC(199) Post Compact 8.752ms
[123.328s][info][gc,heap        ] GC(199) PSYoungGen: 232960K(465920K)->8673K(465920K) Eden: 232960K(232960K)->8673K(232960K) From: 0K(232960K)->0K(232960K)
[123.328s][info][gc,heap        ] GC(199) ParOldGen: 1396446K(1398272K)->1396446K(1398272K)
[123.328s][info][gc,metaspace   ] GC(199) Metaspace: 117013K(128064K)->117013K(128064K) NonClass: 99864K(106368K)->99864K(106368K) Class: 17149K(21696K)->17149K(21696K)
[123.328s][info][gc             ] GC(199) Pause Full (Ergonomics) 1591M->1372M(1820M) 60.563ms
[123.328s][info][gc,cpu         ] GC(199) User=0.73s Sys=0.00s Real=0.05s
[123.360s][info][gc,start       ] GC(200) Pause Full (Ergonomics)
[123.361s][info][gc,phases,start] GC(200) Marking Phase
[123.405s][info][gc,phases      ] GC(200) Marking Phase 44.688ms
[123.405s][info][gc,phases,start] GC(200) Summary Phase
[123.405s][info][gc,phases      ] GC(200) Summary Phase 0.040ms
[123.405s][info][gc,phases,start] GC(200) Adjust Roots
[123.409s][info][gc,phases      ] GC(200) Adjust Roots 3.297ms
[123.409s][info][gc,phases,start] GC(200) Compaction Phase
[123.419s][info][gc,phases      ] GC(200) Compaction Phase 10.381ms
[123.419s][info][gc,phases,start] GC(200) Post Compact
[123.427s][info][gc,phases      ] GC(200) Post Compact 8.188ms
[123.427s][info][gc,heap        ] GC(200) PSYoungGen: 232960K(465920K)->8677K(465920K) Eden: 232960K(232960K)->8677K(232960K) From: 0K(232960K)->0K(232960K)
[123.427s][info][gc,heap        ] GC(200) ParOldGen: 1396446K(1398272K)->1396446K(1398272K)
[123.427s][info][gc,metaspace   ] GC(200) Metaspace: 117013K(128064K)->117013K(128064K) NonClass: 99864K(106368K)->99864K(106368K) Class: 17149K(21696K)->17149K(21696K)
[123.427s][info][gc             ] GC(200) Pause Full (Ergonomics) 1591M->1372M(1820M) 66.892ms
[123.427s][info][gc,cpu         ] GC(200) User=0.95s Sys=0.02s Real=0.06s
[123.444s][info][gc,start       ] GC(201) Pause Full (Ergonomics)
[123.444s][info][gc,phases,start] GC(201) Marking Phase
[123.480s][info][gc,phases      ] GC(201) Marking Phase 36.475ms
[123.480s][info][gc,phases,start] GC(201) Summary Phase
[123.480s][info][gc,phases      ] GC(201) Summary Phase 0.040ms
[123.480s][info][gc,phases,start] GC(201) Adjust Roots
[123.484s][info][gc,phases      ] GC(201) Adjust Roots 3.653ms
[123.484s][info][gc,phases,start] GC(201) Compaction Phase
[123.496s][info][gc,phases      ] GC(201) Compaction Phase 11.448ms
[123.496s][info][gc,phases,start] GC(201) Post Compact
[123.504s][info][gc,phases      ] GC(201) Post Compact 8.305ms
[123.504s][info][gc,heap        ] GC(201) PSYoungGen: 232960K(465920K)->8684K(465920K) Eden: 232960K(232960K)->8684K(232960K) From: 0K(232960K)->0K(232960K)
[123.504s][info][gc,heap        ] GC(201) ParOldGen: 1396446K(1398272K)->1396446K(1398272K)
[123.504s][info][gc,metaspace   ] GC(201) Metaspace: 117013K(128064K)->117013K(128064K) NonClass: 99864K(106368K)->99864K(106368K) Class: 17149K(21696K)->17149K(21696K)
[123.504s][info][gc             ] GC(201) Pause Full (Ergonomics) 1591M->1372M(1820M) 60.176ms
[123.504s][info][gc,cpu         ] GC(201) User=0.61s Sys=0.00s Real=0.05s
[123.521s][info][gc,start       ] GC(202) Pause Full (Ergonomics)
[123.521s][info][gc,phases,start] GC(202) Marking Phase
[123.555s][info][gc,phases      ] GC(202) Marking Phase 34.533ms
[123.555s][info][gc,phases,start] GC(202) Summary Phase
[123.555s][info][gc,phases      ] GC(202) Summary Phase 0.041ms
[123.555s][info][gc,phases,start] GC(202) Adjust Roots
[123.561s][info][gc,phases      ] GC(202) Adjust Roots 5.113ms
[123.561s][info][gc,phases,start] GC(202) Compaction Phase
[123.572s][info][gc,phases      ] GC(202) Compaction Phase 11.308ms
[123.572s][info][gc,phases,start] GC(202) Post Compact
[123.581s][info][gc,phases      ] GC(202) Post Compact 8.791ms
[123.581s][info][gc,heap        ] GC(202) PSYoungGen: 232960K(465920K)->8675K(465920K) Eden: 232960K(232960K)->8675K(232960K) From: 0K(232960K)->0K(232960K)
[123.581s][info][gc,heap        ] GC(202) ParOldGen: 1396446K(1398272K)->1396446K(1398272K)
[123.581s][info][gc,metaspace   ] GC(202) Metaspace: 117013K(128064K)->117013K(128064K) NonClass: 99864K(106368K)->99864K(106368K) Class: 17149K(21696K)->17149K(21696K)
[123.581s][info][gc             ] GC(202) Pause Full (Ergonomics) 1591M->1372M(1820M) 60.111ms
[123.581s][info][gc,cpu         ] GC(202) User=1.06s Sys=0.02s Real=0.06s
[123.598s][info][gc,start       ] GC(203) Pause Full (Ergonomics)
[123.598s][info][gc,phases,start] GC(203) Marking Phase
[123.635s][info][gc,phases      ] GC(203) Marking Phase 37.150ms
[123.635s][info][gc,phases,start] GC(203) Summary Phase
[123.635s][info][gc,phases      ] GC(203) Summary Phase 0.043ms
[123.635s][info][gc,phases,start] GC(203) Adjust Roots
[123.640s][info][gc,phases      ] GC(203) Adjust Roots 4.909ms
[123.640s][info][gc,phases,start] GC(203) Compaction Phase
[123.652s][info][gc,phases      ] GC(203) Compaction Phase 11.847ms
[123.652s][info][gc,phases,start] GC(203) Post Compact
[123.660s][info][gc,phases      ] GC(203) Post Compact 8.866ms
[123.661s][info][gc,heap        ] GC(203) PSYoungGen: 232960K(465920K)->8688K(465920K) Eden: 232960K(232960K)->8688K(232960K) From: 0K(232960K)->0K(232960K)
[123.661s][info][gc,heap        ] GC(203) ParOldGen: 1396446K(1398272K)->1396446K(1398272K)
[123.661s][info][gc,metaspace   ] GC(203) Metaspace: 117013K(128064K)->117013K(128064K) NonClass: 99864K(106368K)->99864K(106368K) Class: 17149K(21696K)->17149K(21696K)
[123.661s][info][gc             ] GC(203) Pause Full (Ergonomics) 1591M->1372M(1820M) 63.142ms
[123.661s][info][gc,cpu         ] GC(203) User=0.97s Sys=0.00s Real=0.06s
[123.677s][info][gc,start       ] GC(204) Pause Full (Ergonomics)
[123.677s][info][gc,phases,start] GC(204) Marking Phase
[123.714s][info][gc,phases      ] GC(204) Marking Phase 37.089ms
[123.714s][info][gc,phases,start] GC(204) Summary Phase
[123.714s][info][gc,phases      ] GC(204) Summary Phase 0.039ms
[123.714s][info][gc,phases,start] GC(204) Adjust Roots
[123.718s][info][gc,phases      ] GC(204) Adjust Roots 4.225ms
[123.718s][info][gc,phases,start] GC(204) Compaction Phase
[123.730s][info][gc,phases      ] GC(204) Compaction Phase 11.876ms
[123.730s][info][gc,phases,start] GC(204) Post Compact
[123.739s][info][gc,phases      ] GC(204) Post Compact 8.630ms
[123.739s][info][gc,heap        ] GC(204) PSYoungGen: 232960K(465920K)->8682K(465920K) Eden: 232960K(232960K)->8682K(232960K) From: 0K(232960K)->0K(232960K)
[123.739s][info][gc,heap        ] GC(204) ParOldGen: 1396446K(1398272K)->1396446K(1398272K)
[123.739s][info][gc,metaspace   ] GC(204) Metaspace: 117013K(128064K)->117013K(128064K) NonClass: 99864K(106368K)->99864K(106368K) Class: 17149K(21696K)->17149K(21696K)
[123.739s][info][gc             ] GC(204) Pause Full (Ergonomics) 1591M->1372M(1820M) 62.141ms
[123.739s][info][gc,cpu         ] GC(204) User=0.94s Sys=0.03s Real=0.06s
[123.756s][info][gc,start       ] GC(205) Pause Full (Ergonomics)
[123.756s][info][gc,phases,start] GC(205) Marking Phase
[123.792s][info][gc,phases      ] GC(205) Marking Phase 35.647ms
[123.792s][info][gc,phases,start] GC(205) Summary Phase
[123.792s][info][gc,phases      ] GC(205) Summary Phase 0.043ms
[123.792s][info][gc,phases,start] GC(205) Adjust Roots
[123.796s][info][gc,phases      ] GC(205) Adjust Roots 3.679ms
[123.796s][info][gc,phases,start] GC(205) Compaction Phase
[123.807s][info][gc,phases      ] GC(205) Compaction Phase 11.441ms
[123.807s][info][gc,phases,start] GC(205) Post Compact
[123.816s][info][gc,phases      ] GC(205) Post Compact 8.870ms
[123.816s][info][gc,heap        ] GC(205) PSYoungGen: 232960K(465920K)->8670K(465920K) Eden: 232960K(232960K)->8670K(232960K) From: 0K(232960K)->0K(232960K)
[123.816s][info][gc,heap        ] GC(205) ParOldGen: 1396446K(1398272K)->1396446K(1398272K)
[123.816s][info][gc,metaspace   ] GC(205) Metaspace: 117013K(128064K)->117013K(128064K) NonClass: 99864K(106368K)->99864K(106368K) Class: 17149K(21696K)->17149K(21696K)
[123.816s][info][gc             ] GC(205) Pause Full (Ergonomics) 1591M->1372M(1820M) 59.999ms
[123.816s][info][gc,cpu         ] GC(205) User=0.94s Sys=0.00s Real=0.05s
[123.833s][info][gc,start       ] GC(206) Pause Full (Ergonomics)
[123.833s][info][gc,phases,start] GC(206) Marking Phase
[123.868s][info][gc,phases      ] GC(206) Marking Phase 34.593ms
[123.868s][info][gc,phases,start] GC(206) Summary Phase
[123.868s][info][gc,phases      ] GC(206) Summary Phase 0.047ms
[123.868s][info][gc,phases,start] GC(206) Adjust Roots
[123.872s][info][gc,phases      ] GC(206) Adjust Roots 4.442ms
[123.872s][info][gc,phases,start] GC(206) Compaction Phase
[123.883s][info][gc,phases      ] GC(206) Compaction Phase 11.104ms
[123.883s][info][gc,phases,start] GC(206) Post Compact
[123.892s][info][gc,phases      ] GC(206) Post Compact 8.857ms
[123.892s][info][gc,heap        ] GC(206) PSYoungGen: 232960K(465920K)->8679K(465920K) Eden: 232960K(232960K)->8679K(232960K) From: 0K(232960K)->0K(232960K)
[123.892s][info][gc,heap        ] GC(206) ParOldGen: 1396446K(1398272K)->1396446K(1398272K)
[123.892s][info][gc,metaspace   ] GC(206) Metaspace: 117013K(128064K)->117013K(128064K) NonClass: 99864K(106368K)->99864K(106368K) Class: 17149K(21696K)->17149K(21696K)
[123.892s][info][gc             ] GC(206) Pause Full (Ergonomics) 1591M->1372M(1820M) 59.368ms
[123.892s][info][gc,cpu         ] GC(206) User=0.59s Sys=0.00s Real=0.05s
[123.908s][info][gc,start       ] GC(207) Pause Full (Ergonomics)
[123.908s][info][gc,phases,start] GC(207) Marking Phase
[123.936s][info][gc,phases      ] GC(207) Marking Phase 27.756ms
[123.936s][info][gc,phases,start] GC(207) Summary Phase
[123.936s][info][gc,phases      ] GC(207) Summary Phase 0.043ms
[123.936s][info][gc,phases,start] GC(207) Adjust Roots
[123.940s][info][gc,phases      ] GC(207) Adjust Roots 4.074ms
[123.940s][info][gc,phases,start] GC(207) Compaction Phase
[123.951s][info][gc,phases      ] GC(207) Compaction Phase 10.674ms
[123.951s][info][gc,phases,start] GC(207) Post Compact
[123.960s][info][gc,phases      ] GC(207) Post Compact 8.528ms
[123.960s][info][gc,heap        ] GC(207) PSYoungGen: 232960K(465920K)->8687K(465920K) Eden: 232960K(232960K)->8687K(232960K) From: 0K(232960K)->0K(232960K)
[123.960s][info][gc,heap        ] GC(207) ParOldGen: 1396446K(1398272K)->1396446K(1398272K)
[123.960s][info][gc,metaspace   ] GC(207) Metaspace: 117013K(128064K)->117013K(128064K) NonClass: 99864K(106368K)->99864K(106368K) Class: 17149K(21696K)->17149K(21696K)
[123.960s][info][gc             ] GC(207) Pause Full (Ergonomics) 1591M->1372M(1820M) 51.375ms
[123.960s][info][gc,cpu         ] GC(207) User=0.50s Sys=0.00s Real=0.05s
[123.977s][info][gc,start       ] GC(208) Pause Full (Ergonomics)
[123.977s][info][gc,phases,start] GC(208) Marking Phase
[124.012s][info][gc,phases      ] GC(208) Marking Phase 35.463ms
[124.012s][info][gc,phases,start] GC(208) Summary Phase
[124.012s][info][gc,phases      ] GC(208) Summary Phase 0.043ms
[124.012s][info][gc,phases,start] GC(208) Adjust Roots
[124.016s][info][gc,phases      ] GC(208) Adjust Roots 3.674ms
[124.016s][info][gc,phases,start] GC(208) Compaction Phase
[124.027s][info][gc,phases      ] GC(208) Compaction Phase 11.449ms
[124.027s][info][gc,phases,start] GC(208) Post Compact
[124.036s][info][gc,phases      ] GC(208) Post Compact 8.887ms
[124.036s][info][gc,heap        ] GC(208) PSYoungGen: 232960K(465920K)->8675K(465920K) Eden: 232960K(232960K)->8675K(232960K) From: 0K(232960K)->0K(232960K)
[124.036s][info][gc,heap        ] GC(208) ParOldGen: 1396446K(1398272K)->1396446K(1398272K)
[124.036s][info][gc,metaspace   ] GC(208) Metaspace: 117013K(128064K)->117013K(128064K) NonClass: 99864K(106368K)->99864K(106368K) Class: 17149K(21696K)->17149K(21696K)
[124.036s][info][gc             ] GC(208) Pause Full (Ergonomics) 1591M->1372M(1820M) 59.844ms
[124.036s][info][gc,cpu         ] GC(208) User=1.06s Sys=0.02s Real=0.06s
[124.053s][info][gc,start       ] GC(209) Pause Full (Ergonomics)
[124.053s][info][gc,phases,start] GC(209) Marking Phase
[124.087s][info][gc,phases      ] GC(209) Marking Phase 34.121ms
[124.087s][info][gc,phases,start] GC(209) Summary Phase
[124.087s][info][gc,phases      ] GC(209) Summary Phase 0.043ms
[124.087s][info][gc,phases,start] GC(209) Adjust Roots
[124.091s][info][gc,phases      ] GC(209) Adjust Roots 3.675ms
[124.091s][info][gc,phases,start] GC(209) Compaction Phase
[124.101s][info][gc,phases      ] GC(209) Compaction Phase 10.543ms
[124.101s][info][gc,phases,start] GC(209) Post Compact
[124.110s][info][gc,phases      ] GC(209) Post Compact 8.661ms
[124.110s][info][gc,heap        ] GC(209) PSYoungGen: 232960K(465920K)->8685K(465920K) Eden: 232960K(232960K)->8685K(232960K) From: 0K(232960K)->0K(232960K)
[124.110s][info][gc,heap        ] GC(209) ParOldGen: 1396446K(1398272K)->1396446K(1398272K)
[124.110s][info][gc,metaspace   ] GC(209) Metaspace: 117013K(128064K)->117013K(128064K) NonClass: 99864K(106368K)->99864K(106368K) Class: 17149K(21696K)->17149K(21696K)
[124.110s][info][gc             ] GC(209) Pause Full (Ergonomics) 1591M->1372M(1820M) 57.334ms
[124.110s][info][gc,cpu         ] GC(209) User=1.11s Sys=0.00s Real=0.05s
[124.126s][info][gc,start       ] GC(210) Pause Full (Ergonomics)
[124.126s][info][gc,phases,start] GC(210) Marking Phase
[124.162s][info][gc,phases      ] GC(210) Marking Phase 35.447ms
[124.162s][info][gc,phases,start] GC(210) Summary Phase
[124.162s][info][gc,phases      ] GC(210) Summary Phase 0.042ms
[124.162s][info][gc,phases,start] GC(210) Adjust Roots
[124.166s][info][gc,phases      ] GC(210) Adjust Roots 3.695ms
[124.166s][info][gc,phases,start] GC(210) Compaction Phase
[124.177s][info][gc,phases      ] GC(210) Compaction Phase 11.384ms
[124.177s][info][gc,phases,start] GC(210) Post Compact
[124.185s][info][gc,phases      ] GC(210) Post Compact 8.353ms
[124.186s][info][gc,heap        ] GC(210) PSYoungGen: 232960K(465920K)->8676K(465920K) Eden: 232960K(232960K)->8676K(232960K) From: 0K(232960K)->0K(232960K)
[124.186s][info][gc,heap        ] GC(210) ParOldGen: 1396446K(1398272K)->1396446K(1398272K)
[124.186s][info][gc,metaspace   ] GC(210) Metaspace: 117013K(128064K)->117013K(128064K) NonClass: 99864K(106368K)->99864K(106368K) Class: 17149K(21696K)->17149K(21696K)
[124.186s][info][gc             ] GC(210) Pause Full (Ergonomics) 1591M->1372M(1820M) 59.176ms
[124.186s][info][gc,cpu         ] GC(210) User=0.98s Sys=0.03s Real=0.07s
[124.202s][info][gc,start       ] GC(211) Pause Full (Ergonomics)
[124.202s][info][gc,phases,start] GC(211) Marking Phase
[124.238s][info][gc,phases      ] GC(211) Marking Phase 35.989ms
[124.238s][info][gc,phases,start] GC(211) Summary Phase
[124.238s][info][gc,phases      ] GC(211) Summary Phase 0.042ms
[124.238s][info][gc,phases,start] GC(211) Adjust Roots
[124.244s][info][gc,phases      ] GC(211) Adjust Roots 5.085ms
[124.244s][info][gc,phases,start] GC(211) Compaction Phase
[124.254s][info][gc,phases      ] GC(211) Compaction Phase 10.622ms
[124.254s][info][gc,phases,start] GC(211) Post Compact
[124.263s][info][gc,phases      ] GC(211) Post Compact 8.731ms
[124.263s][info][gc,heap        ] GC(211) PSYoungGen: 232960K(465920K)->8693K(465920K) Eden: 232960K(232960K)->8693K(232960K) From: 0K(232960K)->0K(232960K)
[124.263s][info][gc,heap        ] GC(211) ParOldGen: 1396446K(1398272K)->1396446K(1398272K)
[124.263s][info][gc,metaspace   ] GC(211) Metaspace: 117013K(128064K)->117013K(128064K) NonClass: 99864K(106368K)->99864K(106368K) Class: 17149K(21696K)->17149K(21696K)
[124.263s][info][gc             ] GC(211) Pause Full (Ergonomics) 1591M->1372M(1820M) 60.800ms
[124.263s][info][gc,cpu         ] GC(211) User=0.88s Sys=0.05s Real=0.05s
[124.280s][info][gc,start       ] GC(212) Pause Full (Ergonomics)
[124.280s][info][gc,phases,start] GC(212) Marking Phase
[124.315s][info][gc,phases      ] GC(212) Marking Phase 35.421ms
[124.315s][info][gc,phases,start] GC(212) Summary Phase
[124.315s][info][gc,phases      ] GC(212) Summary Phase 0.042ms
[124.315s][info][gc,phases,start] GC(212) Adjust Roots
[124.319s][info][gc,phases      ] GC(212) Adjust Roots 3.691ms
[124.319s][info][gc,phases,start] GC(212) Compaction Phase
[124.330s][info][gc,phases      ] GC(212) Compaction Phase 11.391ms
[124.330s][info][gc,phases,start] GC(212) Post Compact
[124.339s][info][gc,phases      ] GC(212) Post Compact 8.372ms
[124.339s][info][gc,heap        ] GC(212) PSYoungGen: 232960K(465920K)->8693K(465920K) Eden: 232960K(232960K)->8693K(232960K) From: 0K(232960K)->0K(232960K)
[124.339s][info][gc,heap        ] GC(212) ParOldGen: 1396446K(1398272K)->1396446K(1398272K)
[124.339s][info][gc,metaspace   ] GC(212) Metaspace: 117013K(128064K)->117013K(128064K) NonClass: 99864K(106368K)->99864K(106368K) Class: 17149K(21696K)->17149K(21696K)
[124.339s][info][gc             ] GC(212) Pause Full (Ergonomics) 1591M->1372M(1820M) 59.201ms
[124.339s][info][gc,cpu         ] GC(212) User=0.56s Sys=0.02s Real=0.05s
[124.355s][info][gc,start       ] GC(213) Pause Full (Ergonomics)
[124.355s][info][gc,phases,start] GC(213) Marking Phase
[124.390s][info][gc,phases      ] GC(213) Marking Phase 35.078ms
[124.391s][info][gc,phases,start] GC(213) Summary Phase
[124.391s][info][gc,phases      ] GC(213) Summary Phase 0.041ms
[124.391s][info][gc,phases,start] GC(213) Adjust Roots
[124.394s][info][gc,phases      ] GC(213) Adjust Roots 3.263ms
[124.394s][info][gc,phases,start] GC(213) Compaction Phase
[124.405s][info][gc,phases      ] GC(213) Compaction Phase 10.776ms
[124.405s][info][gc,phases,start] GC(213) Post Compact
[124.413s][info][gc,phases      ] GC(213) Post Compact 8.699ms
[124.413s][info][gc,heap        ] GC(213) PSYoungGen: 232960K(465920K)->8689K(465920K) Eden: 232960K(232960K)->8689K(232960K) From: 0K(232960K)->0K(232960K)
[124.413s][info][gc,heap        ] GC(213) ParOldGen: 1396446K(1398272K)->1396446K(1398272K)
[124.414s][info][gc,metaspace   ] GC(213) Metaspace: 117013K(128064K)->117013K(128064K) NonClass: 99864K(106368K)->99864K(106368K) Class: 17149K(21696K)->17149K(21696K)
[124.414s][info][gc             ] GC(213) Pause Full (Ergonomics) 1591M->1372M(1820M) 58.175ms
[124.414s][info][gc,cpu         ] GC(213) User=0.55s Sys=0.00s Real=0.05s
[124.430s][info][gc,start       ] GC(214) Pause Full (Ergonomics)
[124.430s][info][gc,phases,start] GC(214) Marking Phase
[124.466s][info][gc,phases      ] GC(214) Marking Phase 36.209ms
[124.466s][info][gc,phases,start] GC(214) Summary Phase
[124.466s][info][gc,phases      ] GC(214) Summary Phase 0.043ms
[124.466s][info][gc,phases,start] GC(214) Adjust Roots
[124.470s][info][gc,phases      ] GC(214) Adjust Roots 3.664ms
[124.470s][info][gc,phases,start] GC(214) Compaction Phase
[124.481s][info][gc,phases      ] GC(214) Compaction Phase 11.495ms
[124.482s][info][gc,phases,start] GC(214) Post Compact
[124.490s][info][gc,phases      ] GC(214) Post Compact 8.836ms
[124.490s][info][gc,heap        ] GC(214) PSYoungGen: 232960K(465920K)->8682K(465920K) Eden: 232960K(232960K)->8682K(232960K) From: 0K(232960K)->0K(232960K)
[124.490s][info][gc,heap        ] GC(214) ParOldGen: 1396446K(1398272K)->1396446K(1398272K)
[124.490s][info][gc,metaspace   ] GC(214) Metaspace: 117013K(128064K)->117013K(128064K) NonClass: 99864K(106368K)->99864K(106368K) Class: 17149K(21696K)->17149K(21696K)
[124.491s][info][gc             ] GC(214) Pause Full (Ergonomics) 1591M->1372M(1820M) 60.577ms
[124.491s][info][gc,cpu         ] GC(214) User=0.61s Sys=0.00s Real=0.05s
[124.507s][info][gc,start       ] GC(215) Pause Full (Ergonomics)
[124.507s][info][gc,phases,start] GC(215) Marking Phase
[124.542s][info][gc,phases      ] GC(215) Marking Phase 34.780ms
[124.542s][info][gc,phases,start] GC(215) Summary Phase
[124.542s][info][gc,phases      ] GC(215) Summary Phase 0.044ms
[124.542s][info][gc,phases,start] GC(215) Adjust Roots
[124.547s][info][gc,phases      ] GC(215) Adjust Roots 5.329ms
[124.547s][info][gc,phases,start] GC(215) Compaction Phase
[124.559s][info][gc,phases      ] GC(215) Compaction Phase 11.483ms
[124.559s][info][gc,phases,start] GC(215) Post Compact
[124.567s][info][gc,phases      ] GC(215) Post Compact 7.975ms
[124.567s][info][gc,heap        ] GC(215) PSYoungGen: 232960K(465920K)->8668K(465920K) Eden: 232960K(232960K)->8668K(232960K) From: 0K(232960K)->0K(232960K)
[124.567s][info][gc,heap        ] GC(215) ParOldGen: 1396446K(1398272K)->1396446K(1398272K)
[124.567s][info][gc,metaspace   ] GC(215) Metaspace: 117013K(128064K)->117013K(128064K) NonClass: 99864K(106368K)->99864K(106368K) Class: 17149K(21696K)->17149K(21696K)
[124.567s][info][gc             ] GC(215) Pause Full (Ergonomics) 1591M->1372M(1820M) 59.981ms
[124.567s][info][gc,cpu         ] GC(215) User=0.56s Sys=0.00s Real=0.05s
[124.583s][info][gc,start       ] GC(216) Pause Full (Ergonomics)
[124.583s][info][gc,phases,start] GC(216) Marking Phase
[124.620s][info][gc,phases      ] GC(216) Marking Phase 36.584ms
[124.620s][info][gc,phases,start] GC(216) Summary Phase
[124.620s][info][gc,phases      ] GC(216) Summary Phase 0.041ms
[124.620s][info][gc,phases,start] GC(216) Adjust Roots
[124.624s][info][gc,phases      ] GC(216) Adjust Roots 4.113ms
[124.624s][info][gc,phases,start] GC(216) Compaction Phase
[124.634s][info][gc,phases      ] GC(216) Compaction Phase 10.604ms
[124.635s][info][gc,phases,start] GC(216) Post Compact
[124.643s][info][gc,phases      ] GC(216) Post Compact 8.167ms
[124.643s][info][gc,heap        ] GC(216) PSYoungGen: 232960K(465920K)->8653K(465920K) Eden: 232960K(232960K)->8653K(232960K) From: 0K(232960K)->0K(232960K)
[124.643s][info][gc,heap        ] GC(216) ParOldGen: 1396446K(1398272K)->1396446K(1398272K)
[124.643s][info][gc,metaspace   ] GC(216) Metaspace: 117013K(128064K)->117013K(128064K) NonClass: 99864K(106368K)->99864K(106368K) Class: 17149K(21696K)->17149K(21696K)
[124.643s][info][gc             ] GC(216) Pause Full (Ergonomics) 1591M->1372M(1820M) 59.801ms
[124.643s][info][gc,cpu         ] GC(216) User=1.09s Sys=0.00s Real=0.06s
[124.659s][info][gc,start       ] GC(217) Pause Full (Ergonomics)
[124.659s][info][gc,phases,start] GC(217) Marking Phase
[124.699s][info][gc,phases      ] GC(217) Marking Phase 40.325ms
[124.700s][info][gc,phases,start] GC(217) Summary Phase
[124.700s][info][gc,phases      ] GC(217) Summary Phase 0.039ms
[124.700s][info][gc,phases,start] GC(217) Adjust Roots
[124.703s][info][gc,phases      ] GC(217) Adjust Roots 3.709ms
[124.703s][info][gc,phases,start] GC(217) Compaction Phase
[124.714s][info][gc,phases      ] GC(217) Compaction Phase 10.516ms
[124.714s][info][gc,phases,start] GC(217) Post Compact
[124.722s][info][gc,phases      ] GC(217) Post Compact 8.581ms
[124.723s][info][gc,heap        ] GC(217) PSYoungGen: 232960K(465920K)->8679K(465920K) Eden: 232960K(232960K)->8679K(232960K) From: 0K(232960K)->0K(232960K)
[124.723s][info][gc,heap        ] GC(217) ParOldGen: 1396446K(1398272K)->1396446K(1398272K)
[124.723s][info][gc,metaspace   ] GC(217) Metaspace: 117013K(128064K)->117013K(128064K) NonClass: 99864K(106368K)->99864K(106368K) Class: 17149K(21696K)->17149K(21696K)
[124.723s][info][gc             ] GC(217) Pause Full (Ergonomics) 1591M->1372M(1820M) 63.493ms
[124.723s][info][gc,cpu         ] GC(217) User=1.56s Sys=0.03s Real=0.06s
[124.739s][info][gc,start       ] GC(218) Pause Full (Ergonomics)
[124.739s][info][gc,phases,start] GC(218) Marking Phase
[124.775s][info][gc,phases      ] GC(218) Marking Phase 35.659ms
[124.775s][info][gc,phases,start] GC(218) Summary Phase
[124.775s][info][gc,phases      ] GC(218) Summary Phase 0.039ms
[124.775s][info][gc,phases,start] GC(218) Adjust Roots
[124.779s][info][gc,phases      ] GC(218) Adjust Roots 4.155ms
[124.779s][info][gc,phases,start] GC(218) Compaction Phase
[124.790s][info][gc,phases      ] GC(218) Compaction Phase 11.501ms
[124.791s][info][gc,phases,start] GC(218) Post Compact
[124.799s][info][gc,phases      ] GC(218) Post Compact 8.792ms
[124.799s][info][gc,heap        ] GC(218) PSYoungGen: 232960K(465920K)->8673K(465920K) Eden: 232960K(232960K)->8673K(232960K) From: 0K(232960K)->0K(232960K)
[124.799s][info][gc,heap        ] GC(218) ParOldGen: 1396446K(1398272K)->1396446K(1398272K)
[124.799s][info][gc,metaspace   ] GC(218) Metaspace: 117014K(128064K)->117014K(128064K) NonClass: 99865K(106368K)->99865K(106368K) Class: 17149K(21696K)->17149K(21696K)
[124.799s][info][gc             ] GC(218) Pause Full (Ergonomics) 1591M->1372M(1820M) 60.481ms
[124.800s][info][gc,cpu         ] GC(218) User=1.06s Sys=0.00s Real=0.05s
[124.816s][info][gc,start       ] GC(219) Pause Full (Ergonomics)
[124.816s][info][gc,phases,start] GC(219) Marking Phase
[124.852s][info][gc,phases      ] GC(219) Marking Phase 36.035ms
[124.852s][info][gc,phases,start] GC(219) Summary Phase
[124.852s][info][gc,phases      ] GC(219) Summary Phase 0.043ms
[124.852s][info][gc,phases,start] GC(219) Adjust Roots
[124.856s][info][gc,phases      ] GC(219) Adjust Roots 4.213ms
[124.856s][info][gc,phases,start] GC(219) Compaction Phase
[124.867s][info][gc,phases      ] GC(219) Compaction Phase 10.713ms
[124.867s][info][gc,phases,start] GC(219) Post Compact
[124.875s][info][gc,phases      ] GC(219) Post Compact 8.701ms
[124.875s][info][gc,heap        ] GC(219) PSYoungGen: 232960K(465920K)->8672K(465920K) Eden: 232960K(232960K)->8672K(232960K) From: 0K(232960K)->0K(232960K)
[124.876s][info][gc,heap        ] GC(219) ParOldGen: 1396446K(1398272K)->1396446K(1398272K)
[124.876s][info][gc,metaspace   ] GC(219) Metaspace: 117014K(128064K)->117014K(128064K) NonClass: 99865K(106368K)->99865K(106368K) Class: 17149K(21696K)->17149K(21696K)
[124.876s][info][gc             ] GC(219) Pause Full (Ergonomics) 1591M->1372M(1820M) 60.030ms
[124.876s][info][gc,cpu         ] GC(219) User=0.47s Sys=0.00s Real=0.05s
[124.892s][info][gc,start       ] GC(220) Pause Full (Ergonomics)
[124.892s][info][gc,phases,start] GC(220) Marking Phase
[124.929s][info][gc,phases      ] GC(220) Marking Phase 37.485ms
[124.929s][info][gc,phases,start] GC(220) Summary Phase
[124.929s][info][gc,phases      ] GC(220) Summary Phase 0.044ms
[124.929s][info][gc,phases,start] GC(220) Adjust Roots
[124.933s][info][gc,phases      ] GC(220) Adjust Roots 3.692ms
[124.933s][info][gc,phases,start] GC(220) Compaction Phase
[124.946s][info][gc,phases      ] GC(220) Compaction Phase 13.439ms
[124.946s][info][gc,phases,start] GC(220) Post Compact
[124.956s][info][gc,phases      ] GC(220) Post Compact 9.325ms
[124.956s][info][gc,heap        ] GC(220) PSYoungGen: 232960K(465920K)->8690K(465920K) Eden: 232960K(232960K)->8690K(232960K) From: 0K(232960K)->0K(232960K)
[124.956s][info][gc,heap        ] GC(220) ParOldGen: 1396446K(1398272K)->1396446K(1398272K)
[124.956s][info][gc,metaspace   ] GC(220) Metaspace: 117014K(128064K)->117014K(128064K) NonClass: 99865K(106368K)->99865K(106368K) Class: 17149K(21696K)->17149K(21696K)
[124.956s][info][gc             ] GC(220) Pause Full (Ergonomics) 1591M->1372M(1820M) 64.342ms
[124.956s][info][gc,cpu         ] GC(220) User=1.11s Sys=0.00s Real=0.06s
[124.972s][info][gc,start       ] GC(221) Pause Full (Ergonomics)
[124.972s][info][gc,phases,start] GC(221) Marking Phase
[125.010s][info][gc,phases      ] GC(221) Marking Phase 38.002ms
[125.010s][info][gc,phases,start] GC(221) Summary Phase
[125.011s][info][gc,phases      ] GC(221) Summary Phase 0.039ms
[125.011s][info][gc,phases,start] GC(221) Adjust Roots
[125.014s][info][gc,phases      ] GC(221) Adjust Roots 3.688ms
[125.014s][info][gc,phases,start] GC(221) Compaction Phase
[125.025s][info][gc,phases      ] GC(221) Compaction Phase 10.990ms
[125.025s][info][gc,phases,start] GC(221) Post Compact
[125.034s][info][gc,phases      ] GC(221) Post Compact 8.507ms
[125.034s][info][gc,heap        ] GC(221) PSYoungGen: 232960K(465920K)->8677K(465920K) Eden: 232960K(232960K)->8677K(232960K) From: 0K(232960K)->0K(232960K)
[125.034s][info][gc,heap        ] GC(221) ParOldGen: 1396446K(1398272K)->1396446K(1398272K)
[125.034s][info][gc,metaspace   ] GC(221) Metaspace: 117014K(128064K)->117014K(128064K) NonClass: 99865K(106368K)->99865K(106368K) Class: 17149K(21696K)->17149K(21696K)
[125.034s][info][gc             ] GC(221) Pause Full (Ergonomics) 1591M->1372M(1820M) 61.505ms
[125.034s][info][gc,cpu         ] GC(221) User=0.97s Sys=0.02s Real=0.05s
[125.051s][info][gc,start       ] GC(222) Pause Full (Ergonomics)
[125.051s][info][gc,phases,start] GC(222) Marking Phase
[125.082s][info][gc,phases      ] GC(222) Marking Phase 31.015ms
[125.082s][info][gc,phases,start] GC(222) Summary Phase
[125.082s][info][gc,phases      ] GC(222) Summary Phase 0.046ms
[125.082s][info][gc,phases,start] GC(222) Adjust Roots
[125.086s][info][gc,phases      ] GC(222) Adjust Roots 3.945ms
[125.086s][info][gc,phases,start] GC(222) Compaction Phase
[125.097s][info][gc,phases      ] GC(222) Compaction Phase 10.813ms
[125.097s][info][gc,phases,start] GC(222) Post Compact
[125.105s][info][gc,phases      ] GC(222) Post Compact 8.629ms
[125.105s][info][gc,heap        ] GC(222) PSYoungGen: 232960K(465920K)->8686K(465920K) Eden: 232960K(232960K)->8686K(232960K) From: 0K(232960K)->0K(232960K)
[125.105s][info][gc,heap        ] GC(222) ParOldGen: 1396446K(1398272K)->1396446K(1398272K)
[125.105s][info][gc,metaspace   ] GC(222) Metaspace: 117014K(128064K)->117014K(128064K) NonClass: 99865K(106368K)->99865K(106368K) Class: 17149K(21696K)->17149K(21696K)
[125.105s][info][gc             ] GC(222) Pause Full (Ergonomics) 1591M->1372M(1820M) 54.828ms
[125.106s][info][gc,cpu         ] GC(222) User=0.38s Sys=0.02s Real=0.05s
[125.122s][info][gc,start       ] GC(223) Pause Full (Ergonomics)
[125.122s][info][gc,phases,start] GC(223) Marking Phase
[125.158s][info][gc,phases      ] GC(223) Marking Phase 35.799ms
[125.158s][info][gc,phases,start] GC(223) Summary Phase
[125.158s][info][gc,phases      ] GC(223) Summary Phase 0.040ms
[125.158s][info][gc,phases,start] GC(223) Adjust Roots
[125.162s][info][gc,phases      ] GC(223) Adjust Roots 3.908ms
[125.162s][info][gc,phases,start] GC(223) Compaction Phase
[125.173s][info][gc,phases      ] GC(223) Compaction Phase 11.241ms
[125.173s][info][gc,phases,start] GC(223) Post Compact
[125.181s][info][gc,phases      ] GC(223) Post Compact 8.313ms
[125.181s][info][gc,heap        ] GC(223) PSYoungGen: 232960K(465920K)->8677K(465920K) Eden: 232960K(232960K)->8677K(232960K) From: 0K(232960K)->0K(232960K)
[125.181s][info][gc,heap        ] GC(223) ParOldGen: 1396446K(1398272K)->1396446K(1398272K)
[125.181s][info][gc,metaspace   ] GC(223) Metaspace: 117014K(128064K)->117014K(128064K) NonClass: 99865K(106368K)->99865K(106368K) Class: 17149K(21696K)->17149K(21696K)
[125.181s][info][gc             ] GC(223) Pause Full (Ergonomics) 1591M->1372M(1820M) 59.541ms
[125.181s][info][gc,cpu         ] GC(223) User=1.02s Sys=0.00s Real=0.06s
[125.197s][info][gc,start       ] GC(224) Pause Full (Ergonomics)
[125.197s][info][gc,phases,start] GC(224) Marking Phase
[125.233s][info][gc,phases      ] GC(224) Marking Phase 35.393ms
[125.233s][info][gc,phases,start] GC(224) Summary Phase
[125.233s][info][gc,phases      ] GC(224) Summary Phase 0.039ms
[125.233s][info][gc,phases,start] GC(224) Adjust Roots
[125.236s][info][gc,phases      ] GC(224) Adjust Roots 3.283ms
[125.236s][info][gc,phases,start] GC(224) Compaction Phase
[125.246s][info][gc,phases      ] GC(224) Compaction Phase 10.112ms
[125.246s][info][gc,phases,start] GC(224) Post Compact
[125.255s][info][gc,phases      ] GC(224) Post Compact 8.575ms
[125.255s][info][gc,heap        ] GC(224) PSYoungGen: 232960K(465920K)->8690K(465920K) Eden: 232960K(232960K)->8690K(232960K) From: 0K(232960K)->0K(232960K)
[125.255s][info][gc,heap        ] GC(224) ParOldGen: 1396446K(1398272K)->1396446K(1398272K)
[125.255s][info][gc,metaspace   ] GC(224) Metaspace: 117014K(128064K)->117014K(128064K) NonClass: 99865K(106368K)->99865K(106368K) Class: 17149K(21696K)->17149K(21696K)
[125.255s][info][gc             ] GC(224) Pause Full (Ergonomics) 1591M->1372M(1820M) 57.720ms
[125.255s][info][gc,cpu         ] GC(224) User=1.09s Sys=0.00s Real=0.06s
[125.271s][info][gc,start       ] GC(225) Pause Full (Ergonomics)
[125.271s][info][gc,phases,start] GC(225) Marking Phase
[125.306s][info][gc,phases      ] GC(225) Marking Phase 34.716ms
[125.306s][info][gc,phases,start] GC(225) Summary Phase
[125.306s][info][gc,phases      ] GC(225) Summary Phase 0.038ms
[125.306s][info][gc,phases,start] GC(225) Adjust Roots
[125.309s][info][gc,phases      ] GC(225) Adjust Roots 3.446ms
[125.309s][info][gc,phases,start] GC(225) Compaction Phase
[125.320s][info][gc,phases      ] GC(225) Compaction Phase 10.943ms
[125.320s][info][gc,phases,start] GC(225) Post Compact
[125.328s][info][gc,phases      ] GC(225) Post Compact 8.156ms
[125.328s][info][gc,heap        ] GC(225) PSYoungGen: 232960K(465920K)->8672K(465920K) Eden: 232960K(232960K)->8672K(232960K) From: 0K(232960K)->0K(232960K)
[125.328s][info][gc,heap        ] GC(225) ParOldGen: 1396446K(1398272K)->1396446K(1398272K)
[125.328s][info][gc,metaspace   ] GC(225) Metaspace: 117014K(128064K)->117014K(128064K) NonClass: 99865K(106368K)->99865K(106368K) Class: 17149K(21696K)->17149K(21696K)
[125.328s][info][gc             ] GC(225) Pause Full (Ergonomics) 1591M->1372M(1820M) 57.595ms
[125.329s][info][gc,cpu         ] GC(225) User=0.61s Sys=0.00s Real=0.06s
[125.344s][info][gc,start       ] GC(226) Pause Full (Ergonomics)
[125.344s][info][gc,phases,start] GC(226) Marking Phase
[125.381s][info][gc,phases      ] GC(226) Marking Phase 37.051ms
[125.381s][info][gc,phases,start] GC(226) Summary Phase
[125.381s][info][gc,phases      ] GC(226) Summary Phase 0.040ms
[125.381s][info][gc,phases,start] GC(226) Adjust Roots
[125.385s][info][gc,phases      ] GC(226) Adjust Roots 3.790ms
[125.385s][info][gc,phases,start] GC(226) Compaction Phase
[125.397s][info][gc,phases      ] GC(226) Compaction Phase 11.788ms
[125.397s][info][gc,phases,start] GC(226) Post Compact
[125.406s][info][gc,phases      ] GC(226) Post Compact 8.550ms
[125.406s][info][gc,heap        ] GC(226) PSYoungGen: 232960K(465920K)->8664K(465920K) Eden: 232960K(232960K)->8664K(232960K) From: 0K(232960K)->0K(232960K)
[125.406s][info][gc,heap        ] GC(226) ParOldGen: 1396446K(1398272K)->1396446K(1398272K)
[125.406s][info][gc,metaspace   ] GC(226) Metaspace: 117014K(128064K)->117014K(128064K) NonClass: 99865K(106368K)->99865K(106368K) Class: 17149K(21696K)->17149K(21696K)
[125.406s][info][gc             ] GC(226) Pause Full (Ergonomics) 1591M->1372M(1820M) 61.537ms
[125.406s][info][gc,cpu         ] GC(226) User=0.50s Sys=0.00s Real=0.05s
[125.422s][info][gc,start       ] GC(227) Pause Full (Ergonomics)
[125.422s][info][gc,phases,start] GC(227) Marking Phase
[125.457s][info][gc,phases      ] GC(227) Marking Phase 35.055ms
[125.457s][info][gc,phases,start] GC(227) Summary Phase
[125.457s][info][gc,phases      ] GC(227) Summary Phase 0.043ms
[125.458s][info][gc,phases,start] GC(227) Adjust Roots
[125.461s][info][gc,phases      ] GC(227) Adjust Roots 3.218ms
[125.461s][info][gc,phases,start] GC(227) Compaction Phase
[125.472s][info][gc,phases      ] GC(227) Compaction Phase 11.359ms
[125.472s][info][gc,phases,start] GC(227) Post Compact
[125.481s][info][gc,phases      ] GC(227) Post Compact 8.894ms
[125.481s][info][gc,heap        ] GC(227) PSYoungGen: 232960K(465920K)->8681K(465920K) Eden: 232960K(232960K)->8681K(232960K) From: 0K(232960K)->0K(232960K)
[125.481s][info][gc,heap        ] GC(227) ParOldGen: 1396446K(1398272K)->1396446K(1398272K)
[125.481s][info][gc,metaspace   ] GC(227) Metaspace: 117017K(128064K)->117017K(128064K) NonClass: 99867K(106368K)->99867K(106368K) Class: 17149K(21696K)->17149K(21696K)
[125.481s][info][gc             ] GC(227) Pause Full (Ergonomics) 1591M->1372M(1820M) 58.908ms
[125.481s][info][gc,cpu         ] GC(227) User=1.41s Sys=0.03s Real=0.07s
[125.497s][info][gc,start       ] GC(228) Pause Full (Ergonomics)
[125.497s][info][gc,phases,start] GC(228) Marking Phase
[125.533s][info][gc,phases      ] GC(228) Marking Phase 36.082ms
[125.533s][info][gc,phases,start] GC(228) Summary Phase
[125.533s][info][gc,phases      ] GC(228) Summary Phase 0.040ms
[125.533s][info][gc,phases,start] GC(228) Adjust Roots
[125.538s][info][gc,phases      ] GC(228) Adjust Roots 4.777ms
[125.538s][info][gc,phases,start] GC(228) Compaction Phase
[125.549s][info][gc,phases      ] GC(228) Compaction Phase 10.495ms
[125.549s][info][gc,phases,start] GC(228) Post Compact
[125.558s][info][gc,phases      ] GC(228) Post Compact 8.979ms
[125.558s][info][gc,heap        ] GC(228) PSYoungGen: 232960K(465920K)->8689K(465920K) Eden: 232960K(232960K)->8689K(232960K) From: 0K(232960K)->0K(232960K)
[125.558s][info][gc,heap        ] GC(228) ParOldGen: 1396446K(1398272K)->1396446K(1398272K)
[125.558s][info][gc,metaspace   ] GC(228) Metaspace: 117023K(128064K)->117023K(128064K) NonClass: 99873K(106368K)->99873K(106368K) Class: 17149K(21696K)->17149K(21696K)
[125.558s][info][gc             ] GC(228) Pause Full (Ergonomics) 1591M->1372M(1820M) 60.766ms
[125.558s][info][gc,cpu         ] GC(228) User=1.16s Sys=0.00s Real=0.06s
[125.574s][info][gc,start       ] GC(229) Pause Full (Ergonomics)
[125.574s][info][gc,phases,start] GC(229) Marking Phase
[125.609s][info][gc,phases      ] GC(229) Marking Phase 34.670ms
[125.609s][info][gc,phases,start] GC(229) Summary Phase
[125.609s][info][gc,phases      ] GC(229) Summary Phase 0.041ms
[125.609s][info][gc,phases,start] GC(229) Adjust Roots
[125.613s][info][gc,phases      ] GC(229) Adjust Roots 3.969ms
[125.613s][info][gc,phases,start] GC(229) Compaction Phase
[125.624s][info][gc,phases      ] GC(229) Compaction Phase 11.505ms
[125.624s][info][gc,phases,start] GC(229) Post Compact
[125.633s][info][gc,phases      ] GC(229) Post Compact 8.418ms
[125.633s][info][gc,heap        ] GC(229) PSYoungGen: 232960K(465920K)->8684K(465920K) Eden: 232960K(232960K)->8684K(232960K) From: 0K(232960K)->0K(232960K)
[125.633s][info][gc,heap        ] GC(229) ParOldGen: 1396446K(1398272K)->1396446K(1398272K)
[125.633s][info][gc,metaspace   ] GC(229) Metaspace: 117023K(128064K)->117023K(128064K) NonClass: 99874K(106368K)->99874K(106368K) Class: 17149K(21696K)->17149K(21696K)
[125.633s][info][gc             ] GC(229) Pause Full (Ergonomics) 1591M->1372M(1820M) 58.893ms
[125.633s][info][gc,cpu         ] GC(229) User=1.08s Sys=0.00s Real=0.05s
[125.649s][info][gc,start       ] GC(230) Pause Full (Ergonomics)
[125.649s][info][gc,phases,start] GC(230) Marking Phase
[125.685s][info][gc,phases      ] GC(230) Marking Phase 35.730ms
[125.685s][info][gc,phases,start] GC(230) Summary Phase
[125.685s][info][gc,phases      ] GC(230) Summary Phase 0.042ms
[125.685s][info][gc,phases,start] GC(230) Adjust Roots
[125.688s][info][gc,phases      ] GC(230) Adjust Roots 3.718ms
[125.688s][info][gc,phases,start] GC(230) Compaction Phase
[125.699s][info][gc,phases      ] GC(230) Compaction Phase 10.888ms
[125.699s][info][gc,phases,start] GC(230) Post Compact
[125.708s][info][gc,phases      ] GC(230) Post Compact 8.597ms
[125.708s][info][gc,heap        ] GC(230) PSYoungGen: 232960K(465920K)->8697K(465920K) Eden: 232960K(232960K)->8697K(232960K) From: 0K(232960K)->0K(232960K)
[125.708s][info][gc,heap        ] GC(230) ParOldGen: 1396446K(1398272K)->1396446K(1398272K)
[125.708s][info][gc,metaspace   ] GC(230) Metaspace: 117023K(128064K)->117023K(128064K) NonClass: 99874K(106368K)->99874K(106368K) Class: 17149K(21696K)->17149K(21696K)
[125.708s][info][gc             ] GC(230) Pause Full (Ergonomics) 1591M->1372M(1820M) 59.250ms
[125.708s][info][gc,cpu         ] GC(230) User=1.09s Sys=0.00s Real=0.06s
[125.724s][info][gc,start       ] GC(231) Pause Full (Ergonomics)
[125.725s][info][gc,phases,start] GC(231) Marking Phase
[125.762s][info][gc,phases      ] GC(231) Marking Phase 37.248ms
[125.762s][info][gc,phases,start] GC(231) Summary Phase
[125.762s][info][gc,phases      ] GC(231) Summary Phase 0.043ms
[125.762s][info][gc,phases,start] GC(231) Adjust Roots
[125.767s][info][gc,phases      ] GC(231) Adjust Roots 4.902ms
[125.767s][info][gc,phases,start] GC(231) Compaction Phase
[125.779s][info][gc,phases      ] GC(231) Compaction Phase 11.789ms
[125.779s][info][gc,phases,start] GC(231) Post Compact
[125.787s][info][gc,phases      ] GC(231) Post Compact 8.551ms
[125.787s][info][gc,heap        ] GC(231) PSYoungGen: 232960K(465920K)->8688K(465920K) Eden: 232960K(232960K)->8688K(232960K) From: 0K(232960K)->0K(232960K)
[125.787s][info][gc,heap        ] GC(231) ParOldGen: 1396446K(1398272K)->1396446K(1398272K)
[125.787s][info][gc,metaspace   ] GC(231) Metaspace: 117023K(128064K)->117023K(128064K) NonClass: 99874K(106368K)->99874K(106368K) Class: 17149K(21696K)->17149K(21696K)
[125.787s][info][gc             ] GC(231) Pause Full (Ergonomics) 1591M->1372M(1820M) 62.872ms
[125.787s][info][gc,cpu         ] GC(231) User=1.11s Sys=0.02s Real=0.06s
[125.804s][info][gc,start       ] GC(232) Pause Full (Ergonomics)
[125.804s][info][gc,phases,start] GC(232) Marking Phase
[125.838s][info][gc,phases      ] GC(232) Marking Phase 34.134ms
[125.838s][info][gc,phases,start] GC(232) Summary Phase
[125.838s][info][gc,phases      ] GC(232) Summary Phase 0.040ms
[125.838s][info][gc,phases,start] GC(232) Adjust Roots
[125.842s][info][gc,phases      ] GC(232) Adjust Roots 4.352ms
[125.842s][info][gc,phases,start] GC(232) Compaction Phase
[125.854s][info][gc,phases      ] GC(232) Compaction Phase 11.243ms
[125.854s][info][gc,phases,start] GC(232) Post Compact
[125.862s][info][gc,phases      ] GC(232) Post Compact 8.722ms
[125.862s][info][gc,heap        ] GC(232) PSYoungGen: 232960K(465920K)->8671K(465920K) Eden: 232960K(232960K)->8671K(232960K) From: 0K(232960K)->0K(232960K)
[125.862s][info][gc,heap        ] GC(232) ParOldGen: 1396446K(1398272K)->1396446K(1398272K)
[125.862s][info][gc,metaspace   ] GC(232) Metaspace: 117023K(128064K)->117023K(128064K) NonClass: 99874K(106368K)->99874K(106368K) Class: 17149K(21696K)->17149K(21696K)
[125.863s][info][gc             ] GC(232) Pause Full (Ergonomics) 1591M->1372M(1820M) 58.824ms
[125.863s][info][gc,cpu         ] GC(232) User=0.53s Sys=0.00s Real=0.05s
[125.878s][info][gc,start       ] GC(233) Pause Full (Ergonomics)
[125.878s][info][gc,phases,start] GC(233) Marking Phase
[125.916s][info][gc,phases      ] GC(233) Marking Phase 37.094ms
[125.916s][info][gc,phases,start] GC(233) Summary Phase
[125.916s][info][gc,phases      ] GC(233) Summary Phase 0.042ms
[125.916s][info][gc,phases,start] GC(233) Adjust Roots
[125.919s][info][gc,phases      ] GC(233) Adjust Roots 3.623ms
[125.919s][info][gc,phases,start] GC(233) Compaction Phase
[125.930s][info][gc,phases      ] GC(233) Compaction Phase 10.823ms
[125.930s][info][gc,phases,start] GC(233) Post Compact
[125.939s][info][gc,phases      ] GC(233) Post Compact 8.637ms
[125.939s][info][gc,heap        ] GC(233) PSYoungGen: 232960K(465920K)->8687K(465920K) Eden: 232960K(232960K)->8687K(232960K) From: 0K(232960K)->0K(232960K)
[125.939s][info][gc,heap        ] GC(233) ParOldGen: 1396446K(1398272K)->1396446K(1398272K)
[125.939s][info][gc,metaspace   ] GC(233) Metaspace: 117023K(128064K)->117023K(128064K) NonClass: 99874K(106368K)->99874K(106368K) Class: 17149K(21696K)->17149K(21696K)
[125.939s][info][gc             ] GC(233) Pause Full (Ergonomics) 1591M->1372M(1820M) 60.523ms
[125.939s][info][gc,cpu         ] GC(233) User=0.89s Sys=0.02s Real=0.07s
[125.955s][info][gc,start       ] GC(234) Pause Full (Ergonomics)
[125.955s][info][gc,phases,start] GC(234) Marking Phase
[125.991s][info][gc,phases      ] GC(234) Marking Phase 35.666ms
[125.991s][info][gc,phases,start] GC(234) Summary Phase
[125.991s][info][gc,phases      ] GC(234) Summary Phase 0.043ms
[125.991s][info][gc,phases,start] GC(234) Adjust Roots
[125.995s][info][gc,phases      ] GC(234) Adjust Roots 4.022ms
[125.995s][info][gc,phases,start] GC(234) Compaction Phase
[126.028s][info][gc,phases      ] GC(234) Compaction Phase 32.689ms
[126.028s][info][gc,phases,start] GC(234) Post Compact
[126.036s][info][gc,phases      ] GC(234) Post Compact 7.971ms
[126.036s][info][gc,heap        ] GC(234) PSYoungGen: 232960K(465920K)->8683K(465920K) Eden: 232960K(232960K)->8683K(232960K) From: 0K(232960K)->0K(232960K)
[126.036s][info][gc,heap        ] GC(234) ParOldGen: 1396446K(1398272K)->1396443K(1398272K)
[126.036s][info][gc,metaspace   ] GC(234) Metaspace: 117060K(128064K)->117060K(128064K) NonClass: 99909K(106368K)->99909K(106368K) Class: 17151K(21696K)->17151K(21696K)
[126.036s][info][gc             ] GC(234) Pause Full (Ergonomics) 1591M->1372M(1820M) 80.675ms
[126.036s][info][gc,cpu         ] GC(234) User=1.41s Sys=0.02s Real=0.08s
[126.052s][info][gc,start       ] GC(235) Pause Full (Ergonomics)
[126.053s][info][gc,phases,start] GC(235) Marking Phase
[126.087s][info][gc,phases      ] GC(235) Marking Phase 34.286ms
[126.087s][info][gc,phases,start] GC(235) Summary Phase
[126.087s][info][gc,phases      ] GC(235) Summary Phase 0.043ms
[126.087s][info][gc,phases,start] GC(235) Adjust Roots
[126.090s][info][gc,phases      ] GC(235) Adjust Roots 3.408ms
[126.090s][info][gc,phases,start] GC(235) Compaction Phase
[126.109s][info][gc,phases      ] GC(235) Compaction Phase 18.483ms
[126.109s][info][gc,phases,start] GC(235) Post Compact
[126.117s][info][gc,phases      ] GC(235) Post Compact 7.951ms
[126.117s][info][gc,heap        ] GC(235) PSYoungGen: 232960K(465920K)->8697K(465920K) Eden: 232960K(232960K)->8697K(232960K) From: 0K(232960K)->0K(232960K)
[126.117s][info][gc,heap        ] GC(235) ParOldGen: 1396443K(1398272K)->1396442K(1398272K)
[126.117s][info][gc,metaspace   ] GC(235) Metaspace: 117066K(128064K)->117066K(128064K) NonClass: 99914K(106368K)->99914K(106368K) Class: 17151K(21696K)->17151K(21696K)
[126.117s][info][gc             ] GC(235) Pause Full (Ergonomics) 1591M->1372M(1820M) 64.472ms
[126.117s][info][gc,cpu         ] GC(235) User=1.48s Sys=0.00s Real=0.06s
[126.133s][info][gc,start       ] GC(236) Pause Full (Ergonomics)
[126.133s][info][gc,phases,start] GC(236) Marking Phase
[126.168s][info][gc,phases      ] GC(236) Marking Phase 34.221ms
[126.168s][info][gc,phases,start] GC(236) Summary Phase
[126.168s][info][gc,phases      ] GC(236) Summary Phase 0.041ms
[126.168s][info][gc,phases,start] GC(236) Adjust Roots
[126.172s][info][gc,phases      ] GC(236) Adjust Roots 4.166ms
[126.172s][info][gc,phases,start] GC(236) Compaction Phase
[126.188s][info][gc,phases      ] GC(236) Compaction Phase 16.242ms
[126.188s][info][gc,phases,start] GC(236) Post Compact
[126.197s][info][gc,phases      ] GC(236) Post Compact 8.718ms
[126.197s][info][gc,heap        ] GC(236) PSYoungGen: 232960K(465920K)->8682K(465920K) Eden: 232960K(232960K)->8682K(232960K) From: 0K(232960K)->0K(232960K)
[126.197s][info][gc,heap        ] GC(236) ParOldGen: 1396442K(1398272K)->1396442K(1398272K)
[126.197s][info][gc,metaspace   ] GC(236) Metaspace: 117071K(128064K)->117071K(128064K) NonClass: 99918K(106368K)->99918K(106368K) Class: 17152K(21696K)->17152K(21696K)
[126.197s][info][gc             ] GC(236) Pause Full (Ergonomics) 1591M->1372M(1820M) 63.710ms
[126.197s][info][gc,cpu         ] GC(236) User=1.11s Sys=0.00s Real=0.06s
[126.214s][info][gc,start       ] GC(237) Pause Full (Ergonomics)
[126.214s][info][gc,phases,start] GC(237) Marking Phase
[126.241s][info][gc,phases      ] GC(237) Marking Phase 27.255ms
[126.241s][info][gc,phases,start] GC(237) Summary Phase
[126.241s][info][gc,phases      ] GC(237) Summary Phase 0.043ms
[126.241s][info][gc,phases,start] GC(237) Adjust Roots
[126.244s][info][gc,phases      ] GC(237) Adjust Roots 3.476ms
[126.244s][info][gc,phases,start] GC(237) Compaction Phase
[126.350s][info][gc,phases      ] GC(237) Compaction Phase 105.329ms
[126.350s][info][gc,phases,start] GC(237) Post Compact
[126.358s][info][gc,phases      ] GC(237) Post Compact 7.971ms
[126.358s][info][gc,heap        ] GC(237) PSYoungGen: 232960K(465920K)->8731K(465920K) Eden: 232960K(232960K)->8731K(232960K) From: 0K(232960K)->0K(232960K)
[126.358s][info][gc,heap        ] GC(237) ParOldGen: 1396442K(1398272K)->1396442K(1398272K)
[126.358s][info][gc,metaspace   ] GC(237) Metaspace: 117078K(128064K)->117078K(128064K) NonClass: 99924K(106368K)->99924K(106368K) Class: 17154K(21696K)->17154K(21696K)
[126.358s][info][gc             ] GC(237) Pause Full (Ergonomics) 1591M->1372M(1820M) 144.390ms
[126.358s][info][gc,cpu         ] GC(237) User=3.64s Sys=0.00s Real=0.14s
[126.421s][info][gc,start       ] GC(238) Pause Full (Ergonomics)
[126.421s][info][gc,phases,start] GC(238) Marking Phase
[126.461s][info][gc,phases      ] GC(238) Marking Phase 39.736ms
[126.461s][info][gc,phases,start] GC(238) Summary Phase
[126.461s][info][gc,phases      ] GC(238) Summary Phase 0.042ms
[126.461s][info][gc,phases,start] GC(238) Adjust Roots
[126.466s][info][gc,phases      ] GC(238) Adjust Roots 4.865ms
[126.466s][info][gc,phases,start] GC(238) Compaction Phase
[126.489s][info][gc,phases      ] GC(238) Compaction Phase 22.746ms
[126.489s][info][gc,phases,start] GC(238) Post Compact
[126.497s][info][gc,phases      ] GC(238) Post Compact 7.915ms
[126.497s][info][gc,heap        ] GC(238) PSYoungGen: 232960K(465920K)->8724K(465920K) Eden: 232960K(232960K)->8724K(232960K) From: 0K(232960K)->0K(232960K)
[126.497s][info][gc,heap        ] GC(238) ParOldGen: 1396442K(1398272K)->1396428K(1398272K)
[126.497s][info][gc,metaspace   ] GC(238) Metaspace: 117084K(128064K)->117084K(128064K) NonClass: 99929K(106368K)->99929K(106368K) Class: 17154K(21696K)->17154K(21696K)
[126.497s][info][gc             ] GC(238) Pause Full (Ergonomics) 1591M->1372M(1820M) 75.633ms
[126.497s][info][gc,cpu         ] GC(238) User=1.91s Sys=0.00s Real=0.06s
[126.513s][info][gc,start       ] GC(239) Pause Full (Ergonomics)
[126.513s][info][gc,phases,start] GC(239) Marking Phase
[126.549s][info][gc,phases      ] GC(239) Marking Phase 35.293ms
[126.549s][info][gc,phases,start] GC(239) Summary Phase
[126.549s][info][gc,phases      ] GC(239) Summary Phase 0.043ms
[126.549s][info][gc,phases,start] GC(239) Adjust Roots
[126.553s][info][gc,phases      ] GC(239) Adjust Roots 3.870ms
[126.553s][info][gc,phases,start] GC(239) Compaction Phase
[126.573s][info][gc,phases      ] GC(239) Compaction Phase 19.828ms
[126.573s][info][gc,phases,start] GC(239) Post Compact
[126.581s][info][gc,phases      ] GC(239) Post Compact 8.109ms
[126.581s][info][gc,heap        ] GC(239) PSYoungGen: 232960K(465920K)->8724K(465920K) Eden: 232960K(232960K)->8724K(232960K) From: 0K(232960K)->0K(232960K)
[126.581s][info][gc,heap        ] GC(239) ParOldGen: 1396428K(1398272K)->1396426K(1398272K)
[126.581s][info][gc,metaspace   ] GC(239) Metaspace: 117087K(128064K)->117087K(128064K) NonClass: 99932K(106368K)->99932K(106368K) Class: 17154K(21696K)->17154K(21696K)
[126.581s][info][gc             ] GC(239) Pause Full (Ergonomics) 1591M->1372M(1820M) 67.453ms
[126.581s][info][gc,cpu         ] GC(239) User=1.45s Sys=0.03s Real=0.08s
[126.598s][info][gc,start       ] GC(240) Pause Full (Ergonomics)
[126.598s][info][gc,phases,start] GC(240) Marking Phase
[126.632s][info][gc,phases      ] GC(240) Marking Phase 34.421ms
[126.632s][info][gc,phases,start] GC(240) Summary Phase
[126.632s][info][gc,phases      ] GC(240) Summary Phase 0.040ms
[126.632s][info][gc,phases,start] GC(240) Adjust Roots
[126.637s][info][gc,phases      ] GC(240) Adjust Roots 4.570ms
[126.637s][info][gc,phases,start] GC(240) Compaction Phase
[126.648s][info][gc,phases      ] GC(240) Compaction Phase 11.027ms
[126.648s][info][gc,phases,start] GC(240) Post Compact
[126.657s][info][gc,phases      ] GC(240) Post Compact 8.796ms
[126.657s][info][gc,heap        ] GC(240) PSYoungGen: 232960K(465920K)->8810K(465920K) Eden: 232960K(232960K)->8810K(232960K) From: 0K(232960K)->0K(232960K)
[126.657s][info][gc,heap        ] GC(240) ParOldGen: 1396426K(1398272K)->1396426K(1398272K)
[126.657s][info][gc,metaspace   ] GC(240) Metaspace: 117113K(128064K)->117113K(128064K) NonClass: 99958K(106368K)->99958K(106368K) Class: 17154K(21696K)->17154K(21696K)
[126.657s][info][gc             ] GC(240) Pause Full (Ergonomics) 1591M->1372M(1820M) 59.159ms
[126.657s][info][gc,cpu         ] GC(240) User=0.59s Sys=0.00s Real=0.05s
[126.674s][info][gc,start       ] GC(241) Pause Full (Ergonomics)
[126.674s][info][gc,phases,start] GC(241) Marking Phase
[126.710s][info][gc,phases      ] GC(241) Marking Phase 36.419ms
[126.710s][info][gc,phases,start] GC(241) Summary Phase
[126.710s][info][gc,phases      ] GC(241) Summary Phase 0.042ms
[126.710s][info][gc,phases,start] GC(241) Adjust Roots
[126.715s][info][gc,phases      ] GC(241) Adjust Roots 4.367ms
[126.715s][info][gc,phases,start] GC(241) Compaction Phase
[126.733s][info][gc,phases      ] GC(241) Compaction Phase 17.916ms
[126.733s][info][gc,phases,start] GC(241) Post Compact
[126.741s][info][gc,phases      ] GC(241) Post Compact 8.265ms
[126.741s][info][gc,heap        ] GC(241) PSYoungGen: 232960K(465920K)->8815K(465920K) Eden: 232960K(232960K)->8815K(232960K) From: 0K(232960K)->0K(232960K)
[126.741s][info][gc,heap        ] GC(241) ParOldGen: 1396426K(1398272K)->1396426K(1398272K)
[126.741s][info][gc,metaspace   ] GC(241) Metaspace: 117113K(128064K)->117113K(128064K) NonClass: 99958K(106368K)->99958K(106368K) Class: 17154K(21696K)->17154K(21696K)
[126.741s][info][gc             ] GC(241) Pause Full (Ergonomics) 1591M->1372M(1820M) 67.314ms
[126.741s][info][gc,cpu         ] GC(241) User=1.39s Sys=0.03s Real=0.08s
[126.758s][info][gc,start       ] GC(242) Pause Full (Ergonomics)
[126.758s][info][gc,phases,start] GC(242) Marking Phase
[126.790s][info][gc,phases      ] GC(242) Marking Phase 32.748ms
[126.791s][info][gc,phases,start] GC(242) Summary Phase
[126.791s][info][gc,phases      ] GC(242) Summary Phase 0.043ms
[126.791s][info][gc,phases,start] GC(242) Adjust Roots
[126.795s][info][gc,phases      ] GC(242) Adjust Roots 4.164ms
[126.795s][info][gc,phases,start] GC(242) Compaction Phase
[126.813s][info][gc,phases      ] GC(242) Compaction Phase 17.758ms
[126.813s][info][gc,phases,start] GC(242) Post Compact
[126.821s][info][gc,phases      ] GC(242) Post Compact 8.291ms
[126.821s][info][gc,heap        ] GC(242) PSYoungGen: 232960K(465920K)->8874K(465920K) Eden: 232960K(232960K)->8874K(232960K) From: 0K(232960K)->0K(232960K)
[126.821s][info][gc,heap        ] GC(242) ParOldGen: 1396426K(1398272K)->1396426K(1398272K)
[126.821s][info][gc,metaspace   ] GC(242) Metaspace: 117115K(128064K)->117115K(128064K) NonClass: 99960K(106368K)->99960K(106368K) Class: 17154K(21696K)->17154K(21696K)
[126.821s][info][gc             ] GC(242) Pause Full (Ergonomics) 1591M->1372M(1820M) 63.310ms
[126.821s][info][gc,cpu         ] GC(242) User=0.97s Sys=0.00s Real=0.06s
[126.838s][info][gc,start       ] GC(243) Pause Full (Ergonomics)
[126.838s][info][gc,phases,start] GC(243) Marking Phase
[126.873s][info][gc,phases      ] GC(243) Marking Phase 35.116ms
[126.873s][info][gc,phases,start] GC(243) Summary Phase
[126.873s][info][gc,phases      ] GC(243) Summary Phase 0.074ms
[126.873s][info][gc,phases,start] GC(243) Adjust Roots
[126.878s][info][gc,phases      ] GC(243) Adjust Roots 4.506ms
[126.878s][info][gc,phases,start] GC(243) Compaction Phase
[126.976s][info][gc,phases      ] GC(243) Compaction Phase 98.571ms
[126.977s][info][gc,phases,start] GC(243) Post Compact
[126.984s][info][gc,phases      ] GC(243) Post Compact 7.946ms
[126.985s][info][gc,heap        ] GC(243) PSYoungGen: 232960K(465920K)->0K(465920K) Eden: 232960K(232960K)->0K(232960K) From: 0K(232960K)->0K(232960K)
[126.985s][info][gc,heap        ] GC(243) ParOldGen: 1396426K(1398272K)->1356174K(1398272K)
[126.985s][info][gc,metaspace   ] GC(243) Metaspace: 117116K(128064K)->117116K(128064K) NonClass: 99961K(106368K)->99961K(106368K) Class: 17154K(21696K)->17154K(21696K)
[126.985s][info][gc             ] GC(243) Pause Full (Ergonomics) 1591M->1324M(1820M) 146.514ms
[126.985s][info][gc,cpu         ] GC(243) User=3.58s Sys=0.00s Real=0.14s
[127.002s][info][gc,start       ] GC(244) Pause Full (Ergonomics)
[127.002s][info][gc,phases,start] GC(244) Marking Phase
[127.035s][info][gc,phases      ] GC(244) Marking Phase 33.465ms
[127.035s][info][gc,phases,start] GC(244) Summary Phase
[127.035s][info][gc,phases      ] GC(244) Summary Phase 0.055ms
[127.035s][info][gc,phases,start] GC(244) Adjust Roots
[127.040s][info][gc,phases      ] GC(244) Adjust Roots 4.468ms
[127.040s][info][gc,phases,start] GC(244) Compaction Phase
[127.051s][info][gc,phases      ] GC(244) Compaction Phase 11.609ms
[127.051s][info][gc,phases,start] GC(244) Post Compact
[127.060s][info][gc,phases      ] GC(244) Post Compact 8.282ms
[127.060s][info][gc,heap        ] GC(244) PSYoungGen: 232960K(465920K)->0K(465920K) Eden: 232960K(232960K)->0K(232960K) From: 0K(232960K)->0K(232960K)
[127.060s][info][gc,heap        ] GC(244) ParOldGen: 1356174K(1398272K)->1356172K(1398272K)
[127.060s][info][gc,metaspace   ] GC(244) Metaspace: 117116K(128064K)->117116K(128064K) NonClass: 99961K(106368K)->99961K(106368K) Class: 17154K(21696K)->17154K(21696K)
[127.060s][info][gc             ] GC(244) Pause Full (Ergonomics) 1551M->1324M(1820M) 58.174ms
[127.060s][info][gc,cpu         ] GC(244) User=0.95s Sys=0.00s Real=0.06s
[127.079s][info][gc,start       ] GC(245) Pause Full (Ergonomics)
[127.079s][info][gc,phases,start] GC(245) Marking Phase
[127.114s][info][gc,phases      ] GC(245) Marking Phase 35.393ms
[127.114s][info][gc,phases,start] GC(245) Summary Phase
[127.114s][info][gc,phases      ] GC(245) Summary Phase 0.063ms
[127.114s][info][gc,phases,start] GC(245) Adjust Roots
[127.122s][info][gc,phases      ] GC(245) Adjust Roots 7.781ms
[127.122s][info][gc,phases,start] GC(245) Compaction Phase
[127.206s][info][gc,phases      ] GC(245) Compaction Phase 84.043ms
[127.206s][info][gc,phases,start] GC(245) Post Compact
[127.214s][info][gc,phases      ] GC(245) Post Compact 7.785ms
[127.214s][info][gc,heap        ] GC(245) PSYoungGen: 232960K(465920K)->0K(465920K) Eden: 232960K(232960K)->0K(232960K) From: 0K(232960K)->0K(232960K)
[127.214s][info][gc,heap        ] GC(245) ParOldGen: 1356172K(1398272K)->1282379K(1398272K)
[127.214s][info][gc,metaspace   ] GC(245) Metaspace: 117140K(128064K)->117140K(128064K) NonClass: 99984K(106368K)->99984K(106368K) Class: 17155K(21696K)->17155K(21696K)
[127.214s][info][gc             ] GC(245) Pause Full (Ergonomics) 1551M->1252M(1820M) 135.372ms
[127.214s][info][gc,cpu         ] GC(245) User=3.56s Sys=0.00s Real=0.13s
[127.233s][info][gc,start       ] GC(246) Pause Young (Allocation Failure)
[127.234s][info][gc,heap        ] GC(246) PSYoungGen: 232960K(465920K)->1056K(465920K) Eden: 232960K(232960K)->0K(232960K) From: 0K(232960K)->1056K(232960K)
[127.234s][info][gc,heap        ] GC(246) ParOldGen: 1282379K(1398272K)->1282379K(1398272K)
[127.234s][info][gc,metaspace   ] GC(246) Metaspace: 117203K(128064K)->117203K(128064K) NonClass: 100027K(106368K)->100027K(106368K) Class: 17175K(21696K)->17175K(21696K)
[127.234s][info][gc             ] GC(246) Pause Young (Allocation Failure) 1479M->1253M(1820M) 1.420ms
[127.234s][info][gc,cpu         ] GC(246) User=0.00s Sys=0.00s Real=0.00s
[127.253s][info][gc,start       ] GC(247) Pause Young (Allocation Failure)
[127.254s][info][gc,heap        ] GC(247) PSYoungGen: 234016K(465920K)->928K(465920K) Eden: 232960K(232960K)->0K(232960K) From: 1056K(232960K)->928K(232960K)
[127.254s][info][gc,heap        ] GC(247) ParOldGen: 1282379K(1398272K)->1282379K(1398272K)
[127.254s][info][gc,metaspace   ] GC(247) Metaspace: 117424K(128064K)->117424K(128064K) NonClass: 100208K(106368K)->100208K(106368K) Class: 17215K(21696K)->17215K(21696K)
[127.254s][info][gc             ] GC(247) Pause Young (Allocation Failure) 1480M->1253M(1820M) 1.302ms
[127.254s][info][gc,cpu         ] GC(247) User=0.00s Sys=0.00s Real=0.00s
[128.771s][info][gc,start       ] GC(248) Pause Young (System.gc())
[128.774s][info][gc,heap        ] GC(248) PSYoungGen: 178312K(465920K)->7924K(465920K) Eden: 177384K(232960K)->0K(232960K) From: 928K(232960K)->7924K(232960K)
[128.774s][info][gc,heap        ] GC(248) ParOldGen: 1282379K(1398272K)->1282387K(1398272K)
[128.774s][info][gc,metaspace   ] GC(248) Metaspace: 121643K(128256K)->121643K(128256K) NonClass: 103641K(106560K)->103641K(106560K) Class: 18002K(21696K)->18002K(21696K)
[128.775s][info][gc             ] GC(248) Pause Young (System.gc()) 1426M->1260M(1820M) 3.711ms
[128.775s][info][gc,cpu         ] GC(248) User=0.00s Sys=0.00s Real=0.00s
[128.775s][info][gc,start       ] GC(249) Pause Full (System.gc())
[128.775s][info][gc,phases,start] GC(249) Marking Phase
[128.817s][info][gc,phases      ] GC(249) Marking Phase 41.865ms
[128.817s][info][gc,phases,start] GC(249) Summary Phase
[128.817s][info][gc,phases      ] GC(249) Summary Phase 0.034ms
[128.817s][info][gc,phases,start] GC(249) Adjust Roots
[128.828s][info][gc,phases      ] GC(249) Adjust Roots 11.706ms
[128.828s][info][gc,phases,start] GC(249) Compaction Phase
[128.901s][info][gc,phases      ] GC(249) Compaction Phase 72.263ms
[128.901s][info][gc,phases,start] GC(249) Post Compact
[128.907s][info][gc,phases      ] GC(249) Post Compact 6.575ms
[128.907s][info][gc,heap        ] GC(249) PSYoungGen: 7924K(465920K)->0K(465920K) Eden: 0K(232960K)->0K(232960K) From: 7924K(232960K)->0K(232960K)
[128.907s][info][gc,heap        ] GC(249) ParOldGen: 1282387K(1398272K)->973316K(1398272K)
[128.907s][info][gc,metaspace   ] GC(249) Metaspace: 121643K(128256K)->121643K(128256K) NonClass: 103641K(106560K)->103641K(106560K) Class: 18002K(21696K)->18002K(21696K)
[128.907s][info][gc             ] GC(249) Pause Full (System.gc()) 1260M->950M(1820M) 132.705ms
[128.907s][info][gc,cpu         ] GC(249) User=3.09s Sys=0.03s Real=0.14s
[129.139s][info][gc,start       ] GC(250) Pause Young (Allocation Failure)
[129.141s][info][gc,heap        ] GC(250) PSYoungGen: 232960K(465920K)->10136K(465920K) Eden: 232960K(232960K)->0K(232960K) From: 0K(232960K)->10136K(232960K)
[129.141s][info][gc,heap        ] GC(250) ParOldGen: 973316K(1398272K)->973324K(1398272K)
[129.141s][info][gc,metaspace   ] GC(250) Metaspace: 122092K(128256K)->122092K(128256K) NonClass: 104031K(106560K)->104031K(106560K) Class: 18061K(21696K)->18061K(21696K)
[129.142s][info][gc             ] GC(250) Pause Young (Allocation Failure) 1178M->960M(1820M) 2.579ms
[129.142s][info][gc,cpu         ] GC(250) User=0.00s Sys=0.00s Real=0.00s
[129.167s][info][gc,start       ] GC(251) Pause Young (Allocation Failure)
[129.169s][info][gc,heap        ] GC(251) PSYoungGen: 243096K(465920K)->11757K(465920K) Eden: 232960K(232960K)->0K(232960K) From: 10136K(232960K)->11757K(232960K)
[129.169s][info][gc,heap        ] GC(251) ParOldGen: 973324K(1398272K)->973324K(1398272K)
[129.169s][info][gc,metaspace   ] GC(251) Metaspace: 122096K(128256K)->122096K(128256K) NonClass: 104034K(106560K)->104034K(106560K) Class: 18061K(21696K)->18061K(21696K)
[129.169s][info][gc             ] GC(251) Pause Young (Allocation Failure) 1187M->961M(1820M) 2.106ms
[129.169s][info][gc,cpu         ] GC(251) User=0.00s Sys=0.00s Real=0.00s
[129.194s][info][gc,start       ] GC(252) Pause Young (Allocation Failure)
[129.196s][info][gc,heap        ] GC(252) PSYoungGen: 244717K(465920K)->5038K(465920K) Eden: 232960K(232960K)->0K(232960K) From: 11757K(232960K)->5038K(232960K)
[129.196s][info][gc,heap        ] GC(252) ParOldGen: 973324K(1398272K)->982256K(1398272K)
[129.196s][info][gc,metaspace   ] GC(252) Metaspace: 122101K(128256K)->122101K(128256K) NonClass: 104040K(106560K)->104040K(106560K) Class: 18061K(21696K)->18061K(21696K)
[129.196s][info][gc             ] GC(252) Pause Young (Allocation Failure) 1189M->964M(1820M) 2.374ms
[129.196s][info][gc,cpu         ] GC(252) User=0.00s Sys=0.00s Real=0.00s
[129.221s][info][gc,start       ] GC(253) Pause Young (Allocation Failure)
[129.222s][info][gc,heap        ] GC(253) PSYoungGen: 237998K(465920K)->928K(465920K) Eden: 232960K(232960K)->0K(232960K) From: 5038K(232960K)->928K(232960K)
[129.222s][info][gc,heap        ] GC(253) ParOldGen: 982256K(1398272K)->986474K(1398272K)
[129.222s][info][gc,metaspace   ] GC(253) Metaspace: 122102K(128256K)->122102K(128256K) NonClass: 104040K(106560K)->104040K(106560K) Class: 18061K(21696K)->18061K(21696K)
[129.222s][info][gc             ] GC(253) Pause Young (Allocation Failure) 1191M->964M(1820M) 1.307ms
[129.222s][info][gc,cpu         ] GC(253) User=0.00s Sys=0.00s Real=0.00s
[129.246s][info][gc,start       ] GC(254) Pause Young (Allocation Failure)
[129.247s][info][gc,heap        ] GC(254) PSYoungGen: 233888K(465920K)->1837K(465920K) Eden: 232960K(232960K)->0K(232960K) From: 928K(232960K)->1837K(232960K)
[129.247s][info][gc,heap        ] GC(254) ParOldGen: 986474K(1398272K)->986663K(1398272K)
[129.247s][info][gc,metaspace   ] GC(254) Metaspace: 122102K(128256K)->122102K(128256K) NonClass: 104040K(106560K)->104040K(106560K) Class: 18061K(21696K)->18061K(21696K)
[129.247s][info][gc             ] GC(254) Pause Young (Allocation Failure) 1191M->965M(1820M) 1.229ms
[129.247s][info][gc,cpu         ] GC(254) User=0.00s Sys=0.00s Real=0.00s
[129.273s][info][gc,start       ] GC(255) Pause Young (Allocation Failure)
[129.274s][info][gc,heap        ] GC(255) PSYoungGen: 234797K(465920K)->1446K(465920K) Eden: 232960K(232960K)->0K(232960K) From: 1837K(232960K)->1446K(232960K)
[129.274s][info][gc,heap        ] GC(255) ParOldGen: 986663K(1398272K)->987520K(1398272K)
[129.274s][info][gc,metaspace   ] GC(255) Metaspace: 122102K(128256K)->122102K(128256K) NonClass: 104040K(106560K)->104040K(106560K) Class: 18061K(21696K)->18061K(21696K)
[129.274s][info][gc             ] GC(255) Pause Young (Allocation Failure) 1192M->965M(1820M) 1.226ms
[129.274s][info][gc,cpu         ] GC(255) User=0.00s Sys=0.00s Real=0.00s
[129.298s][info][gc,start       ] GC(256) Pause Young (Allocation Failure)
[129.299s][info][gc,heap        ] GC(256) PSYoungGen: 234406K(465920K)->1414K(465920K) Eden: 232960K(232960K)->0K(232960K) From: 1446K(232960K)->1414K(232960K)
[129.299s][info][gc,heap        ] GC(256) ParOldGen: 987520K(1398272K)->988039K(1398272K)
[129.299s][info][gc,metaspace   ] GC(256) Metaspace: 122102K(128256K)->122102K(128256K) NonClass: 104040K(106560K)->104040K(106560K) Class: 18061K(21696K)->18061K(21696K)
[129.299s][info][gc             ] GC(256) Pause Young (Allocation Failure) 1193M->966M(1820M) 1.231ms
[129.299s][info][gc,cpu         ] GC(256) User=0.00s Sys=0.00s Real=0.00s
[129.324s][info][gc,start       ] GC(257) Pause Young (Allocation Failure)
[129.326s][info][gc,heap        ] GC(257) PSYoungGen: 234374K(465920K)->2195K(457728K) Eden: 232960K(232960K)->0K(232960K) From: 1414K(232960K)->2195K(224768K)
[129.326s][info][gc,heap        ] GC(257) ParOldGen: 988039K(1398272K)->988461K(1398272K)
[129.326s][info][gc,metaspace   ] GC(257) Metaspace: 122102K(128256K)->122102K(128256K) NonClass: 104040K(106560K)->104040K(106560K) Class: 18061K(21696K)->18061K(21696K)
[129.326s][info][gc             ] GC(257) Pause Young (Allocation Failure) 1193M->967M(1812M) 2.192ms
[129.326s][info][gc,cpu         ] GC(257) User=0.00s Sys=0.00s Real=0.00s
[129.349s][info][gc,start       ] GC(258) Pause Young (Allocation Failure)
[129.353s][info][gc,heap        ] GC(258) PSYoungGen: 235155K(457728K)->6524K(239616K) Eden: 232960K(232960K)->0K(232960K) From: 2195K(224768K)->6524K(6656K)
[129.353s][info][gc,heap        ] GC(258) ParOldGen: 988461K(1398272K)->988461K(1398272K)
[129.353s][info][gc,metaspace   ] GC(258) Metaspace: 122102K(128256K)->122102K(128256K) NonClass: 104040K(106560K)->104040K(106560K) Class: 18061K(21696K)->18061K(21696K)
[129.353s][info][gc             ] GC(258) Pause Young (Allocation Failure) 1194M->971M(1599M) 3.290ms
[129.353s][info][gc,cpu         ] GC(258) User=0.00s Sys=0.00s Real=0.00s
[129.375s][info][gc,start       ] GC(259) Pause Young (Allocation Failure)
[129.379s][info][gc,heap        ] GC(259) PSYoungGen: 239484K(239616K)->8868K(430080K) Eden: 232960K(232960K)->0K(236544K) From: 6524K(6656K)->8868K(193536K)
[129.379s][info][gc,heap        ] GC(259) ParOldGen: 988461K(1398272K)->988461K(1398272K)
[129.380s][info][gc,metaspace   ] GC(259) Metaspace: 122102K(128256K)->122102K(128256K) NonClass: 104040K(106560K)->104040K(106560K) Class: 18061K(21696K)->18061K(21696K)
[129.380s][info][gc             ] GC(259) Pause Young (Allocation Failure) 1199M->973M(1785M) 4.087ms
[129.380s][info][gc,cpu         ] GC(259) User=0.06s Sys=0.02s Real=0.01s
[129.401s][info][gc,start       ] GC(260) Pause Young (Allocation Failure)
[129.406s][info][gc,heap        ] GC(260) PSYoungGen: 245412K(430080K)->14305K(250880K) Eden: 236544K(236544K)->0K(236544K) From: 8868K(193536K)->14305K(14336K)
[129.406s][info][gc,heap        ] GC(260) ParOldGen: 988461K(1398272K)->988461K(1398272K)
[129.406s][info][gc,metaspace   ] GC(260) Metaspace: 122102K(128256K)->122102K(128256K) NonClass: 104040K(106560K)->104040K(106560K) Class: 18061K(21696K)->18061K(21696K)
[129.406s][info][gc             ] GC(260) Pause Young (Allocation Failure) 1204M->979M(1610M) 4.689ms
[129.406s][info][gc,cpu         ] GC(260) User=0.00s Sys=0.00s Real=0.00s
[129.427s][info][gc,start       ] GC(261) Pause Young (Allocation Failure)
[129.433s][info][gc,heap        ] GC(261) PSYoungGen: 250849K(250880K)->18243K(407552K) Eden: 236544K(236544K)->0K(240640K) From: 14305K(14336K)->18243K(166912K)
[129.433s][info][gc,heap        ] GC(261) ParOldGen: 988461K(1398272K)->988461K(1398272K)
[129.433s][info][gc,metaspace   ] GC(261) Metaspace: 122102K(128256K)->122102K(128256K) NonClass: 104040K(106560K)->104040K(106560K) Class: 18061K(21696K)->18061K(21696K)
[129.434s][info][gc             ] GC(261) Pause Young (Allocation Failure) 1210M->983M(1763M) 6.707ms
[129.434s][info][gc,cpu         ] GC(261) User=0.00s Sys=0.00s Real=0.00s
[129.455s][info][gc,start       ] GC(262) Pause Young (Allocation Failure)
[129.460s][info][gc,heap        ] GC(262) PSYoungGen: 258883K(407552K)->22150K(263168K) Eden: 240640K(240640K)->0K(240640K) From: 18243K(166912K)->22150K(22528K)
[129.460s][info][gc,heap        ] GC(262) ParOldGen: 988461K(1398272K)->988461K(1398272K)
[129.460s][info][gc,metaspace   ] GC(262) Metaspace: 122102K(128256K)->122102K(128256K) NonClass: 104040K(106560K)->104040K(106560K) Class: 18061K(21696K)->18061K(21696K)
[129.460s][info][gc             ] GC(262) Pause Young (Allocation Failure) 1218M->986M(1622M) 5.291ms
[129.460s][info][gc,cpu         ] GC(262) User=0.00s Sys=0.00s Real=0.00s
[129.481s][info][gc,start       ] GC(263) Pause Young (Allocation Failure)
[129.487s][info][gc,heap        ] GC(263) PSYoungGen: 262790K(263168K)->23680K(391168K) Eden: 240640K(240640K)->0K(246272K) From: 22150K(22528K)->23680K(144896K)
[129.487s][info][gc,heap        ] GC(263) ParOldGen: 988461K(1398272K)->988461K(1398272K)
[129.487s][info][gc,metaspace   ] GC(263) Metaspace: 122102K(128256K)->122102K(128256K) NonClass: 104040K(106560K)->104040K(106560K) Class: 18061K(21696K)->18061K(21696K)
[129.487s][info][gc             ] GC(263) Pause Young (Allocation Failure) 1221M->988M(1747M) 5.988ms
[129.487s][info][gc,cpu         ] GC(263) User=0.00s Sys=0.00s Real=0.00s
[129.508s][info][gc,start       ] GC(264) Pause Young (Allocation Failure)
[129.513s][info][gc,heap        ] GC(264) PSYoungGen: 269952K(391168K)->24493K(270848K) Eden: 246272K(246272K)->0K(246272K) From: 23680K(144896K)->24493K(24576K)
[129.514s][info][gc,heap        ] GC(264) ParOldGen: 988461K(1398272K)->988461K(1398272K)
[129.514s][info][gc,metaspace   ] GC(264) Metaspace: 122102K(128256K)->122102K(128256K) NonClass: 104040K(106560K)->104040K(106560K) Class: 18061K(21696K)->18061K(21696K)
[129.514s][info][gc             ] GC(264) Pause Young (Allocation Failure) 1228M->989M(1630M) 5.757ms
[129.514s][info][gc,cpu         ] GC(264) User=0.00s Sys=0.00s Real=0.00s
[129.534s][info][gc,start       ] GC(265) Pause Young (Allocation Failure)
[129.540s][info][gc,heap        ] GC(265) PSYoungGen: 270765K(270848K)->33836K(377344K) Eden: 246272K(246272K)->0K(252928K) From: 24493K(24576K)->33836K(124416K)
[129.540s][info][gc,heap        ] GC(265) ParOldGen: 988461K(1398272K)->988461K(1398272K)
[129.540s][info][gc,metaspace   ] GC(265) Metaspace: 122102K(128256K)->122102K(128256K) NonClass: 104040K(106560K)->104040K(106560K) Class: 18061K(21696K)->18061K(21696K)
[129.540s][info][gc             ] GC(265) Pause Young (Allocation Failure) 1229M->998M(1734M) 6.356ms
[129.540s][info][gc,cpu         ] GC(265) User=0.00s Sys=0.00s Real=0.00s
[129.562s][info][gc,start       ] GC(266) Pause Young (Allocation Failure)
[129.568s][info][gc,heap        ] GC(266) PSYoungGen: 286764K(377344K)->43243K(387072K) Eden: 252928K(252928K)->0K(252928K) From: 33836K(124416K)->43243K(134144K)
[129.568s][info][gc,heap        ] GC(266) ParOldGen: 988461K(1398272K)->988461K(1398272K)
[129.568s][info][gc,metaspace   ] GC(266) Metaspace: 122102K(128256K)->122102K(128256K) NonClass: 104040K(106560K)->104040K(106560K) Class: 18061K(21696K)->18061K(21696K)
[129.568s][info][gc             ] GC(266) Pause Young (Allocation Failure) 1245M->1007M(1743M) 6.083ms
[129.568s][info][gc,cpu         ] GC(266) User=0.00s Sys=0.00s Real=0.00s
[129.590s][info][gc,start       ] GC(267) Pause Young (Allocation Failure)
[129.596s][info][gc,heap        ] GC(267) PSYoungGen: 296171K(387072K)->43243K(378880K) Eden: 252928K(252928K)->0K(261120K) From: 43243K(134144K)->43243K(117760K)
[129.596s][info][gc,heap        ] GC(267) ParOldGen: 988461K(1398272K)->988461K(1398272K)
[129.596s][info][gc,metaspace   ] GC(267) Metaspace: 122102K(128256K)->122102K(128256K) NonClass: 104040K(106560K)->104040K(106560K) Class: 18061K(21696K)->18061K(21696K)
[129.596s][info][gc             ] GC(267) Pause Young (Allocation Failure) 1254M->1007M(1735M) 6.371ms
[129.596s][info][gc,cpu         ] GC(267) User=0.00s Sys=0.00s Real=0.00s
[129.617s][info][gc,start       ] GC(268) Pause Young (Allocation Failure)
[129.623s][info][gc,heap        ] GC(268) PSYoungGen: 304363K(378880K)->44774K(384000K) Eden: 261120K(261120K)->0K(261120K) From: 43243K(117760K)->44774K(122880K)
[129.623s][info][gc,heap        ] GC(268) ParOldGen: 988461K(1398272K)->988461K(1398272K)
[129.623s][info][gc,metaspace   ] GC(268) Metaspace: 122102K(128256K)->122102K(128256K) NonClass: 104040K(106560K)->104040K(106560K) Class: 18061K(21696K)->18061K(21696K)
[129.623s][info][gc             ] GC(268) Pause Young (Allocation Failure) 1262M->1009M(1740M) 5.982ms
[129.623s][info][gc,cpu         ] GC(268) User=0.00s Sys=0.00s Real=0.00s
[129.647s][info][gc,start       ] GC(269) Pause Young (Allocation Failure)
[129.653s][info][gc,heap        ] GC(269) PSYoungGen: 305894K(384000K)->54181K(386048K) Eden: 261120K(261120K)->0K(270336K) From: 44774K(122880K)->54181K(115712K)
[129.653s][info][gc,heap        ] GC(269) ParOldGen: 988461K(1398272K)->988461K(1398272K)
[129.653s][info][gc,metaspace   ] GC(269) Metaspace: 122102K(128256K)->122102K(128256K) NonClass: 104040K(106560K)->104040K(106560K) Class: 18061K(21696K)->18061K(21696K)
[129.653s][info][gc             ] GC(269) Pause Young (Allocation Failure) 1264M->1018M(1742M) 6.384ms
[129.653s][info][gc,cpu         ] GC(269) User=0.00s Sys=0.00s Real=0.00s
[129.674s][info][gc,start       ] GC(270) Pause Young (Allocation Failure)
[129.681s][info][gc,heap        ] GC(270) PSYoungGen: 324517K(386048K)->57210K(387072K) Eden: 270336K(270336K)->0K(270336K) From: 54181K(115712K)->57210K(116736K)
[129.681s][info][gc,heap        ] GC(270) ParOldGen: 988461K(1398272K)->988461K(1398272K)
[129.681s][info][gc,metaspace   ] GC(270) Metaspace: 122102K(128256K)->122102K(128256K) NonClass: 104040K(106560K)->104040K(106560K) Class: 18061K(21696K)->18061K(21696K)
[129.681s][info][gc             ] GC(270) Pause Young (Allocation Failure) 1282M->1021M(1743M) 6.512ms
[129.681s][info][gc,cpu         ] GC(270) User=0.31s Sys=0.00s Real=0.02s
[129.700s][info][gc,start       ] GC(271) Pause Young (Allocation Failure)
[129.707s][info][gc,heap        ] GC(271) PSYoungGen: 327546K(387072K)->60431K(396288K) Eden: 270336K(270336K)->0K(280064K) From: 57210K(116736K)->60431K(116224K)
[129.707s][info][gc,heap        ] GC(271) ParOldGen: 988461K(1398272K)->988461K(1398272K)
[129.707s][info][gc,metaspace   ] GC(271) Metaspace: 122102K(128256K)->122102K(128256K) NonClass: 104040K(106560K)->104040K(106560K) Class: 18061K(21696K)->18061K(21696K)
[129.707s][info][gc             ] GC(271) Pause Young (Allocation Failure) 1285M->1024M(1752M) 6.771ms
[129.707s][info][gc,cpu         ] GC(271) User=0.00s Sys=0.00s Real=0.00s
[129.728s][info][gc,start       ] GC(272) Pause Young (Allocation Failure)
[129.736s][info][gc,heap        ] GC(272) PSYoungGen: 340495K(396288K)->72931K(396800K) Eden: 280064K(280064K)->0K(280064K) From: 60431K(116224K)->72931K(116736K)
[129.736s][info][gc,heap        ] GC(272) ParOldGen: 988461K(1398272K)->988485K(1398272K)
[129.736s][info][gc,metaspace   ] GC(272) Metaspace: 122102K(128256K)->122102K(128256K) NonClass: 104040K(106560K)->104040K(106560K) Class: 18061K(21696K)->18061K(21696K)
[129.736s][info][gc             ] GC(272) Pause Young (Allocation Failure) 1297M->1036M(1753M) 8.056ms
[129.736s][info][gc,cpu         ] GC(272) User=0.00s Sys=0.00s Real=0.00s
[129.756s][info][gc,start       ] GC(273) Pause Young (Allocation Failure)
[129.764s][info][gc,heap        ] GC(273) PSYoungGen: 352995K(396800K)->72867K(410624K) Eden: 280064K(280064K)->0K(289792K) From: 72931K(116736K)->72867K(120832K)
[129.764s][info][gc,heap        ] GC(273) ParOldGen: 988485K(1398272K)->988501K(1398272K)
[129.764s][info][gc,metaspace   ] GC(273) Metaspace: 122102K(128256K)->122102K(128256K) NonClass: 104040K(106560K)->104040K(106560K) Class: 18061K(21696K)->18061K(21696K)
[129.764s][info][gc             ] GC(273) Pause Young (Allocation Failure) 1310M->1036M(1766M) 8.009ms
[129.764s][info][gc,cpu         ] GC(273) User=0.55s Sys=0.00s Real=0.02s
[129.785s][info][gc,start       ] GC(274) Pause Young (Allocation Failure)
[129.793s][info][gc,heap        ] GC(274) PSYoungGen: 362659K(410624K)->80089K(413696K) Eden: 289792K(289792K)->0K(289792K) From: 72867K(120832K)->80089K(123904K)
[129.793s][info][gc,heap        ] GC(274) ParOldGen: 988501K(1398272K)->988501K(1398272K)
[129.793s][info][gc,metaspace   ] GC(274) Metaspace: 122102K(128256K)->122102K(128256K) NonClass: 104040K(106560K)->104040K(106560K) Class: 18061K(21696K)->18061K(21696K)
[129.793s][info][gc             ] GC(274) Pause Young (Allocation Failure) 1319M->1043M(1769M) 8.571ms
[129.794s][info][gc,cpu         ] GC(274) User=0.31s Sys=0.00s Real=0.02s
[129.814s][info][gc,start       ] GC(275) Pause Young (Allocation Failure)
[129.826s][info][gc,heap        ] GC(275) PSYoungGen: 369881K(413696K)->90431K(425984K) Eden: 289792K(289792K)->0K(297472K) From: 80089K(123904K)->90431K(128512K)
[129.826s][info][gc,heap        ] GC(275) ParOldGen: 988501K(1398272K)->988501K(1398272K)
[129.826s][info][gc,metaspace   ] GC(275) Metaspace: 122102K(128256K)->122102K(128256K) NonClass: 104040K(106560K)->104040K(106560K) Class: 18061K(21696K)->18061K(21696K)
[129.826s][info][gc             ] GC(275) Pause Young (Allocation Failure) 1326M->1053M(1781M) 11.936ms
[129.826s][info][gc,cpu         ] GC(275) User=0.23s Sys=0.08s Real=0.01s
[129.849s][info][gc,start       ] GC(276) Pause Young (Allocation Failure)
[129.860s][info][gc,heap        ] GC(276) PSYoungGen: 387903K(425984K)->100079K(433152K) Eden: 297472K(297472K)->0K(297472K) From: 90431K(128512K)->100079K(135680K)
[129.860s][info][gc,heap        ] GC(276) ParOldGen: 988501K(1398272K)->988501K(1398272K)
[129.860s][info][gc,metaspace   ] GC(276) Metaspace: 122102K(128256K)->122102K(128256K) NonClass: 104040K(106560K)->104040K(106560K) Class: 18061K(21696K)->18061K(21696K)
[129.860s][info][gc             ] GC(276) Pause Young (Allocation Failure) 1344M->1063M(1788M) 10.581ms
[129.860s][info][gc,cpu         ] GC(276) User=0.00s Sys=0.00s Real=0.00s
[129.882s][info][gc,start       ] GC(277) Pause Young (Allocation Failure)
[129.897s][info][gc,heap        ] GC(277) PSYoungGen: 397551K(433152K)->109441K(449024K) Eden: 297472K(297472K)->0K(304640K) From: 100079K(135680K)->109441K(144384K)
[129.897s][info][gc,heap        ] GC(277) ParOldGen: 988501K(1398272K)->988501K(1398272K)
[129.897s][info][gc,metaspace   ] GC(277) Metaspace: 122102K(128256K)->122102K(128256K) NonClass: 104040K(106560K)->104040K(106560K) Class: 18061K(21696K)->18061K(21696K)
[129.897s][info][gc             ] GC(277) Pause Young (Allocation Failure) 1353M->1072M(1804M) 15.349ms
[129.897s][info][gc,cpu         ] GC(277) User=0.02s Sys=0.05s Real=0.02s
[129.920s][info][gc,start       ] GC(278) Pause Young (Allocation Failure)
[129.931s][info][gc,heap        ] GC(278) PSYoungGen: 414081K(449024K)->99420K(459264K) Eden: 304640K(304640K)->0K(304640K) From: 109441K(144384K)->99420K(154624K)
[129.931s][info][gc,heap        ] GC(278) ParOldGen: 988501K(1398272K)->988501K(1398272K)
[129.931s][info][gc,metaspace   ] GC(278) Metaspace: 122102K(128256K)->122102K(128256K) NonClass: 104040K(106560K)->104040K(106560K) Class: 18061K(21696K)->18061K(21696K)
[129.931s][info][gc             ] GC(278) Pause Young (Allocation Failure) 1369M->1062M(1814M) 10.773ms
[129.931s][info][gc,cpu         ] GC(278) User=0.23s Sys=0.00s Real=0.01s
[129.953s][info][gc,start       ] GC(279) Pause Young (Allocation Failure)
[129.968s][info][gc,heap        ] GC(279) PSYoungGen: 404060K(459264K)->116881K(473600K) Eden: 304640K(304640K)->0K(314880K) From: 99420K(154624K)->116881K(158720K)
[129.968s][info][gc,heap        ] GC(279) ParOldGen: 988501K(1398272K)->988501K(1398272K)
[129.968s][info][gc,metaspace   ] GC(279) Metaspace: 122102K(128256K)->122102K(128256K) NonClass: 104040K(106560K)->104040K(106560K) Class: 18061K(21696K)->18061K(21696K)
[129.968s][info][gc             ] GC(279) Pause Young (Allocation Failure) 1359M->1079M(1828M) 15.456ms
[129.968s][info][gc,cpu         ] GC(279) User=0.03s Sys=0.02s Real=0.02s
[129.991s][info][gc,start       ] GC(280) Pause Young (Allocation Failure)
[130.001s][info][gc,heap        ] GC(280) PSYoungGen: 431761K(473600K)->115302K(482816K) Eden: 314880K(314880K)->0K(314880K) From: 116881K(158720K)->115302K(167936K)
[130.001s][info][gc,heap        ] GC(280) ParOldGen: 988501K(1398272K)->988501K(1398272K)
[130.001s][info][gc,metaspace   ] GC(280) Metaspace: 122103K(128256K)->122103K(128256K) NonClass: 104042K(106560K)->104042K(106560K) Class: 18061K(21696K)->18061K(21696K)
[130.001s][info][gc             ] GC(280) Pause Young (Allocation Failure) 1386M->1077M(1837M) 10.498ms
[130.001s][info][gc,cpu         ] GC(280) User=0.00s Sys=0.00s Real=0.00s
[130.024s][info][gc,start       ] GC(281) Pause Young (Allocation Failure)
[130.041s][info][gc,heap        ] GC(281) PSYoungGen: 430182K(482816K)->125841K(501248K) Eden: 314880K(314880K)->0K(327168K) From: 115302K(167936K)->125841K(174080K)
[130.041s][info][gc,heap        ] GC(281) ParOldGen: 988501K(1398272K)->988501K(1398272K)
[130.041s][info][gc,metaspace   ] GC(281) Metaspace: 122104K(128256K)->122104K(128256K) NonClass: 104042K(106560K)->104042K(106560K) Class: 18061K(21696K)->18061K(21696K)
[130.041s][info][gc             ] GC(281) Pause Young (Allocation Failure) 1385M->1088M(1855M) 17.229ms
[130.041s][info][gc,cpu         ] GC(281) User=0.05s Sys=0.05s Real=0.02s
[130.065s][info][gc,start       ] GC(282) Pause Young (Allocation Failure)
[130.078s][info][gc,heap        ] GC(282) PSYoungGen: 453009K(501248K)->131048K(458240K) Eden: 327168K(327168K)->0K(327168K) From: 125841K(174080K)->131048K(131072K)
[130.078s][info][gc,heap        ] GC(282) ParOldGen: 988501K(1398272K)->988501K(1398272K)
[130.078s][info][gc,metaspace   ] GC(282) Metaspace: 122106K(128256K)->122106K(128256K) NonClass: 104045K(106560K)->104045K(106560K) Class: 18061K(21696K)->18061K(21696K)
[130.078s][info][gc             ] GC(282) Pause Young (Allocation Failure) 1407M->1093M(1813M) 13.333ms
[130.078s][info][gc,cpu         ] GC(282) User=0.23s Sys=0.02s Real=0.02s
[130.102s][info][gc,start       ] GC(283) Pause Young (Allocation Failure)
[130.116s][info][gc,heap        ] GC(283) PSYoungGen: 458216K(458240K)->133802K(494592K) Eden: 327168K(327168K)->0K(303616K) From: 131048K(131072K)->133802K(190976K)
[130.116s][info][gc,heap        ] GC(283) ParOldGen: 988501K(1398272K)->988509K(1398272K)
[130.116s][info][gc,metaspace   ] GC(283) Metaspace: 122108K(128256K)->122108K(128256K) NonClass: 104047K(106560K)->104047K(106560K) Class: 18061K(21696K)->18061K(21696K)
[130.116s][info][gc             ] GC(283) Pause Young (Allocation Failure) 1412M->1096M(1848M) 13.177ms
[130.116s][info][gc,cpu         ] GC(283) User=0.06s Sys=0.00s Real=0.02s
[130.137s][info][gc,start       ] GC(284) Pause Young (Allocation Failure)
[130.152s][info][gc,heap        ] GC(284) PSYoungGen: 437418K(494592K)->141299K(444928K) Eden: 303616K(303616K)->0K(303616K) From: 133802K(190976K)->141299K(141312K)
[130.152s][info][gc,heap        ] GC(284) ParOldGen: 988509K(1398272K)->988509K(1398272K)
[130.152s][info][gc,metaspace   ] GC(284) Metaspace: 122109K(128256K)->122109K(128256K) NonClass: 104048K(106560K)->104048K(106560K) Class: 18061K(21696K)->18061K(21696K)
[130.152s][info][gc             ] GC(284) Pause Young (Allocation Failure) 1392M->1103M(1800M) 14.923ms
[130.152s][info][gc,cpu         ] GC(284) User=0.41s Sys=0.03s Real=0.02s
[130.173s][info][gc,start       ] GC(285) Pause Young (Allocation Failure)
[130.187s][info][gc,heap        ] GC(285) PSYoungGen: 444915K(444928K)->140426K(482816K) Eden: 303616K(303616K)->0K(276992K) From: 141299K(141312K)->140426K(205824K)
[130.187s][info][gc,heap        ] GC(285) ParOldGen: 988509K(1398272K)->988509K(1398272K)
[130.187s][info][gc,metaspace   ] GC(285) Metaspace: 122109K(128256K)->122109K(128256K) NonClass: 104048K(106560K)->104048K(106560K) Class: 18061K(21696K)->18061K(21696K)
[130.187s][info][gc             ] GC(285) Pause Young (Allocation Failure) 1399M->1102M(1837M) 14.342ms
[130.187s][info][gc,cpu         ] GC(285) User=0.00s Sys=0.00s Real=0.00s
[130.206s][info][gc,start       ] GC(286) Pause Young (Allocation Failure)
[130.221s][info][gc,heap        ] GC(286) PSYoungGen: 417418K(482816K)->146449K(423936K) Eden: 276992K(276992K)->0K(276992K) From: 140426K(205824K)->146449K(146944K)
[130.221s][info][gc,heap        ] GC(286) ParOldGen: 988509K(1398272K)->988509K(1398272K)
[130.221s][info][gc,metaspace   ] GC(286) Metaspace: 122109K(128256K)->122109K(128256K) NonClass: 104048K(106560K)->104048K(106560K) Class: 18061K(21696K)->18061K(21696K)
[130.221s][info][gc             ] GC(286) Pause Young (Allocation Failure) 1372M->1108M(1779M) 14.500ms
[130.221s][info][gc,cpu         ] GC(286) User=0.20s Sys=0.00s Real=0.01s
[130.239s][info][gc,start       ] GC(287) Pause Young (Allocation Failure)
[130.254s][info][gc,heap        ] GC(287) PSYoungGen: 423441K(423936K)->150029K(471552K) Eden: 276992K(276992K)->0K(254464K) From: 146449K(146944K)->150029K(217088K)
[130.254s][info][gc,heap        ] GC(287) ParOldGen: 988509K(1398272K)->988509K(1398272K)
[130.254s][info][gc,metaspace   ] GC(287) Metaspace: 122109K(128256K)->122109K(128256K) NonClass: 104048K(106560K)->104048K(106560K) Class: 18061K(21696K)->18061K(21696K)
[130.254s][info][gc             ] GC(287) Pause Young (Allocation Failure) 1378M->1111M(1826M) 14.339ms
[130.254s][info][gc,cpu         ] GC(287) User=0.41s Sys=0.00s Real=0.02s
[130.271s][info][gc,start       ] GC(288) Pause Young (Allocation Failure)
[130.287s][info][gc,heap        ] GC(288) PSYoungGen: 404493K(471552K)->161659K(416256K) Eden: 254464K(254464K)->0K(254464K) From: 150029K(217088K)->161659K(161792K)
[130.287s][info][gc,heap        ] GC(288) ParOldGen: 988509K(1398272K)->988509K(1398272K)
[130.287s][info][gc,metaspace   ] GC(288) Metaspace: 122109K(128256K)->122109K(128256K) NonClass: 104048K(106560K)->104048K(106560K) Class: 18061K(21696K)->18061K(21696K)
[130.287s][info][gc             ] GC(288) Pause Young (Allocation Failure) 1360M->1123M(1772M) 15.444ms
[130.287s][info][gc,cpu         ] GC(288) User=0.48s Sys=0.00s Real=0.02s
[130.304s][info][gc,start       ] GC(289) Pause Young (Allocation Failure)
[130.319s][info][gc,heap        ] GC(289) PSYoungGen: 416123K(416256K)->153783K(463360K) Eden: 254464K(254464K)->0K(232960K) From: 161659K(161792K)->153783K(230400K)
[130.319s][info][gc,heap        ] GC(289) ParOldGen: 988509K(1398272K)->992658K(1398272K)
[130.319s][info][gc,metaspace   ] GC(289) Metaspace: 122109K(128256K)->122109K(128256K) NonClass: 104048K(106560K)->104048K(106560K) Class: 18061K(21696K)->18061K(21696K)
[130.319s][info][gc             ] GC(289) Pause Young (Allocation Failure) 1371M->1119M(1818M) 14.717ms
[130.319s][info][gc,cpu         ] GC(289) User=0.06s Sys=0.00s Real=0.02s
[130.335s][info][gc,start       ] GC(290) Pause Young (Allocation Failure)
[130.351s][info][gc,heap        ] GC(290) PSYoungGen: 386743K(463360K)->153474K(465920K) Eden: 232960K(232960K)->0K(232960K) From: 153783K(230400K)->153474K(232960K)
[130.351s][info][gc,heap        ] GC(290) ParOldGen: 992658K(1398272K)->996881K(1398272K)
[130.351s][info][gc,metaspace   ] GC(290) Metaspace: 122109K(128256K)->122109K(128256K) NonClass: 104048K(106560K)->104048K(106560K) Class: 18061K(21696K)->18061K(21696K)
[130.351s][info][gc             ] GC(290) Pause Young (Allocation Failure) 1347M->1123M(1820M) 15.941ms
[130.351s][info][gc,cpu         ] GC(290) User=0.30s Sys=0.00s Real=0.02s
[130.367s][info][gc,start       ] GC(291) Pause Young (Allocation Failure)
[130.381s][info][gc,heap        ] GC(291) PSYoungGen: 386434K(465920K)->139845K(459776K) Eden: 232960K(232960K)->0K(232960K) From: 153474K(232960K)->139845K(226816K)
[130.381s][info][gc,heap        ] GC(291) ParOldGen: 996881K(1398272K)->1017626K(1398272K)
[130.381s][info][gc,metaspace   ] GC(291) Metaspace: 122109K(128256K)->122109K(128256K) NonClass: 104048K(106560K)->104048K(106560K) Class: 18061K(21696K)->18061K(21696K)
[130.381s][info][gc             ] GC(291) Pause Young (Allocation Failure) 1350M->1130M(1814M) 14.793ms
[130.381s][info][gc,cpu         ] GC(291) User=0.08s Sys=0.00s Real=0.01s
[130.397s][info][gc,start       ] GC(292) Pause Young (Allocation Failure)
[130.409s][info][gc,heap        ] GC(292) PSYoungGen: 372805K(459776K)->138309K(462848K) Eden: 232960K(232960K)->0K(232960K) From: 139845K(226816K)->138309K(229888K)
[130.409s][info][gc,heap        ] GC(292) ParOldGen: 1017626K(1398272K)->1017626K(1398272K)
[130.409s][info][gc,metaspace   ] GC(292) Metaspace: 122109K(128256K)->122109K(128256K) NonClass: 104048K(106560K)->104048K(106560K) Class: 18061K(21696K)->18061K(21696K)
[130.409s][info][gc             ] GC(292) Pause Young (Allocation Failure) 1357M->1128M(1817M) 12.163ms
[130.409s][info][gc,cpu         ] GC(292) User=0.00s Sys=0.00s Real=0.00s
[130.424s][info][gc,start       ] GC(293) Pause Young (Allocation Failure)
[130.438s][info][gc,heap        ] GC(293) PSYoungGen: 371269K(462848K)->136803K(459776K) Eden: 232960K(232960K)->0K(244224K) From: 138309K(229888K)->136803K(215552K)
[130.438s][info][gc,heap        ] GC(293) ParOldGen: 1017626K(1398272K)->1017626K(1398272K)
[130.438s][info][gc,metaspace   ] GC(293) Metaspace: 122109K(128256K)->122109K(128256K) NonClass: 104048K(106560K)->104048K(106560K) Class: 18061K(21696K)->18061K(21696K)
[130.438s][info][gc             ] GC(293) Pause Young (Allocation Failure) 1356M->1127M(1814M) 13.251ms
[130.438s][info][gc,cpu         ] GC(293) User=0.52s Sys=0.00s Real=0.02s
[130.454s][info][gc,start       ] GC(294) Pause Young (Allocation Failure)
[130.467s][info][gc,heap        ] GC(294) PSYoungGen: 381027K(459776K)->124968K(463360K) Eden: 244224K(244224K)->0K(244224K) From: 136803K(215552K)->124968K(219136K)
[130.468s][info][gc,heap        ] GC(294) ParOldGen: 1017626K(1398272K)->1034250K(1398272K)
[130.468s][info][gc,metaspace   ] GC(294) Metaspace: 122109K(128256K)->122109K(128256K) NonClass: 104048K(106560K)->104048K(106560K) Class: 18061K(21696K)->18061K(21696K)
[130.468s][info][gc             ] GC(294) Pause Young (Allocation Failure) 1365M->1132M(1818M) 13.522ms
[130.468s][info][gc,cpu         ] GC(294) User=0.52s Sys=0.00s Real=0.02s
[130.484s][info][gc,start       ] GC(295) Pause Young (Allocation Failure)
[130.496s][info][gc,heap        ] GC(295) PSYoungGen: 369192K(463360K)->108616K(467968K) Eden: 244224K(244224K)->0K(266240K) From: 124968K(219136K)->108616K(201728K)
[130.496s][info][gc,heap        ] GC(295) ParOldGen: 1034250K(1398272K)->1050726K(1398272K)
[130.496s][info][gc,metaspace   ] GC(295) Metaspace: 122109K(128256K)->122109K(128256K) NonClass: 104048K(106560K)->104048K(106560K) Class: 18061K(21696K)->18061K(21696K)
[130.496s][info][gc             ] GC(295) Pause Young (Allocation Failure) 1370M->1132M(1822M) 12.683ms
[130.496s][info][gc,cpu         ] GC(295) User=0.52s Sys=0.00s Real=0.02s
[130.514s][info][gc,start       ] GC(296) Pause Young (Allocation Failure)
[130.525s][info][gc,heap        ] GC(296) PSYoungGen: 374856K(467968K)->97277K(471040K) Eden: 266240K(266240K)->0K(266240K) From: 108616K(201728K)->97277K(204800K)
[130.525s][info][gc,heap        ] GC(296) ParOldGen: 1050726K(1398272K)->1071524K(1398272K)
[130.525s][info][gc,metaspace   ] GC(296) Metaspace: 122109K(128256K)->122109K(128256K) NonClass: 104048K(106560K)->104048K(106560K) Class: 18061K(21696K)->18061K(21696K)
[130.525s][info][gc             ] GC(296) Pause Young (Allocation Failure) 1392M->1141M(1825M) 10.483ms
[130.525s][info][gc,cpu         ] GC(296) User=0.50s Sys=0.00s Real=0.02s
[130.542s][info][gc,start       ] GC(297) Pause Young (Allocation Failure)
[130.551s][info][gc,heap        ] GC(297) PSYoungGen: 363517K(471040K)->71940K(488448K) Eden: 266240K(266240K)->0K(287744K) From: 97277K(204800K)->71940K(200704K)
[130.551s][info][gc,heap        ] GC(297) ParOldGen: 1071524K(1398272K)->1092353K(1398272K)
[130.551s][info][gc,metaspace   ] GC(297) Metaspace: 122109K(128256K)->122109K(128256K) NonClass: 104048K(106560K)->104048K(106560K) Class: 18061K(21696K)->18061K(21696K)
[130.551s][info][gc             ] GC(297) Pause Young (Allocation Failure) 1401M->1137M(1842M) 9.082ms
[130.551s][info][gc,cpu         ] GC(297) User=0.17s Sys=0.00s Real=0.02s
[130.581s][info][gc,start       ] GC(298) Pause Young (Allocation Failure)
[130.591s][info][gc,heap        ] GC(298) PSYoungGen: 359684K(488448K)->78164K(489472K) Eden: 287744K(287744K)->0K(287744K) From: 71940K(200704K)->78164K(201728K)
[130.591s][info][gc,heap        ] GC(298) ParOldGen: 1092353K(1398272K)->1104862K(1398272K)
[130.591s][info][gc,metaspace   ] GC(298) Metaspace: 122109K(128256K)->122109K(128256K) NonClass: 104048K(106560K)->104048K(106560K) Class: 18061K(21696K)->18061K(21696K)
[130.591s][info][gc             ] GC(298) Pause Young (Allocation Failure) 1418M->1155M(1843M) 10.172ms
[130.591s][info][gc,cpu         ] GC(298) User=0.00s Sys=0.00s Real=0.00s
[130.612s][info][gc,start       ] GC(299) Pause Young (Allocation Failure)
[130.620s][info][gc,heap        ] GC(299) PSYoungGen: 365908K(489472K)->77023K(492544K) Eden: 287744K(287744K)->0K(296960K) From: 78164K(201728K)->77023K(195584K)
[130.620s][info][gc,heap        ] GC(299) ParOldGen: 1104862K(1398272K)->1109238K(1398272K)
[130.620s][info][gc,metaspace   ] GC(299) Metaspace: 122109K(128256K)->122109K(128256K) NonClass: 104048K(106560K)->104048K(106560K) Class: 18061K(21696K)->18061K(21696K)
[130.620s][info][gc             ] GC(299) Pause Young (Allocation Failure) 1436M->1158M(1846M) 7.522ms
[130.620s][info][gc,cpu         ] GC(299) User=0.00s Sys=0.00s Real=0.00s
[130.640s][info][gc,start       ] GC(300) Pause Young (Allocation Failure)
[130.648s][info][gc,heap        ] GC(300) PSYoungGen: 373983K(492544K)->72963K(494592K) Eden: 296960K(296960K)->0K(296960K) From: 77023K(195584K)->72963K(197632K)
[130.648s][info][gc,heap        ] GC(300) ParOldGen: 1109238K(1398272K)->1113450K(1398272K)
[130.648s][info][gc,metaspace   ] GC(300) Metaspace: 122109K(128256K)->122109K(128256K) NonClass: 104048K(106560K)->104048K(106560K) Class: 18061K(21696K)->18061K(21696K)
[130.648s][info][gc             ] GC(300) Pause Young (Allocation Failure) 1448M->1158M(1848M) 7.701ms
[130.648s][info][gc,cpu         ] GC(300) User=0.28s Sys=0.00s Real=0.02s
[130.673s][info][gc,start       ] GC(301) Pause Young (Allocation Failure)
[130.682s][info][gc,heap        ] GC(301) PSYoungGen: 369923K(494592K)->82274K(491520K) Eden: 296960K(296960K)->0K(306176K) From: 72963K(197632K)->82274K(185344K)
[130.682s][info][gc,heap        ] GC(301) ParOldGen: 1113450K(1398272K)->1113450K(1398272K)
[130.682s][info][gc,metaspace   ] GC(301) Metaspace: 122109K(128256K)->122109K(128256K) NonClass: 104048K(106560K)->104048K(106560K) Class: 18061K(21696K)->18061K(21696K)
[130.682s][info][gc             ] GC(301) Pause Young (Allocation Failure) 1448M->1167M(1845M) 8.328ms
[130.682s][info][gc,cpu         ] GC(301) User=0.00s Sys=0.00s Real=0.00s
[130.703s][info][gc,start       ] GC(302) Pause Young (Allocation Failure)
[130.712s][info][gc,heap        ] GC(302) PSYoungGen: 388450K(491520K)->89541K(496128K) Eden: 306176K(306176K)->0K(306176K) From: 82274K(185344K)->89541K(189952K)
[130.712s][info][gc,heap        ] GC(302) ParOldGen: 1113450K(1398272K)->1113450K(1398272K)
[130.712s][info][gc,metaspace   ] GC(302) Metaspace: 122109K(128256K)->122109K(128256K) NonClass: 104048K(106560K)->104048K(106560K) Class: 18061K(21696K)->18061K(21696K)
[130.712s][info][gc             ] GC(302) Pause Young (Allocation Failure) 1466M->1174M(1850M) 9.122ms
[130.712s][info][gc,cpu         ] GC(302) User=0.28s Sys=0.00s Real=0.02s
[130.736s][info][gc,start       ] GC(303) Pause Young (Allocation Failure)
[130.746s][info][gc,heap        ] GC(303) PSYoungGen: 395717K(496128K)->101107K(494080K) Eden: 306176K(306176K)->0K(325120K) From: 89541K(189952K)->101107K(168960K)
[130.746s][info][gc,heap        ] GC(303) ParOldGen: 1113450K(1398272K)->1113450K(1398272K)
[130.746s][info][gc,metaspace   ] GC(303) Metaspace: 122111K(128256K)->122111K(128256K) NonClass: 104049K(106560K)->104049K(106560K) Class: 18061K(21696K)->18061K(21696K)
[130.746s][info][gc             ] GC(303) Pause Young (Allocation Failure) 1473M->1186M(1848M) 10.567ms
[130.747s][info][gc,cpu         ] GC(303) User=0.00s Sys=0.00s Real=0.00s
[130.769s][info][gc,start       ] GC(304) Pause Young (Allocation Failure)
[130.779s][info][gc,heap        ] GC(304) PSYoungGen: 426227K(494080K)->111565K(500736K) Eden: 325120K(325120K)->0K(325120K) From: 101107K(168960K)->111565K(175616K)
[130.779s][info][gc,heap        ] GC(304) ParOldGen: 1113450K(1398272K)->1113450K(1398272K)
[130.779s][info][gc,metaspace   ] GC(304) Metaspace: 122111K(128256K)->122111K(128256K) NonClass: 104049K(106560K)->104049K(106560K) Class: 18061K(21696K)->18061K(21696K)
[130.779s][info][gc             ] GC(304) Pause Young (Allocation Failure) 1503M->1196M(1854M) 10.085ms
[130.779s][info][gc,cpu         ] GC(304) User=0.00s Sys=0.00s Real=0.00s
[130.803s][info][gc,start       ] GC(305) Pause Young (Allocation Failure)
[130.813s][info][gc,heap        ] GC(305) PSYoungGen: 436685K(500736K)->113821K(510976K) Eden: 325120K(325120K)->0K(345088K) From: 111565K(175616K)->113821K(165888K)
[130.813s][info][gc,heap        ] GC(305) ParOldGen: 1113450K(1398272K)->1113450K(1398272K)
[130.813s][info][gc,metaspace   ] GC(305) Metaspace: 122113K(128256K)->122113K(128256K) NonClass: 104051K(106560K)->104051K(106560K) Class: 18061K(21696K)->18061K(21696K)
[130.813s][info][gc             ] GC(305) Pause Young (Allocation Failure) 1513M->1198M(1864M) 10.100ms
[130.813s][info][gc,cpu         ] GC(305) User=0.16s Sys=0.00s Real=0.02s
[130.837s][info][gc,start       ] GC(306) Pause Young (Allocation Failure)
[130.847s][info][gc,heap        ] GC(306) PSYoungGen: 458909K(510976K)->124601K(514048K) Eden: 345088K(345088K)->0K(345088K) From: 113821K(165888K)->124601K(168960K)
[130.847s][info][gc,heap        ] GC(306) ParOldGen: 1113450K(1398272K)->1113450K(1398272K)
[130.847s][info][gc,metaspace   ] GC(306) Metaspace: 122115K(128256K)->122115K(128256K) NonClass: 104053K(106560K)->104053K(106560K) Class: 18061K(21696K)->18061K(21696K)
[130.847s][info][gc             ] GC(306) Pause Young (Allocation Failure) 1535M->1209M(1867M) 10.304ms
[130.847s][info][gc,cpu         ] GC(306) User=0.00s Sys=0.00s Real=0.00s
[130.872s][info][gc,start       ] GC(307) Pause Young (Allocation Failure)
[130.886s][info][gc,heap        ] GC(307) PSYoungGen: 469689K(514048K)->126720K(526336K) Eden: 345088K(345088K)->0K(355840K) From: 124601K(168960K)->126720K(170496K)
[130.886s][info][gc,heap        ] GC(307) ParOldGen: 1113450K(1398272K)->1113450K(1398272K)
[130.886s][info][gc,metaspace   ] GC(307) Metaspace: 122115K(128256K)->122115K(128256K) NonClass: 104054K(106560K)->104054K(106560K) Class: 18061K(21696K)->18061K(21696K)
[130.887s][info][gc             ] GC(307) Pause Young (Allocation Failure) 1546M->1211M(1879M) 14.380ms
[130.887s][info][gc,cpu         ] GC(307) User=0.27s Sys=0.05s Real=0.02s
[130.912s][info][gc,start       ] GC(308) Pause Young (Allocation Failure)
[130.925s][info][gc,heap        ] GC(308) PSYoungGen: 482560K(526336K)->133697K(489984K) Eden: 355840K(355840K)->0K(355840K) From: 126720K(170496K)->133697K(134144K)
[130.925s][info][gc,heap        ] GC(308) ParOldGen: 1113450K(1398272K)->1113458K(1398272K)
[130.925s][info][gc,metaspace   ] GC(308) Metaspace: 122116K(128256K)->122116K(128256K) NonClass: 104055K(106560K)->104055K(106560K) Class: 18061K(21696K)->18061K(21696K)
[130.925s][info][gc             ] GC(308) Pause Young (Allocation Failure) 1558M->1217M(1844M) 12.859ms
[130.925s][info][gc,cpu         ] GC(308) User=0.48s Sys=0.00s Real=0.02s
[130.952s][info][gc,start       ] GC(309) Pause Young (Allocation Failure)
[130.969s][info][gc,heap        ] GC(309) PSYoungGen: 489537K(489984K)->142061K(514048K) Eden: 355840K(355840K)->0K(339456K) From: 133697K(134144K)->142061K(174592K)
[130.969s][info][gc,heap        ] GC(309) ParOldGen: 1113458K(1398272K)->1113458K(1398272K)
[130.969s][info][gc,metaspace   ] GC(309) Metaspace: 122120K(128256K)->122120K(128256K) NonClass: 104059K(106560K)->104059K(106560K) Class: 18061K(21696K)->18061K(21696K)
[130.969s][info][gc             ] GC(309) Pause Young (Allocation Failure) 1565M->1226M(1867M) 16.431ms
[130.969s][info][gc,cpu         ] GC(309) User=0.48s Sys=0.05s Real=0.02s
[130.993s][info][gc,start       ] GC(310) Pause Young (Allocation Failure)
[131.006s][info][gc,heap        ] GC(310) PSYoungGen: 481517K(514048K)->145977K(485888K) Eden: 339456K(339456K)->0K(339456K) From: 142061K(174592K)->145977K(146432K)
[131.006s][info][gc,heap        ] GC(310) ParOldGen: 1113458K(1398272K)->1113458K(1398272K)
[131.006s][info][gc,metaspace   ] GC(310) Metaspace: 122121K(128256K)->122121K(128256K) NonClass: 104060K(106560K)->104060K(106560K) Class: 18061K(21696K)->18061K(21696K)
[131.006s][info][gc             ] GC(310) Pause Young (Allocation Failure) 1557M->1229M(1840M) 13.334ms
[131.006s][info][gc,cpu         ] GC(310) User=0.52s Sys=0.13s Real=0.01s
[131.031s][info][gc,start       ] GC(311) Pause Young (Allocation Failure)
[131.046s][info][gc,heap        ] GC(311) PSYoungGen: 485433K(485888K)->154837K(499200K) Eden: 339456K(339456K)->0K(313856K) From: 145977K(146432K)->154837K(185344K)
[131.046s][info][gc,heap        ] GC(311) ParOldGen: 1113458K(1398272K)->1113458K(1398272K)
[131.046s][info][gc,metaspace   ] GC(311) Metaspace: 122124K(128256K)->122124K(128256K) NonClass: 104062K(106560K)->104062K(106560K) Class: 18061K(21696K)->18061K(21696K)
[131.046s][info][gc             ] GC(311) Pause Young (Allocation Failure) 1561M->1238M(1853M) 14.697ms
[131.046s][info][gc,cpu         ] GC(311) User=0.52s Sys=0.00s Real=0.02s
[131.070s][info][gc,start       ] GC(312) Pause Young (Allocation Failure)
[131.087s][info][gc,heap        ] GC(312) PSYoungGen: 468693K(499200K)->169765K(483840K) Eden: 313856K(313856K)->0K(313856K) From: 154837K(185344K)->169765K(169984K)
[131.087s][info][gc,heap        ] GC(312) ParOldGen: 1113458K(1398272K)->1113490K(1398272K)
[131.087s][info][gc,metaspace   ] GC(312) Metaspace: 122126K(128256K)->122126K(128256K) NonClass: 104064K(106560K)->104064K(106560K) Class: 18061K(21696K)->18061K(21696K)
[131.087s][info][gc             ] GC(312) Pause Young (Allocation Failure) 1545M->1253M(1838M) 16.546ms
[131.087s][info][gc,cpu         ] GC(312) User=0.52s Sys=0.00s Real=0.02s
[131.108s][info][gc,start       ] GC(313) Pause Young (Allocation Failure)
[131.124s][info][gc,heap        ] GC(313) PSYoungGen: 483621K(483840K)->173273K(476160K) Eden: 313856K(313856K)->0K(272896K) From: 169765K(169984K)->173273K(203264K)
[131.124s][info][gc,heap        ] GC(313) ParOldGen: 1113490K(1398272K)->1113490K(1398272K)
[131.124s][info][gc,metaspace   ] GC(313) Metaspace: 122132K(128256K)->122132K(128256K) NonClass: 104069K(106560K)->104069K(106560K) Class: 18062K(21696K)->18062K(21696K)
[131.124s][info][gc             ] GC(313) Pause Young (Allocation Failure) 1559M->1256M(1830M) 16.086ms
[131.124s][info][gc,cpu         ] GC(313) User=0.36s Sys=0.00s Real=0.02s
[131.153s][info][gc,start       ] GC(314) Pause Young (Allocation Failure)
[131.170s][info][gc,heap        ] GC(314) PSYoungGen: 446169K(476160K)->184350K(457728K) Eden: 272896K(272896K)->0K(272896K) From: 173273K(203264K)->184350K(184832K)
[131.170s][info][gc,heap        ] GC(314) ParOldGen: 1113490K(1398272K)->1113490K(1398272K)
[131.170s][info][gc,metaspace   ] GC(314) Metaspace: 122136K(128256K)->122136K(128256K) NonClass: 104072K(106560K)->104072K(106560K) Class: 18063K(21696K)->18063K(21696K)
[131.170s][info][gc             ] GC(314) Pause Young (Allocation Failure) 1523M->1267M(1812M) 17.185ms
[131.170s][info][gc,cpu         ] GC(314) User=0.17s Sys=0.00s Real=0.02s
[131.188s][info][gc,start       ] GC(315) Pause Young (Allocation Failure)
[131.208s][info][gc,heap        ] GC(315) PSYoungGen: 457246K(457728K)->203674K(457728K) Eden: 272896K(272896K)->0K(232960K) From: 184350K(184832K)->203674K(224768K)
[131.209s][info][gc,heap        ] GC(315) ParOldGen: 1113490K(1398272K)->1113522K(1398272K)
[131.209s][info][gc,metaspace   ] GC(315) Metaspace: 122136K(128256K)->122136K(128256K) NonClass: 104072K(106560K)->104072K(106560K) Class: 18063K(21696K)->18063K(21696K)
[131.209s][info][gc             ] GC(315) Pause Young (Allocation Failure) 1533M->1286M(1812M) 20.867ms
[131.209s][info][gc,cpu         ] GC(315) User=0.52s Sys=0.00s Real=0.01s
[131.225s][info][gc,start       ] GC(316) Pause Young (Allocation Failure)
[131.246s][info][gc,heap        ] GC(316) PSYoungGen: 436634K(457728K)->213632K(465920K) Eden: 232960K(232960K)->0K(232960K) From: 203674K(224768K)->213632K(232960K)
[131.246s][info][gc,heap        ] GC(316) ParOldGen: 1113522K(1398272K)->1117782K(1398272K)
[131.246s][info][gc,metaspace   ] GC(316) Metaspace: 122144K(128256K)->122144K(128256K) NonClass: 104080K(106560K)->104080K(106560K) Class: 18063K(21696K)->18063K(21696K)
[131.246s][info][gc             ] GC(316) Pause Young (Allocation Failure) 1513M->1300M(1820M) 21.349ms
[131.246s][info][gc,cpu         ] GC(316) User=0.53s Sys=0.00s Real=0.02s
[131.263s][info][gc,start       ] GC(317) Pause Young (Allocation Failure)
[131.284s][info][gc,heap        ] GC(317) PSYoungGen: 446592K(465920K)->196368K(465920K) Eden: 232960K(232960K)->0K(232960K) From: 213632K(232960K)->196368K(232960K)
[131.284s][info][gc,heap        ] GC(317) ParOldGen: 1117782K(1398272K)->1142559K(1398272K)
[131.284s][info][gc,metaspace   ] GC(317) Metaspace: 122147K(128256K)->122147K(128256K) NonClass: 104083K(106560K)->104083K(106560K) Class: 18063K(21696K)->18063K(21696K)
[131.284s][info][gc             ] GC(317) Pause Young (Allocation Failure) 1527M->1307M(1820M) 20.808ms
[131.284s][info][gc,cpu         ] GC(317) User=0.53s Sys=0.00s Real=0.02s
[131.302s][info][gc,start       ] GC(318) Pause Young (Allocation Failure)
[131.320s][info][gc,heap        ] GC(318) PSYoungGen: 429328K(465920K)->156954K(465920K) Eden: 232960K(232960K)->0K(232960K) From: 196368K(232960K)->156954K(232960K)
[131.320s][info][gc,heap        ] GC(318) ParOldGen: 1142559K(1398272K)->1171447K(1398272K)
[131.320s][info][gc,metaspace   ] GC(318) Metaspace: 122148K(128256K)->122148K(128256K) NonClass: 104084K(106560K)->104084K(106560K) Class: 18063K(21696K)->18063K(21696K)
[131.320s][info][gc             ] GC(318) Pause Young (Allocation Failure) 1535M->1297M(1820M) 18.364ms
[131.320s][info][gc,cpu         ] GC(318) User=0.55s Sys=0.00s Real=0.02s
[131.334s][info][gc,start       ] GC(319) Pause Young (Allocation Failure)
[131.348s][info][gc,heap        ] GC(319) PSYoungGen: 387447K(465920K)->111615K(465920K) Eden: 230493K(232960K)->0K(232960K) From: 156954K(232960K)->111615K(232960K)
[131.348s][info][gc,heap        ] GC(319) ParOldGen: 1171447K(1398272K)->1212843K(1398272K)
[131.348s][info][gc,metaspace   ] GC(319) Metaspace: 122153K(128256K)->122153K(128256K) NonClass: 104089K(106560K)->104089K(106560K) Class: 18063K(21696K)->18063K(21696K)
[131.348s][info][gc             ] GC(319) Pause Young (Allocation Failure) 1522M->1293M(1820M) 13.946ms
[131.348s][info][gc,cpu         ] GC(319) User=0.53s Sys=0.00s Real=0.02s
[131.361s][info][gc,start       ] GC(320) Pause Young (Allocation Failure)
[131.373s][info][gc,heap        ] GC(320) PSYoungGen: 344024K(465920K)->87390K(465920K) Eden: 232408K(232960K)->0K(232960K) From: 111615K(232960K)->87390K(232960K)
[131.373s][info][gc,heap        ] GC(320) ParOldGen: 1212843K(1398272K)->1238123K(1398272K)
[131.373s][info][gc,metaspace   ] GC(320) Metaspace: 122154K(128256K)->122154K(128256K) NonClass: 104090K(106560K)->104090K(106560K) Class: 18063K(21696K)->18063K(21696K)
[131.373s][info][gc             ] GC(320) Pause Young (Allocation Failure) 1520M->1294M(1820M) 11.151ms
[131.373s][info][gc,cpu         ] GC(320) User=0.14s Sys=0.00s Real=0.01s
[131.385s][info][gc,start       ] GC(321) Pause Young (Allocation Failure)
[131.395s][info][gc,heap        ] GC(321) PSYoungGen: 320350K(465920K)->98062K(465920K) Eden: 232960K(232960K)->0K(232960K) From: 87390K(232960K)->98062K(232960K)
[131.395s][info][gc,heap        ] GC(321) ParOldGen: 1238123K(1398272K)->1239015K(1398272K)
[131.395s][info][gc,metaspace   ] GC(321) Metaspace: 122155K(128256K)->122155K(128256K) NonClass: 104091K(106560K)->104091K(106560K) Class: 18063K(21696K)->18063K(21696K)
[131.395s][info][gc             ] GC(321) Pause Young (Allocation Failure) 1521M->1305M(1820M) 9.795ms
[131.395s][info][gc,cpu         ] GC(321) User=0.53s Sys=0.00s Real=0.02s
[131.407s][info][gc,start       ] GC(322) Pause Young (Allocation Failure)
[131.418s][info][gc,heap        ] GC(322) PSYoungGen: 331022K(465920K)->106931K(465920K) Eden: 232960K(232960K)->0K(232960K) From: 98062K(232960K)->106931K(232960K)
[131.418s][info][gc,heap        ] GC(322) ParOldGen: 1239015K(1398272K)->1239804K(1398272K)
[131.418s][info][gc,metaspace   ] GC(322) Metaspace: 122155K(128256K)->122155K(128256K) NonClass: 104091K(106560K)->104091K(106560K) Class: 18063K(21696K)->18063K(21696K)
[131.418s][info][gc             ] GC(322) Pause Young (Allocation Failure) 1533M->1315M(1820M) 10.762ms
[131.418s][info][gc,cpu         ] GC(322) User=0.00s Sys=0.00s Real=0.00s
[131.430s][info][gc,start       ] GC(323) Pause Young (Allocation Failure)
[131.441s][info][gc,heap        ] GC(323) PSYoungGen: 339891K(465920K)->109498K(465920K) Eden: 232960K(232960K)->0K(232960K) From: 106931K(232960K)->109498K(232960K)
[131.441s][info][gc,heap        ] GC(323) ParOldGen: 1239804K(1398272K)->1241121K(1398272K)
[131.441s][info][gc,metaspace   ] GC(323) Metaspace: 122169K(128256K)->122169K(128256K) NonClass: 104106K(106560K)->104106K(106560K) Class: 18063K(21696K)->18063K(21696K)
[131.441s][info][gc             ] GC(323) Pause Young (Allocation Failure) 1542M->1318M(1820M) 10.770ms
[131.441s][info][gc,cpu         ] GC(323) User=0.53s Sys=0.00s Real=0.02s
[131.453s][info][gc,start       ] GC(324) Pause Young (Allocation Failure)
[131.471s][info][gc,heap        ] GC(324) PSYoungGen: 342458K(465920K)->100463K(465920K) Eden: 232960K(232960K)->0K(232960K) From: 109498K(232960K)->100463K(232960K)
[131.471s][info][gc,heap        ] GC(324) ParOldGen: 1241121K(1398272K)->1270765K(1398272K)
[131.471s][info][gc,metaspace   ] GC(324) Metaspace: 122170K(128256K)->122170K(128256K) NonClass: 104106K(106560K)->104106K(106560K) Class: 18063K(21696K)->18063K(21696K)
[131.471s][info][gc             ] GC(324) Pause Young (Allocation Failure) 1546M->1339M(1820M) 18.641ms
[131.471s][info][gc,cpu         ] GC(324) User=0.53s Sys=0.00s Real=0.01s
[131.489s][info][gc,start       ] GC(325) Pause Young (Allocation Failure)
[131.500s][info][gc,heap        ] GC(325) PSYoungGen: 333423K(465920K)->95699K(456704K) Eden: 232960K(232960K)->0K(232960K) From: 100463K(232960K)->95699K(223744K)
[131.500s][info][gc,heap        ] GC(325) ParOldGen: 1270765K(1398272K)->1270765K(1398272K)
[131.500s][info][gc,metaspace   ] GC(325) Metaspace: 122170K(128256K)->122170K(128256K) NonClass: 104106K(106560K)->104106K(106560K) Class: 18063K(21696K)->18063K(21696K)
[131.500s][info][gc             ] GC(325) Pause Young (Allocation Failure) 1566M->1334M(1811M) 10.253ms
[131.500s][info][gc,cpu         ] GC(325) User=0.00s Sys=0.00s Real=0.00s
[131.512s][info][gc,start       ] GC(326) Pause Young (Allocation Failure)
[131.523s][info][gc,heap        ] GC(326) PSYoungGen: 328659K(456704K)->111368K(461312K) Eden: 232960K(232960K)->0K(232960K) From: 95699K(223744K)->111368K(228352K)
[131.523s][info][gc,heap        ] GC(326) ParOldGen: 1270765K(1398272K)->1270765K(1398272K)
[131.523s][info][gc,metaspace   ] GC(326) Metaspace: 122175K(128256K)->122175K(128256K) NonClass: 104111K(106560K)->104111K(106560K) Class: 18063K(21696K)->18063K(21696K)
[131.523s][info][gc             ] GC(326) Pause Young (Allocation Failure) 1561M->1349M(1816M) 10.946ms
[131.523s][info][gc,cpu         ] GC(326) User=0.42s Sys=0.00s Real=0.02s
[131.536s][info][gc,start       ] GC(327) Pause Young (Allocation Failure)
[131.549s][info][gc,heap        ] GC(327) PSYoungGen: 344328K(461312K)->128026K(457216K) Eden: 232960K(232960K)->0K(249856K) From: 111368K(228352K)->128026K(207360K)
[131.549s][info][gc,heap        ] GC(327) ParOldGen: 1270765K(1398272K)->1270765K(1398272K)
[131.549s][info][gc,metaspace   ] GC(327) Metaspace: 122175K(128256K)->122175K(128256K) NonClass: 104111K(106560K)->104111K(106560K) Class: 18063K(21696K)->18063K(21696K)
[131.549s][info][gc             ] GC(327) Pause Young (Allocation Failure) 1577M->1366M(1812M) 12.283ms
[131.549s][info][gc,cpu         ] GC(327) User=0.00s Sys=0.00s Real=0.00s
[131.563s][info][gc,start       ] GC(328) Pause Young (Allocation Failure)
[131.576s][info][gc,heap        ] GC(328) PSYoungGen: 377882K(457216K)->144692K(462336K) Eden: 249856K(249856K)->0K(249856K) From: 128026K(207360K)->144692K(212480K)
[131.576s][info][gc,heap        ] GC(328) ParOldGen: 1270765K(1398272K)->1270765K(1398272K)
[131.577s][info][gc,metaspace   ] GC(328) Metaspace: 122175K(128256K)->122175K(128256K) NonClass: 104111K(106560K)->104111K(106560K) Class: 18063K(21696K)->18063K(21696K)
[131.577s][info][gc             ] GC(328) Pause Young (Allocation Failure) 1610M->1382M(1817M) 13.888ms
[131.577s][info][gc,cpu         ] GC(328) User=0.45s Sys=0.00s Real=0.02s
[131.590s][info][gc,start       ] GC(329) Pause Young (Allocation Failure)
[131.604s][info][gc,heap        ] GC(329) PSYoungGen: 394548K(462336K)->155556K(482304K) Eden: 249856K(249856K)->0K(271360K) From: 144692K(212480K)->155556K(210944K)
[131.604s][info][gc,heap        ] GC(329) ParOldGen: 1270765K(1398272K)->1270765K(1398272K)
[131.604s][info][gc,metaspace   ] GC(329) Metaspace: 122175K(128256K)->122175K(128256K) NonClass: 104111K(106560K)->104111K(106560K) Class: 18063K(21696K)->18063K(21696K)
[131.604s][info][gc             ] GC(329) Pause Young (Allocation Failure) 1626M->1392M(1836M) 14.138ms
[131.604s][info][gc,cpu         ] GC(329) User=0.50s Sys=0.00s Real=0.02s
[131.620s][info][gc,start       ] GC(330) Pause Young (Allocation Failure)
[131.635s][info][gc,heap        ] GC(330) PSYoungGen: 426916K(482304K)->169940K(441344K) Eden: 271360K(271360K)->0K(271360K) From: 155556K(210944K)->169940K(169984K)
[131.635s][info][gc,heap        ] GC(330) ParOldGen: 1270765K(1398272K)->1270765K(1398272K)
[131.635s][info][gc,metaspace   ] GC(330) Metaspace: 122183K(128256K)->122183K(128256K) NonClass: 104119K(106560K)->104119K(106560K) Class: 18063K(21696K)->18063K(21696K)
[131.635s][info][gc             ] GC(330) Pause Young (Allocation Failure) 1657M->1406M(1796M) 15.448ms
[131.635s][info][gc,cpu         ] GC(330) User=0.52s Sys=0.00s Real=0.02s
[131.649s][info][gc,start       ] GC(331) Pause Young (Allocation Failure)
[131.663s][info][gc,heap        ] GC(331) PSYoungGen: 441300K(441344K)->155375K(480256K) Eden: 271360K(271360K)->0K(261120K) From: 169940K(169984K)->155375K(219136K)
[131.663s][info][gc,heap        ] GC(331) ParOldGen: 1270765K(1398272K)->1270765K(1398272K)
[131.663s][info][gc,metaspace   ] GC(331) Metaspace: 122183K(128256K)->122183K(128256K) NonClass: 104119K(106560K)->104119K(106560K) Class: 18063K(21696K)->18063K(21696K)
[131.663s][info][gc             ] GC(331) Pause Young (Allocation Failure) 1671M->1392M(1834M) 13.873ms
[131.663s][info][gc,cpu         ] GC(331) User=0.47s Sys=0.03s Real=0.02s
[131.676s][info][gc,start       ] GC(332) Pause Young (Allocation Failure)
[131.691s][info][gc,heap        ] GC(332) PSYoungGen: 416495K(480256K)->161029K(422400K) Eden: 261120K(261120K)->0K(261120K) From: 155375K(219136K)->161029K(161280K)
[131.691s][info][gc,heap        ] GC(332) ParOldGen: 1270765K(1398272K)->1270765K(1398272K)
[131.691s][info][gc,metaspace   ] GC(332) Metaspace: 122183K(128256K)->122183K(128256K) NonClass: 104119K(106560K)->104119K(106560K) Class: 18063K(21696K)->18063K(21696K)
[131.691s][info][gc             ] GC(332) Pause Young (Allocation Failure) 1647M->1398M(1778M) 14.881ms
[131.691s][info][gc,cpu         ] GC(332) User=0.02s Sys=0.00s Real=0.02s
[131.704s][info][gc,start       ] GC(333) Pause Young (Allocation Failure)
[131.720s][info][gc,heap        ] GC(333) PSYoungGen: 421237K(422400K)->169075K(473088K) Eden: 260208K(261120K)->0K(253440K) From: 161029K(161280K)->169075K(219648K)
[131.720s][info][gc,heap        ] GC(333) ParOldGen: 1270765K(1398272K)->1270765K(1398272K)
[131.720s][info][gc,metaspace   ] GC(333) Metaspace: 122183K(128256K)->122183K(128256K) NonClass: 104119K(106560K)->104119K(106560K) Class: 18063K(21696K)->18063K(21696K)
[131.720s][info][gc             ] GC(333) Pause Young (Allocation Failure) 1652M->1406M(1827M) 16.392ms
[131.720s][info][gc,cpu         ] GC(333) User=0.52s Sys=0.00s Real=0.01s
[131.732s][info][gc,start       ] GC(334) Pause Young (Allocation Failure)
[131.749s][info][gc,heap        ] GC(334) PSYoungGen: 422515K(473088K)->162094K(476160K) Eden: 253440K(253440K)->0K(253440K) From: 169075K(219648K)->162094K(222720K)
[131.749s][info][gc,heap        ] GC(334) ParOldGen: 1270765K(1398272K)->1287331K(1398272K)
[131.749s][info][gc,metaspace   ] GC(334) Metaspace: 122183K(128256K)->122183K(128256K) NonClass: 104119K(106560K)->104119K(106560K) Class: 18063K(21696K)->18063K(21696K)
[131.749s][info][gc             ] GC(334) Pause Young (Allocation Failure) 1653M->1415M(1830M) 17.026ms
[131.750s][info][gc,cpu         ] GC(334) User=0.52s Sys=0.00s Real=0.02s
[131.762s][info][gc,start       ] GC(335) Pause Young (Allocation Failure)
[131.781s][info][gc,heap        ] GC(335) PSYoungGen: 415534K(476160K)->153253K(467456K) Eden: 253440K(253440K)->0K(253952K) From: 162094K(222720K)->153253K(213504K)
[131.781s][info][gc,heap        ] GC(335) ParOldGen: 1287331K(1398272K)->1312002K(1398272K)
[131.781s][info][gc,metaspace   ] GC(335) Metaspace: 122183K(128256K)->122183K(128256K) NonClass: 104119K(106560K)->104119K(106560K) Class: 18063K(21696K)->18063K(21696K)
[131.781s][info][gc             ] GC(335) Pause Young (Allocation Failure) 1662M->1430M(1822M) 18.407ms
[131.781s][info][gc,cpu         ] GC(335) User=0.52s Sys=0.00s Real=0.02s
[131.794s][info][gc,start       ] GC(336) Pause Young (Allocation Failure)
[131.808s][info][gc,heap        ] GC(336) PSYoungGen: 407205K(467456K)->151747K(472064K) Eden: 253952K(253952K)->0K(253952K) From: 153253K(213504K)->151747K(218112K)
[131.808s][info][gc,heap        ] GC(336) ParOldGen: 1312002K(1398272K)->1312154K(1398272K)
[131.808s][info][gc,metaspace   ] GC(336) Metaspace: 122183K(128256K)->122183K(128256K) NonClass: 104119K(106560K)->104119K(106560K) Class: 18063K(21696K)->18063K(21696K)
[131.808s][info][gc             ] GC(336) Pause Young (Allocation Failure) 1678M->1429M(1826M) 14.407ms
[131.808s][info][gc,cpu         ] GC(336) User=0.52s Sys=0.00s Real=0.02s
[131.821s][info][gc,start       ] GC(337) Pause Young (Allocation Failure)
[131.838s][info][gc,heap        ] GC(337) PSYoungGen: 403389K(472064K)->175280K(475648K) Eden: 251641K(253952K)->0K(262656K) From: 151747K(218112K)->175280K(212992K)
[131.838s][info][gc,heap        ] GC(337) ParOldGen: 1312154K(1398272K)->1312282K(1398272K)
[131.838s][info][gc,metaspace   ] GC(337) Metaspace: 122183K(128256K)->122183K(128256K) NonClass: 104119K(106560K)->104119K(106560K) Class: 18063K(21696K)->18063K(21696K)
[131.838s][info][gc             ] GC(337) Pause Young (Allocation Failure) 1675M->1452M(1830M) 16.688ms
[131.838s][info][gc,cpu         ] GC(337) User=0.52s Sys=0.00s Real=0.01s
[131.852s][info][gc,start       ] GC(338) Pause Young (Allocation Failure)
[131.869s][info][gc,heap        ] GC(338) PSYoungGen: 437936K(475648K)->181467K(444416K) Eden: 262656K(262656K)->0K(262656K) From: 175280K(212992K)->181467K(181760K)
[131.869s][info][gc,heap        ] GC(338) ParOldGen: 1312282K(1398272K)->1312434K(1398272K)
[131.869s][info][gc,metaspace   ] GC(338) Metaspace: 122183K(128256K)->122183K(128256K) NonClass: 104119K(106560K)->104119K(106560K) Class: 18063K(21696K)->18063K(21696K)
[131.869s][info][gc             ] GC(338) Pause Young (Allocation Failure) 1709M->1458M(1799M) 17.107ms
[131.869s][info][gc,cpu         ] GC(338) User=0.48s Sys=0.00s Real=0.02s
[131.883s][info][gc,start       ] GC(339) Pause Young (Allocation Failure)
[131.900s][info][gc,heap        ] GC(339) PSYoungGen: 444123K(444416K)->183398K(466944K) Eden: 262656K(262656K)->0K(244224K) From: 181467K(181760K)->183398K(222720K)
[131.900s][info][gc,heap        ] GC(339) ParOldGen: 1312434K(1398272K)->1312586K(1398272K)
[131.900s][info][gc,metaspace   ] GC(339) Metaspace: 122183K(128256K)->122183K(128256K) NonClass: 104119K(106560K)->104119K(106560K) Class: 18063K(21696K)->18063K(21696K)
[131.900s][info][gc             ] GC(339) Pause Young (Allocation Failure) 1715M->1460M(1821M) 16.772ms
[131.900s][info][gc,cpu         ] GC(339) User=0.47s Sys=0.00s Real=0.02s
[131.914s][info][gc,start       ] GC(340) Pause Young (Allocation Failure)
[131.931s][info][gc,heap        ] GC(340) PSYoungGen: 427622K(466944K)->176472K(420864K) Eden: 244224K(244224K)->0K(244224K) From: 183398K(222720K)->176472K(176640K)
[131.931s][info][gc,heap        ] GC(340) ParOldGen: 1312586K(1398272K)->1312802K(1398272K)
[131.931s][info][gc,metaspace   ] GC(340) Metaspace: 122183K(128256K)->122183K(128256K) NonClass: 104119K(106560K)->104119K(106560K) Class: 18063K(21696K)->18063K(21696K)
[131.931s][info][gc             ] GC(340) Pause Young (Allocation Failure) 1699M->1454M(1776M) 16.981ms
[131.931s][info][gc,cpu         ] GC(340) User=0.47s Sys=0.00s Real=0.02s
[131.943s][info][gc,start       ] GC(341) Pause Young (Allocation Failure)
[131.960s][info][gc,heap        ] GC(341) PSYoungGen: 420696K(420864K)->176328K(470528K) Eden: 244224K(244224K)->0K(242176K) From: 176472K(176640K)->176328K(228352K)
[131.960s][info][gc,heap        ] GC(341) ParOldGen: 1312802K(1398272K)->1312802K(1398272K)
[131.960s][info][gc,metaspace   ] GC(341) Metaspace: 122183K(128256K)->122183K(128256K) NonClass: 104119K(106560K)->104119K(106560K) Class: 18063K(21696K)->18063K(21696K)
[131.960s][info][gc             ] GC(341) Pause Young (Allocation Failure) 1692M->1454M(1825M) 16.815ms
[131.960s][info][gc,cpu         ] GC(341) User=0.45s Sys=0.00s Real=0.02s
[131.972s][info][gc,start       ] GC(342) Pause Young (Allocation Failure)
[131.989s][info][gc,heap        ] GC(342) PSYoungGen: 418504K(470528K)->160267K(402944K) Eden: 242176K(242176K)->0K(242176K) From: 176328K(228352K)->160267K(160768K)
[131.989s][info][gc,heap        ] GC(342) ParOldGen: 1312802K(1398272K)->1329248K(1398272K)
[131.989s][info][gc,metaspace   ] GC(342) Metaspace: 122183K(128256K)->122183K(128256K) NonClass: 104119K(106560K)->104119K(106560K) Class: 18063K(21696K)->18063K(21696K)
[131.989s][info][gc             ] GC(342) Pause Young (Allocation Failure) 1690M->1454M(1759M) 16.997ms
[131.990s][info][gc,cpu         ] GC(342) User=0.27s Sys=0.00s Real=0.02s
[132.001s][info][gc,start       ] GC(343) Pause Young (Allocation Failure)
[132.017s][info][gc,heap        ] GC(343) PSYoungGen: 402443K(402944K)->169315K(466432K) Eden: 242176K(242176K)->0K(244736K) From: 160267K(160768K)->169315K(221696K)
[132.017s][info][gc,heap        ] GC(343) ParOldGen: 1329248K(1398272K)->1329299K(1398272K)
[132.017s][info][gc,metaspace   ] GC(343) Metaspace: 122183K(128256K)->122183K(128256K) NonClass: 104119K(106560K)->104119K(106560K) Class: 18063K(21696K)->18063K(21696K)
[132.017s][info][gc             ] GC(343) Pause Young (Allocation Failure) 1691M->1463M(1821M) 15.881ms
[132.017s][info][gc,cpu         ] GC(343) User=0.52s Sys=0.00s Real=0.02s
[132.029s][info][gc,start       ] GC(344) Pause Young (Allocation Failure)
[132.048s][info][gc,heap        ] GC(344) PSYoungGen: 414051K(466432K)->171429K(463872K) Eden: 244736K(244736K)->0K(244736K) From: 169315K(221696K)->171429K(219136K)
[132.048s][info][gc,heap        ] GC(344) ParOldGen: 1329299K(1398272K)->1349876K(1398272K)
[132.048s][info][gc,metaspace   ] GC(344) Metaspace: 122183K(128256K)->122183K(128256K) NonClass: 104119K(106560K)->104119K(106560K) Class: 18063K(21696K)->18063K(21696K)
[132.048s][info][gc             ] GC(344) Pause Young (Allocation Failure) 1702M->1485M(1818M) 18.523ms
[132.048s][info][gc,cpu         ] GC(344) User=0.52s Sys=0.00s Real=0.02s
[132.060s][info][gc,start       ] GC(345) Pause Young (Allocation Failure)
[132.076s][info][gc,heap        ] GC(345) PSYoungGen: 416165K(463872K)->129901K(476160K) Eden: 244736K(244736K)->0K(258560K) From: 171429K(219136K)->129901K(217600K)
[132.076s][info][gc,heap        ] GC(345) ParOldGen: 1349876K(1398272K)->1386884K(1398272K)
[132.076s][info][gc,metaspace   ] GC(345) Metaspace: 122183K(128256K)->122183K(128256K) NonClass: 104119K(106560K)->104119K(106560K) Class: 18063K(21696K)->18063K(21696K)
[132.076s][info][gc             ] GC(345) Pause Young (Allocation Failure) 1724M->1481M(1830M) 16.066ms
[132.076s][info][gc,cpu         ] GC(345) User=0.52s Sys=0.00s Real=0.02s
[132.077s][info][gc,start       ] GC(346) Pause Full (Ergonomics)
[132.077s][info][gc,phases,start] GC(346) Marking Phase
[132.120s][info][gc,phases      ] GC(346) Marking Phase 43.306ms
[132.120s][info][gc,phases,start] GC(346) Summary Phase
[132.120s][info][gc,phases      ] GC(346) Summary Phase 0.060ms
[132.120s][info][gc,phases,start] GC(346) Adjust Roots
[132.131s][info][gc,phases      ] GC(346) Adjust Roots 11.099ms
[132.131s][info][gc,phases,start] GC(346) Compaction Phase
[132.161s][info][gc,phases      ] GC(346) Compaction Phase 30.157ms
[132.161s][info][gc,phases,start] GC(346) Post Compact
[132.169s][info][gc,phases      ] GC(346) Post Compact 7.558ms
[132.169s][info][gc,heap        ] GC(346) PSYoungGen: 129901K(476160K)->0K(475648K) Eden: 0K(258560K)->0K(258560K) From: 129901K(217600K)->0K(217088K)
[132.169s][info][gc,heap        ] GC(346) ParOldGen: 1386884K(1398272K)->1336218K(1398272K)
[132.169s][info][gc,metaspace   ] GC(346) Metaspace: 122183K(128256K)->122183K(128256K) NonClass: 104119K(106560K)->104119K(106560K) Class: 18063K(21696K)->18063K(21696K)
[132.169s][info][gc             ] GC(346) Pause Full (Ergonomics) 1481M->1304M(1830M) 92.498ms
[132.169s][info][gc,cpu         ] GC(346) User=1.59s Sys=0.02s Real=0.09s
[132.184s][info][gc,start       ] GC(347) Pause Young (Allocation Failure)
[132.187s][info][gc,heap        ] GC(347) PSYoungGen: 258560K(475648K)->14445K(450048K) Eden: 258560K(258560K)->0K(232960K) From: 0K(217088K)->14445K(217088K)
[132.187s][info][gc,heap        ] GC(347) ParOldGen: 1336218K(1398272K)->1336218K(1398272K)
[132.187s][info][gc,metaspace   ] GC(347) Metaspace: 122251K(128256K)->122251K(128256K) NonClass: 104177K(106560K)->104177K(106560K) Class: 18074K(21696K)->18074K(21696K)
[132.187s][info][gc             ] GC(347) Pause Young (Allocation Failure) 1557M->1319M(1805M) 2.556ms
[132.187s][info][gc,cpu         ] GC(347) User=0.52s Sys=0.00s Real=0.02s
[132.199s][info][gc,start       ] GC(348) Pause Young (Allocation Failure)
[132.204s][info][gc,heap        ] GC(348) PSYoungGen: 247405K(450048K)->58754K(465920K) Eden: 232960K(232960K)->0K(232960K) From: 14445K(217088K)->58754K(232960K)
[132.204s][info][gc,heap        ] GC(348) ParOldGen: 1336218K(1398272K)->1336218K(1398272K)
[132.204s][info][gc,metaspace   ] GC(348) Metaspace: 122251K(128256K)->122251K(128256K) NonClass: 104177K(106560K)->104177K(106560K) Class: 18074K(21696K)->18074K(21696K)
[132.204s][info][gc             ] GC(348) Pause Young (Allocation Failure) 1546M->1362M(1820M) 5.198ms
[132.204s][info][gc,cpu         ] GC(348) User=0.14s Sys=0.00s Real=0.01s
[132.216s][info][gc,start       ] GC(349) Pause Young (Allocation Failure)
[132.223s][info][gc,heap        ] GC(349) PSYoungGen: 291714K(465920K)->78449K(465920K) Eden: 232960K(232960K)->0K(232960K) From: 58754K(232960K)->78449K(232960K)
[132.223s][info][gc,heap        ] GC(349) ParOldGen: 1336218K(1398272K)->1336218K(1398272K)
[132.223s][info][gc,metaspace   ] GC(349) Metaspace: 122251K(128256K)->122251K(128256K) NonClass: 104177K(106560K)->104177K(106560K) Class: 18074K(21696K)->18074K(21696K)
[132.223s][info][gc             ] GC(349) Pause Young (Allocation Failure) 1589M->1381M(1820M) 7.026ms
[132.223s][info][gc,cpu         ] GC(349) User=0.52s Sys=0.00s Real=0.02s
[132.235s][info][gc,start       ] GC(350) Pause Young (Allocation Failure)
[132.245s][info][gc,heap        ] GC(350) PSYoungGen: 311409K(465920K)->110075K(343040K) Eden: 232960K(232960K)->0K(232960K) From: 78449K(232960K)->110075K(110080K)
[132.245s][info][gc,heap        ] GC(350) ParOldGen: 1336218K(1398272K)->1336218K(1398272K)
[132.245s][info][gc,metaspace   ] GC(350) Metaspace: 122252K(128256K)->122252K(128256K) NonClass: 104178K(106560K)->104178K(106560K) Class: 18074K(21696K)->18074K(21696K)
[132.245s][info][gc             ] GC(350) Pause Young (Allocation Failure) 1609M->1412M(1700M) 10.107ms
[132.245s][info][gc,cpu         ] GC(350) User=0.00s Sys=0.00s Real=0.00s
[132.258s][info][gc,start       ] GC(351) Pause Young (Allocation Failure)
[132.269s][info][gc,heap        ] GC(351) PSYoungGen: 343035K(343040K)->115003K(473600K) Eden: 232960K(232960K)->0K(241152K) From: 110075K(110080K)->115003K(232448K)
[132.269s][info][gc,heap        ] GC(351) ParOldGen: 1336218K(1398272K)->1336218K(1398272K)
[132.269s][info][gc,metaspace   ] GC(351) Metaspace: 122253K(128256K)->122253K(128256K) NonClass: 104178K(106560K)->104178K(106560K) Class: 18074K(21696K)->18074K(21696K)
[132.269s][info][gc             ] GC(351) Pause Young (Allocation Failure) 1639M->1417M(1828M) 10.387ms
[132.269s][info][gc,cpu         ] GC(351) User=0.38s Sys=0.02s Real=0.02s
[132.282s][info][gc,start       ] GC(352) Pause Young (Allocation Failure)
[132.294s][info][gc,heap        ] GC(352) PSYoungGen: 356155K(473600K)->130782K(372224K) Eden: 241152K(241152K)->0K(241152K) From: 115003K(232448K)->130782K(131072K)
[132.294s][info][gc,heap        ] GC(352) ParOldGen: 1336218K(1398272K)->1336218K(1398272K)
[132.294s][info][gc,metaspace   ] GC(352) Metaspace: 122256K(128256K)->122256K(128256K) NonClass: 104182K(106560K)->104182K(106560K) Class: 18074K(21696K)->18074K(21696K)
[132.294s][info][gc             ] GC(352) Pause Young (Allocation Failure) 1652M->1432M(1729M) 12.013ms
[132.294s][info][gc,cpu         ] GC(352) User=0.02s Sys=0.00s Real=0.02s
[132.307s][info][gc,start       ] GC(353) Pause Young (Allocation Failure)
[132.319s][info][gc,heap        ] GC(353) PSYoungGen: 371934K(372224K)->142347K(461312K) Eden: 241152K(241152K)->0K(245248K) From: 130782K(131072K)->142347K(216064K)
[132.319s][info][gc,heap        ] GC(353) ParOldGen: 1336218K(1398272K)->1336218K(1398272K)
[132.319s][info][gc,metaspace   ] GC(353) Metaspace: 122256K(128256K)->122256K(128256K) NonClass: 104182K(106560K)->104182K(106560K) Class: 18074K(21696K)->18074K(21696K)
[132.319s][info][gc             ] GC(353) Pause Young (Allocation Failure) 1668M->1443M(1816M) 12.193ms
[132.319s][info][gc,cpu         ] GC(353) User=0.52s Sys=0.00s Real=0.02s
[132.332s][info][gc,start       ] GC(354) Pause Young (Allocation Failure)
[132.345s][info][gc,heap        ] GC(354) PSYoungGen: 387595K(461312K)->145942K(458240K) Eden: 245248K(245248K)->0K(245248K) From: 142347K(216064K)->145942K(212992K)
[132.345s][info][gc,heap        ] GC(354) ParOldGen: 1336218K(1398272K)->1336218K(1398272K)
[132.345s][info][gc,metaspace   ] GC(354) Metaspace: 122256K(128256K)->122256K(128256K) NonClass: 104182K(106560K)->104182K(106560K) Class: 18074K(21696K)->18074K(21696K)
[132.345s][info][gc             ] GC(354) Pause Young (Allocation Failure) 1683M->1447M(1813M) 13.621ms
[132.345s][info][gc,cpu         ] GC(354) User=0.17s Sys=0.00s Real=0.02s
[132.357s][info][gc,start       ] GC(355) Pause Young (Allocation Failure)
[132.372s][info][gc,heap        ] GC(355) PSYoungGen: 391190K(458240K)->162558K(474624K) Eden: 245248K(245248K)->0K(263680K) From: 145942K(212992K)->162558K(210944K)
[132.372s][info][gc,heap        ] GC(355) ParOldGen: 1336218K(1398272K)->1336218K(1398272K)
[132.372s][info][gc,metaspace   ] GC(355) Metaspace: 122256K(128256K)->122256K(128256K) NonClass: 104182K(106560K)->104182K(106560K) Class: 18074K(21696K)->18074K(21696K)
[132.372s][info][gc             ] GC(355) Pause Young (Allocation Failure) 1686M->1463M(1829M) 14.301ms
[132.372s][info][gc,cpu         ] GC(355) User=0.00s Sys=0.00s Real=0.00s
[132.385s][info][gc,start       ] GC(356) Pause Young (Allocation Failure)
[132.400s][info][gc,heap        ] GC(356) PSYoungGen: 423916K(474624K)->168831K(478720K) Eden: 261358K(263680K)->0K(263680K) From: 162558K(210944K)->168831K(215040K)
[132.400s][info][gc,heap        ] GC(356) ParOldGen: 1336218K(1398272K)->1336218K(1398272K)
[132.400s][info][gc,metaspace   ] GC(356) Metaspace: 122256K(128256K)->122256K(128256K) NonClass: 104182K(106560K)->104182K(106560K) Class: 18074K(21696K)->18074K(21696K)
[132.400s][info][gc             ] GC(356) Pause Young (Allocation Failure) 1718M->1469M(1833M) 15.686ms
[132.400s][info][gc,cpu         ] GC(356) User=0.52s Sys=0.00s Real=0.02s
[132.605s][info][gc,start       ] GC(357) Pause Young (Allocation Failure)
[132.621s][info][gc,heap        ] GC(357) PSYoungGen: 432511K(478720K)->169970K(471552K) Eden: 263680K(263680K)->0K(251392K) From: 168831K(215040K)->169970K(220160K)
[132.621s][info][gc,heap        ] GC(357) ParOldGen: 1336218K(1398272K)->1336218K(1398272K)
[132.621s][info][gc,metaspace   ] GC(357) Metaspace: 122260K(128256K)->122260K(128256K) NonClass: 104186K(106560K)->104186K(106560K) Class: 18074K(21696K)->18074K(21696K)
[132.621s][info][gc             ] GC(357) Pause Young (Allocation Failure) 1727M->1470M(1826M) 15.997ms
[132.621s][info][gc,cpu         ] GC(357) User=0.52s Sys=0.00s Real=0.02s
[132.635s][info][gc,start       ] GC(358) Pause Young (Allocation Failure)
[132.653s][info][gc,heap        ] GC(358) PSYoungGen: 421362K(471552K)->185558K(437248K) Eden: 251392K(251392K)->0K(251392K) From: 169970K(220160K)->185558K(185856K)
[132.653s][info][gc,heap        ] GC(358) ParOldGen: 1336218K(1398272K)->1336218K(1398272K)
[132.653s][info][gc,metaspace   ] GC(358) Metaspace: 122263K(128256K)->122263K(128256K) NonClass: 104189K(106560K)->104189K(106560K) Class: 18074K(21696K)->18074K(21696K)
[132.653s][info][gc             ] GC(358) Pause Young (Allocation Failure) 1716M->1486M(1792M) 17.556ms
[132.653s][info][gc,cpu         ] GC(358) User=0.52s Sys=0.00s Real=0.02s
[132.666s][info][gc,start       ] GC(359) Pause Young (Allocation Failure)
[132.684s][info][gc,heap        ] GC(359) PSYoungGen: 436950K(437248K)->198119K(465408K) Eden: 251392K(251392K)->0K(232960K) From: 185558K(185856K)->198119K(232448K)
[132.684s][info][gc,heap        ] GC(359) ParOldGen: 1336218K(1398272K)->1336218K(1398272K)
[132.684s][info][gc,metaspace   ] GC(359) Metaspace: 122263K(128256K)->122263K(128256K) NonClass: 104189K(106560K)->104189K(106560K) Class: 18074K(21696K)->18074K(21696K)
[132.684s][info][gc             ] GC(359) Pause Young (Allocation Failure) 1731M->1498M(1820M) 18.277ms
[132.684s][info][gc,cpu         ] GC(359) User=0.52s Sys=0.00s Real=0.02s
[132.697s][info][gc,start       ] GC(360) Pause Young (Allocation Failure)
[132.716s][info][gc,heap        ] GC(360) PSYoungGen: 431079K(465408K)->204641K(465920K) Eden: 232960K(232960K)->0K(232960K) From: 198119K(232448K)->204641K(232960K)
[132.716s][info][gc,heap        ] GC(360) ParOldGen: 1336218K(1398272K)->1336218K(1398272K)
[132.716s][info][gc,metaspace   ] GC(360) Metaspace: 122263K(128256K)->122263K(128256K) NonClass: 104189K(106560K)->104189K(106560K) Class: 18074K(21696K)->18074K(21696K)
[132.716s][info][gc             ] GC(360) Pause Young (Allocation Failure) 1725M->1504M(1820M) 19.065ms
[132.716s][info][gc,cpu         ] GC(360) User=0.22s Sys=0.00s Real=0.02s
[132.731s][info][gc,start       ] GC(361) Pause Young (Allocation Failure)
[132.749s][info][gc,heap        ] GC(361) PSYoungGen: 437601K(465920K)->179376K(465920K) Eden: 232960K(232960K)->0K(232960K) From: 204641K(232960K)->179376K(232960K)
[132.749s][info][gc,heap        ] GC(361) ParOldGen: 1336218K(1398272K)->1352798K(1398272K)
[132.749s][info][gc,metaspace   ] GC(361) Metaspace: 122328K(128320K)->122328K(128320K) NonClass: 104254K(106624K)->104254K(106624K) Class: 18074K(21696K)->18074K(21696K)
[132.749s][info][gc             ] GC(361) Pause Young (Allocation Failure) 1732M->1496M(1820M) 18.396ms
[132.749s][info][gc,cpu         ] GC(361) User=0.55s Sys=0.00s Real=0.02s
[132.767s][info][gc,start       ] GC(362) Pause Young (Allocation Failure)
[132.784s][info][gc,heap        ] GC(362) PSYoungGen: 412336K(465920K)->162178K(465920K) Eden: 232960K(232960K)->0K(232960K) From: 179376K(232960K)->162178K(232960K)
[132.784s][info][gc,heap        ] GC(362) ParOldGen: 1352798K(1398272K)->1361102K(1398272K)
[132.784s][info][gc,metaspace   ] GC(362) Metaspace: 122366K(128320K)->122366K(128320K) NonClass: 104291K(106624K)->104291K(106624K) Class: 18074K(21696K)->18074K(21696K)
[132.784s][info][gc             ] GC(362) Pause Young (Allocation Failure) 1723M->1487M(1820M) 17.104ms
[132.784s][info][gc,cpu         ] GC(362) User=0.50s Sys=0.00s Real=0.02s
[132.801s][info][gc,start       ] GC(363) Pause Young (Allocation Failure)
[132.812s][info][gc,promotion   ] GC(363) Promotion failed
[132.813s][info][gc,heap        ] GC(363) PSYoungGen: 395138K(465920K)->395138K(465920K) Eden: 232960K(232960K)->232960K(232960K) From: 162178K(232960K)->162178K(232960K)
[132.813s][info][gc,heap        ] GC(363) ParOldGen: 1361102K(1398272K)->1398150K(1398272K)
[132.813s][info][gc,metaspace   ] GC(363) Metaspace: 122367K(128320K)->122367K(128320K) NonClass: 104293K(106624K)->104293K(106624K) Class: 18074K(21696K)->18074K(21696K)
[132.813s][info][gc             ] GC(363) Pause Young (Allocation Failure) 1715M->1751M(1820M) 11.537ms
[132.813s][info][gc,cpu         ] GC(363) User=0.52s Sys=0.00s Real=0.02s
[132.813s][info][gc,start       ] GC(364) Pause Full (Ergonomics)
[132.813s][info][gc,phases,start] GC(364) Marking Phase
[132.852s][info][gc,phases      ] GC(364) Marking Phase 39.195ms
[132.852s][info][gc,phases,start] GC(364) Summary Phase
[132.852s][info][gc,phases      ] GC(364) Summary Phase 0.046ms
[132.852s][info][gc,phases,start] GC(364) Adjust Roots
[132.862s][info][gc,phases      ] GC(364) Adjust Roots 9.883ms
[132.862s][info][gc,phases,start] GC(364) Compaction Phase
[132.977s][info][gc,phases      ] GC(364) Compaction Phase 115.243ms
[132.977s][info][gc,phases,start] GC(364) Post Compact
[132.986s][info][gc,phases      ] GC(364) Post Compact 9.150ms
[132.986s][info][gc,heap        ] GC(364) PSYoungGen: 395138K(465920K)->4524K(465920K) Eden: 232960K(232960K)->0K(232960K) From: 162178K(232960K)->4524K(232960K)
[132.986s][info][gc,heap        ] GC(364) ParOldGen: 1398150K(1398272K)->1396775K(1398272K)
[132.986s][info][gc,metaspace   ] GC(364) Metaspace: 122367K(128320K)->122367K(128320K) NonClass: 104293K(106624K)->104293K(106624K) Class: 18074K(21696K)->18074K(21696K)
[132.986s][info][gc             ] GC(364) Pause Full (Ergonomics) 1751M->1368M(1820M) 173.774ms
[132.987s][info][gc,cpu         ] GC(364) User=4.73s Sys=0.13s Real=0.17s
[133.003s][info][gc,start       ] GC(365) Pause Full (Ergonomics)
[133.003s][info][gc,phases,start] GC(365) Marking Phase
[133.044s][info][gc,phases      ] GC(365) Marking Phase 41.067ms
[133.044s][info][gc,phases,start] GC(365) Summary Phase
[133.044s][info][gc,phases      ] GC(365) Summary Phase 0.043ms
[133.044s][info][gc,phases,start] GC(365) Adjust Roots
[133.056s][info][gc,phases      ] GC(365) Adjust Roots 11.477ms
[133.056s][info][gc,phases,start] GC(365) Compaction Phase
[133.072s][info][gc,phases      ] GC(365) Compaction Phase 16.573ms
[133.072s][info][gc,phases,start] GC(365) Post Compact
[133.082s][info][gc,phases      ] GC(365) Post Compact 9.523ms
[133.082s][info][gc,heap        ] GC(365) PSYoungGen: 237484K(465920K)->4521K(465920K) Eden: 232960K(232960K)->0K(232960K) From: 4524K(232960K)->4521K(232960K)
[133.082s][info][gc,heap        ] GC(365) ParOldGen: 1396775K(1398272K)->1396780K(1398272K)
[133.082s][info][gc,metaspace   ] GC(365) Metaspace: 122367K(128320K)->122367K(128320K) NonClass: 104293K(106624K)->104293K(106624K) Class: 18074K(21696K)->18074K(21696K)
[133.082s][info][gc             ] GC(365) Pause Full (Ergonomics) 1595M->1368M(1820M) 79.060ms
[133.082s][info][gc,cpu         ] GC(365) User=0.98s Sys=0.00s Real=0.08s
[133.107s][info][gc,start       ] GC(366) Pause Full (Ergonomics)
[133.107s][info][gc,phases,start] GC(366) Marking Phase
[133.148s][info][gc,phases      ] GC(366) Marking Phase 40.766ms
[133.148s][info][gc,phases,start] GC(366) Summary Phase
[133.148s][info][gc,phases      ] GC(366) Summary Phase 0.043ms
[133.148s][info][gc,phases,start] GC(366) Adjust Roots
[133.159s][info][gc,phases      ] GC(366) Adjust Roots 10.931ms
[133.159s][info][gc,phases,start] GC(366) Compaction Phase
[133.185s][info][gc,phases      ] GC(366) Compaction Phase 26.174ms
[133.185s][info][gc,phases,start] GC(366) Post Compact
[133.194s][info][gc,phases      ] GC(366) Post Compact 8.841ms
[133.194s][info][gc,heap        ] GC(366) PSYoungGen: 237481K(465920K)->4519K(465920K) Eden: 232960K(232960K)->0K(232960K) From: 4521K(232960K)->4519K(232960K)
[133.194s][info][gc,heap        ] GC(366) ParOldGen: 1396780K(1398272K)->1396786K(1398272K)
[133.194s][info][gc,metaspace   ] GC(366) Metaspace: 122367K(128320K)->122367K(128320K) NonClass: 104293K(106624K)->104293K(106624K) Class: 18074K(21696K)->18074K(21696K)
[133.194s][info][gc             ] GC(366) Pause Full (Ergonomics) 1595M->1368M(1820M) 87.115ms
[133.194s][info][gc,cpu         ] GC(366) User=2.05s Sys=0.00s Real=0.08s
[133.216s][info][gc,start       ] GC(367) Pause Full (Ergonomics)
[133.216s][info][gc,phases,start] GC(367) Marking Phase
[133.262s][info][gc,phases      ] GC(367) Marking Phase 45.301ms
[133.262s][info][gc,phases,start] GC(367) Summary Phase
[133.262s][info][gc,phases      ] GC(367) Summary Phase 0.042ms
[133.262s][info][gc,phases,start] GC(367) Adjust Roots
[133.273s][info][gc,phases      ] GC(367) Adjust Roots 11.136ms
[133.273s][info][gc,phases,start] GC(367) Compaction Phase
[133.292s][info][gc,phases      ] GC(367) Compaction Phase 19.446ms
[133.292s][info][gc,phases,start] GC(367) Post Compact
[133.301s][info][gc,phases      ] GC(367) Post Compact 8.200ms
[133.301s][info][gc,heap        ] GC(367) PSYoungGen: 237479K(465920K)->4519K(465920K) Eden: 232960K(232960K)->0K(232960K) From: 4519K(232960K)->4519K(232960K)
[133.301s][info][gc,heap        ] GC(367) ParOldGen: 1396786K(1398272K)->1396789K(1398272K)
[133.301s][info][gc,metaspace   ] GC(367) Metaspace: 122367K(128320K)->122367K(128320K) NonClass: 104293K(106624K)->104293K(106624K) Class: 18074K(21696K)->18074K(21696K)
[133.301s][info][gc             ] GC(367) Pause Full (Ergonomics) 1595M->1368M(1820M) 84.429ms
[133.301s][info][gc,cpu         ] GC(367) User=1.08s Sys=0.02s Real=0.08s
[133.327s][info][gc,start       ] GC(368) Pause Full (Ergonomics)
[133.327s][info][gc,phases,start] GC(368) Marking Phase
[133.362s][info][gc,phases      ] GC(368) Marking Phase 35.699ms
[133.363s][info][gc,phases,start] GC(368) Summary Phase
[133.363s][info][gc,phases      ] GC(368) Summary Phase 0.043ms
[133.363s][info][gc,phases,start] GC(368) Adjust Roots
[133.371s][info][gc,phases      ] GC(368) Adjust Roots 8.338ms
[133.371s][info][gc,phases,start] GC(368) Compaction Phase
[133.390s][info][gc,phases      ] GC(368) Compaction Phase 18.570ms
[133.390s][info][gc,phases,start] GC(368) Post Compact
[133.400s][info][gc,phases      ] GC(368) Post Compact 10.409ms
[133.400s][info][gc,heap        ] GC(368) PSYoungGen: 237479K(465920K)->4518K(465920K) Eden: 232960K(232960K)->0K(232960K) From: 4519K(232960K)->4518K(232960K)
[133.400s][info][gc,heap        ] GC(368) ParOldGen: 1396789K(1398272K)->1396786K(1398272K)
[133.400s][info][gc,metaspace   ] GC(368) Metaspace: 122367K(128320K)->122367K(128320K) NonClass: 104293K(106624K)->104293K(106624K) Class: 18074K(21696K)->18074K(21696K)
[133.400s][info][gc             ] GC(368) Pause Full (Ergonomics) 1595M->1368M(1820M) 73.495ms
[133.400s][info][gc,cpu         ] GC(368) User=1.63s Sys=0.00s Real=0.08s
[133.427s][info][gc,start       ] GC(369) Pause Full (Ergonomics)
[133.427s][info][gc,phases,start] GC(369) Marking Phase
[133.468s][info][gc,phases      ] GC(369) Marking Phase 40.920ms
[133.468s][info][gc,phases,start] GC(369) Summary Phase
[133.468s][info][gc,phases      ] GC(369) Summary Phase 0.041ms
[133.468s][info][gc,phases,start] GC(369) Adjust Roots
[133.482s][info][gc,phases      ] GC(369) Adjust Roots 14.094ms
[133.483s][info][gc,phases,start] GC(369) Compaction Phase
[133.501s][info][gc,phases      ] GC(369) Compaction Phase 18.168ms
[133.501s][info][gc,phases,start] GC(369) Post Compact
[133.511s][info][gc,phases      ] GC(369) Post Compact 10.230ms
[133.511s][info][gc,heap        ] GC(369) PSYoungGen: 237478K(465920K)->4518K(465920K) Eden: 232960K(232960K)->0K(232960K) From: 4518K(232960K)->4518K(232960K)
[133.511s][info][gc,heap        ] GC(369) ParOldGen: 1396786K(1398272K)->1396783K(1398272K)
[133.511s][info][gc,metaspace   ] GC(369) Metaspace: 122367K(128320K)->122367K(128320K) NonClass: 104293K(106624K)->104293K(106624K) Class: 18074K(21696K)->18074K(21696K)
[133.511s][info][gc             ] GC(369) Pause Full (Ergonomics) 1595M->1368M(1820M) 83.832ms
[133.511s][info][gc,cpu         ] GC(369) User=1.13s Sys=0.00s Real=0.09s
[133.538s][info][gc,start       ] GC(370) Pause Full (Ergonomics)
[133.538s][info][gc,phases,start] GC(370) Marking Phase
[133.578s][info][gc,phases      ] GC(370) Marking Phase 40.049ms
[133.578s][info][gc,phases,start] GC(370) Summary Phase
[133.578s][info][gc,phases      ] GC(370) Summary Phase 0.041ms
[133.578s][info][gc,phases,start] GC(370) Adjust Roots
[133.585s][info][gc,phases      ] GC(370) Adjust Roots 7.662ms
[133.586s][info][gc,phases,start] GC(370) Compaction Phase
[133.600s][info][gc,phases      ] GC(370) Compaction Phase 14.636ms
[133.600s][info][gc,phases,start] GC(370) Post Compact
[133.609s][info][gc,phases      ] GC(370) Post Compact 9.056ms
[133.609s][info][gc,heap        ] GC(370) PSYoungGen: 237478K(465920K)->4518K(465920K) Eden: 232960K(232960K)->0K(232960K) From: 4518K(232960K)->4518K(232960K)
[133.609s][info][gc,heap        ] GC(370) ParOldGen: 1396783K(1398272K)->1396791K(1398272K)
[133.609s][info][gc,metaspace   ] GC(370) Metaspace: 122367K(128320K)->122367K(128320K) NonClass: 104293K(106624K)->104293K(106624K) Class: 18074K(21696K)->18074K(21696K)
[133.609s][info][gc             ] GC(370) Pause Full (Ergonomics) 1595M->1368M(1820M) 71.755ms
[133.609s][info][gc,cpu         ] GC(370) User=1.11s Sys=0.00s Real=0.08s
[133.634s][info][gc,start       ] GC(371) Pause Full (Ergonomics)
[133.634s][info][gc,phases,start] GC(371) Marking Phase
[133.678s][info][gc,phases      ] GC(371) Marking Phase 44.037ms
[133.678s][info][gc,phases,start] GC(371) Summary Phase
[133.678s][info][gc,phases      ] GC(371) Summary Phase 0.041ms
[133.678s][info][gc,phases,start] GC(371) Adjust Roots
[133.686s][info][gc,phases      ] GC(371) Adjust Roots 7.651ms
[133.686s][info][gc,phases,start] GC(371) Compaction Phase
[133.701s][info][gc,phases      ] GC(371) Compaction Phase 14.993ms
[133.738s][info][gc,phases,start] GC(371) Post Compact
[133.749s][info][gc,phases      ] GC(371) Post Compact 10.893ms
[133.749s][info][gc,heap        ] GC(371) PSYoungGen: 237478K(465920K)->4518K(465920K) Eden: 232960K(232960K)->0K(232960K) From: 4518K(232960K)->4518K(232960K)
[133.749s][info][gc,heap        ] GC(371) ParOldGen: 1396791K(1398272K)->1396785K(1398272K)
[133.749s][info][gc,metaspace   ] GC(371) Metaspace: 122367K(128320K)->122367K(128320K) NonClass: 104293K(106624K)->104293K(106624K) Class: 18074K(21696K)->18074K(21696K)
[133.749s][info][gc             ] GC(371) Pause Full (Ergonomics) 1595M->1368M(1820M) 114.488ms
[133.749s][info][gc,cpu         ] GC(371) User=1.08s Sys=0.00s Real=0.13s
[133.777s][info][gc,start       ] GC(372) Pause Full (Ergonomics)
[133.777s][info][gc,phases,start] GC(372) Marking Phase
[133.822s][info][gc,phases      ] GC(372) Marking Phase 45.524ms
[133.822s][info][gc,phases,start] GC(372) Summary Phase
[133.822s][info][gc,phases      ] GC(372) Summary Phase 0.113ms
[133.822s][info][gc,phases,start] GC(372) Adjust Roots
[133.834s][info][gc,phases      ] GC(372) Adjust Roots 11.275ms
[133.834s][info][gc,phases,start] GC(372) Compaction Phase
[133.852s][info][gc,phases      ] GC(372) Compaction Phase 17.900ms
[133.852s][info][gc,phases,start] GC(372) Post Compact
[133.862s][info][gc,phases      ] GC(372) Post Compact 9.919ms
[133.862s][info][gc,heap        ] GC(372) PSYoungGen: 237478K(465920K)->4518K(465920K) Eden: 232960K(232960K)->0K(232960K) From: 4518K(232960K)->4518K(232960K)
[133.862s][info][gc,heap        ] GC(372) ParOldGen: 1396785K(1398272K)->1396796K(1398272K)
[133.862s][info][gc,metaspace   ] GC(372) Metaspace: 122367K(128320K)->122367K(128320K) NonClass: 104293K(106624K)->104293K(106624K) Class: 18074K(21696K)->18074K(21696K)
[133.862s][info][gc             ] GC(372) Pause Full (Ergonomics) 1595M->1368M(1820M) 85.095ms
[133.862s][info][gc,cpu         ] GC(372) User=1.45s Sys=0.08s Real=0.09s
[133.889s][info][gc,start       ] GC(373) Pause Full (Ergonomics)
[133.889s][info][gc,phases,start] GC(373) Marking Phase
[133.927s][info][gc,phases      ] GC(373) Marking Phase 38.122ms
[133.927s][info][gc,phases,start] GC(373) Summary Phase
[133.927s][info][gc,phases      ] GC(373) Summary Phase 0.041ms
[133.927s][info][gc,phases,start] GC(373) Adjust Roots
[133.935s][info][gc,phases      ] GC(373) Adjust Roots 7.520ms
[133.935s][info][gc,phases,start] GC(373) Compaction Phase
[133.950s][info][gc,phases      ] GC(373) Compaction Phase 14.742ms
[133.950s][info][gc,phases,start] GC(373) Post Compact
[133.959s][info][gc,phases      ] GC(373) Post Compact 9.005ms
[133.959s][info][gc,heap        ] GC(373) PSYoungGen: 237478K(465920K)->4518K(465920K) Eden: 232960K(232960K)->0K(232960K) From: 4518K(232960K)->4518K(232960K)
[133.959s][info][gc,heap        ] GC(373) ParOldGen: 1396796K(1398272K)->1396782K(1398272K)
[133.959s][info][gc,metaspace   ] GC(373) Metaspace: 122367K(128320K)->122367K(128320K) NonClass: 104293K(106624K)->104293K(106624K) Class: 18074K(21696K)->18074K(21696K)
[133.959s][info][gc             ] GC(373) Pause Full (Ergonomics) 1595M->1368M(1820M) 69.740ms
[133.959s][info][gc,cpu         ] GC(373) User=1.08s Sys=0.00s Real=0.08s
[133.983s][info][gc,start       ] GC(374) Pause Full (Ergonomics)
[133.983s][info][gc,phases,start] GC(374) Marking Phase
[134.031s][info][gc,phases      ] GC(374) Marking Phase 48.638ms
[134.031s][info][gc,phases,start] GC(374) Summary Phase
[134.032s][info][gc,phases      ] GC(374) Summary Phase 0.049ms
[134.032s][info][gc,phases,start] GC(374) Adjust Roots
[134.041s][info][gc,phases      ] GC(374) Adjust Roots 9.692ms
[134.041s][info][gc,phases,start] GC(374) Compaction Phase
[134.059s][info][gc,phases      ] GC(374) Compaction Phase 17.735ms
[134.059s][info][gc,phases,start] GC(374) Post Compact
[134.070s][info][gc,phases      ] GC(374) Post Compact 10.571ms
[134.070s][info][gc,heap        ] GC(374) PSYoungGen: 237478K(465920K)->4518K(465920K) Eden: 232960K(232960K)->0K(232960K) From: 4518K(232960K)->4518K(232960K)
[134.070s][info][gc,heap        ] GC(374) ParOldGen: 1396782K(1398272K)->1396783K(1398272K)
[134.070s][info][gc,metaspace   ] GC(374) Metaspace: 122367K(128320K)->122367K(128320K) NonClass: 104293K(106624K)->104293K(106624K) Class: 18074K(21696K)->18074K(21696K)
[134.070s][info][gc             ] GC(374) Pause Full (Ergonomics) 1595M->1368M(1820M) 87.138ms
[134.070s][info][gc,cpu         ] GC(374) User=1.05s Sys=0.03s Real=0.09s
[134.096s][info][gc,start       ] GC(375) Pause Full (Ergonomics)
[134.096s][info][gc,phases,start] GC(375) Marking Phase
[134.137s][info][gc,phases      ] GC(375) Marking Phase 40.463ms
[134.137s][info][gc,phases,start] GC(375) Summary Phase
[134.137s][info][gc,phases      ] GC(375) Summary Phase 0.043ms
[134.137s][info][gc,phases,start] GC(375) Adjust Roots
[134.150s][info][gc,phases      ] GC(375) Adjust Roots 12.453ms
[134.150s][info][gc,phases,start] GC(375) Compaction Phase
[134.164s][info][gc,phases      ] GC(375) Compaction Phase 14.018ms
[134.164s][info][gc,phases,start] GC(375) Post Compact
[134.174s][info][gc,phases      ] GC(375) Post Compact 10.005ms
[134.174s][info][gc,heap        ] GC(375) PSYoungGen: 237478K(465920K)->4518K(465920K) Eden: 232960K(232960K)->0K(232960K) From: 4518K(232960K)->4518K(232960K)
[134.174s][info][gc,heap        ] GC(375) ParOldGen: 1396783K(1398272K)->1396791K(1398272K)
[134.174s][info][gc,metaspace   ] GC(375) Metaspace: 122367K(128320K)->122367K(128320K) NonClass: 104293K(106624K)->104293K(106624K) Class: 18074K(21696K)->18074K(21696K)
[134.174s][info][gc             ] GC(375) Pause Full (Ergonomics) 1595M->1368M(1820M) 77.381ms
[134.174s][info][gc,cpu         ] GC(375) User=1.09s Sys=0.00s Real=0.08s
[134.201s][info][gc,start       ] GC(376) Pause Full (Ergonomics)
[134.201s][info][gc,phases,start] GC(376) Marking Phase
[134.242s][info][gc,phases      ] GC(376) Marking Phase 41.146ms
[134.242s][info][gc,phases,start] GC(376) Summary Phase
[134.242s][info][gc,phases      ] GC(376) Summary Phase 0.044ms
[134.242s][info][gc,phases,start] GC(376) Adjust Roots
[134.251s][info][gc,phases      ] GC(376) Adjust Roots 9.447ms
[134.251s][info][gc,phases,start] GC(376) Compaction Phase
[134.267s][info][gc,phases      ] GC(376) Compaction Phase 15.173ms
[134.267s][info][gc,phases,start] GC(376) Post Compact
[134.277s][info][gc,phases      ] GC(376) Post Compact 10.306ms
[134.277s][info][gc,heap        ] GC(376) PSYoungGen: 237478K(465920K)->4518K(465920K) Eden: 232960K(232960K)->0K(232960K) From: 4518K(232960K)->4518K(232960K)
[134.277s][info][gc,heap        ] GC(376) ParOldGen: 1396791K(1398272K)->1396783K(1398272K)
[134.277s][info][gc,metaspace   ] GC(376) Metaspace: 122367K(128320K)->122367K(128320K) NonClass: 104293K(106624K)->104293K(106624K) Class: 18074K(21696K)->18074K(21696K)
[134.277s][info][gc             ] GC(376) Pause Full (Ergonomics) 1595M->1368M(1820M) 76.547ms
[134.277s][info][gc,cpu         ] GC(376) User=1.58s Sys=0.00s Real=0.08s
[134.303s][info][gc,start       ] GC(377) Pause Full (Ergonomics)
[134.303s][info][gc,phases,start] GC(377) Marking Phase
[134.346s][info][gc,phases      ] GC(377) Marking Phase 42.238ms
[134.346s][info][gc,phases,start] GC(377) Summary Phase
[134.346s][info][gc,phases      ] GC(377) Summary Phase 0.042ms
[134.346s][info][gc,phases,start] GC(377) Adjust Roots
[134.361s][info][gc,phases      ] GC(377) Adjust Roots 15.236ms
[134.361s][info][gc,phases,start] GC(377) Compaction Phase
[134.379s][info][gc,phases      ] GC(377) Compaction Phase 18.477ms
[134.379s][info][gc,phases,start] GC(377) Post Compact
[134.390s][info][gc,phases      ] GC(377) Post Compact 10.492ms
[134.390s][info][gc,heap        ] GC(377) PSYoungGen: 237478K(465920K)->4518K(465920K) Eden: 232960K(232960K)->0K(232960K) From: 4518K(232960K)->4518K(232960K)
[134.390s][info][gc,heap        ] GC(377) ParOldGen: 1396783K(1398272K)->1396788K(1398272K)
[134.390s][info][gc,metaspace   ] GC(377) Metaspace: 122367K(128320K)->122367K(128320K) NonClass: 104293K(106624K)->104293K(106624K) Class: 18074K(21696K)->18074K(21696K)
[134.390s][info][gc             ] GC(377) Pause Full (Ergonomics) 1595M->1368M(1820M) 86.869ms
[134.390s][info][gc,cpu         ] GC(377) User=1.14s Sys=0.00s Real=0.09s
[134.416s][info][gc,start       ] GC(378) Pause Full (Ergonomics)
[134.416s][info][gc,phases,start] GC(378) Marking Phase
[134.462s][info][gc,phases      ] GC(378) Marking Phase 46.544ms
[134.462s][info][gc,phases,start] GC(378) Summary Phase
[134.462s][info][gc,phases      ] GC(378) Summary Phase 0.053ms
[134.462s][info][gc,phases,start] GC(378) Adjust Roots
[134.476s][info][gc,phases      ] GC(378) Adjust Roots 14.123ms
[134.476s][info][gc,phases,start] GC(378) Compaction Phase
[134.511s][info][gc,phases      ] GC(378) Compaction Phase 34.278ms
[134.511s][info][gc,phases,start] GC(378) Post Compact
[134.519s][info][gc,phases      ] GC(378) Post Compact 8.017ms
[134.519s][info][gc,heap        ] GC(378) PSYoungGen: 237478K(465920K)->0K(465920K) Eden: 232960K(232960K)->0K(232960K) From: 4518K(232960K)->0K(232960K)
[134.519s][info][gc,heap        ] GC(378) ParOldGen: 1396788K(1398272K)->1376835K(1398272K)
[134.519s][info][gc,metaspace   ] GC(378) Metaspace: 122368K(128320K)->122368K(128320K) NonClass: 104293K(106624K)->104293K(106624K) Class: 18074K(21696K)->18074K(21696K)
[134.519s][info][gc             ] GC(378) Pause Full (Ergonomics) 1595M->1344M(1820M) 103.379ms
[134.519s][info][gc,cpu         ] GC(378) User=2.44s Sys=0.06s Real=0.11s
[134.537s][info][gc,start       ] GC(379) Pause Full (Ergonomics)
[134.537s][info][gc,phases,start] GC(379) Marking Phase
[134.579s][info][gc,phases      ] GC(379) Marking Phase 42.202ms
[134.579s][info][gc,phases,start] GC(379) Summary Phase
[134.579s][info][gc,phases      ] GC(379) Summary Phase 0.053ms
[134.579s][info][gc,phases,start] GC(379) Adjust Roots
[134.593s][info][gc,phases      ] GC(379) Adjust Roots 13.359ms
[134.593s][info][gc,phases,start] GC(379) Compaction Phase
[134.610s][info][gc,phases      ] GC(379) Compaction Phase 17.659ms
[134.610s][info][gc,phases,start] GC(379) Post Compact
[134.619s][info][gc,phases      ] GC(379) Post Compact 8.856ms
[134.619s][info][gc,heap        ] GC(379) PSYoungGen: 232960K(465920K)->0K(465920K) Eden: 232960K(232960K)->0K(232960K) From: 0K(232960K)->0K(232960K)
[134.619s][info][gc,heap        ] GC(379) ParOldGen: 1376835K(1398272K)->1372919K(1398272K)
[134.619s][info][gc,metaspace   ] GC(379) Metaspace: 122369K(128320K)->122369K(128320K) NonClass: 104294K(106624K)->104294K(106624K) Class: 18074K(21696K)->18074K(21696K)
[134.620s][info][gc             ] GC(379) Pause Full (Ergonomics) 1572M->1340M(1820M) 82.467ms
[134.620s][info][gc,cpu         ] GC(379) User=1.50s Sys=0.05s Real=0.08s
[134.646s][info][gc,start       ] GC(380) Pause Full (Ergonomics)
[134.646s][info][gc,phases,start] GC(380) Marking Phase
[134.683s][info][gc,phases      ] GC(380) Marking Phase 36.235ms
[134.683s][info][gc,phases,start] GC(380) Summary Phase
[134.683s][info][gc,phases      ] GC(380) Summary Phase 0.053ms
[134.683s][info][gc,phases,start] GC(380) Adjust Roots
[134.696s][info][gc,phases      ] GC(380) Adjust Roots 13.639ms
[134.696s][info][gc,phases,start] GC(380) Compaction Phase
[134.727s][info][gc,phases      ] GC(380) Compaction Phase 30.483ms
[134.727s][info][gc,phases,start] GC(380) Post Compact
[134.735s][info][gc,phases      ] GC(380) Post Compact 7.895ms
[134.735s][info][gc,heap        ] GC(380) PSYoungGen: 232960K(465920K)->0K(465920K) Eden: 232960K(232960K)->0K(232960K) From: 0K(232960K)->0K(232960K)
[134.735s][info][gc,heap        ] GC(380) ParOldGen: 1372919K(1398272K)->1348441K(1398272K)
[134.735s][info][gc,metaspace   ] GC(380) Metaspace: 122369K(128320K)->122369K(128320K) NonClass: 104294K(106624K)->104294K(106624K) Class: 18074K(21696K)->18074K(21696K)
[134.735s][info][gc             ] GC(380) Pause Full (Ergonomics) 1568M->1316M(1820M) 88.642ms
[134.735s][info][gc,cpu         ] GC(380) User=2.09s Sys=0.00s Real=0.09s
[134.753s][info][gc,start       ] GC(381) Pause Young (Allocation Failure)
[134.755s][info][gc,heap        ] GC(381) PSYoungGen: 232960K(465920K)->768K(465920K) Eden: 232960K(232960K)->0K(232960K) From: 0K(232960K)->768K(232960K)
[134.755s][info][gc,heap        ] GC(381) ParOldGen: 1348441K(1398272K)->1348441K(1398272K)
[134.755s][info][gc,metaspace   ] GC(381) Metaspace: 122370K(128320K)->122370K(128320K) NonClass: 104296K(106624K)->104296K(106624K) Class: 18074K(21696K)->18074K(21696K)
[134.755s][info][gc             ] GC(381) Pause Young (Allocation Failure) 1544M->1317M(1820M) 1.630ms
[134.755s][info][gc,cpu         ] GC(381) User=0.00s Sys=0.00s Real=0.00s
[134.774s][info][gc,start       ] GC(382) Pause Young (Allocation Failure)
[134.776s][info][gc,heap        ] GC(382) PSYoungGen: 233728K(465920K)->896K(465920K) Eden: 232960K(232960K)->0K(232960K) From: 768K(232960K)->896K(232960K)
[134.776s][info][gc,heap        ] GC(382) ParOldGen: 1348441K(1398272K)->1348441K(1398272K)
[134.776s][info][gc,metaspace   ] GC(382) Metaspace: 122372K(128320K)->122372K(128320K) NonClass: 104297K(106624K)->104297K(106624K) Class: 18074K(21696K)->18074K(21696K)
[134.776s][info][gc             ] GC(382) Pause Young (Allocation Failure) 1545M->1317M(1820M) 1.333ms
[134.776s][info][gc,cpu         ] GC(382) User=0.00s Sys=0.00s Real=0.00s
[134.798s][info][gc,start       ] GC(383) Pause Young (Allocation Failure)
[134.799s][info][gc,heap        ] GC(383) PSYoungGen: 233856K(465920K)->1046K(465920K) Eden: 232960K(232960K)->0K(232960K) From: 896K(232960K)->1046K(232960K)
[134.799s][info][gc,heap        ] GC(383) ParOldGen: 1348441K(1398272K)->1348449K(1398272K)
[134.799s][info][gc,metaspace   ] GC(383) Metaspace: 122377K(128320K)->122377K(128320K) NonClass: 104302K(106624K)->104302K(106624K) Class: 18074K(21696K)->18074K(21696K)
[134.799s][info][gc             ] GC(383) Pause Young (Allocation Failure) 1545M->1317M(1820M) 1.323ms
[134.799s][info][gc,cpu         ] GC(383) User=0.00s Sys=0.00s Real=0.00s
[135.280s][info][gc,start       ] GC(384) Pause Young (System.gc())
[135.283s][info][gc,heap        ] GC(384) PSYoungGen: 230195K(465920K)->2324K(465920K) Eden: 229149K(232960K)->0K(232960K) From: 1046K(232960K)->2324K(232960K)
[135.283s][info][gc,heap        ] GC(384) ParOldGen: 1348449K(1398272K)->1348457K(1398272K)
[135.283s][info][gc,metaspace   ] GC(384) Metaspace: 122467K(128320K)->122467K(128320K) NonClass: 104393K(106624K)->104393K(106624K) Class: 18074K(21696K)->18074K(21696K)
[135.283s][info][gc             ] GC(384) Pause Young (System.gc()) 1541M->1319M(1820M) 2.698ms
[135.283s][info][gc,cpu         ] GC(384) User=0.00s Sys=0.00s Real=0.00s
[135.283s][info][gc,start       ] GC(385) Pause Full (System.gc())
[135.283s][info][gc,phases,start] GC(385) Marking Phase
[135.341s][info][gc,phases      ] GC(385) Marking Phase 57.564ms
[135.341s][info][gc,phases,start] GC(385) Summary Phase
[135.341s][info][gc,phases      ] GC(385) Summary Phase 0.034ms
[135.341s][info][gc,phases,start] GC(385) Adjust Roots
[135.350s][info][gc,phases      ] GC(385) Adjust Roots 8.761ms
[135.350s][info][gc,phases,start] GC(385) Compaction Phase
[135.431s][info][gc,phases      ] GC(385) Compaction Phase 81.443ms
[135.431s][info][gc,phases,start] GC(385) Post Compact
[135.438s][info][gc,phases      ] GC(385) Post Compact 6.692ms
[135.438s][info][gc,heap        ] GC(385) PSYoungGen: 2324K(465920K)->0K(465920K) Eden: 0K(232960K)->0K(232960K) From: 2324K(232960K)->0K(232960K)
[135.438s][info][gc,heap        ] GC(385) ParOldGen: 1348457K(1398272K)->973505K(1398272K)
[135.438s][info][gc,metaspace   ] GC(385) Metaspace: 122467K(128320K)->122467K(128320K) NonClass: 104393K(106624K)->104393K(106624K) Class: 18074K(21696K)->18074K(21696K)
[135.438s][info][gc             ] GC(385) Pause Full (System.gc()) 1319M->950M(1820M) 154.764ms
[135.438s][info][gc,cpu         ] GC(385) User=4.02s Sys=0.02s Real=0.16s
[135.569s][info][gc,start       ] GC(386) Pause Young (Allocation Failure)
[135.571s][info][gc,heap        ] GC(386) PSYoungGen: 232959K(465920K)->8832K(465920K) Eden: 232959K(232960K)->0K(232960K) From: 0K(232960K)->8832K(232960K)
[135.571s][info][gc,heap        ] GC(386) ParOldGen: 973505K(1398272K)->973513K(1398272K)
[135.571s][info][gc,metaspace   ] GC(386) Metaspace: 122784K(128384K)->122784K(128384K) NonClass: 104702K(106688K)->104702K(106688K) Class: 18081K(21696K)->18081K(21696K)
[135.571s][info][gc             ] GC(386) Pause Young (Allocation Failure) 1178M->959M(1820M) 2.215ms
[135.571s][info][gc,cpu         ] GC(386) User=0.00s Sys=0.00s Real=0.00s
[135.592s][info][gc,start       ] GC(387) Pause Young (Allocation Failure)
[135.594s][info][gc,heap        ] GC(387) PSYoungGen: 241792K(465920K)->10261K(465920K) Eden: 232960K(232960K)->0K(232960K) From: 8832K(232960K)->10261K(232960K)
[135.594s][info][gc,heap        ] GC(387) ParOldGen: 973513K(1398272K)->973513K(1398272K)
[135.594s][info][gc,metaspace   ] GC(387) Metaspace: 122799K(128384K)->122799K(128384K) NonClass: 104717K(106688K)->104717K(106688K) Class: 18081K(21696K)->18081K(21696K)
[135.594s][info][gc             ] GC(387) Pause Young (Allocation Failure) 1186M->960M(1820M) 2.028ms
[135.594s][info][gc,cpu         ] GC(387) User=0.56s Sys=0.00s Real=0.02s
[135.613s][info][gc,start       ] GC(388) Pause Young (Allocation Failure)
[135.615s][info][gc,heap        ] GC(388) PSYoungGen: 243221K(465920K)->12051K(465920K) Eden: 232960K(232960K)->0K(232960K) From: 10261K(232960K)->12051K(232960K)
[135.615s][info][gc,heap        ] GC(388) ParOldGen: 973513K(1398272K)->973513K(1398272K)
[135.615s][info][gc,metaspace   ] GC(388) Metaspace: 122811K(128384K)->122811K(128384K) NonClass: 104729K(106688K)->104729K(106688K) Class: 18081K(21696K)->18081K(21696K)
[135.615s][info][gc             ] GC(388) Pause Young (Allocation Failure) 1188M->962M(1820M) 2.230ms
[135.615s][info][gc,cpu         ] GC(388) User=0.59s Sys=0.00s Real=0.01s
[135.634s][info][gc,start       ] GC(389) Pause Young (Allocation Failure)
[135.636s][info][gc,heap        ] GC(389) PSYoungGen: 245011K(465920K)->14409K(465920K) Eden: 232960K(232960K)->0K(232960K) From: 12051K(232960K)->14409K(232960K)
[135.636s][info][gc,heap        ] GC(389) ParOldGen: 973513K(1398272K)->973521K(1398272K)
[135.636s][info][gc,metaspace   ] GC(389) Metaspace: 122824K(128384K)->122824K(128384K) NonClass: 104742K(106688K)->104742K(106688K) Class: 18081K(21696K)->18081K(21696K)
[135.636s][info][gc             ] GC(389) Pause Young (Allocation Failure) 1189M->964M(1820M) 2.208ms
[135.636s][info][gc,cpu         ] GC(389) User=0.00s Sys=0.00s Real=0.00s
[135.653s][info][gc,start       ] GC(390) Pause Young (Allocation Failure)
[135.655s][info][gc,heap        ] GC(390) PSYoungGen: 247369K(465920K)->8589K(465920K) Eden: 232960K(232960K)->0K(232960K) From: 14409K(232960K)->8589K(232960K)
[135.655s][info][gc,heap        ] GC(390) ParOldGen: 973521K(1398272K)->981238K(1398272K)
[135.655s][info][gc,metaspace   ] GC(390) Metaspace: 122831K(128384K)->122831K(128384K) NonClass: 104749K(106688K)->104749K(106688K) Class: 18081K(21696K)->18081K(21696K)
[135.655s][info][gc             ] GC(390) Pause Young (Allocation Failure) 1192M->966M(1820M) 2.486ms
[135.655s][info][gc,cpu         ] GC(390) User=0.00s Sys=0.00s Real=0.00s
[135.672s][info][gc,start       ] GC(391) Pause Young (Allocation Failure)
[135.674s][info][gc,heap        ] GC(391) PSYoungGen: 241549K(465920K)->6667K(465920K) Eden: 232960K(232960K)->0K(232960K) From: 8589K(232960K)->6667K(232960K)
[135.674s][info][gc,heap        ] GC(391) ParOldGen: 981238K(1398272K)->985143K(1398272K)
[135.674s][info][gc,metaspace   ] GC(391) Metaspace: 122832K(128384K)->122832K(128384K) NonClass: 104750K(106688K)->104750K(106688K) Class: 18081K(21696K)->18081K(21696K)
[135.674s][info][gc             ] GC(391) Pause Young (Allocation Failure) 1194M->968M(1820M) 1.773ms
[135.674s][info][gc,cpu         ] GC(391) User=0.00s Sys=0.00s Real=0.00s
[135.690s][info][gc,start       ] GC(392) Pause Young (Allocation Failure)
[135.692s][info][gc,heap        ] GC(392) PSYoungGen: 239627K(465920K)->6883K(465920K) Eden: 232960K(232960K)->0K(232960K) From: 6667K(232960K)->6883K(232960K)
[135.692s][info][gc,heap        ] GC(392) ParOldGen: 985143K(1398272K)->990424K(1398272K)
[135.692s][info][gc,metaspace   ] GC(392) Metaspace: 122832K(128384K)->122832K(128384K) NonClass: 104750K(106688K)->104750K(106688K) Class: 18081K(21696K)->18081K(21696K)
[135.692s][info][gc             ] GC(392) Pause Young (Allocation Failure) 1196M->973M(1820M) 2.120ms
[135.692s][info][gc,cpu         ] GC(392) User=0.00s Sys=0.00s Real=0.00s
[135.708s][info][gc,start       ] GC(393) Pause Young (Allocation Failure)
[135.711s][info][gc,heap        ] GC(393) PSYoungGen: 239843K(465920K)->4117K(237568K) Eden: 232960K(232960K)->0K(232960K) From: 6883K(232960K)->4117K(4608K)
[135.711s][info][gc,heap        ] GC(393) ParOldGen: 990424K(1398272K)->996449K(1398272K)
[135.711s][info][gc,metaspace   ] GC(393) Metaspace: 122832K(128384K)->122832K(128384K) NonClass: 104750K(106688K)->104750K(106688K) Class: 18081K(21696K)->18081K(21696K)
[135.711s][info][gc             ] GC(393) Pause Young (Allocation Failure) 1201M->977M(1597M) 3.056ms
[135.711s][info][gc,cpu         ] GC(393) User=0.00s Sys=0.00s Real=0.00s
[135.726s][info][gc,start       ] GC(394) Pause Young (Allocation Failure)
[135.730s][info][gc,heap        ] GC(394) PSYoungGen: 237077K(237568K)->12774K(449536K) Eden: 232960K(232960K)->0K(239104K) From: 4117K(4608K)->12774K(210432K)
[135.730s][info][gc,heap        ] GC(394) ParOldGen: 996449K(1398272K)->996449K(1398272K)
[135.730s][info][gc,metaspace   ] GC(394) Metaspace: 122832K(128384K)->122832K(128384K) NonClass: 104750K(106688K)->104750K(106688K) Class: 18081K(21696K)->18081K(21696K)
[135.730s][info][gc             ] GC(394) Pause Young (Allocation Failure) 1204M->985M(1804M) 3.803ms
[135.730s][info][gc,cpu         ] GC(394) User=0.00s Sys=0.00s Real=0.00s
[135.747s][info][gc,start       ] GC(395) Pause Young (Allocation Failure)
[135.751s][info][gc,heap        ] GC(395) PSYoungGen: 251878K(449536K)->16226K(255488K) Eden: 239104K(239104K)->0K(239104K) From: 12774K(210432K)->16226K(16384K)
[135.751s][info][gc,heap        ] GC(395) ParOldGen: 996449K(1398272K)->996449K(1398272K)
[135.751s][info][gc,metaspace   ] GC(395) Metaspace: 122832K(128384K)->122832K(128384K) NonClass: 104750K(106688K)->104750K(106688K) Class: 18081K(21696K)->18081K(21696K)
[135.751s][info][gc             ] GC(395) Pause Young (Allocation Failure) 1219M->988M(1615M) 4.113ms
[135.751s][info][gc,cpu         ] GC(395) User=0.00s Sys=0.00s Real=0.00s
[135.767s][info][gc,start       ] GC(396) Pause Young (Allocation Failure)
[135.771s][info][gc,heap        ] GC(396) PSYoungGen: 255330K(255488K)->15054K(428032K) Eden: 239104K(239104K)->0K(245760K) From: 16226K(16384K)->15054K(182272K)
[135.771s][info][gc,heap        ] GC(396) ParOldGen: 996449K(1398272K)->996449K(1398272K)
[135.771s][info][gc,metaspace   ] GC(396) Metaspace: 122832K(128384K)->122832K(128384K) NonClass: 104750K(106688K)->104750K(106688K) Class: 18081K(21696K)->18081K(21696K)
[135.771s][info][gc             ] GC(396) Pause Young (Allocation Failure) 1222M->987M(1783M) 4.609ms
[135.771s][info][gc,cpu         ] GC(396) User=0.00s Sys=0.00s Real=0.00s
[135.789s][info][gc,start       ] GC(397) Pause Young (Allocation Failure)
[135.793s][info][gc,heap        ] GC(397) PSYoungGen: 260814K(428032K)->19742K(265728K) Eden: 245760K(245760K)->0K(245760K) From: 15054K(182272K)->19742K(19968K)
[135.793s][info][gc,heap        ] GC(397) ParOldGen: 996449K(1398272K)->996449K(1398272K)
[135.793s][info][gc,metaspace   ] GC(397) Metaspace: 122832K(128384K)->122832K(128384K) NonClass: 104750K(106688K)->104750K(106688K) Class: 18081K(21696K)->18081K(21696K)
[135.793s][info][gc             ] GC(397) Pause Young (Allocation Failure) 1227M->992M(1625M) 4.822ms
[135.793s][info][gc,cpu         ] GC(397) User=0.03s Sys=0.02s Real=0.02s
[135.810s][info][gc,start       ] GC(398) Pause Young (Allocation Failure)
[135.816s][info][gc,heap        ] GC(398) PSYoungGen: 265502K(265728K)->27554K(410112K) Eden: 245760K(245760K)->0K(253440K) From: 19742K(19968K)->27554K(156672K)
[135.816s][info][gc,heap        ] GC(398) ParOldGen: 996449K(1398272K)->996449K(1398272K)
[135.816s][info][gc,metaspace   ] GC(398) Metaspace: 122832K(128384K)->122832K(128384K) NonClass: 104750K(106688K)->104750K(106688K) Class: 18081K(21696K)->18081K(21696K)
[135.816s][info][gc             ] GC(398) Pause Young (Allocation Failure) 1232M->1000M(1766M) 6.347ms
[135.816s][info][gc,cpu         ] GC(398) User=0.00s Sys=0.00s Real=0.00s
[135.834s][info][gc,start       ] GC(399) Pause Young (Allocation Failure)
[135.841s][info][gc,heap        ] GC(399) PSYoungGen: 280994K(410112K)->36212K(289792K) Eden: 253440K(253440K)->0K(253440K) From: 27554K(156672K)->36212K(36352K)
[135.841s][info][gc,heap        ] GC(399) ParOldGen: 996449K(1398272K)->996449K(1398272K)
[135.841s][info][gc,metaspace   ] GC(399) Metaspace: 122832K(128384K)->122832K(128384K) NonClass: 104750K(106688K)->104750K(106688K) Class: 18081K(21696K)->18081K(21696K)
[135.841s][info][gc             ] GC(399) Pause Young (Allocation Failure) 1247M->1008M(1648M) 6.485ms
[135.841s][info][gc,cpu         ] GC(399) User=0.02s Sys=0.02s Real=0.02s
[135.858s][info][gc,start       ] GC(400) Pause Young (Allocation Failure)
[135.865s][info][gc,heap        ] GC(400) PSYoungGen: 289652K(289792K)->40868K(397824K) Eden: 253440K(253440K)->0K(262144K) From: 36212K(36352K)->40868K(135680K)
[135.865s][info][gc,heap        ] GC(400) ParOldGen: 996449K(1398272K)->996449K(1398272K)
[135.865s][info][gc,metaspace   ] GC(400) Metaspace: 122832K(128384K)->122832K(128384K) NonClass: 104750K(106688K)->104750K(106688K) Class: 18081K(21696K)->18081K(21696K)
[135.865s][info][gc             ] GC(400) Pause Young (Allocation Failure) 1255M->1013M(1754M) 6.990ms
[135.865s][info][gc,cpu         ] GC(400) User=0.00s Sys=0.00s Real=0.00s
[135.883s][info][gc,start       ] GC(401) Pause Young (Allocation Failure)
[135.890s][info][gc,heap        ] GC(401) PSYoungGen: 303012K(397824K)->38492K(301056K) Eden: 262144K(262144K)->0K(262144K) From: 40868K(135680K)->38492K(38912K)
[135.890s][info][gc,heap        ] GC(401) ParOldGen: 996449K(1398272K)->996449K(1398272K)
[135.890s][info][gc,metaspace   ] GC(401) Metaspace: 122832K(128384K)->122832K(128384K) NonClass: 104750K(106688K)->104750K(106688K) Class: 18081K(21696K)->18081K(21696K)
[135.890s][info][gc             ] GC(401) Pause Young (Allocation Failure) 1269M->1010M(1659M) 6.184ms
[135.890s][info][gc,cpu         ] GC(401) User=0.19s Sys=0.00s Real=0.02s
[135.907s][info][gc,start       ] GC(402) Pause Young (Allocation Failure)
[135.914s][info][gc,heap        ] GC(402) PSYoungGen: 300636K(301056K)->38492K(388608K) Eden: 262144K(262144K)->0K(272384K) From: 38492K(38912K)->38492K(116224K)
[135.914s][info][gc,heap        ] GC(402) ParOldGen: 996449K(1398272K)->996449K(1398272K)
[135.914s][info][gc,metaspace   ] GC(402) Metaspace: 122832K(128384K)->122832K(128384K) NonClass: 104750K(106688K)->104750K(106688K) Class: 18081K(21696K)->18081K(21696K)
[135.914s][info][gc             ] GC(402) Pause Young (Allocation Failure) 1266M->1010M(1745M) 6.545ms
[135.914s][info][gc,cpu         ] GC(402) User=0.00s Sys=0.00s Real=0.00s
[135.933s][info][gc,start       ] GC(403) Pause Young (Allocation Failure)
[135.938s][info][gc,heap        ] GC(403) PSYoungGen: 310876K(388608K)->41617K(397824K) Eden: 272384K(272384K)->0K(272384K) From: 38492K(116224K)->41617K(125440K)
[135.938s][info][gc,heap        ] GC(403) ParOldGen: 996449K(1398272K)->996449K(1398272K)
[135.938s][info][gc,metaspace   ] GC(403) Metaspace: 122832K(128384K)->122832K(128384K) NonClass: 104750K(106688K)->104750K(106688K) Class: 18081K(21696K)->18081K(21696K)
[135.938s][info][gc             ] GC(403) Pause Young (Allocation Failure) 1276M->1013M(1754M) 5.616ms
[135.938s][info][gc,cpu         ] GC(403) User=0.28s Sys=0.02s Real=0.02s
[135.956s][info][gc,start       ] GC(404) Pause Young (Allocation Failure)
[135.962s][info][gc,heap        ] GC(404) PSYoungGen: 314001K(397824K)->46208K(392192K) Eden: 272384K(272384K)->0K(283648K) From: 41617K(125440K)->46208K(108544K)
[135.962s][info][gc,heap        ] GC(404) ParOldGen: 996449K(1398272K)->996449K(1398272K)
[135.962s][info][gc,metaspace   ] GC(404) Metaspace: 122832K(128384K)->122832K(128384K) NonClass: 104750K(106688K)->104750K(106688K) Class: 18081K(21696K)->18081K(21696K)
[135.962s][info][gc             ] GC(404) Pause Young (Allocation Failure) 1279M->1018M(1748M) 6.293ms
[135.962s][info][gc,cpu         ] GC(404) User=0.00s Sys=0.00s Real=0.00s
[135.982s][info][gc,start       ] GC(405) Pause Young (Allocation Failure)
[135.987s][info][gc,heap        ] GC(405) PSYoungGen: 329856K(392192K)->47899K(396800K) Eden: 283648K(283648K)->0K(283648K) From: 46208K(108544K)->47899K(113152K)
[135.987s][info][gc,heap        ] GC(405) ParOldGen: 996449K(1398272K)->996449K(1398272K)
[135.987s][info][gc,metaspace   ] GC(405) Metaspace: 122832K(128384K)->122832K(128384K) NonClass: 104750K(106688K)->104750K(106688K) Class: 18081K(21696K)->18081K(21696K)
[135.987s][info][gc             ] GC(405) Pause Young (Allocation Failure) 1295M->1019M(1753M) 5.757ms
[135.987s][info][gc,cpu         ] GC(405) User=0.27s Sys=0.00s Real=0.02s
[136.006s][info][gc,start       ] GC(406) Pause Young (Allocation Failure)
[136.012s][info][gc,heap        ] GC(406) PSYoungGen: 331547K(396800K)->47867K(398336K) Eden: 283648K(283648K)->0K(295936K) From: 47899K(113152K)->47867K(102400K)
[136.012s][info][gc,heap        ] GC(406) ParOldGen: 996449K(1398272K)->996449K(1398272K)
[136.012s][info][gc,metaspace   ] GC(406) Metaspace: 122832K(128384K)->122832K(128384K) NonClass: 104750K(106688K)->104750K(106688K) Class: 18081K(21696K)->18081K(21696K)
[136.012s][info][gc             ] GC(406) Pause Young (Allocation Failure) 1296M->1019M(1754M) 6.058ms
[136.012s][info][gc,cpu         ] GC(406) User=0.00s Sys=0.00s Real=0.00s
[136.032s][info][gc,start       ] GC(407) Pause Young (Allocation Failure)
[136.037s][info][gc,heap        ] GC(407) PSYoungGen: 343803K(398336K)->47931K(401408K) Eden: 295936K(295936K)->0K(295936K) From: 47867K(102400K)->47931K(105472K)
[136.037s][info][gc,heap        ] GC(407) ParOldGen: 996449K(1398272K)->996449K(1398272K)
[136.037s][info][gc,metaspace   ] GC(407) Metaspace: 122832K(128384K)->122832K(128384K) NonClass: 104750K(106688K)->104750K(106688K) Class: 18081K(21696K)->18081K(21696K)
[136.037s][info][gc             ] GC(407) Pause Young (Allocation Failure) 1308M->1019M(1757M) 5.644ms
[136.037s][info][gc,cpu         ] GC(407) User=0.53s Sys=0.00s Real=0.02s
[136.063s][info][gc,start       ] GC(408) Pause Young (Allocation Failure)
[136.071s][info][gc,heap        ] GC(408) PSYoungGen: 343867K(401408K)->66617K(406528K) Eden: 295936K(295936K)->0K(305152K) From: 47931K(105472K)->66617K(101376K)
[136.071s][info][gc,heap        ] GC(408) ParOldGen: 996449K(1398272K)->996473K(1398272K)
[136.071s][info][gc,metaspace   ] GC(408) Metaspace: 122832K(128384K)->122832K(128384K) NonClass: 104750K(106688K)->104750K(106688K) Class: 18081K(21696K)->18081K(21696K)
[136.071s][info][gc             ] GC(408) Pause Young (Allocation Failure) 1308M->1038M(1762M) 7.415ms
[136.071s][info][gc,cpu         ] GC(408) User=0.00s Sys=0.00s Real=0.00s
[136.092s][info][gc,start       ] GC(409) Pause Young (Allocation Failure)
[136.099s][info][gc,heap        ] GC(409) PSYoungGen: 371769K(406528K)->69742K(410112K) Eden: 305152K(305152K)->0K(305152K) From: 66617K(101376K)->69742K(104960K)
[136.099s][info][gc,heap        ] GC(409) ParOldGen: 996473K(1398272K)->996481K(1398272K)
[136.099s][info][gc,metaspace   ] GC(409) Metaspace: 122832K(128384K)->122832K(128384K) NonClass: 104750K(106688K)->104750K(106688K) Class: 18081K(21696K)->18081K(21696K)
[136.099s][info][gc             ] GC(409) Pause Young (Allocation Failure) 1336M->1041M(1766M) 7.478ms
[136.099s][info][gc,cpu         ] GC(409) User=0.00s Sys=0.00s Real=0.00s
[136.131s][info][gc,start       ] GC(410) Pause Young (Allocation Failure)
[136.142s][info][gc,heap        ] GC(410) PSYoungGen: 374894K(410112K)->91617K(417280K) Eden: 305152K(305152K)->0K(308736K) From: 69742K(104960K)->91617K(108544K)
[136.142s][info][gc,heap        ] GC(410) ParOldGen: 996481K(1398272K)->996481K(1398272K)
[136.142s][info][gc,metaspace   ] GC(410) Metaspace: 122832K(128384K)->122832K(128384K) NonClass: 104750K(106688K)->104750K(106688K) Class: 18081K(21696K)->18081K(21696K)
[136.142s][info][gc             ] GC(410) Pause Young (Allocation Failure) 1339M->1062M(1773M) 11.189ms
[136.142s][info][gc,cpu         ] GC(410) User=0.00s Sys=0.00s Real=0.00s
[136.162s][info][gc,start       ] GC(411) Pause Young (Allocation Failure)
[136.171s][info][gc,heap        ] GC(411) PSYoungGen: 400353K(417280K)->76024K(427520K) Eden: 308736K(308736K)->0K(308736K) From: 91617K(108544K)->76024K(118784K)
[136.171s][info][gc,heap        ] GC(411) ParOldGen: 996481K(1398272K)->996481K(1398272K)
[136.171s][info][gc,metaspace   ] GC(411) Metaspace: 122832K(128384K)->122832K(128384K) NonClass: 104750K(106688K)->104750K(106688K) Class: 18081K(21696K)->18081K(21696K)
[136.171s][info][gc             ] GC(411) Pause Young (Allocation Failure) 1364M->1047M(1783M) 8.851ms
[136.171s][info][gc,cpu         ] GC(411) User=0.00s Sys=0.00s Real=0.00s
[136.191s][info][gc,start       ] GC(412) Pause Young (Allocation Failure)
[136.199s][info][gc,heap        ] GC(412) PSYoungGen: 384760K(427520K)->75992K(443904K) Eden: 308736K(308736K)->0K(322560K) From: 76024K(118784K)->75992K(121344K)
[136.199s][info][gc,heap        ] GC(412) ParOldGen: 996481K(1398272K)->996481K(1398272K)
[136.199s][info][gc,metaspace   ] GC(412) Metaspace: 122832K(128384K)->122832K(128384K) NonClass: 104750K(106688K)->104750K(106688K) Class: 18081K(21696K)->18081K(21696K)
[136.199s][info][gc             ] GC(412) Pause Young (Allocation Failure) 1348M->1047M(1799M) 7.389ms
[136.199s][info][gc,cpu         ] GC(412) User=0.00s Sys=0.00s Real=0.00s
[136.230s][info][gc,start       ] GC(413) Pause Young (Allocation Failure)
[136.240s][info][gc,heap        ] GC(413) PSYoungGen: 398552K(443904K)->91617K(445440K) Eden: 322560K(322560K)->0K(322560K) From: 75992K(121344K)->91617K(122880K)
[136.240s][info][gc,heap        ] GC(413) ParOldGen: 996481K(1398272K)->996481K(1398272K)
[136.240s][info][gc,metaspace   ] GC(413) Metaspace: 122832K(128384K)->122832K(128384K) NonClass: 104750K(106688K)->104750K(106688K) Class: 18081K(21696K)->18081K(21696K)
[136.240s][info][gc             ] GC(413) Pause Young (Allocation Failure) 1362M->1062M(1800M) 10.075ms
[136.240s][info][gc,cpu         ] GC(413) User=0.00s Sys=0.00s Real=0.00s
[136.277s][info][gc,start       ] GC(414) Pause Young (Allocation Failure)
[136.301s][info][gc,heap        ] GC(414) PSYoungGen: 414177K(445440K)->110184K(456704K) Eden: 322560K(322560K)->0K(327168K) From: 91617K(122880K)->110184K(129536K)
[136.301s][info][gc,heap        ] GC(414) ParOldGen: 996481K(1398272K)->996481K(1398272K)
[136.301s][info][gc,metaspace   ] GC(414) Metaspace: 122833K(128384K)->122833K(128384K) NonClass: 104751K(106688K)->104751K(106688K) Class: 18081K(21696K)->18081K(21696K)
[136.301s][info][gc             ] GC(414) Pause Young (Allocation Failure) 1377M->1080M(1811M) 23.611ms
[136.301s][info][gc,cpu         ] GC(414) User=0.03s Sys=0.14s Real=0.02s
[136.331s][info][gc,start       ] GC(415) Pause Young (Allocation Failure)
[136.342s][info][gc,heap        ] GC(415) PSYoungGen: 437352K(456704K)->118376K(468480K) Eden: 327168K(327168K)->0K(327168K) From: 110184K(129536K)->118376K(141312K)
[136.342s][info][gc,heap        ] GC(415) ParOldGen: 996481K(1398272K)->996489K(1398272K)
[136.342s][info][gc,metaspace   ] GC(415) Metaspace: 122845K(128384K)->122845K(128384K) NonClass: 104763K(106688K)->104763K(106688K) Class: 18081K(21696K)->18081K(21696K)
[136.342s][info][gc             ] GC(415) Pause Young (Allocation Failure) 1400M->1088M(1823M) 10.913ms
[136.342s][info][gc,cpu         ] GC(415) User=0.00s Sys=0.00s Real=0.00s
[136.365s][info][gc,start       ] GC(416) Pause Young (Allocation Failure)
[136.379s][info][gc,heap        ] GC(416) PSYoungGen: 445544K(468480K)->116195K(490496K) Eden: 327168K(327168K)->0K(336896K) From: 118376K(141312K)->116195K(153600K)
[136.379s][info][gc,heap        ] GC(416) ParOldGen: 996489K(1398272K)->996489K(1398272K)
[136.379s][info][gc,metaspace   ] GC(416) Metaspace: 122845K(128384K)->122845K(128384K) NonClass: 104763K(106688K)->104763K(106688K) Class: 18081K(21696K)->18081K(21696K)
[136.379s][info][gc             ] GC(416) Pause Young (Allocation Failure) 1408M->1086M(1844M) 13.381ms
[136.379s][info][gc,cpu         ] GC(416) User=0.20s Sys=0.06s Real=0.02s
[136.401s][info][gc,start       ] GC(417) Pause Young (Allocation Failure)
[136.412s][info][gc,heap        ] GC(417) PSYoungGen: 453091K(490496K)->117184K(499200K) Eden: 336896K(336896K)->0K(336896K) From: 116195K(153600K)->117184K(162304K)
[136.412s][info][gc,heap        ] GC(417) ParOldGen: 996489K(1398272K)->996489K(1398272K)
[136.412s][info][gc,metaspace   ] GC(417) Metaspace: 122845K(128384K)->122845K(128384K) NonClass: 104763K(106688K)->104763K(106688K) Class: 18081K(21696K)->18081K(21696K)
[136.412s][info][gc             ] GC(417) Pause Young (Allocation Failure) 1415M->1087M(1853M) 10.588ms
[136.412s][info][gc,cpu         ] GC(417) User=0.00s Sys=0.00s Real=0.00s
[136.443s][info][gc,start       ] GC(418) Pause Young (Allocation Failure)
[136.462s][info][gc,heap        ] GC(418) PSYoungGen: 454080K(499200K)->131051K(508928K) Eden: 336896K(336896K)->0K(339456K) From: 117184K(162304K)->131051K(169472K)
[136.462s][info][gc,heap        ] GC(418) ParOldGen: 996489K(1398272K)->996489K(1398272K)
[136.462s][info][gc,metaspace   ] GC(418) Metaspace: 122845K(128384K)->122845K(128384K) NonClass: 104763K(106688K)->104763K(106688K) Class: 18081K(21696K)->18081K(21696K)
[136.462s][info][gc             ] GC(418) Pause Young (Allocation Failure) 1416M->1101M(1862M) 18.416ms
[136.462s][info][gc,cpu         ] GC(418) User=0.02s Sys=0.06s Real=0.02s
[136.485s][info][gc,start       ] GC(419) Pause Young (Allocation Failure)
[136.498s][info][gc,heap        ] GC(419) PSYoungGen: 470507K(508928K)->132434K(472064K) Eden: 339456K(339456K)->0K(339456K) From: 131051K(169472K)->132434K(132608K)
[136.498s][info][gc,heap        ] GC(419) ParOldGen: 996489K(1398272K)->996489K(1398272K)
[136.498s][info][gc,metaspace   ] GC(419) Metaspace: 122845K(128384K)->122845K(128384K) NonClass: 104763K(106688K)->104763K(106688K) Class: 18081K(21696K)->18081K(21696K)
[136.498s][info][gc             ] GC(419) Pause Young (Allocation Failure) 1432M->1102M(1826M) 13.090ms
[136.498s][info][gc,cpu         ] GC(419) User=0.27s Sys=0.00s Real=0.02s
[136.521s][info][gc,start       ] GC(420) Pause Young (Allocation Failure)
[136.535s][info][gc,heap        ] GC(420) PSYoungGen: 471890K(472064K)->138016K(494080K) Eden: 339456K(339456K)->0K(305664K) From: 132434K(132608K)->138016K(188416K)
[136.535s][info][gc,heap        ] GC(420) ParOldGen: 996489K(1398272K)->996489K(1398272K)
[136.535s][info][gc,metaspace   ] GC(420) Metaspace: 122845K(128384K)->122845K(128384K) NonClass: 104763K(106688K)->104763K(106688K) Class: 18081K(21696K)->18081K(21696K)
[136.535s][info][gc             ] GC(420) Pause Young (Allocation Failure) 1433M->1107M(1848M) 14.236ms
[136.535s][info][gc,cpu         ] GC(420) User=0.47s Sys=0.00s Real=0.02s
[136.556s][info][gc,start       ] GC(421) Pause Young (Allocation Failure)
[136.571s][info][gc,heap        ] GC(421) PSYoungGen: 443680K(494080K)->140336K(446464K) Eden: 305664K(305664K)->0K(305664K) From: 138016K(188416K)->140336K(140800K)
[136.571s][info][gc,heap        ] GC(421) ParOldGen: 996489K(1398272K)->996489K(1398272K)
[136.571s][info][gc,metaspace   ] GC(421) Metaspace: 122845K(128384K)->122845K(128384K) NonClass: 104763K(106688K)->104763K(106688K) Class: 18081K(21696K)->18081K(21696K)
[136.571s][info][gc             ] GC(421) Pause Young (Allocation Failure) 1406M->1110M(1801M) 15.164ms
[136.571s][info][gc,cpu         ] GC(421) User=0.39s Sys=0.02s Real=0.02s
[136.592s][info][gc,start       ] GC(422) Pause Young (Allocation Failure)
[136.607s][info][gc,heap        ] GC(422) PSYoungGen: 446000K(446464K)->142589K(483840K) Eden: 305664K(305664K)->0K(280064K) From: 140336K(140800K)->142589K(203776K)
[136.607s][info][gc,heap        ] GC(422) ParOldGen: 996489K(1398272K)->996489K(1398272K)
[136.607s][info][gc,metaspace   ] GC(422) Metaspace: 122845K(128384K)->122845K(128384K) NonClass: 104763K(106688K)->104763K(106688K) Class: 18081K(21696K)->18081K(21696K)
[136.607s][info][gc             ] GC(422) Pause Young (Allocation Failure) 1408M->1112M(1838M) 14.260ms
[136.607s][info][gc,cpu         ] GC(422) User=0.50s Sys=0.02s Real=0.02s
[136.626s][info][gc,start       ] GC(423) Pause Young (Allocation Failure)
[136.639s][info][gc,heap        ] GC(423) PSYoungGen: 422653K(483840K)->147478K(428032K) Eden: 280064K(280064K)->0K(280064K) From: 142589K(203776K)->147478K(147968K)
[136.639s][info][gc,heap        ] GC(423) ParOldGen: 996489K(1398272K)->996489K(1398272K)
[136.639s][info][gc,metaspace   ] GC(423) Metaspace: 122845K(128384K)->122845K(128384K) NonClass: 104763K(106688K)->104763K(106688K) Class: 18081K(21696K)->18081K(21696K)
[136.639s][info][gc             ] GC(423) Pause Young (Allocation Failure) 1385M->1117M(1783M) 13.613ms
[136.639s][info][gc,cpu         ] GC(423) User=0.53s Sys=0.00s Real=0.01s
[136.658s][info][gc,start       ] GC(424) Pause Young (Allocation Failure)
[136.673s][info][gc,heap        ] GC(424) PSYoungGen: 427542K(428032K)->155863K(468992K) Eden: 280064K(280064K)->0K(253440K) From: 147478K(147968K)->155863K(215552K)
[136.673s][info][gc,heap        ] GC(424) ParOldGen: 996489K(1398272K)->996489K(1398272K)
[136.673s][info][gc,metaspace   ] GC(424) Metaspace: 122845K(128384K)->122845K(128384K) NonClass: 104763K(106688K)->104763K(106688K) Class: 18081K(21696K)->18081K(21696K)
[136.673s][info][gc             ] GC(424) Pause Young (Allocation Failure) 1390M->1125M(1823M) 14.922ms
[136.673s][info][gc,cpu         ] GC(424) User=0.52s Sys=0.00s Real=0.02s
[136.690s][info][gc,start       ] GC(425) Pause Young (Allocation Failure)
[136.706s][info][gc,heap        ] GC(425) PSYoungGen: 409303K(468992K)->159462K(413184K) Eden: 253440K(253440K)->0K(253440K) From: 155863K(215552K)->159462K(159744K)
[136.706s][info][gc,heap        ] GC(425) ParOldGen: 996489K(1398272K)->996497K(1398272K)
[136.706s][info][gc,metaspace   ] GC(425) Metaspace: 122845K(128384K)->122845K(128384K) NonClass: 104763K(106688K)->104763K(106688K) Class: 18081K(21696K)->18081K(21696K)
[136.706s][info][gc             ] GC(425) Pause Young (Allocation Failure) 1372M->1128M(1769M) 15.745ms
[136.706s][info][gc,cpu         ] GC(425) User=0.53s Sys=0.00s Real=0.02s
[136.722s][info][gc,start       ] GC(426) Pause Young (Allocation Failure)
[136.738s][info][gc,heap        ] GC(426) PSYoungGen: 412902K(413184K)->157837K(461824K) Eden: 253440K(253440K)->0K(232960K) From: 159462K(159744K)->157837K(228864K)
[136.738s][info][gc,heap        ] GC(426) ParOldGen: 996497K(1398272K)->996497K(1398272K)
[136.738s][info][gc,metaspace   ] GC(426) Metaspace: 122845K(128384K)->122845K(128384K) NonClass: 104763K(106688K)->104763K(106688K) Class: 18081K(21696K)->18081K(21696K)
[136.738s][info][gc             ] GC(426) Pause Young (Allocation Failure) 1376M->1127M(1816M) 15.402ms
[136.738s][info][gc,cpu         ] GC(426) User=0.53s Sys=0.00s Real=0.02s
[136.753s][info][gc,start       ] GC(427) Pause Young (Allocation Failure)
[136.769s][info][gc,heap        ] GC(427) PSYoungGen: 390797K(461824K)->163343K(465920K) Eden: 232960K(232960K)->0K(232960K) From: 157837K(228864K)->163343K(232960K)
[136.770s][info][gc,heap        ] GC(427) ParOldGen: 996497K(1398272K)->996497K(1398272K)
[136.770s][info][gc,metaspace   ] GC(427) Metaspace: 122845K(128384K)->122845K(128384K) NonClass: 104763K(106688K)->104763K(106688K) Class: 18081K(21696K)->18081K(21696K)
[136.770s][info][gc             ] GC(427) Pause Young (Allocation Failure) 1354M->1132M(1820M) 16.221ms
[136.770s][info][gc,cpu         ] GC(427) User=0.53s Sys=0.00s Real=0.03s
[136.785s][info][gc,start       ] GC(428) Pause Young (Allocation Failure)
[136.800s][info][gc,heap        ] GC(428) PSYoungGen: 396303K(465920K)->150969K(465920K) Eden: 232960K(232960K)->0K(232960K) From: 163343K(232960K)->150969K(232960K)
[136.800s][info][gc,heap        ] GC(428) ParOldGen: 996497K(1398272K)->1008997K(1398272K)
[136.801s][info][gc,metaspace   ] GC(428) Metaspace: 122845K(128384K)->122845K(128384K) NonClass: 104763K(106688K)->104763K(106688K) Class: 18081K(21696K)->18081K(21696K)
[136.801s][info][gc             ] GC(428) Pause Young (Allocation Failure) 1360M->1132M(1820M) 15.782ms
[136.801s][info][gc,cpu         ] GC(428) User=0.53s Sys=0.00s Real=0.01s
[136.816s][info][gc,start       ] GC(429) Pause Young (Allocation Failure)
[136.830s][info][gc,heap        ] GC(429) PSYoungGen: 383929K(465920K)->92550K(325632K) Eden: 232960K(232960K)->0K(232960K) From: 150969K(232960K)->92550K(92672K)
[136.830s][info][gc,heap        ] GC(429) ParOldGen: 1008997K(1398272K)->1066909K(1398272K)
[136.830s][info][gc,metaspace   ] GC(429) Metaspace: 122845K(128384K)->122845K(128384K) NonClass: 104763K(106688K)->104763K(106688K) Class: 18081K(21696K)->18081K(21696K)
[136.830s][info][gc             ] GC(429) Pause Young (Allocation Failure) 1360M->1132M(1683M) 13.881ms
[136.830s][info][gc,cpu         ] GC(429) User=0.53s Sys=0.00s Real=0.02s
[136.845s][info][gc,start       ] GC(430) Pause Young (Allocation Failure)
[136.854s][info][gc,heap        ] GC(430) PSYoungGen: 325510K(325632K)->95746K(469504K) Eden: 232960K(232960K)->0K(238592K) From: 92550K(92672K)->95746K(230912K)
[136.854s][info][gc,heap        ] GC(430) ParOldGen: 1066909K(1398272K)->1066909K(1398272K)
[136.854s][info][gc,metaspace   ] GC(430) Metaspace: 122845K(128384K)->122845K(128384K) NonClass: 104763K(106688K)->104763K(106688K) Class: 18081K(21696K)->18081K(21696K)
[136.854s][info][gc             ] GC(430) Pause Young (Allocation Failure) 1359M->1135M(1824M) 9.018ms
[136.854s][info][gc,cpu         ] GC(430) User=0.53s Sys=0.00s Real=0.01s
[136.869s][info][gc,start       ] GC(431) Pause Young (Allocation Failure)
[136.879s][info][gc,heap        ] GC(431) PSYoungGen: 334338K(469504K)->97238K(335872K) Eden: 238592K(238592K)->0K(238592K) From: 95746K(230912K)->97238K(97280K)
[136.879s][info][gc,heap        ] GC(431) ParOldGen: 1066909K(1398272K)->1066909K(1398272K)
[136.879s][info][gc,metaspace   ] GC(431) Metaspace: 122845K(128384K)->122845K(128384K) NonClass: 104763K(106688K)->104763K(106688K) Class: 18081K(21696K)->18081K(21696K)
[136.879s][info][gc             ] GC(431) Pause Young (Allocation Failure) 1368M->1136M(1693M) 9.956ms
[136.879s][info][gc,cpu         ] GC(431) User=0.34s Sys=0.00s Real=0.02s
[136.895s][info][gc,start       ] GC(432) Pause Young (Allocation Failure)
[136.904s][info][gc,heap        ] GC(432) PSYoungGen: 335830K(335872K)->97580K(468480K) Eden: 238592K(238592K)->0K(249344K) From: 97238K(97280K)->97580K(219136K)
[136.904s][info][gc,heap        ] GC(432) ParOldGen: 1066909K(1398272K)->1071404K(1398272K)
[136.904s][info][gc,metaspace   ] GC(432) Metaspace: 122845K(128384K)->122845K(128384K) NonClass: 104763K(106688K)->104763K(106688K) Class: 18081K(21696K)->18081K(21696K)
[136.904s][info][gc             ] GC(432) Pause Young (Allocation Failure) 1369M->1141M(1823M) 9.685ms
[136.904s][info][gc,cpu         ] GC(432) User=0.45s Sys=0.00s Real=0.01s
[136.921s][info][gc,start       ] GC(433) Pause Young (Allocation Failure)
[136.930s][info][gc,heap        ] GC(433) PSYoungGen: 346924K(468480K)->83643K(461824K) Eden: 249344K(249344K)->0K(249344K) From: 97580K(219136K)->83643K(212480K)
[136.930s][info][gc,heap        ] GC(433) ParOldGen: 1071404K(1398272K)->1083831K(1398272K)
[136.930s][info][gc,metaspace   ] GC(433) Metaspace: 122845K(128384K)->122845K(128384K) NonClass: 104763K(106688K)->104763K(106688K) Class: 18081K(21696K)->18081K(21696K)
[136.930s][info][gc             ] GC(433) Pause Young (Allocation Failure) 1385M->1140M(1816M) 9.123ms
[136.930s][info][gc,cpu         ] GC(433) User=0.00s Sys=0.00s Real=0.00s
[136.946s][info][gc,start       ] GC(434) Pause Young (Allocation Failure)
[136.955s][info][gc,heap        ] GC(434) PSYoungGen: 332987K(461824K)->70308K(474112K) Eden: 249344K(249344K)->0K(268800K) From: 83643K(212480K)->70308K(205312K)
[136.955s][info][gc,heap        ] GC(434) ParOldGen: 1083831K(1398272K)->1100340K(1398272K)
[136.955s][info][gc,metaspace   ] GC(434) Metaspace: 122845K(128384K)->122845K(128384K) NonClass: 104763K(106688K)->104763K(106688K) Class: 18081K(21696K)->18081K(21696K)
[136.955s][info][gc             ] GC(434) Pause Young (Allocation Failure) 1383M->1143M(1828M) 8.945ms
[136.955s][info][gc,cpu         ] GC(434) User=0.00s Sys=0.00s Real=0.00s
[136.973s][info][gc,start       ] GC(435) Pause Young (Allocation Failure)
[136.982s][info][gc,heap        ] GC(435) PSYoungGen: 339108K(474112K)->72878K(475136K) Eden: 268800K(268800K)->0K(268800K) From: 70308K(205312K)->72878K(206336K)
[136.982s][info][gc,heap        ] GC(435) ParOldGen: 1100340K(1398272K)->1108966K(1398272K)
[136.982s][info][gc,metaspace   ] GC(435) Metaspace: 122845K(128384K)->122845K(128384K) NonClass: 104763K(106688K)->104763K(106688K) Class: 18081K(21696K)->18081K(21696K)
[136.982s][info][gc             ] GC(435) Pause Young (Allocation Failure) 1405M->1154M(1829M) 8.599ms
[136.982s][info][gc,cpu         ] GC(435) User=0.38s Sys=0.00s Real=0.02s
[137.000s][info][gc,start       ] GC(436) Pause Young (Allocation Failure)
[137.009s][info][gc,heap        ] GC(436) PSYoungGen: 341678K(475136K)->66823K(485376K) Eden: 268800K(268800K)->0K(288256K) From: 72878K(206336K)->66823K(197120K)
[137.009s][info][gc,heap        ] GC(436) ParOldGen: 1108966K(1398272K)->1121328K(1398272K)
[137.009s][info][gc,metaspace   ] GC(436) Metaspace: 122845K(128384K)->122845K(128384K) NonClass: 104763K(106688K)->104763K(106688K) Class: 18081K(21696K)->18081K(21696K)
[137.009s][info][gc             ] GC(436) Pause Young (Allocation Failure) 1416M->1160M(1839M) 8.577ms
[137.009s][info][gc,cpu         ] GC(436) User=0.05s Sys=0.00s Real=0.02s
[137.040s][info][gc,start       ] GC(437) Pause Young (Allocation Failure)
[137.047s][info][gc,heap        ] GC(437) PSYoungGen: 355079K(485376K)->69774K(487936K) Eden: 288256K(288256K)->0K(288256K) From: 66823K(197120K)->69774K(199680K)
[137.047s][info][gc,heap        ] GC(437) ParOldGen: 1121328K(1398272K)->1121462K(1398272K)
[137.047s][info][gc,metaspace   ] GC(437) Metaspace: 122845K(128384K)->122845K(128384K) NonClass: 104763K(106688K)->104763K(106688K) Class: 18081K(21696K)->18081K(21696K)
[137.047s][info][gc             ] GC(437) Pause Young (Allocation Failure) 1441M->1163M(1842M) 7.669ms
[137.047s][info][gc,cpu         ] GC(437) User=0.00s Sys=0.00s Real=0.00s
[137.067s][info][gc,start       ] GC(438) Pause Young (Allocation Failure)
[137.075s][info][gc,heap        ] GC(438) PSYoungGen: 358030K(487936K)->85431K(485376K) Eden: 288256K(288256K)->0K(303616K) From: 69774K(199680K)->85431K(181760K)
[137.075s][info][gc,heap        ] GC(438) ParOldGen: 1121462K(1398272K)->1121462K(1398272K)
[137.075s][info][gc,metaspace   ] GC(438) Metaspace: 122845K(128384K)->122845K(128384K) NonClass: 104763K(106688K)->104763K(106688K) Class: 18081K(21696K)->18081K(21696K)
[137.075s][info][gc             ] GC(438) Pause Young (Allocation Failure) 1444M->1178M(1839M) 8.368ms
[137.076s][info][gc,cpu         ] GC(438) User=0.00s Sys=0.00s Real=0.00s
[137.096s][info][gc,start       ] GC(439) Pause Young (Allocation Failure)
[137.104s][info][gc,heap        ] GC(439) PSYoungGen: 389047K(485376K)->79172K(491520K) Eden: 303616K(303616K)->0K(303616K) From: 85431K(181760K)->79172K(187904K)
[137.104s][info][gc,heap        ] GC(439) ParOldGen: 1121462K(1398272K)->1121462K(1398272K)
[137.104s][info][gc,metaspace   ] GC(439) Metaspace: 122845K(128384K)->122845K(128384K) NonClass: 104763K(106688K)->104763K(106688K) Class: 18081K(21696K)->18081K(21696K)
[137.104s][info][gc             ] GC(439) Pause Young (Allocation Failure) 1475M->1172M(1845M) 8.417ms
[137.104s][info][gc,cpu         ] GC(439) User=0.00s Sys=0.00s Real=0.00s
[137.124s][info][gc,start       ] GC(440) Pause Young (Allocation Failure)
[137.132s][info][gc,heap        ] GC(440) PSYoungGen: 382788K(491520K)->76088K(492544K) Eden: 303616K(303616K)->0K(322048K) From: 79172K(187904K)->76088K(170496K)
[137.132s][info][gc,heap        ] GC(440) ParOldGen: 1121462K(1398272K)->1121462K(1398272K)
[137.132s][info][gc,metaspace   ] GC(440) Metaspace: 122845K(128384K)->122845K(128384K) NonClass: 104763K(106688K)->104763K(106688K) Class: 18081K(21696K)->18081K(21696K)
[137.132s][info][gc             ] GC(440) Pause Young (Allocation Failure) 1468M->1169M(1846M) 8.106ms
[137.132s][info][gc,cpu         ] GC(440) User=0.28s Sys=0.00s Real=0.02s
[137.159s][info][gc,start       ] GC(441) Pause Young (Allocation Failure)
[137.169s][info][gc,heap        ] GC(441) PSYoungGen: 398136K(492544K)->95746K(498688K) Eden: 322048K(322048K)->0K(322048K) From: 76088K(170496K)->95746K(176640K)
[137.169s][info][gc,heap        ] GC(441) ParOldGen: 1121462K(1398272K)->1121462K(1398272K)
[137.169s][info][gc,metaspace   ] GC(441) Metaspace: 122845K(128384K)->122845K(128384K) NonClass: 104764K(106688K)->104764K(106688K) Class: 18081K(21696K)->18081K(21696K)
[137.169s][info][gc             ] GC(441) Pause Young (Allocation Failure) 1483M->1188M(1852M) 10.040ms
[137.169s][info][gc,cpu         ] GC(441) User=0.00s Sys=0.00s Real=0.00s
[137.192s][info][gc,start       ] GC(442) Pause Young (Allocation Failure)
[137.203s][info][gc,heap        ] GC(442) PSYoungGen: 417794K(498688K)->110083K(508416K) Eden: 322048K(322048K)->0K(341504K) From: 95746K(176640K)->110083K(166912K)
[137.203s][info][gc,heap        ] GC(442) ParOldGen: 1121462K(1398272K)->1121462K(1398272K)
[137.203s][info][gc,metaspace   ] GC(442) Metaspace: 122845K(128384K)->122845K(128384K) NonClass: 104764K(106688K)->104764K(106688K) Class: 18081K(21696K)->18081K(21696K)
[137.203s][info][gc             ] GC(442) Pause Young (Allocation Failure) 1503M->1202M(1862M) 10.762ms
[137.203s][info][gc,cpu         ] GC(442) User=0.53s Sys=0.00s Real=0.02s
[137.228s][info][gc,start       ] GC(443) Pause Young (Allocation Failure)
[137.238s][info][gc,heap        ] GC(443) PSYoungGen: 451587K(508416K)->116459K(509440K) Eden: 341504K(341504K)->0K(341504K) From: 110083K(166912K)->116459K(167936K)
[137.238s][info][gc,heap        ] GC(443) ParOldGen: 1121462K(1398272K)->1121462K(1398272K)
[137.238s][info][gc,metaspace   ] GC(443) Metaspace: 122854K(128384K)->122854K(128384K) NonClass: 104773K(106688K)->104773K(106688K) Class: 18081K(21696K)->18081K(21696K)
[137.238s][info][gc             ] GC(443) Pause Young (Allocation Failure) 1536M->1208M(1863M) 10.753ms
[137.238s][info][gc,cpu         ] GC(443) User=0.00s Sys=0.00s Real=0.00s
[137.265s][info][gc,start       ] GC(444) Pause Young (Allocation Failure)
[137.276s][info][gc,heap        ] GC(444) PSYoungGen: 457963K(509440K)->117379K(530432K) Eden: 341504K(341504K)->0K(361984K) From: 116459K(167936K)->117379K(168448K)
[137.276s][info][gc,heap        ] GC(444) ParOldGen: 1121462K(1398272K)->1121470K(1398272K)
[137.276s][info][gc,metaspace   ] GC(444) Metaspace: 122861K(128384K)->122861K(128384K) NonClass: 104780K(106688K)->104780K(106688K) Class: 18081K(21696K)->18081K(21696K)
[137.276s][info][gc             ] GC(444) Pause Young (Allocation Failure) 1542M->1209M(1883M) 11.113ms
[137.276s][info][gc,cpu         ] GC(444) User=0.00s Sys=0.00s Real=0.00s
[137.315s][info][gc,start       ] GC(445) Pause Young (Allocation Failure)
[137.327s][info][gc,heap        ] GC(445) PSYoungGen: 479363K(530432K)->140998K(503296K) Eden: 361984K(361984K)->0K(361984K) From: 117379K(168448K)->140998K(141312K)
[137.327s][info][gc,heap        ] GC(445) ParOldGen: 1121470K(1398272K)->1121478K(1398272K)
[137.327s][info][gc,metaspace   ] GC(445) Metaspace: 122864K(128384K)->122864K(128384K) NonClass: 104782K(106688K)->104782K(106688K) Class: 18081K(21696K)->18081K(21696K)
[137.327s][info][gc             ] GC(445) Pause Young (Allocation Failure) 1563M->1232M(1857M) 12.445ms
[137.327s][info][gc,cpu         ] GC(445) User=0.00s Sys=0.00s Real=0.00s
[137.351s][info][gc,start       ] GC(446) Pause Young (Allocation Failure)
[137.367s][info][gc,heap        ] GC(446) PSYoungGen: 502982K(503296K)->151203K(501248K) Eden: 361984K(361984K)->0K(324096K) From: 140998K(141312K)->151203K(177152K)
[137.367s][info][gc,heap        ] GC(446) ParOldGen: 1121478K(1398272K)->1121478K(1398272K)
[137.367s][info][gc,metaspace   ] GC(446) Metaspace: 122864K(128384K)->122864K(128384K) NonClass: 104782K(106688K)->104782K(106688K) Class: 18081K(21696K)->18081K(21696K)
[137.367s][info][gc             ] GC(446) Pause Young (Allocation Failure) 1586M->1242M(1855M) 16.479ms
[137.367s][info][gc,cpu         ] GC(446) User=0.22s Sys=0.03s Real=0.02s
[137.388s][info][gc,start       ] GC(447) Pause Young (Allocation Failure)
[137.404s][info][gc,heap        ] GC(447) PSYoungGen: 475299K(501248K)->162505K(486912K) Eden: 324096K(324096K)->0K(324096K) From: 151203K(177152K)->162505K(162816K)
[137.404s][info][gc,heap        ] GC(447) ParOldGen: 1121478K(1398272K)->1121478K(1398272K)
[137.404s][info][gc,metaspace   ] GC(447) Metaspace: 122864K(128384K)->122864K(128384K) NonClass: 104782K(106688K)->104782K(106688K) Class: 18081K(21696K)->18081K(21696K)
[137.404s][info][gc             ] GC(447) Pause Young (Allocation Failure) 1559M->1253M(1841M) 16.074ms
[137.404s][info][gc,cpu         ] GC(447) User=0.45s Sys=0.00s Real=0.02s
[137.424s][info][gc,start       ] GC(448) Pause Young (Allocation Failure)
[137.440s][info][gc,heap        ] GC(448) PSYoungGen: 486601K(486912K)->173271K(472576K) Eden: 324096K(324096K)->0K(272896K) From: 162505K(162816K)->173271K(199680K)
[137.440s][info][gc,heap        ] GC(448) ParOldGen: 1121478K(1398272K)->1121518K(1398272K)
[137.440s][info][gc,metaspace   ] GC(448) Metaspace: 122864K(128384K)->122864K(128384K) NonClass: 104782K(106688K)->104782K(106688K) Class: 18081K(21696K)->18081K(21696K)
[137.440s][info][gc             ] GC(448) Pause Young (Allocation Failure) 1570M->1264M(1827M) 16.553ms
[137.440s][info][gc,cpu         ] GC(448) User=0.52s Sys=0.00s Real=0.02s
[137.457s][info][gc,start       ] GC(449) Pause Young (Allocation Failure)
[137.475s][info][gc,heap        ] GC(449) PSYoungGen: 446167K(472576K)->185688K(458752K) Eden: 272896K(272896K)->0K(272896K) From: 173271K(199680K)->185688K(185856K)
[137.475s][info][gc,heap        ] GC(449) ParOldGen: 1121518K(1398272K)->1121582K(1398272K)
[137.475s][info][gc,metaspace   ] GC(449) Metaspace: 122867K(128384K)->122867K(128384K) NonClass: 104785K(106688K)->104785K(106688K) Class: 18081K(21696K)->18081K(21696K)
[137.475s][info][gc             ] GC(449) Pause Young (Allocation Failure) 1530M->1276M(1813M) 17.747ms
[137.475s][info][gc,cpu         ] GC(449) User=0.52s Sys=0.02s Real=0.02s
[137.494s][info][gc,start       ] GC(450) Pause Young (Allocation Failure)
[137.512s][info][gc,heap        ] GC(450) PSYoungGen: 458584K(458752K)->201340K(461312K) Eden: 272896K(272896K)->0K(232960K) From: 185688K(185856K)->201340K(228352K)
[137.512s][info][gc,heap        ] GC(450) ParOldGen: 1121582K(1398272K)->1121681K(1398272K)
[137.512s][info][gc,metaspace   ] GC(450) Metaspace: 122892K(128384K)->122892K(128384K) NonClass: 104811K(106688K)->104811K(106688K) Class: 18081K(21696K)->18081K(21696K)
[137.512s][info][gc             ] GC(450) Pause Young (Allocation Failure) 1543M->1292M(1816M) 18.852ms
[137.512s][info][gc,cpu         ] GC(450) User=0.31s Sys=0.03s Real=0.02s
[137.527s][info][gc,start       ] GC(451) Pause Young (Allocation Failure)
[137.545s][info][gc,heap        ] GC(451) PSYoungGen: 430277K(461312K)->205200K(465920K) Eden: 228936K(232960K)->0K(232960K) From: 201340K(228352K)->205200K(232960K)
[137.545s][info][gc,heap        ] GC(451) ParOldGen: 1121681K(1398272K)->1121757K(1398272K)
[137.545s][info][gc,metaspace   ] GC(451) Metaspace: 122904K(128384K)->122904K(128384K) NonClass: 104823K(106688K)->104823K(106688K) Class: 18081K(21696K)->18081K(21696K)
[137.545s][info][gc             ] GC(451) Pause Young (Allocation Failure) 1515M->1295M(1820M) 18.967ms
[137.546s][info][gc,cpu         ] GC(451) User=0.00s Sys=0.00s Real=0.01s
[137.563s][info][gc,start       ] GC(452) Pause Young (Allocation Failure)
[137.588s][info][gc,heap        ] GC(452) PSYoungGen: 438160K(465920K)->224468K(465920K) Eden: 232960K(232960K)->0K(232960K) From: 205200K(232960K)->224468K(232960K)
[137.588s][info][gc,heap        ] GC(452) ParOldGen: 1121757K(1398272K)->1121853K(1398272K)
[137.588s][info][gc,metaspace   ] GC(452) Metaspace: 122937K(128384K)->122937K(128384K) NonClass: 104855K(106688K)->104855K(106688K) Class: 18081K(21696K)->18081K(21696K)
[137.588s][info][gc             ] GC(452) Pause Young (Allocation Failure) 1523M->1314M(1820M) 24.982ms
[137.588s][info][gc,cpu         ] GC(452) User=0.50s Sys=0.02s Real=0.02s
[137.602s][info][gc,start       ] GC(453) Pause Young (Allocation Failure)
[137.622s][info][gc,heap        ] GC(453) PSYoungGen: 457428K(465920K)->206720K(465920K) Eden: 232960K(232960K)->0K(232960K) From: 224468K(232960K)->206720K(232960K)
[137.622s][info][gc,heap        ] GC(453) ParOldGen: 1121853K(1398272K)->1126097K(1398272K)
[137.622s][info][gc,metaspace   ] GC(453) Metaspace: 122986K(128384K)->122986K(128384K) NonClass: 104904K(106688K)->104904K(106688K) Class: 18081K(21696K)->18081K(21696K)
[137.622s][info][gc             ] GC(453) Pause Young (Allocation Failure) 1542M->1301M(1820M) 19.721ms
[137.622s][info][gc,cpu         ] GC(453) User=0.52s Sys=0.00s Real=0.02s
[137.634s][info][gc,start       ] GC(454) Pause Young (Allocation Failure)
[137.653s][info][gc,heap        ] GC(454) PSYoungGen: 438057K(465920K)->151309K(465920K) Eden: 231337K(232960K)->0K(232960K) From: 206720K(232960K)->151309K(232960K)
[137.654s][info][gc,heap        ] GC(454) ParOldGen: 1126097K(1398272K)->1179791K(1398272K)
[137.654s][info][gc,metaspace   ] GC(454) Metaspace: 122999K(128384K)->122999K(128384K) NonClass: 104917K(106688K)->104917K(106688K) Class: 18081K(21696K)->18081K(21696K)
[137.654s][info][gc             ] GC(454) Pause Young (Allocation Failure) 1527M->1299M(1820M) 19.312ms
[137.654s][info][gc,cpu         ] GC(454) User=0.52s Sys=0.00s Real=0.02s
[137.668s][info][gc,start       ] GC(455) Pause Young (Allocation Failure)
[137.683s][info][gc,heap        ] GC(455) PSYoungGen: 384269K(465920K)->101565K(465920K) Eden: 232960K(232960K)->0K(232960K) From: 151309K(232960K)->101565K(232960K)
[137.683s][info][gc,heap        ] GC(455) ParOldGen: 1179791K(1398272K)->1238147K(1398272K)
[137.683s][info][gc,metaspace   ] GC(455) Metaspace: 123009K(128384K)->123009K(128384K) NonClass: 104928K(106688K)->104928K(106688K) Class: 18081K(21696K)->18081K(21696K)
[137.683s][info][gc             ] GC(455) Pause Young (Allocation Failure) 1527M->1308M(1820M) 15.301ms
[137.683s][info][gc,cpu         ] GC(455) User=0.52s Sys=0.00s Real=0.02s
[137.696s][info][gc,start       ] GC(456) Pause Young (Allocation Failure)
[137.705s][info][gc,heap        ] GC(456) PSYoungGen: 334525K(465920K)->92489K(465920K) Eden: 232960K(232960K)->0K(232960K) From: 101565K(232960K)->92489K(232960K)
[137.705s][info][gc,heap        ] GC(456) ParOldGen: 1238147K(1398272K)->1247463K(1398272K)
[137.705s][info][gc,metaspace   ] GC(456) Metaspace: 123022K(128384K)->123022K(128384K) NonClass: 104940K(106688K)->104940K(106688K) Class: 18081K(21696K)->18081K(21696K)
[137.705s][info][gc             ] GC(456) Pause Young (Allocation Failure) 1535M->1308M(1820M) 9.215ms
[137.705s][info][gc,cpu         ] GC(456) User=0.19s Sys=0.00s Real=0.02s
[137.717s][info][gc,start       ] GC(457) Pause Young (Allocation Failure)
[137.727s][info][gc,heap        ] GC(457) PSYoungGen: 325449K(465920K)->100182K(465920K) Eden: 232960K(232960K)->0K(232960K) From: 92489K(232960K)->100182K(232960K)
[137.727s][info][gc,heap        ] GC(457) ParOldGen: 1247463K(1398272K)->1248883K(1398272K)
[137.727s][info][gc,metaspace   ] GC(457) Metaspace: 123026K(128384K)->123026K(128384K) NonClass: 104944K(106688K)->104944K(106688K) Class: 18081K(21696K)->18081K(21696K)
[137.727s][info][gc             ] GC(457) Pause Young (Allocation Failure) 1536M->1317M(1820M) 10.244ms
[137.727s][info][gc,cpu         ] GC(457) User=0.52s Sys=0.00s Real=0.01s
[137.739s][info][gc,start       ] GC(458) Pause Young (Allocation Failure)
[137.750s][info][gc,heap        ] GC(458) PSYoungGen: 333142K(465920K)->105296K(465920K) Eden: 232960K(232960K)->0K(232960K) From: 100182K(232960K)->105296K(232960K)
[137.750s][info][gc,heap        ] GC(458) ParOldGen: 1248883K(1398272K)->1249413K(1398272K)
[137.750s][info][gc,metaspace   ] GC(458) Metaspace: 123027K(128384K)->123027K(128384K) NonClass: 104945K(106688K)->104945K(106688K) Class: 18081K(21696K)->18081K(21696K)
[137.750s][info][gc             ] GC(458) Pause Young (Allocation Failure) 1544M->1322M(1820M) 10.350ms
[137.750s][info][gc,cpu         ] GC(458) User=0.00s Sys=0.00s Real=0.00s
[137.762s][info][gc,start       ] GC(459) Pause Young (Allocation Failure)
[137.774s][info][gc,heap        ] GC(459) PSYoungGen: 338256K(465920K)->88616K(465920K) Eden: 232960K(232960K)->0K(232960K) From: 105296K(232960K)->88616K(232960K)
[137.774s][info][gc,heap        ] GC(459) ParOldGen: 1249413K(1398272K)->1278859K(1398272K)
[137.774s][info][gc,metaspace   ] GC(459) Metaspace: 123031K(128384K)->123031K(128384K) NonClass: 104949K(106688K)->104949K(106688K) Class: 18081K(21696K)->18081K(21696K)
[137.774s][info][gc             ] GC(459) Pause Young (Allocation Failure) 1550M->1335M(1820M) 11.918ms
[137.774s][info][gc,cpu         ] GC(459) User=0.53s Sys=0.00s Real=0.02s
[137.787s][info][gc,start       ] GC(460) Pause Young (Allocation Failure)
[137.796s][info][gc,heap        ] GC(460) PSYoungGen: 321576K(465920K)->64745K(465920K) Eden: 232960K(232960K)->0K(232960K) From: 88616K(232960K)->64745K(232960K)
[137.796s][info][gc,heap        ] GC(460) ParOldGen: 1278859K(1398272K)->1312286K(1398272K)
[137.796s][info][gc,metaspace   ] GC(460) Metaspace: 123031K(128384K)->123031K(128384K) NonClass: 104950K(106688K)->104950K(106688K) Class: 18081K(21696K)->18081K(21696K)
[137.796s][info][gc             ] GC(460) Pause Young (Allocation Failure) 1562M->1344M(1820M) 9.166ms
[137.796s][info][gc,cpu         ] GC(460) User=0.00s Sys=0.00s Real=0.00s
[137.809s][info][gc,start       ] GC(461) Pause Young (Allocation Failure)
[137.815s][info][gc,heap        ] GC(461) PSYoungGen: 297705K(465920K)->63492K(465920K) Eden: 232960K(232960K)->0K(232960K) From: 64745K(232960K)->63492K(232960K)
[137.815s][info][gc,heap        ] GC(461) ParOldGen: 1312286K(1398272K)->1323082K(1398272K)
[137.815s][info][gc,metaspace   ] GC(461) Metaspace: 123043K(128384K)->123043K(128384K) NonClass: 104961K(106688K)->104961K(106688K) Class: 18082K(21696K)->18082K(21696K)
[137.815s][info][gc             ] GC(461) Pause Young (Allocation Failure) 1572M->1354M(1820M) 6.241ms
[137.815s][info][gc,cpu         ] GC(461) User=0.20s Sys=0.00s Real=0.02s
[137.827s][info][gc,start       ] GC(462) Pause Young (Allocation Failure)
[137.835s][info][gc,heap        ] GC(462) PSYoungGen: 296452K(465920K)->62451K(465920K) Eden: 232960K(232960K)->0K(232960K) From: 63492K(232960K)->62451K(232960K)
[137.835s][info][gc,heap        ] GC(462) ParOldGen: 1323082K(1398272K)->1338923K(1398272K)
[137.835s][info][gc,metaspace   ] GC(462) Metaspace: 123045K(128384K)->123045K(128384K) NonClass: 104963K(106688K)->104963K(106688K) Class: 18082K(21696K)->18082K(21696K)
[137.835s][info][gc             ] GC(462) Pause Young (Allocation Failure) 1581M->1368M(1820M) 8.023ms
[137.835s][info][gc,cpu         ] GC(462) User=0.31s Sys=0.00s Real=0.02s
[137.848s][info][gc,start       ] GC(463) Pause Young (Allocation Failure)
[137.857s][info][gc,heap        ] GC(463) PSYoungGen: 295411K(465920K)->64538K(465920K) Eden: 232960K(232960K)->0K(232960K) From: 62451K(232960K)->64538K(232960K)
[137.857s][info][gc,heap        ] GC(463) ParOldGen: 1338923K(1398272K)->1367296K(1398272K)
[137.857s][info][gc,metaspace   ] GC(463) Metaspace: 123045K(128384K)->123045K(128384K) NonClass: 104963K(106688K)->104963K(106688K) Class: 18082K(21696K)->18082K(21696K)
[137.857s][info][gc             ] GC(463) Pause Young (Allocation Failure) 1596M->1398M(1820M) 9.262ms
[137.857s][info][gc,cpu         ] GC(463) User=0.00s Sys=0.00s Real=0.00s
[137.857s][info][gc,start       ] GC(464) Pause Full (Ergonomics)
[137.857s][info][gc,phases,start] GC(464) Marking Phase
[137.902s][info][gc,phases      ] GC(464) Marking Phase 44.298ms
[137.902s][info][gc,phases,start] GC(464) Summary Phase
[137.902s][info][gc,phases      ] GC(464) Summary Phase 0.063ms
[137.902s][info][gc,phases,start] GC(464) Adjust Roots
[137.915s][info][gc,phases      ] GC(464) Adjust Roots 13.589ms
[137.915s][info][gc,phases,start] GC(464) Compaction Phase
[137.940s][info][gc,phases      ] GC(464) Compaction Phase 24.900ms
[137.940s][info][gc,phases,start] GC(464) Post Compact
[137.948s][info][gc,phases      ] GC(464) Post Compact 8.020ms
[137.949s][info][gc,heap        ] GC(464) PSYoungGen: 64538K(465920K)->0K(465920K) Eden: 0K(232960K)->0K(232960K) From: 64538K(232960K)->0K(232960K)
[137.949s][info][gc,heap        ] GC(464) ParOldGen: 1367296K(1398272K)->1245671K(1398272K)
[137.949s][info][gc,metaspace   ] GC(464) Metaspace: 123045K(128384K)->123045K(128384K) NonClass: 104963K(106688K)->104963K(106688K) Class: 18082K(21696K)->18082K(21696K)
[137.949s][info][gc             ] GC(464) Pause Full (Ergonomics) 1398M->1216M(1820M) 91.237ms
[137.949s][info][gc,cpu         ] GC(464) User=1.70s Sys=0.00s Real=0.09s
[137.964s][info][gc,start       ] GC(465) Pause Young (Allocation Failure)
[137.969s][info][gc,heap        ] GC(465) PSYoungGen: 232960K(465920K)->50016K(465920K) Eden: 232960K(232960K)->0K(232960K) From: 0K(232960K)->50016K(232960K)
[137.969s][info][gc,heap        ] GC(465) ParOldGen: 1245671K(1398272K)->1245671K(1398272K)
[137.969s][info][gc,metaspace   ] GC(465) Metaspace: 123046K(128384K)->123046K(128384K) NonClass: 104964K(106688K)->104964K(106688K) Class: 18082K(21696K)->18082K(21696K)
[137.969s][info][gc             ] GC(465) Pause Young (Allocation Failure) 1443M->1265M(1820M) 4.935ms
[137.969s][info][gc,cpu         ] GC(465) User=0.52s Sys=0.00s Real=0.02s
[137.981s][info][gc,start       ] GC(466) Pause Young (Allocation Failure)
[137.986s][info][gc,heap        ] GC(466) PSYoungGen: 282976K(465920K)->13396K(465920K) Eden: 232960K(232960K)->0K(232960K) From: 50016K(232960K)->13396K(232960K)
[137.987s][info][gc,heap        ] GC(466) ParOldGen: 1245671K(1398272K)->1292604K(1398272K)
[137.987s][info][gc,metaspace   ] GC(466) Metaspace: 123046K(128384K)->123046K(128384K) NonClass: 104964K(106688K)->104964K(106688K) Class: 18082K(21696K)->18082K(21696K)
[137.987s][info][gc             ] GC(466) Pause Young (Allocation Failure) 1492M->1275M(1820M) 5.215ms
[137.987s][info][gc,cpu         ] GC(466) User=0.19s Sys=0.00s Real=0.02s
[138.000s][info][gc,start       ] GC(467) Pause Young (Allocation Failure)
[138.006s][info][gc,heap        ] GC(467) PSYoungGen: 244608K(465920K)->56226K(289280K) Eden: 231211K(232960K)->0K(232960K) From: 13396K(232960K)->56226K(56320K)
[138.006s][info][gc,heap        ] GC(467) ParOldGen: 1292604K(1398272K)->1303326K(1398272K)
[138.006s][info][gc,metaspace   ] GC(467) Metaspace: 123046K(128384K)->123046K(128384K) NonClass: 104964K(106688K)->104964K(106688K) Class: 18082K(21696K)->18082K(21696K)
[138.006s][info][gc             ] GC(467) Pause Young (Allocation Failure) 1501M->1327M(1648M) 5.924ms
[138.006s][info][gc,cpu         ] GC(467) User=0.53s Sys=0.00s Real=0.02s
[138.019s][info][gc,start       ] GC(468) Pause Young (Allocation Failure)
[138.029s][info][gc,heap        ] GC(468) PSYoungGen: 289186K(289280K)->87313K(467456K) Eden: 232960K(232960K)->0K(246784K) From: 56226K(56320K)->87313K(220672K)
[138.029s][info][gc,heap        ] GC(468) ParOldGen: 1303326K(1398272K)->1303326K(1398272K)
[138.029s][info][gc,metaspace   ] GC(468) Metaspace: 123046K(128384K)->123046K(128384K) NonClass: 104964K(106688K)->104964K(106688K) Class: 18082K(21696K)->18082K(21696K)
[138.029s][info][gc             ] GC(468) Pause Young (Allocation Failure) 1555M->1358M(1822M) 10.866ms
[138.029s][info][gc,cpu         ] GC(468) User=0.00s Sys=0.00s Real=0.00s
[138.042s][info][gc,start       ] GC(469) Pause Young (Allocation Failure)
[138.053s][info][gc,heap        ] GC(469) PSYoungGen: 334097K(467456K)->95755K(464384K) Eden: 246784K(246784K)->0K(246784K) From: 87313K(220672K)->95755K(217600K)
[138.053s][info][gc,heap        ] GC(469) ParOldGen: 1303326K(1398272K)->1303326K(1398272K)
[138.053s][info][gc,metaspace   ] GC(469) Metaspace: 123046K(128384K)->123046K(128384K) NonClass: 104964K(106688K)->104964K(106688K) Class: 18082K(21696K)->18082K(21696K)
[138.053s][info][gc             ] GC(469) Pause Young (Allocation Failure) 1599M->1366M(1819M) 10.897ms
[138.053s][info][gc,cpu         ] GC(469) User=0.42s Sys=0.00s Real=0.02s
[138.066s][info][gc,start       ] GC(470) Pause Young (Allocation Failure)
[138.078s][info][gc,heap        ] GC(470) PSYoungGen: 341172K(464384K)->106283K(466944K) Eden: 245416K(246784K)->0K(265728K) From: 95755K(217600K)->106283K(201216K)
[138.078s][info][gc,heap        ] GC(470) ParOldGen: 1303326K(1398272K)->1303326K(1398272K)
[138.078s][info][gc,metaspace   ] GC(470) Metaspace: 123046K(128384K)->123046K(128384K) NonClass: 104964K(106688K)->104964K(106688K) Class: 18082K(21696K)->18082K(21696K)
[138.078s][info][gc             ] GC(470) Pause Young (Allocation Failure) 1605M->1376M(1821M) 11.523ms
[138.078s][info][gc,cpu         ] GC(470) User=0.00s Sys=0.00s Real=0.00s
[138.091s][info][gc,start       ] GC(471) Pause Young (Allocation Failure)
[138.104s][info][gc,heap        ] GC(471) PSYoungGen: 372011K(466944K)->121831K(467456K) Eden: 265728K(265728K)->0K(265728K) From: 106283K(201216K)->121831K(201728K)
[138.104s][info][gc,heap        ] GC(471) ParOldGen: 1303326K(1398272K)->1303326K(1398272K)
[138.104s][info][gc,metaspace   ] GC(471) Metaspace: 123046K(128384K)->123046K(128384K) NonClass: 104964K(106688K)->104964K(106688K) Class: 18082K(21696K)->18082K(21696K)
[138.104s][info][gc             ] GC(471) Pause Young (Allocation Failure) 1636M->1391M(1822M) 12.276ms
[138.104s][info][gc,cpu         ] GC(471) User=0.53s Sys=0.00s Real=0.02s
[138.117s][info][gc,start       ] GC(472) Pause Young (Allocation Failure)
[138.129s][info][gc,heap        ] GC(472) PSYoungGen: 387559K(467456K)->126583K(487424K) Eden: 265728K(265728K)->0K(285696K) From: 121831K(201728K)->126583K(201728K)
[138.129s][info][gc,heap        ] GC(472) ParOldGen: 1303326K(1398272K)->1303326K(1398272K)
[138.129s][info][gc,metaspace   ] GC(472) Metaspace: 123046K(128384K)->123046K(128384K) NonClass: 104964K(106688K)->104964K(106688K) Class: 18082K(21696K)->18082K(21696K)
[138.129s][info][gc             ] GC(472) Pause Young (Allocation Failure) 1651M->1396M(1841M) 11.307ms
[138.129s][info][gc,cpu         ] GC(472) User=0.00s Sys=0.00s Real=0.00s
[138.144s][info][gc,start       ] GC(473) Pause Young (Allocation Failure)
[138.157s][info][gc,heap        ] GC(473) PSYoungGen: 412279K(487424K)->139360K(488448K) Eden: 285696K(285696K)->0K(285696K) From: 126583K(201728K)->139360K(202752K)
[138.157s][info][gc,heap        ] GC(473) ParOldGen: 1303326K(1398272K)->1303326K(1398272K)
[138.157s][info][gc,metaspace   ] GC(473) Metaspace: 123046K(128384K)->123046K(128384K) NonClass: 104964K(106688K)->104964K(106688K) Class: 18082K(21696K)->18082K(21696K)
[138.157s][info][gc             ] GC(473) Pause Young (Allocation Failure) 1675M->1408M(1842M) 12.866ms
[138.157s][info][gc,cpu         ] GC(473) User=0.53s Sys=0.00s Real=0.01s
[138.171s][info][gc,start       ] GC(474) Pause Young (Allocation Failure)
[138.187s][info][gc,heap        ] GC(474) PSYoungGen: 425056K(488448K)->156942K(471552K) Eden: 285696K(285696K)->0K(263680K) From: 139360K(202752K)->156942K(207872K)
[138.187s][info][gc,heap        ] GC(474) ParOldGen: 1303326K(1398272K)->1303326K(1398272K)
[138.187s][info][gc,metaspace   ] GC(474) Metaspace: 123046K(128384K)->123046K(128384K) NonClass: 104964K(106688K)->104964K(106688K) Class: 18082K(21696K)->18082K(21696K)
[138.187s][info][gc             ] GC(474) Pause Young (Allocation Failure) 1687M->1426M(1826M) 15.387ms
[138.187s][info][gc,cpu         ] GC(474) User=0.53s Sys=0.00s Real=0.02s
[138.201s][info][gc,start       ] GC(475) Pause Young (Allocation Failure)
[138.216s][info][gc,heap        ] GC(475) PSYoungGen: 420622K(471552K)->169829K(433664K) Eden: 263680K(263680K)->0K(263680K) From: 156942K(207872K)->169829K(169984K)
[138.216s][info][gc,heap        ] GC(475) ParOldGen: 1303326K(1398272K)->1303326K(1398272K)
[138.216s][info][gc,metaspace   ] GC(475) Metaspace: 123046K(128384K)->123046K(128384K) NonClass: 104964K(106688K)->104964K(106688K) Class: 18082K(21696K)->18082K(21696K)
[138.216s][info][gc             ] GC(475) Pause Young (Allocation Failure) 1683M->1438M(1789M) 14.933ms
[138.216s][info][gc,cpu         ] GC(475) User=0.53s Sys=0.00s Real=0.02s
[138.230s][info][gc,start       ] GC(476) Pause Young (Allocation Failure)
[138.247s][info][gc,heap        ] GC(476) PSYoungGen: 433509K(433664K)->188228K(462336K) Eden: 263680K(263680K)->0K(232960K) From: 169829K(169984K)->188228K(229376K)
[138.247s][info][gc,heap        ] GC(476) ParOldGen: 1303326K(1398272K)->1303326K(1398272K)
[138.247s][info][gc,metaspace   ] GC(476) Metaspace: 123046K(128384K)->123046K(128384K) NonClass: 104964K(106688K)->104964K(106688K) Class: 18082K(21696K)->18082K(21696K)
[138.247s][info][gc             ] GC(476) Pause Young (Allocation Failure) 1696M->1456M(1817M) 17.659ms
[138.247s][info][gc,cpu         ] GC(476) User=1.06s Sys=0.00s Real=0.03s
[138.260s][info][gc,start       ] GC(477) Pause Young (Allocation Failure)
[138.279s][info][gc,heap        ] GC(477) PSYoungGen: 421188K(462336K)->132820K(465920K) Eden: 232960K(232960K)->0K(232960K) From: 188228K(229376K)->132820K(232960K)
[138.279s][info][gc,heap        ] GC(477) ParOldGen: 1303326K(1398272K)->1369231K(1398272K)
[138.279s][info][gc,metaspace   ] GC(477) Metaspace: 123046K(128384K)->123046K(128384K) NonClass: 104964K(106688K)->104964K(106688K) Class: 18082K(21696K)->18082K(21696K)
[138.279s][info][gc             ] GC(477) Pause Young (Allocation Failure) 1684M->1466M(1820M) 19.346ms
[138.279s][info][gc,cpu         ] GC(477) User=0.58s Sys=0.00s Real=0.03s
[138.279s][info][gc,start       ] GC(478) Pause Full (Ergonomics)
[138.279s][info][gc,phases,start] GC(478) Marking Phase
[138.323s][info][gc,phases      ] GC(478) Marking Phase 43.374ms
[138.323s][info][gc,phases,start] GC(478) Summary Phase
[138.323s][info][gc,phases      ] GC(478) Summary Phase 0.066ms
[138.323s][info][gc,phases,start] GC(478) Adjust Roots
[138.335s][info][gc,phases      ] GC(478) Adjust Roots 11.999ms
[138.335s][info][gc,phases,start] GC(478) Compaction Phase
[138.356s][info][gc,phases      ] GC(478) Compaction Phase 21.153ms
[138.356s][info][gc,phases,start] GC(478) Post Compact
[138.365s][info][gc,phases      ] GC(478) Post Compact 9.026ms
[138.365s][info][gc,heap        ] GC(478) PSYoungGen: 132820K(465920K)->0K(465920K) Eden: 0K(232960K)->0K(232960K) From: 132820K(232960K)->0K(232960K)
[138.365s][info][gc,heap        ] GC(478) ParOldGen: 1369231K(1398272K)->1327443K(1398272K)
[138.365s][info][gc,metaspace   ] GC(478) Metaspace: 123046K(128384K)->123046K(128384K) NonClass: 104964K(106688K)->104964K(106688K) Class: 18082K(21696K)->18082K(21696K)
[138.365s][info][gc             ] GC(478) Pause Full (Ergonomics) 1466M->1296M(1820M) 86.026ms
[138.365s][info][gc,cpu         ] GC(478) User=0.95s Sys=0.00s Real=0.08s
[138.381s][info][gc,start       ] GC(479) Pause Young (Allocation Failure)
[138.387s][info][gc,heap        ] GC(479) PSYoungGen: 232960K(465920K)->53010K(465920K) Eden: 232960K(232960K)->0K(232960K) From: 0K(232960K)->53010K(232960K)
[138.387s][info][gc,heap        ] GC(479) ParOldGen: 1327443K(1398272K)->1327443K(1398272K)
[138.388s][info][gc,metaspace   ] GC(479) Metaspace: 123048K(128384K)->123048K(128384K) NonClass: 104965K(106688K)->104965K(106688K) Class: 18082K(21696K)->18082K(21696K)
[138.388s][info][gc             ] GC(479) Pause Young (Allocation Failure) 1523M->1348M(1820M) 6.131ms
[138.388s][info][gc,cpu         ] GC(479) User=0.00s Sys=0.00s Real=0.00s
[138.400s][info][gc,start       ] GC(480) Pause Young (Allocation Failure)
[138.406s][info][gc,heap        ] GC(480) PSYoungGen: 282749K(465920K)->59699K(465920K) Eden: 229738K(232960K)->0K(232960K) From: 53010K(232960K)->59699K(232960K)
[138.406s][info][gc,heap        ] GC(480) ParOldGen: 1327443K(1398272K)->1327443K(1398272K)
[138.406s][info][gc,metaspace   ] GC(480) Metaspace: 123048K(128384K)->123048K(128384K) NonClass: 104965K(106688K)->104965K(106688K) Class: 18082K(21696K)->18082K(21696K)
[138.406s][info][gc             ] GC(480) Pause Young (Allocation Failure) 1572M->1354M(1820M) 5.736ms
[138.406s][info][gc,cpu         ] GC(480) User=0.25s Sys=0.02s Real=0.01s
[138.417s][info][gc,start       ] GC(481) Pause Young (Allocation Failure)
[138.425s][info][gc,heap        ] GC(481) PSYoungGen: 292659K(465920K)->80843K(313856K) Eden: 232960K(232960K)->0K(232960K) From: 59699K(232960K)->80843K(80896K)
[138.425s][info][gc,heap        ] GC(481) ParOldGen: 1327443K(1398272K)->1327443K(1398272K)
[138.425s][info][gc,metaspace   ] GC(481) Metaspace: 123048K(128384K)->123048K(128384K) NonClass: 104965K(106688K)->104965K(106688K) Class: 18082K(21696K)->18082K(21696K)
[138.425s][info][gc             ] GC(481) Pause Young (Allocation Failure) 1582M->1375M(1672M) 7.632ms
[138.425s][info][gc,cpu         ] GC(481) User=0.23s Sys=0.00s Real=0.02s
[138.436s][info][gc,start       ] GC(482) Pause Young (Allocation Failure)
[138.445s][info][gc,heap        ] GC(482) PSYoungGen: 313803K(313856K)->94913K(470016K) Eden: 232960K(232960K)->0K(242688K) From: 80843K(80896K)->94913K(227328K)
[138.445s][info][gc,heap        ] GC(482) ParOldGen: 1327443K(1398272K)->1327443K(1398272K)
[138.445s][info][gc,metaspace   ] GC(482) Metaspace: 123048K(128384K)->123048K(128384K) NonClass: 104965K(106688K)->104965K(106688K) Class: 18082K(21696K)->18082K(21696K)
[138.445s][info][gc             ] GC(482) Pause Young (Allocation Failure) 1602M->1389M(1824M) 8.724ms
[138.445s][info][gc,cpu         ] GC(482) User=0.52s Sys=0.00s Real=0.02s
[138.457s][info][gc,start       ] GC(483) Pause Young (Allocation Failure)
[138.467s][info][gc,heap        ] GC(483) PSYoungGen: 337601K(470016K)->106956K(460288K) Eden: 242688K(242688K)->0K(242688K) From: 94913K(227328K)->106956K(217600K)
[138.467s][info][gc,heap        ] GC(483) ParOldGen: 1327443K(1398272K)->1327443K(1398272K)
[138.467s][info][gc,metaspace   ] GC(483) Metaspace: 123048K(128384K)->123048K(128384K) NonClass: 104965K(106688K)->104965K(106688K) Class: 18082K(21696K)->18082K(21696K)
[138.467s][info][gc             ] GC(483) Pause Young (Allocation Failure) 1626M->1400M(1815M) 9.681ms
[138.467s][info][gc,cpu         ] GC(483) User=0.38s Sys=0.00s Real=0.02s
[138.479s][info][gc,start       ] GC(484) Pause Young (Allocation Failure)
[138.490s][info][gc,heap        ] GC(484) PSYoungGen: 349644K(460288K)->109900K(462848K) Eden: 242688K(242688K)->0K(262656K) From: 106956K(217600K)->109900K(200192K)
[138.490s][info][gc,heap        ] GC(484) ParOldGen: 1327443K(1398272K)->1327443K(1398272K)
[138.490s][info][gc,metaspace   ] GC(484) Metaspace: 123048K(128384K)->123048K(128384K) NonClass: 104965K(106688K)->104965K(106688K) Class: 18082K(21696K)->18082K(21696K)
[138.490s][info][gc             ] GC(484) Pause Young (Allocation Failure) 1637M->1403M(1817M) 10.769ms
[138.490s][info][gc,cpu         ] GC(484) User=0.00s Sys=0.00s Real=0.00s
[138.503s][info][gc,start       ] GC(485) Pause Young (Allocation Failure)
[138.514s][info][gc,heap        ] GC(485) PSYoungGen: 368485K(462848K)->124518K(460800K) Eden: 258584K(262656K)->0K(262656K) From: 109900K(200192K)->124518K(198144K)
[138.514s][info][gc,heap        ] GC(485) ParOldGen: 1327443K(1398272K)->1327443K(1398272K)
[138.514s][info][gc,metaspace   ] GC(485) Metaspace: 123048K(128384K)->123048K(128384K) NonClass: 104965K(106688K)->104965K(106688K) Class: 18082K(21696K)->18082K(21696K)
[138.514s][info][gc             ] GC(485) Pause Young (Allocation Failure) 1656M->1417M(1815M) 11.072ms
[138.514s][info][gc,cpu         ] GC(485) User=0.42s Sys=0.00s Real=0.02s
[138.528s][info][gc,start       ] GC(486) Pause Young (Allocation Failure)
[138.540s][info][gc,heap        ] GC(486) PSYoungGen: 387174K(460800K)->138541K(479744K) Eden: 262656K(262656K)->0K(284160K) From: 124518K(198144K)->138541K(195584K)
[138.540s][info][gc,heap        ] GC(486) ParOldGen: 1327443K(1398272K)->1327443K(1398272K)
[138.540s][info][gc,metaspace   ] GC(486) Metaspace: 123048K(128384K)->123048K(128384K) NonClass: 104965K(106688K)->104965K(106688K) Class: 18082K(21696K)->18082K(21696K)
[138.540s][info][gc             ] GC(486) Pause Young (Allocation Failure) 1674M->1431M(1834M) 12.572ms
[138.540s][info][gc,cpu         ] GC(486) User=0.52s Sys=0.00s Real=0.02s
[138.555s][info][gc,start       ] GC(487) Pause Young (Allocation Failure)
[138.568s][info][gc,heap        ] GC(487) PSYoungGen: 422701K(479744K)->165233K(482304K) Eden: 284160K(284160K)->0K(284160K) From: 138541K(195584K)->165233K(198144K)
[138.568s][info][gc,heap        ] GC(487) ParOldGen: 1327443K(1398272K)->1327443K(1398272K)
[138.568s][info][gc,metaspace   ] GC(487) Metaspace: 123048K(128384K)->123048K(128384K) NonClass: 104965K(106688K)->104965K(106688K) Class: 18082K(21696K)->18082K(21696K)
[138.568s][info][gc             ] GC(487) Pause Young (Allocation Failure) 1709M->1457M(1836M) 13.676ms
[138.568s][info][gc,cpu         ] GC(487) User=0.48s Sys=0.00s Real=0.02s
[138.583s][info][gc,start       ] GC(488) Pause Young (Allocation Failure)
[138.599s][info][gc,heap        ] GC(488) PSYoungGen: 449393K(482304K)->169333K(468992K) Eden: 284160K(284160K)->0K(259584K) From: 165233K(198144K)->169333K(209408K)
[138.599s][info][gc,heap        ] GC(488) ParOldGen: 1327443K(1398272K)->1327443K(1398272K)
[138.599s][info][gc,metaspace   ] GC(488) Metaspace: 123048K(128384K)->123048K(128384K) NonClass: 104965K(106688K)->104965K(106688K) Class: 18082K(21696K)->18082K(21696K)
[138.599s][info][gc             ] GC(488) Pause Young (Allocation Failure) 1735M->1461M(1823M) 15.267ms
[138.599s][info][gc,cpu         ] GC(488) User=0.52s Sys=0.00s Real=0.02s
[138.613s][info][gc,start       ] GC(489) Pause Young (Allocation Failure)
[138.629s][info][gc,heap        ] GC(489) PSYoungGen: 428917K(468992K)->178883K(438784K) Eden: 259584K(259584K)->0K(259584K) From: 169333K(209408K)->178883K(179200K)
[138.629s][info][gc,heap        ] GC(489) ParOldGen: 1327443K(1398272K)->1327443K(1398272K)
[138.629s][info][gc,metaspace   ] GC(489) Metaspace: 123048K(128384K)->123048K(128384K) NonClass: 104965K(106688K)->104965K(106688K) Class: 18082K(21696K)->18082K(21696K)
[138.629s][info][gc             ] GC(489) Pause Young (Allocation Failure) 1715M->1471M(1794M) 16.583ms
[138.629s][info][gc,cpu         ] GC(489) User=0.52s Sys=0.00s Real=0.02s
[138.643s][info][gc,start       ] GC(490) Pause Young (Allocation Failure)
[138.657s][info][gc,heap        ] GC(490) PSYoungGen: 438467K(438784K)->166447K(464384K) Eden: 259584K(259584K)->0K(232960K) From: 178883K(179200K)->166447K(231424K)
[138.657s][info][gc,heap        ] GC(490) ParOldGen: 1327443K(1398272K)->1327443K(1398272K)
[138.657s][info][gc,metaspace   ] GC(490) Metaspace: 123048K(128384K)->123048K(128384K) NonClass: 104965K(106688K)->104965K(106688K) Class: 18082K(21696K)->18082K(21696K)
[138.657s][info][gc             ] GC(490) Pause Young (Allocation Failure) 1724M->1458M(1819M) 14.350ms
[138.657s][info][gc,cpu         ] GC(490) User=0.28s Sys=0.00s Real=0.02s
[138.668s][info][gc,start       ] GC(491) Pause Young (Allocation Failure)
[138.685s][info][gc,heap        ] GC(491) PSYoungGen: 399407K(464384K)->133778K(367104K) Eden: 232960K(232960K)->0K(232960K) From: 166447K(231424K)->133778K(134144K)
[138.685s][info][gc,heap        ] GC(491) ParOldGen: 1327443K(1398272K)->1372600K(1398272K)
[138.685s][info][gc,metaspace   ] GC(491) Metaspace: 123048K(128384K)->123048K(128384K) NonClass: 104965K(106688K)->104965K(106688K) Class: 18082K(21696K)->18082K(21696K)
[138.685s][info][gc             ] GC(491) Pause Young (Allocation Failure) 1686M->1471M(1724M) 16.467ms
[138.685s][info][gc,cpu         ] GC(491) User=0.52s Sys=0.00s Real=0.01s
[138.685s][info][gc,start       ] GC(492) Pause Full (Ergonomics)
[138.685s][info][gc,phases,start] GC(492) Marking Phase
[138.722s][info][gc,phases      ] GC(492) Marking Phase 36.441ms
[138.722s][info][gc,phases,start] GC(492) Summary Phase
[138.722s][info][gc,phases      ] GC(492) Summary Phase 0.065ms
[138.722s][info][gc,phases,start] GC(492) Adjust Roots
[138.737s][info][gc,phases      ] GC(492) Adjust Roots 15.221ms
[138.737s][info][gc,phases,start] GC(492) Compaction Phase
[138.759s][info][gc,phases      ] GC(492) Compaction Phase 22.114ms
[138.759s][info][gc,phases,start] GC(492) Post Compact
[138.767s][info][gc,phases      ] GC(492) Post Compact 8.071ms
[138.767s][info][gc,heap        ] GC(492) PSYoungGen: 133778K(367104K)->0K(460288K) Eden: 0K(232960K)->0K(234496K) From: 133778K(134144K)->0K(225792K)
[138.767s][info][gc,heap        ] GC(492) ParOldGen: 1372600K(1398272K)->1385523K(1398272K)
[138.767s][info][gc,metaspace   ] GC(492) Metaspace: 123048K(128384K)->123048K(128384K) NonClass: 104965K(106688K)->104965K(106688K) Class: 18082K(21696K)->18082K(21696K)
[138.767s][info][gc             ] GC(492) Pause Full (Ergonomics) 1471M->1353M(1815M) 82.291ms
[138.767s][info][gc,cpu         ] GC(492) User=1.50s Sys=0.02s Real=0.09s
[138.786s][info][gc,start       ] GC(493) Pause Full (Ergonomics)
[138.786s][info][gc,phases,start] GC(493) Marking Phase
[138.834s][info][gc,phases      ] GC(493) Marking Phase 47.119ms
[138.834s][info][gc,phases,start] GC(493) Summary Phase
[138.834s][info][gc,phases      ] GC(493) Summary Phase 0.065ms
[138.834s][info][gc,phases,start] GC(493) Adjust Roots
[138.849s][info][gc,phases      ] GC(493) Adjust Roots 15.326ms
[138.849s][info][gc,phases,start] GC(493) Compaction Phase
[138.877s][info][gc,phases      ] GC(493) Compaction Phase 28.244ms
[138.877s][info][gc,phases,start] GC(493) Post Compact
[138.886s][info][gc,phases      ] GC(493) Post Compact 8.994ms
[138.886s][info][gc,heap        ] GC(493) PSYoungGen: 234496K(460288K)->0K(460288K) Eden: 234496K(234496K)->0K(234496K) From: 0K(225792K)->0K(225792K)
[138.886s][info][gc,heap        ] GC(493) ParOldGen: 1385523K(1398272K)->1388199K(1398272K)
[138.886s][info][gc,metaspace   ] GC(493) Metaspace: 123059K(128384K)->123059K(128384K) NonClass: 104976K(106688K)->104976K(106688K) Class: 18082K(21696K)->18082K(21696K)
[138.887s][info][gc             ] GC(493) Pause Full (Ergonomics) 1582M->1355M(1815M) 100.144ms
[138.887s][info][gc,cpu         ] GC(493) User=1.61s Sys=0.00s Real=0.09s
[138.905s][info][gc,start       ] GC(494) Pause Full (Ergonomics)
[138.905s][info][gc,phases,start] GC(494) Marking Phase
[138.952s][info][gc,phases      ] GC(494) Marking Phase 46.801ms
[138.952s][info][gc,phases,start] GC(494) Summary Phase
[138.952s][info][gc,phases      ] GC(494) Summary Phase 0.063ms
[138.952s][info][gc,phases,start] GC(494) Adjust Roots
[138.962s][info][gc,phases      ] GC(494) Adjust Roots 10.479ms
[138.962s][info][gc,phases,start] GC(494) Compaction Phase
[138.984s][info][gc,phases      ] GC(494) Compaction Phase 21.756ms
[138.984s][info][gc,phases,start] GC(494) Post Compact
[138.995s][info][gc,phases      ] GC(494) Post Compact 10.218ms
[138.995s][info][gc,heap        ] GC(494) PSYoungGen: 234496K(460288K)->0K(473088K) Eden: 234496K(234496K)->0K(247296K) From: 0K(225792K)->0K(225792K)
[138.995s][info][gc,heap        ] GC(494) ParOldGen: 1388199K(1398272K)->1388562K(1398272K)
[138.995s][info][gc,metaspace   ] GC(494) Metaspace: 123086K(128384K)->123086K(128384K) NonClass: 105003K(106688K)->105003K(106688K) Class: 18082K(21696K)->18082K(21696K)
[138.995s][info][gc             ] GC(494) Pause Full (Ergonomics) 1584M->1356M(1827M) 89.775ms
[138.995s][info][gc,cpu         ] GC(494) User=1.53s Sys=0.02s Real=0.08s
[139.017s][info][gc,start       ] GC(495) Pause Full (Ergonomics)
[139.017s][info][gc,phases,start] GC(495) Marking Phase
[139.053s][info][gc,phases      ] GC(495) Marking Phase 35.902ms
[139.053s][info][gc,phases,start] GC(495) Summary Phase
[139.053s][info][gc,phases      ] GC(495) Summary Phase 0.045ms
[139.053s][info][gc,phases,start] GC(495) Adjust Roots
[139.070s][info][gc,phases      ] GC(495) Adjust Roots 16.885ms
[139.070s][info][gc,phases,start] GC(495) Compaction Phase
[139.176s][info][gc,phases      ] GC(495) Compaction Phase 106.376ms
[139.176s][info][gc,phases,start] GC(495) Post Compact
[139.184s][info][gc,phases      ] GC(495) Post Compact 7.998ms
[139.184s][info][gc,heap        ] GC(495) PSYoungGen: 247296K(473088K)->3283K(473088K) Eden: 247296K(247296K)->3283K(247296K) From: 0K(225792K)->0K(225792K)
[139.184s][info][gc,heap        ] GC(495) ParOldGen: 1388562K(1398272K)->1397391K(1398272K)
[139.184s][info][gc,metaspace   ] GC(495) Metaspace: 123087K(128384K)->123087K(128384K) NonClass: 105005K(106688K)->105005K(106688K) Class: 18082K(21696K)->18082K(21696K)
[139.184s][info][gc             ] GC(495) Pause Full (Ergonomics) 1597M->1367M(1827M) 167.601ms
[139.184s][info][gc,cpu         ] GC(495) User=4.17s Sys=0.00s Real=0.17s
[139.202s][info][gc,start       ] GC(496) Pause Full (Ergonomics)
[139.202s][info][gc,phases,start] GC(496) Marking Phase
[139.244s][info][gc,phases      ] GC(496) Marking Phase 42.037ms
[139.244s][info][gc,phases,start] GC(496) Summary Phase
[139.244s][info][gc,phases      ] GC(496) Summary Phase 0.046ms
[139.244s][info][gc,phases,start] GC(496) Adjust Roots
[139.254s][info][gc,phases      ] GC(496) Adjust Roots 10.555ms
[139.254s][info][gc,phases,start] GC(496) Compaction Phase
[139.291s][info][gc,phases      ] GC(496) Compaction Phase 36.844ms
[139.291s][info][gc,phases,start] GC(496) Post Compact
[139.299s][info][gc,phases      ] GC(496) Post Compact 8.025ms
[139.299s][info][gc,heap        ] GC(496) PSYoungGen: 247296K(473088K)->9418K(473088K) Eden: 247296K(247296K)->9418K(247296K) From: 0K(225792K)->0K(225792K)
[139.299s][info][gc,heap        ] GC(496) ParOldGen: 1397391K(1398272K)->1395762K(1398272K)
[139.299s][info][gc,metaspace   ] GC(496) Metaspace: 123087K(128384K)->123087K(128384K) NonClass: 105005K(106688K)->105005K(106688K) Class: 18082K(21696K)->18082K(21696K)
[139.299s][info][gc             ] GC(496) Pause Full (Ergonomics) 1606M->1372M(1827M) 97.821ms
[139.299s][info][gc,cpu         ] GC(496) User=1.48s Sys=0.09s Real=0.09s
[139.314s][info][gc,start       ] GC(497) Pause Full (Ergonomics)
[139.314s][info][gc,phases,start] GC(497) Marking Phase
[139.355s][info][gc,phases      ] GC(497) Marking Phase 41.334ms
[139.355s][info][gc,phases,start] GC(497) Summary Phase
[139.355s][info][gc,phases      ] GC(497) Summary Phase 0.044ms
[139.355s][info][gc,phases,start] GC(497) Adjust Roots
[139.372s][info][gc,phases      ] GC(497) Adjust Roots 16.751ms
[139.372s][info][gc,phases,start] GC(497) Compaction Phase
[139.410s][info][gc,phases      ] GC(497) Compaction Phase 38.283ms
[139.410s][info][gc,phases,start] GC(497) Post Compact
[139.418s][info][gc,phases      ] GC(497) Post Compact 8.002ms
[139.418s][info][gc,heap        ] GC(497) PSYoungGen: 247296K(473088K)->20127K(473088K) Eden: 247296K(247296K)->20127K(247296K) From: 0K(225792K)->0K(225792K)
[139.418s][info][gc,heap        ] GC(497) ParOldGen: 1395762K(1398272K)->1396490K(1398272K)
[139.418s][info][gc,metaspace   ] GC(497) Metaspace: 123102K(128384K)->123102K(128384K) NonClass: 105019K(106688K)->105019K(106688K) Class: 18082K(21696K)->18082K(21696K)
[139.418s][info][gc             ] GC(497) Pause Full (Ergonomics) 1604M->1383M(1827M) 104.753ms
[139.418s][info][gc,cpu         ] GC(497) User=1.88s Sys=0.05s Real=0.11s
[139.434s][info][gc,start       ] GC(498) Pause Full (Ergonomics)
[139.435s][info][gc,phases,start] GC(498) Marking Phase
[139.474s][info][gc,phases      ] GC(498) Marking Phase 39.295ms
[139.474s][info][gc,phases,start] GC(498) Summary Phase
[139.474s][info][gc,phases      ] GC(498) Summary Phase 0.050ms
[139.474s][info][gc,phases,start] GC(498) Adjust Roots
[139.484s][info][gc,phases      ] GC(498) Adjust Roots 9.625ms
[139.484s][info][gc,phases,start] GC(498) Compaction Phase
[139.520s][info][gc,phases      ] GC(498) Compaction Phase 36.809ms
[139.520s][info][gc,phases,start] GC(498) Post Compact
[139.529s][info][gc,phases      ] GC(498) Post Compact 8.066ms
[139.529s][info][gc,heap        ] GC(498) PSYoungGen: 247296K(473088K)->11326K(473088K) Eden: 247296K(247296K)->11326K(247296K) From: 0K(225792K)->0K(225792K)
[139.529s][info][gc,heap        ] GC(498) ParOldGen: 1396490K(1398272K)->1396874K(1398272K)
[139.529s][info][gc,metaspace   ] GC(498) Metaspace: 123122K(128384K)->123122K(128384K) NonClass: 105040K(106688K)->105040K(106688K) Class: 18082K(21696K)->18082K(21696K)
[139.529s][info][gc             ] GC(498) Pause Full (Ergonomics) 1605M->1375M(1827M) 94.184ms
[139.529s][info][gc,cpu         ] GC(498) User=1.50s Sys=0.00s Real=0.09s
[139.544s][info][gc,start       ] GC(499) Pause Full (Ergonomics)
[139.544s][info][gc,phases,start] GC(499) Marking Phase
[139.584s][info][gc,phases      ] GC(499) Marking Phase 40.187ms
[139.584s][info][gc,phases,start] GC(499) Summary Phase
[139.584s][info][gc,phases      ] GC(499) Summary Phase 0.047ms
[139.584s][info][gc,phases,start] GC(499) Adjust Roots
[139.596s][info][gc,phases      ] GC(499) Adjust Roots 11.466ms
[139.596s][info][gc,phases,start] GC(499) Compaction Phase
[139.634s][info][gc,phases      ] GC(499) Compaction Phase 37.659ms
[139.634s][info][gc,phases,start] GC(499) Post Compact
[139.642s][info][gc,phases      ] GC(499) Post Compact 8.231ms
[139.642s][info][gc,heap        ] GC(499) PSYoungGen: 244440K(473088K)->22688K(473088K) Eden: 244440K(247296K)->22688K(247296K) From: 0K(225792K)->0K(225792K)
[139.642s][info][gc,heap        ] GC(499) ParOldGen: 1396874K(1398272K)->1395197K(1398272K)
[139.642s][info][gc,metaspace   ] GC(499) Metaspace: 123146K(128384K)->123146K(128384K) NonClass: 105063K(106688K)->105063K(106688K) Class: 18082K(21696K)->18082K(21696K)
[139.642s][info][gc             ] GC(499) Pause Full (Ergonomics) 1602M->1384M(1827M) 97.938ms
[139.642s][info][gc,cpu         ] GC(499) User=2.08s Sys=0.00s Real=0.11s
[139.658s][info][gc,start       ] GC(500) Pause Full (Ergonomics)
[139.658s][info][gc,phases,start] GC(500) Marking Phase
[139.695s][info][gc,phases      ] GC(500) Marking Phase 36.846ms
[139.695s][info][gc,phases,start] GC(500) Summary Phase
[139.695s][info][gc,phases      ] GC(500) Summary Phase 0.044ms
[139.695s][info][gc,phases,start] GC(500) Adjust Roots
[139.706s][info][gc,phases      ] GC(500) Adjust Roots 11.485ms
[139.706s][info][gc,phases,start] GC(500) Compaction Phase
[139.743s][info][gc,phases      ] GC(500) Compaction Phase 36.711ms
[139.743s][info][gc,phases,start] GC(500) Post Compact
[139.751s][info][gc,phases      ] GC(500) Post Compact 7.992ms
[139.751s][info][gc,heap        ] GC(500) PSYoungGen: 247296K(473088K)->11472K(473088K) Eden: 247296K(247296K)->11472K(247296K) From: 0K(225792K)->0K(225792K)
[139.751s][info][gc,heap        ] GC(500) ParOldGen: 1395197K(1398272K)->1397984K(1398272K)
[139.751s][info][gc,metaspace   ] GC(500) Metaspace: 123157K(128384K)->123157K(128384K) NonClass: 105074K(106688K)->105074K(106688K) Class: 18082K(21696K)->18082K(21696K)
[139.751s][info][gc             ] GC(500) Pause Full (Ergonomics) 1603M->1376M(1827M) 93.410ms
[139.751s][info][gc,cpu         ] GC(500) User=1.48s Sys=0.02s Real=0.08s
[139.769s][info][gc,start       ] GC(501) Pause Full (Ergonomics)
[139.769s][info][gc,phases,start] GC(501) Marking Phase
[139.802s][info][gc,phases      ] GC(501) Marking Phase 32.316ms
[139.802s][info][gc,phases,start] GC(501) Summary Phase
[139.802s][info][gc,phases      ] GC(501) Summary Phase 0.043ms
[139.802s][info][gc,phases,start] GC(501) Adjust Roots
[139.811s][info][gc,phases      ] GC(501) Adjust Roots 9.372ms
[139.811s][info][gc,phases,start] GC(501) Compaction Phase
[139.848s][info][gc,phases      ] GC(501) Compaction Phase 37.178ms
[139.848s][info][gc,phases,start] GC(501) Post Compact
[139.857s][info][gc,phases      ] GC(501) Post Compact 8.256ms
[139.857s][info][gc,heap        ] GC(501) PSYoungGen: 247296K(473088K)->3814K(473088K) Eden: 247296K(247296K)->3814K(247296K) From: 0K(225792K)->0K(225792K)
[139.857s][info][gc,heap        ] GC(501) ParOldGen: 1397984K(1398272K)->1397607K(1398272K)
[139.857s][info][gc,metaspace   ] GC(501) Metaspace: 123166K(128384K)->123166K(128384K) NonClass: 105083K(106688K)->105083K(106688K) Class: 18082K(21696K)->18082K(21696K)
[139.857s][info][gc             ] GC(501) Pause Full (Ergonomics) 1606M->1368M(1827M) 87.513ms
[139.857s][info][gc,cpu         ] GC(501) User=1.55s Sys=0.00s Real=0.09s
[139.874s][info][gc,start       ] GC(502) Pause Full (Ergonomics)
[139.874s][info][gc,phases,start] GC(502) Marking Phase
[139.914s][info][gc,phases      ] GC(502) Marking Phase 40.086ms
[139.914s][info][gc,phases,start] GC(502) Summary Phase
[139.914s][info][gc,phases      ] GC(502) Summary Phase 0.042ms
[139.914s][info][gc,phases,start] GC(502) Adjust Roots
[139.925s][info][gc,phases      ] GC(502) Adjust Roots 10.769ms
[139.925s][info][gc,phases,start] GC(502) Compaction Phase
[139.943s][info][gc,phases      ] GC(502) Compaction Phase 18.144ms
[139.943s][info][gc,phases,start] GC(502) Post Compact
[139.953s][info][gc,phases      ] GC(502) Post Compact 9.817ms
[139.953s][info][gc,heap        ] GC(502) PSYoungGen: 247296K(473088K)->3919K(473088K) Eden: 247296K(247296K)->3919K(247296K) From: 0K(225792K)->0K(225792K)
[139.953s][info][gc,heap        ] GC(502) ParOldGen: 1397607K(1398272K)->1397601K(1398272K)
[139.953s][info][gc,metaspace   ] GC(502) Metaspace: 123170K(128384K)->123170K(128384K) NonClass: 105087K(106688K)->105087K(106688K) Class: 18082K(21696K)->18082K(21696K)
[139.953s][info][gc             ] GC(502) Pause Full (Ergonomics) 1606M->1368M(1827M) 79.246ms
[139.953s][info][gc,cpu         ] GC(502) User=0.64s Sys=0.00s Real=0.07s
[139.981s][info][gc,start       ] GC(503) Pause Full (Ergonomics)
[139.981s][info][gc,phases,start] GC(503) Marking Phase
[140.024s][info][gc,phases      ] GC(503) Marking Phase 43.845ms
[140.024s][info][gc,phases,start] GC(503) Summary Phase
[140.024s][info][gc,phases      ] GC(503) Summary Phase 0.040ms
[140.024s][info][gc,phases,start] GC(503) Adjust Roots
[140.032s][info][gc,phases      ] GC(503) Adjust Roots 7.307ms
[140.032s][info][gc,phases,start] GC(503) Compaction Phase
[140.047s][info][gc,phases      ] GC(503) Compaction Phase 15.351ms
[140.047s][info][gc,phases,start] GC(503) Post Compact
[140.057s][info][gc,phases      ] GC(503) Post Compact 9.508ms
[140.057s][info][gc,heap        ] GC(503) PSYoungGen: 247296K(473088K)->3911K(473088K) Eden: 247296K(247296K)->3911K(247296K) From: 0K(225792K)->0K(225792K)
[140.057s][info][gc,heap        ] GC(503) ParOldGen: 1397601K(1398272K)->1397600K(1398272K)
[140.057s][info][gc,metaspace   ] GC(503) Metaspace: 123170K(128384K)->123170K(128384K) NonClass: 105087K(106688K)->105087K(106688K) Class: 18082K(21696K)->18082K(21696K)
[140.057s][info][gc             ] GC(503) Pause Full (Ergonomics) 1606M->1368M(1827M) 76.397ms
[140.057s][info][gc,cpu         ] GC(503) User=1.13s Sys=0.00s Real=0.08s
[140.084s][info][gc,start       ] GC(504) Pause Full (Ergonomics)
[140.084s][info][gc,phases,start] GC(504) Marking Phase
[140.121s][info][gc,phases      ] GC(504) Marking Phase 37.699ms
[140.121s][info][gc,phases,start] GC(504) Summary Phase
[140.121s][info][gc,phases      ] GC(504) Summary Phase 0.041ms
[140.121s][info][gc,phases,start] GC(504) Adjust Roots
[140.128s][info][gc,phases      ] GC(504) Adjust Roots 7.023ms
[140.128s][info][gc,phases,start] GC(504) Compaction Phase
[140.143s][info][gc,phases      ] GC(504) Compaction Phase 14.868ms
[140.143s][info][gc,phases,start] GC(504) Post Compact
[140.153s][info][gc,phases      ] GC(504) Post Compact 9.894ms
[140.153s][info][gc,heap        ] GC(504) PSYoungGen: 247296K(473088K)->3914K(473088K) Eden: 247296K(247296K)->3914K(247296K) From: 0K(225792K)->0K(225792K)
[140.153s][info][gc,heap        ] GC(504) ParOldGen: 1397600K(1398272K)->1397599K(1398272K)
[140.153s][info][gc,metaspace   ] GC(504) Metaspace: 123170K(128384K)->123170K(128384K) NonClass: 105087K(106688K)->105087K(106688K) Class: 18082K(21696K)->18082K(21696K)
[140.153s][info][gc             ] GC(504) Pause Full (Ergonomics) 1606M->1368M(1827M) 69.887ms
[140.153s][info][gc,cpu         ] GC(504) User=0.53s Sys=0.00s Real=0.06s
[140.179s][info][gc,start       ] GC(505) Pause Full (Ergonomics)
[140.179s][info][gc,phases,start] GC(505) Marking Phase
[140.219s][info][gc,phases      ] GC(505) Marking Phase 39.483ms
[140.219s][info][gc,phases,start] GC(505) Summary Phase
[140.219s][info][gc,phases      ] GC(505) Summary Phase 0.042ms
[140.219s][info][gc,phases,start] GC(505) Adjust Roots
[140.227s][info][gc,phases      ] GC(505) Adjust Roots 8.454ms
[140.227s][info][gc,phases,start] GC(505) Compaction Phase
[140.243s][info][gc,phases      ] GC(505) Compaction Phase 15.537ms
[140.243s][info][gc,phases,start] GC(505) Post Compact
[140.252s][info][gc,phases      ] GC(505) Post Compact 9.314ms
[140.252s][info][gc,heap        ] GC(505) PSYoungGen: 247296K(473088K)->3922K(473088K) Eden: 247296K(247296K)->3922K(247296K) From: 0K(225792K)->0K(225792K)
[140.252s][info][gc,heap        ] GC(505) ParOldGen: 1397599K(1398272K)->1397598K(1398272K)
[140.252s][info][gc,metaspace   ] GC(505) Metaspace: 123170K(128384K)->123170K(128384K) NonClass: 105087K(106688K)->105087K(106688K) Class: 18082K(21696K)->18082K(21696K)
[140.252s][info][gc             ] GC(505) Pause Full (Ergonomics) 1606M->1368M(1827M) 73.148ms
[140.253s][info][gc,cpu         ] GC(505) User=1.13s Sys=0.00s Real=0.08s
[140.280s][info][gc,start       ] GC(506) Pause Full (Ergonomics)
[140.280s][info][gc,phases,start] GC(506) Marking Phase
[140.325s][info][gc,phases      ] GC(506) Marking Phase 45.394ms
[140.325s][info][gc,phases,start] GC(506) Summary Phase
[140.325s][info][gc,phases      ] GC(506) Summary Phase 0.046ms
[140.325s][info][gc,phases,start] GC(506) Adjust Roots
[140.334s][info][gc,phases      ] GC(506) Adjust Roots 9.150ms
[140.334s][info][gc,phases,start] GC(506) Compaction Phase
[140.351s][info][gc,phases      ] GC(506) Compaction Phase 16.636ms
[140.351s][info][gc,phases,start] GC(506) Post Compact
[140.361s][info][gc,phases      ] GC(506) Post Compact 10.330ms
[140.361s][info][gc,heap        ] GC(506) PSYoungGen: 247296K(473088K)->3920K(473088K) Eden: 247296K(247296K)->3920K(247296K) From: 0K(225792K)->0K(225792K)
[140.361s][info][gc,heap        ] GC(506) ParOldGen: 1397598K(1398272K)->1397598K(1398272K)
[140.361s][info][gc,metaspace   ] GC(506) Metaspace: 123170K(128384K)->123170K(128384K) NonClass: 105087K(106688K)->105087K(106688K) Class: 18082K(21696K)->18082K(21696K)
[140.362s][info][gc             ] GC(506) Pause Full (Ergonomics) 1606M->1368M(1827M) 81.992ms
[140.362s][info][gc,cpu         ] GC(506) User=1.11s Sys=0.00s Real=0.08s
[140.387s][info][gc,start       ] GC(507) Pause Full (Ergonomics)
[140.387s][info][gc,phases,start] GC(507) Marking Phase
[140.421s][info][gc,phases      ] GC(507) Marking Phase 34.251ms
[140.421s][info][gc,phases,start] GC(507) Summary Phase
[140.421s][info][gc,phases      ] GC(507) Summary Phase 0.045ms
[140.421s][info][gc,phases,start] GC(507) Adjust Roots
[140.435s][info][gc,phases      ] GC(507) Adjust Roots 13.558ms
[140.435s][info][gc,phases,start] GC(507) Compaction Phase
[140.450s][info][gc,phases      ] GC(507) Compaction Phase 15.131ms
[140.450s][info][gc,phases,start] GC(507) Post Compact
[140.460s][info][gc,phases      ] GC(507) Post Compact 10.418ms
[140.460s][info][gc,heap        ] GC(507) PSYoungGen: 247296K(473088K)->3922K(473088K) Eden: 247296K(247296K)->3922K(247296K) From: 0K(225792K)->0K(225792K)
[140.460s][info][gc,heap        ] GC(507) ParOldGen: 1397598K(1398272K)->1397598K(1398272K)
[140.460s][info][gc,metaspace   ] GC(507) Metaspace: 123171K(128384K)->123171K(128384K) NonClass: 105088K(106688K)->105088K(106688K) Class: 18082K(21696K)->18082K(21696K)
[140.460s][info][gc             ] GC(507) Pause Full (Ergonomics) 1606M->1368M(1827M) 73.834ms
[140.460s][info][gc,cpu         ] GC(507) User=1.08s Sys=0.00s Real=0.08s
[140.487s][info][gc,start       ] GC(508) Pause Full (Ergonomics)
[140.487s][info][gc,phases,start] GC(508) Marking Phase
[140.530s][info][gc,phases      ] GC(508) Marking Phase 42.841ms
[140.530s][info][gc,phases,start] GC(508) Summary Phase
[140.530s][info][gc,phases      ] GC(508) Summary Phase 0.040ms
[140.530s][info][gc,phases,start] GC(508) Adjust Roots
[140.542s][info][gc,phases      ] GC(508) Adjust Roots 11.604ms
[140.542s][info][gc,phases,start] GC(508) Compaction Phase
[140.559s][info][gc,phases      ] GC(508) Compaction Phase 16.743ms
[140.614s][info][gc,phases,start] GC(508) Post Compact
[140.625s][info][gc,phases      ] GC(508) Post Compact 11.629ms
[140.625s][info][gc,heap        ] GC(508) PSYoungGen: 247296K(473088K)->3930K(473088K) Eden: 247296K(247296K)->3930K(247296K) From: 0K(225792K)->0K(225792K)
[140.625s][info][gc,heap        ] GC(508) ParOldGen: 1397598K(1398272K)->1397598K(1398272K)
[140.625s][info][gc,metaspace   ] GC(508) Metaspace: 123171K(128384K)->123171K(128384K) NonClass: 105088K(106688K)->105088K(106688K) Class: 18082K(21696K)->18082K(21696K)
[140.625s][info][gc             ] GC(508) Pause Full (Ergonomics) 1606M->1368M(1827M) 138.171ms
[140.626s][info][gc,cpu         ] GC(508) User=1.11s Sys=0.00s Real=0.14s
[140.655s][info][gc,start       ] GC(509) Pause Full (Ergonomics)
[140.655s][info][gc,phases,start] GC(509) Marking Phase
[140.702s][info][gc,phases      ] GC(509) Marking Phase 46.747ms
[140.702s][info][gc,phases,start] GC(509) Summary Phase
[140.702s][info][gc,phases      ] GC(509) Summary Phase 0.047ms
[140.702s][info][gc,phases,start] GC(509) Adjust Roots
[140.713s][info][gc,phases      ] GC(509) Adjust Roots 11.024ms
[140.713s][info][gc,phases,start] GC(509) Compaction Phase
[140.727s][info][gc,phases      ] GC(509) Compaction Phase 14.442ms
[140.727s][info][gc,phases,start] GC(509) Post Compact
[140.736s][info][gc,phases      ] GC(509) Post Compact 9.009ms
[140.736s][info][gc,heap        ] GC(509) PSYoungGen: 247296K(473088K)->3918K(473088K) Eden: 247296K(247296K)->3918K(247296K) From: 0K(225792K)->0K(225792K)
[140.736s][info][gc,heap        ] GC(509) ParOldGen: 1397598K(1398272K)->1397598K(1398272K)
[140.736s][info][gc,metaspace   ] GC(509) Metaspace: 123171K(128384K)->123171K(128384K) NonClass: 105088K(106688K)->105088K(106688K) Class: 18082K(21696K)->18082K(21696K)
[140.736s][info][gc             ] GC(509) Pause Full (Ergonomics) 1606M->1368M(1827M) 81.591ms
[140.737s][info][gc,cpu         ] GC(509) User=1.47s Sys=0.00s Real=0.08s
[140.761s][info][gc,start       ] GC(510) Pause Full (Ergonomics)
[140.761s][info][gc,phases,start] GC(510) Marking Phase
[140.799s][info][gc,phases      ] GC(510) Marking Phase 38.115ms
[140.799s][info][gc,phases,start] GC(510) Summary Phase
[140.799s][info][gc,phases      ] GC(510) Summary Phase 0.043ms
[140.799s][info][gc,phases,start] GC(510) Adjust Roots
[140.810s][info][gc,phases      ] GC(510) Adjust Roots 10.406ms
[140.810s][info][gc,phases,start] GC(510) Compaction Phase
[140.828s][info][gc,phases      ] GC(510) Compaction Phase 18.243ms
[140.828s][info][gc,phases,start] GC(510) Post Compact
[140.839s][info][gc,phases      ] GC(510) Post Compact 10.717ms
[140.839s][info][gc,heap        ] GC(510) PSYoungGen: 247296K(473088K)->3922K(473088K) Eden: 247296K(247296K)->3922K(247296K) From: 0K(225792K)->0K(225792K)
[140.839s][info][gc,heap        ] GC(510) ParOldGen: 1397598K(1398272K)->1397598K(1398272K)
[140.839s][info][gc,metaspace   ] GC(510) Metaspace: 123171K(128384K)->123171K(128384K) NonClass: 105088K(106688K)->105088K(106688K) Class: 18082K(21696K)->18082K(21696K)
[140.839s][info][gc             ] GC(510) Pause Full (Ergonomics) 1606M->1368M(1827M) 77.947ms
[140.839s][info][gc,cpu         ] GC(510) User=1.05s Sys=0.02s Real=0.08s
[140.869s][info][gc,start       ] GC(511) Pause Full (Ergonomics)
[140.869s][info][gc,phases,start] GC(511) Marking Phase
[140.912s][info][gc,phases      ] GC(511) Marking Phase 42.975ms
[140.912s][info][gc,phases,start] GC(511) Summary Phase
[140.912s][info][gc,phases      ] GC(511) Summary Phase 0.042ms
[140.912s][info][gc,phases,start] GC(511) Adjust Roots
[140.919s][info][gc,phases      ] GC(511) Adjust Roots 7.171ms
[140.919s][info][gc,phases,start] GC(511) Compaction Phase
[140.934s][info][gc,phases      ] GC(511) Compaction Phase 14.585ms
[140.934s][info][gc,phases,start] GC(511) Post Compact
[140.944s][info][gc,phases      ] GC(511) Post Compact 10.032ms
[140.944s][info][gc,heap        ] GC(511) PSYoungGen: 247296K(473088K)->3915K(473088K) Eden: 247296K(247296K)->3915K(247296K) From: 0K(225792K)->0K(225792K)
[140.944s][info][gc,heap        ] GC(511) ParOldGen: 1397598K(1398272K)->1397598K(1398272K)
[140.944s][info][gc,metaspace   ] GC(511) Metaspace: 123171K(128384K)->123171K(128384K) NonClass: 105088K(106688K)->105088K(106688K) Class: 18082K(21696K)->18082K(21696K)
[140.944s][info][gc             ] GC(511) Pause Full (Ergonomics) 1606M->1368M(1827M) 75.205ms
[140.944s][info][gc,cpu         ] GC(511) User=1.00s Sys=0.03s Real=0.08s
[140.969s][info][gc,start       ] GC(512) Pause Full (Ergonomics)
[140.969s][info][gc,phases,start] GC(512) Marking Phase
[141.010s][info][gc,phases      ] GC(512) Marking Phase 40.802ms
[141.010s][info][gc,phases,start] GC(512) Summary Phase
[141.010s][info][gc,phases      ] GC(512) Summary Phase 0.047ms
[141.010s][info][gc,phases,start] GC(512) Adjust Roots
[141.019s][info][gc,phases      ] GC(512) Adjust Roots 8.875ms
[141.019s][info][gc,phases,start] GC(512) Compaction Phase
[141.034s][info][gc,phases      ] GC(512) Compaction Phase 15.664ms
[141.034s][info][gc,phases,start] GC(512) Post Compact
[141.044s][info][gc,phases      ] GC(512) Post Compact 9.815ms
[141.044s][info][gc,heap        ] GC(512) PSYoungGen: 247296K(473088K)->3916K(473088K) Eden: 247296K(247296K)->3916K(247296K) From: 0K(225792K)->0K(225792K)
[141.044s][info][gc,heap        ] GC(512) ParOldGen: 1397598K(1398272K)->1397598K(1398272K)
[141.044s][info][gc,metaspace   ] GC(512) Metaspace: 123171K(128384K)->123171K(128384K) NonClass: 105088K(106688K)->105088K(106688K) Class: 18082K(21696K)->18082K(21696K)
[141.044s][info][gc             ] GC(512) Pause Full (Ergonomics) 1606M->1368M(1827M) 75.547ms
[141.044s][info][gc,cpu         ] GC(512) User=1.14s Sys=0.00s Real=0.08s
[141.070s][info][gc,start       ] GC(513) Pause Full (Ergonomics)
[141.070s][info][gc,phases,start] GC(513) Marking Phase
[141.110s][info][gc,phases      ] GC(513) Marking Phase 40.382ms
[141.110s][info][gc,phases,start] GC(513) Summary Phase
[141.110s][info][gc,phases      ] GC(513) Summary Phase 0.055ms
[141.110s][info][gc,phases,start] GC(513) Adjust Roots
[141.124s][info][gc,phases      ] GC(513) Adjust Roots 14.266ms
[141.125s][info][gc,phases,start] GC(513) Compaction Phase
[141.161s][info][gc,phases      ] GC(513) Compaction Phase 36.109ms
[141.161s][info][gc,phases,start] GC(513) Post Compact
[141.169s][info][gc,phases      ] GC(513) Post Compact 8.007ms
[141.169s][info][gc,heap        ] GC(513) PSYoungGen: 247296K(473088K)->0K(473088K) Eden: 247296K(247296K)->0K(247296K) From: 0K(225792K)->0K(225792K)
[141.169s][info][gc,heap        ] GC(513) ParOldGen: 1397598K(1398272K)->1376928K(1398272K)
[141.169s][info][gc,metaspace   ] GC(513) Metaspace: 123171K(128384K)->123171K(128384K) NonClass: 105088K(106688K)->105088K(106688K) Class: 18082K(21696K)->18082K(21696K)
[141.169s][info][gc             ] GC(513) Pause Full (Ergonomics) 1606M->1344M(1827M) 99.096ms
[141.169s][info][gc,cpu         ] GC(513) User=1.45s Sys=0.00s Real=0.09s
[141.188s][info][gc,start       ] GC(514) Pause Full (Ergonomics)
[141.188s][info][gc,phases,start] GC(514) Marking Phase
[141.229s][info][gc,phases      ] GC(514) Marking Phase 40.974ms
[141.230s][info][gc,phases,start] GC(514) Summary Phase
[141.230s][info][gc,phases      ] GC(514) Summary Phase 0.055ms
[141.230s][info][gc,phases,start] GC(514) Adjust Roots
[141.239s][info][gc,phases      ] GC(514) Adjust Roots 9.515ms
[141.239s][info][gc,phases,start] GC(514) Compaction Phase
[141.255s][info][gc,phases      ] GC(514) Compaction Phase 16.112ms
[141.255s][info][gc,phases,start] GC(514) Post Compact
[141.265s][info][gc,phases      ] GC(514) Post Compact 10.096ms
[141.266s][info][gc,heap        ] GC(514) PSYoungGen: 247296K(473088K)->0K(473088K) Eden: 247296K(247296K)->0K(247296K) From: 0K(225792K)->0K(225792K)
[141.266s][info][gc,heap        ] GC(514) ParOldGen: 1376928K(1398272K)->1377055K(1398272K)
[141.266s][info][gc,metaspace   ] GC(514) Metaspace: 123172K(128384K)->123172K(128384K) NonClass: 105089K(106688K)->105089K(106688K) Class: 18082K(21696K)->18082K(21696K)
[141.266s][info][gc             ] GC(514) Pause Full (Ergonomics) 1586M->1344M(1827M) 77.186ms
[141.266s][info][gc,cpu         ] GC(514) User=1.08s Sys=0.02s Real=0.08s
[141.294s][info][gc,start       ] GC(515) Pause Full (Ergonomics)
[141.294s][info][gc,phases,start] GC(515) Marking Phase
[141.334s][info][gc,phases      ] GC(515) Marking Phase 40.315ms
[141.334s][info][gc,phases,start] GC(515) Summary Phase
[141.334s][info][gc,phases      ] GC(515) Summary Phase 0.054ms
[141.334s][info][gc,phases,start] GC(515) Adjust Roots
[141.348s][info][gc,phases      ] GC(515) Adjust Roots 13.302ms
[141.348s][info][gc,phases,start] GC(515) Compaction Phase
[141.375s][info][gc,phases      ] GC(515) Compaction Phase 27.130ms
[141.375s][info][gc,phases,start] GC(515) Post Compact
[141.383s][info][gc,phases      ] GC(515) Post Compact 8.093ms
[141.383s][info][gc,heap        ] GC(515) PSYoungGen: 247296K(473088K)->0K(473088K) Eden: 247296K(247296K)->0K(247296K) From: 0K(225792K)->0K(225792K)
[141.383s][info][gc,heap        ] GC(515) ParOldGen: 1377055K(1398272K)->1324155K(1398272K)
[141.383s][info][gc,metaspace   ] GC(515) Metaspace: 123173K(128384K)->123173K(128384K) NonClass: 105090K(106688K)->105090K(106688K) Class: 18082K(21696K)->18082K(21696K)
[141.383s][info][gc             ] GC(515) Pause Full (Ergonomics) 1586M->1293M(1827M) 89.204ms
[141.383s][info][gc,cpu         ] GC(515) User=1.66s Sys=0.00s Real=0.09s
[141.405s][info][gc,start       ] GC(516) Pause Young (Allocation Failure)
[141.406s][info][gc,heap        ] GC(516) PSYoungGen: 247296K(473088K)->832K(458752K) Eden: 247296K(247296K)->0K(232960K) From: 0K(225792K)->832K(225792K)
[141.406s][info][gc,heap        ] GC(516) ParOldGen: 1324155K(1398272K)->1324155K(1398272K)
[141.406s][info][gc,metaspace   ] GC(516) Metaspace: 123173K(128384K)->123173K(128384K) NonClass: 105090K(106688K)->105090K(106688K) Class: 18082K(21696K)->18082K(21696K)
[141.406s][info][gc             ] GC(516) Pause Young (Allocation Failure) 1534M->1293M(1813M) 1.561ms
[141.406s][info][gc,cpu         ] GC(516) User=0.00s Sys=0.00s Real=0.00s
[141.423s][info][gc,start       ] GC(517) Pause Young (Allocation Failure)
[141.425s][info][gc,heap        ] GC(517) PSYoungGen: 233792K(458752K)->1135K(465920K) Eden: 232960K(232960K)->0K(232960K) From: 832K(225792K)->1135K(232960K)
[141.425s][info][gc,heap        ] GC(517) ParOldGen: 1324155K(1398272K)->1324155K(1398272K)
[141.425s][info][gc,metaspace   ] GC(517) Metaspace: 123173K(128384K)->123173K(128384K) NonClass: 105090K(106688K)->105090K(106688K) Class: 18082K(21696K)->18082K(21696K)
[141.425s][info][gc             ] GC(517) Pause Young (Allocation Failure) 1521M->1294M(1820M) 1.570ms
[141.425s][info][gc,cpu         ] GC(517) User=0.00s Sys=0.00s Real=0.00s
[141.443s][info][gc,start       ] GC(518) Pause Young (Allocation Failure)
[141.444s][info][gc,heap        ] GC(518) PSYoungGen: 234095K(465920K)->1111K(465920K) Eden: 232960K(232960K)->0K(232960K) From: 1135K(232960K)->1111K(232960K)
[141.444s][info][gc,heap        ] GC(518) ParOldGen: 1324155K(1398272K)->1324155K(1398272K)
[141.444s][info][gc,metaspace   ] GC(518) Metaspace: 123174K(128384K)->123174K(128384K) NonClass: 105091K(106688K)->105091K(106688K) Class: 18082K(21696K)->18082K(21696K)
[141.444s][info][gc             ] GC(518) Pause Young (Allocation Failure) 1521M->1294M(1820M) 1.546ms
[141.444s][info][gc,cpu         ] GC(518) User=0.00s Sys=0.00s Real=0.00s
[141.467s][info][gc,start       ] GC(519) Pause Young (Allocation Failure)
[141.468s][info][gc,heap        ] GC(519) PSYoungGen: 234071K(465920K)->1558K(465920K) Eden: 232960K(232960K)->0K(232960K) From: 1111K(232960K)->1558K(232960K)
[141.468s][info][gc,heap        ] GC(519) ParOldGen: 1324155K(1398272K)->1324155K(1398272K)
[141.468s][info][gc,metaspace   ] GC(519) Metaspace: 123182K(128384K)->123182K(128384K) NonClass: 105099K(106688K)->105099K(106688K) Class: 18082K(21696K)->18082K(21696K)
[141.468s][info][gc             ] GC(519) Pause Young (Allocation Failure) 1521M->1294M(1820M) 1.512ms
[141.468s][info][gc,cpu         ] GC(519) User=0.00s Sys=0.00s Real=0.00s
[141.893s][info][gc,start       ] GC(520) Pause Young (System.gc())
[141.896s][info][gc,heap        ] GC(520) PSYoungGen: 114423K(465920K)->2276K(465920K) Eden: 112865K(232960K)->0K(232960K) From: 1558K(232960K)->2276K(232960K)
[141.896s][info][gc,heap        ] GC(520) ParOldGen: 1324155K(1398272K)->1324163K(1398272K)
[141.896s][info][gc,metaspace   ] GC(520) Metaspace: 123248K(128384K)->123248K(128384K) NonClass: 105165K(106688K)->105165K(106688K) Class: 18082K(21696K)->18082K(21696K)
[141.896s][info][gc             ] GC(520) Pause Young (System.gc()) 1404M->1295M(1820M) 2.703ms
[141.896s][info][gc,cpu         ] GC(520) User=0.00s Sys=0.00s Real=0.00s
[141.896s][info][gc,start       ] GC(521) Pause Full (System.gc())
[141.896s][info][gc,phases,start] GC(521) Marking Phase
[141.947s][info][gc,phases      ] GC(521) Marking Phase 51.205ms
[141.948s][info][gc,phases,start] GC(521) Summary Phase
[141.948s][info][gc,phases      ] GC(521) Summary Phase 0.035ms
[141.948s][info][gc,phases,start] GC(521) Adjust Roots
[141.954s][info][gc,phases      ] GC(521) Adjust Roots 6.731ms
[141.954s][info][gc,phases,start] GC(521) Compaction Phase
[141.964s][info][gc,phases      ] GC(521) Compaction Phase 9.871ms
[141.964s][info][gc,phases,start] GC(521) Post Compact
[141.972s][info][gc,phases      ] GC(521) Post Compact 7.455ms
[141.972s][info][gc,heap        ] GC(521) PSYoungGen: 2276K(465920K)->0K(465920K) Eden: 0K(232960K)->0K(232960K) From: 2276K(232960K)->0K(232960K)
[141.972s][info][gc,heap        ] GC(521) ParOldGen: 1324163K(1398272K)->973696K(1398272K)
[141.972s][info][gc,metaspace   ] GC(521) Metaspace: 123248K(128384K)->123248K(128384K) NonClass: 105165K(106688K)->105165K(106688K) Class: 18082K(21696K)->18082K(21696K)
[141.972s][info][gc             ] GC(521) Pause Full (System.gc()) 1295M->950M(1820M) 75.630ms
[141.972s][info][gc,cpu         ] GC(521) User=1.58s Sys=0.02s Real=0.08s
[142.104s][info][gc,start       ] GC(522) Pause Young (Allocation Failure)
[142.106s][info][gc,heap        ] GC(522) PSYoungGen: 232960K(465920K)->9571K(465920K) Eden: 232960K(232960K)->0K(232960K) From: 0K(232960K)->9571K(232960K)
[142.106s][info][gc,heap        ] GC(522) ParOldGen: 973696K(1398272K)->973704K(1398272K)
[142.106s][info][gc,metaspace   ] GC(522) Metaspace: 123541K(128448K)->123541K(128448K) NonClass: 105451K(106752K)->105451K(106752K) Class: 18090K(21696K)->18090K(21696K)
[142.106s][info][gc             ] GC(522) Pause Young (Allocation Failure) 1178M->960M(1820M) 2.380ms
[142.106s][info][gc,cpu         ] GC(522) User=0.00s Sys=0.00s Real=0.00s
[142.123s][info][gc,start       ] GC(523) Pause Young (Allocation Failure)
[142.126s][info][gc,heap        ] GC(523) PSYoungGen: 242531K(465920K)->10614K(465920K) Eden: 232960K(232960K)->0K(232960K) From: 9571K(232960K)->10614K(232960K)
[142.126s][info][gc,heap        ] GC(523) ParOldGen: 973704K(1398272K)->973704K(1398272K)
[142.126s][info][gc,metaspace   ] GC(523) Metaspace: 123548K(128448K)->123548K(128448K) NonClass: 105458K(106752K)->105458K(106752K) Class: 18090K(21696K)->18090K(21696K)
[142.126s][info][gc             ] GC(523) Pause Young (Allocation Failure) 1187M->961M(1820M) 2.103ms
[142.126s][info][gc,cpu         ] GC(523) User=0.00s Sys=0.00s Real=0.00s
[142.143s][info][gc,start       ] GC(524) Pause Young (Allocation Failure)
[142.145s][info][gc,heap        ] GC(524) PSYoungGen: 243574K(465920K)->12247K(245248K) Eden: 232960K(232960K)->0K(232960K) From: 10614K(232960K)->12247K(12288K)
[142.145s][info][gc,heap        ] GC(524) ParOldGen: 973704K(1398272K)->973704K(1398272K)
[142.145s][info][gc,metaspace   ] GC(524) Metaspace: 123549K(128448K)->123549K(128448K) NonClass: 105458K(106752K)->105458K(106752K) Class: 18090K(21696K)->18090K(21696K)
[142.145s][info][gc             ] GC(524) Pause Young (Allocation Failure) 1188M->962M(1605M) 2.921ms
[142.145s][info][gc,cpu         ] GC(524) User=0.00s Sys=0.00s Real=0.00s
[142.163s][info][gc,start       ] GC(525) Pause Young (Allocation Failure)
[142.166s][info][gc,heap        ] GC(525) PSYoungGen: 245207K(245248K)->16295K(456704K) Eden: 232960K(232960K)->0K(239616K) From: 12247K(12288K)->16295K(217088K)
[142.166s][info][gc,heap        ] GC(525) ParOldGen: 973704K(1398272K)->973704K(1398272K)
[142.166s][info][gc,metaspace   ] GC(525) Metaspace: 123551K(128448K)->123551K(128448K) NonClass: 105461K(106752K)->105461K(106752K) Class: 18090K(21696K)->18090K(21696K)
[142.167s][info][gc             ] GC(525) Pause Young (Allocation Failure) 1190M->966M(1811M) 3.549ms
[142.167s][info][gc,cpu         ] GC(525) User=0.09s Sys=0.00s Real=0.02s
[142.184s][info][gc,start       ] GC(526) Pause Young (Allocation Failure)
[142.186s][info][gc,heap        ] GC(526) PSYoungGen: 255911K(456704K)->16210K(256000K) Eden: 239616K(239616K)->0K(239616K) From: 16295K(217088K)->16210K(16384K)
[142.186s][info][gc,heap        ] GC(526) ParOldGen: 973704K(1398272K)->973704K(1398272K)
[142.186s][info][gc,metaspace   ] GC(526) Metaspace: 123557K(128448K)->123557K(128448K) NonClass: 105466K(106752K)->105466K(106752K) Class: 18090K(21696K)->18090K(21696K)
[142.186s][info][gc             ] GC(526) Pause Young (Allocation Failure) 1200M->966M(1615M) 2.404ms
[142.186s][info][gc,cpu         ] GC(526) User=0.00s Sys=0.00s Real=0.00s
[142.203s][info][gc,start       ] GC(527) Pause Young (Allocation Failure)
[142.207s][info][gc,heap        ] GC(527) PSYoungGen: 255826K(256000K)->20897K(434688K) Eden: 239616K(239616K)->0K(246272K) From: 16210K(16384K)->20897K(188416K)
[142.207s][info][gc,heap        ] GC(527) ParOldGen: 973704K(1398272K)->973704K(1398272K)
[142.207s][info][gc,metaspace   ] GC(527) Metaspace: 123557K(128448K)->123557K(128448K) NonClass: 105466K(106752K)->105466K(106752K) Class: 18090K(21696K)->18090K(21696K)
[142.207s][info][gc             ] GC(527) Pause Young (Allocation Failure) 1200M->971M(1790M) 4.376ms
[142.207s][info][gc,cpu         ] GC(527) User=0.00s Sys=0.00s Real=0.00s
[142.224s][info][gc,start       ] GC(528) Pause Young (Allocation Failure)
[142.228s][info][gc,heap        ] GC(528) PSYoungGen: 267169K(434688K)->24964K(271360K) Eden: 246272K(246272K)->0K(246272K) From: 20897K(188416K)->24964K(25088K)
[142.229s][info][gc,heap        ] GC(528) ParOldGen: 973704K(1398272K)->973704K(1398272K)
[142.229s][info][gc,metaspace   ] GC(528) Metaspace: 123557K(128448K)->123557K(128448K) NonClass: 105466K(106752K)->105466K(106752K) Class: 18090K(21696K)->18090K(21696K)
[142.229s][info][gc             ] GC(528) Pause Young (Allocation Failure) 1211M->975M(1630M) 4.506ms
[142.229s][info][gc,cpu         ] GC(528) User=0.00s Sys=0.00s Real=0.00s
[142.245s][info][gc,start       ] GC(529) Pause Young (Allocation Failure)
[142.250s][info][gc,heap        ] GC(529) PSYoungGen: 271236K(271360K)->26267K(421376K) Eden: 246272K(246272K)->0K(253952K) From: 24964K(25088K)->26267K(167424K)
[142.250s][info][gc,heap        ] GC(529) ParOldGen: 973704K(1398272K)->973704K(1398272K)
[142.250s][info][gc,metaspace   ] GC(529) Metaspace: 123557K(128448K)->123557K(128448K) NonClass: 105466K(106752K)->105466K(106752K) Class: 18090K(21696K)->18090K(21696K)
[142.250s][info][gc             ] GC(529) Pause Young (Allocation Failure) 1215M->976M(1777M) 5.259ms
[142.250s][info][gc,cpu         ] GC(529) User=0.00s Sys=0.00s Real=0.00s
[142.267s][info][gc,start       ] GC(530) Pause Young (Allocation Failure)
[142.272s][info][gc,heap        ] GC(530) PSYoungGen: 280219K(421376K)->27112K(281088K) Eden: 253952K(253952K)->0K(253952K) From: 26267K(167424K)->27112K(27136K)
[142.272s][info][gc,heap        ] GC(530) ParOldGen: 973704K(1398272K)->973704K(1398272K)
[142.272s][info][gc,metaspace   ] GC(530) Metaspace: 123557K(128448K)->123557K(128448K) NonClass: 105466K(106752K)->105466K(106752K) Class: 18090K(21696K)->18090K(21696K)
[142.272s][info][gc             ] GC(530) Pause Young (Allocation Failure) 1224M->977M(1640M) 4.792ms
[142.272s][info][gc,cpu         ] GC(530) User=0.45s Sys=0.06s Real=0.02s
[142.289s][info][gc,start       ] GC(531) Pause Young (Allocation Failure)
[142.295s][info][gc,heap        ] GC(531) PSYoungGen: 281064K(281088K)->33330K(408064K) Eden: 253952K(253952K)->0K(262144K) From: 27112K(27136K)->33330K(145920K)
[142.295s][info][gc,heap        ] GC(531) ParOldGen: 973704K(1398272K)->973704K(1398272K)
[142.295s][info][gc,metaspace   ] GC(531) Metaspace: 123557K(128448K)->123557K(128448K) NonClass: 105466K(106752K)->105466K(106752K) Class: 18090K(21696K)->18090K(21696K)
[142.295s][info][gc             ] GC(531) Pause Young (Allocation Failure) 1225M->983M(1764M) 6.119ms
[142.295s][info][gc,cpu         ] GC(531) User=0.00s Sys=0.00s Real=0.00s
[142.313s][info][gc,start       ] GC(532) Pause Young (Allocation Failure)
[142.318s][info][gc,heap        ] GC(532) PSYoungGen: 295474K(408064K)->35578K(297984K) Eden: 262144K(262144K)->0K(262144K) From: 33330K(145920K)->35578K(35840K)
[142.318s][info][gc,heap        ] GC(532) ParOldGen: 973704K(1398272K)->973704K(1398272K)
[142.318s][info][gc,metaspace   ] GC(532) Metaspace: 123557K(128448K)->123557K(128448K) NonClass: 105466K(106752K)->105466K(106752K) Class: 18090K(21696K)->18090K(21696K)
[142.318s][info][gc             ] GC(532) Pause Young (Allocation Failure) 1239M->985M(1656M) 5.447ms
[142.318s][info][gc,cpu         ] GC(532) User=0.00s Sys=0.00s Real=0.00s
[142.337s][info][gc,start       ] GC(533) Pause Young (Allocation Failure)
[142.344s][info][gc,heap        ] GC(533) PSYoungGen: 297722K(297984K)->42737K(399360K) Eden: 262144K(262144K)->0K(271872K) From: 35578K(35840K)->42737K(127488K)
[142.344s][info][gc,heap        ] GC(533) ParOldGen: 973704K(1398272K)->973704K(1398272K)
[142.344s][info][gc,metaspace   ] GC(533) Metaspace: 123557K(128448K)->123557K(128448K) NonClass: 105466K(106752K)->105466K(106752K) Class: 18090K(21696K)->18090K(21696K)
[142.344s][info][gc             ] GC(533) Pause Young (Allocation Failure) 1241M->992M(1755M) 7.304ms
[142.344s][info][gc,cpu         ] GC(533) User=0.02s Sys=0.06s Real=0.02s
[142.363s][info][gc,start       ] GC(534) Pause Young (Allocation Failure)
[142.369s][info][gc,heap        ] GC(534) PSYoungGen: 314609K(399360K)->41860K(408064K) Eden: 271872K(271872K)->0K(271872K) From: 42737K(127488K)->41860K(136192K)
[142.369s][info][gc,heap        ] GC(534) ParOldGen: 973704K(1398272K)->973704K(1398272K)
[142.369s][info][gc,metaspace   ] GC(534) Metaspace: 123557K(128448K)->123557K(128448K) NonClass: 105466K(106752K)->105466K(106752K) Class: 18090K(21696K)->18090K(21696K)
[142.369s][info][gc             ] GC(534) Pause Young (Allocation Failure) 1258M->991M(1764M) 5.778ms
[142.369s][info][gc,cpu         ] GC(534) User=0.00s Sys=0.00s Real=0.00s
[142.388s][info][gc,start       ] GC(535) Pause Young (Allocation Failure)
[142.394s][info][gc,heap        ] GC(535) PSYoungGen: 313732K(408064K)->43422K(394752K) Eden: 271872K(271872K)->0K(282624K) From: 41860K(136192K)->43422K(112128K)
[142.394s][info][gc,heap        ] GC(535) ParOldGen: 973704K(1398272K)->973704K(1398272K)
[142.394s][info][gc,metaspace   ] GC(535) Metaspace: 123557K(128448K)->123557K(128448K) NonClass: 105466K(106752K)->105466K(106752K) Class: 18090K(21696K)->18090K(21696K)
[142.394s][info][gc             ] GC(535) Pause Young (Allocation Failure) 1257M->993M(1751M) 6.455ms
[142.394s][info][gc,cpu         ] GC(535) User=0.00s Sys=0.00s Real=0.00s
[142.413s][info][gc,start       ] GC(536) Pause Young (Allocation Failure)
[142.419s][info][gc,heap        ] GC(536) PSYoungGen: 326046K(394752K)->54360K(401920K) Eden: 282624K(282624K)->0K(282624K) From: 43422K(112128K)->54360K(119296K)
[142.419s][info][gc,heap        ] GC(536) ParOldGen: 973704K(1398272K)->973704K(1398272K)
[142.419s][info][gc,metaspace   ] GC(536) Metaspace: 123557K(128448K)->123557K(128448K) NonClass: 105466K(106752K)->105466K(106752K) Class: 18090K(21696K)->18090K(21696K)
[142.419s][info][gc             ] GC(536) Pause Young (Allocation Failure) 1269M->1003M(1758M) 6.389ms
[142.420s][info][gc,cpu         ] GC(536) User=0.53s Sys=0.00s Real=0.02s
[142.439s][info][gc,start       ] GC(537) Pause Young (Allocation Failure)
[142.445s][info][gc,heap        ] GC(537) PSYoungGen: 336984K(401920K)->48796K(401408K) Eden: 282624K(282624K)->0K(294912K) From: 54360K(119296K)->48796K(106496K)
[142.445s][info][gc,heap        ] GC(537) ParOldGen: 973704K(1398272K)->980917K(1398272K)
[142.445s][info][gc,metaspace   ] GC(537) Metaspace: 123557K(128448K)->123557K(128448K) NonClass: 105466K(106752K)->105466K(106752K) Class: 18090K(21696K)->18090K(21696K)
[142.445s][info][gc             ] GC(537) Pause Young (Allocation Failure) 1279M->1005M(1757M) 6.703ms
[142.445s][info][gc,cpu         ] GC(537) User=0.00s Sys=0.00s Real=0.00s
[142.465s][info][gc,start       ] GC(538) Pause Young (Allocation Failure)
[142.471s][info][gc,heap        ] GC(538) PSYoungGen: 343708K(401408K)->51029K(406016K) Eden: 294912K(294912K)->0K(294912K) From: 48796K(106496K)->51029K(111104K)
[142.471s][info][gc,heap        ] GC(538) ParOldGen: 980917K(1398272K)->981861K(1398272K)
[142.471s][info][gc,metaspace   ] GC(538) Metaspace: 123557K(128448K)->123557K(128448K) NonClass: 105466K(106752K)->105466K(106752K) Class: 18090K(21696K)->18090K(21696K)
[142.471s][info][gc             ] GC(538) Pause Young (Allocation Failure) 1293M->1008M(1762M) 6.063ms
[142.471s][info][gc,cpu         ] GC(538) User=0.00s Sys=0.00s Real=0.00s
[142.491s][info][gc,start       ] GC(539) Pause Young (Allocation Failure)
[142.497s][info][gc,heap        ] GC(539) PSYoungGen: 345941K(406016K)->48670K(405504K) Eden: 294912K(294912K)->0K(307712K) From: 51029K(111104K)->48670K(97792K)
[142.497s][info][gc,heap        ] GC(539) ParOldGen: 981861K(1398272K)->982879K(1398272K)
[142.497s][info][gc,metaspace   ] GC(539) Metaspace: 123557K(128448K)->123557K(128448K) NonClass: 105466K(106752K)->105466K(106752K) Class: 18090K(21696K)->18090K(21696K)
[142.497s][info][gc             ] GC(539) Pause Young (Allocation Failure) 1296M->1007M(1761M) 6.061ms
[142.497s][info][gc,cpu         ] GC(539) User=0.00s Sys=0.00s Real=0.00s
[142.517s][info][gc,start       ] GC(540) Pause Young (Allocation Failure)
[142.523s][info][gc,heap        ] GC(540) PSYoungGen: 356382K(405504K)->48073K(410112K) Eden: 307712K(307712K)->0K(307712K) From: 48670K(97792K)->48073K(102400K)
[142.523s][info][gc,heap        ] GC(540) ParOldGen: 982879K(1398272K)->983660K(1398272K)
[142.523s][info][gc,metaspace   ] GC(540) Metaspace: 123557K(128448K)->123557K(128448K) NonClass: 105466K(106752K)->105466K(106752K) Class: 18090K(21696K)->18090K(21696K)
[142.523s][info][gc             ] GC(540) Pause Young (Allocation Failure) 1307M->1007M(1766M) 5.637ms
[142.523s][info][gc,cpu         ] GC(540) User=0.52s Sys=0.00s Real=0.02s
[142.543s][info][gc,start       ] GC(541) Pause Young (Allocation Failure)
[142.549s][info][gc,heap        ] GC(541) PSYoungGen: 355785K(410112K)->54181K(416256K) Eden: 307712K(307712K)->0K(321536K) From: 48073K(102400K)->54181K(94720K)
[142.549s][info][gc,heap        ] GC(541) ParOldGen: 983660K(1398272K)->983929K(1398272K)
[142.549s][info][gc,metaspace   ] GC(541) Metaspace: 123557K(128448K)->123557K(128448K) NonClass: 105466K(106752K)->105466K(106752K) Class: 18090K(21696K)->18090K(21696K)
[142.549s][info][gc             ] GC(541) Pause Young (Allocation Failure) 1308M->1013M(1772M) 6.089ms
[142.549s][info][gc,cpu         ] GC(541) User=0.00s Sys=0.00s Real=0.00s
[142.571s][info][gc,start       ] GC(542) Pause Young (Allocation Failure)
[142.577s][info][gc,heap        ] GC(542) PSYoungGen: 375717K(416256K)->57210K(417792K) Eden: 321536K(321536K)->0K(321536K) From: 54181K(94720K)->57210K(96256K)
[142.577s][info][gc,heap        ] GC(542) ParOldGen: 983929K(1398272K)->984039K(1398272K)
[142.577s][info][gc,metaspace   ] GC(542) Metaspace: 123557K(128448K)->123557K(128448K) NonClass: 105466K(106752K)->105466K(106752K) Class: 18090K(21696K)->18090K(21696K)
[142.577s][info][gc             ] GC(542) Pause Young (Allocation Failure) 1327M->1016M(1773M) 6.393ms
[142.577s][info][gc,cpu         ] GC(542) User=0.00s Sys=0.00s Real=0.00s
[142.612s][info][gc,start       ] GC(543) Pause Young (Allocation Failure)
[142.618s][info][gc,heap        ] GC(543) PSYoungGen: 378746K(417792K)->60399K(430080K) Eden: 321536K(321536K)->0K(334848K) From: 57210K(96256K)->60399K(95232K)
[142.618s][info][gc,heap        ] GC(543) ParOldGen: 984039K(1398272K)->984055K(1398272K)
[142.618s][info][gc,metaspace   ] GC(543) Metaspace: 123557K(128448K)->123557K(128448K) NonClass: 105466K(106752K)->105466K(106752K) Class: 18090K(21696K)->18090K(21696K)
[142.618s][info][gc             ] GC(543) Pause Young (Allocation Failure) 1330M->1019M(1785M) 5.938ms
[142.618s][info][gc,cpu         ] GC(543) User=0.00s Sys=0.00s Real=0.00s
[142.641s][info][gc,start       ] GC(544) Pause Young (Allocation Failure)
[142.649s][info][gc,heap        ] GC(544) PSYoungGen: 395247K(430080K)->75992K(430592K) Eden: 334848K(334848K)->0K(334848K) From: 60399K(95232K)->75992K(95744K)
[142.649s][info][gc,heap        ] GC(544) ParOldGen: 984055K(1398272K)->984055K(1398272K)
[142.649s][info][gc,metaspace   ] GC(544) Metaspace: 123557K(128448K)->123557K(128448K) NonClass: 105466K(106752K)->105466K(106752K) Class: 18090K(21696K)->18090K(21696K)
[142.649s][info][gc             ] GC(544) Pause Young (Allocation Failure) 1346M->1035M(1786M) 8.573ms
[142.649s][info][gc,cpu         ] GC(544) User=0.30s Sys=0.00s Real=0.02s
[142.674s][info][gc,start       ] GC(545) Pause Young (Allocation Failure)
[142.687s][info][gc,heap        ] GC(545) PSYoungGen: 410840K(430592K)->91649K(440320K) Eden: 334848K(334848K)->0K(339456K) From: 75992K(95744K)->91649K(100864K)
[142.687s][info][gc,heap        ] GC(545) ParOldGen: 984055K(1398272K)->984055K(1398272K)
[142.687s][info][gc,metaspace   ] GC(545) Metaspace: 123557K(128448K)->123557K(128448K) NonClass: 105466K(106752K)->105466K(106752K) Class: 18090K(21696K)->18090K(21696K)
[142.687s][info][gc             ] GC(545) Pause Young (Allocation Failure) 1362M->1050M(1795M) 12.303ms
[142.687s][info][gc,cpu         ] GC(545) User=0.00s Sys=0.00s Real=0.00s
[142.710s][info][gc,start       ] GC(546) Pause Young (Allocation Failure)
[142.719s][info][gc,heap        ] GC(546) PSYoungGen: 431105K(440320K)->91649K(450560K) Eden: 339456K(339456K)->0K(339456K) From: 91649K(100864K)->91649K(111104K)
[142.719s][info][gc,heap        ] GC(546) ParOldGen: 984055K(1398272K)->984063K(1398272K)
[142.719s][info][gc,metaspace   ] GC(546) Metaspace: 123557K(128448K)->123557K(128448K) NonClass: 105466K(106752K)->105466K(106752K) Class: 18090K(21696K)->18090K(21696K)
[142.719s][info][gc             ] GC(546) Pause Young (Allocation Failure) 1381M->1050M(1805M) 8.921ms
[142.719s][info][gc,cpu         ] GC(546) User=0.00s Sys=0.00s Real=0.00s
[142.742s][info][gc,start       ] GC(547) Pause Young (Allocation Failure)
[142.754s][info][gc,heap        ] GC(547) PSYoungGen: 431105K(450560K)->102949K(464896K) Eden: 339456K(339456K)->0K(346112K) From: 91649K(111104K)->102949K(118784K)
[142.754s][info][gc,heap        ] GC(547) ParOldGen: 984063K(1398272K)->984063K(1398272K)
[142.755s][info][gc,metaspace   ] GC(547) Metaspace: 123557K(128448K)->123557K(128448K) NonClass: 105466K(106752K)->105466K(106752K) Class: 18090K(21696K)->18090K(21696K)
[142.755s][info][gc             ] GC(547) Pause Young (Allocation Failure) 1382M->1061M(1819M) 12.174ms
[142.755s][info][gc,cpu         ] GC(547) User=0.05s Sys=0.05s Real=0.01s
[142.786s][info][gc,start       ] GC(548) Pause Young (Allocation Failure)
[142.796s][info][gc,heap        ] GC(548) PSYoungGen: 449061K(464896K)->106114K(475648K) Eden: 346112K(346112K)->0K(346112K) From: 102949K(118784K)->106114K(129536K)
[142.797s][info][gc,heap        ] GC(548) ParOldGen: 984063K(1398272K)->984063K(1398272K)
[142.797s][info][gc,metaspace   ] GC(548) Metaspace: 123557K(128448K)->123557K(128448K) NonClass: 105466K(106752K)->105466K(106752K) Class: 18090K(21696K)->18090K(21696K)
[142.797s][info][gc             ] GC(548) Pause Young (Allocation Failure) 1399M->1064M(1830M) 10.445ms
[142.797s][info][gc,cpu         ] GC(548) User=0.00s Sys=0.00s Real=0.00s
[142.821s][info][gc,start       ] GC(549) Pause Young (Allocation Failure)
[142.837s][info][gc,heap        ] GC(549) PSYoungGen: 452226K(475648K)->113735K(493568K) Eden: 346112K(346112K)->0K(354816K) From: 106114K(129536K)->113735K(138752K)
[142.837s][info][gc,heap        ] GC(549) ParOldGen: 984063K(1398272K)->984063K(1398272K)
[142.837s][info][gc,metaspace   ] GC(549) Metaspace: 123557K(128448K)->123557K(128448K) NonClass: 105466K(106752K)->105466K(106752K) Class: 18090K(21696K)->18090K(21696K)
[142.837s][info][gc             ] GC(549) Pause Young (Allocation Failure) 1402M->1072M(1847M) 16.188ms
[142.837s][info][gc,cpu         ] GC(549) User=0.02s Sys=0.11s Real=0.02s
[142.861s][info][gc,start       ] GC(550) Pause Young (Allocation Failure)
[142.872s][info][gc,heap        ] GC(550) PSYoungGen: 468551K(493568K)->117691K(503296K) Eden: 354816K(354816K)->0K(354816K) From: 113735K(138752K)->117691K(148480K)
[142.872s][info][gc,heap        ] GC(550) ParOldGen: 984063K(1398272K)->984063K(1398272K)
[142.872s][info][gc,metaspace   ] GC(550) Metaspace: 123557K(128448K)->123557K(128448K) NonClass: 105466K(106752K)->105466K(106752K) Class: 18090K(21696K)->18090K(21696K)
[142.872s][info][gc             ] GC(550) Pause Young (Allocation Failure) 1418M->1075M(1857M) 11.207ms
[142.872s][info][gc,cpu         ] GC(550) User=0.36s Sys=0.00s Real=0.02s
[142.896s][info][gc,start       ] GC(551) Pause Young (Allocation Failure)
[142.912s][info][gc,heap        ] GC(551) PSYoungGen: 472507K(503296K)->124384K(521728K) Eden: 354816K(354816K)->0K(364032K) From: 117691K(148480K)->124384K(157696K)
[142.912s][info][gc,heap        ] GC(551) ParOldGen: 984063K(1398272K)->984063K(1398272K)
[142.912s][info][gc,metaspace   ] GC(551) Metaspace: 123557K(128448K)->123557K(128448K) NonClass: 105466K(106752K)->105466K(106752K) Class: 18090K(21696K)->18090K(21696K)
[142.912s][info][gc             ] GC(551) Pause Young (Allocation Failure) 1422M->1082M(1875M) 15.821ms
[142.912s][info][gc,cpu         ] GC(551) User=0.39s Sys=0.11s Real=0.02s
[142.938s][info][gc,start       ] GC(552) Pause Young (Allocation Failure)
[142.951s][info][gc,heap        ] GC(552) PSYoungGen: 488416K(521728K)->138414K(502784K) Eden: 364032K(364032K)->0K(364032K) From: 124384K(157696K)->138414K(138752K)
[142.951s][info][gc,heap        ] GC(552) ParOldGen: 984063K(1398272K)->984063K(1398272K)
[142.951s][info][gc,metaspace   ] GC(552) Metaspace: 123558K(128448K)->123558K(128448K) NonClass: 105468K(106752K)->105468K(106752K) Class: 18090K(21696K)->18090K(21696K)
[142.951s][info][gc             ] GC(552) Pause Young (Allocation Failure) 1437M->1096M(1856M) 12.768ms
[142.951s][info][gc,cpu         ] GC(552) User=0.00s Sys=0.00s Real=0.00s
[142.976s][info][gc,start       ] GC(553) Pause Young (Allocation Failure)
[142.989s][info][gc,heap        ] GC(553) PSYoungGen: 502446K(502784K)->136411K(500736K) Eden: 364032K(364032K)->0K(321024K) From: 138414K(138752K)->136411K(179712K)
[142.989s][info][gc,heap        ] GC(553) ParOldGen: 984063K(1398272K)->984063K(1398272K)
[142.989s][info][gc,metaspace   ] GC(553) Metaspace: 123558K(128448K)->123558K(128448K) NonClass: 105468K(106752K)->105468K(106752K) Class: 18090K(21696K)->18090K(21696K)
[142.989s][info][gc             ] GC(553) Pause Young (Allocation Failure) 1451M->1094M(1854M) 13.133ms
[142.989s][info][gc,cpu         ] GC(553) User=0.44s Sys=0.00s Real=0.01s
[143.010s][info][gc,start       ] GC(554) Pause Young (Allocation Failure)
[143.024s][info][gc,heap        ] GC(554) PSYoungGen: 457435K(500736K)->139219K(460288K) Eden: 321024K(321024K)->0K(321024K) From: 136411K(179712K)->139219K(139264K)
[143.024s][info][gc,heap        ] GC(554) ParOldGen: 984063K(1398272K)->984063K(1398272K)
[143.024s][info][gc,metaspace   ] GC(554) Metaspace: 123558K(128448K)->123558K(128448K) NonClass: 105468K(106752K)->105468K(106752K) Class: 18090K(21696K)->18090K(21696K)
[143.024s][info][gc             ] GC(554) Pause Young (Allocation Failure) 1407M->1096M(1815M) 14.230ms
[143.024s][info][gc,cpu         ] GC(554) User=0.48s Sys=0.00s Real=0.02s
[143.045s][info][gc,start       ] GC(555) Pause Young (Allocation Failure)
[143.059s][info][gc,heap        ] GC(555) PSYoungGen: 460243K(460288K)->142544K(487936K) Eden: 321024K(321024K)->0K(291328K) From: 139219K(139264K)->142544K(196608K)
[143.059s][info][gc,heap        ] GC(555) ParOldGen: 984063K(1398272K)->984063K(1398272K)
[143.059s][info][gc,metaspace   ] GC(555) Metaspace: 123558K(128448K)->123558K(128448K) NonClass: 105468K(106752K)->105468K(106752K) Class: 18090K(21696K)->18090K(21696K)
[143.059s][info][gc             ] GC(555) Pause Young (Allocation Failure) 1410M->1100M(1842M) 13.680ms
[143.059s][info][gc,cpu         ] GC(555) User=0.41s Sys=0.00s Real=0.02s
[143.078s][info][gc,start       ] GC(556) Pause Young (Allocation Failure)
[143.092s][info][gc,heap        ] GC(556) PSYoungGen: 433872K(487936K)->151579K(443392K) Eden: 291328K(291328K)->0K(291328K) From: 142544K(196608K)->151579K(152064K)
[143.092s][info][gc,heap        ] GC(556) ParOldGen: 984063K(1398272K)->984063K(1398272K)
[143.092s][info][gc,metaspace   ] GC(556) Metaspace: 123558K(128448K)->123558K(128448K) NonClass: 105468K(106752K)->105468K(106752K) Class: 18090K(21696K)->18090K(21696K)
[143.092s][info][gc             ] GC(556) Pause Young (Allocation Failure) 1384M->1109M(1798M) 14.223ms
[143.092s][info][gc,cpu         ] GC(556) User=0.52s Sys=0.00s Real=0.02s
[143.111s][info][gc,start       ] GC(557) Pause Young (Allocation Failure)
[143.126s][info][gc,heap        ] GC(557) PSYoungGen: 442907K(443392K)->153955K(472576K) Eden: 291328K(291328K)->0K(260608K) From: 151579K(152064K)->153955K(211968K)
[143.126s][info][gc,heap        ] GC(557) ParOldGen: 984063K(1398272K)->984063K(1398272K)
[143.126s][info][gc,metaspace   ] GC(557) Metaspace: 123558K(128448K)->123558K(128448K) NonClass: 105468K(106752K)->105468K(106752K) Class: 18090K(21696K)->18090K(21696K)
[143.126s][info][gc             ] GC(557) Pause Young (Allocation Failure) 1393M->1111M(1827M) 14.474ms
[143.126s][info][gc,cpu         ] GC(557) User=0.52s Sys=0.00s Real=0.02s
[143.143s][info][gc,start       ] GC(558) Pause Young (Allocation Failure)
[143.158s][info][gc,heap        ] GC(558) PSYoungGen: 414563K(472576K)->159430K(420352K) Eden: 260608K(260608K)->0K(260608K) From: 153955K(211968K)->159430K(159744K)
[143.158s][info][gc,heap        ] GC(558) ParOldGen: 984063K(1398272K)->984063K(1398272K)
[143.158s][info][gc,metaspace   ] GC(558) Metaspace: 123558K(128448K)->123558K(128448K) NonClass: 105468K(106752K)->105468K(106752K) Class: 18090K(21696K)->18090K(21696K)
[143.158s][info][gc             ] GC(558) Pause Young (Allocation Failure) 1365M->1116M(1776M) 15.696ms
[143.159s][info][gc,cpu         ] GC(558) User=0.52s Sys=0.00s Real=0.02s
[143.176s][info][gc,start       ] GC(559) Pause Young (Allocation Failure)
[143.191s][info][gc,heap        ] GC(559) PSYoungGen: 420038K(420352K)->159315K(462336K) Eden: 260608K(260608K)->0K(236032K) From: 159430K(159744K)->159315K(226304K)
[143.191s][info][gc,heap        ] GC(559) ParOldGen: 984063K(1398272K)->984063K(1398272K)
[143.191s][info][gc,metaspace   ] GC(559) Metaspace: 123558K(128448K)->123558K(128448K) NonClass: 105468K(106752K)->105468K(106752K) Class: 18090K(21696K)->18090K(21696K)
[143.191s][info][gc             ] GC(559) Pause Young (Allocation Failure) 1371M->1116M(1817M) 15.234ms
[143.191s][info][gc,cpu         ] GC(559) User=0.52s Sys=0.00s Real=0.01s
[143.206s][info][gc,start       ] GC(560) Pause Young (Allocation Failure)
[143.222s][info][gc,heap        ] GC(560) PSYoungGen: 395347K(462336K)->160909K(397312K) Eden: 236032K(236032K)->0K(236032K) From: 159315K(226304K)->160909K(161280K)
[143.222s][info][gc,heap        ] GC(560) ParOldGen: 984063K(1398272K)->984063K(1398272K)
[143.222s][info][gc,metaspace   ] GC(560) Metaspace: 123558K(128448K)->123558K(128448K) NonClass: 105468K(106752K)->105468K(106752K) Class: 18090K(21696K)->18090K(21696K)
[143.222s][info][gc             ] GC(560) Pause Young (Allocation Failure) 1347M->1118M(1753M) 15.479ms
[143.222s][info][gc,cpu         ] GC(560) User=0.52s Sys=0.00s Real=0.02s
[143.237s][info][gc,start       ] GC(561) Pause Young (Allocation Failure)
[143.253s][info][gc,heap        ] GC(561) PSYoungGen: 396941K(397312K)->154360K(465920K) Eden: 236032K(236032K)->0K(232960K) From: 160909K(161280K)->154360K(232960K)
[143.253s][info][gc,heap        ] GC(561) ParOldGen: 984063K(1398272K)->992352K(1398272K)
[143.253s][info][gc,metaspace   ] GC(561) Metaspace: 123558K(128448K)->123558K(128448K) NonClass: 105468K(106752K)->105468K(106752K) Class: 18090K(21696K)->18090K(21696K)
[143.253s][info][gc             ] GC(561) Pause Young (Allocation Failure) 1348M->1119M(1820M) 15.879ms
[143.253s][info][gc,cpu         ] GC(561) User=0.52s Sys=0.00s Real=0.02s
[143.268s][info][gc,start       ] GC(562) Pause Young (Allocation Failure)
[143.284s][info][gc,heap        ] GC(562) PSYoungGen: 387320K(465920K)->133324K(366592K) Eden: 232960K(232960K)->0K(232960K) From: 154360K(232960K)->133324K(133632K)
[143.284s][info][gc,heap        ] GC(562) ParOldGen: 992352K(1398272K)->1021335K(1398272K)
[143.284s][info][gc,metaspace   ] GC(562) Metaspace: 123558K(128448K)->123558K(128448K) NonClass: 105468K(106752K)->105468K(106752K) Class: 18090K(21696K)->18090K(21696K)
[143.284s][info][gc             ] GC(562) Pause Young (Allocation Failure) 1347M->1127M(1723M) 15.969ms
[143.284s][info][gc,cpu         ] GC(562) User=0.52s Sys=0.00s Real=0.02s
[143.299s][info][gc,start       ] GC(563) Pause Young (Allocation Failure)
[143.312s][info][gc,heap        ] GC(563) PSYoungGen: 366284K(366592K)->133235K(467968K) Eden: 232960K(232960K)->0K(241152K) From: 133324K(133632K)->133235K(226816K)
[143.312s][info][gc,heap        ] GC(563) ParOldGen: 1021335K(1398272K)->1021335K(1398272K)
[143.312s][info][gc,metaspace   ] GC(563) Metaspace: 123558K(128448K)->123558K(128448K) NonClass: 105468K(106752K)->105468K(106752K) Class: 18090K(21696K)->18090K(21696K)
[143.312s][info][gc             ] GC(563) Pause Young (Allocation Failure) 1355M->1127M(1822M) 12.479ms
[143.312s][info][gc,cpu         ] GC(563) User=0.52s Sys=0.00s Real=0.02s
[143.328s][info][gc,start       ] GC(564) Pause Young (Allocation Failure)
[143.341s][info][gc,heap        ] GC(564) PSYoungGen: 374387K(467968K)->136334K(459776K) Eden: 241152K(241152K)->0K(241152K) From: 133235K(226816K)->136334K(218624K)
[143.341s][info][gc,heap        ] GC(564) ParOldGen: 1021335K(1398272K)->1021335K(1398272K)
[143.341s][info][gc,metaspace   ] GC(564) Metaspace: 123558K(128448K)->123558K(128448K) NonClass: 105468K(106752K)->105468K(106752K) Class: 18090K(21696K)->18090K(21696K)
[143.341s][info][gc             ] GC(564) Pause Young (Allocation Failure) 1363M->1130M(1814M) 13.400ms
[143.341s][info][gc,cpu         ] GC(564) User=0.52s Sys=0.00s Real=0.01s
[143.357s][info][gc,start       ] GC(565) Pause Young (Allocation Failure)
[143.370s][info][gc,heap        ] GC(565) PSYoungGen: 377486K(459776K)->114166K(470528K) Eden: 241152K(241152K)->0K(259072K) From: 136334K(218624K)->114166K(211456K)
[143.370s][info][gc,heap        ] GC(565) ParOldGen: 1021335K(1398272K)->1042132K(1398272K)
[143.370s][info][gc,metaspace   ] GC(565) Metaspace: 123558K(128448K)->123558K(128448K) NonClass: 105468K(106752K)->105468K(106752K) Class: 18090K(21696K)->18090K(21696K)
[143.370s][info][gc             ] GC(565) Pause Young (Allocation Failure) 1366M->1129M(1825M) 13.156ms
[143.370s][info][gc,cpu         ] GC(565) User=0.52s Sys=0.00s Real=0.02s
[143.387s][info][gc,start       ] GC(566) Pause Young (Allocation Failure)
[143.397s][info][gc,heap        ] GC(566) PSYoungGen: 373238K(470528K)->77173K(465920K) Eden: 259072K(259072K)->0K(259072K) From: 114166K(211456K)->77173K(206848K)
[143.397s][info][gc,heap        ] GC(566) ParOldGen: 1042132K(1398272K)->1079287K(1398272K)
[143.397s][info][gc,metaspace   ] GC(566) Metaspace: 123558K(128448K)->123558K(128448K) NonClass: 105468K(106752K)->105468K(106752K) Class: 18090K(21696K)->18090K(21696K)
[143.397s][info][gc             ] GC(566) Pause Young (Allocation Failure) 1382M->1129M(1820M) 10.176ms
[143.397s][info][gc,cpu         ] GC(566) User=0.00s Sys=0.00s Real=0.00s
[143.414s][info][gc,start       ] GC(567) Pause Young (Allocation Failure)
[143.423s][info][gc,heap        ] GC(567) PSYoungGen: 336245K(465920K)->72914K(488448K) Eden: 259072K(259072K)->0K(280576K) From: 77173K(206848K)->72914K(207872K)
[143.423s][info][gc,heap        ] GC(567) ParOldGen: 1079287K(1398272K)->1096193K(1398272K)
[143.423s][info][gc,metaspace   ] GC(567) Metaspace: 123558K(128448K)->123558K(128448K) NonClass: 105468K(106752K)->105468K(106752K) Class: 18090K(21696K)->18090K(21696K)
[143.423s][info][gc             ] GC(567) Pause Young (Allocation Failure) 1382M->1141M(1842M) 9.244ms
[143.423s][info][gc,cpu         ] GC(567) User=0.00s Sys=0.00s Real=0.00s
[143.442s][info][gc,start       ] GC(568) Pause Young (Allocation Failure)
[143.450s][info][gc,heap        ] GC(568) PSYoungGen: 353490K(488448K)->60693K(488448K) Eden: 280576K(280576K)->0K(280576K) From: 72914K(207872K)->60693K(207872K)
[143.450s][info][gc,heap        ] GC(568) ParOldGen: 1096193K(1398272K)->1108798K(1398272K)
[143.450s][info][gc,metaspace   ] GC(568) Metaspace: 123558K(128448K)->123558K(128448K) NonClass: 105468K(106752K)->105468K(106752K) Class: 18090K(21696K)->18090K(21696K)
[143.450s][info][gc             ] GC(568) Pause Young (Allocation Failure) 1415M->1142M(1842M) 8.064ms
[143.450s][info][gc,cpu         ] GC(568) User=0.31s Sys=0.00s Real=0.02s
[143.475s][info][gc,start       ] GC(569) Pause Young (Allocation Failure)
[143.483s][info][gc,heap        ] GC(569) PSYoungGen: 341269K(488448K)->76079K(484352K) Eden: 280576K(280576K)->0K(282624K) From: 60693K(207872K)->76079K(201728K)
[143.483s][info][gc,heap        ] GC(569) ParOldGen: 1108798K(1398272K)->1108940K(1398272K)
[143.483s][info][gc,metaspace   ] GC(569) Metaspace: 123558K(128448K)->123558K(128448K) NonClass: 105468K(106752K)->105468K(106752K) Class: 18090K(21696K)->18090K(21696K)
[143.483s][info][gc             ] GC(569) Pause Young (Allocation Failure) 1416M->1157M(1838M) 7.838ms
[143.483s][info][gc,cpu         ] GC(569) User=0.00s Sys=0.00s Real=0.00s
[143.502s][info][gc,start       ] GC(570) Pause Young (Allocation Failure)
[143.510s][info][gc,heap        ] GC(570) PSYoungGen: 358703K(484352K)->72954K(487424K) Eden: 282624K(282624K)->0K(282624K) From: 76079K(201728K)->72954K(204800K)
[143.510s][info][gc,heap        ] GC(570) ParOldGen: 1108940K(1398272K)->1108940K(1398272K)
[143.510s][info][gc,metaspace   ] GC(570) Metaspace: 123558K(128448K)->123558K(128448K) NonClass: 105468K(106752K)->105468K(106752K) Class: 18090K(21696K)->18090K(21696K)
[143.510s][info][gc             ] GC(570) Pause Young (Allocation Failure) 1433M->1154M(1841M) 7.649ms
[143.510s][info][gc,cpu         ] GC(570) User=0.23s Sys=0.00s Real=0.01s
[143.530s][info][gc,start       ] GC(571) Pause Young (Allocation Failure)
[143.538s][info][gc,heap        ] GC(571) PSYoungGen: 355578K(487424K)->79204K(484352K) Eden: 282624K(282624K)->0K(292864K) From: 72954K(204800K)->79204K(191488K)
[143.538s][info][gc,heap        ] GC(571) ParOldGen: 1108940K(1398272K)->1108940K(1398272K)
[143.538s][info][gc,metaspace   ] GC(571) Metaspace: 123558K(128448K)->123558K(128448K) NonClass: 105468K(106752K)->105468K(106752K) Class: 18090K(21696K)->18090K(21696K)
[143.538s][info][gc             ] GC(571) Pause Young (Allocation Failure) 1430M->1160M(1838M) 8.184ms
[143.538s][info][gc,cpu         ] GC(571) User=0.00s Sys=0.00s Real=0.01s
[143.570s][info][gc,start       ] GC(572) Pause Young (Allocation Failure)
[143.578s][info][gc,heap        ] GC(572) PSYoungGen: 372068K(484352K)->91728K(488960K) Eden: 292864K(292864K)->0K(292864K) From: 79204K(191488K)->91728K(196096K)
[143.578s][info][gc,heap        ] GC(572) ParOldGen: 1108940K(1398272K)->1108940K(1398272K)
[143.578s][info][gc,metaspace   ] GC(572) Metaspace: 123558K(128448K)->123558K(128448K) NonClass: 105468K(106752K)->105468K(106752K) Class: 18090K(21696K)->18090K(21696K)
[143.578s][info][gc             ] GC(572) Pause Young (Allocation Failure) 1446M->1172M(1843M) 8.695ms
[143.578s][info][gc,cpu         ] GC(572) User=0.00s Sys=0.00s Real=0.00s
[143.599s][info][gc,start       ] GC(573) Pause Young (Allocation Failure)
[143.610s][info][gc,heap        ] GC(573) PSYoungGen: 384592K(488960K)->107152K(486400K) Eden: 292864K(292864K)->0K(310784K) From: 91728K(196096K)->107152K(175616K)
[143.610s][info][gc,heap        ] GC(573) ParOldGen: 1108940K(1398272K)->1108940K(1398272K)
[143.610s][info][gc,metaspace   ] GC(573) Metaspace: 123558K(128448K)->123558K(128448K) NonClass: 105468K(106752K)->105468K(106752K) Class: 18090K(21696K)->18090K(21696K)
[143.610s][info][gc             ] GC(573) Pause Young (Allocation Failure) 1458M->1187M(1840M) 10.744ms
[143.610s][info][gc,cpu         ] GC(573) User=0.31s Sys=0.00s Real=0.02s
[143.645s][info][gc,start       ] GC(574) Pause Young (Allocation Failure)
[143.655s][info][gc,heap        ] GC(574) PSYoungGen: 417936K(486400K)->106256K(492544K) Eden: 310784K(310784K)->0K(310784K) From: 107152K(175616K)->106256K(181760K)
[143.655s][info][gc,heap        ] GC(574) ParOldGen: 1108940K(1398272K)->1108940K(1398272K)
[143.655s][info][gc,metaspace   ] GC(574) Metaspace: 123559K(128448K)->123559K(128448K) NonClass: 105469K(106752K)->105469K(106752K) Class: 18090K(21696K)->18090K(21696K)
[143.655s][info][gc             ] GC(574) Pause Young (Allocation Failure) 1491M->1186M(1846M) 10.241ms
[143.655s][info][gc,cpu         ] GC(574) User=0.00s Sys=0.00s Real=0.00s
[143.677s][info][gc,start       ] GC(575) Pause Young (Allocation Failure)
[143.686s][info][gc,heap        ] GC(575) PSYoungGen: 417040K(492544K)->111742K(498176K) Eden: 310784K(310784K)->0K(329216K) From: 106256K(181760K)->111742K(168960K)
[143.686s][info][gc,heap        ] GC(575) ParOldGen: 1108940K(1398272K)->1108940K(1398272K)
[143.686s][info][gc,metaspace   ] GC(575) Metaspace: 123559K(128448K)->123559K(128448K) NonClass: 105469K(106752K)->105469K(106752K) Class: 18090K(21696K)->18090K(21696K)
[143.686s][info][gc             ] GC(575) Pause Young (Allocation Failure) 1490M->1192M(1852M) 9.719ms
[143.686s][info][gc,cpu         ] GC(575) User=0.00s Sys=0.00s Real=0.00s
[143.709s][info][gc,start       ] GC(576) Pause Young (Allocation Failure)
[143.719s][info][gc,heap        ] GC(576) PSYoungGen: 440958K(498176K)->113225K(501248K) Eden: 329216K(329216K)->0K(329216K) From: 111742K(168960K)->113225K(172032K)
[143.719s][info][gc,heap        ] GC(576) ParOldGen: 1108940K(1398272K)->1108940K(1398272K)
[143.719s][info][gc,metaspace   ] GC(576) Metaspace: 123559K(128448K)->123559K(128448K) NonClass: 105469K(106752K)->105469K(106752K) Class: 18090K(21696K)->18090K(21696K)
[143.719s][info][gc             ] GC(576) Pause Young (Allocation Failure) 1513M->1193M(1855M) 9.352ms
[143.719s][info][gc,cpu         ] GC(576) User=0.11s Sys=0.00s Real=0.02s
[143.756s][info][gc,start       ] GC(577) Pause Young (Allocation Failure)
[143.768s][info][gc,heap        ] GC(577) PSYoungGen: 442441K(501248K)->124791K(515072K) Eden: 329216K(329216K)->0K(346624K) From: 113225K(172032K)->124791K(168448K)
[143.768s][info][gc,heap        ] GC(577) ParOldGen: 1108940K(1398272K)->1108940K(1398272K)
[143.768s][info][gc,metaspace   ] GC(577) Metaspace: 123559K(128448K)->123559K(128448K) NonClass: 105469K(106752K)->105469K(106752K) Class: 18090K(21696K)->18090K(21696K)
[143.768s][info][gc             ] GC(577) Pause Young (Allocation Failure) 1515M->1204M(1868M) 11.534ms
[143.768s][info][gc,cpu         ] GC(577) User=0.00s Sys=0.00s Real=0.00s
[143.794s][info][gc,start       ] GC(578) Pause Young (Allocation Failure)
[143.807s][info][gc,heap        ] GC(578) PSYoungGen: 471415K(515072K)->139461K(516608K) Eden: 346624K(346624K)->0K(346624K) From: 124791K(168448K)->139461K(169984K)
[143.807s][info][gc,heap        ] GC(578) ParOldGen: 1108940K(1398272K)->1108948K(1398272K)
[143.807s][info][gc,metaspace   ] GC(578) Metaspace: 123559K(128448K)->123559K(128448K) NonClass: 105469K(106752K)->105469K(106752K) Class: 18090K(21696K)->18090K(21696K)
[143.807s][info][gc             ] GC(578) Pause Young (Allocation Failure) 1543M->1219M(1870M) 12.967ms
[143.807s][info][gc,cpu         ] GC(578) User=0.05s Sys=0.00s Real=0.02s
[143.832s][info][gc,start       ] GC(579) Pause Young (Allocation Failure)
[143.847s][info][gc,heap        ] GC(579) PSYoungGen: 486085K(516608K)->142219K(512000K) Eden: 346624K(346624K)->0K(336384K) From: 139461K(169984K)->142219K(175616K)
[143.847s][info][gc,heap        ] GC(579) ParOldGen: 1108948K(1398272K)->1108956K(1398272K)
[143.847s][info][gc,metaspace   ] GC(579) Metaspace: 123559K(128448K)->123559K(128448K) NonClass: 105469K(106752K)->105469K(106752K) Class: 18090K(21696K)->18090K(21696K)
[143.847s][info][gc             ] GC(579) Pause Young (Allocation Failure) 1557M->1221M(1865M) 14.571ms
[143.847s][info][gc,cpu         ] GC(579) User=0.03s Sys=0.00s Real=0.02s
[143.869s][info][gc,start       ] GC(580) Pause Young (Allocation Failure)
[143.882s][info][gc,heap        ] GC(580) PSYoungGen: 478603K(512000K)->153888K(490496K) Eden: 336384K(336384K)->0K(336384K) From: 142219K(175616K)->153888K(154112K)
[143.882s][info][gc,heap        ] GC(580) ParOldGen: 1108956K(1398272K)->1108956K(1398272K)
[143.882s][info][gc,metaspace   ] GC(580) Metaspace: 123559K(128448K)->123559K(128448K) NonClass: 105469K(106752K)->105469K(106752K) Class: 18090K(21696K)->18090K(21696K)
[143.882s][info][gc             ] GC(580) Pause Young (Allocation Failure) 1550M->1233M(1844M) 13.634ms
[143.882s][info][gc,cpu         ] GC(580) User=0.38s Sys=0.00s Real=0.02s
[143.903s][info][gc,start       ] GC(581) Pause Young (Allocation Failure)
[143.921s][info][gc,heap        ] GC(581) PSYoungGen: 490272K(490496K)->163165K(488960K) Eden: 336384K(336384K)->0K(299520K) From: 153888K(154112K)->163165K(189440K)
[143.921s][info][gc,heap        ] GC(581) ParOldGen: 1108956K(1398272K)->1108988K(1398272K)
[143.921s][info][gc,metaspace   ] GC(581) Metaspace: 123560K(128448K)->123560K(128448K) NonClass: 105470K(106752K)->105470K(106752K) Class: 18090K(21696K)->18090K(21696K)
[143.921s][info][gc             ] GC(581) Pause Young (Allocation Failure) 1561M->1242M(1843M) 18.351ms
[143.921s][info][gc,cpu         ] GC(581) User=0.03s Sys=0.02s Real=0.02s
[143.938s][info][gc,start       ] GC(582) Pause Young (Allocation Failure)
[143.954s][info][gc,heap        ] GC(582) PSYoungGen: 462685K(488960K)->173013K(472576K) Eden: 299520K(299520K)->0K(299520K) From: 163165K(189440K)->173013K(173056K)
[143.954s][info][gc,heap        ] GC(582) ParOldGen: 1108988K(1398272K)->1109028K(1398272K)
[143.954s][info][gc,metaspace   ] GC(582) Metaspace: 123560K(128448K)->123560K(128448K) NonClass: 105470K(106752K)->105470K(106752K) Class: 18090K(21696K)->18090K(21696K)
[143.954s][info][gc             ] GC(582) Pause Young (Allocation Failure) 1534M->1251M(1827M) 16.167ms
[143.954s][info][gc,cpu         ] GC(582) User=0.36s Sys=0.00s Real=0.02s
[143.972s][info][gc,start       ] GC(583) Pause Young (Allocation Failure)
[143.989s][info][gc,heap        ] GC(583) PSYoungGen: 472533K(472576K)->188151K(459264K) Eden: 299520K(299520K)->0K(248320K) From: 173013K(173056K)->188151K(210944K)
[143.989s][info][gc,heap        ] GC(583) ParOldGen: 1109028K(1398272K)->1109131K(1398272K)
[143.989s][info][gc,metaspace   ] GC(583) Metaspace: 123561K(128448K)->123561K(128448K) NonClass: 105471K(106752K)->105471K(106752K) Class: 18090K(21696K)->18090K(21696K)
[143.989s][info][gc             ] GC(583) Pause Young (Allocation Failure) 1544M->1266M(1814M) 17.617ms
[143.989s][info][gc,cpu         ] GC(583) User=0.23s Sys=0.02s Real=0.02s
[144.006s][info][gc,start       ] GC(584) Pause Young (Allocation Failure)
[144.026s][info][gc,heap        ] GC(584) PSYoungGen: 436471K(459264K)->201273K(450048K) Eden: 248320K(248320K)->0K(248320K) From: 188151K(210944K)->201273K(201728K)
[144.026s][info][gc,heap        ] GC(584) ParOldGen: 1109131K(1398272K)->1109163K(1398272K)
[144.026s][info][gc,metaspace   ] GC(584) Metaspace: 123563K(128448K)->123563K(128448K) NonClass: 105473K(106752K)->105473K(106752K) Class: 18090K(21696K)->18090K(21696K)
[144.026s][info][gc             ] GC(584) Pause Young (Allocation Failure) 1509M->1279M(1805M) 19.192ms
[144.026s][info][gc,cpu         ] GC(584) User=0.53s Sys=0.00s Real=0.02s
[144.041s][info][gc,start       ] GC(585) Pause Young (Allocation Failure)
[144.064s][info][gc,heap        ] GC(585) PSYoungGen: 446638K(450048K)->221200K(465920K) Eden: 245365K(248320K)->0K(232960K) From: 201273K(201728K)->221200K(232960K)
[144.064s][info][gc,heap        ] GC(585) ParOldGen: 1109163K(1398272K)->1109195K(1398272K)
[144.064s][info][gc,metaspace   ] GC(585) Metaspace: 123564K(128448K)->123564K(128448K) NonClass: 105474K(106752K)->105474K(106752K) Class: 18090K(21696K)->18090K(21696K)
[144.064s][info][gc             ] GC(585) Pause Young (Allocation Failure) 1519M->1299M(1820M) 22.909ms
[144.064s][info][gc,cpu         ] GC(585) User=0.52s Sys=0.00s Real=0.02s
[144.079s][info][gc,start       ] GC(586) Pause Young (Allocation Failure)
[144.101s][info][gc,heap        ] GC(586) PSYoungGen: 454160K(465920K)->213984K(465920K) Eden: 232960K(232960K)->0K(232960K) From: 221200K(232960K)->213984K(232960K)
[144.101s][info][gc,heap        ] GC(586) ParOldGen: 1109195K(1398272K)->1121617K(1398272K)
[144.101s][info][gc,metaspace   ] GC(586) Metaspace: 123568K(128448K)->123568K(128448K) NonClass: 105478K(106752K)->105478K(106752K) Class: 18090K(21696K)->18090K(21696K)
[144.101s][info][gc             ] GC(586) Pause Young (Allocation Failure) 1526M->1304M(1820M) 21.959ms
[144.101s][info][gc,cpu         ] GC(586) User=0.52s Sys=0.00s Real=0.02s
[144.117s][info][gc,start       ] GC(587) Pause Young (Allocation Failure)
[144.136s][info][gc,heap        ] GC(587) PSYoungGen: 444308K(465920K)->169652K(465920K) Eden: 230324K(232960K)->0K(232960K) From: 213984K(232960K)->169652K(232960K)
[144.136s][info][gc,heap        ] GC(587) ParOldGen: 1121617K(1398272K)->1150473K(1398272K)
[144.136s][info][gc,metaspace   ] GC(587) Metaspace: 123574K(128448K)->123574K(128448K) NonClass: 105484K(106752K)->105484K(106752K) Class: 18090K(21696K)->18090K(21696K)
[144.136s][info][gc             ] GC(587) Pause Young (Allocation Failure) 1529M->1289M(1820M) 18.537ms
[144.136s][info][gc,cpu         ] GC(587) User=1.20s Sys=0.00s Real=0.03s
[144.150s][info][gc,start       ] GC(588) Pause Young (Allocation Failure)
[144.167s][info][gc,heap        ] GC(588) PSYoungGen: 402612K(465920K)->147355K(465920K) Eden: 232960K(232960K)->0K(232960K) From: 169652K(232960K)->147355K(232960K)
[144.167s][info][gc,heap        ] GC(588) ParOldGen: 1150473K(1398272K)->1179409K(1398272K)
[144.167s][info][gc,metaspace   ] GC(588) Metaspace: 123578K(128448K)->123578K(128448K) NonClass: 105487K(106752K)->105487K(106752K) Class: 18090K(21696K)->18090K(21696K)
[144.167s][info][gc             ] GC(588) Pause Young (Allocation Failure) 1516M->1295M(1820M) 17.074ms
[144.167s][info][gc,cpu         ] GC(588) User=0.52s Sys=0.00s Real=0.02s
[144.179s][info][gc,start       ] GC(589) Pause Young (Allocation Failure)
[144.193s][info][gc,heap        ] GC(589) PSYoungGen: 378105K(465920K)->85036K(465920K) Eden: 230750K(232960K)->0K(232960K) From: 147355K(232960K)->85036K(232960K)
[144.193s][info][gc,heap        ] GC(589) ParOldGen: 1179409K(1398272K)->1233373K(1398272K)
[144.193s][info][gc,metaspace   ] GC(589) Metaspace: 123578K(128448K)->123578K(128448K) NonClass: 105487K(106752K)->105487K(106752K) Class: 18090K(21696K)->18090K(21696K)
[144.193s][info][gc             ] GC(589) Pause Young (Allocation Failure) 1521M->1287M(1820M) 13.610ms
[144.193s][info][gc,cpu         ] GC(589) User=0.45s Sys=0.00s Real=0.02s
[144.205s][info][gc,start       ] GC(590) Pause Young (Allocation Failure)
[144.215s][info][gc,heap        ] GC(590) PSYoungGen: 317996K(465920K)->98976K(465920K) Eden: 232960K(232960K)->0K(232960K) From: 85036K(232960K)->98976K(232960K)
[144.215s][info][gc,heap        ] GC(590) ParOldGen: 1233373K(1398272K)->1234250K(1398272K)
[144.215s][info][gc,metaspace   ] GC(590) Metaspace: 123578K(128448K)->123578K(128448K) NonClass: 105487K(106752K)->105487K(106752K) Class: 18090K(21696K)->18090K(21696K)
[144.215s][info][gc             ] GC(590) Pause Young (Allocation Failure) 1515M->1301M(1820M) 10.195ms
[144.215s][info][gc,cpu         ] GC(590) User=0.00s Sys=0.00s Real=0.00s
[144.227s][info][gc,start       ] GC(591) Pause Young (Allocation Failure)
[144.238s][info][gc,heap        ] GC(591) PSYoungGen: 331936K(465920K)->105759K(465920K) Eden: 232960K(232960K)->0K(232960K) From: 98976K(232960K)->105759K(232960K)
[144.238s][info][gc,heap        ] GC(591) ParOldGen: 1234250K(1398272K)->1235570K(1398272K)
[144.238s][info][gc,metaspace   ] GC(591) Metaspace: 123578K(128448K)->123578K(128448K) NonClass: 105487K(106752K)->105487K(106752K) Class: 18090K(21696K)->18090K(21696K)
[144.238s][info][gc             ] GC(591) Pause Young (Allocation Failure) 1529M->1309M(1820M) 10.720ms
[144.238s][info][gc,cpu         ] GC(591) User=0.45s Sys=0.00s Real=0.02s
[144.250s][info][gc,start       ] GC(592) Pause Young (Allocation Failure)
[144.261s][info][gc,heap        ] GC(592) PSYoungGen: 338719K(465920K)->117235K(465920K) Eden: 232960K(232960K)->0K(232960K) From: 105759K(232960K)->117235K(232960K)
[144.261s][info][gc,heap        ] GC(592) ParOldGen: 1235570K(1398272K)->1236800K(1398272K)
[144.261s][info][gc,metaspace   ] GC(592) Metaspace: 123579K(128448K)->123579K(128448K) NonClass: 105489K(106752K)->105489K(106752K) Class: 18090K(21696K)->18090K(21696K)
[144.261s][info][gc             ] GC(592) Pause Young (Allocation Failure) 1537M->1322M(1820M) 10.861ms
[144.261s][info][gc,cpu         ] GC(592) User=0.52s Sys=0.00s Real=0.02s
[144.273s][info][gc,start       ] GC(593) Pause Young (Allocation Failure)
[144.283s][info][gc,heap        ] GC(593) PSYoungGen: 350195K(465920K)->86420K(465920K) Eden: 232960K(232960K)->0K(232960K) From: 117235K(232960K)->86420K(232960K)
[144.283s][info][gc,heap        ] GC(593) ParOldGen: 1236800K(1398272K)->1266270K(1398272K)
[144.283s][info][gc,metaspace   ] GC(593) Metaspace: 123579K(128448K)->123579K(128448K) NonClass: 105489K(106752K)->105489K(106752K) Class: 18090K(21696K)->18090K(21696K)
[144.283s][info][gc             ] GC(593) Pause Young (Allocation Failure) 1549M->1320M(1820M) 10.515ms
[144.283s][info][gc,cpu         ] GC(593) User=0.00s Sys=0.00s Real=0.00s
[144.295s][info][gc,start       ] GC(594) Pause Young (Allocation Failure)
[144.306s][info][gc,heap        ] GC(594) PSYoungGen: 319380K(465920K)->70915K(465920K) Eden: 232960K(232960K)->0K(232960K) From: 86420K(232960K)->70915K(232960K)
[144.306s][info][gc,heap        ] GC(594) ParOldGen: 1266270K(1398272K)->1303867K(1398272K)
[144.306s][info][gc,metaspace   ] GC(594) Metaspace: 123579K(128448K)->123579K(128448K) NonClass: 105489K(106752K)->105489K(106752K) Class: 18090K(21696K)->18090K(21696K)
[144.306s][info][gc             ] GC(594) Pause Young (Allocation Failure) 1548M->1342M(1820M) 10.388ms
[144.306s][info][gc,cpu         ] GC(594) User=0.44s Sys=0.00s Real=0.02s
[144.318s][info][gc,start       ] GC(595) Pause Young (Allocation Failure)
[144.325s][info][gc,heap        ] GC(595) PSYoungGen: 303875K(465920K)->63556K(465920K) Eden: 232960K(232960K)->0K(232960K) From: 70915K(232960K)->63556K(232960K)
[144.325s][info][gc,heap        ] GC(595) ParOldGen: 1303867K(1398272K)->1314583K(1398272K)
[144.325s][info][gc,metaspace   ] GC(595) Metaspace: 123580K(128448K)->123580K(128448K) NonClass: 105490K(106752K)->105490K(106752K) Class: 18090K(21696K)->18090K(21696K)
[144.325s][info][gc             ] GC(595) Pause Young (Allocation Failure) 1570M->1345M(1820M) 6.907ms
[144.325s][info][gc,cpu         ] GC(595) User=0.00s Sys=0.00s Real=0.00s
[144.337s][info][gc,start       ] GC(596) Pause Young (Allocation Failure)
[144.344s][info][gc,heap        ] GC(596) PSYoungGen: 296516K(465920K)->75928K(465920K) Eden: 232960K(232960K)->0K(232960K) From: 63556K(232960K)->75928K(232960K)
[144.344s][info][gc,heap        ] GC(596) ParOldGen: 1314583K(1398272K)->1330408K(1398272K)
[144.344s][info][gc,metaspace   ] GC(596) Metaspace: 123580K(128448K)->123580K(128448K) NonClass: 105490K(106752K)->105490K(106752K) Class: 18090K(21696K)->18090K(21696K)
[144.344s][info][gc             ] GC(596) Pause Young (Allocation Failure) 1573M->1373M(1820M) 7.457ms
[144.344s][info][gc,cpu         ] GC(596) User=0.00s Sys=0.00s Real=0.00s
[144.357s][info][gc,start       ] GC(597) Pause Young (Allocation Failure)
[144.365s][info][gc,heap        ] GC(597) PSYoungGen: 308888K(465920K)->78229K(460800K) Eden: 232960K(232960K)->0K(232960K) From: 75928K(232960K)->78229K(227840K)
[144.366s][info][gc,heap        ] GC(597) ParOldGen: 1330408K(1398272K)->1349350K(1398272K)
[144.366s][info][gc,metaspace   ] GC(597) Metaspace: 123580K(128448K)->123580K(128448K) NonClass: 105490K(106752K)->105490K(106752K) Class: 18090K(21696K)->18090K(21696K)
[144.366s][info][gc             ] GC(597) Pause Young (Allocation Failure) 1600M->1394M(1815M) 8.568ms
[144.366s][info][gc,cpu         ] GC(597) User=0.31s Sys=0.00s Real=0.02s
[144.378s][info][gc,start       ] GC(598) Pause Young (Allocation Failure)
[144.389s][info][gc,heap        ] GC(598) PSYoungGen: 308754K(460800K)->111946K(345088K) Eden: 230525K(232960K)->0K(232960K) From: 78229K(227840K)->111946K(112128K)
[144.389s][info][gc,heap        ] GC(598) ParOldGen: 1349350K(1398272K)->1349350K(1398272K)
[144.389s][info][gc,metaspace   ] GC(598) Metaspace: 123580K(128448K)->123580K(128448K) NonClass: 105490K(106752K)->105490K(106752K) Class: 18090K(21696K)->18090K(21696K)
[144.389s][info][gc             ] GC(598) Pause Young (Allocation Failure) 1619M->1427M(1702M) 11.610ms
[144.389s][info][gc,cpu         ] GC(598) User=0.00s Sys=0.00s Real=0.00s
[144.403s][info][gc,start       ] GC(599) Pause Young (Allocation Failure)
[144.415s][info][gc,heap        ] GC(599) PSYoungGen: 344906K(345088K)->127984K(463872K) Eden: 232960K(232960K)->0K(245248K) From: 111946K(112128K)->127984K(218624K)
[144.415s][info][gc,heap        ] GC(599) ParOldGen: 1349350K(1398272K)->1349350K(1398272K)
[144.415s][info][gc,metaspace   ] GC(599) Metaspace: 123580K(128448K)->123580K(128448K) NonClass: 105490K(106752K)->105490K(106752K) Class: 18090K(21696K)->18090K(21696K)
[144.415s][info][gc             ] GC(599) Pause Young (Allocation Failure) 1654M->1442M(1818M) 11.976ms
[144.415s][info][gc,cpu         ] GC(599) User=0.47s Sys=0.00s Real=0.02s
[144.427s][info][gc,start       ] GC(600) Pause Young (Allocation Failure)
[144.440s][info][gc,heap        ] GC(600) PSYoungGen: 373232K(463872K)->137804K(459264K) Eden: 245248K(245248K)->0K(245248K) From: 127984K(218624K)->137804K(214016K)
[144.440s][info][gc,heap        ] GC(600) ParOldGen: 1349350K(1398272K)->1349350K(1398272K)
[144.440s][info][gc,metaspace   ] GC(600) Metaspace: 123580K(128448K)->123580K(128448K) NonClass: 105490K(106752K)->105490K(106752K) Class: 18090K(21696K)->18090K(21696K)
[144.440s][info][gc             ] GC(600) Pause Young (Allocation Failure) 1682M->1452M(1814M) 12.793ms
[144.440s][info][gc,cpu         ] GC(600) User=0.27s Sys=0.00s Real=0.02s
[144.453s][info][gc,start       ] GC(601) Pause Young (Allocation Failure)
[144.466s][info][gc,heap        ] GC(601) PSYoungGen: 383052K(459264K)->151189K(475648K) Eden: 245248K(245248K)->0K(262656K) From: 137804K(214016K)->151189K(212992K)
[144.466s][info][gc,heap        ] GC(601) ParOldGen: 1349350K(1398272K)->1349350K(1398272K)
[144.466s][info][gc,metaspace   ] GC(601) Metaspace: 123580K(128448K)->123580K(128448K) NonClass: 105490K(106752K)->105490K(106752K) Class: 18090K(21696K)->18090K(21696K)
[144.466s][info][gc             ] GC(601) Pause Young (Allocation Failure) 1691M->1465M(1830M) 13.304ms
[144.466s][info][gc,cpu         ] GC(601) User=0.52s Sys=0.00s Real=0.02s
[144.479s][info][gc,start       ] GC(602) Pause Young (Allocation Failure)
[144.494s][info][gc,heap        ] GC(602) PSYoungGen: 413845K(475648K)->159007K(421888K) Eden: 262656K(262656K)->0K(262656K) From: 151189K(212992K)->159007K(159232K)
[144.494s][info][gc,heap        ] GC(602) ParOldGen: 1349350K(1398272K)->1349350K(1398272K)
[144.494s][info][gc,metaspace   ] GC(602) Metaspace: 123580K(128448K)->123580K(128448K) NonClass: 105490K(106752K)->105490K(106752K) Class: 18090K(21696K)->18090K(21696K)
[144.494s][info][gc             ] GC(602) Pause Young (Allocation Failure) 1721M->1473M(1777M) 14.683ms
[144.494s][info][gc,cpu         ] GC(602) User=0.52s Sys=0.00s Real=0.02s
[144.507s][info][gc,start       ] GC(603) Pause Young (Allocation Failure)
[144.523s][info][gc,heap        ] GC(603) PSYoungGen: 421663K(421888K)->167205K(464896K) Eden: 262656K(262656K)->0K(243200K) From: 159007K(159232K)->167205K(221696K)
[144.523s][info][gc,heap        ] GC(603) ParOldGen: 1349350K(1398272K)->1349350K(1398272K)
[144.523s][info][gc,metaspace   ] GC(603) Metaspace: 123580K(128448K)->123580K(128448K) NonClass: 105490K(106752K)->105490K(106752K) Class: 18090K(21696K)->18090K(21696K)
[144.523s][info][gc             ] GC(603) Pause Young (Allocation Failure) 1729M->1481M(1819M) 16.171ms
[144.523s][info][gc,cpu         ] GC(603) User=0.52s Sys=0.00s Real=0.01s
[144.534s][info][gc,start       ] GC(604) Pause Young (Allocation Failure)
[144.551s][info][gc,heap        ] GC(604) PSYoungGen: 410405K(464896K)->178155K(421376K) Eden: 243200K(243200K)->0K(243200K) From: 167205K(221696K)->178155K(178176K)
[144.551s][info][gc,heap        ] GC(604) ParOldGen: 1349350K(1398272K)->1349350K(1398272K)
[144.551s][info][gc,metaspace   ] GC(604) Metaspace: 123580K(128448K)->123580K(128448K) NonClass: 105490K(106752K)->105490K(106752K) Class: 18090K(21696K)->18090K(21696K)
[144.551s][info][gc             ] GC(604) Pause Young (Allocation Failure) 1718M->1491M(1777M) 17.067ms
[144.551s][info][gc,cpu         ] GC(604) User=0.34s Sys=0.00s Real=0.02s
[144.564s][info][gc,start       ] GC(605) Pause Young (Allocation Failure)
[144.582s][info][gc,heap        ] GC(605) PSYoungGen: 421355K(421376K)->156065K(465920K) Eden: 243200K(243200K)->0K(232960K) From: 178155K(178176K)->156065K(232960K)
[144.582s][info][gc,heap        ] GC(605) ParOldGen: 1349350K(1398272K)->1382549K(1398272K)
[144.582s][info][gc,metaspace   ] GC(605) Metaspace: 123580K(128448K)->123580K(128448K) NonClass: 105490K(106752K)->105490K(106752K) Class: 18090K(21696K)->18090K(21696K)
[144.582s][info][gc             ] GC(605) Pause Young (Allocation Failure) 1729M->1502M(1820M) 17.822ms
[144.582s][info][gc,cpu         ] GC(605) User=0.42s Sys=0.02s Real=0.02s
[144.582s][info][gc,start       ] GC(606) Pause Full (Ergonomics)
[144.582s][info][gc,phases,start] GC(606) Marking Phase
[144.617s][info][gc,phases      ] GC(606) Marking Phase 35.656ms
[144.617s][info][gc,phases,start] GC(606) Summary Phase
[144.617s][info][gc,phases      ] GC(606) Summary Phase 0.055ms
[144.617s][info][gc,phases,start] GC(606) Adjust Roots
[144.627s][info][gc,phases      ] GC(606) Adjust Roots 9.753ms
[144.627s][info][gc,phases,start] GC(606) Compaction Phase
[144.654s][info][gc,phases      ] GC(606) Compaction Phase 26.764ms
[144.654s][info][gc,phases,start] GC(606) Post Compact
[144.662s][info][gc,phases      ] GC(606) Post Compact 7.588ms
[144.662s][info][gc,heap        ] GC(606) PSYoungGen: 156065K(465920K)->0K(465920K) Eden: 0K(232960K)->0K(232960K) From: 156065K(232960K)->0K(232960K)
[144.662s][info][gc,heap        ] GC(606) ParOldGen: 1382549K(1398272K)->1289033K(1398272K)
[144.662s][info][gc,metaspace   ] GC(606) Metaspace: 123580K(128448K)->123580K(128448K) NonClass: 105490K(106752K)->105490K(106752K) Class: 18090K(21696K)->18090K(21696K)
[144.662s][info][gc             ] GC(606) Pause Full (Ergonomics) 1502M->1258M(1820M) 80.118ms
[144.662s][info][gc,cpu         ] GC(606) User=1.08s Sys=0.00s Real=0.08s
[144.675s][info][gc,start       ] GC(607) Pause Young (Allocation Failure)
[144.679s][info][gc,heap        ] GC(607) PSYoungGen: 232960K(465920K)->25992K(465920K) Eden: 232960K(232960K)->0K(232960K) From: 0K(232960K)->25992K(232960K)
[144.679s][info][gc,heap        ] GC(607) ParOldGen: 1289033K(1398272K)->1289033K(1398272K)
[144.679s][info][gc,metaspace   ] GC(607) Metaspace: 123590K(128448K)->123590K(128448K) NonClass: 105500K(106752K)->105500K(106752K) Class: 18090K(21696K)->18090K(21696K)
[144.679s][info][gc             ] GC(607) Pause Young (Allocation Failure) 1486M->1284M(1820M) 4.083ms
[144.679s][info][gc,cpu         ] GC(607) User=0.03s Sys=0.00s Real=0.02s
[144.691s][info][gc,start       ] GC(608) Pause Young (Allocation Failure)
[144.697s][info][gc,heap        ] GC(608) PSYoungGen: 258952K(465920K)->52897K(465920K) Eden: 232960K(232960K)->0K(232960K) From: 25992K(232960K)->52897K(232960K)
[144.697s][info][gc,heap        ] GC(608) ParOldGen: 1289033K(1398272K)->1289033K(1398272K)
[144.697s][info][gc,metaspace   ] GC(608) Metaspace: 123590K(128448K)->123590K(128448K) NonClass: 105500K(106752K)->105500K(106752K) Class: 18090K(21696K)->18090K(21696K)
[144.697s][info][gc             ] GC(608) Pause Young (Allocation Failure) 1511M->1310M(1820M) 6.113ms
[144.697s][info][gc,cpu         ] GC(608) User=0.08s Sys=0.00s Real=0.01s
[144.710s][info][gc,start       ] GC(609) Pause Young (Allocation Failure)
[144.719s][info][gc,heap        ] GC(609) PSYoungGen: 285857K(465920K)->95779K(465920K) Eden: 232960K(232960K)->0K(232960K) From: 52897K(232960K)->95779K(232960K)
[144.719s][info][gc,heap        ] GC(609) ParOldGen: 1289033K(1398272K)->1289033K(1398272K)
[144.719s][info][gc,metaspace   ] GC(609) Metaspace: 123590K(128448K)->123590K(128448K) NonClass: 105500K(106752K)->105500K(106752K) Class: 18090K(21696K)->18090K(21696K)
[144.719s][info][gc             ] GC(609) Pause Young (Allocation Failure) 1537M->1352M(1820M) 8.918ms
[144.719s][info][gc,cpu         ] GC(609) User=0.00s Sys=0.00s Real=0.00s
[144.732s][info][gc,start       ] GC(610) Pause Young (Allocation Failure)
[144.744s][info][gc,heap        ] GC(610) PSYoungGen: 328739K(465920K)->116180K(349184K) Eden: 232960K(232960K)->0K(232960K) From: 95779K(232960K)->116180K(116224K)
[144.744s][info][gc,heap        ] GC(610) ParOldGen: 1289033K(1398272K)->1289033K(1398272K)
[144.744s][info][gc,metaspace   ] GC(610) Metaspace: 123590K(128448K)->123590K(128448K) NonClass: 105500K(106752K)->105500K(106752K) Class: 18090K(21696K)->18090K(21696K)
[144.744s][info][gc             ] GC(610) Pause Young (Allocation Failure) 1579M->1372M(1706M) 11.880ms
[144.744s][info][gc,cpu         ] GC(610) User=0.00s Sys=0.00s Real=0.01s
[144.757s][info][gc,start       ] GC(611) Pause Young (Allocation Failure)
[144.770s][info][gc,heap        ] GC(611) PSYoungGen: 349140K(349184K)->130179K(461312K) Eden: 232960K(232960K)->0K(238080K) From: 116180K(116224K)->130179K(223232K)
[144.770s][info][gc,heap        ] GC(611) ParOldGen: 1289033K(1398272K)->1289033K(1398272K)
[144.770s][info][gc,metaspace   ] GC(611) Metaspace: 123590K(128448K)->123590K(128448K) NonClass: 105500K(106752K)->105500K(106752K) Class: 18090K(21696K)->18090K(21696K)
[144.770s][info][gc             ] GC(611) Pause Young (Allocation Failure) 1599M->1385M(1816M) 12.571ms
[144.770s][info][gc,cpu         ] GC(611) User=0.00s Sys=0.00s Real=0.00s
[144.782s][info][gc,start       ] GC(612) Pause Young (Allocation Failure)
[144.795s][info][gc,heap        ] GC(612) PSYoungGen: 368259K(461312K)->137477K(456192K) Eden: 238080K(238080K)->0K(238080K) From: 130179K(223232K)->137477K(218112K)
[144.795s][info][gc,heap        ] GC(612) ParOldGen: 1289033K(1398272K)->1289033K(1398272K)
[144.795s][info][gc,metaspace   ] GC(612) Metaspace: 123590K(128448K)->123590K(128448K) NonClass: 105500K(106752K)->105500K(106752K) Class: 18090K(21696K)->18090K(21696K)
[144.795s][info][gc             ] GC(612) Pause Young (Allocation Failure) 1618M->1393M(1811M) 12.622ms
[144.795s][info][gc,cpu         ] GC(612) User=0.52s Sys=0.00s Real=0.02s
[144.807s][info][gc,start       ] GC(613) Pause Young (Allocation Failure)
[144.821s][info][gc,heap        ] GC(613) PSYoungGen: 375557K(456192K)->154392K(469504K) Eden: 238080K(238080K)->0K(253952K) From: 137477K(218112K)->154392K(215552K)
[144.821s][info][gc,heap        ] GC(613) ParOldGen: 1289033K(1398272K)->1289033K(1398272K)
[144.821s][info][gc,metaspace   ] GC(613) Metaspace: 123590K(128448K)->123590K(128448K) NonClass: 105500K(106752K)->105500K(106752K) Class: 18090K(21696K)->18090K(21696K)
[144.821s][info][gc             ] GC(613) Pause Young (Allocation Failure) 1625M->1409M(1824M) 14.042ms
[144.821s][info][gc,cpu         ] GC(613) User=0.33s Sys=0.00s Real=0.02s
[144.833s][info][gc,start       ] GC(614) Pause Young (Allocation Failure)
[144.848s][info][gc,heap        ] GC(614) PSYoungGen: 408344K(469504K)->156641K(473088K) Eden: 253952K(253952K)->0K(253952K) From: 154392K(215552K)->156641K(219136K)
[144.848s][info][gc,heap        ] GC(614) ParOldGen: 1289033K(1398272K)->1289033K(1398272K)
[144.848s][info][gc,metaspace   ] GC(614) Metaspace: 123590K(128448K)->123590K(128448K) NonClass: 105500K(106752K)->105500K(106752K) Class: 18090K(21696K)->18090K(21696K)
[144.848s][info][gc             ] GC(614) Pause Young (Allocation Failure) 1657M->1411M(1827M) 14.860ms
[144.848s][info][gc,cpu         ] GC(614) User=0.52s Sys=0.00s Real=0.02s
[144.860s][info][gc,start       ] GC(615) Pause Young (Allocation Failure)
[144.877s][info][gc,heap        ] GC(615) PSYoungGen: 410593K(473088K)->165549K(466432K) Eden: 253952K(253952K)->0K(244224K) From: 156641K(219136K)->165549K(222208K)
[144.877s][info][gc,heap        ] GC(615) ParOldGen: 1289033K(1398272K)->1289033K(1398272K)
[144.877s][info][gc,metaspace   ] GC(615) Metaspace: 123590K(128448K)->123590K(128448K) NonClass: 105500K(106752K)->105500K(106752K) Class: 18090K(21696K)->18090K(21696K)
[144.877s][info][gc             ] GC(615) Pause Young (Allocation Failure) 1659M->1420M(1821M) 16.244ms
[144.877s][info][gc,cpu         ] GC(615) User=0.52s Sys=0.00s Real=0.02s
[144.889s][info][gc,start       ] GC(616) Pause Young (Allocation Failure)
[144.905s][info][gc,heap        ] GC(616) PSYoungGen: 409773K(466432K)->173407K(417792K) Eden: 244224K(244224K)->0K(244224K) From: 165549K(222208K)->173407K(173568K)
[144.905s][info][gc,heap        ] GC(616) ParOldGen: 1289033K(1398272K)->1289033K(1398272K)
[144.905s][info][gc,metaspace   ] GC(616) Metaspace: 123590K(128448K)->123590K(128448K) NonClass: 105500K(106752K)->105500K(106752K) Class: 18090K(21696K)->18090K(21696K)
[144.905s][info][gc             ] GC(616) Pause Young (Allocation Failure) 1658M->1428M(1773M) 16.654ms
[144.905s][info][gc,cpu         ] GC(616) User=0.52s Sys=0.00s Real=0.02s
[144.917s][info][gc,start       ] GC(617) Pause Young (Allocation Failure)
[144.934s][info][gc,heap        ] GC(617) PSYoungGen: 417631K(417792K)->174538K(465920K) Eden: 244224K(244224K)->0K(232960K) From: 173407K(173568K)->174538K(232960K)
[144.934s][info][gc,heap        ] GC(617) ParOldGen: 1289033K(1398272K)->1297464K(1398272K)
[144.934s][info][gc,metaspace   ] GC(617) Metaspace: 123590K(128448K)->123590K(128448K) NonClass: 105500K(106752K)->105500K(106752K) Class: 18090K(21696K)->18090K(21696K)
[144.934s][info][gc             ] GC(617) Pause Young (Allocation Failure) 1666M->1437M(1820M) 17.213ms
[144.934s][info][gc,cpu         ] GC(617) User=0.41s Sys=0.02s Real=0.01s
[144.946s][info][gc,start       ] GC(618) Pause Young (Allocation Failure)
[144.964s][info][gc,heap        ] GC(618) PSYoungGen: 407498K(465920K)->124438K(357888K) Eden: 232960K(232960K)->0K(232960K) From: 174538K(232960K)->124438K(124928K)
[144.964s][info][gc,heap        ] GC(618) ParOldGen: 1297464K(1398272K)->1363656K(1398272K)
[144.964s][info][gc,metaspace   ] GC(618) Metaspace: 123590K(128448K)->123590K(128448K) NonClass: 105500K(106752K)->105500K(106752K) Class: 18090K(21696K)->18090K(21696K)
[144.964s][info][gc             ] GC(618) Pause Young (Allocation Failure) 1665M->1453M(1715M) 18.253ms
[144.964s][info][gc,cpu         ] GC(618) User=0.52s Sys=0.00s Real=0.02s
[144.964s][info][gc,start       ] GC(619) Pause Full (Ergonomics)
[144.964s][info][gc,phases,start] GC(619) Marking Phase
[145.005s][info][gc,phases      ] GC(619) Marking Phase 40.403ms
[145.005s][info][gc,phases,start] GC(619) Summary Phase
[145.005s][info][gc,phases      ] GC(619) Summary Phase 0.051ms
[145.005s][info][gc,phases,start] GC(619) Adjust Roots
[145.019s][info][gc,phases      ] GC(619) Adjust Roots 14.720ms
[145.019s][info][gc,phases,start] GC(619) Compaction Phase
[145.043s][info][gc,phases      ] GC(619) Compaction Phase 23.413ms
[145.043s][info][gc,phases,start] GC(619) Post Compact
[145.051s][info][gc,phases      ] GC(619) Post Compact 7.993ms
[145.051s][info][gc,heap        ] GC(619) PSYoungGen: 124438K(357888K)->0K(463872K) Eden: 0K(232960K)->0K(232960K) From: 124438K(124928K)->0K(230912K)
[145.051s][info][gc,heap        ] GC(619) ParOldGen: 1363656K(1398272K)->1360171K(1398272K)
[145.051s][info][gc,metaspace   ] GC(619) Metaspace: 123590K(128448K)->123590K(128448K) NonClass: 105500K(106752K)->105500K(106752K) Class: 18090K(21696K)->18090K(21696K)
[145.051s][info][gc             ] GC(619) Pause Full (Ergonomics) 1453M->1328M(1818M) 86.958ms
[145.051s][info][gc,cpu         ] GC(619) User=1.48s Sys=0.03s Real=0.09s
[145.069s][info][gc,start       ] GC(620) Pause Full (Ergonomics)
[145.069s][info][gc,phases,start] GC(620) Marking Phase
[145.122s][info][gc,phases      ] GC(620) Marking Phase 52.728ms
[145.122s][info][gc,phases,start] GC(620) Summary Phase
[145.122s][info][gc,phases      ] GC(620) Summary Phase 0.052ms
[145.122s][info][gc,phases,start] GC(620) Adjust Roots
[145.134s][info][gc,phases      ] GC(620) Adjust Roots 11.796ms
[145.134s][info][gc,phases,start] GC(620) Compaction Phase
[145.154s][info][gc,phases      ] GC(620) Compaction Phase 20.443ms
[145.154s][info][gc,phases,start] GC(620) Post Compact
[145.164s][info][gc,phases      ] GC(620) Post Compact 9.850ms
[145.164s][info][gc,heap        ] GC(620) PSYoungGen: 232960K(463872K)->0K(463872K) Eden: 232960K(232960K)->0K(232960K) From: 0K(230912K)->0K(230912K)
[145.164s][info][gc,heap        ] GC(620) ParOldGen: 1360171K(1398272K)->1362584K(1398272K)
[145.164s][info][gc,metaspace   ] GC(620) Metaspace: 123590K(128448K)->123590K(128448K) NonClass: 105500K(106752K)->105500K(106752K) Class: 18090K(21696K)->18090K(21696K)
[145.164s][info][gc             ] GC(620) Pause Full (Ergonomics) 1555M->1330M(1818M) 95.292ms
[145.164s][info][gc,cpu         ] GC(620) User=1.08s Sys=0.00s Real=0.09s
[145.183s][info][gc,start       ] GC(621) Pause Full (Ergonomics)
[145.183s][info][gc,phases,start] GC(621) Marking Phase
[145.227s][info][gc,phases      ] GC(621) Marking Phase 43.166ms
[145.227s][info][gc,phases,start] GC(621) Summary Phase
[145.227s][info][gc,phases      ] GC(621) Summary Phase 0.055ms
[145.227s][info][gc,phases,start] GC(621) Adjust Roots
[145.235s][info][gc,phases      ] GC(621) Adjust Roots 7.901ms
[145.235s][info][gc,phases,start] GC(621) Compaction Phase
[145.253s][info][gc,phases      ] GC(621) Compaction Phase 18.212ms
[145.253s][info][gc,phases,start] GC(621) Post Compact
[145.262s][info][gc,phases      ] GC(621) Post Compact 9.594ms
[145.263s][info][gc,heap        ] GC(621) PSYoungGen: 232960K(463872K)->0K(467968K) Eden: 232960K(232960K)->0K(237056K) From: 0K(230912K)->0K(230912K)
[145.263s][info][gc,heap        ] GC(621) ParOldGen: 1362584K(1398272K)->1369627K(1398272K)
[145.263s][info][gc,metaspace   ] GC(621) Metaspace: 123590K(128448K)->123590K(128448K) NonClass: 105500K(106752K)->105500K(106752K) Class: 18090K(21696K)->18090K(21696K)
[145.263s][info][gc             ] GC(621) Pause Full (Ergonomics) 1558M->1337M(1822M) 79.376ms
[145.263s][info][gc,cpu         ] GC(621) User=1.36s Sys=0.05s Real=0.08s
[145.281s][info][gc,start       ] GC(622) Pause Full (Ergonomics)
[145.281s][info][gc,phases,start] GC(622) Marking Phase
[145.321s][info][gc,phases      ] GC(622) Marking Phase 39.642ms
[145.321s][info][gc,phases,start] GC(622) Summary Phase
[145.321s][info][gc,phases      ] GC(622) Summary Phase 0.056ms
[145.321s][info][gc,phases,start] GC(622) Adjust Roots
[145.334s][info][gc,phases      ] GC(622) Adjust Roots 13.518ms
[145.334s][info][gc,phases,start] GC(622) Compaction Phase
[145.355s][info][gc,phases      ] GC(622) Compaction Phase 20.360ms
[145.355s][info][gc,phases,start] GC(622) Post Compact
[145.365s][info][gc,phases      ] GC(622) Post Compact 9.974ms
[145.365s][info][gc,heap        ] GC(622) PSYoungGen: 237056K(467968K)->0K(467968K) Eden: 237056K(237056K)->0K(237056K) From: 0K(230912K)->0K(230912K)
[145.365s][info][gc,heap        ] GC(622) ParOldGen: 1369627K(1398272K)->1370454K(1398272K)
[145.365s][info][gc,metaspace   ] GC(622) Metaspace: 123590K(128448K)->123590K(128448K) NonClass: 105500K(106752K)->105500K(106752K) Class: 18090K(21696K)->18090K(21696K)
[145.365s][info][gc             ] GC(622) Pause Full (Ergonomics) 1569M->1338M(1822M) 83.989ms
[145.365s][info][gc,cpu         ] GC(622) User=1.08s Sys=0.25s Real=0.08s
[145.384s][info][gc,start       ] GC(623) Pause Full (Ergonomics)
[145.384s][info][gc,phases,start] GC(623) Marking Phase
[145.434s][info][gc,phases      ] GC(623) Marking Phase 49.751ms
[145.434s][info][gc,phases,start] GC(623) Summary Phase
[145.434s][info][gc,phases      ] GC(623) Summary Phase 0.057ms
[145.434s][info][gc,phases,start] GC(623) Adjust Roots
[145.445s][info][gc,phases      ] GC(623) Adjust Roots 10.934ms
[145.445s][info][gc,phases,start] GC(623) Compaction Phase
[145.465s][info][gc,phases      ] GC(623) Compaction Phase 20.242ms
[145.465s][info][gc,phases,start] GC(623) Post Compact
[145.475s][info][gc,phases      ] GC(623) Post Compact 9.925ms
[145.475s][info][gc,heap        ] GC(623) PSYoungGen: 234639K(467968K)->0K(467968K) Eden: 234639K(237056K)->0K(237056K) From: 0K(230912K)->0K(230912K)
[145.475s][info][gc,heap        ] GC(623) ParOldGen: 1370454K(1398272K)->1371872K(1398272K)
[145.475s][info][gc,metaspace   ] GC(623) Metaspace: 123590K(128448K)->123590K(128448K) NonClass: 105500K(106752K)->105500K(106752K) Class: 18090K(21696K)->18090K(21696K)
[145.475s][info][gc             ] GC(623) Pause Full (Ergonomics) 1567M->1339M(1822M) 91.442ms
[145.476s][info][gc,cpu         ] GC(623) User=1.81s Sys=0.19s Real=0.09s
[145.494s][info][gc,start       ] GC(624) Pause Full (Ergonomics)
[145.494s][info][gc,phases,start] GC(624) Marking Phase
[145.532s][info][gc,phases      ] GC(624) Marking Phase 37.312ms
[145.532s][info][gc,phases,start] GC(624) Summary Phase
[145.532s][info][gc,phases      ] GC(624) Summary Phase 0.062ms
[145.532s][info][gc,phases,start] GC(624) Adjust Roots
[145.540s][info][gc,phases      ] GC(624) Adjust Roots 8.117ms
[145.540s][info][gc,phases,start] GC(624) Compaction Phase
[145.556s][info][gc,phases      ] GC(624) Compaction Phase 16.365ms
[145.556s][info][gc,phases,start] GC(624) Post Compact
[145.565s][info][gc,phases      ] GC(624) Post Compact 8.276ms
[145.565s][info][gc,heap        ] GC(624) PSYoungGen: 237056K(467968K)->0K(467968K) Eden: 237056K(237056K)->0K(237056K) From: 0K(230912K)->0K(230912K)
[145.565s][info][gc,heap        ] GC(624) ParOldGen: 1371872K(1398272K)->1375227K(1398272K)
[145.565s][info][gc,metaspace   ] GC(624) Metaspace: 123590K(128448K)->123590K(128448K) NonClass: 105500K(106752K)->105500K(106752K) Class: 18090K(21696K)->18090K(21696K)
[145.565s][info][gc             ] GC(624) Pause Full (Ergonomics) 1571M->1342M(1822M) 70.459ms
[145.565s][info][gc,cpu         ] GC(624) User=0.58s Sys=0.00s Real=0.06s
[145.579s][info][gc,start       ] GC(625) Pause Full (Ergonomics)
[145.579s][info][gc,phases,start] GC(625) Marking Phase
[145.630s][info][gc,phases      ] GC(625) Marking Phase 50.213ms
[145.630s][info][gc,phases,start] GC(625) Summary Phase
[145.630s][info][gc,phases      ] GC(625) Summary Phase 0.060ms
[145.630s][info][gc,phases,start] GC(625) Adjust Roots
[145.640s][info][gc,phases      ] GC(625) Adjust Roots 10.133ms
[145.640s][info][gc,phases,start] GC(625) Compaction Phase
[145.656s][info][gc,phases      ] GC(625) Compaction Phase 16.478ms
[145.656s][info][gc,phases,start] GC(625) Post Compact
[145.666s][info][gc,phases      ] GC(625) Post Compact 9.409ms
[145.666s][info][gc,heap        ] GC(625) PSYoungGen: 237056K(467968K)->0K(467968K) Eden: 237056K(237056K)->0K(237056K) From: 0K(230912K)->0K(230912K)
[145.666s][info][gc,heap        ] GC(625) ParOldGen: 1375227K(1398272K)->1375601K(1398272K)
[145.666s][info][gc,metaspace   ] GC(625) Metaspace: 123590K(128448K)->123590K(128448K) NonClass: 105500K(106752K)->105500K(106752K) Class: 18090K(21696K)->18090K(21696K)
[145.666s][info][gc             ] GC(625) Pause Full (Ergonomics) 1574M->1343M(1822M) 86.718ms
[145.666s][info][gc,cpu         ] GC(625) User=1.66s Sys=0.00s Real=0.09s
[145.684s][info][gc,start       ] GC(626) Pause Full (Ergonomics)
[145.684s][info][gc,phases,start] GC(626) Marking Phase
[145.732s][info][gc,phases      ] GC(626) Marking Phase 48.544ms
[145.732s][info][gc,phases,start] GC(626) Summary Phase
[145.732s][info][gc,phases      ] GC(626) Summary Phase 0.052ms
[145.732s][info][gc,phases,start] GC(626) Adjust Roots
[145.740s][info][gc,phases      ] GC(626) Adjust Roots 7.984ms
[145.740s][info][gc,phases,start] GC(626) Compaction Phase
[145.756s][info][gc,phases      ] GC(626) Compaction Phase 15.369ms
[145.756s][info][gc,phases,start] GC(626) Post Compact
[145.765s][info][gc,phases      ] GC(626) Post Compact 8.994ms
[145.765s][info][gc,heap        ] GC(626) PSYoungGen: 237056K(467968K)->0K(467968K) Eden: 237056K(237056K)->0K(237056K) From: 0K(230912K)->0K(230912K)
[145.765s][info][gc,heap        ] GC(626) ParOldGen: 1375601K(1398272K)->1383269K(1398272K)
[145.765s][info][gc,metaspace   ] GC(626) Metaspace: 123590K(128448K)->123590K(128448K) NonClass: 105500K(106752K)->105500K(106752K) Class: 18090K(21696K)->18090K(21696K)
[145.765s][info][gc             ] GC(626) Pause Full (Ergonomics) 1574M->1350M(1822M) 81.310ms
[145.765s][info][gc,cpu         ] GC(626) User=1.58s Sys=0.00s Real=0.08s
[145.784s][info][gc,start       ] GC(627) Pause Full (Ergonomics)
[145.784s][info][gc,phases,start] GC(627) Marking Phase
[145.837s][info][gc,phases      ] GC(627) Marking Phase 52.858ms
[145.837s][info][gc,phases,start] GC(627) Summary Phase
[145.837s][info][gc,phases      ] GC(627) Summary Phase 0.052ms
[145.837s][info][gc,phases,start] GC(627) Adjust Roots
[145.848s][info][gc,phases      ] GC(627) Adjust Roots 10.713ms
[145.848s][info][gc,phases,start] GC(627) Compaction Phase
[145.869s][info][gc,phases      ] GC(627) Compaction Phase 21.193ms
[145.869s][info][gc,phases,start] GC(627) Post Compact
[145.877s][info][gc,phases      ] GC(627) Post Compact 8.118ms
[145.877s][info][gc,heap        ] GC(627) PSYoungGen: 237056K(467968K)->0K(467968K) Eden: 237056K(237056K)->0K(237056K) From: 0K(230912K)->0K(230912K)
[145.877s][info][gc,heap        ] GC(627) ParOldGen: 1383269K(1398272K)->1394192K(1398272K)
[145.877s][info][gc,metaspace   ] GC(627) Metaspace: 123590K(128448K)->123590K(128448K) NonClass: 105500K(106752K)->105500K(106752K) Class: 18090K(21696K)->18090K(21696K)
[145.877s][info][gc             ] GC(627) Pause Full (Ergonomics) 1582M->1361M(1822M) 93.254ms
[145.877s][info][gc,cpu         ] GC(627) User=0.97s Sys=0.02s Real=0.09s
[145.895s][info][gc,start       ] GC(628) Pause Full (Ergonomics)
[145.895s][info][gc,phases,start] GC(628) Marking Phase
[145.948s][info][gc,phases      ] GC(628) Marking Phase 52.924ms
[145.948s][info][gc,phases,start] GC(628) Summary Phase
[145.948s][info][gc,phases      ] GC(628) Summary Phase 0.054ms
[145.948s][info][gc,phases,start] GC(628) Adjust Roots
[145.960s][info][gc,phases      ] GC(628) Adjust Roots 11.226ms
[145.960s][info][gc,phases,start] GC(628) Compaction Phase
[145.979s][info][gc,phases      ] GC(628) Compaction Phase 19.635ms
[145.979s][info][gc,phases,start] GC(628) Post Compact
[145.990s][info][gc,phases      ] GC(628) Post Compact 10.326ms
[145.990s][info][gc,heap        ] GC(628) PSYoungGen: 237056K(467968K)->0K(467968K) Eden: 237056K(237056K)->0K(237056K) From: 0K(230912K)->0K(230912K)
[145.990s][info][gc,heap        ] GC(628) ParOldGen: 1394192K(1398272K)->1395528K(1398272K)
[145.990s][info][gc,metaspace   ] GC(628) Metaspace: 123590K(128448K)->123590K(128448K) NonClass: 105500K(106752K)->105500K(106752K) Class: 18090K(21696K)->18090K(21696K)
[145.990s][info][gc             ] GC(628) Pause Full (Ergonomics) 1593M->1362M(1822M) 94.610ms
[145.990s][info][gc,cpu         ] GC(628) User=1.34s Sys=0.06s Real=0.10s
[146.008s][info][gc,start       ] GC(629) Pause Full (Ergonomics)
[146.008s][info][gc,phases,start] GC(629) Marking Phase
[146.053s][info][gc,phases      ] GC(629) Marking Phase 45.720ms
[146.053s][info][gc,phases,start] GC(629) Summary Phase
[146.053s][info][gc,phases      ] GC(629) Summary Phase 0.042ms
[146.053s][info][gc,phases,start] GC(629) Adjust Roots
[146.064s][info][gc,phases      ] GC(629) Adjust Roots 10.041ms
[146.064s][info][gc,phases,start] GC(629) Compaction Phase
[146.099s][info][gc,phases      ] GC(629) Compaction Phase 35.789ms
[146.099s][info][gc,phases,start] GC(629) Post Compact
[146.107s][info][gc,phases      ] GC(629) Post Compact 7.984ms
[146.107s][info][gc,heap        ] GC(629) PSYoungGen: 237056K(467968K)->10145K(467968K) Eden: 237056K(237056K)->10145K(237056K) From: 0K(230912K)->0K(230912K)
[146.107s][info][gc,heap        ] GC(629) ParOldGen: 1395528K(1398272K)->1395930K(1398272K)
[146.107s][info][gc,metaspace   ] GC(629) Metaspace: 123590K(128448K)->123590K(128448K) NonClass: 105500K(106752K)->105500K(106752K) Class: 18090K(21696K)->18090K(21696K)
[146.108s][info][gc             ] GC(629) Pause Full (Ergonomics) 1594M->1373M(1822M) 99.918ms
[146.108s][info][gc,cpu         ] GC(629) User=1.92s Sys=0.00s Real=0.09s
[146.120s][info][gc,start       ] GC(630) Pause Full (Ergonomics)
[146.120s][info][gc,phases,start] GC(630) Marking Phase
[146.154s][info][gc,phases      ] GC(630) Marking Phase 33.647ms
[146.154s][info][gc,phases,start] GC(630) Summary Phase
[146.154s][info][gc,phases      ] GC(630) Summary Phase 0.043ms
[146.154s][info][gc,phases,start] GC(630) Adjust Roots
[146.164s][info][gc,phases      ] GC(630) Adjust Roots 10.071ms
[146.164s][info][gc,phases,start] GC(630) Compaction Phase
[146.211s][info][gc,phases      ] GC(630) Compaction Phase 46.788ms
[146.211s][info][gc,phases,start] GC(630) Post Compact
[146.220s][info][gc,phases      ] GC(630) Post Compact 8.404ms
[146.220s][info][gc,heap        ] GC(630) PSYoungGen: 231596K(467968K)->13938K(467968K) Eden: 231596K(237056K)->13938K(237056K) From: 0K(230912K)->0K(230912K)
[146.220s][info][gc,heap        ] GC(630) ParOldGen: 1395930K(1398272K)->1396990K(1398272K)
[146.220s][info][gc,metaspace   ] GC(630) Metaspace: 123595K(128448K)->123595K(128448K) NonClass: 105505K(106752K)->105505K(106752K) Class: 18090K(21696K)->18090K(21696K)
[146.220s][info][gc             ] GC(630) Pause Full (Ergonomics) 1589M->1377M(1822M) 99.322ms
[146.220s][info][gc,cpu         ] GC(630) User=2.94s Sys=0.02s Real=0.11s
[146.238s][info][gc,start       ] GC(631) Pause Full (Ergonomics)
[146.238s][info][gc,phases,start] GC(631) Marking Phase
[146.278s][info][gc,phases      ] GC(631) Marking Phase 39.683ms
[146.278s][info][gc,phases,start] GC(631) Summary Phase
[146.278s][info][gc,phases      ] GC(631) Summary Phase 0.049ms
[146.278s][info][gc,phases,start] GC(631) Adjust Roots
[146.290s][info][gc,phases      ] GC(631) Adjust Roots 12.063ms
[146.290s][info][gc,phases,start] GC(631) Compaction Phase
[146.327s][info][gc,phases      ] GC(631) Compaction Phase 37.171ms
[146.327s][info][gc,phases,start] GC(631) Post Compact
[146.335s][info][gc,phases      ] GC(631) Post Compact 7.978ms
[146.335s][info][gc,heap        ] GC(631) PSYoungGen: 237056K(467968K)->19617K(467968K) Eden: 237056K(237056K)->19617K(237056K) From: 0K(230912K)->0K(230912K)
[146.335s][info][gc,heap        ] GC(631) ParOldGen: 1396990K(1398272K)->1392897K(1398272K)
[146.335s][info][gc,metaspace   ] GC(631) Metaspace: 123597K(128448K)->123597K(128448K) NonClass: 105507K(106752K)->105507K(106752K) Class: 18090K(21696K)->18090K(21696K)
[146.335s][info][gc             ] GC(631) Pause Full (Ergonomics) 1595M->1379M(1822M) 97.251ms
[146.335s][info][gc,cpu         ] GC(631) User=1.56s Sys=0.03s Real=0.09s
[146.351s][info][gc,start       ] GC(632) Pause Full (Ergonomics)
[146.351s][info][gc,phases,start] GC(632) Marking Phase
[146.391s][info][gc,phases      ] GC(632) Marking Phase 40.310ms
[146.391s][info][gc,phases,start] GC(632) Summary Phase
[146.391s][info][gc,phases      ] GC(632) Summary Phase 0.050ms
[146.391s][info][gc,phases,start] GC(632) Adjust Roots
[146.405s][info][gc,phases      ] GC(632) Adjust Roots 13.925ms
[146.405s][info][gc,phases,start] GC(632) Compaction Phase
[146.442s][info][gc,phases      ] GC(632) Compaction Phase 36.795ms
[146.442s][info][gc,phases,start] GC(632) Post Compact
[146.450s][info][gc,phases      ] GC(632) Post Compact 7.947ms
[146.450s][info][gc,heap        ] GC(632) PSYoungGen: 237056K(467968K)->10186K(467968K) Eden: 237056K(237056K)->10186K(237056K) From: 0K(230912K)->0K(230912K)
[146.450s][info][gc,heap        ] GC(632) ParOldGen: 1392897K(1398272K)->1398006K(1398272K)
[146.450s][info][gc,metaspace   ] GC(632) Metaspace: 123603K(128448K)->123603K(128448K) NonClass: 105513K(106752K)->105513K(106752K) Class: 18090K(21696K)->18090K(21696K)
[146.450s][info][gc             ] GC(632) Pause Full (Ergonomics) 1591M->1375M(1822M) 99.369ms
[146.450s][info][gc,cpu         ] GC(632) User=2.30s Sys=0.05s Real=0.09s
[146.464s][info][gc,start       ] GC(633) Pause Full (Ergonomics)
[146.464s][info][gc,phases,start] GC(633) Marking Phase
[146.508s][info][gc,phases      ] GC(633) Marking Phase 43.603ms
[146.508s][info][gc,phases,start] GC(633) Summary Phase
[146.508s][info][gc,phases      ] GC(633) Summary Phase 0.042ms
[146.508s][info][gc,phases,start] GC(633) Adjust Roots
[146.518s][info][gc,phases      ] GC(633) Adjust Roots 9.556ms
[146.518s][info][gc,phases,start] GC(633) Compaction Phase
[146.554s][info][gc,phases      ] GC(633) Compaction Phase 36.038ms
[146.554s][info][gc,phases,start] GC(633) Post Compact
[146.562s][info][gc,phases      ] GC(633) Post Compact 7.987ms
[146.562s][info][gc,heap        ] GC(633) PSYoungGen: 237056K(467968K)->13856K(467968K) Eden: 237056K(237056K)->13856K(237056K) From: 0K(230912K)->0K(230912K)
[146.562s][info][gc,heap        ] GC(633) ParOldGen: 1398006K(1398272K)->1395249K(1398272K)
[146.562s][info][gc,metaspace   ] GC(633) Metaspace: 123605K(128448K)->123605K(128448K) NonClass: 105514K(106752K)->105514K(106752K) Class: 18090K(21696K)->18090K(21696K)
[146.562s][info][gc             ] GC(633) Pause Full (Ergonomics) 1596M->1376M(1822M) 97.583ms
[146.562s][info][gc,cpu         ] GC(633) User=2.22s Sys=0.03s Real=0.11s
[146.579s][info][gc,start       ] GC(634) Pause Full (Ergonomics)
[146.579s][info][gc,phases,start] GC(634) Marking Phase
[146.624s][info][gc,phases      ] GC(634) Marking Phase 44.547ms
[146.624s][info][gc,phases,start] GC(634) Summary Phase
[146.624s][info][gc,phases      ] GC(634) Summary Phase 0.047ms
[146.624s][info][gc,phases,start] GC(634) Adjust Roots
[146.632s][info][gc,phases      ] GC(634) Adjust Roots 8.273ms
[146.632s][info][gc,phases,start] GC(634) Compaction Phase
[146.668s][info][gc,phases      ] GC(634) Compaction Phase 35.609ms
[146.668s][info][gc,phases,start] GC(634) Post Compact
[146.676s][info][gc,phases      ] GC(634) Post Compact 7.986ms
[146.676s][info][gc,heap        ] GC(634) PSYoungGen: 235260K(467968K)->13959K(467968K) Eden: 235260K(237056K)->13959K(237056K) From: 0K(230912K)->0K(230912K)
[146.676s][info][gc,heap        ] GC(634) ParOldGen: 1395249K(1398272K)->1396133K(1398272K)
[146.676s][info][gc,metaspace   ] GC(634) Metaspace: 123606K(128448K)->123606K(128448K) NonClass: 105516K(106752K)->105516K(106752K) Class: 18090K(21696K)->18090K(21696K)
[146.676s][info][gc             ] GC(634) Pause Full (Ergonomics) 1592M->1377M(1822M) 96.813ms
[146.676s][info][gc,cpu         ] GC(634) User=2.58s Sys=0.02s Real=0.09s
[146.693s][info][gc,start       ] GC(635) Pause Full (Ergonomics)
[146.693s][info][gc,phases,start] GC(635) Marking Phase
[146.732s][info][gc,phases      ] GC(635) Marking Phase 39.391ms
[146.732s][info][gc,phases,start] GC(635) Summary Phase
[146.733s][info][gc,phases      ] GC(635) Summary Phase 0.045ms
[146.733s][info][gc,phases,start] GC(635) Adjust Roots
[146.745s][info][gc,phases      ] GC(635) Adjust Roots 12.727ms
[146.745s][info][gc,phases,start] GC(635) Compaction Phase
[146.781s][info][gc,phases      ] GC(635) Compaction Phase 36.115ms
[146.781s][info][gc,phases,start] GC(635) Post Compact
[146.789s][info][gc,phases      ] GC(635) Post Compact 7.982ms
[146.790s][info][gc,heap        ] GC(635) PSYoungGen: 237056K(467968K)->7684K(467968K) Eden: 237056K(237056K)->7684K(237056K) From: 0K(230912K)->0K(230912K)
[146.790s][info][gc,heap        ] GC(635) ParOldGen: 1396133K(1398272K)->1396656K(1398272K)
[146.790s][info][gc,metaspace   ] GC(635) Metaspace: 123606K(128448K)->123606K(128448K) NonClass: 105516K(106752K)->105516K(106752K) Class: 18090K(21696K)->18090K(21696K)
[146.790s][info][gc             ] GC(635) Pause Full (Ergonomics) 1594M->1371M(1822M) 96.565ms
[146.790s][info][gc,cpu         ] GC(635) User=1.58s Sys=0.00s Real=0.09s
[146.806s][info][gc,start       ] GC(636) Pause Full (Ergonomics)
[146.806s][info][gc,phases,start] GC(636) Marking Phase
[146.846s][info][gc,phases      ] GC(636) Marking Phase 39.826ms
[146.846s][info][gc,phases,start] GC(636) Summary Phase
[146.846s][info][gc,phases      ] GC(636) Summary Phase 0.044ms
[146.846s][info][gc,phases,start] GC(636) Adjust Roots
[146.861s][info][gc,phases      ] GC(636) Adjust Roots 14.729ms
[146.861s][info][gc,phases,start] GC(636) Compaction Phase
[146.896s][info][gc,phases      ] GC(636) Compaction Phase 35.207ms
[146.896s][info][gc,phases,start] GC(636) Post Compact
[146.904s][info][gc,phases      ] GC(636) Post Compact 7.990ms
[146.904s][info][gc,heap        ] GC(636) PSYoungGen: 237056K(467968K)->3804K(467968K) Eden: 237056K(237056K)->3804K(237056K) From: 0K(230912K)->0K(230912K)
[146.904s][info][gc,heap        ] GC(636) ParOldGen: 1396656K(1398272K)->1397815K(1398272K)
[146.904s][info][gc,metaspace   ] GC(636) Metaspace: 123607K(128448K)->123607K(128448K) NonClass: 105516K(106752K)->105516K(106752K) Class: 18090K(21696K)->18090K(21696K)
[146.904s][info][gc             ] GC(636) Pause Full (Ergonomics) 1595M->1368M(1822M) 98.100ms
[146.904s][info][gc,cpu         ] GC(636) User=1.59s Sys=0.00s Real=0.09s
[146.921s][info][gc,start       ] GC(637) Pause Full (Ergonomics)
[146.921s][info][gc,phases,start] GC(637) Marking Phase
[146.957s][info][gc,phases      ] GC(637) Marking Phase 35.450ms
[146.957s][info][gc,phases,start] GC(637) Summary Phase
[146.957s][info][gc,phases      ] GC(637) Summary Phase 0.043ms
[146.957s][info][gc,phases,start] GC(637) Adjust Roots
[146.968s][info][gc,phases      ] GC(637) Adjust Roots 11.299ms
[146.968s][info][gc,phases,start] GC(637) Compaction Phase
[146.983s][info][gc,phases      ] GC(637) Compaction Phase 14.952ms
[146.983s][info][gc,phases,start] GC(637) Post Compact
[146.992s][info][gc,phases      ] GC(637) Post Compact 8.487ms
[146.992s][info][gc,heap        ] GC(637) PSYoungGen: 237056K(467968K)->3850K(467968K) Eden: 237056K(237056K)->3850K(237056K) From: 0K(230912K)->0K(230912K)
[146.992s][info][gc,heap        ] GC(637) ParOldGen: 1397815K(1398272K)->1397813K(1398272K)
[146.992s][info][gc,metaspace   ] GC(637) Metaspace: 123607K(128448K)->123607K(128448K) NonClass: 105516K(106752K)->105516K(106752K) Class: 18090K(21696K)->18090K(21696K)
[146.992s][info][gc             ] GC(637) Pause Full (Ergonomics) 1596M->1368M(1822M) 70.592ms
[146.992s][info][gc,cpu         ] GC(637) User=0.44s Sys=0.02s Real=0.06s
[147.021s][info][gc,start       ] GC(638) Pause Full (Ergonomics)
[147.021s][info][gc,phases,start] GC(638) Marking Phase
[147.063s][info][gc,phases      ] GC(638) Marking Phase 41.935ms
[147.063s][info][gc,phases,start] GC(638) Summary Phase
[147.063s][info][gc,phases      ] GC(638) Summary Phase 0.041ms
[147.063s][info][gc,phases,start] GC(638) Adjust Roots
[147.077s][info][gc,phases      ] GC(638) Adjust Roots 13.824ms
[147.077s][info][gc,phases,start] GC(638) Compaction Phase
[147.094s][info][gc,phases      ] GC(638) Compaction Phase 17.698ms
[147.094s][info][gc,phases,start] GC(638) Post Compact
[147.104s][info][gc,phases      ] GC(638) Post Compact 9.402ms
[147.104s][info][gc,heap        ] GC(638) PSYoungGen: 237056K(467968K)->3845K(467968K) Eden: 237056K(237056K)->3845K(237056K) From: 0K(230912K)->0K(230912K)
[147.104s][info][gc,heap        ] GC(638) ParOldGen: 1397813K(1398272K)->1397811K(1398272K)
[147.104s][info][gc,metaspace   ] GC(638) Metaspace: 123607K(128448K)->123607K(128448K) NonClass: 105516K(106752K)->105516K(106752K) Class: 18090K(21696K)->18090K(21696K)
[147.104s][info][gc             ] GC(638) Pause Full (Ergonomics) 1596M->1368M(1822M) 83.250ms
[147.104s][info][gc,cpu         ] GC(638) User=1.03s Sys=0.02s Real=0.09s
[147.133s][info][gc,start       ] GC(639) Pause Full (Ergonomics)
[147.133s][info][gc,phases,start] GC(639) Marking Phase
[147.174s][info][gc,phases      ] GC(639) Marking Phase 40.533ms
[147.174s][info][gc,phases,start] GC(639) Summary Phase
[147.174s][info][gc,phases      ] GC(639) Summary Phase 0.039ms
[147.174s][info][gc,phases,start] GC(639) Adjust Roots
[147.187s][info][gc,phases      ] GC(639) Adjust Roots 13.311ms
[147.187s][info][gc,phases,start] GC(639) Compaction Phase
[147.206s][info][gc,phases      ] GC(639) Compaction Phase 18.684ms
[147.206s][info][gc,phases,start] GC(639) Post Compact
[147.216s][info][gc,phases      ] GC(639) Post Compact 10.318ms
[147.216s][info][gc,heap        ] GC(639) PSYoungGen: 237056K(467968K)->3846K(467968K) Eden: 237056K(237056K)->3846K(237056K) From: 0K(230912K)->0K(230912K)
[147.217s][info][gc,heap        ] GC(639) ParOldGen: 1397811K(1398272K)->1397810K(1398272K)
[147.217s][info][gc,metaspace   ] GC(639) Metaspace: 123607K(128448K)->123607K(128448K) NonClass: 105516K(106752K)->105516K(106752K) Class: 18090K(21696K)->18090K(21696K)
[147.217s][info][gc             ] GC(639) Pause Full (Ergonomics) 1596M->1368M(1822M) 83.345ms
[147.217s][info][gc,cpu         ] GC(639) User=1.17s Sys=0.02s Real=0.07s
[147.242s][info][gc,start       ] GC(640) Pause Full (Ergonomics)
[147.242s][info][gc,phases,start] GC(640) Marking Phase
[147.281s][info][gc,phases      ] GC(640) Marking Phase 39.573ms
[147.281s][info][gc,phases,start] GC(640) Summary Phase
[147.282s][info][gc,phases      ] GC(640) Summary Phase 0.039ms
[147.282s][info][gc,phases,start] GC(640) Adjust Roots
[147.293s][info][gc,phases      ] GC(640) Adjust Roots 11.851ms
[147.293s][info][gc,phases,start] GC(640) Compaction Phase
[147.311s][info][gc,phases      ] GC(640) Compaction Phase 17.908ms
[147.311s][info][gc,phases,start] GC(640) Post Compact
[147.321s][info][gc,phases      ] GC(640) Post Compact 10.046ms
[147.321s][info][gc,heap        ] GC(640) PSYoungGen: 237056K(467968K)->3862K(467968K) Eden: 237056K(237056K)->3862K(237056K) From: 0K(230912K)->0K(230912K)
[147.321s][info][gc,heap        ] GC(640) ParOldGen: 1397810K(1398272K)->1397810K(1398272K)
[147.322s][info][gc,metaspace   ] GC(640) Metaspace: 123607K(128448K)->123607K(128448K) NonClass: 105516K(106752K)->105516K(106752K) Class: 18090K(21696K)->18090K(21696K)
[147.322s][info][gc             ] GC(640) Pause Full (Ergonomics) 1596M->1368M(1822M) 79.748ms
[147.322s][info][gc,cpu         ] GC(640) User=1.06s Sys=0.05s Real=0.08s
[147.349s][info][gc,start       ] GC(641) Pause Full (Ergonomics)
[147.349s][info][gc,phases,start] GC(641) Marking Phase
[147.395s][info][gc,phases      ] GC(641) Marking Phase 45.365ms
[147.395s][info][gc,phases,start] GC(641) Summary Phase
[147.395s][info][gc,phases      ] GC(641) Summary Phase 0.042ms
[147.395s][info][gc,phases,start] GC(641) Adjust Roots
[147.408s][info][gc,phases      ] GC(641) Adjust Roots 12.895ms
[147.408s][info][gc,phases,start] GC(641) Compaction Phase
[147.425s][info][gc,phases      ] GC(641) Compaction Phase 17.681ms
[147.425s][info][gc,phases,start] GC(641) Post Compact
[147.436s][info][gc,phases      ] GC(641) Post Compact 10.161ms
[147.436s][info][gc,heap        ] GC(641) PSYoungGen: 237056K(467968K)->3842K(467968K) Eden: 237056K(237056K)->3842K(237056K) From: 0K(230912K)->0K(230912K)
[147.436s][info][gc,heap        ] GC(641) ParOldGen: 1397810K(1398272K)->1397810K(1398272K)
[147.436s][info][gc,metaspace   ] GC(641) Metaspace: 123607K(128448K)->123607K(128448K) NonClass: 105516K(106752K)->105516K(106752K) Class: 18090K(21696K)->18090K(21696K)
[147.436s][info][gc             ] GC(641) Pause Full (Ergonomics) 1596M->1368M(1822M) 86.519ms
[147.436s][info][gc,cpu         ] GC(641) User=1.14s Sys=0.00s Real=0.09s
[147.462s][info][gc,start       ] GC(642) Pause Full (Ergonomics)
[147.462s][info][gc,phases,start] GC(642) Marking Phase
[147.504s][info][gc,phases      ] GC(642) Marking Phase 41.971ms
[147.504s][info][gc,phases,start] GC(642) Summary Phase
[147.504s][info][gc,phases      ] GC(642) Summary Phase 0.041ms
[147.504s][info][gc,phases,start] GC(642) Adjust Roots
[147.520s][info][gc,phases      ] GC(642) Adjust Roots 15.854ms
[147.520s][info][gc,phases,start] GC(642) Compaction Phase
[147.539s][info][gc,phases      ] GC(642) Compaction Phase 18.592ms
[147.539s][info][gc,phases,start] GC(642) Post Compact
[147.550s][info][gc,phases      ] GC(642) Post Compact 10.869ms
[147.550s][info][gc,heap        ] GC(642) PSYoungGen: 237056K(467968K)->3848K(467968K) Eden: 237056K(237056K)->3848K(237056K) From: 0K(230912K)->0K(230912K)
[147.550s][info][gc,heap        ] GC(642) ParOldGen: 1397810K(1398272K)->1397810K(1398272K)
[147.550s][info][gc,metaspace   ] GC(642) Metaspace: 123607K(128448K)->123607K(128448K) NonClass: 105516K(106752K)->105516K(106752K) Class: 18090K(21696K)->18090K(21696K)
[147.550s][info][gc             ] GC(642) Pause Full (Ergonomics) 1596M->1368M(1822M) 87.776ms
[147.550s][info][gc,cpu         ] GC(642) User=1.05s Sys=0.02s Real=0.09s
[147.574s][info][gc,start       ] GC(643) Pause Full (Ergonomics)
[147.575s][info][gc,phases,start] GC(643) Marking Phase
[147.613s][info][gc,phases      ] GC(643) Marking Phase 38.921ms
[147.630s][info][gc,phases,start] GC(643) Summary Phase
[147.630s][info][gc,phases      ] GC(643) Summary Phase 0.123ms
[147.630s][info][gc,phases,start] GC(643) Adjust Roots
[147.644s][info][gc,phases      ] GC(643) Adjust Roots 14.189ms
[147.644s][info][gc,phases,start] GC(643) Compaction Phase
[147.667s][info][gc,phases      ] GC(643) Compaction Phase 22.613ms
[147.667s][info][gc,phases,start] GC(643) Post Compact
[147.677s][info][gc,phases      ] GC(643) Post Compact 10.720ms
[147.677s][info][gc,heap        ] GC(643) PSYoungGen: 237056K(467968K)->3854K(467968K) Eden: 237056K(237056K)->3854K(237056K) From: 0K(230912K)->0K(230912K)
[147.677s][info][gc,heap        ] GC(643) ParOldGen: 1397810K(1398272K)->1397810K(1398272K)
[147.678s][info][gc,metaspace   ] GC(643) Metaspace: 123607K(128448K)->123607K(128448K) NonClass: 105516K(106752K)->105516K(106752K) Class: 18090K(21696K)->18090K(21696K)
[147.678s][info][gc             ] GC(643) Pause Full (Ergonomics) 1596M->1368M(1822M) 103.103ms
[147.678s][info][gc,cpu         ] GC(643) User=0.55s Sys=0.03s Real=0.09s
[147.704s][info][gc,start       ] GC(644) Pause Full (Ergonomics)
[147.705s][info][gc,phases,start] GC(644) Marking Phase
[147.748s][info][gc,phases      ] GC(644) Marking Phase 43.390ms
[147.748s][info][gc,phases,start] GC(644) Summary Phase
[147.748s][info][gc,phases      ] GC(644) Summary Phase 0.043ms
[147.748s][info][gc,phases,start] GC(644) Adjust Roots
[147.757s][info][gc,phases      ] GC(644) Adjust Roots 8.553ms
[147.757s][info][gc,phases,start] GC(644) Compaction Phase
[147.774s][info][gc,phases      ] GC(644) Compaction Phase 17.108ms
[147.774s][info][gc,phases,start] GC(644) Post Compact
[147.784s][info][gc,phases      ] GC(644) Post Compact 10.590ms
[147.784s][info][gc,heap        ] GC(644) PSYoungGen: 237056K(467968K)->3851K(467968K) Eden: 237056K(237056K)->3851K(237056K) From: 0K(230912K)->0K(230912K)
[147.785s][info][gc,heap        ] GC(644) ParOldGen: 1397810K(1398272K)->1397810K(1398272K)
[147.785s][info][gc,metaspace   ] GC(644) Metaspace: 123607K(128448K)->123607K(128448K) NonClass: 105516K(106752K)->105516K(106752K) Class: 18090K(21696K)->18090K(21696K)
[147.785s][info][gc             ] GC(644) Pause Full (Ergonomics) 1596M->1368M(1822M) 80.114ms
[147.785s][info][gc,cpu         ] GC(644) User=1.61s Sys=0.02s Real=0.08s
[147.812s][info][gc,start       ] GC(645) Pause Full (Ergonomics)
[147.812s][info][gc,phases,start] GC(645) Marking Phase
[147.854s][info][gc,phases      ] GC(645) Marking Phase 42.522ms
[147.854s][info][gc,phases,start] GC(645) Summary Phase
[147.855s][info][gc,phases      ] GC(645) Summary Phase 0.041ms
[147.855s][info][gc,phases,start] GC(645) Adjust Roots
[147.865s][info][gc,phases      ] GC(645) Adjust Roots 10.759ms
[147.865s][info][gc,phases,start] GC(645) Compaction Phase
[147.882s][info][gc,phases      ] GC(645) Compaction Phase 16.659ms
[147.882s][info][gc,phases,start] GC(645) Post Compact
[147.892s][info][gc,phases      ] GC(645) Post Compact 10.143ms
[147.892s][info][gc,heap        ] GC(645) PSYoungGen: 237056K(467968K)->3855K(467968K) Eden: 237056K(237056K)->3855K(237056K) From: 0K(230912K)->0K(230912K)
[147.892s][info][gc,heap        ] GC(645) ParOldGen: 1397810K(1398272K)->1397810K(1398272K)
[147.892s][info][gc,metaspace   ] GC(645) Metaspace: 123607K(128448K)->123607K(128448K) NonClass: 105516K(106752K)->105516K(106752K) Class: 18090K(21696K)->18090K(21696K)
[147.892s][info][gc             ] GC(645) Pause Full (Ergonomics) 1596M->1368M(1822M) 80.567ms
[147.892s][info][gc,cpu         ] GC(645) User=1.11s Sys=0.00s Real=0.08s
[147.919s][info][gc,start       ] GC(646) Pause Full (Ergonomics)
[147.919s][info][gc,phases,start] GC(646) Marking Phase
[147.966s][info][gc,phases      ] GC(646) Marking Phase 46.710ms
[147.966s][info][gc,phases,start] GC(646) Summary Phase
[147.966s][info][gc,phases      ] GC(646) Summary Phase 0.043ms
[147.966s][info][gc,phases,start] GC(646) Adjust Roots
[147.973s][info][gc,phases      ] GC(646) Adjust Roots 6.514ms
[147.973s][info][gc,phases,start] GC(646) Compaction Phase
[147.987s][info][gc,phases      ] GC(646) Compaction Phase 14.793ms
[147.987s][info][gc,phases,start] GC(646) Post Compact
[147.996s][info][gc,phases      ] GC(646) Post Compact 8.650ms
[147.996s][info][gc,heap        ] GC(646) PSYoungGen: 237056K(467968K)->3863K(467968K) Eden: 237056K(237056K)->3863K(237056K) From: 0K(230912K)->0K(230912K)
[147.996s][info][gc,heap        ] GC(646) ParOldGen: 1397810K(1398272K)->1397810K(1398272K)
[147.996s][info][gc,metaspace   ] GC(646) Metaspace: 123607K(128448K)->123607K(128448K) NonClass: 105516K(106752K)->105516K(106752K) Class: 18090K(21696K)->18090K(21696K)
[147.996s][info][gc             ] GC(646) Pause Full (Ergonomics) 1596M->1368M(1822M) 77.078ms
[147.996s][info][gc,cpu         ] GC(646) User=1.09s Sys=0.00s Real=0.08s
[148.024s][info][gc,start       ] GC(647) Pause Full (Ergonomics)
[148.024s][info][gc,phases,start] GC(647) Marking Phase
[148.068s][info][gc,phases      ] GC(647) Marking Phase 43.491ms
[148.068s][info][gc,phases,start] GC(647) Summary Phase
[148.068s][info][gc,phases      ] GC(647) Summary Phase 0.043ms
[148.068s][info][gc,phases,start] GC(647) Adjust Roots
[148.076s][info][gc,phases      ] GC(647) Adjust Roots 8.837ms
[148.077s][info][gc,phases,start] GC(647) Compaction Phase
[148.112s][info][gc,phases      ] GC(647) Compaction Phase 35.765ms
[148.112s][info][gc,phases,start] GC(647) Post Compact
[148.120s][info][gc,phases      ] GC(647) Post Compact 7.946ms
[148.120s][info][gc,heap        ] GC(647) PSYoungGen: 237056K(467968K)->3891K(467968K) Eden: 237056K(237056K)->3891K(237056K) From: 0K(230912K)->0K(230912K)
[148.120s][info][gc,heap        ] GC(647) ParOldGen: 1397810K(1398272K)->1397797K(1398272K)
[148.120s][info][gc,metaspace   ] GC(647) Metaspace: 123610K(128448K)->123610K(128448K) NonClass: 105519K(106752K)->105519K(106752K) Class: 18090K(21696K)->18090K(21696K)
[148.120s][info][gc             ] GC(647) Pause Full (Ergonomics) 1596M->1368M(1822M) 96.366ms
[148.120s][info][gc,cpu         ] GC(647) User=2.06s Sys=0.02s Real=0.09s
[148.137s][info][gc,start       ] GC(648) Pause Full (Ergonomics)
[148.137s][info][gc,phases,start] GC(648) Marking Phase
[148.181s][info][gc,phases      ] GC(648) Marking Phase 44.018ms
[148.181s][info][gc,phases,start] GC(648) Summary Phase
[148.181s][info][gc,phases      ] GC(648) Summary Phase 0.051ms
[148.181s][info][gc,phases,start] GC(648) Adjust Roots
[148.193s][info][gc,phases      ] GC(648) Adjust Roots 11.428ms
[148.193s][info][gc,phases,start] GC(648) Compaction Phase
[148.207s][info][gc,phases      ] GC(648) Compaction Phase 14.312ms
[148.207s][info][gc,phases,start] GC(648) Post Compact
[148.216s][info][gc,phases      ] GC(648) Post Compact 9.080ms
[148.216s][info][gc,heap        ] GC(648) PSYoungGen: 237056K(467968K)->3899K(467968K) Eden: 237056K(237056K)->3899K(237056K) From: 0K(230912K)->0K(230912K)
[148.216s][info][gc,heap        ] GC(648) ParOldGen: 1397797K(1398272K)->1397797K(1398272K)
[148.216s][info][gc,metaspace   ] GC(648) Metaspace: 123610K(128448K)->123610K(128448K) NonClass: 105519K(106752K)->105519K(106752K) Class: 18090K(21696K)->18090K(21696K)
[148.216s][info][gc             ] GC(648) Pause Full (Ergonomics) 1596M->1368M(1822M) 79.199ms
[148.216s][info][gc,cpu         ] GC(648) User=0.84s Sys=0.03s Real=0.08s
[148.245s][info][gc,start       ] GC(649) Pause Full (Ergonomics)
[148.245s][info][gc,phases,start] GC(649) Marking Phase
[148.295s][info][gc,phases      ] GC(649) Marking Phase 50.028ms
[148.295s][info][gc,phases,start] GC(649) Summary Phase
[148.295s][info][gc,phases      ] GC(649) Summary Phase 0.055ms
[148.295s][info][gc,phases,start] GC(649) Adjust Roots
[148.304s][info][gc,phases      ] GC(649) Adjust Roots 9.394ms
[148.304s][info][gc,phases,start] GC(649) Compaction Phase
[148.336s][info][gc,phases      ] GC(649) Compaction Phase 31.609ms
[148.336s][info][gc,phases,start] GC(649) Post Compact
[148.344s][info][gc,phases      ] GC(649) Post Compact 8.016ms
[148.344s][info][gc,heap        ] GC(649) PSYoungGen: 237056K(467968K)->0K(467968K) Eden: 237056K(237056K)->0K(237056K) From: 0K(230912K)->0K(230912K)
[148.344s][info][gc,heap        ] GC(649) ParOldGen: 1397797K(1398272K)->1377247K(1398272K)
[148.344s][info][gc,metaspace   ] GC(649) Metaspace: 123610K(128448K)->123610K(128448K) NonClass: 105519K(106752K)->105519K(106752K) Class: 18090K(21696K)->18090K(21696K)
[148.344s][info][gc             ] GC(649) Pause Full (Ergonomics) 1596M->1344M(1822M) 99.387ms
[148.344s][info][gc,cpu         ] GC(649) User=2.58s Sys=0.02s Real=0.11s
[148.361s][info][gc,start       ] GC(650) Pause Full (Ergonomics)
[148.361s][info][gc,phases,start] GC(650) Marking Phase
[148.402s][info][gc,phases      ] GC(650) Marking Phase 41.335ms
[148.402s][info][gc,phases,start] GC(650) Summary Phase
[148.402s][info][gc,phases      ] GC(650) Summary Phase 0.052ms
[148.402s][info][gc,phases,start] GC(650) Adjust Roots
[148.410s][info][gc,phases      ] GC(650) Adjust Roots 8.041ms
[148.410s][info][gc,phases,start] GC(650) Compaction Phase
[148.427s][info][gc,phases      ] GC(650) Compaction Phase 16.764ms
[148.427s][info][gc,phases,start] GC(650) Post Compact
[148.436s][info][gc,phases      ] GC(650) Post Compact 8.828ms
[148.436s][info][gc,heap        ] GC(650) PSYoungGen: 237056K(467968K)->0K(467968K) Eden: 237056K(237056K)->0K(237056K) From: 0K(230912K)->0K(230912K)
[148.436s][info][gc,heap        ] GC(650) ParOldGen: 1377247K(1398272K)->1373305K(1398272K)
[148.436s][info][gc,metaspace   ] GC(650) Metaspace: 123610K(128448K)->123610K(128448K) NonClass: 105519K(106752K)->105519K(106752K) Class: 18090K(21696K)->18090K(21696K)
[148.436s][info][gc             ] GC(650) Pause Full (Ergonomics) 1576M->1341M(1822M) 75.350ms
[148.436s][info][gc,cpu         ] GC(650) User=1.05s Sys=0.03s Real=0.08s
[148.460s][info][gc,start       ] GC(651) Pause Full (Ergonomics)
[148.460s][info][gc,phases,start] GC(651) Marking Phase
[148.506s][info][gc,phases      ] GC(651) Marking Phase 45.967ms
[148.506s][info][gc,phases,start] GC(651) Summary Phase
[148.506s][info][gc,phases      ] GC(651) Summary Phase 0.055ms
[148.506s][info][gc,phases,start] GC(651) Adjust Roots
[148.514s][info][gc,phases      ] GC(651) Adjust Roots 8.042ms
[148.514s][info][gc,phases,start] GC(651) Compaction Phase
[148.544s][info][gc,phases      ] GC(651) Compaction Phase 29.861ms
[148.544s][info][gc,phases,start] GC(651) Post Compact
[148.552s][info][gc,phases      ] GC(651) Post Compact 7.894ms
[148.552s][info][gc,heap        ] GC(651) PSYoungGen: 237056K(467968K)->0K(467968K) Eden: 237056K(237056K)->0K(237056K) From: 0K(230912K)->0K(230912K)
[148.552s][info][gc,heap        ] GC(651) ParOldGen: 1373305K(1398272K)->1348748K(1398272K)
[148.552s][info][gc,metaspace   ] GC(651) Metaspace: 123610K(128448K)->123610K(128448K) NonClass: 105519K(106752K)->105519K(106752K) Class: 18090K(21696K)->18090K(21696K)
[148.552s][info][gc             ] GC(651) Pause Full (Ergonomics) 1572M->1317M(1822M) 92.140ms
[148.552s][info][gc,cpu         ] GC(651) User=1.53s Sys=0.00s Real=0.09s
[148.569s][info][gc,start       ] GC(652) Pause Full (Ergonomics)
[148.570s][info][gc,phases,start] GC(652) Marking Phase
[148.605s][info][gc,phases      ] GC(652) Marking Phase 35.942ms
[148.606s][info][gc,phases,start] GC(652) Summary Phase
[148.606s][info][gc,phases      ] GC(652) Summary Phase 0.060ms
[148.606s][info][gc,phases,start] GC(652) Adjust Roots
[148.617s][info][gc,phases      ] GC(652) Adjust Roots 11.245ms
[148.617s][info][gc,phases,start] GC(652) Compaction Phase
[148.648s][info][gc,phases      ] GC(652) Compaction Phase 31.494ms
[148.648s][info][gc,phases,start] GC(652) Post Compact
[148.656s][info][gc,phases      ] GC(652) Post Compact 7.756ms
[148.656s][info][gc,heap        ] GC(652) PSYoungGen: 237056K(467968K)->0K(467968K) Eden: 237056K(237056K)->0K(237056K) From: 0K(230912K)->0K(230912K)
[148.656s][info][gc,heap        ] GC(652) ParOldGen: 1348748K(1398272K)->1324132K(1398272K)
[148.656s][info][gc,metaspace   ] GC(652) Metaspace: 123610K(128448K)->123610K(128448K) NonClass: 105519K(106752K)->105519K(106752K) Class: 18090K(21696K)->18090K(21696K)
[148.656s][info][gc             ] GC(652) Pause Full (Ergonomics) 1548M->1293M(1822M) 86.788ms
[148.656s][info][gc,cpu         ] GC(652) User=1.31s Sys=0.00s Real=0.08s
[148.676s][info][gc,start       ] GC(653) Pause Young (Allocation Failure)
[148.678s][info][gc,heap        ] GC(653) PSYoungGen: 237056K(467968K)->983K(463872K) Eden: 237056K(237056K)->0K(232960K) From: 0K(230912K)->983K(230912K)
[148.678s][info][gc,heap        ] GC(653) ParOldGen: 1324132K(1398272K)->1324132K(1398272K)
[148.678s][info][gc,metaspace   ] GC(653) Metaspace: 123610K(128448K)->123610K(128448K) NonClass: 105519K(106752K)->105519K(106752K) Class: 18090K(21696K)->18090K(21696K)
[148.678s][info][gc             ] GC(653) Pause Young (Allocation Failure) 1524M->1294M(1818M) 1.516ms
[148.678s][info][gc,cpu         ] GC(653) User=0.22s Sys=0.02s Real=0.01s
[148.711s][info][gc,start       ] GC(654) Pause Young (Allocation Failure)
[148.712s][info][gc,heap        ] GC(654) PSYoungGen: 233943K(463872K)->1915K(465920K) Eden: 232960K(232960K)->0K(232960K) From: 983K(230912K)->1915K(232960K)
[148.712s][info][gc,heap        ] GC(654) ParOldGen: 1324132K(1398272K)->1324132K(1398272K)
[148.712s][info][gc,metaspace   ] GC(654) Metaspace: 123618K(128448K)->123618K(128448K) NonClass: 105528K(106752K)->105528K(106752K) Class: 18090K(21696K)->18090K(21696K)
[148.712s][info][gc             ] GC(654) Pause Young (Allocation Failure) 1521M->1294M(1820M) 1.417ms
[148.712s][info][gc,cpu         ] GC(654) User=0.00s Sys=0.00s Real=0.00s
[149.153s][info][gc,start       ] GC(655) Pause Young (System.gc())
[149.156s][info][gc,heap        ] GC(655) PSYoungGen: 111790K(465920K)->2284K(465920K) Eden: 109874K(232960K)->0K(232960K) From: 1915K(232960K)->2284K(232960K)
[149.156s][info][gc,heap        ] GC(655) ParOldGen: 1324132K(1398272K)->1324140K(1398272K)
[149.156s][info][gc,metaspace   ] GC(655) Metaspace: 123661K(128448K)->123661K(128448K) NonClass: 105571K(106752K)->105571K(106752K) Class: 18090K(21696K)->18090K(21696K)
[149.156s][info][gc             ] GC(655) Pause Young (System.gc()) 1402M->1295M(1820M) 2.709ms
[149.156s][info][gc,cpu         ] GC(655) User=0.00s Sys=0.00s Real=0.00s
[149.156s][info][gc,start       ] GC(656) Pause Full (System.gc())
[149.156s][info][gc,phases,start] GC(656) Marking Phase
[149.214s][info][gc,phases      ] GC(656) Marking Phase 57.357ms
[149.214s][info][gc,phases,start] GC(656) Summary Phase
[149.214s][info][gc,phases      ] GC(656) Summary Phase 0.033ms
[149.214s][info][gc,phases,start] GC(656) Adjust Roots
[149.225s][info][gc,phases      ] GC(656) Adjust Roots 10.848ms
[149.225s][info][gc,phases,start] GC(656) Compaction Phase
[149.298s][info][gc,phases      ] GC(656) Compaction Phase 73.109ms
[149.298s][info][gc,phases,start] GC(656) Post Compact
[149.304s][info][gc,phases      ] GC(656) Post Compact 6.551ms
[149.304s][info][gc,heap        ] GC(656) PSYoungGen: 2284K(465920K)->0K(465920K) Eden: 0K(232960K)->0K(232960K) From: 2284K(232960K)->0K(232960K)
[149.304s][info][gc,heap        ] GC(656) ParOldGen: 1324140K(1398272K)->973868K(1398272K)
[149.304s][info][gc,metaspace   ] GC(656) Metaspace: 123661K(128448K)->123661K(128448K) NonClass: 105571K(106752K)->105571K(106752K) Class: 18090K(21696K)->18090K(21696K)
[149.304s][info][gc             ] GC(656) Pause Full (System.gc()) 1295M->951M(1820M) 148.201ms
[149.305s][info][gc,cpu         ] GC(656) User=3.89s Sys=0.08s Real=0.14s
[149.414s][info][gc,start       ] GC(657) Pause Young (Allocation Failure)
[149.416s][info][gc,heap        ] GC(657) PSYoungGen: 232959K(465920K)->10390K(465920K) Eden: 232959K(232960K)->0K(232960K) From: 0K(232960K)->10390K(232960K)
[149.416s][info][gc,heap        ] GC(657) ParOldGen: 973868K(1398272K)->973876K(1398272K)
[149.416s][info][gc,metaspace   ] GC(657) Metaspace: 123897K(128448K)->123897K(128448K) NonClass: 105806K(106752K)->105806K(106752K) Class: 18090K(21696K)->18090K(21696K)
[149.416s][info][gc             ] GC(657) Pause Young (Allocation Failure) 1178M->961M(1820M) 2.254ms
[149.416s][info][gc,cpu         ] GC(657) User=0.00s Sys=0.00s Real=0.00s
[149.433s][info][gc,start       ] GC(658) Pause Young (Allocation Failure)
[149.435s][info][gc,heap        ] GC(658) PSYoungGen: 243350K(465920K)->11740K(465920K) Eden: 232960K(232960K)->0K(232960K) From: 10390K(232960K)->11740K(232960K)
[149.435s][info][gc,heap        ] GC(658) ParOldGen: 973876K(1398272K)->973884K(1398272K)
[149.435s][info][gc,metaspace   ] GC(658) Metaspace: 123923K(128512K)->123923K(128512K) NonClass: 105833K(106816K)->105833K(106816K) Class: 18090K(21696K)->18090K(21696K)
[149.435s][info][gc             ] GC(658) Pause Young (Allocation Failure) 1188M->962M(1820M) 2.054ms
[149.435s][info][gc,cpu         ] GC(658) User=0.00s Sys=0.00s Real=0.00s
[149.451s][info][gc,start       ] GC(659) Pause Young (Allocation Failure)
[149.453s][info][gc,heap        ] GC(659) PSYoungGen: 244700K(465920K)->13216K(465920K) Eden: 232960K(232960K)->0K(232960K) From: 11740K(232960K)->13216K(232960K)
[149.453s][info][gc,heap        ] GC(659) ParOldGen: 973884K(1398272K)->973884K(1398272K)
[149.453s][info][gc,metaspace   ] GC(659) Metaspace: 123926K(128512K)->123926K(128512K) NonClass: 105836K(106816K)->105836K(106816K) Class: 18090K(21696K)->18090K(21696K)
[149.453s][info][gc             ] GC(659) Pause Young (Allocation Failure) 1190M->963M(1820M) 2.197ms
[149.453s][info][gc,cpu         ] GC(659) User=0.00s Sys=0.00s Real=0.00s
[149.470s][info][gc,start       ] GC(660) Pause Young (Allocation Failure)
[149.473s][info][gc,heap        ] GC(660) PSYoungGen: 246176K(465920K)->8493K(465920K) Eden: 232960K(232960K)->0K(232960K) From: 13216K(232960K)->8493K(232960K)
[149.473s][info][gc,heap        ] GC(660) ParOldGen: 973884K(1398272K)->983068K(1398272K)
[149.473s][info][gc,metaspace   ] GC(660) Metaspace: 123927K(128512K)->123927K(128512K) NonClass: 105836K(106816K)->105836K(106816K) Class: 18090K(21696K)->18090K(21696K)
[149.473s][info][gc             ] GC(660) Pause Young (Allocation Failure) 1191M->968M(1820M) 2.823ms
[149.473s][info][gc,cpu         ] GC(660) User=0.00s Sys=0.00s Real=0.00s
[149.489s][info][gc,start       ] GC(661) Pause Young (Allocation Failure)
[149.491s][info][gc,heap        ] GC(661) PSYoungGen: 241453K(465920K)->3406K(465920K) Eden: 232960K(232960K)->0K(232960K) From: 8493K(232960K)->3406K(232960K)
[149.491s][info][gc,heap        ] GC(661) ParOldGen: 983068K(1398272K)->989253K(1398272K)
[149.491s][info][gc,metaspace   ] GC(661) Metaspace: 123927K(128512K)->123927K(128512K) NonClass: 105837K(106816K)->105837K(106816K) Class: 18090K(21696K)->18090K(21696K)
[149.491s][info][gc             ] GC(661) Pause Young (Allocation Failure) 1195M->969M(1820M) 1.852ms
[149.491s][info][gc,cpu         ] GC(661) User=0.00s Sys=0.00s Real=0.00s
[149.507s][info][gc,start       ] GC(662) Pause Young (Allocation Failure)
[149.509s][info][gc,heap        ] GC(662) PSYoungGen: 236366K(465920K)->3790K(459776K) Eden: 232960K(232960K)->0K(232960K) From: 3406K(232960K)->3790K(226816K)
[149.509s][info][gc,heap        ] GC(662) ParOldGen: 989253K(1398272K)->991886K(1398272K)
[149.509s][info][gc,metaspace   ] GC(662) Metaspace: 123927K(128512K)->123927K(128512K) NonClass: 105837K(106816K)->105837K(106816K) Class: 18090K(21696K)->18090K(21696K)
[149.509s][info][gc             ] GC(662) Pause Young (Allocation Failure) 1196M->972M(1814M) 2.168ms
[149.509s][info][gc,cpu         ] GC(662) User=0.00s Sys=0.00s Real=0.00s
[149.525s][info][gc,start       ] GC(663) Pause Young (Allocation Failure)
[149.529s][info][gc,heap        ] GC(663) PSYoungGen: 236750K(459776K)->14664K(247808K) Eden: 232960K(232960K)->0K(232960K) From: 3790K(226816K)->14664K(14848K)
[149.529s][info][gc,heap        ] GC(663) ParOldGen: 991886K(1398272K)->991886K(1398272K)
[149.529s][info][gc,metaspace   ] GC(663) Metaspace: 123927K(128512K)->123927K(128512K) NonClass: 105837K(106816K)->105837K(106816K) Class: 18090K(21696K)->18090K(21696K)
[149.529s][info][gc             ] GC(663) Pause Young (Allocation Failure) 1199M->982M(1607M) 3.989ms
[149.529s][info][gc,cpu         ] GC(663) User=0.19s Sys=0.00s Real=0.02s
[149.545s][info][gc,start       ] GC(664) Pause Young (Allocation Failure)
[149.549s][info][gc,heap        ] GC(664) PSYoungGen: 247624K(247808K)->16290K(437760K) Eden: 232960K(232960K)->0K(239616K) From: 14664K(14848K)->16290K(198144K)
[149.549s][info][gc,heap        ] GC(664) ParOldGen: 991886K(1398272K)->991886K(1398272K)
[149.549s][info][gc,metaspace   ] GC(664) Metaspace: 123927K(128512K)->123927K(128512K) NonClass: 105837K(106816K)->105837K(106816K) Class: 18090K(21696K)->18090K(21696K)
[149.549s][info][gc             ] GC(664) Pause Young (Allocation Failure) 1210M->984M(1793M) 4.615ms
[149.549s][info][gc,cpu         ] GC(664) User=0.00s Sys=0.00s Real=0.00s
[149.566s][info][gc,start       ] GC(665) Pause Young (Allocation Failure)
[149.570s][info][gc,heap        ] GC(665) PSYoungGen: 255906K(437760K)->19351K(259072K) Eden: 239616K(239616K)->0K(239616K) From: 16290K(198144K)->19351K(19456K)
[149.570s][info][gc,heap        ] GC(665) ParOldGen: 991886K(1398272K)->991886K(1398272K)
[149.570s][info][gc,metaspace   ] GC(665) Metaspace: 123927K(128512K)->123927K(128512K) NonClass: 105837K(106816K)->105837K(106816K) Class: 18090K(21696K)->18090K(21696K)
[149.570s][info][gc             ] GC(665) Pause Young (Allocation Failure) 1218M->987M(1618M) 4.255ms
[149.570s][info][gc,cpu         ] GC(665) User=0.00s Sys=0.00s Real=0.00s
[149.586s][info][gc,start       ] GC(666) Pause Young (Allocation Failure)
[149.591s][info][gc,heap        ] GC(666) PSYoungGen: 258967K(259072K)->21759K(423936K) Eden: 239616K(239616K)->0K(246784K) From: 19351K(19456K)->21759K(177152K)
[149.591s][info][gc,heap        ] GC(666) ParOldGen: 991886K(1398272K)->991886K(1398272K)
[149.591s][info][gc,metaspace   ] GC(666) Metaspace: 123927K(128512K)->123927K(128512K) NonClass: 105837K(106816K)->105837K(106816K) Class: 18090K(21696K)->18090K(21696K)
[149.591s][info][gc             ] GC(666) Pause Young (Allocation Failure) 1221M->989M(1779M) 5.187ms
[149.591s][info][gc,cpu         ] GC(666) User=0.00s Sys=0.00s Real=0.00s
[149.608s][info][gc,start       ] GC(667) Pause Young (Allocation Failure)
[149.614s][info][gc,heap        ] GC(667) PSYoungGen: 268543K(423936K)->27522K(274432K) Eden: 246784K(246784K)->0K(246784K) From: 21759K(177152K)->27522K(27648K)
[149.614s][info][gc,heap        ] GC(667) ParOldGen: 991886K(1398272K)->991886K(1398272K)
[149.614s][info][gc,metaspace   ] GC(667) Metaspace: 123927K(128512K)->123927K(128512K) NonClass: 105837K(106816K)->105837K(106816K) Class: 18090K(21696K)->18090K(21696K)
[149.614s][info][gc             ] GC(667) Pause Young (Allocation Failure) 1230M->995M(1633M) 5.341ms
[149.614s][info][gc,cpu         ] GC(667) User=0.33s Sys=0.00s Real=0.02s
[149.631s][info][gc,start       ] GC(668) Pause Young (Allocation Failure)
[149.638s][info][gc,heap        ] GC(668) PSYoungGen: 274306K(274432K)->32274K(407552K) Eden: 246784K(246784K)->0K(254976K) From: 27522K(27648K)->32274K(152576K)
[149.638s][info][gc,heap        ] GC(668) ParOldGen: 991886K(1398272K)->991886K(1398272K)
[149.638s][info][gc,metaspace   ] GC(668) Metaspace: 123927K(128512K)->123927K(128512K) NonClass: 105837K(106816K)->105837K(106816K) Class: 18090K(21696K)->18090K(21696K)
[149.638s][info][gc             ] GC(668) Pause Young (Allocation Failure) 1236M->1000M(1763M) 6.780ms
[149.638s][info][gc,cpu         ] GC(668) User=0.00s Sys=0.00s Real=0.00s
[149.656s][info][gc,start       ] GC(669) Pause Young (Allocation Failure)
[149.662s][info][gc,heap        ] GC(669) PSYoungGen: 287250K(407552K)->37839K(292864K) Eden: 254976K(254976K)->0K(254976K) From: 32274K(152576K)->37839K(37888K)
[149.662s][info][gc,heap        ] GC(669) ParOldGen: 991886K(1398272K)->991886K(1398272K)
[149.662s][info][gc,metaspace   ] GC(669) Metaspace: 123927K(128512K)->123927K(128512K) NonClass: 105837K(106816K)->105837K(106816K) Class: 18090K(21696K)->18090K(21696K)
[149.662s][info][gc             ] GC(669) Pause Young (Allocation Failure) 1249M->1005M(1651M) 6.245ms
[149.662s][info][gc,cpu         ] GC(669) User=0.30s Sys=0.00s Real=0.01s
[149.680s][info][gc,start       ] GC(670) Pause Young (Allocation Failure)
[149.687s][info][gc,heap        ] GC(670) PSYoungGen: 292815K(292864K)->40900K(395264K) Eden: 254976K(254976K)->0K(264192K) From: 37839K(37888K)->40900K(131072K)
[149.687s][info][gc,heap        ] GC(670) ParOldGen: 991886K(1398272K)->991886K(1398272K)
[149.687s][info][gc,metaspace   ] GC(670) Metaspace: 123927K(128512K)->123927K(128512K) NonClass: 105837K(106816K)->105837K(106816K) Class: 18090K(21696K)->18090K(21696K)
[149.687s][info][gc             ] GC(670) Pause Young (Allocation Failure) 1254M->1008M(1751M) 7.521ms
[149.687s][info][gc,cpu         ] GC(670) User=0.00s Sys=0.00s Real=0.00s
[149.706s][info][gc,start       ] GC(671) Pause Young (Allocation Failure)
[149.711s][info][gc,heap        ] GC(671) PSYoungGen: 305092K(395264K)->41649K(405504K) Eden: 264192K(264192K)->0K(264192K) From: 40900K(131072K)->41649K(141312K)
[149.712s][info][gc,heap        ] GC(671) ParOldGen: 991886K(1398272K)->991886K(1398272K)
[149.712s][info][gc,metaspace   ] GC(671) Metaspace: 123927K(128512K)->123927K(128512K) NonClass: 105837K(106816K)->105837K(106816K) Class: 18090K(21696K)->18090K(21696K)
[149.712s][info][gc             ] GC(671) Pause Young (Allocation Failure) 1266M->1009M(1761M) 5.715ms
[149.712s][info][gc,cpu         ] GC(671) User=0.00s Sys=0.00s Real=0.00s
[149.730s][info][gc,start       ] GC(672) Pause Young (Allocation Failure)
[149.737s][info][gc,heap        ] GC(672) PSYoungGen: 305841K(405504K)->41681K(389120K) Eden: 264192K(264192K)->0K(274432K) From: 41649K(141312K)->41681K(114688K)
[149.737s][info][gc,heap        ] GC(672) ParOldGen: 991886K(1398272K)->991886K(1398272K)
[149.737s][info][gc,metaspace   ] GC(672) Metaspace: 123927K(128512K)->123927K(128512K) NonClass: 105837K(106816K)->105837K(106816K) Class: 18090K(21696K)->18090K(21696K)
[149.737s][info][gc             ] GC(672) Pause Young (Allocation Failure) 1267M->1009M(1745M) 7.009ms
[149.737s][info][gc,cpu         ] GC(672) User=0.02s Sys=0.02s Real=0.02s
[149.756s][info][gc,start       ] GC(673) Pause Young (Allocation Failure)
[149.761s][info][gc,heap        ] GC(673) PSYoungGen: 316113K(389120K)->46304K(397312K) Eden: 274432K(274432K)->0K(274432K) From: 41681K(114688K)->46304K(122880K)
[149.761s][info][gc,heap        ] GC(673) ParOldGen: 991886K(1398272K)->991886K(1398272K)
[149.761s][info][gc,metaspace   ] GC(673) Metaspace: 123927K(128512K)->123927K(128512K) NonClass: 105837K(106816K)->105837K(106816K) Class: 18090K(21696K)->18090K(21696K)
[149.761s][info][gc             ] GC(673) Pause Young (Allocation Failure) 1277M->1013M(1753M) 5.678ms
[149.761s][info][gc,cpu         ] GC(673) User=0.00s Sys=0.00s Real=0.00s
[149.779s][info][gc,start       ] GC(674) Pause Young (Allocation Failure)
[149.786s][info][gc,heap        ] GC(674) PSYoungGen: 320736K(397312K)->47867K(392704K) Eden: 274432K(274432K)->0K(285696K) From: 46304K(122880K)->47867K(107008K)
[149.786s][info][gc,heap        ] GC(674) ParOldGen: 991886K(1398272K)->991886K(1398272K)
[149.786s][info][gc,metaspace   ] GC(674) Metaspace: 123927K(128512K)->123927K(128512K) NonClass: 105837K(106816K)->105837K(106816K) Class: 18090K(21696K)->18090K(21696K)
[149.786s][info][gc             ] GC(674) Pause Young (Allocation Failure) 1281M->1015M(1749M) 6.866ms
[149.786s][info][gc,cpu         ] GC(674) User=0.28s Sys=0.00s Real=0.01s
[149.805s][info][gc,start       ] GC(675) Pause Young (Allocation Failure)
[149.811s][info][gc,heap        ] GC(675) PSYoungGen: 333563K(392704K)->46304K(397312K) Eden: 285696K(285696K)->0K(285696K) From: 47867K(107008K)->46304K(111616K)
[149.811s][info][gc,heap        ] GC(675) ParOldGen: 991886K(1398272K)->991886K(1398272K)
[149.811s][info][gc,metaspace   ] GC(675) Metaspace: 123927K(128512K)->123927K(128512K) NonClass: 105837K(106816K)->105837K(106816K) Class: 18090K(21696K)->18090K(21696K)
[149.811s][info][gc             ] GC(675) Pause Young (Allocation Failure) 1294M->1013M(1753M) 5.821ms
[149.811s][info][gc,cpu         ] GC(675) User=0.00s Sys=0.00s Real=0.00s
[149.845s][info][gc,start       ] GC(676) Pause Young (Allocation Failure)
[149.851s][info][gc,heap        ] GC(676) PSYoungGen: 332000K(397312K)->55679K(399360K) Eden: 285696K(285696K)->0K(296960K) From: 46304K(111616K)->55679K(102400K)
[149.851s][info][gc,heap        ] GC(676) ParOldGen: 991886K(1398272K)->991886K(1398272K)
[149.851s][info][gc,metaspace   ] GC(676) Metaspace: 123927K(128512K)->123927K(128512K) NonClass: 105837K(106816K)->105837K(106816K) Class: 18090K(21696K)->18090K(21696K)
[149.851s][info][gc             ] GC(676) Pause Young (Allocation Failure) 1292M->1023M(1755M) 6.095ms
[149.851s][info][gc,cpu         ] GC(676) User=0.00s Sys=0.00s Real=0.00s
[149.871s][info][gc,start       ] GC(677) Pause Young (Allocation Failure)
[149.878s][info][gc,heap        ] GC(677) PSYoungGen: 352639K(399360K)->57210K(401408K) Eden: 296960K(296960K)->0K(296960K) From: 55679K(102400K)->57210K(104448K)
[149.878s][info][gc,heap        ] GC(677) ParOldGen: 991886K(1398272K)->991991K(1398272K)
[149.878s][info][gc,metaspace   ] GC(677) Metaspace: 123927K(128512K)->123927K(128512K) NonClass: 105837K(106816K)->105837K(106816K) Class: 18090K(21696K)->18090K(21696K)
[149.878s][info][gc             ] GC(677) Pause Young (Allocation Failure) 1313M->1024M(1757M) 6.954ms
[149.878s][info][gc,cpu         ] GC(677) User=0.22s Sys=0.00s Real=0.02s
[149.899s][info][gc,start       ] GC(678) Pause Young (Allocation Failure)
[149.906s][info][gc,heap        ] GC(678) PSYoungGen: 354170K(401408K)->66649K(410624K) Eden: 296960K(296960K)->0K(307200K) From: 57210K(104448K)->66649K(103424K)
[149.906s][info][gc,heap        ] GC(678) ParOldGen: 991991K(1398272K)->991999K(1398272K)
[149.906s][info][gc,metaspace   ] GC(678) Metaspace: 123927K(128512K)->123927K(128512K) NonClass: 105837K(106816K)->105837K(106816K) Class: 18090K(21696K)->18090K(21696K)
[149.906s][info][gc             ] GC(678) Pause Young (Allocation Failure) 1314M->1033M(1766M) 7.497ms
[149.906s][info][gc,cpu         ] GC(678) User=0.00s Sys=0.00s Real=0.00s
[149.939s][info][gc,start       ] GC(679) Pause Young (Allocation Failure)
[149.948s][info][gc,heap        ] GC(679) PSYoungGen: 373849K(410624K)->85399K(412672K) Eden: 307200K(307200K)->0K(307200K) From: 66649K(103424K)->85399K(105472K)
[149.948s][info][gc,heap        ] GC(679) ParOldGen: 991999K(1398272K)->992007K(1398272K)
[149.948s][info][gc,metaspace   ] GC(679) Metaspace: 123927K(128512K)->123927K(128512K) NonClass: 105837K(106816K)->105837K(106816K) Class: 18090K(21696K)->18090K(21696K)
[149.948s][info][gc             ] GC(679) Pause Young (Allocation Failure) 1333M->1052M(1768M) 8.904ms
[149.948s][info][gc,cpu         ] GC(679) User=0.00s Sys=0.00s Real=0.00s
[149.968s][info][gc,start       ] GC(680) Pause Young (Allocation Failure)
[149.977s][info][gc,heap        ] GC(680) PSYoungGen: 392599K(412672K)->76056K(432128K) Eden: 307200K(307200K)->0K(317952K) From: 85399K(105472K)->76056K(114176K)
[149.977s][info][gc,heap        ] GC(680) ParOldGen: 992007K(1398272K)->992015K(1398272K)
[149.977s][info][gc,metaspace   ] GC(680) Metaspace: 123927K(128512K)->123927K(128512K) NonClass: 105837K(106816K)->105837K(106816K) Class: 18090K(21696K)->18090K(21696K)
[149.977s][info][gc             ] GC(680) Pause Young (Allocation Failure) 1352M->1043M(1787M) 8.153ms
[149.977s][info][gc,cpu         ] GC(680) User=0.28s Sys=0.00s Real=0.02s
[149.998s][info][gc,start       ] GC(681) Pause Young (Allocation Failure)
[150.008s][info][gc,heap        ] GC(681) PSYoungGen: 394008K(432128K)->88524K(434688K) Eden: 317952K(317952K)->0K(317952K) From: 76056K(114176K)->88524K(116736K)
[150.008s][info][gc,heap        ] GC(681) ParOldGen: 992015K(1398272K)->992015K(1398272K)
[150.008s][info][gc,metaspace   ] GC(681) Metaspace: 123927K(128512K)->123927K(128512K) NonClass: 105837K(106816K)->105837K(106816K) Class: 18090K(21696K)->18090K(21696K)
[150.008s][info][gc             ] GC(681) Pause Young (Allocation Failure) 1353M->1055M(1790M) 9.715ms
[150.008s][info][gc,cpu         ] GC(681) User=0.31s Sys=0.00s Real=0.02s
[150.029s][info][gc,start       ] GC(682) Pause Young (Allocation Failure)
[150.045s][info][gc,heap        ] GC(682) PSYoungGen: 406476K(434688K)->90481K(451584K) Eden: 317952K(317952K)->0K(328192K) From: 88524K(116736K)->90481K(123392K)
[150.045s][info][gc,heap        ] GC(682) ParOldGen: 992015K(1398272K)->992015K(1398272K)
[150.045s][info][gc,metaspace   ] GC(682) Metaspace: 123927K(128512K)->123927K(128512K) NonClass: 105837K(106816K)->105837K(106816K) Class: 18090K(21696K)->18090K(21696K)
[150.045s][info][gc             ] GC(682) Pause Young (Allocation Failure) 1365M->1057M(1806M) 15.549ms
[150.045s][info][gc,cpu         ] GC(682) User=0.23s Sys=0.08s Real=0.01s
[150.068s][info][gc,start       ] GC(683) Pause Young (Allocation Failure)
[150.078s][info][gc,heap        ] GC(683) PSYoungGen: 418673K(451584K)->96726K(457216K) Eden: 328192K(328192K)->0K(328192K) From: 90481K(123392K)->96726K(129024K)
[150.078s][info][gc,heap        ] GC(683) ParOldGen: 992015K(1398272K)->992015K(1398272K)
[150.078s][info][gc,metaspace   ] GC(683) Metaspace: 123927K(128512K)->123927K(128512K) NonClass: 105837K(106816K)->105837K(106816K) Class: 18090K(21696K)->18090K(21696K)
[150.078s][info][gc             ] GC(683) Pause Young (Allocation Failure) 1377M->1063M(1812M) 9.944ms
[150.078s][info][gc,cpu         ] GC(683) User=0.00s Sys=0.00s Real=0.00s
[150.112s][info][gc,start       ] GC(684) Pause Young (Allocation Failure)
[150.129s][info][gc,heap        ] GC(684) PSYoungGen: 424918K(457216K)->110628K(473088K) Eden: 328192K(328192K)->0K(337408K) From: 96726K(129024K)->110628K(135680K)
[150.129s][info][gc,heap        ] GC(684) ParOldGen: 992015K(1398272K)->992015K(1398272K)
[150.129s][info][gc,metaspace   ] GC(684) Metaspace: 123927K(128512K)->123927K(128512K) NonClass: 105837K(106816K)->105837K(106816K) Class: 18090K(21696K)->18090K(21696K)
[150.129s][info][gc             ] GC(684) Pause Young (Allocation Failure) 1383M->1076M(1827M) 17.096ms
[150.129s][info][gc,cpu         ] GC(684) User=0.06s Sys=0.08s Real=0.02s
[150.153s][info][gc,start       ] GC(685) Pause Young (Allocation Failure)
[150.164s][info][gc,heap        ] GC(685) PSYoungGen: 448036K(473088K)->111755K(483328K) Eden: 337408K(337408K)->0K(337408K) From: 110628K(135680K)->111755K(145920K)
[150.164s][info][gc,heap        ] GC(685) ParOldGen: 992015K(1398272K)->992015K(1398272K)
[150.164s][info][gc,metaspace   ] GC(685) Metaspace: 123927K(128512K)->123927K(128512K) NonClass: 105837K(106816K)->105837K(106816K) Class: 18090K(21696K)->18090K(21696K)
[150.164s][info][gc             ] GC(685) Pause Young (Allocation Failure) 1406M->1077M(1837M) 11.408ms
[150.164s][info][gc,cpu         ] GC(685) User=0.00s Sys=0.00s Real=0.00s
[150.200s][info][gc,start       ] GC(686) Pause Young (Allocation Failure)
[150.219s][info][gc,heap        ] GC(686) PSYoungGen: 449163K(483328K)->121811K(502784K) Eden: 337408K(337408K)->0K(348672K) From: 111755K(145920K)->121811K(154112K)
[150.219s][info][gc,heap        ] GC(686) ParOldGen: 992015K(1398272K)->992015K(1398272K)
[150.219s][info][gc,metaspace   ] GC(686) Metaspace: 123927K(128512K)->123927K(128512K) NonClass: 105837K(106816K)->105837K(106816K) Class: 18090K(21696K)->18090K(21696K)
[150.219s][info][gc             ] GC(686) Pause Young (Allocation Failure) 1407M->1087M(1856M) 19.109ms
[150.219s][info][gc,cpu         ] GC(686) User=0.02s Sys=0.11s Real=0.02s
[150.243s][info][gc,start       ] GC(687) Pause Young (Allocation Failure)
[150.255s][info][gc,heap        ] GC(687) PSYoungGen: 470483K(502784K)->126130K(512512K) Eden: 348672K(348672K)->0K(348672K) From: 121811K(154112K)->126130K(163840K)
[150.255s][info][gc,heap        ] GC(687) ParOldGen: 992015K(1398272K)->992015K(1398272K)
[150.255s][info][gc,metaspace   ] GC(687) Metaspace: 123927K(128512K)->123927K(128512K) NonClass: 105837K(106816K)->105837K(106816K) Class: 18090K(21696K)->18090K(21696K)
[150.255s][info][gc             ] GC(687) Pause Young (Allocation Failure) 1428M->1091M(1866M) 12.064ms
[150.255s][info][gc,cpu         ] GC(687) User=0.53s Sys=0.00s Real=0.02s
[150.279s][info][gc,start       ] GC(688) Pause Young (Allocation Failure)
[150.294s][info][gc,heap        ] GC(688) PSYoungGen: 474802K(512512K)->133747K(505856K) Eden: 348672K(348672K)->0K(332288K) From: 126130K(163840K)->133747K(173568K)
[150.295s][info][gc,heap        ] GC(688) ParOldGen: 992015K(1398272K)->992015K(1398272K)
[150.295s][info][gc,metaspace   ] GC(688) Metaspace: 123927K(128512K)->123927K(128512K) NonClass: 105837K(106816K)->105837K(106816K) Class: 18090K(21696K)->18090K(21696K)
[150.295s][info][gc             ] GC(688) Pause Young (Allocation Failure) 1432M->1099M(1859M) 15.349ms
[150.295s][info][gc,cpu         ] GC(688) User=0.05s Sys=0.05s Real=0.01s
[150.317s][info][gc,start       ] GC(689) Pause Young (Allocation Failure)
[150.330s][info][gc,heap        ] GC(689) PSYoungGen: 466035K(505856K)->133824K(466432K) Eden: 332288K(332288K)->0K(332288K) From: 133747K(173568K)->133824K(134144K)
[150.330s][info][gc,heap        ] GC(689) ParOldGen: 992015K(1398272K)->992015K(1398272K)
[150.330s][info][gc,metaspace   ] GC(689) Metaspace: 123927K(128512K)->123927K(128512K) NonClass: 105837K(106816K)->105837K(106816K) Class: 18090K(21696K)->18090K(21696K)
[150.330s][info][gc             ] GC(689) Pause Young (Allocation Failure) 1423M->1099M(1821M) 13.113ms
[150.330s][info][gc,cpu         ] GC(689) User=0.38s Sys=0.00s Real=0.02s
[150.352s][info][gc,start       ] GC(690) Pause Young (Allocation Failure)
[150.366s][info][gc,heap        ] GC(690) PSYoungGen: 466112K(466432K)->140690K(492032K) Eden: 332288K(332288K)->0K(301568K) From: 133824K(134144K)->140690K(190464K)
[150.366s][info][gc,heap        ] GC(690) ParOldGen: 992015K(1398272K)->992015K(1398272K)
[150.366s][info][gc,metaspace   ] GC(690) Metaspace: 123927K(128512K)->123927K(128512K) NonClass: 105837K(106816K)->105837K(106816K) Class: 18090K(21696K)->18090K(21696K)
[150.366s][info][gc             ] GC(690) Pause Young (Allocation Failure) 1423M->1106M(1846M) 13.792ms
[150.366s][info][gc,cpu         ] GC(690) User=0.52s Sys=0.00s Real=0.01s
[150.386s][info][gc,start       ] GC(691) Pause Young (Allocation Failure)
[150.400s][info][gc,heap        ] GC(691) PSYoungGen: 442258K(492032K)->150206K(452096K) Eden: 301568K(301568K)->0K(301568K) From: 140690K(190464K)->150206K(150528K)
[150.400s][info][gc,heap        ] GC(691) ParOldGen: 992015K(1398272K)->992015K(1398272K)
[150.400s][info][gc,metaspace   ] GC(691) Metaspace: 123927K(128512K)->123927K(128512K) NonClass: 105837K(106816K)->105837K(106816K) Class: 18090K(21696K)->18090K(21696K)
[150.400s][info][gc             ] GC(691) Pause Young (Allocation Failure) 1400M->1115M(1807M) 14.204ms
[150.400s][info][gc,cpu         ] GC(691) User=0.41s Sys=0.00s Real=0.02s
[150.420s][info][gc,start       ] GC(692) Pause Young (Allocation Failure)
[150.435s][info][gc,heap        ] GC(692) PSYoungGen: 451774K(452096K)->147446K(479232K) Eden: 301568K(301568K)->0K(270848K) From: 150206K(150528K)->147446K(208384K)
[150.435s][info][gc,heap        ] GC(692) ParOldGen: 992015K(1398272K)->992015K(1398272K)
[150.435s][info][gc,metaspace   ] GC(692) Metaspace: 123927K(128512K)->123927K(128512K) NonClass: 105837K(106816K)->105837K(106816K) Class: 18090K(21696K)->18090K(21696K)
[150.435s][info][gc             ] GC(692) Pause Young (Allocation Failure) 1409M->1112M(1833M) 14.988ms
[150.435s][info][gc,cpu         ] GC(692) User=0.41s Sys=0.00s Real=0.02s
[150.453s][info][gc,start       ] GC(693) Pause Young (Allocation Failure)
[150.468s][info][gc,heap        ] GC(693) PSYoungGen: 418294K(479232K)->154073K(424960K) Eden: 270848K(270848K)->0K(270848K) From: 147446K(208384K)->154073K(154112K)
[150.469s][info][gc,heap        ] GC(693) ParOldGen: 992015K(1398272K)->992015K(1398272K)
[150.469s][info][gc,metaspace   ] GC(693) Metaspace: 123927K(128512K)->123927K(128512K) NonClass: 105837K(106816K)->105837K(106816K) Class: 18090K(21696K)->18090K(21696K)
[150.469s][info][gc             ] GC(693) Pause Young (Allocation Failure) 1377M->1119M(1780M) 15.431ms
[150.469s][info][gc,cpu         ] GC(693) User=0.52s Sys=0.02s Real=0.02s
[150.487s][info][gc,start       ] GC(694) Pause Young (Allocation Failure)
[150.503s][info][gc,heap        ] GC(694) PSYoungGen: 424921K(424960K)->159718K(464384K) Eden: 270848K(270848K)->0K(243200K) From: 154073K(154112K)->159718K(221184K)
[150.503s][info][gc,heap        ] GC(694) ParOldGen: 992015K(1398272K)->992015K(1398272K)
[150.503s][info][gc,metaspace   ] GC(694) Metaspace: 123927K(128512K)->123927K(128512K) NonClass: 105837K(106816K)->105837K(106816K) Class: 18090K(21696K)->18090K(21696K)
[150.503s][info][gc             ] GC(694) Pause Young (Allocation Failure) 1383M->1124M(1819M) 15.888ms
[150.503s][info][gc,cpu         ] GC(694) User=0.53s Sys=0.00s Real=0.02s
[150.519s][info][gc,start       ] GC(695) Pause Young (Allocation Failure)
[150.534s][info][gc,heap        ] GC(695) PSYoungGen: 402918K(464384K)->157835K(401408K) Eden: 243200K(243200K)->0K(243200K) From: 159718K(221184K)->157835K(158208K)
[150.534s][info][gc,heap        ] GC(695) ParOldGen: 992015K(1398272K)->992015K(1398272K)
[150.535s][info][gc,metaspace   ] GC(695) Metaspace: 123927K(128512K)->123927K(128512K) NonClass: 105837K(106816K)->105837K(106816K) Class: 18090K(21696K)->18090K(21696K)
[150.535s][info][gc             ] GC(695) Pause Young (Allocation Failure) 1362M->1122M(1757M) 15.735ms
[150.535s][info][gc,cpu         ] GC(695) User=0.52s Sys=0.02s Real=0.02s
[150.551s][info][gc,start       ] GC(696) Pause Young (Allocation Failure)
[150.566s][info][gc,heap        ] GC(696) PSYoungGen: 401035K(401408K)->163272K(464896K) Eden: 243200K(243200K)->0K(232960K) From: 157835K(158208K)->163272K(231936K)
[150.566s][info][gc,heap        ] GC(696) ParOldGen: 992015K(1398272K)->992015K(1398272K)
[150.566s][info][gc,metaspace   ] GC(696) Metaspace: 123927K(128512K)->123927K(128512K) NonClass: 105837K(106816K)->105837K(106816K) Class: 18090K(21696K)->18090K(21696K)
[150.566s][info][gc             ] GC(696) Pause Young (Allocation Failure) 1360M->1128M(1819M) 15.828ms
[150.566s][info][gc,cpu         ] GC(696) User=0.22s Sys=0.02s Real=0.02s
[150.581s][info][gc,start       ] GC(697) Pause Young (Allocation Failure)
[150.598s][info][gc,heap        ] GC(697) PSYoungGen: 396232K(464896K)->144227K(465920K) Eden: 232960K(232960K)->0K(232960K) From: 163272K(231936K)->144227K(232960K)
[150.598s][info][gc,heap        ] GC(697) ParOldGen: 992015K(1398272K)->1012718K(1398272K)
[150.598s][info][gc,metaspace   ] GC(697) Metaspace: 123927K(128512K)->123927K(128512K) NonClass: 105837K(106816K)->105837K(106816K) Class: 18090K(21696K)->18090K(21696K)
[150.598s][info][gc             ] GC(697) Pause Young (Allocation Failure) 1355M->1129M(1820M) 16.710ms
[150.598s][info][gc,cpu         ] GC(697) User=0.94s Sys=0.02s Real=0.03s
[150.613s][info][gc,start       ] GC(698) Pause Young (Allocation Failure)
[150.628s][info][gc,heap        ] GC(698) PSYoungGen: 377187K(465920K)->147390K(460288K) Eden: 232960K(232960K)->0K(233472K) From: 144227K(232960K)->147390K(226816K)
[150.629s][info][gc,heap        ] GC(698) ParOldGen: 1012718K(1398272K)->1012718K(1398272K)
[150.629s][info][gc,metaspace   ] GC(698) Metaspace: 123927K(128512K)->123927K(128512K) NonClass: 105837K(106816K)->105837K(106816K) Class: 18090K(21696K)->18090K(21696K)
[150.629s][info][gc             ] GC(698) Pause Young (Allocation Failure) 1357M->1132M(1815M) 15.188ms
[150.629s][info][gc,cpu         ] GC(698) User=0.03s Sys=0.00s Real=0.02s
[150.644s][info][gc,start       ] GC(699) Pause Young (Allocation Failure)
[150.658s][info][gc,heap        ] GC(699) PSYoungGen: 380862K(460288K)->130173K(364032K) Eden: 233472K(233472K)->0K(233472K) From: 147390K(226816K)->130173K(130560K)
[150.658s][info][gc,heap        ] GC(699) ParOldGen: 1012718K(1398272K)->1029318K(1398272K)
[150.658s][info][gc,metaspace   ] GC(699) Metaspace: 123927K(128512K)->123927K(128512K) NonClass: 105837K(106816K)->105837K(106816K) Class: 18090K(21696K)->18090K(21696K)
[150.658s][info][gc             ] GC(699) Pause Young (Allocation Failure) 1360M->1132M(1721M) 14.470ms
[150.658s][info][gc,cpu         ] GC(699) User=0.53s Sys=0.00s Real=0.02s
[150.674s][info][gc,start       ] GC(700) Pause Young (Allocation Failure)
[150.687s][info][gc,heap        ] GC(700) PSYoungGen: 363645K(364032K)->108564K(467968K) Eden: 233472K(233472K)->0K(247808K) From: 130173K(130560K)->108564K(220160K)
[150.687s][info][gc,heap        ] GC(700) ParOldGen: 1029318K(1398272K)->1054209K(1398272K)
[150.687s][info][gc,metaspace   ] GC(700) Metaspace: 123927K(128512K)->123927K(128512K) NonClass: 105837K(106816K)->105837K(106816K) Class: 18090K(21696K)->18090K(21696K)
[150.687s][info][gc             ] GC(700) Pause Young (Allocation Failure) 1360M->1135M(1822M) 13.075ms
[150.687s][info][gc,cpu         ] GC(700) User=0.53s Sys=0.00s Real=0.02s
[150.707s][info][gc,start       ] GC(701) Pause Young (Allocation Failure)
[150.718s][info][gc,heap        ] GC(701) PSYoungGen: 356372K(467968K)->107999K(462336K) Eden: 247808K(247808K)->0K(247808K) From: 108564K(220160K)->107999K(214528K)
[150.718s][info][gc,heap        ] GC(701) ParOldGen: 1054209K(1398272K)->1062733K(1398272K)
[150.718s][info][gc,metaspace   ] GC(701) Metaspace: 123927K(128512K)->123927K(128512K) NonClass: 105837K(106816K)->105837K(106816K) Class: 18090K(21696K)->18090K(21696K)
[150.718s][info][gc             ] GC(701) Pause Young (Allocation Failure) 1377M->1143M(1817M) 11.080ms
[150.718s][info][gc,cpu         ] GC(701) User=0.00s Sys=0.00s Real=0.00s
[150.735s][info][gc,start       ] GC(702) Pause Young (Allocation Failure)
[150.744s][info][gc,heap        ] GC(702) PSYoungGen: 355807K(462336K)->86742K(474624K) Eden: 247808K(247808K)->0K(265728K) From: 107999K(214528K)->86742K(208896K)
[150.744s][info][gc,heap        ] GC(702) ParOldGen: 1062733K(1398272K)->1079272K(1398272K)
[150.744s][info][gc,metaspace   ] GC(702) Metaspace: 123927K(128512K)->123927K(128512K) NonClass: 105837K(106816K)->105837K(106816K) Class: 18090K(21696K)->18090K(21696K)
[150.744s][info][gc             ] GC(702) Pause Young (Allocation Failure) 1385M->1138M(1829M) 9.578ms
[150.744s][info][gc,cpu         ] GC(702) User=0.05s Sys=0.00s Real=0.01s
[150.762s][info][gc,start       ] GC(703) Pause Young (Allocation Failure)
[150.771s][info][gc,heap        ] GC(703) PSYoungGen: 352470K(474624K)->80627K(473088K) Eden: 265728K(265728K)->0K(265728K) From: 86742K(208896K)->80627K(207360K)
[150.771s][info][gc,heap        ] GC(703) ParOldGen: 1079272K(1398272K)->1091851K(1398272K)
[150.771s][info][gc,metaspace   ] GC(703) Metaspace: 123927K(128512K)->123927K(128512K) NonClass: 105837K(106816K)->105837K(106816K) Class: 18090K(21696K)->18090K(21696K)
[150.771s][info][gc             ] GC(703) Pause Young (Allocation Failure) 1398M->1144M(1827M) 9.048ms
[150.771s][info][gc,cpu         ] GC(703) User=0.00s Sys=0.00s Real=0.00s
[150.788s][info][gc,start       ] GC(704) Pause Young (Allocation Failure)
[150.796s][info][gc,heap        ] GC(704) PSYoungGen: 346355K(473088K)->70675K(488448K) Eden: 265728K(265728K)->0K(283136K) From: 80627K(207360K)->70675K(205312K)
[150.796s][info][gc,heap        ] GC(704) ParOldGen: 1091851K(1398272K)->1100267K(1398272K)
[150.796s][info][gc,metaspace   ] GC(704) Metaspace: 123927K(128512K)->123927K(128512K) NonClass: 105837K(106816K)->105837K(106816K) Class: 18090K(21696K)->18090K(21696K)
[150.796s][info][gc             ] GC(704) Pause Young (Allocation Failure) 1404M->1143M(1842M) 8.265ms
[150.796s][info][gc,cpu         ] GC(704) User=0.00s Sys=0.00s Real=0.00s
[150.819s][info][gc,start       ] GC(705) Pause Young (Allocation Failure)
[150.829s][info][gc,heap        ] GC(705) PSYoungGen: 353811K(488448K)->87493K(487936K) Eden: 283136K(283136K)->0K(283136K) From: 70675K(205312K)->87493K(204800K)
[150.829s][info][gc,heap        ] GC(705) ParOldGen: 1100267K(1398272K)->1108486K(1398272K)
[150.829s][info][gc,metaspace   ] GC(705) Metaspace: 123927K(128512K)->123927K(128512K) NonClass: 105837K(106816K)->105837K(106816K) Class: 18090K(21696K)->18090K(21696K)
[150.829s][info][gc             ] GC(705) Pause Young (Allocation Failure) 1419M->1167M(1842M) 9.952ms
[150.829s][info][gc,cpu         ] GC(705) User=0.00s Sys=0.00s Real=0.00s
[150.849s][info][gc,start       ] GC(706) Pause Young (Allocation Failure)
[150.858s][info][gc,heap        ] GC(706) PSYoungGen: 370629K(487936K)->83337K(489472K) Eden: 283136K(283136K)->0K(293376K) From: 87493K(204800K)->83337K(196096K)
[150.858s][info][gc,heap        ] GC(706) ParOldGen: 1108486K(1398272K)->1112768K(1398272K)
[150.858s][info][gc,metaspace   ] GC(706) Metaspace: 123927K(128512K)->123927K(128512K) NonClass: 105837K(106816K)->105837K(106816K) Class: 18090K(21696K)->18090K(21696K)
[150.858s][info][gc             ] GC(706) Pause Young (Allocation Failure) 1444M->1168M(1843M) 8.649ms
[150.858s][info][gc,cpu         ] GC(706) User=0.00s Sys=0.00s Real=0.00s
[150.891s][info][gc,start       ] GC(707) Pause Young (Allocation Failure)
[150.900s][info][gc,heap        ] GC(707) PSYoungGen: 376713K(489472K)->79149K(488448K) Eden: 293376K(293376K)->0K(293376K) From: 83337K(196096K)->79149K(195072K)
[150.900s][info][gc,heap        ] GC(707) ParOldGen: 1112768K(1398272K)->1116980K(1398272K)
[150.900s][info][gc,metaspace   ] GC(707) Metaspace: 123927K(128512K)->123927K(128512K) NonClass: 105837K(106816K)->105837K(106816K) Class: 18090K(21696K)->18090K(21696K)
[150.900s][info][gc             ] GC(707) Pause Young (Allocation Failure) 1454M->1168M(1842M) 9.101ms
[150.900s][info][gc,cpu         ] GC(707) User=0.00s Sys=0.00s Real=0.00s
[150.919s][info][gc,start       ] GC(708) Pause Young (Allocation Failure)
[150.929s][info][gc,heap        ] GC(708) PSYoungGen: 372525K(488448K)->88402K(495104K) Eden: 293376K(293376K)->0K(311808K) From: 79149K(195072K)->88402K(183296K)
[150.929s][info][gc,heap        ] GC(708) ParOldGen: 1116980K(1398272K)->1116980K(1398272K)
[150.929s][info][gc,metaspace   ] GC(708) Metaspace: 123927K(128512K)->123927K(128512K) NonClass: 105837K(106816K)->105837K(106816K) Class: 18090K(21696K)->18090K(21696K)
[150.929s][info][gc             ] GC(708) Pause Young (Allocation Failure) 1454M->1177M(1849M) 9.340ms
[150.929s][info][gc,cpu         ] GC(708) User=0.30s Sys=0.00s Real=0.02s
[150.951s][info][gc,start       ] GC(709) Pause Young (Allocation Failure)
[150.959s][info][gc,heap        ] GC(709) PSYoungGen: 400210K(495104K)->83377K(497152K) Eden: 311808K(311808K)->0K(311808K) From: 88402K(183296K)->83377K(185344K)
[150.959s][info][gc,heap        ] GC(709) ParOldGen: 1116980K(1398272K)->1116980K(1398272K)
[150.959s][info][gc,metaspace   ] GC(709) Metaspace: 123936K(128512K)->123936K(128512K) NonClass: 105846K(106816K)->105846K(106816K) Class: 18090K(21696K)->18090K(21696K)
[150.959s][info][gc             ] GC(709) Pause Young (Allocation Failure) 1481M->1172M(1851M) 7.355ms
[150.959s][info][gc,cpu         ] GC(709) User=0.14s Sys=0.00s Real=0.02s
[150.980s][info][gc,start       ] GC(710) Pause Young (Allocation Failure)
[150.990s][info][gc,heap        ] GC(710) PSYoungGen: 395185K(497152K)->102842K(496640K) Eden: 311808K(311808K)->0K(330752K) From: 83377K(185344K)->102842K(165888K)
[150.990s][info][gc,heap        ] GC(710) ParOldGen: 1116980K(1398272K)->1116980K(1398272K)
[150.990s][info][gc,metaspace   ] GC(710) Metaspace: 123937K(128512K)->123937K(128512K) NonClass: 105847K(106816K)->105847K(106816K) Class: 18090K(21696K)->18090K(21696K)
[150.990s][info][gc             ] GC(710) Pause Young (Allocation Failure) 1476M->1191M(1850M) 9.815ms
[150.990s][info][gc,cpu         ] GC(710) User=0.17s Sys=0.00s Real=0.02s
[151.012s][info][gc,start       ] GC(711) Pause Young (Allocation Failure)
[151.023s][info][gc,heap        ] GC(711) PSYoungGen: 433594K(496640K)->117538K(503808K) Eden: 330752K(330752K)->0K(330752K) From: 102842K(165888K)->117538K(173056K)
[151.023s][info][gc,heap        ] GC(711) ParOldGen: 1116980K(1398272K)->1116980K(1398272K)
[151.023s][info][gc,metaspace   ] GC(711) Metaspace: 123937K(128512K)->123937K(128512K) NonClass: 105847K(106816K)->105847K(106816K) Class: 18090K(21696K)->18090K(21696K)
[151.023s][info][gc             ] GC(711) Pause Young (Allocation Failure) 1514M->1205M(1857M) 10.547ms
[151.023s][info][gc,cpu         ] GC(711) User=0.00s Sys=0.00s Real=0.01s
[151.047s][info][gc,start       ] GC(712) Pause Young (Allocation Failure)
[151.057s][info][gc,heap        ] GC(712) PSYoungGen: 448290K(503808K)->113773K(517120K) Eden: 330752K(330752K)->0K(350720K) From: 117538K(173056K)->113773K(166400K)
[151.057s][info][gc,heap        ] GC(712) ParOldGen: 1116980K(1398272K)->1116988K(1398272K)
[151.057s][info][gc,metaspace   ] GC(712) Metaspace: 123938K(128512K)->123938K(128512K) NonClass: 105848K(106816K)->105848K(106816K) Class: 18090K(21696K)->18090K(21696K)
[151.057s][info][gc             ] GC(712) Pause Young (Allocation Failure) 1528M->1201M(1870M) 10.071ms
[151.057s][info][gc,cpu         ] GC(712) User=0.13s Sys=0.02s Real=0.02s
[151.082s][info][gc,start       ] GC(713) Pause Young (Allocation Failure)
[151.094s][info][gc,heap        ] GC(713) PSYoungGen: 464493K(517120K)->126836K(520192K) Eden: 350720K(350720K)->0K(350720K) From: 113773K(166400K)->126836K(169472K)
[151.094s][info][gc,heap        ] GC(713) ParOldGen: 1116988K(1398272K)->1116988K(1398272K)
[151.094s][info][gc,metaspace   ] GC(713) Metaspace: 123938K(128512K)->123938K(128512K) NonClass: 105848K(106816K)->105848K(106816K) Class: 18090K(21696K)->18090K(21696K)
[151.094s][info][gc             ] GC(713) Pause Young (Allocation Failure) 1544M->1214M(1873M) 11.784ms
[151.094s][info][gc,cpu         ] GC(713) User=0.47s Sys=0.00s Real=0.01s
[151.118s][info][gc,start       ] GC(714) Pause Young (Allocation Failure)
[151.129s][info][gc,heap        ] GC(714) PSYoungGen: 477556K(520192K)->123846K(527360K) Eden: 350720K(350720K)->0K(355840K) From: 126836K(169472K)->123846K(171520K)
[151.129s][info][gc,heap        ] GC(714) ParOldGen: 1116988K(1398272K)->1116988K(1398272K)
[151.130s][info][gc,metaspace   ] GC(714) Metaspace: 123938K(128512K)->123938K(128512K) NonClass: 105848K(106816K)->105848K(106816K) Class: 18090K(21696K)->18090K(21696K)
[151.130s][info][gc             ] GC(714) Pause Young (Allocation Failure) 1557M->1211M(1880M) 11.648ms
[151.130s][info][gc,cpu         ] GC(714) User=0.52s Sys=0.00s Real=0.01s
[151.172s][info][gc,start       ] GC(715) Pause Young (Allocation Failure)
[151.185s][info][gc,heap        ] GC(715) PSYoungGen: 479686K(527360K)->138862K(495104K) Eden: 355840K(355840K)->0K(355840K) From: 123846K(171520K)->138862K(139264K)
[151.185s][info][gc,heap        ] GC(715) ParOldGen: 1116988K(1398272K)->1116988K(1398272K)
[151.185s][info][gc,metaspace   ] GC(715) Metaspace: 123938K(128512K)->123938K(128512K) NonClass: 105848K(106816K)->105848K(106816K) Class: 18090K(21696K)->18090K(21696K)
[151.185s][info][gc             ] GC(715) Pause Young (Allocation Failure) 1559M->1226M(1849M) 13.216ms
[151.186s][info][gc,cpu         ] GC(715) User=0.00s Sys=0.00s Real=0.00s
[151.212s][info][gc,start       ] GC(716) Pause Young (Allocation Failure)
[151.227s][info][gc,heap        ] GC(716) PSYoungGen: 494702K(495104K)->150698K(505856K) Eden: 355840K(355840K)->0K(329216K) From: 138862K(139264K)->150698K(176640K)
[151.227s][info][gc,heap        ] GC(716) ParOldGen: 1116988K(1398272K)->1116988K(1398272K)
[151.227s][info][gc,metaspace   ] GC(716) Metaspace: 123938K(128512K)->123938K(128512K) NonClass: 105848K(106816K)->105848K(106816K) Class: 18090K(21696K)->18090K(21696K)
[151.227s][info][gc             ] GC(716) Pause Young (Allocation Failure) 1573M->1237M(1859M) 15.236ms
[151.227s][info][gc,cpu         ] GC(716) User=0.44s Sys=0.03s Real=0.02s
[151.249s][info][gc,start       ] GC(717) Pause Young (Allocation Failure)
[151.265s][info][gc,heap        ] GC(717) PSYoungGen: 479914K(505856K)->164448K(494080K) Eden: 329216K(329216K)->0K(329216K) From: 150698K(176640K)->164448K(164864K)
[151.265s][info][gc,heap        ] GC(717) ParOldGen: 1116988K(1398272K)->1116988K(1398272K)
[151.265s][info][gc,metaspace   ] GC(717) Metaspace: 123938K(128512K)->123938K(128512K) NonClass: 105848K(106816K)->105848K(106816K) Class: 18090K(21696K)->18090K(21696K)
[151.265s][info][gc             ] GC(717) Pause Young (Allocation Failure) 1559M->1251M(1848M) 16.144ms
[151.265s][info][gc,cpu         ] GC(717) User=0.52s Sys=0.00s Real=0.02s
[151.285s][info][gc,start       ] GC(718) Pause Young (Allocation Failure)
[151.302s][info][gc,heap        ] GC(718) PSYoungGen: 493664K(494080K)->171130K(480256K) Eden: 329216K(329216K)->0K(284160K) From: 164448K(164864K)->171130K(196096K)
[151.302s][info][gc,heap        ] GC(718) ParOldGen: 1116988K(1398272K)->1116996K(1398272K)
[151.302s][info][gc,metaspace   ] GC(718) Metaspace: 123938K(128512K)->123938K(128512K) NonClass: 105848K(106816K)->105848K(106816K) Class: 18090K(21696K)->18090K(21696K)
[151.302s][info][gc             ] GC(718) Pause Young (Allocation Failure) 1572M->1257M(1834M) 16.795ms
[151.302s][info][gc,cpu         ] GC(718) User=0.50s Sys=0.02s Real=0.02s
[151.320s][info][gc,start       ] GC(719) Pause Young (Allocation Failure)
[151.337s][info][gc,heap        ] GC(719) PSYoungGen: 455290K(480256K)->180398K(464896K) Eden: 284160K(284160K)->0K(284160K) From: 171130K(196096K)->180398K(180736K)
[151.337s][info][gc,heap        ] GC(719) ParOldGen: 1116996K(1398272K)->1117004K(1398272K)
[151.337s][info][gc,metaspace   ] GC(719) Metaspace: 123938K(128512K)->123938K(128512K) NonClass: 105848K(106816K)->105848K(106816K) Class: 18090K(21696K)->18090K(21696K)
[151.337s][info][gc             ] GC(719) Pause Young (Allocation Failure) 1535M->1266M(1819M) 16.610ms
[151.337s][info][gc,cpu         ] GC(719) User=0.52s Sys=0.00s Real=0.02s
[151.356s][info][gc,start       ] GC(720) Pause Young (Allocation Failure)
[151.379s][info][gc,heap        ] GC(720) PSYoungGen: 464558K(464896K)->210841K(452608K) Eden: 284160K(284160K)->0K(232960K) From: 180398K(180736K)->210841K(219648K)
[151.379s][info][gc,heap        ] GC(720) ParOldGen: 1117004K(1398272K)->1117028K(1398272K)
[151.379s][info][gc,metaspace   ] GC(720) Metaspace: 123938K(128512K)->123938K(128512K) NonClass: 105848K(106816K)->105848K(106816K) Class: 18090K(21696K)->18090K(21696K)
[151.379s][info][gc             ] GC(720) Pause Young (Allocation Failure) 1544M->1296M(1807M) 23.094ms
[151.379s][info][gc,cpu         ] GC(720) User=0.53s Sys=0.08s Real=0.03s
[151.396s][info][gc,start       ] GC(721) Pause Young (Allocation Failure)
[151.416s][info][gc,heap        ] GC(721) PSYoungGen: 443801K(452608K)->213630K(465920K) Eden: 232960K(232960K)->0K(232960K) From: 210841K(219648K)->213630K(232960K)
[151.416s][info][gc,heap        ] GC(721) ParOldGen: 1117028K(1398272K)->1117124K(1398272K)
[151.416s][info][gc,metaspace   ] GC(721) Metaspace: 123938K(128512K)->123938K(128512K) NonClass: 105848K(106816K)->105848K(106816K) Class: 18090K(21696K)->18090K(21696K)
[151.416s][info][gc             ] GC(721) Pause Young (Allocation Failure) 1524M->1299M(1820M) 20.157ms
[151.416s][info][gc,cpu         ] GC(721) User=0.58s Sys=0.00s Real=0.02s
[151.430s][info][gc,start       ] GC(722) Pause Young (Allocation Failure)
[151.450s][info][gc,heap        ] GC(722) PSYoungGen: 446590K(465920K)->196189K(465920K) Eden: 232960K(232960K)->0K(232960K) From: 213630K(232960K)->196189K(232960K)
[151.450s][info][gc,heap        ] GC(722) ParOldGen: 1117124K(1398272K)->1133687K(1398272K)
[151.450s][info][gc,metaspace   ] GC(722) Metaspace: 123938K(128512K)->123938K(128512K) NonClass: 105848K(106816K)->105848K(106816K) Class: 18090K(21696K)->18090K(21696K)
[151.450s][info][gc             ] GC(722) Pause Young (Allocation Failure) 1527M->1298M(1820M) 20.288ms
[151.450s][info][gc,cpu         ] GC(722) User=0.52s Sys=0.00s Real=0.02s
[151.464s][info][gc,start       ] GC(723) Pause Young (Allocation Failure)
[151.483s][info][gc,heap        ] GC(723) PSYoungGen: 429149K(465920K)->176916K(465920K) Eden: 232960K(232960K)->0K(232960K) From: 196189K(232960K)->176916K(232960K)
[151.483s][info][gc,heap        ] GC(723) ParOldGen: 1133687K(1398272K)->1154491K(1398272K)
[151.483s][info][gc,metaspace   ] GC(723) Metaspace: 123940K(128512K)->123940K(128512K) NonClass: 105849K(106816K)->105849K(106816K) Class: 18090K(21696K)->18090K(21696K)
[151.483s][info][gc             ] GC(723) Pause Young (Allocation Failure) 1526M->1300M(1820M) 18.628ms
[151.483s][info][gc,cpu         ] GC(723) User=0.52s Sys=0.00s Real=0.02s
[151.496s][info][gc,start       ] GC(724) Pause Young (Allocation Failure)
[151.513s][info][gc,heap        ] GC(724) PSYoungGen: 409876K(465920K)->139063K(465920K) Eden: 232960K(232960K)->0K(232960K) From: 176916K(232960K)->139063K(232960K)
[151.513s][info][gc,heap        ] GC(724) ParOldGen: 1154491K(1398272K)->1195767K(1398272K)
[151.513s][info][gc,metaspace   ] GC(724) Metaspace: 123940K(128512K)->123940K(128512K) NonClass: 105850K(106816K)->105850K(106816K) Class: 18090K(21696K)->18090K(21696K)
[151.513s][info][gc             ] GC(724) Pause Young (Allocation Failure) 1527M->1303M(1820M) 17.221ms
[151.513s][info][gc,cpu         ] GC(724) User=0.52s Sys=0.00s Real=0.02s
[151.525s][info][gc,start       ] GC(725) Pause Young (Allocation Failure)
[151.538s][info][gc,heap        ] GC(725) PSYoungGen: 372023K(465920K)->102509K(465920K) Eden: 232960K(232960K)->0K(232960K) From: 139063K(232960K)->102509K(232960K)
[151.538s][info][gc,heap        ] GC(725) ParOldGen: 1195767K(1398272K)->1229191K(1398272K)
[151.538s][info][gc,metaspace   ] GC(725) Metaspace: 123940K(128512K)->123940K(128512K) NonClass: 105850K(106816K)->105850K(106816K) Class: 18090K(21696K)->18090K(21696K)
[151.538s][info][gc             ] GC(725) Pause Young (Allocation Failure) 1531M->1300M(1820M) 12.981ms
[151.538s][info][gc,cpu         ] GC(725) User=0.44s Sys=0.00s Real=0.02s
[151.551s][info][gc,start       ] GC(726) Pause Young (Allocation Failure)
[151.562s][info][gc,heap        ] GC(726) PSYoungGen: 335469K(465920K)->97811K(465920K) Eden: 232960K(232960K)->0K(232960K) From: 102509K(232960K)->97811K(232960K)
[151.562s][info][gc,heap        ] GC(726) ParOldGen: 1229191K(1398272K)->1242791K(1398272K)
[151.562s][info][gc,metaspace   ] GC(726) Metaspace: 123940K(128512K)->123940K(128512K) NonClass: 105850K(106816K)->105850K(106816K) Class: 18090K(21696K)->18090K(21696K)
[151.562s][info][gc             ] GC(726) Pause Young (Allocation Failure) 1527M->1309M(1820M) 11.159ms
[151.562s][info][gc,cpu         ] GC(726) User=0.00s Sys=0.00s Real=0.00s
[151.575s][info][gc,start       ] GC(727) Pause Young (Allocation Failure)
[151.586s][info][gc,heap        ] GC(727) PSYoungGen: 330771K(465920K)->110009K(465920K) Eden: 232960K(232960K)->0K(232960K) From: 97811K(232960K)->110009K(232960K)
[151.586s][info][gc,heap        ] GC(727) ParOldGen: 1242791K(1398272K)->1244271K(1398272K)
[151.586s][info][gc,metaspace   ] GC(727) Metaspace: 123941K(128512K)->123941K(128512K) NonClass: 105850K(106816K)->105850K(106816K) Class: 18090K(21696K)->18090K(21696K)
[151.586s][info][gc             ] GC(727) Pause Young (Allocation Failure) 1536M->1322M(1820M) 10.868ms
[151.586s][info][gc,cpu         ] GC(727) User=0.00s Sys=0.00s Real=0.01s
[151.600s][info][gc,start       ] GC(728) Pause Young (Allocation Failure)
[151.611s][info][gc,heap        ] GC(728) PSYoungGen: 342969K(465920K)->107584K(465920K) Eden: 232960K(232960K)->0K(232960K) From: 110009K(232960K)->107584K(232960K)
[151.611s][info][gc,heap        ] GC(728) ParOldGen: 1244271K(1398272K)->1249436K(1398272K)
[151.611s][info][gc,metaspace   ] GC(728) Metaspace: 123941K(128512K)->123941K(128512K) NonClass: 105850K(106816K)->105850K(106816K) Class: 18090K(21696K)->18090K(21696K)
[151.611s][info][gc             ] GC(728) Pause Young (Allocation Failure) 1550M->1325M(1820M) 11.274ms
[151.611s][info][gc,cpu         ] GC(728) User=0.53s Sys=0.00s Real=0.01s
[151.624s][info][gc,start       ] GC(729) Pause Young (Allocation Failure)
[151.635s][info][gc,heap        ] GC(729) PSYoungGen: 340544K(465920K)->84115K(465920K) Eden: 232960K(232960K)->0K(232960K) From: 107584K(232960K)->84115K(232960K)
[151.635s][info][gc,heap        ] GC(729) ParOldGen: 1249436K(1398272K)->1279075K(1398272K)
[151.635s][info][gc,metaspace   ] GC(729) Metaspace: 123949K(128512K)->123949K(128512K) NonClass: 105859K(106816K)->105859K(106816K) Class: 18090K(21696K)->18090K(21696K)
[151.635s][info][gc             ] GC(729) Pause Young (Allocation Failure) 1552M->1331M(1820M) 11.049ms
[151.635s][info][gc,cpu         ] GC(729) User=0.02s Sys=0.00s Real=0.01s
[151.647s][info][gc,start       ] GC(730) Pause Young (Allocation Failure)
[151.658s][info][gc,heap        ] GC(730) PSYoungGen: 317075K(465920K)->86855K(465920K) Eden: 232960K(232960K)->0K(232960K) From: 84115K(232960K)->86855K(232960K)
[151.658s][info][gc,heap        ] GC(730) ParOldGen: 1279075K(1398272K)->1295949K(1398272K)
[151.658s][info][gc,metaspace   ] GC(730) Metaspace: 123949K(128512K)->123949K(128512K) NonClass: 105859K(106816K)->105859K(106816K) Class: 18090K(21696K)->18090K(21696K)
[151.658s][info][gc             ] GC(730) Pause Young (Allocation Failure) 1558M->1350M(1820M) 10.638ms
[151.658s][info][gc,cpu         ] GC(730) User=0.44s Sys=0.00s Real=0.00s
[151.670s][info][gc,start       ] GC(731) Pause Young (Allocation Failure)
[151.678s][info][gc,heap        ] GC(731) PSYoungGen: 319269K(465920K)->72303K(465920K) Eden: 232414K(232960K)->0K(232960K) From: 86855K(232960K)->72303K(232960K)
[151.678s][info][gc,heap        ] GC(731) ParOldGen: 1295949K(1398272K)->1316826K(1398272K)
[151.678s][info][gc,metaspace   ] GC(731) Metaspace: 123949K(128512K)->123949K(128512K) NonClass: 105859K(106816K)->105859K(106816K) Class: 18090K(21696K)->18090K(21696K)
[151.678s][info][gc             ] GC(731) Pause Young (Allocation Failure) 1577M->1356M(1820M) 8.033ms
[151.678s][info][gc,cpu         ] GC(731) User=0.00s Sys=0.00s Real=0.00s
[151.691s][info][gc,start       ] GC(732) Pause Young (Allocation Failure)
[151.698s][info][gc,heap        ] GC(732) PSYoungGen: 305263K(465920K)->68397K(462848K) Eden: 232960K(232960K)->0K(232960K) From: 72303K(232960K)->68397K(229888K)
[151.698s][info][gc,heap        ] GC(732) ParOldGen: 1316826K(1398272K)->1330564K(1398272K)
[151.698s][info][gc,metaspace   ] GC(732) Metaspace: 123949K(128512K)->123949K(128512K) NonClass: 105859K(106816K)->105859K(106816K) Class: 18090K(21696K)->18090K(21696K)
[151.698s][info][gc             ] GC(732) Pause Young (Allocation Failure) 1584M->1366M(1817M) 7.226ms
[151.698s][info][gc,cpu         ] GC(732) User=0.27s Sys=0.00s Real=0.02s
[151.712s][info][gc,start       ] GC(733) Pause Young (Allocation Failure)
[151.722s][info][gc,heap        ] GC(733) PSYoungGen: 301357K(462848K)->99881K(333312K) Eden: 232960K(232960K)->0K(232960K) From: 68397K(229888K)->99881K(100352K)
[151.722s][info][gc,heap        ] GC(733) ParOldGen: 1330564K(1398272K)->1330564K(1398272K)
[151.722s][info][gc,metaspace   ] GC(733) Metaspace: 123952K(128512K)->123952K(128512K) NonClass: 105862K(106816K)->105862K(106816K) Class: 18090K(21696K)->18090K(21696K)
[151.722s][info][gc             ] GC(733) Pause Young (Allocation Failure) 1593M->1396M(1691M) 10.719ms
[151.722s][info][gc,cpu         ] GC(733) User=0.00s Sys=0.00s Real=0.00s
[151.738s][info][gc,start       ] GC(734) Pause Young (Allocation Failure)
[151.749s][info][gc,heap        ] GC(734) PSYoungGen: 332841K(333312K)->110745K(464896K) Eden: 232960K(232960K)->0K(247808K) From: 99881K(100352K)->110745K(217088K)
[151.749s][info][gc,heap        ] GC(734) ParOldGen: 1330564K(1398272K)->1330564K(1398272K)
[151.749s][info][gc,metaspace   ] GC(734) Metaspace: 123955K(128512K)->123955K(128512K) NonClass: 105865K(106816K)->105865K(106816K) Class: 18090K(21696K)->18090K(21696K)
[151.749s][info][gc             ] GC(734) Pause Young (Allocation Failure) 1624M->1407M(1819M) 11.249ms
[151.749s][info][gc,cpu         ] GC(734) User=0.39s Sys=0.00s Real=0.02s
[151.763s][info][gc,start       ] GC(735) Pause Young (Allocation Failure)
[151.776s][info][gc,heap        ] GC(735) PSYoungGen: 358553K(464896K)->129762K(460288K) Eden: 247808K(247808K)->0K(247808K) From: 110745K(217088K)->129762K(212480K)
[151.776s][info][gc,heap        ] GC(735) ParOldGen: 1330564K(1398272K)->1330564K(1398272K)
[151.776s][info][gc,metaspace   ] GC(735) Metaspace: 123961K(128512K)->123961K(128512K) NonClass: 105871K(106816K)->105871K(106816K) Class: 18090K(21696K)->18090K(21696K)
[151.776s][info][gc             ] GC(735) Pause Young (Allocation Failure) 1649M->1426M(1815M) 12.731ms
[151.776s][info][gc,cpu         ] GC(735) User=0.42s Sys=0.00s Real=0.01s
[151.791s][info][gc,start       ] GC(736) Pause Young (Allocation Failure)
[151.804s][info][gc,heap        ] GC(736) PSYoungGen: 377570K(460288K)->132046K(472576K) Eden: 247808K(247808K)->0K(269824K) From: 129762K(212480K)->132046K(202752K)
[151.805s][info][gc,heap        ] GC(736) ParOldGen: 1330564K(1398272K)->1330564K(1398272K)
[151.805s][info][gc,metaspace   ] GC(736) Metaspace: 123961K(128512K)->123961K(128512K) NonClass: 105871K(106816K)->105871K(106816K) Class: 18090K(21696K)->18090K(21696K)
[151.805s][info][gc             ] GC(736) Pause Young (Allocation Failure) 1668M->1428M(1827M) 13.915ms
[151.805s][info][gc,cpu         ] GC(736) User=0.09s Sys=0.02s Real=0.02s
[151.829s][info][gc,start       ] GC(737) Pause Young (Allocation Failure)
[151.843s][info][gc,heap        ] GC(737) PSYoungGen: 401870K(472576K)->147391K(475136K) Eden: 269824K(269824K)->0K(269824K) From: 132046K(202752K)->147391K(205312K)
[151.843s][info][gc,heap        ] GC(737) ParOldGen: 1330564K(1398272K)->1330564K(1398272K)
[151.843s][info][gc,metaspace   ] GC(737) Metaspace: 123961K(128512K)->123961K(128512K) NonClass: 105871K(106816K)->105871K(106816K) Class: 18090K(21696K)->18090K(21696K)
[151.843s][info][gc             ] GC(737) Pause Young (Allocation Failure) 1691M->1443M(1829M) 14.228ms
[151.843s][info][gc,cpu         ] GC(737) User=0.52s Sys=0.00s Real=0.02s
[151.857s][info][gc,start       ] GC(738) Pause Young (Allocation Failure)
[151.873s][info][gc,heap        ] GC(738) PSYoungGen: 417215K(475136K)->154825K(482816K) Eden: 269824K(269824K)->0K(274944K) From: 147391K(205312K)->154825K(207872K)
[151.873s][info][gc,heap        ] GC(738) ParOldGen: 1330564K(1398272K)->1330564K(1398272K)
[151.873s][info][gc,metaspace   ] GC(738) Metaspace: 123961K(128512K)->123961K(128512K) NonClass: 105871K(106816K)->105871K(106816K) Class: 18090K(21696K)->18090K(21696K)
[151.873s][info][gc             ] GC(738) Pause Young (Allocation Failure) 1706M->1450M(1837M) 15.272ms
[151.873s][info][gc,cpu         ] GC(738) User=0.52s Sys=0.00s Real=0.02s
[151.886s][info][gc,start       ] GC(739) Pause Young (Allocation Failure)
[151.902s][info][gc,heap        ] GC(739) PSYoungGen: 429769K(482816K)->163804K(438784K) Eden: 274944K(274944K)->0K(274944K) From: 154825K(207872K)->163804K(163840K)
[151.902s][info][gc,heap        ] GC(739) ParOldGen: 1330564K(1398272K)->1330564K(1398272K)
[151.902s][info][gc,metaspace   ] GC(739) Metaspace: 123961K(128512K)->123961K(128512K) NonClass: 105871K(106816K)->105871K(106816K) Class: 18090K(21696K)->18090K(21696K)
[151.902s][info][gc             ] GC(739) Pause Young (Allocation Failure) 1719M->1459M(1794M) 16.022ms
[151.902s][info][gc,cpu         ] GC(739) User=0.52s Sys=0.00s Real=0.02s
[151.916s][info][gc,start       ] GC(740) Pause Young (Allocation Failure)
[151.933s][info][gc,heap        ] GC(740) PSYoungGen: 438748K(438784K)->179096K(461312K) Eden: 274944K(274944K)->0K(243200K) From: 163804K(163840K)->179096K(218112K)
[151.933s][info][gc,heap        ] GC(740) ParOldGen: 1330564K(1398272K)->1330564K(1398272K)
[151.933s][info][gc,metaspace   ] GC(740) Metaspace: 123961K(128512K)->123961K(128512K) NonClass: 105871K(106816K)->105871K(106816K) Class: 18090K(21696K)->18090K(21696K)
[151.933s][info][gc             ] GC(740) Pause Young (Allocation Failure) 1727M->1474M(1816M) 17.004ms
[151.933s][info][gc,cpu         ] GC(740) User=0.39s Sys=0.00s Real=0.02s
[151.945s][info][gc,start       ] GC(741) Pause Young (Allocation Failure)
[151.962s][info][gc,heap        ] GC(741) PSYoungGen: 422296K(461312K)->189208K(432640K) Eden: 243200K(243200K)->0K(243200K) From: 179096K(218112K)->189208K(189440K)
[151.962s][info][gc,heap        ] GC(741) ParOldGen: 1330564K(1398272K)->1330564K(1398272K)
[151.962s][info][gc,metaspace   ] GC(741) Metaspace: 123961K(128512K)->123961K(128512K) NonClass: 105871K(106816K)->105871K(106816K) Class: 18090K(21696K)->18090K(21696K)
[151.962s][info][gc             ] GC(741) Pause Young (Allocation Failure) 1711M->1484M(1788M) 17.316ms
[151.962s][info][gc,cpu         ] GC(741) User=0.31s Sys=0.00s Real=0.02s
[151.974s][info][gc,start       ] GC(742) Pause Young (Allocation Failure)
[151.992s][info][gc,heap        ] GC(742) PSYoungGen: 432408K(432640K)->199067K(465920K) Eden: 243200K(243200K)->0K(232960K) From: 189208K(189440K)->199067K(232960K)
[151.993s][info][gc,heap        ] GC(742) ParOldGen: 1330564K(1398272K)->1330708K(1398272K)
[151.993s][info][gc,metaspace   ] GC(742) Metaspace: 123961K(128512K)->123961K(128512K) NonClass: 105871K(106816K)->105871K(106816K) Class: 18090K(21696K)->18090K(21696K)
[151.993s][info][gc             ] GC(742) Pause Young (Allocation Failure) 1721M->1493M(1820M) 18.338ms
[151.993s][info][gc,cpu         ] GC(742) User=0.80s Sys=0.00s Real=0.03s
[152.005s][info][gc,start       ] GC(743) Pause Young (Allocation Failure)
[152.026s][info][gc,heap        ] GC(743) PSYoungGen: 432027K(465920K)->169361K(465920K) Eden: 232960K(232960K)->0K(232960K) From: 199067K(232960K)->169361K(232960K)
[152.026s][info][gc,heap        ] GC(743) ParOldGen: 1330708K(1398272K)->1376039K(1398272K)
[152.026s][info][gc,metaspace   ] GC(743) Metaspace: 123961K(128512K)->123961K(128512K) NonClass: 105871K(106816K)->105871K(106816K) Class: 18090K(21696K)->18090K(21696K)
[152.026s][info][gc             ] GC(743) Pause Young (Allocation Failure) 1721M->1509M(1820M) 20.675ms
[152.026s][info][gc,cpu         ] GC(743) User=0.83s Sys=0.00s Real=0.03s
[152.026s][info][gc,start       ] GC(744) Pause Full (Ergonomics)
[152.026s][info][gc,phases,start] GC(744) Marking Phase
[152.063s][info][gc,phases      ] GC(744) Marking Phase 36.598ms
[152.063s][info][gc,phases,start] GC(744) Summary Phase
[152.063s][info][gc,phases      ] GC(744) Summary Phase 0.063ms
[152.063s][info][gc,phases,start] GC(744) Adjust Roots
[152.074s][info][gc,phases      ] GC(744) Adjust Roots 11.290ms
[152.074s][info][gc,phases,start] GC(744) Compaction Phase
[152.102s][info][gc,phases      ] GC(744) Compaction Phase 28.260ms
[152.102s][info][gc,phases,start] GC(744) Post Compact
[152.110s][info][gc,phases      ] GC(744) Post Compact 7.793ms
[152.110s][info][gc,heap        ] GC(744) PSYoungGen: 169361K(465920K)->0K(465920K) Eden: 0K(232960K)->0K(232960K) From: 169361K(232960K)->0K(232960K)
[152.110s][info][gc,heap        ] GC(744) ParOldGen: 1376039K(1398272K)->1314613K(1398272K)
[152.110s][info][gc,metaspace   ] GC(744) Metaspace: 123961K(128512K)->123961K(128512K) NonClass: 105871K(106816K)->105871K(106816K) Class: 18090K(21696K)->18090K(21696K)
[152.110s][info][gc             ] GC(744) Pause Full (Ergonomics) 1509M->1283M(1820M) 84.311ms
[152.110s][info][gc,cpu         ] GC(744) User=1.09s Sys=0.02s Real=0.08s
[152.124s][info][gc,start       ] GC(745) Pause Young (Allocation Failure)
[152.128s][info][gc,heap        ] GC(745) PSYoungGen: 232960K(465920K)->32058K(465920K) Eden: 232960K(232960K)->0K(232960K) From: 0K(232960K)->32058K(232960K)
[152.128s][info][gc,heap        ] GC(745) ParOldGen: 1314613K(1398272K)->1314613K(1398272K)
[152.128s][info][gc,metaspace   ] GC(745) Metaspace: 123961K(128512K)->123961K(128512K) NonClass: 105871K(106816K)->105871K(106816K) Class: 18090K(21696K)->18090K(21696K)
[152.128s][info][gc             ] GC(745) Pause Young (Allocation Failure) 1511M->1315M(1820M) 4.556ms
[152.128s][info][gc,cpu         ] GC(745) User=0.05s Sys=0.00s Real=0.02s
[152.140s][info][gc,start       ] GC(746) Pause Young (Allocation Failure)
[152.145s][info][gc,heap        ] GC(746) PSYoungGen: 265018K(465920K)->56813K(465920K) Eden: 232960K(232960K)->0K(232960K) From: 32058K(232960K)->56813K(232960K)
[152.145s][info][gc,heap        ] GC(746) ParOldGen: 1314613K(1398272K)->1314613K(1398272K)
[152.145s][info][gc,metaspace   ] GC(746) Metaspace: 123961K(128512K)->123961K(128512K) NonClass: 105871K(106816K)->105871K(106816K) Class: 18090K(21696K)->18090K(21696K)
[152.145s][info][gc             ] GC(746) Pause Young (Allocation Failure) 1542M->1339M(1820M) 4.472ms
[152.145s][info][gc,cpu         ] GC(746) User=0.17s Sys=0.00s Real=0.02s
[152.158s][info][gc,start       ] GC(747) Pause Young (Allocation Failure)
[152.166s][info][gc,heap        ] GC(747) PSYoungGen: 289773K(465920K)->89729K(465920K) Eden: 232960K(232960K)->0K(232960K) From: 56813K(232960K)->89729K(232960K)
[152.166s][info][gc,heap        ] GC(747) ParOldGen: 1314613K(1398272K)->1314613K(1398272K)
[152.166s][info][gc,metaspace   ] GC(747) Metaspace: 123961K(128512K)->123961K(128512K) NonClass: 105871K(106816K)->105871K(106816K) Class: 18090K(21696K)->18090K(21696K)
[152.166s][info][gc             ] GC(747) Pause Young (Allocation Failure) 1566M->1371M(1820M) 8.142ms
[152.166s][info][gc,cpu         ] GC(747) User=0.27s Sys=0.02s Real=0.02s
[152.178s][info][gc,start       ] GC(748) Pause Young (Allocation Failure)
[152.189s][info][gc,heap        ] GC(748) PSYoungGen: 322187K(465920K)->106514K(465920K) Eden: 232458K(232960K)->0K(232960K) From: 89729K(232960K)->106514K(232960K)
[152.189s][info][gc,heap        ] GC(748) ParOldGen: 1314613K(1398272K)->1314613K(1398272K)
[152.189s][info][gc,metaspace   ] GC(748) Metaspace: 123961K(128512K)->123961K(128512K) NonClass: 105871K(106816K)->105871K(106816K) Class: 18090K(21696K)->18090K(21696K)
[152.189s][info][gc             ] GC(748) Pause Young (Allocation Failure) 1598M->1387M(1820M) 10.521ms
[152.189s][info][gc,cpu         ] GC(748) User=0.30s Sys=0.00s Real=0.02s
[152.200s][info][gc,start       ] GC(749) Pause Young (Allocation Failure)
[152.210s][info][gc,heap        ] GC(749) PSYoungGen: 339474K(465920K)->107914K(465920K) Eden: 232960K(232960K)->0K(232960K) From: 106514K(232960K)->107914K(232960K)
[152.210s][info][gc,heap        ] GC(749) ParOldGen: 1314613K(1398272K)->1314613K(1398272K)
[152.210s][info][gc,metaspace   ] GC(749) Metaspace: 123961K(128512K)->123961K(128512K) NonClass: 105871K(106816K)->105871K(106816K) Class: 18090K(21696K)->18090K(21696K)
[152.210s][info][gc             ] GC(749) Pause Young (Allocation Failure) 1615M->1389M(1820M) 9.767ms
[152.210s][info][gc,cpu         ] GC(749) User=0.30s Sys=0.00s Real=0.02s
[152.222s][info][gc,start       ] GC(750) Pause Young (Allocation Failure)
[152.234s][info][gc,heap        ] GC(750) PSYoungGen: 340874K(465920K)->90333K(455680K) Eden: 232960K(232960K)->0K(232960K) From: 107914K(232960K)->90333K(222720K)
[152.234s][info][gc,heap        ] GC(750) ParOldGen: 1314613K(1398272K)->1343918K(1398272K)
[152.234s][info][gc,metaspace   ] GC(750) Metaspace: 123961K(128512K)->123961K(128512K) NonClass: 105871K(106816K)->105871K(106816K) Class: 18090K(21696K)->18090K(21696K)
[152.234s][info][gc             ] GC(750) Pause Young (Allocation Failure) 1616M->1400M(1810M) 11.561ms
[152.234s][info][gc,cpu         ] GC(750) User=0.00s Sys=0.00s Real=0.00s
[152.246s][info][gc,start       ] GC(751) Pause Young (Allocation Failure)
[152.256s][info][gc,heap        ] GC(751) PSYoungGen: 323293K(455680K)->101042K(460800K) Eden: 232960K(232960K)->0K(232960K) From: 90333K(222720K)->101042K(227840K)
[152.256s][info][gc,heap        ] GC(751) ParOldGen: 1343918K(1398272K)->1343918K(1398272K)
[152.256s][info][gc,metaspace   ] GC(751) Metaspace: 123961K(128512K)->123961K(128512K) NonClass: 105871K(106816K)->105871K(106816K) Class: 18090K(21696K)->18090K(21696K)
[152.256s][info][gc             ] GC(751) Pause Young (Allocation Failure) 1628M->1411M(1815M) 10.108ms
[152.256s][info][gc,cpu         ] GC(751) User=0.41s Sys=0.00s Real=0.02s
[152.268s][info][gc,start       ] GC(752) Pause Young (Allocation Failure)
[152.279s][info][gc,heap        ] GC(752) PSYoungGen: 334002K(460800K)->118261K(454656K) Eden: 232960K(232960K)->0K(251392K) From: 101042K(227840K)->118261K(203264K)
[152.279s][info][gc,heap        ] GC(752) ParOldGen: 1343918K(1398272K)->1343918K(1398272K)
[152.279s][info][gc,metaspace   ] GC(752) Metaspace: 123961K(128512K)->123961K(128512K) NonClass: 105871K(106816K)->105871K(106816K) Class: 18090K(21696K)->18090K(21696K)
[152.279s][info][gc             ] GC(752) Pause Young (Allocation Failure) 1638M->1427M(1809M) 11.685ms
[152.280s][info][gc,cpu         ] GC(752) User=0.00s Sys=0.00s Real=0.00s
[152.292s][info][gc,start       ] GC(753) Pause Young (Allocation Failure)
[152.304s][info][gc,heap        ] GC(753) PSYoungGen: 369653K(454656K)->122942K(461312K) Eden: 251392K(251392K)->0K(251392K) From: 118261K(203264K)->122942K(209920K)
[152.304s][info][gc,heap        ] GC(753) ParOldGen: 1343918K(1398272K)->1343918K(1398272K)
[152.304s][info][gc,metaspace   ] GC(753) Metaspace: 123961K(128512K)->123961K(128512K) NonClass: 105871K(106816K)->105871K(106816K) Class: 18090K(21696K)->18090K(21696K)
[152.304s][info][gc             ] GC(753) Pause Young (Allocation Failure) 1673M->1432M(1816M) 11.649ms
[152.304s][info][gc,cpu         ] GC(753) User=0.42s Sys=0.00s Real=0.01s
[152.317s][info][gc,start       ] GC(754) Pause Young (Allocation Failure)
[152.330s][info][gc,heap        ] GC(754) PSYoungGen: 374334K(461312K)->141198K(477184K) Eden: 251392K(251392K)->0K(273920K) From: 122942K(209920K)->141198K(203264K)
[152.330s][info][gc,heap        ] GC(754) ParOldGen: 1343918K(1398272K)->1343918K(1398272K)
[152.330s][info][gc,metaspace   ] GC(754) Metaspace: 123961K(128512K)->123961K(128512K) NonClass: 105871K(106816K)->105871K(106816K) Class: 18090K(21696K)->18090K(21696K)
[152.330s][info][gc             ] GC(754) Pause Young (Allocation Failure) 1677M->1450M(1831M) 13.269ms
[152.330s][info][gc,cpu         ] GC(754) User=0.03s Sys=0.00s Real=0.02s
[152.345s][info][gc,start       ] GC(755) Pause Young (Allocation Failure)
[152.360s][info][gc,heap        ] GC(755) PSYoungGen: 415118K(477184K)->162110K(477696K) Eden: 273920K(273920K)->0K(273920K) From: 141198K(203264K)->162110K(203776K)
[152.361s][info][gc,heap        ] GC(755) ParOldGen: 1343918K(1398272K)->1343918K(1398272K)
[152.361s][info][gc,metaspace   ] GC(755) Metaspace: 123961K(128512K)->123961K(128512K) NonClass: 105871K(106816K)->105871K(106816K) Class: 18090K(21696K)->18090K(21696K)
[152.361s][info][gc             ] GC(755) Pause Young (Allocation Failure) 1717M->1470M(1832M) 15.116ms
[152.361s][info][gc,cpu         ] GC(755) User=0.00s Sys=0.00s Real=0.00s
[152.374s][info][gc,start       ] GC(756) Pause Young (Allocation Failure)
[152.389s][info][gc,heap        ] GC(756) PSYoungGen: 436030K(477696K)->163952K(475648K) Eden: 273920K(273920K)->0K(264704K) From: 162110K(203776K)->163952K(210944K)
[152.389s][info][gc,heap        ] GC(756) ParOldGen: 1343918K(1398272K)->1343918K(1398272K)
[152.389s][info][gc,metaspace   ] GC(756) Metaspace: 123961K(128512K)->123961K(128512K) NonClass: 105871K(106816K)->105871K(106816K) Class: 18090K(21696K)->18090K(21696K)
[152.389s][info][gc             ] GC(756) Pause Young (Allocation Failure) 1738M->1472M(1830M) 14.722ms
[152.389s][info][gc,cpu         ] GC(756) User=0.52s Sys=0.00s Real=0.02s
[152.402s][info][gc,start       ] GC(757) Pause Young (Allocation Failure)
[152.418s][info][gc,heap        ] GC(757) PSYoungGen: 428656K(475648K)->179819K(444928K) Eden: 264704K(264704K)->0K(264704K) From: 163952K(210944K)->179819K(180224K)
[152.418s][info][gc,heap        ] GC(757) ParOldGen: 1343918K(1398272K)->1343918K(1398272K)
[152.418s][info][gc,metaspace   ] GC(757) Metaspace: 123961K(128512K)->123961K(128512K) NonClass: 105871K(106816K)->105871K(106816K) Class: 18090K(21696K)->18090K(21696K)
[152.418s][info][gc             ] GC(757) Pause Young (Allocation Failure) 1731M->1488M(1800M) 16.543ms
[152.418s][info][gc,cpu         ] GC(757) User=0.52s Sys=0.00s Real=0.02s
[152.432s][info][gc,start       ] GC(758) Pause Young (Allocation Failure)
[152.451s][info][gc,heap        ] GC(758) PSYoungGen: 444523K(444928K)->193016K(460800K) Eden: 264704K(264704K)->0K(232960K) From: 179819K(180224K)->193016K(227840K)
[152.451s][info][gc,heap        ] GC(758) ParOldGen: 1343918K(1398272K)->1343918K(1398272K)
[152.451s][info][gc,metaspace   ] GC(758) Metaspace: 123961K(128512K)->123961K(128512K) NonClass: 105871K(106816K)->105871K(106816K) Class: 18090K(21696K)->18090K(21696K)
[152.451s][info][gc             ] GC(758) Pause Young (Allocation Failure) 1746M->1500M(1815M) 18.481ms
[152.451s][info][gc,cpu         ] GC(758) User=0.52s Sys=0.00s Real=0.02s
[152.463s][info][gc,start       ] GC(759) Pause Young (Allocation Failure)
[152.481s][info][gc,heap        ] GC(759) PSYoungGen: 425976K(460800K)->159130K(465920K) Eden: 232960K(232960K)->0K(232960K) From: 193016K(227840K)->159130K(232960K)
[152.481s][info][gc,heap        ] GC(759) ParOldGen: 1343918K(1398272K)->1376818K(1398272K)
[152.481s][info][gc,metaspace   ] GC(759) Metaspace: 123961K(128512K)->123961K(128512K) NonClass: 105871K(106816K)->105871K(106816K) Class: 18090K(21696K)->18090K(21696K)
[152.481s][info][gc             ] GC(759) Pause Young (Allocation Failure) 1728M->1499M(1820M) 18.433ms
[152.481s][info][gc,cpu         ] GC(759) User=0.52s Sys=0.00s Real=0.02s
[152.481s][info][gc,start       ] GC(760) Pause Full (Ergonomics)
[152.481s][info][gc,phases,start] GC(760) Marking Phase
[152.527s][info][gc,phases      ] GC(760) Marking Phase 46.268ms
[152.527s][info][gc,phases,start] GC(760) Summary Phase
[152.527s][info][gc,phases      ] GC(760) Summary Phase 0.063ms
[152.527s][info][gc,phases,start] GC(760) Adjust Roots
[152.537s][info][gc,phases      ] GC(760) Adjust Roots 9.515ms
[152.537s][info][gc,phases,start] GC(760) Compaction Phase
[152.562s][info][gc,phases      ] GC(760) Compaction Phase 24.981ms
[152.562s][info][gc,phases,start] GC(760) Post Compact
[152.570s][info][gc,phases      ] GC(760) Post Compact 7.928ms
[152.570s][info][gc,heap        ] GC(760) PSYoungGen: 159130K(465920K)->0K(465920K) Eden: 0K(232960K)->0K(232960K) From: 159130K(232960K)->0K(232960K)
[152.570s][info][gc,heap        ] GC(760) ParOldGen: 1376818K(1398272K)->1386368K(1398272K)
[152.570s][info][gc,metaspace   ] GC(760) Metaspace: 123961K(128512K)->123961K(128512K) NonClass: 105871K(106816K)->105871K(106816K) Class: 18090K(21696K)->18090K(21696K)
[152.570s][info][gc             ] GC(760) Pause Full (Ergonomics) 1499M->1353M(1820M) 89.042ms
[152.570s][info][gc,cpu         ] GC(760) User=1.55s Sys=0.02s Real=0.09s
[152.584s][info][gc,start       ] GC(761) Pause Full (Ergonomics)
[152.584s][info][gc,phases,start] GC(761) Marking Phase
[152.623s][info][gc,phases      ] GC(761) Marking Phase 38.890ms
[152.623s][info][gc,phases,start] GC(761) Summary Phase
[152.623s][info][gc,phases      ] GC(761) Summary Phase 0.065ms
[152.623s][info][gc,phases,start] GC(761) Adjust Roots
[152.638s][info][gc,phases      ] GC(761) Adjust Roots 14.934ms
[152.638s][info][gc,phases,start] GC(761) Compaction Phase
[152.657s][info][gc,phases      ] GC(761) Compaction Phase 19.361ms
[152.657s][info][gc,phases,start] GC(761) Post Compact
[152.666s][info][gc,phases      ] GC(761) Post Compact 8.889ms
[152.666s][info][gc,heap        ] GC(761) PSYoungGen: 232960K(465920K)->0K(465920K) Eden: 232960K(232960K)->0K(232960K) From: 0K(232960K)->0K(232960K)
[152.666s][info][gc,heap        ] GC(761) ParOldGen: 1386368K(1398272K)->1378724K(1398272K)
[152.666s][info][gc,metaspace   ] GC(761) Metaspace: 123961K(128512K)->123961K(128512K) NonClass: 105871K(106816K)->105871K(106816K) Class: 18090K(21696K)->18090K(21696K)
[152.666s][info][gc             ] GC(761) Pause Full (Ergonomics) 1581M->1346M(1820M) 82.501ms
[152.667s][info][gc,cpu         ] GC(761) User=1.16s Sys=0.00s Real=0.09s
[152.683s][info][gc,start       ] GC(762) Pause Full (Ergonomics)
[152.683s][info][gc,phases,start] GC(762) Marking Phase
[152.728s][info][gc,phases      ] GC(762) Marking Phase 45.061ms
[152.728s][info][gc,phases,start] GC(762) Summary Phase
[152.728s][info][gc,phases      ] GC(762) Summary Phase 0.060ms
[152.728s][info][gc,phases,start] GC(762) Adjust Roots
[152.737s][info][gc,phases      ] GC(762) Adjust Roots 8.644ms
[152.737s][info][gc,phases,start] GC(762) Compaction Phase
[152.753s][info][gc,phases      ] GC(762) Compaction Phase 16.195ms
[152.753s][info][gc,phases,start] GC(762) Post Compact
[152.761s][info][gc,phases      ] GC(762) Post Compact 7.902ms
[152.761s][info][gc,heap        ] GC(762) PSYoungGen: 232960K(465920K)->0K(465920K) Eden: 232960K(232960K)->0K(232960K) From: 0K(232960K)->0K(232960K)
[152.761s][info][gc,heap        ] GC(762) ParOldGen: 1378724K(1398272K)->1386405K(1398272K)
[152.761s][info][gc,metaspace   ] GC(762) Metaspace: 123961K(128512K)->123961K(128512K) NonClass: 105871K(106816K)->105871K(106816K) Class: 18090K(21696K)->18090K(21696K)
[152.761s][info][gc             ] GC(762) Pause Full (Ergonomics) 1573M->1353M(1820M) 78.165ms
[152.761s][info][gc,cpu         ] GC(762) User=1.69s Sys=0.34s Real=0.08s
[152.774s][info][gc,start       ] GC(763) Pause Full (Ergonomics)
[152.775s][info][gc,phases,start] GC(763) Marking Phase
[152.817s][info][gc,phases      ] GC(763) Marking Phase 42.594ms
[152.817s][info][gc,phases,start] GC(763) Summary Phase
[152.817s][info][gc,phases      ] GC(763) Summary Phase 0.046ms
[152.817s][info][gc,phases,start] GC(763) Adjust Roots
[152.827s][info][gc,phases      ] GC(763) Adjust Roots 9.891ms
[152.827s][info][gc,phases,start] GC(763) Compaction Phase
[152.933s][info][gc,phases      ] GC(763) Compaction Phase 105.690ms
[152.933s][info][gc,phases,start] GC(763) Post Compact
[152.941s][info][gc,phases      ] GC(763) Post Compact 7.970ms
[152.941s][info][gc,heap        ] GC(763) PSYoungGen: 232960K(465920K)->6786K(465920K) Eden: 232960K(232960K)->6786K(232960K) From: 0K(232960K)->0K(232960K)
[152.941s][info][gc,heap        ] GC(763) ParOldGen: 1386405K(1398272K)->1394721K(1398272K)
[152.941s][info][gc,metaspace   ] GC(763) Metaspace: 123961K(128512K)->123961K(128512K) NonClass: 105871K(106816K)->105871K(106816K) Class: 18090K(21696K)->18090K(21696K)
[152.941s][info][gc             ] GC(763) Pause Full (Ergonomics) 1581M->1368M(1820M) 166.507ms
[152.941s][info][gc,cpu         ] GC(763) User=4.17s Sys=0.00s Real=0.17s
[152.954s][info][gc,start       ] GC(764) Pause Full (Ergonomics)
[152.954s][info][gc,phases,start] GC(764) Marking Phase
[152.991s][info][gc,phases      ] GC(764) Marking Phase 37.041ms
[152.991s][info][gc,phases,start] GC(764) Summary Phase
[152.991s][info][gc,phases      ] GC(764) Summary Phase 0.044ms
[152.991s][info][gc,phases,start] GC(764) Adjust Roots
[153.002s][info][gc,phases      ] GC(764) Adjust Roots 10.769ms
[153.002s][info][gc,phases,start] GC(764) Compaction Phase
[153.039s][info][gc,phases      ] GC(764) Compaction Phase 37.321ms
[153.039s][info][gc,phases,start] GC(764) Post Compact
[153.047s][info][gc,phases      ] GC(764) Post Compact 7.936ms
[153.047s][info][gc,heap        ] GC(764) PSYoungGen: 232960K(465920K)->7656K(465920K) Eden: 232960K(232960K)->7656K(232960K) From: 0K(232960K)->0K(232960K)
[153.047s][info][gc,heap        ] GC(764) ParOldGen: 1394721K(1398272K)->1398220K(1398272K)
[153.047s][info][gc,metaspace   ] GC(764) Metaspace: 123962K(128512K)->123962K(128512K) NonClass: 105872K(106816K)->105872K(106816K) Class: 18090K(21696K)->18090K(21696K)
[153.047s][info][gc             ] GC(764) Pause Full (Ergonomics) 1589M->1372M(1820M) 93.428ms
[153.047s][info][gc,cpu         ] GC(764) User=2.38s Sys=0.00s Real=0.09s
[153.061s][info][gc,start       ] GC(765) Pause Full (Ergonomics)
[153.061s][info][gc,phases,start] GC(765) Marking Phase
[153.104s][info][gc,phases      ] GC(765) Marking Phase 42.795ms
[153.104s][info][gc,phases,start] GC(765) Summary Phase
[153.104s][info][gc,phases      ] GC(765) Summary Phase 0.047ms
[153.104s][info][gc,phases,start] GC(765) Adjust Roots
[153.117s][info][gc,phases      ] GC(765) Adjust Roots 13.322ms
[153.117s][info][gc,phases,start] GC(765) Compaction Phase
[153.154s][info][gc,phases      ] GC(765) Compaction Phase 36.434ms
[153.154s][info][gc,phases,start] GC(765) Post Compact
[153.162s][info][gc,phases      ] GC(765) Post Compact 7.971ms
[153.162s][info][gc,heap        ] GC(765) PSYoungGen: 232960K(465920K)->7663K(465920K) Eden: 232960K(232960K)->7663K(232960K) From: 0K(232960K)->0K(232960K)
[153.162s][info][gc,heap        ] GC(765) ParOldGen: 1398220K(1398272K)->1397844K(1398272K)
[153.162s][info][gc,metaspace   ] GC(765) Metaspace: 123968K(128512K)->123968K(128512K) NonClass: 105878K(106816K)->105878K(106816K) Class: 18090K(21696K)->18090K(21696K)
[153.162s][info][gc             ] GC(765) Pause Full (Ergonomics) 1592M->1372M(1820M) 100.918ms
[153.162s][info][gc,cpu         ] GC(765) User=2.11s Sys=0.00s Real=0.11s
[153.176s][info][gc,start       ] GC(766) Pause Full (Ergonomics)
[153.176s][info][gc,phases,start] GC(766) Marking Phase
[153.212s][info][gc,phases      ] GC(766) Marking Phase 36.196ms
[153.212s][info][gc,phases,start] GC(766) Summary Phase
[153.212s][info][gc,phases      ] GC(766) Summary Phase 0.046ms
[153.212s][info][gc,phases,start] GC(766) Adjust Roots
[153.227s][info][gc,phases      ] GC(766) Adjust Roots 14.885ms
[153.227s][info][gc,phases,start] GC(766) Compaction Phase
[153.269s][info][gc,phases      ] GC(766) Compaction Phase 42.067ms
[153.269s][info][gc,phases,start] GC(766) Post Compact
[153.277s][info][gc,phases      ] GC(766) Post Compact 7.969ms
[153.277s][info][gc,heap        ] GC(766) PSYoungGen: 227389K(465920K)->9466K(465920K) Eden: 227389K(232960K)->9466K(232960K) From: 0K(232960K)->0K(232960K)
[153.277s][info][gc,heap        ] GC(766) ParOldGen: 1397844K(1398272K)->1396389K(1398272K)
[153.277s][info][gc,metaspace   ] GC(766) Metaspace: 123970K(128512K)->123970K(128512K) NonClass: 105880K(106816K)->105880K(106816K) Class: 18090K(21696K)->18090K(21696K)
[153.277s][info][gc             ] GC(766) Pause Full (Ergonomics) 1587M->1372M(1820M) 101.461ms
[153.277s][info][gc,cpu         ] GC(766) User=2.09s Sys=0.00s Real=0.11s
[153.292s][info][gc,start       ] GC(767) Pause Full (Ergonomics)
[153.292s][info][gc,phases,start] GC(767) Marking Phase
[153.340s][info][gc,phases      ] GC(767) Marking Phase 47.807ms
[153.491s][info][gc,phases,start] GC(767) Summary Phase
[153.491s][info][gc,phases      ] GC(767) Summary Phase 0.143ms
[153.491s][info][gc,phases,start] GC(767) Adjust Roots
[153.508s][info][gc,phases      ] GC(767) Adjust Roots 16.866ms
[153.508s][info][gc,phases,start] GC(767) Compaction Phase
[153.539s][info][gc,phases      ] GC(767) Compaction Phase 30.800ms
[153.539s][info][gc,phases,start] GC(767) Post Compact
[153.547s][info][gc,phases      ] GC(767) Post Compact 8.436ms
[153.547s][info][gc,heap        ] GC(767) PSYoungGen: 232960K(465920K)->12638K(465920K) Eden: 232960K(232960K)->12638K(232960K) From: 0K(232960K)->0K(232960K)
[153.547s][info][gc,heap        ] GC(767) ParOldGen: 1396389K(1398272K)->1394815K(1398272K)
[153.547s][info][gc,metaspace   ] GC(767) Metaspace: 123970K(128512K)->123970K(128512K) NonClass: 105880K(106816K)->105880K(106816K) Class: 18090K(21696K)->18090K(21696K)
[153.547s][info][gc             ] GC(767) Pause Full (Ergonomics) 1591M->1374M(1820M) 255.641ms
[153.548s][info][gc,cpu         ] GC(767) User=2.38s Sys=0.03s Real=0.27s
[153.565s][info][gc,start       ] GC(768) Pause Full (Ergonomics)
[153.565s][info][gc,phases,start] GC(768) Marking Phase
[153.607s][info][gc,phases      ] GC(768) Marking Phase 42.179ms
[153.607s][info][gc,phases,start] GC(768) Summary Phase
[153.607s][info][gc,phases      ] GC(768) Summary Phase 0.042ms
[153.607s][info][gc,phases,start] GC(768) Adjust Roots
[153.623s][info][gc,phases      ] GC(768) Adjust Roots 16.314ms
[153.623s][info][gc,phases,start] GC(768) Compaction Phase
[153.660s][info][gc,phases      ] GC(768) Compaction Phase 36.719ms
[153.660s][info][gc,phases,start] GC(768) Post Compact
[153.668s][info][gc,phases      ] GC(768) Post Compact 7.920ms
[153.668s][info][gc,heap        ] GC(768) PSYoungGen: 232960K(465920K)->10144K(465920K) Eden: 232960K(232960K)->10144K(232960K) From: 0K(232960K)->0K(232960K)
[153.668s][info][gc,heap        ] GC(768) ParOldGen: 1394815K(1398272K)->1398244K(1398272K)
[153.668s][info][gc,metaspace   ] GC(768) Metaspace: 123970K(128512K)->123970K(128512K) NonClass: 105880K(106816K)->105880K(106816K) Class: 18090K(21696K)->18090K(21696K)
[153.668s][info][gc             ] GC(768) Pause Full (Ergonomics) 1589M->1375M(1820M) 103.524ms
[153.668s][info][gc,cpu         ] GC(768) User=2.06s Sys=0.00s Real=0.11s
[153.684s][info][gc,start       ] GC(769) Pause Full (Ergonomics)
[153.684s][info][gc,phases,start] GC(769) Marking Phase
[153.729s][info][gc,phases      ] GC(769) Marking Phase 45.065ms
[153.729s][info][gc,phases,start] GC(769) Summary Phase
[153.730s][info][gc,phases      ] GC(769) Summary Phase 0.044ms
[153.730s][info][gc,phases,start] GC(769) Adjust Roots
[153.746s][info][gc,phases      ] GC(769) Adjust Roots 16.045ms
[153.746s][info][gc,phases,start] GC(769) Compaction Phase
[153.783s][info][gc,phases      ] GC(769) Compaction Phase 37.669ms
[153.783s][info][gc,phases,start] GC(769) Post Compact
[153.791s][info][gc,phases      ] GC(769) Post Compact 7.936ms
[153.791s][info][gc,heap        ] GC(769) PSYoungGen: 232960K(465920K)->17652K(465920K) Eden: 232960K(232960K)->17652K(232960K) From: 0K(232960K)->0K(232960K)
[153.791s][info][gc,heap        ] GC(769) ParOldGen: 1398244K(1398272K)->1395361K(1398272K)
[153.791s][info][gc,metaspace   ] GC(769) Metaspace: 123972K(128512K)->123972K(128512K) NonClass: 105882K(106816K)->105882K(106816K) Class: 18090K(21696K)->18090K(21696K)
[153.791s][info][gc             ] GC(769) Pause Full (Ergonomics) 1592M->1379M(1820M) 107.079ms
[153.791s][info][gc,cpu         ] GC(769) User=2.61s Sys=0.00s Real=0.09s
[153.807s][info][gc,start       ] GC(770) Pause Full (Ergonomics)
[153.807s][info][gc,phases,start] GC(770) Marking Phase
[153.854s][info][gc,phases      ] GC(770) Marking Phase 46.447ms
[153.854s][info][gc,phases,start] GC(770) Summary Phase
[153.854s][info][gc,phases      ] GC(770) Summary Phase 0.042ms
[153.854s][info][gc,phases,start] GC(770) Adjust Roots
[153.865s][info][gc,phases      ] GC(770) Adjust Roots 11.086ms
[153.865s][info][gc,phases,start] GC(770) Compaction Phase
[153.902s][info][gc,phases      ] GC(770) Compaction Phase 37.160ms
[153.902s][info][gc,phases,start] GC(770) Post Compact
[153.910s][info][gc,phases      ] GC(770) Post Compact 7.919ms
[153.910s][info][gc,heap        ] GC(770) PSYoungGen: 232960K(465920K)->17725K(465920K) Eden: 232960K(232960K)->17725K(232960K) From: 0K(232960K)->0K(232960K)
[153.910s][info][gc,heap        ] GC(770) ParOldGen: 1395361K(1398272K)->1392930K(1398272K)
[153.910s][info][gc,metaspace   ] GC(770) Metaspace: 123976K(128512K)->123976K(128512K) NonClass: 105886K(106816K)->105886K(106816K) Class: 18090K(21696K)->18090K(21696K)
[153.910s][info][gc             ] GC(770) Pause Full (Ergonomics) 1590M->1377M(1820M) 103.004ms
[153.910s][info][gc,cpu         ] GC(770) User=2.81s Sys=0.02s Real=0.09s
[153.929s][info][gc,start       ] GC(771) Pause Full (Ergonomics)
[153.929s][info][gc,phases,start] GC(771) Marking Phase
[153.962s][info][gc,phases      ] GC(771) Marking Phase 33.792ms
[153.963s][info][gc,phases,start] GC(771) Summary Phase
[153.963s][info][gc,phases      ] GC(771) Summary Phase 0.048ms
[153.963s][info][gc,phases,start] GC(771) Adjust Roots
[153.976s][info][gc,phases      ] GC(771) Adjust Roots 13.126ms
[153.976s][info][gc,phases,start] GC(771) Compaction Phase
[154.013s][info][gc,phases      ] GC(771) Compaction Phase 36.786ms
[154.013s][info][gc,phases,start] GC(771) Post Compact
[154.021s][info][gc,phases      ] GC(771) Post Compact 7.971ms
[154.021s][info][gc,heap        ] GC(771) PSYoungGen: 232960K(465920K)->11531K(465920K) Eden: 232960K(232960K)->11531K(232960K) From: 0K(232960K)->0K(232960K)
[154.021s][info][gc,heap        ] GC(771) ParOldGen: 1392930K(1398272K)->1396513K(1398272K)
[154.021s][info][gc,metaspace   ] GC(771) Metaspace: 123989K(128512K)->123989K(128512K) NonClass: 105899K(106816K)->105899K(106816K) Class: 18090K(21696K)->18090K(21696K)
[154.021s][info][gc             ] GC(771) Pause Full (Ergonomics) 1587M->1375M(1820M) 92.035ms
[154.021s][info][gc,cpu         ] GC(771) User=1.59s Sys=0.00s Real=0.09s
[154.038s][info][gc,start       ] GC(772) Pause Full (Ergonomics)
[154.038s][info][gc,phases,start] GC(772) Marking Phase
[154.081s][info][gc,phases      ] GC(772) Marking Phase 43.381ms
[154.081s][info][gc,phases,start] GC(772) Summary Phase
[154.081s][info][gc,phases      ] GC(772) Summary Phase 0.041ms
[154.081s][info][gc,phases,start] GC(772) Adjust Roots
[154.097s][info][gc,phases      ] GC(772) Adjust Roots 15.738ms
[154.097s][info][gc,phases,start] GC(772) Compaction Phase
[154.133s][info][gc,phases      ] GC(772) Compaction Phase 35.773ms
[154.133s][info][gc,phases,start] GC(772) Post Compact
[154.141s][info][gc,phases      ] GC(772) Post Compact 7.949ms
[154.141s][info][gc,heap        ] GC(772) PSYoungGen: 232960K(465920K)->3840K(465920K) Eden: 232960K(232960K)->3840K(232960K) From: 0K(232960K)->0K(232960K)
[154.141s][info][gc,heap        ] GC(772) ParOldGen: 1396513K(1398272K)->1397978K(1398272K)
[154.141s][info][gc,metaspace   ] GC(772) Metaspace: 123992K(128512K)->123992K(128512K) NonClass: 105902K(106816K)->105902K(106816K) Class: 18090K(21696K)->18090K(21696K)
[154.141s][info][gc             ] GC(772) Pause Full (Ergonomics) 1591M->1368M(1820M) 103.237ms
[154.141s][info][gc,cpu         ] GC(772) User=2.39s Sys=0.00s Real=0.09s
[154.159s][info][gc,start       ] GC(773) Pause Full (Ergonomics)
[154.159s][info][gc,phases,start] GC(773) Marking Phase
[154.195s][info][gc,phases      ] GC(773) Marking Phase 35.701ms
[154.195s][info][gc,phases,start] GC(773) Summary Phase
[154.195s][info][gc,phases      ] GC(773) Summary Phase 0.042ms
[154.195s][info][gc,phases,start] GC(773) Adjust Roots
[154.202s][info][gc,phases      ] GC(773) Adjust Roots 7.095ms
[154.202s][info][gc,phases,start] GC(773) Compaction Phase
[154.218s][info][gc,phases      ] GC(773) Compaction Phase 15.824ms
[154.218s][info][gc,phases,start] GC(773) Post Compact
[154.226s][info][gc,phases      ] GC(773) Post Compact 8.524ms
[154.227s][info][gc,heap        ] GC(773) PSYoungGen: 232960K(465920K)->3840K(465920K) Eden: 232960K(232960K)->3840K(232960K) From: 0K(232960K)->0K(232960K)
[154.227s][info][gc,heap        ] GC(773) ParOldGen: 1397978K(1398272K)->1397976K(1398272K)
[154.227s][info][gc,metaspace   ] GC(773) Metaspace: 123992K(128512K)->123992K(128512K) NonClass: 105902K(106816K)->105902K(106816K) Class: 18090K(21696K)->18090K(21696K)
[154.227s][info][gc             ] GC(773) Pause Full (Ergonomics) 1592M->1368M(1820M) 67.566ms
[154.227s][info][gc,cpu         ] GC(773) User=0.73s Sys=0.02s Real=0.06s
[154.250s][info][gc,start       ] GC(774) Pause Full (Ergonomics)
[154.251s][info][gc,phases,start] GC(774) Marking Phase
[154.293s][info][gc,phases      ] GC(774) Marking Phase 42.854ms
[154.293s][info][gc,phases,start] GC(774) Summary Phase
[154.293s][info][gc,phases      ] GC(774) Summary Phase 0.041ms
[154.293s][info][gc,phases,start] GC(774) Adjust Roots
[154.304s][info][gc,phases      ] GC(774) Adjust Roots 10.234ms
[154.304s][info][gc,phases,start] GC(774) Compaction Phase
[154.323s][info][gc,phases      ] GC(774) Compaction Phase 18.813ms
[154.323s][info][gc,phases,start] GC(774) Post Compact
[154.332s][info][gc,phases      ] GC(774) Post Compact 9.337ms
[154.332s][info][gc,heap        ] GC(774) PSYoungGen: 232960K(465920K)->3848K(465920K) Eden: 232960K(232960K)->3848K(232960K) From: 0K(232960K)->0K(232960K)
[154.332s][info][gc,heap        ] GC(774) ParOldGen: 1397976K(1398272K)->1397974K(1398272K)
[154.332s][info][gc,metaspace   ] GC(774) Metaspace: 123992K(128512K)->123992K(128512K) NonClass: 105902K(106816K)->105902K(106816K) Class: 18090K(21696K)->18090K(21696K)
[154.332s][info][gc             ] GC(774) Pause Full (Ergonomics) 1592M->1368M(1820M) 81.813ms
[154.332s][info][gc,cpu         ] GC(774) User=1.64s Sys=0.00s Real=0.08s
[154.359s][info][gc,start       ] GC(775) Pause Full (Ergonomics)
[154.359s][info][gc,phases,start] GC(775) Marking Phase
[154.402s][info][gc,phases      ] GC(775) Marking Phase 42.669ms
[154.402s][info][gc,phases,start] GC(775) Summary Phase
[154.402s][info][gc,phases      ] GC(775) Summary Phase 0.039ms
[154.402s][info][gc,phases,start] GC(775) Adjust Roots
[154.414s][info][gc,phases      ] GC(775) Adjust Roots 12.137ms
[154.414s][info][gc,phases,start] GC(775) Compaction Phase
[154.432s][info][gc,phases      ] GC(775) Compaction Phase 17.893ms
[154.432s][info][gc,phases,start] GC(775) Post Compact
[154.442s][info][gc,phases      ] GC(775) Post Compact 9.837ms
[154.442s][info][gc,heap        ] GC(775) PSYoungGen: 232960K(465920K)->3841K(465920K) Eden: 232960K(232960K)->3841K(232960K) From: 0K(232960K)->0K(232960K)
[154.442s][info][gc,heap        ] GC(775) ParOldGen: 1397974K(1398272K)->1397974K(1398272K)
[154.442s][info][gc,metaspace   ] GC(775) Metaspace: 123992K(128512K)->123992K(128512K) NonClass: 105902K(106816K)->105902K(106816K) Class: 18090K(21696K)->18090K(21696K)
[154.442s][info][gc             ] GC(775) Pause Full (Ergonomics) 1592M->1368M(1820M) 82.950ms
[154.442s][info][gc,cpu         ] GC(775) User=1.00s Sys=0.02s Real=0.08s
[154.469s][info][gc,start       ] GC(776) Pause Full (Ergonomics)
[154.469s][info][gc,phases,start] GC(776) Marking Phase
[154.513s][info][gc,phases      ] GC(776) Marking Phase 44.716ms
[154.514s][info][gc,phases,start] GC(776) Summary Phase
[154.514s][info][gc,phases      ] GC(776) Summary Phase 0.045ms
[154.514s][info][gc,phases,start] GC(776) Adjust Roots
[154.524s][info][gc,phases      ] GC(776) Adjust Roots 10.289ms
[154.524s][info][gc,phases,start] GC(776) Compaction Phase
[154.542s][info][gc,phases      ] GC(776) Compaction Phase 17.913ms
[154.542s][info][gc,phases,start] GC(776) Post Compact
[154.552s][info][gc,phases      ] GC(776) Post Compact 10.449ms
[154.552s][info][gc,heap        ] GC(776) PSYoungGen: 232960K(465920K)->3843K(465920K) Eden: 232960K(232960K)->3843K(232960K) From: 0K(232960K)->0K(232960K)
[154.552s][info][gc,heap        ] GC(776) ParOldGen: 1397974K(1398272K)->1397974K(1398272K)
[154.553s][info][gc,metaspace   ] GC(776) Metaspace: 123992K(128512K)->123992K(128512K) NonClass: 105902K(106816K)->105902K(106816K) Class: 18090K(21696K)->18090K(21696K)
[154.553s][info][gc             ] GC(776) Pause Full (Ergonomics) 1592M->1368M(1820M) 83.856ms
[154.553s][info][gc,cpu         ] GC(776) User=1.08s Sys=0.00s Real=0.08s
[154.580s][info][gc,start       ] GC(777) Pause Full (Ergonomics)
[154.580s][info][gc,phases,start] GC(777) Marking Phase
[154.628s][info][gc,phases      ] GC(777) Marking Phase 48.525ms
[154.628s][info][gc,phases,start] GC(777) Summary Phase
[154.628s][info][gc,phases      ] GC(777) Summary Phase 0.040ms
[154.628s][info][gc,phases,start] GC(777) Adjust Roots
[154.639s][info][gc,phases      ] GC(777) Adjust Roots 10.988ms
[154.639s][info][gc,phases,start] GC(777) Compaction Phase
[154.655s][info][gc,phases      ] GC(777) Compaction Phase 15.506ms
[154.655s][info][gc,phases,start] GC(777) Post Compact
[154.664s][info][gc,phases      ] GC(777) Post Compact 9.194ms
[154.664s][info][gc,heap        ] GC(777) PSYoungGen: 232960K(465920K)->3842K(465920K) Eden: 232960K(232960K)->3842K(232960K) From: 0K(232960K)->0K(232960K)
[154.664s][info][gc,heap        ] GC(777) ParOldGen: 1397974K(1398272K)->1397973K(1398272K)
[154.664s][info][gc,metaspace   ] GC(777) Metaspace: 123992K(128512K)->123992K(128512K) NonClass: 105902K(106816K)->105902K(106816K) Class: 18090K(21696K)->18090K(21696K)
[154.664s][info][gc             ] GC(777) Pause Full (Ergonomics) 1592M->1368M(1820M) 84.649ms
[154.664s][info][gc,cpu         ] GC(777) User=1.36s Sys=0.02s Real=0.09s
[154.689s][info][gc,start       ] GC(778) Pause Full (Ergonomics)
[154.689s][info][gc,phases,start] GC(778) Marking Phase
[154.739s][info][gc,phases      ] GC(778) Marking Phase 49.818ms
[154.739s][info][gc,phases,start] GC(778) Summary Phase
[154.739s][info][gc,phases      ] GC(778) Summary Phase 0.040ms
[154.739s][info][gc,phases,start] GC(778) Adjust Roots
[154.750s][info][gc,phases      ] GC(778) Adjust Roots 10.994ms
[154.750s][info][gc,phases,start] GC(778) Compaction Phase
[154.766s][info][gc,phases      ] GC(778) Compaction Phase 15.817ms
[154.766s][info][gc,phases,start] GC(778) Post Compact
[154.777s][info][gc,phases      ] GC(778) Post Compact 10.355ms
[154.777s][info][gc,heap        ] GC(778) PSYoungGen: 232960K(465920K)->3835K(465920K) Eden: 232960K(232960K)->3835K(232960K) From: 0K(232960K)->0K(232960K)
[154.777s][info][gc,heap        ] GC(778) ParOldGen: 1397973K(1398272K)->1397973K(1398272K)
[154.777s][info][gc,metaspace   ] GC(778) Metaspace: 123992K(128512K)->123992K(128512K) NonClass: 105902K(106816K)->105902K(106816K) Class: 18090K(21696K)->18090K(21696K)
[154.777s][info][gc             ] GC(778) Pause Full (Ergonomics) 1592M->1368M(1820M) 87.474ms
[154.777s][info][gc,cpu         ] GC(778) User=1.55s Sys=0.02s Real=0.09s
[154.801s][info][gc,start       ] GC(779) Pause Full (Ergonomics)
[154.801s][info][gc,phases,start] GC(779) Marking Phase
[154.837s][info][gc,phases      ] GC(779) Marking Phase 35.735ms
[154.837s][info][gc,phases,start] GC(779) Summary Phase
[154.837s][info][gc,phases      ] GC(779) Summary Phase 0.045ms
[154.837s][info][gc,phases,start] GC(779) Adjust Roots
[154.852s][info][gc,phases      ] GC(779) Adjust Roots 14.978ms
[154.852s][info][gc,phases,start] GC(779) Compaction Phase
[154.875s][info][gc,phases      ] GC(779) Compaction Phase 22.310ms
[154.875s][info][gc,phases,start] GC(779) Post Compact
[154.886s][info][gc,phases      ] GC(779) Post Compact 10.872ms
[154.886s][info][gc,heap        ] GC(779) PSYoungGen: 232960K(465920K)->3848K(465920K) Eden: 232960K(232960K)->3848K(232960K) From: 0K(232960K)->0K(232960K)
[154.886s][info][gc,heap        ] GC(779) ParOldGen: 1397973K(1398272K)->1397973K(1398272K)
[154.886s][info][gc,metaspace   ] GC(779) Metaspace: 123992K(128512K)->123992K(128512K) NonClass: 105902K(106816K)->105902K(106816K) Class: 18090K(21696K)->18090K(21696K)
[154.886s][info][gc             ] GC(779) Pause Full (Ergonomics) 1592M->1368M(1820M) 84.404ms
[154.886s][info][gc,cpu         ] GC(779) User=0.67s Sys=0.00s Real=0.08s
[154.912s][info][gc,start       ] GC(780) Pause Full (Ergonomics)
[154.912s][info][gc,phases,start] GC(780) Marking Phase
[154.956s][info][gc,phases      ] GC(780) Marking Phase 44.128ms
[154.956s][info][gc,phases,start] GC(780) Summary Phase
[154.956s][info][gc,phases      ] GC(780) Summary Phase 0.041ms
[154.956s][info][gc,phases,start] GC(780) Adjust Roots
[154.970s][info][gc,phases      ] GC(780) Adjust Roots 13.637ms
[154.970s][info][gc,phases,start] GC(780) Compaction Phase
[154.988s][info][gc,phases      ] GC(780) Compaction Phase 18.348ms
[154.988s][info][gc,phases,start] GC(780) Post Compact
[154.999s][info][gc,phases      ] GC(780) Post Compact 10.674ms
[154.999s][info][gc,heap        ] GC(780) PSYoungGen: 232960K(465920K)->3840K(465920K) Eden: 232960K(232960K)->3840K(232960K) From: 0K(232960K)->0K(232960K)
[154.999s][info][gc,heap        ] GC(780) ParOldGen: 1397973K(1398272K)->1397973K(1398272K)
[154.999s][info][gc,metaspace   ] GC(780) Metaspace: 123992K(128512K)->123992K(128512K) NonClass: 105902K(106816K)->105902K(106816K) Class: 18090K(21696K)->18090K(21696K)
[154.999s][info][gc             ] GC(780) Pause Full (Ergonomics) 1592M->1368M(1820M) 87.267ms
[154.999s][info][gc,cpu         ] GC(780) User=1.14s Sys=0.00s Real=0.09s
[155.023s][info][gc,start       ] GC(781) Pause Full (Ergonomics)
[155.023s][info][gc,phases,start] GC(781) Marking Phase
[155.062s][info][gc,phases      ] GC(781) Marking Phase 38.985ms
[155.062s][info][gc,phases,start] GC(781) Summary Phase
[155.062s][info][gc,phases      ] GC(781) Summary Phase 0.039ms
[155.062s][info][gc,phases,start] GC(781) Adjust Roots
[155.076s][info][gc,phases      ] GC(781) Adjust Roots 13.494ms
[155.076s][info][gc,phases,start] GC(781) Compaction Phase
[155.094s][info][gc,phases      ] GC(781) Compaction Phase 18.267ms
[155.094s][info][gc,phases,start] GC(781) Post Compact
[155.105s][info][gc,phases      ] GC(781) Post Compact 10.803ms
[155.105s][info][gc,heap        ] GC(781) PSYoungGen: 232960K(465920K)->3839K(465920K) Eden: 232960K(232960K)->3839K(232960K) From: 0K(232960K)->0K(232960K)
[155.105s][info][gc,heap        ] GC(781) ParOldGen: 1397973K(1398272K)->1397973K(1398272K)
[155.105s][info][gc,metaspace   ] GC(781) Metaspace: 123992K(128512K)->123992K(128512K) NonClass: 105902K(106816K)->105902K(106816K) Class: 18090K(21696K)->18090K(21696K)
[155.105s][info][gc             ] GC(781) Pause Full (Ergonomics) 1592M->1368M(1820M) 82.031ms
[155.105s][info][gc,cpu         ] GC(781) User=0.94s Sys=0.03s Real=0.08s
[155.132s][info][gc,start       ] GC(782) Pause Full (Ergonomics)
[155.132s][info][gc,phases,start] GC(782) Marking Phase
[155.184s][info][gc,phases      ] GC(782) Marking Phase 51.140ms
[155.184s][info][gc,phases,start] GC(782) Summary Phase
[155.184s][info][gc,phases      ] GC(782) Summary Phase 0.039ms
[155.184s][info][gc,phases,start] GC(782) Adjust Roots
[155.197s][info][gc,phases      ] GC(782) Adjust Roots 13.037ms
[155.197s][info][gc,phases,start] GC(782) Compaction Phase
[155.215s][info][gc,phases      ] GC(782) Compaction Phase 17.935ms
[155.215s][info][gc,phases,start] GC(782) Post Compact
[155.225s][info][gc,phases      ] GC(782) Post Compact 10.245ms
[155.225s][info][gc,heap        ] GC(782) PSYoungGen: 232960K(465920K)->3837K(465920K) Eden: 232960K(232960K)->3837K(232960K) From: 0K(232960K)->0K(232960K)
[155.225s][info][gc,heap        ] GC(782) ParOldGen: 1397973K(1398272K)->1397973K(1398272K)
[155.225s][info][gc,metaspace   ] GC(782) Metaspace: 123992K(128512K)->123992K(128512K) NonClass: 105902K(106816K)->105902K(106816K) Class: 18090K(21696K)->18090K(21696K)
[155.225s][info][gc             ] GC(782) Pause Full (Ergonomics) 1592M->1368M(1820M) 92.786ms
[155.225s][info][gc,cpu         ] GC(782) User=1.03s Sys=0.13s Real=0.09s
[155.253s][info][gc,start       ] GC(783) Pause Full (Ergonomics)
[155.253s][info][gc,phases,start] GC(783) Marking Phase
[155.295s][info][gc,phases      ] GC(783) Marking Phase 41.715ms
[155.295s][info][gc,phases,start] GC(783) Summary Phase
[155.295s][info][gc,phases      ] GC(783) Summary Phase 0.041ms
[155.295s][info][gc,phases,start] GC(783) Adjust Roots
[155.310s][info][gc,phases      ] GC(783) Adjust Roots 14.850ms
[155.310s][info][gc,phases,start] GC(783) Compaction Phase
[155.328s][info][gc,phases      ] GC(783) Compaction Phase 18.033ms
[155.328s][info][gc,phases,start] GC(783) Post Compact
[155.339s][info][gc,phases      ] GC(783) Post Compact 10.420ms
[155.339s][info][gc,heap        ] GC(783) PSYoungGen: 232960K(465920K)->3846K(465920K) Eden: 232960K(232960K)->3846K(232960K) From: 0K(232960K)->0K(232960K)
[155.339s][info][gc,heap        ] GC(783) ParOldGen: 1397973K(1398272K)->1397973K(1398272K)
[155.339s][info][gc,metaspace   ] GC(783) Metaspace: 123992K(128512K)->123992K(128512K) NonClass: 105902K(106816K)->105902K(106816K) Class: 18090K(21696K)->18090K(21696K)
[155.339s][info][gc             ] GC(783) Pause Full (Ergonomics) 1592M->1368M(1820M) 85.447ms
[155.339s][info][gc,cpu         ] GC(783) User=1.09s Sys=0.02s Real=0.09s
[155.365s][info][gc,start       ] GC(784) Pause Full (Ergonomics)
[155.366s][info][gc,phases,start] GC(784) Marking Phase
[155.409s][info][gc,phases      ] GC(784) Marking Phase 43.936ms
[155.410s][info][gc,phases,start] GC(784) Summary Phase
[155.410s][info][gc,phases      ] GC(784) Summary Phase 0.041ms
[155.410s][info][gc,phases,start] GC(784) Adjust Roots
[155.422s][info][gc,phases      ] GC(784) Adjust Roots 12.561ms
[155.422s][info][gc,phases,start] GC(784) Compaction Phase
[155.440s][info][gc,phases      ] GC(784) Compaction Phase 18.293ms
[155.440s][info][gc,phases,start] GC(784) Post Compact
[155.450s][info][gc,phases      ] GC(784) Post Compact 9.841ms
[155.450s][info][gc,heap        ] GC(784) PSYoungGen: 232960K(465920K)->3847K(465920K) Eden: 232960K(232960K)->3847K(232960K) From: 0K(232960K)->0K(232960K)
[155.450s][info][gc,heap        ] GC(784) ParOldGen: 1397973K(1398272K)->1397973K(1398272K)
[155.450s][info][gc,metaspace   ] GC(784) Metaspace: 123992K(128512K)->123992K(128512K) NonClass: 105902K(106816K)->105902K(106816K) Class: 18090K(21696K)->18090K(21696K)
[155.451s][info][gc             ] GC(784) Pause Full (Ergonomics) 1592M->1368M(1820M) 85.058ms
[155.451s][info][gc,cpu         ] GC(784) User=1.14s Sys=0.00s Real=0.09s
[155.475s][info][gc,start       ] GC(785) Pause Full (Ergonomics)
[155.475s][info][gc,phases,start] GC(785) Marking Phase
[155.517s][info][gc,phases      ] GC(785) Marking Phase 42.708ms
[155.518s][info][gc,phases,start] GC(785) Summary Phase
[155.518s][info][gc,phases      ] GC(785) Summary Phase 0.039ms
[155.518s][info][gc,phases,start] GC(785) Adjust Roots
[155.528s][info][gc,phases      ] GC(785) Adjust Roots 10.012ms
[155.528s][info][gc,phases,start] GC(785) Compaction Phase
[155.546s][info][gc,phases      ] GC(785) Compaction Phase 17.982ms
[155.546s][info][gc,phases,start] GC(785) Post Compact
[155.555s][info][gc,phases      ] GC(785) Post Compact 9.338ms
[155.555s][info][gc,heap        ] GC(785) PSYoungGen: 232960K(465920K)->3839K(465920K) Eden: 232960K(232960K)->3839K(232960K) From: 0K(232960K)->0K(232960K)
[155.555s][info][gc,heap        ] GC(785) ParOldGen: 1397973K(1398272K)->1397973K(1398272K)
[155.555s][info][gc,metaspace   ] GC(785) Metaspace: 123992K(128512K)->123992K(128512K) NonClass: 105902K(106816K)->105902K(106816K) Class: 18090K(21696K)->18090K(21696K)
[155.555s][info][gc             ] GC(785) Pause Full (Ergonomics) 1592M->1368M(1820M) 80.416ms
[155.555s][info][gc,cpu         ] GC(785) User=1.23s Sys=0.00s Real=0.08s
[155.583s][info][gc,start       ] GC(786) Pause Full (Ergonomics)
[155.583s][info][gc,phases,start] GC(786) Marking Phase
[155.631s][info][gc,phases      ] GC(786) Marking Phase 47.528ms
[155.631s][info][gc,phases,start] GC(786) Summary Phase
[155.631s][info][gc,phases      ] GC(786) Summary Phase 0.056ms
[155.631s][info][gc,phases,start] GC(786) Adjust Roots
[155.639s][info][gc,phases      ] GC(786) Adjust Roots 8.515ms
[155.640s][info][gc,phases,start] GC(786) Compaction Phase
[155.673s][info][gc,phases      ] GC(786) Compaction Phase 32.969ms
[155.673s][info][gc,phases,start] GC(786) Post Compact
[155.681s][info][gc,phases      ] GC(786) Post Compact 7.938ms
[155.681s][info][gc,heap        ] GC(786) PSYoungGen: 232960K(465920K)->0K(465920K) Eden: 232960K(232960K)->0K(232960K) From: 0K(232960K)->0K(232960K)
[155.681s][info][gc,heap        ] GC(786) ParOldGen: 1397973K(1398272K)->1377346K(1398272K)
[155.681s][info][gc,metaspace   ] GC(786) Metaspace: 123992K(128512K)->123992K(128512K) NonClass: 105902K(106816K)->105902K(106816K) Class: 18090K(21696K)->18090K(21696K)
[155.681s][info][gc             ] GC(786) Pause Full (Ergonomics) 1592M->1345M(1820M) 97.352ms
[155.681s][info][gc,cpu         ] GC(786) User=2.59s Sys=0.00s Real=0.11s
[155.698s][info][gc,start       ] GC(787) Pause Full (Ergonomics)
[155.698s][info][gc,phases,start] GC(787) Marking Phase
[155.734s][info][gc,phases      ] GC(787) Marking Phase 35.399ms
[155.734s][info][gc,phases,start] GC(787) Summary Phase
[155.734s][info][gc,phases      ] GC(787) Summary Phase 0.061ms
[155.734s][info][gc,phases,start] GC(787) Adjust Roots
[155.748s][info][gc,phases      ] GC(787) Adjust Roots 14.727ms
[155.749s][info][gc,phases,start] GC(787) Compaction Phase
[155.782s][info][gc,phases      ] GC(787) Compaction Phase 33.147ms
[155.782s][info][gc,phases,start] GC(787) Post Compact
[155.790s][info][gc,phases      ] GC(787) Post Compact 7.900ms
[155.790s][info][gc,heap        ] GC(787) PSYoungGen: 232960K(465920K)->0K(465920K) Eden: 232960K(232960K)->0K(232960K) From: 0K(232960K)->0K(232960K)
[155.790s][info][gc,heap        ] GC(787) ParOldGen: 1377346K(1398272K)->1348795K(1398272K)
[155.790s][info][gc,metaspace   ] GC(787) Metaspace: 123992K(128512K)->123992K(128512K) NonClass: 105902K(106816K)->105902K(106816K) Class: 18090K(21696K)->18090K(21696K)
[155.790s][info][gc             ] GC(787) Pause Full (Ergonomics) 1572M->1317M(1820M) 91.560ms
[155.790s][info][gc,cpu         ] GC(787) User=1.58s Sys=0.00s Real=0.08s
[155.810s][info][gc,start       ] GC(788) Pause Young (Allocation Failure)
[155.811s][info][gc,heap        ] GC(788) PSYoungGen: 232960K(465920K)->1191K(465920K) Eden: 232960K(232960K)->0K(232960K) From: 0K(232960K)->1191K(232960K)
[155.811s][info][gc,heap        ] GC(788) ParOldGen: 1348795K(1398272K)->1348795K(1398272K)
[155.811s][info][gc,metaspace   ] GC(788) Metaspace: 123992K(128512K)->123992K(128512K) NonClass: 105902K(106816K)->105902K(106816K) Class: 18090K(21696K)->18090K(21696K)
[155.811s][info][gc             ] GC(788) Pause Young (Allocation Failure) 1544M->1318M(1820M) 1.489ms
[155.811s][info][gc,cpu         ] GC(788) User=0.00s Sys=0.00s Real=0.00s
[155.834s][info][gc,start       ] GC(789) Pause Young (Allocation Failure)
[155.835s][info][gc,heap        ] GC(789) PSYoungGen: 234151K(465920K)->1182K(465920K) Eden: 232960K(232960K)->0K(232960K) From: 1191K(232960K)->1182K(232960K)
[155.835s][info][gc,heap        ] GC(789) ParOldGen: 1348795K(1398272K)->1348795K(1398272K)
[155.835s][info][gc,metaspace   ] GC(789) Metaspace: 123992K(128512K)->123992K(128512K) NonClass: 105902K(106816K)->105902K(106816K) Class: 18090K(21696K)->18090K(21696K)
[155.835s][info][gc             ] GC(789) Pause Young (Allocation Failure) 1545M->1318M(1820M) 1.623ms
[155.835s][info][gc,cpu         ] GC(789) User=0.00s Sys=0.00s Real=0.00s
[155.875s][info][gc,start       ] GC(790) Pause Young (Allocation Failure)
[155.877s][info][gc,heap        ] GC(790) PSYoungGen: 234142K(465920K)->1954K(465920K) Eden: 232960K(232960K)->0K(232960K) From: 1182K(232960K)->1954K(232960K)
[155.877s][info][gc,heap        ] GC(790) ParOldGen: 1348795K(1398272K)->1348803K(1398272K)
[155.877s][info][gc,metaspace   ] GC(790) Metaspace: 123995K(128512K)->123995K(128512K) NonClass: 105905K(106816K)->105905K(106816K) Class: 18090K(21696K)->18090K(21696K)
[155.877s][info][gc             ] GC(790) Pause Young (Allocation Failure) 1545M->1319M(1820M) 1.850ms
[155.877s][info][gc,cpu         ] GC(790) User=0.00s Sys=0.00s Real=0.00s
[156.345s][info][gc,start       ] GC(791) Pause Young (System.gc())
[156.348s][info][gc,heap        ] GC(791) PSYoungGen: 109516K(465920K)->2340K(465920K) Eden: 107562K(232960K)->0K(232960K) From: 1954K(232960K)->2340K(232960K)
[156.348s][info][gc,heap        ] GC(791) ParOldGen: 1348803K(1398272K)->1348811K(1398272K)
[156.348s][info][gc,metaspace   ] GC(791) Metaspace: 124024K(128576K)->124024K(128576K) NonClass: 105934K(106880K)->105934K(106880K) Class: 18090K(21696K)->18090K(21696K)
[156.348s][info][gc             ] GC(791) Pause Young (System.gc()) 1424M->1319M(1820M) 2.759ms
[156.348s][info][gc,cpu         ] GC(791) User=0.00s Sys=0.00s Real=0.00s
[156.348s][info][gc,start       ] GC(792) Pause Full (System.gc())
[156.348s][info][gc,phases,start] GC(792) Marking Phase
[156.392s][info][gc,phases      ] GC(792) Marking Phase 43.556ms
[156.392s][info][gc,phases,start] GC(792) Summary Phase
[156.392s][info][gc,phases      ] GC(792) Summary Phase 0.034ms
[156.392s][info][gc,phases,start] GC(792) Adjust Roots
[156.399s][info][gc,phases      ] GC(792) Adjust Roots 7.297ms
[156.399s][info][gc,phases,start] GC(792) Compaction Phase
[156.479s][info][gc,phases      ] GC(792) Compaction Phase 79.499ms
[156.479s][info][gc,phases,start] GC(792) Post Compact
[156.485s][info][gc,phases      ] GC(792) Post Compact 6.702ms
[156.485s][info][gc,heap        ] GC(792) PSYoungGen: 2340K(465920K)->0K(465920K) Eden: 0K(232960K)->0K(232960K) From: 2340K(232960K)->0K(232960K)
[156.485s][info][gc,heap        ] GC(792) ParOldGen: 1348811K(1398272K)->974016K(1398272K)
[156.485s][info][gc,metaspace   ] GC(792) Metaspace: 124024K(128576K)->124024K(128576K) NonClass: 105934K(106880K)->105934K(106880K) Class: 18090K(21696K)->18090K(21696K)
[156.485s][info][gc             ] GC(792) Pause Full (System.gc()) 1319M->951M(1820M) 137.396ms
[156.486s][info][gc,cpu         ] GC(792) User=3.58s Sys=0.02s Real=0.14s
[156.592s][info][gc,start       ] GC(793) Pause Young (Allocation Failure)
[156.594s][info][gc,heap        ] GC(793) PSYoungGen: 232959K(465920K)->8109K(465920K) Eden: 232959K(232960K)->0K(232960K) From: 0K(232960K)->8109K(232960K)
[156.594s][info][gc,heap        ] GC(793) ParOldGen: 974016K(1398272K)->974024K(1398272K)
[156.594s][info][gc,metaspace   ] GC(793) Metaspace: 124417K(128896K)->124417K(128896K) NonClass: 106327K(107200K)->106327K(107200K) Class: 18090K(21696K)->18090K(21696K)
[156.594s][info][gc             ] GC(793) Pause Young (Allocation Failure) 1178M->959M(1820M) 2.165ms
[156.594s][info][gc,cpu         ] GC(793) User=0.00s Sys=0.00s Real=0.00s
[156.611s][info][gc,start       ] GC(794) Pause Young (Allocation Failure)
[156.613s][info][gc,heap        ] GC(794) PSYoungGen: 241069K(465920K)->9087K(465920K) Eden: 232960K(232960K)->0K(232960K) From: 8109K(232960K)->9087K(232960K)
[156.613s][info][gc,heap        ] GC(794) ParOldGen: 974024K(1398272K)->974024K(1398272K)
[156.613s][info][gc,metaspace   ] GC(794) Metaspace: 124418K(128896K)->124418K(128896K) NonClass: 106327K(107200K)->106327K(107200K) Class: 18090K(21696K)->18090K(21696K)
[156.613s][info][gc             ] GC(794) Pause Young (Allocation Failure) 1186M->960M(1820M) 1.887ms
[156.613s][info][gc,cpu         ] GC(794) User=0.00s Sys=0.00s Real=0.00s
[156.630s][info][gc,start       ] GC(795) Pause Young (Allocation Failure)
[156.632s][info][gc,heap        ] GC(795) PSYoungGen: 242047K(465920K)->11950K(465920K) Eden: 232960K(232960K)->0K(232960K) From: 9087K(232960K)->11950K(232960K)
[156.632s][info][gc,heap        ] GC(795) ParOldGen: 974024K(1398272K)->974024K(1398272K)
[156.632s][info][gc,metaspace   ] GC(795) Metaspace: 124419K(128896K)->124419K(128896K) NonClass: 106329K(107200K)->106329K(107200K) Class: 18090K(21696K)->18090K(21696K)
[156.632s][info][gc             ] GC(795) Pause Young (Allocation Failure) 1187M->962M(1820M) 2.155ms
[156.632s][info][gc,cpu         ] GC(795) User=0.00s Sys=0.00s Real=0.00s
[156.648s][info][gc,start       ] GC(796) Pause Young (Allocation Failure)
[156.651s][info][gc,heap        ] GC(796) PSYoungGen: 244910K(465920K)->7561K(465920K) Eden: 232960K(232960K)->0K(232960K) From: 11950K(232960K)->7561K(232960K)
[156.651s][info][gc,heap        ] GC(796) ParOldGen: 974024K(1398272K)->980437K(1398272K)
[156.651s][info][gc,metaspace   ] GC(796) Metaspace: 124420K(128896K)->124420K(128896K) NonClass: 106329K(107200K)->106329K(107200K) Class: 18090K(21696K)->18090K(21696K)
[156.651s][info][gc             ] GC(796) Pause Young (Allocation Failure) 1190M->964M(1820M) 2.406ms
[156.651s][info][gc,cpu         ] GC(796) User=0.56s Sys=0.00s Real=0.02s
[156.667s][info][gc,start       ] GC(797) Pause Young (Allocation Failure)
[156.669s][info][gc,heap        ] GC(797) PSYoungGen: 240521K(465920K)->7115K(465920K) Eden: 232960K(232960K)->0K(232960K) From: 7561K(232960K)->7115K(232960K)
[156.669s][info][gc,heap        ] GC(797) ParOldGen: 980437K(1398272K)->983090K(1398272K)
[156.669s][info][gc,metaspace   ] GC(797) Metaspace: 124426K(128896K)->124426K(128896K) NonClass: 106336K(107200K)->106336K(107200K) Class: 18090K(21696K)->18090K(21696K)
[156.669s][info][gc             ] GC(797) Pause Young (Allocation Failure) 1192M->966M(1820M) 1.697ms
[156.669s][info][gc,cpu         ] GC(797) User=0.00s Sys=0.00s Real=0.00s
[156.684s][info][gc,start       ] GC(798) Pause Young (Allocation Failure)
[156.687s][info][gc,heap        ] GC(798) PSYoungGen: 240075K(465920K)->4117K(237568K) Eden: 232960K(232960K)->0K(232960K) From: 7115K(232960K)->4117K(4608K)
[156.687s][info][gc,heap        ] GC(798) ParOldGen: 983090K(1398272K)->988384K(1398272K)
[156.687s][info][gc,metaspace   ] GC(798) Metaspace: 124426K(128896K)->124426K(128896K) NonClass: 106336K(107200K)->106336K(107200K) Class: 18090K(21696K)->18090K(21696K)
[156.687s][info][gc             ] GC(798) Pause Young (Allocation Failure) 1194M->969M(1597M) 3.033ms
[156.687s][info][gc,cpu         ] GC(798) User=0.56s Sys=0.00s Real=0.02s
[156.703s][info][gc,start       ] GC(799) Pause Young (Allocation Failure)
[156.706s][info][gc,heap        ] GC(799) PSYoungGen: 237077K(237568K)->9195K(452096K) Eden: 232960K(232960K)->0K(239104K) From: 4117K(4608K)->9195K(212992K)
[156.706s][info][gc,heap        ] GC(799) ParOldGen: 988384K(1398272K)->988384K(1398272K)
[156.706s][info][gc,metaspace   ] GC(799) Metaspace: 124426K(128896K)->124426K(128896K) NonClass: 106336K(107200K)->106336K(107200K) Class: 18090K(21696K)->18090K(21696K)
[156.706s][info][gc             ] GC(799) Pause Young (Allocation Failure) 1196M->974M(1807M) 2.854ms
[156.706s][info][gc,cpu         ] GC(799) User=0.55s Sys=0.00s Real=0.02s
[156.722s][info][gc,start       ] GC(800) Pause Young (Allocation Failure)
[156.725s][info][gc,heap        ] GC(800) PSYoungGen: 248299K(452096K)->11961K(251392K) Eden: 239104K(239104K)->0K(239104K) From: 9195K(212992K)->11961K(12288K)
[156.725s][info][gc,heap        ] GC(800) ParOldGen: 988384K(1398272K)->988384K(1398272K)
[156.725s][info][gc,metaspace   ] GC(800) Metaspace: 124426K(128896K)->124426K(128896K) NonClass: 106336K(107200K)->106336K(107200K) Class: 18090K(21696K)->18090K(21696K)
[156.725s][info][gc             ] GC(800) Pause Young (Allocation Failure) 1207M->976M(1611M) 3.083ms
[156.725s][info][gc,cpu         ] GC(800) User=0.00s Sys=0.00s Real=0.00s
[156.742s][info][gc,start       ] GC(801) Pause Young (Allocation Failure)
[156.746s][info][gc,heap        ] GC(801) PSYoungGen: 251065K(251392K)->16258K(429056K) Eden: 239104K(239104K)->0K(244736K) From: 11961K(12288K)->16258K(184320K)
[156.746s][info][gc,heap        ] GC(801) ParOldGen: 988384K(1398272K)->988384K(1398272K)
[156.746s][info][gc,metaspace   ] GC(801) Metaspace: 124426K(128896K)->124426K(128896K) NonClass: 106336K(107200K)->106336K(107200K) Class: 18090K(21696K)->18090K(21696K)
[156.746s][info][gc             ] GC(801) Pause Young (Allocation Failure) 1210M->981M(1784M) 4.453ms
[156.746s][info][gc,cpu         ] GC(801) User=0.00s Sys=0.00s Real=0.00s
[156.762s][info][gc,start       ] GC(802) Pause Young (Allocation Failure)
[156.768s][info][gc,heap        ] GC(802) PSYoungGen: 260994K(429056K)->24429K(269312K) Eden: 244736K(244736K)->0K(244736K) From: 16258K(184320K)->24429K(24576K)
[156.768s][info][gc,heap        ] GC(802) ParOldGen: 988384K(1398272K)->988384K(1398272K)
[156.768s][info][gc,metaspace   ] GC(802) Metaspace: 124426K(128896K)->124426K(128896K) NonClass: 106336K(107200K)->106336K(107200K) Class: 18090K(21696K)->18090K(21696K)
[156.768s][info][gc             ] GC(802) Pause Young (Allocation Failure) 1220M->989M(1628M) 5.319ms
[156.768s][info][gc,cpu         ] GC(802) User=0.02s Sys=0.02s Real=0.02s
[156.785s][info][gc,start       ] GC(803) Pause Young (Allocation Failure)
[156.790s][info][gc,heap        ] GC(803) PSYoungGen: 269165K(269312K)->22867K(412160K) Eden: 244736K(244736K)->0K(251392K) From: 24429K(24576K)->22867K(160768K)
[156.790s][info][gc,heap        ] GC(803) ParOldGen: 988384K(1398272K)->988384K(1398272K)
[156.790s][info][gc,metaspace   ] GC(803) Metaspace: 124426K(128896K)->124426K(128896K) NonClass: 106336K(107200K)->106336K(107200K) Class: 18090K(21696K)->18090K(21696K)
[156.790s][info][gc             ] GC(803) Pause Young (Allocation Failure) 1228M->987M(1768M) 5.381ms
[156.790s][info][gc,cpu         ] GC(803) User=0.00s Sys=0.00s Real=0.00s
[156.808s][info][gc,start       ] GC(804) Pause Young (Allocation Failure)
[156.813s][info][gc,heap        ] GC(804) PSYoungGen: 274259K(412160K)->24493K(275968K) Eden: 251392K(251392K)->0K(251392K) From: 22867K(160768K)->24493K(24576K)
[156.813s][info][gc,heap        ] GC(804) ParOldGen: 988384K(1398272K)->988384K(1398272K)
[156.813s][info][gc,metaspace   ] GC(804) Metaspace: 124426K(128896K)->124426K(128896K) NonClass: 106336K(107200K)->106336K(107200K) Class: 18090K(21696K)->18090K(21696K)
[156.813s][info][gc             ] GC(804) Pause Young (Allocation Failure) 1233M->989M(1635M) 5.016ms
[156.813s][info][gc,cpu         ] GC(804) User=0.00s Sys=0.00s Real=0.00s
[156.830s][info][gc,start       ] GC(805) Pause Young (Allocation Failure)
[156.835s][info][gc,heap        ] GC(805) PSYoungGen: 275885K(275968K)->24397K(398848K) Eden: 251392K(251392K)->0K(258560K) From: 24493K(24576K)->24397K(140288K)
[156.835s][info][gc,heap        ] GC(805) ParOldGen: 988384K(1398272K)->988384K(1398272K)
[156.835s][info][gc,metaspace   ] GC(805) Metaspace: 124426K(128896K)->124426K(128896K) NonClass: 106336K(107200K)->106336K(107200K) Class: 18090K(21696K)->18090K(21696K)
[156.835s][info][gc             ] GC(805) Pause Young (Allocation Failure) 1234M->989M(1755M) 5.491ms
[156.835s][info][gc,cpu         ] GC(805) User=0.55s Sys=0.00s Real=0.02s
[156.853s][info][gc,start       ] GC(806) Pause Young (Allocation Failure)
[156.858s][info][gc,heap        ] GC(806) PSYoungGen: 282957K(398848K)->29181K(287744K) Eden: 258560K(258560K)->0K(258560K) From: 24397K(140288K)->29181K(29184K)
[156.858s][info][gc,heap        ] GC(806) ParOldGen: 988384K(1398272K)->988384K(1398272K)
[156.858s][info][gc,metaspace   ] GC(806) Metaspace: 124426K(128896K)->124426K(128896K) NonClass: 106336K(107200K)->106336K(107200K) Class: 18090K(21696K)->18090K(21696K)
[156.858s][info][gc             ] GC(806) Pause Young (Allocation Failure) 1241M->993M(1646M) 5.342ms
[156.858s][info][gc,cpu         ] GC(806) User=0.00s Sys=0.00s Real=0.00s
[156.876s][info][gc,start       ] GC(807) Pause Young (Allocation Failure)
[156.883s][info][gc,heap        ] GC(807) PSYoungGen: 287741K(287744K)->41681K(391680K) Eden: 258560K(258560K)->0K(267264K) From: 29181K(29184K)->41681K(124416K)
[156.883s][info][gc,heap        ] GC(807) ParOldGen: 988384K(1398272K)->988384K(1398272K)
[156.883s][info][gc,metaspace   ] GC(807) Metaspace: 124426K(128896K)->124426K(128896K) NonClass: 106336K(107200K)->106336K(107200K) Class: 18090K(21696K)->18090K(21696K)
[156.883s][info][gc             ] GC(807) Pause Young (Allocation Failure) 1246M->1005M(1748M) 6.498ms
[156.883s][info][gc,cpu         ] GC(807) User=0.36s Sys=0.00s Real=0.01s
[156.901s][info][gc,start       ] GC(808) Pause Young (Allocation Failure)
[156.907s][info][gc,heap        ] GC(808) PSYoungGen: 308945K(391680K)->43211K(399360K) Eden: 267264K(267264K)->0K(267264K) From: 41681K(124416K)->43211K(132096K)
[156.907s][info][gc,heap        ] GC(808) ParOldGen: 988384K(1398272K)->988384K(1398272K)
[156.907s][info][gc,metaspace   ] GC(808) Metaspace: 124426K(128896K)->124426K(128896K) NonClass: 106336K(107200K)->106336K(107200K) Class: 18090K(21696K)->18090K(21696K)
[156.907s][info][gc             ] GC(808) Pause Young (Allocation Failure) 1266M->1007M(1755M) 5.817ms
[156.907s][info][gc,cpu         ] GC(808) User=0.00s Sys=0.00s Real=0.00s
[156.925s][info][gc,start       ] GC(809) Pause Young (Allocation Failure)
[156.931s][info][gc,heap        ] GC(809) PSYoungGen: 310475K(399360K)->46304K(393216K) Eden: 267264K(267264K)->0K(277504K) From: 43211K(132096K)->46304K(115712K)
[156.931s][info][gc,heap        ] GC(809) ParOldGen: 988384K(1398272K)->988384K(1398272K)
[156.931s][info][gc,metaspace   ] GC(809) Metaspace: 124426K(128896K)->124426K(128896K) NonClass: 106336K(107200K)->106336K(107200K) Class: 18090K(21696K)->18090K(21696K)
[156.931s][info][gc             ] GC(809) Pause Young (Allocation Failure) 1268M->1010M(1749M) 6.337ms
[156.931s][info][gc,cpu         ] GC(809) User=0.00s Sys=0.00s Real=0.00s
[156.950s][info][gc,start       ] GC(810) Pause Young (Allocation Failure)
[156.955s][info][gc,heap        ] GC(810) PSYoungGen: 323808K(393216K)->46368K(397824K) Eden: 277504K(277504K)->0K(277504K) From: 46304K(115712K)->46368K(120320K)
[156.955s][info][gc,heap        ] GC(810) ParOldGen: 988384K(1398272K)->988384K(1398272K)
[156.955s][info][gc,metaspace   ] GC(810) Metaspace: 124426K(128896K)->124426K(128896K) NonClass: 106336K(107200K)->106336K(107200K) Class: 18090K(21696K)->18090K(21696K)
[156.955s][info][gc             ] GC(810) Pause Young (Allocation Failure) 1281M->1010M(1754M) 5.299ms
[156.955s][info][gc,cpu         ] GC(810) User=0.00s Sys=0.00s Real=0.00s
[156.974s][info][gc,start       ] GC(811) Pause Young (Allocation Failure)
[156.980s][info][gc,heap        ] GC(811) PSYoungGen: 323872K(397824K)->47931K(396288K) Eden: 277504K(277504K)->0K(288768K) From: 46368K(120320K)->47931K(107520K)
[156.980s][info][gc,heap        ] GC(811) ParOldGen: 988384K(1398272K)->988384K(1398272K)
[156.980s][info][gc,metaspace   ] GC(811) Metaspace: 124426K(128896K)->124426K(128896K) NonClass: 106336K(107200K)->106336K(107200K) Class: 18090K(21696K)->18090K(21696K)
[156.980s][info][gc             ] GC(811) Pause Young (Allocation Failure) 1281M->1012M(1752M) 6.085ms
[156.980s][info][gc,cpu         ] GC(811) User=0.00s Sys=0.00s Real=0.00s
[156.999s][info][gc,start       ] GC(812) Pause Young (Allocation Failure)
[157.004s][info][gc,heap        ] GC(812) PSYoungGen: 336699K(396288K)->47899K(399872K) Eden: 288768K(288768K)->0K(288768K) From: 47931K(107520K)->47899K(111104K)
[157.004s][info][gc,heap        ] GC(812) ParOldGen: 988384K(1398272K)->988384K(1398272K)
[157.004s][info][gc,metaspace   ] GC(812) Metaspace: 124426K(128896K)->124426K(128896K) NonClass: 106336K(107200K)->106336K(107200K) Class: 18090K(21696K)->18090K(21696K)
[157.005s][info][gc             ] GC(812) Pause Young (Allocation Failure) 1294M->1011M(1756M) 5.483ms
[157.005s][info][gc,cpu         ] GC(812) User=0.28s Sys=0.00s Real=0.01s
[157.023s][info][gc,start       ] GC(813) Pause Young (Allocation Failure)
[157.029s][info][gc,heap        ] GC(813) PSYoungGen: 336667K(399872K)->47867K(400384K) Eden: 288768K(288768K)->0K(300544K) From: 47899K(111104K)->47867K(99840K)
[157.029s][info][gc,heap        ] GC(813) ParOldGen: 988384K(1398272K)->988446K(1398272K)
[157.029s][info][gc,metaspace   ] GC(813) Metaspace: 124426K(128896K)->124426K(128896K) NonClass: 106336K(107200K)->106336K(107200K) Class: 18090K(21696K)->18090K(21696K)
[157.029s][info][gc             ] GC(813) Pause Young (Allocation Failure) 1293M->1012M(1756M) 5.454ms
[157.029s][info][gc,cpu         ] GC(813) User=0.00s Sys=0.00s Real=0.00s
[157.049s][info][gc,start       ] GC(814) Pause Young (Allocation Failure)
[157.053s][info][gc,heap        ] GC(814) PSYoungGen: 348411K(400384K)->47867K(403968K) Eden: 300544K(300544K)->0K(300544K) From: 47867K(99840K)->47867K(103424K)
[157.053s][info][gc,heap        ] GC(814) ParOldGen: 988446K(1398272K)->988462K(1398272K)
[157.053s][info][gc,metaspace   ] GC(814) Metaspace: 124426K(128896K)->124426K(128896K) NonClass: 106336K(107200K)->106336K(107200K) Class: 18090K(21696K)->18090K(21696K)
[157.053s][info][gc             ] GC(814) Pause Young (Allocation Failure) 1305M->1012M(1760M) 4.171ms
[157.053s][info][gc,cpu         ] GC(814) User=0.52s Sys=0.00s Real=0.01s
[157.073s][info][gc,start       ] GC(815) Pause Young (Allocation Failure)
[157.078s][info][gc,heap        ] GC(815) PSYoungGen: 348411K(403968K)->54181K(410624K) Eden: 300544K(300544K)->0K(312832K) From: 47867K(103424K)->54181K(97792K)
[157.078s][info][gc,heap        ] GC(815) ParOldGen: 988462K(1398272K)->988462K(1398272K)
[157.078s][info][gc,metaspace   ] GC(815) Metaspace: 124426K(128896K)->124426K(128896K) NonClass: 106336K(107200K)->106336K(107200K) Class: 18090K(21696K)->18090K(21696K)
[157.078s][info][gc             ] GC(815) Pause Young (Allocation Failure) 1305M->1018M(1766M) 5.483ms
[157.078s][info][gc,cpu         ] GC(815) User=0.00s Sys=0.00s Real=0.00s
[157.099s][info][gc,start       ] GC(816) Pause Young (Allocation Failure)
[157.106s][info][gc,heap        ] GC(816) PSYoungGen: 367013K(410624K)->57242K(411136K) Eden: 312832K(312832K)->0K(312832K) From: 54181K(97792K)->57242K(98304K)
[157.106s][info][gc,heap        ] GC(816) ParOldGen: 988462K(1398272K)->988462K(1398272K)
[157.106s][info][gc,metaspace   ] GC(816) Metaspace: 124426K(128896K)->124426K(128896K) NonClass: 106336K(107200K)->106336K(107200K) Class: 18090K(21696K)->18090K(21696K)
[157.106s][info][gc             ] GC(816) Pause Young (Allocation Failure) 1323M->1021M(1767M) 6.785ms
[157.106s][info][gc,cpu         ] GC(816) User=0.00s Sys=0.00s Real=0.00s
[157.127s][info][gc,start       ] GC(817) Pause Young (Allocation Failure)
[157.135s][info][gc,heap        ] GC(817) PSYoungGen: 370074K(411136K)->72867K(419328K) Eden: 312832K(312832K)->0K(321024K) From: 57242K(98304K)->72867K(98304K)
[157.135s][info][gc,heap        ] GC(817) ParOldGen: 988462K(1398272K)->988462K(1398272K)
[157.135s][info][gc,metaspace   ] GC(817) Metaspace: 124426K(128896K)->124426K(128896K) NonClass: 106336K(107200K)->106336K(107200K) Class: 18090K(21696K)->18090K(21696K)
[157.135s][info][gc             ] GC(817) Pause Young (Allocation Failure) 1326M->1036M(1775M) 8.061ms
[157.135s][info][gc,cpu         ] GC(817) User=0.52s Sys=0.00s Real=0.01s
[157.159s][info][gc,start       ] GC(818) Pause Young (Allocation Failure)
[157.169s][info][gc,heap        ] GC(818) PSYoungGen: 393891K(419328K)->97931K(424448K) Eden: 321024K(321024K)->0K(321024K) From: 72867K(98304K)->97931K(103424K)
[157.169s][info][gc,heap        ] GC(818) ParOldGen: 988462K(1398272K)->988462K(1398272K)
[157.169s][info][gc,metaspace   ] GC(818) Metaspace: 124426K(128896K)->124426K(128896K) NonClass: 106336K(107200K)->106336K(107200K) Class: 18090K(21696K)->18090K(21696K)
[157.169s][info][gc             ] GC(818) Pause Young (Allocation Failure) 1349M->1060M(1780M) 10.424ms
[157.169s][info][gc,cpu         ] GC(818) User=0.00s Sys=0.00s Real=0.00s
[157.191s][info][gc,start       ] GC(819) Pause Young (Allocation Failure)
[157.207s][info][gc,heap        ] GC(819) PSYoungGen: 418955K(424448K)->94806K(444416K) Eden: 321024K(321024K)->0K(327680K) From: 97931K(103424K)->94806K(116736K)
[157.207s][info][gc,heap        ] GC(819) ParOldGen: 988462K(1398272K)->988462K(1398272K)
[157.207s][info][gc,metaspace   ] GC(819) Metaspace: 124426K(128896K)->124426K(128896K) NonClass: 106336K(107200K)->106336K(107200K) Class: 18090K(21696K)->18090K(21696K)
[157.207s][info][gc             ] GC(819) Pause Young (Allocation Failure) 1374M->1057M(1799M) 15.823ms
[157.207s][info][gc,cpu         ] GC(819) User=0.00s Sys=0.09s Real=0.02s
[157.229s][info][gc,start       ] GC(820) Pause Young (Allocation Failure)
[157.239s][info][gc,heap        ] GC(820) PSYoungGen: 422486K(444416K)->94774K(453632K) Eden: 327680K(327680K)->0K(327680K) From: 94806K(116736K)->94774K(125952K)
[157.239s][info][gc,heap        ] GC(820) ParOldGen: 988462K(1398272K)->988462K(1398272K)
[157.239s][info][gc,metaspace   ] GC(820) Metaspace: 124426K(128896K)->124426K(128896K) NonClass: 106336K(107200K)->106336K(107200K) Class: 18090K(21696K)->18090K(21696K)
[157.239s][info][gc             ] GC(820) Pause Young (Allocation Failure) 1377M->1057M(1808M) 10.117ms
[157.239s][info][gc,cpu         ] GC(820) User=0.22s Sys=0.00s Real=0.02s
[157.261s][info][gc,start       ] GC(821) Pause Young (Allocation Failure)
[157.275s][info][gc,heap        ] GC(821) PSYoungGen: 422454K(453632K)->101983K(472064K) Eden: 327680K(327680K)->0K(338944K) From: 94774K(125952K)->101983K(133120K)
[157.275s][info][gc,heap        ] GC(821) ParOldGen: 988462K(1398272K)->988462K(1398272K)
[157.275s][info][gc,metaspace   ] GC(821) Metaspace: 124426K(128896K)->124426K(128896K) NonClass: 106336K(107200K)->106336K(107200K) Class: 18090K(21696K)->18090K(21696K)
[157.275s][info][gc             ] GC(821) Pause Young (Allocation Failure) 1377M->1064M(1826M) 14.198ms
[157.275s][info][gc,cpu         ] GC(821) User=0.03s Sys=0.08s Real=0.02s
[157.298s][info][gc,start       ] GC(822) Pause Young (Allocation Failure)
[157.307s][info][gc,heap        ] GC(822) PSYoungGen: 440927K(472064K)->94495K(480256K) Eden: 338944K(338944K)->0K(338944K) From: 101983K(133120K)->94495K(141312K)
[157.307s][info][gc,heap        ] GC(822) ParOldGen: 988462K(1398272K)->988462K(1398272K)
[157.307s][info][gc,metaspace   ] GC(822) Metaspace: 124426K(128896K)->124426K(128896K) NonClass: 106336K(107200K)->106336K(107200K) Class: 18090K(21696K)->18090K(21696K)
[157.307s][info][gc             ] GC(822) Pause Young (Allocation Failure) 1395M->1057M(1834M) 9.240ms
[157.307s][info][gc,cpu         ] GC(822) User=0.27s Sys=0.00s Real=0.01s
[157.331s][info][gc,start       ] GC(823) Pause Young (Allocation Failure)
[157.350s][info][gc,heap        ] GC(823) PSYoungGen: 433439K(480256K)->128262K(490496K) Eden: 338944K(338944K)->0K(345600K) From: 94495K(141312K)->128262K(144896K)
[157.350s][info][gc,heap        ] GC(823) ParOldGen: 988462K(1398272K)->988462K(1398272K)
[157.350s][info][gc,metaspace   ] GC(823) Metaspace: 124426K(128896K)->124426K(128896K) NonClass: 106336K(107200K)->106336K(107200K) Class: 18090K(21696K)->18090K(21696K)
[157.350s][info][gc             ] GC(823) Pause Young (Allocation Failure) 1388M->1090M(1844M) 19.841ms
[157.351s][info][gc,cpu         ] GC(823) User=0.05s Sys=0.11s Real=0.02s
[157.376s][info][gc,start       ] GC(824) Pause Young (Allocation Failure)
[157.388s][info][gc,heap        ] GC(824) PSYoungGen: 473862K(490496K)->124304K(504832K) Eden: 345600K(345600K)->0K(345600K) From: 128262K(144896K)->124304K(159232K)
[157.388s][info][gc,heap        ] GC(824) ParOldGen: 988462K(1398272K)->988462K(1398272K)
[157.388s][info][gc,metaspace   ] GC(824) Metaspace: 124426K(128896K)->124426K(128896K) NonClass: 106336K(107200K)->106336K(107200K) Class: 18090K(21696K)->18090K(21696K)
[157.388s][info][gc             ] GC(824) Pause Young (Allocation Failure) 1428M->1086M(1858M) 12.047ms
[157.388s][info][gc,cpu         ] GC(824) User=0.44s Sys=0.00s Real=0.02s
[157.412s][info][gc,start       ] GC(825) Pause Young (Allocation Failure)
[157.425s][info][gc,heap        ] GC(825) PSYoungGen: 469904K(504832K)->127992K(510976K) Eden: 345600K(345600K)->0K(341504K) From: 124304K(159232K)->127992K(169472K)
[157.425s][info][gc,heap        ] GC(825) ParOldGen: 988462K(1398272K)->988462K(1398272K)
[157.425s][info][gc,metaspace   ] GC(825) Metaspace: 124426K(128896K)->124426K(128896K) NonClass: 106336K(107200K)->106336K(107200K) Class: 18090K(21696K)->18090K(21696K)
[157.425s][info][gc             ] GC(825) Pause Young (Allocation Failure) 1424M->1090M(1864M) 13.448ms
[157.425s][info][gc,cpu         ] GC(825) User=0.31s Sys=0.08s Real=0.02s
[157.448s][info][gc,start       ] GC(826) Pause Young (Allocation Failure)
[157.462s][info][gc,heap        ] GC(826) PSYoungGen: 469496K(510976K)->137582K(479232K) Eden: 341504K(341504K)->0K(341504K) From: 127992K(169472K)->137582K(137728K)
[157.462s][info][gc,heap        ] GC(826) ParOldGen: 988462K(1398272K)->988462K(1398272K)
[157.462s][info][gc,metaspace   ] GC(826) Metaspace: 124426K(128896K)->124426K(128896K) NonClass: 106336K(107200K)->106336K(107200K) Class: 18090K(21696K)->18090K(21696K)
[157.462s][info][gc             ] GC(826) Pause Young (Allocation Failure) 1423M->1099M(1833M) 13.231ms
[157.462s][info][gc,cpu         ] GC(826) User=0.00s Sys=0.00s Real=0.02s
[157.485s][info][gc,start       ] GC(827) Pause Young (Allocation Failure)
[157.498s][info][gc,heap        ] GC(827) PSYoungGen: 479086K(479232K)->135655K(495104K) Eden: 341504K(341504K)->0K(305664K) From: 137582K(137728K)->135655K(189440K)
[157.498s][info][gc,heap        ] GC(827) ParOldGen: 988462K(1398272K)->988462K(1398272K)
[157.498s][info][gc,metaspace   ] GC(827) Metaspace: 124426K(128896K)->124426K(128896K) NonClass: 106336K(107200K)->106336K(107200K) Class: 18090K(21696K)->18090K(21696K)
[157.498s][info][gc             ] GC(827) Pause Young (Allocation Failure) 1433M->1097M(1849M) 12.693ms
[157.498s][info][gc,cpu         ] GC(827) User=0.47s Sys=0.00s Real=0.01s
[157.518s][info][gc,start       ] GC(828) Pause Young (Allocation Failure)
[157.531s][info][gc,heap        ] GC(828) PSYoungGen: 441319K(495104K)->143180K(449024K) Eden: 305664K(305664K)->0K(305664K) From: 135655K(189440K)->143180K(143360K)
[157.532s][info][gc,heap        ] GC(828) ParOldGen: 988462K(1398272K)->988462K(1398272K)
[157.532s][info][gc,metaspace   ] GC(828) Metaspace: 124426K(128896K)->124426K(128896K) NonClass: 106336K(107200K)->106336K(107200K) Class: 18090K(21696K)->18090K(21696K)
[157.532s][info][gc             ] GC(828) Pause Young (Allocation Failure) 1396M->1105M(1804M) 13.874ms
[157.532s][info][gc,cpu         ] GC(828) User=0.52s Sys=0.00s Real=0.02s
[157.552s][info][gc,start       ] GC(829) Pause Young (Allocation Failure)
[157.565s][info][gc,heap        ] GC(829) PSYoungGen: 448844K(449024K)->146141K(480768K) Eden: 305664K(305664K)->0K(275968K) From: 143180K(143360K)->146141K(204800K)
[157.565s][info][gc,heap        ] GC(829) ParOldGen: 988462K(1398272K)->988462K(1398272K)
[157.565s][info][gc,metaspace   ] GC(829) Metaspace: 124426K(128896K)->124426K(128896K) NonClass: 106336K(107200K)->106336K(107200K) Class: 18090K(21696K)->18090K(21696K)
[157.565s][info][gc             ] GC(829) Pause Young (Allocation Failure) 1403M->1108M(1835M) 13.597ms
[157.565s][info][gc,cpu         ] GC(829) User=0.52s Sys=0.00s Real=0.02s
[157.583s][info][gc,start       ] GC(830) Pause Young (Allocation Failure)
[157.597s][info][gc,heap        ] GC(830) PSYoungGen: 422109K(480768K)->146141K(422400K) Eden: 275968K(275968K)->0K(275968K) From: 146141K(204800K)->146141K(146432K)
[157.597s][info][gc,heap        ] GC(830) ParOldGen: 988462K(1398272K)->988462K(1398272K)
[157.597s][info][gc,metaspace   ] GC(830) Metaspace: 124426K(128896K)->124426K(128896K) NonClass: 106336K(107200K)->106336K(107200K) Class: 18090K(21696K)->18090K(21696K)
[157.597s][info][gc             ] GC(830) Pause Young (Allocation Failure) 1377M->1108M(1778M) 14.262ms
[157.597s][info][gc,cpu         ] GC(830) User=0.52s Sys=0.00s Real=0.02s
[157.615s][info][gc,start       ] GC(831) Pause Young (Allocation Failure)
[157.629s][info][gc,heap        ] GC(831) PSYoungGen: 422109K(422400K)->146885K(475136K) Eden: 275968K(275968K)->0K(258560K) From: 146141K(146432K)->146885K(216576K)
[157.629s][info][gc,heap        ] GC(831) ParOldGen: 988462K(1398272K)->988462K(1398272K)
[157.629s][info][gc,metaspace   ] GC(831) Metaspace: 124426K(128896K)->124426K(128896K) NonClass: 106336K(107200K)->106336K(107200K) Class: 18090K(21696K)->18090K(21696K)
[157.629s][info][gc             ] GC(831) Pause Young (Allocation Failure) 1377M->1108M(1829M) 13.806ms
[157.629s][info][gc,cpu         ] GC(831) User=0.52s Sys=0.00s Real=0.02s
[157.646s][info][gc,start       ] GC(832) Pause Young (Allocation Failure)
[157.661s][info][gc,heap        ] GC(832) PSYoungGen: 405445K(475136K)->154616K(413184K) Eden: 258560K(258560K)->0K(258560K) From: 146885K(216576K)->154616K(154624K)
[157.661s][info][gc,heap        ] GC(832) ParOldGen: 988462K(1398272K)->988462K(1398272K)
[157.661s][info][gc,metaspace   ] GC(832) Metaspace: 124426K(128896K)->124426K(128896K) NonClass: 106336K(107200K)->106336K(107200K) Class: 18090K(21696K)->18090K(21696K)
[157.661s][info][gc             ] GC(832) Pause Young (Allocation Failure) 1361M->1116M(1769M) 15.101ms
[157.661s][info][gc,cpu         ] GC(832) User=0.52s Sys=0.00s Real=0.02s
[157.678s][info][gc,start       ] GC(833) Pause Young (Allocation Failure)
[157.693s][info][gc,heap        ] GC(833) PSYoungGen: 413176K(413184K)->157816K(464384K) Eden: 258560K(258560K)->0K(239104K) From: 154616K(154624K)->157816K(225280K)
[157.693s][info][gc,heap        ] GC(833) ParOldGen: 988462K(1398272K)->988462K(1398272K)
[157.693s][info][gc,metaspace   ] GC(833) Metaspace: 124426K(128896K)->124426K(128896K) NonClass: 106336K(107200K)->106336K(107200K) Class: 18090K(21696K)->18090K(21696K)
[157.693s][info][gc             ] GC(833) Pause Young (Allocation Failure) 1368M->1119M(1819M) 14.991ms
[157.693s][info][gc,cpu         ] GC(833) User=0.52s Sys=0.00s Real=0.02s
[157.709s][info][gc,start       ] GC(834) Pause Young (Allocation Failure)
[157.725s][info][gc,heap        ] GC(834) PSYoungGen: 396920K(464384K)->165635K(404992K) Eden: 239104K(239104K)->0K(239104K) From: 157816K(225280K)->165635K(165888K)
[157.725s][info][gc,heap        ] GC(834) ParOldGen: 988462K(1398272K)->988462K(1398272K)
[157.725s][info][gc,metaspace   ] GC(834) Metaspace: 124426K(128896K)->124426K(128896K) NonClass: 106336K(107200K)->106336K(107200K) Class: 18090K(21696K)->18090K(21696K)
[157.725s][info][gc             ] GC(834) Pause Young (Allocation Failure) 1352M->1127M(1761M) 16.385ms
[157.725s][info][gc,cpu         ] GC(834) User=0.52s Sys=0.00s Real=0.02s
[157.741s][info][gc,start       ] GC(835) Pause Young (Allocation Failure)
[157.757s][info][gc,heap        ] GC(835) PSYoungGen: 404739K(404992K)->163051K(465920K) Eden: 239104K(239104K)->0K(232960K) From: 165635K(165888K)->163051K(232960K)
[157.757s][info][gc,heap        ] GC(835) ParOldGen: 988462K(1398272K)->992663K(1398272K)
[157.757s][info][gc,metaspace   ] GC(835) Metaspace: 124426K(128896K)->124426K(128896K) NonClass: 106336K(107200K)->106336K(107200K) Class: 18090K(21696K)->18090K(21696K)
[157.757s][info][gc             ] GC(835) Pause Young (Allocation Failure) 1360M->1128M(1820M) 16.848ms
[157.757s][info][gc,cpu         ] GC(835) User=0.52s Sys=0.00s Real=0.02s
[157.773s][info][gc,start       ] GC(836) Pause Young (Allocation Failure)
[157.789s][info][gc,heap        ] GC(836) PSYoungGen: 396011K(465920K)->125079K(358400K) Eden: 232960K(232960K)->0K(232960K) From: 163051K(232960K)->125079K(125440K)
[157.789s][info][gc,heap        ] GC(836) ParOldGen: 992663K(1398272K)->1034027K(1398272K)
[157.789s][info][gc,metaspace   ] GC(836) Metaspace: 124426K(128896K)->124426K(128896K) NonClass: 106336K(107200K)->106336K(107200K) Class: 18090K(21696K)->18090K(21696K)
[157.789s][info][gc             ] GC(836) Pause Young (Allocation Failure) 1356M->1131M(1715M) 16.747ms
[157.789s][info][gc,cpu         ] GC(836) User=0.52s Sys=0.00s Real=0.02s
[157.805s][info][gc,start       ] GC(837) Pause Young (Allocation Failure)
[157.816s][info][gc,heap        ] GC(837) PSYoungGen: 358039K(358400K)->123542K(470528K) Eden: 232960K(232960K)->0K(242176K) From: 125079K(125440K)->123542K(228352K)
[157.816s][info][gc,heap        ] GC(837) ParOldGen: 1034027K(1398272K)->1034027K(1398272K)
[157.816s][info][gc,metaspace   ] GC(837) Metaspace: 124426K(128896K)->124426K(128896K) NonClass: 106336K(107200K)->106336K(107200K) Class: 18090K(21696K)->18090K(21696K)
[157.816s][info][gc             ] GC(837) Pause Young (Allocation Failure) 1359M->1130M(1825M) 11.202ms
[157.816s][info][gc,cpu         ] GC(837) User=0.52s Sys=0.00s Real=0.02s
[157.831s][info][gc,start       ] GC(838) Pause Young (Allocation Failure)
[157.843s][info][gc,heap        ] GC(838) PSYoungGen: 365718K(470528K)->125149K(461312K) Eden: 242176K(242176K)->0K(242176K) From: 123542K(228352K)->125149K(219136K)
[157.843s][info][gc,heap        ] GC(838) ParOldGen: 1034027K(1398272K)->1034027K(1398272K)
[157.843s][info][gc,metaspace   ] GC(838) Metaspace: 124426K(128896K)->124426K(128896K) NonClass: 106336K(107200K)->106336K(107200K) Class: 18090K(21696K)->18090K(21696K)
[157.843s][info][gc             ] GC(838) Pause Young (Allocation Failure) 1366M->1132M(1816M) 11.299ms
[157.843s][info][gc,cpu         ] GC(838) User=0.52s Sys=0.00s Real=0.02s
[157.859s][info][gc,start       ] GC(839) Pause Young (Allocation Failure)
[157.871s][info][gc,heap        ] GC(839) PSYoungGen: 367325K(461312K)->83001K(462336K) Eden: 242176K(242176K)->0K(251904K) From: 125149K(219136K)->83001K(210432K)
[157.871s][info][gc,heap        ] GC(839) ParOldGen: 1034027K(1398272K)->1079464K(1398272K)
[157.871s][info][gc,metaspace   ] GC(839) Metaspace: 124426K(128896K)->124426K(128896K) NonClass: 106336K(107200K)->106336K(107200K) Class: 18090K(21696K)->18090K(21696K)
[157.871s][info][gc             ] GC(839) Pause Young (Allocation Failure) 1368M->1135M(1817M) 12.070ms
[157.871s][info][gc,cpu         ] GC(839) User=0.00s Sys=0.00s Real=0.00s
[157.887s][info][gc,start       ] GC(840) Pause Young (Allocation Failure)
[157.895s][info][gc,heap        ] GC(840) PSYoungGen: 334905K(462336K)->68562K(461824K) Eden: 251904K(251904K)->0K(251904K) From: 83001K(210432K)->68562K(209920K)
[157.895s][info][gc,heap        ] GC(840) ParOldGen: 1079464K(1398272K)->1092349K(1398272K)
[157.895s][info][gc,metaspace   ] GC(840) Metaspace: 124426K(128896K)->124426K(128896K) NonClass: 106336K(107200K)->106336K(107200K) Class: 18090K(21696K)->18090K(21696K)
[157.895s][info][gc             ] GC(840) Pause Young (Allocation Failure) 1381M->1133M(1816M) 8.226ms
[157.895s][info][gc,cpu         ] GC(840) User=0.42s Sys=0.02s Real=0.02s
[157.912s][info][gc,start       ] GC(841) Pause Young (Allocation Failure)
[157.918s][info][gc,heap        ] GC(841) PSYoungGen: 320466K(461824K)->56235K(481792K) Eden: 251904K(251904K)->0K(271360K) From: 68562K(209920K)->56235K(210432K)
[157.918s][info][gc,heap        ] GC(841) ParOldGen: 1092349K(1398272K)->1104842K(1398272K)
[157.918s][info][gc,metaspace   ] GC(841) Metaspace: 124426K(128896K)->124426K(128896K) NonClass: 106336K(107200K)->106336K(107200K) Class: 18090K(21696K)->18090K(21696K)
[157.918s][info][gc             ] GC(841) Pause Young (Allocation Failure) 1379M->1133M(1836M) 6.607ms
[157.918s][info][gc,cpu         ] GC(841) User=0.00s Sys=0.00s Real=0.00s
[157.936s][info][gc,start       ] GC(842) Pause Young (Allocation Failure)
[157.942s][info][gc,heap        ] GC(842) PSYoungGen: 327595K(481792K)->51181K(482816K) Eden: 271360K(271360K)->0K(271360K) From: 56235K(210432K)->51181K(211456K)
[157.942s][info][gc,heap        ] GC(842) ParOldGen: 1104842K(1398272K)->1113125K(1398272K)
[157.942s][info][gc,metaspace   ] GC(842) Metaspace: 124426K(128896K)->124426K(128896K) NonClass: 106336K(107200K)->106336K(107200K) Class: 18090K(21696K)->18090K(21696K)
[157.942s][info][gc             ] GC(842) Pause Young (Allocation Failure) 1398M->1137M(1837M) 6.133ms
[157.942s][info][gc,cpu         ] GC(842) User=0.00s Sys=0.00s Real=0.00s
[157.960s][info][gc,start       ] GC(843) Pause Young (Allocation Failure)
[157.966s][info][gc,heap        ] GC(843) PSYoungGen: 322541K(482816K)->60574K(481792K) Eden: 271360K(271360K)->0K(275456K) From: 51181K(211456K)->60574K(206336K)
[157.966s][info][gc,heap        ] GC(843) ParOldGen: 1113125K(1398272K)->1113251K(1398272K)
[157.966s][info][gc,metaspace   ] GC(843) Metaspace: 124428K(128896K)->124428K(128896K) NonClass: 106338K(107200K)->106338K(107200K) Class: 18090K(21696K)->18090K(21696K)
[157.966s][info][gc             ] GC(843) Pause Young (Allocation Failure) 1402M->1146M(1836M) 5.921ms
[157.966s][info][gc,cpu         ] GC(843) User=0.00s Sys=0.00s Real=0.00s
[157.985s][info][gc,start       ] GC(844) Pause Young (Allocation Failure)
[157.991s][info][gc,heap        ] GC(844) PSYoungGen: 336030K(481792K)->63635K(484352K) Eden: 275456K(275456K)->0K(275456K) From: 60574K(206336K)->63635K(208896K)
[157.991s][info][gc,heap        ] GC(844) ParOldGen: 1113251K(1398272K)->1113251K(1398272K)
[157.991s][info][gc,metaspace   ] GC(844) Metaspace: 124432K(128896K)->124432K(128896K) NonClass: 106342K(107200K)->106342K(107200K) Class: 18090K(21696K)->18090K(21696K)
[157.991s][info][gc             ] GC(844) Pause Young (Allocation Failure) 1415M->1149M(1838M) 6.271ms
[157.991s][info][gc,cpu         ] GC(844) User=0.00s Sys=0.00s Real=0.00s
[158.014s][info][gc,start       ] GC(845) Pause Young (Allocation Failure)
[158.022s][info][gc,heap        ] GC(845) PSYoungGen: 339091K(484352K)->88731K(473600K) Eden: 275456K(275456K)->0K(285696K) From: 63635K(208896K)->88731K(187904K)
[158.022s][info][gc,heap        ] GC(845) ParOldGen: 1113251K(1398272K)->1113251K(1398272K)
[158.022s][info][gc,metaspace   ] GC(845) Metaspace: 124432K(128896K)->124432K(128896K) NonClass: 106342K(107200K)->106342K(107200K) Class: 18090K(21696K)->18090K(21696K)
[158.022s][info][gc             ] GC(845) Pause Young (Allocation Failure) 1418M->1173M(1828M) 7.964ms
[158.022s][info][gc,cpu         ] GC(845) User=0.00s Sys=0.00s Real=0.00s
[158.049s][info][gc,start       ] GC(846) Pause Young (Allocation Failure)
[158.059s][info][gc,heap        ] GC(846) PSYoungGen: 374427K(473600K)->94957K(480768K) Eden: 285696K(285696K)->0K(285696K) From: 88731K(187904K)->94957K(195072K)
[158.059s][info][gc,heap        ] GC(846) ParOldGen: 1113251K(1398272K)->1113251K(1398272K)
[158.059s][info][gc,metaspace   ] GC(846) Metaspace: 124436K(128896K)->124436K(128896K) NonClass: 106346K(107200K)->106346K(107200K) Class: 18090K(21696K)->18090K(21696K)
[158.059s][info][gc             ] GC(846) Pause Young (Allocation Failure) 1452M->1179M(1835M) 10.225ms
[158.059s][info][gc,cpu         ] GC(846) User=0.00s Sys=0.00s Real=0.00s
[158.078s][info][gc,start       ] GC(847) Pause Young (Allocation Failure)
[158.088s][info][gc,heap        ] GC(847) PSYoungGen: 380653K(480768K)->91856K(472064K) Eden: 285696K(285696K)->0K(302592K) From: 94957K(195072K)->91856K(169472K)
[158.088s][info][gc,heap        ] GC(847) ParOldGen: 1113251K(1398272K)->1113251K(1398272K)
[158.088s][info][gc,metaspace   ] GC(847) Metaspace: 124436K(128896K)->124436K(128896K) NonClass: 106346K(107200K)->106346K(107200K) Class: 18090K(21696K)->18090K(21696K)
[158.088s][info][gc             ] GC(847) Pause Young (Allocation Failure) 1458M->1176M(1826M) 9.619ms
[158.088s][info][gc,cpu         ] GC(847) User=0.27s Sys=0.00s Real=0.02s
[158.108s][info][gc,start       ] GC(848) Pause Young (Allocation Failure)
[158.117s][info][gc,heap        ] GC(848) PSYoungGen: 394448K(472064K)->88707K(479744K) Eden: 302592K(302592K)->0K(302592K) From: 91856K(169472K)->88707K(177152K)
[158.117s][info][gc,heap        ] GC(848) ParOldGen: 1113251K(1398272K)->1113251K(1398272K)
[158.117s][info][gc,metaspace   ] GC(848) Metaspace: 124436K(128896K)->124436K(128896K) NonClass: 106346K(107200K)->106346K(107200K) Class: 18090K(21696K)->18090K(21696K)
[158.117s][info][gc             ] GC(848) Pause Young (Allocation Failure) 1472M->1173M(1834M) 9.099ms
[158.117s][info][gc,cpu         ] GC(848) User=0.25s Sys=0.00s Real=0.02s
[158.138s][info][gc,start       ] GC(849) Pause Young (Allocation Failure)
[158.149s][info][gc,heap        ] GC(849) PSYoungGen: 391299K(479744K)->107343K(486400K) Eden: 302592K(302592K)->0K(321536K) From: 88707K(177152K)->107343K(164864K)
[158.149s][info][gc,heap        ] GC(849) ParOldGen: 1113251K(1398272K)->1113259K(1398272K)
[158.149s][info][gc,metaspace   ] GC(849) Metaspace: 124436K(128896K)->124436K(128896K) NonClass: 106346K(107200K)->106346K(107200K) Class: 18090K(21696K)->18090K(21696K)
[158.149s][info][gc             ] GC(849) Pause Young (Allocation Failure) 1469M->1191M(1840M) 11.353ms
[158.149s][info][gc,cpu         ] GC(849) User=0.00s Sys=0.00s Real=0.00s
[158.185s][info][gc,start       ] GC(850) Pause Young (Allocation Failure)
[158.194s][info][gc,heap        ] GC(850) PSYoungGen: 428879K(486400K)->114301K(488960K) Eden: 321536K(321536K)->0K(321536K) From: 107343K(164864K)->114301K(167424K)
[158.194s][info][gc,heap        ] GC(850) ParOldGen: 1113259K(1398272K)->1113259K(1398272K)
[158.194s][info][gc,metaspace   ] GC(850) Metaspace: 124440K(128896K)->124440K(128896K) NonClass: 106350K(107200K)->106350K(107200K) Class: 18090K(21696K)->18090K(21696K)
[158.195s][info][gc             ] GC(850) Pause Young (Allocation Failure) 1505M->1198M(1843M) 9.341ms
[158.195s][info][gc,cpu         ] GC(850) User=0.00s Sys=0.00s Real=0.00s
[158.228s][info][gc,start       ] GC(851) Pause Young (Allocation Failure)
[158.240s][info][gc,heap        ] GC(851) PSYoungGen: 435837K(488960K)->125561K(503296K) Eden: 321536K(321536K)->0K(336384K) From: 114301K(167424K)->125561K(166912K)
[158.240s][info][gc,heap        ] GC(851) ParOldGen: 1113259K(1398272K)->1113267K(1398272K)
[158.240s][info][gc,metaspace   ] GC(851) Metaspace: 124490K(128960K)->124490K(128960K) NonClass: 106400K(107264K)->106400K(107264K) Class: 18090K(21696K)->18090K(21696K)
[158.240s][info][gc             ] GC(851) Pause Young (Allocation Failure) 1512M->1209M(1857M) 11.908ms
[158.240s][info][gc,cpu         ] GC(851) User=0.00s Sys=0.00s Real=0.00s
[158.264s][info][gc,start       ] GC(852) Pause Young (Allocation Failure)
[158.276s][info][gc,heap        ] GC(852) PSYoungGen: 460749K(503296K)->135955K(506880K) Eden: 335187K(336384K)->0K(336384K) From: 125561K(166912K)->135955K(170496K)
[158.276s][info][gc,heap        ] GC(852) ParOldGen: 1113267K(1398272K)->1113283K(1398272K)
[158.276s][info][gc,metaspace   ] GC(852) Metaspace: 124490K(128960K)->124490K(128960K) NonClass: 106400K(107264K)->106400K(107264K) Class: 18090K(21696K)->18090K(21696K)
[158.276s][info][gc             ] GC(852) Pause Young (Allocation Failure) 1537M->1219M(1860M) 11.860ms
[158.276s][info][gc,cpu         ] GC(852) User=0.00s Sys=0.00s Real=0.00s
[158.299s][info][gc,start       ] GC(853) Pause Young (Allocation Failure)
[158.316s][info][gc,heap        ] GC(853) PSYoungGen: 472339K(506880K)->151261K(502784K) Eden: 336384K(336384K)->0K(326144K) From: 135955K(170496K)->151261K(176640K)
[158.316s][info][gc,heap        ] GC(853) ParOldGen: 1113283K(1398272K)->1113283K(1398272K)
[158.316s][info][gc,metaspace   ] GC(853) Metaspace: 124490K(128960K)->124490K(128960K) NonClass: 106400K(107264K)->106400K(107264K) Class: 18090K(21696K)->18090K(21696K)
[158.316s][info][gc             ] GC(853) Pause Young (Allocation Failure) 1548M->1234M(1856M) 17.519ms
[158.316s][info][gc,cpu         ] GC(853) User=0.39s Sys=0.03s Real=0.02s
[158.336s][info][gc,start       ] GC(854) Pause Young (Allocation Failure)
[158.353s][info][gc,heap        ] GC(854) PSYoungGen: 477405K(502784K)->172040K(498688K) Eden: 326144K(326144K)->0K(326144K) From: 151261K(176640K)->172040K(172544K)
[158.353s][info][gc,heap        ] GC(854) ParOldGen: 1113283K(1398272K)->1113331K(1398272K)
[158.353s][info][gc,metaspace   ] GC(854) Metaspace: 124490K(128960K)->124490K(128960K) NonClass: 106400K(107264K)->106400K(107264K) Class: 18090K(21696K)->18090K(21696K)
[158.353s][info][gc             ] GC(854) Pause Young (Allocation Failure) 1553M->1255M(1852M) 16.790ms
[158.353s][info][gc,cpu         ] GC(854) User=0.66s Sys=0.00s Real=0.03s
[158.376s][info][gc,start       ] GC(855) Pause Young (Allocation Failure)
[158.392s][info][gc,heap        ] GC(855) PSYoungGen: 498026K(498688K)->172906K(468992K) Eden: 325985K(326144K)->0K(268800K) From: 172040K(172544K)->172906K(200192K)
[158.392s][info][gc,heap        ] GC(855) ParOldGen: 1113331K(1398272K)->1113387K(1398272K)
[158.392s][info][gc,metaspace   ] GC(855) Metaspace: 124490K(128960K)->124490K(128960K) NonClass: 106400K(107264K)->106400K(107264K) Class: 18090K(21696K)->18090K(21696K)
[158.392s][info][gc             ] GC(855) Pause Young (Allocation Failure) 1573M->1256M(1823M) 16.057ms
[158.392s][info][gc,cpu         ] GC(855) User=0.00s Sys=0.00s Real=0.00s
[158.408s][info][gc,start       ] GC(856) Pause Young (Allocation Failure)
[158.426s][info][gc,heap        ] GC(856) PSYoungGen: 441706K(468992K)->182345K(451584K) Eden: 268800K(268800K)->0K(268800K) From: 172906K(200192K)->182345K(182784K)
[158.426s][info][gc,heap        ] GC(856) ParOldGen: 1113387K(1398272K)->1113494K(1398272K)
[158.426s][info][gc,metaspace   ] GC(856) Metaspace: 124490K(128960K)->124490K(128960K) NonClass: 106400K(107264K)->106400K(107264K) Class: 18090K(21696K)->18090K(21696K)
[158.426s][info][gc             ] GC(856) Pause Young (Allocation Failure) 1518M->1265M(1806M) 17.628ms
[158.426s][info][gc,cpu         ] GC(856) User=0.19s Sys=0.02s Real=0.03s
[158.444s][info][gc,start       ] GC(857) Pause Young (Allocation Failure)
[158.462s][info][gc,heap        ] GC(857) PSYoungGen: 451145K(451584K)->201134K(461312K) Eden: 268800K(268800K)->0K(232960K) From: 182345K(182784K)->201134K(228352K)
[158.462s][info][gc,heap        ] GC(857) ParOldGen: 1113494K(1398272K)->1113553K(1398272K)
[158.463s][info][gc,metaspace   ] GC(857) Metaspace: 124492K(128960K)->124492K(128960K) NonClass: 106402K(107264K)->106402K(107264K) Class: 18090K(21696K)->18090K(21696K)
[158.463s][info][gc             ] GC(857) Pause Young (Allocation Failure) 1527M->1283M(1816M) 19.018ms
[158.463s][info][gc,cpu         ] GC(857) User=0.52s Sys=0.00s Real=0.02s
[158.492s][info][gc,start       ] GC(858) Pause Young (Allocation Failure)
[158.514s][info][gc,heap        ] GC(858) PSYoungGen: 434094K(461312K)->227534K(465920K) Eden: 232960K(232960K)->0K(232960K) From: 201134K(228352K)->227534K(232960K)
[158.514s][info][gc,heap        ] GC(858) ParOldGen: 1113553K(1398272K)->1113721K(1398272K)
[158.514s][info][gc,metaspace   ] GC(858) Metaspace: 124496K(128960K)->124496K(128960K) NonClass: 106406K(107264K)->106406K(107264K) Class: 18090K(21696K)->18090K(21696K)
[158.514s][info][gc             ] GC(858) Pause Young (Allocation Failure) 1511M->1309M(1820M) 21.899ms
[158.514s][info][gc,cpu         ] GC(858) User=0.50s Sys=0.00s Real=0.02s
[158.528s][info][gc,start       ] GC(859) Pause Young (Allocation Failure)
[158.552s][info][gc,heap        ] GC(859) PSYoungGen: 460494K(465920K)->223579K(465920K) Eden: 232960K(232960K)->0K(232960K) From: 227534K(232960K)->223579K(232960K)
[158.553s][info][gc,heap        ] GC(859) ParOldGen: 1113721K(1398272K)->1113841K(1398272K)
[158.553s][info][gc,metaspace   ] GC(859) Metaspace: 124516K(128960K)->124516K(128960K) NonClass: 106426K(107264K)->106426K(107264K) Class: 18090K(21696K)->18090K(21696K)
[158.553s][info][gc             ] GC(859) Pause Young (Allocation Failure) 1537M->1306M(1820M) 24.440ms
[158.553s][info][gc,cpu         ] GC(859) User=0.53s Sys=0.00s Real=0.02s
[158.567s][info][gc,start       ] GC(860) Pause Young (Allocation Failure)
[158.587s][info][gc,heap        ] GC(860) PSYoungGen: 456539K(465920K)->214366K(465920K) Eden: 232960K(232960K)->0K(232960K) From: 223579K(232960K)->214366K(232960K)
[158.587s][info][gc,heap        ] GC(860) ParOldGen: 1113841K(1398272K)->1113985K(1398272K)
[158.587s][info][gc,metaspace   ] GC(860) Metaspace: 124534K(128960K)->124534K(128960K) NonClass: 106444K(107264K)->106444K(107264K) Class: 18090K(21696K)->18090K(21696K)
[158.587s][info][gc             ] GC(860) Pause Young (Allocation Failure) 1533M->1297M(1820M) 20.321ms
[158.587s][info][gc,cpu         ] GC(860) User=0.75s Sys=0.00s Real=0.03s
[158.601s][info][gc,start       ] GC(861) Pause Young (Allocation Failure)
[158.622s][info][gc,heap        ] GC(861) PSYoungGen: 447326K(465920K)->178809K(465920K) Eden: 232960K(232960K)->0K(232960K) From: 214366K(232960K)->178809K(232960K)
[158.622s][info][gc,heap        ] GC(861) ParOldGen: 1113985K(1398272K)->1151480K(1398272K)
[158.622s][info][gc,metaspace   ] GC(861) Metaspace: 124535K(128960K)->124535K(128960K) NonClass: 106445K(107264K)->106445K(107264K) Class: 18090K(21696K)->18090K(21696K)
[158.622s][info][gc             ] GC(861) Pause Young (Allocation Failure) 1524M->1299M(1820M) 20.497ms
[158.622s][info][gc,cpu         ] GC(861) User=0.41s Sys=0.00s Real=0.02s
[158.635s][info][gc,start       ] GC(862) Pause Young (Allocation Failure)
[158.651s][info][gc,heap        ] GC(862) PSYoungGen: 411769K(465920K)->90948K(465920K) Eden: 232960K(232960K)->0K(232960K) From: 178809K(232960K)->90948K(232960K)
[158.651s][info][gc,heap        ] GC(862) ParOldGen: 1151480K(1398272K)->1234505K(1398272K)
[158.651s][info][gc,metaspace   ] GC(862) Metaspace: 124535K(128960K)->124535K(128960K) NonClass: 106445K(107264K)->106445K(107264K) Class: 18090K(21696K)->18090K(21696K)
[158.651s][info][gc             ] GC(862) Pause Young (Allocation Failure) 1526M->1294M(1820M) 16.848ms
[158.651s][info][gc,cpu         ] GC(862) User=0.44s Sys=0.00s Real=0.02s
[158.664s][info][gc,start       ] GC(863) Pause Young (Allocation Failure)
[158.674s][info][gc,heap        ] GC(863) PSYoungGen: 323908K(465920K)->92067K(465920K) Eden: 232960K(232960K)->0K(232960K) From: 90948K(232960K)->92067K(232960K)
[158.674s][info][gc,heap        ] GC(863) ParOldGen: 1234505K(1398272K)->1239625K(1398272K)
[158.674s][info][gc,metaspace   ] GC(863) Metaspace: 124535K(128960K)->124535K(128960K) NonClass: 106445K(107264K)->106445K(107264K) Class: 18090K(21696K)->18090K(21696K)
[158.674s][info][gc             ] GC(863) Pause Young (Allocation Failure) 1521M->1300M(1820M) 9.957ms
[158.674s][info][gc,cpu         ] GC(863) User=0.00s Sys=0.00s Real=0.00s
[158.686s][info][gc,start       ] GC(864) Pause Young (Allocation Failure)
[158.696s][info][gc,heap        ] GC(864) PSYoungGen: 325027K(465920K)->100123K(465920K) Eden: 232960K(232960K)->0K(232960K) From: 92067K(232960K)->100123K(232960K)
[158.696s][info][gc,heap        ] GC(864) ParOldGen: 1239625K(1398272K)->1241009K(1398272K)
[158.696s][info][gc,metaspace   ] GC(864) Metaspace: 124536K(128960K)->124536K(128960K) NonClass: 106446K(107264K)->106446K(107264K) Class: 18090K(21696K)->18090K(21696K)
[158.696s][info][gc             ] GC(864) Pause Young (Allocation Failure) 1527M->1309M(1820M) 9.620ms
[158.696s][info][gc,cpu         ] GC(864) User=0.06s Sys=0.00s Real=0.02s
[158.708s][info][gc,start       ] GC(865) Pause Young (Allocation Failure)
[158.718s][info][gc,heap        ] GC(865) PSYoungGen: 332822K(465920K)->109049K(465920K) Eden: 232698K(232960K)->0K(232960K) From: 100123K(232960K)->109049K(232960K)
[158.718s][info][gc,heap        ] GC(865) ParOldGen: 1241009K(1398272K)->1245550K(1398272K)
[158.718s][info][gc,metaspace   ] GC(865) Metaspace: 124536K(128960K)->124536K(128960K) NonClass: 106446K(107264K)->106446K(107264K) Class: 18090K(21696K)->18090K(21696K)
[158.718s][info][gc             ] GC(865) Pause Young (Allocation Failure) 1536M->1322M(1820M) 10.441ms
[158.718s][info][gc,cpu         ] GC(865) User=0.52s Sys=0.00s Real=0.02s
[158.730s][info][gc,start       ] GC(866) Pause Young (Allocation Failure)
[158.739s][info][gc,heap        ] GC(866) PSYoungGen: 342009K(465920K)->86542K(465920K) Eden: 232960K(232960K)->0K(232960K) From: 109049K(232960K)->86542K(232960K)
[158.740s][info][gc,heap        ] GC(866) ParOldGen: 1245550K(1398272K)->1266815K(1398272K)
[158.740s][info][gc,metaspace   ] GC(866) Metaspace: 124536K(128960K)->124536K(128960K) NonClass: 106446K(107264K)->106446K(107264K) Class: 18090K(21696K)->18090K(21696K)
[158.740s][info][gc             ] GC(866) Pause Young (Allocation Failure) 1550M->1321M(1820M) 9.948ms
[158.740s][info][gc,cpu         ] GC(866) User=0.00s Sys=0.00s Real=0.00s
[158.751s][info][gc,start       ] GC(867) Pause Young (Allocation Failure)
[158.760s][info][gc,heap        ] GC(867) PSYoungGen: 319502K(465920K)->55102K(465920K) Eden: 232960K(232960K)->0K(232960K) From: 86542K(232960K)->55102K(232960K)
[158.760s][info][gc,heap        ] GC(867) ParOldGen: 1266815K(1398272K)->1304524K(1398272K)
[158.760s][info][gc,metaspace   ] GC(867) Metaspace: 124536K(128960K)->124536K(128960K) NonClass: 106446K(107264K)->106446K(107264K) Class: 18090K(21696K)->18090K(21696K)
[158.760s][info][gc             ] GC(867) Pause Young (Allocation Failure) 1549M->1327M(1820M) 9.318ms
[158.760s][info][gc,cpu         ] GC(867) User=0.33s Sys=0.00s Real=0.02s
[158.772s][info][gc,start       ] GC(868) Pause Young (Allocation Failure)
[158.779s][info][gc,heap        ] GC(868) PSYoungGen: 288062K(465920K)->69742K(465920K) Eden: 232960K(232960K)->0K(232960K) From: 55102K(232960K)->69742K(232960K)
[158.779s][info][gc,heap        ] GC(868) ParOldGen: 1304524K(1398272K)->1312040K(1398272K)
[158.779s][info][gc,metaspace   ] GC(868) Metaspace: 124536K(128960K)->124536K(128960K) NonClass: 106446K(107264K)->106446K(107264K) Class: 18090K(21696K)->18090K(21696K)
[158.779s][info][gc             ] GC(868) Pause Young (Allocation Failure) 1555M->1349M(1820M) 7.158ms
[158.779s][info][gc,cpu         ] GC(868) User=0.25s Sys=0.00s Real=0.02s
[158.791s][info][gc,start       ] GC(869) Pause Young (Allocation Failure)
[158.799s][info][gc,heap        ] GC(869) PSYoungGen: 302702K(465920K)->75800K(465920K) Eden: 232960K(232960K)->0K(232960K) From: 69742K(232960K)->75800K(232960K)
[158.799s][info][gc,heap        ] GC(869) ParOldGen: 1312040K(1398272K)->1321615K(1398272K)
[158.799s][info][gc,metaspace   ] GC(869) Metaspace: 124536K(128960K)->124536K(128960K) NonClass: 106446K(107264K)->106446K(107264K) Class: 18090K(21696K)->18090K(21696K)
[158.799s][info][gc             ] GC(869) Pause Young (Allocation Failure) 1576M->1364M(1820M) 8.088ms
[158.799s][info][gc,cpu         ] GC(869) User=0.00s Sys=0.00s Real=0.00s
[158.811s][info][gc,start       ] GC(870) Pause Young (Allocation Failure)
[158.819s][info][gc,heap        ] GC(870) PSYoungGen: 308760K(465920K)->58825K(465920K) Eden: 232960K(232960K)->0K(232960K) From: 75800K(232960K)->58825K(232960K)
[158.819s][info][gc,heap        ] GC(870) ParOldGen: 1321615K(1398272K)->1356086K(1398272K)
[158.819s][info][gc,metaspace   ] GC(870) Metaspace: 124536K(128960K)->124536K(128960K) NonClass: 106446K(107264K)->106446K(107264K) Class: 18090K(21696K)->18090K(21696K)
[158.819s][info][gc             ] GC(870) Pause Young (Allocation Failure) 1592M->1381M(1820M) 7.791ms
[158.819s][info][gc,cpu         ] GC(870) User=0.00s Sys=0.00s Real=0.00s
[158.819s][info][gc,start       ] GC(871) Pause Full (Ergonomics)
[158.819s][info][gc,phases,start] GC(871) Marking Phase
[158.857s][info][gc,phases      ] GC(871) Marking Phase 38.566ms
[158.857s][info][gc,phases,start] GC(871) Summary Phase
[158.858s][info][gc,phases      ] GC(871) Summary Phase 0.060ms
[158.858s][info][gc,phases,start] GC(871) Adjust Roots
[158.875s][info][gc,phases      ] GC(871) Adjust Roots 17.114ms
[158.875s][info][gc,phases,start] GC(871) Compaction Phase
[158.900s][info][gc,phases      ] GC(871) Compaction Phase 25.525ms
[158.900s][info][gc,phases,start] GC(871) Post Compact
[158.907s][info][gc,phases      ] GC(871) Post Compact 7.034ms
[158.907s][info][gc,heap        ] GC(871) PSYoungGen: 58825K(465920K)->0K(465920K) Eden: 0K(232960K)->0K(232960K) From: 58825K(232960K)->0K(232960K)
[158.907s][info][gc,heap        ] GC(871) ParOldGen: 1356086K(1398272K)->1262118K(1398272K)
[158.907s][info][gc,metaspace   ] GC(871) Metaspace: 124536K(128960K)->124536K(128960K) NonClass: 106446K(107264K)->106446K(107264K) Class: 18090K(21696K)->18090K(21696K)
[158.907s][info][gc             ] GC(871) Pause Full (Ergonomics) 1381M->1232M(1820M) 88.567ms
[158.907s][info][gc,cpu         ] GC(871) User=1.69s Sys=0.00s Real=0.09s
[158.922s][info][gc,start       ] GC(872) Pause Young (Allocation Failure)
[158.928s][info][gc,heap        ] GC(872) PSYoungGen: 232960K(465920K)->63200K(465920K) Eden: 232960K(232960K)->0K(232960K) From: 0K(232960K)->63200K(232960K)
[158.928s][info][gc,heap        ] GC(872) ParOldGen: 1262118K(1398272K)->1262118K(1398272K)
[158.928s][info][gc,metaspace   ] GC(872) Metaspace: 124537K(128960K)->124537K(128960K) NonClass: 106447K(107264K)->106447K(107264K) Class: 18090K(21696K)->18090K(21696K)
[158.928s][info][gc             ] GC(872) Pause Young (Allocation Failure) 1460M->1294M(1820M) 6.426ms
[158.928s][info][gc,cpu         ] GC(872) User=0.00s Sys=0.00s Real=0.00s
[158.942s][info][gc,start       ] GC(873) Pause Young (Allocation Failure)
[158.952s][info][gc,heap        ] GC(873) PSYoungGen: 296160K(465920K)->36689K(465920K) Eden: 232960K(232960K)->0K(232960K) From: 63200K(232960K)->36689K(232960K)
[158.952s][info][gc,heap        ] GC(873) ParOldGen: 1262118K(1398272K)->1323269K(1398272K)
[158.952s][info][gc,metaspace   ] GC(873) Metaspace: 124537K(128960K)->124537K(128960K) NonClass: 106447K(107264K)->106447K(107264K) Class: 18090K(21696K)->18090K(21696K)
[158.952s][info][gc             ] GC(873) Pause Young (Allocation Failure) 1521M->1328M(1820M) 10.090ms
[158.952s][info][gc,cpu         ] GC(873) User=0.42s Sys=0.00s Real=0.02s
[158.965s][info][gc,start       ] GC(874) Pause Young (Allocation Failure)
[158.970s][info][gc,heap        ] GC(874) PSYoungGen: 268560K(465920K)->27627K(465920K) Eden: 231870K(232960K)->0K(232960K) From: 36689K(232960K)->27627K(232960K)
[158.970s][info][gc,heap        ] GC(874) ParOldGen: 1323269K(1398272K)->1354834K(1398272K)
[158.970s][info][gc,metaspace   ] GC(874) Metaspace: 124537K(128960K)->124537K(128960K) NonClass: 106447K(107264K)->106447K(107264K) Class: 18090K(21696K)->18090K(21696K)
[158.970s][info][gc             ] GC(874) Pause Young (Allocation Failure) 1554M->1350M(1820M) 5.545ms
[158.970s][info][gc,cpu         ] GC(874) User=0.00s Sys=0.00s Real=0.00s
[158.970s][info][gc,start       ] GC(875) Pause Full (Ergonomics)
[158.970s][info][gc,phases,start] GC(875) Marking Phase
[159.010s][info][gc,phases      ] GC(875) Marking Phase 39.447ms
[159.010s][info][gc,phases,start] GC(875) Summary Phase
[159.010s][info][gc,phases      ] GC(875) Summary Phase 0.056ms
[159.010s][info][gc,phases,start] GC(875) Adjust Roots
[159.022s][info][gc,phases      ] GC(875) Adjust Roots 11.651ms
[159.022s][info][gc,phases,start] GC(875) Compaction Phase
[159.040s][info][gc,phases      ] GC(875) Compaction Phase 18.651ms
[159.040s][info][gc,phases,start] GC(875) Post Compact
[159.048s][info][gc,phases      ] GC(875) Post Compact 7.539ms
[159.048s][info][gc,heap        ] GC(875) PSYoungGen: 27627K(465920K)->0K(465920K) Eden: 0K(232960K)->0K(232960K) From: 27627K(232960K)->0K(232960K)
[159.048s][info][gc,heap        ] GC(875) ParOldGen: 1354834K(1398272K)->1252787K(1398272K)
[159.048s][info][gc,metaspace   ] GC(875) Metaspace: 124537K(128960K)->124537K(128960K) NonClass: 106447K(107264K)->106447K(107264K) Class: 18090K(21696K)->18090K(21696K)
[159.048s][info][gc             ] GC(875) Pause Full (Ergonomics) 1350M->1223M(1820M) 77.670ms
[159.048s][info][gc,cpu         ] GC(875) User=1.39s Sys=0.00s Real=0.08s
[159.067s][info][gc,start       ] GC(876) Pause Young (Allocation Failure)
[159.070s][info][gc,heap        ] GC(876) PSYoungGen: 232960K(465920K)->33002K(465920K) Eden: 232960K(232960K)->0K(232960K) From: 0K(232960K)->33002K(232960K)
[159.070s][info][gc,heap        ] GC(876) ParOldGen: 1252787K(1398272K)->1252787K(1398272K)
[159.070s][info][gc,metaspace   ] GC(876) Metaspace: 124537K(128960K)->124537K(128960K) NonClass: 106447K(107264K)->106447K(107264K) Class: 18090K(21696K)->18090K(21696K)
[159.070s][info][gc             ] GC(876) Pause Young (Allocation Failure) 1450M->1255M(1820M) 3.728ms
[159.070s][info][gc,cpu         ] GC(876) User=0.00s Sys=0.00s Real=0.00s
[159.083s][info][gc,start       ] GC(877) Pause Young (Allocation Failure)
[159.088s][info][gc,heap        ] GC(877) PSYoungGen: 265962K(465920K)->18051K(464896K) Eden: 232960K(232960K)->0K(232960K) From: 33002K(232960K)->18051K(231936K)
[159.088s][info][gc,heap        ] GC(877) ParOldGen: 1252787K(1398272K)->1280489K(1398272K)
[159.088s][info][gc,metaspace   ] GC(877) Metaspace: 124537K(128960K)->124537K(128960K) NonClass: 106447K(107264K)->106447K(107264K) Class: 18090K(21696K)->18090K(21696K)
[159.088s][info][gc             ] GC(877) Pause Young (Allocation Failure) 1483M->1268M(1819M) 5.031ms
[159.088s][info][gc,cpu         ] GC(877) User=0.00s Sys=0.00s Real=0.00s
[159.100s][info][gc,start       ] GC(878) Pause Young (Allocation Failure)
[159.105s][info][gc,heap        ] GC(878) PSYoungGen: 251011K(464896K)->30423K(263680K) Eden: 232960K(232960K)->0K(232960K) From: 18051K(231936K)->30423K(30720K)
[159.105s][info][gc,heap        ] GC(878) ParOldGen: 1280489K(1398272K)->1280489K(1398272K)
[159.105s][info][gc,metaspace   ] GC(878) Metaspace: 124537K(128960K)->124537K(128960K) NonClass: 106447K(107264K)->106447K(107264K) Class: 18090K(21696K)->18090K(21696K)
[159.105s][info][gc             ] GC(878) Pause Young (Allocation Failure) 1495M->1280M(1623M) 5.523ms
[159.105s][info][gc,cpu         ] GC(878) User=0.00s Sys=0.00s Real=0.00s
[159.118s][info][gc,start       ] GC(879) Pause Young (Allocation Failure)
[159.124s][info][gc,heap        ] GC(879) PSYoungGen: 263383K(263680K)->50832K(460800K) Eden: 232960K(232960K)->0K(245760K) From: 30423K(30720K)->50832K(215040K)
[159.124s][info][gc,heap        ] GC(879) ParOldGen: 1280489K(1398272K)->1280489K(1398272K)
[159.124s][info][gc,metaspace   ] GC(879) Metaspace: 124537K(128960K)->124537K(128960K) NonClass: 106447K(107264K)->106447K(107264K) Class: 18090K(21696K)->18090K(21696K)
[159.124s][info][gc             ] GC(879) Pause Young (Allocation Failure) 1507M->1300M(1815M) 6.598ms
[159.124s][info][gc,cpu         ] GC(879) User=0.00s Sys=0.00s Real=0.00s
[159.137s][info][gc,start       ] GC(880) Pause Young (Allocation Failure)
[159.143s][info][gc,heap        ] GC(880) PSYoungGen: 296592K(460800K)->55487K(459776K) Eden: 245760K(245760K)->0K(245760K) From: 50832K(215040K)->55487K(214016K)
[159.143s][info][gc,heap        ] GC(880) ParOldGen: 1280489K(1398272K)->1280489K(1398272K)
[159.143s][info][gc,metaspace   ] GC(880) Metaspace: 124537K(128960K)->124537K(128960K) NonClass: 106447K(107264K)->106447K(107264K) Class: 18090K(21696K)->18090K(21696K)
[159.143s][info][gc             ] GC(880) Pause Young (Allocation Failure) 1540M->1304M(1814M) 6.123ms
[159.143s][info][gc,cpu         ] GC(880) User=0.00s Sys=0.02s Real=0.02s
[159.155s][info][gc,start       ] GC(881) Pause Young (Allocation Failure)
[159.164s][info][gc,heap        ] GC(881) PSYoungGen: 301247K(459776K)->64862K(439808K) Eden: 245760K(245760K)->0K(261120K) From: 55487K(214016K)->64862K(178688K)
[159.164s][info][gc,heap        ] GC(881) ParOldGen: 1280489K(1398272K)->1280489K(1398272K)
[159.164s][info][gc,metaspace   ] GC(881) Metaspace: 124537K(128960K)->124537K(128960K) NonClass: 106447K(107264K)->106447K(107264K) Class: 18090K(21696K)->18090K(21696K)
[159.164s][info][gc             ] GC(881) Pause Young (Allocation Failure) 1544M->1313M(1795M) 8.796ms
[159.164s][info][gc,cpu         ] GC(881) User=0.27s Sys=0.00s Real=0.02s
[159.178s][info][gc,start       ] GC(882) Pause Young (Allocation Failure)
[159.185s][info][gc,heap        ] GC(882) PSYoungGen: 325982K(439808K)->86776K(451584K) Eden: 261120K(261120K)->0K(261120K) From: 64862K(178688K)->86776K(190464K)
[159.185s][info][gc,heap        ] GC(882) ParOldGen: 1280489K(1398272K)->1280489K(1398272K)
[159.185s][info][gc,metaspace   ] GC(882) Metaspace: 124537K(128960K)->124537K(128960K) NonClass: 106447K(107264K)->106447K(107264K) Class: 18090K(21696K)->18090K(21696K)
[159.185s][info][gc             ] GC(882) Pause Young (Allocation Failure) 1568M->1335M(1806M) 6.729ms
[159.185s][info][gc,cpu         ] GC(882) User=0.00s Sys=0.00s Real=0.00s
[159.198s][info][gc,start       ] GC(883) Pause Young (Allocation Failure)
[159.207s][info][gc,heap        ] GC(883) PSYoungGen: 347896K(451584K)->107368K(460800K) Eden: 261120K(261120K)->0K(275968K) From: 86776K(190464K)->107368K(184832K)
[159.207s][info][gc,heap        ] GC(883) ParOldGen: 1280489K(1398272K)->1280489K(1398272K)
[159.207s][info][gc,metaspace   ] GC(883) Metaspace: 124537K(128960K)->124537K(128960K) NonClass: 106447K(107264K)->106447K(107264K) Class: 18090K(21696K)->18090K(21696K)
[159.207s][info][gc             ] GC(883) Pause Young (Allocation Failure) 1590M->1355M(1815M) 8.851ms
[159.207s][info][gc,cpu         ] GC(883) User=0.22s Sys=0.00s Real=0.02s
[159.222s][info][gc,start       ] GC(884) Pause Young (Allocation Failure)
[159.235s][info][gc,heap        ] GC(884) PSYoungGen: 383336K(460800K)->120886K(462848K) Eden: 275968K(275968K)->0K(275968K) From: 107368K(184832K)->120886K(186880K)
[159.235s][info][gc,heap        ] GC(884) ParOldGen: 1280489K(1398272K)->1280489K(1398272K)
[159.235s][info][gc,metaspace   ] GC(884) Metaspace: 124537K(128960K)->124537K(128960K) NonClass: 106447K(107264K)->106447K(107264K) Class: 18090K(21696K)->18090K(21696K)
[159.235s][info][gc             ] GC(884) Pause Young (Allocation Failure) 1624M->1368M(1817M) 12.156ms
[159.235s][info][gc,cpu         ] GC(884) User=0.52s Sys=0.00s Real=0.02s
[159.249s][info][gc,start       ] GC(885) Pause Young (Allocation Failure)
[159.262s][info][gc,heap        ] GC(885) PSYoungGen: 396854K(462848K)->136020K(478720K) Eden: 275968K(275968K)->0K(286208K) From: 120886K(186880K)->136020K(192512K)
[159.262s][info][gc,heap        ] GC(885) ParOldGen: 1280489K(1398272K)->1280489K(1398272K)
[159.262s][info][gc,metaspace   ] GC(885) Metaspace: 124537K(128960K)->124537K(128960K) NonClass: 106447K(107264K)->106447K(107264K) Class: 18090K(21696K)->18090K(21696K)
[159.262s][info][gc             ] GC(885) Pause Young (Allocation Failure) 1638M->1383M(1833M) 12.723ms
[159.262s][info][gc,cpu         ] GC(885) User=0.52s Sys=0.00s Real=0.02s
[159.277s][info][gc,start       ] GC(886) Pause Young (Allocation Failure)
[159.289s][info][gc,heap        ] GC(886) PSYoungGen: 419457K(478720K)->140534K(427008K) Eden: 283437K(286208K)->0K(286208K) From: 136020K(192512K)->140534K(140800K)
[159.289s][info][gc,heap        ] GC(886) ParOldGen: 1280489K(1398272K)->1280489K(1398272K)
[159.289s][info][gc,metaspace   ] GC(886) Metaspace: 124537K(128960K)->124537K(128960K) NonClass: 106447K(107264K)->106447K(107264K) Class: 18090K(21696K)->18090K(21696K)
[159.289s][info][gc             ] GC(886) Pause Young (Allocation Failure) 1660M->1387M(1782M) 12.479ms
[159.289s][info][gc,cpu         ] GC(886) User=0.50s Sys=0.00s Real=0.02s
[159.304s][info][gc,start       ] GC(887) Pause Young (Allocation Failure)
[159.320s][info][gc,heap        ] GC(887) PSYoungGen: 426742K(427008K)->157750K(462336K) Eden: 286208K(286208K)->0K(251392K) From: 140534K(140800K)->157750K(210944K)
[159.320s][info][gc,heap        ] GC(887) ParOldGen: 1280489K(1398272K)->1280489K(1398272K)
[159.320s][info][gc,metaspace   ] GC(887) Metaspace: 124537K(128960K)->124537K(128960K) NonClass: 106447K(107264K)->106447K(107264K) Class: 18090K(21696K)->18090K(21696K)
[159.320s][info][gc             ] GC(887) Pause Young (Allocation Failure) 1667M->1404M(1817M) 15.647ms
[159.320s][info][gc,cpu         ] GC(887) User=0.25s Sys=0.02s Real=0.02s
[159.332s][info][gc,start       ] GC(888) Pause Young (Allocation Failure)
[159.348s][info][gc,heap        ] GC(888) PSYoungGen: 409142K(462336K)->163238K(414720K) Eden: 251392K(251392K)->0K(251392K) From: 157750K(210944K)->163238K(163328K)
[159.348s][info][gc,heap        ] GC(888) ParOldGen: 1280489K(1398272K)->1280489K(1398272K)
[159.348s][info][gc,metaspace   ] GC(888) Metaspace: 124537K(128960K)->124537K(128960K) NonClass: 106447K(107264K)->106447K(107264K) Class: 18090K(21696K)->18090K(21696K)
[159.348s][info][gc             ] GC(888) Pause Young (Allocation Failure) 1650M->1409M(1770M) 16.107ms
[159.348s][info][gc,cpu         ] GC(888) User=0.52s Sys=0.00s Real=0.02s
[159.360s][info][gc,start       ] GC(889) Pause Young (Allocation Failure)
[159.378s][info][gc,heap        ] GC(889) PSYoungGen: 414630K(414720K)->176462K(465920K) Eden: 251392K(251392K)->0K(232960K) From: 163238K(163328K)->176462K(232960K)
[159.378s][info][gc,heap        ] GC(889) ParOldGen: 1280489K(1398272K)->1282052K(1398272K)
[159.378s][info][gc,metaspace   ] GC(889) Metaspace: 124537K(128960K)->124537K(128960K) NonClass: 106447K(107264K)->106447K(107264K) Class: 18090K(21696K)->18090K(21696K)
[159.378s][info][gc             ] GC(889) Pause Young (Allocation Failure) 1655M->1424M(1820M) 17.329ms
[159.378s][info][gc,cpu         ] GC(889) User=0.52s Sys=0.00s Real=0.02s
[159.389s][info][gc,start       ] GC(890) Pause Young (Allocation Failure)
[159.406s][info][gc,heap        ] GC(890) PSYoungGen: 409422K(465920K)->174918K(465920K) Eden: 232960K(232960K)->0K(232960K) From: 176462K(232960K)->174918K(232960K)
[159.406s][info][gc,heap        ] GC(890) ParOldGen: 1282052K(1398272K)->1282116K(1398272K)
[159.406s][info][gc,metaspace   ] GC(890) Metaspace: 124537K(128960K)->124537K(128960K) NonClass: 106447K(107264K)->106447K(107264K) Class: 18090K(21696K)->18090K(21696K)
[159.406s][info][gc             ] GC(890) Pause Young (Allocation Failure) 1651M->1422M(1820M) 16.613ms
[159.406s][info][gc,cpu         ] GC(890) User=0.52s Sys=0.00s Real=0.02s
[159.417s][info][gc,start       ] GC(891) Pause Young (Allocation Failure)
[159.435s][info][gc,heap        ] GC(891) PSYoungGen: 403614K(465920K)->180069K(465920K) Eden: 228696K(232960K)->0K(232960K) From: 174918K(232960K)->180069K(232960K)
[159.435s][info][gc,heap        ] GC(891) ParOldGen: 1282116K(1398272K)->1294481K(1398272K)
[159.435s][info][gc,metaspace   ] GC(891) Metaspace: 124537K(128960K)->124537K(128960K) NonClass: 106447K(107264K)->106447K(107264K) Class: 18090K(21696K)->18090K(21696K)
[159.435s][info][gc             ] GC(891) Pause Young (Allocation Failure) 1646M->1439M(1820M) 18.214ms
[159.435s][info][gc,cpu         ] GC(891) User=0.52s Sys=0.00s Real=0.02s
[159.447s][info][gc,start       ] GC(892) Pause Young (Allocation Failure)
[159.465s][info][gc,heap        ] GC(892) PSYoungGen: 413029K(465920K)->133131K(465920K) Eden: 232960K(232960K)->0K(232960K) From: 180069K(232960K)->133131K(232960K)
[159.465s][info][gc,heap        ] GC(892) ParOldGen: 1294481K(1398272K)->1352448K(1398272K)
[159.465s][info][gc,metaspace   ] GC(892) Metaspace: 124537K(128960K)->124537K(128960K) NonClass: 106447K(107264K)->106447K(107264K) Class: 18090K(21696K)->18090K(21696K)
[159.465s][info][gc             ] GC(892) Pause Young (Allocation Failure) 1667M->1450M(1820M) 18.211ms
[159.465s][info][gc,cpu         ] GC(892) User=0.52s Sys=0.00s Real=0.02s
[159.465s][info][gc,start       ] GC(893) Pause Full (Ergonomics)
[159.465s][info][gc,phases,start] GC(893) Marking Phase
[159.509s][info][gc,phases      ] GC(893) Marking Phase 43.563ms
[159.509s][info][gc,phases,start] GC(893) Summary Phase
[159.509s][info][gc,phases      ] GC(893) Summary Phase 0.062ms
[159.509s][info][gc,phases,start] GC(893) Adjust Roots
[159.522s][info][gc,phases      ] GC(893) Adjust Roots 12.779ms
[159.522s][info][gc,phases,start] GC(893) Compaction Phase
[159.544s][info][gc,phases      ] GC(893) Compaction Phase 22.046ms
[159.544s][info][gc,phases,start] GC(893) Post Compact
[159.552s][info][gc,phases      ] GC(893) Post Compact 8.487ms
[159.553s][info][gc,heap        ] GC(893) PSYoungGen: 133131K(465920K)->0K(465920K) Eden: 0K(232960K)->0K(232960K) From: 133131K(232960K)->0K(232960K)
[159.553s][info][gc,heap        ] GC(893) ParOldGen: 1352448K(1398272K)->1361215K(1398272K)
[159.553s][info][gc,metaspace   ] GC(893) Metaspace: 124537K(128960K)->124537K(128960K) NonClass: 106447K(107264K)->106447K(107264K) Class: 18090K(21696K)->18090K(21696K)
[159.553s][info][gc             ] GC(893) Pause Full (Ergonomics) 1450M->1329M(1820M) 87.306ms
[159.553s][info][gc,cpu         ] GC(893) User=1.23s Sys=0.25s Real=0.09s
[159.568s][info][gc,start       ] GC(894) Pause Full (Ergonomics)
[159.569s][info][gc,phases,start] GC(894) Marking Phase
[159.611s][info][gc,phases      ] GC(894) Marking Phase 42.718ms
[159.611s][info][gc,phases,start] GC(894) Summary Phase
[159.611s][info][gc,phases      ] GC(894) Summary Phase 0.061ms
[159.611s][info][gc,phases,start] GC(894) Adjust Roots
[159.627s][info][gc,phases      ] GC(894) Adjust Roots 15.764ms
[159.627s][info][gc,phases,start] GC(894) Compaction Phase
[159.649s][info][gc,phases      ] GC(894) Compaction Phase 21.519ms
[159.649s][info][gc,phases,start] GC(894) Post Compact
[159.659s][info][gc,phases      ] GC(894) Post Compact 10.171ms
[159.659s][info][gc,heap        ] GC(894) PSYoungGen: 232227K(465920K)->0K(465920K) Eden: 232227K(232960K)->0K(232960K) From: 0K(232960K)->0K(232960K)
[159.659s][info][gc,heap        ] GC(894) ParOldGen: 1361215K(1398272K)->1363591K(1398272K)
[159.659s][info][gc,metaspace   ] GC(894) Metaspace: 124537K(128960K)->124537K(128960K) NonClass: 106447K(107264K)->106447K(107264K) Class: 18090K(21696K)->18090K(21696K)
[159.659s][info][gc             ] GC(894) Pause Full (Ergonomics) 1556M->1331M(1820M) 90.745ms
[159.659s][info][gc,cpu         ] GC(894) User=1.06s Sys=0.00s Real=0.08s
[159.678s][info][gc,start       ] GC(895) Pause Full (Ergonomics)
[159.679s][info][gc,phases,start] GC(895) Marking Phase
[159.729s][info][gc,phases      ] GC(895) Marking Phase 50.768ms
[159.729s][info][gc,phases,start] GC(895) Summary Phase
[159.729s][info][gc,phases      ] GC(895) Summary Phase 0.061ms
[159.729s][info][gc,phases,start] GC(895) Adjust Roots
[159.737s][info][gc,phases      ] GC(895) Adjust Roots 7.819ms
[159.737s][info][gc,phases,start] GC(895) Compaction Phase
[159.754s][info][gc,phases      ] GC(895) Compaction Phase 16.232ms
[159.754s][info][gc,phases,start] GC(895) Post Compact
[159.763s][info][gc,phases      ] GC(895) Post Compact 9.055ms
[159.763s][info][gc,heap        ] GC(895) PSYoungGen: 232960K(465920K)->0K(465920K) Eden: 232960K(232960K)->0K(232960K) From: 0K(232960K)->0K(232960K)
[159.763s][info][gc,heap        ] GC(895) ParOldGen: 1363591K(1398272K)->1360663K(1398272K)
[159.763s][info][gc,metaspace   ] GC(895) Metaspace: 124537K(128960K)->124537K(128960K) NonClass: 106447K(107264K)->106447K(107264K) Class: 18090K(21696K)->18090K(21696K)
[159.763s][info][gc             ] GC(895) Pause Full (Ergonomics) 1559M->1328M(1820M) 84.394ms
[159.763s][info][gc,cpu         ] GC(895) User=1.59s Sys=0.06s Real=0.08s
[159.782s][info][gc,start       ] GC(896) Pause Full (Ergonomics)
[159.782s][info][gc,phases,start] GC(896) Marking Phase
[159.833s][info][gc,phases      ] GC(896) Marking Phase 50.939ms
[159.833s][info][gc,phases,start] GC(896) Summary Phase
[159.833s][info][gc,phases      ] GC(896) Summary Phase 0.074ms
[159.833s][info][gc,phases,start] GC(896) Adjust Roots
[159.844s][info][gc,phases      ] GC(896) Adjust Roots 11.305ms
[159.844s][info][gc,phases,start] GC(896) Compaction Phase
[159.864s][info][gc,phases      ] GC(896) Compaction Phase 20.255ms
[159.865s][info][gc,phases,start] GC(896) Post Compact
[159.874s][info][gc,phases      ] GC(896) Post Compact 9.938ms
[159.875s][info][gc,heap        ] GC(896) PSYoungGen: 232960K(465920K)->0K(465920K) Eden: 232960K(232960K)->0K(232960K) From: 0K(232960K)->0K(232960K)
[159.875s][info][gc,heap        ] GC(896) ParOldGen: 1360663K(1398272K)->1365667K(1398272K)
[159.875s][info][gc,metaspace   ] GC(896) Metaspace: 124537K(128960K)->124537K(128960K) NonClass: 106447K(107264K)->106447K(107264K) Class: 18090K(21696K)->18090K(21696K)
[159.875s][info][gc             ] GC(896) Pause Full (Ergonomics) 1556M->1333M(1820M) 93.008ms
[159.875s][info][gc,cpu         ] GC(896) User=2.09s Sys=0.02s Real=0.09s
[159.892s][info][gc,start       ] GC(897) Pause Full (Ergonomics)
[159.892s][info][gc,phases,start] GC(897) Marking Phase
[159.945s][info][gc,phases      ] GC(897) Marking Phase 53.376ms
[159.945s][info][gc,phases,start] GC(897) Summary Phase
[159.945s][info][gc,phases      ] GC(897) Summary Phase 0.059ms
[159.945s][info][gc,phases,start] GC(897) Adjust Roots
[159.957s][info][gc,phases      ] GC(897) Adjust Roots 11.074ms
[159.957s][info][gc,phases,start] GC(897) Compaction Phase
[159.975s][info][gc,phases      ] GC(897) Compaction Phase 18.706ms
[159.975s][info][gc,phases,start] GC(897) Post Compact
[159.984s][info][gc,phases      ] GC(897) Post Compact 8.721ms
[159.984s][info][gc,heap        ] GC(897) PSYoungGen: 232960K(465920K)->0K(465920K) Eden: 232960K(232960K)->0K(232960K) From: 0K(232960K)->0K(232960K)
[159.984s][info][gc,heap        ] GC(897) ParOldGen: 1365667K(1398272K)->1366384K(1398272K)
[159.984s][info][gc,metaspace   ] GC(897) Metaspace: 124537K(128960K)->124537K(128960K) NonClass: 106447K(107264K)->106447K(107264K) Class: 18090K(21696K)->18090K(21696K)
[159.984s][info][gc             ] GC(897) Pause Full (Ergonomics) 1561M->1334M(1820M) 92.279ms
[159.984s][info][gc,cpu         ] GC(897) User=1.08s Sys=0.00s Real=0.08s
[160.002s][info][gc,start       ] GC(898) Pause Full (Ergonomics)
[160.002s][info][gc,phases,start] GC(898) Marking Phase
[160.049s][info][gc,phases      ] GC(898) Marking Phase 46.350ms
[160.049s][info][gc,phases,start] GC(898) Summary Phase
[160.049s][info][gc,phases      ] GC(898) Summary Phase 0.059ms
[160.049s][info][gc,phases,start] GC(898) Adjust Roots
[160.060s][info][gc,phases      ] GC(898) Adjust Roots 11.697ms
[160.060s][info][gc,phases,start] GC(898) Compaction Phase
[160.086s][info][gc,phases      ] GC(898) Compaction Phase 25.516ms
[160.086s][info][gc,phases,start] GC(898) Post Compact
[160.094s][info][gc,phases      ] GC(898) Post Compact 8.065ms
[160.094s][info][gc,heap        ] GC(898) PSYoungGen: 232960K(465920K)->0K(465920K) Eden: 232960K(232960K)->0K(232960K) From: 0K(232960K)->0K(232960K)
[160.094s][info][gc,heap        ] GC(898) ParOldGen: 1366384K(1398272K)->1375928K(1398272K)
[160.094s][info][gc,metaspace   ] GC(898) Metaspace: 124537K(128960K)->124537K(128960K) NonClass: 106447K(107264K)->106447K(107264K) Class: 18090K(21696K)->18090K(21696K)
[160.094s][info][gc             ] GC(898) Pause Full (Ergonomics) 1561M->1343M(1820M) 92.049ms
[160.094s][info][gc,cpu         ] GC(898) User=1.92s Sys=0.03s Real=0.09s
[160.108s][info][gc,start       ] GC(899) Pause Full (Ergonomics)
[160.108s][info][gc,phases,start] GC(899) Marking Phase
[160.151s][info][gc,phases      ] GC(899) Marking Phase 43.212ms
[160.151s][info][gc,phases,start] GC(899) Summary Phase
[160.151s][info][gc,phases      ] GC(899) Summary Phase 0.058ms
[160.151s][info][gc,phases,start] GC(899) Adjust Roots
[160.159s][info][gc,phases      ] GC(899) Adjust Roots 7.833ms
[160.159s][info][gc,phases,start] GC(899) Compaction Phase
[160.177s][info][gc,phases      ] GC(899) Compaction Phase 18.178ms
[160.177s][info][gc,phases,start] GC(899) Post Compact
[160.185s][info][gc,phases      ] GC(899) Post Compact 8.162ms
[160.186s][info][gc,heap        ] GC(899) PSYoungGen: 232960K(465920K)->0K(465920K) Eden: 232960K(232960K)->0K(232960K) From: 0K(232960K)->0K(232960K)
[160.186s][info][gc,heap        ] GC(899) ParOldGen: 1375928K(1398272K)->1389051K(1398272K)
[160.186s][info][gc,metaspace   ] GC(899) Metaspace: 124537K(128960K)->124537K(128960K) NonClass: 106447K(107264K)->106447K(107264K) Class: 18090K(21696K)->18090K(21696K)
[160.186s][info][gc             ] GC(899) Pause Full (Ergonomics) 1571M->1356M(1820M) 77.797ms
[160.186s][info][gc,cpu         ] GC(899) User=1.11s Sys=0.00s Real=0.08s
[160.202s][info][gc,start       ] GC(900) Pause Full (Ergonomics)
[160.202s][info][gc,phases,start] GC(900) Marking Phase
[160.246s][info][gc,phases      ] GC(900) Marking Phase 44.005ms
[160.246s][info][gc,phases,start] GC(900) Summary Phase
[160.246s][info][gc,phases      ] GC(900) Summary Phase 0.060ms
[160.247s][info][gc,phases,start] GC(900) Adjust Roots
[160.254s][info][gc,phases      ] GC(900) Adjust Roots 7.725ms
[160.254s][info][gc,phases,start] GC(900) Compaction Phase
[160.274s][info][gc,phases      ] GC(900) Compaction Phase 19.310ms
[160.274s][info][gc,phases,start] GC(900) Post Compact
[160.282s][info][gc,phases      ] GC(900) Post Compact 8.394ms
[160.282s][info][gc,heap        ] GC(900) PSYoungGen: 232960K(465920K)->0K(465920K) Eden: 232960K(232960K)->0K(232960K) From: 0K(232960K)->0K(232960K)
[160.282s][info][gc,heap        ] GC(900) ParOldGen: 1389051K(1398272K)->1383199K(1398272K)
[160.282s][info][gc,metaspace   ] GC(900) Metaspace: 124537K(128960K)->124537K(128960K) NonClass: 106447K(107264K)->106447K(107264K) Class: 18090K(21696K)->18090K(21696K)
[160.282s][info][gc             ] GC(900) Pause Full (Ergonomics) 1583M->1350M(1820M) 79.877ms
[160.282s][info][gc,cpu         ] GC(900) User=1.14s Sys=0.00s Real=0.09s
[160.301s][info][gc,start       ] GC(901) Pause Full (Ergonomics)
[160.301s][info][gc,phases,start] GC(901) Marking Phase
[160.353s][info][gc,phases      ] GC(901) Marking Phase 51.420ms
[160.353s][info][gc,phases,start] GC(901) Summary Phase
[160.353s][info][gc,phases      ] GC(901) Summary Phase 0.061ms
[160.353s][info][gc,phases,start] GC(901) Adjust Roots
[160.363s][info][gc,phases      ] GC(901) Adjust Roots 9.935ms
[160.363s][info][gc,phases,start] GC(901) Compaction Phase
[160.381s][info][gc,phases      ] GC(901) Compaction Phase 17.760ms
[160.435s][info][gc,phases,start] GC(901) Post Compact
[160.445s][info][gc,phases      ] GC(901) Post Compact 10.781ms
[160.445s][info][gc,heap        ] GC(901) PSYoungGen: 232960K(465920K)->0K(465920K) Eden: 232960K(232960K)->0K(232960K) From: 0K(232960K)->0K(232960K)
[160.445s][info][gc,heap        ] GC(901) ParOldGen: 1383199K(1398272K)->1388835K(1398272K)
[160.445s][info][gc,metaspace   ] GC(901) Metaspace: 124537K(128960K)->124537K(128960K) NonClass: 106447K(107264K)->106447K(107264K) Class: 18090K(21696K)->18090K(21696K)
[160.446s][info][gc             ] GC(901) Pause Full (Ergonomics) 1578M->1356M(1820M) 144.280ms
[160.446s][info][gc,cpu         ] GC(901) User=1.11s Sys=0.00s Real=0.14s
[160.465s][info][gc,start       ] GC(902) Pause Full (Ergonomics)
[160.465s][info][gc,phases,start] GC(902) Marking Phase
[160.506s][info][gc,phases      ] GC(902) Marking Phase 40.624ms
[160.506s][info][gc,phases,start] GC(902) Summary Phase
[160.506s][info][gc,phases      ] GC(902) Summary Phase 0.044ms
[160.506s][info][gc,phases,start] GC(902) Adjust Roots
[160.522s][info][gc,phases      ] GC(902) Adjust Roots 16.253ms
[160.522s][info][gc,phases,start] GC(902) Compaction Phase
[160.628s][info][gc,phases      ] GC(902) Compaction Phase 106.159ms
[160.628s][info][gc,phases,start] GC(902) Post Compact
[160.636s][info][gc,phases      ] GC(902) Post Compact 7.919ms
[160.636s][info][gc,heap        ] GC(902) PSYoungGen: 232960K(465920K)->7987K(465920K) Eden: 232960K(232960K)->7987K(232960K) From: 0K(232960K)->0K(232960K)
[160.636s][info][gc,heap        ] GC(902) ParOldGen: 1388835K(1398272K)->1396439K(1398272K)
[160.636s][info][gc,metaspace   ] GC(902) Metaspace: 124537K(128960K)->124537K(128960K) NonClass: 106447K(107264K)->106447K(107264K) Class: 18090K(21696K)->18090K(21696K)
[160.637s][info][gc             ] GC(902) Pause Full (Ergonomics) 1583M->1371M(1820M) 171.336ms
[160.637s][info][gc,cpu         ] GC(902) User=4.17s Sys=0.00s Real=0.17s
[160.648s][info][gc,start       ] GC(903) Pause Full (Ergonomics)
[160.648s][info][gc,phases,start] GC(903) Marking Phase
[160.695s][info][gc,phases      ] GC(903) Marking Phase 46.707ms
[160.695s][info][gc,phases,start] GC(903) Summary Phase
[160.695s][info][gc,phases      ] GC(903) Summary Phase 0.044ms
[160.695s][info][gc,phases,start] GC(903) Adjust Roots
[160.708s][info][gc,phases      ] GC(903) Adjust Roots 12.984ms
[160.708s][info][gc,phases,start] GC(903) Compaction Phase
[160.746s][info][gc,phases      ] GC(903) Compaction Phase 37.803ms
[160.746s][info][gc,phases,start] GC(903) Post Compact
[160.754s][info][gc,phases      ] GC(903) Post Compact 7.923ms
[160.754s][info][gc,heap        ] GC(903) PSYoungGen: 232960K(465920K)->31809K(465920K) Eden: 232960K(232960K)->31809K(232960K) From: 0K(232960K)->0K(232960K)
[160.754s][info][gc,heap        ] GC(903) ParOldGen: 1396439K(1398272K)->1392678K(1398272K)
[160.754s][info][gc,metaspace   ] GC(903) Metaspace: 124537K(128960K)->124537K(128960K) NonClass: 106447K(107264K)->106447K(107264K) Class: 18090K(21696K)->18090K(21696K)
[160.754s][info][gc             ] GC(903) Pause Full (Ergonomics) 1591M->1391M(1820M) 105.815ms
[160.754s][info][gc,cpu         ] GC(903) User=1.92s Sys=0.02s Real=0.11s
[160.767s][info][gc,start       ] GC(904) Pause Full (Ergonomics)
[160.767s][info][gc,phases,start] GC(904) Marking Phase
[160.804s][info][gc,phases      ] GC(904) Marking Phase 37.345ms
[160.804s][info][gc,phases,start] GC(904) Summary Phase
[160.804s][info][gc,phases      ] GC(904) Summary Phase 0.043ms
[160.804s][info][gc,phases,start] GC(904) Adjust Roots
[160.818s][info][gc,phases      ] GC(904) Adjust Roots 13.405ms
[160.818s][info][gc,phases,start] GC(904) Compaction Phase
[160.853s][info][gc,phases      ] GC(904) Compaction Phase 35.523ms
[160.854s][info][gc,phases,start] GC(904) Post Compact
[160.861s][info][gc,phases      ] GC(904) Post Compact 7.951ms
[160.862s][info][gc,heap        ] GC(904) PSYoungGen: 229350K(465920K)->12642K(465920K) Eden: 229350K(232960K)->12642K(232960K) From: 0K(232960K)->0K(232960K)
[160.862s][info][gc,heap        ] GC(904) ParOldGen: 1392678K(1398272K)->1396606K(1398272K)
[160.862s][info][gc,metaspace   ] GC(904) Metaspace: 124543K(129024K)->124543K(129024K) NonClass: 106453K(107328K)->106453K(107328K) Class: 18090K(21696K)->18090K(21696K)
[160.862s][info][gc             ] GC(904) Pause Full (Ergonomics) 1584M->1376M(1820M) 94.620ms
[160.862s][info][gc,cpu         ] GC(904) User=1.59s Sys=0.00s Real=0.09s
[160.875s][info][gc,start       ] GC(905) Pause Full (Ergonomics)
[160.876s][info][gc,phases,start] GC(905) Marking Phase
[160.911s][info][gc,phases      ] GC(905) Marking Phase 35.047ms
[160.911s][info][gc,phases,start] GC(905) Summary Phase
[160.911s][info][gc,phases      ] GC(905) Summary Phase 0.045ms
[160.911s][info][gc,phases,start] GC(905) Adjust Roots
[160.923s][info][gc,phases      ] GC(905) Adjust Roots 12.502ms
[160.923s][info][gc,phases,start] GC(905) Compaction Phase
[160.960s][info][gc,phases      ] GC(905) Compaction Phase 36.666ms
[160.960s][info][gc,phases,start] GC(905) Post Compact
[160.968s][info][gc,phases      ] GC(905) Post Compact 7.972ms
[160.968s][info][gc,heap        ] GC(905) PSYoungGen: 232960K(465920K)->14028K(465920K) Eden: 232960K(232960K)->14028K(232960K) From: 0K(232960K)->0K(232960K)
[160.968s][info][gc,heap        ] GC(905) ParOldGen: 1396606K(1398272K)->1396647K(1398272K)
[160.968s][info][gc,metaspace   ] GC(905) Metaspace: 124544K(129024K)->124544K(129024K) NonClass: 106454K(107328K)->106454K(107328K) Class: 18090K(21696K)->18090K(21696K)
[160.968s][info][gc             ] GC(905) Pause Full (Ergonomics) 1591M->1377M(1820M) 92.609ms
[160.968s][info][gc,cpu         ] GC(905) User=1.64s Sys=0.02s Real=0.09s
[160.984s][info][gc,start       ] GC(906) Pause Full (Ergonomics)
[160.984s][info][gc,phases,start] GC(906) Marking Phase
[161.020s][info][gc,phases      ] GC(906) Marking Phase 36.845ms
[161.021s][info][gc,phases,start] GC(906) Summary Phase
[161.021s][info][gc,phases      ] GC(906) Summary Phase 0.047ms
[161.021s][info][gc,phases,start] GC(906) Adjust Roots
[161.035s][info][gc,phases      ] GC(906) Adjust Roots 14.756ms
[161.035s][info][gc,phases,start] GC(906) Compaction Phase
[161.081s][info][gc,phases      ] GC(906) Compaction Phase 45.330ms
[161.081s][info][gc,phases,start] GC(906) Post Compact
[161.089s][info][gc,phases      ] GC(906) Post Compact 7.956ms
[161.089s][info][gc,heap        ] GC(906) PSYoungGen: 232960K(465920K)->11454K(465920K) Eden: 232960K(232960K)->11454K(232960K) From: 0K(232960K)->0K(232960K)
[161.089s][info][gc,heap        ] GC(906) ParOldGen: 1396647K(1398272K)->1394835K(1398272K)
[161.089s][info][gc,metaspace   ] GC(906) Metaspace: 124564K(129024K)->124564K(129024K) NonClass: 106474K(107328K)->106474K(107328K) Class: 18090K(21696K)->18090K(21696K)
[161.089s][info][gc             ] GC(906) Pause Full (Ergonomics) 1591M->1373M(1820M) 105.278ms
[161.089s][info][gc,cpu         ] GC(906) User=1.97s Sys=0.00s Real=0.11s
[161.106s][info][gc,start       ] GC(907) Pause Full (Ergonomics)
[161.106s][info][gc,phases,start] GC(907) Marking Phase
[161.152s][info][gc,phases      ] GC(907) Marking Phase 46.138ms
[161.152s][info][gc,phases,start] GC(907) Summary Phase
[161.152s][info][gc,phases      ] GC(907) Summary Phase 0.045ms
[161.152s][info][gc,phases,start] GC(907) Adjust Roots
[161.167s][info][gc,phases      ] GC(907) Adjust Roots 14.562ms
[161.167s][info][gc,phases,start] GC(907) Compaction Phase
[161.203s][info][gc,phases      ] GC(907) Compaction Phase 36.695ms
[161.203s][info][gc,phases,start] GC(907) Post Compact
[161.211s][info][gc,phases      ] GC(907) Post Compact 7.995ms
[161.211s][info][gc,heap        ] GC(907) PSYoungGen: 232960K(465920K)->3881K(465920K) Eden: 232960K(232960K)->3881K(232960K) From: 0K(232960K)->0K(232960K)
[161.211s][info][gc,heap        ] GC(907) ParOldGen: 1394835K(1398272K)->1397159K(1398272K)
[161.211s][info][gc,metaspace   ] GC(907) Metaspace: 124565K(129024K)->124565K(129024K) NonClass: 106475K(107328K)->106475K(107328K) Class: 18090K(21696K)->18090K(21696K)
[161.211s][info][gc             ] GC(907) Pause Full (Ergonomics) 1589M->1368M(1820M) 105.741ms
[161.212s][info][gc,cpu         ] GC(907) User=1.59s Sys=0.00s Real=0.10s
[161.227s][info][gc,start       ] GC(908) Pause Full (Ergonomics)
[161.227s][info][gc,phases,start] GC(908) Marking Phase
[161.268s][info][gc,phases      ] GC(908) Marking Phase 41.557ms
[161.268s][info][gc,phases,start] GC(908) Summary Phase
[161.268s][info][gc,phases      ] GC(908) Summary Phase 0.040ms
[161.268s][info][gc,phases,start] GC(908) Adjust Roots
[161.283s][info][gc,phases      ] GC(908) Adjust Roots 15.137ms
[161.283s][info][gc,phases,start] GC(908) Compaction Phase
[161.308s][info][gc,phases      ] GC(908) Compaction Phase 24.752ms
[161.308s][info][gc,phases,start] GC(908) Post Compact
[161.319s][info][gc,phases      ] GC(908) Post Compact 10.375ms
[161.319s][info][gc,heap        ] GC(908) PSYoungGen: 232960K(465920K)->6320K(465920K) Eden: 232960K(232960K)->6320K(232960K) From: 0K(232960K)->0K(232960K)
[161.319s][info][gc,heap        ] GC(908) ParOldGen: 1397159K(1398272K)->1397860K(1398272K)
[161.319s][info][gc,metaspace   ] GC(908) Metaspace: 124565K(129024K)->124565K(129024K) NonClass: 106475K(107328K)->106475K(107328K) Class: 18090K(21696K)->18090K(21696K)
[161.319s][info][gc             ] GC(908) Pause Full (Ergonomics) 1591M->1371M(1820M) 92.327ms
[161.319s][info][gc,cpu         ] GC(908) User=1.20s Sys=0.00s Real=0.09s
[161.347s][info][gc,start       ] GC(909) Pause Full (Ergonomics)
[161.347s][info][gc,phases,start] GC(909) Marking Phase
[161.386s][info][gc,phases      ] GC(909) Marking Phase 38.994ms
[161.386s][info][gc,phases,start] GC(909) Summary Phase
[161.386s][info][gc,phases      ] GC(909) Summary Phase 0.045ms
[161.386s][info][gc,phases,start] GC(909) Adjust Roots
[161.404s][info][gc,phases      ] GC(909) Adjust Roots 17.503ms
[161.404s][info][gc,phases,start] GC(909) Compaction Phase
[161.440s][info][gc,phases      ] GC(909) Compaction Phase 36.075ms
[161.440s][info][gc,phases,start] GC(909) Post Compact
[161.448s][info][gc,phases      ] GC(909) Post Compact 7.939ms
[161.448s][info][gc,heap        ] GC(909) PSYoungGen: 232960K(465920K)->10064K(465920K) Eden: 232960K(232960K)->10064K(232960K) From: 0K(232960K)->0K(232960K)
[161.448s][info][gc,heap        ] GC(909) ParOldGen: 1397860K(1398272K)->1394543K(1398272K)
[161.448s][info][gc,metaspace   ] GC(909) Metaspace: 124565K(129024K)->124565K(129024K) NonClass: 106475K(107328K)->106475K(107328K) Class: 18090K(21696K)->18090K(21696K)
[161.448s][info][gc             ] GC(909) Pause Full (Ergonomics) 1592M->1371M(1820M) 100.885ms
[161.448s][info][gc,cpu         ] GC(909) User=2.08s Sys=0.00s Real=0.11s
[161.463s][info][gc,start       ] GC(910) Pause Full (Ergonomics)
[161.463s][info][gc,phases,start] GC(910) Marking Phase
[161.502s][info][gc,phases      ] GC(910) Marking Phase 38.726ms
[161.502s][info][gc,phases,start] GC(910) Summary Phase
[161.502s][info][gc,phases      ] GC(910) Summary Phase 0.049ms
[161.502s][info][gc,phases,start] GC(910) Adjust Roots
[161.519s][info][gc,phases      ] GC(910) Adjust Roots 16.868ms
[161.519s][info][gc,phases,start] GC(910) Compaction Phase
[161.557s][info][gc,phases      ] GC(910) Compaction Phase 37.833ms
[161.557s][info][gc,phases,start] GC(910) Post Compact
[161.565s][info][gc,phases      ] GC(910) Post Compact 7.993ms
[161.565s][info][gc,heap        ] GC(910) PSYoungGen: 232960K(465920K)->7553K(465920K) Eden: 232960K(232960K)->7553K(232960K) From: 0K(232960K)->0K(232960K)
[161.565s][info][gc,heap        ] GC(910) ParOldGen: 1394543K(1398272K)->1398157K(1398272K)
[161.565s][info][gc,metaspace   ] GC(910) Metaspace: 124565K(129024K)->124565K(129024K) NonClass: 106475K(107328K)->106475K(107328K) Class: 18090K(21696K)->18090K(21696K)
[161.565s][info][gc             ] GC(910) Pause Full (Ergonomics) 1589M->1372M(1820M) 101.776ms
[161.565s][info][gc,cpu         ] GC(910) User=2.03s Sys=0.03s Real=0.11s
[161.582s][info][gc,start       ] GC(911) Pause Full (Ergonomics)
[161.582s][info][gc,phases,start] GC(911) Marking Phase
[161.619s][info][gc,phases      ] GC(911) Marking Phase 37.063ms
[161.619s][info][gc,phases,start] GC(911) Summary Phase
[161.619s][info][gc,phases      ] GC(911) Summary Phase 0.043ms
[161.619s][info][gc,phases,start] GC(911) Adjust Roots
[161.637s][info][gc,phases      ] GC(911) Adjust Roots 17.528ms
[161.637s][info][gc,phases,start] GC(911) Compaction Phase
[161.672s][info][gc,phases      ] GC(911) Compaction Phase 35.651ms
[161.673s][info][gc,phases,start] GC(911) Post Compact
[161.681s][info][gc,phases      ] GC(911) Post Compact 8.048ms
[161.681s][info][gc,heap        ] GC(911) PSYoungGen: 232960K(465920K)->3851K(465920K) Eden: 232960K(232960K)->3851K(232960K) From: 0K(232960K)->0K(232960K)
[161.681s][info][gc,heap        ] GC(911) ParOldGen: 1398157K(1398272K)->1398134K(1398272K)
[161.681s][info][gc,metaspace   ] GC(911) Metaspace: 124565K(129024K)->124565K(129024K) NonClass: 106475K(107328K)->106475K(107328K) Class: 18090K(21696K)->18090K(21696K)
[161.681s][info][gc             ] GC(911) Pause Full (Ergonomics) 1592M->1369M(1820M) 98.666ms
[161.681s][info][gc,cpu         ] GC(911) User=1.47s Sys=0.02s Real=0.09s
[161.698s][info][gc,start       ] GC(912) Pause Full (Ergonomics)
[161.698s][info][gc,phases,start] GC(912) Marking Phase
[161.745s][info][gc,phases      ] GC(912) Marking Phase 47.012ms
[161.745s][info][gc,phases,start] GC(912) Summary Phase
[161.745s][info][gc,phases      ] GC(912) Summary Phase 0.040ms
[161.745s][info][gc,phases,start] GC(912) Adjust Roots
[161.760s][info][gc,phases      ] GC(912) Adjust Roots 15.248ms
[161.761s][info][gc,phases,start] GC(912) Compaction Phase
[161.781s][info][gc,phases      ] GC(912) Compaction Phase 19.993ms
[161.781s][info][gc,phases,start] GC(912) Post Compact
[161.791s][info][gc,phases      ] GC(912) Post Compact 10.644ms
[161.791s][info][gc,heap        ] GC(912) PSYoungGen: 232960K(465920K)->3853K(465920K) Eden: 232960K(232960K)->3853K(232960K) From: 0K(232960K)->0K(232960K)
[161.791s][info][gc,heap        ] GC(912) ParOldGen: 1398134K(1398272K)->1398133K(1398272K)
[161.791s][info][gc,metaspace   ] GC(912) Metaspace: 124565K(129024K)->124565K(129024K) NonClass: 106475K(107328K)->106475K(107328K) Class: 18090K(21696K)->18090K(21696K)
[161.791s][info][gc             ] GC(912) Pause Full (Ergonomics) 1592M->1369M(1820M) 93.450ms
[161.792s][info][gc,cpu         ] GC(912) User=1.08s Sys=0.03s Real=0.10s
[161.819s][info][gc,start       ] GC(913) Pause Full (Ergonomics)
[161.819s][info][gc,phases,start] GC(913) Marking Phase
[161.865s][info][gc,phases      ] GC(913) Marking Phase 45.750ms
[161.865s][info][gc,phases,start] GC(913) Summary Phase
[161.865s][info][gc,phases      ] GC(913) Summary Phase 0.045ms
[161.865s][info][gc,phases,start] GC(913) Adjust Roots
[161.883s][info][gc,phases      ] GC(913) Adjust Roots 17.786ms
[161.883s][info][gc,phases,start] GC(913) Compaction Phase
[161.905s][info][gc,phases      ] GC(913) Compaction Phase 21.978ms
[161.905s][info][gc,phases,start] GC(913) Post Compact
[161.915s][info][gc,phases      ] GC(913) Post Compact 10.351ms
[161.915s][info][gc,heap        ] GC(913) PSYoungGen: 232960K(465920K)->3846K(465920K) Eden: 232960K(232960K)->3846K(232960K) From: 0K(232960K)->0K(232960K)
[161.915s][info][gc,heap        ] GC(913) ParOldGen: 1398133K(1398272K)->1398131K(1398272K)
[161.915s][info][gc,metaspace   ] GC(913) Metaspace: 124565K(129024K)->124565K(129024K) NonClass: 106475K(107328K)->106475K(107328K) Class: 18090K(21696K)->18090K(21696K)
[161.915s][info][gc             ] GC(913) Pause Full (Ergonomics) 1592M->1369M(1820M) 96.326ms
[161.916s][info][gc,cpu         ] GC(913) User=1.50s Sys=0.00s Real=0.09s
[161.942s][info][gc,start       ] GC(914) Pause Full (Ergonomics)
[161.942s][info][gc,phases,start] GC(914) Marking Phase
[161.988s][info][gc,phases      ] GC(914) Marking Phase 46.281ms
[161.988s][info][gc,phases,start] GC(914) Summary Phase
[161.989s][info][gc,phases      ] GC(914) Summary Phase 0.050ms
[161.989s][info][gc,phases,start] GC(914) Adjust Roots
[161.996s][info][gc,phases      ] GC(914) Adjust Roots 7.894ms
[161.996s][info][gc,phases,start] GC(914) Compaction Phase
[162.012s][info][gc,phases      ] GC(914) Compaction Phase 15.845ms
[162.012s][info][gc,phases,start] GC(914) Post Compact
[162.023s][info][gc,phases      ] GC(914) Post Compact 10.115ms
[162.023s][info][gc,heap        ] GC(914) PSYoungGen: 232960K(465920K)->3847K(465920K) Eden: 232960K(232960K)->3847K(232960K) From: 0K(232960K)->0K(232960K)
[162.023s][info][gc,heap        ] GC(914) ParOldGen: 1398131K(1398272K)->1398130K(1398272K)
[162.023s][info][gc,metaspace   ] GC(914) Metaspace: 124565K(129024K)->124565K(129024K) NonClass: 106475K(107328K)->106475K(107328K) Class: 18090K(21696K)->18090K(21696K)
[162.023s][info][gc             ] GC(914) Pause Full (Ergonomics) 1592M->1369M(1820M) 80.611ms
[162.023s][info][gc,cpu         ] GC(914) User=1.09s Sys=0.02s Real=0.08s
[162.049s][info][gc,start       ] GC(915) Pause Full (Ergonomics)
[162.049s][info][gc,phases,start] GC(915) Marking Phase
[162.093s][info][gc,phases      ] GC(915) Marking Phase 43.897ms
[162.093s][info][gc,phases,start] GC(915) Summary Phase
[162.093s][info][gc,phases      ] GC(915) Summary Phase 0.044ms
[162.093s][info][gc,phases,start] GC(915) Adjust Roots
[162.109s][info][gc,phases      ] GC(915) Adjust Roots 16.230ms
[162.109s][info][gc,phases,start] GC(915) Compaction Phase
[162.126s][info][gc,phases      ] GC(915) Compaction Phase 17.389ms
[162.126s][info][gc,phases,start] GC(915) Post Compact
[162.137s][info][gc,phases      ] GC(915) Post Compact 10.528ms
[162.137s][info][gc,heap        ] GC(915) PSYoungGen: 232960K(465920K)->3850K(465920K) Eden: 232960K(232960K)->3850K(232960K) From: 0K(232960K)->0K(232960K)
[162.137s][info][gc,heap        ] GC(915) ParOldGen: 1398130K(1398272K)->1398130K(1398272K)
[162.137s][info][gc,metaspace   ] GC(915) Metaspace: 124565K(129024K)->124565K(129024K) NonClass: 106475K(107328K)->106475K(107328K) Class: 18090K(21696K)->18090K(21696K)
[162.137s][info][gc             ] GC(915) Pause Full (Ergonomics) 1592M->1369M(1820M) 88.494ms
[162.137s][info][gc,cpu         ] GC(915) User=1.06s Sys=0.05s Real=0.09s
[162.163s][info][gc,start       ] GC(916) Pause Full (Ergonomics)
[162.163s][info][gc,phases,start] GC(916) Marking Phase
[162.207s][info][gc,phases      ] GC(916) Marking Phase 44.585ms
[162.207s][info][gc,phases,start] GC(916) Summary Phase
[162.207s][info][gc,phases      ] GC(916) Summary Phase 0.041ms
[162.207s][info][gc,phases,start] GC(916) Adjust Roots
[162.218s][info][gc,phases      ] GC(916) Adjust Roots 10.781ms
[162.218s][info][gc,phases,start] GC(916) Compaction Phase
[162.236s][info][gc,phases      ] GC(916) Compaction Phase 18.197ms
[162.236s][info][gc,phases,start] GC(916) Post Compact
[162.246s][info][gc,phases      ] GC(916) Post Compact 9.514ms
[162.246s][info][gc,heap        ] GC(916) PSYoungGen: 232960K(465920K)->3856K(465920K) Eden: 232960K(232960K)->3856K(232960K) From: 0K(232960K)->0K(232960K)
[162.246s][info][gc,heap        ] GC(916) ParOldGen: 1398130K(1398272K)->1398130K(1398272K)
[162.246s][info][gc,metaspace   ] GC(916) Metaspace: 124565K(129024K)->124565K(129024K) NonClass: 106475K(107328K)->106475K(107328K) Class: 18090K(21696K)->18090K(21696K)
[162.246s][info][gc             ] GC(916) Pause Full (Ergonomics) 1592M->1369M(1820M) 83.459ms
[162.246s][info][gc,cpu         ] GC(916) User=1.09s Sys=0.00s Real=0.08s
[162.272s][info][gc,start       ] GC(917) Pause Full (Ergonomics)
[162.272s][info][gc,phases,start] GC(917) Marking Phase
[162.316s][info][gc,phases      ] GC(917) Marking Phase 44.011ms
[162.316s][info][gc,phases,start] GC(917) Summary Phase
[162.316s][info][gc,phases      ] GC(917) Summary Phase 0.042ms
[162.316s][info][gc,phases,start] GC(917) Adjust Roots
[162.331s][info][gc,phases      ] GC(917) Adjust Roots 14.810ms
[162.331s][info][gc,phases,start] GC(917) Compaction Phase
[162.349s][info][gc,phases      ] GC(917) Compaction Phase 18.496ms
[162.349s][info][gc,phases,start] GC(917) Post Compact
[162.360s][info][gc,phases      ] GC(917) Post Compact 10.640ms
[162.360s][info][gc,heap        ] GC(917) PSYoungGen: 232960K(465920K)->3853K(465920K) Eden: 232960K(232960K)->3853K(232960K) From: 0K(232960K)->0K(232960K)
[162.360s][info][gc,heap        ] GC(917) ParOldGen: 1398130K(1398272K)->1398130K(1398272K)
[162.360s][info][gc,metaspace   ] GC(917) Metaspace: 124565K(129024K)->124565K(129024K) NonClass: 106475K(107328K)->106475K(107328K) Class: 18090K(21696K)->18090K(21696K)
[162.360s][info][gc             ] GC(917) Pause Full (Ergonomics) 1592M->1369M(1820M) 88.440ms
[162.360s][info][gc,cpu         ] GC(917) User=0.95s Sys=0.02s Real=0.08s
[162.384s][info][gc,start       ] GC(918) Pause Full (Ergonomics)
[162.384s][info][gc,phases,start] GC(918) Marking Phase
[162.433s][info][gc,phases      ] GC(918) Marking Phase 48.645ms
[162.433s][info][gc,phases,start] GC(918) Summary Phase
[162.433s][info][gc,phases      ] GC(918) Summary Phase 0.039ms
[162.433s][info][gc,phases,start] GC(918) Adjust Roots
[162.449s][info][gc,phases      ] GC(918) Adjust Roots 16.134ms
[162.449s][info][gc,phases,start] GC(918) Compaction Phase
[162.466s][info][gc,phases      ] GC(918) Compaction Phase 17.521ms
[162.466s][info][gc,phases,start] GC(918) Post Compact
[162.477s][info][gc,phases      ] GC(918) Post Compact 10.238ms
[162.477s][info][gc,heap        ] GC(918) PSYoungGen: 232960K(465920K)->3841K(465920K) Eden: 232960K(232960K)->3841K(232960K) From: 0K(232960K)->0K(232960K)
[162.477s][info][gc,heap        ] GC(918) ParOldGen: 1398130K(1398272K)->1398130K(1398272K)
[162.477s][info][gc,metaspace   ] GC(918) Metaspace: 124565K(129024K)->124565K(129024K) NonClass: 106475K(107328K)->106475K(107328K) Class: 18090K(21696K)->18090K(21696K)
[162.477s][info][gc             ] GC(918) Pause Full (Ergonomics) 1592M->1369M(1820M) 92.974ms
[162.477s][info][gc,cpu         ] GC(918) User=1.09s Sys=0.02s Real=0.09s
[162.504s][info][gc,start       ] GC(919) Pause Full (Ergonomics)
[162.504s][info][gc,phases,start] GC(919) Marking Phase
[162.554s][info][gc,phases      ] GC(919) Marking Phase 50.173ms
[162.554s][info][gc,phases,start] GC(919) Summary Phase
[162.554s][info][gc,phases      ] GC(919) Summary Phase 0.041ms
[162.554s][info][gc,phases,start] GC(919) Adjust Roots
[162.572s][info][gc,phases      ] GC(919) Adjust Roots 17.675ms
[162.572s][info][gc,phases,start] GC(919) Compaction Phase
[162.591s][info][gc,phases      ] GC(919) Compaction Phase 19.394ms
[162.591s][info][gc,phases,start] GC(919) Post Compact
[162.600s][info][gc,phases      ] GC(919) Post Compact 9.353ms
[162.600s][info][gc,heap        ] GC(919) PSYoungGen: 232960K(465920K)->3854K(465920K) Eden: 232960K(232960K)->3854K(232960K) From: 0K(232960K)->0K(232960K)
[162.600s][info][gc,heap        ] GC(919) ParOldGen: 1398130K(1398272K)->1398130K(1398272K)
[162.600s][info][gc,metaspace   ] GC(919) Metaspace: 124565K(129024K)->124565K(129024K) NonClass: 106475K(107328K)->106475K(107328K) Class: 18090K(21696K)->18090K(21696K)
[162.601s][info][gc             ] GC(919) Pause Full (Ergonomics) 1592M->1369M(1820M) 97.013ms
[162.601s][info][gc,cpu         ] GC(919) User=0.95s Sys=0.02s Real=0.09s
[162.624s][info][gc,start       ] GC(920) Pause Full (Ergonomics)
[162.624s][info][gc,phases,start] GC(920) Marking Phase
[162.671s][info][gc,phases      ] GC(920) Marking Phase 47.417ms
[162.671s][info][gc,phases,start] GC(920) Summary Phase
[162.672s][info][gc,phases      ] GC(920) Summary Phase 0.042ms
[162.672s][info][gc,phases,start] GC(920) Adjust Roots
[162.683s][info][gc,phases      ] GC(920) Adjust Roots 11.335ms
[162.683s][info][gc,phases,start] GC(920) Compaction Phase
[162.700s][info][gc,phases      ] GC(920) Compaction Phase 17.522ms
[162.701s][info][gc,phases,start] GC(920) Post Compact
[162.711s][info][gc,phases      ] GC(920) Post Compact 10.371ms
[162.711s][info][gc,heap        ] GC(920) PSYoungGen: 232960K(465920K)->3858K(465920K) Eden: 232960K(232960K)->3858K(232960K) From: 0K(232960K)->0K(232960K)
[162.711s][info][gc,heap        ] GC(920) ParOldGen: 1398130K(1398272K)->1398130K(1398272K)
[162.711s][info][gc,metaspace   ] GC(920) Metaspace: 124565K(129024K)->124565K(129024K) NonClass: 106475K(107328K)->106475K(107328K) Class: 18090K(21696K)->18090K(21696K)
[162.711s][info][gc             ] GC(920) Pause Full (Ergonomics) 1592M->1369M(1820M) 87.165ms
[162.711s][info][gc,cpu         ] GC(920) User=1.03s Sys=0.00s Real=0.08s
[162.735s][info][gc,start       ] GC(921) Pause Full (Ergonomics)
[162.735s][info][gc,phases,start] GC(921) Marking Phase
[162.778s][info][gc,phases      ] GC(921) Marking Phase 42.524ms
[162.778s][info][gc,phases,start] GC(921) Summary Phase
[162.778s][info][gc,phases      ] GC(921) Summary Phase 0.047ms
[162.778s][info][gc,phases,start] GC(921) Adjust Roots
[162.793s][info][gc,phases      ] GC(921) Adjust Roots 15.041ms
[162.793s][info][gc,phases,start] GC(921) Compaction Phase
[162.811s][info][gc,phases      ] GC(921) Compaction Phase 17.709ms
[162.811s][info][gc,phases,start] GC(921) Post Compact
[162.821s][info][gc,phases      ] GC(921) Post Compact 10.560ms
[162.821s][info][gc,heap        ] GC(921) PSYoungGen: 232960K(465920K)->3849K(465920K) Eden: 232960K(232960K)->3849K(232960K) From: 0K(232960K)->0K(232960K)
[162.821s][info][gc,heap        ] GC(921) ParOldGen: 1398130K(1398272K)->1398130K(1398272K)
[162.821s][info][gc,metaspace   ] GC(921) Metaspace: 124565K(129024K)->124565K(129024K) NonClass: 106475K(107328K)->106475K(107328K) Class: 18090K(21696K)->18090K(21696K)
[162.822s][info][gc             ] GC(921) Pause Full (Ergonomics) 1592M->1369M(1820M) 86.357ms
[162.822s][info][gc,cpu         ] GC(921) User=1.11s Sys=0.00s Real=0.09s
[162.846s][info][gc,start       ] GC(922) Pause Full (Ergonomics)
[162.846s][info][gc,phases,start] GC(922) Marking Phase
[162.890s][info][gc,phases      ] GC(922) Marking Phase 43.940ms
[162.890s][info][gc,phases,start] GC(922) Summary Phase
[162.890s][info][gc,phases      ] GC(922) Summary Phase 0.042ms
[162.890s][info][gc,phases,start] GC(922) Adjust Roots
[162.902s][info][gc,phases      ] GC(922) Adjust Roots 11.764ms
[162.902s][info][gc,phases,start] GC(922) Compaction Phase
[162.919s][info][gc,phases      ] GC(922) Compaction Phase 17.648ms
[162.919s][info][gc,phases,start] GC(922) Post Compact
[162.929s][info][gc,phases      ] GC(922) Post Compact 9.078ms
[162.929s][info][gc,heap        ] GC(922) PSYoungGen: 232960K(465920K)->3849K(465920K) Eden: 232960K(232960K)->3849K(232960K) From: 0K(232960K)->0K(232960K)
[162.929s][info][gc,heap        ] GC(922) ParOldGen: 1398130K(1398272K)->1398130K(1398272K)
[162.929s][info][gc,metaspace   ] GC(922) Metaspace: 124565K(129024K)->124565K(129024K) NonClass: 106475K(107328K)->106475K(107328K) Class: 18090K(21696K)->18090K(21696K)
[162.929s][info][gc             ] GC(922) Pause Full (Ergonomics) 1592M->1369M(1820M) 82.862ms
[162.929s][info][gc,cpu         ] GC(922) User=1.09s Sys=0.00s Real=0.08s
[162.956s][info][gc,start       ] GC(923) Pause Full (Ergonomics)
[162.956s][info][gc,phases,start] GC(923) Marking Phase
[162.999s][info][gc,phases      ] GC(923) Marking Phase 43.309ms
[162.999s][info][gc,phases,start] GC(923) Summary Phase
[162.999s][info][gc,phases      ] GC(923) Summary Phase 0.042ms
[162.999s][info][gc,phases,start] GC(923) Adjust Roots
[163.013s][info][gc,phases      ] GC(923) Adjust Roots 13.378ms
[163.013s][info][gc,phases,start] GC(923) Compaction Phase
[163.030s][info][gc,phases      ] GC(923) Compaction Phase 17.637ms
[163.030s][info][gc,phases,start] GC(923) Post Compact
[163.041s][info][gc,phases      ] GC(923) Post Compact 10.687ms
[163.041s][info][gc,heap        ] GC(923) PSYoungGen: 232960K(465920K)->3844K(465920K) Eden: 232960K(232960K)->3844K(232960K) From: 0K(232960K)->0K(232960K)
[163.041s][info][gc,heap        ] GC(923) ParOldGen: 1398130K(1398272K)->1398130K(1398272K)
[163.041s][info][gc,metaspace   ] GC(923) Metaspace: 124565K(129024K)->124565K(129024K) NonClass: 106475K(107328K)->106475K(107328K) Class: 18090K(21696K)->18090K(21696K)
[163.041s][info][gc             ] GC(923) Pause Full (Ergonomics) 1592M->1369M(1820M) 85.500ms
[163.041s][info][gc,cpu         ] GC(923) User=1.09s Sys=0.00s Real=0.09s
[163.067s][info][gc,start       ] GC(924) Pause Full (Ergonomics)
[163.067s][info][gc,phases,start] GC(924) Marking Phase
[163.111s][info][gc,phases      ] GC(924) Marking Phase 43.227ms
[163.111s][info][gc,phases,start] GC(924) Summary Phase
[163.111s][info][gc,phases      ] GC(924) Summary Phase 0.054ms
[163.111s][info][gc,phases,start] GC(924) Adjust Roots
[163.125s][info][gc,phases      ] GC(924) Adjust Roots 14.507ms
[163.125s][info][gc,phases,start] GC(924) Compaction Phase
[163.161s][info][gc,phases      ] GC(924) Compaction Phase 35.683ms
[163.161s][info][gc,phases,start] GC(924) Post Compact
[163.169s][info][gc,phases      ] GC(924) Post Compact 8.117ms
[163.169s][info][gc,heap        ] GC(924) PSYoungGen: 232960K(465920K)->0K(465920K) Eden: 232960K(232960K)->0K(232960K) From: 0K(232960K)->0K(232960K)
[163.169s][info][gc,heap        ] GC(924) ParOldGen: 1398130K(1398272K)->1377439K(1398272K)
[163.169s][info][gc,metaspace   ] GC(924) Metaspace: 124565K(129024K)->124565K(129024K) NonClass: 106475K(107328K)->106475K(107328K) Class: 18090K(21696K)->18090K(21696K)
[163.169s][info][gc             ] GC(924) Pause Full (Ergonomics) 1592M->1345M(1820M) 102.086ms
[163.169s][info][gc,cpu         ] GC(924) User=2.09s Sys=0.02s Real=0.11s
[163.188s][info][gc,start       ] GC(925) Pause Full (Ergonomics)
[163.188s][info][gc,phases,start] GC(925) Marking Phase
[163.232s][info][gc,phases      ] GC(925) Marking Phase 44.043ms
[163.232s][info][gc,phases,start] GC(925) Summary Phase
[163.232s][info][gc,phases      ] GC(925) Summary Phase 0.057ms
[163.232s][info][gc,phases,start] GC(925) Adjust Roots
[163.245s][info][gc,phases      ] GC(925) Adjust Roots 13.322ms
[163.245s][info][gc,phases,start] GC(925) Compaction Phase
[163.265s][info][gc,phases      ] GC(925) Compaction Phase 19.319ms
[163.265s][info][gc,phases,start] GC(925) Post Compact
[163.274s][info][gc,phases      ] GC(925) Post Compact 9.652ms
[163.274s][info][gc,heap        ] GC(925) PSYoungGen: 232960K(465920K)->0K(465920K) Eden: 232960K(232960K)->0K(232960K) From: 0K(232960K)->0K(232960K)
[163.274s][info][gc,heap        ] GC(925) ParOldGen: 1377439K(1398272K)->1377497K(1398272K)
[163.274s][info][gc,metaspace   ] GC(925) Metaspace: 124565K(129024K)->124565K(129024K) NonClass: 106475K(107328K)->106475K(107328K) Class: 18090K(21696K)->18090K(21696K)
[163.274s][info][gc             ] GC(925) Pause Full (Ergonomics) 1572M->1345M(1820M) 86.770ms
[163.275s][info][gc,cpu         ] GC(925) User=2.08s Sys=0.00s Real=0.08s
[163.301s][info][gc,start       ] GC(926) Pause Full (Ergonomics)
[163.301s][info][gc,phases,start] GC(926) Marking Phase
[163.344s][info][gc,phases      ] GC(926) Marking Phase 42.459ms
[163.344s][info][gc,phases,start] GC(926) Summary Phase
[163.344s][info][gc,phases      ] GC(926) Summary Phase 0.054ms
[163.344s][info][gc,phases,start] GC(926) Adjust Roots
[163.358s][info][gc,phases      ] GC(926) Adjust Roots 13.998ms
[163.358s][info][gc,phases,start] GC(926) Compaction Phase
[163.388s][info][gc,phases      ] GC(926) Compaction Phase 30.494ms
[163.389s][info][gc,phases,start] GC(926) Post Compact
[163.396s][info][gc,phases      ] GC(926) Post Compact 7.853ms
[163.396s][info][gc,heap        ] GC(926) PSYoungGen: 232960K(465920K)->0K(465920K) Eden: 232960K(232960K)->0K(232960K) From: 0K(232960K)->0K(232960K)
[163.396s][info][gc,heap        ] GC(926) ParOldGen: 1377497K(1398272K)->1324744K(1398272K)
[163.396s][info][gc,metaspace   ] GC(926) Metaspace: 124565K(129024K)->124565K(129024K) NonClass: 106475K(107328K)->106475K(107328K) Class: 18090K(21696K)->18090K(21696K)
[163.396s][info][gc             ] GC(926) Pause Full (Ergonomics) 1572M->1293M(1820M) 95.152ms
[163.397s][info][gc,cpu         ] GC(926) User=1.94s Sys=0.00s Real=0.09s
[163.415s][info][gc,start       ] GC(927) Pause Young (Allocation Failure)
[163.416s][info][gc,heap        ] GC(927) PSYoungGen: 232960K(465920K)->736K(465920K) Eden: 232960K(232960K)->0K(232960K) From: 0K(232960K)->736K(232960K)
[163.416s][info][gc,heap        ] GC(927) ParOldGen: 1324744K(1398272K)->1324744K(1398272K)
[163.416s][info][gc,metaspace   ] GC(927) Metaspace: 124565K(129024K)->124565K(129024K) NonClass: 106475K(107328K)->106475K(107328K) Class: 18090K(21696K)->18090K(21696K)
[163.416s][info][gc             ] GC(927) Pause Young (Allocation Failure) 1521M->1294M(1820M) 1.466ms
[163.416s][info][gc,cpu         ] GC(927) User=0.00s Sys=0.00s Real=0.00s
[163.442s][info][gc,start       ] GC(928) Pause Young (Allocation Failure)
[163.444s][info][gc,heap        ] GC(928) PSYoungGen: 233696K(465920K)->1462K(465920K) Eden: 232960K(232960K)->0K(232960K) From: 736K(232960K)->1462K(232960K)
[163.444s][info][gc,heap        ] GC(928) ParOldGen: 1324744K(1398272K)->1324744K(1398272K)
[163.444s][info][gc,metaspace   ] GC(928) Metaspace: 124565K(129024K)->124565K(129024K) NonClass: 106475K(107328K)->106475K(107328K) Class: 18090K(21696K)->18090K(21696K)
[163.444s][info][gc             ] GC(928) Pause Young (Allocation Failure) 1521M->1295M(1820M) 1.442ms
[163.444s][info][gc,cpu         ] GC(928) User=0.00s Sys=0.00s Real=0.00s
[163.887s][info][gc,start       ] GC(929) Pause Young (System.gc())
[163.889s][info][gc,heap        ] GC(929) PSYoungGen: 148648K(465920K)->2100K(465920K) Eden: 147186K(232960K)->0K(232960K) From: 1462K(232960K)->2100K(232960K)
[163.889s][info][gc,heap        ] GC(929) ParOldGen: 1324744K(1398272K)->1324752K(1398272K)
[163.889s][info][gc,metaspace   ] GC(929) Metaspace: 124660K(129088K)->124660K(129088K) NonClass: 106569K(107392K)->106569K(107392K) Class: 18090K(21696K)->18090K(21696K)
[163.889s][info][gc             ] GC(929) Pause Young (System.gc()) 1438M->1295M(1820M) 2.647ms
[163.889s][info][gc,cpu         ] GC(929) User=0.00s Sys=0.00s Real=0.00s
[163.890s][info][gc,start       ] GC(930) Pause Full (System.gc())
[163.890s][info][gc,phases,start] GC(930) Marking Phase
[163.950s][info][gc,phases      ] GC(930) Marking Phase 60.764ms
[163.950s][info][gc,phases,start] GC(930) Summary Phase
[163.950s][info][gc,phases      ] GC(930) Summary Phase 0.034ms
[163.950s][info][gc,phases,start] GC(930) Adjust Roots
[163.965s][info][gc,phases      ] GC(930) Adjust Roots 14.096ms
[163.965s][info][gc,phases,start] GC(930) Compaction Phase
[164.046s][info][gc,phases      ] GC(930) Compaction Phase 81.260ms
[164.046s][info][gc,phases,start] GC(930) Post Compact
[164.053s][info][gc,phases      ] GC(930) Post Compact 6.566ms
[164.053s][info][gc,heap        ] GC(930) PSYoungGen: 2100K(465920K)->0K(465920K) Eden: 0K(232960K)->0K(232960K) From: 2100K(232960K)->0K(232960K)
[164.053s][info][gc,heap        ] GC(930) ParOldGen: 1324752K(1398272K)->974163K(1398272K)
[164.053s][info][gc,metaspace   ] GC(930) Metaspace: 124660K(129088K)->124660K(129088K) NonClass: 106569K(107392K)->106569K(107392K) Class: 18090K(21696K)->18090K(21696K)
[164.053s][info][gc             ] GC(930) Pause Full (System.gc()) 1295M->951M(1820M) 163.012ms
[164.053s][info][gc,cpu         ] GC(930) User=3.88s Sys=0.03s Real=0.16s
[164.160s][info][gc,start       ] GC(931) Pause Young (Allocation Failure)
[164.162s][info][gc,heap        ] GC(931) PSYoungGen: 232959K(465920K)->10568K(465920K) Eden: 232959K(232960K)->0K(232960K) From: 0K(232960K)->10568K(232960K)
[164.163s][info][gc,heap        ] GC(931) ParOldGen: 974163K(1398272K)->974171K(1398272K)
[164.163s][info][gc,metaspace   ] GC(931) Metaspace: 124844K(129216K)->124844K(129216K) NonClass: 106750K(107520K)->106750K(107520K) Class: 18094K(21696K)->18094K(21696K)
[164.163s][info][gc             ] GC(931) Pause Young (Allocation Failure) 1178M->961M(1820M) 2.241ms
[164.163s][info][gc,cpu         ] GC(931) User=0.00s Sys=0.00s Real=0.00s
[164.180s][info][gc,start       ] GC(932) Pause Young (Allocation Failure)
[164.182s][info][gc,heap        ] GC(932) PSYoungGen: 243528K(465920K)->12644K(465920K) Eden: 232960K(232960K)->0K(232960K) From: 10568K(232960K)->12644K(232960K)
[164.182s][info][gc,heap        ] GC(932) ParOldGen: 974171K(1398272K)->974179K(1398272K)
[164.182s][info][gc,metaspace   ] GC(932) Metaspace: 124860K(129216K)->124860K(129216K) NonClass: 106766K(107520K)->106766K(107520K) Class: 18094K(21696K)->18094K(21696K)
[164.182s][info][gc             ] GC(932) Pause Young (Allocation Failure) 1189M->963M(1820M) 2.030ms
[164.182s][info][gc,cpu         ] GC(932) User=0.00s Sys=0.00s Real=0.00s
[164.198s][info][gc,start       ] GC(933) Pause Young (Allocation Failure)
[164.200s][info][gc,heap        ] GC(933) PSYoungGen: 245604K(465920K)->6969K(465920K) Eden: 232960K(232960K)->0K(232960K) From: 12644K(232960K)->6969K(232960K)
[164.200s][info][gc,heap        ] GC(933) ParOldGen: 974179K(1398272K)->982869K(1398272K)
[164.200s][info][gc,metaspace   ] GC(933) Metaspace: 124861K(129216K)->124861K(129216K) NonClass: 106767K(107520K)->106767K(107520K) Class: 18094K(21696K)->18094K(21696K)
[164.200s][info][gc             ] GC(933) Pause Young (Allocation Failure) 1191M->966M(1820M) 2.525ms
[164.200s][info][gc,cpu         ] GC(933) User=0.00s Sys=0.00s Real=0.00s
[164.216s][info][gc,start       ] GC(934) Pause Young (Allocation Failure)
[164.218s][info][gc,heap        ] GC(934) PSYoungGen: 239929K(465920K)->6134K(465920K) Eden: 232960K(232960K)->0K(232960K) From: 6969K(232960K)->6134K(232960K)
[164.218s][info][gc,heap        ] GC(934) ParOldGen: 982869K(1398272K)->986973K(1398272K)
[164.218s][info][gc,metaspace   ] GC(934) Metaspace: 124861K(129216K)->124861K(129216K) NonClass: 106767K(107520K)->106767K(107520K) Class: 18094K(21696K)->18094K(21696K)
[164.218s][info][gc             ] GC(934) Pause Young (Allocation Failure) 1194M->969M(1820M) 1.854ms
[164.218s][info][gc,cpu         ] GC(934) User=0.00s Sys=0.00s Real=0.00s
[164.234s][info][gc,start       ] GC(935) Pause Young (Allocation Failure)
[164.235s][info][gc,heap        ] GC(935) PSYoungGen: 239094K(465920K)->6134K(465920K) Eden: 232960K(232960K)->0K(232960K) From: 6134K(232960K)->6134K(232960K)
[164.235s][info][gc,heap        ] GC(935) ParOldGen: 986973K(1398272K)->991058K(1398272K)
[164.235s][info][gc,metaspace   ] GC(935) Metaspace: 124861K(129216K)->124861K(129216K) NonClass: 106767K(107520K)->106767K(107520K) Class: 18094K(21696K)->18094K(21696K)
[164.235s][info][gc             ] GC(935) Pause Young (Allocation Failure) 1197M->973M(1820M) 1.657ms
[164.235s][info][gc,cpu         ] GC(935) User=0.00s Sys=0.00s Real=0.00s
[164.251s][info][gc,start       ] GC(936) Pause Young (Allocation Failure)
[164.254s][info][gc,heap        ] GC(936) PSYoungGen: 239094K(465920K)->2227K(455680K) Eden: 232960K(232960K)->0K(232960K) From: 6134K(232960K)->2227K(222720K)
[164.254s][info][gc,heap        ] GC(936) ParOldGen: 991058K(1398272K)->996240K(1398272K)
[164.254s][info][gc,metaspace   ] GC(936) Metaspace: 124861K(129216K)->124861K(129216K) NonClass: 106767K(107520K)->106767K(107520K) Class: 18094K(21696K)->18094K(21696K)
[164.254s][info][gc             ] GC(936) Pause Young (Allocation Failure) 1201M->975M(1810M) 2.927ms
[164.254s][info][gc,cpu         ] GC(936) User=0.00s Sys=0.00s Real=0.00s
[164.270s][info][gc,start       ] GC(937) Pause Young (Allocation Failure)
[164.272s][info][gc,heap        ] GC(937) PSYoungGen: 235187K(455680K)->8055K(241152K) Eden: 232960K(232960K)->0K(232960K) From: 2227K(222720K)->8055K(8192K)
[164.272s][info][gc,heap        ] GC(937) ParOldGen: 996240K(1398272K)->996240K(1398272K)
[164.272s][info][gc,metaspace   ] GC(937) Metaspace: 124861K(129216K)->124861K(129216K) NonClass: 106767K(107520K)->106767K(107520K) Class: 18094K(21696K)->18094K(21696K)
[164.272s][info][gc             ] GC(937) Pause Young (Allocation Failure) 1202M->980M(1601M) 2.698ms
[164.272s][info][gc,cpu         ] GC(937) User=0.00s Sys=0.00s Real=0.00s
[164.289s][info][gc,start       ] GC(938) Pause Young (Allocation Failure)
[164.291s][info][gc,heap        ] GC(938) PSYoungGen: 241015K(241152K)->17398K(433152K) Eden: 232960K(232960K)->0K(239104K) From: 8055K(8192K)->17398K(194048K)
[164.291s][info][gc,heap        ] GC(938) ParOldGen: 996240K(1398272K)->996240K(1398272K)
[164.291s][info][gc,metaspace   ] GC(938) Metaspace: 124861K(129216K)->124861K(129216K) NonClass: 106767K(107520K)->106767K(107520K) Class: 18094K(21696K)->18094K(21696K)
[164.291s][info][gc             ] GC(938) Pause Young (Allocation Failure) 1208M->989M(1788M) 2.627ms
[164.291s][info][gc,cpu         ] GC(938) User=0.56s Sys=0.00s Real=0.01s
[164.307s][info][gc,start       ] GC(939) Pause Young (Allocation Failure)
[164.312s][info][gc,heap        ] GC(939) PSYoungGen: 256502K(433152K)->22150K(261632K) Eden: 239104K(239104K)->0K(239104K) From: 17398K(194048K)->22150K(22528K)
[164.312s][info][gc,heap        ] GC(939) ParOldGen: 996240K(1398272K)->996240K(1398272K)
[164.312s][info][gc,metaspace   ] GC(939) Metaspace: 124861K(129216K)->124861K(129216K) NonClass: 106767K(107520K)->106767K(107520K) Class: 18094K(21696K)->18094K(21696K)
[164.312s][info][gc             ] GC(939) Pause Young (Allocation Failure) 1223M->994M(1621M) 4.417ms
[164.312s][info][gc,cpu         ] GC(939) User=0.00s Sys=0.00s Real=0.00s
[164.328s][info][gc,start       ] GC(940) Pause Young (Allocation Failure)
[164.334s][info][gc,heap        ] GC(940) PSYoungGen: 261254K(261632K)->24493K(415744K) Eden: 239104K(239104K)->0K(246272K) From: 22150K(22528K)->24493K(169472K)
[164.334s][info][gc,heap        ] GC(940) ParOldGen: 996240K(1398272K)->996240K(1398272K)
[164.334s][info][gc,metaspace   ] GC(940) Metaspace: 124861K(129216K)->124861K(129216K) NonClass: 106767K(107520K)->106767K(107520K) Class: 18094K(21696K)->18094K(21696K)
[164.334s][info][gc             ] GC(940) Pause Young (Allocation Failure) 1228M->996M(1771M) 5.978ms
[164.334s][info][gc,cpu         ] GC(940) User=0.00s Sys=0.00s Real=0.00s
[164.351s][info][gc,start       ] GC(941) Pause Young (Allocation Failure)
[164.356s][info][gc,heap        ] GC(941) PSYoungGen: 270765K(415744K)->24461K(270848K) Eden: 246272K(246272K)->0K(246272K) From: 24493K(169472K)->24461K(24576K)
[164.356s][info][gc,heap        ] GC(941) ParOldGen: 996240K(1398272K)->996240K(1398272K)
[164.356s][info][gc,metaspace   ] GC(941) Metaspace: 124861K(129216K)->124861K(129216K) NonClass: 106767K(107520K)->106767K(107520K) Class: 18094K(21696K)->18094K(21696K)
[164.356s][info][gc             ] GC(941) Pause Young (Allocation Failure) 1237M->996M(1630M) 5.092ms
[164.356s][info][gc,cpu         ] GC(941) User=0.55s Sys=0.00s Real=0.02s
[164.373s][info][gc,start       ] GC(942) Pause Young (Allocation Failure)
[164.379s][info][gc,heap        ] GC(942) PSYoungGen: 270733K(270848K)->29181K(402432K) Eden: 246272K(246272K)->0K(254464K) From: 24461K(24576K)->29181K(147968K)
[164.379s][info][gc,heap        ] GC(942) ParOldGen: 996240K(1398272K)->996240K(1398272K)
[164.379s][info][gc,metaspace   ] GC(942) Metaspace: 124861K(129216K)->124861K(129216K) NonClass: 106767K(107520K)->106767K(107520K) Class: 18094K(21696K)->18094K(21696K)
[164.379s][info][gc             ] GC(942) Pause Young (Allocation Failure) 1237M->1001M(1758M) 6.376ms
[164.379s][info][gc,cpu         ] GC(942) User=0.00s Sys=0.00s Real=0.00s
[164.397s][info][gc,start       ] GC(943) Pause Young (Allocation Failure)
[164.403s][info][gc,heap        ] GC(943) PSYoungGen: 283645K(402432K)->29149K(283648K) Eden: 254464K(254464K)->0K(254464K) From: 29181K(147968K)->29149K(29184K)
[164.403s][info][gc,heap        ] GC(943) ParOldGen: 996240K(1398272K)->996240K(1398272K)
[164.403s][info][gc,metaspace   ] GC(943) Metaspace: 124861K(129216K)->124861K(129216K) NonClass: 106767K(107520K)->106767K(107520K) Class: 18094K(21696K)->18094K(21696K)
[164.403s][info][gc             ] GC(943) Pause Young (Allocation Failure) 1249M->1001M(1642M) 5.366ms
[164.403s][info][gc,cpu         ] GC(943) User=0.30s Sys=0.00s Real=0.02s
[164.420s][info][gc,start       ] GC(944) Pause Young (Allocation Failure)
[164.426s][info][gc,heap        ] GC(944) PSYoungGen: 283613K(283648K)->40054K(392704K) Eden: 254464K(254464K)->0K(263680K) From: 29149K(29184K)->40054K(129024K)
[164.426s][info][gc,heap        ] GC(944) ParOldGen: 996240K(1398272K)->996240K(1398272K)
[164.426s][info][gc,metaspace   ] GC(944) Metaspace: 124861K(129216K)->124861K(129216K) NonClass: 106767K(107520K)->106767K(107520K) Class: 18094K(21696K)->18094K(21696K)
[164.426s][info][gc             ] GC(944) Pause Young (Allocation Failure) 1249M->1012M(1749M) 6.741ms
[164.427s][info][gc,cpu         ] GC(944) User=0.00s Sys=0.00s Real=0.00s
[164.445s][info][gc,start       ] GC(945) Pause Young (Allocation Failure)
[164.451s][info][gc,heap        ] GC(945) PSYoungGen: 303734K(392704K)->44742K(401920K) Eden: 263680K(263680K)->0K(263680K) From: 40054K(129024K)->44742K(138240K)
[164.451s][info][gc,heap        ] GC(945) ParOldGen: 996240K(1398272K)->996240K(1398272K)
[164.451s][info][gc,metaspace   ] GC(945) Metaspace: 124861K(129216K)->124861K(129216K) NonClass: 106767K(107520K)->106767K(107520K) Class: 18094K(21696K)->18094K(21696K)
[164.451s][info][gc             ] GC(945) Pause Young (Allocation Failure) 1269M->1016M(1758M) 5.897ms
[164.451s][info][gc,cpu         ] GC(945) User=0.50s Sys=0.02s Real=0.02s
[164.468s][info][gc,start       ] GC(946) Pause Young (Allocation Failure)
[164.475s][info][gc,heap        ] GC(946) PSYoungGen: 308422K(401920K)->49461K(394752K) Eden: 263680K(263680K)->0K(273920K) From: 44742K(138240K)->49461K(120832K)
[164.475s][info][gc,heap        ] GC(946) ParOldGen: 996240K(1398272K)->996240K(1398272K)
[164.475s][info][gc,metaspace   ] GC(946) Metaspace: 124861K(129216K)->124861K(129216K) NonClass: 106767K(107520K)->106767K(107520K) Class: 18094K(21696K)->18094K(21696K)
[164.475s][info][gc             ] GC(946) Pause Young (Allocation Failure) 1274M->1021M(1751M) 6.936ms
[164.475s][info][gc,cpu         ] GC(946) User=0.00s Sys=0.00s Real=0.00s
[164.494s][info][gc,start       ] GC(947) Pause Young (Allocation Failure)
[164.499s][info][gc,heap        ] GC(947) PSYoungGen: 323381K(394752K)->47867K(399360K) Eden: 273920K(273920K)->0K(273920K) From: 49461K(120832K)->47867K(125440K)
[164.499s][info][gc,heap        ] GC(947) ParOldGen: 996240K(1398272K)->996240K(1398272K)
[164.499s][info][gc,metaspace   ] GC(947) Metaspace: 124861K(129216K)->124861K(129216K) NonClass: 106767K(107520K)->106767K(107520K) Class: 18094K(21696K)->18094K(21696K)
[164.499s][info][gc             ] GC(947) Pause Young (Allocation Failure) 1288M->1019M(1755M) 5.278ms
[164.499s][info][gc,cpu         ] GC(947) User=0.00s Sys=0.00s Real=0.00s
[164.517s][info][gc,start       ] GC(948) Pause Young (Allocation Failure)
[164.523s][info][gc,heap        ] GC(948) PSYoungGen: 321787K(399360K)->47931K(395264K) Eden: 273920K(273920K)->0K(285184K) From: 47867K(125440K)->47931K(110080K)
[164.523s][info][gc,heap        ] GC(948) ParOldGen: 996240K(1398272K)->996240K(1398272K)
[164.523s][info][gc,metaspace   ] GC(948) Metaspace: 124861K(129216K)->124861K(129216K) NonClass: 106767K(107520K)->106767K(107520K) Class: 18094K(21696K)->18094K(21696K)
[164.523s][info][gc             ] GC(948) Pause Young (Allocation Failure) 1287M->1019M(1751M) 6.371ms
[164.523s][info][gc,cpu         ] GC(948) User=0.00s Sys=0.00s Real=0.00s
[164.542s][info][gc,start       ] GC(949) Pause Young (Allocation Failure)
[164.547s][info][gc,heap        ] GC(949) PSYoungGen: 333115K(395264K)->47931K(400384K) Eden: 285184K(285184K)->0K(285184K) From: 47931K(110080K)->47931K(115200K)
[164.547s][info][gc,heap        ] GC(949) ParOldGen: 996240K(1398272K)->996240K(1398272K)
[164.547s][info][gc,metaspace   ] GC(949) Metaspace: 124861K(129216K)->124861K(129216K) NonClass: 106767K(107520K)->106767K(107520K) Class: 18094K(21696K)->18094K(21696K)
[164.547s][info][gc             ] GC(949) Pause Young (Allocation Failure) 1298M->1019M(1756M) 5.227ms
[164.547s][info][gc,cpu         ] GC(949) User=0.00s Sys=0.00s Real=0.00s
[164.565s][info][gc,start       ] GC(950) Pause Young (Allocation Failure)
[164.571s][info][gc,heap        ] GC(950) PSYoungGen: 333115K(400384K)->47931K(399360K) Eden: 285184K(285184K)->0K(297472K) From: 47931K(115200K)->47931K(101888K)
[164.571s][info][gc,heap        ] GC(950) ParOldGen: 996240K(1398272K)->996240K(1398272K)
[164.571s][info][gc,metaspace   ] GC(950) Metaspace: 124861K(129216K)->124861K(129216K) NonClass: 106767K(107520K)->106767K(107520K) Class: 18094K(21696K)->18094K(21696K)
[164.571s][info][gc             ] GC(950) Pause Young (Allocation Failure) 1298M->1019M(1755M) 6.026ms
[164.571s][info][gc,cpu         ] GC(950) User=0.03s Sys=0.00s Real=0.02s
[164.591s][info][gc,start       ] GC(951) Pause Young (Allocation Failure)
[164.596s][info][gc,heap        ] GC(951) PSYoungGen: 345403K(399360K)->47899K(403456K) Eden: 297472K(297472K)->0K(297472K) From: 47931K(101888K)->47899K(105984K)
[164.596s][info][gc,heap        ] GC(951) ParOldGen: 996240K(1398272K)->996248K(1398272K)
[164.596s][info][gc,metaspace   ] GC(951) Metaspace: 124861K(129216K)->124861K(129216K) NonClass: 106767K(107520K)->106767K(107520K) Class: 18094K(21696K)->18094K(21696K)
[164.596s][info][gc             ] GC(951) Pause Young (Allocation Failure) 1310M->1019M(1759M) 5.524ms
[164.596s][info][gc,cpu         ] GC(951) User=0.00s Sys=0.00s Real=0.00s
[164.616s][info][gc,start       ] GC(952) Pause Young (Allocation Failure)
[164.621s][info][gc,heap        ] GC(952) PSYoungGen: 345371K(403456K)->54149K(408064K) Eden: 297472K(297472K)->0K(310272K) From: 47899K(105984K)->54149K(97792K)
[164.621s][info][gc,heap        ] GC(952) ParOldGen: 996248K(1398272K)->996256K(1398272K)
[164.621s][info][gc,metaspace   ] GC(952) Metaspace: 124861K(129216K)->124861K(129216K) NonClass: 106767K(107520K)->106767K(107520K) Class: 18094K(21696K)->18094K(21696K)
[164.621s][info][gc             ] GC(952) Pause Young (Allocation Failure) 1310M->1025M(1764M) 5.724ms
[164.622s][info][gc,cpu         ] GC(952) User=0.27s Sys=0.00s Real=0.01s
[164.642s][info][gc,start       ] GC(953) Pause Young (Allocation Failure)
[164.648s][info][gc,heap        ] GC(953) PSYoungGen: 364421K(408064K)->57274K(410112K) Eden: 310272K(310272K)->0K(310272K) From: 54149K(97792K)->57274K(99840K)
[164.649s][info][gc,heap        ] GC(953) ParOldGen: 996256K(1398272K)->996256K(1398272K)
[164.649s][info][gc,metaspace   ] GC(953) Metaspace: 124861K(129216K)->124861K(129216K) NonClass: 106767K(107520K)->106767K(107520K) Class: 18094K(21696K)->18094K(21696K)
[164.649s][info][gc             ] GC(953) Pause Young (Allocation Failure) 1328M->1028M(1766M) 6.357ms
[164.649s][info][gc,cpu         ] GC(953) User=0.31s Sys=0.02s Real=0.02s
[164.670s][info][gc,start       ] GC(954) Pause Young (Allocation Failure)
[164.679s][info][gc,heap        ] GC(954) PSYoungGen: 367546K(410112K)->85431K(413696K) Eden: 310272K(310272K)->0K(314368K) From: 57274K(99840K)->85431K(99328K)
[164.679s][info][gc,heap        ] GC(954) ParOldGen: 996256K(1398272K)->996256K(1398272K)
[164.679s][info][gc,metaspace   ] GC(954) Metaspace: 124861K(129216K)->124861K(129216K) NonClass: 106767K(107520K)->106767K(107520K) Class: 18094K(21696K)->18094K(21696K)
[164.679s][info][gc             ] GC(954) Pause Young (Allocation Failure) 1331M->1056M(1769M) 9.125ms
[164.679s][info][gc,cpu         ] GC(954) User=0.00s Sys=0.00s Real=0.00s
[164.711s][info][gc,start       ] GC(955) Pause Young (Allocation Failure)
[164.719s][info][gc,heap        ] GC(955) PSYoungGen: 399799K(413696K)->94806K(423424K) Eden: 314368K(314368K)->0K(314368K) From: 85431K(99328K)->94806K(109056K)
[164.719s][info][gc,heap        ] GC(955) ParOldGen: 996256K(1398272K)->996256K(1398272K)
[164.719s][info][gc,metaspace   ] GC(955) Metaspace: 124861K(129216K)->124861K(129216K) NonClass: 106767K(107520K)->106767K(107520K) Class: 18094K(21696K)->18094K(21696K)
[164.719s][info][gc             ] GC(955) Pause Young (Allocation Failure) 1363M->1065M(1779M) 8.232ms
[164.719s][info][gc,cpu         ] GC(955) User=0.00s Sys=0.00s Real=0.00s
[164.741s][info][gc,start       ] GC(956) Pause Young (Allocation Failure)
[164.755s][info][gc,heap        ] GC(956) PSYoungGen: 409174K(423424K)->101056K(437760K) Eden: 314368K(314368K)->0K(317952K) From: 94806K(109056K)->101056K(119808K)
[164.755s][info][gc,heap        ] GC(956) ParOldGen: 996256K(1398272K)->996256K(1398272K)
[164.755s][info][gc,metaspace   ] GC(956) Metaspace: 124861K(129216K)->124861K(129216K) NonClass: 106767K(107520K)->106767K(107520K) Class: 18094K(21696K)->18094K(21696K)
[164.755s][info][gc             ] GC(956) Pause Young (Allocation Failure) 1372M->1071M(1793M) 14.232ms
[164.755s][info][gc,cpu         ] GC(956) User=0.25s Sys=0.06s Real=0.01s
[164.776s][info][gc,start       ] GC(957) Pause Young (Allocation Failure)
[164.786s][info][gc,heap        ] GC(957) PSYoungGen: 419008K(437760K)->91617K(448512K) Eden: 317952K(317952K)->0K(317952K) From: 101056K(119808K)->91617K(130560K)
[164.786s][info][gc,heap        ] GC(957) ParOldGen: 996256K(1398272K)->996256K(1398272K)
[164.786s][info][gc,metaspace   ] GC(957) Metaspace: 124861K(129216K)->124861K(129216K) NonClass: 106767K(107520K)->106767K(107520K) Class: 18094K(21696K)->18094K(21696K)
[164.786s][info][gc             ] GC(957) Pause Young (Allocation Failure) 1382M->1062M(1803M) 9.320ms
[164.786s][info][gc,cpu         ] GC(957) User=0.00s Sys=0.00s Real=0.00s
[164.807s][info][gc,start       ] GC(958) Pause Young (Allocation Failure)
[164.821s][info][gc,heap        ] GC(958) PSYoungGen: 409569K(448512K)->101977K(463872K) Eden: 317952K(317952K)->0K(328192K) From: 91617K(130560K)->101977K(135680K)
[164.821s][info][gc,heap        ] GC(958) ParOldGen: 996256K(1398272K)->996264K(1398272K)
[164.821s][info][gc,metaspace   ] GC(958) Metaspace: 124861K(129216K)->124861K(129216K) NonClass: 106767K(107520K)->106767K(107520K) Class: 18094K(21696K)->18094K(21696K)
[164.821s][info][gc             ] GC(958) Pause Young (Allocation Failure) 1372M->1072M(1818M) 14.226ms
[164.821s][info][gc,cpu         ] GC(958) User=0.03s Sys=0.02s Real=0.02s
[164.843s][info][gc,start       ] GC(959) Pause Young (Allocation Failure)
[164.853s][info][gc,heap        ] GC(959) PSYoungGen: 430169K(463872K)->105148K(471552K) Eden: 328192K(328192K)->0K(328192K) From: 101977K(135680K)->105148K(143360K)
[164.853s][info][gc,heap        ] GC(959) ParOldGen: 996264K(1398272K)->996264K(1398272K)
[164.853s][info][gc,metaspace   ] GC(959) Metaspace: 124861K(129216K)->124861K(129216K) NonClass: 106767K(107520K)->106767K(107520K) Class: 18094K(21696K)->18094K(21696K)
[164.853s][info][gc             ] GC(959) Pause Young (Allocation Failure) 1393M->1075M(1826M) 9.813ms
[164.853s][info][gc,cpu         ] GC(959) User=0.00s Sys=0.00s Real=0.00s
[164.887s][info][gc,start       ] GC(960) Pause Young (Allocation Failure)
[164.905s][info][gc,heap        ] GC(960) PSYoungGen: 433340K(471552K)->119555K(488448K) Eden: 328192K(328192K)->0K(338432K) From: 105148K(143360K)->119555K(150016K)
[164.905s][info][gc,heap        ] GC(960) ParOldGen: 996264K(1398272K)->996264K(1398272K)
[164.905s][info][gc,metaspace   ] GC(960) Metaspace: 124861K(129216K)->124861K(129216K) NonClass: 106767K(107520K)->106767K(107520K) Class: 18094K(21696K)->18094K(21696K)
[164.905s][info][gc             ] GC(960) Pause Young (Allocation Failure) 1396M->1089M(1842M) 17.964ms
[164.905s][info][gc,cpu         ] GC(960) User=0.00s Sys=0.11s Real=0.02s
[164.946s][info][gc,start       ] GC(961) Pause Young (Allocation Failure)
[164.959s][info][gc,heap        ] GC(961) PSYoungGen: 457987K(488448K)->125950K(498688K) Eden: 338432K(338432K)->0K(338432K) From: 119555K(150016K)->125950K(160256K)
[164.959s][info][gc,heap        ] GC(961) ParOldGen: 996264K(1398272K)->996264K(1398272K)
[164.959s][info][gc,metaspace   ] GC(961) Metaspace: 124861K(129216K)->124861K(129216K) NonClass: 106767K(107520K)->106767K(107520K) Class: 18094K(21696K)->18094K(21696K)
[164.959s][info][gc             ] GC(961) Pause Young (Allocation Failure) 1420M->1095M(1852M) 12.845ms
[164.959s][info][gc,cpu         ] GC(961) User=0.00s Sys=0.00s Real=0.00s
[164.982s][info][gc,start       ] GC(962) Pause Young (Allocation Failure)
[164.999s][info][gc,heap        ] GC(962) PSYoungGen: 464382K(498688K)->127258K(511488K) Eden: 338432K(338432K)->0K(340480K) From: 125950K(160256K)->127258K(171008K)
[164.999s][info][gc,heap        ] GC(962) ParOldGen: 996264K(1398272K)->996264K(1398272K)
[164.999s][info][gc,metaspace   ] GC(962) Metaspace: 124861K(129216K)->124861K(129216K) NonClass: 106767K(107520K)->106767K(107520K) Class: 18094K(21696K)->18094K(21696K)
[164.999s][info][gc             ] GC(962) Pause Young (Allocation Failure) 1426M->1097M(1865M) 17.147ms
[164.999s][info][gc,cpu         ] GC(962) User=0.02s Sys=0.13s Real=0.02s
[165.022s][info][gc,start       ] GC(963) Pause Young (Allocation Failure)
[165.034s][info][gc,heap        ] GC(963) PSYoungGen: 467738K(511488K)->132206K(473088K) Eden: 340480K(340480K)->0K(340480K) From: 127258K(171008K)->132206K(132608K)
[165.034s][info][gc,heap        ] GC(963) ParOldGen: 996264K(1398272K)->996264K(1398272K)
[165.034s][info][gc,metaspace   ] GC(963) Metaspace: 124861K(129216K)->124861K(129216K) NonClass: 106767K(107520K)->106767K(107520K) Class: 18094K(21696K)->18094K(21696K)
[165.034s][info][gc             ] GC(963) Pause Young (Allocation Failure) 1429M->1102M(1827M) 12.026ms
[165.034s][info][gc,cpu         ] GC(963) User=0.47s Sys=0.00s Real=0.02s
[165.058s][info][gc,start       ] GC(964) Pause Young (Allocation Failure)
[165.071s][info][gc,heap        ] GC(964) PSYoungGen: 472686K(473088K)->139188K(494080K) Eden: 340480K(340480K)->0K(306688K) From: 132206K(132608K)->139188K(187392K)
[165.071s][info][gc,heap        ] GC(964) ParOldGen: 996264K(1398272K)->996264K(1398272K)
[165.071s][info][gc,metaspace   ] GC(964) Metaspace: 124861K(129216K)->124861K(129216K) NonClass: 106767K(107520K)->106767K(107520K) Class: 18094K(21696K)->18094K(21696K)
[165.071s][info][gc             ] GC(964) Pause Young (Allocation Failure) 1434M->1108M(1848M) 12.789ms
[165.071s][info][gc,cpu         ] GC(964) User=0.52s Sys=0.00s Real=0.02s
[165.091s][info][gc,start       ] GC(965) Pause Young (Allocation Failure)
[165.104s][info][gc,heap        ] GC(965) PSYoungGen: 445876K(494080K)->143904K(451072K) Eden: 306688K(306688K)->0K(306688K) From: 139188K(187392K)->143904K(144384K)
[165.104s][info][gc,heap        ] GC(965) ParOldGen: 996264K(1398272K)->996264K(1398272K)
[165.104s][info][gc,metaspace   ] GC(965) Metaspace: 124861K(129216K)->124861K(129216K) NonClass: 106767K(107520K)->106767K(107520K) Class: 18094K(21696K)->18094K(21696K)
[165.104s][info][gc             ] GC(965) Pause Young (Allocation Failure) 1408M->1113M(1806M) 13.102ms
[165.104s][info][gc,cpu         ] GC(965) User=0.00s Sys=0.00s Real=0.00s
[165.124s][info][gc,start       ] GC(966) Pause Young (Allocation Failure)
[165.138s][info][gc,heap        ] GC(966) PSYoungGen: 450592K(451072K)->143767K(482304K) Eden: 306688K(306688K)->0K(278016K) From: 143904K(144384K)->143767K(204288K)
[165.138s][info][gc,heap        ] GC(966) ParOldGen: 996264K(1398272K)->996264K(1398272K)
[165.138s][info][gc,metaspace   ] GC(966) Metaspace: 124861K(129216K)->124861K(129216K) NonClass: 106767K(107520K)->106767K(107520K) Class: 18094K(21696K)->18094K(21696K)
[165.138s][info][gc             ] GC(966) Pause Young (Allocation Failure) 1412M->1113M(1836M) 13.417ms
[165.138s][info][gc,cpu         ] GC(966) User=0.27s Sys=0.00s Real=0.02s
[165.156s][info][gc,start       ] GC(967) Pause Young (Allocation Failure)
[165.170s][info][gc,heap        ] GC(967) PSYoungGen: 421783K(482304K)->146475K(424960K) Eden: 278016K(278016K)->0K(278016K) From: 143767K(204288K)->146475K(146944K)
[165.170s][info][gc,heap        ] GC(967) ParOldGen: 996264K(1398272K)->996264K(1398272K)
[165.170s][info][gc,metaspace   ] GC(967) Metaspace: 124861K(129216K)->124861K(129216K) NonClass: 106767K(107520K)->106767K(107520K) Class: 18094K(21696K)->18094K(21696K)
[165.170s][info][gc             ] GC(967) Pause Young (Allocation Failure) 1384M->1115M(1780M) 14.301ms
[165.170s][info][gc,cpu         ] GC(967) User=0.39s Sys=0.00s Real=0.02s
[165.189s][info][gc,start       ] GC(968) Pause Young (Allocation Failure)
[165.202s][info][gc,heap        ] GC(968) PSYoungGen: 424491K(424960K)->150772K(473088K) Eden: 278016K(278016K)->0K(257536K) From: 146475K(146944K)->150772K(215552K)
[165.202s][info][gc,heap        ] GC(968) ParOldGen: 996264K(1398272K)->996264K(1398272K)
[165.202s][info][gc,metaspace   ] GC(968) Metaspace: 124861K(129216K)->124861K(129216K) NonClass: 106767K(107520K)->106767K(107520K) Class: 18094K(21696K)->18094K(21696K)
[165.202s][info][gc             ] GC(968) Pause Young (Allocation Failure) 1387M->1120M(1827M) 13.938ms
[165.203s][info][gc,cpu         ] GC(968) User=0.47s Sys=0.00s Real=0.01s
[165.220s][info][gc,start       ] GC(969) Pause Young (Allocation Failure)
[165.233s][info][gc,heap        ] GC(969) PSYoungGen: 408308K(473088K)->153878K(411648K) Eden: 257536K(257536K)->0K(257536K) From: 150772K(215552K)->153878K(154112K)
[165.233s][info][gc,heap        ] GC(969) ParOldGen: 996264K(1398272K)->996264K(1398272K)
[165.233s][info][gc,metaspace   ] GC(969) Metaspace: 124861K(129216K)->124861K(129216K) NonClass: 106767K(107520K)->106767K(107520K) Class: 18094K(21696K)->18094K(21696K)
[165.233s][info][gc             ] GC(969) Pause Young (Allocation Failure) 1371M->1123M(1767M) 13.845ms
[165.233s][info][gc,cpu         ] GC(969) User=0.41s Sys=0.00s Real=0.01s
[165.250s][info][gc,start       ] GC(970) Pause Young (Allocation Failure)
[165.266s][info][gc,heap        ] GC(970) PSYoungGen: 411414K(411648K)->164848K(459264K) Eden: 257536K(257536K)->0K(233984K) From: 153878K(154112K)->164848K(225280K)
[165.266s][info][gc,heap        ] GC(970) ParOldGen: 996264K(1398272K)->996264K(1398272K)
[165.266s][info][gc,metaspace   ] GC(970) Metaspace: 124861K(129216K)->124861K(129216K) NonClass: 106767K(107520K)->106767K(107520K) Class: 18094K(21696K)->18094K(21696K)
[165.266s][info][gc             ] GC(970) Pause Young (Allocation Failure) 1374M->1133M(1814M) 16.013ms
[165.267s][info][gc,cpu         ] GC(970) User=0.47s Sys=0.00s Real=0.02s
[165.282s][info][gc,start       ] GC(971) Pause Young (Allocation Failure)
[165.298s][info][gc,heap        ] GC(971) PSYoungGen: 398832K(459264K)->162529K(396800K) Eden: 233984K(233984K)->0K(233984K) From: 164848K(225280K)->162529K(162816K)
[165.298s][info][gc,heap        ] GC(971) ParOldGen: 996264K(1398272K)->996264K(1398272K)
[165.298s][info][gc,metaspace   ] GC(971) Metaspace: 124861K(129216K)->124861K(129216K) NonClass: 106767K(107520K)->106767K(107520K) Class: 18094K(21696K)->18094K(21696K)
[165.298s][info][gc             ] GC(971) Pause Young (Allocation Failure) 1362M->1131M(1753M) 16.382ms
[165.298s][info][gc,cpu         ] GC(971) User=0.48s Sys=0.00s Real=0.02s
[165.314s][info][gc,start       ] GC(972) Pause Young (Allocation Failure)
[165.330s][info][gc,heap        ] GC(972) PSYoungGen: 396513K(396800K)->163145K(465920K) Eden: 233984K(233984K)->0K(232960K) From: 162529K(162816K)->163145K(232960K)
[165.330s][info][gc,heap        ] GC(972) ParOldGen: 996264K(1398272K)->1000412K(1398272K)
[165.330s][info][gc,metaspace   ] GC(972) Metaspace: 124861K(129216K)->124861K(129216K) NonClass: 106767K(107520K)->106767K(107520K) Class: 18094K(21696K)->18094K(21696K)
[165.330s][info][gc             ] GC(972) Pause Young (Allocation Failure) 1360M->1136M(1820M) 16.082ms
[165.330s][info][gc,cpu         ] GC(972) User=0.52s Sys=0.00s Real=0.02s
[165.345s][info][gc,start       ] GC(973) Pause Young (Allocation Failure)
[165.361s][info][gc,heap        ] GC(973) PSYoungGen: 396105K(465920K)->119387K(352768K) Eden: 232960K(232960K)->0K(232960K) From: 163145K(232960K)->119387K(119808K)
[165.361s][info][gc,heap        ] GC(973) ParOldGen: 1000412K(1398272K)->1045915K(1398272K)
[165.361s][info][gc,metaspace   ] GC(973) Metaspace: 124861K(129216K)->124861K(129216K) NonClass: 106767K(107520K)->106767K(107520K) Class: 18094K(21696K)->18094K(21696K)
[165.361s][info][gc             ] GC(973) Pause Young (Allocation Failure) 1363M->1137M(1710M) 15.989ms
[165.361s][info][gc,cpu         ] GC(973) User=0.08s Sys=0.00s Real=0.02s
[165.376s][info][gc,start       ] GC(974) Pause Young (Allocation Failure)
[165.387s][info][gc,heap        ] GC(974) PSYoungGen: 352347K(352768K)->121045K(471552K) Eden: 232960K(232960K)->0K(241664K) From: 119387K(119808K)->121045K(229888K)
[165.387s][info][gc,heap        ] GC(974) ParOldGen: 1045915K(1398272K)->1045915K(1398272K)
[165.387s][info][gc,metaspace   ] GC(974) Metaspace: 124861K(129216K)->124861K(129216K) NonClass: 106767K(107520K)->106767K(107520K) Class: 18094K(21696K)->18094K(21696K)
[165.387s][info][gc             ] GC(974) Pause Young (Allocation Failure) 1365M->1139M(1826M) 10.897ms
[165.387s][info][gc,cpu         ] GC(974) User=0.00s Sys=0.00s Real=0.00s
[165.403s][info][gc,start       ] GC(975) Pause Young (Allocation Failure)
[165.414s][info][gc,heap        ] GC(975) PSYoungGen: 362709K(471552K)->121045K(363008K) Eden: 241664K(241664K)->0K(241664K) From: 121045K(229888K)->121045K(121344K)
[165.414s][info][gc,heap        ] GC(975) ParOldGen: 1045915K(1398272K)->1045915K(1398272K)
[165.414s][info][gc,metaspace   ] GC(975) Metaspace: 124861K(129216K)->124861K(129216K) NonClass: 106767K(107520K)->106767K(107520K) Class: 18094K(21696K)->18094K(21696K)
[165.414s][info][gc             ] GC(975) Pause Young (Allocation Failure) 1375M->1139M(1720M) 10.955ms
[165.414s][info][gc,cpu         ] GC(975) User=0.52s Sys=0.00s Real=0.01s
[165.429s][info][gc,start       ] GC(976) Pause Young (Allocation Failure)
[165.441s][info][gc,heap        ] GC(976) PSYoungGen: 362709K(363008K)->84188K(462336K) Eden: 241664K(241664K)->0K(249344K) From: 121045K(121344K)->84188K(212992K)
[165.441s][info][gc,heap        ] GC(976) ParOldGen: 1045915K(1398272K)->1082914K(1398272K)
[165.441s][info][gc,metaspace   ] GC(976) Metaspace: 124861K(129216K)->124861K(129216K) NonClass: 106767K(107520K)->106767K(107520K) Class: 18094K(21696K)->18094K(21696K)
[165.441s][info][gc             ] GC(976) Pause Young (Allocation Failure) 1375M->1139M(1817M) 11.438ms
[165.441s][info][gc,cpu         ] GC(976) User=0.52s Sys=0.00s Real=0.02s
[165.457s][info][gc,start       ] GC(977) Pause Young (Allocation Failure)
[165.465s][info][gc,heap        ] GC(977) PSYoungGen: 333532K(462336K)->67155K(460800K) Eden: 249344K(249344K)->0K(249344K) From: 84188K(212992K)->67155K(211456K)
[165.465s][info][gc,heap        ] GC(977) ParOldGen: 1082914K(1398272K)->1100103K(1398272K)
[165.465s][info][gc,metaspace   ] GC(977) Metaspace: 124861K(129216K)->124861K(129216K) NonClass: 106767K(107520K)->106767K(107520K) Class: 18094K(21696K)->18094K(21696K)
[165.465s][info][gc             ] GC(977) Pause Young (Allocation Failure) 1383M->1139M(1815M) 7.968ms
[165.465s][info][gc,cpu         ] GC(977) User=0.38s Sys=0.00s Real=0.02s
[165.481s][info][gc,start       ] GC(978) Pause Young (Allocation Failure)
[165.488s][info][gc,heap        ] GC(978) PSYoungGen: 316499K(460800K)->56257K(480768K) Eden: 249344K(249344K)->0K(268800K) From: 67155K(211456K)->56257K(211968K)
[165.488s][info][gc,heap        ] GC(978) ParOldGen: 1100103K(1398272K)->1112473K(1398272K)
[165.488s][info][gc,metaspace   ] GC(978) Metaspace: 124861K(129216K)->124861K(129216K) NonClass: 106767K(107520K)->106767K(107520K) Class: 18094K(21696K)->18094K(21696K)
[165.488s][info][gc             ] GC(978) Pause Young (Allocation Failure) 1383M->1141M(1835M) 6.949ms
[165.488s][info][gc,cpu         ] GC(978) User=0.00s Sys=0.00s Real=0.00s
[165.510s][info][gc,start       ] GC(979) Pause Young (Allocation Failure)
[165.517s][info][gc,heap        ] GC(979) PSYoungGen: 325057K(480768K)->58337K(481792K) Eden: 268800K(268800K)->0K(268800K) From: 56257K(211968K)->58337K(212992K)
[165.517s][info][gc,heap        ] GC(979) ParOldGen: 1112473K(1398272K)->1116865K(1398272K)
[165.517s][info][gc,metaspace   ] GC(979) Metaspace: 124861K(129216K)->124861K(129216K) NonClass: 106767K(107520K)->106767K(107520K) Class: 18094K(21696K)->18094K(21696K)
[165.517s][info][gc             ] GC(979) Pause Young (Allocation Failure) 1403M->1147M(1836M) 6.733ms
[165.517s][info][gc,cpu         ] GC(979) User=0.00s Sys=0.00s Real=0.00s
[165.535s][info][gc,start       ] GC(980) Pause Young (Allocation Failure)
[165.542s][info][gc,heap        ] GC(980) PSYoungGen: 327137K(481792K)->69998K(478208K) Eden: 268800K(268800K)->0K(274432K) From: 58337K(212992K)->69998K(203776K)
[165.542s][info][gc,heap        ] GC(980) ParOldGen: 1116865K(1398272K)->1121069K(1398272K)
[165.542s][info][gc,metaspace   ] GC(980) Metaspace: 124861K(129216K)->124861K(129216K) NonClass: 106767K(107520K)->106767K(107520K) Class: 18094K(21696K)->18094K(21696K)
[165.542s][info][gc             ] GC(980) Pause Young (Allocation Failure) 1410M->1163M(1832M) 7.338ms
[165.542s][info][gc,cpu         ] GC(980) User=0.13s Sys=0.00s Real=0.02s
[165.561s][info][gc,start       ] GC(981) Pause Young (Allocation Failure)
[165.569s][info][gc,heap        ] GC(981) PSYoungGen: 344430K(478208K)->72954K(481792K) Eden: 274432K(274432K)->0K(274432K) From: 69998K(203776K)->72954K(207360K)
[165.569s][info][gc,heap        ] GC(981) ParOldGen: 1121069K(1398272K)->1121069K(1398272K)
[165.569s][info][gc,metaspace   ] GC(981) Metaspace: 124861K(129216K)->124861K(129216K) NonClass: 106767K(107520K)->106767K(107520K) Class: 18094K(21696K)->18094K(21696K)
[165.569s][info][gc             ] GC(981) Pause Young (Allocation Failure) 1431M->1166M(1836M) 7.581ms
[165.569s][info][gc,cpu         ] GC(981) User=0.00s Sys=0.00s Real=0.00s
[165.588s][info][gc,start       ] GC(982) Pause Young (Allocation Failure)
[165.597s][info][gc,heap        ] GC(982) PSYoungGen: 347386K(481792K)->85495K(477184K) Eden: 274432K(274432K)->0K(289792K) From: 72954K(207360K)->85495K(187392K)
[165.597s][info][gc,heap        ] GC(982) ParOldGen: 1121069K(1398272K)->1121069K(1398272K)
[165.597s][info][gc,metaspace   ] GC(982) Metaspace: 124861K(129216K)->124861K(129216K) NonClass: 106767K(107520K)->106767K(107520K) Class: 18094K(21696K)->18094K(21696K)
[165.597s][info][gc             ] GC(982) Pause Young (Allocation Failure) 1434M->1178M(1831M) 9.096ms
[165.597s][info][gc,cpu         ] GC(982) User=0.52s Sys=0.00s Real=0.01s
[165.616s][info][gc,start       ] GC(983) Pause Young (Allocation Failure)
[165.624s][info][gc,heap        ] GC(983) PSYoungGen: 375287K(477184K)->88611K(483328K) Eden: 289792K(289792K)->0K(289792K) From: 85495K(187392K)->88611K(193536K)
[165.624s][info][gc,heap        ] GC(983) ParOldGen: 1121069K(1398272K)->1121069K(1398272K)
[165.624s][info][gc,metaspace   ] GC(983) Metaspace: 124861K(129216K)->124861K(129216K) NonClass: 106767K(107520K)->106767K(107520K) Class: 18094K(21696K)->18094K(21696K)
[165.624s][info][gc             ] GC(983) Pause Young (Allocation Failure) 1461M->1181M(1837M) 8.241ms
[165.625s][info][gc,cpu         ] GC(983) User=0.28s Sys=0.00s Real=0.02s
[165.651s][info][gc,start       ] GC(984) Pause Young (Allocation Failure)
[165.660s][info][gc,heap        ] GC(984) PSYoungGen: 378403K(483328K)->88556K(476672K) Eden: 289792K(289792K)->0K(307200K) From: 88611K(193536K)->88556K(169472K)
[165.660s][info][gc,heap        ] GC(984) ParOldGen: 1121069K(1398272K)->1121069K(1398272K)
[165.660s][info][gc,metaspace   ] GC(984) Metaspace: 124861K(129216K)->124861K(129216K) NonClass: 106767K(107520K)->106767K(107520K) Class: 18094K(21696K)->18094K(21696K)
[165.660s][info][gc             ] GC(984) Pause Young (Allocation Failure) 1464M->1181M(1831M) 8.760ms
[165.660s][info][gc,cpu         ] GC(984) User=0.00s Sys=0.00s Real=0.00s
[165.681s][info][gc,start       ] GC(985) Pause Young (Allocation Failure)
[165.691s][info][gc,heap        ] GC(985) PSYoungGen: 395756K(476672K)->99000K(485376K) Eden: 307200K(307200K)->0K(307200K) From: 88556K(169472K)->99000K(178176K)
[165.691s][info][gc,heap        ] GC(985) ParOldGen: 1121069K(1398272K)->1121069K(1398272K)
[165.691s][info][gc,metaspace   ] GC(985) Metaspace: 124861K(129216K)->124861K(129216K) NonClass: 106767K(107520K)->106767K(107520K) Class: 18094K(21696K)->18094K(21696K)
[165.691s][info][gc             ] GC(985) Pause Young (Allocation Failure) 1481M->1191M(1839M) 9.914ms
[165.691s][info][gc,cpu         ] GC(985) User=0.00s Sys=0.00s Real=0.00s
[165.723s][info][gc,start       ] GC(986) Pause Young (Allocation Failure)
[165.734s][info][gc,heap        ] GC(986) PSYoungGen: 406200K(485376K)->107772K(489472K) Eden: 307200K(307200K)->0K(325120K) From: 99000K(178176K)->107772K(164352K)
[165.734s][info][gc,heap        ] GC(986) ParOldGen: 1121069K(1398272K)->1121069K(1398272K)
[165.734s][info][gc,metaspace   ] GC(986) Metaspace: 124861K(129216K)->124861K(129216K) NonClass: 106767K(107520K)->106767K(107520K) Class: 18094K(21696K)->18094K(21696K)
[165.734s][info][gc             ] GC(986) Pause Young (Allocation Failure) 1491M->1200M(1843M) 10.995ms
[165.734s][info][gc,cpu         ] GC(986) User=0.00s Sys=0.00s Real=0.00s
[165.767s][info][gc,start       ] GC(987) Pause Young (Allocation Failure)
[165.778s][info][gc,heap        ] GC(987) PSYoungGen: 432892K(489472K)->117365K(493056K) Eden: 325120K(325120K)->0K(325120K) From: 107772K(164352K)->117365K(167936K)
[165.778s][info][gc,heap        ] GC(987) ParOldGen: 1121069K(1398272K)->1121069K(1398272K)
[165.778s][info][gc,metaspace   ] GC(987) Metaspace: 124861K(129216K)->124861K(129216K) NonClass: 106767K(107520K)->106767K(107520K) Class: 18094K(21696K)->18094K(21696K)
[165.778s][info][gc             ] GC(987) Pause Young (Allocation Failure) 1517M->1209M(1847M) 10.823ms
[165.778s][info][gc,cpu         ] GC(987) User=0.00s Sys=0.00s Real=0.00s
[165.801s][info][gc,start       ] GC(988) Pause Young (Allocation Failure)
[165.813s][info][gc,heap        ] GC(988) PSYoungGen: 442485K(493056K)->116209K(511488K) Eden: 325120K(325120K)->0K(344064K) From: 117365K(167936K)->116209K(167424K)
[165.813s][info][gc,heap        ] GC(988) ParOldGen: 1121069K(1398272K)->1121069K(1398272K)
[165.813s][info][gc,metaspace   ] GC(988) Metaspace: 124861K(129216K)->124861K(129216K) NonClass: 106767K(107520K)->106767K(107520K) Class: 18094K(21696K)->18094K(21696K)
[165.813s][info][gc             ] GC(988) Pause Young (Allocation Failure) 1526M->1208M(1865M) 11.799ms
[165.813s][info][gc,cpu         ] GC(988) User=0.39s Sys=0.00s Real=0.02s
[165.838s][info][gc,start       ] GC(989) Pause Young (Allocation Failure)
[165.851s][info][gc,heap        ] GC(989) PSYoungGen: 460273K(511488K)->131558K(511488K) Eden: 344064K(344064K)->0K(344064K) From: 116209K(167424K)->131558K(167424K)
[165.851s][info][gc,heap        ] GC(989) ParOldGen: 1121069K(1398272K)->1121069K(1398272K)
[165.851s][info][gc,metaspace   ] GC(989) Metaspace: 124864K(129216K)->124864K(129216K) NonClass: 106770K(107520K)->106770K(107520K) Class: 18094K(21696K)->18094K(21696K)
[165.851s][info][gc             ] GC(989) Pause Young (Allocation Failure) 1544M->1223M(1865M) 13.489ms
[165.851s][info][gc,cpu         ] GC(989) User=0.45s Sys=0.00s Real=0.02s
[165.877s][info][gc,start       ] GC(990) Pause Young (Allocation Failure)
[165.893s][info][gc,heap        ] GC(990) PSYoungGen: 475622K(511488K)->138779K(514560K) Eden: 344064K(344064K)->0K(342528K) From: 131558K(167424K)->138779K(172032K)
[165.893s][info][gc,heap        ] GC(990) ParOldGen: 1121069K(1398272K)->1121077K(1398272K)
[165.893s][info][gc,metaspace   ] GC(990) Metaspace: 124864K(129216K)->124864K(129216K) NonClass: 106770K(107520K)->106770K(107520K) Class: 18094K(21696K)->18094K(21696K)
[165.893s][info][gc             ] GC(990) Pause Young (Allocation Failure) 1559M->1230M(1868M) 15.946ms
[165.893s][info][gc,cpu         ] GC(990) User=0.02s Sys=0.05s Real=0.01s
[165.914s][info][gc,start       ] GC(991) Pause Young (Allocation Failure)
[165.928s][info][gc,heap        ] GC(991) PSYoungGen: 481307K(514560K)->149390K(492032K) Eden: 342528K(342528K)->0K(342528K) From: 138779K(172032K)->149390K(149504K)
[165.928s][info][gc,heap        ] GC(991) ParOldGen: 1121077K(1398272K)->1121077K(1398272K)
[165.928s][info][gc,metaspace   ] GC(991) Metaspace: 124864K(129216K)->124864K(129216K) NonClass: 106770K(107520K)->106770K(107520K) Class: 18094K(21696K)->18094K(21696K)
[165.928s][info][gc             ] GC(991) Pause Young (Allocation Failure) 1564M->1240M(1846M) 13.576ms
[165.928s][info][gc,cpu         ] GC(991) User=0.00s Sys=0.00s Real=0.00s
[165.948s][info][gc,start       ] GC(992) Pause Young (Allocation Failure)
[165.965s][info][gc,heap        ] GC(992) PSYoungGen: 491918K(492032K)->167276K(486400K) Eden: 342528K(342528K)->0K(299520K) From: 149390K(149504K)->167276K(186880K)
[165.966s][info][gc,heap        ] GC(992) ParOldGen: 1121077K(1398272K)->1121077K(1398272K)
[165.966s][info][gc,metaspace   ] GC(992) Metaspace: 124864K(129216K)->124864K(129216K) NonClass: 106770K(107520K)->106770K(107520K) Class: 18094K(21696K)->18094K(21696K)
[165.966s][info][gc             ] GC(992) Pause Young (Allocation Failure) 1575M->1258M(1840M) 17.859ms
[165.966s][info][gc,cpu         ] GC(992) User=0.23s Sys=0.03s Real=0.02s
[165.983s][info][gc,start       ] GC(993) Pause Young (Allocation Failure)
[165.998s][info][gc,heap        ] GC(993) PSYoungGen: 466796K(486400K)->170080K(470016K) Eden: 299520K(299520K)->0K(299520K) From: 167276K(186880K)->170080K(170496K)
[165.998s][info][gc,heap        ] GC(993) ParOldGen: 1121077K(1398272K)->1121117K(1398272K)
[165.998s][info][gc,metaspace   ] GC(993) Metaspace: 124864K(129216K)->124864K(129216K) NonClass: 106770K(107520K)->106770K(107520K) Class: 18094K(21696K)->18094K(21696K)
[165.998s][info][gc             ] GC(993) Pause Young (Allocation Failure) 1550M->1260M(1824M) 14.854ms
[165.998s][info][gc,cpu         ] GC(993) User=0.00s Sys=0.00s Real=0.00s
[166.016s][info][gc,start       ] GC(994) Pause Young (Allocation Failure)
[166.034s][info][gc,heap        ] GC(994) PSYoungGen: 469600K(470016K)->188956K(456192K) Eden: 299520K(299520K)->0K(245248K) From: 170080K(170496K)->188956K(210944K)
[166.034s][info][gc,heap        ] GC(994) ParOldGen: 1121117K(1398272K)->1121165K(1398272K)
[166.034s][info][gc,metaspace   ] GC(994) Metaspace: 124864K(129216K)->124864K(129216K) NonClass: 106770K(107520K)->106770K(107520K) Class: 18094K(21696K)->18094K(21696K)
[166.034s][info][gc             ] GC(994) Pause Young (Allocation Failure) 1553M->1279M(1811M) 17.930ms
[166.034s][info][gc,cpu         ] GC(994) User=0.52s Sys=0.00s Real=0.02s
[166.050s][info][gc,start       ] GC(995) Pause Young (Allocation Failure)
[166.069s][info][gc,heap        ] GC(995) PSYoungGen: 431890K(456192K)->208541K(454144K) Eden: 242933K(245248K)->0K(245248K) From: 188956K(210944K)->208541K(208896K)
[166.069s][info][gc,heap        ] GC(995) ParOldGen: 1121165K(1398272K)->1121268K(1398272K)
[166.069s][info][gc,metaspace   ] GC(995) Metaspace: 124864K(129216K)->124864K(129216K) NonClass: 106770K(107520K)->106770K(107520K) Class: 18094K(21696K)->18094K(21696K)
[166.070s][info][gc             ] GC(995) Pause Young (Allocation Failure) 1516M->1298M(1809M) 19.549ms
[166.070s][info][gc,cpu         ] GC(995) User=0.45s Sys=0.00s Real=0.02s
[166.085s][info][gc,start       ] GC(996) Pause Young (Allocation Failure)
[166.105s][info][gc,heap        ] GC(996) PSYoungGen: 453789K(454144K)->210772K(465920K) Eden: 245248K(245248K)->0K(232960K) From: 208541K(208896K)->210772K(232960K)
[166.105s][info][gc,heap        ] GC(996) ParOldGen: 1121268K(1398272K)->1121332K(1398272K)
[166.105s][info][gc,metaspace   ] GC(996) Metaspace: 124864K(129216K)->124864K(129216K) NonClass: 106770K(107520K)->106770K(107520K) Class: 18094K(21696K)->18094K(21696K)
[166.105s][info][gc             ] GC(996) Pause Young (Allocation Failure) 1538M->1300M(1820M) 20.140ms
[166.105s][info][gc,cpu         ] GC(996) User=0.52s Sys=0.00s Real=0.02s
[166.122s][info][gc,start       ] GC(997) Pause Young (Allocation Failure)
[166.144s][info][gc,heap        ] GC(997) PSYoungGen: 438292K(465920K)->230442K(465920K) Eden: 227520K(232960K)->0K(232960K) From: 210772K(232960K)->230442K(232960K)
[166.144s][info][gc,heap        ] GC(997) ParOldGen: 1121332K(1398272K)->1128599K(1398272K)
[166.144s][info][gc,metaspace   ] GC(997) Metaspace: 124864K(129216K)->124864K(129216K) NonClass: 106770K(107520K)->106770K(107520K) Class: 18094K(21696K)->18094K(21696K)
[166.144s][info][gc             ] GC(997) Pause Young (Allocation Failure) 1523M->1327M(1820M) 22.161ms
[166.144s][info][gc,cpu         ] GC(997) User=0.52s Sys=0.00s Real=0.02s
[166.164s][info][gc,start       ] GC(998) Pause Young (Allocation Failure)
[166.184s][info][gc,heap        ] GC(998) PSYoungGen: 463402K(465920K)->194583K(465920K) Eden: 232960K(232960K)->0K(232960K) From: 230442K(232960K)->194583K(232960K)
[166.184s][info][gc,heap        ] GC(998) ParOldGen: 1128599K(1398272K)->1157486K(1398272K)
[166.184s][info][gc,metaspace   ] GC(998) Metaspace: 124864K(129216K)->124864K(129216K) NonClass: 106770K(107520K)->106770K(107520K) Class: 18094K(21696K)->18094K(21696K)
[166.184s][info][gc             ] GC(998) Pause Young (Allocation Failure) 1554M->1320M(1820M) 20.645ms
[166.184s][info][gc,cpu         ] GC(998) User=0.97s Sys=0.00s Real=0.03s
[166.197s][info][gc,start       ] GC(999) Pause Young (Allocation Failure)
[166.214s][info][gc,heap        ] GC(999) PSYoungGen: 427543K(465920K)->131770K(465920K) Eden: 232960K(232960K)->0K(232960K) From: 194583K(232960K)->131770K(232960K)
[166.214s][info][gc,heap        ] GC(999) ParOldGen: 1157486K(1398272K)->1202853K(1398272K)
[166.214s][info][gc,metaspace   ] GC(999) Metaspace: 124864K(129216K)->124864K(129216K) NonClass: 106770K(107520K)->106770K(107520K) Class: 18094K(21696K)->18094K(21696K)
[166.214s][info][gc             ] GC(999) Pause Young (Allocation Failure) 1547M->1303M(1820M) 17.105ms
[166.214s][info][gc,cpu         ] GC(999) User=0.52s Sys=0.00s Real=0.02s
[166.227s][info][gc,start       ] GC(1000) Pause Young (Allocation Failure)
[166.240s][info][gc,heap        ] GC(1000) PSYoungGen: 364730K(465920K)->99880K(465920K) Eden: 232960K(232960K)->0K(232960K) From: 131770K(232960K)->99880K(232960K)
[166.240s][info][gc,heap        ] GC(1000) ParOldGen: 1202853K(1398272K)->1244613K(1398272K)
[166.240s][info][gc,metaspace   ] GC(1000) Metaspace: 124864K(129216K)->124864K(129216K) NonClass: 106770K(107520K)->106770K(107520K) Class: 18094K(21696K)->18094K(21696K)
[166.240s][info][gc             ] GC(1000) Pause Young (Allocation Failure) 1530M->1312M(1820M) 12.922ms
[166.240s][info][gc,cpu         ] GC(1000) User=0.52s Sys=0.00s Real=0.02s
[166.252s][info][gc,start       ] GC(1001) Pause Young (Allocation Failure)
[166.262s][info][gc,heap        ] GC(1001) PSYoungGen: 332840K(465920K)->93451K(465920K) Eden: 232960K(232960K)->0K(232960K) From: 99880K(232960K)->93451K(232960K)
[166.262s][info][gc,heap        ] GC(1001) ParOldGen: 1244613K(1398272K)->1253819K(1398272K)
[166.262s][info][gc,metaspace   ] GC(1001) Metaspace: 124864K(129216K)->124864K(129216K) NonClass: 106770K(107520K)->106770K(107520K) Class: 18094K(21696K)->18094K(21696K)
[166.262s][info][gc             ] GC(1001) Pause Young (Allocation Failure) 1540M->1315M(1820M) 10.001ms
[166.262s][info][gc,cpu         ] GC(1001) User=0.00s Sys=0.00s Real=0.00s
[166.274s][info][gc,start       ] GC(1002) Pause Young (Allocation Failure)
[166.285s][info][gc,heap        ] GC(1002) PSYoungGen: 326411K(465920K)->106261K(465920K) Eden: 232960K(232960K)->0K(232960K) From: 93451K(232960K)->106261K(232960K)
[166.285s][info][gc,heap        ] GC(1002) ParOldGen: 1253819K(1398272K)->1255234K(1398272K)
[166.285s][info][gc,metaspace   ] GC(1002) Metaspace: 124864K(129216K)->124864K(129216K) NonClass: 106770K(107520K)->106770K(107520K) Class: 18094K(21696K)->18094K(21696K)
[166.285s][info][gc             ] GC(1002) Pause Young (Allocation Failure) 1543M->1329M(1820M) 10.646ms
[166.285s][info][gc,cpu         ] GC(1002) User=0.52s Sys=0.00s Real=0.02s
[166.297s][info][gc,start       ] GC(1003) Pause Young (Allocation Failure)
[166.308s][info][gc,heap        ] GC(1003) PSYoungGen: 339221K(465920K)->112574K(465920K) Eden: 232960K(232960K)->0K(232960K) From: 106261K(232960K)->112574K(232960K)
[166.308s][info][gc,heap        ] GC(1003) ParOldGen: 1255234K(1398272K)->1256204K(1398272K)
[166.308s][info][gc,metaspace   ] GC(1003) Metaspace: 124864K(129216K)->124864K(129216K) NonClass: 106770K(107520K)->106770K(107520K) Class: 18094K(21696K)->18094K(21696K)
[166.308s][info][gc             ] GC(1003) Pause Young (Allocation Failure) 1557M->1336M(1820M) 11.034ms
[166.308s][info][gc,cpu         ] GC(1003) User=0.52s Sys=0.00s Real=0.02s
[166.320s][info][gc,start       ] GC(1004) Pause Young (Allocation Failure)
[166.331s][info][gc,heap        ] GC(1004) PSYoungGen: 345534K(465920K)->85539K(465920K) Eden: 232960K(232960K)->0K(232960K) From: 112574K(232960K)->85539K(232960K)
[166.331s][info][gc,heap        ] GC(1004) ParOldGen: 1256204K(1398272K)->1289735K(1398272K)
[166.331s][info][gc,metaspace   ] GC(1004) Metaspace: 124864K(129216K)->124864K(129216K) NonClass: 106770K(107520K)->106770K(107520K) Class: 18094K(21696K)->18094K(21696K)
[166.331s][info][gc             ] GC(1004) Pause Young (Allocation Failure) 1564M->1343M(1820M) 11.074ms
[166.331s][info][gc,cpu         ] GC(1004) User=0.00s Sys=0.00s Real=0.00s
[166.343s][info][gc,start       ] GC(1005) Pause Young (Allocation Failure)
[166.352s][info][gc,heap        ] GC(1005) PSYoungGen: 318499K(465920K)->65728K(465920K) Eden: 232960K(232960K)->0K(232960K) From: 85539K(232960K)->65728K(232960K)
[166.352s][info][gc,heap        ] GC(1005) ParOldGen: 1289735K(1398272K)->1319122K(1398272K)
[166.352s][info][gc,metaspace   ] GC(1005) Metaspace: 124864K(129216K)->124864K(129216K) NonClass: 106770K(107520K)->106770K(107520K) Class: 18094K(21696K)->18094K(21696K)
[166.352s][info][gc             ] GC(1005) Pause Young (Allocation Failure) 1570M->1352M(1820M) 8.896ms
[166.352s][info][gc,cpu         ] GC(1005) User=0.42s Sys=0.00s Real=0.02s
[166.364s][info][gc,start       ] GC(1006) Pause Young (Allocation Failure)
[166.371s][info][gc,heap        ] GC(1006) PSYoungGen: 294961K(465920K)->69614K(465920K) Eden: 229232K(232960K)->0K(232960K) From: 65728K(232960K)->69614K(232960K)
[166.371s][info][gc,heap        ] GC(1006) ParOldGen: 1319122K(1398272K)->1333954K(1398272K)
[166.371s][info][gc,metaspace   ] GC(1006) Metaspace: 124864K(129216K)->124864K(129216K) NonClass: 106770K(107520K)->106770K(107520K) Class: 18094K(21696K)->18094K(21696K)
[166.371s][info][gc             ] GC(1006) Pause Young (Allocation Failure) 1576M->1370M(1820M) 7.339ms
[166.371s][info][gc,cpu         ] GC(1006) User=0.00s Sys=0.00s Real=0.00s
[166.383s][info][gc,start       ] GC(1007) Pause Young (Allocation Failure)
[166.391s][info][gc,heap        ] GC(1007) PSYoungGen: 302574K(465920K)->69601K(465920K) Eden: 232960K(232960K)->0K(232960K) From: 69614K(232960K)->69601K(232960K)
[166.391s][info][gc,heap        ] GC(1007) ParOldGen: 1333954K(1398272K)->1343529K(1398272K)
[166.391s][info][gc,metaspace   ] GC(1007) Metaspace: 124864K(129216K)->124864K(129216K) NonClass: 106770K(107520K)->106770K(107520K) Class: 18094K(21696K)->18094K(21696K)
[166.391s][info][gc             ] GC(1007) Pause Young (Allocation Failure) 1598M->1380M(1820M) 8.083ms
[166.391s][info][gc,cpu         ] GC(1007) User=0.00s Sys=0.00s Real=0.00s
[166.404s][info][gc,start       ] GC(1008) Pause Young (Allocation Failure)
[166.413s][info][gc,heap        ] GC(1008) PSYoungGen: 302561K(465920K)->63367K(465920K) Eden: 232960K(232960K)->0K(232960K) From: 69601K(232960K)->63367K(232960K)
[166.413s][info][gc,heap        ] GC(1008) ParOldGen: 1343529K(1398272K)->1381197K(1398272K)
[166.413s][info][gc,metaspace   ] GC(1008) Metaspace: 124864K(129216K)->124864K(129216K) NonClass: 106770K(107520K)->106770K(107520K) Class: 18094K(21696K)->18094K(21696K)
[166.413s][info][gc             ] GC(1008) Pause Young (Allocation Failure) 1607M->1410M(1820M) 8.451ms
[166.413s][info][gc,cpu         ] GC(1008) User=0.20s Sys=0.02s Real=0.01s
[166.413s][info][gc,start       ] GC(1009) Pause Full (Ergonomics)
[166.413s][info][gc,phases,start] GC(1009) Marking Phase
[166.463s][info][gc,phases      ] GC(1009) Marking Phase 50.270ms
[166.463s][info][gc,phases,start] GC(1009) Summary Phase
[166.463s][info][gc,phases      ] GC(1009) Summary Phase 0.057ms
[166.463s][info][gc,phases,start] GC(1009) Adjust Roots
[166.476s][info][gc,phases      ] GC(1009) Adjust Roots 12.737ms
[166.476s][info][gc,phases,start] GC(1009) Compaction Phase
[166.503s][info][gc,phases      ] GC(1009) Compaction Phase 26.572ms
[166.503s][info][gc,phases,start] GC(1009) Post Compact
[166.510s][info][gc,phases      ] GC(1009) Post Compact 7.377ms
[166.510s][info][gc,heap        ] GC(1009) PSYoungGen: 63367K(465920K)->0K(465920K) Eden: 0K(232960K)->0K(232960K) From: 63367K(232960K)->0K(232960K)
[166.510s][info][gc,heap        ] GC(1009) ParOldGen: 1381197K(1398272K)->1255627K(1398272K)
[166.510s][info][gc,metaspace   ] GC(1009) Metaspace: 124864K(129216K)->124864K(129216K) NonClass: 106770K(107520K)->106770K(107520K) Class: 18094K(21696K)->18094K(21696K)
[166.510s][info][gc             ] GC(1009) Pause Full (Ergonomics) 1410M->1226M(1820M) 97.299ms
[166.510s][info][gc,cpu         ] GC(1009) User=1.59s Sys=0.00s Real=0.09s
[166.526s][info][gc,start       ] GC(1010) Pause Young (Allocation Failure)
[166.532s][info][gc,heap        ] GC(1010) PSYoungGen: 232960K(465920K)->46625K(465920K) Eden: 232960K(232960K)->0K(232960K) From: 0K(232960K)->46625K(232960K)
[166.532s][info][gc,heap        ] GC(1010) ParOldGen: 1255627K(1398272K)->1255627K(1398272K)
[166.532s][info][gc,metaspace   ] GC(1010) Metaspace: 124866K(129216K)->124866K(129216K) NonClass: 106772K(107520K)->106772K(107520K) Class: 18094K(21696K)->18094K(21696K)
[166.532s][info][gc             ] GC(1010) Pause Young (Allocation Failure) 1453M->1271M(1820M) 5.369ms
[166.532s][info][gc,cpu         ] GC(1010) User=0.00s Sys=0.00s Real=0.01s
[166.547s][info][gc,start       ] GC(1011) Pause Young (Allocation Failure)
[166.554s][info][gc,heap        ] GC(1011) PSYoungGen: 279585K(465920K)->46246K(465920K) Eden: 232960K(232960K)->0K(232960K) From: 46625K(232960K)->46246K(232960K)
[166.554s][info][gc,heap        ] GC(1011) ParOldGen: 1255627K(1398272K)->1295849K(1398272K)
[166.555s][info][gc,metaspace   ] GC(1011) Metaspace: 124869K(129216K)->124869K(129216K) NonClass: 106775K(107520K)->106775K(107520K) Class: 18094K(21696K)->18094K(21696K)
[166.555s][info][gc             ] GC(1011) Pause Young (Allocation Failure) 1499M->1310M(1820M) 7.778ms
[166.555s][info][gc,cpu         ] GC(1011) User=0.00s Sys=0.00s Real=0.00s
[166.568s][info][gc,start       ] GC(1012) Pause Young (Allocation Failure)
[166.575s][info][gc,heap        ] GC(1012) PSYoungGen: 279206K(465920K)->27032K(465920K) Eden: 232960K(232960K)->0K(232960K) From: 46246K(232960K)->27032K(232960K)
[166.575s][info][gc,heap        ] GC(1012) ParOldGen: 1295849K(1398272K)->1338658K(1398272K)
[166.575s][info][gc,metaspace   ] GC(1012) Metaspace: 124873K(129280K)->124873K(129280K) NonClass: 106779K(107584K)->106779K(107584K) Class: 18094K(21696K)->18094K(21696K)
[166.575s][info][gc             ] GC(1012) Pause Young (Allocation Failure) 1538M->1333M(1820M) 7.485ms
[166.575s][info][gc,cpu         ] GC(1012) User=0.00s Sys=0.00s Real=0.00s
[166.575s][info][gc,start       ] GC(1013) Pause Full (Ergonomics)
[166.575s][info][gc,phases,start] GC(1013) Marking Phase
[166.620s][info][gc,phases      ] GC(1013) Marking Phase 44.499ms
[166.620s][info][gc,phases,start] GC(1013) Summary Phase
[166.620s][info][gc,phases      ] GC(1013) Summary Phase 0.060ms
[166.620s][info][gc,phases,start] GC(1013) Adjust Roots
[166.636s][info][gc,phases      ] GC(1013) Adjust Roots 16.316ms
[166.636s][info][gc,phases,start] GC(1013) Compaction Phase
[166.656s][info][gc,phases      ] GC(1013) Compaction Phase 20.113ms
[166.656s][info][gc,phases,start] GC(1013) Post Compact
[166.665s][info][gc,phases      ] GC(1013) Post Compact 8.112ms
[166.665s][info][gc,heap        ] GC(1013) PSYoungGen: 27032K(465920K)->0K(465920K) Eden: 0K(232960K)->0K(232960K) From: 27032K(232960K)->0K(232960K)
[166.665s][info][gc,heap        ] GC(1013) ParOldGen: 1338658K(1398272K)->1242675K(1398272K)
[166.665s][info][gc,metaspace   ] GC(1013) Metaspace: 124873K(129280K)->124873K(129280K) NonClass: 106779K(107584K)->106779K(107584K) Class: 18094K(21696K)->18094K(21696K)
[166.665s][info][gc             ] GC(1013) Pause Full (Ergonomics) 1333M->1213M(1820M) 89.431ms
[166.665s][info][gc,cpu         ] GC(1013) User=1.47s Sys=0.02s Real=0.09s
[166.684s][info][gc,start       ] GC(1014) Pause Young (Allocation Failure)
[166.688s][info][gc,heap        ] GC(1014) PSYoungGen: 232960K(465920K)->29916K(457728K) Eden: 232960K(232960K)->0K(232960K) From: 0K(232960K)->29916K(224768K)
[166.688s][info][gc,heap        ] GC(1014) ParOldGen: 1242675K(1398272K)->1242675K(1398272K)
[166.688s][info][gc,metaspace   ] GC(1014) Metaspace: 124873K(129280K)->124873K(129280K) NonClass: 106779K(107584K)->106779K(107584K) Class: 18094K(21696K)->18094K(21696K)
[166.688s][info][gc             ] GC(1014) Pause Young (Allocation Failure) 1441M->1242M(1812M) 4.231ms
[166.688s][info][gc,cpu         ] GC(1014) User=0.00s Sys=0.00s Real=0.00s
[166.701s][info][gc,start       ] GC(1015) Pause Young (Allocation Failure)
[166.705s][info][gc,heap        ] GC(1015) PSYoungGen: 262876K(457728K)->49707K(461824K) Eden: 232960K(232960K)->0K(232960K) From: 29916K(224768K)->49707K(228864K)
[166.706s][info][gc,heap        ] GC(1015) ParOldGen: 1242675K(1398272K)->1242675K(1398272K)
[166.706s][info][gc,metaspace   ] GC(1015) Metaspace: 124873K(129280K)->124873K(129280K) NonClass: 106779K(107584K)->106779K(107584K) Class: 18094K(21696K)->18094K(21696K)
[166.706s][info][gc             ] GC(1015) Pause Young (Allocation Failure) 1470M->1262M(1816M) 4.767ms
[166.706s][info][gc,cpu         ] GC(1015) User=0.00s Sys=0.00s Real=0.00s
[166.717s][info][gc,start       ] GC(1016) Pause Young (Allocation Failure)
[166.723s][info][gc,heap        ] GC(1016) PSYoungGen: 282667K(461824K)->52668K(452608K) Eden: 232960K(232960K)->0K(247808K) From: 49707K(228864K)->52668K(204800K)
[166.723s][info][gc,heap        ] GC(1016) ParOldGen: 1242675K(1398272K)->1242675K(1398272K)
[166.723s][info][gc,metaspace   ] GC(1016) Metaspace: 124873K(129280K)->124873K(129280K) NonClass: 106779K(107584K)->106779K(107584K) Class: 18094K(21696K)->18094K(21696K)
[166.723s][info][gc             ] GC(1016) Pause Young (Allocation Failure) 1489M->1264M(1807M) 5.639ms
[166.723s][info][gc,cpu         ] GC(1016) User=0.06s Sys=0.00s Real=0.02s
[166.735s][info][gc,start       ] GC(1017) Pause Young (Allocation Failure)
[166.742s][info][gc,heap        ] GC(1017) PSYoungGen: 300476K(452608K)->64419K(459264K) Eden: 247808K(247808K)->0K(247808K) From: 52668K(204800K)->64419K(211456K)
[166.742s][info][gc,heap        ] GC(1017) ParOldGen: 1242675K(1398272K)->1242675K(1398272K)
[166.742s][info][gc,metaspace   ] GC(1017) Metaspace: 124876K(129280K)->124876K(129280K) NonClass: 106782K(107584K)->106782K(107584K) Class: 18094K(21696K)->18094K(21696K)
[166.742s][info][gc             ] GC(1017) Pause Young (Allocation Failure) 1506M->1276M(1814M) 6.778ms
[166.742s][info][gc,cpu         ] GC(1017) User=0.33s Sys=0.02s Real=0.02s
[166.755s][info][gc,start       ] GC(1018) Pause Young (Allocation Failure)
[166.764s][info][gc,heap        ] GC(1018) PSYoungGen: 312227K(459264K)->72181K(442880K) Eden: 247808K(247808K)->0K(264704K) From: 64419K(211456K)->72181K(178176K)
[166.764s][info][gc,heap        ] GC(1018) ParOldGen: 1242675K(1398272K)->1242675K(1398272K)
[166.764s][info][gc,metaspace   ] GC(1018) Metaspace: 124876K(129280K)->124876K(129280K) NonClass: 106782K(107584K)->106782K(107584K) Class: 18094K(21696K)->18094K(21696K)
[166.764s][info][gc             ] GC(1018) Pause Young (Allocation Failure) 1518M->1284M(1798M) 9.307ms
[166.764s][info][gc,cpu         ] GC(1018) User=0.00s Sys=0.00s Real=0.00s
[166.778s][info][gc,start       ] GC(1019) Pause Young (Allocation Failure)
[166.784s][info][gc,heap        ] GC(1019) PSYoungGen: 336885K(442880K)->84039K(453632K) Eden: 264704K(264704K)->0K(264704K) From: 72181K(178176K)->84039K(188928K)
[166.784s][info][gc,heap        ] GC(1019) ParOldGen: 1242675K(1398272K)->1242675K(1398272K)
[166.784s][info][gc,metaspace   ] GC(1019) Metaspace: 124876K(129280K)->124876K(129280K) NonClass: 106782K(107584K)->106782K(107584K) Class: 18094K(21696K)->18094K(21696K)
[166.784s][info][gc             ] GC(1019) Pause Young (Allocation Failure) 1542M->1295M(1808M) 6.827ms
[166.785s][info][gc,cpu         ] GC(1019) User=0.03s Sys=0.00s Real=0.02s
[166.798s][info][gc,start       ] GC(1020) Pause Young (Allocation Failure)
[166.808s][info][gc,heap        ] GC(1020) PSYoungGen: 348743K(453632K)->112251K(460800K) Eden: 264704K(264704K)->0K(280064K) From: 84039K(188928K)->112251K(180736K)
[166.808s][info][gc,heap        ] GC(1020) ParOldGen: 1242675K(1398272K)->1242675K(1398272K)
[166.808s][info][gc,metaspace   ] GC(1020) Metaspace: 124876K(129280K)->124876K(129280K) NonClass: 106782K(107584K)->106782K(107584K) Class: 18094K(21696K)->18094K(21696K)
[166.808s][info][gc             ] GC(1020) Pause Young (Allocation Failure) 1554M->1323M(1815M) 9.932ms
[166.808s][info][gc,cpu         ] GC(1020) User=0.42s Sys=0.00s Real=0.02s
[166.823s][info][gc,start       ] GC(1021) Pause Young (Allocation Failure)
[166.835s][info][gc,heap        ] GC(1021) PSYoungGen: 392315K(460800K)->122688K(463360K) Eden: 280064K(280064K)->0K(280064K) From: 112251K(180736K)->122688K(183296K)
[166.835s][info][gc,heap        ] GC(1021) ParOldGen: 1242675K(1398272K)->1242675K(1398272K)
[166.835s][info][gc,metaspace   ] GC(1021) Metaspace: 124876K(129280K)->124876K(129280K) NonClass: 106782K(107584K)->106782K(107584K) Class: 18094K(21696K)->18094K(21696K)
[166.835s][info][gc             ] GC(1021) Pause Young (Allocation Failure) 1596M->1333M(1818M) 12.521ms
[166.835s][info][gc,cpu         ] GC(1021) User=0.34s Sys=0.00s Real=0.02s
[166.850s][info][gc,start       ] GC(1022) Pause Young (Allocation Failure)
[166.863s][info][gc,heap        ] GC(1022) PSYoungGen: 401025K(463360K)->135620K(481280K) Eden: 278337K(280064K)->0K(292864K) From: 122688K(183296K)->135620K(188416K)
[166.863s][info][gc,heap        ] GC(1022) ParOldGen: 1242675K(1398272K)->1242675K(1398272K)
[166.863s][info][gc,metaspace   ] GC(1022) Metaspace: 124876K(129280K)->124876K(129280K) NonClass: 106782K(107584K)->106782K(107584K) Class: 18094K(21696K)->18094K(21696K)
[166.863s][info][gc             ] GC(1022) Pause Young (Allocation Failure) 1605M->1345M(1835M) 13.284ms
[166.863s][info][gc,cpu         ] GC(1022) User=0.13s Sys=0.00s Real=0.02s
[166.879s][info][gc,start       ] GC(1023) Pause Young (Allocation Failure)
[166.891s][info][gc,heap        ] GC(1023) PSYoungGen: 427347K(481280K)->148373K(489984K) Eden: 291726K(292864K)->0K(292864K) From: 135620K(188416K)->148373K(197120K)
[166.891s][info][gc,heap        ] GC(1023) ParOldGen: 1242675K(1398272K)->1242675K(1398272K)
[166.891s][info][gc,metaspace   ] GC(1023) Metaspace: 124876K(129280K)->124876K(129280K) NonClass: 106782K(107584K)->106782K(107584K) Class: 18094K(21696K)->18094K(21696K)
[166.891s][info][gc             ] GC(1023) Pause Young (Allocation Failure) 1630M->1358M(1844M) 12.700ms
[166.891s][info][gc,cpu         ] GC(1023) User=0.00s Sys=0.00s Real=0.00s
[166.906s][info][gc,start       ] GC(1024) Pause Young (Allocation Failure)
[166.923s][info][gc,heap        ] GC(1024) PSYoungGen: 441237K(489984K)->161301K(464384K) Eden: 292864K(292864K)->0K(256512K) From: 148373K(197120K)->161301K(207872K)
[166.923s][info][gc,heap        ] GC(1024) ParOldGen: 1242675K(1398272K)->1242675K(1398272K)
[166.923s][info][gc,metaspace   ] GC(1024) Metaspace: 124876K(129280K)->124876K(129280K) NonClass: 106782K(107584K)->106782K(107584K) Class: 18094K(21696K)->18094K(21696K)
[166.923s][info][gc             ] GC(1024) Pause Young (Allocation Failure) 1644M->1371M(1819M) 17.025ms
[166.923s][info][gc,cpu         ] GC(1024) User=0.52s Sys=0.00s Real=0.02s
[166.936s][info][gc,start       ] GC(1025) Pause Young (Allocation Failure)
[166.952s][info][gc,heap        ] GC(1025) PSYoungGen: 416335K(464384K)->160697K(417280K) Eden: 255034K(256512K)->0K(256512K) From: 161301K(207872K)->160697K(160768K)
[166.952s][info][gc,heap        ] GC(1025) ParOldGen: 1242675K(1398272K)->1242675K(1398272K)
[166.952s][info][gc,metaspace   ] GC(1025) Metaspace: 124876K(129280K)->124876K(129280K) NonClass: 106782K(107584K)->106782K(107584K) Class: 18094K(21696K)->18094K(21696K)
[166.952s][info][gc             ] GC(1025) Pause Young (Allocation Failure) 1620M->1370M(1773M) 15.776ms
[166.952s][info][gc,cpu         ] GC(1025) User=0.52s Sys=0.00s Real=0.01s
[166.964s][info][gc,start       ] GC(1026) Pause Young (Allocation Failure)
[166.981s][info][gc,heap        ] GC(1026) PSYoungGen: 417209K(417280K)->174623K(463872K) Eden: 256512K(256512K)->0K(232960K) From: 160697K(160768K)->174623K(230912K)
[166.981s][info][gc,heap        ] GC(1026) ParOldGen: 1242675K(1398272K)->1242675K(1398272K)
[166.981s][info][gc,metaspace   ] GC(1026) Metaspace: 124876K(129280K)->124876K(129280K) NonClass: 106782K(107584K)->106782K(107584K) Class: 18094K(21696K)->18094K(21696K)
[166.981s][info][gc             ] GC(1026) Pause Young (Allocation Failure) 1620M->1384M(1818M) 17.262ms
[166.981s][info][gc,cpu         ] GC(1026) User=0.52s Sys=0.00s Real=0.02s
[167.006s][info][gc,start       ] GC(1027) Pause Young (Allocation Failure)
[167.023s][info][gc,heap        ] GC(1027) PSYoungGen: 407583K(463872K)->174976K(465920K) Eden: 232960K(232960K)->0K(232960K) From: 174623K(230912K)->174976K(232960K)
[167.023s][info][gc,heap        ] GC(1027) ParOldGen: 1242675K(1398272K)->1250965K(1398272K)
[167.023s][info][gc,metaspace   ] GC(1027) Metaspace: 124876K(129280K)->124876K(129280K) NonClass: 106782K(107584K)->106782K(107584K) Class: 18094K(21696K)->18094K(21696K)
[167.023s][info][gc             ] GC(1027) Pause Young (Allocation Failure) 1611M->1392M(1820M) 17.851ms
[167.024s][info][gc,cpu         ] GC(1027) User=0.45s Sys=0.00s Real=0.02s
[167.035s][info][gc,start       ] GC(1028) Pause Young (Allocation Failure)
[167.052s][info][gc,heap        ] GC(1028) PSYoungGen: 407936K(465920K)->171151K(465920K) Eden: 232960K(232960K)->0K(232960K) From: 174976K(232960K)->171151K(232960K)
[167.052s][info][gc,heap        ] GC(1028) ParOldGen: 1250965K(1398272K)->1259191K(1398272K)
[167.052s][info][gc,metaspace   ] GC(1028) Metaspace: 124876K(129280K)->124876K(129280K) NonClass: 106782K(107584K)->106782K(107584K) Class: 18094K(21696K)->18094K(21696K)
[167.052s][info][gc             ] GC(1028) Pause Young (Allocation Failure) 1620M->1396M(1820M) 16.800ms
[167.052s][info][gc,cpu         ] GC(1028) User=0.33s Sys=0.00s Real=0.02s
[167.063s][info][gc,start       ] GC(1029) Pause Young (Allocation Failure)
[167.081s][info][gc,heap        ] GC(1029) PSYoungGen: 401886K(465920K)->180578K(465920K) Eden: 230735K(232960K)->0K(232960K) From: 171151K(232960K)->180578K(232960K)
[167.081s][info][gc,heap        ] GC(1029) ParOldGen: 1259191K(1398272K)->1259255K(1398272K)
[167.081s][info][gc,metaspace   ] GC(1029) Metaspace: 124876K(129280K)->124876K(129280K) NonClass: 106782K(107584K)->106782K(107584K) Class: 18094K(21696K)->18094K(21696K)
[167.081s][info][gc             ] GC(1029) Pause Young (Allocation Failure) 1622M->1406M(1820M) 17.642ms
[167.081s][info][gc,cpu         ] GC(1029) User=0.52s Sys=0.02s Real=0.03s
[167.093s][info][gc,start       ] GC(1030) Pause Young (Allocation Failure)
[167.112s][info][gc,heap        ] GC(1030) PSYoungGen: 413538K(465920K)->171890K(465920K) Eden: 232960K(232960K)->0K(232960K) From: 180578K(232960K)->171890K(232960K)
[167.112s][info][gc,heap        ] GC(1030) ParOldGen: 1259255K(1398272K)->1283931K(1398272K)
[167.112s][info][gc,metaspace   ] GC(1030) Metaspace: 124876K(129280K)->124876K(129280K) NonClass: 106782K(107584K)->106782K(107584K) Class: 18094K(21696K)->18094K(21696K)
[167.112s][info][gc             ] GC(1030) Pause Young (Allocation Failure) 1633M->1421M(1820M) 18.903ms
[167.112s][info][gc,cpu         ] GC(1030) User=0.52s Sys=0.00s Real=0.02s
[167.124s][info][gc,start       ] GC(1031) Pause Young (Allocation Failure)
[167.141s][info][gc,heap        ] GC(1031) PSYoungGen: 404850K(465920K)->134206K(465920K) Eden: 232960K(232960K)->0K(232960K) From: 171890K(232960K)->134206K(232960K)
[167.141s][info][gc,heap        ] GC(1031) ParOldGen: 1283931K(1398272K)->1325092K(1398272K)
[167.141s][info][gc,metaspace   ] GC(1031) Metaspace: 124876K(129280K)->124876K(129280K) NonClass: 106782K(107584K)->106782K(107584K) Class: 18094K(21696K)->18094K(21696K)
[167.142s][info][gc             ] GC(1031) Pause Young (Allocation Failure) 1649M->1425M(1820M) 17.232ms
[167.142s][info][gc,cpu         ] GC(1031) User=1.03s Sys=0.00s Real=0.03s
[167.154s][info][gc,start       ] GC(1032) Pause Young (Allocation Failure)
[167.168s][info][gc,heap        ] GC(1032) PSYoungGen: 367166K(465920K)->108920K(465920K) Eden: 232960K(232960K)->0K(232960K) From: 134206K(232960K)->108920K(232960K)
[167.168s][info][gc,heap        ] GC(1032) ParOldGen: 1325092K(1398272K)->1370756K(1398272K)
[167.168s][info][gc,metaspace   ] GC(1032) Metaspace: 124876K(129280K)->124876K(129280K) NonClass: 106782K(107584K)->106782K(107584K) Class: 18094K(21696K)->18094K(21696K)
[167.168s][info][gc             ] GC(1032) Pause Young (Allocation Failure) 1652M->1444M(1820M) 13.741ms
[167.168s][info][gc,cpu         ] GC(1032) User=0.48s Sys=0.00s Real=0.02s
[167.168s][info][gc,start       ] GC(1033) Pause Full (Ergonomics)
[167.168s][info][gc,phases,start] GC(1033) Marking Phase
[167.208s][info][gc,phases      ] GC(1033) Marking Phase 39.892ms
[167.208s][info][gc,phases,start] GC(1033) Summary Phase
[167.208s][info][gc,phases      ] GC(1033) Summary Phase 0.065ms
[167.208s][info][gc,phases,start] GC(1033) Adjust Roots
[167.224s][info][gc,phases      ] GC(1033) Adjust Roots 15.825ms
[167.224s][info][gc,phases,start] GC(1033) Compaction Phase
[167.248s][info][gc,phases      ] GC(1033) Compaction Phase 24.172ms
[167.248s][info][gc,phases,start] GC(1033) Post Compact
[167.257s][info][gc,phases      ] GC(1033) Post Compact 8.759ms
[167.257s][info][gc,heap        ] GC(1033) PSYoungGen: 108920K(465920K)->0K(465920K) Eden: 0K(232960K)->0K(232960K) From: 108920K(232960K)->0K(232960K)
[167.257s][info][gc,heap        ] GC(1033) ParOldGen: 1370756K(1398272K)->1386578K(1398272K)
[167.257s][info][gc,metaspace   ] GC(1033) Metaspace: 124876K(129280K)->124876K(129280K) NonClass: 106782K(107584K)->106782K(107584K) Class: 18094K(21696K)->18094K(21696K)
[167.257s][info][gc             ] GC(1033) Pause Full (Ergonomics) 1444M->1354M(1820M) 89.101ms
[167.257s][info][gc,cpu         ] GC(1033) User=1.14s Sys=0.00s Real=0.09s
[167.273s][info][gc,start       ] GC(1034) Pause Full (Ergonomics)
[167.273s][info][gc,phases,start] GC(1034) Marking Phase
[167.315s][info][gc,phases      ] GC(1034) Marking Phase 41.886ms
[167.315s][info][gc,phases,start] GC(1034) Summary Phase
[167.315s][info][gc,phases      ] GC(1034) Summary Phase 0.066ms
[167.315s][info][gc,phases,start] GC(1034) Adjust Roots
[167.328s][info][gc,phases      ] GC(1034) Adjust Roots 12.545ms
[167.328s][info][gc,phases,start] GC(1034) Compaction Phase
[167.346s][info][gc,phases      ] GC(1034) Compaction Phase 18.392ms
[167.346s][info][gc,phases,start] GC(1034) Post Compact
[167.355s][info][gc,phases      ] GC(1034) Post Compact 8.166ms
[167.355s][info][gc,heap        ] GC(1034) PSYoungGen: 232960K(465920K)->0K(465920K) Eden: 232960K(232960K)->0K(232960K) From: 0K(232960K)->0K(232960K)
[167.355s][info][gc,heap        ] GC(1034) ParOldGen: 1386578K(1398272K)->1374670K(1398272K)
[167.355s][info][gc,metaspace   ] GC(1034) Metaspace: 124876K(129280K)->124876K(129280K) NonClass: 106782K(107584K)->106782K(107584K) Class: 18094K(21696K)->18094K(21696K)
[167.355s][info][gc             ] GC(1034) Pause Full (Ergonomics) 1581M->1342M(1820M) 81.406ms
[167.355s][info][gc,cpu         ] GC(1034) User=0.66s Sys=0.41s Real=0.08s
[167.371s][info][gc,start       ] GC(1035) Pause Full (Ergonomics)
[167.371s][info][gc,phases,start] GC(1035) Marking Phase
[167.412s][info][gc,phases      ] GC(1035) Marking Phase 41.091ms
[167.412s][info][gc,phases,start] GC(1035) Summary Phase
[167.412s][info][gc,phases      ] GC(1035) Summary Phase 0.066ms
[167.412s][info][gc,phases,start] GC(1035) Adjust Roots
[167.430s][info][gc,phases      ] GC(1035) Adjust Roots 17.310ms
[167.430s][info][gc,phases,start] GC(1035) Compaction Phase
[167.455s][info][gc,phases      ] GC(1035) Compaction Phase 25.611ms
[167.476s][info][gc,phases,start] GC(1035) Post Compact
[167.485s][info][gc,phases      ] GC(1035) Post Compact 9.519ms
[167.485s][info][gc,heap        ] GC(1035) PSYoungGen: 232960K(465920K)->0K(465920K) Eden: 232960K(232960K)->0K(232960K) From: 0K(232960K)->0K(232960K)
[167.485s][info][gc,heap        ] GC(1035) ParOldGen: 1374670K(1398272K)->1374940K(1398272K)
[167.485s][info][gc,metaspace   ] GC(1035) Metaspace: 124876K(129280K)->124876K(129280K) NonClass: 106782K(107584K)->106782K(107584K) Class: 18094K(21696K)->18094K(21696K)
[167.485s][info][gc             ] GC(1035) Pause Full (Ergonomics) 1569M->1342M(1820M) 114.419ms
[167.486s][info][gc,cpu         ] GC(1035) User=1.22s Sys=0.02s Real=0.11s
[167.504s][info][gc,start       ] GC(1036) Pause Full (Ergonomics)
[167.504s][info][gc,phases,start] GC(1036) Marking Phase
[167.556s][info][gc,phases      ] GC(1036) Marking Phase 51.576ms
[167.556s][info][gc,phases,start] GC(1036) Summary Phase
[167.556s][info][gc,phases      ] GC(1036) Summary Phase 0.061ms
[167.556s][info][gc,phases,start] GC(1036) Adjust Roots
[167.570s][info][gc,phases      ] GC(1036) Adjust Roots 14.254ms
[167.570s][info][gc,phases,start] GC(1036) Compaction Phase
[167.591s][info][gc,phases      ] GC(1036) Compaction Phase 20.269ms
[167.591s][info][gc,phases,start] GC(1036) Post Compact
[167.599s][info][gc,phases      ] GC(1036) Post Compact 8.639ms
[167.599s][info][gc,heap        ] GC(1036) PSYoungGen: 232960K(465920K)->0K(465920K) Eden: 232960K(232960K)->0K(232960K) From: 0K(232960K)->0K(232960K)
[167.599s][info][gc,heap        ] GC(1036) ParOldGen: 1374940K(1398272K)->1374648K(1398272K)
[167.599s][info][gc,metaspace   ] GC(1036) Metaspace: 124876K(129280K)->124876K(129280K) NonClass: 106782K(107584K)->106782K(107584K) Class: 18094K(21696K)->18094K(21696K)
[167.599s][info][gc             ] GC(1036) Pause Full (Ergonomics) 1570M->1342M(1820M) 95.187ms
[167.599s][info][gc,cpu         ] GC(1036) User=1.52s Sys=0.00s Real=0.09s
[167.617s][info][gc,start       ] GC(1037) Pause Full (Ergonomics)
[167.617s][info][gc,phases,start] GC(1037) Marking Phase
[167.663s][info][gc,phases      ] GC(1037) Marking Phase 46.663ms
[167.663s][info][gc,phases,start] GC(1037) Summary Phase
[167.663s][info][gc,phases      ] GC(1037) Summary Phase 0.066ms
[167.663s][info][gc,phases,start] GC(1037) Adjust Roots
[167.681s][info][gc,phases      ] GC(1037) Adjust Roots 17.526ms
[167.681s][info][gc,phases,start] GC(1037) Compaction Phase
[167.700s][info][gc,phases      ] GC(1037) Compaction Phase 19.030ms
[167.700s][info][gc,phases,start] GC(1037) Post Compact
[167.710s][info][gc,phases      ] GC(1037) Post Compact 10.154ms
[167.710s][info][gc,heap        ] GC(1037) PSYoungGen: 232960K(465920K)->0K(465920K) Eden: 232960K(232960K)->0K(232960K) From: 0K(232960K)->0K(232960K)
[167.710s][info][gc,heap        ] GC(1037) ParOldGen: 1374648K(1398272K)->1381990K(1398272K)
[167.710s][info][gc,metaspace   ] GC(1037) Metaspace: 124876K(129280K)->124876K(129280K) NonClass: 106782K(107584K)->106782K(107584K) Class: 18094K(21696K)->18094K(21696K)
[167.710s][info][gc             ] GC(1037) Pause Full (Ergonomics) 1569M->1349M(1820M) 93.878ms
[167.711s][info][gc,cpu         ] GC(1037) User=1.61s Sys=0.00s Real=0.09s
[167.728s][info][gc,start       ] GC(1038) Pause Full (Ergonomics)
[167.728s][info][gc,phases,start] GC(1038) Marking Phase
[167.785s][info][gc,phases      ] GC(1038) Marking Phase 56.799ms
[167.785s][info][gc,phases,start] GC(1038) Summary Phase
[167.785s][info][gc,phases      ] GC(1038) Summary Phase 0.063ms
[167.785s][info][gc,phases,start] GC(1038) Adjust Roots
[167.799s][info][gc,phases      ] GC(1038) Adjust Roots 13.613ms
[167.799s][info][gc,phases,start] GC(1038) Compaction Phase
[167.820s][info][gc,phases      ] GC(1038) Compaction Phase 21.466ms
[167.820s][info][gc,phases,start] GC(1038) Post Compact
[167.829s][info][gc,phases      ] GC(1038) Post Compact 9.072ms
[167.829s][info][gc,heap        ] GC(1038) PSYoungGen: 232960K(465920K)->0K(465920K) Eden: 232960K(232960K)->0K(232960K) From: 0K(232960K)->0K(232960K)
[167.829s][info][gc,heap        ] GC(1038) ParOldGen: 1381990K(1398272K)->1388195K(1398272K)
[167.830s][info][gc,metaspace   ] GC(1038) Metaspace: 124876K(129280K)->124876K(129280K) NonClass: 106782K(107584K)->106782K(107584K) Class: 18094K(21696K)->18094K(21696K)
[167.830s][info][gc             ] GC(1038) Pause Full (Ergonomics) 1577M->1355M(1820M) 101.449ms
[167.830s][info][gc,cpu         ] GC(1038) User=1.95s Sys=0.13s Real=0.11s
[167.847s][info][gc,start       ] GC(1039) Pause Full (Ergonomics)
[167.847s][info][gc,phases,start] GC(1039) Marking Phase
[167.886s][info][gc,phases      ] GC(1039) Marking Phase 38.931ms
[167.886s][info][gc,phases,start] GC(1039) Summary Phase
[167.886s][info][gc,phases      ] GC(1039) Summary Phase 0.043ms
[167.886s][info][gc,phases,start] GC(1039) Adjust Roots
[167.897s][info][gc,phases      ] GC(1039) Adjust Roots 11.330ms
[167.897s][info][gc,phases,start] GC(1039) Compaction Phase
[168.005s][info][gc,phases      ] GC(1039) Compaction Phase 107.723ms
[168.005s][info][gc,phases,start] GC(1039) Post Compact
[168.013s][info][gc,phases      ] GC(1039) Post Compact 7.906ms
[168.013s][info][gc,heap        ] GC(1039) PSYoungGen: 232960K(465920K)->6379K(465920K) Eden: 232960K(232960K)->6379K(232960K) From: 0K(232960K)->0K(232960K)
[168.013s][info][gc,heap        ] GC(1039) ParOldGen: 1388195K(1398272K)->1393942K(1398272K)
[168.013s][info][gc,metaspace   ] GC(1039) Metaspace: 124876K(129280K)->124876K(129280K) NonClass: 106782K(107584K)->106782K(107584K) Class: 18094K(21696K)->18094K(21696K)
[168.013s][info][gc             ] GC(1039) Pause Full (Ergonomics) 1583M->1367M(1820M) 166.272ms
[168.013s][info][gc,cpu         ] GC(1039) User=4.95s Sys=0.05s Real=0.17s
[168.027s][info][gc,start       ] GC(1040) Pause Full (Ergonomics)
[168.027s][info][gc,phases,start] GC(1040) Marking Phase
[168.066s][info][gc,phases      ] GC(1040) Marking Phase 38.556ms
[168.066s][info][gc,phases,start] GC(1040) Summary Phase
[168.066s][info][gc,phases      ] GC(1040) Summary Phase 0.042ms
[168.066s][info][gc,phases,start] GC(1040) Adjust Roots
[168.076s][info][gc,phases      ] GC(1040) Adjust Roots 10.771ms
[168.076s][info][gc,phases,start] GC(1040) Compaction Phase
[168.113s][info][gc,phases      ] GC(1040) Compaction Phase 36.411ms
[168.113s][info][gc,phases,start] GC(1040) Post Compact
[168.121s][info][gc,phases      ] GC(1040) Post Compact 7.953ms
[168.121s][info][gc,heap        ] GC(1040) PSYoungGen: 232960K(465920K)->3305K(465920K) Eden: 232960K(232960K)->3305K(232960K) From: 0K(232960K)->0K(232960K)
[168.121s][info][gc,heap        ] GC(1040) ParOldGen: 1393942K(1398272K)->1397098K(1398272K)
[168.121s][info][gc,metaspace   ] GC(1040) Metaspace: 124878K(129280K)->124878K(129280K) NonClass: 106784K(107584K)->106784K(107584K) Class: 18094K(21696K)->18094K(21696K)
[168.121s][info][gc             ] GC(1040) Pause Full (Ergonomics) 1588M->1367M(1820M) 94.051ms
[168.121s][info][gc,cpu         ] GC(1040) User=1.47s Sys=0.00s Real=0.09s
[168.134s][info][gc,start       ] GC(1041) Pause Full (Ergonomics)
[168.134s][info][gc,phases,start] GC(1041) Marking Phase
[168.182s][info][gc,phases      ] GC(1041) Marking Phase 47.492ms
[168.182s][info][gc,phases,start] GC(1041) Summary Phase
[168.182s][info][gc,phases      ] GC(1041) Summary Phase 0.042ms
[168.182s][info][gc,phases,start] GC(1041) Adjust Roots
[168.195s][info][gc,phases      ] GC(1041) Adjust Roots 12.877ms
[168.195s][info][gc,phases,start] GC(1041) Compaction Phase
[168.232s][info][gc,phases      ] GC(1041) Compaction Phase 37.116ms
[168.232s][info][gc,phases,start] GC(1041) Post Compact
[168.240s][info][gc,phases      ] GC(1041) Post Compact 7.923ms
[168.240s][info][gc,heap        ] GC(1041) PSYoungGen: 232960K(465920K)->7620K(465920K) Eden: 232960K(232960K)->7620K(232960K) From: 0K(232960K)->0K(232960K)
[168.240s][info][gc,heap        ] GC(1041) ParOldGen: 1397098K(1398272K)->1396221K(1398272K)
[168.240s][info][gc,metaspace   ] GC(1041) Metaspace: 124879K(129280K)->124879K(129280K) NonClass: 106785K(107584K)->106785K(107584K) Class: 18094K(21696K)->18094K(21696K)
[168.240s][info][gc             ] GC(1041) Pause Full (Ergonomics) 1591M->1370M(1820M) 105.795ms
[168.240s][info][gc,cpu         ] GC(1041) User=3.23s Sys=0.03s Real=0.11s
[168.254s][info][gc,start       ] GC(1042) Pause Full (Ergonomics)
[168.254s][info][gc,phases,start] GC(1042) Marking Phase
[168.302s][info][gc,phases      ] GC(1042) Marking Phase 47.899ms
[168.302s][info][gc,phases,start] GC(1042) Summary Phase
[168.302s][info][gc,phases      ] GC(1042) Summary Phase 0.047ms
[168.302s][info][gc,phases,start] GC(1042) Adjust Roots
[168.319s][info][gc,phases      ] GC(1042) Adjust Roots 17.001ms
[168.319s][info][gc,phases,start] GC(1042) Compaction Phase
[168.357s][info][gc,phases      ] GC(1042) Compaction Phase 37.463ms
[168.357s][info][gc,phases,start] GC(1042) Post Compact
[168.365s][info][gc,phases      ] GC(1042) Post Compact 7.937ms
[168.365s][info][gc,heap        ] GC(1042) PSYoungGen: 232960K(465920K)->13876K(465920K) Eden: 232960K(232960K)->13876K(232960K) From: 0K(232960K)->0K(232960K)
[168.365s][info][gc,heap        ] GC(1042) ParOldGen: 1396221K(1398272K)->1396772K(1398272K)
[168.365s][info][gc,metaspace   ] GC(1042) Metaspace: 124879K(129280K)->124879K(129280K) NonClass: 106785K(107584K)->106785K(107584K) Class: 18094K(21696K)->18094K(21696K)
[168.365s][info][gc             ] GC(1042) Pause Full (Ergonomics) 1590M->1377M(1820M) 110.723ms
[168.365s][info][gc,cpu         ] GC(1042) User=2.97s Sys=0.00s Real=0.11s
[168.378s][info][gc,start       ] GC(1043) Pause Full (Ergonomics)
[168.378s][info][gc,phases,start] GC(1043) Marking Phase
[168.416s][info][gc,phases      ] GC(1043) Marking Phase 38.150ms
[168.416s][info][gc,phases,start] GC(1043) Summary Phase
[168.416s][info][gc,phases      ] GC(1043) Summary Phase 0.043ms
[168.416s][info][gc,phases,start] GC(1043) Adjust Roots
[168.431s][info][gc,phases      ] GC(1043) Adjust Roots 14.423ms
[168.431s][info][gc,phases,start] GC(1043) Compaction Phase
[168.468s][info][gc,phases      ] GC(1043) Compaction Phase 36.885ms
[168.468s][info][gc,phases,start] GC(1043) Post Compact
[168.476s][info][gc,phases      ] GC(1043) Post Compact 7.960ms
[168.476s][info][gc,heap        ] GC(1043) PSYoungGen: 232960K(465920K)->20141K(465920K) Eden: 232960K(232960K)->20141K(232960K) From: 0K(232960K)->0K(232960K)
[168.476s][info][gc,heap        ] GC(1043) ParOldGen: 1396772K(1398272K)->1397593K(1398272K)
[168.476s][info][gc,metaspace   ] GC(1043) Metaspace: 124880K(129280K)->124880K(129280K) NonClass: 106786K(107584K)->106786K(107584K) Class: 18094K(21696K)->18094K(21696K)
[168.476s][info][gc             ] GC(1043) Pause Full (Ergonomics) 1591M->1384M(1820M) 97.769ms
[168.476s][info][gc,cpu         ] GC(1043) User=2.06s Sys=0.00s Real=0.11s
[168.490s][info][gc,start       ] GC(1044) Pause Full (Ergonomics)
[168.491s][info][gc,phases,start] GC(1044) Marking Phase
[168.530s][info][gc,phases      ] GC(1044) Marking Phase 39.474ms
[168.530s][info][gc,phases,start] GC(1044) Summary Phase
[168.530s][info][gc,phases      ] GC(1044) Summary Phase 0.045ms
[168.530s][info][gc,phases,start] GC(1044) Adjust Roots
[168.549s][info][gc,phases      ] GC(1044) Adjust Roots 18.904ms
[168.549s][info][gc,phases,start] GC(1044) Compaction Phase
[168.586s][info][gc,phases      ] GC(1044) Compaction Phase 37.325ms
[168.586s][info][gc,phases,start] GC(1044) Post Compact
[168.594s][info][gc,phases      ] GC(1044) Post Compact 7.941ms
[168.594s][info][gc,heap        ] GC(1044) PSYoungGen: 232960K(465920K)->20261K(465920K) Eden: 232960K(232960K)->20261K(232960K) From: 0K(232960K)->0K(232960K)
[168.594s][info][gc,heap        ] GC(1044) ParOldGen: 1397593K(1398272K)->1397884K(1398272K)
[168.595s][info][gc,metaspace   ] GC(1044) Metaspace: 124880K(129280K)->124880K(129280K) NonClass: 106786K(107584K)->106786K(107584K) Class: 18094K(21696K)->18094K(21696K)
[168.595s][info][gc             ] GC(1044) Pause Full (Ergonomics) 1592M->1384M(1820M) 104.066ms
[168.595s][info][gc,cpu         ] GC(1044) User=1.95s Sys=0.02s Real=0.09s
[168.609s][info][gc,start       ] GC(1045) Pause Full (Ergonomics)
[168.609s][info][gc,phases,start] GC(1045) Marking Phase
[168.654s][info][gc,phases      ] GC(1045) Marking Phase 45.630ms
[168.654s][info][gc,phases,start] GC(1045) Summary Phase
[168.654s][info][gc,phases      ] GC(1045) Summary Phase 0.043ms
[168.654s][info][gc,phases,start] GC(1045) Adjust Roots
[168.667s][info][gc,phases      ] GC(1045) Adjust Roots 12.990ms
[168.667s][info][gc,phases,start] GC(1045) Compaction Phase
[168.705s][info][gc,phases      ] GC(1045) Compaction Phase 37.386ms
[168.705s][info][gc,phases,start] GC(1045) Post Compact
[168.713s][info][gc,phases      ] GC(1045) Post Compact 7.936ms
[168.713s][info][gc,heap        ] GC(1045) PSYoungGen: 230133K(465920K)->18942K(465920K) Eden: 230133K(232960K)->18942K(232960K) From: 0K(232960K)->0K(232960K)
[168.713s][info][gc,heap        ] GC(1045) ParOldGen: 1397884K(1398272K)->1394865K(1398272K)
[168.713s][info][gc,metaspace   ] GC(1045) Metaspace: 124880K(129280K)->124880K(129280K) NonClass: 106786K(107584K)->106786K(107584K) Class: 18094K(21696K)->18094K(21696K)
[168.713s][info][gc             ] GC(1045) Pause Full (Ergonomics) 1589M->1380M(1820M) 104.296ms
[168.713s][info][gc,cpu         ] GC(1045) User=2.06s Sys=0.02s Real=0.11s
[168.728s][info][gc,start       ] GC(1046) Pause Full (Ergonomics)
[168.728s][info][gc,phases,start] GC(1046) Marking Phase
[168.773s][info][gc,phases      ] GC(1046) Marking Phase 44.373ms
[168.773s][info][gc,phases,start] GC(1046) Summary Phase
[168.773s][info][gc,phases      ] GC(1046) Summary Phase 0.043ms
[168.773s][info][gc,phases,start] GC(1046) Adjust Roots
[168.785s][info][gc,phases      ] GC(1046) Adjust Roots 11.797ms
[168.785s][info][gc,phases,start] GC(1046) Compaction Phase
[168.821s][info][gc,phases      ] GC(1046) Compaction Phase 36.677ms
[168.821s][info][gc,phases,start] GC(1046) Post Compact
[168.829s][info][gc,phases      ] GC(1046) Post Compact 7.947ms
[168.829s][info][gc,heap        ] GC(1046) PSYoungGen: 232960K(465920K)->10228K(465920K) Eden: 232960K(232960K)->10228K(232960K) From: 0K(232960K)->0K(232960K)
[168.829s][info][gc,heap        ] GC(1046) ParOldGen: 1394865K(1398272K)->1397268K(1398272K)
[168.829s][info][gc,metaspace   ] GC(1046) Metaspace: 124881K(129280K)->124881K(129280K) NonClass: 106787K(107584K)->106787K(107584K) Class: 18094K(21696K)->18094K(21696K)
[168.829s][info][gc             ] GC(1046) Pause Full (Ergonomics) 1589M->1374M(1820M) 101.161ms
[168.830s][info][gc,cpu         ] GC(1046) User=2.11s Sys=0.00s Real=0.11s
[168.846s][info][gc,start       ] GC(1047) Pause Full (Ergonomics)
[168.846s][info][gc,phases,start] GC(1047) Marking Phase
[168.885s][info][gc,phases      ] GC(1047) Marking Phase 39.213ms
[168.885s][info][gc,phases,start] GC(1047) Summary Phase
[168.885s][info][gc,phases      ] GC(1047) Summary Phase 0.045ms
[168.885s][info][gc,phases,start] GC(1047) Adjust Roots
[168.903s][info][gc,phases      ] GC(1047) Adjust Roots 17.998ms
[168.903s][info][gc,phases,start] GC(1047) Compaction Phase
[168.940s][info][gc,phases      ] GC(1047) Compaction Phase 36.524ms
[168.940s][info][gc,phases,start] GC(1047) Post Compact
[168.948s][info][gc,phases      ] GC(1047) Post Compact 7.941ms
[168.948s][info][gc,heap        ] GC(1047) PSYoungGen: 232960K(465920K)->14011K(465920K) Eden: 232960K(232960K)->14011K(232960K) From: 0K(232960K)->0K(232960K)
[168.948s][info][gc,heap        ] GC(1047) ParOldGen: 1397268K(1398272K)->1394553K(1398272K)
[168.948s][info][gc,metaspace   ] GC(1047) Metaspace: 124881K(129280K)->124881K(129280K) NonClass: 106787K(107584K)->106787K(107584K) Class: 18094K(21696K)->18094K(21696K)
[168.948s][info][gc             ] GC(1047) Pause Full (Ergonomics) 1592M->1375M(1820M) 102.055ms
[168.948s][info][gc,cpu         ] GC(1047) User=1.61s Sys=0.00s Real=0.09s
[168.964s][info][gc,start       ] GC(1048) Pause Full (Ergonomics)
[168.964s][info][gc,phases,start] GC(1048) Marking Phase
[169.009s][info][gc,phases      ] GC(1048) Marking Phase 44.726ms
[169.009s][info][gc,phases,start] GC(1048) Summary Phase
[169.009s][info][gc,phases      ] GC(1048) Summary Phase 0.048ms
[169.009s][info][gc,phases,start] GC(1048) Adjust Roots
[169.027s][info][gc,phases      ] GC(1048) Adjust Roots 17.964ms
[169.027s][info][gc,phases,start] GC(1048) Compaction Phase
[169.063s][info][gc,phases      ] GC(1048) Compaction Phase 36.252ms
[169.063s][info][gc,phases,start] GC(1048) Post Compact
[169.071s][info][gc,phases      ] GC(1048) Post Compact 7.931ms
[169.071s][info][gc,heap        ] GC(1048) PSYoungGen: 232960K(465920K)->3892K(465920K) Eden: 232960K(232960K)->3892K(232960K) From: 0K(232960K)->0K(232960K)
[169.071s][info][gc,heap        ] GC(1048) ParOldGen: 1394553K(1398272K)->1398264K(1398272K)
[169.071s][info][gc,metaspace   ] GC(1048) Metaspace: 124881K(129280K)->124881K(129280K) NonClass: 106787K(107584K)->106787K(107584K) Class: 18094K(21696K)->18094K(21696K)
[169.071s][info][gc             ] GC(1048) Pause Full (Ergonomics) 1589M->1369M(1820M) 107.284ms
[169.071s][info][gc,cpu         ] GC(1048) User=1.53s Sys=0.02s Real=0.11s
[169.090s][info][gc,start       ] GC(1049) Pause Full (Ergonomics)
[169.090s][info][gc,phases,start] GC(1049) Marking Phase
[169.129s][info][gc,phases      ] GC(1049) Marking Phase 38.280ms
[169.129s][info][gc,phases,start] GC(1049) Summary Phase
[169.129s][info][gc,phases      ] GC(1049) Summary Phase 0.042ms
[169.129s][info][gc,phases,start] GC(1049) Adjust Roots
[169.143s][info][gc,phases      ] GC(1049) Adjust Roots 14.668ms
[169.143s][info][gc,phases,start] GC(1049) Compaction Phase
[169.164s][info][gc,phases      ] GC(1049) Compaction Phase 20.543ms
[169.164s][info][gc,phases,start] GC(1049) Post Compact
[169.173s][info][gc,phases      ] GC(1049) Post Compact 9.122ms
[169.173s][info][gc,heap        ] GC(1049) PSYoungGen: 232960K(465920K)->3906K(465920K) Eden: 232960K(232960K)->3906K(232960K) From: 0K(232960K)->0K(232960K)
[169.173s][info][gc,heap        ] GC(1049) ParOldGen: 1398264K(1398272K)->1398262K(1398272K)
[169.173s][info][gc,metaspace   ] GC(1049) Metaspace: 124881K(129280K)->124881K(129280K) NonClass: 106787K(107584K)->106787K(107584K) Class: 18094K(21696K)->18094K(21696K)
[169.173s][info][gc             ] GC(1049) Pause Full (Ergonomics) 1592M->1369M(1820M) 83.056ms
[169.173s][info][gc,cpu         ] GC(1049) User=0.67s Sys=0.00s Real=0.08s
[169.202s][info][gc,start       ] GC(1050) Pause Full (Ergonomics)
[169.202s][info][gc,phases,start] GC(1050) Marking Phase
[169.250s][info][gc,phases      ] GC(1050) Marking Phase 48.136ms
[169.250s][info][gc,phases,start] GC(1050) Summary Phase
[169.250s][info][gc,phases      ] GC(1050) Summary Phase 0.040ms
[169.250s][info][gc,phases,start] GC(1050) Adjust Roots
[169.261s][info][gc,phases      ] GC(1050) Adjust Roots 10.272ms
[169.261s][info][gc,phases,start] GC(1050) Compaction Phase
[169.276s][info][gc,phases      ] GC(1050) Compaction Phase 15.398ms
[169.276s][info][gc,phases,start] GC(1050) Post Compact
[169.286s][info][gc,phases      ] GC(1050) Post Compact 9.701ms
[169.286s][info][gc,heap        ] GC(1050) PSYoungGen: 232960K(465920K)->3906K(465920K) Eden: 232960K(232960K)->3906K(232960K) From: 0K(232960K)->0K(232960K)
[169.286s][info][gc,heap        ] GC(1050) ParOldGen: 1398262K(1398272K)->1398260K(1398272K)
[169.286s][info][gc,metaspace   ] GC(1050) Metaspace: 124881K(129280K)->124881K(129280K) NonClass: 106787K(107584K)->106787K(107584K) Class: 18094K(21696K)->18094K(21696K)
[169.286s][info][gc             ] GC(1050) Pause Full (Ergonomics) 1592M->1369M(1820M) 83.925ms
[169.286s][info][gc,cpu         ] GC(1050) User=1.14s Sys=0.00s Real=0.09s
[169.311s][info][gc,start       ] GC(1051) Pause Full (Ergonomics)
[169.311s][info][gc,phases,start] GC(1051) Marking Phase
[169.356s][info][gc,phases      ] GC(1051) Marking Phase 44.757ms
[169.356s][info][gc,phases,start] GC(1051) Summary Phase
[169.356s][info][gc,phases      ] GC(1051) Summary Phase 0.043ms
[169.356s][info][gc,phases,start] GC(1051) Adjust Roots
[169.368s][info][gc,phases      ] GC(1051) Adjust Roots 11.665ms
[169.368s][info][gc,phases,start] GC(1051) Compaction Phase
[169.391s][info][gc,phases      ] GC(1051) Compaction Phase 23.769ms
[169.391s][info][gc,phases,start] GC(1051) Post Compact
[169.401s][info][gc,phases      ] GC(1051) Post Compact 9.831ms
[169.401s][info][gc,heap        ] GC(1051) PSYoungGen: 232960K(465920K)->3912K(465920K) Eden: 232960K(232960K)->3912K(232960K) From: 0K(232960K)->0K(232960K)
[169.401s][info][gc,heap        ] GC(1051) ParOldGen: 1398260K(1398272K)->1398260K(1398272K)
[169.401s][info][gc,metaspace   ] GC(1051) Metaspace: 124881K(129280K)->124881K(129280K) NonClass: 106787K(107584K)->106787K(107584K) Class: 18094K(21696K)->18094K(21696K)
[169.401s][info][gc             ] GC(1051) Pause Full (Ergonomics) 1592M->1369M(1820M) 90.402ms
[169.401s][info][gc,cpu         ] GC(1051) User=1.13s Sys=0.00s Real=0.09s
[169.427s][info][gc,start       ] GC(1052) Pause Full (Ergonomics)
[169.427s][info][gc,phases,start] GC(1052) Marking Phase
[169.473s][info][gc,phases      ] GC(1052) Marking Phase 45.941ms
[169.473s][info][gc,phases,start] GC(1052) Summary Phase
[169.473s][info][gc,phases      ] GC(1052) Summary Phase 0.041ms
[169.473s][info][gc,phases,start] GC(1052) Adjust Roots
[169.490s][info][gc,phases      ] GC(1052) Adjust Roots 17.214ms
[169.490s][info][gc,phases,start] GC(1052) Compaction Phase
[169.506s][info][gc,phases      ] GC(1052) Compaction Phase 16.137ms
[169.506s][info][gc,phases,start] GC(1052) Post Compact
[169.517s][info][gc,phases      ] GC(1052) Post Compact 10.534ms
[169.517s][info][gc,heap        ] GC(1052) PSYoungGen: 232960K(465920K)->3908K(465920K) Eden: 232960K(232960K)->3908K(232960K) From: 0K(232960K)->0K(232960K)
[169.517s][info][gc,heap        ] GC(1052) ParOldGen: 1398260K(1398272K)->1398260K(1398272K)
[169.517s][info][gc,metaspace   ] GC(1052) Metaspace: 124881K(129280K)->124881K(129280K) NonClass: 106787K(107584K)->106787K(107584K) Class: 18094K(21696K)->18094K(21696K)
[169.517s][info][gc             ] GC(1052) Pause Full (Ergonomics) 1592M->1369M(1820M) 90.331ms
[169.517s][info][gc,cpu         ] GC(1052) User=2.08s Sys=0.00s Real=0.09s
[169.544s][info][gc,start       ] GC(1053) Pause Full (Ergonomics)
[169.544s][info][gc,phases,start] GC(1053) Marking Phase
[169.587s][info][gc,phases      ] GC(1053) Marking Phase 43.496ms
[169.588s][info][gc,phases,start] GC(1053) Summary Phase
[169.588s][info][gc,phases      ] GC(1053) Summary Phase 0.041ms
[169.588s][info][gc,phases,start] GC(1053) Adjust Roots
[169.603s][info][gc,phases      ] GC(1053) Adjust Roots 15.853ms
[169.603s][info][gc,phases,start] GC(1053) Compaction Phase
[169.623s][info][gc,phases      ] GC(1053) Compaction Phase 19.961ms
[169.623s][info][gc,phases,start] GC(1053) Post Compact
[169.633s][info][gc,phases      ] GC(1053) Post Compact 9.983ms
[169.634s][info][gc,heap        ] GC(1053) PSYoungGen: 232960K(465920K)->3909K(465920K) Eden: 232960K(232960K)->3909K(232960K) From: 0K(232960K)->0K(232960K)
[169.634s][info][gc,heap        ] GC(1053) ParOldGen: 1398260K(1398272K)->1398260K(1398272K)
[169.634s][info][gc,metaspace   ] GC(1053) Metaspace: 124881K(129280K)->124881K(129280K) NonClass: 106787K(107584K)->106787K(107584K) Class: 18094K(21696K)->18094K(21696K)
[169.634s][info][gc             ] GC(1053) Pause Full (Ergonomics) 1592M->1369M(1820M) 89.717ms
[169.634s][info][gc,cpu         ] GC(1053) User=1.13s Sys=0.00s Real=0.09s
[169.661s][info][gc,start       ] GC(1054) Pause Full (Ergonomics)
[169.661s][info][gc,phases,start] GC(1054) Marking Phase
[169.706s][info][gc,phases      ] GC(1054) Marking Phase 45.102ms
[169.706s][info][gc,phases,start] GC(1054) Summary Phase
[169.706s][info][gc,phases      ] GC(1054) Summary Phase 0.042ms
[169.706s][info][gc,phases,start] GC(1054) Adjust Roots
[169.717s][info][gc,phases      ] GC(1054) Adjust Roots 11.061ms
[169.717s][info][gc,phases,start] GC(1054) Compaction Phase
[169.735s][info][gc,phases      ] GC(1054) Compaction Phase 18.294ms
[169.735s][info][gc,phases,start] GC(1054) Post Compact
[169.746s][info][gc,phases      ] GC(1054) Post Compact 10.412ms
[169.746s][info][gc,heap        ] GC(1054) PSYoungGen: 232960K(465920K)->3908K(465920K) Eden: 232960K(232960K)->3908K(232960K) From: 0K(232960K)->0K(232960K)
[169.746s][info][gc,heap        ] GC(1054) ParOldGen: 1398260K(1398272K)->1398260K(1398272K)
[169.746s][info][gc,metaspace   ] GC(1054) Metaspace: 124881K(129280K)->124881K(129280K) NonClass: 106787K(107584K)->106787K(107584K) Class: 18094K(21696K)->18094K(21696K)
[169.746s][info][gc             ] GC(1054) Pause Full (Ergonomics) 1592M->1369M(1820M) 85.356ms
[169.746s][info][gc,cpu         ] GC(1054) User=1.13s Sys=0.00s Real=0.09s
[169.774s][info][gc,start       ] GC(1055) Pause Full (Ergonomics)
[169.774s][info][gc,phases,start] GC(1055) Marking Phase
[169.818s][info][gc,phases      ] GC(1055) Marking Phase 44.032ms
[169.818s][info][gc,phases,start] GC(1055) Summary Phase
[169.818s][info][gc,phases      ] GC(1055) Summary Phase 0.040ms
[169.818s][info][gc,phases,start] GC(1055) Adjust Roots
[169.833s][info][gc,phases      ] GC(1055) Adjust Roots 14.823ms
[169.833s][info][gc,phases,start] GC(1055) Compaction Phase
[169.851s][info][gc,phases      ] GC(1055) Compaction Phase 18.430ms
[169.851s][info][gc,phases,start] GC(1055) Post Compact
[169.862s][info][gc,phases      ] GC(1055) Post Compact 10.638ms
[169.862s][info][gc,heap        ] GC(1055) PSYoungGen: 232960K(465920K)->3912K(465920K) Eden: 232960K(232960K)->3912K(232960K) From: 0K(232960K)->0K(232960K)
[169.862s][info][gc,heap        ] GC(1055) ParOldGen: 1398260K(1398272K)->1398260K(1398272K)
[169.862s][info][gc,metaspace   ] GC(1055) Metaspace: 124881K(129280K)->124881K(129280K) NonClass: 106787K(107584K)->106787K(107584K) Class: 18094K(21696K)->18094K(21696K)
[169.862s][info][gc             ] GC(1055) Pause Full (Ergonomics) 1592M->1369M(1820M) 88.421ms
[169.862s][info][gc,cpu         ] GC(1055) User=1.06s Sys=0.02s Real=0.09s
[169.886s][info][gc,start       ] GC(1056) Pause Full (Ergonomics)
[169.886s][info][gc,phases,start] GC(1056) Marking Phase
[169.932s][info][gc,phases      ] GC(1056) Marking Phase 46.109ms
[169.932s][info][gc,phases,start] GC(1056) Summary Phase
[169.932s][info][gc,phases      ] GC(1056) Summary Phase 0.039ms
[169.932s][info][gc,phases,start] GC(1056) Adjust Roots
[169.945s][info][gc,phases      ] GC(1056) Adjust Roots 13.382ms
[169.945s][info][gc,phases,start] GC(1056) Compaction Phase
[169.965s][info][gc,phases      ] GC(1056) Compaction Phase 20.142ms
[169.966s][info][gc,phases,start] GC(1056) Post Compact
[169.975s][info][gc,phases      ] GC(1056) Post Compact 9.850ms
[169.975s][info][gc,heap        ] GC(1056) PSYoungGen: 232960K(465920K)->3896K(465920K) Eden: 232960K(232960K)->3896K(232960K) From: 0K(232960K)->0K(232960K)
[169.975s][info][gc,heap        ] GC(1056) ParOldGen: 1398260K(1398272K)->1398260K(1398272K)
[169.976s][info][gc,metaspace   ] GC(1056) Metaspace: 124881K(129280K)->124881K(129280K) NonClass: 106787K(107584K)->106787K(107584K) Class: 18094K(21696K)->18094K(21696K)
[169.976s][info][gc             ] GC(1056) Pause Full (Ergonomics) 1592M->1369M(1820M) 89.876ms
[169.976s][info][gc,cpu         ] GC(1056) User=1.17s Sys=0.00s Real=0.09s
[170.003s][info][gc,start       ] GC(1057) Pause Full (Ergonomics)
[170.003s][info][gc,phases,start] GC(1057) Marking Phase
[170.054s][info][gc,phases      ] GC(1057) Marking Phase 51.283ms
[170.054s][info][gc,phases,start] GC(1057) Summary Phase
[170.054s][info][gc,phases      ] GC(1057) Summary Phase 0.039ms
[170.054s][info][gc,phases,start] GC(1057) Adjust Roots
[170.067s][info][gc,phases      ] GC(1057) Adjust Roots 12.612ms
[170.067s][info][gc,phases,start] GC(1057) Compaction Phase
[170.084s][info][gc,phases      ] GC(1057) Compaction Phase 17.636ms
[170.084s][info][gc,phases,start] GC(1057) Post Compact
[170.095s][info][gc,phases      ] GC(1057) Post Compact 10.665ms
[170.095s][info][gc,heap        ] GC(1057) PSYoungGen: 232960K(465920K)->3922K(465920K) Eden: 232960K(232960K)->3922K(232960K) From: 0K(232960K)->0K(232960K)
[170.095s][info][gc,heap        ] GC(1057) ParOldGen: 1398260K(1398272K)->1398260K(1398272K)
[170.095s][info][gc,metaspace   ] GC(1057) Metaspace: 124881K(129280K)->124881K(129280K) NonClass: 106787K(107584K)->106787K(107584K) Class: 18094K(21696K)->18094K(21696K)
[170.095s][info][gc             ] GC(1057) Pause Full (Ergonomics) 1592M->1369M(1820M) 92.643ms
[170.095s][info][gc,cpu         ] GC(1057) User=1.03s Sys=0.03s Real=0.09s
[170.120s][info][gc,start       ] GC(1058) Pause Full (Ergonomics)
[170.120s][info][gc,phases,start] GC(1058) Marking Phase
[170.172s][info][gc,phases      ] GC(1058) Marking Phase 51.797ms
[170.172s][info][gc,phases,start] GC(1058) Summary Phase
[170.172s][info][gc,phases      ] GC(1058) Summary Phase 0.042ms
[170.172s][info][gc,phases,start] GC(1058) Adjust Roots
[170.186s][info][gc,phases      ] GC(1058) Adjust Roots 13.941ms
[170.186s][info][gc,phases,start] GC(1058) Compaction Phase
[170.206s][info][gc,phases      ] GC(1058) Compaction Phase 19.690ms
[170.206s][info][gc,phases,start] GC(1058) Post Compact
[170.217s][info][gc,phases      ] GC(1058) Post Compact 10.536ms
[170.217s][info][gc,heap        ] GC(1058) PSYoungGen: 232960K(465920K)->3910K(465920K) Eden: 232960K(232960K)->3910K(232960K) From: 0K(232960K)->0K(232960K)
[170.217s][info][gc,heap        ] GC(1058) ParOldGen: 1398260K(1398272K)->1398260K(1398272K)
[170.217s][info][gc,metaspace   ] GC(1058) Metaspace: 124881K(129280K)->124881K(129280K) NonClass: 106787K(107584K)->106787K(107584K) Class: 18094K(21696K)->18094K(21696K)
[170.217s][info][gc             ] GC(1058) Pause Full (Ergonomics) 1592M->1369M(1820M) 96.441ms
[170.217s][info][gc,cpu         ] GC(1058) User=1.63s Sys=0.00s Real=0.11s
[170.243s][info][gc,start       ] GC(1059) Pause Full (Ergonomics)
[170.243s][info][gc,phases,start] GC(1059) Marking Phase
[170.290s][info][gc,phases      ] GC(1059) Marking Phase 46.839ms
[170.290s][info][gc,phases,start] GC(1059) Summary Phase
[170.290s][info][gc,phases      ] GC(1059) Summary Phase 0.040ms
[170.290s][info][gc,phases,start] GC(1059) Adjust Roots
[170.310s][info][gc,phases      ] GC(1059) Adjust Roots 19.698ms
[170.310s][info][gc,phases,start] GC(1059) Compaction Phase
[170.333s][info][gc,phases      ] GC(1059) Compaction Phase 23.294ms
[170.333s][info][gc,phases,start] GC(1059) Post Compact
[170.344s][info][gc,phases      ] GC(1059) Post Compact 10.925ms
[170.344s][info][gc,heap        ] GC(1059) PSYoungGen: 232960K(465920K)->3896K(465920K) Eden: 232960K(232960K)->3896K(232960K) From: 0K(232960K)->0K(232960K)
[170.344s][info][gc,heap        ] GC(1059) ParOldGen: 1398260K(1398272K)->1398260K(1398272K)
[170.344s][info][gc,metaspace   ] GC(1059) Metaspace: 124881K(129280K)->124881K(129280K) NonClass: 106787K(107584K)->106787K(107584K) Class: 18094K(21696K)->18094K(21696K)
[170.344s][info][gc             ] GC(1059) Pause Full (Ergonomics) 1592M->1369M(1820M) 101.207ms
[170.344s][info][gc,cpu         ] GC(1059) User=1.19s Sys=0.02s Real=0.11s
[170.369s][info][gc,start       ] GC(1060) Pause Full (Ergonomics)
[170.370s][info][gc,phases,start] GC(1060) Marking Phase
[170.414s][info][gc,phases      ] GC(1060) Marking Phase 44.671ms
[170.414s][info][gc,phases,start] GC(1060) Summary Phase
[170.414s][info][gc,phases      ] GC(1060) Summary Phase 0.043ms
[170.414s][info][gc,phases,start] GC(1060) Adjust Roots
[170.423s][info][gc,phases      ] GC(1060) Adjust Roots 8.315ms
[170.423s][info][gc,phases,start] GC(1060) Compaction Phase
[170.441s][info][gc,phases      ] GC(1060) Compaction Phase 18.358ms
[170.441s][info][gc,phases,start] GC(1060) Post Compact
[170.452s][info][gc,phases      ] GC(1060) Post Compact 10.484ms
[170.452s][info][gc,heap        ] GC(1060) PSYoungGen: 232960K(465920K)->3911K(465920K) Eden: 232960K(232960K)->3911K(232960K) From: 0K(232960K)->0K(232960K)
[170.452s][info][gc,heap        ] GC(1060) ParOldGen: 1398260K(1398272K)->1398260K(1398272K)
[170.452s][info][gc,metaspace   ] GC(1060) Metaspace: 124881K(129280K)->124881K(129280K) NonClass: 106787K(107584K)->106787K(107584K) Class: 18094K(21696K)->18094K(21696K)
[170.452s][info][gc             ] GC(1060) Pause Full (Ergonomics) 1592M->1369M(1820M) 82.312ms
[170.452s][info][gc,cpu         ] GC(1060) User=1.08s Sys=0.00s Real=0.08s
[170.478s][info][gc,start       ] GC(1061) Pause Full (Ergonomics)
[170.478s][info][gc,phases,start] GC(1061) Marking Phase
[170.527s][info][gc,phases      ] GC(1061) Marking Phase 49.203ms
[170.527s][info][gc,phases,start] GC(1061) Summary Phase
[170.527s][info][gc,phases      ] GC(1061) Summary Phase 0.040ms
[170.527s][info][gc,phases,start] GC(1061) Adjust Roots
[170.535s][info][gc,phases      ] GC(1061) Adjust Roots 8.211ms
[170.535s][info][gc,phases,start] GC(1061) Compaction Phase
[170.551s][info][gc,phases      ] GC(1061) Compaction Phase 15.680ms
[170.551s][info][gc,phases,start] GC(1061) Post Compact
[170.561s][info][gc,phases      ] GC(1061) Post Compact 9.969ms
[170.561s][info][gc,heap        ] GC(1061) PSYoungGen: 232960K(465920K)->3915K(465920K) Eden: 232960K(232960K)->3915K(232960K) From: 0K(232960K)->0K(232960K)
[170.561s][info][gc,heap        ] GC(1061) ParOldGen: 1398260K(1398272K)->1398260K(1398272K)
[170.561s][info][gc,metaspace   ] GC(1061) Metaspace: 124881K(129280K)->124881K(129280K) NonClass: 106787K(107584K)->106787K(107584K) Class: 18094K(21696K)->18094K(21696K)
[170.561s][info][gc             ] GC(1061) Pause Full (Ergonomics) 1592M->1369M(1820M) 83.540ms
[170.561s][info][gc,cpu         ] GC(1061) User=0.95s Sys=0.03s Real=0.08s
[170.589s][info][gc,start       ] GC(1062) Pause Full (Ergonomics)
[170.589s][info][gc,phases,start] GC(1062) Marking Phase
[170.635s][info][gc,phases      ] GC(1062) Marking Phase 46.543ms
[170.635s][info][gc,phases,start] GC(1062) Summary Phase
[170.635s][info][gc,phases      ] GC(1062) Summary Phase 0.055ms
[170.635s][info][gc,phases,start] GC(1062) Adjust Roots
[170.652s][info][gc,phases      ] GC(1062) Adjust Roots 16.110ms
[170.652s][info][gc,phases,start] GC(1062) Compaction Phase
[170.685s][info][gc,phases      ] GC(1062) Compaction Phase 32.943ms
[170.685s][info][gc,phases,start] GC(1062) Post Compact
[170.693s][info][gc,phases      ] GC(1062) Post Compact 8.613ms
[170.693s][info][gc,heap        ] GC(1062) PSYoungGen: 232960K(465920K)->0K(465920K) Eden: 232960K(232960K)->0K(232960K) From: 0K(232960K)->0K(232960K)
[170.693s][info][gc,heap        ] GC(1062) ParOldGen: 1398260K(1398272K)->1353234K(1398272K)
[170.693s][info][gc,metaspace   ] GC(1062) Metaspace: 124881K(129280K)->124881K(129280K) NonClass: 106787K(107584K)->106787K(107584K) Class: 18094K(21696K)->18094K(21696K)
[170.693s][info][gc             ] GC(1062) Pause Full (Ergonomics) 1592M->1321M(1820M) 104.645ms
[170.693s][info][gc,cpu         ] GC(1062) User=2.00s Sys=0.02s Real=0.11s
[170.716s][info][gc,start       ] GC(1063) Pause Full (Ergonomics)
[170.716s][info][gc,phases,start] GC(1063) Marking Phase
[170.765s][info][gc,phases      ] GC(1063) Marking Phase 48.774ms
[170.765s][info][gc,phases,start] GC(1063) Summary Phase
[170.765s][info][gc,phases      ] GC(1063) Summary Phase 0.064ms
[170.765s][info][gc,phases,start] GC(1063) Adjust Roots
[170.783s][info][gc,phases      ] GC(1063) Adjust Roots 18.260ms
[170.783s][info][gc,phases,start] GC(1063) Compaction Phase
[170.805s][info][gc,phases      ] GC(1063) Compaction Phase 21.516ms
[170.805s][info][gc,phases,start] GC(1063) Post Compact
[170.815s][info][gc,phases      ] GC(1063) Post Compact 9.916ms
[170.815s][info][gc,heap        ] GC(1063) PSYoungGen: 232960K(465920K)->0K(465920K) Eden: 232960K(232960K)->0K(232960K) From: 0K(232960K)->0K(232960K)
[170.815s][info][gc,heap        ] GC(1063) ParOldGen: 1353234K(1398272K)->1345379K(1398272K)
[170.815s][info][gc,metaspace   ] GC(1063) Metaspace: 124881K(129280K)->124881K(129280K) NonClass: 106787K(107584K)->106787K(107584K) Class: 18094K(21696K)->18094K(21696K)
[170.815s][info][gc             ] GC(1063) Pause Full (Ergonomics) 1549M->1313M(1820M) 98.979ms
[170.815s][info][gc,cpu         ] GC(1063) User=1.52s Sys=0.00s Real=0.11s
[170.843s][info][gc,start       ] GC(1064) Pause Full (Ergonomics)
[170.843s][info][gc,phases,start] GC(1064) Marking Phase
[170.885s][info][gc,phases      ] GC(1064) Marking Phase 41.689ms
[170.885s][info][gc,phases,start] GC(1064) Summary Phase
[170.885s][info][gc,phases      ] GC(1064) Summary Phase 0.079ms
[170.885s][info][gc,phases,start] GC(1064) Adjust Roots
[170.904s][info][gc,phases      ] GC(1064) Adjust Roots 18.744ms
[170.904s][info][gc,phases,start] GC(1064) Compaction Phase
[170.933s][info][gc,phases      ] GC(1064) Compaction Phase 29.653ms
[170.933s][info][gc,phases,start] GC(1064) Post Compact
[170.941s][info][gc,phases      ] GC(1064) Post Compact 7.943ms
[170.941s][info][gc,heap        ] GC(1064) PSYoungGen: 232960K(465920K)->0K(465920K) Eden: 232960K(232960K)->0K(232960K) From: 0K(232960K)->0K(232960K)
[170.941s][info][gc,heap        ] GC(1064) ParOldGen: 1345379K(1398272K)->1296103K(1398272K)
[170.941s][info][gc,metaspace   ] GC(1064) Metaspace: 124881K(129280K)->124881K(129280K) NonClass: 106787K(107584K)->106787K(107584K) Class: 18094K(21696K)->18094K(21696K)
[170.942s][info][gc             ] GC(1064) Pause Full (Ergonomics) 1541M->1265M(1820M) 98.478ms
[170.942s][info][gc,cpu         ] GC(1064) User=2.09s Sys=0.00s Real=0.11s
[170.966s][info][gc,start       ] GC(1065) Pause Young (Allocation Failure)
[170.967s][info][gc,heap        ] GC(1065) PSYoungGen: 232960K(465920K)->815K(465920K) Eden: 232960K(232960K)->0K(232960K) From: 0K(232960K)->815K(232960K)
[170.967s][info][gc,heap        ] GC(1065) ParOldGen: 1296103K(1398272K)->1296103K(1398272K)
[170.967s][info][gc,metaspace   ] GC(1065) Metaspace: 124881K(129280K)->124881K(129280K) NonClass: 106787K(107584K)->106787K(107584K) Class: 18094K(21696K)->18094K(21696K)
[170.967s][info][gc             ] GC(1065) Pause Young (Allocation Failure) 1493M->1266M(1820M) 1.487ms
[170.967s][info][gc,cpu         ] GC(1065) User=0.00s Sys=0.00s Real=0.00s
[170.997s][info][gc,start       ] GC(1066) Pause Young (Allocation Failure)
[170.999s][info][gc,heap        ] GC(1066) PSYoungGen: 233775K(465920K)->1452K(465920K) Eden: 232960K(232960K)->0K(232960K) From: 815K(232960K)->1452K(232960K)
[170.999s][info][gc,heap        ] GC(1066) ParOldGen: 1296103K(1398272K)->1296103K(1398272K)
[170.999s][info][gc,metaspace   ] GC(1066) Metaspace: 124881K(129280K)->124881K(129280K) NonClass: 106787K(107584K)->106787K(107584K) Class: 18094K(21696K)->18094K(21696K)
[170.999s][info][gc             ] GC(1066) Pause Young (Allocation Failure) 1494M->1267M(1820M) 1.512ms
[170.999s][info][gc,cpu         ] GC(1066) User=0.00s Sys=0.00s Real=0.00s
[171.433s][info][gc,start       ] GC(1067) Pause Young (System.gc())
[171.435s][info][gc,heap        ] GC(1067) PSYoungGen: 127032K(465920K)->2117K(465920K) Eden: 125580K(232960K)->0K(232960K) From: 1452K(232960K)->2117K(232960K)
[171.435s][info][gc,heap        ] GC(1067) ParOldGen: 1296103K(1398272K)->1296111K(1398272K)
[171.435s][info][gc,metaspace   ] GC(1067) Metaspace: 124923K(129280K)->124923K(129280K) NonClass: 106827K(107584K)->106827K(107584K) Class: 18096K(21696K)->18096K(21696K)
[171.436s][info][gc             ] GC(1067) Pause Young (System.gc()) 1389M->1267M(1820M) 2.783ms
[171.436s][info][gc,cpu         ] GC(1067) User=0.00s Sys=0.00s Real=0.00s
[171.436s][info][gc,start       ] GC(1068) Pause Full (System.gc())
[171.436s][info][gc,phases,start] GC(1068) Marking Phase
[171.495s][info][gc,phases      ] GC(1068) Marking Phase 59.037ms
[171.495s][info][gc,phases,start] GC(1068) Summary Phase
[171.495s][info][gc,phases      ] GC(1068) Summary Phase 0.034ms
[171.495s][info][gc,phases,start] GC(1068) Adjust Roots
[171.509s][info][gc,phases      ] GC(1068) Adjust Roots 13.840ms
[171.509s][info][gc,phases,start] GC(1068) Compaction Phase
[171.589s][info][gc,phases      ] GC(1068) Compaction Phase 80.405ms
[171.589s][info][gc,phases,start] GC(1068) Post Compact
[171.596s][info][gc,phases      ] GC(1068) Post Compact 6.444ms
[171.596s][info][gc,heap        ] GC(1068) PSYoungGen: 2117K(465920K)->0K(465920K) Eden: 0K(232960K)->0K(232960K) From: 2117K(232960K)->0K(232960K)
[171.596s][info][gc,heap        ] GC(1068) ParOldGen: 1296111K(1398272K)->974341K(1398272K)
[171.596s][info][gc,metaspace   ] GC(1068) Metaspace: 124923K(129280K)->124923K(129280K) NonClass: 106827K(107584K)->106827K(107584K) Class: 18096K(21696K)->18096K(21696K)
[171.596s][info][gc             ] GC(1068) Pause Full (System.gc()) 1267M->951M(1820M) 160.030ms
[171.596s][info][gc,cpu         ] GC(1068) User=3.98s Sys=0.05s Real=0.16s
[171.707s][info][gc,start       ] GC(1069) Pause Young (Allocation Failure)
[171.710s][info][gc,heap        ] GC(1069) PSYoungGen: 232960K(465920K)->10181K(465920K) Eden: 232960K(232960K)->0K(232960K) From: 0K(232960K)->10181K(232960K)
[171.710s][info][gc,heap        ] GC(1069) ParOldGen: 974341K(1398272K)->974349K(1398272K)
[171.710s][info][gc,metaspace   ] GC(1069) Metaspace: 125188K(129536K)->125188K(129536K) NonClass: 107091K(107840K)->107091K(107840K) Class: 18096K(21696K)->18096K(21696K)
[171.710s][info][gc             ] GC(1069) Pause Young (Allocation Failure) 1179M->961M(1820M) 2.210ms
[171.710s][info][gc,cpu         ] GC(1069) User=0.00s Sys=0.00s Real=0.00s
[171.726s][info][gc,start       ] GC(1070) Pause Young (Allocation Failure)
[171.728s][info][gc,heap        ] GC(1070) PSYoungGen: 243141K(465920K)->12302K(465920K) Eden: 232960K(232960K)->0K(232960K) From: 10181K(232960K)->12302K(232960K)
[171.729s][info][gc,heap        ] GC(1070) ParOldGen: 974349K(1398272K)->974349K(1398272K)
[171.729s][info][gc,metaspace   ] GC(1070) Metaspace: 125189K(129536K)->125189K(129536K) NonClass: 107092K(107840K)->107092K(107840K) Class: 18096K(21696K)->18096K(21696K)
[171.729s][info][gc             ] GC(1070) Pause Young (Allocation Failure) 1188M->963M(1820M) 2.109ms
[171.729s][info][gc,cpu         ] GC(1070) User=0.00s Sys=0.00s Real=0.00s
[171.745s][info][gc,start       ] GC(1071) Pause Young (Allocation Failure)
[171.747s][info][gc,heap        ] GC(1071) PSYoungGen: 245262K(465920K)->7027K(465920K) Eden: 232960K(232960K)->0K(232960K) From: 12302K(232960K)->7027K(232960K)
[171.747s][info][gc,heap        ] GC(1071) ParOldGen: 974349K(1398272K)->982412K(1398272K)
[171.747s][info][gc,metaspace   ] GC(1071) Metaspace: 125189K(129536K)->125189K(129536K) NonClass: 107092K(107840K)->107092K(107840K) Class: 18096K(21696K)->18096K(21696K)
[171.747s][info][gc             ] GC(1071) Pause Young (Allocation Failure) 1191M->966M(1820M) 2.466ms
[171.747s][info][gc,cpu         ] GC(1071) User=0.00s Sys=0.00s Real=0.00s
[171.763s][info][gc,start       ] GC(1072) Pause Young (Allocation Failure)
[171.765s][info][gc,heap        ] GC(1072) PSYoungGen: 239987K(465920K)->6915K(465920K) Eden: 232960K(232960K)->0K(232960K) From: 7027K(232960K)->6915K(232960K)
[171.765s][info][gc,heap        ] GC(1072) ParOldGen: 982412K(1398272K)->986187K(1398272K)
[171.765s][info][gc,metaspace   ] GC(1072) Metaspace: 125189K(129536K)->125189K(129536K) NonClass: 107092K(107840K)->107092K(107840K) Class: 18096K(21696K)->18096K(21696K)
[171.765s][info][gc             ] GC(1072) Pause Young (Allocation Failure) 1193M->969M(1820M) 1.834ms
[171.765s][info][gc,cpu         ] GC(1072) User=0.00s Sys=0.00s Real=0.00s
[171.780s][info][gc,start       ] GC(1073) Pause Young (Allocation Failure)
[171.782s][info][gc,heap        ] GC(1073) PSYoungGen: 239875K(465920K)->3726K(465920K) Eden: 232960K(232960K)->0K(232960K) From: 6915K(232960K)->3726K(232960K)
[171.782s][info][gc,heap        ] GC(1073) ParOldGen: 986187K(1398272K)->991870K(1398272K)
[171.782s][info][gc,metaspace   ] GC(1073) Metaspace: 125189K(129536K)->125189K(129536K) NonClass: 107092K(107840K)->107092K(107840K) Class: 18096K(21696K)->18096K(21696K)
[171.782s][info][gc             ] GC(1073) Pause Young (Allocation Failure) 1197M->972M(1820M) 1.754ms
[171.782s][info][gc,cpu         ] GC(1073) User=0.08s Sys=0.00s Real=0.02s
[171.797s][info][gc,start       ] GC(1074) Pause Young (Allocation Failure)
[171.799s][info][gc,heap        ] GC(1074) PSYoungGen: 236686K(465920K)->3758K(237056K) Eden: 232960K(232960K)->0K(232960K) From: 3726K(232960K)->3758K(4096K)
[171.799s][info][gc,heap        ] GC(1074) ParOldGen: 991870K(1398272K)->994700K(1398272K)
[171.799s][info][gc,metaspace   ] GC(1074) Metaspace: 125189K(129536K)->125189K(129536K) NonClass: 107092K(107840K)->107092K(107840K) Class: 18096K(21696K)->18096K(21696K)
[171.799s][info][gc             ] GC(1074) Pause Young (Allocation Failure) 1199M->975M(1597M) 1.919ms
[171.799s][info][gc,cpu         ] GC(1074) User=0.00s Sys=0.00s Real=0.00s
[171.815s][info][gc,start       ] GC(1075) Pause Young (Allocation Failure)
[171.818s][info][gc,heap        ] GC(1075) PSYoungGen: 236718K(237056K)->10757K(457728K) Eden: 232960K(232960K)->0K(239616K) From: 3758K(4096K)->10757K(218112K)
[171.818s][info][gc,heap        ] GC(1075) ParOldGen: 994700K(1398272K)->994700K(1398272K)
[171.818s][info][gc,metaspace   ] GC(1075) Metaspace: 125189K(129536K)->125189K(129536K) NonClass: 107092K(107840K)->107092K(107840K) Class: 18096K(21696K)->18096K(21696K)
[171.818s][info][gc             ] GC(1075) Pause Young (Allocation Failure) 1202M->981M(1812M) 3.380ms
[171.818s][info][gc,cpu         ] GC(1075) User=0.00s Sys=0.00s Real=0.00s
[171.834s][info][gc,start       ] GC(1076) Pause Young (Allocation Failure)
[171.838s][info][gc,heap        ] GC(1076) PSYoungGen: 250373K(457728K)->15509K(255488K) Eden: 239616K(239616K)->0K(239616K) From: 10757K(218112K)->15509K(15872K)
[171.838s][info][gc,heap        ] GC(1076) ParOldGen: 994700K(1398272K)->994700K(1398272K)
[171.838s][info][gc,metaspace   ] GC(1076) Metaspace: 125189K(129536K)->125189K(129536K) NonClass: 107092K(107840K)->107092K(107840K) Class: 18096K(21696K)->18096K(21696K)
[171.838s][info][gc             ] GC(1076) Pause Young (Allocation Failure) 1215M->986M(1615M) 3.306ms
[171.838s][info][gc,cpu         ] GC(1076) User=0.00s Sys=0.00s Real=0.00s
[171.854s][info][gc,start       ] GC(1077) Pause Young (Allocation Failure)
[171.858s][info][gc,heap        ] GC(1077) PSYoungGen: 255125K(255488K)->21304K(433152K) Eden: 239616K(239616K)->0K(246272K) From: 15509K(15872K)->21304K(186880K)
[171.858s][info][gc,heap        ] GC(1077) ParOldGen: 994700K(1398272K)->994700K(1398272K)
[171.858s][info][gc,metaspace   ] GC(1077) Metaspace: 125189K(129536K)->125189K(129536K) NonClass: 107092K(107840K)->107092K(107840K) Class: 18096K(21696K)->18096K(21696K)
[171.858s][info][gc             ] GC(1077) Pause Young (Allocation Failure) 1220M->992M(1788M) 3.798ms
[171.858s][info][gc,cpu         ] GC(1077) User=0.00s Sys=0.00s Real=0.00s
[171.875s][info][gc,start       ] GC(1078) Pause Young (Allocation Failure)
[171.880s][info][gc,heap        ] GC(1078) PSYoungGen: 267576K(433152K)->22835K(269312K) Eden: 246272K(246272K)->0K(246272K) From: 21304K(186880K)->22835K(23040K)
[171.880s][info][gc,heap        ] GC(1078) ParOldGen: 994700K(1398272K)->994700K(1398272K)
[171.880s][info][gc,metaspace   ] GC(1078) Metaspace: 125189K(129536K)->125189K(129536K) NonClass: 107092K(107840K)->107092K(107840K) Class: 18096K(21696K)->18096K(21696K)
[171.880s][info][gc             ] GC(1078) Pause Young (Allocation Failure) 1232M->993M(1628M) 5.549ms
[171.880s][info][gc,cpu         ] GC(1078) User=0.53s Sys=0.00s Real=0.02s
[171.897s][info][gc,start       ] GC(1079) Pause Young (Allocation Failure)
[171.903s][info][gc,heap        ] GC(1079) PSYoungGen: 269107K(269312K)->23680K(417792K) Eden: 246272K(246272K)->0K(253440K) From: 22835K(23040K)->23680K(164352K)
[171.903s][info][gc,heap        ] GC(1079) ParOldGen: 994700K(1398272K)->994700K(1398272K)
[171.903s][info][gc,metaspace   ] GC(1079) Metaspace: 125189K(129536K)->125189K(129536K) NonClass: 107092K(107840K)->107092K(107840K) Class: 18096K(21696K)->18096K(21696K)
[171.903s][info][gc             ] GC(1079) Pause Young (Allocation Failure) 1234M->994M(1773M) 6.793ms
[171.903s][info][gc,cpu         ] GC(1079) User=0.00s Sys=0.00s Real=0.00s
[171.920s][info][gc,start       ] GC(1080) Pause Young (Allocation Failure)
[171.926s][info][gc,heap        ] GC(1080) PSYoungGen: 277120K(417792K)->27586K(281088K) Eden: 253440K(253440K)->0K(253440K) From: 23680K(164352K)->27586K(27648K)
[171.926s][info][gc,heap        ] GC(1080) ParOldGen: 994700K(1398272K)->994700K(1398272K)
[171.926s][info][gc,metaspace   ] GC(1080) Metaspace: 125189K(129536K)->125189K(129536K) NonClass: 107092K(107840K)->107092K(107840K) Class: 18096K(21696K)->18096K(21696K)
[171.926s][info][gc             ] GC(1080) Pause Young (Allocation Failure) 1242M->998M(1640M) 5.859ms
[171.926s][info][gc,cpu         ] GC(1080) User=0.25s Sys=0.02s Real=0.02s
[171.943s][info][gc,start       ] GC(1081) Pause Young (Allocation Failure)
[171.952s][info][gc,heap        ] GC(1081) PSYoungGen: 281026K(281088K)->35399K(401920K) Eden: 253440K(253440K)->0K(261632K) From: 27586K(27648K)->35399K(140288K)
[171.952s][info][gc,heap        ] GC(1081) ParOldGen: 994700K(1398272K)->994700K(1398272K)
[171.952s][info][gc,metaspace   ] GC(1081) Metaspace: 125189K(129536K)->125189K(129536K) NonClass: 107092K(107840K)->107092K(107840K) Class: 18096K(21696K)->18096K(21696K)
[171.952s][info][gc             ] GC(1081) Pause Young (Allocation Failure) 1245M->1005M(1758M) 8.647ms
[171.952s][info][gc,cpu         ] GC(1081) User=0.00s Sys=0.00s Real=0.00s
[171.970s][info][gc,start       ] GC(1082) Pause Young (Allocation Failure)
[171.977s][info][gc,heap        ] GC(1082) PSYoungGen: 297031K(401920K)->36929K(299008K) Eden: 261632K(261632K)->0K(261632K) From: 35399K(140288K)->36929K(37376K)
[171.977s][info][gc,heap        ] GC(1082) ParOldGen: 994700K(1398272K)->994700K(1398272K)
[171.977s][info][gc,metaspace   ] GC(1082) Metaspace: 125189K(129536K)->125189K(129536K) NonClass: 107092K(107840K)->107092K(107840K) Class: 18096K(21696K)->18096K(21696K)
[171.977s][info][gc             ] GC(1082) Pause Young (Allocation Failure) 1261M->1007M(1657M) 7.255ms
[171.977s][info][gc,cpu         ] GC(1082) User=0.00s Sys=0.00s Real=0.00s
[171.995s][info][gc,start       ] GC(1083) Pause Young (Allocation Failure)
[172.002s][info][gc,heap        ] GC(1083) PSYoungGen: 298561K(299008K)->44806K(396288K) Eden: 261632K(261632K)->0K(270848K) From: 36929K(37376K)->44806K(125440K)
[172.002s][info][gc,heap        ] GC(1083) ParOldGen: 994700K(1398272K)->994700K(1398272K)
[172.002s][info][gc,metaspace   ] GC(1083) Metaspace: 125189K(129536K)->125189K(129536K) NonClass: 107092K(107840K)->107092K(107840K) Class: 18096K(21696K)->18096K(21696K)
[172.002s][info][gc             ] GC(1083) Pause Young (Allocation Failure) 1262M->1015M(1752M) 7.362ms
[172.002s][info][gc,cpu         ] GC(1083) User=0.02s Sys=0.02s Real=0.02s
[172.021s][info][gc,start       ] GC(1084) Pause Young (Allocation Failure)
[172.027s][info][gc,heap        ] GC(1084) PSYoungGen: 315654K(396288K)->51056K(403968K) Eden: 270848K(270848K)->0K(270848K) From: 44806K(125440K)->51056K(133120K)
[172.027s][info][gc,heap        ] GC(1084) ParOldGen: 994700K(1398272K)->994700K(1398272K)
[172.027s][info][gc,metaspace   ] GC(1084) Metaspace: 125189K(129536K)->125189K(129536K) NonClass: 107092K(107840K)->107092K(107840K) Class: 18096K(21696K)->18096K(21696K)
[172.027s][info][gc             ] GC(1084) Pause Young (Allocation Failure) 1279M->1021M(1760M) 6.158ms
[172.027s][info][gc,cpu         ] GC(1084) User=0.00s Sys=0.00s Real=0.00s
[172.045s][info][gc,start       ] GC(1085) Pause Young (Allocation Failure)
[172.053s][info][gc,heap        ] GC(1085) PSYoungGen: 321904K(403968K)->49461K(399360K) Eden: 270848K(270848K)->0K(281600K) From: 51056K(133120K)->49461K(117760K)
[172.053s][info][gc,heap        ] GC(1085) ParOldGen: 994700K(1398272K)->994700K(1398272K)
[172.053s][info][gc,metaspace   ] GC(1085) Metaspace: 125189K(129536K)->125189K(129536K) NonClass: 107092K(107840K)->107092K(107840K) Class: 18096K(21696K)->18096K(21696K)
[172.053s][info][gc             ] GC(1085) Pause Young (Allocation Failure) 1285M->1019M(1755M) 7.360ms
[172.053s][info][gc,cpu         ] GC(1085) User=0.28s Sys=0.00s Real=0.02s
[172.072s][info][gc,start       ] GC(1086) Pause Young (Allocation Failure)
[172.077s][info][gc,heap        ] GC(1086) PSYoungGen: 331061K(399360K)->47931K(404480K) Eden: 281600K(281600K)->0K(281600K) From: 49461K(117760K)->47931K(122880K)
[172.077s][info][gc,heap        ] GC(1086) ParOldGen: 994700K(1398272K)->994700K(1398272K)
[172.077s][info][gc,metaspace   ] GC(1086) Metaspace: 125189K(129536K)->125189K(129536K) NonClass: 107092K(107840K)->107092K(107840K) Class: 18096K(21696K)->18096K(21696K)
[172.077s][info][gc             ] GC(1086) Pause Young (Allocation Failure) 1294M->1018M(1760M) 5.231ms
[172.077s][info][gc,cpu         ] GC(1086) User=0.00s Sys=0.00s Real=0.00s
[172.095s][info][gc,start       ] GC(1087) Pause Young (Allocation Failure)
[172.102s][info][gc,heap        ] GC(1087) PSYoungGen: 329531K(404480K)->47867K(400896K) Eden: 281600K(281600K)->0K(293376K) From: 47931K(122880K)->47867K(107520K)
[172.102s][info][gc,heap        ] GC(1087) ParOldGen: 994700K(1398272K)->994700K(1398272K)
[172.102s][info][gc,metaspace   ] GC(1087) Metaspace: 125189K(129536K)->125189K(129536K) NonClass: 107092K(107840K)->107092K(107840K) Class: 18096K(21696K)->18096K(21696K)
[172.102s][info][gc             ] GC(1087) Pause Young (Allocation Failure) 1293M->1018M(1757M) 6.879ms
[172.102s][info][gc,cpu         ] GC(1087) User=0.00s Sys=0.00s Real=0.00s
[172.122s][info][gc,start       ] GC(1088) Pause Young (Allocation Failure)
[172.128s][info][gc,heap        ] GC(1088) PSYoungGen: 341243K(400896K)->47867K(405504K) Eden: 293376K(293376K)->0K(293376K) From: 47867K(107520K)->47867K(112128K)
[172.128s][info][gc,heap        ] GC(1088) ParOldGen: 994700K(1398272K)->994700K(1398272K)
[172.128s][info][gc,metaspace   ] GC(1088) Metaspace: 125189K(129536K)->125189K(129536K) NonClass: 107092K(107840K)->107092K(107840K) Class: 18096K(21696K)->18096K(21696K)
[172.128s][info][gc             ] GC(1088) Pause Young (Allocation Failure) 1304M->1018M(1761M) 5.533ms
[172.128s][info][gc,cpu         ] GC(1088) User=0.25s Sys=0.00s Real=0.02s
[172.147s][info][gc,start       ] GC(1089) Pause Young (Allocation Failure)
[172.153s][info][gc,heap        ] GC(1089) PSYoungGen: 341243K(405504K)->47867K(403456K) Eden: 293376K(293376K)->0K(305664K) From: 47867K(112128K)->47867K(97792K)
[172.153s][info][gc,heap        ] GC(1089) ParOldGen: 994700K(1398272K)->994708K(1398272K)
[172.153s][info][gc,metaspace   ] GC(1089) Metaspace: 125189K(129536K)->125189K(129536K) NonClass: 107092K(107840K)->107092K(107840K) Class: 18096K(21696K)->18096K(21696K)
[172.153s][info][gc             ] GC(1089) Pause Young (Allocation Failure) 1304M->1018M(1759M) 6.057ms
[172.153s][info][gc,cpu         ] GC(1089) User=0.00s Sys=0.00s Real=0.00s
[172.173s][info][gc,start       ] GC(1090) Pause Young (Allocation Failure)
[172.178s][info][gc,heap        ] GC(1090) PSYoungGen: 353531K(403456K)->47867K(408064K) Eden: 305664K(305664K)->0K(305664K) From: 47867K(97792K)->47867K(102400K)
[172.178s][info][gc,heap        ] GC(1090) ParOldGen: 994708K(1398272K)->994708K(1398272K)
[172.178s][info][gc,metaspace   ] GC(1090) Metaspace: 125189K(129536K)->125189K(129536K) NonClass: 107092K(107840K)->107092K(107840K) Class: 18096K(21696K)->18096K(21696K)
[172.178s][info][gc             ] GC(1090) Pause Young (Allocation Failure) 1316M->1018M(1764M) 5.210ms
[172.179s][info][gc,cpu         ] GC(1090) User=0.00s Sys=0.00s Real=0.00s
[172.199s][info][gc,start       ] GC(1091) Pause Young (Allocation Failure)
[172.206s][info][gc,heap        ] GC(1091) PSYoungGen: 353531K(408064K)->72899K(411136K) Eden: 305664K(305664K)->0K(312832K) From: 47867K(102400K)->72899K(98304K)
[172.206s][info][gc,heap        ] GC(1091) ParOldGen: 994708K(1398272K)->994708K(1398272K)
[172.206s][info][gc,metaspace   ] GC(1091) Metaspace: 125189K(129536K)->125189K(129536K) NonClass: 107092K(107840K)->107092K(107840K) Class: 18096K(21696K)->18096K(21696K)
[172.206s][info][gc             ] GC(1091) Pause Young (Allocation Failure) 1316M->1042M(1767M) 7.029ms
[172.206s][info][gc,cpu         ] GC(1091) User=0.30s Sys=0.00s Real=0.01s
[172.227s][info][gc,start       ] GC(1092) Pause Young (Allocation Failure)
[172.237s][info][gc,heap        ] GC(1092) PSYoungGen: 385731K(411136K)->79117K(416256K) Eden: 312832K(312832K)->0K(312832K) From: 72899K(98304K)->79117K(103424K)
[172.237s][info][gc,heap        ] GC(1092) ParOldGen: 994708K(1398272K)->994708K(1398272K)
[172.237s][info][gc,metaspace   ] GC(1092) Metaspace: 125189K(129536K)->125189K(129536K) NonClass: 107092K(107840K)->107092K(107840K) Class: 18096K(21696K)->18096K(21696K)
[172.237s][info][gc             ] GC(1092) Pause Young (Allocation Failure) 1348M->1048M(1772M) 9.275ms
[172.237s][info][gc,cpu         ] GC(1092) User=0.17s Sys=0.00s Real=0.02s
[172.258s][info][gc,start       ] GC(1093) Pause Young (Allocation Failure)
[172.272s][info][gc,heap        ] GC(1093) PSYoungGen: 391949K(416256K)->107306K(421888K) Eden: 312832K(312832K)->0K(312320K) From: 79117K(103424K)->107306K(109568K)
[172.272s][info][gc,heap        ] GC(1093) ParOldGen: 994708K(1398272K)->994708K(1398272K)
[172.273s][info][gc,metaspace   ] GC(1093) Metaspace: 125189K(129536K)->125189K(129536K) NonClass: 107092K(107840K)->107092K(107840K) Class: 18096K(21696K)->18096K(21696K)
[172.273s][info][gc             ] GC(1093) Pause Young (Allocation Failure) 1354M->1076M(1777M) 14.699ms
[172.273s][info][gc,cpu         ] GC(1093) User=0.03s Sys=0.09s Real=0.02s
[172.294s][info][gc,start       ] GC(1094) Pause Young (Allocation Failure)
[172.305s][info][gc,heap        ] GC(1094) PSYoungGen: 419626K(421888K)->101056K(437248K) Eden: 312320K(312320K)->0K(312320K) From: 107306K(109568K)->101056K(124928K)
[172.305s][info][gc,heap        ] GC(1094) ParOldGen: 994708K(1398272K)->994708K(1398272K)
[172.305s][info][gc,metaspace   ] GC(1094) Metaspace: 125189K(129536K)->125189K(129536K) NonClass: 107092K(107840K)->107092K(107840K) Class: 18096K(21696K)->18096K(21696K)
[172.305s][info][gc             ] GC(1094) Pause Young (Allocation Failure) 1381M->1070M(1792M) 10.642ms
[172.305s][info][gc,cpu         ] GC(1094) User=0.28s Sys=0.00s Real=0.02s
[172.325s][info][gc,start       ] GC(1095) Pause Young (Allocation Failure)
[172.336s][info][gc,heap        ] GC(1095) PSYoungGen: 413376K(437248K)->94774K(459264K) Eden: 312320K(312320K)->0K(324608K) From: 101056K(124928K)->94774K(134656K)
[172.336s][info][gc,heap        ] GC(1095) ParOldGen: 994708K(1398272K)->994708K(1398272K)
[172.336s][info][gc,metaspace   ] GC(1095) Metaspace: 125189K(129536K)->125189K(129536K) NonClass: 107092K(107840K)->107092K(107840K) Class: 18096K(21696K)->18096K(21696K)
[172.336s][info][gc             ] GC(1095) Pause Young (Allocation Failure) 1375M->1063M(1814M) 10.436ms
[172.336s][info][gc,cpu         ] GC(1095) User=0.22s Sys=0.03s Real=0.01s
[172.357s][info][gc,start       ] GC(1096) Pause Young (Allocation Failure)
[172.366s][info][gc,heap        ] GC(1096) PSYoungGen: 419382K(459264K)->94742K(464896K) Eden: 324608K(324608K)->0K(324608K) From: 94774K(134656K)->94742K(140288K)
[172.366s][info][gc,heap        ] GC(1096) ParOldGen: 994708K(1398272K)->994708K(1398272K)
[172.366s][info][gc,metaspace   ] GC(1096) Metaspace: 125189K(129536K)->125189K(129536K) NonClass: 107092K(107840K)->107092K(107840K) Class: 18096K(21696K)->18096K(21696K)
[172.366s][info][gc             ] GC(1096) Pause Young (Allocation Failure) 1380M->1063M(1819M) 9.446ms
[172.366s][info][gc,cpu         ] GC(1096) User=0.25s Sys=0.00s Real=0.02s
[172.389s][info][gc,start       ] GC(1097) Pause Young (Allocation Failure)
[172.404s][info][gc,heap        ] GC(1097) PSYoungGen: 419350K(464896K)->113062K(478208K) Eden: 324608K(324608K)->0K(334336K) From: 94742K(140288K)->113062K(143872K)
[172.404s][info][gc,heap        ] GC(1097) ParOldGen: 994708K(1398272K)->994708K(1398272K)
[172.404s][info][gc,metaspace   ] GC(1097) Metaspace: 125189K(129536K)->125189K(129536K) NonClass: 107092K(107840K)->107092K(107840K) Class: 18096K(21696K)->18096K(21696K)
[172.404s][info][gc             ] GC(1097) Pause Young (Allocation Failure) 1380M->1081M(1832M) 15.161ms
[172.404s][info][gc,cpu         ] GC(1097) User=0.23s Sys=0.09s Real=0.02s
[172.427s][info][gc,start       ] GC(1098) Pause Young (Allocation Failure)
[172.438s][info][gc,heap        ] GC(1098) PSYoungGen: 447398K(478208K)->126270K(487936K) Eden: 334336K(334336K)->0K(334336K) From: 113062K(143872K)->126270K(153600K)
[172.438s][info][gc,heap        ] GC(1098) ParOldGen: 994708K(1398272K)->994708K(1398272K)
[172.438s][info][gc,metaspace   ] GC(1098) Metaspace: 125189K(129536K)->125189K(129536K) NonClass: 107092K(107840K)->107092K(107840K) Class: 18096K(21696K)->18096K(21696K)
[172.438s][info][gc             ] GC(1098) Pause Young (Allocation Failure) 1408M->1094M(1842M) 11.488ms
[172.439s][info][gc,cpu         ] GC(1098) User=0.23s Sys=0.00s Real=0.02s
[172.464s][info][gc,start       ] GC(1099) Pause Young (Allocation Failure)
[172.485s][info][gc,heap        ] GC(1099) PSYoungGen: 460606K(487936K)->127363K(512000K) Eden: 334336K(334336K)->0K(346624K) From: 126270K(153600K)->127363K(165376K)
[172.485s][info][gc,heap        ] GC(1099) ParOldGen: 994708K(1398272K)->994708K(1398272K)
[172.485s][info][gc,metaspace   ] GC(1099) Metaspace: 125189K(129536K)->125189K(129536K) NonClass: 107092K(107840K)->107092K(107840K) Class: 18096K(21696K)->18096K(21696K)
[172.485s][info][gc             ] GC(1099) Pause Young (Allocation Failure) 1421M->1095M(1865M) 20.575ms
[172.485s][info][gc,cpu         ] GC(1099) User=0.33s Sys=0.13s Real=0.02s
[172.518s][info][gc,start       ] GC(1100) Pause Young (Allocation Failure)
[172.532s][info][gc,heap        ] GC(1100) PSYoungGen: 473987K(512000K)->131578K(478208K) Eden: 346624K(346624K)->0K(346624K) From: 127363K(165376K)->131578K(131584K)
[172.532s][info][gc,heap        ] GC(1100) ParOldGen: 994708K(1398272K)->994708K(1398272K)
[172.532s][info][gc,metaspace   ] GC(1100) Metaspace: 125189K(129536K)->125189K(129536K) NonClass: 107092K(107840K)->107092K(107840K) Class: 18096K(21696K)->18096K(21696K)
[172.532s][info][gc             ] GC(1100) Pause Young (Allocation Failure) 1434M->1099M(1832M) 13.713ms
[172.532s][info][gc,cpu         ] GC(1100) User=0.00s Sys=0.00s Real=0.00s
[172.555s][info][gc,start       ] GC(1101) Pause Young (Allocation Failure)
[172.567s][info][gc,heap        ] GC(1101) PSYoungGen: 478202K(478208K)->135224K(498176K) Eden: 346624K(346624K)->0K(313856K) From: 131578K(131584K)->135224K(184320K)
[172.567s][info][gc,heap        ] GC(1101) ParOldGen: 994708K(1398272K)->994708K(1398272K)
[172.567s][info][gc,metaspace   ] GC(1101) Metaspace: 125189K(129536K)->125189K(129536K) NonClass: 107092K(107840K)->107092K(107840K) Class: 18096K(21696K)->18096K(21696K)
[172.568s][info][gc             ] GC(1101) Pause Young (Allocation Failure) 1438M->1103M(1852M) 12.712ms
[172.568s][info][gc,cpu         ] GC(1101) User=0.48s Sys=0.00s Real=0.02s
[172.588s][info][gc,start       ] GC(1102) Pause Young (Allocation Failure)
[172.601s][info][gc,heap        ] GC(1102) PSYoungGen: 449080K(498176K)->140623K(454656K) Eden: 313856K(313856K)->0K(313856K) From: 135224K(184320K)->140623K(140800K)
[172.601s][info][gc,heap        ] GC(1102) ParOldGen: 994708K(1398272K)->994708K(1398272K)
[172.601s][info][gc,metaspace   ] GC(1102) Metaspace: 125189K(129536K)->125189K(129536K) NonClass: 107092K(107840K)->107092K(107840K) Class: 18096K(21696K)->18096K(21696K)
[172.601s][info][gc             ] GC(1102) Pause Young (Allocation Failure) 1409M->1108M(1809M) 12.930ms
[172.601s][info][gc,cpu         ] GC(1102) User=0.52s Sys=0.00s Real=0.02s
[172.622s][info][gc,start       ] GC(1103) Pause Young (Allocation Failure)
[172.635s][info][gc,heap        ] GC(1103) PSYoungGen: 454479K(454656K)->141333K(485888K) Eden: 313856K(313856K)->0K(285184K) From: 140623K(140800K)->141333K(200704K)
[172.636s][info][gc,heap        ] GC(1103) ParOldGen: 994708K(1398272K)->994716K(1398272K)
[172.636s][info][gc,metaspace   ] GC(1103) Metaspace: 125189K(129536K)->125189K(129536K) NonClass: 107092K(107840K)->107092K(107840K) Class: 18096K(21696K)->18096K(21696K)
[172.636s][info][gc             ] GC(1103) Pause Young (Allocation Failure) 1415M->1109M(1840M) 13.849ms
[172.636s][info][gc,cpu         ] GC(1103) User=0.52s Sys=0.00s Real=0.02s
[172.654s][info][gc,start       ] GC(1104) Pause Young (Allocation Failure)
[172.668s][info][gc,heap        ] GC(1104) PSYoungGen: 426517K(485888K)->145367K(430592K) Eden: 285184K(285184K)->0K(285184K) From: 141333K(200704K)->145367K(145408K)
[172.668s][info][gc,heap        ] GC(1104) ParOldGen: 994716K(1398272K)->994716K(1398272K)
[172.668s][info][gc,metaspace   ] GC(1104) Metaspace: 125189K(129536K)->125189K(129536K) NonClass: 107092K(107840K)->107092K(107840K) Class: 18096K(21696K)->18096K(21696K)
[172.668s][info][gc             ] GC(1104) Pause Young (Allocation Failure) 1387M->1113M(1786M) 13.697ms
[172.668s][info][gc,cpu         ] GC(1104) User=0.52s Sys=0.00s Real=0.01s
[172.686s][info][gc,start       ] GC(1105) Pause Young (Allocation Failure)
[172.700s][info][gc,heap        ] GC(1105) PSYoungGen: 430551K(430592K)->150791K(474112K) Eden: 285184K(285184K)->0K(261632K) From: 145367K(145408K)->150791K(212480K)
[172.700s][info][gc,heap        ] GC(1105) ParOldGen: 994716K(1398272K)->994716K(1398272K)
[172.700s][info][gc,metaspace   ] GC(1105) Metaspace: 125189K(129536K)->125189K(129536K) NonClass: 107092K(107840K)->107092K(107840K) Class: 18096K(21696K)->18096K(21696K)
[172.700s][info][gc             ] GC(1105) Pause Young (Allocation Failure) 1391M->1118M(1828M) 13.858ms
[172.700s][info][gc,cpu         ] GC(1105) User=0.52s Sys=0.00s Real=0.02s
[172.717s][info][gc,start       ] GC(1106) Pause Young (Allocation Failure)
[172.732s][info][gc,heap        ] GC(1106) PSYoungGen: 412423K(474112K)->150036K(412160K) Eden: 261632K(261632K)->0K(261632K) From: 150791K(212480K)->150036K(150528K)
[172.732s][info][gc,heap        ] GC(1106) ParOldGen: 994716K(1398272K)->994716K(1398272K)
[172.732s][info][gc,metaspace   ] GC(1106) Metaspace: 125189K(129536K)->125189K(129536K) NonClass: 107092K(107840K)->107092K(107840K) Class: 18096K(21696K)->18096K(21696K)
[172.732s][info][gc             ] GC(1106) Pause Young (Allocation Failure) 1374M->1117M(1768M) 14.679ms
[172.732s][info][gc,cpu         ] GC(1106) User=0.52s Sys=0.00s Real=0.02s
[172.749s][info][gc,start       ] GC(1107) Pause Young (Allocation Failure)
[172.764s][info][gc,heap        ] GC(1107) PSYoungGen: 411668K(412160K)->157771K(465920K) Eden: 261632K(261632K)->0K(243200K) From: 150036K(150528K)->157771K(222720K)
[172.764s][info][gc,heap        ] GC(1107) ParOldGen: 994716K(1398272K)->994716K(1398272K)
[172.764s][info][gc,metaspace   ] GC(1107) Metaspace: 125189K(129536K)->125189K(129536K) NonClass: 107092K(107840K)->107092K(107840K) Class: 18096K(21696K)->18096K(21696K)
[172.764s][info][gc             ] GC(1107) Pause Young (Allocation Failure) 1373M->1125M(1820M) 15.145ms
[172.764s][info][gc,cpu         ] GC(1107) User=0.52s Sys=0.00s Real=0.02s
[172.780s][info][gc,start       ] GC(1108) Pause Young (Allocation Failure)
[172.795s][info][gc,heap        ] GC(1108) PSYoungGen: 400971K(465920K)->157797K(401408K) Eden: 243200K(243200K)->0K(243200K) From: 157771K(222720K)->157797K(158208K)
[172.795s][info][gc,heap        ] GC(1108) ParOldGen: 994716K(1398272K)->994716K(1398272K)
[172.795s][info][gc,metaspace   ] GC(1108) Metaspace: 125189K(129536K)->125189K(129536K) NonClass: 107092K(107840K)->107092K(107840K) Class: 18096K(21696K)->18096K(21696K)
[172.795s][info][gc             ] GC(1108) Pause Young (Allocation Failure) 1362M->1125M(1757M) 15.162ms
[172.795s][info][gc,cpu         ] GC(1108) User=0.52s Sys=0.00s Real=0.01s
[172.811s][info][gc,start       ] GC(1109) Pause Young (Allocation Failure)
[172.827s][info][gc,heap        ] GC(1109) PSYoungGen: 400997K(401408K)->165655K(464384K) Eden: 243200K(243200K)->0K(232960K) From: 157797K(158208K)->165655K(231424K)
[172.827s][info][gc,heap        ] GC(1109) ParOldGen: 994716K(1398272K)->994716K(1398272K)
[172.827s][info][gc,metaspace   ] GC(1109) Metaspace: 125189K(129536K)->125189K(129536K) NonClass: 107092K(107840K)->107092K(107840K) Class: 18096K(21696K)->18096K(21696K)
[172.827s][info][gc             ] GC(1109) Pause Young (Allocation Failure) 1363M->1133M(1819M) 15.991ms
[172.827s][info][gc,cpu         ] GC(1109) User=0.52s Sys=0.00s Real=0.02s
[172.843s][info][gc,start       ] GC(1110) Pause Young (Allocation Failure)
[172.858s][info][gc,heap        ] GC(1110) PSYoungGen: 398615K(464384K)->162574K(465920K) Eden: 232960K(232960K)->0K(232960K) From: 165655K(231424K)->162574K(232960K)
[172.859s][info][gc,heap        ] GC(1110) ParOldGen: 994716K(1398272K)->994724K(1398272K)
[172.859s][info][gc,metaspace   ] GC(1110) Metaspace: 125189K(129536K)->125189K(129536K) NonClass: 107092K(107840K)->107092K(107840K) Class: 18096K(21696K)->18096K(21696K)
[172.859s][info][gc             ] GC(1110) Pause Young (Allocation Failure) 1360M->1130M(1820M) 15.861ms
[172.859s][info][gc,cpu         ] GC(1110) User=0.50s Sys=0.02s Real=0.02s
[172.874s][info][gc,start       ] GC(1111) Pause Young (Allocation Failure)
[172.892s][info][gc,heap        ] GC(1111) PSYoungGen: 395534K(465920K)->113292K(461824K) Eden: 232960K(232960K)->0K(232960K) From: 162574K(232960K)->113292K(228864K)
[172.892s][info][gc,heap        ] GC(1111) ParOldGen: 994724K(1398272K)->1056796K(1398272K)
[172.892s][info][gc,metaspace   ] GC(1111) Metaspace: 125189K(129536K)->125189K(129536K) NonClass: 107092K(107840K)->107092K(107840K) Class: 18096K(21696K)->18096K(21696K)
[172.892s][info][gc             ] GC(1111) Pause Young (Allocation Failure) 1357M->1142M(1816M) 18.085ms
[172.892s][info][gc,cpu         ] GC(1111) User=0.58s Sys=0.00s Real=0.03s
[172.907s][info][gc,start       ] GC(1112) Pause Young (Allocation Failure)
[172.917s][info][gc,heap        ] GC(1112) PSYoungGen: 346252K(461824K)->110218K(343552K) Eden: 232960K(232960K)->0K(232960K) From: 113292K(228864K)->110218K(110592K)
[172.917s][info][gc,heap        ] GC(1112) ParOldGen: 1056796K(1398272K)->1056796K(1398272K)
[172.917s][info][gc,metaspace   ] GC(1112) Metaspace: 125189K(129536K)->125189K(129536K) NonClass: 107092K(107840K)->107092K(107840K) Class: 18096K(21696K)->18096K(21696K)
[172.917s][info][gc             ] GC(1112) Pause Young (Allocation Failure) 1370M->1139M(1701M) 10.371ms
[172.917s][info][gc,cpu         ] GC(1112) User=0.52s Sys=0.00s Real=0.01s
[172.932s][info][gc,start       ] GC(1113) Pause Young (Allocation Failure)
[172.943s][info][gc,heap        ] GC(1113) PSYoungGen: 343178K(343552K)->110186K(469504K) Eden: 232960K(232960K)->0K(245760K) From: 110218K(110592K)->110186K(223744K)
[172.943s][info][gc,heap        ] GC(1113) ParOldGen: 1056796K(1398272K)->1056796K(1398272K)
[172.943s][info][gc,metaspace   ] GC(1113) Metaspace: 125189K(129536K)->125189K(129536K) NonClass: 107092K(107840K)->107092K(107840K) Class: 18096K(21696K)->18096K(21696K)
[172.943s][info][gc             ] GC(1113) Pause Young (Allocation Failure) 1367M->1139M(1824M) 10.695ms
[172.943s][info][gc,cpu         ] GC(1113) User=0.48s Sys=0.00s Real=0.02s
[172.959s][info][gc,start       ] GC(1114) Pause Young (Allocation Failure)
[172.969s][info][gc,heap        ] GC(1114) PSYoungGen: 355946K(469504K)->73186K(462848K) Eden: 245760K(245760K)->0K(245760K) From: 110186K(223744K)->73186K(217088K)
[172.969s][info][gc,heap        ] GC(1114) ParOldGen: 1056796K(1398272K)->1093943K(1398272K)
[172.969s][info][gc,metaspace   ] GC(1114) Metaspace: 125189K(129536K)->125189K(129536K) NonClass: 107092K(107840K)->107092K(107840K) Class: 18096K(21696K)->18096K(21696K)
[172.969s][info][gc             ] GC(1114) Pause Young (Allocation Failure) 1379M->1139M(1817M) 10.566ms
[172.969s][info][gc,cpu         ] GC(1114) User=0.00s Sys=0.00s Real=0.00s
[172.985s][info][gc,start       ] GC(1115) Pause Young (Allocation Failure)
[172.993s][info][gc,heap        ] GC(1115) PSYoungGen: 318946K(462848K)->52147K(472576K) Eden: 245760K(245760K)->0K(256000K) From: 73186K(217088K)->52147K(216576K)
[172.993s][info][gc,heap        ] GC(1115) ParOldGen: 1093943K(1398272K)->1114993K(1398272K)
[172.993s][info][gc,metaspace   ] GC(1115) Metaspace: 125189K(129536K)->125189K(129536K) NonClass: 107092K(107840K)->107092K(107840K) Class: 18096K(21696K)->18096K(21696K)
[172.993s][info][gc             ] GC(1115) Pause Young (Allocation Failure) 1379M->1139M(1827M) 7.837ms
[172.993s][info][gc,cpu         ] GC(1115) User=0.00s Sys=0.00s Real=0.00s
[173.010s][info][gc,start       ] GC(1116) Pause Young (Allocation Failure)
[173.016s][info][gc,heap        ] GC(1116) PSYoungGen: 308147K(472576K)->54149K(474624K) Eden: 256000K(256000K)->0K(256000K) From: 52147K(216576K)->54149K(218624K)
[173.016s][info][gc,heap        ] GC(1116) ParOldGen: 1114993K(1398272K)->1119433K(1398272K)
[173.016s][info][gc,metaspace   ] GC(1116) Metaspace: 125189K(129536K)->125189K(129536K) NonClass: 107092K(107840K)->107092K(107840K) Class: 18096K(21696K)->18096K(21696K)
[173.016s][info][gc             ] GC(1116) Pause Young (Allocation Failure) 1389M->1146M(1829M) 6.675ms
[173.016s][info][gc,cpu         ] GC(1116) User=0.00s Sys=0.00s Real=0.00s
[173.033s][info][gc,start       ] GC(1117) Pause Young (Allocation Failure)
[173.039s][info][gc,heap        ] GC(1117) PSYoungGen: 310149K(474624K)->50992K(476672K) Eden: 256000K(256000K)->0K(262144K) From: 54149K(218624K)->50992K(214528K)
[173.039s][info][gc,heap        ] GC(1117) ParOldGen: 1119433K(1398272K)->1119433K(1398272K)
[173.039s][info][gc,metaspace   ] GC(1117) Metaspace: 125189K(129536K)->125189K(129536K) NonClass: 107092K(107840K)->107092K(107840K) Class: 18096K(21696K)->18096K(21696K)
[173.039s][info][gc             ] GC(1117) Pause Young (Allocation Failure) 1396M->1142M(1831M) 5.866ms
[173.039s][info][gc,cpu         ] GC(1117) User=0.25s Sys=0.00s Real=0.02s
[173.056s][info][gc,start       ] GC(1118) Pause Young (Allocation Failure)
[173.062s][info][gc,heap        ] GC(1118) PSYoungGen: 313136K(476672K)->51024K(478720K) Eden: 262144K(262144K)->0K(262144K) From: 50992K(214528K)->51024K(216576K)
[173.062s][info][gc,heap        ] GC(1118) ParOldGen: 1119433K(1398272K)->1119433K(1398272K)
[173.062s][info][gc,metaspace   ] GC(1118) Metaspace: 125189K(129536K)->125189K(129536K) NonClass: 107092K(107840K)->107092K(107840K) Class: 18096K(21696K)->18096K(21696K)
[173.062s][info][gc             ] GC(1118) Pause Young (Allocation Failure) 1398M->1143M(1833M) 5.974ms
[173.062s][info][gc,cpu         ] GC(1118) User=0.00s Sys=0.00s Real=0.00s
[173.080s][info][gc,start       ] GC(1119) Pause Young (Allocation Failure)
[173.086s][info][gc,heap        ] GC(1119) PSYoungGen: 313168K(478720K)->69829K(468992K) Eden: 262144K(262144K)->0K(268800K) From: 51024K(216576K)->69829K(200192K)
[173.086s][info][gc,heap        ] GC(1119) ParOldGen: 1119433K(1398272K)->1119433K(1398272K)
[173.086s][info][gc,metaspace   ] GC(1119) Metaspace: 125189K(129536K)->125189K(129536K) NonClass: 107092K(107840K)->107092K(107840K) Class: 18096K(21696K)->18096K(21696K)
[173.086s][info][gc             ] GC(1119) Pause Young (Allocation Failure) 1399M->1161M(1823M) 6.168ms
[173.086s][info][gc,cpu         ] GC(1119) User=0.30s Sys=0.00s Real=0.02s
[173.114s][info][gc,start       ] GC(1120) Pause Young (Allocation Failure)
[173.121s][info][gc,heap        ] GC(1120) PSYoungGen: 338629K(468992K)->73018K(475136K) Eden: 268800K(268800K)->0K(268800K) From: 69829K(200192K)->73018K(206336K)
[173.121s][info][gc,heap        ] GC(1120) ParOldGen: 1119433K(1398272K)->1119433K(1398272K)
[173.121s][info][gc,metaspace   ] GC(1120) Metaspace: 125189K(129536K)->125189K(129536K) NonClass: 107092K(107840K)->107092K(107840K) Class: 18096K(21696K)->18096K(21696K)
[173.121s][info][gc             ] GC(1120) Pause Young (Allocation Failure) 1423M->1164M(1829M) 7.142ms
[173.122s][info][gc,cpu         ] GC(1120) User=0.00s Sys=0.00s Real=0.00s
[173.146s][info][gc,start       ] GC(1121) Pause Young (Allocation Failure)
[173.156s][info][gc,heap        ] GC(1121) PSYoungGen: 341818K(475136K)->104268K(471552K) Eden: 268800K(268800K)->0K(284160K) From: 73018K(206336K)->104268K(187392K)
[173.156s][info][gc,heap        ] GC(1121) ParOldGen: 1119433K(1398272K)->1119433K(1398272K)
[173.156s][info][gc,metaspace   ] GC(1121) Metaspace: 125189K(129536K)->125189K(129536K) NonClass: 107092K(107840K)->107092K(107840K) Class: 18096K(21696K)->18096K(21696K)
[173.156s][info][gc             ] GC(1121) Pause Young (Allocation Failure) 1427M->1195M(1826M) 10.609ms
[173.156s][info][gc,cpu         ] GC(1121) User=0.00s Sys=0.00s Real=0.00s
[173.176s][info][gc,start       ] GC(1122) Pause Young (Allocation Failure)
[173.186s][info][gc,heap        ] GC(1122) PSYoungGen: 388428K(471552K)->97922K(477184K) Eden: 284160K(284160K)->0K(284160K) From: 104268K(187392K)->97922K(193024K)
[173.186s][info][gc,heap        ] GC(1122) ParOldGen: 1119433K(1398272K)->1119433K(1398272K)
[173.186s][info][gc,metaspace   ] GC(1122) Metaspace: 125189K(129536K)->125189K(129536K) NonClass: 107092K(107840K)->107092K(107840K) Class: 18096K(21696K)->18096K(21696K)
[173.186s][info][gc             ] GC(1122) Pause Young (Allocation Failure) 1472M->1188M(1831M) 9.798ms
[173.186s][info][gc,cpu         ] GC(1122) User=0.52s Sys=0.00s Real=0.02s
[173.205s][info][gc,start       ] GC(1123) Pause Young (Allocation Failure)
[173.215s][info][gc,heap        ] GC(1123) PSYoungGen: 382082K(477184K)->102032K(475648K) Eden: 284160K(284160K)->0K(302080K) From: 97922K(193024K)->102032K(173568K)
[173.215s][info][gc,heap        ] GC(1123) ParOldGen: 1119433K(1398272K)->1119433K(1398272K)
[173.215s][info][gc,metaspace   ] GC(1123) Metaspace: 125189K(129536K)->125189K(129536K) NonClass: 107092K(107840K)->107092K(107840K) Class: 18096K(21696K)->18096K(21696K)
[173.215s][info][gc             ] GC(1123) Pause Young (Allocation Failure) 1466M->1192M(1830M) 10.402ms
[173.215s][info][gc,cpu         ] GC(1123) User=0.28s Sys=0.00s Real=0.02s
[173.235s][info][gc,start       ] GC(1124) Pause Young (Allocation Failure)
[173.244s][info][gc,heap        ] GC(1124) PSYoungGen: 404112K(475648K)->96753K(480768K) Eden: 302080K(302080K)->0K(302080K) From: 102032K(173568K)->96753K(178688K)
[173.244s][info][gc,heap        ] GC(1124) ParOldGen: 1119433K(1398272K)->1119433K(1398272K)
[173.244s][info][gc,metaspace   ] GC(1124) Metaspace: 125189K(129536K)->125189K(129536K) NonClass: 107092K(107840K)->107092K(107840K) Class: 18096K(21696K)->18096K(21696K)
[173.244s][info][gc             ] GC(1124) Pause Young (Allocation Failure) 1487M->1187M(1835M) 9.208ms
[173.244s][info][gc,cpu         ] GC(1124) User=0.00s Sys=0.02s Real=0.02s
[173.266s][info][gc,start       ] GC(1125) Pause Young (Allocation Failure)
[173.276s][info][gc,heap        ] GC(1125) PSYoungGen: 398833K(480768K)->109286K(487936K) Eden: 302080K(302080K)->0K(321024K) From: 96753K(178688K)->109286K(166912K)
[173.276s][info][gc,heap        ] GC(1125) ParOldGen: 1119433K(1398272K)->1119433K(1398272K)
[173.276s][info][gc,metaspace   ] GC(1125) Metaspace: 125189K(129536K)->125189K(129536K) NonClass: 107092K(107840K)->107092K(107840K) Class: 18096K(21696K)->18096K(21696K)
[173.276s][info][gc             ] GC(1125) Pause Young (Allocation Failure) 1482M->1199M(1842M) 10.705ms
[173.276s][info][gc,cpu         ] GC(1125) User=0.00s Sys=0.00s Real=0.00s
[173.299s][info][gc,start       ] GC(1126) Pause Young (Allocation Failure)
[173.310s][info][gc,heap        ] GC(1126) PSYoungGen: 430310K(487936K)->115977K(489984K) Eden: 321024K(321024K)->0K(321024K) From: 109286K(166912K)->115977K(168960K)
[173.310s][info][gc,heap        ] GC(1126) ParOldGen: 1119433K(1398272K)->1119433K(1398272K)
[173.310s][info][gc,metaspace   ] GC(1126) Metaspace: 125189K(129536K)->125189K(129536K) NonClass: 107092K(107840K)->107092K(107840K) Class: 18096K(21696K)->18096K(21696K)
[173.310s][info][gc             ] GC(1126) Pause Young (Allocation Failure) 1513M->1206M(1844M) 10.751ms
[173.310s][info][gc,cpu         ] GC(1126) User=0.00s Sys=0.00s Real=0.00s
[173.349s][info][gc,start       ] GC(1127) Pause Young (Allocation Failure)
[173.361s][info][gc,heap        ] GC(1127) PSYoungGen: 437001K(489984K)->123566K(507904K) Eden: 321024K(321024K)->0K(338944K) From: 115977K(168960K)->123566K(168960K)
[173.361s][info][gc,heap        ] GC(1127) ParOldGen: 1119433K(1398272K)->1119433K(1398272K)
[173.362s][info][gc,metaspace   ] GC(1127) Metaspace: 125189K(129536K)->125189K(129536K) NonClass: 107092K(107840K)->107092K(107840K) Class: 18096K(21696K)->18096K(21696K)
[173.362s][info][gc             ] GC(1127) Pause Young (Allocation Failure) 1519M->1213M(1861M) 12.661ms
[173.362s][info][gc,cpu         ] GC(1127) User=0.00s Sys=0.00s Real=0.00s
[173.387s][info][gc,start       ] GC(1128) Pause Young (Allocation Failure)
[173.399s][info][gc,heap        ] GC(1128) PSYoungGen: 462510K(507904K)->136104K(510464K) Eden: 338944K(338944K)->0K(338944K) From: 123566K(168960K)->136104K(171520K)
[173.399s][info][gc,heap        ] GC(1128) ParOldGen: 1119433K(1398272K)->1119433K(1398272K)
[173.399s][info][gc,metaspace   ] GC(1128) Metaspace: 125189K(129536K)->125189K(129536K) NonClass: 107092K(107840K)->107092K(107840K) Class: 18096K(21696K)->18096K(21696K)
[173.399s][info][gc             ] GC(1128) Pause Young (Allocation Failure) 1544M->1226M(1864M) 12.299ms
[173.399s][info][gc,cpu         ] GC(1128) User=0.31s Sys=0.02s Real=0.02s
[173.421s][info][gc,start       ] GC(1129) Pause Young (Allocation Failure)
[173.437s][info][gc,heap        ] GC(1129) PSYoungGen: 475048K(510464K)->144987K(505856K) Eden: 338944K(338944K)->0K(328192K) From: 136104K(171520K)->144987K(177664K)
[173.437s][info][gc,heap        ] GC(1129) ParOldGen: 1119433K(1398272K)->1119449K(1398272K)
[173.437s][info][gc,metaspace   ] GC(1129) Metaspace: 125189K(129536K)->125189K(129536K) NonClass: 107092K(107840K)->107092K(107840K) Class: 18096K(21696K)->18096K(21696K)
[173.437s][info][gc             ] GC(1129) Pause Young (Allocation Failure) 1557M->1234M(1859M) 15.976ms
[173.437s][info][gc,cpu         ] GC(1129) User=0.33s Sys=0.08s Real=0.02s
[173.457s][info][gc,start       ] GC(1130) Pause Young (Allocation Failure)
[173.471s][info][gc,heap        ] GC(1130) PSYoungGen: 473179K(505856K)->157690K(485888K) Eden: 328192K(328192K)->0K(328192K) From: 144987K(177664K)->157690K(157696K)
[173.471s][info][gc,heap        ] GC(1130) ParOldGen: 1119449K(1398272K)->1119449K(1398272K)
[173.471s][info][gc,metaspace   ] GC(1130) Metaspace: 125189K(129536K)->125189K(129536K) NonClass: 107092K(107840K)->107092K(107840K) Class: 18096K(21696K)->18096K(21696K)
[173.471s][info][gc             ] GC(1130) Pause Young (Allocation Failure) 1555M->1247M(1840M) 14.123ms
[173.471s][info][gc,cpu         ] GC(1130) User=0.52s Sys=0.00s Real=0.02s
[173.491s][info][gc,start       ] GC(1131) Pause Young (Allocation Failure)
[173.510s][info][gc,heap        ] GC(1131) PSYoungGen: 485882K(485888K)->172435K(476160K) Eden: 328192K(328192K)->0K(280064K) From: 157690K(157696K)->172435K(196096K)
[173.510s][info][gc,heap        ] GC(1131) ParOldGen: 1119449K(1398272K)->1119457K(1398272K)
[173.510s][info][gc,metaspace   ] GC(1131) Metaspace: 125191K(129536K)->125191K(129536K) NonClass: 107094K(107840K)->107094K(107840K) Class: 18097K(21696K)->18097K(21696K)
[173.510s][info][gc             ] GC(1131) Pause Young (Allocation Failure) 1567M->1261M(1830M) 18.989ms
[173.510s][info][gc,cpu         ] GC(1131) User=0.53s Sys=0.22s Real=0.02s
[173.527s][info][gc,start       ] GC(1132) Pause Young (Allocation Failure)
[173.544s][info][gc,heap        ] GC(1132) PSYoungGen: 452499K(476160K)->175675K(456192K) Eden: 280064K(280064K)->0K(280064K) From: 172435K(196096K)->175675K(176128K)
[173.544s][info][gc,heap        ] GC(1132) ParOldGen: 1119457K(1398272K)->1119513K(1398272K)
[173.544s][info][gc,metaspace   ] GC(1132) Metaspace: 125191K(129536K)->125191K(129536K) NonClass: 107094K(107840K)->107094K(107840K) Class: 18097K(21696K)->18097K(21696K)
[173.544s][info][gc             ] GC(1132) Pause Young (Allocation Failure) 1535M->1264M(1811M) 17.111ms
[173.544s][info][gc,cpu         ] GC(1132) User=0.38s Sys=0.00s Real=0.02s
[173.562s][info][gc,start       ] GC(1133) Pause Young (Allocation Failure)
[173.580s][info][gc,heap        ] GC(1133) PSYoungGen: 455739K(456192K)->198414K(454656K) Eden: 280064K(280064K)->0K(232960K) From: 175675K(176128K)->198414K(221696K)
[173.580s][info][gc,heap        ] GC(1133) ParOldGen: 1119513K(1398272K)->1119601K(1398272K)
[173.580s][info][gc,metaspace   ] GC(1133) Metaspace: 125191K(129536K)->125191K(129536K) NonClass: 107094K(107840K)->107094K(107840K) Class: 18097K(21696K)->18097K(21696K)
[173.580s][info][gc             ] GC(1133) Pause Young (Allocation Failure) 1538M->1287M(1809M) 17.994ms
[173.580s][info][gc,cpu         ] GC(1133) User=0.52s Sys=0.00s Real=0.02s
[173.595s][info][gc,start       ] GC(1134) Pause Young (Allocation Failure)
[173.614s][info][gc,heap        ] GC(1134) PSYoungGen: 429938K(454656K)->204356K(465920K) Eden: 231524K(232960K)->0K(232960K) From: 198414K(221696K)->204356K(232960K)
[173.614s][info][gc,heap        ] GC(1134) ParOldGen: 1119601K(1398272K)->1119736K(1398272K)
[173.614s][info][gc,metaspace   ] GC(1134) Metaspace: 125191K(129536K)->125191K(129536K) NonClass: 107094K(107840K)->107094K(107840K) Class: 18097K(21696K)->18097K(21696K)
[173.614s][info][gc             ] GC(1134) Pause Young (Allocation Failure) 1513M->1293M(1820M) 19.039ms
[173.614s][info][gc,cpu         ] GC(1134) User=0.00s Sys=0.00s Real=0.01s
[173.629s][info][gc,start       ] GC(1135) Pause Young (Allocation Failure)
[173.655s][info][gc,heap        ] GC(1135) PSYoungGen: 437316K(465920K)->232270K(465920K) Eden: 232960K(232960K)->0K(232960K) From: 204356K(232960K)->232270K(232960K)
[173.655s][info][gc,heap        ] GC(1135) ParOldGen: 1119736K(1398272K)->1119808K(1398272K)
[173.655s][info][gc,metaspace   ] GC(1135) Metaspace: 125196K(129536K)->125196K(129536K) NonClass: 107099K(107840K)->107099K(107840K) Class: 18097K(21696K)->18097K(21696K)
[173.655s][info][gc             ] GC(1135) Pause Young (Allocation Failure) 1520M->1320M(1820M) 25.356ms
[173.655s][info][gc,cpu         ] GC(1135) User=0.73s Sys=0.05s Real=0.03s
[173.670s][info][gc,start       ] GC(1136) Pause Young (Allocation Failure)
[173.692s][info][gc,heap        ] GC(1136) PSYoungGen: 465230K(465920K)->222045K(465920K) Eden: 232960K(232960K)->0K(232960K) From: 232270K(232960K)->222045K(232960K)
[173.692s][info][gc,heap        ] GC(1136) ParOldGen: 1119808K(1398272K)->1128145K(1398272K)
[173.692s][info][gc,metaspace   ] GC(1136) Metaspace: 125198K(129536K)->125198K(129536K) NonClass: 107100K(107840K)->107100K(107840K) Class: 18097K(21696K)->18097K(21696K)
[173.692s][info][gc             ] GC(1136) Pause Young (Allocation Failure) 1547M->1318M(1820M) 22.003ms
[173.692s][info][gc,cpu         ] GC(1136) User=0.52s Sys=0.00s Real=0.01s
[173.706s][info][gc,start       ] GC(1137) Pause Young (Allocation Failure)
[173.726s][info][gc,heap        ] GC(1137) PSYoungGen: 455005K(465920K)->172956K(465920K) Eden: 232960K(232960K)->0K(232960K) From: 222045K(232960K)->172956K(232960K)
[173.726s][info][gc,heap        ] GC(1137) ParOldGen: 1128145K(1398272K)->1165315K(1398272K)
[173.726s][info][gc,metaspace   ] GC(1137) Metaspace: 125198K(129536K)->125198K(129536K) NonClass: 107100K(107840K)->107100K(107840K) Class: 18097K(21696K)->18097K(21696K)
[173.726s][info][gc             ] GC(1137) Pause Young (Allocation Failure) 1546M->1306M(1820M) 20.519ms
[173.726s][info][gc,cpu         ] GC(1137) User=0.53s Sys=0.00s Real=0.02s
[173.741s][info][gc,start       ] GC(1138) Pause Young (Allocation Failure)
[173.757s][info][gc,heap        ] GC(1138) PSYoungGen: 405916K(465920K)->80710K(465920K) Eden: 232960K(232960K)->0K(232960K) From: 172956K(232960K)->80710K(232960K)
[173.757s][info][gc,heap        ] GC(1138) ParOldGen: 1165315K(1398272K)->1239815K(1398272K)
[173.757s][info][gc,metaspace   ] GC(1138) Metaspace: 125214K(129536K)->125214K(129536K) NonClass: 107117K(107840K)->107117K(107840K) Class: 18097K(21696K)->18097K(21696K)
[173.757s][info][gc             ] GC(1138) Pause Young (Allocation Failure) 1534M->1289M(1820M) 15.407ms
[173.757s][info][gc,cpu         ] GC(1138) User=0.53s Sys=0.00s Real=0.02s
[173.769s][info][gc,start       ] GC(1139) Pause Young (Allocation Failure)
[173.778s][info][gc,heap        ] GC(1139) PSYoungGen: 313670K(465920K)->82557K(465920K) Eden: 232960K(232960K)->0K(232960K) From: 80710K(232960K)->82557K(232960K)
[173.778s][info][gc,heap        ] GC(1139) ParOldGen: 1239815K(1398272K)->1244933K(1398272K)
[173.778s][info][gc,metaspace   ] GC(1139) Metaspace: 125230K(129600K)->125230K(129600K) NonClass: 107132K(107904K)->107132K(107904K) Class: 18097K(21696K)->18097K(21696K)
[173.778s][info][gc             ] GC(1139) Pause Young (Allocation Failure) 1517M->1296M(1820M) 8.973ms
[173.778s][info][gc,cpu         ] GC(1139) User=0.28s Sys=0.02s Real=0.02s
[173.791s][info][gc,start       ] GC(1140) Pause Young (Allocation Failure)
[173.800s][info][gc,heap        ] GC(1140) PSYoungGen: 315517K(465920K)->95761K(465920K) Eden: 232960K(232960K)->0K(232960K) From: 82557K(232960K)->95761K(232960K)
[173.800s][info][gc,heap        ] GC(1140) ParOldGen: 1244933K(1398272K)->1246506K(1398272K)
[173.800s][info][gc,metaspace   ] GC(1140) Metaspace: 125230K(129600K)->125230K(129600K) NonClass: 107132K(107904K)->107132K(107904K) Class: 18097K(21696K)->18097K(21696K)
[173.800s][info][gc             ] GC(1140) Pause Young (Allocation Failure) 1523M->1310M(1820M) 9.324ms
[173.800s][info][gc,cpu         ] GC(1140) User=0.00s Sys=0.00s Real=0.00s
[173.813s][info][gc,start       ] GC(1141) Pause Young (Allocation Failure)
[173.823s][info][gc,heap        ] GC(1141) PSYoungGen: 328721K(465920K)->99750K(465920K) Eden: 232960K(232960K)->0K(232960K) From: 95761K(232960K)->99750K(232960K)
[173.823s][info][gc,heap        ] GC(1141) ParOldGen: 1246506K(1398272K)->1247388K(1398272K)
[173.823s][info][gc,metaspace   ] GC(1141) Metaspace: 125240K(129600K)->125240K(129600K) NonClass: 107143K(107904K)->107143K(107904K) Class: 18097K(21696K)->18097K(21696K)
[173.823s][info][gc             ] GC(1141) Pause Young (Allocation Failure) 1538M->1315M(1820M) 9.667ms
[173.823s][info][gc,cpu         ] GC(1141) User=0.34s Sys=0.00s Real=0.02s
[173.835s][info][gc,start       ] GC(1142) Pause Young (Allocation Failure)
[173.846s][info][gc,heap        ] GC(1142) PSYoungGen: 332710K(465920K)->89488K(465920K) Eden: 232960K(232960K)->0K(232960K) From: 99750K(232960K)->89488K(232960K)
[173.846s][info][gc,heap        ] GC(1142) ParOldGen: 1247388K(1398272K)->1264042K(1398272K)
[173.846s][info][gc,metaspace   ] GC(1142) Metaspace: 125240K(129600K)->125240K(129600K) NonClass: 107143K(107904K)->107143K(107904K) Class: 18097K(21696K)->18097K(21696K)
[173.846s][info][gc             ] GC(1142) Pause Young (Allocation Failure) 1543M->1321M(1820M) 10.574ms
[173.846s][info][gc,cpu         ] GC(1142) User=0.53s Sys=0.00s Real=0.02s
[173.857s][info][gc,start       ] GC(1143) Pause Young (Allocation Failure)
[173.867s][info][gc,heap        ] GC(1143) PSYoungGen: 322448K(465920K)->47995K(465920K) Eden: 232960K(232960K)->0K(232960K) From: 89488K(232960K)->47995K(232960K)
[173.867s][info][gc,heap        ] GC(1143) ParOldGen: 1264042K(1398272K)->1310487K(1398272K)
[173.867s][info][gc,metaspace   ] GC(1143) Metaspace: 125240K(129600K)->125240K(129600K) NonClass: 107143K(107904K)->107143K(107904K) Class: 18097K(21696K)->18097K(21696K)
[173.867s][info][gc             ] GC(1143) Pause Young (Allocation Failure) 1549M->1326M(1820M) 9.668ms
[173.867s][info][gc,cpu         ] GC(1143) User=0.00s Sys=0.00s Real=0.00s
[173.879s][info][gc,start       ] GC(1144) Pause Young (Allocation Failure)
[173.885s][info][gc,heap        ] GC(1144) PSYoungGen: 280955K(465920K)->53925K(465920K) Eden: 232960K(232960K)->0K(232960K) From: 47995K(232960K)->53925K(232960K)
[173.885s][info][gc,heap        ] GC(1144) ParOldGen: 1310487K(1398272K)->1320054K(1398272K)
[173.885s][info][gc,metaspace   ] GC(1144) Metaspace: 125240K(129600K)->125240K(129600K) NonClass: 107143K(107904K)->107143K(107904K) Class: 18097K(21696K)->18097K(21696K)
[173.885s][info][gc             ] GC(1144) Pause Young (Allocation Failure) 1554M->1341M(1820M) 5.890ms
[173.885s][info][gc,cpu         ] GC(1144) User=0.16s Sys=0.00s Real=0.02s
[173.896s][info][gc,start       ] GC(1145) Pause Young (Allocation Failure)
[173.903s][info][gc,heap        ] GC(1145) PSYoungGen: 286885K(465920K)->53957K(465920K) Eden: 232960K(232960K)->0K(232960K) From: 53925K(232960K)->53957K(232960K)
[173.903s][info][gc,heap        ] GC(1145) ParOldGen: 1320054K(1398272K)->1342137K(1398272K)
[173.903s][info][gc,metaspace   ] GC(1145) Metaspace: 125240K(129600K)->125240K(129600K) NonClass: 107143K(107904K)->107143K(107904K) Class: 18097K(21696K)->18097K(21696K)
[173.903s][info][gc             ] GC(1145) Pause Young (Allocation Failure) 1569M->1363M(1820M) 6.710ms
[173.903s][info][gc,cpu         ] GC(1145) User=0.28s Sys=0.00s Real=0.02s
[173.915s][info][gc,start       ] GC(1146) Pause Young (Allocation Failure)
[173.921s][info][gc,heap        ] GC(1146) PSYoungGen: 285075K(465920K)->59021K(465920K) Eden: 231118K(232960K)->0K(232960K) From: 53957K(232960K)->59021K(232960K)
[173.921s][info][gc,heap        ] GC(1146) ParOldGen: 1342137K(1398272K)->1367314K(1398272K)
[173.921s][info][gc,metaspace   ] GC(1146) Metaspace: 125240K(129600K)->125240K(129600K) NonClass: 107143K(107904K)->107143K(107904K) Class: 18097K(21696K)->18097K(21696K)
[173.921s][info][gc             ] GC(1146) Pause Young (Allocation Failure) 1589M->1392M(1820M) 6.064ms
[173.921s][info][gc,cpu         ] GC(1146) User=0.00s Sys=0.00s Real=0.00s
[173.921s][info][gc,start       ] GC(1147) Pause Full (Ergonomics)
[173.921s][info][gc,phases,start] GC(1147) Marking Phase
[173.970s][info][gc,phases      ] GC(1147) Marking Phase 48.776ms
[173.970s][info][gc,phases,start] GC(1147) Summary Phase
[173.970s][info][gc,phases      ] GC(1147) Summary Phase 0.059ms
[173.970s][info][gc,phases,start] GC(1147) Adjust Roots
[173.983s][info][gc,phases      ] GC(1147) Adjust Roots 13.024ms
[173.983s][info][gc,phases,start] GC(1147) Compaction Phase
[174.008s][info][gc,phases      ] GC(1147) Compaction Phase 25.024ms
[174.008s][info][gc,phases,start] GC(1147) Post Compact
[174.015s][info][gc,phases      ] GC(1147) Post Compact 7.243ms
[174.015s][info][gc,heap        ] GC(1147) PSYoungGen: 59021K(465920K)->0K(465920K) Eden: 0K(232960K)->0K(232960K) From: 59021K(232960K)->0K(232960K)
[174.015s][info][gc,heap        ] GC(1147) ParOldGen: 1367314K(1398272K)->1256578K(1398272K)
[174.016s][info][gc,metaspace   ] GC(1147) Metaspace: 125240K(129600K)->125240K(129600K) NonClass: 107143K(107904K)->107143K(107904K) Class: 18097K(21696K)->18097K(21696K)
[174.016s][info][gc             ] GC(1147) Pause Full (Ergonomics) 1392M->1227M(1820M) 94.450ms
[174.016s][info][gc,cpu         ] GC(1147) User=1.55s Sys=0.02s Real=0.09s
[174.029s][info][gc,start       ] GC(1148) Pause Young (Allocation Failure)
[174.035s][info][gc,heap        ] GC(1148) PSYoungGen: 232960K(465920K)->66080K(465920K) Eden: 232960K(232960K)->0K(232960K) From: 0K(232960K)->66080K(232960K)
[174.035s][info][gc,heap        ] GC(1148) ParOldGen: 1256578K(1398272K)->1256578K(1398272K)
[174.035s][info][gc,metaspace   ] GC(1148) Metaspace: 125240K(129600K)->125240K(129600K) NonClass: 107143K(107904K)->107143K(107904K) Class: 18097K(21696K)->18097K(21696K)
[174.035s][info][gc             ] GC(1148) Pause Young (Allocation Failure) 1454M->1291M(1820M) 5.673ms
[174.035s][info][gc,cpu         ] GC(1148) User=0.00s Sys=0.00s Real=0.00s
[174.048s][info][gc,start       ] GC(1149) Pause Young (Allocation Failure)
[174.056s][info][gc,heap        ] GC(1149) PSYoungGen: 299040K(465920K)->25985K(465920K) Eden: 232960K(232960K)->0K(232960K) From: 66080K(232960K)->25985K(232960K)
[174.056s][info][gc,heap        ] GC(1149) ParOldGen: 1256578K(1398272K)->1314879K(1398272K)
[174.056s][info][gc,metaspace   ] GC(1149) Metaspace: 125240K(129600K)->125240K(129600K) NonClass: 107143K(107904K)->107143K(107904K) Class: 18097K(21696K)->18097K(21696K)
[174.056s][info][gc             ] GC(1149) Pause Young (Allocation Failure) 1519M->1309M(1820M) 8.671ms
[174.056s][info][gc,cpu         ] GC(1149) User=0.17s Sys=0.00s Real=0.01s
[174.069s][info][gc,start       ] GC(1150) Pause Young (Allocation Failure)
[174.077s][info][gc,heap        ] GC(1150) PSYoungGen: 258945K(465920K)->51693K(465920K) Eden: 232960K(232960K)->0K(232960K) From: 25985K(232960K)->51693K(232960K)
[174.077s][info][gc,heap        ] GC(1150) ParOldGen: 1314879K(1398272K)->1338176K(1398272K)
[174.077s][info][gc,metaspace   ] GC(1150) Metaspace: 125240K(129600K)->125240K(129600K) NonClass: 107143K(107904K)->107143K(107904K) Class: 18097K(21696K)->18097K(21696K)
[174.077s][info][gc             ] GC(1150) Pause Young (Allocation Failure) 1536M->1357M(1820M) 7.575ms
[174.077s][info][gc,cpu         ] GC(1150) User=0.39s Sys=0.02s Real=0.02s
[174.077s][info][gc,start       ] GC(1151) Pause Full (Ergonomics)
[174.077s][info][gc,phases,start] GC(1151) Marking Phase
[174.122s][info][gc,phases      ] GC(1151) Marking Phase 45.369ms
[174.122s][info][gc,phases,start] GC(1151) Summary Phase
[174.123s][info][gc,phases      ] GC(1151) Summary Phase 0.056ms
[174.123s][info][gc,phases,start] GC(1151) Adjust Roots
[174.136s][info][gc,phases      ] GC(1151) Adjust Roots 12.952ms
[174.136s][info][gc,phases,start] GC(1151) Compaction Phase
[174.154s][info][gc,phases      ] GC(1151) Compaction Phase 18.368ms
[174.154s][info][gc,phases,start] GC(1151) Post Compact
[174.161s][info][gc,phases      ] GC(1151) Post Compact 7.119ms
[174.161s][info][gc,heap        ] GC(1151) PSYoungGen: 51693K(465920K)->0K(465920K) Eden: 0K(232960K)->0K(232960K) From: 51693K(232960K)->0K(232960K)
[174.161s][info][gc,heap        ] GC(1151) ParOldGen: 1338176K(1398272K)->1252165K(1398272K)
[174.161s][info][gc,metaspace   ] GC(1151) Metaspace: 125240K(129600K)->125240K(129600K) NonClass: 107143K(107904K)->107143K(107904K) Class: 18097K(21696K)->18097K(21696K)
[174.161s][info][gc             ] GC(1151) Pause Full (Ergonomics) 1357M->1222M(1820M) 84.184ms
[174.161s][info][gc,cpu         ] GC(1151) User=1.06s Sys=0.02s Real=0.08s
[174.179s][info][gc,start       ] GC(1152) Pause Young (Allocation Failure)
[174.182s][info][gc,heap        ] GC(1152) PSYoungGen: 232960K(465920K)->23705K(257024K) Eden: 232960K(232960K)->0K(232960K) From: 0K(232960K)->23705K(24064K)
[174.182s][info][gc,heap        ] GC(1152) ParOldGen: 1252165K(1398272K)->1252165K(1398272K)
[174.182s][info][gc,metaspace   ] GC(1152) Metaspace: 125240K(129600K)->125240K(129600K) NonClass: 107143K(107904K)->107143K(107904K) Class: 18097K(21696K)->18097K(21696K)
[174.182s][info][gc             ] GC(1152) Pause Young (Allocation Failure) 1450M->1245M(1616M) 3.853ms
[174.183s][info][gc,cpu         ] GC(1152) User=0.52s Sys=0.00s Real=0.01s
[174.195s][info][gc,start       ] GC(1153) Pause Young (Allocation Failure)
[174.200s][info][gc,heap        ] GC(1153) PSYoungGen: 256665K(257024K)->41465K(469504K) Eden: 232960K(232960K)->0K(241152K) From: 23705K(24064K)->41465K(228352K)
[174.200s][info][gc,heap        ] GC(1153) ParOldGen: 1252165K(1398272K)->1252165K(1398272K)
[174.200s][info][gc,metaspace   ] GC(1153) Metaspace: 125240K(129600K)->125240K(129600K) NonClass: 107143K(107904K)->107143K(107904K) Class: 18097K(21696K)->18097K(21696K)
[174.200s][info][gc             ] GC(1153) Pause Young (Allocation Failure) 1473M->1263M(1824M) 4.550ms
[174.200s][info][gc,cpu         ] GC(1153) User=0.52s Sys=0.00s Real=0.02s
[174.212s][info][gc,start       ] GC(1154) Pause Young (Allocation Failure)
[174.220s][info][gc,heap        ] GC(1154) PSYoungGen: 282617K(469504K)->54337K(295936K) Eden: 241152K(241152K)->0K(241152K) From: 41465K(228352K)->54337K(54784K)
[174.220s][info][gc,heap        ] GC(1154) ParOldGen: 1252165K(1398272K)->1252165K(1398272K)
[174.220s][info][gc,metaspace   ] GC(1154) Metaspace: 125240K(129600K)->125240K(129600K) NonClass: 107143K(107904K)->107143K(107904K) Class: 18097K(21696K)->18097K(21696K)
[174.220s][info][gc             ] GC(1154) Pause Young (Allocation Failure) 1498M->1275M(1654M) 8.579ms
[174.220s][info][gc,cpu         ] GC(1154) User=0.00s Sys=0.00s Real=0.00s
[174.232s][info][gc,start       ] GC(1155) Pause Young (Allocation Failure)
[174.241s][info][gc,heap        ] GC(1155) PSYoungGen: 293896K(295936K)->59837K(456192K) Eden: 239559K(241152K)->0K(257024K) From: 54337K(54784K)->59837K(199168K)
[174.241s][info][gc,heap        ] GC(1155) ParOldGen: 1252165K(1398272K)->1252165K(1398272K)
[174.241s][info][gc,metaspace   ] GC(1155) Metaspace: 125241K(129600K)->125241K(129600K) NonClass: 107144K(107904K)->107144K(107904K) Class: 18097K(21696K)->18097K(21696K)
[174.241s][info][gc             ] GC(1155) Pause Young (Allocation Failure) 1509M->1281M(1811M) 8.351ms
[174.241s][info][gc,cpu         ] GC(1155) User=0.00s Sys=0.00s Real=0.00s
[174.254s][info][gc,start       ] GC(1156) Pause Young (Allocation Failure)
[174.261s][info][gc,heap        ] GC(1156) PSYoungGen: 316861K(456192K)->75513K(458240K) Eden: 257024K(257024K)->0K(257024K) From: 59837K(199168K)->75513K(201216K)
[174.261s][info][gc,heap        ] GC(1156) ParOldGen: 1252165K(1398272K)->1252165K(1398272K)
[174.261s][info][gc,metaspace   ] GC(1156) Metaspace: 125241K(129600K)->125241K(129600K) NonClass: 107144K(107904K)->107144K(107904K) Class: 18097K(21696K)->18097K(21696K)
[174.261s][info][gc             ] GC(1156) Pause Young (Allocation Failure) 1532M->1296M(1813M) 7.634ms
[174.261s][info][gc,cpu         ] GC(1156) User=0.25s Sys=0.00s Real=0.02s
[174.274s][info][gc,start       ] GC(1157) Pause Young (Allocation Failure)
[174.283s][info][gc,heap        ] GC(1157) PSYoungGen: 332537K(458240K)->73823K(441344K) Eden: 257024K(257024K)->0K(274432K) From: 75513K(201216K)->73823K(166912K)
[174.283s][info][gc,heap        ] GC(1157) ParOldGen: 1252165K(1398272K)->1252165K(1398272K)
[174.283s][info][gc,metaspace   ] GC(1157) Metaspace: 125241K(129600K)->125241K(129600K) NonClass: 107144K(107904K)->107144K(107904K) Class: 18097K(21696K)->18097K(21696K)
[174.283s][info][gc             ] GC(1157) Pause Young (Allocation Failure) 1547M->1294M(1796M) 9.090ms
[174.283s][info][gc,cpu         ] GC(1157) User=0.00s Sys=0.00s Real=0.00s
[174.298s][info][gc,start       ] GC(1158) Pause Young (Allocation Failure)
[174.307s][info][gc,heap        ] GC(1158) PSYoungGen: 348255K(441344K)->100875K(452096K) Eden: 274432K(274432K)->0K(274432K) From: 73823K(166912K)->100875K(177664K)
[174.307s][info][gc,heap        ] GC(1158) ParOldGen: 1252165K(1398272K)->1252165K(1398272K)
[174.307s][info][gc,metaspace   ] GC(1158) Metaspace: 125241K(129600K)->125241K(129600K) NonClass: 107144K(107904K)->107144K(107904K) Class: 18097K(21696K)->18097K(21696K)
[174.307s][info][gc             ] GC(1158) Pause Young (Allocation Failure) 1562M->1321M(1807M) 8.865ms
[174.307s][info][gc,cpu         ] GC(1158) User=0.16s Sys=0.02s Real=0.01s
[174.321s][info][gc,start       ] GC(1159) Pause Young (Allocation Failure)
[174.331s][info][gc,heap        ] GC(1159) PSYoungGen: 372048K(452096K)->112355K(467456K) Eden: 271172K(274432K)->0K(290304K) From: 100875K(177664K)->112355K(177152K)
[174.331s][info][gc,heap        ] GC(1159) ParOldGen: 1252165K(1398272K)->1252165K(1398272K)
[174.331s][info][gc,metaspace   ] GC(1159) Metaspace: 125241K(129600K)->125241K(129600K) NonClass: 107144K(107904K)->107144K(107904K) Class: 18097K(21696K)->18097K(21696K)
[174.331s][info][gc             ] GC(1159) Pause Young (Allocation Failure) 1586M->1332M(1822M) 10.594ms
[174.331s][info][gc,cpu         ] GC(1159) User=0.00s Sys=0.00s Real=0.00s
[174.347s][info][gc,start       ] GC(1160) Pause Young (Allocation Failure)
[174.359s][info][gc,heap        ] GC(1160) PSYoungGen: 402659K(467456K)->138541K(470528K) Eden: 290304K(290304K)->0K(290304K) From: 112355K(177152K)->138541K(180224K)
[174.359s][info][gc,heap        ] GC(1160) ParOldGen: 1252165K(1398272K)->1252165K(1398272K)
[174.359s][info][gc,metaspace   ] GC(1160) Metaspace: 125241K(129600K)->125241K(129600K) NonClass: 107144K(107904K)->107144K(107904K) Class: 18097K(21696K)->18097K(21696K)
[174.359s][info][gc             ] GC(1160) Pause Young (Allocation Failure) 1616M->1358M(1825M) 11.999ms
[174.359s][info][gc,cpu         ] GC(1160) User=0.42s Sys=0.00s Real=0.02s
[174.374s][info][gc,start       ] GC(1161) Pause Young (Allocation Failure)
[174.390s][info][gc,heap        ] GC(1161) PSYoungGen: 426807K(470528K)->143200K(486400K) Eden: 288266K(290304K)->0K(294400K) From: 138541K(180224K)->143200K(192000K)
[174.390s][info][gc,heap        ] GC(1161) ParOldGen: 1252165K(1398272K)->1252165K(1398272K)
[174.390s][info][gc,metaspace   ] GC(1161) Metaspace: 125241K(129600K)->125241K(129600K) NonClass: 107144K(107904K)->107144K(107904K) Class: 18097K(21696K)->18097K(21696K)
[174.390s][info][gc             ] GC(1161) Pause Young (Allocation Failure) 1639M->1362M(1840M) 16.078ms
[174.390s][info][gc,cpu         ] GC(1161) User=0.41s Sys=0.03s Real=0.02s
[174.406s][info][gc,start       ] GC(1162) Pause Young (Allocation Failure)
[174.419s][info][gc,heap        ] GC(1162) PSYoungGen: 437600K(486400K)->145151K(439808K) Eden: 294400K(294400K)->0K(294400K) From: 143200K(192000K)->145151K(145408K)
[174.419s][info][gc,heap        ] GC(1162) ParOldGen: 1252165K(1398272K)->1252165K(1398272K)
[174.419s][info][gc,metaspace   ] GC(1162) Metaspace: 125241K(129600K)->125241K(129600K) NonClass: 107144K(107904K)->107144K(107904K) Class: 18097K(21696K)->18097K(21696K)
[174.419s][info][gc             ] GC(1162) Pause Young (Allocation Failure) 1650M->1364M(1795M) 12.701ms
[174.419s][info][gc,cpu         ] GC(1162) User=0.48s Sys=0.00s Real=0.02s
[174.433s][info][gc,start       ] GC(1163) Pause Young (Allocation Failure)
[174.448s][info][gc,heap        ] GC(1163) PSYoungGen: 439551K(439808K)->155428K(467456K) Eden: 294400K(294400K)->0K(256512K) From: 145151K(145408K)->155428K(210944K)
[174.448s][info][gc,heap        ] GC(1163) ParOldGen: 1252165K(1398272K)->1252165K(1398272K)
[174.448s][info][gc,metaspace   ] GC(1163) Metaspace: 125241K(129600K)->125241K(129600K) NonClass: 107144K(107904K)->107144K(107904K) Class: 18097K(21696K)->18097K(21696K)
[174.448s][info][gc             ] GC(1163) Pause Young (Allocation Failure) 1652M->1374M(1822M) 14.347ms
[174.448s][info][gc,cpu         ] GC(1163) User=0.23s Sys=0.00s Real=0.02s
[174.460s][info][gc,start       ] GC(1164) Pause Young (Allocation Failure)
[174.475s][info][gc,heap        ] GC(1164) PSYoungGen: 411940K(467456K)->162416K(419328K) Eden: 256512K(256512K)->0K(256512K) From: 155428K(210944K)->162416K(162816K)
[174.475s][info][gc,heap        ] GC(1164) ParOldGen: 1252165K(1398272K)->1252165K(1398272K)
[174.475s][info][gc,metaspace   ] GC(1164) Metaspace: 125241K(129600K)->125241K(129600K) NonClass: 107144K(107904K)->107144K(107904K) Class: 18097K(21696K)->18097K(21696K)
[174.475s][info][gc             ] GC(1164) Pause Young (Allocation Failure) 1625M->1381M(1775M) 15.214ms
[174.475s][info][gc,cpu         ] GC(1164) User=0.52s Sys=0.00s Real=0.02s
[174.488s][info][gc,start       ] GC(1165) Pause Young (Allocation Failure)
[174.503s][info][gc,heap        ] GC(1165) PSYoungGen: 418928K(419328K)->168818K(464384K) Eden: 256512K(256512K)->0K(232960K) From: 162416K(162816K)->168818K(231424K)
[174.503s][info][gc,heap        ] GC(1165) ParOldGen: 1252165K(1398272K)->1252165K(1398272K)
[174.503s][info][gc,metaspace   ] GC(1165) Metaspace: 125241K(129600K)->125241K(129600K) NonClass: 107144K(107904K)->107144K(107904K) Class: 18097K(21696K)->18097K(21696K)
[174.504s][info][gc             ] GC(1165) Pause Young (Allocation Failure) 1631M->1387M(1819M) 15.977ms
[174.504s][info][gc,cpu         ] GC(1165) User=0.52s Sys=0.00s Real=0.02s
[174.515s][info][gc,start       ] GC(1166) Pause Young (Allocation Failure)
[174.532s][info][gc,heap        ] GC(1166) PSYoungGen: 401778K(464384K)->157007K(465920K) Eden: 232960K(232960K)->0K(232960K) From: 168818K(231424K)->157007K(232960K)
[174.532s][info][gc,heap        ] GC(1166) ParOldGen: 1252165K(1398272K)->1268629K(1398272K)
[174.532s][info][gc,metaspace   ] GC(1166) Metaspace: 125241K(129600K)->125241K(129600K) NonClass: 107144K(107904K)->107144K(107904K) Class: 18097K(21696K)->18097K(21696K)
[174.532s][info][gc             ] GC(1166) Pause Young (Allocation Failure) 1615M->1392M(1820M) 16.826ms
[174.532s][info][gc,cpu         ] GC(1166) User=0.52s Sys=0.00s Real=0.02s
[174.543s][info][gc,start       ] GC(1167) Pause Young (Allocation Failure)
[174.562s][info][gc,heap        ] GC(1167) PSYoungGen: 389967K(465920K)->186765K(465920K) Eden: 232960K(232960K)->0K(232960K) From: 157007K(232960K)->186765K(232960K)
[174.562s][info][gc,heap        ] GC(1167) ParOldGen: 1268629K(1398272K)->1268709K(1398272K)
[174.562s][info][gc,metaspace   ] GC(1167) Metaspace: 125241K(129600K)->125241K(129600K) NonClass: 107144K(107904K)->107144K(107904K) Class: 18097K(21696K)->18097K(21696K)
[174.562s][info][gc             ] GC(1167) Pause Young (Allocation Failure) 1619M->1421M(1820M) 18.809ms
[174.562s][info][gc,cpu         ] GC(1167) User=0.52s Sys=0.00s Real=0.01s
[174.574s][info][gc,start       ] GC(1168) Pause Young (Allocation Failure)
[174.591s][info][gc,heap        ] GC(1168) PSYoungGen: 416111K(465920K)->178498K(465920K) Eden: 229346K(232960K)->0K(232960K) From: 186765K(232960K)->178498K(232960K)
[174.591s][info][gc,heap        ] GC(1168) ParOldGen: 1268709K(1398272K)->1268709K(1398272K)
[174.591s][info][gc,metaspace   ] GC(1168) Metaspace: 125241K(129600K)->125241K(129600K) NonClass: 107144K(107904K)->107144K(107904K) Class: 18097K(21696K)->18097K(21696K)
[174.591s][info][gc             ] GC(1168) Pause Young (Allocation Failure) 1645M->1413M(1820M) 17.100ms
[174.591s][info][gc,cpu         ] GC(1168) User=0.52s Sys=0.00s Real=0.02s
[174.603s][info][gc,start       ] GC(1169) Pause Young (Allocation Failure)
[174.621s][info][gc,heap        ] GC(1169) PSYoungGen: 410477K(465920K)->172420K(465920K) Eden: 231978K(232960K)->0K(232960K) From: 178498K(232960K)->172420K(232960K)
[174.622s][info][gc,heap        ] GC(1169) ParOldGen: 1268709K(1398272K)->1293376K(1398272K)
[174.622s][info][gc,metaspace   ] GC(1169) Metaspace: 125241K(129600K)->125241K(129600K) NonClass: 107144K(107904K)->107144K(107904K) Class: 18097K(21696K)->18097K(21696K)
[174.622s][info][gc             ] GC(1169) Pause Young (Allocation Failure) 1639M->1431M(1820M) 18.782ms
[174.622s][info][gc,cpu         ] GC(1169) User=0.42s Sys=0.02s Real=0.02s
[174.634s][info][gc,start       ] GC(1170) Pause Young (Allocation Failure)
[174.651s][info][gc,heap        ] GC(1170) PSYoungGen: 405380K(465920K)->121628K(465920K) Eden: 232960K(232960K)->0K(232960K) From: 172420K(232960K)->121628K(232960K)
[174.651s][info][gc,heap        ] GC(1170) ParOldGen: 1293376K(1398272K)->1346959K(1398272K)
[174.651s][info][gc,metaspace   ] GC(1170) Metaspace: 125241K(129600K)->125241K(129600K) NonClass: 107144K(107904K)->107144K(107904K) Class: 18097K(21696K)->18097K(21696K)
[174.651s][info][gc             ] GC(1170) Pause Young (Allocation Failure) 1658M->1434M(1820M) 16.794ms
[174.651s][info][gc,cpu         ] GC(1170) User=0.38s Sys=0.00s Real=0.02s
[174.651s][info][gc,start       ] GC(1171) Pause Full (Ergonomics)
[174.651s][info][gc,phases,start] GC(1171) Marking Phase
[174.698s][info][gc,phases      ] GC(1171) Marking Phase 46.754ms
[174.698s][info][gc,phases,start] GC(1171) Summary Phase
[174.698s][info][gc,phases      ] GC(1171) Summary Phase 0.065ms
[174.698s][info][gc,phases,start] GC(1171) Adjust Roots
[174.713s][info][gc,phases      ] GC(1171) Adjust Roots 14.670ms
[174.713s][info][gc,phases,start] GC(1171) Compaction Phase
[174.738s][info][gc,phases      ] GC(1171) Compaction Phase 25.150ms
[174.738s][info][gc,phases,start] GC(1171) Post Compact
[174.746s][info][gc,phases      ] GC(1171) Post Compact 8.190ms
[174.746s][info][gc,heap        ] GC(1171) PSYoungGen: 121628K(465920K)->0K(465920K) Eden: 0K(232960K)->0K(232960K) From: 121628K(232960K)->0K(232960K)
[174.747s][info][gc,heap        ] GC(1171) ParOldGen: 1346959K(1398272K)->1370286K(1398272K)
[174.747s][info][gc,metaspace   ] GC(1171) Metaspace: 125241K(129600K)->125241K(129600K) NonClass: 107144K(107904K)->107144K(107904K) Class: 18097K(21696K)->18097K(21696K)
[174.747s][info][gc             ] GC(1171) Pause Full (Ergonomics) 1434M->1338M(1820M) 95.161ms
[174.747s][info][gc,cpu         ] GC(1171) User=1.22s Sys=0.17s Real=0.09s
[174.764s][info][gc,start       ] GC(1172) Pause Full (Ergonomics)
[174.764s][info][gc,phases,start] GC(1172) Marking Phase
[174.806s][info][gc,phases      ] GC(1172) Marking Phase 42.029ms
[174.806s][info][gc,phases,start] GC(1172) Summary Phase
[174.806s][info][gc,phases      ] GC(1172) Summary Phase 0.065ms
[174.806s][info][gc,phases,start] GC(1172) Adjust Roots
[174.826s][info][gc,phases      ] GC(1172) Adjust Roots 19.847ms
[174.826s][info][gc,phases,start] GC(1172) Compaction Phase
[174.852s][info][gc,phases      ] GC(1172) Compaction Phase 26.487ms
[174.852s][info][gc,phases,start] GC(1172) Post Compact
[174.861s][info][gc,phases      ] GC(1172) Post Compact 8.871ms
[174.861s][info][gc,heap        ] GC(1172) PSYoungGen: 232824K(465920K)->0K(465920K) Eden: 232824K(232960K)->0K(232960K) From: 0K(232960K)->0K(232960K)
[174.861s][info][gc,heap        ] GC(1172) ParOldGen: 1370286K(1398272K)->1364116K(1398272K)
[174.861s][info][gc,metaspace   ] GC(1172) Metaspace: 125241K(129600K)->125241K(129600K) NonClass: 107144K(107904K)->107144K(107904K) Class: 18097K(21696K)->18097K(21696K)
[174.861s][info][gc             ] GC(1172) Pause Full (Ergonomics) 1565M->1332M(1820M) 97.690ms
[174.862s][info][gc,cpu         ] GC(1172) User=1.17s Sys=0.00s Real=0.09s
[174.879s][info][gc,start       ] GC(1173) Pause Full (Ergonomics)
[174.879s][info][gc,phases,start] GC(1173) Marking Phase
[174.931s][info][gc,phases      ] GC(1173) Marking Phase 51.666ms
[174.931s][info][gc,phases,start] GC(1173) Summary Phase
[174.931s][info][gc,phases      ] GC(1173) Summary Phase 0.061ms
[174.931s][info][gc,phases,start] GC(1173) Adjust Roots
[174.946s][info][gc,phases      ] GC(1173) Adjust Roots 14.830ms
[174.946s][info][gc,phases,start] GC(1173) Compaction Phase
[174.969s][info][gc,phases      ] GC(1173) Compaction Phase 22.766ms
[174.969s][info][gc,phases,start] GC(1173) Post Compact
[174.979s][info][gc,phases      ] GC(1173) Post Compact 10.028ms
[174.979s][info][gc,heap        ] GC(1173) PSYoungGen: 232960K(465920K)->0K(465920K) Eden: 232960K(232960K)->0K(232960K) From: 0K(232960K)->0K(232960K)
[174.979s][info][gc,heap        ] GC(1173) ParOldGen: 1364116K(1398272K)->1367272K(1398272K)
[174.979s][info][gc,metaspace   ] GC(1173) Metaspace: 125241K(129600K)->125241K(129600K) NonClass: 107144K(107904K)->107144K(107904K) Class: 18097K(21696K)->18097K(21696K)
[174.979s][info][gc             ] GC(1173) Pause Full (Ergonomics) 1559M->1335M(1820M) 99.888ms
[174.979s][info][gc,cpu         ] GC(1173) User=1.02s Sys=0.00s Real=0.09s
[174.997s][info][gc,start       ] GC(1174) Pause Full (Ergonomics)
[174.997s][info][gc,phases,start] GC(1174) Marking Phase
[175.036s][info][gc,phases      ] GC(1174) Marking Phase 38.945ms
[175.036s][info][gc,phases,start] GC(1174) Summary Phase
[175.036s][info][gc,phases      ] GC(1174) Summary Phase 0.061ms
[175.036s][info][gc,phases,start] GC(1174) Adjust Roots
[175.045s][info][gc,phases      ] GC(1174) Adjust Roots 8.921ms
[175.045s][info][gc,phases,start] GC(1174) Compaction Phase
[175.065s][info][gc,phases      ] GC(1174) Compaction Phase 19.712ms
[175.065s][info][gc,phases,start] GC(1174) Post Compact
[175.075s][info][gc,phases      ] GC(1174) Post Compact 10.130ms
[175.075s][info][gc,heap        ] GC(1174) PSYoungGen: 232960K(465920K)->0K(465920K) Eden: 232960K(232960K)->0K(232960K) From: 0K(232960K)->0K(232960K)
[175.075s][info][gc,heap        ] GC(1174) ParOldGen: 1367272K(1398272K)->1370079K(1398272K)
[175.075s][info][gc,metaspace   ] GC(1174) Metaspace: 125241K(129600K)->125241K(129600K) NonClass: 107144K(107904K)->107144K(107904K) Class: 18097K(21696K)->18097K(21696K)
[175.075s][info][gc             ] GC(1174) Pause Full (Ergonomics) 1562M->1337M(1820M) 78.251ms
[175.075s][info][gc,cpu         ] GC(1174) User=1.55s Sys=0.00s Real=0.08s
[175.095s][info][gc,start       ] GC(1175) Pause Full (Ergonomics)
[175.095s][info][gc,phases,start] GC(1175) Marking Phase
[175.151s][info][gc,phases      ] GC(1175) Marking Phase 55.549ms
[175.151s][info][gc,phases,start] GC(1175) Summary Phase
[175.151s][info][gc,phases      ] GC(1175) Summary Phase 0.060ms
[175.151s][info][gc,phases,start] GC(1175) Adjust Roots
[175.165s][info][gc,phases      ] GC(1175) Adjust Roots 14.432ms
[175.165s][info][gc,phases,start] GC(1175) Compaction Phase
[175.187s][info][gc,phases      ] GC(1175) Compaction Phase 21.788ms
[175.187s][info][gc,phases,start] GC(1175) Post Compact
[175.198s][info][gc,phases      ] GC(1175) Post Compact 10.345ms
[175.198s][info][gc,heap        ] GC(1175) PSYoungGen: 232960K(465920K)->0K(465920K) Eden: 232960K(232960K)->0K(232960K) From: 0K(232960K)->0K(232960K)
[175.198s][info][gc,heap        ] GC(1175) ParOldGen: 1370079K(1398272K)->1378328K(1398272K)
[175.198s][info][gc,metaspace   ] GC(1175) Metaspace: 125241K(129600K)->125241K(129600K) NonClass: 107144K(107904K)->107144K(107904K) Class: 18097K(21696K)->18097K(21696K)
[175.198s][info][gc             ] GC(1175) Pause Full (Ergonomics) 1565M->1346M(1820M) 102.655ms
[175.198s][info][gc,cpu         ] GC(1175) User=1.20s Sys=0.13s Real=0.09s
[175.218s][info][gc,start       ] GC(1176) Pause Full (Ergonomics)
[175.218s][info][gc,phases,start] GC(1176) Marking Phase
[175.273s][info][gc,phases      ] GC(1176) Marking Phase 54.397ms
[175.273s][info][gc,phases,start] GC(1176) Summary Phase
[175.273s][info][gc,phases      ] GC(1176) Summary Phase 0.060ms
[175.273s][info][gc,phases,start] GC(1176) Adjust Roots
[175.287s][info][gc,phases      ] GC(1176) Adjust Roots 14.181ms
[175.287s][info][gc,phases,start] GC(1176) Compaction Phase
[175.309s][info][gc,phases      ] GC(1176) Compaction Phase 22.477ms
[175.309s][info][gc,phases,start] GC(1176) Post Compact
[175.320s][info][gc,phases      ] GC(1176) Post Compact 10.073ms
[175.320s][info][gc,heap        ] GC(1176) PSYoungGen: 232960K(465920K)->0K(465920K) Eden: 232960K(232960K)->0K(232960K) From: 0K(232960K)->0K(232960K)
[175.320s][info][gc,heap        ] GC(1176) ParOldGen: 1378328K(1398272K)->1385204K(1398272K)
[175.320s][info][gc,metaspace   ] GC(1176) Metaspace: 125241K(129600K)->125241K(129600K) NonClass: 107144K(107904K)->107144K(107904K) Class: 18097K(21696K)->18097K(21696K)
[175.320s][info][gc             ] GC(1176) Pause Full (Ergonomics) 1573M->1352M(1820M) 101.670ms
[175.320s][info][gc,cpu         ] GC(1176) User=1.52s Sys=0.00s Real=0.09s
[175.338s][info][gc,start       ] GC(1177) Pause Full (Ergonomics)
[175.338s][info][gc,phases,start] GC(1177) Marking Phase
[175.389s][info][gc,phases      ] GC(1177) Marking Phase 50.345ms
[175.389s][info][gc,phases,start] GC(1177) Summary Phase
[175.389s][info][gc,phases      ] GC(1177) Summary Phase 0.060ms
[175.389s][info][gc,phases,start] GC(1177) Adjust Roots
[175.404s][info][gc,phases      ] GC(1177) Adjust Roots 15.083ms
[175.404s][info][gc,phases,start] GC(1177) Compaction Phase
[175.423s][info][gc,phases      ] GC(1177) Compaction Phase 19.133ms
[175.423s][info][gc,phases,start] GC(1177) Post Compact
[175.433s][info][gc,phases      ] GC(1177) Post Compact 9.795ms
[175.433s][info][gc,heap        ] GC(1177) PSYoungGen: 232960K(465920K)->0K(465920K) Eden: 232960K(232960K)->0K(232960K) From: 0K(232960K)->0K(232960K)
[175.433s][info][gc,heap        ] GC(1177) ParOldGen: 1385204K(1398272K)->1393337K(1398272K)
[175.433s][info][gc,metaspace   ] GC(1177) Metaspace: 125241K(129600K)->125241K(129600K) NonClass: 107144K(107904K)->107144K(107904K) Class: 18097K(21696K)->18097K(21696K)
[175.433s][info][gc             ] GC(1177) Pause Full (Ergonomics) 1580M->1360M(1820M) 94.817ms
[175.433s][info][gc,cpu         ] GC(1177) User=1.14s Sys=0.00s Real=0.09s
[175.451s][info][gc,start       ] GC(1178) Pause Full (Ergonomics)
[175.451s][info][gc,phases,start] GC(1178) Marking Phase
[175.499s][info][gc,phases      ] GC(1178) Marking Phase 48.127ms
[175.499s][info][gc,phases,start] GC(1178) Summary Phase
[175.499s][info][gc,phases      ] GC(1178) Summary Phase 0.043ms
[175.499s][info][gc,phases,start] GC(1178) Adjust Roots
[175.520s][info][gc,phases      ] GC(1178) Adjust Roots 20.953ms
[175.520s][info][gc,phases,start] GC(1178) Compaction Phase
[175.627s][info][gc,phases      ] GC(1178) Compaction Phase 106.890ms
[175.627s][info][gc,phases,start] GC(1178) Post Compact
[175.635s][info][gc,phases      ] GC(1178) Post Compact 7.937ms
[175.635s][info][gc,heap        ] GC(1178) PSYoungGen: 232960K(465920K)->6403K(465920K) Eden: 232960K(232960K)->6403K(232960K) From: 0K(232960K)->0K(232960K)
[175.635s][info][gc,heap        ] GC(1178) ParOldGen: 1393337K(1398272K)->1393642K(1398272K)
[175.635s][info][gc,metaspace   ] GC(1178) Metaspace: 125241K(129600K)->125241K(129600K) NonClass: 107144K(107904K)->107144K(107904K) Class: 18097K(21696K)->18097K(21696K)
[175.635s][info][gc             ] GC(1178) Pause Full (Ergonomics) 1588M->1367M(1820M) 184.313ms
[175.635s][info][gc,cpu         ] GC(1178) User=4.67s Sys=0.00s Real=0.19s
[175.648s][info][gc,start       ] GC(1179) Pause Full (Ergonomics)
[175.648s][info][gc,phases,start] GC(1179) Marking Phase
[175.695s][info][gc,phases      ] GC(1179) Marking Phase 47.104ms
[175.695s][info][gc,phases,start] GC(1179) Summary Phase
[175.695s][info][gc,phases      ] GC(1179) Summary Phase 0.044ms
[175.695s][info][gc,phases,start] GC(1179) Adjust Roots
[175.709s][info][gc,phases      ] GC(1179) Adjust Roots 14.119ms
[175.709s][info][gc,phases,start] GC(1179) Compaction Phase
[175.746s][info][gc,phases      ] GC(1179) Compaction Phase 36.539ms
[175.746s][info][gc,phases,start] GC(1179) Post Compact
[175.754s][info][gc,phases      ] GC(1179) Post Compact 7.941ms
[175.754s][info][gc,heap        ] GC(1179) PSYoungGen: 232960K(465920K)->15778K(465920K) Eden: 232960K(232960K)->15778K(232960K) From: 0K(232960K)->0K(232960K)
[175.754s][info][gc,heap        ] GC(1179) ParOldGen: 1393642K(1398272K)->1394071K(1398272K)
[175.754s][info][gc,metaspace   ] GC(1179) Metaspace: 125242K(129600K)->125242K(129600K) NonClass: 107144K(107904K)->107144K(107904K) Class: 18097K(21696K)->18097K(21696K)
[175.754s][info][gc             ] GC(1179) Pause Full (Ergonomics) 1588M->1376M(1820M) 106.115ms
[175.754s][info][gc,cpu         ] GC(1179) User=3.03s Sys=0.02s Real=0.11s
[175.767s][info][gc,start       ] GC(1180) Pause Full (Ergonomics)
[175.767s][info][gc,phases,start] GC(1180) Marking Phase
[175.805s][info][gc,phases      ] GC(1180) Marking Phase 37.861ms
[175.805s][info][gc,phases,start] GC(1180) Summary Phase
[175.805s][info][gc,phases      ] GC(1180) Summary Phase 0.044ms
[175.805s][info][gc,phases,start] GC(1180) Adjust Roots
[175.819s][info][gc,phases      ] GC(1180) Adjust Roots 14.700ms
[175.819s][info][gc,phases,start] GC(1180) Compaction Phase
[175.857s][info][gc,phases      ] GC(1180) Compaction Phase 37.221ms
[175.857s][info][gc,phases,start] GC(1180) Post Compact
[175.865s][info][gc,phases      ] GC(1180) Post Compact 7.950ms
[175.865s][info][gc,heap        ] GC(1180) PSYoungGen: 232960K(465920K)->22668K(465920K) Eden: 232960K(232960K)->22668K(232960K) From: 0K(232960K)->0K(232960K)
[175.865s][info][gc,heap        ] GC(1180) ParOldGen: 1394071K(1398272K)->1392323K(1398272K)
[175.865s][info][gc,metaspace   ] GC(1180) Metaspace: 125242K(129600K)->125242K(129600K) NonClass: 107144K(107904K)->107144K(107904K) Class: 18097K(21696K)->18097K(21696K)
[175.865s][info][gc             ] GC(1180) Pause Full (Ergonomics) 1588M->1381M(1820M) 98.079ms
[175.865s][info][gc,cpu         ] GC(1180) User=2.00s Sys=0.02s Real=0.11s
[175.877s][info][gc,start       ] GC(1181) Pause Full (Ergonomics)
[175.878s][info][gc,phases,start] GC(1181) Marking Phase
[175.918s][info][gc,phases      ] GC(1181) Marking Phase 39.995ms
[175.918s][info][gc,phases,start] GC(1181) Summary Phase
[175.918s][info][gc,phases      ] GC(1181) Summary Phase 0.041ms
[175.918s][info][gc,phases,start] GC(1181) Adjust Roots
[175.932s][info][gc,phases      ] GC(1181) Adjust Roots 14.025ms
[175.932s][info][gc,phases,start] GC(1181) Compaction Phase
[175.970s][info][gc,phases      ] GC(1181) Compaction Phase 37.832ms
[175.970s][info][gc,phases,start] GC(1181) Post Compact
[175.978s][info][gc,phases      ] GC(1181) Post Compact 7.961ms
[175.978s][info][gc,heap        ] GC(1181) PSYoungGen: 232960K(465920K)->36462K(465920K) Eden: 232960K(232960K)->36462K(232960K) From: 0K(232960K)->0K(232960K)
[175.978s][info][gc,heap        ] GC(1181) ParOldGen: 1392323K(1398272K)->1392557K(1398272K)
[175.978s][info][gc,metaspace   ] GC(1181) Metaspace: 125242K(129600K)->125242K(129600K) NonClass: 107144K(107904K)->107144K(107904K) Class: 18097K(21696K)->18097K(21696K)
[175.978s][info][gc             ] GC(1181) Pause Full (Ergonomics) 1587M->1395M(1820M) 100.177ms
[175.978s][info][gc,cpu         ] GC(1181) User=1.98s Sys=0.02s Real=0.11s
[175.992s][info][gc,start       ] GC(1182) Pause Full (Ergonomics)
[175.992s][info][gc,phases,start] GC(1182) Marking Phase
[176.045s][info][gc,phases      ] GC(1182) Marking Phase 53.584ms
[176.045s][info][gc,phases,start] GC(1182) Summary Phase
[176.045s][info][gc,phases      ] GC(1182) Summary Phase 0.048ms
[176.045s][info][gc,phases,start] GC(1182) Adjust Roots
[176.054s][info][gc,phases      ] GC(1182) Adjust Roots 8.782ms
[176.054s][info][gc,phases,start] GC(1182) Compaction Phase
[176.102s][info][gc,phases      ] GC(1182) Compaction Phase 47.260ms
[176.135s][info][gc,phases,start] GC(1182) Post Compact
[176.146s][info][gc,phases      ] GC(1182) Post Compact 10.475ms
[176.146s][info][gc,heap        ] GC(1182) PSYoungGen: 232960K(465920K)->25256K(465920K) Eden: 232960K(232960K)->25256K(232960K) From: 0K(232960K)->0K(232960K)
[176.146s][info][gc,heap        ] GC(1182) ParOldGen: 1392557K(1398272K)->1396618K(1398272K)
[176.146s][info][gc,metaspace   ] GC(1182) Metaspace: 125249K(129600K)->125249K(129600K) NonClass: 107152K(107904K)->107152K(107904K) Class: 18097K(21696K)->18097K(21696K)
[176.146s][info][gc             ] GC(1182) Pause Full (Ergonomics) 1587M->1388M(1820M) 154.148ms
[176.146s][info][gc,cpu         ] GC(1182) User=2.36s Sys=0.03s Real=0.16s
[176.170s][info][gc,start       ] GC(1183) Pause Full (Ergonomics)
[176.170s][info][gc,phases,start] GC(1183) Marking Phase
[176.210s][info][gc,phases      ] GC(1183) Marking Phase 39.574ms
[176.210s][info][gc,phases,start] GC(1183) Summary Phase
[176.210s][info][gc,phases      ] GC(1183) Summary Phase 0.052ms
[176.210s][info][gc,phases,start] GC(1183) Adjust Roots
[176.221s][info][gc,phases      ] GC(1183) Adjust Roots 10.940ms
[176.221s][info][gc,phases,start] GC(1183) Compaction Phase
[176.258s][info][gc,phases      ] GC(1183) Compaction Phase 37.186ms
[176.258s][info][gc,phases,start] GC(1183) Post Compact
[176.266s][info][gc,phases      ] GC(1183) Post Compact 7.963ms
[176.266s][info][gc,heap        ] GC(1183) PSYoungGen: 232960K(465920K)->14049K(465920K) Eden: 232960K(232960K)->14049K(232960K) From: 0K(232960K)->0K(232960K)
[176.266s][info][gc,heap        ] GC(1183) ParOldGen: 1396618K(1398272K)->1396261K(1398272K)
[176.266s][info][gc,metaspace   ] GC(1183) Metaspace: 125251K(129600K)->125251K(129600K) NonClass: 107154K(107904K)->107154K(107904K) Class: 18097K(21696K)->18097K(21696K)
[176.266s][info][gc             ] GC(1183) Pause Full (Ergonomics) 1591M->1377M(1820M) 96.056ms
[176.266s][info][gc,cpu         ] GC(1183) User=2.08s Sys=0.02s Real=0.09s
[176.283s][info][gc,start       ] GC(1184) Pause Full (Ergonomics)
[176.283s][info][gc,phases,start] GC(1184) Marking Phase
[176.333s][info][gc,phases      ] GC(1184) Marking Phase 49.654ms
[176.333s][info][gc,phases,start] GC(1184) Summary Phase
[176.333s][info][gc,phases      ] GC(1184) Summary Phase 0.040ms
[176.333s][info][gc,phases,start] GC(1184) Adjust Roots
[176.347s][info][gc,phases      ] GC(1184) Adjust Roots 13.801ms
[176.347s][info][gc,phases,start] GC(1184) Compaction Phase
[176.383s][info][gc,phases      ] GC(1184) Compaction Phase 36.364ms
[176.383s][info][gc,phases,start] GC(1184) Post Compact
[176.391s][info][gc,phases      ] GC(1184) Post Compact 7.944ms
[176.391s][info][gc,heap        ] GC(1184) PSYoungGen: 232960K(465920K)->7620K(465920K) Eden: 232960K(232960K)->7620K(232960K) From: 0K(232960K)->0K(232960K)
[176.391s][info][gc,heap        ] GC(1184) ParOldGen: 1396261K(1398272K)->1397302K(1398272K)
[176.391s][info][gc,metaspace   ] GC(1184) Metaspace: 125252K(129600K)->125252K(129600K) NonClass: 107154K(107904K)->107154K(107904K) Class: 18097K(21696K)->18097K(21696K)
[176.391s][info][gc             ] GC(1184) Pause Full (Ergonomics) 1591M->1371M(1820M) 108.112ms
[176.391s][info][gc,cpu         ] GC(1184) User=2.36s Sys=0.08s Real=0.10s
[176.408s][info][gc,start       ] GC(1185) Pause Full (Ergonomics)
[176.408s][info][gc,phases,start] GC(1185) Marking Phase
[176.458s][info][gc,phases      ] GC(1185) Marking Phase 49.672ms
[176.458s][info][gc,phases,start] GC(1185) Summary Phase
[176.458s][info][gc,phases      ] GC(1185) Summary Phase 0.044ms
[176.458s][info][gc,phases,start] GC(1185) Adjust Roots
[176.472s][info][gc,phases      ] GC(1185) Adjust Roots 14.098ms
[176.472s][info][gc,phases,start] GC(1185) Compaction Phase
[176.509s][info][gc,phases      ] GC(1185) Compaction Phase 36.901ms
[176.509s][info][gc,phases,start] GC(1185) Post Compact
[176.517s][info][gc,phases      ] GC(1185) Post Compact 7.968ms
[176.517s][info][gc,heap        ] GC(1185) PSYoungGen: 232960K(465920K)->7724K(465920K) Eden: 232960K(232960K)->7724K(232960K) From: 0K(232960K)->0K(232960K)
[176.517s][info][gc,heap        ] GC(1185) ParOldGen: 1397302K(1398272K)->1394580K(1398272K)
[176.517s][info][gc,metaspace   ] GC(1185) Metaspace: 125252K(129600K)->125252K(129600K) NonClass: 107154K(107904K)->107154K(107904K) Class: 18097K(21696K)->18097K(21696K)
[176.517s][info][gc             ] GC(1185) Pause Full (Ergonomics) 1592M->1369M(1820M) 108.987ms
[176.517s][info][gc,cpu         ] GC(1185) User=2.11s Sys=0.00s Real=0.11s
[176.532s][info][gc,start       ] GC(1186) Pause Full (Ergonomics)
[176.532s][info][gc,phases,start] GC(1186) Marking Phase
[176.582s][info][gc,phases      ] GC(1186) Marking Phase 49.305ms
[176.582s][info][gc,phases,start] GC(1186) Summary Phase
[176.582s][info][gc,phases      ] GC(1186) Summary Phase 0.047ms
[176.582s][info][gc,phases,start] GC(1186) Adjust Roots
[176.597s][info][gc,phases      ] GC(1186) Adjust Roots 15.434ms
[176.597s][info][gc,phases,start] GC(1186) Compaction Phase
[176.616s][info][gc,phases      ] GC(1186) Compaction Phase 18.665ms
[176.616s][info][gc,phases,start] GC(1186) Post Compact
[176.626s][info][gc,phases      ] GC(1186) Post Compact 10.164ms
[176.626s][info][gc,heap        ] GC(1186) PSYoungGen: 232960K(465920K)->7719K(465920K) Eden: 232960K(232960K)->7719K(232960K) From: 0K(232960K)->0K(232960K)
[176.626s][info][gc,heap        ] GC(1186) ParOldGen: 1394580K(1398272K)->1394577K(1398272K)
[176.626s][info][gc,metaspace   ] GC(1186) Metaspace: 125252K(129600K)->125252K(129600K) NonClass: 107154K(107904K)->107154K(107904K) Class: 18097K(21696K)->18097K(21696K)
[176.626s][info][gc             ] GC(1186) Pause Full (Ergonomics) 1589M->1369M(1820M) 94.053ms
[176.626s][info][gc,cpu         ] GC(1186) User=1.06s Sys=0.00s Real=0.09s
[176.651s][info][gc,start       ] GC(1187) Pause Full (Ergonomics)
[176.651s][info][gc,phases,start] GC(1187) Marking Phase
[176.696s][info][gc,phases      ] GC(1187) Marking Phase 45.537ms
[176.696s][info][gc,phases,start] GC(1187) Summary Phase
[176.696s][info][gc,phases      ] GC(1187) Summary Phase 0.043ms
[176.696s][info][gc,phases,start] GC(1187) Adjust Roots
[176.709s][info][gc,phases      ] GC(1187) Adjust Roots 13.076ms
[176.709s][info][gc,phases,start] GC(1187) Compaction Phase
[176.727s][info][gc,phases      ] GC(1187) Compaction Phase 18.039ms
[176.727s][info][gc,phases,start] GC(1187) Post Compact
[176.737s][info][gc,phases      ] GC(1187) Post Compact 9.500ms
[176.737s][info][gc,heap        ] GC(1187) PSYoungGen: 232960K(465920K)->7726K(465920K) Eden: 232960K(232960K)->7726K(232960K) From: 0K(232960K)->0K(232960K)
[176.737s][info][gc,heap        ] GC(1187) ParOldGen: 1394577K(1398272K)->1394576K(1398272K)
[176.737s][info][gc,metaspace   ] GC(1187) Metaspace: 125252K(129600K)->125252K(129600K) NonClass: 107154K(107904K)->107154K(107904K) Class: 18097K(21696K)->18097K(21696K)
[176.737s][info][gc             ] GC(1187) Pause Full (Ergonomics) 1589M->1369M(1820M) 86.569ms
[176.737s][info][gc,cpu         ] GC(1187) User=0.97s Sys=0.00s Real=0.09s
[176.762s][info][gc,start       ] GC(1188) Pause Full (Ergonomics)
[176.762s][info][gc,phases,start] GC(1188) Marking Phase
[176.810s][info][gc,phases      ] GC(1188) Marking Phase 47.673ms
[176.810s][info][gc,phases,start] GC(1188) Summary Phase
[176.810s][info][gc,phases      ] GC(1188) Summary Phase 0.043ms
[176.810s][info][gc,phases,start] GC(1188) Adjust Roots
[176.825s][info][gc,phases      ] GC(1188) Adjust Roots 15.334ms
[176.825s][info][gc,phases,start] GC(1188) Compaction Phase
[176.846s][info][gc,phases      ] GC(1188) Compaction Phase 20.536ms
[176.846s][info][gc,phases,start] GC(1188) Post Compact
[176.857s][info][gc,phases      ] GC(1188) Post Compact 10.732ms
[176.857s][info][gc,heap        ] GC(1188) PSYoungGen: 232960K(465920K)->7728K(465920K) Eden: 232960K(232960K)->7728K(232960K) From: 0K(232960K)->0K(232960K)
[176.857s][info][gc,heap        ] GC(1188) ParOldGen: 1394576K(1398272K)->1394576K(1398272K)
[176.857s][info][gc,metaspace   ] GC(1188) Metaspace: 125252K(129600K)->125252K(129600K) NonClass: 107154K(107904K)->107154K(107904K) Class: 18097K(21696K)->18097K(21696K)
[176.857s][info][gc             ] GC(1188) Pause Full (Ergonomics) 1589M->1369M(1820M) 94.774ms
[176.857s][info][gc,cpu         ] GC(1188) User=1.16s Sys=0.00s Real=0.09s
[176.883s][info][gc,start       ] GC(1189) Pause Full (Ergonomics)
[176.883s][info][gc,phases,start] GC(1189) Marking Phase
[176.935s][info][gc,phases      ] GC(1189) Marking Phase 51.755ms
[176.935s][info][gc,phases,start] GC(1189) Summary Phase
[176.935s][info][gc,phases      ] GC(1189) Summary Phase 0.049ms
[176.935s][info][gc,phases,start] GC(1189) Adjust Roots
[176.948s][info][gc,phases      ] GC(1189) Adjust Roots 13.324ms
[176.948s][info][gc,phases,start] GC(1189) Compaction Phase
[176.966s][info][gc,phases      ] GC(1189) Compaction Phase 17.707ms
[176.966s][info][gc,phases,start] GC(1189) Post Compact
[176.977s][info][gc,phases      ] GC(1189) Post Compact 10.371ms
[176.977s][info][gc,heap        ] GC(1189) PSYoungGen: 232960K(465920K)->7726K(465920K) Eden: 232960K(232960K)->7726K(232960K) From: 0K(232960K)->0K(232960K)
[176.977s][info][gc,heap        ] GC(1189) ParOldGen: 1394576K(1398272K)->1394576K(1398272K)
[176.977s][info][gc,metaspace   ] GC(1189) Metaspace: 125252K(129600K)->125252K(129600K) NonClass: 107154K(107904K)->107154K(107904K) Class: 18097K(21696K)->18097K(21696K)
[176.977s][info][gc             ] GC(1189) Pause Full (Ergonomics) 1589M->1369M(1820M) 93.648ms
[176.977s][info][gc,cpu         ] GC(1189) User=1.14s Sys=0.00s Real=0.10s
[177.002s][info][gc,start       ] GC(1190) Pause Full (Ergonomics)
[177.002s][info][gc,phases,start] GC(1190) Marking Phase
[177.047s][info][gc,phases      ] GC(1190) Marking Phase 44.568ms
[177.047s][info][gc,phases,start] GC(1190) Summary Phase
[177.047s][info][gc,phases      ] GC(1190) Summary Phase 0.043ms
[177.047s][info][gc,phases,start] GC(1190) Adjust Roots
[177.060s][info][gc,phases      ] GC(1190) Adjust Roots 12.950ms
[177.060s][info][gc,phases,start] GC(1190) Compaction Phase
[177.079s][info][gc,phases      ] GC(1190) Compaction Phase 18.568ms
[177.079s][info][gc,phases,start] GC(1190) Post Compact
[177.088s][info][gc,phases      ] GC(1190) Post Compact 9.542ms
[177.088s][info][gc,heap        ] GC(1190) PSYoungGen: 232960K(465920K)->7731K(465920K) Eden: 232960K(232960K)->7731K(232960K) From: 0K(232960K)->0K(232960K)
[177.088s][info][gc,heap        ] GC(1190) ParOldGen: 1394576K(1398272K)->1394576K(1398272K)
[177.088s][info][gc,metaspace   ] GC(1190) Metaspace: 125252K(129600K)->125252K(129600K) NonClass: 107154K(107904K)->107154K(107904K) Class: 18097K(21696K)->18097K(21696K)
[177.088s][info][gc             ] GC(1190) Pause Full (Ergonomics) 1589M->1369M(1820M) 86.035ms
[177.088s][info][gc,cpu         ] GC(1190) User=1.09s Sys=0.00s Real=0.09s
[177.113s][info][gc,start       ] GC(1191) Pause Full (Ergonomics)
[177.113s][info][gc,phases,start] GC(1191) Marking Phase
[177.163s][info][gc,phases      ] GC(1191) Marking Phase 49.585ms
[177.163s][info][gc,phases,start] GC(1191) Summary Phase
[177.163s][info][gc,phases      ] GC(1191) Summary Phase 0.046ms
[177.163s][info][gc,phases,start] GC(1191) Adjust Roots
[177.177s][info][gc,phases      ] GC(1191) Adjust Roots 13.988ms
[177.177s][info][gc,phases,start] GC(1191) Compaction Phase
[177.196s][info][gc,phases      ] GC(1191) Compaction Phase 19.123ms
[177.196s][info][gc,phases,start] GC(1191) Post Compact
[177.206s][info][gc,phases      ] GC(1191) Post Compact 10.516ms
[177.207s][info][gc,heap        ] GC(1191) PSYoungGen: 232960K(465920K)->7729K(465920K) Eden: 232960K(232960K)->7729K(232960K) From: 0K(232960K)->0K(232960K)
[177.207s][info][gc,heap        ] GC(1191) ParOldGen: 1394576K(1398272K)->1394576K(1398272K)
[177.207s][info][gc,metaspace   ] GC(1191) Metaspace: 125252K(129600K)->125252K(129600K) NonClass: 107154K(107904K)->107154K(107904K) Class: 18097K(21696K)->18097K(21696K)
[177.207s][info][gc             ] GC(1191) Pause Full (Ergonomics) 1589M->1369M(1820M) 93.742ms
[177.207s][info][gc,cpu         ] GC(1191) User=1.19s Sys=0.00s Real=0.09s
[177.235s][info][gc,start       ] GC(1192) Pause Full (Ergonomics)
[177.235s][info][gc,phases,start] GC(1192) Marking Phase
[177.286s][info][gc,phases      ] GC(1192) Marking Phase 51.118ms
[177.286s][info][gc,phases,start] GC(1192) Summary Phase
[177.286s][info][gc,phases      ] GC(1192) Summary Phase 0.042ms
[177.286s][info][gc,phases,start] GC(1192) Adjust Roots
[177.298s][info][gc,phases      ] GC(1192) Adjust Roots 11.794ms
[177.298s][info][gc,phases,start] GC(1192) Compaction Phase
[177.316s][info][gc,phases      ] GC(1192) Compaction Phase 17.928ms
[177.316s][info][gc,phases,start] GC(1192) Post Compact
[177.326s][info][gc,phases      ] GC(1192) Post Compact 10.071ms
[177.326s][info][gc,heap        ] GC(1192) PSYoungGen: 232960K(465920K)->7738K(465920K) Eden: 232960K(232960K)->7738K(232960K) From: 0K(232960K)->0K(232960K)
[177.326s][info][gc,heap        ] GC(1192) ParOldGen: 1394576K(1398272K)->1394576K(1398272K)
[177.327s][info][gc,metaspace   ] GC(1192) Metaspace: 125252K(129600K)->125252K(129600K) NonClass: 107154K(107904K)->107154K(107904K) Class: 18097K(21696K)->18097K(21696K)
[177.327s][info][gc             ] GC(1192) Pause Full (Ergonomics) 1589M->1369M(1820M) 91.414ms
[177.327s][info][gc,cpu         ] GC(1192) User=1.69s Sys=0.00s Real=0.09s
[177.353s][info][gc,start       ] GC(1193) Pause Full (Ergonomics)
[177.354s][info][gc,phases,start] GC(1193) Marking Phase
[177.399s][info][gc,phases      ] GC(1193) Marking Phase 45.695ms
[177.399s][info][gc,phases,start] GC(1193) Summary Phase
[177.399s][info][gc,phases      ] GC(1193) Summary Phase 0.040ms
[177.399s][info][gc,phases,start] GC(1193) Adjust Roots
[177.411s][info][gc,phases      ] GC(1193) Adjust Roots 12.186ms
[177.412s][info][gc,phases,start] GC(1193) Compaction Phase
[177.429s][info][gc,phases      ] GC(1193) Compaction Phase 17.506ms
[177.429s][info][gc,phases,start] GC(1193) Post Compact
[177.439s][info][gc,phases      ] GC(1193) Post Compact 9.659ms
[177.439s][info][gc,heap        ] GC(1193) PSYoungGen: 232960K(465920K)->7737K(465920K) Eden: 232960K(232960K)->7737K(232960K) From: 0K(232960K)->0K(232960K)
[177.439s][info][gc,heap        ] GC(1193) ParOldGen: 1394576K(1398272K)->1394576K(1398272K)
[177.439s][info][gc,metaspace   ] GC(1193) Metaspace: 125252K(129600K)->125252K(129600K) NonClass: 107154K(107904K)->107154K(107904K) Class: 18097K(21696K)->18097K(21696K)
[177.439s][info][gc             ] GC(1193) Pause Full (Ergonomics) 1589M->1369M(1820M) 85.461ms
[177.439s][info][gc,cpu         ] GC(1193) User=1.14s Sys=0.00s Real=0.09s
[177.464s][info][gc,start       ] GC(1194) Pause Full (Ergonomics)
[177.464s][info][gc,phases,start] GC(1194) Marking Phase
[177.516s][info][gc,phases      ] GC(1194) Marking Phase 51.736ms
[177.516s][info][gc,phases,start] GC(1194) Summary Phase
[177.516s][info][gc,phases      ] GC(1194) Summary Phase 0.042ms
[177.516s][info][gc,phases,start] GC(1194) Adjust Roots
[177.527s][info][gc,phases      ] GC(1194) Adjust Roots 10.912ms
[177.527s][info][gc,phases,start] GC(1194) Compaction Phase
[177.544s][info][gc,phases      ] GC(1194) Compaction Phase 17.243ms
[177.544s][info][gc,phases,start] GC(1194) Post Compact
[177.555s][info][gc,phases      ] GC(1194) Post Compact 10.434ms
[177.555s][info][gc,heap        ] GC(1194) PSYoungGen: 232960K(465920K)->7729K(465920K) Eden: 232960K(232960K)->7729K(232960K) From: 0K(232960K)->0K(232960K)
[177.555s][info][gc,heap        ] GC(1194) ParOldGen: 1394576K(1398272K)->1394576K(1398272K)
[177.555s][info][gc,metaspace   ] GC(1194) Metaspace: 125252K(129600K)->125252K(129600K) NonClass: 107154K(107904K)->107154K(107904K) Class: 18097K(21696K)->18097K(21696K)
[177.555s][info][gc             ] GC(1194) Pause Full (Ergonomics) 1589M->1369M(1820M) 90.820ms
[177.555s][info][gc,cpu         ] GC(1194) User=1.64s Sys=0.02s Real=0.09s
[177.580s][info][gc,start       ] GC(1195) Pause Full (Ergonomics)
[177.580s][info][gc,phases,start] GC(1195) Marking Phase
[177.627s][info][gc,phases      ] GC(1195) Marking Phase 46.489ms
[177.627s][info][gc,phases,start] GC(1195) Summary Phase
[177.627s][info][gc,phases      ] GC(1195) Summary Phase 0.039ms
[177.627s][info][gc,phases,start] GC(1195) Adjust Roots
[177.645s][info][gc,phases      ] GC(1195) Adjust Roots 18.084ms
[177.645s][info][gc,phases,start] GC(1195) Compaction Phase
[177.664s][info][gc,phases      ] GC(1195) Compaction Phase 18.898ms
[177.664s][info][gc,phases,start] GC(1195) Post Compact
[177.675s][info][gc,phases      ] GC(1195) Post Compact 10.793ms
[177.675s][info][gc,heap        ] GC(1195) PSYoungGen: 232960K(465920K)->7731K(465920K) Eden: 232960K(232960K)->7731K(232960K) From: 0K(232960K)->0K(232960K)
[177.675s][info][gc,heap        ] GC(1195) ParOldGen: 1394576K(1398272K)->1394576K(1398272K)
[177.675s][info][gc,metaspace   ] GC(1195) Metaspace: 125252K(129600K)->125252K(129600K) NonClass: 107154K(107904K)->107154K(107904K) Class: 18097K(21696K)->18097K(21696K)
[177.675s][info][gc             ] GC(1195) Pause Full (Ergonomics) 1589M->1369M(1820M) 94.744ms
[177.675s][info][gc,cpu         ] GC(1195) User=1.17s Sys=0.02s Real=0.09s
[177.700s][info][gc,start       ] GC(1196) Pause Full (Ergonomics)
[177.700s][info][gc,phases,start] GC(1196) Marking Phase
[177.748s][info][gc,phases      ] GC(1196) Marking Phase 48.042ms
[177.748s][info][gc,phases,start] GC(1196) Summary Phase
[177.748s][info][gc,phases      ] GC(1196) Summary Phase 0.048ms
[177.748s][info][gc,phases,start] GC(1196) Adjust Roots
[177.764s][info][gc,phases      ] GC(1196) Adjust Roots 15.702ms
[177.764s][info][gc,phases,start] GC(1196) Compaction Phase
[177.781s][info][gc,phases      ] GC(1196) Compaction Phase 17.568ms
[177.781s][info][gc,phases,start] GC(1196) Post Compact
[177.792s][info][gc,phases      ] GC(1196) Post Compact 10.729ms
[177.792s][info][gc,heap        ] GC(1196) PSYoungGen: 232960K(465920K)->7728K(465920K) Eden: 232960K(232960K)->7728K(232960K) From: 0K(232960K)->0K(232960K)
[177.792s][info][gc,heap        ] GC(1196) ParOldGen: 1394576K(1398272K)->1394576K(1398272K)
[177.792s][info][gc,metaspace   ] GC(1196) Metaspace: 125252K(129600K)->125252K(129600K) NonClass: 107154K(107904K)->107154K(107904K) Class: 18097K(21696K)->18097K(21696K)
[177.792s][info][gc             ] GC(1196) Pause Full (Ergonomics) 1589M->1369M(1820M) 92.529ms
[177.792s][info][gc,cpu         ] GC(1196) User=0.98s Sys=0.05s Real=0.09s
[177.817s][info][gc,start       ] GC(1197) Pause Full (Ergonomics)
[177.817s][info][gc,phases,start] GC(1197) Marking Phase
[177.862s][info][gc,phases      ] GC(1197) Marking Phase 45.145ms
[177.862s][info][gc,phases,start] GC(1197) Summary Phase
[177.862s][info][gc,phases      ] GC(1197) Summary Phase 0.039ms
[177.862s][info][gc,phases,start] GC(1197) Adjust Roots
[177.878s][info][gc,phases      ] GC(1197) Adjust Roots 15.499ms
[177.878s][info][gc,phases,start] GC(1197) Compaction Phase
[177.898s][info][gc,phases      ] GC(1197) Compaction Phase 19.878ms
[177.898s][info][gc,phases,start] GC(1197) Post Compact
[177.907s][info][gc,phases      ] GC(1197) Post Compact 9.444ms
[177.907s][info][gc,heap        ] GC(1197) PSYoungGen: 232960K(465920K)->7731K(465920K) Eden: 232960K(232960K)->7731K(232960K) From: 0K(232960K)->0K(232960K)
[177.907s][info][gc,heap        ] GC(1197) ParOldGen: 1394576K(1398272K)->1394576K(1398272K)
[177.907s][info][gc,metaspace   ] GC(1197) Metaspace: 125252K(129600K)->125252K(129600K) NonClass: 107154K(107904K)->107154K(107904K) Class: 18097K(21696K)->18097K(21696K)
[177.907s][info][gc             ] GC(1197) Pause Full (Ergonomics) 1589M->1369M(1820M) 90.333ms
[177.907s][info][gc,cpu         ] GC(1197) User=1.16s Sys=0.00s Real=0.09s
[177.936s][info][gc,start       ] GC(1198) Pause Full (Ergonomics)
[177.936s][info][gc,phases,start] GC(1198) Marking Phase
[177.983s][info][gc,phases      ] GC(1198) Marking Phase 46.633ms
[177.983s][info][gc,phases,start] GC(1198) Summary Phase
[177.983s][info][gc,phases      ] GC(1198) Summary Phase 0.045ms
[177.983s][info][gc,phases,start] GC(1198) Adjust Roots
[177.997s][info][gc,phases      ] GC(1198) Adjust Roots 13.781ms
[177.997s][info][gc,phases,start] GC(1198) Compaction Phase
[178.016s][info][gc,phases      ] GC(1198) Compaction Phase 19.322ms
[178.016s][info][gc,phases,start] GC(1198) Post Compact
[178.026s][info][gc,phases      ] GC(1198) Post Compact 9.824ms
[178.026s][info][gc,heap        ] GC(1198) PSYoungGen: 232960K(465920K)->7723K(465920K) Eden: 232960K(232960K)->7723K(232960K) From: 0K(232960K)->0K(232960K)
[178.026s][info][gc,heap        ] GC(1198) ParOldGen: 1394576K(1398272K)->1394576K(1398272K)
[178.026s][info][gc,metaspace   ] GC(1198) Metaspace: 125252K(129600K)->125252K(129600K) NonClass: 107154K(107904K)->107154K(107904K) Class: 18097K(21696K)->18097K(21696K)
[178.026s][info][gc             ] GC(1198) Pause Full (Ergonomics) 1589M->1369M(1820M) 89.993ms
[178.027s][info][gc,cpu         ] GC(1198) User=1.13s Sys=0.02s Real=0.09s
[178.052s][info][gc,start       ] GC(1199) Pause Full (Ergonomics)
[178.053s][info][gc,phases,start] GC(1199) Marking Phase
[178.106s][info][gc,phases      ] GC(1199) Marking Phase 53.738ms
[178.106s][info][gc,phases,start] GC(1199) Summary Phase
[178.106s][info][gc,phases      ] GC(1199) Summary Phase 0.041ms
[178.106s][info][gc,phases,start] GC(1199) Adjust Roots
[178.121s][info][gc,phases      ] GC(1199) Adjust Roots 15.104ms
[178.122s][info][gc,phases,start] GC(1199) Compaction Phase
[178.158s][info][gc,phases      ] GC(1199) Compaction Phase 36.590ms
[178.158s][info][gc,phases,start] GC(1199) Post Compact
[178.166s][info][gc,phases      ] GC(1199) Post Compact 7.930ms
[178.166s][info][gc,heap        ] GC(1199) PSYoungGen: 232960K(465920K)->7773K(465920K) Eden: 232960K(232960K)->7773K(232960K) From: 0K(232960K)->0K(232960K)
[178.166s][info][gc,heap        ] GC(1199) ParOldGen: 1394576K(1398272K)->1394567K(1398272K)
[178.166s][info][gc,metaspace   ] GC(1199) Metaspace: 125259K(129600K)->125259K(129600K) NonClass: 107161K(107904K)->107161K(107904K) Class: 18097K(21696K)->18097K(21696K)
[178.166s][info][gc             ] GC(1199) Pause Full (Ergonomics) 1589M->1369M(1820M) 113.755ms
[178.166s][info][gc,cpu         ] GC(1199) User=2.45s Sys=0.00s Real=0.11s
[178.183s][info][gc,start       ] GC(1200) Pause Full (Ergonomics)
[178.183s][info][gc,phases,start] GC(1200) Marking Phase
[178.223s][info][gc,phases      ] GC(1200) Marking Phase 39.959ms
[178.223s][info][gc,phases,start] GC(1200) Summary Phase
[178.223s][info][gc,phases      ] GC(1200) Summary Phase 0.044ms
[178.223s][info][gc,phases,start] GC(1200) Adjust Roots
[178.242s][info][gc,phases      ] GC(1200) Adjust Roots 18.918ms
[178.242s][info][gc,phases,start] GC(1200) Compaction Phase
[178.263s][info][gc,phases      ] GC(1200) Compaction Phase 20.884ms
[178.263s][info][gc,phases,start] GC(1200) Post Compact
[178.273s][info][gc,phases      ] GC(1200) Post Compact 10.281ms
[178.273s][info][gc,heap        ] GC(1200) PSYoungGen: 232960K(465920K)->7768K(465920K) Eden: 232960K(232960K)->7768K(232960K) From: 0K(232960K)->0K(232960K)
[178.273s][info][gc,heap        ] GC(1200) ParOldGen: 1394567K(1398272K)->1394567K(1398272K)
[178.273s][info][gc,metaspace   ] GC(1200) Metaspace: 125259K(129600K)->125259K(129600K) NonClass: 107161K(107904K)->107161K(107904K) Class: 18097K(21696K)->18097K(21696K)
[178.273s][info][gc             ] GC(1200) Pause Full (Ergonomics) 1589M->1369M(1820M) 90.497ms
[178.273s][info][gc,cpu         ] GC(1200) User=0.72s Sys=0.00s Real=0.08s
[178.301s][info][gc,start       ] GC(1201) Pause Full (Ergonomics)
[178.301s][info][gc,phases,start] GC(1201) Marking Phase
[178.343s][info][gc,phases      ] GC(1201) Marking Phase 42.144ms
[178.343s][info][gc,phases,start] GC(1201) Summary Phase
[178.343s][info][gc,phases      ] GC(1201) Summary Phase 0.055ms
[178.343s][info][gc,phases,start] GC(1201) Adjust Roots
[178.363s][info][gc,phases      ] GC(1201) Adjust Roots 20.192ms
[178.363s][info][gc,phases,start] GC(1201) Compaction Phase
[178.398s][info][gc,phases      ] GC(1201) Compaction Phase 34.614ms
[178.398s][info][gc,phases,start] GC(1201) Post Compact
[178.406s][info][gc,phases      ] GC(1201) Post Compact 7.970ms
[178.406s][info][gc,heap        ] GC(1201) PSYoungGen: 232960K(465920K)->0K(465920K) Eden: 232960K(232960K)->0K(232960K) From: 0K(232960K)->0K(232960K)
[178.406s][info][gc,heap        ] GC(1201) ParOldGen: 1394567K(1398272K)->1377869K(1398272K)
[178.406s][info][gc,metaspace   ] GC(1201) Metaspace: 125259K(129600K)->125259K(129600K) NonClass: 107161K(107904K)->107161K(107904K) Class: 18097K(21696K)->18097K(21696K)
[178.406s][info][gc             ] GC(1201) Pause Full (Ergonomics) 1589M->1345M(1820M) 105.294ms
[178.406s][info][gc,cpu         ] GC(1201) User=2.11s Sys=0.00s Real=0.11s
[178.423s][info][gc,start       ] GC(1202) Pause Full (Ergonomics)
[178.423s][info][gc,phases,start] GC(1202) Marking Phase
[178.472s][info][gc,phases      ] GC(1202) Marking Phase 48.813ms
[178.472s][info][gc,phases,start] GC(1202) Summary Phase
[178.472s][info][gc,phases      ] GC(1202) Summary Phase 0.062ms
[178.472s][info][gc,phases,start] GC(1202) Adjust Roots
[178.489s][info][gc,phases      ] GC(1202) Adjust Roots 16.906ms
[178.489s][info][gc,phases,start] GC(1202) Compaction Phase
[178.523s][info][gc,phases      ] GC(1202) Compaction Phase 33.500ms
[178.523s][info][gc,phases,start] GC(1202) Post Compact
[178.531s][info][gc,phases      ] GC(1202) Post Compact 7.873ms
[178.531s][info][gc,heap        ] GC(1202) PSYoungGen: 232960K(465920K)->0K(465920K) Eden: 232960K(232960K)->0K(232960K) From: 0K(232960K)->0K(232960K)
[178.531s][info][gc,heap        ] GC(1202) ParOldGen: 1377869K(1398272K)->1349353K(1398272K)
[178.531s][info][gc,metaspace   ] GC(1202) Metaspace: 125259K(129600K)->125259K(129600K) NonClass: 107161K(107904K)->107161K(107904K) Class: 18097K(21696K)->18097K(21696K)
[178.531s][info][gc             ] GC(1202) Pause Full (Ergonomics) 1573M->1317M(1820M) 107.458ms
[178.531s][info][gc,cpu         ] GC(1202) User=2.06s Sys=0.02s Real=0.09s
[178.549s][info][gc,start       ] GC(1203) Pause Full (Ergonomics)
[178.549s][info][gc,phases,start] GC(1203) Marking Phase
[178.594s][info][gc,phases      ] GC(1203) Marking Phase 44.253ms
[178.594s][info][gc,phases,start] GC(1203) Summary Phase
[178.594s][info][gc,phases      ] GC(1203) Summary Phase 0.058ms
[178.594s][info][gc,phases,start] GC(1203) Adjust Roots
[178.613s][info][gc,phases      ] GC(1203) Adjust Roots 19.567ms
[178.613s][info][gc,phases,start] GC(1203) Compaction Phase
[178.635s][info][gc,phases      ] GC(1203) Compaction Phase 21.805ms
[178.635s][info][gc,phases,start] GC(1203) Post Compact
[178.645s][info][gc,phases      ] GC(1203) Post Compact 10.193ms
[178.646s][info][gc,heap        ] GC(1203) PSYoungGen: 232960K(465920K)->0K(465920K) Eden: 232960K(232960K)->0K(232960K) From: 0K(232960K)->0K(232960K)
[178.646s][info][gc,heap        ] GC(1203) ParOldGen: 1349353K(1398272K)->1345424K(1398272K)
[178.646s][info][gc,metaspace   ] GC(1203) Metaspace: 125259K(129600K)->125259K(129600K) NonClass: 107161K(107904K)->107161K(107904K) Class: 18097K(21696K)->18097K(21696K)
[178.646s][info][gc             ] GC(1203) Pause Full (Ergonomics) 1545M->1313M(1820M) 96.378ms
[178.646s][info][gc,cpu         ] GC(1203) User=0.64s Sys=0.00s Real=0.09s
[178.678s][info][gc,start       ] GC(1204) Pause Full (Ergonomics)
[178.678s][info][gc,phases,start] GC(1204) Marking Phase
[178.727s][info][gc,phases      ] GC(1204) Marking Phase 48.985ms
[178.727s][info][gc,phases,start] GC(1204) Summary Phase
[178.727s][info][gc,phases      ] GC(1204) Summary Phase 0.067ms
[178.727s][info][gc,phases,start] GC(1204) Adjust Roots
[178.745s][info][gc,phases      ] GC(1204) Adjust Roots 18.023ms
[178.745s][info][gc,phases,start] GC(1204) Compaction Phase
[178.771s][info][gc,phases      ] GC(1204) Compaction Phase 26.455ms
[178.771s][info][gc,phases,start] GC(1204) Post Compact
[178.780s][info][gc,phases      ] GC(1204) Post Compact 8.485ms
[178.780s][info][gc,heap        ] GC(1204) PSYoungGen: 232960K(465920K)->0K(465920K) Eden: 232960K(232960K)->0K(232960K) From: 0K(232960K)->0K(232960K)
[178.780s][info][gc,heap        ] GC(1204) ParOldGen: 1345424K(1398272K)->1247287K(1398272K)
[178.780s][info][gc,metaspace   ] GC(1204) Metaspace: 125259K(129600K)->125259K(129600K) NonClass: 107161K(107904K)->107161K(107904K) Class: 18097K(21696K)->18097K(21696K)
[178.780s][info][gc             ] GC(1204) Pause Full (Ergonomics) 1541M->1218M(1820M) 102.366ms
[178.780s][info][gc,cpu         ] GC(1204) User=1.56s Sys=0.00s Real=0.10s
[178.827s][info][gc,start       ] GC(1205) Pause Young (Allocation Failure)
[178.829s][info][gc,heap        ] GC(1205) PSYoungGen: 232960K(465920K)->1524K(465920K) Eden: 232960K(232960K)->0K(232960K) From: 0K(232960K)->1524K(232960K)
[178.829s][info][gc,heap        ] GC(1205) ParOldGen: 1247287K(1398272K)->1247295K(1398272K)
[178.829s][info][gc,metaspace   ] GC(1205) Metaspace: 125274K(129600K)->125274K(129600K) NonClass: 107177K(107904K)->107177K(107904K) Class: 18097K(21696K)->18097K(21696K)
[178.829s][info][gc             ] GC(1205) Pause Young (Allocation Failure) 1445M->1219M(1820M) 2.264ms
[178.830s][info][gc,cpu         ] GC(1205) User=0.00s Sys=0.00s Real=0.00s
[179.263s][info][gc,start       ] GC(1206) Pause Young (System.gc())
[179.266s][info][gc,heap        ] GC(1206) PSYoungGen: 32674K(465920K)->2180K(465920K) Eden: 31150K(232960K)->0K(232960K) From: 1524K(232960K)->2180K(232960K)
[179.266s][info][gc,heap        ] GC(1206) ParOldGen: 1247295K(1398272K)->1247303K(1398272K)
[179.266s][info][gc,metaspace   ] GC(1206) Metaspace: 125333K(129600K)->125333K(129600K) NonClass: 107235K(107904K)->107235K(107904K) Class: 18097K(21696K)->18097K(21696K)
[179.266s][info][gc             ] GC(1206) Pause Young (System.gc()) 1249M->1220M(1820M) 2.640ms
[179.266s][info][gc,cpu         ] GC(1206) User=0.00s Sys=0.00s Real=0.00s
[179.266s][info][gc,start       ] GC(1207) Pause Full (System.gc())
[179.266s][info][gc,phases,start] GC(1207) Marking Phase
[179.323s][info][gc,phases      ] GC(1207) Marking Phase 57.243ms
[179.323s][info][gc,phases,start] GC(1207) Summary Phase
[179.323s][info][gc,phases      ] GC(1207) Summary Phase 0.035ms
[179.323s][info][gc,phases,start] GC(1207) Adjust Roots
[179.339s][info][gc,phases      ] GC(1207) Adjust Roots 15.127ms
[179.339s][info][gc,phases,start] GC(1207) Compaction Phase
[179.421s][info][gc,phases      ] GC(1207) Compaction Phase 82.587ms
[179.421s][info][gc,phases,start] GC(1207) Post Compact
[179.428s][info][gc,phases      ] GC(1207) Post Compact 6.309ms
[179.428s][info][gc,heap        ] GC(1207) PSYoungGen: 2180K(465920K)->0K(465920K) Eden: 0K(232960K)->0K(232960K) From: 2180K(232960K)->0K(232960K)
[179.428s][info][gc,heap        ] GC(1207) ParOldGen: 1247303K(1398272K)->974505K(1398272K)
[179.428s][info][gc,metaspace   ] GC(1207) Metaspace: 125333K(129600K)->125333K(129600K) NonClass: 107235K(107904K)->107235K(107904K) Class: 18097K(21696K)->18097K(21696K)
[179.428s][info][gc             ] GC(1207) Pause Full (System.gc()) 1220M->951M(1820M) 161.609ms
[179.428s][info][gc,cpu         ] GC(1207) User=3.33s Sys=0.03s Real=0.16s
[179.532s][info][gc,start       ] GC(1208) Pause Young (Allocation Failure)
[179.534s][info][gc,heap        ] GC(1208) PSYoungGen: 232960K(465920K)->10840K(465920K) Eden: 232960K(232960K)->0K(232960K) From: 0K(232960K)->10840K(232960K)
[179.534s][info][gc,heap        ] GC(1208) ParOldGen: 974505K(1398272K)->974513K(1398272K)
[179.534s][info][gc,metaspace   ] GC(1208) Metaspace: 125510K(129792K)->125510K(129792K) NonClass: 107412K(108096K)->107412K(108096K) Class: 18097K(21696K)->18097K(21696K)
[179.534s][info][gc             ] GC(1208) Pause Young (Allocation Failure) 1179M->962M(1820M) 2.225ms
[179.534s][info][gc,cpu         ] GC(1208) User=0.00s Sys=0.00s Real=0.00s
[179.550s][info][gc,start       ] GC(1209) Pause Young (Allocation Failure)
[179.552s][info][gc,heap        ] GC(1209) PSYoungGen: 243800K(465920K)->11899K(465920K) Eden: 232959K(232960K)->0K(232960K) From: 10840K(232960K)->11899K(232960K)
[179.552s][info][gc,heap        ] GC(1209) ParOldGen: 974513K(1398272K)->974513K(1398272K)
[179.553s][info][gc,metaspace   ] GC(1209) Metaspace: 125510K(129792K)->125510K(129792K) NonClass: 107412K(108096K)->107412K(108096K) Class: 18097K(21696K)->18097K(21696K)
[179.553s][info][gc             ] GC(1209) Pause Young (Allocation Failure) 1189M->963M(1820M) 2.049ms
[179.553s][info][gc,cpu         ] GC(1209) User=0.00s Sys=0.00s Real=0.00s
[179.569s][info][gc,start       ] GC(1210) Pause Young (Allocation Failure)
[179.571s][info][gc,heap        ] GC(1210) PSYoungGen: 244859K(465920K)->14939K(465920K) Eden: 232960K(232960K)->0K(232960K) From: 11899K(232960K)->14939K(232960K)
[179.571s][info][gc,heap        ] GC(1210) ParOldGen: 974513K(1398272K)->974513K(1398272K)
[179.571s][info][gc,metaspace   ] GC(1210) Metaspace: 125510K(129792K)->125510K(129792K) NonClass: 107412K(108096K)->107412K(108096K) Class: 18097K(21696K)->18097K(21696K)
[179.571s][info][gc             ] GC(1210) Pause Young (Allocation Failure) 1190M->966M(1820M) 2.240ms
[179.571s][info][gc,cpu         ] GC(1210) User=0.00s Sys=0.00s Real=0.00s
[179.587s][info][gc,start       ] GC(1211) Pause Young (Allocation Failure)
[179.589s][info][gc,heap        ] GC(1211) PSYoungGen: 247899K(465920K)->9314K(465920K) Eden: 232960K(232960K)->0K(232960K) From: 14939K(232960K)->9314K(232960K)
[179.589s][info][gc,heap        ] GC(1211) ParOldGen: 974513K(1398272K)->982592K(1398272K)
[179.589s][info][gc,metaspace   ] GC(1211) Metaspace: 125510K(129792K)->125510K(129792K) NonClass: 107412K(108096K)->107412K(108096K) Class: 18097K(21696K)->18097K(21696K)
[179.589s][info][gc             ] GC(1211) Pause Young (Allocation Failure) 1193M->968M(1820M) 2.716ms
[179.589s][info][gc,cpu         ] GC(1211) User=0.55s Sys=0.00s Real=0.02s
[179.605s][info][gc,start       ] GC(1212) Pause Young (Allocation Failure)
[179.607s][info][gc,heap        ] GC(1212) PSYoungGen: 242274K(465920K)->9291K(465920K) Eden: 232960K(232960K)->0K(232960K) From: 9314K(232960K)->9291K(232960K)
[179.607s][info][gc,heap        ] GC(1212) ParOldGen: 982592K(1398272K)->984920K(1398272K)
[179.607s][info][gc,metaspace   ] GC(1212) Metaspace: 125510K(129792K)->125510K(129792K) NonClass: 107412K(108096K)->107412K(108096K) Class: 18097K(21696K)->18097K(21696K)
[179.607s][info][gc             ] GC(1212) Pause Young (Allocation Failure) 1196M->970M(1820M) 1.935ms
[179.607s][info][gc,cpu         ] GC(1212) User=0.00s Sys=0.00s Real=0.00s
[179.623s][info][gc,start       ] GC(1213) Pause Young (Allocation Failure)
[179.625s][info][gc,heap        ] GC(1213) PSYoungGen: 242251K(465920K)->3335K(465920K) Eden: 232960K(232960K)->0K(232960K) From: 9291K(232960K)->3335K(232960K)
[179.625s][info][gc,heap        ] GC(1213) ParOldGen: 984920K(1398272K)->992208K(1398272K)
[179.625s][info][gc,metaspace   ] GC(1213) Metaspace: 125510K(129792K)->125510K(129792K) NonClass: 107412K(108096K)->107412K(108096K) Class: 18097K(21696K)->18097K(21696K)
[179.625s][info][gc             ] GC(1213) Pause Young (Allocation Failure) 1198M->972M(1820M) 1.901ms
[179.625s][info][gc,cpu         ] GC(1213) User=0.00s Sys=0.00s Real=0.00s
[179.641s][info][gc,start       ] GC(1214) Pause Young (Allocation Failure)
[179.643s][info][gc,heap        ] GC(1214) PSYoungGen: 236295K(465920K)->10008K(465920K) Eden: 232960K(232960K)->0K(232960K) From: 3335K(232960K)->10008K(232960K)
[179.643s][info][gc,heap        ] GC(1214) ParOldGen: 992208K(1398272K)->994576K(1398272K)
[179.643s][info][gc,metaspace   ] GC(1214) Metaspace: 125510K(129792K)->125510K(129792K) NonClass: 107412K(108096K)->107412K(108096K) Class: 18097K(21696K)->18097K(21696K)
[179.643s][info][gc             ] GC(1214) Pause Young (Allocation Failure) 1199M->981M(1820M) 1.999ms
[179.643s][info][gc,cpu         ] GC(1214) User=0.00s Sys=0.00s Real=0.00s
[179.658s][info][gc,start       ] GC(1215) Pause Young (Allocation Failure)
[179.663s][info][gc,heap        ] GC(1215) PSYoungGen: 242968K(465920K)->8055K(241152K) Eden: 232960K(232960K)->0K(232960K) From: 10008K(232960K)->8055K(8192K)
[179.663s][info][gc,heap        ] GC(1215) ParOldGen: 994576K(1398272K)->1003657K(1398272K)
[179.663s][info][gc,metaspace   ] GC(1215) Metaspace: 125510K(129792K)->125510K(129792K) NonClass: 107412K(108096K)->107412K(108096K) Class: 18097K(21696K)->18097K(21696K)
[179.663s][info][gc             ] GC(1215) Pause Young (Allocation Failure) 1208M->988M(1601M) 4.357ms
[179.663s][info][gc,cpu         ] GC(1215) User=0.00s Sys=0.00s Real=0.00s
[179.679s][info][gc,start       ] GC(1216) Pause Young (Allocation Failure)
[179.682s][info][gc,heap        ] GC(1216) PSYoungGen: 241015K(241152K)->11993K(451072K) Eden: 232960K(232960K)->0K(239616K) From: 8055K(8192K)->11993K(211456K)
[179.682s][info][gc,heap        ] GC(1216) ParOldGen: 1003657K(1398272K)->1003657K(1398272K)
[179.682s][info][gc,metaspace   ] GC(1216) Metaspace: 125510K(129792K)->125510K(129792K) NonClass: 107412K(108096K)->107412K(108096K) Class: 18097K(21696K)->18097K(21696K)
[179.682s][info][gc             ] GC(1216) Pause Young (Allocation Failure) 1215M->991M(1806M) 2.927ms
[179.682s][info][gc,cpu         ] GC(1216) User=0.03s Sys=0.02s Real=0.02s
[179.698s][info][gc,start       ] GC(1217) Pause Young (Allocation Failure)
[179.700s][info][gc,heap        ] GC(1217) PSYoungGen: 251609K(451072K)->15118K(254976K) Eden: 239616K(239616K)->0K(239616K) From: 11993K(211456K)->15118K(15360K)
[179.700s][info][gc,heap        ] GC(1217) ParOldGen: 1003657K(1398272K)->1003657K(1398272K)
[179.700s][info][gc,metaspace   ] GC(1217) Metaspace: 125510K(129792K)->125510K(129792K) NonClass: 107412K(108096K)->107412K(108096K) Class: 18097K(21696K)->18097K(21696K)
[179.700s][info][gc             ] GC(1217) Pause Young (Allocation Failure) 1225M->994M(1614M) 2.579ms
[179.700s][info][gc,cpu         ] GC(1217) User=0.00s Sys=0.00s Real=0.00s
[179.716s][info][gc,start       ] GC(1218) Pause Young (Allocation Failure)
[179.721s][info][gc,heap        ] GC(1218) PSYoungGen: 254734K(254976K)->18243K(428032K) Eden: 239616K(239616K)->0K(246784K) From: 15118K(15360K)->18243K(181248K)
[179.721s][info][gc,heap        ] GC(1218) ParOldGen: 1003657K(1398272K)->1003657K(1398272K)
[179.721s][info][gc,metaspace   ] GC(1218) Metaspace: 125510K(129792K)->125510K(129792K) NonClass: 107412K(108096K)->107412K(108096K) Class: 18097K(21696K)->18097K(21696K)
[179.721s][info][gc             ] GC(1218) Pause Young (Allocation Failure) 1228M->997M(1783M) 4.927ms
[179.721s][info][gc,cpu         ] GC(1218) User=0.00s Sys=0.00s Real=0.00s
[179.737s][info][gc,start       ] GC(1219) Pause Young (Allocation Failure)
[179.741s][info][gc,heap        ] GC(1219) PSYoungGen: 265027K(428032K)->18211K(265216K) Eden: 246784K(246784K)->0K(246784K) From: 18243K(181248K)->18211K(18432K)
[179.741s][info][gc,heap        ] GC(1219) ParOldGen: 1003657K(1398272K)->1003657K(1398272K)
[179.741s][info][gc,metaspace   ] GC(1219) Metaspace: 125510K(129792K)->125510K(129792K) NonClass: 107412K(108096K)->107412K(108096K) Class: 18097K(21696K)->18097K(21696K)
[179.741s][info][gc             ] GC(1219) Pause Young (Allocation Failure) 1238M->997M(1624M) 4.301ms
[179.741s][info][gc,cpu         ] GC(1219) User=0.00s Sys=0.00s Real=0.00s
[179.758s][info][gc,start       ] GC(1220) Pause Young (Allocation Failure)
[179.765s][info][gc,heap        ] GC(1220) PSYoungGen: 264995K(265216K)->30711K(411136K) Eden: 246784K(246784K)->0K(254464K) From: 18211K(18432K)->30711K(156672K)
[179.765s][info][gc,heap        ] GC(1220) ParOldGen: 1003657K(1398272K)->1003657K(1398272K)
[179.765s][info][gc,metaspace   ] GC(1220) Metaspace: 125510K(129792K)->125510K(129792K) NonClass: 107412K(108096K)->107412K(108096K) Class: 18097K(21696K)->18097K(21696K)
[179.765s][info][gc             ] GC(1220) Pause Young (Allocation Failure) 1238M->1010M(1767M) 6.829ms
[179.765s][info][gc,cpu         ] GC(1220) User=0.28s Sys=0.00s Real=0.01s
[179.781s][info][gc,start       ] GC(1221) Pause Young (Allocation Failure)
[179.788s][info][gc,heap        ] GC(1221) PSYoungGen: 285175K(411136K)->40086K(294912K) Eden: 254464K(254464K)->0K(254464K) From: 30711K(156672K)->40086K(40448K)
[179.788s][info][gc,heap        ] GC(1221) ParOldGen: 1003657K(1398272K)->1003657K(1398272K)
[179.788s][info][gc,metaspace   ] GC(1221) Metaspace: 125510K(129792K)->125510K(129792K) NonClass: 107412K(108096K)->107412K(108096K) Class: 18097K(21696K)->18097K(21696K)
[179.788s][info][gc             ] GC(1221) Pause Young (Allocation Failure) 1258M->1019M(1653M) 7.040ms
[179.788s][info][gc,cpu         ] GC(1221) User=0.00s Sys=0.00s Real=0.00s
[179.806s][info][gc,start       ] GC(1222) Pause Young (Allocation Failure)
[179.813s][info][gc,heap        ] GC(1222) PSYoungGen: 294550K(294912K)->41681K(399360K) Eden: 254464K(254464K)->0K(263680K) From: 40086K(40448K)->41681K(135680K)
[179.813s][info][gc,heap        ] GC(1222) ParOldGen: 1003657K(1398272K)->1003657K(1398272K)
[179.813s][info][gc,metaspace   ] GC(1222) Metaspace: 125510K(129792K)->125510K(129792K) NonClass: 107412K(108096K)->107412K(108096K) Class: 18097K(21696K)->18097K(21696K)
[179.813s][info][gc             ] GC(1222) Pause Young (Allocation Failure) 1267M->1020M(1755M) 7.599ms
[179.813s][info][gc,cpu         ] GC(1222) User=0.53s Sys=0.00s Real=0.02s
[179.831s][info][gc,start       ] GC(1223) Pause Young (Allocation Failure)
[179.837s][info][gc,heap        ] GC(1223) PSYoungGen: 305361K(399360K)->43211K(409600K) Eden: 263680K(263680K)->0K(263680K) From: 41681K(135680K)->43211K(145920K)
[179.837s][info][gc,heap        ] GC(1223) ParOldGen: 1003657K(1398272K)->1003657K(1398272K)
[179.837s][info][gc,metaspace   ] GC(1223) Metaspace: 125510K(129792K)->125510K(129792K) NonClass: 107412K(108096K)->107412K(108096K) Class: 18097K(21696K)->18097K(21696K)
[179.837s][info][gc             ] GC(1223) Pause Young (Allocation Failure) 1278M->1022M(1765M) 6.229ms
[179.838s][info][gc,cpu         ] GC(1223) User=0.02s Sys=0.02s Real=0.02s
[179.855s][info][gc,start       ] GC(1224) Pause Young (Allocation Failure)
[179.862s][info][gc,heap        ] GC(1224) PSYoungGen: 306891K(409600K)->47899K(397824K) Eden: 263680K(263680K)->0K(273920K) From: 43211K(145920K)->47899K(123904K)
[179.862s][info][gc,heap        ] GC(1224) ParOldGen: 1003657K(1398272K)->1003657K(1398272K)
[179.862s][info][gc,metaspace   ] GC(1224) Metaspace: 125510K(129792K)->125510K(129792K) NonClass: 107412K(108096K)->107412K(108096K) Class: 18097K(21696K)->18097K(21696K)
[179.862s][info][gc             ] GC(1224) Pause Young (Allocation Failure) 1279M->1026M(1754M) 7.113ms
[179.862s][info][gc,cpu         ] GC(1224) User=0.00s Sys=0.00s Real=0.00s
[179.881s][info][gc,start       ] GC(1225) Pause Young (Allocation Failure)
[179.887s][info][gc,heap        ] GC(1225) PSYoungGen: 321819K(397824K)->47931K(403968K) Eden: 273920K(273920K)->0K(273920K) From: 47899K(123904K)->47931K(130048K)
[179.887s][info][gc,heap        ] GC(1225) ParOldGen: 1003657K(1398272K)->1003657K(1398272K)
[179.887s][info][gc,metaspace   ] GC(1225) Metaspace: 125510K(129792K)->125510K(129792K) NonClass: 107412K(108096K)->107412K(108096K) Class: 18097K(21696K)->18097K(21696K)
[179.887s][info][gc             ] GC(1225) Pause Young (Allocation Failure) 1294M->1026M(1760M) 5.865ms
[179.887s][info][gc,cpu         ] GC(1225) User=0.27s Sys=0.00s Real=0.01s
[179.905s][info][gc,start       ] GC(1226) Pause Young (Allocation Failure)
[179.912s][info][gc,heap        ] GC(1226) PSYoungGen: 321851K(403968K)->47931K(398848K) Eden: 273920K(273920K)->0K(285696K) From: 47931K(130048K)->47931K(113152K)
[179.912s][info][gc,heap        ] GC(1226) ParOldGen: 1003657K(1398272K)->1003657K(1398272K)
[179.912s][info][gc,metaspace   ] GC(1226) Metaspace: 125510K(129792K)->125510K(129792K) NonClass: 107412K(108096K)->107412K(108096K) Class: 18097K(21696K)->18097K(21696K)
[179.912s][info][gc             ] GC(1226) Pause Young (Allocation Failure) 1294M->1026M(1755M) 6.893ms
[179.912s][info][gc,cpu         ] GC(1226) User=0.00s Sys=0.00s Real=0.00s
[179.931s][info][gc,start       ] GC(1227) Pause Young (Allocation Failure)
[179.937s][info][gc,heap        ] GC(1227) PSYoungGen: 333627K(398848K)->47899K(403968K) Eden: 285696K(285696K)->0K(285696K) From: 47931K(113152K)->47899K(118272K)
[179.937s][info][gc,heap        ] GC(1227) ParOldGen: 1003657K(1398272K)->1003657K(1398272K)
[179.937s][info][gc,metaspace   ] GC(1227) Metaspace: 125510K(129792K)->125510K(129792K) NonClass: 107412K(108096K)->107412K(108096K) Class: 18097K(21696K)->18097K(21696K)
[179.937s][info][gc             ] GC(1227) Pause Young (Allocation Failure) 1305M->1026M(1760M) 5.420ms
[179.937s][info][gc,cpu         ] GC(1227) User=0.00s Sys=0.00s Real=0.00s
[179.955s][info][gc,start       ] GC(1228) Pause Young (Allocation Failure)
[179.962s][info][gc,heap        ] GC(1228) PSYoungGen: 333595K(403968K)->47899K(400384K) Eden: 285696K(285696K)->0K(297984K) From: 47899K(118272K)->47899K(102400K)
[179.962s][info][gc,heap        ] GC(1228) ParOldGen: 1003657K(1398272K)->1003657K(1398272K)
[179.962s][info][gc,metaspace   ] GC(1228) Metaspace: 125510K(129792K)->125510K(129792K) NonClass: 107412K(108096K)->107412K(108096K) Class: 18097K(21696K)->18097K(21696K)
[179.962s][info][gc             ] GC(1228) Pause Young (Allocation Failure) 1305M->1026M(1756M) 6.593ms
[179.962s][info][gc,cpu         ] GC(1228) User=0.00s Sys=0.00s Real=0.00s
[179.982s][info][gc,start       ] GC(1229) Pause Young (Allocation Failure)
[179.987s][info][gc,heap        ] GC(1229) PSYoungGen: 345883K(400384K)->47899K(405504K) Eden: 297984K(297984K)->0K(297984K) From: 47899K(102400K)->47899K(107520K)
[179.987s][info][gc,heap        ] GC(1229) ParOldGen: 1003657K(1398272K)->1003657K(1398272K)
[179.987s][info][gc,metaspace   ] GC(1229) Metaspace: 125510K(129792K)->125510K(129792K) NonClass: 107412K(108096K)->107412K(108096K) Class: 18097K(21696K)->18097K(21696K)
[179.987s][info][gc             ] GC(1229) Pause Young (Allocation Failure) 1317M->1026M(1761M) 5.232ms
[179.987s][info][gc,cpu         ] GC(1229) User=0.00s Sys=0.00s Real=0.00s
[180.007s][info][gc,start       ] GC(1230) Pause Young (Allocation Failure)
[180.014s][info][gc,heap        ] GC(1230) PSYoungGen: 345883K(405504K)->72899K(408576K) Eden: 297984K(297984K)->0K(305664K) From: 47899K(107520K)->72899K(102912K)
[180.014s][info][gc,heap        ] GC(1230) ParOldGen: 1003657K(1398272K)->1003657K(1398272K)
[180.014s][info][gc,metaspace   ] GC(1230) Metaspace: 125510K(129792K)->125510K(129792K) NonClass: 107412K(108096K)->107412K(108096K) Class: 18097K(21696K)->18097K(21696K)
[180.014s][info][gc             ] GC(1230) Pause Young (Allocation Failure) 1317M->1051M(1764M) 7.331ms
[180.014s][info][gc,cpu         ] GC(1230) User=0.31s Sys=0.00s Real=0.01s
[180.035s][info][gc,start       ] GC(1231) Pause Young (Allocation Failure)
[180.045s][info][gc,heap        ] GC(1231) PSYoungGen: 378563K(408576K)->97931K(413696K) Eden: 305664K(305664K)->0K(305664K) From: 72899K(102912K)->97931K(108032K)
[180.045s][info][gc,heap        ] GC(1231) ParOldGen: 1003657K(1398272K)->1003665K(1398272K)
[180.045s][info][gc,metaspace   ] GC(1231) Metaspace: 125510K(129792K)->125510K(129792K) NonClass: 107412K(108096K)->107412K(108096K) Class: 18097K(21696K)->18097K(21696K)
[180.045s][info][gc             ] GC(1231) Pause Young (Allocation Failure) 1349M->1075M(1769M) 9.944ms
[180.045s][info][gc,cpu         ] GC(1231) User=0.34s Sys=0.00s Real=0.02s
[180.065s][info][gc,start       ] GC(1232) Pause Young (Allocation Failure)
[180.077s][info][gc,heap        ] GC(1232) PSYoungGen: 403595K(413696K)->91649K(433664K) Eden: 305664K(305664K)->0K(312832K) From: 97931K(108032K)->91649K(120832K)
[180.077s][info][gc,heap        ] GC(1232) ParOldGen: 1003665K(1398272K)->1003681K(1398272K)
[180.077s][info][gc,metaspace   ] GC(1232) Metaspace: 125510K(129792K)->125510K(129792K) NonClass: 107412K(108096K)->107412K(108096K) Class: 18097K(21696K)->18097K(21696K)
[180.077s][info][gc             ] GC(1232) Pause Young (Allocation Failure) 1374M->1069M(1789M) 11.691ms
[180.077s][info][gc,cpu         ] GC(1232) User=0.22s Sys=0.05s Real=0.02s
[180.098s][info][gc,start       ] GC(1233) Pause Young (Allocation Failure)
[180.107s][info][gc,heap        ] GC(1233) PSYoungGen: 404481K(433664K)->85399K(441856K) Eden: 312832K(312832K)->0K(312832K) From: 91649K(120832K)->85399K(129024K)
[180.107s][info][gc,heap        ] GC(1233) ParOldGen: 1003681K(1398272K)->1003681K(1398272K)
[180.107s][info][gc,metaspace   ] GC(1233) Metaspace: 125510K(129792K)->125510K(129792K) NonClass: 107412K(108096K)->107412K(108096K) Class: 18097K(21696K)->18097K(21696K)
[180.107s][info][gc             ] GC(1233) Pause Young (Allocation Failure) 1375M->1063M(1797M) 8.819ms
[180.107s][info][gc,cpu         ] GC(1233) User=0.23s Sys=0.00s Real=0.02s
[180.128s][info][gc,start       ] GC(1234) Pause Young (Allocation Failure)
[180.141s][info][gc,heap        ] GC(1234) PSYoungGen: 398231K(441856K)->94774K(457216K) Eden: 312832K(312832K)->0K(324608K) From: 85399K(129024K)->94774K(132608K)
[180.141s][info][gc,heap        ] GC(1234) ParOldGen: 1003681K(1398272K)->1003681K(1398272K)
[180.141s][info][gc,metaspace   ] GC(1234) Metaspace: 125510K(129792K)->125510K(129792K) NonClass: 107412K(108096K)->107412K(108096K) Class: 18097K(21696K)->18097K(21696K)
[180.141s][info][gc             ] GC(1234) Pause Young (Allocation Failure) 1369M->1072M(1812M) 12.572ms
[180.141s][info][gc,cpu         ] GC(1234) User=0.16s Sys=0.06s Real=0.01s
[180.162s][info][gc,start       ] GC(1235) Pause Young (Allocation Failure)
[180.172s][info][gc,heap        ] GC(1235) PSYoungGen: 419382K(457216K)->102060K(463360K) Eden: 324608K(324608K)->0K(324608K) From: 94774K(132608K)->102060K(138752K)
[180.172s][info][gc,heap        ] GC(1235) ParOldGen: 1003681K(1398272K)->1003681K(1398272K)
[180.172s][info][gc,metaspace   ] GC(1235) Metaspace: 125510K(129792K)->125510K(129792K) NonClass: 107412K(108096K)->107412K(108096K) Class: 18097K(21696K)->18097K(21696K)
[180.172s][info][gc             ] GC(1235) Pause Young (Allocation Failure) 1389M->1079M(1818M) 10.354ms
[180.173s][info][gc,cpu         ] GC(1235) User=0.28s Sys=0.00s Real=0.02s
[180.195s][info][gc,start       ] GC(1236) Pause Young (Allocation Failure)
[180.211s][info][gc,heap        ] GC(1236) PSYoungGen: 426668K(463360K)->108934K(482816K) Eden: 324608K(324608K)->0K(336896K) From: 102060K(138752K)->108934K(145920K)
[180.211s][info][gc,heap        ] GC(1236) ParOldGen: 1003681K(1398272K)->1003681K(1398272K)
[180.211s][info][gc,metaspace   ] GC(1236) Metaspace: 125510K(129792K)->125510K(129792K) NonClass: 107412K(108096K)->107412K(108096K) Class: 18097K(21696K)->18097K(21696K)
[180.211s][info][gc             ] GC(1236) Pause Young (Allocation Failure) 1396M->1086M(1837M) 16.432ms
[180.211s][info][gc,cpu         ] GC(1236) User=0.25s Sys=0.06s Real=0.02s
[180.244s][info][gc,start       ] GC(1237) Pause Young (Allocation Failure)
[180.255s][info][gc,heap        ] GC(1237) PSYoungGen: 445830K(482816K)->130005K(490496K) Eden: 336896K(336896K)->0K(336896K) From: 108934K(145920K)->130005K(153600K)
[180.255s][info][gc,heap        ] GC(1237) ParOldGen: 1003681K(1398272K)->1003681K(1398272K)
[180.255s][info][gc,metaspace   ] GC(1237) Metaspace: 125510K(129792K)->125510K(129792K) NonClass: 107412K(108096K)->107412K(108096K) Class: 18097K(21696K)->18097K(21696K)
[180.255s][info][gc             ] GC(1237) Pause Young (Allocation Failure) 1415M->1107M(1844M) 11.334ms
[180.255s][info][gc,cpu         ] GC(1237) User=0.00s Sys=0.00s Real=0.00s
[180.278s][info][gc,start       ] GC(1238) Pause Young (Allocation Failure)
[180.298s][info][gc,heap        ] GC(1238) PSYoungGen: 466901K(490496K)->124063K(514048K) Eden: 336896K(336896K)->0K(346624K) From: 130005K(153600K)->124063K(167424K)
[180.298s][info][gc,heap        ] GC(1238) ParOldGen: 1003681K(1398272K)->1003681K(1398272K)
[180.298s][info][gc,metaspace   ] GC(1238) Metaspace: 125510K(129792K)->125510K(129792K) NonClass: 107412K(108096K)->107412K(108096K) Class: 18097K(21696K)->18097K(21696K)
[180.298s][info][gc             ] GC(1238) Pause Young (Allocation Failure) 1436M->1101M(1867M) 19.602ms
[180.298s][info][gc,cpu         ] GC(1238) User=0.13s Sys=0.16s Real=0.02s
[180.321s][info][gc,start       ] GC(1239) Pause Young (Allocation Failure)
[180.333s][info][gc,heap        ] GC(1239) PSYoungGen: 470687K(514048K)->134010K(480768K) Eden: 346624K(346624K)->0K(346624K) From: 124063K(167424K)->134010K(134144K)
[180.333s][info][gc,heap        ] GC(1239) ParOldGen: 1003681K(1398272K)->1003681K(1398272K)
[180.333s][info][gc,metaspace   ] GC(1239) Metaspace: 125510K(129792K)->125510K(129792K) NonClass: 107412K(108096K)->107412K(108096K) Class: 18097K(21696K)->18097K(21696K)
[180.333s][info][gc             ] GC(1239) Pause Young (Allocation Failure) 1439M->1111M(1835M) 11.887ms
[180.333s][info][gc,cpu         ] GC(1239) User=0.42s Sys=0.00s Real=0.02s
[180.357s][info][gc,start       ] GC(1240) Pause Young (Allocation Failure)
[180.369s][info][gc,heap        ] GC(1240) PSYoungGen: 480634K(480768K)->133369K(497664K) Eden: 346624K(346624K)->0K(311808K) From: 134010K(134144K)->133369K(185856K)
[180.369s][info][gc,heap        ] GC(1240) ParOldGen: 1003681K(1398272K)->1003681K(1398272K)
[180.369s][info][gc,metaspace   ] GC(1240) Metaspace: 125510K(129792K)->125510K(129792K) NonClass: 107412K(108096K)->107412K(108096K) Class: 18097K(21696K)->18097K(21696K)
[180.369s][info][gc             ] GC(1240) Pause Young (Allocation Failure) 1449M->1110M(1851M) 12.490ms
[180.369s][info][gc,cpu         ] GC(1240) User=0.38s Sys=0.00s Real=0.02s
[180.390s][info][gc,start       ] GC(1241) Pause Young (Allocation Failure)
[180.402s][info][gc,heap        ] GC(1241) PSYoungGen: 445177K(497664K)->133978K(445952K) Eden: 311808K(311808K)->0K(311808K) From: 133369K(185856K)->133978K(134144K)
[180.402s][info][gc,heap        ] GC(1241) ParOldGen: 1003681K(1398272K)->1003681K(1398272K)
[180.402s][info][gc,metaspace   ] GC(1241) Metaspace: 125510K(129792K)->125510K(129792K) NonClass: 107412K(108096K)->107412K(108096K) Class: 18097K(21696K)->18097K(21696K)
[180.402s][info][gc             ] GC(1241) Pause Young (Allocation Failure) 1414M->1110M(1801M) 12.825ms
[180.402s][info][gc,cpu         ] GC(1241) User=0.47s Sys=0.00s Real=0.02s
[180.423s][info][gc,start       ] GC(1242) Pause Young (Allocation Failure)
[180.436s][info][gc,heap        ] GC(1242) PSYoungGen: 445786K(445952K)->142926K(485376K) Eden: 311808K(311808K)->0K(286208K) From: 133978K(134144K)->142926K(199168K)
[180.436s][info][gc,heap        ] GC(1242) ParOldGen: 1003681K(1398272K)->1003681K(1398272K)
[180.436s][info][gc,metaspace   ] GC(1242) Metaspace: 125510K(129792K)->125510K(129792K) NonClass: 107412K(108096K)->107412K(108096K) Class: 18097K(21696K)->18097K(21696K)
[180.436s][info][gc             ] GC(1242) Pause Young (Allocation Failure) 1415M->1119M(1839M) 12.779ms
[180.436s][info][gc,cpu         ] GC(1242) User=0.52s Sys=0.00s Real=0.02s
[180.455s][info][gc,start       ] GC(1243) Pause Young (Allocation Failure)
[180.469s][info][gc,heap        ] GC(1243) PSYoungGen: 429134K(485376K)->143910K(430592K) Eden: 286208K(286208K)->0K(286208K) From: 142926K(199168K)->143910K(144384K)
[180.469s][info][gc,heap        ] GC(1243) ParOldGen: 1003681K(1398272K)->1003681K(1398272K)
[180.469s][info][gc,metaspace   ] GC(1243) Metaspace: 125510K(129792K)->125510K(129792K) NonClass: 107412K(108096K)->107412K(108096K) Class: 18097K(21696K)->18097K(21696K)
[180.469s][info][gc             ] GC(1243) Pause Young (Allocation Failure) 1399M->1120M(1786M) 13.977ms
[180.469s][info][gc,cpu         ] GC(1243) User=0.00s Sys=0.00s Real=0.00s
[180.487s][info][gc,start       ] GC(1244) Pause Young (Allocation Failure)
[180.501s][info][gc,heap        ] GC(1244) PSYoungGen: 430118K(430592K)->145758K(477696K) Eden: 286208K(286208K)->0K(265728K) From: 143910K(144384K)->145758K(211968K)
[180.501s][info][gc,heap        ] GC(1244) ParOldGen: 1003681K(1398272K)->1003681K(1398272K)
[180.501s][info][gc,metaspace   ] GC(1244) Metaspace: 125510K(129792K)->125510K(129792K) NonClass: 107412K(108096K)->107412K(108096K) Class: 18097K(21696K)->18097K(21696K)
[180.501s][info][gc             ] GC(1244) Pause Young (Allocation Failure) 1400M->1122M(1832M) 14.264ms
[180.502s][info][gc,cpu         ] GC(1244) User=0.28s Sys=0.00s Real=0.02s
[180.519s][info][gc,start       ] GC(1245) Pause Young (Allocation Failure)
[180.532s][info][gc,heap        ] GC(1245) PSYoungGen: 411486K(477696K)->149273K(415232K) Eden: 265728K(265728K)->0K(265728K) From: 145758K(211968K)->149273K(149504K)
[180.532s][info][gc,heap        ] GC(1245) ParOldGen: 1003681K(1398272K)->1003681K(1398272K)
[180.532s][info][gc,metaspace   ] GC(1245) Metaspace: 125510K(129792K)->125510K(129792K) NonClass: 107412K(108096K)->107412K(108096K) Class: 18097K(21696K)->18097K(21696K)
[180.532s][info][gc             ] GC(1245) Pause Young (Allocation Failure) 1381M->1125M(1771M) 13.316ms
[180.532s][info][gc,cpu         ] GC(1245) User=0.52s Sys=0.00s Real=0.01s
[180.550s][info][gc,start       ] GC(1246) Pause Young (Allocation Failure)
[180.565s][info][gc,heap        ] GC(1246) PSYoungGen: 415001K(415232K)->158635K(465920K) Eden: 265728K(265728K)->0K(245248K) From: 149273K(149504K)->158635K(220672K)
[180.565s][info][gc,heap        ] GC(1246) ParOldGen: 1003681K(1398272K)->1003681K(1398272K)
[180.565s][info][gc,metaspace   ] GC(1246) Metaspace: 125510K(129792K)->125510K(129792K) NonClass: 107412K(108096K)->107412K(108096K) Class: 18097K(21696K)->18097K(21696K)
[180.565s][info][gc             ] GC(1246) Pause Young (Allocation Failure) 1385M->1135M(1820M) 15.128ms
[180.565s][info][gc,cpu         ] GC(1246) User=0.33s Sys=0.00s Real=0.02s
[180.581s][info][gc,start       ] GC(1247) Pause Young (Allocation Failure)
[180.597s][info][gc,heap        ] GC(1247) PSYoungGen: 403883K(465920K)->160173K(405504K) Eden: 245248K(245248K)->0K(245248K) From: 158635K(220672K)->160173K(160256K)
[180.597s][info][gc,heap        ] GC(1247) ParOldGen: 1003681K(1398272K)->1003681K(1398272K)
[180.597s][info][gc,metaspace   ] GC(1247) Metaspace: 125510K(129792K)->125510K(129792K) NonClass: 107412K(108096K)->107412K(108096K) Class: 18097K(21696K)->18097K(21696K)
[180.597s][info][gc             ] GC(1247) Pause Young (Allocation Failure) 1374M->1136M(1761M) 15.750ms
[180.597s][info][gc,cpu         ] GC(1247) User=0.39s Sys=0.00s Real=0.02s
[180.613s][info][gc,start       ] GC(1248) Pause Young (Allocation Failure)
[180.628s][info][gc,heap        ] GC(1248) PSYoungGen: 405421K(405504K)->167210K(464896K) Eden: 245248K(245248K)->0K(232960K) From: 160173K(160256K)->167210K(231936K)
[180.628s][info][gc,heap        ] GC(1248) ParOldGen: 1003681K(1398272K)->1003681K(1398272K)
[180.628s][info][gc,metaspace   ] GC(1248) Metaspace: 125510K(129792K)->125510K(129792K) NonClass: 107412K(108096K)->107412K(108096K) Class: 18097K(21696K)->18097K(21696K)
[180.628s][info][gc             ] GC(1248) Pause Young (Allocation Failure) 1376M->1143M(1819M) 15.506ms
[180.628s][info][gc,cpu         ] GC(1248) User=0.41s Sys=0.00s Real=0.02s
[180.643s][info][gc,start       ] GC(1249) Pause Young (Allocation Failure)
[180.660s][info][gc,heap        ] GC(1249) PSYoungGen: 400170K(464896K)->164694K(465920K) Eden: 232960K(232960K)->0K(232960K) From: 167210K(231936K)->164694K(232960K)
[180.660s][info][gc,heap        ] GC(1249) ParOldGen: 1003681K(1398272K)->1007829K(1398272K)
[180.660s][info][gc,metaspace   ] GC(1249) Metaspace: 125510K(129792K)->125510K(129792K) NonClass: 107412K(108096K)->107412K(108096K) Class: 18097K(21696K)->18097K(21696K)
[180.660s][info][gc             ] GC(1249) Pause Young (Allocation Failure) 1370M->1145M(1820M) 16.311ms
[180.660s][info][gc,cpu         ] GC(1249) User=0.41s Sys=0.00s Real=0.01s
[180.675s][info][gc,start       ] GC(1250) Pause Young (Allocation Failure)
[180.691s][info][gc,heap        ] GC(1250) PSYoungGen: 397654K(465920K)->101391K(465920K) Eden: 232960K(232960K)->0K(232960K) From: 164694K(232960K)->101391K(232960K)
[180.691s][info][gc,heap        ] GC(1250) ParOldGen: 1007829K(1398272K)->1069859K(1398272K)
[180.691s][info][gc,metaspace   ] GC(1250) Metaspace: 125510K(129792K)->125510K(129792K) NonClass: 107412K(108096K)->107412K(108096K) Class: 18097K(21696K)->18097K(21696K)
[180.691s][info][gc             ] GC(1250) Pause Young (Allocation Failure) 1372M->1143M(1820M) 16.618ms
[180.691s][info][gc,cpu         ] GC(1250) User=0.36s Sys=0.00s Real=0.02s
[180.706s][info][gc,start       ] GC(1251) Pause Young (Allocation Failure)
[180.717s][info][gc,heap        ] GC(1251) PSYoungGen: 334351K(465920K)->66015K(465920K) Eden: 232960K(232960K)->0K(232960K) From: 101391K(232960K)->66015K(232960K)
[180.717s][info][gc,heap        ] GC(1251) ParOldGen: 1069859K(1398272K)->1111628K(1398272K)
[180.717s][info][gc,metaspace   ] GC(1251) Metaspace: 125510K(129792K)->125510K(129792K) NonClass: 107412K(108096K)->107412K(108096K) Class: 18097K(21696K)->18097K(21696K)
[180.717s][info][gc             ] GC(1251) Pause Young (Allocation Failure) 1371M->1150M(1820M) 10.180ms
[180.717s][info][gc,cpu         ] GC(1251) User=0.00s Sys=0.00s Real=0.00s
[180.732s][info][gc,start       ] GC(1252) Pause Young (Allocation Failure)
[180.738s][info][gc,heap        ] GC(1252) PSYoungGen: 298975K(465920K)->50493K(465920K) Eden: 232960K(232960K)->0K(232960K) From: 66015K(232960K)->50493K(232960K)
[180.738s][info][gc,heap        ] GC(1252) ParOldGen: 1111628K(1398272K)->1124169K(1398272K)
[180.738s][info][gc,metaspace   ] GC(1252) Metaspace: 125510K(129792K)->125510K(129792K) NonClass: 107412K(108096K)->107412K(108096K) Class: 18097K(21696K)->18097K(21696K)
[180.738s][info][gc             ] GC(1252) Pause Young (Allocation Failure) 1377M->1147M(1820M) 6.037ms
[180.738s][info][gc,cpu         ] GC(1252) User=0.30s Sys=0.00s Real=0.02s
[180.753s][info][gc,start       ] GC(1253) Pause Young (Allocation Failure)
[180.759s][info][gc,heap        ] GC(1253) PSYoungGen: 283453K(465920K)->49429K(465920K) Eden: 232960K(232960K)->0K(232960K) From: 50493K(232960K)->49429K(232960K)
[180.759s][info][gc,heap        ] GC(1253) ParOldGen: 1124169K(1398272K)->1128414K(1398272K)
[180.759s][info][gc,metaspace   ] GC(1253) Metaspace: 125510K(129792K)->125510K(129792K) NonClass: 107412K(108096K)->107412K(108096K) Class: 18097K(21696K)->18097K(21696K)
[180.759s][info][gc             ] GC(1253) Pause Young (Allocation Failure) 1374M->1150M(1820M) 5.883ms
[180.759s][info][gc,cpu         ] GC(1253) User=0.00s Sys=0.00s Real=0.00s
[180.774s][info][gc,start       ] GC(1254) Pause Young (Allocation Failure)
[180.778s][info][gc,heap        ] GC(1254) PSYoungGen: 282389K(465920K)->41681K(464896K) Eden: 232960K(232960K)->0K(232960K) From: 49429K(232960K)->41681K(231936K)
[180.778s][info][gc,heap        ] GC(1254) ParOldGen: 1128414K(1398272K)->1134728K(1398272K)
[180.778s][info][gc,metaspace   ] GC(1254) Metaspace: 125510K(129792K)->125510K(129792K) NonClass: 107412K(108096K)->107412K(108096K) Class: 18097K(21696K)->18097K(21696K)
[180.778s][info][gc             ] GC(1254) Pause Young (Allocation Failure) 1377M->1148M(1819M) 4.534ms
[180.778s][info][gc,cpu         ] GC(1254) User=0.00s Sys=0.00s Real=0.00s
[180.793s][info][gc,start       ] GC(1255) Pause Young (Allocation Failure)
[180.797s][info][gc,heap        ] GC(1255) PSYoungGen: 274641K(464896K)->41649K(274944K) Eden: 232960K(232960K)->0K(232960K) From: 41681K(231936K)->41649K(41984K)
[180.797s][info][gc,heap        ] GC(1255) ParOldGen: 1134728K(1398272K)->1134728K(1398272K)
[180.797s][info][gc,metaspace   ] GC(1255) Metaspace: 125510K(129792K)->125510K(129792K) NonClass: 107412K(108096K)->107412K(108096K) Class: 18097K(21696K)->18097K(21696K)
[180.797s][info][gc             ] GC(1255) Pause Young (Allocation Failure) 1376M->1148M(1634M) 4.128ms
[180.797s][info][gc,cpu         ] GC(1255) User=0.00s Sys=0.00s Real=0.00s
[180.829s][info][gc,start       ] GC(1256) Pause Young (Allocation Failure)
[180.833s][info][gc,heap        ] GC(1256) PSYoungGen: 274609K(274944K)->47899K(468992K) Eden: 232960K(232960K)->0K(239616K) From: 41649K(41984K)->47899K(229376K)
[180.834s][info][gc,heap        ] GC(1256) ParOldGen: 1134728K(1398272K)->1134728K(1398272K)
[180.834s][info][gc,metaspace   ] GC(1256) Metaspace: 125510K(129792K)->125510K(129792K) NonClass: 107412K(108096K)->107412K(108096K) Class: 18097K(21696K)->18097K(21696K)
[180.834s][info][gc             ] GC(1256) Pause Young (Allocation Failure) 1376M->1154M(1823M) 4.677ms
[180.834s][info][gc,cpu         ] GC(1256) User=0.00s Sys=0.00s Real=0.00s
[180.850s][info][gc,start       ] GC(1257) Pause Young (Allocation Failure)
[180.856s][info][gc,heap        ] GC(1257) PSYoungGen: 287515K(468992K)->54181K(293888K) Eden: 239616K(239616K)->0K(239616K) From: 47899K(229376K)->54181K(54272K)
[180.856s][info][gc,heap        ] GC(1257) ParOldGen: 1134728K(1398272K)->1134728K(1398272K)
[180.856s][info][gc,metaspace   ] GC(1257) Metaspace: 125510K(129792K)->125510K(129792K) NonClass: 107412K(108096K)->107412K(108096K) Class: 18097K(21696K)->18097K(21696K)
[180.856s][info][gc             ] GC(1257) Pause Young (Allocation Failure) 1388M->1161M(1652M) 5.280ms
[180.856s][info][gc,cpu         ] GC(1257) User=0.00s Sys=0.00s Real=0.00s
[180.871s][info][gc,start       ] GC(1258) Pause Young (Allocation Failure)
[180.879s][info][gc,heap        ] GC(1258) PSYoungGen: 293797K(293888K)->66681K(458752K) Eden: 239616K(239616K)->0K(252928K) From: 54181K(54272K)->66681K(205824K)
[180.879s][info][gc,heap        ] GC(1258) ParOldGen: 1134728K(1398272K)->1134728K(1398272K)
[180.879s][info][gc,metaspace   ] GC(1258) Metaspace: 125510K(129792K)->125510K(129792K) NonClass: 107412K(108096K)->107412K(108096K) Class: 18097K(21696K)->18097K(21696K)
[180.879s][info][gc             ] GC(1258) Pause Young (Allocation Failure) 1395M->1173M(1813M) 7.372ms
[180.879s][info][gc,cpu         ] GC(1258) User=0.28s Sys=0.00s Real=0.02s
[180.907s][info][gc,start       ] GC(1259) Pause Young (Allocation Failure)
[180.918s][info][gc,heap        ] GC(1259) PSYoungGen: 319609K(458752K)->97995K(460288K) Eden: 252928K(252928K)->0K(252928K) From: 66681K(205824K)->97995K(207360K)
[180.918s][info][gc,heap        ] GC(1259) ParOldGen: 1134728K(1398272K)->1134728K(1398272K)
[180.918s][info][gc,metaspace   ] GC(1259) Metaspace: 125510K(129792K)->125510K(129792K) NonClass: 107412K(108096K)->107412K(108096K) Class: 18097K(21696K)->18097K(21696K)
[180.918s][info][gc             ] GC(1259) Pause Young (Allocation Failure) 1420M->1203M(1815M) 10.182ms
[180.918s][info][gc,cpu         ] GC(1259) User=0.00s Sys=0.00s Real=0.00s
[180.936s][info][gc,start       ] GC(1260) Pause Young (Allocation Failure)
[180.945s][info][gc,heap        ] GC(1260) PSYoungGen: 350923K(460288K)->91640K(449536K) Eden: 252928K(252928K)->0K(267776K) From: 97995K(207360K)->91640K(181760K)
[180.946s][info][gc,heap        ] GC(1260) ParOldGen: 1134728K(1398272K)->1134728K(1398272K)
[180.946s][info][gc,metaspace   ] GC(1260) Metaspace: 125510K(129792K)->125510K(129792K) NonClass: 107412K(108096K)->107412K(108096K) Class: 18097K(21696K)->18097K(21696K)
[180.946s][info][gc             ] GC(1260) Pause Young (Allocation Failure) 1450M->1197M(1804M) 9.943ms
[180.946s][info][gc,cpu         ] GC(1260) User=0.28s Sys=0.00s Real=0.02s
[180.963s][info][gc,start       ] GC(1261) Pause Young (Allocation Failure)
[180.972s][info][gc,heap        ] GC(1261) PSYoungGen: 359416K(449536K)->85454K(458240K) Eden: 267776K(267776K)->0K(267776K) From: 91640K(181760K)->85454K(190464K)
[180.972s][info][gc,heap        ] GC(1261) ParOldGen: 1134728K(1398272K)->1134728K(1398272K)
[180.972s][info][gc,metaspace   ] GC(1261) Metaspace: 125510K(129792K)->125510K(129792K) NonClass: 107412K(108096K)->107412K(108096K) Class: 18097K(21696K)->18097K(21696K)
[180.972s][info][gc             ] GC(1261) Pause Young (Allocation Failure) 1459M->1191M(1813M) 8.742ms
[180.972s][info][gc,cpu         ] GC(1261) User=0.08s Sys=0.00s Real=0.02s
[180.990s][info][gc,start       ] GC(1262) Pause Young (Allocation Failure)
[181.001s][info][gc,heap        ] GC(1262) PSYoungGen: 353230K(458240K)->91681K(450560K) Eden: 267776K(267776K)->0K(284160K) From: 85454K(190464K)->91681K(166400K)
[181.001s][info][gc,heap        ] GC(1262) ParOldGen: 1134728K(1398272K)->1134728K(1398272K)
[181.001s][info][gc,metaspace   ] GC(1262) Metaspace: 125510K(129792K)->125510K(129792K) NonClass: 107412K(108096K)->107412K(108096K) Class: 18097K(21696K)->18097K(21696K)
[181.001s][info][gc             ] GC(1262) Pause Young (Allocation Failure) 1453M->1197M(1805M) 10.921ms
[181.001s][info][gc,cpu         ] GC(1262) User=0.00s Sys=0.00s Real=0.00s
[181.032s][info][gc,start       ] GC(1263) Pause Young (Allocation Failure)
[181.041s][info][gc,heap        ] GC(1263) PSYoungGen: 375841K(450560K)->103026K(457216K) Eden: 284160K(284160K)->0K(284160K) From: 91681K(166400K)->103026K(173056K)
[181.041s][info][gc,heap        ] GC(1263) ParOldGen: 1134728K(1398272K)->1134728K(1398272K)
[181.041s][info][gc,metaspace   ] GC(1263) Metaspace: 125510K(129792K)->125510K(129792K) NonClass: 107412K(108096K)->107412K(108096K) Class: 18097K(21696K)->18097K(21696K)
[181.041s][info][gc             ] GC(1263) Pause Young (Allocation Failure) 1475M->1208M(1812M) 8.818ms
[181.041s][info][gc,cpu         ] GC(1263) User=0.00s Sys=0.00s Real=0.00s
[181.068s][info][gc,start       ] GC(1264) Pause Young (Allocation Failure)
[181.079s][info][gc,heap        ] GC(1264) PSYoungGen: 387186K(457216K)->110497K(470528K) Eden: 284160K(284160K)->0K(300032K) From: 103026K(173056K)->110497K(170496K)
[181.079s][info][gc,heap        ] GC(1264) ParOldGen: 1134728K(1398272K)->1134728K(1398272K)
[181.079s][info][gc,metaspace   ] GC(1264) Metaspace: 125510K(129792K)->125510K(129792K) NonClass: 107412K(108096K)->107412K(108096K) Class: 18097K(21696K)->18097K(21696K)
[181.079s][info][gc             ] GC(1264) Pause Young (Allocation Failure) 1486M->1216M(1825M) 10.729ms
[181.079s][info][gc,cpu         ] GC(1264) User=0.00s Sys=0.00s Real=0.00s
[181.100s][info][gc,start       ] GC(1265) Pause Young (Allocation Failure)
[181.112s][info][gc,heap        ] GC(1265) PSYoungGen: 410529K(470528K)->123827K(470528K) Eden: 300032K(300032K)->0K(300032K) From: 110497K(170496K)->123827K(170496K)
[181.112s][info][gc,heap        ] GC(1265) ParOldGen: 1134728K(1398272K)->1134728K(1398272K)
[181.112s][info][gc,metaspace   ] GC(1265) Metaspace: 125510K(129792K)->125510K(129792K) NonClass: 107412K(108096K)->107412K(108096K) Class: 18097K(21696K)->18097K(21696K)
[181.112s][info][gc             ] GC(1265) Pause Young (Allocation Failure) 1509M->1229M(1825M) 11.710ms
[181.112s][info][gc,cpu         ] GC(1265) User=0.00s Sys=0.00s Real=0.00s
[181.135s][info][gc,start       ] GC(1266) Pause Young (Allocation Failure)
[181.146s][info][gc,heap        ] GC(1266) PSYoungGen: 423859K(470528K)->125402K(488960K) Eden: 300032K(300032K)->0K(314368K) From: 123827K(170496K)->125402K(174592K)
[181.146s][info][gc,heap        ] GC(1266) ParOldGen: 1134728K(1398272K)->1134728K(1398272K)
[181.146s][info][gc,metaspace   ] GC(1266) Metaspace: 125510K(129792K)->125510K(129792K) NonClass: 107412K(108096K)->107412K(108096K) Class: 18097K(21696K)->18097K(21696K)
[181.146s][info][gc             ] GC(1266) Pause Young (Allocation Failure) 1522M->1230M(1843M) 11.008ms
[181.146s][info][gc,cpu         ] GC(1266) User=0.00s Sys=0.00s Real=0.00s
[181.167s][info][gc,start       ] GC(1267) Pause Young (Allocation Failure)
[181.178s][info][gc,heap        ] GC(1267) PSYoungGen: 439770K(488960K)->125416K(492544K) Eden: 314368K(314368K)->0K(314368K) From: 125402K(174592K)->125416K(178176K)
[181.178s][info][gc,heap        ] GC(1267) ParOldGen: 1134728K(1398272K)->1134728K(1398272K)
[181.178s][info][gc,metaspace   ] GC(1267) Metaspace: 125511K(129792K)->125511K(129792K) NonClass: 107413K(108096K)->107413K(108096K) Class: 18097K(21696K)->18097K(21696K)
[181.178s][info][gc             ] GC(1267) Pause Young (Allocation Failure) 1537M->1230M(1846M) 10.980ms
[181.178s][info][gc,cpu         ] GC(1267) User=0.00s Sys=0.00s Real=0.01s
[181.201s][info][gc,start       ] GC(1268) Pause Young (Allocation Failure)
[181.215s][info][gc,heap        ] GC(1268) PSYoungGen: 439784K(492544K)->133789K(509952K) Eden: 314368K(314368K)->0K(329216K) From: 125416K(178176K)->133789K(180736K)
[181.215s][info][gc,heap        ] GC(1268) ParOldGen: 1134728K(1398272K)->1134728K(1398272K)
[181.215s][info][gc,metaspace   ] GC(1268) Metaspace: 125511K(129792K)->125511K(129792K) NonClass: 107413K(108096K)->107413K(108096K) Class: 18097K(21696K)->18097K(21696K)
[181.215s][info][gc             ] GC(1268) Pause Young (Allocation Failure) 1537M->1238M(1863M) 14.762ms
[181.215s][info][gc,cpu         ] GC(1268) User=0.52s Sys=0.00s Real=0.02s
[181.239s][info][gc,start       ] GC(1269) Pause Young (Allocation Failure)
[181.253s][info][gc,heap        ] GC(1269) PSYoungGen: 463005K(509952K)->147233K(476672K) Eden: 329216K(329216K)->0K(329216K) From: 133789K(180736K)->147233K(147456K)
[181.253s][info][gc,heap        ] GC(1269) ParOldGen: 1134728K(1398272K)->1134736K(1398272K)
[181.253s][info][gc,metaspace   ] GC(1269) Metaspace: 125511K(129792K)->125511K(129792K) NonClass: 107413K(108096K)->107413K(108096K) Class: 18097K(21696K)->18097K(21696K)
[181.253s][info][gc             ] GC(1269) Pause Young (Allocation Failure) 1560M->1251M(1831M) 13.462ms
[181.253s][info][gc,cpu         ] GC(1269) User=0.48s Sys=0.00s Real=0.02s
[181.274s][info][gc,start       ] GC(1270) Pause Young (Allocation Failure)
[181.289s][info][gc,heap        ] GC(1270) PSYoungGen: 476449K(476672K)->150927K(490496K) Eden: 329216K(329216K)->0K(297472K) From: 147233K(147456K)->150927K(193024K)
[181.289s][info][gc,heap        ] GC(1270) ParOldGen: 1134736K(1398272K)->1134736K(1398272K)
[181.289s][info][gc,metaspace   ] GC(1270) Metaspace: 125511K(129792K)->125511K(129792K) NonClass: 107413K(108096K)->107413K(108096K) Class: 18097K(21696K)->18097K(21696K)
[181.289s][info][gc             ] GC(1270) Pause Young (Allocation Failure) 1573M->1255M(1844M) 15.113ms
[181.289s][info][gc,cpu         ] GC(1270) User=0.50s Sys=0.02s Real=0.02s
[181.308s][info][gc,start       ] GC(1271) Pause Young (Allocation Failure)
[181.325s][info][gc,heap        ] GC(1271) PSYoungGen: 448399K(490496K)->172718K(470528K) Eden: 297472K(297472K)->0K(297472K) From: 150927K(193024K)->172718K(173056K)
[181.325s][info][gc,heap        ] GC(1271) ParOldGen: 1134736K(1398272K)->1134752K(1398272K)
[181.325s][info][gc,metaspace   ] GC(1271) Metaspace: 125511K(129792K)->125511K(129792K) NonClass: 107413K(108096K)->107413K(108096K) Class: 18097K(21696K)->18097K(21696K)
[181.325s][info][gc             ] GC(1271) Pause Young (Allocation Failure) 1546M->1276M(1825M) 17.234ms
[181.325s][info][gc,cpu         ] GC(1271) User=0.52s Sys=0.00s Real=0.02s
[181.343s][info][gc,start       ] GC(1272) Pause Young (Allocation Failure)
[181.359s][info][gc,heap        ] GC(1272) PSYoungGen: 470190K(470528K)->173792K(462336K) Eden: 297472K(297472K)->0K(248320K) From: 172718K(173056K)->173792K(214016K)
[181.359s][info][gc,heap        ] GC(1272) ParOldGen: 1134752K(1398272K)->1134792K(1398272K)
[181.359s][info][gc,metaspace   ] GC(1272) Metaspace: 125511K(129792K)->125511K(129792K) NonClass: 107413K(108096K)->107413K(108096K) Class: 18097K(21696K)->18097K(21696K)
[181.359s][info][gc             ] GC(1272) Pause Young (Allocation Failure) 1567M->1277M(1817M) 16.121ms
[181.359s][info][gc,cpu         ] GC(1272) User=0.13s Sys=0.00s Real=0.01s
[181.374s][info][gc,start       ] GC(1273) Pause Young (Allocation Failure)
[181.391s][info][gc,heap        ] GC(1273) PSYoungGen: 422112K(462336K)->179116K(427520K) Eden: 248320K(248320K)->0K(248320K) From: 173792K(214016K)->179116K(179200K)
[181.391s][info][gc,heap        ] GC(1273) ParOldGen: 1134792K(1398272K)->1134848K(1398272K)
[181.391s][info][gc,metaspace   ] GC(1273) Metaspace: 125511K(129792K)->125511K(129792K) NonClass: 107413K(108096K)->107413K(108096K) Class: 18097K(21696K)->18097K(21696K)
[181.391s][info][gc             ] GC(1273) Pause Young (Allocation Failure) 1520M->1283M(1783M) 17.060ms
[181.391s][info][gc,cpu         ] GC(1273) User=0.92s Sys=0.02s Real=0.03s
[181.419s][info][gc,start       ] GC(1274) Pause Young (Allocation Failure)
[181.442s][info][gc,heap        ] GC(1274) PSYoungGen: 427436K(427520K)->207853K(465920K) Eden: 248320K(248320K)->0K(232960K) From: 179116K(179200K)->207853K(232960K)
[181.442s][info][gc,heap        ] GC(1274) ParOldGen: 1134848K(1398272K)->1134959K(1398272K)
[181.442s][info][gc,metaspace   ] GC(1274) Metaspace: 125511K(129792K)->125511K(129792K) NonClass: 107413K(108096K)->107413K(108096K) Class: 18097K(21696K)->18097K(21696K)
[181.442s][info][gc             ] GC(1274) Pause Young (Allocation Failure) 1525M->1311M(1820M) 22.461ms
[181.442s][info][gc,cpu         ] GC(1274) User=0.38s Sys=0.00s Real=0.02s
[181.458s][info][gc,start       ] GC(1275) Pause Young (Allocation Failure)
[181.479s][info][gc,heap        ] GC(1275) PSYoungGen: 440813K(465920K)->216888K(465920K) Eden: 232960K(232960K)->0K(232960K) From: 207853K(232960K)->216888K(232960K)
[181.479s][info][gc,heap        ] GC(1275) ParOldGen: 1134959K(1398272K)->1135015K(1398272K)
[181.479s][info][gc,metaspace   ] GC(1275) Metaspace: 125511K(129792K)->125511K(129792K) NonClass: 107413K(108096K)->107413K(108096K) Class: 18097K(21696K)->18097K(21696K)
[181.479s][info][gc             ] GC(1275) Pause Young (Allocation Failure) 1538M->1320M(1820M) 20.567ms
[181.479s][info][gc,cpu         ] GC(1275) User=0.50s Sys=0.00s Real=0.01s
[181.493s][info][gc,start       ] GC(1276) Pause Young (Allocation Failure)
[181.515s][info][gc,heap        ] GC(1276) PSYoungGen: 449848K(465920K)->201647K(465920K) Eden: 232960K(232960K)->0K(232960K) From: 216888K(232960K)->201647K(232960K)
[181.515s][info][gc,heap        ] GC(1276) ParOldGen: 1135015K(1398272K)->1159838K(1398272K)
[181.515s][info][gc,metaspace   ] GC(1276) Metaspace: 125511K(129792K)->125511K(129792K) NonClass: 107413K(108096K)->107413K(108096K) Class: 18097K(21696K)->18097K(21696K)
[181.515s][info][gc             ] GC(1276) Pause Young (Allocation Failure) 1547M->1329M(1820M) 22.058ms
[181.515s][info][gc,cpu         ] GC(1276) User=0.75s Sys=0.00s Real=0.03s
[181.529s][info][gc,start       ] GC(1277) Pause Young (Allocation Failure)
[181.549s][info][gc,heap        ] GC(1277) PSYoungGen: 431789K(465920K)->134834K(465920K) Eden: 230141K(232960K)->0K(232960K) From: 201647K(232960K)->134834K(232960K)
[181.549s][info][gc,heap        ] GC(1277) ParOldGen: 1159838K(1398272K)->1225695K(1398272K)
[181.549s][info][gc,metaspace   ] GC(1277) Metaspace: 125511K(129792K)->125511K(129792K) NonClass: 107413K(108096K)->107413K(108096K) Class: 18097K(21696K)->18097K(21696K)
[181.549s][info][gc             ] GC(1277) Pause Young (Allocation Failure) 1554M->1328M(1820M) 19.383ms
[181.549s][info][gc,cpu         ] GC(1277) User=0.52s Sys=0.00s Real=0.02s
[181.562s][info][gc,start       ] GC(1278) Pause Young (Allocation Failure)
[181.574s][info][gc,heap        ] GC(1278) PSYoungGen: 367794K(465920K)->118472K(465920K) Eden: 232960K(232960K)->0K(232960K) From: 134834K(232960K)->118472K(232960K)
[181.575s][info][gc,heap        ] GC(1278) ParOldGen: 1225695K(1398272K)->1250812K(1398272K)
[181.575s][info][gc,metaspace   ] GC(1278) Metaspace: 125511K(129792K)->125511K(129792K) NonClass: 107413K(108096K)->107413K(108096K) Class: 18097K(21696K)->18097K(21696K)
[181.575s][info][gc             ] GC(1278) Pause Young (Allocation Failure) 1556M->1337M(1820M) 12.626ms
[181.575s][info][gc,cpu         ] GC(1278) User=0.00s Sys=0.00s Real=0.00s
[181.591s][info][gc,start       ] GC(1279) Pause Young (Allocation Failure)
[181.603s][info][gc,heap        ] GC(1279) PSYoungGen: 351432K(465920K)->116275K(465920K) Eden: 232960K(232960K)->0K(232960K) From: 118472K(232960K)->116275K(232960K)
[181.603s][info][gc,heap        ] GC(1279) ParOldGen: 1250812K(1398272K)->1259923K(1398272K)
[181.603s][info][gc,metaspace   ] GC(1279) Metaspace: 125511K(129792K)->125511K(129792K) NonClass: 107413K(108096K)->107413K(108096K) Class: 18097K(21696K)->18097K(21696K)
[181.603s][info][gc             ] GC(1279) Pause Young (Allocation Failure) 1564M->1343M(1820M) 11.543ms
[181.603s][info][gc,cpu         ] GC(1279) User=0.00s Sys=0.00s Real=0.00s
[181.615s][info][gc,start       ] GC(1280) Pause Young (Allocation Failure)
[181.626s][info][gc,heap        ] GC(1280) PSYoungGen: 349235K(465920K)->119680K(465920K) Eden: 232960K(232960K)->0K(232960K) From: 116275K(232960K)->119680K(232960K)
[181.626s][info][gc,heap        ] GC(1280) ParOldGen: 1259923K(1398272K)->1261030K(1398272K)
[181.626s][info][gc,metaspace   ] GC(1280) Metaspace: 125511K(129792K)->125511K(129792K) NonClass: 107413K(108096K)->107413K(108096K) Class: 18097K(21696K)->18097K(21696K)
[181.626s][info][gc             ] GC(1280) Pause Young (Allocation Failure) 1571M->1348M(1820M) 11.500ms
[181.626s][info][gc,cpu         ] GC(1280) User=0.44s Sys=0.00s Real=0.02s
[181.639s][info][gc,start       ] GC(1281) Pause Young (Allocation Failure)
[181.650s][info][gc,heap        ] GC(1281) PSYoungGen: 352640K(465920K)->125334K(465920K) Eden: 232960K(232960K)->0K(232960K) From: 119680K(232960K)->125334K(232960K)
[181.650s][info][gc,heap        ] GC(1281) ParOldGen: 1261030K(1398272K)->1262675K(1398272K)
[181.650s][info][gc,metaspace   ] GC(1281) Metaspace: 125513K(129792K)->125513K(129792K) NonClass: 107415K(108096K)->107415K(108096K) Class: 18098K(21696K)->18098K(21696K)
[181.650s][info][gc             ] GC(1281) Pause Young (Allocation Failure) 1575M->1355M(1820M) 11.848ms
[181.651s][info][gc,cpu         ] GC(1281) User=0.00s Sys=0.00s Real=0.00s
[181.662s][info][gc,start       ] GC(1282) Pause Young (Allocation Failure)
[181.675s][info][gc,heap        ] GC(1282) PSYoungGen: 358294K(465920K)->122210K(465920K) Eden: 232960K(232960K)->0K(232960K) From: 125334K(232960K)->122210K(232960K)
[181.675s][info][gc,heap        ] GC(1282) ParOldGen: 1262675K(1398272K)->1279229K(1398272K)
[181.676s][info][gc,metaspace   ] GC(1282) Metaspace: 125513K(129792K)->125513K(129792K) NonClass: 107415K(108096K)->107415K(108096K) Class: 18098K(21696K)->18098K(21696K)
[181.676s][info][gc             ] GC(1282) Pause Young (Allocation Failure) 1582M->1368M(1820M) 13.090ms
[181.676s][info][gc,cpu         ] GC(1282) User=0.53s Sys=0.00s Real=0.02s
[181.688s][info][gc,start       ] GC(1283) Pause Young (Allocation Failure)
[181.699s][info][gc,heap        ] GC(1283) PSYoungGen: 355170K(465920K)->72774K(465920K) Eden: 232960K(232960K)->0K(232960K) From: 122210K(232960K)->72774K(232960K)
[181.699s][info][gc,heap        ] GC(1283) ParOldGen: 1279229K(1398272K)->1333568K(1398272K)
[181.699s][info][gc,metaspace   ] GC(1283) Metaspace: 125513K(129792K)->125513K(129792K) NonClass: 107415K(108096K)->107415K(108096K) Class: 18098K(21696K)->18098K(21696K)
[181.699s][info][gc             ] GC(1283) Pause Young (Allocation Failure) 1596M->1373M(1820M) 11.706ms
[181.699s][info][gc,cpu         ] GC(1283) User=0.00s Sys=0.00s Real=0.00s
[181.712s][info][gc,start       ] GC(1284) Pause Young (Allocation Failure)
[181.718s][info][gc,heap        ] GC(1284) PSYoungGen: 305734K(465920K)->50896K(465920K) Eden: 232960K(232960K)->0K(232960K) From: 72774K(232960K)->50896K(232960K)
[181.718s][info][gc,heap        ] GC(1284) ParOldGen: 1333568K(1398272K)->1358740K(1398272K)
[181.718s][info][gc,metaspace   ] GC(1284) Metaspace: 125513K(129792K)->125513K(129792K) NonClass: 107415K(108096K)->107415K(108096K) Class: 18098K(21696K)->18098K(21696K)
[181.719s][info][gc             ] GC(1284) Pause Young (Allocation Failure) 1600M->1376M(1820M) 6.919ms
[181.719s][info][gc,cpu         ] GC(1284) User=0.33s Sys=0.00s Real=0.02s
[181.719s][info][gc,start       ] GC(1285) Pause Full (Ergonomics)
[181.719s][info][gc,phases,start] GC(1285) Marking Phase
[181.761s][info][gc,phases      ] GC(1285) Marking Phase 42.819ms
[181.762s][info][gc,phases,start] GC(1285) Summary Phase
[181.762s][info][gc,phases      ] GC(1285) Summary Phase 0.057ms
[181.762s][info][gc,phases,start] GC(1285) Adjust Roots
[181.771s][info][gc,phases      ] GC(1285) Adjust Roots 9.467ms
[181.771s][info][gc,phases,start] GC(1285) Compaction Phase
[181.794s][info][gc,phases      ] GC(1285) Compaction Phase 23.031ms
[181.794s][info][gc,phases,start] GC(1285) Post Compact
[181.802s][info][gc,phases      ] GC(1285) Post Compact 7.417ms
[181.802s][info][gc,heap        ] GC(1285) PSYoungGen: 50896K(465920K)->0K(465920K) Eden: 0K(232960K)->0K(232960K) From: 50896K(232960K)->0K(232960K)
[181.802s][info][gc,heap        ] GC(1285) ParOldGen: 1358740K(1398272K)->1214914K(1398272K)
[181.802s][info][gc,metaspace   ] GC(1285) Metaspace: 125513K(129792K)->125513K(129792K) NonClass: 107415K(108096K)->107415K(108096K) Class: 18098K(21696K)->18098K(21696K)
[181.802s][info][gc             ] GC(1285) Pause Full (Ergonomics) 1376M->1186M(1820M) 83.127ms
[181.802s][info][gc,cpu         ] GC(1285) User=1.08s Sys=0.00s Real=0.08s
[181.818s][info][gc,start       ] GC(1286) Pause Young (Allocation Failure)
[181.821s][info][gc,heap        ] GC(1286) PSYoungGen: 227826K(465920K)->19710K(465920K) Eden: 227826K(232960K)->0K(232960K) From: 0K(232960K)->19710K(232960K)
[181.821s][info][gc,heap        ] GC(1286) ParOldGen: 1214914K(1398272K)->1214914K(1398272K)
[181.821s][info][gc,metaspace   ] GC(1286) Metaspace: 125513K(129792K)->125513K(129792K) NonClass: 107415K(108096K)->107415K(108096K) Class: 18098K(21696K)->18098K(21696K)
[181.821s][info][gc             ] GC(1286) Pause Young (Allocation Failure) 1408M->1205M(1820M) 2.943ms
[181.821s][info][gc,cpu         ] GC(1286) User=0.00s Sys=0.00s Real=0.00s
[181.833s][info][gc,start       ] GC(1287) Pause Young (Allocation Failure)
[181.840s][info][gc,heap        ] GC(1287) PSYoungGen: 252670K(465920K)->69806K(465920K) Eden: 232960K(232960K)->0K(232960K) From: 19710K(232960K)->69806K(232960K)
[181.840s][info][gc,heap        ] GC(1287) ParOldGen: 1214914K(1398272K)->1214914K(1398272K)
[181.840s][info][gc,metaspace   ] GC(1287) Metaspace: 125513K(129792K)->125513K(129792K) NonClass: 107415K(108096K)->107415K(108096K) Class: 18098K(21696K)->18098K(21696K)
[181.840s][info][gc             ] GC(1287) Pause Young (Allocation Failure) 1433M->1254M(1820M) 6.950ms
[181.840s][info][gc,cpu         ] GC(1287) User=0.00s Sys=0.00s Real=0.00s
[181.854s][info][gc,start       ] GC(1288) Pause Young (Allocation Failure)
[181.860s][info][gc,heap        ] GC(1288) PSYoungGen: 302766K(465920K)->12989K(465920K) Eden: 232960K(232960K)->0K(232960K) From: 69806K(232960K)->12989K(232960K)
[181.860s][info][gc,heap        ] GC(1288) ParOldGen: 1214914K(1398272K)->1277655K(1398272K)
[181.860s][info][gc,metaspace   ] GC(1288) Metaspace: 125513K(129792K)->125513K(129792K) NonClass: 107415K(108096K)->107415K(108096K) Class: 18098K(21696K)->18098K(21696K)
[181.860s][info][gc             ] GC(1288) Pause Young (Allocation Failure) 1482M->1260M(1820M) 6.228ms
[181.860s][info][gc,cpu         ] GC(1288) User=0.02s Sys=0.30s Real=0.02s
[181.873s][info][gc,start       ] GC(1289) Pause Young (Allocation Failure)
[181.881s][info][gc,heap        ] GC(1289) PSYoungGen: 245949K(465920K)->62326K(465920K) Eden: 232960K(232960K)->0K(232960K) From: 12989K(232960K)->62326K(232960K)
[181.881s][info][gc,heap        ] GC(1289) ParOldGen: 1277655K(1398272K)->1290091K(1398272K)
[181.881s][info][gc,metaspace   ] GC(1289) Metaspace: 125513K(129792K)->125513K(129792K) NonClass: 107415K(108096K)->107415K(108096K) Class: 18098K(21696K)->18098K(21696K)
[181.881s][info][gc             ] GC(1289) Pause Young (Allocation Failure) 1487M->1320M(1820M) 7.879ms
[181.881s][info][gc,cpu         ] GC(1289) User=0.30s Sys=0.00s Real=0.02s
[181.895s][info][gc,start       ] GC(1290) Pause Young (Allocation Failure)
[181.905s][info][gc,heap        ] GC(1290) PSYoungGen: 295286K(465920K)->43874K(457728K) Eden: 232960K(232960K)->0K(232960K) From: 62326K(232960K)->43874K(224768K)
[181.905s][info][gc,heap        ] GC(1290) ParOldGen: 1290091K(1398272K)->1350281K(1398272K)
[181.905s][info][gc,metaspace   ] GC(1290) Metaspace: 125513K(129792K)->125513K(129792K) NonClass: 107415K(108096K)->107415K(108096K) Class: 18098K(21696K)->18098K(21696K)
[181.905s][info][gc             ] GC(1290) Pause Young (Allocation Failure) 1548M->1361M(1812M) 10.642ms
[181.905s][info][gc,cpu         ] GC(1290) User=0.00s Sys=0.00s Real=0.00s
[181.905s][info][gc,start       ] GC(1291) Pause Full (Ergonomics)
[181.905s][info][gc,phases,start] GC(1291) Marking Phase
[181.958s][info][gc,phases      ] GC(1291) Marking Phase 52.093ms
[181.958s][info][gc,phases,start] GC(1291) Summary Phase
[181.958s][info][gc,phases      ] GC(1291) Summary Phase 0.058ms
[181.958s][info][gc,phases,start] GC(1291) Adjust Roots
[181.971s][info][gc,phases      ] GC(1291) Adjust Roots 13.785ms
[181.971s][info][gc,phases,start] GC(1291) Compaction Phase
[181.993s][info][gc,phases      ] GC(1291) Compaction Phase 21.049ms
[181.993s][info][gc,phases,start] GC(1291) Post Compact
[182.000s][info][gc,phases      ] GC(1291) Post Compact 7.749ms
[182.000s][info][gc,heap        ] GC(1291) PSYoungGen: 43874K(457728K)->0K(461824K) Eden: 0K(232960K)->0K(232960K) From: 43874K(224768K)->0K(228864K)
[182.001s][info][gc,heap        ] GC(1291) ParOldGen: 1350281K(1398272K)->1244720K(1398272K)
[182.001s][info][gc,metaspace   ] GC(1291) Metaspace: 125513K(129792K)->125513K(129792K) NonClass: 107415K(108096K)->107415K(108096K) Class: 18098K(21696K)->18098K(21696K)
[182.001s][info][gc             ] GC(1291) Pause Full (Ergonomics) 1361M->1215M(1816M) 95.136ms
[182.001s][info][gc,cpu         ] GC(1291) User=1.67s Sys=0.00s Real=0.11s
[182.019s][info][gc,start       ] GC(1292) Pause Young (Allocation Failure)
[182.023s][info][gc,heap        ] GC(1292) PSYoungGen: 232960K(461824K)->33141K(460800K) Eden: 232960K(232960K)->0K(241152K) From: 0K(228864K)->33141K(219648K)
[182.023s][info][gc,heap        ] GC(1292) ParOldGen: 1244720K(1398272K)->1244720K(1398272K)
[182.023s][info][gc,metaspace   ] GC(1292) Metaspace: 125513K(129792K)->125513K(129792K) NonClass: 107415K(108096K)->107415K(108096K) Class: 18098K(21696K)->18098K(21696K)
[182.023s][info][gc             ] GC(1292) Pause Young (Allocation Failure) 1443M->1247M(1815M) 4.036ms
[182.023s][info][gc,cpu         ] GC(1292) User=0.00s Sys=0.00s Real=0.00s
[182.037s][info][gc,start       ] GC(1293) Pause Young (Allocation Failure)
[182.042s][info][gc,heap        ] GC(1293) PSYoungGen: 274293K(460800K)->52258K(465408K) Eden: 241152K(241152K)->0K(241152K) From: 33141K(219648K)->52258K(224256K)
[182.042s][info][gc,heap        ] GC(1293) ParOldGen: 1244720K(1398272K)->1244720K(1398272K)
[182.042s][info][gc,metaspace   ] GC(1293) Metaspace: 125513K(129792K)->125513K(129792K) NonClass: 107415K(108096K)->107415K(108096K) Class: 18098K(21696K)->18098K(21696K)
[182.042s][info][gc             ] GC(1293) Pause Young (Allocation Failure) 1483M->1266M(1820M) 5.803ms
[182.042s][info][gc,cpu         ] GC(1293) User=0.00s Sys=0.00s Real=0.00s
[182.055s][info][gc,start       ] GC(1294) Pause Young (Allocation Failure)
[182.062s][info][gc,heap        ] GC(1294) PSYoungGen: 293410K(465408K)->64985K(455680K) Eden: 241152K(241152K)->0K(258048K) From: 52258K(224256K)->64985K(197632K)
[182.062s][info][gc,heap        ] GC(1294) ParOldGen: 1244720K(1398272K)->1244720K(1398272K)
[182.062s][info][gc,metaspace   ] GC(1294) Metaspace: 125513K(129792K)->125513K(129792K) NonClass: 107415K(108096K)->107415K(108096K) Class: 18098K(21696K)->18098K(21696K)
[182.062s][info][gc             ] GC(1294) Pause Young (Allocation Failure) 1502M->1279M(1810M) 7.739ms
[182.062s][info][gc,cpu         ] GC(1294) User=0.00s Sys=0.00s Real=0.00s
[182.076s][info][gc,start       ] GC(1295) Pause Young (Allocation Failure)
[182.084s][info][gc,heap        ] GC(1295) PSYoungGen: 323033K(455680K)->71677K(463360K) Eden: 258048K(258048K)->0K(258048K) From: 64985K(197632K)->71677K(205312K)
[182.084s][info][gc,heap        ] GC(1295) ParOldGen: 1244720K(1398272K)->1244720K(1398272K)
[182.084s][info][gc,metaspace   ] GC(1295) Metaspace: 125513K(129792K)->125513K(129792K) NonClass: 107415K(108096K)->107415K(108096K) Class: 18098K(21696K)->18098K(21696K)
[182.084s][info][gc             ] GC(1295) Pause Young (Allocation Failure) 1531M->1285M(1818M) 7.950ms
[182.084s][info][gc,cpu         ] GC(1295) User=0.28s Sys=0.00s Real=0.02s
[182.096s][info][gc,start       ] GC(1296) Pause Young (Allocation Failure)
[182.106s][info][gc,heap        ] GC(1296) PSYoungGen: 329725K(463360K)->80988K(450048K) Eden: 258048K(258048K)->0K(276992K) From: 71677K(205312K)->80988K(173056K)
[182.106s][info][gc,heap        ] GC(1296) ParOldGen: 1244720K(1398272K)->1244720K(1398272K)
[182.106s][info][gc,metaspace   ] GC(1296) Metaspace: 125513K(129792K)->125513K(129792K) NonClass: 107415K(108096K)->107415K(108096K) Class: 18098K(21696K)->18098K(21696K)
[182.106s][info][gc             ] GC(1296) Pause Young (Allocation Failure) 1537M->1294M(1805M) 9.429ms
[182.106s][info][gc,cpu         ] GC(1296) User=0.00s Sys=0.00s Real=0.00s
[182.120s][info][gc,start       ] GC(1297) Pause Young (Allocation Failure)
[182.130s][info][gc,heap        ] GC(1297) PSYoungGen: 357980K(450048K)->98189K(460288K) Eden: 276992K(276992K)->0K(276992K) From: 80988K(173056K)->98189K(183296K)
[182.130s][info][gc,heap        ] GC(1297) ParOldGen: 1244720K(1398272K)->1244720K(1398272K)
[182.130s][info][gc,metaspace   ] GC(1297) Metaspace: 125513K(129792K)->125513K(129792K) NonClass: 107415K(108096K)->107415K(108096K) Class: 18098K(21696K)->18098K(21696K)
[182.130s][info][gc             ] GC(1297) Pause Young (Allocation Failure) 1565M->1311M(1815M) 9.824ms
[182.130s][info][gc,cpu         ] GC(1297) User=0.36s Sys=0.00s Real=0.02s
[182.144s][info][gc,start       ] GC(1298) Pause Young (Allocation Failure)
[182.154s][info][gc,heap        ] GC(1298) PSYoungGen: 375181K(460288K)->101949K(475648K) Eden: 276992K(276992K)->0K(298496K) From: 98189K(183296K)->101949K(177152K)
[182.154s][info][gc,heap        ] GC(1298) ParOldGen: 1244720K(1398272K)->1244720K(1398272K)
[182.154s][info][gc,metaspace   ] GC(1298) Metaspace: 125513K(129792K)->125513K(129792K) NonClass: 107415K(108096K)->107415K(108096K) Class: 18098K(21696K)->18098K(21696K)
[182.154s][info][gc             ] GC(1298) Pause Young (Allocation Failure) 1581M->1315M(1830M) 9.875ms
[182.154s][info][gc,cpu         ] GC(1298) User=0.00s Sys=0.00s Real=0.00s
[182.170s][info][gc,start       ] GC(1299) Pause Young (Allocation Failure)
[182.182s][info][gc,heap        ] GC(1299) PSYoungGen: 400445K(475648K)->127154K(476672K) Eden: 298496K(298496K)->0K(298496K) From: 101949K(177152K)->127154K(178176K)
[182.183s][info][gc,heap        ] GC(1299) ParOldGen: 1244720K(1398272K)->1244720K(1398272K)
[182.183s][info][gc,metaspace   ] GC(1299) Metaspace: 125513K(129792K)->125513K(129792K) NonClass: 107415K(108096K)->107415K(108096K) Class: 18098K(21696K)->18098K(21696K)
[182.183s][info][gc             ] GC(1299) Pause Young (Allocation Failure) 1606M->1339M(1831M) 12.591ms
[182.183s][info][gc,cpu         ] GC(1299) User=0.39s Sys=0.00s Real=0.02s
[182.198s][info][gc,start       ] GC(1300) Pause Young (Allocation Failure)
[182.214s][info][gc,heap        ] GC(1300) PSYoungGen: 425650K(476672K)->142123K(492544K) Eden: 298496K(298496K)->0K(307712K) From: 127154K(178176K)->142123K(184832K)
[182.214s][info][gc,heap        ] GC(1300) ParOldGen: 1244720K(1398272K)->1244720K(1398272K)
[182.214s][info][gc,metaspace   ] GC(1300) Metaspace: 125513K(129792K)->125513K(129792K) NonClass: 107415K(108096K)->107415K(108096K) Class: 18098K(21696K)->18098K(21696K)
[182.214s][info][gc             ] GC(1300) Pause Young (Allocation Failure) 1631M->1354M(1846M) 15.499ms
[182.214s][info][gc,cpu         ] GC(1300) User=0.42s Sys=0.00s Real=0.02s
[182.231s][info][gc,start       ] GC(1301) Pause Young (Allocation Failure)
[182.246s][info][gc,heap        ] GC(1301) PSYoungGen: 449835K(492544K)->165380K(473600K) Eden: 307712K(307712K)->0K(307712K) From: 142123K(184832K)->165380K(165888K)
[182.246s][info][gc,heap        ] GC(1301) ParOldGen: 1244720K(1398272K)->1244720K(1398272K)
[182.246s][info][gc,metaspace   ] GC(1301) Metaspace: 125513K(129792K)->125513K(129792K) NonClass: 107415K(108096K)->107415K(108096K) Class: 18098K(21696K)->18098K(21696K)
[182.246s][info][gc             ] GC(1301) Pause Young (Allocation Failure) 1654M->1377M(1828M) 14.925ms
[182.246s][info][gc,cpu         ] GC(1301) User=0.52s Sys=0.00s Real=0.02s
[182.262s][info][gc,start       ] GC(1302) Pause Young (Allocation Failure)
[182.278s][info][gc,heap        ] GC(1302) PSYoungGen: 473092K(473600K)->163951K(462336K) Eden: 307712K(307712K)->0K(250368K) From: 165380K(165888K)->163951K(211968K)
[182.278s][info][gc,heap        ] GC(1302) ParOldGen: 1244720K(1398272K)->1244720K(1398272K)
[182.278s][info][gc,metaspace   ] GC(1302) Metaspace: 125513K(129792K)->125513K(129792K) NonClass: 107415K(108096K)->107415K(108096K) Class: 18098K(21696K)->18098K(21696K)
[182.278s][info][gc             ] GC(1302) Pause Young (Allocation Failure) 1677M->1375M(1817M) 15.625ms
[182.278s][info][gc,cpu         ] GC(1302) User=0.52s Sys=0.00s Real=0.02s
[182.290s][info][gc,start       ] GC(1303) Pause Young (Allocation Failure)
[182.306s][info][gc,heap        ] GC(1303) PSYoungGen: 414319K(462336K)->163651K(414208K) Eden: 250368K(250368K)->0K(250368K) From: 163951K(211968K)->163651K(163840K)
[182.306s][info][gc,heap        ] GC(1303) ParOldGen: 1244720K(1398272K)->1244720K(1398272K)
[182.306s][info][gc,metaspace   ] GC(1303) Metaspace: 125513K(129792K)->125513K(129792K) NonClass: 107415K(108096K)->107415K(108096K) Class: 18098K(21696K)->18098K(21696K)
[182.306s][info][gc             ] GC(1303) Pause Young (Allocation Failure) 1620M->1375M(1770M) 15.603ms
[182.306s][info][gc,cpu         ] GC(1303) User=0.52s Sys=0.00s Real=0.02s
[182.318s][info][gc,start       ] GC(1304) Pause Young (Allocation Failure)
[182.334s][info][gc,heap        ] GC(1304) PSYoungGen: 414019K(414208K)->146435K(465920K) Eden: 250368K(250368K)->0K(232960K) From: 163651K(163840K)->146435K(232960K)
[182.334s][info][gc,heap        ] GC(1304) ParOldGen: 1244720K(1398272K)->1265410K(1398272K)
[182.334s][info][gc,metaspace   ] GC(1304) Metaspace: 125513K(129792K)->125513K(129792K) NonClass: 107415K(108096K)->107415K(108096K) Class: 18098K(21696K)->18098K(21696K)
[182.334s][info][gc             ] GC(1304) Pause Young (Allocation Failure) 1619M->1378M(1820M) 16.004ms
[182.334s][info][gc,cpu         ] GC(1304) User=0.52s Sys=0.00s Real=0.02s
[182.345s][info][gc,start       ] GC(1305) Pause Young (Allocation Failure)
[182.363s][info][gc,heap        ] GC(1305) PSYoungGen: 379395K(465920K)->165442K(465920K) Eden: 232960K(232960K)->0K(232960K) From: 146435K(232960K)->165442K(232960K)
[182.363s][info][gc,heap        ] GC(1305) ParOldGen: 1265410K(1398272K)->1277765K(1398272K)
[182.363s][info][gc,metaspace   ] GC(1305) Metaspace: 125513K(129792K)->125513K(129792K) NonClass: 107415K(108096K)->107415K(108096K) Class: 18098K(21696K)->18098K(21696K)
[182.363s][info][gc             ] GC(1305) Pause Young (Allocation Failure) 1606M->1409M(1820M) 17.184ms
[182.363s][info][gc,cpu         ] GC(1305) User=0.52s Sys=0.00s Real=0.02s
[182.374s][info][gc,start       ] GC(1306) Pause Young (Allocation Failure)
[182.389s][info][gc,heap        ] GC(1306) PSYoungGen: 398402K(465920K)->157661K(465920K) Eden: 232960K(232960K)->0K(232960K) From: 165442K(232960K)->157661K(232960K)
[182.389s][info][gc,heap        ] GC(1306) ParOldGen: 1277765K(1398272K)->1277765K(1398272K)
[182.389s][info][gc,metaspace   ] GC(1306) Metaspace: 125513K(129792K)->125513K(129792K) NonClass: 107415K(108096K)->107415K(108096K) Class: 18098K(21696K)->18098K(21696K)
[182.389s][info][gc             ] GC(1306) Pause Young (Allocation Failure) 1636M->1401M(1820M) 14.483ms
[182.389s][info][gc,cpu         ] GC(1306) User=0.52s Sys=0.00s Real=0.02s
[182.400s][info][gc,start       ] GC(1307) Pause Young (Allocation Failure)
[182.417s][info][gc,heap        ] GC(1307) PSYoungGen: 390621K(465920K)->170629K(465920K) Eden: 232960K(232960K)->0K(232960K) From: 157661K(232960K)->170629K(232960K)
[182.418s][info][gc,heap        ] GC(1307) ParOldGen: 1277765K(1398272K)->1286006K(1398272K)
[182.418s][info][gc,metaspace   ] GC(1307) Metaspace: 125513K(129792K)->125513K(129792K) NonClass: 107415K(108096K)->107415K(108096K) Class: 18098K(21696K)->18098K(21696K)
[182.418s][info][gc             ] GC(1307) Pause Young (Allocation Failure) 1629M->1422M(1820M) 17.214ms
[182.418s][info][gc,cpu         ] GC(1307) User=0.36s Sys=0.02s Real=0.01s
[182.430s][info][gc,start       ] GC(1308) Pause Young (Allocation Failure)
[182.445s][info][gc,heap        ] GC(1308) PSYoungGen: 403589K(465920K)->128092K(465920K) Eden: 232960K(232960K)->0K(232960K) From: 170629K(232960K)->128092K(232960K)
[182.445s][info][gc,heap        ] GC(1308) ParOldGen: 1286006K(1398272K)->1319063K(1398272K)
[182.445s][info][gc,metaspace   ] GC(1308) Metaspace: 125513K(129792K)->125513K(129792K) NonClass: 107415K(108096K)->107415K(108096K) Class: 18098K(21696K)->18098K(21696K)
[182.445s][info][gc             ] GC(1308) Pause Young (Allocation Failure) 1649M->1413M(1820M) 15.687ms
[182.446s][info][gc,cpu         ] GC(1308) User=0.00s Sys=0.02s Real=0.02s
[182.457s][info][gc,start       ] GC(1309) Pause Young (Allocation Failure)
[182.471s][info][gc,heap        ] GC(1309) PSYoungGen: 361052K(465920K)->98721K(331776K) Eden: 232960K(232960K)->0K(232960K) From: 128092K(232960K)->98721K(98816K)
[182.471s][info][gc,heap        ] GC(1309) ParOldGen: 1319063K(1398272K)->1373170K(1398272K)
[182.471s][info][gc,metaspace   ] GC(1309) Metaspace: 125513K(129792K)->125513K(129792K) NonClass: 107415K(108096K)->107415K(108096K) Class: 18098K(21696K)->18098K(21696K)
[182.471s][info][gc             ] GC(1309) Pause Young (Allocation Failure) 1640M->1437M(1689M) 14.229ms
[182.471s][info][gc,cpu         ] GC(1309) User=0.52s Sys=0.00s Real=0.02s
[182.471s][info][gc,start       ] GC(1310) Pause Full (Ergonomics)
[182.471s][info][gc,phases,start] GC(1310) Marking Phase
[182.520s][info][gc,phases      ] GC(1310) Marking Phase 48.113ms
[182.520s][info][gc,phases,start] GC(1310) Summary Phase
[182.520s][info][gc,phases      ] GC(1310) Summary Phase 0.060ms
[182.520s][info][gc,phases,start] GC(1310) Adjust Roots
[182.535s][info][gc,phases      ] GC(1310) Adjust Roots 15.180ms
[182.535s][info][gc,phases,start] GC(1310) Compaction Phase
[182.560s][info][gc,phases      ] GC(1310) Compaction Phase 24.556ms
[182.560s][info][gc,phases,start] GC(1310) Post Compact
[182.569s][info][gc,phases      ] GC(1310) Post Compact 9.006ms
[182.569s][info][gc,heap        ] GC(1310) PSYoungGen: 98721K(331776K)->0K(463360K) Eden: 0K(232960K)->0K(232960K) From: 98721K(98816K)->0K(230400K)
[182.569s][info][gc,heap        ] GC(1310) ParOldGen: 1373170K(1398272K)->1369013K(1398272K)
[182.569s][info][gc,metaspace   ] GC(1310) Metaspace: 125513K(129792K)->125513K(129792K) NonClass: 107415K(108096K)->107415K(108096K) Class: 18098K(21696K)->18098K(21696K)
[182.569s][info][gc             ] GC(1310) Pause Full (Ergonomics) 1437M->1336M(1818M) 97.436ms
[182.569s][info][gc,cpu         ] GC(1310) User=1.64s Sys=0.00s Real=0.09s
[182.586s][info][gc,start       ] GC(1311) Pause Full (Ergonomics)
[182.586s][info][gc,phases,start] GC(1311) Marking Phase
[182.637s][info][gc,phases      ] GC(1311) Marking Phase 51.470ms
[182.637s][info][gc,phases,start] GC(1311) Summary Phase
[182.637s][info][gc,phases      ] GC(1311) Summary Phase 0.065ms
[182.637s][info][gc,phases,start] GC(1311) Adjust Roots
[182.656s][info][gc,phases      ] GC(1311) Adjust Roots 18.445ms
[182.656s][info][gc,phases,start] GC(1311) Compaction Phase
[182.681s][info][gc,phases      ] GC(1311) Compaction Phase 25.538ms
[182.682s][info][gc,phases,start] GC(1311) Post Compact
[182.692s][info][gc,phases      ] GC(1311) Post Compact 10.307ms
[182.692s][info][gc,heap        ] GC(1311) PSYoungGen: 232960K(463360K)->0K(463360K) Eden: 232960K(232960K)->0K(232960K) From: 0K(230400K)->0K(230400K)
[182.692s][info][gc,heap        ] GC(1311) ParOldGen: 1369013K(1398272K)->1369475K(1398272K)
[182.692s][info][gc,metaspace   ] GC(1311) Metaspace: 125513K(129792K)->125513K(129792K) NonClass: 107415K(108096K)->107415K(108096K) Class: 18098K(21696K)->18098K(21696K)
[182.692s][info][gc             ] GC(1311) Pause Full (Ergonomics) 1564M->1337M(1818M) 106.281ms
[182.692s][info][gc,cpu         ] GC(1311) User=1.09s Sys=0.02s Real=0.11s
[182.710s][info][gc,start       ] GC(1312) Pause Full (Ergonomics)
[182.710s][info][gc,phases,start] GC(1312) Marking Phase
[182.765s][info][gc,phases      ] GC(1312) Marking Phase 54.394ms
[182.765s][info][gc,phases,start] GC(1312) Summary Phase
[182.765s][info][gc,phases      ] GC(1312) Summary Phase 0.061ms
[182.765s][info][gc,phases,start] GC(1312) Adjust Roots
[182.778s][info][gc,phases      ] GC(1312) Adjust Roots 13.121ms
[182.778s][info][gc,phases,start] GC(1312) Compaction Phase
[182.805s][info][gc,phases      ] GC(1312) Compaction Phase 26.825ms
[182.805s][info][gc,phases,start] GC(1312) Post Compact
[182.813s][info][gc,phases      ] GC(1312) Post Compact 8.200ms
[182.813s][info][gc,heap        ] GC(1312) PSYoungGen: 232960K(463360K)->0K(468480K) Eden: 232960K(232960K)->0K(238080K) From: 0K(230400K)->0K(230400K)
[182.813s][info][gc,heap        ] GC(1312) ParOldGen: 1369475K(1398272K)->1379325K(1398272K)
[182.813s][info][gc,metaspace   ] GC(1312) Metaspace: 125513K(129792K)->125513K(129792K) NonClass: 107415K(108096K)->107415K(108096K) Class: 18098K(21696K)->18098K(21696K)
[182.813s][info][gc             ] GC(1312) Pause Full (Ergonomics) 1564M->1346M(1823M) 102.963ms
[182.813s][info][gc,cpu         ] GC(1312) User=1.75s Sys=0.19s Real=0.11s
[182.831s][info][gc,start       ] GC(1313) Pause Full (Ergonomics)
[182.831s][info][gc,phases,start] GC(1313) Marking Phase
[182.879s][info][gc,phases      ] GC(1313) Marking Phase 48.190ms
[182.879s][info][gc,phases,start] GC(1313) Summary Phase
[182.879s][info][gc,phases      ] GC(1313) Summary Phase 0.062ms
[182.879s][info][gc,phases,start] GC(1313) Adjust Roots
[182.896s][info][gc,phases      ] GC(1313) Adjust Roots 17.323ms
[182.896s][info][gc,phases,start] GC(1313) Compaction Phase
[182.917s][info][gc,phases      ] GC(1313) Compaction Phase 20.788ms
[182.917s][info][gc,phases,start] GC(1313) Post Compact
[182.927s][info][gc,phases      ] GC(1313) Post Compact 10.299ms
[182.928s][info][gc,heap        ] GC(1313) PSYoungGen: 238080K(468480K)->0K(468480K) Eden: 238080K(238080K)->0K(238080K) From: 0K(230400K)->0K(230400K)
[182.928s][info][gc,heap        ] GC(1313) ParOldGen: 1379325K(1398272K)->1368634K(1398272K)
[182.928s][info][gc,metaspace   ] GC(1313) Metaspace: 125513K(129792K)->125513K(129792K) NonClass: 107415K(108096K)->107415K(108096K) Class: 18098K(21696K)->18098K(21696K)
[182.928s][info][gc             ] GC(1313) Pause Full (Ergonomics) 1579M->1336M(1823M) 97.151ms
[182.928s][info][gc,cpu         ] GC(1313) User=1.14s Sys=0.00s Real=0.10s
[182.947s][info][gc,start       ] GC(1314) Pause Full (Ergonomics)
[182.947s][info][gc,phases,start] GC(1314) Marking Phase
[183.002s][info][gc,phases      ] GC(1314) Marking Phase 54.870ms
[183.002s][info][gc,phases,start] GC(1314) Summary Phase
[183.002s][info][gc,phases      ] GC(1314) Summary Phase 0.060ms
[183.002s][info][gc,phases,start] GC(1314) Adjust Roots
[183.019s][info][gc,phases      ] GC(1314) Adjust Roots 16.384ms
[183.019s][info][gc,phases,start] GC(1314) Compaction Phase
[183.041s][info][gc,phases      ] GC(1314) Compaction Phase 22.516ms
[183.041s][info][gc,phases,start] GC(1314) Post Compact
[183.052s][info][gc,phases      ] GC(1314) Post Compact 10.294ms
[183.052s][info][gc,heap        ] GC(1314) PSYoungGen: 238080K(468480K)->0K(468480K) Eden: 238080K(238080K)->0K(238080K) From: 0K(230400K)->0K(230400K)
[183.052s][info][gc,heap        ] GC(1314) ParOldGen: 1368634K(1398272K)->1371072K(1398272K)
[183.052s][info][gc,metaspace   ] GC(1314) Metaspace: 125513K(129792K)->125513K(129792K) NonClass: 107415K(108096K)->107415K(108096K) Class: 18098K(21696K)->18098K(21696K)
[183.052s][info][gc             ] GC(1314) Pause Full (Ergonomics) 1569M->1338M(1823M) 104.635ms
[183.052s][info][gc,cpu         ] GC(1314) User=1.66s Sys=0.02s Real=0.11s
[183.071s][info][gc,start       ] GC(1315) Pause Full (Ergonomics)
[183.071s][info][gc,phases,start] GC(1315) Marking Phase
[183.125s][info][gc,phases      ] GC(1315) Marking Phase 53.543ms
[183.125s][info][gc,phases,start] GC(1315) Summary Phase
[183.125s][info][gc,phases      ] GC(1315) Summary Phase 0.062ms
[183.125s][info][gc,phases,start] GC(1315) Adjust Roots
[183.134s][info][gc,phases      ] GC(1315) Adjust Roots 9.265ms
[183.134s][info][gc,phases,start] GC(1315) Compaction Phase
[183.154s][info][gc,phases      ] GC(1315) Compaction Phase 19.749ms
[183.154s][info][gc,phases,start] GC(1315) Post Compact
[183.163s][info][gc,phases      ] GC(1315) Post Compact 8.706ms
[183.163s][info][gc,heap        ] GC(1315) PSYoungGen: 238080K(468480K)->0K(468480K) Eden: 238080K(238080K)->0K(238080K) From: 0K(230400K)->0K(230400K)
[183.163s][info][gc,heap        ] GC(1315) ParOldGen: 1371072K(1398272K)->1377997K(1398272K)
[183.163s][info][gc,metaspace   ] GC(1315) Metaspace: 125513K(129792K)->125513K(129792K) NonClass: 107415K(108096K)->107415K(108096K) Class: 18098K(21696K)->18098K(21696K)
[183.163s][info][gc             ] GC(1315) Pause Full (Ergonomics) 1571M->1345M(1823M) 91.741ms
[183.163s][info][gc,cpu         ] GC(1315) User=1.08s Sys=0.02s Real=0.09s
[183.181s][info][gc,start       ] GC(1316) Pause Full (Ergonomics)
[183.182s][info][gc,phases,start] GC(1316) Marking Phase
[183.232s][info][gc,phases      ] GC(1316) Marking Phase 50.751ms
[183.232s][info][gc,phases,start] GC(1316) Summary Phase
[183.232s][info][gc,phases      ] GC(1316) Summary Phase 0.062ms
[183.232s][info][gc,phases,start] GC(1316) Adjust Roots
[183.247s][info][gc,phases      ] GC(1316) Adjust Roots 14.295ms
[183.247s][info][gc,phases,start] GC(1316) Compaction Phase
[183.286s][info][gc,phases      ] GC(1316) Compaction Phase 39.647ms
[183.286s][info][gc,phases,start] GC(1316) Post Compact
[183.294s][info][gc,phases      ] GC(1316) Post Compact 7.990ms
[183.295s][info][gc,heap        ] GC(1316) PSYoungGen: 238080K(468480K)->0K(468480K) Eden: 238080K(238080K)->0K(238080K) From: 0K(230400K)->0K(230400K)
[183.295s][info][gc,heap        ] GC(1316) ParOldGen: 1377997K(1398272K)->1384401K(1398272K)
[183.295s][info][gc,metaspace   ] GC(1316) Metaspace: 125513K(129792K)->125513K(129792K) NonClass: 107415K(108096K)->107415K(108096K) Class: 18098K(21696K)->18098K(21696K)
[183.295s][info][gc             ] GC(1316) Pause Full (Ergonomics) 1578M->1351M(1823M) 113.103ms
[183.295s][info][gc,cpu         ] GC(1316) User=1.81s Sys=0.11s Real=0.11s
[183.307s][info][gc,start       ] GC(1317) Pause Full (Ergonomics)
[183.307s][info][gc,phases,start] GC(1317) Marking Phase
[183.358s][info][gc,phases      ] GC(1317) Marking Phase 50.747ms
[183.358s][info][gc,phases,start] GC(1317) Summary Phase
[183.358s][info][gc,phases      ] GC(1317) Summary Phase 0.063ms
[183.358s][info][gc,phases,start] GC(1317) Adjust Roots
[183.371s][info][gc,phases      ] GC(1317) Adjust Roots 12.442ms
[183.371s][info][gc,phases,start] GC(1317) Compaction Phase
[183.392s][info][gc,phases      ] GC(1317) Compaction Phase 21.543ms
[183.392s][info][gc,phases,start] GC(1317) Post Compact
[183.402s][info][gc,phases      ] GC(1317) Post Compact 9.721ms
[183.402s][info][gc,heap        ] GC(1317) PSYoungGen: 238080K(468480K)->0K(468480K) Eden: 238080K(238080K)->0K(238080K) From: 0K(230400K)->0K(230400K)
[183.402s][info][gc,heap        ] GC(1317) ParOldGen: 1384401K(1398272K)->1394141K(1398272K)
[183.402s][info][gc,metaspace   ] GC(1317) Metaspace: 125513K(129792K)->125513K(129792K) NonClass: 107415K(108096K)->107415K(108096K) Class: 18098K(21696K)->18098K(21696K)
[183.402s][info][gc             ] GC(1317) Pause Full (Ergonomics) 1584M->1361M(1823M) 94.940ms
[183.402s][info][gc,cpu         ] GC(1317) User=0.98s Sys=0.05s Real=0.09s
[183.423s][info][gc,start       ] GC(1318) Pause Full (Ergonomics)
[183.423s][info][gc,phases,start] GC(1318) Marking Phase
[183.471s][info][gc,phases      ] GC(1318) Marking Phase 47.783ms
[183.471s][info][gc,phases,start] GC(1318) Summary Phase
[183.471s][info][gc,phases      ] GC(1318) Summary Phase 0.046ms
[183.471s][info][gc,phases,start] GC(1318) Adjust Roots
[183.484s][info][gc,phases      ] GC(1318) Adjust Roots 13.216ms
[183.484s][info][gc,phases,start] GC(1318) Compaction Phase
[183.592s][info][gc,phases      ] GC(1318) Compaction Phase 107.285ms
[183.592s][info][gc,phases,start] GC(1318) Post Compact
[183.600s][info][gc,phases      ] GC(1318) Post Compact 7.953ms
[183.600s][info][gc,heap        ] GC(1318) PSYoungGen: 238080K(468480K)->10153K(468480K) Eden: 238080K(238080K)->10153K(238080K) From: 0K(230400K)->0K(230400K)
[183.600s][info][gc,heap        ] GC(1318) ParOldGen: 1394141K(1398272K)->1396334K(1398272K)
[183.600s][info][gc,metaspace   ] GC(1318) Metaspace: 125515K(129792K)->125515K(129792K) NonClass: 107416K(108096K)->107416K(108096K) Class: 18098K(21696K)->18098K(21696K)
[183.600s][info][gc             ] GC(1318) Pause Full (Ergonomics) 1593M->1373M(1823M) 176.621ms
[183.600s][info][gc,cpu         ] GC(1318) User=4.61s Sys=0.00s Real=0.17s
[183.613s][info][gc,start       ] GC(1319) Pause Full (Ergonomics)
[183.613s][info][gc,phases,start] GC(1319) Marking Phase
[183.666s][info][gc,phases      ] GC(1319) Marking Phase 53.532ms
[183.666s][info][gc,phases,start] GC(1319) Summary Phase
[183.666s][info][gc,phases      ] GC(1319) Summary Phase 0.046ms
[183.666s][info][gc,phases,start] GC(1319) Adjust Roots
[183.681s][info][gc,phases      ] GC(1319) Adjust Roots 14.856ms
[183.681s][info][gc,phases,start] GC(1319) Compaction Phase
[183.718s][info][gc,phases      ] GC(1319) Compaction Phase 36.676ms
[183.718s][info][gc,phases,start] GC(1319) Post Compact
[183.726s][info][gc,phases      ] GC(1319) Post Compact 7.985ms
[183.726s][info][gc,heap        ] GC(1319) PSYoungGen: 238080K(468480K)->7029K(468480K) Eden: 238080K(238080K)->7029K(238080K) From: 0K(230400K)->0K(230400K)
[183.726s][info][gc,heap        ] GC(1319) ParOldGen: 1396334K(1398272K)->1397459K(1398272K)
[183.726s][info][gc,metaspace   ] GC(1319) Metaspace: 125515K(129792K)->125515K(129792K) NonClass: 107416K(108096K)->107416K(108096K) Class: 18098K(21696K)->18098K(21696K)
[183.726s][info][gc             ] GC(1319) Pause Full (Ergonomics) 1596M->1371M(1823M) 113.475ms
[183.726s][info][gc,cpu         ] GC(1319) User=2.58s Sys=0.00s Real=0.11s
[183.739s][info][gc,start       ] GC(1320) Pause Full (Ergonomics)
[183.739s][info][gc,phases,start] GC(1320) Marking Phase
[183.777s][info][gc,phases      ] GC(1320) Marking Phase 38.215ms
[183.778s][info][gc,phases,start] GC(1320) Summary Phase
[183.778s][info][gc,phases      ] GC(1320) Summary Phase 0.047ms
[183.778s][info][gc,phases,start] GC(1320) Adjust Roots
[183.797s][info][gc,phases      ] GC(1320) Adjust Roots 19.136ms
[183.797s][info][gc,phases,start] GC(1320) Compaction Phase
[183.835s][info][gc,phases      ] GC(1320) Compaction Phase 37.931ms
[183.835s][info][gc,phases,start] GC(1320) Post Compact
[183.843s][info][gc,phases      ] GC(1320) Post Compact 8.018ms
[183.843s][info][gc,heap        ] GC(1320) PSYoungGen: 235806K(468480K)->18968K(468480K) Eden: 235806K(238080K)->18968K(238080K) From: 0K(230400K)->0K(230400K)
[183.843s][info][gc,heap        ] GC(1320) ParOldGen: 1397459K(1398272K)->1394887K(1398272K)
[183.843s][info][gc,metaspace   ] GC(1320) Metaspace: 125515K(129792K)->125515K(129792K) NonClass: 107416K(108096K)->107416K(108096K) Class: 18098K(21696K)->18098K(21696K)
[183.843s][info][gc             ] GC(1320) Pause Full (Ergonomics) 1594M->1380M(1823M) 103.668ms
[183.843s][info][gc,cpu         ] GC(1320) User=2.11s Sys=0.00s Real=0.11s
[183.856s][info][gc,start       ] GC(1321) Pause Full (Ergonomics)
[183.856s][info][gc,phases,start] GC(1321) Marking Phase
[183.897s][info][gc,phases      ] GC(1321) Marking Phase 41.032ms
[183.897s][info][gc,phases,start] GC(1321) Summary Phase
[183.897s][info][gc,phases      ] GC(1321) Summary Phase 0.043ms
[183.897s][info][gc,phases,start] GC(1321) Adjust Roots
[183.914s][info][gc,phases      ] GC(1321) Adjust Roots 17.333ms
[183.914s][info][gc,phases,start] GC(1321) Compaction Phase
[183.951s][info][gc,phases      ] GC(1321) Compaction Phase 37.084ms
[183.951s][info][gc,phases,start] GC(1321) Post Compact
[183.959s][info][gc,phases      ] GC(1321) Post Compact 7.960ms
[183.959s][info][gc,heap        ] GC(1321) PSYoungGen: 238080K(468480K)->16394K(468480K) Eden: 238080K(238080K)->16394K(238080K) From: 0K(230400K)->0K(230400K)
[183.959s][info][gc,heap        ] GC(1321) ParOldGen: 1394887K(1398272K)->1392563K(1398272K)
[183.959s][info][gc,metaspace   ] GC(1321) Metaspace: 125515K(129792K)->125515K(129792K) NonClass: 107416K(108096K)->107416K(108096K) Class: 18098K(21696K)->18098K(21696K)
[183.959s][info][gc             ] GC(1321) Pause Full (Ergonomics) 1594M->1375M(1823M) 103.822ms
[183.959s][info][gc,cpu         ] GC(1321) User=1.72s Sys=0.06s Real=0.11s
[183.974s][info][gc,start       ] GC(1322) Pause Full (Ergonomics)
[183.974s][info][gc,phases,start] GC(1322) Marking Phase
[184.023s][info][gc,phases      ] GC(1322) Marking Phase 49.268ms
[184.023s][info][gc,phases,start] GC(1322) Summary Phase
[184.023s][info][gc,phases      ] GC(1322) Summary Phase 0.050ms
[184.023s][info][gc,phases,start] GC(1322) Adjust Roots
[184.040s][info][gc,phases      ] GC(1322) Adjust Roots 16.969ms
[184.040s][info][gc,phases,start] GC(1322) Compaction Phase
[184.077s][info][gc,phases      ] GC(1322) Compaction Phase 37.218ms
[184.078s][info][gc,phases,start] GC(1322) Post Compact
[184.086s][info][gc,phases      ] GC(1322) Post Compact 7.961ms
[184.086s][info][gc,heap        ] GC(1322) PSYoungGen: 238080K(468480K)->14030K(468480K) Eden: 238080K(238080K)->14030K(238080K) From: 0K(230400K)->0K(230400K)
[184.086s][info][gc,heap        ] GC(1322) ParOldGen: 1392563K(1398272K)->1398045K(1398272K)
[184.086s][info][gc,metaspace   ] GC(1322) Metaspace: 125517K(129792K)->125517K(129792K) NonClass: 107419K(108096K)->107419K(108096K) Class: 18098K(21696K)->18098K(21696K)
[184.086s][info][gc             ] GC(1322) Pause Full (Ergonomics) 1592M->1378M(1823M) 111.799ms
[184.086s][info][gc,cpu         ] GC(1322) User=2.48s Sys=0.03s Real=0.12s
[184.100s][info][gc,start       ] GC(1323) Pause Full (Ergonomics)
[184.100s][info][gc,phases,start] GC(1323) Marking Phase
[184.144s][info][gc,phases      ] GC(1323) Marking Phase 43.217ms
[184.144s][info][gc,phases,start] GC(1323) Summary Phase
[184.144s][info][gc,phases      ] GC(1323) Summary Phase 0.048ms
[184.144s][info][gc,phases,start] GC(1323) Adjust Roots
[184.152s][info][gc,phases      ] GC(1323) Adjust Roots 8.752ms
[184.153s][info][gc,phases,start] GC(1323) Compaction Phase
[184.198s][info][gc,phases      ] GC(1323) Compaction Phase 45.031ms
[184.198s][info][gc,phases,start] GC(1323) Post Compact
[184.206s][info][gc,phases      ] GC(1323) Post Compact 8.095ms
[184.206s][info][gc,heap        ] GC(1323) PSYoungGen: 238080K(468480K)->11390K(468480K) Eden: 238080K(238080K)->11390K(238080K) From: 0K(230400K)->0K(230400K)
[184.206s][info][gc,heap        ] GC(1323) ParOldGen: 1398045K(1398272K)->1396234K(1398272K)
[184.206s][info][gc,metaspace   ] GC(1323) Metaspace: 125529K(129792K)->125529K(129792K) NonClass: 107431K(108096K)->107431K(108096K) Class: 18098K(21696K)->18098K(21696K)
[184.206s][info][gc             ] GC(1323) Pause Full (Ergonomics) 1597M->1374M(1823M) 105.512ms
[184.206s][info][gc,cpu         ] GC(1323) User=1.98s Sys=0.00s Real=0.11s
[184.224s][info][gc,start       ] GC(1324) Pause Full (Ergonomics)
[184.224s][info][gc,phases,start] GC(1324) Marking Phase
[184.273s][info][gc,phases      ] GC(1324) Marking Phase 49.170ms
[184.273s][info][gc,phases,start] GC(1324) Summary Phase
[184.273s][info][gc,phases      ] GC(1324) Summary Phase 0.042ms
[184.273s][info][gc,phases,start] GC(1324) Adjust Roots
[184.290s][info][gc,phases      ] GC(1324) Adjust Roots 17.482ms
[184.290s][info][gc,phases,start] GC(1324) Compaction Phase
[184.326s][info][gc,phases      ] GC(1324) Compaction Phase 35.841ms
[184.326s][info][gc,phases,start] GC(1324) Post Compact
[184.334s][info][gc,phases      ] GC(1324) Post Compact 7.988ms
[184.334s][info][gc,heap        ] GC(1324) PSYoungGen: 238080K(468480K)->6398K(468480K) Eden: 238080K(238080K)->6398K(238080K) From: 0K(230400K)->0K(230400K)
[184.334s][info][gc,heap        ] GC(1324) ParOldGen: 1396234K(1398272K)->1398237K(1398272K)
[184.334s][info][gc,metaspace   ] GC(1324) Metaspace: 125529K(129792K)->125529K(129792K) NonClass: 107431K(108096K)->107431K(108096K) Class: 18098K(21696K)->18098K(21696K)
[184.334s][info][gc             ] GC(1324) Pause Full (Ergonomics) 1596M->1371M(1823M) 110.839ms
[184.334s][info][gc,cpu         ] GC(1324) User=2.02s Sys=0.02s Real=0.11s
[184.351s][info][gc,start       ] GC(1325) Pause Full (Ergonomics)
[184.351s][info][gc,phases,start] GC(1325) Marking Phase
[184.394s][info][gc,phases      ] GC(1325) Marking Phase 43.552ms
[184.395s][info][gc,phases,start] GC(1325) Summary Phase
[184.395s][info][gc,phases      ] GC(1325) Summary Phase 0.049ms
[184.395s][info][gc,phases,start] GC(1325) Adjust Roots
[184.407s][info][gc,phases      ] GC(1325) Adjust Roots 11.972ms
[184.407s][info][gc,phases,start] GC(1325) Compaction Phase
[184.443s][info][gc,phases      ] GC(1325) Compaction Phase 36.425ms
[184.443s][info][gc,phases,start] GC(1325) Post Compact
[184.451s][info][gc,phases      ] GC(1325) Post Compact 8.064ms
[184.451s][info][gc,heap        ] GC(1325) PSYoungGen: 238080K(468480K)->10072K(468480K) Eden: 238080K(238080K)->10072K(238080K) From: 0K(230400K)->0K(230400K)
[184.451s][info][gc,heap        ] GC(1325) ParOldGen: 1398237K(1398272K)->1394992K(1398272K)
[184.451s][info][gc,metaspace   ] GC(1325) Metaspace: 125529K(129792K)->125529K(129792K) NonClass: 107431K(108096K)->107431K(108096K) Class: 18098K(21696K)->18098K(21696K)
[184.451s][info][gc             ] GC(1325) Pause Full (Ergonomics) 1597M->1372M(1823M) 100.386ms
[184.451s][info][gc,cpu         ] GC(1325) User=2.50s Sys=0.00s Real=0.09s
[184.468s][info][gc,start       ] GC(1326) Pause Full (Ergonomics)
[184.468s][info][gc,phases,start] GC(1326) Marking Phase
[184.523s][info][gc,phases      ] GC(1326) Marking Phase 54.546ms
[184.523s][info][gc,phases,start] GC(1326) Summary Phase
[184.523s][info][gc,phases      ] GC(1326) Summary Phase 0.043ms
[184.523s][info][gc,phases,start] GC(1326) Adjust Roots
[184.538s][info][gc,phases      ] GC(1326) Adjust Roots 15.405ms
[184.538s][info][gc,phases,start] GC(1326) Compaction Phase
[184.560s][info][gc,phases      ] GC(1326) Compaction Phase 21.954ms
[184.560s][info][gc,phases,start] GC(1326) Post Compact
[184.570s][info][gc,phases      ] GC(1326) Post Compact 10.254ms
[184.571s][info][gc,heap        ] GC(1326) PSYoungGen: 238080K(468480K)->10110K(468480K) Eden: 238080K(238080K)->10110K(238080K) From: 0K(230400K)->0K(230400K)
[184.571s][info][gc,heap        ] GC(1326) ParOldGen: 1394992K(1398272K)->1394989K(1398272K)
[184.571s][info][gc,metaspace   ] GC(1326) Metaspace: 125529K(129792K)->125529K(129792K) NonClass: 107431K(108096K)->107431K(108096K) Class: 18098K(21696K)->18098K(21696K)
[184.571s][info][gc             ] GC(1326) Pause Full (Ergonomics) 1594M->1372M(1823M) 102.640ms
[184.571s][info][gc,cpu         ] GC(1326) User=1.69s Sys=0.00s Real=0.11s
[184.595s][info][gc,start       ] GC(1327) Pause Full (Ergonomics)
[184.595s][info][gc,phases,start] GC(1327) Marking Phase
[184.644s][info][gc,phases      ] GC(1327) Marking Phase 48.142ms
[184.644s][info][gc,phases,start] GC(1327) Summary Phase
[184.644s][info][gc,phases      ] GC(1327) Summary Phase 0.042ms
[184.644s][info][gc,phases,start] GC(1327) Adjust Roots
[184.656s][info][gc,phases      ] GC(1327) Adjust Roots 12.781ms
[184.656s][info][gc,phases,start] GC(1327) Compaction Phase
[184.693s][info][gc,phases      ] GC(1327) Compaction Phase 36.845ms
[184.693s][info][gc,phases,start] GC(1327) Post Compact
[184.701s][info][gc,phases      ] GC(1327) Post Compact 7.999ms
[184.701s][info][gc,heap        ] GC(1327) PSYoungGen: 238080K(468480K)->7635K(468480K) Eden: 238080K(238080K)->7635K(238080K) From: 0K(230400K)->0K(230400K)
[184.701s][info][gc,heap        ] GC(1327) ParOldGen: 1394989K(1398272K)->1394772K(1398272K)
[184.701s][info][gc,metaspace   ] GC(1327) Metaspace: 125535K(129792K)->125535K(129792K) NonClass: 107437K(108096K)->107437K(108096K) Class: 18098K(21696K)->18098K(21696K)
[184.701s][info][gc             ] GC(1327) Pause Full (Ergonomics) 1594M->1369M(1823M) 106.172ms
[184.702s][info][gc,cpu         ] GC(1327) User=2.11s Sys=0.00s Real=0.11s
[184.719s][info][gc,start       ] GC(1328) Pause Full (Ergonomics)
[184.719s][info][gc,phases,start] GC(1328) Marking Phase
[184.769s][info][gc,phases      ] GC(1328) Marking Phase 50.084ms
[184.769s][info][gc,phases,start] GC(1328) Summary Phase
[184.769s][info][gc,phases      ] GC(1328) Summary Phase 0.044ms
[184.769s][info][gc,phases,start] GC(1328) Adjust Roots
[184.781s][info][gc,phases      ] GC(1328) Adjust Roots 12.598ms
[184.781s][info][gc,phases,start] GC(1328) Compaction Phase
[184.800s][info][gc,phases      ] GC(1328) Compaction Phase 18.718ms
[184.800s][info][gc,phases,start] GC(1328) Post Compact
[184.810s][info][gc,phases      ] GC(1328) Post Compact 10.030ms
[184.810s][info][gc,heap        ] GC(1328) PSYoungGen: 238080K(468480K)->7649K(468480K) Eden: 238080K(238080K)->7649K(238080K) From: 0K(230400K)->0K(230400K)
[184.811s][info][gc,heap        ] GC(1328) ParOldGen: 1394772K(1398272K)->1394771K(1398272K)
[184.811s][info][gc,metaspace   ] GC(1328) Metaspace: 125535K(129792K)->125535K(129792K) NonClass: 107437K(108096K)->107437K(108096K) Class: 18098K(21696K)->18098K(21696K)
[184.811s][info][gc             ] GC(1328) Pause Full (Ergonomics) 1594M->1369M(1823M) 92.081ms
[184.811s][info][gc,cpu         ] GC(1328) User=0.64s Sys=0.00s Real=0.09s
[184.837s][info][gc,start       ] GC(1329) Pause Full (Ergonomics)
[184.837s][info][gc,phases,start] GC(1329) Marking Phase
[184.885s][info][gc,phases      ] GC(1329) Marking Phase 48.155ms
[184.885s][info][gc,phases,start] GC(1329) Summary Phase
[184.885s][info][gc,phases      ] GC(1329) Summary Phase 0.041ms
[184.885s][info][gc,phases,start] GC(1329) Adjust Roots
[184.897s][info][gc,phases      ] GC(1329) Adjust Roots 11.723ms
[184.897s][info][gc,phases,start] GC(1329) Compaction Phase
[184.914s][info][gc,phases      ] GC(1329) Compaction Phase 17.452ms
[184.914s][info][gc,phases,start] GC(1329) Post Compact
[184.924s][info][gc,phases      ] GC(1329) Post Compact 9.674ms
[184.924s][info][gc,heap        ] GC(1329) PSYoungGen: 238080K(468480K)->7659K(468480K) Eden: 238080K(238080K)->7659K(238080K) From: 0K(230400K)->0K(230400K)
[184.924s][info][gc,heap        ] GC(1329) ParOldGen: 1394771K(1398272K)->1394771K(1398272K)
[184.924s][info][gc,metaspace   ] GC(1329) Metaspace: 125535K(129792K)->125535K(129792K) NonClass: 107437K(108096K)->107437K(108096K) Class: 18098K(21696K)->18098K(21696K)
[184.924s][info][gc             ] GC(1329) Pause Full (Ergonomics) 1594M->1369M(1823M) 87.436ms
[184.924s][info][gc,cpu         ] GC(1329) User=1.55s Sys=0.02s Real=0.08s
[184.948s][info][gc,start       ] GC(1330) Pause Full (Ergonomics)
[184.948s][info][gc,phases,start] GC(1330) Marking Phase
[185.001s][info][gc,phases      ] GC(1330) Marking Phase 53.390ms
[185.001s][info][gc,phases,start] GC(1330) Summary Phase
[185.001s][info][gc,phases      ] GC(1330) Summary Phase 0.041ms
[185.001s][info][gc,phases,start] GC(1330) Adjust Roots
[185.014s][info][gc,phases      ] GC(1330) Adjust Roots 13.064ms
[185.014s][info][gc,phases,start] GC(1330) Compaction Phase
[185.032s][info][gc,phases      ] GC(1330) Compaction Phase 17.450ms
[185.032s][info][gc,phases,start] GC(1330) Post Compact
[185.041s][info][gc,phases      ] GC(1330) Post Compact 9.554ms
[185.041s][info][gc,heap        ] GC(1330) PSYoungGen: 238080K(468480K)->7646K(468480K) Eden: 238080K(238080K)->7646K(238080K) From: 0K(230400K)->0K(230400K)
[185.041s][info][gc,heap        ] GC(1330) ParOldGen: 1394771K(1398272K)->1394771K(1398272K)
[185.041s][info][gc,metaspace   ] GC(1330) Metaspace: 125535K(129792K)->125535K(129792K) NonClass: 107437K(108096K)->107437K(108096K) Class: 18098K(21696K)->18098K(21696K)
[185.042s][info][gc             ] GC(1330) Pause Full (Ergonomics) 1594M->1369M(1823M) 93.869ms
[185.042s][info][gc,cpu         ] GC(1330) User=1.11s Sys=0.02s Real=0.09s
[185.067s][info][gc,start       ] GC(1331) Pause Full (Ergonomics)
[185.067s][info][gc,phases,start] GC(1331) Marking Phase
[185.112s][info][gc,phases      ] GC(1331) Marking Phase 45.566ms
[185.112s][info][gc,phases,start] GC(1331) Summary Phase
[185.112s][info][gc,phases      ] GC(1331) Summary Phase 0.043ms
[185.112s][info][gc,phases,start] GC(1331) Adjust Roots
[185.127s][info][gc,phases      ] GC(1331) Adjust Roots 14.663ms
[185.127s][info][gc,phases,start] GC(1331) Compaction Phase
[185.146s][info][gc,phases      ] GC(1331) Compaction Phase 19.419ms
[185.147s][info][gc,phases,start] GC(1331) Post Compact
[185.157s][info][gc,phases      ] GC(1331) Post Compact 9.988ms
[185.157s][info][gc,heap        ] GC(1331) PSYoungGen: 238080K(468480K)->7652K(468480K) Eden: 238080K(238080K)->7652K(238080K) From: 0K(230400K)->0K(230400K)
[185.157s][info][gc,heap        ] GC(1331) ParOldGen: 1394771K(1398272K)->1394771K(1398272K)
[185.157s][info][gc,metaspace   ] GC(1331) Metaspace: 125535K(129792K)->125535K(129792K) NonClass: 107437K(108096K)->107437K(108096K) Class: 18098K(21696K)->18098K(21696K)
[185.157s][info][gc             ] GC(1331) Pause Full (Ergonomics) 1594M->1369M(1823M) 90.071ms
[185.157s][info][gc,cpu         ] GC(1331) User=1.13s Sys=0.00s Real=0.09s
[185.182s][info][gc,start       ] GC(1332) Pause Full (Ergonomics)
[185.182s][info][gc,phases,start] GC(1332) Marking Phase
[185.230s][info][gc,phases      ] GC(1332) Marking Phase 47.710ms
[185.230s][info][gc,phases,start] GC(1332) Summary Phase
[185.230s][info][gc,phases      ] GC(1332) Summary Phase 0.044ms
[185.230s][info][gc,phases,start] GC(1332) Adjust Roots
[185.241s][info][gc,phases      ] GC(1332) Adjust Roots 11.153ms
[185.241s][info][gc,phases,start] GC(1332) Compaction Phase
[185.259s][info][gc,phases      ] GC(1332) Compaction Phase 18.225ms
[185.259s][info][gc,phases,start] GC(1332) Post Compact
[185.269s][info][gc,phases      ] GC(1332) Post Compact 9.804ms
[185.269s][info][gc,heap        ] GC(1332) PSYoungGen: 238080K(468480K)->7659K(468480K) Eden: 238080K(238080K)->7659K(238080K) From: 0K(230400K)->0K(230400K)
[185.269s][info][gc,heap        ] GC(1332) ParOldGen: 1394771K(1398272K)->1394771K(1398272K)
[185.269s][info][gc,metaspace   ] GC(1332) Metaspace: 125535K(129792K)->125535K(129792K) NonClass: 107437K(108096K)->107437K(108096K) Class: 18098K(21696K)->18098K(21696K)
[185.269s][info][gc             ] GC(1332) Pause Full (Ergonomics) 1594M->1369M(1823M) 87.289ms
[185.269s][info][gc,cpu         ] GC(1332) User=1.16s Sys=0.00s Real=0.09s
[185.296s][info][gc,start       ] GC(1333) Pause Full (Ergonomics)
[185.296s][info][gc,phases,start] GC(1333) Marking Phase
[185.340s][info][gc,phases      ] GC(1333) Marking Phase 44.362ms
[185.340s][info][gc,phases,start] GC(1333) Summary Phase
[185.340s][info][gc,phases      ] GC(1333) Summary Phase 0.041ms
[185.340s][info][gc,phases,start] GC(1333) Adjust Roots
[185.351s][info][gc,phases      ] GC(1333) Adjust Roots 11.194ms
[185.351s][info][gc,phases,start] GC(1333) Compaction Phase
[185.370s][info][gc,phases      ] GC(1333) Compaction Phase 18.249ms
[185.370s][info][gc,phases,start] GC(1333) Post Compact
[185.380s][info][gc,phases      ] GC(1333) Post Compact 9.823ms
[185.380s][info][gc,heap        ] GC(1333) PSYoungGen: 238080K(468480K)->7658K(468480K) Eden: 238080K(238080K)->7658K(238080K) From: 0K(230400K)->0K(230400K)
[185.380s][info][gc,heap        ] GC(1333) ParOldGen: 1394771K(1398272K)->1394771K(1398272K)
[185.380s][info][gc,metaspace   ] GC(1333) Metaspace: 125535K(129792K)->125535K(129792K) NonClass: 107437K(108096K)->107437K(108096K) Class: 18098K(21696K)->18098K(21696K)
[185.380s][info][gc             ] GC(1333) Pause Full (Ergonomics) 1594M->1369M(1823M) 84.074ms
[185.380s][info][gc,cpu         ] GC(1333) User=1.03s Sys=0.02s Real=0.08s
[185.407s][info][gc,start       ] GC(1334) Pause Full (Ergonomics)
[185.407s][info][gc,phases,start] GC(1334) Marking Phase
[185.454s][info][gc,phases      ] GC(1334) Marking Phase 46.941ms
[185.454s][info][gc,phases,start] GC(1334) Summary Phase
[185.454s][info][gc,phases      ] GC(1334) Summary Phase 0.041ms
[185.454s][info][gc,phases,start] GC(1334) Adjust Roots
[185.467s][info][gc,phases      ] GC(1334) Adjust Roots 12.937ms
[185.467s][info][gc,phases,start] GC(1334) Compaction Phase
[185.484s][info][gc,phases      ] GC(1334) Compaction Phase 17.446ms
[185.484s][info][gc,phases,start] GC(1334) Post Compact
[185.494s][info][gc,phases      ] GC(1334) Post Compact 9.516ms
[185.494s][info][gc,heap        ] GC(1334) PSYoungGen: 238080K(468480K)->7658K(468480K) Eden: 238080K(238080K)->7658K(238080K) From: 0K(230400K)->0K(230400K)
[185.494s][info][gc,heap        ] GC(1334) ParOldGen: 1394771K(1398272K)->1394771K(1398272K)
[185.494s][info][gc,metaspace   ] GC(1334) Metaspace: 125535K(129792K)->125535K(129792K) NonClass: 107437K(108096K)->107437K(108096K) Class: 18098K(21696K)->18098K(21696K)
[185.494s][info][gc             ] GC(1334) Pause Full (Ergonomics) 1594M->1369M(1823M) 87.246ms
[185.494s][info][gc,cpu         ] GC(1334) User=1.06s Sys=0.00s Real=0.08s
[185.519s][info][gc,start       ] GC(1335) Pause Full (Ergonomics)
[185.519s][info][gc,phases,start] GC(1335) Marking Phase
[185.562s][info][gc,phases      ] GC(1335) Marking Phase 42.657ms
[185.562s][info][gc,phases,start] GC(1335) Summary Phase
[185.562s][info][gc,phases      ] GC(1335) Summary Phase 0.040ms
[185.562s][info][gc,phases,start] GC(1335) Adjust Roots
[185.580s][info][gc,phases      ] GC(1335) Adjust Roots 17.947ms
[185.580s][info][gc,phases,start] GC(1335) Compaction Phase
[185.600s][info][gc,phases      ] GC(1335) Compaction Phase 19.850ms
[185.600s][info][gc,phases,start] GC(1335) Post Compact
[185.611s][info][gc,phases      ] GC(1335) Post Compact 10.778ms
[185.611s][info][gc,heap        ] GC(1335) PSYoungGen: 238080K(468480K)->7668K(468480K) Eden: 238080K(238080K)->7668K(238080K) From: 0K(230400K)->0K(230400K)
[185.611s][info][gc,heap        ] GC(1335) ParOldGen: 1394771K(1398272K)->1394771K(1398272K)
[185.611s][info][gc,metaspace   ] GC(1335) Metaspace: 125535K(129792K)->125535K(129792K) NonClass: 107437K(108096K)->107437K(108096K) Class: 18098K(21696K)->18098K(21696K)
[185.611s][info][gc             ] GC(1335) Pause Full (Ergonomics) 1594M->1369M(1823M) 91.656ms
[185.611s][info][gc,cpu         ] GC(1335) User=1.09s Sys=0.00s Real=0.09s
[185.638s][info][gc,start       ] GC(1336) Pause Full (Ergonomics)
[185.638s][info][gc,phases,start] GC(1336) Marking Phase
[185.684s][info][gc,phases      ] GC(1336) Marking Phase 46.152ms
[185.684s][info][gc,phases,start] GC(1336) Summary Phase
[185.684s][info][gc,phases      ] GC(1336) Summary Phase 0.042ms
[185.684s][info][gc,phases,start] GC(1336) Adjust Roots
[185.697s][info][gc,phases      ] GC(1336) Adjust Roots 12.874ms
[185.697s][info][gc,phases,start] GC(1336) Compaction Phase
[185.715s][info][gc,phases      ] GC(1336) Compaction Phase 17.543ms
[185.715s][info][gc,phases,start] GC(1336) Post Compact
[185.725s][info][gc,phases      ] GC(1336) Post Compact 10.475ms
[185.726s][info][gc,heap        ] GC(1336) PSYoungGen: 238080K(468480K)->7646K(468480K) Eden: 238080K(238080K)->7646K(238080K) From: 0K(230400K)->0K(230400K)
[185.726s][info][gc,heap        ] GC(1336) ParOldGen: 1394771K(1398272K)->1394771K(1398272K)
[185.726s][info][gc,metaspace   ] GC(1336) Metaspace: 125535K(129792K)->125535K(129792K) NonClass: 107437K(108096K)->107437K(108096K) Class: 18098K(21696K)->18098K(21696K)
[185.726s][info][gc             ] GC(1336) Pause Full (Ergonomics) 1594M->1369M(1823M) 87.546ms
[185.726s][info][gc,cpu         ] GC(1336) User=1.14s Sys=0.00s Real=0.09s
[185.751s][info][gc,start       ] GC(1337) Pause Full (Ergonomics)
[185.751s][info][gc,phases,start] GC(1337) Marking Phase
[185.798s][info][gc,phases      ] GC(1337) Marking Phase 47.404ms
[185.799s][info][gc,phases,start] GC(1337) Summary Phase
[185.799s][info][gc,phases      ] GC(1337) Summary Phase 0.040ms
[185.799s][info][gc,phases,start] GC(1337) Adjust Roots
[185.812s][info][gc,phases      ] GC(1337) Adjust Roots 13.317ms
[185.812s][info][gc,phases,start] GC(1337) Compaction Phase
[185.832s][info][gc,phases      ] GC(1337) Compaction Phase 19.989ms
[185.832s][info][gc,phases,start] GC(1337) Post Compact
[185.842s][info][gc,phases      ] GC(1337) Post Compact 9.820ms
[185.842s][info][gc,heap        ] GC(1337) PSYoungGen: 238080K(468480K)->7661K(468480K) Eden: 238080K(238080K)->7661K(238080K) From: 0K(230400K)->0K(230400K)
[185.842s][info][gc,heap        ] GC(1337) ParOldGen: 1394771K(1398272K)->1394771K(1398272K)
[185.842s][info][gc,metaspace   ] GC(1337) Metaspace: 125535K(129792K)->125535K(129792K) NonClass: 107437K(108096K)->107437K(108096K) Class: 18098K(21696K)->18098K(21696K)
[185.842s][info][gc             ] GC(1337) Pause Full (Ergonomics) 1594M->1369M(1823M) 90.934ms
[185.842s][info][gc,cpu         ] GC(1337) User=1.06s Sys=0.00s Real=0.09s
[185.871s][info][gc,start       ] GC(1338) Pause Full (Ergonomics)
[185.871s][info][gc,phases,start] GC(1338) Marking Phase
[185.924s][info][gc,phases      ] GC(1338) Marking Phase 53.101ms
[185.924s][info][gc,phases,start] GC(1338) Summary Phase
[185.924s][info][gc,phases      ] GC(1338) Summary Phase 0.048ms
[185.924s][info][gc,phases,start] GC(1338) Adjust Roots
[185.936s][info][gc,phases      ] GC(1338) Adjust Roots 11.900ms
[185.936s][info][gc,phases,start] GC(1338) Compaction Phase
[185.954s][info][gc,phases      ] GC(1338) Compaction Phase 18.088ms
[185.954s][info][gc,phases,start] GC(1338) Post Compact
[185.965s][info][gc,phases      ] GC(1338) Post Compact 10.513ms
[185.965s][info][gc,heap        ] GC(1338) PSYoungGen: 238080K(468480K)->7657K(468480K) Eden: 238080K(238080K)->7657K(238080K) From: 0K(230400K)->0K(230400K)
[185.965s][info][gc,heap        ] GC(1338) ParOldGen: 1394771K(1398272K)->1394771K(1398272K)
[185.965s][info][gc,metaspace   ] GC(1338) Metaspace: 125535K(129792K)->125535K(129792K) NonClass: 107437K(108096K)->107437K(108096K) Class: 18098K(21696K)->18098K(21696K)
[185.965s][info][gc             ] GC(1338) Pause Full (Ergonomics) 1594M->1369M(1823M) 94.144ms
[185.965s][info][gc,cpu         ] GC(1338) User=1.59s Sys=0.00s Real=0.10s
[185.993s][info][gc,start       ] GC(1339) Pause Full (Ergonomics)
[185.993s][info][gc,phases,start] GC(1339) Marking Phase
[186.046s][info][gc,phases      ] GC(1339) Marking Phase 53.484ms
[186.047s][info][gc,phases,start] GC(1339) Summary Phase
[186.047s][info][gc,phases      ] GC(1339) Summary Phase 0.045ms
[186.047s][info][gc,phases,start] GC(1339) Adjust Roots
[186.063s][info][gc,phases      ] GC(1339) Adjust Roots 16.007ms
[186.063s][info][gc,phases,start] GC(1339) Compaction Phase
[186.091s][info][gc,phases      ] GC(1339) Compaction Phase 28.314ms
[186.091s][info][gc,phases,start] GC(1339) Post Compact
[186.102s][info][gc,phases      ] GC(1339) Post Compact 10.796ms
[186.102s][info][gc,heap        ] GC(1339) PSYoungGen: 238080K(468480K)->7659K(468480K) Eden: 238080K(238080K)->7659K(238080K) From: 0K(230400K)->0K(230400K)
[186.102s][info][gc,heap        ] GC(1339) ParOldGen: 1394771K(1398272K)->1394771K(1398272K)
[186.102s][info][gc,metaspace   ] GC(1339) Metaspace: 125535K(129792K)->125535K(129792K) NonClass: 107437K(108096K)->107437K(108096K) Class: 18098K(21696K)->18098K(21696K)
[186.102s][info][gc             ] GC(1339) Pause Full (Ergonomics) 1594M->1369M(1823M) 109.112ms
[186.102s][info][gc,cpu         ] GC(1339) User=1.64s Sys=0.00s Real=0.11s
[186.128s][info][gc,start       ] GC(1340) Pause Full (Ergonomics)
[186.128s][info][gc,phases,start] GC(1340) Marking Phase
[186.174s][info][gc,phases      ] GC(1340) Marking Phase 45.997ms
[186.174s][info][gc,phases,start] GC(1340) Summary Phase
[186.174s][info][gc,phases      ] GC(1340) Summary Phase 0.045ms
[186.174s][info][gc,phases,start] GC(1340) Adjust Roots
[186.185s][info][gc,phases      ] GC(1340) Adjust Roots 10.944ms
[186.185s][info][gc,phases,start] GC(1340) Compaction Phase
[186.202s][info][gc,phases      ] GC(1340) Compaction Phase 17.228ms
[186.202s][info][gc,phases,start] GC(1340) Post Compact
[186.213s][info][gc,phases      ] GC(1340) Post Compact 10.618ms
[186.213s][info][gc,heap        ] GC(1340) PSYoungGen: 238080K(468480K)->7659K(468480K) Eden: 238080K(238080K)->7659K(238080K) From: 0K(230400K)->0K(230400K)
[186.213s][info][gc,heap        ] GC(1340) ParOldGen: 1394771K(1398272K)->1394771K(1398272K)
[186.213s][info][gc,metaspace   ] GC(1340) Metaspace: 125535K(129792K)->125535K(129792K) NonClass: 107437K(108096K)->107437K(108096K) Class: 18098K(21696K)->18098K(21696K)
[186.213s][info][gc             ] GC(1340) Pause Full (Ergonomics) 1594M->1369M(1823M) 85.280ms
[186.213s][info][gc,cpu         ] GC(1340) User=1.13s Sys=0.00s Real=0.09s
[186.238s][info][gc,start       ] GC(1341) Pause Full (Ergonomics)
[186.238s][info][gc,phases,start] GC(1341) Marking Phase
[186.288s][info][gc,phases      ] GC(1341) Marking Phase 49.744ms
[186.288s][info][gc,phases,start] GC(1341) Summary Phase
[186.288s][info][gc,phases      ] GC(1341) Summary Phase 0.042ms
[186.288s][info][gc,phases,start] GC(1341) Adjust Roots
[186.308s][info][gc,phases      ] GC(1341) Adjust Roots 19.389ms
[186.308s][info][gc,phases,start] GC(1341) Compaction Phase
[186.349s][info][gc,phases      ] GC(1341) Compaction Phase 41.437ms
[186.349s][info][gc,phases,start] GC(1341) Post Compact
[186.357s][info][gc,phases      ] GC(1341) Post Compact 7.985ms
[186.357s][info][gc,heap        ] GC(1341) PSYoungGen: 238080K(468480K)->7669K(468480K) Eden: 238080K(238080K)->7669K(238080K) From: 0K(230400K)->0K(230400K)
[186.357s][info][gc,heap        ] GC(1341) ParOldGen: 1394771K(1398272K)->1394759K(1398272K)
[186.357s][info][gc,metaspace   ] GC(1341) Metaspace: 125535K(129792K)->125535K(129792K) NonClass: 107437K(108096K)->107437K(108096K) Class: 18098K(21696K)->18098K(21696K)
[186.357s][info][gc             ] GC(1341) Pause Full (Ergonomics) 1594M->1369M(1823M) 118.972ms
[186.357s][info][gc,cpu         ] GC(1341) User=1.92s Sys=0.02s Real=0.13s
[186.373s][info][gc,start       ] GC(1342) Pause Full (Ergonomics)
[186.373s][info][gc,phases,start] GC(1342) Marking Phase
[186.413s][info][gc,phases      ] GC(1342) Marking Phase 39.404ms
[186.413s][info][gc,phases,start] GC(1342) Summary Phase
[186.413s][info][gc,phases      ] GC(1342) Summary Phase 0.053ms
[186.413s][info][gc,phases,start] GC(1342) Adjust Roots
[186.429s][info][gc,phases      ] GC(1342) Adjust Roots 16.415ms
[186.429s][info][gc,phases,start] GC(1342) Compaction Phase
[186.462s][info][gc,phases      ] GC(1342) Compaction Phase 32.174ms
[186.462s][info][gc,phases,start] GC(1342) Post Compact
[186.470s][info][gc,phases      ] GC(1342) Post Compact 8.035ms
[186.470s][info][gc,heap        ] GC(1342) PSYoungGen: 238080K(468480K)->0K(468480K) Eden: 238080K(238080K)->0K(238080K) From: 0K(230400K)->0K(230400K)
[186.470s][info][gc,heap        ] GC(1342) ParOldGen: 1394759K(1398272K)->1353382K(1398272K)
[186.470s][info][gc,metaspace   ] GC(1342) Metaspace: 125535K(129792K)->125535K(129792K) NonClass: 107437K(108096K)->107437K(108096K) Class: 18098K(21696K)->18098K(21696K)
[186.470s][info][gc             ] GC(1342) Pause Full (Ergonomics) 1594M->1321M(1823M) 96.396ms
[186.470s][info][gc,cpu         ] GC(1342) User=1.59s Sys=0.00s Real=0.09s
[186.495s][info][gc,start       ] GC(1343) Pause Full (Ergonomics)
[186.495s][info][gc,phases,start] GC(1343) Marking Phase
[186.540s][info][gc,phases      ] GC(1343) Marking Phase 44.960ms
[186.540s][info][gc,phases,start] GC(1343) Summary Phase
[186.540s][info][gc,phases      ] GC(1343) Summary Phase 0.063ms
[186.540s][info][gc,phases,start] GC(1343) Adjust Roots
[186.554s][info][gc,phases      ] GC(1343) Adjust Roots 13.348ms
[186.554s][info][gc,phases,start] GC(1343) Compaction Phase
[186.577s][info][gc,phases      ] GC(1343) Compaction Phase 23.202ms
[186.577s][info][gc,phases,start] GC(1343) Post Compact
[186.585s][info][gc,phases      ] GC(1343) Post Compact 7.798ms
[186.585s][info][gc,heap        ] GC(1343) PSYoungGen: 238080K(468480K)->0K(468480K) Eden: 238080K(238080K)->0K(238080K) From: 0K(230400K)->0K(230400K)
[186.585s][info][gc,heap        ] GC(1343) ParOldGen: 1353382K(1398272K)->1218877K(1398272K)
[186.585s][info][gc,metaspace   ] GC(1343) Metaspace: 125535K(129792K)->125535K(129792K) NonClass: 107437K(108096K)->107437K(108096K) Class: 18098K(21696K)->18098K(21696K)
[186.585s][info][gc             ] GC(1343) Pause Full (Ergonomics) 1554M->1190M(1823M) 89.665ms
[186.585s][info][gc,cpu         ] GC(1343) User=1.66s Sys=0.00s Real=0.08s
[186.622s][info][gc,start       ] GC(1344) Pause Young (Allocation Failure)
[186.624s][info][gc,heap        ] GC(1344) PSYoungGen: 238080K(468480K)->1533K(463360K) Eden: 238080K(238080K)->0K(232960K) From: 0K(230400K)->1533K(230400K)
[186.624s][info][gc,heap        ] GC(1344) ParOldGen: 1218877K(1398272K)->1218877K(1398272K)
[186.624s][info][gc,metaspace   ] GC(1344) Metaspace: 125535K(129792K)->125535K(129792K) NonClass: 107437K(108096K)->107437K(108096K) Class: 18098K(21696K)->18098K(21696K)
[186.624s][info][gc             ] GC(1344) Pause Young (Allocation Failure) 1422M->1191M(1818M) 2.067ms
[186.625s][info][gc,cpu         ] GC(1344) User=0.00s Sys=0.00s Real=0.00s
[187.072s][info][gc,start       ] GC(1345) Pause Young (System.gc())
[187.075s][info][gc,heap        ] GC(1345) PSYoungGen: 133629K(463360K)->1878K(465920K) Eden: 132095K(232960K)->0K(232960K) From: 1533K(230400K)->1878K(232960K)
[187.075s][info][gc,heap        ] GC(1345) ParOldGen: 1218877K(1398272K)->1218885K(1398272K)
[187.075s][info][gc,metaspace   ] GC(1345) Metaspace: 125544K(129792K)->125544K(129792K) NonClass: 107446K(108096K)->107446K(108096K) Class: 18098K(21696K)->18098K(21696K)
[187.075s][info][gc             ] GC(1345) Pause Young (System.gc()) 1320M->1192M(1820M) 2.690ms
[187.075s][info][gc,cpu         ] GC(1345) User=0.52s Sys=0.00s Real=0.02s
[187.075s][info][gc,start       ] GC(1346) Pause Full (System.gc())
[187.075s][info][gc,phases,start] GC(1346) Marking Phase
[187.132s][info][gc,phases      ] GC(1346) Marking Phase 56.113ms
[187.132s][info][gc,phases,start] GC(1346) Summary Phase
[187.132s][info][gc,phases      ] GC(1346) Summary Phase 0.034ms
[187.132s][info][gc,phases,start] GC(1346) Adjust Roots
[187.151s][info][gc,phases      ] GC(1346) Adjust Roots 19.608ms
[187.151s][info][gc,phases,start] GC(1346) Compaction Phase
[187.232s][info][gc,phases      ] GC(1346) Compaction Phase 80.844ms
[187.232s][info][gc,phases,start] GC(1346) Post Compact
[187.238s][info][gc,phases      ] GC(1346) Post Compact 6.125ms
[187.238s][info][gc,heap        ] GC(1346) PSYoungGen: 1878K(465920K)->0K(465920K) Eden: 0K(232960K)->0K(232960K) From: 1878K(232960K)->0K(232960K)
[187.238s][info][gc,heap        ] GC(1346) ParOldGen: 1218885K(1398272K)->974606K(1398272K)
[187.238s][info][gc,metaspace   ] GC(1346) Metaspace: 125544K(129792K)->125544K(129792K) NonClass: 107446K(108096K)->107446K(108096K) Class: 18098K(21696K)->18098K(21696K)
[187.238s][info][gc             ] GC(1346) Pause Full (System.gc()) 1192M->951M(1820M) 163.055ms
[187.239s][info][gc,cpu         ] GC(1346) User=3.53s Sys=0.02s Real=0.16s
[187.332s][info][gc,start       ] GC(1347) Pause Young (Allocation Failure)
[187.334s][info][gc,heap        ] GC(1347) PSYoungGen: 232960K(465920K)->10790K(465920K) Eden: 232960K(232960K)->0K(232960K) From: 0K(232960K)->10790K(232960K)
[187.334s][info][gc,heap        ] GC(1347) ParOldGen: 974606K(1398272K)->974614K(1398272K)
[187.334s][info][gc,metaspace   ] GC(1347) Metaspace: 125648K(129920K)->125648K(129920K) NonClass: 107550K(108224K)->107550K(108224K) Class: 18098K(21696K)->18098K(21696K)
[187.334s][info][gc             ] GC(1347) Pause Young (Allocation Failure) 1179M->962M(1820M) 2.188ms
[187.334s][info][gc,cpu         ] GC(1347) User=0.00s Sys=0.00s Real=0.00s
[187.350s][info][gc,start       ] GC(1348) Pause Young (Allocation Failure)
[187.352s][info][gc,heap        ] GC(1348) PSYoungGen: 243750K(465920K)->12172K(465920K) Eden: 232960K(232960K)->0K(232960K) From: 10790K(232960K)->12172K(232960K)
[187.352s][info][gc,heap        ] GC(1348) ParOldGen: 974614K(1398272K)->974614K(1398272K)
[187.352s][info][gc,metaspace   ] GC(1348) Metaspace: 125648K(129920K)->125648K(129920K) NonClass: 107550K(108224K)->107550K(108224K) Class: 18098K(21696K)->18098K(21696K)
[187.352s][info][gc             ] GC(1348) Pause Young (Allocation Failure) 1189M->963M(1820M) 2.128ms
[187.352s][info][gc,cpu         ] GC(1348) User=0.06s Sys=0.00s Real=0.02s
[187.368s][info][gc,start       ] GC(1349) Pause Young (Allocation Failure)
[187.370s][info][gc,heap        ] GC(1349) PSYoungGen: 245132K(465920K)->14470K(465920K) Eden: 232960K(232960K)->0K(232960K) From: 12172K(232960K)->14470K(232960K)
[187.370s][info][gc,heap        ] GC(1349) ParOldGen: 974614K(1398272K)->974614K(1398272K)
[187.370s][info][gc,metaspace   ] GC(1349) Metaspace: 125648K(129920K)->125648K(129920K) NonClass: 107550K(108224K)->107550K(108224K) Class: 18098K(21696K)->18098K(21696K)
[187.371s][info][gc             ] GC(1349) Pause Young (Allocation Failure) 1191M->965M(1820M) 2.133ms
[187.371s][info][gc,cpu         ] GC(1349) User=0.00s Sys=0.00s Real=0.00s
[187.386s][info][gc,start       ] GC(1350) Pause Young (Allocation Failure)
[187.389s][info][gc,heap        ] GC(1350) PSYoungGen: 247430K(465920K)->8098K(465920K) Eden: 232960K(232960K)->0K(232960K) From: 14470K(232960K)->8098K(232960K)
[187.389s][info][gc,heap        ] GC(1350) ParOldGen: 974614K(1398272K)->983345K(1398272K)
[187.389s][info][gc,metaspace   ] GC(1350) Metaspace: 125648K(129920K)->125648K(129920K) NonClass: 107550K(108224K)->107550K(108224K) Class: 18098K(21696K)->18098K(21696K)
[187.389s][info][gc             ] GC(1350) Pause Young (Allocation Failure) 1193M->968M(1820M) 2.469ms
[187.389s][info][gc,cpu         ] GC(1350) User=0.53s Sys=0.00s Real=0.02s
[187.404s][info][gc,start       ] GC(1351) Pause Young (Allocation Failure)
[187.406s][info][gc,heap        ] GC(1351) PSYoungGen: 241058K(465920K)->5626K(464896K) Eden: 232960K(232960K)->0K(232960K) From: 8098K(232960K)->5626K(231936K)
[187.406s][info][gc,heap        ] GC(1351) ParOldGen: 983345K(1398272K)->987938K(1398272K)
[187.406s][info][gc,metaspace   ] GC(1351) Metaspace: 125648K(129920K)->125648K(129920K) NonClass: 107550K(108224K)->107550K(108224K) Class: 18098K(21696K)->18098K(21696K)
[187.406s][info][gc             ] GC(1351) Pause Young (Allocation Failure) 1195M->970M(1819M) 1.906ms
[187.406s][info][gc,cpu         ] GC(1351) User=0.00s Sys=0.00s Real=0.00s
[187.422s][info][gc,start       ] GC(1352) Pause Young (Allocation Failure)
[187.425s][info][gc,heap        ] GC(1352) PSYoungGen: 238586K(464896K)->9142K(242176K) Eden: 232960K(232960K)->0K(232960K) From: 5626K(231936K)->9142K(9216K)
[187.425s][info][gc,heap        ] GC(1352) ParOldGen: 987938K(1398272K)->987938K(1398272K)
[187.425s][info][gc,metaspace   ] GC(1352) Metaspace: 125648K(129920K)->125648K(129920K) NonClass: 107550K(108224K)->107550K(108224K) Class: 18098K(21696K)->18098K(21696K)
[187.425s][info][gc             ] GC(1352) Pause Young (Allocation Failure) 1197M->973M(1602M) 3.713ms
[187.425s][info][gc,cpu         ] GC(1352) User=0.00s Sys=0.00s Real=0.00s
[187.441s][info][gc,start       ] GC(1353) Pause Young (Allocation Failure)
[187.445s][info][gc,heap        ] GC(1353) PSYoungGen: 242102K(242176K)->16336K(451584K) Eden: 232960K(232960K)->0K(240128K) From: 9142K(9216K)->16336K(211456K)
[187.445s][info][gc,heap        ] GC(1353) ParOldGen: 987938K(1398272K)->987938K(1398272K)
[187.445s][info][gc,metaspace   ] GC(1353) Metaspace: 125648K(129920K)->125648K(129920K) NonClass: 107550K(108224K)->107550K(108224K) Class: 18098K(21696K)->18098K(21696K)
[187.445s][info][gc             ] GC(1353) Pause Young (Allocation Failure) 1201M->980M(1806M) 3.715ms
[187.445s][info][gc,cpu         ] GC(1353) User=0.00s Sys=0.00s Real=0.00s
[187.461s][info][gc,start       ] GC(1354) Pause Young (Allocation Failure)
[187.465s][info][gc,heap        ] GC(1354) PSYoungGen: 256464K(451584K)->19103K(259584K) Eden: 240128K(240128K)->0K(240128K) From: 16336K(211456K)->19103K(19456K)
[187.465s][info][gc,heap        ] GC(1354) ParOldGen: 987938K(1398272K)->987938K(1398272K)
[187.465s][info][gc,metaspace   ] GC(1354) Metaspace: 125648K(129920K)->125648K(129920K) NonClass: 107550K(108224K)->107550K(108224K) Class: 18098K(21696K)->18098K(21696K)
[187.465s][info][gc             ] GC(1354) Pause Young (Allocation Failure) 1215M->983M(1619M) 3.952ms
[187.465s][info][gc,cpu         ] GC(1354) User=0.00s Sys=0.00s Real=0.00s
[187.481s][info][gc,start       ] GC(1355) Pause Young (Allocation Failure)
[187.485s][info][gc,heap        ] GC(1355) PSYoungGen: 259231K(259584K)->19884K(432640K) Eden: 240128K(240128K)->0K(247296K) From: 19103K(19456K)->19884K(185344K)
[187.485s][info][gc,heap        ] GC(1355) ParOldGen: 987938K(1398272K)->987938K(1398272K)
[187.485s][info][gc,metaspace   ] GC(1355) Metaspace: 125648K(129920K)->125648K(129920K) NonClass: 107550K(108224K)->107550K(108224K) Class: 18098K(21696K)->18098K(21696K)
[187.485s][info][gc             ] GC(1355) Pause Young (Allocation Failure) 1217M->984M(1788M) 4.348ms
[187.485s][info][gc,cpu         ] GC(1355) User=0.53s Sys=0.00s Real=0.02s
[187.501s][info][gc,start       ] GC(1356) Pause Young (Allocation Failure)
[187.506s][info][gc,heap        ] GC(1356) PSYoungGen: 267180K(432640K)->26134K(273920K) Eden: 247296K(247296K)->0K(247296K) From: 19884K(185344K)->26134K(26624K)
[187.506s][info][gc,heap        ] GC(1356) ParOldGen: 987938K(1398272K)->987938K(1398272K)
[187.506s][info][gc,metaspace   ] GC(1356) Metaspace: 125648K(129920K)->125648K(129920K) NonClass: 107550K(108224K)->107550K(108224K) Class: 18098K(21696K)->18098K(21696K)
[187.506s][info][gc             ] GC(1356) Pause Young (Allocation Failure) 1225M->990M(1633M) 4.936ms
[187.506s][info][gc,cpu         ] GC(1356) User=0.00s Sys=0.00s Real=0.00s
[187.523s][info][gc,start       ] GC(1357) Pause Young (Allocation Failure)
[187.529s][info][gc,heap        ] GC(1357) PSYoungGen: 273430K(273920K)->25385K(418304K) Eden: 247296K(247296K)->0K(254976K) From: 26134K(26624K)->25385K(163328K)
[187.529s][info][gc,heap        ] GC(1357) ParOldGen: 987938K(1398272K)->987938K(1398272K)
[187.529s][info][gc,metaspace   ] GC(1357) Metaspace: 125648K(129920K)->125648K(129920K) NonClass: 107550K(108224K)->107550K(108224K) Class: 18098K(21696K)->18098K(21696K)
[187.529s][info][gc             ] GC(1357) Pause Young (Allocation Failure) 1231M->989M(1774M) 5.496ms
[187.529s][info][gc,cpu         ] GC(1357) User=0.00s Sys=0.02s Real=0.01s
[187.546s][info][gc,start       ] GC(1358) Pause Young (Allocation Failure)
[187.552s][info][gc,heap        ] GC(1358) PSYoungGen: 280361K(418304K)->30821K(286208K) Eden: 254976K(254976K)->0K(254976K) From: 25385K(163328K)->30821K(31232K)
[187.552s][info][gc,heap        ] GC(1358) ParOldGen: 987938K(1398272K)->987938K(1398272K)
[187.552s][info][gc,metaspace   ] GC(1358) Metaspace: 125648K(129920K)->125648K(129920K) NonClass: 107550K(108224K)->107550K(108224K) Class: 18098K(21696K)->18098K(21696K)
[187.552s][info][gc             ] GC(1358) Pause Young (Allocation Failure) 1238M->994M(1645M) 5.568ms
[187.552s][info][gc,cpu         ] GC(1358) User=0.00s Sys=0.00s Real=0.00s
[187.569s][info][gc,start       ] GC(1359) Pause Young (Allocation Failure)
[187.576s][info][gc,heap        ] GC(1359) PSYoungGen: 285797K(286208K)->37103K(404992K) Eden: 254976K(254976K)->0K(263680K) From: 30821K(31232K)->37103K(141312K)
[187.576s][info][gc,heap        ] GC(1359) ParOldGen: 987938K(1398272K)->987938K(1398272K)
[187.576s][info][gc,metaspace   ] GC(1359) Metaspace: 125648K(129920K)->125648K(129920K) NonClass: 107550K(108224K)->107550K(108224K) Class: 18098K(21696K)->18098K(21696K)
[187.576s][info][gc             ] GC(1359) Pause Young (Allocation Failure) 1243M->1001M(1761M) 6.731ms
[187.576s][info][gc,cpu         ] GC(1359) User=0.00s Sys=0.02s Real=0.01s
[187.594s][info][gc,start       ] GC(1360) Pause Young (Allocation Failure)
[187.599s][info][gc,heap        ] GC(1360) PSYoungGen: 300783K(404992K)->38634K(302592K) Eden: 263680K(263680K)->0K(263680K) From: 37103K(141312K)->38634K(38912K)
[187.599s][info][gc,heap        ] GC(1360) ParOldGen: 987938K(1398272K)->987938K(1398272K)
[187.599s][info][gc,metaspace   ] GC(1360) Metaspace: 125648K(129920K)->125648K(129920K) NonClass: 107550K(108224K)->107550K(108224K) Class: 18098K(21696K)->18098K(21696K)
[187.599s][info][gc             ] GC(1360) Pause Young (Allocation Failure) 1258M->1002M(1661M) 5.520ms
[187.599s][info][gc,cpu         ] GC(1360) User=0.00s Sys=0.00s Real=0.00s
[187.617s][info][gc,start       ] GC(1361) Pause Young (Allocation Failure)
[187.624s][info][gc,heap        ] GC(1361) PSYoungGen: 302314K(302592K)->41759K(396288K) Eden: 263680K(263680K)->0K(273408K) From: 38634K(38912K)->41759K(122880K)
[187.624s][info][gc,heap        ] GC(1361) ParOldGen: 987938K(1398272K)->987938K(1398272K)
[187.624s][info][gc,metaspace   ] GC(1361) Metaspace: 125648K(129920K)->125648K(129920K) NonClass: 107550K(108224K)->107550K(108224K) Class: 18098K(21696K)->18098K(21696K)
[187.624s][info][gc             ] GC(1361) Pause Young (Allocation Failure) 1260M->1005M(1752M) 6.841ms
[187.624s][info][gc,cpu         ] GC(1361) User=0.02s Sys=0.02s Real=0.02s
[187.643s][info][gc,start       ] GC(1362) Pause Young (Allocation Failure)
[187.649s][info][gc,heap        ] GC(1362) PSYoungGen: 315167K(396288K)->51134K(405504K) Eden: 273408K(273408K)->0K(273408K) From: 41759K(122880K)->51134K(132096K)
[187.649s][info][gc,heap        ] GC(1362) ParOldGen: 987938K(1398272K)->987938K(1398272K)
[187.649s][info][gc,metaspace   ] GC(1362) Metaspace: 125648K(129920K)->125648K(129920K) NonClass: 107550K(108224K)->107550K(108224K) Class: 18098K(21696K)->18098K(21696K)
[187.649s][info][gc             ] GC(1362) Pause Young (Allocation Failure) 1272M->1014M(1761M) 5.907ms
[187.649s][info][gc,cpu         ] GC(1362) User=0.00s Sys=0.00s Real=0.00s
[187.667s][info][gc,start       ] GC(1363) Pause Young (Allocation Failure)
[187.674s][info][gc,heap        ] GC(1363) PSYoungGen: 324542K(405504K)->48009K(397824K) Eden: 273408K(273408K)->0K(284160K) From: 51134K(132096K)->48009K(113664K)
[187.674s][info][gc,heap        ] GC(1363) ParOldGen: 987938K(1398272K)->987938K(1398272K)
[187.674s][info][gc,metaspace   ] GC(1363) Metaspace: 125648K(129920K)->125648K(129920K) NonClass: 107550K(108224K)->107550K(108224K) Class: 18098K(21696K)->18098K(21696K)
[187.674s][info][gc             ] GC(1363) Pause Young (Allocation Failure) 1281M->1011M(1754M) 7.002ms
[187.674s][info][gc,cpu         ] GC(1363) User=0.25s Sys=0.00s Real=0.02s
[187.693s][info][gc,start       ] GC(1364) Pause Young (Allocation Failure)
[187.698s][info][gc,heap        ] GC(1364) PSYoungGen: 332169K(397824K)->48009K(403968K) Eden: 284160K(284160K)->0K(284160K) From: 48009K(113664K)->48009K(119808K)
[187.698s][info][gc,heap        ] GC(1364) ParOldGen: 987938K(1398272K)->987938K(1398272K)
[187.698s][info][gc,metaspace   ] GC(1364) Metaspace: 125648K(129920K)->125648K(129920K) NonClass: 107550K(108224K)->107550K(108224K) Class: 18098K(21696K)->18098K(21696K)
[187.698s][info][gc             ] GC(1364) Pause Young (Allocation Failure) 1289M->1011M(1760M) 4.790ms
[187.698s][info][gc,cpu         ] GC(1364) User=0.00s Sys=0.00s Real=0.00s
[187.716s][info][gc,start       ] GC(1365) Pause Young (Allocation Failure)
[187.723s][info][gc,heap        ] GC(1365) PSYoungGen: 332169K(403968K)->51102K(402432K) Eden: 284160K(284160K)->0K(295936K) From: 48009K(119808K)->51102K(106496K)
[187.723s][info][gc,heap        ] GC(1365) ParOldGen: 987938K(1398272K)->987938K(1398272K)
[187.723s][info][gc,metaspace   ] GC(1365) Metaspace: 125648K(129920K)->125648K(129920K) NonClass: 107550K(108224K)->107550K(108224K) Class: 18098K(21696K)->18098K(21696K)
[187.723s][info][gc             ] GC(1365) Pause Young (Allocation Failure) 1289M->1014M(1758M) 6.708ms
[187.723s][info][gc,cpu         ] GC(1365) User=0.00s Sys=0.00s Real=0.01s
[187.743s][info][gc,start       ] GC(1366) Pause Young (Allocation Failure)
[187.748s][info][gc,heap        ] GC(1366) PSYoungGen: 347038K(402432K)->47931K(406016K) Eden: 295936K(295936K)->0K(295936K) From: 51102K(106496K)->47931K(110080K)
[187.748s][info][gc,heap        ] GC(1366) ParOldGen: 987938K(1398272K)->988133K(1398272K)
[187.748s][info][gc,metaspace   ] GC(1366) Metaspace: 125648K(129920K)->125648K(129920K) NonClass: 107550K(108224K)->107550K(108224K) Class: 18098K(21696K)->18098K(21696K)
[187.748s][info][gc             ] GC(1366) Pause Young (Allocation Failure) 1303M->1011M(1762M) 5.130ms
[187.748s][info][gc,cpu         ] GC(1366) User=0.52s Sys=0.00s Real=0.00s
[187.767s][info][gc,start       ] GC(1367) Pause Young (Allocation Failure)
[187.773s][info][gc,heap        ] GC(1367) PSYoungGen: 343867K(406016K)->47931K(402944K) Eden: 295936K(295936K)->0K(308224K) From: 47931K(110080K)->47931K(94720K)
[187.773s][info][gc,heap        ] GC(1367) ParOldGen: 988133K(1398272K)->988157K(1398272K)
[187.773s][info][gc,metaspace   ] GC(1367) Metaspace: 125648K(129920K)->125648K(129920K) NonClass: 107550K(108224K)->107550K(108224K) Class: 18098K(21696K)->18098K(21696K)
[187.773s][info][gc             ] GC(1367) Pause Young (Allocation Failure) 1300M->1011M(1759M) 6.196ms
[187.773s][info][gc,cpu         ] GC(1367) User=0.00s Sys=0.00s Real=0.00s
[187.794s][info][gc,start       ] GC(1368) Pause Young (Allocation Failure)
[187.800s][info][gc,heap        ] GC(1368) PSYoungGen: 356155K(402944K)->54181K(408064K) Eden: 308224K(308224K)->0K(308224K) From: 47931K(94720K)->54181K(99840K)
[187.800s][info][gc,heap        ] GC(1368) ParOldGen: 988157K(1398272K)->988165K(1398272K)
[187.800s][info][gc,metaspace   ] GC(1368) Metaspace: 125648K(129920K)->125648K(129920K) NonClass: 107550K(108224K)->107550K(108224K) Class: 18098K(21696K)->18098K(21696K)
[187.800s][info][gc             ] GC(1368) Pause Young (Allocation Failure) 1312M->1017M(1764M) 6.164ms
[187.800s][info][gc,cpu         ] GC(1368) User=0.00s Sys=0.00s Real=0.00s
[187.820s][info][gc,start       ] GC(1369) Pause Young (Allocation Failure)
[187.829s][info][gc,heap        ] GC(1369) PSYoungGen: 360700K(408064K)->76056K(412672K) Eden: 306518K(308224K)->0K(314880K) From: 54181K(99840K)->76056K(97792K)
[187.829s][info][gc,heap        ] GC(1369) ParOldGen: 988165K(1398272K)->988165K(1398272K)
[187.829s][info][gc,metaspace   ] GC(1369) Metaspace: 125648K(129920K)->125648K(129920K) NonClass: 107550K(108224K)->107550K(108224K) Class: 18098K(21696K)->18098K(21696K)
[187.829s][info][gc             ] GC(1369) Pause Young (Allocation Failure) 1317M->1039M(1768M) 8.610ms
[187.829s][info][gc,cpu         ] GC(1369) User=0.31s Sys=0.00s Real=0.02s
[187.850s][info][gc,start       ] GC(1370) Pause Young (Allocation Failure)
[187.860s][info][gc,heap        ] GC(1370) PSYoungGen: 390936K(412672K)->91681K(418816K) Eden: 314880K(314880K)->0K(314880K) From: 76056K(97792K)->91681K(103936K)
[187.860s][info][gc,heap        ] GC(1370) ParOldGen: 988165K(1398272K)->988165K(1398272K)
[187.860s][info][gc,metaspace   ] GC(1370) Metaspace: 125648K(129920K)->125648K(129920K) NonClass: 107550K(108224K)->107550K(108224K) Class: 18098K(21696K)->18098K(21696K)
[187.860s][info][gc             ] GC(1370) Pause Young (Allocation Failure) 1346M->1054M(1774M) 9.729ms
[187.860s][info][gc,cpu         ] GC(1370) User=0.27s Sys=0.00s Real=0.02s
[187.887s][info][gc,start       ] GC(1371) Pause Young (Allocation Failure)
[187.901s][info][gc,heap        ] GC(1371) PSYoungGen: 406561K(418816K)->91681K(436736K) Eden: 314880K(314880K)->0K(322560K) From: 91681K(103936K)->91681K(114176K)
[187.901s][info][gc,heap        ] GC(1371) ParOldGen: 988165K(1398272K)->988165K(1398272K)
[187.901s][info][gc,metaspace   ] GC(1371) Metaspace: 125648K(129920K)->125648K(129920K) NonClass: 107550K(108224K)->107550K(108224K) Class: 18098K(21696K)->18098K(21696K)
[187.901s][info][gc             ] GC(1371) Pause Young (Allocation Failure) 1362M->1054M(1792M) 13.976ms
[187.901s][info][gc,cpu         ] GC(1371) User=0.00s Sys=0.00s Real=0.00s
[187.923s][info][gc,start       ] GC(1372) Pause Young (Allocation Failure)
[187.934s][info][gc,heap        ] GC(1372) PSYoungGen: 414241K(436736K)->104181K(444928K) Eden: 322560K(322560K)->0K(322560K) From: 91681K(114176K)->104181K(122368K)
[187.934s][info][gc,heap        ] GC(1372) ParOldGen: 988165K(1398272K)->988165K(1398272K)
[187.934s][info][gc,metaspace   ] GC(1372) Metaspace: 125648K(129920K)->125648K(129920K) NonClass: 107550K(108224K)->107550K(108224K) Class: 18098K(21696K)->18098K(21696K)
[187.934s][info][gc             ] GC(1372) Pause Young (Allocation Failure) 1369M->1066M(1800M) 11.067ms
[187.934s][info][gc,cpu         ] GC(1372) User=0.00s Sys=0.02s Real=0.02s
[187.956s][info][gc,start       ] GC(1373) Pause Young (Allocation Failure)
[187.970s][info][gc,heap        ] GC(1373) PSYoungGen: 426741K(444928K)->98916K(467456K) Eden: 322560K(322560K)->0K(334336K) From: 104181K(122368K)->98916K(133120K)
[187.970s][info][gc,heap        ] GC(1373) ParOldGen: 988165K(1398272K)->988165K(1398272K)
[187.970s][info][gc,metaspace   ] GC(1373) Metaspace: 125648K(129920K)->125648K(129920K) NonClass: 107550K(108224K)->107550K(108224K) Class: 18098K(21696K)->18098K(21696K)
[187.970s][info][gc             ] GC(1373) Pause Young (Allocation Failure) 1381M->1061M(1822M) 14.395ms
[187.970s][info][gc,cpu         ] GC(1373) User=0.05s Sys=0.06s Real=0.02s
[187.993s][info][gc,start       ] GC(1374) Pause Young (Allocation Failure)
[188.004s][info][gc,heap        ] GC(1374) PSYoungGen: 433252K(467456K)->105161K(474112K) Eden: 334336K(334336K)->0K(334336K) From: 98916K(133120K)->105161K(139776K)
[188.004s][info][gc,heap        ] GC(1374) ParOldGen: 988165K(1398272K)->988165K(1398272K)
[188.004s][info][gc,metaspace   ] GC(1374) Metaspace: 125650K(129984K)->125650K(129984K) NonClass: 107551K(108288K)->107551K(108288K) Class: 18098K(21696K)->18098K(21696K)
[188.004s][info][gc             ] GC(1374) Pause Young (Allocation Failure) 1388M->1067M(1828M) 10.778ms
[188.004s][info][gc,cpu         ] GC(1374) User=0.30s Sys=0.00s Real=0.02s
[188.027s][info][gc,start       ] GC(1375) Pause Young (Allocation Failure)
[188.045s][info][gc,heap        ] GC(1375) PSYoungGen: 439497K(474112K)->117731K(492032K) Eden: 334336K(334336K)->0K(345088K) From: 105161K(139776K)->117731K(146944K)
[188.046s][info][gc,heap        ] GC(1375) ParOldGen: 988165K(1398272K)->988165K(1398272K)
[188.046s][info][gc,metaspace   ] GC(1375) Metaspace: 125658K(129984K)->125658K(129984K) NonClass: 107559K(108288K)->107559K(108288K) Class: 18098K(21696K)->18098K(21696K)
[188.046s][info][gc             ] GC(1375) Pause Young (Allocation Failure) 1394M->1079M(1846M) 18.375ms
[188.046s][info][gc,cpu         ] GC(1375) User=0.19s Sys=0.11s Real=0.02s
[188.071s][info][gc,start       ] GC(1376) Pause Young (Allocation Failure)
[188.084s][info][gc,heap        ] GC(1376) PSYoungGen: 462819K(492032K)->131112K(502272K) Eden: 345088K(345088K)->0K(345088K) From: 117731K(146944K)->131112K(157184K)
[188.084s][info][gc,heap        ] GC(1376) ParOldGen: 988165K(1398272K)->988165K(1398272K)
[188.084s][info][gc,metaspace   ] GC(1376) Metaspace: 125658K(129984K)->125658K(129984K) NonClass: 107559K(108288K)->107559K(108288K) Class: 18098K(21696K)->18098K(21696K)
[188.084s][info][gc             ] GC(1376) Pause Young (Allocation Failure) 1416M->1093M(1856M) 13.213ms
[188.084s][info][gc,cpu         ] GC(1376) User=0.31s Sys=0.00s Real=0.01s
[188.108s][info][gc,start       ] GC(1377) Pause Young (Allocation Failure)
[188.125s][info][gc,heap        ] GC(1377) PSYoungGen: 476200K(502272K)->126815K(512512K) Eden: 345088K(345088K)->0K(342528K) From: 131112K(157184K)->126815K(169984K)
[188.125s][info][gc,heap        ] GC(1377) ParOldGen: 988165K(1398272K)->988165K(1398272K)
[188.125s][info][gc,metaspace   ] GC(1377) Metaspace: 125658K(129984K)->125658K(129984K) NonClass: 107559K(108288K)->107559K(108288K) Class: 18098K(21696K)->18098K(21696K)
[188.125s][info][gc             ] GC(1377) Pause Young (Allocation Failure) 1430M->1088M(1866M) 16.924ms
[188.125s][info][gc,cpu         ] GC(1377) User=0.31s Sys=0.14s Real=0.02s
[188.149s][info][gc,start       ] GC(1378) Pause Young (Allocation Failure)
[188.163s][info][gc,heap        ] GC(1378) PSYoungGen: 469343K(512512K)->136717K(479744K) Eden: 342528K(342528K)->0K(342528K) From: 126815K(169984K)->136717K(137216K)
[188.163s][info][gc,heap        ] GC(1378) ParOldGen: 988165K(1398272K)->988165K(1398272K)
[188.163s][info][gc,metaspace   ] GC(1378) Metaspace: 125658K(129984K)->125658K(129984K) NonClass: 107559K(108288K)->107559K(108288K) Class: 18098K(21696K)->18098K(21696K)
[188.163s][info][gc             ] GC(1378) Pause Young (Allocation Failure) 1423M->1098M(1834M) 13.732ms
[188.163s][info][gc,cpu         ] GC(1378) User=0.50s Sys=0.00s Real=0.02s
[188.185s][info][gc,start       ] GC(1379) Pause Young (Allocation Failure)
[188.198s][info][gc,heap        ] GC(1379) PSYoungGen: 479245K(479744K)->136370K(496128K) Eden: 342528K(342528K)->0K(307712K) From: 136717K(137216K)->136370K(188416K)
[188.198s][info][gc,heap        ] GC(1379) ParOldGen: 988165K(1398272K)->988165K(1398272K)
[188.198s][info][gc,metaspace   ] GC(1379) Metaspace: 125658K(129984K)->125658K(129984K) NonClass: 107559K(108288K)->107559K(108288K) Class: 18098K(21696K)->18098K(21696K)
[188.198s][info][gc             ] GC(1379) Pause Young (Allocation Failure) 1433M->1098M(1850M) 12.859ms
[188.198s][info][gc,cpu         ] GC(1379) User=0.47s Sys=0.00s Real=0.02s
[188.219s][info][gc,start       ] GC(1380) Pause Young (Allocation Failure)
[188.232s][info][gc,heap        ] GC(1380) PSYoungGen: 444082K(496128K)->138715K(446464K) Eden: 307712K(307712K)->0K(307712K) From: 136370K(188416K)->138715K(138752K)
[188.232s][info][gc,heap        ] GC(1380) ParOldGen: 988165K(1398272K)->988165K(1398272K)
[188.232s][info][gc,metaspace   ] GC(1380) Metaspace: 125658K(129984K)->125658K(129984K) NonClass: 107559K(108288K)->107559K(108288K) Class: 18098K(21696K)->18098K(21696K)
[188.232s][info][gc             ] GC(1380) Pause Young (Allocation Failure) 1398M->1100M(1801M) 13.401ms
[188.232s][info][gc,cpu         ] GC(1380) User=0.48s Sys=0.00s Real=0.01s
[188.252s][info][gc,start       ] GC(1381) Pause Young (Allocation Failure)
[188.266s][info][gc,heap        ] GC(1381) PSYoungGen: 446427K(446464K)->143069K(484864K) Eden: 307712K(307712K)->0K(283136K) From: 138715K(138752K)->143069K(201728K)
[188.266s][info][gc,heap        ] GC(1381) ParOldGen: 988165K(1398272K)->988173K(1398272K)
[188.266s][info][gc,metaspace   ] GC(1381) Metaspace: 125658K(129984K)->125658K(129984K) NonClass: 107559K(108288K)->107559K(108288K) Class: 18098K(21696K)->18098K(21696K)
[188.266s][info][gc             ] GC(1381) Pause Young (Allocation Failure) 1400M->1104M(1839M) 13.470ms
[188.266s][info][gc,cpu         ] GC(1381) User=0.52s Sys=0.00s Real=0.02s
[188.284s][info][gc,start       ] GC(1382) Pause Young (Allocation Failure)
[188.298s][info][gc,heap        ] GC(1382) PSYoungGen: 426205K(484864K)->148524K(432128K) Eden: 283136K(283136K)->0K(283136K) From: 143069K(201728K)->148524K(148992K)
[188.298s][info][gc,heap        ] GC(1382) ParOldGen: 988173K(1398272K)->988173K(1398272K)
[188.298s][info][gc,metaspace   ] GC(1382) Metaspace: 125658K(129984K)->125658K(129984K) NonClass: 107559K(108288K)->107559K(108288K) Class: 18098K(21696K)->18098K(21696K)
[188.298s][info][gc             ] GC(1382) Pause Young (Allocation Failure) 1381M->1110M(1787M) 14.289ms
[188.299s][info][gc,cpu         ] GC(1382) User=0.52s Sys=0.00s Real=0.02s
[188.317s][info][gc,start       ] GC(1383) Pause Young (Allocation Failure)
[188.331s][info][gc,heap        ] GC(1383) PSYoungGen: 431660K(432128K)->148479K(475648K) Eden: 283136K(283136K)->0K(261632K) From: 148524K(148992K)->148479K(214016K)
[188.331s][info][gc,heap        ] GC(1383) ParOldGen: 988173K(1398272K)->988173K(1398272K)
[188.331s][info][gc,metaspace   ] GC(1383) Metaspace: 125658K(129984K)->125658K(129984K) NonClass: 107559K(108288K)->107559K(108288K) Class: 18098K(21696K)->18098K(21696K)
[188.331s][info][gc             ] GC(1383) Pause Young (Allocation Failure) 1386M->1110M(1830M) 14.294ms
[188.331s][info][gc,cpu         ] GC(1383) User=1.03s Sys=0.00s Real=0.03s
[188.348s][info][gc,start       ] GC(1384) Pause Young (Allocation Failure)
[188.362s][info][gc,heap        ] GC(1384) PSYoungGen: 410111K(475648K)->154665K(416768K) Eden: 261632K(261632K)->0K(261632K) From: 148479K(214016K)->154665K(155136K)
[188.362s][info][gc,heap        ] GC(1384) ParOldGen: 988173K(1398272K)->988173K(1398272K)
[188.362s][info][gc,metaspace   ] GC(1384) Metaspace: 125658K(129984K)->125658K(129984K) NonClass: 107559K(108288K)->107559K(108288K) Class: 18098K(21696K)->18098K(21696K)
[188.362s][info][gc             ] GC(1384) Pause Young (Allocation Failure) 1365M->1116M(1772M) 14.424ms
[188.363s][info][gc,cpu         ] GC(1384) User=0.00s Sys=0.00s Real=0.00s
[188.380s][info][gc,start       ] GC(1385) Pause Young (Allocation Failure)
[188.395s][info][gc,heap        ] GC(1385) PSYoungGen: 416297K(416768K)->162523K(461824K) Eden: 261632K(261632K)->0K(238080K) From: 154665K(155136K)->162523K(223744K)
[188.395s][info][gc,heap        ] GC(1385) ParOldGen: 988173K(1398272K)->988173K(1398272K)
[188.395s][info][gc,metaspace   ] GC(1385) Metaspace: 125658K(129984K)->125658K(129984K) NonClass: 107559K(108288K)->107559K(108288K) Class: 18098K(21696K)->18098K(21696K)
[188.395s][info][gc             ] GC(1385) Pause Young (Allocation Failure) 1371M->1123M(1816M) 15.527ms
[188.395s][info][gc,cpu         ] GC(1385) User=0.02s Sys=0.00s Real=0.02s
[188.411s][info][gc,start       ] GC(1386) Pause Young (Allocation Failure)
[188.426s][info][gc,heap        ] GC(1386) PSYoungGen: 400603K(461824K)->157847K(396288K) Eden: 238080K(238080K)->0K(238080K) From: 162523K(223744K)->157847K(158208K)
[188.426s][info][gc,heap        ] GC(1386) ParOldGen: 988173K(1398272K)->988173K(1398272K)
[188.426s][info][gc,metaspace   ] GC(1386) Metaspace: 125658K(129984K)->125658K(129984K) NonClass: 107559K(108288K)->107559K(108288K) Class: 18098K(21696K)->18098K(21696K)
[188.426s][info][gc             ] GC(1386) Pause Young (Allocation Failure) 1356M->1119M(1752M) 15.150ms
[188.426s][info][gc,cpu         ] GC(1386) User=0.00s Sys=0.00s Real=0.00s
[188.441s][info][gc,start       ] GC(1387) Pause Young (Allocation Failure)
[188.458s][info][gc,heap        ] GC(1387) PSYoungGen: 395927K(396288K)->170495K(465920K) Eden: 238080K(238080K)->0K(232960K) From: 157847K(158208K)->170495K(232960K)
[188.458s][info][gc,heap        ] GC(1387) ParOldGen: 988173K(1398272K)->988173K(1398272K)
[188.458s][info][gc,metaspace   ] GC(1387) Metaspace: 125658K(129984K)->125658K(129984K) NonClass: 107559K(108288K)->107559K(108288K) Class: 18098K(21696K)->18098K(21696K)
[188.458s][info][gc             ] GC(1387) Pause Young (Allocation Failure) 1351M->1131M(1820M) 16.900ms
[188.458s][info][gc,cpu         ] GC(1387) User=0.64s Sys=0.00s Real=0.03s
[188.474s][info][gc,start       ] GC(1388) Pause Young (Allocation Failure)
[188.491s][info][gc,heap        ] GC(1388) PSYoungGen: 403455K(465920K)->152353K(465920K) Eden: 232960K(232960K)->0K(232960K) From: 170495K(232960K)->152353K(232960K)
[188.491s][info][gc,heap        ] GC(1388) ParOldGen: 988173K(1398272K)->1004829K(1398272K)
[188.491s][info][gc,metaspace   ] GC(1388) Metaspace: 125658K(129984K)->125658K(129984K) NonClass: 107559K(108288K)->107559K(108288K) Class: 18098K(21696K)->18098K(21696K)
[188.491s][info][gc             ] GC(1388) Pause Young (Allocation Failure) 1359M->1130M(1820M) 16.842ms
[188.491s][info][gc,cpu         ] GC(1388) User=0.19s Sys=0.02s Real=0.02s
[188.506s][info][gc,start       ] GC(1389) Pause Young (Allocation Failure)
[188.521s][info][gc,heap        ] GC(1389) PSYoungGen: 385313K(465920K)->93699K(465920K) Eden: 232960K(232960K)->0K(232960K) From: 152353K(232960K)->93699K(232960K)
[188.521s][info][gc,heap        ] GC(1389) ParOldGen: 1004829K(1398272K)->1066936K(1398272K)
[188.521s][info][gc,metaspace   ] GC(1389) Metaspace: 125658K(129984K)->125658K(129984K) NonClass: 107559K(108288K)->107559K(108288K) Class: 18098K(21696K)->18098K(21696K)
[188.521s][info][gc             ] GC(1389) Pause Young (Allocation Failure) 1357M->1133M(1820M) 15.569ms
[188.521s][info][gc,cpu         ] GC(1389) User=0.14s Sys=0.00s Real=0.02s
[188.537s][info][gc,start       ] GC(1390) Pause Young (Allocation Failure)
[188.545s][info][gc,heap        ] GC(1390) PSYoungGen: 326659K(465920K)->95281K(328704K) Eden: 232960K(232960K)->0K(232960K) From: 93699K(232960K)->95281K(95744K)
[188.545s][info][gc,heap        ] GC(1390) ParOldGen: 1066936K(1398272K)->1066936K(1398272K)
[188.545s][info][gc,metaspace   ] GC(1390) Metaspace: 125658K(129984K)->125658K(129984K) NonClass: 107559K(108288K)->107559K(108288K) Class: 18098K(21696K)->18098K(21696K)
[188.545s][info][gc             ] GC(1390) Pause Young (Allocation Failure) 1360M->1134M(1686M) 8.641ms
[188.545s][info][gc,cpu         ] GC(1390) User=0.00s Sys=0.00s Real=0.00s
[188.560s][info][gc,start       ] GC(1391) Pause Young (Allocation Failure)
[188.570s][info][gc,heap        ] GC(1391) PSYoungGen: 328241K(328704K)->93667K(465920K) Eden: 232960K(232960K)->0K(238080K) From: 95281K(95744K)->93667K(227840K)
[188.570s][info][gc,heap        ] GC(1391) ParOldGen: 1066936K(1398272K)->1066936K(1398272K)
[188.570s][info][gc,metaspace   ] GC(1391) Metaspace: 125658K(129984K)->125658K(129984K) NonClass: 107559K(108288K)->107559K(108288K) Class: 18098K(21696K)->18098K(21696K)
[188.570s][info][gc             ] GC(1391) Pause Young (Allocation Failure) 1362M->1133M(1820M) 9.410ms
[188.570s][info][gc,cpu         ] GC(1391) User=0.41s Sys=0.00s Real=0.02s
[188.585s][info][gc,start       ] GC(1392) Pause Young (Allocation Failure)
[188.594s][info][gc,heap        ] GC(1392) PSYoungGen: 331747K(465920K)->68813K(460800K) Eden: 238080K(238080K)->0K(238080K) From: 93667K(227840K)->68813K(222720K)
[188.594s][info][gc,heap        ] GC(1392) ParOldGen: 1066936K(1398272K)->1091977K(1398272K)
[188.594s][info][gc,metaspace   ] GC(1392) Metaspace: 125658K(129984K)->125658K(129984K) NonClass: 107559K(108288K)->107559K(108288K) Class: 18098K(21696K)->18098K(21696K)
[188.594s][info][gc             ] GC(1392) Pause Young (Allocation Failure) 1365M->1133M(1815M) 9.451ms
[188.594s][info][gc,cpu         ] GC(1392) User=0.42s Sys=0.00s Real=0.02s
[188.610s][info][gc,start       ] GC(1393) Pause Young (Allocation Failure)
[188.617s][info][gc,heap        ] GC(1393) PSYoungGen: 306893K(460800K)->56385K(470528K) Eden: 238080K(238080K)->0K(248832K) From: 68813K(222720K)->56385K(221696K)
[188.617s][info][gc,heap        ] GC(1393) ParOldGen: 1091977K(1398272K)->1104587K(1398272K)
[188.617s][info][gc,metaspace   ] GC(1393) Metaspace: 125658K(129984K)->125658K(129984K) NonClass: 107559K(108288K)->107559K(108288K) Class: 18098K(21696K)->18098K(21696K)
[188.617s][info][gc             ] GC(1393) Pause Young (Allocation Failure) 1366M->1133M(1825M) 7.504ms
[188.617s][info][gc,cpu         ] GC(1393) User=0.00s Sys=0.00s Real=0.00s
[188.633s][info][gc,start       ] GC(1394) Pause Young (Allocation Failure)
[188.640s][info][gc,heap        ] GC(1394) PSYoungGen: 303581K(470528K)->54525K(470016K) Eden: 247196K(248832K)->0K(248832K) From: 56385K(221696K)->54525K(221184K)
[188.640s][info][gc,heap        ] GC(1394) ParOldGen: 1104587K(1398272K)->1113090K(1398272K)
[188.640s][info][gc,metaspace   ] GC(1394) Metaspace: 125658K(129984K)->125658K(129984K) NonClass: 107559K(108288K)->107559K(108288K) Class: 18098K(21696K)->18098K(21696K)
[188.640s][info][gc             ] GC(1394) Pause Young (Allocation Failure) 1375M->1140M(1824M) 6.500ms
[188.640s][info][gc,cpu         ] GC(1394) User=0.50s Sys=0.02s Real=0.02s
[188.656s][info][gc,start       ] GC(1395) Pause Young (Allocation Failure)
[188.663s][info][gc,heap        ] GC(1395) PSYoungGen: 303357K(470016K)->63620K(470528K) Eden: 248832K(248832K)->0K(258048K) From: 54525K(221184K)->63620K(212480K)
[188.663s][info][gc,heap        ] GC(1395) ParOldGen: 1113090K(1398272K)->1113090K(1398272K)
[188.663s][info][gc,metaspace   ] GC(1395) Metaspace: 125658K(129984K)->125658K(129984K) NonClass: 107559K(108288K)->107559K(108288K) Class: 18098K(21696K)->18098K(21696K)
[188.663s][info][gc             ] GC(1395) Pause Young (Allocation Failure) 1383M->1149M(1825M) 6.855ms
[188.663s][info][gc,cpu         ] GC(1395) User=0.00s Sys=0.00s Real=0.00s
[188.681s][info][gc,start       ] GC(1396) Pause Young (Allocation Failure)
[188.688s][info][gc,heap        ] GC(1396) PSYoungGen: 321668K(470528K)->63611K(473088K) Eden: 258048K(258048K)->0K(258048K) From: 63620K(212480K)->63611K(215040K)
[188.688s][info][gc,heap        ] GC(1396) ParOldGen: 1113090K(1398272K)->1113090K(1398272K)
[188.688s][info][gc,metaspace   ] GC(1396) Metaspace: 125658K(129984K)->125658K(129984K) NonClass: 107559K(108288K)->107559K(108288K) Class: 18098K(21696K)->18098K(21696K)
[188.688s][info][gc             ] GC(1396) Pause Young (Allocation Failure) 1401M->1149M(1827M) 6.992ms
[188.688s][info][gc,cpu         ] GC(1396) User=0.52s Sys=0.00s Real=0.02s
[188.705s][info][gc,start       ] GC(1397) Pause Young (Allocation Failure)
[188.712s][info][gc,heap        ] GC(1397) PSYoungGen: 321659K(473088K)->66768K(474112K) Eden: 258048K(258048K)->0K(273920K) From: 63611K(215040K)->66768K(200192K)
[188.712s][info][gc,heap        ] GC(1397) ParOldGen: 1113090K(1398272K)->1113090K(1398272K)
[188.712s][info][gc,metaspace   ] GC(1397) Metaspace: 125658K(129984K)->125658K(129984K) NonClass: 107559K(108288K)->107559K(108288K) Class: 18098K(21696K)->18098K(21696K)
[188.712s][info][gc             ] GC(1397) Pause Young (Allocation Failure) 1401M->1152M(1828M) 7.130ms
[188.712s][info][gc,cpu         ] GC(1397) User=0.00s Sys=0.00s Real=0.00s
[188.744s][info][gc,start       ] GC(1398) Pause Young (Allocation Failure)
[188.754s][info][gc,heap        ] GC(1398) PSYoungGen: 340688K(474112K)->97946K(477696K) Eden: 273920K(273920K)->0K(273920K) From: 66768K(200192K)->97946K(203776K)
[188.754s][info][gc,heap        ] GC(1398) ParOldGen: 1113090K(1398272K)->1113090K(1398272K)
[188.754s][info][gc,metaspace   ] GC(1398) Metaspace: 125658K(129984K)->125658K(129984K) NonClass: 107559K(108288K)->107559K(108288K) Class: 18098K(21696K)->18098K(21696K)
[188.754s][info][gc             ] GC(1398) Pause Young (Allocation Failure) 1419M->1182M(1832M) 9.817ms
[188.754s][info][gc,cpu         ] GC(1398) User=0.00s Sys=0.00s Real=0.00s
[188.773s][info][gc,start       ] GC(1399) Pause Young (Allocation Failure)
[188.783s][info][gc,heap        ] GC(1399) PSYoungGen: 371866K(477696K)->97954K(470016K) Eden: 273920K(273920K)->0K(291328K) From: 97946K(203776K)->97954K(178688K)
[188.784s][info][gc,heap        ] GC(1399) ParOldGen: 1113090K(1398272K)->1113090K(1398272K)
[188.784s][info][gc,metaspace   ] GC(1399) Metaspace: 125658K(129984K)->125658K(129984K) NonClass: 107559K(108288K)->107559K(108288K) Class: 18098K(21696K)->18098K(21696K)
[188.784s][info][gc             ] GC(1399) Pause Young (Allocation Failure) 1450M->1182M(1824M) 10.817ms
[188.784s][info][gc,cpu         ] GC(1399) User=0.28s Sys=0.00s Real=0.02s
[188.804s][info][gc,start       ] GC(1400) Pause Young (Allocation Failure)
[188.813s][info][gc,heap        ] GC(1400) PSYoungGen: 389282K(470016K)->101143K(477184K) Eden: 291328K(291328K)->0K(291328K) From: 97954K(178688K)->101143K(185856K)
[188.813s][info][gc,heap        ] GC(1400) ParOldGen: 1113090K(1398272K)->1113090K(1398272K)
[188.813s][info][gc,metaspace   ] GC(1400) Metaspace: 125658K(129984K)->125658K(129984K) NonClass: 107559K(108288K)->107559K(108288K) Class: 18098K(21696K)->18098K(21696K)
[188.813s][info][gc             ] GC(1400) Pause Young (Allocation Failure) 1467M->1185M(1831M) 9.958ms
[188.814s][info][gc,cpu         ] GC(1400) User=0.25s Sys=0.00s Real=0.02s
[188.833s][info][gc,start       ] GC(1401) Pause Young (Allocation Failure)
[188.844s][info][gc,heap        ] GC(1401) PSYoungGen: 392471K(477184K)->103017K(478720K) Eden: 291328K(291328K)->0K(310272K) From: 101143K(185856K)->103017K(168448K)
[188.844s][info][gc,heap        ] GC(1401) ParOldGen: 1113090K(1398272K)->1113090K(1398272K)
[188.844s][info][gc,metaspace   ] GC(1401) Metaspace: 125658K(129984K)->125658K(129984K) NonClass: 107559K(108288K)->107559K(108288K) Class: 18098K(21696K)->18098K(21696K)
[188.844s][info][gc             ] GC(1401) Pause Young (Allocation Failure) 1470M->1187M(1833M) 10.199ms
[188.844s][info][gc,cpu         ] GC(1401) User=0.25s Sys=0.00s Real=0.01s
[188.865s][info][gc,start       ] GC(1402) Pause Young (Allocation Failure)
[188.877s][info][gc,heap        ] GC(1402) PSYoungGen: 413289K(478720K)->107478K(483840K) Eden: 310272K(310272K)->0K(310272K) From: 103017K(168448K)->107478K(173568K)
[188.877s][info][gc,heap        ] GC(1402) ParOldGen: 1113090K(1398272K)->1113090K(1398272K)
[188.877s][info][gc,metaspace   ] GC(1402) Metaspace: 125658K(129984K)->125658K(129984K) NonClass: 107559K(108288K)->107559K(108288K) Class: 18098K(21696K)->18098K(21696K)
[188.877s][info][gc             ] GC(1402) Pause Young (Allocation Failure) 1490M->1191M(1838M) 11.709ms
[188.877s][info][gc,cpu         ] GC(1402) User=0.14s Sys=0.00s Real=0.02s
[188.897s][info][gc,start       ] GC(1403) Pause Young (Allocation Failure)
[188.908s][info][gc,heap        ] GC(1403) PSYoungGen: 417750K(483840K)->112075K(497664K) Eden: 310272K(310272K)->0K(330752K) From: 107478K(173568K)->112075K(166912K)
[188.908s][info][gc,heap        ] GC(1403) ParOldGen: 1113090K(1398272K)->1113090K(1398272K)
[188.908s][info][gc,metaspace   ] GC(1403) Metaspace: 125658K(129984K)->125658K(129984K) NonClass: 107559K(108288K)->107559K(108288K) Class: 18098K(21696K)->18098K(21696K)
[188.908s][info][gc             ] GC(1403) Pause Young (Allocation Failure) 1494M->1196M(1851M) 10.485ms
[188.908s][info][gc,cpu         ] GC(1403) User=0.06s Sys=0.00s Real=0.01s
[188.932s][info][gc,start       ] GC(1404) Pause Young (Allocation Failure)
[188.942s][info][gc,heap        ] GC(1404) PSYoungGen: 442827K(497664K)->116788K(499200K) Eden: 330752K(330752K)->0K(330752K) From: 112075K(166912K)->116788K(168448K)
[188.942s][info][gc,heap        ] GC(1404) ParOldGen: 1113090K(1398272K)->1113098K(1398272K)
[188.942s][info][gc,metaspace   ] GC(1404) Metaspace: 125658K(129984K)->125658K(129984K) NonClass: 107559K(108288K)->107559K(108288K) Class: 18098K(21696K)->18098K(21696K)
[188.942s][info][gc             ] GC(1404) Pause Young (Allocation Failure) 1519M->1201M(1853M) 10.605ms
[188.942s][info][gc,cpu         ] GC(1404) User=0.00s Sys=0.02s Real=0.01s
[188.970s][info][gc,start       ] GC(1405) Pause Young (Allocation Failure)
[188.982s][info][gc,heap        ] GC(1405) PSYoungGen: 447540K(499200K)->133500K(514560K) Eden: 330752K(330752K)->0K(346624K) From: 116788K(168448K)->133500K(167936K)
[188.982s][info][gc,heap        ] GC(1405) ParOldGen: 1113098K(1398272K)->1113098K(1398272K)
[188.982s][info][gc,metaspace   ] GC(1405) Metaspace: 125658K(129984K)->125658K(129984K) NonClass: 107559K(108288K)->107559K(108288K) Class: 18098K(21696K)->18098K(21696K)
[188.983s][info][gc             ] GC(1405) Pause Young (Allocation Failure) 1524M->1217M(1868M) 12.634ms
[188.983s][info][gc,cpu         ] GC(1405) User=0.00s Sys=0.00s Real=0.00s
[189.008s][info][gc,start       ] GC(1406) Pause Young (Allocation Failure)
[189.021s][info][gc,heap        ] GC(1406) PSYoungGen: 480124K(514560K)->136072K(520192K) Eden: 346624K(346624K)->0K(346624K) From: 133500K(167936K)->136072K(173568K)
[189.021s][info][gc,heap        ] GC(1406) ParOldGen: 1113098K(1398272K)->1113098K(1398272K)
[189.021s][info][gc,metaspace   ] GC(1406) Metaspace: 125658K(129984K)->125658K(129984K) NonClass: 107559K(108288K)->107559K(108288K) Class: 18098K(21696K)->18098K(21696K)
[189.021s][info][gc             ] GC(1406) Pause Young (Allocation Failure) 1555M->1219M(1873M) 12.907ms
[189.021s][info][gc,cpu         ] GC(1406) User=0.48s Sys=0.00s Real=0.01s
[189.045s][info][gc,start       ] GC(1407) Pause Young (Allocation Failure)
[189.059s][info][gc,heap        ] GC(1407) PSYoungGen: 482696K(520192K)->151846K(501760K) Eden: 346624K(346624K)->0K(323072K) From: 136072K(173568K)->151846K(178688K)
[189.059s][info][gc,heap        ] GC(1407) ParOldGen: 1113098K(1398272K)->1113170K(1398272K)
[189.059s][info][gc,metaspace   ] GC(1407) Metaspace: 125658K(129984K)->125658K(129984K) NonClass: 107559K(108288K)->107559K(108288K) Class: 18098K(21696K)->18098K(21696K)
[189.059s][info][gc             ] GC(1407) Pause Young (Allocation Failure) 1558M->1235M(1855M) 14.519ms
[189.059s][info][gc,cpu         ] GC(1407) User=0.02s Sys=0.00s Real=0.02s
[189.080s][info][gc,start       ] GC(1408) Pause Young (Allocation Failure)
[189.096s][info][gc,heap        ] GC(1408) PSYoungGen: 474918K(501760K)->161801K(485376K) Eden: 323072K(323072K)->0K(323072K) From: 151846K(178688K)->161801K(162304K)
[189.096s][info][gc,heap        ] GC(1408) ParOldGen: 1113170K(1398272K)->1113210K(1398272K)
[189.096s][info][gc,metaspace   ] GC(1408) Metaspace: 125658K(129984K)->125658K(129984K) NonClass: 107559K(108288K)->107559K(108288K) Class: 18098K(21696K)->18098K(21696K)
[189.096s][info][gc             ] GC(1408) Pause Young (Allocation Failure) 1550M->1245M(1839M) 15.949ms
[189.096s][info][gc,cpu         ] GC(1408) User=0.52s Sys=0.00s Real=0.02s
[189.116s][info][gc,start       ] GC(1409) Pause Young (Allocation Failure)
[189.132s][info][gc,heap        ] GC(1409) PSYoungGen: 484873K(485376K)->171553K(476160K) Eden: 323072K(323072K)->0K(276992K) From: 161801K(162304K)->171553K(199168K)
[189.132s][info][gc,heap        ] GC(1409) ParOldGen: 1113210K(1398272K)->1113265K(1398272K)
[189.132s][info][gc,metaspace   ] GC(1409) Metaspace: 125658K(129984K)->125658K(129984K) NonClass: 107559K(108288K)->107559K(108288K) Class: 18098K(21696K)->18098K(21696K)
[189.132s][info][gc             ] GC(1409) Pause Young (Allocation Failure) 1560M->1254M(1830M) 16.450ms
[189.132s][info][gc,cpu         ] GC(1409) User=0.52s Sys=0.00s Real=0.01s
[189.161s][info][gc,start       ] GC(1410) Pause Young (Allocation Failure)
[189.178s][info][gc,heap        ] GC(1410) PSYoungGen: 447859K(476160K)->182167K(459264K) Eden: 276306K(276992K)->0K(276992K) From: 171553K(199168K)->182167K(182272K)
[189.178s][info][gc,heap        ] GC(1410) ParOldGen: 1113265K(1398272K)->1113289K(1398272K)
[189.178s][info][gc,metaspace   ] GC(1410) Metaspace: 125658K(129984K)->125658K(129984K) NonClass: 107559K(108288K)->107559K(108288K) Class: 18098K(21696K)->18098K(21696K)
[189.178s][info][gc             ] GC(1410) Pause Young (Allocation Failure) 1524M->1265M(1814M) 17.249ms
[189.178s][info][gc,cpu         ] GC(1410) User=0.25s Sys=0.00s Real=0.01s
[189.197s][info][gc,start       ] GC(1411) Pause Young (Allocation Failure)
[189.215s][info][gc,heap        ] GC(1411) PSYoungGen: 459159K(459264K)->198147K(457728K) Eden: 276992K(276992K)->0K(232960K) From: 182167K(182272K)->198147K(224768K)
[189.215s][info][gc,heap        ] GC(1411) ParOldGen: 1113289K(1398272K)->1113305K(1398272K)
[189.215s][info][gc,metaspace   ] GC(1411) Metaspace: 125658K(129984K)->125658K(129984K) NonClass: 107559K(108288K)->107559K(108288K) Class: 18098K(21696K)->18098K(21696K)
[189.215s][info][gc             ] GC(1411) Pause Young (Allocation Failure) 1535M->1280M(1812M) 18.744ms
[189.215s][info][gc,cpu         ] GC(1411) User=0.52s Sys=0.00s Real=0.02s
[189.239s][info][gc,start       ] GC(1412) Pause Young (Allocation Failure)
[189.258s][info][gc,heap        ] GC(1412) PSYoungGen: 431107K(457728K)->216838K(465920K) Eden: 232960K(232960K)->0K(232960K) From: 198147K(224768K)->216838K(232960K)
[189.258s][info][gc,heap        ] GC(1412) ParOldGen: 1113305K(1398272K)->1113369K(1398272K)
[189.258s][info][gc,metaspace   ] GC(1412) Metaspace: 125658K(129984K)->125658K(129984K) NonClass: 107559K(108288K)->107559K(108288K) Class: 18098K(21696K)->18098K(21696K)
[189.258s][info][gc             ] GC(1412) Pause Young (Allocation Failure) 1508M->1299M(1820M) 19.639ms
[189.258s][info][gc,cpu         ] GC(1412) User=0.44s Sys=0.00s Real=0.02s
[189.274s][info][gc,start       ] GC(1413) Pause Young (Allocation Failure)
[189.300s][info][gc,heap        ] GC(1413) PSYoungGen: 449798K(465920K)->231576K(465920K) Eden: 232960K(232960K)->0K(232960K) From: 216838K(232960K)->231576K(232960K)
[189.300s][info][gc,heap        ] GC(1413) ParOldGen: 1113369K(1398272K)->1113527K(1398272K)
[189.300s][info][gc,metaspace   ] GC(1413) Metaspace: 125658K(129984K)->125658K(129984K) NonClass: 107559K(108288K)->107559K(108288K) Class: 18098K(21696K)->18098K(21696K)
[189.300s][info][gc             ] GC(1413) Pause Young (Allocation Failure) 1526M->1313M(1820M) 25.311ms
[189.300s][info][gc,cpu         ] GC(1413) User=0.52s Sys=0.00s Real=0.02s
[189.313s][info][gc,start       ] GC(1414) Pause Young (Allocation Failure)
[189.334s][info][gc,heap        ] GC(1414) PSYoungGen: 464536K(465920K)->202733K(465920K) Eden: 232960K(232960K)->0K(232960K) From: 231576K(232960K)->202733K(232960K)
[189.334s][info][gc,heap        ] GC(1414) ParOldGen: 1113527K(1398272K)->1138213K(1398272K)
[189.334s][info][gc,metaspace   ] GC(1414) Metaspace: 125658K(129984K)->125658K(129984K) NonClass: 107559K(108288K)->107559K(108288K) Class: 18098K(21696K)->18098K(21696K)
[189.334s][info][gc             ] GC(1414) Pause Young (Allocation Failure) 1541M->1309M(1820M) 21.597ms
[189.334s][info][gc,cpu         ] GC(1414) User=0.72s Sys=0.00s Real=0.03s
[189.348s][info][gc,start       ] GC(1415) Pause Young (Allocation Failure)
[189.367s][info][gc,heap        ] GC(1415) PSYoungGen: 434726K(465920K)->145794K(465920K) Eden: 231993K(232960K)->0K(232960K) From: 202733K(232960K)->145794K(232960K)
[189.367s][info][gc,heap        ] GC(1415) ParOldGen: 1138213K(1398272K)->1183460K(1398272K)
[189.367s][info][gc,metaspace   ] GC(1415) Metaspace: 125658K(129984K)->125658K(129984K) NonClass: 107559K(108288K)->107559K(108288K) Class: 18098K(21696K)->18098K(21696K)
[189.367s][info][gc             ] GC(1415) Pause Young (Allocation Failure) 1536M->1298M(1820M) 18.821ms
[189.367s][info][gc,cpu         ] GC(1415) User=0.36s Sys=0.00s Real=0.02s
[189.381s][info][gc,start       ] GC(1416) Pause Young (Allocation Failure)
[189.394s][info][gc,heap        ] GC(1416) PSYoungGen: 378754K(465920K)->86198K(465920K) Eden: 232960K(232960K)->0K(232960K) From: 145794K(232960K)->86198K(232960K)
[189.394s][info][gc,heap        ] GC(1416) ParOldGen: 1183460K(1398272K)->1237554K(1398272K)
[189.394s][info][gc,metaspace   ] GC(1416) Metaspace: 125658K(129984K)->125658K(129984K) NonClass: 107559K(108288K)->107559K(108288K) Class: 18098K(21696K)->18098K(21696K)
[189.394s][info][gc             ] GC(1416) Pause Young (Allocation Failure) 1525M->1292M(1820M) 12.851ms
[189.394s][info][gc,cpu         ] GC(1416) User=0.00s Sys=0.00s Real=0.00s
[189.405s][info][gc,start       ] GC(1417) Pause Young (Allocation Failure)
[189.415s][info][gc,heap        ] GC(1417) PSYoungGen: 319158K(465920K)->94589K(465920K) Eden: 232960K(232960K)->0K(232960K) From: 86198K(232960K)->94589K(232960K)
[189.415s][info][gc,heap        ] GC(1417) ParOldGen: 1237554K(1398272K)->1238685K(1398272K)
[189.415s][info][gc,metaspace   ] GC(1417) Metaspace: 125658K(129984K)->125658K(129984K) NonClass: 107559K(108288K)->107559K(108288K) Class: 18098K(21696K)->18098K(21696K)
[189.415s][info][gc             ] GC(1417) Pause Young (Allocation Failure) 1520M->1302M(1820M) 9.535ms
[189.415s][info][gc,cpu         ] GC(1417) User=0.33s Sys=0.03s Real=0.02s
[189.427s][info][gc,start       ] GC(1418) Pause Young (Allocation Failure)
[189.437s][info][gc,heap        ] GC(1418) PSYoungGen: 327549K(465920K)->101535K(465920K) Eden: 232960K(232960K)->0K(232960K) From: 94589K(232960K)->101535K(232960K)
[189.437s][info][gc,heap        ] GC(1418) ParOldGen: 1238685K(1398272K)->1240057K(1398272K)
[189.437s][info][gc,metaspace   ] GC(1418) Metaspace: 125658K(129984K)->125658K(129984K) NonClass: 107559K(108288K)->107559K(108288K) Class: 18098K(21696K)->18098K(21696K)
[189.437s][info][gc             ] GC(1418) Pause Young (Allocation Failure) 1529M->1310M(1820M) 10.333ms
[189.437s][info][gc,cpu         ] GC(1418) User=0.00s Sys=0.00s Real=0.00s
[189.449s][info][gc,start       ] GC(1419) Pause Young (Allocation Failure)
[189.459s][info][gc,heap        ] GC(1419) PSYoungGen: 334495K(465920K)->109554K(465920K) Eden: 232960K(232960K)->0K(232960K) From: 101535K(232960K)->109554K(232960K)
[189.460s][info][gc,heap        ] GC(1419) ParOldGen: 1240057K(1398272K)->1240918K(1398272K)
[189.460s][info][gc,metaspace   ] GC(1419) Metaspace: 125658K(129984K)->125658K(129984K) NonClass: 107559K(108288K)->107559K(108288K) Class: 18098K(21696K)->18098K(21696K)
[189.460s][info][gc             ] GC(1419) Pause Young (Allocation Failure) 1537M->1318M(1820M) 10.716ms
[189.460s][info][gc,cpu         ] GC(1419) User=0.42s Sys=0.00s Real=0.02s
[189.471s][info][gc,start       ] GC(1420) Pause Young (Allocation Failure)
[189.482s][info][gc,heap        ] GC(1420) PSYoungGen: 342514K(465920K)->100635K(465920K) Eden: 232960K(232960K)->0K(232960K) From: 109554K(232960K)->100635K(232960K)
[189.482s][info][gc,heap        ] GC(1420) ParOldGen: 1240918K(1398272K)->1257803K(1398272K)
[189.482s][info][gc,metaspace   ] GC(1420) Metaspace: 125658K(129984K)->125658K(129984K) NonClass: 107559K(108288K)->107559K(108288K) Class: 18098K(21696K)->18098K(21696K)
[189.482s][info][gc             ] GC(1420) Pause Young (Allocation Failure) 1546M->1326M(1820M) 10.730ms
[189.482s][info][gc,cpu         ] GC(1420) User=0.52s Sys=0.00s Real=0.01s
[189.494s][info][gc,start       ] GC(1421) Pause Young (Allocation Failure)
[189.503s][info][gc,heap        ] GC(1421) PSYoungGen: 333595K(465920K)->51276K(465920K) Eden: 232960K(232960K)->0K(232960K) From: 100635K(232960K)->51276K(232960K)
[189.503s][info][gc,heap        ] GC(1421) ParOldGen: 1257803K(1398272K)->1312066K(1398272K)
[189.503s][info][gc,metaspace   ] GC(1421) Metaspace: 125660K(129984K)->125660K(129984K) NonClass: 107561K(108288K)->107561K(108288K) Class: 18098K(21696K)->18098K(21696K)
[189.504s][info][gc             ] GC(1421) Pause Young (Allocation Failure) 1554M->1331M(1820M) 9.956ms
[189.504s][info][gc,cpu         ] GC(1421) User=0.00s Sys=0.00s Real=0.00s
[189.515s][info][gc,start       ] GC(1422) Pause Young (Allocation Failure)
[189.521s][info][gc,heap        ] GC(1422) PSYoungGen: 284236K(465920K)->66521K(465920K) Eden: 232960K(232960K)->0K(232960K) From: 51276K(232960K)->66521K(232960K)
[189.521s][info][gc,heap        ] GC(1422) ParOldGen: 1312066K(1398272K)->1315547K(1398272K)
[189.521s][info][gc,metaspace   ] GC(1422) Metaspace: 125660K(129984K)->125660K(129984K) NonClass: 107561K(108288K)->107561K(108288K) Class: 18098K(21696K)->18098K(21696K)
[189.521s][info][gc             ] GC(1422) Pause Young (Allocation Failure) 1558M->1349M(1820M) 5.650ms
[189.521s][info][gc,cpu         ] GC(1422) User=0.05s Sys=0.00s Real=0.02s
[189.533s][info][gc,start       ] GC(1423) Pause Young (Allocation Failure)
[189.539s][info][gc,heap        ] GC(1423) PSYoungGen: 299481K(465920K)->64304K(465920K) Eden: 232960K(232960K)->0K(232960K) From: 66521K(232960K)->64304K(232960K)
[189.539s][info][gc,heap        ] GC(1423) ParOldGen: 1315547K(1398272K)->1334481K(1398272K)
[189.539s][info][gc,metaspace   ] GC(1423) Metaspace: 125660K(129984K)->125660K(129984K) NonClass: 107561K(108288K)->107561K(108288K) Class: 18098K(21696K)->18098K(21696K)
[189.539s][info][gc             ] GC(1423) Pause Young (Allocation Failure) 1577M->1366M(1820M) 6.132ms
[189.539s][info][gc,cpu         ] GC(1423) User=0.00s Sys=0.00s Real=0.01s
[189.551s][info][gc,start       ] GC(1424) Pause Young (Allocation Failure)
[189.557s][info][gc,heap        ] GC(1424) PSYoungGen: 297264K(465920K)->57240K(465920K) Eden: 232960K(232960K)->0K(232960K) From: 64304K(232960K)->57240K(232960K)
[189.557s][info][gc,heap        ] GC(1424) ParOldGen: 1334481K(1398272K)->1362798K(1398272K)
[189.557s][info][gc,metaspace   ] GC(1424) Metaspace: 125660K(129984K)->125660K(129984K) NonClass: 107561K(108288K)->107561K(108288K) Class: 18098K(21696K)->18098K(21696K)
[189.557s][info][gc             ] GC(1424) Pause Young (Allocation Failure) 1593M->1386M(1820M) 5.754ms
[189.557s][info][gc,cpu         ] GC(1424) User=0.00s Sys=0.00s Real=0.00s
[189.557s][info][gc,start       ] GC(1425) Pause Full (Ergonomics)
[189.557s][info][gc,phases,start] GC(1425) Marking Phase
[189.598s][info][gc,phases      ] GC(1425) Marking Phase 41.272ms
[189.598s][info][gc,phases,start] GC(1425) Summary Phase
[189.598s][info][gc,phases      ] GC(1425) Summary Phase 0.066ms
[189.598s][info][gc,phases,start] GC(1425) Adjust Roots
[189.612s][info][gc,phases      ] GC(1425) Adjust Roots 14.020ms
[189.612s][info][gc,phases,start] GC(1425) Compaction Phase
[189.639s][info][gc,phases      ] GC(1425) Compaction Phase 26.803ms
[189.639s][info][gc,phases,start] GC(1425) Post Compact
[189.647s][info][gc,phases      ] GC(1425) Post Compact 7.978ms
[189.647s][info][gc,heap        ] GC(1425) PSYoungGen: 57240K(465920K)->0K(465920K) Eden: 0K(232960K)->0K(232960K) From: 57240K(232960K)->0K(232960K)
[189.647s][info][gc,heap        ] GC(1425) ParOldGen: 1362798K(1398272K)->1250966K(1398272K)
[189.647s][info][gc,metaspace   ] GC(1425) Metaspace: 125660K(129984K)->125660K(129984K) NonClass: 107561K(108288K)->107561K(108288K) Class: 18098K(21696K)->18098K(21696K)
[189.647s][info][gc             ] GC(1425) Pause Full (Ergonomics) 1386M->1221M(1820M) 90.546ms
[189.648s][info][gc,cpu         ] GC(1425) User=1.58s Sys=0.02s Real=0.09s
[189.662s][info][gc,start       ] GC(1426) Pause Young (Allocation Failure)
[189.669s][info][gc,heap        ] GC(1426) PSYoungGen: 232960K(465920K)->61322K(465920K) Eden: 232960K(232960K)->0K(232960K) From: 0K(232960K)->61322K(232960K)
[189.669s][info][gc,heap        ] GC(1426) ParOldGen: 1250966K(1398272K)->1250966K(1398272K)
[189.669s][info][gc,metaspace   ] GC(1426) Metaspace: 125663K(129984K)->125663K(129984K) NonClass: 107564K(108288K)->107564K(108288K) Class: 18098K(21696K)->18098K(21696K)
[189.669s][info][gc             ] GC(1426) Pause Young (Allocation Failure) 1449M->1281M(1820M) 6.311ms
[189.669s][info][gc,cpu         ] GC(1426) User=0.00s Sys=0.00s Real=0.00s
[189.682s][info][gc,start       ] GC(1427) Pause Young (Allocation Failure)
[189.691s][info][gc,heap        ] GC(1427) PSYoungGen: 294282K(465920K)->34450K(465920K) Eden: 232960K(232960K)->0K(232960K) From: 61322K(232960K)->34450K(232960K)
[189.691s][info][gc,heap        ] GC(1427) ParOldGen: 1250966K(1398272K)->1309191K(1398272K)
[189.691s][info][gc,metaspace   ] GC(1427) Metaspace: 125663K(129984K)->125663K(129984K) NonClass: 107564K(108288K)->107564K(108288K) Class: 18098K(21696K)->18098K(21696K)
[189.691s][info][gc             ] GC(1427) Pause Young (Allocation Failure) 1509M->1312M(1820M) 9.440ms
[189.692s][info][gc,cpu         ] GC(1427) User=0.00s Sys=0.00s Real=0.00s
[189.704s][info][gc,start       ] GC(1428) Pause Young (Allocation Failure)
[189.709s][info][gc,heap        ] GC(1428) PSYoungGen: 267410K(465920K)->31709K(465920K) Eden: 232960K(232960K)->0K(232960K) From: 34450K(232960K)->31709K(232960K)
[189.709s][info][gc,heap        ] GC(1428) ParOldGen: 1309191K(1398272K)->1338576K(1398272K)
[189.709s][info][gc,metaspace   ] GC(1428) Metaspace: 125663K(129984K)->125663K(129984K) NonClass: 107564K(108288K)->107564K(108288K) Class: 18098K(21696K)->18098K(21696K)
[189.709s][info][gc             ] GC(1428) Pause Young (Allocation Failure) 1539M->1338M(1820M) 5.163ms
[189.709s][info][gc,cpu         ] GC(1428) User=0.19s Sys=0.00s Real=0.02s
[189.710s][info][gc,start       ] GC(1429) Pause Full (Ergonomics)
[189.710s][info][gc,phases,start] GC(1429) Marking Phase
[189.761s][info][gc,phases      ] GC(1429) Marking Phase 51.128ms
[189.761s][info][gc,phases,start] GC(1429) Summary Phase
[189.761s][info][gc,phases      ] GC(1429) Summary Phase 0.059ms
[189.761s][info][gc,phases,start] GC(1429) Adjust Roots
[189.779s][info][gc,phases      ] GC(1429) Adjust Roots 17.704ms
[189.779s][info][gc,phases,start] GC(1429) Compaction Phase
[189.798s][info][gc,phases      ] GC(1429) Compaction Phase 19.127ms
[189.798s][info][gc,phases,start] GC(1429) Post Compact
[189.807s][info][gc,phases      ] GC(1429) Post Compact 8.831ms
[189.807s][info][gc,heap        ] GC(1429) PSYoungGen: 31709K(465920K)->0K(465920K) Eden: 0K(232960K)->0K(232960K) From: 31709K(232960K)->0K(232960K)
[189.807s][info][gc,heap        ] GC(1429) ParOldGen: 1338576K(1398272K)->1244977K(1398272K)
[189.807s][info][gc,metaspace   ] GC(1429) Metaspace: 125663K(129984K)->125663K(129984K) NonClass: 107564K(108288K)->107564K(108288K) Class: 18098K(21696K)->18098K(21696K)
[189.807s][info][gc             ] GC(1429) Pause Full (Ergonomics) 1338M->1215M(1820M) 97.264ms
[189.807s][info][gc,cpu         ] GC(1429) User=1.05s Sys=0.02s Real=0.09s
[189.826s][info][gc,start       ] GC(1430) Pause Young (Allocation Failure)
[189.830s][info][gc,heap        ] GC(1430) PSYoungGen: 232960K(465920K)->22493K(255488K) Eden: 232960K(232960K)->0K(232960K) From: 0K(232960K)->22493K(22528K)
[189.830s][info][gc,heap        ] GC(1430) ParOldGen: 1244977K(1398272K)->1244977K(1398272K)
[189.830s][info][gc,metaspace   ] GC(1430) Metaspace: 125663K(129984K)->125663K(129984K) NonClass: 107564K(108288K)->107564K(108288K) Class: 18098K(21696K)->18098K(21696K)
[189.830s][info][gc             ] GC(1430) Pause Young (Allocation Failure) 1443M->1237M(1615M) 4.193ms
[189.830s][info][gc,cpu         ] GC(1430) User=0.00s Sys=0.00s Real=0.00s
[189.843s][info][gc,start       ] GC(1431) Pause Young (Allocation Failure)
[189.848s][info][gc,heap        ] GC(1431) PSYoungGen: 255453K(255488K)->46731K(468480K) Eden: 232960K(232960K)->0K(241152K) From: 22493K(22528K)->46731K(227328K)
[189.848s][info][gc,heap        ] GC(1431) ParOldGen: 1244977K(1398272K)->1244977K(1398272K)
[189.848s][info][gc,metaspace   ] GC(1431) Metaspace: 125663K(129984K)->125663K(129984K) NonClass: 107564K(108288K)->107564K(108288K) Class: 18098K(21696K)->18098K(21696K)
[189.848s][info][gc             ] GC(1431) Pause Young (Allocation Failure) 1465M->1261M(1823M) 4.534ms
[189.848s][info][gc,cpu         ] GC(1431) User=0.00s Sys=0.00s Real=0.00s
[189.860s][info][gc,start       ] GC(1432) Pause Young (Allocation Failure)
[189.871s][info][gc,heap        ] GC(1432) PSYoungGen: 287883K(468480K)->61168K(302592K) Eden: 241152K(241152K)->0K(241152K) From: 46731K(227328K)->61168K(61440K)
[189.871s][info][gc,heap        ] GC(1432) ParOldGen: 1244977K(1398272K)->1244977K(1398272K)
[189.871s][info][gc,metaspace   ] GC(1432) Metaspace: 125663K(129984K)->125663K(129984K) NonClass: 107564K(108288K)->107564K(108288K) Class: 18098K(21696K)->18098K(21696K)
[189.871s][info][gc             ] GC(1432) Pause Young (Allocation Failure) 1496M->1275M(1661M) 11.223ms
[189.871s][info][gc,cpu         ] GC(1432) User=0.00s Sys=0.02s Real=0.02s
[189.884s][info][gc,start       ] GC(1433) Pause Young (Allocation Failure)
[189.893s][info][gc,heap        ] GC(1433) PSYoungGen: 302320K(302592K)->73063K(448000K) Eden: 241152K(241152K)->0K(256000K) From: 61168K(61440K)->73063K(192000K)
[189.893s][info][gc,heap        ] GC(1433) ParOldGen: 1244977K(1398272K)->1244977K(1398272K)
[189.893s][info][gc,metaspace   ] GC(1433) Metaspace: 125663K(129984K)->125663K(129984K) NonClass: 107564K(108288K)->107564K(108288K) Class: 18098K(21696K)->18098K(21696K)
[189.893s][info][gc             ] GC(1433) Pause Young (Allocation Failure) 1511M->1287M(1803M) 8.807ms
[189.893s][info][gc,cpu         ] GC(1433) User=0.45s Sys=0.02s Real=0.02s
[189.906s][info][gc,start       ] GC(1434) Pause Young (Allocation Failure)
[189.913s][info][gc,heap        ] GC(1434) PSYoungGen: 329063K(448000K)->83155K(454144K) Eden: 256000K(256000K)->0K(256000K) From: 73063K(192000K)->83155K(198144K)
[189.913s][info][gc,heap        ] GC(1434) ParOldGen: 1244977K(1398272K)->1244977K(1398272K)
[189.913s][info][gc,metaspace   ] GC(1434) Metaspace: 125663K(129984K)->125663K(129984K) NonClass: 107564K(108288K)->107564K(108288K) Class: 18098K(21696K)->18098K(21696K)
[189.913s][info][gc             ] GC(1434) Pause Young (Allocation Failure) 1537M->1297M(1809M) 7.575ms
[189.913s][info][gc,cpu         ] GC(1434) User=0.00s Sys=0.00s Real=0.00s
[189.926s][info][gc,start       ] GC(1435) Pause Young (Allocation Failure)
[189.937s][info][gc,heap        ] GC(1435) PSYoungGen: 336525K(454144K)->95872K(454656K) Eden: 253369K(256000K)->0K(273408K) From: 83155K(198144K)->95872K(181248K)
[189.937s][info][gc,heap        ] GC(1435) ParOldGen: 1244977K(1398272K)->1244977K(1398272K)
[189.937s][info][gc,metaspace   ] GC(1435) Metaspace: 125663K(129984K)->125663K(129984K) NonClass: 107564K(108288K)->107564K(108288K) Class: 18098K(21696K)->18098K(21696K)
[189.937s][info][gc             ] GC(1435) Pause Young (Allocation Failure) 1544M->1309M(1809M) 10.569ms
[189.937s][info][gc,cpu         ] GC(1435) User=0.31s Sys=0.02s Real=0.02s
[189.951s][info][gc,start       ] GC(1436) Pause Young (Allocation Failure)
[189.960s][info][gc,heap        ] GC(1436) PSYoungGen: 369280K(454656K)->103886K(457728K) Eden: 273408K(273408K)->0K(273408K) From: 95872K(181248K)->103886K(184320K)
[189.960s][info][gc,heap        ] GC(1436) ParOldGen: 1244977K(1398272K)->1244977K(1398272K)
[189.960s][info][gc,metaspace   ] GC(1436) Metaspace: 125663K(129984K)->125663K(129984K) NonClass: 107564K(108288K)->107564K(108288K) Class: 18098K(21696K)->18098K(21696K)
[189.960s][info][gc             ] GC(1436) Pause Young (Allocation Failure) 1576M->1317M(1812M) 9.119ms
[189.960s][info][gc,cpu         ] GC(1436) User=0.00s Sys=0.00s Real=0.00s
[189.976s][info][gc,start       ] GC(1437) Pause Young (Allocation Failure)
[189.988s][info][gc,heap        ] GC(1437) PSYoungGen: 377294K(457728K)->131834K(467456K) Eden: 273408K(273408K)->0K(284672K) From: 103886K(184320K)->131834K(182784K)
[189.988s][info][gc,heap        ] GC(1437) ParOldGen: 1244977K(1398272K)->1244977K(1398272K)
[189.988s][info][gc,metaspace   ] GC(1437) Metaspace: 125663K(129984K)->125663K(129984K) NonClass: 107564K(108288K)->107564K(108288K) Class: 18098K(21696K)->18098K(21696K)
[189.988s][info][gc             ] GC(1437) Pause Young (Allocation Failure) 1584M->1344M(1822M) 12.049ms
[189.988s][info][gc,cpu         ] GC(1437) User=0.50s Sys=0.00s Real=0.02s
[190.003s][info][gc,start       ] GC(1438) Pause Young (Allocation Failure)
[190.016s][info][gc,heap        ] GC(1438) PSYoungGen: 416506K(467456K)->143343K(475648K) Eden: 284672K(284672K)->0K(284672K) From: 131834K(182784K)->143343K(190976K)
[190.016s][info][gc,heap        ] GC(1438) ParOldGen: 1244977K(1398272K)->1244977K(1398272K)
[190.016s][info][gc,metaspace   ] GC(1438) Metaspace: 125663K(129984K)->125663K(129984K) NonClass: 107564K(108288K)->107564K(108288K) Class: 18098K(21696K)->18098K(21696K)
[190.016s][info][gc             ] GC(1438) Pause Young (Allocation Failure) 1622M->1355M(1830M) 13.360ms
[190.016s][info][gc,cpu         ] GC(1438) User=0.50s Sys=0.00s Real=0.02s
[190.030s][info][gc,start       ] GC(1439) Pause Young (Allocation Failure)
[190.044s][info][gc,heap        ] GC(1439) PSYoungGen: 428015K(475648K)->152318K(474624K) Eden: 284672K(284672K)->0K(272896K) From: 143343K(190976K)->152318K(201728K)
[190.044s][info][gc,heap        ] GC(1439) ParOldGen: 1244977K(1398272K)->1244977K(1398272K)
[190.044s][info][gc,metaspace   ] GC(1439) Metaspace: 125663K(129984K)->125663K(129984K) NonClass: 107564K(108288K)->107564K(108288K) Class: 18098K(21696K)->18098K(21696K)
[190.044s][info][gc             ] GC(1439) Pause Young (Allocation Failure) 1633M->1364M(1829M) 13.744ms
[190.044s][info][gc,cpu         ] GC(1439) User=0.25s Sys=0.02s Real=0.02s
[190.058s][info][gc,start       ] GC(1440) Pause Young (Allocation Failure)
[190.072s][info][gc,heap        ] GC(1440) PSYoungGen: 425214K(474624K)->171618K(444928K) Eden: 272896K(272896K)->0K(272896K) From: 152318K(201728K)->171618K(172032K)
[190.072s][info][gc,heap        ] GC(1440) ParOldGen: 1244977K(1398272K)->1244977K(1398272K)
[190.072s][info][gc,metaspace   ] GC(1440) Metaspace: 125663K(129984K)->125663K(129984K) NonClass: 107564K(108288K)->107564K(108288K) Class: 18098K(21696K)->18098K(21696K)
[190.072s][info][gc             ] GC(1440) Pause Young (Allocation Failure) 1631M->1383M(1800M) 14.520ms
[190.072s][info][gc,cpu         ] GC(1440) User=0.00s Sys=0.00s Real=0.00s
[190.086s][info][gc,start       ] GC(1441) Pause Young (Allocation Failure)
[190.103s][info][gc,heap        ] GC(1441) PSYoungGen: 444514K(444928K)->173902K(461312K) Eden: 272896K(272896K)->0K(232960K) From: 171618K(172032K)->173902K(228352K)
[190.103s][info][gc,heap        ] GC(1441) ParOldGen: 1244977K(1398272K)->1244977K(1398272K)
[190.103s][info][gc,metaspace   ] GC(1441) Metaspace: 125663K(129984K)->125663K(129984K) NonClass: 107564K(108288K)->107564K(108288K) Class: 18098K(21696K)->18098K(21696K)
[190.103s][info][gc             ] GC(1441) Pause Young (Allocation Failure) 1649M->1385M(1816M) 16.849ms
[190.103s][info][gc,cpu         ] GC(1441) User=0.52s Sys=0.00s Real=0.02s
[190.114s][info][gc,start       ] GC(1442) Pause Young (Allocation Failure)
[190.131s][info][gc,heap        ] GC(1442) PSYoungGen: 406862K(461312K)->164192K(465920K) Eden: 232960K(232960K)->0K(232960K) From: 173902K(228352K)->164192K(232960K)
[190.131s][info][gc,heap        ] GC(1442) ParOldGen: 1244977K(1398272K)->1261949K(1398272K)
[190.131s][info][gc,metaspace   ] GC(1442) Metaspace: 125663K(129984K)->125663K(129984K) NonClass: 107564K(108288K)->107564K(108288K) Class: 18098K(21696K)->18098K(21696K)
[190.131s][info][gc             ] GC(1442) Pause Young (Allocation Failure) 1613M->1392M(1820M) 16.746ms
[190.131s][info][gc,cpu         ] GC(1442) User=0.52s Sys=0.00s Real=0.03s
[190.142s][info][gc,start       ] GC(1443) Pause Young (Allocation Failure)
[190.158s][info][gc,heap        ] GC(1443) PSYoungGen: 397152K(465920K)->155619K(465920K) Eden: 232960K(232960K)->0K(232960K) From: 164192K(232960K)->155619K(232960K)
[190.158s][info][gc,heap        ] GC(1443) ParOldGen: 1261949K(1398272K)->1270199K(1398272K)
[190.158s][info][gc,metaspace   ] GC(1443) Metaspace: 125663K(129984K)->125663K(129984K) NonClass: 107564K(108288K)->107564K(108288K) Class: 18098K(21696K)->18098K(21696K)
[190.158s][info][gc             ] GC(1443) Pause Young (Allocation Failure) 1620M->1392M(1820M) 15.605ms
[190.158s][info][gc,cpu         ] GC(1443) User=0.52s Sys=0.00s Real=0.01s
[190.170s][info][gc,start       ] GC(1444) Pause Young (Allocation Failure)
[190.187s][info][gc,heap        ] GC(1444) PSYoungGen: 388579K(465920K)->177181K(465920K) Eden: 232960K(232960K)->0K(232960K) From: 155619K(232960K)->177181K(232960K)
[190.187s][info][gc,heap        ] GC(1444) ParOldGen: 1270199K(1398272K)->1274346K(1398272K)
[190.187s][info][gc,metaspace   ] GC(1444) Metaspace: 125663K(129984K)->125663K(129984K) NonClass: 107564K(108288K)->107564K(108288K) Class: 18098K(21696K)->18098K(21696K)
[190.187s][info][gc             ] GC(1444) Pause Young (Allocation Failure) 1619M->1417M(1820M) 17.135ms
[190.187s][info][gc,cpu         ] GC(1444) User=0.20s Sys=0.00s Real=0.02s
[190.199s][info][gc,start       ] GC(1445) Pause Young (Allocation Failure)
[190.216s][info][gc,heap        ] GC(1445) PSYoungGen: 410141K(465920K)->126576K(465920K) Eden: 232960K(232960K)->0K(232960K) From: 177181K(232960K)->126576K(232960K)
[190.217s][info][gc,heap        ] GC(1445) ParOldGen: 1274346K(1398272K)->1336217K(1398272K)
[190.217s][info][gc,metaspace   ] GC(1445) Metaspace: 125663K(129984K)->125663K(129984K) NonClass: 107564K(108288K)->107564K(108288K) Class: 18098K(21696K)->18098K(21696K)
[190.217s][info][gc             ] GC(1445) Pause Young (Allocation Failure) 1645M->1428M(1820M) 17.561ms
[190.217s][info][gc,cpu         ] GC(1445) User=0.52s Sys=0.00s Real=0.02s
[190.228s][info][gc,start       ] GC(1446) Pause Young (Allocation Failure)
[190.240s][info][gc,heap        ] GC(1446) PSYoungGen: 359536K(465920K)->105410K(465920K) Eden: 232960K(232960K)->0K(232960K) From: 126576K(232960K)->105410K(232960K)
[190.240s][info][gc,heap        ] GC(1446) ParOldGen: 1336217K(1398272K)->1361449K(1398272K)
[190.240s][info][gc,metaspace   ] GC(1446) Metaspace: 125663K(129984K)->125663K(129984K) NonClass: 107564K(108288K)->107564K(108288K) Class: 18098K(21696K)->18098K(21696K)
[190.240s][info][gc             ] GC(1446) Pause Young (Allocation Failure) 1656M->1432M(1820M) 11.576ms
[190.240s][info][gc,cpu         ] GC(1446) User=0.45s Sys=0.00s Real=0.02s
[190.240s][info][gc,start       ] GC(1447) Pause Full (Ergonomics)
[190.240s][info][gc,phases,start] GC(1447) Marking Phase
[190.287s][info][gc,phases      ] GC(1447) Marking Phase 46.563ms
[190.287s][info][gc,phases,start] GC(1447) Summary Phase
[190.287s][info][gc,phases      ] GC(1447) Summary Phase 0.059ms
[190.287s][info][gc,phases,start] GC(1447) Adjust Roots
[190.307s][info][gc,phases      ] GC(1447) Adjust Roots 19.699ms
[190.307s][info][gc,phases,start] GC(1447) Compaction Phase
[190.332s][info][gc,phases      ] GC(1447) Compaction Phase 24.991ms
[190.332s][info][gc,phases,start] GC(1447) Post Compact
[190.340s][info][gc,phases      ] GC(1447) Post Compact 8.245ms
[190.340s][info][gc,heap        ] GC(1447) PSYoungGen: 105410K(465920K)->0K(465920K) Eden: 0K(232960K)->0K(232960K) From: 105410K(232960K)->0K(232960K)
[190.340s][info][gc,heap        ] GC(1447) ParOldGen: 1361449K(1398272K)->1366844K(1398272K)
[190.340s][info][gc,metaspace   ] GC(1447) Metaspace: 125663K(129984K)->125663K(129984K) NonClass: 107564K(108288K)->107564K(108288K) Class: 18098K(21696K)->18098K(21696K)
[190.340s][info][gc             ] GC(1447) Pause Full (Ergonomics) 1432M->1334M(1820M) 99.915ms
[190.340s][info][gc,cpu         ] GC(1447) User=1.55s Sys=0.00s Real=0.09s
[190.358s][info][gc,start       ] GC(1448) Pause Full (Ergonomics)
[190.358s][info][gc,phases,start] GC(1448) Marking Phase
[190.406s][info][gc,phases      ] GC(1448) Marking Phase 48.454ms
[190.406s][info][gc,phases,start] GC(1448) Summary Phase
[190.406s][info][gc,phases      ] GC(1448) Summary Phase 0.068ms
[190.406s][info][gc,phases,start] GC(1448) Adjust Roots
[190.424s][info][gc,phases      ] GC(1448) Adjust Roots 18.138ms
[190.425s][info][gc,phases,start] GC(1448) Compaction Phase
[190.454s][info][gc,phases      ] GC(1448) Compaction Phase 29.705ms
[190.454s][info][gc,phases,start] GC(1448) Post Compact
[190.465s][info][gc,phases      ] GC(1448) Post Compact 10.245ms
[190.465s][info][gc,heap        ] GC(1448) PSYoungGen: 232279K(465920K)->0K(465920K) Eden: 232279K(232960K)->0K(232960K) From: 0K(232960K)->0K(232960K)
[190.465s][info][gc,heap        ] GC(1448) ParOldGen: 1366844K(1398272K)->1366057K(1398272K)
[190.465s][info][gc,metaspace   ] GC(1448) Metaspace: 125663K(129984K)->125663K(129984K) NonClass: 107564K(108288K)->107564K(108288K) Class: 18098K(21696K)->18098K(21696K)
[190.465s][info][gc             ] GC(1448) Pause Full (Ergonomics) 1561M->1334M(1820M) 107.064ms
[190.465s][info][gc,cpu         ] GC(1448) User=1.17s Sys=0.00s Real=0.11s
[190.482s][info][gc,start       ] GC(1449) Pause Full (Ergonomics)
[190.483s][info][gc,phases,start] GC(1449) Marking Phase
[190.529s][info][gc,phases      ] GC(1449) Marking Phase 46.274ms
[190.529s][info][gc,phases,start] GC(1449) Summary Phase
[190.529s][info][gc,phases      ] GC(1449) Summary Phase 0.061ms
[190.529s][info][gc,phases,start] GC(1449) Adjust Roots
[190.543s][info][gc,phases      ] GC(1449) Adjust Roots 13.997ms
[190.543s][info][gc,phases,start] GC(1449) Compaction Phase
[190.562s][info][gc,phases      ] GC(1449) Compaction Phase 18.998ms
[190.562s][info][gc,phases,start] GC(1449) Post Compact
[190.572s][info][gc,phases      ] GC(1449) Post Compact 10.099ms
[190.572s][info][gc,heap        ] GC(1449) PSYoungGen: 232960K(465920K)->0K(465920K) Eden: 232960K(232960K)->0K(232960K) From: 0K(232960K)->0K(232960K)
[190.572s][info][gc,heap        ] GC(1449) ParOldGen: 1366057K(1398272K)->1361647K(1398272K)
[190.572s][info][gc,metaspace   ] GC(1449) Metaspace: 125663K(129984K)->125663K(129984K) NonClass: 107564K(108288K)->107564K(108288K) Class: 18098K(21696K)->18098K(21696K)
[190.572s][info][gc             ] GC(1449) Pause Full (Ergonomics) 1561M->1329M(1820M) 89.927ms
[190.572s][info][gc,cpu         ] GC(1449) User=1.59s Sys=0.00s Real=0.09s
[190.590s][info][gc,start       ] GC(1450) Pause Full (Ergonomics)
[190.590s][info][gc,phases,start] GC(1450) Marking Phase
[190.644s][info][gc,phases      ] GC(1450) Marking Phase 53.472ms
[190.644s][info][gc,phases,start] GC(1450) Summary Phase
[190.644s][info][gc,phases      ] GC(1450) Summary Phase 0.060ms
[190.644s][info][gc,phases,start] GC(1450) Adjust Roots
[190.659s][info][gc,phases      ] GC(1450) Adjust Roots 14.826ms
[190.659s][info][gc,phases,start] GC(1450) Compaction Phase
[190.681s][info][gc,phases      ] GC(1450) Compaction Phase 22.414ms
[190.681s][info][gc,phases,start] GC(1450) Post Compact
[190.692s][info][gc,phases      ] GC(1450) Post Compact 10.122ms
[190.692s][info][gc,heap        ] GC(1450) PSYoungGen: 232960K(465920K)->0K(465920K) Eden: 232960K(232960K)->0K(232960K) From: 0K(232960K)->0K(232960K)
[190.692s][info][gc,heap        ] GC(1450) ParOldGen: 1361647K(1398272K)->1363292K(1398272K)
[190.692s][info][gc,metaspace   ] GC(1450) Metaspace: 125663K(129984K)->125663K(129984K) NonClass: 107564K(108288K)->107564K(108288K) Class: 18098K(21696K)->18098K(21696K)
[190.692s][info][gc             ] GC(1450) Pause Full (Ergonomics) 1557M->1331M(1820M) 101.407ms
[190.692s][info][gc,cpu         ] GC(1450) User=1.22s Sys=0.00s Real=0.10s
[190.710s][info][gc,start       ] GC(1451) Pause Full (Ergonomics)
[190.711s][info][gc,phases,start] GC(1451) Marking Phase
[190.758s][info][gc,phases      ] GC(1451) Marking Phase 47.495ms
[190.758s][info][gc,phases,start] GC(1451) Summary Phase
[190.758s][info][gc,phases      ] GC(1451) Summary Phase 0.059ms
[190.758s][info][gc,phases,start] GC(1451) Adjust Roots
[190.769s][info][gc,phases      ] GC(1451) Adjust Roots 10.960ms
[190.769s][info][gc,phases,start] GC(1451) Compaction Phase
[190.788s][info][gc,phases      ] GC(1451) Compaction Phase 19.062ms
[190.788s][info][gc,phases,start] GC(1451) Post Compact
[190.798s][info][gc,phases      ] GC(1451) Post Compact 10.066ms
[190.799s][info][gc,heap        ] GC(1451) PSYoungGen: 232960K(465920K)->0K(465920K) Eden: 232960K(232960K)->0K(232960K) From: 0K(232960K)->0K(232960K)
[190.799s][info][gc,heap        ] GC(1451) ParOldGen: 1363292K(1398272K)->1367212K(1398272K)
[190.799s][info][gc,metaspace   ] GC(1451) Metaspace: 125663K(129984K)->125663K(129984K) NonClass: 107564K(108288K)->107564K(108288K) Class: 18098K(21696K)->18098K(21696K)
[190.799s][info][gc             ] GC(1451) Pause Full (Ergonomics) 1558M->1335M(1820M) 88.132ms
[190.799s][info][gc,cpu         ] GC(1451) User=1.61s Sys=0.00s Real=0.08s
[190.818s][info][gc,start       ] GC(1452) Pause Full (Ergonomics)
[190.818s][info][gc,phases,start] GC(1452) Marking Phase
[190.872s][info][gc,phases      ] GC(1452) Marking Phase 53.341ms
[190.872s][info][gc,phases,start] GC(1452) Summary Phase
[190.872s][info][gc,phases      ] GC(1452) Summary Phase 0.061ms
[190.872s][info][gc,phases,start] GC(1452) Adjust Roots
[190.881s][info][gc,phases      ] GC(1452) Adjust Roots 8.785ms
[190.881s][info][gc,phases,start] GC(1452) Compaction Phase
[190.908s][info][gc,phases      ] GC(1452) Compaction Phase 27.111ms
[190.908s][info][gc,phases,start] GC(1452) Post Compact
[190.916s][info][gc,phases      ] GC(1452) Post Compact 8.671ms
[190.917s][info][gc,heap        ] GC(1452) PSYoungGen: 232960K(465920K)->0K(465920K) Eden: 232960K(232960K)->0K(232960K) From: 0K(232960K)->0K(232960K)
[190.917s][info][gc,heap        ] GC(1452) ParOldGen: 1367212K(1398272K)->1380924K(1398272K)
[190.917s][info][gc,metaspace   ] GC(1452) Metaspace: 125663K(129984K)->125663K(129984K) NonClass: 107564K(108288K)->107564K(108288K) Class: 18098K(21696K)->18098K(21696K)
[190.917s][info][gc             ] GC(1452) Pause Full (Ergonomics) 1562M->1348M(1820M) 98.391ms
[190.917s][info][gc,cpu         ] GC(1452) User=1.58s Sys=0.00s Real=0.09s
[190.931s][info][gc,start       ] GC(1453) Pause Full (Ergonomics)
[190.931s][info][gc,phases,start] GC(1453) Marking Phase
[190.976s][info][gc,phases      ] GC(1453) Marking Phase 45.526ms
[190.976s][info][gc,phases,start] GC(1453) Summary Phase
[190.976s][info][gc,phases      ] GC(1453) Summary Phase 0.062ms
[190.976s][info][gc,phases,start] GC(1453) Adjust Roots
[190.996s][info][gc,phases      ] GC(1453) Adjust Roots 19.592ms
[190.996s][info][gc,phases,start] GC(1453) Compaction Phase
[191.020s][info][gc,phases      ] GC(1453) Compaction Phase 24.508ms
[191.021s][info][gc,phases,start] GC(1453) Post Compact
[191.031s][info][gc,phases      ] GC(1453) Post Compact 10.355ms
[191.031s][info][gc,heap        ] GC(1453) PSYoungGen: 232960K(465920K)->0K(465920K) Eden: 232960K(232960K)->0K(232960K) From: 0K(232960K)->0K(232960K)
[191.031s][info][gc,heap        ] GC(1453) ParOldGen: 1380924K(1398272K)->1390834K(1398272K)
[191.031s][info][gc,metaspace   ] GC(1453) Metaspace: 125663K(129984K)->125663K(129984K) NonClass: 107564K(108288K)->107564K(108288K) Class: 18098K(21696K)->18098K(21696K)
[191.031s][info][gc             ] GC(1453) Pause Full (Ergonomics) 1576M->1358M(1820M) 100.493ms
[191.031s][info][gc,cpu         ] GC(1453) User=1.08s Sys=0.03s Real=0.09s
[191.051s][info][gc,start       ] GC(1454) Pause Full (Ergonomics)
[191.051s][info][gc,phases,start] GC(1454) Marking Phase
[191.106s][info][gc,phases      ] GC(1454) Marking Phase 55.258ms
[191.107s][info][gc,phases,start] GC(1454) Summary Phase
[191.107s][info][gc,phases      ] GC(1454) Summary Phase 0.062ms
[191.107s][info][gc,phases,start] GC(1454) Adjust Roots
[191.121s][info][gc,phases      ] GC(1454) Adjust Roots 14.676ms
[191.121s][info][gc,phases,start] GC(1454) Compaction Phase
[191.146s][info][gc,phases      ] GC(1454) Compaction Phase 24.352ms
[191.146s][info][gc,phases,start] GC(1454) Post Compact
[191.156s][info][gc,phases      ] GC(1454) Post Compact 10.422ms
[191.156s][info][gc,heap        ] GC(1454) PSYoungGen: 232960K(465920K)->0K(465920K) Eden: 232960K(232960K)->0K(232960K) From: 0K(232960K)->0K(232960K)
[191.156s][info][gc,heap        ] GC(1454) ParOldGen: 1390834K(1398272K)->1391317K(1398272K)
[191.156s][info][gc,metaspace   ] GC(1454) Metaspace: 125663K(129984K)->125663K(129984K) NonClass: 107564K(108288K)->107564K(108288K) Class: 18098K(21696K)->18098K(21696K)
[191.156s][info][gc             ] GC(1454) Pause Full (Ergonomics) 1585M->1358M(1820M) 105.278ms
[191.157s][info][gc,cpu         ] GC(1454) User=1.61s Sys=0.00s Real=0.09s
[191.177s][info][gc,start       ] GC(1455) Pause Full (Ergonomics)
[191.177s][info][gc,phases,start] GC(1455) Marking Phase
[191.223s][info][gc,phases      ] GC(1455) Marking Phase 46.315ms
[191.223s][info][gc,phases,start] GC(1455) Summary Phase
[191.223s][info][gc,phases      ] GC(1455) Summary Phase 0.060ms
[191.223s][info][gc,phases,start] GC(1455) Adjust Roots
[191.240s][info][gc,phases      ] GC(1455) Adjust Roots 16.188ms
[191.240s][info][gc,phases,start] GC(1455) Compaction Phase
[191.261s][info][gc,phases      ] GC(1455) Compaction Phase 21.277ms
[191.261s][info][gc,phases,start] GC(1455) Post Compact
[191.271s][info][gc,phases      ] GC(1455) Post Compact 10.347ms
[191.271s][info][gc,heap        ] GC(1455) PSYoungGen: 229445K(465920K)->0K(465920K) Eden: 229445K(232960K)->0K(232960K) From: 0K(232960K)->0K(232960K)
[191.271s][info][gc,heap        ] GC(1455) ParOldGen: 1391317K(1398272K)->1393841K(1398272K)
[191.271s][info][gc,metaspace   ] GC(1455) Metaspace: 125663K(129984K)->125663K(129984K) NonClass: 107564K(108288K)->107564K(108288K) Class: 18098K(21696K)->18098K(21696K)
[191.272s][info][gc             ] GC(1455) Pause Full (Ergonomics) 1582M->1361M(1820M) 94.677ms
[191.272s][info][gc,cpu         ] GC(1455) User=1.05s Sys=0.00s Real=0.09s
[191.293s][info][gc,start       ] GC(1456) Pause Full (Ergonomics)
[191.293s][info][gc,phases,start] GC(1456) Marking Phase
[191.340s][info][gc,phases      ] GC(1456) Marking Phase 46.476ms
[191.340s][info][gc,phases,start] GC(1456) Summary Phase
[191.340s][info][gc,phases      ] GC(1456) Summary Phase 0.042ms
[191.340s][info][gc,phases,start] GC(1456) Adjust Roots
[191.352s][info][gc,phases      ] GC(1456) Adjust Roots 12.422ms
[191.352s][info][gc,phases,start] GC(1456) Compaction Phase
[191.463s][info][gc,phases      ] GC(1456) Compaction Phase 110.381ms
[191.463s][info][gc,phases,start] GC(1456) Post Compact
[191.471s][info][gc,phases      ] GC(1456) Post Compact 7.936ms
[191.471s][info][gc,heap        ] GC(1456) PSYoungGen: 232960K(465920K)->6417K(465920K) Eden: 232960K(232960K)->6417K(232960K) From: 0K(232960K)->0K(232960K)
[191.471s][info][gc,heap        ] GC(1456) ParOldGen: 1393841K(1398272K)->1395774K(1398272K)
[191.471s][info][gc,metaspace   ] GC(1456) Metaspace: 125663K(129984K)->125663K(129984K) NonClass: 107564K(108288K)->107564K(108288K) Class: 18098K(21696K)->18098K(21696K)
[191.471s][info][gc             ] GC(1456) Pause Full (Ergonomics) 1588M->1369M(1820M) 177.591ms
[191.471s][info][gc,cpu         ] GC(1456) User=4.56s Sys=0.00s Real=0.17s
[191.483s][info][gc,start       ] GC(1457) Pause Full (Ergonomics)
[191.483s][info][gc,phases,start] GC(1457) Marking Phase
[191.522s][info][gc,phases      ] GC(1457) Marking Phase 38.627ms
[191.522s][info][gc,phases,start] GC(1457) Summary Phase
[191.522s][info][gc,phases      ] GC(1457) Summary Phase 0.053ms
[191.522s][info][gc,phases,start] GC(1457) Adjust Roots
[191.533s][info][gc,phases      ] GC(1457) Adjust Roots 10.917ms
[191.533s][info][gc,phases,start] GC(1457) Compaction Phase
[191.569s][info][gc,phases      ] GC(1457) Compaction Phase 36.482ms
[191.571s][info][gc,phases,start] GC(1457) Post Compact
[191.579s][info][gc,phases      ] GC(1457) Post Compact 7.967ms
[191.579s][info][gc,heap        ] GC(1457) PSYoungGen: 232960K(465920K)->8608K(465920K) Eden: 232960K(232960K)->8608K(232960K) From: 0K(232960K)->0K(232960K)
[191.579s][info][gc,heap        ] GC(1457) ParOldGen: 1395774K(1398272K)->1395322K(1398272K)
[191.579s][info][gc,metaspace   ] GC(1457) Metaspace: 125663K(129984K)->125663K(129984K) NonClass: 107564K(108288K)->107564K(108288K) Class: 18098K(21696K)->18098K(21696K)
[191.579s][info][gc             ] GC(1457) Pause Full (Ergonomics) 1590M->1371M(1820M) 96.271ms
[191.579s][info][gc,cpu         ] GC(1457) User=1.80s Sys=0.00s Real=0.09s
[191.593s][info][gc,start       ] GC(1458) Pause Full (Ergonomics)
[191.593s][info][gc,phases,start] GC(1458) Marking Phase
[191.632s][info][gc,phases      ] GC(1458) Marking Phase 39.327ms
[191.632s][info][gc,phases,start] GC(1458) Summary Phase
[191.632s][info][gc,phases      ] GC(1458) Summary Phase 0.046ms
[191.632s][info][gc,phases,start] GC(1458) Adjust Roots
[191.651s][info][gc,phases      ] GC(1458) Adjust Roots 18.638ms
[191.651s][info][gc,phases,start] GC(1458) Compaction Phase
[191.694s][info][gc,phases      ] GC(1458) Compaction Phase 43.457ms
[191.694s][info][gc,phases,start] GC(1458) Post Compact
[191.702s][info][gc,phases      ] GC(1458) Post Compact 7.991ms
[191.702s][info][gc,heap        ] GC(1458) PSYoungGen: 232960K(465920K)->5413K(465920K) Eden: 232960K(232960K)->5413K(232960K) From: 0K(232960K)->0K(232960K)
[191.702s][info][gc,heap        ] GC(1458) ParOldGen: 1395322K(1398272K)->1398224K(1398272K)
[191.702s][info][gc,metaspace   ] GC(1458) Metaspace: 125663K(129984K)->125663K(129984K) NonClass: 107564K(108288K)->107564K(108288K) Class: 18098K(21696K)->18098K(21696K)
[191.702s][info][gc             ] GC(1458) Pause Full (Ergonomics) 1590M->1370M(1820M) 109.777ms
[191.702s][info][gc,cpu         ] GC(1458) User=1.98s Sys=0.00s Real=0.11s
[191.717s][info][gc,start       ] GC(1459) Pause Full (Ergonomics)
[191.717s][info][gc,phases,start] GC(1459) Marking Phase
[191.768s][info][gc,phases      ] GC(1459) Marking Phase 50.404ms
[191.768s][info][gc,phases,start] GC(1459) Summary Phase
[191.768s][info][gc,phases      ] GC(1459) Summary Phase 0.043ms
[191.768s][info][gc,phases,start] GC(1459) Adjust Roots
[191.781s][info][gc,phases      ] GC(1459) Adjust Roots 13.547ms
[191.781s][info][gc,phases,start] GC(1459) Compaction Phase
[191.820s][info][gc,phases      ] GC(1459) Compaction Phase 38.217ms
[191.820s][info][gc,phases,start] GC(1459) Post Compact
[191.828s][info][gc,phases      ] GC(1459) Post Compact 7.976ms
[191.828s][info][gc,heap        ] GC(1459) PSYoungGen: 232960K(465920K)->24006K(465920K) Eden: 232960K(232960K)->24006K(232960K) From: 0K(232960K)->0K(232960K)
[191.828s][info][gc,heap        ] GC(1459) ParOldGen: 1398224K(1398272K)->1397717K(1398272K)
[191.828s][info][gc,metaspace   ] GC(1459) Metaspace: 125663K(129984K)->125663K(129984K) NonClass: 107564K(108288K)->107564K(108288K) Class: 18098K(21696K)->18098K(21696K)
[191.828s][info][gc             ] GC(1459) Pause Full (Ergonomics) 1592M->1388M(1820M) 110.502ms
[191.828s][info][gc,cpu         ] GC(1459) User=2.27s Sys=0.00s Real=0.11s
[191.844s][info][gc,start       ] GC(1460) Pause Full (Ergonomics)
[191.844s][info][gc,phases,start] GC(1460) Marking Phase
[191.883s][info][gc,phases      ] GC(1460) Marking Phase 39.309ms
[191.883s][info][gc,phases,start] GC(1460) Summary Phase
[191.883s][info][gc,phases      ] GC(1460) Summary Phase 0.050ms
[191.883s][info][gc,phases,start] GC(1460) Adjust Roots
[191.895s][info][gc,phases      ] GC(1460) Adjust Roots 11.686ms
[191.895s][info][gc,phases,start] GC(1460) Compaction Phase
[191.931s][info][gc,phases      ] GC(1460) Compaction Phase 36.188ms
[191.931s][info][gc,phases,start] GC(1460) Post Compact
[191.939s][info][gc,phases      ] GC(1460) Post Compact 7.962ms
[191.939s][info][gc,heap        ] GC(1460) PSYoungGen: 232960K(465920K)->10854K(465920K) Eden: 232960K(232960K)->10854K(232960K) From: 0K(232960K)->0K(232960K)
[191.939s][info][gc,heap        ] GC(1460) ParOldGen: 1397717K(1398272K)->1396686K(1398272K)
[191.939s][info][gc,metaspace   ] GC(1460) Metaspace: 125663K(129984K)->125663K(129984K) NonClass: 107564K(108288K)->107564K(108288K) Class: 18098K(21696K)->18098K(21696K)
[191.939s][info][gc             ] GC(1460) Pause Full (Ergonomics) 1592M->1374M(1820M) 95.522ms
[191.939s][info][gc,cpu         ] GC(1460) User=1.59s Sys=0.02s Real=0.11s
[191.953s][info][gc,start       ] GC(1461) Pause Full (Ergonomics)
[191.953s][info][gc,phases,start] GC(1461) Marking Phase
[192.000s][info][gc,phases      ] GC(1461) Marking Phase 46.794ms
[192.000s][info][gc,phases,start] GC(1461) Summary Phase
[192.000s][info][gc,phases      ] GC(1461) Summary Phase 0.044ms
[192.000s][info][gc,phases,start] GC(1461) Adjust Roots
[192.016s][info][gc,phases      ] GC(1461) Adjust Roots 15.914ms
[192.016s][info][gc,phases,start] GC(1461) Compaction Phase
[192.054s][info][gc,phases      ] GC(1461) Compaction Phase 37.449ms
[192.054s][info][gc,phases,start] GC(1461) Post Compact
[192.062s][info][gc,phases      ] GC(1461) Post Compact 7.973ms
[192.062s][info][gc,heap        ] GC(1461) PSYoungGen: 232960K(465920K)->11440K(465920K) Eden: 232960K(232960K)->11440K(232960K) From: 0K(232960K)->0K(232960K)
[192.062s][info][gc,heap        ] GC(1461) ParOldGen: 1396686K(1398272K)->1395864K(1398272K)
[192.062s][info][gc,metaspace   ] GC(1461) Metaspace: 125663K(129984K)->125663K(129984K) NonClass: 107564K(108288K)->107564K(108288K) Class: 18098K(21696K)->18098K(21696K)
[192.062s][info][gc             ] GC(1461) Pause Full (Ergonomics) 1591M->1374M(1820M) 108.486ms
[192.062s][info][gc,cpu         ] GC(1461) User=1.92s Sys=0.05s Real=0.09s
[192.078s][info][gc,start       ] GC(1462) Pause Full (Ergonomics)
[192.078s][info][gc,phases,start] GC(1462) Marking Phase
[192.119s][info][gc,phases      ] GC(1462) Marking Phase 40.897ms
[192.119s][info][gc,phases,start] GC(1462) Summary Phase
[192.119s][info][gc,phases      ] GC(1462) Summary Phase 0.046ms
[192.119s][info][gc,phases,start] GC(1462) Adjust Roots
[192.135s][info][gc,phases      ] GC(1462) Adjust Roots 16.696ms
[192.135s][info][gc,phases,start] GC(1462) Compaction Phase
[192.172s][info][gc,phases      ] GC(1462) Compaction Phase 36.546ms
[192.172s][info][gc,phases,start] GC(1462) Post Compact
[192.180s][info][gc,phases      ] GC(1462) Post Compact 7.963ms
[192.180s][info][gc,heap        ] GC(1462) PSYoungGen: 232960K(465920K)->10193K(465920K) Eden: 232960K(232960K)->10193K(232960K) From: 0K(232960K)->0K(232960K)
[192.180s][info][gc,heap        ] GC(1462) ParOldGen: 1395864K(1398272K)->1394064K(1398272K)
[192.180s][info][gc,metaspace   ] GC(1462) Metaspace: 125663K(129984K)->125663K(129984K) NonClass: 107564K(108288K)->107564K(108288K) Class: 18098K(21696K)->18098K(21696K)
[192.180s][info][gc             ] GC(1462) Pause Full (Ergonomics) 1590M->1371M(1820M) 102.462ms
[192.180s][info][gc,cpu         ] GC(1462) User=2.13s Sys=0.00s Real=0.11s
[192.195s][info][gc,start       ] GC(1463) Pause Full (Ergonomics)
[192.195s][info][gc,phases,start] GC(1463) Marking Phase
[192.241s][info][gc,phases      ] GC(1463) Marking Phase 46.029ms
[192.241s][info][gc,phases,start] GC(1463) Summary Phase
[192.241s][info][gc,phases      ] GC(1463) Summary Phase 0.044ms
[192.241s][info][gc,phases,start] GC(1463) Adjust Roots
[192.258s][info][gc,phases      ] GC(1463) Adjust Roots 16.863ms
[192.258s][info][gc,phases,start] GC(1463) Compaction Phase
[192.294s][info][gc,phases      ] GC(1463) Compaction Phase 36.543ms
[192.295s][info][gc,phases,start] GC(1463) Post Compact
[192.303s][info][gc,phases      ] GC(1463) Post Compact 7.973ms
[192.303s][info][gc,heap        ] GC(1463) PSYoungGen: 232960K(465920K)->10065K(465920K) Eden: 232960K(232960K)->10065K(232960K) From: 0K(232960K)->0K(232960K)
[192.303s][info][gc,heap        ] GC(1463) ParOldGen: 1394064K(1398272K)->1394607K(1398272K)
[192.303s][info][gc,metaspace   ] GC(1463) Metaspace: 125663K(129984K)->125663K(129984K) NonClass: 107564K(108288K)->107564K(108288K) Class: 18098K(21696K)->18098K(21696K)
[192.303s][info][gc             ] GC(1463) Pause Full (Ergonomics) 1588M->1371M(1820M) 107.810ms
[192.303s][info][gc,cpu         ] GC(1463) User=2.45s Sys=0.06s Real=0.11s
[192.319s][info][gc,start       ] GC(1464) Pause Full (Ergonomics)
[192.319s][info][gc,phases,start] GC(1464) Marking Phase
[192.358s][info][gc,phases      ] GC(1464) Marking Phase 38.953ms
[192.358s][info][gc,phases,start] GC(1464) Summary Phase
[192.358s][info][gc,phases      ] GC(1464) Summary Phase 0.041ms
[192.358s][info][gc,phases,start] GC(1464) Adjust Roots
[192.375s][info][gc,phases      ] GC(1464) Adjust Roots 16.672ms
[192.375s][info][gc,phases,start] GC(1464) Compaction Phase
[192.412s][info][gc,phases      ] GC(1464) Compaction Phase 36.885ms
[192.412s][info][gc,phases,start] GC(1464) Post Compact
[192.420s][info][gc,phases      ] GC(1464) Post Compact 8.788ms
[192.421s][info][gc,heap        ] GC(1464) PSYoungGen: 232960K(465920K)->10102K(465920K) Eden: 232960K(232960K)->10102K(232960K) From: 0K(232960K)->0K(232960K)
[192.421s][info][gc,heap        ] GC(1464) ParOldGen: 1394607K(1398272K)->1394603K(1398272K)
[192.421s][info][gc,metaspace   ] GC(1464) Metaspace: 125663K(129984K)->125663K(129984K) NonClass: 107564K(108288K)->107564K(108288K) Class: 18098K(21696K)->18098K(21696K)
[192.421s][info][gc             ] GC(1464) Pause Full (Ergonomics) 1589M->1371M(1820M) 101.710ms
[192.421s][info][gc,cpu         ] GC(1464) User=1.59s Sys=0.00s Real=0.09s
[192.437s][info][gc,start       ] GC(1465) Pause Full (Ergonomics)
[192.437s][info][gc,phases,start] GC(1465) Marking Phase
[192.478s][info][gc,phases      ] GC(1465) Marking Phase 41.089ms
[192.478s][info][gc,phases,start] GC(1465) Summary Phase
[192.478s][info][gc,phases      ] GC(1465) Summary Phase 0.043ms
[192.478s][info][gc,phases,start] GC(1465) Adjust Roots
[192.493s][info][gc,phases      ] GC(1465) Adjust Roots 15.235ms
[192.493s][info][gc,phases,start] GC(1465) Compaction Phase
[192.529s][info][gc,phases      ] GC(1465) Compaction Phase 36.435ms
[192.530s][info][gc,phases,start] GC(1465) Post Compact
[192.538s][info][gc,phases      ] GC(1465) Post Compact 7.986ms
[192.538s][info][gc,heap        ] GC(1465) PSYoungGen: 232960K(465920K)->10063K(465920K) Eden: 232960K(232960K)->10063K(232960K) From: 0K(232960K)->0K(232960K)
[192.538s][info][gc,heap        ] GC(1465) ParOldGen: 1394603K(1398272K)->1395070K(1398272K)
[192.538s][info][gc,metaspace   ] GC(1465) Metaspace: 125663K(129984K)->125663K(129984K) NonClass: 107564K(108288K)->107564K(108288K) Class: 18098K(21696K)->18098K(21696K)
[192.538s][info][gc             ] GC(1465) Pause Full (Ergonomics) 1589M->1372M(1820M) 101.140ms
[192.538s][info][gc,cpu         ] GC(1465) User=1.59s Sys=0.02s Real=0.09s
[192.554s][info][gc,start       ] GC(1466) Pause Full (Ergonomics)
[192.554s][info][gc,phases,start] GC(1466) Marking Phase
[192.593s][info][gc,phases      ] GC(1466) Marking Phase 39.630ms
[192.593s][info][gc,phases,start] GC(1466) Summary Phase
[192.593s][info][gc,phases      ] GC(1466) Summary Phase 0.041ms
[192.593s][info][gc,phases,start] GC(1466) Adjust Roots
[192.608s][info][gc,phases      ] GC(1466) Adjust Roots 14.782ms
[192.608s][info][gc,phases,start] GC(1466) Compaction Phase
[192.644s][info][gc,phases      ] GC(1466) Compaction Phase 36.157ms
[192.645s][info][gc,phases,start] GC(1466) Post Compact
[192.653s][info][gc,phases      ] GC(1466) Post Compact 7.997ms
[192.653s][info][gc,heap        ] GC(1466) PSYoungGen: 232960K(465920K)->7619K(465920K) Eden: 232960K(232960K)->7619K(232960K) From: 0K(232960K)->0K(232960K)
[192.653s][info][gc,heap        ] GC(1466) ParOldGen: 1395070K(1398272K)->1394853K(1398272K)
[192.653s][info][gc,metaspace   ] GC(1466) Metaspace: 125663K(129984K)->125663K(129984K) NonClass: 107564K(108288K)->107564K(108288K) Class: 18098K(21696K)->18098K(21696K)
[192.653s][info][gc             ] GC(1466) Pause Full (Ergonomics) 1589M->1369M(1820M) 98.925ms
[192.653s][info][gc,cpu         ] GC(1466) User=1.53s Sys=0.00s Real=0.09s
[192.669s][info][gc,start       ] GC(1467) Pause Full (Ergonomics)
[192.669s][info][gc,phases,start] GC(1467) Marking Phase
[192.711s][info][gc,phases      ] GC(1467) Marking Phase 41.215ms
[192.711s][info][gc,phases,start] GC(1467) Summary Phase
[192.711s][info][gc,phases      ] GC(1467) Summary Phase 0.050ms
[192.711s][info][gc,phases,start] GC(1467) Adjust Roots
[192.723s][info][gc,phases      ] GC(1467) Adjust Roots 12.480ms
[192.723s][info][gc,phases,start] GC(1467) Compaction Phase
[192.741s][info][gc,phases      ] GC(1467) Compaction Phase 17.664ms
[192.741s][info][gc,phases,start] GC(1467) Post Compact
[192.751s][info][gc,phases      ] GC(1467) Post Compact 9.725ms
[192.751s][info][gc,heap        ] GC(1467) PSYoungGen: 232960K(465920K)->7670K(465920K) Eden: 232960K(232960K)->7670K(232960K) From: 0K(232960K)->0K(232960K)
[192.751s][info][gc,heap        ] GC(1467) ParOldGen: 1394853K(1398272K)->1394852K(1398272K)
[192.751s][info][gc,metaspace   ] GC(1467) Metaspace: 125663K(129984K)->125663K(129984K) NonClass: 107564K(108288K)->107564K(108288K) Class: 18098K(21696K)->18098K(21696K)
[192.751s][info][gc             ] GC(1467) Pause Full (Ergonomics) 1589M->1369M(1820M) 81.595ms
[192.751s][info][gc,cpu         ] GC(1467) User=0.55s Sys=0.00s Real=0.08s
[192.777s][info][gc,start       ] GC(1468) Pause Full (Ergonomics)
[192.777s][info][gc,phases,start] GC(1468) Marking Phase
[192.829s][info][gc,phases      ] GC(1468) Marking Phase 51.908ms
[192.829s][info][gc,phases,start] GC(1468) Summary Phase
[192.829s][info][gc,phases      ] GC(1468) Summary Phase 0.041ms
[192.829s][info][gc,phases,start] GC(1468) Adjust Roots
[192.844s][info][gc,phases      ] GC(1468) Adjust Roots 14.759ms
[192.844s][info][gc,phases,start] GC(1468) Compaction Phase
[192.862s][info][gc,phases      ] GC(1468) Compaction Phase 17.969ms
[192.862s][info][gc,phases,start] GC(1468) Post Compact
[192.873s][info][gc,phases      ] GC(1468) Post Compact 10.849ms
[192.873s][info][gc,heap        ] GC(1468) PSYoungGen: 232960K(465920K)->7663K(465920K) Eden: 232960K(232960K)->7663K(232960K) From: 0K(232960K)->0K(232960K)
[192.873s][info][gc,heap        ] GC(1468) ParOldGen: 1394852K(1398272K)->1394851K(1398272K)
[192.873s][info][gc,metaspace   ] GC(1468) Metaspace: 125663K(129984K)->125663K(129984K) NonClass: 107564K(108288K)->107564K(108288K) Class: 18098K(21696K)->18098K(21696K)
[192.873s][info][gc             ] GC(1468) Pause Full (Ergonomics) 1589M->1369M(1820M) 95.978ms
[192.873s][info][gc,cpu         ] GC(1468) User=0.98s Sys=0.00s Real=0.09s
[192.898s][info][gc,start       ] GC(1469) Pause Full (Ergonomics)
[192.898s][info][gc,phases,start] GC(1469) Marking Phase
[192.952s][info][gc,phases      ] GC(1469) Marking Phase 53.297ms
[192.952s][info][gc,phases,start] GC(1469) Summary Phase
[192.952s][info][gc,phases      ] GC(1469) Summary Phase 0.041ms
[192.952s][info][gc,phases,start] GC(1469) Adjust Roots
[192.971s][info][gc,phases      ] GC(1469) Adjust Roots 18.888ms
[192.971s][info][gc,phases,start] GC(1469) Compaction Phase
[192.992s][info][gc,phases      ] GC(1469) Compaction Phase 21.877ms
[192.993s][info][gc,phases,start] GC(1469) Post Compact
[193.003s][info][gc,phases      ] GC(1469) Post Compact 10.547ms
[193.003s][info][gc,heap        ] GC(1469) PSYoungGen: 232960K(465920K)->7660K(465920K) Eden: 232960K(232960K)->7660K(232960K) From: 0K(232960K)->0K(232960K)
[193.003s][info][gc,heap        ] GC(1469) ParOldGen: 1394851K(1398272K)->1394851K(1398272K)
[193.003s][info][gc,metaspace   ] GC(1469) Metaspace: 125663K(129984K)->125663K(129984K) NonClass: 107564K(108288K)->107564K(108288K) Class: 18098K(21696K)->18098K(21696K)
[193.003s][info][gc             ] GC(1469) Pause Full (Ergonomics) 1589M->1369M(1820M) 105.146ms
[193.003s][info][gc,cpu         ] GC(1469) User=1.16s Sys=0.00s Real=0.11s
[193.031s][info][gc,start       ] GC(1470) Pause Full (Ergonomics)
[193.031s][info][gc,phases,start] GC(1470) Marking Phase
[193.083s][info][gc,phases      ] GC(1470) Marking Phase 51.779ms
[193.083s][info][gc,phases,start] GC(1470) Summary Phase
[193.083s][info][gc,phases      ] GC(1470) Summary Phase 0.043ms
[193.083s][info][gc,phases,start] GC(1470) Adjust Roots
[193.099s][info][gc,phases      ] GC(1470) Adjust Roots 16.458ms
[193.099s][info][gc,phases,start] GC(1470) Compaction Phase
[193.122s][info][gc,phases      ] GC(1470) Compaction Phase 22.097ms
[193.122s][info][gc,phases,start] GC(1470) Post Compact
[193.132s][info][gc,phases      ] GC(1470) Post Compact 10.633ms
[193.132s][info][gc,heap        ] GC(1470) PSYoungGen: 232959K(465920K)->7670K(465920K) Eden: 232959K(232960K)->7670K(232960K) From: 0K(232960K)->0K(232960K)
[193.132s][info][gc,heap        ] GC(1470) ParOldGen: 1394851K(1398272K)->1394851K(1398272K)
[193.132s][info][gc,metaspace   ] GC(1470) Metaspace: 125663K(129984K)->125663K(129984K) NonClass: 107564K(108288K)->107564K(108288K) Class: 18098K(21696K)->18098K(21696K)
[193.132s][info][gc             ] GC(1470) Pause Full (Ergonomics) 1589M->1369M(1820M) 101.625ms
[193.133s][info][gc,cpu         ] GC(1470) User=0.89s Sys=0.02s Real=0.09s
[193.161s][info][gc,start       ] GC(1471) Pause Full (Ergonomics)
[193.161s][info][gc,phases,start] GC(1471) Marking Phase
[193.211s][info][gc,phases      ] GC(1471) Marking Phase 49.426ms
[193.211s][info][gc,phases,start] GC(1471) Summary Phase
[193.211s][info][gc,phases      ] GC(1471) Summary Phase 0.040ms
[193.211s][info][gc,phases,start] GC(1471) Adjust Roots
[193.222s][info][gc,phases      ] GC(1471) Adjust Roots 10.904ms
[193.222s][info][gc,phases,start] GC(1471) Compaction Phase
[193.247s][info][gc,phases      ] GC(1471) Compaction Phase 25.046ms
[193.247s][info][gc,phases,start] GC(1471) Post Compact
[193.257s][info][gc,phases      ] GC(1471) Post Compact 10.224ms
[193.257s][info][gc,heap        ] GC(1471) PSYoungGen: 232960K(465920K)->7648K(465920K) Eden: 232960K(232960K)->7648K(232960K) From: 0K(232960K)->0K(232960K)
[193.257s][info][gc,heap        ] GC(1471) ParOldGen: 1394851K(1398272K)->1394851K(1398272K)
[193.257s][info][gc,metaspace   ] GC(1471) Metaspace: 125663K(129984K)->125663K(129984K) NonClass: 107564K(108288K)->107564K(108288K) Class: 18098K(21696K)->18098K(21696K)
[193.257s][info][gc             ] GC(1471) Pause Full (Ergonomics) 1589M->1369M(1820M) 96.073ms
[193.257s][info][gc,cpu         ] GC(1471) User=1.73s Sys=0.00s Real=0.09s
[193.282s][info][gc,start       ] GC(1472) Pause Full (Ergonomics)
[193.282s][info][gc,phases,start] GC(1472) Marking Phase
[193.331s][info][gc,phases      ] GC(1472) Marking Phase 48.853ms
[193.331s][info][gc,phases,start] GC(1472) Summary Phase
[193.331s][info][gc,phases      ] GC(1472) Summary Phase 0.044ms
[193.331s][info][gc,phases,start] GC(1472) Adjust Roots
[193.340s][info][gc,phases      ] GC(1472) Adjust Roots 8.616ms
[193.340s][info][gc,phases,start] GC(1472) Compaction Phase
[193.354s][info][gc,phases      ] GC(1472) Compaction Phase 14.397ms
[193.354s][info][gc,phases,start] GC(1472) Post Compact
[193.364s][info][gc,phases      ] GC(1472) Post Compact 10.081ms
[193.365s][info][gc,heap        ] GC(1472) PSYoungGen: 232960K(465920K)->7659K(465920K) Eden: 232960K(232960K)->7659K(232960K) From: 0K(232960K)->0K(232960K)
[193.365s][info][gc,heap        ] GC(1472) ParOldGen: 1394851K(1398272K)->1394851K(1398272K)
[193.365s][info][gc,metaspace   ] GC(1472) Metaspace: 125663K(129984K)->125663K(129984K) NonClass: 107564K(108288K)->107564K(108288K) Class: 18098K(21696K)->18098K(21696K)
[193.365s][info][gc             ] GC(1472) Pause Full (Ergonomics) 1589M->1369M(1820M) 82.458ms
[193.365s][info][gc,cpu         ] GC(1472) User=0.97s Sys=0.00s Real=0.08s
[193.390s][info][gc,start       ] GC(1473) Pause Full (Ergonomics)
[193.390s][info][gc,phases,start] GC(1473) Marking Phase
[193.444s][info][gc,phases      ] GC(1473) Marking Phase 53.491ms
[193.444s][info][gc,phases,start] GC(1473) Summary Phase
[193.444s][info][gc,phases      ] GC(1473) Summary Phase 0.041ms
[193.444s][info][gc,phases,start] GC(1473) Adjust Roots
[193.460s][info][gc,phases      ] GC(1473) Adjust Roots 15.930ms
[193.460s][info][gc,phases,start] GC(1473) Compaction Phase
[193.478s][info][gc,phases      ] GC(1473) Compaction Phase 18.776ms
[193.478s][info][gc,phases,start] GC(1473) Post Compact
[193.489s][info][gc,phases      ] GC(1473) Post Compact 10.584ms
[193.489s][info][gc,heap        ] GC(1473) PSYoungGen: 232960K(465920K)->7659K(465920K) Eden: 232960K(232960K)->7659K(232960K) From: 0K(232960K)->0K(232960K)
[193.489s][info][gc,heap        ] GC(1473) ParOldGen: 1394851K(1398272K)->1394851K(1398272K)
[193.489s][info][gc,metaspace   ] GC(1473) Metaspace: 125663K(129984K)->125663K(129984K) NonClass: 107564K(108288K)->107564K(108288K) Class: 18098K(21696K)->18098K(21696K)
[193.489s][info][gc             ] GC(1473) Pause Full (Ergonomics) 1589M->1369M(1820M) 99.330ms
[193.489s][info][gc,cpu         ] GC(1473) User=1.34s Sys=0.06s Real=0.09s
[193.516s][info][gc,start       ] GC(1474) Pause Full (Ergonomics)
[193.516s][info][gc,phases,start] GC(1474) Marking Phase
[193.567s][info][gc,phases      ] GC(1474) Marking Phase 51.576ms
[193.567s][info][gc,phases,start] GC(1474) Summary Phase
[193.567s][info][gc,phases      ] GC(1474) Summary Phase 0.040ms
[193.567s][info][gc,phases,start] GC(1474) Adjust Roots
[193.583s][info][gc,phases      ] GC(1474) Adjust Roots 15.577ms
[193.583s][info][gc,phases,start] GC(1474) Compaction Phase
[193.607s][info][gc,phases      ] GC(1474) Compaction Phase 23.848ms
[193.607s][info][gc,phases,start] GC(1474) Post Compact
[193.618s][info][gc,phases      ] GC(1474) Post Compact 10.825ms
[193.618s][info][gc,heap        ] GC(1474) PSYoungGen: 232960K(465920K)->7654K(465920K) Eden: 232960K(232960K)->7654K(232960K) From: 0K(232960K)->0K(232960K)
[193.618s][info][gc,heap        ] GC(1474) ParOldGen: 1394851K(1398272K)->1394851K(1398272K)
[193.618s][info][gc,metaspace   ] GC(1474) Metaspace: 125663K(129984K)->125663K(129984K) NonClass: 107564K(108288K)->107564K(108288K) Class: 18098K(21696K)->18098K(21696K)
[193.618s][info][gc             ] GC(1474) Pause Full (Ergonomics) 1589M->1369M(1820M) 102.334ms
[193.618s][info][gc,cpu         ] GC(1474) User=2.06s Sys=0.02s Real=0.11s
[193.643s][info][gc,start       ] GC(1475) Pause Full (Ergonomics)
[193.643s][info][gc,phases,start] GC(1475) Marking Phase
[193.692s][info][gc,phases      ] GC(1475) Marking Phase 48.410ms
[193.692s][info][gc,phases,start] GC(1475) Summary Phase
[193.692s][info][gc,phases      ] GC(1475) Summary Phase 0.041ms
[193.692s][info][gc,phases,start] GC(1475) Adjust Roots
[193.702s][info][gc,phases      ] GC(1475) Adjust Roots 10.479ms
[193.702s][info][gc,phases,start] GC(1475) Compaction Phase
[193.718s][info][gc,phases      ] GC(1475) Compaction Phase 16.060ms
[193.718s][info][gc,phases,start] GC(1475) Post Compact
[193.727s][info][gc,phases      ] GC(1475) Post Compact 8.861ms
[193.727s][info][gc,heap        ] GC(1475) PSYoungGen: 232960K(465920K)->7659K(465920K) Eden: 232960K(232960K)->7659K(232960K) From: 0K(232960K)->0K(232960K)
[193.727s][info][gc,heap        ] GC(1475) ParOldGen: 1394851K(1398272K)->1394851K(1398272K)
[193.727s][info][gc,metaspace   ] GC(1475) Metaspace: 125663K(129984K)->125663K(129984K) NonClass: 107564K(108288K)->107564K(108288K) Class: 18098K(21696K)->18098K(21696K)
[193.727s][info][gc             ] GC(1475) Pause Full (Ergonomics) 1589M->1369M(1820M) 84.164ms
[193.727s][info][gc,cpu         ] GC(1475) User=1.11s Sys=0.00s Real=0.09s
[193.752s][info][gc,start       ] GC(1476) Pause Full (Ergonomics)
[193.752s][info][gc,phases,start] GC(1476) Marking Phase
[193.799s][info][gc,phases      ] GC(1476) Marking Phase 46.827ms
[193.799s][info][gc,phases,start] GC(1476) Summary Phase
[193.799s][info][gc,phases      ] GC(1476) Summary Phase 0.054ms
[193.799s][info][gc,phases,start] GC(1476) Adjust Roots
[193.815s][info][gc,phases      ] GC(1476) Adjust Roots 16.480ms
[193.815s][info][gc,phases,start] GC(1476) Compaction Phase
[193.852s][info][gc,phases      ] GC(1476) Compaction Phase 36.522ms
[193.852s][info][gc,phases,start] GC(1476) Post Compact
[193.860s][info][gc,phases      ] GC(1476) Post Compact 7.995ms
[193.860s][info][gc,heap        ] GC(1476) PSYoungGen: 232960K(465920K)->0K(465920K) Eden: 232960K(232960K)->0K(232960K) From: 0K(232960K)->0K(232960K)
[193.860s][info][gc,heap        ] GC(1476) ParOldGen: 1394851K(1398272K)->1377942K(1398272K)
[193.860s][info][gc,metaspace   ] GC(1476) Metaspace: 125663K(129984K)->125663K(129984K) NonClass: 107564K(108288K)->107564K(108288K) Class: 18098K(21696K)->18098K(21696K)
[193.860s][info][gc             ] GC(1476) Pause Full (Ergonomics) 1589M->1345M(1820M) 108.231ms
[193.860s][info][gc,cpu         ] GC(1476) User=2.56s Sys=0.02s Real=0.11s
[193.878s][info][gc,start       ] GC(1477) Pause Full (Ergonomics)
[193.878s][info][gc,phases,start] GC(1477) Marking Phase
[193.923s][info][gc,phases      ] GC(1477) Marking Phase 44.877ms
[193.923s][info][gc,phases,start] GC(1477) Summary Phase
[193.923s][info][gc,phases      ] GC(1477) Summary Phase 0.050ms
[193.923s][info][gc,phases,start] GC(1477) Adjust Roots
[193.938s][info][gc,phases      ] GC(1477) Adjust Roots 15.075ms
[193.938s][info][gc,phases,start] GC(1477) Compaction Phase
[193.957s][info][gc,phases      ] GC(1477) Compaction Phase 18.976ms
[193.957s][info][gc,phases,start] GC(1477) Post Compact
[193.967s][info][gc,phases      ] GC(1477) Post Compact 10.213ms
[193.967s][info][gc,heap        ] GC(1477) PSYoungGen: 232960K(465920K)->0K(465920K) Eden: 232960K(232960K)->0K(232960K) From: 0K(232960K)->0K(232960K)
[193.968s][info][gc,heap        ] GC(1477) ParOldGen: 1377942K(1398272K)->1378014K(1398272K)
[193.968s][info][gc,metaspace   ] GC(1477) Metaspace: 125663K(129984K)->125663K(129984K) NonClass: 107564K(108288K)->107564K(108288K) Class: 18098K(21696K)->18098K(21696K)
[193.968s][info][gc             ] GC(1477) Pause Full (Ergonomics) 1573M->1345M(1820M) 89.636ms
[193.968s][info][gc,cpu         ] GC(1477) User=0.95s Sys=0.02s Real=0.08s
[193.996s][info][gc,start       ] GC(1478) Pause Full (Ergonomics)
[193.996s][info][gc,phases,start] GC(1478) Marking Phase
[194.047s][info][gc,phases      ] GC(1478) Marking Phase 51.346ms
[194.047s][info][gc,phases,start] GC(1478) Summary Phase
[194.047s][info][gc,phases      ] GC(1478) Summary Phase 0.062ms
[194.047s][info][gc,phases,start] GC(1478) Adjust Roots
[194.056s][info][gc,phases      ] GC(1478) Adjust Roots 8.832ms
[194.056s][info][gc,phases,start] GC(1478) Compaction Phase
[194.090s][info][gc,phases      ] GC(1478) Compaction Phase 33.732ms
[194.090s][info][gc,phases,start] GC(1478) Post Compact
[194.098s][info][gc,phases      ] GC(1478) Post Compact 7.892ms
[194.098s][info][gc,heap        ] GC(1478) PSYoungGen: 232960K(465920K)->0K(465920K) Eden: 232960K(232960K)->0K(232960K) From: 0K(232960K)->0K(232960K)
[194.098s][info][gc,heap        ] GC(1478) ParOldGen: 1378014K(1398272K)->1349501K(1398272K)
[194.098s][info][gc,metaspace   ] GC(1478) Metaspace: 125665K(129984K)->125665K(129984K) NonClass: 107566K(108288K)->107566K(108288K) Class: 18098K(21696K)->18098K(21696K)
[194.098s][info][gc             ] GC(1478) Pause Full (Ergonomics) 1573M->1317M(1820M) 102.258ms
[194.098s][info][gc,cpu         ] GC(1478) User=2.59s Sys=0.00s Real=0.11s
[194.116s][info][gc,start       ] GC(1479) Pause Full (Ergonomics)
[194.116s][info][gc,phases,start] GC(1479) Marking Phase
[194.165s][info][gc,phases      ] GC(1479) Marking Phase 49.010ms
[194.165s][info][gc,phases,start] GC(1479) Summary Phase
[194.165s][info][gc,phases      ] GC(1479) Summary Phase 0.072ms
[194.165s][info][gc,phases,start] GC(1479) Adjust Roots
[194.183s][info][gc,phases      ] GC(1479) Adjust Roots 17.650ms
[194.183s][info][gc,phases,start] GC(1479) Compaction Phase
[194.203s][info][gc,phases      ] GC(1479) Compaction Phase 20.052ms
[194.203s][info][gc,phases,start] GC(1479) Post Compact
[194.213s][info][gc,phases      ] GC(1479) Post Compact 10.097ms
[194.213s][info][gc,heap        ] GC(1479) PSYoungGen: 232960K(465920K)->0K(465920K) Eden: 232960K(232960K)->0K(232960K) From: 0K(232960K)->0K(232960K)
[194.214s][info][gc,heap        ] GC(1479) ParOldGen: 1349501K(1398272K)->1345610K(1398272K)
[194.214s][info][gc,metaspace   ] GC(1479) Metaspace: 125665K(129984K)->125665K(129984K) NonClass: 107566K(108288K)->107566K(108288K) Class: 18098K(21696K)->18098K(21696K)
[194.214s][info][gc             ] GC(1479) Pause Full (Ergonomics) 1545M->1314M(1820M) 97.306ms
[194.214s][info][gc,cpu         ] GC(1479) User=0.92s Sys=0.02s Real=0.09s
[194.244s][info][gc,start       ] GC(1480) Pause Full (Ergonomics)
[194.244s][info][gc,phases,start] GC(1480) Marking Phase
[194.284s][info][gc,phases      ] GC(1480) Marking Phase 40.612ms
[194.285s][info][gc,phases,start] GC(1480) Summary Phase
[194.285s][info][gc,phases      ] GC(1480) Summary Phase 0.067ms
[194.285s][info][gc,phases,start] GC(1480) Adjust Roots
[194.304s][info][gc,phases      ] GC(1480) Adjust Roots 19.814ms
[194.304s][info][gc,phases,start] GC(1480) Compaction Phase
[194.335s][info][gc,phases      ] GC(1480) Compaction Phase 30.054ms
[194.335s][info][gc,phases,start] GC(1480) Post Compact
[194.343s][info][gc,phases      ] GC(1480) Post Compact 7.953ms
[194.343s][info][gc,heap        ] GC(1480) PSYoungGen: 232960K(465920K)->0K(465920K) Eden: 232960K(232960K)->0K(232960K) From: 0K(232960K)->0K(232960K)
[194.343s][info][gc,heap        ] GC(1480) ParOldGen: 1345610K(1398272K)->1321141K(1398272K)
[194.343s][info][gc,metaspace   ] GC(1480) Metaspace: 125665K(129984K)->125665K(129984K) NonClass: 107566K(108288K)->107566K(108288K) Class: 18098K(21696K)->18098K(21696K)
[194.343s][info][gc             ] GC(1480) Pause Full (Ergonomics) 1541M->1290M(1820M) 98.820ms
[194.343s][info][gc,cpu         ] GC(1480) User=1.64s Sys=0.00s Real=0.09s
[194.366s][info][gc,start       ] GC(1481) Pause Young (Allocation Failure)
[194.367s][info][gc,heap        ] GC(1481) PSYoungGen: 232960K(465920K)->1095K(465920K) Eden: 232960K(232960K)->0K(232960K) From: 0K(232960K)->1095K(232960K)
[194.367s][info][gc,heap        ] GC(1481) ParOldGen: 1321141K(1398272K)->1321141K(1398272K)
[194.367s][info][gc,metaspace   ] GC(1481) Metaspace: 125667K(129984K)->125667K(129984K) NonClass: 107568K(108288K)->107568K(108288K) Class: 18099K(21696K)->18099K(21696K)
[194.367s][info][gc             ] GC(1481) Pause Young (Allocation Failure) 1517M->1291M(1820M) 1.552ms
[194.367s][info][gc,cpu         ] GC(1481) User=0.00s Sys=0.00s Real=0.00s
[194.391s][info][gc,start       ] GC(1482) Pause Young (Allocation Failure)
[194.392s][info][gc,heap        ] GC(1482) PSYoungGen: 234055K(465920K)->1238K(465920K) Eden: 232960K(232960K)->0K(232960K) From: 1095K(232960K)->1238K(232960K)
[194.392s][info][gc,heap        ] GC(1482) ParOldGen: 1321141K(1398272K)->1321141K(1398272K)
[194.392s][info][gc,metaspace   ] GC(1482) Metaspace: 125667K(129984K)->125667K(129984K) NonClass: 107568K(108288K)->107568K(108288K) Class: 18099K(21696K)->18099K(21696K)
[194.392s][info][gc             ] GC(1482) Pause Young (Allocation Failure) 1518M->1291M(1820M) 1.472ms
[194.392s][info][gc,cpu         ] GC(1482) User=0.00s Sys=0.00s Real=0.00s
[194.892s][info][gc,start       ] GC(1483) Pause Young (System.gc())
[194.894s][info][gc,heap        ] GC(1483) PSYoungGen: 201787K(465920K)->2308K(465920K) Eden: 200549K(232960K)->0K(232960K) From: 1238K(232960K)->2308K(232960K)
[194.894s][info][gc,heap        ] GC(1483) ParOldGen: 1321141K(1398272K)->1321141K(1398272K)
[194.894s][info][gc,metaspace   ] GC(1483) Metaspace: 125695K(129984K)->125695K(129984K) NonClass: 107595K(108288K)->107595K(108288K) Class: 18099K(21696K)->18099K(21696K)
[194.894s][info][gc             ] GC(1483) Pause Young (System.gc()) 1487M->1292M(1820M) 2.562ms
[194.894s][info][gc,cpu         ] GC(1483) User=0.00s Sys=0.00s Real=0.00s
[194.894s][info][gc,start       ] GC(1484) Pause Full (System.gc())
[194.894s][info][gc,phases,start] GC(1484) Marking Phase
[194.954s][info][gc,phases      ] GC(1484) Marking Phase 59.404ms
[194.954s][info][gc,phases,start] GC(1484) Summary Phase
[194.954s][info][gc,phases      ] GC(1484) Summary Phase 0.035ms
[194.954s][info][gc,phases,start] GC(1484) Adjust Roots
[194.969s][info][gc,phases      ] GC(1484) Adjust Roots 14.568ms
[194.969s][info][gc,phases,start] GC(1484) Compaction Phase
[195.050s][info][gc,phases      ] GC(1484) Compaction Phase 81.793ms
[195.050s][info][gc,phases,start] GC(1484) Post Compact
[195.057s][info][gc,phases      ] GC(1484) Post Compact 6.607ms
[195.057s][info][gc,heap        ] GC(1484) PSYoungGen: 2308K(465920K)->0K(465920K) Eden: 0K(232960K)->0K(232960K) From: 2308K(232960K)->0K(232960K)
[195.057s][info][gc,heap        ] GC(1484) ParOldGen: 1321141K(1398272K)->974671K(1398272K)
[195.057s][info][gc,metaspace   ] GC(1484) Metaspace: 125695K(129984K)->125695K(129984K) NonClass: 107595K(108288K)->107595K(108288K) Class: 18099K(21696K)->18099K(21696K)
[195.057s][info][gc             ] GC(1484) Pause Full (System.gc()) 1292M->951M(1820M) 162.734ms
[195.057s][info][gc,cpu         ] GC(1484) User=3.83s Sys=0.00s Real=0.17s
[195.143s][info][gc,start       ] GC(1485) Pause Young (Allocation Failure)
[195.145s][info][gc,heap        ] GC(1485) PSYoungGen: 232960K(465920K)->11675K(465920K) Eden: 232960K(232960K)->0K(232960K) From: 0K(232960K)->11675K(232960K)
[195.145s][info][gc,heap        ] GC(1485) ParOldGen: 974671K(1398272K)->974679K(1398272K)
[195.145s][info][gc,metaspace   ] GC(1485) Metaspace: 125835K(130112K)->125835K(130112K) NonClass: 107735K(108416K)->107735K(108416K) Class: 18099K(21696K)->18099K(21696K)
[195.145s][info][gc             ] GC(1485) Pause Young (Allocation Failure) 1179M->963M(1820M) 2.400ms
[195.145s][info][gc,cpu         ] GC(1485) User=0.00s Sys=0.00s Real=0.00s
[195.161s][info][gc,start       ] GC(1486) Pause Young (Allocation Failure)
[195.163s][info][gc,heap        ] GC(1486) PSYoungGen: 244635K(465920K)->12076K(465920K) Eden: 232960K(232960K)->0K(232960K) From: 11675K(232960K)->12076K(232960K)
[195.163s][info][gc,heap        ] GC(1486) ParOldGen: 974679K(1398272K)->974687K(1398272K)
[195.163s][info][gc,metaspace   ] GC(1486) Metaspace: 125841K(130112K)->125841K(130112K) NonClass: 107741K(108416K)->107741K(108416K) Class: 18099K(21696K)->18099K(21696K)
[195.163s][info][gc             ] GC(1486) Pause Young (Allocation Failure) 1190M->963M(1820M) 1.948ms
[195.163s][info][gc,cpu         ] GC(1486) User=0.00s Sys=0.00s Real=0.00s
[195.179s][info][gc,start       ] GC(1487) Pause Young (Allocation Failure)
[195.182s][info][gc,heap        ] GC(1487) PSYoungGen: 245036K(465920K)->6227K(465920K) Eden: 232960K(232960K)->0K(232960K) From: 12076K(232960K)->6227K(232960K)
[195.182s][info][gc,heap        ] GC(1487) ParOldGen: 974687K(1398272K)->984139K(1398272K)
[195.182s][info][gc,metaspace   ] GC(1487) Metaspace: 125841K(130112K)->125841K(130112K) NonClass: 107742K(108416K)->107742K(108416K) Class: 18099K(21696K)->18099K(21696K)
[195.182s][info][gc             ] GC(1487) Pause Young (Allocation Failure) 1191M->967M(1820M) 2.400ms
[195.182s][info][gc,cpu         ] GC(1487) User=0.53s Sys=0.00s Real=0.02s
[195.197s][info][gc,start       ] GC(1488) Pause Young (Allocation Failure)
[195.199s][info][gc,heap        ] GC(1488) PSYoungGen: 239187K(465920K)->3790K(465920K) Eden: 232960K(232960K)->0K(232960K) From: 6227K(232960K)->3790K(232960K)
[195.199s][info][gc,heap        ] GC(1488) ParOldGen: 984139K(1398272K)->988718K(1398272K)
[195.199s][info][gc,metaspace   ] GC(1488) Metaspace: 125841K(130112K)->125841K(130112K) NonClass: 107742K(108416K)->107742K(108416K) Class: 18099K(21696K)->18099K(21696K)
[195.199s][info][gc             ] GC(1488) Pause Young (Allocation Failure) 1194M->969M(1820M) 1.712ms
[195.199s][info][gc,cpu         ] GC(1488) User=0.00s Sys=0.00s Real=0.00s
[195.215s][info][gc,start       ] GC(1489) Pause Young (Allocation Failure)
[195.217s][info][gc,heap        ] GC(1489) PSYoungGen: 236750K(465920K)->6492K(239616K) Eden: 232960K(232960K)->0K(232960K) From: 3790K(232960K)->6492K(6656K)
[195.217s][info][gc,heap        ] GC(1489) ParOldGen: 988718K(1398272K)->991681K(1398272K)
[195.217s][info][gc,metaspace   ] GC(1489) Metaspace: 125841K(130112K)->125841K(130112K) NonClass: 107742K(108416K)->107742K(108416K) Class: 18099K(21696K)->18099K(21696K)
[195.217s][info][gc             ] GC(1489) Pause Young (Allocation Failure) 1196M->974M(1599M) 2.875ms
[195.218s][info][gc,cpu         ] GC(1489) User=0.00s Sys=0.00s Real=0.00s
[195.233s][info][gc,start       ] GC(1490) Pause Young (Allocation Failure)
[195.236s][info][gc,heap        ] GC(1490) PSYoungGen: 239452K(239616K)->10821K(455168K) Eden: 232960K(232960K)->0K(239616K) From: 6492K(6656K)->10821K(215552K)
[195.236s][info][gc,heap        ] GC(1490) ParOldGen: 991681K(1398272K)->991681K(1398272K)
[195.236s][info][gc,metaspace   ] GC(1490) Metaspace: 125841K(130112K)->125841K(130112K) NonClass: 107742K(108416K)->107742K(108416K) Class: 18099K(21696K)->18099K(21696K)
[195.236s][info][gc             ] GC(1490) Pause Young (Allocation Failure) 1202M->979M(1810M) 2.893ms
[195.236s][info][gc,cpu         ] GC(1490) User=0.00s Sys=0.00s Real=0.00s
[195.252s][info][gc,start       ] GC(1491) Pause Young (Allocation Failure)
[195.255s][info][gc,heap        ] GC(1491) PSYoungGen: 250437K(455168K)->14728K(254464K) Eden: 239616K(239616K)->0K(239616K) From: 10821K(215552K)->14728K(14848K)
[195.255s][info][gc,heap        ] GC(1491) ParOldGen: 991681K(1398272K)->991681K(1398272K)
[195.255s][info][gc,metaspace   ] GC(1491) Metaspace: 125841K(130112K)->125841K(130112K) NonClass: 107742K(108416K)->107742K(108416K) Class: 18099K(21696K)->18099K(21696K)
[195.255s][info][gc             ] GC(1491) Pause Young (Allocation Failure) 1213M->982M(1614M) 2.403ms
[195.255s][info][gc,cpu         ] GC(1491) User=0.00s Sys=0.00s Real=0.00s
[195.271s][info][gc,start       ] GC(1492) Pause Young (Allocation Failure)
[195.274s][info][gc,heap        ] GC(1492) PSYoungGen: 254344K(254464K)->20946K(432128K) Eden: 239616K(239616K)->0K(246272K) From: 14728K(14848K)->20946K(185856K)
[195.274s][info][gc,heap        ] GC(1492) ParOldGen: 991681K(1398272K)->991681K(1398272K)
[195.274s][info][gc,metaspace   ] GC(1492) Metaspace: 125841K(130112K)->125841K(130112K) NonClass: 107742K(108416K)->107742K(108416K) Class: 18099K(21696K)->18099K(21696K)
[195.274s][info][gc             ] GC(1492) Pause Young (Allocation Failure) 1216M->988M(1787M) 3.787ms
[195.274s][info][gc,cpu         ] GC(1492) User=0.02s Sys=0.02s Real=0.02s
[195.291s][info][gc,start       ] GC(1493) Pause Young (Allocation Failure)
[195.296s][info][gc,heap        ] GC(1493) PSYoungGen: 267218K(432128K)->21759K(268288K) Eden: 246272K(246272K)->0K(246272K) From: 20946K(185856K)->21759K(22016K)
[195.296s][info][gc,heap        ] GC(1493) ParOldGen: 991681K(1398272K)->991681K(1398272K)
[195.296s][info][gc,metaspace   ] GC(1493) Metaspace: 125841K(130112K)->125841K(130112K) NonClass: 107742K(108416K)->107742K(108416K) Class: 18099K(21696K)->18099K(21696K)
[195.296s][info][gc             ] GC(1493) Pause Young (Allocation Failure) 1229M->989M(1627M) 4.512ms
[195.296s][info][gc,cpu         ] GC(1493) User=0.00s Sys=0.00s Real=0.00s
[195.312s][info][gc,start       ] GC(1494) Pause Young (Allocation Failure)
[195.317s][info][gc,heap        ] GC(1494) PSYoungGen: 268031K(268288K)->24493K(418816K) Eden: 246272K(246272K)->0K(253952K) From: 21759K(22016K)->24493K(164864K)
[195.317s][info][gc,heap        ] GC(1494) ParOldGen: 991681K(1398272K)->991681K(1398272K)
[195.317s][info][gc,metaspace   ] GC(1494) Metaspace: 125841K(130112K)->125841K(130112K) NonClass: 107742K(108416K)->107742K(108416K) Class: 18099K(21696K)->18099K(21696K)
[195.317s][info][gc             ] GC(1494) Pause Young (Allocation Failure) 1230M->992M(1774M) 5.562ms
[195.317s][info][gc,cpu         ] GC(1494) User=0.00s Sys=0.00s Real=0.00s
[195.335s][info][gc,start       ] GC(1495) Pause Young (Allocation Failure)
[195.339s][info][gc,heap        ] GC(1495) PSYoungGen: 278445K(418816K)->24493K(278528K) Eden: 253952K(253952K)->0K(253952K) From: 24493K(164864K)->24493K(24576K)
[195.339s][info][gc,heap        ] GC(1495) ParOldGen: 991681K(1398272K)->991681K(1398272K)
[195.339s][info][gc,metaspace   ] GC(1495) Metaspace: 125841K(130112K)->125841K(130112K) NonClass: 107742K(108416K)->107742K(108416K) Class: 18099K(21696K)->18099K(21696K)
[195.339s][info][gc             ] GC(1495) Pause Young (Allocation Failure) 1240M->992M(1637M) 4.770ms
[195.339s][info][gc,cpu         ] GC(1495) User=0.28s Sys=0.00s Real=0.02s
[195.356s][info][gc,start       ] GC(1496) Pause Young (Allocation Failure)
[195.362s][info][gc,heap        ] GC(1496) PSYoungGen: 278445K(278528K)->27618K(406016K) Eden: 253952K(253952K)->0K(262144K) From: 24493K(24576K)->27618K(143872K)
[195.362s][info][gc,heap        ] GC(1496) ParOldGen: 991681K(1398272K)->991681K(1398272K)
[195.362s][info][gc,metaspace   ] GC(1496) Metaspace: 125841K(130112K)->125841K(130112K) NonClass: 107742K(108416K)->107742K(108416K) Class: 18099K(21696K)->18099K(21696K)
[195.362s][info][gc             ] GC(1496) Pause Young (Allocation Failure) 1240M->995M(1762M) 5.782ms
[195.362s][info][gc,cpu         ] GC(1496) User=0.00s Sys=0.00s Real=0.00s
[195.379s][info][gc,start       ] GC(1497) Pause Young (Allocation Failure)
[195.385s][info][gc,heap        ] GC(1497) PSYoungGen: 289762K(406016K)->33055K(295424K) Eden: 262144K(262144K)->0K(262144K) From: 27618K(143872K)->33055K(33280K)
[195.385s][info][gc,heap        ] GC(1497) ParOldGen: 991681K(1398272K)->991681K(1398272K)
[195.385s][info][gc,metaspace   ] GC(1497) Metaspace: 125841K(130112K)->125841K(130112K) NonClass: 107742K(108416K)->107742K(108416K) Class: 18099K(21696K)->18099K(21696K)
[195.385s][info][gc             ] GC(1497) Pause Young (Allocation Failure) 1251M->1000M(1654M) 5.574ms
[195.385s][info][gc,cpu         ] GC(1497) User=0.02s Sys=0.02s Real=0.02s
[195.402s][info][gc,start       ] GC(1498) Pause Young (Allocation Failure)
[195.409s][info][gc,heap        ] GC(1498) PSYoungGen: 295199K(295424K)->50275K(404480K) Eden: 262144K(262144K)->0K(271872K) From: 33055K(33280K)->50275K(132608K)
[195.409s][info][gc,heap        ] GC(1498) ParOldGen: 991681K(1398272K)->991681K(1398272K)
[195.409s][info][gc,metaspace   ] GC(1498) Metaspace: 125841K(130112K)->125841K(130112K) NonClass: 107742K(108416K)->107742K(108416K) Class: 18099K(21696K)->18099K(21696K)
[195.409s][info][gc             ] GC(1498) Pause Young (Allocation Failure) 1256M->1017M(1760M) 7.079ms
[195.410s][info][gc,cpu         ] GC(1498) User=0.00s Sys=0.00s Real=0.00s
[195.428s][info][gc,start       ] GC(1499) Pause Young (Allocation Failure)
[195.434s][info][gc,heap        ] GC(1499) PSYoungGen: 322147K(404480K)->45587K(409600K) Eden: 271872K(271872K)->0K(271872K) From: 50275K(132608K)->45587K(137728K)
[195.434s][info][gc,heap        ] GC(1499) ParOldGen: 991681K(1398272K)->991681K(1398272K)
[195.434s][info][gc,metaspace   ] GC(1499) Metaspace: 125841K(130112K)->125841K(130112K) NonClass: 107742K(108416K)->107742K(108416K) Class: 18099K(21696K)->18099K(21696K)
[195.434s][info][gc             ] GC(1499) Pause Young (Allocation Failure) 1283M->1012M(1765M) 6.000ms
[195.434s][info][gc,cpu         ] GC(1499) User=0.28s Sys=0.00s Real=0.02s
[195.453s][info][gc,start       ] GC(1500) Pause Young (Allocation Failure)
[195.459s][info][gc,heap        ] GC(1500) PSYoungGen: 317459K(409600K)->45555K(399872K) Eden: 271872K(271872K)->0K(282624K) From: 45587K(137728K)->45555K(117248K)
[195.459s][info][gc,heap        ] GC(1500) ParOldGen: 991681K(1398272K)->991681K(1398272K)
[195.459s][info][gc,metaspace   ] GC(1500) Metaspace: 125841K(130112K)->125841K(130112K) NonClass: 107742K(108416K)->107742K(108416K) Class: 18099K(21696K)->18099K(21696K)
[195.459s][info][gc             ] GC(1500) Pause Young (Allocation Failure) 1278M->1012M(1756M) 6.644ms
[195.459s][info][gc,cpu         ] GC(1500) User=0.00s Sys=0.00s Real=0.00s
[195.478s][info][gc,start       ] GC(1501) Pause Young (Allocation Failure)
[195.484s][info][gc,heap        ] GC(1501) PSYoungGen: 328179K(399872K)->50275K(406016K) Eden: 282624K(282624K)->0K(282624K) From: 45555K(117248K)->50275K(123392K)
[195.484s][info][gc,heap        ] GC(1501) ParOldGen: 991681K(1398272K)->991681K(1398272K)
[195.484s][info][gc,metaspace   ] GC(1501) Metaspace: 125841K(130112K)->125841K(130112K) NonClass: 107742K(108416K)->107742K(108416K) Class: 18099K(21696K)->18099K(21696K)
[195.484s][info][gc             ] GC(1501) Pause Young (Allocation Failure) 1288M->1017M(1762M) 5.644ms
[195.484s][info][gc,cpu         ] GC(1501) User=0.00s Sys=0.00s Real=0.00s
[195.503s][info][gc,start       ] GC(1502) Pause Young (Allocation Failure)
[195.509s][info][gc,heap        ] GC(1502) PSYoungGen: 332899K(406016K)->48680K(403456K) Eden: 282624K(282624K)->0K(294400K) From: 50275K(123392K)->48680K(109056K)
[195.509s][info][gc,heap        ] GC(1502) ParOldGen: 991681K(1398272K)->991681K(1398272K)
[195.509s][info][gc,metaspace   ] GC(1502) Metaspace: 125841K(130112K)->125841K(130112K) NonClass: 107742K(108416K)->107742K(108416K) Class: 18099K(21696K)->18099K(21696K)
[195.509s][info][gc             ] GC(1502) Pause Young (Allocation Failure) 1293M->1015M(1759M) 6.715ms
[195.509s][info][gc,cpu         ] GC(1502) User=0.00s Sys=0.02s Real=0.02s
[195.529s][info][gc,start       ] GC(1503) Pause Young (Allocation Failure)
[195.534s][info][gc,heap        ] GC(1503) PSYoungGen: 343080K(403456K)->48712K(408064K) Eden: 294400K(294400K)->0K(294400K) From: 48680K(109056K)->48712K(113664K)
[195.534s][info][gc,heap        ] GC(1503) ParOldGen: 991681K(1398272K)->991681K(1398272K)
[195.534s][info][gc,metaspace   ] GC(1503) Metaspace: 125841K(130112K)->125841K(130112K) NonClass: 107742K(108416K)->107742K(108416K) Class: 18099K(21696K)->18099K(21696K)
[195.534s][info][gc             ] GC(1503) Pause Young (Allocation Failure) 1303M->1016M(1764M) 5.542ms
[195.534s][info][gc,cpu         ] GC(1503) User=0.00s Sys=0.00s Real=0.00s
[195.553s][info][gc,start       ] GC(1504) Pause Young (Allocation Failure)
[195.560s][info][gc,heap        ] GC(1504) PSYoungGen: 343112K(408064K)->47899K(405504K) Eden: 294400K(294400K)->0K(306688K) From: 48712K(113664K)->47899K(98816K)
[195.560s][info][gc,heap        ] GC(1504) ParOldGen: 991681K(1398272K)->992486K(1398272K)
[195.560s][info][gc,metaspace   ] GC(1504) Metaspace: 125841K(130112K)->125841K(130112K) NonClass: 107742K(108416K)->107742K(108416K) Class: 18099K(21696K)->18099K(21696K)
[195.560s][info][gc             ] GC(1504) Pause Young (Allocation Failure) 1303M->1016M(1761M) 6.596ms
[195.560s][info][gc,cpu         ] GC(1504) User=0.27s Sys=0.00s Real=0.01s
[195.580s][info][gc,start       ] GC(1505) Pause Young (Allocation Failure)
[195.586s][info][gc,heap        ] GC(1505) PSYoungGen: 354587K(405504K)->47899K(410624K) Eden: 306688K(306688K)->0K(306688K) From: 47899K(98816K)->47899K(103936K)
[195.586s][info][gc,heap        ] GC(1505) ParOldGen: 992486K(1398272K)->992502K(1398272K)
[195.586s][info][gc,metaspace   ] GC(1505) Metaspace: 125841K(130112K)->125841K(130112K) NonClass: 107742K(108416K)->107742K(108416K) Class: 18099K(21696K)->18099K(21696K)
[195.586s][info][gc             ] GC(1505) Pause Young (Allocation Failure) 1315M->1016M(1766M) 5.200ms
[195.586s][info][gc,cpu         ] GC(1505) User=0.00s Sys=0.00s Real=0.00s
[195.606s][info][gc,start       ] GC(1506) Pause Young (Allocation Failure)
[195.612s][info][gc,heap        ] GC(1506) PSYoungGen: 354587K(410624K)->54181K(416256K) Eden: 306688K(306688K)->0K(319488K) From: 47899K(103936K)->54181K(96768K)
[195.612s][info][gc,heap        ] GC(1506) ParOldGen: 992502K(1398272K)->992510K(1398272K)
[195.612s][info][gc,metaspace   ] GC(1506) Metaspace: 125841K(130112K)->125841K(130112K) NonClass: 107742K(108416K)->107742K(108416K) Class: 18099K(21696K)->18099K(21696K)
[195.612s][info][gc             ] GC(1506) Pause Young (Allocation Failure) 1315M->1022M(1772M) 5.847ms
[195.612s][info][gc,cpu         ] GC(1506) User=0.00s Sys=0.00s Real=0.00s
[195.649s][info][gc,start       ] GC(1507) Pause Young (Allocation Failure)
[195.658s][info][gc,heap        ] GC(1507) PSYoungGen: 373669K(416256K)->82274K(417792K) Eden: 319488K(319488K)->0K(319488K) From: 54181K(96768K)->82274K(98304K)
[195.658s][info][gc,heap        ] GC(1507) ParOldGen: 992510K(1398272K)->992510K(1398272K)
[195.658s][info][gc,metaspace   ] GC(1507) Metaspace: 125841K(130112K)->125841K(130112K) NonClass: 107742K(108416K)->107742K(108416K) Class: 18099K(21696K)->18099K(21696K)
[195.658s][info][gc             ] GC(1507) Pause Young (Allocation Failure) 1334M->1049M(1773M) 8.786ms
[195.658s][info][gc,cpu         ] GC(1507) User=0.00s Sys=0.00s Real=0.00s
[195.696s][info][gc,start       ] GC(1508) Pause Young (Allocation Failure)
[195.710s][info][gc,heap        ] GC(1508) PSYoungGen: 401762K(417792K)->94710K(428032K) Eden: 319488K(319488K)->0K(321536K) From: 82274K(98304K)->94710K(106496K)
[195.710s][info][gc,heap        ] GC(1508) ParOldGen: 992510K(1398272K)->992510K(1398272K)
[195.710s][info][gc,metaspace   ] GC(1508) Metaspace: 125841K(130112K)->125841K(130112K) NonClass: 107742K(108416K)->107742K(108416K) Class: 18099K(21696K)->18099K(21696K)
[195.710s][info][gc             ] GC(1508) Pause Young (Allocation Failure) 1361M->1061M(1783M) 14.393ms
[195.710s][info][gc,cpu         ] GC(1508) User=0.00s Sys=0.00s Real=0.00s
[195.743s][info][gc,start       ] GC(1509) Pause Young (Allocation Failure)
[195.751s][info][gc,heap        ] GC(1509) PSYoungGen: 416246K(428032K)->91617K(439296K) Eden: 321536K(321536K)->0K(321536K) From: 94710K(106496K)->91617K(117760K)
[195.751s][info][gc,heap        ] GC(1509) ParOldGen: 992510K(1398272K)->992510K(1398272K)
[195.751s][info][gc,metaspace   ] GC(1509) Metaspace: 125841K(130112K)->125841K(130112K) NonClass: 107742K(108416K)->107742K(108416K) Class: 18099K(21696K)->18099K(21696K)
[195.751s][info][gc             ] GC(1509) Pause Young (Allocation Failure) 1375M->1058M(1794M) 8.351ms
[195.751s][info][gc,cpu         ] GC(1509) User=0.00s Sys=0.00s Real=0.00s
[195.772s][info][gc,start       ] GC(1510) Pause Young (Allocation Failure)
[195.783s][info][gc,heap        ] GC(1510) PSYoungGen: 413153K(439296K)->88556K(455680K) Eden: 321536K(321536K)->0K(330240K) From: 91617K(117760K)->88556K(125440K)
[195.783s][info][gc,heap        ] GC(1510) ParOldGen: 992510K(1398272K)->992510K(1398272K)
[195.783s][info][gc,metaspace   ] GC(1510) Metaspace: 125841K(130112K)->125841K(130112K) NonClass: 107742K(108416K)->107742K(108416K) Class: 18099K(21696K)->18099K(21696K)
[195.783s][info][gc             ] GC(1510) Pause Young (Allocation Failure) 1372M->1055M(1810M) 10.620ms
[195.783s][info][gc,cpu         ] GC(1510) User=0.20s Sys=0.05s Real=0.02s
[195.805s][info][gc,start       ] GC(1511) Pause Young (Allocation Failure)
[195.814s][info][gc,heap        ] GC(1511) PSYoungGen: 418796K(455680K)->101024K(460800K) Eden: 330240K(330240K)->0K(330240K) From: 88556K(125440K)->101024K(130560K)
[195.814s][info][gc,heap        ] GC(1511) ParOldGen: 992510K(1398272K)->992510K(1398272K)
[195.814s][info][gc,metaspace   ] GC(1511) Metaspace: 125841K(130112K)->125841K(130112K) NonClass: 107742K(108416K)->107742K(108416K) Class: 18099K(21696K)->18099K(21696K)
[195.814s][info][gc             ] GC(1511) Pause Young (Allocation Failure) 1378M->1067M(1815M) 9.299ms
[195.815s][info][gc,cpu         ] GC(1511) User=0.00s Sys=0.00s Real=0.00s
[195.837s][info][gc,start       ] GC(1512) Pause Young (Allocation Failure)
[195.854s][info][gc,heap        ] GC(1512) PSYoungGen: 431264K(460800K)->104906K(478208K) Eden: 330240K(330240K)->0K(339456K) From: 101024K(130560K)->104906K(138752K)
[195.854s][info][gc,heap        ] GC(1512) ParOldGen: 992510K(1398272K)->992510K(1398272K)
[195.854s][info][gc,metaspace   ] GC(1512) Metaspace: 125841K(130112K)->125841K(130112K) NonClass: 107742K(108416K)->107742K(108416K) Class: 18099K(21696K)->18099K(21696K)
[195.854s][info][gc             ] GC(1512) Pause Young (Allocation Failure) 1390M->1071M(1832M) 16.683ms
[195.854s][info][gc,cpu         ] GC(1512) User=0.02s Sys=0.08s Real=0.02s
[195.881s][info][gc,start       ] GC(1513) Pause Young (Allocation Failure)
[195.894s][info][gc,heap        ] GC(1513) PSYoungGen: 444362K(478208K)->132065K(485888K) Eden: 339456K(339456K)->0K(339456K) From: 104906K(138752K)->132065K(146432K)
[195.895s][info][gc,heap        ] GC(1513) ParOldGen: 992510K(1398272K)->992510K(1398272K)
[195.895s][info][gc,metaspace   ] GC(1513) Metaspace: 125841K(130112K)->125841K(130112K) NonClass: 107742K(108416K)->107742K(108416K) Class: 18099K(21696K)->18099K(21696K)
[195.895s][info][gc             ] GC(1513) Pause Young (Allocation Failure) 1403M->1098M(1840M) 13.133ms
[195.895s][info][gc,cpu         ] GC(1513) User=0.00s Sys=0.00s Real=0.00s
[195.920s][info][gc,start       ] GC(1514) Pause Young (Allocation Failure)
[195.939s][info][gc,heap        ] GC(1514) PSYoungGen: 471521K(485888K)->122235K(512512K) Eden: 339456K(339456K)->0K(350720K) From: 132065K(146432K)->122235K(161792K)
[195.939s][info][gc,heap        ] GC(1514) ParOldGen: 992510K(1398272K)->992510K(1398272K)
[195.939s][info][gc,metaspace   ] GC(1514) Metaspace: 125841K(130112K)->125841K(130112K) NonClass: 107742K(108416K)->107742K(108416K) Class: 18099K(21696K)->18099K(21696K)
[195.939s][info][gc             ] GC(1514) Pause Young (Allocation Failure) 1429M->1088M(1866M) 19.425ms
[195.939s][info][gc,cpu         ] GC(1514) User=0.02s Sys=0.17s Real=0.02s
[195.962s][info][gc,start       ] GC(1515) Pause Young (Allocation Failure)
[195.975s][info][gc,heap        ] GC(1515) PSYoungGen: 472955K(512512K)->128541K(479744K) Eden: 350720K(350720K)->0K(350720K) From: 122235K(161792K)->128541K(129024K)
[195.975s][info][gc,heap        ] GC(1515) ParOldGen: 992510K(1398272K)->992510K(1398272K)
[195.975s][info][gc,metaspace   ] GC(1515) Metaspace: 125841K(130112K)->125841K(130112K) NonClass: 107742K(108416K)->107742K(108416K) Class: 18099K(21696K)->18099K(21696K)
[195.975s][info][gc             ] GC(1515) Pause Young (Allocation Failure) 1431M->1094M(1834M) 12.594ms
[195.975s][info][gc,cpu         ] GC(1515) User=0.42s Sys=0.00s Real=0.02s
[195.999s][info][gc,start       ] GC(1516) Pause Young (Allocation Failure)
[196.013s][info][gc,heap        ] GC(1516) PSYoungGen: 479261K(479744K)->136257K(499712K) Eden: 350720K(350720K)->0K(320000K) From: 128541K(129024K)->136257K(179712K)
[196.013s][info][gc,heap        ] GC(1516) ParOldGen: 992510K(1398272K)->992526K(1398272K)
[196.013s][info][gc,metaspace   ] GC(1516) Metaspace: 125841K(130112K)->125841K(130112K) NonClass: 107742K(108416K)->107742K(108416K) Class: 18099K(21696K)->18099K(21696K)
[196.013s][info][gc             ] GC(1516) Pause Young (Allocation Failure) 1437M->1102M(1853M) 14.539ms
[196.014s][info][gc,cpu         ] GC(1516) User=0.78s Sys=0.00s Real=0.01s
[196.035s][info][gc,start       ] GC(1517) Pause Young (Allocation Failure)
[196.047s][info][gc,heap        ] GC(1517) PSYoungGen: 456257K(499712K)->137674K(457728K) Eden: 320000K(320000K)->0K(320000K) From: 136257K(179712K)->137674K(137728K)
[196.048s][info][gc,heap        ] GC(1517) ParOldGen: 992526K(1398272K)->992526K(1398272K)
[196.048s][info][gc,metaspace   ] GC(1517) Metaspace: 125841K(130112K)->125841K(130112K) NonClass: 107742K(108416K)->107742K(108416K) Class: 18099K(21696K)->18099K(21696K)
[196.048s][info][gc             ] GC(1517) Pause Young (Allocation Failure) 1414M->1103M(1812M) 12.941ms
[196.048s][info][gc,cpu         ] GC(1517) User=0.97s Sys=0.00s Real=0.02s
[196.069s][info][gc,start       ] GC(1518) Pause Young (Allocation Failure)
[196.082s][info][gc,heap        ] GC(1518) PSYoungGen: 457674K(457728K)->145643K(483840K) Eden: 320000K(320000K)->0K(286208K) From: 137674K(137728K)->145643K(197632K)
[196.082s][info][gc,heap        ] GC(1518) ParOldGen: 992526K(1398272K)->992526K(1398272K)
[196.082s][info][gc,metaspace   ] GC(1518) Metaspace: 125841K(130112K)->125841K(130112K) NonClass: 107742K(108416K)->107742K(108416K) Class: 18099K(21696K)->18099K(21696K)
[196.082s][info][gc             ] GC(1518) Pause Young (Allocation Failure) 1416M->1111M(1838M) 13.432ms
[196.082s][info][gc,cpu         ] GC(1518) User=1.03s Sys=0.00s Real=0.02s
[196.101s][info][gc,start       ] GC(1519) Pause Young (Allocation Failure)
[196.114s][info][gc,heap        ] GC(1519) PSYoungGen: 431851K(483840K)->145290K(431616K) Eden: 286208K(286208K)->0K(286208K) From: 145643K(197632K)->145290K(145408K)
[196.114s][info][gc,heap        ] GC(1519) ParOldGen: 992526K(1398272K)->992526K(1398272K)
[196.114s][info][gc,metaspace   ] GC(1519) Metaspace: 125841K(130112K)->125841K(130112K) NonClass: 107742K(108416K)->107742K(108416K) Class: 18099K(21696K)->18099K(21696K)
[196.114s][info][gc             ] GC(1519) Pause Young (Allocation Failure) 1390M->1111M(1787M) 13.563ms
[196.115s][info][gc,cpu         ] GC(1519) User=0.52s Sys=0.00s Real=0.02s
[196.133s][info][gc,start       ] GC(1520) Pause Young (Allocation Failure)
[196.147s][info][gc,heap        ] GC(1520) PSYoungGen: 431498K(431616K)->146137K(477184K) Eden: 286208K(286208K)->0K(264704K) From: 145290K(145408K)->146137K(212480K)
[196.147s][info][gc,heap        ] GC(1520) ParOldGen: 992526K(1398272K)->992526K(1398272K)
[196.147s][info][gc,metaspace   ] GC(1520) Metaspace: 125841K(130112K)->125841K(130112K) NonClass: 107742K(108416K)->107742K(108416K) Class: 18099K(21696K)->18099K(21696K)
[196.147s][info][gc             ] GC(1520) Pause Young (Allocation Failure) 1390M->1111M(1831M) 13.718ms
[196.147s][info][gc,cpu         ] GC(1520) User=0.52s Sys=0.00s Real=0.01s
[196.164s][info][gc,start       ] GC(1521) Pause Young (Allocation Failure)
[196.179s][info][gc,heap        ] GC(1521) PSYoungGen: 410841K(477184K)->150760K(415744K) Eden: 264704K(264704K)->0K(264704K) From: 146137K(212480K)->150760K(151040K)
[196.179s][info][gc,heap        ] GC(1521) ParOldGen: 992526K(1398272K)->992526K(1398272K)
[196.179s][info][gc,metaspace   ] GC(1521) Metaspace: 125841K(130112K)->125841K(130112K) NonClass: 107742K(108416K)->107742K(108416K) Class: 18099K(21696K)->18099K(21696K)
[196.179s][info][gc             ] GC(1521) Pause Young (Allocation Failure) 1370M->1116M(1771M) 15.094ms
[196.179s][info][gc,cpu         ] GC(1521) User=0.52s Sys=0.00s Real=0.02s
[196.197s][info][gc,start       ] GC(1522) Pause Young (Allocation Failure)
[196.212s][info][gc,heap        ] GC(1522) PSYoungGen: 415464K(415744K)->155422K(467456K) Eden: 264704K(264704K)->0K(245248K) From: 150760K(151040K)->155422K(222208K)
[196.212s][info][gc,heap        ] GC(1522) ParOldGen: 992526K(1398272K)->992526K(1398272K)
[196.212s][info][gc,metaspace   ] GC(1522) Metaspace: 125841K(130112K)->125841K(130112K) NonClass: 107742K(108416K)->107742K(108416K) Class: 18099K(21696K)->18099K(21696K)
[196.212s][info][gc             ] GC(1522) Pause Young (Allocation Failure) 1374M->1121M(1822M) 15.257ms
[196.212s][info][gc,cpu         ] GC(1522) User=0.00s Sys=0.00s Real=0.00s
[196.228s][info][gc,start       ] GC(1523) Pause Young (Allocation Failure)
[196.243s][info][gc,heap        ] GC(1523) PSYoungGen: 400670K(467456K)->160947K(406528K) Eden: 245248K(245248K)->0K(245248K) From: 155422K(222208K)->160947K(161280K)
[196.243s][info][gc,heap        ] GC(1523) ParOldGen: 992526K(1398272K)->992526K(1398272K)
[196.243s][info][gc,metaspace   ] GC(1523) Metaspace: 125841K(130112K)->125841K(130112K) NonClass: 107742K(108416K)->107742K(108416K) Class: 18099K(21696K)->18099K(21696K)
[196.243s][info][gc             ] GC(1523) Pause Young (Allocation Failure) 1360M->1126M(1762M) 15.536ms
[196.243s][info][gc,cpu         ] GC(1523) User=0.02s Sys=0.00s Real=0.02s
[196.259s][info][gc,start       ] GC(1524) Pause Young (Allocation Failure)
[196.276s][info][gc,heap        ] GC(1524) PSYoungGen: 406195K(406528K)->168848K(465408K) Eden: 245248K(245248K)->0K(232960K) From: 160947K(161280K)->168848K(232448K)
[196.276s][info][gc,heap        ] GC(1524) ParOldGen: 992526K(1398272K)->992526K(1398272K)
[196.276s][info][gc,metaspace   ] GC(1524) Metaspace: 125841K(130112K)->125841K(130112K) NonClass: 107742K(108416K)->107742K(108416K) Class: 18099K(21696K)->18099K(21696K)
[196.276s][info][gc             ] GC(1524) Pause Young (Allocation Failure) 1365M->1134M(1820M) 16.496ms
[196.276s][info][gc,cpu         ] GC(1524) User=0.17s Sys=0.00s Real=0.02s
[196.291s][info][gc,start       ] GC(1525) Pause Young (Allocation Failure)
[196.307s][info][gc,heap        ] GC(1525) PSYoungGen: 401808K(465408K)->168780K(465920K) Eden: 232960K(232960K)->0K(232960K) From: 168848K(232448K)->168780K(232960K)
[196.308s][info][gc,heap        ] GC(1525) ParOldGen: 992526K(1398272K)->992526K(1398272K)
[196.308s][info][gc,metaspace   ] GC(1525) Metaspace: 125841K(130112K)->125841K(130112K) NonClass: 107742K(108416K)->107742K(108416K) Class: 18099K(21696K)->18099K(21696K)
[196.308s][info][gc             ] GC(1525) Pause Young (Allocation Failure) 1361M->1134M(1820M) 16.326ms
[196.308s][info][gc,cpu         ] GC(1525) User=0.31s Sys=0.00s Real=0.02s
[196.323s][info][gc,start       ] GC(1526) Pause Young (Allocation Failure)
[196.340s][info][gc,heap        ] GC(1526) PSYoungGen: 401740K(465920K)->108663K(465920K) Eden: 232960K(232960K)->0K(232960K) From: 168780K(232960K)->108663K(232960K)
[196.340s][info][gc,heap        ] GC(1526) ParOldGen: 992526K(1398272K)->1054541K(1398272K)
[196.340s][info][gc,metaspace   ] GC(1526) Metaspace: 125841K(130112K)->125841K(130112K) NonClass: 107742K(108416K)->107742K(108416K) Class: 18099K(21696K)->18099K(21696K)
[196.340s][info][gc             ] GC(1526) Pause Young (Allocation Failure) 1361M->1135M(1820M) 16.667ms
[196.340s][info][gc,cpu         ] GC(1526) User=0.27s Sys=0.00s Real=0.02s
[196.355s][info][gc,start       ] GC(1527) Pause Young (Allocation Failure)
[196.365s][info][gc,heap        ] GC(1527) PSYoungGen: 341623K(465920K)->71764K(465920K) Eden: 232960K(232960K)->0K(232960K) From: 108663K(232960K)->71764K(232960K)
[196.365s][info][gc,heap        ] GC(1527) ParOldGen: 1054541K(1398272K)->1096286K(1398272K)
[196.365s][info][gc,metaspace   ] GC(1527) Metaspace: 125841K(130112K)->125841K(130112K) NonClass: 107742K(108416K)->107742K(108416K) Class: 18099K(21696K)->18099K(21696K)
[196.365s][info][gc             ] GC(1527) Pause Young (Allocation Failure) 1363M->1140M(1820M) 10.552ms
[196.366s][info][gc,cpu         ] GC(1527) User=0.00s Sys=0.00s Real=0.00s
[196.381s][info][gc,start       ] GC(1528) Pause Young (Allocation Failure)
[196.388s][info][gc,heap        ] GC(1528) PSYoungGen: 304724K(465920K)->46336K(465920K) Eden: 232960K(232960K)->0K(232960K) From: 71764K(232960K)->46336K(232960K)
[196.388s][info][gc,heap        ] GC(1528) ParOldGen: 1096286K(1398272K)->1117139K(1398272K)
[196.388s][info][gc,metaspace   ] GC(1528) Metaspace: 125841K(130112K)->125841K(130112K) NonClass: 107742K(108416K)->107742K(108416K) Class: 18099K(21696K)->18099K(21696K)
[196.388s][info][gc             ] GC(1528) Pause Young (Allocation Failure) 1368M->1136M(1820M) 7.447ms
[196.388s][info][gc,cpu         ] GC(1528) User=0.33s Sys=0.00s Real=0.01s
[196.403s][info][gc,start       ] GC(1529) Pause Young (Allocation Failure)
[196.409s][info][gc,heap        ] GC(1529) PSYoungGen: 279296K(465920K)->49493K(465920K) Eden: 232960K(232960K)->0K(232960K) From: 46336K(232960K)->49493K(232960K)
[196.409s][info][gc,heap        ] GC(1529) ParOldGen: 1117139K(1398272K)->1117179K(1398272K)
[196.409s][info][gc,metaspace   ] GC(1529) Metaspace: 125841K(130112K)->125841K(130112K) NonClass: 107742K(108416K)->107742K(108416K) Class: 18099K(21696K)->18099K(21696K)
[196.409s][info][gc             ] GC(1529) Pause Young (Allocation Failure) 1363M->1139M(1820M) 5.875ms
[196.409s][info][gc,cpu         ] GC(1529) User=0.00s Sys=0.00s Real=0.00s
[196.424s][info][gc,start       ] GC(1530) Pause Young (Allocation Failure)
[196.429s][info][gc,heap        ] GC(1530) PSYoungGen: 282453K(465920K)->44806K(465920K) Eden: 232960K(232960K)->0K(232960K) From: 49493K(232960K)->44806K(232960K)
[196.429s][info][gc,heap        ] GC(1530) ParOldGen: 1117179K(1398272K)->1120400K(1398272K)
[196.429s][info][gc,metaspace   ] GC(1530) Metaspace: 125841K(130112K)->125841K(130112K) NonClass: 107742K(108416K)->107742K(108416K) Class: 18099K(21696K)->18099K(21696K)
[196.429s][info][gc             ] GC(1530) Pause Young (Allocation Failure) 1366M->1137M(1820M) 5.431ms
[196.429s][info][gc,cpu         ] GC(1530) User=0.00s Sys=0.00s Real=0.00s
[196.445s][info][gc,start       ] GC(1531) Pause Young (Allocation Failure)
[196.450s][info][gc,heap        ] GC(1531) PSYoungGen: 277766K(465920K)->26024K(465920K) Eden: 232960K(232960K)->0K(232960K) From: 44806K(232960K)->26024K(232960K)
[196.450s][info][gc,heap        ] GC(1531) ParOldGen: 1120400K(1398272K)->1139214K(1398272K)
[196.450s][info][gc,metaspace   ] GC(1531) Metaspace: 125841K(130112K)->125841K(130112K) NonClass: 107742K(108416K)->107742K(108416K) Class: 18099K(21696K)->18099K(21696K)
[196.450s][info][gc             ] GC(1531) Pause Young (Allocation Failure) 1365M->1137M(1820M) 5.099ms
[196.450s][info][gc,cpu         ] GC(1531) User=0.00s Sys=0.00s Real=0.00s
[196.465s][info][gc,start       ] GC(1532) Pause Young (Allocation Failure)
[196.467s][info][gc,heap        ] GC(1532) PSYoungGen: 258984K(465920K)->10399K(465920K) Eden: 232960K(232960K)->0K(232960K) From: 26024K(232960K)->10399K(232960K)
[196.467s][info][gc,heap        ] GC(1532) ParOldGen: 1139214K(1398272K)->1155039K(1398272K)
[196.467s][info][gc,metaspace   ] GC(1532) Metaspace: 125841K(130112K)->125841K(130112K) NonClass: 107742K(108416K)->107742K(108416K) Class: 18099K(21696K)->18099K(21696K)
[196.467s][info][gc             ] GC(1532) Pause Young (Allocation Failure) 1365M->1138M(1820M) 2.378ms
[196.467s][info][gc,cpu         ] GC(1532) User=0.00s Sys=0.00s Real=0.02s
[196.483s][info][gc,start       ] GC(1533) Pause Young (Allocation Failure)
[196.485s][info][gc,heap        ] GC(1533) PSYoungGen: 243359K(465920K)->10679K(243712K) Eden: 232960K(232960K)->0K(232960K) From: 10399K(232960K)->10679K(10752K)
[196.485s][info][gc,heap        ] GC(1533) ParOldGen: 1155039K(1398272K)->1161401K(1398272K)
[196.485s][info][gc,metaspace   ] GC(1533) Metaspace: 125841K(130112K)->125841K(130112K) NonClass: 107742K(108416K)->107742K(108416K) Class: 18099K(21696K)->18099K(21696K)
[196.485s][info][gc             ] GC(1533) Pause Young (Allocation Failure) 1365M->1144M(1603M) 2.866ms
[196.486s][info][gc,cpu         ] GC(1533) User=0.00s Sys=0.02s Real=0.02s
[196.514s][info][gc,start       ] GC(1534) Pause Young (Allocation Failure)
[196.518s][info][gc,heap        ] GC(1534) PSYoungGen: 243639K(243712K)->29181K(467968K) Eden: 232960K(232960K)->0K(240128K) From: 10679K(10752K)->29181K(227840K)
[196.518s][info][gc,heap        ] GC(1534) ParOldGen: 1161401K(1398272K)->1161401K(1398272K)
[196.518s][info][gc,metaspace   ] GC(1534) Metaspace: 125841K(130112K)->125841K(130112K) NonClass: 107742K(108416K)->107742K(108416K) Class: 18099K(21696K)->18099K(21696K)
[196.518s][info][gc             ] GC(1534) Pause Young (Allocation Failure) 1372M->1162M(1822M) 3.459ms
[196.518s][info][gc,cpu         ] GC(1534) User=0.00s Sys=0.00s Real=0.00s
[196.545s][info][gc,start       ] GC(1535) Pause Young (Allocation Failure)
[196.551s][info][gc,heap        ] GC(1535) PSYoungGen: 269309K(467968K)->54172K(294400K) Eden: 240128K(240128K)->0K(240128K) From: 29181K(227840K)->54172K(54272K)
[196.551s][info][gc,heap        ] GC(1535) ParOldGen: 1161401K(1398272K)->1161401K(1398272K)
[196.551s][info][gc,metaspace   ] GC(1535) Metaspace: 125841K(130112K)->125841K(130112K) NonClass: 107742K(108416K)->107742K(108416K) Class: 18099K(21696K)->18099K(21696K)
[196.552s][info][gc             ] GC(1535) Pause Young (Allocation Failure) 1397M->1187M(1653M) 6.133ms
[196.552s][info][gc,cpu         ] GC(1535) User=0.00s Sys=0.00s Real=0.00s
[196.568s][info][gc,start       ] GC(1536) Pause Young (Allocation Failure)
[196.576s][info][gc,heap        ] GC(1536) PSYoungGen: 294300K(294400K)->72978K(441856K) Eden: 240128K(240128K)->0K(251392K) From: 54172K(54272K)->72978K(190464K)
[196.576s][info][gc,heap        ] GC(1536) ParOldGen: 1161401K(1398272K)->1161401K(1398272K)
[196.576s][info][gc,metaspace   ] GC(1536) Metaspace: 125841K(130112K)->125841K(130112K) NonClass: 107742K(108416K)->107742K(108416K) Class: 18099K(21696K)->18099K(21696K)
[196.576s][info][gc             ] GC(1536) Pause Young (Allocation Failure) 1421M->1205M(1797M) 8.493ms
[196.577s][info][gc,cpu         ] GC(1536) User=0.00s Sys=0.02s Real=0.02s
[196.594s][info][gc,start       ] GC(1537) Pause Young (Allocation Failure)
[196.602s][info][gc,heap        ] GC(1537) PSYoungGen: 324370K(441856K)->79228K(450560K) Eden: 251392K(251392K)->0K(251392K) From: 72978K(190464K)->79228K(199168K)
[196.603s][info][gc,heap        ] GC(1537) ParOldGen: 1161401K(1398272K)->1161401K(1398272K)
[196.603s][info][gc,metaspace   ] GC(1537) Metaspace: 125841K(130112K)->125841K(130112K) NonClass: 107742K(108416K)->107742K(108416K) Class: 18099K(21696K)->18099K(21696K)
[196.603s][info][gc             ] GC(1537) Pause Young (Allocation Failure) 1450M->1211M(1805M) 8.557ms
[196.603s][info][gc,cpu         ] GC(1537) User=0.00s Sys=0.00s Real=0.00s
[196.620s][info][gc,start       ] GC(1538) Pause Young (Allocation Failure)
[196.629s][info][gc,heap        ] GC(1538) PSYoungGen: 330620K(450560K)->85486K(442368K) Eden: 251392K(251392K)->0K(265216K) From: 79228K(199168K)->85486K(177152K)
[196.629s][info][gc,heap        ] GC(1538) ParOldGen: 1161401K(1398272K)->1161401K(1398272K)
[196.629s][info][gc,metaspace   ] GC(1538) Metaspace: 125845K(130112K)->125845K(130112K) NonClass: 107745K(108416K)->107745K(108416K) Class: 18099K(21696K)->18099K(21696K)
[196.629s][info][gc             ] GC(1538) Pause Young (Allocation Failure) 1457M->1217M(1797M) 9.750ms
[196.629s][info][gc,cpu         ] GC(1538) User=0.00s Sys=0.00s Real=0.00s
[196.647s][info][gc,start       ] GC(1539) Pause Young (Allocation Failure)
[196.657s][info][gc,heap        ] GC(1539) PSYoungGen: 350702K(442368K)->91800K(448000K) Eden: 265216K(265216K)->0K(265216K) From: 85486K(177152K)->91800K(182784K)
[196.657s][info][gc,heap        ] GC(1539) ParOldGen: 1161401K(1398272K)->1161401K(1398272K)
[196.657s][info][gc,metaspace   ] GC(1539) Metaspace: 125846K(130112K)->125846K(130112K) NonClass: 107746K(108416K)->107746K(108416K) Class: 18099K(21696K)->18099K(21696K)
[196.657s][info][gc             ] GC(1539) Pause Young (Allocation Failure) 1476M->1223M(1803M) 10.084ms
[196.657s][info][gc,cpu         ] GC(1539) User=0.25s Sys=0.00s Real=0.01s
[196.675s][info][gc,start       ] GC(1540) Pause Young (Allocation Failure)
[196.685s][info][gc,heap        ] GC(1540) PSYoungGen: 357016K(448000K)->110240K(456192K) Eden: 265216K(265216K)->0K(278016K) From: 91800K(182784K)->110240K(178176K)
[196.685s][info][gc,heap        ] GC(1540) ParOldGen: 1161401K(1398272K)->1161401K(1398272K)
[196.685s][info][gc,metaspace   ] GC(1540) Metaspace: 125846K(130112K)->125846K(130112K) NonClass: 107746K(108416K)->107746K(108416K) Class: 18099K(21696K)->18099K(21696K)
[196.685s][info][gc             ] GC(1540) Pause Young (Allocation Failure) 1482M->1241M(1811M) 10.428ms
[196.685s][info][gc,cpu         ] GC(1540) User=0.30s Sys=0.00s Real=0.02s
[196.717s][info][gc,start       ] GC(1541) Pause Young (Allocation Failure)
[196.728s][info][gc,heap        ] GC(1541) PSYoungGen: 388256K(456192K)->109397K(458752K) Eden: 278016K(278016K)->0K(278016K) From: 110240K(178176K)->109397K(180736K)
[196.728s][info][gc,heap        ] GC(1541) ParOldGen: 1161401K(1398272K)->1161401K(1398272K)
[196.728s][info][gc,metaspace   ] GC(1541) Metaspace: 125846K(130112K)->125846K(130112K) NonClass: 107746K(108416K)->107746K(108416K) Class: 18099K(21696K)->18099K(21696K)
[196.728s][info][gc             ] GC(1541) Pause Young (Allocation Failure) 1513M->1241M(1813M) 11.014ms
[196.728s][info][gc,cpu         ] GC(1541) User=0.00s Sys=0.00s Real=0.00s
[196.764s][info][gc,start       ] GC(1542) Pause Young (Allocation Failure)
[196.776s][info][gc,heap        ] GC(1542) PSYoungGen: 387413K(458752K)->130668K(468992K) Eden: 278016K(278016K)->0K(286720K) From: 109397K(180736K)->130668K(182272K)
[196.776s][info][gc,heap        ] GC(1542) ParOldGen: 1161401K(1398272K)->1161401K(1398272K)
[196.776s][info][gc,metaspace   ] GC(1542) Metaspace: 125846K(130112K)->125846K(130112K) NonClass: 107746K(108416K)->107746K(108416K) Class: 18099K(21696K)->18099K(21696K)
[196.776s][info][gc             ] GC(1542) Pause Young (Allocation Failure) 1512M->1261M(1823M) 12.033ms
[196.776s][info][gc,cpu         ] GC(1542) User=0.00s Sys=0.00s Real=0.00s
[196.798s][info][gc,start       ] GC(1543) Pause Young (Allocation Failure)
[196.810s][info][gc,heap        ] GC(1543) PSYoungGen: 417388K(468992K)->123975K(476672K) Eden: 286719K(286720K)->0K(286720K) From: 130668K(182272K)->123975K(189952K)
[196.810s][info][gc,heap        ] GC(1543) ParOldGen: 1161401K(1398272K)->1161409K(1398272K)
[196.810s][info][gc,metaspace   ] GC(1543) Metaspace: 125846K(130112K)->125846K(130112K) NonClass: 107746K(108416K)->107746K(108416K) Class: 18099K(21696K)->18099K(21696K)
[196.810s][info][gc             ] GC(1543) Pause Young (Allocation Failure) 1541M->1255M(1831M) 12.098ms
[196.810s][info][gc,cpu         ] GC(1543) User=0.19s Sys=0.00s Real=0.02s
[196.830s][info][gc,start       ] GC(1544) Pause Young (Allocation Failure)
[196.842s][info][gc,heap        ] GC(1544) PSYoungGen: 410695K(476672K)->127818K(494080K) Eden: 286720K(286720K)->0K(300544K) From: 123975K(189952K)->127818K(193536K)
[196.842s][info][gc,heap        ] GC(1544) ParOldGen: 1161409K(1398272K)->1161409K(1398272K)
[196.842s][info][gc,metaspace   ] GC(1544) Metaspace: 125846K(130112K)->125846K(130112K) NonClass: 107746K(108416K)->107746K(108416K) Class: 18099K(21696K)->18099K(21696K)
[196.842s][info][gc             ] GC(1544) Pause Young (Allocation Failure) 1535M->1259M(1848M) 12.568ms
[196.842s][info][gc,cpu         ] GC(1544) User=0.45s Sys=0.00s Real=0.02s
[196.863s][info][gc,start       ] GC(1545) Pause Young (Allocation Failure)
[196.876s][info][gc,heap        ] GC(1545) PSYoungGen: 428362K(494080K)->136163K(436736K) Eden: 300544K(300544K)->0K(300544K) From: 127818K(193536K)->136163K(136192K)
[196.876s][info][gc,heap        ] GC(1545) ParOldGen: 1161409K(1398272K)->1161409K(1398272K)
[196.876s][info][gc,metaspace   ] GC(1545) Metaspace: 125846K(130112K)->125846K(130112K) NonClass: 107746K(108416K)->107746K(108416K) Class: 18099K(21696K)->18099K(21696K)
[196.876s][info][gc             ] GC(1545) Pause Young (Allocation Failure) 1552M->1267M(1792M) 12.386ms
[196.876s][info][gc,cpu         ] GC(1545) User=0.52s Sys=0.00s Real=0.02s
[196.897s][info][gc,start       ] GC(1546) Pause Young (Allocation Failure)
[196.911s][info][gc,heap        ] GC(1546) PSYoungGen: 436707K(436736K)->144523K(483328K) Eden: 300544K(300544K)->0K(281088K) From: 136163K(136192K)->144523K(202240K)
[196.911s][info][gc,heap        ] GC(1546) ParOldGen: 1161409K(1398272K)->1161449K(1398272K)
[196.911s][info][gc,metaspace   ] GC(1546) Metaspace: 125846K(130112K)->125846K(130112K) NonClass: 107746K(108416K)->107746K(108416K) Class: 18099K(21696K)->18099K(21696K)
[196.911s][info][gc             ] GC(1546) Pause Young (Allocation Failure) 1560M->1275M(1837M) 14.204ms
[196.911s][info][gc,cpu         ] GC(1546) User=0.27s Sys=0.03s Real=0.02s
[196.928s][info][gc,start       ] GC(1547) Pause Young (Allocation Failure)
[196.941s][info][gc,heap        ] GC(1547) PSYoungGen: 425611K(483328K)->151335K(432640K) Eden: 281088K(281088K)->0K(281088K) From: 144523K(202240K)->151335K(151552K)
[196.941s][info][gc,heap        ] GC(1547) ParOldGen: 1161449K(1398272K)->1161489K(1398272K)
[196.941s][info][gc,metaspace   ] GC(1547) Metaspace: 125846K(130112K)->125846K(130112K) NonClass: 107746K(108416K)->107746K(108416K) Class: 18099K(21696K)->18099K(21696K)
[196.941s][info][gc             ] GC(1547) Pause Young (Allocation Failure) 1549M->1282M(1788M) 13.447ms
[196.941s][info][gc,cpu         ] GC(1547) User=0.00s Sys=0.00s Real=0.00s
[196.957s][info][gc,start       ] GC(1548) Pause Young (Allocation Failure)
[196.975s][info][gc,heap        ] GC(1548) PSYoungGen: 432423K(432640K)->165815K(461312K) Eden: 281088K(281088K)->0K(245248K) From: 151335K(151552K)->165815K(216064K)
[196.975s][info][gc,heap        ] GC(1548) ParOldGen: 1161489K(1398272K)->1161552K(1398272K)
[196.975s][info][gc,metaspace   ] GC(1548) Metaspace: 125846K(130112K)->125846K(130112K) NonClass: 107746K(108416K)->107746K(108416K) Class: 18099K(21696K)->18099K(21696K)
[196.975s][info][gc             ] GC(1548) Pause Young (Allocation Failure) 1556M->1296M(1816M) 17.971ms
[196.975s][info][gc,cpu         ] GC(1548) User=0.25s Sys=0.02s Real=0.02s
[196.990s][info][gc,start       ] GC(1549) Pause Young (Allocation Failure)
[197.006s][info][gc,heap        ] GC(1549) PSYoungGen: 411063K(461312K)->171162K(416768K) Eden: 245248K(245248K)->0K(245248K) From: 165815K(216064K)->171162K(171520K)
[197.006s][info][gc,heap        ] GC(1549) ParOldGen: 1161552K(1398272K)->1161576K(1398272K)
[197.006s][info][gc,metaspace   ] GC(1549) Metaspace: 125846K(130112K)->125846K(130112K) NonClass: 107746K(108416K)->107746K(108416K) Class: 18099K(21696K)->18099K(21696K)
[197.006s][info][gc             ] GC(1549) Pause Young (Allocation Failure) 1535M->1301M(1772M) 16.703ms
[197.006s][info][gc,cpu         ] GC(1549) User=0.20s Sys=0.02s Real=0.02s
[197.021s][info][gc,start       ] GC(1550) Pause Young (Allocation Failure)
[197.038s][info][gc,heap        ] GC(1550) PSYoungGen: 416410K(416768K)->175703K(465920K) Eden: 245248K(245248K)->0K(232960K) From: 171162K(171520K)->175703K(232960K)
[197.038s][info][gc,heap        ] GC(1550) ParOldGen: 1161576K(1398272K)->1161616K(1398272K)
[197.038s][info][gc,metaspace   ] GC(1550) Metaspace: 125846K(130112K)->125846K(130112K) NonClass: 107746K(108416K)->107746K(108416K) Class: 18099K(21696K)->18099K(21696K)
[197.038s][info][gc             ] GC(1550) Pause Young (Allocation Failure) 1541M->1305M(1820M) 16.430ms
[197.038s][info][gc,cpu         ] GC(1550) User=0.53s Sys=0.00s Real=0.02s
[197.054s][info][gc,start       ] GC(1551) Pause Young (Allocation Failure)
[197.074s][info][gc,heap        ] GC(1551) PSYoungGen: 408663K(465920K)->213299K(465920K) Eden: 232960K(232960K)->0K(232960K) From: 175703K(232960K)->213299K(232960K)
[197.074s][info][gc,heap        ] GC(1551) ParOldGen: 1161616K(1398272K)->1161704K(1398272K)
[197.074s][info][gc,metaspace   ] GC(1551) Metaspace: 125846K(130112K)->125846K(130112K) NonClass: 107746K(108416K)->107746K(108416K) Class: 18099K(21696K)->18099K(21696K)
[197.074s][info][gc             ] GC(1551) Pause Young (Allocation Failure) 1533M->1342M(1820M) 20.424ms
[197.074s][info][gc,cpu         ] GC(1551) User=0.41s Sys=0.00s Real=0.02s
[197.093s][info][gc,start       ] GC(1552) Pause Young (Allocation Failure)
[197.115s][info][gc,heap        ] GC(1552) PSYoungGen: 446259K(465920K)->198516K(465920K) Eden: 232960K(232960K)->0K(232960K) From: 213299K(232960K)->198516K(232960K)
[197.115s][info][gc,heap        ] GC(1552) ParOldGen: 1161704K(1398272K)->1174189K(1398272K)
[197.115s][info][gc,metaspace   ] GC(1552) Metaspace: 125846K(130112K)->125846K(130112K) NonClass: 107746K(108416K)->107746K(108416K) Class: 18099K(21696K)->18099K(21696K)
[197.115s][info][gc             ] GC(1552) Pause Young (Allocation Failure) 1570M->1340M(1820M) 22.037ms
[197.115s][info][gc,cpu         ] GC(1552) User=0.52s Sys=0.02s Real=0.02s
[197.130s][info][gc,start       ] GC(1553) Pause Young (Allocation Failure)
[197.150s][info][gc,heap        ] GC(1553) PSYoungGen: 431476K(465920K)->150758K(465920K) Eden: 232960K(232960K)->0K(232960K) From: 198516K(232960K)->150758K(232960K)
[197.150s][info][gc,heap        ] GC(1553) ParOldGen: 1174189K(1398272K)->1228018K(1398272K)
[197.150s][info][gc,metaspace   ] GC(1553) Metaspace: 125846K(130112K)->125846K(130112K) NonClass: 107746K(108416K)->107746K(108416K) Class: 18099K(21696K)->18099K(21696K)
[197.150s][info][gc             ] GC(1553) Pause Young (Allocation Failure) 1568M->1346M(1820M) 19.723ms
[197.150s][info][gc,cpu         ] GC(1553) User=0.91s Sys=0.05s Real=0.02s
[197.168s][info][gc,start       ] GC(1554) Pause Young (Allocation Failure)
[197.185s][info][gc,heap        ] GC(1554) PSYoungGen: 383718K(465920K)->139222K(465920K) Eden: 232960K(232960K)->0K(232960K) From: 150758K(232960K)->139222K(232960K)
[197.185s][info][gc,heap        ] GC(1554) ParOldGen: 1228018K(1398272K)->1269624K(1398272K)
[197.185s][info][gc,metaspace   ] GC(1554) Metaspace: 125846K(130112K)->125846K(130112K) NonClass: 107746K(108416K)->107746K(108416K) Class: 18099K(21696K)->18099K(21696K)
[197.185s][info][gc             ] GC(1554) Pause Young (Allocation Failure) 1573M->1375M(1820M) 16.861ms
[197.185s][info][gc,cpu         ] GC(1554) User=0.20s Sys=0.00s Real=0.02s
[197.202s][info][gc,start       ] GC(1555) Pause Young (Allocation Failure)
[197.216s][info][gc,heap        ] GC(1555) PSYoungGen: 372182K(465920K)->125859K(465920K) Eden: 232960K(232960K)->0K(232960K) From: 139222K(232960K)->125859K(232960K)
[197.216s][info][gc,heap        ] GC(1555) ParOldGen: 1269624K(1398272K)->1286735K(1398272K)
[197.216s][info][gc,metaspace   ] GC(1555) Metaspace: 125846K(130112K)->125846K(130112K) NonClass: 107746K(108416K)->107746K(108416K) Class: 18099K(21696K)->18099K(21696K)
[197.216s][info][gc             ] GC(1555) Pause Young (Allocation Failure) 1603M->1379M(1820M) 14.027ms
[197.216s][info][gc,cpu         ] GC(1555) User=0.28s Sys=0.00s Real=0.02s
[197.229s][info][gc,start       ] GC(1556) Pause Young (Allocation Failure)
[197.243s][info][gc,heap        ] GC(1556) PSYoungGen: 358819K(465920K)->140535K(465920K) Eden: 232960K(232960K)->0K(232960K) From: 125859K(232960K)->140535K(232960K)
[197.243s][info][gc,heap        ] GC(1556) ParOldGen: 1286735K(1398272K)->1287446K(1398272K)
[197.243s][info][gc,metaspace   ] GC(1556) Metaspace: 125846K(130112K)->125846K(130112K) NonClass: 107746K(108416K)->107746K(108416K) Class: 18099K(21696K)->18099K(21696K)
[197.243s][info][gc             ] GC(1556) Pause Young (Allocation Failure) 1606M->1394M(1820M) 13.832ms
[197.243s][info][gc,cpu         ] GC(1556) User=0.53s Sys=0.00s Real=0.02s
[197.256s][info][gc,start       ] GC(1557) Pause Young (Allocation Failure)
[197.269s][info][gc,heap        ] GC(1557) PSYoungGen: 373495K(465920K)->144077K(377344K) Eden: 232960K(232960K)->0K(232960K) From: 140535K(232960K)->144077K(144384K)
[197.269s][info][gc,heap        ] GC(1557) ParOldGen: 1287446K(1398272K)->1288800K(1398272K)
[197.269s][info][gc,metaspace   ] GC(1557) Metaspace: 125846K(130112K)->125846K(130112K) NonClass: 107746K(108416K)->107746K(108416K) Class: 18099K(21696K)->18099K(21696K)
[197.269s][info][gc             ] GC(1557) Pause Young (Allocation Failure) 1622M->1399M(1734M) 13.665ms
[197.269s][info][gc,cpu         ] GC(1557) User=0.52s Sys=0.00s Real=0.02s
[197.282s][info][gc,start       ] GC(1558) Pause Young (Allocation Failure)
[197.295s][info][gc,heap        ] GC(1558) PSYoungGen: 377037K(377344K)->153581K(464384K) Eden: 232960K(232960K)->0K(236544K) From: 144077K(144384K)->153581K(227840K)
[197.295s][info][gc,heap        ] GC(1558) ParOldGen: 1288800K(1398272K)->1288800K(1398272K)
[197.295s][info][gc,metaspace   ] GC(1558) Metaspace: 125846K(130112K)->125846K(130112K) NonClass: 107746K(108416K)->107746K(108416K) Class: 18099K(21696K)->18099K(21696K)
[197.295s][info][gc             ] GC(1558) Pause Young (Allocation Failure) 1626M->1408M(1819M) 13.267ms
[197.295s][info][gc,cpu         ] GC(1558) User=0.30s Sys=0.00s Real=0.02s
[197.307s][info][gc,start       ] GC(1559) Pause Young (Allocation Failure)
[197.323s][info][gc,heap        ] GC(1559) PSYoungGen: 390125K(464384K)->162244K(460800K) Eden: 236544K(236544K)->0K(236544K) From: 153581K(227840K)->162244K(224256K)
[197.323s][info][gc,heap        ] GC(1559) ParOldGen: 1288800K(1398272K)->1288800K(1398272K)
[197.323s][info][gc,metaspace   ] GC(1559) Metaspace: 125900K(130176K)->125900K(130176K) NonClass: 107800K(108480K)->107800K(108480K) Class: 18099K(21696K)->18099K(21696K)
[197.323s][info][gc             ] GC(1559) Pause Young (Allocation Failure) 1639M->1417M(1815M) 15.965ms
[197.323s][info][gc,cpu         ] GC(1559) User=0.52s Sys=0.00s Real=0.02s
[197.336s][info][gc,start       ] GC(1560) Pause Young (Allocation Failure)
[197.352s][info][gc,heap        ] GC(1560) PSYoungGen: 398788K(460800K)->171744K(467968K) Eden: 236544K(236544K)->0K(244224K) From: 162244K(224256K)->171744K(223744K)
[197.352s][info][gc,heap        ] GC(1560) ParOldGen: 1288800K(1398272K)->1288808K(1398272K)
[197.352s][info][gc,metaspace   ] GC(1560) Metaspace: 125924K(130176K)->125924K(130176K) NonClass: 107825K(108480K)->107825K(108480K) Class: 18099K(21696K)->18099K(21696K)
[197.352s][info][gc             ] GC(1560) Pause Young (Allocation Failure) 1648M->1426M(1822M) 16.298ms
[197.352s][info][gc,cpu         ] GC(1560) User=0.52s Sys=0.00s Real=0.02s
[197.364s][info][gc,start       ] GC(1561) Pause Young (Allocation Failure)
[197.381s][info][gc,heap        ] GC(1561) PSYoungGen: 415968K(467968K)->173182K(470528K) Eden: 244224K(244224K)->0K(244224K) From: 171744K(223744K)->173182K(226304K)
[197.381s][info][gc,heap        ] GC(1561) ParOldGen: 1288808K(1398272K)->1288808K(1398272K)
[197.381s][info][gc,metaspace   ] GC(1561) Metaspace: 125924K(130176K)->125924K(130176K) NonClass: 107825K(108480K)->107825K(108480K) Class: 18099K(21696K)->18099K(21696K)
[197.381s][info][gc             ] GC(1561) Pause Young (Allocation Failure) 1664M->1427M(1825M) 16.999ms
[197.381s][info][gc,cpu         ] GC(1561) User=0.52s Sys=0.00s Real=0.01s
[197.393s][info][gc,start       ] GC(1562) Pause Young (Allocation Failure)
[197.411s][info][gc,heap        ] GC(1562) PSYoungGen: 417406K(470528K)->188824K(460800K) Eden: 244224K(244224K)->0K(232960K) From: 173182K(226304K)->188824K(227840K)
[197.411s][info][gc,heap        ] GC(1562) ParOldGen: 1288808K(1398272K)->1288808K(1398272K)
[197.411s][info][gc,metaspace   ] GC(1562) Metaspace: 125924K(130176K)->125924K(130176K) NonClass: 107825K(108480K)->107825K(108480K) Class: 18099K(21696K)->18099K(21696K)
[197.411s][info][gc             ] GC(1562) Pause Young (Allocation Failure) 1666M->1443M(1815M) 17.738ms
[197.411s][info][gc,cpu         ] GC(1562) User=0.50s Sys=0.00s Real=0.02s
[197.422s][info][gc,start       ] GC(1563) Pause Young (Allocation Failure)
[197.440s][info][gc,heap        ] GC(1563) PSYoungGen: 421784K(460800K)->193898K(465920K) Eden: 232960K(232960K)->0K(232960K) From: 188824K(227840K)->193898K(232960K)
[197.440s][info][gc,heap        ] GC(1563) ParOldGen: 1288808K(1398272K)->1290263K(1398272K)
[197.440s][info][gc,metaspace   ] GC(1563) Metaspace: 125924K(130176K)->125924K(130176K) NonClass: 107825K(108480K)->107825K(108480K) Class: 18099K(21696K)->18099K(21696K)
[197.440s][info][gc             ] GC(1563) Pause Young (Allocation Failure) 1670M->1449M(1820M) 17.942ms
[197.440s][info][gc,cpu         ] GC(1563) User=0.52s Sys=0.00s Real=0.02s
[197.452s][info][gc,start       ] GC(1564) Pause Young (Allocation Failure)
[197.473s][info][gc,heap        ] GC(1564) PSYoungGen: 426858K(465920K)->170534K(465920K) Eden: 232960K(232960K)->0K(232960K) From: 193898K(232960K)->170534K(232960K)
[197.473s][info][gc,heap        ] GC(1564) ParOldGen: 1290263K(1398272K)->1339689K(1398272K)
[197.473s][info][gc,metaspace   ] GC(1564) Metaspace: 125924K(130176K)->125924K(130176K) NonClass: 107825K(108480K)->107825K(108480K) Class: 18099K(21696K)->18099K(21696K)
[197.473s][info][gc             ] GC(1564) Pause Young (Allocation Failure) 1676M->1474M(1820M) 20.556ms
[197.473s][info][gc,cpu         ] GC(1564) User=0.52s Sys=0.00s Real=0.02s
[197.486s][info][gc,start       ] GC(1565) Pause Young (Allocation Failure)
[197.499s][info][gc,promotion   ] GC(1565) Promotion failed
[197.499s][info][gc,heap        ] GC(1565) PSYoungGen: 403494K(465920K)->403494K(465920K) Eden: 232960K(232960K)->232960K(232960K) From: 170534K(232960K)->170534K(232960K)
[197.499s][info][gc,heap        ] GC(1565) ParOldGen: 1339689K(1398272K)->1397804K(1398272K)
[197.499s][info][gc,metaspace   ] GC(1565) Metaspace: 125924K(130176K)->125924K(130176K) NonClass: 107825K(108480K)->107825K(108480K) Class: 18099K(21696K)->18099K(21696K)
[197.499s][info][gc             ] GC(1565) Pause Young (Allocation Failure) 1702M->1759M(1820M) 13.480ms
[197.499s][info][gc,cpu         ] GC(1565) User=0.45s Sys=0.00s Real=0.01s
[197.499s][info][gc,start       ] GC(1566) Pause Full (Ergonomics)
[197.499s][info][gc,phases,start] GC(1566) Marking Phase
[197.544s][info][gc,phases      ] GC(1566) Marking Phase 45.299ms
[197.545s][info][gc,phases,start] GC(1566) Summary Phase
[197.545s][info][gc,phases      ] GC(1566) Summary Phase 0.062ms
[197.545s][info][gc,phases,start] GC(1566) Adjust Roots
[197.556s][info][gc,phases      ] GC(1566) Adjust Roots 11.884ms
[197.557s][info][gc,phases,start] GC(1566) Compaction Phase
[197.582s][info][gc,phases      ] GC(1566) Compaction Phase 25.879ms
[197.582s][info][gc,phases,start] GC(1566) Post Compact
[197.593s][info][gc,phases      ] GC(1566) Post Compact 10.105ms
[197.593s][info][gc,heap        ] GC(1566) PSYoungGen: 403494K(465920K)->0K(465920K) Eden: 232960K(232960K)->0K(232960K) From: 170534K(232960K)->0K(232960K)
[197.593s][info][gc,heap        ] GC(1566) ParOldGen: 1397804K(1398272K)->1245360K(1398272K)
[197.593s][info][gc,metaspace   ] GC(1566) Metaspace: 125924K(130176K)->125924K(130176K) NonClass: 107825K(108480K)->107825K(108480K) Class: 18099K(21696K)->18099K(21696K)
[197.593s][info][gc             ] GC(1566) Pause Full (Ergonomics) 1759M->1216M(1820M) 93.588ms
[197.593s][info][gc,cpu         ] GC(1566) User=1.92s Sys=0.02s Real=0.09s
[197.607s][info][gc,start       ] GC(1567) Pause Young (Allocation Failure)
[197.611s][info][gc,heap        ] GC(1567) PSYoungGen: 232960K(465920K)->40517K(465920K) Eden: 232960K(232960K)->0K(232960K) From: 0K(232960K)->40517K(232960K)
[197.611s][info][gc,heap        ] GC(1567) ParOldGen: 1245360K(1398272K)->1245360K(1398272K)
[197.611s][info][gc,metaspace   ] GC(1567) Metaspace: 125924K(130176K)->125924K(130176K) NonClass: 107825K(108480K)->107825K(108480K) Class: 18099K(21696K)->18099K(21696K)
[197.611s][info][gc             ] GC(1567) Pause Young (Allocation Failure) 1443M->1255M(1820M) 4.847ms
[197.611s][info][gc,cpu         ] GC(1567) User=0.00s Sys=0.00s Real=0.00s
[197.625s][info][gc,start       ] GC(1568) Pause Young (Allocation Failure)
[197.633s][info][gc,heap        ] GC(1568) PSYoungGen: 273477K(465920K)->87239K(465920K) Eden: 232960K(232960K)->0K(232960K) From: 40517K(232960K)->87239K(232960K)
[197.633s][info][gc,heap        ] GC(1568) ParOldGen: 1245360K(1398272K)->1245360K(1398272K)
[197.633s][info][gc,metaspace   ] GC(1568) Metaspace: 125924K(130176K)->125924K(130176K) NonClass: 107825K(108480K)->107825K(108480K) Class: 18099K(21696K)->18099K(21696K)
[197.633s][info][gc             ] GC(1568) Pause Young (Allocation Failure) 1483M->1301M(1820M) 8.543ms
[197.634s][info][gc,cpu         ] GC(1568) User=0.00s Sys=0.00s Real=0.00s
[197.646s][info][gc,start       ] GC(1569) Pause Young (Allocation Failure)
[197.656s][info][gc,heap        ] GC(1569) PSYoungGen: 320199K(465920K)->103535K(465920K) Eden: 232960K(232960K)->0K(232960K) From: 87239K(232960K)->103535K(232960K)
[197.656s][info][gc,heap        ] GC(1569) ParOldGen: 1245360K(1398272K)->1245360K(1398272K)
[197.656s][info][gc,metaspace   ] GC(1569) Metaspace: 125924K(130176K)->125924K(130176K) NonClass: 107825K(108480K)->107825K(108480K) Class: 18099K(21696K)->18099K(21696K)
[197.656s][info][gc             ] GC(1569) Pause Young (Allocation Failure) 1528M->1317M(1820M) 10.308ms
[197.656s][info][gc,cpu         ] GC(1569) User=0.34s Sys=0.00s Real=0.02s
[197.668s][info][gc,start       ] GC(1570) Pause Young (Allocation Failure)
[197.678s][info][gc,heap        ] GC(1570) PSYoungGen: 336495K(465920K)->111343K(465920K) Eden: 232960K(232960K)->0K(232960K) From: 103535K(232960K)->111343K(232960K)
[197.678s][info][gc,heap        ] GC(1570) ParOldGen: 1245360K(1398272K)->1245360K(1398272K)
[197.678s][info][gc,metaspace   ] GC(1570) Metaspace: 125924K(130176K)->125924K(130176K) NonClass: 107825K(108480K)->107825K(108480K) Class: 18099K(21696K)->18099K(21696K)
[197.678s][info][gc             ] GC(1570) Pause Young (Allocation Failure) 1544M->1324M(1820M) 10.733ms
[197.678s][info][gc,cpu         ] GC(1570) User=0.00s Sys=0.00s Real=0.00s
[197.690s][info][gc,start       ] GC(1571) Pause Young (Allocation Failure)
[197.701s][info][gc,heap        ] GC(1571) PSYoungGen: 344303K(465920K)->118842K(462848K) Eden: 232960K(232960K)->0K(232960K) From: 111343K(232960K)->118842K(229888K)
[197.701s][info][gc,heap        ] GC(1571) ParOldGen: 1245360K(1398272K)->1245360K(1398272K)
[197.701s][info][gc,metaspace   ] GC(1571) Metaspace: 125924K(130176K)->125924K(130176K) NonClass: 107825K(108480K)->107825K(108480K) Class: 18099K(21696K)->18099K(21696K)
[197.701s][info][gc             ] GC(1571) Pause Young (Allocation Failure) 1552M->1332M(1817M) 11.105ms
[197.701s][info][gc,cpu         ] GC(1571) User=0.31s Sys=0.00s Real=0.01s
[197.712s][info][gc,start       ] GC(1572) Pause Young (Allocation Failure)
[197.724s][info][gc,heap        ] GC(1572) PSYoungGen: 351802K(462848K)->130541K(363520K) Eden: 232960K(232960K)->0K(232960K) From: 118842K(229888K)->130541K(130560K)
[197.724s][info][gc,heap        ] GC(1572) ParOldGen: 1245360K(1398272K)->1245360K(1398272K)
[197.725s][info][gc,metaspace   ] GC(1572) Metaspace: 125924K(130176K)->125924K(130176K) NonClass: 107825K(108480K)->107825K(108480K) Class: 18099K(21696K)->18099K(21696K)
[197.725s][info][gc             ] GC(1572) Pause Young (Allocation Failure) 1559M->1343M(1720M) 12.131ms
[197.725s][info][gc,cpu         ] GC(1572) User=0.52s Sys=0.00s Real=0.02s
[197.736s][info][gc,start       ] GC(1573) Pause Young (Allocation Failure)
[197.748s][info][gc,heap        ] GC(1573) PSYoungGen: 363501K(363520K)->135293K(466944K) Eden: 232960K(232960K)->0K(245248K) From: 130541K(130560K)->135293K(221696K)
[197.748s][info][gc,heap        ] GC(1573) ParOldGen: 1245360K(1398272K)->1245360K(1398272K)
[197.749s][info][gc,metaspace   ] GC(1573) Metaspace: 125924K(130176K)->125924K(130176K) NonClass: 107825K(108480K)->107825K(108480K) Class: 18099K(21696K)->18099K(21696K)
[197.749s][info][gc             ] GC(1573) Pause Young (Allocation Failure) 1571M->1348M(1821M) 12.366ms
[197.749s][info][gc,cpu         ] GC(1573) User=0.47s Sys=0.00s Real=0.02s
[197.761s][info][gc,start       ] GC(1574) Pause Young (Allocation Failure)
[197.774s][info][gc,heap        ] GC(1574) PSYoungGen: 380541K(466944K)->147741K(459264K) Eden: 245248K(245248K)->0K(245248K) From: 135293K(221696K)->147741K(214016K)
[197.774s][info][gc,heap        ] GC(1574) ParOldGen: 1245360K(1398272K)->1245360K(1398272K)
[197.774s][info][gc,metaspace   ] GC(1574) Metaspace: 125924K(130176K)->125924K(130176K) NonClass: 107825K(108480K)->107825K(108480K) Class: 18099K(21696K)->18099K(21696K)
[197.774s][info][gc             ] GC(1574) Pause Young (Allocation Failure) 1587M->1360M(1814M) 13.509ms
[197.774s][info][gc,cpu         ] GC(1574) User=0.52s Sys=0.00s Real=0.02s
[197.787s][info][gc,start       ] GC(1575) Pause Young (Allocation Failure)
[197.802s][info][gc,heap        ] GC(1575) PSYoungGen: 392989K(459264K)->164973K(471040K) Eden: 245248K(245248K)->0K(259584K) From: 147741K(214016K)->164973K(211456K)
[197.802s][info][gc,heap        ] GC(1575) ParOldGen: 1245360K(1398272K)->1245360K(1398272K)
[197.802s][info][gc,metaspace   ] GC(1575) Metaspace: 125924K(130176K)->125924K(130176K) NonClass: 107825K(108480K)->107825K(108480K) Class: 18099K(21696K)->18099K(21696K)
[197.802s][info][gc             ] GC(1575) Pause Young (Allocation Failure) 1599M->1377M(1825M) 15.365ms
[197.802s][info][gc,cpu         ] GC(1575) User=0.52s Sys=0.00s Real=0.02s
[197.816s][info][gc,start       ] GC(1576) Pause Young (Allocation Failure)
[197.833s][info][gc,heap        ] GC(1576) PSYoungGen: 424557K(471040K)->192799K(452608K) Eden: 259584K(259584K)->0K(259584K) From: 164973K(211456K)->192799K(193024K)
[197.833s][info][gc,heap        ] GC(1576) ParOldGen: 1245360K(1398272K)->1245360K(1398272K)
[197.833s][info][gc,metaspace   ] GC(1576) Metaspace: 125924K(130176K)->125924K(130176K) NonClass: 107825K(108480K)->107825K(108480K) Class: 18099K(21696K)->18099K(21696K)
[197.833s][info][gc             ] GC(1576) Pause Young (Allocation Failure) 1630M->1404M(1807M) 17.046ms
[197.833s][info][gc,cpu         ] GC(1576) User=0.52s Sys=0.00s Real=0.01s
[197.847s][info][gc,start       ] GC(1577) Pause Young (Allocation Failure)
[197.864s][info][gc,heap        ] GC(1577) PSYoungGen: 452383K(452608K)->183972K(460800K) Eden: 259584K(259584K)->0K(232960K) From: 192799K(193024K)->183972K(227840K)
[197.864s][info][gc,heap        ] GC(1577) ParOldGen: 1245360K(1398272K)->1245360K(1398272K)
[197.864s][info][gc,metaspace   ] GC(1577) Metaspace: 125924K(130176K)->125924K(130176K) NonClass: 107825K(108480K)->107825K(108480K) Class: 18099K(21696K)->18099K(21696K)
[197.864s][info][gc             ] GC(1577) Pause Young (Allocation Failure) 1657M->1395M(1815M) 16.715ms
[197.864s][info][gc,cpu         ] GC(1577) User=0.52s Sys=0.00s Real=0.01s
[197.886s][info][gc,start       ] GC(1578) Pause Young (Allocation Failure)
[197.905s][info][gc,heap        ] GC(1578) PSYoungGen: 416932K(460800K)->120648K(465920K) Eden: 232960K(232960K)->0K(232960K) From: 183972K(227840K)->120648K(232960K)
[197.905s][info][gc,heap        ] GC(1578) ParOldGen: 1245360K(1398272K)->1315462K(1398272K)
[197.905s][info][gc,metaspace   ] GC(1578) Metaspace: 125924K(130176K)->125924K(130176K) NonClass: 107825K(108480K)->107825K(108480K) Class: 18099K(21696K)->18099K(21696K)
[197.905s][info][gc             ] GC(1578) Pause Young (Allocation Failure) 1623M->1402M(1820M) 18.921ms
[197.905s][info][gc,cpu         ] GC(1578) User=0.27s Sys=0.00s Real=0.02s
[197.918s][info][gc,start       ] GC(1579) Pause Young (Allocation Failure)
[197.930s][info][gc,heap        ] GC(1579) PSYoungGen: 353608K(465920K)->126854K(452096K) Eden: 232960K(232960K)->0K(235520K) From: 120648K(232960K)->126854K(216576K)
[197.930s][info][gc,heap        ] GC(1579) ParOldGen: 1315462K(1398272K)->1315462K(1398272K)
[197.930s][info][gc,metaspace   ] GC(1579) Metaspace: 125924K(130176K)->125924K(130176K) NonClass: 107825K(108480K)->107825K(108480K) Class: 18099K(21696K)->18099K(21696K)
[197.930s][info][gc             ] GC(1579) Pause Young (Allocation Failure) 1629M->1408M(1807M) 12.226ms
[197.930s][info][gc,cpu         ] GC(1579) User=0.00s Sys=0.00s Real=0.00s
[197.942s][info][gc,start       ] GC(1580) Pause Young (Allocation Failure)
[197.955s][info][gc,heap        ] GC(1580) PSYoungGen: 362374K(452096K)->137995K(460288K) Eden: 235520K(235520K)->0K(235520K) From: 126854K(216576K)->137995K(224768K)
[197.955s][info][gc,heap        ] GC(1580) ParOldGen: 1315462K(1398272K)->1315462K(1398272K)
[197.955s][info][gc,metaspace   ] GC(1580) Metaspace: 125924K(130176K)->125924K(130176K) NonClass: 107825K(108480K)->107825K(108480K) Class: 18099K(21696K)->18099K(21696K)
[197.955s][info][gc             ] GC(1580) Pause Young (Allocation Failure) 1638M->1419M(1815M) 12.828ms
[197.955s][info][gc,cpu         ] GC(1580) User=0.45s Sys=0.00s Real=0.01s
[197.967s][info][gc,start       ] GC(1581) Pause Young (Allocation Failure)
[197.980s][info][gc,heap        ] GC(1581) PSYoungGen: 373515K(460288K)->141185K(459264K) Eden: 235520K(235520K)->0K(257024K) From: 137995K(224768K)->141185K(202240K)
[197.980s][info][gc,heap        ] GC(1581) ParOldGen: 1315462K(1398272K)->1315462K(1398272K)
[197.980s][info][gc,metaspace   ] GC(1581) Metaspace: 125938K(130176K)->125938K(130176K) NonClass: 107839K(108480K)->107839K(108480K) Class: 18099K(21696K)->18099K(21696K)
[197.980s][info][gc             ] GC(1581) Pause Young (Allocation Failure) 1649M->1422M(1814M) 13.284ms
[197.980s][info][gc,cpu         ] GC(1581) User=0.02s Sys=0.00s Real=0.01s
[197.993s][info][gc,start       ] GC(1582) Pause Young (Allocation Failure)
[198.006s][info][gc,heap        ] GC(1582) PSYoungGen: 398209K(459264K)->147697K(466944K) Eden: 257024K(257024K)->0K(257024K) From: 141185K(202240K)->147697K(209920K)
[198.006s][info][gc,heap        ] GC(1582) ParOldGen: 1315462K(1398272K)->1315462K(1398272K)
[198.006s][info][gc,metaspace   ] GC(1582) Metaspace: 125938K(130176K)->125938K(130176K) NonClass: 107839K(108480K)->107839K(108480K) Class: 18099K(21696K)->18099K(21696K)
[198.006s][info][gc             ] GC(1582) Pause Young (Allocation Failure) 1673M->1428M(1821M) 13.732ms
[198.006s][info][gc,cpu         ] GC(1582) User=0.52s Sys=0.00s Real=0.02s
[198.019s][info][gc,start       ] GC(1583) Pause Young (Allocation Failure)
[198.035s][info][gc,heap        ] GC(1583) PSYoungGen: 404721K(466944K)->164320K(487424K) Eden: 257024K(257024K)->0K(282112K) From: 147697K(209920K)->164320K(205312K)
[198.035s][info][gc,heap        ] GC(1583) ParOldGen: 1315462K(1398272K)->1315462K(1398272K)
[198.035s][info][gc,metaspace   ] GC(1583) Metaspace: 125938K(130176K)->125938K(130176K) NonClass: 107839K(108480K)->107839K(108480K) Class: 18099K(21696K)->18099K(21696K)
[198.035s][info][gc             ] GC(1583) Pause Young (Allocation Failure) 1679M->1445M(1841M) 16.498ms
[198.035s][info][gc,cpu         ] GC(1583) User=0.52s Sys=0.00s Real=0.02s
[198.049s][info][gc,start       ] GC(1584) Pause Young (Allocation Failure)
[198.066s][info][gc,heap        ] GC(1584) PSYoungGen: 446432K(487424K)->158151K(488960K) Eden: 282112K(282112K)->0K(282112K) From: 164320K(205312K)->158151K(206848K)
[198.066s][info][gc,heap        ] GC(1584) ParOldGen: 1315462K(1398272K)->1327776K(1398272K)
[198.066s][info][gc,metaspace   ] GC(1584) Metaspace: 125938K(130176K)->125938K(130176K) NonClass: 107839K(108480K)->107839K(108480K) Class: 18099K(21696K)->18099K(21696K)
[198.066s][info][gc             ] GC(1584) Pause Young (Allocation Failure) 1720M->1451M(1843M) 16.095ms
[198.066s][info][gc,cpu         ] GC(1584) User=0.52s Sys=0.00s Real=0.02s
[198.080s][info][gc,start       ] GC(1585) Pause Young (Allocation Failure)
[198.097s][info][gc,heap        ] GC(1585) PSYoungGen: 440263K(488960K)->172310K(485888K) Eden: 282112K(282112K)->0K(280064K) From: 158151K(206848K)->172310K(205824K)
[198.097s][info][gc,heap        ] GC(1585) ParOldGen: 1327776K(1398272K)->1327784K(1398272K)
[198.097s][info][gc,metaspace   ] GC(1585) Metaspace: 125938K(130176K)->125938K(130176K) NonClass: 107839K(108480K)->107839K(108480K) Class: 18099K(21696K)->18099K(21696K)
[198.097s][info][gc             ] GC(1585) Pause Young (Allocation Failure) 1726M->1464M(1840M) 16.745ms
[198.097s][info][gc,cpu         ] GC(1585) User=0.52s Sys=0.00s Real=0.02s
[198.111s][info][gc,start       ] GC(1586) Pause Young (Allocation Failure)
[198.129s][info][gc,heap        ] GC(1586) PSYoungGen: 452374K(485888K)->187710K(467968K) Eden: 280064K(280064K)->0K(280064K) From: 172310K(205824K)->187710K(187904K)
[198.129s][info][gc,heap        ] GC(1586) ParOldGen: 1327784K(1398272K)->1327864K(1398272K)
[198.129s][info][gc,metaspace   ] GC(1586) Metaspace: 125938K(130176K)->125938K(130176K) NonClass: 107839K(108480K)->107839K(108480K) Class: 18099K(21696K)->18099K(21696K)
[198.129s][info][gc             ] GC(1586) Pause Young (Allocation Failure) 1738M->1480M(1822M) 17.670ms
[198.129s][info][gc,cpu         ] GC(1586) User=0.52s Sys=0.00s Real=0.02s
[198.144s][info][gc,start       ] GC(1587) Pause Young (Allocation Failure)
[198.162s][info][gc,heap        ] GC(1587) PSYoungGen: 467774K(467968K)->190392K(466432K) Eden: 280064K(280064K)->0K(248320K) From: 187710K(187904K)->190392K(218112K)
[198.162s][info][gc,heap        ] GC(1587) ParOldGen: 1327864K(1398272K)->1327864K(1398272K)
[198.162s][info][gc,metaspace   ] GC(1587) Metaspace: 125938K(130176K)->125938K(130176K) NonClass: 107839K(108480K)->107839K(108480K) Class: 18099K(21696K)->18099K(21696K)
[198.162s][info][gc             ] GC(1587) Pause Young (Allocation Failure) 1753M->1482M(1821M) 18.284ms
[198.162s][info][gc,cpu         ] GC(1587) User=0.52s Sys=0.00s Real=0.02s
[198.175s][info][gc,start       ] GC(1588) Pause Young (Allocation Failure)
[198.194s][info][gc,heap        ] GC(1588) PSYoungGen: 438712K(466432K)->194938K(443392K) Eden: 248320K(248320K)->0K(248320K) From: 190392K(218112K)->194938K(195072K)
[198.194s][info][gc,heap        ] GC(1588) ParOldGen: 1327864K(1398272K)->1327864K(1398272K)
[198.194s][info][gc,metaspace   ] GC(1588) Metaspace: 125938K(130176K)->125938K(130176K) NonClass: 107839K(108480K)->107839K(108480K) Class: 18099K(21696K)->18099K(21696K)
[198.194s][info][gc             ] GC(1588) Pause Young (Allocation Failure) 1725M->1487M(1798M) 19.138ms
[198.194s][info][gc,cpu         ] GC(1588) User=0.52s Sys=0.00s Real=0.02s
[198.208s][info][gc,start       ] GC(1589) Pause Young (Allocation Failure)
[198.225s][info][gc,heap        ] GC(1589) PSYoungGen: 443258K(443392K)->181846K(465920K) Eden: 248320K(248320K)->0K(232960K) From: 194938K(195072K)->181846K(232960K)
[198.225s][info][gc,heap        ] GC(1589) ParOldGen: 1327864K(1398272K)->1327864K(1398272K)
[198.225s][info][gc,metaspace   ] GC(1589) Metaspace: 125938K(130176K)->125938K(130176K) NonClass: 107839K(108480K)->107839K(108480K) Class: 18099K(21696K)->18099K(21696K)
[198.225s][info][gc             ] GC(1589) Pause Young (Allocation Failure) 1729M->1474M(1820M) 16.971ms
[198.225s][info][gc,cpu         ] GC(1589) User=0.52s Sys=0.00s Real=0.02s
[198.236s][info][gc,start       ] GC(1590) Pause Young (Allocation Failure)
[198.255s][info][gc,heap        ] GC(1590) PSYoungGen: 414806K(465920K)->179183K(412160K) Eden: 232960K(232960K)->0K(232960K) From: 181846K(232960K)->179183K(179200K)
[198.255s][info][gc,heap        ] GC(1590) ParOldGen: 1327864K(1398272K)->1340282K(1398272K)
[198.255s][info][gc,metaspace   ] GC(1590) Metaspace: 125938K(130176K)->125938K(130176K) NonClass: 107839K(108480K)->107839K(108480K) Class: 18099K(21696K)->18099K(21696K)
[198.255s][info][gc             ] GC(1590) Pause Young (Allocation Failure) 1701M->1483M(1768M) 18.406ms
[198.255s][info][gc,cpu         ] GC(1590) User=0.52s Sys=0.00s Real=0.02s
[198.267s][info][gc,start       ] GC(1591) Pause Young (Allocation Failure)
[198.284s][info][gc,heap        ] GC(1591) PSYoungGen: 412143K(412160K)->145456K(468992K) Eden: 232960K(232960K)->0K(236544K) From: 179183K(179200K)->145456K(232448K)
[198.284s][info][gc,heap        ] GC(1591) ParOldGen: 1340282K(1398272K)->1373094K(1398272K)
[198.284s][info][gc,metaspace   ] GC(1591) Metaspace: 125938K(130176K)->125938K(130176K) NonClass: 107839K(108480K)->107839K(108480K) Class: 18099K(21696K)->18099K(21696K)
[198.284s][info][gc             ] GC(1591) Pause Young (Allocation Failure) 1711M->1482M(1823M) 17.067ms
[198.284s][info][gc,cpu         ] GC(1591) User=0.52s Sys=0.00s Real=0.02s
[198.284s][info][gc,start       ] GC(1592) Pause Full (Ergonomics)
[198.284s][info][gc,phases,start] GC(1592) Marking Phase
[198.326s][info][gc,phases      ] GC(1592) Marking Phase 42.252ms
[198.326s][info][gc,phases,start] GC(1592) Summary Phase
[198.326s][info][gc,phases      ] GC(1592) Summary Phase 0.059ms
[198.326s][info][gc,phases,start] GC(1592) Adjust Roots
[198.341s][info][gc,phases      ] GC(1592) Adjust Roots 14.438ms
[198.341s][info][gc,phases,start] GC(1592) Compaction Phase
[198.367s][info][gc,phases      ] GC(1592) Compaction Phase 26.089ms
[198.367s][info][gc,phases,start] GC(1592) Post Compact
[198.375s][info][gc,phases      ] GC(1592) Post Compact 7.693ms
[198.375s][info][gc,heap        ] GC(1592) PSYoungGen: 145456K(468992K)->0K(465408K) Eden: 0K(236544K)->0K(236544K) From: 145456K(232448K)->0K(228864K)
[198.375s][info][gc,heap        ] GC(1592) ParOldGen: 1373094K(1398272K)->1377576K(1398272K)
[198.375s][info][gc,metaspace   ] GC(1592) Metaspace: 125938K(130176K)->125938K(130176K) NonClass: 107839K(108480K)->107839K(108480K) Class: 18099K(21696K)->18099K(21696K)
[198.375s][info][gc             ] GC(1592) Pause Full (Ergonomics) 1482M->1345M(1820M) 90.889ms
[198.375s][info][gc,cpu         ] GC(1592) User=1.47s Sys=0.03s Real=0.09s
[198.392s][info][gc,start       ] GC(1593) Pause Full (Ergonomics)
[198.392s][info][gc,phases,start] GC(1593) Marking Phase
[198.440s][info][gc,phases      ] GC(1593) Marking Phase 48.616ms
[198.440s][info][gc,phases,start] GC(1593) Summary Phase
[198.440s][info][gc,phases      ] GC(1593) Summary Phase 0.064ms
[198.440s][info][gc,phases,start] GC(1593) Adjust Roots
[198.452s][info][gc,phases      ] GC(1593) Adjust Roots 11.979ms
[198.452s][info][gc,phases,start] GC(1593) Compaction Phase
[198.475s][info][gc,phases      ] GC(1593) Compaction Phase 22.556ms
[198.475s][info][gc,phases,start] GC(1593) Post Compact
[198.483s][info][gc,phases      ] GC(1593) Post Compact 7.979ms
[198.483s][info][gc,heap        ] GC(1593) PSYoungGen: 236544K(465408K)->0K(466432K) Eden: 236544K(236544K)->0K(237568K) From: 0K(228864K)->0K(228864K)
[198.483s][info][gc,heap        ] GC(1593) ParOldGen: 1377576K(1398272K)->1384793K(1398272K)
[198.483s][info][gc,metaspace   ] GC(1593) Metaspace: 125938K(130176K)->125938K(130176K) NonClass: 107839K(108480K)->107839K(108480K) Class: 18099K(21696K)->18099K(21696K)
[198.483s][info][gc             ] GC(1593) Pause Full (Ergonomics) 1576M->1352M(1821M) 91.550ms
[198.483s][info][gc,cpu         ] GC(1593) User=1.89s Sys=0.00s Real=0.08s
[198.497s][info][gc,start       ] GC(1594) Pause Full (Ergonomics)
[198.497s][info][gc,phases,start] GC(1594) Marking Phase
[198.548s][info][gc,phases      ] GC(1594) Marking Phase 50.833ms
[198.548s][info][gc,phases,start] GC(1594) Summary Phase
[198.548s][info][gc,phases      ] GC(1594) Summary Phase 0.063ms
[198.548s][info][gc,phases,start] GC(1594) Adjust Roots
[198.559s][info][gc,phases      ] GC(1594) Adjust Roots 10.925ms
[198.559s][info][gc,phases,start] GC(1594) Compaction Phase
[198.580s][info][gc,phases      ] GC(1594) Compaction Phase 20.532ms
[198.580s][info][gc,phases,start] GC(1594) Post Compact
[198.588s][info][gc,phases      ] GC(1594) Post Compact 8.208ms
[198.588s][info][gc,heap        ] GC(1594) PSYoungGen: 237568K(466432K)->0K(466432K) Eden: 237568K(237568K)->0K(237568K) From: 0K(228864K)->0K(228864K)
[198.588s][info][gc,heap        ] GC(1594) ParOldGen: 1384793K(1398272K)->1394121K(1398272K)
[198.588s][info][gc,metaspace   ] GC(1594) Metaspace: 125938K(130176K)->125938K(130176K) NonClass: 107839K(108480K)->107839K(108480K) Class: 18099K(21696K)->18099K(21696K)
[198.588s][info][gc             ] GC(1594) Pause Full (Ergonomics) 1584M->1361M(1821M) 90.918ms
[198.588s][info][gc,cpu         ] GC(1594) User=2.13s Sys=0.00s Real=0.09s
[198.604s][info][gc,start       ] GC(1595) Pause Full (Ergonomics)
[198.604s][info][gc,phases,start] GC(1595) Marking Phase
[198.655s][info][gc,phases      ] GC(1595) Marking Phase 51.398ms
[198.888s][info][gc,phases,start] GC(1595) Summary Phase
[198.914s][info][gc,phases      ] GC(1595) Summary Phase 26.159ms
[198.915s][info][gc,phases,start] GC(1595) Adjust Roots
[198.938s][info][gc,phases      ] GC(1595) Adjust Roots 23.057ms
[198.938s][info][gc,phases,start] GC(1595) Compaction Phase
[199.047s][info][gc,phases      ] GC(1595) Compaction Phase 108.924ms
[199.047s][info][gc,phases,start] GC(1595) Post Compact
[199.055s][info][gc,phases      ] GC(1595) Post Compact 7.979ms
[199.055s][info][gc,heap        ] GC(1595) PSYoungGen: 237568K(466432K)->9510K(466432K) Eden: 237568K(237568K)->9510K(237568K) From: 0K(228864K)->0K(228864K)
[199.055s][info][gc,heap        ] GC(1595) ParOldGen: 1394121K(1398272K)->1397033K(1398272K)
[199.055s][info][gc,metaspace   ] GC(1595) Metaspace: 125938K(130176K)->125938K(130176K) NonClass: 107839K(108480K)->107839K(108480K) Class: 18099K(21696K)->18099K(21696K)
[199.055s][info][gc             ] GC(1595) Pause Full (Ergonomics) 1593M->1373M(1821M) 450.853ms
[199.055s][info][gc,cpu         ] GC(1595) User=5.70s Sys=0.00s Real=0.45s
[199.067s][info][gc,start       ] GC(1596) Pause Full (Ergonomics)
[199.067s][info][gc,phases,start] GC(1596) Marking Phase
[199.119s][info][gc,phases      ] GC(1596) Marking Phase 52.085ms
[199.119s][info][gc,phases,start] GC(1596) Summary Phase
[199.119s][info][gc,phases      ] GC(1596) Summary Phase 0.049ms
[199.119s][info][gc,phases,start] GC(1596) Adjust Roots
[199.134s][info][gc,phases      ] GC(1596) Adjust Roots 14.660ms
[199.134s][info][gc,phases,start] GC(1596) Compaction Phase
[199.172s][info][gc,phases      ] GC(1596) Compaction Phase 38.277ms
[199.172s][info][gc,phases,start] GC(1596) Post Compact
[199.180s][info][gc,phases      ] GC(1596) Post Compact 8.006ms
[199.180s][info][gc,heap        ] GC(1596) PSYoungGen: 237568K(466432K)->23921K(466432K) Eden: 237568K(237568K)->23921K(237568K) From: 0K(228864K)->0K(228864K)
[199.180s][info][gc,heap        ] GC(1596) ParOldGen: 1397033K(1398272K)->1398172K(1398272K)
[199.180s][info][gc,metaspace   ] GC(1596) Metaspace: 125938K(130176K)->125938K(130176K) NonClass: 107839K(108480K)->107839K(108480K) Class: 18099K(21696K)->18099K(21696K)
[199.181s][info][gc             ] GC(1596) Pause Full (Ergonomics) 1596M->1388M(1821M) 113.390ms
[199.181s][info][gc,cpu         ] GC(1596) User=2.63s Sys=0.00s Real=0.13s
[199.194s][info][gc,start       ] GC(1597) Pause Full (Ergonomics)
[199.194s][info][gc,phases,start] GC(1597) Marking Phase
[199.244s][info][gc,phases      ] GC(1597) Marking Phase 50.295ms
[199.244s][info][gc,phases,start] GC(1597) Summary Phase
[199.244s][info][gc,phases      ] GC(1597) Summary Phase 0.053ms
[199.244s][info][gc,phases,start] GC(1597) Adjust Roots
[199.253s][info][gc,phases      ] GC(1597) Adjust Roots 9.169ms
[199.254s][info][gc,phases,start] GC(1597) Compaction Phase
[199.291s][info][gc,phases      ] GC(1597) Compaction Phase 37.132ms
[199.291s][info][gc,phases,start] GC(1597) Post Compact
[199.299s][info][gc,phases      ] GC(1597) Post Compact 8.032ms
[199.299s][info][gc,heap        ] GC(1597) PSYoungGen: 237244K(466432K)->27020K(466432K) Eden: 237244K(237568K)->27020K(237568K) From: 0K(228864K)->0K(228864K)
[199.299s][info][gc,heap        ] GC(1597) ParOldGen: 1398172K(1398272K)->1395396K(1398272K)
[199.299s][info][gc,metaspace   ] GC(1597) Metaspace: 125939K(130176K)->125939K(130176K) NonClass: 107839K(108480K)->107839K(108480K) Class: 18099K(21696K)->18099K(21696K)
[199.299s][info][gc             ] GC(1597) Pause Full (Ergonomics) 1597M->1389M(1821M) 105.053ms
[199.299s][info][gc,cpu         ] GC(1597) User=2.06s Sys=0.02s Real=0.11s
[199.314s][info][gc,start       ] GC(1598) Pause Full (Ergonomics)
[199.314s][info][gc,phases,start] GC(1598) Marking Phase
[199.358s][info][gc,phases      ] GC(1598) Marking Phase 44.603ms
[199.358s][info][gc,phases,start] GC(1598) Summary Phase
[199.358s][info][gc,phases      ] GC(1598) Summary Phase 0.045ms
[199.358s][info][gc,phases,start] GC(1598) Adjust Roots
[199.375s][info][gc,phases      ] GC(1598) Adjust Roots 16.725ms
[199.375s][info][gc,phases,start] GC(1598) Compaction Phase
[199.413s][info][gc,phases      ] GC(1598) Compaction Phase 37.792ms
[199.413s][info][gc,phases,start] GC(1598) Post Compact
[199.421s][info][gc,phases      ] GC(1598) Post Compact 7.990ms
[199.421s][info][gc,heap        ] GC(1598) PSYoungGen: 237568K(466432K)->17845K(466432K) Eden: 237568K(237568K)->17845K(237568K) From: 0K(228864K)->0K(228864K)
[199.421s][info][gc,heap        ] GC(1598) ParOldGen: 1395396K(1398272K)->1393986K(1398272K)
[199.421s][info][gc,metaspace   ] GC(1598) Metaspace: 125958K(130176K)->125958K(130176K) NonClass: 107859K(108480K)->107859K(108480K) Class: 18099K(21696K)->18099K(21696K)
[199.421s][info][gc             ] GC(1598) Pause Full (Ergonomics) 1594M->1378M(1821M) 107.510ms
[199.421s][info][gc,cpu         ] GC(1598) User=2.42s Sys=0.00s Real=0.11s
[199.435s][info][gc,start       ] GC(1599) Pause Full (Ergonomics)
[199.436s][info][gc,phases,start] GC(1599) Marking Phase
[199.480s][info][gc,phases      ] GC(1599) Marking Phase 44.494ms
[199.480s][info][gc,phases,start] GC(1599) Summary Phase
[199.480s][info][gc,phases      ] GC(1599) Summary Phase 0.043ms
[199.480s][info][gc,phases,start] GC(1599) Adjust Roots
[199.494s][info][gc,phases      ] GC(1599) Adjust Roots 13.547ms
[199.494s][info][gc,phases,start] GC(1599) Compaction Phase
[199.532s][info][gc,phases      ] GC(1599) Compaction Phase 37.792ms
[199.532s][info][gc,phases,start] GC(1599) Post Compact
[199.540s][info][gc,phases      ] GC(1599) Post Compact 7.992ms
[199.540s][info][gc,heap        ] GC(1599) PSYoungGen: 237568K(466432K)->20173K(466432K) Eden: 237568K(237568K)->20173K(237568K) From: 0K(228864K)->0K(228864K)
[199.540s][info][gc,heap        ] GC(1599) ParOldGen: 1393986K(1398272K)->1395229K(1398272K)
[199.540s][info][gc,metaspace   ] GC(1599) Metaspace: 125964K(130240K)->125964K(130240K) NonClass: 107865K(108544K)->107865K(108544K) Class: 18099K(21696K)->18099K(21696K)
[199.540s][info][gc             ] GC(1599) Pause Full (Ergonomics) 1593M->1382M(1821M) 104.169ms
[199.540s][info][gc,cpu         ] GC(1599) User=2.03s Sys=0.02s Real=0.11s
[199.554s][info][gc,start       ] GC(1600) Pause Full (Ergonomics)
[199.554s][info][gc,phases,start] GC(1600) Marking Phase
[199.599s][info][gc,phases      ] GC(1600) Marking Phase 44.643ms
[199.599s][info][gc,phases,start] GC(1600) Summary Phase
[199.599s][info][gc,phases      ] GC(1600) Summary Phase 0.046ms
[199.599s][info][gc,phases,start] GC(1600) Adjust Roots
[199.615s][info][gc,phases      ] GC(1600) Adjust Roots 16.168ms
[199.615s][info][gc,phases,start] GC(1600) Compaction Phase
[199.652s][info][gc,phases      ] GC(1600) Compaction Phase 36.775ms
[199.652s][info][gc,phases,start] GC(1600) Post Compact
[199.660s][info][gc,phases      ] GC(1600) Post Compact 8.104ms
[199.660s][info][gc,heap        ] GC(1600) PSYoungGen: 234579K(466432K)->10150K(466432K) Eden: 234579K(237568K)->10150K(237568K) From: 0K(228864K)->0K(228864K)
[199.660s][info][gc,heap        ] GC(1600) ParOldGen: 1395229K(1398272K)->1397217K(1398272K)
[199.660s][info][gc,metaspace   ] GC(1600) Metaspace: 125967K(130240K)->125967K(130240K) NonClass: 107868K(108544K)->107868K(108544K) Class: 18099K(21696K)->18099K(21696K)
[199.660s][info][gc             ] GC(1600) Pause Full (Ergonomics) 1591M->1374M(1821M) 106.070ms
[199.660s][info][gc,cpu         ] GC(1600) User=2.02s Sys=0.03s Real=0.11s
[199.676s][info][gc,start       ] GC(1601) Pause Full (Ergonomics)
[199.676s][info][gc,phases,start] GC(1601) Marking Phase
[199.727s][info][gc,phases      ] GC(1601) Marking Phase 51.027ms
[199.727s][info][gc,phases,start] GC(1601) Summary Phase
[199.727s][info][gc,phases      ] GC(1601) Summary Phase 0.045ms
[199.727s][info][gc,phases,start] GC(1601) Adjust Roots
[199.743s][info][gc,phases      ] GC(1601) Adjust Roots 16.499ms
[199.743s][info][gc,phases,start] GC(1601) Compaction Phase
[199.780s][info][gc,phases      ] GC(1601) Compaction Phase 36.429ms
[199.780s][info][gc,phases,start] GC(1601) Post Compact
[199.788s][info][gc,phases      ] GC(1601) Post Compact 8.021ms
[199.788s][info][gc,heap        ] GC(1601) PSYoungGen: 237568K(466432K)->10235K(466432K) Eden: 237568K(237568K)->10235K(237568K) From: 0K(228864K)->0K(228864K)
[199.788s][info][gc,heap        ] GC(1601) ParOldGen: 1397217K(1398272K)->1397621K(1398272K)
[199.788s][info][gc,metaspace   ] GC(1601) Metaspace: 125967K(130240K)->125967K(130240K) NonClass: 107868K(108544K)->107868K(108544K) Class: 18099K(21696K)->18099K(21696K)
[199.788s][info][gc             ] GC(1601) Pause Full (Ergonomics) 1596M->1374M(1821M) 112.386ms
[199.788s][info][gc,cpu         ] GC(1601) User=2.03s Sys=0.03s Real=0.13s
[199.804s][info][gc,start       ] GC(1602) Pause Full (Ergonomics)
[199.804s][info][gc,phases,start] GC(1602) Marking Phase
[199.856s][info][gc,phases      ] GC(1602) Marking Phase 52.658ms
[199.856s][info][gc,phases,start] GC(1602) Summary Phase
[199.857s][info][gc,phases      ] GC(1602) Summary Phase 0.042ms
[199.857s][info][gc,phases,start] GC(1602) Adjust Roots
[199.868s][info][gc,phases      ] GC(1602) Adjust Roots 11.296ms
[199.868s][info][gc,phases,start] GC(1602) Compaction Phase
[199.903s][info][gc,phases      ] GC(1602) Compaction Phase 35.606ms
[199.903s][info][gc,phases,start] GC(1602) Post Compact
[199.912s][info][gc,phases      ] GC(1602) Post Compact 8.013ms
[199.912s][info][gc,heap        ] GC(1602) PSYoungGen: 237568K(466432K)->7570K(466432K) Eden: 237568K(237568K)->7570K(237568K) From: 0K(228864K)->0K(228864K)
[199.912s][info][gc,heap        ] GC(1602) ParOldGen: 1397621K(1398272K)->1394917K(1398272K)
[199.912s][info][gc,metaspace   ] GC(1602) Metaspace: 125967K(130240K)->125967K(130240K) NonClass: 107868K(108544K)->107868K(108544K) Class: 18099K(21696K)->18099K(21696K)
[199.912s][info][gc             ] GC(1602) Pause Full (Ergonomics) 1596M->1369M(1821M) 107.914ms
[199.912s][info][gc,cpu         ] GC(1602) User=1.95s Sys=0.06s Real=0.11s
[199.929s][info][gc,start       ] GC(1603) Pause Full (Ergonomics)
[199.929s][info][gc,phases,start] GC(1603) Marking Phase
[199.979s][info][gc,phases      ] GC(1603) Marking Phase 50.289ms
[199.979s][info][gc,phases,start] GC(1603) Summary Phase
[199.979s][info][gc,phases      ] GC(1603) Summary Phase 0.040ms
[199.979s][info][gc,phases,start] GC(1603) Adjust Roots
[199.995s][info][gc,phases      ] GC(1603) Adjust Roots 16.334ms
[199.995s][info][gc,phases,start] GC(1603) Compaction Phase
[200.030s][info][gc,phases      ] GC(1603) Compaction Phase 34.747ms
[200.030s][info][gc,phases,start] GC(1603) Post Compact
[200.038s][info][gc,phases      ] GC(1603) Post Compact 8.014ms
[200.038s][info][gc,heap        ] GC(1603) PSYoungGen: 237568K(466432K)->7665K(466432K) Eden: 237568K(237568K)->7665K(237568K) From: 0K(228864K)->0K(228864K)
[200.038s][info][gc,heap        ] GC(1603) ParOldGen: 1394917K(1398272K)->1394915K(1398272K)
[200.038s][info][gc,metaspace   ] GC(1603) Metaspace: 125969K(130240K)->125969K(130240K) NonClass: 107870K(108544K)->107870K(108544K) Class: 18099K(21696K)->18099K(21696K)
[200.038s][info][gc             ] GC(1603) Pause Full (Ergonomics) 1594M->1369M(1821M) 109.764ms
[200.038s][info][gc,cpu         ] GC(1603) User=2.05s Sys=0.00s Real=0.11s
[200.057s][info][gc,start       ] GC(1604) Pause Full (Ergonomics)
[200.057s][info][gc,phases,start] GC(1604) Marking Phase
[200.099s][info][gc,phases      ] GC(1604) Marking Phase 41.946ms
[200.099s][info][gc,phases,start] GC(1604) Summary Phase
[200.099s][info][gc,phases      ] GC(1604) Summary Phase 0.043ms
[200.099s][info][gc,phases,start] GC(1604) Adjust Roots
[200.119s][info][gc,phases      ] GC(1604) Adjust Roots 19.623ms
[200.119s][info][gc,phases,start] GC(1604) Compaction Phase
[200.147s][info][gc,phases      ] GC(1604) Compaction Phase 28.513ms
[200.147s][info][gc,phases,start] GC(1604) Post Compact
[200.158s][info][gc,phases      ] GC(1604) Post Compact 10.650ms
[200.158s][info][gc,heap        ] GC(1604) PSYoungGen: 237568K(466432K)->7660K(466432K) Eden: 237568K(237568K)->7660K(237568K) From: 0K(228864K)->0K(228864K)
[200.158s][info][gc,heap        ] GC(1604) ParOldGen: 1394915K(1398272K)->1394913K(1398272K)
[200.158s][info][gc,metaspace   ] GC(1604) Metaspace: 125969K(130240K)->125969K(130240K) NonClass: 107870K(108544K)->107870K(108544K) Class: 18099K(21696K)->18099K(21696K)
[200.158s][info][gc             ] GC(1604) Pause Full (Ergonomics) 1594M->1369M(1821M) 101.246ms
[200.158s][info][gc,cpu         ] GC(1604) User=0.61s Sys=0.00s Real=0.09s
[200.188s][info][gc,start       ] GC(1605) Pause Full (Ergonomics)
[200.188s][info][gc,phases,start] GC(1605) Marking Phase
[200.231s][info][gc,phases      ] GC(1605) Marking Phase 43.129ms
[200.231s][info][gc,phases,start] GC(1605) Summary Phase
[200.231s][info][gc,phases      ] GC(1605) Summary Phase 0.048ms
[200.231s][info][gc,phases,start] GC(1605) Adjust Roots
[200.250s][info][gc,phases      ] GC(1605) Adjust Roots 19.460ms
[200.250s][info][gc,phases,start] GC(1605) Compaction Phase
[200.270s][info][gc,phases      ] GC(1605) Compaction Phase 19.828ms
[200.270s][info][gc,phases,start] GC(1605) Post Compact
[200.279s][info][gc,phases      ] GC(1605) Post Compact 8.266ms
[200.279s][info][gc,heap        ] GC(1605) PSYoungGen: 237568K(466432K)->7661K(466432K) Eden: 237568K(237568K)->7661K(237568K) From: 0K(228864K)->0K(228864K)
[200.279s][info][gc,heap        ] GC(1605) ParOldGen: 1394913K(1398272K)->1394912K(1398272K)
[200.279s][info][gc,metaspace   ] GC(1605) Metaspace: 125969K(130240K)->125969K(130240K) NonClass: 107870K(108544K)->107870K(108544K) Class: 18099K(21696K)->18099K(21696K)
[200.279s][info][gc             ] GC(1605) Pause Full (Ergonomics) 1594M->1369M(1821M) 91.034ms
[200.279s][info][gc,cpu         ] GC(1605) User=1.11s Sys=0.00s Real=0.09s
[200.304s][info][gc,start       ] GC(1606) Pause Full (Ergonomics)
[200.304s][info][gc,phases,start] GC(1606) Marking Phase
[200.361s][info][gc,phases      ] GC(1606) Marking Phase 56.363ms
[200.361s][info][gc,phases,start] GC(1606) Summary Phase
[200.361s][info][gc,phases      ] GC(1606) Summary Phase 0.041ms
[200.361s][info][gc,phases,start] GC(1606) Adjust Roots
[200.374s][info][gc,phases      ] GC(1606) Adjust Roots 13.313ms
[200.374s][info][gc,phases,start] GC(1606) Compaction Phase
[200.392s][info][gc,phases      ] GC(1606) Compaction Phase 17.574ms
[200.392s][info][gc,phases,start] GC(1606) Post Compact
[200.403s][info][gc,phases      ] GC(1606) Post Compact 10.580ms
[200.403s][info][gc,heap        ] GC(1606) PSYoungGen: 237568K(466432K)->7675K(466432K) Eden: 237568K(237568K)->7675K(237568K) From: 0K(228864K)->0K(228864K)
[200.403s][info][gc,heap        ] GC(1606) ParOldGen: 1394912K(1398272K)->1394912K(1398272K)
[200.403s][info][gc,metaspace   ] GC(1606) Metaspace: 125969K(130240K)->125969K(130240K) NonClass: 107870K(108544K)->107870K(108544K) Class: 18099K(21696K)->18099K(21696K)
[200.403s][info][gc             ] GC(1606) Pause Full (Ergonomics) 1594M->1369M(1821M) 98.378ms
[200.403s][info][gc,cpu         ] GC(1606) User=1.50s Sys=0.02s Real=0.09s
[200.429s][info][gc,start       ] GC(1607) Pause Full (Ergonomics)
[200.429s][info][gc,phases,start] GC(1607) Marking Phase
[200.485s][info][gc,phases      ] GC(1607) Marking Phase 55.202ms
[200.485s][info][gc,phases,start] GC(1607) Summary Phase
[200.485s][info][gc,phases      ] GC(1607) Summary Phase 0.042ms
[200.485s][info][gc,phases,start] GC(1607) Adjust Roots
[200.500s][info][gc,phases      ] GC(1607) Adjust Roots 15.414ms
[200.500s][info][gc,phases,start] GC(1607) Compaction Phase
[200.525s][info][gc,phases      ] GC(1607) Compaction Phase 24.645ms
[200.525s][info][gc,phases,start] GC(1607) Post Compact
[200.536s][info][gc,phases      ] GC(1607) Post Compact 10.813ms
[200.536s][info][gc,heap        ] GC(1607) PSYoungGen: 237568K(466432K)->7658K(466432K) Eden: 237568K(237568K)->7658K(237568K) From: 0K(228864K)->0K(228864K)
[200.536s][info][gc,heap        ] GC(1607) ParOldGen: 1394912K(1398272K)->1394912K(1398272K)
[200.536s][info][gc,metaspace   ] GC(1607) Metaspace: 125969K(130240K)->125969K(130240K) NonClass: 107870K(108544K)->107870K(108544K) Class: 18099K(21696K)->18099K(21696K)
[200.536s][info][gc             ] GC(1607) Pause Full (Ergonomics) 1594M->1369M(1821M) 106.596ms
[200.536s][info][gc,cpu         ] GC(1607) User=1.42s Sys=0.09s Real=0.11s
[200.560s][info][gc,start       ] GC(1608) Pause Full (Ergonomics)
[200.560s][info][gc,phases,start] GC(1608) Marking Phase
[200.614s][info][gc,phases      ] GC(1608) Marking Phase 54.592ms
[200.614s][info][gc,phases,start] GC(1608) Summary Phase
[200.614s][info][gc,phases      ] GC(1608) Summary Phase 0.040ms
[200.614s][info][gc,phases,start] GC(1608) Adjust Roots
[200.633s][info][gc,phases      ] GC(1608) Adjust Roots 18.956ms
[200.633s][info][gc,phases,start] GC(1608) Compaction Phase
[200.654s][info][gc,phases      ] GC(1608) Compaction Phase 20.349ms
[200.654s][info][gc,phases,start] GC(1608) Post Compact
[200.664s][info][gc,phases      ] GC(1608) Post Compact 10.249ms
[200.664s][info][gc,heap        ] GC(1608) PSYoungGen: 237568K(466432K)->7668K(466432K) Eden: 237568K(237568K)->7668K(237568K) From: 0K(228864K)->0K(228864K)
[200.664s][info][gc,heap        ] GC(1608) ParOldGen: 1394912K(1398272K)->1394912K(1398272K)
[200.664s][info][gc,metaspace   ] GC(1608) Metaspace: 125969K(130240K)->125969K(130240K) NonClass: 107870K(108544K)->107870K(108544K) Class: 18099K(21696K)->18099K(21696K)
[200.664s][info][gc             ] GC(1608) Pause Full (Ergonomics) 1594M->1369M(1821M) 104.569ms
[200.664s][info][gc,cpu         ] GC(1608) User=1.64s Sys=0.02s Real=0.11s
[200.690s][info][gc,start       ] GC(1609) Pause Full (Ergonomics)
[200.690s][info][gc,phases,start] GC(1609) Marking Phase
[200.747s][info][gc,phases      ] GC(1609) Marking Phase 57.388ms
[200.747s][info][gc,phases,start] GC(1609) Summary Phase
[200.747s][info][gc,phases      ] GC(1609) Summary Phase 0.044ms
[200.747s][info][gc,phases,start] GC(1609) Adjust Roots
[200.762s][info][gc,phases      ] GC(1609) Adjust Roots 15.130ms
[200.762s][info][gc,phases,start] GC(1609) Compaction Phase
[200.783s][info][gc,phases      ] GC(1609) Compaction Phase 20.903ms
[200.783s][info][gc,phases,start] GC(1609) Post Compact
[200.794s][info][gc,phases      ] GC(1609) Post Compact 10.384ms
[200.794s][info][gc,heap        ] GC(1609) PSYoungGen: 237568K(466432K)->7656K(466432K) Eden: 237568K(237568K)->7656K(237568K) From: 0K(228864K)->0K(228864K)
[200.794s][info][gc,heap        ] GC(1609) ParOldGen: 1394912K(1398272K)->1394912K(1398272K)
[200.794s][info][gc,metaspace   ] GC(1609) Metaspace: 125969K(130240K)->125969K(130240K) NonClass: 107870K(108544K)->107870K(108544K) Class: 18099K(21696K)->18099K(21696K)
[200.794s][info][gc             ] GC(1609) Pause Full (Ergonomics) 1594M->1369M(1821M) 104.248ms
[200.794s][info][gc,cpu         ] GC(1609) User=1.42s Sys=0.05s Real=0.11s
[200.820s][info][gc,start       ] GC(1610) Pause Full (Ergonomics)
[200.820s][info][gc,phases,start] GC(1610) Marking Phase
[200.870s][info][gc,phases      ] GC(1610) Marking Phase 50.096ms
[200.870s][info][gc,phases,start] GC(1610) Summary Phase
[200.870s][info][gc,phases      ] GC(1610) Summary Phase 0.046ms
[200.870s][info][gc,phases,start] GC(1610) Adjust Roots
[200.889s][info][gc,phases      ] GC(1610) Adjust Roots 18.480ms
[200.889s][info][gc,phases,start] GC(1610) Compaction Phase
[200.908s][info][gc,phases      ] GC(1610) Compaction Phase 19.272ms
[200.908s][info][gc,phases,start] GC(1610) Post Compact
[200.919s][info][gc,phases      ] GC(1610) Post Compact 10.760ms
[200.919s][info][gc,heap        ] GC(1610) PSYoungGen: 237568K(466432K)->7656K(466432K) Eden: 237568K(237568K)->7656K(237568K) From: 0K(228864K)->0K(228864K)
[200.919s][info][gc,heap        ] GC(1610) ParOldGen: 1394912K(1398272K)->1394912K(1398272K)
[200.919s][info][gc,metaspace   ] GC(1610) Metaspace: 125969K(130240K)->125969K(130240K) NonClass: 107870K(108544K)->107870K(108544K) Class: 18099K(21696K)->18099K(21696K)
[200.919s][info][gc             ] GC(1610) Pause Full (Ergonomics) 1594M->1369M(1821M) 99.076ms
[200.919s][info][gc,cpu         ] GC(1610) User=1.08s Sys=0.00s Real=0.09s
[200.944s][info][gc,start       ] GC(1611) Pause Full (Ergonomics)
[200.944s][info][gc,phases,start] GC(1611) Marking Phase
[200.997s][info][gc,phases      ] GC(1611) Marking Phase 52.846ms
[200.997s][info][gc,phases,start] GC(1611) Summary Phase
[200.997s][info][gc,phases      ] GC(1611) Summary Phase 0.040ms
[200.997s][info][gc,phases,start] GC(1611) Adjust Roots
[201.012s][info][gc,phases      ] GC(1611) Adjust Roots 15.674ms
[201.012s][info][gc,phases,start] GC(1611) Compaction Phase
[201.034s][info][gc,phases      ] GC(1611) Compaction Phase 21.238ms
[201.034s][info][gc,phases,start] GC(1611) Post Compact
[201.044s][info][gc,phases      ] GC(1611) Post Compact 10.451ms
[201.044s][info][gc,heap        ] GC(1611) PSYoungGen: 237568K(466432K)->7670K(466432K) Eden: 237568K(237568K)->7670K(237568K) From: 0K(228864K)->0K(228864K)
[201.044s][info][gc,heap        ] GC(1611) ParOldGen: 1394912K(1398272K)->1394912K(1398272K)
[201.044s][info][gc,metaspace   ] GC(1611) Metaspace: 125969K(130240K)->125969K(130240K) NonClass: 107870K(108544K)->107870K(108544K) Class: 18099K(21696K)->18099K(21696K)
[201.044s][info][gc             ] GC(1611) Pause Full (Ergonomics) 1594M->1369M(1821M) 100.694ms
[201.045s][info][gc,cpu         ] GC(1611) User=2.09s Sys=0.00s Real=0.11s
[201.072s][info][gc,start       ] GC(1612) Pause Full (Ergonomics)
[201.072s][info][gc,phases,start] GC(1612) Marking Phase
[201.122s][info][gc,phases      ] GC(1612) Marking Phase 50.370ms
[201.123s][info][gc,phases,start] GC(1612) Summary Phase
[201.123s][info][gc,phases      ] GC(1612) Summary Phase 0.041ms
[201.123s][info][gc,phases,start] GC(1612) Adjust Roots
[201.134s][info][gc,phases      ] GC(1612) Adjust Roots 11.883ms
[201.134s][info][gc,phases,start] GC(1612) Compaction Phase
[201.152s][info][gc,phases      ] GC(1612) Compaction Phase 17.948ms
[201.152s][info][gc,phases,start] GC(1612) Post Compact
[201.162s][info][gc,phases      ] GC(1612) Post Compact 9.963ms
[201.163s][info][gc,heap        ] GC(1612) PSYoungGen: 237568K(466432K)->7651K(466432K) Eden: 237568K(237568K)->7651K(237568K) From: 0K(228864K)->0K(228864K)
[201.163s][info][gc,heap        ] GC(1612) ParOldGen: 1394912K(1398272K)->1394912K(1398272K)
[201.163s][info][gc,metaspace   ] GC(1612) Metaspace: 125969K(130240K)->125969K(130240K) NonClass: 107870K(108544K)->107870K(108544K) Class: 18099K(21696K)->18099K(21696K)
[201.163s][info][gc             ] GC(1612) Pause Full (Ergonomics) 1594M->1369M(1821M) 90.588ms
[201.163s][info][gc,cpu         ] GC(1612) User=1.61s Sys=0.00s Real=0.10s
[201.190s][info][gc,start       ] GC(1613) Pause Full (Ergonomics)
[201.190s][info][gc,phases,start] GC(1613) Marking Phase
[201.241s][info][gc,phases      ] GC(1613) Marking Phase 51.371ms
[201.241s][info][gc,phases,start] GC(1613) Summary Phase
[201.241s][info][gc,phases      ] GC(1613) Summary Phase 0.040ms
[201.241s][info][gc,phases,start] GC(1613) Adjust Roots
[201.256s][info][gc,phases      ] GC(1613) Adjust Roots 15.068ms
[201.256s][info][gc,phases,start] GC(1613) Compaction Phase
[201.274s][info][gc,phases      ] GC(1613) Compaction Phase 18.003ms
[201.274s][info][gc,phases,start] GC(1613) Post Compact
[201.284s][info][gc,phases      ] GC(1613) Post Compact 9.652ms
[201.284s][info][gc,heap        ] GC(1613) PSYoungGen: 237568K(466432K)->7664K(466432K) Eden: 237568K(237568K)->7664K(237568K) From: 0K(228864K)->0K(228864K)
[201.284s][info][gc,heap        ] GC(1613) ParOldGen: 1394912K(1398272K)->1394912K(1398272K)
[201.284s][info][gc,metaspace   ] GC(1613) Metaspace: 125969K(130240K)->125969K(130240K) NonClass: 107870K(108544K)->107870K(108544K) Class: 18099K(21696K)->18099K(21696K)
[201.284s][info][gc             ] GC(1613) Pause Full (Ergonomics) 1594M->1369M(1821M) 94.541ms
[201.284s][info][gc,cpu         ] GC(1613) User=1.05s Sys=0.00s Real=0.09s
[201.312s][info][gc,start       ] GC(1614) Pause Full (Ergonomics)
[201.312s][info][gc,phases,start] GC(1614) Marking Phase
[201.370s][info][gc,phases      ] GC(1614) Marking Phase 57.682ms
[201.370s][info][gc,phases,start] GC(1614) Summary Phase
[201.370s][info][gc,phases      ] GC(1614) Summary Phase 0.040ms
[201.370s][info][gc,phases,start] GC(1614) Adjust Roots
[201.385s][info][gc,phases      ] GC(1614) Adjust Roots 15.229ms
[201.385s][info][gc,phases,start] GC(1614) Compaction Phase
[201.406s][info][gc,phases      ] GC(1614) Compaction Phase 20.859ms
[201.406s][info][gc,phases,start] GC(1614) Post Compact
[201.417s][info][gc,phases      ] GC(1614) Post Compact 10.458ms
[201.417s][info][gc,heap        ] GC(1614) PSYoungGen: 237568K(466432K)->7663K(466432K) Eden: 237568K(237568K)->7663K(237568K) From: 0K(228864K)->0K(228864K)
[201.417s][info][gc,heap        ] GC(1614) ParOldGen: 1394912K(1398272K)->1394912K(1398272K)
[201.417s][info][gc,metaspace   ] GC(1614) Metaspace: 125969K(130240K)->125969K(130240K) NonClass: 107870K(108544K)->107870K(108544K) Class: 18099K(21696K)->18099K(21696K)
[201.417s][info][gc             ] GC(1614) Pause Full (Ergonomics) 1594M->1369M(1821M) 104.665ms
[201.417s][info][gc,cpu         ] GC(1614) User=1.55s Sys=0.02s Real=0.11s
[201.443s][info][gc,start       ] GC(1615) Pause Full (Ergonomics)
[201.443s][info][gc,phases,start] GC(1615) Marking Phase
[201.490s][info][gc,phases      ] GC(1615) Marking Phase 47.233ms
[201.490s][info][gc,phases,start] GC(1615) Summary Phase
[201.490s][info][gc,phases      ] GC(1615) Summary Phase 0.043ms
[201.490s][info][gc,phases,start] GC(1615) Adjust Roots
[201.508s][info][gc,phases      ] GC(1615) Adjust Roots 17.898ms
[201.508s][info][gc,phases,start] GC(1615) Compaction Phase
[201.528s][info][gc,phases      ] GC(1615) Compaction Phase 20.249ms
[201.528s][info][gc,phases,start] GC(1615) Post Compact
[201.537s][info][gc,phases      ] GC(1615) Post Compact 8.916ms
[201.537s][info][gc,heap        ] GC(1615) PSYoungGen: 237568K(466432K)->7654K(466432K) Eden: 237568K(237568K)->7654K(237568K) From: 0K(228864K)->0K(228864K)
[201.537s][info][gc,heap        ] GC(1615) ParOldGen: 1394912K(1398272K)->1394912K(1398272K)
[201.537s][info][gc,metaspace   ] GC(1615) Metaspace: 125969K(130240K)->125969K(130240K) NonClass: 107870K(108544K)->107870K(108544K) Class: 18099K(21696K)->18099K(21696K)
[201.537s][info][gc             ] GC(1615) Pause Full (Ergonomics) 1594M->1369M(1821M) 94.701ms
[201.538s][info][gc,cpu         ] GC(1615) User=1.08s Sys=0.00s Real=0.09s
[201.564s][info][gc,start       ] GC(1616) Pause Full (Ergonomics)
[201.564s][info][gc,phases,start] GC(1616) Marking Phase
[201.612s][info][gc,phases      ] GC(1616) Marking Phase 48.567ms
[201.613s][info][gc,phases,start] GC(1616) Summary Phase
[201.613s][info][gc,phases      ] GC(1616) Summary Phase 0.048ms
[201.613s][info][gc,phases,start] GC(1616) Adjust Roots
[201.629s][info][gc,phases      ] GC(1616) Adjust Roots 16.167ms
[201.629s][info][gc,phases,start] GC(1616) Compaction Phase
[201.665s][info][gc,phases      ] GC(1616) Compaction Phase 35.872ms
[201.665s][info][gc,phases,start] GC(1616) Post Compact
[201.673s][info][gc,phases      ] GC(1616) Post Compact 7.985ms
[201.673s][info][gc,heap        ] GC(1616) PSYoungGen: 237568K(466432K)->7667K(466432K) Eden: 237568K(237568K)->7667K(237568K) From: 0K(228864K)->0K(228864K)
[201.673s][info][gc,heap        ] GC(1616) ParOldGen: 1394912K(1398272K)->1394911K(1398272K)
[201.673s][info][gc,metaspace   ] GC(1616) Metaspace: 125969K(130240K)->125969K(130240K) NonClass: 107870K(108544K)->107870K(108544K) Class: 18099K(21696K)->18099K(21696K)
[201.673s][info][gc             ] GC(1616) Pause Full (Ergonomics) 1594M->1369M(1821M) 108.992ms
[201.673s][info][gc,cpu         ] GC(1616) User=2.34s Sys=0.00s Real=0.11s
[201.692s][info][gc,start       ] GC(1617) Pause Full (Ergonomics)
[201.692s][info][gc,phases,start] GC(1617) Marking Phase
[201.737s][info][gc,phases      ] GC(1617) Marking Phase 45.147ms
[201.737s][info][gc,phases,start] GC(1617) Summary Phase
[201.737s][info][gc,phases      ] GC(1617) Summary Phase 0.053ms
[201.737s][info][gc,phases,start] GC(1617) Adjust Roots
[201.757s][info][gc,phases      ] GC(1617) Adjust Roots 20.615ms
[201.757s][info][gc,phases,start] GC(1617) Compaction Phase
[201.789s][info][gc,phases      ] GC(1617) Compaction Phase 31.246ms
[201.789s][info][gc,phases,start] GC(1617) Post Compact
[201.797s][info][gc,phases      ] GC(1617) Post Compact 8.013ms
[201.797s][info][gc,heap        ] GC(1617) PSYoungGen: 237568K(466432K)->0K(470016K) Eden: 237568K(237568K)->0K(241152K) From: 0K(228864K)->0K(228864K)
[201.797s][info][gc,heap        ] GC(1617) ParOldGen: 1394911K(1398272K)->1329076K(1398272K)
[201.797s][info][gc,metaspace   ] GC(1617) Metaspace: 125969K(130240K)->125969K(130240K) NonClass: 107870K(108544K)->107870K(108544K) Class: 18099K(21696K)->18099K(21696K)
[201.797s][info][gc             ] GC(1617) Pause Full (Ergonomics) 1594M->1297M(1824M) 105.371ms
[201.797s][info][gc,cpu         ] GC(1617) User=2.00s Sys=0.00s Real=0.10s
[201.823s][info][gc,start       ] GC(1618) Pause Young (Allocation Failure)
[201.825s][info][gc,heap        ] GC(1618) PSYoungGen: 241152K(470016K)->855K(242176K) Eden: 241152K(241152K)->0K(241152K) From: 0K(228864K)->855K(1024K)
[201.825s][info][gc,heap        ] GC(1618) ParOldGen: 1329076K(1398272K)->1329076K(1398272K)
[201.825s][info][gc,metaspace   ] GC(1618) Metaspace: 125969K(130240K)->125969K(130240K) NonClass: 107870K(108544K)->107870K(108544K) Class: 18099K(21696K)->18099K(21696K)
[201.825s][info][gc             ] GC(1618) Pause Young (Allocation Failure) 1533M->1298M(1602M) 1.796ms
[201.825s][info][gc,cpu         ] GC(1618) User=0.00s Sys=0.00s Real=0.00s
[201.843s][info][gc,start       ] GC(1619) Pause Young (Allocation Failure)
[201.844s][info][gc,heap        ] GC(1619) PSYoungGen: 242007K(242176K)->879K(465920K) Eden: 241152K(241152K)->0K(232960K) From: 855K(1024K)->879K(232960K)
[201.844s][info][gc,heap        ] GC(1619) ParOldGen: 1329076K(1398272K)->1329076K(1398272K)
[201.844s][info][gc,metaspace   ] GC(1619) Metaspace: 125969K(130240K)->125969K(130240K) NonClass: 107870K(108544K)->107870K(108544K) Class: 18099K(21696K)->18099K(21696K)
[201.844s][info][gc             ] GC(1619) Pause Young (Allocation Failure) 1534M->1298M(1820M) 1.595ms
[201.844s][info][gc,cpu         ] GC(1619) User=0.00s Sys=0.00s Real=0.00s
[201.867s][info][gc,start       ] GC(1620) Pause Young (Allocation Failure)
[201.868s][info][gc,heap        ] GC(1620) PSYoungGen: 233839K(465920K)->894K(465920K) Eden: 232960K(232960K)->0K(232960K) From: 879K(232960K)->894K(232960K)
[201.868s][info][gc,heap        ] GC(1620) ParOldGen: 1329076K(1398272K)->1329076K(1398272K)
[201.868s][info][gc,metaspace   ] GC(1620) Metaspace: 125969K(130240K)->125969K(130240K) NonClass: 107870K(108544K)->107870K(108544K) Class: 18099K(21696K)->18099K(21696K)
[201.868s][info][gc             ] GC(1620) Pause Young (Allocation Failure) 1526M->1298M(1820M) 1.600ms
[201.868s][info][gc,cpu         ] GC(1620) User=0.00s Sys=0.00s Real=0.00s
[201.894s][info][gc,start       ] GC(1621) Pause Young (Allocation Failure)
[201.897s][info][gc,heap        ] GC(1621) PSYoungGen: 233854K(465920K)->1317K(465920K) Eden: 232960K(232960K)->0K(232960K) From: 894K(232960K)->1317K(232960K)
[201.897s][info][gc,heap        ] GC(1621) ParOldGen: 1329076K(1398272K)->1329076K(1398272K)
[201.897s][info][gc,metaspace   ] GC(1621) Metaspace: 125969K(130240K)->125969K(130240K) NonClass: 107870K(108544K)->107870K(108544K) Class: 18099K(21696K)->18099K(21696K)
[201.897s][info][gc             ] GC(1621) Pause Young (Allocation Failure) 1526M->1299M(1820M) 2.194ms
[201.897s][info][gc,cpu         ] GC(1621) User=0.00s Sys=0.00s Real=0.00s
[202.324s][info][gc,start       ] GC(1622) Pause Young (System.gc())
[202.327s][info][gc,heap        ] GC(1622) PSYoungGen: 115679K(465920K)->2348K(465920K) Eden: 114362K(232960K)->0K(232960K) From: 1317K(232960K)->2348K(232960K)
[202.327s][info][gc,heap        ] GC(1622) ParOldGen: 1329076K(1398272K)->1329076K(1398272K)
[202.327s][info][gc,metaspace   ] GC(1622) Metaspace: 126001K(130304K)->126001K(130304K) NonClass: 107902K(108608K)->107902K(108608K) Class: 18099K(21696K)->18099K(21696K)
[202.327s][info][gc             ] GC(1622) Pause Young (System.gc()) 1410M->1300M(1820M) 2.635ms
[202.327s][info][gc,cpu         ] GC(1622) User=0.00s Sys=0.00s Real=0.00s
[202.327s][info][gc,start       ] GC(1623) Pause Full (System.gc())
[202.327s][info][gc,phases,start] GC(1623) Marking Phase
[202.387s][info][gc,phases      ] GC(1623) Marking Phase 59.498ms
[202.387s][info][gc,phases,start] GC(1623) Summary Phase
[202.387s][info][gc,phases      ] GC(1623) Summary Phase 0.034ms
[202.387s][info][gc,phases,start] GC(1623) Adjust Roots
[202.408s][info][gc,phases      ] GC(1623) Adjust Roots 21.267ms
[202.408s][info][gc,phases,start] GC(1623) Compaction Phase
[202.490s][info][gc,phases      ] GC(1623) Compaction Phase 81.619ms
[202.490s][info][gc,phases,start] GC(1623) Post Compact
[202.497s][info][gc,phases      ] GC(1623) Post Compact 6.601ms
[202.497s][info][gc,heap        ] GC(1623) PSYoungGen: 2348K(465920K)->0K(465920K) Eden: 0K(232960K)->0K(232960K) From: 2348K(232960K)->0K(232960K)
[202.497s][info][gc,heap        ] GC(1623) ParOldGen: 1329076K(1398272K)->974720K(1398272K)
[202.497s][info][gc,metaspace   ] GC(1623) Metaspace: 126001K(130304K)->126001K(130304K) NonClass: 107902K(108608K)->107902K(108608K) Class: 18099K(21696K)->18099K(21696K)
[202.497s][info][gc             ] GC(1623) Pause Full (System.gc()) 1300M->951M(1820M) 169.305ms
[202.497s][info][gc,cpu         ] GC(1623) User=4.05s Sys=0.05s Real=0.17s
[202.592s][info][gc,start       ] GC(1624) Pause Young (Allocation Failure)
[202.594s][info][gc,heap        ] GC(1624) PSYoungGen: 232960K(465920K)->10261K(465920K) Eden: 232960K(232960K)->0K(232960K) From: 0K(232960K)->10261K(232960K)
[202.594s][info][gc,heap        ] GC(1624) ParOldGen: 974720K(1398272K)->974728K(1398272K)
[202.594s][info][gc,metaspace   ] GC(1624) Metaspace: 126109K(130432K)->126109K(130432K) NonClass: 108009K(108736K)->108009K(108736K) Class: 18099K(21696K)->18099K(21696K)
[202.594s][info][gc             ] GC(1624) Pause Young (Allocation Failure) 1179M->961M(1820M) 2.323ms
[202.594s][info][gc,cpu         ] GC(1624) User=0.00s Sys=0.00s Real=0.00s
[202.610s][info][gc,start       ] GC(1625) Pause Young (Allocation Failure)
[202.612s][info][gc,heap        ] GC(1625) PSYoungGen: 243221K(465920K)->13452K(465920K) Eden: 232960K(232960K)->0K(232960K) From: 10261K(232960K)->13452K(232960K)
[202.612s][info][gc,heap        ] GC(1625) ParOldGen: 974728K(1398272K)->974728K(1398272K)
[202.612s][info][gc,metaspace   ] GC(1625) Metaspace: 126115K(130432K)->126115K(130432K) NonClass: 108015K(108736K)->108015K(108736K) Class: 18099K(21696K)->18099K(21696K)
[202.612s][info][gc             ] GC(1625) Pause Young (Allocation Failure) 1189M->965M(1820M) 2.104ms
[202.613s][info][gc,cpu         ] GC(1625) User=0.02s Sys=0.00s Real=0.02s
[202.628s][info][gc,start       ] GC(1626) Pause Young (Allocation Failure)
[202.630s][info][gc,heap        ] GC(1626) PSYoungGen: 246412K(465920K)->14740K(465920K) Eden: 232960K(232960K)->0K(232960K) From: 13452K(232960K)->14740K(232960K)
[202.630s][info][gc,heap        ] GC(1626) ParOldGen: 974728K(1398272K)->974728K(1398272K)
[202.630s][info][gc,metaspace   ] GC(1626) Metaspace: 126115K(130432K)->126115K(130432K) NonClass: 108015K(108736K)->108015K(108736K) Class: 18099K(21696K)->18099K(21696K)
[202.630s][info][gc             ] GC(1626) Pause Young (Allocation Failure) 1192M->966M(1820M) 2.128ms
[202.630s][info][gc,cpu         ] GC(1626) User=0.45s Sys=0.02s Real=0.02s
[202.645s][info][gc,start       ] GC(1627) Pause Young (Allocation Failure)
[202.647s][info][gc,heap        ] GC(1627) PSYoungGen: 247700K(465920K)->15787K(465920K) Eden: 232960K(232960K)->0K(232960K) From: 14740K(232960K)->15787K(232960K)
[202.647s][info][gc,heap        ] GC(1627) ParOldGen: 974728K(1398272K)->974728K(1398272K)
[202.647s][info][gc,metaspace   ] GC(1627) Metaspace: 126115K(130432K)->126115K(130432K) NonClass: 108015K(108736K)->108015K(108736K) Class: 18099K(21696K)->18099K(21696K)
[202.647s][info][gc             ] GC(1627) Pause Young (Allocation Failure) 1193M->967M(1820M) 2.208ms
[202.647s][info][gc,cpu         ] GC(1627) User=0.00s Sys=0.02s Real=0.00s
[202.663s][info][gc,start       ] GC(1628) Pause Young (Allocation Failure)
[202.665s][info][gc,heap        ] GC(1628) PSYoungGen: 248747K(465920K)->19956K(465920K) Eden: 232960K(232960K)->0K(232960K) From: 15787K(232960K)->19956K(232960K)
[202.665s][info][gc,heap        ] GC(1628) ParOldGen: 974728K(1398272K)->974728K(1398272K)
[202.665s][info][gc,metaspace   ] GC(1628) Metaspace: 126115K(130432K)->126115K(130432K) NonClass: 108015K(108736K)->108015K(108736K) Class: 18099K(21696K)->18099K(21696K)
[202.665s][info][gc             ] GC(1628) Pause Young (Allocation Failure) 1194M->971M(1820M) 2.469ms
[202.665s][info][gc,cpu         ] GC(1628) User=0.00s Sys=0.00s Real=0.00s
[202.680s][info][gc,start       ] GC(1629) Pause Young (Allocation Failure)
[202.683s][info][gc,heap        ] GC(1629) PSYoungGen: 252916K(465920K)->14447K(247808K) Eden: 232960K(232960K)->0K(232960K) From: 19956K(232960K)->14447K(14848K)
[202.683s][info][gc,heap        ] GC(1629) ParOldGen: 974728K(1398272K)->984269K(1398272K)
[202.683s][info][gc,metaspace   ] GC(1629) Metaspace: 126115K(130432K)->126115K(130432K) NonClass: 108015K(108736K)->108015K(108736K) Class: 18099K(21696K)->18099K(21696K)
[202.683s][info][gc             ] GC(1629) Pause Young (Allocation Failure) 1198M->975M(1607M) 3.028ms
[202.683s][info][gc,cpu         ] GC(1629) User=0.00s Sys=0.00s Real=0.00s
[202.699s][info][gc,start       ] GC(1630) Pause Young (Allocation Failure)
[202.703s][info][gc,heap        ] GC(1630) PSYoungGen: 247407K(247808K)->14543K(458240K) Eden: 232960K(232960K)->0K(239616K) From: 14447K(14848K)->14543K(218624K)
[202.703s][info][gc,heap        ] GC(1630) ParOldGen: 984269K(1398272K)->984269K(1398272K)
[202.703s][info][gc,metaspace   ] GC(1630) Metaspace: 126115K(130432K)->126115K(130432K) NonClass: 108015K(108736K)->108015K(108736K) Class: 18099K(21696K)->18099K(21696K)
[202.703s][info][gc             ] GC(1630) Pause Young (Allocation Failure) 1202M->975M(1813M) 3.721ms
[202.703s][info][gc,cpu         ] GC(1630) User=0.00s Sys=0.00s Real=0.00s
[202.719s][info][gc,start       ] GC(1631) Pause Young (Allocation Failure)
[202.724s][info][gc,heap        ] GC(1631) PSYoungGen: 254159K(458240K)->19103K(259072K) Eden: 239616K(239616K)->0K(239616K) From: 14543K(218624K)->19103K(19456K)
[202.724s][info][gc,heap        ] GC(1631) ParOldGen: 984269K(1398272K)->984269K(1398272K)
[202.724s][info][gc,metaspace   ] GC(1631) Metaspace: 126115K(130432K)->126115K(130432K) NonClass: 108015K(108736K)->108015K(108736K) Class: 18099K(21696K)->18099K(21696K)
[202.724s][info][gc             ] GC(1631) Pause Young (Allocation Failure) 1209M->979M(1618M) 4.971ms
[202.724s][info][gc,cpu         ] GC(1631) User=0.00s Sys=0.02s Real=0.02s
[202.740s][info][gc,start       ] GC(1632) Pause Young (Allocation Failure)
[202.746s][info][gc,heap        ] GC(1632) PSYoungGen: 258719K(259072K)->26198K(434176K) Eden: 239616K(239616K)->0K(246272K) From: 19103K(19456K)->26198K(187904K)
[202.746s][info][gc,heap        ] GC(1632) ParOldGen: 984269K(1398272K)->984269K(1398272K)
[202.746s][info][gc,metaspace   ] GC(1632) Metaspace: 126115K(130432K)->126115K(130432K) NonClass: 108015K(108736K)->108015K(108736K) Class: 18099K(21696K)->18099K(21696K)
[202.746s][info][gc             ] GC(1632) Pause Young (Allocation Failure) 1213M->986M(1789M) 5.542ms
[202.746s][info][gc,cpu         ] GC(1632) User=0.00s Sys=0.00s Real=0.00s
[202.762s][info][gc,start       ] GC(1633) Pause Young (Allocation Failure)
[202.767s][info][gc,heap        ] GC(1633) PSYoungGen: 272470K(434176K)->24635K(271360K) Eden: 246272K(246272K)->0K(246272K) From: 26198K(187904K)->24635K(25088K)
[202.767s][info][gc,heap        ] GC(1633) ParOldGen: 984269K(1398272K)->984269K(1398272K)
[202.767s][info][gc,metaspace   ] GC(1633) Metaspace: 126115K(130432K)->126115K(130432K) NonClass: 108015K(108736K)->108015K(108736K) Class: 18099K(21696K)->18099K(21696K)
[202.767s][info][gc             ] GC(1633) Pause Young (Allocation Failure) 1227M->985M(1630M) 5.014ms
[202.767s][info][gc,cpu         ] GC(1633) User=0.00s Sys=0.00s Real=0.00s
[202.784s][info][gc,start       ] GC(1634) Pause Young (Allocation Failure)
[202.789s][info][gc,heap        ] GC(1634) PSYoungGen: 270907K(271360K)->24571K(421376K) Eden: 246272K(246272K)->0K(253952K) From: 24635K(25088K)->24571K(167424K)
[202.789s][info][gc,heap        ] GC(1634) ParOldGen: 984269K(1398272K)->984269K(1398272K)
[202.789s][info][gc,metaspace   ] GC(1634) Metaspace: 126115K(130432K)->126115K(130432K) NonClass: 108015K(108736K)->108015K(108736K) Class: 18099K(21696K)->18099K(21696K)
[202.789s][info][gc             ] GC(1634) Pause Young (Allocation Failure) 1225M->985M(1777M) 5.632ms
[202.789s][info][gc,cpu         ] GC(1634) User=0.25s Sys=0.00s Real=0.02s
[202.806s][info][gc,start       ] GC(1635) Pause Young (Allocation Failure)
[202.811s][info][gc,heap        ] GC(1635) PSYoungGen: 278523K(421376K)->27728K(282112K) Eden: 253952K(253952K)->0K(253952K) From: 24571K(167424K)->27728K(28160K)
[202.811s][info][gc,heap        ] GC(1635) ParOldGen: 984269K(1398272K)->984269K(1398272K)
[202.811s][info][gc,metaspace   ] GC(1635) Metaspace: 126115K(130432K)->126115K(130432K) NonClass: 108015K(108736K)->108015K(108736K) Class: 18099K(21696K)->18099K(21696K)
[202.811s][info][gc             ] GC(1635) Pause Young (Allocation Failure) 1233M->988M(1641M) 4.957ms
[202.811s][info][gc,cpu         ] GC(1635) User=0.00s Sys=0.00s Real=0.00s
[202.827s][info][gc,start       ] GC(1636) Pause Young (Allocation Failure)
[202.833s][info][gc,heap        ] GC(1636) PSYoungGen: 281680K(282112K)->30853K(408576K) Eden: 253952K(253952K)->0K(262144K) From: 27728K(28160K)->30853K(146432K)
[202.833s][info][gc,heap        ] GC(1636) ParOldGen: 984269K(1398272K)->984269K(1398272K)
[202.833s][info][gc,metaspace   ] GC(1636) Metaspace: 126115K(130432K)->126115K(130432K) NonClass: 108015K(108736K)->108015K(108736K) Class: 18099K(21696K)->18099K(21696K)
[202.833s][info][gc             ] GC(1636) Pause Young (Allocation Failure) 1236M->991M(1764M) 5.968ms
[202.833s][info][gc,cpu         ] GC(1636) User=0.00s Sys=0.02s Real=0.02s
[202.851s][info][gc,start       ] GC(1637) Pause Young (Allocation Failure)
[202.857s][info][gc,heap        ] GC(1637) PSYoungGen: 292997K(408576K)->37167K(299520K) Eden: 262144K(262144K)->0K(262144K) From: 30853K(146432K)->37167K(37376K)
[202.857s][info][gc,heap        ] GC(1637) ParOldGen: 984269K(1398272K)->984269K(1398272K)
[202.857s][info][gc,metaspace   ] GC(1637) Metaspace: 126115K(130432K)->126115K(130432K) NonClass: 108015K(108736K)->108015K(108736K) Class: 18099K(21696K)->18099K(21696K)
[202.857s][info][gc             ] GC(1637) Pause Young (Allocation Failure) 1247M->997M(1658M) 5.769ms
[202.857s][info][gc,cpu         ] GC(1637) User=0.00s Sys=0.00s Real=0.00s
[202.875s][info][gc,start       ] GC(1638) Pause Young (Allocation Failure)
[202.882s][info][gc,heap        ] GC(1638) PSYoungGen: 299311K(299520K)->48009K(402944K) Eden: 262144K(262144K)->0K(271872K) From: 37167K(37376K)->48009K(131072K)
[202.882s][info][gc,heap        ] GC(1638) ParOldGen: 984269K(1398272K)->984269K(1398272K)
[202.883s][info][gc,metaspace   ] GC(1638) Metaspace: 126115K(130432K)->126115K(130432K) NonClass: 108015K(108736K)->108015K(108736K) Class: 18099K(21696K)->18099K(21696K)
[202.883s][info][gc             ] GC(1638) Pause Young (Allocation Failure) 1253M->1008M(1759M) 7.465ms
[202.883s][info][gc,cpu         ] GC(1638) User=0.25s Sys=0.02s Real=0.02s
[202.901s][info][gc,start       ] GC(1639) Pause Young (Allocation Failure)
[202.907s][info][gc,heap        ] GC(1639) PSYoungGen: 319881K(402944K)->49603K(409600K) Eden: 271872K(271872K)->0K(271872K) From: 48009K(131072K)->49603K(137728K)
[202.907s][info][gc,heap        ] GC(1639) ParOldGen: 984269K(1398272K)->984269K(1398272K)
[202.907s][info][gc,metaspace   ] GC(1639) Metaspace: 126115K(130432K)->126115K(130432K) NonClass: 108015K(108736K)->108015K(108736K) Class: 18099K(21696K)->18099K(21696K)
[202.907s][info][gc             ] GC(1639) Pause Young (Allocation Failure) 1273M->1009M(1765M) 5.955ms
[202.907s][info][gc,cpu         ] GC(1639) User=0.00s Sys=0.00s Real=0.00s
[202.925s][info][gc,start       ] GC(1640) Pause Young (Allocation Failure)
[202.932s][info][gc,heap        ] GC(1640) PSYoungGen: 321475K(409600K)->48105K(400896K) Eden: 271872K(271872K)->0K(282624K) From: 49603K(137728K)->48105K(118272K)
[202.932s][info][gc,heap        ] GC(1640) ParOldGen: 984269K(1398272K)->984269K(1398272K)
[202.932s][info][gc,metaspace   ] GC(1640) Metaspace: 126115K(130432K)->126115K(130432K) NonClass: 108015K(108736K)->108015K(108736K) Class: 18099K(21696K)->18099K(21696K)
[202.932s][info][gc             ] GC(1640) Pause Young (Allocation Failure) 1275M->1008M(1757M) 6.810ms
[202.932s][info][gc,cpu         ] GC(1640) User=0.52s Sys=0.00s Real=0.02s
[202.951s][info][gc,start       ] GC(1641) Pause Young (Allocation Failure)
[202.956s][info][gc,heap        ] GC(1641) PSYoungGen: 330729K(400896K)->47931K(407040K) Eden: 282624K(282624K)->0K(282624K) From: 48105K(118272K)->47931K(124416K)
[202.956s][info][gc,heap        ] GC(1641) ParOldGen: 984269K(1398272K)->984627K(1398272K)
[202.956s][info][gc,metaspace   ] GC(1641) Metaspace: 126115K(130432K)->126115K(130432K) NonClass: 108015K(108736K)->108015K(108736K) Class: 18099K(21696K)->18099K(21696K)
[202.956s][info][gc             ] GC(1641) Pause Young (Allocation Failure) 1284M->1008M(1763M) 5.802ms
[202.956s][info][gc,cpu         ] GC(1641) User=0.00s Sys=0.00s Real=0.00s
[202.975s][info][gc,start       ] GC(1642) Pause Young (Allocation Failure)
[202.981s][info][gc,heap        ] GC(1642) PSYoungGen: 330555K(407040K)->47931K(401920K) Eden: 282624K(282624K)->0K(294400K) From: 47931K(124416K)->47931K(107520K)
[202.981s][info][gc,heap        ] GC(1642) ParOldGen: 984627K(1398272K)->984667K(1398272K)
[202.981s][info][gc,metaspace   ] GC(1642) Metaspace: 126115K(130432K)->126115K(130432K) NonClass: 108015K(108736K)->108015K(108736K) Class: 18099K(21696K)->18099K(21696K)
[202.981s][info][gc             ] GC(1642) Pause Young (Allocation Failure) 1284M->1008M(1758M) 6.474ms
[202.982s][info][gc,cpu         ] GC(1642) User=0.00s Sys=0.00s Real=0.00s
[203.001s][info][gc,start       ] GC(1643) Pause Young (Allocation Failure)
[203.006s][info][gc,heap        ] GC(1643) PSYoungGen: 342331K(401920K)->47931K(407040K) Eden: 294400K(294400K)->0K(294400K) From: 47931K(107520K)->47931K(112640K)
[203.006s][info][gc,heap        ] GC(1643) ParOldGen: 984667K(1398272K)->984675K(1398272K)
[203.006s][info][gc,metaspace   ] GC(1643) Metaspace: 126115K(130432K)->126115K(130432K) NonClass: 108015K(108736K)->108015K(108736K) Class: 18099K(21696K)->18099K(21696K)
[203.006s][info][gc             ] GC(1643) Pause Young (Allocation Failure) 1295M->1008M(1763M) 4.716ms
[203.006s][info][gc,cpu         ] GC(1643) User=0.19s Sys=0.00s Real=0.02s
[203.025s][info][gc,start       ] GC(1644) Pause Young (Allocation Failure)
[203.032s][info][gc,heap        ] GC(1644) PSYoungGen: 342331K(407040K)->47931K(404480K) Eden: 294400K(294400K)->0K(306688K) From: 47931K(112640K)->47931K(97792K)
[203.032s][info][gc,heap        ] GC(1644) ParOldGen: 984675K(1398272K)->984675K(1398272K)
[203.032s][info][gc,metaspace   ] GC(1644) Metaspace: 126115K(130432K)->126115K(130432K) NonClass: 108015K(108736K)->108015K(108736K) Class: 18099K(21696K)->18099K(21696K)
[203.032s][info][gc             ] GC(1644) Pause Young (Allocation Failure) 1295M->1008M(1760M) 6.548ms
[203.032s][info][gc,cpu         ] GC(1644) User=0.00s Sys=0.00s Real=0.00s
[203.067s][info][gc,start       ] GC(1645) Pause Young (Allocation Failure)
[203.073s][info][gc,heap        ] GC(1645) PSYoungGen: 354619K(404480K)->54181K(409088K) Eden: 306688K(306688K)->0K(306688K) From: 47931K(97792K)->54181K(102400K)
[203.073s][info][gc,heap        ] GC(1645) ParOldGen: 984675K(1398272K)->984683K(1398272K)
[203.073s][info][gc,metaspace   ] GC(1645) Metaspace: 126115K(130432K)->126115K(130432K) NonClass: 108015K(108736K)->108015K(108736K) Class: 18099K(21696K)->18099K(21696K)
[203.073s][info][gc             ] GC(1645) Pause Young (Allocation Failure) 1307M->1014M(1765M) 6.016ms
[203.073s][info][gc,cpu         ] GC(1645) User=0.00s Sys=0.00s Real=0.00s
[203.098s][info][gc,start       ] GC(1646) Pause Young (Allocation Failure)
[203.105s][info][gc,heap        ] GC(1646) PSYoungGen: 360869K(409088K)->72931K(414208K) Eden: 306688K(306688K)->0K(313856K) From: 54181K(102400K)->72931K(100352K)
[203.105s][info][gc,heap        ] GC(1646) ParOldGen: 984683K(1398272K)->984683K(1398272K)
[203.106s][info][gc,metaspace   ] GC(1646) Metaspace: 126115K(130432K)->126115K(130432K) NonClass: 108015K(108736K)->108015K(108736K) Class: 18099K(21696K)->18099K(21696K)
[203.106s][info][gc             ] GC(1646) Pause Young (Allocation Failure) 1314M->1032M(1770M) 7.164ms
[203.106s][info][gc,cpu         ] GC(1646) User=0.00s Sys=0.00s Real=0.00s
[203.130s][info][gc,start       ] GC(1647) Pause Young (Allocation Failure)
[203.140s][info][gc,heap        ] GC(1647) PSYoungGen: 386787K(414208K)->101056K(418816K) Eden: 313856K(313856K)->0K(313856K) From: 72931K(100352K)->101056K(104960K)
[203.140s][info][gc,heap        ] GC(1647) ParOldGen: 984683K(1398272K)->984683K(1398272K)
[203.140s][info][gc,metaspace   ] GC(1647) Metaspace: 126115K(130432K)->126115K(130432K) NonClass: 108015K(108736K)->108015K(108736K) Class: 18099K(21696K)->18099K(21696K)
[203.140s][info][gc             ] GC(1647) Pause Young (Allocation Failure) 1339M->1060M(1774M) 10.516ms
[203.140s][info][gc,cpu         ] GC(1647) User=0.00s Sys=0.00s Real=0.00s
[203.162s][info][gc,start       ] GC(1648) Pause Young (Allocation Failure)
[203.177s][info][gc,heap        ] GC(1648) PSYoungGen: 414912K(418816K)->107306K(433152K) Eden: 313856K(313856K)->0K(314368K) From: 101056K(104960K)->107306K(118784K)
[203.177s][info][gc,heap        ] GC(1648) ParOldGen: 984683K(1398272K)->984683K(1398272K)
[203.177s][info][gc,metaspace   ] GC(1648) Metaspace: 126115K(130432K)->126115K(130432K) NonClass: 108015K(108736K)->108015K(108736K) Class: 18099K(21696K)->18099K(21696K)
[203.177s][info][gc             ] GC(1648) Pause Young (Allocation Failure) 1366M->1066M(1788M) 14.906ms
[203.177s][info][gc,cpu         ] GC(1648) User=0.02s Sys=0.03s Real=0.02s
[203.198s][info][gc,start       ] GC(1649) Pause Young (Allocation Failure)
[203.208s][info][gc,heap        ] GC(1649) PSYoungGen: 421674K(433152K)->94806K(446464K) Eden: 314368K(314368K)->0K(314368K) From: 107306K(118784K)->94806K(132096K)
[203.208s][info][gc,heap        ] GC(1649) ParOldGen: 984683K(1398272K)->984683K(1398272K)
[203.208s][info][gc,metaspace   ] GC(1649) Metaspace: 126115K(130432K)->126115K(130432K) NonClass: 108015K(108736K)->108015K(108736K) Class: 18099K(21696K)->18099K(21696K)
[203.208s][info][gc             ] GC(1649) Pause Young (Allocation Failure) 1373M->1054M(1801M) 10.052ms
[203.208s][info][gc,cpu         ] GC(1649) User=0.16s Sys=0.02s Real=0.02s
[203.228s][info][gc,start       ] GC(1650) Pause Young (Allocation Failure)
[203.239s][info][gc,heap        ] GC(1650) PSYoungGen: 409174K(446464K)->94806K(465920K) Eden: 314368K(314368K)->0K(327680K) From: 94806K(132096K)->94806K(138240K)
[203.239s][info][gc,heap        ] GC(1650) ParOldGen: 984683K(1398272K)->984683K(1398272K)
[203.239s][info][gc,metaspace   ] GC(1650) Metaspace: 126115K(130432K)->126115K(130432K) NonClass: 108015K(108736K)->108015K(108736K) Class: 18099K(21696K)->18099K(21696K)
[203.239s][info][gc             ] GC(1650) Pause Young (Allocation Failure) 1361M->1054M(1820M) 10.638ms
[203.239s][info][gc,cpu         ] GC(1650) User=0.42s Sys=0.03s Real=0.01s
[203.261s][info][gc,start       ] GC(1651) Pause Young (Allocation Failure)
[203.271s][info][gc,heap        ] GC(1651) PSYoungGen: 422486K(465920K)->102962K(470528K) Eden: 327680K(327680K)->0K(327680K) From: 94806K(138240K)->102962K(142848K)
[203.271s][info][gc,heap        ] GC(1651) ParOldGen: 984683K(1398272K)->984683K(1398272K)
[203.271s][info][gc,metaspace   ] GC(1651) Metaspace: 126115K(130432K)->126115K(130432K) NonClass: 108015K(108736K)->108015K(108736K) Class: 18099K(21696K)->18099K(21696K)
[203.271s][info][gc             ] GC(1651) Pause Young (Allocation Failure) 1374M->1062M(1825M) 10.150ms
[203.271s][info][gc,cpu         ] GC(1651) User=0.08s Sys=0.00s Real=0.02s
[203.301s][info][gc,start       ] GC(1652) Pause Young (Allocation Failure)
[203.319s][info][gc,heap        ] GC(1652) PSYoungGen: 430642K(470528K)->115306K(487424K) Eden: 327680K(327680K)->0K(338432K) From: 102962K(142848K)->115306K(148992K)
[203.319s][info][gc,heap        ] GC(1652) ParOldGen: 984683K(1398272K)->984683K(1398272K)
[203.319s][info][gc,metaspace   ] GC(1652) Metaspace: 126115K(130432K)->126115K(130432K) NonClass: 108015K(108736K)->108015K(108736K) Class: 18099K(21696K)->18099K(21696K)
[203.319s][info][gc             ] GC(1652) Pause Young (Allocation Failure) 1382M->1074M(1841M) 17.486ms
[203.319s][info][gc,cpu         ] GC(1652) User=0.03s Sys=0.08s Real=0.02s
[203.343s][info][gc,start       ] GC(1653) Pause Young (Allocation Failure)
[203.356s][info][gc,heap        ] GC(1653) PSYoungGen: 453738K(487424K)->128622K(496128K) Eden: 338432K(338432K)->0K(338432K) From: 115306K(148992K)->128622K(157696K)
[203.356s][info][gc,heap        ] GC(1653) ParOldGen: 984683K(1398272K)->984683K(1398272K)
[203.356s][info][gc,metaspace   ] GC(1653) Metaspace: 126115K(130432K)->126115K(130432K) NonClass: 108015K(108736K)->108015K(108736K) Class: 18099K(21696K)->18099K(21696K)
[203.356s][info][gc             ] GC(1653) Pause Young (Allocation Failure) 1404M->1087M(1850M) 12.773ms
[203.356s][info][gc,cpu         ] GC(1653) User=0.44s Sys=0.00s Real=0.02s
[203.380s][info][gc,start       ] GC(1654) Pause Young (Allocation Failure)
[203.400s][info][gc,heap        ] GC(1654) PSYoungGen: 467054K(496128K)->133484K(506880K) Eden: 338432K(338432K)->0K(337408K) From: 128622K(157696K)->133484K(169472K)
[203.400s][info][gc,heap        ] GC(1654) ParOldGen: 984683K(1398272K)->984683K(1398272K)
[203.400s][info][gc,metaspace   ] GC(1654) Metaspace: 126115K(130432K)->126115K(130432K) NonClass: 108015K(108736K)->108015K(108736K) Class: 18099K(21696K)->18099K(21696K)
[203.400s][info][gc             ] GC(1654) Pause Young (Allocation Failure) 1417M->1091M(1860M) 20.630ms
[203.400s][info][gc,cpu         ] GC(1654) User=0.33s Sys=0.16s Real=0.02s
[203.423s][info][gc,start       ] GC(1655) Pause Young (Allocation Failure)
[203.435s][info][gc,heap        ] GC(1655) PSYoungGen: 470892K(506880K)->132666K(470528K) Eden: 337408K(337408K)->0K(337408K) From: 133484K(169472K)->132666K(133120K)
[203.435s][info][gc,heap        ] GC(1655) ParOldGen: 984683K(1398272K)->984683K(1398272K)
[203.435s][info][gc,metaspace   ] GC(1655) Metaspace: 126115K(130432K)->126115K(130432K) NonClass: 108015K(108736K)->108015K(108736K) Class: 18099K(21696K)->18099K(21696K)
[203.435s][info][gc             ] GC(1655) Pause Young (Allocation Failure) 1421M->1091M(1825M) 12.490ms
[203.435s][info][gc,cpu         ] GC(1655) User=0.41s Sys=0.00s Real=0.01s
[203.458s][info][gc,start       ] GC(1656) Pause Young (Allocation Failure)
[203.471s][info][gc,heap        ] GC(1656) PSYoungGen: 470074K(470528K)->137459K(494592K) Eden: 337408K(337408K)->0K(305664K) From: 132666K(133120K)->137459K(188928K)
[203.471s][info][gc,heap        ] GC(1656) ParOldGen: 984683K(1398272K)->984683K(1398272K)
[203.471s][info][gc,metaspace   ] GC(1656) Metaspace: 126115K(130432K)->126115K(130432K) NonClass: 108015K(108736K)->108015K(108736K) Class: 18099K(21696K)->18099K(21696K)
[203.471s][info][gc             ] GC(1656) Pause Young (Allocation Failure) 1420M->1095M(1848M) 12.660ms
[203.471s][info][gc,cpu         ] GC(1656) User=0.52s Sys=0.00s Real=0.02s
[203.491s][info][gc,start       ] GC(1657) Pause Young (Allocation Failure)
[203.504s][info][gc,heap        ] GC(1657) PSYoungGen: 443123K(494592K)->140571K(446464K) Eden: 305664K(305664K)->0K(305664K) From: 137459K(188928K)->140571K(140800K)
[203.504s][info][gc,heap        ] GC(1657) ParOldGen: 984683K(1398272K)->984683K(1398272K)
[203.504s][info][gc,metaspace   ] GC(1657) Metaspace: 126115K(130432K)->126115K(130432K) NonClass: 108015K(108736K)->108015K(108736K) Class: 18099K(21696K)->18099K(21696K)
[203.504s][info][gc             ] GC(1657) Pause Young (Allocation Failure) 1394M->1098M(1801M) 12.812ms
[203.504s][info][gc,cpu         ] GC(1657) User=0.52s Sys=0.00s Real=0.02s
[203.524s][info][gc,start       ] GC(1658) Pause Young (Allocation Failure)
[203.538s][info][gc,heap        ] GC(1658) PSYoungGen: 446235K(446464K)->144477K(482304K) Eden: 305664K(305664K)->0K(279040K) From: 140571K(140800K)->144477K(203264K)
[203.538s][info][gc,heap        ] GC(1658) ParOldGen: 984683K(1398272K)->984683K(1398272K)
[203.538s][info][gc,metaspace   ] GC(1658) Metaspace: 126115K(130432K)->126115K(130432K) NonClass: 108015K(108736K)->108015K(108736K) Class: 18099K(21696K)->18099K(21696K)
[203.538s][info][gc             ] GC(1658) Pause Young (Allocation Failure) 1397M->1102M(1836M) 14.176ms
[203.538s][info][gc,cpu         ] GC(1658) User=0.52s Sys=0.00s Real=0.02s
[203.556s][info][gc,start       ] GC(1659) Pause Young (Allocation Failure)
[203.570s][info][gc,heap        ] GC(1659) PSYoungGen: 423517K(482304K)->146096K(425472K) Eden: 279040K(279040K)->0K(279040K) From: 144477K(203264K)->146096K(146432K)
[203.570s][info][gc,heap        ] GC(1659) ParOldGen: 984683K(1398272K)->984683K(1398272K)
[203.570s][info][gc,metaspace   ] GC(1659) Metaspace: 126115K(130432K)->126115K(130432K) NonClass: 108015K(108736K)->108015K(108736K) Class: 18099K(21696K)->18099K(21696K)
[203.570s][info][gc             ] GC(1659) Pause Young (Allocation Failure) 1375M->1104M(1781M) 13.709ms
[203.570s][info][gc,cpu         ] GC(1659) User=0.52s Sys=0.00s Real=0.02s
[203.588s][info][gc,start       ] GC(1660) Pause Young (Allocation Failure)
[203.602s][info][gc,heap        ] GC(1660) PSYoungGen: 425136K(425472K)->148435K(475648K) Eden: 279040K(279040K)->0K(260608K) From: 146096K(146432K)->148435K(215040K)
[203.602s][info][gc,heap        ] GC(1660) ParOldGen: 984683K(1398272K)->984683K(1398272K)
[203.602s][info][gc,metaspace   ] GC(1660) Metaspace: 126115K(130432K)->126115K(130432K) NonClass: 108015K(108736K)->108015K(108736K) Class: 18099K(21696K)->18099K(21696K)
[203.602s][info][gc             ] GC(1660) Pause Young (Allocation Failure) 1376M->1106M(1830M) 14.278ms
[203.602s][info][gc,cpu         ] GC(1660) User=0.52s Sys=0.00s Real=0.02s
[203.620s][info][gc,start       ] GC(1661) Pause Young (Allocation Failure)
[203.634s][info][gc,heap        ] GC(1661) PSYoungGen: 409043K(475648K)->153127K(414208K) Eden: 260608K(260608K)->0K(260608K) From: 148435K(215040K)->153127K(153600K)
[203.634s][info][gc,heap        ] GC(1661) ParOldGen: 984683K(1398272K)->984683K(1398272K)
[203.635s][info][gc,metaspace   ] GC(1661) Metaspace: 126115K(130432K)->126115K(130432K) NonClass: 108015K(108736K)->108015K(108736K) Class: 18099K(21696K)->18099K(21696K)
[203.635s][info][gc             ] GC(1661) Pause Young (Allocation Failure) 1361M->1111M(1770M) 14.979ms
[203.635s][info][gc,cpu         ] GC(1661) User=0.52s Sys=0.00s Real=0.02s
[203.652s][info][gc,start       ] GC(1662) Pause Young (Allocation Failure)
[203.669s][info][gc,heap        ] GC(1662) PSYoungGen: 413735K(414208K)->167127K(458752K) Eden: 260608K(260608K)->0K(235008K) From: 153127K(153600K)->167127K(223744K)
[203.669s][info][gc,heap        ] GC(1662) ParOldGen: 984683K(1398272K)->984683K(1398272K)
[203.669s][info][gc,metaspace   ] GC(1662) Metaspace: 126115K(130432K)->126115K(130432K) NonClass: 108015K(108736K)->108015K(108736K) Class: 18099K(21696K)->18099K(21696K)
[203.669s][info][gc             ] GC(1662) Pause Young (Allocation Failure) 1365M->1124M(1813M) 17.132ms
[203.669s][info][gc,cpu         ] GC(1662) User=0.52s Sys=0.00s Real=0.02s
[203.684s][info][gc,start       ] GC(1663) Pause Young (Allocation Failure)
[203.700s][info][gc,heap        ] GC(1663) PSYoungGen: 402135K(458752K)->167299K(402432K) Eden: 235008K(235008K)->0K(235008K) From: 167127K(223744K)->167299K(167424K)
[203.700s][info][gc,heap        ] GC(1663) ParOldGen: 984683K(1398272K)->984683K(1398272K)
[203.700s][info][gc,metaspace   ] GC(1663) Metaspace: 126115K(130432K)->126115K(130432K) NonClass: 108015K(108736K)->108015K(108736K) Class: 18099K(21696K)->18099K(21696K)
[203.700s][info][gc             ] GC(1663) Pause Young (Allocation Failure) 1354M->1124M(1758M) 16.189ms
[203.701s][info][gc,cpu         ] GC(1663) User=0.52s Sys=0.00s Real=0.02s
[203.716s][info][gc,start       ] GC(1664) Pause Young (Allocation Failure)
[203.732s][info][gc,heap        ] GC(1664) PSYoungGen: 402307K(402432K)->170316K(465920K) Eden: 235008K(235008K)->0K(232960K) From: 167299K(167424K)->170316K(232960K)
[203.733s][info][gc,heap        ] GC(1664) ParOldGen: 984683K(1398272K)->984691K(1398272K)
[203.733s][info][gc,metaspace   ] GC(1664) Metaspace: 126115K(130432K)->126115K(130432K) NonClass: 108015K(108736K)->108015K(108736K) Class: 18099K(21696K)->18099K(21696K)
[203.733s][info][gc             ] GC(1664) Pause Young (Allocation Failure) 1354M->1127M(1820M) 16.870ms
[203.733s][info][gc,cpu         ] GC(1664) User=0.52s Sys=0.00s Real=0.02s
[203.748s][info][gc,start       ] GC(1665) Pause Young (Allocation Failure)
[203.765s][info][gc,heap        ] GC(1665) PSYoungGen: 403276K(465920K)->135854K(465920K) Eden: 232960K(232960K)->0K(232960K) From: 170316K(232960K)->135854K(232960K)
[203.765s][info][gc,heap        ] GC(1665) ParOldGen: 984691K(1398272K)->1017773K(1398272K)
[203.765s][info][gc,metaspace   ] GC(1665) Metaspace: 126115K(130432K)->126115K(130432K) NonClass: 108015K(108736K)->108015K(108736K) Class: 18099K(21696K)->18099K(21696K)
[203.765s][info][gc             ] GC(1665) Pause Young (Allocation Failure) 1355M->1126M(1820M) 16.927ms
[203.765s][info][gc,cpu         ] GC(1665) User=0.52s Sys=0.00s Real=0.02s
[203.780s][info][gc,start       ] GC(1666) Pause Young (Allocation Failure)
[203.794s][info][gc,heap        ] GC(1666) PSYoungGen: 368814K(465920K)->56386K(465920K) Eden: 232960K(232960K)->0K(232960K) From: 135854K(232960K)->56386K(232960K)
[203.794s][info][gc,heap        ] GC(1666) ParOldGen: 1017773K(1398272K)->1100769K(1398272K)
[203.794s][info][gc,metaspace   ] GC(1666) Metaspace: 126115K(130432K)->126115K(130432K) NonClass: 108015K(108736K)->108015K(108736K) Class: 18099K(21696K)->18099K(21696K)
[203.794s][info][gc             ] GC(1666) Pause Young (Allocation Failure) 1354M->1130M(1820M) 14.122ms
[203.794s][info][gc,cpu         ] GC(1666) User=0.52s Sys=0.00s Real=0.02s
[203.810s][info][gc,start       ] GC(1667) Pause Young (Allocation Failure)
[203.816s][info][gc,heap        ] GC(1667) PSYoungGen: 289346K(465920K)->49461K(465920K) Eden: 232960K(232960K)->0K(232960K) From: 56386K(232960K)->49461K(232960K)
[203.816s][info][gc,heap        ] GC(1667) ParOldGen: 1100769K(1398272K)->1109272K(1398272K)
[203.816s][info][gc,metaspace   ] GC(1667) Metaspace: 126115K(130432K)->126115K(130432K) NonClass: 108015K(108736K)->108015K(108736K) Class: 18099K(21696K)->18099K(21696K)
[203.816s][info][gc             ] GC(1667) Pause Young (Allocation Failure) 1357M->1131M(1820M) 6.478ms
[203.816s][info][gc,cpu         ] GC(1667) User=0.28s Sys=0.00s Real=0.02s
[203.831s][info][gc,start       ] GC(1668) Pause Young (Allocation Failure)
[203.836s][info][gc,heap        ] GC(1668) PSYoungGen: 282421K(465920K)->47899K(465920K) Eden: 232960K(232960K)->0K(232960K) From: 49461K(232960K)->47899K(232960K)
[203.836s][info][gc,heap        ] GC(1668) ParOldGen: 1109272K(1398272K)->1109312K(1398272K)
[203.836s][info][gc,metaspace   ] GC(1668) Metaspace: 126115K(130432K)->126115K(130432K) NonClass: 108015K(108736K)->108015K(108736K) Class: 18099K(21696K)->18099K(21696K)
[203.836s][info][gc             ] GC(1668) Pause Young (Allocation Failure) 1359M->1130M(1820M) 4.862ms
[203.836s][info][gc,cpu         ] GC(1668) User=0.00s Sys=0.00s Real=0.00s
[203.851s][info][gc,start       ] GC(1669) Pause Young (Allocation Failure)
[203.856s][info][gc,heap        ] GC(1669) PSYoungGen: 280859K(465920K)->47835K(465920K) Eden: 232960K(232960K)->0K(232960K) From: 47899K(232960K)->47835K(232960K)
[203.856s][info][gc,heap        ] GC(1669) ParOldGen: 1109312K(1398272K)->1109384K(1398272K)
[203.856s][info][gc,metaspace   ] GC(1669) Metaspace: 126115K(130432K)->126115K(130432K) NonClass: 108015K(108736K)->108015K(108736K) Class: 18099K(21696K)->18099K(21696K)
[203.856s][info][gc             ] GC(1669) Pause Young (Allocation Failure) 1357M->1130M(1820M) 4.950ms
[203.856s][info][gc,cpu         ] GC(1669) User=0.00s Sys=0.00s Real=0.00s
[203.871s][info][gc,start       ] GC(1670) Pause Young (Allocation Failure)
[203.876s][info][gc,heap        ] GC(1670) PSYoungGen: 280795K(465920K)->25992K(465920K) Eden: 232960K(232960K)->0K(232960K) From: 47835K(232960K)->25992K(232960K)
[203.876s][info][gc,heap        ] GC(1670) ParOldGen: 1109384K(1398272K)->1131347K(1398272K)
[203.876s][info][gc,metaspace   ] GC(1670) Metaspace: 126115K(130432K)->126115K(130432K) NonClass: 108015K(108736K)->108015K(108736K) Class: 18099K(21696K)->18099K(21696K)
[203.876s][info][gc             ] GC(1670) Pause Young (Allocation Failure) 1357M->1130M(1820M) 5.286ms
[203.876s][info][gc,cpu         ] GC(1670) User=0.00s Sys=0.00s Real=0.00s
[203.891s][info][gc,start       ] GC(1671) Pause Young (Allocation Failure)
[203.894s][info][gc,heap        ] GC(1671) PSYoungGen: 258952K(465920K)->10431K(465920K) Eden: 232960K(232960K)->0K(232960K) From: 25992K(232960K)->10431K(232960K)
[203.894s][info][gc,heap        ] GC(1671) ParOldGen: 1131347K(1398272K)->1147036K(1398272K)
[203.894s][info][gc,metaspace   ] GC(1671) Metaspace: 126115K(130432K)->126115K(130432K) NonClass: 108015K(108736K)->108015K(108736K) Class: 18099K(21696K)->18099K(21696K)
[203.894s][info][gc             ] GC(1671) Pause Young (Allocation Failure) 1357M->1130M(1820M) 3.419ms
[203.894s][info][gc,cpu         ] GC(1671) User=0.52s Sys=0.00s Real=0.02s
[203.909s][info][gc,start       ] GC(1672) Pause Young (Allocation Failure)
[203.911s][info][gc,heap        ] GC(1672) PSYoungGen: 243391K(465920K)->4149K(465920K) Eden: 232960K(232960K)->0K(232960K) From: 10431K(232960K)->4149K(232960K)
[203.911s][info][gc,heap        ] GC(1672) ParOldGen: 1147036K(1398272K)->1153406K(1398272K)
[203.911s][info][gc,metaspace   ] GC(1672) Metaspace: 126115K(130432K)->126115K(130432K) NonClass: 108015K(108736K)->108015K(108736K) Class: 18099K(21696K)->18099K(21696K)
[203.911s][info][gc             ] GC(1672) Pause Young (Allocation Failure) 1357M->1130M(1820M) 1.943ms
[203.911s][info][gc,cpu         ] GC(1672) User=0.00s Sys=0.00s Real=0.00s
[203.939s][info][gc,start       ] GC(1673) Pause Young (Allocation Failure)
[203.943s][info][gc,heap        ] GC(1673) PSYoungGen: 237109K(465920K)->19774K(252928K) Eden: 232960K(232960K)->0K(232960K) From: 4149K(232960K)->19774K(19968K)
[203.943s][info][gc,heap        ] GC(1673) ParOldGen: 1153406K(1398272K)->1156643K(1398272K)
[203.943s][info][gc,metaspace   ] GC(1673) Metaspace: 126115K(130432K)->126115K(130432K) NonClass: 108015K(108736K)->108015K(108736K) Class: 18099K(21696K)->18099K(21696K)
[203.943s][info][gc             ] GC(1673) Pause Young (Allocation Failure) 1357M->1148M(1612M) 3.727ms
[203.943s][info][gc,cpu         ] GC(1673) User=0.00s Sys=0.00s Real=0.00s
[203.970s][info][gc,start       ] GC(1674) Pause Young (Allocation Failure)
[203.976s][info][gc,heap        ] GC(1674) PSYoungGen: 251477K(252928K)->51056K(457728K) Eden: 231703K(232960K)->0K(242688K) From: 19774K(19968K)->51056K(215040K)
[203.976s][info][gc,heap        ] GC(1674) ParOldGen: 1156643K(1398272K)->1156643K(1398272K)
[203.976s][info][gc,metaspace   ] GC(1674) Metaspace: 126115K(130432K)->126115K(130432K) NonClass: 108015K(108736K)->108015K(108736K) Class: 18099K(21696K)->18099K(21696K)
[203.976s][info][gc             ] GC(1674) Pause Young (Allocation Failure) 1375M->1179M(1812M) 5.919ms
[203.976s][info][gc,cpu         ] GC(1674) User=0.00s Sys=0.00s Real=0.00s
[203.995s][info][gc,start       ] GC(1675) Pause Young (Allocation Failure)
[204.002s][info][gc,heap        ] GC(1675) PSYoungGen: 293744K(457728K)->69710K(312832K) Eden: 242688K(242688K)->0K(242688K) From: 51056K(215040K)->69710K(70144K)
[204.002s][info][gc,heap        ] GC(1675) ParOldGen: 1156643K(1398272K)->1156643K(1398272K)
[204.002s][info][gc,metaspace   ] GC(1675) Metaspace: 126115K(130432K)->126115K(130432K) NonClass: 108015K(108736K)->108015K(108736K) Class: 18099K(21696K)->18099K(21696K)
[204.002s][info][gc             ] GC(1675) Pause Young (Allocation Failure) 1416M->1197M(1671M) 7.086ms
[204.002s][info][gc,cpu         ] GC(1675) User=0.00s Sys=0.00s Real=0.00s
[204.027s][info][gc,start       ] GC(1676) Pause Young (Allocation Failure)
[204.037s][info][gc,heap        ] GC(1676) PSYoungGen: 312398K(312832K)->82353K(438272K) Eden: 242688K(242688K)->0K(253440K) From: 69710K(70144K)->82353K(184832K)
[204.037s][info][gc,heap        ] GC(1676) ParOldGen: 1156643K(1398272K)->1156643K(1398272K)
[204.037s][info][gc,metaspace   ] GC(1676) Metaspace: 126115K(130432K)->126115K(130432K) NonClass: 108015K(108736K)->108015K(108736K) Class: 18099K(21696K)->18099K(21696K)
[204.037s][info][gc             ] GC(1676) Pause Young (Allocation Failure) 1434M->1209M(1793M) 10.859ms
[204.037s][info][gc,cpu         ] GC(1676) User=0.00s Sys=0.00s Real=0.00s
[204.055s][info][gc,start       ] GC(1677) Pause Young (Allocation Failure)
[204.064s][info][gc,heap        ] GC(1677) PSYoungGen: 335793K(438272K)->82297K(446976K) Eden: 253440K(253440K)->0K(253440K) From: 82353K(184832K)->82297K(193536K)
[204.064s][info][gc,heap        ] GC(1677) ParOldGen: 1156643K(1398272K)->1156643K(1398272K)
[204.064s][info][gc,metaspace   ] GC(1677) Metaspace: 126115K(130432K)->126115K(130432K) NonClass: 108015K(108736K)->108015K(108736K) Class: 18099K(21696K)->18099K(21696K)
[204.064s][info][gc             ] GC(1677) Pause Young (Allocation Failure) 1457M->1209M(1802M) 9.731ms
[204.064s][info][gc,cpu         ] GC(1677) User=0.22s Sys=0.00s Real=0.02s
[204.082s][info][gc,start       ] GC(1678) Pause Young (Allocation Failure)
[204.091s][info][gc,heap        ] GC(1678) PSYoungGen: 335737K(446976K)->88579K(442368K) Eden: 253440K(253440K)->0K(266752K) From: 82297K(193536K)->88579K(175616K)
[204.091s][info][gc,heap        ] GC(1678) ParOldGen: 1156643K(1398272K)->1156643K(1398272K)
[204.091s][info][gc,metaspace   ] GC(1678) Metaspace: 126115K(130432K)->126115K(130432K) NonClass: 108015K(108736K)->108015K(108736K) Class: 18099K(21696K)->18099K(21696K)
[204.091s][info][gc             ] GC(1678) Pause Young (Allocation Failure) 1457M->1216M(1797M) 8.907ms
[204.091s][info][gc,cpu         ] GC(1678) User=0.08s Sys=0.00s Real=0.02s
[204.109s][info][gc,start       ] GC(1679) Pause Young (Allocation Failure)
[204.118s][info][gc,heap        ] GC(1679) PSYoungGen: 355331K(442368K)->98926K(446976K) Eden: 266752K(266752K)->0K(266752K) From: 88579K(175616K)->98926K(180224K)
[204.118s][info][gc,heap        ] GC(1679) ParOldGen: 1156643K(1398272K)->1156643K(1398272K)
[204.118s][info][gc,metaspace   ] GC(1679) Metaspace: 126115K(130432K)->126115K(130432K) NonClass: 108015K(108736K)->108015K(108736K) Class: 18099K(21696K)->18099K(21696K)
[204.118s][info][gc             ] GC(1679) Pause Young (Allocation Failure) 1476M->1226M(1802M) 9.624ms
[204.118s][info][gc,cpu         ] GC(1679) User=0.00s Sys=0.00s Real=0.00s
[204.152s][info][gc,start       ] GC(1680) Pause Young (Allocation Failure)
[204.161s][info][gc,heap        ] GC(1680) PSYoungGen: 365678K(446976K)->113140K(457216K) Eden: 266752K(266752K)->0K(278528K) From: 98926K(180224K)->113140K(178688K)
[204.161s][info][gc,heap        ] GC(1680) ParOldGen: 1156643K(1398272K)->1156643K(1398272K)
[204.161s][info][gc,metaspace   ] GC(1680) Metaspace: 126115K(130432K)->126115K(130432K) NonClass: 108015K(108736K)->108015K(108736K) Class: 18099K(21696K)->18099K(21696K)
[204.161s][info][gc             ] GC(1680) Pause Young (Allocation Failure) 1486M->1240M(1812M) 9.765ms
[204.161s][info][gc,cpu         ] GC(1680) User=0.00s Sys=0.00s Real=0.00s
[204.187s][info][gc,start       ] GC(1681) Pause Young (Allocation Failure)
[204.198s][info][gc,heap        ] GC(1681) PSYoungGen: 391668K(457216K)->125980K(460288K) Eden: 278528K(278528K)->0K(278528K) From: 113140K(178688K)->125980K(181760K)
[204.198s][info][gc,heap        ] GC(1681) ParOldGen: 1156643K(1398272K)->1156643K(1398272K)
[204.198s][info][gc,metaspace   ] GC(1681) Metaspace: 126115K(130432K)->126115K(130432K) NonClass: 108015K(108736K)->108015K(108736K) Class: 18099K(21696K)->18099K(21696K)
[204.198s][info][gc             ] GC(1681) Pause Young (Allocation Failure) 1512M->1252M(1815M) 11.409ms
[204.199s][info][gc,cpu         ] GC(1681) User=0.00s Sys=0.00s Real=0.00s
[204.218s][info][gc,start       ] GC(1682) Pause Young (Allocation Failure)
[204.229s][info][gc,heap        ] GC(1682) PSYoungGen: 404508K(460288K)->121322K(479744K) Eden: 278528K(278528K)->0K(290816K) From: 125980K(181760K)->121322K(188928K)
[204.229s][info][gc,heap        ] GC(1682) ParOldGen: 1156643K(1398272K)->1156643K(1398272K)
[204.229s][info][gc,metaspace   ] GC(1682) Metaspace: 126115K(130432K)->126115K(130432K) NonClass: 108015K(108736K)->108015K(108736K) Class: 18099K(21696K)->18099K(21696K)
[204.229s][info][gc             ] GC(1682) Pause Young (Allocation Failure) 1524M->1248M(1834M) 11.281ms
[204.229s][info][gc,cpu         ] GC(1682) User=0.52s Sys=0.00s Real=0.02s
[204.249s][info][gc,start       ] GC(1683) Pause Young (Allocation Failure)
[204.260s][info][gc,heap        ] GC(1683) PSYoungGen: 412138K(479744K)->130128K(482816K) Eden: 290816K(290816K)->0K(290816K) From: 121322K(188928K)->130128K(192000K)
[204.260s][info][gc,heap        ] GC(1683) ParOldGen: 1156643K(1398272K)->1156643K(1398272K)
[204.260s][info][gc,metaspace   ] GC(1683) Metaspace: 126115K(130432K)->126115K(130432K) NonClass: 108015K(108736K)->108015K(108736K) Class: 18099K(21696K)->18099K(21696K)
[204.260s][info][gc             ] GC(1683) Pause Young (Allocation Failure) 1532M->1256M(1837M) 11.539ms
[204.260s][info][gc,cpu         ] GC(1683) User=0.52s Sys=0.00s Real=0.02s
[204.280s][info][gc,start       ] GC(1684) Pause Young (Allocation Failure)
[204.293s][info][gc,heap        ] GC(1684) PSYoungGen: 420944K(482816K)->133185K(492544K) Eden: 290816K(290816K)->0K(295424K) From: 130128K(192000K)->133185K(197120K)
[204.293s][info][gc,heap        ] GC(1684) ParOldGen: 1156643K(1398272K)->1156643K(1398272K)
[204.293s][info][gc,metaspace   ] GC(1684) Metaspace: 126115K(130432K)->126115K(130432K) NonClass: 108015K(108736K)->108015K(108736K) Class: 18099K(21696K)->18099K(21696K)
[204.293s][info][gc             ] GC(1684) Pause Young (Allocation Failure) 1540M->1259M(1846M) 12.918ms
[204.293s][info][gc,cpu         ] GC(1684) User=0.00s Sys=0.00s Real=0.00s
[204.314s][info][gc,start       ] GC(1685) Pause Young (Allocation Failure)
[204.328s][info][gc,heap        ] GC(1685) PSYoungGen: 428609K(492544K)->141854K(437760K) Eden: 295424K(295424K)->0K(295424K) From: 133185K(197120K)->141854K(142336K)
[204.328s][info][gc,heap        ] GC(1685) ParOldGen: 1156643K(1398272K)->1156643K(1398272K)
[204.328s][info][gc,metaspace   ] GC(1685) Metaspace: 126115K(130432K)->126115K(130432K) NonClass: 108015K(108736K)->108015K(108736K) Class: 18099K(21696K)->18099K(21696K)
[204.328s][info][gc             ] GC(1685) Pause Young (Allocation Failure) 1548M->1268M(1793M) 13.517ms
[204.328s][info][gc,cpu         ] GC(1685) User=0.52s Sys=0.00s Real=0.02s
[204.347s][info][gc,start       ] GC(1686) Pause Young (Allocation Failure)
[204.361s][info][gc,heap        ] GC(1686) PSYoungGen: 437278K(437760K)->145740K(479744K) Eden: 295424K(295424K)->0K(271872K) From: 141854K(142336K)->145740K(207872K)
[204.361s][info][gc,heap        ] GC(1686) ParOldGen: 1156643K(1398272K)->1156651K(1398272K)
[204.361s][info][gc,metaspace   ] GC(1686) Metaspace: 126115K(130432K)->126115K(130432K) NonClass: 108015K(108736K)->108015K(108736K) Class: 18099K(21696K)->18099K(21696K)
[204.361s][info][gc             ] GC(1686) Pause Young (Allocation Failure) 1556M->1271M(1834M) 13.872ms
[204.361s][info][gc,cpu         ] GC(1686) User=0.27s Sys=0.02s Real=0.02s
[204.377s][info][gc,start       ] GC(1687) Pause Young (Allocation Failure)
[204.390s][info][gc,heap        ] GC(1687) PSYoungGen: 417612K(479744K)->155087K(427008K) Eden: 271872K(271872K)->0K(271872K) From: 145740K(207872K)->155087K(155136K)
[204.390s][info][gc,heap        ] GC(1687) ParOldGen: 1156651K(1398272K)->1156651K(1398272K)
[204.390s][info][gc,metaspace   ] GC(1687) Metaspace: 126115K(130432K)->126115K(130432K) NonClass: 108015K(108736K)->108015K(108736K) Class: 18099K(21696K)->18099K(21696K)
[204.391s][info][gc             ] GC(1687) Pause Young (Allocation Failure) 1537M->1280M(1782M) 13.889ms
[204.391s][info][gc,cpu         ] GC(1687) User=0.19s Sys=0.02s Real=0.02s
[204.406s][info][gc,start       ] GC(1688) Pause Young (Allocation Failure)
[204.425s][info][gc,heap        ] GC(1688) PSYoungGen: 426505K(427008K)->167883K(457216K) Eden: 271418K(271872K)->0K(236032K) From: 155087K(155136K)->167883K(221184K)
[204.425s][info][gc,heap        ] GC(1688) ParOldGen: 1156651K(1398272K)->1156651K(1398272K)
[204.425s][info][gc,metaspace   ] GC(1688) Metaspace: 126115K(130432K)->126115K(130432K) NonClass: 108015K(108736K)->108015K(108736K) Class: 18099K(21696K)->18099K(21696K)
[204.425s][info][gc             ] GC(1688) Pause Young (Allocation Failure) 1546M->1293M(1812M) 18.839ms
[204.425s][info][gc,cpu         ] GC(1688) User=0.52s Sys=0.00s Real=0.02s
[204.439s][info][gc,start       ] GC(1689) Pause Young (Allocation Failure)
[204.455s][info][gc,heap        ] GC(1689) PSYoungGen: 403915K(457216K)->174691K(411136K) Eden: 236032K(236032K)->0K(236032K) From: 167883K(221184K)->174691K(175104K)
[204.455s][info][gc,heap        ] GC(1689) ParOldGen: 1156651K(1398272K)->1156667K(1398272K)
[204.455s][info][gc,metaspace   ] GC(1689) Metaspace: 126115K(130432K)->126115K(130432K) NonClass: 108015K(108736K)->108015K(108736K) Class: 18099K(21696K)->18099K(21696K)
[204.455s][info][gc             ] GC(1689) Pause Young (Allocation Failure) 1523M->1300M(1767M) 16.398ms
[204.455s][info][gc,cpu         ] GC(1689) User=0.52s Sys=0.00s Real=0.01s
[204.471s][info][gc,start       ] GC(1690) Pause Young (Allocation Failure)
[204.489s][info][gc,heap        ] GC(1690) PSYoungGen: 410723K(411136K)->184536K(465920K) Eden: 236032K(236032K)->0K(232960K) From: 174691K(175104K)->184536K(232960K)
[204.489s][info][gc,heap        ] GC(1690) ParOldGen: 1156667K(1398272K)->1156831K(1398272K)
[204.489s][info][gc,metaspace   ] GC(1690) Metaspace: 126115K(130432K)->126115K(130432K) NonClass: 108015K(108736K)->108015K(108736K) Class: 18099K(21696K)->18099K(21696K)
[204.489s][info][gc             ] GC(1690) Pause Young (Allocation Failure) 1530M->1309M(1820M) 18.183ms
[204.489s][info][gc,cpu         ] GC(1690) User=0.63s Sys=0.02s Real=0.03s
[204.505s][info][gc,start       ] GC(1691) Pause Young (Allocation Failure)
[204.524s][info][gc,heap        ] GC(1691) PSYoungGen: 417496K(465920K)->203943K(465920K) Eden: 232960K(232960K)->0K(232960K) From: 184536K(232960K)->203943K(232960K)
[204.524s][info][gc,heap        ] GC(1691) ParOldGen: 1156831K(1398272K)->1156906K(1398272K)
[204.524s][info][gc,metaspace   ] GC(1691) Metaspace: 126115K(130432K)->126115K(130432K) NonClass: 108015K(108736K)->108015K(108736K) Class: 18099K(21696K)->18099K(21696K)
[204.524s][info][gc             ] GC(1691) Pause Young (Allocation Failure) 1537M->1328M(1820M) 19.104ms
[204.524s][info][gc,cpu         ] GC(1691) User=0.52s Sys=0.02s Real=0.02s
[204.544s][info][gc,start       ] GC(1692) Pause Young (Allocation Failure)
[204.566s][info][gc,heap        ] GC(1692) PSYoungGen: 436903K(465920K)->189356K(465920K) Eden: 232960K(232960K)->0K(232960K) From: 203943K(232960K)->189356K(232960K)
[204.566s][info][gc,heap        ] GC(1692) ParOldGen: 1156906K(1398272K)->1181683K(1398272K)
[204.566s][info][gc,metaspace   ] GC(1692) Metaspace: 126115K(130432K)->126115K(130432K) NonClass: 108015K(108736K)->108015K(108736K) Class: 18099K(21696K)->18099K(21696K)
[204.566s][info][gc             ] GC(1692) Pause Young (Allocation Failure) 1556M->1338M(1820M) 21.453ms
[204.566s][info][gc,cpu         ] GC(1692) User=0.52s Sys=0.00s Real=0.02s
[204.581s][info][gc,start       ] GC(1693) Pause Young (Allocation Failure)
[204.600s][info][gc,heap        ] GC(1693) PSYoungGen: 422316K(465920K)->136274K(465920K) Eden: 232960K(232960K)->0K(232960K) From: 189356K(232960K)->136274K(232960K)
[204.600s][info][gc,heap        ] GC(1693) ParOldGen: 1181683K(1398272K)->1243748K(1398272K)
[204.600s][info][gc,metaspace   ] GC(1693) Metaspace: 126115K(130432K)->126115K(130432K) NonClass: 108015K(108736K)->108015K(108736K) Class: 18099K(21696K)->18099K(21696K)
[204.600s][info][gc             ] GC(1693) Pause Young (Allocation Failure) 1566M->1347M(1820M) 18.991ms
[204.600s][info][gc,cpu         ] GC(1693) User=0.50s Sys=0.00s Real=0.02s
[204.615s][info][gc,start       ] GC(1694) Pause Young (Allocation Failure)
[204.629s][info][gc,heap        ] GC(1694) PSYoungGen: 369234K(465920K)->127869K(465920K) Eden: 232960K(232960K)->0K(232960K) From: 136274K(232960K)->127869K(232960K)
[204.629s][info][gc,heap        ] GC(1694) ParOldGen: 1243748K(1398272K)->1268784K(1398272K)
[204.629s][info][gc,metaspace   ] GC(1694) Metaspace: 126115K(130432K)->126115K(130432K) NonClass: 108015K(108736K)->108015K(108736K) Class: 18099K(21696K)->18099K(21696K)
[204.629s][info][gc             ] GC(1694) Pause Young (Allocation Failure) 1575M->1363M(1820M) 14.602ms
[204.629s][info][gc,cpu         ] GC(1694) User=0.45s Sys=0.00s Real=0.02s
[204.644s][info][gc,start       ] GC(1695) Pause Young (Allocation Failure)
[204.657s][info][gc,heap        ] GC(1695) PSYoungGen: 360829K(465920K)->126140K(465920K) Eden: 232960K(232960K)->0K(232960K) From: 127869K(232960K)->126140K(232960K)
[204.657s][info][gc,heap        ] GC(1695) ParOldGen: 1268784K(1398272K)->1282027K(1398272K)
[204.657s][info][gc,metaspace   ] GC(1695) Metaspace: 126115K(130432K)->126115K(130432K) NonClass: 108015K(108736K)->108015K(108736K) Class: 18099K(21696K)->18099K(21696K)
[204.657s][info][gc             ] GC(1695) Pause Young (Allocation Failure) 1591M->1375M(1820M) 12.909ms
[204.657s][info][gc,cpu         ] GC(1695) User=0.44s Sys=0.00s Real=0.02s
[204.669s][info][gc,start       ] GC(1696) Pause Young (Allocation Failure)
[204.682s][info][gc,heap        ] GC(1696) PSYoungGen: 359100K(465920K)->132911K(465920K) Eden: 232960K(232960K)->0K(232960K) From: 126140K(232960K)->132911K(232960K)
[204.682s][info][gc,heap        ] GC(1696) ParOldGen: 1282027K(1398272K)->1282903K(1398272K)
[204.682s][info][gc,metaspace   ] GC(1696) Metaspace: 126115K(130432K)->126115K(130432K) NonClass: 108015K(108736K)->108015K(108736K) Class: 18099K(21696K)->18099K(21696K)
[204.682s][info][gc             ] GC(1696) Pause Young (Allocation Failure) 1602M->1382M(1820M) 12.402ms
[204.682s][info][gc,cpu         ] GC(1696) User=0.00s Sys=0.00s Real=0.00s
[204.693s][info][gc,start       ] GC(1697) Pause Young (Allocation Failure)
[204.707s][info][gc,heap        ] GC(1697) PSYoungGen: 365871K(465920K)->142338K(375808K) Eden: 232960K(232960K)->0K(232960K) From: 132911K(232960K)->142338K(142848K)
[204.707s][info][gc,heap        ] GC(1697) ParOldGen: 1282903K(1398272K)->1283905K(1398272K)
[204.707s][info][gc,metaspace   ] GC(1697) Metaspace: 126115K(130432K)->126115K(130432K) NonClass: 108015K(108736K)->108015K(108736K) Class: 18099K(21696K)->18099K(21696K)
[204.707s][info][gc             ] GC(1697) Pause Young (Allocation Failure) 1610M->1392M(1732M) 13.697ms
[204.707s][info][gc,cpu         ] GC(1697) User=0.52s Sys=0.00s Real=0.02s
[204.719s][info][gc,start       ] GC(1698) Pause Young (Allocation Failure)
[204.733s][info][gc,heap        ] GC(1698) PSYoungGen: 375298K(375808K)->152283K(462336K) Eden: 232960K(232960K)->0K(236544K) From: 142338K(142848K)->152283K(225792K)
[204.733s][info][gc,heap        ] GC(1698) ParOldGen: 1283905K(1398272K)->1283905K(1398272K)
[204.733s][info][gc,metaspace   ] GC(1698) Metaspace: 126115K(130432K)->126115K(130432K) NonClass: 108015K(108736K)->108015K(108736K) Class: 18099K(21696K)->18099K(21696K)
[204.733s][info][gc             ] GC(1698) Pause Young (Allocation Failure) 1620M->1402M(1817M) 13.628ms
[204.733s][info][gc,cpu         ] GC(1698) User=0.52s Sys=0.00s Real=0.01s
[204.745s][info][gc,start       ] GC(1699) Pause Young (Allocation Failure)
[204.760s][info][gc,heap        ] GC(1699) PSYoungGen: 388827K(462336K)->162070K(458752K) Eden: 236544K(236544K)->0K(236544K) From: 152283K(225792K)->162070K(222208K)
[204.760s][info][gc,heap        ] GC(1699) ParOldGen: 1283905K(1398272K)->1283905K(1398272K)
[204.760s][info][gc,metaspace   ] GC(1699) Metaspace: 126115K(130432K)->126115K(130432K) NonClass: 108015K(108736K)->108015K(108736K) Class: 18099K(21696K)->18099K(21696K)
[204.760s][info][gc             ] GC(1699) Pause Young (Allocation Failure) 1633M->1412M(1813M) 15.529ms
[204.760s][info][gc,cpu         ] GC(1699) User=0.50s Sys=0.00s Real=0.02s
[204.772s][info][gc,start       ] GC(1700) Pause Young (Allocation Failure)
[204.788s][info][gc,heap        ] GC(1700) PSYoungGen: 398614K(458752K)->167522K(471552K) Eden: 236544K(236544K)->0K(249344K) From: 162070K(222208K)->167522K(222208K)
[204.788s][info][gc,heap        ] GC(1700) ParOldGen: 1283905K(1398272K)->1283905K(1398272K)
[204.788s][info][gc,metaspace   ] GC(1700) Metaspace: 126115K(130432K)->126115K(130432K) NonClass: 108015K(108736K)->108015K(108736K) Class: 18099K(21696K)->18099K(21696K)
[204.789s][info][gc             ] GC(1700) Pause Young (Allocation Failure) 1643M->1417M(1826M) 16.410ms
[204.789s][info][gc,cpu         ] GC(1700) User=0.52s Sys=0.00s Real=0.02s
[204.801s][info][gc,start       ] GC(1701) Pause Young (Allocation Failure)
[204.818s][info][gc,heap        ] GC(1701) PSYoungGen: 416866K(471552K)->179937K(429568K) Eden: 249344K(249344K)->0K(249344K) From: 167522K(222208K)->179937K(180224K)
[204.818s][info][gc,heap        ] GC(1701) ParOldGen: 1283905K(1398272K)->1283905K(1398272K)
[204.818s][info][gc,metaspace   ] GC(1701) Metaspace: 126115K(130432K)->126115K(130432K) NonClass: 108015K(108736K)->108015K(108736K) Class: 18099K(21696K)->18099K(21696K)
[204.818s][info][gc             ] GC(1701) Pause Young (Allocation Failure) 1660M->1429M(1785M) 16.782ms
[204.818s][info][gc,cpu         ] GC(1701) User=0.33s Sys=0.02s Real=0.01s
[204.831s][info][gc,start       ] GC(1702) Pause Young (Allocation Failure)
[204.849s][info][gc,heap        ] GC(1702) PSYoungGen: 429281K(429568K)->191104K(462336K) Eden: 249344K(249344K)->0K(232960K) From: 179937K(180224K)->191104K(229376K)
[204.849s][info][gc,heap        ] GC(1702) ParOldGen: 1283905K(1398272K)->1283905K(1398272K)
[204.849s][info][gc,metaspace   ] GC(1702) Metaspace: 126115K(130432K)->126115K(130432K) NonClass: 108015K(108736K)->108015K(108736K) Class: 18099K(21696K)->18099K(21696K)
[204.849s][info][gc             ] GC(1702) Pause Young (Allocation Failure) 1673M->1440M(1817M) 18.814ms
[204.850s][info][gc,cpu         ] GC(1702) User=0.31s Sys=0.02s Real=0.02s
[204.861s][info][gc,start       ] GC(1703) Pause Young (Allocation Failure)
[204.880s][info][gc,heap        ] GC(1703) PSYoungGen: 424064K(462336K)->203171K(465920K) Eden: 232960K(232960K)->0K(232960K) From: 191104K(229376K)->203171K(232960K)
[204.880s][info][gc,heap        ] GC(1703) ParOldGen: 1283905K(1398272K)->1285304K(1398272K)
[204.880s][info][gc,metaspace   ] GC(1703) Metaspace: 126115K(130432K)->126115K(130432K) NonClass: 108015K(108736K)->108015K(108736K) Class: 18099K(21696K)->18099K(21696K)
[204.880s][info][gc             ] GC(1703) Pause Young (Allocation Failure) 1667M->1453M(1820M) 19.110ms
[204.880s][info][gc,cpu         ] GC(1703) User=0.92s Sys=0.00s Real=0.03s
[204.893s][info][gc,start       ] GC(1704) Pause Young (Allocation Failure)
[204.914s][info][gc,heap        ] GC(1704) PSYoungGen: 436131K(465920K)->172394K(465920K) Eden: 232960K(232960K)->0K(232960K) From: 203171K(232960K)->172394K(232960K)
[204.914s][info][gc,heap        ] GC(1704) ParOldGen: 1285304K(1398272K)->1334854K(1398272K)
[204.914s][info][gc,metaspace   ] GC(1704) Metaspace: 126115K(130432K)->126115K(130432K) NonClass: 108015K(108736K)->108015K(108736K) Class: 18099K(21696K)->18099K(21696K)
[204.914s][info][gc             ] GC(1704) Pause Young (Allocation Failure) 1681M->1471M(1820M) 21.483ms
[204.914s][info][gc,cpu         ] GC(1704) User=0.94s Sys=0.00s Real=0.03s
[204.927s][info][gc,start       ] GC(1705) Pause Young (Allocation Failure)
[204.943s][info][gc,heap        ] GC(1705) PSYoungGen: 405354K(465920K)->107176K(465920K) Eden: 232960K(232960K)->0K(232960K) From: 172394K(232960K)->107176K(232960K)
[204.943s][info][gc,heap        ] GC(1705) ParOldGen: 1334854K(1398272K)->1396927K(1398272K)
[204.943s][info][gc,metaspace   ] GC(1705) Metaspace: 126115K(130432K)->126115K(130432K) NonClass: 108015K(108736K)->108015K(108736K) Class: 18099K(21696K)->18099K(21696K)
[204.943s][info][gc             ] GC(1705) Pause Young (Allocation Failure) 1699M->1468M(1820M) 16.041ms
[204.943s][info][gc,cpu         ] GC(1705) User=0.45s Sys=0.00s Real=0.01s
[204.943s][info][gc,start       ] GC(1706) Pause Full (Ergonomics)
[204.943s][info][gc,phases,start] GC(1706) Marking Phase
[204.991s][info][gc,phases      ] GC(1706) Marking Phase 47.654ms
[204.991s][info][gc,phases,start] GC(1706) Summary Phase
[204.991s][info][gc,phases      ] GC(1706) Summary Phase 0.057ms
[204.991s][info][gc,phases,start] GC(1706) Adjust Roots
[205.011s][info][gc,phases      ] GC(1706) Adjust Roots 19.568ms
[205.011s][info][gc,phases,start] GC(1706) Compaction Phase
[205.038s][info][gc,phases      ] GC(1706) Compaction Phase 26.797ms
[205.038s][info][gc,phases,start] GC(1706) Post Compact
[205.045s][info][gc,phases      ] GC(1706) Post Compact 7.527ms
[205.045s][info][gc,heap        ] GC(1706) PSYoungGen: 107176K(465920K)->0K(465920K) Eden: 0K(232960K)->0K(232960K) From: 107176K(232960K)->0K(232960K)
[205.045s][info][gc,heap        ] GC(1706) ParOldGen: 1396927K(1398272K)->1261715K(1398272K)
[205.045s][info][gc,metaspace   ] GC(1706) Metaspace: 126115K(130432K)->126115K(130432K) NonClass: 108015K(108736K)->108015K(108736K) Class: 18099K(21696K)->18099K(21696K)
[205.045s][info][gc             ] GC(1706) Pause Full (Ergonomics) 1468M->1232M(1820M) 101.889ms
[205.045s][info][gc,cpu         ] GC(1706) User=1.86s Sys=0.09s Real=0.09s
[205.059s][info][gc,start       ] GC(1707) Pause Young (Allocation Failure)
[205.064s][info][gc,heap        ] GC(1707) PSYoungGen: 232960K(465920K)->39732K(465920K) Eden: 232960K(232960K)->0K(232960K) From: 0K(232960K)->39732K(232960K)
[205.064s][info][gc,heap        ] GC(1707) ParOldGen: 1261715K(1398272K)->1261715K(1398272K)
[205.064s][info][gc,metaspace   ] GC(1707) Metaspace: 126115K(130432K)->126115K(130432K) NonClass: 108015K(108736K)->108015K(108736K) Class: 18099K(21696K)->18099K(21696K)
[205.064s][info][gc             ] GC(1707) Pause Young (Allocation Failure) 1459M->1270M(1820M) 5.136ms
[205.064s][info][gc,cpu         ] GC(1707) User=0.00s Sys=0.00s Real=0.00s
[205.077s][info][gc,start       ] GC(1708) Pause Young (Allocation Failure)
[205.083s][info][gc,heap        ] GC(1708) PSYoungGen: 272692K(465920K)->64437K(465920K) Eden: 232960K(232960K)->0K(232960K) From: 39732K(232960K)->64437K(232960K)
[205.083s][info][gc,heap        ] GC(1708) ParOldGen: 1261715K(1398272K)->1261715K(1398272K)
[205.083s][info][gc,metaspace   ] GC(1708) Metaspace: 126115K(130432K)->126115K(130432K) NonClass: 108015K(108736K)->108015K(108736K) Class: 18099K(21696K)->18099K(21696K)
[205.083s][info][gc             ] GC(1708) Pause Young (Allocation Failure) 1498M->1295M(1820M) 6.526ms
[205.083s][info][gc,cpu         ] GC(1708) User=0.23s Sys=0.00s Real=0.02s
[205.095s][info][gc,start       ] GC(1709) Pause Young (Allocation Failure)
[205.103s][info][gc,heap        ] GC(1709) PSYoungGen: 297397K(465920K)->77766K(465920K) Eden: 232960K(232960K)->0K(232960K) From: 64437K(232960K)->77766K(232960K)
[205.103s][info][gc,heap        ] GC(1709) ParOldGen: 1261715K(1398272K)->1261715K(1398272K)
[205.103s][info][gc,metaspace   ] GC(1709) Metaspace: 126115K(130432K)->126115K(130432K) NonClass: 108015K(108736K)->108015K(108736K) Class: 18099K(21696K)->18099K(21696K)
[205.103s][info][gc             ] GC(1709) Pause Young (Allocation Failure) 1522M->1308M(1820M) 8.216ms
[205.103s][info][gc,cpu         ] GC(1709) User=0.52s Sys=0.00s Real=0.02s
[205.115s][info][gc,start       ] GC(1710) Pause Young (Allocation Failure)
[205.124s][info][gc,heap        ] GC(1710) PSYoungGen: 310726K(465920K)->90325K(465920K) Eden: 232960K(232960K)->0K(232960K) From: 77766K(232960K)->90325K(232960K)
[205.124s][info][gc,heap        ] GC(1710) ParOldGen: 1261715K(1398272K)->1261715K(1398272K)
[205.124s][info][gc,metaspace   ] GC(1710) Metaspace: 126115K(130432K)->126115K(130432K) NonClass: 108015K(108736K)->108015K(108736K) Class: 18099K(21696K)->18099K(21696K)
[205.124s][info][gc             ] GC(1710) Pause Young (Allocation Failure) 1535M->1320M(1820M) 9.502ms
[205.124s][info][gc,cpu         ] GC(1710) User=0.00s Sys=0.00s Real=0.00s
[205.137s][info][gc,start       ] GC(1711) Pause Young (Allocation Failure)
[205.147s][info][gc,heap        ] GC(1711) PSYoungGen: 323285K(465920K)->77185K(465920K) Eden: 232960K(232960K)->0K(232960K) From: 90325K(232960K)->77185K(232960K)
[205.147s][info][gc,heap        ] GC(1711) ParOldGen: 1261715K(1398272K)->1287024K(1398272K)
[205.147s][info][gc,metaspace   ] GC(1711) Metaspace: 126115K(130432K)->126115K(130432K) NonClass: 108015K(108736K)->108015K(108736K) Class: 18099K(21696K)->18099K(21696K)
[205.147s][info][gc             ] GC(1711) Pause Young (Allocation Failure) 1547M->1332M(1820M) 9.911ms
[205.147s][info][gc,cpu         ] GC(1711) User=0.42s Sys=0.00s Real=0.02s
[205.159s][info][gc,start       ] GC(1712) Pause Young (Allocation Failure)
[205.166s][info][gc,heap        ] GC(1712) PSYoungGen: 310145K(465920K)->49118K(465920K) Eden: 232960K(232960K)->0K(232960K) From: 77185K(232960K)->49118K(232960K)
[205.166s][info][gc,heap        ] GC(1712) ParOldGen: 1287024K(1398272K)->1318150K(1398272K)
[205.166s][info][gc,metaspace   ] GC(1712) Metaspace: 126115K(130432K)->126115K(130432K) NonClass: 108015K(108736K)->108015K(108736K) Class: 18099K(21696K)->18099K(21696K)
[205.166s][info][gc             ] GC(1712) Pause Young (Allocation Failure) 1559M->1335M(1820M) 7.269ms
[205.166s][info][gc,cpu         ] GC(1712) User=0.00s Sys=0.00s Real=0.00s
[205.178s][info][gc,start       ] GC(1713) Pause Young (Allocation Failure)
[205.183s][info][gc,heap        ] GC(1713) PSYoungGen: 282078K(465920K)->31300K(465920K) Eden: 232960K(232960K)->0K(232960K) From: 49118K(232960K)->31300K(232960K)
[205.183s][info][gc,heap        ] GC(1713) ParOldGen: 1318150K(1398272K)->1356341K(1398272K)
[205.183s][info][gc,metaspace   ] GC(1713) Metaspace: 126115K(130432K)->126115K(130432K) NonClass: 108015K(108736K)->108015K(108736K) Class: 18099K(21696K)->18099K(21696K)
[205.183s][info][gc             ] GC(1713) Pause Young (Allocation Failure) 1562M->1355M(1820M) 5.725ms
[205.183s][info][gc,cpu         ] GC(1713) User=0.00s Sys=0.00s Real=0.00s
[205.184s][info][gc,start       ] GC(1714) Pause Full (Ergonomics)
[205.184s][info][gc,phases,start] GC(1714) Marking Phase
[205.226s][info][gc,phases      ] GC(1714) Marking Phase 42.258ms
[205.226s][info][gc,phases,start] GC(1714) Summary Phase
[205.226s][info][gc,phases      ] GC(1714) Summary Phase 0.053ms
[205.226s][info][gc,phases,start] GC(1714) Adjust Roots
[205.240s][info][gc,phases      ] GC(1714) Adjust Roots 13.987ms
[205.240s][info][gc,phases,start] GC(1714) Compaction Phase
[205.260s][info][gc,phases      ] GC(1714) Compaction Phase 19.982ms
[205.260s][info][gc,phases,start] GC(1714) Post Compact
[205.267s][info][gc,phases      ] GC(1714) Post Compact 7.056ms
[205.267s][info][gc,heap        ] GC(1714) PSYoungGen: 31300K(465920K)->0K(465920K) Eden: 0K(232960K)->0K(232960K) From: 31300K(232960K)->0K(232960K)
[205.267s][info][gc,heap        ] GC(1714) ParOldGen: 1356341K(1398272K)->1289191K(1398272K)
[205.267s][info][gc,metaspace   ] GC(1714) Metaspace: 126115K(130432K)->126115K(130432K) NonClass: 108015K(108736K)->108015K(108736K) Class: 18099K(21696K)->18099K(21696K)
[205.267s][info][gc             ] GC(1714) Pause Full (Ergonomics) 1355M->1258M(1820M) 83.621ms
[205.267s][info][gc,cpu         ] GC(1714) User=1.11s Sys=0.02s Real=0.08s
[205.284s][info][gc,start       ] GC(1715) Pause Young (Allocation Failure)
[205.286s][info][gc,heap        ] GC(1715) PSYoungGen: 232960K(465920K)->13492K(465920K) Eden: 232960K(232960K)->0K(232960K) From: 0K(232960K)->13492K(232960K)
[205.286s][info][gc,heap        ] GC(1715) ParOldGen: 1289191K(1398272K)->1289191K(1398272K)
[205.286s][info][gc,metaspace   ] GC(1715) Metaspace: 126115K(130432K)->126115K(130432K) NonClass: 108015K(108736K)->108015K(108736K) Class: 18099K(21696K)->18099K(21696K)
[205.286s][info][gc             ] GC(1715) Pause Young (Allocation Failure) 1486M->1272M(1820M) 2.857ms
[205.286s][info][gc,cpu         ] GC(1715) User=0.00s Sys=0.00s Real=0.00s
[205.299s][info][gc,start       ] GC(1716) Pause Young (Allocation Failure)
[205.304s][info][gc,heap        ] GC(1716) PSYoungGen: 244027K(465920K)->41562K(465920K) Eden: 230535K(232960K)->0K(232960K) From: 13492K(232960K)->41562K(232960K)
[205.304s][info][gc,heap        ] GC(1716) ParOldGen: 1289191K(1398272K)->1295657K(1398272K)
[205.304s][info][gc,metaspace   ] GC(1716) Metaspace: 126115K(130432K)->126115K(130432K) NonClass: 108015K(108736K)->108015K(108736K) Class: 18099K(21696K)->18099K(21696K)
[205.304s][info][gc             ] GC(1716) Pause Young (Allocation Failure) 1497M->1305M(1820M) 5.469ms
[205.304s][info][gc,cpu         ] GC(1716) User=0.52s Sys=0.00s Real=0.01s
[205.316s][info][gc,start       ] GC(1717) Pause Young (Allocation Failure)
[205.322s][info][gc,heap        ] GC(1717) PSYoungGen: 273437K(465920K)->33215K(465920K) Eden: 231874K(232960K)->0K(232960K) From: 41562K(232960K)->33215K(232960K)
[205.322s][info][gc,heap        ] GC(1717) ParOldGen: 1295657K(1398272K)->1336297K(1398272K)
[205.322s][info][gc,metaspace   ] GC(1717) Metaspace: 126115K(130432K)->126115K(130432K) NonClass: 108015K(108736K)->108015K(108736K) Class: 18099K(21696K)->18099K(21696K)
[205.322s][info][gc             ] GC(1717) Pause Young (Allocation Failure) 1532M->1337M(1820M) 5.494ms
[205.322s][info][gc,cpu         ] GC(1717) User=0.00s Sys=0.00s Real=0.00s
[205.322s][info][gc,start       ] GC(1718) Pause Full (Ergonomics)
[205.322s][info][gc,phases,start] GC(1718) Marking Phase
[205.363s][info][gc,phases      ] GC(1718) Marking Phase 40.979ms
[205.363s][info][gc,phases,start] GC(1718) Summary Phase
[205.363s][info][gc,phases      ] GC(1718) Summary Phase 0.056ms
[205.363s][info][gc,phases,start] GC(1718) Adjust Roots
[205.383s][info][gc,phases      ] GC(1718) Adjust Roots 20.073ms
[205.383s][info][gc,phases,start] GC(1718) Compaction Phase
[205.404s][info][gc,phases      ] GC(1718) Compaction Phase 20.751ms
[205.404s][info][gc,phases,start] GC(1718) Post Compact
[205.413s][info][gc,phases      ] GC(1718) Post Compact 8.814ms
[205.413s][info][gc,heap        ] GC(1718) PSYoungGen: 33215K(465920K)->0K(465920K) Eden: 0K(232960K)->0K(232960K) From: 33215K(232960K)->0K(232960K)
[205.413s][info][gc,heap        ] GC(1718) ParOldGen: 1336297K(1398272K)->1309519K(1398272K)
[205.413s][info][gc,metaspace   ] GC(1718) Metaspace: 126115K(130432K)->126115K(130432K) NonClass: 108015K(108736K)->108015K(108736K) Class: 18099K(21696K)->18099K(21696K)
[205.413s][info][gc             ] GC(1718) Pause Full (Ergonomics) 1337M->1278M(1820M) 91.288ms
[205.413s][info][gc,cpu         ] GC(1718) User=1.09s Sys=0.02s Real=0.08s
[205.432s][info][gc,start       ] GC(1719) Pause Young (Allocation Failure)
[205.440s][info][gc,heap        ] GC(1719) PSYoungGen: 232960K(465920K)->51588K(284672K) Eden: 232960K(232960K)->0K(232960K) From: 0K(232960K)->51588K(51712K)
[205.440s][info][gc,heap        ] GC(1719) ParOldGen: 1309519K(1398272K)->1309519K(1398272K)
[205.440s][info][gc,metaspace   ] GC(1719) Metaspace: 126115K(130432K)->126115K(130432K) NonClass: 108015K(108736K)->108015K(108736K) Class: 18099K(21696K)->18099K(21696K)
[205.440s][info][gc             ] GC(1719) Pause Young (Allocation Failure) 1506M->1329M(1643M) 7.652ms
[205.440s][info][gc,cpu         ] GC(1719) User=0.00s Sys=0.00s Real=0.00s
[205.454s][info][gc,start       ] GC(1720) Pause Young (Allocation Failure)
[205.461s][info][gc,heap        ] GC(1720) PSYoungGen: 284548K(284672K)->71698K(460288K) Eden: 232960K(232960K)->0K(245760K) From: 51588K(51712K)->71698K(214528K)
[205.462s][info][gc,heap        ] GC(1720) ParOldGen: 1309519K(1398272K)->1309519K(1398272K)
[205.462s][info][gc,metaspace   ] GC(1720) Metaspace: 126115K(130432K)->126115K(130432K) NonClass: 108015K(108736K)->108015K(108736K) Class: 18099K(21696K)->18099K(21696K)
[205.462s][info][gc             ] GC(1720) Pause Young (Allocation Failure) 1556M->1348M(1815M) 7.387ms
[205.462s][info][gc,cpu         ] GC(1720) User=0.00s Sys=0.00s Real=0.00s
[205.475s][info][gc,start       ] GC(1721) Pause Young (Allocation Failure)
[205.484s][info][gc,heap        ] GC(1721) PSYoungGen: 317112K(460288K)->103975K(458752K) Eden: 245413K(245760K)->0K(245760K) From: 71698K(214528K)->103975K(212992K)
[205.484s][info][gc,heap        ] GC(1721) ParOldGen: 1309519K(1398272K)->1309519K(1398272K)
[205.484s][info][gc,metaspace   ] GC(1721) Metaspace: 126115K(130432K)->126115K(130432K) NonClass: 108015K(108736K)->108015K(108736K) Class: 18099K(21696K)->18099K(21696K)
[205.484s][info][gc             ] GC(1721) Pause Young (Allocation Failure) 1588M->1380M(1813M) 9.686ms
[205.484s][info][gc,cpu         ] GC(1721) User=0.47s Sys=0.00s Real=0.02s
[205.497s][info][gc,start       ] GC(1722) Pause Young (Allocation Failure)
[205.508s][info][gc,heap        ] GC(1722) PSYoungGen: 349735K(458752K)->122649K(468992K) Eden: 245760K(245760K)->0K(260608K) From: 103975K(212992K)->122649K(208384K)
[205.508s][info][gc,heap        ] GC(1722) ParOldGen: 1309519K(1398272K)->1309519K(1398272K)
[205.508s][info][gc,metaspace   ] GC(1722) Metaspace: 126115K(130432K)->126115K(130432K) NonClass: 108015K(108736K)->108015K(108736K) Class: 18099K(21696K)->18099K(21696K)
[205.508s][info][gc             ] GC(1722) Pause Young (Allocation Failure) 1620M->1398M(1823M) 11.540ms
[205.508s][info][gc,cpu         ] GC(1722) User=0.00s Sys=0.00s Real=0.00s
[205.522s][info][gc,start       ] GC(1723) Pause Young (Allocation Failure)
[205.533s][info][gc,heap        ] GC(1723) PSYoungGen: 383257K(468992K)->128126K(471040K) Eden: 260608K(260608K)->0K(260608K) From: 122649K(208384K)->128126K(210432K)
[205.533s][info][gc,heap        ] GC(1723) ParOldGen: 1309519K(1398272K)->1309519K(1398272K)
[205.533s][info][gc,metaspace   ] GC(1723) Metaspace: 126115K(130432K)->126115K(130432K) NonClass: 108015K(108736K)->108015K(108736K) Class: 18099K(21696K)->18099K(21696K)
[205.533s][info][gc             ] GC(1723) Pause Young (Allocation Failure) 1653M->1403M(1825M) 11.699ms
[205.533s][info][gc,cpu         ] GC(1723) User=0.52s Sys=0.00s Real=0.01s
[205.546s][info][gc,start       ] GC(1724) Pause Young (Allocation Failure)
[205.560s][info][gc,heap        ] GC(1724) PSYoungGen: 388734K(471040K)->139052K(474112K) Eden: 260608K(260608K)->0K(260608K) From: 128126K(210432K)->139052K(213504K)
[205.560s][info][gc,heap        ] GC(1724) ParOldGen: 1309519K(1398272K)->1309519K(1398272K)
[205.560s][info][gc,metaspace   ] GC(1724) Metaspace: 126115K(130432K)->126115K(130432K) NonClass: 108015K(108736K)->108015K(108736K) Class: 18099K(21696K)->18099K(21696K)
[205.560s][info][gc             ] GC(1724) Pause Young (Allocation Failure) 1658M->1414M(1828M) 13.582ms
[205.560s][info][gc,cpu         ] GC(1724) User=0.52s Sys=0.00s Real=0.02s
[205.573s][info][gc,start       ] GC(1725) Pause Young (Allocation Failure)
[205.587s][info][gc,heap        ] GC(1725) PSYoungGen: 399660K(474112K)->153729K(414720K) Eden: 260608K(260608K)->0K(260608K) From: 139052K(213504K)->153729K(154112K)
[205.587s][info][gc,heap        ] GC(1725) ParOldGen: 1309519K(1398272K)->1309519K(1398272K)
[205.587s][info][gc,metaspace   ] GC(1725) Metaspace: 126115K(130432K)->126115K(130432K) NonClass: 108015K(108736K)->108015K(108736K) Class: 18099K(21696K)->18099K(21696K)
[205.587s][info][gc             ] GC(1725) Pause Young (Allocation Failure) 1669M->1428M(1770M) 14.236ms
[205.587s][info][gc,cpu         ] GC(1725) User=0.00s Sys=0.00s Real=0.00s
[205.600s][info][gc,start       ] GC(1726) Pause Young (Allocation Failure)
[205.615s][info][gc,heap        ] GC(1726) PSYoungGen: 414337K(414720K)->158916K(461312K) Eden: 260608K(260608K)->0K(232960K) From: 153729K(154112K)->158916K(228352K)
[205.615s][info][gc,heap        ] GC(1726) ParOldGen: 1309519K(1398272K)->1309519K(1398272K)
[205.615s][info][gc,metaspace   ] GC(1726) Metaspace: 126115K(130432K)->126115K(130432K) NonClass: 108015K(108736K)->108015K(108736K) Class: 18099K(21696K)->18099K(21696K)
[205.615s][info][gc             ] GC(1726) Pause Young (Allocation Failure) 1683M->1434M(1816M) 15.191ms
[205.615s][info][gc,cpu         ] GC(1726) User=0.52s Sys=0.00s Real=0.02s
[205.627s][info][gc,start       ] GC(1727) Pause Young (Allocation Failure)
[205.644s][info][gc,heap        ] GC(1727) PSYoungGen: 391876K(461312K)->128054K(465920K) Eden: 232960K(232960K)->0K(232960K) From: 158916K(228352K)->128054K(232960K)
[205.644s][info][gc,heap        ] GC(1727) ParOldGen: 1309519K(1398272K)->1359317K(1398272K)
[205.644s][info][gc,metaspace   ] GC(1727) Metaspace: 126115K(130432K)->126115K(130432K) NonClass: 108015K(108736K)->108015K(108736K) Class: 18099K(21696K)->18099K(21696K)
[205.644s][info][gc             ] GC(1727) Pause Young (Allocation Failure) 1661M->1452M(1820M) 16.604ms
[205.644s][info][gc,cpu         ] GC(1727) User=0.52s Sys=0.00s Real=0.02s
[205.644s][info][gc,start       ] GC(1728) Pause Full (Ergonomics)
[205.644s][info][gc,phases,start] GC(1728) Marking Phase
[205.689s][info][gc,phases      ] GC(1728) Marking Phase 45.115ms
[205.689s][info][gc,phases,start] GC(1728) Summary Phase
[205.689s][info][gc,phases      ] GC(1728) Summary Phase 0.058ms
[205.689s][info][gc,phases,start] GC(1728) Adjust Roots
[205.707s][info][gc,phases      ] GC(1728) Adjust Roots 17.557ms
[205.707s][info][gc,phases,start] GC(1728) Compaction Phase
[205.731s][info][gc,phases      ] GC(1728) Compaction Phase 24.337ms
[205.731s][info][gc,phases,start] GC(1728) Post Compact
[205.739s][info][gc,phases      ] GC(1728) Post Compact 7.714ms
[205.739s][info][gc,heap        ] GC(1728) PSYoungGen: 128054K(465920K)->0K(464896K) Eden: 0K(232960K)->0K(233984K) From: 128054K(232960K)->0K(230912K)
[205.739s][info][gc,heap        ] GC(1728) ParOldGen: 1359317K(1398272K)->1365208K(1398272K)
[205.739s][info][gc,metaspace   ] GC(1728) Metaspace: 126115K(130432K)->126115K(130432K) NonClass: 108015K(108736K)->108015K(108736K) Class: 18099K(21696K)->18099K(21696K)
[205.739s][info][gc             ] GC(1728) Pause Full (Ergonomics) 1452M->1333M(1819M) 95.310ms
[205.739s][info][gc,cpu         ] GC(1728) User=1.64s Sys=0.00s Real=0.09s
[205.756s][info][gc,start       ] GC(1729) Pause Full (Ergonomics)
[205.756s][info][gc,phases,start] GC(1729) Marking Phase
[205.811s][info][gc,phases      ] GC(1729) Marking Phase 54.148ms
[205.811s][info][gc,phases,start] GC(1729) Summary Phase
[205.811s][info][gc,phases      ] GC(1729) Summary Phase 0.060ms
[205.811s][info][gc,phases,start] GC(1729) Adjust Roots
[205.830s][info][gc,phases      ] GC(1729) Adjust Roots 19.504ms
[205.830s][info][gc,phases,start] GC(1729) Compaction Phase
[205.854s][info][gc,phases      ] GC(1729) Compaction Phase 23.772ms
[205.854s][info][gc,phases,start] GC(1729) Post Compact
[205.862s][info][gc,phases      ] GC(1729) Post Compact 7.881ms
[205.862s][info][gc,heap        ] GC(1729) PSYoungGen: 233984K(464896K)->0K(465920K) Eden: 233984K(233984K)->0K(233984K) From: 0K(230912K)->0K(231936K)
[205.862s][info][gc,heap        ] GC(1729) ParOldGen: 1365208K(1398272K)->1367845K(1398272K)
[205.862s][info][gc,metaspace   ] GC(1729) Metaspace: 126115K(130432K)->126115K(130432K) NonClass: 108015K(108736K)->108015K(108736K) Class: 18099K(21696K)->18099K(21696K)
[205.862s][info][gc             ] GC(1729) Pause Full (Ergonomics) 1561M->1335M(1820M) 105.687ms
[205.862s][info][gc,cpu         ] GC(1729) User=2.09s Sys=0.00s Real=0.11s
[205.879s][info][gc,start       ] GC(1730) Pause Full (Ergonomics)
[205.879s][info][gc,phases,start] GC(1730) Marking Phase
[205.933s][info][gc,phases      ] GC(1730) Marking Phase 53.671ms
[205.933s][info][gc,phases,start] GC(1730) Summary Phase
[205.933s][info][gc,phases      ] GC(1730) Summary Phase 0.064ms
[205.933s][info][gc,phases,start] GC(1730) Adjust Roots
[205.947s][info][gc,phases      ] GC(1730) Adjust Roots 13.776ms
[205.947s][info][gc,phases,start] GC(1730) Compaction Phase
[205.969s][info][gc,phases      ] GC(1730) Compaction Phase 22.042ms
[205.969s][info][gc,phases,start] GC(1730) Post Compact
[205.978s][info][gc,phases      ] GC(1730) Post Compact 9.080ms
[205.978s][info][gc,heap        ] GC(1730) PSYoungGen: 233984K(465920K)->0K(466944K) Eden: 233984K(233984K)->0K(235008K) From: 0K(231936K)->0K(231936K)
[205.978s][info][gc,heap        ] GC(1730) ParOldGen: 1367845K(1398272K)->1381305K(1398272K)
[205.978s][info][gc,metaspace   ] GC(1730) Metaspace: 126115K(130432K)->126115K(130432K) NonClass: 108015K(108736K)->108015K(108736K) Class: 18099K(21696K)->18099K(21696K)
[205.978s][info][gc             ] GC(1730) Pause Full (Ergonomics) 1564M->1348M(1821M) 99.037ms
[205.978s][info][gc,cpu         ] GC(1730) User=1.91s Sys=0.05s Real=0.10s
[205.997s][info][gc,start       ] GC(1731) Pause Full (Ergonomics)
[205.997s][info][gc,phases,start] GC(1731) Marking Phase
[206.039s][info][gc,phases      ] GC(1731) Marking Phase 42.160ms
[206.039s][info][gc,phases,start] GC(1731) Summary Phase
[206.039s][info][gc,phases      ] GC(1731) Summary Phase 0.063ms
[206.039s][info][gc,phases,start] GC(1731) Adjust Roots
[206.052s][info][gc,phases      ] GC(1731) Adjust Roots 12.916ms
[206.052s][info][gc,phases,start] GC(1731) Compaction Phase
[206.072s][info][gc,phases      ] GC(1731) Compaction Phase 19.806ms
[206.072s][info][gc,phases,start] GC(1731) Post Compact
[206.082s][info][gc,phases      ] GC(1731) Post Compact 9.951ms
[206.082s][info][gc,heap        ] GC(1731) PSYoungGen: 235008K(466944K)->0K(466944K) Eden: 235008K(235008K)->0K(235008K) From: 0K(231936K)->0K(231936K)
[206.082s][info][gc,heap        ] GC(1731) ParOldGen: 1381305K(1398272K)->1369623K(1398272K)
[206.082s][info][gc,metaspace   ] GC(1731) Metaspace: 126115K(130432K)->126115K(130432K) NonClass: 108015K(108736K)->108015K(108736K) Class: 18099K(21696K)->18099K(21696K)
[206.082s][info][gc             ] GC(1731) Pause Full (Ergonomics) 1578M->1337M(1821M) 85.354ms
[206.082s][info][gc,cpu         ] GC(1731) User=1.09s Sys=0.00s Real=0.09s
[206.100s][info][gc,start       ] GC(1732) Pause Full (Ergonomics)
[206.100s][info][gc,phases,start] GC(1732) Marking Phase
[206.158s][info][gc,phases      ] GC(1732) Marking Phase 58.136ms
[206.158s][info][gc,phases,start] GC(1732) Summary Phase
[206.158s][info][gc,phases      ] GC(1732) Summary Phase 0.068ms
[206.158s][info][gc,phases,start] GC(1732) Adjust Roots
[206.175s][info][gc,phases      ] GC(1732) Adjust Roots 16.627ms
[206.175s][info][gc,phases,start] GC(1732) Compaction Phase
[206.193s][info][gc,phases      ] GC(1732) Compaction Phase 18.578ms
[206.194s][info][gc,phases,start] GC(1732) Post Compact
[206.203s][info][gc,phases      ] GC(1732) Post Compact 9.120ms
[206.203s][info][gc,heap        ] GC(1732) PSYoungGen: 235008K(466944K)->0K(466944K) Eden: 235008K(235008K)->0K(235008K) From: 0K(231936K)->0K(231936K)
[206.203s][info][gc,heap        ] GC(1732) ParOldGen: 1369623K(1398272K)->1370509K(1398272K)
[206.203s][info][gc,metaspace   ] GC(1732) Metaspace: 126115K(130432K)->126115K(130432K) NonClass: 108015K(108736K)->108015K(108736K) Class: 18099K(21696K)->18099K(21696K)
[206.203s][info][gc             ] GC(1732) Pause Full (Ergonomics) 1567M->1338M(1821M) 102.925ms
[206.203s][info][gc,cpu         ] GC(1732) User=1.63s Sys=0.00s Real=0.09s
[206.220s][info][gc,start       ] GC(1733) Pause Full (Ergonomics)
[206.220s][info][gc,phases,start] GC(1733) Marking Phase
[206.278s][info][gc,phases      ] GC(1733) Marking Phase 57.223ms
[206.278s][info][gc,phases,start] GC(1733) Summary Phase
[206.278s][info][gc,phases      ] GC(1733) Summary Phase 0.061ms
[206.278s][info][gc,phases,start] GC(1733) Adjust Roots
[206.295s][info][gc,phases      ] GC(1733) Adjust Roots 17.558ms
[206.295s][info][gc,phases,start] GC(1733) Compaction Phase
[206.316s][info][gc,phases      ] GC(1733) Compaction Phase 20.945ms
[206.316s][info][gc,phases,start] GC(1733) Post Compact
[206.326s][info][gc,phases      ] GC(1733) Post Compact 9.623ms
[206.326s][info][gc,heap        ] GC(1733) PSYoungGen: 235008K(466944K)->0K(466944K) Eden: 235008K(235008K)->0K(235008K) From: 0K(231936K)->0K(231936K)
[206.326s][info][gc,heap        ] GC(1733) ParOldGen: 1370509K(1398272K)->1373000K(1398272K)
[206.326s][info][gc,metaspace   ] GC(1733) Metaspace: 126115K(130432K)->126115K(130432K) NonClass: 108015K(108736K)->108015K(108736K) Class: 18099K(21696K)->18099K(21696K)
[206.326s][info][gc             ] GC(1733) Pause Full (Ergonomics) 1567M->1340M(1821M) 105.818ms
[206.326s][info][gc,cpu         ] GC(1733) User=1.42s Sys=0.03s Real=0.09s
[206.343s][info][gc,start       ] GC(1734) Pause Full (Ergonomics)
[206.343s][info][gc,phases,start] GC(1734) Marking Phase
[206.396s][info][gc,phases      ] GC(1734) Marking Phase 52.914ms
[206.396s][info][gc,phases,start] GC(1734) Summary Phase
[206.396s][info][gc,phases      ] GC(1734) Summary Phase 0.060ms
[206.396s][info][gc,phases,start] GC(1734) Adjust Roots
[206.413s][info][gc,phases      ] GC(1734) Adjust Roots 16.403ms
[206.413s][info][gc,phases,start] GC(1734) Compaction Phase
[206.435s][info][gc,phases      ] GC(1734) Compaction Phase 22.130ms
[206.435s][info][gc,phases,start] GC(1734) Post Compact
[206.445s][info][gc,phases      ] GC(1734) Post Compact 10.193ms
[206.445s][info][gc,heap        ] GC(1734) PSYoungGen: 235008K(466944K)->0K(466944K) Eden: 235008K(235008K)->0K(235008K) From: 0K(231936K)->0K(231936K)
[206.445s][info][gc,heap        ] GC(1734) ParOldGen: 1373000K(1398272K)->1379389K(1398272K)
[206.445s][info][gc,metaspace   ] GC(1734) Metaspace: 126115K(130432K)->126115K(130432K) NonClass: 108015K(108736K)->108015K(108736K) Class: 18099K(21696K)->18099K(21696K)
[206.445s][info][gc             ] GC(1734) Pause Full (Ergonomics) 1570M->1347M(1821M) 102.138ms
[206.445s][info][gc,cpu         ] GC(1734) User=1.67s Sys=0.02s Real=0.11s
[206.464s][info][gc,start       ] GC(1735) Pause Full (Ergonomics)
[206.464s][info][gc,phases,start] GC(1735) Marking Phase
[206.516s][info][gc,phases      ] GC(1735) Marking Phase 52.425ms
[206.516s][info][gc,phases,start] GC(1735) Summary Phase
[206.516s][info][gc,phases      ] GC(1735) Summary Phase 0.067ms
[206.516s][info][gc,phases,start] GC(1735) Adjust Roots
[206.534s][info][gc,phases      ] GC(1735) Adjust Roots 17.390ms
[206.534s][info][gc,phases,start] GC(1735) Compaction Phase
[206.556s][info][gc,phases      ] GC(1735) Compaction Phase 21.736ms
[206.556s][info][gc,phases,start] GC(1735) Post Compact
[206.565s][info][gc,phases      ] GC(1735) Post Compact 9.544ms
[206.565s][info][gc,heap        ] GC(1735) PSYoungGen: 235008K(466944K)->0K(466944K) Eden: 235008K(235008K)->0K(235008K) From: 0K(231936K)->0K(231936K)
[206.565s][info][gc,heap        ] GC(1735) ParOldGen: 1379389K(1398272K)->1381900K(1398272K)
[206.565s][info][gc,metaspace   ] GC(1735) Metaspace: 126115K(130432K)->126115K(130432K) NonClass: 108015K(108736K)->108015K(108736K) Class: 18099K(21696K)->18099K(21696K)
[206.565s][info][gc             ] GC(1735) Pause Full (Ergonomics) 1576M->1349M(1821M) 101.663ms
[206.565s][info][gc,cpu         ] GC(1735) User=1.05s Sys=0.05s Real=0.10s
[206.583s][info][gc,start       ] GC(1736) Pause Full (Ergonomics)
[206.583s][info][gc,phases,start] GC(1736) Marking Phase
[206.638s][info][gc,phases      ] GC(1736) Marking Phase 55.063ms
[206.638s][info][gc,phases,start] GC(1736) Summary Phase
[206.638s][info][gc,phases      ] GC(1736) Summary Phase 0.060ms
[206.638s][info][gc,phases,start] GC(1736) Adjust Roots
[206.655s][info][gc,phases      ] GC(1736) Adjust Roots 17.001ms
[206.655s][info][gc,phases,start] GC(1736) Compaction Phase
[206.676s][info][gc,phases      ] GC(1736) Compaction Phase 21.134ms
[206.676s][info][gc,phases,start] GC(1736) Post Compact
[206.686s][info][gc,phases      ] GC(1736) Post Compact 10.274ms
[206.686s][info][gc,heap        ] GC(1736) PSYoungGen: 235008K(466944K)->0K(466944K) Eden: 235008K(235008K)->0K(235008K) From: 0K(231936K)->0K(231936K)
[206.686s][info][gc,heap        ] GC(1736) ParOldGen: 1381900K(1398272K)->1394052K(1398272K)
[206.687s][info][gc,metaspace   ] GC(1736) Metaspace: 126115K(130432K)->126115K(130432K) NonClass: 108015K(108736K)->108015K(108736K) Class: 18099K(21696K)->18099K(21696K)
[206.687s][info][gc             ] GC(1736) Pause Full (Ergonomics) 1579M->1361M(1821M) 103.974ms
[206.687s][info][gc,cpu         ] GC(1736) User=1.69s Sys=0.00s Real=0.11s
[206.705s][info][gc,start       ] GC(1737) Pause Full (Ergonomics)
[206.705s][info][gc,phases,start] GC(1737) Marking Phase
[206.758s][info][gc,phases      ] GC(1737) Marking Phase 52.194ms
[206.758s][info][gc,phases,start] GC(1737) Summary Phase
[206.758s][info][gc,phases      ] GC(1737) Summary Phase 0.043ms
[206.758s][info][gc,phases,start] GC(1737) Adjust Roots
[206.773s][info][gc,phases      ] GC(1737) Adjust Roots 15.197ms
[206.773s][info][gc,phases,start] GC(1737) Compaction Phase
[206.882s][info][gc,phases      ] GC(1737) Compaction Phase 109.466ms
[206.882s][info][gc,phases,start] GC(1737) Post Compact
[206.890s][info][gc,phases      ] GC(1737) Post Compact 8.026ms
[206.890s][info][gc,heap        ] GC(1737) PSYoungGen: 235008K(466944K)->13298K(466944K) Eden: 235008K(235008K)->13298K(235008K) From: 0K(231936K)->0K(231936K)
[206.890s][info][gc,heap        ] GC(1737) ParOldGen: 1394052K(1398272K)->1392777K(1398272K)
[206.891s][info][gc,metaspace   ] GC(1737) Metaspace: 126115K(130432K)->126115K(130432K) NonClass: 108015K(108736K)->108015K(108736K) Class: 18099K(21696K)->18099K(21696K)
[206.891s][info][gc             ] GC(1737) Pause Full (Ergonomics) 1590M->1373M(1821M) 185.258ms
[206.891s][info][gc,cpu         ] GC(1737) User=5.17s Sys=0.02s Real=0.19s
[206.903s][info][gc,start       ] GC(1738) Pause Full (Ergonomics)
[206.903s][info][gc,phases,start] GC(1738) Marking Phase
[206.953s][info][gc,phases      ] GC(1738) Marking Phase 50.040ms
[207.117s][info][gc,phases,start] GC(1738) Summary Phase
[207.117s][info][gc,phases      ] GC(1738) Summary Phase 0.124ms
[207.117s][info][gc,phases,start] GC(1738) Adjust Roots
[207.139s][info][gc,phases      ] GC(1738) Adjust Roots 21.694ms
[207.139s][info][gc,phases,start] GC(1738) Compaction Phase
[207.175s][info][gc,phases      ] GC(1738) Compaction Phase 36.540ms
[207.175s][info][gc,phases,start] GC(1738) Post Compact
[207.183s][info][gc,phases      ] GC(1738) Post Compact 7.972ms
[207.184s][info][gc,heap        ] GC(1738) PSYoungGen: 235008K(466944K)->9484K(466944K) Eden: 235008K(235008K)->9484K(235008K) From: 0K(231936K)->0K(231936K)
[207.184s][info][gc,heap        ] GC(1738) ParOldGen: 1392777K(1398272K)->1396584K(1398272K)
[207.184s][info][gc,metaspace   ] GC(1738) Metaspace: 126115K(130432K)->126115K(130432K) NonClass: 108015K(108736K)->108015K(108736K) Class: 18099K(21696K)->18099K(21696K)
[207.184s][info][gc             ] GC(1738) Pause Full (Ergonomics) 1589M->1373M(1821M) 280.437ms
[207.184s][info][gc,cpu         ] GC(1738) User=2.06s Sys=0.02s Real=0.28s
[207.197s][info][gc,start       ] GC(1739) Pause Full (Ergonomics)
[207.197s][info][gc,phases,start] GC(1739) Marking Phase
[207.253s][info][gc,phases      ] GC(1739) Marking Phase 55.819ms
[207.253s][info][gc,phases,start] GC(1739) Summary Phase
[207.253s][info][gc,phases      ] GC(1739) Summary Phase 0.044ms
[207.253s][info][gc,phases,start] GC(1739) Adjust Roots
[207.269s][info][gc,phases      ] GC(1739) Adjust Roots 15.760ms
[207.269s][info][gc,phases,start] GC(1739) Compaction Phase
[207.305s][info][gc,phases      ] GC(1739) Compaction Phase 36.366ms
[207.305s][info][gc,phases,start] GC(1739) Post Compact
[207.313s][info][gc,phases      ] GC(1739) Post Compact 8.081ms
[207.313s][info][gc,heap        ] GC(1739) PSYoungGen: 235008K(466944K)->17274K(466944K) Eden: 235008K(235008K)->17274K(235008K) From: 0K(231936K)->0K(231936K)
[207.313s][info][gc,heap        ] GC(1739) ParOldGen: 1396584K(1398272K)->1393103K(1398272K)
[207.313s][info][gc,metaspace   ] GC(1739) Metaspace: 126115K(130432K)->126115K(130432K) NonClass: 108015K(108736K)->108015K(108736K) Class: 18099K(21696K)->18099K(21696K)
[207.313s][info][gc             ] GC(1739) Pause Full (Ergonomics) 1593M->1377M(1821M) 116.428ms
[207.313s][info][gc,cpu         ] GC(1739) User=2.61s Sys=0.00s Real=0.13s
[207.326s][info][gc,start       ] GC(1740) Pause Full (Ergonomics)
[207.326s][info][gc,phases,start] GC(1740) Marking Phase
[207.381s][info][gc,phases      ] GC(1740) Marking Phase 55.213ms
[207.381s][info][gc,phases,start] GC(1740) Summary Phase
[207.381s][info][gc,phases      ] GC(1740) Summary Phase 0.048ms
[207.381s][info][gc,phases,start] GC(1740) Adjust Roots
[207.401s][info][gc,phases      ] GC(1740) Adjust Roots 19.205ms
[207.401s][info][gc,phases,start] GC(1740) Compaction Phase
[207.439s][info][gc,phases      ] GC(1740) Compaction Phase 38.203ms
[207.439s][info][gc,phases,start] GC(1740) Post Compact
[207.447s][info][gc,phases      ] GC(1740) Post Compact 8.002ms
[207.447s][info][gc,heap        ] GC(1740) PSYoungGen: 235008K(466944K)->25607K(466944K) Eden: 235008K(235008K)->25607K(235008K) From: 0K(231936K)->0K(231936K)
[207.447s][info][gc,heap        ] GC(1740) ParOldGen: 1393103K(1398272K)->1395802K(1398272K)
[207.447s][info][gc,metaspace   ] GC(1740) Metaspace: 126115K(130432K)->126115K(130432K) NonClass: 108015K(108736K)->108015K(108736K) Class: 18099K(21696K)->18099K(21696K)
[207.447s][info][gc             ] GC(1740) Pause Full (Ergonomics) 1589M->1388M(1821M) 120.984ms
[207.447s][info][gc,cpu         ] GC(1740) User=2.38s Sys=0.02s Real=0.13s
[207.461s][info][gc,start       ] GC(1741) Pause Full (Ergonomics)
[207.461s][info][gc,phases,start] GC(1741) Marking Phase
[207.511s][info][gc,phases      ] GC(1741) Marking Phase 50.168ms
[207.511s][info][gc,phases,start] GC(1741) Summary Phase
[207.511s][info][gc,phases      ] GC(1741) Summary Phase 0.044ms
[207.511s][info][gc,phases,start] GC(1741) Adjust Roots
[207.526s][info][gc,phases      ] GC(1741) Adjust Roots 15.166ms
[207.526s][info][gc,phases,start] GC(1741) Compaction Phase
[207.571s][info][gc,phases      ] GC(1741) Compaction Phase 44.773ms
[207.571s][info][gc,phases,start] GC(1741) Post Compact
[207.579s][info][gc,phases      ] GC(1741) Post Compact 8.260ms
[207.579s][info][gc,heap        ] GC(1741) PSYoungGen: 235008K(466944K)->10182K(466944K) Eden: 235008K(235008K)->10182K(235008K) From: 0K(231936K)->0K(231936K)
[207.579s][info][gc,heap        ] GC(1741) ParOldGen: 1395802K(1398272K)->1395795K(1398272K)
[207.579s][info][gc,metaspace   ] GC(1741) Metaspace: 126115K(130432K)->126115K(130432K) NonClass: 108015K(108736K)->108015K(108736K) Class: 18099K(21696K)->18099K(21696K)
[207.579s][info][gc             ] GC(1741) Pause Full (Ergonomics) 1592M->1373M(1821M) 118.757ms
[207.580s][info][gc,cpu         ] GC(1741) User=2.47s Sys=0.00s Real=0.11s
[207.596s][info][gc,start       ] GC(1742) Pause Full (Ergonomics)
[207.596s][info][gc,phases,start] GC(1742) Marking Phase
[207.647s][info][gc,phases      ] GC(1742) Marking Phase 51.105ms
[207.647s][info][gc,phases,start] GC(1742) Summary Phase
[207.647s][info][gc,phases      ] GC(1742) Summary Phase 0.044ms
[207.647s][info][gc,phases,start] GC(1742) Adjust Roots
[207.665s][info][gc,phases      ] GC(1742) Adjust Roots 17.751ms
[207.665s][info][gc,phases,start] GC(1742) Compaction Phase
[207.702s][info][gc,phases      ] GC(1742) Compaction Phase 37.059ms
[207.702s][info][gc,phases,start] GC(1742) Post Compact
[207.710s][info][gc,phases      ] GC(1742) Post Compact 8.005ms
[207.710s][info][gc,heap        ] GC(1742) PSYoungGen: 235008K(466944K)->17709K(466944K) Eden: 235008K(235008K)->17709K(235008K) From: 0K(231936K)->0K(231936K)
[207.710s][info][gc,heap        ] GC(1742) ParOldGen: 1395795K(1398272K)->1393039K(1398272K)
[207.710s][info][gc,metaspace   ] GC(1742) Metaspace: 126115K(130432K)->126115K(130432K) NonClass: 108015K(108736K)->108015K(108736K) Class: 18099K(21696K)->18099K(21696K)
[207.710s][info][gc             ] GC(1742) Pause Full (Ergonomics) 1592M->1377M(1821M) 114.291ms
[207.710s][info][gc,cpu         ] GC(1742) User=2.11s Sys=0.00s Real=0.11s
[207.725s][info][gc,start       ] GC(1743) Pause Full (Ergonomics)
[207.725s][info][gc,phases,start] GC(1743) Marking Phase
[207.771s][info][gc,phases      ] GC(1743) Marking Phase 46.150ms
[207.771s][info][gc,phases,start] GC(1743) Summary Phase
[207.771s][info][gc,phases      ] GC(1743) Summary Phase 0.043ms
[207.771s][info][gc,phases,start] GC(1743) Adjust Roots
[207.788s][info][gc,phases      ] GC(1743) Adjust Roots 16.635ms
[207.788s][info][gc,phases,start] GC(1743) Compaction Phase
[207.825s][info][gc,phases      ] GC(1743) Compaction Phase 37.356ms
[207.825s][info][gc,phases,start] GC(1743) Post Compact
[207.833s][info][gc,phases      ] GC(1743) Post Compact 7.968ms
[207.833s][info][gc,heap        ] GC(1743) PSYoungGen: 235008K(466944K)->10144K(466944K) Eden: 235008K(235008K)->10144K(235008K) From: 0K(231936K)->0K(231936K)
[207.833s][info][gc,heap        ] GC(1743) ParOldGen: 1393039K(1398272K)->1397244K(1398272K)
[207.833s][info][gc,metaspace   ] GC(1743) Metaspace: 126115K(130432K)->126115K(130432K) NonClass: 108015K(108736K)->108015K(108736K) Class: 18099K(21696K)->18099K(21696K)
[207.833s][info][gc             ] GC(1743) Pause Full (Ergonomics) 1589M->1374M(1821M) 108.466ms
[207.833s][info][gc,cpu         ] GC(1743) User=2.61s Sys=0.00s Real=0.11s
[207.849s][info][gc,start       ] GC(1744) Pause Full (Ergonomics)
[207.849s][info][gc,phases,start] GC(1744) Marking Phase
[207.897s][info][gc,phases      ] GC(1744) Marking Phase 47.961ms
[207.897s][info][gc,phases,start] GC(1744) Summary Phase
[207.897s][info][gc,phases      ] GC(1744) Summary Phase 0.044ms
[207.897s][info][gc,phases,start] GC(1744) Adjust Roots
[207.916s][info][gc,phases      ] GC(1744) Adjust Roots 18.743ms
[207.916s][info][gc,phases,start] GC(1744) Compaction Phase
[207.952s][info][gc,phases      ] GC(1744) Compaction Phase 35.956ms
[207.952s][info][gc,phases,start] GC(1744) Post Compact
[207.960s][info][gc,phases      ] GC(1744) Post Compact 8.001ms
[207.960s][info][gc,heap        ] GC(1744) PSYoungGen: 235008K(466944K)->3881K(466944K) Eden: 235008K(235008K)->3881K(235008K) From: 0K(231936K)->0K(231936K)
[207.960s][info][gc,heap        ] GC(1744) ParOldGen: 1397244K(1398272K)->1398249K(1398272K)
[207.960s][info][gc,metaspace   ] GC(1744) Metaspace: 126115K(130432K)->126115K(130432K) NonClass: 108015K(108736K)->108015K(108736K) Class: 18099K(21696K)->18099K(21696K)
[207.960s][info][gc             ] GC(1744) Pause Full (Ergonomics) 1593M->1369M(1821M) 111.028ms
[207.960s][info][gc,cpu         ] GC(1744) User=2.61s Sys=0.00s Real=0.13s
[207.977s][info][gc,start       ] GC(1745) Pause Full (Ergonomics)
[207.977s][info][gc,phases,start] GC(1745) Marking Phase
[208.023s][info][gc,phases      ] GC(1745) Marking Phase 45.686ms
[208.023s][info][gc,phases,start] GC(1745) Summary Phase
[208.023s][info][gc,phases      ] GC(1745) Summary Phase 0.044ms
[208.023s][info][gc,phases,start] GC(1745) Adjust Roots
[208.042s][info][gc,phases      ] GC(1745) Adjust Roots 18.757ms
[208.042s][info][gc,phases,start] GC(1745) Compaction Phase
[208.078s][info][gc,phases      ] GC(1745) Compaction Phase 36.697ms
[208.078s][info][gc,phases,start] GC(1745) Post Compact
[208.087s][info][gc,phases      ] GC(1745) Post Compact 8.010ms
[208.087s][info][gc,heap        ] GC(1745) PSYoungGen: 235008K(466944K)->10194K(466944K) Eden: 235008K(235008K)->10194K(235008K) From: 0K(231936K)->0K(231936K)
[208.087s][info][gc,heap        ] GC(1745) ParOldGen: 1398249K(1398272K)->1395110K(1398272K)
[208.087s][info][gc,metaspace   ] GC(1745) Metaspace: 126115K(130432K)->126115K(130432K) NonClass: 108015K(108736K)->108015K(108736K) Class: 18099K(21696K)->18099K(21696K)
[208.087s][info][gc             ] GC(1745) Pause Full (Ergonomics) 1594M->1372M(1821M) 109.521ms
[208.087s][info][gc,cpu         ] GC(1745) User=2.05s Sys=0.00s Real=0.11s
[208.103s][info][gc,start       ] GC(1746) Pause Full (Ergonomics)
[208.103s][info][gc,phases,start] GC(1746) Marking Phase
[208.157s][info][gc,phases      ] GC(1746) Marking Phase 53.746ms
[208.157s][info][gc,phases,start] GC(1746) Summary Phase
[208.157s][info][gc,phases      ] GC(1746) Summary Phase 0.044ms
[208.157s][info][gc,phases,start] GC(1746) Adjust Roots
[208.173s][info][gc,phases      ] GC(1746) Adjust Roots 16.116ms
[208.173s][info][gc,phases,start] GC(1746) Compaction Phase
[208.209s][info][gc,phases      ] GC(1746) Compaction Phase 36.117ms
[208.209s][info][gc,phases,start] GC(1746) Post Compact
[208.217s][info][gc,phases      ] GC(1746) Post Compact 8.003ms
[208.217s][info][gc,heap        ] GC(1746) PSYoungGen: 235008K(466944K)->7754K(466944K) Eden: 235008K(235008K)->7754K(235008K) From: 0K(231936K)->0K(231936K)
[208.217s][info][gc,heap        ] GC(1746) ParOldGen: 1395110K(1398272K)->1394892K(1398272K)
[208.217s][info][gc,metaspace   ] GC(1746) Metaspace: 126115K(130432K)->126115K(130432K) NonClass: 108015K(108736K)->108015K(108736K) Class: 18099K(21696K)->18099K(21696K)
[208.217s][info][gc             ] GC(1746) Pause Full (Ergonomics) 1591M->1369M(1821M) 114.363ms
[208.217s][info][gc,cpu         ] GC(1746) User=2.09s Sys=0.00s Real=0.11s
[208.234s][info][gc,start       ] GC(1747) Pause Full (Ergonomics)
[208.234s][info][gc,phases,start] GC(1747) Marking Phase
[208.284s][info][gc,phases      ] GC(1747) Marking Phase 50.410ms
[208.284s][info][gc,phases,start] GC(1747) Summary Phase
[208.284s][info][gc,phases      ] GC(1747) Summary Phase 0.045ms
[208.284s][info][gc,phases,start] GC(1747) Adjust Roots
[208.300s][info][gc,phases      ] GC(1747) Adjust Roots 15.141ms
[208.300s][info][gc,phases,start] GC(1747) Compaction Phase
[208.321s][info][gc,phases      ] GC(1747) Compaction Phase 21.261ms
[208.321s][info][gc,phases,start] GC(1747) Post Compact
[208.331s][info][gc,phases      ] GC(1747) Post Compact 10.375ms
[208.331s][info][gc,heap        ] GC(1747) PSYoungGen: 235008K(466944K)->7760K(466944K) Eden: 235008K(235008K)->7760K(235008K) From: 0K(231936K)->0K(231936K)
[208.331s][info][gc,heap        ] GC(1747) ParOldGen: 1394892K(1398272K)->1394890K(1398272K)
[208.331s][info][gc,metaspace   ] GC(1747) Metaspace: 126115K(130432K)->126115K(130432K) NonClass: 108015K(108736K)->108015K(108736K) Class: 18099K(21696K)->18099K(21696K)
[208.332s][info][gc             ] GC(1747) Pause Full (Ergonomics) 1591M->1369M(1821M) 97.705ms
[208.332s][info][gc,cpu         ] GC(1747) User=0.97s Sys=0.03s Real=0.10s
[208.358s][info][gc,start       ] GC(1748) Pause Full (Ergonomics)
[208.358s][info][gc,phases,start] GC(1748) Marking Phase
[208.405s][info][gc,phases      ] GC(1748) Marking Phase 47.343ms
[208.405s][info][gc,phases,start] GC(1748) Summary Phase
[208.405s][info][gc,phases      ] GC(1748) Summary Phase 0.046ms
[208.405s][info][gc,phases,start] GC(1748) Adjust Roots
[208.422s][info][gc,phases      ] GC(1748) Adjust Roots 16.693ms
[208.422s][info][gc,phases,start] GC(1748) Compaction Phase
[208.443s][info][gc,phases      ] GC(1748) Compaction Phase 20.961ms
[208.443s][info][gc,phases,start] GC(1748) Post Compact
[208.453s][info][gc,phases      ] GC(1748) Post Compact 10.403ms
[208.453s][info][gc,heap        ] GC(1748) PSYoungGen: 235008K(466944K)->7761K(466944K) Eden: 235008K(235008K)->7761K(235008K) From: 0K(231936K)->0K(231936K)
[208.453s][info][gc,heap        ] GC(1748) ParOldGen: 1394890K(1398272K)->1394890K(1398272K)
[208.453s][info][gc,metaspace   ] GC(1748) Metaspace: 126115K(130432K)->126115K(130432K) NonClass: 108015K(108736K)->108015K(108736K) Class: 18099K(21696K)->18099K(21696K)
[208.453s][info][gc             ] GC(1748) Pause Full (Ergonomics) 1591M->1369M(1821M) 95.877ms
[208.454s][info][gc,cpu         ] GC(1748) User=1.13s Sys=0.00s Real=0.09s
[208.480s][info][gc,start       ] GC(1749) Pause Full (Ergonomics)
[208.480s][info][gc,phases,start] GC(1749) Marking Phase
[208.533s][info][gc,phases      ] GC(1749) Marking Phase 53.580ms
[208.533s][info][gc,phases,start] GC(1749) Summary Phase
[208.533s][info][gc,phases      ] GC(1749) Summary Phase 0.042ms
[208.533s][info][gc,phases,start] GC(1749) Adjust Roots
[208.553s][info][gc,phases      ] GC(1749) Adjust Roots 19.903ms
[208.553s][info][gc,phases,start] GC(1749) Compaction Phase
[208.575s][info][gc,phases      ] GC(1749) Compaction Phase 21.575ms
[208.575s][info][gc,phases,start] GC(1749) Post Compact
[208.586s][info][gc,phases      ] GC(1749) Post Compact 10.659ms
[208.586s][info][gc,heap        ] GC(1749) PSYoungGen: 235008K(466944K)->7761K(466944K) Eden: 235008K(235008K)->7761K(235008K) From: 0K(231936K)->0K(231936K)
[208.586s][info][gc,heap        ] GC(1749) ParOldGen: 1394890K(1398272K)->1394890K(1398272K)
[208.586s][info][gc,metaspace   ] GC(1749) Metaspace: 126115K(130432K)->126115K(130432K) NonClass: 108015K(108736K)->108015K(108736K) Class: 18099K(21696K)->18099K(21696K)
[208.586s][info][gc             ] GC(1749) Pause Full (Ergonomics) 1591M->1369M(1821M) 106.231ms
[208.586s][info][gc,cpu         ] GC(1749) User=1.52s Sys=0.00s Real=0.11s
[208.612s][info][gc,start       ] GC(1750) Pause Full (Ergonomics)
[208.612s][info][gc,phases,start] GC(1750) Marking Phase
[208.656s][info][gc,phases      ] GC(1750) Marking Phase 44.484ms
[208.656s][info][gc,phases,start] GC(1750) Summary Phase
[208.656s][info][gc,phases      ] GC(1750) Summary Phase 0.047ms
[208.656s][info][gc,phases,start] GC(1750) Adjust Roots
[208.675s][info][gc,phases      ] GC(1750) Adjust Roots 18.668ms
[208.675s][info][gc,phases,start] GC(1750) Compaction Phase
[208.695s][info][gc,phases      ] GC(1750) Compaction Phase 20.386ms
[208.695s][info][gc,phases,start] GC(1750) Post Compact
[208.706s][info][gc,phases      ] GC(1750) Post Compact 10.446ms
[208.706s][info][gc,heap        ] GC(1750) PSYoungGen: 235008K(466944K)->7757K(466944K) Eden: 235008K(235008K)->7757K(235008K) From: 0K(231936K)->0K(231936K)
[208.706s][info][gc,heap        ] GC(1750) ParOldGen: 1394890K(1398272K)->1394890K(1398272K)
[208.706s][info][gc,metaspace   ] GC(1750) Metaspace: 126115K(130432K)->126115K(130432K) NonClass: 108015K(108736K)->108015K(108736K) Class: 18099K(21696K)->18099K(21696K)
[208.706s][info][gc             ] GC(1750) Pause Full (Ergonomics) 1591M->1369M(1821M) 94.447ms
[208.706s][info][gc,cpu         ] GC(1750) User=0.64s Sys=0.00s Real=0.09s
[208.732s][info][gc,start       ] GC(1751) Pause Full (Ergonomics)
[208.733s][info][gc,phases,start] GC(1751) Marking Phase
[208.784s][info][gc,phases      ] GC(1751) Marking Phase 51.630ms
[208.784s][info][gc,phases,start] GC(1751) Summary Phase
[208.784s][info][gc,phases      ] GC(1751) Summary Phase 0.049ms
[208.784s][info][gc,phases,start] GC(1751) Adjust Roots
[208.802s][info][gc,phases      ] GC(1751) Adjust Roots 17.404ms
[208.802s][info][gc,phases,start] GC(1751) Compaction Phase
[208.822s][info][gc,phases      ] GC(1751) Compaction Phase 20.074ms
[208.822s][info][gc,phases,start] GC(1751) Post Compact
[208.832s][info][gc,phases      ] GC(1751) Post Compact 10.107ms
[208.832s][info][gc,heap        ] GC(1751) PSYoungGen: 235008K(466944K)->7757K(466944K) Eden: 235008K(235008K)->7757K(235008K) From: 0K(231936K)->0K(231936K)
[208.832s][info][gc,heap        ] GC(1751) ParOldGen: 1394890K(1398272K)->1394890K(1398272K)
[208.832s][info][gc,metaspace   ] GC(1751) Metaspace: 126115K(130432K)->126115K(130432K) NonClass: 108015K(108736K)->108015K(108736K) Class: 18099K(21696K)->18099K(21696K)
[208.832s][info][gc             ] GC(1751) Pause Full (Ergonomics) 1591M->1369M(1821M) 99.708ms
[208.832s][info][gc,cpu         ] GC(1751) User=1.09s Sys=0.02s Real=0.09s
[208.861s][info][gc,start       ] GC(1752) Pause Full (Ergonomics)
[208.861s][info][gc,phases,start] GC(1752) Marking Phase
[208.905s][info][gc,phases      ] GC(1752) Marking Phase 43.594ms
[208.905s][info][gc,phases,start] GC(1752) Summary Phase
[208.905s][info][gc,phases      ] GC(1752) Summary Phase 0.040ms
[208.905s][info][gc,phases,start] GC(1752) Adjust Roots
[208.925s][info][gc,phases      ] GC(1752) Adjust Roots 19.965ms
[208.925s][info][gc,phases,start] GC(1752) Compaction Phase
[208.961s][info][gc,phases      ] GC(1752) Compaction Phase 35.981ms
[208.961s][info][gc,phases,start] GC(1752) Post Compact
[208.969s][info][gc,phases      ] GC(1752) Post Compact 7.963ms
[208.969s][info][gc,heap        ] GC(1752) PSYoungGen: 235008K(466944K)->7756K(466944K) Eden: 235008K(235008K)->7756K(235008K) From: 0K(231936K)->0K(231936K)
[208.969s][info][gc,heap        ] GC(1752) ParOldGen: 1394890K(1398272K)->1394889K(1398272K)
[208.969s][info][gc,metaspace   ] GC(1752) Metaspace: 126115K(130432K)->126115K(130432K) NonClass: 108015K(108736K)->108015K(108736K) Class: 18099K(21696K)->18099K(21696K)
[208.969s][info][gc             ] GC(1752) Pause Full (Ergonomics) 1591M->1369M(1821M) 107.881ms
[208.969s][info][gc,cpu         ] GC(1752) User=1.22s Sys=0.00s Real=0.10s
[208.986s][info][gc,start       ] GC(1753) Pause Full (Ergonomics)
[208.986s][info][gc,phases,start] GC(1753) Marking Phase
[209.036s][info][gc,phases      ] GC(1753) Marking Phase 50.501ms
[209.036s][info][gc,phases,start] GC(1753) Summary Phase
[209.036s][info][gc,phases      ] GC(1753) Summary Phase 0.046ms
[209.036s][info][gc,phases,start] GC(1753) Adjust Roots
[209.053s][info][gc,phases      ] GC(1753) Adjust Roots 17.116ms
[209.054s][info][gc,phases,start] GC(1753) Compaction Phase
[209.073s][info][gc,phases      ] GC(1753) Compaction Phase 19.815ms
[209.073s][info][gc,phases,start] GC(1753) Post Compact
[209.084s][info][gc,phases      ] GC(1753) Post Compact 10.571ms
[209.084s][info][gc,heap        ] GC(1753) PSYoungGen: 235008K(466944K)->7761K(466944K) Eden: 235008K(235008K)->7761K(235008K) From: 0K(231936K)->0K(231936K)
[209.084s][info][gc,heap        ] GC(1753) ParOldGen: 1394889K(1398272K)->1394889K(1398272K)
[209.084s][info][gc,metaspace   ] GC(1753) Metaspace: 126115K(130432K)->126115K(130432K) NonClass: 108015K(108736K)->108015K(108736K) Class: 18099K(21696K)->18099K(21696K)
[209.084s][info][gc             ] GC(1753) Pause Full (Ergonomics) 1591M->1369M(1821M) 98.514ms
[209.084s][info][gc,cpu         ] GC(1753) User=1.64s Sys=0.00s Real=0.11s
[209.111s][info][gc,start       ] GC(1754) Pause Full (Ergonomics)
[209.111s][info][gc,phases,start] GC(1754) Marking Phase
[209.159s][info][gc,phases      ] GC(1754) Marking Phase 48.059ms
[209.159s][info][gc,phases,start] GC(1754) Summary Phase
[209.159s][info][gc,phases      ] GC(1754) Summary Phase 0.042ms
[209.159s][info][gc,phases,start] GC(1754) Adjust Roots
[209.173s][info][gc,phases      ] GC(1754) Adjust Roots 14.016ms
[209.173s][info][gc,phases,start] GC(1754) Compaction Phase
[209.193s][info][gc,phases      ] GC(1754) Compaction Phase 19.485ms
[209.193s][info][gc,phases,start] GC(1754) Post Compact
[209.203s][info][gc,phases      ] GC(1754) Post Compact 10.553ms
[209.203s][info][gc,heap        ] GC(1754) PSYoungGen: 235008K(466944K)->7765K(466944K) Eden: 235008K(235008K)->7765K(235008K) From: 0K(231936K)->0K(231936K)
[209.203s][info][gc,heap        ] GC(1754) ParOldGen: 1394889K(1398272K)->1394889K(1398272K)
[209.203s][info][gc,metaspace   ] GC(1754) Metaspace: 126115K(130432K)->126115K(130432K) NonClass: 108015K(108736K)->108015K(108736K) Class: 18099K(21696K)->18099K(21696K)
[209.203s][info][gc             ] GC(1754) Pause Full (Ergonomics) 1591M->1369M(1821M) 92.606ms
[209.203s][info][gc,cpu         ] GC(1754) User=1.16s Sys=0.00s Real=0.09s
[209.229s][info][gc,start       ] GC(1755) Pause Full (Ergonomics)
[209.229s][info][gc,phases,start] GC(1755) Marking Phase
[209.285s][info][gc,phases      ] GC(1755) Marking Phase 55.386ms
[209.285s][info][gc,phases,start] GC(1755) Summary Phase
[209.285s][info][gc,phases      ] GC(1755) Summary Phase 0.041ms
[209.285s][info][gc,phases,start] GC(1755) Adjust Roots
[209.306s][info][gc,phases      ] GC(1755) Adjust Roots 20.962ms
[209.306s][info][gc,phases,start] GC(1755) Compaction Phase
[209.327s][info][gc,phases      ] GC(1755) Compaction Phase 21.215ms
[209.327s][info][gc,phases,start] GC(1755) Post Compact
[209.338s][info][gc,phases      ] GC(1755) Post Compact 11.037ms
[209.338s][info][gc,heap        ] GC(1755) PSYoungGen: 235008K(466944K)->7756K(466944K) Eden: 235008K(235008K)->7756K(235008K) From: 0K(231936K)->0K(231936K)
[209.338s][info][gc,heap        ] GC(1755) ParOldGen: 1394889K(1398272K)->1394889K(1398272K)
[209.338s][info][gc,metaspace   ] GC(1755) Metaspace: 126115K(130432K)->126115K(130432K) NonClass: 108015K(108736K)->108015K(108736K) Class: 18099K(21696K)->18099K(21696K)
[209.338s][info][gc             ] GC(1755) Pause Full (Ergonomics) 1591M->1369M(1821M) 109.046ms
[209.338s][info][gc,cpu         ] GC(1755) User=1.16s Sys=0.00s Real=0.11s
[209.365s][info][gc,start       ] GC(1756) Pause Full (Ergonomics)
[209.365s][info][gc,phases,start] GC(1756) Marking Phase
[209.414s][info][gc,phases      ] GC(1756) Marking Phase 49.211ms
[209.414s][info][gc,phases,start] GC(1756) Summary Phase
[209.414s][info][gc,phases      ] GC(1756) Summary Phase 0.044ms
[209.414s][info][gc,phases,start] GC(1756) Adjust Roots
[209.433s][info][gc,phases      ] GC(1756) Adjust Roots 19.145ms
[209.433s][info][gc,phases,start] GC(1756) Compaction Phase
[209.470s][info][gc,phases      ] GC(1756) Compaction Phase 36.897ms
[209.470s][info][gc,phases,start] GC(1756) Post Compact
[209.478s][info][gc,phases      ] GC(1756) Post Compact 7.965ms
[209.478s][info][gc,heap        ] GC(1756) PSYoungGen: 235008K(466944K)->7759K(466944K) Eden: 235008K(235008K)->7759K(235008K) From: 0K(231936K)->0K(231936K)
[209.478s][info][gc,heap        ] GC(1756) ParOldGen: 1394889K(1398272K)->1394883K(1398272K)
[209.478s][info][gc,metaspace   ] GC(1756) Metaspace: 126115K(130432K)->126115K(130432K) NonClass: 108015K(108736K)->108015K(108736K) Class: 18099K(21696K)->18099K(21696K)
[209.478s][info][gc             ] GC(1756) Pause Full (Ergonomics) 1591M->1369M(1821M) 113.592ms
[209.478s][info][gc,cpu         ] GC(1756) User=2.11s Sys=0.00s Real=0.11s
[209.495s][info][gc,start       ] GC(1757) Pause Full (Ergonomics)
[209.495s][info][gc,phases,start] GC(1757) Marking Phase
[209.545s][info][gc,phases      ] GC(1757) Marking Phase 50.275ms
[209.545s][info][gc,phases,start] GC(1757) Summary Phase
[209.545s][info][gc,phases      ] GC(1757) Summary Phase 0.042ms
[209.545s][info][gc,phases,start] GC(1757) Adjust Roots
[209.558s][info][gc,phases      ] GC(1757) Adjust Roots 12.961ms
[209.558s][info][gc,phases,start] GC(1757) Compaction Phase
[209.577s][info][gc,phases      ] GC(1757) Compaction Phase 18.779ms
[209.577s][info][gc,phases,start] GC(1757) Post Compact
[209.587s][info][gc,phases      ] GC(1757) Post Compact 9.771ms
[209.587s][info][gc,heap        ] GC(1757) PSYoungGen: 235008K(466944K)->7757K(466944K) Eden: 235008K(235008K)->7757K(235008K) From: 0K(231936K)->0K(231936K)
[209.587s][info][gc,heap        ] GC(1757) ParOldGen: 1394883K(1398272K)->1394883K(1398272K)
[209.587s][info][gc,metaspace   ] GC(1757) Metaspace: 126115K(130432K)->126115K(130432K) NonClass: 108015K(108736K)->108015K(108736K) Class: 18099K(21696K)->18099K(21696K)
[209.587s][info][gc             ] GC(1757) Pause Full (Ergonomics) 1591M->1369M(1821M) 92.210ms
[209.587s][info][gc,cpu         ] GC(1757) User=1.61s Sys=0.00s Real=0.10s
[209.613s][info][gc,start       ] GC(1758) Pause Full (Ergonomics)
[209.613s][info][gc,phases,start] GC(1758) Marking Phase
[209.664s][info][gc,phases      ] GC(1758) Marking Phase 51.075ms
[209.664s][info][gc,phases,start] GC(1758) Summary Phase
[209.664s][info][gc,phases      ] GC(1758) Summary Phase 0.042ms
[209.664s][info][gc,phases,start] GC(1758) Adjust Roots
[209.677s][info][gc,phases      ] GC(1758) Adjust Roots 13.398ms
[209.677s][info][gc,phases,start] GC(1758) Compaction Phase
[209.698s][info][gc,phases      ] GC(1758) Compaction Phase 20.602ms
[209.698s][info][gc,phases,start] GC(1758) Post Compact
[209.708s][info][gc,phases      ] GC(1758) Post Compact 10.042ms
[209.708s][info][gc,heap        ] GC(1758) PSYoungGen: 235008K(466944K)->7763K(466944K) Eden: 235008K(235008K)->7763K(235008K) From: 0K(231936K)->0K(231936K)
[209.708s][info][gc,heap        ] GC(1758) ParOldGen: 1394883K(1398272K)->1394883K(1398272K)
[209.708s][info][gc,metaspace   ] GC(1758) Metaspace: 126115K(130432K)->126115K(130432K) NonClass: 108015K(108736K)->108015K(108736K) Class: 18099K(21696K)->18099K(21696K)
[209.708s][info][gc             ] GC(1758) Pause Full (Ergonomics) 1591M->1369M(1821M) 95.542ms
[209.708s][info][gc,cpu         ] GC(1758) User=1.11s Sys=0.00s Real=0.09s
[209.737s][info][gc,start       ] GC(1759) Pause Full (Ergonomics)
[209.738s][info][gc,phases,start] GC(1759) Marking Phase
[209.791s][info][gc,phases      ] GC(1759) Marking Phase 53.572ms
[209.791s][info][gc,phases,start] GC(1759) Summary Phase
[209.791s][info][gc,phases      ] GC(1759) Summary Phase 0.040ms
[209.791s][info][gc,phases,start] GC(1759) Adjust Roots
[209.805s][info][gc,phases      ] GC(1759) Adjust Roots 13.855ms
[209.805s][info][gc,phases,start] GC(1759) Compaction Phase
[209.824s][info][gc,phases      ] GC(1759) Compaction Phase 18.746ms
[209.824s][info][gc,phases,start] GC(1759) Post Compact
[209.834s][info][gc,phases      ] GC(1759) Post Compact 9.661ms
[209.834s][info][gc,heap        ] GC(1759) PSYoungGen: 235008K(466944K)->7770K(466944K) Eden: 235008K(235008K)->7770K(235008K) From: 0K(231936K)->0K(231936K)
[209.834s][info][gc,heap        ] GC(1759) ParOldGen: 1394883K(1398272K)->1394883K(1398272K)
[209.834s][info][gc,metaspace   ] GC(1759) Metaspace: 126115K(130432K)->126115K(130432K) NonClass: 108015K(108736K)->108015K(108736K) Class: 18099K(21696K)->18099K(21696K)
[209.834s][info][gc             ] GC(1759) Pause Full (Ergonomics) 1591M->1369M(1821M) 96.237ms
[209.834s][info][gc,cpu         ] GC(1759) User=1.61s Sys=0.02s Real=0.11s
[209.859s][info][gc,start       ] GC(1760) Pause Full (Ergonomics)
[209.859s][info][gc,phases,start] GC(1760) Marking Phase
[209.911s][info][gc,phases      ] GC(1760) Marking Phase 51.774ms
[209.911s][info][gc,phases,start] GC(1760) Summary Phase
[209.911s][info][gc,phases      ] GC(1760) Summary Phase 0.044ms
[209.911s][info][gc,phases,start] GC(1760) Adjust Roots
[209.927s][info][gc,phases      ] GC(1760) Adjust Roots 15.974ms
[209.927s][info][gc,phases,start] GC(1760) Compaction Phase
[209.947s][info][gc,phases      ] GC(1760) Compaction Phase 19.875ms
[209.947s][info][gc,phases,start] GC(1760) Post Compact
[209.957s][info][gc,phases      ] GC(1760) Post Compact 10.029ms
[209.957s][info][gc,heap        ] GC(1760) PSYoungGen: 235008K(466944K)->7755K(466944K) Eden: 235008K(235008K)->7755K(235008K) From: 0K(231936K)->0K(231936K)
[209.957s][info][gc,heap        ] GC(1760) ParOldGen: 1394883K(1398272K)->1394883K(1398272K)
[209.957s][info][gc,metaspace   ] GC(1760) Metaspace: 126115K(130432K)->126115K(130432K) NonClass: 108015K(108736K)->108015K(108736K) Class: 18099K(21696K)->18099K(21696K)
[209.957s][info][gc             ] GC(1760) Pause Full (Ergonomics) 1591M->1369M(1821M) 98.085ms
[209.957s][info][gc,cpu         ] GC(1760) User=2.00s Sys=0.02s Real=0.09s
[209.985s][info][gc,start       ] GC(1761) Pause Full (Ergonomics)
[209.985s][info][gc,phases,start] GC(1761) Marking Phase
[210.035s][info][gc,phases      ] GC(1761) Marking Phase 50.336ms
[210.035s][info][gc,phases,start] GC(1761) Summary Phase
[210.035s][info][gc,phases      ] GC(1761) Summary Phase 0.052ms
[210.035s][info][gc,phases,start] GC(1761) Adjust Roots
[210.052s][info][gc,phases      ] GC(1761) Adjust Roots 16.948ms
[210.052s][info][gc,phases,start] GC(1761) Compaction Phase
[210.088s][info][gc,phases      ] GC(1761) Compaction Phase 35.415ms
[210.088s][info][gc,phases,start] GC(1761) Post Compact
[210.096s][info][gc,phases      ] GC(1761) Post Compact 7.981ms
[210.096s][info][gc,heap        ] GC(1761) PSYoungGen: 235008K(466944K)->0K(466944K) Eden: 235008K(235008K)->0K(235008K) From: 0K(231936K)->0K(231936K)
[210.096s][info][gc,heap        ] GC(1761) ParOldGen: 1394883K(1398272K)->1378071K(1398272K)
[210.096s][info][gc,metaspace   ] GC(1761) Metaspace: 126115K(130432K)->126115K(130432K) NonClass: 108015K(108736K)->108015K(108736K) Class: 18099K(21696K)->18099K(21696K)
[210.096s][info][gc             ] GC(1761) Pause Full (Ergonomics) 1591M->1345M(1821M) 111.035ms
[210.096s][info][gc,cpu         ] GC(1761) User=2.55s Sys=0.03s Real=0.11s
[210.114s][info][gc,start       ] GC(1762) Pause Full (Ergonomics)
[210.114s][info][gc,phases,start] GC(1762) Marking Phase
[210.164s][info][gc,phases      ] GC(1762) Marking Phase 49.741ms
[210.164s][info][gc,phases,start] GC(1762) Summary Phase
[210.164s][info][gc,phases      ] GC(1762) Summary Phase 0.056ms
[210.164s][info][gc,phases,start] GC(1762) Adjust Roots
[210.183s][info][gc,phases      ] GC(1762) Adjust Roots 19.025ms
[210.183s][info][gc,phases,start] GC(1762) Compaction Phase
[210.217s][info][gc,phases      ] GC(1762) Compaction Phase 33.467ms
[210.217s][info][gc,phases,start] GC(1762) Post Compact
[210.225s][info][gc,phases      ] GC(1762) Post Compact 8.239ms
[210.225s][info][gc,heap        ] GC(1762) PSYoungGen: 235008K(466944K)->0K(466944K) Eden: 235008K(235008K)->0K(235008K) From: 0K(231936K)->0K(231936K)
[210.225s][info][gc,heap        ] GC(1762) ParOldGen: 1378071K(1398272K)->1329224K(1398272K)
[210.225s][info][gc,metaspace   ] GC(1762) Metaspace: 126115K(130432K)->126115K(130432K) NonClass: 108015K(108736K)->108015K(108736K) Class: 18099K(21696K)->18099K(21696K)
[210.225s][info][gc             ] GC(1762) Pause Full (Ergonomics) 1575M->1298M(1821M) 110.848ms
[210.225s][info][gc,cpu         ] GC(1762) User=2.05s Sys=0.02s Real=0.11s
[210.248s][info][gc,start       ] GC(1763) Pause Full (Ergonomics)
[210.248s][info][gc,phases,start] GC(1763) Marking Phase
[210.299s][info][gc,phases      ] GC(1763) Marking Phase 50.298ms
[210.299s][info][gc,phases,start] GC(1763) Summary Phase
[210.299s][info][gc,phases      ] GC(1763) Summary Phase 0.055ms
[210.299s][info][gc,phases,start] GC(1763) Adjust Roots
[210.312s][info][gc,phases      ] GC(1763) Adjust Roots 12.652ms
[210.312s][info][gc,phases,start] GC(1763) Compaction Phase
[210.339s][info][gc,phases      ] GC(1763) Compaction Phase 26.945ms
[210.339s][info][gc,phases,start] GC(1763) Post Compact
[210.348s][info][gc,phases      ] GC(1763) Post Compact 8.878ms
[210.348s][info][gc,heap        ] GC(1763) PSYoungGen: 235008K(466944K)->0K(466944K) Eden: 235008K(235008K)->0K(235008K) From: 0K(231936K)->0K(231936K)
[210.348s][info][gc,heap        ] GC(1763) ParOldGen: 1329224K(1398272K)->1268182K(1398272K)
[210.348s][info][gc,metaspace   ] GC(1763) Metaspace: 126115K(130432K)->126115K(130432K) NonClass: 108015K(108736K)->108015K(108736K) Class: 18099K(21696K)->18099K(21696K)
[210.348s][info][gc             ] GC(1763) Pause Full (Ergonomics) 1527M->1238M(1821M) 99.231ms
[210.348s][info][gc,cpu         ] GC(1763) User=1.64s Sys=0.00s Real=0.09s
[210.378s][info][gc,start       ] GC(1764) Pause Young (Allocation Failure)
[210.380s][info][gc,heap        ] GC(1764) PSYoungGen: 235008K(466944K)->1415K(464896K) Eden: 235008K(235008K)->0K(232960K) From: 0K(231936K)->1415K(231936K)
[210.380s][info][gc,heap        ] GC(1764) ParOldGen: 1268182K(1398272K)->1268182K(1398272K)
[210.380s][info][gc,metaspace   ] GC(1764) Metaspace: 126115K(130432K)->126115K(130432K) NonClass: 108015K(108736K)->108015K(108736K) Class: 18099K(21696K)->18099K(21696K)
[210.380s][info][gc             ] GC(1764) Pause Young (Allocation Failure) 1467M->1239M(1819M) 1.911ms
[210.380s][info][gc,cpu         ] GC(1764) User=0.00s Sys=0.00s Real=0.00s
[210.799s][info][gc,start       ] GC(1765) Pause Young (System.gc())
[210.801s][info][gc,heap        ] GC(1765) PSYoungGen: 90168K(464896K)->2045K(465920K) Eden: 88753K(232960K)->0K(232960K) From: 1415K(231936K)->2045K(232960K)
[210.801s][info][gc,heap        ] GC(1765) ParOldGen: 1268182K(1398272K)->1268182K(1398272K)
[210.801s][info][gc,metaspace   ] GC(1765) Metaspace: 126129K(130432K)->126129K(130432K) NonClass: 108030K(108736K)->108030K(108736K) Class: 18099K(21696K)->18099K(21696K)
[210.801s][info][gc             ] GC(1765) Pause Young (System.gc()) 1326M->1240M(1820M) 2.735ms
[210.801s][info][gc,cpu         ] GC(1765) User=0.00s Sys=0.00s Real=0.00s
[210.802s][info][gc,start       ] GC(1766) Pause Full (System.gc())
[210.802s][info][gc,phases,start] GC(1766) Marking Phase
[210.862s][info][gc,phases      ] GC(1766) Marking Phase 60.038ms
[210.862s][info][gc,phases,start] GC(1766) Summary Phase
[210.862s][info][gc,phases      ] GC(1766) Summary Phase 0.032ms
[210.862s][info][gc,phases,start] GC(1766) Adjust Roots
[210.875s][info][gc,phases      ] GC(1766) Adjust Roots 13.761ms
[210.875s][info][gc,phases,start] GC(1766) Compaction Phase
[210.956s][info][gc,phases      ] GC(1766) Compaction Phase 80.738ms
[210.956s][info][gc,phases,start] GC(1766) Post Compact
[210.963s][info][gc,phases      ] GC(1766) Post Compact 6.406ms
[210.963s][info][gc,heap        ] GC(1766) PSYoungGen: 2045K(465920K)->0K(465920K) Eden: 0K(232960K)->0K(232960K) From: 2045K(232960K)->0K(232960K)
[210.963s][info][gc,heap        ] GC(1766) ParOldGen: 1268182K(1398272K)->974804K(1398272K)
[210.963s][info][gc,metaspace   ] GC(1766) Metaspace: 126129K(130432K)->126129K(130432K) NonClass: 108030K(108736K)->108030K(108736K) Class: 18099K(21696K)->18099K(21696K)
[210.963s][info][gc             ] GC(1766) Pause Full (System.gc()) 1240M->951M(1820M) 161.269ms
[210.963s][info][gc,cpu         ] GC(1766) User=4.06s Sys=0.05s Real=0.16s
[211.049s][info][gc,start       ] GC(1767) Pause Young (Allocation Failure)
[211.051s][info][gc,heap        ] GC(1767) PSYoungGen: 232960K(465920K)->10920K(465920K) Eden: 232960K(232960K)->0K(232960K) From: 0K(232960K)->10920K(232960K)
[211.052s][info][gc,heap        ] GC(1767) ParOldGen: 974804K(1398272K)->974812K(1398272K)
[211.052s][info][gc,metaspace   ] GC(1767) Metaspace: 126197K(130496K)->126197K(130496K) NonClass: 108097K(108800K)->108097K(108800K) Class: 18099K(21696K)->18099K(21696K)
[211.052s][info][gc             ] GC(1767) Pause Young (Allocation Failure) 1179M->962M(1820M) 2.426ms
[211.052s][info][gc,cpu         ] GC(1767) User=0.00s Sys=0.00s Real=0.00s
[211.068s][info][gc,start       ] GC(1768) Pause Young (Allocation Failure)
[211.070s][info][gc,heap        ] GC(1768) PSYoungGen: 243880K(465920K)->11993K(465920K) Eden: 232960K(232960K)->0K(232960K) From: 10920K(232960K)->11993K(232960K)
[211.070s][info][gc,heap        ] GC(1768) ParOldGen: 974812K(1398272K)->974812K(1398272K)
[211.070s][info][gc,metaspace   ] GC(1768) Metaspace: 126197K(130496K)->126197K(130496K) NonClass: 108097K(108800K)->108097K(108800K) Class: 18099K(21696K)->18099K(21696K)
[211.070s][info][gc             ] GC(1768) Pause Young (Allocation Failure) 1190M->963M(1820M) 2.081ms
[211.070s][info][gc,cpu         ] GC(1768) User=0.00s Sys=0.00s Real=0.00s
[211.086s][info][gc,start       ] GC(1769) Pause Young (Allocation Failure)
[211.089s][info][gc,heap        ] GC(1769) PSYoungGen: 244953K(465920K)->14840K(456704K) Eden: 232960K(232960K)->0K(232960K) From: 11993K(232960K)->14840K(223744K)
[211.089s][info][gc,heap        ] GC(1769) ParOldGen: 974812K(1398272K)->974812K(1398272K)
[211.089s][info][gc,metaspace   ] GC(1769) Metaspace: 126197K(130496K)->126197K(130496K) NonClass: 108097K(108800K)->108097K(108800K) Class: 18099K(21696K)->18099K(21696K)
[211.089s][info][gc             ] GC(1769) Pause Young (Allocation Failure) 1191M->966M(1811M) 3.247ms
[211.089s][info][gc,cpu         ] GC(1769) User=0.02s Sys=0.00s Real=0.02s
[211.105s][info][gc,start       ] GC(1770) Pause Young (Allocation Failure)
[211.108s][info][gc,heap        ] GC(1770) PSYoungGen: 247800K(456704K)->17651K(461312K) Eden: 232960K(232960K)->0K(232960K) From: 14840K(223744K)->17651K(228352K)
[211.108s][info][gc,heap        ] GC(1770) ParOldGen: 974812K(1398272K)->974812K(1398272K)
[211.108s][info][gc,metaspace   ] GC(1770) Metaspace: 126197K(130496K)->126197K(130496K) NonClass: 108097K(108800K)->108097K(108800K) Class: 18099K(21696K)->18099K(21696K)
[211.108s][info][gc             ] GC(1770) Pause Young (Allocation Failure) 1193M->969M(1816M) 3.128ms
[211.108s][info][gc,cpu         ] GC(1770) User=0.00s Sys=0.00s Real=0.00s
[211.124s][info][gc,start       ] GC(1771) Pause Young (Allocation Failure)
[211.127s][info][gc,heap        ] GC(1771) PSYoungGen: 250611K(461312K)->20494K(444416K) Eden: 232960K(232960K)->0K(241152K) From: 17651K(228352K)->20494K(203264K)
[211.127s][info][gc,heap        ] GC(1771) ParOldGen: 974812K(1398272K)->974812K(1398272K)
[211.127s][info][gc,metaspace   ] GC(1771) Metaspace: 126197K(130496K)->126197K(130496K) NonClass: 108097K(108800K)->108097K(108800K) Class: 18099K(21696K)->18099K(21696K)
[211.127s][info][gc             ] GC(1771) Pause Young (Allocation Failure) 1196M->971M(1799M) 3.838ms
[211.127s][info][gc,cpu         ] GC(1771) User=0.00s Sys=0.00s Real=0.00s
[211.144s][info][gc,start       ] GC(1772) Pause Young (Allocation Failure)
[211.147s][info][gc,heap        ] GC(1772) PSYoungGen: 261646K(444416K)->21304K(262656K) Eden: 241152K(241152K)->0K(241152K) From: 20494K(203264K)->21304K(21504K)
[211.147s][info][gc,heap        ] GC(1772) ParOldGen: 974812K(1398272K)->974812K(1398272K)
[211.147s][info][gc,metaspace   ] GC(1772) Metaspace: 126197K(130496K)->126197K(130496K) NonClass: 108097K(108800K)->108097K(108800K) Class: 18099K(21696K)->18099K(21696K)
[211.147s][info][gc             ] GC(1772) Pause Young (Allocation Failure) 1207M->972M(1622M) 3.121ms
[211.147s][info][gc,cpu         ] GC(1772) User=0.00s Sys=0.00s Real=0.00s
[211.163s][info][gc,start       ] GC(1773) Pause Young (Allocation Failure)
[211.169s][info][gc,heap        ] GC(1773) PSYoungGen: 262456K(262656K)->31780K(431616K) Eden: 241152K(241152K)->0K(249344K) From: 21304K(21504K)->31780K(182272K)
[211.169s][info][gc,heap        ] GC(1773) ParOldGen: 974812K(1398272K)->974812K(1398272K)
[211.169s][info][gc,metaspace   ] GC(1773) Metaspace: 126197K(130496K)->126197K(130496K) NonClass: 108097K(108800K)->108097K(108800K) Class: 18099K(21696K)->18099K(21696K)
[211.169s][info][gc             ] GC(1773) Pause Young (Allocation Failure) 1208M->983M(1787M) 5.818ms
[211.169s][info][gc,cpu         ] GC(1773) User=0.02s Sys=0.02s Real=0.02s
[211.187s][info][gc,start       ] GC(1774) Pause Young (Allocation Failure)
[211.191s][info][gc,heap        ] GC(1774) PSYoungGen: 281124K(431616K)->28598K(278016K) Eden: 249344K(249344K)->0K(249344K) From: 31780K(182272K)->28598K(28672K)
[211.191s][info][gc,heap        ] GC(1774) ParOldGen: 974812K(1398272K)->974812K(1398272K)
[211.191s][info][gc,metaspace   ] GC(1774) Metaspace: 126197K(130496K)->126197K(130496K) NonClass: 108097K(108800K)->108097K(108800K) Class: 18099K(21696K)->18099K(21696K)
[211.191s][info][gc             ] GC(1774) Pause Young (Allocation Failure) 1226M->979M(1637M) 4.897ms
[211.192s][info][gc,cpu         ] GC(1774) User=0.00s Sys=0.00s Real=0.00s
[211.208s][info][gc,start       ] GC(1775) Pause Young (Allocation Failure)
[211.214s][info][gc,heap        ] GC(1775) PSYoungGen: 277942K(278016K)->33375K(420864K) Eden: 249344K(249344K)->0K(258048K) From: 28598K(28672K)->33375K(162816K)
[211.215s][info][gc,heap        ] GC(1775) ParOldGen: 974812K(1398272K)->974812K(1398272K)
[211.215s][info][gc,metaspace   ] GC(1775) Metaspace: 126197K(130496K)->126197K(130496K) NonClass: 108097K(108800K)->108097K(108800K) Class: 18099K(21696K)->18099K(21696K)
[211.215s][info][gc             ] GC(1775) Pause Young (Allocation Failure) 1223M->984M(1776M) 6.300ms
[211.215s][info][gc,cpu         ] GC(1775) User=0.00s Sys=0.02s Real=0.02s
[211.232s][info][gc,start       ] GC(1776) Pause Young (Allocation Failure)
[211.237s][info][gc,heap        ] GC(1776) PSYoungGen: 291423K(420864K)->34973K(293376K) Eden: 258048K(258048K)->0K(258048K) From: 33375K(162816K)->34973K(35328K)
[211.237s][info][gc,heap        ] GC(1776) ParOldGen: 974812K(1398272K)->974812K(1398272K)
[211.237s][info][gc,metaspace   ] GC(1776) Metaspace: 126197K(130496K)->126197K(130496K) NonClass: 108097K(108800K)->108097K(108800K) Class: 18099K(21696K)->18099K(21696K)
[211.237s][info][gc             ] GC(1776) Pause Young (Allocation Failure) 1236M->986M(1652M) 5.206ms
[211.237s][info][gc,cpu         ] GC(1776) User=0.00s Sys=0.00s Real=0.00s
[211.254s][info][gc,start       ] GC(1777) Pause Young (Allocation Failure)
[211.260s][info][gc,heap        ] GC(1777) PSYoungGen: 293021K(293376K)->34127K(411136K) Eden: 258048K(258048K)->0K(267264K) From: 34973K(35328K)->34127K(143872K)
[211.260s][info][gc,heap        ] GC(1777) ParOldGen: 974812K(1398272K)->974812K(1398272K)
[211.260s][info][gc,metaspace   ] GC(1777) Metaspace: 126197K(130496K)->126197K(130496K) NonClass: 108097K(108800K)->108097K(108800K) Class: 18099K(21696K)->18099K(21696K)
[211.260s][info][gc             ] GC(1777) Pause Young (Allocation Failure) 1238M->985M(1767M) 5.926ms
[211.260s][info][gc,cpu         ] GC(1777) User=0.00s Sys=0.00s Real=0.00s
[211.279s][info][gc,start       ] GC(1778) Pause Young (Allocation Failure)
[211.285s][info][gc,heap        ] GC(1778) PSYoungGen: 301391K(411136K)->42068K(420352K) Eden: 267264K(267264K)->0K(267264K) From: 34127K(143872K)->42068K(153088K)
[211.285s][info][gc,heap        ] GC(1778) ParOldGen: 974812K(1398272K)->974812K(1398272K)
[211.285s][info][gc,metaspace   ] GC(1778) Metaspace: 126197K(130496K)->126197K(130496K) NonClass: 108097K(108800K)->108097K(108800K) Class: 18099K(21696K)->18099K(21696K)
[211.285s][info][gc             ] GC(1778) Pause Young (Allocation Failure) 1246M->993M(1776M) 5.837ms
[211.285s][info][gc,cpu         ] GC(1778) User=0.00s Sys=0.00s Real=0.00s
[211.303s][info][gc,start       ] GC(1779) Pause Young (Allocation Failure)
[211.310s][info][gc,heap        ] GC(1779) PSYoungGen: 309332K(420352K)->46723K(401920K) Eden: 267264K(267264K)->0K(276992K) From: 42068K(153088K)->46723K(124928K)
[211.310s][info][gc,heap        ] GC(1779) ParOldGen: 974812K(1398272K)->974812K(1398272K)
[211.310s][info][gc,metaspace   ] GC(1779) Metaspace: 126197K(130496K)->126197K(130496K) NonClass: 108097K(108800K)->108097K(108800K) Class: 18099K(21696K)->18099K(21696K)
[211.310s][info][gc             ] GC(1779) Pause Young (Allocation Failure) 1254M->997M(1758M) 7.192ms
[211.310s][info][gc,cpu         ] GC(1779) User=0.20s Sys=0.03s Real=0.01s
[211.329s][info][gc,start       ] GC(1780) Pause Young (Allocation Failure)
[211.335s][info][gc,heap        ] GC(1780) PSYoungGen: 323715K(401920K)->51267K(411136K) Eden: 276992K(276992K)->0K(276992K) From: 46723K(124928K)->51267K(134144K)
[211.335s][info][gc,heap        ] GC(1780) ParOldGen: 974812K(1398272K)->974812K(1398272K)
[211.335s][info][gc,metaspace   ] GC(1780) Metaspace: 126197K(130496K)->126197K(130496K) NonClass: 108097K(108800K)->108097K(108800K) Class: 18099K(21696K)->18099K(21696K)
[211.336s][info][gc             ] GC(1780) Pause Young (Allocation Failure) 1268M->1002M(1767M) 6.299ms
[211.336s][info][gc,cpu         ] GC(1780) User=0.00s Sys=0.00s Real=0.01s
[211.354s][info][gc,start       ] GC(1781) Pause Young (Allocation Failure)
[211.361s][info][gc,heap        ] GC(1781) PSYoungGen: 328259K(411136K)->62342K(411648K) Eden: 276992K(276992K)->0K(288256K) From: 51267K(134144K)->62342K(123392K)
[211.361s][info][gc,heap        ] GC(1781) ParOldGen: 974812K(1398272K)->974812K(1398272K)
[211.361s][info][gc,metaspace   ] GC(1781) Metaspace: 126197K(130496K)->126197K(130496K) NonClass: 108097K(108800K)->108097K(108800K) Class: 18099K(21696K)->18099K(21696K)
[211.361s][info][gc             ] GC(1781) Pause Young (Allocation Failure) 1272M->1012M(1767M) 6.522ms
[211.361s][info][gc,cpu         ] GC(1781) User=0.00s Sys=0.00s Real=0.00s
[211.380s][info][gc,start       ] GC(1782) Pause Young (Allocation Failure)
[211.386s][info][gc,heap        ] GC(1782) PSYoungGen: 350598K(411648K)->49516K(413184K) Eden: 288256K(288256K)->0K(288256K) From: 62342K(123392K)->49516K(124928K)
[211.386s][info][gc,heap        ] GC(1782) ParOldGen: 974812K(1398272K)->983177K(1398272K)
[211.386s][info][gc,metaspace   ] GC(1782) Metaspace: 126197K(130496K)->126197K(130496K) NonClass: 108097K(108800K)->108097K(108800K) Class: 18099K(21696K)->18099K(21696K)
[211.386s][info][gc             ] GC(1782) Pause Young (Allocation Failure) 1294M->1008M(1769M) 6.394ms
[211.386s][info][gc,cpu         ] GC(1782) User=0.17s Sys=0.00s Real=0.02s
[211.405s][info][gc,start       ] GC(1783) Pause Young (Allocation Failure)
[211.413s][info][gc,heap        ] GC(1783) PSYoungGen: 337772K(413184K)->48641K(404992K) Eden: 288256K(288256K)->0K(300544K) From: 49516K(124928K)->48641K(104448K)
[211.413s][info][gc,heap        ] GC(1783) ParOldGen: 983177K(1398272K)->984107K(1398272K)
[211.413s][info][gc,metaspace   ] GC(1783) Metaspace: 126197K(130496K)->126197K(130496K) NonClass: 108097K(108800K)->108097K(108800K) Class: 18099K(21696K)->18099K(21696K)
[211.413s][info][gc             ] GC(1783) Pause Young (Allocation Failure) 1289M->1008M(1761M) 7.351ms
[211.413s][info][gc,cpu         ] GC(1783) User=0.00s Sys=0.00s Real=0.00s
[211.433s][info][gc,start       ] GC(1784) Pause Young (Allocation Failure)
[211.438s][info][gc,heap        ] GC(1784) PSYoungGen: 349185K(404992K)->47931K(411648K) Eden: 300544K(300544K)->0K(300544K) From: 48641K(104448K)->47931K(111104K)
[211.438s][info][gc,heap        ] GC(1784) ParOldGen: 984107K(1398272K)->984970K(1398272K)
[211.438s][info][gc,metaspace   ] GC(1784) Metaspace: 126197K(130496K)->126197K(130496K) NonClass: 108097K(108800K)->108097K(108800K) Class: 18099K(21696K)->18099K(21696K)
[211.438s][info][gc             ] GC(1784) Pause Young (Allocation Failure) 1302M->1008M(1767M) 5.158ms
[211.438s][info][gc,cpu         ] GC(1784) User=0.00s Sys=0.00s Real=0.00s
[211.458s][info][gc,start       ] GC(1785) Pause Young (Allocation Failure)
[211.464s][info][gc,heap        ] GC(1785) PSYoungGen: 348475K(411648K)->47931K(407040K) Eden: 300544K(300544K)->0K(313344K) From: 47931K(111104K)->47931K(93696K)
[211.464s][info][gc,heap        ] GC(1785) ParOldGen: 984970K(1398272K)->985111K(1398272K)
[211.465s][info][gc,metaspace   ] GC(1785) Metaspace: 126197K(130496K)->126197K(130496K) NonClass: 108097K(108800K)->108097K(108800K) Class: 18099K(21696K)->18099K(21696K)
[211.465s][info][gc             ] GC(1785) Pause Young (Allocation Failure) 1302M->1008M(1763M) 6.835ms
[211.465s][info][gc,cpu         ] GC(1785) User=0.00s Sys=0.02s Real=0.02s
[211.486s][info][gc,start       ] GC(1786) Pause Young (Allocation Failure)
[211.491s][info][gc,heap        ] GC(1786) PSYoungGen: 361275K(407040K)->47899K(412672K) Eden: 313344K(313344K)->0K(313344K) From: 47931K(93696K)->47899K(99328K)
[211.491s][info][gc,heap        ] GC(1786) ParOldGen: 985111K(1398272K)->985127K(1398272K)
[211.491s][info][gc,metaspace   ] GC(1786) Metaspace: 126197K(130496K)->126197K(130496K) NonClass: 108097K(108800K)->108097K(108800K) Class: 18099K(21696K)->18099K(21696K)
[211.491s][info][gc             ] GC(1786) Pause Young (Allocation Failure) 1314M->1008M(1768M) 5.389ms
[211.491s][info][gc,cpu         ] GC(1786) User=0.00s Sys=0.00s Real=0.00s
[211.526s][info][gc,start       ] GC(1787) Pause Young (Allocation Failure)
[211.533s][info][gc,heap        ] GC(1787) PSYoungGen: 361243K(412672K)->60367K(419328K) Eden: 313344K(313344K)->0K(325632K) From: 47899K(99328K)->60367K(93696K)
[211.533s][info][gc,heap        ] GC(1787) ParOldGen: 985127K(1398272K)->985127K(1398272K)
[211.533s][info][gc,metaspace   ] GC(1787) Metaspace: 126197K(130496K)->126197K(130496K) NonClass: 108097K(108800K)->108097K(108800K) Class: 18099K(21696K)->18099K(21696K)
[211.533s][info][gc             ] GC(1787) Pause Young (Allocation Failure) 1314M->1020M(1775M) 6.918ms
[211.533s][info][gc,cpu         ] GC(1787) User=0.00s Sys=0.00s Real=0.00s
[211.555s][info][gc,start       ] GC(1788) Pause Young (Allocation Failure)
[211.562s][info][gc,heap        ] GC(1788) PSYoungGen: 385999K(419328K)->72931K(419840K) Eden: 325632K(325632K)->0K(325632K) From: 60367K(93696K)->72931K(94208K)
[211.562s][info][gc,heap        ] GC(1788) ParOldGen: 985127K(1398272K)->985127K(1398272K)
[211.562s][info][gc,metaspace   ] GC(1788) Metaspace: 126197K(130496K)->126197K(130496K) NonClass: 108097K(108800K)->108097K(108800K) Class: 18099K(21696K)->18099K(21696K)
[211.562s][info][gc             ] GC(1788) Pause Young (Allocation Failure) 1338M->1033M(1775M) 7.495ms
[211.562s][info][gc,cpu         ] GC(1788) User=0.00s Sys=0.00s Real=0.00s
[211.596s][info][gc,start       ] GC(1789) Pause Young (Allocation Failure)
[211.606s][info][gc,heap        ] GC(1789) PSYoungGen: 398563K(419840K)->85399K(429568K) Eden: 325632K(325632K)->0K(331264K) From: 72931K(94208K)->85399K(98304K)
[211.606s][info][gc,heap        ] GC(1789) ParOldGen: 985127K(1398272K)->985127K(1398272K)
[211.606s][info][gc,metaspace   ] GC(1789) Metaspace: 126197K(130496K)->126197K(130496K) NonClass: 108097K(108800K)->108097K(108800K) Class: 18099K(21696K)->18099K(21696K)
[211.606s][info][gc             ] GC(1789) Pause Young (Allocation Failure) 1351M->1045M(1785M) 10.193ms
[211.606s][info][gc,cpu         ] GC(1789) User=0.00s Sys=0.00s Real=0.00s
[211.643s][info][gc,start       ] GC(1790) Pause Young (Allocation Failure)
[211.654s][info][gc,heap        ] GC(1790) PSYoungGen: 416663K(429568K)->104149K(437760K) Eden: 331264K(331264K)->0K(331264K) From: 85399K(98304K)->104149K(106496K)
[211.654s][info][gc,heap        ] GC(1790) ParOldGen: 985127K(1398272K)->994502K(1398272K)
[211.654s][info][gc,metaspace   ] GC(1790) Metaspace: 126197K(130496K)->126197K(130496K) NonClass: 108097K(108800K)->108097K(108800K) Class: 18099K(21696K)->18099K(21696K)
[211.654s][info][gc             ] GC(1790) Pause Young (Allocation Failure) 1368M->1072M(1793M) 11.385ms
[211.654s][info][gc,cpu         ] GC(1790) User=0.00s Sys=0.00s Real=0.00s
[211.677s][info][gc,start       ] GC(1791) Pause Young (Allocation Failure)
[211.690s][info][gc,heap        ] GC(1791) PSYoungGen: 435413K(437760K)->88556K(460800K) Eden: 331264K(331264K)->0K(341504K) From: 104149K(106496K)->88556K(119296K)
[211.690s][info][gc,heap        ] GC(1791) ParOldGen: 994502K(1398272K)->994502K(1398272K)
[211.690s][info][gc,metaspace   ] GC(1791) Metaspace: 126197K(130496K)->126197K(130496K) NonClass: 108097K(108800K)->108097K(108800K) Class: 18099K(21696K)->18099K(21696K)
[211.690s][info][gc             ] GC(1791) Pause Young (Allocation Failure) 1396M->1057M(1815M) 13.081ms
[211.690s][info][gc,cpu         ] GC(1791) User=0.00s Sys=0.02s Real=0.02s
[211.713s][info][gc,start       ] GC(1792) Pause Young (Allocation Failure)
[211.722s][info][gc,heap        ] GC(1792) PSYoungGen: 430060K(460800K)->92634K(465408K) Eden: 341504K(341504K)->0K(341504K) From: 88556K(119296K)->92634K(123904K)
[211.722s][info][gc,heap        ] GC(1792) ParOldGen: 994502K(1398272K)->994502K(1398272K)
[211.722s][info][gc,metaspace   ] GC(1792) Metaspace: 126197K(130496K)->126197K(130496K) NonClass: 108097K(108800K)->108097K(108800K) Class: 18099K(21696K)->18099K(21696K)
[211.722s][info][gc             ] GC(1792) Pause Young (Allocation Failure) 1391M->1061M(1820M) 9.712ms
[211.722s][info][gc,cpu         ] GC(1792) User=0.22s Sys=0.00s Real=0.02s
[211.756s][info][gc,start       ] GC(1793) Pause Young (Allocation Failure)
[211.773s][info][gc,heap        ] GC(1793) PSYoungGen: 434138K(465408K)->102906K(480768K) Eden: 341504K(341504K)->0K(351744K) From: 92634K(123904K)->102906K(129024K)
[211.773s][info][gc,heap        ] GC(1793) ParOldGen: 994502K(1398272K)->994502K(1398272K)
[211.773s][info][gc,metaspace   ] GC(1793) Metaspace: 126197K(130496K)->126197K(130496K) NonClass: 108097K(108800K)->108097K(108800K) Class: 18099K(21696K)->18099K(21696K)
[211.773s][info][gc             ] GC(1793) Pause Young (Allocation Failure) 1395M->1071M(1835M) 16.556ms
[211.773s][info][gc,cpu         ] GC(1793) User=0.02s Sys=0.03s Real=0.01s
[211.798s][info][gc,start       ] GC(1794) Pause Young (Allocation Failure)
[211.809s][info][gc,heap        ] GC(1794) PSYoungGen: 454650K(480768K)->113585K(488448K) Eden: 351744K(351744K)->0K(351744K) From: 102906K(129024K)->113585K(136704K)
[211.809s][info][gc,heap        ] GC(1794) ParOldGen: 994502K(1398272K)->994502K(1398272K)
[211.809s][info][gc,metaspace   ] GC(1794) Metaspace: 126197K(130496K)->126197K(130496K) NonClass: 108097K(108800K)->108097K(108800K) Class: 18099K(21696K)->18099K(21696K)
[211.809s][info][gc             ] GC(1794) Pause Young (Allocation Failure) 1415M->1082M(1842M) 11.498ms
[211.809s][info][gc,cpu         ] GC(1794) User=0.36s Sys=0.00s Real=0.02s
[211.834s][info][gc,start       ] GC(1795) Pause Young (Allocation Failure)
[211.856s][info][gc,heap        ] GC(1795) PSYoungGen: 465329K(488448K)->127615K(505344K) Eden: 351744K(351744K)->0K(359424K) From: 113585K(136704K)->127615K(145920K)
[211.856s][info][gc,heap        ] GC(1795) ParOldGen: 994502K(1398272K)->994502K(1398272K)
[211.856s][info][gc,metaspace   ] GC(1795) Metaspace: 126197K(130496K)->126197K(130496K) NonClass: 108097K(108800K)->108097K(108800K) Class: 18099K(21696K)->18099K(21696K)
[211.856s][info][gc             ] GC(1795) Pause Young (Allocation Failure) 1425M->1095M(1859M) 22.466ms
[211.856s][info][gc,cpu         ] GC(1795) User=0.33s Sys=0.19s Real=0.03s
[211.882s][info][gc,start       ] GC(1796) Pause Young (Allocation Failure)
[211.894s][info][gc,heap        ] GC(1796) PSYoungGen: 487039K(505344K)->132331K(518144K) Eden: 359424K(359424K)->0K(359424K) From: 127615K(145920K)->132331K(158720K)
[211.894s][info][gc,heap        ] GC(1796) ParOldGen: 994502K(1398272K)->994502K(1398272K)
[211.894s][info][gc,metaspace   ] GC(1796) Metaspace: 126197K(130496K)->126197K(130496K) NonClass: 108097K(108800K)->108097K(108800K) Class: 18099K(21696K)->18099K(21696K)
[211.894s][info][gc             ] GC(1796) Pause Young (Allocation Failure) 1446M->1100M(1871M) 12.585ms
[211.894s][info][gc,cpu         ] GC(1796) User=0.50s Sys=0.00s Real=0.02s
[211.918s][info][gc,start       ] GC(1797) Pause Young (Allocation Failure)
[211.933s][info][gc,heap        ] GC(1797) PSYoungGen: 491755K(518144K)->135185K(507904K) Eden: 359424K(359424K)->0K(337408K) From: 132331K(158720K)->135185K(170496K)
[211.933s][info][gc,heap        ] GC(1797) ParOldGen: 994502K(1398272K)->994502K(1398272K)
[211.933s][info][gc,metaspace   ] GC(1797) Metaspace: 126197K(130496K)->126197K(130496K) NonClass: 108097K(108800K)->108097K(108800K) Class: 18099K(21696K)->18099K(21696K)
[211.933s][info][gc             ] GC(1797) Pause Young (Allocation Failure) 1451M->1103M(1861M) 14.229ms
[211.933s][info][gc,cpu         ] GC(1797) User=0.00s Sys=0.00s Real=0.00s
[211.955s][info][gc,start       ] GC(1798) Pause Young (Allocation Failure)
[211.968s][info][gc,heap        ] GC(1798) PSYoungGen: 472593K(507904K)->138657K(476160K) Eden: 337408K(337408K)->0K(337408K) From: 135185K(170496K)->138657K(138752K)
[211.968s][info][gc,heap        ] GC(1798) ParOldGen: 994502K(1398272K)->994502K(1398272K)
[211.968s][info][gc,metaspace   ] GC(1798) Metaspace: 126197K(130496K)->126197K(130496K) NonClass: 108097K(108800K)->108097K(108800K) Class: 18099K(21696K)->18099K(21696K)
[211.968s][info][gc             ] GC(1798) Pause Young (Allocation Failure) 1432M->1106M(1830M) 12.891ms
[211.968s][info][gc,cpu         ] GC(1798) User=0.41s Sys=0.00s Real=0.02s
[211.990s][info][gc,start       ] GC(1799) Pause Young (Allocation Failure)
[212.004s][info][gc,heap        ] GC(1799) PSYoungGen: 476065K(476160K)->142941K(492544K) Eden: 337408K(337408K)->0K(302592K) From: 138657K(138752K)->142941K(189952K)
[212.004s][info][gc,heap        ] GC(1799) ParOldGen: 994502K(1398272K)->994502K(1398272K)
[212.004s][info][gc,metaspace   ] GC(1799) Metaspace: 126197K(130496K)->126197K(130496K) NonClass: 108097K(108800K)->108097K(108800K) Class: 18099K(21696K)->18099K(21696K)
[212.004s][info][gc             ] GC(1799) Pause Young (Allocation Failure) 1436M->1110M(1846M) 14.085ms
[212.004s][info][gc,cpu         ] GC(1799) User=0.52s Sys=0.00s Real=0.02s
[212.024s][info][gc,start       ] GC(1800) Pause Young (Allocation Failure)
[212.038s][info][gc,heap        ] GC(1800) PSYoungGen: 445533K(492544K)->145399K(448000K) Eden: 302592K(302592K)->0K(302592K) From: 142941K(189952K)->145399K(145408K)
[212.038s][info][gc,heap        ] GC(1800) ParOldGen: 994502K(1398272K)->994502K(1398272K)
[212.038s][info][gc,metaspace   ] GC(1800) Metaspace: 126197K(130496K)->126197K(130496K) NonClass: 108097K(108800K)->108097K(108800K) Class: 18099K(21696K)->18099K(21696K)
[212.038s][info][gc             ] GC(1800) Pause Young (Allocation Failure) 1406M->1113M(1803M) 13.843ms
[212.038s][info][gc,cpu         ] GC(1800) User=0.52s Sys=0.00s Real=0.02s
[212.057s][info][gc,start       ] GC(1801) Pause Young (Allocation Failure)
[212.072s][info][gc,heap        ] GC(1801) PSYoungGen: 447991K(448000K)->151521K(478208K) Eden: 302592K(302592K)->0K(272896K) From: 145399K(145408K)->151521K(205312K)
[212.072s][info][gc,heap        ] GC(1801) ParOldGen: 994502K(1398272K)->994502K(1398272K)
[212.072s][info][gc,metaspace   ] GC(1801) Metaspace: 126197K(130496K)->126197K(130496K) NonClass: 108097K(108800K)->108097K(108800K) Class: 18099K(21696K)->18099K(21696K)
[212.072s][info][gc             ] GC(1801) Pause Young (Allocation Failure) 1408M->1119M(1832M) 14.701ms
[212.072s][info][gc,cpu         ] GC(1801) User=0.52s Sys=0.00s Real=0.02s
[212.090s][info][gc,start       ] GC(1802) Pause Young (Allocation Failure)
[212.105s][info][gc,heap        ] GC(1802) PSYoungGen: 424417K(478208K)->154729K(428032K) Eden: 272896K(272896K)->0K(272896K) From: 151521K(205312K)->154729K(155136K)
[212.105s][info][gc,heap        ] GC(1802) ParOldGen: 994502K(1398272K)->994502K(1398272K)
[212.105s][info][gc,metaspace   ] GC(1802) Metaspace: 126197K(130496K)->126197K(130496K) NonClass: 108097K(108800K)->108097K(108800K) Class: 18099K(21696K)->18099K(21696K)
[212.105s][info][gc             ] GC(1802) Pause Young (Allocation Failure) 1385M->1122M(1783M) 14.433ms
[212.105s][info][gc,cpu         ] GC(1802) User=0.00s Sys=0.00s Real=0.00s
[212.123s][info][gc,start       ] GC(1803) Pause Young (Allocation Failure)
[212.138s][info][gc,heap        ] GC(1803) PSYoungGen: 427625K(428032K)->157816K(467968K) Eden: 272896K(272896K)->0K(248320K) From: 154729K(155136K)->157816K(219648K)
[212.138s][info][gc,heap        ] GC(1803) ParOldGen: 994502K(1398272K)->994510K(1398272K)
[212.138s][info][gc,metaspace   ] GC(1803) Metaspace: 126197K(130496K)->126197K(130496K) NonClass: 108097K(108800K)->108097K(108800K) Class: 18099K(21696K)->18099K(21696K)
[212.138s][info][gc             ] GC(1803) Pause Young (Allocation Failure) 1388M->1125M(1822M) 15.098ms
[212.138s][info][gc,cpu         ] GC(1803) User=0.27s Sys=0.00s Real=0.01s
[212.154s][info][gc,start       ] GC(1804) Pause Young (Allocation Failure)
[212.170s][info][gc,heap        ] GC(1804) PSYoungGen: 406136K(467968K)->160979K(409600K) Eden: 248320K(248320K)->0K(248320K) From: 157816K(219648K)->160979K(161280K)
[212.170s][info][gc,heap        ] GC(1804) ParOldGen: 994510K(1398272K)->994510K(1398272K)
[212.170s][info][gc,metaspace   ] GC(1804) Metaspace: 126197K(130496K)->126197K(130496K) NonClass: 108097K(108800K)->108097K(108800K) Class: 18099K(21696K)->18099K(21696K)
[212.170s][info][gc             ] GC(1804) Pause Young (Allocation Failure) 1367M->1128M(1765M) 16.105ms
[212.170s][info][gc,cpu         ] GC(1804) User=0.39s Sys=0.00s Real=0.02s
[212.187s][info][gc,start       ] GC(1805) Pause Young (Allocation Failure)
[212.202s][info][gc,heap        ] GC(1805) PSYoungGen: 409299K(409600K)->164110K(463360K) Eden: 248320K(248320K)->0K(232960K) From: 160979K(161280K)->164110K(230400K)
[212.202s][info][gc,heap        ] GC(1805) ParOldGen: 994510K(1398272K)->994510K(1398272K)
[212.202s][info][gc,metaspace   ] GC(1805) Metaspace: 126197K(130496K)->126197K(130496K) NonClass: 108097K(108800K)->108097K(108800K) Class: 18099K(21696K)->18099K(21696K)
[212.202s][info][gc             ] GC(1805) Pause Young (Allocation Failure) 1370M->1131M(1818M) 15.796ms
[212.202s][info][gc,cpu         ] GC(1805) User=0.39s Sys=0.02s Real=0.02s
[212.218s][info][gc,start       ] GC(1806) Pause Young (Allocation Failure)
[212.234s][info][gc,heap        ] GC(1806) PSYoungGen: 397070K(463360K)->167814K(465920K) Eden: 232960K(232960K)->0K(232960K) From: 164110K(230400K)->167814K(232960K)
[212.234s][info][gc,heap        ] GC(1806) ParOldGen: 994510K(1398272K)->998658K(1398272K)
[212.234s][info][gc,metaspace   ] GC(1806) Metaspace: 126197K(130496K)->126197K(130496K) NonClass: 108097K(108800K)->108097K(108800K) Class: 18099K(21696K)->18099K(21696K)
[212.234s][info][gc             ] GC(1806) Pause Young (Allocation Failure) 1358M->1139M(1820M) 16.652ms
[212.234s][info][gc,cpu         ] GC(1806) User=0.44s Sys=0.00s Real=0.02s
[212.249s][info][gc,start       ] GC(1807) Pause Young (Allocation Failure)
[212.266s][info][gc,heap        ] GC(1807) PSYoungGen: 400774K(465920K)->122466K(460800K) Eden: 232960K(232960K)->0K(232960K) From: 167814K(232960K)->122466K(227840K)
[212.266s][info][gc,heap        ] GC(1807) ParOldGen: 998658K(1398272K)->1044185K(1398272K)
[212.266s][info][gc,metaspace   ] GC(1807) Metaspace: 126197K(130496K)->126197K(130496K) NonClass: 108097K(108800K)->108097K(108800K) Class: 18099K(21696K)->18099K(21696K)
[212.266s][info][gc             ] GC(1807) Pause Young (Allocation Failure) 1366M->1139M(1815M) 16.575ms
[212.266s][info][gc,cpu         ] GC(1807) User=0.41s Sys=0.00s Real=0.01s
[212.281s][info][gc,start       ] GC(1808) Pause Young (Allocation Failure)
[212.292s][info][gc,heap        ] GC(1808) PSYoungGen: 355426K(460800K)->122492K(355840K) Eden: 232960K(232960K)->0K(232960K) From: 122466K(227840K)->122492K(122880K)
[212.292s][info][gc,heap        ] GC(1808) ParOldGen: 1044185K(1398272K)->1044185K(1398272K)
[212.292s][info][gc,metaspace   ] GC(1808) Metaspace: 126197K(130496K)->126197K(130496K) NonClass: 108097K(108800K)->108097K(108800K) Class: 18099K(21696K)->18099K(21696K)
[212.292s][info][gc             ] GC(1808) Pause Young (Allocation Failure) 1366M->1139M(1713M) 10.582ms
[212.292s][info][gc,cpu         ] GC(1808) User=0.00s Sys=0.00s Real=0.00s
[212.307s][info][gc,start       ] GC(1809) Pause Young (Allocation Failure)
[212.318s][info][gc,heap        ] GC(1809) PSYoungGen: 355452K(355840K)->122536K(467968K) Eden: 232960K(232960K)->0K(248320K) From: 122492K(122880K)->122536K(219648K)
[212.318s][info][gc,heap        ] GC(1809) ParOldGen: 1044185K(1398272K)->1044185K(1398272K)
[212.318s][info][gc,metaspace   ] GC(1809) Metaspace: 126197K(130496K)->126197K(130496K) NonClass: 108097K(108800K)->108097K(108800K) Class: 18099K(21696K)->18099K(21696K)
[212.318s][info][gc             ] GC(1809) Pause Young (Allocation Failure) 1366M->1139M(1822M) 11.698ms
[212.318s][info][gc,cpu         ] GC(1809) User=0.52s Sys=0.00s Real=0.02s
[212.334s][info][gc,start       ] GC(1810) Pause Young (Allocation Failure)
[212.346s][info][gc,heap        ] GC(1810) PSYoungGen: 370856K(467968K)->85523K(461824K) Eden: 248320K(248320K)->0K(248320K) From: 122536K(219648K)->85523K(213504K)
[212.346s][info][gc,heap        ] GC(1810) ParOldGen: 1044185K(1398272K)->1081434K(1398272K)
[212.346s][info][gc,metaspace   ] GC(1810) Metaspace: 126197K(130496K)->126197K(130496K) NonClass: 108097K(108800K)->108097K(108800K) Class: 18099K(21696K)->18099K(21696K)
[212.346s][info][gc             ] GC(1810) Pause Young (Allocation Failure) 1381M->1139M(1816M) 11.338ms
[212.346s][info][gc,cpu         ] GC(1810) User=0.52s Sys=0.00s Real=0.02s
[212.362s][info][gc,start       ] GC(1811) Pause Young (Allocation Failure)
[212.370s][info][gc,heap        ] GC(1811) PSYoungGen: 333843K(461824K)->52322K(474112K) Eden: 248320K(248320K)->0K(262144K) From: 85523K(213504K)->52322K(211968K)
[212.370s][info][gc,heap        ] GC(1811) ParOldGen: 1081434K(1398272K)->1114748K(1398272K)
[212.370s][info][gc,metaspace   ] GC(1811) Metaspace: 126197K(130496K)->126197K(130496K) NonClass: 108097K(108800K)->108097K(108800K) Class: 18099K(21696K)->18099K(21696K)
[212.370s][info][gc             ] GC(1811) Pause Young (Allocation Failure) 1382M->1139M(1828M) 8.697ms
[212.370s][info][gc,cpu         ] GC(1811) User=0.00s Sys=0.00s Real=0.00s
[212.388s][info][gc,start       ] GC(1812) Pause Young (Allocation Failure)
[212.394s][info][gc,heap        ] GC(1812) PSYoungGen: 314466K(474112K)->54181K(477696K) Eden: 262144K(262144K)->0K(262144K) From: 52322K(211968K)->54181K(215552K)
[212.394s][info][gc,heap        ] GC(1812) ParOldGen: 1114748K(1398272K)->1119283K(1398272K)
[212.394s][info][gc,metaspace   ] GC(1812) Metaspace: 126197K(130496K)->126197K(130496K) NonClass: 108097K(108800K)->108097K(108800K) Class: 18099K(21696K)->18099K(21696K)
[212.394s][info][gc             ] GC(1812) Pause Young (Allocation Failure) 1395M->1145M(1832M) 5.695ms
[212.394s][info][gc,cpu         ] GC(1812) User=0.00s Sys=0.00s Real=0.00s
[212.411s][info][gc,start       ] GC(1813) Pause Young (Allocation Failure)
[212.418s][info][gc,heap        ] GC(1813) PSYoungGen: 316325K(477696K)->57306K(481792K) Eden: 262144K(262144K)->0K(267264K) From: 54181K(215552K)->57306K(214528K)
[212.418s][info][gc,heap        ] GC(1813) ParOldGen: 1119283K(1398272K)->1119283K(1398272K)
[212.418s][info][gc,metaspace   ] GC(1813) Metaspace: 126197K(130496K)->126197K(130496K) NonClass: 108097K(108800K)->108097K(108800K) Class: 18099K(21696K)->18099K(21696K)
[212.418s][info][gc             ] GC(1813) Pause Young (Allocation Failure) 1401M->1149M(1836M) 6.336ms
[212.418s][info][gc,cpu         ] GC(1813) User=0.00s Sys=0.00s Real=0.00s
[212.450s][info][gc,start       ] GC(1814) Pause Young (Allocation Failure)
[212.459s][info][gc,heap        ] GC(1814) PSYoungGen: 324570K(481792K)->79149K(346624K) Eden: 267264K(267264K)->0K(267264K) From: 57306K(214528K)->79149K(79360K)
[212.459s][info][gc,heap        ] GC(1814) ParOldGen: 1119283K(1398272K)->1119283K(1398272K)
[212.459s][info][gc,metaspace   ] GC(1814) Metaspace: 126197K(130496K)->126197K(130496K) NonClass: 108097K(108800K)->108097K(108800K) Class: 18099K(21696K)->18099K(21696K)
[212.459s][info][gc             ] GC(1814) Pause Young (Allocation Failure) 1410M->1170M(1704M) 9.187ms
[212.459s][info][gc,cpu         ] GC(1814) User=0.00s Sys=0.00s Real=0.00s
[212.477s][info][gc,start       ] GC(1815) Pause Young (Allocation Failure)
[212.484s][info][gc,heap        ] GC(1815) PSYoungGen: 346413K(346624K)->66728K(482304K) Eden: 267264K(267264K)->0K(273920K) From: 79149K(79360K)->66728K(208384K)
[212.484s][info][gc,heap        ] GC(1815) ParOldGen: 1119283K(1398272K)->1119283K(1398272K)
[212.484s][info][gc,metaspace   ] GC(1815) Metaspace: 126197K(130496K)->126197K(130496K) NonClass: 108097K(108800K)->108097K(108800K) Class: 18099K(21696K)->18099K(21696K)
[212.484s][info][gc             ] GC(1815) Pause Young (Allocation Failure) 1431M->1158M(1836M) 7.236ms
[212.484s][info][gc,cpu         ] GC(1815) User=0.25s Sys=0.00s Real=0.02s
[212.512s][info][gc,start       ] GC(1816) Pause Young (Allocation Failure)
[212.522s][info][gc,heap        ] GC(1816) PSYoungGen: 340648K(482304K)->91640K(477696K) Eden: 273920K(273920K)->0K(273920K) From: 66728K(208384K)->91640K(203776K)
[212.522s][info][gc,heap        ] GC(1816) ParOldGen: 1119283K(1398272K)->1119283K(1398272K)
[212.522s][info][gc,metaspace   ] GC(1816) Metaspace: 126197K(130496K)->126197K(130496K) NonClass: 108097K(108800K)->108097K(108800K) Class: 18099K(21696K)->18099K(21696K)
[212.522s][info][gc             ] GC(1816) Pause Young (Allocation Failure) 1425M->1182M(1832M) 9.882ms
[212.522s][info][gc,cpu         ] GC(1816) User=0.00s Sys=0.00s Real=0.00s
[212.541s][info][gc,start       ] GC(1817) Pause Young (Allocation Failure)
[212.549s][info][gc,heap        ] GC(1817) PSYoungGen: 365560K(477696K)->91736K(472064K) Eden: 273920K(273920K)->0K(290304K) From: 91640K(203776K)->91736K(181760K)
[212.549s][info][gc,heap        ] GC(1817) ParOldGen: 1119283K(1398272K)->1119283K(1398272K)
[212.550s][info][gc,metaspace   ] GC(1817) Metaspace: 126197K(130496K)->126197K(130496K) NonClass: 108097K(108800K)->108097K(108800K) Class: 18099K(21696K)->18099K(21696K)
[212.550s][info][gc             ] GC(1817) Pause Young (Allocation Failure) 1450M->1182M(1826M) 8.924ms
[212.550s][info][gc,cpu         ] GC(1817) User=0.28s Sys=0.00s Real=0.02s
[212.574s][info][gc,start       ] GC(1818) Pause Young (Allocation Failure)
[212.585s][info][gc,heap        ] GC(1818) PSYoungGen: 382040K(472064K)->108306K(476672K) Eden: 290304K(290304K)->0K(290304K) From: 91736K(181760K)->108306K(186368K)
[212.585s][info][gc,heap        ] GC(1818) ParOldGen: 1119283K(1398272K)->1119283K(1398272K)
[212.585s][info][gc,metaspace   ] GC(1818) Metaspace: 126197K(130496K)->126197K(130496K) NonClass: 108097K(108800K)->108097K(108800K) Class: 18099K(21696K)->18099K(21696K)
[212.585s][info][gc             ] GC(1818) Pause Young (Allocation Failure) 1466M->1198M(1831M) 10.876ms
[212.585s][info][gc,cpu         ] GC(1818) User=0.00s Sys=0.00s Real=0.00s
[212.605s][info][gc,start       ] GC(1819) Pause Young (Allocation Failure)
[212.615s][info][gc,heap        ] GC(1819) PSYoungGen: 398610K(476672K)->96743K(474624K) Eden: 290304K(290304K)->0K(308224K) From: 108306K(186368K)->96743K(166400K)
[212.615s][info][gc,heap        ] GC(1819) ParOldGen: 1119283K(1398272K)->1119283K(1398272K)
[212.615s][info][gc,metaspace   ] GC(1819) Metaspace: 126197K(130496K)->126197K(130496K) NonClass: 108097K(108800K)->108097K(108800K) Class: 18099K(21696K)->18099K(21696K)
[212.616s][info][gc             ] GC(1819) Pause Young (Allocation Failure) 1482M->1187M(1829M) 10.006ms
[212.616s][info][gc,cpu         ] GC(1819) User=0.02s Sys=0.00s Real=0.02s
[212.637s][info][gc,start       ] GC(1820) Pause Young (Allocation Failure)
[212.648s][info][gc,heap        ] GC(1820) PSYoungGen: 404967K(474624K)->113665K(481792K) Eden: 308224K(308224K)->0K(308224K) From: 96743K(166400K)->113665K(173568K)
[212.648s][info][gc,heap        ] GC(1820) ParOldGen: 1119283K(1398272K)->1119283K(1398272K)
[212.648s][info][gc,metaspace   ] GC(1820) Metaspace: 126197K(130496K)->126197K(130496K) NonClass: 108097K(108800K)->108097K(108800K) Class: 18099K(21696K)->18099K(21696K)
[212.648s][info][gc             ] GC(1820) Pause Young (Allocation Failure) 1488M->1204M(1836M) 11.075ms
[212.648s][info][gc,cpu         ] GC(1820) User=0.11s Sys=0.00s Real=0.02s
[212.670s][info][gc,start       ] GC(1821) Pause Young (Allocation Failure)
[212.682s][info][gc,heap        ] GC(1821) PSYoungGen: 421889K(481792K)->116231K(498688K) Eden: 308224K(308224K)->0K(328192K) From: 113665K(173568K)->116231K(170496K)
[212.682s][info][gc,heap        ] GC(1821) ParOldGen: 1119283K(1398272K)->1119283K(1398272K)
[212.682s][info][gc,metaspace   ] GC(1821) Metaspace: 126197K(130496K)->126197K(130496K) NonClass: 108097K(108800K)->108097K(108800K) Class: 18099K(21696K)->18099K(21696K)
[212.682s][info][gc             ] GC(1821) Pause Young (Allocation Failure) 1505M->1206M(1852M) 11.682ms
[212.682s][info][gc,cpu         ] GC(1821) User=0.27s Sys=0.00s Real=0.02s
[212.705s][info][gc,start       ] GC(1822) Pause Young (Allocation Failure)
[212.717s][info][gc,heap        ] GC(1822) PSYoungGen: 444423K(498688K)->126439K(498688K) Eden: 328192K(328192K)->0K(328192K) From: 116231K(170496K)->126439K(170496K)
[212.717s][info][gc,heap        ] GC(1822) ParOldGen: 1119283K(1398272K)->1119283K(1398272K)
[212.717s][info][gc,metaspace   ] GC(1822) Metaspace: 126197K(130496K)->126197K(130496K) NonClass: 108097K(108800K)->108097K(108800K) Class: 18099K(21696K)->18099K(21696K)
[212.717s][info][gc             ] GC(1822) Pause Young (Allocation Failure) 1527M->1216M(1852M) 11.898ms
[212.717s][info][gc,cpu         ] GC(1822) User=0.20s Sys=0.00s Real=0.01s
[212.741s][info][gc,start       ] GC(1823) Pause Young (Allocation Failure)
[212.753s][info][gc,heap        ] GC(1823) PSYoungGen: 454631K(498688K)->132299K(518656K) Eden: 328192K(328192K)->0K(346112K) From: 126439K(170496K)->132299K(172544K)
[212.753s][info][gc,heap        ] GC(1823) ParOldGen: 1119283K(1398272K)->1119299K(1398272K)
[212.753s][info][gc,metaspace   ] GC(1823) Metaspace: 126197K(130496K)->126197K(130496K) NonClass: 108097K(108800K)->108097K(108800K) Class: 18099K(21696K)->18099K(21696K)
[212.753s][info][gc             ] GC(1823) Pause Young (Allocation Failure) 1537M->1222M(1872M) 12.736ms
[212.753s][info][gc,cpu         ] GC(1823) User=0.45s Sys=0.00s Real=0.02s
[212.778s][info][gc,start       ] GC(1824) Pause Young (Allocation Failure)
[212.791s][info][gc,heap        ] GC(1824) PSYoungGen: 478411K(518656K)->140577K(486912K) Eden: 346112K(346112K)->0K(346112K) From: 132299K(172544K)->140577K(140800K)
[212.791s][info][gc,heap        ] GC(1824) ParOldGen: 1119299K(1398272K)->1119299K(1398272K)
[212.791s][info][gc,metaspace   ] GC(1824) Metaspace: 126197K(130496K)->126197K(130496K) NonClass: 108097K(108800K)->108097K(108800K) Class: 18099K(21696K)->18099K(21696K)
[212.791s][info][gc             ] GC(1824) Pause Young (Allocation Failure) 1560M->1230M(1841M) 12.794ms
[212.791s][info][gc,cpu         ] GC(1824) User=0.39s Sys=0.00s Real=0.02s
[212.815s][info][gc,start       ] GC(1825) Pause Young (Allocation Failure)
[212.830s][info][gc,heap        ] GC(1825) PSYoungGen: 486689K(486912K)->144456K(505856K) Eden: 346112K(346112K)->0K(324096K) From: 140577K(140800K)->144456K(181760K)
[212.830s][info][gc,heap        ] GC(1825) ParOldGen: 1119299K(1398272K)->1119307K(1398272K)
[212.830s][info][gc,metaspace   ] GC(1825) Metaspace: 126197K(130496K)->126197K(130496K) NonClass: 108097K(108800K)->108097K(108800K) Class: 18099K(21696K)->18099K(21696K)
[212.830s][info][gc             ] GC(1825) Pause Young (Allocation Failure) 1568M->1234M(1859M) 14.960ms
[212.830s][info][gc,cpu         ] GC(1825) User=0.50s Sys=0.02s Real=0.02s
[212.850s][info][gc,start       ] GC(1826) Pause Young (Allocation Failure)
[212.864s][info][gc,heap        ] GC(1826) PSYoungGen: 468552K(505856K)->158445K(482816K) Eden: 324096K(324096K)->0K(324096K) From: 144456K(181760K)->158445K(158720K)
[212.864s][info][gc,heap        ] GC(1826) ParOldGen: 1119307K(1398272K)->1119307K(1398272K)
[212.864s][info][gc,metaspace   ] GC(1826) Metaspace: 126197K(130496K)->126197K(130496K) NonClass: 108097K(108800K)->108097K(108800K) Class: 18099K(21696K)->18099K(21696K)
[212.864s][info][gc             ] GC(1826) Pause Young (Allocation Failure) 1550M->1247M(1837M) 14.599ms
[212.864s][info][gc,cpu         ] GC(1826) User=0.52s Sys=0.00s Real=0.02s
[212.884s][info][gc,start       ] GC(1827) Pause Young (Allocation Failure)
[212.903s][info][gc,heap        ] GC(1827) PSYoungGen: 482541K(482816K)->170102K(479744K) Eden: 324096K(324096K)->0K(283136K) From: 158445K(158720K)->170102K(196608K)
[212.904s][info][gc,heap        ] GC(1827) ParOldGen: 1119307K(1398272K)->1119307K(1398272K)
[212.904s][info][gc,metaspace   ] GC(1827) Metaspace: 126197K(130496K)->126197K(130496K) NonClass: 108097K(108800K)->108097K(108800K) Class: 18099K(21696K)->18099K(21696K)
[212.904s][info][gc             ] GC(1827) Pause Young (Allocation Failure) 1564M->1259M(1834M) 19.310ms
[212.904s][info][gc,cpu         ] GC(1827) User=0.55s Sys=0.02s Real=0.02s
[212.921s][info][gc,start       ] GC(1828) Pause Young (Allocation Failure)
[212.936s][info][gc,heap        ] GC(1828) PSYoungGen: 453238K(479744K)->172171K(455680K) Eden: 283136K(283136K)->0K(283136K) From: 170102K(196608K)->172171K(172544K)
[212.936s][info][gc,heap        ] GC(1828) ParOldGen: 1119307K(1398272K)->1119355K(1398272K)
[212.936s][info][gc,metaspace   ] GC(1828) Metaspace: 126197K(130496K)->126197K(130496K) NonClass: 108097K(108800K)->108097K(108800K) Class: 18099K(21696K)->18099K(21696K)
[212.936s][info][gc             ] GC(1828) Pause Young (Allocation Failure) 1535M->1261M(1810M) 15.796ms
[212.936s][info][gc,cpu         ] GC(1828) User=0.52s Sys=0.00s Real=0.01s
[212.953s][info][gc,start       ] GC(1829) Pause Young (Allocation Failure)
[212.971s][info][gc,heap        ] GC(1829) PSYoungGen: 454400K(455680K)->193086K(451584K) Eden: 282228K(283136K)->0K(233984K) From: 172171K(172544K)->193086K(217600K)
[212.971s][info][gc,heap        ] GC(1829) ParOldGen: 1119355K(1398272K)->1119411K(1398272K)
[212.971s][info][gc,metaspace   ] GC(1829) Metaspace: 126197K(130496K)->126197K(130496K) NonClass: 108097K(108800K)->108097K(108800K) Class: 18099K(21696K)->18099K(21696K)
[212.971s][info][gc             ] GC(1829) Pause Young (Allocation Failure) 1536M->1281M(1806M) 18.113ms
[212.971s][info][gc,cpu         ] GC(1829) User=0.45s Sys=0.03s Real=0.02s
[212.986s][info][gc,start       ] GC(1830) Pause Young (Allocation Failure)
[213.006s][info][gc,heap        ] GC(1830) PSYoungGen: 427070K(451584K)->213651K(448000K) Eden: 233984K(233984K)->0K(233984K) From: 193086K(217600K)->213651K(214016K)
[213.006s][info][gc,heap        ] GC(1830) ParOldGen: 1119411K(1398272K)->1119491K(1398272K)
[213.006s][info][gc,metaspace   ] GC(1830) Metaspace: 126197K(130496K)->126197K(130496K) NonClass: 108097K(108800K)->108097K(108800K) Class: 18099K(21696K)->18099K(21696K)
[213.006s][info][gc             ] GC(1830) Pause Young (Allocation Failure) 1510M->1301M(1803M) 19.419ms
[213.006s][info][gc,cpu         ] GC(1830) User=0.52s Sys=0.00s Real=0.01s
[213.020s][info][gc,start       ] GC(1831) Pause Young (Allocation Failure)
[213.045s][info][gc,heap        ] GC(1831) PSYoungGen: 447635K(448000K)->225423K(465920K) Eden: 233984K(233984K)->0K(232960K) From: 213651K(214016K)->225423K(232960K)
[213.045s][info][gc,heap        ] GC(1831) ParOldGen: 1119491K(1398272K)->1119531K(1398272K)
[213.045s][info][gc,metaspace   ] GC(1831) Metaspace: 126197K(130496K)->126197K(130496K) NonClass: 108097K(108800K)->108097K(108800K) Class: 18099K(21696K)->18099K(21696K)
[213.045s][info][gc             ] GC(1831) Pause Young (Allocation Failure) 1530M->1313M(1820M) 24.595ms
[213.045s][info][gc,cpu         ] GC(1831) User=0.53s Sys=0.06s Real=0.03s
[213.058s][info][gc,start       ] GC(1832) Pause Young (Allocation Failure)
[213.077s][info][gc,heap        ] GC(1832) PSYoungGen: 455726K(465920K)->208121K(465920K) Eden: 230303K(232960K)->0K(232960K) From: 225423K(232960K)->208121K(232960K)
[213.077s][info][gc,heap        ] GC(1832) ParOldGen: 1119531K(1398272K)->1127820K(1398272K)
[213.077s][info][gc,metaspace   ] GC(1832) Metaspace: 126197K(130496K)->126197K(130496K) NonClass: 108097K(108800K)->108097K(108800K) Class: 18099K(21696K)->18099K(21696K)
[213.077s][info][gc             ] GC(1832) Pause Young (Allocation Failure) 1538M->1304M(1820M) 19.415ms
[213.077s][info][gc,cpu         ] GC(1832) User=0.89s Sys=0.02s Real=0.03s
[213.092s][info][gc,start       ] GC(1833) Pause Young (Allocation Failure)
[213.111s][info][gc,heap        ] GC(1833) PSYoungGen: 441081K(465920K)->152594K(465920K) Eden: 232960K(232960K)->0K(232960K) From: 208121K(232960K)->152594K(232960K)
[213.111s][info][gc,heap        ] GC(1833) ParOldGen: 1127820K(1398272K)->1177339K(1398272K)
[213.111s][info][gc,metaspace   ] GC(1833) Metaspace: 126197K(130496K)->126197K(130496K) NonClass: 108097K(108800K)->108097K(108800K) Class: 18099K(21696K)->18099K(21696K)
[213.112s][info][gc             ] GC(1833) Pause Young (Allocation Failure) 1532M->1298M(1820M) 19.853ms
[213.112s][info][gc,cpu         ] GC(1833) User=0.52s Sys=0.00s Real=0.02s
[213.124s][info][gc,start       ] GC(1834) Pause Young (Allocation Failure)
[213.138s][info][gc,heap        ] GC(1834) PSYoungGen: 385554K(465920K)->108952K(465920K) Eden: 232960K(232960K)->0K(232960K) From: 152594K(232960K)->108952K(232960K)
[213.138s][info][gc,heap        ] GC(1834) ParOldGen: 1177339K(1398272K)->1218795K(1398272K)
[213.138s][info][gc,metaspace   ] GC(1834) Metaspace: 126197K(130496K)->126197K(130496K) NonClass: 108097K(108800K)->108097K(108800K) Class: 18099K(21696K)->18099K(21696K)
[213.138s][info][gc             ] GC(1834) Pause Young (Allocation Failure) 1526M->1296M(1820M) 13.861ms
[213.138s][info][gc,cpu         ] GC(1834) User=0.39s Sys=0.00s Real=0.02s
[213.150s][info][gc,start       ] GC(1835) Pause Young (Allocation Failure)
[213.162s][info][gc,heap        ] GC(1835) PSYoungGen: 341912K(465920K)->95420K(465920K) Eden: 232960K(232960K)->0K(232960K) From: 108952K(232960K)->95420K(232960K)
[213.162s][info][gc,heap        ] GC(1835) ParOldGen: 1218795K(1398272K)->1244262K(1398272K)
[213.162s][info][gc,metaspace   ] GC(1835) Metaspace: 126197K(130496K)->126197K(130496K) NonClass: 108097K(108800K)->108097K(108800K) Class: 18099K(21696K)->18099K(21696K)
[213.162s][info][gc             ] GC(1835) Pause Young (Allocation Failure) 1524M->1308M(1820M) 11.471ms
[213.162s][info][gc,cpu         ] GC(1835) User=0.52s Sys=0.00s Real=0.02s
[213.174s][info][gc,start       ] GC(1836) Pause Young (Allocation Failure)
[213.184s][info][gc,heap        ] GC(1836) PSYoungGen: 328380K(465920K)->106590K(465920K) Eden: 232960K(232960K)->0K(232960K) From: 95420K(232960K)->106590K(232960K)
[213.184s][info][gc,heap        ] GC(1836) ParOldGen: 1244262K(1398272K)->1245484K(1398272K)
[213.184s][info][gc,metaspace   ] GC(1836) Metaspace: 126197K(130496K)->126197K(130496K) NonClass: 108097K(108800K)->108097K(108800K) Class: 18099K(21696K)->18099K(21696K)
[213.184s][info][gc             ] GC(1836) Pause Young (Allocation Failure) 1535M->1320M(1820M) 10.102ms
[213.184s][info][gc,cpu         ] GC(1836) User=0.20s Sys=0.00s Real=0.02s
[213.196s][info][gc,start       ] GC(1837) Pause Young (Allocation Failure)
[213.207s][info][gc,heap        ] GC(1837) PSYoungGen: 339550K(465920K)->111719K(465920K) Eden: 232960K(232960K)->0K(232960K) From: 106590K(232960K)->111719K(232960K)
[213.207s][info][gc,heap        ] GC(1837) ParOldGen: 1245484K(1398272K)->1247202K(1398272K)
[213.207s][info][gc,metaspace   ] GC(1837) Metaspace: 126197K(130496K)->126197K(130496K) NonClass: 108097K(108800K)->108097K(108800K) Class: 18099K(21696K)->18099K(21696K)
[213.207s][info][gc             ] GC(1837) Pause Young (Allocation Failure) 1547M->1327M(1820M) 10.644ms
[213.207s][info][gc,cpu         ] GC(1837) User=0.52s Sys=0.00s Real=0.01s
[213.219s][info][gc,start       ] GC(1838) Pause Young (Allocation Failure)
[213.231s][info][gc,heap        ] GC(1838) PSYoungGen: 344679K(465920K)->114923K(465920K) Eden: 232960K(232960K)->0K(232960K) From: 111719K(232960K)->114923K(232960K)
[213.231s][info][gc,heap        ] GC(1838) ParOldGen: 1247202K(1398272K)->1251546K(1398272K)
[213.231s][info][gc,metaspace   ] GC(1838) Metaspace: 126197K(130496K)->126197K(130496K) NonClass: 108097K(108800K)->108097K(108800K) Class: 18099K(21696K)->18099K(21696K)
[213.231s][info][gc             ] GC(1838) Pause Young (Allocation Failure) 1554M->1334M(1820M) 11.603ms
[213.231s][info][gc,cpu         ] GC(1838) User=0.11s Sys=0.00s Real=0.02s
[213.242s][info][gc,start       ] GC(1839) Pause Young (Allocation Failure)
[213.254s][info][gc,heap        ] GC(1839) PSYoungGen: 347883K(465920K)->87272K(465920K) Eden: 232960K(232960K)->0K(232960K) From: 114923K(232960K)->87272K(232960K)
[213.254s][info][gc,heap        ] GC(1839) ParOldGen: 1251546K(1398272K)->1289479K(1398272K)
[213.254s][info][gc,metaspace   ] GC(1839) Metaspace: 126197K(130496K)->126197K(130496K) NonClass: 108097K(108800K)->108097K(108800K) Class: 18099K(21696K)->18099K(21696K)
[213.254s][info][gc             ] GC(1839) Pause Young (Allocation Failure) 1561M->1344M(1820M) 11.750ms
[213.254s][info][gc,cpu         ] GC(1839) User=0.52s Sys=0.00s Real=0.01s
[213.265s][info][gc,start       ] GC(1840) Pause Young (Allocation Failure)
[213.275s][info][gc,heap        ] GC(1840) PSYoungGen: 320232K(465920K)->70232K(465920K) Eden: 232960K(232960K)->0K(232960K) From: 87272K(232960K)->70232K(232960K)
[213.275s][info][gc,heap        ] GC(1840) ParOldGen: 1289479K(1398272K)->1314498K(1398272K)
[213.275s][info][gc,metaspace   ] GC(1840) Metaspace: 126197K(130496K)->126197K(130496K) NonClass: 108097K(108800K)->108097K(108800K) Class: 18099K(21696K)->18099K(21696K)
[213.275s][info][gc             ] GC(1840) Pause Young (Allocation Failure) 1571M->1352M(1820M) 9.291ms
[213.275s][info][gc,cpu         ] GC(1840) User=0.00s Sys=0.00s Real=0.00s
[213.286s][info][gc,start       ] GC(1841) Pause Young (Allocation Failure)
[213.295s][info][gc,heap        ] GC(1841) PSYoungGen: 303192K(465920K)->76804K(465920K) Eden: 232960K(232960K)->0K(232960K) From: 70232K(232960K)->76804K(232960K)
[213.295s][info][gc,heap        ] GC(1841) ParOldGen: 1314498K(1398272K)->1329301K(1398272K)
[213.295s][info][gc,metaspace   ] GC(1841) Metaspace: 126197K(130496K)->126197K(130496K) NonClass: 108097K(108800K)->108097K(108800K) Class: 18099K(21696K)->18099K(21696K)
[213.295s][info][gc             ] GC(1841) Pause Young (Allocation Failure) 1579M->1373M(1820M) 8.638ms
[213.295s][info][gc,cpu         ] GC(1841) User=0.22s Sys=0.00s Real=0.02s
[213.308s][info][gc,start       ] GC(1842) Pause Young (Allocation Failure)
[213.315s][info][gc,heap        ] GC(1842) PSYoungGen: 309764K(465920K)->82039K(465920K) Eden: 232960K(232960K)->0K(232960K) From: 76804K(232960K)->82039K(232960K)
[213.315s][info][gc,heap        ] GC(1842) ParOldGen: 1329301K(1398272K)->1335751K(1398272K)
[213.315s][info][gc,metaspace   ] GC(1842) Metaspace: 126197K(130496K)->126197K(130496K) NonClass: 108097K(108800K)->108097K(108800K) Class: 18099K(21696K)->18099K(21696K)
[213.315s][info][gc             ] GC(1842) Pause Young (Allocation Failure) 1600M->1384M(1820M) 6.860ms
[213.315s][info][gc,cpu         ] GC(1842) User=0.52s Sys=0.00s Real=0.02s
[213.327s][info][gc,start       ] GC(1843) Pause Young (Allocation Failure)
[213.335s][info][gc,heap        ] GC(1843) PSYoungGen: 314999K(465920K)->59148K(462848K) Eden: 232960K(232960K)->0K(232960K) From: 82039K(232960K)->59148K(229888K)
[213.335s][info][gc,heap        ] GC(1843) ParOldGen: 1335751K(1398272K)->1377487K(1398272K)
[213.335s][info][gc,metaspace   ] GC(1843) Metaspace: 126197K(130496K)->126197K(130496K) NonClass: 108097K(108800K)->108097K(108800K) Class: 18099K(21696K)->18099K(21696K)
[213.335s][info][gc             ] GC(1843) Pause Young (Allocation Failure) 1612M->1402M(1817M) 8.531ms
[213.335s][info][gc,cpu         ] GC(1843) User=0.00s Sys=0.00s Real=0.00s
[213.335s][info][gc,start       ] GC(1844) Pause Full (Ergonomics)
[213.335s][info][gc,phases,start] GC(1844) Marking Phase
[213.388s][info][gc,phases      ] GC(1844) Marking Phase 52.955ms
[213.388s][info][gc,phases,start] GC(1844) Summary Phase
[213.389s][info][gc,phases      ] GC(1844) Summary Phase 0.056ms
[213.389s][info][gc,phases,start] GC(1844) Adjust Roots
[213.407s][info][gc,phases      ] GC(1844) Adjust Roots 18.013ms
[213.407s][info][gc,phases,start] GC(1844) Compaction Phase
[213.433s][info][gc,phases      ] GC(1844) Compaction Phase 26.842ms
[213.433s][info][gc,phases,start] GC(1844) Post Compact
[213.441s][info][gc,phases      ] GC(1844) Post Compact 7.400ms
[213.441s][info][gc,heap        ] GC(1844) PSYoungGen: 59148K(462848K)->0K(464384K) Eden: 0K(232960K)->0K(232960K) From: 59148K(229888K)->0K(231424K)
[213.441s][info][gc,heap        ] GC(1844) ParOldGen: 1377487K(1398272K)->1255001K(1398272K)
[213.441s][info][gc,metaspace   ] GC(1844) Metaspace: 126197K(130496K)->126197K(130496K) NonClass: 108097K(108800K)->108097K(108800K) Class: 18099K(21696K)->18099K(21696K)
[213.441s][info][gc             ] GC(1844) Pause Full (Ergonomics) 1402M->1225M(1819M) 105.595ms
[213.441s][info][gc,cpu         ] GC(1844) User=2.08s Sys=0.02s Real=0.11s
[213.457s][info][gc,start       ] GC(1845) Pause Young (Allocation Failure)
[213.463s][info][gc,heap        ] GC(1845) PSYoungGen: 232960K(464384K)->48035K(465408K) Eden: 232960K(232960K)->0K(236032K) From: 0K(231424K)->48035K(229376K)
[213.463s][info][gc,heap        ] GC(1845) ParOldGen: 1255001K(1398272K)->1255001K(1398272K)
[213.463s][info][gc,metaspace   ] GC(1845) Metaspace: 126198K(130496K)->126198K(130496K) NonClass: 108098K(108800K)->108098K(108800K) Class: 18099K(21696K)->18099K(21696K)
[213.463s][info][gc             ] GC(1845) Pause Young (Allocation Failure) 1453M->1272M(1820M) 5.649ms
[213.463s][info][gc,cpu         ] GC(1845) User=0.00s Sys=0.02s Real=0.00s
[213.476s][info][gc,start       ] GC(1846) Pause Young (Allocation Failure)
[213.486s][info][gc,heap        ] GC(1846) PSYoungGen: 284067K(465408K)->85608K(322048K) Eden: 236032K(236032K)->0K(236032K) From: 48035K(229376K)->85608K(86016K)
[213.486s][info][gc,heap        ] GC(1846) ParOldGen: 1255001K(1398272K)->1255001K(1398272K)
[213.486s][info][gc,metaspace   ] GC(1846) Metaspace: 126198K(130496K)->126198K(130496K) NonClass: 108098K(108800K)->108098K(108800K) Class: 18099K(21696K)->18099K(21696K)
[213.486s][info][gc             ] GC(1846) Pause Young (Allocation Failure) 1502M->1309M(1680M) 9.931ms
[213.486s][info][gc,cpu         ] GC(1846) User=0.00s Sys=0.00s Real=0.00s
[213.499s][info][gc,start       ] GC(1847) Pause Young (Allocation Failure)
[213.511s][info][gc,heap        ] GC(1847) PSYoungGen: 321640K(322048K)->109588K(465920K) Eden: 236032K(236032K)->0K(248320K) From: 85608K(86016K)->109588K(217600K)
[213.511s][info][gc,heap        ] GC(1847) ParOldGen: 1255001K(1398272K)->1255001K(1398272K)
[213.511s][info][gc,metaspace   ] GC(1847) Metaspace: 126198K(130496K)->126198K(130496K) NonClass: 108098K(108800K)->108098K(108800K) Class: 18099K(21696K)->18099K(21696K)
[213.511s][info][gc             ] GC(1847) Pause Young (Allocation Failure) 1539M->1332M(1820M) 12.052ms
[213.511s][info][gc,cpu         ] GC(1847) User=0.48s Sys=0.02s Real=0.02s
[213.524s][info][gc,start       ] GC(1848) Pause Young (Allocation Failure)
[213.535s][info][gc,heap        ] GC(1848) PSYoungGen: 357908K(465920K)->124555K(460288K) Eden: 248320K(248320K)->0K(248320K) From: 109588K(217600K)->124555K(211968K)
[213.535s][info][gc,heap        ] GC(1848) ParOldGen: 1255001K(1398272K)->1255001K(1398272K)
[213.535s][info][gc,metaspace   ] GC(1848) Metaspace: 126198K(130496K)->126198K(130496K) NonClass: 108098K(108800K)->108098K(108800K) Class: 18099K(21696K)->18099K(21696K)
[213.535s][info][gc             ] GC(1848) Pause Young (Allocation Failure) 1575M->1347M(1815M) 11.296ms
[213.535s][info][gc,cpu         ] GC(1848) User=0.00s Sys=0.00s Real=0.00s
[213.547s][info][gc,start       ] GC(1849) Pause Young (Allocation Failure)
[213.560s][info][gc,heap        ] GC(1849) PSYoungGen: 372875K(460288K)->130075K(475648K) Eden: 248320K(248320K)->0K(268800K) From: 124555K(211968K)->130075K(206848K)
[213.560s][info][gc,heap        ] GC(1849) ParOldGen: 1255001K(1398272K)->1255001K(1398272K)
[213.560s][info][gc,metaspace   ] GC(1849) Metaspace: 126198K(130496K)->126198K(130496K) NonClass: 108098K(108800K)->108098K(108800K) Class: 18099K(21696K)->18099K(21696K)
[213.560s][info][gc             ] GC(1849) Pause Young (Allocation Failure) 1589M->1352M(1830M) 12.255ms
[213.560s][info][gc,cpu         ] GC(1849) User=0.52s Sys=0.00s Real=0.01s
[213.573s][info][gc,start       ] GC(1850) Pause Young (Allocation Failure)
[213.586s][info][gc,heap        ] GC(1850) PSYoungGen: 398875K(475648K)->141825K(476160K) Eden: 268800K(268800K)->0K(268800K) From: 130075K(206848K)->141825K(207360K)
[213.586s][info][gc,heap        ] GC(1850) ParOldGen: 1255001K(1398272K)->1255001K(1398272K)
[213.586s][info][gc,metaspace   ] GC(1850) Metaspace: 126198K(130496K)->126198K(130496K) NonClass: 108098K(108800K)->108098K(108800K) Class: 18099K(21696K)->18099K(21696K)
[213.587s][info][gc             ] GC(1850) Pause Young (Allocation Failure) 1615M->1364M(1830M) 13.470ms
[213.587s][info][gc,cpu         ] GC(1850) User=0.52s Sys=0.00s Real=0.02s
[213.600s][info][gc,start       ] GC(1851) Pause Young (Allocation Failure)
[213.615s][info][gc,heap        ] GC(1851) PSYoungGen: 410625K(476160K)->164116K(469504K) Eden: 268800K(268800K)->0K(259584K) From: 141825K(207360K)->164116K(209920K)
[213.615s][info][gc,heap        ] GC(1851) ParOldGen: 1255001K(1398272K)->1255001K(1398272K)
[213.615s][info][gc,metaspace   ] GC(1851) Metaspace: 126198K(130496K)->126198K(130496K) NonClass: 108098K(108800K)->108098K(108800K) Class: 18099K(21696K)->18099K(21696K)
[213.615s][info][gc             ] GC(1851) Pause Young (Allocation Failure) 1626M->1385M(1824M) 15.424ms
[213.615s][info][gc,cpu         ] GC(1851) User=0.31s Sys=0.00s Real=0.02s
[213.628s][info][gc,start       ] GC(1852) Pause Young (Allocation Failure)
[213.644s][info][gc,heap        ] GC(1852) PSYoungGen: 423700K(469504K)->169572K(429568K) Eden: 259584K(259584K)->0K(259584K) From: 164116K(209920K)->169572K(169984K)
[213.644s][info][gc,heap        ] GC(1852) ParOldGen: 1255001K(1398272K)->1255001K(1398272K)
[213.644s][info][gc,metaspace   ] GC(1852) Metaspace: 126198K(130496K)->126198K(130496K) NonClass: 108098K(108800K)->108098K(108800K) Class: 18099K(21696K)->18099K(21696K)
[213.644s][info][gc             ] GC(1852) Pause Young (Allocation Failure) 1639M->1391M(1785M) 15.290ms
[213.644s][info][gc,cpu         ] GC(1852) User=0.52s Sys=0.00s Real=0.02s
[213.658s][info][gc,start       ] GC(1853) Pause Young (Allocation Failure)
[213.675s][info][gc,heap        ] GC(1853) PSYoungGen: 429156K(429568K)->186750K(461824K) Eden: 259584K(259584K)->0K(232960K) From: 169572K(169984K)->186750K(228864K)
[213.675s][info][gc,heap        ] GC(1853) ParOldGen: 1255001K(1398272K)->1255001K(1398272K)
[213.675s][info][gc,metaspace   ] GC(1853) Metaspace: 126198K(130496K)->126198K(130496K) NonClass: 108098K(108800K)->108098K(108800K) Class: 18099K(21696K)->18099K(21696K)
[213.676s][info][gc             ] GC(1853) Pause Young (Allocation Failure) 1644M->1407M(1816M) 17.883ms
[213.676s][info][gc,cpu         ] GC(1853) User=0.52s Sys=0.00s Real=0.02s
[213.689s][info][gc,start       ] GC(1854) Pause Young (Allocation Failure)
[213.708s][info][gc,heap        ] GC(1854) PSYoungGen: 419710K(461824K)->194557K(465920K) Eden: 232960K(232960K)->0K(232960K) From: 186750K(228864K)->194557K(232960K)
[213.708s][info][gc,heap        ] GC(1854) ParOldGen: 1255001K(1398272K)->1255001K(1398272K)
[213.708s][info][gc,metaspace   ] GC(1854) Metaspace: 126198K(130496K)->126198K(130496K) NonClass: 108098K(108800K)->108098K(108800K) Class: 18099K(21696K)->18099K(21696K)
[213.708s][info][gc             ] GC(1854) Pause Young (Allocation Failure) 1635M->1415M(1820M) 18.879ms
[213.708s][info][gc,cpu         ] GC(1854) User=0.75s Sys=0.03s Real=0.03s
[213.720s][info][gc,start       ] GC(1855) Pause Young (Allocation Failure)
[213.738s][info][gc,heap        ] GC(1855) PSYoungGen: 427517K(465920K)->127521K(465920K) Eden: 232960K(232960K)->0K(232960K) From: 194557K(232960K)->127521K(232960K)
[213.738s][info][gc,heap        ] GC(1855) ParOldGen: 1255001K(1398272K)->1316864K(1398272K)
[213.738s][info][gc,metaspace   ] GC(1855) Metaspace: 126198K(130496K)->126198K(130496K) NonClass: 108098K(108800K)->108098K(108800K) Class: 18099K(21696K)->18099K(21696K)
[213.738s][info][gc             ] GC(1855) Pause Young (Allocation Failure) 1643M->1410M(1820M) 18.038ms
[213.738s][info][gc,cpu         ] GC(1855) User=0.52s Sys=0.00s Real=0.01s
[213.750s][info][gc,start       ] GC(1856) Pause Young (Allocation Failure)
[213.762s][info][gc,heap        ] GC(1856) PSYoungGen: 359362K(465920K)->104175K(465920K) Eden: 231841K(232960K)->0K(232960K) From: 127521K(232960K)->104175K(232960K)
[213.762s][info][gc,heap        ] GC(1856) ParOldGen: 1316864K(1398272K)->1341787K(1398272K)
[213.762s][info][gc,metaspace   ] GC(1856) Metaspace: 126198K(130496K)->126198K(130496K) NonClass: 108098K(108800K)->108098K(108800K) Class: 18099K(21696K)->18099K(21696K)
[213.762s][info][gc             ] GC(1856) Pause Young (Allocation Failure) 1636M->1412M(1820M) 12.060ms
[213.762s][info][gc,cpu         ] GC(1856) User=0.52s Sys=0.00s Real=0.02s
[213.762s][info][gc,start       ] GC(1857) Pause Full (Ergonomics)
[213.762s][info][gc,phases,start] GC(1857) Marking Phase
[213.811s][info][gc,phases      ] GC(1857) Marking Phase 48.585ms
[213.811s][info][gc,phases,start] GC(1857) Summary Phase
[213.811s][info][gc,phases      ] GC(1857) Summary Phase 0.063ms
[213.811s][info][gc,phases,start] GC(1857) Adjust Roots
[213.824s][info][gc,phases      ] GC(1857) Adjust Roots 13.097ms
[213.824s][info][gc,phases,start] GC(1857) Compaction Phase
[213.845s][info][gc,phases      ] GC(1857) Compaction Phase 21.191ms
[213.845s][info][gc,phases,start] GC(1857) Post Compact
[213.853s][info][gc,phases      ] GC(1857) Post Compact 8.064ms
[213.853s][info][gc,heap        ] GC(1857) PSYoungGen: 104175K(465920K)->0K(465920K) Eden: 0K(232960K)->0K(232960K) From: 104175K(232960K)->0K(232960K)
[213.853s][info][gc,heap        ] GC(1857) ParOldGen: 1341787K(1398272K)->1307808K(1398272K)
[213.853s][info][gc,metaspace   ] GC(1857) Metaspace: 126198K(130496K)->126198K(130496K) NonClass: 108098K(108800K)->108098K(108800K) Class: 18099K(21696K)->18099K(21696K)
[213.853s][info][gc             ] GC(1857) Pause Full (Ergonomics) 1412M->1277M(1820M) 91.397ms
[213.854s][info][gc,cpu         ] GC(1857) User=1.59s Sys=0.00s Real=0.09s
[213.869s][info][gc,start       ] GC(1858) Pause Young (Allocation Failure)
[213.874s][info][gc,heap        ] GC(1858) PSYoungGen: 232960K(465920K)->43760K(465920K) Eden: 232960K(232960K)->0K(232960K) From: 0K(232960K)->43760K(232960K)
[213.874s][info][gc,heap        ] GC(1858) ParOldGen: 1307808K(1398272K)->1307808K(1398272K)
[213.874s][info][gc,metaspace   ] GC(1858) Metaspace: 126198K(130496K)->126198K(130496K) NonClass: 108098K(108800K)->108098K(108800K) Class: 18099K(21696K)->18099K(21696K)
[213.874s][info][gc             ] GC(1858) Pause Young (Allocation Failure) 1504M->1319M(1820M) 5.143ms
[213.874s][info][gc,cpu         ] GC(1858) User=0.00s Sys=0.00s Real=0.00s
[213.887s][info][gc,start       ] GC(1859) Pause Young (Allocation Failure)
[213.894s][info][gc,heap        ] GC(1859) PSYoungGen: 276720K(465920K)->63338K(465920K) Eden: 232960K(232960K)->0K(232960K) From: 43760K(232960K)->63338K(232960K)
[213.894s][info][gc,heap        ] GC(1859) ParOldGen: 1307808K(1398272K)->1307808K(1398272K)
[213.894s][info][gc,metaspace   ] GC(1859) Metaspace: 126198K(130496K)->126198K(130496K) NonClass: 108098K(108800K)->108098K(108800K) Class: 18099K(21696K)->18099K(21696K)
[213.894s][info][gc             ] GC(1859) Pause Young (Allocation Failure) 1547M->1339M(1820M) 6.609ms
[213.894s][info][gc,cpu         ] GC(1859) User=0.00s Sys=0.00s Real=0.00s
[213.905s][info][gc,start       ] GC(1860) Pause Young (Allocation Failure)
[213.914s][info][gc,heap        ] GC(1860) PSYoungGen: 296298K(465920K)->80091K(465920K) Eden: 232960K(232960K)->0K(232960K) From: 63338K(232960K)->80091K(232960K)
[213.914s][info][gc,heap        ] GC(1860) ParOldGen: 1307808K(1398272K)->1307808K(1398272K)
[213.914s][info][gc,metaspace   ] GC(1860) Metaspace: 126198K(130496K)->126198K(130496K) NonClass: 108098K(108800K)->108098K(108800K) Class: 18099K(21696K)->18099K(21696K)
[213.914s][info][gc             ] GC(1860) Pause Young (Allocation Failure) 1566M->1355M(1820M) 8.381ms
[213.914s][info][gc,cpu         ] GC(1860) User=0.30s Sys=0.00s Real=0.02s
[213.926s][info][gc,start       ] GC(1861) Pause Young (Allocation Failure)
[213.935s][info][gc,heap        ] GC(1861) PSYoungGen: 313051K(465920K)->88458K(453632K) Eden: 232960K(232960K)->0K(232960K) From: 80091K(232960K)->88458K(220672K)
[213.935s][info][gc,heap        ] GC(1861) ParOldGen: 1307808K(1398272K)->1307808K(1398272K)
[213.935s][info][gc,metaspace   ] GC(1861) Metaspace: 126198K(130496K)->126198K(130496K) NonClass: 108098K(108800K)->108098K(108800K) Class: 18099K(21696K)->18099K(21696K)
[213.935s][info][gc             ] GC(1861) Pause Young (Allocation Failure) 1582M->1363M(1808M) 9.793ms
[213.935s][info][gc,cpu         ] GC(1861) User=0.02s Sys=0.00s Real=0.01s
[213.947s][info][gc,start       ] GC(1862) Pause Young (Allocation Failure)
[213.957s][info][gc,heap        ] GC(1862) PSYoungGen: 318201K(453632K)->103346K(459776K) Eden: 229743K(232960K)->0K(232960K) From: 88458K(220672K)->103346K(226816K)
[213.957s][info][gc,heap        ] GC(1862) ParOldGen: 1307808K(1398272K)->1307808K(1398272K)
[213.957s][info][gc,metaspace   ] GC(1862) Metaspace: 126198K(130496K)->126198K(130496K) NonClass: 108098K(108800K)->108098K(108800K) Class: 18099K(21696K)->18099K(21696K)
[213.957s][info][gc             ] GC(1862) Pause Young (Allocation Failure) 1587M->1378M(1814M) 9.788ms
[213.957s][info][gc,cpu         ] GC(1862) User=0.02s Sys=0.00s Real=0.02s
[213.969s][info][gc,start       ] GC(1863) Pause Young (Allocation Failure)
[213.981s][info][gc,heap        ] GC(1863) PSYoungGen: 336306K(459776K)->108688K(450560K) Eden: 232960K(232960K)->0K(253440K) From: 103346K(226816K)->108688K(197120K)
[213.981s][info][gc,heap        ] GC(1863) ParOldGen: 1307808K(1398272K)->1307808K(1398272K)
[213.981s][info][gc,metaspace   ] GC(1863) Metaspace: 126198K(130496K)->126198K(130496K) NonClass: 108098K(108800K)->108098K(108800K) Class: 18099K(21696K)->18099K(21696K)
[213.981s][info][gc             ] GC(1863) Pause Young (Allocation Failure) 1605M->1383M(1805M) 12.420ms
[213.981s][info][gc,cpu         ] GC(1863) User=0.42s Sys=0.00s Real=0.01s
[213.995s][info][gc,start       ] GC(1864) Pause Young (Allocation Failure)
[214.006s][info][gc,heap        ] GC(1864) PSYoungGen: 362128K(450560K)->122996K(459264K) Eden: 253440K(253440K)->0K(253440K) From: 108688K(197120K)->122996K(205824K)
[214.006s][info][gc,heap        ] GC(1864) ParOldGen: 1307808K(1398272K)->1307808K(1398272K)
[214.006s][info][gc,metaspace   ] GC(1864) Metaspace: 126198K(130496K)->126198K(130496K) NonClass: 108098K(108800K)->108098K(108800K) Class: 18099K(21696K)->18099K(21696K)
[214.006s][info][gc             ] GC(1864) Pause Young (Allocation Failure) 1630M->1397M(1814M) 11.543ms
[214.006s][info][gc,cpu         ] GC(1864) User=0.31s Sys=0.00s Real=0.02s
[214.019s][info][gc,start       ] GC(1865) Pause Young (Allocation Failure)
[214.032s][info][gc,heap        ] GC(1865) PSYoungGen: 376436K(459264K)->138266K(476160K) Eden: 253440K(253440K)->0K(274944K) From: 122996K(205824K)->138266K(201216K)
[214.032s][info][gc,heap        ] GC(1865) ParOldGen: 1307808K(1398272K)->1307808K(1398272K)
[214.032s][info][gc,metaspace   ] GC(1865) Metaspace: 126198K(130496K)->126198K(130496K) NonClass: 108098K(108800K)->108098K(108800K) Class: 18099K(21696K)->18099K(21696K)
[214.032s][info][gc             ] GC(1865) Pause Young (Allocation Failure) 1644M->1412M(1830M) 13.031ms
[214.032s][info][gc,cpu         ] GC(1865) User=0.52s Sys=0.00s Real=0.02s
[214.047s][info][gc,start       ] GC(1866) Pause Young (Allocation Failure)
[214.060s][info][gc,heap        ] GC(1866) PSYoungGen: 413210K(476160K)->148630K(477184K) Eden: 274944K(274944K)->0K(274944K) From: 138266K(201216K)->148630K(202240K)
[214.060s][info][gc,heap        ] GC(1866) ParOldGen: 1307808K(1398272K)->1307808K(1398272K)
[214.060s][info][gc,metaspace   ] GC(1866) Metaspace: 126198K(130496K)->126198K(130496K) NonClass: 108098K(108800K)->108098K(108800K) Class: 18099K(21696K)->18099K(21696K)
[214.060s][info][gc             ] GC(1866) Pause Young (Allocation Failure) 1680M->1422M(1831M) 13.252ms
[214.060s][info][gc,cpu         ] GC(1866) User=0.52s Sys=0.00s Real=0.01s
[214.074s][info][gc,start       ] GC(1867) Pause Young (Allocation Failure)
[214.092s][info][gc,heap        ] GC(1867) PSYoungGen: 423574K(477184K)->177244K(465920K) Eden: 274944K(274944K)->0K(259584K) From: 148630K(202240K)->177244K(206336K)
[214.093s][info][gc,heap        ] GC(1867) ParOldGen: 1307808K(1398272K)->1307808K(1398272K)
[214.093s][info][gc,metaspace   ] GC(1867) Metaspace: 126198K(130496K)->126198K(130496K) NonClass: 108098K(108800K)->108098K(108800K) Class: 18099K(21696K)->18099K(21696K)
[214.093s][info][gc             ] GC(1867) Pause Young (Allocation Failure) 1690M->1450M(1820M) 18.362ms
[214.093s][info][gc,cpu         ] GC(1867) User=0.52s Sys=0.00s Real=0.02s
[214.107s][info][gc,start       ] GC(1868) Pause Young (Allocation Failure)
[214.123s][info][gc,heap        ] GC(1868) PSYoungGen: 436828K(465920K)->170522K(430592K) Eden: 259584K(259584K)->0K(259584K) From: 177244K(206336K)->170522K(171008K)
[214.123s][info][gc,heap        ] GC(1868) ParOldGen: 1307808K(1398272K)->1307808K(1398272K)
[214.123s][info][gc,metaspace   ] GC(1868) Metaspace: 126198K(130496K)->126198K(130496K) NonClass: 108098K(108800K)->108098K(108800K) Class: 18099K(21696K)->18099K(21696K)
[214.123s][info][gc             ] GC(1868) Pause Young (Allocation Failure) 1703M->1443M(1786M) 16.032ms
[214.123s][info][gc,cpu         ] GC(1868) User=0.52s Sys=0.00s Real=0.02s
[214.136s][info][gc,start       ] GC(1869) Pause Young (Allocation Failure)
[214.152s][info][gc,heap        ] GC(1869) PSYoungGen: 430106K(430592K)->149643K(473088K) Eden: 259584K(259584K)->0K(245248K) From: 170522K(171008K)->149643K(227840K)
[214.152s][info][gc,heap        ] GC(1869) ParOldGen: 1307808K(1398272K)->1332666K(1398272K)
[214.152s][info][gc,metaspace   ] GC(1869) Metaspace: 126198K(130496K)->126198K(130496K) NonClass: 108098K(108800K)->108098K(108800K) Class: 18099K(21696K)->18099K(21696K)
[214.152s][info][gc             ] GC(1869) Pause Young (Allocation Failure) 1697M->1447M(1827M) 16.800ms
[214.152s][info][gc,cpu         ] GC(1869) User=0.52s Sys=0.00s Real=0.02s
[214.166s][info][gc,start       ] GC(1870) Pause Young (Allocation Failure)
[214.183s][info][gc,heap        ] GC(1870) PSYoungGen: 394891K(473088K)->164214K(409600K) Eden: 245248K(245248K)->0K(245248K) From: 149643K(227840K)->164214K(164352K)
[214.183s][info][gc,heap        ] GC(1870) ParOldGen: 1332666K(1398272K)->1340900K(1398272K)
[214.183s][info][gc,metaspace   ] GC(1870) Metaspace: 126198K(130496K)->126198K(130496K) NonClass: 108098K(108800K)->108098K(108800K) Class: 18099K(21696K)->18099K(21696K)
[214.183s][info][gc             ] GC(1870) Pause Young (Allocation Failure) 1687M->1469M(1765M) 17.168ms
[214.183s][info][gc,cpu         ] GC(1870) User=0.50s Sys=0.00s Real=0.01s
[214.195s][info][gc,start       ] GC(1871) Pause Young (Allocation Failure)
[214.209s][info][gc,heap        ] GC(1871) PSYoungGen: 409462K(409600K)->148037K(474112K) Eden: 245248K(245248K)->0K(245248K) From: 164214K(164352K)->148037K(228864K)
[214.209s][info][gc,heap        ] GC(1871) ParOldGen: 1340900K(1398272K)->1349133K(1398272K)
[214.209s][info][gc,metaspace   ] GC(1871) Metaspace: 126198K(130496K)->126198K(130496K) NonClass: 108098K(108800K)->108098K(108800K) Class: 18099K(21696K)->18099K(21696K)
[214.209s][info][gc             ] GC(1871) Pause Young (Allocation Failure) 1709M->1462M(1828M) 14.339ms
[214.209s][info][gc,cpu         ] GC(1871) User=0.39s Sys=0.00s Real=0.02s
[214.221s][info][gc,start       ] GC(1872) Pause Young (Allocation Failure)
[214.236s][info][gc,heap        ] GC(1872) PSYoungGen: 393217K(474112K)->157822K(403456K) Eden: 245179K(245248K)->0K(245248K) From: 148037K(228864K)->157822K(158208K)
[214.236s][info][gc,heap        ] GC(1872) ParOldGen: 1349133K(1398272K)->1349133K(1398272K)
[214.236s][info][gc,metaspace   ] GC(1872) Metaspace: 126198K(130496K)->126198K(130496K) NonClass: 108098K(108800K)->108098K(108800K) Class: 18099K(21696K)->18099K(21696K)
[214.236s][info][gc             ] GC(1872) Pause Young (Allocation Failure) 1701M->1471M(1759M) 15.024ms
[214.236s][info][gc,cpu         ] GC(1872) User=0.52s Sys=0.00s Real=0.02s
[214.249s][info][gc,start       ] GC(1873) Pause Young (Allocation Failure)
[214.266s][info][gc,heap        ] GC(1873) PSYoungGen: 403070K(403456K)->177231K(462336K) Eden: 245248K(245248K)->0K(238080K) From: 157822K(158208K)->177231K(224256K)
[214.266s][info][gc,heap        ] GC(1873) ParOldGen: 1349133K(1398272K)->1349133K(1398272K)
[214.266s][info][gc,metaspace   ] GC(1873) Metaspace: 126198K(130496K)->126198K(130496K) NonClass: 108098K(108800K)->108098K(108800K) Class: 18099K(21696K)->18099K(21696K)
[214.266s][info][gc             ] GC(1873) Pause Young (Allocation Failure) 1711M->1490M(1817M) 17.013ms
[214.266s][info][gc,cpu         ] GC(1873) User=0.52s Sys=0.00s Real=0.02s
[214.279s][info][gc,start       ] GC(1874) Pause Young (Allocation Failure)
[214.296s][info][gc,heap        ] GC(1874) PSYoungGen: 415311K(462336K)->169725K(408064K) Eden: 238080K(238080K)->0K(238080K) From: 177231K(224256K)->169725K(169984K)
[214.296s][info][gc,heap        ] GC(1874) ParOldGen: 1349133K(1398272K)->1357366K(1398272K)
[214.296s][info][gc,metaspace   ] GC(1874) Metaspace: 126198K(130496K)->126198K(130496K) NonClass: 108098K(108800K)->108098K(108800K) Class: 18099K(21696K)->18099K(21696K)
[214.296s][info][gc             ] GC(1874) Pause Young (Allocation Failure) 1723M->1491M(1764M) 17.022ms
[214.296s][info][gc,cpu         ] GC(1874) User=0.52s Sys=0.00s Real=0.02s
[214.296s][info][gc,start       ] GC(1875) Pause Full (Ergonomics)
[214.296s][info][gc,phases,start] GC(1875) Marking Phase
[214.337s][info][gc,phases      ] GC(1875) Marking Phase 40.519ms
[214.337s][info][gc,phases,start] GC(1875) Summary Phase
[214.337s][info][gc,phases      ] GC(1875) Summary Phase 0.045ms
[214.337s][info][gc,phases,start] GC(1875) Adjust Roots
[214.352s][info][gc,phases      ] GC(1875) Adjust Roots 14.956ms
[214.352s][info][gc,phases,start] GC(1875) Compaction Phase
[214.466s][info][gc,phases      ] GC(1875) Compaction Phase 114.488ms
[214.466s][info][gc,phases,start] GC(1875) Post Compact
[214.474s][info][gc,phases      ] GC(1875) Post Compact 7.530ms
[214.474s][info][gc,heap        ] GC(1875) PSYoungGen: 169725K(408064K)->18970K(408064K) Eden: 0K(238080K)->0K(238080K) From: 169725K(169984K)->18970K(169984K)
[214.474s][info][gc,heap        ] GC(1875) ParOldGen: 1357366K(1398272K)->1394647K(1398272K)
[214.474s][info][gc,metaspace   ] GC(1875) Metaspace: 126198K(130496K)->126198K(130496K) NonClass: 108098K(108800K)->108098K(108800K) Class: 18099K(21696K)->18099K(21696K)
[214.474s][info][gc             ] GC(1875) Pause Full (Ergonomics) 1491M->1380M(1764M) 177.822ms
[214.474s][info][gc,cpu         ] GC(1875) User=4.48s Sys=0.13s Real=0.19s
[214.489s][info][gc,start       ] GC(1876) Pause Full (Ergonomics)
[214.489s][info][gc,phases,start] GC(1876) Marking Phase
[214.540s][info][gc,phases      ] GC(1876) Marking Phase 51.168ms
[214.540s][info][gc,phases,start] GC(1876) Summary Phase
[214.540s][info][gc,phases      ] GC(1876) Summary Phase 0.046ms
[214.540s][info][gc,phases,start] GC(1876) Adjust Roots
[214.555s][info][gc,phases      ] GC(1876) Adjust Roots 14.760ms
[214.555s][info][gc,phases,start] GC(1876) Compaction Phase
[214.591s][info][gc,phases      ] GC(1876) Compaction Phase 35.884ms
[214.591s][info][gc,phases,start] GC(1876) Post Compact
[214.599s][info][gc,phases      ] GC(1876) Post Compact 8.086ms
[214.599s][info][gc,heap        ] GC(1876) PSYoungGen: 257050K(408064K)->6557K(408064K) Eden: 238080K(238080K)->0K(238080K) From: 18970K(169984K)->6557K(169984K)
[214.599s][info][gc,heap        ] GC(1876) ParOldGen: 1394647K(1398272K)->1397745K(1398272K)
[214.599s][info][gc,metaspace   ] GC(1876) Metaspace: 126198K(130496K)->126198K(130496K) NonClass: 108098K(108800K)->108098K(108800K) Class: 18099K(21696K)->18099K(21696K)
[214.599s][info][gc             ] GC(1876) Pause Full (Ergonomics) 1612M->1371M(1764M) 110.265ms
[214.599s][info][gc,cpu         ] GC(1876) User=2.03s Sys=0.00s Real=0.11s
[214.614s][info][gc,start       ] GC(1877) Pause Full (Ergonomics)
[214.614s][info][gc,phases,start] GC(1877) Marking Phase
[214.664s][info][gc,phases      ] GC(1877) Marking Phase 49.914ms
[214.664s][info][gc,phases,start] GC(1877) Summary Phase
[214.664s][info][gc,phases      ] GC(1877) Summary Phase 0.044ms
[214.664s][info][gc,phases,start] GC(1877) Adjust Roots
[214.682s][info][gc,phases      ] GC(1877) Adjust Roots 18.067ms
[214.682s][info][gc,phases,start] GC(1877) Compaction Phase
[214.717s][info][gc,phases      ] GC(1877) Compaction Phase 35.088ms
[214.717s][info][gc,phases,start] GC(1877) Post Compact
[214.725s][info][gc,phases      ] GC(1877) Post Compact 8.078ms
[214.725s][info][gc,heap        ] GC(1877) PSYoungGen: 244637K(408064K)->10364K(470016K) Eden: 238080K(238080K)->10364K(238080K) From: 6557K(169984K)->0K(231936K)
[214.725s][info][gc,heap        ] GC(1877) ParOldGen: 1397745K(1398272K)->1396797K(1398272K)
[214.725s][info][gc,metaspace   ] GC(1877) Metaspace: 126198K(130496K)->126198K(130496K) NonClass: 108098K(108800K)->108098K(108800K) Class: 18099K(21696K)->18099K(21696K)
[214.725s][info][gc             ] GC(1877) Pause Full (Ergonomics) 1603M->1374M(1824M) 111.509ms
[214.725s][info][gc,cpu         ] GC(1877) User=2.02s Sys=0.00s Real=0.11s
[214.739s][info][gc,start       ] GC(1878) Pause Full (Ergonomics)
[214.739s][info][gc,phases,start] GC(1878) Marking Phase
[214.792s][info][gc,phases      ] GC(1878) Marking Phase 52.623ms
[214.792s][info][gc,phases,start] GC(1878) Summary Phase
[214.792s][info][gc,phases      ] GC(1878) Summary Phase 0.043ms
[214.792s][info][gc,phases,start] GC(1878) Adjust Roots
[214.809s][info][gc,phases      ] GC(1878) Adjust Roots 17.080ms
[214.809s][info][gc,phases,start] GC(1878) Compaction Phase
[214.847s][info][gc,phases      ] GC(1878) Compaction Phase 38.047ms
[214.847s][info][gc,phases,start] GC(1878) Post Compact
[214.855s][info][gc,phases      ] GC(1878) Post Compact 7.994ms
[214.855s][info][gc,heap        ] GC(1878) PSYoungGen: 238080K(470016K)->13256K(408064K) Eden: 238080K(238080K)->13256K(238080K) From: 0K(231936K)->0K(169984K)
[214.855s][info][gc,heap        ] GC(1878) ParOldGen: 1396797K(1398272K)->1395985K(1398272K)
[214.855s][info][gc,metaspace   ] GC(1878) Metaspace: 126198K(130496K)->126198K(130496K) NonClass: 108098K(108800K)->108098K(108800K) Class: 18099K(21696K)->18099K(21696K)
[214.855s][info][gc             ] GC(1878) Pause Full (Ergonomics) 1596M->1376M(1764M) 116.089ms
[214.855s][info][gc,cpu         ] GC(1878) User=2.39s Sys=0.00s Real=0.11s
[214.870s][info][gc,start       ] GC(1879) Pause Full (Ergonomics)
[214.870s][info][gc,phases,start] GC(1879) Marking Phase
[214.921s][info][gc,phases      ] GC(1879) Marking Phase 50.961ms
[214.921s][info][gc,phases,start] GC(1879) Summary Phase
[214.921s][info][gc,phases      ] GC(1879) Summary Phase 0.050ms
[214.921s][info][gc,phases,start] GC(1879) Adjust Roots
[214.936s][info][gc,phases      ] GC(1879) Adjust Roots 15.544ms
[214.936s][info][gc,phases,start] GC(1879) Compaction Phase
[214.974s][info][gc,phases      ] GC(1879) Compaction Phase 37.113ms
[214.974s][info][gc,phases,start] GC(1879) Post Compact
[214.982s][info][gc,phases      ] GC(1879) Post Compact 8.012ms
[214.982s][info][gc,heap        ] GC(1879) PSYoungGen: 238080K(408064K)->13977K(470016K) Eden: 238080K(238080K)->13977K(238080K) From: 0K(169984K)->0K(231936K)
[214.982s][info][gc,heap        ] GC(1879) ParOldGen: 1395985K(1398272K)->1396669K(1398272K)
[214.982s][info][gc,metaspace   ] GC(1879) Metaspace: 126198K(130496K)->126198K(130496K) NonClass: 108098K(108800K)->108098K(108800K) Class: 18099K(21696K)->18099K(21696K)
[214.982s][info][gc             ] GC(1879) Pause Full (Ergonomics) 1595M->1377M(1824M) 111.978ms
[214.982s][info][gc,cpu         ] GC(1879) User=2.59s Sys=0.00s Real=0.13s
[214.998s][info][gc,start       ] GC(1880) Pause Full (Ergonomics)
[214.998s][info][gc,phases,start] GC(1880) Marking Phase
[215.049s][info][gc,phases      ] GC(1880) Marking Phase 50.989ms
[215.049s][info][gc,phases,start] GC(1880) Summary Phase
[215.049s][info][gc,phases      ] GC(1880) Summary Phase 0.041ms
[215.049s][info][gc,phases,start] GC(1880) Adjust Roots
[215.064s][info][gc,phases      ] GC(1880) Adjust Roots 14.427ms
[215.064s][info][gc,phases,start] GC(1880) Compaction Phase
[215.100s][info][gc,phases      ] GC(1880) Compaction Phase 36.266ms
[215.100s][info][gc,phases,start] GC(1880) Post Compact
[215.108s][info][gc,phases      ] GC(1880) Post Compact 8.045ms
[215.108s][info][gc,heap        ] GC(1880) PSYoungGen: 238080K(470016K)->16484K(408064K) Eden: 238080K(238080K)->16484K(238080K) From: 0K(231936K)->0K(169984K)
[215.108s][info][gc,heap        ] GC(1880) ParOldGen: 1396669K(1398272K)->1394159K(1398272K)
[215.108s][info][gc,metaspace   ] GC(1880) Metaspace: 126198K(130496K)->126198K(130496K) NonClass: 108098K(108800K)->108098K(108800K) Class: 18099K(21696K)->18099K(21696K)
[215.108s][info][gc             ] GC(1880) Pause Full (Ergonomics) 1596M->1377M(1764M) 110.085ms
[215.108s][info][gc,cpu         ] GC(1880) User=1.98s Sys=0.05s Real=0.11s
[215.122s][info][gc,start       ] GC(1881) Pause Full (Ergonomics)
[215.122s][info][gc,phases,start] GC(1881) Marking Phase
[215.175s][info][gc,phases      ] GC(1881) Marking Phase 52.644ms
[215.175s][info][gc,phases,start] GC(1881) Summary Phase
[215.175s][info][gc,phases      ] GC(1881) Summary Phase 0.041ms
[215.175s][info][gc,phases,start] GC(1881) Adjust Roots
[215.189s][info][gc,phases      ] GC(1881) Adjust Roots 13.608ms
[215.189s][info][gc,phases,start] GC(1881) Compaction Phase
[215.226s][info][gc,phases      ] GC(1881) Compaction Phase 37.417ms
[215.226s][info][gc,phases,start] GC(1881) Post Compact
[215.234s][info][gc,phases      ] GC(1881) Post Compact 8.009ms
[215.234s][info][gc,heap        ] GC(1881) PSYoungGen: 238080K(408064K)->10078K(470016K) Eden: 238080K(238080K)->10078K(238080K) From: 0K(169984K)->0K(231936K)
[215.234s][info][gc,heap        ] GC(1881) ParOldGen: 1394159K(1398272K)->1397889K(1398272K)
[215.234s][info][gc,metaspace   ] GC(1881) Metaspace: 126198K(130496K)->126198K(130496K) NonClass: 108098K(108800K)->108098K(108800K) Class: 18099K(21696K)->18099K(21696K)
[215.234s][info][gc             ] GC(1881) Pause Full (Ergonomics) 1593M->1374M(1824M) 112.023ms
[215.234s][info][gc,cpu         ] GC(1881) User=2.59s Sys=0.02s Real=0.13s
[215.250s][info][gc,start       ] GC(1882) Pause Full (Ergonomics)
[215.250s][info][gc,phases,start] GC(1882) Marking Phase
[215.305s][info][gc,phases      ] GC(1882) Marking Phase 54.602ms
[215.328s][info][gc,phases,start] GC(1882) Summary Phase
[215.328s][info][gc,phases      ] GC(1882) Summary Phase 0.107ms
[215.328s][info][gc,phases,start] GC(1882) Adjust Roots
[215.349s][info][gc,phases      ] GC(1882) Adjust Roots 20.850ms
[215.349s][info][gc,phases,start] GC(1882) Compaction Phase
[215.385s][info][gc,phases      ] GC(1882) Compaction Phase 36.509ms
[215.385s][info][gc,phases,start] GC(1882) Post Compact
[215.393s][info][gc,phases      ] GC(1882) Post Compact 8.044ms
[215.394s][info][gc,heap        ] GC(1882) PSYoungGen: 238080K(470016K)->7568K(408064K) Eden: 238080K(238080K)->7568K(238080K) From: 0K(231936K)->0K(169984K)
[215.394s][info][gc,heap        ] GC(1882) ParOldGen: 1397889K(1398272K)->1395043K(1398272K)
[215.394s][info][gc,metaspace   ] GC(1882) Metaspace: 126198K(130496K)->126198K(130496K) NonClass: 108098K(108800K)->108098K(108800K) Class: 18099K(21696K)->18099K(21696K)
[215.394s][info][gc             ] GC(1882) Pause Full (Ergonomics) 1597M->1369M(1764M) 143.410ms
[215.394s][info][gc,cpu         ] GC(1882) User=2.53s Sys=0.00s Real=0.14s
[215.410s][info][gc,start       ] GC(1883) Pause Full (Ergonomics)
[215.410s][info][gc,phases,start] GC(1883) Marking Phase
[215.459s][info][gc,phases      ] GC(1883) Marking Phase 48.391ms
[215.459s][info][gc,phases,start] GC(1883) Summary Phase
[215.459s][info][gc,phases      ] GC(1883) Summary Phase 0.041ms
[215.459s][info][gc,phases,start] GC(1883) Adjust Roots
[215.475s][info][gc,phases      ] GC(1883) Adjust Roots 16.245ms
[215.475s][info][gc,phases,start] GC(1883) Compaction Phase
[215.492s][info][gc,phases      ] GC(1883) Compaction Phase 17.239ms
[215.492s][info][gc,phases,start] GC(1883) Post Compact
[215.503s][info][gc,phases      ] GC(1883) Post Compact 10.764ms
[215.503s][info][gc,heap        ] GC(1883) PSYoungGen: 238080K(408064K)->7637K(470016K) Eden: 238080K(238080K)->7637K(238080K) From: 0K(169984K)->0K(231936K)
[215.503s][info][gc,heap        ] GC(1883) ParOldGen: 1395043K(1398272K)->1395041K(1398272K)
[215.503s][info][gc,metaspace   ] GC(1883) Metaspace: 126198K(130496K)->126198K(130496K) NonClass: 108098K(108800K)->108098K(108800K) Class: 18099K(21696K)->18099K(21696K)
[215.503s][info][gc             ] GC(1883) Pause Full (Ergonomics) 1594M->1369M(1824M) 93.162ms
[215.504s][info][gc,cpu         ] GC(1883) User=0.86s Sys=0.03s Real=0.09s
[215.528s][info][gc,start       ] GC(1884) Pause Full (Ergonomics)
[215.528s][info][gc,phases,start] GC(1884) Marking Phase
[215.575s][info][gc,phases      ] GC(1884) Marking Phase 46.605ms
[215.575s][info][gc,phases,start] GC(1884) Summary Phase
[215.575s][info][gc,phases      ] GC(1884) Summary Phase 0.042ms
[215.575s][info][gc,phases,start] GC(1884) Adjust Roots
[215.595s][info][gc,phases      ] GC(1884) Adjust Roots 20.639ms
[215.595s][info][gc,phases,start] GC(1884) Compaction Phase
[215.614s][info][gc,phases      ] GC(1884) Compaction Phase 18.697ms
[215.614s][info][gc,phases,start] GC(1884) Post Compact
[215.625s][info][gc,phases      ] GC(1884) Post Compact 10.537ms
[215.625s][info][gc,heap        ] GC(1884) PSYoungGen: 238080K(470016K)->7632K(408064K) Eden: 238080K(238080K)->7632K(238080K) From: 0K(231936K)->0K(169984K)
[215.625s][info][gc,heap        ] GC(1884) ParOldGen: 1395041K(1398272K)->1395040K(1398272K)
[215.625s][info][gc,metaspace   ] GC(1884) Metaspace: 126198K(130496K)->126198K(130496K) NonClass: 108098K(108800K)->108098K(108800K) Class: 18099K(21696K)->18099K(21696K)
[215.625s][info][gc             ] GC(1884) Pause Full (Ergonomics) 1594M->1369M(1764M) 96.952ms
[215.625s][info][gc,cpu         ] GC(1884) User=1.14s Sys=0.02s Real=0.09s
[215.651s][info][gc,start       ] GC(1885) Pause Full (Ergonomics)
[215.651s][info][gc,phases,start] GC(1885) Marking Phase
[215.708s][info][gc,phases      ] GC(1885) Marking Phase 57.369ms
[215.708s][info][gc,phases,start] GC(1885) Summary Phase
[215.708s][info][gc,phases      ] GC(1885) Summary Phase 0.040ms
[215.708s][info][gc,phases,start] GC(1885) Adjust Roots
[215.729s][info][gc,phases      ] GC(1885) Adjust Roots 20.962ms
[215.729s][info][gc,phases,start] GC(1885) Compaction Phase
[215.752s][info][gc,phases      ] GC(1885) Compaction Phase 22.931ms
[215.752s][info][gc,phases,start] GC(1885) Post Compact
[215.763s][info][gc,phases      ] GC(1885) Post Compact 10.797ms
[215.763s][info][gc,heap        ] GC(1885) PSYoungGen: 238080K(408064K)->7626K(470016K) Eden: 238080K(238080K)->7626K(238080K) From: 0K(169984K)->0K(231936K)
[215.763s][info][gc,heap        ] GC(1885) ParOldGen: 1395040K(1398272K)->1395038K(1398272K)
[215.763s][info][gc,metaspace   ] GC(1885) Metaspace: 126198K(130496K)->126198K(130496K) NonClass: 108098K(108800K)->108098K(108800K) Class: 18099K(21696K)->18099K(21696K)
[215.763s][info][gc             ] GC(1885) Pause Full (Ergonomics) 1594M->1369M(1824M) 112.528ms
[215.764s][info][gc,cpu         ] GC(1885) User=1.64s Sys=0.00s Real=0.11s
[215.790s][info][gc,start       ] GC(1886) Pause Full (Ergonomics)
[215.790s][info][gc,phases,start] GC(1886) Marking Phase
[215.848s][info][gc,phases      ] GC(1886) Marking Phase 58.161ms
[215.848s][info][gc,phases,start] GC(1886) Summary Phase
[215.848s][info][gc,phases      ] GC(1886) Summary Phase 0.041ms
[215.848s][info][gc,phases,start] GC(1886) Adjust Roots
[215.865s][info][gc,phases      ] GC(1886) Adjust Roots 16.843ms
[215.865s][info][gc,phases,start] GC(1886) Compaction Phase
[215.885s][info][gc,phases      ] GC(1886) Compaction Phase 20.175ms
[215.886s][info][gc,phases,start] GC(1886) Post Compact
[215.896s][info][gc,phases      ] GC(1886) Post Compact 10.639ms
[215.896s][info][gc,heap        ] GC(1886) PSYoungGen: 238080K(470016K)->7631K(408064K) Eden: 238080K(238080K)->7631K(238080K) From: 0K(231936K)->0K(169984K)
[215.896s][info][gc,heap        ] GC(1886) ParOldGen: 1395038K(1398272K)->1395038K(1398272K)
[215.896s][info][gc,metaspace   ] GC(1886) Metaspace: 126198K(130496K)->126198K(130496K) NonClass: 108098K(108800K)->108098K(108800K) Class: 18099K(21696K)->18099K(21696K)
[215.896s][info][gc             ] GC(1886) Pause Full (Ergonomics) 1594M->1369M(1764M) 106.265ms
[215.896s][info][gc,cpu         ] GC(1886) User=1.61s Sys=0.02s Real=0.11s
[215.923s][info][gc,start       ] GC(1887) Pause Full (Ergonomics)
[215.923s][info][gc,phases,start] GC(1887) Marking Phase
[215.975s][info][gc,phases      ] GC(1887) Marking Phase 52.573ms
[215.975s][info][gc,phases,start] GC(1887) Summary Phase
[215.975s][info][gc,phases      ] GC(1887) Summary Phase 0.048ms
[215.975s][info][gc,phases,start] GC(1887) Adjust Roots
[215.992s][info][gc,phases      ] GC(1887) Adjust Roots 16.428ms
[215.992s][info][gc,phases,start] GC(1887) Compaction Phase
[216.012s][info][gc,phases      ] GC(1887) Compaction Phase 19.835ms
[216.012s][info][gc,phases,start] GC(1887) Post Compact
[216.022s][info][gc,phases      ] GC(1887) Post Compact 10.627ms
[216.022s][info][gc,heap        ] GC(1887) PSYoungGen: 238080K(408064K)->7634K(470016K) Eden: 238080K(238080K)->7634K(238080K) From: 0K(169984K)->0K(231936K)
[216.022s][info][gc,heap        ] GC(1887) ParOldGen: 1395038K(1398272K)->1395038K(1398272K)
[216.022s][info][gc,metaspace   ] GC(1887) Metaspace: 126198K(130496K)->126198K(130496K) NonClass: 108098K(108800K)->108098K(108800K) Class: 18099K(21696K)->18099K(21696K)
[216.023s][info][gc             ] GC(1887) Pause Full (Ergonomics) 1594M->1369M(1824M) 99.974ms
[216.023s][info][gc,cpu         ] GC(1887) User=1.11s Sys=0.02s Real=0.11s
[216.051s][info][gc,start       ] GC(1888) Pause Full (Ergonomics)
[216.051s][info][gc,phases,start] GC(1888) Marking Phase
[216.100s][info][gc,phases      ] GC(1888) Marking Phase 48.276ms
[216.100s][info][gc,phases,start] GC(1888) Summary Phase
[216.100s][info][gc,phases      ] GC(1888) Summary Phase 0.046ms
[216.100s][info][gc,phases,start] GC(1888) Adjust Roots
[216.120s][info][gc,phases      ] GC(1888) Adjust Roots 20.686ms
[216.120s][info][gc,phases,start] GC(1888) Compaction Phase
[216.156s][info][gc,phases      ] GC(1888) Compaction Phase 35.548ms
[216.156s][info][gc,phases,start] GC(1888) Post Compact
[216.164s][info][gc,phases      ] GC(1888) Post Compact 7.989ms
[216.164s][info][gc,heap        ] GC(1888) PSYoungGen: 238080K(470016K)->7621K(408064K) Eden: 238080K(238080K)->7621K(238080K) From: 0K(231936K)->0K(169984K)
[216.164s][info][gc,heap        ] GC(1888) ParOldGen: 1395038K(1398272K)->1395037K(1398272K)
[216.164s][info][gc,metaspace   ] GC(1888) Metaspace: 126198K(130496K)->126198K(130496K) NonClass: 108098K(108800K)->108098K(108800K) Class: 18099K(21696K)->18099K(21696K)
[216.164s][info][gc             ] GC(1888) Pause Full (Ergonomics) 1594M->1369M(1764M) 112.872ms
[216.164s][info][gc,cpu         ] GC(1888) User=2.11s Sys=0.00s Real=0.13s
[216.182s][info][gc,start       ] GC(1889) Pause Full (Ergonomics)
[216.182s][info][gc,phases,start] GC(1889) Marking Phase
[216.231s][info][gc,phases      ] GC(1889) Marking Phase 48.861ms
[216.231s][info][gc,phases,start] GC(1889) Summary Phase
[216.231s][info][gc,phases      ] GC(1889) Summary Phase 0.046ms
[216.231s][info][gc,phases,start] GC(1889) Adjust Roots
[216.251s][info][gc,phases      ] GC(1889) Adjust Roots 20.124ms
[216.251s][info][gc,phases,start] GC(1889) Compaction Phase
[216.272s][info][gc,phases      ] GC(1889) Compaction Phase 21.177ms
[216.273s][info][gc,phases,start] GC(1889) Post Compact
[216.283s][info][gc,phases      ] GC(1889) Post Compact 10.307ms
[216.283s][info][gc,heap        ] GC(1889) PSYoungGen: 238080K(408064K)->7625K(470016K) Eden: 238080K(238080K)->7625K(238080K) From: 0K(169984K)->0K(231936K)
[216.283s][info][gc,heap        ] GC(1889) ParOldGen: 1395037K(1398272K)->1395037K(1398272K)
[216.283s][info][gc,metaspace   ] GC(1889) Metaspace: 126198K(130496K)->126198K(130496K) NonClass: 108098K(108800K)->108098K(108800K) Class: 18099K(21696K)->18099K(21696K)
[216.283s][info][gc             ] GC(1889) Pause Full (Ergonomics) 1594M->1369M(1824M) 100.886ms
[216.283s][info][gc,cpu         ] GC(1889) User=1.09s Sys=0.00s Real=0.09s
[216.311s][info][gc,start       ] GC(1890) Pause Full (Ergonomics)
[216.311s][info][gc,phases,start] GC(1890) Marking Phase
[216.369s][info][gc,phases      ] GC(1890) Marking Phase 58.132ms
[216.369s][info][gc,phases,start] GC(1890) Summary Phase
[216.369s][info][gc,phases      ] GC(1890) Summary Phase 0.042ms
[216.369s][info][gc,phases,start] GC(1890) Adjust Roots
[216.383s][info][gc,phases      ] GC(1890) Adjust Roots 14.120ms
[216.383s][info][gc,phases,start] GC(1890) Compaction Phase
[216.421s][info][gc,phases      ] GC(1890) Compaction Phase 37.383ms
[216.421s][info][gc,phases,start] GC(1890) Post Compact
[216.429s][info][gc,phases      ] GC(1890) Post Compact 8.034ms
[216.429s][info][gc,heap        ] GC(1890) PSYoungGen: 238080K(470016K)->7629K(408064K) Eden: 238080K(238080K)->7629K(238080K) From: 0K(231936K)->0K(169984K)
[216.429s][info][gc,heap        ] GC(1890) ParOldGen: 1395037K(1398272K)->1395026K(1398272K)
[216.429s][info][gc,metaspace   ] GC(1890) Metaspace: 126198K(130496K)->126198K(130496K) NonClass: 108098K(108800K)->108098K(108800K) Class: 18099K(21696K)->18099K(21696K)
[216.429s][info][gc             ] GC(1890) Pause Full (Ergonomics) 1594M->1369M(1764M) 118.075ms
[216.429s][info][gc,cpu         ] GC(1890) User=2.58s Sys=0.02s Real=0.13s
[216.445s][info][gc,start       ] GC(1891) Pause Full (Ergonomics)
[216.445s][info][gc,phases,start] GC(1891) Marking Phase
[216.499s][info][gc,phases      ] GC(1891) Marking Phase 54.241ms
[216.499s][info][gc,phases,start] GC(1891) Summary Phase
[216.499s][info][gc,phases      ] GC(1891) Summary Phase 0.042ms
[216.499s][info][gc,phases,start] GC(1891) Adjust Roots
[216.515s][info][gc,phases      ] GC(1891) Adjust Roots 15.845ms
[216.515s][info][gc,phases,start] GC(1891) Compaction Phase
[216.536s][info][gc,phases      ] GC(1891) Compaction Phase 21.002ms
[216.536s][info][gc,phases,start] GC(1891) Post Compact
[216.546s][info][gc,phases      ] GC(1891) Post Compact 10.567ms
[216.547s][info][gc,heap        ] GC(1891) PSYoungGen: 238080K(408064K)->7642K(470016K) Eden: 238080K(238080K)->7642K(238080K) From: 0K(169984K)->0K(231936K)
[216.547s][info][gc,heap        ] GC(1891) ParOldGen: 1395026K(1398272K)->1395026K(1398272K)
[216.547s][info][gc,metaspace   ] GC(1891) Metaspace: 126198K(130496K)->126198K(130496K) NonClass: 108098K(108800K)->108098K(108800K) Class: 18099K(21696K)->18099K(21696K)
[216.547s][info][gc             ] GC(1891) Pause Full (Ergonomics) 1594M->1369M(1824M) 102.199ms
[216.547s][info][gc,cpu         ] GC(1891) User=1.56s Sys=0.03s Real=0.11s
[216.572s][info][gc,start       ] GC(1892) Pause Full (Ergonomics)
[216.572s][info][gc,phases,start] GC(1892) Marking Phase
[216.618s][info][gc,phases      ] GC(1892) Marking Phase 46.496ms
[216.618s][info][gc,phases,start] GC(1892) Summary Phase
[216.618s][info][gc,phases      ] GC(1892) Summary Phase 0.043ms
[216.618s][info][gc,phases,start] GC(1892) Adjust Roots
[216.637s][info][gc,phases      ] GC(1892) Adjust Roots 18.947ms
[216.637s][info][gc,phases,start] GC(1892) Compaction Phase
[216.674s][info][gc,phases      ] GC(1892) Compaction Phase 36.644ms
[216.674s][info][gc,phases,start] GC(1892) Post Compact
[216.682s][info][gc,phases      ] GC(1892) Post Compact 7.996ms
[216.682s][info][gc,heap        ] GC(1892) PSYoungGen: 238080K(470016K)->7639K(408064K) Eden: 238080K(238080K)->7639K(238080K) From: 0K(231936K)->0K(169984K)
[216.682s][info][gc,heap        ] GC(1892) ParOldGen: 1395026K(1398272K)->1395020K(1398272K)
[216.682s][info][gc,metaspace   ] GC(1892) Metaspace: 126198K(130496K)->126198K(130496K) NonClass: 108098K(108800K)->108098K(108800K) Class: 18099K(21696K)->18099K(21696K)
[216.682s][info][gc             ] GC(1892) Pause Full (Ergonomics) 1594M->1369M(1764M) 110.458ms
[216.682s][info][gc,cpu         ] GC(1892) User=2.08s Sys=0.00s Real=0.11s
[216.698s][info][gc,start       ] GC(1893) Pause Full (Ergonomics)
[216.698s][info][gc,phases,start] GC(1893) Marking Phase
[216.749s][info][gc,phases      ] GC(1893) Marking Phase 50.956ms
[216.749s][info][gc,phases,start] GC(1893) Summary Phase
[216.749s][info][gc,phases      ] GC(1893) Summary Phase 0.043ms
[216.749s][info][gc,phases,start] GC(1893) Adjust Roots
[216.763s][info][gc,phases      ] GC(1893) Adjust Roots 14.037ms
[216.763s][info][gc,phases,start] GC(1893) Compaction Phase
[216.783s][info][gc,phases      ] GC(1893) Compaction Phase 19.690ms
[216.783s][info][gc,phases,start] GC(1893) Post Compact
[216.793s][info][gc,phases      ] GC(1893) Post Compact 9.867ms
[216.793s][info][gc,heap        ] GC(1893) PSYoungGen: 238080K(408064K)->7638K(470016K) Eden: 238080K(238080K)->7638K(238080K) From: 0K(169984K)->0K(231936K)
[216.793s][info][gc,heap        ] GC(1893) ParOldGen: 1395020K(1398272K)->1395020K(1398272K)
[216.793s][info][gc,metaspace   ] GC(1893) Metaspace: 126198K(130496K)->126198K(130496K) NonClass: 108098K(108800K)->108098K(108800K) Class: 18099K(21696K)->18099K(21696K)
[216.793s][info][gc             ] GC(1893) Pause Full (Ergonomics) 1594M->1369M(1824M) 94.950ms
[216.793s][info][gc,cpu         ] GC(1893) User=1.05s Sys=0.02s Real=0.09s
[216.818s][info][gc,start       ] GC(1894) Pause Full (Ergonomics)
[216.818s][info][gc,phases,start] GC(1894) Marking Phase
[216.869s][info][gc,phases      ] GC(1894) Marking Phase 51.110ms
[216.869s][info][gc,phases,start] GC(1894) Summary Phase
[216.869s][info][gc,phases      ] GC(1894) Summary Phase 0.040ms
[216.869s][info][gc,phases,start] GC(1894) Adjust Roots
[216.883s][info][gc,phases      ] GC(1894) Adjust Roots 14.035ms
[216.883s][info][gc,phases,start] GC(1894) Compaction Phase
[216.902s][info][gc,phases      ] GC(1894) Compaction Phase 18.767ms
[216.902s][info][gc,phases,start] GC(1894) Post Compact
[216.912s][info][gc,phases      ] GC(1894) Post Compact 9.732ms
[216.912s][info][gc,heap        ] GC(1894) PSYoungGen: 238080K(470016K)->7633K(408064K) Eden: 238080K(238080K)->7633K(238080K) From: 0K(231936K)->0K(169984K)
[216.912s][info][gc,heap        ] GC(1894) ParOldGen: 1395020K(1398272K)->1395020K(1398272K)
[216.912s][info][gc,metaspace   ] GC(1894) Metaspace: 126198K(130496K)->126198K(130496K) NonClass: 108098K(108800K)->108098K(108800K) Class: 18099K(21696K)->18099K(21696K)
[216.912s][info][gc             ] GC(1894) Pause Full (Ergonomics) 1594M->1369M(1764M) 94.043ms
[216.912s][info][gc,cpu         ] GC(1894) User=1.16s Sys=0.00s Real=0.09s
[216.938s][info][gc,start       ] GC(1895) Pause Full (Ergonomics)
[216.938s][info][gc,phases,start] GC(1895) Marking Phase
[216.987s][info][gc,phases      ] GC(1895) Marking Phase 49.724ms
[216.987s][info][gc,phases,start] GC(1895) Summary Phase
[216.988s][info][gc,phases      ] GC(1895) Summary Phase 0.054ms
[216.988s][info][gc,phases,start] GC(1895) Adjust Roots
[217.004s][info][gc,phases      ] GC(1895) Adjust Roots 16.792ms
[217.004s][info][gc,phases,start] GC(1895) Compaction Phase
[217.036s][info][gc,phases      ] GC(1895) Compaction Phase 31.992ms
[217.036s][info][gc,phases,start] GC(1895) Post Compact
[217.044s][info][gc,phases      ] GC(1895) Post Compact 8.018ms
[217.044s][info][gc,heap        ] GC(1895) PSYoungGen: 238080K(408064K)->0K(466944K) Eden: 238080K(238080K)->0K(235008K) From: 0K(169984K)->0K(231936K)
[217.044s][info][gc,heap        ] GC(1895) ParOldGen: 1395020K(1398272K)->1378145K(1398272K)
[217.044s][info][gc,metaspace   ] GC(1895) Metaspace: 126198K(130496K)->126198K(130496K) NonClass: 108098K(108800K)->108098K(108800K) Class: 18099K(21696K)->18099K(21696K)
[217.045s][info][gc             ] GC(1895) Pause Full (Ergonomics) 1594M->1345M(1821M) 106.889ms
[217.045s][info][gc,cpu         ] GC(1895) User=2.02s Sys=0.02s Real=0.11s
[217.062s][info][gc,start       ] GC(1896) Pause Full (Ergonomics)
[217.062s][info][gc,phases,start] GC(1896) Marking Phase
[217.113s][info][gc,phases      ] GC(1896) Marking Phase 51.123ms
[217.113s][info][gc,phases,start] GC(1896) Summary Phase
[217.113s][info][gc,phases      ] GC(1896) Summary Phase 0.060ms
[217.114s][info][gc,phases,start] GC(1896) Adjust Roots
[217.132s][info][gc,phases      ] GC(1896) Adjust Roots 18.397ms
[217.132s][info][gc,phases,start] GC(1896) Compaction Phase
[217.153s][info][gc,phases      ] GC(1896) Compaction Phase 20.601ms
[217.153s][info][gc,phases,start] GC(1896) Post Compact
[217.163s][info][gc,phases      ] GC(1896) Post Compact 10.367ms
[217.163s][info][gc,heap        ] GC(1896) PSYoungGen: 235008K(466944K)->0K(466944K) Eden: 235008K(235008K)->0K(235008K) From: 0K(231936K)->0K(231936K)
[217.163s][info][gc,heap        ] GC(1896) ParOldGen: 1378145K(1398272K)->1378098K(1398272K)
[217.163s][info][gc,metaspace   ] GC(1896) Metaspace: 126198K(130496K)->126198K(130496K) NonClass: 108098K(108800K)->108098K(108800K) Class: 18099K(21696K)->18099K(21696K)
[217.163s][info][gc             ] GC(1896) Pause Full (Ergonomics) 1575M->1345M(1821M) 100.954ms
[217.163s][info][gc,cpu         ] GC(1896) User=1.13s Sys=0.05s Real=0.09s
[217.194s][info][gc,start       ] GC(1897) Pause Full (Ergonomics)
[217.194s][info][gc,phases,start] GC(1897) Marking Phase
[217.246s][info][gc,phases      ] GC(1897) Marking Phase 52.013ms
[217.246s][info][gc,phases,start] GC(1897) Summary Phase
[217.246s][info][gc,phases      ] GC(1897) Summary Phase 0.063ms
[217.246s][info][gc,phases,start] GC(1897) Adjust Roots
[217.265s][info][gc,phases      ] GC(1897) Adjust Roots 19.311ms
[217.265s][info][gc,phases,start] GC(1897) Compaction Phase
[217.297s][info][gc,phases      ] GC(1897) Compaction Phase 31.809ms
[217.297s][info][gc,phases,start] GC(1897) Post Compact
[217.305s][info][gc,phases      ] GC(1897) Post Compact 7.960ms
[217.305s][info][gc,heap        ] GC(1897) PSYoungGen: 235008K(466944K)->0K(466944K) Eden: 235008K(235008K)->0K(235008K) From: 0K(231936K)->0K(231936K)
[217.305s][info][gc,heap        ] GC(1897) ParOldGen: 1378098K(1398272K)->1325165K(1398272K)
[217.305s][info][gc,metaspace   ] GC(1897) Metaspace: 126198K(130496K)->126198K(130496K) NonClass: 108098K(108800K)->108098K(108800K) Class: 18099K(21696K)->18099K(21696K)
[217.305s][info][gc             ] GC(1897) Pause Full (Ergonomics) 1575M->1294M(1821M) 111.476ms
[217.305s][info][gc,cpu         ] GC(1897) User=2.48s Sys=0.00s Real=0.11s
[217.328s][info][gc,start       ] GC(1898) Pause Young (Allocation Failure)
[217.330s][info][gc,heap        ] GC(1898) PSYoungGen: 235008K(466944K)->791K(236032K) Eden: 235008K(235008K)->0K(235008K) From: 0K(231936K)->791K(1024K)
[217.330s][info][gc,heap        ] GC(1898) ParOldGen: 1325165K(1398272K)->1325165K(1398272K)
[217.330s][info][gc,metaspace   ] GC(1898) Metaspace: 126198K(130496K)->126198K(130496K) NonClass: 108098K(108800K)->108098K(108800K) Class: 18099K(21696K)->18099K(21696K)
[217.330s][info][gc             ] GC(1898) Pause Young (Allocation Failure) 1523M->1294M(1596M) 1.763ms
[217.330s][info][gc,cpu         ] GC(1898) User=0.00s Sys=0.00s Real=0.00s
[217.350s][info][gc,start       ] GC(1899) Pause Young (Allocation Failure)
[217.352s][info][gc,heap        ] GC(1899) PSYoungGen: 235799K(236032K)->919K(465920K) Eden: 235008K(235008K)->0K(232960K) From: 791K(1024K)->919K(232960K)
[217.352s][info][gc,heap        ] GC(1899) ParOldGen: 1325165K(1398272K)->1325165K(1398272K)
[217.352s][info][gc,metaspace   ] GC(1899) Metaspace: 126198K(130496K)->126198K(130496K) NonClass: 108098K(108800K)->108098K(108800K) Class: 18099K(21696K)->18099K(21696K)
[217.352s][info][gc             ] GC(1899) Pause Young (Allocation Failure) 1524M->1295M(1820M) 1.559ms
[217.352s][info][gc,cpu         ] GC(1899) User=0.00s Sys=0.00s Real=0.00s
[217.382s][info][gc,start       ] GC(1900) Pause Young (Allocation Failure)
[217.383s][info][gc,heap        ] GC(1900) PSYoungGen: 233879K(465920K)->1652K(465920K) Eden: 232960K(232960K)->0K(232960K) From: 919K(232960K)->1652K(232960K)
[217.383s][info][gc,heap        ] GC(1900) ParOldGen: 1325165K(1398272K)->1325165K(1398272K)
[217.383s][info][gc,metaspace   ] GC(1900) Metaspace: 126198K(130496K)->126198K(130496K) NonClass: 108098K(108800K)->108098K(108800K) Class: 18099K(21696K)->18099K(21696K)
[217.383s][info][gc             ] GC(1900) Pause Young (Allocation Failure) 1522M->1295M(1820M) 1.878ms
[217.384s][info][gc,cpu         ] GC(1900) User=0.00s Sys=0.00s Real=0.00s
[217.793s][info][gc,start       ] GC(1901) Pause Young (System.gc())
[217.795s][info][gc,heap        ] GC(1901) PSYoungGen: 95101K(465920K)->2100K(465920K) Eden: 93449K(232960K)->0K(232960K) From: 1652K(232960K)->2100K(232960K)
[217.795s][info][gc,heap        ] GC(1901) ParOldGen: 1325165K(1398272K)->1325173K(1398272K)
[217.795s][info][gc,metaspace   ] GC(1901) Metaspace: 126202K(130496K)->126202K(130496K) NonClass: 108102K(108800K)->108102K(108800K) Class: 18099K(21696K)->18099K(21696K)
[217.795s][info][gc             ] GC(1901) Pause Young (System.gc()) 1386M->1296M(1820M) 2.811ms
[217.795s][info][gc,cpu         ] GC(1901) User=0.00s Sys=0.00s Real=0.00s
[217.796s][info][gc,start       ] GC(1902) Pause Full (System.gc())
[217.796s][info][gc,phases,start] GC(1902) Marking Phase
[217.855s][info][gc,phases      ] GC(1902) Marking Phase 59.442ms
[217.855s][info][gc,phases,start] GC(1902) Summary Phase
[217.855s][info][gc,phases      ] GC(1902) Summary Phase 0.033ms
[217.855s][info][gc,phases,start] GC(1902) Adjust Roots
[217.872s][info][gc,phases      ] GC(1902) Adjust Roots 17.196ms
[217.872s][info][gc,phases,start] GC(1902) Compaction Phase
[217.953s][info][gc,phases      ] GC(1902) Compaction Phase 80.721ms
[217.953s][info][gc,phases,start] GC(1902) Post Compact
[217.960s][info][gc,phases      ] GC(1902) Post Compact 6.604ms
[217.960s][info][gc,heap        ] GC(1902) PSYoungGen: 2100K(465920K)->0K(465920K) Eden: 0K(232960K)->0K(232960K) From: 2100K(232960K)->0K(232960K)
[217.960s][info][gc,heap        ] GC(1902) ParOldGen: 1325173K(1398272K)->974856K(1398272K)
[217.960s][info][gc,metaspace   ] GC(1902) Metaspace: 126202K(130496K)->126202K(130496K) NonClass: 108102K(108800K)->108102K(108800K) Class: 18099K(21696K)->18099K(21696K)
[217.960s][info][gc             ] GC(1902) Pause Full (System.gc()) 1296M->952M(1820M) 164.266ms
[217.960s][info][gc,cpu         ] GC(1902) User=3.92s Sys=0.00s Real=0.16s
[218.039s][info][gc,start       ] GC(1903) Pause Young (Allocation Failure)
[218.041s][info][gc,heap        ] GC(1903) PSYoungGen: 232960K(465920K)->10901K(465920K) Eden: 232960K(232960K)->0K(232960K) From: 0K(232960K)->10901K(232960K)
[218.041s][info][gc,heap        ] GC(1903) ParOldGen: 974856K(1398272K)->974864K(1398272K)
[218.041s][info][gc,metaspace   ] GC(1903) Metaspace: 126299K(130560K)->126299K(130560K) NonClass: 108199K(108864K)->108199K(108864K) Class: 18099K(21696K)->18099K(21696K)
[218.041s][info][gc             ] GC(1903) Pause Young (Allocation Failure) 1179M->962M(1820M) 2.396ms
[218.041s][info][gc,cpu         ] GC(1903) User=0.53s Sys=0.00s Real=0.02s
[218.058s][info][gc,start       ] GC(1904) Pause Young (Allocation Failure)
[218.060s][info][gc,heap        ] GC(1904) PSYoungGen: 243861K(465920K)->12362K(465920K) Eden: 232960K(232960K)->0K(232960K) From: 10901K(232960K)->12362K(232960K)
[218.060s][info][gc,heap        ] GC(1904) ParOldGen: 974864K(1398272K)->974864K(1398272K)
[218.060s][info][gc,metaspace   ] GC(1904) Metaspace: 126299K(130560K)->126299K(130560K) NonClass: 108199K(108864K)->108199K(108864K) Class: 18099K(21696K)->18099K(21696K)
[218.060s][info][gc             ] GC(1904) Pause Young (Allocation Failure) 1190M->964M(1820M) 2.039ms
[218.060s][info][gc,cpu         ] GC(1904) User=0.52s Sys=0.00s Real=0.02s
[218.076s][info][gc,start       ] GC(1905) Pause Young (Allocation Failure)
[218.078s][info][gc,heap        ] GC(1905) PSYoungGen: 245322K(465920K)->14734K(465920K) Eden: 232960K(232960K)->0K(232960K) From: 12362K(232960K)->14734K(232960K)
[218.078s][info][gc,heap        ] GC(1905) ParOldGen: 974864K(1398272K)->974864K(1398272K)
[218.078s][info][gc,metaspace   ] GC(1905) Metaspace: 126299K(130560K)->126299K(130560K) NonClass: 108199K(108864K)->108199K(108864K) Class: 18099K(21696K)->18099K(21696K)
[218.078s][info][gc             ] GC(1905) Pause Young (Allocation Failure) 1191M->966M(1820M) 2.246ms
[218.078s][info][gc,cpu         ] GC(1905) User=0.55s Sys=0.00s Real=0.02s
[218.094s][info][gc,start       ] GC(1906) Pause Young (Allocation Failure)
[218.096s][info][gc,heap        ] GC(1906) PSYoungGen: 247694K(465920K)->17311K(465920K) Eden: 232960K(232960K)->0K(232960K) From: 14734K(232960K)->17311K(232960K)
[218.096s][info][gc,heap        ] GC(1906) ParOldGen: 974864K(1398272K)->974864K(1398272K)
[218.096s][info][gc,metaspace   ] GC(1906) Metaspace: 126299K(130560K)->126299K(130560K) NonClass: 108199K(108864K)->108199K(108864K) Class: 18099K(21696K)->18099K(21696K)
[218.096s][info][gc             ] GC(1906) Pause Young (Allocation Failure) 1193M->968M(1820M) 2.529ms
[218.096s][info][gc,cpu         ] GC(1906) User=0.00s Sys=0.00s Real=0.00s
[218.111s][info][gc,start       ] GC(1907) Pause Young (Allocation Failure)
[218.114s][info][gc,heap        ] GC(1907) PSYoungGen: 250271K(465920K)->10282K(465920K) Eden: 232960K(232960K)->0K(232960K) From: 17311K(232960K)->10282K(232960K)
[218.114s][info][gc,heap        ] GC(1907) ParOldGen: 974864K(1398272K)->983908K(1398272K)
[218.114s][info][gc,metaspace   ] GC(1907) Metaspace: 126299K(130560K)->126299K(130560K) NonClass: 108199K(108864K)->108199K(108864K) Class: 18099K(21696K)->18099K(21696K)
[218.114s][info][gc             ] GC(1907) Pause Young (Allocation Failure) 1196M->970M(1820M) 2.723ms
[218.114s][info][gc,cpu         ] GC(1907) User=0.00s Sys=0.00s Real=0.00s
[218.129s][info][gc,start       ] GC(1908) Pause Young (Allocation Failure)
[218.133s][info][gc,heap        ] GC(1908) PSYoungGen: 243242K(465920K)->9617K(451584K) Eden: 232960K(232960K)->0K(232960K) From: 10282K(232960K)->9617K(218624K)
[218.133s][info][gc,heap        ] GC(1908) ParOldGen: 983908K(1398272K)->987904K(1398272K)
[218.133s][info][gc,metaspace   ] GC(1908) Metaspace: 126299K(130560K)->126299K(130560K) NonClass: 108199K(108864K)->108199K(108864K) Class: 18099K(21696K)->18099K(21696K)
[218.133s][info][gc             ] GC(1908) Pause Young (Allocation Failure) 1198M->974M(1806M) 3.459ms
[218.133s][info][gc,cpu         ] GC(1908) User=0.00s Sys=0.00s Real=0.00s
[218.149s][info][gc,start       ] GC(1909) Pause Young (Allocation Failure)
[218.153s][info][gc,heap        ] GC(1909) PSYoungGen: 242577K(451584K)->15899K(249344K) Eden: 232960K(232960K)->0K(232960K) From: 9617K(218624K)->15899K(16384K)
[218.153s][info][gc,heap        ] GC(1909) ParOldGen: 987904K(1398272K)->987904K(1398272K)
[218.153s][info][gc,metaspace   ] GC(1909) Metaspace: 126299K(130560K)->126299K(130560K) NonClass: 108199K(108864K)->108199K(108864K) Class: 18099K(21696K)->18099K(21696K)
[218.153s][info][gc             ] GC(1909) Pause Young (Allocation Failure) 1201M->980M(1609M) 4.101ms
[218.153s][info][gc,cpu         ] GC(1909) User=0.00s Sys=0.00s Real=0.00s
[218.168s][info][gc,start       ] GC(1910) Pause Young (Allocation Failure)
[218.173s][info][gc,heap        ] GC(1910) PSYoungGen: 248859K(249344K)->17398K(434176K) Eden: 232960K(232960K)->0K(239616K) From: 15899K(16384K)->17398K(194560K)
[218.173s][info][gc,heap        ] GC(1910) ParOldGen: 987904K(1398272K)->987904K(1398272K)
[218.173s][info][gc,metaspace   ] GC(1910) Metaspace: 126299K(130560K)->126299K(130560K) NonClass: 108199K(108864K)->108199K(108864K) Class: 18099K(21696K)->18099K(21696K)
[218.173s][info][gc             ] GC(1910) Pause Young (Allocation Failure) 1207M->981M(1789M) 4.473ms
[218.173s][info][gc,cpu         ] GC(1910) User=0.00s Sys=0.02s Real=0.02s
[218.189s][info][gc,start       ] GC(1911) Pause Young (Allocation Failure)
[218.193s][info][gc,heap        ] GC(1911) PSYoungGen: 257014K(434176K)->22118K(262144K) Eden: 239616K(239616K)->0K(239616K) From: 17398K(194560K)->22118K(22528K)
[218.193s][info][gc,heap        ] GC(1911) ParOldGen: 987904K(1398272K)->987904K(1398272K)
[218.193s][info][gc,metaspace   ] GC(1911) Metaspace: 126299K(130560K)->126299K(130560K) NonClass: 108199K(108864K)->108199K(108864K) Class: 18099K(21696K)->18099K(21696K)
[218.194s][info][gc             ] GC(1911) Pause Young (Allocation Failure) 1215M->986M(1621M) 4.492ms
[218.194s][info][gc,cpu         ] GC(1911) User=0.00s Sys=0.00s Real=0.00s
[218.209s][info][gc,start       ] GC(1912) Pause Young (Allocation Failure)
[218.215s][info][gc,heap        ] GC(1912) PSYoungGen: 261734K(262144K)->24461K(419328K) Eden: 239616K(239616K)->0K(246784K) From: 22118K(22528K)->24461K(172544K)
[218.215s][info][gc,heap        ] GC(1912) ParOldGen: 987904K(1398272K)->987904K(1398272K)
[218.215s][info][gc,metaspace   ] GC(1912) Metaspace: 126299K(130560K)->126299K(130560K) NonClass: 108199K(108864K)->108199K(108864K) Class: 18099K(21696K)->18099K(21696K)
[218.215s][info][gc             ] GC(1912) Pause Young (Allocation Failure) 1220M->988M(1775M) 5.874ms
[218.215s][info][gc,cpu         ] GC(1912) User=0.00s Sys=0.00s Real=0.00s
[218.231s][info][gc,start       ] GC(1913) Pause Young (Allocation Failure)
[218.236s][info][gc,heap        ] GC(1913) PSYoungGen: 271245K(419328K)->24429K(271360K) Eden: 246784K(246784K)->0K(246784K) From: 24461K(172544K)->24429K(24576K)
[218.236s][info][gc,heap        ] GC(1913) ParOldGen: 987904K(1398272K)->987904K(1398272K)
[218.236s][info][gc,metaspace   ] GC(1913) Metaspace: 126299K(130560K)->126299K(130560K) NonClass: 108199K(108864K)->108199K(108864K) Class: 18099K(21696K)->18099K(21696K)
[218.236s][info][gc             ] GC(1913) Pause Young (Allocation Failure) 1229M->988M(1630M) 4.869ms
[218.236s][info][gc,cpu         ] GC(1913) User=0.25s Sys=0.00s Real=0.02s
[218.253s][info][gc,start       ] GC(1914) Pause Young (Allocation Failure)
[218.258s][info][gc,heap        ] GC(1914) PSYoungGen: 271213K(271360K)->26024K(407552K) Eden: 246784K(246784K)->0K(254976K) From: 24429K(24576K)->26024K(152576K)
[218.258s][info][gc,heap        ] GC(1914) ParOldGen: 987904K(1398272K)->987904K(1398272K)
[218.258s][info][gc,metaspace   ] GC(1914) Metaspace: 126299K(130560K)->126299K(130560K) NonClass: 108199K(108864K)->108199K(108864K) Class: 18099K(21696K)->18099K(21696K)
[218.259s][info][gc             ] GC(1914) Pause Young (Allocation Failure) 1229M->990M(1763M) 5.997ms
[218.259s][info][gc,cpu         ] GC(1914) User=0.00s Sys=0.00s Real=0.00s
[218.276s][info][gc,start       ] GC(1915) Pause Young (Allocation Failure)
[218.281s][info][gc,heap        ] GC(1915) PSYoungGen: 281000K(407552K)->32274K(287744K) Eden: 254976K(254976K)->0K(254976K) From: 26024K(152576K)->32274K(32768K)
[218.281s][info][gc,heap        ] GC(1915) ParOldGen: 987904K(1398272K)->987904K(1398272K)
[218.281s][info][gc,metaspace   ] GC(1915) Metaspace: 126299K(130560K)->126299K(130560K) NonClass: 108199K(108864K)->108199K(108864K) Class: 18099K(21696K)->18099K(21696K)
[218.281s][info][gc             ] GC(1915) Pause Young (Allocation Failure) 1239M->996M(1646M) 5.326ms
[218.281s][info][gc,cpu         ] GC(1915) User=0.00s Sys=0.02s Real=0.02s
[218.299s][info][gc,start       ] GC(1916) Pause Young (Allocation Failure)
[218.306s][info][gc,heap        ] GC(1916) PSYoungGen: 287250K(287744K)->41649K(396288K) Eden: 254976K(254976K)->0K(264192K) From: 32274K(32768K)->41649K(132096K)
[218.306s][info][gc,heap        ] GC(1916) ParOldGen: 987904K(1398272K)->987904K(1398272K)
[218.306s][info][gc,metaspace   ] GC(1916) Metaspace: 126299K(130560K)->126299K(130560K) NonClass: 108199K(108864K)->108199K(108864K) Class: 18099K(21696K)->18099K(21696K)
[218.306s][info][gc             ] GC(1916) Pause Young (Allocation Failure) 1245M->1005M(1752M) 7.342ms
[218.306s][info][gc,cpu         ] GC(1916) User=0.00s Sys=0.00s Real=0.00s
[218.324s][info][gc,start       ] GC(1917) Pause Young (Allocation Failure)
[218.330s][info][gc,heap        ] GC(1917) PSYoungGen: 305841K(396288K)->54149K(405504K) Eden: 264192K(264192K)->0K(264192K) From: 41649K(132096K)->54149K(141312K)
[218.330s][info][gc,heap        ] GC(1917) ParOldGen: 987904K(1398272K)->987904K(1398272K)
[218.330s][info][gc,metaspace   ] GC(1917) Metaspace: 126299K(130560K)->126299K(130560K) NonClass: 108199K(108864K)->108199K(108864K) Class: 18099K(21696K)->18099K(21696K)
[218.330s][info][gc             ] GC(1917) Pause Young (Allocation Failure) 1263M->1017M(1761M) 6.229ms
[218.330s][info][gc,cpu         ] GC(1917) User=0.31s Sys=0.00s Real=0.02s
[218.348s][info][gc,start       ] GC(1918) Pause Young (Allocation Failure)
[218.355s][info][gc,heap        ] GC(1918) PSYoungGen: 318341K(405504K)->47899K(398336K) Eden: 264192K(264192K)->0K(274944K) From: 54149K(141312K)->47899K(123392K)
[218.355s][info][gc,heap        ] GC(1918) ParOldGen: 987904K(1398272K)->987904K(1398272K)
[218.355s][info][gc,metaspace   ] GC(1918) Metaspace: 126299K(130560K)->126299K(130560K) NonClass: 108199K(108864K)->108199K(108864K) Class: 18099K(21696K)->18099K(21696K)
[218.355s][info][gc             ] GC(1918) Pause Young (Allocation Failure) 1275M->1011M(1754M) 7.238ms
[218.355s][info][gc,cpu         ] GC(1918) User=0.00s Sys=0.00s Real=0.00s
[218.373s][info][gc,start       ] GC(1919) Pause Young (Allocation Failure)
[218.379s][info][gc,heap        ] GC(1919) PSYoungGen: 322843K(398336K)->47931K(404480K) Eden: 274944K(274944K)->0K(274944K) From: 47899K(123392K)->47931K(129536K)
[218.379s][info][gc,heap        ] GC(1919) ParOldGen: 987904K(1398272K)->987904K(1398272K)
[218.379s][info][gc,metaspace   ] GC(1919) Metaspace: 126299K(130560K)->126299K(130560K) NonClass: 108199K(108864K)->108199K(108864K) Class: 18099K(21696K)->18099K(21696K)
[218.379s][info][gc             ] GC(1919) Pause Young (Allocation Failure) 1280M->1011M(1760M) 5.502ms
[218.379s][info][gc,cpu         ] GC(1919) User=0.52s Sys=0.00s Real=0.02s
[218.397s][info][gc,start       ] GC(1920) Pause Young (Allocation Failure)
[218.404s][info][gc,heap        ] GC(1920) PSYoungGen: 322875K(404480K)->47931K(397824K) Eden: 274944K(274944K)->0K(286720K) From: 47931K(129536K)->47931K(111104K)
[218.404s][info][gc,heap        ] GC(1920) ParOldGen: 987904K(1398272K)->987904K(1398272K)
[218.404s][info][gc,metaspace   ] GC(1920) Metaspace: 126299K(130560K)->126299K(130560K) NonClass: 108199K(108864K)->108199K(108864K) Class: 18099K(21696K)->18099K(21696K)
[218.404s][info][gc             ] GC(1920) Pause Young (Allocation Failure) 1280M->1011M(1754M) 7.327ms
[218.404s][info][gc,cpu         ] GC(1920) User=0.00s Sys=0.00s Real=0.00s
[218.423s][info][gc,start       ] GC(1921) Pause Young (Allocation Failure)
[218.428s][info][gc,heap        ] GC(1921) PSYoungGen: 334651K(397824K)->47931K(403456K) Eden: 286720K(286720K)->0K(286720K) From: 47931K(111104K)->47931K(116736K)
[218.428s][info][gc,heap        ] GC(1921) ParOldGen: 987904K(1398272K)->987904K(1398272K)
[218.428s][info][gc,metaspace   ] GC(1921) Metaspace: 126299K(130560K)->126299K(130560K) NonClass: 108199K(108864K)->108199K(108864K) Class: 18099K(21696K)->18099K(21696K)
[218.428s][info][gc             ] GC(1921) Pause Young (Allocation Failure) 1291M->1011M(1759M) 5.149ms
[218.429s][info][gc,cpu         ] GC(1921) User=0.00s Sys=0.00s Real=0.00s
[218.447s][info][gc,start       ] GC(1922) Pause Young (Allocation Failure)
[218.453s][info][gc,heap        ] GC(1922) PSYoungGen: 334651K(403456K)->47899K(399360K) Eden: 286720K(286720K)->0K(298496K) From: 47931K(116736K)->47899K(100864K)
[218.454s][info][gc,heap        ] GC(1922) ParOldGen: 987904K(1398272K)->987920K(1398272K)
[218.454s][info][gc,metaspace   ] GC(1922) Metaspace: 126299K(130560K)->126299K(130560K) NonClass: 108199K(108864K)->108199K(108864K) Class: 18099K(21696K)->18099K(21696K)
[218.454s][info][gc             ] GC(1922) Pause Young (Allocation Failure) 1291M->1011M(1755M) 6.471ms
[218.454s][info][gc,cpu         ] GC(1922) User=0.00s Sys=0.02s Real=0.02s
[218.473s][info][gc,start       ] GC(1923) Pause Young (Allocation Failure)
[218.479s][info][gc,heap        ] GC(1923) PSYoungGen: 346395K(399360K)->47899K(404480K) Eden: 298496K(298496K)->0K(298496K) From: 47899K(100864K)->47899K(105984K)
[218.479s][info][gc,heap        ] GC(1923) ParOldGen: 987920K(1398272K)->987920K(1398272K)
[218.479s][info][gc,metaspace   ] GC(1923) Metaspace: 126299K(130560K)->126299K(130560K) NonClass: 108199K(108864K)->108199K(108864K) Class: 18099K(21696K)->18099K(21696K)
[218.479s][info][gc             ] GC(1923) Pause Young (Allocation Failure) 1303M->1011M(1760M) 5.244ms
[218.479s][info][gc,cpu         ] GC(1923) User=0.00s Sys=0.00s Real=0.00s
[218.498s][info][gc,start       ] GC(1924) Pause Young (Allocation Failure)
[218.505s][info][gc,heap        ] GC(1924) PSYoungGen: 346395K(404480K)->57274K(411136K) Eden: 298496K(298496K)->0K(311296K) From: 47899K(105984K)->57274K(99840K)
[218.505s][info][gc,heap        ] GC(1924) ParOldGen: 987920K(1398272K)->987920K(1398272K)
[218.505s][info][gc,metaspace   ] GC(1924) Metaspace: 126299K(130560K)->126299K(130560K) NonClass: 108199K(108864K)->108199K(108864K) Class: 18099K(21696K)->18099K(21696K)
[218.505s][info][gc             ] GC(1924) Pause Young (Allocation Failure) 1303M->1020M(1767M) 6.582ms
[218.505s][info][gc,cpu         ] GC(1924) User=0.52s Sys=0.00s Real=0.02s
[218.531s][info][gc,start       ] GC(1925) Pause Young (Allocation Failure)
[218.538s][info][gc,heap        ] GC(1925) PSYoungGen: 368570K(411136K)->72931K(411648K) Eden: 311296K(311296K)->0K(311296K) From: 57274K(99840K)->72931K(100352K)
[218.538s][info][gc,heap        ] GC(1925) ParOldGen: 987920K(1398272K)->987920K(1398272K)
[218.538s][info][gc,metaspace   ] GC(1925) Metaspace: 126299K(130560K)->126299K(130560K) NonClass: 108199K(108864K)->108199K(108864K) Class: 18099K(21696K)->18099K(21696K)
[218.538s][info][gc             ] GC(1925) Pause Young (Allocation Failure) 1324M->1035M(1767M) 7.504ms
[218.538s][info][gc,cpu         ] GC(1925) User=0.00s Sys=0.00s Real=0.00s
[218.562s][info][gc,start       ] GC(1926) Pause Young (Allocation Failure)
[218.575s][info][gc,heap        ] GC(1926) PSYoungGen: 384227K(411648K)->101056K(416256K) Eden: 311296K(311296K)->0K(311296K) From: 72931K(100352K)->101056K(104960K)
[218.575s][info][gc,heap        ] GC(1926) ParOldGen: 987920K(1398272K)->987920K(1398272K)
[218.575s][info][gc,metaspace   ] GC(1926) Metaspace: 126299K(130560K)->126299K(130560K) NonClass: 108199K(108864K)->108199K(108864K) Class: 18099K(21696K)->18099K(21696K)
[218.575s][info][gc             ] GC(1926) Pause Young (Allocation Failure) 1339M->1063M(1772M) 13.023ms
[218.575s][info][gc,cpu         ] GC(1926) User=0.00s Sys=0.00s Real=0.00s
[218.596s][info][gc,start       ] GC(1927) Pause Young (Allocation Failure)
[218.606s][info][gc,heap        ] GC(1927) PSYoungGen: 412352K(416256K)->101056K(430080K) Eden: 311296K(311296K)->0K(311296K) From: 101056K(104960K)->101056K(118784K)
[218.606s][info][gc,heap        ] GC(1927) ParOldGen: 987920K(1398272K)->987920K(1398272K)
[218.606s][info][gc,metaspace   ] GC(1927) Metaspace: 126299K(130560K)->126299K(130560K) NonClass: 108199K(108864K)->108199K(108864K) Class: 18099K(21696K)->18099K(21696K)
[218.606s][info][gc             ] GC(1927) Pause Young (Allocation Failure) 1367M->1063M(1785M) 10.654ms
[218.606s][info][gc,cpu         ] GC(1927) User=0.00s Sys=0.00s Real=0.00s
[218.627s][info][gc,start       ] GC(1928) Pause Young (Allocation Failure)
[218.640s][info][gc,heap        ] GC(1928) PSYoungGen: 412352K(430080K)->97931K(450560K) Eden: 311296K(311296K)->0K(320512K) From: 101056K(118784K)->97931K(130048K)
[218.640s][info][gc,heap        ] GC(1928) ParOldGen: 987920K(1398272K)->987920K(1398272K)
[218.640s][info][gc,metaspace   ] GC(1928) Metaspace: 126299K(130560K)->126299K(130560K) NonClass: 108199K(108864K)->108199K(108864K) Class: 18099K(21696K)->18099K(21696K)
[218.640s][info][gc             ] GC(1928) Pause Young (Allocation Failure) 1367M->1060M(1805M) 12.932ms
[218.640s][info][gc,cpu         ] GC(1928) User=0.02s Sys=0.00s Real=0.01s
[218.661s][info][gc,start       ] GC(1929) Pause Young (Allocation Failure)
[218.671s][info][gc,heap        ] GC(1929) PSYoungGen: 418443K(450560K)->94774K(458240K) Eden: 320512K(320512K)->0K(320512K) From: 97931K(130048K)->94774K(137728K)
[218.671s][info][gc,heap        ] GC(1929) ParOldGen: 987920K(1398272K)->987920K(1398272K)
[218.671s][info][gc,metaspace   ] GC(1929) Metaspace: 126299K(130560K)->126299K(130560K) NonClass: 108199K(108864K)->108199K(108864K) Class: 18099K(21696K)->18099K(21696K)
[218.671s][info][gc             ] GC(1929) Pause Young (Allocation Failure) 1373M->1057M(1813M) 9.835ms
[218.671s][info][gc,cpu         ] GC(1929) User=0.00s Sys=0.00s Real=0.00s
[218.692s][info][gc,start       ] GC(1930) Pause Young (Allocation Failure)
[218.704s][info][gc,heap        ] GC(1930) PSYoungGen: 415286K(458240K)->96750K(477696K) Eden: 320512K(320512K)->0K(335872K) From: 94774K(137728K)->96750K(141824K)
[218.704s][info][gc,heap        ] GC(1930) ParOldGen: 987920K(1398272K)->987920K(1398272K)
[218.704s][info][gc,metaspace   ] GC(1930) Metaspace: 126299K(130560K)->126299K(130560K) NonClass: 108199K(108864K)->108199K(108864K) Class: 18099K(21696K)->18099K(21696K)
[218.704s][info][gc             ] GC(1930) Pause Young (Allocation Failure) 1370M->1059M(1832M) 11.822ms
[218.704s][info][gc,cpu         ] GC(1930) User=0.02s Sys=0.05s Real=0.02s
[218.728s][info][gc,start       ] GC(1931) Pause Young (Allocation Failure)
[218.741s][info][gc,heap        ] GC(1931) PSYoungGen: 432622K(477696K)->127553K(481792K) Eden: 335872K(335872K)->0K(335872K) From: 96750K(141824K)->127553K(145920K)
[218.741s][info][gc,heap        ] GC(1931) ParOldGen: 987920K(1398272K)->987920K(1398272K)
[218.741s][info][gc,metaspace   ] GC(1931) Metaspace: 126299K(130560K)->126299K(130560K) NonClass: 108199K(108864K)->108199K(108864K) Class: 18099K(21696K)->18099K(21696K)
[218.741s][info][gc             ] GC(1931) Pause Young (Allocation Failure) 1387M->1089M(1836M) 12.899ms
[218.741s][info][gc,cpu         ] GC(1931) User=0.39s Sys=0.00s Real=0.02s
[218.766s][info][gc,start       ] GC(1932) Pause Young (Allocation Failure)
[218.789s][info][gc,heap        ] GC(1932) PSYoungGen: 463425K(481792K)->119738K(509952K) Eden: 335872K(335872K)->0K(349696K) From: 127553K(145920K)->119738K(160256K)
[218.789s][info][gc,heap        ] GC(1932) ParOldGen: 987920K(1398272K)->987920K(1398272K)
[218.789s][info][gc,metaspace   ] GC(1932) Metaspace: 126299K(130560K)->126299K(130560K) NonClass: 108199K(108864K)->108199K(108864K) Class: 18099K(21696K)->18099K(21696K)
[218.789s][info][gc             ] GC(1932) Pause Young (Allocation Failure) 1417M->1081M(1863M) 23.723ms
[218.790s][info][gc,cpu         ] GC(1932) User=0.14s Sys=0.22s Real=0.03s
[218.814s][info][gc,start       ] GC(1933) Pause Young (Allocation Failure)
[218.826s][info][gc,heap        ] GC(1933) PSYoungGen: 469434K(509952K)->127267K(518144K) Eden: 349696K(349696K)->0K(349696K) From: 119738K(160256K)->127267K(168448K)
[218.826s][info][gc,heap        ] GC(1933) ParOldGen: 987920K(1398272K)->987920K(1398272K)
[218.826s][info][gc,metaspace   ] GC(1933) Metaspace: 126299K(130560K)->126299K(130560K) NonClass: 108199K(108864K)->108199K(108864K) Class: 18099K(21696K)->18099K(21696K)
[218.826s][info][gc             ] GC(1933) Pause Young (Allocation Failure) 1423M->1089M(1871M) 12.384ms
[218.826s][info][gc,cpu         ] GC(1933) User=0.47s Sys=0.00s Real=0.02s
[218.850s][info][gc,start       ] GC(1934) Pause Young (Allocation Failure)
[218.864s][info][gc,heap        ] GC(1934) PSYoungGen: 476963K(518144K)->134541K(503296K) Eden: 349696K(349696K)->0K(326144K) From: 127267K(168448K)->134541K(177152K)
[218.864s][info][gc,heap        ] GC(1934) ParOldGen: 987920K(1398272K)->987920K(1398272K)
[218.864s][info][gc,metaspace   ] GC(1934) Metaspace: 126299K(130560K)->126299K(130560K) NonClass: 108199K(108864K)->108199K(108864K) Class: 18099K(21696K)->18099K(21696K)
[218.864s][info][gc             ] GC(1934) Pause Young (Allocation Failure) 1430M->1096M(1857M) 14.741ms
[218.864s][info][gc,cpu         ] GC(1934) User=0.34s Sys=0.05s Real=0.02s
[218.886s][info][gc,start       ] GC(1935) Pause Young (Allocation Failure)
[218.899s][info][gc,heap        ] GC(1935) PSYoungGen: 460685K(503296K)->137686K(463872K) Eden: 326144K(326144K)->0K(326144K) From: 134541K(177152K)->137686K(137728K)
[218.899s][info][gc,heap        ] GC(1935) ParOldGen: 987920K(1398272K)->987920K(1398272K)
[218.899s][info][gc,metaspace   ] GC(1935) Metaspace: 126299K(130560K)->126299K(130560K) NonClass: 108199K(108864K)->108199K(108864K) Class: 18099K(21696K)->18099K(21696K)
[218.899s][info][gc             ] GC(1935) Pause Young (Allocation Failure) 1414M->1099M(1818M) 12.730ms
[218.899s][info][gc,cpu         ] GC(1935) User=0.48s Sys=0.00s Real=0.01s
[218.921s][info][gc,start       ] GC(1936) Pause Young (Allocation Failure)
[218.934s][info][gc,heap        ] GC(1936) PSYoungGen: 463830K(463872K)->144120K(487424K) Eden: 326144K(326144K)->0K(292352K) From: 137686K(137728K)->144120K(195072K)
[218.934s][info][gc,heap        ] GC(1936) ParOldGen: 987920K(1398272K)->987920K(1398272K)
[218.934s][info][gc,metaspace   ] GC(1936) Metaspace: 126299K(130560K)->126299K(130560K) NonClass: 108199K(108864K)->108199K(108864K) Class: 18099K(21696K)->18099K(21696K)
[218.934s][info][gc             ] GC(1936) Pause Young (Allocation Failure) 1417M->1105M(1841M) 13.524ms
[218.934s][info][gc,cpu         ] GC(1936) User=0.52s Sys=0.00s Real=0.02s
[218.953s][info][gc,start       ] GC(1937) Pause Young (Allocation Failure)
[218.966s][info][gc,heap        ] GC(1937) PSYoungGen: 436472K(487424K)->145241K(437760K) Eden: 292352K(292352K)->0K(292352K) From: 144120K(195072K)->145241K(145408K)
[218.966s][info][gc,heap        ] GC(1937) ParOldGen: 987920K(1398272K)->987920K(1398272K)
[218.966s][info][gc,metaspace   ] GC(1937) Metaspace: 126299K(130560K)->126299K(130560K) NonClass: 108199K(108864K)->108199K(108864K) Class: 18099K(21696K)->18099K(21696K)
[218.966s][info][gc             ] GC(1937) Pause Young (Allocation Failure) 1391M->1106M(1793M) 13.194ms
[218.967s][info][gc,cpu         ] GC(1937) User=0.52s Sys=0.00s Real=0.02s
[218.986s][info][gc,start       ] GC(1938) Pause Young (Allocation Failure)
[218.999s][info][gc,heap        ] GC(1938) PSYoungGen: 437593K(437760K)->148435K(476672K) Eden: 292352K(292352K)->0K(266752K) From: 145241K(145408K)->148435K(209920K)
[218.999s][info][gc,heap        ] GC(1938) ParOldGen: 987920K(1398272K)->987920K(1398272K)
[218.999s][info][gc,metaspace   ] GC(1938) Metaspace: 126299K(130560K)->126299K(130560K) NonClass: 108199K(108864K)->108199K(108864K) Class: 18099K(21696K)->18099K(21696K)
[218.999s][info][gc             ] GC(1938) Pause Young (Allocation Failure) 1392M->1109M(1831M) 13.548ms
[218.999s][info][gc,cpu         ] GC(1938) User=0.23s Sys=0.00s Real=0.02s
[219.017s][info][gc,start       ] GC(1939) Pause Young (Allocation Failure)
[219.031s][info][gc,heap        ] GC(1939) PSYoungGen: 415187K(476672K)->147635K(414720K) Eden: 266752K(266752K)->0K(266752K) From: 148435K(209920K)->147635K(147968K)
[219.031s][info][gc,heap        ] GC(1939) ParOldGen: 987920K(1398272K)->987920K(1398272K)
[219.031s][info][gc,metaspace   ] GC(1939) Metaspace: 126299K(130560K)->126299K(130560K) NonClass: 108199K(108864K)->108199K(108864K) Class: 18099K(21696K)->18099K(21696K)
[219.031s][info][gc             ] GC(1939) Pause Young (Allocation Failure) 1370M->1108M(1770M) 13.932ms
[219.031s][info][gc,cpu         ] GC(1939) User=0.28s Sys=0.00s Real=0.02s
[219.048s][info][gc,start       ] GC(1940) Pause Young (Allocation Failure)
[219.062s][info][gc,heap        ] GC(1940) PSYoungGen: 414387K(414720K)->149934K(472576K) Eden: 266752K(266752K)->0K(252416K) From: 147635K(147968K)->149934K(220160K)
[219.062s][info][gc,heap        ] GC(1940) ParOldGen: 987920K(1398272K)->987920K(1398272K)
[219.062s][info][gc,metaspace   ] GC(1940) Metaspace: 126299K(130560K)->126299K(130560K) NonClass: 108199K(108864K)->108199K(108864K) Class: 18099K(21696K)->18099K(21696K)
[219.062s][info][gc             ] GC(1940) Pause Young (Allocation Failure) 1369M->1111M(1827M) 14.320ms
[219.062s][info][gc,cpu         ] GC(1940) User=0.34s Sys=0.00s Real=0.02s
[219.079s][info][gc,start       ] GC(1941) Pause Young (Allocation Failure)
[219.095s][info][gc,heap        ] GC(1941) PSYoungGen: 402350K(472576K)->167089K(419840K) Eden: 252416K(252416K)->0K(252416K) From: 149934K(220160K)->167089K(167424K)
[219.095s][info][gc,heap        ] GC(1941) ParOldGen: 987920K(1398272K)->987920K(1398272K)
[219.095s][info][gc,metaspace   ] GC(1941) Metaspace: 126299K(130560K)->126299K(130560K) NonClass: 108199K(108864K)->108199K(108864K) Class: 18099K(21696K)->18099K(21696K)
[219.095s][info][gc             ] GC(1941) Pause Young (Allocation Failure) 1357M->1127M(1775M) 16.570ms
[219.095s][info][gc,cpu         ] GC(1941) User=0.47s Sys=0.00s Real=0.02s
[219.112s][info][gc,start       ] GC(1942) Pause Young (Allocation Failure)
[219.129s][info][gc,heap        ] GC(1942) PSYoungGen: 419505K(419840K)->168780K(464384K) Eden: 252416K(252416K)->0K(232960K) From: 167089K(167424K)->168780K(231424K)
[219.129s][info][gc,heap        ] GC(1942) ParOldGen: 987920K(1398272K)->987928K(1398272K)
[219.129s][info][gc,metaspace   ] GC(1942) Metaspace: 126299K(130560K)->126299K(130560K) NonClass: 108199K(108864K)->108199K(108864K) Class: 18099K(21696K)->18099K(21696K)
[219.129s][info][gc             ] GC(1942) Pause Young (Allocation Failure) 1374M->1129M(1819M) 16.489ms
[219.129s][info][gc,cpu         ] GC(1942) User=0.52s Sys=0.00s Real=0.02s
[219.144s][info][gc,start       ] GC(1943) Pause Young (Allocation Failure)
[219.161s][info][gc,heap        ] GC(1943) PSYoungGen: 401740K(464384K)->174991K(465920K) Eden: 232960K(232960K)->0K(232960K) From: 168780K(231424K)->174991K(232960K)
[219.161s][info][gc,heap        ] GC(1943) ParOldGen: 987928K(1398272K)->987928K(1398272K)
[219.161s][info][gc,metaspace   ] GC(1943) Metaspace: 126299K(130560K)->126299K(130560K) NonClass: 108199K(108864K)->108199K(108864K) Class: 18099K(21696K)->18099K(21696K)
[219.161s][info][gc             ] GC(1943) Pause Young (Allocation Failure) 1357M->1135M(1820M) 16.993ms
[219.161s][info][gc,cpu         ] GC(1943) User=0.52s Sys=0.00s Real=0.02s
[219.176s][info][gc,start       ] GC(1944) Pause Young (Allocation Failure)
[219.193s][info][gc,heap        ] GC(1944) PSYoungGen: 407951K(465920K)->125189K(465920K) Eden: 232960K(232960K)->0K(232960K) From: 174991K(232960K)->125189K(232960K)
[219.193s][info][gc,heap        ] GC(1944) ParOldGen: 987928K(1398272K)->1033402K(1398272K)
[219.193s][info][gc,metaspace   ] GC(1944) Metaspace: 126299K(130560K)->126299K(130560K) NonClass: 108199K(108864K)->108199K(108864K) Class: 18099K(21696K)->18099K(21696K)
[219.193s][info][gc             ] GC(1944) Pause Young (Allocation Failure) 1363M->1131M(1820M) 17.128ms
[219.193s][info][gc,cpu         ] GC(1944) User=0.52s Sys=0.00s Real=0.02s
[219.208s][info][gc,start       ] GC(1945) Pause Young (Allocation Failure)
[219.220s][info][gc,heap        ] GC(1945) PSYoungGen: 358149K(465920K)->54855K(465920K) Eden: 232960K(232960K)->0K(232960K) From: 125189K(232960K)->54855K(232960K)
[219.220s][info][gc,heap        ] GC(1945) ParOldGen: 1033402K(1398272K)->1103985K(1398272K)
[219.220s][info][gc,metaspace   ] GC(1945) Metaspace: 126299K(130560K)->126299K(130560K) NonClass: 108199K(108864K)->108199K(108864K) Class: 18099K(21696K)->18099K(21696K)
[219.220s][info][gc             ] GC(1945) Pause Young (Allocation Failure) 1358M->1131M(1820M) 11.801ms
[219.220s][info][gc,cpu         ] GC(1945) User=0.47s Sys=0.02s Real=0.02s
[219.236s][info][gc,start       ] GC(1946) Pause Young (Allocation Failure)
[219.241s][info][gc,heap        ] GC(1946) PSYoungGen: 287815K(465920K)->49429K(465920K) Eden: 232960K(232960K)->0K(232960K) From: 54855K(232960K)->49429K(232960K)
[219.241s][info][gc,heap        ] GC(1946) ParOldGen: 1103985K(1398272K)->1112581K(1398272K)
[219.241s][info][gc,metaspace   ] GC(1946) Metaspace: 126299K(130560K)->126299K(130560K) NonClass: 108199K(108864K)->108199K(108864K) Class: 18099K(21696K)->18099K(21696K)
[219.242s][info][gc             ] GC(1946) Pause Young (Allocation Failure) 1359M->1134M(1820M) 5.962ms
[219.242s][info][gc,cpu         ] GC(1946) User=0.00s Sys=0.00s Real=0.00s
[219.257s][info][gc,start       ] GC(1947) Pause Young (Allocation Failure)
[219.262s][info][gc,heap        ] GC(1947) PSYoungGen: 282389K(465920K)->47899K(465920K) Eden: 232960K(232960K)->0K(232960K) From: 49429K(232960K)->47899K(232960K)
[219.262s][info][gc,heap        ] GC(1947) ParOldGen: 1112581K(1398272K)->1112605K(1398272K)
[219.262s][info][gc,metaspace   ] GC(1947) Metaspace: 126299K(130560K)->126299K(130560K) NonClass: 108199K(108864K)->108199K(108864K) Class: 18099K(21696K)->18099K(21696K)
[219.262s][info][gc             ] GC(1947) Pause Young (Allocation Failure) 1362M->1133M(1820M) 5.522ms
[219.262s][info][gc,cpu         ] GC(1947) User=0.00s Sys=0.00s Real=0.00s
[219.277s][info][gc,start       ] GC(1948) Pause Young (Allocation Failure)
[219.282s][info][gc,heap        ] GC(1948) PSYoungGen: 280859K(465920K)->47899K(465920K) Eden: 232960K(232960K)->0K(232960K) From: 47899K(232960K)->47899K(232960K)
[219.283s][info][gc,heap        ] GC(1948) ParOldGen: 1112605K(1398272K)->1112709K(1398272K)
[219.283s][info][gc,metaspace   ] GC(1948) Metaspace: 126299K(130560K)->126299K(130560K) NonClass: 108199K(108864K)->108199K(108864K) Class: 18099K(21696K)->18099K(21696K)
[219.283s][info][gc             ] GC(1948) Pause Young (Allocation Failure) 1360M->1133M(1820M) 5.368ms
[219.283s][info][gc,cpu         ] GC(1948) User=0.25s Sys=0.00s Real=0.02s
[219.297s][info][gc,start       ] GC(1949) Pause Young (Allocation Failure)
[219.303s][info][gc,heap        ] GC(1949) PSYoungGen: 280859K(465920K)->22835K(465920K) Eden: 232959K(232960K)->0K(232960K) From: 47899K(232960K)->22835K(232960K)
[219.303s][info][gc,heap        ] GC(1949) ParOldGen: 1112709K(1398272K)->1137789K(1398272K)
[219.303s][info][gc,metaspace   ] GC(1949) Metaspace: 126299K(130560K)->126299K(130560K) NonClass: 108199K(108864K)->108199K(108864K) Class: 18099K(21696K)->18099K(21696K)
[219.303s][info][gc             ] GC(1949) Pause Young (Allocation Failure) 1360M->1133M(1820M) 5.605ms
[219.303s][info][gc,cpu         ] GC(1949) User=0.00s Sys=0.00s Real=0.00s
[219.318s][info][gc,start       ] GC(1950) Pause Young (Allocation Failure)
[219.321s][info][gc,heap        ] GC(1950) PSYoungGen: 255795K(465920K)->4149K(465920K) Eden: 232960K(232960K)->0K(232960K) From: 22835K(232960K)->4149K(232960K)
[219.321s][info][gc,heap        ] GC(1950) ParOldGen: 1137789K(1398272K)->1156595K(1398272K)
[219.321s][info][gc,metaspace   ] GC(1950) Metaspace: 126299K(130560K)->126299K(130560K) NonClass: 108199K(108864K)->108199K(108864K) Class: 18099K(21696K)->18099K(21696K)
[219.321s][info][gc             ] GC(1950) Pause Young (Allocation Failure) 1360M->1133M(1820M) 3.060ms
[219.321s][info][gc,cpu         ] GC(1950) User=0.00s Sys=0.00s Real=0.00s
[219.337s][info][gc,start       ] GC(1951) Pause Young (Allocation Failure)
[219.339s][info][gc,heap        ] GC(1951) PSYoungGen: 237109K(465920K)->10431K(465920K) Eden: 232960K(232960K)->0K(232960K) From: 4149K(232960K)->10431K(232960K)
[219.339s][info][gc,heap        ] GC(1951) ParOldGen: 1156595K(1398272K)->1156683K(1398272K)
[219.339s][info][gc,metaspace   ] GC(1951) Metaspace: 126299K(130560K)->126299K(130560K) NonClass: 108199K(108864K)->108199K(108864K) Class: 18099K(21696K)->18099K(21696K)
[219.339s][info][gc             ] GC(1951) Pause Young (Allocation Failure) 1361M->1139M(1820M) 2.331ms
[219.339s][info][gc,cpu         ] GC(1951) User=0.00s Sys=0.00s Real=0.00s
[219.360s][info][gc,start       ] GC(1952) Pause Young (Allocation Failure)
[219.363s][info][gc,heap        ] GC(1952) PSYoungGen: 241384K(465920K)->19870K(456704K) Eden: 230953K(232960K)->0K(232960K) From: 10431K(232960K)->19870K(223744K)
[219.363s][info][gc,heap        ] GC(1952) ParOldGen: 1156683K(1398272K)->1159920K(1398272K)
[219.363s][info][gc,metaspace   ] GC(1952) Metaspace: 126299K(130560K)->126299K(130560K) NonClass: 108199K(108864K)->108199K(108864K) Class: 18099K(21696K)->18099K(21696K)
[219.363s][info][gc             ] GC(1952) Pause Young (Allocation Failure) 1365M->1152M(1811M) 3.040ms
[219.363s][info][gc,cpu         ] GC(1952) User=0.00s Sys=0.00s Real=0.00s
[219.380s][info][gc,start       ] GC(1953) Pause Young (Allocation Failure)
[219.384s][info][gc,heap        ] GC(1953) PSYoungGen: 251182K(456704K)->44806K(278016K) Eden: 231312K(232960K)->0K(232960K) From: 19870K(223744K)->44806K(45056K)
[219.384s][info][gc,heap        ] GC(1953) ParOldGen: 1159920K(1398272K)->1159920K(1398272K)
[219.384s][info][gc,metaspace   ] GC(1953) Metaspace: 126299K(130560K)->126299K(130560K) NonClass: 108199K(108864K)->108199K(108864K) Class: 18099K(21696K)->18099K(21696K)
[219.384s][info][gc             ] GC(1953) Pause Young (Allocation Failure) 1378M->1176M(1637M) 4.756ms
[219.385s][info][gc,cpu         ] GC(1953) User=0.00s Sys=0.00s Real=0.00s
[219.400s][info][gc,start       ] GC(1954) Pause Young (Allocation Failure)
[219.408s][info][gc,heap        ] GC(1954) PSYoungGen: 277766K(278016K)->76088K(439296K) Eden: 232960K(232960K)->0K(244736K) From: 44806K(45056K)->76088K(194560K)
[219.408s][info][gc,heap        ] GC(1954) ParOldGen: 1159920K(1398272K)->1159920K(1398272K)
[219.408s][info][gc,metaspace   ] GC(1954) Metaspace: 126299K(130560K)->126299K(130560K) NonClass: 108199K(108864K)->108199K(108864K) Class: 18099K(21696K)->18099K(21696K)
[219.408s][info][gc             ] GC(1954) Pause Young (Allocation Failure) 1403M->1207M(1794M) 8.210ms
[219.408s][info][gc,cpu         ] GC(1954) User=0.13s Sys=0.00s Real=0.02s
[219.425s][info][gc,start       ] GC(1955) Pause Young (Allocation Failure)
[219.434s][info][gc,heap        ] GC(1955) PSYoungGen: 320824K(439296K)->88556K(450048K) Eden: 244736K(244736K)->0K(244736K) From: 76088K(194560K)->88556K(205312K)
[219.434s][info][gc,heap        ] GC(1955) ParOldGen: 1159920K(1398272K)->1159920K(1398272K)
[219.434s][info][gc,metaspace   ] GC(1955) Metaspace: 126299K(130560K)->126299K(130560K) NonClass: 108199K(108864K)->108199K(108864K) Class: 18099K(21696K)->18099K(21696K)
[219.434s][info][gc             ] GC(1955) Pause Young (Allocation Failure) 1446M->1219M(1805M) 8.933ms
[219.434s][info][gc,cpu         ] GC(1955) User=0.00s Sys=0.00s Real=0.00s
[219.450s][info][gc,start       ] GC(1956) Pause Young (Allocation Failure)
[219.459s][info][gc,heap        ] GC(1956) PSYoungGen: 333292K(450048K)->88524K(445440K) Eden: 244736K(244736K)->0K(259072K) From: 88556K(205312K)->88524K(186368K)
[219.459s][info][gc,heap        ] GC(1956) ParOldGen: 1159920K(1398272K)->1159920K(1398272K)
[219.459s][info][gc,metaspace   ] GC(1956) Metaspace: 126299K(130560K)->126299K(130560K) NonClass: 108199K(108864K)->108199K(108864K) Class: 18099K(21696K)->18099K(21696K)
[219.459s][info][gc             ] GC(1956) Pause Young (Allocation Failure) 1458M->1219M(1800M) 9.665ms
[219.459s][info][gc,cpu         ] GC(1956) User=0.23s Sys=0.00s Real=0.02s
[219.477s][info][gc,start       ] GC(1957) Pause Young (Allocation Failure)
[219.485s][info][gc,heap        ] GC(1957) PSYoungGen: 347596K(445440K)->88524K(451072K) Eden: 259072K(259072K)->0K(259072K) From: 88524K(186368K)->88524K(192000K)
[219.485s][info][gc,heap        ] GC(1957) ParOldGen: 1159920K(1398272K)->1159920K(1398272K)
[219.485s][info][gc,metaspace   ] GC(1957) Metaspace: 126299K(130560K)->126299K(130560K) NonClass: 108199K(108864K)->108199K(108864K) Class: 18099K(21696K)->18099K(21696K)
[219.485s][info][gc             ] GC(1957) Pause Young (Allocation Failure) 1472M->1219M(1806M) 8.538ms
[219.485s][info][gc,cpu         ] GC(1957) User=0.00s Sys=0.00s Real=0.00s
[219.508s][info][gc,start       ] GC(1958) Pause Young (Allocation Failure)
[219.518s][info][gc,heap        ] GC(1958) PSYoungGen: 347596K(451072K)->92620K(451072K) Eden: 259072K(259072K)->0K(274432K) From: 88524K(192000K)->92620K(176640K)
[219.518s][info][gc,heap        ] GC(1958) ParOldGen: 1159920K(1398272K)->1159920K(1398272K)
[219.518s][info][gc,metaspace   ] GC(1958) Metaspace: 126299K(130560K)->126299K(130560K) NonClass: 108199K(108864K)->108199K(108864K) Class: 18099K(21696K)->18099K(21696K)
[219.518s][info][gc             ] GC(1958) Pause Young (Allocation Failure) 1472M->1223M(1806M) 10.063ms
[219.518s][info][gc,cpu         ] GC(1958) User=0.00s Sys=0.00s Real=0.00s
[219.537s][info][gc,start       ] GC(1959) Pause Young (Allocation Failure)
[219.547s][info][gc,heap        ] GC(1959) PSYoungGen: 367052K(451072K)->100851K(455680K) Eden: 274432K(274432K)->0K(274432K) From: 92620K(176640K)->100851K(181248K)
[219.547s][info][gc,heap        ] GC(1959) ParOldGen: 1159920K(1398272K)->1159920K(1398272K)
[219.547s][info][gc,metaspace   ] GC(1959) Metaspace: 126299K(130560K)->126299K(130560K) NonClass: 108199K(108864K)->108199K(108864K) Class: 18099K(21696K)->18099K(21696K)
[219.547s][info][gc             ] GC(1959) Pause Young (Allocation Failure) 1491M->1231M(1810M) 9.872ms
[219.547s][info][gc,cpu         ] GC(1959) User=0.28s Sys=0.00s Real=0.02s
[219.570s][info][gc,start       ] GC(1960) Pause Young (Allocation Failure)
[219.583s][info][gc,heap        ] GC(1960) PSYoungGen: 375283K(455680K)->123542K(464896K) Eden: 274432K(274432K)->0K(285184K) From: 100851K(181248K)->123542K(179712K)
[219.583s][info][gc,heap        ] GC(1960) ParOldGen: 1159920K(1398272K)->1159920K(1398272K)
[219.583s][info][gc,metaspace   ] GC(1960) Metaspace: 126299K(130560K)->126299K(130560K) NonClass: 108199K(108864K)->108199K(108864K) Class: 18099K(21696K)->18099K(21696K)
[219.583s][info][gc             ] GC(1960) Pause Young (Allocation Failure) 1499M->1253M(1819M) 12.479ms
[219.583s][info][gc,cpu         ] GC(1960) User=0.00s Sys=0.00s Real=0.00s
[219.615s][info][gc,start       ] GC(1961) Pause Young (Allocation Failure)
[219.627s][info][gc,heap        ] GC(1961) PSYoungGen: 408726K(464896K)->132366K(471040K) Eden: 285184K(285184K)->0K(285184K) From: 123542K(179712K)->132366K(185856K)
[219.627s][info][gc,heap        ] GC(1961) ParOldGen: 1159920K(1398272K)->1159920K(1398272K)
[219.627s][info][gc,metaspace   ] GC(1961) Metaspace: 126299K(130560K)->126299K(130560K) NonClass: 108199K(108864K)->108199K(108864K) Class: 18099K(21696K)->18099K(21696K)
[219.627s][info][gc             ] GC(1961) Pause Young (Allocation Failure) 1531M->1261M(1825M) 12.095ms
[219.627s][info][gc,cpu         ] GC(1961) User=0.00s Sys=0.00s Real=0.00s
[219.647s][info][gc,start       ] GC(1962) Pause Young (Allocation Failure)
[219.659s][info][gc,heap        ] GC(1962) PSYoungGen: 417550K(471040K)->129531K(492032K) Eden: 285184K(285184K)->0K(297984K) From: 132366K(185856K)->129531K(194048K)
[219.660s][info][gc,heap        ] GC(1962) ParOldGen: 1159920K(1398272K)->1159920K(1398272K)
[219.660s][info][gc,metaspace   ] GC(1962) Metaspace: 126299K(130560K)->126299K(130560K) NonClass: 108199K(108864K)->108199K(108864K) Class: 18099K(21696K)->18099K(21696K)
[219.660s][info][gc             ] GC(1962) Pause Young (Allocation Failure) 1540M->1259M(1846M) 12.190ms
[219.660s][info][gc,cpu         ] GC(1962) User=0.33s Sys=0.05s Real=0.02s
[219.680s][info][gc,start       ] GC(1963) Pause Young (Allocation Failure)
[219.692s][info][gc,heap        ] GC(1963) PSYoungGen: 427515K(492032K)->132172K(430592K) Eden: 297984K(297984K)->0K(297984K) From: 129531K(194048K)->132172K(132608K)
[219.692s][info][gc,heap        ] GC(1963) ParOldGen: 1159920K(1398272K)->1159928K(1398272K)
[219.692s][info][gc,metaspace   ] GC(1963) Metaspace: 126299K(130560K)->126299K(130560K) NonClass: 108199K(108864K)->108199K(108864K) Class: 18099K(21696K)->18099K(21696K)
[219.692s][info][gc             ] GC(1963) Pause Young (Allocation Failure) 1550M->1261M(1786M) 12.303ms
[219.692s][info][gc,cpu         ] GC(1963) User=0.00s Sys=0.00s Real=0.00s
[219.713s][info][gc,start       ] GC(1964) Pause Young (Allocation Failure)
[219.726s][info][gc,heap        ] GC(1964) PSYoungGen: 430156K(430592K)->137513K(486912K) Eden: 297984K(297984K)->0K(284160K) From: 132172K(132608K)->137513K(202752K)
[219.726s][info][gc,heap        ] GC(1964) ParOldGen: 1159928K(1398272K)->1159928K(1398272K)
[219.726s][info][gc,metaspace   ] GC(1964) Metaspace: 126299K(130560K)->126299K(130560K) NonClass: 108199K(108864K)->108199K(108864K) Class: 18099K(21696K)->18099K(21696K)
[219.726s][info][gc             ] GC(1964) Pause Young (Allocation Failure) 1552M->1267M(1841M) 12.808ms
[219.726s][info][gc,cpu         ] GC(1964) User=0.30s Sys=0.00s Real=0.02s
[219.746s][info][gc,start       ] GC(1965) Pause Young (Allocation Failure)
[219.759s][info][gc,heap        ] GC(1965) PSYoungGen: 421673K(486912K)->147510K(432128K) Eden: 284160K(284160K)->0K(284160K) From: 137513K(202752K)->147510K(147968K)
[219.759s][info][gc,heap        ] GC(1965) ParOldGen: 1159928K(1398272K)->1159976K(1398272K)
[219.759s][info][gc,metaspace   ] GC(1965) Metaspace: 126299K(130560K)->126299K(130560K) NonClass: 108199K(108864K)->108199K(108864K) Class: 18099K(21696K)->18099K(21696K)
[219.759s][info][gc             ] GC(1965) Pause Young (Allocation Failure) 1544M->1276M(1787M) 13.803ms
[219.759s][info][gc,cpu         ] GC(1965) User=0.52s Sys=0.00s Real=0.02s
[219.776s][info][gc,start       ] GC(1966) Pause Young (Allocation Failure)
[219.790s][info][gc,heap        ] GC(1966) PSYoungGen: 431670K(432128K)->155754K(469504K) Eden: 284160K(284160K)->0K(255488K) From: 147510K(147968K)->155754K(214016K)
[219.790s][info][gc,heap        ] GC(1966) ParOldGen: 1159976K(1398272K)->1160016K(1398272K)
[219.790s][info][gc,metaspace   ] GC(1966) Metaspace: 126299K(130560K)->126299K(130560K) NonClass: 108199K(108864K)->108199K(108864K) Class: 18099K(21696K)->18099K(21696K)
[219.790s][info][gc             ] GC(1966) Pause Young (Allocation Failure) 1554M->1284M(1824M) 13.796ms
[219.790s][info][gc,cpu         ] GC(1966) User=0.50s Sys=0.02s Real=0.02s
[219.804s][info][gc,start       ] GC(1967) Pause Young (Allocation Failure)
[219.821s][info][gc,heap        ] GC(1967) PSYoungGen: 411242K(469504K)->171914K(427520K) Eden: 255488K(255488K)->0K(255488K) From: 155754K(214016K)->171914K(172032K)
[219.821s][info][gc,heap        ] GC(1967) ParOldGen: 1160016K(1398272K)->1160079K(1398272K)
[219.821s][info][gc,metaspace   ] GC(1967) Metaspace: 126299K(130560K)->126299K(130560K) NonClass: 108199K(108864K)->108199K(108864K) Class: 18099K(21696K)->18099K(21696K)
[219.821s][info][gc             ] GC(1967) Pause Young (Allocation Failure) 1534M->1300M(1783M) 16.779ms
[219.821s][info][gc,cpu         ] GC(1967) User=0.52s Sys=0.00s Real=0.02s
[219.837s][info][gc,start       ] GC(1968) Pause Young (Allocation Failure)
[219.853s][info][gc,heap        ] GC(1968) PSYoungGen: 427402K(427520K)->173107K(465920K) Eden: 255488K(255488K)->0K(232960K) From: 171914K(172032K)->173107K(232960K)
[219.853s][info][gc,heap        ] GC(1968) ParOldGen: 1160079K(1398272K)->1160119K(1398272K)
[219.853s][info][gc,metaspace   ] GC(1968) Metaspace: 126299K(130560K)->126299K(130560K) NonClass: 108199K(108864K)->108199K(108864K) Class: 18099K(21696K)->18099K(21696K)
[219.853s][info][gc             ] GC(1968) Pause Young (Allocation Failure) 1550M->1301M(1820M) 16.453ms
[219.853s][info][gc,cpu         ] GC(1968) User=0.52s Sys=0.00s Real=0.02s
[219.867s][info][gc,start       ] GC(1969) Pause Young (Allocation Failure)
[219.883s][info][gc,heap        ] GC(1969) PSYoungGen: 406067K(465920K)->175073K(465920K) Eden: 232960K(232960K)->0K(232960K) From: 173107K(232960K)->175073K(232960K)
[219.883s][info][gc,heap        ] GC(1969) ParOldGen: 1160119K(1398272K)->1160199K(1398272K)
[219.883s][info][gc,metaspace   ] GC(1969) Metaspace: 126299K(130560K)->126299K(130560K) NonClass: 108199K(108864K)->108199K(108864K) Class: 18099K(21696K)->18099K(21696K)
[219.883s][info][gc             ] GC(1969) Pause Young (Allocation Failure) 1529M->1303M(1820M) 16.648ms
[219.884s][info][gc,cpu         ] GC(1969) User=0.52s Sys=0.00s Real=0.02s
[219.897s][info][gc,start       ] GC(1970) Pause Young (Allocation Failure)
[219.918s][info][gc,heap        ] GC(1970) PSYoungGen: 408033K(465920K)->190529K(465920K) Eden: 232960K(232960K)->0K(232960K) From: 175073K(232960K)->190529K(232960K)
[219.918s][info][gc,heap        ] GC(1970) ParOldGen: 1160199K(1398272K)->1164451K(1398272K)
[219.918s][info][gc,metaspace   ] GC(1970) Metaspace: 126299K(130560K)->126299K(130560K) NonClass: 108199K(108864K)->108199K(108864K) Class: 18099K(21696K)->18099K(21696K)
[219.918s][info][gc             ] GC(1970) Pause Young (Allocation Failure) 1531M->1323M(1820M) 20.886ms
[219.918s][info][gc,cpu         ] GC(1970) User=0.55s Sys=0.05s Real=0.02s
[219.933s][info][gc,start       ] GC(1971) Pause Young (Allocation Failure)
[219.954s][info][gc,heap        ] GC(1971) PSYoungGen: 423489K(465920K)->179386K(465920K) Eden: 232960K(232960K)->0K(232960K) From: 190529K(232960K)->179386K(232960K)
[219.954s][info][gc,heap        ] GC(1971) ParOldGen: 1164451K(1398272K)->1201640K(1398272K)
[219.954s][info][gc,metaspace   ] GC(1971) Metaspace: 126299K(130560K)->126299K(130560K) NonClass: 108199K(108864K)->108199K(108864K) Class: 18099K(21696K)->18099K(21696K)
[219.954s][info][gc             ] GC(1971) Pause Young (Allocation Failure) 1550M->1348M(1820M) 20.461ms
[219.954s][info][gc,cpu         ] GC(1971) User=0.50s Sys=0.00s Real=0.02s
[219.969s][info][gc,start       ] GC(1972) Pause Young (Allocation Failure)
[219.986s][info][gc,heap        ] GC(1972) PSYoungGen: 412346K(465920K)->108541K(465920K) Eden: 232960K(232960K)->0K(232960K) From: 179386K(232960K)->108541K(232960K)
[219.986s][info][gc,heap        ] GC(1972) ParOldGen: 1201640K(1398272K)->1272348K(1398272K)
[219.986s][info][gc,metaspace   ] GC(1972) Metaspace: 126299K(130560K)->126299K(130560K) NonClass: 108199K(108864K)->108199K(108864K) Class: 18099K(21696K)->18099K(21696K)
[219.986s][info][gc             ] GC(1972) Pause Young (Allocation Failure) 1576M->1348M(1820M) 17.036ms
[219.986s][info][gc,cpu         ] GC(1972) User=0.52s Sys=0.00s Real=0.02s
[220.011s][info][gc,start       ] GC(1973) Pause Young (Allocation Failure)
[220.023s][info][gc,heap        ] GC(1973) PSYoungGen: 341501K(465920K)->132335K(465920K) Eden: 232960K(232960K)->0K(232960K) From: 108541K(232960K)->132335K(232960K)
[220.023s][info][gc,heap        ] GC(1973) ParOldGen: 1272348K(1398272K)->1277244K(1398272K)
[220.023s][info][gc,metaspace   ] GC(1973) Metaspace: 126299K(130560K)->126299K(130560K) NonClass: 108199K(108864K)->108199K(108864K) Class: 18099K(21696K)->18099K(21696K)
[220.023s][info][gc             ] GC(1973) Pause Young (Allocation Failure) 1576M->1376M(1820M) 12.372ms
[220.023s][info][gc,cpu         ] GC(1973) User=0.00s Sys=0.00s Real=0.00s
[220.038s][info][gc,start       ] GC(1974) Pause Young (Allocation Failure)
[220.051s][info][gc,heap        ] GC(1974) PSYoungGen: 365295K(465920K)->130570K(465920K) Eden: 232959K(232960K)->0K(232960K) From: 132335K(232960K)->130570K(232960K)
[220.051s][info][gc,heap        ] GC(1974) ParOldGen: 1277244K(1398272K)->1286314K(1398272K)
[220.051s][info][gc,metaspace   ] GC(1974) Metaspace: 126299K(130560K)->126299K(130560K) NonClass: 108199K(108864K)->108199K(108864K) Class: 18099K(21696K)->18099K(21696K)
[220.051s][info][gc             ] GC(1974) Pause Young (Allocation Failure) 1604M->1383M(1820M) 12.720ms
[220.051s][info][gc,cpu         ] GC(1974) User=0.52s Sys=0.00s Real=0.01s
[220.063s][info][gc,start       ] GC(1975) Pause Young (Allocation Failure)
[220.075s][info][gc,heap        ] GC(1975) PSYoungGen: 363530K(465920K)->138608K(371712K) Eden: 232960K(232960K)->0K(232960K) From: 130570K(232960K)->138608K(138752K)
[220.075s][info][gc,heap        ] GC(1975) ParOldGen: 1286314K(1398272K)->1287316K(1398272K)
[220.075s][info][gc,metaspace   ] GC(1975) Metaspace: 126299K(130560K)->126299K(130560K) NonClass: 108199K(108864K)->108199K(108864K) Class: 18099K(21696K)->18099K(21696K)
[220.075s][info][gc             ] GC(1975) Pause Young (Allocation Failure) 1611M->1392M(1728M) 12.699ms
[220.075s][info][gc,cpu         ] GC(1975) User=0.34s Sys=0.02s Real=0.02s
[220.087s][info][gc,start       ] GC(1976) Pause Young (Allocation Failure)
[220.102s][info][gc,heap        ] GC(1976) PSYoungGen: 371568K(371712K)->148365K(464896K) Eden: 232960K(232960K)->0K(237568K) From: 138608K(138752K)->148365K(227328K)
[220.102s][info][gc,heap        ] GC(1976) ParOldGen: 1287316K(1398272K)->1287316K(1398272K)
[220.102s][info][gc,metaspace   ] GC(1976) Metaspace: 126299K(130560K)->126299K(130560K) NonClass: 108199K(108864K)->108199K(108864K) Class: 18099K(21696K)->18099K(21696K)
[220.102s][info][gc             ] GC(1976) Pause Young (Allocation Failure) 1620M->1402M(1819M) 14.384ms
[220.102s][info][gc,cpu         ] GC(1976) User=0.52s Sys=0.00s Real=0.02s
[220.114s][info][gc,start       ] GC(1977) Pause Young (Allocation Failure)
[220.129s][info][gc,heap        ] GC(1977) PSYoungGen: 385933K(464896K)->159264K(460288K) Eden: 237568K(237568K)->0K(237568K) From: 148365K(227328K)->159264K(222720K)
[220.129s][info][gc,heap        ] GC(1977) ParOldGen: 1287316K(1398272K)->1287316K(1398272K)
[220.129s][info][gc,metaspace   ] GC(1977) Metaspace: 126299K(130560K)->126299K(130560K) NonClass: 108199K(108864K)->108199K(108864K) Class: 18099K(21696K)->18099K(21696K)
[220.129s][info][gc             ] GC(1977) Pause Young (Allocation Failure) 1634M->1412M(1815M) 14.718ms
[220.129s][info][gc,cpu         ] GC(1977) User=0.52s Sys=0.00s Real=0.02s
[220.141s][info][gc,start       ] GC(1978) Pause Young (Allocation Failure)
[220.156s][info][gc,heap        ] GC(1978) PSYoungGen: 396832K(460288K)->165107K(470016K) Eden: 237568K(237568K)->0K(247296K) From: 159264K(222720K)->165107K(222720K)
[220.156s][info][gc,heap        ] GC(1978) ParOldGen: 1287316K(1398272K)->1287316K(1398272K)
[220.156s][info][gc,metaspace   ] GC(1978) Metaspace: 126299K(130560K)->126299K(130560K) NonClass: 108199K(108864K)->108199K(108864K) Class: 18099K(21696K)->18099K(21696K)
[220.156s][info][gc             ] GC(1978) Pause Young (Allocation Failure) 1644M->1418M(1824M) 15.444ms
[220.156s][info][gc,cpu         ] GC(1978) User=0.52s Sys=0.00s Real=0.02s
[220.169s][info][gc,start       ] GC(1979) Pause Young (Allocation Failure)
[220.185s][info][gc,heap        ] GC(1979) PSYoungGen: 412403K(470016K)->172189K(471552K) Eden: 247296K(247296K)->0K(247296K) From: 165107K(222720K)->172189K(224256K)
[220.185s][info][gc,heap        ] GC(1979) ParOldGen: 1287316K(1398272K)->1287316K(1398272K)
[220.185s][info][gc,metaspace   ] GC(1979) Metaspace: 126299K(130560K)->126299K(130560K) NonClass: 108199K(108864K)->108199K(108864K) Class: 18099K(21696K)->18099K(21696K)
[220.185s][info][gc             ] GC(1979) Pause Young (Allocation Failure) 1659M->1425M(1826M) 16.120ms
[220.185s][info][gc,cpu         ] GC(1979) User=0.47s Sys=0.02s Real=0.02s
[220.197s][info][gc,start       ] GC(1980) Pause Young (Allocation Failure)
[220.214s][info][gc,heap        ] GC(1980) PSYoungGen: 419485K(471552K)->176783K(464384K) Eden: 247296K(247296K)->0K(237056K) From: 172189K(224256K)->176783K(227328K)
[220.214s][info][gc,heap        ] GC(1980) ParOldGen: 1287316K(1398272K)->1287316K(1398272K)
[220.214s][info][gc,metaspace   ] GC(1980) Metaspace: 126299K(130560K)->126299K(130560K) NonClass: 108199K(108864K)->108199K(108864K) Class: 18099K(21696K)->18099K(21696K)
[220.214s][info][gc             ] GC(1980) Pause Young (Allocation Failure) 1666M->1429M(1819M) 16.692ms
[220.214s][info][gc,cpu         ] GC(1980) User=0.52s Sys=0.02s Real=0.03s
[220.225s][info][gc,start       ] GC(1981) Pause Young (Allocation Failure)
[220.242s][info][gc,heap        ] GC(1981) PSYoungGen: 412416K(464384K)->186253K(423424K) Eden: 235632K(237056K)->0K(237056K) From: 176783K(227328K)->186253K(186368K)
[220.242s][info][gc,heap        ] GC(1981) ParOldGen: 1287316K(1398272K)->1287316K(1398272K)
[220.242s][info][gc,metaspace   ] GC(1981) Metaspace: 126299K(130560K)->126299K(130560K) NonClass: 108199K(108864K)->108199K(108864K) Class: 18099K(21696K)->18099K(21696K)
[220.242s][info][gc             ] GC(1981) Pause Young (Allocation Failure) 1659M->1439M(1779M) 17.320ms
[220.242s][info][gc,cpu         ] GC(1981) User=0.52s Sys=0.00s Real=0.02s
[220.255s][info][gc,start       ] GC(1982) Pause Young (Allocation Failure)
[220.279s][info][gc,heap        ] GC(1982) PSYoungGen: 423309K(423424K)->216310K(465920K) Eden: 237056K(237056K)->0K(232960K) From: 186253K(186368K)->216310K(232960K)
[220.279s][info][gc,heap        ] GC(1982) ParOldGen: 1287316K(1398272K)->1288485K(1398272K)
[220.279s][info][gc,metaspace   ] GC(1982) Metaspace: 126299K(130560K)->126299K(130560K) NonClass: 108199K(108864K)->108199K(108864K) Class: 18099K(21696K)->18099K(21696K)
[220.280s][info][gc             ] GC(1982) Pause Young (Allocation Failure) 1670M->1469M(1820M) 24.964ms
[220.280s][info][gc,cpu         ] GC(1982) User=0.53s Sys=0.08s Real=0.03s
[220.291s][info][gc,start       ] GC(1983) Pause Young (Allocation Failure)
[220.313s][info][gc,heap        ] GC(1983) PSYoungGen: 449270K(465920K)->228849K(465920K) Eden: 232960K(232960K)->0K(232960K) From: 216310K(232960K)->228849K(232960K)
[220.313s][info][gc,heap        ] GC(1983) ParOldGen: 1288485K(1398272K)->1289272K(1398272K)
[220.313s][info][gc,metaspace   ] GC(1983) Metaspace: 126299K(130560K)->126299K(130560K) NonClass: 108199K(108864K)->108199K(108864K) Class: 18099K(21696K)->18099K(21696K)
[220.313s][info][gc             ] GC(1983) Pause Young (Allocation Failure) 1697M->1482M(1820M) 21.645ms
[220.313s][info][gc,cpu         ] GC(1983) User=0.95s Sys=0.00s Real=0.03s
[220.326s][info][gc,start       ] GC(1984) Pause Young (Allocation Failure)
[220.346s][info][gc,promotion   ] GC(1984) Promotion failed
[220.346s][info][gc,heap        ] GC(1984) PSYoungGen: 461809K(465920K)->461809K(465920K) Eden: 232960K(232960K)->232960K(232960K) From: 228849K(232960K)->228849K(232960K)
[220.346s][info][gc,heap        ] GC(1984) ParOldGen: 1289272K(1398272K)->1396337K(1398272K)
[220.346s][info][gc,metaspace   ] GC(1984) Metaspace: 126299K(130560K)->126299K(130560K) NonClass: 108199K(108864K)->108199K(108864K) Class: 18099K(21696K)->18099K(21696K)
[220.346s][info][gc             ] GC(1984) Pause Young (Allocation Failure) 1710M->1814M(1820M) 20.352ms
[220.346s][info][gc,cpu         ] GC(1984) User=0.52s Sys=0.00s Real=0.02s
[220.346s][info][gc,start       ] GC(1985) Pause Full (Ergonomics)
[220.346s][info][gc,phases,start] GC(1985) Marking Phase
[220.398s][info][gc,phases      ] GC(1985) Marking Phase 51.646ms
[220.398s][info][gc,phases,start] GC(1985) Summary Phase
[220.398s][info][gc,phases      ] GC(1985) Summary Phase 0.068ms
[220.398s][info][gc,phases,start] GC(1985) Adjust Roots
[220.413s][info][gc,phases      ] GC(1985) Adjust Roots 15.426ms
[220.413s][info][gc,phases,start] GC(1985) Compaction Phase
[220.440s][info][gc,phases      ] GC(1985) Compaction Phase 26.947ms
[220.440s][info][gc,phases,start] GC(1985) Post Compact
[220.450s][info][gc,phases      ] GC(1985) Post Compact 9.547ms
[220.450s][info][gc,heap        ] GC(1985) PSYoungGen: 461809K(465920K)->0K(465920K) Eden: 232960K(232960K)->0K(232960K) From: 228849K(232960K)->0K(232960K)
[220.450s][info][gc,heap        ] GC(1985) ParOldGen: 1396337K(1398272K)->1265381K(1398272K)
[220.450s][info][gc,metaspace   ] GC(1985) Metaspace: 126299K(130560K)->126299K(130560K) NonClass: 108199K(108864K)->108199K(108864K) Class: 18099K(21696K)->18099K(21696K)
[220.450s][info][gc             ] GC(1985) Pause Full (Ergonomics) 1814M->1235M(1820M) 103.906ms
[220.450s][info][gc,cpu         ] GC(1985) User=1.58s Sys=0.47s Real=0.11s
[220.465s][info][gc,start       ] GC(1986) Pause Young (Allocation Failure)
[220.472s][info][gc,heap        ] GC(1986) PSYoungGen: 232960K(465920K)->55074K(465920K) Eden: 232960K(232960K)->0K(232960K) From: 0K(232960K)->55074K(232960K)
[220.472s][info][gc,heap        ] GC(1986) ParOldGen: 1265381K(1398272K)->1265381K(1398272K)
[220.472s][info][gc,metaspace   ] GC(1986) Metaspace: 126337K(130624K)->126337K(130624K) NonClass: 108237K(108928K)->108237K(108928K) Class: 18099K(21696K)->18099K(21696K)
[220.472s][info][gc             ] GC(1986) Pause Young (Allocation Failure) 1463M->1289M(1820M) 6.426ms
[220.472s][info][gc,cpu         ] GC(1986) User=0.00s Sys=0.00s Real=0.00s
[220.485s][info][gc,start       ] GC(1987) Pause Young (Allocation Failure)
[220.494s][info][gc,heap        ] GC(1987) PSYoungGen: 288034K(465920K)->88591K(465920K) Eden: 232960K(232960K)->0K(232960K) From: 55074K(232960K)->88591K(232960K)
[220.494s][info][gc,heap        ] GC(1987) ParOldGen: 1265381K(1398272K)->1265381K(1398272K)
[220.494s][info][gc,metaspace   ] GC(1987) Metaspace: 126337K(130624K)->126337K(130624K) NonClass: 108237K(108928K)->108237K(108928K) Class: 18099K(21696K)->18099K(21696K)
[220.494s][info][gc             ] GC(1987) Pause Young (Allocation Failure) 1517M->1322M(1820M) 8.620ms
[220.494s][info][gc,cpu         ] GC(1987) User=0.00s Sys=0.00s Real=0.00s
[220.505s][info][gc,start       ] GC(1988) Pause Young (Allocation Failure)
[220.515s][info][gc,heap        ] GC(1988) PSYoungGen: 321551K(465920K)->96358K(465920K) Eden: 232960K(232960K)->0K(232960K) From: 88591K(232960K)->96358K(232960K)
[220.515s][info][gc,heap        ] GC(1988) ParOldGen: 1265381K(1398272K)->1265381K(1398272K)
[220.515s][info][gc,metaspace   ] GC(1988) Metaspace: 126337K(130624K)->126337K(130624K) NonClass: 108237K(108928K)->108237K(108928K) Class: 18099K(21696K)->18099K(21696K)
[220.515s][info][gc             ] GC(1988) Pause Young (Allocation Failure) 1549M->1329M(1820M) 9.983ms
[220.516s][info][gc,cpu         ] GC(1988) User=0.45s Sys=0.00s Real=0.01s
[220.527s][info][gc,start       ] GC(1989) Pause Young (Allocation Failure)
[220.537s][info][gc,heap        ] GC(1989) PSYoungGen: 329318K(465920K)->106136K(465920K) Eden: 232960K(232960K)->0K(232960K) From: 96358K(232960K)->106136K(232960K)
[220.537s][info][gc,heap        ] GC(1989) ParOldGen: 1265381K(1398272K)->1265381K(1398272K)
[220.537s][info][gc,metaspace   ] GC(1989) Metaspace: 126337K(130624K)->126337K(130624K) NonClass: 108237K(108928K)->108237K(108928K) Class: 18099K(21696K)->18099K(21696K)
[220.537s][info][gc             ] GC(1989) Pause Young (Allocation Failure) 1557M->1339M(1820M) 10.317ms
[220.537s][info][gc,cpu         ] GC(1989) User=0.52s Sys=0.00s Real=0.02s
[220.549s][info][gc,start       ] GC(1990) Pause Young (Allocation Failure)
[220.561s][info][gc,heap        ] GC(1990) PSYoungGen: 339096K(465920K)->114839K(465920K) Eden: 232960K(232960K)->0K(232960K) From: 106136K(232960K)->114839K(232960K)
[220.561s][info][gc,heap        ] GC(1990) ParOldGen: 1265381K(1398272K)->1265381K(1398272K)
[220.561s][info][gc,metaspace   ] GC(1990) Metaspace: 126337K(130624K)->126337K(130624K) NonClass: 108237K(108928K)->108237K(108928K) Class: 18099K(21696K)->18099K(21696K)
[220.561s][info][gc             ] GC(1990) Pause Young (Allocation Failure) 1566M->1347M(1820M) 11.636ms
[220.561s][info][gc,cpu         ] GC(1990) User=0.00s Sys=0.00s Real=0.01s
[220.573s][info][gc,start       ] GC(1991) Pause Young (Allocation Failure)
[220.584s][info][gc,heap        ] GC(1991) PSYoungGen: 347799K(465920K)->71256K(465920K) Eden: 232960K(232960K)->0K(232960K) From: 114839K(232960K)->71256K(232960K)
[220.584s][info][gc,heap        ] GC(1991) ParOldGen: 1265381K(1398272K)->1315267K(1398272K)
[220.584s][info][gc,metaspace   ] GC(1991) Metaspace: 126337K(130624K)->126337K(130624K) NonClass: 108237K(108928K)->108237K(108928K) Class: 18099K(21696K)->18099K(21696K)
[220.584s][info][gc             ] GC(1991) Pause Young (Allocation Failure) 1575M->1354M(1820M) 11.564ms
[220.584s][info][gc,cpu         ] GC(1991) User=0.52s Sys=0.00s Real=0.02s
[220.596s][info][gc,start       ] GC(1992) Pause Young (Allocation Failure)
[220.602s][info][gc,heap        ] GC(1992) PSYoungGen: 304216K(465920K)->47835K(465920K) Eden: 232960K(232960K)->0K(232960K) From: 71256K(232960K)->47835K(232960K)
[220.602s][info][gc,heap        ] GC(1992) ParOldGen: 1315267K(1398272K)->1340435K(1398272K)
[220.602s][info][gc,metaspace   ] GC(1992) Metaspace: 126337K(130624K)->126337K(130624K) NonClass: 108237K(108928K)->108237K(108928K) Class: 18099K(21696K)->18099K(21696K)
[220.602s][info][gc             ] GC(1992) Pause Young (Allocation Failure) 1581M->1355M(1820M) 6.650ms
[220.602s][info][gc,cpu         ] GC(1992) User=0.00s Sys=0.00s Real=0.00s
[220.614s][info][gc,start       ] GC(1993) Pause Young (Allocation Failure)
[220.620s][info][gc,heap        ] GC(1993) PSYoungGen: 279297K(465920K)->47707K(465920K) Eden: 231462K(232960K)->0K(232960K) From: 47835K(232960K)->47707K(232960K)
[220.620s][info][gc,heap        ] GC(1993) ParOldGen: 1340435K(1398272K)->1359257K(1398272K)
[220.620s][info][gc,metaspace   ] GC(1993) Metaspace: 126337K(130624K)->126337K(130624K) NonClass: 108237K(108928K)->108237K(108928K) Class: 18099K(21696K)->18099K(21696K)
[220.620s][info][gc             ] GC(1993) Pause Young (Allocation Failure) 1581M->1373M(1820M) 6.479ms
[220.620s][info][gc,cpu         ] GC(1993) User=0.00s Sys=0.00s Real=0.00s
[220.620s][info][gc,start       ] GC(1994) Pause Full (Ergonomics)
[220.620s][info][gc,phases,start] GC(1994) Marking Phase
[220.661s][info][gc,phases      ] GC(1994) Marking Phase 41.145ms
[220.661s][info][gc,phases,start] GC(1994) Summary Phase
[220.661s][info][gc,phases      ] GC(1994) Summary Phase 0.066ms
[220.661s][info][gc,phases,start] GC(1994) Adjust Roots
[220.672s][info][gc,phases      ] GC(1994) Adjust Roots 10.784ms
[220.672s][info][gc,phases,start] GC(1994) Compaction Phase
[220.692s][info][gc,phases      ] GC(1994) Compaction Phase 19.706ms
[220.692s][info][gc,phases,start] GC(1994) Post Compact
[220.699s][info][gc,phases      ] GC(1994) Post Compact 7.228ms
[220.699s][info][gc,heap        ] GC(1994) PSYoungGen: 47707K(465920K)->0K(465920K) Eden: 0K(232960K)->0K(232960K) From: 47707K(232960K)->0K(232960K)
[220.699s][info][gc,heap        ] GC(1994) ParOldGen: 1359257K(1398272K)->1291651K(1398272K)
[220.699s][info][gc,metaspace   ] GC(1994) Metaspace: 126337K(130624K)->126337K(130624K) NonClass: 108237K(108928K)->108237K(108928K) Class: 18099K(21696K)->18099K(21696K)
[220.699s][info][gc             ] GC(1994) Pause Full (Ergonomics) 1373M->1261M(1820M) 79.242ms
[220.700s][info][gc,cpu         ] GC(1994) User=1.03s Sys=0.00s Real=0.08s
[220.715s][info][gc,start       ] GC(1995) Pause Young (Allocation Failure)
[220.718s][info][gc,heap        ] GC(1995) PSYoungGen: 232960K(465920K)->32018K(465920K) Eden: 232960K(232960K)->0K(232960K) From: 0K(232960K)->32018K(232960K)
[220.718s][info][gc,heap        ] GC(1995) ParOldGen: 1291651K(1398272K)->1291651K(1398272K)
[220.718s][info][gc,metaspace   ] GC(1995) Metaspace: 126337K(130624K)->126337K(130624K) NonClass: 108237K(108928K)->108237K(108928K) Class: 18099K(21696K)->18099K(21696K)
[220.719s][info][gc             ] GC(1995) Pause Young (Allocation Failure) 1488M->1292M(1820M) 3.331ms
[220.719s][info][gc,cpu         ] GC(1995) User=0.52s Sys=0.00s Real=0.02s
[220.732s][info][gc,start       ] GC(1996) Pause Young (Allocation Failure)
[220.738s][info][gc,heap        ] GC(1996) PSYoungGen: 264978K(465920K)->27762K(465920K) Eden: 232960K(232960K)->0K(232960K) From: 32018K(232960K)->27762K(232960K)
[220.738s][info][gc,heap        ] GC(1996) ParOldGen: 1291651K(1398272K)->1322981K(1398272K)
[220.738s][info][gc,metaspace   ] GC(1996) Metaspace: 126337K(130624K)->126337K(130624K) NonClass: 108237K(108928K)->108237K(108928K) Class: 18099K(21696K)->18099K(21696K)
[220.738s][info][gc             ] GC(1996) Pause Young (Allocation Failure) 1520M->1319M(1820M) 6.336ms
[220.738s][info][gc,cpu         ] GC(1996) User=0.00s Sys=0.00s Real=0.00s
[220.751s][info][gc,start       ] GC(1997) Pause Young (Allocation Failure)
[220.760s][info][gc,heap        ] GC(1997) PSYoungGen: 260722K(465920K)->57206K(465920K) Eden: 232960K(232960K)->0K(232960K) From: 27762K(232960K)->57206K(232960K)
[220.760s][info][gc,heap        ] GC(1997) ParOldGen: 1322981K(1398272K)->1350009K(1398272K)
[220.760s][info][gc,metaspace   ] GC(1997) Metaspace: 126337K(130624K)->126337K(130624K) NonClass: 108237K(108928K)->108237K(108928K) Class: 18099K(21696K)->18099K(21696K)
[220.760s][info][gc             ] GC(1997) Pause Young (Allocation Failure) 1546M->1374M(1820M) 8.550ms
[220.760s][info][gc,cpu         ] GC(1997) User=0.00s Sys=0.00s Real=0.00s
[220.760s][info][gc,start       ] GC(1998) Pause Full (Ergonomics)
[220.760s][info][gc,phases,start] GC(1998) Marking Phase
[220.801s][info][gc,phases      ] GC(1998) Marking Phase 41.374ms
[220.801s][info][gc,phases,start] GC(1998) Summary Phase
[220.801s][info][gc,phases      ] GC(1998) Summary Phase 0.057ms
[220.801s][info][gc,phases,start] GC(1998) Adjust Roots
[220.823s][info][gc,phases      ] GC(1998) Adjust Roots 21.740ms
[220.823s][info][gc,phases,start] GC(1998) Compaction Phase
[220.844s][info][gc,phases      ] GC(1998) Compaction Phase 20.962ms
[220.844s][info][gc,phases,start] GC(1998) Post Compact
[220.853s][info][gc,phases      ] GC(1998) Post Compact 9.115ms
[220.853s][info][gc,heap        ] GC(1998) PSYoungGen: 57206K(465920K)->0K(465920K) Eden: 0K(232960K)->0K(232960K) From: 57206K(232960K)->0K(232960K)
[220.853s][info][gc,heap        ] GC(1998) ParOldGen: 1350009K(1398272K)->1315924K(1398272K)
[220.853s][info][gc,metaspace   ] GC(1998) Metaspace: 126337K(130624K)->126337K(130624K) NonClass: 108237K(108928K)->108237K(108928K) Class: 18099K(21696K)->18099K(21696K)
[220.853s][info][gc             ] GC(1998) Pause Full (Ergonomics) 1374M->1285M(1820M) 93.698ms
[220.853s][info][gc,cpu         ] GC(1998) User=1.61s Sys=0.00s Real=0.09s
[220.871s][info][gc,start       ] GC(1999) Pause Young (Allocation Failure)
[220.874s][info][gc,heap        ] GC(1999) PSYoungGen: 232960K(465920K)->30730K(465920K) Eden: 232960K(232960K)->0K(232960K) From: 0K(232960K)->30730K(232960K)
[220.874s][info][gc,heap        ] GC(1999) ParOldGen: 1315924K(1398272K)->1315924K(1398272K)
[220.874s][info][gc,metaspace   ] GC(1999) Metaspace: 126337K(130624K)->126337K(130624K) NonClass: 108237K(108928K)->108237K(108928K) Class: 18099K(21696K)->18099K(21696K)
[220.874s][info][gc             ] GC(1999) Pause Young (Allocation Failure) 1512M->1315M(1820M) 3.352ms
[220.874s][info][gc,cpu         ] GC(1999) User=0.52s Sys=0.00s Real=0.02s
[220.887s][info][gc,start       ] GC(2000) Pause Young (Allocation Failure)
[220.893s][info][gc,heap        ] GC(2000) PSYoungGen: 263690K(465920K)->35542K(465920K) Eden: 232960K(232960K)->0K(232960K) From: 30730K(232960K)->35542K(232960K)
[220.893s][info][gc,heap        ] GC(2000) ParOldGen: 1315924K(1398272K)->1342492K(1398272K)
[220.893s][info][gc,metaspace   ] GC(2000) Metaspace: 126337K(130624K)->126337K(130624K) NonClass: 108237K(108928K)->108237K(108928K) Class: 18099K(21696K)->18099K(21696K)
[220.893s][info][gc             ] GC(2000) Pause Young (Allocation Failure) 1542M->1345M(1820M) 6.261ms
[220.893s][info][gc,cpu         ] GC(2000) User=0.52s Sys=0.00s Real=0.02s
[220.905s][info][gc,start       ] GC(2001) Pause Young (Allocation Failure)
[220.913s][info][gc,heap        ] GC(2001) PSYoungGen: 268502K(465920K)->34245K(455680K) Eden: 232960K(232960K)->0K(232960K) From: 35542K(232960K)->34245K(222720K)
[220.913s][info][gc,heap        ] GC(2001) ParOldGen: 1342492K(1398272K)->1373819K(1398272K)
[220.913s][info][gc,metaspace   ] GC(2001) Metaspace: 126337K(130624K)->126337K(130624K) NonClass: 108237K(108928K)->108237K(108928K) Class: 18099K(21696K)->18099K(21696K)
[220.913s][info][gc             ] GC(2001) Pause Young (Allocation Failure) 1573M->1375M(1810M) 7.998ms
[220.913s][info][gc,cpu         ] GC(2001) User=0.00s Sys=0.00s Real=0.00s
[220.913s][info][gc,start       ] GC(2002) Pause Full (Ergonomics)
[220.913s][info][gc,phases,start] GC(2002) Marking Phase
[220.962s][info][gc,phases      ] GC(2002) Marking Phase 48.231ms
[220.962s][info][gc,phases,start] GC(2002) Summary Phase
[220.962s][info][gc,phases      ] GC(2002) Summary Phase 0.056ms
[220.962s][info][gc,phases,start] GC(2002) Adjust Roots
[220.982s][info][gc,phases      ] GC(2002) Adjust Roots 20.662ms
[220.982s][info][gc,phases,start] GC(2002) Compaction Phase
[221.004s][info][gc,phases      ] GC(2002) Compaction Phase 21.080ms
[221.004s][info][gc,phases,start] GC(2002) Post Compact
[221.013s][info][gc,phases      ] GC(2002) Post Compact 8.994ms
[221.013s][info][gc,heap        ] GC(2002) PSYoungGen: 34245K(455680K)->0K(460800K) Eden: 0K(232960K)->0K(232960K) From: 34245K(222720K)->0K(227840K)
[221.013s][info][gc,heap        ] GC(2002) ParOldGen: 1373819K(1398272K)->1314008K(1398272K)
[221.013s][info][gc,metaspace   ] GC(2002) Metaspace: 126337K(130624K)->126337K(130624K) NonClass: 108237K(108928K)->108237K(108928K) Class: 18099K(21696K)->18099K(21696K)
[221.013s][info][gc             ] GC(2002) Pause Full (Ergonomics) 1375M->1283M(1815M) 99.508ms
[221.013s][info][gc,cpu         ] GC(2002) User=1.05s Sys=0.03s Real=0.11s
[221.030s][info][gc,start       ] GC(2003) Pause Young (Allocation Failure)
[221.035s][info][gc,heap        ] GC(2003) PSYoungGen: 232960K(460800K)->29062K(457728K) Eden: 232960K(232960K)->0K(243200K) From: 0K(227840K)->29062K(214528K)
[221.035s][info][gc,heap        ] GC(2003) ParOldGen: 1314008K(1398272K)->1314008K(1398272K)
[221.035s][info][gc,metaspace   ] GC(2003) Metaspace: 126337K(130624K)->126337K(130624K) NonClass: 108237K(108928K)->108237K(108928K) Class: 18099K(21696K)->18099K(21696K)
[221.035s][info][gc             ] GC(2003) Pause Young (Allocation Failure) 1510M->1311M(1812M) 4.520ms
[221.035s][info][gc,cpu         ] GC(2003) User=0.00s Sys=0.00s Real=0.00s
[221.048s][info][gc,start       ] GC(2004) Pause Young (Allocation Failure)
[221.054s][info][gc,heap        ] GC(2004) PSYoungGen: 272262K(457728K)->39804K(464384K) Eden: 243200K(243200K)->0K(243200K) From: 29062K(214528K)->39804K(221184K)
[221.054s][info][gc,heap        ] GC(2004) ParOldGen: 1314008K(1398272K)->1314008K(1398272K)
[221.054s][info][gc,metaspace   ] GC(2004) Metaspace: 126337K(130624K)->126337K(130624K) NonClass: 108237K(108928K)->108237K(108928K) Class: 18099K(21696K)->18099K(21696K)
[221.054s][info][gc             ] GC(2004) Pause Young (Allocation Failure) 1549M->1322M(1819M) 6.060ms
[221.054s][info][gc,cpu         ] GC(2004) User=0.00s Sys=0.00s Real=0.00s
[221.066s][info][gc,start       ] GC(2005) Pause Young (Allocation Failure)
[221.073s][info][gc,heap        ] GC(2005) PSYoungGen: 278906K(464384K)->46054K(449536K) Eden: 239101K(243200K)->0K(257536K) From: 39804K(221184K)->46054K(192000K)
[221.073s][info][gc,heap        ] GC(2005) ParOldGen: 1314008K(1398272K)->1314008K(1398272K)
[221.073s][info][gc,metaspace   ] GC(2005) Metaspace: 126337K(130624K)->126337K(130624K) NonClass: 108237K(108928K)->108237K(108928K) Class: 18099K(21696K)->18099K(21696K)
[221.073s][info][gc             ] GC(2005) Pause Young (Allocation Failure) 1555M->1328M(1804M) 6.528ms
[221.073s][info][gc,cpu         ] GC(2005) User=0.00s Sys=0.00s Real=0.00s
[221.086s][info][gc,start       ] GC(2006) Pause Young (Allocation Failure)
[221.094s][info][gc,heap        ] GC(2006) PSYoungGen: 303590K(449536K)->68710K(459264K) Eden: 257536K(257536K)->0K(257536K) From: 46054K(192000K)->68710K(201728K)
[221.094s][info][gc,heap        ] GC(2006) ParOldGen: 1314008K(1398272K)->1314008K(1398272K)
[221.094s][info][gc,metaspace   ] GC(2006) Metaspace: 126337K(130624K)->126337K(130624K) NonClass: 108237K(108928K)->108237K(108928K) Class: 18099K(21696K)->18099K(21696K)
[221.094s][info][gc             ] GC(2006) Pause Young (Allocation Failure) 1579M->1350M(1814M) 7.734ms
[221.094s][info][gc,cpu         ] GC(2006) User=0.13s Sys=0.00s Real=0.02s
[221.107s][info][gc,start       ] GC(2007) Pause Young (Allocation Failure)
[221.116s][info][gc,heap        ] GC(2007) PSYoungGen: 326246K(459264K)->79648K(449024K) Eden: 257536K(257536K)->0K(274432K) From: 68710K(201728K)->79648K(174592K)
[221.116s][info][gc,heap        ] GC(2007) ParOldGen: 1314008K(1398272K)->1314008K(1398272K)
[221.116s][info][gc,metaspace   ] GC(2007) Metaspace: 126337K(130624K)->126337K(130624K) NonClass: 108237K(108928K)->108237K(108928K) Class: 18099K(21696K)->18099K(21696K)
[221.116s][info][gc             ] GC(2007) Pause Young (Allocation Failure) 1601M->1360M(1804M) 9.758ms
[221.116s][info][gc,cpu         ] GC(2007) User=0.52s Sys=0.00s Real=0.02s
[221.131s][info][gc,start       ] GC(2008) Pause Young (Allocation Failure)
[221.140s][info][gc,heap        ] GC(2008) PSYoungGen: 354080K(449024K)->95349K(455680K) Eden: 274432K(274432K)->0K(274432K) From: 79648K(174592K)->95349K(181248K)
[221.140s][info][gc,heap        ] GC(2008) ParOldGen: 1314008K(1398272K)->1314008K(1398272K)
[221.140s][info][gc,metaspace   ] GC(2008) Metaspace: 126337K(130624K)->126337K(130624K) NonClass: 108237K(108928K)->108237K(108928K) Class: 18099K(21696K)->18099K(21696K)
[221.140s][info][gc             ] GC(2008) Pause Young (Allocation Failure) 1628M->1376M(1810M) 9.078ms
[221.140s][info][gc,cpu         ] GC(2008) User=0.00s Sys=0.00s Real=0.00s
[221.155s][info][gc,start       ] GC(2009) Pause Young (Allocation Failure)
[221.165s][info][gc,heap        ] GC(2009) PSYoungGen: 369781K(455680K)->111817K(469504K) Eden: 274432K(274432K)->0K(289280K) From: 95349K(181248K)->111817K(180224K)
[221.166s][info][gc,heap        ] GC(2009) ParOldGen: 1314008K(1398272K)->1314008K(1398272K)
[221.166s][info][gc,metaspace   ] GC(2009) Metaspace: 126337K(130624K)->126337K(130624K) NonClass: 108237K(108928K)->108237K(108928K) Class: 18099K(21696K)->18099K(21696K)
[221.166s][info][gc             ] GC(2009) Pause Young (Allocation Failure) 1644M->1392M(1824M) 10.484ms
[221.166s][info][gc,cpu         ] GC(2009) User=0.39s Sys=0.00s Real=0.02s
[221.181s][info][gc,start       ] GC(2010) Pause Young (Allocation Failure)
[221.193s][info][gc,heap        ] GC(2010) PSYoungGen: 401097K(469504K)->127112K(473600K) Eden: 289280K(289280K)->0K(289280K) From: 111817K(180224K)->127112K(184320K)
[221.193s][info][gc,heap        ] GC(2010) ParOldGen: 1314008K(1398272K)->1314008K(1398272K)
[221.193s][info][gc,metaspace   ] GC(2010) Metaspace: 126337K(130624K)->126337K(130624K) NonClass: 108237K(108928K)->108237K(108928K) Class: 18099K(21696K)->18099K(21696K)
[221.193s][info][gc             ] GC(2010) Pause Young (Allocation Failure) 1674M->1407M(1828M) 12.158ms
[221.193s][info][gc,cpu         ] GC(2010) User=0.06s Sys=0.00s Real=0.02s
[221.208s][info][gc,start       ] GC(2011) Pause Young (Allocation Failure)
[221.220s][info][gc,heap        ] GC(2011) PSYoungGen: 416392K(473600K)->136995K(486912K) Eden: 289280K(289280K)->0K(294400K) From: 127112K(184320K)->136995K(192512K)
[221.220s][info][gc,heap        ] GC(2011) ParOldGen: 1314008K(1398272K)->1314008K(1398272K)
[221.220s][info][gc,metaspace   ] GC(2011) Metaspace: 126337K(130624K)->126337K(130624K) NonClass: 108237K(108928K)->108237K(108928K) Class: 18099K(21696K)->18099K(21696K)
[221.220s][info][gc             ] GC(2011) Pause Young (Allocation Failure) 1689M->1416M(1841M) 12.075ms
[221.220s][info][gc,cpu         ] GC(2011) User=0.00s Sys=0.00s Real=0.00s
[221.235s][info][gc,start       ] GC(2012) Pause Young (Allocation Failure)
[221.249s][info][gc,heap        ] GC(2012) PSYoungGen: 431395K(486912K)->150993K(445440K) Eden: 294400K(294400K)->0K(294400K) From: 136995K(192512K)->150993K(151040K)
[221.249s][info][gc,heap        ] GC(2012) ParOldGen: 1314008K(1398272K)->1314008K(1398272K)
[221.249s][info][gc,metaspace   ] GC(2012) Metaspace: 126337K(130624K)->126337K(130624K) NonClass: 108237K(108928K)->108237K(108928K) Class: 18099K(21696K)->18099K(21696K)
[221.249s][info][gc             ] GC(2012) Pause Young (Allocation Failure) 1704M->1430M(1800M) 13.803ms
[221.249s][info][gc,cpu         ] GC(2012) User=0.52s Sys=0.00s Real=0.02s
[221.263s][info][gc,start       ] GC(2013) Pause Young (Allocation Failure)
[221.277s][info][gc,heap        ] GC(2013) PSYoungGen: 443208K(445440K)->156019K(461824K) Eden: 292215K(294400K)->0K(247296K) From: 150993K(151040K)->156019K(214528K)
[221.277s][info][gc,heap        ] GC(2013) ParOldGen: 1314008K(1398272K)->1314008K(1398272K)
[221.277s][info][gc,metaspace   ] GC(2013) Metaspace: 126337K(130624K)->126337K(130624K) NonClass: 108237K(108928K)->108237K(108928K) Class: 18099K(21696K)->18099K(21696K)
[221.278s][info][gc             ] GC(2013) Pause Young (Allocation Failure) 1716M->1435M(1816M) 14.172ms
[221.278s][info][gc,cpu         ] GC(2013) User=0.52s Sys=0.00s Real=0.02s
[221.290s][info][gc,start       ] GC(2014) Pause Young (Allocation Failure)
[221.306s][info][gc,heap        ] GC(2014) PSYoungGen: 403315K(461824K)->168055K(415744K) Eden: 247296K(247296K)->0K(247296K) From: 156019K(214528K)->168055K(168448K)
[221.306s][info][gc,heap        ] GC(2014) ParOldGen: 1314008K(1398272K)->1314008K(1398272K)
[221.306s][info][gc,metaspace   ] GC(2014) Metaspace: 126337K(130624K)->126337K(130624K) NonClass: 108237K(108928K)->108237K(108928K) Class: 18099K(21696K)->18099K(21696K)
[221.306s][info][gc             ] GC(2014) Pause Young (Allocation Failure) 1677M->1447M(1771M) 16.457ms
[221.306s][info][gc,cpu         ] GC(2014) User=0.45s Sys=0.02s Real=0.02s
[221.319s][info][gc,start       ] GC(2015) Pause Young (Allocation Failure)
[221.336s][info][gc,heap        ] GC(2015) PSYoungGen: 415351K(415744K)->169181K(465920K) Eden: 247296K(247296K)->0K(232960K) From: 168055K(168448K)->169181K(232960K)
[221.336s][info][gc,heap        ] GC(2015) ParOldGen: 1314008K(1398272K)->1322305K(1398272K)
[221.336s][info][gc,metaspace   ] GC(2015) Metaspace: 126337K(130624K)->126337K(130624K) NonClass: 108237K(108928K)->108237K(108928K) Class: 18099K(21696K)->18099K(21696K)
[221.336s][info][gc             ] GC(2015) Pause Young (Allocation Failure) 1688M->1456M(1820M) 17.050ms
[221.336s][info][gc,cpu         ] GC(2015) User=0.38s Sys=0.00s Real=0.02s
[221.347s][info][gc,start       ] GC(2016) Pause Young (Allocation Failure)
[221.364s][info][gc,heap        ] GC(2016) PSYoungGen: 402141K(465920K)->184051K(465920K) Eden: 232960K(232960K)->0K(232960K) From: 169181K(232960K)->184051K(232960K)
[221.364s][info][gc,heap        ] GC(2016) ParOldGen: 1322305K(1398272K)->1322305K(1398272K)
[221.364s][info][gc,metaspace   ] GC(2016) Metaspace: 126337K(130624K)->126337K(130624K) NonClass: 108237K(108928K)->108237K(108928K) Class: 18099K(21696K)->18099K(21696K)
[221.364s][info][gc             ] GC(2016) Pause Young (Allocation Failure) 1684M->1471M(1820M) 17.248ms
[221.365s][info][gc,cpu         ] GC(2016) User=0.72s Sys=0.00s Real=0.03s
[221.377s][info][gc,start       ] GC(2017) Pause Young (Allocation Failure)
[221.395s][info][gc,heap        ] GC(2017) PSYoungGen: 417011K(465920K)->186211K(465920K) Eden: 232960K(232960K)->0K(232960K) From: 184051K(232960K)->186211K(232960K)
[221.395s][info][gc,heap        ] GC(2017) ParOldGen: 1322305K(1398272K)->1322305K(1398272K)
[221.395s][info][gc,metaspace   ] GC(2017) Metaspace: 126337K(130624K)->126337K(130624K) NonClass: 108237K(108928K)->108237K(108928K) Class: 18099K(21696K)->18099K(21696K)
[221.395s][info][gc             ] GC(2017) Pause Young (Allocation Failure) 1698M->1473M(1820M) 18.553ms
[221.395s][info][gc,cpu         ] GC(2017) User=0.44s Sys=0.00s Real=0.02s
[221.409s][info][gc,start       ] GC(2018) Pause Young (Allocation Failure)
[221.427s][info][gc,heap        ] GC(2018) PSYoungGen: 419171K(465920K)->141036K(465920K) Eden: 232960K(232960K)->0K(232960K) From: 186211K(232960K)->141036K(232960K)
[221.427s][info][gc,heap        ] GC(2018) ParOldGen: 1322305K(1398272K)->1371592K(1398272K)
[221.427s][info][gc,metaspace   ] GC(2018) Metaspace: 126339K(130624K)->126339K(130624K) NonClass: 108239K(108928K)->108239K(108928K) Class: 18099K(21696K)->18099K(21696K)
[221.427s][info][gc             ] GC(2018) Pause Young (Allocation Failure) 1700M->1477M(1820M) 18.152ms
[221.427s][info][gc,cpu         ] GC(2018) User=0.52s Sys=0.00s Real=0.02s
[221.427s][info][gc,start       ] GC(2019) Pause Full (Ergonomics)
[221.427s][info][gc,phases,start] GC(2019) Marking Phase
[221.472s][info][gc,phases      ] GC(2019) Marking Phase 45.407ms
[221.473s][info][gc,phases,start] GC(2019) Summary Phase
[221.473s][info][gc,phases      ] GC(2019) Summary Phase 0.046ms
[221.473s][info][gc,phases,start] GC(2019) Adjust Roots
[221.489s][info][gc,phases      ] GC(2019) Adjust Roots 16.660ms
[221.489s][info][gc,phases,start] GC(2019) Compaction Phase
[221.607s][info][gc,phases      ] GC(2019) Compaction Phase 117.168ms
[221.607s][info][gc,phases,start] GC(2019) Post Compact
[221.614s][info][gc,phases      ] GC(2019) Post Compact 7.440ms
[221.614s][info][gc,heap        ] GC(2019) PSYoungGen: 141036K(465920K)->26738K(465920K) Eden: 0K(232960K)->0K(232960K) From: 141036K(232960K)->26738K(232960K)
[221.614s][info][gc,heap        ] GC(2019) ParOldGen: 1371592K(1398272K)->1394698K(1398272K)
[221.614s][info][gc,metaspace   ] GC(2019) Metaspace: 126339K(130624K)->126339K(130624K) NonClass: 108239K(108928K)->108239K(108928K) Class: 18099K(21696K)->18099K(21696K)
[221.614s][info][gc             ] GC(2019) Pause Full (Ergonomics) 1477M->1388M(1820M) 187.054ms
[221.614s][info][gc,cpu         ] GC(2019) User=4.59s Sys=0.55s Real=0.19s
[221.629s][info][gc,start       ] GC(2020) Pause Full (Ergonomics)
[221.629s][info][gc,phases,start] GC(2020) Marking Phase
[221.677s][info][gc,phases      ] GC(2020) Marking Phase 48.416ms
[221.677s][info][gc,phases,start] GC(2020) Summary Phase
[221.677s][info][gc,phases      ] GC(2020) Summary Phase 0.044ms
[221.677s][info][gc,phases,start] GC(2020) Adjust Roots
[221.698s][info][gc,phases      ] GC(2020) Adjust Roots 20.891ms
[221.698s][info][gc,phases,start] GC(2020) Compaction Phase
[221.735s][info][gc,phases      ] GC(2020) Compaction Phase 37.151ms
[221.736s][info][gc,phases,start] GC(2020) Post Compact
[221.744s][info][gc,phases      ] GC(2020) Post Compact 8.184ms
[221.744s][info][gc,heap        ] GC(2020) PSYoungGen: 259698K(465920K)->19161K(465920K) Eden: 232960K(232960K)->0K(232960K) From: 26738K(232960K)->19161K(232960K)
[221.744s][info][gc,heap        ] GC(2020) ParOldGen: 1394698K(1398272K)->1395720K(1398272K)
[221.744s][info][gc,metaspace   ] GC(2020) Metaspace: 126341K(130624K)->126341K(130624K) NonClass: 108241K(108928K)->108241K(108928K) Class: 18099K(21696K)->18099K(21696K)
[221.744s][info][gc             ] GC(2020) Pause Full (Ergonomics) 1615M->1381M(1820M) 115.047ms
[221.744s][info][gc,cpu         ] GC(2020) User=2.03s Sys=0.02s Real=0.13s
[221.760s][info][gc,start       ] GC(2021) Pause Full (Ergonomics)
[221.761s][info][gc,phases,start] GC(2021) Marking Phase
[221.807s][info][gc,phases      ] GC(2021) Marking Phase 46.603ms
[221.807s][info][gc,phases,start] GC(2021) Summary Phase
[221.807s][info][gc,phases      ] GC(2021) Summary Phase 0.043ms
[221.807s][info][gc,phases,start] GC(2021) Adjust Roots
[221.820s][info][gc,phases      ] GC(2021) Adjust Roots 12.465ms
[221.820s][info][gc,phases,start] GC(2021) Compaction Phase
[221.856s][info][gc,phases      ] GC(2021) Compaction Phase 35.785ms
[221.856s][info][gc,phases,start] GC(2021) Post Compact
[221.864s][info][gc,phases      ] GC(2021) Post Compact 8.081ms
[221.864s][info][gc,heap        ] GC(2021) PSYoungGen: 252121K(465920K)->12675K(465920K) Eden: 232960K(232960K)->0K(232960K) From: 19161K(232960K)->12675K(232960K)
[221.864s][info][gc,heap        ] GC(2021) ParOldGen: 1395720K(1398272K)->1394831K(1398272K)
[221.864s][info][gc,metaspace   ] GC(2021) Metaspace: 126347K(130624K)->126347K(130624K) NonClass: 108247K(108928K)->108247K(108928K) Class: 18099K(21696K)->18099K(21696K)
[221.864s][info][gc             ] GC(2021) Pause Full (Ergonomics) 1609M->1374M(1820M) 103.275ms
[221.864s][info][gc,cpu         ] GC(2021) User=1.92s Sys=0.02s Real=0.09s
[221.881s][info][gc,start       ] GC(2022) Pause Full (Ergonomics)
[221.881s][info][gc,phases,start] GC(2022) Marking Phase
[221.933s][info][gc,phases      ] GC(2022) Marking Phase 52.488ms
[221.933s][info][gc,phases,start] GC(2022) Summary Phase
[221.933s][info][gc,phases      ] GC(2022) Summary Phase 0.042ms
[221.933s][info][gc,phases,start] GC(2022) Adjust Roots
[221.952s][info][gc,phases      ] GC(2022) Adjust Roots 18.256ms
[221.952s][info][gc,phases,start] GC(2022) Compaction Phase
[221.988s][info][gc,phases      ] GC(2022) Compaction Phase 35.905ms
[221.988s][info][gc,phases,start] GC(2022) Post Compact
[221.996s][info][gc,phases      ] GC(2022) Post Compact 8.054ms
[221.996s][info][gc,heap        ] GC(2022) PSYoungGen: 245635K(465920K)->4227K(465920K) Eden: 232960K(232960K)->0K(232960K) From: 12675K(232960K)->4227K(232960K)
[221.996s][info][gc,heap        ] GC(2022) ParOldGen: 1394831K(1398272K)->1397981K(1398272K)
[221.996s][info][gc,metaspace   ] GC(2022) Metaspace: 126347K(130624K)->126347K(130624K) NonClass: 108247K(108928K)->108247K(108928K) Class: 18099K(21696K)->18099K(21696K)
[221.996s][info][gc             ] GC(2022) Pause Full (Ergonomics) 1602M->1369M(1820M) 115.075ms
[221.996s][info][gc,cpu         ] GC(2022) User=2.50s Sys=0.00s Real=0.13s
[222.011s][info][gc,start       ] GC(2023) Pause Full (Ergonomics)
[222.011s][info][gc,phases,start] GC(2023) Marking Phase
[222.068s][info][gc,phases      ] GC(2023) Marking Phase 56.053ms
[222.068s][info][gc,phases,start] GC(2023) Summary Phase
[222.068s][info][gc,phases      ] GC(2023) Summary Phase 0.043ms
[222.068s][info][gc,phases,start] GC(2023) Adjust Roots
[222.085s][info][gc,phases      ] GC(2023) Adjust Roots 17.263ms
[222.085s][info][gc,phases,start] GC(2023) Compaction Phase
[222.108s][info][gc,phases      ] GC(2023) Compaction Phase 22.549ms
[222.108s][info][gc,phases,start] GC(2023) Post Compact
[222.118s][info][gc,phases      ] GC(2023) Post Compact 10.383ms
[222.118s][info][gc,heap        ] GC(2023) PSYoungGen: 237187K(465920K)->10571K(465920K) Eden: 232960K(232960K)->10571K(232960K) From: 4227K(232960K)->0K(232960K)
[222.118s][info][gc,heap        ] GC(2023) ParOldGen: 1397981K(1398272K)->1394797K(1398272K)
[222.118s][info][gc,metaspace   ] GC(2023) Metaspace: 126347K(130624K)->126347K(130624K) NonClass: 108247K(108928K)->108247K(108928K) Class: 18099K(21696K)->18099K(21696K)
[222.118s][info][gc             ] GC(2023) Pause Full (Ergonomics) 1596M->1372M(1820M) 106.780ms
[222.118s][info][gc,cpu         ] GC(2023) User=1.77s Sys=0.02s Real=0.11s
[222.143s][info][gc,start       ] GC(2024) Pause Full (Ergonomics)
[222.143s][info][gc,phases,start] GC(2024) Marking Phase
[222.193s][info][gc,phases      ] GC(2024) Marking Phase 50.632ms
[222.193s][info][gc,phases,start] GC(2024) Summary Phase
[222.194s][info][gc,phases      ] GC(2024) Summary Phase 0.047ms
[222.194s][info][gc,phases,start] GC(2024) Adjust Roots
[222.214s][info][gc,phases      ] GC(2024) Adjust Roots 20.483ms
[222.214s][info][gc,phases,start] GC(2024) Compaction Phase
[222.250s][info][gc,phases      ] GC(2024) Compaction Phase 36.421ms
[222.251s][info][gc,phases,start] GC(2024) Post Compact
[222.259s][info][gc,phases      ] GC(2024) Post Compact 8.034ms
[222.259s][info][gc,heap        ] GC(2024) PSYoungGen: 232960K(465920K)->8125K(465920K) Eden: 232960K(232960K)->8125K(232960K) From: 0K(232960K)->0K(232960K)
[222.259s][info][gc,heap        ] GC(2024) ParOldGen: 1394797K(1398272K)->1394579K(1398272K)
[222.259s][info][gc,metaspace   ] GC(2024) Metaspace: 126347K(130624K)->126347K(130624K) NonClass: 108247K(108928K)->108247K(108928K) Class: 18099K(21696K)->18099K(21696K)
[222.259s][info][gc             ] GC(2024) Pause Full (Ergonomics) 1589M->1369M(1820M) 115.939ms
[222.259s][info][gc,cpu         ] GC(2024) User=2.44s Sys=0.02s Real=0.11s
[222.275s][info][gc,start       ] GC(2025) Pause Full (Ergonomics)
[222.289s][info][gc,phases,start] GC(2025) Marking Phase
[222.345s][info][gc,phases      ] GC(2025) Marking Phase 56.048ms
[222.345s][info][gc,phases,start] GC(2025) Summary Phase
[222.345s][info][gc,phases      ] GC(2025) Summary Phase 0.045ms
[222.345s][info][gc,phases,start] GC(2025) Adjust Roots
[222.363s][info][gc,phases      ] GC(2025) Adjust Roots 17.430ms
[222.363s][info][gc,phases,start] GC(2025) Compaction Phase
[222.382s][info][gc,phases      ] GC(2025) Compaction Phase 18.825ms
[222.382s][info][gc,phases,start] GC(2025) Post Compact
[222.392s][info][gc,phases      ] GC(2025) Post Compact 10.635ms
[222.393s][info][gc,heap        ] GC(2025) PSYoungGen: 232960K(465920K)->8130K(465920K) Eden: 232960K(232960K)->8130K(232960K) From: 0K(232960K)->0K(232960K)
[222.393s][info][gc,heap        ] GC(2025) ParOldGen: 1394579K(1398272K)->1394579K(1398272K)
[222.393s][info][gc,metaspace   ] GC(2025) Metaspace: 126347K(130624K)->126347K(130624K) NonClass: 108247K(108928K)->108247K(108928K) Class: 18099K(21696K)->18099K(21696K)
[222.393s][info][gc             ] GC(2025) Pause Full (Ergonomics) 1589M->1369M(1820M) 117.968ms
[222.393s][info][gc,cpu         ] GC(2025) User=1.66s Sys=0.00s Real=0.11s
[222.417s][info][gc,start       ] GC(2026) Pause Full (Ergonomics)
[222.417s][info][gc,phases,start] GC(2026) Marking Phase
[222.473s][info][gc,phases      ] GC(2026) Marking Phase 55.734ms
[222.473s][info][gc,phases,start] GC(2026) Summary Phase
[222.473s][info][gc,phases      ] GC(2026) Summary Phase 0.040ms
[222.473s][info][gc,phases,start] GC(2026) Adjust Roots
[222.483s][info][gc,phases      ] GC(2026) Adjust Roots 9.561ms
[222.483s][info][gc,phases,start] GC(2026) Compaction Phase
[222.500s][info][gc,phases      ] GC(2026) Compaction Phase 17.521ms
[222.500s][info][gc,phases,start] GC(2026) Post Compact
[222.508s][info][gc,phases      ] GC(2026) Post Compact 8.336ms
[222.509s][info][gc,heap        ] GC(2026) PSYoungGen: 232960K(465920K)->8133K(465920K) Eden: 232960K(232960K)->8133K(232960K) From: 0K(232960K)->0K(232960K)
[222.509s][info][gc,heap        ] GC(2026) ParOldGen: 1394579K(1398272K)->1394578K(1398272K)
[222.509s][info][gc,metaspace   ] GC(2026) Metaspace: 126347K(130624K)->126347K(130624K) NonClass: 108247K(108928K)->108247K(108928K) Class: 18099K(21696K)->18099K(21696K)
[222.509s][info][gc             ] GC(2026) Pause Full (Ergonomics) 1589M->1369M(1820M) 91.553ms
[222.509s][info][gc,cpu         ] GC(2026) User=1.38s Sys=0.02s Real=0.09s
[222.534s][info][gc,start       ] GC(2027) Pause Full (Ergonomics)
[222.534s][info][gc,phases,start] GC(2027) Marking Phase
[222.581s][info][gc,phases      ] GC(2027) Marking Phase 47.423ms
[222.581s][info][gc,phases,start] GC(2027) Summary Phase
[222.581s][info][gc,phases      ] GC(2027) Summary Phase 0.042ms
[222.581s][info][gc,phases,start] GC(2027) Adjust Roots
[222.596s][info][gc,phases      ] GC(2027) Adjust Roots 14.355ms
[222.596s][info][gc,phases,start] GC(2027) Compaction Phase
[222.616s][info][gc,phases      ] GC(2027) Compaction Phase 20.288ms
[222.616s][info][gc,phases,start] GC(2027) Post Compact
[222.627s][info][gc,phases      ] GC(2027) Post Compact 10.577ms
[222.627s][info][gc,heap        ] GC(2027) PSYoungGen: 232960K(465920K)->8138K(465920K) Eden: 232960K(232960K)->8138K(232960K) From: 0K(232960K)->0K(232960K)
[222.627s][info][gc,heap        ] GC(2027) ParOldGen: 1394578K(1398272K)->1394577K(1398272K)
[222.627s][info][gc,metaspace   ] GC(2027) Metaspace: 126347K(130624K)->126347K(130624K) NonClass: 108247K(108928K)->108247K(108928K) Class: 18099K(21696K)->18099K(21696K)
[222.627s][info][gc             ] GC(2027) Pause Full (Ergonomics) 1589M->1369M(1820M) 93.138ms
[222.627s][info][gc,cpu         ] GC(2027) User=0.75s Sys=0.00s Real=0.08s
[222.654s][info][gc,start       ] GC(2028) Pause Full (Ergonomics)
[222.654s][info][gc,phases,start] GC(2028) Marking Phase
[222.710s][info][gc,phases      ] GC(2028) Marking Phase 56.326ms
[222.711s][info][gc,phases,start] GC(2028) Summary Phase
[222.711s][info][gc,phases      ] GC(2028) Summary Phase 0.041ms
[222.711s][info][gc,phases,start] GC(2028) Adjust Roots
[222.725s][info][gc,phases      ] GC(2028) Adjust Roots 14.217ms
[222.725s][info][gc,phases,start] GC(2028) Compaction Phase
[222.744s][info][gc,phases      ] GC(2028) Compaction Phase 19.366ms
[222.744s][info][gc,phases,start] GC(2028) Post Compact
[222.754s][info][gc,phases      ] GC(2028) Post Compact 9.838ms
[222.754s][info][gc,heap        ] GC(2028) PSYoungGen: 232960K(465920K)->8143K(465920K) Eden: 232960K(232960K)->8143K(232960K) From: 0K(232960K)->0K(232960K)
[222.754s][info][gc,heap        ] GC(2028) ParOldGen: 1394577K(1398272K)->1394577K(1398272K)
[222.754s][info][gc,metaspace   ] GC(2028) Metaspace: 126347K(130624K)->126347K(130624K) NonClass: 108247K(108928K)->108247K(108928K) Class: 18099K(21696K)->18099K(21696K)
[222.754s][info][gc             ] GC(2028) Pause Full (Ergonomics) 1589M->1369M(1820M) 100.163ms
[222.754s][info][gc,cpu         ] GC(2028) User=1.41s Sys=0.05s Real=0.11s
[222.779s][info][gc,start       ] GC(2029) Pause Full (Ergonomics)
[222.779s][info][gc,phases,start] GC(2029) Marking Phase
[222.824s][info][gc,phases      ] GC(2029) Marking Phase 45.299ms
[222.824s][info][gc,phases,start] GC(2029) Summary Phase
[222.824s][info][gc,phases      ] GC(2029) Summary Phase 0.042ms
[222.824s][info][gc,phases,start] GC(2029) Adjust Roots
[222.844s][info][gc,phases      ] GC(2029) Adjust Roots 19.778ms
[222.844s][info][gc,phases,start] GC(2029) Compaction Phase
[222.866s][info][gc,phases      ] GC(2029) Compaction Phase 21.840ms
[222.866s][info][gc,phases,start] GC(2029) Post Compact
[222.876s][info][gc,phases      ] GC(2029) Post Compact 10.472ms
[222.876s][info][gc,heap        ] GC(2029) PSYoungGen: 232960K(465920K)->8134K(465920K) Eden: 232960K(232960K)->8134K(232960K) From: 0K(232960K)->0K(232960K)
[222.876s][info][gc,heap        ] GC(2029) ParOldGen: 1394577K(1398272K)->1394577K(1398272K)
[222.877s][info][gc,metaspace   ] GC(2029) Metaspace: 126347K(130624K)->126347K(130624K) NonClass: 108247K(108928K)->108247K(108928K) Class: 18099K(21696K)->18099K(21696K)
[222.877s][info][gc             ] GC(2029) Pause Full (Ergonomics) 1589M->1369M(1820M) 98.016ms
[222.877s][info][gc,cpu         ] GC(2029) User=1.19s Sys=0.02s Real=0.09s
[222.904s][info][gc,start       ] GC(2030) Pause Full (Ergonomics)
[222.904s][info][gc,phases,start] GC(2030) Marking Phase
[222.953s][info][gc,phases      ] GC(2030) Marking Phase 48.838ms
[222.953s][info][gc,phases,start] GC(2030) Summary Phase
[222.953s][info][gc,phases      ] GC(2030) Summary Phase 0.044ms
[222.953s][info][gc,phases,start] GC(2030) Adjust Roots
[222.973s][info][gc,phases      ] GC(2030) Adjust Roots 20.290ms
[222.973s][info][gc,phases,start] GC(2030) Compaction Phase
[222.993s][info][gc,phases      ] GC(2030) Compaction Phase 19.943ms
[222.993s][info][gc,phases,start] GC(2030) Post Compact
[223.004s][info][gc,phases      ] GC(2030) Post Compact 10.530ms
[223.004s][info][gc,heap        ] GC(2030) PSYoungGen: 232960K(465920K)->8127K(465920K) Eden: 232960K(232960K)->8127K(232960K) From: 0K(232960K)->0K(232960K)
[223.004s][info][gc,heap        ] GC(2030) ParOldGen: 1394577K(1398272K)->1394577K(1398272K)
[223.004s][info][gc,metaspace   ] GC(2030) Metaspace: 126347K(130624K)->126347K(130624K) NonClass: 108247K(108928K)->108247K(108928K) Class: 18099K(21696K)->18099K(21696K)
[223.004s][info][gc             ] GC(2030) Pause Full (Ergonomics) 1589M->1369M(1820M) 100.060ms
[223.004s][info][gc,cpu         ] GC(2030) User=1.11s Sys=0.02s Real=0.09s
[223.028s][info][gc,start       ] GC(2031) Pause Full (Ergonomics)
[223.028s][info][gc,phases,start] GC(2031) Marking Phase
[223.080s][info][gc,phases      ] GC(2031) Marking Phase 52.686ms
[223.081s][info][gc,phases,start] GC(2031) Summary Phase
[223.081s][info][gc,phases      ] GC(2031) Summary Phase 0.041ms
[223.081s][info][gc,phases,start] GC(2031) Adjust Roots
[223.098s][info][gc,phases      ] GC(2031) Adjust Roots 17.298ms
[223.098s][info][gc,phases,start] GC(2031) Compaction Phase
[223.119s][info][gc,phases      ] GC(2031) Compaction Phase 21.166ms
[223.119s][info][gc,phases,start] GC(2031) Post Compact
[223.129s][info][gc,phases      ] GC(2031) Post Compact 9.910ms
[223.129s][info][gc,heap        ] GC(2031) PSYoungGen: 232960K(465920K)->8140K(465920K) Eden: 232960K(232960K)->8140K(232960K) From: 0K(232960K)->0K(232960K)
[223.129s][info][gc,heap        ] GC(2031) ParOldGen: 1394577K(1398272K)->1394577K(1398272K)
[223.129s][info][gc,metaspace   ] GC(2031) Metaspace: 126347K(130624K)->126347K(130624K) NonClass: 108247K(108928K)->108247K(108928K) Class: 18099K(21696K)->18099K(21696K)
[223.129s][info][gc             ] GC(2031) Pause Full (Ergonomics) 1589M->1369M(1820M) 101.426ms
[223.129s][info][gc,cpu         ] GC(2031) User=1.03s Sys=0.00s Real=0.09s
[223.157s][info][gc,start       ] GC(2032) Pause Full (Ergonomics)
[223.157s][info][gc,phases,start] GC(2032) Marking Phase
[223.207s][info][gc,phases      ] GC(2032) Marking Phase 50.665ms
[223.207s][info][gc,phases,start] GC(2032) Summary Phase
[223.207s][info][gc,phases      ] GC(2032) Summary Phase 0.040ms
[223.207s][info][gc,phases,start] GC(2032) Adjust Roots
[223.223s][info][gc,phases      ] GC(2032) Adjust Roots 15.796ms
[223.223s][info][gc,phases,start] GC(2032) Compaction Phase
[223.242s][info][gc,phases      ] GC(2032) Compaction Phase 18.516ms
[223.242s][info][gc,phases,start] GC(2032) Post Compact
[223.250s][info][gc,phases      ] GC(2032) Post Compact 8.492ms
[223.250s][info][gc,heap        ] GC(2032) PSYoungGen: 232960K(465920K)->8133K(465920K) Eden: 232960K(232960K)->8133K(232960K) From: 0K(232960K)->0K(232960K)
[223.250s][info][gc,heap        ] GC(2032) ParOldGen: 1394577K(1398272K)->1394577K(1398272K)
[223.250s][info][gc,metaspace   ] GC(2032) Metaspace: 126347K(130624K)->126347K(130624K) NonClass: 108247K(108928K)->108247K(108928K) Class: 18099K(21696K)->18099K(21696K)
[223.250s][info][gc             ] GC(2032) Pause Full (Ergonomics) 1589M->1369M(1820M) 93.797ms
[223.250s][info][gc,cpu         ] GC(2032) User=1.61s Sys=0.00s Real=0.09s
[223.276s][info][gc,start       ] GC(2033) Pause Full (Ergonomics)
[223.276s][info][gc,phases,start] GC(2033) Marking Phase
[223.324s][info][gc,phases      ] GC(2033) Marking Phase 48.264ms
[223.324s][info][gc,phases,start] GC(2033) Summary Phase
[223.324s][info][gc,phases      ] GC(2033) Summary Phase 0.041ms
[223.324s][info][gc,phases,start] GC(2033) Adjust Roots
[223.340s][info][gc,phases      ] GC(2033) Adjust Roots 15.405ms
[223.340s][info][gc,phases,start] GC(2033) Compaction Phase
[223.361s][info][gc,phases      ] GC(2033) Compaction Phase 21.224ms
[223.361s][info][gc,phases,start] GC(2033) Post Compact
[223.371s][info][gc,phases      ] GC(2033) Post Compact 10.163ms
[223.371s][info][gc,heap        ] GC(2033) PSYoungGen: 232960K(465920K)->8134K(465920K) Eden: 232960K(232960K)->8134K(232960K) From: 0K(232960K)->0K(232960K)
[223.371s][info][gc,heap        ] GC(2033) ParOldGen: 1394577K(1398272K)->1394577K(1398272K)
[223.371s][info][gc,metaspace   ] GC(2033) Metaspace: 126347K(130624K)->126347K(130624K) NonClass: 108247K(108928K)->108247K(108928K) Class: 18099K(21696K)->18099K(21696K)
[223.372s][info][gc             ] GC(2033) Pause Full (Ergonomics) 1589M->1369M(1820M) 95.508ms
[223.372s][info][gc,cpu         ] GC(2033) User=1.17s Sys=0.00s Real=0.09s
[223.398s][info][gc,start       ] GC(2034) Pause Full (Ergonomics)
[223.398s][info][gc,phases,start] GC(2034) Marking Phase
[223.455s][info][gc,phases      ] GC(2034) Marking Phase 57.064ms
[223.455s][info][gc,phases,start] GC(2034) Summary Phase
[223.456s][info][gc,phases      ] GC(2034) Summary Phase 0.041ms
[223.456s][info][gc,phases,start] GC(2034) Adjust Roots
[223.473s][info][gc,phases      ] GC(2034) Adjust Roots 17.407ms
[223.473s][info][gc,phases,start] GC(2034) Compaction Phase
[223.494s][info][gc,phases      ] GC(2034) Compaction Phase 20.550ms
[223.494s][info][gc,phases,start] GC(2034) Post Compact
[223.504s][info][gc,phases      ] GC(2034) Post Compact 10.643ms
[223.504s][info][gc,heap        ] GC(2034) PSYoungGen: 232960K(465920K)->8124K(465920K) Eden: 232960K(232960K)->8124K(232960K) From: 0K(232960K)->0K(232960K)
[223.504s][info][gc,heap        ] GC(2034) ParOldGen: 1394577K(1398272K)->1394577K(1398272K)
[223.504s][info][gc,metaspace   ] GC(2034) Metaspace: 126347K(130624K)->126347K(130624K) NonClass: 108247K(108928K)->108247K(108928K) Class: 18099K(21696K)->18099K(21696K)
[223.504s][info][gc             ] GC(2034) Pause Full (Ergonomics) 1589M->1369M(1820M) 106.119ms
[223.505s][info][gc,cpu         ] GC(2034) User=1.66s Sys=0.00s Real=0.11s
[223.529s][info][gc,start       ] GC(2035) Pause Full (Ergonomics)
[223.529s][info][gc,phases,start] GC(2035) Marking Phase
[223.587s][info][gc,phases      ] GC(2035) Marking Phase 57.952ms
[223.587s][info][gc,phases,start] GC(2035) Summary Phase
[223.587s][info][gc,phases      ] GC(2035) Summary Phase 0.041ms
[223.587s][info][gc,phases,start] GC(2035) Adjust Roots
[223.605s][info][gc,phases      ] GC(2035) Adjust Roots 17.351ms
[223.605s][info][gc,phases,start] GC(2035) Compaction Phase
[223.641s][info][gc,phases      ] GC(2035) Compaction Phase 35.948ms
[223.641s][info][gc,phases,start] GC(2035) Post Compact
[223.649s][info][gc,phases      ] GC(2035) Post Compact 7.967ms
[223.649s][info][gc,heap        ] GC(2035) PSYoungGen: 232960K(465920K)->8123K(465920K) Eden: 232960K(232960K)->8123K(232960K) From: 0K(232960K)->0K(232960K)
[223.649s][info][gc,heap        ] GC(2035) ParOldGen: 1394577K(1398272K)->1394577K(1398272K)
[223.649s][info][gc,metaspace   ] GC(2035) Metaspace: 126347K(130624K)->126347K(130624K) NonClass: 108247K(108928K)->108247K(108928K) Class: 18099K(21696K)->18099K(21696K)
[223.649s][info][gc             ] GC(2035) Pause Full (Ergonomics) 1589M->1369M(1820M) 119.554ms
[223.649s][info][gc,cpu         ] GC(2035) User=2.47s Sys=0.00s Real=0.11s
[223.665s][info][gc,start       ] GC(2036) Pause Full (Ergonomics)
[223.665s][info][gc,phases,start] GC(2036) Marking Phase
[223.712s][info][gc,phases      ] GC(2036) Marking Phase 46.772ms
[223.712s][info][gc,phases,start] GC(2036) Summary Phase
[223.712s][info][gc,phases      ] GC(2036) Summary Phase 0.046ms
[223.712s][info][gc,phases,start] GC(2036) Adjust Roots
[223.733s][info][gc,phases      ] GC(2036) Adjust Roots 20.350ms
[223.733s][info][gc,phases,start] GC(2036) Compaction Phase
[223.752s][info][gc,phases      ] GC(2036) Compaction Phase 19.369ms
[223.752s][info][gc,phases,start] GC(2036) Post Compact
[223.763s][info][gc,phases      ] GC(2036) Post Compact 10.733ms
[223.763s][info][gc,heap        ] GC(2036) PSYoungGen: 232960K(465920K)->8136K(465920K) Eden: 232960K(232960K)->8136K(232960K) From: 0K(232960K)->0K(232960K)
[223.763s][info][gc,heap        ] GC(2036) ParOldGen: 1394577K(1398272K)->1394577K(1398272K)
[223.763s][info][gc,metaspace   ] GC(2036) Metaspace: 126347K(130624K)->126347K(130624K) NonClass: 108247K(108928K)->108247K(108928K) Class: 18099K(21696K)->18099K(21696K)
[223.763s][info][gc             ] GC(2036) Pause Full (Ergonomics) 1589M->1369M(1820M) 97.748ms
[223.763s][info][gc,cpu         ] GC(2036) User=0.64s Sys=0.00s Real=0.09s
[223.792s][info][gc,start       ] GC(2037) Pause Full (Ergonomics)
[223.792s][info][gc,phases,start] GC(2037) Marking Phase
[223.840s][info][gc,phases      ] GC(2037) Marking Phase 47.932ms
[223.840s][info][gc,phases,start] GC(2037) Summary Phase
[223.840s][info][gc,phases      ] GC(2037) Summary Phase 0.043ms
[223.840s][info][gc,phases,start] GC(2037) Adjust Roots
[223.854s][info][gc,phases      ] GC(2037) Adjust Roots 13.653ms
[223.854s][info][gc,phases,start] GC(2037) Compaction Phase
[223.874s][info][gc,phases      ] GC(2037) Compaction Phase 20.566ms
[223.874s][info][gc,phases,start] GC(2037) Post Compact
[223.885s][info][gc,phases      ] GC(2037) Post Compact 10.509ms
[223.885s][info][gc,heap        ] GC(2037) PSYoungGen: 232960K(465920K)->8120K(465920K) Eden: 232960K(232960K)->8120K(232960K) From: 0K(232960K)->0K(232960K)
[223.885s][info][gc,heap        ] GC(2037) ParOldGen: 1394577K(1398272K)->1394577K(1398272K)
[223.885s][info][gc,metaspace   ] GC(2037) Metaspace: 126347K(130624K)->126347K(130624K) NonClass: 108247K(108928K)->108247K(108928K) Class: 18099K(21696K)->18099K(21696K)
[223.885s][info][gc             ] GC(2037) Pause Full (Ergonomics) 1589M->1369M(1820M) 93.101ms
[223.885s][info][gc,cpu         ] GC(2037) User=1.17s Sys=0.00s Real=0.09s
[223.912s][info][gc,start       ] GC(2038) Pause Full (Ergonomics)
[223.912s][info][gc,phases,start] GC(2038) Marking Phase
[223.959s][info][gc,phases      ] GC(2038) Marking Phase 47.449ms
[223.959s][info][gc,phases,start] GC(2038) Summary Phase
[223.959s][info][gc,phases      ] GC(2038) Summary Phase 0.040ms
[223.960s][info][gc,phases,start] GC(2038) Adjust Roots
[223.975s][info][gc,phases      ] GC(2038) Adjust Roots 15.980ms
[223.976s][info][gc,phases,start] GC(2038) Compaction Phase
[223.996s][info][gc,phases      ] GC(2038) Compaction Phase 20.868ms
[223.996s][info][gc,phases,start] GC(2038) Post Compact
[224.007s][info][gc,phases      ] GC(2038) Post Compact 10.649ms
[224.007s][info][gc,heap        ] GC(2038) PSYoungGen: 232960K(465920K)->8132K(465920K) Eden: 232960K(232960K)->8132K(232960K) From: 0K(232960K)->0K(232960K)
[224.007s][info][gc,heap        ] GC(2038) ParOldGen: 1394577K(1398272K)->1394577K(1398272K)
[224.007s][info][gc,metaspace   ] GC(2038) Metaspace: 126347K(130624K)->126347K(130624K) NonClass: 108247K(108928K)->108247K(108928K) Class: 18099K(21696K)->18099K(21696K)
[224.007s][info][gc             ] GC(2038) Pause Full (Ergonomics) 1589M->1369M(1820M) 95.382ms
[224.007s][info][gc,cpu         ] GC(2038) User=1.17s Sys=0.00s Real=0.09s
[224.034s][info][gc,start       ] GC(2039) Pause Full (Ergonomics)
[224.034s][info][gc,phases,start] GC(2039) Marking Phase
[224.085s][info][gc,phases      ] GC(2039) Marking Phase 50.982ms
[224.085s][info][gc,phases,start] GC(2039) Summary Phase
[224.085s][info][gc,phases      ] GC(2039) Summary Phase 0.052ms
[224.085s][info][gc,phases,start] GC(2039) Adjust Roots
[224.100s][info][gc,phases      ] GC(2039) Adjust Roots 14.820ms
[224.100s][info][gc,phases,start] GC(2039) Compaction Phase
[224.132s][info][gc,phases      ] GC(2039) Compaction Phase 32.767ms
[224.132s][info][gc,phases,start] GC(2039) Post Compact
[224.140s][info][gc,phases      ] GC(2039) Post Compact 7.969ms
[224.140s][info][gc,heap        ] GC(2039) PSYoungGen: 232960K(465920K)->0K(465920K) Eden: 232960K(232960K)->0K(232960K) From: 0K(232960K)->0K(232960K)
[224.140s][info][gc,heap        ] GC(2039) ParOldGen: 1394577K(1398272K)->1378268K(1398272K)
[224.140s][info][gc,metaspace   ] GC(2039) Metaspace: 126347K(130624K)->126347K(130624K) NonClass: 108247K(108928K)->108247K(108928K) Class: 18099K(21696K)->18099K(21696K)
[224.141s][info][gc             ] GC(2039) Pause Full (Ergonomics) 1589M->1345M(1820M) 106.881ms
[224.141s][info][gc,cpu         ] GC(2039) User=3.09s Sys=0.02s Real=0.11s
[224.157s][info][gc,start       ] GC(2040) Pause Full (Ergonomics)
[224.157s][info][gc,phases,start] GC(2040) Marking Phase
[224.204s][info][gc,phases      ] GC(2040) Marking Phase 47.483ms
[224.205s][info][gc,phases,start] GC(2040) Summary Phase
[224.205s][info][gc,phases      ] GC(2040) Summary Phase 0.056ms
[224.205s][info][gc,phases,start] GC(2040) Adjust Roots
[224.219s][info][gc,phases      ] GC(2040) Adjust Roots 14.862ms
[224.219s][info][gc,phases,start] GC(2040) Compaction Phase
[224.253s][info][gc,phases      ] GC(2040) Compaction Phase 33.433ms
[224.253s][info][gc,phases,start] GC(2040) Post Compact
[224.261s][info][gc,phases      ] GC(2040) Post Compact 7.912ms
[224.261s][info][gc,heap        ] GC(2040) PSYoungGen: 232960K(465920K)->0K(465920K) Eden: 232960K(232960K)->0K(232960K) From: 0K(232960K)->0K(232960K)
[224.261s][info][gc,heap        ] GC(2040) ParOldGen: 1378268K(1398272K)->1349619K(1398272K)
[224.261s][info][gc,metaspace   ] GC(2040) Metaspace: 126347K(130624K)->126347K(130624K) NonClass: 108247K(108928K)->108247K(108928K) Class: 18099K(21696K)->18099K(21696K)
[224.261s][info][gc             ] GC(2040) Pause Full (Ergonomics) 1573M->1317M(1820M) 104.071ms
[224.261s][info][gc,cpu         ] GC(2040) User=1.55s Sys=0.03s Real=0.09s
[224.279s][info][gc,start       ] GC(2041) Pause Full (Ergonomics)
[224.279s][info][gc,phases,start] GC(2041) Marking Phase
[224.330s][info][gc,phases      ] GC(2041) Marking Phase 51.414ms
[224.330s][info][gc,phases,start] GC(2041) Summary Phase
[224.330s][info][gc,phases      ] GC(2041) Summary Phase 0.058ms
[224.330s][info][gc,phases,start] GC(2041) Adjust Roots
[224.345s][info][gc,phases      ] GC(2041) Adjust Roots 14.537ms
[224.345s][info][gc,phases,start] GC(2041) Compaction Phase
[224.378s][info][gc,phases      ] GC(2041) Compaction Phase 33.444ms
[224.378s][info][gc,phases,start] GC(2041) Post Compact
[224.386s][info][gc,phases      ] GC(2041) Post Compact 8.257ms
[224.387s][info][gc,heap        ] GC(2041) PSYoungGen: 232960K(465920K)->0K(465920K) Eden: 232960K(232960K)->0K(232960K) From: 0K(232960K)->0K(232960K)
[224.387s][info][gc,heap        ] GC(2041) ParOldGen: 1349619K(1398272K)->1349729K(1398272K)
[224.387s][info][gc,metaspace   ] GC(2041) Metaspace: 126347K(130624K)->126347K(130624K) NonClass: 108247K(108928K)->108247K(108928K) Class: 18099K(21696K)->18099K(21696K)
[224.387s][info][gc             ] GC(2041) Pause Full (Ergonomics) 1545M->1318M(1820M) 108.088ms
[224.387s][info][gc,cpu         ] GC(2041) User=1.94s Sys=0.00s Real=0.11s
[224.410s][info][gc,start       ] GC(2042) Pause Full (Ergonomics)
[224.410s][info][gc,phases,start] GC(2042) Marking Phase
[224.456s][info][gc,phases      ] GC(2042) Marking Phase 45.591ms
[224.456s][info][gc,phases,start] GC(2042) Summary Phase
[224.456s][info][gc,phases      ] GC(2042) Summary Phase 0.059ms
[224.456s][info][gc,phases,start] GC(2042) Adjust Roots
[224.469s][info][gc,phases      ] GC(2042) Adjust Roots 13.165ms
[224.469s][info][gc,phases,start] GC(2042) Compaction Phase
[224.493s][info][gc,phases      ] GC(2042) Compaction Phase 24.264ms
[224.493s][info][gc,phases,start] GC(2042) Post Compact
[224.501s][info][gc,phases      ] GC(2042) Post Compact 7.807ms
[224.501s][info][gc,heap        ] GC(2042) PSYoungGen: 232960K(465920K)->0K(465920K) Eden: 232960K(232960K)->0K(232960K) From: 0K(232960K)->0K(232960K)
[224.501s][info][gc,heap        ] GC(2042) ParOldGen: 1349729K(1398272K)->1272281K(1398272K)
[224.501s][info][gc,metaspace   ] GC(2042) Metaspace: 126359K(130624K)->126359K(130624K) NonClass: 108259K(108928K)->108259K(108928K) Class: 18099K(21696K)->18099K(21696K)
[224.501s][info][gc             ] GC(2042) Pause Full (Ergonomics) 1545M->1242M(1820M) 91.223ms
[224.501s][info][gc,cpu         ] GC(2042) User=1.58s Sys=0.00s Real=0.09s
[224.543s][info][gc,start       ] GC(2043) Pause Young (Allocation Failure)
[224.545s][info][gc,heap        ] GC(2043) PSYoungGen: 232960K(465920K)->1923K(465920K) Eden: 232960K(232960K)->0K(232960K) From: 0K(232960K)->1923K(232960K)
[224.545s][info][gc,heap        ] GC(2043) ParOldGen: 1272281K(1398272K)->1272281K(1398272K)
[224.545s][info][gc,metaspace   ] GC(2043) Metaspace: 126359K(130624K)->126359K(130624K) NonClass: 108259K(108928K)->108259K(108928K) Class: 18099K(21696K)->18099K(21696K)
[224.545s][info][gc             ] GC(2043) Pause Young (Allocation Failure) 1469M->1244M(1820M) 1.734ms
[224.545s][info][gc,cpu         ] GC(2043) User=0.00s Sys=0.00s Real=0.00s
[224.936s][info][gc,start       ] GC(2044) Pause Young (System.gc())
[224.939s][info][gc,heap        ] GC(2044) PSYoungGen: 24013K(465920K)->2205K(465920K) Eden: 22090K(232960K)->0K(232960K) From: 1923K(232960K)->2205K(232960K)
[224.939s][info][gc,heap        ] GC(2044) ParOldGen: 1272281K(1398272K)->1272281K(1398272K)
[224.939s][info][gc,metaspace   ] GC(2044) Metaspace: 126367K(130624K)->126367K(130624K) NonClass: 108267K(108928K)->108267K(108928K) Class: 18099K(21696K)->18099K(21696K)
[224.939s][info][gc             ] GC(2044) Pause Young (System.gc()) 1265M->1244M(1820M) 2.847ms
[224.939s][info][gc,cpu         ] GC(2044) User=0.00s Sys=0.00s Real=0.00s
[224.939s][info][gc,start       ] GC(2045) Pause Full (System.gc())
[224.939s][info][gc,phases,start] GC(2045) Marking Phase
[224.999s][info][gc,phases      ] GC(2045) Marking Phase 60.000ms
[224.999s][info][gc,phases,start] GC(2045) Summary Phase
[224.999s][info][gc,phases      ] GC(2045) Summary Phase 0.034ms
[224.999s][info][gc,phases,start] GC(2045) Adjust Roots
[225.014s][info][gc,phases      ] GC(2045) Adjust Roots 14.950ms
[225.014s][info][gc,phases,start] GC(2045) Compaction Phase
[225.094s][info][gc,phases      ] GC(2045) Compaction Phase 79.909ms
[225.094s][info][gc,phases,start] GC(2045) Post Compact
[225.100s][info][gc,phases      ] GC(2045) Post Compact 6.352ms
[225.100s][info][gc,heap        ] GC(2045) PSYoungGen: 2205K(465920K)->0K(465920K) Eden: 0K(232960K)->0K(232960K) From: 2205K(232960K)->0K(232960K)
[225.100s][info][gc,heap        ] GC(2045) ParOldGen: 1272281K(1398272K)->974900K(1398272K)
[225.100s][info][gc,metaspace   ] GC(2045) Metaspace: 126367K(130624K)->126367K(130624K) NonClass: 108267K(108928K)->108267K(108928K) Class: 18099K(21696K)->18099K(21696K)
[225.101s][info][gc             ] GC(2045) Pause Full (System.gc()) 1244M->952M(1820M) 161.558ms
[225.101s][info][gc,cpu         ] GC(2045) User=4.13s Sys=0.02s Real=0.16s
[225.180s][info][gc,start       ] GC(2046) Pause Young (Allocation Failure)
[225.182s][info][gc,heap        ] GC(2046) PSYoungGen: 232960K(465920K)->10513K(465920K) Eden: 232960K(232960K)->0K(232960K) From: 0K(232960K)->10513K(232960K)
[225.182s][info][gc,heap        ] GC(2046) ParOldGen: 974900K(1398272K)->974908K(1398272K)
[225.182s][info][gc,metaspace   ] GC(2046) Metaspace: 126432K(130688K)->126432K(130688K) NonClass: 108332K(108992K)->108332K(108992K) Class: 18100K(21696K)->18100K(21696K)
[225.182s][info][gc             ] GC(2046) Pause Young (Allocation Failure) 1179M->962M(1820M) 2.447ms
[225.182s][info][gc,cpu         ] GC(2046) User=0.53s Sys=0.00s Real=0.02s
[225.199s][info][gc,start       ] GC(2047) Pause Young (Allocation Failure)
[225.201s][info][gc,heap        ] GC(2047) PSYoungGen: 243473K(465920K)->11843K(465920K) Eden: 232960K(232960K)->0K(232960K) From: 10513K(232960K)->11843K(232960K)
[225.201s][info][gc,heap        ] GC(2047) ParOldGen: 974908K(1398272K)->974908K(1398272K)
[225.201s][info][gc,metaspace   ] GC(2047) Metaspace: 126444K(130688K)->126444K(130688K) NonClass: 108344K(108992K)->108344K(108992K) Class: 18100K(21696K)->18100K(21696K)
[225.201s][info][gc             ] GC(2047) Pause Young (Allocation Failure) 1189M->963M(1820M) 2.005ms
[225.201s][info][gc,cpu         ] GC(2047) User=0.00s Sys=0.00s Real=0.00s
[225.217s][info][gc,start       ] GC(2048) Pause Young (Allocation Failure)
[225.219s][info][gc,heap        ] GC(2048) PSYoungGen: 244803K(465920K)->14811K(465920K) Eden: 232960K(232960K)->0K(232960K) From: 11843K(232960K)->14811K(232960K)
[225.219s][info][gc,heap        ] GC(2048) ParOldGen: 974908K(1398272K)->974908K(1398272K)
[225.219s][info][gc,metaspace   ] GC(2048) Metaspace: 126452K(130752K)->126452K(130752K) NonClass: 108351K(109056K)->108351K(109056K) Class: 18100K(21696K)->18100K(21696K)
[225.219s][info][gc             ] GC(2048) Pause Young (Allocation Failure) 1191M->966M(1820M) 2.096ms
[225.219s][info][gc,cpu         ] GC(2048) User=0.00s Sys=0.00s Real=0.00s
[225.234s][info][gc,start       ] GC(2049) Pause Young (Allocation Failure)
[225.237s][info][gc,heap        ] GC(2049) PSYoungGen: 247771K(465920K)->8888K(465920K) Eden: 232960K(232960K)->0K(232960K) From: 14811K(232960K)->8888K(232960K)
[225.237s][info][gc,heap        ] GC(2049) ParOldGen: 974908K(1398272K)->982602K(1398272K)
[225.237s][info][gc,metaspace   ] GC(2049) Metaspace: 126452K(130752K)->126452K(130752K) NonClass: 108351K(109056K)->108351K(109056K) Class: 18100K(21696K)->18100K(21696K)
[225.237s][info][gc             ] GC(2049) Pause Young (Allocation Failure) 1194M->968M(1820M) 2.325ms
[225.237s][info][gc,cpu         ] GC(2049) User=0.00s Sys=0.00s Real=0.00s
[225.252s][info][gc,start       ] GC(2050) Pause Young (Allocation Failure)
[225.254s][info][gc,heap        ] GC(2050) PSYoungGen: 241848K(465920K)->8574K(465920K) Eden: 232960K(232960K)->0K(232960K) From: 8888K(232960K)->8574K(232960K)
[225.254s][info][gc,heap        ] GC(2050) ParOldGen: 982602K(1398272K)->985260K(1398272K)
[225.254s][info][gc,metaspace   ] GC(2050) Metaspace: 126452K(130752K)->126452K(130752K) NonClass: 108351K(109056K)->108351K(109056K) Class: 18100K(21696K)->18100K(21696K)
[225.254s][info][gc             ] GC(2050) Pause Young (Allocation Failure) 1195M->970M(1820M) 1.794ms
[225.254s][info][gc,cpu         ] GC(2050) User=0.00s Sys=0.00s Real=0.00s
[225.269s][info][gc,start       ] GC(2051) Pause Young (Allocation Failure)
[225.271s][info][gc,heap        ] GC(2051) PSYoungGen: 241534K(465920K)->5320K(465920K) Eden: 232960K(232960K)->0K(232960K) From: 8574K(232960K)->5320K(232960K)
[225.271s][info][gc,heap        ] GC(2051) ParOldGen: 985260K(1398272K)->991702K(1398272K)
[225.271s][info][gc,metaspace   ] GC(2051) Metaspace: 126452K(130752K)->126452K(130752K) NonClass: 108351K(109056K)->108351K(109056K) Class: 18100K(21696K)->18100K(21696K)
[225.271s][info][gc             ] GC(2051) Pause Young (Allocation Failure) 1198M->973M(1820M) 1.901ms
[225.271s][info][gc,cpu         ] GC(2051) User=0.00s Sys=0.00s Real=0.00s
[225.286s][info][gc,start       ] GC(2052) Pause Young (Allocation Failure)
[225.288s][info][gc,heap        ] GC(2052) PSYoungGen: 238280K(465920K)->8836K(463872K) Eden: 232960K(232960K)->0K(232960K) From: 5320K(232960K)->8836K(230912K)
[225.289s][info][gc,heap        ] GC(2052) ParOldGen: 991702K(1398272K)->995672K(1398272K)
[225.289s][info][gc,metaspace   ] GC(2052) Metaspace: 126452K(130752K)->126452K(130752K) NonClass: 108351K(109056K)->108351K(109056K) Class: 18100K(21696K)->18100K(21696K)
[225.289s][info][gc             ] GC(2052) Pause Young (Allocation Failure) 1201M->980M(1818M) 2.279ms
[225.289s][info][gc,cpu         ] GC(2052) User=0.00s Sys=0.00s Real=0.00s
[225.304s][info][gc,start       ] GC(2053) Pause Young (Allocation Failure)
[225.308s][info][gc,heap        ] GC(2053) PSYoungGen: 241796K(463872K)->15118K(248320K) Eden: 232960K(232960K)->0K(232960K) From: 8836K(230912K)->15118K(15360K)
[225.308s][info][gc,heap        ] GC(2053) ParOldGen: 995672K(1398272K)->995672K(1398272K)
[225.308s][info][gc,metaspace   ] GC(2053) Metaspace: 126452K(130752K)->126452K(130752K) NonClass: 108351K(109056K)->108351K(109056K) Class: 18100K(21696K)->18100K(21696K)
[225.308s][info][gc             ] GC(2053) Pause Young (Allocation Failure) 1208M->987M(1608M) 4.273ms
[225.308s][info][gc,cpu         ] GC(2053) User=0.17s Sys=0.00s Real=0.02s
[225.324s][info][gc,start       ] GC(2054) Pause Young (Allocation Failure)
[225.329s][info][gc,heap        ] GC(2054) PSYoungGen: 248078K(248320K)->19774K(440320K) Eden: 232960K(232960K)->0K(239616K) From: 15118K(15360K)->19774K(200704K)
[225.329s][info][gc,heap        ] GC(2054) ParOldGen: 995672K(1398272K)->995672K(1398272K)
[225.329s][info][gc,metaspace   ] GC(2054) Metaspace: 126452K(130752K)->126452K(130752K) NonClass: 108351K(109056K)->108351K(109056K) Class: 18100K(21696K)->18100K(21696K)
[225.329s][info][gc             ] GC(2054) Pause Young (Allocation Failure) 1214M->991M(1795M) 4.792ms
[225.329s][info][gc,cpu         ] GC(2054) User=0.00s Sys=0.00s Real=0.00s
[225.345s][info][gc,start       ] GC(2055) Pause Young (Allocation Failure)
[225.350s][info][gc,heap        ] GC(2055) PSYoungGen: 259390K(440320K)->24493K(264192K) Eden: 239616K(239616K)->0K(239616K) From: 19774K(200704K)->24493K(24576K)
[225.350s][info][gc,heap        ] GC(2055) ParOldGen: 995672K(1398272K)->995672K(1398272K)
[225.350s][info][gc,metaspace   ] GC(2055) Metaspace: 126452K(130752K)->126452K(130752K) NonClass: 108351K(109056K)->108351K(109056K) Class: 18100K(21696K)->18100K(21696K)
[225.350s][info][gc             ] GC(2055) Pause Young (Allocation Failure) 1225M->996M(1623M) 4.894ms
[225.350s][info][gc,cpu         ] GC(2055) User=0.00s Sys=0.00s Real=0.00s
[225.366s][info][gc,start       ] GC(2056) Pause Young (Allocation Failure)
[225.371s][info][gc,heap        ] GC(2056) PSYoungGen: 264109K(264192K)->24429K(420864K) Eden: 239616K(239616K)->0K(246784K) From: 24493K(24576K)->24429K(174080K)
[225.371s][info][gc,heap        ] GC(2056) ParOldGen: 995672K(1398272K)->995672K(1398272K)
[225.371s][info][gc,metaspace   ] GC(2056) Metaspace: 126452K(130752K)->126452K(130752K) NonClass: 108351K(109056K)->108351K(109056K) Class: 18100K(21696K)->18100K(21696K)
[225.371s][info][gc             ] GC(2056) Pause Young (Allocation Failure) 1230M->996M(1776M) 5.390ms
[225.371s][info][gc,cpu         ] GC(2056) User=0.00s Sys=0.00s Real=0.00s
[225.388s][info][gc,start       ] GC(2057) Pause Young (Allocation Failure)
[225.392s][info][gc,heap        ] GC(2057) PSYoungGen: 271213K(420864K)->24493K(271360K) Eden: 246784K(246784K)->0K(246784K) From: 24429K(174080K)->24493K(24576K)
[225.392s][info][gc,heap        ] GC(2057) ParOldGen: 995672K(1398272K)->995672K(1398272K)
[225.392s][info][gc,metaspace   ] GC(2057) Metaspace: 126452K(130752K)->126452K(130752K) NonClass: 108351K(109056K)->108351K(109056K) Class: 18100K(21696K)->18100K(21696K)
[225.392s][info][gc             ] GC(2057) Pause Young (Allocation Failure) 1237M->996M(1630M) 4.854ms
[225.393s][info][gc,cpu         ] GC(2057) User=0.00s Sys=0.02s Real=0.02s
[225.409s][info][gc,start       ] GC(2058) Pause Young (Allocation Failure)
[225.415s][info][gc,heap        ] GC(2058) PSYoungGen: 271277K(271360K)->32306K(405504K) Eden: 246784K(246784K)->0K(254464K) From: 24493K(24576K)->32306K(151040K)
[225.415s][info][gc,heap        ] GC(2058) ParOldGen: 995672K(1398272K)->995672K(1398272K)
[225.415s][info][gc,metaspace   ] GC(2058) Metaspace: 126452K(130752K)->126452K(130752K) NonClass: 108351K(109056K)->108351K(109056K) Class: 18100K(21696K)->18100K(21696K)
[225.415s][info][gc             ] GC(2058) Pause Young (Allocation Failure) 1237M->1003M(1761M) 6.357ms
[225.415s][info][gc,cpu         ] GC(2058) User=0.00s Sys=0.00s Real=0.00s
[225.432s][info][gc,start       ] GC(2059) Pause Young (Allocation Failure)
[225.438s][info][gc,heap        ] GC(2059) PSYoungGen: 286770K(405504K)->40086K(294912K) Eden: 254464K(254464K)->0K(254464K) From: 32306K(151040K)->40086K(40448K)
[225.438s][info][gc,heap        ] GC(2059) ParOldGen: 995672K(1398272K)->995672K(1398272K)
[225.438s][info][gc,metaspace   ] GC(2059) Metaspace: 126452K(130752K)->126452K(130752K) NonClass: 108351K(109056K)->108351K(109056K) Class: 18100K(21696K)->18100K(21696K)
[225.438s][info][gc             ] GC(2059) Pause Young (Allocation Failure) 1252M->1011M(1653M) 6.181ms
[225.438s][info][gc,cpu         ] GC(2059) User=0.00s Sys=0.00s Real=0.00s
[225.455s][info][gc,start       ] GC(2060) Pause Young (Allocation Failure)
[225.462s][info][gc,heap        ] GC(2060) PSYoungGen: 294550K(294912K)->47931K(398336K) Eden: 254464K(254464K)->0K(263680K) From: 40086K(40448K)->47931K(134656K)
[225.462s][info][gc,heap        ] GC(2060) ParOldGen: 995672K(1398272K)->995672K(1398272K)
[225.462s][info][gc,metaspace   ] GC(2060) Metaspace: 126452K(130752K)->126452K(130752K) NonClass: 108351K(109056K)->108351K(109056K) Class: 18100K(21696K)->18100K(21696K)
[225.462s][info][gc             ] GC(2060) Pause Young (Allocation Failure) 1259M->1019M(1754M) 6.730ms
[225.462s][info][gc,cpu         ] GC(2060) User=0.00s Sys=0.00s Real=0.00s
[225.480s][info][gc,start       ] GC(2061) Pause Young (Allocation Failure)
[225.487s][info][gc,heap        ] GC(2061) PSYoungGen: 311611K(398336K)->49461K(406016K) Eden: 263680K(263680K)->0K(263680K) From: 47931K(134656K)->49461K(142336K)
[225.487s][info][gc,heap        ] GC(2061) ParOldGen: 995672K(1398272K)->995672K(1398272K)
[225.487s][info][gc,metaspace   ] GC(2061) Metaspace: 126452K(130752K)->126452K(130752K) NonClass: 108351K(109056K)->108351K(109056K) Class: 18100K(21696K)->18100K(21696K)
[225.487s][info][gc             ] GC(2061) Pause Young (Allocation Failure) 1276M->1020M(1762M) 6.392ms
[225.487s][info][gc,cpu         ] GC(2061) User=0.03s Sys=0.00s Real=0.01s
[225.504s][info][gc,start       ] GC(2062) Pause Young (Allocation Failure)
[225.511s][info][gc,heap        ] GC(2062) PSYoungGen: 313141K(406016K)->49429K(397312K) Eden: 263680K(263680K)->0K(274432K) From: 49461K(142336K)->49429K(122880K)
[225.511s][info][gc,heap        ] GC(2062) ParOldGen: 995672K(1398272K)->995672K(1398272K)
[225.511s][info][gc,metaspace   ] GC(2062) Metaspace: 126452K(130752K)->126452K(130752K) NonClass: 108351K(109056K)->108351K(109056K) Class: 18100K(21696K)->18100K(21696K)
[225.511s][info][gc             ] GC(2062) Pause Young (Allocation Failure) 1278M->1020M(1753M) 7.014ms
[225.511s][info][gc,cpu         ] GC(2062) User=0.00s Sys=0.00s Real=0.00s
[225.530s][info][gc,start       ] GC(2063) Pause Young (Allocation Failure)
[225.534s][info][gc,heap        ] GC(2063) PSYoungGen: 323861K(397312K)->47899K(402944K) Eden: 274432K(274432K)->0K(274432K) From: 49429K(122880K)->47899K(128512K)
[225.534s][info][gc,heap        ] GC(2063) ParOldGen: 995672K(1398272K)->995672K(1398272K)
[225.534s][info][gc,metaspace   ] GC(2063) Metaspace: 126452K(130752K)->126452K(130752K) NonClass: 108351K(109056K)->108351K(109056K) Class: 18100K(21696K)->18100K(21696K)
[225.535s][info][gc             ] GC(2063) Pause Young (Allocation Failure) 1288M->1019M(1759M) 4.660ms
[225.535s][info][gc,cpu         ] GC(2063) User=0.22s Sys=0.00s Real=0.02s
[225.553s][info][gc,start       ] GC(2064) Pause Young (Allocation Failure)
[225.559s][info][gc,heap        ] GC(2064) PSYoungGen: 322331K(402944K)->47899K(394752K) Eden: 274432K(274432K)->0K(285184K) From: 47899K(128512K)->47899K(109568K)
[225.559s][info][gc,heap        ] GC(2064) ParOldGen: 995672K(1398272K)->995672K(1398272K)
[225.559s][info][gc,metaspace   ] GC(2064) Metaspace: 126452K(130752K)->126452K(130752K) NonClass: 108351K(109056K)->108351K(109056K) Class: 18100K(21696K)->18100K(21696K)
[225.559s][info][gc             ] GC(2064) Pause Young (Allocation Failure) 1287M->1019M(1751M) 6.428ms
[225.559s][info][gc,cpu         ] GC(2064) User=0.00s Sys=0.00s Real=0.00s
[225.578s][info][gc,start       ] GC(2065) Pause Young (Allocation Failure)
[225.583s][info][gc,heap        ] GC(2065) PSYoungGen: 333083K(394752K)->47899K(400896K) Eden: 285184K(285184K)->0K(285184K) From: 47899K(109568K)->47899K(115712K)
[225.583s][info][gc,heap        ] GC(2065) ParOldGen: 995672K(1398272K)->995672K(1398272K)
[225.583s][info][gc,metaspace   ] GC(2065) Metaspace: 126452K(130752K)->126452K(130752K) NonClass: 108351K(109056K)->108351K(109056K) Class: 18100K(21696K)->18100K(21696K)
[225.583s][info][gc             ] GC(2065) Pause Young (Allocation Failure) 1297M->1019M(1757M) 5.307ms
[225.583s][info][gc,cpu         ] GC(2065) User=0.25s Sys=0.00s Real=0.02s
[225.602s][info][gc,start       ] GC(2066) Pause Young (Allocation Failure)
[225.608s][info][gc,heap        ] GC(2066) PSYoungGen: 333083K(400896K)->47931K(397312K) Eden: 285184K(285184K)->0K(296960K) From: 47899K(115712K)->47931K(100352K)
[225.608s][info][gc,heap        ] GC(2066) ParOldGen: 995672K(1398272K)->995672K(1398272K)
[225.608s][info][gc,metaspace   ] GC(2066) Metaspace: 126452K(130752K)->126452K(130752K) NonClass: 108351K(109056K)->108351K(109056K) Class: 18100K(21696K)->18100K(21696K)
[225.608s][info][gc             ] GC(2066) Pause Young (Allocation Failure) 1297M->1019M(1753M) 6.640ms
[225.608s][info][gc,cpu         ] GC(2066) User=0.00s Sys=0.00s Real=0.00s
[225.628s][info][gc,start       ] GC(2067) Pause Young (Allocation Failure)
[225.633s][info][gc,heap        ] GC(2067) PSYoungGen: 344891K(397312K)->47899K(401920K) Eden: 296960K(296960K)->0K(296960K) From: 47931K(100352K)->47899K(104960K)
[225.633s][info][gc,heap        ] GC(2067) ParOldGen: 995672K(1398272K)->995672K(1398272K)
[225.633s][info][gc,metaspace   ] GC(2067) Metaspace: 126452K(130752K)->126452K(130752K) NonClass: 108351K(109056K)->108351K(109056K) Class: 18100K(21696K)->18100K(21696K)
[225.633s][info][gc             ] GC(2067) Pause Young (Allocation Failure) 1309M->1019M(1758M) 4.984ms
[225.633s][info][gc,cpu         ] GC(2067) User=0.00s Sys=0.00s Real=0.00s
[225.658s][info][gc,start       ] GC(2068) Pause Young (Allocation Failure)
[225.665s][info][gc,heap        ] GC(2068) PSYoungGen: 344859K(401920K)->66681K(406528K) Eden: 296960K(296960K)->0K(306176K) From: 47899K(104960K)->66681K(100352K)
[225.665s][info][gc,heap        ] GC(2068) ParOldGen: 995672K(1398272K)->995672K(1398272K)
[225.665s][info][gc,metaspace   ] GC(2068) Metaspace: 126452K(130752K)->126452K(130752K) NonClass: 108351K(109056K)->108351K(109056K) Class: 18100K(21696K)->18100K(21696K)
[225.665s][info][gc             ] GC(2068) Pause Young (Allocation Failure) 1309M->1037M(1762M) 7.104ms
[225.665s][info][gc,cpu         ] GC(2068) User=0.00s Sys=0.00s Real=0.00s
[225.689s][info][gc,start       ] GC(2069) Pause Young (Allocation Failure)
[225.697s][info][gc,heap        ] GC(2069) PSYoungGen: 372857K(406528K)->82306K(409088K) Eden: 306176K(306176K)->0K(306176K) From: 66681K(100352K)->82306K(102912K)
[225.697s][info][gc,heap        ] GC(2069) ParOldGen: 995672K(1398272K)->995672K(1398272K)
[225.697s][info][gc,metaspace   ] GC(2069) Metaspace: 126452K(130752K)->126452K(130752K) NonClass: 108351K(109056K)->108351K(109056K) Class: 18100K(21696K)->18100K(21696K)
[225.697s][info][gc             ] GC(2069) Pause Young (Allocation Failure) 1336M->1052M(1765M) 8.604ms
[225.697s][info][gc,cpu         ] GC(2069) User=0.00s Sys=0.00s Real=0.00s
[225.720s][info][gc,start       ] GC(2070) Pause Young (Allocation Failure)
[225.732s][info][gc,heap        ] GC(2070) PSYoungGen: 388482K(409088K)->101056K(417792K) Eden: 306176K(306176K)->0K(307200K) From: 82306K(102912K)->101056K(110592K)
[225.732s][info][gc,heap        ] GC(2070) ParOldGen: 995672K(1398272K)->995672K(1398272K)
[225.732s][info][gc,metaspace   ] GC(2070) Metaspace: 126452K(130752K)->126452K(130752K) NonClass: 108351K(109056K)->108351K(109056K) Class: 18100K(21696K)->18100K(21696K)
[225.732s][info][gc             ] GC(2070) Pause Young (Allocation Failure) 1351M->1071M(1773M) 12.182ms
[225.732s][info][gc,cpu         ] GC(2070) User=0.00s Sys=0.00s Real=0.00s
[225.753s][info][gc,start       ] GC(2071) Pause Young (Allocation Failure)
[225.762s][info][gc,heap        ] GC(2071) PSYoungGen: 408256K(417792K)->97931K(430080K) Eden: 307200K(307200K)->0K(307200K) From: 101056K(110592K)->97931K(122880K)
[225.762s][info][gc,heap        ] GC(2071) ParOldGen: 995672K(1398272K)->995680K(1398272K)
[225.762s][info][gc,metaspace   ] GC(2071) Metaspace: 126452K(130752K)->126452K(130752K) NonClass: 108351K(109056K)->108351K(109056K) Class: 18100K(21696K)->18100K(21696K)
[225.762s][info][gc             ] GC(2071) Pause Young (Allocation Failure) 1371M->1067M(1785M) 8.947ms
[225.762s][info][gc,cpu         ] GC(2071) User=0.00s Sys=0.00s Real=0.00s
[225.782s][info][gc,start       ] GC(2072) Pause Young (Allocation Failure)
[225.795s][info][gc,heap        ] GC(2072) PSYoungGen: 405131K(430080K)->97931K(448512K) Eden: 307200K(307200K)->0K(316416K) From: 97931K(122880K)->97931K(132096K)
[225.795s][info][gc,heap        ] GC(2072) ParOldGen: 995680K(1398272K)->995680K(1398272K)
[225.795s][info][gc,metaspace   ] GC(2072) Metaspace: 126452K(130752K)->126452K(130752K) NonClass: 108351K(109056K)->108351K(109056K) Class: 18100K(21696K)->18100K(21696K)
[225.795s][info][gc             ] GC(2072) Pause Young (Allocation Failure) 1367M->1067M(1803M) 12.765ms
[225.795s][info][gc,cpu         ] GC(2072) User=0.13s Sys=0.05s Real=0.02s
[225.816s][info][gc,start       ] GC(2073) Pause Young (Allocation Failure)
[225.825s][info][gc,heap        ] GC(2073) PSYoungGen: 414347K(448512K)->94774K(455168K) Eden: 316416K(316416K)->0K(316416K) From: 97931K(132096K)->94774K(138752K)
[225.825s][info][gc,heap        ] GC(2073) ParOldGen: 995680K(1398272K)->995680K(1398272K)
[225.825s][info][gc,metaspace   ] GC(2073) Metaspace: 126452K(130752K)->126452K(130752K) NonClass: 108351K(109056K)->108351K(109056K) Class: 18100K(21696K)->18100K(21696K)
[225.825s][info][gc             ] GC(2073) Pause Young (Allocation Failure) 1376M->1064M(1810M) 8.757ms
[225.825s][info][gc,cpu         ] GC(2073) User=0.00s Sys=0.00s Real=0.00s
[225.845s][info][gc,start       ] GC(2074) Pause Young (Allocation Failure)
[225.861s][info][gc,heap        ] GC(2074) PSYoungGen: 411190K(455168K)->111156K(468992K) Eden: 316416K(316416K)->0K(326144K) From: 94774K(138752K)->111156K(142848K)
[225.861s][info][gc,heap        ] GC(2074) ParOldGen: 995680K(1398272K)->995680K(1398272K)
[225.861s][info][gc,metaspace   ] GC(2074) Metaspace: 126452K(130752K)->126452K(130752K) NonClass: 108351K(109056K)->108351K(109056K) Class: 18100K(21696K)->18100K(21696K)
[225.861s][info][gc             ] GC(2074) Pause Young (Allocation Failure) 1373M->1080M(1823M) 15.905ms
[225.861s][info][gc,cpu         ] GC(2074) User=0.00s Sys=0.05s Real=0.01s
[225.885s][info][gc,start       ] GC(2075) Pause Young (Allocation Failure)
[225.896s][info][gc,heap        ] GC(2075) PSYoungGen: 437300K(468992K)->119291K(477696K) Eden: 326144K(326144K)->0K(326144K) From: 111156K(142848K)->119291K(151552K)
[225.896s][info][gc,heap        ] GC(2075) ParOldGen: 995680K(1398272K)->995680K(1398272K)
[225.896s][info][gc,metaspace   ] GC(2075) Metaspace: 126452K(130752K)->126452K(130752K) NonClass: 108351K(109056K)->108351K(109056K) Class: 18100K(21696K)->18100K(21696K)
[225.896s][info][gc             ] GC(2075) Pause Young (Allocation Failure) 1399M->1088M(1832M) 11.126ms
[225.896s][info][gc,cpu         ] GC(2075) User=0.11s Sys=0.00s Real=0.02s
[225.920s][info][gc,start       ] GC(2076) Pause Young (Allocation Failure)
[225.940s][info][gc,heap        ] GC(2076) PSYoungGen: 445435K(477696K)->128055K(499200K) Eden: 326144K(326144K)->0K(337408K) From: 119291K(151552K)->128055K(161792K)
[225.940s][info][gc,heap        ] GC(2076) ParOldGen: 995680K(1398272K)->995680K(1398272K)
[225.940s][info][gc,metaspace   ] GC(2076) Metaspace: 126452K(130752K)->126452K(130752K) NonClass: 108351K(109056K)->108351K(109056K) Class: 18100K(21696K)->18100K(21696K)
[225.940s][info][gc             ] GC(2076) Pause Young (Allocation Failure) 1407M->1097M(1853M) 20.035ms
[225.940s][info][gc,cpu         ] GC(2076) User=0.19s Sys=0.31s Real=0.03s
[225.964s][info][gc,start       ] GC(2077) Pause Young (Allocation Failure)
[225.976s][info][gc,heap        ] GC(2077) PSYoungGen: 465463K(499200K)->128558K(509440K) Eden: 337408K(337408K)->0K(337408K) From: 128055K(161792K)->128558K(172032K)
[225.976s][info][gc,heap        ] GC(2077) ParOldGen: 995680K(1398272K)->995680K(1398272K)
[225.976s][info][gc,metaspace   ] GC(2077) Metaspace: 126452K(130752K)->126452K(130752K) NonClass: 108351K(109056K)->108351K(109056K) Class: 18100K(21696K)->18100K(21696K)
[225.976s][info][gc             ] GC(2077) Pause Young (Allocation Failure) 1426M->1097M(1863M) 12.323ms
[225.976s][info][gc,cpu         ] GC(2077) User=0.00s Sys=0.00s Real=0.00s
[225.999s][info][gc,start       ] GC(2078) Pause Young (Allocation Failure)
[226.012s][info][gc,heap        ] GC(2078) PSYoungGen: 465966K(509440K)->132087K(502784K) Eden: 337408K(337408K)->0K(322048K) From: 128558K(172032K)->132087K(180736K)
[226.012s][info][gc,heap        ] GC(2078) ParOldGen: 995680K(1398272K)->995680K(1398272K)
[226.012s][info][gc,metaspace   ] GC(2078) Metaspace: 126452K(130752K)->126452K(130752K) NonClass: 108351K(109056K)->108351K(109056K) Class: 18100K(21696K)->18100K(21696K)
[226.012s][info][gc             ] GC(2078) Pause Young (Allocation Failure) 1427M->1101M(1856M) 13.416ms
[226.012s][info][gc,cpu         ] GC(2078) User=0.03s Sys=0.03s Real=0.02s
[226.034s][info][gc,start       ] GC(2079) Pause Young (Allocation Failure)
[226.046s][info][gc,heap        ] GC(2079) PSYoungGen: 454135K(502784K)->136313K(458752K) Eden: 322048K(322048K)->0K(322048K) From: 132087K(180736K)->136313K(136704K)
[226.046s][info][gc,heap        ] GC(2079) ParOldGen: 995680K(1398272K)->995680K(1398272K)
[226.046s][info][gc,metaspace   ] GC(2079) Metaspace: 126452K(130752K)->126452K(130752K) NonClass: 108351K(109056K)->108351K(109056K) Class: 18100K(21696K)->18100K(21696K)
[226.046s][info][gc             ] GC(2079) Pause Young (Allocation Failure) 1415M->1105M(1813M) 12.736ms
[226.046s][info][gc,cpu         ] GC(2079) User=0.42s Sys=0.00s Real=0.02s
[226.068s][info][gc,start       ] GC(2080) Pause Young (Allocation Failure)
[226.081s][info][gc,heap        ] GC(2080) PSYoungGen: 458361K(458752K)->142178K(488960K) Eden: 322048K(322048K)->0K(293376K) From: 136313K(136704K)->142178K(195584K)
[226.081s][info][gc,heap        ] GC(2080) ParOldGen: 995680K(1398272K)->995680K(1398272K)
[226.081s][info][gc,metaspace   ] GC(2080) Metaspace: 126452K(130752K)->126452K(130752K) NonClass: 108351K(109056K)->108351K(109056K) Class: 18100K(21696K)->18100K(21696K)
[226.081s][info][gc             ] GC(2080) Pause Young (Allocation Failure) 1419M->1111M(1843M) 13.212ms
[226.081s][info][gc,cpu         ] GC(2080) User=0.52s Sys=0.00s Real=0.02s
[226.100s][info][gc,start       ] GC(2081) Pause Young (Allocation Failure)
[226.113s][info][gc,heap        ] GC(2081) PSYoungGen: 435554K(488960K)->143671K(437248K) Eden: 293376K(293376K)->0K(293376K) From: 142178K(195584K)->143671K(143872K)
[226.113s][info][gc,heap        ] GC(2081) ParOldGen: 995680K(1398272K)->995680K(1398272K)
[226.113s][info][gc,metaspace   ] GC(2081) Metaspace: 126452K(130752K)->126452K(130752K) NonClass: 108351K(109056K)->108351K(109056K) Class: 18100K(21696K)->18100K(21696K)
[226.113s][info][gc             ] GC(2081) Pause Young (Allocation Failure) 1397M->1112M(1792M) 13.362ms
[226.113s][info][gc,cpu         ] GC(2081) User=0.52s Sys=0.00s Real=0.01s
[226.133s][info][gc,start       ] GC(2082) Pause Young (Allocation Failure)
[226.146s][info][gc,heap        ] GC(2082) PSYoungGen: 437047K(437248K)->146034K(479744K) Eden: 293376K(293376K)->0K(270848K) From: 143671K(143872K)->146034K(208896K)
[226.146s][info][gc,heap        ] GC(2082) ParOldGen: 995680K(1398272K)->995680K(1398272K)
[226.146s][info][gc,metaspace   ] GC(2082) Metaspace: 126452K(130752K)->126452K(130752K) NonClass: 108351K(109056K)->108351K(109056K) Class: 18100K(21696K)->18100K(21696K)
[226.146s][info][gc             ] GC(2082) Pause Young (Allocation Failure) 1399M->1114M(1834M) 13.531ms
[226.146s][info][gc,cpu         ] GC(2082) User=0.52s Sys=0.00s Real=0.02s
[226.164s][info][gc,start       ] GC(2083) Pause Young (Allocation Failure)
[226.178s][info][gc,heap        ] GC(2083) PSYoungGen: 416882K(479744K)->149209K(420352K) Eden: 270848K(270848K)->0K(270848K) From: 146034K(208896K)->149209K(149504K)
[226.178s][info][gc,heap        ] GC(2083) ParOldGen: 995680K(1398272K)->995680K(1398272K)
[226.178s][info][gc,metaspace   ] GC(2083) Metaspace: 126452K(130752K)->126452K(130752K) NonClass: 108351K(109056K)->108351K(109056K) Class: 18100K(21696K)->18100K(21696K)
[226.178s][info][gc             ] GC(2083) Pause Young (Allocation Failure) 1379M->1118M(1776M) 13.995ms
[226.178s][info][gc,cpu         ] GC(2083) User=0.52s Sys=0.00s Real=0.02s
[226.196s][info][gc,start       ] GC(2084) Pause Young (Allocation Failure)
[226.211s][info][gc,heap        ] GC(2084) PSYoungGen: 420057K(420352K)->156228K(468992K) Eden: 270848K(270848K)->0K(250368K) From: 149209K(149504K)->156228K(218624K)
[226.211s][info][gc,heap        ] GC(2084) ParOldGen: 995680K(1398272K)->995680K(1398272K)
[226.211s][info][gc,metaspace   ] GC(2084) Metaspace: 126452K(130752K)->126452K(130752K) NonClass: 108351K(109056K)->108351K(109056K) Class: 18100K(21696K)->18100K(21696K)
[226.211s][info][gc             ] GC(2084) Pause Young (Allocation Failure) 1382M->1124M(1823M) 15.535ms
[226.211s][info][gc,cpu         ] GC(2084) User=0.52s Sys=0.00s Real=0.02s
[226.228s][info][gc,start       ] GC(2085) Pause Young (Allocation Failure)
[226.244s][info][gc,heap        ] GC(2085) PSYoungGen: 406596K(468992K)->164073K(414720K) Eden: 250368K(250368K)->0K(250368K) From: 156228K(218624K)->164073K(164352K)
[226.244s][info][gc,heap        ] GC(2085) ParOldGen: 995680K(1398272K)->995680K(1398272K)
[226.244s][info][gc,metaspace   ] GC(2085) Metaspace: 126452K(130752K)->126452K(130752K) NonClass: 108351K(109056K)->108351K(109056K) Class: 18100K(21696K)->18100K(21696K)
[226.244s][info][gc             ] GC(2085) Pause Young (Allocation Failure) 1369M->1132M(1770M) 16.022ms
[226.244s][info][gc,cpu         ] GC(2085) User=0.52s Sys=0.00s Real=0.01s
[226.260s][info][gc,start       ] GC(2086) Pause Young (Allocation Failure)
[226.276s][info][gc,heap        ] GC(2086) PSYoungGen: 414441K(414720K)->164123K(463872K) Eden: 250368K(250368K)->0K(232960K) From: 164073K(164352K)->164123K(230912K)
[226.276s][info][gc,heap        ] GC(2086) ParOldGen: 995680K(1398272K)->995680K(1398272K)
[226.276s][info][gc,metaspace   ] GC(2086) Metaspace: 126452K(130752K)->126452K(130752K) NonClass: 108351K(109056K)->108351K(109056K) Class: 18100K(21696K)->18100K(21696K)
[226.276s][info][gc             ] GC(2086) Pause Young (Allocation Failure) 1377M->1132M(1818M) 16.157ms
[226.276s][info][gc,cpu         ] GC(2086) User=0.52s Sys=0.00s Real=0.02s
[226.292s][info][gc,start       ] GC(2087) Pause Young (Allocation Failure)
[226.308s][info][gc,heap        ] GC(2087) PSYoungGen: 397083K(463872K)->168895K(465920K) Eden: 232960K(232960K)->0K(232960K) From: 164123K(230912K)->168895K(232960K)
[226.308s][info][gc,heap        ] GC(2087) ParOldGen: 995680K(1398272K)->995688K(1398272K)
[226.308s][info][gc,metaspace   ] GC(2087) Metaspace: 126455K(130752K)->126455K(130752K) NonClass: 108355K(109056K)->108355K(109056K) Class: 18100K(21696K)->18100K(21696K)
[226.308s][info][gc             ] GC(2087) Pause Young (Allocation Failure) 1360M->1137M(1820M) 16.661ms
[226.308s][info][gc,cpu         ] GC(2087) User=0.52s Sys=0.00s Real=0.02s
[226.324s][info][gc,start       ] GC(2088) Pause Young (Allocation Failure)
[226.340s][info][gc,heap        ] GC(2088) PSYoungGen: 401855K(465920K)->117999K(463872K) Eden: 232960K(232960K)->0K(232960K) From: 168895K(232960K)->117999K(230912K)
[226.340s][info][gc,heap        ] GC(2088) ParOldGen: 995688K(1398272K)->1045256K(1398272K)
[226.340s][info][gc,metaspace   ] GC(2088) Metaspace: 126455K(130752K)->126455K(130752K) NonClass: 108355K(109056K)->108355K(109056K) Class: 18100K(21696K)->18100K(21696K)
[226.340s][info][gc             ] GC(2088) Pause Young (Allocation Failure) 1364M->1135M(1818M) 16.694ms
[226.340s][info][gc,cpu         ] GC(2088) User=0.52s Sys=0.00s Real=0.02s
[226.355s][info][gc,start       ] GC(2089) Pause Young (Allocation Failure)
[226.367s][info][gc,heap        ] GC(2089) PSYoungGen: 350959K(463872K)->122687K(355840K) Eden: 232960K(232960K)->0K(232960K) From: 117999K(230912K)->122687K(122880K)
[226.367s][info][gc,heap        ] GC(2089) ParOldGen: 1045256K(1398272K)->1045256K(1398272K)
[226.367s][info][gc,metaspace   ] GC(2089) Metaspace: 126455K(130752K)->126455K(130752K) NonClass: 108355K(109056K)->108355K(109056K) Class: 18100K(21696K)->18100K(21696K)
[226.367s][info][gc             ] GC(2089) Pause Young (Allocation Failure) 1363M->1140M(1713M) 11.970ms
[226.367s][info][gc,cpu         ] GC(2089) User=0.52s Sys=0.00s Real=0.02s
[226.382s][info][gc,start       ] GC(2090) Pause Young (Allocation Failure)
[226.393s][info][gc,heap        ] GC(2090) PSYoungGen: 355647K(355840K)->122623K(467456K) Eden: 232960K(232960K)->0K(244736K) From: 122687K(122880K)->122623K(222720K)
[226.393s][info][gc,heap        ] GC(2090) ParOldGen: 1045256K(1398272K)->1045256K(1398272K)
[226.393s][info][gc,metaspace   ] GC(2090) Metaspace: 126455K(130752K)->126455K(130752K) NonClass: 108355K(109056K)->108355K(109056K) Class: 18100K(21696K)->18100K(21696K)
[226.393s][info][gc             ] GC(2090) Pause Young (Allocation Failure) 1368M->1140M(1822M) 11.062ms
[226.393s][info][gc,cpu         ] GC(2090) User=0.52s Sys=0.00s Real=0.02s
[226.409s][info][gc,start       ] GC(2091) Pause Young (Allocation Failure)
[226.421s][info][gc,heap        ] GC(2091) PSYoungGen: 367359K(467456K)->89560K(458752K) Eden: 244736K(244736K)->0K(244736K) From: 122623K(222720K)->89560K(214016K)
[226.421s][info][gc,heap        ] GC(2091) ParOldGen: 1045256K(1398272K)->1078330K(1398272K)
[226.421s][info][gc,metaspace   ] GC(2091) Metaspace: 126455K(130752K)->126455K(130752K) NonClass: 108355K(109056K)->108355K(109056K) Class: 18100K(21696K)->18100K(21696K)
[226.421s][info][gc             ] GC(2091) Pause Young (Allocation Failure) 1379M->1140M(1813M) 11.420ms
[226.421s][info][gc,cpu         ] GC(2091) User=0.36s Sys=0.00s Real=0.02s
[226.436s][info][gc,start       ] GC(2092) Pause Young (Allocation Failure)
[226.445s][info][gc,heap        ] GC(2092) PSYoungGen: 334296K(458752K)->60621K(472064K) Eden: 244736K(244736K)->0K(260096K) From: 89560K(214016K)->60621K(211968K)
[226.445s][info][gc,heap        ] GC(2092) ParOldGen: 1078330K(1398272K)->1107635K(1398272K)
[226.445s][info][gc,metaspace   ] GC(2092) Metaspace: 126455K(130752K)->126455K(130752K) NonClass: 108355K(109056K)->108355K(109056K) Class: 18100K(21696K)->18100K(21696K)
[226.446s][info][gc             ] GC(2092) Pause Young (Allocation Failure) 1379M->1140M(1826M) 9.047ms
[226.446s][info][gc,cpu         ] GC(2092) User=0.00s Sys=0.00s Real=0.00s
[226.462s][info][gc,start       ] GC(2093) Pause Young (Allocation Failure)
[226.468s][info][gc,heap        ] GC(2093) PSYoungGen: 320717K(472064K)->48119K(474112K) Eden: 260096K(260096K)->0K(260096K) From: 60621K(211968K)->48119K(214016K)
[226.468s][info][gc,heap        ] GC(2093) ParOldGen: 1107635K(1398272K)->1120233K(1398272K)
[226.468s][info][gc,metaspace   ] GC(2093) Metaspace: 126455K(130752K)->126455K(130752K) NonClass: 108355K(109056K)->108355K(109056K) Class: 18100K(21696K)->18100K(21696K)
[226.468s][info][gc             ] GC(2093) Pause Young (Allocation Failure) 1394M->1140M(1828M) 5.860ms
[226.468s][info][gc,cpu         ] GC(2093) User=0.30s Sys=0.00s Real=0.01s
[226.485s][info][gc,start       ] GC(2094) Pause Young (Allocation Failure)
[226.490s][info][gc,heap        ] GC(2094) PSYoungGen: 308215K(474112K)->47931K(482816K) Eden: 260096K(260096K)->0K(266752K) From: 48119K(214016K)->47931K(216064K)
[226.490s][info][gc,heap        ] GC(2094) ParOldGen: 1120233K(1398272K)->1120493K(1398272K)
[226.490s][info][gc,metaspace   ] GC(2094) Metaspace: 126455K(130752K)->126455K(130752K) NonClass: 108355K(109056K)->108355K(109056K) Class: 18100K(21696K)->18100K(21696K)
[226.490s][info][gc             ] GC(2094) Pause Young (Allocation Failure) 1394M->1141M(1837M) 5.168ms
[226.490s][info][gc,cpu         ] GC(2094) User=0.00s Sys=0.00s Real=0.00s
[226.508s][info][gc,start       ] GC(2095) Pause Young (Allocation Failure)
[226.515s][info][gc,heap        ] GC(2095) PSYoungGen: 314683K(482816K)->60431K(327680K) Eden: 266752K(266752K)->0K(266752K) From: 47931K(216064K)->60431K(60928K)
[226.515s][info][gc,heap        ] GC(2095) ParOldGen: 1120493K(1398272K)->1120493K(1398272K)
[226.515s][info][gc,metaspace   ] GC(2095) Metaspace: 126455K(130752K)->126455K(130752K) NonClass: 108355K(109056K)->108355K(109056K) Class: 18100K(21696K)->18100K(21696K)
[226.515s][info][gc             ] GC(2095) Pause Young (Allocation Failure) 1401M->1153M(1685M) 7.091ms
[226.515s][info][gc,cpu         ] GC(2095) User=0.02s Sys=0.00s Real=0.02s
[226.533s][info][gc,start       ] GC(2096) Pause Young (Allocation Failure)
[226.540s][info][gc,heap        ] GC(2096) PSYoungGen: 327183K(327680K)->79437K(486912K) Eden: 266752K(266752K)->0K(274432K) From: 60431K(60928K)->79437K(212480K)
[226.540s][info][gc,heap        ] GC(2096) ParOldGen: 1120493K(1398272K)->1120493K(1398272K)
[226.540s][info][gc,metaspace   ] GC(2096) Metaspace: 126455K(130752K)->126455K(130752K) NonClass: 108355K(109056K)->108355K(109056K) Class: 18100K(21696K)->18100K(21696K)
[226.540s][info][gc             ] GC(2096) Pause Young (Allocation Failure) 1413M->1171M(1841M) 7.264ms
[226.540s][info][gc,cpu         ] GC(2096) User=0.00s Sys=0.00s Real=0.00s
[226.562s][info][gc,start       ] GC(2097) Pause Young (Allocation Failure)
[226.571s][info][gc,heap        ] GC(2097) PSYoungGen: 353869K(486912K)->79213K(353792K) Eden: 274432K(274432K)->0K(274432K) From: 79437K(212480K)->79213K(79360K)
[226.571s][info][gc,heap        ] GC(2097) ParOldGen: 1120493K(1398272K)->1120493K(1398272K)
[226.571s][info][gc,metaspace   ] GC(2097) Metaspace: 126455K(130752K)->126455K(130752K) NonClass: 108355K(109056K)->108355K(109056K) Class: 18100K(21696K)->18100K(21696K)
[226.571s][info][gc             ] GC(2097) Pause Young (Allocation Failure) 1439M->1171M(1711M) 8.527ms
[226.571s][info][gc,cpu         ] GC(2097) User=0.00s Sys=0.00s Real=0.00s
[226.594s][info][gc,start       ] GC(2098) Pause Young (Allocation Failure)
[226.603s][info][gc,heap        ] GC(2098) PSYoungGen: 353645K(353792K)->97963K(479232K) Eden: 274432K(274432K)->0K(290816K) From: 79213K(79360K)->97963K(188416K)
[226.603s][info][gc,heap        ] GC(2098) ParOldGen: 1120493K(1398272K)->1120493K(1398272K)
[226.603s][info][gc,metaspace   ] GC(2098) Metaspace: 126455K(130752K)->126455K(130752K) NonClass: 108355K(109056K)->108355K(109056K) Class: 18100K(21696K)->18100K(21696K)
[226.603s][info][gc             ] GC(2098) Pause Young (Allocation Failure) 1439M->1189M(1833M) 9.799ms
[226.603s][info][gc,cpu         ] GC(2098) User=0.00s Sys=0.00s Real=0.00s
[226.625s][info][gc,start       ] GC(2099) Pause Young (Allocation Failure)
[226.635s][info][gc,heap        ] GC(2099) PSYoungGen: 388779K(479232K)->97986K(478720K) Eden: 290816K(290816K)->0K(290816K) From: 97963K(188416K)->97986K(187904K)
[226.635s][info][gc,heap        ] GC(2099) ParOldGen: 1120493K(1398272K)->1120493K(1398272K)
[226.635s][info][gc,metaspace   ] GC(2099) Metaspace: 126455K(130752K)->126455K(130752K) NonClass: 108355K(109056K)->108355K(109056K) Class: 18100K(21696K)->18100K(21696K)
[226.635s][info][gc             ] GC(2099) Pause Young (Allocation Failure) 1473M->1189M(1833M) 9.835ms
[226.635s][info][gc,cpu         ] GC(2099) User=0.00s Sys=0.00s Real=0.00s
[226.655s][info][gc,start       ] GC(2100) Pause Young (Allocation Failure)
[226.664s][info][gc,heap        ] GC(2100) PSYoungGen: 388802K(478720K)->98114K(474624K) Eden: 290816K(290816K)->0K(309248K) From: 97986K(187904K)->98114K(165376K)
[226.664s][info][gc,heap        ] GC(2100) ParOldGen: 1120493K(1398272K)->1120501K(1398272K)
[226.664s][info][gc,metaspace   ] GC(2100) Metaspace: 126455K(130752K)->126455K(130752K) NonClass: 108355K(109056K)->108355K(109056K) Class: 18100K(21696K)->18100K(21696K)
[226.664s][info][gc             ] GC(2100) Pause Young (Allocation Failure) 1473M->1190M(1829M) 9.651ms
[226.664s][info][gc,cpu         ] GC(2100) User=0.00s Sys=0.00s Real=0.00s
[226.685s][info][gc,start       ] GC(2101) Pause Young (Allocation Failure)
[226.694s][info][gc,heap        ] GC(2101) PSYoungGen: 407362K(474624K)->98958K(481280K) Eden: 309248K(309248K)->0K(309248K) From: 98114K(165376K)->98958K(172032K)
[226.694s][info][gc,heap        ] GC(2101) ParOldGen: 1120501K(1398272K)->1120573K(1398272K)
[226.694s][info][gc,metaspace   ] GC(2101) Metaspace: 126455K(130752K)->126455K(130752K) NonClass: 108355K(109056K)->108355K(109056K) Class: 18100K(21696K)->18100K(21696K)
[226.694s][info][gc             ] GC(2101) Pause Young (Allocation Failure) 1492M->1190M(1835M) 9.306ms
[226.694s][info][gc,cpu         ] GC(2101) User=0.00s Sys=0.00s Real=0.00s
[226.716s][info][gc,start       ] GC(2102) Pause Young (Allocation Failure)
[226.725s][info][gc,heap        ] GC(2102) PSYoungGen: 408206K(481280K)->111336K(491520K) Eden: 309248K(309248K)->0K(328704K) From: 98958K(172032K)->111336K(162816K)
[226.725s][info][gc,heap        ] GC(2102) ParOldGen: 1120573K(1398272K)->1120701K(1398272K)
[226.725s][info][gc,metaspace   ] GC(2102) Metaspace: 126455K(130752K)->126455K(130752K) NonClass: 108355K(109056K)->108355K(109056K) Class: 18100K(21696K)->18100K(21696K)
[226.725s][info][gc             ] GC(2102) Pause Young (Allocation Failure) 1492M->1203M(1845M) 9.823ms
[226.725s][info][gc,cpu         ] GC(2102) User=0.00s Sys=0.00s Real=0.00s
[226.749s][info][gc,start       ] GC(2103) Pause Young (Allocation Failure)
[226.762s][info][gc,heap        ] GC(2103) PSYoungGen: 440040K(491520K)->124273K(492544K) Eden: 328704K(328704K)->0K(328704K) From: 111336K(162816K)->124273K(163840K)
[226.762s][info][gc,heap        ] GC(2103) ParOldGen: 1120701K(1398272K)->1120701K(1398272K)
[226.762s][info][gc,metaspace   ] GC(2103) Metaspace: 126455K(130752K)->126455K(130752K) NonClass: 108355K(109056K)->108355K(109056K) Class: 18100K(21696K)->18100K(21696K)
[226.762s][info][gc             ] GC(2103) Pause Young (Allocation Failure) 1524M->1215M(1846M) 12.643ms
[226.762s][info][gc,cpu         ] GC(2103) User=0.02s Sys=0.00s Real=0.01s
[226.786s][info][gc,start       ] GC(2104) Pause Young (Allocation Failure)
[226.798s][info][gc,heap        ] GC(2104) PSYoungGen: 452977K(492544K)->131635K(512000K) Eden: 328704K(328704K)->0K(345088K) From: 124273K(163840K)->131635K(166912K)
[226.798s][info][gc,heap        ] GC(2104) ParOldGen: 1120701K(1398272K)->1120701K(1398272K)
[226.798s][info][gc,metaspace   ] GC(2104) Metaspace: 126455K(130752K)->126455K(130752K) NonClass: 108355K(109056K)->108355K(109056K) Class: 18100K(21696K)->18100K(21696K)
[226.798s][info][gc             ] GC(2104) Pause Young (Allocation Failure) 1536M->1222M(1865M) 12.221ms
[226.798s][info][gc,cpu         ] GC(2104) User=0.00s Sys=0.00s Real=0.00s
[226.824s][info][gc,start       ] GC(2105) Pause Young (Allocation Failure)
[226.836s][info][gc,heap        ] GC(2105) PSYoungGen: 476723K(512000K)->136566K(516608K) Eden: 345088K(345088K)->0K(345088K) From: 131635K(166912K)->136566K(171520K)
[226.836s][info][gc,heap        ] GC(2105) ParOldGen: 1120701K(1398272K)->1120701K(1398272K)
[226.836s][info][gc,metaspace   ] GC(2105) Metaspace: 126455K(130752K)->126455K(130752K) NonClass: 108355K(109056K)->108355K(109056K) Class: 18100K(21696K)->18100K(21696K)
[226.836s][info][gc             ] GC(2105) Pause Young (Allocation Failure) 1559M->1227M(1870M) 11.966ms
[226.836s][info][gc,cpu         ] GC(2105) User=0.00s Sys=0.00s Real=0.00s
[226.860s][info][gc,start       ] GC(2106) Pause Young (Allocation Failure)
[226.876s][info][gc,heap        ] GC(2106) PSYoungGen: 481654K(516608K)->145395K(507392K) Eden: 345088K(345088K)->0K(330240K) From: 136566K(171520K)->145395K(177152K)
[226.876s][info][gc,heap        ] GC(2106) ParOldGen: 1120701K(1398272K)->1120701K(1398272K)
[226.876s][info][gc,metaspace   ] GC(2106) Metaspace: 126455K(130752K)->126455K(130752K) NonClass: 108355K(109056K)->108355K(109056K) Class: 18100K(21696K)->18100K(21696K)
[226.876s][info][gc             ] GC(2106) Pause Young (Allocation Failure) 1564M->1236M(1861M) 16.096ms
[226.876s][info][gc,cpu         ] GC(2106) User=0.44s Sys=0.06s Real=0.01s
[226.895s][info][gc,start       ] GC(2107) Pause Young (Allocation Failure)
[226.909s][info][gc,heap        ] GC(2107) PSYoungGen: 475635K(507392K)->157410K(487936K) Eden: 330240K(330240K)->0K(330240K) From: 145395K(177152K)->157410K(157696K)
[226.909s][info][gc,heap        ] GC(2107) ParOldGen: 1120701K(1398272K)->1120709K(1398272K)
[226.909s][info][gc,metaspace   ] GC(2107) Metaspace: 126455K(130752K)->126455K(130752K) NonClass: 108355K(109056K)->108355K(109056K) Class: 18100K(21696K)->18100K(21696K)
[226.910s][info][gc             ] GC(2107) Pause Young (Allocation Failure) 1558M->1248M(1842M) 14.683ms
[226.910s][info][gc,cpu         ] GC(2107) User=0.52s Sys=0.00s Real=0.02s
[226.929s][info][gc,start       ] GC(2108) Pause Young (Allocation Failure)
[226.945s][info][gc,heap        ] GC(2108) PSYoungGen: 487650K(487936K)->166748K(482304K) Eden: 330240K(330240K)->0K(288256K) From: 157410K(157696K)->166748K(194048K)
[226.945s][info][gc,heap        ] GC(2108) ParOldGen: 1120709K(1398272K)->1120709K(1398272K)
[226.945s][info][gc,metaspace   ] GC(2108) Metaspace: 126455K(130752K)->126455K(130752K) NonClass: 108355K(109056K)->108355K(109056K) Class: 18100K(21696K)->18100K(21696K)
[226.945s][info][gc             ] GC(2108) Pause Young (Allocation Failure) 1570M->1257M(1836M) 16.489ms
[226.945s][info][gc,cpu         ] GC(2108) User=0.03s Sys=0.02s Real=0.02s
[226.962s][info][gc,start       ] GC(2109) Pause Young (Allocation Failure)
[226.979s][info][gc,heap        ] GC(2109) PSYoungGen: 455004K(482304K)->175358K(463872K) Eden: 288256K(288256K)->0K(288256K) From: 166748K(194048K)->175358K(175616K)
[226.979s][info][gc,heap        ] GC(2109) ParOldGen: 1120709K(1398272K)->1120749K(1398272K)
[226.979s][info][gc,metaspace   ] GC(2109) Metaspace: 126455K(130752K)->126455K(130752K) NonClass: 108355K(109056K)->108355K(109056K) Class: 18100K(21696K)->18100K(21696K)
[226.979s][info][gc             ] GC(2109) Pause Young (Allocation Failure) 1538M->1265M(1818M) 16.684ms
[226.979s][info][gc,cpu         ] GC(2109) User=0.27s Sys=0.00s Real=0.02s
[226.998s][info][gc,start       ] GC(2110) Pause Young (Allocation Failure)
[227.015s][info][gc,heap        ] GC(2110) PSYoungGen: 463614K(463872K)->186084K(456192K) Eden: 288256K(288256K)->0K(239104K) From: 175358K(175616K)->186084K(217088K)
[227.015s][info][gc,heap        ] GC(2110) ParOldGen: 1120749K(1398272K)->1120813K(1398272K)
[227.015s][info][gc,metaspace   ] GC(2110) Metaspace: 126455K(130752K)->126455K(130752K) NonClass: 108355K(109056K)->108355K(109056K) Class: 18100K(21696K)->18100K(21696K)
[227.015s][info][gc             ] GC(2110) Pause Young (Allocation Failure) 1547M->1276M(1811M) 17.399ms
[227.015s][info][gc,cpu         ] GC(2110) User=0.48s Sys=0.00s Real=0.02s
[227.033s][info][gc,start       ] GC(2111) Pause Young (Allocation Failure)
[227.054s][info][gc,heap        ] GC(2111) PSYoungGen: 425188K(456192K)->217297K(456704K) Eden: 239104K(239104K)->0K(239104K) From: 186084K(217088K)->217297K(217600K)
[227.054s][info][gc,heap        ] GC(2111) ParOldGen: 1120813K(1398272K)->1120900K(1398272K)
[227.054s][info][gc,metaspace   ] GC(2111) Metaspace: 126455K(130752K)->126455K(130752K) NonClass: 108355K(109056K)->108355K(109056K) Class: 18100K(21696K)->18100K(21696K)
[227.054s][info][gc             ] GC(2111) Pause Young (Allocation Failure) 1509M->1306M(1811M) 20.595ms
[227.054s][info][gc,cpu         ] GC(2111) User=0.52s Sys=0.00s Real=0.02s
[227.070s][info][gc,start       ] GC(2112) Pause Young (Allocation Failure)
[227.092s][info][gc,heap        ] GC(2112) PSYoungGen: 456401K(456704K)->220797K(465920K) Eden: 239104K(239104K)->0K(232960K) From: 217297K(217600K)->220797K(232960K)
[227.092s][info][gc,heap        ] GC(2112) ParOldGen: 1120900K(1398272K)->1120980K(1398272K)
[227.092s][info][gc,metaspace   ] GC(2112) Metaspace: 126455K(130752K)->126455K(130752K) NonClass: 108355K(109056K)->108355K(109056K) Class: 18100K(21696K)->18100K(21696K)
[227.093s][info][gc             ] GC(2112) Pause Young (Allocation Failure) 1540M->1310M(1820M) 22.817ms
[227.093s][info][gc,cpu         ] GC(2112) User=0.53s Sys=0.02s Real=0.03s
[227.106s][info][gc,start       ] GC(2113) Pause Young (Allocation Failure)
[227.127s][info][gc,heap        ] GC(2113) PSYoungGen: 453757K(465920K)->231722K(465920K) Eden: 232960K(232960K)->0K(232960K) From: 220797K(232960K)->231722K(232960K)
[227.127s][info][gc,heap        ] GC(2113) ParOldGen: 1120980K(1398272K)->1121076K(1398272K)
[227.127s][info][gc,metaspace   ] GC(2113) Metaspace: 126455K(130752K)->126455K(130752K) NonClass: 108355K(109056K)->108355K(109056K) Class: 18100K(21696K)->18100K(21696K)
[227.127s][info][gc             ] GC(2113) Pause Young (Allocation Failure) 1537M->1321M(1820M) 21.465ms
[227.127s][info][gc,cpu         ] GC(2113) User=0.94s Sys=0.00s Real=0.03s
[227.142s][info][gc,start       ] GC(2114) Pause Young (Allocation Failure)
[227.162s][info][gc,heap        ] GC(2114) PSYoungGen: 464682K(465920K)->178724K(465920K) Eden: 232960K(232960K)->0K(232960K) From: 231722K(232960K)->178724K(232960K)
[227.162s][info][gc,heap        ] GC(2114) ParOldGen: 1121076K(1398272K)->1149986K(1398272K)
[227.162s][info][gc,metaspace   ] GC(2114) Metaspace: 126455K(130752K)->126455K(130752K) NonClass: 108355K(109056K)->108355K(109056K) Class: 18100K(21696K)->18100K(21696K)
[227.162s][info][gc             ] GC(2114) Pause Young (Allocation Failure) 1548M->1297M(1820M) 19.917ms
[227.162s][info][gc,cpu         ] GC(2114) User=0.52s Sys=0.00s Real=0.02s
[227.175s][info][gc,start       ] GC(2115) Pause Young (Allocation Failure)
[227.191s][info][gc,heap        ] GC(2115) PSYoungGen: 411684K(465920K)->112860K(465920K) Eden: 232960K(232960K)->0K(232960K) From: 178724K(232960K)->112860K(232960K)
[227.192s][info][gc,heap        ] GC(2115) ParOldGen: 1149986K(1398272K)->1215955K(1398272K)
[227.192s][info][gc,metaspace   ] GC(2115) Metaspace: 126455K(130752K)->126455K(130752K) NonClass: 108355K(109056K)->108355K(109056K) Class: 18100K(21696K)->18100K(21696K)
[227.192s][info][gc             ] GC(2115) Pause Young (Allocation Failure) 1525M->1297M(1820M) 16.924ms
[227.192s][info][gc,cpu         ] GC(2115) User=0.52s Sys=0.00s Real=0.01s
[227.204s][info][gc,start       ] GC(2116) Pause Young (Allocation Failure)
[227.214s][info][gc,heap        ] GC(2116) PSYoungGen: 345820K(465920K)->84810K(465920K) Eden: 232960K(232960K)->0K(232960K) From: 112860K(232960K)->84810K(232960K)
[227.214s][info][gc,heap        ] GC(2116) ParOldGen: 1215955K(1398272K)->1245444K(1398272K)
[227.214s][info][gc,metaspace   ] GC(2116) Metaspace: 126455K(130752K)->126455K(130752K) NonClass: 108355K(109056K)->108355K(109056K) Class: 18100K(21696K)->18100K(21696K)
[227.214s][info][gc             ] GC(2116) Pause Young (Allocation Failure) 1525M->1299M(1820M) 10.173ms
[227.214s][info][gc,cpu         ] GC(2116) User=0.00s Sys=0.00s Real=0.00s
[227.226s][info][gc,start       ] GC(2117) Pause Young (Allocation Failure)
[227.235s][info][gc,heap        ] GC(2117) PSYoungGen: 317770K(465920K)->89280K(465920K) Eden: 232960K(232960K)->0K(232960K) From: 84810K(232960K)->89280K(232960K)
[227.235s][info][gc,heap        ] GC(2117) ParOldGen: 1245444K(1398272K)->1246554K(1398272K)
[227.235s][info][gc,metaspace   ] GC(2117) Metaspace: 126455K(130752K)->126455K(130752K) NonClass: 108355K(109056K)->108355K(109056K) Class: 18100K(21696K)->18100K(21696K)
[227.235s][info][gc             ] GC(2117) Pause Young (Allocation Failure) 1526M->1304M(1820M) 9.461ms
[227.235s][info][gc,cpu         ] GC(2117) User=0.27s Sys=0.00s Real=0.01s
[227.247s][info][gc,start       ] GC(2118) Pause Young (Allocation Failure)
[227.257s][info][gc,heap        ] GC(2118) PSYoungGen: 322240K(465920K)->97694K(465920K) Eden: 232960K(232960K)->0K(232960K) From: 89280K(232960K)->97694K(232960K)
[227.257s][info][gc,heap        ] GC(2118) ParOldGen: 1246554K(1398272K)->1248145K(1398272K)
[227.257s][info][gc,metaspace   ] GC(2118) Metaspace: 126455K(130752K)->126455K(130752K) NonClass: 108355K(109056K)->108355K(109056K) Class: 18100K(21696K)->18100K(21696K)
[227.257s][info][gc             ] GC(2118) Pause Young (Allocation Failure) 1532M->1314M(1820M) 9.502ms
[227.257s][info][gc,cpu         ] GC(2118) User=0.52s Sys=0.00s Real=0.02s
[227.268s][info][gc,start       ] GC(2119) Pause Young (Allocation Failure)
[227.278s][info][gc,heap        ] GC(2119) PSYoungGen: 330654K(465920K)->105917K(465920K) Eden: 232960K(232960K)->0K(232960K) From: 97694K(232960K)->105917K(232960K)
[227.278s][info][gc,heap        ] GC(2119) ParOldGen: 1248145K(1398272K)->1248765K(1398272K)
[227.278s][info][gc,metaspace   ] GC(2119) Metaspace: 126455K(130752K)->126455K(130752K) NonClass: 108355K(109056K)->108355K(109056K) Class: 18100K(21696K)->18100K(21696K)
[227.278s][info][gc             ] GC(2119) Pause Young (Allocation Failure) 1541M->1322M(1820M) 9.848ms
[227.278s][info][gc,cpu         ] GC(2119) User=0.00s Sys=0.00s Real=0.00s
[227.290s][info][gc,start       ] GC(2120) Pause Young (Allocation Failure)
[227.301s][info][gc,heap        ] GC(2120) PSYoungGen: 338877K(465920K)->72535K(465920K) Eden: 232960K(232960K)->0K(232960K) From: 105917K(232960K)->72535K(232960K)
[227.301s][info][gc,heap        ] GC(2120) ParOldGen: 1248765K(1398272K)->1294840K(1398272K)
[227.301s][info][gc,metaspace   ] GC(2120) Metaspace: 126455K(130752K)->126455K(130752K) NonClass: 108355K(109056K)->108355K(109056K) Class: 18100K(21696K)->18100K(21696K)
[227.301s][info][gc             ] GC(2120) Pause Young (Allocation Failure) 1550M->1335M(1820M) 11.114ms
[227.301s][info][gc,cpu         ] GC(2120) User=0.48s Sys=0.00s Real=0.02s
[227.313s][info][gc,start       ] GC(2121) Pause Young (Allocation Failure)
[227.320s][info][gc,heap        ] GC(2121) PSYoungGen: 305495K(465920K)->66649K(465920K) Eden: 232960K(232960K)->0K(232960K) From: 72535K(232960K)->66649K(232960K)
[227.320s][info][gc,heap        ] GC(2121) ParOldGen: 1294840K(1398272K)->1311850K(1398272K)
[227.320s][info][gc,metaspace   ] GC(2121) Metaspace: 126455K(130752K)->126455K(130752K) NonClass: 108355K(109056K)->108355K(109056K) Class: 18100K(21696K)->18100K(21696K)
[227.320s][info][gc             ] GC(2121) Pause Young (Allocation Failure) 1562M->1346M(1820M) 6.964ms
[227.320s][info][gc,cpu         ] GC(2121) User=0.00s Sys=0.00s Real=0.00s
[227.332s][info][gc,start       ] GC(2122) Pause Young (Allocation Failure)
[227.338s][info][gc,heap        ] GC(2122) PSYoungGen: 299609K(465920K)->59084K(465920K) Eden: 232960K(232960K)->0K(232960K) From: 66649K(232960K)->59084K(232960K)
[227.338s][info][gc,heap        ] GC(2122) ParOldGen: 1311850K(1398272K)->1318300K(1398272K)
[227.338s][info][gc,metaspace   ] GC(2122) Metaspace: 126455K(130752K)->126455K(130752K) NonClass: 108355K(109056K)->108355K(109056K) Class: 18100K(21696K)->18100K(21696K)
[227.338s][info][gc             ] GC(2122) Pause Young (Allocation Failure) 1573M->1345M(1820M) 6.312ms
[227.338s][info][gc,cpu         ] GC(2122) User=0.00s Sys=0.00s Real=0.00s
[227.350s][info][gc,start       ] GC(2123) Pause Young (Allocation Failure)
[227.359s][info][gc,heap        ] GC(2123) PSYoungGen: 292044K(465920K)->89522K(465920K) Eden: 232960K(232960K)->0K(232960K) From: 59084K(232960K)->89522K(232960K)
[227.359s][info][gc,heap        ] GC(2123) ParOldGen: 1318300K(1398272K)->1327875K(1398272K)
[227.359s][info][gc,metaspace   ] GC(2123) Metaspace: 126455K(130752K)->126455K(130752K) NonClass: 108355K(109056K)->108355K(109056K) Class: 18100K(21696K)->18100K(21696K)
[227.359s][info][gc             ] GC(2123) Pause Young (Allocation Failure) 1572M->1384M(1820M) 8.858ms
[227.359s][info][gc,cpu         ] GC(2123) User=0.17s Sys=0.00s Real=0.01s
[227.371s][info][gc,start       ] GC(2124) Pause Young (Allocation Failure)
[227.381s][info][gc,heap        ] GC(2124) PSYoungGen: 322482K(465920K)->75185K(465920K) Eden: 232960K(232960K)->0K(232960K) From: 89522K(232960K)->75185K(232960K)
[227.381s][info][gc,heap        ] GC(2124) ParOldGen: 1327875K(1398272K)->1358041K(1398272K)
[227.381s][info][gc,metaspace   ] GC(2124) Metaspace: 126455K(130752K)->126455K(130752K) NonClass: 108355K(109056K)->108355K(109056K) Class: 18100K(21696K)->18100K(21696K)
[227.381s][info][gc             ] GC(2124) Pause Young (Allocation Failure) 1611M->1399M(1820M) 9.671ms
[227.381s][info][gc,cpu         ] GC(2124) User=0.34s Sys=0.00s Real=0.02s
[227.381s][info][gc,start       ] GC(2125) Pause Full (Ergonomics)
[227.381s][info][gc,phases,start] GC(2125) Marking Phase
[227.434s][info][gc,phases      ] GC(2125) Marking Phase 53.377ms
[227.434s][info][gc,phases,start] GC(2125) Summary Phase
[227.434s][info][gc,phases      ] GC(2125) Summary Phase 0.058ms
[227.434s][info][gc,phases,start] GC(2125) Adjust Roots
[227.452s][info][gc,phases      ] GC(2125) Adjust Roots 17.091ms
[227.452s][info][gc,phases,start] GC(2125) Compaction Phase
[227.479s][info][gc,phases      ] GC(2125) Compaction Phase 27.069ms
[227.479s][info][gc,phases,start] GC(2125) Post Compact
[227.487s][info][gc,phases      ] GC(2125) Post Compact 7.793ms
[227.487s][info][gc,heap        ] GC(2125) PSYoungGen: 75185K(465920K)->0K(465920K) Eden: 0K(232960K)->0K(232960K) From: 75185K(232960K)->0K(232960K)
[227.487s][info][gc,heap        ] GC(2125) ParOldGen: 1358041K(1398272K)->1260562K(1398272K)
[227.487s][info][gc,metaspace   ] GC(2125) Metaspace: 126455K(130752K)->126455K(130752K) NonClass: 108355K(109056K)->108355K(109056K) Class: 18100K(21696K)->18100K(21696K)
[227.487s][info][gc             ] GC(2125) Pause Full (Ergonomics) 1399M->1231M(1820M) 105.745ms
[227.487s][info][gc,cpu         ] GC(2125) User=2.03s Sys=0.00s Real=0.11s
[227.501s][info][gc,start       ] GC(2126) Pause Young (Allocation Failure)
[227.506s][info][gc,heap        ] GC(2126) PSYoungGen: 232960K(465920K)->44626K(465920K) Eden: 232960K(232960K)->0K(232960K) From: 0K(232960K)->44626K(232960K)
[227.506s][info][gc,heap        ] GC(2126) ParOldGen: 1260562K(1398272K)->1260562K(1398272K)
[227.506s][info][gc,metaspace   ] GC(2126) Metaspace: 126455K(130752K)->126455K(130752K) NonClass: 108355K(109056K)->108355K(109056K) Class: 18100K(21696K)->18100K(21696K)
[227.506s][info][gc             ] GC(2126) Pause Young (Allocation Failure) 1458M->1274M(1820M) 5.027ms
[227.506s][info][gc,cpu         ] GC(2126) User=0.20s Sys=0.00s Real=0.01s
[227.519s][info][gc,start       ] GC(2127) Pause Young (Allocation Failure)
[227.529s][info][gc,heap        ] GC(2127) PSYoungGen: 277586K(465920K)->49879K(283136K) Eden: 232960K(232960K)->0K(232960K) From: 44626K(232960K)->49879K(50176K)
[227.529s][info][gc,heap        ] GC(2127) ParOldGen: 1260562K(1398272K)->1301730K(1398272K)
[227.529s][info][gc,metaspace   ] GC(2127) Metaspace: 126455K(130752K)->126455K(130752K) NonClass: 108355K(109056K)->108355K(109056K) Class: 18100K(21696K)->18100K(21696K)
[227.529s][info][gc             ] GC(2127) Pause Young (Allocation Failure) 1502M->1319M(1642M) 9.222ms
[227.529s][info][gc,cpu         ] GC(2127) User=0.00s Sys=0.00s Real=0.00s
[227.541s][info][gc,start       ] GC(2128) Pause Young (Allocation Failure)
[227.547s][info][gc,heap        ] GC(2128) PSYoungGen: 282839K(283136K)->74880K(472064K) Eden: 232960K(232960K)->0K(242688K) From: 49879K(50176K)->74880K(229376K)
[227.547s][info][gc,heap        ] GC(2128) ParOldGen: 1301730K(1398272K)->1301730K(1398272K)
[227.547s][info][gc,metaspace   ] GC(2128) Metaspace: 126455K(130752K)->126455K(130752K) NonClass: 108355K(109056K)->108355K(109056K) Class: 18100K(21696K)->18100K(21696K)
[227.547s][info][gc             ] GC(2128) Pause Young (Allocation Failure) 1547M->1344M(1826M) 6.166ms
[227.547s][info][gc,cpu         ] GC(2128) User=0.00s Sys=0.00s Real=0.00s
[227.559s][info][gc,start       ] GC(2129) Pause Young (Allocation Failure)
[227.569s][info][gc,heap        ] GC(2129) PSYoungGen: 317568K(472064K)->83896K(326656K) Eden: 242688K(242688K)->0K(242688K) From: 74880K(229376K)->83896K(83968K)
[227.569s][info][gc,heap        ] GC(2129) ParOldGen: 1301730K(1398272K)->1301730K(1398272K)
[227.569s][info][gc,metaspace   ] GC(2129) Metaspace: 126455K(130752K)->126455K(130752K) NonClass: 108355K(109056K)->108355K(109056K) Class: 18100K(21696K)->18100K(21696K)
[227.569s][info][gc             ] GC(2129) Pause Young (Allocation Failure) 1581M->1353M(1684M) 9.537ms
[227.569s][info][gc,cpu         ] GC(2129) User=0.28s Sys=0.00s Real=0.02s
[227.582s][info][gc,start       ] GC(2130) Pause Young (Allocation Failure)
[227.591s][info][gc,heap        ] GC(2130) PSYoungGen: 326584K(326656K)->103239K(463872K) Eden: 242688K(242688K)->0K(255488K) From: 83896K(83968K)->103239K(208384K)
[227.591s][info][gc,heap        ] GC(2130) ParOldGen: 1301730K(1398272K)->1301730K(1398272K)
[227.591s][info][gc,metaspace   ] GC(2130) Metaspace: 126455K(130752K)->126455K(130752K) NonClass: 108355K(109056K)->108355K(109056K) Class: 18100K(21696K)->18100K(21696K)
[227.591s][info][gc             ] GC(2130) Pause Young (Allocation Failure) 1590M->1372M(1818M) 9.844ms
[227.591s][info][gc,cpu         ] GC(2130) User=0.00s Sys=0.00s Real=0.00s
[227.604s][info][gc,start       ] GC(2131) Pause Young (Allocation Failure)
[227.614s][info][gc,heap        ] GC(2131) PSYoungGen: 358727K(463872K)->105438K(458752K) Eden: 255488K(255488K)->0K(255488K) From: 103239K(208384K)->105438K(203264K)
[227.614s][info][gc,heap        ] GC(2131) ParOldGen: 1301730K(1398272K)->1301730K(1398272K)
[227.614s][info][gc,metaspace   ] GC(2131) Metaspace: 126455K(130752K)->126455K(130752K) NonClass: 108355K(109056K)->108355K(109056K) Class: 18100K(21696K)->18100K(21696K)
[227.614s][info][gc             ] GC(2131) Pause Young (Allocation Failure) 1621M->1374M(1813M) 9.996ms
[227.614s][info][gc,cpu         ] GC(2131) User=0.36s Sys=0.00s Real=0.02s
[227.626s][info][gc,start       ] GC(2132) Pause Young (Allocation Failure)
[227.638s][info][gc,heap        ] GC(2132) PSYoungGen: 360926K(458752K)->118670K(470016K) Eden: 255488K(255488K)->0K(275968K) From: 105438K(203264K)->118670K(194048K)
[227.638s][info][gc,heap        ] GC(2132) ParOldGen: 1301730K(1398272K)->1301730K(1398272K)
[227.638s][info][gc,metaspace   ] GC(2132) Metaspace: 126455K(130752K)->126455K(130752K) NonClass: 108355K(109056K)->108355K(109056K) Class: 18100K(21696K)->18100K(21696K)
[227.638s][info][gc             ] GC(2132) Pause Young (Allocation Failure) 1623M->1387M(1824M) 11.110ms
[227.638s][info][gc,cpu         ] GC(2132) User=0.52s Sys=0.00s Real=0.01s
[227.651s][info][gc,start       ] GC(2133) Pause Young (Allocation Failure)
[227.664s][info][gc,heap        ] GC(2133) PSYoungGen: 394638K(470016K)->137426K(470528K) Eden: 275968K(275968K)->0K(275968K) From: 118670K(194048K)->137426K(194560K)
[227.664s][info][gc,heap        ] GC(2133) ParOldGen: 1301730K(1398272K)->1301730K(1398272K)
[227.664s][info][gc,metaspace   ] GC(2133) Metaspace: 126455K(130752K)->126455K(130752K) NonClass: 108355K(109056K)->108355K(109056K) Class: 18100K(21696K)->18100K(21696K)
[227.664s][info][gc             ] GC(2133) Pause Young (Allocation Failure) 1656M->1405M(1825M) 12.276ms
[227.664s][info][gc,cpu         ] GC(2133) User=0.47s Sys=0.00s Real=0.02s
[227.678s][info][gc,start       ] GC(2134) Pause Young (Allocation Failure)
[227.692s][info][gc,heap        ] GC(2134) PSYoungGen: 413394K(470528K)->147530K(485888K) Eden: 275968K(275968K)->0K(286208K) From: 137426K(194560K)->147530K(199680K)
[227.692s][info][gc,heap        ] GC(2134) ParOldGen: 1301730K(1398272K)->1301730K(1398272K)
[227.692s][info][gc,metaspace   ] GC(2134) Metaspace: 126455K(130752K)->126455K(130752K) NonClass: 108355K(109056K)->108355K(109056K) Class: 18100K(21696K)->18100K(21696K)
[227.692s][info][gc             ] GC(2134) Pause Young (Allocation Failure) 1674M->1415M(1840M) 13.941ms
[227.692s][info][gc,cpu         ] GC(2134) User=0.23s Sys=0.00s Real=0.02s
[227.707s][info][gc,start       ] GC(2135) Pause Young (Allocation Failure)
[227.722s][info][gc,heap        ] GC(2135) PSYoungGen: 433006K(485888K)->161737K(448000K) Eden: 285475K(286208K)->0K(286208K) From: 147530K(199680K)->161737K(161792K)
[227.722s][info][gc,heap        ] GC(2135) ParOldGen: 1301730K(1398272K)->1301730K(1398272K)
[227.722s][info][gc,metaspace   ] GC(2135) Metaspace: 126455K(130752K)->126455K(130752K) NonClass: 108355K(109056K)->108355K(109056K) Class: 18100K(21696K)->18100K(21696K)
[227.722s][info][gc             ] GC(2135) Pause Young (Allocation Failure) 1694M->1429M(1803M) 14.793ms
[227.722s][info][gc,cpu         ] GC(2135) User=0.03s Sys=0.00s Real=0.01s
[227.737s][info][gc,start       ] GC(2136) Pause Young (Allocation Failure)
[227.753s][info][gc,heap        ] GC(2136) PSYoungGen: 447945K(448000K)->175273K(456192K) Eden: 286208K(286208K)->0K(239104K) From: 161737K(161792K)->175273K(217088K)
[227.753s][info][gc,heap        ] GC(2136) ParOldGen: 1301730K(1398272K)->1301730K(1398272K)
[227.753s][info][gc,metaspace   ] GC(2136) Metaspace: 126455K(130752K)->126455K(130752K) NonClass: 108355K(109056K)->108355K(109056K) Class: 18100K(21696K)->18100K(21696K)
[227.753s][info][gc             ] GC(2136) Pause Young (Allocation Failure) 1708M->1442M(1811M) 16.455ms
[227.753s][info][gc,cpu         ] GC(2136) User=0.55s Sys=0.00s Real=0.03s
[227.766s][info][gc,start       ] GC(2137) Pause Young (Allocation Failure)
[227.783s][info][gc,heap        ] GC(2137) PSYoungGen: 414377K(456192K)->178000K(417280K) Eden: 239104K(239104K)->0K(239104K) From: 175273K(217088K)->178000K(178176K)
[227.783s][info][gc,heap        ] GC(2137) ParOldGen: 1301730K(1398272K)->1301730K(1398272K)
[227.783s][info][gc,metaspace   ] GC(2137) Metaspace: 126455K(130752K)->126455K(130752K) NonClass: 108355K(109056K)->108355K(109056K) Class: 18100K(21696K)->18100K(21696K)
[227.783s][info][gc             ] GC(2137) Pause Young (Allocation Failure) 1675M->1445M(1773M) 17.534ms
[227.783s][info][gc,cpu         ] GC(2137) User=0.52s Sys=0.00s Real=0.02s
[227.795s][info][gc,start       ] GC(2138) Pause Young (Allocation Failure)
[227.813s][info][gc,heap        ] GC(2138) PSYoungGen: 417104K(417280K)->127570K(468480K) Eden: 239104K(239104K)->0K(235520K) From: 178000K(178176K)->127570K(232960K)
[227.813s][info][gc,heap        ] GC(2138) ParOldGen: 1301730K(1398272K)->1359330K(1398272K)
[227.813s][info][gc,metaspace   ] GC(2138) Metaspace: 126455K(130752K)->126455K(130752K) NonClass: 108355K(109056K)->108355K(109056K) Class: 18100K(21696K)->18100K(21696K)
[227.813s][info][gc             ] GC(2138) Pause Young (Allocation Failure) 1678M->1452M(1823M) 18.082ms
[227.814s][info][gc,cpu         ] GC(2138) User=0.52s Sys=0.00s Real=0.02s
[227.814s][info][gc,start       ] GC(2139) Pause Full (Ergonomics)
[227.814s][info][gc,phases,start] GC(2139) Marking Phase
[227.866s][info][gc,phases      ] GC(2139) Marking Phase 52.780ms
[227.866s][info][gc,phases,start] GC(2139) Summary Phase
[227.867s][info][gc,phases      ] GC(2139) Summary Phase 0.060ms
[227.867s][info][gc,phases,start] GC(2139) Adjust Roots
[227.882s][info][gc,phases      ] GC(2139) Adjust Roots 15.613ms
[227.882s][info][gc,phases,start] GC(2139) Compaction Phase
[227.906s][info][gc,phases      ] GC(2139) Compaction Phase 24.174ms
[227.906s][info][gc,phases,start] GC(2139) Post Compact
[227.916s][info][gc,phases      ] GC(2139) Post Compact 9.330ms
[227.916s][info][gc,heap        ] GC(2139) PSYoungGen: 127570K(468480K)->0K(465920K) Eden: 0K(235520K)->0K(235520K) From: 127570K(232960K)->0K(230400K)
[227.916s][info][gc,heap        ] GC(2139) ParOldGen: 1359330K(1398272K)->1315286K(1398272K)
[227.916s][info][gc,metaspace   ] GC(2139) Metaspace: 126455K(130752K)->126455K(130752K) NonClass: 108355K(109056K)->108355K(109056K) Class: 18100K(21696K)->18100K(21696K)
[227.916s][info][gc             ] GC(2139) Pause Full (Ergonomics) 1452M->1284M(1820M) 102.458ms
[227.916s][info][gc,cpu         ] GC(2139) User=2.02s Sys=0.02s Real=0.11s
[227.934s][info][gc,start       ] GC(2140) Pause Young (Allocation Failure)
[227.938s][info][gc,heap        ] GC(2140) PSYoungGen: 235520K(465920K)->31577K(463360K) Eden: 235520K(235520K)->0K(232960K) From: 0K(230400K)->31577K(230400K)
[227.938s][info][gc,heap        ] GC(2140) ParOldGen: 1315286K(1398272K)->1315286K(1398272K)
[227.938s][info][gc,metaspace   ] GC(2140) Metaspace: 126455K(130752K)->126455K(130752K) NonClass: 108355K(109056K)->108355K(109056K) Class: 18100K(21696K)->18100K(21696K)
[227.938s][info][gc             ] GC(2140) Pause Young (Allocation Failure) 1514M->1315M(1818M) 4.254ms
[227.938s][info][gc,cpu         ] GC(2140) User=0.00s Sys=0.00s Real=0.00s
[227.951s][info][gc,start       ] GC(2141) Pause Young (Allocation Failure)
[227.955s][info][gc,heap        ] GC(2141) PSYoungGen: 264537K(463360K)->42678K(465920K) Eden: 232960K(232960K)->0K(232960K) From: 31577K(230400K)->42678K(232960K)
[227.955s][info][gc,heap        ] GC(2141) ParOldGen: 1315286K(1398272K)->1315286K(1398272K)
[227.955s][info][gc,metaspace   ] GC(2141) Metaspace: 126456K(130752K)->126456K(130752K) NonClass: 108356K(109056K)->108356K(109056K) Class: 18100K(21696K)->18100K(21696K)
[227.955s][info][gc             ] GC(2141) Pause Young (Allocation Failure) 1542M->1326M(1820M) 4.109ms
[227.955s][info][gc,cpu         ] GC(2141) User=0.00s Sys=0.00s Real=0.00s
[227.967s][info][gc,start       ] GC(2142) Pause Young (Allocation Failure)
[227.972s][info][gc,heap        ] GC(2142) PSYoungGen: 275638K(465920K)->61768K(461824K) Eden: 232960K(232960K)->0K(232960K) From: 42678K(232960K)->61768K(228864K)
[227.972s][info][gc,heap        ] GC(2142) ParOldGen: 1315286K(1398272K)->1315286K(1398272K)
[227.972s][info][gc,metaspace   ] GC(2142) Metaspace: 126456K(130752K)->126456K(130752K) NonClass: 108356K(109056K)->108356K(109056K) Class: 18100K(21696K)->18100K(21696K)
[227.972s][info][gc             ] GC(2142) Pause Young (Allocation Failure) 1553M->1344M(1816M) 5.200ms
[227.972s][info][gc,cpu         ] GC(2142) User=0.05s Sys=0.00s Real=0.02s
[227.984s][info][gc,start       ] GC(2143) Pause Young (Allocation Failure)
[227.990s][info][gc,heap        ] GC(2143) PSYoungGen: 294728K(461824K)->75604K(308736K) Eden: 232960K(232960K)->0K(232960K) From: 61768K(228864K)->75604K(75776K)
[227.990s][info][gc,heap        ] GC(2143) ParOldGen: 1315286K(1398272K)->1315286K(1398272K)
[227.990s][info][gc,metaspace   ] GC(2143) Metaspace: 126456K(130752K)->126456K(130752K) NonClass: 108356K(109056K)->108356K(109056K) Class: 18100K(21696K)->18100K(21696K)
[227.990s][info][gc             ] GC(2143) Pause Young (Allocation Failure) 1572M->1358M(1667M) 6.504ms
[227.990s][info][gc,cpu         ] GC(2143) User=0.13s Sys=0.00s Real=0.02s
[228.002s][info][gc,start       ] GC(2144) Pause Young (Allocation Failure)
[228.009s][info][gc,heap        ] GC(2144) PSYoungGen: 308564K(308736K)->86071K(465408K) Eden: 232960K(232960K)->0K(248832K) From: 75604K(75776K)->86071K(216576K)
[228.009s][info][gc,heap        ] GC(2144) ParOldGen: 1315286K(1398272K)->1315286K(1398272K)
[228.010s][info][gc,metaspace   ] GC(2144) Metaspace: 126456K(130752K)->126456K(130752K) NonClass: 108356K(109056K)->108356K(109056K) Class: 18100K(21696K)->18100K(21696K)
[228.010s][info][gc             ] GC(2144) Pause Young (Allocation Failure) 1585M->1368M(1820M) 7.399ms
[228.010s][info][gc,cpu         ] GC(2144) User=0.52s Sys=0.00s Real=0.01s
[228.023s][info][gc,start       ] GC(2145) Pause Young (Allocation Failure)
[228.032s][info][gc,heap        ] GC(2145) PSYoungGen: 334903K(465408K)->101959K(462336K) Eden: 248832K(248832K)->0K(248832K) From: 86071K(216576K)->101959K(213504K)
[228.032s][info][gc,heap        ] GC(2145) ParOldGen: 1315286K(1398272K)->1315286K(1398272K)
[228.032s][info][gc,metaspace   ] GC(2145) Metaspace: 126456K(130752K)->126456K(130752K) NonClass: 108356K(109056K)->108356K(109056K) Class: 18100K(21696K)->18100K(21696K)
[228.032s][info][gc             ] GC(2145) Pause Young (Allocation Failure) 1611M->1384M(1817M) 8.595ms
[228.032s][info][gc,cpu         ] GC(2145) User=0.00s Sys=0.00s Real=0.00s
[228.044s][info][gc,start       ] GC(2146) Pause Young (Allocation Failure)
[228.054s][info][gc,heap        ] GC(2146) PSYoungGen: 350791K(462336K)->111122K(461824K) Eden: 248832K(248832K)->0K(269824K) From: 101959K(213504K)->111122K(192000K)
[228.054s][info][gc,heap        ] GC(2146) ParOldGen: 1315286K(1398272K)->1315286K(1398272K)
[228.054s][info][gc,metaspace   ] GC(2146) Metaspace: 126456K(130752K)->126456K(130752K) NonClass: 108356K(109056K)->108356K(109056K) Class: 18100K(21696K)->18100K(21696K)
[228.054s][info][gc             ] GC(2146) Pause Young (Allocation Failure) 1627M->1392M(1816M) 10.111ms
[228.054s][info][gc,cpu         ] GC(2146) User=0.20s Sys=0.00s Real=0.02s
[228.068s][info][gc,start       ] GC(2147) Pause Young (Allocation Failure)
[228.081s][info][gc,heap        ] GC(2147) PSYoungGen: 380946K(461824K)->128570K(466944K) Eden: 269824K(269824K)->0K(269824K) From: 111122K(192000K)->128570K(197120K)
[228.081s][info][gc,heap        ] GC(2147) ParOldGen: 1315286K(1398272K)->1315286K(1398272K)
[228.081s][info][gc,metaspace   ] GC(2147) Metaspace: 126456K(130752K)->126456K(130752K) NonClass: 108356K(109056K)->108356K(109056K) Class: 18100K(21696K)->18100K(21696K)
[228.081s][info][gc             ] GC(2147) Pause Young (Allocation Failure) 1656M->1410M(1821M) 12.248ms
[228.081s][info][gc,cpu         ] GC(2147) User=0.00s Sys=0.02s Real=0.01s
[228.095s][info][gc,start       ] GC(2148) Pause Young (Allocation Failure)
[228.108s][info][gc,heap        ] GC(2148) PSYoungGen: 398394K(466944K)->141285K(486400K) Eden: 269824K(269824K)->0K(288768K) From: 128570K(197120K)->141285K(197632K)
[228.108s][info][gc,heap        ] GC(2148) ParOldGen: 1315286K(1398272K)->1315286K(1398272K)
[228.108s][info][gc,metaspace   ] GC(2148) Metaspace: 126456K(130752K)->126456K(130752K) NonClass: 108356K(109056K)->108356K(109056K) Class: 18100K(21696K)->18100K(21696K)
[228.108s][info][gc             ] GC(2148) Pause Young (Allocation Failure) 1673M->1422M(1840M) 13.079ms
[228.109s][info][gc,cpu         ] GC(2148) User=0.52s Sys=0.00s Real=0.02s
[228.124s][info][gc,start       ] GC(2149) Pause Young (Allocation Failure)
[228.138s][info][gc,heap        ] GC(2149) PSYoungGen: 430053K(486400K)->151193K(440320K) Eden: 288768K(288768K)->0K(288768K) From: 141285K(197632K)->151193K(151552K)
[228.138s][info][gc,heap        ] GC(2149) ParOldGen: 1315286K(1398272K)->1315286K(1398272K)
[228.138s][info][gc,metaspace   ] GC(2149) Metaspace: 126456K(130752K)->126456K(130752K) NonClass: 108356K(109056K)->108356K(109056K) Class: 18100K(21696K)->18100K(21696K)
[228.138s][info][gc             ] GC(2149) Pause Young (Allocation Failure) 1704M->1432M(1795M) 13.922ms
[228.138s][info][gc,cpu         ] GC(2149) User=0.52s Sys=0.00s Real=0.01s
[228.153s][info][gc,start       ] GC(2150) Pause Young (Allocation Failure)
[228.167s][info][gc,heap        ] GC(2150) PSYoungGen: 439961K(440320K)->162124K(471552K) Eden: 288768K(288768K)->0K(262656K) From: 151193K(151552K)->162124K(208896K)
[228.167s][info][gc,heap        ] GC(2150) ParOldGen: 1315286K(1398272K)->1315286K(1398272K)
[228.167s][info][gc,metaspace   ] GC(2150) Metaspace: 126456K(130752K)->126456K(130752K) NonClass: 108356K(109056K)->108356K(109056K) Class: 18100K(21696K)->18100K(21696K)
[228.167s][info][gc             ] GC(2150) Pause Young (Allocation Failure) 1714M->1442M(1826M) 14.128ms
[228.167s][info][gc,cpu         ] GC(2150) User=0.52s Sys=0.00s Real=0.02s
[228.180s][info][gc,start       ] GC(2151) Pause Young (Allocation Failure)
[228.196s][info][gc,heap        ] GC(2151) PSYoungGen: 424780K(471552K)->168088K(431104K) Eden: 262656K(262656K)->0K(262656K) From: 162124K(208896K)->168088K(168448K)
[228.196s][info][gc,heap        ] GC(2151) ParOldGen: 1315286K(1398272K)->1315286K(1398272K)
[228.196s][info][gc,metaspace   ] GC(2151) Metaspace: 126456K(130752K)->126456K(130752K) NonClass: 108356K(109056K)->108356K(109056K) Class: 18100K(21696K)->18100K(21696K)
[228.196s][info][gc             ] GC(2151) Pause Young (Allocation Failure) 1699M->1448M(1786M) 15.572ms
[228.196s][info][gc,cpu         ] GC(2151) User=0.42s Sys=0.00s Real=0.02s
[228.209s][info][gc,start       ] GC(2152) Pause Young (Allocation Failure)
[228.225s][info][gc,heap        ] GC(2152) PSYoungGen: 430744K(431104K)->181767K(459776K) Eden: 262656K(262656K)->0K(232960K) From: 168088K(168448K)->181767K(226816K)
[228.225s][info][gc,heap        ] GC(2152) ParOldGen: 1315286K(1398272K)->1315286K(1398272K)
[228.225s][info][gc,metaspace   ] GC(2152) Metaspace: 126456K(130752K)->126456K(130752K) NonClass: 108356K(109056K)->108356K(109056K) Class: 18100K(21696K)->18100K(21696K)
[228.225s][info][gc             ] GC(2152) Pause Young (Allocation Failure) 1705M->1461M(1814M) 15.937ms
[228.225s][info][gc,cpu         ] GC(2152) User=0.22s Sys=0.00s Real=0.02s
[228.236s][info][gc,start       ] GC(2153) Pause Young (Allocation Failure)
[228.252s][info][gc,heap        ] GC(2153) PSYoungGen: 414727K(459776K)->179071K(465920K) Eden: 232960K(232960K)->0K(232960K) From: 181767K(226816K)->179071K(232960K)
[228.252s][info][gc,heap        ] GC(2153) ParOldGen: 1315286K(1398272K)->1315286K(1398272K)
[228.252s][info][gc,metaspace   ] GC(2153) Metaspace: 126456K(130752K)->126456K(130752K) NonClass: 108356K(109056K)->108356K(109056K) Class: 18100K(21696K)->18100K(21696K)
[228.252s][info][gc             ] GC(2153) Pause Young (Allocation Failure) 1689M->1459M(1820M) 15.572ms
[228.252s][info][gc,cpu         ] GC(2153) User=0.52s Sys=0.00s Real=0.02s
[228.264s][info][gc,start       ] GC(2154) Pause Young (Allocation Failure)
[228.281s][info][gc,heap        ] GC(2154) PSYoungGen: 412031K(465920K)->176363K(465920K) Eden: 232960K(232960K)->0K(232960K) From: 179071K(232960K)->176363K(232960K)
[228.282s][info][gc,heap        ] GC(2154) ParOldGen: 1315286K(1398272K)->1327765K(1398272K)
[228.282s][info][gc,metaspace   ] GC(2154) Metaspace: 126456K(130752K)->126456K(130752K) NonClass: 108356K(109056K)->108356K(109056K) Class: 18100K(21696K)->18100K(21696K)
[228.282s][info][gc             ] GC(2154) Pause Young (Allocation Failure) 1686M->1468M(1820M) 17.428ms
[228.282s][info][gc,cpu         ] GC(2154) User=0.52s Sys=0.00s Real=0.02s
[228.294s][info][gc,start       ] GC(2155) Pause Young (Allocation Failure)
[228.312s][info][gc,heap        ] GC(2155) PSYoungGen: 409323K(465920K)->179089K(465920K) Eden: 232960K(232960K)->0K(232960K) From: 176363K(232960K)->179089K(232960K)
[228.312s][info][gc,heap        ] GC(2155) ParOldGen: 1327765K(1398272K)->1335990K(1398272K)
[228.312s][info][gc,metaspace   ] GC(2155) Metaspace: 126456K(130752K)->126456K(130752K) NonClass: 108356K(109056K)->108356K(109056K) Class: 18100K(21696K)->18100K(21696K)
[228.312s][info][gc             ] GC(2155) Pause Young (Allocation Failure) 1696M->1479M(1820M) 18.054ms
[228.312s][info][gc,cpu         ] GC(2155) User=0.52s Sys=0.00s Real=0.02s
[228.325s][info][gc,start       ] GC(2156) Pause Young (Allocation Failure)
[228.343s][info][gc,heap        ] GC(2156) PSYoungGen: 412049K(465920K)->173081K(465920K) Eden: 232960K(232960K)->0K(232960K) From: 179089K(232960K)->173081K(232960K)
[228.343s][info][gc,heap        ] GC(2156) ParOldGen: 1335990K(1398272K)->1348347K(1398272K)
[228.343s][info][gc,metaspace   ] GC(2156) Metaspace: 126456K(130752K)->126456K(130752K) NonClass: 108356K(109056K)->108356K(109056K) Class: 18100K(21696K)->18100K(21696K)
[228.343s][info][gc             ] GC(2156) Pause Young (Allocation Failure) 1707M->1485M(1820M) 17.693ms
[228.343s][info][gc,cpu         ] GC(2156) User=0.52s Sys=0.00s Real=0.01s
[228.356s][info][gc,start       ] GC(2157) Pause Young (Allocation Failure)
[228.372s][info][gc,heap        ] GC(2157) PSYoungGen: 406041K(465920K)->125103K(465920K) Eden: 232960K(232960K)->0K(232960K) From: 173081K(232960K)->125103K(232960K)
[228.372s][info][gc,heap        ] GC(2157) ParOldGen: 1348347K(1398272K)->1385319K(1398272K)
[228.372s][info][gc,metaspace   ] GC(2157) Metaspace: 126456K(130752K)->126456K(130752K) NonClass: 108356K(109056K)->108356K(109056K) Class: 18100K(21696K)->18100K(21696K)
[228.372s][info][gc             ] GC(2157) Pause Young (Allocation Failure) 1713M->1475M(1820M) 16.044ms
[228.372s][info][gc,cpu         ] GC(2157) User=0.52s Sys=0.00s Real=0.02s
[228.372s][info][gc,start       ] GC(2158) Pause Full (Ergonomics)
[228.372s][info][gc,phases,start] GC(2158) Marking Phase
[228.413s][info][gc,phases      ] GC(2158) Marking Phase 40.849ms
[228.413s][info][gc,phases,start] GC(2158) Summary Phase
[228.413s][info][gc,phases      ] GC(2158) Summary Phase 0.044ms
[228.413s][info][gc,phases,start] GC(2158) Adjust Roots
[228.434s][info][gc,phases      ] GC(2158) Adjust Roots 20.808ms
[228.434s][info][gc,phases,start] GC(2158) Compaction Phase
[228.552s][info][gc,phases      ] GC(2158) Compaction Phase 118.008ms
[228.552s][info][gc,phases,start] GC(2158) Post Compact
[228.560s][info][gc,phases      ] GC(2158) Post Compact 7.448ms
[228.560s][info][gc,heap        ] GC(2158) PSYoungGen: 125103K(465920K)->11084K(465920K) Eden: 0K(232960K)->0K(232960K) From: 125103K(232960K)->11084K(232960K)
[228.560s][info][gc,heap        ] GC(2158) ParOldGen: 1385319K(1398272K)->1398253K(1398272K)
[228.560s][info][gc,metaspace   ] GC(2158) Metaspace: 126456K(130752K)->126456K(130752K) NonClass: 108356K(109056K)->108356K(109056K) Class: 18100K(21696K)->18100K(21696K)
[228.560s][info][gc             ] GC(2158) Pause Full (Ergonomics) 1475M->1376M(1820M) 187.492ms
[228.560s][info][gc,cpu         ] GC(2158) User=4.77s Sys=0.33s Real=0.19s
[228.575s][info][gc,start       ] GC(2159) Pause Full (Ergonomics)
[228.575s][info][gc,phases,start] GC(2159) Marking Phase
[228.618s][info][gc,phases      ] GC(2159) Marking Phase 42.857ms
[228.618s][info][gc,phases,start] GC(2159) Summary Phase
[228.618s][info][gc,phases      ] GC(2159) Summary Phase 0.047ms
[228.618s][info][gc,phases,start] GC(2159) Adjust Roots
[228.633s][info][gc,phases      ] GC(2159) Adjust Roots 14.504ms
[228.633s][info][gc,phases,start] GC(2159) Compaction Phase
[228.670s][info][gc,phases      ] GC(2159) Compaction Phase 37.348ms
[228.670s][info][gc,phases,start] GC(2159) Post Compact
[228.678s][info][gc,phases      ] GC(2159) Post Compact 8.039ms
[228.678s][info][gc,heap        ] GC(2159) PSYoungGen: 244044K(465920K)->23656K(465920K) Eden: 232960K(232960K)->23656K(232960K) From: 11084K(232960K)->0K(232960K)
[228.678s][info][gc,heap        ] GC(2159) ParOldGen: 1398253K(1398272K)->1395071K(1398272K)
[228.678s][info][gc,metaspace   ] GC(2159) Metaspace: 126456K(130752K)->126456K(130752K) NonClass: 108356K(109056K)->108356K(109056K) Class: 18100K(21696K)->18100K(21696K)
[228.678s][info][gc             ] GC(2159) Pause Full (Ergonomics) 1603M->1385M(1820M) 103.130ms
[228.678s][info][gc,cpu         ] GC(2159) User=1.88s Sys=0.02s Real=0.11s
[228.692s][info][gc,start       ] GC(2160) Pause Full (Ergonomics)
[228.692s][info][gc,phases,start] GC(2160) Marking Phase
[228.745s][info][gc,phases      ] GC(2160) Marking Phase 53.428ms
[228.745s][info][gc,phases,start] GC(2160) Summary Phase
[228.745s][info][gc,phases      ] GC(2160) Summary Phase 0.045ms
[228.745s][info][gc,phases,start] GC(2160) Adjust Roots
[228.762s][info][gc,phases      ] GC(2160) Adjust Roots 16.909ms
[228.762s][info][gc,phases,start] GC(2160) Compaction Phase
[228.799s][info][gc,phases      ] GC(2160) Compaction Phase 37.100ms
[228.800s][info][gc,phases,start] GC(2160) Post Compact
[228.808s][info][gc,phases      ] GC(2160) Post Compact 8.014ms
[228.808s][info][gc,heap        ] GC(2160) PSYoungGen: 232960K(465920K)->13858K(465920K) Eden: 232960K(232960K)->13858K(232960K) From: 0K(232960K)->0K(232960K)
[228.808s][info][gc,heap        ] GC(2160) ParOldGen: 1395071K(1398272K)->1396810K(1398272K)
[228.808s][info][gc,metaspace   ] GC(2160) Metaspace: 126456K(130752K)->126456K(130752K) NonClass: 108356K(109056K)->108356K(109056K) Class: 18100K(21696K)->18100K(21696K)
[228.808s][info][gc             ] GC(2160) Pause Full (Ergonomics) 1589M->1377M(1820M) 115.845ms
[228.808s][info][gc,cpu         ] GC(2160) User=2.59s Sys=0.02s Real=0.13s
[228.823s][info][gc,start       ] GC(2161) Pause Full (Ergonomics)
[228.823s][info][gc,phases,start] GC(2161) Marking Phase
[228.871s][info][gc,phases      ] GC(2161) Marking Phase 47.251ms
[228.871s][info][gc,phases,start] GC(2161) Summary Phase
[228.871s][info][gc,phases      ] GC(2161) Summary Phase 0.048ms
[228.871s][info][gc,phases,start] GC(2161) Adjust Roots
[228.888s][info][gc,phases      ] GC(2161) Adjust Roots 17.449ms
[228.888s][info][gc,phases,start] GC(2161) Compaction Phase
[228.925s][info][gc,phases      ] GC(2161) Compaction Phase 36.859ms
[228.925s][info][gc,phases,start] GC(2161) Post Compact
[228.933s][info][gc,phases      ] GC(2161) Post Compact 8.001ms
[228.933s][info][gc,heap        ] GC(2161) PSYoungGen: 232960K(465920K)->7642K(465920K) Eden: 232960K(232960K)->7642K(232960K) From: 0K(232960K)->0K(232960K)
[228.933s][info][gc,heap        ] GC(2161) ParOldGen: 1396810K(1398272K)->1395092K(1398272K)
[228.933s][info][gc,metaspace   ] GC(2161) Metaspace: 126458K(130752K)->126458K(130752K) NonClass: 108358K(109056K)->108358K(109056K) Class: 18100K(21696K)->18100K(21696K)
[228.933s][info][gc             ] GC(2161) Pause Full (Ergonomics) 1591M->1369M(1820M) 109.946ms
[228.933s][info][gc,cpu         ] GC(2161) User=2.13s Sys=0.00s Real=0.13s
[228.950s][info][gc,start       ] GC(2162) Pause Full (Ergonomics)
[228.950s][info][gc,phases,start] GC(2162) Marking Phase
[229.002s][info][gc,phases      ] GC(2162) Marking Phase 51.615ms
[229.002s][info][gc,phases,start] GC(2162) Summary Phase
[229.002s][info][gc,phases      ] GC(2162) Summary Phase 0.045ms
[229.002s][info][gc,phases,start] GC(2162) Adjust Roots
[229.017s][info][gc,phases      ] GC(2162) Adjust Roots 14.549ms
[229.017s][info][gc,phases,start] GC(2162) Compaction Phase
[229.052s][info][gc,phases      ] GC(2162) Compaction Phase 35.326ms
[229.052s][info][gc,phases,start] GC(2162) Post Compact
[229.060s][info][gc,phases      ] GC(2162) Post Compact 8.037ms
[229.060s][info][gc,heap        ] GC(2162) PSYoungGen: 232960K(465920K)->7695K(465920K) Eden: 232960K(232960K)->7695K(232960K) From: 0K(232960K)->0K(232960K)
[229.060s][info][gc,heap        ] GC(2162) ParOldGen: 1395092K(1398272K)->1395089K(1398272K)
[229.060s][info][gc,metaspace   ] GC(2162) Metaspace: 126458K(130752K)->126458K(130752K) NonClass: 108358K(109056K)->108358K(109056K) Class: 18100K(21696K)->18100K(21696K)
[229.060s][info][gc             ] GC(2162) Pause Full (Ergonomics) 1589M->1369M(1820M) 109.918ms
[229.060s][info][gc,cpu         ] GC(2162) User=1.94s Sys=0.11s Real=0.11s
[229.076s][info][gc,start       ] GC(2163) Pause Full (Ergonomics)
[229.077s][info][gc,phases,start] GC(2163) Marking Phase
[229.127s][info][gc,phases      ] GC(2163) Marking Phase 50.466ms
[229.127s][info][gc,phases,start] GC(2163) Summary Phase
[229.127s][info][gc,phases      ] GC(2163) Summary Phase 0.044ms
[229.127s][info][gc,phases,start] GC(2163) Adjust Roots
[229.148s][info][gc,phases      ] GC(2163) Adjust Roots 21.265ms
[229.168s][info][gc,phases,start] GC(2163) Compaction Phase
[229.191s][info][gc,phases      ] GC(2163) Compaction Phase 22.870ms
[229.191s][info][gc,phases,start] GC(2163) Post Compact
[229.202s][info][gc,phases      ] GC(2163) Post Compact 10.931ms
[229.202s][info][gc,heap        ] GC(2163) PSYoungGen: 232960K(465920K)->7697K(465920K) Eden: 232960K(232960K)->7697K(232960K) From: 0K(232960K)->0K(232960K)
[229.202s][info][gc,heap        ] GC(2163) ParOldGen: 1395089K(1398272K)->1395088K(1398272K)
[229.202s][info][gc,metaspace   ] GC(2163) Metaspace: 126458K(130752K)->126458K(130752K) NonClass: 108358K(109056K)->108358K(109056K) Class: 18100K(21696K)->18100K(21696K)
[229.202s][info][gc             ] GC(2163) Pause Full (Ergonomics) 1589M->1369M(1820M) 125.800ms
[229.202s][info][gc,cpu         ] GC(2163) User=1.59s Sys=0.00s Real=0.13s
[229.229s][info][gc,start       ] GC(2164) Pause Full (Ergonomics)
[229.229s][info][gc,phases,start] GC(2164) Marking Phase
[229.279s][info][gc,phases      ] GC(2164) Marking Phase 49.796ms
[229.279s][info][gc,phases,start] GC(2164) Summary Phase
[229.279s][info][gc,phases      ] GC(2164) Summary Phase 0.042ms
[229.279s][info][gc,phases,start] GC(2164) Adjust Roots
[229.295s][info][gc,phases      ] GC(2164) Adjust Roots 16.679ms
[229.295s][info][gc,phases,start] GC(2164) Compaction Phase
[229.314s][info][gc,phases      ] GC(2164) Compaction Phase 18.370ms
[229.314s][info][gc,phases,start] GC(2164) Post Compact
[229.324s][info][gc,phases      ] GC(2164) Post Compact 10.621ms
[229.325s][info][gc,heap        ] GC(2164) PSYoungGen: 232960K(465920K)->7705K(465920K) Eden: 232960K(232960K)->7705K(232960K) From: 0K(232960K)->0K(232960K)
[229.325s][info][gc,heap        ] GC(2164) ParOldGen: 1395088K(1398272K)->1395088K(1398272K)
[229.325s][info][gc,metaspace   ] GC(2164) Metaspace: 126458K(130752K)->126458K(130752K) NonClass: 108358K(109056K)->108358K(109056K) Class: 18100K(21696K)->18100K(21696K)
[229.325s][info][gc             ] GC(2164) Pause Full (Ergonomics) 1589M->1369M(1820M) 95.983ms
[229.325s][info][gc,cpu         ] GC(2164) User=1.58s Sys=0.02s Real=0.09s
[229.351s][info][gc,start       ] GC(2165) Pause Full (Ergonomics)
[229.351s][info][gc,phases,start] GC(2165) Marking Phase
[229.405s][info][gc,phases      ] GC(2165) Marking Phase 54.520ms
[229.405s][info][gc,phases,start] GC(2165) Summary Phase
[229.405s][info][gc,phases      ] GC(2165) Summary Phase 0.042ms
[229.405s][info][gc,phases,start] GC(2165) Adjust Roots
[229.423s][info][gc,phases      ] GC(2165) Adjust Roots 17.971ms
[229.423s][info][gc,phases,start] GC(2165) Compaction Phase
[229.444s][info][gc,phases      ] GC(2165) Compaction Phase 20.728ms
[229.444s][info][gc,phases,start] GC(2165) Post Compact
[229.455s][info][gc,phases      ] GC(2165) Post Compact 10.796ms
[229.455s][info][gc,heap        ] GC(2165) PSYoungGen: 232960K(465920K)->7694K(465920K) Eden: 232960K(232960K)->7694K(232960K) From: 0K(232960K)->0K(232960K)
[229.455s][info][gc,heap        ] GC(2165) ParOldGen: 1395088K(1398272K)->1395087K(1398272K)
[229.455s][info][gc,metaspace   ] GC(2165) Metaspace: 126458K(130752K)->126458K(130752K) NonClass: 108358K(109056K)->108358K(109056K) Class: 18100K(21696K)->18100K(21696K)
[229.455s][info][gc             ] GC(2165) Pause Full (Ergonomics) 1589M->1369M(1820M) 104.544ms
[229.455s][info][gc,cpu         ] GC(2165) User=1.16s Sys=0.00s Real=0.11s
[229.482s][info][gc,start       ] GC(2166) Pause Full (Ergonomics)
[229.482s][info][gc,phases,start] GC(2166) Marking Phase
[229.534s][info][gc,phases      ] GC(2166) Marking Phase 51.869ms
[229.534s][info][gc,phases,start] GC(2166) Summary Phase
[229.534s][info][gc,phases      ] GC(2166) Summary Phase 0.043ms
[229.534s][info][gc,phases,start] GC(2166) Adjust Roots
[229.551s][info][gc,phases      ] GC(2166) Adjust Roots 17.850ms
[229.552s][info][gc,phases,start] GC(2166) Compaction Phase
[229.573s][info][gc,phases      ] GC(2166) Compaction Phase 21.470ms
[229.573s][info][gc,phases,start] GC(2166) Post Compact
[229.584s][info][gc,phases      ] GC(2166) Post Compact 10.782ms
[229.584s][info][gc,heap        ] GC(2166) PSYoungGen: 232960K(465920K)->7699K(465920K) Eden: 232960K(232960K)->7699K(232960K) From: 0K(232960K)->0K(232960K)
[229.584s][info][gc,heap        ] GC(2166) ParOldGen: 1395087K(1398272K)->1395087K(1398272K)
[229.584s][info][gc,metaspace   ] GC(2166) Metaspace: 126458K(130752K)->126458K(130752K) NonClass: 108358K(109056K)->108358K(109056K) Class: 18100K(21696K)->18100K(21696K)
[229.584s][info][gc             ] GC(2166) Pause Full (Ergonomics) 1589M->1369M(1820M) 102.493ms
[229.584s][info][gc,cpu         ] GC(2166) User=1.00s Sys=0.00s Real=0.09s
[229.609s][info][gc,start       ] GC(2167) Pause Full (Ergonomics)
[229.610s][info][gc,phases,start] GC(2167) Marking Phase
[229.662s][info][gc,phases      ] GC(2167) Marking Phase 52.970ms
[229.663s][info][gc,phases,start] GC(2167) Summary Phase
[229.663s][info][gc,phases      ] GC(2167) Summary Phase 0.046ms
[229.663s][info][gc,phases,start] GC(2167) Adjust Roots
[229.679s][info][gc,phases      ] GC(2167) Adjust Roots 16.581ms
[229.679s][info][gc,phases,start] GC(2167) Compaction Phase
[229.697s][info][gc,phases      ] GC(2167) Compaction Phase 17.913ms
[229.697s][info][gc,phases,start] GC(2167) Post Compact
[229.708s][info][gc,phases      ] GC(2167) Post Compact 10.550ms
[229.708s][info][gc,heap        ] GC(2167) PSYoungGen: 232960K(465920K)->7695K(465920K) Eden: 232960K(232960K)->7695K(232960K) From: 0K(232960K)->0K(232960K)
[229.708s][info][gc,heap        ] GC(2167) ParOldGen: 1395087K(1398272K)->1395087K(1398272K)
[229.708s][info][gc,metaspace   ] GC(2167) Metaspace: 126458K(130752K)->126458K(130752K) NonClass: 108358K(109056K)->108358K(109056K) Class: 18100K(21696K)->18100K(21696K)
[229.708s][info][gc             ] GC(2167) Pause Full (Ergonomics) 1589M->1369M(1820M) 98.572ms
[229.708s][info][gc,cpu         ] GC(2167) User=1.17s Sys=0.00s Real=0.09s
[229.733s][info][gc,start       ] GC(2168) Pause Full (Ergonomics)
[229.733s][info][gc,phases,start] GC(2168) Marking Phase
[229.786s][info][gc,phases      ] GC(2168) Marking Phase 52.880ms
[229.786s][info][gc,phases,start] GC(2168) Summary Phase
[229.786s][info][gc,phases      ] GC(2168) Summary Phase 0.045ms
[229.786s][info][gc,phases,start] GC(2168) Adjust Roots
[229.807s][info][gc,phases      ] GC(2168) Adjust Roots 21.149ms
[229.807s][info][gc,phases,start] GC(2168) Compaction Phase
[229.828s][info][gc,phases      ] GC(2168) Compaction Phase 20.355ms
[229.828s][info][gc,phases,start] GC(2168) Post Compact
[229.837s][info][gc,phases      ] GC(2168) Post Compact 9.549ms
[229.837s][info][gc,heap        ] GC(2168) PSYoungGen: 232960K(465920K)->7697K(465920K) Eden: 232960K(232960K)->7697K(232960K) From: 0K(232960K)->0K(232960K)
[229.837s][info][gc,heap        ] GC(2168) ParOldGen: 1395087K(1398272K)->1395087K(1398272K)
[229.837s][info][gc,metaspace   ] GC(2168) Metaspace: 126458K(130752K)->126458K(130752K) NonClass: 108358K(109056K)->108358K(109056K) Class: 18100K(21696K)->18100K(21696K)
[229.838s][info][gc             ] GC(2168) Pause Full (Ergonomics) 1589M->1369M(1820M) 104.396ms
[229.838s][info][gc,cpu         ] GC(2168) User=1.03s Sys=0.03s Real=0.09s
[229.863s][info][gc,start       ] GC(2169) Pause Full (Ergonomics)
[229.864s][info][gc,phases,start] GC(2169) Marking Phase
[229.916s][info][gc,phases      ] GC(2169) Marking Phase 52.898ms
[229.916s][info][gc,phases,start] GC(2169) Summary Phase
[229.917s][info][gc,phases      ] GC(2169) Summary Phase 0.043ms
[229.917s][info][gc,phases,start] GC(2169) Adjust Roots
[229.931s][info][gc,phases      ] GC(2169) Adjust Roots 14.677ms
[229.931s][info][gc,phases,start] GC(2169) Compaction Phase
[229.951s][info][gc,phases      ] GC(2169) Compaction Phase 19.326ms
[229.951s][info][gc,phases,start] GC(2169) Post Compact
[229.961s][info][gc,phases      ] GC(2169) Post Compact 10.256ms
[229.961s][info][gc,heap        ] GC(2169) PSYoungGen: 232960K(465920K)->7705K(465920K) Eden: 232960K(232960K)->7705K(232960K) From: 0K(232960K)->0K(232960K)
[229.961s][info][gc,heap        ] GC(2169) ParOldGen: 1395087K(1398272K)->1395087K(1398272K)
[229.961s][info][gc,metaspace   ] GC(2169) Metaspace: 126458K(130752K)->126458K(130752K) NonClass: 108358K(109056K)->108358K(109056K) Class: 18100K(21696K)->18100K(21696K)
[229.961s][info][gc             ] GC(2169) Pause Full (Ergonomics) 1589M->1369M(1820M) 97.649ms
[229.961s][info][gc,cpu         ] GC(2169) User=1.03s Sys=0.02s Real=0.09s
[229.986s][info][gc,start       ] GC(2170) Pause Full (Ergonomics)
[229.986s][info][gc,phases,start] GC(2170) Marking Phase
[230.043s][info][gc,phases      ] GC(2170) Marking Phase 57.080ms
[230.043s][info][gc,phases,start] GC(2170) Summary Phase
[230.043s][info][gc,phases      ] GC(2170) Summary Phase 0.041ms
[230.043s][info][gc,phases,start] GC(2170) Adjust Roots
[230.059s][info][gc,phases      ] GC(2170) Adjust Roots 15.932ms
[230.059s][info][gc,phases,start] GC(2170) Compaction Phase
[230.078s][info][gc,phases      ] GC(2170) Compaction Phase 18.839ms
[230.078s][info][gc,phases,start] GC(2170) Post Compact
[230.089s][info][gc,phases      ] GC(2170) Post Compact 10.594ms
[230.089s][info][gc,heap        ] GC(2170) PSYoungGen: 232960K(465920K)->7706K(465920K) Eden: 232960K(232960K)->7706K(232960K) From: 0K(232960K)->0K(232960K)
[230.089s][info][gc,heap        ] GC(2170) ParOldGen: 1395087K(1398272K)->1395087K(1398272K)
[230.089s][info][gc,metaspace   ] GC(2170) Metaspace: 126458K(130752K)->126458K(130752K) NonClass: 108358K(109056K)->108358K(109056K) Class: 18100K(21696K)->18100K(21696K)
[230.089s][info][gc             ] GC(2170) Pause Full (Ergonomics) 1589M->1369M(1820M) 102.974ms
[230.089s][info][gc,cpu         ] GC(2170) User=1.50s Sys=0.00s Real=0.11s
[230.113s][info][gc,start       ] GC(2171) Pause Full (Ergonomics)
[230.114s][info][gc,phases,start] GC(2171) Marking Phase
[230.160s][info][gc,phases      ] GC(2171) Marking Phase 46.749ms
[230.160s][info][gc,phases,start] GC(2171) Summary Phase
[230.160s][info][gc,phases      ] GC(2171) Summary Phase 0.044ms
[230.160s][info][gc,phases,start] GC(2171) Adjust Roots
[230.170s][info][gc,phases      ] GC(2171) Adjust Roots 9.926ms
[230.170s][info][gc,phases,start] GC(2171) Compaction Phase
[230.188s][info][gc,phases      ] GC(2171) Compaction Phase 17.864ms
[230.188s][info][gc,phases,start] GC(2171) Post Compact
[230.199s][info][gc,phases      ] GC(2171) Post Compact 10.422ms
[230.199s][info][gc,heap        ] GC(2171) PSYoungGen: 232960K(465920K)->7693K(465920K) Eden: 232960K(232960K)->7693K(232960K) From: 0K(232960K)->0K(232960K)
[230.199s][info][gc,heap        ] GC(2171) ParOldGen: 1395087K(1398272K)->1395087K(1398272K)
[230.199s][info][gc,metaspace   ] GC(2171) Metaspace: 126458K(130752K)->126458K(130752K) NonClass: 108358K(109056K)->108358K(109056K) Class: 18100K(21696K)->18100K(21696K)
[230.199s][info][gc             ] GC(2171) Pause Full (Ergonomics) 1589M->1369M(1820M) 85.460ms
[230.199s][info][gc,cpu         ] GC(2171) User=1.14s Sys=0.00s Real=0.09s
[230.223s][info][gc,start       ] GC(2172) Pause Full (Ergonomics)
[230.223s][info][gc,phases,start] GC(2172) Marking Phase
[230.270s][info][gc,phases      ] GC(2172) Marking Phase 47.362ms
[230.270s][info][gc,phases,start] GC(2172) Summary Phase
[230.270s][info][gc,phases      ] GC(2172) Summary Phase 0.039ms
[230.270s][info][gc,phases,start] GC(2172) Adjust Roots
[230.291s][info][gc,phases      ] GC(2172) Adjust Roots 20.617ms
[230.291s][info][gc,phases,start] GC(2172) Compaction Phase
[230.311s][info][gc,phases      ] GC(2172) Compaction Phase 20.423ms
[230.312s][info][gc,phases,start] GC(2172) Post Compact
[230.322s][info][gc,phases      ] GC(2172) Post Compact 10.611ms
[230.322s][info][gc,heap        ] GC(2172) PSYoungGen: 232960K(465920K)->7693K(465920K) Eden: 232960K(232960K)->7693K(232960K) From: 0K(232960K)->0K(232960K)
[230.322s][info][gc,heap        ] GC(2172) ParOldGen: 1395087K(1398272K)->1395087K(1398272K)
[230.322s][info][gc,metaspace   ] GC(2172) Metaspace: 126458K(130752K)->126458K(130752K) NonClass: 108358K(109056K)->108358K(109056K) Class: 18100K(21696K)->18100K(21696K)
[230.322s][info][gc             ] GC(2172) Pause Full (Ergonomics) 1589M->1369M(1820M) 99.449ms
[230.322s][info][gc,cpu         ] GC(2172) User=1.22s Sys=0.00s Real=0.09s
[230.347s][info][gc,start       ] GC(2173) Pause Full (Ergonomics)
[230.347s][info][gc,phases,start] GC(2173) Marking Phase
[230.402s][info][gc,phases      ] GC(2173) Marking Phase 55.609ms
[230.402s][info][gc,phases,start] GC(2173) Summary Phase
[230.402s][info][gc,phases      ] GC(2173) Summary Phase 0.043ms
[230.402s][info][gc,phases,start] GC(2173) Adjust Roots
[230.421s][info][gc,phases      ] GC(2173) Adjust Roots 18.790ms
[230.421s][info][gc,phases,start] GC(2173) Compaction Phase
[230.443s][info][gc,phases      ] GC(2173) Compaction Phase 21.500ms
[230.443s][info][gc,phases,start] GC(2173) Post Compact
[230.453s][info][gc,phases      ] GC(2173) Post Compact 10.694ms
[230.454s][info][gc,heap        ] GC(2173) PSYoungGen: 232960K(465920K)->7692K(465920K) Eden: 232960K(232960K)->7692K(232960K) From: 0K(232960K)->0K(232960K)
[230.454s][info][gc,heap        ] GC(2173) ParOldGen: 1395087K(1398272K)->1395087K(1398272K)
[230.454s][info][gc,metaspace   ] GC(2173) Metaspace: 126458K(130752K)->126458K(130752K) NonClass: 108358K(109056K)->108358K(109056K) Class: 18100K(21696K)->18100K(21696K)
[230.454s][info][gc             ] GC(2173) Pause Full (Ergonomics) 1589M->1369M(1820M) 107.059ms
[230.454s][info][gc,cpu         ] GC(2173) User=1.47s Sys=0.02s Real=0.11s
[230.478s][info][gc,start       ] GC(2174) Pause Full (Ergonomics)
[230.478s][info][gc,phases,start] GC(2174) Marking Phase
[230.525s][info][gc,phases      ] GC(2174) Marking Phase 47.160ms
[230.525s][info][gc,phases,start] GC(2174) Summary Phase
[230.526s][info][gc,phases      ] GC(2174) Summary Phase 0.041ms
[230.526s][info][gc,phases,start] GC(2174) Adjust Roots
[230.542s][info][gc,phases      ] GC(2174) Adjust Roots 16.489ms
[230.542s][info][gc,phases,start] GC(2174) Compaction Phase
[230.561s][info][gc,phases      ] GC(2174) Compaction Phase 19.038ms
[230.561s][info][gc,phases,start] GC(2174) Post Compact
[230.572s][info][gc,phases      ] GC(2174) Post Compact 10.646ms
[230.572s][info][gc,heap        ] GC(2174) PSYoungGen: 232960K(465920K)->7705K(465920K) Eden: 232960K(232960K)->7705K(232960K) From: 0K(232960K)->0K(232960K)
[230.572s][info][gc,heap        ] GC(2174) ParOldGen: 1395087K(1398272K)->1395087K(1398272K)
[230.572s][info][gc,metaspace   ] GC(2174) Metaspace: 126458K(130752K)->126458K(130752K) NonClass: 108358K(109056K)->108358K(109056K) Class: 18100K(21696K)->18100K(21696K)
[230.572s][info][gc             ] GC(2174) Pause Full (Ergonomics) 1589M->1369M(1820M) 93.843ms
[230.572s][info][gc,cpu         ] GC(2174) User=0.94s Sys=0.02s Real=0.09s
[230.596s][info][gc,start       ] GC(2175) Pause Full (Ergonomics)
[230.596s][info][gc,phases,start] GC(2175) Marking Phase
[230.649s][info][gc,phases      ] GC(2175) Marking Phase 52.908ms
[230.649s][info][gc,phases,start] GC(2175) Summary Phase
[230.649s][info][gc,phases      ] GC(2175) Summary Phase 0.041ms
[230.649s][info][gc,phases,start] GC(2175) Adjust Roots
[230.664s][info][gc,phases      ] GC(2175) Adjust Roots 14.572ms
[230.664s][info][gc,phases,start] GC(2175) Compaction Phase
[230.684s][info][gc,phases      ] GC(2175) Compaction Phase 20.130ms
[230.684s][info][gc,phases,start] GC(2175) Post Compact
[230.694s][info][gc,phases      ] GC(2175) Post Compact 10.360ms
[230.695s][info][gc,heap        ] GC(2175) PSYoungGen: 232960K(465920K)->7700K(465920K) Eden: 232960K(232960K)->7700K(232960K) From: 0K(232960K)->0K(232960K)
[230.695s][info][gc,heap        ] GC(2175) ParOldGen: 1395087K(1398272K)->1395087K(1398272K)
[230.695s][info][gc,metaspace   ] GC(2175) Metaspace: 126458K(130752K)->126458K(130752K) NonClass: 108358K(109056K)->108358K(109056K) Class: 18100K(21696K)->18100K(21696K)
[230.695s][info][gc             ] GC(2175) Pause Full (Ergonomics) 1589M->1369M(1820M) 98.430ms
[230.695s][info][gc,cpu         ] GC(2175) User=1.22s Sys=0.00s Real=0.09s
[230.719s][info][gc,start       ] GC(2176) Pause Full (Ergonomics)
[230.719s][info][gc,phases,start] GC(2176) Marking Phase
[230.775s][info][gc,phases      ] GC(2176) Marking Phase 55.672ms
[230.775s][info][gc,phases,start] GC(2176) Summary Phase
[230.775s][info][gc,phases      ] GC(2176) Summary Phase 0.040ms
[230.775s][info][gc,phases,start] GC(2176) Adjust Roots
[230.791s][info][gc,phases      ] GC(2176) Adjust Roots 16.204ms
[230.791s][info][gc,phases,start] GC(2176) Compaction Phase
[230.812s][info][gc,phases      ] GC(2176) Compaction Phase 20.552ms
[230.812s][info][gc,phases,start] GC(2176) Post Compact
[230.822s][info][gc,phases      ] GC(2176) Post Compact 10.533ms
[230.822s][info][gc,heap        ] GC(2176) PSYoungGen: 232960K(465920K)->7692K(465920K) Eden: 232960K(232960K)->7692K(232960K) From: 0K(232960K)->0K(232960K)
[230.822s][info][gc,heap        ] GC(2176) ParOldGen: 1395087K(1398272K)->1395087K(1398272K)
[230.822s][info][gc,metaspace   ] GC(2176) Metaspace: 126458K(130752K)->126458K(130752K) NonClass: 108358K(109056K)->108358K(109056K) Class: 18100K(21696K)->18100K(21696K)
[230.822s][info][gc             ] GC(2176) Pause Full (Ergonomics) 1589M->1369M(1820M) 103.434ms
[230.823s][info][gc,cpu         ] GC(2176) User=1.47s Sys=0.02s Real=0.11s
[230.847s][info][gc,start       ] GC(2177) Pause Full (Ergonomics)
[230.847s][info][gc,phases,start] GC(2177) Marking Phase
[230.894s][info][gc,phases      ] GC(2177) Marking Phase 47.446ms
[230.894s][info][gc,phases,start] GC(2177) Summary Phase
[230.894s][info][gc,phases      ] GC(2177) Summary Phase 0.043ms
[230.894s][info][gc,phases,start] GC(2177) Adjust Roots
[230.916s][info][gc,phases      ] GC(2177) Adjust Roots 21.318ms
[230.916s][info][gc,phases,start] GC(2177) Compaction Phase
[230.937s][info][gc,phases      ] GC(2177) Compaction Phase 21.379ms
[230.937s][info][gc,phases,start] GC(2177) Post Compact
[230.948s][info][gc,phases      ] GC(2177) Post Compact 10.441ms
[230.948s][info][gc,heap        ] GC(2177) PSYoungGen: 232960K(465920K)->7693K(465920K) Eden: 232960K(232960K)->7693K(232960K) From: 0K(232960K)->0K(232960K)
[230.948s][info][gc,heap        ] GC(2177) ParOldGen: 1395087K(1398272K)->1395087K(1398272K)
[230.948s][info][gc,metaspace   ] GC(2177) Metaspace: 126458K(130752K)->126458K(130752K) NonClass: 108358K(109056K)->108358K(109056K) Class: 18100K(21696K)->18100K(21696K)
[230.948s][info][gc             ] GC(2177) Pause Full (Ergonomics) 1589M->1369M(1820M) 101.039ms
[230.948s][info][gc,cpu         ] GC(2177) User=1.11s Sys=0.00s Real=0.11s
[230.979s][info][gc,start       ] GC(2178) Pause Full (Ergonomics)
[230.979s][info][gc,phases,start] GC(2178) Marking Phase
[231.031s][info][gc,phases      ] GC(2178) Marking Phase 52.741ms
[231.031s][info][gc,phases,start] GC(2178) Summary Phase
[231.031s][info][gc,phases      ] GC(2178) Summary Phase 0.054ms
[231.031s][info][gc,phases,start] GC(2178) Adjust Roots
[231.050s][info][gc,phases      ] GC(2178) Adjust Roots 18.641ms
[231.050s][info][gc,phases,start] GC(2178) Compaction Phase
[231.080s][info][gc,phases      ] GC(2178) Compaction Phase 30.210ms
[231.080s][info][gc,phases,start] GC(2178) Post Compact
[231.088s][info][gc,phases      ] GC(2178) Post Compact 7.964ms
[231.088s][info][gc,heap        ] GC(2178) PSYoungGen: 232960K(465920K)->0K(465920K) Eden: 232960K(232960K)->0K(232960K) From: 0K(232960K)->0K(232960K)
[231.088s][info][gc,heap        ] GC(2178) ParOldGen: 1395087K(1398272K)->1325336K(1398272K)
[231.088s][info][gc,metaspace   ] GC(2178) Metaspace: 126458K(130752K)->126458K(130752K) NonClass: 108358K(109056K)->108358K(109056K) Class: 18100K(21696K)->18100K(21696K)
[231.088s][info][gc             ] GC(2178) Pause Full (Ergonomics) 1589M->1294M(1820M) 109.902ms
[231.089s][info][gc,cpu         ] GC(2178) User=2.08s Sys=0.00s Real=0.13s
[231.113s][info][gc,start       ] GC(2179) Pause Young (Allocation Failure)
[231.115s][info][gc,heap        ] GC(2179) PSYoungGen: 232960K(465920K)->911K(465920K) Eden: 232960K(232960K)->0K(232960K) From: 0K(232960K)->911K(232960K)
[231.115s][info][gc,heap        ] GC(2179) ParOldGen: 1325336K(1398272K)->1325336K(1398272K)
[231.115s][info][gc,metaspace   ] GC(2179) Metaspace: 126458K(130752K)->126458K(130752K) NonClass: 108358K(109056K)->108358K(109056K) Class: 18100K(21696K)->18100K(21696K)
[231.115s][info][gc             ] GC(2179) Pause Young (Allocation Failure) 1521M->1295M(1820M) 1.791ms
[231.115s][info][gc,cpu         ] GC(2179) User=0.00s Sys=0.00s Real=0.00s
[231.140s][info][gc,start       ] GC(2180) Pause Young (Allocation Failure)
[231.141s][info][gc,heap        ] GC(2180) PSYoungGen: 233871K(465920K)->1212K(465920K) Eden: 232960K(232960K)->0K(232960K) From: 911K(232960K)->1212K(232960K)
[231.141s][info][gc,heap        ] GC(2180) ParOldGen: 1325336K(1398272K)->1325336K(1398272K)
[231.141s][info][gc,metaspace   ] GC(2180) Metaspace: 126458K(130752K)->126458K(130752K) NonClass: 108358K(109056K)->108358K(109056K) Class: 18100K(21696K)->18100K(21696K)
[231.141s][info][gc             ] GC(2180) Pause Young (Allocation Failure) 1522M->1295M(1820M) 1.652ms
[231.141s][info][gc,cpu         ] GC(2180) User=0.00s Sys=0.00s Real=0.00s
[231.183s][info][gc,start       ] GC(2181) Pause Young (Allocation Failure)
[231.185s][info][gc,heap        ] GC(2181) PSYoungGen: 234172K(465920K)->1748K(465920K) Eden: 232960K(232960K)->0K(232960K) From: 1212K(232960K)->1748K(232960K)
[231.185s][info][gc,heap        ] GC(2181) ParOldGen: 1325336K(1398272K)->1325336K(1398272K)
[231.185s][info][gc,metaspace   ] GC(2181) Metaspace: 126458K(130752K)->126458K(130752K) NonClass: 108358K(109056K)->108358K(109056K) Class: 18100K(21696K)->18100K(21696K)
[231.185s][info][gc             ] GC(2181) Pause Young (Allocation Failure) 1522M->1295M(1820M) 1.995ms
[231.185s][info][gc,cpu         ] GC(2181) User=0.00s Sys=0.00s Real=0.00s
[231.590s][info][gc,start       ] GC(2182) Pause Young (System.gc())
[231.593s][info][gc,heap        ] GC(2182) PSYoungGen: 44780K(465920K)->2222K(465920K) Eden: 43031K(232960K)->0K(232960K) From: 1748K(232960K)->2222K(232960K)
[231.593s][info][gc,heap        ] GC(2182) ParOldGen: 1325336K(1398272K)->1325336K(1398272K)
[231.593s][info][gc,metaspace   ] GC(2182) Metaspace: 126473K(130752K)->126473K(130752K) NonClass: 108373K(109056K)->108373K(109056K) Class: 18100K(21696K)->18100K(21696K)
[231.593s][info][gc             ] GC(2182) Pause Young (System.gc()) 1338M->1296M(1820M) 2.900ms
[231.593s][info][gc,cpu         ] GC(2182) User=0.16s Sys=0.00s Real=0.02s
[231.593s][info][gc,start       ] GC(2183) Pause Full (System.gc())
[231.593s][info][gc,phases,start] GC(2183) Marking Phase
[231.642s][info][gc,phases      ] GC(2183) Marking Phase 48.730ms
[231.642s][info][gc,phases,start] GC(2183) Summary Phase
[231.642s][info][gc,phases      ] GC(2183) Summary Phase 0.035ms
[231.642s][info][gc,phases,start] GC(2183) Adjust Roots
[231.661s][info][gc,phases      ] GC(2183) Adjust Roots 18.484ms
[231.661s][info][gc,phases,start] GC(2183) Compaction Phase
[231.739s][info][gc,phases      ] GC(2183) Compaction Phase 78.160ms
[231.739s][info][gc,phases,start] GC(2183) Post Compact
[231.745s][info][gc,phases      ] GC(2183) Post Compact 6.595ms
[231.745s][info][gc,heap        ] GC(2183) PSYoungGen: 2222K(465920K)->0K(465920K) Eden: 0K(232960K)->0K(232960K) From: 2222K(232960K)->0K(232960K)
[231.746s][info][gc,heap        ] GC(2183) ParOldGen: 1325336K(1398272K)->974958K(1398272K)
[231.746s][info][gc,metaspace   ] GC(2183) Metaspace: 126473K(130752K)->126473K(130752K) NonClass: 108373K(109056K)->108373K(109056K) Class: 18100K(21696K)->18100K(21696K)
[231.746s][info][gc             ] GC(2183) Pause Full (System.gc()) 1296M->952M(1820M) 152.326ms
[231.746s][info][gc,cpu         ] GC(2183) User=3.52s Sys=0.00s Real=0.14s
[231.830s][info][gc,start       ] GC(2184) Pause Young (Allocation Failure)
[231.832s][info][gc,heap        ] GC(2184) PSYoungGen: 232960K(465920K)->10261K(465920K) Eden: 232960K(232960K)->0K(232960K) From: 0K(232960K)->10261K(232960K)
[231.832s][info][gc,heap        ] GC(2184) ParOldGen: 974958K(1398272K)->974966K(1398272K)
[231.832s][info][gc,metaspace   ] GC(2184) Metaspace: 126528K(130752K)->126528K(130752K) NonClass: 108428K(109056K)->108428K(109056K) Class: 18100K(21696K)->18100K(21696K)
[231.833s][info][gc             ] GC(2184) Pause Young (Allocation Failure) 1179M->962M(1820M) 2.508ms
[231.833s][info][gc,cpu         ] GC(2184) User=0.05s Sys=0.02s Real=0.02s
[231.849s][info][gc,start       ] GC(2185) Pause Young (Allocation Failure)
[231.851s][info][gc,heap        ] GC(2185) PSYoungGen: 243221K(465920K)->12542K(465920K) Eden: 232960K(232960K)->0K(232960K) From: 10261K(232960K)->12542K(232960K)
[231.851s][info][gc,heap        ] GC(2185) ParOldGen: 974966K(1398272K)->974974K(1398272K)
[231.851s][info][gc,metaspace   ] GC(2185) Metaspace: 126530K(130752K)->126530K(130752K) NonClass: 108430K(109056K)->108430K(109056K) Class: 18100K(21696K)->18100K(21696K)
[231.851s][info][gc             ] GC(2185) Pause Young (Allocation Failure) 1189M->964M(1820M) 2.069ms
[231.851s][info][gc,cpu         ] GC(2185) User=0.00s Sys=0.00s Real=0.00s
[231.867s][info][gc,start       ] GC(2186) Pause Young (Allocation Failure)
[231.869s][info][gc,heap        ] GC(2186) PSYoungGen: 245502K(465920K)->15070K(465920K) Eden: 232960K(232960K)->0K(232960K) From: 12542K(232960K)->15070K(232960K)
[231.869s][info][gc,heap        ] GC(2186) ParOldGen: 974974K(1398272K)->974974K(1398272K)
[231.869s][info][gc,metaspace   ] GC(2186) Metaspace: 126530K(130752K)->126530K(130752K) NonClass: 108430K(109056K)->108430K(109056K) Class: 18100K(21696K)->18100K(21696K)
[231.869s][info][gc             ] GC(2186) Pause Young (Allocation Failure) 1191M->966M(1820M) 2.268ms
[231.869s][info][gc,cpu         ] GC(2186) User=0.00s Sys=0.00s Real=0.00s
[231.884s][info][gc,start       ] GC(2187) Pause Young (Allocation Failure)
[231.887s][info][gc,heap        ] GC(2187) PSYoungGen: 248030K(465920K)->8233K(465920K) Eden: 232960K(232960K)->0K(232960K) From: 15070K(232960K)->8233K(232960K)
[231.887s][info][gc,heap        ] GC(2187) ParOldGen: 974974K(1398272K)->984462K(1398272K)
[231.887s][info][gc,metaspace   ] GC(2187) Metaspace: 126530K(130752K)->126530K(130752K) NonClass: 108430K(109056K)->108430K(109056K) Class: 18100K(21696K)->18100K(21696K)
[231.887s][info][gc             ] GC(2187) Pause Young (Allocation Failure) 1194M->969M(1820M) 2.580ms
[231.887s][info][gc,cpu         ] GC(2187) User=0.52s Sys=0.00s Real=0.02s
[231.902s][info][gc,start       ] GC(2188) Pause Young (Allocation Failure)
[231.904s][info][gc,heap        ] GC(2188) PSYoungGen: 241193K(465920K)->6134K(465920K) Eden: 232960K(232960K)->0K(232960K) From: 8233K(232960K)->6134K(232960K)
[231.904s][info][gc,heap        ] GC(2188) ParOldGen: 984462K(1398272K)->988738K(1398272K)
[231.904s][info][gc,metaspace   ] GC(2188) Metaspace: 126530K(130752K)->126530K(130752K) NonClass: 108430K(109056K)->108430K(109056K) Class: 18100K(21696K)->18100K(21696K)
[231.904s][info][gc             ] GC(2188) Pause Young (Allocation Failure) 1196M->971M(1820M) 1.696ms
[231.904s][info][gc,cpu         ] GC(2188) User=0.00s Sys=0.00s Real=0.00s
[231.919s][info][gc,start       ] GC(2189) Pause Young (Allocation Failure)
[231.921s][info][gc,heap        ] GC(2189) PSYoungGen: 239094K(465920K)->4930K(238080K) Eden: 232960K(232960K)->0K(232960K) From: 6134K(232960K)->4930K(5120K)
[231.921s][info][gc,heap        ] GC(2189) ParOldGen: 988738K(1398272K)->993506K(1398272K)
[231.921s][info][gc,metaspace   ] GC(2189) Metaspace: 126530K(130752K)->126530K(130752K) NonClass: 108430K(109056K)->108430K(109056K) Class: 18100K(21696K)->18100K(21696K)
[231.921s][info][gc             ] GC(2189) Pause Young (Allocation Failure) 1199M->975M(1598M) 1.823ms
[231.921s][info][gc,cpu         ] GC(2189) User=0.00s Sys=0.00s Real=0.00s
[231.936s][info][gc,start       ] GC(2190) Pause Young (Allocation Failure)
[231.940s][info][gc,heap        ] GC(2190) PSYoungGen: 237890K(238080K)->11993K(456192K) Eden: 232960K(232960K)->0K(239104K) From: 4930K(5120K)->11993K(217088K)
[231.940s][info][gc,heap        ] GC(2190) ParOldGen: 993506K(1398272K)->993506K(1398272K)
[231.940s][info][gc,metaspace   ] GC(2190) Metaspace: 126530K(130752K)->126530K(130752K) NonClass: 108430K(109056K)->108430K(109056K) Class: 18100K(21696K)->18100K(21696K)
[231.940s][info][gc             ] GC(2190) Pause Young (Allocation Failure) 1202M->981M(1811M) 3.441ms
[231.940s][info][gc,cpu         ] GC(2190) User=0.00s Sys=0.00s Real=0.00s
[231.956s][info][gc,start       ] GC(2191) Pause Young (Allocation Failure)
[231.961s][info][gc,heap        ] GC(2191) PSYoungGen: 251097K(456192K)->21304K(260608K) Eden: 239104K(239104K)->0K(239104K) From: 11993K(217088K)->21304K(21504K)
[231.961s][info][gc,heap        ] GC(2191) ParOldGen: 993506K(1398272K)->993506K(1398272K)
[231.961s][info][gc,metaspace   ] GC(2191) Metaspace: 126530K(130752K)->126530K(130752K) NonClass: 108430K(109056K)->108430K(109056K) Class: 18100K(21696K)->18100K(21696K)
[231.961s][info][gc             ] GC(2191) Pause Young (Allocation Failure) 1215M->991M(1620M) 4.915ms
[231.961s][info][gc,cpu         ] GC(2191) User=0.00s Sys=0.00s Real=0.00s
[231.977s][info][gc,start       ] GC(2192) Pause Young (Allocation Failure)
[231.983s][info][gc,heap        ] GC(2192) PSYoungGen: 260408K(260608K)->22931K(430592K) Eden: 239104K(239104K)->0K(245760K) From: 21304K(21504K)->22931K(184832K)
[231.983s][info][gc,heap        ] GC(2192) ParOldGen: 993506K(1398272K)->993506K(1398272K)
[231.983s][info][gc,metaspace   ] GC(2192) Metaspace: 126530K(130752K)->126530K(130752K) NonClass: 108430K(109056K)->108430K(109056K) Class: 18100K(21696K)->18100K(21696K)
[231.983s][info][gc             ] GC(2192) Pause Young (Allocation Failure) 1224M->992M(1786M) 5.638ms
[231.983s][info][gc,cpu         ] GC(2192) User=0.23s Sys=0.02s Real=0.01s
[231.999s][info][gc,start       ] GC(2193) Pause Young (Allocation Failure)
[232.004s][info][gc,heap        ] GC(2193) PSYoungGen: 268691K(430592K)->23680K(269824K) Eden: 245760K(245760K)->0K(245760K) From: 22931K(184832K)->23680K(24064K)
[232.004s][info][gc,heap        ] GC(2193) ParOldGen: 993506K(1398272K)->993506K(1398272K)
[232.004s][info][gc,metaspace   ] GC(2193) Metaspace: 126530K(130752K)->126530K(130752K) NonClass: 108430K(109056K)->108430K(109056K) Class: 18100K(21696K)->18100K(21696K)
[232.004s][info][gc             ] GC(2193) Pause Young (Allocation Failure) 1232M->993M(1629M) 4.760ms
[232.004s][info][gc,cpu         ] GC(2193) User=0.00s Sys=0.00s Real=0.00s
[232.020s][info][gc,start       ] GC(2194) Pause Young (Allocation Failure)
[232.026s][info][gc,heap        ] GC(2194) PSYoungGen: 269440K(269824K)->24461K(417280K) Eden: 245760K(245760K)->0K(253440K) From: 23680K(24064K)->24461K(163840K)
[232.026s][info][gc,heap        ] GC(2194) ParOldGen: 993506K(1398272K)->993506K(1398272K)
[232.026s][info][gc,metaspace   ] GC(2194) Metaspace: 126530K(130752K)->126530K(130752K) NonClass: 108430K(109056K)->108430K(109056K) Class: 18100K(21696K)->18100K(21696K)
[232.026s][info][gc             ] GC(2194) Pause Young (Allocation Failure) 1233M->994M(1773M) 5.801ms
[232.026s][info][gc,cpu         ] GC(2194) User=0.00s Sys=0.02s Real=0.01s
[232.044s][info][gc,start       ] GC(2195) Pause Young (Allocation Failure)
[232.048s][info][gc,heap        ] GC(2195) PSYoungGen: 277901K(417280K)->27554K(281088K) Eden: 253440K(253440K)->0K(253440K) From: 24461K(163840K)->27554K(27648K)
[232.048s][info][gc,heap        ] GC(2195) ParOldGen: 993506K(1398272K)->993506K(1398272K)
[232.048s][info][gc,metaspace   ] GC(2195) Metaspace: 126530K(130752K)->126530K(130752K) NonClass: 108430K(109056K)->108430K(109056K) Class: 18100K(21696K)->18100K(21696K)
[232.048s][info][gc             ] GC(2195) Pause Young (Allocation Failure) 1241M->997M(1640M) 4.748ms
[232.048s][info][gc,cpu         ] GC(2195) User=0.00s Sys=0.00s Real=0.00s
[232.065s][info][gc,start       ] GC(2196) Pause Young (Allocation Failure)
[232.072s][info][gc,heap        ] GC(2196) PSYoungGen: 280994K(281088K)->33836K(402944K) Eden: 253440K(253440K)->0K(261632K) From: 27554K(27648K)->33836K(141312K)
[232.072s][info][gc,heap        ] GC(2196) ParOldGen: 993506K(1398272K)->993506K(1398272K)
[232.072s][info][gc,metaspace   ] GC(2196) Metaspace: 126530K(130752K)->126530K(130752K) NonClass: 108430K(109056K)->108430K(109056K) Class: 18100K(21696K)->18100K(21696K)
[232.072s][info][gc             ] GC(2196) Pause Young (Allocation Failure) 1244M->1003M(1759M) 6.616ms
[232.072s][info][gc,cpu         ] GC(2196) User=0.00s Sys=0.00s Real=0.00s
[232.090s][info][gc,start       ] GC(2197) Pause Young (Allocation Failure)
[232.096s][info][gc,heap        ] GC(2197) PSYoungGen: 295468K(402944K)->49493K(413696K) Eden: 261632K(261632K)->0K(261632K) From: 33836K(141312K)->49493K(152064K)
[232.096s][info][gc,heap        ] GC(2197) ParOldGen: 993506K(1398272K)->993506K(1398272K)
[232.096s][info][gc,metaspace   ] GC(2197) Metaspace: 126530K(130752K)->126530K(130752K) NonClass: 108430K(109056K)->108430K(109056K) Class: 18100K(21696K)->18100K(21696K)
[232.096s][info][gc             ] GC(2197) Pause Young (Allocation Failure) 1258M->1018M(1769M) 6.570ms
[232.097s][info][gc,cpu         ] GC(2197) User=0.00s Sys=0.00s Real=0.01s
[232.114s][info][gc,start       ] GC(2198) Pause Young (Allocation Failure)
[232.121s][info][gc,heap        ] GC(2198) PSYoungGen: 311125K(413696K)->44774K(400896K) Eden: 261632K(261632K)->0K(271872K) From: 49493K(152064K)->44774K(129024K)
[232.121s][info][gc,heap        ] GC(2198) ParOldGen: 993506K(1398272K)->993506K(1398272K)
[232.121s][info][gc,metaspace   ] GC(2198) Metaspace: 126530K(130752K)->126530K(130752K) NonClass: 108430K(109056K)->108430K(109056K) Class: 18100K(21696K)->18100K(21696K)
[232.121s][info][gc             ] GC(2198) Pause Young (Allocation Failure) 1274M->1013M(1757M) 7.263ms
[232.121s][info][gc,cpu         ] GC(2198) User=0.00s Sys=0.00s Real=0.00s
[232.139s][info][gc,start       ] GC(2199) Pause Young (Allocation Failure)
[232.145s][info][gc,heap        ] GC(2199) PSYoungGen: 316646K(400896K)->49461K(408064K) Eden: 271872K(271872K)->0K(271872K) From: 44774K(129024K)->49461K(136192K)
[232.145s][info][gc,heap        ] GC(2199) ParOldGen: 993506K(1398272K)->993506K(1398272K)
[232.145s][info][gc,metaspace   ] GC(2199) Metaspace: 126530K(130752K)->126530K(130752K) NonClass: 108430K(109056K)->108430K(109056K) Class: 18100K(21696K)->18100K(21696K)
[232.145s][info][gc             ] GC(2199) Pause Young (Allocation Failure) 1279M->1018M(1764M) 5.583ms
[232.145s][info][gc,cpu         ] GC(2199) User=0.00s Sys=0.00s Real=0.00s
[232.163s][info][gc,start       ] GC(2200) Pause Young (Allocation Failure)
[232.170s][info][gc,heap        ] GC(2200) PSYoungGen: 321333K(408064K)->47899K(399872K) Eden: 271872K(271872K)->0K(282624K) From: 49461K(136192K)->47899K(117248K)
[232.170s][info][gc,heap        ] GC(2200) ParOldGen: 993506K(1398272K)->993506K(1398272K)
[232.170s][info][gc,metaspace   ] GC(2200) Metaspace: 126530K(130752K)->126530K(130752K) NonClass: 108430K(109056K)->108430K(109056K) Class: 18100K(21696K)->18100K(21696K)
[232.170s][info][gc             ] GC(2200) Pause Young (Allocation Failure) 1284M->1016M(1756M) 6.581ms
[232.170s][info][gc,cpu         ] GC(2200) User=0.00s Sys=0.00s Real=0.00s
[232.188s][info][gc,start       ] GC(2201) Pause Young (Allocation Failure)
[232.194s][info][gc,heap        ] GC(2201) PSYoungGen: 330523K(399872K)->47867K(406016K) Eden: 282624K(282624K)->0K(282624K) From: 47899K(117248K)->47867K(123392K)
[232.194s][info][gc,heap        ] GC(2201) ParOldGen: 993506K(1398272K)->993506K(1398272K)
[232.194s][info][gc,metaspace   ] GC(2201) Metaspace: 126530K(130752K)->126530K(130752K) NonClass: 108430K(109056K)->108430K(109056K) Class: 18100K(21696K)->18100K(21696K)
[232.194s][info][gc             ] GC(2201) Pause Young (Allocation Failure) 1292M->1016M(1762M) 5.700ms
[232.194s][info][gc,cpu         ] GC(2201) User=0.25s Sys=0.00s Real=0.02s
[232.212s][info][gc,start       ] GC(2202) Pause Young (Allocation Failure)
[232.218s][info][gc,heap        ] GC(2202) PSYoungGen: 330491K(406016K)->47899K(401408K) Eden: 282624K(282624K)->0K(294400K) From: 47867K(123392K)->47899K(107008K)
[232.218s][info][gc,heap        ] GC(2202) ParOldGen: 993506K(1398272K)->993506K(1398272K)
[232.218s][info][gc,metaspace   ] GC(2202) Metaspace: 126530K(130752K)->126530K(130752K) NonClass: 108430K(109056K)->108430K(109056K) Class: 18100K(21696K)->18100K(21696K)
[232.218s][info][gc             ] GC(2202) Pause Young (Allocation Failure) 1292M->1016M(1757M) 6.317ms
[232.219s][info][gc,cpu         ] GC(2202) User=0.00s Sys=0.00s Real=0.00s
[232.238s][info][gc,start       ] GC(2203) Pause Young (Allocation Failure)
[232.244s][info][gc,heap        ] GC(2203) PSYoungGen: 342299K(401408K)->47899K(406528K) Eden: 294400K(294400K)->0K(294400K) From: 47899K(107008K)->47899K(112128K)
[232.244s][info][gc,heap        ] GC(2203) ParOldGen: 993506K(1398272K)->993506K(1398272K)
[232.244s][info][gc,metaspace   ] GC(2203) Metaspace: 126530K(130752K)->126530K(130752K) NonClass: 108430K(109056K)->108430K(109056K) Class: 18100K(21696K)->18100K(21696K)
[232.244s][info][gc             ] GC(2203) Pause Young (Allocation Failure) 1304M->1016M(1762M) 5.602ms
[232.244s][info][gc,cpu         ] GC(2203) User=0.36s Sys=0.02s Real=0.02s
[232.263s][info][gc,start       ] GC(2204) Pause Young (Allocation Failure)
[232.269s][info][gc,heap        ] GC(2204) PSYoungGen: 342299K(406528K)->47899K(403456K) Eden: 294400K(294400K)->0K(306688K) From: 47899K(112128K)->47899K(96768K)
[232.269s][info][gc,heap        ] GC(2204) ParOldGen: 993506K(1398272K)->993506K(1398272K)
[232.269s][info][gc,metaspace   ] GC(2204) Metaspace: 126530K(130752K)->126530K(130752K) NonClass: 108430K(109056K)->108430K(109056K) Class: 18100K(21696K)->18100K(21696K)
[232.269s][info][gc             ] GC(2204) Pause Young (Allocation Failure) 1304M->1016M(1759M) 5.754ms
[232.269s][info][gc,cpu         ] GC(2204) User=0.00s Sys=0.00s Real=0.00s
[232.289s][info][gc,start       ] GC(2205) Pause Young (Allocation Failure)
[232.295s][info][gc,heap        ] GC(2205) PSYoungGen: 354587K(403456K)->51024K(408576K) Eden: 306688K(306688K)->0K(306688K) From: 47899K(96768K)->51024K(101888K)
[232.295s][info][gc,heap        ] GC(2205) ParOldGen: 993506K(1398272K)->993506K(1398272K)
[232.295s][info][gc,metaspace   ] GC(2205) Metaspace: 126530K(130752K)->126530K(130752K) NonClass: 108430K(109056K)->108430K(109056K) Class: 18100K(21696K)->18100K(21696K)
[232.295s][info][gc             ] GC(2205) Pause Young (Allocation Failure) 1316M->1020M(1764M) 6.262ms
[232.295s][info][gc,cpu         ] GC(2205) User=0.00s Sys=0.00s Real=0.00s
[232.317s][info][gc,start       ] GC(2206) Pause Young (Allocation Failure)
[232.324s][info][gc,heap        ] GC(2206) PSYoungGen: 357712K(408576K)->76056K(412160K) Eden: 306688K(306688K)->0K(313344K) From: 51024K(101888K)->76056K(98816K)
[232.324s][info][gc,heap        ] GC(2206) ParOldGen: 993506K(1398272K)->993506K(1398272K)
[232.325s][info][gc,metaspace   ] GC(2206) Metaspace: 126530K(130752K)->126530K(130752K) NonClass: 108430K(109056K)->108430K(109056K) Class: 18100K(21696K)->18100K(21696K)
[232.325s][info][gc             ] GC(2206) Pause Young (Allocation Failure) 1319M->1044M(1768M) 7.130ms
[232.325s][info][gc,cpu         ] GC(2206) User=0.00s Sys=0.00s Real=0.00s
[232.349s][info][gc,start       ] GC(2207) Pause Young (Allocation Failure)
[232.359s][info][gc,heap        ] GC(2207) PSYoungGen: 389400K(412160K)->101056K(418304K) Eden: 313344K(313344K)->0K(313344K) From: 76056K(98816K)->101056K(104960K)
[232.359s][info][gc,heap        ] GC(2207) ParOldGen: 993506K(1398272K)->993514K(1398272K)
[232.359s][info][gc,metaspace   ] GC(2207) Metaspace: 126530K(130752K)->126530K(130752K) NonClass: 108430K(109056K)->108430K(109056K) Class: 18100K(21696K)->18100K(21696K)
[232.359s][info][gc             ] GC(2207) Pause Young (Allocation Failure) 1350M->1068M(1774M) 10.178ms
[232.359s][info][gc,cpu         ] GC(2207) User=0.00s Sys=0.00s Real=0.00s
[232.381s][info][gc,start       ] GC(2208) Pause Young (Allocation Failure)
[232.395s][info][gc,heap        ] GC(2208) PSYoungGen: 414400K(418304K)->101024K(436736K) Eden: 313344K(313344K)->0K(317440K) From: 101056K(104960K)->101024K(119296K)
[232.395s][info][gc,heap        ] GC(2208) ParOldGen: 993514K(1398272K)->993514K(1398272K)
[232.395s][info][gc,metaspace   ] GC(2208) Metaspace: 126530K(130752K)->126530K(130752K) NonClass: 108430K(109056K)->108430K(109056K) Class: 18100K(21696K)->18100K(21696K)
[232.395s][info][gc             ] GC(2208) Pause Young (Allocation Failure) 1374M->1068M(1792M) 14.133ms
[232.395s][info][gc,cpu         ] GC(2208) User=0.00s Sys=0.00s Real=0.00s
[232.416s][info][gc,start       ] GC(2209) Pause Young (Allocation Failure)
[232.425s][info][gc,heap        ] GC(2209) PSYoungGen: 418464K(436736K)->97931K(447488K) Eden: 317440K(317440K)->0K(317440K) From: 101024K(119296K)->97931K(130048K)
[232.425s][info][gc,heap        ] GC(2209) ParOldGen: 993514K(1398272K)->993514K(1398272K)
[232.425s][info][gc,metaspace   ] GC(2209) Metaspace: 126530K(130752K)->126530K(130752K) NonClass: 108430K(109056K)->108430K(109056K) Class: 18100K(21696K)->18100K(21696K)
[232.425s][info][gc             ] GC(2209) Pause Young (Allocation Failure) 1378M->1065M(1802M) 8.697ms
[232.425s][info][gc,cpu         ] GC(2209) User=0.00s Sys=0.00s Real=0.00s
[232.445s][info][gc,start       ] GC(2210) Pause Young (Allocation Failure)
[232.458s][info][gc,heap        ] GC(2210) PSYoungGen: 415371K(447488K)->94806K(467968K) Eden: 317440K(317440K)->0K(330240K) From: 97931K(130048K)->94806K(137728K)
[232.458s][info][gc,heap        ] GC(2210) ParOldGen: 993514K(1398272K)->993514K(1398272K)
[232.458s][info][gc,metaspace   ] GC(2210) Metaspace: 126530K(130752K)->126530K(130752K) NonClass: 108430K(109056K)->108430K(109056K) Class: 18100K(21696K)->18100K(21696K)
[232.458s][info][gc             ] GC(2210) Pause Young (Allocation Failure) 1375M->1062M(1822M) 12.627ms
[232.458s][info][gc,cpu         ] GC(2210) User=0.00s Sys=0.02s Real=0.02s
[232.480s][info][gc,start       ] GC(2211) Pause Young (Allocation Failure)
[232.490s][info][gc,heap        ] GC(2211) PSYoungGen: 425046K(467968K)->103032K(472576K) Eden: 330240K(330240K)->0K(330240K) From: 94806K(137728K)->103032K(142336K)
[232.490s][info][gc,heap        ] GC(2211) ParOldGen: 993514K(1398272K)->993514K(1398272K)
[232.490s][info][gc,metaspace   ] GC(2211) Metaspace: 126530K(130752K)->126530K(130752K) NonClass: 108430K(109056K)->108430K(109056K) Class: 18100K(21696K)->18100K(21696K)
[232.490s][info][gc             ] GC(2211) Pause Young (Allocation Failure) 1385M->1070M(1827M) 10.381ms
[232.490s][info][gc,cpu         ] GC(2211) User=0.09s Sys=0.00s Real=0.02s
[232.521s][info][gc,start       ] GC(2212) Pause Young (Allocation Failure)
[232.537s][info][gc,heap        ] GC(2212) PSYoungGen: 433272K(472576K)->112848K(490496K) Eden: 330240K(330240K)->0K(342016K) From: 103032K(142336K)->112848K(148480K)
[232.537s][info][gc,heap        ] GC(2212) ParOldGen: 993514K(1398272K)->993514K(1398272K)
[232.537s][info][gc,metaspace   ] GC(2212) Metaspace: 126530K(130752K)->126530K(130752K) NonClass: 108430K(109056K)->108430K(109056K) Class: 18100K(21696K)->18100K(21696K)
[232.537s][info][gc             ] GC(2212) Pause Young (Allocation Failure) 1393M->1080M(1844M) 16.304ms
[232.537s][info][gc,cpu         ] GC(2212) User=0.02s Sys=0.06s Real=0.02s
[232.562s][info][gc,start       ] GC(2213) Pause Young (Allocation Failure)
[232.575s][info][gc,heap        ] GC(2213) PSYoungGen: 454864K(490496K)->130612K(499200K) Eden: 342016K(342016K)->0K(342016K) From: 112848K(148480K)->130612K(157184K)
[232.575s][info][gc,heap        ] GC(2213) ParOldGen: 993514K(1398272K)->993514K(1398272K)
[232.575s][info][gc,metaspace   ] GC(2213) Metaspace: 126530K(130752K)->126530K(130752K) NonClass: 108430K(109056K)->108430K(109056K) Class: 18100K(21696K)->18100K(21696K)
[232.575s][info][gc             ] GC(2213) Pause Young (Allocation Failure) 1414M->1097M(1853M) 13.097ms
[232.575s][info][gc,cpu         ] GC(2213) User=0.42s Sys=0.00s Real=0.02s
[232.599s][info][gc,start       ] GC(2214) Pause Young (Allocation Failure)
[232.617s][info][gc,heap        ] GC(2214) PSYoungGen: 472628K(499200K)->125979K(512512K) Eden: 342016K(342016K)->0K(342528K) From: 130612K(157184K)->125979K(169984K)
[232.617s][info][gc,heap        ] GC(2214) ParOldGen: 993514K(1398272K)->993514K(1398272K)
[232.617s][info][gc,metaspace   ] GC(2214) Metaspace: 126530K(130752K)->126530K(130752K) NonClass: 108430K(109056K)->108430K(109056K) Class: 18100K(21696K)->18100K(21696K)
[232.617s][info][gc             ] GC(2214) Pause Young (Allocation Failure) 1431M->1093M(1866M) 17.783ms
[232.617s][info][gc,cpu         ] GC(2214) User=0.50s Sys=0.16s Real=0.03s
[232.641s][info][gc,start       ] GC(2215) Pause Young (Allocation Failure)
[232.653s][info][gc,heap        ] GC(2215) PSYoungGen: 468507K(512512K)->134865K(477696K) Eden: 342528K(342528K)->0K(342528K) From: 125979K(169984K)->134865K(135168K)
[232.653s][info][gc,heap        ] GC(2215) ParOldGen: 993514K(1398272K)->993514K(1398272K)
[232.653s][info][gc,metaspace   ] GC(2215) Metaspace: 126530K(130752K)->126530K(130752K) NonClass: 108430K(109056K)->108430K(109056K) Class: 18100K(21696K)->18100K(21696K)
[232.653s][info][gc             ] GC(2215) Pause Young (Allocation Failure) 1427M->1101M(1832M) 12.418ms
[232.653s][info][gc,cpu         ] GC(2215) User=0.47s Sys=0.00s Real=0.02s
[232.676s][info][gc,start       ] GC(2216) Pause Young (Allocation Failure)
[232.689s][info][gc,heap        ] GC(2216) PSYoungGen: 477393K(477696K)->135416K(496128K) Eden: 342528K(342528K)->0K(308736K) From: 134865K(135168K)->135416K(187392K)
[232.689s][info][gc,heap        ] GC(2216) ParOldGen: 993514K(1398272K)->993514K(1398272K)
[232.689s][info][gc,metaspace   ] GC(2216) Metaspace: 126530K(130752K)->126530K(130752K) NonClass: 108430K(109056K)->108430K(109056K) Class: 18100K(21696K)->18100K(21696K)
[232.689s][info][gc             ] GC(2216) Pause Young (Allocation Failure) 1436M->1102M(1850M) 12.662ms
[232.689s][info][gc,cpu         ] GC(2216) User=0.52s Sys=0.00s Real=0.02s
[232.709s][info][gc,start       ] GC(2217) Pause Young (Allocation Failure)
[232.723s][info][gc,heap        ] GC(2217) PSYoungGen: 444152K(496128K)->140396K(449536K) Eden: 308736K(308736K)->0K(308736K) From: 135416K(187392K)->140396K(140800K)
[232.723s][info][gc,heap        ] GC(2217) ParOldGen: 993514K(1398272K)->993514K(1398272K)
[232.723s][info][gc,metaspace   ] GC(2217) Metaspace: 126530K(130752K)->126530K(130752K) NonClass: 108430K(109056K)->108430K(109056K) Class: 18100K(21696K)->18100K(21696K)
[232.723s][info][gc             ] GC(2217) Pause Young (Allocation Failure) 1403M->1107M(1804M) 13.483ms
[232.723s][info][gc,cpu         ] GC(2217) User=0.52s Sys=0.00s Real=0.01s
[232.743s][info][gc,start       ] GC(2218) Pause Young (Allocation Failure)
[232.756s][info][gc,heap        ] GC(2218) PSYoungGen: 449132K(449536K)->142602K(484352K) Eden: 308736K(308736K)->0K(282112K) From: 140396K(140800K)->142602K(202240K)
[232.756s][info][gc,heap        ] GC(2218) ParOldGen: 993514K(1398272K)->993514K(1398272K)
[232.756s][info][gc,metaspace   ] GC(2218) Metaspace: 126530K(130752K)->126530K(130752K) NonClass: 108430K(109056K)->108430K(109056K) Class: 18100K(21696K)->18100K(21696K)
[232.756s][info][gc             ] GC(2218) Pause Young (Allocation Failure) 1408M->1109M(1838M) 13.087ms
[232.757s][info][gc,cpu         ] GC(2218) User=0.52s Sys=0.00s Real=0.02s
[232.775s][info][gc,start       ] GC(2219) Pause Young (Allocation Failure)
[232.789s][info][gc,heap        ] GC(2219) PSYoungGen: 424714K(484352K)->149209K(431616K) Eden: 282112K(282112K)->0K(282112K) From: 142602K(202240K)->149209K(149504K)
[232.789s][info][gc,heap        ] GC(2219) ParOldGen: 993514K(1398272K)->993514K(1398272K)
[232.789s][info][gc,metaspace   ] GC(2219) Metaspace: 126530K(130752K)->126530K(130752K) NonClass: 108430K(109056K)->108430K(109056K) Class: 18100K(21696K)->18100K(21696K)
[232.789s][info][gc             ] GC(2219) Pause Young (Allocation Failure) 1384M->1115M(1787M) 14.351ms
[232.789s][info][gc,cpu         ] GC(2219) User=0.53s Sys=0.00s Real=0.02s
[232.808s][info][gc,start       ] GC(2220) Pause Young (Allocation Failure)
[232.823s][info][gc,heap        ] GC(2220) PSYoungGen: 431321K(431616K)->150759K(473600K) Eden: 282112K(282112K)->0K(258560K) From: 149209K(149504K)->150759K(215040K)
[232.823s][info][gc,heap        ] GC(2220) ParOldGen: 993514K(1398272K)->993514K(1398272K)
[232.823s][info][gc,metaspace   ] GC(2220) Metaspace: 126530K(130752K)->126530K(130752K) NonClass: 108430K(109056K)->108430K(109056K) Class: 18100K(21696K)->18100K(21696K)
[232.823s][info][gc             ] GC(2220) Pause Young (Allocation Failure) 1391M->1117M(1828M) 14.181ms
[232.823s][info][gc,cpu         ] GC(2220) User=0.53s Sys=0.00s Real=0.02s
[232.840s][info][gc,start       ] GC(2221) Pause Young (Allocation Failure)
[232.854s][info][gc,heap        ] GC(2221) PSYoungGen: 409319K(473600K)->150804K(409600K) Eden: 258560K(258560K)->0K(258560K) From: 150759K(215040K)->150804K(151040K)
[232.854s][info][gc,heap        ] GC(2221) ParOldGen: 993514K(1398272K)->993514K(1398272K)
[232.854s][info][gc,metaspace   ] GC(2221) Metaspace: 126530K(130752K)->126530K(130752K) NonClass: 108430K(109056K)->108430K(109056K) Class: 18100K(21696K)->18100K(21696K)
[232.854s][info][gc             ] GC(2221) Pause Young (Allocation Failure) 1369M->1117M(1765M) 14.384ms
[232.854s][info][gc,cpu         ] GC(2221) User=0.16s Sys=0.00s Real=0.02s
[232.871s][info][gc,start       ] GC(2222) Pause Young (Allocation Failure)
[232.885s][info][gc,heap        ] GC(2222) PSYoungGen: 409364K(409600K)->153174K(468992K) Eden: 258560K(258560K)->0K(245248K) From: 150804K(151040K)->153174K(223744K)
[232.885s][info][gc,heap        ] GC(2222) ParOldGen: 993514K(1398272K)->993514K(1398272K)
[232.885s][info][gc,metaspace   ] GC(2222) Metaspace: 126530K(130752K)->126530K(130752K) NonClass: 108430K(109056K)->108430K(109056K) Class: 18100K(21696K)->18100K(21696K)
[232.885s][info][gc             ] GC(2222) Pause Young (Allocation Failure) 1369M->1119M(1823M) 13.928ms
[232.885s][info][gc,cpu         ] GC(2222) User=0.00s Sys=0.00s Real=0.02s
[232.902s][info][gc,start       ] GC(2223) Pause Young (Allocation Failure)
[232.917s][info][gc,heap        ] GC(2223) PSYoungGen: 398422K(468992K)->157816K(403456K) Eden: 245248K(245248K)->0K(245248K) From: 153174K(223744K)->157816K(158208K)
[232.917s][info][gc,heap        ] GC(2223) ParOldGen: 993514K(1398272K)->993514K(1398272K)
[232.917s][info][gc,metaspace   ] GC(2223) Metaspace: 126530K(130752K)->126530K(130752K) NonClass: 108430K(109056K)->108430K(109056K) Class: 18100K(21696K)->18100K(21696K)
[232.917s][info][gc             ] GC(2223) Pause Young (Allocation Failure) 1359M->1124M(1759M) 15.199ms
[232.917s][info][gc,cpu         ] GC(2223) User=0.02s Sys=0.00s Real=0.01s
[232.934s][info][gc,start       ] GC(2224) Pause Young (Allocation Failure)
[232.951s][info][gc,heap        ] GC(2224) PSYoungGen: 403064K(403456K)->173334K(463360K) Eden: 245248K(245248K)->0K(232960K) From: 157816K(158208K)->173334K(230400K)
[232.951s][info][gc,heap        ] GC(2224) ParOldGen: 993514K(1398272K)->993514K(1398272K)
[232.951s][info][gc,metaspace   ] GC(2224) Metaspace: 126530K(130752K)->126530K(130752K) NonClass: 108430K(109056K)->108430K(109056K) Class: 18100K(21696K)->18100K(21696K)
[232.951s][info][gc             ] GC(2224) Pause Young (Allocation Failure) 1363M->1139M(1818M) 17.223ms
[232.951s][info][gc,cpu         ] GC(2224) User=0.42s Sys=0.00s Real=0.02s
[232.966s][info][gc,start       ] GC(2225) Pause Young (Allocation Failure)
[232.984s][info][gc,heap        ] GC(2225) PSYoungGen: 406294K(463360K)->163686K(465920K) Eden: 232960K(232960K)->0K(232960K) From: 173334K(230400K)->163686K(232960K)
[232.984s][info][gc,heap        ] GC(2225) ParOldGen: 993514K(1398272K)->1001793K(1398272K)
[232.984s][info][gc,metaspace   ] GC(2225) Metaspace: 126530K(130752K)->126530K(130752K) NonClass: 108430K(109056K)->108430K(109056K) Class: 18100K(21696K)->18100K(21696K)
[232.984s][info][gc             ] GC(2225) Pause Young (Allocation Failure) 1367M->1138M(1820M) 17.407ms
[232.984s][info][gc,cpu         ] GC(2225) User=0.45s Sys=0.02s Real=0.02s
[232.999s][info][gc,start       ] GC(2226) Pause Young (Allocation Failure)
[233.015s][info][gc,heap        ] GC(2226) PSYoungGen: 396646K(465920K)->91969K(465920K) Eden: 232960K(232960K)->0K(232960K) From: 163686K(232960K)->91969K(232960K)
[233.015s][info][gc,heap        ] GC(2226) ParOldGen: 1001793K(1398272K)->1072197K(1398272K)
[233.015s][info][gc,metaspace   ] GC(2226) Metaspace: 126530K(130752K)->126530K(130752K) NonClass: 108430K(109056K)->108430K(109056K) Class: 18100K(21696K)->18100K(21696K)
[233.015s][info][gc             ] GC(2226) Pause Young (Allocation Failure) 1365M->1136M(1820M) 16.369ms
[233.015s][info][gc,cpu         ] GC(2226) User=0.52s Sys=0.00s Real=0.02s
[233.030s][info][gc,start       ] GC(2227) Pause Young (Allocation Failure)
[233.039s][info][gc,heap        ] GC(2227) PSYoungGen: 324929K(465920K)->50556K(465920K) Eden: 232960K(232960K)->0K(232960K) From: 91969K(232960K)->50556K(232960K)
[233.039s][info][gc,heap        ] GC(2227) ParOldGen: 1072197K(1398272K)->1113898K(1398272K)
[233.039s][info][gc,metaspace   ] GC(2227) Metaspace: 126530K(130752K)->126530K(130752K) NonClass: 108430K(109056K)->108430K(109056K) Class: 18100K(21696K)->18100K(21696K)
[233.039s][info][gc             ] GC(2227) Pause Young (Allocation Failure) 1364M->1137M(1820M) 8.546ms
[233.039s][info][gc,cpu         ] GC(2227) User=0.00s Sys=0.00s Real=0.00s
[233.054s][info][gc,start       ] GC(2228) Pause Young (Allocation Failure)
[233.059s][info][gc,heap        ] GC(2228) PSYoungGen: 283516K(465920K)->47931K(465920K) Eden: 232960K(232960K)->0K(232960K) From: 50556K(232960K)->47931K(232960K)
[233.059s][info][gc,heap        ] GC(2228) ParOldGen: 1113898K(1398272K)->1118111K(1398272K)
[233.059s][info][gc,metaspace   ] GC(2228) Metaspace: 126530K(130752K)->126530K(130752K) NonClass: 108430K(109056K)->108430K(109056K) Class: 18100K(21696K)->18100K(21696K)
[233.060s][info][gc             ] GC(2228) Pause Young (Allocation Failure) 1364M->1138M(1820M) 5.685ms
[233.060s][info][gc,cpu         ] GC(2228) User=0.27s Sys=0.00s Real=0.02s
[233.074s][info][gc,start       ] GC(2229) Pause Young (Allocation Failure)
[233.080s][info][gc,heap        ] GC(2229) PSYoungGen: 280891K(465920K)->47899K(465920K) Eden: 232960K(232960K)->0K(232960K) From: 47931K(232960K)->47899K(232960K)
[233.080s][info][gc,heap        ] GC(2229) ParOldGen: 1118111K(1398272K)->1118135K(1398272K)
[233.080s][info][gc,metaspace   ] GC(2229) Metaspace: 126530K(130752K)->126530K(130752K) NonClass: 108430K(109056K)->108430K(109056K) Class: 18100K(21696K)->18100K(21696K)
[233.080s][info][gc             ] GC(2229) Pause Young (Allocation Failure) 1366M->1138M(1820M) 5.450ms
[233.080s][info][gc,cpu         ] GC(2229) User=0.00s Sys=0.00s Real=0.00s
[233.095s][info][gc,start       ] GC(2230) Pause Young (Allocation Failure)
[233.100s][info][gc,heap        ] GC(2230) PSYoungGen: 280859K(465920K)->44710K(465920K) Eden: 232960K(232960K)->0K(232960K) From: 47899K(232960K)->44710K(232960K)
[233.100s][info][gc,heap        ] GC(2230) ParOldGen: 1118135K(1398272K)->1121340K(1398272K)
[233.100s][info][gc,metaspace   ] GC(2230) Metaspace: 126530K(130752K)->126530K(130752K) NonClass: 108430K(109056K)->108430K(109056K) Class: 18100K(21696K)->18100K(21696K)
[233.100s][info][gc             ] GC(2230) Pause Young (Allocation Failure) 1366M->1138M(1820M) 4.842ms
[233.100s][info][gc,cpu         ] GC(2230) User=0.00s Sys=0.00s Real=0.00s
[233.115s][info][gc,start       ] GC(2231) Pause Young (Allocation Failure)
[233.120s][info][gc,heap        ] GC(2231) PSYoungGen: 277670K(465920K)->32242K(465920K) Eden: 232960K(232960K)->0K(232960K) From: 44710K(232960K)->32242K(232960K)
[233.120s][info][gc,heap        ] GC(2231) ParOldGen: 1121340K(1398272K)->1133896K(1398272K)
[233.120s][info][gc,metaspace   ] GC(2231) Metaspace: 126530K(130752K)->126530K(130752K) NonClass: 108430K(109056K)->108430K(109056K) Class: 18100K(21696K)->18100K(21696K)
[233.120s][info][gc             ] GC(2231) Pause Young (Allocation Failure) 1366M->1138M(1820M) 5.210ms
[233.120s][info][gc,cpu         ] GC(2231) User=0.02s Sys=0.00s Real=0.02s
[233.135s][info][gc,start       ] GC(2232) Pause Young (Allocation Failure)
[233.140s][info][gc,heap        ] GC(2232) PSYoungGen: 265202K(465920K)->38524K(456704K) Eden: 232960K(232960K)->0K(232960K) From: 32242K(232960K)->38524K(223744K)
[233.140s][info][gc,heap        ] GC(2232) ParOldGen: 1133896K(1398272K)->1133896K(1398272K)
[233.140s][info][gc,metaspace   ] GC(2232) Metaspace: 126530K(130752K)->126530K(130752K) NonClass: 108430K(109056K)->108430K(109056K) Class: 18100K(21696K)->18100K(21696K)
[233.140s][info][gc             ] GC(2232) Pause Young (Allocation Failure) 1366M->1144M(1811M) 4.663ms
[233.140s][info][gc,cpu         ] GC(2232) User=0.00s Sys=0.00s Real=0.00s
[233.156s][info][gc,start       ] GC(2233) Pause Young (Allocation Failure)
[233.161s][info][gc,heap        ] GC(2233) PSYoungGen: 271484K(456704K)->44742K(461312K) Eden: 232960K(232960K)->0K(232960K) From: 38524K(223744K)->44742K(228352K)
[233.161s][info][gc,heap        ] GC(2233) ParOldGen: 1133896K(1398272K)->1133896K(1398272K)
[233.161s][info][gc,metaspace   ] GC(2233) Metaspace: 126530K(130752K)->126530K(130752K) NonClass: 108430K(109056K)->108430K(109056K) Class: 18100K(21696K)->18100K(21696K)
[233.161s][info][gc             ] GC(2233) Pause Young (Allocation Failure) 1372M->1151M(1816M) 5.228ms
[233.161s][info][gc,cpu         ] GC(2233) User=0.00s Sys=0.00s Real=0.00s
[233.177s][info][gc,start       ] GC(2234) Pause Young (Allocation Failure)
[233.182s][info][gc,heap        ] GC(2234) PSYoungGen: 277702K(461312K)->51024K(450560K) Eden: 232960K(232960K)->0K(245760K) From: 44742K(228352K)->51024K(204800K)
[233.182s][info][gc,heap        ] GC(2234) ParOldGen: 1133896K(1398272K)->1133896K(1398272K)
[233.182s][info][gc,metaspace   ] GC(2234) Metaspace: 126530K(130752K)->126530K(130752K) NonClass: 108430K(109056K)->108430K(109056K) Class: 18100K(21696K)->18100K(21696K)
[233.182s][info][gc             ] GC(2234) Pause Young (Allocation Failure) 1378M->1157M(1805M) 5.636ms
[233.182s][info][gc,cpu         ] GC(2234) User=0.00s Sys=0.00s Real=0.00s
[233.198s][info][gc,start       ] GC(2235) Pause Young (Allocation Failure)
[233.207s][info][gc,heap        ] GC(2235) PSYoungGen: 296784K(450560K)->88556K(459264K) Eden: 245760K(245760K)->0K(245760K) From: 51024K(204800K)->88556K(213504K)
[233.207s][info][gc,heap        ] GC(2235) ParOldGen: 1133896K(1398272K)->1133896K(1398272K)
[233.207s][info][gc,metaspace   ] GC(2235) Metaspace: 126530K(130752K)->126530K(130752K) NonClass: 108430K(109056K)->108430K(109056K) Class: 18100K(21696K)->18100K(21696K)
[233.207s][info][gc             ] GC(2235) Pause Young (Allocation Failure) 1397M->1193M(1814M) 8.983ms
[233.207s][info][gc,cpu         ] GC(2235) User=0.52s Sys=0.00s Real=0.01s
[233.225s][info][gc,start       ] GC(2236) Pause Young (Allocation Failure)
[233.233s][info][gc,heap        ] GC(2236) PSYoungGen: 334316K(459264K)->91905K(447488K) Eden: 245760K(245760K)->0K(260608K) From: 88556K(213504K)->91905K(186880K)
[233.233s][info][gc,heap        ] GC(2236) ParOldGen: 1133896K(1398272K)->1133896K(1398272K)
[233.233s][info][gc,metaspace   ] GC(2236) Metaspace: 126530K(130752K)->126530K(130752K) NonClass: 108430K(109056K)->108430K(109056K) Class: 18100K(21696K)->18100K(21696K)
[233.233s][info][gc             ] GC(2236) Pause Young (Allocation Failure) 1433M->1197M(1802M) 8.589ms
[233.233s][info][gc,cpu         ] GC(2236) User=0.20s Sys=0.00s Real=0.02s
[233.251s][info][gc,start       ] GC(2237) Pause Young (Allocation Failure)
[233.260s][info][gc,heap        ] GC(2237) PSYoungGen: 352513K(447488K)->91704K(455680K) Eden: 260608K(260608K)->0K(260608K) From: 91905K(186880K)->91704K(195072K)
[233.260s][info][gc,heap        ] GC(2237) ParOldGen: 1133896K(1398272K)->1133896K(1398272K)
[233.260s][info][gc,metaspace   ] GC(2237) Metaspace: 126530K(130752K)->126530K(130752K) NonClass: 108430K(109056K)->108430K(109056K) Class: 18100K(21696K)->18100K(21696K)
[233.260s][info][gc             ] GC(2237) Pause Young (Allocation Failure) 1451M->1196M(1810M) 9.148ms
[233.260s][info][gc,cpu         ] GC(2237) User=0.00s Sys=0.00s Real=0.00s
[233.278s][info][gc,start       ] GC(2238) Pause Young (Allocation Failure)
[233.289s][info][gc,heap        ] GC(2238) PSYoungGen: 352312K(455680K)->94861K(453120K) Eden: 260608K(260608K)->0K(277504K) From: 91704K(195072K)->94861K(175616K)
[233.289s][info][gc,heap        ] GC(2238) ParOldGen: 1133896K(1398272K)->1133896K(1398272K)
[233.289s][info][gc,metaspace   ] GC(2238) Metaspace: 126530K(130752K)->126530K(130752K) NonClass: 108430K(109056K)->108430K(109056K) Class: 18100K(21696K)->18100K(21696K)
[233.289s][info][gc             ] GC(2238) Pause Young (Allocation Failure) 1451M->1199M(1808M) 11.182ms
[233.289s][info][gc,cpu         ] GC(2238) User=0.00s Sys=0.00s Real=0.00s
[233.307s][info][gc,start       ] GC(2239) Pause Young (Allocation Failure)
[233.318s][info][gc,heap        ] GC(2239) PSYoungGen: 372365K(453120K)->102033K(458752K) Eden: 277504K(277504K)->0K(277504K) From: 94861K(175616K)->102033K(181248K)
[233.318s][info][gc,heap        ] GC(2239) ParOldGen: 1133896K(1398272K)->1133896K(1398272K)
[233.318s][info][gc,metaspace   ] GC(2239) Metaspace: 126530K(130752K)->126530K(130752K) NonClass: 108430K(109056K)->108430K(109056K) Class: 18100K(21696K)->18100K(21696K)
[233.318s][info][gc             ] GC(2239) Pause Young (Allocation Failure) 1470M->1206M(1813M) 10.464ms
[233.318s][info][gc,cpu         ] GC(2239) User=0.00s Sys=0.00s Real=0.01s
[233.337s][info][gc,start       ] GC(2240) Pause Young (Allocation Failure)
[233.347s][info][gc,heap        ] GC(2240) PSYoungGen: 379537K(458752K)->100869K(466944K) Eden: 277504K(277504K)->0K(295936K) From: 102033K(181248K)->100869K(171008K)
[233.347s][info][gc,heap        ] GC(2240) ParOldGen: 1133896K(1398272K)->1133896K(1398272K)
[233.347s][info][gc,metaspace   ] GC(2240) Metaspace: 126530K(130752K)->126530K(130752K) NonClass: 108430K(109056K)->108430K(109056K) Class: 18100K(21696K)->18100K(21696K)
[233.347s][info][gc             ] GC(2240) Pause Young (Allocation Failure) 1477M->1205M(1821M) 10.130ms
[233.347s][info][gc,cpu         ] GC(2240) User=0.17s Sys=0.02s Real=0.02s
[233.367s][info][gc,start       ] GC(2241) Pause Young (Allocation Failure)
[233.378s][info][gc,heap        ] GC(2241) PSYoungGen: 396805K(466944K)->107354K(470528K) Eden: 295936K(295936K)->0K(295936K) From: 100869K(171008K)->107354K(174592K)
[233.378s][info][gc,heap        ] GC(2241) ParOldGen: 1133896K(1398272K)->1133904K(1398272K)
[233.378s][info][gc,metaspace   ] GC(2241) Metaspace: 126530K(130752K)->126530K(130752K) NonClass: 108430K(109056K)->108430K(109056K) Class: 18100K(21696K)->18100K(21696K)
[233.378s][info][gc             ] GC(2241) Pause Young (Allocation Failure) 1494M->1212M(1825M) 10.383ms
[233.378s][info][gc,cpu         ] GC(2241) User=0.31s Sys=0.00s Real=0.02s
[233.399s][info][gc,start       ] GC(2242) Pause Young (Allocation Failure)
[233.409s][info][gc,heap        ] GC(2242) PSYoungGen: 403290K(470528K)->122251K(484864K) Eden: 295936K(295936K)->0K(311808K) From: 107354K(174592K)->122251K(173056K)
[233.410s][info][gc,heap        ] GC(2242) ParOldGen: 1133904K(1398272K)->1133904K(1398272K)
[233.410s][info][gc,metaspace   ] GC(2242) Metaspace: 126530K(130752K)->126530K(130752K) NonClass: 108430K(109056K)->108430K(109056K) Class: 18100K(21696K)->18100K(21696K)
[233.410s][info][gc             ] GC(2242) Pause Young (Allocation Failure) 1501M->1226M(1839M) 10.531ms
[233.410s][info][gc,cpu         ] GC(2242) User=0.52s Sys=0.00s Real=0.02s
[233.443s][info][gc,start       ] GC(2243) Pause Young (Allocation Failure)
[233.456s][info][gc,heap        ] GC(2243) PSYoungGen: 434059K(484864K)->133413K(488448K) Eden: 311808K(311808K)->0K(311808K) From: 122251K(173056K)->133413K(176640K)
[233.456s][info][gc,heap        ] GC(2243) ParOldGen: 1133904K(1398272K)->1133904K(1398272K)
[233.456s][info][gc,metaspace   ] GC(2243) Metaspace: 126530K(130752K)->126530K(130752K) NonClass: 108430K(109056K)->108430K(109056K) Class: 18100K(21696K)->18100K(21696K)
[233.456s][info][gc             ] GC(2243) Pause Young (Allocation Failure) 1531M->1237M(1842M) 12.894ms
[233.456s][info][gc,cpu         ] GC(2243) User=0.00s Sys=0.00s Real=0.00s
[233.480s][info][gc,start       ] GC(2244) Pause Young (Allocation Failure)
[233.493s][info][gc,heap        ] GC(2244) PSYoungGen: 445221K(488448K)->132637K(506368K) Eden: 311808K(311808K)->0K(323072K) From: 133413K(176640K)->132637K(183296K)
[233.493s][info][gc,heap        ] GC(2244) ParOldGen: 1133904K(1398272K)->1133904K(1398272K)
[233.493s][info][gc,metaspace   ] GC(2244) Metaspace: 126530K(130752K)->126530K(130752K) NonClass: 108430K(109056K)->108430K(109056K) Class: 18100K(21696K)->18100K(21696K)
[233.493s][info][gc             ] GC(2244) Pause Young (Allocation Failure) 1542M->1236M(1860M) 12.377ms
[233.493s][info][gc,cpu         ] GC(2244) User=0.00s Sys=0.00s Real=0.00s
[233.515s][info][gc,start       ] GC(2245) Pause Young (Allocation Failure)
[233.530s][info][gc,heap        ] GC(2245) PSYoungGen: 455709K(506368K)->145758K(468992K) Eden: 323072K(323072K)->0K(323072K) From: 132637K(183296K)->145758K(145920K)
[233.530s][info][gc,heap        ] GC(2245) ParOldGen: 1133904K(1398272K)->1133904K(1398272K)
[233.530s][info][gc,metaspace   ] GC(2245) Metaspace: 126530K(130752K)->126530K(130752K) NonClass: 108430K(109056K)->108430K(109056K) Class: 18100K(21696K)->18100K(21696K)
[233.530s][info][gc             ] GC(2245) Pause Young (Allocation Failure) 1552M->1249M(1823M) 14.355ms
[233.530s][info][gc,cpu         ] GC(2245) User=0.52s Sys=0.00s Real=0.02s
[233.548s][info][gc,start       ] GC(2246) Pause Young (Allocation Failure)
[233.562s][info][gc,heap        ] GC(2246) PSYoungGen: 468830K(468992K)->153006K(485376K) Eden: 323072K(323072K)->0K(289280K) From: 145758K(145920K)->153006K(196096K)
[233.563s][info][gc,heap        ] GC(2246) ParOldGen: 1133904K(1398272K)->1133920K(1398272K)
[233.563s][info][gc,metaspace   ] GC(2246) Metaspace: 126530K(130752K)->126530K(130752K) NonClass: 108430K(109056K)->108430K(109056K) Class: 18100K(21696K)->18100K(21696K)
[233.563s][info][gc             ] GC(2246) Pause Young (Allocation Failure) 1565M->1256M(1839M) 14.665ms
[233.563s][info][gc,cpu         ] GC(2246) User=0.02s Sys=0.02s Real=0.02s
[233.581s][info][gc,start       ] GC(2247) Pause Young (Allocation Failure)
[233.598s][info][gc,heap        ] GC(2247) PSYoungGen: 442286K(485376K)->173421K(462848K) Eden: 289280K(289280K)->0K(289280K) From: 153006K(196096K)->173421K(173568K)
[233.598s][info][gc,heap        ] GC(2247) ParOldGen: 1133920K(1398272K)->1133928K(1398272K)
[233.598s][info][gc,metaspace   ] GC(2247) Metaspace: 126530K(130752K)->126530K(130752K) NonClass: 108430K(109056K)->108430K(109056K) Class: 18100K(21696K)->18100K(21696K)
[233.598s][info][gc             ] GC(2247) Pause Young (Allocation Failure) 1539M->1276M(1817M) 17.032ms
[233.598s][info][gc,cpu         ] GC(2247) User=0.52s Sys=0.00s Real=0.02s
[233.617s][info][gc,start       ] GC(2248) Pause Young (Allocation Failure)
[233.633s][info][gc,heap        ] GC(2248) PSYoungGen: 462701K(462848K)->173837K(457728K) Eden: 289280K(289280K)->0K(239104K) From: 173421K(173568K)->173837K(218624K)
[233.634s][info][gc,heap        ] GC(2248) ParOldGen: 1133928K(1398272K)->1133936K(1398272K)
[233.634s][info][gc,metaspace   ] GC(2248) Metaspace: 126530K(130752K)->126530K(130752K) NonClass: 108430K(109056K)->108430K(109056K) Class: 18100K(21696K)->18100K(21696K)
[233.634s][info][gc             ] GC(2248) Pause Young (Allocation Failure) 1559M->1277M(1812M) 16.593ms
[233.634s][info][gc,cpu         ] GC(2248) User=0.52s Sys=0.00s Real=0.01s
[233.648s][info][gc,start       ] GC(2249) Pause Young (Allocation Failure)
[233.664s][info][gc,heap        ] GC(2249) PSYoungGen: 412941K(457728K)->176605K(415744K) Eden: 239104K(239104K)->0K(239104K) From: 173837K(218624K)->176605K(176640K)
[233.664s][info][gc,heap        ] GC(2249) ParOldGen: 1133936K(1398272K)->1134000K(1398272K)
[233.664s][info][gc,metaspace   ] GC(2249) Metaspace: 126530K(130752K)->126530K(130752K) NonClass: 108430K(109056K)->108430K(109056K) Class: 18100K(21696K)->18100K(21696K)
[233.664s][info][gc             ] GC(2249) Pause Young (Allocation Failure) 1510M->1279M(1771M) 16.046ms
[233.664s][info][gc,cpu         ] GC(2249) User=0.52s Sys=0.00s Real=0.01s
[233.680s][info][gc,start       ] GC(2250) Pause Young (Allocation Failure)
[233.701s][info][gc,heap        ] GC(2250) PSYoungGen: 415709K(415744K)->207250K(465920K) Eden: 239104K(239104K)->0K(232960K) From: 176605K(176640K)->207250K(232960K)
[233.701s][info][gc,heap        ] GC(2250) ParOldGen: 1134000K(1398272K)->1134175K(1398272K)
[233.701s][info][gc,metaspace   ] GC(2250) Metaspace: 126530K(130752K)->126530K(130752K) NonClass: 108430K(109056K)->108430K(109056K) Class: 18100K(21696K)->18100K(21696K)
[233.701s][info][gc             ] GC(2250) Pause Young (Allocation Failure) 1513M->1309M(1820M) 21.056ms
[233.701s][info][gc,cpu         ] GC(2250) User=0.72s Sys=0.05s Real=0.02s
[233.717s][info][gc,start       ] GC(2251) Pause Young (Allocation Failure)
[233.738s][info][gc,heap        ] GC(2251) PSYoungGen: 440210K(465920K)->222795K(465920K) Eden: 232960K(232960K)->0K(232960K) From: 207250K(232960K)->222795K(232960K)
[233.738s][info][gc,heap        ] GC(2251) ParOldGen: 1134175K(1398272K)->1134239K(1398272K)
[233.738s][info][gc,metaspace   ] GC(2251) Metaspace: 126530K(130752K)->126530K(130752K) NonClass: 108430K(109056K)->108430K(109056K) Class: 18100K(21696K)->18100K(21696K)
[233.738s][info][gc             ] GC(2251) Pause Young (Allocation Failure) 1537M->1325M(1820M) 21.654ms
[233.738s][info][gc,cpu         ] GC(2251) User=0.52s Sys=0.00s Real=0.02s
[233.751s][info][gc,start       ] GC(2252) Pause Young (Allocation Failure)
[233.775s][info][gc,heap        ] GC(2252) PSYoungGen: 455755K(465920K)->219300K(465920K) Eden: 232960K(232960K)->0K(232960K) From: 222795K(232960K)->219300K(232960K)
[233.775s][info][gc,heap        ] GC(2252) ParOldGen: 1134239K(1398272K)->1146637K(1398272K)
[233.775s][info][gc,metaspace   ] GC(2252) Metaspace: 126530K(130752K)->126530K(130752K) NonClass: 108430K(109056K)->108430K(109056K) Class: 18100K(21696K)->18100K(21696K)
[233.775s][info][gc             ] GC(2252) Pause Young (Allocation Failure) 1552M->1333M(1820M) 24.003ms
[233.775s][info][gc,cpu         ] GC(2252) User=0.53s Sys=0.05s Real=0.03s
[233.789s][info][gc,start       ] GC(2253) Pause Young (Allocation Failure)
[233.809s][info][gc,heap        ] GC(2253) PSYoungGen: 452260K(465920K)->148036K(465920K) Eden: 232960K(232960K)->0K(232960K) From: 219300K(232960K)->148036K(232960K)
[233.809s][info][gc,heap        ] GC(2253) ParOldGen: 1146637K(1398272K)->1204401K(1398272K)
[233.809s][info][gc,metaspace   ] GC(2253) Metaspace: 126530K(130752K)->126530K(130752K) NonClass: 108430K(109056K)->108430K(109056K) Class: 18100K(21696K)->18100K(21696K)
[233.809s][info][gc             ] GC(2253) Pause Young (Allocation Failure) 1561M->1320M(1820M) 20.210ms
[233.809s][info][gc,cpu         ] GC(2253) User=0.52s Sys=0.00s Real=0.02s
[233.822s][info][gc,start       ] GC(2254) Pause Young (Allocation Failure)
[233.836s][info][gc,heap        ] GC(2254) PSYoungGen: 380996K(465920K)->91080K(465920K) Eden: 232960K(232960K)->0K(232960K) From: 148036K(232960K)->91080K(232960K)
[233.836s][info][gc,heap        ] GC(2254) ParOldGen: 1204401K(1398272K)->1250229K(1398272K)
[233.836s][info][gc,metaspace   ] GC(2254) Metaspace: 126530K(130752K)->126530K(130752K) NonClass: 108430K(109056K)->108430K(109056K) Class: 18100K(21696K)->18100K(21696K)
[233.836s][info][gc             ] GC(2254) Pause Young (Allocation Failure) 1548M->1309M(1820M) 13.325ms
[233.836s][info][gc,cpu         ] GC(2254) User=0.08s Sys=0.00s Real=0.02s
[233.848s][info][gc,start       ] GC(2255) Pause Young (Allocation Failure)
[233.857s][info][gc,heap        ] GC(2255) PSYoungGen: 324040K(465920K)->85949K(465920K) Eden: 232960K(232960K)->0K(232960K) From: 91080K(232960K)->85949K(232960K)
[233.857s][info][gc,heap        ] GC(2255) ParOldGen: 1250229K(1398272K)->1259379K(1398272K)
[233.857s][info][gc,metaspace   ] GC(2255) Metaspace: 126530K(130752K)->126530K(130752K) NonClass: 108430K(109056K)->108430K(109056K) Class: 18100K(21696K)->18100K(21696K)
[233.857s][info][gc             ] GC(2255) Pause Young (Allocation Failure) 1537M->1313M(1820M) 9.593ms
[233.857s][info][gc,cpu         ] GC(2255) User=0.52s Sys=0.00s Real=0.01s
[233.869s][info][gc,start       ] GC(2256) Pause Young (Allocation Failure)
[233.879s][info][gc,heap        ] GC(2256) PSYoungGen: 318909K(465920K)->98087K(465920K) Eden: 232960K(232960K)->0K(232960K) From: 85949K(232960K)->98087K(232960K)
[233.879s][info][gc,heap        ] GC(2256) ParOldGen: 1259379K(1398272K)->1260790K(1398272K)
[233.879s][info][gc,metaspace   ] GC(2256) Metaspace: 126530K(130752K)->126530K(130752K) NonClass: 108430K(109056K)->108430K(109056K) Class: 18100K(21696K)->18100K(21696K)
[233.879s][info][gc             ] GC(2256) Pause Young (Allocation Failure) 1541M->1327M(1820M) 9.284ms
[233.879s][info][gc,cpu         ] GC(2256) User=0.00s Sys=0.00s Real=0.00s
[233.892s][info][gc,start       ] GC(2257) Pause Young (Allocation Failure)
[233.902s][info][gc,heap        ] GC(2257) PSYoungGen: 331047K(465920K)->102769K(465920K) Eden: 232960K(232960K)->0K(232960K) From: 98087K(232960K)->102769K(232960K)
[233.902s][info][gc,heap        ] GC(2257) ParOldGen: 1260790K(1398272K)->1261921K(1398272K)
[233.902s][info][gc,metaspace   ] GC(2257) Metaspace: 126530K(130752K)->126530K(130752K) NonClass: 108430K(109056K)->108430K(109056K) Class: 18100K(21696K)->18100K(21696K)
[233.902s][info][gc             ] GC(2257) Pause Young (Allocation Failure) 1554M->1332M(1820M) 10.479ms
[233.902s][info][gc,cpu         ] GC(2257) User=0.41s Sys=0.02s Real=0.02s
[233.914s][info][gc,start       ] GC(2258) Pause Young (Allocation Failure)
[233.925s][info][gc,heap        ] GC(2258) PSYoungGen: 335729K(465920K)->111728K(465920K) Eden: 232960K(232960K)->0K(232960K) From: 102769K(232960K)->111728K(232960K)
[233.925s][info][gc,heap        ] GC(2258) ParOldGen: 1261921K(1398272K)->1262162K(1398272K)
[233.925s][info][gc,metaspace   ] GC(2258) Metaspace: 126530K(130752K)->126530K(130752K) NonClass: 108430K(109056K)->108430K(109056K) Class: 18100K(21696K)->18100K(21696K)
[233.925s][info][gc             ] GC(2258) Pause Young (Allocation Failure) 1560M->1341M(1820M) 10.623ms
[233.925s][info][gc,cpu         ] GC(2258) User=0.00s Sys=0.00s Real=0.00s
[233.937s][info][gc,start       ] GC(2259) Pause Young (Allocation Failure)
[233.950s][info][gc,heap        ] GC(2259) PSYoungGen: 344688K(465920K)->67729K(465920K) Eden: 232960K(232960K)->0K(232960K) From: 111728K(232960K)->67729K(232960K)
[233.950s][info][gc,heap        ] GC(2259) ParOldGen: 1262162K(1398272K)->1316568K(1398272K)
[233.950s][info][gc,metaspace   ] GC(2259) Metaspace: 126530K(130752K)->126530K(130752K) NonClass: 108430K(109056K)->108430K(109056K) Class: 18100K(21696K)->18100K(21696K)
[233.950s][info][gc             ] GC(2259) Pause Young (Allocation Failure) 1569M->1351M(1820M) 12.905ms
[233.950s][info][gc,cpu         ] GC(2259) User=0.47s Sys=0.00s Real=0.02s
[233.962s][info][gc,start       ] GC(2260) Pause Young (Allocation Failure)
[233.969s][info][gc,heap        ] GC(2260) PSYoungGen: 300689K(465920K)->55757K(465920K) Eden: 232960K(232960K)->0K(232960K) From: 67729K(232960K)->55757K(232960K)
[233.969s][info][gc,heap        ] GC(2260) ParOldGen: 1316568K(1398272K)->1333343K(1398272K)
[233.969s][info][gc,metaspace   ] GC(2260) Metaspace: 126530K(130752K)->126530K(130752K) NonClass: 108430K(109056K)->108430K(109056K) Class: 18100K(21696K)->18100K(21696K)
[233.969s][info][gc             ] GC(2260) Pause Young (Allocation Failure) 1579M->1356M(1820M) 6.729ms
[233.969s][info][gc,cpu         ] GC(2260) User=0.00s Sys=0.00s Real=0.00s
[233.980s][info][gc,start       ] GC(2261) Pause Young (Allocation Failure)
[233.986s][info][gc,heap        ] GC(2261) PSYoungGen: 288717K(465920K)->50992K(465920K) Eden: 232960K(232960K)->0K(232960K) From: 55757K(232960K)->50992K(232960K)
[233.986s][info][gc,heap        ] GC(2261) ParOldGen: 1333343K(1398272K)->1352412K(1398272K)
[233.986s][info][gc,metaspace   ] GC(2261) Metaspace: 126530K(130752K)->126530K(130752K) NonClass: 108430K(109056K)->108430K(109056K) Class: 18100K(21696K)->18100K(21696K)
[233.986s][info][gc             ] GC(2261) Pause Young (Allocation Failure) 1584M->1370M(1820M) 6.052ms
[233.986s][info][gc,cpu         ] GC(2261) User=0.00s Sys=0.00s Real=0.00s
[233.986s][info][gc,start       ] GC(2262) Pause Full (Ergonomics)
[233.986s][info][gc,phases,start] GC(2262) Marking Phase
[234.029s][info][gc,phases      ] GC(2262) Marking Phase 42.940ms
[234.029s][info][gc,phases,start] GC(2262) Summary Phase
[234.029s][info][gc,phases      ] GC(2262) Summary Phase 0.056ms
[234.029s][info][gc,phases,start] GC(2262) Adjust Roots
[234.044s][info][gc,phases      ] GC(2262) Adjust Roots 14.444ms
[234.044s][info][gc,phases,start] GC(2262) Compaction Phase
[234.072s][info][gc,phases      ] GC(2262) Compaction Phase 28.529ms
[234.073s][info][gc,phases,start] GC(2262) Post Compact
[234.080s][info][gc,phases      ] GC(2262) Post Compact 7.026ms
[234.080s][info][gc,heap        ] GC(2262) PSYoungGen: 50992K(465920K)->0K(465920K) Eden: 0K(232960K)->0K(232960K) From: 50992K(232960K)->0K(232960K)
[234.080s][info][gc,heap        ] GC(2262) ParOldGen: 1352412K(1398272K)->1233432K(1398272K)
[234.080s][info][gc,metaspace   ] GC(2262) Metaspace: 126530K(130752K)->126530K(130752K) NonClass: 108430K(109056K)->108430K(109056K) Class: 18100K(21696K)->18100K(21696K)
[234.080s][info][gc             ] GC(2262) Pause Full (Ergonomics) 1370M->1204M(1820M) 93.282ms
[234.080s][info][gc,cpu         ] GC(2262) User=1.47s Sys=0.02s Real=0.09s
[234.095s][info][gc,start       ] GC(2263) Pause Young (Allocation Failure)
[234.098s][info][gc,heap        ] GC(2263) PSYoungGen: 232960K(465920K)->28140K(465920K) Eden: 232960K(232960K)->0K(232960K) From: 0K(232960K)->28140K(232960K)
[234.098s][info][gc,heap        ] GC(2263) ParOldGen: 1233432K(1398272K)->1233432K(1398272K)
[234.098s][info][gc,metaspace   ] GC(2263) Metaspace: 126530K(130752K)->126530K(130752K) NonClass: 108430K(109056K)->108430K(109056K) Class: 18100K(21696K)->18100K(21696K)
[234.098s][info][gc             ] GC(2263) Pause Young (Allocation Failure) 1432M->1232M(1820M) 3.496ms
[234.098s][info][gc,cpu         ] GC(2263) User=0.53s Sys=0.00s Real=0.02s
[234.111s][info][gc,start       ] GC(2264) Pause Young (Allocation Failure)
[234.118s][info][gc,heap        ] GC(2264) PSYoungGen: 261100K(465920K)->43296K(465920K) Eden: 232960K(232960K)->0K(232960K) From: 28140K(232960K)->43296K(232960K)
[234.118s][info][gc,heap        ] GC(2264) ParOldGen: 1233432K(1398272K)->1260647K(1398272K)
[234.118s][info][gc,metaspace   ] GC(2264) Metaspace: 126530K(130752K)->126530K(130752K) NonClass: 108430K(109056K)->108430K(109056K) Class: 18100K(21696K)->18100K(21696K)
[234.118s][info][gc             ] GC(2264) Pause Young (Allocation Failure) 1459M->1273M(1820M) 6.638ms
[234.118s][info][gc,cpu         ] GC(2264) User=0.52s Sys=0.00s Real=0.02s
[234.131s][info][gc,start       ] GC(2265) Pause Young (Allocation Failure)
[234.139s][info][gc,heap        ] GC(2265) PSYoungGen: 276256K(465920K)->42817K(465920K) Eden: 232960K(232960K)->0K(232960K) From: 43296K(232960K)->42817K(232960K)
[234.139s][info][gc,heap        ] GC(2265) ParOldGen: 1260647K(1398272K)->1302320K(1398272K)
[234.139s][info][gc,metaspace   ] GC(2265) Metaspace: 126530K(130752K)->126530K(130752K) NonClass: 108430K(109056K)->108430K(109056K) Class: 18100K(21696K)->18100K(21696K)
[234.139s][info][gc             ] GC(2265) Pause Young (Allocation Failure) 1500M->1313M(1820M) 8.158ms
[234.139s][info][gc,cpu         ] GC(2265) User=0.00s Sys=0.00s Real=0.00s
[234.152s][info][gc,start       ] GC(2266) Pause Young (Allocation Failure)
[234.159s][info][gc,heap        ] GC(2266) PSYoungGen: 275777K(465920K)->33610K(463872K) Eden: 232960K(232960K)->0K(232960K) From: 42817K(232960K)->33610K(230912K)
[234.159s][info][gc,heap        ] GC(2266) ParOldGen: 1302320K(1398272K)->1341711K(1398272K)
[234.159s][info][gc,metaspace   ] GC(2266) Metaspace: 126530K(130752K)->126530K(130752K) NonClass: 108430K(109056K)->108430K(109056K) Class: 18100K(21696K)->18100K(21696K)
[234.159s][info][gc             ] GC(2266) Pause Young (Allocation Failure) 1541M->1343M(1818M) 7.307ms
[234.159s][info][gc,cpu         ] GC(2266) User=0.11s Sys=0.00s Real=0.02s
[234.159s][info][gc,start       ] GC(2267) Pause Full (Ergonomics)
[234.159s][info][gc,phases,start] GC(2267) Marking Phase
[234.210s][info][gc,phases      ] GC(2267) Marking Phase 51.061ms
[234.211s][info][gc,phases,start] GC(2267) Summary Phase
[234.211s][info][gc,phases      ] GC(2267) Summary Phase 0.060ms
[234.211s][info][gc,phases,start] GC(2267) Adjust Roots
[234.221s][info][gc,phases      ] GC(2267) Adjust Roots 9.970ms
[234.221s][info][gc,phases,start] GC(2267) Compaction Phase
[234.240s][info][gc,phases      ] GC(2267) Compaction Phase 18.940ms
[234.240s][info][gc,phases,start] GC(2267) Post Compact
[234.248s][info][gc,phases      ] GC(2267) Post Compact 8.785ms
[234.249s][info][gc,heap        ] GC(2267) PSYoungGen: 33610K(463872K)->0K(464896K) Eden: 0K(232960K)->0K(232960K) From: 33610K(230912K)->0K(231936K)
[234.249s][info][gc,heap        ] GC(2267) ParOldGen: 1341711K(1398272K)->1241640K(1398272K)
[234.249s][info][gc,metaspace   ] GC(2267) Metaspace: 126530K(130752K)->126530K(130752K) NonClass: 108430K(109056K)->108430K(109056K) Class: 18100K(21696K)->18100K(21696K)
[234.249s][info][gc             ] GC(2267) Pause Full (Ergonomics) 1343M->1212M(1819M) 89.303ms
[234.249s][info][gc,cpu         ] GC(2267) User=1.09s Sys=0.00s Real=0.08s
[234.267s][info][gc,start       ] GC(2268) Pause Young (Allocation Failure)
[234.273s][info][gc,heap        ] GC(2268) PSYoungGen: 232960K(464896K)->41567K(451584K) Eden: 232960K(232960K)->0K(235008K) From: 0K(231936K)->41567K(216576K)
[234.274s][info][gc,heap        ] GC(2268) ParOldGen: 1241640K(1398272K)->1241640K(1398272K)
[234.274s][info][gc,metaspace   ] GC(2268) Metaspace: 126530K(130752K)->126530K(130752K) NonClass: 108430K(109056K)->108430K(109056K) Class: 18100K(21696K)->18100K(21696K)
[234.274s][info][gc             ] GC(2268) Pause Young (Allocation Failure) 1440M->1253M(1806M) 6.607ms
[234.274s][info][gc,cpu         ] GC(2268) User=0.52s Sys=0.00s Real=0.02s
[234.287s][info][gc,start       ] GC(2269) Pause Young (Allocation Failure)
[234.293s][info][gc,heap        ] GC(2269) PSYoungGen: 276575K(451584K)->53807K(459264K) Eden: 235008K(235008K)->0K(235008K) From: 41567K(216576K)->53807K(224256K)
[234.294s][info][gc,heap        ] GC(2269) ParOldGen: 1241640K(1398272K)->1241640K(1398272K)
[234.294s][info][gc,metaspace   ] GC(2269) Metaspace: 126530K(130752K)->126530K(130752K) NonClass: 108430K(109056K)->108430K(109056K) Class: 18100K(21696K)->18100K(21696K)
[234.294s][info][gc             ] GC(2269) Pause Young (Allocation Failure) 1482M->1265M(1814M) 6.443ms
[234.294s][info][gc,cpu         ] GC(2269) User=0.00s Sys=0.00s Real=0.00s
[234.306s][info][gc,start       ] GC(2270) Pause Young (Allocation Failure)
[234.315s][info][gc,heap        ] GC(2270) PSYoungGen: 288815K(459264K)->69722K(441856K) Eden: 235008K(235008K)->0K(250368K) From: 53807K(224256K)->69722K(191488K)
[234.315s][info][gc,heap        ] GC(2270) ParOldGen: 1241640K(1398272K)->1241640K(1398272K)
[234.315s][info][gc,metaspace   ] GC(2270) Metaspace: 126530K(130752K)->126530K(130752K) NonClass: 108430K(109056K)->108430K(109056K) Class: 18100K(21696K)->18100K(21696K)
[234.315s][info][gc             ] GC(2270) Pause Young (Allocation Failure) 1494M->1280M(1797M) 9.009ms
[234.315s][info][gc,cpu         ] GC(2270) User=0.02s Sys=0.02s Real=0.02s
[234.328s][info][gc,start       ] GC(2271) Pause Young (Allocation Failure)
[234.337s][info][gc,heap        ] GC(2271) PSYoungGen: 320090K(441856K)->84160K(453120K) Eden: 250368K(250368K)->0K(250368K) From: 69722K(191488K)->84160K(202752K)
[234.337s][info][gc,heap        ] GC(2271) ParOldGen: 1241640K(1398272K)->1241640K(1398272K)
[234.337s][info][gc,metaspace   ] GC(2271) Metaspace: 126530K(130752K)->126530K(130752K) NonClass: 108430K(109056K)->108430K(109056K) Class: 18100K(21696K)->18100K(21696K)
[234.337s][info][gc             ] GC(2271) Pause Young (Allocation Failure) 1525M->1294M(1808M) 8.123ms
[234.337s][info][gc,cpu         ] GC(2271) User=0.44s Sys=0.00s Real=0.02s
[234.349s][info][gc,start       ] GC(2272) Pause Young (Allocation Failure)
[234.359s][info][gc,heap        ] GC(2272) PSYoungGen: 334528K(453120K)->93829K(450560K) Eden: 250368K(250368K)->0K(268288K) From: 84160K(202752K)->93829K(182272K)
[234.359s][info][gc,heap        ] GC(2272) ParOldGen: 1241640K(1398272K)->1241640K(1398272K)
[234.359s][info][gc,metaspace   ] GC(2272) Metaspace: 126530K(130752K)->126530K(130752K) NonClass: 108430K(109056K)->108430K(109056K) Class: 18100K(21696K)->18100K(21696K)
[234.359s][info][gc             ] GC(2272) Pause Young (Allocation Failure) 1539M->1304M(1805M) 9.642ms
[234.359s][info][gc,cpu         ] GC(2272) User=0.00s Sys=0.00s Real=0.00s
[234.373s][info][gc,start       ] GC(2273) Pause Young (Allocation Failure)
[234.382s][info][gc,heap        ] GC(2273) PSYoungGen: 362117K(450560K)->101706K(455168K) Eden: 268288K(268288K)->0K(268288K) From: 93829K(182272K)->101706K(186880K)
[234.382s][info][gc,heap        ] GC(2273) ParOldGen: 1241640K(1398272K)->1241640K(1398272K)
[234.382s][info][gc,metaspace   ] GC(2273) Metaspace: 126530K(130752K)->126530K(130752K) NonClass: 108430K(109056K)->108430K(109056K) Class: 18100K(21696K)->18100K(21696K)
[234.382s][info][gc             ] GC(2273) Pause Young (Allocation Failure) 1566M->1311M(1810M) 9.241ms
[234.382s][info][gc,cpu         ] GC(2273) User=0.39s Sys=0.00s Real=0.02s
[234.395s][info][gc,start       ] GC(2274) Pause Young (Allocation Failure)
[234.406s][info][gc,heap        ] GC(2274) PSYoungGen: 369994K(455168K)->118081K(468480K) Eden: 268288K(268288K)->0K(284160K) From: 101706K(186880K)->118081K(184320K)
[234.406s][info][gc,heap        ] GC(2274) ParOldGen: 1241640K(1398272K)->1241640K(1398272K)
[234.406s][info][gc,metaspace   ] GC(2274) Metaspace: 126530K(130752K)->126530K(130752K) NonClass: 108430K(109056K)->108430K(109056K) Class: 18100K(21696K)->18100K(21696K)
[234.406s][info][gc             ] GC(2274) Pause Young (Allocation Failure) 1573M->1327M(1823M) 11.070ms
[234.406s][info][gc,cpu         ] GC(2274) User=0.00s Sys=0.00s Real=0.00s
[234.422s][info][gc,start       ] GC(2275) Pause Young (Allocation Failure)
[234.434s][info][gc,heap        ] GC(2275) PSYoungGen: 402241K(468480K)->135860K(472064K) Eden: 284160K(284160K)->0K(284160K) From: 118081K(184320K)->135860K(187904K)
[234.434s][info][gc,heap        ] GC(2275) ParOldGen: 1241640K(1398272K)->1241640K(1398272K)
[234.434s][info][gc,metaspace   ] GC(2275) Metaspace: 126530K(130752K)->126530K(130752K) NonClass: 108430K(109056K)->108430K(109056K) Class: 18100K(21696K)->18100K(21696K)
[234.434s][info][gc             ] GC(2275) Pause Young (Allocation Failure) 1605M->1345M(1826M) 12.345ms
[234.434s][info][gc,cpu         ] GC(2275) User=0.47s Sys=0.00s Real=0.01s
[234.449s][info][gc,start       ] GC(2276) Pause Young (Allocation Failure)
[234.464s][info][gc,heap        ] GC(2276) PSYoungGen: 420020K(472064K)->153279K(477184K) Eden: 284160K(284160K)->0K(281088K) From: 135860K(187904K)->153279K(196096K)
[234.464s][info][gc,heap        ] GC(2276) ParOldGen: 1241640K(1398272K)->1241640K(1398272K)
[234.464s][info][gc,metaspace   ] GC(2276) Metaspace: 126530K(130752K)->126530K(130752K) NonClass: 108430K(109056K)->108430K(109056K) Class: 18100K(21696K)->18100K(21696K)
[234.464s][info][gc             ] GC(2276) Pause Young (Allocation Failure) 1622M->1362M(1831M) 14.824ms
[234.464s][info][gc,cpu         ] GC(2276) User=0.48s Sys=0.03s Real=0.02s
[234.479s][info][gc,start       ] GC(2277) Pause Young (Allocation Failure)
[234.494s][info][gc,heap        ] GC(2277) PSYoungGen: 434367K(477184K)->167755K(449024K) Eden: 281088K(281088K)->0K(281088K) From: 153279K(196096K)->167755K(167936K)
[234.494s][info][gc,heap        ] GC(2277) ParOldGen: 1241640K(1398272K)->1241640K(1398272K)
[234.494s][info][gc,metaspace   ] GC(2277) Metaspace: 126530K(130752K)->126530K(130752K) NonClass: 108430K(109056K)->108430K(109056K) Class: 18100K(21696K)->18100K(21696K)
[234.494s][info][gc             ] GC(2277) Pause Young (Allocation Failure) 1636M->1376M(1804M) 15.021ms
[234.494s][info][gc,cpu         ] GC(2277) User=0.52s Sys=0.00s Real=0.02s
[234.509s][info][gc,start       ] GC(2278) Pause Young (Allocation Failure)
[234.525s][info][gc,heap        ] GC(2278) PSYoungGen: 448843K(449024K)->170175K(456704K) Eden: 281088K(281088K)->0K(232960K) From: 167755K(167936K)->170175K(223744K)
[234.525s][info][gc,heap        ] GC(2278) ParOldGen: 1241640K(1398272K)->1241640K(1398272K)
[234.525s][info][gc,metaspace   ] GC(2278) Metaspace: 126530K(130752K)->126530K(130752K) NonClass: 108430K(109056K)->108430K(109056K) Class: 18100K(21696K)->18100K(21696K)
[234.525s][info][gc             ] GC(2278) Pause Young (Allocation Failure) 1650M->1378M(1811M) 16.035ms
[234.525s][info][gc,cpu         ] GC(2278) User=0.52s Sys=0.00s Real=0.02s
[234.536s][info][gc,start       ] GC(2279) Pause Young (Allocation Failure)
[234.553s][info][gc,heap        ] GC(2279) PSYoungGen: 403135K(456704K)->151290K(465920K) Eden: 232960K(232960K)->0K(232960K) From: 170175K(223744K)->151290K(232960K)
[234.553s][info][gc,heap        ] GC(2279) ParOldGen: 1241640K(1398272K)->1266354K(1398272K)
[234.553s][info][gc,metaspace   ] GC(2279) Metaspace: 126530K(130752K)->126530K(130752K) NonClass: 108430K(109056K)->108430K(109056K) Class: 18100K(21696K)->18100K(21696K)
[234.553s][info][gc             ] GC(2279) Pause Young (Allocation Failure) 1606M->1384M(1820M) 16.912ms
[234.553s][info][gc,cpu         ] GC(2279) User=0.42s Sys=0.00s Real=0.01s
[234.565s][info][gc,start       ] GC(2280) Pause Young (Allocation Failure)
[234.579s][info][gc,heap        ] GC(2280) PSYoungGen: 384250K(465920K)->142473K(465920K) Eden: 232960K(232960K)->0K(232960K) From: 151290K(232960K)->142473K(232960K)
[234.579s][info][gc,heap        ] GC(2280) ParOldGen: 1266354K(1398272K)->1282862K(1398272K)
[234.579s][info][gc,metaspace   ] GC(2280) Metaspace: 126530K(130752K)->126530K(130752K) NonClass: 108430K(109056K)->108430K(109056K) Class: 18100K(21696K)->18100K(21696K)
[234.579s][info][gc             ] GC(2280) Pause Young (Allocation Failure) 1611M->1391M(1820M) 14.423ms
[234.579s][info][gc,cpu         ] GC(2280) User=0.00s Sys=0.00s Real=0.00s
[234.590s][info][gc,start       ] GC(2281) Pause Young (Allocation Failure)
[234.604s][info][gc,heap        ] GC(2281) PSYoungGen: 371085K(465920K)->145436K(465920K) Eden: 228611K(232960K)->0K(232960K) From: 142473K(232960K)->145436K(232960K)
[234.604s][info][gc,heap        ] GC(2281) ParOldGen: 1282862K(1398272K)->1282964K(1398272K)
[234.604s][info][gc,metaspace   ] GC(2281) Metaspace: 126530K(130752K)->126530K(130752K) NonClass: 108430K(109056K)->108430K(109056K) Class: 18100K(21696K)->18100K(21696K)
[234.604s][info][gc             ] GC(2281) Pause Young (Allocation Failure) 1615M->1394M(1820M) 13.450ms
[234.604s][info][gc,cpu         ] GC(2281) User=0.52s Sys=0.00s Real=0.02s
[234.615s][info][gc,start       ] GC(2282) Pause Young (Allocation Failure)
[234.631s][info][gc,heap        ] GC(2282) PSYoungGen: 378396K(465920K)->153828K(465920K) Eden: 232960K(232960K)->0K(232960K) From: 145436K(232960K)->153828K(232960K)
[234.631s][info][gc,heap        ] GC(2282) ParOldGen: 1282964K(1398272K)->1291284K(1398272K)
[234.631s][info][gc,metaspace   ] GC(2282) Metaspace: 126530K(130752K)->126530K(130752K) NonClass: 108430K(109056K)->108430K(109056K) Class: 18100K(21696K)->18100K(21696K)
[234.631s][info][gc             ] GC(2282) Pause Young (Allocation Failure) 1622M->1411M(1820M) 15.647ms
[234.631s][info][gc,cpu         ] GC(2282) User=0.48s Sys=0.00s Real=0.02s
[234.643s][info][gc,start       ] GC(2283) Pause Young (Allocation Failure)
[234.658s][info][gc,heap        ] GC(2283) PSYoungGen: 386788K(465920K)->120674K(353792K) Eden: 232960K(232960K)->0K(232960K) From: 153828K(232960K)->120674K(120832K)
[234.658s][info][gc,heap        ] GC(2283) ParOldGen: 1291284K(1398272K)->1336838K(1398272K)
[234.658s][info][gc,metaspace   ] GC(2283) Metaspace: 126530K(130752K)->126530K(130752K) NonClass: 108430K(109056K)->108430K(109056K) Class: 18100K(21696K)->18100K(21696K)
[234.658s][info][gc             ] GC(2283) Pause Young (Allocation Failure) 1638M->1423M(1711M) 15.643ms
[234.658s][info][gc,cpu         ] GC(2283) User=0.45s Sys=0.06s Real=0.02s
[234.670s][info][gc,start       ] GC(2284) Pause Young (Allocation Failure)
[234.682s][info][gc,heap        ] GC(2284) PSYoungGen: 353634K(353792K)->107938K(466432K) Eden: 232960K(232960K)->0K(240640K) From: 120674K(120832K)->107938K(225792K)
[234.682s][info][gc,heap        ] GC(2284) ParOldGen: 1336838K(1398272K)->1361877K(1398272K)
[234.682s][info][gc,metaspace   ] GC(2284) Metaspace: 126530K(130752K)->126530K(130752K) NonClass: 108430K(109056K)->108430K(109056K) Class: 18100K(21696K)->18100K(21696K)
[234.683s][info][gc             ] GC(2284) Pause Young (Allocation Failure) 1650M->1435M(1821M) 12.233ms
[234.683s][info][gc,cpu         ] GC(2284) User=0.52s Sys=0.00s Real=0.01s
[234.683s][info][gc,start       ] GC(2285) Pause Full (Ergonomics)
[234.683s][info][gc,phases,start] GC(2285) Marking Phase
[234.724s][info][gc,phases      ] GC(2285) Marking Phase 41.277ms
[234.724s][info][gc,phases,start] GC(2285) Summary Phase
[234.724s][info][gc,phases      ] GC(2285) Summary Phase 0.068ms
[234.724s][info][gc,phases,start] GC(2285) Adjust Roots
[234.739s][info][gc,phases      ] GC(2285) Adjust Roots 14.668ms
[234.739s][info][gc,phases,start] GC(2285) Compaction Phase
[234.767s][info][gc,phases      ] GC(2285) Compaction Phase 27.888ms
[234.767s][info][gc,phases,start] GC(2285) Post Compact
[234.774s][info][gc,phases      ] GC(2285) Post Compact 7.663ms
[234.774s][info][gc,heap        ] GC(2285) PSYoungGen: 107938K(466432K)->0K(458752K) Eden: 0K(240640K)->0K(240640K) From: 107938K(225792K)->0K(218112K)
[234.775s][info][gc,heap        ] GC(2285) ParOldGen: 1361877K(1398272K)->1361545K(1398272K)
[234.775s][info][gc,metaspace   ] GC(2285) Metaspace: 126530K(130752K)->126530K(130752K) NonClass: 108430K(109056K)->108430K(109056K) Class: 18100K(21696K)->18100K(21696K)
[234.775s][info][gc             ] GC(2285) Pause Full (Ergonomics) 1435M->1329M(1813M) 91.881ms
[234.775s][info][gc,cpu         ] GC(2285) User=1.56s Sys=0.00s Real=0.09s
[234.791s][info][gc,start       ] GC(2286) Pause Full (Ergonomics)
[234.791s][info][gc,phases,start] GC(2286) Marking Phase
[234.840s][info][gc,phases      ] GC(2286) Marking Phase 48.604ms
[234.840s][info][gc,phases,start] GC(2286) Summary Phase
[234.840s][info][gc,phases      ] GC(2286) Summary Phase 0.065ms
[234.840s][info][gc,phases,start] GC(2286) Adjust Roots
[234.858s][info][gc,phases      ] GC(2286) Adjust Roots 18.180ms
[234.858s][info][gc,phases,start] GC(2286) Compaction Phase
[234.880s][info][gc,phases      ] GC(2286) Compaction Phase 21.181ms
[234.880s][info][gc,phases,start] GC(2286) Post Compact
[234.890s][info][gc,phases      ] GC(2286) Post Compact 10.210ms
[234.890s][info][gc,heap        ] GC(2286) PSYoungGen: 240640K(458752K)->0K(473088K) Eden: 240640K(240640K)->0K(254976K) From: 0K(218112K)->0K(218112K)
[234.890s][info][gc,heap        ] GC(2286) ParOldGen: 1361545K(1398272K)->1358547K(1398272K)
[234.890s][info][gc,metaspace   ] GC(2286) Metaspace: 126530K(130752K)->126530K(130752K) NonClass: 108430K(109056K)->108430K(109056K) Class: 18100K(21696K)->18100K(21696K)
[234.890s][info][gc             ] GC(2286) Pause Full (Ergonomics) 1564M->1326M(1827M) 98.814ms
[234.890s][info][gc,cpu         ] GC(2286) User=1.39s Sys=0.08s Real=0.09s
[234.911s][info][gc,start       ] GC(2287) Pause Full (Ergonomics)
[234.911s][info][gc,phases,start] GC(2287) Marking Phase
[234.965s][info][gc,phases      ] GC(2287) Marking Phase 54.208ms
[234.965s][info][gc,phases,start] GC(2287) Summary Phase
[234.965s][info][gc,phases      ] GC(2287) Summary Phase 0.061ms
[234.965s][info][gc,phases,start] GC(2287) Adjust Roots
[234.984s][info][gc,phases      ] GC(2287) Adjust Roots 18.445ms
[234.984s][info][gc,phases,start] GC(2287) Compaction Phase
[235.007s][info][gc,phases      ] GC(2287) Compaction Phase 23.614ms
[235.007s][info][gc,phases,start] GC(2287) Post Compact
[235.016s][info][gc,phases      ] GC(2287) Post Compact 8.586ms
[235.016s][info][gc,heap        ] GC(2287) PSYoungGen: 254976K(473088K)->0K(473088K) Eden: 254976K(254976K)->0K(254976K) From: 0K(218112K)->0K(218112K)
[235.016s][info][gc,heap        ] GC(2287) ParOldGen: 1358547K(1398272K)->1376004K(1398272K)
[235.016s][info][gc,metaspace   ] GC(2287) Metaspace: 126530K(130752K)->126530K(130752K) NonClass: 108430K(109056K)->108430K(109056K) Class: 18100K(21696K)->18100K(21696K)
[235.016s][info][gc             ] GC(2287) Pause Full (Ergonomics) 1575M->1343M(1827M) 105.279ms
[235.016s][info][gc,cpu         ] GC(2287) User=1.58s Sys=0.02s Real=0.09s
[235.034s][info][gc,start       ] GC(2288) Pause Full (Ergonomics)
[235.034s][info][gc,phases,start] GC(2288) Marking Phase
[235.078s][info][gc,phases      ] GC(2288) Marking Phase 44.458ms
[235.078s][info][gc,phases,start] GC(2288) Summary Phase
[235.079s][info][gc,phases      ] GC(2288) Summary Phase 0.063ms
[235.079s][info][gc,phases,start] GC(2288) Adjust Roots
[235.093s][info][gc,phases      ] GC(2288) Adjust Roots 14.639ms
[235.093s][info][gc,phases,start] GC(2288) Compaction Phase
[235.116s][info][gc,phases      ] GC(2288) Compaction Phase 23.155ms
[235.116s][info][gc,phases,start] GC(2288) Post Compact
[235.126s][info][gc,phases      ] GC(2288) Post Compact 9.850ms
[235.126s][info][gc,heap        ] GC(2288) PSYoungGen: 254976K(473088K)->0K(480768K) Eden: 254976K(254976K)->0K(262656K) From: 0K(218112K)->0K(218112K)
[235.126s][info][gc,heap        ] GC(2288) ParOldGen: 1376004K(1398272K)->1368112K(1398272K)
[235.126s][info][gc,metaspace   ] GC(2288) Metaspace: 126530K(130752K)->126530K(130752K) NonClass: 108430K(109056K)->108430K(109056K) Class: 18100K(21696K)->18100K(21696K)
[235.126s][info][gc             ] GC(2288) Pause Full (Ergonomics) 1592M->1336M(1835M) 92.591ms
[235.127s][info][gc,cpu         ] GC(2288) User=1.61s Sys=0.00s Real=0.08s
[235.146s][info][gc,start       ] GC(2289) Pause Full (Ergonomics)
[235.146s][info][gc,phases,start] GC(2289) Marking Phase
[235.199s][info][gc,phases      ] GC(2289) Marking Phase 53.140ms
[235.199s][info][gc,phases,start] GC(2289) Summary Phase
[235.199s][info][gc,phases      ] GC(2289) Summary Phase 0.061ms
[235.199s][info][gc,phases,start] GC(2289) Adjust Roots
[235.217s][info][gc,phases      ] GC(2289) Adjust Roots 17.588ms
[235.217s][info][gc,phases,start] GC(2289) Compaction Phase
[235.239s][info][gc,phases      ] GC(2289) Compaction Phase 21.855ms
[235.239s][info][gc,phases,start] GC(2289) Post Compact
[235.248s][info][gc,phases      ] GC(2289) Post Compact 9.072ms
[235.248s][info][gc,heap        ] GC(2289) PSYoungGen: 262656K(480768K)->0K(480768K) Eden: 262656K(262656K)->0K(262656K) From: 0K(218112K)->0K(218112K)
[235.248s][info][gc,heap        ] GC(2289) ParOldGen: 1368112K(1398272K)->1367709K(1398272K)
[235.248s][info][gc,metaspace   ] GC(2289) Metaspace: 126530K(130752K)->126530K(130752K) NonClass: 108430K(109056K)->108430K(109056K) Class: 18100K(21696K)->18100K(21696K)
[235.248s][info][gc             ] GC(2289) Pause Full (Ergonomics) 1592M->1335M(1835M) 102.088ms
[235.248s][info][gc,cpu         ] GC(2289) User=1.63s Sys=0.00s Real=0.09s
[235.266s][info][gc,start       ] GC(2290) Pause Full (Ergonomics)
[235.266s][info][gc,phases,start] GC(2290) Marking Phase
[235.313s][info][gc,phases      ] GC(2290) Marking Phase 47.113ms
[235.314s][info][gc,phases,start] GC(2290) Summary Phase
[235.314s][info][gc,phases      ] GC(2290) Summary Phase 0.058ms
[235.314s][info][gc,phases,start] GC(2290) Adjust Roots
[235.328s][info][gc,phases      ] GC(2290) Adjust Roots 14.456ms
[235.328s][info][gc,phases,start] GC(2290) Compaction Phase
[235.346s][info][gc,phases      ] GC(2290) Compaction Phase 18.335ms
[235.347s][info][gc,phases,start] GC(2290) Post Compact
[235.357s][info][gc,phases      ] GC(2290) Post Compact 10.348ms
[235.357s][info][gc,heap        ] GC(2290) PSYoungGen: 262026K(480768K)->0K(480768K) Eden: 262026K(262656K)->0K(262656K) From: 0K(218112K)->0K(218112K)
[235.357s][info][gc,heap        ] GC(2290) ParOldGen: 1367709K(1398272K)->1373787K(1398272K)
[235.357s][info][gc,metaspace   ] GC(2290) Metaspace: 126530K(130752K)->126530K(130752K) NonClass: 108430K(109056K)->108430K(109056K) Class: 18100K(21696K)->18100K(21696K)
[235.357s][info][gc             ] GC(2290) Pause Full (Ergonomics) 1591M->1341M(1835M) 90.792ms
[235.357s][info][gc,cpu         ] GC(2290) User=0.67s Sys=0.00s Real=0.08s
[235.376s][info][gc,start       ] GC(2291) Pause Full (Ergonomics)
[235.376s][info][gc,phases,start] GC(2291) Marking Phase
[235.436s][info][gc,phases      ] GC(2291) Marking Phase 59.365ms
[235.436s][info][gc,phases,start] GC(2291) Summary Phase
[235.436s][info][gc,phases      ] GC(2291) Summary Phase 0.061ms
[235.436s][info][gc,phases,start] GC(2291) Adjust Roots
[235.450s][info][gc,phases      ] GC(2291) Adjust Roots 14.468ms
[235.450s][info][gc,phases,start] GC(2291) Compaction Phase
[235.470s][info][gc,phases      ] GC(2291) Compaction Phase 19.892ms
[235.470s][info][gc,phases,start] GC(2291) Post Compact
[235.481s][info][gc,phases      ] GC(2291) Post Compact 10.318ms
[235.481s][info][gc,heap        ] GC(2291) PSYoungGen: 262656K(480768K)->0K(480768K) Eden: 262656K(262656K)->0K(262656K) From: 0K(218112K)->0K(218112K)
[235.481s][info][gc,heap        ] GC(2291) ParOldGen: 1373787K(1398272K)->1384492K(1398272K)
[235.481s][info][gc,metaspace   ] GC(2291) Metaspace: 126530K(130752K)->126530K(130752K) NonClass: 108430K(109056K)->108430K(109056K) Class: 18100K(21696K)->18100K(21696K)
[235.481s][info][gc             ] GC(2291) Pause Full (Ergonomics) 1598M->1352M(1835M) 104.572ms
[235.481s][info][gc,cpu         ] GC(2291) User=2.13s Sys=0.00s Real=0.09s
[235.500s][info][gc,start       ] GC(2292) Pause Full (Ergonomics)
[235.500s][info][gc,phases,start] GC(2292) Marking Phase
[235.546s][info][gc,phases      ] GC(2292) Marking Phase 45.519ms
[235.546s][info][gc,phases,start] GC(2292) Summary Phase
[235.546s][info][gc,phases      ] GC(2292) Summary Phase 0.063ms
[235.546s][info][gc,phases,start] GC(2292) Adjust Roots
[235.566s][info][gc,phases      ] GC(2292) Adjust Roots 20.632ms
[235.566s][info][gc,phases,start] GC(2292) Compaction Phase
[235.589s][info][gc,phases      ] GC(2292) Compaction Phase 23.092ms
[235.590s][info][gc,phases,start] GC(2292) Post Compact
[235.600s][info][gc,phases      ] GC(2292) Post Compact 10.514ms
[235.600s][info][gc,heap        ] GC(2292) PSYoungGen: 262656K(480768K)->0K(480768K) Eden: 262656K(262656K)->0K(262656K) From: 0K(218112K)->0K(218112K)
[235.600s][info][gc,heap        ] GC(2292) ParOldGen: 1384492K(1398272K)->1397882K(1398272K)
[235.600s][info][gc,metaspace   ] GC(2292) Metaspace: 126530K(130752K)->126530K(130752K) NonClass: 108430K(109056K)->108430K(109056K) Class: 18100K(21696K)->18100K(21696K)
[235.600s][info][gc             ] GC(2292) Pause Full (Ergonomics) 1608M->1365M(1835M) 100.262ms
[235.600s][info][gc,cpu         ] GC(2292) User=1.31s Sys=0.02s Real=0.09s
[235.621s][info][gc,start       ] GC(2293) Pause Full (Ergonomics)
[235.621s][info][gc,phases,start] GC(2293) Marking Phase
[235.671s][info][gc,phases      ] GC(2293) Marking Phase 50.474ms
[235.671s][info][gc,phases,start] GC(2293) Summary Phase
[235.671s][info][gc,phases      ] GC(2293) Summary Phase 0.063ms
[235.671s][info][gc,phases,start] GC(2293) Adjust Roots
[235.690s][info][gc,phases      ] GC(2293) Adjust Roots 18.418ms
[235.690s][info][gc,phases,start] GC(2293) Compaction Phase
[235.717s][info][gc,phases      ] GC(2293) Compaction Phase 26.897ms
[235.717s][info][gc,phases,start] GC(2293) Post Compact
[235.725s][info][gc,phases      ] GC(2293) Post Compact 8.380ms
[235.725s][info][gc,heap        ] GC(2293) PSYoungGen: 262656K(480768K)->0K(480768K) Eden: 262656K(262656K)->0K(262656K) From: 0K(218112K)->0K(218112K)
[235.725s][info][gc,heap        ] GC(2293) ParOldGen: 1397882K(1398272K)->1397038K(1398272K)
[235.725s][info][gc,metaspace   ] GC(2293) Metaspace: 126530K(130752K)->126530K(130752K) NonClass: 108430K(109056K)->108430K(109056K) Class: 18100K(21696K)->18100K(21696K)
[235.725s][info][gc             ] GC(2293) Pause Full (Ergonomics) 1621M->1364M(1835M) 104.569ms
[235.725s][info][gc,cpu         ] GC(2293) User=2.11s Sys=0.00s Real=0.12s
[235.741s][info][gc,start       ] GC(2294) Pause Full (Ergonomics)
[235.741s][info][gc,phases,start] GC(2294) Marking Phase
[235.799s][info][gc,phases      ] GC(2294) Marking Phase 57.456ms
[235.799s][info][gc,phases,start] GC(2294) Summary Phase
[235.799s][info][gc,phases      ] GC(2294) Summary Phase 0.061ms
[235.799s][info][gc,phases,start] GC(2294) Adjust Roots
[235.813s][info][gc,phases      ] GC(2294) Adjust Roots 14.654ms
[235.813s][info][gc,phases,start] GC(2294) Compaction Phase
[235.833s][info][gc,phases      ] GC(2294) Compaction Phase 19.972ms
[235.833s][info][gc,phases,start] GC(2294) Post Compact
[235.843s][info][gc,phases      ] GC(2294) Post Compact 9.892ms
[235.843s][info][gc,heap        ] GC(2294) PSYoungGen: 262656K(480768K)->0K(480768K) Eden: 262656K(262656K)->0K(262656K) From: 0K(218112K)->0K(218112K)
[235.843s][info][gc,heap        ] GC(2294) ParOldGen: 1397038K(1398272K)->1395074K(1398272K)
[235.844s][info][gc,metaspace   ] GC(2294) Metaspace: 126530K(130752K)->126530K(130752K) NonClass: 108430K(109056K)->108430K(109056K) Class: 18100K(21696K)->18100K(21696K)
[235.844s][info][gc             ] GC(2294) Pause Full (Ergonomics) 1620M->1362M(1835M) 102.430ms
[235.844s][info][gc,cpu         ] GC(2294) User=1.53s Sys=0.06s Real=0.11s
[235.864s][info][gc,start       ] GC(2295) Pause Full (Ergonomics)
[235.864s][info][gc,phases,start] GC(2295) Marking Phase
[235.911s][info][gc,phases      ] GC(2295) Marking Phase 47.067ms
[235.912s][info][gc,phases,start] GC(2295) Summary Phase
[235.912s][info][gc,phases      ] GC(2295) Summary Phase 0.043ms
[235.912s][info][gc,phases,start] GC(2295) Adjust Roots
[235.926s][info][gc,phases      ] GC(2295) Adjust Roots 14.450ms
[235.926s][info][gc,phases,start] GC(2295) Compaction Phase
[236.036s][info][gc,phases      ] GC(2295) Compaction Phase 110.397ms
[236.036s][info][gc,phases,start] GC(2295) Post Compact
[236.045s][info][gc,phases      ] GC(2295) Post Compact 8.152ms
[236.045s][info][gc,heap        ] GC(2295) PSYoungGen: 262656K(480768K)->17338K(480768K) Eden: 262656K(262656K)->17338K(262656K) From: 0K(218112K)->0K(218112K)
[236.045s][info][gc,heap        ] GC(2295) ParOldGen: 1395074K(1398272K)->1397488K(1398272K)
[236.045s][info][gc,metaspace   ] GC(2295) Metaspace: 126530K(130752K)->126530K(130752K) NonClass: 108430K(109056K)->108430K(109056K) Class: 18100K(21696K)->18100K(21696K)
[236.045s][info][gc             ] GC(2295) Pause Full (Ergonomics) 1618M->1381M(1835M) 180.422ms
[236.045s][info][gc,cpu         ] GC(2295) User=4.66s Sys=0.00s Real=0.19s
[236.059s][info][gc,start       ] GC(2296) Pause Full (Ergonomics)
[236.059s][info][gc,phases,start] GC(2296) Marking Phase
[236.112s][info][gc,phases      ] GC(2296) Marking Phase 53.369ms
[236.112s][info][gc,phases,start] GC(2296) Summary Phase
[236.112s][info][gc,phases      ] GC(2296) Summary Phase 0.044ms
[236.112s][info][gc,phases,start] GC(2296) Adjust Roots
[236.129s][info][gc,phases      ] GC(2296) Adjust Roots 16.425ms
[236.129s][info][gc,phases,start] GC(2296) Compaction Phase
[236.166s][info][gc,phases      ] GC(2296) Compaction Phase 37.133ms
[236.166s][info][gc,phases,start] GC(2296) Post Compact
[236.174s][info][gc,phases      ] GC(2296) Post Compact 8.159ms
[236.174s][info][gc,heap        ] GC(2296) PSYoungGen: 261927K(480768K)->14670K(480768K) Eden: 261927K(262656K)->14670K(262656K) From: 0K(218112K)->0K(218112K)
[236.174s][info][gc,heap        ] GC(2296) ParOldGen: 1397488K(1398272K)->1392446K(1398272K)
[236.174s][info][gc,metaspace   ] GC(2296) Metaspace: 126530K(130752K)->126530K(130752K) NonClass: 108430K(109056K)->108430K(109056K) Class: 18100K(21696K)->18100K(21696K)
[236.174s][info][gc             ] GC(2296) Pause Full (Ergonomics) 1620M->1374M(1835M) 115.479ms
[236.174s][info][gc,cpu         ] GC(2296) User=2.44s Sys=0.00s Real=0.13s
[236.191s][info][gc,start       ] GC(2297) Pause Full (Ergonomics)
[236.191s][info][gc,phases,start] GC(2297) Marking Phase
[236.238s][info][gc,phases      ] GC(2297) Marking Phase 47.571ms
[236.238s][info][gc,phases,start] GC(2297) Summary Phase
[236.238s][info][gc,phases      ] GC(2297) Summary Phase 0.048ms
[236.238s][info][gc,phases,start] GC(2297) Adjust Roots
[236.256s][info][gc,phases      ] GC(2297) Adjust Roots 17.533ms
[236.256s][info][gc,phases,start] GC(2297) Compaction Phase
[236.292s][info][gc,phases      ] GC(2297) Compaction Phase 35.623ms
[236.292s][info][gc,phases,start] GC(2297) Post Compact
[236.300s][info][gc,phases      ] GC(2297) Post Compact 8.288ms
[236.300s][info][gc,heap        ] GC(2297) PSYoungGen: 262656K(480768K)->5519K(480768K) Eden: 262656K(262656K)->5519K(262656K) From: 0K(218112K)->0K(218112K)
[236.300s][info][gc,heap        ] GC(2297) ParOldGen: 1392446K(1398272K)->1396087K(1398272K)
[236.300s][info][gc,metaspace   ] GC(2297) Metaspace: 126535K(130752K)->126535K(130752K) NonClass: 108435K(109056K)->108435K(109056K) Class: 18100K(21696K)->18100K(21696K)
[236.300s][info][gc             ] GC(2297) Pause Full (Ergonomics) 1616M->1368M(1835M) 109.469ms
[236.300s][info][gc,cpu         ] GC(2297) User=2.00s Sys=0.03s Real=0.11s
[236.317s][info][gc,start       ] GC(2298) Pause Full (Ergonomics)
[236.317s][info][gc,phases,start] GC(2298) Marking Phase
[236.358s][info][gc,phases      ] GC(2298) Marking Phase 41.518ms
[236.358s][info][gc,phases,start] GC(2298) Summary Phase
[236.358s][info][gc,phases      ] GC(2298) Summary Phase 0.044ms
[236.358s][info][gc,phases,start] GC(2298) Adjust Roots
[236.377s][info][gc,phases      ] GC(2298) Adjust Roots 18.358ms
[236.377s][info][gc,phases,start] GC(2298) Compaction Phase
[236.414s][info][gc,phases      ] GC(2298) Compaction Phase 36.905ms
[236.414s][info][gc,phases,start] GC(2298) Post Compact
[236.422s][info][gc,phases      ] GC(2298) Post Compact 8.102ms
[236.422s][info][gc,heap        ] GC(2298) PSYoungGen: 262656K(480768K)->9492K(480768K) Eden: 262656K(262656K)->9492K(262656K) From: 0K(218112K)->0K(218112K)
[236.422s][info][gc,heap        ] GC(2298) ParOldGen: 1396087K(1398272K)->1397254K(1398272K)
[236.422s][info][gc,metaspace   ] GC(2298) Metaspace: 126537K(130752K)->126537K(130752K) NonClass: 108436K(109056K)->108436K(109056K) Class: 18100K(21696K)->18100K(21696K)
[236.422s][info][gc             ] GC(2298) Pause Full (Ergonomics) 1619M->1373M(1835M) 105.247ms
[236.422s][info][gc,cpu         ] GC(2298) User=1.61s Sys=0.00s Real=0.09s
[236.437s][info][gc,start       ] GC(2299) Pause Full (Ergonomics)
[236.437s][info][gc,phases,start] GC(2299) Marking Phase
[236.490s][info][gc,phases      ] GC(2299) Marking Phase 52.707ms
[236.490s][info][gc,phases,start] GC(2299) Summary Phase
[236.490s][info][gc,phases      ] GC(2299) Summary Phase 0.043ms
[236.490s][info][gc,phases,start] GC(2299) Adjust Roots
[236.511s][info][gc,phases      ] GC(2299) Adjust Roots 21.407ms
[236.511s][info][gc,phases,start] GC(2299) Compaction Phase
[236.548s][info][gc,phases      ] GC(2299) Compaction Phase 37.020ms
[236.548s][info][gc,phases,start] GC(2299) Post Compact
[236.557s][info][gc,phases      ] GC(2299) Post Compact 8.115ms
[236.557s][info][gc,heap        ] GC(2299) PSYoungGen: 262656K(480768K)->11357K(480768K) Eden: 262656K(262656K)->11357K(262656K) From: 0K(218112K)->0K(218112K)
[236.557s][info][gc,heap        ] GC(2299) ParOldGen: 1397254K(1398272K)->1396885K(1398272K)
[236.557s][info][gc,metaspace   ] GC(2299) Metaspace: 126537K(130752K)->126537K(130752K) NonClass: 108436K(109056K)->108436K(109056K) Class: 18100K(21696K)->18100K(21696K)
[236.557s][info][gc             ] GC(2299) Pause Full (Ergonomics) 1621M->1375M(1835M) 119.608ms
[236.557s][info][gc,cpu         ] GC(2299) User=2.61s Sys=0.03s Real=0.13s
[236.573s][info][gc,start       ] GC(2300) Pause Full (Ergonomics)
[236.573s][info][gc,phases,start] GC(2300) Marking Phase
[236.625s][info][gc,phases      ] GC(2300) Marking Phase 51.824ms
[236.625s][info][gc,phases,start] GC(2300) Summary Phase
[236.625s][info][gc,phases      ] GC(2300) Summary Phase 0.049ms
[236.625s][info][gc,phases,start] GC(2300) Adjust Roots
[236.645s][info][gc,phases      ] GC(2300) Adjust Roots 19.953ms
[236.645s][info][gc,phases,start] GC(2300) Compaction Phase
[236.682s][info][gc,phases      ] GC(2300) Compaction Phase 36.642ms
[236.682s][info][gc,phases,start] GC(2300) Post Compact
[236.690s][info][gc,phases      ] GC(2300) Post Compact 8.154ms
[236.690s][info][gc,heap        ] GC(2300) PSYoungGen: 262656K(480768K)->12625K(480768K) Eden: 262656K(262656K)->12625K(262656K) From: 0K(218112K)->0K(218112K)
[236.690s][info][gc,heap        ] GC(2300) ParOldGen: 1396885K(1398272K)->1398019K(1398272K)
[236.690s][info][gc,metaspace   ] GC(2300) Metaspace: 126537K(130752K)->126537K(130752K) NonClass: 108436K(109056K)->108436K(109056K) Class: 18100K(21696K)->18100K(21696K)
[236.690s][info][gc             ] GC(2300) Pause Full (Ergonomics) 1620M->1377M(1835M) 116.975ms
[236.690s][info][gc,cpu         ] GC(2300) User=2.50s Sys=0.08s Real=0.13s
[236.709s][info][gc,start       ] GC(2301) Pause Full (Ergonomics)
[236.709s][info][gc,phases,start] GC(2301) Marking Phase
[236.765s][info][gc,phases      ] GC(2301) Marking Phase 56.089ms
[236.765s][info][gc,phases,start] GC(2301) Summary Phase
[236.765s][info][gc,phases      ] GC(2301) Summary Phase 0.046ms
[236.765s][info][gc,phases,start] GC(2301) Adjust Roots
[236.782s][info][gc,phases      ] GC(2301) Adjust Roots 17.748ms
[236.783s][info][gc,phases,start] GC(2301) Compaction Phase
[236.818s][info][gc,phases      ] GC(2301) Compaction Phase 35.917ms
[236.818s][info][gc,phases,start] GC(2301) Post Compact
[236.827s][info][gc,phases      ] GC(2301) Post Compact 8.185ms
[236.827s][info][gc,heap        ] GC(2301) PSYoungGen: 262656K(480768K)->7666K(480768K) Eden: 262656K(262656K)->7666K(262656K) From: 0K(218112K)->0K(218112K)
[236.827s][info][gc,heap        ] GC(2301) ParOldGen: 1398019K(1398272K)->1397821K(1398272K)
[236.827s][info][gc,metaspace   ] GC(2301) Metaspace: 126537K(130752K)->126537K(130752K) NonClass: 108436K(109056K)->108436K(109056K) Class: 18100K(21696K)->18100K(21696K)
[236.827s][info][gc             ] GC(2301) Pause Full (Ergonomics) 1621M->1372M(1835M) 118.286ms
[236.827s][info][gc,cpu         ] GC(2301) User=2.55s Sys=0.00s Real=0.11s
[236.844s][info][gc,start       ] GC(2302) Pause Full (Ergonomics)
[236.844s][info][gc,phases,start] GC(2302) Marking Phase
[236.897s][info][gc,phases      ] GC(2302) Marking Phase 52.712ms
[236.897s][info][gc,phases,start] GC(2302) Summary Phase
[236.897s][info][gc,phases      ] GC(2302) Summary Phase 0.044ms
[236.897s][info][gc,phases,start] GC(2302) Adjust Roots
[236.915s][info][gc,phases      ] GC(2302) Adjust Roots 17.724ms
[236.915s][info][gc,phases,start] GC(2302) Compaction Phase
[236.951s][info][gc,phases      ] GC(2302) Compaction Phase 36.600ms
[236.951s][info][gc,phases,start] GC(2302) Post Compact
[236.959s][info][gc,phases      ] GC(2302) Post Compact 8.167ms
[236.960s][info][gc,heap        ] GC(2302) PSYoungGen: 262656K(480768K)->7679K(480768K) Eden: 262656K(262656K)->7679K(262656K) From: 0K(218112K)->0K(218112K)
[236.960s][info][gc,heap        ] GC(2302) ParOldGen: 1397821K(1398272K)->1395101K(1398272K)
[236.960s][info][gc,metaspace   ] GC(2302) Metaspace: 126537K(130752K)->126537K(130752K) NonClass: 108436K(109056K)->108436K(109056K) Class: 18100K(21696K)->18100K(21696K)
[236.960s][info][gc             ] GC(2302) Pause Full (Ergonomics) 1621M->1369M(1835M) 115.576ms
[236.960s][info][gc,cpu         ] GC(2302) User=2.08s Sys=0.00s Real=0.10s
[236.979s][info][gc,start       ] GC(2303) Pause Full (Ergonomics)
[236.979s][info][gc,phases,start] GC(2303) Marking Phase
[237.030s][info][gc,phases      ] GC(2303) Marking Phase 51.051ms
[237.030s][info][gc,phases,start] GC(2303) Summary Phase
[237.030s][info][gc,phases      ] GC(2303) Summary Phase 0.043ms
[237.030s][info][gc,phases,start] GC(2303) Adjust Roots
[237.046s][info][gc,phases      ] GC(2303) Adjust Roots 16.250ms
[237.046s][info][gc,phases,start] GC(2303) Compaction Phase
[237.066s][info][gc,phases      ] GC(2303) Compaction Phase 20.090ms
[237.067s][info][gc,phases,start] GC(2303) Post Compact
[237.077s][info][gc,phases      ] GC(2303) Post Compact 10.067ms
[237.077s][info][gc,heap        ] GC(2303) PSYoungGen: 262656K(480768K)->7728K(480768K) Eden: 262656K(262656K)->7728K(262656K) From: 0K(218112K)->0K(218112K)
[237.077s][info][gc,heap        ] GC(2303) ParOldGen: 1395101K(1398272K)->1395100K(1398272K)
[237.077s][info][gc,metaspace   ] GC(2303) Metaspace: 126537K(130752K)->126537K(130752K) NonClass: 108436K(109056K)->108436K(109056K) Class: 18100K(21696K)->18100K(21696K)
[237.077s][info][gc             ] GC(2303) Pause Full (Ergonomics) 1618M->1369M(1835M) 97.956ms
[237.077s][info][gc,cpu         ] GC(2303) User=1.02s Sys=0.03s Real=0.09s
[237.103s][info][gc,start       ] GC(2304) Pause Full (Ergonomics)
[237.103s][info][gc,phases,start] GC(2304) Marking Phase
[237.145s][info][gc,phases      ] GC(2304) Marking Phase 41.913ms
[237.145s][info][gc,phases,start] GC(2304) Summary Phase
[237.145s][info][gc,phases      ] GC(2304) Summary Phase 0.040ms
[237.145s][info][gc,phases,start] GC(2304) Adjust Roots
[237.168s][info][gc,phases      ] GC(2304) Adjust Roots 22.443ms
[237.168s][info][gc,phases,start] GC(2304) Compaction Phase
[237.187s][info][gc,phases      ] GC(2304) Compaction Phase 19.927ms
[237.188s][info][gc,phases,start] GC(2304) Post Compact
[237.198s][info][gc,phases      ] GC(2304) Post Compact 10.949ms
[237.199s][info][gc,heap        ] GC(2304) PSYoungGen: 262656K(480768K)->7716K(480768K) Eden: 262656K(262656K)->7716K(262656K) From: 0K(218112K)->0K(218112K)
[237.199s][info][gc,heap        ] GC(2304) ParOldGen: 1395100K(1398272K)->1395099K(1398272K)
[237.199s][info][gc,metaspace   ] GC(2304) Metaspace: 126537K(130752K)->126537K(130752K) NonClass: 108436K(109056K)->108436K(109056K) Class: 18100K(21696K)->18100K(21696K)
[237.199s][info][gc             ] GC(2304) Pause Full (Ergonomics) 1618M->1369M(1835M) 95.707ms
[237.199s][info][gc,cpu         ] GC(2304) User=0.64s Sys=0.00s Real=0.09s
[237.228s][info][gc,start       ] GC(2305) Pause Full (Ergonomics)
[237.228s][info][gc,phases,start] GC(2305) Marking Phase
[237.279s][info][gc,phases      ] GC(2305) Marking Phase 51.697ms
[237.279s][info][gc,phases,start] GC(2305) Summary Phase
[237.279s][info][gc,phases      ] GC(2305) Summary Phase 0.044ms
[237.279s][info][gc,phases,start] GC(2305) Adjust Roots
[237.299s][info][gc,phases      ] GC(2305) Adjust Roots 19.780ms
[237.299s][info][gc,phases,start] GC(2305) Compaction Phase
[237.320s][info][gc,phases      ] GC(2305) Compaction Phase 20.722ms
[237.320s][info][gc,phases,start] GC(2305) Post Compact
[237.331s][info][gc,phases      ] GC(2305) Post Compact 10.758ms
[237.331s][info][gc,heap        ] GC(2305) PSYoungGen: 262656K(480768K)->7711K(480768K) Eden: 262656K(262656K)->7711K(262656K) From: 0K(218112K)->0K(218112K)
[237.331s][info][gc,heap        ] GC(2305) ParOldGen: 1395099K(1398272K)->1395099K(1398272K)
[237.331s][info][gc,metaspace   ] GC(2305) Metaspace: 126537K(130752K)->126537K(130752K) NonClass: 108436K(109056K)->108436K(109056K) Class: 18100K(21696K)->18100K(21696K)
[237.331s][info][gc             ] GC(2305) Pause Full (Ergonomics) 1618M->1369M(1835M) 103.371ms
[237.331s][info][gc,cpu         ] GC(2305) User=1.20s Sys=0.00s Real=0.09s
[237.357s][info][gc,start       ] GC(2306) Pause Full (Ergonomics)
[237.357s][info][gc,phases,start] GC(2306) Marking Phase
[237.402s][info][gc,phases      ] GC(2306) Marking Phase 44.273ms
[237.402s][info][gc,phases,start] GC(2306) Summary Phase
[237.402s][info][gc,phases      ] GC(2306) Summary Phase 0.042ms
[237.402s][info][gc,phases,start] GC(2306) Adjust Roots
[237.422s][info][gc,phases      ] GC(2306) Adjust Roots 20.651ms
[237.422s][info][gc,phases,start] GC(2306) Compaction Phase
[237.445s][info][gc,phases      ] GC(2306) Compaction Phase 22.125ms
[237.445s][info][gc,phases,start] GC(2306) Post Compact
[237.456s][info][gc,phases      ] GC(2306) Post Compact 11.071ms
[237.456s][info][gc,heap        ] GC(2306) PSYoungGen: 262656K(480768K)->7721K(480768K) Eden: 262656K(262656K)->7721K(262656K) From: 0K(218112K)->0K(218112K)
[237.456s][info][gc,heap        ] GC(2306) ParOldGen: 1395099K(1398272K)->1395099K(1398272K)
[237.456s][info][gc,metaspace   ] GC(2306) Metaspace: 126537K(130752K)->126537K(130752K) NonClass: 108436K(109056K)->108436K(109056K) Class: 18100K(21696K)->18100K(21696K)
[237.456s][info][gc             ] GC(2306) Pause Full (Ergonomics) 1618M->1369M(1835M) 98.614ms
[237.456s][info][gc,cpu         ] GC(2306) User=1.20s Sys=0.00s Real=0.09s
[237.485s][info][gc,start       ] GC(2307) Pause Full (Ergonomics)
[237.485s][info][gc,phases,start] GC(2307) Marking Phase
[237.542s][info][gc,phases      ] GC(2307) Marking Phase 56.457ms
[237.542s][info][gc,phases,start] GC(2307) Summary Phase
[237.542s][info][gc,phases      ] GC(2307) Summary Phase 0.041ms
[237.542s][info][gc,phases,start] GC(2307) Adjust Roots
[237.557s][info][gc,phases      ] GC(2307) Adjust Roots 15.436ms
[237.557s][info][gc,phases,start] GC(2307) Compaction Phase
[237.578s][info][gc,phases      ] GC(2307) Compaction Phase 20.645ms
[237.578s][info][gc,phases,start] GC(2307) Post Compact
[237.589s][info][gc,phases      ] GC(2307) Post Compact 10.772ms
[237.589s][info][gc,heap        ] GC(2307) PSYoungGen: 262656K(480768K)->7720K(480768K) Eden: 262656K(262656K)->7720K(262656K) From: 0K(218112K)->0K(218112K)
[237.589s][info][gc,heap        ] GC(2307) ParOldGen: 1395099K(1398272K)->1395099K(1398272K)
[237.589s][info][gc,metaspace   ] GC(2307) Metaspace: 126537K(130752K)->126537K(130752K) NonClass: 108436K(109056K)->108436K(109056K) Class: 18100K(21696K)->18100K(21696K)
[237.589s][info][gc             ] GC(2307) Pause Full (Ergonomics) 1618M->1369M(1835M) 103.804ms
[237.589s][info][gc,cpu         ] GC(2307) User=1.50s Sys=0.00s Real=0.11s
[237.616s][info][gc,start       ] GC(2308) Pause Full (Ergonomics)
[237.616s][info][gc,phases,start] GC(2308) Marking Phase
[237.674s][info][gc,phases      ] GC(2308) Marking Phase 58.324ms
[237.674s][info][gc,phases,start] GC(2308) Summary Phase
[237.674s][info][gc,phases      ] GC(2308) Summary Phase 0.042ms
[237.674s][info][gc,phases,start] GC(2308) Adjust Roots
[237.690s][info][gc,phases      ] GC(2308) Adjust Roots 15.717ms
[237.690s][info][gc,phases,start] GC(2308) Compaction Phase
[237.710s][info][gc,phases      ] GC(2308) Compaction Phase 19.952ms
[237.710s][info][gc,phases,start] GC(2308) Post Compact
[237.721s][info][gc,phases      ] GC(2308) Post Compact 10.842ms
[237.721s][info][gc,heap        ] GC(2308) PSYoungGen: 262656K(480768K)->7727K(480768K) Eden: 262656K(262656K)->7727K(262656K) From: 0K(218112K)->0K(218112K)
[237.721s][info][gc,heap        ] GC(2308) ParOldGen: 1395099K(1398272K)->1395099K(1398272K)
[237.721s][info][gc,metaspace   ] GC(2308) Metaspace: 126537K(130752K)->126537K(130752K) NonClass: 108436K(109056K)->108436K(109056K) Class: 18100K(21696K)->18100K(21696K)
[237.721s][info][gc             ] GC(2308) Pause Full (Ergonomics) 1618M->1369M(1835M) 105.271ms
[237.721s][info][gc,cpu         ] GC(2308) User=1.36s Sys=0.03s Real=0.11s
[237.749s][info][gc,start       ] GC(2309) Pause Full (Ergonomics)
[237.749s][info][gc,phases,start] GC(2309) Marking Phase
[237.795s][info][gc,phases      ] GC(2309) Marking Phase 45.501ms
[237.795s][info][gc,phases,start] GC(2309) Summary Phase
[237.795s][info][gc,phases      ] GC(2309) Summary Phase 0.040ms
[237.795s][info][gc,phases,start] GC(2309) Adjust Roots
[237.815s][info][gc,phases      ] GC(2309) Adjust Roots 19.976ms
[237.815s][info][gc,phases,start] GC(2309) Compaction Phase
[237.837s][info][gc,phases      ] GC(2309) Compaction Phase 22.661ms
[237.865s][info][gc,phases,start] GC(2309) Post Compact
[237.877s][info][gc,phases      ] GC(2309) Post Compact 11.811ms
[237.877s][info][gc,heap        ] GC(2309) PSYoungGen: 262656K(480768K)->7722K(480768K) Eden: 262656K(262656K)->7722K(262656K) From: 0K(218112K)->0K(218112K)
[237.877s][info][gc,heap        ] GC(2309) ParOldGen: 1395099K(1398272K)->1395099K(1398272K)
[237.877s][info][gc,metaspace   ] GC(2309) Metaspace: 126537K(130752K)->126537K(130752K) NonClass: 108436K(109056K)->108436K(109056K) Class: 18100K(21696K)->18100K(21696K)
[237.878s][info][gc             ] GC(2309) Pause Full (Ergonomics) 1618M->1369M(1835M) 128.543ms
[237.878s][info][gc,cpu         ] GC(2309) User=1.08s Sys=0.00s Real=0.14s
[237.906s][info][gc,start       ] GC(2310) Pause Full (Ergonomics)
[237.907s][info][gc,phases,start] GC(2310) Marking Phase
[237.961s][info][gc,phases      ] GC(2310) Marking Phase 54.526ms
[237.961s][info][gc,phases,start] GC(2310) Summary Phase
[237.961s][info][gc,phases      ] GC(2310) Summary Phase 0.042ms
[237.961s][info][gc,phases,start] GC(2310) Adjust Roots
[237.981s][info][gc,phases      ] GC(2310) Adjust Roots 19.597ms
[237.981s][info][gc,phases,start] GC(2310) Compaction Phase
[238.001s][info][gc,phases      ] GC(2310) Compaction Phase 20.501ms
[238.001s][info][gc,phases,start] GC(2310) Post Compact
[238.012s][info][gc,phases      ] GC(2310) Post Compact 10.949ms
[238.012s][info][gc,heap        ] GC(2310) PSYoungGen: 262656K(480768K)->7720K(480768K) Eden: 262656K(262656K)->7720K(262656K) From: 0K(218112K)->0K(218112K)
[238.012s][info][gc,heap        ] GC(2310) ParOldGen: 1395099K(1398272K)->1395099K(1398272K)
[238.013s][info][gc,metaspace   ] GC(2310) Metaspace: 126537K(130752K)->126537K(130752K) NonClass: 108436K(109056K)->108436K(109056K) Class: 18100K(21696K)->18100K(21696K)
[238.013s][info][gc             ] GC(2310) Pause Full (Ergonomics) 1618M->1369M(1835M) 106.099ms
[238.013s][info][gc,cpu         ] GC(2310) User=1.61s Sys=0.02s Real=0.11s
[238.042s][info][gc,start       ] GC(2311) Pause Full (Ergonomics)
[238.042s][info][gc,phases,start] GC(2311) Marking Phase
[238.098s][info][gc,phases      ] GC(2311) Marking Phase 56.257ms
[238.098s][info][gc,phases,start] GC(2311) Summary Phase
[238.098s][info][gc,phases      ] GC(2311) Summary Phase 0.043ms
[238.098s][info][gc,phases,start] GC(2311) Adjust Roots
[238.109s][info][gc,phases      ] GC(2311) Adjust Roots 10.504ms
[238.109s][info][gc,phases,start] GC(2311) Compaction Phase
[238.219s][info][gc,phases      ] GC(2311) Compaction Phase 110.129ms
[238.219s][info][gc,phases,start] GC(2311) Post Compact
[238.227s][info][gc,phases      ] GC(2311) Post Compact 8.129ms
[238.227s][info][gc,heap        ] GC(2311) PSYoungGen: 262656K(480768K)->7764K(480768K) Eden: 262656K(262656K)->7764K(262656K) From: 0K(218112K)->0K(218112K)
[238.227s][info][gc,heap        ] GC(2311) ParOldGen: 1395099K(1398272K)->1395086K(1398272K)
[238.227s][info][gc,metaspace   ] GC(2311) Metaspace: 126537K(130816K)->126537K(130816K) NonClass: 108437K(109120K)->108437K(109120K) Class: 18100K(21696K)->18100K(21696K)
[238.227s][info][gc             ] GC(2311) Pause Full (Ergonomics) 1618M->1369M(1835M) 185.433ms
[238.227s][info][gc,cpu         ] GC(2311) User=4.41s Sys=0.03s Real=0.20s
[238.246s][info][gc,start       ] GC(2312) Pause Full (Ergonomics)
[238.246s][info][gc,phases,start] GC(2312) Marking Phase
[238.291s][info][gc,phases      ] GC(2312) Marking Phase 44.699ms
[238.291s][info][gc,phases,start] GC(2312) Summary Phase
[238.291s][info][gc,phases      ] GC(2312) Summary Phase 0.042ms
[238.291s][info][gc,phases,start] GC(2312) Adjust Roots
[238.310s][info][gc,phases      ] GC(2312) Adjust Roots 19.689ms
[238.311s][info][gc,phases,start] GC(2312) Compaction Phase
[238.331s][info][gc,phases      ] GC(2312) Compaction Phase 20.894ms
[238.331s][info][gc,phases,start] GC(2312) Post Compact
[238.342s][info][gc,phases      ] GC(2312) Post Compact 10.806ms
[238.342s][info][gc,heap        ] GC(2312) PSYoungGen: 262656K(480768K)->7761K(480768K) Eden: 262656K(262656K)->7761K(262656K) From: 0K(218112K)->0K(218112K)
[238.342s][info][gc,heap        ] GC(2312) ParOldGen: 1395086K(1398272K)->1395086K(1398272K)
[238.342s][info][gc,metaspace   ] GC(2312) Metaspace: 126537K(130816K)->126537K(130816K) NonClass: 108437K(109120K)->108437K(109120K) Class: 18100K(21696K)->18100K(21696K)
[238.343s][info][gc             ] GC(2312) Pause Full (Ergonomics) 1618M->1369M(1835M) 96.596ms
[238.343s][info][gc,cpu         ] GC(2312) User=1.00s Sys=0.00s Real=0.09s
[238.370s][info][gc,start       ] GC(2313) Pause Full (Ergonomics)
[238.370s][info][gc,phases,start] GC(2313) Marking Phase
[238.428s][info][gc,phases      ] GC(2313) Marking Phase 57.793ms
[238.428s][info][gc,phases,start] GC(2313) Summary Phase
[238.428s][info][gc,phases      ] GC(2313) Summary Phase 0.040ms
[238.428s][info][gc,phases,start] GC(2313) Adjust Roots
[238.438s][info][gc,phases      ] GC(2313) Adjust Roots 9.927ms
[238.438s][info][gc,phases,start] GC(2313) Compaction Phase
[238.461s][info][gc,phases      ] GC(2313) Compaction Phase 22.583ms
[238.461s][info][gc,phases,start] GC(2313) Post Compact
[238.470s][info][gc,phases      ] GC(2313) Post Compact 9.011ms
[238.470s][info][gc,heap        ] GC(2313) PSYoungGen: 262656K(480768K)->7758K(480768K) Eden: 262656K(262656K)->7758K(262656K) From: 0K(218112K)->0K(218112K)
[238.470s][info][gc,heap        ] GC(2313) ParOldGen: 1395086K(1398272K)->1395086K(1398272K)
[238.470s][info][gc,metaspace   ] GC(2313) Metaspace: 126537K(130816K)->126537K(130816K) NonClass: 108437K(109120K)->108437K(109120K) Class: 18100K(21696K)->18100K(21696K)
[238.470s][info][gc             ] GC(2313) Pause Full (Ergonomics) 1618M->1369M(1835M) 99.726ms
[238.470s][info][gc,cpu         ] GC(2313) User=1.56s Sys=0.02s Real=0.11s
[238.497s][info][gc,start       ] GC(2314) Pause Full (Ergonomics)
[238.497s][info][gc,phases,start] GC(2314) Marking Phase
[238.544s][info][gc,phases      ] GC(2314) Marking Phase 46.915ms
[238.544s][info][gc,phases,start] GC(2314) Summary Phase
[238.544s][info][gc,phases      ] GC(2314) Summary Phase 0.043ms
[238.544s][info][gc,phases,start] GC(2314) Adjust Roots
[238.560s][info][gc,phases      ] GC(2314) Adjust Roots 15.644ms
[238.560s][info][gc,phases,start] GC(2314) Compaction Phase
[238.582s][info][gc,phases      ] GC(2314) Compaction Phase 21.421ms
[238.582s][info][gc,phases,start] GC(2314) Post Compact
[238.593s][info][gc,phases      ] GC(2314) Post Compact 10.898ms
[238.593s][info][gc,heap        ] GC(2314) PSYoungGen: 262656K(480768K)->7761K(480768K) Eden: 262656K(262656K)->7761K(262656K) From: 0K(218112K)->0K(218112K)
[238.593s][info][gc,heap        ] GC(2314) ParOldGen: 1395086K(1398272K)->1395086K(1398272K)
[238.593s][info][gc,metaspace   ] GC(2314) Metaspace: 126537K(130816K)->126537K(130816K) NonClass: 108437K(109120K)->108437K(109120K) Class: 18100K(21696K)->18100K(21696K)
[238.593s][info][gc             ] GC(2314) Pause Full (Ergonomics) 1618M->1369M(1835M) 95.421ms
[238.593s][info][gc,cpu         ] GC(2314) User=1.28s Sys=0.00s Real=0.11s
[238.621s][info][gc,start       ] GC(2315) Pause Full (Ergonomics)
[238.622s][info][gc,phases,start] GC(2315) Marking Phase
[238.672s][info][gc,phases      ] GC(2315) Marking Phase 50.881ms
[238.672s][info][gc,phases,start] GC(2315) Summary Phase
[238.673s][info][gc,phases      ] GC(2315) Summary Phase 0.060ms
[238.673s][info][gc,phases,start] GC(2315) Adjust Roots
[238.687s][info][gc,phases      ] GC(2315) Adjust Roots 14.596ms
[238.687s][info][gc,phases,start] GC(2315) Compaction Phase
[238.722s][info][gc,phases      ] GC(2315) Compaction Phase 34.414ms
[238.722s][info][gc,phases,start] GC(2315) Post Compact
[238.730s][info][gc,phases      ] GC(2315) Post Compact 8.176ms
[238.730s][info][gc,heap        ] GC(2315) PSYoungGen: 262656K(480768K)->0K(480768K) Eden: 262656K(262656K)->0K(262656K) From: 0K(218112K)->0K(218112K)
[238.730s][info][gc,heap        ] GC(2315) ParOldGen: 1395086K(1398272K)->1378299K(1398272K)
[238.730s][info][gc,metaspace   ] GC(2315) Metaspace: 126537K(130816K)->126537K(130816K) NonClass: 108437K(109120K)->108437K(109120K) Class: 18100K(21696K)->18100K(21696K)
[238.730s][info][gc             ] GC(2315) Pause Full (Ergonomics) 1618M->1345M(1835M) 108.451ms
[238.730s][info][gc,cpu         ] GC(2315) User=1.98s Sys=0.00s Real=0.12s
[238.758s][info][gc,start       ] GC(2316) Pause Full (Ergonomics)
[238.758s][info][gc,phases,start] GC(2316) Marking Phase
[238.809s][info][gc,phases      ] GC(2316) Marking Phase 51.803ms
[238.810s][info][gc,phases,start] GC(2316) Summary Phase
[238.810s][info][gc,phases      ] GC(2316) Summary Phase 0.057ms
[238.810s][info][gc,phases,start] GC(2316) Adjust Roots
[238.826s][info][gc,phases      ] GC(2316) Adjust Roots 16.522ms
[238.826s][info][gc,phases,start] GC(2316) Compaction Phase
[238.851s][info][gc,phases      ] GC(2316) Compaction Phase 24.935ms
[238.851s][info][gc,phases,start] GC(2316) Post Compact
[238.859s][info][gc,phases      ] GC(2316) Post Compact 8.136ms
[238.859s][info][gc,heap        ] GC(2316) PSYoungGen: 262656K(480768K)->0K(480768K) Eden: 262656K(262656K)->0K(262656K) From: 0K(218112K)->0K(218112K)
[238.859s][info][gc,heap        ] GC(2316) ParOldGen: 1378299K(1398272K)->1223357K(1398272K)
[238.859s][info][gc,metaspace   ] GC(2316) Metaspace: 126537K(130816K)->126537K(130816K) NonClass: 108437K(109120K)->108437K(109120K) Class: 18100K(21696K)->18100K(21696K)
[238.859s][info][gc             ] GC(2316) Pause Full (Ergonomics) 1602M->1194M(1835M) 101.775ms
[238.859s][info][gc,cpu         ] GC(2316) User=1.89s Sys=0.05s Real=0.10s
[238.890s][info][gc,start       ] GC(2317) Pause Young (Allocation Failure)
[238.892s][info][gc,heap        ] GC(2317) PSYoungGen: 262656K(480768K)->783K(263680K) Eden: 262656K(262656K)->0K(262656K) From: 0K(218112K)->783K(1024K)
[238.892s][info][gc,heap        ] GC(2317) ParOldGen: 1223357K(1398272K)->1223357K(1398272K)
[238.892s][info][gc,metaspace   ] GC(2317) Metaspace: 126537K(130816K)->126537K(130816K) NonClass: 108437K(109120K)->108437K(109120K) Class: 18100K(21696K)->18100K(21696K)
[238.892s][info][gc             ] GC(2317) Pause Young (Allocation Failure) 1451M->1195M(1623M) 1.744ms
[238.892s][info][gc,cpu         ] GC(2317) User=0.00s Sys=0.00s Real=0.00s
[239.337s][info][gc,start       ] GC(2318) Pause Young (System.gc())
[239.340s][info][gc,heap        ] GC(2318) PSYoungGen: 187477K(263680K)->1765K(461824K) Eden: 186694K(262656K)->0K(232960K) From: 783K(1024K)->1765K(228864K)
[239.340s][info][gc,heap        ] GC(2318) ParOldGen: 1223357K(1398272K)->1223357K(1398272K)
[239.340s][info][gc,metaspace   ] GC(2318) Metaspace: 126565K(130880K)->126565K(130880K) NonClass: 108463K(109184K)->108463K(109184K) Class: 18101K(21696K)->18101K(21696K)
[239.340s][info][gc             ] GC(2318) Pause Young (System.gc()) 1377M->1196M(1816M) 2.725ms
[239.340s][info][gc,cpu         ] GC(2318) User=0.00s Sys=0.00s Real=0.00s
[239.340s][info][gc,start       ] GC(2319) Pause Full (System.gc())
[239.340s][info][gc,phases,start] GC(2319) Marking Phase
[239.398s][info][gc,phases      ] GC(2319) Marking Phase 57.275ms
[239.398s][info][gc,phases,start] GC(2319) Summary Phase
[239.398s][info][gc,phases      ] GC(2319) Summary Phase 0.034ms
[239.398s][info][gc,phases,start] GC(2319) Adjust Roots
[239.415s][info][gc,phases      ] GC(2319) Adjust Roots 16.837ms
[239.415s][info][gc,phases,start] GC(2319) Compaction Phase
[239.498s][info][gc,phases      ] GC(2319) Compaction Phase 82.970ms
[239.498s][info][gc,phases,start] GC(2319) Post Compact
[239.504s][info][gc,phases      ] GC(2319) Post Compact 6.144ms
[239.504s][info][gc,heap        ] GC(2319) PSYoungGen: 1765K(461824K)->0K(461824K) Eden: 0K(232960K)->0K(232960K) From: 1765K(228864K)->0K(228864K)
[239.504s][info][gc,heap        ] GC(2319) ParOldGen: 1223357K(1398272K)->975019K(1398272K)
[239.504s][info][gc,metaspace   ] GC(2319) Metaspace: 126565K(130880K)->126565K(130880K) NonClass: 108463K(109184K)->108463K(109184K) Class: 18101K(21696K)->18101K(21696K)
[239.504s][info][gc             ] GC(2319) Pause Full (System.gc()) 1196M->952M(1816M) 163.532ms
[239.504s][info][gc,cpu         ] GC(2319) User=3.64s Sys=0.00s Real=0.16s
[239.580s][info][gc,start       ] GC(2320) Pause Young (Allocation Failure)
[239.583s][info][gc,heap        ] GC(2320) PSYoungGen: 232960K(461824K)->10997K(465920K) Eden: 232960K(232960K)->0K(232960K) From: 0K(228864K)->10997K(232960K)
[239.583s][info][gc,heap        ] GC(2320) ParOldGen: 975019K(1398272K)->975027K(1398272K)
[239.583s][info][gc,metaspace   ] GC(2320) Metaspace: 126588K(130880K)->126588K(130880K) NonClass: 108486K(109184K)->108486K(109184K) Class: 18101K(21696K)->18101K(21696K)
[239.583s][info][gc             ] GC(2320) Pause Young (Allocation Failure) 1179M->962M(1820M) 2.601ms
[239.583s][info][gc,cpu         ] GC(2320) User=0.00s Sys=0.00s Real=0.00s
[239.599s][info][gc,start       ] GC(2321) Pause Young (Allocation Failure)
[239.601s][info][gc,heap        ] GC(2321) PSYoungGen: 243957K(465920K)->13215K(465920K) Eden: 232960K(232960K)->0K(232960K) From: 10997K(232960K)->13215K(232960K)
[239.601s][info][gc,heap        ] GC(2321) ParOldGen: 975027K(1398272K)->975027K(1398272K)
[239.601s][info][gc,metaspace   ] GC(2321) Metaspace: 126588K(130880K)->126588K(130880K) NonClass: 108486K(109184K)->108486K(109184K) Class: 18101K(21696K)->18101K(21696K)
[239.601s][info][gc             ] GC(2321) Pause Young (Allocation Failure) 1190M->965M(1820M) 2.059ms
[239.601s][info][gc,cpu         ] GC(2321) User=0.52s Sys=0.00s Real=0.02s
[239.617s][info][gc,start       ] GC(2322) Pause Young (Allocation Failure)
[239.619s][info][gc,heap        ] GC(2322) PSYoungGen: 246175K(465920K)->16219K(249344K) Eden: 232960K(232960K)->0K(232960K) From: 13215K(232960K)->16219K(16384K)
[239.619s][info][gc,heap        ] GC(2322) ParOldGen: 975027K(1398272K)->975027K(1398272K)
[239.619s][info][gc,metaspace   ] GC(2322) Metaspace: 126588K(130880K)->126588K(130880K) NonClass: 108486K(109184K)->108486K(109184K) Class: 18101K(21696K)->18101K(21696K)
[239.619s][info][gc             ] GC(2322) Pause Young (Allocation Failure) 1192M->968M(1609M) 2.770ms
[239.619s][info][gc,cpu         ] GC(2322) User=0.00s Sys=0.00s Real=0.00s
[239.635s][info][gc,start       ] GC(2323) Pause Young (Allocation Failure)
[239.638s][info][gc,heap        ] GC(2323) PSYoungGen: 249179K(249344K)->17820K(467456K) Eden: 232960K(232960K)->0K(238592K) From: 16219K(16384K)->17820K(228864K)
[239.638s][info][gc,heap        ] GC(2323) ParOldGen: 975027K(1398272K)->975027K(1398272K)
[239.638s][info][gc,metaspace   ] GC(2323) Metaspace: 126588K(130880K)->126588K(130880K) NonClass: 108486K(109184K)->108486K(109184K) Class: 18101K(21696K)->18101K(21696K)
[239.638s][info][gc             ] GC(2323) Pause Young (Allocation Failure) 1195M->969M(1822M) 2.769ms
[239.638s][info][gc,cpu         ] GC(2323) User=0.53s Sys=0.00s Real=0.02s
[239.654s][info][gc,start       ] GC(2324) Pause Young (Allocation Failure)
[239.657s][info][gc,heap        ] GC(2324) PSYoungGen: 256412K(467456K)->19969K(259072K) Eden: 238592K(238592K)->0K(238592K) From: 17820K(228864K)->19969K(20480K)
[239.657s][info][gc,heap        ] GC(2324) ParOldGen: 975027K(1398272K)->975027K(1398272K)
[239.657s][info][gc,metaspace   ] GC(2324) Metaspace: 126588K(130880K)->126588K(130880K) NonClass: 108486K(109184K)->108486K(109184K) Class: 18101K(21696K)->18101K(21696K)
[239.657s][info][gc             ] GC(2324) Pause Young (Allocation Failure) 1202M->971M(1618M) 3.829ms
[239.657s][info][gc,cpu         ] GC(2324) User=0.00s Sys=0.00s Real=0.00s
[239.674s][info][gc,start       ] GC(2325) Pause Young (Allocation Failure)
[239.677s][info][gc,heap        ] GC(2325) PSYoungGen: 258561K(259072K)->22210K(452096K) Eden: 238592K(238592K)->0K(247296K) From: 19969K(20480K)->22210K(204800K)
[239.677s][info][gc,heap        ] GC(2325) ParOldGen: 975027K(1398272K)->975027K(1398272K)
[239.677s][info][gc,metaspace   ] GC(2325) Metaspace: 126588K(130880K)->126588K(130880K) NonClass: 108486K(109184K)->108486K(109184K) Class: 18101K(21696K)->18101K(21696K)
[239.677s][info][gc             ] GC(2325) Pause Young (Allocation Failure) 1204M->973M(1807M) 3.705ms
[239.677s][info][gc,cpu         ] GC(2325) User=0.00s Sys=0.00s Real=0.00s
[239.694s][info][gc,start       ] GC(2326) Pause Young (Allocation Failure)
[239.697s][info][gc,heap        ] GC(2326) PSYoungGen: 269506K(452096K)->26324K(273920K) Eden: 247296K(247296K)->0K(247296K) From: 22210K(204800K)->26324K(26624K)
[239.697s][info][gc,heap        ] GC(2326) ParOldGen: 975027K(1398272K)->975027K(1398272K)
[239.698s][info][gc,metaspace   ] GC(2326) Metaspace: 126588K(130880K)->126588K(130880K) NonClass: 108486K(109184K)->108486K(109184K) Class: 18101K(21696K)->18101K(21696K)
[239.698s][info][gc             ] GC(2326) Pause Young (Allocation Failure) 1215M->977M(1633M) 3.230ms
[239.698s][info][gc,cpu         ] GC(2326) User=0.00s Sys=0.00s Real=0.00s
[239.714s][info][gc,start       ] GC(2327) Pause Young (Allocation Failure)
[239.719s][info][gc,heap        ] GC(2327) PSYoungGen: 273620K(273920K)->31758K(436736K) Eden: 247296K(247296K)->0K(256000K) From: 26324K(26624K)->31758K(180736K)
[239.719s][info][gc,heap        ] GC(2327) ParOldGen: 975027K(1398272K)->975027K(1398272K)
[239.720s][info][gc,metaspace   ] GC(2327) Metaspace: 126588K(130880K)->126588K(130880K) NonClass: 108486K(109184K)->108486K(109184K) Class: 18101K(21696K)->18101K(21696K)
[239.720s][info][gc             ] GC(2327) Pause Young (Allocation Failure) 1219M->983M(1792M) 5.577ms
[239.720s][info][gc,cpu         ] GC(2327) User=0.00s Sys=0.00s Real=0.00s
[239.737s][info][gc,start       ] GC(2328) Pause Young (Allocation Failure)
[239.742s][info][gc,heap        ] GC(2328) PSYoungGen: 287758K(436736K)->34947K(291328K) Eden: 256000K(256000K)->0K(256000K) From: 31758K(180736K)->34947K(35328K)
[239.742s][info][gc,heap        ] GC(2328) ParOldGen: 975027K(1398272K)->975027K(1398272K)
[239.742s][info][gc,metaspace   ] GC(2328) Metaspace: 126588K(130880K)->126588K(130880K) NonClass: 108486K(109184K)->108486K(109184K) Class: 18101K(21696K)->18101K(21696K)
[239.742s][info][gc             ] GC(2328) Pause Young (Allocation Failure) 1233M->986M(1650M) 5.396ms
[239.742s][info][gc,cpu         ] GC(2328) User=0.00s Sys=0.00s Real=0.00s
[239.760s][info][gc,start       ] GC(2329) Pause Young (Allocation Failure)
[239.766s][info][gc,heap        ] GC(2329) PSYoungGen: 290947K(291328K)->33295K(427520K) Eden: 256000K(256000K)->0K(265216K) From: 34947K(35328K)->33295K(162304K)
[239.766s][info][gc,heap        ] GC(2329) ParOldGen: 975027K(1398272K)->975027K(1398272K)
[239.766s][info][gc,metaspace   ] GC(2329) Metaspace: 126588K(130880K)->126588K(130880K) NonClass: 108486K(109184K)->108486K(109184K) Class: 18101K(21696K)->18101K(21696K)
[239.766s][info][gc             ] GC(2329) Pause Young (Allocation Failure) 1236M->984M(1783M) 5.770ms
[239.766s][info][gc,cpu         ] GC(2329) User=0.52s Sys=0.00s Real=0.02s
[239.784s][info][gc,start       ] GC(2330) Pause Young (Allocation Failure)
[239.789s][info][gc,heap        ] GC(2330) PSYoungGen: 298511K(427520K)->34067K(436736K) Eden: 265216K(265216K)->0K(265216K) From: 33295K(162304K)->34067K(171520K)
[239.789s][info][gc,heap        ] GC(2330) ParOldGen: 975027K(1398272K)->975027K(1398272K)
[239.789s][info][gc,metaspace   ] GC(2330) Metaspace: 126588K(130880K)->126588K(130880K) NonClass: 108486K(109184K)->108486K(109184K) Class: 18101K(21696K)->18101K(21696K)
[239.789s][info][gc             ] GC(2330) Pause Young (Allocation Failure) 1243M->985M(1792M) 5.025ms
[239.789s][info][gc,cpu         ] GC(2330) User=0.00s Sys=0.00s Real=0.00s
[239.806s][info][gc,start       ] GC(2331) Pause Young (Allocation Failure)
[239.812s][info][gc,heap        ] GC(2331) PSYoungGen: 299283K(436736K)->34191K(420352K) Eden: 265216K(265216K)->0K(274944K) From: 34067K(171520K)->34191K(145408K)
[239.812s][info][gc,heap        ] GC(2331) ParOldGen: 975027K(1398272K)->975027K(1398272K)
[239.812s][info][gc,metaspace   ] GC(2331) Metaspace: 126588K(130880K)->126588K(130880K) NonClass: 108486K(109184K)->108486K(109184K) Class: 18101K(21696K)->18101K(21696K)
[239.812s][info][gc             ] GC(2331) Pause Young (Allocation Failure) 1244M->985M(1776M) 5.883ms
[239.812s][info][gc,cpu         ] GC(2331) User=0.50s Sys=0.02s Real=0.01s
[239.831s][info][gc,start       ] GC(2332) Pause Young (Allocation Failure)
[239.838s][info][gc,heap        ] GC(2332) PSYoungGen: 309135K(420352K)->52977K(428544K) Eden: 274944K(274944K)->0K(274944K) From: 34191K(145408K)->52977K(153600K)
[239.838s][info][gc,heap        ] GC(2332) ParOldGen: 975027K(1398272K)->975027K(1398272K)
[239.838s][info][gc,metaspace   ] GC(2332) Metaspace: 126588K(130880K)->126588K(130880K) NonClass: 108486K(109184K)->108486K(109184K) Class: 18101K(21696K)->18101K(21696K)
[239.838s][info][gc             ] GC(2332) Pause Young (Allocation Failure) 1254M->1003M(1784M) 6.861ms
[239.838s][info][gc,cpu         ] GC(2332) User=0.00s Sys=0.00s Real=0.00s
[239.857s][info][gc,start       ] GC(2333) Pause Young (Allocation Failure)
[239.864s][info][gc,heap        ] GC(2333) PSYoungGen: 327921K(428544K)->51225K(413696K) Eden: 274944K(274944K)->0K(285696K) From: 52977K(153600K)->51225K(128000K)
[239.864s][info][gc,heap        ] GC(2333) ParOldGen: 975027K(1398272K)->975027K(1398272K)
[239.864s][info][gc,metaspace   ] GC(2333) Metaspace: 126588K(130880K)->126588K(130880K) NonClass: 108486K(109184K)->108486K(109184K) Class: 18101K(21696K)->18101K(21696K)
[239.864s][info][gc             ] GC(2333) Pause Young (Allocation Failure) 1272M->1002M(1769M) 7.279ms
[239.864s][info][gc,cpu         ] GC(2333) User=0.00s Sys=0.00s Real=0.00s
[239.884s][info][gc,start       ] GC(2334) Pause Young (Allocation Failure)
[239.890s][info][gc,heap        ] GC(2334) PSYoungGen: 336921K(413696K)->57501K(421888K) Eden: 285696K(285696K)->0K(285696K) From: 51225K(128000K)->57501K(136192K)
[239.890s][info][gc,heap        ] GC(2334) ParOldGen: 975027K(1398272K)->975027K(1398272K)
[239.890s][info][gc,metaspace   ] GC(2334) Metaspace: 126588K(130880K)->126588K(130880K) NonClass: 108486K(109184K)->108486K(109184K) Class: 18101K(21696K)->18101K(21696K)
[239.890s][info][gc             ] GC(2334) Pause Young (Allocation Failure) 1281M->1008M(1777M) 6.491ms
[239.890s][info][gc,cpu         ] GC(2334) User=0.52s Sys=0.00s Real=0.02s
[239.909s][info][gc,start       ] GC(2335) Pause Young (Allocation Failure)
[239.916s][info][gc,heap        ] GC(2335) PSYoungGen: 343197K(421888K)->47697K(413184K) Eden: 285696K(285696K)->0K(297984K) From: 57501K(136192K)->47697K(115200K)
[239.916s][info][gc,heap        ] GC(2335) ParOldGen: 975027K(1398272K)->983521K(1398272K)
[239.916s][info][gc,metaspace   ] GC(2335) Metaspace: 126588K(130880K)->126588K(130880K) NonClass: 108486K(109184K)->108486K(109184K) Class: 18101K(21696K)->18101K(21696K)
[239.916s][info][gc             ] GC(2335) Pause Young (Allocation Failure) 1287M->1007M(1769M) 7.243ms
[239.916s][info][gc,cpu         ] GC(2335) User=0.00s Sys=0.00s Real=0.00s
[239.936s][info][gc,start       ] GC(2336) Pause Young (Allocation Failure)
[239.942s][info][gc,heap        ] GC(2336) PSYoungGen: 345681K(413184K)->48261K(420864K) Eden: 297984K(297984K)->0K(297984K) From: 47697K(115200K)->48261K(122880K)
[239.942s][info][gc,heap        ] GC(2336) ParOldGen: 983521K(1398272K)->984618K(1398272K)
[239.942s][info][gc,metaspace   ] GC(2336) Metaspace: 126588K(130880K)->126588K(130880K) NonClass: 108486K(109184K)->108486K(109184K) Class: 18101K(21696K)->18101K(21696K)
[239.942s][info][gc             ] GC(2336) Pause Young (Allocation Failure) 1298M->1008M(1776M) 6.063ms
[239.942s][info][gc,cpu         ] GC(2336) User=0.00s Sys=0.00s Real=0.00s
[239.962s][info][gc,start       ] GC(2337) Pause Young (Allocation Failure)
[239.969s][info][gc,heap        ] GC(2337) PSYoungGen: 346245K(420864K)->47867K(414208K) Eden: 297984K(297984K)->0K(310784K) From: 48261K(122880K)->47867K(103424K)
[239.969s][info][gc,heap        ] GC(2337) ParOldGen: 984618K(1398272K)->985164K(1398272K)
[239.969s][info][gc,metaspace   ] GC(2337) Metaspace: 126588K(130880K)->126588K(130880K) NonClass: 108486K(109184K)->108486K(109184K) Class: 18101K(21696K)->18101K(21696K)
[239.969s][info][gc             ] GC(2337) Pause Young (Allocation Failure) 1299M->1008M(1770M) 6.807ms
[239.969s][info][gc,cpu         ] GC(2337) User=0.25s Sys=0.00s Real=0.02s
[239.989s][info][gc,start       ] GC(2338) Pause Young (Allocation Failure)
[239.995s][info][gc,heap        ] GC(2338) PSYoungGen: 358651K(414208K)->47899K(420352K) Eden: 310784K(310784K)->0K(310784K) From: 47867K(103424K)->47899K(109568K)
[239.995s][info][gc,heap        ] GC(2338) ParOldGen: 985164K(1398272K)->985262K(1398272K)
[239.995s][info][gc,metaspace   ] GC(2338) Metaspace: 126588K(130880K)->126588K(130880K) NonClass: 108486K(109184K)->108486K(109184K) Class: 18101K(21696K)->18101K(21696K)
[239.995s][info][gc             ] GC(2338) Pause Young (Allocation Failure) 1312M->1008M(1776M) 5.616ms
[239.995s][info][gc,cpu         ] GC(2338) User=0.42s Sys=0.02s Real=0.02s
[240.015s][info][gc,start       ] GC(2339) Pause Young (Allocation Failure)
[240.022s][info][gc,heap        ] GC(2339) PSYoungGen: 358683K(420352K)->47931K(416768K) Eden: 310784K(310784K)->0K(323584K) From: 47899K(109568K)->47931K(93184K)
[240.022s][info][gc,heap        ] GC(2339) ParOldGen: 985262K(1398272K)->985278K(1398272K)
[240.022s][info][gc,metaspace   ] GC(2339) Metaspace: 126588K(130880K)->126588K(130880K) NonClass: 108486K(109184K)->108486K(109184K) Class: 18101K(21696K)->18101K(21696K)
[240.022s][info][gc             ] GC(2339) Pause Young (Allocation Failure) 1312M->1008M(1772M) 6.445ms
[240.022s][info][gc,cpu         ] GC(2339) User=0.00s Sys=0.00s Real=0.00s
[240.044s][info][gc,start       ] GC(2340) Pause Young (Allocation Failure)
[240.049s][info][gc,heap        ] GC(2340) PSYoungGen: 371515K(416768K)->47931K(421888K) Eden: 323584K(323584K)->0K(323584K) From: 47931K(93184K)->47931K(98304K)
[240.049s][info][gc,heap        ] GC(2340) ParOldGen: 985278K(1398272K)->985278K(1398272K)
[240.049s][info][gc,metaspace   ] GC(2340) Metaspace: 126588K(130880K)->126588K(130880K) NonClass: 108486K(109184K)->108486K(109184K) Class: 18101K(21696K)->18101K(21696K)
[240.049s][info][gc             ] GC(2340) Pause Young (Allocation Failure) 1324M->1008M(1777M) 5.626ms
[240.049s][info][gc,cpu         ] GC(2340) User=0.00s Sys=0.00s Real=0.00s
[240.071s][info][gc,start       ] GC(2341) Pause Young (Allocation Failure)
[240.077s][info][gc,heap        ] GC(2341) PSYoungGen: 371515K(421888K)->57274K(427520K) Eden: 323584K(323584K)->0K(336896K) From: 47931K(98304K)->57274K(90624K)
[240.077s][info][gc,heap        ] GC(2341) ParOldGen: 985278K(1398272K)->985278K(1398272K)
[240.077s][info][gc,metaspace   ] GC(2341) Metaspace: 126588K(130880K)->126588K(130880K) NonClass: 108486K(109184K)->108486K(109184K) Class: 18101K(21696K)->18101K(21696K)
[240.077s][info][gc             ] GC(2341) Pause Young (Allocation Failure) 1324M->1018M(1783M) 5.815ms
[240.077s][info][gc,cpu         ] GC(2341) User=0.27s Sys=0.00s Real=0.02s
[240.104s][info][gc,start       ] GC(2342) Pause Young (Allocation Failure)
[240.114s][info][gc,heap        ] GC(2342) PSYoungGen: 392469K(427520K)->91681K(429056K) Eden: 335195K(336896K)->0K(336896K) From: 57274K(90624K)->91681K(92160K)
[240.114s][info][gc,heap        ] GC(2342) ParOldGen: 985278K(1398272K)->988403K(1398272K)
[240.114s][info][gc,metaspace   ] GC(2342) Metaspace: 126588K(130880K)->126588K(130880K) NonClass: 108486K(109184K)->108486K(109184K) Class: 18101K(21696K)->18101K(21696K)
[240.114s][info][gc             ] GC(2342) Pause Young (Allocation Failure) 1345M->1054M(1784M) 9.684ms
[240.114s][info][gc,cpu         ] GC(2342) User=0.00s Sys=0.00s Real=0.00s
[240.151s][info][gc,start       ] GC(2343) Pause Young (Allocation Failure)
[240.168s][info][gc,heap        ] GC(2343) PSYoungGen: 428577K(429056K)->100992K(442368K) Eden: 336896K(336896K)->0K(338944K) From: 91681K(92160K)->100992K(103424K)
[240.168s][info][gc,heap        ] GC(2343) ParOldGen: 988403K(1398272K)->988403K(1398272K)
[240.168s][info][gc,metaspace   ] GC(2343) Metaspace: 126588K(130880K)->126588K(130880K) NonClass: 108486K(109184K)->108486K(109184K) Class: 18101K(21696K)->18101K(21696K)
[240.168s][info][gc             ] GC(2343) Pause Young (Allocation Failure) 1383M->1063M(1797M) 16.587ms
[240.168s][info][gc,cpu         ] GC(2343) User=0.03s Sys=0.02s Real=0.01s
[240.198s][info][gc,start       ] GC(2344) Pause Young (Allocation Failure)
[240.208s][info][gc,heap        ] GC(2344) PSYoungGen: 439936K(442368K)->97867K(455168K) Eden: 338944K(338944K)->0K(338944K) From: 100992K(103424K)->97867K(116224K)
[240.208s][info][gc,heap        ] GC(2344) ParOldGen: 988403K(1398272K)->988403K(1398272K)
[240.208s][info][gc,metaspace   ] GC(2344) Metaspace: 126588K(130880K)->126588K(130880K) NonClass: 108486K(109184K)->108486K(109184K) Class: 18101K(21696K)->18101K(21696K)
[240.208s][info][gc             ] GC(2344) Pause Young (Allocation Failure) 1394M->1060M(1810M) 10.360ms
[240.208s][info][gc,cpu         ] GC(2344) User=0.00s Sys=0.00s Real=0.00s
[240.231s][info][gc,start       ] GC(2345) Pause Young (Allocation Failure)
[240.241s][info][gc,heap        ] GC(2345) PSYoungGen: 436811K(455168K)->94806K(474624K) Eden: 338944K(338944K)->0K(349696K) From: 97867K(116224K)->94806K(124928K)
[240.241s][info][gc,heap        ] GC(2345) ParOldGen: 988403K(1398272K)->988419K(1398272K)
[240.241s][info][gc,metaspace   ] GC(2345) Metaspace: 126588K(130880K)->126588K(130880K) NonClass: 108486K(109184K)->108486K(109184K) Class: 18101K(21696K)->18101K(21696K)
[240.241s][info][gc             ] GC(2345) Pause Young (Allocation Failure) 1391M->1057M(1829M) 10.156ms
[240.241s][info][gc,cpu         ] GC(2345) User=0.00s Sys=0.00s Real=0.00s
[240.265s][info][gc,start       ] GC(2346) Pause Young (Allocation Failure)
[240.274s][info][gc,heap        ] GC(2346) PSYoungGen: 444502K(474624K)->98903K(480256K) Eden: 349696K(349696K)->0K(349696K) From: 94806K(124928K)->98903K(130560K)
[240.274s][info][gc,heap        ] GC(2346) ParOldGen: 988419K(1398272K)->988419K(1398272K)
[240.274s][info][gc,metaspace   ] GC(2346) Metaspace: 126588K(130880K)->126588K(130880K) NonClass: 108486K(109184K)->108486K(109184K) Class: 18101K(21696K)->18101K(21696K)
[240.274s][info][gc             ] GC(2346) Pause Young (Allocation Failure) 1399M->1061M(1834M) 9.177ms
[240.274s][info][gc,cpu         ] GC(2346) User=0.00s Sys=0.00s Real=0.00s
[240.307s][info][gc,start       ] GC(2347) Pause Young (Allocation Failure)
[240.325s][info][gc,heap        ] GC(2347) PSYoungGen: 448599K(480256K)->113049K(495616K) Eden: 349696K(349696K)->0K(358912K) From: 98903K(130560K)->113049K(136704K)
[240.325s][info][gc,heap        ] GC(2347) ParOldGen: 988419K(1398272K)->988419K(1398272K)
[240.325s][info][gc,metaspace   ] GC(2347) Metaspace: 126588K(130880K)->126588K(130880K) NonClass: 108486K(109184K)->108486K(109184K) Class: 18101K(21696K)->18101K(21696K)
[240.325s][info][gc             ] GC(2347) Pause Young (Allocation Failure) 1403M->1075M(1849M) 17.377ms
[240.325s][info][gc,cpu         ] GC(2347) User=0.03s Sys=0.08s Real=0.02s
[240.358s][info][gc,start       ] GC(2348) Pause Young (Allocation Failure)
[240.371s][info][gc,heap        ] GC(2348) PSYoungGen: 471961K(495616K)->131282K(504832K) Eden: 358912K(358912K)->0K(358912K) From: 113049K(136704K)->131282K(145920K)
[240.372s][info][gc,heap        ] GC(2348) ParOldGen: 988419K(1398272K)->988419K(1398272K)
[240.372s][info][gc,metaspace   ] GC(2348) Metaspace: 126588K(130880K)->126588K(130880K) NonClass: 108486K(109184K)->108486K(109184K) Class: 18101K(21696K)->18101K(21696K)
[240.372s][info][gc             ] GC(2348) Pause Young (Allocation Failure) 1426M->1093M(1858M) 13.362ms
[240.372s][info][gc,cpu         ] GC(2348) User=0.00s Sys=0.00s Real=0.00s
[240.396s][info][gc,start       ] GC(2349) Pause Young (Allocation Failure)
[240.418s][info][gc,heap        ] GC(2349) PSYoungGen: 490194K(504832K)->131582K(516096K) Eden: 358912K(358912K)->0K(355840K) From: 131282K(145920K)->131582K(160256K)
[240.418s][info][gc,heap        ] GC(2349) ParOldGen: 988419K(1398272K)->988419K(1398272K)
[240.418s][info][gc,metaspace   ] GC(2349) Metaspace: 126588K(130880K)->126588K(130880K) NonClass: 108486K(109184K)->108486K(109184K) Class: 18101K(21696K)->18101K(21696K)
[240.418s][info][gc             ] GC(2349) Pause Young (Allocation Failure) 1443M->1093M(1869M) 22.019ms
[240.418s][info][gc,cpu         ] GC(2349) User=0.33s Sys=0.14s Real=0.01s
[240.442s][info][gc,start       ] GC(2350) Pause Young (Allocation Failure)
[240.455s][info][gc,heap        ] GC(2350) PSYoungGen: 487422K(516096K)->132770K(488960K) Eden: 355840K(355840K)->0K(355840K) From: 131582K(160256K)->132770K(133120K)
[240.455s][info][gc,heap        ] GC(2350) ParOldGen: 988419K(1398272K)->988419K(1398272K)
[240.455s][info][gc,metaspace   ] GC(2350) Metaspace: 126588K(130880K)->126588K(130880K) NonClass: 108486K(109184K)->108486K(109184K) Class: 18101K(21696K)->18101K(21696K)
[240.455s][info][gc             ] GC(2350) Pause Young (Allocation Failure) 1441M->1094M(1843M) 12.380ms
[240.455s][info][gc,cpu         ] GC(2350) User=0.48s Sys=0.00s Real=0.02s
[240.478s][info][gc,start       ] GC(2351) Pause Young (Allocation Failure)
[240.491s][info][gc,heap        ] GC(2351) PSYoungGen: 488610K(488960K)->137279K(500736K) Eden: 355840K(355840K)->0K(320000K) From: 132770K(133120K)->137279K(180736K)
[240.491s][info][gc,heap        ] GC(2351) ParOldGen: 988419K(1398272K)->988419K(1398272K)
[240.491s][info][gc,metaspace   ] GC(2351) Metaspace: 126588K(130880K)->126588K(130880K) NonClass: 108486K(109184K)->108486K(109184K) Class: 18101K(21696K)->18101K(21696K)
[240.491s][info][gc             ] GC(2351) Pause Young (Allocation Failure) 1442M->1099M(1854M) 12.915ms
[240.491s][info][gc,cpu         ] GC(2351) User=0.47s Sys=0.00s Real=0.02s
[240.512s][info][gc,start       ] GC(2352) Pause Young (Allocation Failure)
[240.526s][info][gc,heap        ] GC(2352) PSYoungGen: 457279K(500736K)->143041K(463360K) Eden: 320000K(320000K)->0K(320000K) From: 137279K(180736K)->143041K(143360K)
[240.526s][info][gc,heap        ] GC(2352) ParOldGen: 988419K(1398272K)->988419K(1398272K)
[240.526s][info][gc,metaspace   ] GC(2352) Metaspace: 126588K(130880K)->126588K(130880K) NonClass: 108486K(109184K)->108486K(109184K) Class: 18101K(21696K)->18101K(21696K)
[240.526s][info][gc             ] GC(2352) Pause Young (Allocation Failure) 1411M->1104M(1818M) 13.812ms
[240.526s][info][gc,cpu         ] GC(2352) User=0.70s Sys=0.00s Real=0.02s
[240.547s][info][gc,start       ] GC(2353) Pause Young (Allocation Failure)
[240.561s][info][gc,heap        ] GC(2353) PSYoungGen: 463041K(463360K)->146828K(485376K) Eden: 320000K(320000K)->0K(287232K) From: 143041K(143360K)->146828K(198144K)
[240.561s][info][gc,heap        ] GC(2353) ParOldGen: 988419K(1398272K)->988419K(1398272K)
[240.561s][info][gc,metaspace   ] GC(2353) Metaspace: 126588K(130880K)->126588K(130880K) NonClass: 108486K(109184K)->108486K(109184K) Class: 18101K(21696K)->18101K(21696K)
[240.561s][info][gc             ] GC(2353) Pause Young (Allocation Failure) 1417M->1108M(1839M) 13.637ms
[240.561s][info][gc,cpu         ] GC(2353) User=0.00s Sys=0.00s Real=0.00s
[240.580s][info][gc,start       ] GC(2354) Pause Young (Allocation Failure)
[240.593s][info][gc,heap        ] GC(2354) PSYoungGen: 434060K(485376K)->147609K(435200K) Eden: 287232K(287232K)->0K(287232K) From: 146828K(198144K)->147609K(147968K)
[240.593s][info][gc,heap        ] GC(2354) ParOldGen: 988419K(1398272K)->988419K(1398272K)
[240.593s][info][gc,metaspace   ] GC(2354) Metaspace: 126588K(130880K)->126588K(130880K) NonClass: 108486K(109184K)->108486K(109184K) Class: 18101K(21696K)->18101K(21696K)
[240.593s][info][gc             ] GC(2354) Pause Young (Allocation Failure) 1389M->1109M(1790M) 13.610ms
[240.593s][info][gc,cpu         ] GC(2354) User=0.00s Sys=0.00s Real=0.00s
[240.612s][info][gc,start       ] GC(2355) Pause Young (Allocation Failure)
[240.626s][info][gc,heap        ] GC(2355) PSYoungGen: 434841K(435200K)->148581K(477696K) Eden: 287232K(287232K)->0K(265728K) From: 147609K(147968K)->148581K(211968K)
[240.626s][info][gc,heap        ] GC(2355) ParOldGen: 988419K(1398272K)->988419K(1398272K)
[240.626s][info][gc,metaspace   ] GC(2355) Metaspace: 126588K(130880K)->126588K(130880K) NonClass: 108486K(109184K)->108486K(109184K) Class: 18101K(21696K)->18101K(21696K)
[240.626s][info][gc             ] GC(2355) Pause Young (Allocation Failure) 1389M->1110M(1832M) 14.380ms
[240.626s][info][gc,cpu         ] GC(2355) User=0.31s Sys=0.00s Real=0.02s
[240.644s][info][gc,start       ] GC(2356) Pause Young (Allocation Failure)
[240.658s][info][gc,heap        ] GC(2356) PSYoungGen: 414309K(477696K)->150093K(416256K) Eden: 265728K(265728K)->0K(265728K) From: 148581K(211968K)->150093K(150528K)
[240.658s][info][gc,heap        ] GC(2356) ParOldGen: 988419K(1398272K)->988419K(1398272K)
[240.658s][info][gc,metaspace   ] GC(2356) Metaspace: 126588K(130880K)->126588K(130880K) NonClass: 108486K(109184K)->108486K(109184K) Class: 18101K(21696K)->18101K(21696K)
[240.658s][info][gc             ] GC(2356) Pause Young (Allocation Failure) 1369M->1111M(1772M) 14.341ms
[240.658s][info][gc,cpu         ] GC(2356) User=0.34s Sys=0.00s Real=0.01s
[240.675s][info][gc,start       ] GC(2357) Pause Young (Allocation Failure)
[240.691s][info][gc,heap        ] GC(2357) PSYoungGen: 415821K(416256K)->161017K(466432K) Eden: 265728K(265728K)->0K(246272K) From: 150093K(150528K)->161017K(220160K)
[240.691s][info][gc,heap        ] GC(2357) ParOldGen: 988419K(1398272K)->988419K(1398272K)
[240.691s][info][gc,metaspace   ] GC(2357) Metaspace: 126588K(130880K)->126588K(130880K) NonClass: 108486K(109184K)->108486K(109184K) Class: 18101K(21696K)->18101K(21696K)
[240.691s][info][gc             ] GC(2357) Pause Young (Allocation Failure) 1371M->1122M(1821M) 15.339ms
[240.691s][info][gc,cpu         ] GC(2357) User=0.38s Sys=0.00s Real=0.02s
[240.707s][info][gc,start       ] GC(2358) Pause Young (Allocation Failure)
[240.723s][info][gc,heap        ] GC(2358) PSYoungGen: 407289K(466432K)->162561K(409088K) Eden: 246272K(246272K)->0K(246272K) From: 161017K(220160K)->162561K(162816K)
[240.723s][info][gc,heap        ] GC(2358) ParOldGen: 988419K(1398272K)->988419K(1398272K)
[240.723s][info][gc,metaspace   ] GC(2358) Metaspace: 126588K(130880K)->126588K(130880K) NonClass: 108486K(109184K)->108486K(109184K) Class: 18101K(21696K)->18101K(21696K)
[240.723s][info][gc             ] GC(2358) Pause Young (Allocation Failure) 1362M->1124M(1765M) 15.958ms
[240.723s][info][gc,cpu         ] GC(2358) User=0.47s Sys=0.00s Real=0.02s
[240.739s][info][gc,start       ] GC(2359) Pause Young (Allocation Failure)
[240.757s][info][gc,heap        ] GC(2359) PSYoungGen: 408833K(409088K)->175047K(464384K) Eden: 246272K(246272K)->0K(232960K) From: 162561K(162816K)->175047K(231424K)
[240.757s][info][gc,heap        ] GC(2359) ParOldGen: 988419K(1398272K)->988419K(1398272K)
[240.757s][info][gc,metaspace   ] GC(2359) Metaspace: 126588K(130880K)->126588K(130880K) NonClass: 108486K(109184K)->108486K(109184K) Class: 18101K(21696K)->18101K(21696K)
[240.757s][info][gc             ] GC(2359) Pause Young (Allocation Failure) 1364M->1136M(1819M) 17.789ms
[240.757s][info][gc,cpu         ] GC(2359) User=0.52s Sys=0.00s Real=0.02s
[240.773s][info][gc,start       ] GC(2360) Pause Young (Allocation Failure)
[240.790s][info][gc,heap        ] GC(2360) PSYoungGen: 408007K(464384K)->169318K(465920K) Eden: 232960K(232960K)->0K(232960K) From: 175047K(231424K)->169318K(232960K)
[240.790s][info][gc,heap        ] GC(2360) ParOldGen: 988419K(1398272K)->992566K(1398272K)
[240.790s][info][gc,metaspace   ] GC(2360) Metaspace: 126588K(130880K)->126588K(130880K) NonClass: 108486K(109184K)->108486K(109184K) Class: 18101K(21696K)->18101K(21696K)
[240.790s][info][gc             ] GC(2360) Pause Young (Allocation Failure) 1363M->1134M(1820M) 16.986ms
[240.790s][info][gc,cpu         ] GC(2360) User=0.19s Sys=0.00s Real=0.01s
[240.805s][info][gc,start       ] GC(2361) Pause Young (Allocation Failure)
[240.822s][info][gc,heap        ] GC(2361) PSYoungGen: 402278K(465920K)->73324K(465920K) Eden: 232960K(232960K)->0K(232960K) From: 169318K(232960K)->73324K(232960K)
[240.822s][info][gc,heap        ] GC(2361) ParOldGen: 992566K(1398272K)->1087299K(1398272K)
[240.822s][info][gc,metaspace   ] GC(2361) Metaspace: 126588K(130880K)->126588K(130880K) NonClass: 108486K(109184K)->108486K(109184K) Class: 18101K(21696K)->18101K(21696K)
[240.822s][info][gc             ] GC(2361) Pause Young (Allocation Failure) 1362M->1133M(1820M) 16.916ms
[240.822s][info][gc,cpu         ] GC(2361) User=0.33s Sys=0.00s Real=0.02s
[240.837s][info][gc,start       ] GC(2362) Pause Young (Allocation Failure)
[240.844s][info][gc,heap        ] GC(2362) PSYoungGen: 306284K(465920K)->48128K(465920K) Eden: 232960K(232960K)->0K(232960K) From: 73324K(232960K)->48128K(232960K)
[240.844s][info][gc,heap        ] GC(2362) ParOldGen: 1087299K(1398272K)->1112873K(1398272K)
[240.844s][info][gc,metaspace   ] GC(2362) Metaspace: 126588K(130880K)->126588K(130880K) NonClass: 108486K(109184K)->108486K(109184K) Class: 18101K(21696K)->18101K(21696K)
[240.844s][info][gc             ] GC(2362) Pause Young (Allocation Failure) 1360M->1133M(1820M) 6.842ms
[240.844s][info][gc,cpu         ] GC(2362) User=0.00s Sys=0.00s Real=0.00s
[240.859s][info][gc,start       ] GC(2363) Pause Young (Allocation Failure)
[240.864s][info][gc,heap        ] GC(2363) PSYoungGen: 281088K(465920K)->47954K(465920K) Eden: 232960K(232960K)->0K(232960K) From: 48128K(232960K)->47954K(232960K)
[240.864s][info][gc,heap        ] GC(2363) ParOldGen: 1112873K(1398272K)->1113008K(1398272K)
[240.864s][info][gc,metaspace   ] GC(2363) Metaspace: 126588K(130880K)->126588K(130880K) NonClass: 108486K(109184K)->108486K(109184K) Class: 18101K(21696K)->18101K(21696K)
[240.865s][info][gc             ] GC(2363) Pause Young (Allocation Failure) 1361M->1133M(1820M) 5.692ms
[240.865s][info][gc,cpu         ] GC(2363) User=0.00s Sys=0.00s Real=0.00s
[240.880s][info][gc,start       ] GC(2364) Pause Young (Allocation Failure)
[240.885s][info][gc,heap        ] GC(2364) PSYoungGen: 280914K(465920K)->47922K(465920K) Eden: 232960K(232960K)->0K(232960K) From: 47954K(232960K)->47922K(232960K)
[240.885s][info][gc,heap        ] GC(2364) ParOldGen: 1113008K(1398272K)->1113064K(1398272K)
[240.885s][info][gc,metaspace   ] GC(2364) Metaspace: 126588K(130880K)->126588K(130880K) NonClass: 108486K(109184K)->108486K(109184K) Class: 18101K(21696K)->18101K(21696K)
[240.885s][info][gc             ] GC(2364) Pause Young (Allocation Failure) 1361M->1133M(1820M) 5.685ms
[240.885s][info][gc,cpu         ] GC(2364) User=0.27s Sys=0.00s Real=0.02s
[240.900s][info][gc,start       ] GC(2365) Pause Young (Allocation Failure)
[240.905s][info][gc,heap        ] GC(2365) PSYoungGen: 280882K(465920K)->44829K(465920K) Eden: 232960K(232960K)->0K(232960K) From: 47922K(232960K)->44829K(232960K)
[240.906s][info][gc,heap        ] GC(2365) ParOldGen: 1113064K(1398272K)->1116237K(1398272K)
[240.906s][info][gc,metaspace   ] GC(2365) Metaspace: 126588K(130880K)->126588K(130880K) NonClass: 108486K(109184K)->108486K(109184K) Class: 18101K(21696K)->18101K(21696K)
[240.906s][info][gc             ] GC(2365) Pause Young (Allocation Failure) 1361M->1133M(1820M) 5.052ms
[240.906s][info][gc,cpu         ] GC(2365) User=0.00s Sys=0.00s Real=0.00s
[240.921s][info][gc,start       ] GC(2366) Pause Young (Allocation Failure)
[240.926s][info][gc,heap        ] GC(2366) PSYoungGen: 277789K(465920K)->29172K(465920K) Eden: 232960K(232960K)->0K(232960K) From: 44829K(232960K)->29172K(232960K)
[240.926s][info][gc,heap        ] GC(2366) ParOldGen: 1116237K(1398272K)->1138192K(1398272K)
[240.926s][info][gc,metaspace   ] GC(2366) Metaspace: 126588K(130880K)->126588K(130880K) NonClass: 108486K(109184K)->108486K(109184K) Class: 18101K(21696K)->18101K(21696K)
[240.926s][info][gc             ] GC(2366) Pause Young (Allocation Failure) 1361M->1140M(1820M) 5.398ms
[240.926s][info][gc,cpu         ] GC(2366) User=0.00s Sys=0.00s Real=0.00s
[240.942s][info][gc,start       ] GC(2367) Pause Young (Allocation Failure)
[240.946s][info][gc,heap        ] GC(2367) PSYoungGen: 262132K(465920K)->7297K(465920K) Eden: 232960K(232960K)->0K(232960K) From: 29172K(232960K)->7297K(232960K)
[240.946s][info][gc,heap        ] GC(2367) ParOldGen: 1138192K(1398272K)->1160219K(1398272K)
[240.946s][info][gc,metaspace   ] GC(2367) Metaspace: 126588K(130880K)->126588K(130880K) NonClass: 108486K(109184K)->108486K(109184K) Class: 18101K(21696K)->18101K(21696K)
[240.946s][info][gc             ] GC(2367) Pause Young (Allocation Failure) 1367M->1140M(1820M) 4.144ms
[240.946s][info][gc,cpu         ] GC(2367) User=0.14s Sys=0.00s Real=0.02s
[240.975s][info][gc,start       ] GC(2368) Pause Young (Allocation Failure)
[240.978s][info][gc,heap        ] GC(2368) PSYoungGen: 240257K(465920K)->13492K(465920K) Eden: 232960K(232960K)->0K(232960K) From: 7297K(232960K)->13492K(232960K)
[240.978s][info][gc,heap        ] GC(2368) ParOldGen: 1160219K(1398272K)->1160478K(1398272K)
[240.978s][info][gc,metaspace   ] GC(2368) Metaspace: 126588K(130880K)->126588K(130880K) NonClass: 108486K(109184K)->108486K(109184K) Class: 18101K(21696K)->18101K(21696K)
[240.978s][info][gc             ] GC(2368) Pause Young (Allocation Failure) 1367M->1146M(1820M) 3.057ms
[240.978s][info][gc,cpu         ] GC(2368) User=0.00s Sys=0.00s Real=0.00s
[240.994s][info][gc,start       ] GC(2369) Pause Young (Allocation Failure)
[241.000s][info][gc,heap        ] GC(2369) PSYoungGen: 246452K(465920K)->38492K(449536K) Eden: 232960K(232960K)->0K(232960K) From: 13492K(232960K)->38492K(216576K)
[241.000s][info][gc,heap        ] GC(2369) ParOldGen: 1160478K(1398272K)->1160538K(1398272K)
[241.000s][info][gc,metaspace   ] GC(2369) Metaspace: 126588K(130880K)->126588K(130880K) NonClass: 108486K(109184K)->108486K(109184K) Class: 18101K(21696K)->18101K(21696K)
[241.000s][info][gc             ] GC(2369) Pause Young (Allocation Failure) 1373M->1170M(1804M) 5.427ms
[241.000s][info][gc,cpu         ] GC(2369) User=0.00s Sys=0.00s Real=0.00s
[241.016s][info][gc,start       ] GC(2370) Pause Young (Allocation Failure)
[241.022s][info][gc,heap        ] GC(2370) PSYoungGen: 271452K(449536K)->57274K(290304K) Eden: 232960K(232960K)->0K(232960K) From: 38492K(216576K)->57274K(57344K)
[241.022s][info][gc,heap        ] GC(2370) ParOldGen: 1160538K(1398272K)->1160538K(1398272K)
[241.022s][info][gc,metaspace   ] GC(2370) Metaspace: 126588K(130880K)->126588K(130880K) NonClass: 108486K(109184K)->108486K(109184K) Class: 18101K(21696K)->18101K(21696K)
[241.022s][info][gc             ] GC(2370) Pause Young (Allocation Failure) 1398M->1189M(1649M) 6.561ms
[241.023s][info][gc,cpu         ] GC(2370) User=0.50s Sys=0.02s Real=0.02s
[241.038s][info][gc,start       ] GC(2371) Pause Young (Allocation Failure)
[241.048s][info][gc,heap        ] GC(2371) PSYoungGen: 290234K(290304K)->82306K(438784K) Eden: 232960K(232960K)->0K(245760K) From: 57274K(57344K)->82306K(193024K)
[241.048s][info][gc,heap        ] GC(2371) ParOldGen: 1160538K(1398272K)->1160538K(1398272K)
[241.048s][info][gc,metaspace   ] GC(2371) Metaspace: 126588K(130880K)->126588K(130880K) NonClass: 108486K(109184K)->108486K(109184K) Class: 18101K(21696K)->18101K(21696K)
[241.048s][info][gc             ] GC(2371) Pause Young (Allocation Failure) 1416M->1213M(1794M) 10.559ms
[241.048s][info][gc,cpu         ] GC(2371) User=0.00s Sys=0.02s Real=0.02s
[241.066s][info][gc,start       ] GC(2372) Pause Young (Allocation Failure)
[241.076s][info][gc,heap        ] GC(2372) PSYoungGen: 328066K(438784K)->94774K(448000K) Eden: 245760K(245760K)->0K(245760K) From: 82306K(193024K)->94774K(202240K)
[241.076s][info][gc,heap        ] GC(2372) ParOldGen: 1160538K(1398272K)->1160538K(1398272K)
[241.076s][info][gc,metaspace   ] GC(2372) Metaspace: 126588K(130880K)->126588K(130880K) NonClass: 108486K(109184K)->108486K(109184K) Class: 18101K(21696K)->18101K(21696K)
[241.076s][info][gc             ] GC(2372) Pause Young (Allocation Failure) 1453M->1225M(1803M) 9.847ms
[241.076s][info][gc,cpu         ] GC(2372) User=0.00s Sys=0.00s Real=0.00s
[241.092s][info][gc,start       ] GC(2373) Pause Young (Allocation Failure)
[241.102s][info][gc,heap        ] GC(2373) PSYoungGen: 340534K(448000K)->98852K(452608K) Eden: 245760K(245760K)->0K(261120K) From: 94774K(202240K)->98852K(191488K)
[241.102s][info][gc,heap        ] GC(2373) ParOldGen: 1160538K(1398272K)->1160538K(1398272K)
[241.102s][info][gc,metaspace   ] GC(2373) Metaspace: 126588K(130880K)->126588K(130880K) NonClass: 108486K(109184K)->108486K(109184K) Class: 18101K(21696K)->18101K(21696K)
[241.102s][info][gc             ] GC(2373) Pause Young (Allocation Failure) 1465M->1229M(1807M) 10.137ms
[241.102s][info][gc,cpu         ] GC(2373) User=0.27s Sys=0.00s Real=0.02s
[241.119s][info][gc,start       ] GC(2374) Pause Young (Allocation Failure)
[241.129s][info][gc,heap        ] GC(2374) PSYoungGen: 359972K(452608K)->96679K(455168K) Eden: 261120K(261120K)->0K(261120K) From: 98852K(191488K)->96679K(194048K)
[241.129s][info][gc,heap        ] GC(2374) ParOldGen: 1160538K(1398272K)->1160538K(1398272K)
[241.129s][info][gc,metaspace   ] GC(2374) Metaspace: 126588K(130880K)->126588K(130880K) NonClass: 108486K(109184K)->108486K(109184K) Class: 18101K(21696K)->18101K(21696K)
[241.129s][info][gc             ] GC(2374) Pause Young (Allocation Failure) 1484M->1227M(1810M) 9.915ms
[241.129s][info][gc,cpu         ] GC(2374) User=0.22s Sys=0.00s Real=0.02s
[241.146s][info][gc,start       ] GC(2375) Pause Young (Allocation Failure)
[241.155s][info][gc,heap        ] GC(2375) PSYoungGen: 357799K(455168K)->97036K(459264K) Eden: 261120K(261120K)->0K(278016K) From: 96679K(194048K)->97036K(181248K)
[241.155s][info][gc,heap        ] GC(2375) ParOldGen: 1160538K(1398272K)->1160538K(1398272K)
[241.155s][info][gc,metaspace   ] GC(2375) Metaspace: 126588K(130880K)->126588K(130880K) NonClass: 108486K(109184K)->108486K(109184K) Class: 18101K(21696K)->18101K(21696K)
[241.155s][info][gc             ] GC(2375) Pause Young (Allocation Failure) 1482M->1228M(1814M) 8.586ms
[241.155s][info][gc,cpu         ] GC(2375) User=0.00s Sys=0.00s Real=0.00s
[241.176s][info][gc,start       ] GC(2376) Pause Young (Allocation Failure)
[241.187s][info][gc,heap        ] GC(2376) PSYoungGen: 375052K(459264K)->119629K(463360K) Eden: 278016K(278016K)->0K(278016K) From: 97036K(181248K)->119629K(185344K)
[241.187s][info][gc,heap        ] GC(2376) ParOldGen: 1160538K(1398272K)->1160538K(1398272K)
[241.187s][info][gc,metaspace   ] GC(2376) Metaspace: 126588K(130880K)->126588K(130880K) NonClass: 108486K(109184K)->108486K(109184K) Class: 18101K(21696K)->18101K(21696K)
[241.187s][info][gc             ] GC(2376) Pause Young (Allocation Failure) 1499M->1250M(1818M) 11.393ms
[241.187s][info][gc,cpu         ] GC(2376) User=0.00s Sys=0.00s Real=0.00s
[241.215s][info][gc,start       ] GC(2377) Pause Young (Allocation Failure)
[241.226s][info][gc,heap        ] GC(2377) PSYoungGen: 397645K(463360K)->120646K(482304K) Eden: 278016K(278016K)->0K(293376K) From: 119629K(185344K)->120646K(188928K)
[241.226s][info][gc,heap        ] GC(2377) ParOldGen: 1160538K(1398272K)->1160538K(1398272K)
[241.227s][info][gc,metaspace   ] GC(2377) Metaspace: 126588K(130880K)->126588K(130880K) NonClass: 108486K(109184K)->108486K(109184K) Class: 18101K(21696K)->18101K(21696K)
[241.227s][info][gc             ] GC(2377) Pause Young (Allocation Failure) 1521M->1251M(1836M) 11.326ms
[241.227s][info][gc,cpu         ] GC(2377) User=0.00s Sys=0.00s Real=0.00s
[241.249s][info][gc,start       ] GC(2378) Pause Young (Allocation Failure)
[241.263s][info][gc,heap        ] GC(2378) PSYoungGen: 414022K(482304K)->139915K(485376K) Eden: 293376K(293376K)->0K(293376K) From: 120646K(188928K)->139915K(192000K)
[241.263s][info][gc,heap        ] GC(2378) ParOldGen: 1160538K(1398272K)->1160538K(1398272K)
[241.263s][info][gc,metaspace   ] GC(2378) Metaspace: 126588K(130880K)->126588K(130880K) NonClass: 108486K(109184K)->108486K(109184K) Class: 18101K(21696K)->18101K(21696K)
[241.263s][info][gc             ] GC(2378) Pause Young (Allocation Failure) 1537M->1269M(1839M) 14.011ms
[241.264s][info][gc,cpu         ] GC(2378) User=0.00s Sys=0.00s Real=0.00s
[241.285s][info][gc,start       ] GC(2379) Pause Young (Allocation Failure)
[241.299s][info][gc,heap        ] GC(2379) PSYoungGen: 433291K(485376K)->135800K(488960K) Eden: 293376K(293376K)->0K(288256K) From: 139915K(192000K)->135800K(200704K)
[241.299s][info][gc,heap        ] GC(2379) ParOldGen: 1160538K(1398272K)->1160538K(1398272K)
[241.299s][info][gc,metaspace   ] GC(2379) Metaspace: 126588K(130880K)->126588K(130880K) NonClass: 108486K(109184K)->108486K(109184K) Class: 18101K(21696K)->18101K(21696K)
[241.299s][info][gc             ] GC(2379) Pause Young (Allocation Failure) 1556M->1265M(1843M) 13.957ms
[241.299s][info][gc,cpu         ] GC(2379) User=0.52s Sys=0.00s Real=0.02s
[241.317s][info][gc,start       ] GC(2380) Pause Young (Allocation Failure)
[241.331s][info][gc,heap        ] GC(2380) PSYoungGen: 424056K(488960K)->144440K(433152K) Eden: 288256K(288256K)->0K(288256K) From: 135800K(200704K)->144440K(144896K)
[241.331s][info][gc,heap        ] GC(2380) ParOldGen: 1160538K(1398272K)->1160538K(1398272K)
[241.331s][info][gc,metaspace   ] GC(2380) Metaspace: 126588K(130880K)->126588K(130880K) NonClass: 108486K(109184K)->108486K(109184K) Class: 18101K(21696K)->18101K(21696K)
[241.331s][info][gc             ] GC(2380) Pause Young (Allocation Failure) 1547M->1274M(1788M) 13.223ms
[241.331s][info][gc,cpu         ] GC(2380) User=0.00s Sys=0.00s Real=0.00s
[241.348s][info][gc,start       ] GC(2381) Pause Young (Allocation Failure)
[241.362s][info][gc,heap        ] GC(2381) PSYoungGen: 432696K(433152K)->159045K(466432K) Eden: 288256K(288256K)->0K(254464K) From: 144440K(144896K)->159045K(211968K)
[241.362s][info][gc,heap        ] GC(2381) ParOldGen: 1160538K(1398272K)->1160546K(1398272K)
[241.362s][info][gc,metaspace   ] GC(2381) Metaspace: 126588K(130880K)->126588K(130880K) NonClass: 108486K(109184K)->108486K(109184K) Class: 18101K(21696K)->18101K(21696K)
[241.362s][info][gc             ] GC(2381) Pause Young (Allocation Failure) 1555M->1288M(1821M) 14.336ms
[241.362s][info][gc,cpu         ] GC(2381) User=0.02s Sys=0.00s Real=0.02s
[241.378s][info][gc,start       ] GC(2382) Pause Young (Allocation Failure)
[241.393s][info][gc,heap        ] GC(2382) PSYoungGen: 413509K(466432K)->166196K(420864K) Eden: 254464K(254464K)->0K(254464K) From: 159045K(211968K)->166196K(166400K)
[241.393s][info][gc,heap        ] GC(2382) ParOldGen: 1160546K(1398272K)->1160570K(1398272K)
[241.393s][info][gc,metaspace   ] GC(2382) Metaspace: 126588K(130880K)->126588K(130880K) NonClass: 108486K(109184K)->108486K(109184K) Class: 18101K(21696K)->18101K(21696K)
[241.393s][info][gc             ] GC(2382) Pause Young (Allocation Failure) 1537M->1295M(1776M) 15.754ms
[241.393s][info][gc,cpu         ] GC(2382) User=0.52s Sys=0.00s Real=0.02s
[241.408s][info][gc,start       ] GC(2383) Pause Young (Allocation Failure)
[241.425s][info][gc,heap        ] GC(2383) PSYoungGen: 420660K(420864K)->174666K(464896K) Eden: 254464K(254464K)->0K(232960K) From: 166196K(166400K)->174666K(231936K)
[241.425s][info][gc,heap        ] GC(2383) ParOldGen: 1160570K(1398272K)->1160602K(1398272K)
[241.425s][info][gc,metaspace   ] GC(2383) Metaspace: 126588K(130880K)->126588K(130880K) NonClass: 108486K(109184K)->108486K(109184K) Class: 18101K(21696K)->18101K(21696K)
[241.426s][info][gc             ] GC(2383) Pause Young (Allocation Failure) 1544M->1303M(1819M) 17.296ms
[241.426s][info][gc,cpu         ] GC(2383) User=0.38s Sys=0.00s Real=0.02s
[241.440s][info][gc,start       ] GC(2384) Pause Young (Allocation Failure)
[241.457s][info][gc,heap        ] GC(2384) PSYoungGen: 407626K(464896K)->181145K(465920K) Eden: 232960K(232960K)->0K(232960K) From: 174666K(231936K)->181145K(232960K)
[241.457s][info][gc,heap        ] GC(2384) ParOldGen: 1160602K(1398272K)->1160722K(1398272K)
[241.457s][info][gc,metaspace   ] GC(2384) Metaspace: 126588K(130880K)->126588K(130880K) NonClass: 108486K(109184K)->108486K(109184K) Class: 18101K(21696K)->18101K(21696K)
[241.457s][info][gc             ] GC(2384) Pause Young (Allocation Failure) 1531M->1310M(1820M) 17.349ms
[241.457s][info][gc,cpu         ] GC(2384) User=0.39s Sys=0.00s Real=0.02s
[241.472s][info][gc,start       ] GC(2385) Pause Young (Allocation Failure)
[241.491s][info][gc,heap        ] GC(2385) PSYoungGen: 414105K(465920K)->195352K(465920K) Eden: 232960K(232960K)->0K(232960K) From: 181145K(232960K)->195352K(232960K)
[241.491s][info][gc,heap        ] GC(2385) ParOldGen: 1160722K(1398272K)->1160794K(1398272K)
[241.491s][info][gc,metaspace   ] GC(2385) Metaspace: 126588K(130880K)->126588K(130880K) NonClass: 108486K(109184K)->108486K(109184K) Class: 18101K(21696K)->18101K(21696K)
[241.491s][info][gc             ] GC(2385) Pause Young (Allocation Failure) 1537M->1324M(1820M) 19.160ms
[241.491s][info][gc,cpu         ] GC(2385) User=0.52s Sys=0.00s Real=0.02s
[241.508s][info][gc,start       ] GC(2386) Pause Young (Allocation Failure)
[241.530s][info][gc,heap        ] GC(2386) PSYoungGen: 428312K(465920K)->218262K(465920K) Eden: 232960K(232960K)->0K(232960K) From: 195352K(232960K)->218262K(232960K)
[241.530s][info][gc,heap        ] GC(2386) ParOldGen: 1160794K(1398272K)->1169043K(1398272K)
[241.530s][info][gc,metaspace   ] GC(2386) Metaspace: 126588K(130880K)->126588K(130880K) NonClass: 108486K(109184K)->108486K(109184K) Class: 18101K(21696K)->18101K(21696K)
[241.530s][info][gc             ] GC(2386) Pause Young (Allocation Failure) 1551M->1354M(1820M) 21.903ms
[241.530s][info][gc,cpu         ] GC(2386) User=0.52s Sys=0.00s Real=0.01s
[241.547s][info][gc,start       ] GC(2387) Pause Young (Allocation Failure)
[241.568s][info][gc,heap        ] GC(2387) PSYoungGen: 451222K(465920K)->199546K(465920K) Eden: 232960K(232960K)->0K(232960K) From: 218262K(232960K)->199546K(232960K)
[241.568s][info][gc,heap        ] GC(2387) ParOldGen: 1169043K(1398272K)->1198032K(1398272K)
[241.568s][info][gc,metaspace   ] GC(2387) Metaspace: 126588K(130880K)->126588K(130880K) NonClass: 108486K(109184K)->108486K(109184K) Class: 18101K(21696K)->18101K(21696K)
[241.568s][info][gc             ] GC(2387) Pause Young (Allocation Failure) 1582M->1364M(1820M) 21.652ms
[241.568s][info][gc,cpu         ] GC(2387) User=0.52s Sys=0.00s Real=0.02s
[241.585s][info][gc,start       ] GC(2388) Pause Young (Allocation Failure)
[241.604s][info][gc,heap        ] GC(2388) PSYoungGen: 432506K(465920K)->131341K(465920K) Eden: 232960K(232960K)->0K(232960K) From: 199546K(232960K)->131341K(232960K)
[241.604s][info][gc,heap        ] GC(2388) ParOldGen: 1198032K(1398272K)->1264557K(1398272K)
[241.604s][info][gc,metaspace   ] GC(2388) Metaspace: 126588K(130880K)->126588K(130880K) NonClass: 108486K(109184K)->108486K(109184K) Class: 18101K(21696K)->18101K(21696K)
[241.604s][info][gc             ] GC(2388) Pause Young (Allocation Failure) 1592M->1363M(1820M) 19.856ms
[241.605s][info][gc,cpu         ] GC(2388) User=0.52s Sys=0.02s Real=0.03s
[241.619s][info][gc,start       ] GC(2389) Pause Young (Allocation Failure)
[241.632s][info][gc,heap        ] GC(2389) PSYoungGen: 364301K(465920K)->116993K(465920K) Eden: 232960K(232960K)->0K(232960K) From: 131341K(232960K)->116993K(232960K)
[241.632s][info][gc,heap        ] GC(2389) ParOldGen: 1264557K(1398272K)->1285879K(1398272K)
[241.632s][info][gc,metaspace   ] GC(2389) Metaspace: 126588K(130880K)->126588K(130880K) NonClass: 108486K(109184K)->108486K(109184K) Class: 18101K(21696K)->18101K(21696K)
[241.632s][info][gc             ] GC(2389) Pause Young (Allocation Failure) 1590M->1369M(1820M) 12.366ms
[241.632s][info][gc,cpu         ] GC(2389) User=0.52s Sys=0.00s Real=0.02s
[241.645s][info][gc,start       ] GC(2390) Pause Young (Allocation Failure)
[241.657s][info][gc,heap        ] GC(2390) PSYoungGen: 349953K(465920K)->130469K(465920K) Eden: 232960K(232960K)->0K(232960K) From: 116993K(232960K)->130469K(232960K)
[241.657s][info][gc,heap        ] GC(2390) ParOldGen: 1285879K(1398272K)->1286585K(1398272K)
[241.657s][info][gc,metaspace   ] GC(2390) Metaspace: 126588K(130880K)->126588K(130880K) NonClass: 108486K(109184K)->108486K(109184K) Class: 18101K(21696K)->18101K(21696K)
[241.657s][info][gc             ] GC(2390) Pause Young (Allocation Failure) 1597M->1383M(1820M) 12.680ms
[241.658s][info][gc,cpu         ] GC(2390) User=0.47s Sys=0.00s Real=0.02s
[241.669s][info][gc,start       ] GC(2391) Pause Young (Allocation Failure)
[241.682s][info][gc,heap        ] GC(2391) PSYoungGen: 362757K(465920K)->135963K(465920K) Eden: 232288K(232960K)->0K(232960K) From: 130469K(232960K)->135963K(232960K)
[241.682s][info][gc,heap        ] GC(2391) ParOldGen: 1286585K(1398272K)->1287433K(1398272K)
[241.682s][info][gc,metaspace   ] GC(2391) Metaspace: 126588K(130880K)->126588K(130880K) NonClass: 108486K(109184K)->108486K(109184K) Class: 18101K(21696K)->18101K(21696K)
[241.682s][info][gc             ] GC(2391) Pause Young (Allocation Failure) 1610M->1390M(1820M) 12.958ms
[241.682s][info][gc,cpu         ] GC(2391) User=0.19s Sys=0.02s Real=0.02s
[241.694s][info][gc,start       ] GC(2392) Pause Young (Allocation Failure)
[241.707s][info][gc,heap        ] GC(2392) PSYoungGen: 368923K(465920K)->145793K(465920K) Eden: 232960K(232960K)->0K(232960K) From: 135963K(232960K)->145793K(232960K)
[241.707s][info][gc,heap        ] GC(2392) ParOldGen: 1287433K(1398272K)->1288963K(1398272K)
[241.707s][info][gc,metaspace   ] GC(2392) Metaspace: 126588K(130880K)->126588K(130880K) NonClass: 108486K(109184K)->108486K(109184K) Class: 18101K(21696K)->18101K(21696K)
[241.707s][info][gc             ] GC(2392) Pause Young (Allocation Failure) 1617M->1401M(1820M) 12.866ms
[241.707s][info][gc,cpu         ] GC(2392) User=0.52s Sys=0.00s Real=0.02s
[241.719s][info][gc,start       ] GC(2393) Pause Young (Allocation Failure)
[241.733s][info][gc,heap        ] GC(2393) PSYoungGen: 378753K(465920K)->117273K(465920K) Eden: 232960K(232960K)->0K(232960K) From: 145793K(232960K)->117273K(232960K)
[241.733s][info][gc,heap        ] GC(2393) ParOldGen: 1288963K(1398272K)->1326248K(1398272K)
[241.733s][info][gc,metaspace   ] GC(2393) Metaspace: 126588K(130880K)->126588K(130880K) NonClass: 108486K(109184K)->108486K(109184K) Class: 18101K(21696K)->18101K(21696K)
[241.733s][info][gc             ] GC(2393) Pause Young (Allocation Failure) 1628M->1409M(1820M) 14.222ms
[241.733s][info][gc,cpu         ] GC(2393) User=0.45s Sys=0.00s Real=0.02s
[241.745s][info][gc,start       ] GC(2394) Pause Young (Allocation Failure)
[241.756s][info][gc,promotion   ] GC(2394) Promotion failed
[241.756s][info][gc,heap        ] GC(2394) PSYoungGen: 350233K(465920K)->350233K(465920K) Eden: 232960K(232960K)->232960K(232960K) From: 117273K(232960K)->117273K(232960K)
[241.756s][info][gc,heap        ] GC(2394) ParOldGen: 1326248K(1398272K)->1396843K(1398272K)
