[0.016s][info][gc,init] CardTable entry size: 512
[0.016s][info][gc     ] Using Parallel
[0.027s][info][gc,init] Version: 20+36-2344 (release)
[0.027s][info][gc,init] CPUs: 48 total, 48 available
[0.027s][info][gc,init] Memory: 382G
[0.027s][info][gc,init] Large Page Support: Disabled
[0.027s][info][gc,init] NUMA Support: Disabled
[0.027s][info][gc,init] Compressed Oops: Enabled (Zero based)
[0.027s][info][gc,init] Alignments: Space 512K, Generation 512K, Heap 2M
[0.027s][info][gc,init] Heap Min Capacity: 8M
[0.027s][info][gc,init] Heap Initial Capacity: 2G
[0.043s][info][gc,init] Heap Max Capacity: 4G
[0.043s][info][gc,init] Pre-touch: Disabled
[0.043s][info][gc,init] Parallel Workers: 33
[0.045s][info][gc,metaspace] CDS archive(s) mapped at: [0x0000000800000000-0x0000000800c60000-0x0000000800c60000), size 12976128, SharedBaseAddress: 0x0000000800000000, ArchiveRelocationMode: 0.
[0.045s][info][gc,metaspace] Compressed class space mapped at: 0x0000000801000000-0x0000000841000000, reserved size: 1073741824
[0.045s][info][gc,metaspace] Narrow klass base: 0x0000000800000000, Narrow klass shift: 0, Narrow klass range: 0x100000000
[10.290s][info][gc,start    ] GC(0) Pause Young (Metadata GC Threshold)
[10.308s][info][gc,heap     ] GC(0) PSYoungGen: 231185K(611840K)->18842K(611840K) Eden: 231185K(524800K)->0K(524800K) From: 0K(87040K)->18842K(87040K)
[10.308s][info][gc,heap     ] GC(0) ParOldGen: 0K(1398272K)->24K(1398272K)
[10.308s][info][gc,metaspace] GC(0) Metaspace: 21265K(21504K)->21265K(21504K) NonClass: 18546K(18688K)->18546K(18688K) Class: 2719K(2816K)->2719K(2816K)
[10.308s][info][gc          ] GC(0) Pause Young (Metadata GC Threshold) 225M->18M(1963M) 18.391ms
[10.308s][info][gc,cpu      ] GC(0) User=0.42s Sys=0.09s Real=0.02s
[10.308s][info][gc,start    ] GC(1) Pause Full (Metadata GC Threshold)
[10.308s][info][gc,phases,start] GC(1) Marking Phase
[10.321s][info][gc,phases      ] GC(1) Marking Phase 12.751ms
[10.321s][info][gc,phases,start] GC(1) Summary Phase
[10.321s][info][gc,phases      ] GC(1) Summary Phase 0.014ms
[10.321s][info][gc,phases,start] GC(1) Adjust Roots
[10.324s][info][gc,phases      ] GC(1) Adjust Roots 2.495ms
[10.324s][info][gc,phases,start] GC(1) Compaction Phase
[10.336s][info][gc,phases      ] GC(1) Compaction Phase 12.566ms
[10.336s][info][gc,phases,start] GC(1) Post Compact
[10.338s][info][gc,phases      ] GC(1) Post Compact 1.761ms
[10.338s][info][gc,heap        ] GC(1) PSYoungGen: 18842K(611840K)->0K(611840K) Eden: 0K(524800K)->0K(524800K) From: 18842K(87040K)->0K(87040K)
[10.338s][info][gc,heap        ] GC(1) ParOldGen: 24K(1398272K)->18045K(1398272K)
[10.338s][info][gc,metaspace   ] GC(1) Metaspace: 21265K(21504K)->21265K(21504K) NonClass: 18546K(18688K)->18546K(18688K) Class: 2719K(2816K)->2719K(2816K)
[10.338s][info][gc             ] GC(1) Pause Full (Metadata GC Threshold) 18M->17M(1963M) 29.782ms
[10.338s][info][gc,cpu         ] GC(1) User=0.17s Sys=0.02s Real=0.03s
[11.258s][info][gc,start       ] GC(2) Pause Young (Metadata GC Threshold)
[11.265s][info][gc,heap        ] GC(2) PSYoungGen: 291842K(611840K)->5742K(611840K) Eden: 291842K(524800K)->0K(524800K) From: 0K(87040K)->5742K(87040K)
[11.265s][info][gc,heap        ] GC(2) ParOldGen: 18045K(1398272K)->18053K(1398272K)
[11.265s][info][gc,metaspace   ] GC(2) Metaspace: 35448K(35840K)->35448K(35840K) NonClass: 30970K(31168K)->30970K(31168K) Class: 4477K(4672K)->4477K(4672K)
[11.265s][info][gc             ] GC(2) Pause Young (Metadata GC Threshold) 302M->23M(1963M) 6.870ms
[11.265s][info][gc,cpu         ] GC(2) User=0.00s Sys=0.00s Real=0.00s
[11.265s][info][gc,start       ] GC(3) Pause Full (Metadata GC Threshold)
[11.265s][info][gc,phases,start] GC(3) Marking Phase
[11.280s][info][gc,phases      ] GC(3) Marking Phase 15.006ms
[11.280s][info][gc,phases,start] GC(3) Summary Phase
[11.280s][info][gc,phases      ] GC(3) Summary Phase 0.013ms
[11.280s][info][gc,phases,start] GC(3) Adjust Roots
[11.285s][info][gc,phases      ] GC(3) Adjust Roots 5.468ms
[11.285s][info][gc,phases,start] GC(3) Compaction Phase
[11.302s][info][gc,phases      ] GC(3) Compaction Phase 16.948ms
[11.302s][info][gc,phases,start] GC(3) Post Compact
[11.303s][info][gc,phases      ] GC(3) Post Compact 0.980ms
[11.303s][info][gc,heap        ] GC(3) PSYoungGen: 5742K(611840K)->0K(611840K) Eden: 0K(524800K)->0K(524800K) From: 5742K(87040K)->0K(87040K)
[11.303s][info][gc,heap        ] GC(3) ParOldGen: 18053K(1398272K)->22952K(1398272K)
[11.303s][info][gc,metaspace   ] GC(3) Metaspace: 35448K(35840K)->35448K(35840K) NonClass: 30970K(31168K)->30970K(31168K) Class: 4477K(4672K)->4477K(4672K)
[11.303s][info][gc             ] GC(3) Pause Full (Metadata GC Threshold) 23M->22M(1963M) 38.601ms
[11.304s][info][gc,cpu         ] GC(3) User=0.64s Sys=0.00s Real=0.05s
[88.387s][info][gc,start       ] GC(4) Pause Young (Metadata GC Threshold)
[88.392s][info][gc,heap        ] GC(4) PSYoungGen: 375175K(611840K)->6940K(611840K) Eden: 375175K(524800K)->0K(524800K) From: 0K(87040K)->6940K(87040K)
[88.392s][info][gc,heap        ] GC(4) ParOldGen: 22952K(1398272K)->22960K(1398272K)
[88.392s][info][gc,metaspace   ] GC(4) Metaspace: 59303K(59776K)->59303K(59776K) NonClass: 52061K(52288K)->52061K(52288K) Class: 7242K(7488K)->7242K(7488K)
[88.392s][info][gc             ] GC(4) Pause Young (Metadata GC Threshold) 388M->29M(1963M) 5.725ms
[88.393s][info][gc,cpu         ] GC(4) User=0.00s Sys=0.00s Real=0.00s
[88.393s][info][gc,start       ] GC(5) Pause Full (Metadata GC Threshold)
[88.393s][info][gc,phases,start] GC(5) Marking Phase
[88.418s][info][gc,phases      ] GC(5) Marking Phase 25.637ms
[88.418s][info][gc,phases,start] GC(5) Summary Phase
[88.418s][info][gc,phases      ] GC(5) Summary Phase 0.018ms
[88.418s][info][gc,phases,start] GC(5) Adjust Roots
[88.428s][info][gc,phases      ] GC(5) Adjust Roots 9.818ms
[88.428s][info][gc,phases,start] GC(5) Compaction Phase
[88.447s][info][gc,phases      ] GC(5) Compaction Phase 18.457ms
[88.447s][info][gc,phases,start] GC(5) Post Compact
[88.449s][info][gc,phases      ] GC(5) Post Compact 2.095ms
[88.449s][info][gc,heap        ] GC(5) PSYoungGen: 6940K(611840K)->0K(611840K) Eden: 0K(524800K)->0K(524800K) From: 6940K(87040K)->0K(87040K)
[88.449s][info][gc,heap        ] GC(5) ParOldGen: 22960K(1398272K)->28659K(1398272K)
[88.449s][info][gc,metaspace   ] GC(5) Metaspace: 59303K(59776K)->59303K(59776K) NonClass: 52061K(52288K)->52061K(52288K) Class: 7242K(7488K)->7242K(7488K)
[88.449s][info][gc             ] GC(5) Pause Full (Metadata GC Threshold) 29M->27M(1963M) 56.415ms
[88.449s][info][gc,cpu         ] GC(5) User=0.69s Sys=0.38s Real=0.06s
[89.932s][info][gc,start       ] GC(6) Pause Young (System.gc())
[89.940s][info][gc,heap        ] GC(6) PSYoungGen: 108130K(611840K)->6896K(611840K) Eden: 108130K(524800K)->0K(524800K) From: 0K(87040K)->6896K(87040K)
[89.940s][info][gc,heap        ] GC(6) ParOldGen: 28659K(1398272K)->28667K(1398272K)
[89.940s][info][gc,metaspace   ] GC(6) Metaspace: 84448K(84928K)->84448K(84928K) NonClass: 73967K(74240K)->73967K(74240K) Class: 10481K(10688K)->10481K(10688K)
[89.940s][info][gc             ] GC(6) Pause Young (System.gc()) 133M->34M(1963M) 7.596ms
[89.940s][info][gc,cpu         ] GC(6) User=0.00s Sys=0.00s Real=0.00s
[89.940s][info][gc,start       ] GC(7) Pause Full (System.gc())
[89.940s][info][gc,phases,start] GC(7) Marking Phase
[89.976s][info][gc,phases      ] GC(7) Marking Phase 36.076ms
[89.976s][info][gc,phases,start] GC(7) Summary Phase
[89.976s][info][gc,phases      ] GC(7) Summary Phase 0.013ms
[89.976s][info][gc,phases,start] GC(7) Adjust Roots
[89.983s][info][gc,phases      ] GC(7) Adjust Roots 6.379ms
[89.983s][info][gc,phases,start] GC(7) Compaction Phase
[89.998s][info][gc,phases      ] GC(7) Compaction Phase 15.744ms
[89.998s][info][gc,phases,start] GC(7) Post Compact
[90.000s][info][gc,phases      ] GC(7) Post Compact 1.644ms
[90.000s][info][gc,heap        ] GC(7) PSYoungGen: 6896K(611840K)->0K(611840K) Eden: 0K(524800K)->0K(524800K) From: 6896K(87040K)->0K(87040K)
[90.000s][info][gc,heap        ] GC(7) ParOldGen: 28667K(1398272K)->34679K(1398272K)
[90.000s][info][gc,metaspace   ] GC(7) Metaspace: 84448K(84928K)->84448K(84928K) NonClass: 73967K(74240K)->73967K(74240K) Class: 10481K(10688K)->10481K(10688K)
[90.000s][info][gc             ] GC(7) Pause Full (System.gc()) 34M->33M(1963M) 60.210ms
[90.000s][info][gc,cpu         ] GC(7) User=0.97s Sys=0.03s Real=0.06s
[95.831s][info][gc,start       ] GC(8) Pause Young (Allocation Failure)
[95.849s][info][gc,heap        ] GC(8) PSYoungGen: 524800K(611840K)->32147K(611840K) Eden: 524800K(524800K)->0K(524800K) From: 0K(87040K)->32147K(87040K)
[95.849s][info][gc,heap        ] GC(8) ParOldGen: 34679K(1398272K)->34695K(1398272K)
[95.849s][info][gc,metaspace   ] GC(8) Metaspace: 122682K(130048K)->122682K(130048K) NonClass: 104129K(108224K)->104129K(108224K) Class: 18553K(21824K)->18553K(21824K)
[95.849s][info][gc             ] GC(8) Pause Young (Allocation Failure) 546M->65M(1963M) 17.988ms
[95.849s][info][gc,cpu         ] GC(8) User=0.50s Sys=0.05s Real=0.02s
[96.101s][info][gc,start       ] GC(9) Pause Young (Allocation Failure)
[96.128s][info][gc,heap        ] GC(9) PSYoungGen: 556947K(611840K)->47954K(649728K) Eden: 524800K(524800K)->0K(562688K) From: 32147K(87040K)->47954K(87040K)
[96.128s][info][gc,heap        ] GC(9) ParOldGen: 34695K(1398272K)->34703K(1398272K)
[96.128s][info][gc,metaspace   ] GC(9) Metaspace: 122776K(130176K)->122776K(130176K) NonClass: 104223K(108352K)->104223K(108352K) Class: 18553K(21824K)->18553K(21824K)
[96.128s][info][gc             ] GC(9) Pause Young (Allocation Failure) 577M->80M(2000M) 27.692ms
[96.128s][info][gc,cpu         ] GC(9) User=0.55s Sys=0.50s Real=0.03s
[96.250s][info][gc,start       ] GC(10) Pause Young (Allocation Failure)
[96.283s][info][gc,heap        ] GC(10) PSYoungGen: 610642K(649728K)->49142K(611840K) Eden: 562688K(562688K)->0K(562688K) From: 47954K(87040K)->49142K(49152K)
[96.283s][info][gc,heap        ] GC(10) ParOldGen: 34703K(1398272K)->55913K(1398272K)
[96.283s][info][gc,metaspace   ] GC(10) Metaspace: 122794K(130240K)->122794K(130240K) NonClass: 104241K(108416K)->104241K(108416K) Class: 18553K(21824K)->18553K(21824K)
[96.283s][info][gc             ] GC(10) Pause Young (Allocation Failure) 630M->102M(1963M) 32.749ms
[96.283s][info][gc,cpu         ] GC(10) User=0.06s Sys=0.97s Real=0.03s
[96.448s][info][gc,start       ] GC(11) Pause Young (Allocation Failure)
[96.488s][info][gc,heap        ] GC(11) PSYoungGen: 611830K(611840K)->70134K(1178624K) Eden: 562688K(562688K)->0K(1108480K) From: 49142K(49152K)->70134K(70144K)
[96.488s][info][gc,heap        ] GC(11) ParOldGen: 55913K(1398272K)->63106K(1398272K)
[96.488s][info][gc,metaspace   ] GC(11) Metaspace: 122801K(130240K)->122801K(130240K) NonClass: 104248K(108416K)->104248K(108416K) Class: 18553K(21824K)->18553K(21824K)
[96.488s][info][gc             ] GC(11) Pause Young (Allocation Failure) 652M->130M(2516M) 39.340ms
[96.488s][info][gc,cpu         ] GC(11) User=0.05s Sys=1.02s Real=0.05s
[96.749s][info][gc,start       ] GC(12) Pause Young (Allocation Failure)
[96.804s][info][gc,heap        ] GC(12) PSYoungGen: 1178614K(1178624K)->87019K(1195520K) Eden: 1108480K(1108480K)->0K(1108480K) From: 70134K(70144K)->87019K(87040K)
[96.804s][info][gc,heap        ] GC(12) ParOldGen: 63106K(1398272K)->80358K(1398272K)
[96.804s][info][gc,metaspace   ] GC(12) Metaspace: 122801K(130240K)->122801K(130240K) NonClass: 104248K(108416K)->104248K(108416K) Class: 18553K(21824K)->18553K(21824K)
[96.804s][info][gc             ] GC(12) Pause Young (Allocation Failure) 1212M->163M(2533M) 54.586ms
[96.804s][info][gc,cpu         ] GC(12) User=0.03s Sys=1.28s Real=0.05s
[96.882s][info][gc,start       ] GC(13) Pause Young (Allocation Failure)
[96.978s][info][gc,heap        ] GC(13) PSYoungGen: 1195499K(1195520K)->107562K(1251840K) Eden: 1108480K(1108480K)->0K(1141760K) From: 87019K(87040K)->107562K(110080K)
[96.978s][info][gc,heap        ] GC(13) ParOldGen: 80358K(1398272K)->125856K(1398272K)
[96.978s][info][gc,metaspace   ] GC(13) Metaspace: 122804K(130240K)->122804K(130240K) NonClass: 104251K(108416K)->104251K(108416K) Class: 18553K(21824K)->18553K(21824K)
[96.978s][info][gc             ] GC(13) Pause Young (Allocation Failure) 1245M->227M(2588M) 95.398ms
[96.978s][info][gc,cpu         ] GC(13) User=0.08s Sys=2.75s Real=0.09s
[97.054s][info][gc,start       ] GC(14) Pause Young (Allocation Failure)
[97.068s][info][gc,heap        ] GC(14) PSYoungGen: 1249322K(1251840K)->107370K(1249280K) Eden: 1141760K(1141760K)->0K(1141760K) From: 107562K(110080K)->107370K(107520K)
[97.068s][info][gc,heap        ] GC(14) ParOldGen: 125856K(1398272K)->138509K(1398272K)
[97.068s][info][gc,metaspace   ] GC(14) Metaspace: 122804K(130240K)->122804K(130240K) NonClass: 104251K(108416K)->104251K(108416K) Class: 18553K(21824K)->18553K(21824K)
[97.068s][info][gc             ] GC(14) Pause Young (Allocation Failure) 1342M->240M(2585M) 14.156ms
[97.068s][info][gc,cpu         ] GC(14) User=0.03s Sys=0.05s Real=0.02s
[97.163s][info][gc,start       ] GC(15) Pause Young (Allocation Failure)
[97.244s][info][gc,heap        ] GC(15) PSYoungGen: 1249130K(1249280K)->126120K(1219584K) Eden: 1141760K(1141760K)->0K(1077248K) From: 107370K(107520K)->126120K(142336K)
[97.244s][info][gc,heap        ] GC(15) ParOldGen: 138509K(1398272K)->251233K(1398272K)
[97.244s][info][gc,metaspace   ] GC(15) Metaspace: 122804K(130240K)->122804K(130240K) NonClass: 104251K(108416K)->104251K(108416K) Class: 18553K(21824K)->18553K(21824K)
[97.244s][info][gc             ] GC(15) Pause Young (Allocation Failure) 1355M->368M(2556M) 81.778ms
[97.244s][info][gc,cpu         ] GC(15) User=0.08s Sys=2.00s Real=0.08s
[97.323s][info][gc,start       ] GC(16) Pause Young (Allocation Failure)
[97.386s][info][gc,heap        ] GC(16) PSYoungGen: 1203368K(1219584K)->157434K(1234944K) Eden: 1077248K(1077248K)->0K(1077248K) From: 126120K(142336K)->157434K(157696K)
[97.387s][info][gc,heap        ] GC(16) ParOldGen: 251233K(1398272K)->382667K(1398272K)
[97.387s][info][gc,metaspace   ] GC(16) Metaspace: 122837K(130240K)->122837K(130240K) NonClass: 104274K(108416K)->104274K(108416K) Class: 18562K(21824K)->18562K(21824K)
[97.387s][info][gc             ] GC(16) Pause Young (Allocation Failure) 1420M->527M(2571M) 63.522ms
[97.387s][info][gc,cpu         ] GC(16) User=0.31s Sys=0.95s Real=0.06s
[97.488s][info][gc,start       ] GC(17) Pause Young (Allocation Failure)
[97.643s][info][gc,heap        ] GC(17) PSYoungGen: 1234682K(1234944K)->161655K(1143808K) Eden: 1077248K(1077248K)->0K(980992K) From: 157434K(157696K)->161655K(162816K)
[97.643s][info][gc,heap        ] GC(17) ParOldGen: 382667K(1398272K)->622432K(1398272K)
[97.643s][info][gc,metaspace   ] GC(17) Metaspace: 122893K(130304K)->122893K(130304K) NonClass: 104322K(108480K)->104322K(108480K) Class: 18570K(21824K)->18570K(21824K)
[97.643s][info][gc             ] GC(17) Pause Young (Allocation Failure) 1579M->765M(2482M) 154.544ms
[97.643s][info][gc,cpu         ] GC(17) User=0.52s Sys=3.92s Real=0.14s
[97.725s][info][gc,start       ] GC(18) Pause Young (Allocation Failure)
[97.817s][info][gc,heap        ] GC(18) PSYoungGen: 1142647K(1143808K)->170549K(1152000K) Eden: 980992K(980992K)->0K(980992K) From: 161655K(162816K)->170549K(171008K)
[97.817s][info][gc,heap        ] GC(18) ParOldGen: 622432K(1398272K)->776241K(1398272K)
[97.817s][info][gc,metaspace   ] GC(18) Metaspace: 122916K(130304K)->122916K(130304K) NonClass: 104345K(108480K)->104345K(108480K) Class: 18570K(21824K)->18570K(21824K)
[97.817s][info][gc             ] GC(18) Pause Young (Allocation Failure) 1723M->924M(2490M) 91.947ms
[97.817s][info][gc,cpu         ] GC(18) User=0.50s Sys=2.48s Real=0.09s
[97.886s][info][gc,start       ] GC(19) Pause Young (Allocation Failure)
[97.969s][info][gc,heap        ] GC(19) PSYoungGen: 1151541K(1152000K)->66681K(1178624K) Eden: 980992K(980992K)->0K(949248K) From: 170549K(171008K)->66681K(229376K)
[97.969s][info][gc,heap        ] GC(19) ParOldGen: 776241K(1398272K)->918004K(1398272K)
[97.969s][info][gc,metaspace   ] GC(19) Metaspace: 122917K(130304K)->122917K(130304K) NonClass: 104346K(108480K)->104346K(108480K) Class: 18570K(21824K)->18570K(21824K)
[97.969s][info][gc             ] GC(19) Pause Young (Allocation Failure) 1882M->961M(2516M) 82.745ms
[97.969s][info][gc,cpu         ] GC(19) User=0.05s Sys=2.03s Real=0.08s
[98.036s][info][gc,start       ] GC(20) Pause Young (Allocation Failure)
[98.059s][info][gc,heap        ] GC(20) PSYoungGen: 1015929K(1178624K)->80712K(1030144K) Eden: 949248K(949248K)->0K(949248K) From: 66681K(229376K)->80712K(80896K)
[98.059s][info][gc,heap        ] GC(20) ParOldGen: 918004K(1398272K)->952595K(1398272K)
[98.059s][info][gc,metaspace   ] GC(20) Metaspace: 122917K(130304K)->122917K(130304K) NonClass: 104346K(108480K)->104346K(108480K) Class: 18570K(21824K)->18570K(21824K)
[98.059s][info][gc             ] GC(20) Pause Young (Allocation Failure) 1888M->1009M(2371M) 23.375ms
[98.059s][info][gc,cpu         ] GC(20) User=0.03s Sys=0.33s Real=0.02s
[98.126s][info][gc,start       ] GC(21) Pause Young (Allocation Failure)
[98.165s][info][gc,heap        ] GC(21) PSYoungGen: 1029960K(1030144K)->85367K(1168384K) Eden: 949248K(949248K)->0K(961536K) From: 80712K(80896K)->85367K(206848K)
[98.165s][info][gc,heap        ] GC(21) ParOldGen: 952595K(1398272K)->1020015K(1398272K)
[98.165s][info][gc,metaspace   ] GC(21) Metaspace: 122917K(130304K)->122917K(130304K) NonClass: 104346K(108480K)->104346K(108480K) Class: 18570K(21824K)->18570K(21824K)
[98.165s][info][gc             ] GC(21) Pause Young (Allocation Failure) 1936M->1079M(2506M) 39.002ms
[98.165s][info][gc,cpu         ] GC(21) User=0.03s Sys=0.67s Real=0.03s
[98.232s][info][gc,start       ] GC(22) Pause Young (Allocation Failure)
[98.267s][info][gc,heap        ] GC(22) PSYoungGen: 1046903K(1168384K)->10239K(1156096K) Eden: 961536K(961536K)->0K(961536K) From: 85367K(206848K)->10239K(194560K)
[98.267s][info][gc,heap        ] GC(22) ParOldGen: 1020015K(1398272K)->1101474K(1398272K)
[98.267s][info][gc,metaspace   ] GC(22) Metaspace: 122917K(130304K)->122917K(130304K) NonClass: 104346K(108480K)->104346K(108480K) Class: 18570K(21824K)->18570K(21824K)
[98.267s][info][gc             ] GC(22) Pause Young (Allocation Failure) 2018M->1085M(2494M) 34.573ms
[98.267s][info][gc,cpu         ] GC(22) User=0.11s Sys=1.02s Real=0.05s
[98.336s][info][gc,start       ] GC(23) Pause Young (Allocation Failure)
[98.346s][info][gc,heap        ] GC(23) PSYoungGen: 971775K(1156096K)->69774K(1192960K) Eden: 961536K(961536K)->0K(1006592K) From: 10239K(194560K)->69774K(186368K)
[98.346s][info][gc,heap        ] GC(23) ParOldGen: 1101474K(1398272K)->1110937K(1398272K)
[98.346s][info][gc,metaspace   ] GC(23) Metaspace: 122922K(130304K)->122922K(130304K) NonClass: 104351K(108480K)->104351K(108480K) Class: 18570K(21824K)->18570K(21824K)
[98.347s][info][gc             ] GC(23) Pause Young (Allocation Failure) 2024M->1153M(2530M) 10.363ms
[98.347s][info][gc,cpu         ] GC(23) User=0.19s Sys=0.05s Real=0.02s
[98.433s][info][gc,start       ] GC(24) Pause Young (Allocation Failure)
[98.486s][info][gc,heap        ] GC(24) PSYoungGen: 1076366K(1192960K)->182434K(1189376K) Eden: 1006592K(1006592K)->0K(1006592K) From: 69774K(186368K)->182434K(182784K)
[98.486s][info][gc,heap        ] GC(24) ParOldGen: 1110937K(1398272K)->1204839K(1398272K)
[98.486s][info][gc,metaspace   ] GC(24) Metaspace: 122922K(130304K)->122922K(130304K) NonClass: 104351K(108480K)->104351K(108480K) Class: 18570K(21824K)->18570K(21824K)
[98.486s][info][gc             ] GC(24) Pause Young (Allocation Failure) 2136M->1354M(2527M) 52.639ms
[98.486s][info][gc,cpu         ] GC(24) User=0.39s Sys=0.56s Real=0.05s
[98.563s][info][gc,start       ] GC(25) Pause Young (Allocation Failure)
[98.660s][info][gc,heap        ] GC(25) PSYoungGen: 1187222K(1189376K)->135924K(1166848K) Eden: 1004788K(1006592K)->0K(958464K) From: 182434K(182784K)->135924K(208384K)
[98.660s][info][gc,heap        ] GC(25) ParOldGen: 1204839K(1398272K)->1386329K(1398272K)
[98.660s][info][gc,metaspace   ] GC(25) Metaspace: 122923K(130304K)->122923K(130304K) NonClass: 104352K(108480K)->104352K(108480K) Class: 18570K(21824K)->18570K(21824K)
[98.660s][info][gc             ] GC(25) Pause Young (Allocation Failure) 2335M->1486M(2505M) 96.821ms
[98.660s][info][gc,cpu         ] GC(25) User=0.06s Sys=2.45s Real=0.09s
[98.660s][info][gc,start       ] GC(26) Pause Full (Ergonomics)
[98.660s][info][gc,phases,start] GC(26) Marking Phase
[98.738s][info][gc,phases      ] GC(26) Marking Phase 78.239ms
[98.739s][info][gc,phases,start] GC(26) Summary Phase
[98.739s][info][gc,phases      ] GC(26) Summary Phase 0.062ms
[98.739s][info][gc,phases,start] GC(26) Adjust Roots
[98.758s][info][gc,phases      ] GC(26) Adjust Roots 19.388ms
[98.758s][info][gc,phases,start] GC(26) Compaction Phase
[98.802s][info][gc,phases      ] GC(26) Compaction Phase 43.828ms
[98.802s][info][gc,phases,start] GC(26) Post Compact
[98.838s][info][gc,phases      ] GC(26) Post Compact 36.522ms
[98.843s][info][gc,heap        ] GC(26) PSYoungGen: 135924K(1166848K)->0K(1178112K) Eden: 0K(958464K)->0K(958464K) From: 135924K(208384K)->0K(219648K)
[98.843s][info][gc,heap        ] GC(26) ParOldGen: 1386329K(1398272K)->573281K(1338880K)
[98.843s][info][gc,metaspace   ] GC(26) Metaspace: 122923K(130304K)->112441K(127552K) NonClass: 104352K(108480K)->96582K(105792K) Class: 18570K(21824K)->15859K(21760K)
[98.843s][info][gc             ] GC(26) Pause Full (Ergonomics) 1486M->559M(2458M) 183.222ms
[98.843s][info][gc,cpu         ] GC(26) User=2.09s Sys=0.08s Real=0.17s
[98.942s][info][gc,start       ] GC(27) Pause Young (Allocation Failure)
[98.972s][info][gc,heap        ] GC(27) PSYoungGen: 958464K(1178112K)->219640K(1071616K) Eden: 958464K(958464K)->0K(851968K) From: 0K(219648K)->219640K(219648K)
[98.972s][info][gc,heap        ] GC(27) ParOldGen: 573281K(1338880K)->624965K(1338880K)
[98.972s][info][gc,metaspace   ] GC(27) Metaspace: 112443K(127552K)->112443K(127552K) NonClass: 96584K(105792K)->96584K(105792K) Class: 15859K(21760K)->15859K(21760K)
[98.972s][info][gc             ] GC(27) Pause Young (Allocation Failure) 1495M->824M(2354M) 30.306ms
[98.972s][info][gc,cpu         ] GC(27) User=0.48s Sys=0.03s Real=0.02s
[99.034s][info][gc,start       ] GC(28) Pause Young (Allocation Failure)
[99.062s][info][gc,heap        ] GC(28) PSYoungGen: 1071608K(1071616K)->104428K(1124864K) Eden: 851968K(851968K)->0K(851968K) From: 219640K(219648K)->104428K(272896K)
[99.062s][info][gc,heap        ] GC(28) ParOldGen: 624965K(1338880K)->823591K(1338880K)
[99.062s][info][gc,metaspace   ] GC(28) Metaspace: 112455K(127552K)->112455K(127552K) NonClass: 96592K(105792K)->96592K(105792K) Class: 15862K(21760K)->15862K(21760K)
[99.062s][info][gc             ] GC(28) Pause Young (Allocation Failure) 1656M->906M(2406M) 28.787ms
[99.062s][info][gc,cpu         ] GC(28) User=1.05s Sys=0.00s Real=0.03s
[99.220s][info][gc,start       ] GC(29) Pause Young (Allocation Failure)
[99.235s][info][gc,heap        ] GC(29) PSYoungGen: 956396K(1124864K)->45946K(1102336K) Eden: 851968K(851968K)->0K(867328K) From: 104428K(272896K)->45946K(235008K)
[99.235s][info][gc,heap        ] GC(29) ParOldGen: 823591K(1338880K)->907333K(1338880K)
[99.235s][info][gc,metaspace   ] GC(29) Metaspace: 112455K(127552K)->112455K(127552K) NonClass: 96592K(105792K)->96592K(105792K) Class: 15862K(21760K)->15862K(21760K)
[99.235s][info][gc             ] GC(29) Pause Young (Allocation Failure) 1738M->930M(2384M) 15.322ms
[99.235s][info][gc,cpu         ] GC(29) User=0.53s Sys=0.00s Real=0.02s
[99.299s][info][gc,start       ] GC(30) Pause Young (Allocation Failure)
[99.310s][info][gc,heap        ] GC(30) PSYoungGen: 913274K(1102336K)->76120K(1121280K) Eden: 867328K(867328K)->0K(867328K) From: 45946K(235008K)->76120K(253952K)
[99.310s][info][gc,heap        ] GC(30) ParOldGen: 907333K(1338880K)->941852K(1338880K)
[99.310s][info][gc,metaspace   ] GC(30) Metaspace: 112455K(127552K)->112455K(127552K) NonClass: 96592K(105792K)->96592K(105792K) Class: 15862K(21760K)->15862K(21760K)
[99.311s][info][gc             ] GC(30) Pause Young (Allocation Failure) 1777M->994M(2402M) 11.164ms
[99.311s][info][gc,cpu         ] GC(30) User=0.00s Sys=0.00s Real=0.00s
[99.366s][info][gc,start       ] GC(31) Pause Young (Allocation Failure)
[99.381s][info][gc,heap        ] GC(31) PSYoungGen: 943448K(1121280K)->69806K(1116672K) Eden: 867328K(867328K)->0K(900096K) From: 76120K(253952K)->69806K(216576K)
[99.381s][info][gc,heap        ] GC(31) ParOldGen: 941852K(1338880K)->1015498K(1338880K)
[99.381s][info][gc,metaspace   ] GC(31) Metaspace: 112455K(127552K)->112455K(127552K) NonClass: 96592K(105792K)->96592K(105792K) Class: 15862K(21760K)->15862K(21760K)
[99.381s][info][gc             ] GC(31) Pause Young (Allocation Failure) 1841M->1059M(2398M) 15.343ms
[99.382s][info][gc,cpu         ] GC(31) User=0.52s Sys=0.00s Real=0.02s
[99.437s][info][gc,start       ] GC(32) Pause Young (Allocation Failure)
[99.446s][info][gc,heap        ] GC(32) PSYoungGen: 969902K(1116672K)->19742K(1134592K) Eden: 900096K(900096K)->0K(900096K) From: 69806K(216576K)->19742K(234496K)
[99.446s][info][gc,heap        ] GC(32) ParOldGen: 1015498K(1338880K)->1084456K(1338880K)
[99.446s][info][gc,metaspace   ] GC(32) Metaspace: 112455K(127552K)->112455K(127552K) NonClass: 96592K(105792K)->96592K(105792K) Class: 15862K(21760K)->15862K(21760K)
[99.446s][info][gc             ] GC(32) Pause Young (Allocation Failure) 1938M->1078M(2415M) 9.131ms
[99.446s][info][gc,cpu         ] GC(32) User=0.00s Sys=0.00s Real=0.00s
[99.509s][info][gc,start       ] GC(33) Pause Young (Allocation Failure)
[99.518s][info][gc,heap        ] GC(33) PSYoungGen: 917821K(1134592K)->76024K(1139200K) Eden: 898079K(900096K)->0K(929280K) From: 19742K(234496K)->76024K(209920K)
[99.518s][info][gc,heap        ] GC(33) ParOldGen: 1084456K(1338880K)->1103302K(1338880K)
[99.518s][info][gc,metaspace   ] GC(33) Metaspace: 112455K(127552K)->112455K(127552K) NonClass: 96592K(105792K)->96592K(105792K) Class: 15862K(21760K)->15862K(21760K)
[99.518s][info][gc             ] GC(33) Pause Young (Allocation Failure) 1955M->1151M(2420M) 9.082ms
[99.518s][info][gc,cpu         ] GC(33) User=0.00s Sys=0.00s Real=0.00s
[99.597s][info][gc,start       ] GC(34) Pause Young (Allocation Failure)
[99.616s][info][gc,heap        ] GC(34) PSYoungGen: 1005304K(1139200K)->132210K(1151488K) Eden: 929280K(929280K)->0K(929280K) From: 76024K(209920K)->132210K(222208K)
[99.616s][info][gc,heap        ] GC(34) ParOldGen: 1103302K(1338880K)->1178431K(1338880K)
[99.616s][info][gc,metaspace   ] GC(34) Metaspace: 112455K(127552K)->112455K(127552K) NonClass: 96592K(105792K)->96592K(105792K) Class: 15862K(21760K)->15862K(21760K)
[99.616s][info][gc             ] GC(34) Pause Young (Allocation Failure) 2059M->1279M(2432M) 18.812ms
[99.616s][info][gc,cpu         ] GC(34) User=0.41s Sys=0.00s Real=0.02s
[99.616s][info][gc,start       ] GC(35) Pause Full (Ergonomics)
[99.616s][info][gc,phases,start] GC(35) Marking Phase
[99.659s][info][gc,phases      ] GC(35) Marking Phase 43.003ms
[99.659s][info][gc,phases,start] GC(35) Summary Phase
[99.659s][info][gc,phases      ] GC(35) Summary Phase 0.049ms
[99.659s][info][gc,phases,start] GC(35) Adjust Roots
[99.673s][info][gc,phases      ] GC(35) Adjust Roots 14.409ms
[99.673s][info][gc,phases,start] GC(35) Compaction Phase
[99.709s][info][gc,phases      ] GC(35) Compaction Phase 36.100ms
[99.710s][info][gc,phases,start] GC(35) Post Compact
[99.717s][info][gc,phases      ] GC(35) Post Compact 7.011ms
[99.717s][info][gc,heap        ] GC(35) PSYoungGen: 132210K(1151488K)->0K(1172992K) Eden: 0K(929280K)->0K(948224K) From: 132210K(222208K)->0K(224768K)
[99.717s][info][gc,heap        ] GC(35) ParOldGen: 1178431K(1338880K)->723609K(1606656K)
[99.717s][info][gc,metaspace   ] GC(35) Metaspace: 112455K(127552K)->112455K(127552K) NonClass: 96592K(105792K)->96592K(105792K) Class: 15862K(21760K)->15862K(21760K)
[99.718s][info][gc             ] GC(35) Pause Full (Ergonomics) 1279M->706M(2714M) 101.744ms
[99.718s][info][gc,cpu         ] GC(35) User=2.53s Sys=0.00s Real=0.09s
[99.785s][info][gc,start       ] GC(36) Pause Young (Allocation Failure)
[99.798s][info][gc,heap        ] GC(36) PSYoungGen: 948224K(1172992K)->133475K(1081856K) Eden: 948224K(948224K)->0K(948224K) From: 0K(224768K)->133475K(133632K)
[99.798s][info][gc,heap        ] GC(36) ParOldGen: 723609K(1606656K)->723609K(1606656K)
[99.798s][info][gc,metaspace   ] GC(36) Metaspace: 112455K(127552K)->112455K(127552K) NonClass: 96592K(105792K)->96592K(105792K) Class: 15862K(21760K)->15862K(21760K)
[99.798s][info][gc             ] GC(36) Pause Young (Allocation Failure) 1632M->836M(2625M) 12.927ms
[99.798s][info][gc,cpu         ] GC(36) User=0.13s Sys=0.00s Real=0.02s
[99.893s][info][gc,start       ] GC(37) Pause Young (Allocation Failure)
[99.931s][info][gc,heap        ] GC(37) PSYoungGen: 1081699K(1081856K)->224380K(1102336K) Eden: 948224K(948224K)->0K(875520K) From: 133475K(133632K)->224380K(226816K)
[99.931s][info][gc,heap        ] GC(37) ParOldGen: 723609K(1606656K)->866793K(1606656K)
[99.931s][info][gc,metaspace   ] GC(37) Metaspace: 112455K(127552K)->112455K(127552K) NonClass: 96592K(105792K)->96592K(105792K) Class: 15862K(21760K)->15862K(21760K)
[99.931s][info][gc             ] GC(37) Pause Young (Allocation Failure) 1762M->1065M(2645M) 37.983ms
[99.931s][info][gc,cpu         ] GC(37) User=0.73s Sys=0.09s Real=0.03s
[99.998s][info][gc,start       ] GC(38) Pause Young (Allocation Failure)
[100.032s][info][gc,heap        ] GC(38) PSYoungGen: 1099900K(1102336K)->147193K(1136640K) Eden: 875520K(875520K)->0K(875520K) From: 224380K(226816K)->147193K(261120K)
[100.032s][info][gc,heap        ] GC(38) ParOldGen: 866793K(1606656K)->1077633K(1606656K)
[100.032s][info][gc,metaspace   ] GC(38) Metaspace: 112455K(127552K)->112455K(127552K) NonClass: 96592K(105792K)->96592K(105792K) Class: 15862K(21760K)->15862K(21760K)
[100.032s][info][gc             ] GC(38) Pause Young (Allocation Failure) 1920M->1196M(2679M) 33.834ms
[100.032s][info][gc,cpu         ] GC(38) User=1.03s Sys=0.00s Real=0.03s
[100.092s][info][gc,start       ] GC(39) Pause Young (Allocation Failure)
[100.112s][info][gc,heap        ] GC(39) PSYoungGen: 1022713K(1136640K)->74138K(1119744K) Eden: 875520K(875520K)->0K(877056K) From: 147193K(261120K)->74138K(242688K)
[100.112s][info][gc,heap        ] GC(39) ParOldGen: 1077633K(1606656K)->1202745K(1606656K)
[100.112s][info][gc,metaspace   ] GC(39) Metaspace: 112455K(127552K)->112455K(127552K) NonClass: 96592K(105792K)->96592K(105792K) Class: 15862K(21760K)->15862K(21760K)
[100.112s][info][gc             ] GC(39) Pause Young (Allocation Failure) 2051M->1246M(2662M) 20.646ms
[100.112s][info][gc,cpu         ] GC(39) User=0.52s Sys=0.00s Real=0.02s
[100.169s][info][gc,start       ] GC(40) Pause Young (Allocation Failure)
[100.180s][info][gc,heap        ] GC(40) PSYoungGen: 951194K(1119744K)->57242K(1128960K) Eden: 877056K(877056K)->0K(877056K) From: 74138K(242688K)->57242K(251904K)
[100.180s][info][gc,heap        ] GC(40) ParOldGen: 1202745K(1606656K)->1260706K(1606656K)
[100.180s][info][gc,metaspace   ] GC(40) Metaspace: 112455K(127552K)->112455K(127552K) NonClass: 96592K(105792K)->96592K(105792K) Class: 15862K(21760K)->15862K(21760K)
[100.181s][info][gc             ] GC(40) Pause Young (Allocation Failure) 2103M->1287M(2671M) 11.672ms
[100.181s][info][gc,cpu         ] GC(40) User=0.53s Sys=0.00s Real=0.02s
[100.238s][info][gc,start       ] GC(41) Pause Young (Allocation Failure)
[100.252s][info][gc,heap        ] GC(41) PSYoungGen: 934298K(1128960K)->75992K(1123840K) Eden: 877056K(877056K)->0K(899584K) From: 57242K(251904K)->75992K(224256K)
[100.252s][info][gc,heap        ] GC(41) ParOldGen: 1260706K(1606656K)->1315594K(1606656K)
[100.252s][info][gc,metaspace   ] GC(41) Metaspace: 112455K(127552K)->112455K(127552K) NonClass: 96592K(105792K)->96592K(105792K) Class: 15862K(21760K)->15862K(21760K)
[100.252s][info][gc             ] GC(41) Pause Young (Allocation Failure) 2143M->1358M(2666M) 13.564ms
[100.252s][info][gc,cpu         ] GC(41) User=0.52s Sys=0.00s Real=0.02s
[100.309s][info][gc,start       ] GC(42) Pause Young (Allocation Failure)
[100.336s][info][gc,heap        ] GC(42) PSYoungGen: 975576K(1123840K)->44806K(1136640K) Eden: 899584K(899584K)->0K(899584K) From: 75992K(224256K)->44806K(237056K)
[100.336s][info][gc,heap        ] GC(42) ParOldGen: 1315594K(1606656K)->1389248K(1606656K)
[100.336s][info][gc,metaspace   ] GC(42) Metaspace: 112455K(127552K)->112455K(127552K) NonClass: 96592K(105792K)->96592K(105792K) Class: 15862K(21760K)->15862K(21760K)
[100.336s][info][gc             ] GC(42) Pause Young (Allocation Failure) 2237M->1400M(2679M) 27.317ms
[100.336s][info][gc,cpu         ] GC(42) User=0.34s Sys=0.42s Real=0.03s
[100.391s][info][gc,start       ] GC(43) Pause Young (Allocation Failure)
[100.416s][info][gc,heap        ] GC(43) PSYoungGen: 944390K(1136640K)->60271K(1141248K) Eden: 899584K(899584K)->0K(927744K) From: 44806K(237056K)->60271K(213504K)
[100.416s][info][gc,heap        ] GC(43) ParOldGen: 1389248K(1606656K)->1436259K(1606656K)
[100.416s][info][gc,metaspace   ] GC(43) Metaspace: 112455K(127552K)->112455K(127552K) NonClass: 96592K(105792K)->96592K(105792K) Class: 15862K(21760K)->15862K(21760K)
[100.416s][info][gc             ] GC(43) Pause Young (Allocation Failure) 2278M->1461M(2683M) 24.682ms
[100.416s][info][gc,cpu         ] GC(43) User=0.05s Sys=0.28s Real=0.03s
[100.416s][info][gc,start       ] GC(44) Pause Full (Ergonomics)
[100.416s][info][gc,phases,start] GC(44) Marking Phase
[100.455s][info][gc,phases      ] GC(44) Marking Phase 38.698ms
[100.455s][info][gc,phases,start] GC(44) Summary Phase
[100.455s][info][gc,phases      ] GC(44) Summary Phase 0.055ms
[100.455s][info][gc,phases,start] GC(44) Adjust Roots
[100.464s][info][gc,phases      ] GC(44) Adjust Roots 8.744ms
[100.464s][info][gc,phases,start] GC(44) Compaction Phase
[100.493s][info][gc,phases      ] GC(44) Compaction Phase 29.768ms
[100.493s][info][gc,phases,start] GC(44) Post Compact
[100.501s][info][gc,phases      ] GC(44) Post Compact 7.749ms
[100.502s][info][gc,heap        ] GC(44) PSYoungGen: 60271K(1141248K)->0K(1153024K) Eden: 0K(927744K)->0K(927744K) From: 60271K(213504K)->0K(225280K)
[100.502s][info][gc,heap        ] GC(44) ParOldGen: 1436259K(1606656K)->833488K(1835520K)
[100.502s][info][gc,metaspace   ] GC(44) Metaspace: 112455K(127552K)->112455K(127552K) NonClass: 96592K(105792K)->96592K(105792K) Class: 15862K(21760K)->15862K(21760K)
[100.502s][info][gc             ] GC(44) Pause Full (Ergonomics) 1461M->813M(2918M) 86.222ms
[100.502s][info][gc,cpu         ] GC(44) User=1.34s Sys=0.00s Real=0.08s
[100.565s][info][gc,start       ] GC(45) Pause Young (Allocation Failure)
[100.578s][info][gc,heap        ] GC(45) PSYoungGen: 927744K(1153024K)->132306K(1169408K) Eden: 927744K(927744K)->0K(944128K) From: 0K(225280K)->132306K(225280K)
[100.578s][info][gc,heap        ] GC(45) ParOldGen: 833488K(1835520K)->833488K(1835520K)
[100.578s][info][gc,metaspace   ] GC(45) Metaspace: 112455K(127552K)->112455K(127552K) NonClass: 96592K(105792K)->96592K(105792K) Class: 15862K(21760K)->15862K(21760K)
[100.579s][info][gc             ] GC(45) Pause Young (Allocation Failure) 1719M->943M(2934M) 13.602ms
[100.579s][info][gc,cpu         ] GC(45) User=0.52s Sys=0.00s Real=0.01s
[100.647s][info][gc,start       ] GC(46) Pause Young (Allocation Failure)
[100.674s][info][gc,heap        ] GC(46) PSYoungGen: 1076434K(1169408K)->155705K(1100288K) Eden: 944128K(944128K)->0K(944128K) From: 132306K(225280K)->155705K(156160K)
[100.674s][info][gc,heap        ] GC(46) ParOldGen: 833488K(1835520K)->964962K(1835520K)
[100.674s][info][gc,metaspace   ] GC(46) Metaspace: 112455K(127552K)->112455K(127552K) NonClass: 96592K(105792K)->96592K(105792K) Class: 15862K(21760K)->15862K(21760K)
[100.674s][info][gc             ] GC(46) Pause Young (Allocation Failure) 1865M->1094M(2867M) 27.033ms
[100.674s][info][gc,cpu         ] GC(46) User=0.72s Sys=0.00s Real=0.03s
[100.756s][info][gc,start       ] GC(47) Pause Young (Allocation Failure)
[100.784s][info][gc,heap        ] GC(47) PSYoungGen: 1099833K(1100288K)->156997K(1148416K) Eden: 944128K(944128K)->0K(912384K) From: 155705K(156160K)->156997K(236032K)
[100.784s][info][gc,heap        ] GC(47) ParOldGen: 964962K(1835520K)->1114649K(1835520K)
[100.784s][info][gc,metaspace   ] GC(47) Metaspace: 112456K(127552K)->112456K(127552K) NonClass: 96594K(105792K)->96594K(105792K) Class: 15862K(21760K)->15862K(21760K)
[100.784s][info][gc             ] GC(47) Pause Young (Allocation Failure) 2016M->1241M(2914M) 28.787ms
[100.784s][info][gc,cpu         ] GC(47) User=0.52s Sys=0.00s Real=0.02s
[100.863s][info][gc,start       ] GC(48) Pause Young (Allocation Failure)
[100.895s][info][gc,heap        ] GC(48) PSYoungGen: 1069381K(1148416K)->197068K(1109504K) Eden: 912384K(912384K)->0K(912384K) From: 156997K(236032K)->197068K(197120K)
[100.895s][info][gc,heap        ] GC(48) ParOldGen: 1114649K(1835520K)->1264409K(1835520K)
[100.895s][info][gc,metaspace   ] GC(48) Metaspace: 112460K(127552K)->112460K(127552K) NonClass: 96598K(105792K)->96598K(105792K) Class: 15862K(21760K)->15862K(21760K)
[100.895s][info][gc             ] GC(48) Pause Young (Allocation Failure) 2132M->1427M(2876M) 32.068ms
[100.896s][info][gc,cpu         ] GC(48) User=0.67s Sys=0.00s Real=0.03s
[100.959s][info][gc,start       ] GC(49) Pause Young (Allocation Failure)
[100.984s][info][gc,heap        ] GC(49) PSYoungGen: 1109452K(1109504K)->93249K(1145856K) Eden: 912384K(912384K)->0K(883200K) From: 197068K(197120K)->93249K(262656K)
[100.984s][info][gc,heap        ] GC(49) ParOldGen: 1264409K(1835520K)->1440618K(1835520K)
[100.984s][info][gc,metaspace   ] GC(49) Metaspace: 112460K(127552K)->112460K(127552K) NonClass: 96598K(105792K)->96598K(105792K) Class: 15862K(21760K)->15862K(21760K)
[100.984s][info][gc             ] GC(49) Pause Young (Allocation Failure) 2318M->1497M(2911M) 25.821ms
[100.984s][info][gc,cpu         ] GC(49) User=0.89s Sys=0.02s Real=0.03s
[101.041s][info][gc,start       ] GC(50) Pause Young (Allocation Failure)
[101.080s][info][gc,heap        ] GC(50) PSYoungGen: 976449K(1145856K)->61930K(945152K) Eden: 883200K(883200K)->0K(883200K) From: 93249K(262656K)->61930K(61952K)
[101.080s][info][gc,heap        ] GC(50) ParOldGen: 1440618K(1835520K)->1510665K(1835520K)
[101.080s][info][gc,metaspace   ] GC(50) Metaspace: 112460K(127552K)->112460K(127552K) NonClass: 96598K(105792K)->96598K(105792K) Class: 15862K(21760K)->15862K(21760K)
[101.080s][info][gc             ] GC(50) Pause Young (Allocation Failure) 2360M->1535M(2715M) 39.447ms
[101.080s][info][gc,cpu         ] GC(50) User=0.17s Sys=0.86s Real=0.05s
[101.135s][info][gc,start       ] GC(51) Pause Young (Allocation Failure)
[101.164s][info][gc,heap        ] GC(51) PSYoungGen: 945130K(945152K)->63524K(1136640K) Eden: 883200K(883200K)->0K(889344K) From: 61930K(61952K)->63524K(247296K)
[101.164s][info][gc,heap        ] GC(51) ParOldGen: 1510665K(1835520K)->1559311K(1835520K)
[101.164s][info][gc,metaspace   ] GC(51) Metaspace: 112460K(127552K)->112460K(127552K) NonClass: 96598K(105792K)->96598K(105792K) Class: 15862K(21760K)->15862K(21760K)
[101.164s][info][gc             ] GC(51) Pause Young (Allocation Failure) 2398M->1584M(2902M) 29.276ms
[101.164s][info][gc,cpu         ] GC(51) User=0.05s Sys=0.59s Real=0.03s
[101.220s][info][gc,start       ] GC(52) Pause Young (Allocation Failure)
[101.258s][info][gc,heap        ] GC(52) PSYoungGen: 952868K(1136640K)->60239K(1130496K) Eden: 889344K(889344K)->0K(889344K) From: 63524K(247296K)->60239K(241152K)
[101.259s][info][gc,heap        ] GC(52) ParOldGen: 1559311K(1835520K)->1614191K(1835520K)
[101.259s][info][gc,metaspace   ] GC(52) Metaspace: 112460K(127552K)->112460K(127552K) NonClass: 96598K(105792K)->96598K(105792K) Class: 15862K(21760K)->15862K(21760K)
[101.259s][info][gc             ] GC(52) Pause Young (Allocation Failure) 2453M->1635M(2896M) 38.595ms
[101.259s][info][gc,cpu         ] GC(52) User=0.16s Sys=0.63s Real=0.05s
[101.259s][info][gc,start       ] GC(53) Pause Full (Ergonomics)
[101.259s][info][gc,phases,start] GC(53) Marking Phase
[101.303s][info][gc,phases      ] GC(53) Marking Phase 43.929ms
[101.303s][info][gc,phases,start] GC(53) Summary Phase
[101.303s][info][gc,phases      ] GC(53) Summary Phase 0.061ms
[101.303s][info][gc,phases,start] GC(53) Adjust Roots
[101.311s][info][gc,phases      ] GC(53) Adjust Roots 7.812ms
[101.311s][info][gc,phases,start] GC(53) Compaction Phase
[101.339s][info][gc,phases      ] GC(53) Compaction Phase 28.059ms
[101.339s][info][gc,phases,start] GC(53) Post Compact
[101.349s][info][gc,phases      ] GC(53) Post Compact 9.846ms
[101.350s][info][gc,heap        ] GC(53) PSYoungGen: 60239K(1130496K)->0K(1144320K) Eden: 0K(889344K)->0K(909312K) From: 60239K(241152K)->0K(235008K)
[101.350s][info][gc,heap        ] GC(53) ParOldGen: 1614191K(1835520K)->1004330K(2130432K)
[101.350s][info][gc,metaspace   ] GC(53) Metaspace: 112460K(127552K)->112460K(127552K) NonClass: 96598K(105792K)->96598K(105792K) Class: 15862K(21760K)->15862K(21760K)
[101.350s][info][gc             ] GC(53) Pause Full (Ergonomics) 1635M->980M(3198M) 91.341ms
[101.350s][info][gc,cpu         ] GC(53) User=1.53s Sys=0.05s Real=0.08s
[101.413s][info][gc,start       ] GC(54) Pause Young (Allocation Failure)
[101.420s][info][gc,heap        ] GC(54) PSYoungGen: 909312K(1144320K)->63588K(1144320K) Eden: 909312K(909312K)->0K(909312K) From: 0K(235008K)->63588K(235008K)
[101.420s][info][gc,heap        ] GC(54) ParOldGen: 1004330K(2130432K)->1004330K(2130432K)
[101.420s][info][gc,metaspace   ] GC(54) Metaspace: 112460K(127552K)->112460K(127552K) NonClass: 96598K(105792K)->96598K(105792K) Class: 15862K(21760K)->15862K(21760K)
[101.420s][info][gc             ] GC(54) Pause Young (Allocation Failure) 1868M->1042M(3198M) 7.070ms
[101.420s][info][gc,cpu         ] GC(54) User=0.52s Sys=0.00s Real=0.02s
[101.499s][info][gc,start       ] GC(55) Pause Young (Allocation Failure)
[101.515s][info][gc,heap        ] GC(55) PSYoungGen: 972900K(1144320K)->94870K(1144320K) Eden: 909312K(909312K)->0K(934912K) From: 63588K(235008K)->94870K(209408K)
[101.515s][info][gc,heap        ] GC(55) ParOldGen: 1004330K(2130432K)->1070155K(2130432K)
[101.515s][info][gc,metaspace   ] GC(55) Metaspace: 112460K(127552K)->112460K(127552K) NonClass: 96598K(105792K)->96598K(105792K) Class: 15862K(21760K)->15862K(21760K)
[101.515s][info][gc             ] GC(55) Pause Young (Allocation Failure) 1930M->1137M(3198M) 16.627ms
[101.515s][info][gc,cpu         ] GC(55) User=0.00s Sys=0.02s Real=0.02s
[101.594s][info][gc,start       ] GC(56) Pause Young (Allocation Failure)
[101.619s][info][gc,heap        ] GC(56) PSYoungGen: 1029782K(1144320K)->163180K(1149952K) Eden: 934912K(934912K)->0K(934912K) From: 94870K(209408K)->163180K(215040K)
[101.619s][info][gc,heap        ] GC(56) ParOldGen: 1070155K(2130432K)->1164050K(2130432K)
[101.619s][info][gc,metaspace   ] GC(56) Metaspace: 112460K(127552K)->112460K(127552K) NonClass: 96598K(105792K)->96598K(105792K) Class: 15862K(21760K)->15862K(21760K)
[101.619s][info][gc             ] GC(56) Pause Young (Allocation Failure) 2050M->1296M(3203M) 25.496ms
[101.619s][info][gc,cpu         ] GC(56) User=0.52s Sys=0.00s Real=0.02s
[101.698s][info][gc,start       ] GC(57) Pause Young (Allocation Failure)
[101.727s][info][gc,heap        ] GC(57) PSYoungGen: 1098092K(1149952K)->170766K(1144320K) Eden: 934912K(934912K)->0K(916480K) From: 163180K(215040K)->170766K(227840K)
[101.727s][info][gc,heap        ] GC(57) ParOldGen: 1164050K(2130432K)->1326127K(2130432K)
[101.727s][info][gc,metaspace   ] GC(57) Metaspace: 112460K(127552K)->112460K(127552K) NonClass: 96598K(105792K)->96598K(105792K) Class: 15862K(21760K)->15862K(21760K)
[101.727s][info][gc             ] GC(57) Pause Young (Allocation Failure) 2209M->1461M(3198M) 29.435ms
[101.727s][info][gc,cpu         ] GC(57) User=0.52s Sys=0.00s Real=0.01s
[101.812s][info][gc,start       ] GC(58) Pause Young (Allocation Failure)
[101.842s][info][gc,heap        ] GC(58) PSYoungGen: 1087246K(1144320K)->164281K(1080832K) Eden: 916480K(916480K)->0K(916480K) From: 170766K(227840K)->164281K(164352K)
[101.842s][info][gc,heap        ] GC(58) ParOldGen: 1326127K(2130432K)->1483725K(2130432K)
[101.842s][info][gc,metaspace   ] GC(58) Metaspace: 112462K(127552K)->112462K(127552K) NonClass: 96599K(105792K)->96599K(105792K) Class: 15863K(21760K)->15863K(21760K)
[101.842s][info][gc             ] GC(58) Pause Young (Allocation Failure) 2356M->1609M(3136M) 30.126ms
[101.842s][info][gc,cpu         ] GC(58) User=0.52s Sys=0.00s Real=0.02s
[101.912s][info][gc,start       ] GC(59) Pause Young (Allocation Failure)
[101.941s][info][gc,heap        ] GC(59) PSYoungGen: 1080761K(1080832K)->136746K(1155584K) Eden: 916480K(916480K)->0K(908288K) From: 164281K(164352K)->136746K(247296K)
[101.941s][info][gc,heap        ] GC(59) ParOldGen: 1483725K(2130432K)->1630705K(2130432K)
[101.941s][info][gc,metaspace   ] GC(59) Metaspace: 112462K(127552K)->112462K(127552K) NonClass: 96599K(105792K)->96599K(105792K) Class: 15863K(21760K)->15863K(21760K)
[101.941s][info][gc             ] GC(59) Pause Young (Allocation Failure) 2504M->1726M(3209M) 29.243ms
[101.941s][info][gc,cpu         ] GC(59) User=0.55s Sys=0.05s Real=0.03s
[102.006s][info][gc,start       ] GC(60) Pause Young (Allocation Failure)
[102.063s][info][gc,heap        ] GC(60) PSYoungGen: 1045034K(1155584K)->68848K(977408K) Eden: 908288K(908288K)->0K(908288K) From: 136746K(247296K)->68848K(69120K)
[102.063s][info][gc,heap        ] GC(60) ParOldGen: 1630705K(2130432K)->1738563K(2130432K)
[102.063s][info][gc,metaspace   ] GC(60) Metaspace: 112462K(127552K)->112462K(127552K) NonClass: 96599K(105792K)->96599K(105792K) Class: 15863K(21760K)->15863K(21760K)
[102.063s][info][gc             ] GC(60) Pause Young (Allocation Failure) 2613M->1765M(3035M) 57.350ms
[102.063s][info][gc,cpu         ] GC(60) User=0.06s Sys=1.28s Real=0.05s
[102.131s][info][gc,start       ] GC(61) Pause Young (Allocation Failure)
[102.161s][info][gc,heap        ] GC(61) PSYoungGen: 977136K(977408K)->63620K(1150464K) Eden: 908288K(908288K)->0K(912384K) From: 68848K(69120K)->63620K(238080K)
[102.161s][info][gc,heap        ] GC(61) ParOldGen: 1738563K(2130432K)->1794077K(2130432K)
[102.161s][info][gc,metaspace   ] GC(61) Metaspace: 112521K(127552K)->112521K(127552K) NonClass: 96638K(105792K)->96638K(105792K) Class: 15882K(21760K)->15882K(21760K)
[102.161s][info][gc             ] GC(61) Pause Young (Allocation Failure) 2652M->1814M(3204M) 30.185ms
[102.161s][info][gc,cpu         ] GC(61) User=0.06s Sys=0.53s Real=0.03s
[102.247s][info][gc,start       ] GC(62) Pause Young (Allocation Failure)
[102.276s][info][gc,heap        ] GC(62) PSYoungGen: 976004K(1150464K)->44870K(1146368K) Eden: 912384K(912384K)->0K(912384K) From: 63620K(238080K)->44870K(233984K)
[102.276s][info][gc,heap        ] GC(62) ParOldGen: 1794077K(2130432K)->1852145K(2130432K)
[102.276s][info][gc,metaspace   ] GC(62) Metaspace: 112551K(127552K)->112551K(127552K) NonClass: 96658K(105792K)->96658K(105792K) Class: 15893K(21760K)->15893K(21760K)
[102.276s][info][gc             ] GC(62) Pause Young (Allocation Failure) 2705M->1852M(3200M) 28.843ms
[102.276s][info][gc,cpu         ] GC(62) User=0.09s Sys=0.47s Real=0.03s
[102.372s][info][gc,start       ] GC(63) Pause Young (Allocation Failure)
[102.394s][info][gc,heap        ] GC(63) PSYoungGen: 957254K(1146368K)->73091K(1153536K) Eden: 912384K(912384K)->0K(931840K) From: 44870K(233984K)->73091K(221696K)
[102.394s][info][gc,heap        ] GC(63) ParOldGen: 1852145K(2130432K)->1896112K(2130432K)
[102.394s][info][gc,metaspace   ] GC(63) Metaspace: 112617K(127552K)->112617K(127552K) NonClass: 96709K(105792K)->96709K(105792K) Class: 15907K(21760K)->15907K(21760K)
[102.394s][info][gc             ] GC(63) Pause Young (Allocation Failure) 2743M->1923M(3207M) 22.166ms
[102.395s][info][gc,cpu         ] GC(63) User=0.05s Sys=0.19s Real=0.02s
[102.473s][info][gc,start       ] GC(64) Pause Young (Allocation Failure)
[102.512s][info][gc,heap        ] GC(64) PSYoungGen: 1004931K(1153536K)->101088K(1155584K) Eden: 931840K(931840K)->0K(931840K) From: 73091K(221696K)->101088K(223744K)
[102.512s][info][gc,heap        ] GC(64) ParOldGen: 1896112K(2130432K)->1968451K(2130432K)
[102.512s][info][gc,metaspace   ] GC(64) Metaspace: 112642K(127552K)->112642K(127552K) NonClass: 96734K(105792K)->96734K(105792K) Class: 15908K(21760K)->15908K(21760K)
[102.512s][info][gc             ] GC(64) Pause Young (Allocation Failure) 2833M->2021M(3209M) 38.642ms
[102.512s][info][gc,cpu         ] GC(64) User=0.05s Sys=0.33s Real=0.03s
[102.512s][info][gc,start       ] GC(65) Pause Full (Ergonomics)
[102.512s][info][gc,phases,start] GC(65) Marking Phase
[102.551s][info][gc,phases      ] GC(65) Marking Phase 39.247ms
[102.551s][info][gc,phases,start] GC(65) Summary Phase
[102.551s][info][gc,phases      ] GC(65) Summary Phase 0.069ms
[102.551s][info][gc,phases,start] GC(65) Adjust Roots
[102.560s][info][gc,phases      ] GC(65) Adjust Roots 8.930ms
[102.560s][info][gc,phases,start] GC(65) Compaction Phase
[102.600s][info][gc,phases      ] GC(65) Compaction Phase 39.545ms
[102.600s][info][gc,phases,start] GC(65) Post Compact
[102.613s][info][gc,phases      ] GC(65) Post Compact 13.339ms
[102.615s][info][gc,heap        ] GC(65) PSYoungGen: 101088K(1155584K)->0K(1164288K) Eden: 0K(931840K)->0K(952320K) From: 101088K(223744K)->0K(211968K)
[102.615s][info][gc,heap        ] GC(65) ParOldGen: 1968451K(2130432K)->1291446K(2479616K)
[102.615s][info][gc,metaspace   ] GC(65) Metaspace: 112642K(127552K)->112642K(127552K) NonClass: 96734K(105792K)->96734K(105792K) Class: 15908K(21760K)->15908K(21760K)
[102.615s][info][gc             ] GC(65) Pause Full (Ergonomics) 2021M->1261M(3558M) 102.870ms
[102.615s][info][gc,cpu         ] GC(65) User=2.08s Sys=0.31s Real=0.11s
[102.693s][info][gc,start       ] GC(66) Pause Young (Allocation Failure)
[102.709s][info][gc,heap        ] GC(66) PSYoungGen: 952320K(1164288K)->169969K(1164288K) Eden: 952320K(952320K)->0K(952320K) From: 0K(211968K)->169969K(211968K)
[102.709s][info][gc,heap        ] GC(66) ParOldGen: 1291446K(2479616K)->1291454K(2479616K)
[102.709s][info][gc,metaspace   ] GC(66) Metaspace: 112688K(127552K)->112688K(127552K) NonClass: 96777K(105792K)->96777K(105792K) Class: 15910K(21760K)->15910K(21760K)
[102.709s][info][gc             ] GC(66) Pause Young (Allocation Failure) 2191M->1427M(3558M) 15.813ms
[102.709s][info][gc,cpu         ] GC(66) User=0.36s Sys=0.05s Real=0.02s
[102.862s][info][gc,start       ] GC(67) Pause Young (Allocation Failure)
[102.891s][info][gc,heap        ] GC(67) PSYoungGen: 1122289K(1164288K)->153287K(1160192K) Eden: 952320K(952320K)->0K(932864K) From: 169969K(211968K)->153287K(227328K)
[102.891s][info][gc,heap        ] GC(67) ParOldGen: 1291454K(2479616K)->1453533K(2479616K)
[102.891s][info][gc,metaspace   ] GC(67) Metaspace: 113138K(127552K)->113138K(127552K) NonClass: 97166K(105792K)->97166K(105792K) Class: 15972K(21760K)->15972K(21760K)
[102.891s][info][gc             ] GC(67) Pause Young (Allocation Failure) 2357M->1569M(3554M) 29.793ms
[102.891s][info][gc,cpu         ] GC(67) User=0.52s Sys=0.00s Real=0.02s
[102.980s][info][gc,start       ] GC(68) Pause Young (Allocation Failure)
[103.012s][info][gc,heap        ] GC(68) PSYoungGen: 1086151K(1160192K)->182786K(1116160K) Eden: 932864K(932864K)->0K(932864K) From: 153287K(227328K)->182786K(183296K)
[103.012s][info][gc,heap        ] GC(68) ParOldGen: 1453533K(2479616K)->1597765K(2479616K)
[103.012s][info][gc,metaspace   ] GC(68) Metaspace: 113191K(127552K)->113191K(127552K) NonClass: 97210K(105792K)->97210K(105792K) Class: 15981K(21760K)->15981K(21760K)
[103.012s][info][gc             ] GC(68) Pause Young (Allocation Failure) 2480M->1738M(3511M) 31.385ms
[103.012s][info][gc,cpu         ] GC(68) User=0.53s Sys=0.00s Real=0.03s
[103.114s][info][gc,start       ] GC(69) Pause Young (Allocation Failure)
[103.140s][info][gc,heap        ] GC(69) PSYoungGen: 1115650K(1116160K)->120086K(1162752K) Eden: 932864K(932864K)->0K(915456K) From: 182786K(183296K)->120086K(247296K)
[103.140s][info][gc,heap        ] GC(69) ParOldGen: 1597765K(2479616K)->1762680K(2479616K)
[103.140s][info][gc,metaspace   ] GC(69) Metaspace: 113240K(127552K)->113240K(127552K) NonClass: 97253K(105792K)->97253K(105792K) Class: 15986K(21760K)->15986K(21760K)
[103.140s][info][gc             ] GC(69) Pause Young (Allocation Failure) 2649M->1838M(3557M) 25.596ms
[103.140s][info][gc,cpu         ] GC(69) User=0.84s Sys=0.02s Real=0.03s
[103.207s][info][gc,start       ] GC(70) Pause Young (Allocation Failure)
[103.224s][info][gc,heap        ] GC(70) PSYoungGen: 1035542K(1162752K)->65407K(980992K) Eden: 915456K(915456K)->0K(915456K) From: 120086K(247296K)->65407K(65536K)
[103.224s][info][gc,heap        ] GC(70) ParOldGen: 1762680K(2479616K)->1861909K(2479616K)
[103.224s][info][gc,metaspace   ] GC(70) Metaspace: 113248K(127552K)->113248K(127552K) NonClass: 97261K(105792K)->97261K(105792K) Class: 15987K(21760K)->15987K(21760K)
[103.224s][info][gc             ] GC(70) Pause Young (Allocation Failure) 2732M->1882M(3379M) 16.642ms
[103.224s][info][gc,cpu         ] GC(70) User=0.52s Sys=0.02s Real=0.02s
[103.321s][info][gc,start       ] GC(71) Pause Young (Allocation Failure)
[103.331s][info][gc,heap        ] GC(71) PSYoungGen: 980863K(980992K)->55839K(1150464K) Eden: 915456K(915456K)->0K(918016K) From: 65407K(65536K)->55839K(232448K)
[103.331s][info][gc,heap        ] GC(71) ParOldGen: 1861909K(2479616K)->1912205K(2479616K)
[103.331s][info][gc,metaspace   ] GC(71) Metaspace: 113301K(127552K)->113301K(127552K) NonClass: 97306K(105792K)->97306K(105792K) Class: 15995K(21760K)->15995K(21760K)
[103.331s][info][gc             ] GC(71) Pause Young (Allocation Failure) 2776M->1921M(3545M) 10.563ms
[103.331s][info][gc,cpu         ] GC(71) User=0.00s Sys=0.00s Real=0.00s
[103.400s][info][gc,start       ] GC(72) Pause Young (Allocation Failure)
[103.414s][info][gc,heap        ] GC(72) PSYoungGen: 973855K(1150464K)->104181K(1147904K) Eden: 918016K(918016K)->0K(918016K) From: 55839K(232448K)->104181K(229888K)
[103.414s][info][gc,heap        ] GC(72) ParOldGen: 1912205K(2479616K)->1960851K(2479616K)
[103.414s][info][gc,metaspace   ] GC(72) Metaspace: 113321K(127552K)->113321K(127552K) NonClass: 97319K(105792K)->97319K(105792K) Class: 16002K(21760K)->16002K(21760K)
[103.414s][info][gc             ] GC(72) Pause Young (Allocation Failure) 2818M->2016M(3542M) 14.570ms
[103.414s][info][gc,cpu         ] GC(72) User=0.53s Sys=0.00s Real=0.02s
[103.488s][info][gc,start       ] GC(73) Pause Young (Allocation Failure)
[103.528s][info][gc,heap        ] GC(73) PSYoungGen: 1022197K(1147904K)->74955K(1159168K) Eden: 918016K(918016K)->0K(941056K) From: 104181K(229888K)->74955K(218112K)
[103.528s][info][gc,heap        ] GC(73) ParOldGen: 1960851K(2479616K)->2045458K(2479616K)
[103.528s][info][gc,metaspace   ] GC(73) Metaspace: 113337K(127552K)->113337K(127552K) NonClass: 97332K(105792K)->97332K(105792K) Class: 16004K(21760K)->16004K(21760K)
[103.528s][info][gc             ] GC(73) Pause Young (Allocation Failure) 2913M->2070M(3553M) 40.536ms
[103.528s][info][gc,cpu         ] GC(73) User=0.05s Sys=0.50s Real=0.03s
[103.606s][info][gc,start       ] GC(74) Pause Young (Allocation Failure)
[103.644s][info][gc,heap        ] GC(74) PSYoungGen: 1016011K(1159168K)->114908K(1153536K) Eden: 941056K(941056K)->0K(941056K) From: 74955K(218112K)->114908K(212480K)
[103.644s][info][gc,heap        ] GC(74) ParOldGen: 2045458K(2479616K)->2119491K(2479616K)
[103.644s][info][gc,metaspace   ] GC(74) Metaspace: 113399K(127552K)->113399K(127552K) NonClass: 97387K(105792K)->97387K(105792K) Class: 16011K(21760K)->16011K(21760K)
[103.644s][info][gc             ] GC(74) Pause Young (Allocation Failure) 2989M->2182M(3548M) 38.803ms
[103.644s][info][gc,cpu         ] GC(74) User=0.02s Sys=0.34s Real=0.03s
[103.745s][info][gc,start       ] GC(75) Pause Young (Allocation Failure)
[103.818s][info][gc,heap        ] GC(75) PSYoungGen: 1055964K(1153536K)->203833K(1138688K) Eden: 941056K(941056K)->0K(932864K) From: 114908K(212480K)->203833K(205824K)
[103.818s][info][gc,heap        ] GC(75) ParOldGen: 2119491K(2479616K)->2231240K(2479616K)
[103.818s][info][gc,metaspace   ] GC(75) Metaspace: 113511K(127552K)->113511K(127552K) NonClass: 97482K(105792K)->97482K(105792K) Class: 16028K(21760K)->16028K(21760K)
[103.818s][info][gc             ] GC(75) Pause Young (Allocation Failure) 3101M->2378M(3533M) 72.822ms
[103.818s][info][gc,cpu         ] GC(75) User=0.31s Sys=1.16s Real=0.06s
[104.050s][info][gc,start       ] GC(76) Pause Young (Allocation Failure)
[104.117s][info][gc,heap        ] GC(76) PSYoungGen: 1136697K(1138688K)->187495K(1120768K) Eden: 932864K(932864K)->0K(932864K) From: 203833K(205824K)->187495K(187904K)
[104.117s][info][gc,heap        ] GC(76) ParOldGen: 2231240K(2479616K)->2340803K(2479616K)
[104.117s][info][gc,metaspace   ] GC(76) Metaspace: 115403K(127552K)->115403K(127552K) NonClass: 98869K(105792K)->98869K(105792K) Class: 16534K(21760K)->16534K(21760K)
[104.117s][info][gc             ] GC(76) Pause Young (Allocation Failure) 3289M->2469M(3516M) 66.734ms
[104.117s][info][gc,cpu         ] GC(76) User=0.50s Sys=1.22s Real=0.07s
[104.117s][info][gc,start       ] GC(77) Pause Full (Ergonomics)
[104.117s][info][gc,phases,start] GC(77) Marking Phase
[104.174s][info][gc,phases      ] GC(77) Marking Phase 56.510ms
[104.174s][info][gc,phases,start] GC(77) Summary Phase
[104.174s][info][gc,phases      ] GC(77) Summary Phase 0.082ms
[104.174s][info][gc,phases,start] GC(77) Adjust Roots
[104.184s][info][gc,phases      ] GC(77) Adjust Roots 10.567ms
[104.184s][info][gc,phases,start] GC(77) Compaction Phase
[104.217s][info][gc,phases      ] GC(77) Compaction Phase 32.572ms
[104.309s][info][gc,phases,start] GC(77) Post Compact
[104.337s][info][gc,phases      ] GC(77) Post Compact 27.666ms
[104.339s][info][gc,heap        ] GC(77) PSYoungGen: 187495K(1120768K)->0K(1149952K) Eden: 0K(932864K)->0K(902144K) From: 187495K(187904K)->0K(247808K)
[104.339s][info][gc,heap        ] GC(77) ParOldGen: 2340803K(2479616K)->1429093K(2712576K)
[104.339s][info][gc,metaspace   ] GC(77) Metaspace: 115403K(127552K)->115313K(127552K) NonClass: 98869K(105792K)->98806K(105792K) Class: 16534K(21760K)->16506K(21760K)
[104.339s][info][gc             ] GC(77) Pause Full (Ergonomics) 2469M->1395M(3772M) 221.383ms
[104.339s][info][gc,cpu         ] GC(77) User=1.03s Sys=0.06s Real=0.21s
[104.436s][info][gc,start       ] GC(78) Pause Young (Allocation Failure)
[104.437s][info][gc,heap        ] GC(78) PSYoungGen: 902144K(1149952K)->896K(903168K) Eden: 902144K(902144K)->0K(902144K) From: 0K(247808K)->896K(1024K)
[104.437s][info][gc,heap        ] GC(78) ParOldGen: 1429093K(2712576K)->1429093K(2712576K)
[104.437s][info][gc,metaspace   ] GC(78) Metaspace: 115313K(127552K)->115313K(127552K) NonClass: 98806K(105792K)->98806K(105792K) Class: 16506K(21760K)->16506K(21760K)
[104.437s][info][gc             ] GC(78) Pause Young (Allocation Failure) 2276M->1396M(3531M) 1.438ms
[104.437s][info][gc,cpu         ] GC(78) User=0.00s Sys=0.00s Real=0.00s
[104.518s][info][gc,start       ] GC(79) Pause Young (Allocation Failure)
[104.520s][info][gc,heap        ] GC(79) PSYoungGen: 903040K(903168K)->1056K(1134080K) Eden: 902144K(902144K)->0K(878592K) From: 896K(1024K)->1056K(255488K)
[104.520s][info][gc,heap        ] GC(79) ParOldGen: 1429093K(2712576K)->1429173K(2712576K)
[104.520s][info][gc,metaspace   ] GC(79) Metaspace: 115313K(127552K)->115313K(127552K) NonClass: 98806K(105792K)->98806K(105792K) Class: 16506K(21760K)->16506K(21760K)
[104.520s][info][gc             ] GC(79) Pause Young (Allocation Failure) 2277M->1396M(3756M) 1.230ms
[104.520s][info][gc,cpu         ] GC(79) User=0.00s Sys=0.00s Real=0.00s
[104.599s][info][gc,start       ] GC(80) Pause Young (Allocation Failure)
[104.600s][info][gc,heap        ] GC(80) PSYoungGen: 879648K(1134080K)->992K(879616K) Eden: 878592K(878592K)->0K(878592K) From: 1056K(255488K)->992K(1024K)
[104.600s][info][gc,heap        ] GC(80) ParOldGen: 1429173K(2712576K)->1429317K(2712576K)
[104.600s][info][gc,metaspace   ] GC(80) Metaspace: 115314K(127552K)->115314K(127552K) NonClass: 98807K(105792K)->98807K(105792K) Class: 16506K(21760K)->16506K(21760K)
[104.600s][info][gc             ] GC(80) Pause Young (Allocation Failure) 2254M->1396M(3508M) 1.170ms
[104.600s][info][gc,cpu         ] GC(80) User=0.00s Sys=0.00s Real=0.00s
[104.681s][info][gc,start       ] GC(81) Pause Young (Allocation Failure)
[104.682s][info][gc,heap        ] GC(81) PSYoungGen: 879584K(879616K)->1056K(1139712K) Eden: 878592K(878592K)->0K(879616K) From: 992K(1024K)->1056K(260096K)
[104.682s][info][gc,heap        ] GC(81) ParOldGen: 1429317K(2712576K)->1429525K(2712576K)
[104.682s][info][gc,metaspace   ] GC(81) Metaspace: 115314K(127552K)->115314K(127552K) NonClass: 98807K(105792K)->98807K(105792K) Class: 16506K(21760K)->16506K(21760K)
[104.682s][info][gc             ] GC(81) Pause Young (Allocation Failure) 2254M->1397M(3762M) 1.277ms
[104.682s][info][gc,cpu         ] GC(81) User=0.00s Sys=0.00s Real=0.00s
[104.768s][info][gc,start       ] GC(82) Pause Young (Allocation Failure)
[104.770s][info][gc,heap        ] GC(82) PSYoungGen: 880672K(1139712K)->992K(880640K) Eden: 879616K(879616K)->0K(879616K) From: 1056K(260096K)->992K(1024K)
[104.770s][info][gc,heap        ] GC(82) ParOldGen: 1429525K(2712576K)->1429629K(2712576K)
[104.770s][info][gc,metaspace   ] GC(82) Metaspace: 115314K(127552K)->115314K(127552K) NonClass: 98807K(105792K)->98807K(105792K) Class: 16506K(21760K)->16506K(21760K)
[104.770s][info][gc             ] GC(82) Pause Young (Allocation Failure) 2256M->1397M(3509M) 1.658ms
[104.770s][info][gc,cpu         ] GC(82) User=0.00s Sys=0.00s Real=0.00s
[104.838s][info][gc,start       ] GC(83) Pause Young (Allocation Failure)
[104.839s][info][gc,heap        ] GC(83) PSYoungGen: 880608K(880640K)->1024K(1139712K) Eden: 879616K(879616K)->0K(885760K) From: 992K(1024K)->1024K(253952K)
[104.839s][info][gc,heap        ] GC(83) ParOldGen: 1429629K(2712576K)->1429629K(2712576K)
[104.839s][info][gc,metaspace   ] GC(83) Metaspace: 115314K(127552K)->115314K(127552K) NonClass: 98807K(105792K)->98807K(105792K) Class: 16506K(21760K)->16506K(21760K)
[104.839s][info][gc             ] GC(83) Pause Young (Allocation Failure) 2256M->1397M(3762M) 1.350ms
[104.839s][info][gc,cpu         ] GC(83) User=0.00s Sys=0.00s Real=0.00s
[104.907s][info][gc,start       ] GC(84) Pause Young (Allocation Failure)
[104.908s][info][gc,heap        ] GC(84) PSYoungGen: 886784K(1139712K)->1024K(1133568K) Eden: 885760K(885760K)->0K(885760K) From: 1024K(253952K)->1024K(247808K)
[104.908s][info][gc,heap        ] GC(84) ParOldGen: 1429629K(2712576K)->1429629K(2712576K)
[104.908s][info][gc,metaspace   ] GC(84) Metaspace: 115314K(127552K)->115314K(127552K) NonClass: 98807K(105792K)->98807K(105792K) Class: 16506K(21760K)->16506K(21760K)
[104.908s][info][gc             ] GC(84) Pause Young (Allocation Failure) 2262M->1397M(3756M) 1.473ms
[104.908s][info][gc,cpu         ] GC(84) User=0.00s Sys=0.00s Real=0.00s
[104.976s][info][gc,start       ] GC(85) Pause Young (Allocation Failure)
[104.977s][info][gc,heap        ] GC(85) PSYoungGen: 886784K(1133568K)->1056K(1141760K) Eden: 885760K(885760K)->0K(904192K) From: 1024K(247808K)->1056K(237568K)
[104.977s][info][gc,heap        ] GC(85) ParOldGen: 1429629K(2712576K)->1429629K(2712576K)
[104.977s][info][gc,metaspace   ] GC(85) Metaspace: 115314K(127552K)->115314K(127552K) NonClass: 98807K(105792K)->98807K(105792K) Class: 16506K(21760K)->16506K(21760K)
[104.977s][info][gc             ] GC(85) Pause Young (Allocation Failure) 2262M->1397M(3764M) 1.492ms
[104.977s][info][gc,cpu         ] GC(85) User=0.00s Sys=0.00s Real=0.00s
[105.044s][info][gc,start       ] GC(86) Pause Young (Allocation Failure)
[105.045s][info][gc,heap        ] GC(86) PSYoungGen: 905248K(1141760K)->1024K(1136640K) Eden: 904192K(904192K)->0K(904192K) From: 1056K(237568K)->1024K(232448K)
[105.045s][info][gc,heap        ] GC(86) ParOldGen: 1429629K(2712576K)->1429629K(2712576K)
[105.045s][info][gc,metaspace   ] GC(86) Metaspace: 115314K(127552K)->115314K(127552K) NonClass: 98807K(105792K)->98807K(105792K) Class: 16506K(21760K)->16506K(21760K)
[105.045s][info][gc             ] GC(86) Pause Young (Allocation Failure) 2280M->1397M(3759M) 1.224ms
[105.046s][info][gc,cpu         ] GC(86) User=0.00s Sys=0.00s Real=0.00s
[105.121s][info][gc,start       ] GC(87) Pause Young (Allocation Failure)
[105.123s][info][gc,heap        ] GC(87) PSYoungGen: 905216K(1136640K)->1024K(1155584K) Eden: 904192K(904192K)->0K(937472K) From: 1024K(232448K)->1024K(218112K)
[105.123s][info][gc,heap        ] GC(87) ParOldGen: 1429629K(2712576K)->1429629K(2712576K)
[105.123s][info][gc,metaspace   ] GC(87) Metaspace: 115314K(127552K)->115314K(127552K) NonClass: 98807K(105792K)->98807K(105792K) Class: 16506K(21760K)->16506K(21760K)
[105.123s][info][gc             ] GC(87) Pause Young (Allocation Failure) 2280M->1397M(3777M) 1.862ms
[105.123s][info][gc,cpu         ] GC(87) User=0.00s Sys=0.00s Real=0.00s
[105.191s][info][gc,start       ] GC(88) Pause Young (Allocation Failure)
[105.192s][info][gc,heap        ] GC(88) PSYoungGen: 938496K(1155584K)->960K(1150976K) Eden: 937472K(937472K)->0K(937472K) From: 1024K(218112K)->960K(213504K)
[105.192s][info][gc,heap        ] GC(88) ParOldGen: 1429629K(2712576K)->1429629K(2712576K)
[105.192s][info][gc,metaspace   ] GC(88) Metaspace: 115314K(127552K)->115314K(127552K) NonClass: 98807K(105792K)->98807K(105792K) Class: 16506K(21760K)->16506K(21760K)
[105.192s][info][gc             ] GC(88) Pause Young (Allocation Failure) 2312M->1397M(3773M) 1.187ms
[105.192s][info][gc,cpu         ] GC(88) User=0.00s Sys=0.00s Real=0.00s
[105.259s][info][gc,start       ] GC(89) Pause Young (Allocation Failure)
[105.261s][info][gc,heap        ] GC(89) PSYoungGen: 938432K(1150976K)->1024K(1165824K) Eden: 937472K(937472K)->0K(973824K) From: 960K(213504K)->1024K(192000K)
[105.261s][info][gc,heap        ] GC(89) ParOldGen: 1429629K(2712576K)->1429629K(2712576K)
[105.261s][info][gc,metaspace   ] GC(89) Metaspace: 115314K(127552K)->115314K(127552K) NonClass: 98807K(105792K)->98807K(105792K) Class: 16506K(21760K)->16506K(21760K)
[105.261s][info][gc             ] GC(89) Pause Young (Allocation Failure) 2312M->1397M(3787M) 1.913ms
[105.261s][info][gc,cpu         ] GC(89) User=0.00s Sys=0.00s Real=0.00s
[105.330s][info][gc,start       ] GC(90) Pause Young (Allocation Failure)
[105.331s][info][gc,heap        ] GC(90) PSYoungGen: 974848K(1165824K)->1024K(1167872K) Eden: 973824K(973824K)->0K(973824K) From: 1024K(192000K)->1024K(194048K)
[105.331s][info][gc,heap        ] GC(90) ParOldGen: 1429629K(2712576K)->1429629K(2712576K)
[105.331s][info][gc,metaspace   ] GC(90) Metaspace: 115323K(127552K)->115323K(127552K) NonClass: 98816K(105792K)->98816K(105792K) Class: 16506K(21760K)->16506K(21760K)
[105.331s][info][gc             ] GC(90) Pause Young (Allocation Failure) 2348M->1397M(3789M) 1.163ms
[105.331s][info][gc,cpu         ] GC(90) User=0.00s Sys=0.00s Real=0.00s
[105.399s][info][gc,start       ] GC(91) Pause Young (Allocation Failure)
[105.402s][info][gc,heap        ] GC(91) PSYoungGen: 974848K(1167872K)->1056K(1167872K) Eden: 973824K(973824K)->0K(1006592K) From: 1024K(194048K)->1056K(161280K)
[105.402s][info][gc,heap        ] GC(91) ParOldGen: 1429629K(2712576K)->1429629K(2712576K)
[105.402s][info][gc,metaspace   ] GC(91) Metaspace: 115323K(127552K)->115323K(127552K) NonClass: 98816K(105792K)->98816K(105792K) Class: 16506K(21760K)->16506K(21760K)
[105.402s][info][gc             ] GC(91) Pause Young (Allocation Failure) 2348M->1397M(3789M) 2.157ms
[105.402s][info][gc,cpu         ] GC(91) User=0.00s Sys=0.00s Real=0.00s
[105.473s][info][gc,start       ] GC(92) Pause Young (Allocation Failure)
[105.474s][info][gc,heap        ] GC(92) PSYoungGen: 1007648K(1167872K)->1056K(1180160K) Eden: 1006592K(1006592K)->0K(1006592K) From: 1056K(161280K)->1056K(173568K)
[105.474s][info][gc,heap        ] GC(92) ParOldGen: 1429629K(2712576K)->1429629K(2712576K)
[105.474s][info][gc,metaspace   ] GC(92) Metaspace: 115380K(127552K)->115380K(127552K) NonClass: 98868K(105792K)->98868K(105792K) Class: 16512K(21760K)->16512K(21760K)
[105.474s][info][gc             ] GC(92) Pause Young (Allocation Failure) 2380M->1397M(3801M) 1.374ms
[105.474s][info][gc,cpu         ] GC(92) User=0.00s Sys=0.00s Real=0.00s
[105.546s][info][gc,start       ] GC(93) Pause Young (Allocation Failure)
[105.548s][info][gc,heap        ] GC(93) PSYoungGen: 1007648K(1180160K)->1056K(1187840K) Eden: 1006592K(1006592K)->0K(1040896K) From: 1056K(173568K)->1056K(146944K)
[105.548s][info][gc,heap        ] GC(93) ParOldGen: 1429629K(2712576K)->1429629K(2712576K)
[105.548s][info][gc,metaspace   ] GC(93) Metaspace: 115385K(127552K)->115385K(127552K) NonClass: 98872K(105792K)->98872K(105792K) Class: 16512K(21760K)->16512K(21760K)
[105.548s][info][gc             ] GC(93) Pause Young (Allocation Failure) 2380M->1397M(3809M) 2.225ms
[105.548s][info][gc,cpu         ] GC(93) User=0.00s Sys=0.00s Real=0.00s
[105.644s][info][gc,start       ] GC(94) Pause Young (Allocation Failure)
[105.647s][info][gc,heap        ] GC(94) PSYoungGen: 1041952K(1187840K)->1120K(1195520K) Eden: 1040896K(1040896K)->0K(1040896K) From: 1056K(146944K)->1120K(154624K)
[105.647s][info][gc,heap        ] GC(94) ParOldGen: 1429629K(2712576K)->1429637K(2712576K)
[105.647s][info][gc,metaspace   ] GC(94) Metaspace: 115947K(127616K)->115947K(127616K) NonClass: 99300K(105856K)->99300K(105856K) Class: 16646K(21760K)->16646K(21760K)
[105.647s][info][gc             ] GC(94) Pause Young (Allocation Failure) 2413M->1397M(3816M) 2.178ms
[105.647s][info][gc,cpu         ] GC(94) User=0.00s Sys=0.00s Real=0.00s
[107.169s][info][gc,start       ] GC(95) Pause Young (System.gc())
[107.173s][info][gc,heap        ] GC(95) PSYoungGen: 218569K(1195520K)->7991K(1201152K) Eden: 217449K(1040896K)->0K(1076224K) From: 1120K(154624K)->7991K(124928K)
[107.173s][info][gc,heap        ] GC(95) ParOldGen: 1429637K(2712576K)->1429645K(2712576K)
[107.173s][info][gc,metaspace   ] GC(95) Metaspace: 119743K(127744K)->119743K(127744K) NonClass: 102425K(105984K)->102425K(105984K) Class: 17318K(21760K)->17318K(21760K)
[107.173s][info][gc             ] GC(95) Pause Young (System.gc()) 1609M->1403M(3822M) 4.269ms
[107.174s][info][gc,cpu         ] GC(95) User=0.00s Sys=0.00s Real=0.00s
[107.174s][info][gc,start       ] GC(96) Pause Full (System.gc())
[107.174s][info][gc,phases,start] GC(96) Marking Phase
[107.237s][info][gc,phases      ] GC(96) Marking Phase 63.359ms
[107.237s][info][gc,phases,start] GC(96) Summary Phase
[107.237s][info][gc,phases      ] GC(96) Summary Phase 0.038ms
[107.237s][info][gc,phases,start] GC(96) Adjust Roots
[107.250s][info][gc,phases      ] GC(96) Adjust Roots 12.990ms
[107.250s][info][gc,phases,start] GC(96) Compaction Phase
[107.371s][info][gc,phases      ] GC(96) Compaction Phase 120.431ms
[107.371s][info][gc,phases,start] GC(96) Post Compact
[107.379s][info][gc,phases      ] GC(96) Post Compact 7.911ms
[107.379s][info][gc,heap        ] GC(96) PSYoungGen: 7991K(1201152K)->0K(1201152K) Eden: 0K(1076224K)->0K(1076224K) From: 7991K(124928K)->0K(124928K)
[107.379s][info][gc,heap        ] GC(96) ParOldGen: 1429645K(2712576K)->1398572K(2712576K)
[107.379s][info][gc,metaspace   ] GC(96) Metaspace: 119743K(127744K)->119740K(127744K) NonClass: 102425K(105984K)->102422K(105984K) Class: 17318K(21760K)->17318K(21760K)
[107.379s][info][gc             ] GC(96) Pause Full (System.gc()) 1403M->1365M(3822M) 205.050ms
[107.379s][info][gc,cpu         ] GC(96) User=4.61s Sys=0.03s Real=0.20s
[107.777s][info][gc,start       ] GC(97) Pause Young (Allocation Failure)
[107.780s][info][gc,heap        ] GC(97) PSYoungGen: 1076224K(1201152K)->7645K(1211392K) Eden: 1076224K(1076224K)->0K(1076224K) From: 0K(124928K)->7645K(135168K)
[107.780s][info][gc,heap        ] GC(97) ParOldGen: 1398572K(2712576K)->1398580K(2712576K)
[107.780s][info][gc,metaspace   ] GC(97) Metaspace: 120235K(127744K)->120235K(127744K) NonClass: 102852K(105984K)->102852K(105984K) Class: 17382K(21760K)->17382K(21760K)
[107.780s][info][gc             ] GC(97) Pause Young (Allocation Failure) 2416M->1373M(3832M) 2.796ms
[107.780s][info][gc,cpu         ] GC(97) User=0.00s Sys=0.00s Real=0.00s
[107.904s][info][gc,start       ] GC(98) Pause Young (Allocation Failure)
[107.907s][info][gc,heap        ] GC(98) PSYoungGen: 1083869K(1211392K)->7613K(1216000K) Eden: 1076224K(1076224K)->0K(1107456K) From: 7645K(135168K)->7613K(108544K)
[107.907s][info][gc,heap        ] GC(98) ParOldGen: 1398580K(2712576K)->1398580K(2712576K)
[107.907s][info][gc,metaspace   ] GC(98) Metaspace: 120235K(127744K)->120235K(127744K) NonClass: 102852K(105984K)->102852K(105984K) Class: 17382K(21760K)->17382K(21760K)
[107.908s][info][gc             ] GC(98) Pause Young (Allocation Failure) 2424M->1373M(3836M) 3.021ms
[107.908s][info][gc,cpu         ] GC(98) User=0.64s Sys=0.00s Real=0.02s
[108.038s][info][gc,start       ] GC(99) Pause Young (Allocation Failure)
[108.040s][info][gc,heap        ] GC(99) PSYoungGen: 1115069K(1216000K)->7645K(1224192K) Eden: 1107456K(1107456K)->0K(1107456K) From: 7613K(108544K)->7645K(116736K)
[108.040s][info][gc,heap        ] GC(99) ParOldGen: 1398580K(2712576K)->1398580K(2712576K)
[108.040s][info][gc,metaspace   ] GC(99) Metaspace: 120235K(127744K)->120235K(127744K) NonClass: 102852K(105984K)->102852K(105984K) Class: 17382K(21760K)->17382K(21760K)
[108.040s][info][gc             ] GC(99) Pause Young (Allocation Failure) 2454M->1373M(3844M) 2.406ms
[108.040s][info][gc,cpu         ] GC(99) User=0.00s Sys=0.00s Real=0.00s
[108.203s][info][gc,start       ] GC(100) Pause Young (Allocation Failure)
[108.205s][info][gc,heap        ] GC(100) PSYoungGen: 1115101K(1224192K)->7581K(1230848K) Eden: 1107456K(1107456K)->0K(1138688K) From: 7645K(116736K)->7581K(92160K)
[108.205s][info][gc,heap        ] GC(100) ParOldGen: 1398580K(2712576K)->1398580K(2712576K)
[108.205s][info][gc,metaspace   ] GC(100) Metaspace: 120235K(127744K)->120235K(127744K) NonClass: 102852K(105984K)->102852K(105984K) Class: 17382K(21760K)->17382K(21760K)
[108.205s][info][gc             ] GC(100) Pause Young (Allocation Failure) 2454M->1373M(3851M) 2.505ms
[108.205s][info][gc,cpu         ] GC(100) User=0.00s Sys=0.00s Real=0.00s
[108.313s][info][gc,start       ] GC(101) Pause Young (Allocation Failure)
[108.315s][info][gc,heap        ] GC(101) PSYoungGen: 1146269K(1230848K)->7677K(1239552K) Eden: 1138688K(1138688K)->0K(1138688K) From: 7581K(92160K)->7677K(100864K)
[108.315s][info][gc,heap        ] GC(101) ParOldGen: 1398580K(2712576K)->1398580K(2712576K)
[108.315s][info][gc,metaspace   ] GC(101) Metaspace: 120235K(127744K)->120235K(127744K) NonClass: 102852K(105984K)->102852K(105984K) Class: 17382K(21760K)->17382K(21760K)
[108.315s][info][gc             ] GC(101) Pause Young (Allocation Failure) 2485M->1373M(3859M) 2.287ms
[108.315s][info][gc,cpu         ] GC(101) User=0.00s Sys=0.00s Real=0.00s
[108.413s][info][gc,start       ] GC(102) Pause Young (Allocation Failure)
[108.415s][info][gc,heap        ] GC(102) PSYoungGen: 1146365K(1239552K)->7741K(1254400K) Eden: 1138688K(1138688K)->0K(1172992K) From: 7677K(100864K)->7741K(81408K)
[108.415s][info][gc,heap        ] GC(102) ParOldGen: 1398580K(2712576K)->1398580K(2712576K)
[108.415s][info][gc,metaspace   ] GC(102) Metaspace: 120235K(127744K)->120235K(127744K) NonClass: 102852K(105984K)->102852K(105984K) Class: 17382K(21760K)->17382K(21760K)
[108.415s][info][gc             ] GC(102) Pause Young (Allocation Failure) 2485M->1373M(3874M) 2.095ms
[108.415s][info][gc,cpu         ] GC(102) User=0.00s Sys=0.00s Real=0.00s
[108.516s][info][gc,start       ] GC(103) Pause Young (Allocation Failure)
[108.518s][info][gc,heap        ] GC(103) PSYoungGen: 1180733K(1254400K)->7645K(1260032K) Eden: 1172992K(1172992K)->0K(1172992K) From: 7741K(81408K)->7645K(87040K)
[108.518s][info][gc,heap        ] GC(103) ParOldGen: 1398580K(2712576K)->1398580K(2712576K)
[108.518s][info][gc,metaspace   ] GC(103) Metaspace: 120235K(127744K)->120235K(127744K) NonClass: 102852K(105984K)->102852K(105984K) Class: 17382K(21760K)->17382K(21760K)
[108.518s][info][gc             ] GC(103) Pause Young (Allocation Failure) 2518M->1373M(3879M) 2.044ms
[108.518s][info][gc,cpu         ] GC(103) User=0.00s Sys=0.00s Real=0.00s
[108.616s][info][gc,start       ] GC(104) Pause Young (Allocation Failure)
[108.618s][info][gc,heap        ] GC(104) PSYoungGen: 1180637K(1260032K)->7645K(1279488K) Eden: 1172992K(1172992K)->0K(1209344K) From: 7645K(87040K)->7645K(70144K)
[108.618s][info][gc,heap        ] GC(104) ParOldGen: 1398580K(2712576K)->1398580K(2712576K)
[108.618s][info][gc,metaspace   ] GC(104) Metaspace: 120235K(127744K)->120235K(127744K) NonClass: 102852K(105984K)->102852K(105984K) Class: 17382K(21760K)->17382K(21760K)
[108.618s][info][gc             ] GC(104) Pause Young (Allocation Failure) 2518M->1373M(3898M) 2.026ms
[108.618s][info][gc,cpu         ] GC(104) User=0.00s Sys=0.00s Real=0.00s
[108.718s][info][gc,start       ] GC(105) Pause Young (Allocation Failure)
[108.720s][info][gc,heap        ] GC(105) PSYoungGen: 1216989K(1279488K)->7677K(1284608K) Eden: 1209344K(1209344K)->0K(1209344K) From: 7645K(70144K)->7677K(75264K)
[108.720s][info][gc,heap        ] GC(105) ParOldGen: 1398580K(2712576K)->1398580K(2712576K)
[108.720s][info][gc,metaspace   ] GC(105) Metaspace: 120235K(127744K)->120235K(127744K) NonClass: 102852K(105984K)->102852K(105984K) Class: 17382K(21760K)->17382K(21760K)
[108.720s][info][gc             ] GC(105) Pause Young (Allocation Failure) 2554M->1373M(3903M) 2.110ms
[108.720s][info][gc,cpu         ] GC(105) User=0.00s Sys=0.00s Real=0.00s
[108.820s][info][gc,start       ] GC(106) Pause Young (Allocation Failure)
[108.822s][info][gc,heap        ] GC(106) PSYoungGen: 1217021K(1284608K)->7677K(1308160K) Eden: 1209344K(1209344K)->0K(1247744K) From: 7677K(75264K)->7677K(60416K)
[108.822s][info][gc,heap        ] GC(106) ParOldGen: 1398580K(2712576K)->1398580K(2712576K)
[108.822s][info][gc,metaspace   ] GC(106) Metaspace: 120235K(127744K)->120235K(127744K) NonClass: 102852K(105984K)->102852K(105984K) Class: 17382K(21760K)->17382K(21760K)
[108.822s][info][gc             ] GC(106) Pause Young (Allocation Failure) 2554M->1373M(3926M) 2.085ms
[108.822s][info][gc,cpu         ] GC(106) User=0.00s Sys=0.00s Real=0.00s
[108.925s][info][gc,start       ] GC(107) Pause Young (Allocation Failure)
[108.927s][info][gc,heap        ] GC(107) PSYoungGen: 1255421K(1308160K)->7893K(1312768K) Eden: 1247744K(1247744K)->0K(1247744K) From: 7677K(60416K)->7893K(65024K)
[108.927s][info][gc,heap        ] GC(107) ParOldGen: 1398580K(2712576K)->1398580K(2712576K)
[108.927s][info][gc,metaspace   ] GC(107) Metaspace: 120237K(127744K)->120237K(127744K) NonClass: 102854K(105984K)->102854K(105984K) Class: 17382K(21760K)->17382K(21760K)
[108.927s][info][gc             ] GC(107) Pause Young (Allocation Failure) 2591M->1373M(3931M) 1.999ms
[108.927s][info][gc,cpu         ] GC(107) User=0.00s Sys=0.00s Real=0.00s
[109.029s][info][gc,start       ] GC(108) Pause Young (Allocation Failure)
[109.031s][info][gc,heap        ] GC(108) PSYoungGen: 1255637K(1312768K)->7701K(1324544K) Eden: 1247744K(1247744K)->0K(1272320K) From: 7893K(65024K)->7701K(52224K)
[109.031s][info][gc,heap        ] GC(108) ParOldGen: 1398580K(2712576K)->1398580K(2712576K)
[109.031s][info][gc,metaspace   ] GC(108) Metaspace: 120239K(127808K)->120239K(127808K) NonClass: 102857K(106048K)->102857K(106048K) Class: 17382K(21760K)->17382K(21760K)
[109.031s][info][gc             ] GC(108) Pause Young (Allocation Failure) 2592M->1373M(3942M) 2.010ms
[109.032s][info][gc,cpu         ] GC(108) User=0.00s Sys=0.00s Real=0.00s
[109.137s][info][gc,start       ] GC(109) Pause Young (Allocation Failure)
[109.139s][info][gc,heap        ] GC(109) PSYoungGen: 1280021K(1324544K)->8108K(1328640K) Eden: 1272320K(1272320K)->0K(1272320K) From: 7701K(52224K)->8108K(56320K)
[109.139s][info][gc,heap        ] GC(109) ParOldGen: 1398580K(2712576K)->1398580K(2712576K)
[109.139s][info][gc,metaspace   ] GC(109) Metaspace: 120242K(127808K)->120242K(127808K) NonClass: 102859K(106048K)->102859K(106048K) Class: 17382K(21760K)->17382K(21760K)
[109.139s][info][gc             ] GC(109) Pause Young (Allocation Failure) 2615M->1373M(3946M) 2.131ms
[109.139s][info][gc,cpu         ] GC(109) User=0.53s Sys=0.00s Real=0.02s
[109.261s][info][gc,start       ] GC(110) Pause Young (Allocation Failure)
[109.268s][info][gc,heap        ] GC(110) PSYoungGen: 1280428K(1328640K)->10757K(1333248K) Eden: 1272320K(1272320K)->0K(1289216K) From: 8108K(56320K)->10757K(44032K)
[109.268s][info][gc,heap        ] GC(110) ParOldGen: 1398580K(2712576K)->1398588K(2712576K)
[109.268s][info][gc,metaspace   ] GC(110) Metaspace: 120310K(127808K)->120310K(127808K) NonClass: 102925K(106048K)->102925K(106048K) Class: 17384K(21760K)->17384K(21760K)
[109.268s][info][gc             ] GC(110) Pause Young (Allocation Failure) 2616M->1376M(3951M) 7.241ms
[109.268s][info][gc,cpu         ] GC(110) User=0.00s Sys=0.00s Real=0.01s
[109.896s][info][gc,start       ] GC(111) Pause Young (System.gc())
[109.899s][info][gc,heap        ] GC(111) PSYoungGen: 163250K(1333248K)->8571K(1297920K) Eden: 152493K(1289216K)->0K(1289216K) From: 10757K(44032K)->8571K(8704K)
[109.899s][info][gc,heap        ] GC(111) ParOldGen: 1398588K(2712576K)->1398596K(2712576K)
[109.899s][info][gc,metaspace   ] GC(111) Metaspace: 120450K(127808K)->120450K(127808K) NonClass: 103065K(106048K)->103065K(106048K) Class: 17384K(21760K)->17384K(21760K)
[109.899s][info][gc             ] GC(111) Pause Young (System.gc()) 1525M->1374M(3916M) 2.545ms
[109.899s][info][gc,cpu         ] GC(111) User=0.00s Sys=0.00s Real=0.00s
[109.899s][info][gc,start       ] GC(112) Pause Full (System.gc())
[109.899s][info][gc,phases,start] GC(112) Marking Phase
[109.957s][info][gc,phases      ] GC(112) Marking Phase 57.920ms
[109.957s][info][gc,phases,start] GC(112) Summary Phase
[109.957s][info][gc,phases      ] GC(112) Summary Phase 0.038ms
[109.957s][info][gc,phases,start] GC(112) Adjust Roots
[109.973s][info][gc,phases      ] GC(112) Adjust Roots 16.129ms
[109.973s][info][gc,phases,start] GC(112) Compaction Phase
[110.094s][info][gc,phases      ] GC(112) Compaction Phase 121.065ms
[110.094s][info][gc,phases,start] GC(112) Post Compact
[110.102s][info][gc,phases      ] GC(112) Post Compact 7.381ms
[110.102s][info][gc,heap        ] GC(112) PSYoungGen: 8571K(1297920K)->0K(1297920K) Eden: 0K(1289216K)->0K(1289216K) From: 8571K(8704K)->0K(8704K)
[110.102s][info][gc,heap        ] GC(112) ParOldGen: 1398596K(2712576K)->1398856K(2712576K)
[110.102s][info][gc,metaspace   ] GC(112) Metaspace: 120450K(127808K)->120450K(127808K) NonClass: 103065K(106048K)->103065K(106048K) Class: 17384K(21760K)->17384K(21760K)
[110.102s][info][gc             ] GC(112) Pause Full (System.gc()) 1374M->1366M(3916M) 202.801ms
[110.102s][info][gc,cpu         ] GC(112) User=5.14s Sys=0.38s Real=0.20s
[110.327s][info][gc,start       ] GC(113) Pause Young (Allocation Failure)
[110.330s][info][gc,heap        ] GC(113) PSYoungGen: 1289216K(1297920K)->7421K(1337344K) Eden: 1289216K(1289216K)->0K(1292288K) From: 0K(8704K)->7421K(45056K)
[110.330s][info][gc,heap        ] GC(113) ParOldGen: 1398856K(2712576K)->1398864K(2712576K)
[110.330s][info][gc,metaspace   ] GC(113) Metaspace: 120833K(127872K)->120833K(127872K) NonClass: 103430K(106112K)->103430K(106112K) Class: 17402K(21760K)->17402K(21760K)
[110.330s][info][gc             ] GC(113) Pause Young (Allocation Failure) 2625M->1373M(3955M) 2.828ms
[110.330s][info][gc,cpu         ] GC(113) User=0.00s Sys=0.00s Real=0.00s
[110.418s][info][gc,start       ] GC(114) Pause Young (Allocation Failure)
[110.420s][info][gc,heap        ] GC(114) PSYoungGen: 1299709K(1337344K)->7517K(1334272K) Eden: 1292288K(1292288K)->0K(1292288K) From: 7421K(45056K)->7517K(41984K)
[110.420s][info][gc,heap        ] GC(114) ParOldGen: 1398864K(2712576K)->1398864K(2712576K)
[110.420s][info][gc,metaspace   ] GC(114) Metaspace: 120833K(127872K)->120833K(127872K) NonClass: 103430K(106112K)->103430K(106112K) Class: 17402K(21760K)->17402K(21760K)
[110.420s][info][gc             ] GC(114) Pause Young (Allocation Failure) 2635M->1373M(3952M) 2.181ms
[110.420s][info][gc,cpu         ] GC(114) User=0.56s Sys=0.00s Real=0.02s
[110.507s][info][gc,start       ] GC(115) Pause Young (Allocation Failure)
[110.511s][info][gc,heap        ] GC(115) PSYoungGen: 1299805K(1334272K)->7453K(1352704K) Eden: 1292288K(1292288K)->0K(1313280K) From: 7517K(41984K)->7453K(39424K)
[110.511s][info][gc,heap        ] GC(115) ParOldGen: 1398864K(2712576K)->1398864K(2712576K)
[110.511s][info][gc,metaspace   ] GC(115) Metaspace: 120833K(127872K)->120833K(127872K) NonClass: 103430K(106112K)->103430K(106112K) Class: 17402K(21760K)->17402K(21760K)
[110.511s][info][gc             ] GC(115) Pause Young (Allocation Failure) 2635M->1373M(3970M) 3.975ms
[110.511s][info][gc,cpu         ] GC(115) User=0.00s Sys=0.00s Real=0.00s
[110.599s][info][gc,start       ] GC(116) Pause Young (Allocation Failure)
[110.601s][info][gc,heap        ] GC(116) PSYoungGen: 1320733K(1352704K)->7453K(1350144K) Eden: 1313280K(1313280K)->0K(1313280K) From: 7453K(39424K)->7453K(36864K)
[110.601s][info][gc,heap        ] GC(116) ParOldGen: 1398864K(2712576K)->1398864K(2712576K)
[110.601s][info][gc,metaspace   ] GC(116) Metaspace: 120833K(127872K)->120833K(127872K) NonClass: 103430K(106112K)->103430K(106112K) Class: 17402K(21760K)->17402K(21760K)
[110.601s][info][gc             ] GC(116) Pause Young (Allocation Failure) 2655M->1373M(3967M) 2.024ms
[110.601s][info][gc,cpu         ] GC(116) User=0.00s Sys=0.00s Real=0.00s
[110.688s][info][gc,start       ] GC(117) Pause Young (Allocation Failure)
[110.690s][info][gc,heap        ] GC(117) PSYoungGen: 1320733K(1350144K)->7485K(1357824K) Eden: 1313280K(1313280K)->0K(1323520K) From: 7453K(36864K)->7485K(34304K)
[110.690s][info][gc,heap        ] GC(117) ParOldGen: 1398864K(2712576K)->1398864K(2712576K)
[110.690s][info][gc,metaspace   ] GC(117) Metaspace: 120833K(127872K)->120833K(127872K) NonClass: 103430K(106112K)->103430K(106112K) Class: 17402K(21760K)->17402K(21760K)
[110.690s][info][gc             ] GC(117) Pause Young (Allocation Failure) 2655M->1373M(3975M) 2.021ms
[110.691s][info][gc,cpu         ] GC(117) User=0.00s Sys=0.00s Real=0.00s
[110.778s][info][gc,start       ] GC(118) Pause Young (Allocation Failure)
[110.780s][info][gc,heap        ] GC(118) PSYoungGen: 1331005K(1357824K)->7485K(1355776K) Eden: 1323520K(1323520K)->0K(1323520K) From: 7485K(34304K)->7485K(32256K)
[110.780s][info][gc,heap        ] GC(118) ParOldGen: 1398864K(2712576K)->1398864K(2712576K)
[110.780s][info][gc,metaspace   ] GC(118) Metaspace: 120833K(127872K)->120833K(127872K) NonClass: 103430K(106112K)->103430K(106112K) Class: 17402K(21760K)->17402K(21760K)
[110.780s][info][gc             ] GC(118) Pause Young (Allocation Failure) 2665M->1373M(3973M) 2.030ms
[110.780s][info][gc,cpu         ] GC(118) User=0.00s Sys=0.00s Real=0.00s
[110.868s][info][gc,start       ] GC(119) Pause Young (Allocation Failure)
[110.870s][info][gc,heap        ] GC(119) PSYoungGen: 1331005K(1355776K)->7453K(1362944K) Eden: 1323520K(1323520K)->0K(1332736K) From: 7485K(32256K)->7453K(30208K)
[110.870s][info][gc,heap        ] GC(119) ParOldGen: 1398864K(2712576K)->1398864K(2712576K)
[110.870s][info][gc,metaspace   ] GC(119) Metaspace: 120833K(127872K)->120833K(127872K) NonClass: 103430K(106112K)->103430K(106112K) Class: 17402K(21760K)->17402K(21760K)
[110.870s][info][gc             ] GC(119) Pause Young (Allocation Failure) 2665M->1373M(3980M) 2.067ms
[110.870s][info][gc,cpu         ] GC(119) User=0.00s Sys=0.00s Real=0.00s
[110.959s][info][gc,start       ] GC(120) Pause Young (Allocation Failure)
[110.961s][info][gc,heap        ] GC(120) PSYoungGen: 1340189K(1362944K)->7453K(1361408K) Eden: 1332736K(1332736K)->0K(1332736K) From: 7453K(30208K)->7453K(28672K)
[110.961s][info][gc,heap        ] GC(120) ParOldGen: 1398864K(2712576K)->1398864K(2712576K)
[110.961s][info][gc,metaspace   ] GC(120) Metaspace: 120833K(127872K)->120833K(127872K) NonClass: 103430K(106112K)->103430K(106112K) Class: 17402K(21760K)->17402K(21760K)
[110.961s][info][gc             ] GC(120) Pause Young (Allocation Failure) 2674M->1373M(3978M) 2.121ms
[110.961s][info][gc,cpu         ] GC(120) User=0.00s Sys=0.00s Real=0.00s
[111.049s][info][gc,start       ] GC(121) Pause Young (Allocation Failure)
[111.051s][info][gc,heap        ] GC(121) PSYoungGen: 1340189K(1361408K)->7549K(1367552K) Eden: 1332736K(1332736K)->0K(1340416K) From: 7453K(28672K)->7549K(27136K)
[111.051s][info][gc,heap        ] GC(121) ParOldGen: 1398864K(2712576K)->1398864K(2712576K)
[111.051s][info][gc,metaspace   ] GC(121) Metaspace: 120833K(127872K)->120833K(127872K) NonClass: 103430K(106112K)->103430K(106112K) Class: 17402K(21760K)->17402K(21760K)
[111.051s][info][gc             ] GC(121) Pause Young (Allocation Failure) 2674M->1373M(3984M) 2.042ms
[111.051s][info][gc,cpu         ] GC(121) User=0.00s Sys=0.00s Real=0.00s
[111.141s][info][gc,start       ] GC(122) Pause Young (Allocation Failure)
[111.142s][info][gc,heap        ] GC(122) PSYoungGen: 1347965K(1367552K)->7637K(1366016K) Eden: 1340416K(1340416K)->0K(1340416K) From: 7549K(27136K)->7637K(25600K)
[111.143s][info][gc,heap        ] GC(122) ParOldGen: 1398864K(2712576K)->1398864K(2712576K)
[111.143s][info][gc,metaspace   ] GC(122) Metaspace: 120833K(127872K)->120833K(127872K) NonClass: 103430K(106112K)->103430K(106112K) Class: 17402K(21760K)->17402K(21760K)
[111.143s][info][gc             ] GC(122) Pause Young (Allocation Failure) 2682M->1373M(3983M) 1.984ms
[111.143s][info][gc,cpu         ] GC(122) User=0.00s Sys=0.00s Real=0.00s
[111.232s][info][gc,start       ] GC(123) Pause Young (Allocation Failure)
[111.234s][info][gc,heap        ] GC(123) PSYoungGen: 1348053K(1366016K)->7637K(1370624K) Eden: 1340416K(1340416K)->0K(1346560K) From: 7637K(25600K)->7637K(24064K)
[111.234s][info][gc,heap        ] GC(123) ParOldGen: 1398864K(2712576K)->1398864K(2712576K)
[111.234s][info][gc,metaspace   ] GC(123) Metaspace: 120833K(127872K)->120833K(127872K) NonClass: 103430K(106112K)->103430K(106112K) Class: 17402K(21760K)->17402K(21760K)
[111.234s][info][gc             ] GC(123) Pause Young (Allocation Failure) 2682M->1373M(3987M) 2.151ms
[111.234s][info][gc,cpu         ] GC(123) User=0.00s Sys=0.00s Real=0.00s
[111.327s][info][gc,start       ] GC(124) Pause Young (Allocation Failure)
[111.329s][info][gc,heap        ] GC(124) PSYoungGen: 1354197K(1370624K)->8275K(1369088K) Eden: 1346560K(1346560K)->0K(1346560K) From: 7637K(24064K)->8275K(22528K)
[111.329s][info][gc,heap        ] GC(124) ParOldGen: 1398864K(2712576K)->1398872K(2712576K)
[111.329s][info][gc,metaspace   ] GC(124) Metaspace: 120846K(127872K)->120846K(127872K) NonClass: 103443K(106112K)->103443K(106112K) Class: 17402K(21760K)->17402K(21760K)
[111.329s][info][gc             ] GC(124) Pause Young (Allocation Failure) 2688M->1374M(3986M) 1.954ms
[111.329s][info][gc,cpu         ] GC(124) User=0.00s Sys=0.00s Real=0.00s
[112.117s][info][gc,start       ] GC(125) Pause Young (System.gc())
[112.121s][info][gc,heap        ] GC(125) PSYoungGen: 593170K(1369088K)->8701K(1370112K) Eden: 584895K(1346560K)->0K(1351168K) From: 8275K(22528K)->8701K(18944K)
[112.121s][info][gc,heap        ] GC(125) ParOldGen: 1398872K(2712576K)->1398880K(2712576K)
[112.121s][info][gc,metaspace   ] GC(125) Metaspace: 121051K(127872K)->121051K(127872K) NonClass: 103647K(106112K)->103647K(106112K) Class: 17404K(21760K)->17404K(21760K)
[112.121s][info][gc             ] GC(125) Pause Young (System.gc()) 1945M->1374M(3987M) 3.972ms
[112.121s][info][gc,cpu         ] GC(125) User=0.00s Sys=0.00s Real=0.00s
[112.121s][info][gc,start       ] GC(126) Pause Full (System.gc())
[112.121s][info][gc,phases,start] GC(126) Marking Phase
[112.179s][info][gc,phases      ] GC(126) Marking Phase 57.959ms
[112.179s][info][gc,phases,start] GC(126) Summary Phase
[112.179s][info][gc,phases      ] GC(126) Summary Phase 0.036ms
[112.179s][info][gc,phases,start] GC(126) Adjust Roots
[112.193s][info][gc,phases      ] GC(126) Adjust Roots 13.829ms
[112.193s][info][gc,phases,start] GC(126) Compaction Phase
[112.307s][info][gc,phases      ] GC(126) Compaction Phase 114.093ms
[112.307s][info][gc,phases,start] GC(126) Post Compact
[112.315s][info][gc,phases      ] GC(126) Post Compact 7.420ms
[112.315s][info][gc,heap        ] GC(126) PSYoungGen: 8701K(1370112K)->0K(1370112K) Eden: 0K(1351168K)->0K(1351168K) From: 8701K(18944K)->0K(18944K)
[112.315s][info][gc,heap        ] GC(126) ParOldGen: 1398880K(2712576K)->1399044K(2712576K)
[112.315s][info][gc,metaspace   ] GC(126) Metaspace: 121051K(127872K)->121051K(127872K) NonClass: 103647K(106112K)->103647K(106112K) Class: 17404K(21760K)->17404K(21760K)
[112.315s][info][gc             ] GC(126) Pause Full (System.gc()) 1374M->1366M(3987M) 193.608ms
[112.315s][info][gc,cpu         ] GC(126) User=5.11s Sys=0.03s Real=0.20s
[112.529s][info][gc,start       ] GC(127) Pause Young (Allocation Failure)
[112.532s][info][gc,heap        ] GC(127) PSYoungGen: 1351168K(1370112K)->7421K(1371136K) Eden: 1351168K(1351168K)->0K(1351168K) From: 0K(18944K)->7421K(19968K)
[112.532s][info][gc,heap        ] GC(127) ParOldGen: 1399044K(2712576K)->1399044K(2712576K)
[112.532s][info][gc,metaspace   ] GC(127) Metaspace: 121374K(127936K)->121374K(127936K) NonClass: 103963K(106176K)->103963K(106176K) Class: 17411K(21760K)->17411K(21760K)
[112.532s][info][gc             ] GC(127) Pause Young (Allocation Failure) 2685M->1373M(3988M) 2.326ms
[112.532s][info][gc,cpu         ] GC(127) User=0.00s Sys=0.00s Real=0.00s
[112.624s][info][gc,start       ] GC(128) Pause Young (Allocation Failure)
[112.628s][info][gc,heap        ] GC(128) PSYoungGen: 1358589K(1371136K)->7581K(1376768K) Eden: 1351168K(1351168K)->0K(1358848K) From: 7421K(19968K)->7581K(17920K)
[112.628s][info][gc,heap        ] GC(128) ParOldGen: 1399044K(2712576K)->1399044K(2712576K)
[112.628s][info][gc,metaspace   ] GC(128) Metaspace: 121374K(127936K)->121374K(127936K) NonClass: 103963K(106176K)->103963K(106176K) Class: 17411K(21760K)->17411K(21760K)
[112.628s][info][gc             ] GC(128) Pause Young (Allocation Failure) 2693M->1373M(3993M) 4.128ms
[112.628s][info][gc,cpu         ] GC(128) User=0.08s Sys=0.50s Real=0.02s
[112.720s][info][gc,start       ] GC(129) Pause Young (Allocation Failure)
[112.722s][info][gc,heap        ] GC(129) PSYoungGen: 1366429K(1376768K)->7485K(1377280K) Eden: 1358848K(1358848K)->0K(1358848K) From: 7581K(17920K)->7485K(18432K)
[112.722s][info][gc,heap        ] GC(129) ParOldGen: 1399044K(2712576K)->1399044K(2712576K)
[112.722s][info][gc,metaspace   ] GC(129) Metaspace: 121374K(127936K)->121374K(127936K) NonClass: 103963K(106176K)->103963K(106176K) Class: 17411K(21760K)->17411K(21760K)
[112.722s][info][gc             ] GC(129) Pause Young (Allocation Failure) 2700M->1373M(3994M) 2.080ms
[112.722s][info][gc,cpu         ] GC(129) User=0.00s Sys=0.00s Real=0.00s
[112.813s][info][gc,start       ] GC(130) Pause Young (Allocation Failure)
[112.815s][info][gc,heap        ] GC(130) PSYoungGen: 1366333K(1377280K)->7709K(1377792K) Eden: 1358848K(1358848K)->0K(1361920K) From: 7485K(18432K)->7709K(15872K)
[112.815s][info][gc,heap        ] GC(130) ParOldGen: 1399044K(2712576K)->1399044K(2712576K)
[112.815s][info][gc,metaspace   ] GC(130) Metaspace: 121374K(127936K)->121374K(127936K) NonClass: 103963K(106176K)->103963K(106176K) Class: 17411K(21760K)->17411K(21760K)
[112.815s][info][gc             ] GC(130) Pause Young (Allocation Failure) 2700M->1373M(3994M) 2.264ms
[112.815s][info][gc,cpu         ] GC(130) User=0.00s Sys=0.00s Real=0.00s
[112.906s][info][gc,start       ] GC(131) Pause Young (Allocation Failure)
[112.908s][info][gc,heap        ] GC(131) PSYoungGen: 1369629K(1377792K)->7549K(1378304K) Eden: 1361920K(1361920K)->0K(1361920K) From: 7709K(15872K)->7549K(16384K)
[112.908s][info][gc,heap        ] GC(131) ParOldGen: 1399044K(2712576K)->1399044K(2712576K)
[112.908s][info][gc,metaspace   ] GC(131) Metaspace: 121391K(127936K)->121391K(127936K) NonClass: 103980K(106176K)->103980K(106176K) Class: 17411K(21760K)->17411K(21760K)
[112.908s][info][gc             ] GC(131) Pause Young (Allocation Failure) 2703M->1373M(3995M) 2.058ms
[112.908s][info][gc,cpu         ] GC(131) User=0.00s Sys=0.00s Real=0.00s
[112.999s][info][gc,start       ] GC(132) Pause Young (Allocation Failure)
[113.002s][info][gc,heap        ] GC(132) PSYoungGen: 1369469K(1378304K)->7453K(1380352K) Eden: 1361920K(1361920K)->0K(1365504K) From: 7549K(16384K)->7453K(14848K)
[113.002s][info][gc,heap        ] GC(132) ParOldGen: 1399044K(2712576K)->1399044K(2712576K)
[113.002s][info][gc,metaspace   ] GC(132) Metaspace: 121408K(127936K)->121408K(127936K) NonClass: 103996K(106176K)->103996K(106176K) Class: 17411K(21760K)->17411K(21760K)
[113.002s][info][gc             ] GC(132) Pause Young (Allocation Failure) 2703M->1373M(3997M) 2.907ms
[113.002s][info][gc,cpu         ] GC(132) User=0.52s Sys=0.00s Real=0.02s
[113.093s][info][gc,start       ] GC(133) Pause Young (Allocation Failure)
[113.095s][info][gc,heap        ] GC(133) PSYoungGen: 1372957K(1380352K)->7581K(1380864K) Eden: 1365504K(1365504K)->0K(1365504K) From: 7453K(14848K)->7581K(15360K)
[113.095s][info][gc,heap        ] GC(133) ParOldGen: 1399044K(2712576K)->1399044K(2712576K)
[113.095s][info][gc,metaspace   ] GC(133) Metaspace: 121408K(127936K)->121408K(127936K) NonClass: 103996K(106176K)->103996K(106176K) Class: 17411K(21760K)->17411K(21760K)
[113.095s][info][gc             ] GC(133) Pause Young (Allocation Failure) 2707M->1373M(3997M) 2.098ms
[113.095s][info][gc,cpu         ] GC(133) User=0.00s Sys=0.00s Real=0.00s
[113.185s][info][gc,start       ] GC(134) Pause Young (Allocation Failure)
[113.187s][info][gc,heap        ] GC(134) PSYoungGen: 1373085K(1380864K)->7677K(1380352K) Eden: 1365504K(1365504K)->0K(1367552K) From: 7581K(15360K)->7677K(12800K)
[113.187s][info][gc,heap        ] GC(134) ParOldGen: 1399044K(2712576K)->1399044K(2712576K)
[113.187s][info][gc,metaspace   ] GC(134) Metaspace: 121408K(127936K)->121408K(127936K) NonClass: 103996K(106176K)->103996K(106176K) Class: 17411K(21760K)->17411K(21760K)
[113.187s][info][gc             ] GC(134) Pause Young (Allocation Failure) 2707M->1373M(3997M) 2.164ms
[113.187s][info][gc,cpu         ] GC(134) User=0.00s Sys=0.00s Real=0.00s
[113.278s][info][gc,start       ] GC(135) Pause Young (Allocation Failure)
[113.280s][info][gc,heap        ] GC(135) PSYoungGen: 1375229K(1380352K)->7581K(1381376K) Eden: 1367552K(1367552K)->0K(1367552K) From: 7677K(12800K)->7581K(13824K)
[113.280s][info][gc,heap        ] GC(135) ParOldGen: 1399044K(2712576K)->1399044K(2712576K)
[113.280s][info][gc,metaspace   ] GC(135) Metaspace: 121408K(127936K)->121408K(127936K) NonClass: 103996K(106176K)->103996K(106176K) Class: 17411K(21760K)->17411K(21760K)
[113.280s][info][gc             ] GC(135) Pause Young (Allocation Failure) 2709M->1373M(3998M) 2.034ms
[113.280s][info][gc,cpu         ] GC(135) User=0.00s Sys=0.00s Real=0.00s
[113.371s][info][gc,start       ] GC(136) Pause Young (Allocation Failure)
[113.373s][info][gc,heap        ] GC(136) PSYoungGen: 1375133K(1381376K)->7805K(1382400K) Eden: 1367552K(1367552K)->0K(1370624K) From: 7581K(13824K)->7805K(11776K)
[113.373s][info][gc,heap        ] GC(136) ParOldGen: 1399044K(2712576K)->1399044K(2712576K)
[113.373s][info][gc,metaspace   ] GC(136) Metaspace: 121408K(127936K)->121408K(127936K) NonClass: 103996K(106176K)->103996K(106176K) Class: 17411K(21760K)->17411K(21760K)
[113.373s][info][gc             ] GC(136) Pause Young (Allocation Failure) 2709M->1373M(3999M) 2.027ms
[113.373s][info][gc,cpu         ] GC(136) User=0.00s Sys=0.00s Real=0.00s
[113.465s][info][gc,start       ] GC(137) Pause Young (Allocation Failure)
[113.467s][info][gc,heap        ] GC(137) PSYoungGen: 1378429K(1382400K)->7884K(1383424K) Eden: 1370624K(1370624K)->0K(1370624K) From: 7805K(11776K)->7884K(12800K)
[113.467s][info][gc,heap        ] GC(137) ParOldGen: 1399044K(2712576K)->1399044K(2712576K)
[113.467s][info][gc,metaspace   ] GC(137) Metaspace: 121410K(127936K)->121410K(127936K) NonClass: 103998K(106176K)->103998K(106176K) Class: 17411K(21760K)->17411K(21760K)
[113.467s][info][gc             ] GC(137) Pause Young (Allocation Failure) 2712M->1373M(4000M) 1.988ms
[113.467s][info][gc,cpu         ] GC(137) User=0.00s Sys=0.00s Real=0.00s
[113.626s][info][gc,start       ] GC(138) Pause Young (Allocation Failure)
[113.632s][info][gc,heap        ] GC(138) PSYoungGen: 1378508K(1383424K)->11707K(1383424K) Eden: 1370624K(1370624K)->0K(1371136K) From: 7884K(12800K)->11707K(12288K)
[113.632s][info][gc,heap        ] GC(138) ParOldGen: 1399044K(2712576K)->1399044K(2712576K)
[113.632s][info][gc,metaspace   ] GC(138) Metaspace: 121431K(127936K)->121431K(127936K) NonClass: 104019K(106176K)->104019K(106176K) Class: 17411K(21760K)->17411K(21760K)
[113.632s][info][gc             ] GC(138) Pause Young (Allocation Failure) 2712M->1377M(4000M) 5.659ms
[113.632s][info][gc,cpu         ] GC(138) User=0.09s Sys=0.44s Real=0.00s
[114.154s][info][gc,start       ] GC(139) Pause Young (System.gc())
[114.157s][info][gc,heap        ] GC(139) PSYoungGen: 70875K(1383424K)->8681K(1384448K) Eden: 59167K(1371136K)->0K(1371136K) From: 11707K(12288K)->8681K(13312K)
[114.157s][info][gc,heap        ] GC(139) ParOldGen: 1399044K(2712576K)->1399052K(2712576K)
[114.157s][info][gc,metaspace   ] GC(139) Metaspace: 121540K(127936K)->121540K(127936K) NonClass: 104128K(106176K)->104128K(106176K) Class: 17411K(21760K)->17411K(21760K)
[114.157s][info][gc             ] GC(139) Pause Young (System.gc()) 1435M->1374M(4001M) 2.897ms
[114.157s][info][gc,cpu         ] GC(139) User=0.00s Sys=0.00s Real=0.00s
[114.157s][info][gc,start       ] GC(140) Pause Full (System.gc())
[114.157s][info][gc,phases,start] GC(140) Marking Phase
[114.204s][info][gc,phases      ] GC(140) Marking Phase 46.325ms
[114.204s][info][gc,phases,start] GC(140) Summary Phase
[114.204s][info][gc,phases      ] GC(140) Summary Phase 0.038ms
[114.204s][info][gc,phases,start] GC(140) Adjust Roots
[114.217s][info][gc,phases      ] GC(140) Adjust Roots 13.493ms
[114.217s][info][gc,phases,start] GC(140) Compaction Phase
[114.336s][info][gc,phases      ] GC(140) Compaction Phase 118.186ms
[114.336s][info][gc,phases,start] GC(140) Post Compact
[114.343s][info][gc,phases      ] GC(140) Post Compact 7.405ms
[114.343s][info][gc,heap        ] GC(140) PSYoungGen: 8681K(1384448K)->0K(1384448K) Eden: 0K(1371136K)->0K(1371136K) From: 8681K(13312K)->0K(13312K)
[114.343s][info][gc,heap        ] GC(140) ParOldGen: 1399052K(2712576K)->1399212K(2712576K)
[114.343s][info][gc,metaspace   ] GC(140) Metaspace: 121540K(127936K)->121540K(127936K) NonClass: 104128K(106176K)->104128K(106176K) Class: 17411K(21760K)->17411K(21760K)
[114.343s][info][gc             ] GC(140) Pause Full (System.gc()) 1374M->1366M(4001M) 185.718ms
[114.343s][info][gc,cpu         ] GC(140) User=4.73s Sys=0.00s Real=0.19s
[114.531s][info][gc,start       ] GC(141) Pause Young (Allocation Failure)
[114.533s][info][gc,heap        ] GC(141) PSYoungGen: 1371136K(1384448K)->7453K(1383424K) Eden: 1371136K(1371136K)->0K(1371136K) From: 0K(13312K)->7453K(12288K)
[114.533s][info][gc,heap        ] GC(141) ParOldGen: 1399212K(2712576K)->1399220K(2712576K)
[114.533s][info][gc,metaspace   ] GC(141) Metaspace: 121815K(127936K)->121815K(127936K) NonClass: 104403K(106176K)->104403K(106176K) Class: 17411K(21760K)->17411K(21760K)
[114.533s][info][gc             ] GC(141) Pause Young (Allocation Failure) 2705M->1373M(4000M) 2.395ms
[114.533s][info][gc,cpu         ] GC(141) User=0.00s Sys=0.00s Real=0.00s
[114.624s][info][gc,start       ] GC(142) Pause Young (Allocation Failure)
[114.626s][info][gc,heap        ] GC(142) PSYoungGen: 1378589K(1383424K)->7613K(1383936K) Eden: 1371136K(1371136K)->0K(1371136K) From: 7453K(12288K)->7613K(12800K)
[114.627s][info][gc,heap        ] GC(142) ParOldGen: 1399220K(2712576K)->1399220K(2712576K)
[114.627s][info][gc,metaspace   ] GC(142) Metaspace: 121815K(127936K)->121815K(127936K) NonClass: 104403K(106176K)->104403K(106176K) Class: 17411K(21760K)->17411K(21760K)
[114.627s][info][gc             ] GC(142) Pause Young (Allocation Failure) 2712M->1373M(4000M) 2.191ms
[114.627s][info][gc,cpu         ] GC(142) User=0.00s Sys=0.00s Real=0.00s
[114.718s][info][gc,start       ] GC(143) Pause Young (Allocation Failure)
[114.720s][info][gc,heap        ] GC(143) PSYoungGen: 1378749K(1383936K)->7453K(1384960K) Eden: 1371136K(1371136K)->0K(1372672K) From: 7613K(12800K)->7453K(12288K)
[114.720s][info][gc,heap        ] GC(143) ParOldGen: 1399220K(2712576K)->1399220K(2712576K)
[114.720s][info][gc,metaspace   ] GC(143) Metaspace: 121815K(127936K)->121815K(127936K) NonClass: 104403K(106176K)->104403K(106176K) Class: 17411K(21760K)->17411K(21760K)
[114.720s][info][gc             ] GC(143) Pause Young (Allocation Failure) 2712M->1373M(4001M) 2.121ms
[114.720s][info][gc,cpu         ] GC(143) User=0.00s Sys=0.00s Real=0.01s
[114.811s][info][gc,start       ] GC(144) Pause Young (Allocation Failure)
[114.814s][info][gc,heap        ] GC(144) PSYoungGen: 1380125K(1384960K)->7517K(1384960K) Eden: 1372672K(1372672K)->0K(1372672K) From: 7453K(12288K)->7517K(12288K)
[114.814s][info][gc,heap        ] GC(144) ParOldGen: 1399220K(2712576K)->1399220K(2712576K)
[114.814s][info][gc,metaspace   ] GC(144) Metaspace: 121815K(127936K)->121815K(127936K) NonClass: 104403K(106176K)->104403K(106176K) Class: 17411K(21760K)->17411K(21760K)
[114.814s][info][gc             ] GC(144) Pause Young (Allocation Failure) 2714M->1373M(4001M) 2.108ms
[114.814s][info][gc,cpu         ] GC(144) User=0.00s Sys=0.00s Real=0.00s
[114.905s][info][gc,start       ] GC(145) Pause Young (Allocation Failure)
[114.907s][info][gc,heap        ] GC(145) PSYoungGen: 1380189K(1384960K)->7517K(1384960K) Eden: 1372672K(1372672K)->0K(1373184K) From: 7517K(12288K)->7517K(11776K)
[114.907s][info][gc,heap        ] GC(145) ParOldGen: 1399220K(2712576K)->1399220K(2712576K)
[114.907s][info][gc,metaspace   ] GC(145) Metaspace: 121815K(127936K)->121815K(127936K) NonClass: 104403K(106176K)->104403K(106176K) Class: 17411K(21760K)->17411K(21760K)
[114.907s][info][gc             ] GC(145) Pause Young (Allocation Failure) 2714M->1373M(4001M) 2.178ms
[114.907s][info][gc,cpu         ] GC(145) User=0.53s Sys=0.00s Real=0.02s
[114.998s][info][gc,start       ] GC(146) Pause Young (Allocation Failure)
[115.000s][info][gc,heap        ] GC(146) PSYoungGen: 1380701K(1384960K)->7517K(1384960K) Eden: 1373184K(1373184K)->0K(1373184K) From: 7517K(11776K)->7517K(11776K)
[115.001s][info][gc,heap        ] GC(146) ParOldGen: 1399220K(2712576K)->1399220K(2712576K)
[115.001s][info][gc,metaspace   ] GC(146) Metaspace: 121815K(127936K)->121815K(127936K) NonClass: 104403K(106176K)->104403K(106176K) Class: 17411K(21760K)->17411K(21760K)
[115.001s][info][gc             ] GC(146) Pause Young (Allocation Failure) 2714M->1373M(4001M) 2.100ms
[115.001s][info][gc,cpu         ] GC(146) User=0.53s Sys=0.00s Real=0.02s
[115.092s][info][gc,start       ] GC(147) Pause Young (Allocation Failure)
[115.094s][info][gc,heap        ] GC(147) PSYoungGen: 1380701K(1384960K)->7549K(1385472K) Eden: 1373184K(1373184K)->0K(1374208K) From: 7517K(11776K)->7549K(11264K)
[115.094s][info][gc,heap        ] GC(147) ParOldGen: 1399220K(2712576K)->1399220K(2712576K)
[115.094s][info][gc,metaspace   ] GC(147) Metaspace: 121815K(127936K)->121815K(127936K) NonClass: 104403K(106176K)->104403K(106176K) Class: 17411K(21760K)->17411K(21760K)
[115.094s][info][gc             ] GC(147) Pause Young (Allocation Failure) 2714M->1373M(4002M) 2.061ms
[115.094s][info][gc,cpu         ] GC(147) User=0.00s Sys=0.00s Real=0.00s
[115.185s][info][gc,start       ] GC(148) Pause Young (Allocation Failure)
[115.188s][info][gc,heap        ] GC(148) PSYoungGen: 1381757K(1385472K)->7517K(1385472K) Eden: 1374208K(1374208K)->0K(1374208K) From: 7549K(11264K)->7517K(11264K)
[115.188s][info][gc,heap        ] GC(148) ParOldGen: 1399220K(2712576K)->1399220K(2712576K)
[115.188s][info][gc,metaspace   ] GC(148) Metaspace: 121815K(127936K)->121815K(127936K) NonClass: 104403K(106176K)->104403K(106176K) Class: 17411K(21760K)->17411K(21760K)
[115.188s][info][gc             ] GC(148) Pause Young (Allocation Failure) 2715M->1373M(4002M) 2.180ms
[115.188s][info][gc,cpu         ] GC(148) User=0.00s Sys=0.00s Real=0.00s
[115.279s][info][gc,start       ] GC(149) Pause Young (Allocation Failure)
[115.281s][info][gc,heap        ] GC(149) PSYoungGen: 1381725K(1385472K)->7549K(1385984K) Eden: 1374208K(1374208K)->0K(1375232K) From: 7517K(11264K)->7549K(10752K)
[115.281s][info][gc,heap        ] GC(149) ParOldGen: 1399220K(2712576K)->1399220K(2712576K)
[115.281s][info][gc,metaspace   ] GC(149) Metaspace: 121815K(127936K)->121815K(127936K) NonClass: 104403K(106176K)->104403K(106176K) Class: 17411K(21760K)->17411K(21760K)
[115.281s][info][gc             ] GC(149) Pause Young (Allocation Failure) 2715M->1373M(4002M) 2.047ms
[115.281s][info][gc,cpu         ] GC(149) User=0.00s Sys=0.00s Real=0.00s
[115.374s][info][gc,start       ] GC(150) Pause Young (Allocation Failure)
[115.375s][info][gc,heap        ] GC(150) PSYoungGen: 1382781K(1385984K)->7605K(1385984K) Eden: 1375232K(1375232K)->0K(1375232K) From: 7549K(10752K)->7605K(10752K)
[115.375s][info][gc,heap        ] GC(150) ParOldGen: 1399220K(2712576K)->1399220K(2712576K)
[115.376s][info][gc,metaspace   ] GC(150) Metaspace: 121823K(127936K)->121823K(127936K) NonClass: 104411K(106176K)->104411K(106176K) Class: 17411K(21760K)->17411K(21760K)
[115.376s][info][gc             ] GC(150) Pause Young (Allocation Failure) 2716M->1373M(4002M) 2.022ms
[115.376s][info][gc,cpu         ] GC(150) User=0.00s Sys=0.00s Real=0.00s
[115.468s][info][gc,start       ] GC(151) Pause Young (Allocation Failure)
[115.470s][info][gc,heap        ] GC(151) PSYoungGen: 1382837K(1385984K)->7820K(1386496K) Eden: 1375232K(1375232K)->0K(1376256K) From: 7605K(10752K)->7820K(10240K)
[115.470s][info][gc,heap        ] GC(151) ParOldGen: 1399220K(2712576K)->1399220K(2712576K)
[115.470s][info][gc,metaspace   ] GC(151) Metaspace: 121824K(127936K)->121824K(127936K) NonClass: 104412K(106176K)->104412K(106176K) Class: 17411K(21760K)->17411K(21760K)
[115.470s][info][gc             ] GC(151) Pause Young (Allocation Failure) 2716M->1374M(4003M) 2.161ms
[115.470s][info][gc,cpu         ] GC(151) User=0.00s Sys=0.00s Real=0.00s
[116.254s][info][gc,start       ] GC(152) Pause Young (System.gc())
[116.257s][info][gc,heap        ] GC(152) PSYoungGen: 1269924K(1386496K)->8630K(1386496K) Eden: 1262103K(1376256K)->0K(1376256K) From: 7820K(10240K)->8630K(10240K)
[116.257s][info][gc,heap        ] GC(152) ParOldGen: 1399220K(2712576K)->1399228K(2712576K)
[116.257s][info][gc,metaspace   ] GC(152) Metaspace: 121879K(127936K)->121879K(127936K) NonClass: 104467K(106176K)->104467K(106176K) Class: 17411K(21760K)->17411K(21760K)
[116.257s][info][gc             ] GC(152) Pause Young (System.gc()) 2606M->1374M(4003M) 2.927ms
[116.257s][info][gc,cpu         ] GC(152) User=0.00s Sys=0.00s Real=0.00s
[116.257s][info][gc,start       ] GC(153) Pause Full (System.gc())
[116.257s][info][gc,phases,start] GC(153) Marking Phase
[116.307s][info][gc,phases      ] GC(153) Marking Phase 49.288ms
[116.307s][info][gc,phases,start] GC(153) Summary Phase
[116.307s][info][gc,phases      ] GC(153) Summary Phase 0.037ms
[116.307s][info][gc,phases,start] GC(153) Adjust Roots
[116.320s][info][gc,phases      ] GC(153) Adjust Roots 13.231ms
[116.320s][info][gc,phases,start] GC(153) Compaction Phase
[116.429s][info][gc,phases      ] GC(153) Compaction Phase 108.858ms
[116.429s][info][gc,phases,start] GC(153) Post Compact
[116.436s][info][gc,phases      ] GC(153) Post Compact 7.402ms
[116.436s][info][gc,heap        ] GC(153) PSYoungGen: 8630K(1386496K)->0K(1386496K) Eden: 0K(1376256K)->0K(1376256K) From: 8630K(10240K)->0K(10240K)
[116.436s][info][gc,heap        ] GC(153) ParOldGen: 1399228K(2712576K)->1399330K(2712576K)
[116.436s][info][gc,metaspace   ] GC(153) Metaspace: 121879K(127936K)->121879K(127936K) NonClass: 104467K(106176K)->104467K(106176K) Class: 17411K(21760K)->17411K(21760K)
[116.436s][info][gc             ] GC(153) Pause Full (System.gc()) 1374M->1366M(4003M) 179.130ms
[116.436s][info][gc,cpu         ] GC(153) User=4.67s Sys=0.00s Real=0.17s
[116.657s][info][gc,start       ] GC(154) Pause Young (Allocation Failure)
[116.659s][info][gc,heap        ] GC(154) PSYoungGen: 1376256K(1386496K)->7421K(1387008K) Eden: 1376256K(1376256K)->0K(1376768K) From: 0K(10240K)->7421K(10240K)
[116.659s][info][gc,heap        ] GC(154) ParOldGen: 1399330K(2712576K)->1399338K(2712576K)
[116.659s][info][gc,metaspace   ] GC(154) Metaspace: 122203K(127936K)->122203K(127936K) NonClass: 104791K(106176K)->104791K(106176K) Class: 17411K(21760K)->17411K(21760K)
[116.659s][info][gc             ] GC(154) Pause Young (Allocation Failure) 2710M->1373M(4003M) 2.396ms
[116.659s][info][gc,cpu         ] GC(154) User=0.00s Sys=0.00s Real=0.00s
[116.753s][info][gc,start       ] GC(155) Pause Young (Allocation Failure)
[116.756s][info][gc,heap        ] GC(155) PSYoungGen: 1384189K(1387008K)->7549K(1387008K) Eden: 1376768K(1376768K)->0K(1376768K) From: 7421K(10240K)->7549K(10240K)
[116.756s][info][gc,heap        ] GC(155) ParOldGen: 1399338K(2712576K)->1399338K(2712576K)
[116.756s][info][gc,metaspace   ] GC(155) Metaspace: 122204K(127936K)->122204K(127936K) NonClass: 104792K(106176K)->104792K(106176K) Class: 17411K(21760K)->17411K(21760K)
[116.756s][info][gc             ] GC(155) Pause Young (Allocation Failure) 2718M->1373M(4003M) 2.252ms
[116.756s][info][gc,cpu         ] GC(155) User=0.56s Sys=0.00s Real=0.02s
[116.848s][info][gc,start       ] GC(156) Pause Young (Allocation Failure)
[116.850s][info][gc,heap        ] GC(156) PSYoungGen: 1384317K(1387008K)->7485K(1386496K) Eden: 1376768K(1376768K)->0K(1377280K) From: 7549K(10240K)->7485K(9216K)
[116.850s][info][gc,heap        ] GC(156) ParOldGen: 1399338K(2712576K)->1399338K(2712576K)
[116.850s][info][gc,metaspace   ] GC(156) Metaspace: 122204K(127936K)->122204K(127936K) NonClass: 104792K(106176K)->104792K(106176K) Class: 17411K(21760K)->17411K(21760K)
[116.850s][info][gc             ] GC(156) Pause Young (Allocation Failure) 2718M->1373M(4003M) 2.305ms
[116.850s][info][gc,cpu         ] GC(156) User=0.55s Sys=0.02s Real=0.01s
[116.943s][info][gc,start       ] GC(157) Pause Young (Allocation Failure)
[116.945s][info][gc,heap        ] GC(157) PSYoungGen: 1384765K(1386496K)->7485K(1387008K) Eden: 1377280K(1377280K)->0K(1377280K) From: 7485K(9216K)->7485K(9728K)
[116.945s][info][gc,heap        ] GC(157) ParOldGen: 1399338K(2712576K)->1399338K(2712576K)
[116.945s][info][gc,metaspace   ] GC(157) Metaspace: 122204K(127936K)->122204K(127936K) NonClass: 104792K(106176K)->104792K(106176K) Class: 17411K(21760K)->17411K(21760K)
[116.945s][info][gc             ] GC(157) Pause Young (Allocation Failure) 2718M->1373M(4003M) 2.107ms
[116.945s][info][gc,cpu         ] GC(157) User=0.00s Sys=0.00s Real=0.00s
[117.037s][info][gc,start       ] GC(158) Pause Young (Allocation Failure)
[117.039s][info][gc,heap        ] GC(158) PSYoungGen: 1384765K(1387008K)->7485K(1388032K) Eden: 1377280K(1377280K)->0K(1378304K) From: 7485K(9728K)->7485K(9728K)
[117.039s][info][gc,heap        ] GC(158) ParOldGen: 1399338K(2712576K)->1399338K(2712576K)
[117.039s][info][gc,metaspace   ] GC(158) Metaspace: 122204K(127936K)->122204K(127936K) NonClass: 104792K(106176K)->104792K(106176K) Class: 17411K(21760K)->17411K(21760K)
[117.039s][info][gc             ] GC(158) Pause Young (Allocation Failure) 2718M->1373M(4004M) 2.256ms
[117.039s][info][gc,cpu         ] GC(158) User=0.00s Sys=0.00s Real=0.00s
[117.132s][info][gc,start       ] GC(159) Pause Young (Allocation Failure)
[117.134s][info][gc,heap        ] GC(159) PSYoungGen: 1385789K(1388032K)->7549K(1388032K) Eden: 1378304K(1378304K)->0K(1378304K) From: 7485K(9728K)->7549K(9728K)
[117.134s][info][gc,heap        ] GC(159) ParOldGen: 1399338K(2712576K)->1399338K(2712576K)
[117.134s][info][gc,metaspace   ] GC(159) Metaspace: 122204K(127936K)->122204K(127936K) NonClass: 104792K(106176K)->104792K(106176K) Class: 17411K(21760K)->17411K(21760K)
[117.134s][info][gc             ] GC(159) Pause Young (Allocation Failure) 2719M->1373M(4004M) 2.060ms
[117.134s][info][gc,cpu         ] GC(159) User=0.00s Sys=0.00s Real=0.00s
[117.226s][info][gc,start       ] GC(160) Pause Young (Allocation Failure)
[117.228s][info][gc,heap        ] GC(160) PSYoungGen: 1385853K(1388032K)->7517K(1387008K) Eden: 1378304K(1378304K)->0K(1378304K) From: 7549K(9728K)->7517K(8704K)
[117.228s][info][gc,heap        ] GC(160) ParOldGen: 1399338K(2712576K)->1399338K(2712576K)
[117.228s][info][gc,metaspace   ] GC(160) Metaspace: 122204K(127936K)->122204K(127936K) NonClass: 104792K(106176K)->104792K(106176K) Class: 17411K(21760K)->17411K(21760K)
[117.228s][info][gc             ] GC(160) Pause Young (Allocation Failure) 2719M->1373M(4003M) 2.076ms
[117.228s][info][gc,cpu         ] GC(160) User=0.00s Sys=0.00s Real=0.00s
[117.320s][info][gc,start       ] GC(161) Pause Young (Allocation Failure)
[117.322s][info][gc,heap        ] GC(161) PSYoungGen: 1385821K(1387008K)->7549K(1387520K) Eden: 1378304K(1378304K)->0K(1378304K) From: 7517K(8704K)->7549K(9216K)
[117.322s][info][gc,heap        ] GC(161) ParOldGen: 1399338K(2712576K)->1399338K(2712576K)
[117.322s][info][gc,metaspace   ] GC(161) Metaspace: 122204K(127936K)->122204K(127936K) NonClass: 104792K(106176K)->104792K(106176K) Class: 17411K(21760K)->17411K(21760K)
[117.322s][info][gc             ] GC(161) Pause Young (Allocation Failure) 2719M->1373M(4004M) 2.127ms
[117.322s][info][gc,cpu         ] GC(161) User=0.00s Sys=0.00s Real=0.00s
[117.414s][info][gc,start       ] GC(162) Pause Young (Allocation Failure)
[117.416s][info][gc,heap        ] GC(162) PSYoungGen: 1385853K(1387520K)->7517K(1388544K) Eden: 1378304K(1378304K)->0K(1379328K) From: 7549K(9216K)->7517K(9216K)
[117.416s][info][gc,heap        ] GC(162) ParOldGen: 1399338K(2712576K)->1399338K(2712576K)
[117.416s][info][gc,metaspace   ] GC(162) Metaspace: 122204K(127936K)->122204K(127936K) NonClass: 104792K(106176K)->104792K(106176K) Class: 17411K(21760K)->17411K(21760K)
[117.416s][info][gc             ] GC(162) Pause Young (Allocation Failure) 2719M->1373M(4005M) 2.036ms
[117.416s][info][gc,cpu         ] GC(162) User=0.00s Sys=0.00s Real=0.00s
[117.508s][info][gc,start       ] GC(163) Pause Young (Allocation Failure)
[117.510s][info][gc,heap        ] GC(163) PSYoungGen: 1386845K(1388544K)->7605K(1388544K) Eden: 1379328K(1379328K)->0K(1379328K) From: 7517K(9216K)->7605K(9216K)
[117.510s][info][gc,heap        ] GC(163) ParOldGen: 1399338K(2712576K)->1399338K(2712576K)
[117.510s][info][gc,metaspace   ] GC(163) Metaspace: 122204K(127936K)->122204K(127936K) NonClass: 104792K(106176K)->104792K(106176K) Class: 17411K(21760K)->17411K(21760K)
[117.510s][info][gc             ] GC(163) Pause Young (Allocation Failure) 2720M->1373M(4005M) 2.157ms
[117.510s][info][gc,cpu         ] GC(163) User=0.02s Sys=0.00s Real=0.02s
[117.603s][info][gc,start       ] GC(164) Pause Young (Allocation Failure)
[117.605s][info][gc,heap        ] GC(164) PSYoungGen: 1386933K(1388544K)->7940K(1388544K) Eden: 1379328K(1379328K)->0K(1379328K) From: 7605K(9216K)->7940K(9216K)
[117.605s][info][gc,heap        ] GC(164) ParOldGen: 1399338K(2712576K)->1399338K(2712576K)
[117.605s][info][gc,metaspace   ] GC(164) Metaspace: 122204K(127936K)->122204K(127936K) NonClass: 104792K(106176K)->104792K(106176K) Class: 17411K(21760K)->17411K(21760K)
[117.605s][info][gc             ] GC(164) Pause Young (Allocation Failure) 2720M->1374M(4005M) 1.919ms
[117.605s][info][gc,cpu         ] GC(164) User=0.00s Sys=0.00s Real=0.00s
[118.246s][info][gc,start       ] GC(165) Pause Young (System.gc())
[118.248s][info][gc,heap        ] GC(165) PSYoungGen: 1203536K(1388544K)->8726K(1388544K) Eden: 1195595K(1379328K)->0K(1379328K) From: 7940K(9216K)->8726K(9216K)
[118.248s][info][gc,heap        ] GC(165) ParOldGen: 1399338K(2712576K)->1399346K(2712576K)
[118.248s][info][gc,metaspace   ] GC(165) Metaspace: 122368K(128000K)->122368K(128000K) NonClass: 104955K(106240K)->104955K(106240K) Class: 17412K(21760K)->17412K(21760K)
[118.248s][info][gc             ] GC(165) Pause Young (System.gc()) 2541M->1375M(4005M) 2.827ms
[118.248s][info][gc,cpu         ] GC(165) User=0.00s Sys=0.00s Real=0.00s
[118.249s][info][gc,start       ] GC(166) Pause Full (System.gc())
[118.249s][info][gc,phases,start] GC(166) Marking Phase
[118.297s][info][gc,phases      ] GC(166) Marking Phase 48.446ms
[118.297s][info][gc,phases,start] GC(166) Summary Phase
[118.297s][info][gc,phases      ] GC(166) Summary Phase 0.044ms
[118.297s][info][gc,phases,start] GC(166) Adjust Roots
[118.313s][info][gc,phases      ] GC(166) Adjust Roots 16.315ms
[118.313s][info][gc,phases,start] GC(166) Compaction Phase
[118.423s][info][gc,phases      ] GC(166) Compaction Phase 109.083ms
[118.423s][info][gc,phases,start] GC(166) Post Compact
[118.430s][info][gc,phases      ] GC(166) Post Compact 7.489ms
[118.430s][info][gc,heap        ] GC(166) PSYoungGen: 8726K(1388544K)->0K(1388544K) Eden: 0K(1379328K)->0K(1379328K) From: 8726K(9216K)->0K(9216K)
[118.430s][info][gc,heap        ] GC(166) ParOldGen: 1399346K(2712576K)->1399510K(2712576K)
[118.430s][info][gc,metaspace   ] GC(166) Metaspace: 122368K(128000K)->122368K(128000K) NonClass: 104955K(106240K)->104955K(106240K) Class: 17412K(21760K)->17412K(21760K)
[118.430s][info][gc             ] GC(166) Pause Full (System.gc()) 1375M->1366M(4005M) 181.661ms
[118.430s][info][gc,cpu         ] GC(166) User=4.61s Sys=0.03s Real=0.19s
[118.604s][info][gc,start       ] GC(167) Pause Young (Allocation Failure)
[118.606s][info][gc,heap        ] GC(167) PSYoungGen: 1379328K(1388544K)->7453K(1388544K) Eden: 1379328K(1379328K)->0K(1379328K) From: 0K(9216K)->7453K(9216K)
[118.606s][info][gc,heap        ] GC(167) ParOldGen: 1399510K(2712576K)->1399518K(2712576K)
[118.606s][info][gc,metaspace   ] GC(167) Metaspace: 122504K(128000K)->122504K(128000K) NonClass: 105092K(106240K)->105092K(106240K) Class: 17412K(21760K)->17412K(21760K)
[118.606s][info][gc             ] GC(167) Pause Young (Allocation Failure) 2713M->1373M(4005M) 2.272ms
[118.606s][info][gc,cpu         ] GC(167) User=0.00s Sys=0.00s Real=0.00s
[118.699s][info][gc,start       ] GC(168) Pause Young (Allocation Failure)
[118.701s][info][gc,heap        ] GC(168) PSYoungGen: 1386781K(1388544K)->7549K(1388544K) Eden: 1379328K(1379328K)->0K(1379328K) From: 7453K(9216K)->7549K(9216K)
[118.701s][info][gc,heap        ] GC(168) ParOldGen: 1399518K(2712576K)->1399518K(2712576K)
[118.701s][info][gc,metaspace   ] GC(168) Metaspace: 122522K(128000K)->122522K(128000K) NonClass: 105110K(106240K)->105110K(106240K) Class: 17412K(21760K)->17412K(21760K)
[118.701s][info][gc             ] GC(168) Pause Young (Allocation Failure) 2720M->1374M(4005M) 2.051ms
[118.701s][info][gc,cpu         ] GC(168) User=0.56s Sys=0.00s Real=0.02s
[118.794s][info][gc,start       ] GC(169) Pause Young (Allocation Failure)
[118.796s][info][gc,heap        ] GC(169) PSYoungGen: 1386877K(1388544K)->7581K(1388544K) Eden: 1379328K(1379328K)->0K(1379328K) From: 7549K(9216K)->7581K(9216K)
[118.796s][info][gc,heap        ] GC(169) ParOldGen: 1399518K(2712576K)->1399518K(2712576K)
[118.796s][info][gc,metaspace   ] GC(169) Metaspace: 122522K(128000K)->122522K(128000K) NonClass: 105110K(106240K)->105110K(106240K) Class: 17412K(21760K)->17412K(21760K)
[118.796s][info][gc             ] GC(169) Pause Young (Allocation Failure) 2721M->1374M(4005M) 1.986ms
[118.796s][info][gc,cpu         ] GC(169) User=0.02s Sys=0.00s Real=0.02s
[118.887s][info][gc,start       ] GC(170) Pause Young (Allocation Failure)
[118.889s][info][gc,heap        ] GC(170) PSYoungGen: 1386909K(1388544K)->7613K(1388544K) Eden: 1379328K(1379328K)->0K(1379328K) From: 7581K(9216K)->7613K(9216K)
[118.889s][info][gc,heap        ] GC(170) ParOldGen: 1399518K(2712576K)->1399518K(2712576K)
[118.889s][info][gc,metaspace   ] GC(170) Metaspace: 122522K(128000K)->122522K(128000K) NonClass: 105110K(106240K)->105110K(106240K) Class: 17412K(21760K)->17412K(21760K)
[118.889s][info][gc             ] GC(170) Pause Young (Allocation Failure) 2721M->1374M(4005M) 2.029ms
[118.890s][info][gc,cpu         ] GC(170) User=0.00s Sys=0.00s Real=0.00s
[118.981s][info][gc,start       ] GC(171) Pause Young (Allocation Failure)
[118.983s][info][gc,heap        ] GC(171) PSYoungGen: 1386941K(1388544K)->7613K(1387520K) Eden: 1379328K(1379328K)->0K(1379328K) From: 7613K(9216K)->7613K(8192K)
[118.983s][info][gc,heap        ] GC(171) ParOldGen: 1399518K(2712576K)->1399518K(2712576K)
[118.983s][info][gc,metaspace   ] GC(171) Metaspace: 122522K(128000K)->122522K(128000K) NonClass: 105110K(106240K)->105110K(106240K) Class: 17412K(21760K)->17412K(21760K)
[118.983s][info][gc             ] GC(171) Pause Young (Allocation Failure) 2721M->1374M(4004M) 2.193ms
[118.983s][info][gc,cpu         ] GC(171) User=0.00s Sys=0.00s Real=0.00s
[119.075s][info][gc,start       ] GC(172) Pause Young (Allocation Failure)
[119.077s][info][gc,heap        ] GC(172) PSYoungGen: 1386941K(1387520K)->7517K(1388032K) Eden: 1379328K(1379328K)->0K(1379328K) From: 7613K(8192K)->7517K(8704K)
[119.077s][info][gc,heap        ] GC(172) ParOldGen: 1399518K(2712576K)->1399518K(2712576K)
[119.077s][info][gc,metaspace   ] GC(172) Metaspace: 122522K(128000K)->122522K(128000K) NonClass: 105110K(106240K)->105110K(106240K) Class: 17412K(21760K)->17412K(21760K)
[119.077s][info][gc             ] GC(172) Pause Young (Allocation Failure) 2721M->1374M(4004M) 2.002ms
[119.077s][info][gc,cpu         ] GC(172) User=0.00s Sys=0.00s Real=0.00s
[119.169s][info][gc,start       ] GC(173) Pause Young (Allocation Failure)
[119.170s][info][gc,heap        ] GC(173) PSYoungGen: 1386845K(1388032K)->7613K(1389056K) Eden: 1379328K(1379328K)->0K(1380352K) From: 7517K(8704K)->7613K(8704K)
[119.171s][info][gc,heap        ] GC(173) ParOldGen: 1399518K(2712576K)->1399518K(2712576K)
[119.171s][info][gc,metaspace   ] GC(173) Metaspace: 122522K(128000K)->122522K(128000K) NonClass: 105110K(106240K)->105110K(106240K) Class: 17412K(21760K)->17412K(21760K)
[119.171s][info][gc             ] GC(173) Pause Young (Allocation Failure) 2721M->1374M(4005M) 1.981ms
[119.171s][info][gc,cpu         ] GC(173) User=0.00s Sys=0.00s Real=0.00s
[119.262s][info][gc,start       ] GC(174) Pause Young (Allocation Failure)
[119.264s][info][gc,heap        ] GC(174) PSYoungGen: 1387965K(1389056K)->7421K(1389056K) Eden: 1380352K(1380352K)->0K(1380352K) From: 7613K(8704K)->7421K(8704K)
[119.264s][info][gc,heap        ] GC(174) ParOldGen: 1399518K(2712576K)->1399518K(2712576K)
[119.264s][info][gc,metaspace   ] GC(174) Metaspace: 122522K(128000K)->122522K(128000K) NonClass: 105110K(106240K)->105110K(106240K) Class: 17412K(21760K)->17412K(21760K)
[119.264s][info][gc             ] GC(174) Pause Young (Allocation Failure) 2722M->1373M(4005M) 2.062ms
[119.264s][info][gc,cpu         ] GC(174) User=0.00s Sys=0.00s Real=0.00s
[119.355s][info][gc,start       ] GC(175) Pause Young (Allocation Failure)
[119.358s][info][gc,heap        ] GC(175) PSYoungGen: 1387773K(1389056K)->7517K(1389056K) Eden: 1380352K(1380352K)->0K(1380352K) From: 7421K(8704K)->7517K(8704K)
[119.358s][info][gc,heap        ] GC(175) ParOldGen: 1399518K(2712576K)->1399518K(2712576K)
[119.358s][info][gc,metaspace   ] GC(175) Metaspace: 122522K(128000K)->122522K(128000K) NonClass: 105110K(106240K)->105110K(106240K) Class: 17412K(21760K)->17412K(21760K)
[119.358s][info][gc             ] GC(175) Pause Young (Allocation Failure) 2721M->1374M(4005M) 2.084ms
[119.358s][info][gc,cpu         ] GC(175) User=0.00s Sys=0.00s Real=0.00s
[119.449s][info][gc,start       ] GC(176) Pause Young (Allocation Failure)
[119.451s][info][gc,heap        ] GC(176) PSYoungGen: 1387869K(1389056K)->7637K(1389056K) Eden: 1380352K(1380352K)->0K(1380352K) From: 7517K(8704K)->7637K(8704K)
[119.451s][info][gc,heap        ] GC(176) ParOldGen: 1399518K(2712576K)->1399518K(2712576K)
[119.451s][info][gc,metaspace   ] GC(176) Metaspace: 122522K(128000K)->122522K(128000K) NonClass: 105110K(106240K)->105110K(106240K) Class: 17412K(21760K)->17412K(21760K)
[119.451s][info][gc             ] GC(176) Pause Young (Allocation Failure) 2722M->1374M(4005M) 2.005ms
[119.451s][info][gc,cpu         ] GC(176) User=0.00s Sys=0.00s Real=0.00s
[119.544s][info][gc,start       ] GC(177) Pause Young (Allocation Failure)
[119.546s][info][gc,heap        ] GC(177) PSYoungGen: 1387989K(1389056K)->7748K(1389056K) Eden: 1380352K(1380352K)->0K(1380352K) From: 7637K(8704K)->7748K(8704K)
[119.546s][info][gc,heap        ] GC(177) ParOldGen: 1399518K(2712576K)->1399518K(2712576K)
[119.546s][info][gc,metaspace   ] GC(177) Metaspace: 122523K(128000K)->122523K(128000K) NonClass: 105110K(106240K)->105110K(106240K) Class: 17412K(21760K)->17412K(21760K)
[119.546s][info][gc             ] GC(177) Pause Young (Allocation Failure) 2722M->1374M(4005M) 1.928ms
[119.546s][info][gc,cpu         ] GC(177) User=0.00s Sys=0.00s Real=0.00s
[120.220s][info][gc,start       ] GC(178) Pause Young (System.gc())
[120.223s][info][gc,heap        ] GC(178) PSYoungGen: 1170408K(1389056K)->8647K(1389056K) Eden: 1162659K(1380352K)->0K(1380352K) From: 7748K(8704K)->8647K(8704K)
[120.223s][info][gc,heap        ] GC(178) ParOldGen: 1399518K(2712576K)->1399526K(2712576K)
[120.223s][info][gc,metaspace   ] GC(178) Metaspace: 122615K(128064K)->122615K(128064K) NonClass: 105201K(106304K)->105201K(106304K) Class: 17414K(21760K)->17414K(21760K)
[120.223s][info][gc             ] GC(178) Pause Young (System.gc()) 2509M->1375M(4005M) 3.285ms
[120.223s][info][gc,cpu         ] GC(178) User=0.00s Sys=0.00s Real=0.00s
[120.223s][info][gc,start       ] GC(179) Pause Full (System.gc())
[120.223s][info][gc,phases,start] GC(179) Marking Phase
[120.288s][info][gc,phases      ] GC(179) Marking Phase 64.722ms
[120.288s][info][gc,phases,start] GC(179) Summary Phase
[120.288s][info][gc,phases      ] GC(179) Summary Phase 0.040ms
[120.288s][info][gc,phases,start] GC(179) Adjust Roots
[120.304s][info][gc,phases      ] GC(179) Adjust Roots 15.991ms
[120.304s][info][gc,phases,start] GC(179) Compaction Phase
[120.414s][info][gc,phases      ] GC(179) Compaction Phase 110.080ms
[120.414s][info][gc,phases,start] GC(179) Post Compact
[120.422s][info][gc,phases      ] GC(179) Post Compact 7.463ms
[120.422s][info][gc,heap        ] GC(179) PSYoungGen: 8647K(1389056K)->0K(1389056K) Eden: 0K(1380352K)->0K(1380352K) From: 8647K(8704K)->0K(8704K)
[120.422s][info][gc,heap        ] GC(179) ParOldGen: 1399526K(2712576K)->1399658K(2712576K)
[120.422s][info][gc,metaspace   ] GC(179) Metaspace: 122615K(128064K)->122615K(128064K) NonClass: 105201K(106304K)->105201K(106304K) Class: 17414K(21760K)->17414K(21760K)
[120.422s][info][gc             ] GC(179) Pause Full (System.gc()) 1375M->1366M(4005M) 198.634ms
[120.422s][info][gc,cpu         ] GC(179) User=5.19s Sys=0.00s Real=0.20s
[120.592s][info][gc,start       ] GC(180) Pause Young (Allocation Failure)
[120.594s][info][gc,heap        ] GC(180) PSYoungGen: 1380352K(1389056K)->7485K(1389056K) Eden: 1380352K(1380352K)->0K(1380352K) From: 0K(8704K)->7485K(8704K)
[120.594s][info][gc,heap        ] GC(180) ParOldGen: 1399658K(2712576K)->1399666K(2712576K)
[120.594s][info][gc,metaspace   ] GC(180) Metaspace: 122773K(128128K)->122773K(128128K) NonClass: 105358K(106368K)->105358K(106368K) Class: 17414K(21760K)->17414K(21760K)
[120.594s][info][gc             ] GC(180) Pause Young (Allocation Failure) 2714M->1374M(4005M) 2.263ms
[120.594s][info][gc,cpu         ] GC(180) User=0.00s Sys=0.00s Real=0.00s
[120.686s][info][gc,start       ] GC(181) Pause Young (Allocation Failure)
[120.688s][info][gc,heap        ] GC(181) PSYoungGen: 1387837K(1389056K)->7517K(1389056K) Eden: 1380352K(1380352K)->0K(1380352K) From: 7485K(8704K)->7517K(8704K)
[120.688s][info][gc,heap        ] GC(181) ParOldGen: 1399666K(2712576K)->1399666K(2712576K)
[120.688s][info][gc,metaspace   ] GC(181) Metaspace: 122773K(128128K)->122773K(128128K) NonClass: 105358K(106368K)->105358K(106368K) Class: 17414K(21760K)->17414K(21760K)
[120.688s][info][gc             ] GC(181) Pause Young (Allocation Failure) 2722M->1374M(4005M) 2.037ms
[120.688s][info][gc,cpu         ] GC(181) User=0.02s Sys=0.00s Real=0.02s
[120.780s][info][gc,start       ] GC(182) Pause Young (Allocation Failure)
[120.782s][info][gc,heap        ] GC(182) PSYoungGen: 1387869K(1389056K)->7581K(1389056K) Eden: 1380352K(1380352K)->0K(1380352K) From: 7517K(8704K)->7581K(8704K)
[120.782s][info][gc,heap        ] GC(182) ParOldGen: 1399666K(2712576K)->1399666K(2712576K)
[120.782s][info][gc,metaspace   ] GC(182) Metaspace: 122773K(128128K)->122773K(128128K) NonClass: 105358K(106368K)->105358K(106368K) Class: 17414K(21760K)->17414K(21760K)
[120.782s][info][gc             ] GC(182) Pause Young (Allocation Failure) 2722M->1374M(4005M) 2.138ms
[120.782s][info][gc,cpu         ] GC(182) User=0.00s Sys=0.00s Real=0.00s
[120.873s][info][gc,start       ] GC(183) Pause Young (Allocation Failure)
[120.875s][info][gc,heap        ] GC(183) PSYoungGen: 1387933K(1389056K)->7453K(1389056K) Eden: 1380352K(1380352K)->0K(1380352K) From: 7581K(8704K)->7453K(8704K)
[120.875s][info][gc,heap        ] GC(183) ParOldGen: 1399666K(2712576K)->1399666K(2712576K)
[120.875s][info][gc,metaspace   ] GC(183) Metaspace: 122773K(128128K)->122773K(128128K) NonClass: 105358K(106368K)->105358K(106368K) Class: 17414K(21760K)->17414K(21760K)
[120.875s][info][gc             ] GC(183) Pause Young (Allocation Failure) 2722M->1374M(4005M) 2.129ms
[120.875s][info][gc,cpu         ] GC(183) User=0.00s Sys=0.00s Real=0.00s
[120.967s][info][gc,start       ] GC(184) Pause Young (Allocation Failure)
[120.969s][info][gc,heap        ] GC(184) PSYoungGen: 1387805K(1389056K)->7517K(1389056K) Eden: 1380352K(1380352K)->0K(1380352K) From: 7453K(8704K)->7517K(8704K)
[120.969s][info][gc,heap        ] GC(184) ParOldGen: 1399666K(2712576K)->1399666K(2712576K)
[120.969s][info][gc,metaspace   ] GC(184) Metaspace: 122773K(128128K)->122773K(128128K) NonClass: 105358K(106368K)->105358K(106368K) Class: 17414K(21760K)->17414K(21760K)
[120.969s][info][gc             ] GC(184) Pause Young (Allocation Failure) 2722M->1374M(4005M) 2.021ms
[120.969s][info][gc,cpu         ] GC(184) User=0.00s Sys=0.00s Real=0.00s
[121.061s][info][gc,start       ] GC(185) Pause Young (Allocation Failure)
[121.063s][info][gc,heap        ] GC(185) PSYoungGen: 1387869K(1389056K)->7581K(1389056K) Eden: 1380352K(1380352K)->0K(1380352K) From: 7517K(8704K)->7581K(8704K)
[121.063s][info][gc,heap        ] GC(185) ParOldGen: 1399666K(2712576K)->1399666K(2712576K)
[121.063s][info][gc,metaspace   ] GC(185) Metaspace: 122773K(128128K)->122773K(128128K) NonClass: 105358K(106368K)->105358K(106368K) Class: 17414K(21760K)->17414K(21760K)
[121.063s][info][gc             ] GC(185) Pause Young (Allocation Failure) 2722M->1374M(4005M) 1.995ms
[121.063s][info][gc,cpu         ] GC(185) User=0.00s Sys=0.00s Real=0.00s
[121.155s][info][gc,start       ] GC(186) Pause Young (Allocation Failure)
[121.157s][info][gc,heap        ] GC(186) PSYoungGen: 1387933K(1389056K)->7581K(1389056K) Eden: 1380352K(1380352K)->0K(1380352K) From: 7581K(8704K)->7581K(8704K)
[121.157s][info][gc,heap        ] GC(186) ParOldGen: 1399666K(2712576K)->1399666K(2712576K)
[121.157s][info][gc,metaspace   ] GC(186) Metaspace: 122773K(128128K)->122773K(128128K) NonClass: 105358K(106368K)->105358K(106368K) Class: 17414K(21760K)->17414K(21760K)
[121.157s][info][gc             ] GC(186) Pause Young (Allocation Failure) 2722M->1374M(4005M) 2.140ms
[121.157s][info][gc,cpu         ] GC(186) User=0.00s Sys=0.00s Real=0.00s
[121.248s][info][gc,start       ] GC(187) Pause Young (Allocation Failure)
[121.250s][info][gc,heap        ] GC(187) PSYoungGen: 1387933K(1389056K)->7453K(1389056K) Eden: 1380352K(1380352K)->0K(1380352K) From: 7581K(8704K)->7453K(8704K)
[121.250s][info][gc,heap        ] GC(187) ParOldGen: 1399666K(2712576K)->1399666K(2712576K)
[121.250s][info][gc,metaspace   ] GC(187) Metaspace: 122773K(128128K)->122773K(128128K) NonClass: 105358K(106368K)->105358K(106368K) Class: 17414K(21760K)->17414K(21760K)
[121.250s][info][gc             ] GC(187) Pause Young (Allocation Failure) 2722M->1374M(4005M) 2.015ms
[121.250s][info][gc,cpu         ] GC(187) User=0.52s Sys=0.00s Real=0.02s
[121.342s][info][gc,start       ] GC(188) Pause Young (Allocation Failure)
[121.344s][info][gc,heap        ] GC(188) PSYoungGen: 1387805K(1389056K)->7485K(1388032K) Eden: 1380352K(1380352K)->0K(1380352K) From: 7453K(8704K)->7485K(7680K)
[121.344s][info][gc,heap        ] GC(188) ParOldGen: 1399666K(2712576K)->1399666K(2712576K)
[121.344s][info][gc,metaspace   ] GC(188) Metaspace: 122773K(128128K)->122773K(128128K) NonClass: 105358K(106368K)->105358K(106368K) Class: 17414K(21760K)->17414K(21760K)
[121.344s][info][gc             ] GC(188) Pause Young (Allocation Failure) 2722M->1374M(4004M) 2.138ms
[121.344s][info][gc,cpu         ] GC(188) User=0.52s Sys=0.00s Real=0.01s
[121.436s][info][gc,start       ] GC(189) Pause Young (Allocation Failure)
[121.438s][info][gc,heap        ] GC(189) PSYoungGen: 1387837K(1388032K)->7596K(1388544K) Eden: 1380352K(1380352K)->0K(1380352K) From: 7485K(7680K)->7596K(8192K)
[121.438s][info][gc,heap        ] GC(189) ParOldGen: 1399666K(2712576K)->1399666K(2712576K)
[121.438s][info][gc,metaspace   ] GC(189) Metaspace: 122773K(128128K)->122773K(128128K) NonClass: 105358K(106368K)->105358K(106368K) Class: 17414K(21760K)->17414K(21760K)
[121.438s][info][gc             ] GC(189) Pause Young (Allocation Failure) 2722M->1374M(4005M) 2.104ms
[121.438s][info][gc,cpu         ] GC(189) User=0.03s Sys=0.00s Real=0.02s
[121.531s][info][gc,start       ] GC(190) Pause Young (Allocation Failure)
[121.539s][info][gc,heap        ] GC(190) PSYoungGen: 1387948K(1388544K)->7948K(1388544K) Eden: 1380352K(1380352K)->0K(1380352K) From: 7596K(8192K)->7948K(8192K)
[121.539s][info][gc,heap        ] GC(190) ParOldGen: 1399666K(2712576K)->1399666K(2712576K)
[121.539s][info][gc,metaspace   ] GC(190) Metaspace: 122773K(128128K)->122773K(128128K) NonClass: 105358K(106368K)->105358K(106368K) Class: 17414K(21760K)->17414K(21760K)
[121.539s][info][gc             ] GC(190) Pause Young (Allocation Failure) 2722M->1374M(4005M) 8.763ms
[121.539s][info][gc,cpu         ] GC(190) User=0.50s Sys=0.02s Real=0.02s
[122.228s][info][gc,start       ] GC(191) Pause Young (System.gc())
[122.231s][info][gc,heap        ] GC(191) PSYoungGen: 1153450K(1388544K)->8384K(1389056K) Eden: 1145501K(1380352K)->0K(1380352K) From: 7948K(8192K)->8384K(8704K)
[122.231s][info][gc,heap        ] GC(191) ParOldGen: 1399666K(2712576K)->1399674K(2712576K)
[122.231s][info][gc,metaspace   ] GC(191) Metaspace: 122866K(128192K)->122866K(128192K) NonClass: 105451K(106432K)->105451K(106432K) Class: 17415K(21760K)->17415K(21760K)
[122.231s][info][gc             ] GC(191) Pause Young (System.gc()) 2493M->1375M(4005M) 2.968ms
[122.231s][info][gc,cpu         ] GC(191) User=0.00s Sys=0.00s Real=0.00s
[122.231s][info][gc,start       ] GC(192) Pause Full (System.gc())
[122.231s][info][gc,phases,start] GC(192) Marking Phase
[122.295s][info][gc,phases      ] GC(192) Marking Phase 63.844ms
[122.295s][info][gc,phases,start] GC(192) Summary Phase
[122.295s][info][gc,phases      ] GC(192) Summary Phase 0.037ms
[122.295s][info][gc,phases,start] GC(192) Adjust Roots
[122.306s][info][gc,phases      ] GC(192) Adjust Roots 10.570ms
[122.306s][info][gc,phases,start] GC(192) Compaction Phase
[122.417s][info][gc,phases      ] GC(192) Compaction Phase 111.310ms
[122.417s][info][gc,phases,start] GC(192) Post Compact
[122.425s][info][gc,phases      ] GC(192) Post Compact 7.326ms
[122.425s][info][gc,heap        ] GC(192) PSYoungGen: 8384K(1389056K)->0K(1389056K) Eden: 0K(1380352K)->0K(1380352K) From: 8384K(8704K)->0K(8704K)
[122.425s][info][gc,heap        ] GC(192) ParOldGen: 1399674K(2712576K)->1399815K(2712576K)
[122.425s][info][gc,metaspace   ] GC(192) Metaspace: 122866K(128192K)->122866K(128192K) NonClass: 105451K(106432K)->105451K(106432K) Class: 17415K(21760K)->17415K(21760K)
[122.425s][info][gc             ] GC(192) Pause Full (System.gc()) 1375M->1367M(4005M) 193.391ms
[122.425s][info][gc,cpu         ] GC(192) User=4.59s Sys=0.00s Real=0.19s
[122.614s][info][gc,start       ] GC(193) Pause Young (Allocation Failure)
[122.617s][info][gc,heap        ] GC(193) PSYoungGen: 1380352K(1389056K)->7357K(1389056K) Eden: 1380352K(1380352K)->0K(1380352K) From: 0K(8704K)->7357K(8704K)
[122.617s][info][gc,heap        ] GC(193) ParOldGen: 1399815K(2712576K)->1399823K(2712576K)
[122.617s][info][gc,metaspace   ] GC(193) Metaspace: 123044K(128320K)->123044K(128320K) NonClass: 105628K(106560K)->105628K(106560K) Class: 17415K(21760K)->17415K(21760K)
[122.617s][info][gc             ] GC(193) Pause Young (Allocation Failure) 2715M->1374M(4005M) 2.488ms
[122.617s][info][gc,cpu         ] GC(193) User=0.55s Sys=0.00s Real=0.02s
[122.709s][info][gc,start       ] GC(194) Pause Young (Allocation Failure)
[122.711s][info][gc,heap        ] GC(194) PSYoungGen: 1387709K(1389056K)->7453K(1389056K) Eden: 1380352K(1380352K)->0K(1380352K) From: 7357K(8704K)->7453K(8704K)
[122.711s][info][gc,heap        ] GC(194) ParOldGen: 1399823K(2712576K)->1399823K(2712576K)
[122.712s][info][gc,metaspace   ] GC(194) Metaspace: 123044K(128320K)->123044K(128320K) NonClass: 105628K(106560K)->105628K(106560K) Class: 17415K(21760K)->17415K(21760K)
[122.712s][info][gc             ] GC(194) Pause Young (Allocation Failure) 2722M->1374M(4005M) 2.116ms
[122.712s][info][gc,cpu         ] GC(194) User=0.00s Sys=0.00s Real=0.00s
[122.804s][info][gc,start       ] GC(195) Pause Young (Allocation Failure)
[122.838s][info][gc,heap        ] GC(195) PSYoungGen: 1387805K(1389056K)->7581K(1389056K) Eden: 1380352K(1380352K)->0K(1380352K) From: 7453K(8704K)->7581K(8704K)
[122.838s][info][gc,heap        ] GC(195) ParOldGen: 1399823K(2712576K)->1399823K(2712576K)
[122.838s][info][gc,metaspace   ] GC(195) Metaspace: 123044K(128320K)->123044K(128320K) NonClass: 105628K(106560K)->105628K(106560K) Class: 17415K(21760K)->17415K(21760K)
[122.838s][info][gc             ] GC(195) Pause Young (Allocation Failure) 2722M->1374M(4005M) 34.266ms
[122.838s][info][gc,cpu         ] GC(195) User=0.06s Sys=0.02s Real=0.05s
[122.933s][info][gc,start       ] GC(196) Pause Young (Allocation Failure)
[122.935s][info][gc,heap        ] GC(196) PSYoungGen: 1387933K(1389056K)->7581K(1389056K) Eden: 1380352K(1380352K)->0K(1380352K) From: 7581K(8704K)->7581K(8704K)
[122.935s][info][gc,heap        ] GC(196) ParOldGen: 1399823K(2712576K)->1399823K(2712576K)
[122.935s][info][gc,metaspace   ] GC(196) Metaspace: 123046K(128320K)->123046K(128320K) NonClass: 105630K(106560K)->105630K(106560K) Class: 17415K(21760K)->17415K(21760K)
[122.935s][info][gc             ] GC(196) Pause Young (Allocation Failure) 2722M->1374M(4005M) 2.066ms
[122.935s][info][gc,cpu         ] GC(196) User=0.00s Sys=0.00s Real=0.00s
[123.027s][info][gc,start       ] GC(197) Pause Young (Allocation Failure)
[123.029s][info][gc,heap        ] GC(197) PSYoungGen: 1387933K(1389056K)->7709K(1389056K) Eden: 1380352K(1380352K)->0K(1380352K) From: 7581K(8704K)->7709K(8704K)
[123.029s][info][gc,heap        ] GC(197) ParOldGen: 1399823K(2712576K)->1399823K(2712576K)
[123.029s][info][gc,metaspace   ] GC(197) Metaspace: 123046K(128320K)->123046K(128320K) NonClass: 105630K(106560K)->105630K(106560K) Class: 17415K(21760K)->17415K(21760K)
[123.029s][info][gc             ] GC(197) Pause Young (Allocation Failure) 2722M->1374M(4005M) 2.064ms
[123.029s][info][gc,cpu         ] GC(197) User=0.00s Sys=0.00s Real=0.00s
[123.121s][info][gc,start       ] GC(198) Pause Young (Allocation Failure)
[123.123s][info][gc,heap        ] GC(198) PSYoungGen: 1388061K(1389056K)->7677K(1388032K) Eden: 1380352K(1380352K)->0K(1380352K) From: 7709K(8704K)->7677K(7680K)
[123.123s][info][gc,heap        ] GC(198) ParOldGen: 1399823K(2712576K)->1399823K(2712576K)
[123.123s][info][gc,metaspace   ] GC(198) Metaspace: 123046K(128320K)->123046K(128320K) NonClass: 105630K(106560K)->105630K(106560K) Class: 17415K(21760K)->17415K(21760K)
[123.123s][info][gc             ] GC(198) Pause Young (Allocation Failure) 2722M->1374M(4004M) 2.282ms
[123.123s][info][gc,cpu         ] GC(198) User=0.02s Sys=0.02s Real=0.02s
[123.215s][info][gc,start       ] GC(199) Pause Young (Allocation Failure)
[123.217s][info][gc,heap        ] GC(199) PSYoungGen: 1388029K(1388032K)->7709K(1388544K) Eden: 1380352K(1380352K)->0K(1380352K) From: 7677K(7680K)->7709K(8192K)
[123.217s][info][gc,heap        ] GC(199) ParOldGen: 1399823K(2712576K)->1399823K(2712576K)
[123.217s][info][gc,metaspace   ] GC(199) Metaspace: 123046K(128320K)->123046K(128320K) NonClass: 105630K(106560K)->105630K(106560K) Class: 17415K(21760K)->17415K(21760K)
[123.217s][info][gc             ] GC(199) Pause Young (Allocation Failure) 2722M->1374M(4005M) 2.169ms
[123.217s][info][gc,cpu         ] GC(199) User=0.00s Sys=0.00s Real=0.00s
[123.308s][info][gc,start       ] GC(200) Pause Young (Allocation Failure)
[123.310s][info][gc,heap        ] GC(200) PSYoungGen: 1388061K(1388544K)->7709K(1388544K) Eden: 1380352K(1380352K)->0K(1380352K) From: 7709K(8192K)->7709K(8192K)
[123.310s][info][gc,heap        ] GC(200) ParOldGen: 1399823K(2712576K)->1399823K(2712576K)
[123.310s][info][gc,metaspace   ] GC(200) Metaspace: 123046K(128320K)->123046K(128320K) NonClass: 105630K(106560K)->105630K(106560K) Class: 17415K(21760K)->17415K(21760K)
[123.310s][info][gc             ] GC(200) Pause Young (Allocation Failure) 2722M->1374M(4005M) 2.093ms
[123.311s][info][gc,cpu         ] GC(200) User=0.00s Sys=0.00s Real=0.00s
[123.402s][info][gc,start       ] GC(201) Pause Young (Allocation Failure)
[123.404s][info][gc,heap        ] GC(201) PSYoungGen: 1388061K(1388544K)->8117K(1388544K) Eden: 1380352K(1380352K)->0K(1380352K) From: 7709K(8192K)->8117K(8192K)
[123.404s][info][gc,heap        ] GC(201) ParOldGen: 1399823K(2712576K)->1399823K(2712576K)
[123.404s][info][gc,metaspace   ] GC(201) Metaspace: 123050K(128320K)->123050K(128320K) NonClass: 105635K(106560K)->105635K(106560K) Class: 17415K(21760K)->17415K(21760K)
[123.404s][info][gc             ] GC(201) Pause Young (Allocation Failure) 2722M->1374M(4005M) 2.011ms
[123.404s][info][gc,cpu         ] GC(201) User=0.00s Sys=0.00s Real=0.00s
[123.496s][info][gc,start       ] GC(202) Pause Young (Allocation Failure)
[123.498s][info][gc,heap        ] GC(202) PSYoungGen: 1388469K(1388544K)->7829K(1389056K) Eden: 1380352K(1380352K)->0K(1380352K) From: 8117K(8192K)->7829K(8704K)
[123.498s][info][gc,heap        ] GC(202) ParOldGen: 1399823K(2712576K)->1399823K(2712576K)
[123.498s][info][gc,metaspace   ] GC(202) Metaspace: 123050K(128320K)->123050K(128320K) NonClass: 105635K(106560K)->105635K(106560K) Class: 17415K(21760K)->17415K(21760K)
[123.498s][info][gc             ] GC(202) Pause Young (Allocation Failure) 2722M->1374M(4005M) 1.978ms
[123.498s][info][gc,cpu         ] GC(202) User=0.00s Sys=0.00s Real=0.00s
[123.591s][info][gc,start       ] GC(203) Pause Young (Allocation Failure)
[123.593s][info][gc,heap        ] GC(203) PSYoungGen: 1388181K(1389056K)->7876K(1389056K) Eden: 1380352K(1380352K)->0K(1380352K) From: 7829K(8704K)->7876K(8704K)
[123.593s][info][gc,heap        ] GC(203) ParOldGen: 1399823K(2712576K)->1399831K(2712576K)
[123.593s][info][gc,metaspace   ] GC(203) Metaspace: 123070K(128320K)->123070K(128320K) NonClass: 105654K(106560K)->105654K(106560K) Class: 17415K(21760K)->17415K(21760K)
[123.593s][info][gc             ] GC(203) Pause Young (Allocation Failure) 2722M->1374M(4005M) 1.969ms
[123.593s][info][gc,cpu         ] GC(203) User=0.00s Sys=0.00s Real=0.00s
[124.208s][info][gc,start       ] GC(204) Pause Young (System.gc())
[124.210s][info][gc,heap        ] GC(204) PSYoungGen: 1173991K(1389056K)->8632K(1389056K) Eden: 1166115K(1380352K)->0K(1380352K) From: 7876K(8704K)->8632K(8704K)
[124.210s][info][gc,heap        ] GC(204) ParOldGen: 1399831K(2712576K)->1399839K(2712576K)
[124.210s][info][gc,metaspace   ] GC(204) Metaspace: 123085K(128320K)->123085K(128320K) NonClass: 105669K(106560K)->105669K(106560K) Class: 17415K(21760K)->17415K(21760K)
[124.211s][info][gc             ] GC(204) Pause Young (System.gc()) 2513M->1375M(4005M) 2.982ms
[124.211s][info][gc,cpu         ] GC(204) User=0.52s Sys=0.00s Real=0.02s
[124.211s][info][gc,start       ] GC(205) Pause Full (System.gc())
[124.211s][info][gc,phases,start] GC(205) Marking Phase
[124.262s][info][gc,phases      ] GC(205) Marking Phase 51.769ms
[124.263s][info][gc,phases,start] GC(205) Summary Phase
[124.263s][info][gc,phases      ] GC(205) Summary Phase 0.038ms
[124.263s][info][gc,phases,start] GC(205) Adjust Roots
[124.279s][info][gc,phases      ] GC(205) Adjust Roots 16.010ms
[124.279s][info][gc,phases,start] GC(205) Compaction Phase
[124.388s][info][gc,phases      ] GC(205) Compaction Phase 109.082ms
[124.388s][info][gc,phases,start] GC(205) Post Compact
[124.395s][info][gc,phases      ] GC(205) Post Compact 7.325ms
[124.395s][info][gc,heap        ] GC(205) PSYoungGen: 8632K(1389056K)->0K(1389056K) Eden: 0K(1380352K)->0K(1380352K) From: 8632K(8704K)->0K(8704K)
[124.395s][info][gc,heap        ] GC(205) ParOldGen: 1399839K(2712576K)->1399904K(2712576K)
[124.395s][info][gc,metaspace   ] GC(205) Metaspace: 123085K(128320K)->123085K(128320K) NonClass: 105669K(106560K)->105669K(106560K) Class: 17415K(21760K)->17415K(21760K)
[124.395s][info][gc             ] GC(205) Pause Full (System.gc()) 1375M->1367M(4005M) 184.496ms
[124.395s][info][gc,cpu         ] GC(205) User=4.58s Sys=0.00s Real=0.17s
[124.571s][info][gc,start       ] GC(206) Pause Young (Allocation Failure)
[124.573s][info][gc,heap        ] GC(206) PSYoungGen: 1380352K(1389056K)->7421K(1389056K) Eden: 1380352K(1380352K)->0K(1380352K) From: 0K(8704K)->7421K(8704K)
[124.573s][info][gc,heap        ] GC(206) ParOldGen: 1399904K(2712576K)->1399912K(2712576K)
[124.573s][info][gc,metaspace   ] GC(206) Metaspace: 123226K(128384K)->123226K(128384K) NonClass: 105810K(106624K)->105810K(106624K) Class: 17415K(21760K)->17415K(21760K)
[124.573s][info][gc             ] GC(206) Pause Young (Allocation Failure) 2715M->1374M(4005M) 2.225ms
[124.573s][info][gc,cpu         ] GC(206) User=0.00s Sys=0.00s Real=0.00s
[124.665s][info][gc,start       ] GC(207) Pause Young (Allocation Failure)
[124.667s][info][gc,heap        ] GC(207) PSYoungGen: 1387773K(1389056K)->7389K(1389056K) Eden: 1380352K(1380352K)->0K(1380352K) From: 7421K(8704K)->7389K(8704K)
[124.667s][info][gc,heap        ] GC(207) ParOldGen: 1399912K(2712576K)->1399912K(2712576K)
[124.667s][info][gc,metaspace   ] GC(207) Metaspace: 123226K(128384K)->123226K(128384K) NonClass: 105810K(106624K)->105810K(106624K) Class: 17415K(21760K)->17415K(21760K)
[124.667s][info][gc             ] GC(207) Pause Young (Allocation Failure) 2722M->1374M(4005M) 2.007ms
[124.667s][info][gc,cpu         ] GC(207) User=0.00s Sys=0.00s Real=0.00s
[124.759s][info][gc,start       ] GC(208) Pause Young (Allocation Failure)
[124.761s][info][gc,heap        ] GC(208) PSYoungGen: 1387741K(1389056K)->7581K(1389056K) Eden: 1380352K(1380352K)->0K(1380352K) From: 7389K(8704K)->7581K(8704K)
[124.761s][info][gc,heap        ] GC(208) ParOldGen: 1399912K(2712576K)->1399912K(2712576K)
[124.761s][info][gc,metaspace   ] GC(208) Metaspace: 123226K(128384K)->123226K(128384K) NonClass: 105810K(106624K)->105810K(106624K) Class: 17415K(21760K)->17415K(21760K)
[124.761s][info][gc             ] GC(208) Pause Young (Allocation Failure) 2722M->1374M(4005M) 2.194ms
[124.761s][info][gc,cpu         ] GC(208) User=0.00s Sys=0.00s Real=0.00s
[124.852s][info][gc,start       ] GC(209) Pause Young (Allocation Failure)
[124.854s][info][gc,heap        ] GC(209) PSYoungGen: 1387933K(1389056K)->7485K(1389056K) Eden: 1380352K(1380352K)->0K(1380352K) From: 7581K(8704K)->7485K(8704K)
[124.854s][info][gc,heap        ] GC(209) ParOldGen: 1399912K(2712576K)->1399912K(2712576K)
[124.854s][info][gc,metaspace   ] GC(209) Metaspace: 123226K(128384K)->123226K(128384K) NonClass: 105810K(106624K)->105810K(106624K) Class: 17415K(21760K)->17415K(21760K)
[124.854s][info][gc             ] GC(209) Pause Young (Allocation Failure) 2722M->1374M(4005M) 2.054ms
[124.854s][info][gc,cpu         ] GC(209) User=0.00s Sys=0.00s Real=0.00s
[124.946s][info][gc,start       ] GC(210) Pause Young (Allocation Failure)
[124.948s][info][gc,heap        ] GC(210) PSYoungGen: 1387837K(1389056K)->7517K(1389056K) Eden: 1380352K(1380352K)->0K(1380352K) From: 7485K(8704K)->7517K(8704K)
[124.948s][info][gc,heap        ] GC(210) ParOldGen: 1399912K(2712576K)->1399912K(2712576K)
[124.948s][info][gc,metaspace   ] GC(210) Metaspace: 123226K(128384K)->123226K(128384K) NonClass: 105810K(106624K)->105810K(106624K) Class: 17415K(21760K)->17415K(21760K)
[124.948s][info][gc             ] GC(210) Pause Young (Allocation Failure) 2722M->1374M(4005M) 1.952ms
[124.948s][info][gc,cpu         ] GC(210) User=0.00s Sys=0.00s Real=0.00s
[125.039s][info][gc,start       ] GC(211) Pause Young (Allocation Failure)
[125.041s][info][gc,heap        ] GC(211) PSYoungGen: 1387869K(1389056K)->7485K(1389056K) Eden: 1380352K(1380352K)->0K(1380352K) From: 7517K(8704K)->7485K(8704K)
[125.041s][info][gc,heap        ] GC(211) ParOldGen: 1399912K(2712576K)->1399912K(2712576K)
[125.041s][info][gc,metaspace   ] GC(211) Metaspace: 123226K(128384K)->123226K(128384K) NonClass: 105810K(106624K)->105810K(106624K) Class: 17415K(21760K)->17415K(21760K)
[125.041s][info][gc             ] GC(211) Pause Young (Allocation Failure) 2722M->1374M(4005M) 2.050ms
[125.041s][info][gc,cpu         ] GC(211) User=0.00s Sys=0.00s Real=0.00s
[125.133s][info][gc,start       ] GC(212) Pause Young (Allocation Failure)
[125.135s][info][gc,heap        ] GC(212) PSYoungGen: 1387837K(1389056K)->7517K(1389056K) Eden: 1380352K(1380352K)->0K(1380352K) From: 7485K(8704K)->7517K(8704K)
[125.135s][info][gc,heap        ] GC(212) ParOldGen: 1399912K(2712576K)->1399912K(2712576K)
[125.135s][info][gc,metaspace   ] GC(212) Metaspace: 123226K(128384K)->123226K(128384K) NonClass: 105810K(106624K)->105810K(106624K) Class: 17415K(21760K)->17415K(21760K)
[125.135s][info][gc             ] GC(212) Pause Young (Allocation Failure) 2722M->1374M(4005M) 2.014ms
[125.135s][info][gc,cpu         ] GC(212) User=0.00s Sys=0.00s Real=0.00s
[125.226s][info][gc,start       ] GC(213) Pause Young (Allocation Failure)
[125.228s][info][gc,heap        ] GC(213) PSYoungGen: 1387869K(1389056K)->7581K(1389056K) Eden: 1380352K(1380352K)->0K(1380352K) From: 7517K(8704K)->7581K(8704K)
[125.228s][info][gc,heap        ] GC(213) ParOldGen: 1399912K(2712576K)->1399912K(2712576K)
[125.228s][info][gc,metaspace   ] GC(213) Metaspace: 123226K(128384K)->123226K(128384K) NonClass: 105810K(106624K)->105810K(106624K) Class: 17415K(21760K)->17415K(21760K)
[125.228s][info][gc             ] GC(213) Pause Young (Allocation Failure) 2722M->1374M(4005M) 1.980ms
[125.228s][info][gc,cpu         ] GC(213) User=0.00s Sys=0.00s Real=0.00s
[125.320s][info][gc,start       ] GC(214) Pause Young (Allocation Failure)
[125.322s][info][gc,heap        ] GC(214) PSYoungGen: 1387933K(1389056K)->7549K(1389056K) Eden: 1380352K(1380352K)->0K(1380352K) From: 7581K(8704K)->7549K(8704K)
[125.322s][info][gc,heap        ] GC(214) ParOldGen: 1399912K(2712576K)->1399912K(2712576K)
[125.322s][info][gc,metaspace   ] GC(214) Metaspace: 123226K(128384K)->123226K(128384K) NonClass: 105810K(106624K)->105810K(106624K) Class: 17415K(21760K)->17415K(21760K)
[125.322s][info][gc             ] GC(214) Pause Young (Allocation Failure) 2722M->1374M(4005M) 2.017ms
[125.322s][info][gc,cpu         ] GC(214) User=0.00s Sys=0.00s Real=0.00s
[125.413s][info][gc,start       ] GC(215) Pause Young (Allocation Failure)
[125.415s][info][gc,heap        ] GC(215) PSYoungGen: 1387901K(1389056K)->7573K(1388032K) Eden: 1380352K(1380352K)->0K(1380352K) From: 7549K(8704K)->7573K(7680K)
[125.415s][info][gc,heap        ] GC(215) ParOldGen: 1399912K(2712576K)->1399912K(2712576K)
[125.415s][info][gc,metaspace   ] GC(215) Metaspace: 123226K(128384K)->123226K(128384K) NonClass: 105810K(106624K)->105810K(106624K) Class: 17415K(21760K)->17415K(21760K)
[125.415s][info][gc             ] GC(215) Pause Young (Allocation Failure) 2722M->1374M(4004M) 2.120ms
[125.415s][info][gc,cpu         ] GC(215) User=0.00s Sys=0.00s Real=0.00s
[125.507s][info][gc,start       ] GC(216) Pause Young (Allocation Failure)
[125.509s][info][gc,heap        ] GC(216) PSYoungGen: 1387925K(1388032K)->7532K(1388544K) Eden: 1380352K(1380352K)->0K(1380352K) From: 7573K(7680K)->7532K(8192K)
[125.509s][info][gc,heap        ] GC(216) ParOldGen: 1399912K(2712576K)->1399912K(2712576K)
[125.509s][info][gc,metaspace   ] GC(216) Metaspace: 123226K(128384K)->123226K(128384K) NonClass: 105810K(106624K)->105810K(106624K) Class: 17415K(21760K)->17415K(21760K)
[125.509s][info][gc             ] GC(216) Pause Young (Allocation Failure) 2722M->1374M(4005M) 1.996ms
[125.509s][info][gc,cpu         ] GC(216) User=0.00s Sys=0.00s Real=0.00s
[126.184s][info][gc,start       ] GC(217) Pause Young (System.gc())
[126.186s][info][gc,heap        ] GC(217) PSYoungGen: 1156382K(1388544K)->8174K(1388544K) Eden: 1148849K(1380352K)->0K(1380352K) From: 7532K(8192K)->8174K(8192K)
[126.187s][info][gc,heap        ] GC(217) ParOldGen: 1399912K(2712576K)->1400155K(2712576K)
[126.187s][info][gc,metaspace   ] GC(217) Metaspace: 123263K(128448K)->123263K(128448K) NonClass: 105847K(106688K)->105847K(106688K) Class: 17416K(21760K)->17416K(21760K)
[126.187s][info][gc             ] GC(217) Pause Young (System.gc()) 2496M->1375M(4005M) 2.827ms
[126.187s][info][gc,cpu         ] GC(217) User=0.52s Sys=0.00s Real=0.02s
[126.187s][info][gc,start       ] GC(218) Pause Full (System.gc())
[126.187s][info][gc,phases,start] GC(218) Marking Phase
[126.247s][info][gc,phases      ] GC(218) Marking Phase 60.183ms
[126.247s][info][gc,phases,start] GC(218) Summary Phase
[126.247s][info][gc,phases      ] GC(218) Summary Phase 0.048ms
[126.247s][info][gc,phases,start] GC(218) Adjust Roots
[126.264s][info][gc,phases      ] GC(218) Adjust Roots 17.185ms
[126.264s][info][gc,phases,start] GC(218) Compaction Phase
[126.376s][info][gc,phases      ] GC(218) Compaction Phase 111.322ms
[126.376s][info][gc,phases,start] GC(218) Post Compact
[126.383s][info][gc,phases      ] GC(218) Post Compact 7.387ms
[126.383s][info][gc,heap        ] GC(218) PSYoungGen: 8174K(1388544K)->0K(1388544K) Eden: 0K(1380352K)->0K(1380352K) From: 8174K(8192K)->0K(8192K)
[126.383s][info][gc,heap        ] GC(218) ParOldGen: 1400155K(2712576K)->1399949K(2712576K)
[126.383s][info][gc,metaspace   ] GC(218) Metaspace: 123263K(128448K)->123263K(128448K) NonClass: 105847K(106688K)->105847K(106688K) Class: 17416K(21760K)->17416K(21760K)
[126.383s][info][gc             ] GC(218) Pause Full (System.gc()) 1375M->1367M(4005M) 196.397ms
[126.383s][info][gc,cpu         ] GC(218) User=4.78s Sys=0.00s Real=0.19s
[126.550s][info][gc,start       ] GC(219) Pause Young (Allocation Failure)
[126.552s][info][gc,heap        ] GC(219) PSYoungGen: 1380352K(1388544K)->7229K(1389056K) Eden: 1380352K(1380352K)->0K(1380352K) From: 0K(8192K)->7229K(8704K)
[126.552s][info][gc,heap        ] GC(219) ParOldGen: 1399949K(2712576K)->1399957K(2712576K)
[126.552s][info][gc,metaspace   ] GC(219) Metaspace: 123454K(128576K)->123454K(128576K) NonClass: 106037K(106816K)->106037K(106816K) Class: 17416K(21760K)->17416K(21760K)
[126.552s][info][gc             ] GC(219) Pause Young (Allocation Failure) 2715M->1374M(4005M) 2.380ms
[126.552s][info][gc,cpu         ] GC(219) User=0.00s Sys=0.00s Real=0.00s
[126.645s][info][gc,start       ] GC(220) Pause Young (Allocation Failure)
[126.648s][info][gc,heap        ] GC(220) PSYoungGen: 1387581K(1389056K)->7581K(1389056K) Eden: 1380352K(1380352K)->0K(1380352K) From: 7229K(8704K)->7581K(8704K)
[126.648s][info][gc,heap        ] GC(220) ParOldGen: 1399957K(2712576K)->1399957K(2712576K)
[126.648s][info][gc,metaspace   ] GC(220) Metaspace: 123454K(128576K)->123454K(128576K) NonClass: 106037K(106816K)->106037K(106816K) Class: 17416K(21760K)->17416K(21760K)
[126.648s][info][gc             ] GC(220) Pause Young (Allocation Failure) 2722M->1374M(4005M) 2.374ms
[126.648s][info][gc,cpu         ] GC(220) User=0.00s Sys=0.00s Real=0.00s
[126.740s][info][gc,start       ] GC(221) Pause Young (Allocation Failure)
[126.742s][info][gc,heap        ] GC(221) PSYoungGen: 1387933K(1389056K)->7453K(1389056K) Eden: 1380352K(1380352K)->0K(1380352K) From: 7581K(8704K)->7453K(8704K)
[126.742s][info][gc,heap        ] GC(221) ParOldGen: 1399957K(2712576K)->1399957K(2712576K)
[126.742s][info][gc,metaspace   ] GC(221) Metaspace: 123454K(128576K)->123454K(128576K) NonClass: 106037K(106816K)->106037K(106816K) Class: 17416K(21760K)->17416K(21760K)
[126.742s][info][gc             ] GC(221) Pause Young (Allocation Failure) 2722M->1374M(4005M) 2.127ms
[126.742s][info][gc,cpu         ] GC(221) User=0.00s Sys=0.00s Real=0.00s
[126.834s][info][gc,start       ] GC(222) Pause Young (Allocation Failure)
[126.836s][info][gc,heap        ] GC(222) PSYoungGen: 1387805K(1389056K)->7517K(1389056K) Eden: 1380352K(1380352K)->0K(1380352K) From: 7453K(8704K)->7517K(8704K)
[126.836s][info][gc,heap        ] GC(222) ParOldGen: 1399957K(2712576K)->1399957K(2712576K)
[126.836s][info][gc,metaspace   ] GC(222) Metaspace: 123454K(128576K)->123454K(128576K) NonClass: 106037K(106816K)->106037K(106816K) Class: 17416K(21760K)->17416K(21760K)
[126.836s][info][gc             ] GC(222) Pause Young (Allocation Failure) 2722M->1374M(4005M) 2.036ms
[126.836s][info][gc,cpu         ] GC(222) User=0.00s Sys=0.00s Real=0.00s
[126.928s][info][gc,start       ] GC(223) Pause Young (Allocation Failure)
[126.930s][info][gc,heap        ] GC(223) PSYoungGen: 1387869K(1389056K)->7453K(1389056K) Eden: 1380352K(1380352K)->0K(1380352K) From: 7517K(8704K)->7453K(8704K)
[126.930s][info][gc,heap        ] GC(223) ParOldGen: 1399957K(2712576K)->1399957K(2712576K)
[126.930s][info][gc,metaspace   ] GC(223) Metaspace: 123454K(128576K)->123454K(128576K) NonClass: 106037K(106816K)->106037K(106816K) Class: 17416K(21760K)->17416K(21760K)
[126.930s][info][gc             ] GC(223) Pause Young (Allocation Failure) 2722M->1374M(4005M) 2.039ms
[126.930s][info][gc,cpu         ] GC(223) User=0.00s Sys=0.00s Real=0.00s
[127.021s][info][gc,start       ] GC(224) Pause Young (Allocation Failure)
[127.023s][info][gc,heap        ] GC(224) PSYoungGen: 1387805K(1389056K)->7517K(1388032K) Eden: 1380352K(1380352K)->0K(1380352K) From: 7453K(8704K)->7517K(7680K)
[127.024s][info][gc,heap        ] GC(224) ParOldGen: 1399957K(2712576K)->1399957K(2712576K)
[127.024s][info][gc,metaspace   ] GC(224) Metaspace: 123454K(128576K)->123454K(128576K) NonClass: 106037K(106816K)->106037K(106816K) Class: 17416K(21760K)->17416K(21760K)
[127.024s][info][gc             ] GC(224) Pause Young (Allocation Failure) 2722M->1374M(4004M) 2.223ms
[127.024s][info][gc,cpu         ] GC(224) User=0.00s Sys=0.00s Real=0.00s
[127.115s][info][gc,start       ] GC(225) Pause Young (Allocation Failure)
[127.117s][info][gc,heap        ] GC(225) PSYoungGen: 1387869K(1388032K)->7485K(1388544K) Eden: 1380352K(1380352K)->0K(1380352K) From: 7517K(7680K)->7485K(8192K)
[127.117s][info][gc,heap        ] GC(225) ParOldGen: 1399957K(2712576K)->1399957K(2712576K)
[127.117s][info][gc,metaspace   ] GC(225) Metaspace: 123454K(128576K)->123454K(128576K) NonClass: 106037K(106816K)->106037K(106816K) Class: 17416K(21760K)->17416K(21760K)
[127.117s][info][gc             ] GC(225) Pause Young (Allocation Failure) 2722M->1374M(4005M) 2.047ms
[127.117s][info][gc,cpu         ] GC(225) User=0.00s Sys=0.00s Real=0.00s
[127.209s][info][gc,start       ] GC(226) Pause Young (Allocation Failure)
[127.211s][info][gc,heap        ] GC(226) PSYoungGen: 1387837K(1388544K)->7517K(1388544K) Eden: 1380352K(1380352K)->0K(1380352K) From: 7485K(8192K)->7517K(8192K)
[127.211s][info][gc,heap        ] GC(226) ParOldGen: 1399957K(2712576K)->1399957K(2712576K)
[127.211s][info][gc,metaspace   ] GC(226) Metaspace: 123454K(128576K)->123454K(128576K) NonClass: 106037K(106816K)->106037K(106816K) Class: 17416K(21760K)->17416K(21760K)
[127.211s][info][gc             ] GC(226) Pause Young (Allocation Failure) 2722M->1374M(4005M) 2.049ms
[127.211s][info][gc,cpu         ] GC(226) User=0.00s Sys=0.00s Real=0.00s
[127.302s][info][gc,start       ] GC(227) Pause Young (Allocation Failure)
[127.304s][info][gc,heap        ] GC(227) PSYoungGen: 1387869K(1388544K)->7421K(1389568K) Eden: 1380352K(1380352K)->0K(1381376K) From: 7517K(8192K)->7421K(8192K)
[127.304s][info][gc,heap        ] GC(227) ParOldGen: 1399957K(2712576K)->1399957K(2712576K)
[127.304s][info][gc,metaspace   ] GC(227) Metaspace: 123454K(128576K)->123454K(128576K) NonClass: 106037K(106816K)->106037K(106816K) Class: 17416K(21760K)->17416K(21760K)
[127.304s][info][gc             ] GC(227) Pause Young (Allocation Failure) 2722M->1374M(4006M) 1.997ms
[127.304s][info][gc,cpu         ] GC(227) User=0.00s Sys=0.00s Real=0.00s
[127.396s][info][gc,start       ] GC(228) Pause Young (Allocation Failure)
[127.398s][info][gc,heap        ] GC(228) PSYoungGen: 1388797K(1389568K)->7453K(1389568K) Eden: 1381376K(1381376K)->0K(1381376K) From: 7421K(8192K)->7453K(8192K)
[127.398s][info][gc,heap        ] GC(228) ParOldGen: 1399957K(2712576K)->1399957K(2712576K)
[127.398s][info][gc,metaspace   ] GC(228) Metaspace: 123454K(128576K)->123454K(128576K) NonClass: 106037K(106816K)->106037K(106816K) Class: 17416K(21760K)->17416K(21760K)
[127.398s][info][gc             ] GC(228) Pause Young (Allocation Failure) 2723M->1374M(4006M) 2.073ms
[127.398s][info][gc,cpu         ] GC(228) User=0.00s Sys=0.00s Real=0.00s
[127.490s][info][gc,start       ] GC(229) Pause Young (Allocation Failure)
[127.492s][info][gc,heap        ] GC(229) PSYoungGen: 1388829K(1389568K)->7925K(1389568K) Eden: 1381376K(1381376K)->0K(1381376K) From: 7453K(8192K)->7925K(8192K)
[127.492s][info][gc,heap        ] GC(229) ParOldGen: 1399957K(2712576K)->1399957K(2712576K)
[127.492s][info][gc,metaspace   ] GC(229) Metaspace: 123454K(128576K)->123454K(128576K) NonClass: 106037K(106816K)->106037K(106816K) Class: 17416K(21760K)->17416K(21760K)
[127.492s][info][gc             ] GC(229) Pause Young (Allocation Failure) 2723M->1374M(4006M) 1.989ms
[127.492s][info][gc,cpu         ] GC(229) User=0.48s Sys=0.03s Real=0.02s
[128.143s][info][gc,start       ] GC(230) Pause Young (System.gc())
[128.146s][info][gc,heap        ] GC(230) PSYoungGen: 1153881K(1389568K)->8177K(1389568K) Eden: 1145955K(1381376K)->0K(1381376K) From: 7925K(8192K)->8177K(8192K)
[128.146s][info][gc,heap        ] GC(230) ParOldGen: 1399957K(2712576K)->1400192K(2712576K)
[128.146s][info][gc,metaspace   ] GC(230) Metaspace: 123563K(128704K)->123563K(128704K) NonClass: 106146K(106944K)->106146K(106944K) Class: 17416K(21760K)->17416K(21760K)
[128.146s][info][gc             ] GC(230) Pause Young (System.gc()) 2493M->1375M(4006M) 3.027ms
[128.146s][info][gc,cpu         ] GC(230) User=0.00s Sys=0.00s Real=0.00s
[128.146s][info][gc,start       ] GC(231) Pause Full (System.gc())
[128.146s][info][gc,phases,start] GC(231) Marking Phase
[128.201s][info][gc,phases      ] GC(231) Marking Phase 54.107ms
[128.201s][info][gc,phases,start] GC(231) Summary Phase
[128.201s][info][gc,phases      ] GC(231) Summary Phase 0.040ms
[128.201s][info][gc,phases,start] GC(231) Adjust Roots
[128.225s][info][gc,phases      ] GC(231) Adjust Roots 24.691ms
[128.225s][info][gc,phases,start] GC(231) Compaction Phase
[128.335s][info][gc,phases      ] GC(231) Compaction Phase 109.960ms
[128.335s][info][gc,phases,start] GC(231) Post Compact
[128.343s][info][gc,phases      ] GC(231) Post Compact 7.506ms
[128.343s][info][gc,heap        ] GC(231) PSYoungGen: 8177K(1389568K)->0K(1389568K) Eden: 0K(1381376K)->0K(1381376K) From: 8177K(8192K)->0K(8192K)
[128.343s][info][gc,heap        ] GC(231) ParOldGen: 1400192K(2712576K)->1400043K(2712576K)
[128.343s][info][gc,metaspace   ] GC(231) Metaspace: 123563K(128704K)->123563K(128704K) NonClass: 106146K(106944K)->106146K(106944K) Class: 17416K(21760K)->17416K(21760K)
[128.343s][info][gc             ] GC(231) Pause Full (System.gc()) 1375M->1367M(4006M) 196.626ms
[128.343s][info][gc,cpu         ] GC(231) User=4.56s Sys=0.00s Real=0.20s
[128.512s][info][gc,start       ] GC(232) Pause Young (Allocation Failure)
[128.515s][info][gc,heap        ] GC(232) PSYoungGen: 1381376K(1389568K)->7517K(1388544K) Eden: 1381376K(1381376K)->0K(1380352K) From: 0K(8192K)->7517K(8192K)
[128.515s][info][gc,heap        ] GC(232) ParOldGen: 1400043K(2712576K)->1400051K(2712576K)
[128.515s][info][gc,metaspace   ] GC(232) Metaspace: 123715K(128768K)->123715K(128768K) NonClass: 106298K(107008K)->106298K(107008K) Class: 17416K(21760K)->17416K(21760K)
[128.515s][info][gc             ] GC(232) Pause Young (Allocation Failure) 2716M->1374M(4005M) 2.263ms
[128.515s][info][gc,cpu         ] GC(232) User=0.00s Sys=0.00s Real=0.00s
[128.606s][info][gc,start       ] GC(233) Pause Young (Allocation Failure)
[128.608s][info][gc,heap        ] GC(233) PSYoungGen: 1387869K(1388544K)->7613K(1389056K) Eden: 1380352K(1380352K)->0K(1380352K) From: 7517K(8192K)->7613K(8704K)
[128.608s][info][gc,heap        ] GC(233) ParOldGen: 1400051K(2712576K)->1400051K(2712576K)
[128.608s][info][gc,metaspace   ] GC(233) Metaspace: 123715K(128768K)->123715K(128768K) NonClass: 106298K(107008K)->106298K(107008K) Class: 17416K(21760K)->17416K(21760K)
[128.608s][info][gc             ] GC(233) Pause Young (Allocation Failure) 2722M->1374M(4005M) 1.957ms
[128.608s][info][gc,cpu         ] GC(233) User=0.00s Sys=0.00s Real=0.00s
[128.700s][info][gc,start       ] GC(234) Pause Young (Allocation Failure)
[128.702s][info][gc,heap        ] GC(234) PSYoungGen: 1387965K(1389056K)->7613K(1389056K) Eden: 1380352K(1380352K)->0K(1380352K) From: 7613K(8704K)->7613K(8704K)
[128.702s][info][gc,heap        ] GC(234) ParOldGen: 1400051K(2712576K)->1400051K(2712576K)
[128.702s][info][gc,metaspace   ] GC(234) Metaspace: 123715K(128768K)->123715K(128768K) NonClass: 106298K(107008K)->106298K(107008K) Class: 17416K(21760K)->17416K(21760K)
[128.702s][info][gc             ] GC(234) Pause Young (Allocation Failure) 2722M->1374M(4005M) 2.071ms
[128.702s][info][gc,cpu         ] GC(234) User=0.00s Sys=0.00s Real=0.00s
[128.794s][info][gc,start       ] GC(235) Pause Young (Allocation Failure)
[128.797s][info][gc,heap        ] GC(235) PSYoungGen: 1387965K(1389056K)->7549K(1388032K) Eden: 1380352K(1380352K)->0K(1380352K) From: 7613K(8704K)->7549K(7680K)
[128.797s][info][gc,heap        ] GC(235) ParOldGen: 1400051K(2712576K)->1400051K(2712576K)
[128.797s][info][gc,metaspace   ] GC(235) Metaspace: 123715K(128768K)->123715K(128768K) NonClass: 106298K(107008K)->106298K(107008K) Class: 17416K(21760K)->17416K(21760K)
[128.797s][info][gc             ] GC(235) Pause Young (Allocation Failure) 2722M->1374M(4004M) 2.131ms
[128.797s][info][gc,cpu         ] GC(235) User=0.00s Sys=0.02s Real=0.02s
[128.888s][info][gc,start       ] GC(236) Pause Young (Allocation Failure)
[128.890s][info][gc,heap        ] GC(236) PSYoungGen: 1387901K(1388032K)->7677K(1388544K) Eden: 1380352K(1380352K)->0K(1380352K) From: 7549K(7680K)->7677K(8192K)
[128.890s][info][gc,heap        ] GC(236) ParOldGen: 1400051K(2712576K)->1400051K(2712576K)
[128.890s][info][gc,metaspace   ] GC(236) Metaspace: 123715K(128768K)->123715K(128768K) NonClass: 106298K(107008K)->106298K(107008K) Class: 17416K(21760K)->17416K(21760K)
[128.890s][info][gc             ] GC(236) Pause Young (Allocation Failure) 2722M->1374M(4005M) 2.086ms
[128.890s][info][gc,cpu         ] GC(236) User=0.03s Sys=0.00s Real=0.02s
[128.982s][info][gc,start       ] GC(237) Pause Young (Allocation Failure)
[128.984s][info][gc,heap        ] GC(237) PSYoungGen: 1388029K(1388544K)->7613K(1388544K) Eden: 1380352K(1380352K)->0K(1380352K) From: 7677K(8192K)->7613K(8192K)
[128.984s][info][gc,heap        ] GC(237) ParOldGen: 1400051K(2712576K)->1400051K(2712576K)
[128.984s][info][gc,metaspace   ] GC(237) Metaspace: 123715K(128768K)->123715K(128768K) NonClass: 106298K(107008K)->106298K(107008K) Class: 17416K(21760K)->17416K(21760K)
[128.984s][info][gc             ] GC(237) Pause Young (Allocation Failure) 2722M->1374M(4005M) 2.093ms
[128.984s][info][gc,cpu         ] GC(237) User=0.00s Sys=0.00s Real=0.00s
[129.075s][info][gc,start       ] GC(238) Pause Young (Allocation Failure)
[129.077s][info][gc,heap        ] GC(238) PSYoungGen: 1387965K(1388544K)->7613K(1389568K) Eden: 1380352K(1380352K)->0K(1381376K) From: 7613K(8192K)->7613K(8192K)
[129.077s][info][gc,heap        ] GC(238) ParOldGen: 1400051K(2712576K)->1400051K(2712576K)
[129.077s][info][gc,metaspace   ] GC(238) Metaspace: 123715K(128768K)->123715K(128768K) NonClass: 106298K(107008K)->106298K(107008K) Class: 17416K(21760K)->17416K(21760K)
[129.078s][info][gc             ] GC(238) Pause Young (Allocation Failure) 2722M->1374M(4006M) 2.026ms
[129.078s][info][gc,cpu         ] GC(238) User=0.00s Sys=0.00s Real=0.00s
[129.169s][info][gc,start       ] GC(239) Pause Young (Allocation Failure)
[129.171s][info][gc,heap        ] GC(239) PSYoungGen: 1388989K(1389568K)->7549K(1389568K) Eden: 1381376K(1381376K)->0K(1381376K) From: 7613K(8192K)->7549K(8192K)
[129.171s][info][gc,heap        ] GC(239) ParOldGen: 1400051K(2712576K)->1400051K(2712576K)
[129.172s][info][gc,metaspace   ] GC(239) Metaspace: 123715K(128768K)->123715K(128768K) NonClass: 106298K(107008K)->106298K(107008K) Class: 17416K(21760K)->17416K(21760K)
[129.172s][info][gc             ] GC(239) Pause Young (Allocation Failure) 2723M->1374M(4006M) 2.091ms
[129.172s][info][gc,cpu         ] GC(239) User=0.00s Sys=0.00s Real=0.00s
[129.263s][info][gc,start       ] GC(240) Pause Young (Allocation Failure)
[129.265s][info][gc,heap        ] GC(240) PSYoungGen: 1388925K(1389568K)->7701K(1389568K) Eden: 1381376K(1381376K)->0K(1381376K) From: 7549K(8192K)->7701K(8192K)
[129.265s][info][gc,heap        ] GC(240) ParOldGen: 1400051K(2712576K)->1400051K(2712576K)
[129.265s][info][gc,metaspace   ] GC(240) Metaspace: 123715K(128768K)->123715K(128768K) NonClass: 106298K(107008K)->106298K(107008K) Class: 17416K(21760K)->17416K(21760K)
[129.265s][info][gc             ] GC(240) Pause Young (Allocation Failure) 2723M->1374M(4006M) 2.007ms
[129.265s][info][gc,cpu         ] GC(240) User=0.52s Sys=0.00s Real=0.02s
[129.357s][info][gc,start       ] GC(241) Pause Young (Allocation Failure)
[129.359s][info][gc,heap        ] GC(241) PSYoungGen: 1389077K(1389568K)->7573K(1389568K) Eden: 1381376K(1381376K)->0K(1381376K) From: 7701K(8192K)->7573K(8192K)
[129.359s][info][gc,heap        ] GC(241) ParOldGen: 1400051K(2712576K)->1400051K(2712576K)
[129.359s][info][gc,metaspace   ] GC(241) Metaspace: 123715K(128768K)->123715K(128768K) NonClass: 106298K(107008K)->106298K(107008K) Class: 17416K(21760K)->17416K(21760K)
[129.359s][info][gc             ] GC(241) Pause Young (Allocation Failure) 2723M->1374M(4006M) 2.075ms
[129.359s][info][gc,cpu         ] GC(241) User=0.52s Sys=0.00s Real=0.01s
[129.451s][info][gc,start       ] GC(242) Pause Young (Allocation Failure)
[129.453s][info][gc,heap        ] GC(242) PSYoungGen: 1388949K(1389568K)->7692K(1389568K) Eden: 1381376K(1381376K)->0K(1381376K) From: 7573K(8192K)->7692K(8192K)
[129.453s][info][gc,heap        ] GC(242) ParOldGen: 1400051K(2712576K)->1400051K(2712576K)
[129.453s][info][gc,metaspace   ] GC(242) Metaspace: 123715K(128768K)->123715K(128768K) NonClass: 106298K(107008K)->106298K(107008K) Class: 17416K(21760K)->17416K(21760K)
[129.453s][info][gc             ] GC(242) Pause Young (Allocation Failure) 2723M->1374M(4006M) 2.052ms
[129.453s][info][gc,cpu         ] GC(242) User=0.52s Sys=0.00s Real=0.02s
[130.117s][info][gc,start       ] GC(243) Pause Young (System.gc())
[130.120s][info][gc,heap        ] GC(243) PSYoungGen: 1146034K(1389568K)->8184K(1389568K) Eden: 1138341K(1381376K)->0K(1381376K) From: 7692K(8192K)->8184K(8192K)
[130.120s][info][gc,heap        ] GC(243) ParOldGen: 1400051K(2712576K)->1400429K(2712576K)
[130.120s][info][gc,metaspace   ] GC(243) Metaspace: 123731K(128768K)->123731K(128768K) NonClass: 106314K(107008K)->106314K(107008K) Class: 17416K(21760K)->17416K(21760K)
[130.120s][info][gc             ] GC(243) Pause Young (System.gc()) 2486M->1375M(4006M) 3.052ms
[130.121s][info][gc,cpu         ] GC(243) User=0.00s Sys=0.00s Real=0.00s
[130.121s][info][gc,start       ] GC(244) Pause Full (System.gc())
[130.121s][info][gc,phases,start] GC(244) Marking Phase
[130.188s][info][gc,phases      ] GC(244) Marking Phase 66.808ms
[130.188s][info][gc,phases,start] GC(244) Summary Phase
[130.188s][info][gc,phases      ] GC(244) Summary Phase 0.039ms
[130.188s][info][gc,phases,start] GC(244) Adjust Roots
[130.200s][info][gc,phases      ] GC(244) Adjust Roots 12.049ms
[130.200s][info][gc,phases,start] GC(244) Compaction Phase
[130.311s][info][gc,phases      ] GC(244) Compaction Phase 111.699ms
[130.312s][info][gc,phases,start] GC(244) Post Compact
[130.319s][info][gc,phases      ] GC(244) Post Compact 7.376ms
[130.319s][info][gc,heap        ] GC(244) PSYoungGen: 8184K(1389568K)->0K(1389568K) Eden: 0K(1381376K)->0K(1381376K) From: 8184K(8192K)->0K(8192K)
[130.319s][info][gc,heap        ] GC(244) ParOldGen: 1400429K(2712576K)->1400164K(2712576K)
[130.319s][info][gc,metaspace   ] GC(244) Metaspace: 123731K(128768K)->123731K(128768K) NonClass: 106314K(107008K)->106314K(107008K) Class: 17416K(21760K)->17416K(21760K)
[130.319s][info][gc             ] GC(244) Pause Full (System.gc()) 1375M->1367M(4006M) 198.304ms
[130.319s][info][gc,cpu         ] GC(244) User=4.64s Sys=0.02s Real=0.20s
[130.493s][info][gc,start       ] GC(245) Pause Young (Allocation Failure)
[130.495s][info][gc,heap        ] GC(245) PSYoungGen: 1381376K(1389568K)->7389K(1388544K) Eden: 1381376K(1381376K)->0K(1380352K) From: 0K(8192K)->7389K(8192K)
[130.495s][info][gc,heap        ] GC(245) ParOldGen: 1400164K(2712576K)->1400164K(2712576K)
[130.495s][info][gc,metaspace   ] GC(245) Metaspace: 123817K(128832K)->123817K(128832K) NonClass: 106399K(107072K)->106399K(107072K) Class: 17417K(21760K)->17417K(21760K)
[130.495s][info][gc             ] GC(245) Pause Young (Allocation Failure) 2716M->1374M(4005M) 2.342ms
[130.495s][info][gc,cpu         ] GC(245) User=0.00s Sys=0.00s Real=0.00s
[130.589s][info][gc,start       ] GC(246) Pause Young (Allocation Failure)
[130.591s][info][gc,heap        ] GC(246) PSYoungGen: 1387741K(1388544K)->7453K(1389056K) Eden: 1380352K(1380352K)->0K(1380352K) From: 7389K(8192K)->7453K(8704K)
[130.591s][info][gc,heap        ] GC(246) ParOldGen: 1400164K(2712576K)->1400164K(2712576K)
[130.591s][info][gc,metaspace   ] GC(246) Metaspace: 123817K(128832K)->123817K(128832K) NonClass: 106399K(107072K)->106399K(107072K) Class: 17417K(21760K)->17417K(21760K)
[130.591s][info][gc             ] GC(246) Pause Young (Allocation Failure) 2722M->1374M(4005M) 2.053ms
[130.591s][info][gc,cpu         ] GC(246) User=0.00s Sys=0.00s Real=0.00s
[130.684s][info][gc,start       ] GC(247) Pause Young (Allocation Failure)
[130.686s][info][gc,heap        ] GC(247) PSYoungGen: 1387805K(1389056K)->7485K(1389056K) Eden: 1380352K(1380352K)->0K(1380352K) From: 7453K(8704K)->7485K(8704K)
[130.686s][info][gc,heap        ] GC(247) ParOldGen: 1400164K(2712576K)->1400164K(2712576K)
[130.686s][info][gc,metaspace   ] GC(247) Metaspace: 123817K(128832K)->123817K(128832K) NonClass: 106399K(107072K)->106399K(107072K) Class: 17417K(21760K)->17417K(21760K)
[130.686s][info][gc             ] GC(247) Pause Young (Allocation Failure) 2722M->1374M(4005M) 2.062ms
[130.686s][info][gc,cpu         ] GC(247) User=0.00s Sys=0.00s Real=0.00s
[130.777s][info][gc,start       ] GC(248) Pause Young (Allocation Failure)
[130.779s][info][gc,heap        ] GC(248) PSYoungGen: 1387837K(1389056K)->7613K(1388032K) Eden: 1380352K(1380352K)->0K(1380352K) From: 7485K(8704K)->7613K(7680K)
[130.779s][info][gc,heap        ] GC(248) ParOldGen: 1400164K(2712576K)->1400164K(2712576K)
[130.779s][info][gc,metaspace   ] GC(248) Metaspace: 123817K(128832K)->123817K(128832K) NonClass: 106399K(107072K)->106399K(107072K) Class: 17417K(21760K)->17417K(21760K)
[130.779s][info][gc             ] GC(248) Pause Young (Allocation Failure) 2722M->1374M(4004M) 2.160ms
[130.780s][info][gc,cpu         ] GC(248) User=0.00s Sys=0.00s Real=0.00s
[130.871s][info][gc,start       ] GC(249) Pause Young (Allocation Failure)
[130.873s][info][gc,heap        ] GC(249) PSYoungGen: 1387965K(1388032K)->7517K(1388544K) Eden: 1380352K(1380352K)->0K(1380352K) From: 7613K(7680K)->7517K(8192K)
[130.873s][info][gc,heap        ] GC(249) ParOldGen: 1400164K(2712576K)->1400164K(2712576K)
[130.873s][info][gc,metaspace   ] GC(249) Metaspace: 123817K(128832K)->123817K(128832K) NonClass: 106399K(107072K)->106399K(107072K) Class: 17417K(21760K)->17417K(21760K)
[130.873s][info][gc             ] GC(249) Pause Young (Allocation Failure) 2722M->1374M(4005M) 2.017ms
[130.873s][info][gc,cpu         ] GC(249) User=0.00s Sys=0.00s Real=0.00s
[130.965s][info][gc,start       ] GC(250) Pause Young (Allocation Failure)
[130.967s][info][gc,heap        ] GC(250) PSYoungGen: 1387869K(1388544K)->7517K(1388544K) Eden: 1380352K(1380352K)->0K(1380352K) From: 7517K(8192K)->7517K(8192K)
[130.967s][info][gc,heap        ] GC(250) ParOldGen: 1400164K(2712576K)->1400164K(2712576K)
[130.967s][info][gc,metaspace   ] GC(250) Metaspace: 123817K(128832K)->123817K(128832K) NonClass: 106399K(107072K)->106399K(107072K) Class: 17417K(21760K)->17417K(21760K)
[130.967s][info][gc             ] GC(250) Pause Young (Allocation Failure) 2722M->1374M(4005M) 2.022ms
[130.967s][info][gc,cpu         ] GC(250) User=0.00s Sys=0.00s Real=0.00s
[131.058s][info][gc,start       ] GC(251) Pause Young (Allocation Failure)
[131.060s][info][gc,heap        ] GC(251) PSYoungGen: 1387869K(1388544K)->7517K(1389568K) Eden: 1380352K(1380352K)->0K(1381376K) From: 7517K(8192K)->7517K(8192K)
[131.060s][info][gc,heap        ] GC(251) ParOldGen: 1400164K(2712576K)->1400164K(2712576K)
[131.060s][info][gc,metaspace   ] GC(251) Metaspace: 123817K(128832K)->123817K(128832K) NonClass: 106399K(107072K)->106399K(107072K) Class: 17417K(21760K)->17417K(21760K)
[131.060s][info][gc             ] GC(251) Pause Young (Allocation Failure) 2722M->1374M(4006M) 2.043ms
[131.060s][info][gc,cpu         ] GC(251) User=0.00s Sys=0.00s Real=0.00s
[131.152s][info][gc,start       ] GC(252) Pause Young (Allocation Failure)
[131.154s][info][gc,heap        ] GC(252) PSYoungGen: 1388893K(1389568K)->7581K(1389568K) Eden: 1381376K(1381376K)->0K(1381376K) From: 7517K(8192K)->7581K(8192K)
[131.154s][info][gc,heap        ] GC(252) ParOldGen: 1400164K(2712576K)->1400164K(2712576K)
[131.154s][info][gc,metaspace   ] GC(252) Metaspace: 123817K(128832K)->123817K(128832K) NonClass: 106399K(107072K)->106399K(107072K) Class: 17417K(21760K)->17417K(21760K)
[131.154s][info][gc             ] GC(252) Pause Young (Allocation Failure) 2723M->1374M(4006M) 2.055ms
[131.154s][info][gc,cpu         ] GC(252) User=0.00s Sys=0.00s Real=0.00s
[131.246s][info][gc,start       ] GC(253) Pause Young (Allocation Failure)
[131.248s][info][gc,heap        ] GC(253) PSYoungGen: 1388957K(1389568K)->7669K(1389568K) Eden: 1381376K(1381376K)->0K(1381376K) From: 7581K(8192K)->7669K(8192K)
[131.248s][info][gc,heap        ] GC(253) ParOldGen: 1400164K(2712576K)->1400164K(2712576K)
[131.248s][info][gc,metaspace   ] GC(253) Metaspace: 123818K(128832K)->123818K(128832K) NonClass: 106401K(107072K)->106401K(107072K) Class: 17417K(21760K)->17417K(21760K)
[131.248s][info][gc             ] GC(253) Pause Young (Allocation Failure) 2723M->1374M(4006M) 2.028ms
[131.248s][info][gc,cpu         ] GC(253) User=0.00s Sys=0.00s Real=0.00s
[131.340s][info][gc,start       ] GC(254) Pause Young (Allocation Failure)
[131.342s][info][gc,heap        ] GC(254) PSYoungGen: 1389045K(1389568K)->7532K(1389568K) Eden: 1381376K(1381376K)->0K(1381376K) From: 7669K(8192K)->7532K(8192K)
[131.342s][info][gc,heap        ] GC(254) ParOldGen: 1400164K(2712576K)->1400164K(2712576K)
[131.342s][info][gc,metaspace   ] GC(254) Metaspace: 123818K(128832K)->123818K(128832K) NonClass: 106401K(107072K)->106401K(107072K) Class: 17417K(21760K)->17417K(21760K)
[131.342s][info][gc             ] GC(254) Pause Young (Allocation Failure) 2723M->1374M(4006M) 2.021ms
[131.342s][info][gc,cpu         ] GC(254) User=0.00s Sys=0.00s Real=0.00s
[131.434s][info][gc,start       ] GC(255) Pause Young (Allocation Failure)
[131.436s][info][gc,heap        ] GC(255) PSYoungGen: 1388908K(1389568K)->7596K(1389568K) Eden: 1381376K(1381376K)->0K(1381376K) From: 7532K(8192K)->7596K(8192K)
[131.436s][info][gc,heap        ] GC(255) ParOldGen: 1400164K(2712576K)->1400164K(2712576K)
[131.436s][info][gc,metaspace   ] GC(255) Metaspace: 123818K(128832K)->123818K(128832K) NonClass: 106401K(107072K)->106401K(107072K) Class: 17417K(21760K)->17417K(21760K)
[131.436s][info][gc             ] GC(255) Pause Young (Allocation Failure) 2723M->1374M(4006M) 1.948ms
[131.436s][info][gc,cpu         ] GC(255) User=0.00s Sys=0.00s Real=0.00s
[132.083s][info][gc,start       ] GC(256) Pause Young (System.gc())
[132.086s][info][gc,heap        ] GC(256) PSYoungGen: 1143988K(1389568K)->8185K(1389568K) Eden: 1136391K(1381376K)->0K(1381376K) From: 7596K(8192K)->8185K(8192K)
[132.086s][info][gc,heap        ] GC(256) ParOldGen: 1400164K(2712576K)->1400487K(2712576K)
[132.086s][info][gc,metaspace   ] GC(256) Metaspace: 123824K(128832K)->123824K(128832K) NonClass: 106407K(107072K)->106407K(107072K) Class: 17417K(21760K)->17417K(21760K)
[132.086s][info][gc             ] GC(256) Pause Young (System.gc()) 2484M->1375M(4006M) 2.880ms
[132.086s][info][gc,cpu         ] GC(256) User=0.00s Sys=0.00s Real=0.00s
[132.086s][info][gc,start       ] GC(257) Pause Full (System.gc())
[132.086s][info][gc,phases,start] GC(257) Marking Phase
[132.137s][info][gc,phases      ] GC(257) Marking Phase 50.953ms
[132.137s][info][gc,phases,start] GC(257) Summary Phase
[132.137s][info][gc,phases      ] GC(257) Summary Phase 0.043ms
[132.137s][info][gc,phases,start] GC(257) Adjust Roots
[132.159s][info][gc,phases      ] GC(257) Adjust Roots 21.516ms
[132.159s][info][gc,phases,start] GC(257) Compaction Phase
[132.270s][info][gc,phases      ] GC(257) Compaction Phase 111.318ms
[132.270s][info][gc,phases,start] GC(257) Post Compact
[132.278s][info][gc,phases      ] GC(257) Post Compact 7.378ms
[132.278s][info][gc,heap        ] GC(257) PSYoungGen: 8185K(1389568K)->0K(1389568K) Eden: 0K(1381376K)->0K(1381376K) From: 8185K(8192K)->0K(8192K)
[132.278s][info][gc,heap        ] GC(257) ParOldGen: 1400487K(2712576K)->1400221K(2712576K)
[132.278s][info][gc,metaspace   ] GC(257) Metaspace: 123824K(128832K)->123824K(128832K) NonClass: 106407K(107072K)->106407K(107072K) Class: 17417K(21760K)->17417K(21760K)
[132.278s][info][gc             ] GC(257) Pause Full (System.gc()) 1375M->1367M(4006M) 191.500ms
[132.278s][info][gc,cpu         ] GC(257) User=4.70s Sys=0.00s Real=0.20s
[132.439s][info][gc,start       ] GC(258) Pause Young (Allocation Failure)
[132.441s][info][gc,heap        ] GC(258) PSYoungGen: 1381376K(1389568K)->7389K(1388544K) Eden: 1381376K(1381376K)->0K(1380352K) From: 0K(8192K)->7389K(8192K)
[132.441s][info][gc,heap        ] GC(258) ParOldGen: 1400221K(2712576K)->1400229K(2712576K)
[132.441s][info][gc,metaspace   ] GC(258) Metaspace: 123883K(128896K)->123883K(128896K) NonClass: 106465K(107136K)->106465K(107136K) Class: 17417K(21760K)->17417K(21760K)
[132.441s][info][gc             ] GC(258) Pause Young (Allocation Failure) 2716M->1374M(4005M) 2.389ms
[132.441s][info][gc,cpu         ] GC(258) User=0.00s Sys=0.00s Real=0.00s
[132.533s][info][gc,start       ] GC(259) Pause Young (Allocation Failure)
[132.535s][info][gc,heap        ] GC(259) PSYoungGen: 1387741K(1388544K)->7485K(1389056K) Eden: 1380352K(1380352K)->0K(1380352K) From: 7389K(8192K)->7485K(8704K)
[132.535s][info][gc,heap        ] GC(259) ParOldGen: 1400229K(2712576K)->1400229K(2712576K)
[132.535s][info][gc,metaspace   ] GC(259) Metaspace: 123883K(128896K)->123883K(128896K) NonClass: 106465K(107136K)->106465K(107136K) Class: 17417K(21760K)->17417K(21760K)
[132.535s][info][gc             ] GC(259) Pause Young (Allocation Failure) 2722M->1374M(4005M) 2.208ms
[132.536s][info][gc,cpu         ] GC(259) User=0.03s Sys=0.00s Real=0.02s
[132.627s][info][gc,start       ] GC(260) Pause Young (Allocation Failure)
[132.629s][info][gc,heap        ] GC(260) PSYoungGen: 1387837K(1389056K)->7357K(1389056K) Eden: 1380352K(1380352K)->0K(1380352K) From: 7485K(8704K)->7357K(8704K)
[132.629s][info][gc,heap        ] GC(260) ParOldGen: 1400229K(2712576K)->1400229K(2712576K)
[132.629s][info][gc,metaspace   ] GC(260) Metaspace: 123883K(128896K)->123883K(128896K) NonClass: 106465K(107136K)->106465K(107136K) Class: 17417K(21760K)->17417K(21760K)
[132.629s][info][gc             ] GC(260) Pause Young (Allocation Failure) 2722M->1374M(4005M) 2.070ms
[132.629s][info][gc,cpu         ] GC(260) User=0.00s Sys=0.00s Real=0.00s
[132.721s][info][gc,start       ] GC(261) Pause Young (Allocation Failure)
[132.723s][info][gc,heap        ] GC(261) PSYoungGen: 1387709K(1389056K)->7485K(1388032K) Eden: 1380352K(1380352K)->0K(1380352K) From: 7357K(8704K)->7485K(7680K)
[132.723s][info][gc,heap        ] GC(261) ParOldGen: 1400229K(2712576K)->1400229K(2712576K)
[132.723s][info][gc,metaspace   ] GC(261) Metaspace: 123883K(128896K)->123883K(128896K) NonClass: 106465K(107136K)->106465K(107136K) Class: 17417K(21760K)->17417K(21760K)
[132.723s][info][gc             ] GC(261) Pause Young (Allocation Failure) 2722M->1374M(4004M) 2.202ms
[132.723s][info][gc,cpu         ] GC(261) User=0.00s Sys=0.00s Real=0.00s
[132.814s][info][gc,start       ] GC(262) Pause Young (Allocation Failure)
[132.816s][info][gc,heap        ] GC(262) PSYoungGen: 1387837K(1388032K)->7517K(1388544K) Eden: 1380352K(1380352K)->0K(1380352K) From: 7485K(7680K)->7517K(8192K)
[132.816s][info][gc,heap        ] GC(262) ParOldGen: 1400229K(2712576K)->1400229K(2712576K)
[132.816s][info][gc,metaspace   ] GC(262) Metaspace: 123883K(128896K)->123883K(128896K) NonClass: 106465K(107136K)->106465K(107136K) Class: 17417K(21760K)->17417K(21760K)
[132.816s][info][gc             ] GC(262) Pause Young (Allocation Failure) 2722M->1374M(4005M) 2.010ms
[132.816s][info][gc,cpu         ] GC(262) User=0.00s Sys=0.00s Real=0.00s
[132.908s][info][gc,start       ] GC(263) Pause Young (Allocation Failure)
[132.910s][info][gc,heap        ] GC(263) PSYoungGen: 1387869K(1388544K)->7581K(1388544K) Eden: 1380352K(1380352K)->0K(1380352K) From: 7517K(8192K)->7581K(8192K)
[132.910s][info][gc,heap        ] GC(263) ParOldGen: 1400229K(2712576K)->1400229K(2712576K)
[132.910s][info][gc,metaspace   ] GC(263) Metaspace: 123883K(128896K)->123883K(128896K) NonClass: 106465K(107136K)->106465K(107136K) Class: 17417K(21760K)->17417K(21760K)
[132.910s][info][gc             ] GC(263) Pause Young (Allocation Failure) 2722M->1374M(4005M) 2.171ms
[132.910s][info][gc,cpu         ] GC(263) User=0.00s Sys=0.00s Real=0.01s
[133.002s][info][gc,start       ] GC(264) Pause Young (Allocation Failure)
[133.004s][info][gc,heap        ] GC(264) PSYoungGen: 1387933K(1388544K)->7645K(1389568K) Eden: 1380352K(1380352K)->0K(1381376K) From: 7581K(8192K)->7645K(8192K)
[133.004s][info][gc,heap        ] GC(264) ParOldGen: 1400229K(2712576K)->1400229K(2712576K)
[133.004s][info][gc,metaspace   ] GC(264) Metaspace: 123896K(128896K)->123896K(128896K) NonClass: 106478K(107136K)->106478K(107136K) Class: 17417K(21760K)->17417K(21760K)
[133.004s][info][gc             ] GC(264) Pause Young (Allocation Failure) 2722M->1374M(4006M) 2.021ms
[133.004s][info][gc,cpu         ] GC(264) User=0.00s Sys=0.00s Real=0.00s
[133.095s][info][gc,start       ] GC(265) Pause Young (Allocation Failure)
[133.097s][info][gc,heap        ] GC(265) PSYoungGen: 1389021K(1389568K)->7581K(1389568K) Eden: 1381376K(1381376K)->0K(1381376K) From: 7645K(8192K)->7581K(8192K)
[133.097s][info][gc,heap        ] GC(265) ParOldGen: 1400229K(2712576K)->1400229K(2712576K)
[133.098s][info][gc,metaspace   ] GC(265) Metaspace: 123896K(128896K)->123896K(128896K) NonClass: 106478K(107136K)->106478K(107136K) Class: 17417K(21760K)->17417K(21760K)
[133.098s][info][gc             ] GC(265) Pause Young (Allocation Failure) 2723M->1374M(4006M) 2.087ms
[133.098s][info][gc,cpu         ] GC(265) User=0.00s Sys=0.00s Real=0.00s
[133.189s][info][gc,start       ] GC(266) Pause Young (Allocation Failure)
[133.191s][info][gc,heap        ] GC(266) PSYoungGen: 1388957K(1389568K)->7581K(1389568K) Eden: 1381376K(1381376K)->0K(1381376K) From: 7581K(8192K)->7581K(8192K)
[133.191s][info][gc,heap        ] GC(266) ParOldGen: 1400229K(2712576K)->1400229K(2712576K)
[133.191s][info][gc,metaspace   ] GC(266) Metaspace: 123896K(128896K)->123896K(128896K) NonClass: 106478K(107136K)->106478K(107136K) Class: 17417K(21760K)->17417K(21760K)
[133.191s][info][gc             ] GC(266) Pause Young (Allocation Failure) 2723M->1374M(4006M) 1.991ms
[133.191s][info][gc,cpu         ] GC(266) User=0.00s Sys=0.00s Real=0.00s
[133.283s][info][gc,start       ] GC(267) Pause Young (Allocation Failure)
[133.285s][info][gc,heap        ] GC(267) PSYoungGen: 1388957K(1389568K)->7421K(1389568K) Eden: 1381376K(1381376K)->0K(1381376K) From: 7581K(8192K)->7421K(8192K)
[133.285s][info][gc,heap        ] GC(267) ParOldGen: 1400229K(2712576K)->1400229K(2712576K)
[133.285s][info][gc,metaspace   ] GC(267) Metaspace: 123896K(128896K)->123896K(128896K) NonClass: 106478K(107136K)->106478K(107136K) Class: 17417K(21760K)->17417K(21760K)
[133.285s][info][gc             ] GC(267) Pause Young (Allocation Failure) 2723M->1374M(4006M) 1.985ms
[133.285s][info][gc,cpu         ] GC(267) User=0.00s Sys=0.00s Real=0.00s
[133.377s][info][gc,start       ] GC(268) Pause Young (Allocation Failure)
[133.379s][info][gc,heap        ] GC(268) PSYoungGen: 1388797K(1389568K)->7573K(1389568K) Eden: 1381376K(1381376K)->0K(1381376K) From: 7421K(8192K)->7573K(8192K)
[133.379s][info][gc,heap        ] GC(268) ParOldGen: 1400229K(2712576K)->1400229K(2712576K)
[133.379s][info][gc,metaspace   ] GC(268) Metaspace: 123896K(128896K)->123896K(128896K) NonClass: 106478K(107136K)->106478K(107136K) Class: 17417K(21760K)->17417K(21760K)
[133.379s][info][gc             ] GC(268) Pause Young (Allocation Failure) 2723M->1374M(4006M) 2.259ms
[133.379s][info][gc,cpu         ] GC(268) User=0.00s Sys=0.00s Real=0.00s
[134.057s][info][gc,start       ] GC(269) Pause Young (System.gc())
[134.060s][info][gc,heap        ] GC(269) PSYoungGen: 1149987K(1389568K)->8182K(1389568K) Eden: 1142414K(1381376K)->0K(1381376K) From: 7573K(8192K)->8182K(8192K)
[134.060s][info][gc,heap        ] GC(269) ParOldGen: 1400229K(2712576K)->1400359K(2712576K)
[134.060s][info][gc,metaspace   ] GC(269) Metaspace: 123905K(128896K)->123905K(128896K) NonClass: 106488K(107136K)->106488K(107136K) Class: 17417K(21760K)->17417K(21760K)
[134.060s][info][gc             ] GC(269) Pause Young (System.gc()) 2490M->1375M(4006M) 2.881ms
[134.060s][info][gc,cpu         ] GC(269) User=0.00s Sys=0.00s Real=0.00s
[134.061s][info][gc,start       ] GC(270) Pause Full (System.gc())
[134.061s][info][gc,phases,start] GC(270) Marking Phase
[134.120s][info][gc,phases      ] GC(270) Marking Phase 59.650ms
[134.120s][info][gc,phases,start] GC(270) Summary Phase
[134.120s][info][gc,phases      ] GC(270) Summary Phase 0.038ms
[134.120s][info][gc,phases,start] GC(270) Adjust Roots
[134.146s][info][gc,phases      ] GC(270) Adjust Roots 25.870ms
[134.146s][info][gc,phases,start] GC(270) Compaction Phase
[134.258s][info][gc,phases      ] GC(270) Compaction Phase 111.301ms
[134.258s][info][gc,phases,start] GC(270) Post Compact
[134.265s][info][gc,phases      ] GC(270) Post Compact 7.356ms
[134.265s][info][gc,heap        ] GC(270) PSYoungGen: 8182K(1389568K)->0K(1389568K) Eden: 0K(1381376K)->0K(1381376K) From: 8182K(8192K)->0K(8192K)
[134.265s][info][gc,heap        ] GC(270) ParOldGen: 1400359K(2712576K)->1400245K(2712576K)
[134.265s][info][gc,metaspace   ] GC(270) Metaspace: 123905K(128896K)->123905K(128896K) NonClass: 106488K(107136K)->106488K(107136K) Class: 17417K(21760K)->17417K(21760K)
[134.265s][info][gc             ] GC(270) Pause Full (System.gc()) 1375M->1367M(4006M) 204.552ms
[134.265s][info][gc,cpu         ] GC(270) User=4.69s Sys=0.06s Real=0.20s
[134.430s][info][gc,start       ] GC(271) Pause Young (Allocation Failure)
[134.433s][info][gc,heap        ] GC(271) PSYoungGen: 1381376K(1389568K)->7389K(1389568K) Eden: 1381376K(1381376K)->0K(1381376K) From: 0K(8192K)->7389K(8192K)
[134.433s][info][gc,heap        ] GC(271) ParOldGen: 1400245K(2712576K)->1400245K(2712576K)
[134.433s][info][gc,metaspace   ] GC(271) Metaspace: 123957K(128960K)->123957K(128960K) NonClass: 106539K(107200K)->106539K(107200K) Class: 17417K(21760K)->17417K(21760K)
[134.433s][info][gc             ] GC(271) Pause Young (Allocation Failure) 2716M->1374M(4006M) 2.560ms
[134.433s][info][gc,cpu         ] GC(271) User=0.52s Sys=0.00s Real=0.02s
[134.529s][info][gc,start       ] GC(272) Pause Young (Allocation Failure)
[134.531s][info][gc,heap        ] GC(272) PSYoungGen: 1388765K(1389568K)->7485K(1389568K) Eden: 1381376K(1381376K)->0K(1381376K) From: 7389K(8192K)->7485K(8192K)
[134.531s][info][gc,heap        ] GC(272) ParOldGen: 1400245K(2712576K)->1400245K(2712576K)
[134.531s][info][gc,metaspace   ] GC(272) Metaspace: 123957K(128960K)->123957K(128960K) NonClass: 106539K(107200K)->106539K(107200K) Class: 17417K(21760K)->17417K(21760K)
[134.531s][info][gc             ] GC(272) Pause Young (Allocation Failure) 2723M->1374M(4006M) 2.442ms
[134.531s][info][gc,cpu         ] GC(272) User=0.53s Sys=0.00s Real=0.02s
[134.624s][info][gc,start       ] GC(273) Pause Young (Allocation Failure)
[134.626s][info][gc,heap        ] GC(273) PSYoungGen: 1388861K(1389568K)->7421K(1389568K) Eden: 1381376K(1381376K)->0K(1381376K) From: 7485K(8192K)->7421K(8192K)
[134.626s][info][gc,heap        ] GC(273) ParOldGen: 1400245K(2712576K)->1400245K(2712576K)
[134.626s][info][gc,metaspace   ] GC(273) Metaspace: 123957K(128960K)->123957K(128960K) NonClass: 106539K(107200K)->106539K(107200K) Class: 17417K(21760K)->17417K(21760K)
[134.626s][info][gc             ] GC(273) Pause Young (Allocation Failure) 2723M->1374M(4006M) 2.171ms
[134.626s][info][gc,cpu         ] GC(273) User=0.00s Sys=0.00s Real=0.00s
[134.719s][info][gc,start       ] GC(274) Pause Young (Allocation Failure)
[134.721s][info][gc,heap        ] GC(274) PSYoungGen: 1388797K(1389568K)->7453K(1389568K) Eden: 1381376K(1381376K)->0K(1381376K) From: 7421K(8192K)->7453K(8192K)
[134.721s][info][gc,heap        ] GC(274) ParOldGen: 1400245K(2712576K)->1400245K(2712576K)
[134.721s][info][gc,metaspace   ] GC(274) Metaspace: 123957K(128960K)->123957K(128960K) NonClass: 106539K(107200K)->106539K(107200K) Class: 17417K(21760K)->17417K(21760K)
[134.721s][info][gc             ] GC(274) Pause Young (Allocation Failure) 2723M->1374M(4006M) 2.078ms
[134.721s][info][gc,cpu         ] GC(274) User=0.00s Sys=0.00s Real=0.00s
[134.813s][info][gc,start       ] GC(275) Pause Young (Allocation Failure)
[134.815s][info][gc,heap        ] GC(275) PSYoungGen: 1388829K(1389568K)->7453K(1389568K) Eden: 1381376K(1381376K)->0K(1381376K) From: 7453K(8192K)->7453K(8192K)
[134.815s][info][gc,heap        ] GC(275) ParOldGen: 1400245K(2712576K)->1400245K(2712576K)
[134.815s][info][gc,metaspace   ] GC(275) Metaspace: 123957K(128960K)->123957K(128960K) NonClass: 106539K(107200K)->106539K(107200K) Class: 17417K(21760K)->17417K(21760K)
[134.815s][info][gc             ] GC(275) Pause Young (Allocation Failure) 2723M->1374M(4006M) 2.111ms
[134.815s][info][gc,cpu         ] GC(275) User=0.00s Sys=0.00s Real=0.00s
[134.907s][info][gc,start       ] GC(276) Pause Young (Allocation Failure)
[134.909s][info][gc,heap        ] GC(276) PSYoungGen: 1388829K(1389568K)->7485K(1389568K) Eden: 1381376K(1381376K)->0K(1381376K) From: 7453K(8192K)->7485K(8192K)
[134.909s][info][gc,heap        ] GC(276) ParOldGen: 1400245K(2712576K)->1400245K(2712576K)
[134.909s][info][gc,metaspace   ] GC(276) Metaspace: 123957K(128960K)->123957K(128960K) NonClass: 106539K(107200K)->106539K(107200K) Class: 17417K(21760K)->17417K(21760K)
[134.909s][info][gc             ] GC(276) Pause Young (Allocation Failure) 2723M->1374M(4006M) 2.022ms
[134.909s][info][gc,cpu         ] GC(276) User=0.00s Sys=0.00s Real=0.00s
[135.000s][info][gc,start       ] GC(277) Pause Young (Allocation Failure)
[135.002s][info][gc,heap        ] GC(277) PSYoungGen: 1388861K(1389568K)->7485K(1389568K) Eden: 1381376K(1381376K)->0K(1381376K) From: 7485K(8192K)->7485K(8192K)
[135.002s][info][gc,heap        ] GC(277) ParOldGen: 1400245K(2712576K)->1400245K(2712576K)
[135.002s][info][gc,metaspace   ] GC(277) Metaspace: 123957K(128960K)->123957K(128960K) NonClass: 106539K(107200K)->106539K(107200K) Class: 17417K(21760K)->17417K(21760K)
[135.002s][info][gc             ] GC(277) Pause Young (Allocation Failure) 2723M->1374M(4006M) 2.089ms
[135.002s][info][gc,cpu         ] GC(277) User=0.00s Sys=0.00s Real=0.00s
[135.094s][info][gc,start       ] GC(278) Pause Young (Allocation Failure)
[135.096s][info][gc,heap        ] GC(278) PSYoungGen: 1388861K(1389568K)->7421K(1389568K) Eden: 1381376K(1381376K)->0K(1381376K) From: 7485K(8192K)->7421K(8192K)
[135.096s][info][gc,heap        ] GC(278) ParOldGen: 1400245K(2712576K)->1400245K(2712576K)
[135.096s][info][gc,metaspace   ] GC(278) Metaspace: 123957K(128960K)->123957K(128960K) NonClass: 106539K(107200K)->106539K(107200K) Class: 17417K(21760K)->17417K(21760K)
[135.096s][info][gc             ] GC(278) Pause Young (Allocation Failure) 2723M->1374M(4006M) 2.106ms
[135.096s][info][gc,cpu         ] GC(278) User=0.00s Sys=0.00s Real=0.00s
[135.188s][info][gc,start       ] GC(279) Pause Young (Allocation Failure)
[135.190s][info][gc,heap        ] GC(279) PSYoungGen: 1388797K(1389568K)->7517K(1389568K) Eden: 1381376K(1381376K)->0K(1381376K) From: 7421K(8192K)->7517K(8192K)
[135.190s][info][gc,heap        ] GC(279) ParOldGen: 1400245K(2712576K)->1400245K(2712576K)
[135.190s][info][gc,metaspace   ] GC(279) Metaspace: 123957K(128960K)->123957K(128960K) NonClass: 106539K(107200K)->106539K(107200K) Class: 17417K(21760K)->17417K(21760K)
[135.190s][info][gc             ] GC(279) Pause Young (Allocation Failure) 2723M->1374M(4006M) 2.002ms
[135.190s][info][gc,cpu         ] GC(279) User=0.00s Sys=0.00s Real=0.00s
[135.281s][info][gc,start       ] GC(280) Pause Young (Allocation Failure)
[135.283s][info][gc,heap        ] GC(280) PSYoungGen: 1388893K(1389568K)->7389K(1389568K) Eden: 1381376K(1381376K)->0K(1381376K) From: 7517K(8192K)->7389K(8192K)
[135.283s][info][gc,heap        ] GC(280) ParOldGen: 1400245K(2712576K)->1400245K(2712576K)
[135.283s][info][gc,metaspace   ] GC(280) Metaspace: 123957K(128960K)->123957K(128960K) NonClass: 106539K(107200K)->106539K(107200K) Class: 17417K(21760K)->17417K(21760K)
[135.283s][info][gc             ] GC(280) Pause Young (Allocation Failure) 2723M->1374M(4006M) 1.992ms
[135.283s][info][gc,cpu         ] GC(280) User=0.00s Sys=0.00s Real=0.00s
[135.376s][info][gc,start       ] GC(281) Pause Young (Allocation Failure)
[135.378s][info][gc,heap        ] GC(281) PSYoungGen: 1388765K(1389568K)->7637K(1389568K) Eden: 1381376K(1381376K)->0K(1381376K) From: 7389K(8192K)->7637K(8192K)
[135.378s][info][gc,heap        ] GC(281) ParOldGen: 1400245K(2712576K)->1400245K(2712576K)
[135.378s][info][gc,metaspace   ] GC(281) Metaspace: 123957K(128960K)->123957K(128960K) NonClass: 106539K(107200K)->106539K(107200K) Class: 17417K(21760K)->17417K(21760K)
[135.378s][info][gc             ] GC(281) Pause Young (Allocation Failure) 2723M->1374M(4006M) 1.982ms
[135.378s][info][gc,cpu         ] GC(281) User=0.52s Sys=0.00s Real=0.02s
[136.008s][info][gc,start       ] GC(282) Pause Young (System.gc())
[136.011s][info][gc,heap        ] GC(282) PSYoungGen: 1134012K(1389568K)->8190K(1389568K) Eden: 1126375K(1381376K)->0K(1381376K) From: 7637K(8192K)->8190K(8192K)
[136.011s][info][gc,heap        ] GC(282) ParOldGen: 1400245K(2712576K)->1400475K(2712576K)
[136.011s][info][gc,metaspace   ] GC(282) Metaspace: 123966K(128960K)->123966K(128960K) NonClass: 106547K(107200K)->106547K(107200K) Class: 17418K(21760K)->17418K(21760K)
[136.011s][info][gc             ] GC(282) Pause Young (System.gc()) 2474M->1375M(4006M) 2.929ms
[136.011s][info][gc,cpu         ] GC(282) User=0.00s Sys=0.00s Real=0.00s
[136.011s][info][gc,start       ] GC(283) Pause Full (System.gc())
[136.011s][info][gc,phases,start] GC(283) Marking Phase
[136.076s][info][gc,phases      ] GC(283) Marking Phase 64.803ms
[136.076s][info][gc,phases,start] GC(283) Summary Phase
[136.076s][info][gc,phases      ] GC(283) Summary Phase 0.042ms
[136.076s][info][gc,phases,start] GC(283) Adjust Roots
[136.095s][info][gc,phases      ] GC(283) Adjust Roots 18.690ms
[136.095s][info][gc,phases,start] GC(283) Compaction Phase
[136.215s][info][gc,phases      ] GC(283) Compaction Phase 120.282ms
[136.215s][info][gc,phases,start] GC(283) Post Compact
[136.223s][info][gc,phases      ] GC(283) Post Compact 7.383ms
[136.223s][info][gc,heap        ] GC(283) PSYoungGen: 8190K(1389568K)->0K(1389568K) Eden: 0K(1381376K)->0K(1381376K) From: 8190K(8192K)->0K(8192K)
[136.223s][info][gc,heap        ] GC(283) ParOldGen: 1400475K(2712576K)->1400328K(2712576K)
[136.223s][info][gc,metaspace   ] GC(283) Metaspace: 123966K(128960K)->123966K(128960K) NonClass: 106547K(107200K)->106547K(107200K) Class: 17418K(21760K)->17418K(21760K)
[136.223s][info][gc             ] GC(283) Pause Full (System.gc()) 1375M->1367M(4006M) 211.536ms
[136.223s][info][gc,cpu         ] GC(283) User=5.19s Sys=0.00s Real=0.22s
[136.380s][info][gc,start       ] GC(284) Pause Young (Allocation Failure)
[136.383s][info][gc,heap        ] GC(284) PSYoungGen: 1381375K(1389568K)->7421K(1389568K) Eden: 1381375K(1381376K)->0K(1381376K) From: 0K(8192K)->7421K(8192K)
[136.383s][info][gc,heap        ] GC(284) ParOldGen: 1400328K(2712576K)->1400328K(2712576K)
[136.383s][info][gc,metaspace   ] GC(284) Metaspace: 124007K(129024K)->124007K(129024K) NonClass: 106588K(107264K)->106588K(107264K) Class: 17418K(21760K)->17418K(21760K)
[136.383s][info][gc             ] GC(284) Pause Young (Allocation Failure) 2716M->1374M(4006M) 2.456ms
[136.383s][info][gc,cpu         ] GC(284) User=0.52s Sys=0.00s Real=0.02s
[136.474s][info][gc,start       ] GC(285) Pause Young (Allocation Failure)
[136.476s][info][gc,heap        ] GC(285) PSYoungGen: 1388797K(1389568K)->7517K(1389568K) Eden: 1381376K(1381376K)->0K(1381376K) From: 7421K(8192K)->7517K(8192K)
[136.476s][info][gc,heap        ] GC(285) ParOldGen: 1400328K(2712576K)->1400328K(2712576K)
[136.476s][info][gc,metaspace   ] GC(285) Metaspace: 124007K(129024K)->124007K(129024K) NonClass: 106588K(107264K)->106588K(107264K) Class: 17418K(21760K)->17418K(21760K)
[136.476s][info][gc             ] GC(285) Pause Young (Allocation Failure) 2723M->1374M(4006M) 2.007ms
[136.476s][info][gc,cpu         ] GC(285) User=0.00s Sys=0.00s Real=0.00s
[136.568s][info][gc,start       ] GC(286) Pause Young (Allocation Failure)
[136.570s][info][gc,heap        ] GC(286) PSYoungGen: 1388893K(1389568K)->7549K(1389568K) Eden: 1381376K(1381376K)->0K(1381376K) From: 7517K(8192K)->7549K(8192K)
[136.570s][info][gc,heap        ] GC(286) ParOldGen: 1400328K(2712576K)->1400328K(2712576K)
[136.570s][info][gc,metaspace   ] GC(286) Metaspace: 124007K(129024K)->124007K(129024K) NonClass: 106588K(107264K)->106588K(107264K) Class: 17418K(21760K)->17418K(21760K)
[136.570s][info][gc             ] GC(286) Pause Young (Allocation Failure) 2723M->1374M(4006M) 2.060ms
[136.570s][info][gc,cpu         ] GC(286) User=0.00s Sys=0.00s Real=0.00s
[136.661s][info][gc,start       ] GC(287) Pause Young (Allocation Failure)
[136.663s][info][gc,heap        ] GC(287) PSYoungGen: 1388925K(1389568K)->7485K(1389568K) Eden: 1381376K(1381376K)->0K(1381376K) From: 7549K(8192K)->7485K(8192K)
[136.663s][info][gc,heap        ] GC(287) ParOldGen: 1400328K(2712576K)->1400328K(2712576K)
[136.663s][info][gc,metaspace   ] GC(287) Metaspace: 124007K(129024K)->124007K(129024K) NonClass: 106588K(107264K)->106588K(107264K) Class: 17418K(21760K)->17418K(21760K)
[136.663s][info][gc             ] GC(287) Pause Young (Allocation Failure) 2723M->1374M(4006M) 2.064ms
[136.663s][info][gc,cpu         ] GC(287) User=0.00s Sys=0.00s Real=0.00s
[136.755s][info][gc,start       ] GC(288) Pause Young (Allocation Failure)
[136.757s][info][gc,heap        ] GC(288) PSYoungGen: 1388861K(1389568K)->7517K(1389568K) Eden: 1381376K(1381376K)->0K(1381376K) From: 7485K(8192K)->7517K(8192K)
[136.757s][info][gc,heap        ] GC(288) ParOldGen: 1400328K(2712576K)->1400328K(2712576K)
[136.757s][info][gc,metaspace   ] GC(288) Metaspace: 124007K(129024K)->124007K(129024K) NonClass: 106588K(107264K)->106588K(107264K) Class: 17418K(21760K)->17418K(21760K)
[136.757s][info][gc             ] GC(288) Pause Young (Allocation Failure) 2723M->1374M(4006M) 2.179ms
[136.757s][info][gc,cpu         ] GC(288) User=0.52s Sys=0.00s Real=0.02s
[136.850s][info][gc,start       ] GC(289) Pause Young (Allocation Failure)
[136.852s][info][gc,heap        ] GC(289) PSYoungGen: 1388893K(1389568K)->7517K(1389568K) Eden: 1381376K(1381376K)->0K(1381376K) From: 7517K(8192K)->7517K(8192K)
[136.852s][info][gc,heap        ] GC(289) ParOldGen: 1400328K(2712576K)->1400328K(2712576K)
[136.852s][info][gc,metaspace   ] GC(289) Metaspace: 124007K(129024K)->124007K(129024K) NonClass: 106588K(107264K)->106588K(107264K) Class: 17418K(21760K)->17418K(21760K)
[136.852s][info][gc             ] GC(289) Pause Young (Allocation Failure) 2723M->1374M(4006M) 1.938ms
[136.852s][info][gc,cpu         ] GC(289) User=0.00s Sys=0.00s Real=0.00s
[136.944s][info][gc,start       ] GC(290) Pause Young (Allocation Failure)
[136.946s][info][gc,heap        ] GC(290) PSYoungGen: 1388893K(1389568K)->7421K(1389568K) Eden: 1381376K(1381376K)->0K(1381376K) From: 7517K(8192K)->7421K(8192K)
[136.946s][info][gc,heap        ] GC(290) ParOldGen: 1400328K(2712576K)->1400328K(2712576K)
[136.946s][info][gc,metaspace   ] GC(290) Metaspace: 124007K(129024K)->124007K(129024K) NonClass: 106588K(107264K)->106588K(107264K) Class: 17418K(21760K)->17418K(21760K)
[136.946s][info][gc             ] GC(290) Pause Young (Allocation Failure) 2723M->1374M(4006M) 2.107ms
[136.946s][info][gc,cpu         ] GC(290) User=0.00s Sys=0.00s Real=0.00s
[137.037s][info][gc,start       ] GC(291) Pause Young (Allocation Failure)
[137.039s][info][gc,heap        ] GC(291) PSYoungGen: 1388797K(1389568K)->7485K(1389568K) Eden: 1381376K(1381376K)->0K(1381376K) From: 7421K(8192K)->7485K(8192K)
[137.039s][info][gc,heap        ] GC(291) ParOldGen: 1400328K(2712576K)->1400328K(2712576K)
[137.039s][info][gc,metaspace   ] GC(291) Metaspace: 124007K(129024K)->124007K(129024K) NonClass: 106588K(107264K)->106588K(107264K) Class: 17418K(21760K)->17418K(21760K)
[137.039s][info][gc             ] GC(291) Pause Young (Allocation Failure) 2723M->1374M(4006M) 2.030ms
[137.039s][info][gc,cpu         ] GC(291) User=0.00s Sys=0.00s Real=0.00s
[137.131s][info][gc,start       ] GC(292) Pause Young (Allocation Failure)
[137.133s][info][gc,heap        ] GC(292) PSYoungGen: 1388861K(1389568K)->7517K(1389568K) Eden: 1381376K(1381376K)->0K(1381376K) From: 7485K(8192K)->7517K(8192K)
[137.133s][info][gc,heap        ] GC(292) ParOldGen: 1400328K(2712576K)->1400328K(2712576K)
[137.133s][info][gc,metaspace   ] GC(292) Metaspace: 124007K(129024K)->124007K(129024K) NonClass: 106588K(107264K)->106588K(107264K) Class: 17418K(21760K)->17418K(21760K)
[137.133s][info][gc             ] GC(292) Pause Young (Allocation Failure) 2723M->1374M(4006M) 2.010ms
[137.133s][info][gc,cpu         ] GC(292) User=0.00s Sys=0.00s Real=0.00s
[137.225s][info][gc,start       ] GC(293) Pause Young (Allocation Failure)
[137.227s][info][gc,heap        ] GC(293) PSYoungGen: 1388893K(1389568K)->7605K(1389568K) Eden: 1381376K(1381376K)->0K(1381376K) From: 7517K(8192K)->7605K(8192K)
[137.227s][info][gc,heap        ] GC(293) ParOldGen: 1400328K(2712576K)->1400328K(2712576K)
[137.227s][info][gc,metaspace   ] GC(293) Metaspace: 124007K(129024K)->124007K(129024K) NonClass: 106588K(107264K)->106588K(107264K) Class: 17418K(21760K)->17418K(21760K)
[137.227s][info][gc             ] GC(293) Pause Young (Allocation Failure) 2723M->1374M(4006M) 2.017ms
[137.227s][info][gc,cpu         ] GC(293) User=0.00s Sys=0.00s Real=0.00s
[137.319s][info][gc,start       ] GC(294) Pause Young (Allocation Failure)
[137.321s][info][gc,heap        ] GC(294) PSYoungGen: 1388981K(1389568K)->7573K(1389568K) Eden: 1381376K(1381376K)->0K(1381376K) From: 7605K(8192K)->7573K(8192K)
[137.321s][info][gc,heap        ] GC(294) ParOldGen: 1400328K(2712576K)->1400328K(2712576K)
[137.321s][info][gc,metaspace   ] GC(294) Metaspace: 124007K(129024K)->124007K(129024K) NonClass: 106588K(107264K)->106588K(107264K) Class: 17418K(21760K)->17418K(21760K)
[137.321s][info][gc             ] GC(294) Pause Young (Allocation Failure) 2723M->1374M(4006M) 1.947ms
[137.321s][info][gc,cpu         ] GC(294) User=0.00s Sys=0.00s Real=0.00s
[137.963s][info][gc,start       ] GC(295) Pause Young (System.gc())
[137.966s][info][gc,heap        ] GC(295) PSYoungGen: 1137750K(1389568K)->8184K(1389568K) Eden: 1130177K(1381376K)->0K(1381376K) From: 7573K(8192K)->8184K(8192K)
[137.966s][info][gc,heap        ] GC(295) ParOldGen: 1400328K(2712576K)->1400535K(2712576K)
[137.966s][info][gc,metaspace   ] GC(295) Metaspace: 124034K(129088K)->124034K(129088K) NonClass: 106615K(107328K)->106615K(107328K) Class: 17419K(21760K)->17419K(21760K)
[137.966s][info][gc             ] GC(295) Pause Young (System.gc()) 2478M->1375M(4006M) 2.918ms
[137.966s][info][gc,cpu         ] GC(295) User=0.00s Sys=0.00s Real=0.00s
[137.966s][info][gc,start       ] GC(296) Pause Full (System.gc())
[137.966s][info][gc,phases,start] GC(296) Marking Phase
[138.018s][info][gc,phases      ] GC(296) Marking Phase 52.513ms
[138.018s][info][gc,phases,start] GC(296) Summary Phase
[138.018s][info][gc,phases      ] GC(296) Summary Phase 0.042ms
[138.018s][info][gc,phases,start] GC(296) Adjust Roots
[138.037s][info][gc,phases      ] GC(296) Adjust Roots 18.143ms
[138.037s][info][gc,phases,start] GC(296) Compaction Phase
[138.153s][info][gc,phases      ] GC(296) Compaction Phase 116.103ms
[138.153s][info][gc,phases,start] GC(296) Post Compact
[138.160s][info][gc,phases      ] GC(296) Post Compact 7.406ms
[138.160s][info][gc,heap        ] GC(296) PSYoungGen: 8184K(1389568K)->0K(1389568K) Eden: 0K(1381376K)->0K(1381376K) From: 8184K(8192K)->0K(8192K)
[138.160s][info][gc,heap        ] GC(296) ParOldGen: 1400535K(2712576K)->1400390K(2712576K)
[138.160s][info][gc,metaspace   ] GC(296) Metaspace: 124034K(129088K)->124034K(129088K) NonClass: 106615K(107328K)->106615K(107328K) Class: 17419K(21760K)->17419K(21760K)
[138.160s][info][gc             ] GC(296) Pause Full (System.gc()) 1375M->1367M(4006M) 194.543ms
[138.160s][info][gc,cpu         ] GC(296) User=4.70s Sys=0.00s Real=0.20s
[138.313s][info][gc,start       ] GC(297) Pause Young (Allocation Failure)
[138.315s][info][gc,heap        ] GC(297) PSYoungGen: 1381376K(1389568K)->7325K(1389568K) Eden: 1381376K(1381376K)->0K(1381376K) From: 0K(8192K)->7325K(8192K)
[138.315s][info][gc,heap        ] GC(297) ParOldGen: 1400390K(2712576K)->1400390K(2712576K)
[138.315s][info][gc,metaspace   ] GC(297) Metaspace: 124048K(129088K)->124048K(129088K) NonClass: 106628K(107328K)->106628K(107328K) Class: 17419K(21760K)->17419K(21760K)
[138.315s][info][gc             ] GC(297) Pause Young (Allocation Failure) 2716M->1374M(4006M) 2.504ms
[138.315s][info][gc,cpu         ] GC(297) User=0.55s Sys=0.00s Real=0.02s
[138.407s][info][gc,start       ] GC(298) Pause Young (Allocation Failure)
[138.409s][info][gc,heap        ] GC(298) PSYoungGen: 1388701K(1389568K)->7517K(1389568K) Eden: 1381376K(1381376K)->0K(1381376K) From: 7325K(8192K)->7517K(8192K)
[138.409s][info][gc,heap        ] GC(298) ParOldGen: 1400390K(2712576K)->1400390K(2712576K)
[138.409s][info][gc,metaspace   ] GC(298) Metaspace: 124048K(129088K)->124048K(129088K) NonClass: 106628K(107328K)->106628K(107328K) Class: 17419K(21760K)->17419K(21760K)
[138.409s][info][gc             ] GC(298) Pause Young (Allocation Failure) 2723M->1374M(4006M) 2.090ms
[138.409s][info][gc,cpu         ] GC(298) User=0.00s Sys=0.02s Real=0.02s
[138.501s][info][gc,start       ] GC(299) Pause Young (Allocation Failure)
[138.503s][info][gc,heap        ] GC(299) PSYoungGen: 1388893K(1389568K)->7517K(1389568K) Eden: 1381376K(1381376K)->0K(1381376K) From: 7517K(8192K)->7517K(8192K)
[138.503s][info][gc,heap        ] GC(299) ParOldGen: 1400390K(2712576K)->1400390K(2712576K)
[138.503s][info][gc,metaspace   ] GC(299) Metaspace: 124048K(129088K)->124048K(129088K) NonClass: 106628K(107328K)->106628K(107328K) Class: 17419K(21760K)->17419K(21760K)
[138.503s][info][gc             ] GC(299) Pause Young (Allocation Failure) 2723M->1374M(4006M) 2.089ms
[138.503s][info][gc,cpu         ] GC(299) User=0.00s Sys=0.00s Real=0.01s
[138.594s][info][gc,start       ] GC(300) Pause Young (Allocation Failure)
[138.596s][info][gc,heap        ] GC(300) PSYoungGen: 1388893K(1389568K)->7517K(1389568K) Eden: 1381376K(1381376K)->0K(1381376K) From: 7517K(8192K)->7517K(8192K)
[138.596s][info][gc,heap        ] GC(300) ParOldGen: 1400390K(2712576K)->1400390K(2712576K)
[138.596s][info][gc,metaspace   ] GC(300) Metaspace: 124048K(129088K)->124048K(129088K) NonClass: 106628K(107328K)->106628K(107328K) Class: 17419K(21760K)->17419K(21760K)
[138.596s][info][gc             ] GC(300) Pause Young (Allocation Failure) 2723M->1374M(4006M) 2.125ms
[138.597s][info][gc,cpu         ] GC(300) User=0.00s Sys=0.00s Real=0.00s
[138.688s][info][gc,start       ] GC(301) Pause Young (Allocation Failure)
[138.690s][info][gc,heap        ] GC(301) PSYoungGen: 1388893K(1389568K)->7517K(1389568K) Eden: 1381376K(1381376K)->0K(1381376K) From: 7517K(8192K)->7517K(8192K)
[138.690s][info][gc,heap        ] GC(301) ParOldGen: 1400390K(2712576K)->1400390K(2712576K)
[138.690s][info][gc,metaspace   ] GC(301) Metaspace: 124048K(129088K)->124048K(129088K) NonClass: 106628K(107328K)->106628K(107328K) Class: 17419K(21760K)->17419K(21760K)
[138.690s][info][gc             ] GC(301) Pause Young (Allocation Failure) 2723M->1374M(4006M) 2.045ms
[138.690s][info][gc,cpu         ] GC(301) User=0.00s Sys=0.00s Real=0.00s
[138.782s][info][gc,start       ] GC(302) Pause Young (Allocation Failure)
[138.784s][info][gc,heap        ] GC(302) PSYoungGen: 1388893K(1389568K)->7549K(1389568K) Eden: 1381376K(1381376K)->0K(1381376K) From: 7517K(8192K)->7549K(8192K)
[138.784s][info][gc,heap        ] GC(302) ParOldGen: 1400390K(2712576K)->1400390K(2712576K)
[138.784s][info][gc,metaspace   ] GC(302) Metaspace: 124048K(129088K)->124048K(129088K) NonClass: 106628K(107328K)->106628K(107328K) Class: 17419K(21760K)->17419K(21760K)
[138.784s][info][gc             ] GC(302) Pause Young (Allocation Failure) 2723M->1374M(4006M) 2.038ms
[138.784s][info][gc,cpu         ] GC(302) User=0.00s Sys=0.00s Real=0.00s
[138.876s][info][gc,start       ] GC(303) Pause Young (Allocation Failure)
[138.878s][info][gc,heap        ] GC(303) PSYoungGen: 1388925K(1389568K)->7581K(1389568K) Eden: 1381376K(1381376K)->0K(1381376K) From: 7549K(8192K)->7581K(8192K)
[138.878s][info][gc,heap        ] GC(303) ParOldGen: 1400390K(2712576K)->1400390K(2712576K)
[138.878s][info][gc,metaspace   ] GC(303) Metaspace: 124048K(129088K)->124048K(129088K) NonClass: 106628K(107328K)->106628K(107328K) Class: 17419K(21760K)->17419K(21760K)
[138.878s][info][gc             ] GC(303) Pause Young (Allocation Failure) 2723M->1374M(4006M) 2.047ms
[138.878s][info][gc,cpu         ] GC(303) User=0.00s Sys=0.00s Real=0.00s
[138.969s][info][gc,start       ] GC(304) Pause Young (Allocation Failure)
[138.971s][info][gc,heap        ] GC(304) PSYoungGen: 1388957K(1389568K)->7549K(1389568K) Eden: 1381376K(1381376K)->0K(1381376K) From: 7581K(8192K)->7549K(8192K)
[138.972s][info][gc,heap        ] GC(304) ParOldGen: 1400390K(2712576K)->1400390K(2712576K)
[138.972s][info][gc,metaspace   ] GC(304) Metaspace: 124048K(129088K)->124048K(129088K) NonClass: 106628K(107328K)->106628K(107328K) Class: 17419K(21760K)->17419K(21760K)
[138.972s][info][gc             ] GC(304) Pause Young (Allocation Failure) 2723M->1374M(4006M) 2.133ms
[138.972s][info][gc,cpu         ] GC(304) User=0.00s Sys=0.00s Real=0.00s
[139.063s][info][gc,start       ] GC(305) Pause Young (Allocation Failure)
[139.065s][info][gc,heap        ] GC(305) PSYoungGen: 1388925K(1389568K)->7517K(1389568K) Eden: 1381376K(1381376K)->0K(1381376K) From: 7549K(8192K)->7517K(8192K)
[139.065s][info][gc,heap        ] GC(305) ParOldGen: 1400390K(2712576K)->1400390K(2712576K)
[139.065s][info][gc,metaspace   ] GC(305) Metaspace: 124048K(129088K)->124048K(129088K) NonClass: 106628K(107328K)->106628K(107328K) Class: 17419K(21760K)->17419K(21760K)
[139.065s][info][gc             ] GC(305) Pause Young (Allocation Failure) 2723M->1374M(4006M) 2.014ms
[139.065s][info][gc,cpu         ] GC(305) User=0.00s Sys=0.00s Real=0.00s
[139.157s][info][gc,start       ] GC(306) Pause Young (Allocation Failure)
[139.159s][info][gc,heap        ] GC(306) PSYoungGen: 1388893K(1389568K)->7637K(1389568K) Eden: 1381376K(1381376K)->0K(1381376K) From: 7517K(8192K)->7637K(8192K)
[139.159s][info][gc,heap        ] GC(306) ParOldGen: 1400390K(2712576K)->1400390K(2712576K)
[139.159s][info][gc,metaspace   ] GC(306) Metaspace: 124048K(129088K)->124048K(129088K) NonClass: 106628K(107328K)->106628K(107328K) Class: 17419K(21760K)->17419K(21760K)
[139.159s][info][gc             ] GC(306) Pause Young (Allocation Failure) 2723M->1375M(4006M) 2.127ms
[139.159s][info][gc,cpu         ] GC(306) User=0.00s Sys=0.00s Real=0.00s
[139.251s][info][gc,start       ] GC(307) Pause Young (Allocation Failure)
[139.253s][info][gc,heap        ] GC(307) PSYoungGen: 1389013K(1389568K)->7541K(1389568K) Eden: 1381376K(1381376K)->0K(1381376K) From: 7637K(8192K)->7541K(8192K)
[139.253s][info][gc,heap        ] GC(307) ParOldGen: 1400390K(2712576K)->1400390K(2712576K)
[139.253s][info][gc,metaspace   ] GC(307) Metaspace: 124048K(129088K)->124048K(129088K) NonClass: 106628K(107328K)->106628K(107328K) Class: 17419K(21760K)->17419K(21760K)
[139.253s][info][gc             ] GC(307) Pause Young (Allocation Failure) 2724M->1374M(4006M) 2.136ms
[139.253s][info][gc,cpu         ] GC(307) User=0.00s Sys=0.00s Real=0.00s
[139.902s][info][gc,start       ] GC(308) Pause Young (System.gc())
[139.905s][info][gc,heap        ] GC(308) PSYoungGen: 1147228K(1389568K)->8191K(1389568K) Eden: 1139687K(1381376K)->0K(1381376K) From: 7541K(8192K)->8191K(8192K)
[139.905s][info][gc,heap        ] GC(308) ParOldGen: 1400390K(2712576K)->1400552K(2712576K)
[139.905s][info][gc,metaspace   ] GC(308) Metaspace: 124056K(129088K)->124056K(129088K) NonClass: 106636K(107328K)->106636K(107328K) Class: 17420K(21760K)->17420K(21760K)
[139.905s][info][gc             ] GC(308) Pause Young (System.gc()) 2487M->1375M(4006M) 2.908ms
[139.905s][info][gc,cpu         ] GC(308) User=0.00s Sys=0.00s Real=0.00s
[139.906s][info][gc,start       ] GC(309) Pause Full (System.gc())
[139.906s][info][gc,phases,start] GC(309) Marking Phase
[139.969s][info][gc,phases      ] GC(309) Marking Phase 63.087ms
[139.969s][info][gc,phases,start] GC(309) Summary Phase
[139.969s][info][gc,phases      ] GC(309) Summary Phase 0.057ms
[139.969s][info][gc,phases,start] GC(309) Adjust Roots
[139.986s][info][gc,phases      ] GC(309) Adjust Roots 17.648ms
[139.986s][info][gc,phases,start] GC(309) Compaction Phase
[140.097s][info][gc,phases      ] GC(309) Compaction Phase 110.703ms
[140.097s][info][gc,phases,start] GC(309) Post Compact
[140.105s][info][gc,phases      ] GC(309) Post Compact 7.343ms
[140.105s][info][gc,heap        ] GC(309) PSYoungGen: 8191K(1389568K)->0K(1389568K) Eden: 0K(1381376K)->0K(1381376K) From: 8191K(8192K)->0K(8192K)
[140.105s][info][gc,heap        ] GC(309) ParOldGen: 1400552K(2712576K)->1400415K(2712576K)
[140.105s][info][gc,metaspace   ] GC(309) Metaspace: 124056K(129088K)->124056K(129088K) NonClass: 106636K(107328K)->106636K(107328K) Class: 17420K(21760K)->17420K(21760K)
[140.105s][info][gc             ] GC(309) Pause Full (System.gc()) 1375M->1367M(4006M) 199.135ms
[140.105s][info][gc,cpu         ] GC(309) User=4.69s Sys=0.05s Real=0.19s
[140.265s][info][gc,start       ] GC(310) Pause Young (Allocation Failure)
[140.267s][info][gc,heap        ] GC(310) PSYoungGen: 1381376K(1389568K)->7389K(1389568K) Eden: 1381376K(1381376K)->0K(1381376K) From: 0K(8192K)->7389K(8192K)
[140.267s][info][gc,heap        ] GC(310) ParOldGen: 1400415K(2712576K)->1400423K(2712576K)
[140.267s][info][gc,metaspace   ] GC(310) Metaspace: 124084K(129088K)->124084K(129088K) NonClass: 106664K(107328K)->106664K(107328K) Class: 17420K(21760K)->17420K(21760K)
[140.267s][info][gc             ] GC(310) Pause Young (Allocation Failure) 2716M->1374M(4006M) 2.401ms
[140.267s][info][gc,cpu         ] GC(310) User=0.52s Sys=0.00s Real=0.02s
[140.359s][info][gc,start       ] GC(311) Pause Young (Allocation Failure)
[140.361s][info][gc,heap        ] GC(311) PSYoungGen: 1388765K(1389568K)->7549K(1389568K) Eden: 1381376K(1381376K)->0K(1381376K) From: 7389K(8192K)->7549K(8192K)
[140.361s][info][gc,heap        ] GC(311) ParOldGen: 1400423K(2712576K)->1400423K(2712576K)
[140.361s][info][gc,metaspace   ] GC(311) Metaspace: 124084K(129088K)->124084K(129088K) NonClass: 106664K(107328K)->106664K(107328K) Class: 17420K(21760K)->17420K(21760K)
[140.361s][info][gc             ] GC(311) Pause Young (Allocation Failure) 2723M->1374M(4006M) 2.128ms
[140.361s][info][gc,cpu         ] GC(311) User=0.52s Sys=0.00s Real=0.02s
[140.453s][info][gc,start       ] GC(312) Pause Young (Allocation Failure)
[140.455s][info][gc,heap        ] GC(312) PSYoungGen: 1388925K(1389568K)->7485K(1389568K) Eden: 1381376K(1381376K)->0K(1381376K) From: 7549K(8192K)->7485K(8192K)
[140.455s][info][gc,heap        ] GC(312) ParOldGen: 1400423K(2712576K)->1400423K(2712576K)
[140.455s][info][gc,metaspace   ] GC(312) Metaspace: 124084K(129088K)->124084K(129088K) NonClass: 106664K(107328K)->106664K(107328K) Class: 17420K(21760K)->17420K(21760K)
[140.455s][info][gc             ] GC(312) Pause Young (Allocation Failure) 2723M->1374M(4006M) 2.047ms
[140.455s][info][gc,cpu         ] GC(312) User=0.52s Sys=0.00s Real=0.01s
[140.547s][info][gc,start       ] GC(313) Pause Young (Allocation Failure)
[140.549s][info][gc,heap        ] GC(313) PSYoungGen: 1388861K(1389568K)->7613K(1389568K) Eden: 1381376K(1381376K)->0K(1381376K) From: 7485K(8192K)->7613K(8192K)
[140.549s][info][gc,heap        ] GC(313) ParOldGen: 1400423K(2712576K)->1400423K(2712576K)
[140.549s][info][gc,metaspace   ] GC(313) Metaspace: 124084K(129088K)->124084K(129088K) NonClass: 106664K(107328K)->106664K(107328K) Class: 17420K(21760K)->17420K(21760K)
[140.549s][info][gc             ] GC(313) Pause Young (Allocation Failure) 2723M->1375M(4006M) 2.028ms
[140.549s][info][gc,cpu         ] GC(313) User=0.00s Sys=0.00s Real=0.00s
[140.640s][info][gc,start       ] GC(314) Pause Young (Allocation Failure)
[140.642s][info][gc,heap        ] GC(314) PSYoungGen: 1388989K(1389568K)->7517K(1389568K) Eden: 1381376K(1381376K)->0K(1381376K) From: 7613K(8192K)->7517K(8192K)
[140.642s][info][gc,heap        ] GC(314) ParOldGen: 1400423K(2712576K)->1400423K(2712576K)
[140.642s][info][gc,metaspace   ] GC(314) Metaspace: 124084K(129088K)->124084K(129088K) NonClass: 106664K(107328K)->106664K(107328K) Class: 17420K(21760K)->17420K(21760K)
[140.642s][info][gc             ] GC(314) Pause Young (Allocation Failure) 2724M->1374M(4006M) 2.018ms
[140.642s][info][gc,cpu         ] GC(314) User=0.00s Sys=0.00s Real=0.00s
[140.734s][info][gc,start       ] GC(315) Pause Young (Allocation Failure)
[140.736s][info][gc,heap        ] GC(315) PSYoungGen: 1388893K(1389568K)->7517K(1389568K) Eden: 1381376K(1381376K)->0K(1381376K) From: 7517K(8192K)->7517K(8192K)
[140.736s][info][gc,heap        ] GC(315) ParOldGen: 1400423K(2712576K)->1400423K(2712576K)
[140.736s][info][gc,metaspace   ] GC(315) Metaspace: 124084K(129088K)->124084K(129088K) NonClass: 106664K(107328K)->106664K(107328K) Class: 17420K(21760K)->17420K(21760K)
[140.736s][info][gc             ] GC(315) Pause Young (Allocation Failure) 2723M->1374M(4006M) 2.019ms
[140.736s][info][gc,cpu         ] GC(315) User=0.00s Sys=0.00s Real=0.00s
[140.827s][info][gc,start       ] GC(316) Pause Young (Allocation Failure)
[140.829s][info][gc,heap        ] GC(316) PSYoungGen: 1388893K(1389568K)->7549K(1389568K) Eden: 1381376K(1381376K)->0K(1381376K) From: 7517K(8192K)->7549K(8192K)
[140.829s][info][gc,heap        ] GC(316) ParOldGen: 1400423K(2712576K)->1400423K(2712576K)
[140.829s][info][gc,metaspace   ] GC(316) Metaspace: 124084K(129088K)->124084K(129088K) NonClass: 106664K(107328K)->106664K(107328K) Class: 17420K(21760K)->17420K(21760K)
[140.829s][info][gc             ] GC(316) Pause Young (Allocation Failure) 2723M->1374M(4006M) 1.932ms
[140.829s][info][gc,cpu         ] GC(316) User=0.00s Sys=0.00s Real=0.00s
[140.921s][info][gc,start       ] GC(317) Pause Young (Allocation Failure)
[140.923s][info][gc,heap        ] GC(317) PSYoungGen: 1388925K(1389568K)->7485K(1389568K) Eden: 1381376K(1381376K)->0K(1381376K) From: 7549K(8192K)->7485K(8192K)
[140.923s][info][gc,heap        ] GC(317) ParOldGen: 1400423K(2712576K)->1400423K(2712576K)
[140.923s][info][gc,metaspace   ] GC(317) Metaspace: 124084K(129088K)->124084K(129088K) NonClass: 106664K(107328K)->106664K(107328K) Class: 17420K(21760K)->17420K(21760K)
[140.923s][info][gc             ] GC(317) Pause Young (Allocation Failure) 2723M->1374M(4006M) 1.981ms
[140.923s][info][gc,cpu         ] GC(317) User=0.00s Sys=0.00s Real=0.00s
[141.014s][info][gc,start       ] GC(318) Pause Young (Allocation Failure)
[141.016s][info][gc,heap        ] GC(318) PSYoungGen: 1388861K(1389568K)->7549K(1389568K) Eden: 1381376K(1381376K)->0K(1381376K) From: 7485K(8192K)->7549K(8192K)
[141.016s][info][gc,heap        ] GC(318) ParOldGen: 1400423K(2712576K)->1400423K(2712576K)
[141.017s][info][gc,metaspace   ] GC(318) Metaspace: 124084K(129088K)->124084K(129088K) NonClass: 106664K(107328K)->106664K(107328K) Class: 17420K(21760K)->17420K(21760K)
[141.017s][info][gc             ] GC(318) Pause Young (Allocation Failure) 2723M->1374M(4006M) 2.099ms
[141.017s][info][gc,cpu         ] GC(318) User=0.00s Sys=0.00s Real=0.00s
[141.108s][info][gc,start       ] GC(319) Pause Young (Allocation Failure)
[141.110s][info][gc,heap        ] GC(319) PSYoungGen: 1388925K(1389568K)->7541K(1389568K) Eden: 1381376K(1381376K)->0K(1381376K) From: 7549K(8192K)->7541K(8192K)
[141.110s][info][gc,heap        ] GC(319) ParOldGen: 1400423K(2712576K)->1400423K(2712576K)
[141.110s][info][gc,metaspace   ] GC(319) Metaspace: 124084K(129088K)->124084K(129088K) NonClass: 106664K(107328K)->106664K(107328K) Class: 17420K(21760K)->17420K(21760K)
[141.110s][info][gc             ] GC(319) Pause Young (Allocation Failure) 2723M->1374M(4006M) 2.090ms
[141.110s][info][gc,cpu         ] GC(319) User=0.00s Sys=0.00s Real=0.00s
[141.202s][info][gc,start       ] GC(320) Pause Young (Allocation Failure)
[141.204s][info][gc,heap        ] GC(320) PSYoungGen: 1388917K(1389568K)->7637K(1389568K) Eden: 1381376K(1381376K)->0K(1381376K) From: 7541K(8192K)->7637K(8192K)
[141.204s][info][gc,heap        ] GC(320) ParOldGen: 1400423K(2712576K)->1400423K(2712576K)
[141.204s][info][gc,metaspace   ] GC(320) Metaspace: 124084K(129088K)->124084K(129088K) NonClass: 106664K(107328K)->106664K(107328K) Class: 17420K(21760K)->17420K(21760K)
[141.204s][info][gc             ] GC(320) Pause Young (Allocation Failure) 2723M->1375M(4006M) 1.977ms
[141.204s][info][gc,cpu         ] GC(320) User=0.00s Sys=0.00s Real=0.00s
[141.862s][info][gc,start       ] GC(321) Pause Young (System.gc())
[141.865s][info][gc,heap        ] GC(321) PSYoungGen: 1138636K(1389568K)->8184K(1389568K) Eden: 1130999K(1381376K)->0K(1381376K) From: 7637K(8192K)->8184K(8192K)
[141.865s][info][gc,heap        ] GC(321) ParOldGen: 1400423K(2712576K)->1400526K(2712576K)
[141.865s][info][gc,metaspace   ] GC(321) Metaspace: 124094K(129152K)->124094K(129152K) NonClass: 106674K(107392K)->106674K(107392K) Class: 17420K(21760K)->17420K(21760K)
[141.865s][info][gc             ] GC(321) Pause Young (System.gc()) 2479M->1375M(4006M) 2.669ms
[141.865s][info][gc,cpu         ] GC(321) User=0.52s Sys=0.00s Real=0.02s
[141.865s][info][gc,start       ] GC(322) Pause Full (System.gc())
[141.865s][info][gc,phases,start] GC(322) Marking Phase
[141.917s][info][gc,phases      ] GC(322) Marking Phase 52.209ms
[141.917s][info][gc,phases,start] GC(322) Summary Phase
[141.917s][info][gc,phases      ] GC(322) Summary Phase 0.042ms
[141.917s][info][gc,phases,start] GC(322) Adjust Roots
[141.939s][info][gc,phases      ] GC(322) Adjust Roots 21.960ms
[141.939s][info][gc,phases,start] GC(322) Compaction Phase
[142.048s][info][gc,phases      ] GC(322) Compaction Phase 109.224ms
[142.048s][info][gc,phases,start] GC(322) Post Compact
[142.056s][info][gc,phases      ] GC(322) Post Compact 7.482ms
[142.056s][info][gc,heap        ] GC(322) PSYoungGen: 8184K(1389568K)->0K(1389568K) Eden: 0K(1381376K)->0K(1381376K) From: 8184K(8192K)->0K(8192K)
[142.056s][info][gc,heap        ] GC(322) ParOldGen: 1400526K(2712576K)->1400499K(2712576K)
[142.056s][info][gc,metaspace   ] GC(322) Metaspace: 124094K(129152K)->124094K(129152K) NonClass: 106674K(107392K)->106674K(107392K) Class: 17420K(21760K)->17420K(21760K)
[142.056s][info][gc             ] GC(322) Pause Full (System.gc()) 1375M->1367M(4006M) 191.217ms
[142.056s][info][gc,cpu         ] GC(322) User=4.59s Sys=0.02s Real=0.19s
[142.218s][info][gc,start       ] GC(323) Pause Young (Allocation Failure)
[142.220s][info][gc,heap        ] GC(323) PSYoungGen: 1381376K(1389568K)->7421K(1389568K) Eden: 1381376K(1381376K)->0K(1381376K) From: 0K(8192K)->7421K(8192K)
[142.220s][info][gc,heap        ] GC(323) ParOldGen: 1400499K(2712576K)->1400499K(2712576K)
[142.220s][info][gc,metaspace   ] GC(323) Metaspace: 124241K(129280K)->124241K(129280K) NonClass: 106820K(107520K)->106820K(107520K) Class: 17420K(21760K)->17420K(21760K)
[142.220s][info][gc             ] GC(323) Pause Young (Allocation Failure) 2716M->1374M(4006M) 2.327ms
[142.220s][info][gc,cpu         ] GC(323) User=0.02s Sys=0.02s Real=0.00s
[142.312s][info][gc,start       ] GC(324) Pause Young (Allocation Failure)
[142.314s][info][gc,heap        ] GC(324) PSYoungGen: 1388797K(1389568K)->7581K(1389568K) Eden: 1381376K(1381376K)->0K(1381376K) From: 7421K(8192K)->7581K(8192K)
[142.314s][info][gc,heap        ] GC(324) ParOldGen: 1400499K(2712576K)->1400499K(2712576K)
[142.314s][info][gc,metaspace   ] GC(324) Metaspace: 124241K(129280K)->124241K(129280K) NonClass: 106820K(107520K)->106820K(107520K) Class: 17420K(21760K)->17420K(21760K)
[142.314s][info][gc             ] GC(324) Pause Young (Allocation Failure) 2723M->1375M(4006M) 2.045ms
[142.314s][info][gc,cpu         ] GC(324) User=0.00s Sys=0.00s Real=0.00s
[142.405s][info][gc,start       ] GC(325) Pause Young (Allocation Failure)
[142.407s][info][gc,heap        ] GC(325) PSYoungGen: 1388957K(1389568K)->7517K(1389568K) Eden: 1381376K(1381376K)->0K(1381376K) From: 7581K(8192K)->7517K(8192K)
[142.407s][info][gc,heap        ] GC(325) ParOldGen: 1400499K(2712576K)->1400499K(2712576K)
[142.407s][info][gc,metaspace   ] GC(325) Metaspace: 124241K(129280K)->124241K(129280K) NonClass: 106820K(107520K)->106820K(107520K) Class: 17420K(21760K)->17420K(21760K)
[142.407s][info][gc             ] GC(325) Pause Young (Allocation Failure) 2724M->1375M(4006M) 1.968ms
[142.407s][info][gc,cpu         ] GC(325) User=0.00s Sys=0.00s Real=0.00s
[142.499s][info][gc,start       ] GC(326) Pause Young (Allocation Failure)
[142.501s][info][gc,heap        ] GC(326) PSYoungGen: 1388893K(1389568K)->7517K(1389568K) Eden: 1381376K(1381376K)->0K(1381376K) From: 7517K(8192K)->7517K(8192K)
[142.501s][info][gc,heap        ] GC(326) ParOldGen: 1400499K(2712576K)->1400499K(2712576K)
[142.501s][info][gc,metaspace   ] GC(326) Metaspace: 124241K(129280K)->124241K(129280K) NonClass: 106820K(107520K)->106820K(107520K) Class: 17420K(21760K)->17420K(21760K)
[142.501s][info][gc             ] GC(326) Pause Young (Allocation Failure) 2724M->1375M(4006M) 2.041ms
[142.501s][info][gc,cpu         ] GC(326) User=0.00s Sys=0.00s Real=0.00s
[142.593s][info][gc,start       ] GC(327) Pause Young (Allocation Failure)
[142.595s][info][gc,heap        ] GC(327) PSYoungGen: 1388893K(1389568K)->7485K(1389568K) Eden: 1381376K(1381376K)->0K(1381376K) From: 7517K(8192K)->7485K(8192K)
[142.595s][info][gc,heap        ] GC(327) ParOldGen: 1400499K(2712576K)->1400499K(2712576K)
[142.595s][info][gc,metaspace   ] GC(327) Metaspace: 124241K(129280K)->124241K(129280K) NonClass: 106820K(107520K)->106820K(107520K) Class: 17420K(21760K)->17420K(21760K)
[142.595s][info][gc             ] GC(327) Pause Young (Allocation Failure) 2724M->1374M(4006M) 2.193ms
[142.595s][info][gc,cpu         ] GC(327) User=0.00s Sys=0.00s Real=0.00s
[142.687s][info][gc,start       ] GC(328) Pause Young (Allocation Failure)
[142.689s][info][gc,heap        ] GC(328) PSYoungGen: 1388861K(1389568K)->7581K(1389568K) Eden: 1381376K(1381376K)->0K(1381376K) From: 7485K(8192K)->7581K(8192K)
[142.689s][info][gc,heap        ] GC(328) ParOldGen: 1400499K(2712576K)->1400499K(2712576K)
[142.689s][info][gc,metaspace   ] GC(328) Metaspace: 124241K(129280K)->124241K(129280K) NonClass: 106820K(107520K)->106820K(107520K) Class: 17420K(21760K)->17420K(21760K)
[142.689s][info][gc             ] GC(328) Pause Young (Allocation Failure) 2723M->1375M(4006M) 2.046ms
[142.689s][info][gc,cpu         ] GC(328) User=0.00s Sys=0.02s Real=0.02s
[142.781s][info][gc,start       ] GC(329) Pause Young (Allocation Failure)
[142.783s][info][gc,heap        ] GC(329) PSYoungGen: 1388957K(1389568K)->7517K(1389568K) Eden: 1381376K(1381376K)->0K(1381376K) From: 7581K(8192K)->7517K(8192K)
[142.783s][info][gc,heap        ] GC(329) ParOldGen: 1400499K(2712576K)->1400499K(2712576K)
[142.783s][info][gc,metaspace   ] GC(329) Metaspace: 124241K(129280K)->124241K(129280K) NonClass: 106820K(107520K)->106820K(107520K) Class: 17420K(21760K)->17420K(21760K)
[142.783s][info][gc             ] GC(329) Pause Young (Allocation Failure) 2724M->1375M(4006M) 2.084ms
[142.783s][info][gc,cpu         ] GC(329) User=0.52s Sys=0.00s Real=0.02s
[142.875s][info][gc,start       ] GC(330) Pause Young (Allocation Failure)
[142.876s][info][gc,heap        ] GC(330) PSYoungGen: 1388893K(1389568K)->7485K(1389568K) Eden: 1381376K(1381376K)->0K(1381376K) From: 7517K(8192K)->7485K(8192K)
[142.877s][info][gc,heap        ] GC(330) ParOldGen: 1400499K(2712576K)->1400499K(2712576K)
[142.877s][info][gc,metaspace   ] GC(330) Metaspace: 124241K(129280K)->124241K(129280K) NonClass: 106820K(107520K)->106820K(107520K) Class: 17420K(21760K)->17420K(21760K)
[142.877s][info][gc             ] GC(330) Pause Young (Allocation Failure) 2724M->1374M(4006M) 2.031ms
[142.877s][info][gc,cpu         ] GC(330) User=0.45s Sys=0.02s Real=0.02s
[142.970s][info][gc,start       ] GC(331) Pause Young (Allocation Failure)
[142.971s][info][gc,heap        ] GC(331) PSYoungGen: 1388861K(1389568K)->7549K(1389568K) Eden: 1381376K(1381376K)->0K(1381376K) From: 7485K(8192K)->7549K(8192K)
[142.971s][info][gc,heap        ] GC(331) ParOldGen: 1400499K(2712576K)->1400499K(2712576K)
[142.971s][info][gc,metaspace   ] GC(331) Metaspace: 124256K(129280K)->124256K(129280K) NonClass: 106835K(107520K)->106835K(107520K) Class: 17420K(21760K)->17420K(21760K)
[142.972s][info][gc             ] GC(331) Pause Young (Allocation Failure) 2723M->1375M(4006M) 1.966ms
[142.972s][info][gc,cpu         ] GC(331) User=0.00s Sys=0.00s Real=0.00s
[143.064s][info][gc,start       ] GC(332) Pause Young (Allocation Failure)
[143.067s][info][gc,heap        ] GC(332) PSYoungGen: 1388925K(1389568K)->7669K(1389568K) Eden: 1381376K(1381376K)->0K(1381376K) From: 7549K(8192K)->7669K(8192K)
[143.067s][info][gc,heap        ] GC(332) ParOldGen: 1400499K(2712576K)->1400499K(2712576K)
[143.067s][info][gc,metaspace   ] GC(332) Metaspace: 124256K(129280K)->124256K(129280K) NonClass: 106835K(107520K)->106835K(107520K) Class: 17420K(21760K)->17420K(21760K)
[143.067s][info][gc             ] GC(332) Pause Young (Allocation Failure) 2724M->1375M(4006M) 2.186ms
[143.067s][info][gc,cpu         ] GC(332) User=0.55s Sys=0.00s Real=0.01s
[143.159s][info][gc,start       ] GC(333) Pause Young (Allocation Failure)
[143.161s][info][gc,heap        ] GC(333) PSYoungGen: 1389045K(1389568K)->7608K(1389568K) Eden: 1381376K(1381376K)->0K(1381376K) From: 7669K(8192K)->7608K(8192K)
[143.161s][info][gc,heap        ] GC(333) ParOldGen: 1400499K(2712576K)->1400499K(2712576K)
[143.161s][info][gc,metaspace   ] GC(333) Metaspace: 124256K(129280K)->124256K(129280K) NonClass: 106835K(107520K)->106835K(107520K) Class: 17420K(21760K)->17420K(21760K)
[143.161s][info][gc             ] GC(333) Pause Young (Allocation Failure) 2724M->1375M(4006M) 2.076ms
[143.161s][info][gc,cpu         ] GC(333) User=0.00s Sys=0.00s Real=0.00s
[144.654s][info][gc,start       ] GC(334) Pause Young (System.gc())
[144.657s][info][gc,heap        ] GC(334) PSYoungGen: 1134102K(1389568K)->8169K(1389568K) Eden: 1126494K(1381376K)->0K(1381376K) From: 7608K(8192K)->8169K(8192K)
[144.657s][info][gc,heap        ] GC(334) ParOldGen: 1400499K(2712576K)->1400757K(2712576K)
[144.657s][info][gc,metaspace   ] GC(334) Metaspace: 124257K(129280K)->124257K(129280K) NonClass: 106836K(107520K)->106836K(107520K) Class: 17420K(21760K)->17420K(21760K)
[144.657s][info][gc             ] GC(334) Pause Young (System.gc()) 2475M->1375M(4006M) 2.957ms
[144.657s][info][gc,cpu         ] GC(334) User=0.00s Sys=0.00s Real=0.00s
[144.657s][info][gc,start       ] GC(335) Pause Full (System.gc())
[144.657s][info][gc,phases,start] GC(335) Marking Phase
[144.711s][info][gc,phases      ] GC(335) Marking Phase 53.105ms
[144.711s][info][gc,phases,start] GC(335) Summary Phase
[144.711s][info][gc,phases      ] GC(335) Summary Phase 0.040ms
[144.711s][info][gc,phases,start] GC(335) Adjust Roots
[144.734s][info][gc,phases      ] GC(335) Adjust Roots 22.883ms
[144.734s][info][gc,phases,start] GC(335) Compaction Phase
[144.847s][info][gc,phases      ] GC(335) Compaction Phase 113.798ms
[144.847s][info][gc,phases,start] GC(335) Post Compact
[144.855s][info][gc,phases      ] GC(335) Post Compact 7.346ms
[144.855s][info][gc,heap        ] GC(335) PSYoungGen: 8169K(1389568K)->0K(1389568K) Eden: 0K(1381376K)->0K(1381376K) From: 8169K(8192K)->0K(8192K)
[144.855s][info][gc,heap        ] GC(335) ParOldGen: 1400757K(2712576K)->1400544K(2712576K)
[144.855s][info][gc,metaspace   ] GC(335) Metaspace: 124257K(129280K)->124257K(129280K) NonClass: 106836K(107520K)->106836K(107520K) Class: 17420K(21760K)->17420K(21760K)
[144.855s][info][gc             ] GC(335) Pause Full (System.gc()) 1375M->1367M(4006M) 197.507ms
[144.855s][info][gc,cpu         ] GC(335) User=4.92s Sys=0.02s Real=0.20s
[145.020s][info][gc,start       ] GC(336) Pause Young (Allocation Failure)
[145.023s][info][gc,heap        ] GC(336) PSYoungGen: 1381376K(1389568K)->7389K(1389568K) Eden: 1381376K(1381376K)->0K(1381376K) From: 0K(8192K)->7389K(8192K)
[145.023s][info][gc,heap        ] GC(336) ParOldGen: 1400544K(2712576K)->1400552K(2712576K)
[145.023s][info][gc,metaspace   ] GC(336) Metaspace: 124330K(129344K)->124330K(129344K) NonClass: 106909K(107584K)->106909K(107584K) Class: 17420K(21760K)->17420K(21760K)
[145.023s][info][gc             ] GC(336) Pause Young (Allocation Failure) 2716M->1374M(4006M) 2.298ms
[145.023s][info][gc,cpu         ] GC(336) User=0.00s Sys=0.02s Real=0.00s
[145.115s][info][gc,start       ] GC(337) Pause Young (Allocation Failure)
[145.116s][info][gc,heap        ] GC(337) PSYoungGen: 1388765K(1389568K)->7517K(1389568K) Eden: 1381376K(1381376K)->0K(1381376K) From: 7389K(8192K)->7517K(8192K)
[145.117s][info][gc,heap        ] GC(337) ParOldGen: 1400552K(2712576K)->1400552K(2712576K)
[145.117s][info][gc,metaspace   ] GC(337) Metaspace: 124330K(129344K)->124330K(129344K) NonClass: 106909K(107584K)->106909K(107584K) Class: 17420K(21760K)->17420K(21760K)
[145.117s][info][gc             ] GC(337) Pause Young (Allocation Failure) 2723M->1375M(4006M) 2.029ms
[145.117s][info][gc,cpu         ] GC(337) User=0.00s Sys=0.00s Real=0.00s
[145.208s][info][gc,start       ] GC(338) Pause Young (Allocation Failure)
[145.210s][info][gc,heap        ] GC(338) PSYoungGen: 1388893K(1389568K)->7485K(1389568K) Eden: 1381376K(1381376K)->0K(1381376K) From: 7517K(8192K)->7485K(8192K)
[145.210s][info][gc,heap        ] GC(338) ParOldGen: 1400552K(2712576K)->1400552K(2712576K)
[145.210s][info][gc,metaspace   ] GC(338) Metaspace: 124330K(129344K)->124330K(129344K) NonClass: 106909K(107584K)->106909K(107584K) Class: 17420K(21760K)->17420K(21760K)
[145.210s][info][gc             ] GC(338) Pause Young (Allocation Failure) 2724M->1375M(4006M) 2.039ms
[145.210s][info][gc,cpu         ] GC(338) User=0.00s Sys=0.00s Real=0.00s
[145.302s][info][gc,start       ] GC(339) Pause Young (Allocation Failure)
[145.304s][info][gc,heap        ] GC(339) PSYoungGen: 1388861K(1389568K)->7517K(1389568K) Eden: 1381376K(1381376K)->0K(1381376K) From: 7485K(8192K)->7517K(8192K)
[145.304s][info][gc,heap        ] GC(339) ParOldGen: 1400552K(2712576K)->1400552K(2712576K)
[145.304s][info][gc,metaspace   ] GC(339) Metaspace: 124330K(129344K)->124330K(129344K) NonClass: 106909K(107584K)->106909K(107584K) Class: 17420K(21760K)->17420K(21760K)
[145.304s][info][gc             ] GC(339) Pause Young (Allocation Failure) 2724M->1375M(4006M) 2.125ms
[145.304s][info][gc,cpu         ] GC(339) User=0.52s Sys=0.00s Real=0.02s
[145.395s][info][gc,start       ] GC(340) Pause Young (Allocation Failure)
[145.397s][info][gc,heap        ] GC(340) PSYoungGen: 1388893K(1389568K)->7453K(1389568K) Eden: 1381376K(1381376K)->0K(1381376K) From: 7517K(8192K)->7453K(8192K)
[145.397s][info][gc,heap        ] GC(340) ParOldGen: 1400552K(2712576K)->1400552K(2712576K)
[145.397s][info][gc,metaspace   ] GC(340) Metaspace: 124330K(129344K)->124330K(129344K) NonClass: 106909K(107584K)->106909K(107584K) Class: 17420K(21760K)->17420K(21760K)
[145.397s][info][gc             ] GC(340) Pause Young (Allocation Failure) 2724M->1375M(4006M) 2.028ms
[145.397s][info][gc,cpu         ] GC(340) User=0.00s Sys=0.00s Real=0.00s
[145.489s][info][gc,start       ] GC(341) Pause Young (Allocation Failure)
[145.491s][info][gc,heap        ] GC(341) PSYoungGen: 1388829K(1389568K)->7485K(1389568K) Eden: 1381376K(1381376K)->0K(1381376K) From: 7453K(8192K)->7485K(8192K)
[145.491s][info][gc,heap        ] GC(341) ParOldGen: 1400552K(2712576K)->1400552K(2712576K)
[145.491s][info][gc,metaspace   ] GC(341) Metaspace: 124330K(129344K)->124330K(129344K) NonClass: 106909K(107584K)->106909K(107584K) Class: 17420K(21760K)->17420K(21760K)
[145.491s][info][gc             ] GC(341) Pause Young (Allocation Failure) 2724M->1375M(4006M) 2.042ms
[145.491s][info][gc,cpu         ] GC(341) User=0.00s Sys=0.00s Real=0.00s
[145.583s][info][gc,start       ] GC(342) Pause Young (Allocation Failure)
[145.585s][info][gc,heap        ] GC(342) PSYoungGen: 1388861K(1389568K)->7517K(1389568K) Eden: 1381376K(1381376K)->0K(1381376K) From: 7485K(8192K)->7517K(8192K)
[145.585s][info][gc,heap        ] GC(342) ParOldGen: 1400552K(2712576K)->1400552K(2712576K)
[145.585s][info][gc,metaspace   ] GC(342) Metaspace: 124330K(129344K)->124330K(129344K) NonClass: 106909K(107584K)->106909K(107584K) Class: 17420K(21760K)->17420K(21760K)
[145.585s][info][gc             ] GC(342) Pause Young (Allocation Failure) 2724M->1375M(4006M) 2.116ms
[145.585s][info][gc,cpu         ] GC(342) User=0.00s Sys=0.00s Real=0.02s
[145.677s][info][gc,start       ] GC(343) Pause Young (Allocation Failure)
[145.679s][info][gc,heap        ] GC(343) PSYoungGen: 1388893K(1389568K)->7517K(1389568K) Eden: 1381376K(1381376K)->0K(1381376K) From: 7517K(8192K)->7517K(8192K)
[145.679s][info][gc,heap        ] GC(343) ParOldGen: 1400552K(2712576K)->1400552K(2712576K)
[145.679s][info][gc,metaspace   ] GC(343) Metaspace: 124330K(129344K)->124330K(129344K) NonClass: 106909K(107584K)->106909K(107584K) Class: 17420K(21760K)->17420K(21760K)
[145.679s][info][gc             ] GC(343) Pause Young (Allocation Failure) 2724M->1375M(4006M) 2.071ms
[145.679s][info][gc,cpu         ] GC(343) User=0.00s Sys=0.00s Real=0.00s
[145.770s][info][gc,start       ] GC(344) Pause Young (Allocation Failure)
[145.772s][info][gc,heap        ] GC(344) PSYoungGen: 1388893K(1389568K)->7549K(1389568K) Eden: 1381376K(1381376K)->0K(1381376K) From: 7517K(8192K)->7549K(8192K)
[145.772s][info][gc,heap        ] GC(344) ParOldGen: 1400552K(2712576K)->1400552K(2712576K)
[145.772s][info][gc,metaspace   ] GC(344) Metaspace: 124330K(129344K)->124330K(129344K) NonClass: 106909K(107584K)->106909K(107584K) Class: 17420K(21760K)->17420K(21760K)
[145.772s][info][gc             ] GC(344) Pause Young (Allocation Failure) 2724M->1375M(4006M) 2.023ms
[145.772s][info][gc,cpu         ] GC(344) User=0.00s Sys=0.00s Real=0.00s
[145.864s][info][gc,start       ] GC(345) Pause Young (Allocation Failure)
[145.866s][info][gc,heap        ] GC(345) PSYoungGen: 1388925K(1389568K)->7605K(1389568K) Eden: 1381376K(1381376K)->0K(1381376K) From: 7549K(8192K)->7605K(8192K)
[145.866s][info][gc,heap        ] GC(345) ParOldGen: 1400552K(2712576K)->1400552K(2712576K)
[145.866s][info][gc,metaspace   ] GC(345) Metaspace: 124330K(129344K)->124330K(129344K) NonClass: 106909K(107584K)->106909K(107584K) Class: 17420K(21760K)->17420K(21760K)
[145.866s][info][gc             ] GC(345) Pause Young (Allocation Failure) 2724M->1375M(4006M) 2.011ms
[145.866s][info][gc,cpu         ] GC(345) User=0.00s Sys=0.00s Real=0.00s
[145.958s][info][gc,start       ] GC(346) Pause Young (Allocation Failure)
[145.960s][info][gc,heap        ] GC(346) PSYoungGen: 1388981K(1389568K)->7541K(1389568K) Eden: 1381376K(1381376K)->0K(1381376K) From: 7605K(8192K)->7541K(8192K)
[145.960s][info][gc,heap        ] GC(346) ParOldGen: 1400552K(2712576K)->1400552K(2712576K)
[145.960s][info][gc,metaspace   ] GC(346) Metaspace: 124330K(129344K)->124330K(129344K) NonClass: 106909K(107584K)->106909K(107584K) Class: 17420K(21760K)->17420K(21760K)
[145.960s][info][gc             ] GC(346) Pause Young (Allocation Failure) 2724M->1375M(4006M) 1.990ms
[145.960s][info][gc,cpu         ] GC(346) User=0.00s Sys=0.00s Real=0.00s
[146.590s][info][gc,start       ] GC(347) Pause Young (System.gc())
[146.593s][info][gc,heap        ] GC(347) PSYoungGen: 1135147K(1389568K)->8169K(1389568K) Eden: 1127606K(1381376K)->0K(1381376K) From: 7541K(8192K)->8169K(8192K)
[146.593s][info][gc,heap        ] GC(347) ParOldGen: 1400552K(2712576K)->1400742K(2712576K)
[146.593s][info][gc,metaspace   ] GC(347) Metaspace: 124356K(129344K)->124356K(129344K) NonClass: 106936K(107584K)->106936K(107584K) Class: 17420K(21760K)->17420K(21760K)
[146.593s][info][gc             ] GC(347) Pause Young (System.gc()) 2476M->1375M(4006M) 2.990ms
[146.594s][info][gc,cpu         ] GC(347) User=0.00s Sys=0.00s Real=0.00s
[146.594s][info][gc,start       ] GC(348) Pause Full (System.gc())
[146.594s][info][gc,phases,start] GC(348) Marking Phase
[146.646s][info][gc,phases      ] GC(348) Marking Phase 52.385ms
[146.646s][info][gc,phases,start] GC(348) Summary Phase
[146.646s][info][gc,phases      ] GC(348) Summary Phase 0.043ms
[146.646s][info][gc,phases,start] GC(348) Adjust Roots
[146.665s][info][gc,phases      ] GC(348) Adjust Roots 18.778ms
[146.665s][info][gc,phases,start] GC(348) Compaction Phase
[146.774s][info][gc,phases      ] GC(348) Compaction Phase 108.411ms
[146.774s][info][gc,phases,start] GC(348) Post Compact
[146.781s][info][gc,phases      ] GC(348) Post Compact 7.388ms
[146.781s][info][gc,heap        ] GC(348) PSYoungGen: 8169K(1389568K)->0K(1389568K) Eden: 0K(1381376K)->0K(1381376K) From: 8169K(8192K)->0K(8192K)
[146.781s][info][gc,heap        ] GC(348) ParOldGen: 1400742K(2712576K)->1400593K(2712576K)
[146.781s][info][gc,metaspace   ] GC(348) Metaspace: 124356K(129344K)->124356K(129344K) NonClass: 106936K(107584K)->106936K(107584K) Class: 17420K(21760K)->17420K(21760K)
[146.781s][info][gc             ] GC(348) Pause Full (System.gc()) 1375M->1367M(4006M) 187.338ms
[146.781s][info][gc,cpu         ] GC(348) User=4.52s Sys=0.02s Real=0.19s
[146.935s][info][gc,start       ] GC(349) Pause Young (Allocation Failure)
[146.938s][info][gc,heap        ] GC(349) PSYoungGen: 1381376K(1389568K)->7389K(1389568K) Eden: 1381376K(1381376K)->0K(1381376K) From: 0K(8192K)->7389K(8192K)
[146.938s][info][gc,heap        ] GC(349) ParOldGen: 1400593K(2712576K)->1400601K(2712576K)
[146.938s][info][gc,metaspace   ] GC(349) Metaspace: 124397K(129408K)->124397K(129408K) NonClass: 106977K(107648K)->106977K(107648K) Class: 17420K(21760K)->17420K(21760K)
[146.938s][info][gc             ] GC(349) Pause Young (Allocation Failure) 2716M->1374M(4006M) 2.297ms
[146.938s][info][gc,cpu         ] GC(349) User=0.00s Sys=0.00s Real=0.00s
[147.030s][info][gc,start       ] GC(350) Pause Young (Allocation Failure)
[147.032s][info][gc,heap        ] GC(350) PSYoungGen: 1388765K(1389568K)->7517K(1389568K) Eden: 1381376K(1381376K)->0K(1381376K) From: 7389K(8192K)->7517K(8192K)
[147.032s][info][gc,heap        ] GC(350) ParOldGen: 1400601K(2712576K)->1400601K(2712576K)
[147.032s][info][gc,metaspace   ] GC(350) Metaspace: 124397K(129408K)->124397K(129408K) NonClass: 106977K(107648K)->106977K(107648K) Class: 17420K(21760K)->17420K(21760K)
[147.032s][info][gc             ] GC(350) Pause Young (Allocation Failure) 2723M->1375M(4006M) 2.097ms
[147.032s][info][gc,cpu         ] GC(350) User=0.00s Sys=0.00s Real=0.00s
[147.123s][info][gc,start       ] GC(351) Pause Young (Allocation Failure)
[147.125s][info][gc,heap        ] GC(351) PSYoungGen: 1388893K(1389568K)->7517K(1389568K) Eden: 1381376K(1381376K)->0K(1381376K) From: 7517K(8192K)->7517K(8192K)
[147.125s][info][gc,heap        ] GC(351) ParOldGen: 1400601K(2712576K)->1400601K(2712576K)
[147.125s][info][gc,metaspace   ] GC(351) Metaspace: 124397K(129408K)->124397K(129408K) NonClass: 106977K(107648K)->106977K(107648K) Class: 17420K(21760K)->17420K(21760K)
[147.125s][info][gc             ] GC(351) Pause Young (Allocation Failure) 2724M->1375M(4006M) 2.013ms
[147.125s][info][gc,cpu         ] GC(351) User=0.00s Sys=0.00s Real=0.00s
[147.217s][info][gc,start       ] GC(352) Pause Young (Allocation Failure)
[147.219s][info][gc,heap        ] GC(352) PSYoungGen: 1388893K(1389568K)->7485K(1389568K) Eden: 1381376K(1381376K)->0K(1381376K) From: 7517K(8192K)->7485K(8192K)
[147.219s][info][gc,heap        ] GC(352) ParOldGen: 1400601K(2712576K)->1400601K(2712576K)
[147.219s][info][gc,metaspace   ] GC(352) Metaspace: 124397K(129408K)->124397K(129408K) NonClass: 106977K(107648K)->106977K(107648K) Class: 17420K(21760K)->17420K(21760K)
[147.219s][info][gc             ] GC(352) Pause Young (Allocation Failure) 2724M->1375M(4006M) 2.030ms
[147.219s][info][gc,cpu         ] GC(352) User=0.00s Sys=0.00s Real=0.00s
[147.311s][info][gc,start       ] GC(353) Pause Young (Allocation Failure)
[147.313s][info][gc,heap        ] GC(353) PSYoungGen: 1388861K(1389568K)->7485K(1389568K) Eden: 1381376K(1381376K)->0K(1381376K) From: 7485K(8192K)->7485K(8192K)
[147.313s][info][gc,heap        ] GC(353) ParOldGen: 1400601K(2712576K)->1400601K(2712576K)
[147.313s][info][gc,metaspace   ] GC(353) Metaspace: 124397K(129408K)->124397K(129408K) NonClass: 106977K(107648K)->106977K(107648K) Class: 17420K(21760K)->17420K(21760K)
[147.313s][info][gc             ] GC(353) Pause Young (Allocation Failure) 2724M->1375M(4006M) 2.033ms
[147.313s][info][gc,cpu         ] GC(353) User=0.00s Sys=0.00s Real=0.00s
[147.405s][info][gc,start       ] GC(354) Pause Young (Allocation Failure)
[147.407s][info][gc,heap        ] GC(354) PSYoungGen: 1388861K(1389568K)->7517K(1389568K) Eden: 1381376K(1381376K)->0K(1381376K) From: 7485K(8192K)->7517K(8192K)
[147.407s][info][gc,heap        ] GC(354) ParOldGen: 1400601K(2712576K)->1400601K(2712576K)
[147.407s][info][gc,metaspace   ] GC(354) Metaspace: 124397K(129408K)->124397K(129408K) NonClass: 106977K(107648K)->106977K(107648K) Class: 17420K(21760K)->17420K(21760K)
[147.407s][info][gc             ] GC(354) Pause Young (Allocation Failure) 2724M->1375M(4006M) 2.039ms
[147.407s][info][gc,cpu         ] GC(354) User=0.00s Sys=0.00s Real=0.00s
[147.498s][info][gc,start       ] GC(355) Pause Young (Allocation Failure)
[147.500s][info][gc,heap        ] GC(355) PSYoungGen: 1388893K(1389568K)->7549K(1389568K) Eden: 1381376K(1381376K)->0K(1381376K) From: 7517K(8192K)->7549K(8192K)
[147.500s][info][gc,heap        ] GC(355) ParOldGen: 1400601K(2712576K)->1400601K(2712576K)
[147.500s][info][gc,metaspace   ] GC(355) Metaspace: 124397K(129408K)->124397K(129408K) NonClass: 106977K(107648K)->106977K(107648K) Class: 17420K(21760K)->17420K(21760K)
[147.500s][info][gc             ] GC(355) Pause Young (Allocation Failure) 2724M->1375M(4006M) 2.030ms
[147.500s][info][gc,cpu         ] GC(355) User=0.00s Sys=0.00s Real=0.00s
[147.592s][info][gc,start       ] GC(356) Pause Young (Allocation Failure)
[147.594s][info][gc,heap        ] GC(356) PSYoungGen: 1388925K(1389568K)->7517K(1389568K) Eden: 1381376K(1381376K)->0K(1381376K) From: 7549K(8192K)->7517K(8192K)
[147.594s][info][gc,heap        ] GC(356) ParOldGen: 1400601K(2712576K)->1400601K(2712576K)
[147.594s][info][gc,metaspace   ] GC(356) Metaspace: 124397K(129408K)->124397K(129408K) NonClass: 106977K(107648K)->106977K(107648K) Class: 17420K(21760K)->17420K(21760K)
[147.594s][info][gc             ] GC(356) Pause Young (Allocation Failure) 2724M->1375M(4006M) 2.072ms
[147.594s][info][gc,cpu         ] GC(356) User=0.03s Sys=0.00s Real=0.02s
[147.686s][info][gc,start       ] GC(357) Pause Young (Allocation Failure)
[147.688s][info][gc,heap        ] GC(357) PSYoungGen: 1388893K(1389568K)->7485K(1389568K) Eden: 1381376K(1381376K)->0K(1381376K) From: 7517K(8192K)->7485K(8192K)
[147.688s][info][gc,heap        ] GC(357) ParOldGen: 1400601K(2712576K)->1400601K(2712576K)
[147.688s][info][gc,metaspace   ] GC(357) Metaspace: 124397K(129408K)->124397K(129408K) NonClass: 106977K(107648K)->106977K(107648K) Class: 17420K(21760K)->17420K(21760K)
[147.688s][info][gc             ] GC(357) Pause Young (Allocation Failure) 2724M->1375M(4006M) 2.074ms
[147.688s][info][gc,cpu         ] GC(357) User=0.00s Sys=0.00s Real=0.00s
[147.780s][info][gc,start       ] GC(358) Pause Young (Allocation Failure)
[147.782s][info][gc,heap        ] GC(358) PSYoungGen: 1388861K(1389568K)->7581K(1389568K) Eden: 1381376K(1381376K)->0K(1381376K) From: 7485K(8192K)->7581K(8192K)
[147.782s][info][gc,heap        ] GC(358) ParOldGen: 1400601K(2712576K)->1400601K(2712576K)
[147.782s][info][gc,metaspace   ] GC(358) Metaspace: 124397K(129408K)->124397K(129408K) NonClass: 106977K(107648K)->106977K(107648K) Class: 17420K(21760K)->17420K(21760K)
[147.782s][info][gc             ] GC(358) Pause Young (Allocation Failure) 2724M->1375M(4006M) 2.174ms
[147.782s][info][gc,cpu         ] GC(358) User=0.00s Sys=0.00s Real=0.02s
[147.874s][info][gc,start       ] GC(359) Pause Young (Allocation Failure)
[147.876s][info][gc,heap        ] GC(359) PSYoungGen: 1388957K(1389568K)->7733K(1389568K) Eden: 1381376K(1381376K)->0K(1381376K) From: 7581K(8192K)->7733K(8192K)
[147.876s][info][gc,heap        ] GC(359) ParOldGen: 1400601K(2712576K)->1400601K(2712576K)
[147.876s][info][gc,metaspace   ] GC(359) Metaspace: 124397K(129408K)->124397K(129408K) NonClass: 106977K(107648K)->106977K(107648K) Class: 17420K(21760K)->17420K(21760K)
[147.876s][info][gc             ] GC(359) Pause Young (Allocation Failure) 2724M->1375M(4006M) 1.955ms
[147.876s][info][gc,cpu         ] GC(359) User=0.02s Sys=0.00s Real=0.02s
[148.519s][info][gc,start       ] GC(360) Pause Young (System.gc())
[148.522s][info][gc,heap        ] GC(360) PSYoungGen: 1143625K(1389568K)->8174K(1389568K) Eden: 1135892K(1381376K)->0K(1381376K) From: 7733K(8192K)->8174K(8192K)
[148.522s][info][gc,heap        ] GC(360) ParOldGen: 1400601K(2712576K)->1400826K(2712576K)
[148.522s][info][gc,metaspace   ] GC(360) Metaspace: 124402K(129408K)->124402K(129408K) NonClass: 106981K(107648K)->106981K(107648K) Class: 17420K(21760K)->17420K(21760K)
[148.522s][info][gc             ] GC(360) Pause Young (System.gc()) 2484M->1375M(4006M) 2.713ms
[148.522s][info][gc,cpu         ] GC(360) User=0.00s Sys=0.00s Real=0.00s
[148.522s][info][gc,start       ] GC(361) Pause Full (System.gc())
[148.522s][info][gc,phases,start] GC(361) Marking Phase
[148.579s][info][gc,phases      ] GC(361) Marking Phase 56.407ms
[148.579s][info][gc,phases,start] GC(361) Summary Phase
[148.579s][info][gc,phases      ] GC(361) Summary Phase 0.053ms
[148.579s][info][gc,phases,start] GC(361) Adjust Roots
[148.605s][info][gc,phases      ] GC(361) Adjust Roots 26.429ms
[148.605s][info][gc,phases,start] GC(361) Compaction Phase
[148.719s][info][gc,phases      ] GC(361) Compaction Phase 113.817ms
[148.719s][info][gc,phases,start] GC(361) Post Compact
[148.726s][info][gc,phases      ] GC(361) Post Compact 7.380ms
[148.726s][info][gc,heap        ] GC(361) PSYoungGen: 8174K(1389568K)->0K(1389568K) Eden: 0K(1381376K)->0K(1381376K) From: 8174K(8192K)->0K(8192K)
[148.726s][info][gc,heap        ] GC(361) ParOldGen: 1400826K(2712576K)->1400642K(2712576K)
[148.727s][info][gc,metaspace   ] GC(361) Metaspace: 124402K(129408K)->124402K(129408K) NonClass: 106981K(107648K)->106981K(107648K) Class: 17420K(21760K)->17420K(21760K)
[148.727s][info][gc             ] GC(361) Pause Full (System.gc()) 1375M->1367M(4006M) 204.416ms
[148.727s][info][gc,cpu         ] GC(361) User=4.36s Sys=0.03s Real=0.20s
[148.885s][info][gc,start       ] GC(362) Pause Young (Allocation Failure)
[148.887s][info][gc,heap        ] GC(362) PSYoungGen: 1381376K(1389568K)->7389K(1389568K) Eden: 1381376K(1381376K)->0K(1381376K) From: 0K(8192K)->7389K(8192K)
[148.887s][info][gc,heap        ] GC(362) ParOldGen: 1400642K(2712576K)->1400642K(2712576K)
[148.887s][info][gc,metaspace   ] GC(362) Metaspace: 124503K(129536K)->124503K(129536K) NonClass: 107082K(107776K)->107082K(107776K) Class: 17421K(21760K)->17421K(21760K)
[148.887s][info][gc             ] GC(362) Pause Young (Allocation Failure) 2716M->1375M(4006M) 2.419ms
[148.887s][info][gc,cpu         ] GC(362) User=0.00s Sys=0.00s Real=0.00s
[148.980s][info][gc,start       ] GC(363) Pause Young (Allocation Failure)
[148.982s][info][gc,heap        ] GC(363) PSYoungGen: 1388765K(1389568K)->7421K(1389568K) Eden: 1381376K(1381376K)->0K(1381376K) From: 7389K(8192K)->7421K(8192K)
[148.982s][info][gc,heap        ] GC(363) ParOldGen: 1400642K(2712576K)->1400642K(2712576K)
[148.982s][info][gc,metaspace   ] GC(363) Metaspace: 124503K(129536K)->124503K(129536K) NonClass: 107082K(107776K)->107082K(107776K) Class: 17421K(21760K)->17421K(21760K)
[148.982s][info][gc             ] GC(363) Pause Young (Allocation Failure) 2724M->1375M(4006M) 2.160ms
[148.982s][info][gc,cpu         ] GC(363) User=0.52s Sys=0.00s Real=0.02s
[149.074s][info][gc,start       ] GC(364) Pause Young (Allocation Failure)
[149.076s][info][gc,heap        ] GC(364) PSYoungGen: 1388797K(1389568K)->7453K(1389568K) Eden: 1381376K(1381376K)->0K(1381376K) From: 7421K(8192K)->7453K(8192K)
[149.076s][info][gc,heap        ] GC(364) ParOldGen: 1400642K(2712576K)->1400642K(2712576K)
[149.076s][info][gc,metaspace   ] GC(364) Metaspace: 124503K(129536K)->124503K(129536K) NonClass: 107082K(107776K)->107082K(107776K) Class: 17421K(21760K)->17421K(21760K)
[149.076s][info][gc             ] GC(364) Pause Young (Allocation Failure) 2724M->1375M(4006M) 2.119ms
[149.076s][info][gc,cpu         ] GC(364) User=0.00s Sys=0.00s Real=0.00s
[149.168s][info][gc,start       ] GC(365) Pause Young (Allocation Failure)
[149.170s][info][gc,heap        ] GC(365) PSYoungGen: 1388829K(1389568K)->7421K(1389568K) Eden: 1381376K(1381376K)->0K(1381376K) From: 7453K(8192K)->7421K(8192K)
[149.170s][info][gc,heap        ] GC(365) ParOldGen: 1400642K(2712576K)->1400642K(2712576K)
[149.170s][info][gc,metaspace   ] GC(365) Metaspace: 124503K(129536K)->124503K(129536K) NonClass: 107082K(107776K)->107082K(107776K) Class: 17421K(21760K)->17421K(21760K)
[149.170s][info][gc             ] GC(365) Pause Young (Allocation Failure) 2724M->1375M(4006M) 2.075ms
[149.170s][info][gc,cpu         ] GC(365) User=0.00s Sys=0.00s Real=0.00s
[149.261s][info][gc,start       ] GC(366) Pause Young (Allocation Failure)
[149.264s][info][gc,heap        ] GC(366) PSYoungGen: 1388797K(1389568K)->7453K(1389568K) Eden: 1381376K(1381376K)->0K(1381376K) From: 7421K(8192K)->7453K(8192K)
[149.264s][info][gc,heap        ] GC(366) ParOldGen: 1400642K(2712576K)->1400642K(2712576K)
[149.264s][info][gc,metaspace   ] GC(366) Metaspace: 124503K(129536K)->124503K(129536K) NonClass: 107082K(107776K)->107082K(107776K) Class: 17421K(21760K)->17421K(21760K)
[149.264s][info][gc             ] GC(366) Pause Young (Allocation Failure) 2724M->1375M(4006M) 2.104ms
[149.264s][info][gc,cpu         ] GC(366) User=0.00s Sys=0.00s Real=0.00s
[149.356s][info][gc,start       ] GC(367) Pause Young (Allocation Failure)
[149.357s][info][gc,heap        ] GC(367) PSYoungGen: 1388829K(1389568K)->7453K(1389568K) Eden: 1381376K(1381376K)->0K(1381376K) From: 7453K(8192K)->7453K(8192K)
[149.358s][info][gc,heap        ] GC(367) ParOldGen: 1400642K(2712576K)->1400642K(2712576K)
[149.358s][info][gc,metaspace   ] GC(367) Metaspace: 124503K(129536K)->124503K(129536K) NonClass: 107082K(107776K)->107082K(107776K) Class: 17421K(21760K)->17421K(21760K)
[149.358s][info][gc             ] GC(367) Pause Young (Allocation Failure) 2724M->1375M(4006M) 2.001ms
[149.358s][info][gc,cpu         ] GC(367) User=0.00s Sys=0.02s Real=0.01s
[149.449s][info][gc,start       ] GC(368) Pause Young (Allocation Failure)
[149.451s][info][gc,heap        ] GC(368) PSYoungGen: 1388829K(1389568K)->7517K(1389568K) Eden: 1381376K(1381376K)->0K(1381376K) From: 7453K(8192K)->7517K(8192K)
[149.451s][info][gc,heap        ] GC(368) ParOldGen: 1400642K(2712576K)->1400642K(2712576K)
[149.451s][info][gc,metaspace   ] GC(368) Metaspace: 124503K(129536K)->124503K(129536K) NonClass: 107082K(107776K)->107082K(107776K) Class: 17421K(21760K)->17421K(21760K)
[149.451s][info][gc             ] GC(368) Pause Young (Allocation Failure) 2724M->1375M(4006M) 2.049ms
[149.451s][info][gc,cpu         ] GC(368) User=0.02s Sys=0.00s Real=0.02s
[149.543s][info][gc,start       ] GC(369) Pause Young (Allocation Failure)
[149.545s][info][gc,heap        ] GC(369) PSYoungGen: 1388893K(1389568K)->7581K(1389568K) Eden: 1381376K(1381376K)->0K(1381376K) From: 7517K(8192K)->7581K(8192K)
[149.545s][info][gc,heap        ] GC(369) ParOldGen: 1400642K(2712576K)->1400642K(2712576K)
[149.545s][info][gc,metaspace   ] GC(369) Metaspace: 124503K(129536K)->124503K(129536K) NonClass: 107082K(107776K)->107082K(107776K) Class: 17421K(21760K)->17421K(21760K)
[149.545s][info][gc             ] GC(369) Pause Young (Allocation Failure) 2724M->1375M(4006M) 1.992ms
[149.545s][info][gc,cpu         ] GC(369) User=0.00s Sys=0.00s Real=0.00s
[149.636s][info][gc,start       ] GC(370) Pause Young (Allocation Failure)
[149.638s][info][gc,heap        ] GC(370) PSYoungGen: 1388957K(1389568K)->7549K(1389568K) Eden: 1381376K(1381376K)->0K(1381376K) From: 7581K(8192K)->7549K(8192K)
[149.638s][info][gc,heap        ] GC(370) ParOldGen: 1400642K(2712576K)->1400642K(2712576K)
[149.638s][info][gc,metaspace   ] GC(370) Metaspace: 124503K(129536K)->124503K(129536K) NonClass: 107082K(107776K)->107082K(107776K) Class: 17421K(21760K)->17421K(21760K)
[149.638s][info][gc             ] GC(370) Pause Young (Allocation Failure) 2724M->1375M(4006M) 2.001ms
[149.639s][info][gc,cpu         ] GC(370) User=0.00s Sys=0.00s Real=0.00s
[149.731s][info][gc,start       ] GC(371) Pause Young (Allocation Failure)
[149.733s][info][gc,heap        ] GC(371) PSYoungGen: 1388925K(1389568K)->7477K(1389568K) Eden: 1381376K(1381376K)->0K(1381376K) From: 7549K(8192K)->7477K(8192K)
[149.733s][info][gc,heap        ] GC(371) ParOldGen: 1400642K(2712576K)->1400642K(2712576K)
[149.733s][info][gc,metaspace   ] GC(371) Metaspace: 124503K(129536K)->124503K(129536K) NonClass: 107082K(107776K)->107082K(107776K) Class: 17421K(21760K)->17421K(21760K)
[149.733s][info][gc             ] GC(371) Pause Young (Allocation Failure) 2724M->1375M(4006M) 2.177ms
[149.733s][info][gc,cpu         ] GC(371) User=0.00s Sys=0.00s Real=0.00s
[149.825s][info][gc,start       ] GC(372) Pause Young (Allocation Failure)
[149.827s][info][gc,heap        ] GC(372) PSYoungGen: 1388853K(1389568K)->7541K(1389568K) Eden: 1381376K(1381376K)->0K(1381376K) From: 7477K(8192K)->7541K(8192K)
[149.827s][info][gc,heap        ] GC(372) ParOldGen: 1400642K(2712576K)->1400642K(2712576K)
[149.827s][info][gc,metaspace   ] GC(372) Metaspace: 124503K(129536K)->124503K(129536K) NonClass: 107082K(107776K)->107082K(107776K) Class: 17421K(21760K)->17421K(21760K)
[149.827s][info][gc             ] GC(372) Pause Young (Allocation Failure) 2724M->1375M(4006M) 2.147ms
[149.828s][info][gc,cpu         ] GC(372) User=0.00s Sys=0.00s Real=0.00s
[150.600s][info][gc,start       ] GC(373) Pause Young (System.gc())
[150.603s][info][gc,heap        ] GC(373) PSYoungGen: 1141602K(1389568K)->8190K(1389568K) Eden: 1134061K(1381376K)->0K(1381376K) From: 7541K(8192K)->8190K(8192K)
[150.603s][info][gc,heap        ] GC(373) ParOldGen: 1400642K(2712576K)->1400958K(2712576K)
[150.603s][info][gc,metaspace   ] GC(373) Metaspace: 124506K(129536K)->124506K(129536K) NonClass: 107084K(107776K)->107084K(107776K) Class: 17422K(21760K)->17422K(21760K)
[150.603s][info][gc             ] GC(373) Pause Young (System.gc()) 2482M->1376M(4006M) 2.894ms
[150.603s][info][gc,cpu         ] GC(373) User=0.00s Sys=0.00s Real=0.00s
[150.603s][info][gc,start       ] GC(374) Pause Full (System.gc())
[150.603s][info][gc,phases,start] GC(374) Marking Phase
[150.658s][info][gc,phases      ] GC(374) Marking Phase 54.521ms
[150.658s][info][gc,phases,start] GC(374) Summary Phase
[150.658s][info][gc,phases      ] GC(374) Summary Phase 0.042ms
[150.658s][info][gc,phases,start] GC(374) Adjust Roots
[150.681s][info][gc,phases      ] GC(374) Adjust Roots 23.252ms
[150.681s][info][gc,phases,start] GC(374) Compaction Phase
[150.793s][info][gc,phases      ] GC(374) Compaction Phase 112.304ms
[150.793s][info][gc,phases,start] GC(374) Post Compact
[150.801s][info][gc,phases      ] GC(374) Post Compact 7.385ms
[150.801s][info][gc,heap        ] GC(374) PSYoungGen: 8190K(1389568K)->0K(1389568K) Eden: 0K(1381376K)->0K(1381376K) From: 8190K(8192K)->0K(8192K)
[150.801s][info][gc,heap        ] GC(374) ParOldGen: 1400958K(2712576K)->1400692K(2712576K)
[150.801s][info][gc,metaspace   ] GC(374) Metaspace: 124506K(129536K)->124506K(129536K) NonClass: 107084K(107776K)->107084K(107776K) Class: 17422K(21760K)->17422K(21760K)
[150.801s][info][gc             ] GC(374) Pause Full (System.gc()) 1376M->1367M(4006M) 197.827ms
[150.801s][info][gc,cpu         ] GC(374) User=4.47s Sys=0.02s Real=0.20s
[150.961s][info][gc,start       ] GC(375) Pause Young (Allocation Failure)
[150.963s][info][gc,heap        ] GC(375) PSYoungGen: 1381376K(1389568K)->7389K(1389568K) Eden: 1381376K(1381376K)->0K(1381376K) From: 0K(8192K)->7389K(8192K)
[150.963s][info][gc,heap        ] GC(375) ParOldGen: 1400692K(2712576K)->1400692K(2712576K)
[150.963s][info][gc,metaspace   ] GC(375) Metaspace: 124520K(129536K)->124520K(129536K) NonClass: 107098K(107776K)->107098K(107776K) Class: 17422K(21760K)->17422K(21760K)
[150.963s][info][gc             ] GC(375) Pause Young (Allocation Failure) 2716M->1375M(4006M) 2.394ms
[150.963s][info][gc,cpu         ] GC(375) User=0.00s Sys=0.00s Real=0.00s
[151.055s][info][gc,start       ] GC(376) Pause Young (Allocation Failure)
[151.057s][info][gc,heap        ] GC(376) PSYoungGen: 1388765K(1389568K)->7357K(1389568K) Eden: 1381376K(1381376K)->0K(1381376K) From: 7389K(8192K)->7357K(8192K)
[151.057s][info][gc,heap        ] GC(376) ParOldGen: 1400692K(2712576K)->1400692K(2712576K)
[151.057s][info][gc,metaspace   ] GC(376) Metaspace: 124520K(129536K)->124520K(129536K) NonClass: 107098K(107776K)->107098K(107776K) Class: 17422K(21760K)->17422K(21760K)
[151.057s][info][gc             ] GC(376) Pause Young (Allocation Failure) 2724M->1375M(4006M) 2.060ms
[151.057s][info][gc,cpu         ] GC(376) User=0.00s Sys=0.00s Real=0.00s
[151.149s][info][gc,start       ] GC(377) Pause Young (Allocation Failure)
[151.151s][info][gc,heap        ] GC(377) PSYoungGen: 1388733K(1389568K)->7421K(1389568K) Eden: 1381376K(1381376K)->0K(1381376K) From: 7357K(8192K)->7421K(8192K)
[151.151s][info][gc,heap        ] GC(377) ParOldGen: 1400692K(2712576K)->1400692K(2712576K)
[151.151s][info][gc,metaspace   ] GC(377) Metaspace: 124520K(129536K)->124520K(129536K) NonClass: 107098K(107776K)->107098K(107776K) Class: 17422K(21760K)->17422K(21760K)
[151.151s][info][gc             ] GC(377) Pause Young (Allocation Failure) 2724M->1375M(4006M) 2.008ms
[151.151s][info][gc,cpu         ] GC(377) User=0.00s Sys=0.00s Real=0.00s
[151.243s][info][gc,start       ] GC(378) Pause Young (Allocation Failure)
[151.245s][info][gc,heap        ] GC(378) PSYoungGen: 1388797K(1389568K)->7549K(1389568K) Eden: 1381376K(1381376K)->0K(1381376K) From: 7421K(8192K)->7549K(8192K)
[151.245s][info][gc,heap        ] GC(378) ParOldGen: 1400692K(2712576K)->1400692K(2712576K)
[151.245s][info][gc,metaspace   ] GC(378) Metaspace: 124520K(129536K)->124520K(129536K) NonClass: 107098K(107776K)->107098K(107776K) Class: 17422K(21760K)->17422K(21760K)
[151.245s][info][gc             ] GC(378) Pause Young (Allocation Failure) 2724M->1375M(4006M) 1.995ms
[151.245s][info][gc,cpu         ] GC(378) User=0.00s Sys=0.00s Real=0.00s
[151.336s][info][gc,start       ] GC(379) Pause Young (Allocation Failure)
[151.338s][info][gc,heap        ] GC(379) PSYoungGen: 1388925K(1389568K)->7485K(1389568K) Eden: 1381376K(1381376K)->0K(1381376K) From: 7549K(8192K)->7485K(8192K)
[151.338s][info][gc,heap        ] GC(379) ParOldGen: 1400692K(2712576K)->1400692K(2712576K)
[151.338s][info][gc,metaspace   ] GC(379) Metaspace: 124520K(129536K)->124520K(129536K) NonClass: 107098K(107776K)->107098K(107776K) Class: 17422K(21760K)->17422K(21760K)
[151.338s][info][gc             ] GC(379) Pause Young (Allocation Failure) 2724M->1375M(4006M) 1.994ms
[151.338s][info][gc,cpu         ] GC(379) User=0.00s Sys=0.00s Real=0.00s
[151.430s][info][gc,start       ] GC(380) Pause Young (Allocation Failure)
[151.432s][info][gc,heap        ] GC(380) PSYoungGen: 1388861K(1389568K)->7421K(1389568K) Eden: 1381376K(1381376K)->0K(1381376K) From: 7485K(8192K)->7421K(8192K)
[151.432s][info][gc,heap        ] GC(380) ParOldGen: 1400692K(2712576K)->1400692K(2712576K)
[151.432s][info][gc,metaspace   ] GC(380) Metaspace: 124520K(129536K)->124520K(129536K) NonClass: 107098K(107776K)->107098K(107776K) Class: 17422K(21760K)->17422K(21760K)
[151.432s][info][gc             ] GC(380) Pause Young (Allocation Failure) 2724M->1375M(4006M) 1.982ms
[151.432s][info][gc,cpu         ] GC(380) User=0.00s Sys=0.00s Real=0.00s
[151.524s][info][gc,start       ] GC(381) Pause Young (Allocation Failure)
[151.526s][info][gc,heap        ] GC(381) PSYoungGen: 1388797K(1389568K)->7485K(1389568K) Eden: 1381376K(1381376K)->0K(1381376K) From: 7421K(8192K)->7485K(8192K)
[151.526s][info][gc,heap        ] GC(381) ParOldGen: 1400692K(2712576K)->1400692K(2712576K)
[151.526s][info][gc,metaspace   ] GC(381) Metaspace: 124520K(129536K)->124520K(129536K) NonClass: 107098K(107776K)->107098K(107776K) Class: 17422K(21760K)->17422K(21760K)
[151.526s][info][gc             ] GC(381) Pause Young (Allocation Failure) 2724M->1375M(4006M) 2.100ms
[151.526s][info][gc,cpu         ] GC(381) User=0.00s Sys=0.00s Real=0.00s
[151.617s][info][gc,start       ] GC(382) Pause Young (Allocation Failure)
[151.619s][info][gc,heap        ] GC(382) PSYoungGen: 1388861K(1389568K)->7421K(1389568K) Eden: 1381376K(1381376K)->0K(1381376K) From: 7485K(8192K)->7421K(8192K)
[151.619s][info][gc,heap        ] GC(382) ParOldGen: 1400692K(2712576K)->1400692K(2712576K)
[151.619s][info][gc,metaspace   ] GC(382) Metaspace: 124520K(129536K)->124520K(129536K) NonClass: 107098K(107776K)->107098K(107776K) Class: 17422K(21760K)->17422K(21760K)
[151.619s][info][gc             ] GC(382) Pause Young (Allocation Failure) 2724M->1375M(4006M) 2.020ms
[151.619s][info][gc,cpu         ] GC(382) User=0.00s Sys=0.00s Real=0.00s
[151.712s][info][gc,start       ] GC(383) Pause Young (Allocation Failure)
[151.713s][info][gc,heap        ] GC(383) PSYoungGen: 1388797K(1389568K)->7733K(1389568K) Eden: 1381376K(1381376K)->0K(1381376K) From: 7421K(8192K)->7733K(8192K)
[151.713s][info][gc,heap        ] GC(383) ParOldGen: 1400692K(2712576K)->1400692K(2712576K)
[151.713s][info][gc,metaspace   ] GC(383) Metaspace: 124520K(129536K)->124520K(129536K) NonClass: 107098K(107776K)->107098K(107776K) Class: 17422K(21760K)->17422K(21760K)
[151.714s][info][gc             ] GC(383) Pause Young (Allocation Failure) 2724M->1375M(4006M) 1.952ms
[151.714s][info][gc,cpu         ] GC(383) User=0.00s Sys=0.00s Real=0.00s
[151.806s][info][gc,start       ] GC(384) Pause Young (Allocation Failure)
[151.807s][info][gc,heap        ] GC(384) PSYoungGen: 1389109K(1389568K)->7573K(1389568K) Eden: 1381376K(1381376K)->0K(1381376K) From: 7733K(8192K)->7573K(8192K)
[151.808s][info][gc,heap        ] GC(384) ParOldGen: 1400692K(2712576K)->1400692K(2712576K)
[151.808s][info][gc,metaspace   ] GC(384) Metaspace: 124520K(129536K)->124520K(129536K) NonClass: 107098K(107776K)->107098K(107776K) Class: 17422K(21760K)->17422K(21760K)
[151.808s][info][gc             ] GC(384) Pause Young (Allocation Failure) 2724M->1375M(4006M) 2.023ms
[151.808s][info][gc,cpu         ] GC(384) User=0.02s Sys=0.00s Real=0.02s
[151.900s][info][gc,start       ] GC(385) Pause Young (Allocation Failure)
[151.902s][info][gc,heap        ] GC(385) PSYoungGen: 1388949K(1389568K)->7500K(1389568K) Eden: 1381376K(1381376K)->0K(1381376K) From: 7573K(8192K)->7500K(8192K)
[151.902s][info][gc,heap        ] GC(385) ParOldGen: 1400692K(2712576K)->1400692K(2712576K)
[151.902s][info][gc,metaspace   ] GC(385) Metaspace: 124520K(129536K)->124520K(129536K) NonClass: 107098K(107776K)->107098K(107776K) Class: 17422K(21760K)->17422K(21760K)
[151.902s][info][gc             ] GC(385) Pause Young (Allocation Failure) 2724M->1375M(4006M) 2.372ms
[151.902s][info][gc,cpu         ] GC(385) User=0.02s Sys=0.02s Real=0.02s
[152.579s][info][gc,start       ] GC(386) Pause Young (System.gc())
[152.582s][info][gc,heap        ] GC(386) PSYoungGen: 1140402K(1389568K)->8190K(1389568K) Eden: 1132901K(1381376K)->0K(1381376K) From: 7500K(8192K)->8190K(8192K)
[152.582s][info][gc,heap        ] GC(386) ParOldGen: 1400692K(2712576K)->1400955K(2712576K)
[152.582s][info][gc,metaspace   ] GC(386) Metaspace: 124525K(129536K)->124525K(129536K) NonClass: 107103K(107776K)->107103K(107776K) Class: 17422K(21760K)->17422K(21760K)
[152.582s][info][gc             ] GC(386) Pause Young (System.gc()) 2481M->1376M(4006M) 2.905ms
[152.582s][info][gc,cpu         ] GC(386) User=0.00s Sys=0.00s Real=0.00s
[152.582s][info][gc,start       ] GC(387) Pause Full (System.gc())
[152.582s][info][gc,phases,start] GC(387) Marking Phase
[152.647s][info][gc,phases      ] GC(387) Marking Phase 65.055ms
[152.648s][info][gc,phases,start] GC(387) Summary Phase
[152.648s][info][gc,phases      ] GC(387) Summary Phase 0.041ms
[152.648s][info][gc,phases,start] GC(387) Adjust Roots
[152.671s][info][gc,phases      ] GC(387) Adjust Roots 23.883ms
[152.672s][info][gc,phases,start] GC(387) Compaction Phase
[152.780s][info][gc,phases      ] GC(387) Compaction Phase 108.523ms
[152.780s][info][gc,phases,start] GC(387) Post Compact
[152.787s][info][gc,phases      ] GC(387) Post Compact 7.361ms
[152.788s][info][gc,heap        ] GC(387) PSYoungGen: 8190K(1389568K)->0K(1389568K) Eden: 0K(1381376K)->0K(1381376K) From: 8190K(8192K)->0K(8192K)
[152.788s][info][gc,heap        ] GC(387) ParOldGen: 1400955K(2712576K)->1400713K(2712576K)
[152.788s][info][gc,metaspace   ] GC(387) Metaspace: 124525K(129536K)->124525K(129536K) NonClass: 107103K(107776K)->107103K(107776K) Class: 17422K(21760K)->17422K(21760K)
[152.788s][info][gc             ] GC(387) Pause Full (System.gc()) 1376M->1367M(4006M) 205.154ms
[152.788s][info][gc,cpu         ] GC(387) User=4.89s Sys=0.03s Real=0.20s
[152.938s][info][gc,start       ] GC(388) Pause Young (Allocation Failure)
[152.940s][info][gc,heap        ] GC(388) PSYoungGen: 1381376K(1389568K)->7421K(1388544K) Eden: 1381376K(1381376K)->0K(1380352K) From: 0K(8192K)->7421K(8192K)
[152.940s][info][gc,heap        ] GC(388) ParOldGen: 1400713K(2712576K)->1400721K(2712576K)
[152.940s][info][gc,metaspace   ] GC(388) Metaspace: 124772K(129856K)->124772K(129856K) NonClass: 107349K(108096K)->107349K(108096K) Class: 17423K(21760K)->17423K(21760K)
[152.940s][info][gc             ] GC(388) Pause Young (Allocation Failure) 2716M->1375M(4005M) 2.441ms
[152.940s][info][gc,cpu         ] GC(388) User=0.52s Sys=0.00s Real=0.02s
[153.033s][info][gc,start       ] GC(389) Pause Young (Allocation Failure)
[153.035s][info][gc,heap        ] GC(389) PSYoungGen: 1387773K(1388544K)->7421K(1389056K) Eden: 1380352K(1380352K)->0K(1380352K) From: 7421K(8192K)->7421K(8704K)
[153.035s][info][gc,heap        ] GC(389) ParOldGen: 1400721K(2712576K)->1400729K(2712576K)
[153.035s][info][gc,metaspace   ] GC(389) Metaspace: 124772K(129856K)->124772K(129856K) NonClass: 107349K(108096K)->107349K(108096K) Class: 17423K(21760K)->17423K(21760K)
[153.035s][info][gc             ] GC(389) Pause Young (Allocation Failure) 2723M->1375M(4005M) 2.180ms
[153.035s][info][gc,cpu         ] GC(389) User=0.52s Sys=0.00s Real=0.02s
[153.127s][info][gc,start       ] GC(390) Pause Young (Allocation Failure)
[153.129s][info][gc,heap        ] GC(390) PSYoungGen: 1387773K(1389056K)->7549K(1389056K) Eden: 1380352K(1380352K)->0K(1380864K) From: 7421K(8704K)->7549K(8192K)
[153.129s][info][gc,heap        ] GC(390) ParOldGen: 1400729K(2712576K)->1400737K(2712576K)
[153.129s][info][gc,metaspace   ] GC(390) Metaspace: 124772K(129856K)->124772K(129856K) NonClass: 107349K(108096K)->107349K(108096K) Class: 17423K(21760K)->17423K(21760K)
[153.129s][info][gc             ] GC(390) Pause Young (Allocation Failure) 2723M->1375M(4005M) 2.049ms
[153.129s][info][gc,cpu         ] GC(390) User=0.00s Sys=0.00s Real=0.00s
[153.221s][info][gc,start       ] GC(391) Pause Young (Allocation Failure)
[153.223s][info][gc,heap        ] GC(391) PSYoungGen: 1388413K(1389056K)->7453K(1389056K) Eden: 1380864K(1380864K)->0K(1380864K) From: 7549K(8192K)->7453K(8192K)
[153.223s][info][gc,heap        ] GC(391) ParOldGen: 1400737K(2712576K)->1400737K(2712576K)
[153.223s][info][gc,metaspace   ] GC(391) Metaspace: 124772K(129856K)->124772K(129856K) NonClass: 107349K(108096K)->107349K(108096K) Class: 17423K(21760K)->17423K(21760K)
[153.223s][info][gc             ] GC(391) Pause Young (Allocation Failure) 2723M->1375M(4005M) 2.018ms
[153.223s][info][gc,cpu         ] GC(391) User=0.00s Sys=0.00s Real=0.00s
[153.315s][info][gc,start       ] GC(392) Pause Young (Allocation Failure)
[153.317s][info][gc,heap        ] GC(392) PSYoungGen: 1388317K(1389056K)->7517K(1389568K) Eden: 1380864K(1380864K)->0K(1381376K) From: 7453K(8192K)->7517K(8192K)
[153.317s][info][gc,heap        ] GC(392) ParOldGen: 1400737K(2712576K)->1400737K(2712576K)
[153.317s][info][gc,metaspace   ] GC(392) Metaspace: 124772K(129856K)->124772K(129856K) NonClass: 107349K(108096K)->107349K(108096K) Class: 17423K(21760K)->17423K(21760K)
[153.317s][info][gc             ] GC(392) Pause Young (Allocation Failure) 2723M->1375M(4006M) 2.087ms
[153.317s][info][gc,cpu         ] GC(392) User=0.00s Sys=0.00s Real=0.00s
[153.408s][info][gc,start       ] GC(393) Pause Young (Allocation Failure)
[153.410s][info][gc,heap        ] GC(393) PSYoungGen: 1388893K(1389568K)->7517K(1389568K) Eden: 1381376K(1381376K)->0K(1381376K) From: 7517K(8192K)->7517K(8192K)
[153.410s][info][gc,heap        ] GC(393) ParOldGen: 1400737K(2712576K)->1400737K(2712576K)
[153.410s][info][gc,metaspace   ] GC(393) Metaspace: 124772K(129856K)->124772K(129856K) NonClass: 107349K(108096K)->107349K(108096K) Class: 17423K(21760K)->17423K(21760K)
[153.410s][info][gc             ] GC(393) Pause Young (Allocation Failure) 2724M->1375M(4006M) 2.105ms
[153.410s][info][gc,cpu         ] GC(393) User=0.52s Sys=0.00s Real=0.00s
[153.502s][info][gc,start       ] GC(394) Pause Young (Allocation Failure)
[153.504s][info][gc,heap        ] GC(394) PSYoungGen: 1388893K(1389568K)->7581K(1389568K) Eden: 1381376K(1381376K)->0K(1381376K) From: 7517K(8192K)->7581K(8192K)
[153.504s][info][gc,heap        ] GC(394) ParOldGen: 1400737K(2712576K)->1400737K(2712576K)
[153.504s][info][gc,metaspace   ] GC(394) Metaspace: 124772K(129856K)->124772K(129856K) NonClass: 107349K(108096K)->107349K(108096K) Class: 17423K(21760K)->17423K(21760K)
[153.504s][info][gc             ] GC(394) Pause Young (Allocation Failure) 2724M->1375M(4006M) 2.024ms
[153.504s][info][gc,cpu         ] GC(394) User=0.00s Sys=0.00s Real=0.00s
[153.596s][info][gc,start       ] GC(395) Pause Young (Allocation Failure)
[153.598s][info][gc,heap        ] GC(395) PSYoungGen: 1388957K(1389568K)->7453K(1389568K) Eden: 1381376K(1381376K)->0K(1381376K) From: 7581K(8192K)->7453K(8192K)
[153.598s][info][gc,heap        ] GC(395) ParOldGen: 1400737K(2712576K)->1400737K(2712576K)
[153.598s][info][gc,metaspace   ] GC(395) Metaspace: 124772K(129856K)->124772K(129856K) NonClass: 107349K(108096K)->107349K(108096K) Class: 17423K(21760K)->17423K(21760K)
[153.598s][info][gc             ] GC(395) Pause Young (Allocation Failure) 2724M->1375M(4006M) 1.974ms
[153.598s][info][gc,cpu         ] GC(395) User=0.00s Sys=0.00s Real=0.00s
[153.689s][info][gc,start       ] GC(396) Pause Young (Allocation Failure)
[153.691s][info][gc,heap        ] GC(396) PSYoungGen: 1388829K(1389568K)->7573K(1389568K) Eden: 1381376K(1381376K)->0K(1381376K) From: 7453K(8192K)->7573K(8192K)
[153.691s][info][gc,heap        ] GC(396) ParOldGen: 1400737K(2712576K)->1400737K(2712576K)
[153.691s][info][gc,metaspace   ] GC(396) Metaspace: 124772K(129856K)->124772K(129856K) NonClass: 107349K(108096K)->107349K(108096K) Class: 17423K(21760K)->17423K(21760K)
[153.691s][info][gc             ] GC(396) Pause Young (Allocation Failure) 2724M->1375M(4006M) 1.922ms
[153.691s][info][gc,cpu         ] GC(396) User=0.00s Sys=0.00s Real=0.00s
[153.783s][info][gc,start       ] GC(397) Pause Young (Allocation Failure)
[153.785s][info][gc,heap        ] GC(397) PSYoungGen: 1388949K(1389568K)->7637K(1389568K) Eden: 1381376K(1381376K)->0K(1381376K) From: 7573K(8192K)->7637K(8192K)
[153.785s][info][gc,heap        ] GC(397) ParOldGen: 1400737K(2712576K)->1400737K(2712576K)
[153.785s][info][gc,metaspace   ] GC(397) Metaspace: 124773K(129856K)->124773K(129856K) NonClass: 107350K(108096K)->107350K(108096K) Class: 17423K(21760K)->17423K(21760K)
[153.785s][info][gc             ] GC(397) Pause Young (Allocation Failure) 2724M->1375M(4006M) 2.044ms
[153.785s][info][gc,cpu         ] GC(397) User=0.00s Sys=0.00s Real=0.00s
[153.877s][info][gc,start       ] GC(398) Pause Young (Allocation Failure)
[153.879s][info][gc,heap        ] GC(398) PSYoungGen: 1389013K(1389568K)->7637K(1389568K) Eden: 1381376K(1381376K)->0K(1381376K) From: 7637K(8192K)->7637K(8192K)
[153.879s][info][gc,heap        ] GC(398) ParOldGen: 1400737K(2712576K)->1400737K(2712576K)
[153.879s][info][gc,metaspace   ] GC(398) Metaspace: 124773K(129856K)->124773K(129856K) NonClass: 107350K(108096K)->107350K(108096K) Class: 17423K(21760K)->17423K(21760K)
[153.879s][info][gc             ] GC(398) Pause Young (Allocation Failure) 2724M->1375M(4006M) 2.013ms
[153.879s][info][gc,cpu         ] GC(398) User=0.00s Sys=0.00s Real=0.00s
[154.555s][info][gc,start       ] GC(399) Pause Young (System.gc())
[154.558s][info][gc,heap        ] GC(399) PSYoungGen: 1135132K(1389568K)->8180K(1389568K) Eden: 1127495K(1381376K)->0K(1381376K) From: 7637K(8192K)->8180K(8192K)
[154.558s][info][gc,heap        ] GC(399) ParOldGen: 1400737K(2712576K)->1400907K(2712576K)
[154.558s][info][gc,metaspace   ] GC(399) Metaspace: 124775K(129856K)->124775K(129856K) NonClass: 107351K(108096K)->107351K(108096K) Class: 17423K(21760K)->17423K(21760K)
[154.558s][info][gc             ] GC(399) Pause Young (System.gc()) 2476M->1376M(4006M) 2.833ms
[154.558s][info][gc,cpu         ] GC(399) User=0.00s Sys=0.00s Real=0.00s
[154.558s][info][gc,start       ] GC(400) Pause Full (System.gc())
[154.558s][info][gc,phases,start] GC(400) Marking Phase
[154.613s][info][gc,phases      ] GC(400) Marking Phase 55.083ms
[154.613s][info][gc,phases,start] GC(400) Summary Phase
[154.613s][info][gc,phases      ] GC(400) Summary Phase 0.046ms
[154.613s][info][gc,phases,start] GC(400) Adjust Roots
[154.639s][info][gc,phases      ] GC(400) Adjust Roots 25.744ms
[154.639s][info][gc,phases,start] GC(400) Compaction Phase
[154.754s][info][gc,phases      ] GC(400) Compaction Phase 114.783ms
[154.754s][info][gc,phases,start] GC(400) Post Compact
[154.761s][info][gc,phases      ] GC(400) Post Compact 7.425ms
[154.761s][info][gc,heap        ] GC(400) PSYoungGen: 8180K(1389568K)->0K(1389568K) Eden: 0K(1381376K)->0K(1381376K) From: 8180K(8192K)->0K(8192K)
[154.761s][info][gc,heap        ] GC(400) ParOldGen: 1400907K(2712576K)->1400766K(2712576K)
[154.761s][info][gc,metaspace   ] GC(400) Metaspace: 124775K(129856K)->124775K(129856K) NonClass: 107351K(108096K)->107351K(108096K) Class: 17423K(21760K)->17423K(21760K)
[154.761s][info][gc             ] GC(400) Pause Full (System.gc()) 1376M->1367M(4006M) 203.420ms
[154.762s][info][gc,cpu         ] GC(400) User=4.56s Sys=0.03s Real=0.20s
[154.914s][info][gc,start       ] GC(401) Pause Young (Allocation Failure)
[154.917s][info][gc,heap        ] GC(401) PSYoungGen: 1381376K(1389568K)->7197K(1389568K) Eden: 1381376K(1381376K)->0K(1381376K) From: 0K(8192K)->7197K(8192K)
[154.917s][info][gc,heap        ] GC(401) ParOldGen: 1400766K(2712576K)->1400774K(2712576K)
[154.917s][info][gc,metaspace   ] GC(401) Metaspace: 124775K(129856K)->124775K(129856K) NonClass: 107352K(108096K)->107352K(108096K) Class: 17423K(21760K)->17423K(21760K)
[154.917s][info][gc             ] GC(401) Pause Young (Allocation Failure) 2716M->1374M(4006M) 2.458ms
[154.917s][info][gc,cpu         ] GC(401) User=0.53s Sys=0.00s Real=0.02s
[155.009s][info][gc,start       ] GC(402) Pause Young (Allocation Failure)
[155.011s][info][gc,heap        ] GC(402) PSYoungGen: 1388573K(1389568K)->7453K(1389568K) Eden: 1381376K(1381376K)->0K(1381376K) From: 7197K(8192K)->7453K(8192K)
[155.011s][info][gc,heap        ] GC(402) ParOldGen: 1400774K(2712576K)->1400774K(2712576K)
[155.011s][info][gc,metaspace   ] GC(402) Metaspace: 124775K(129856K)->124775K(129856K) NonClass: 107352K(108096K)->107352K(108096K) Class: 17423K(21760K)->17423K(21760K)
[155.011s][info][gc             ] GC(402) Pause Young (Allocation Failure) 2723M->1375M(4006M) 2.172ms
[155.011s][info][gc,cpu         ] GC(402) User=0.03s Sys=0.00s Real=0.02s
[155.103s][info][gc,start       ] GC(403) Pause Young (Allocation Failure)
[155.105s][info][gc,heap        ] GC(403) PSYoungGen: 1388829K(1389568K)->7517K(1389568K) Eden: 1381376K(1381376K)->0K(1381376K) From: 7453K(8192K)->7517K(8192K)
[155.105s][info][gc,heap        ] GC(403) ParOldGen: 1400774K(2712576K)->1400774K(2712576K)
[155.105s][info][gc,metaspace   ] GC(403) Metaspace: 124775K(129856K)->124775K(129856K) NonClass: 107352K(108096K)->107352K(108096K) Class: 17423K(21760K)->17423K(21760K)
[155.105s][info][gc             ] GC(403) Pause Young (Allocation Failure) 2724M->1375M(4006M) 2.078ms
[155.105s][info][gc,cpu         ] GC(403) User=0.00s Sys=0.00s Real=0.00s
[155.197s][info][gc,start       ] GC(404) Pause Young (Allocation Failure)
[155.199s][info][gc,heap        ] GC(404) PSYoungGen: 1388893K(1389568K)->7485K(1389568K) Eden: 1381376K(1381376K)->0K(1381376K) From: 7517K(8192K)->7485K(8192K)
[155.199s][info][gc,heap        ] GC(404) ParOldGen: 1400774K(2712576K)->1400774K(2712576K)
[155.199s][info][gc,metaspace   ] GC(404) Metaspace: 124775K(129856K)->124775K(129856K) NonClass: 107352K(108096K)->107352K(108096K) Class: 17423K(21760K)->17423K(21760K)
[155.199s][info][gc             ] GC(404) Pause Young (Allocation Failure) 2724M->1375M(4006M) 2.065ms
[155.199s][info][gc,cpu         ] GC(404) User=0.00s Sys=0.00s Real=0.00s
[155.290s][info][gc,start       ] GC(405) Pause Young (Allocation Failure)
[155.292s][info][gc,heap        ] GC(405) PSYoungGen: 1388861K(1389568K)->7485K(1389568K) Eden: 1381376K(1381376K)->0K(1381376K) From: 7485K(8192K)->7485K(8192K)
[155.293s][info][gc,heap        ] GC(405) ParOldGen: 1400774K(2712576K)->1400774K(2712576K)
[155.293s][info][gc,metaspace   ] GC(405) Metaspace: 124775K(129856K)->124775K(129856K) NonClass: 107352K(108096K)->107352K(108096K) Class: 17423K(21760K)->17423K(21760K)
[155.293s][info][gc             ] GC(405) Pause Young (Allocation Failure) 2724M->1375M(4006M) 2.155ms
[155.293s][info][gc,cpu         ] GC(405) User=0.52s Sys=0.00s Real=0.01s
[155.384s][info][gc,start       ] GC(406) Pause Young (Allocation Failure)
[155.386s][info][gc,heap        ] GC(406) PSYoungGen: 1388861K(1389568K)->7485K(1389568K) Eden: 1381376K(1381376K)->0K(1381376K) From: 7485K(8192K)->7485K(8192K)
[155.386s][info][gc,heap        ] GC(406) ParOldGen: 1400774K(2712576K)->1400774K(2712576K)
[155.386s][info][gc,metaspace   ] GC(406) Metaspace: 124775K(129856K)->124775K(129856K) NonClass: 107352K(108096K)->107352K(108096K) Class: 17423K(21760K)->17423K(21760K)
[155.386s][info][gc             ] GC(406) Pause Young (Allocation Failure) 2724M->1375M(4006M) 1.977ms
[155.386s][info][gc,cpu         ] GC(406) User=0.00s Sys=0.00s Real=0.00s
[155.478s][info][gc,start       ] GC(407) Pause Young (Allocation Failure)
[155.480s][info][gc,heap        ] GC(407) PSYoungGen: 1388861K(1389568K)->7421K(1389568K) Eden: 1381376K(1381376K)->0K(1381376K) From: 7485K(8192K)->7421K(8192K)
[155.480s][info][gc,heap        ] GC(407) ParOldGen: 1400774K(2712576K)->1400774K(2712576K)
[155.480s][info][gc,metaspace   ] GC(407) Metaspace: 124775K(129856K)->124775K(129856K) NonClass: 107352K(108096K)->107352K(108096K) Class: 17423K(21760K)->17423K(21760K)
[155.480s][info][gc             ] GC(407) Pause Young (Allocation Failure) 2724M->1375M(4006M) 2.030ms
[155.480s][info][gc,cpu         ] GC(407) User=0.00s Sys=0.00s Real=0.00s
[155.571s][info][gc,start       ] GC(408) Pause Young (Allocation Failure)
[155.573s][info][gc,heap        ] GC(408) PSYoungGen: 1388797K(1389568K)->7549K(1389568K) Eden: 1381376K(1381376K)->0K(1381376K) From: 7421K(8192K)->7549K(8192K)
[155.573s][info][gc,heap        ] GC(408) ParOldGen: 1400774K(2712576K)->1400774K(2712576K)
[155.573s][info][gc,metaspace   ] GC(408) Metaspace: 124775K(129856K)->124775K(129856K) NonClass: 107352K(108096K)->107352K(108096K) Class: 17423K(21760K)->17423K(21760K)
[155.573s][info][gc             ] GC(408) Pause Young (Allocation Failure) 2724M->1375M(4006M) 2.042ms
[155.573s][info][gc,cpu         ] GC(408) User=0.00s Sys=0.00s Real=0.00s
[155.665s][info][gc,start       ] GC(409) Pause Young (Allocation Failure)
[155.667s][info][gc,heap        ] GC(409) PSYoungGen: 1388925K(1389568K)->7453K(1389568K) Eden: 1381376K(1381376K)->0K(1381376K) From: 7549K(8192K)->7453K(8192K)
[155.667s][info][gc,heap        ] GC(409) ParOldGen: 1400774K(2712576K)->1400774K(2712576K)
[155.667s][info][gc,metaspace   ] GC(409) Metaspace: 124775K(129856K)->124775K(129856K) NonClass: 107352K(108096K)->107352K(108096K) Class: 17423K(21760K)->17423K(21760K)
[155.667s][info][gc             ] GC(409) Pause Young (Allocation Failure) 2724M->1375M(4006M) 2.073ms
[155.667s][info][gc,cpu         ] GC(409) User=0.00s Sys=0.00s Real=0.00s
[155.758s][info][gc,start       ] GC(410) Pause Young (Allocation Failure)
[155.761s][info][gc,heap        ] GC(410) PSYoungGen: 1388829K(1389568K)->7541K(1389568K) Eden: 1381376K(1381376K)->0K(1381376K) From: 7453K(8192K)->7541K(8192K)
[155.761s][info][gc,heap        ] GC(410) ParOldGen: 1400774K(2712576K)->1400774K(2712576K)
[155.761s][info][gc,metaspace   ] GC(410) Metaspace: 124775K(129856K)->124775K(129856K) NonClass: 107352K(108096K)->107352K(108096K) Class: 17423K(21760K)->17423K(21760K)
[155.761s][info][gc             ] GC(410) Pause Young (Allocation Failure) 2724M->1375M(4006M) 2.209ms
[155.761s][info][gc,cpu         ] GC(410) User=0.00s Sys=0.00s Real=0.00s
[155.853s][info][gc,start       ] GC(411) Pause Young (Allocation Failure)
[155.855s][info][gc,heap        ] GC(411) PSYoungGen: 1388917K(1389568K)->7669K(1389568K) Eden: 1381376K(1381376K)->0K(1381376K) From: 7541K(8192K)->7669K(8192K)
[155.855s][info][gc,heap        ] GC(411) ParOldGen: 1400774K(2712576K)->1400774K(2712576K)
[155.855s][info][gc,metaspace   ] GC(411) Metaspace: 124775K(129856K)->124775K(129856K) NonClass: 107352K(108096K)->107352K(108096K) Class: 17423K(21760K)->17423K(21760K)
[155.855s][info][gc             ] GC(411) Pause Young (Allocation Failure) 2724M->1375M(4006M) 2.015ms
[155.855s][info][gc,cpu         ] GC(411) User=0.00s Sys=0.00s Real=0.00s
[156.498s][info][gc,start       ] GC(412) Pause Young (System.gc())
[156.500s][info][gc,heap        ] GC(412) PSYoungGen: 1142908K(1389568K)->8184K(1389568K) Eden: 1135239K(1381376K)->0K(1381376K) From: 7669K(8192K)->8184K(8192K)
[156.500s][info][gc,heap        ] GC(412) ParOldGen: 1400774K(2712576K)->1401042K(2712576K)
[156.500s][info][gc,metaspace   ] GC(412) Metaspace: 124780K(129856K)->124780K(129856K) NonClass: 107357K(108096K)->107357K(108096K) Class: 17423K(21760K)->17423K(21760K)
[156.500s][info][gc             ] GC(412) Pause Young (System.gc()) 2484M->1376M(4006M) 2.797ms
[156.501s][info][gc,cpu         ] GC(412) User=0.00s Sys=0.00s Real=0.00s
[156.501s][info][gc,start       ] GC(413) Pause Full (System.gc())
[156.501s][info][gc,phases,start] GC(413) Marking Phase
[156.563s][info][gc,phases      ] GC(413) Marking Phase 62.059ms
[156.563s][info][gc,phases,start] GC(413) Summary Phase
[156.563s][info][gc,phases      ] GC(413) Summary Phase 0.039ms
[156.563s][info][gc,phases,start] GC(413) Adjust Roots
[156.577s][info][gc,phases      ] GC(413) Adjust Roots 13.969ms
[156.577s][info][gc,phases,start] GC(413) Compaction Phase
[156.694s][info][gc,phases      ] GC(413) Compaction Phase 117.108ms
[156.694s][info][gc,phases,start] GC(413) Post Compact
[156.701s][info][gc,phases      ] GC(413) Post Compact 7.437ms
[156.702s][info][gc,heap        ] GC(413) PSYoungGen: 8184K(1389568K)->0K(1389568K) Eden: 0K(1381376K)->0K(1381376K) From: 8184K(8192K)->0K(8192K)
[156.702s][info][gc,heap        ] GC(413) ParOldGen: 1401042K(2712576K)->1400817K(2712576K)
[156.702s][info][gc,metaspace   ] GC(413) Metaspace: 124780K(129856K)->124780K(129856K) NonClass: 107357K(108096K)->107357K(108096K) Class: 17423K(21760K)->17423K(21760K)
[156.702s][info][gc             ] GC(413) Pause Full (System.gc()) 1376M->1367M(4006M) 200.942ms
[156.702s][info][gc,cpu         ] GC(413) User=4.98s Sys=0.00s Real=0.20s
[156.852s][info][gc,start       ] GC(414) Pause Young (Allocation Failure)
[156.855s][info][gc,heap        ] GC(414) PSYoungGen: 1381376K(1389568K)->7357K(1389568K) Eden: 1381376K(1381376K)->0K(1381376K) From: 0K(8192K)->7357K(8192K)
[156.855s][info][gc,heap        ] GC(414) ParOldGen: 1400817K(2712576K)->1400817K(2712576K)
[156.855s][info][gc,metaspace   ] GC(414) Metaspace: 124812K(129856K)->124812K(129856K) NonClass: 107388K(108096K)->107388K(108096K) Class: 17423K(21760K)->17423K(21760K)
[156.855s][info][gc             ] GC(414) Pause Young (Allocation Failure) 2716M->1375M(4006M) 2.370ms
[156.855s][info][gc,cpu         ] GC(414) User=0.52s Sys=0.00s Real=0.02s
[156.946s][info][gc,start       ] GC(415) Pause Young (Allocation Failure)
[156.948s][info][gc,heap        ] GC(415) PSYoungGen: 1388733K(1389568K)->7389K(1389568K) Eden: 1381376K(1381376K)->0K(1381376K) From: 7357K(8192K)->7389K(8192K)
[156.948s][info][gc,heap        ] GC(415) ParOldGen: 1400817K(2712576K)->1400817K(2712576K)
[156.948s][info][gc,metaspace   ] GC(415) Metaspace: 124812K(129856K)->124812K(129856K) NonClass: 107388K(108096K)->107388K(108096K) Class: 17423K(21760K)->17423K(21760K)
[156.949s][info][gc             ] GC(415) Pause Young (Allocation Failure) 2724M->1375M(4006M) 2.200ms
[156.949s][info][gc,cpu         ] GC(415) User=0.52s Sys=0.00s Real=0.02s
[157.041s][info][gc,start       ] GC(416) Pause Young (Allocation Failure)
[157.043s][info][gc,heap        ] GC(416) PSYoungGen: 1388765K(1389568K)->7517K(1389568K) Eden: 1381376K(1381376K)->0K(1381376K) From: 7389K(8192K)->7517K(8192K)
[157.043s][info][gc,heap        ] GC(416) ParOldGen: 1400817K(2712576K)->1400817K(2712576K)
[157.043s][info][gc,metaspace   ] GC(416) Metaspace: 124812K(129856K)->124812K(129856K) NonClass: 107388K(108096K)->107388K(108096K) Class: 17423K(21760K)->17423K(21760K)
[157.043s][info][gc             ] GC(416) Pause Young (Allocation Failure) 2724M->1375M(4006M) 2.018ms
[157.043s][info][gc,cpu         ] GC(416) User=0.00s Sys=0.00s Real=0.00s
[157.135s][info][gc,start       ] GC(417) Pause Young (Allocation Failure)
[157.137s][info][gc,heap        ] GC(417) PSYoungGen: 1388893K(1389568K)->7389K(1389568K) Eden: 1381376K(1381376K)->0K(1381376K) From: 7517K(8192K)->7389K(8192K)
[157.137s][info][gc,heap        ] GC(417) ParOldGen: 1400817K(2712576K)->1400817K(2712576K)
[157.137s][info][gc,metaspace   ] GC(417) Metaspace: 124812K(129856K)->124812K(129856K) NonClass: 107388K(108096K)->107388K(108096K) Class: 17423K(21760K)->17423K(21760K)
[157.137s][info][gc             ] GC(417) Pause Young (Allocation Failure) 2724M->1375M(4006M) 2.074ms
[157.137s][info][gc,cpu         ] GC(417) User=0.00s Sys=0.00s Real=0.00s
[157.229s][info][gc,start       ] GC(418) Pause Young (Allocation Failure)
[157.231s][info][gc,heap        ] GC(418) PSYoungGen: 1388765K(1389568K)->7357K(1389568K) Eden: 1381376K(1381376K)->0K(1381376K) From: 7389K(8192K)->7357K(8192K)
[157.231s][info][gc,heap        ] GC(418) ParOldGen: 1400817K(2712576K)->1400817K(2712576K)
[157.231s][info][gc,metaspace   ] GC(418) Metaspace: 124812K(129856K)->124812K(129856K) NonClass: 107388K(108096K)->107388K(108096K) Class: 17423K(21760K)->17423K(21760K)
[157.231s][info][gc             ] GC(418) Pause Young (Allocation Failure) 2724M->1375M(4006M) 2.078ms
[157.231s][info][gc,cpu         ] GC(418) User=0.02s Sys=0.00s Real=0.02s
[157.323s][info][gc,start       ] GC(419) Pause Young (Allocation Failure)
[157.325s][info][gc,heap        ] GC(419) PSYoungGen: 1388733K(1389568K)->7517K(1389568K) Eden: 1381376K(1381376K)->0K(1381376K) From: 7357K(8192K)->7517K(8192K)
[157.325s][info][gc,heap        ] GC(419) ParOldGen: 1400817K(2712576K)->1400817K(2712576K)
[157.325s][info][gc,metaspace   ] GC(419) Metaspace: 124812K(129856K)->124812K(129856K) NonClass: 107388K(108096K)->107388K(108096K) Class: 17423K(21760K)->17423K(21760K)
[157.325s][info][gc             ] GC(419) Pause Young (Allocation Failure) 2724M->1375M(4006M) 2.071ms
[157.325s][info][gc,cpu         ] GC(419) User=0.02s Sys=0.00s Real=0.01s
[157.416s][info][gc,start       ] GC(420) Pause Young (Allocation Failure)
[157.418s][info][gc,heap        ] GC(420) PSYoungGen: 1388893K(1389568K)->7453K(1389568K) Eden: 1381376K(1381376K)->0K(1381376K) From: 7517K(8192K)->7453K(8192K)
[157.418s][info][gc,heap        ] GC(420) ParOldGen: 1400817K(2712576K)->1400817K(2712576K)
[157.418s][info][gc,metaspace   ] GC(420) Metaspace: 124812K(129856K)->124812K(129856K) NonClass: 107388K(108096K)->107388K(108096K) Class: 17423K(21760K)->17423K(21760K)
[157.418s][info][gc             ] GC(420) Pause Young (Allocation Failure) 2724M->1375M(4006M) 2.031ms
[157.418s][info][gc,cpu         ] GC(420) User=0.00s Sys=0.00s Real=0.00s
[157.510s][info][gc,start       ] GC(421) Pause Young (Allocation Failure)
[157.512s][info][gc,heap        ] GC(421) PSYoungGen: 1388829K(1389568K)->7389K(1389568K) Eden: 1381376K(1381376K)->0K(1381376K) From: 7453K(8192K)->7389K(8192K)
[157.512s][info][gc,heap        ] GC(421) ParOldGen: 1400817K(2712576K)->1400817K(2712576K)
[157.512s][info][gc,metaspace   ] GC(421) Metaspace: 124812K(129856K)->124812K(129856K) NonClass: 107388K(108096K)->107388K(108096K) Class: 17423K(21760K)->17423K(21760K)
[157.512s][info][gc             ] GC(421) Pause Young (Allocation Failure) 2724M->1375M(4006M) 2.050ms
[157.512s][info][gc,cpu         ] GC(421) User=0.00s Sys=0.00s Real=0.00s
[157.604s][info][gc,start       ] GC(422) Pause Young (Allocation Failure)
[157.605s][info][gc,heap        ] GC(422) PSYoungGen: 1388765K(1389568K)->7453K(1389568K) Eden: 1381376K(1381376K)->0K(1381376K) From: 7389K(8192K)->7453K(8192K)
[157.606s][info][gc,heap        ] GC(422) ParOldGen: 1400817K(2712576K)->1400817K(2712576K)
[157.606s][info][gc,metaspace   ] GC(422) Metaspace: 124812K(129856K)->124812K(129856K) NonClass: 107388K(108096K)->107388K(108096K) Class: 17423K(21760K)->17423K(21760K)
[157.606s][info][gc             ] GC(422) Pause Young (Allocation Failure) 2724M->1375M(4006M) 2.016ms
[157.606s][info][gc,cpu         ] GC(422) User=0.00s Sys=0.00s Real=0.00s
[157.697s][info][gc,start       ] GC(423) Pause Young (Allocation Failure)
[157.699s][info][gc,heap        ] GC(423) PSYoungGen: 1388829K(1389568K)->7517K(1389568K) Eden: 1381376K(1381376K)->0K(1381376K) From: 7453K(8192K)->7517K(8192K)
[157.699s][info][gc,heap        ] GC(423) ParOldGen: 1400817K(2712576K)->1400817K(2712576K)
[157.699s][info][gc,metaspace   ] GC(423) Metaspace: 124812K(129856K)->124812K(129856K) NonClass: 107388K(108096K)->107388K(108096K) Class: 17423K(21760K)->17423K(21760K)
[157.700s][info][gc             ] GC(423) Pause Young (Allocation Failure) 2724M->1375M(4006M) 2.067ms
[157.700s][info][gc,cpu         ] GC(423) User=0.00s Sys=0.00s Real=0.00s
[157.792s][info][gc,start       ] GC(424) Pause Young (Allocation Failure)
[157.793s][info][gc,heap        ] GC(424) PSYoungGen: 1388893K(1389568K)->7477K(1389568K) Eden: 1381376K(1381376K)->0K(1381376K) From: 7517K(8192K)->7477K(8192K)
[157.794s][info][gc,heap        ] GC(424) ParOldGen: 1400817K(2712576K)->1400817K(2712576K)
[157.794s][info][gc,metaspace   ] GC(424) Metaspace: 124812K(129856K)->124812K(129856K) NonClass: 107388K(108096K)->107388K(108096K) Class: 17423K(21760K)->17423K(21760K)
[157.794s][info][gc             ] GC(424) Pause Young (Allocation Failure) 2724M->1375M(4006M) 1.993ms
[157.794s][info][gc,cpu         ] GC(424) User=0.02s Sys=0.00s Real=0.02s
[158.457s][info][gc,start       ] GC(425) Pause Young (System.gc())
[158.460s][info][gc,heap        ] GC(425) PSYoungGen: 1129094K(1389568K)->8170K(1389568K) Eden: 1121617K(1381376K)->0K(1381376K) From: 7477K(8192K)->8170K(8192K)
[158.460s][info][gc,heap        ] GC(425) ParOldGen: 1400817K(2712576K)->1400996K(2712576K)
[158.460s][info][gc,metaspace   ] GC(425) Metaspace: 124843K(129856K)->124843K(129856K) NonClass: 107419K(108096K)->107419K(108096K) Class: 17423K(21760K)->17423K(21760K)
[158.460s][info][gc             ] GC(425) Pause Young (System.gc()) 2470M->1376M(4006M) 2.942ms
[158.460s][info][gc,cpu         ] GC(425) User=0.00s Sys=0.00s Real=0.00s
[158.460s][info][gc,start       ] GC(426) Pause Full (System.gc())
[158.460s][info][gc,phases,start] GC(426) Marking Phase
[158.515s][info][gc,phases      ] GC(426) Marking Phase 54.211ms
[158.515s][info][gc,phases,start] GC(426) Summary Phase
[158.515s][info][gc,phases      ] GC(426) Summary Phase 0.040ms
[158.515s][info][gc,phases,start] GC(426) Adjust Roots
[158.541s][info][gc,phases      ] GC(426) Adjust Roots 26.304ms
[158.541s][info][gc,phases,start] GC(426) Compaction Phase
[158.656s][info][gc,phases      ] GC(426) Compaction Phase 115.050ms
[158.656s][info][gc,phases,start] GC(426) Post Compact
[158.664s][info][gc,phases      ] GC(426) Post Compact 7.530ms
[158.664s][info][gc,heap        ] GC(426) PSYoungGen: 8170K(1389568K)->0K(1389568K) Eden: 0K(1381376K)->0K(1381376K) From: 8170K(8192K)->0K(8192K)
[158.664s][info][gc,heap        ] GC(426) ParOldGen: 1400996K(2712576K)->1400894K(2712576K)
[158.664s][info][gc,metaspace   ] GC(426) Metaspace: 124843K(129856K)->124843K(129856K) NonClass: 107419K(108096K)->107419K(108096K) Class: 17423K(21760K)->17423K(21760K)
[158.664s][info][gc             ] GC(426) Pause Full (System.gc()) 1376M->1368M(4006M) 203.467ms
[158.664s][info][gc,cpu         ] GC(426) User=5.17s Sys=0.02s Real=0.20s
[158.811s][info][gc,start       ] GC(427) Pause Young (Allocation Failure)
[158.813s][info][gc,heap        ] GC(427) PSYoungGen: 1381376K(1389568K)->7421K(1389568K) Eden: 1381376K(1381376K)->0K(1381376K) From: 0K(8192K)->7421K(8192K)
[158.813s][info][gc,heap        ] GC(427) ParOldGen: 1400894K(2712576K)->1400902K(2712576K)
[158.813s][info][gc,metaspace   ] GC(427) Metaspace: 124875K(129920K)->124875K(129920K) NonClass: 107451K(108160K)->107451K(108160K) Class: 17423K(21760K)->17423K(21760K)
[158.813s][info][gc             ] GC(427) Pause Young (Allocation Failure) 2717M->1375M(4006M) 2.441ms
[158.813s][info][gc,cpu         ] GC(427) User=0.00s Sys=0.00s Real=0.00s
[158.905s][info][gc,start       ] GC(428) Pause Young (Allocation Failure)
[158.907s][info][gc,heap        ] GC(428) PSYoungGen: 1388797K(1389568K)->7453K(1389568K) Eden: 1381376K(1381376K)->0K(1381376K) From: 7421K(8192K)->7453K(8192K)
[158.907s][info][gc,heap        ] GC(428) ParOldGen: 1400902K(2712576K)->1400902K(2712576K)
[158.907s][info][gc,metaspace   ] GC(428) Metaspace: 124875K(129920K)->124875K(129920K) NonClass: 107451K(108160K)->107451K(108160K) Class: 17423K(21760K)->17423K(21760K)
[158.907s][info][gc             ] GC(428) Pause Young (Allocation Failure) 2724M->1375M(4006M) 2.138ms
[158.908s][info][gc,cpu         ] GC(428) User=0.00s Sys=0.00s Real=0.00s
[159.000s][info][gc,start       ] GC(429) Pause Young (Allocation Failure)
[159.002s][info][gc,heap        ] GC(429) PSYoungGen: 1388829K(1389568K)->7453K(1389568K) Eden: 1381376K(1381376K)->0K(1381376K) From: 7453K(8192K)->7453K(8192K)
[159.002s][info][gc,heap        ] GC(429) ParOldGen: 1400902K(2712576K)->1400902K(2712576K)
[159.002s][info][gc,metaspace   ] GC(429) Metaspace: 124875K(129920K)->124875K(129920K) NonClass: 107451K(108160K)->107451K(108160K) Class: 17423K(21760K)->17423K(21760K)
[159.002s][info][gc             ] GC(429) Pause Young (Allocation Failure) 2724M->1375M(4006M) 2.190ms
[159.002s][info][gc,cpu         ] GC(429) User=0.00s Sys=0.00s Real=0.00s
[159.094s][info][gc,start       ] GC(430) Pause Young (Allocation Failure)
[159.096s][info][gc,heap        ] GC(430) PSYoungGen: 1388829K(1389568K)->7517K(1389568K) Eden: 1381376K(1381376K)->0K(1381376K) From: 7453K(8192K)->7517K(8192K)
[159.096s][info][gc,heap        ] GC(430) ParOldGen: 1400902K(2712576K)->1400902K(2712576K)
[159.096s][info][gc,metaspace   ] GC(430) Metaspace: 124875K(129920K)->124875K(129920K) NonClass: 107451K(108160K)->107451K(108160K) Class: 17423K(21760K)->17423K(21760K)
[159.096s][info][gc             ] GC(430) Pause Young (Allocation Failure) 2724M->1375M(4006M) 2.148ms
[159.096s][info][gc,cpu         ] GC(430) User=0.02s Sys=0.02s Real=0.02s
[159.188s][info][gc,start       ] GC(431) Pause Young (Allocation Failure)
[159.190s][info][gc,heap        ] GC(431) PSYoungGen: 1388893K(1389568K)->7517K(1389568K) Eden: 1381376K(1381376K)->0K(1381376K) From: 7517K(8192K)->7517K(8192K)
[159.190s][info][gc,heap        ] GC(431) ParOldGen: 1400902K(2712576K)->1400902K(2712576K)
[159.190s][info][gc,metaspace   ] GC(431) Metaspace: 124875K(129920K)->124875K(129920K) NonClass: 107451K(108160K)->107451K(108160K) Class: 17423K(21760K)->17423K(21760K)
[159.190s][info][gc             ] GC(431) Pause Young (Allocation Failure) 2724M->1375M(4006M) 2.196ms
[159.190s][info][gc,cpu         ] GC(431) User=0.31s Sys=0.02s Real=0.01s
[159.281s][info][gc,start       ] GC(432) Pause Young (Allocation Failure)
[159.283s][info][gc,heap        ] GC(432) PSYoungGen: 1388893K(1389568K)->7453K(1389568K) Eden: 1381376K(1381376K)->0K(1381376K) From: 7517K(8192K)->7453K(8192K)
[159.283s][info][gc,heap        ] GC(432) ParOldGen: 1400902K(2712576K)->1400902K(2712576K)
[159.283s][info][gc,metaspace   ] GC(432) Metaspace: 124875K(129920K)->124875K(129920K) NonClass: 107451K(108160K)->107451K(108160K) Class: 17423K(21760K)->17423K(21760K)
[159.283s][info][gc             ] GC(432) Pause Young (Allocation Failure) 2724M->1375M(4006M) 2.057ms
[159.283s][info][gc,cpu         ] GC(432) User=0.02s Sys=0.00s Real=0.02s
[159.375s][info][gc,start       ] GC(433) Pause Young (Allocation Failure)
[159.377s][info][gc,heap        ] GC(433) PSYoungGen: 1388829K(1389568K)->7421K(1389568K) Eden: 1381376K(1381376K)->0K(1381376K) From: 7453K(8192K)->7421K(8192K)
[159.377s][info][gc,heap        ] GC(433) ParOldGen: 1400902K(2712576K)->1400902K(2712576K)
[159.377s][info][gc,metaspace   ] GC(433) Metaspace: 124875K(129920K)->124875K(129920K) NonClass: 107451K(108160K)->107451K(108160K) Class: 17423K(21760K)->17423K(21760K)
[159.377s][info][gc             ] GC(433) Pause Young (Allocation Failure) 2724M->1375M(4006M) 2.034ms
[159.377s][info][gc,cpu         ] GC(433) User=0.00s Sys=0.00s Real=0.00s
[159.469s][info][gc,start       ] GC(434) Pause Young (Allocation Failure)
[159.471s][info][gc,heap        ] GC(434) PSYoungGen: 1388797K(1389568K)->7421K(1389568K) Eden: 1381376K(1381376K)->0K(1381376K) From: 7421K(8192K)->7421K(8192K)
[159.471s][info][gc,heap        ] GC(434) ParOldGen: 1400902K(2712576K)->1400902K(2712576K)
[159.471s][info][gc,metaspace   ] GC(434) Metaspace: 124875K(129920K)->124875K(129920K) NonClass: 107451K(108160K)->107451K(108160K) Class: 17423K(21760K)->17423K(21760K)
[159.471s][info][gc             ] GC(434) Pause Young (Allocation Failure) 2724M->1375M(4006M) 2.033ms
[159.471s][info][gc,cpu         ] GC(434) User=0.00s Sys=0.00s Real=0.00s
[159.562s][info][gc,start       ] GC(435) Pause Young (Allocation Failure)
[159.564s][info][gc,heap        ] GC(435) PSYoungGen: 1388797K(1389568K)->7421K(1389568K) Eden: 1381376K(1381376K)->0K(1381376K) From: 7421K(8192K)->7421K(8192K)
[159.564s][info][gc,heap        ] GC(435) ParOldGen: 1400902K(2712576K)->1400902K(2712576K)
[159.564s][info][gc,metaspace   ] GC(435) Metaspace: 124875K(129920K)->124875K(129920K) NonClass: 107451K(108160K)->107451K(108160K) Class: 17423K(21760K)->17423K(21760K)
[159.564s][info][gc             ] GC(435) Pause Young (Allocation Failure) 2724M->1375M(4006M) 2.019ms
[159.564s][info][gc,cpu         ] GC(435) User=0.00s Sys=0.00s Real=0.00s
[159.656s][info][gc,start       ] GC(436) Pause Young (Allocation Failure)
[159.658s][info][gc,heap        ] GC(436) PSYoungGen: 1388797K(1389568K)->7573K(1389568K) Eden: 1381376K(1381376K)->0K(1381376K) From: 7421K(8192K)->7573K(8192K)
[159.658s][info][gc,heap        ] GC(436) ParOldGen: 1400902K(2712576K)->1400902K(2712576K)
[159.658s][info][gc,metaspace   ] GC(436) Metaspace: 124875K(129920K)->124875K(129920K) NonClass: 107451K(108160K)->107451K(108160K) Class: 17423K(21760K)->17423K(21760K)
[159.658s][info][gc             ] GC(436) Pause Young (Allocation Failure) 2724M->1375M(4006M) 2.005ms
[159.658s][info][gc,cpu         ] GC(436) User=0.00s Sys=0.00s Real=0.00s
[159.750s][info][gc,start       ] GC(437) Pause Young (Allocation Failure)
[159.752s][info][gc,heap        ] GC(437) PSYoungGen: 1388949K(1389568K)->7605K(1389568K) Eden: 1381376K(1381376K)->0K(1381376K) From: 7573K(8192K)->7605K(8192K)
[159.752s][info][gc,heap        ] GC(437) ParOldGen: 1400902K(2712576K)->1400902K(2712576K)
[159.752s][info][gc,metaspace   ] GC(437) Metaspace: 124875K(129920K)->124875K(129920K) NonClass: 107451K(108160K)->107451K(108160K) Class: 17423K(21760K)->17423K(21760K)
[159.752s][info][gc             ] GC(437) Pause Young (Allocation Failure) 2724M->1375M(4006M) 2.036ms
[159.752s][info][gc,cpu         ] GC(437) User=0.00s Sys=0.00s Real=0.00s
[160.482s][info][gc,start       ] GC(438) Pause Young (System.gc())
[160.485s][info][gc,heap        ] GC(438) PSYoungGen: 1139709K(1389568K)->8184K(1389568K) Eden: 1132104K(1381376K)->0K(1381376K) From: 7605K(8192K)->8184K(8192K)
[160.485s][info][gc,heap        ] GC(438) ParOldGen: 1400902K(2712576K)->1401056K(2712576K)
[160.485s][info][gc,metaspace   ] GC(438) Metaspace: 124875K(129920K)->124875K(129920K) NonClass: 107452K(108160K)->107452K(108160K) Class: 17423K(21760K)->17423K(21760K)
[160.485s][info][gc             ] GC(438) Pause Young (System.gc()) 2481M->1376M(4006M) 2.792ms
[160.485s][info][gc,cpu         ] GC(438) User=0.00s Sys=0.00s Real=0.00s
[160.485s][info][gc,start       ] GC(439) Pause Full (System.gc())
[160.485s][info][gc,phases,start] GC(439) Marking Phase
[160.540s][info][gc,phases      ] GC(439) Marking Phase 54.134ms
[160.540s][info][gc,phases,start] GC(439) Summary Phase
[160.540s][info][gc,phases      ] GC(439) Summary Phase 0.040ms
[160.540s][info][gc,phases,start] GC(439) Adjust Roots
[160.560s][info][gc,phases      ] GC(439) Adjust Roots 20.548ms
[160.560s][info][gc,phases,start] GC(439) Compaction Phase
[160.677s][info][gc,phases      ] GC(439) Compaction Phase 116.975ms
[160.677s][info][gc,phases,start] GC(439) Post Compact
[160.687s][info][gc,phases      ] GC(439) Post Compact 9.513ms
[160.687s][info][gc,heap        ] GC(439) PSYoungGen: 8184K(1389568K)->0K(1389568K) Eden: 0K(1381376K)->0K(1381376K) From: 8184K(8192K)->0K(8192K)
[160.687s][info][gc,heap        ] GC(439) ParOldGen: 1401056K(2712576K)->1400952K(2712576K)
[160.687s][info][gc,metaspace   ] GC(439) Metaspace: 124875K(129920K)->124875K(129920K) NonClass: 107452K(108160K)->107452K(108160K) Class: 17423K(21760K)->17423K(21760K)
[160.687s][info][gc             ] GC(439) Pause Full (System.gc()) 1376M->1368M(4006M) 201.654ms
[160.687s][info][gc,cpu         ] GC(439) User=4.63s Sys=0.00s Real=0.20s
[160.843s][info][gc,start       ] GC(440) Pause Young (Allocation Failure)
[160.845s][info][gc,heap        ] GC(440) PSYoungGen: 1381376K(1389568K)->7421K(1389568K) Eden: 1381376K(1381376K)->0K(1381376K) From: 0K(8192K)->7421K(8192K)
[160.845s][info][gc,heap        ] GC(440) ParOldGen: 1400952K(2712576K)->1400960K(2712576K)
[160.845s][info][gc,metaspace   ] GC(440) Metaspace: 124952K(129984K)->124952K(129984K) NonClass: 107529K(108224K)->107529K(108224K) Class: 17423K(21760K)->17423K(21760K)
[160.845s][info][gc             ] GC(440) Pause Young (Allocation Failure) 2717M->1375M(4006M) 2.311ms
[160.845s][info][gc,cpu         ] GC(440) User=0.00s Sys=0.00s Real=0.00s
[160.937s][info][gc,start       ] GC(441) Pause Young (Allocation Failure)
[160.939s][info][gc,heap        ] GC(441) PSYoungGen: 1388797K(1389568K)->7549K(1389568K) Eden: 1381376K(1381376K)->0K(1381376K) From: 7421K(8192K)->7549K(8192K)
[160.939s][info][gc,heap        ] GC(441) ParOldGen: 1400960K(2712576K)->1400960K(2712576K)
[160.939s][info][gc,metaspace   ] GC(441) Metaspace: 124952K(129984K)->124952K(129984K) NonClass: 107529K(108224K)->107529K(108224K) Class: 17423K(21760K)->17423K(21760K)
[160.939s][info][gc             ] GC(441) Pause Young (Allocation Failure) 2724M->1375M(4006M) 2.073ms
[160.939s][info][gc,cpu         ] GC(441) User=0.00s Sys=0.00s Real=0.00s
[161.030s][info][gc,start       ] GC(442) Pause Young (Allocation Failure)
[161.032s][info][gc,heap        ] GC(442) PSYoungGen: 1388925K(1389568K)->7549K(1389568K) Eden: 1381376K(1381376K)->0K(1381376K) From: 7549K(8192K)->7549K(8192K)
[161.032s][info][gc,heap        ] GC(442) ParOldGen: 1400960K(2712576K)->1400960K(2712576K)
[161.032s][info][gc,metaspace   ] GC(442) Metaspace: 124952K(129984K)->124952K(129984K) NonClass: 107529K(108224K)->107529K(108224K) Class: 17423K(21760K)->17423K(21760K)
[161.032s][info][gc             ] GC(442) Pause Young (Allocation Failure) 2724M->1375M(4006M) 2.048ms
[161.032s][info][gc,cpu         ] GC(442) User=0.00s Sys=0.00s Real=0.00s
[161.124s][info][gc,start       ] GC(443) Pause Young (Allocation Failure)
[161.126s][info][gc,heap        ] GC(443) PSYoungGen: 1388925K(1389568K)->7549K(1389568K) Eden: 1381376K(1381376K)->0K(1381376K) From: 7549K(8192K)->7549K(8192K)
[161.126s][info][gc,heap        ] GC(443) ParOldGen: 1400960K(2712576K)->1400960K(2712576K)
[161.126s][info][gc,metaspace   ] GC(443) Metaspace: 124952K(129984K)->124952K(129984K) NonClass: 107529K(108224K)->107529K(108224K) Class: 17423K(21760K)->17423K(21760K)
[161.126s][info][gc             ] GC(443) Pause Young (Allocation Failure) 2724M->1375M(4006M) 2.138ms
[161.126s][info][gc,cpu         ] GC(443) User=0.00s Sys=0.00s Real=0.02s
[161.218s][info][gc,start       ] GC(444) Pause Young (Allocation Failure)
[161.220s][info][gc,heap        ] GC(444) PSYoungGen: 1388925K(1389568K)->7453K(1389568K) Eden: 1381376K(1381376K)->0K(1381376K) From: 7549K(8192K)->7453K(8192K)
[161.220s][info][gc,heap        ] GC(444) ParOldGen: 1400960K(2712576K)->1400960K(2712576K)
[161.220s][info][gc,metaspace   ] GC(444) Metaspace: 124952K(129984K)->124952K(129984K) NonClass: 107529K(108224K)->107529K(108224K) Class: 17423K(21760K)->17423K(21760K)
[161.220s][info][gc             ] GC(444) Pause Young (Allocation Failure) 2724M->1375M(4006M) 2.051ms
[161.220s][info][gc,cpu         ] GC(444) User=0.00s Sys=0.00s Real=0.00s
[161.311s][info][gc,start       ] GC(445) Pause Young (Allocation Failure)
[161.314s][info][gc,heap        ] GC(445) PSYoungGen: 1388829K(1389568K)->7549K(1389568K) Eden: 1381376K(1381376K)->0K(1381376K) From: 7453K(8192K)->7549K(8192K)
[161.314s][info][gc,heap        ] GC(445) ParOldGen: 1400960K(2712576K)->1400960K(2712576K)
[161.314s][info][gc,metaspace   ] GC(445) Metaspace: 124952K(129984K)->124952K(129984K) NonClass: 107529K(108224K)->107529K(108224K) Class: 17423K(21760K)->17423K(21760K)
[161.314s][info][gc             ] GC(445) Pause Young (Allocation Failure) 2724M->1375M(4006M) 2.112ms
[161.314s][info][gc,cpu         ] GC(445) User=0.00s Sys=0.00s Real=0.00s
[161.405s][info][gc,start       ] GC(446) Pause Young (Allocation Failure)
[161.407s][info][gc,heap        ] GC(446) PSYoungGen: 1388925K(1389568K)->7549K(1389568K) Eden: 1381376K(1381376K)->0K(1381376K) From: 7549K(8192K)->7549K(8192K)
[161.407s][info][gc,heap        ] GC(446) ParOldGen: 1400960K(2712576K)->1400960K(2712576K)
[161.407s][info][gc,metaspace   ] GC(446) Metaspace: 124952K(129984K)->124952K(129984K) NonClass: 107529K(108224K)->107529K(108224K) Class: 17423K(21760K)->17423K(21760K)
[161.407s][info][gc             ] GC(446) Pause Young (Allocation Failure) 2724M->1375M(4006M) 2.088ms
[161.408s][info][gc,cpu         ] GC(446) User=0.00s Sys=0.00s Real=0.00s
[161.499s][info][gc,start       ] GC(447) Pause Young (Allocation Failure)
[161.501s][info][gc,heap        ] GC(447) PSYoungGen: 1388925K(1389568K)->7453K(1389568K) Eden: 1381376K(1381376K)->0K(1381376K) From: 7549K(8192K)->7453K(8192K)
[161.501s][info][gc,heap        ] GC(447) ParOldGen: 1400960K(2712576K)->1400960K(2712576K)
[161.501s][info][gc,metaspace   ] GC(447) Metaspace: 124952K(129984K)->124952K(129984K) NonClass: 107529K(108224K)->107529K(108224K) Class: 17423K(21760K)->17423K(21760K)
[161.501s][info][gc             ] GC(447) Pause Young (Allocation Failure) 2724M->1375M(4006M) 2.144ms
[161.501s][info][gc,cpu         ] GC(447) User=0.52s Sys=0.00s Real=0.02s
[161.592s][info][gc,start       ] GC(448) Pause Young (Allocation Failure)
[161.594s][info][gc,heap        ] GC(448) PSYoungGen: 1388829K(1389568K)->7549K(1389568K) Eden: 1381376K(1381376K)->0K(1381376K) From: 7453K(8192K)->7549K(8192K)
[161.594s][info][gc,heap        ] GC(448) ParOldGen: 1400960K(2712576K)->1400960K(2712576K)
[161.595s][info][gc,metaspace   ] GC(448) Metaspace: 124952K(129984K)->124952K(129984K) NonClass: 107529K(108224K)->107529K(108224K) Class: 17423K(21760K)->17423K(21760K)
[161.595s][info][gc             ] GC(448) Pause Young (Allocation Failure) 2724M->1375M(4006M) 2.120ms
[161.595s][info][gc,cpu         ] GC(448) User=0.00s Sys=0.00s Real=0.00s
[161.686s][info][gc,start       ] GC(449) Pause Young (Allocation Failure)
[161.688s][info][gc,heap        ] GC(449) PSYoungGen: 1388925K(1389568K)->7541K(1389568K) Eden: 1381376K(1381376K)->0K(1381376K) From: 7549K(8192K)->7541K(8192K)
[161.688s][info][gc,heap        ] GC(449) ParOldGen: 1400960K(2712576K)->1400960K(2712576K)
[161.688s][info][gc,metaspace   ] GC(449) Metaspace: 124952K(129984K)->124952K(129984K) NonClass: 107529K(108224K)->107529K(108224K) Class: 17423K(21760K)->17423K(21760K)
[161.688s][info][gc             ] GC(449) Pause Young (Allocation Failure) 2724M->1375M(4006M) 2.005ms
[161.688s][info][gc,cpu         ] GC(449) User=0.00s Sys=0.00s Real=0.00s
[161.780s][info][gc,start       ] GC(450) Pause Young (Allocation Failure)
[161.782s][info][gc,heap        ] GC(450) PSYoungGen: 1388917K(1389568K)->7660K(1389568K) Eden: 1381376K(1381376K)->0K(1381376K) From: 7541K(8192K)->7660K(8192K)
[161.782s][info][gc,heap        ] GC(450) ParOldGen: 1400960K(2712576K)->1400960K(2712576K)
[161.782s][info][gc,metaspace   ] GC(450) Metaspace: 124952K(129984K)->124952K(129984K) NonClass: 107529K(108224K)->107529K(108224K) Class: 17423K(21760K)->17423K(21760K)
[161.782s][info][gc             ] GC(450) Pause Young (Allocation Failure) 2724M->1375M(4006M) 2.008ms
[161.782s][info][gc,cpu         ] GC(450) User=0.00s Sys=0.00s Real=0.00s
[162.446s][info][gc,start       ] GC(451) Pause Young (System.gc())
[162.449s][info][gc,heap        ] GC(451) PSYoungGen: 1135186K(1389568K)->8185K(1389568K) Eden: 1127525K(1381376K)->0K(1381376K) From: 7660K(8192K)->8185K(8192K)
[162.449s][info][gc,heap        ] GC(451) ParOldGen: 1400960K(2712576K)->1401108K(2712576K)
[162.449s][info][gc,metaspace   ] GC(451) Metaspace: 124952K(129984K)->124952K(129984K) NonClass: 107529K(108224K)->107529K(108224K) Class: 17423K(21760K)->17423K(21760K)
[162.449s][info][gc             ] GC(451) Pause Young (System.gc()) 2476M->1376M(4006M) 2.944ms
[162.449s][info][gc,cpu         ] GC(451) User=0.00s Sys=0.00s Real=0.00s
[162.449s][info][gc,start       ] GC(452) Pause Full (System.gc())
[162.449s][info][gc,phases,start] GC(452) Marking Phase
[162.501s][info][gc,phases      ] GC(452) Marking Phase 52.427ms
[162.502s][info][gc,phases,start] GC(452) Summary Phase
[162.502s][info][gc,phases      ] GC(452) Summary Phase 0.042ms
[162.502s][info][gc,phases,start] GC(452) Adjust Roots
[162.516s][info][gc,phases      ] GC(452) Adjust Roots 13.917ms
[162.516s][info][gc,phases,start] GC(452) Compaction Phase
[162.625s][info][gc,phases      ] GC(452) Compaction Phase 109.627ms
[162.625s][info][gc,phases,start] GC(452) Post Compact
[162.633s][info][gc,phases      ] GC(452) Post Compact 7.477ms
[162.633s][info][gc,heap        ] GC(452) PSYoungGen: 8185K(1389568K)->0K(1389568K) Eden: 0K(1381376K)->0K(1381376K) From: 8185K(8192K)->0K(8192K)
[162.633s][info][gc,heap        ] GC(452) ParOldGen: 1401108K(2712576K)->1400970K(2712576K)
[162.633s][info][gc,metaspace   ] GC(452) Metaspace: 124952K(129984K)->124952K(129984K) NonClass: 107529K(108224K)->107529K(108224K) Class: 17423K(21760K)->17423K(21760K)
[162.633s][info][gc             ] GC(452) Pause Full (System.gc()) 1376M->1368M(4006M) 183.841ms
[162.633s][info][gc,cpu         ] GC(452) User=4.52s Sys=0.00s Real=0.19s
[162.795s][info][gc,start       ] GC(453) Pause Young (Allocation Failure)
[162.798s][info][gc,heap        ] GC(453) PSYoungGen: 1381376K(1389568K)->7357K(1389568K) Eden: 1381376K(1381376K)->0K(1381376K) From: 0K(8192K)->7357K(8192K)
[162.798s][info][gc,heap        ] GC(453) ParOldGen: 1400970K(2712576K)->1400978K(2712576K)
[162.798s][info][gc,metaspace   ] GC(453) Metaspace: 125012K(130048K)->125012K(130048K) NonClass: 107588K(108288K)->107588K(108288K) Class: 17423K(21760K)->17423K(21760K)
[162.798s][info][gc             ] GC(453) Pause Young (Allocation Failure) 2717M->1375M(4006M) 2.366ms
[162.798s][info][gc,cpu         ] GC(453) User=0.52s Sys=0.00s Real=0.02s
[162.889s][info][gc,start       ] GC(454) Pause Young (Allocation Failure)
[162.892s][info][gc,heap        ] GC(454) PSYoungGen: 1388733K(1389568K)->7453K(1389568K) Eden: 1381376K(1381376K)->0K(1381376K) From: 7357K(8192K)->7453K(8192K)
[162.892s][info][gc,heap        ] GC(454) ParOldGen: 1400978K(2712576K)->1400978K(2712576K)
[162.892s][info][gc,metaspace   ] GC(454) Metaspace: 125012K(130048K)->125012K(130048K) NonClass: 107588K(108288K)->107588K(108288K) Class: 17423K(21760K)->17423K(21760K)
[162.892s][info][gc             ] GC(454) Pause Young (Allocation Failure) 2724M->1375M(4006M) 2.089ms
[162.892s][info][gc,cpu         ] GC(454) User=0.00s Sys=0.00s Real=0.00s
[162.984s][info][gc,start       ] GC(455) Pause Young (Allocation Failure)
[162.986s][info][gc,heap        ] GC(455) PSYoungGen: 1388829K(1389568K)->7453K(1389568K) Eden: 1381376K(1381376K)->0K(1381376K) From: 7453K(8192K)->7453K(8192K)
[162.986s][info][gc,heap        ] GC(455) ParOldGen: 1400978K(2712576K)->1400978K(2712576K)
[162.986s][info][gc,metaspace   ] GC(455) Metaspace: 125015K(130048K)->125015K(130048K) NonClass: 107591K(108288K)->107591K(108288K) Class: 17423K(21760K)->17423K(21760K)
[162.986s][info][gc             ] GC(455) Pause Young (Allocation Failure) 2724M->1375M(4006M) 2.046ms
[162.986s][info][gc,cpu         ] GC(455) User=0.00s Sys=0.00s Real=0.02s
[163.078s][info][gc,start       ] GC(456) Pause Young (Allocation Failure)
[163.080s][info][gc,heap        ] GC(456) PSYoungGen: 1388829K(1389568K)->7549K(1389568K) Eden: 1381376K(1381376K)->0K(1381376K) From: 7453K(8192K)->7549K(8192K)
[163.080s][info][gc,heap        ] GC(456) ParOldGen: 1400978K(2712576K)->1400978K(2712576K)
[163.080s][info][gc,metaspace   ] GC(456) Metaspace: 125015K(130048K)->125015K(130048K) NonClass: 107591K(108288K)->107591K(108288K) Class: 17423K(21760K)->17423K(21760K)
[163.080s][info][gc             ] GC(456) Pause Young (Allocation Failure) 2724M->1375M(4006M) 2.069ms
[163.080s][info][gc,cpu         ] GC(456) User=0.00s Sys=0.00s Real=0.00s
[163.172s][info][gc,start       ] GC(457) Pause Young (Allocation Failure)
[163.174s][info][gc,heap        ] GC(457) PSYoungGen: 1388925K(1389568K)->7485K(1389568K) Eden: 1381376K(1381376K)->0K(1381376K) From: 7549K(8192K)->7485K(8192K)
[163.174s][info][gc,heap        ] GC(457) ParOldGen: 1400978K(2712576K)->1400978K(2712576K)
[163.174s][info][gc,metaspace   ] GC(457) Metaspace: 125015K(130048K)->125015K(130048K) NonClass: 107591K(108288K)->107591K(108288K) Class: 17423K(21760K)->17423K(21760K)
[163.174s][info][gc             ] GC(457) Pause Young (Allocation Failure) 2724M->1375M(4006M) 2.109ms
[163.174s][info][gc,cpu         ] GC(457) User=0.00s Sys=0.00s Real=0.00s
[163.265s][info][gc,start       ] GC(458) Pause Young (Allocation Failure)
[163.267s][info][gc,heap        ] GC(458) PSYoungGen: 1388861K(1389568K)->7581K(1389568K) Eden: 1381376K(1381376K)->0K(1381376K) From: 7485K(8192K)->7581K(8192K)
[163.267s][info][gc,heap        ] GC(458) ParOldGen: 1400978K(2712576K)->1400978K(2712576K)
[163.267s][info][gc,metaspace   ] GC(458) Metaspace: 125015K(130048K)->125015K(130048K) NonClass: 107591K(108288K)->107591K(108288K) Class: 17423K(21760K)->17423K(21760K)
[163.267s][info][gc             ] GC(458) Pause Young (Allocation Failure) 2724M->1375M(4006M) 2.128ms
[163.268s][info][gc,cpu         ] GC(458) User=0.00s Sys=0.00s Real=0.00s
[163.359s][info][gc,start       ] GC(459) Pause Young (Allocation Failure)
[163.361s][info][gc,heap        ] GC(459) PSYoungGen: 1388957K(1389568K)->7549K(1389568K) Eden: 1381376K(1381376K)->0K(1381376K) From: 7581K(8192K)->7549K(8192K)
[163.361s][info][gc,heap        ] GC(459) ParOldGen: 1400978K(2712576K)->1400978K(2712576K)
[163.361s][info][gc,metaspace   ] GC(459) Metaspace: 125015K(130048K)->125015K(130048K) NonClass: 107591K(108288K)->107591K(108288K) Class: 17423K(21760K)->17423K(21760K)
[163.361s][info][gc             ] GC(459) Pause Young (Allocation Failure) 2724M->1375M(4006M) 2.089ms
[163.361s][info][gc,cpu         ] GC(459) User=0.00s Sys=0.00s Real=0.00s
[163.453s][info][gc,start       ] GC(460) Pause Young (Allocation Failure)
[163.455s][info][gc,heap        ] GC(460) PSYoungGen: 1388925K(1389568K)->7453K(1389568K) Eden: 1381376K(1381376K)->0K(1381376K) From: 7549K(8192K)->7453K(8192K)
[163.456s][info][gc,heap        ] GC(460) ParOldGen: 1400978K(2712576K)->1400978K(2712576K)
[163.456s][info][gc,metaspace   ] GC(460) Metaspace: 125015K(130048K)->125015K(130048K) NonClass: 107591K(108288K)->107591K(108288K) Class: 17423K(21760K)->17423K(21760K)
[163.456s][info][gc             ] GC(460) Pause Young (Allocation Failure) 2724M->1375M(4006M) 2.156ms
[163.456s][info][gc,cpu         ] GC(460) User=0.00s Sys=0.00s Real=0.00s
[163.547s][info][gc,start       ] GC(461) Pause Young (Allocation Failure)
[163.549s][info][gc,heap        ] GC(461) PSYoungGen: 1388829K(1389568K)->7453K(1389568K) Eden: 1381376K(1381376K)->0K(1381376K) From: 7453K(8192K)->7453K(8192K)
[163.549s][info][gc,heap        ] GC(461) ParOldGen: 1400978K(2712576K)->1400978K(2712576K)
[163.549s][info][gc,metaspace   ] GC(461) Metaspace: 125015K(130048K)->125015K(130048K) NonClass: 107591K(108288K)->107591K(108288K) Class: 17423K(21760K)->17423K(21760K)
[163.549s][info][gc             ] GC(461) Pause Young (Allocation Failure) 2724M->1375M(4006M) 2.086ms
[163.549s][info][gc,cpu         ] GC(461) User=0.00s Sys=0.00s Real=0.00s
[163.641s][info][gc,start       ] GC(462) Pause Young (Allocation Failure)
[163.643s][info][gc,heap        ] GC(462) PSYoungGen: 1388829K(1389568K)->7637K(1389568K) Eden: 1381376K(1381376K)->0K(1381376K) From: 7453K(8192K)->7637K(8192K)
[163.643s][info][gc,heap        ] GC(462) ParOldGen: 1400978K(2712576K)->1400978K(2712576K)
[163.643s][info][gc,metaspace   ] GC(462) Metaspace: 125015K(130048K)->125015K(130048K) NonClass: 107591K(108288K)->107591K(108288K) Class: 17423K(21760K)->17423K(21760K)
[163.643s][info][gc             ] GC(462) Pause Young (Allocation Failure) 2724M->1375M(4006M) 2.056ms
[163.644s][info][gc,cpu         ] GC(462) User=0.02s Sys=0.00s Real=0.01s
[163.736s][info][gc,start       ] GC(463) Pause Young (Allocation Failure)
[163.738s][info][gc,heap        ] GC(463) PSYoungGen: 1389013K(1389568K)->7727K(1389568K) Eden: 1381376K(1381376K)->0K(1381376K) From: 7637K(8192K)->7727K(8192K)
[163.738s][info][gc,heap        ] GC(463) ParOldGen: 1400978K(2712576K)->1400978K(2712576K)
[163.738s][info][gc,metaspace   ] GC(463) Metaspace: 125017K(130048K)->125017K(130048K) NonClass: 107594K(108288K)->107594K(108288K) Class: 17423K(21760K)->17423K(21760K)
[163.738s][info][gc             ] GC(463) Pause Young (Allocation Failure) 2724M->1375M(4006M) 2.005ms
[163.738s][info][gc,cpu         ] GC(463) User=0.00s Sys=0.00s Real=0.00s
[164.364s][info][gc,start       ] GC(464) Pause Young (System.gc())
[164.367s][info][gc,heap        ] GC(464) PSYoungGen: 1134415K(1389568K)->8187K(1389568K) Eden: 1126687K(1381376K)->0K(1381376K) From: 7727K(8192K)->8187K(8192K)
[164.367s][info][gc,heap        ] GC(464) ParOldGen: 1400978K(2712576K)->1401290K(2712576K)
[164.367s][info][gc,metaspace   ] GC(464) Metaspace: 125023K(130048K)->125023K(130048K) NonClass: 107600K(108288K)->107600K(108288K) Class: 17423K(21760K)->17423K(21760K)
[164.367s][info][gc             ] GC(464) Pause Young (System.gc()) 2475M->1376M(4006M) 2.895ms
[164.367s][info][gc,cpu         ] GC(464) User=0.00s Sys=0.00s Real=0.00s
[164.368s][info][gc,start       ] GC(465) Pause Full (System.gc())
[164.368s][info][gc,phases,start] GC(465) Marking Phase
[164.439s][info][gc,phases      ] GC(465) Marking Phase 71.669ms
[164.439s][info][gc,phases,start] GC(465) Summary Phase
[164.439s][info][gc,phases      ] GC(465) Summary Phase 0.043ms
[164.439s][info][gc,phases,start] GC(465) Adjust Roots
[164.462s][info][gc,phases      ] GC(465) Adjust Roots 22.403ms
[164.462s][info][gc,phases,start] GC(465) Compaction Phase
[164.572s][info][gc,phases      ] GC(465) Compaction Phase 110.061ms
[164.572s][info][gc,phases,start] GC(465) Post Compact
[164.579s][info][gc,phases      ] GC(465) Post Compact 7.362ms
[164.579s][info][gc,heap        ] GC(465) PSYoungGen: 8187K(1389568K)->0K(1389568K) Eden: 0K(1381376K)->0K(1381376K) From: 8187K(8192K)->0K(8192K)
[164.579s][info][gc,heap        ] GC(465) ParOldGen: 1401290K(2712576K)->1401050K(2712576K)
[164.579s][info][gc,metaspace   ] GC(465) Metaspace: 125023K(130048K)->125023K(130048K) NonClass: 107600K(108288K)->107600K(108288K) Class: 17423K(21760K)->17423K(21760K)
[164.579s][info][gc             ] GC(465) Pause Full (System.gc()) 1376M->1368M(4006M) 211.904ms
[164.579s][info][gc,cpu         ] GC(465) User=5.67s Sys=0.02s Real=0.20s
[164.736s][info][gc,start       ] GC(466) Pause Young (Allocation Failure)
[164.738s][info][gc,heap        ] GC(466) PSYoungGen: 1381376K(1389568K)->7357K(1388544K) Eden: 1381376K(1381376K)->0K(1380352K) From: 0K(8192K)->7357K(8192K)
[164.738s][info][gc,heap        ] GC(466) ParOldGen: 1401050K(2712576K)->1401050K(2712576K)
[164.738s][info][gc,metaspace   ] GC(466) Metaspace: 125056K(130112K)->125056K(130112K) NonClass: 107633K(108352K)->107633K(108352K) Class: 17423K(21760K)->17423K(21760K)
[164.739s][info][gc             ] GC(466) Pause Young (Allocation Failure) 2717M->1375M(4005M) 2.356ms
[164.739s][info][gc,cpu         ] GC(466) User=0.00s Sys=0.00s Real=0.00s
[164.830s][info][gc,start       ] GC(467) Pause Young (Allocation Failure)
[164.832s][info][gc,heap        ] GC(467) PSYoungGen: 1387709K(1388544K)->7485K(1389056K) Eden: 1380352K(1380352K)->0K(1380352K) From: 7357K(8192K)->7485K(8704K)
[164.833s][info][gc,heap        ] GC(467) ParOldGen: 1401050K(2712576K)->1401050K(2712576K)
[164.833s][info][gc,metaspace   ] GC(467) Metaspace: 125056K(130112K)->125056K(130112K) NonClass: 107633K(108352K)->107633K(108352K) Class: 17423K(21760K)->17423K(21760K)
[164.833s][info][gc             ] GC(467) Pause Young (Allocation Failure) 2723M->1375M(4005M) 2.164ms
[164.833s][info][gc,cpu         ] GC(467) User=0.00s Sys=0.00s Real=0.00s
[164.924s][info][gc,start       ] GC(468) Pause Young (Allocation Failure)
[164.926s][info][gc,heap        ] GC(468) PSYoungGen: 1387837K(1389056K)->7453K(1389056K) Eden: 1380352K(1380352K)->0K(1380864K) From: 7485K(8704K)->7453K(8192K)
[164.926s][info][gc,heap        ] GC(468) ParOldGen: 1401050K(2712576K)->1401050K(2712576K)
[164.926s][info][gc,metaspace   ] GC(468) Metaspace: 125056K(130112K)->125056K(130112K) NonClass: 107633K(108352K)->107633K(108352K) Class: 17423K(21760K)->17423K(21760K)
[164.926s][info][gc             ] GC(468) Pause Young (Allocation Failure) 2723M->1375M(4005M) 2.005ms
[164.926s][info][gc,cpu         ] GC(468) User=0.00s Sys=0.00s Real=0.00s
[165.018s][info][gc,start       ] GC(469) Pause Young (Allocation Failure)
[165.020s][info][gc,heap        ] GC(469) PSYoungGen: 1388317K(1389056K)->7453K(1389056K) Eden: 1380864K(1380864K)->0K(1380864K) From: 7453K(8192K)->7453K(8192K)
[165.020s][info][gc,heap        ] GC(469) ParOldGen: 1401050K(2712576K)->1401050K(2712576K)
[165.020s][info][gc,metaspace   ] GC(469) Metaspace: 125056K(130112K)->125056K(130112K) NonClass: 107633K(108352K)->107633K(108352K) Class: 17423K(21760K)->17423K(21760K)
[165.020s][info][gc             ] GC(469) Pause Young (Allocation Failure) 2723M->1375M(4005M) 2.223ms
[165.020s][info][gc,cpu         ] GC(469) User=0.00s Sys=0.00s Real=0.00s
[165.112s][info][gc,start       ] GC(470) Pause Young (Allocation Failure)
[165.114s][info][gc,heap        ] GC(470) PSYoungGen: 1388317K(1389056K)->7453K(1389568K) Eden: 1380864K(1380864K)->0K(1381376K) From: 7453K(8192K)->7453K(8192K)
[165.114s][info][gc,heap        ] GC(470) ParOldGen: 1401050K(2712576K)->1401050K(2712576K)
[165.114s][info][gc,metaspace   ] GC(470) Metaspace: 125056K(130112K)->125056K(130112K) NonClass: 107633K(108352K)->107633K(108352K) Class: 17423K(21760K)->17423K(21760K)
[165.114s][info][gc             ] GC(470) Pause Young (Allocation Failure) 2723M->1375M(4006M) 2.078ms
[165.114s][info][gc,cpu         ] GC(470) User=0.00s Sys=0.00s Real=0.00s
[165.206s][info][gc,start       ] GC(471) Pause Young (Allocation Failure)
[165.208s][info][gc,heap        ] GC(471) PSYoungGen: 1388829K(1389568K)->7453K(1389568K) Eden: 1381376K(1381376K)->0K(1381376K) From: 7453K(8192K)->7453K(8192K)
[165.208s][info][gc,heap        ] GC(471) ParOldGen: 1401050K(2712576K)->1401050K(2712576K)
[165.208s][info][gc,metaspace   ] GC(471) Metaspace: 125056K(130112K)->125056K(130112K) NonClass: 107633K(108352K)->107633K(108352K) Class: 17423K(21760K)->17423K(21760K)
[165.208s][info][gc             ] GC(471) Pause Young (Allocation Failure) 2724M->1375M(4006M) 2.106ms
[165.208s][info][gc,cpu         ] GC(471) User=0.00s Sys=0.00s Real=0.00s
[165.300s][info][gc,start       ] GC(472) Pause Young (Allocation Failure)
[165.302s][info][gc,heap        ] GC(472) PSYoungGen: 1388829K(1389568K)->7581K(1389568K) Eden: 1381376K(1381376K)->0K(1381376K) From: 7453K(8192K)->7581K(8192K)
[165.302s][info][gc,heap        ] GC(472) ParOldGen: 1401050K(2712576K)->1401050K(2712576K)
[165.302s][info][gc,metaspace   ] GC(472) Metaspace: 125056K(130112K)->125056K(130112K) NonClass: 107633K(108352K)->107633K(108352K) Class: 17423K(21760K)->17423K(21760K)
[165.302s][info][gc             ] GC(472) Pause Young (Allocation Failure) 2724M->1375M(4006M) 2.093ms
[165.302s][info][gc,cpu         ] GC(472) User=0.00s Sys=0.00s Real=0.00s
[165.393s][info][gc,start       ] GC(473) Pause Young (Allocation Failure)
[165.395s][info][gc,heap        ] GC(473) PSYoungGen: 1388957K(1389568K)->7485K(1389568K) Eden: 1381376K(1381376K)->0K(1381376K) From: 7581K(8192K)->7485K(8192K)
[165.395s][info][gc,heap        ] GC(473) ParOldGen: 1401050K(2712576K)->1401050K(2712576K)
[165.395s][info][gc,metaspace   ] GC(473) Metaspace: 125056K(130112K)->125056K(130112K) NonClass: 107633K(108352K)->107633K(108352K) Class: 17423K(21760K)->17423K(21760K)
[165.395s][info][gc             ] GC(473) Pause Young (Allocation Failure) 2724M->1375M(4006M) 2.036ms
[165.395s][info][gc,cpu         ] GC(473) User=0.00s Sys=0.00s Real=0.00s
[165.487s][info][gc,start       ] GC(474) Pause Young (Allocation Failure)
[165.489s][info][gc,heap        ] GC(474) PSYoungGen: 1388861K(1389568K)->7581K(1389568K) Eden: 1381376K(1381376K)->0K(1381376K) From: 7485K(8192K)->7581K(8192K)
[165.489s][info][gc,heap        ] GC(474) ParOldGen: 1401050K(2712576K)->1401050K(2712576K)
[165.489s][info][gc,metaspace   ] GC(474) Metaspace: 125056K(130112K)->125056K(130112K) NonClass: 107633K(108352K)->107633K(108352K) Class: 17423K(21760K)->17423K(21760K)
[165.489s][info][gc             ] GC(474) Pause Young (Allocation Failure) 2724M->1375M(4006M) 2.058ms
[165.489s][info][gc,cpu         ] GC(474) User=0.00s Sys=0.00s Real=0.00s
[165.581s][info][gc,start       ] GC(475) Pause Young (Allocation Failure)
[165.583s][info][gc,heap        ] GC(475) PSYoungGen: 1388957K(1389568K)->7453K(1389568K) Eden: 1381376K(1381376K)->0K(1381376K) From: 7581K(8192K)->7453K(8192K)
[165.603s][info][gc,heap        ] GC(475) ParOldGen: 1401050K(2712576K)->1401050K(2712576K)
[165.603s][info][gc,metaspace   ] GC(475) Metaspace: 125056K(130112K)->125056K(130112K) NonClass: 107633K(108352K)->107633K(108352K) Class: 17423K(21760K)->17423K(21760K)
[165.603s][info][gc             ] GC(475) Pause Young (Allocation Failure) 2724M->1375M(4006M) 21.894ms
[165.603s][info][gc,cpu         ] GC(475) User=0.00s Sys=0.00s Real=0.03s
[165.695s][info][gc,start       ] GC(476) Pause Young (Allocation Failure)
[165.697s][info][gc,heap        ] GC(476) PSYoungGen: 1388829K(1389568K)->7573K(1389568K) Eden: 1381376K(1381376K)->0K(1381376K) From: 7453K(8192K)->7573K(8192K)
[165.697s][info][gc,heap        ] GC(476) ParOldGen: 1401050K(2712576K)->1401050K(2712576K)
[165.697s][info][gc,metaspace   ] GC(476) Metaspace: 125056K(130112K)->125056K(130112K) NonClass: 107633K(108352K)->107633K(108352K) Class: 17423K(21760K)->17423K(21760K)
[165.697s][info][gc             ] GC(476) Pause Young (Allocation Failure) 2724M->1375M(4006M) 1.978ms
[165.697s][info][gc,cpu         ] GC(476) User=0.00s Sys=0.00s Real=0.00s
[166.645s][info][gc,heap,exit   ] Heap
[166.645s][info][gc,heap,exit   ]  PSYoungGen      total 1389568K, used 1260918K [0x00000007aab00000, 0x0000000800000000, 0x0000000800000000)
[166.645s][info][gc,heap,exit   ]   eden space 1381376K, 90% used [0x00000007aab00000,0x00000007f72f8470,0x00000007ff000000)
[166.646s][info][gc,heap,exit   ]   from space 8192K, 92% used [0x00000007ff800000,0x00000007fff65498,0x0000000800000000)
[166.646s][info][gc,heap,exit   ]   to   space 8192K, 0% used [0x00000007ff000000,0x00000007ff000000,0x00000007ff800000)
[166.646s][info][gc,heap,exit   ]  ParOldGen       total 2712576K, used 1401050K [0x0000000700000000, 0x00000007a5900000, 0x00000007aab00000)
[166.646s][info][gc,heap,exit   ]   object space 2712576K, 51% used [0x0000000700000000,0x0000000755836990,0x00000007a5900000)
[166.646s][info][gc,heap,exit   ]  Metaspace       used 125455K, committed 130496K, reserved 1179648K
[166.646s][info][gc,heap,exit   ]   class space    used 17502K, committed 21824K, reserved 1048576K
