[0.017s][info][gc,init] CardTable entry size: 512
[0.017s][info][gc     ] Using Parallel
[0.021s][info][gc,init] Version: 20+36-2344 (release)
[0.021s][info][gc,init] CPUs: 48 total, 48 available
[0.021s][info][gc,init] Memory: 382G
[0.021s][info][gc,init] Large Page Support: Disabled
[0.021s][info][gc,init] NUMA Support: Disabled
[0.021s][info][gc,init] Compressed Oops: Enabled (32-bit)
[0.021s][info][gc,init] Alignments: Space 512K, Generation 512K, Heap 2M
[0.021s][info][gc,init] Heap Min Capacity: 8M
[0.021s][info][gc,init] Heap Initial Capacity: 512M
[0.028s][info][gc,init] Heap Max Capacity: 512M
[0.028s][info][gc,init] Pre-touch: Disabled
[0.028s][info][gc,init] Parallel Workers: 33
[0.030s][info][gc,metaspace] CDS archive(s) mapped at: [0x0000000800000000-0x0000000800c60000-0x0000000800c60000), size 12976128, SharedBaseAddress: 0x0000000800000000, ArchiveRelocationMode: 0.
[0.030s][info][gc,metaspace] Compressed class space mapped at: 0x0000000801000000-0x0000000841000000, reserved size: 1073741824
[0.030s][info][gc,metaspace] Narrow klass base: 0x0000000800000000, Narrow klass shift: 0, Narrow klass range: 0x100000000
[10.047s][info][gc,start    ] GC(0) Pause Young (Metadata GC Threshold)
[10.057s][info][gc,heap     ] GC(0) PSYoungGen: 112213K(153088K)->18431K(153088K) Eden: 112213K(131584K)->0K(131584K) From: 0K(21504K)->18431K(21504K)
[10.057s][info][gc,heap     ] GC(0) ParOldGen: 0K(349696K)->24K(349696K)
[10.057s][info][gc,metaspace] GC(0) Metaspace: 21268K(21504K)->21268K(21504K) NonClass: 18547K(18688K)->18547K(18688K) Class: 2721K(2816K)->2721K(2816K)
[10.057s][info][gc          ] GC(0) Pause Young (Metadata GC Threshold) 109M->18M(491M) 10.190ms
[10.057s][info][gc,cpu      ] GC(0) User=0.00s Sys=0.00s Real=0.01s
[10.057s][info][gc,start    ] GC(1) Pause Full (Metadata GC Threshold)
[10.057s][info][gc,phases,start] GC(1) Marking Phase
[10.070s][info][gc,phases      ] GC(1) Marking Phase 12.876ms
[10.070s][info][gc,phases,start] GC(1) Summary Phase
[10.070s][info][gc,phases      ] GC(1) Summary Phase 0.034ms
[10.070s][info][gc,phases,start] GC(1) Adjust Roots
[10.073s][info][gc,phases      ] GC(1) Adjust Roots 2.819ms
[10.073s][info][gc,phases,start] GC(1) Compaction Phase
[10.084s][info][gc,phases      ] GC(1) Compaction Phase 10.627ms
[10.084s][info][gc,phases,start] GC(1) Post Compact
[10.087s][info][gc,phases      ] GC(1) Post Compact 2.834ms
[10.087s][info][gc,heap        ] GC(1) PSYoungGen: 18431K(153088K)->0K(153088K) Eden: 0K(131584K)->0K(131584K) From: 18431K(21504K)->0K(21504K)
[10.087s][info][gc,heap        ] GC(1) ParOldGen: 24K(349696K)->18045K(349696K)
[10.087s][info][gc,metaspace   ] GC(1) Metaspace: 21268K(21504K)->21268K(21504K) NonClass: 18547K(18688K)->18547K(18688K) Class: 2721K(2816K)->2721K(2816K)
[10.087s][info][gc             ] GC(1) Pause Full (Metadata GC Threshold) 18M->17M(491M) 29.589ms
[10.087s][info][gc,cpu         ] GC(1) User=0.28s Sys=0.06s Real=0.03s
[10.999s][info][gc,start       ] GC(2) Pause Young (Metadata GC Threshold)
[11.005s][info][gc,heap        ] GC(2) PSYoungGen: 90577K(153088K)->4766K(153088K) Eden: 90577K(131584K)->0K(131584K) From: 0K(21504K)->4766K(21504K)
[11.005s][info][gc,heap        ] GC(2) ParOldGen: 18045K(349696K)->18053K(349696K)
[11.005s][info][gc,metaspace   ] GC(2) Metaspace: 35441K(35840K)->35441K(35840K) NonClass: 30963K(31168K)->30963K(31168K) Class: 4478K(4672K)->4478K(4672K)
[11.005s][info][gc             ] GC(2) Pause Young (Metadata GC Threshold) 106M->22M(491M) 6.092ms
[11.005s][info][gc,cpu         ] GC(2) User=0.00s Sys=0.00s Real=0.01s
[11.005s][info][gc,start       ] GC(3) Pause Full (Metadata GC Threshold)
[11.005s][info][gc,phases,start] GC(3) Marking Phase
[11.019s][info][gc,phases      ] GC(3) Marking Phase 14.029ms
[11.019s][info][gc,phases,start] GC(3) Summary Phase
[11.019s][info][gc,phases      ] GC(3) Summary Phase 0.019ms
[11.019s][info][gc,phases,start] GC(3) Adjust Roots
[11.027s][info][gc,phases      ] GC(3) Adjust Roots 7.905ms
[11.027s][info][gc,phases,start] GC(3) Compaction Phase
[11.042s][info][gc,phases      ] GC(3) Compaction Phase 14.573ms
[11.042s][info][gc,phases,start] GC(3) Post Compact
[11.043s][info][gc,phases      ] GC(3) Post Compact 1.061ms
[11.043s][info][gc,heap        ] GC(3) PSYoungGen: 4766K(153088K)->0K(153088K) Eden: 0K(131584K)->0K(131584K) From: 4766K(21504K)->0K(21504K)
[11.043s][info][gc,heap        ] GC(3) ParOldGen: 18053K(349696K)->22361K(349696K)
[11.043s][info][gc,metaspace   ] GC(3) Metaspace: 35441K(35840K)->35441K(35840K) NonClass: 30963K(31168K)->30963K(31168K) Class: 4478K(4672K)->4478K(4672K)
[11.043s][info][gc             ] GC(3) Pause Full (Metadata GC Threshold) 22M->21M(491M) 37.906ms
[11.043s][info][gc,cpu         ] GC(3) User=0.19s Sys=0.00s Real=0.04s
[13.691s][info][gc,start       ] GC(4) Pause Young (Allocation Failure)
[13.693s][info][gc,heap        ] GC(4) PSYoungGen: 131584K(153088K)->2272K(153088K) Eden: 131584K(131584K)->0K(131584K) From: 0K(21504K)->2272K(21504K)
[13.693s][info][gc,heap        ] GC(4) ParOldGen: 22361K(349696K)->22369K(349696K)
[13.693s][info][gc,metaspace   ] GC(4) Metaspace: 42267K(42624K)->42267K(42624K) NonClass: 36970K(37184K)->36970K(37184K) Class: 5296K(5440K)->5296K(5440K)
[13.693s][info][gc             ] GC(4) Pause Young (Allocation Failure) 150M->24M(491M) 2.304ms
[13.693s][info][gc,cpu         ] GC(4) User=0.00s Sys=0.00s Real=0.00s
[174.608s][info][gc,start       ] GC(5) Pause Young (Allocation Failure)
[174.610s][info][gc,heap        ] GC(5) PSYoungGen: 133856K(153088K)->2400K(153088K) Eden: 131584K(131584K)->0K(131584K) From: 2272K(21504K)->2400K(21504K)
[174.610s][info][gc,heap        ] GC(5) ParOldGen: 22369K(349696K)->22377K(349696K)
[174.610s][info][gc,metaspace   ] GC(5) Metaspace: 43033K(43456K)->43033K(43456K) NonClass: 37646K(37888K)->37646K(37888K) Class: 5386K(5568K)->5386K(5568K)
[174.610s][info][gc             ] GC(5) Pause Young (Allocation Failure) 152M->24M(491M) 1.855ms
[174.610s][info][gc,cpu         ] GC(5) User=0.02s Sys=0.02s Real=0.02s
[175.462s][info][gc,start       ] GC(6) Pause Young (Metadata GC Threshold)
[175.468s][info][gc,heap        ] GC(6) PSYoungGen: 65903K(153088K)->6675K(138752K) Eden: 63503K(131584K)->0K(131584K) From: 2400K(21504K)->6675K(7168K)
[175.468s][info][gc,heap        ] GC(6) ParOldGen: 22377K(349696K)->22385K(349696K)
[175.468s][info][gc,metaspace   ] GC(6) Metaspace: 59283K(59776K)->59283K(59776K) NonClass: 52050K(52352K)->52050K(52352K) Class: 7233K(7424K)->7233K(7424K)
[175.468s][info][gc             ] GC(6) Pause Young (Metadata GC Threshold) 86M->28M(477M) 5.329ms
[175.468s][info][gc,cpu         ] GC(6) User=0.19s Sys=0.00s Real=0.02s
[175.468s][info][gc,start       ] GC(7) Pause Full (Metadata GC Threshold)
[175.468s][info][gc,phases,start] GC(7) Marking Phase
[175.489s][info][gc,phases      ] GC(7) Marking Phase 20.615ms
[175.489s][info][gc,phases,start] GC(7) Summary Phase
[175.489s][info][gc,phases      ] GC(7) Summary Phase 0.017ms
[175.489s][info][gc,phases,start] GC(7) Adjust Roots
[175.494s][info][gc,phases      ] GC(7) Adjust Roots 5.166ms
[175.494s][info][gc,phases,start] GC(7) Compaction Phase
[175.509s][info][gc,phases      ] GC(7) Compaction Phase 14.686ms
[175.509s][info][gc,phases,start] GC(7) Post Compact
[175.510s][info][gc,phases      ] GC(7) Post Compact 1.363ms
[175.510s][info][gc,heap        ] GC(7) PSYoungGen: 6675K(138752K)->0K(138752K) Eden: 0K(131584K)->0K(131584K) From: 6675K(7168K)->0K(7168K)
[175.510s][info][gc,heap        ] GC(7) ParOldGen: 22385K(349696K)->28053K(349696K)
[175.510s][info][gc,metaspace   ] GC(7) Metaspace: 59283K(59776K)->59283K(59776K) NonClass: 52050K(52352K)->52050K(52352K) Class: 7233K(7424K)->7233K(7424K)
[175.510s][info][gc             ] GC(7) Pause Full (Metadata GC Threshold) 28M->27M(477M) 42.162ms
[175.510s][info][gc,cpu         ] GC(7) User=0.22s Sys=0.00s Real=0.03s
[177.029s][info][gc,start       ] GC(8) Pause Young (System.gc())
[177.035s][info][gc,heap        ] GC(8) PSYoungGen: 96536K(138752K)->6552K(146432K) Eden: 96536K(131584K)->0K(131584K) From: 0K(7168K)->6552K(14848K)
[177.035s][info][gc,heap        ] GC(8) ParOldGen: 28053K(349696K)->28061K(349696K)
[177.035s][info][gc,metaspace   ] GC(8) Metaspace: 84496K(84992K)->84496K(84992K) NonClass: 74017K(74304K)->74017K(74304K) Class: 10478K(10688K)->10478K(10688K)
[177.035s][info][gc             ] GC(8) Pause Young (System.gc()) 121M->33M(484M) 6.058ms
[177.035s][info][gc,cpu         ] GC(8) User=0.00s Sys=0.00s Real=0.00s
[177.035s][info][gc,start       ] GC(9) Pause Full (System.gc())
[177.035s][info][gc,phases,start] GC(9) Marking Phase
[177.066s][info][gc,phases      ] GC(9) Marking Phase 30.371ms
[177.066s][info][gc,phases,start] GC(9) Summary Phase
[177.066s][info][gc,phases      ] GC(9) Summary Phase 0.013ms
[177.066s][info][gc,phases,start] GC(9) Adjust Roots
[177.075s][info][gc,phases      ] GC(9) Adjust Roots 8.940ms
[177.075s][info][gc,phases,start] GC(9) Compaction Phase
[177.100s][info][gc,phases      ] GC(9) Compaction Phase 25.241ms
[177.100s][info][gc,phases,start] GC(9) Post Compact
[177.102s][info][gc,phases      ] GC(9) Post Compact 1.979ms
[177.102s][info][gc,heap        ] GC(9) PSYoungGen: 6552K(146432K)->0K(146432K) Eden: 0K(131584K)->0K(131584K) From: 6552K(14848K)->0K(14848K)
[177.102s][info][gc,heap        ] GC(9) ParOldGen: 28061K(349696K)->34101K(349696K)
[177.102s][info][gc,metaspace   ] GC(9) Metaspace: 84496K(84992K)->84496K(84992K) NonClass: 74017K(74304K)->74017K(74304K) Class: 10478K(10688K)->10478K(10688K)
[177.102s][info][gc             ] GC(9) Pause Full (System.gc()) 33M->33M(484M) 66.959ms
[177.102s][info][gc,cpu         ] GC(9) User=0.38s Sys=0.00s Real=0.06s
[178.520s][info][gc,start       ] GC(10) Pause Young (Allocation Failure)
[178.525s][info][gc,heap        ] GC(10) PSYoungGen: 131584K(146432K)->11230K(139776K) Eden: 131584K(131584K)->0K(128512K) From: 0K(14848K)->11230K(11264K)
[178.525s][info][gc,heap        ] GC(10) ParOldGen: 34101K(349696K)->34109K(349696K)
[178.525s][info][gc,metaspace   ] GC(10) Metaspace: 102074K(103680K)->102074K(103680K) NonClass: 88584K(89472K)->88584K(89472K) Class: 13489K(14208K)->13489K(14208K)
[178.525s][info][gc             ] GC(10) Pause Young (Allocation Failure) 161M->44M(478M) 5.135ms
[178.525s][info][gc,cpu         ] GC(10) User=0.00s Sys=0.00s Real=0.00s
[179.032s][info][gc,start       ] GC(11) Pause Young (Allocation Failure)
[179.039s][info][gc,heap        ] GC(11) PSYoungGen: 139742K(139776K)->14990K(142848K) Eden: 128512K(128512K)->0K(125440K) From: 11230K(11264K)->14990K(17408K)
[179.039s][info][gc,heap        ] GC(11) ParOldGen: 34109K(349696K)->34117K(349696K)
[179.039s][info][gc,metaspace   ] GC(11) Metaspace: 110687K(117312K)->110687K(117312K) NonClass: 95031K(98688K)->95031K(98688K) Class: 15655K(18624K)->15655K(18624K)
[179.039s][info][gc             ] GC(11) Pause Young (Allocation Failure) 169M->47M(481M) 7.110ms
[179.039s][info][gc,cpu         ] GC(11) User=0.00s Sys=0.00s Real=0.01s
[184.260s][info][gc,start       ] GC(12) Pause Young (Allocation Failure)
[184.270s][info][gc,heap        ] GC(12) PSYoungGen: 140430K(142848K)->19450K(142336K) Eden: 125440K(125440K)->0K(122880K) From: 14990K(17408K)->19450K(19456K)
[184.271s][info][gc,heap        ] GC(12) ParOldGen: 34117K(349696K)->39873K(349696K)
[184.271s][info][gc,metaspace   ] GC(12) Metaspace: 120454K(127104K)->120454K(127104K) NonClass: 102566K(106240K)->102566K(106240K) Class: 17888K(20864K)->17888K(20864K)
[184.271s][info][gc             ] GC(12) Pause Young (Allocation Failure) 170M->57M(480M) 10.714ms
[184.271s][info][gc,cpu         ] GC(12) User=0.17s Sys=0.00s Real=0.02s
[184.778s][info][gc,start       ] GC(13) Pause Young (Allocation Failure)
[184.784s][info][gc,heap        ] GC(13) PSYoungGen: 142330K(142336K)->14374K(142848K) Eden: 122880K(122880K)->0K(120320K) From: 19450K(19456K)->14374K(22528K)
[184.784s][info][gc,heap        ] GC(13) ParOldGen: 39873K(349696K)->48881K(349696K)
[184.784s][info][gc,metaspace   ] GC(13) Metaspace: 120571K(127232K)->120571K(127232K) NonClass: 102683K(106368K)->102683K(106368K) Class: 17888K(20864K)->17888K(20864K)
[184.784s][info][gc             ] GC(13) Pause Young (Allocation Failure) 177M->61M(481M) 6.029ms
[184.784s][info][gc,cpu         ] GC(13) User=0.14s Sys=0.03s Real=0.02s
[185.168s][info][gc,start       ] GC(14) Pause Young (Allocation Failure)
[185.176s][info][gc,heap        ] GC(14) PSYoungGen: 134694K(142848K)->8779K(126976K) Eden: 120320K(120320K)->0K(117760K) From: 14374K(22528K)->8779K(9216K)
[185.176s][info][gc,heap        ] GC(14) ParOldGen: 48881K(349696K)->59598K(349696K)
[185.176s][info][gc,metaspace   ] GC(14) Metaspace: 120585K(127232K)->120585K(127232K) NonClass: 102696K(106368K)->102696K(106368K) Class: 17888K(20864K)->17888K(20864K)
[185.176s][info][gc             ] GC(14) Pause Young (Allocation Failure) 179M->66M(465M) 8.177ms
[185.176s][info][gc,cpu         ] GC(14) User=0.00s Sys=0.00s Real=0.00s
[185.410s][info][gc,start       ] GC(15) Pause Young (Allocation Failure)
[185.414s][info][gc,heap        ] GC(15) PSYoungGen: 126539K(126976K)->7202K(142848K) Eden: 117760K(117760K)->0K(118784K) From: 8779K(9216K)->7202K(24064K)
[185.415s][info][gc,heap        ] GC(15) ParOldGen: 59598K(349696K)->66279K(349696K)
[185.415s][info][gc,metaspace   ] GC(15) Metaspace: 120607K(127296K)->120607K(127296K) NonClass: 102718K(106432K)->102718K(106432K) Class: 17888K(20864K)->17888K(20864K)
[185.415s][info][gc             ] GC(15) Pause Young (Allocation Failure) 181M->71M(481M) 4.601ms
[185.415s][info][gc,cpu         ] GC(15) User=0.00s Sys=0.00s Real=0.00s
[185.429s][info][gc,start       ] GC(16) Pause Young (Allocation Failure)
[185.432s][info][gc,heap        ] GC(16) PSYoungGen: 125986K(142848K)->19007K(141824K) Eden: 118784K(118784K)->0K(118784K) From: 7202K(24064K)->19007K(23040K)
[185.432s][info][gc,heap        ] GC(16) ParOldGen: 66279K(349696K)->71839K(349696K)
[185.432s][info][gc,metaspace   ] GC(16) Metaspace: 120625K(127296K)->120625K(127296K) NonClass: 102737K(106432K)->102737K(106432K) Class: 17888K(20864K)->17888K(20864K)
[185.432s][info][gc             ] GC(16) Pause Young (Allocation Failure) 187M->88M(480M) 3.062ms
[185.432s][info][gc,cpu         ] GC(16) User=0.00s Sys=0.00s Real=0.00s
[185.446s][info][gc,start       ] GC(17) Pause Young (Allocation Failure)
[185.451s][info][gc,heap        ] GC(17) PSYoungGen: 137791K(141824K)->4535K(149504K) Eden: 118784K(118784K)->0K(124416K) From: 19007K(23040K)->4535K(25088K)
[185.451s][info][gc,heap        ] GC(17) ParOldGen: 71839K(349696K)->90119K(349696K)
[185.451s][info][gc,metaspace   ] GC(17) Metaspace: 120629K(127296K)->120629K(127296K) NonClass: 102741K(106432K)->102741K(106432K) Class: 17888K(20864K)->17888K(20864K)
[185.451s][info][gc             ] GC(17) Pause Young (Allocation Failure) 204M->92M(487M) 4.388ms
[185.451s][info][gc,cpu         ] GC(17) User=0.05s Sys=0.02s Real=0.02s
[185.465s][info][gc,start       ] GC(18) Pause Young (Allocation Failure)
[185.467s][info][gc,heap        ] GC(18) PSYoungGen: 128951K(149504K)->10303K(135168K) Eden: 124416K(124416K)->0K(124416K) From: 4535K(25088K)->10303K(10752K)
[185.467s][info][gc,heap        ] GC(18) ParOldGen: 90119K(349696K)->94105K(349696K)
[185.467s][info][gc,metaspace   ] GC(18) Metaspace: 120631K(127296K)->120631K(127296K) NonClass: 102742K(106432K)->102742K(106432K) Class: 17888K(20864K)->17888K(20864K)
[185.467s][info][gc             ] GC(18) Pause Young (Allocation Failure) 213M->101M(473M) 1.965ms
[185.467s][info][gc,cpu         ] GC(18) User=0.05s Sys=0.02s Real=0.02s
[185.482s][info][gc,start       ] GC(19) Pause Young (Allocation Failure)
[185.485s][info][gc,heap        ] GC(19) PSYoungGen: 134719K(135168K)->4091K(148480K) Eden: 124416K(124416K)->0K(124928K) From: 10303K(10752K)->4091K(23552K)
[185.485s][info][gc,heap        ] GC(19) ParOldGen: 94105K(349696K)->103751K(349696K)
[185.485s][info][gc,metaspace   ] GC(19) Metaspace: 120631K(127296K)->120631K(127296K) NonClass: 102743K(106432K)->102743K(106432K) Class: 17888K(20864K)->17888K(20864K)
[185.485s][info][gc             ] GC(19) Pause Young (Allocation Failure) 223M->105M(486M) 2.507ms
[185.485s][info][gc,cpu         ] GC(19) User=0.05s Sys=0.11s Real=0.02s
[185.500s][info][gc,start       ] GC(20) Pause Young (Allocation Failure)
[185.502s][info][gc,heap        ] GC(20) PSYoungGen: 129019K(148480K)->9138K(147968K) Eden: 124928K(124928K)->0K(124928K) From: 4091K(23552K)->9138K(23040K)
[185.502s][info][gc,heap        ] GC(20) ParOldGen: 103751K(349696K)->107377K(349696K)
[185.502s][info][gc,metaspace   ] GC(20) Metaspace: 120632K(127296K)->120632K(127296K) NonClass: 102744K(106432K)->102744K(106432K) Class: 17888K(20864K)->17888K(20864K)
[185.502s][info][gc             ] GC(20) Pause Young (Allocation Failure) 227M->113M(486M) 2.117ms
[185.502s][info][gc,cpu         ] GC(20) User=0.02s Sys=0.02s Real=0.02s
[185.516s][info][gc,start       ] GC(21) Pause Young (Allocation Failure)
[185.519s][info][gc,heap        ] GC(21) PSYoungGen: 134066K(147968K)->4418K(150528K) Eden: 124928K(124928K)->0K(128512K) From: 9138K(23040K)->4418K(22016K)
[185.519s][info][gc,heap        ] GC(21) ParOldGen: 107377K(349696K)->116064K(349696K)
[185.519s][info][gc,metaspace   ] GC(21) Metaspace: 120632K(127296K)->120632K(127296K) NonClass: 102744K(106432K)->102744K(106432K) Class: 17888K(20864K)->17888K(20864K)
[185.519s][info][gc             ] GC(21) Pause Young (Allocation Failure) 235M->117M(488M) 2.676ms
[185.519s][info][gc,cpu         ] GC(21) User=0.09s Sys=0.08s Real=0.01s
[185.534s][info][gc,start       ] GC(22) Pause Young (Allocation Failure)
[185.535s][info][gc,heap        ] GC(22) PSYoungGen: 132930K(150528K)->9265K(150016K) Eden: 128512K(128512K)->0K(128512K) From: 4418K(22016K)->9265K(21504K)
[185.536s][info][gc,heap        ] GC(22) ParOldGen: 116064K(349696K)->120035K(349696K)
[185.536s][info][gc,metaspace   ] GC(22) Metaspace: 120647K(127296K)->120647K(127296K) NonClass: 102759K(106432K)->102759K(106432K) Class: 17888K(20864K)->17888K(20864K)
[185.536s][info][gc             ] GC(22) Pause Young (Allocation Failure) 243M->126M(488M) 1.934ms
[185.536s][info][gc,cpu         ] GC(22) User=0.02s Sys=0.02s Real=0.02s
[185.550s][info][gc,start       ] GC(23) Pause Young (Allocation Failure)
[185.553s][info][gc,heap        ] GC(23) PSYoungGen: 137777K(150016K)->13402K(151040K) Eden: 128512K(128512K)->0K(130560K) From: 9265K(21504K)->13402K(20480K)
[185.553s][info][gc,heap        ] GC(23) ParOldGen: 120035K(349696K)->128701K(349696K)
[185.553s][info][gc,metaspace   ] GC(23) Metaspace: 120647K(127296K)->120647K(127296K) NonClass: 102759K(106432K)->102759K(106432K) Class: 17888K(20864K)->17888K(20864K)
[185.553s][info][gc             ] GC(23) Pause Young (Allocation Failure) 251M->138M(489M) 3.032ms
[185.553s][info][gc,cpu         ] GC(23) User=0.09s Sys=0.14s Real=0.02s
[185.568s][info][gc,start       ] GC(24) Pause Young (Allocation Failure)
[185.571s][info][gc,heap        ] GC(24) PSYoungGen: 143962K(151040K)->10700K(151552K) Eden: 130560K(130560K)->0K(130560K) From: 13402K(20480K)->10700K(20992K)
[185.571s][info][gc,heap        ] GC(24) ParOldGen: 128701K(349696K)->141680K(349696K)
[185.571s][info][gc,metaspace   ] GC(24) Metaspace: 120647K(127296K)->120647K(127296K) NonClass: 102759K(106432K)->102759K(106432K) Class: 17888K(20864K)->17888K(20864K)
[185.571s][info][gc             ] GC(24) Pause Young (Allocation Failure) 266M->148M(489M) 3.319ms
[185.571s][info][gc,cpu         ] GC(24) User=0.09s Sys=0.09s Real=0.02s
[185.585s][info][gc,start       ] GC(25) Pause Young (Allocation Failure)
[185.588s][info][gc,heap        ] GC(25) PSYoungGen: 141260K(151552K)->1325K(153600K) Eden: 130560K(130560K)->0K(133120K) From: 10700K(20992K)->1325K(20480K)
[185.588s][info][gc,heap        ] GC(25) ParOldGen: 141680K(349696K)->151916K(349696K)
[185.588s][info][gc,metaspace   ] GC(25) Metaspace: 120647K(127296K)->120647K(127296K) NonClass: 102759K(106432K)->102759K(106432K) Class: 17888K(20864K)->17888K(20864K)
[185.588s][info][gc             ] GC(25) Pause Young (Allocation Failure) 276M->149M(491M) 2.726ms
[185.588s][info][gc,cpu         ] GC(25) User=0.16s Sys=0.00s Real=0.02s
[185.603s][info][gc,start       ] GC(26) Pause Young (Allocation Failure)
[185.605s][info][gc,heap        ] GC(26) PSYoungGen: 134445K(153600K)->8388K(141824K) Eden: 133120K(133120K)->0K(133120K) From: 1325K(20480K)->8388K(8704K)
[185.605s][info][gc,heap        ] GC(26) ParOldGen: 151916K(349696K)->152721K(349696K)
[185.605s][info][gc,metaspace   ] GC(26) Metaspace: 120654K(127296K)->120654K(127296K) NonClass: 102766K(106432K)->102766K(106432K) Class: 17888K(20864K)->17888K(20864K)
[185.605s][info][gc             ] GC(26) Pause Young (Allocation Failure) 279M->157M(480M) 1.783ms
[185.605s][info][gc,cpu         ] GC(26) User=0.03s Sys=0.00s Real=0.02s
[185.620s][info][gc,start       ] GC(27) Pause Young (Allocation Failure)
[185.623s][info][gc,heap        ] GC(27) PSYoungGen: 141508K(141824K)->5231K(153600K) Eden: 133120K(133120K)->0K(134144K) From: 8388K(8704K)->5231K(19456K)
[185.623s][info][gc,heap        ] GC(27) ParOldGen: 152721K(349696K)->160566K(349696K)
[185.623s][info][gc,metaspace   ] GC(27) Metaspace: 120655K(127296K)->120655K(127296K) NonClass: 102767K(106432K)->102767K(106432K) Class: 17888K(20864K)->17888K(20864K)
[185.623s][info][gc             ] GC(27) Pause Young (Allocation Failure) 287M->161M(491M) 2.917ms
[185.623s][info][gc,cpu         ] GC(27) User=0.02s Sys=0.03s Real=0.02s
[185.637s][info][gc,start       ] GC(28) Pause Young (Allocation Failure)
[185.640s][info][gc,heap        ] GC(28) PSYoungGen: 139375K(153600K)->17827K(153088K) Eden: 134144K(134144K)->0K(134144K) From: 5231K(19456K)->17827K(18944K)
[185.640s][info][gc,heap        ] GC(28) ParOldGen: 160566K(349696K)->165293K(349696K)
[185.640s][info][gc,metaspace   ] GC(28) Metaspace: 120655K(127296K)->120655K(127296K) NonClass: 102767K(106432K)->102767K(106432K) Class: 17888K(20864K)->17888K(20864K)
[185.640s][info][gc             ] GC(28) Pause Young (Allocation Failure) 292M->178M(491M) 3.232ms
[185.640s][info][gc,cpu         ] GC(28) User=0.08s Sys=0.02s Real=0.02s
[185.652s][info][gc,start       ] GC(29) Pause Young (Allocation Failure)
[185.660s][info][gc,heap        ] GC(29) PSYoungGen: 151971K(153088K)->20856K(146944K) Eden: 134144K(134144K)->0K(125440K) From: 17827K(18944K)->20856K(21504K)
[185.660s][info][gc,heap        ] GC(29) ParOldGen: 165293K(349696K)->190350K(349696K)
[185.660s][info][gc,metaspace   ] GC(29) Metaspace: 120655K(127296K)->120655K(127296K) NonClass: 102767K(106432K)->102767K(106432K) Class: 17888K(20864K)->17888K(20864K)
[185.660s][info][gc             ] GC(29) Pause Young (Allocation Failure) 309M->206M(485M) 8.024ms
[185.660s][info][gc,cpu         ] GC(29) User=0.05s Sys=0.08s Real=0.02s
[185.673s][info][gc,start       ] GC(30) Pause Young (Allocation Failure)
[185.678s][info][gc,heap        ] GC(30) PSYoungGen: 146296K(146944K)->17859K(143360K) Eden: 125440K(125440K)->0K(125440K) From: 20856K(21504K)->17859K(17920K)
[185.678s][info][gc,heap        ] GC(30) ParOldGen: 190350K(349696K)->210750K(349696K)
[185.678s][info][gc,metaspace   ] GC(30) Metaspace: 120655K(127296K)->120655K(127296K) NonClass: 102767K(106432K)->102767K(106432K) Class: 17888K(20864K)->17888K(20864K)
[185.678s][info][gc             ] GC(30) Pause Young (Allocation Failure) 328M->223M(481M) 4.857ms
[185.678s][info][gc,cpu         ] GC(30) User=0.00s Sys=0.00s Real=0.00s
[185.689s][info][gc,start       ] GC(31) Pause Young (Allocation Failure)
[185.693s][info][gc,heap        ] GC(31) PSYoungGen: 143299K(143360K)->5423K(148992K) Eden: 125440K(125440K)->0K(122880K) From: 17859K(17920K)->5423K(26112K)
[185.693s][info][gc,heap        ] GC(31) ParOldGen: 210750K(349696K)->227994K(349696K)
[185.693s][info][gc,metaspace   ] GC(31) Metaspace: 120655K(127296K)->120655K(127296K) NonClass: 102767K(106432K)->102767K(106432K) Class: 17888K(20864K)->17888K(20864K)
[185.693s][info][gc             ] GC(31) Pause Young (Allocation Failure) 345M->227M(487M) 4.067ms
[185.693s][info][gc,cpu         ] GC(31) User=0.00s Sys=0.00s Real=0.00s
[185.704s][info][gc,start       ] GC(32) Pause Young (Allocation Failure)
[185.706s][info][gc,heap        ] GC(32) PSYoungGen: 128303K(148992K)->2042K(148480K) Eden: 122880K(122880K)->0K(122880K) From: 5423K(26112K)->2042K(25600K)
[185.706s][info][gc,heap        ] GC(32) ParOldGen: 227994K(349696K)->232761K(349696K)
[185.707s][info][gc,metaspace   ] GC(32) Metaspace: 120656K(127296K)->120656K(127296K) NonClass: 102767K(106432K)->102767K(106432K) Class: 17888K(20864K)->17888K(20864K)
[185.707s][info][gc             ] GC(32) Pause Young (Allocation Failure) 347M->229M(486M) 2.454ms
[185.707s][info][gc,cpu         ] GC(32) User=0.00s Sys=0.00s Real=0.00s
[185.717s][info][gc,start       ] GC(33) Pause Young (Allocation Failure)
[185.720s][info][gc,heap        ] GC(33) PSYoungGen: 124922K(148480K)->8420K(146432K) Eden: 122880K(122880K)->0K(123392K) From: 2042K(25600K)->8420K(23040K)
[185.720s][info][gc,heap        ] GC(33) ParOldGen: 232761K(349696K)->234388K(349696K)
[185.720s][info][gc,metaspace   ] GC(33) Metaspace: 120656K(127296K)->120656K(127296K) NonClass: 102767K(106432K)->102767K(106432K) Class: 17888K(20864K)->17888K(20864K)
[185.720s][info][gc             ] GC(33) Pause Young (Allocation Failure) 349M->237M(484M) 2.174ms
[185.720s][info][gc,cpu         ] GC(33) User=0.00s Sys=0.00s Real=0.00s
[185.731s][info][gc,start       ] GC(34) Pause Young (Allocation Failure)
[185.734s][info][gc,heap        ] GC(34) PSYoungGen: 131812K(146432K)->13108K(147456K) Eden: 123392K(123392K)->0K(123392K) From: 8420K(23040K)->13108K(24064K)
[185.734s][info][gc,heap        ] GC(34) ParOldGen: 234388K(349696K)->242280K(349696K)
[185.734s][info][gc,metaspace   ] GC(34) Metaspace: 120656K(127296K)->120656K(127296K) NonClass: 102767K(106432K)->102767K(106432K) Class: 17888K(20864K)->17888K(20864K)
[185.734s][info][gc             ] GC(34) Pause Young (Allocation Failure) 357M->249M(485M) 3.113ms
[185.734s][info][gc,cpu         ] GC(34) User=0.00s Sys=0.00s Real=0.00s
[185.745s][info][gc,start       ] GC(35) Pause Young (Allocation Failure)
[185.749s][info][gc,heap        ] GC(35) PSYoungGen: 136500K(147456K)->3893K(149504K) Eden: 123392K(123392K)->0K(126464K) From: 13108K(24064K)->3893K(23040K)
[185.749s][info][gc,heap        ] GC(35) ParOldGen: 242280K(349696K)->254845K(349696K)
[185.749s][info][gc,metaspace   ] GC(35) Metaspace: 120656K(127296K)->120656K(127296K) NonClass: 102767K(106432K)->102767K(106432K) Class: 17888K(20864K)->17888K(20864K)
[185.749s][info][gc             ] GC(35) Pause Young (Allocation Failure) 369M->252M(487M) 3.502ms
[185.749s][info][gc,cpu         ] GC(35) User=0.00s Sys=0.00s Real=0.00s
[185.760s][info][gc,start       ] GC(36) Pause Young (Allocation Failure)
[185.762s][info][gc,heap        ] GC(36) PSYoungGen: 130357K(149504K)->3733K(150016K) Eden: 126464K(126464K)->0K(126464K) From: 3893K(23040K)->3733K(23552K)
[185.762s][info][gc,heap        ] GC(36) ParOldGen: 254845K(349696K)->258010K(349696K)
[185.762s][info][gc,metaspace   ] GC(36) Metaspace: 120656K(127296K)->120656K(127296K) NonClass: 102767K(106432K)->102767K(106432K) Class: 17888K(20864K)->17888K(20864K)
[185.762s][info][gc             ] GC(36) Pause Young (Allocation Failure) 376M->255M(488M) 2.323ms
[185.762s][info][gc,cpu         ] GC(36) User=0.00s Sys=0.00s Real=0.00s
[185.774s][info][gc,start       ] GC(37) Pause Young (Allocation Failure)
[185.776s][info][gc,heap        ] GC(37) PSYoungGen: 130197K(150016K)->544K(151040K) Eden: 126464K(126464K)->0K(128000K) From: 3733K(23552K)->544K(23040K)
[185.776s][info][gc,heap        ] GC(37) ParOldGen: 258010K(349696K)->261207K(349696K)
[185.776s][info][gc,metaspace   ] GC(37) Metaspace: 120656K(127296K)->120656K(127296K) NonClass: 102767K(106432K)->102767K(106432K) Class: 17888K(20864K)->17888K(20864K)
[185.776s][info][gc             ] GC(37) Pause Young (Allocation Failure) 379M->255M(489M) 2.320ms
[185.776s][info][gc,cpu         ] GC(37) User=0.00s Sys=0.00s Real=0.00s
[185.788s][info][gc,start       ] GC(38) Pause Young (Allocation Failure)
[185.789s][info][gc,heap        ] GC(38) PSYoungGen: 128544K(151040K)->3733K(151040K) Eden: 128000K(128000K)->0K(128000K) From: 544K(23040K)->3733K(23040K)
[185.789s][info][gc,heap        ] GC(38) ParOldGen: 261207K(349696K)->261255K(349696K)
[185.789s][info][gc,metaspace   ] GC(38) Metaspace: 120656K(127296K)->120656K(127296K) NonClass: 102767K(106432K)->102767K(106432K) Class: 17888K(20864K)->17888K(20864K)
[185.789s][info][gc             ] GC(38) Pause Young (Allocation Failure) 380M->258M(489M) 1.365ms
[185.789s][info][gc,cpu         ] GC(38) User=0.00s Sys=0.00s Real=0.00s
[185.801s][info][gc,start       ] GC(39) Pause Young (Allocation Failure)
[185.803s][info][gc,heap        ] GC(39) PSYoungGen: 131733K(151040K)->6890K(148992K) Eden: 128000K(128000K)->0K(129024K) From: 3733K(23040K)->6890K(19968K)
[185.803s][info][gc,heap        ] GC(39) ParOldGen: 261255K(349696K)->264436K(349696K)
[185.803s][info][gc,metaspace   ] GC(39) Metaspace: 120656K(127296K)->120656K(127296K) NonClass: 102767K(106432K)->102767K(106432K) Class: 17888K(20864K)->17888K(20864K)
[185.803s][info][gc             ] GC(39) Pause Young (Allocation Failure) 383M->264M(487M) 2.406ms
[185.803s][info][gc,cpu         ] GC(39) User=0.00s Sys=0.00s Real=0.00s
[185.815s][info][gc,start       ] GC(40) Pause Young (Allocation Failure)
[185.819s][info][gc,heap        ] GC(40) PSYoungGen: 135914K(148992K)->19454K(150016K) Eden: 129024K(129024K)->0K(129024K) From: 6890K(19968K)->19454K(20992K)
[185.819s][info][gc,heap        ] GC(40) ParOldGen: 264436K(349696K)->276976K(349696K)
[185.819s][info][gc,metaspace   ] GC(40) Metaspace: 120656K(127296K)->120656K(127296K) NonClass: 102767K(106432K)->102767K(106432K) Class: 17888K(20864K)->17888K(20864K)
[185.819s][info][gc             ] GC(40) Pause Young (Allocation Failure) 390M->289M(488M) 4.269ms
[185.819s][info][gc,cpu         ] GC(40) User=0.00s Sys=0.00s Real=0.00s
[185.830s][info][gc,start       ] GC(41) Pause Young (Allocation Failure)
[185.835s][info][gc,heap        ] GC(41) PSYoungGen: 148478K(150016K)->16297K(147456K) Eden: 129024K(129024K)->0K(123392K) From: 19454K(20992K)->16297K(24064K)
[185.835s][info][gc,heap        ] GC(41) ParOldGen: 276976K(349696K)->295790K(349696K)
[185.835s][info][gc,metaspace   ] GC(41) Metaspace: 120656K(127296K)->120656K(127296K) NonClass: 102767K(106432K)->102767K(106432K) Class: 17888K(20864K)->17888K(20864K)
[185.835s][info][gc             ] GC(41) Pause Young (Allocation Failure) 415M->304M(485M) 4.823ms
[185.835s][info][gc,cpu         ] GC(41) User=0.00s Sys=0.00s Real=0.00s
[185.847s][info][gc,start       ] GC(42) Pause Young (Allocation Failure)
[185.851s][info][gc,heap        ] GC(42) PSYoungGen: 139689K(147456K)->16297K(139776K) Eden: 123392K(123392K)->0K(123392K) From: 16297K(24064K)->16297K(16384K)
[185.851s][info][gc,heap        ] GC(42) ParOldGen: 295790K(349696K)->311463K(349696K)
[185.851s][info][gc,metaspace   ] GC(42) Metaspace: 120656K(127296K)->120656K(127296K) NonClass: 102767K(106432K)->102767K(106432K) Class: 17888K(20864K)->17888K(20864K)
[185.851s][info][gc             ] GC(42) Pause Young (Allocation Failure) 425M->320M(478M) 4.252ms
[185.851s][info][gc,cpu         ] GC(42) User=0.00s Sys=0.00s Real=0.00s
[185.861s][info][gc,start       ] GC(43) Pause Young (Allocation Failure)
[185.866s][info][gc,heap        ] GC(43) PSYoungGen: 139689K(139776K)->16265K(146944K) Eden: 123392K(123392K)->0K(120320K) From: 16297K(16384K)->16265K(26624K)
[185.866s][info][gc,heap        ] GC(43) ParOldGen: 311463K(349696K)->327160K(349696K)
[185.866s][info][gc,metaspace   ] GC(43) Metaspace: 120657K(127296K)->120657K(127296K) NonClass: 102769K(106432K)->102769K(106432K) Class: 17888K(20864K)->17888K(20864K)
[185.866s][info][gc             ] GC(43) Pause Young (Allocation Failure) 440M->335M(485M) 4.366ms
[185.866s][info][gc,cpu         ] GC(43) User=0.00s Sys=0.00s Real=0.00s
[185.866s][info][gc,start       ] GC(44) Pause Full (Ergonomics)
[185.866s][info][gc,phases,start] GC(44) Marking Phase
[185.940s][info][gc,phases      ] GC(44) Marking Phase 73.951ms
[185.940s][info][gc,phases,start] GC(44) Summary Phase
[185.940s][info][gc,phases      ] GC(44) Summary Phase 0.025ms
[185.940s][info][gc,phases,start] GC(44) Adjust Roots
[185.956s][info][gc,phases      ] GC(44) Adjust Roots 16.403ms
[185.956s][info][gc,phases,start] GC(44) Compaction Phase
[185.980s][info][gc,phases      ] GC(44) Compaction Phase 24.031ms
[185.981s][info][gc,phases,start] GC(44) Post Compact
[186.004s][info][gc,phases      ] GC(44) Post Compact 23.148ms
[186.004s][info][gc,heap        ] GC(44) PSYoungGen: 16265K(146944K)->0K(147456K) Eden: 0K(120320K)->0K(120320K) From: 16265K(26624K)->0K(27136K)
[186.004s][info][gc,heap        ] GC(44) ParOldGen: 327160K(349696K)->213047K(349696K)
[186.004s][info][gc,metaspace   ] GC(44) Metaspace: 120657K(127296K)->111239K(124800K) NonClass: 102769K(106432K)->95762K(104192K) Class: 17888K(20864K)->15477K(20608K)
[186.004s][info][gc             ] GC(44) Pause Full (Ergonomics) 335M->208M(485M) 137.851ms
[186.004s][info][gc,cpu         ] GC(44) User=0.48s Sys=0.02s Real=0.14s
[186.016s][info][gc,start       ] GC(45) Pause Young (Allocation Failure)
[186.018s][info][gc,heap        ] GC(45) PSYoungGen: 120320K(147456K)->3893K(146432K) Eden: 120320K(120320K)->0K(120320K) From: 0K(27136K)->3893K(26112K)
[186.018s][info][gc,heap        ] GC(45) ParOldGen: 213047K(349696K)->213047K(349696K)
[186.018s][info][gc,metaspace   ] GC(45) Metaspace: 111239K(124800K)->111239K(124800K) NonClass: 95762K(104192K)->95762K(104192K) Class: 15477K(20608K)->15477K(20608K)
[186.018s][info][gc             ] GC(45) Pause Young (Allocation Failure) 325M->211M(484M) 2.454ms
[186.018s][info][gc,cpu         ] GC(45) User=0.00s Sys=0.00s Real=0.00s
[186.029s][info][gc,start       ] GC(46) Pause Young (Allocation Failure)
[186.031s][info][gc,heap        ] GC(46) PSYoungGen: 124213K(146432K)->3669K(146944K) Eden: 120320K(120320K)->0K(120320K) From: 3893K(26112K)->3669K(26624K)
[186.031s][info][gc,heap        ] GC(46) ParOldGen: 213047K(349696K)->216300K(349696K)
[186.031s][info][gc,metaspace   ] GC(46) Metaspace: 111239K(124800K)->111239K(124800K) NonClass: 95762K(104192K)->95762K(104192K) Class: 15477K(20608K)->15477K(20608K)
[186.031s][info][gc             ] GC(46) Pause Young (Allocation Failure) 329M->214M(485M) 1.757ms
[186.031s][info][gc,cpu         ] GC(46) User=0.00s Sys=0.00s Real=0.00s
[186.041s][info][gc,start       ] GC(47) Pause Young (Allocation Failure)
[186.042s][info][gc,heap        ] GC(47) PSYoungGen: 123989K(146944K)->736K(147968K) Eden: 120320K(120320K)->0K(121856K) From: 3669K(26624K)->736K(26112K)
[186.042s][info][gc,heap        ] GC(47) ParOldGen: 216300K(349696K)->219457K(349696K)
[186.042s][info][gc,metaspace   ] GC(47) Metaspace: 111239K(124800K)->111239K(124800K) NonClass: 95762K(104192K)->95762K(104192K) Class: 15477K(20608K)->15477K(20608K)
[186.042s][info][gc             ] GC(47) Pause Young (Allocation Failure) 332M->215M(486M) 1.455ms
[186.042s][info][gc,cpu         ] GC(47) User=0.00s Sys=0.00s Real=0.00s
[186.052s][info][gc,start       ] GC(48) Pause Young (Allocation Failure)
[186.052s][info][gc,heap        ] GC(48) PSYoungGen: 122592K(147968K)->640K(147968K) Eden: 121856K(121856K)->0K(121856K) From: 736K(26112K)->640K(26112K)
[186.052s][info][gc,heap        ] GC(48) ParOldGen: 219457K(349696K)->219489K(349696K)
[186.053s][info][gc,metaspace   ] GC(48) Metaspace: 111239K(124800K)->111239K(124800K) NonClass: 95762K(104192K)->95762K(104192K) Class: 15477K(20608K)->15477K(20608K)
[186.053s][info][gc             ] GC(48) Pause Young (Allocation Failure) 334M->214M(486M) 0.758ms
[186.053s][info][gc,cpu         ] GC(48) User=0.00s Sys=0.00s Real=0.00s
[186.062s][info][gc,start       ] GC(49) Pause Young (Allocation Failure)
[186.063s][info][gc,heap        ] GC(49) PSYoungGen: 122496K(147968K)->640K(147968K) Eden: 121856K(121856K)->0K(122880K) From: 640K(26112K)->640K(25088K)
[186.063s][info][gc,heap        ] GC(49) ParOldGen: 219489K(349696K)->219529K(349696K)
[186.063s][info][gc,metaspace   ] GC(49) Metaspace: 111239K(124800K)->111239K(124800K) NonClass: 95762K(104192K)->95762K(104192K) Class: 15477K(20608K)->15477K(20608K)
[186.063s][info][gc             ] GC(49) Pause Young (Allocation Failure) 333M->215M(486M) 0.729ms
[186.063s][info][gc,cpu         ] GC(49) User=0.00s Sys=0.00s Real=0.00s
[186.072s][info][gc,start       ] GC(50) Pause Young (Allocation Failure)
[186.073s][info][gc,heap        ] GC(50) PSYoungGen: 123520K(147968K)->608K(147968K) Eden: 122880K(122880K)->0K(122880K) From: 640K(25088K)->608K(25088K)
[186.073s][info][gc,heap        ] GC(50) ParOldGen: 219529K(349696K)->219609K(349696K)
[186.073s][info][gc,metaspace   ] GC(50) Metaspace: 111239K(124800K)->111239K(124800K) NonClass: 95762K(104192K)->95762K(104192K) Class: 15477K(20608K)->15477K(20608K)
[186.073s][info][gc             ] GC(50) Pause Young (Allocation Failure) 335M->215M(486M) 0.718ms
[186.073s][info][gc,cpu         ] GC(50) User=0.00s Sys=0.00s Real=0.00s
[186.089s][info][gc,start       ] GC(51) Pause Young (Allocation Failure)
[186.091s][info][gc,heap        ] GC(51) PSYoungGen: 123488K(147968K)->13140K(148480K) Eden: 122880K(122880K)->0K(123904K) From: 608K(25088K)->13140K(24576K)
[186.091s][info][gc,heap        ] GC(51) ParOldGen: 219609K(349696K)->219633K(349696K)
[186.091s][info][gc,metaspace   ] GC(51) Metaspace: 111239K(124800K)->111239K(124800K) NonClass: 95762K(104192K)->95762K(104192K) Class: 15477K(20608K)->15477K(20608K)
[186.091s][info][gc             ] GC(51) Pause Young (Allocation Failure) 335M->227M(486M) 2.490ms
[186.091s][info][gc,cpu         ] GC(51) User=0.00s Sys=0.00s Real=0.00s
[186.104s][info][gc,start       ] GC(52) Pause Young (Allocation Failure)
[186.107s][info][gc,heap        ] GC(52) PSYoungGen: 137044K(148480K)->19390K(143360K) Eden: 123904K(123904K)->0K(123904K) From: 13140K(24576K)->19390K(19456K)
[186.107s][info][gc,heap        ] GC(52) ParOldGen: 219633K(349696K)->238447K(349696K)
[186.107s][info][gc,metaspace   ] GC(52) Metaspace: 111239K(124800K)->111239K(124800K) NonClass: 95762K(104192K)->95762K(104192K) Class: 15477K(20608K)->15477K(20608K)
[186.107s][info][gc             ] GC(52) Pause Young (Allocation Failure) 348M->251M(481M) 3.146ms
[186.107s][info][gc,cpu         ] GC(52) User=0.00s Sys=0.00s Real=0.00s
[186.117s][info][gc,start       ] GC(53) Pause Young (Allocation Failure)
[186.121s][info][gc,heap        ] GC(53) PSYoungGen: 143294K(143360K)->640K(147456K) Eden: 123904K(123904K)->0K(119808K) From: 19390K(19456K)->640K(27648K)
[186.121s][info][gc,heap        ] GC(53) ParOldGen: 238447K(349696K)->257229K(349696K)
[186.121s][info][gc,metaspace   ] GC(53) Metaspace: 111239K(124800K)->111239K(124800K) NonClass: 95762K(104192K)->95762K(104192K) Class: 15477K(20608K)->15477K(20608K)
[186.121s][info][gc             ] GC(53) Pause Young (Allocation Failure) 372M->251M(485M) 3.456ms
[186.121s][info][gc,cpu         ] GC(53) User=0.08s Sys=0.00s Real=0.01s
[186.131s][info][gc,start       ] GC(54) Pause Young (Allocation Failure)
[186.134s][info][gc,heap        ] GC(54) PSYoungGen: 120448K(147456K)->13108K(146944K) Eden: 119808K(119808K)->0K(119808K) From: 640K(27648K)->13108K(27136K)
[186.134s][info][gc,heap        ] GC(54) ParOldGen: 257229K(349696K)->257277K(349696K)
[186.134s][info][gc,metaspace   ] GC(54) Metaspace: 111239K(124800K)->111239K(124800K) NonClass: 95762K(104192K)->95762K(104192K) Class: 15477K(20608K)->15477K(20608K)
[186.134s][info][gc             ] GC(54) Pause Young (Allocation Failure) 368M->264M(485M) 2.530ms
[186.134s][info][gc,cpu         ] GC(54) User=0.00s Sys=0.00s Real=0.00s
[186.144s][info][gc,start       ] GC(55) Pause Young (Allocation Failure)
[186.147s][info][gc,heap        ] GC(55) PSYoungGen: 132916K(146944K)->13076K(146944K) Eden: 119808K(119808K)->0K(119808K) From: 13108K(27136K)->13076K(27136K)
[186.147s][info][gc,heap        ] GC(55) ParOldGen: 257277K(349696K)->269809K(349696K)
[186.147s][info][gc,metaspace   ] GC(55) Metaspace: 111239K(124800K)->111239K(124800K) NonClass: 95762K(104192K)->95762K(104192K) Class: 15477K(20608K)->15477K(20608K)
[186.147s][info][gc             ] GC(55) Pause Young (Allocation Failure) 381M->276M(485M) 2.642ms
[186.147s][info][gc,cpu         ] GC(55) User=0.00s Sys=0.00s Real=0.00s
[186.158s][info][gc,start       ] GC(56) Pause Young (Allocation Failure)
[186.160s][info][gc,heap        ] GC(56) PSYoungGen: 132884K(146944K)->6794K(126976K) Eden: 119808K(119808K)->0K(119808K) From: 13076K(27136K)->6794K(7168K)
[186.160s][info][gc,heap        ] GC(56) ParOldGen: 269809K(349696K)->282317K(349696K)
[186.160s][info][gc,metaspace   ] GC(56) Metaspace: 111239K(124800K)->111239K(124800K) NonClass: 95762K(104192K)->95762K(104192K) Class: 15477K(20608K)->15477K(20608K)
[186.160s][info][gc             ] GC(56) Pause Young (Allocation Failure) 393M->282M(465M) 2.484ms
[186.160s][info][gc,cpu         ] GC(56) User=0.00s Sys=0.00s Real=0.00s
[186.171s][info][gc,start       ] GC(57) Pause Young (Allocation Failure)
[186.173s][info][gc,heap        ] GC(57) PSYoungGen: 126602K(126976K)->6858K(147456K) Eden: 119808K(119808K)->0K(121856K) From: 6794K(7168K)->6858K(25600K)
[186.173s][info][gc,heap        ] GC(57) ParOldGen: 282317K(349696K)->288615K(349696K)
[186.173s][info][gc,metaspace   ] GC(57) Metaspace: 111239K(124800K)->111239K(124800K) NonClass: 95762K(104192K)->95762K(104192K) Class: 15477K(20608K)->15477K(20608K)
[186.174s][info][gc             ] GC(57) Pause Young (Allocation Failure) 399M->288M(485M) 2.284ms
[186.174s][info][gc,cpu         ] GC(57) User=0.06s Sys=0.00s Real=0.02s
[186.184s][info][gc,start       ] GC(58) Pause Young (Allocation Failure)
[186.187s][info][gc,heap        ] GC(58) PSYoungGen: 128714K(147456K)->6954K(145920K) Eden: 121856K(121856K)->0K(121856K) From: 6858K(25600K)->6954K(24064K)
[186.187s][info][gc,heap        ] GC(58) ParOldGen: 288615K(349696K)->294881K(349696K)
[186.187s][info][gc,metaspace   ] GC(58) Metaspace: 111239K(124800K)->111239K(124800K) NonClass: 95762K(104192K)->95762K(104192K) Class: 15477K(20608K)->15477K(20608K)
[186.187s][info][gc             ] GC(58) Pause Young (Allocation Failure) 407M->294M(484M) 2.420ms
[186.187s][info][gc,cpu         ] GC(58) User=0.00s Sys=0.00s Real=0.00s
[186.197s][info][gc,start       ] GC(59) Pause Young (Allocation Failure)
[186.200s][info][gc,heap        ] GC(59) PSYoungGen: 128810K(145920K)->13076K(147456K) Eden: 121856K(121856K)->0K(124416K) From: 6954K(24064K)->13076K(23040K)
[186.200s][info][gc,heap        ] GC(59) ParOldGen: 294881K(349696K)->301195K(349696K)
[186.200s][info][gc,metaspace   ] GC(59) Metaspace: 111239K(124800K)->111239K(124800K) NonClass: 95762K(104192K)->95762K(104192K) Class: 15477K(20608K)->15477K(20608K)
[186.200s][info][gc             ] GC(59) Pause Young (Allocation Failure) 413M->306M(485M) 2.356ms
[186.200s][info][gc,cpu         ] GC(59) User=0.00s Sys=0.00s Real=0.00s
[186.211s][info][gc,start       ] GC(60) Pause Young (Allocation Failure)
[186.214s][info][gc,heap        ] GC(60) PSYoungGen: 135618K(147456K)->6826K(147968K) Eden: 122542K(124416K)->0K(124416K) From: 13076K(23040K)->6826K(23552K)
[186.214s][info][gc,heap        ] GC(60) ParOldGen: 301195K(349696K)->313759K(349696K)
[186.214s][info][gc,metaspace   ] GC(60) Metaspace: 111239K(124800K)->111239K(124800K) NonClass: 95762K(104192K)->95762K(104192K) Class: 15477K(20608K)->15477K(20608K)
[186.214s][info][gc             ] GC(60) Pause Young (Allocation Failure) 426M->313M(486M) 3.464ms
[186.214s][info][gc,cpu         ] GC(60) User=0.00s Sys=0.00s Real=0.00s
[186.224s][info][gc,start       ] GC(61) Pause Young (Allocation Failure)
[186.227s][info][gc,heap        ] GC(61) PSYoungGen: 131242K(147968K)->13204K(149504K) Eden: 124416K(124416K)->0K(127488K) From: 6826K(23552K)->13204K(22016K)
[186.227s][info][gc,heap        ] GC(61) ParOldGen: 313759K(349696K)->320073K(349696K)
[186.227s][info][gc,metaspace   ] GC(61) Metaspace: 111239K(124800K)->111239K(124800K) NonClass: 95762K(104192K)->95762K(104192K) Class: 15477K(20608K)->15477K(20608K)
[186.227s][info][gc             ] GC(61) Pause Young (Allocation Failure) 434M->325M(487M) 2.498ms
[186.227s][info][gc,cpu         ] GC(61) User=0.00s Sys=0.00s Real=0.00s
[186.246s][info][gc,start       ] GC(62) Pause Young (Allocation Failure)
[186.250s][info][gc,heap        ] GC(62) PSYoungGen: 140692K(149504K)->6986K(150016K) Eden: 127488K(127488K)->0K(127488K) From: 13204K(22016K)->6986K(22528K)
[186.250s][info][gc,heap        ] GC(62) ParOldGen: 320073K(349696K)->332605K(349696K)
[186.250s][info][gc,metaspace   ] GC(62) Metaspace: 111239K(124800K)->111239K(124800K) NonClass: 95762K(104192K)->95762K(104192K) Class: 15477K(20608K)->15477K(20608K)
[186.250s][info][gc             ] GC(62) Pause Young (Allocation Failure) 449M->331M(488M) 4.005ms
[186.250s][info][gc,cpu         ] GC(62) User=0.00s Sys=0.00s Real=0.00s
[186.250s][info][gc,start       ] GC(63) Pause Full (Ergonomics)
[186.250s][info][gc,phases,start] GC(63) Marking Phase
[186.287s][info][gc,phases      ] GC(63) Marking Phase 37.021ms
[186.287s][info][gc,phases,start] GC(63) Summary Phase
[186.287s][info][gc,phases      ] GC(63) Summary Phase 0.023ms
[186.287s][info][gc,phases,start] GC(63) Adjust Roots
[186.296s][info][gc,phases      ] GC(63) Adjust Roots 8.896ms
[186.296s][info][gc,phases,start] GC(63) Compaction Phase
[186.310s][info][gc,phases      ] GC(63) Compaction Phase 14.487ms
[186.310s][info][gc,phases,start] GC(63) Post Compact
[186.313s][info][gc,phases      ] GC(63) Post Compact 2.115ms
[186.313s][info][gc,heap        ] GC(63) PSYoungGen: 6986K(150016K)->0K(151552K) Eden: 0K(127488K)->0K(130048K) From: 6986K(22528K)->0K(21504K)
[186.313s][info][gc,heap        ] GC(63) ParOldGen: 332605K(349696K)->270917K(349696K)
[186.313s][info][gc,metaspace   ] GC(63) Metaspace: 111239K(124800K)->111239K(124800K) NonClass: 95762K(104192K)->95762K(104192K) Class: 15477K(20608K)->15477K(20608K)
[186.313s][info][gc             ] GC(63) Pause Full (Ergonomics) 331M->264M(489M) 62.825ms
[186.313s][info][gc,cpu         ] GC(63) User=0.41s Sys=0.00s Real=0.06s
[186.329s][info][gc,start       ] GC(64) Pause Young (Allocation Failure)
[186.332s][info][gc,heap        ] GC(64) PSYoungGen: 130047K(151552K)->13300K(151552K) Eden: 130047K(130048K)->0K(130048K) From: 0K(21504K)->13300K(21504K)
[186.332s][info][gc,heap        ] GC(64) ParOldGen: 270917K(349696K)->270917K(349696K)
[186.332s][info][gc,metaspace   ] GC(64) Metaspace: 111239K(124800K)->111239K(124800K) NonClass: 95762K(104192K)->95762K(104192K) Class: 15477K(20608K)->15477K(20608K)
[186.332s][info][gc             ] GC(64) Pause Young (Allocation Failure) 391M->277M(489M) 2.732ms
[186.332s][info][gc,cpu         ] GC(64) User=0.00s Sys=0.00s Real=0.00s
[186.345s][info][gc,start       ] GC(65) Pause Young (Allocation Failure)
[186.347s][info][gc,heap        ] GC(65) PSYoungGen: 143348K(151552K)->6954K(151552K) Eden: 130048K(130048K)->0K(131072K) From: 13300K(21504K)->6954K(20480K)
[186.347s][info][gc,heap        ] GC(65) ParOldGen: 270917K(349696K)->283561K(349696K)
[186.347s][info][gc,metaspace   ] GC(65) Metaspace: 111239K(124800K)->111239K(124800K) NonClass: 95762K(104192K)->95762K(104192K) Class: 15477K(20608K)->15477K(20608K)
[186.347s][info][gc             ] GC(65) Pause Young (Allocation Failure) 404M->283M(489M) 2.799ms
[186.347s][info][gc,cpu         ] GC(65) User=0.00s Sys=0.00s Real=0.00s
[186.363s][info][gc,start       ] GC(66) Pause Young (Allocation Failure)
[186.367s][info][gc,heap        ] GC(66) PSYoungGen: 138026K(151552K)->19422K(150528K) Eden: 131072K(131072K)->0K(131072K) From: 6954K(20480K)->19422K(19456K)
[186.367s][info][gc,heap        ] GC(66) ParOldGen: 283561K(349696K)->308585K(349696K)
[186.367s][info][gc,metaspace   ] GC(66) Metaspace: 111239K(124800K)->111239K(124800K) NonClass: 95762K(104192K)->95762K(104192K) Class: 15477K(20608K)->15477K(20608K)
[186.367s][info][gc             ] GC(66) Pause Young (Allocation Failure) 411M->320M(488M) 4.012ms
[186.367s][info][gc,cpu         ] GC(66) User=0.00s Sys=0.00s Real=0.00s
[186.380s][info][gc,start       ] GC(67) Pause Young (Allocation Failure)
[186.383s][info][gc,heap        ] GC(67) PSYoungGen: 150494K(150528K)->19390K(146432K) Eden: 131072K(131072K)->0K(122368K) From: 19422K(19456K)->19390K(24064K)
[186.383s][info][gc,heap        ] GC(67) ParOldGen: 308585K(349696K)->327375K(349696K)
[186.383s][info][gc,metaspace   ] GC(67) Metaspace: 111239K(124800K)->111239K(124800K) NonClass: 95762K(104192K)->95762K(104192K) Class: 15477K(20608K)->15477K(20608K)
[186.383s][info][gc             ] GC(67) Pause Young (Allocation Failure) 448M->338M(484M) 3.514ms
[186.383s][info][gc,cpu         ] GC(67) User=0.00s Sys=0.00s Real=0.00s
[186.383s][info][gc,start       ] GC(68) Pause Full (Ergonomics)
[186.383s][info][gc,phases,start] GC(68) Marking Phase
[186.427s][info][gc,phases      ] GC(68) Marking Phase 43.791ms
[186.427s][info][gc,phases,start] GC(68) Summary Phase
[186.427s][info][gc,phases      ] GC(68) Summary Phase 0.038ms
[186.427s][info][gc,phases,start] GC(68) Adjust Roots
[186.441s][info][gc,phases      ] GC(68) Adjust Roots 13.887ms
[186.441s][info][gc,phases,start] GC(68) Compaction Phase
[186.460s][info][gc,phases      ] GC(68) Compaction Phase 18.636ms
[186.460s][info][gc,phases,start] GC(68) Post Compact
[186.462s][info][gc,phases      ] GC(68) Post Compact 2.342ms
[186.462s][info][gc,heap        ] GC(68) PSYoungGen: 19390K(146432K)->0K(148480K) Eden: 0K(122368K)->0K(122368K) From: 19390K(24064K)->0K(26112K)
[186.462s][info][gc,heap        ] GC(68) ParOldGen: 327375K(349696K)->314602K(349696K)
[186.462s][info][gc,metaspace   ] GC(68) Metaspace: 111239K(124800K)->111239K(124800K) NonClass: 95762K(104192K)->95762K(104192K) Class: 15477K(20608K)->15477K(20608K)
[186.463s][info][gc             ] GC(68) Pause Full (Ergonomics) 338M->307M(486M) 79.075ms
[186.463s][info][gc,cpu         ] GC(68) User=0.55s Sys=0.00s Real=0.08s
[186.481s][info][gc,start       ] GC(69) Pause Young (Allocation Failure)
[186.485s][info][gc,heap        ] GC(69) PSYoungGen: 122368K(148480K)->25544K(141312K) Eden: 122368K(122368K)->0K(115200K) From: 0K(26112K)->25544K(26112K)
[186.485s][info][gc,heap        ] GC(69) ParOldGen: 314602K(349696K)->320852K(349696K)
[186.485s][info][gc,metaspace   ] GC(69) Metaspace: 111239K(124800K)->111239K(124800K) NonClass: 95762K(104192K)->95762K(104192K) Class: 15477K(20608K)->15477K(20608K)
[186.485s][info][gc             ] GC(69) Pause Young (Allocation Failure) 426M->338M(479M) 3.761ms
[186.485s][info][gc,cpu         ] GC(69) User=0.00s Sys=0.00s Real=0.00s
[186.494s][info][gc,start       ] GC(70) Pause Young (Allocation Failure)
[186.497s][info][gc,heap        ] GC(70) PSYoungGen: 139293K(141312K)->25512K(140800K) Eden: 113749K(115200K)->0K(115200K) From: 25544K(26112K)->25512K(25600K)
[186.497s][info][gc,heap        ] GC(70) ParOldGen: 320852K(349696K)->333360K(349696K)
[186.497s][info][gc,metaspace   ] GC(70) Metaspace: 111253K(124800K)->111253K(124800K) NonClass: 95764K(104192K)->95764K(104192K) Class: 15488K(20608K)->15488K(20608K)
[186.497s][info][gc             ] GC(70) Pause Young (Allocation Failure) 449M->350M(479M) 3.369ms
[186.497s][info][gc,cpu         ] GC(70) User=0.00s Sys=0.00s Real=0.00s
[186.498s][info][gc,start       ] GC(71) Pause Full (Ergonomics)
[186.498s][info][gc,phases,start] GC(71) Marking Phase
[186.530s][info][gc,phases      ] GC(71) Marking Phase 32.170ms
[186.530s][info][gc,phases,start] GC(71) Summary Phase
[186.530s][info][gc,phases      ] GC(71) Summary Phase 0.025ms
[186.530s][info][gc,phases,start] GC(71) Adjust Roots
[186.537s][info][gc,phases      ] GC(71) Adjust Roots 7.416ms
[186.537s][info][gc,phases,start] GC(71) Compaction Phase
[186.553s][info][gc,phases      ] GC(71) Compaction Phase 16.094ms
[186.553s][info][gc,phases,start] GC(71) Post Compact
[186.555s][info][gc,phases      ] GC(71) Post Compact 1.929ms
[186.555s][info][gc,heap        ] GC(71) PSYoungGen: 25512K(140800K)->0K(141824K) Eden: 0K(115200K)->0K(109056K) From: 25512K(25600K)->0K(32768K)
[186.555s][info][gc,heap        ] GC(71) ParOldGen: 333360K(349696K)->333225K(349696K)
[186.555s][info][gc,metaspace   ] GC(71) Metaspace: 111253K(124800K)->111253K(124800K) NonClass: 95764K(104192K)->95764K(104192K) Class: 15488K(20608K)->15488K(20608K)
[186.556s][info][gc             ] GC(71) Pause Full (Ergonomics) 350M->325M(480M) 57.924ms
[186.556s][info][gc,cpu         ] GC(71) User=0.53s Sys=0.00s Real=0.06s
[186.572s][info][gc,start       ] GC(72) Pause Full (Ergonomics)
[186.573s][info][gc,phases,start] GC(72) Marking Phase
[186.624s][info][gc,phases      ] GC(72) Marking Phase 51.364ms
[186.624s][info][gc,phases,start] GC(72) Summary Phase
[186.624s][info][gc,phases      ] GC(72) Summary Phase 0.021ms
[186.624s][info][gc,phases,start] GC(72) Adjust Roots
[186.629s][info][gc,phases      ] GC(72) Adjust Roots 5.302ms
[186.629s][info][gc,phases,start] GC(72) Compaction Phase
[186.670s][info][gc,phases      ] GC(72) Compaction Phase 40.791ms
[186.670s][info][gc,phases,start] GC(72) Post Compact
[186.676s][info][gc,phases      ] GC(72) Post Compact 5.640ms
[186.676s][info][gc,heap        ] GC(72) PSYoungGen: 109056K(141824K)->19120K(141824K) Eden: 109056K(109056K)->19120K(109056K) From: 0K(32768K)->0K(32768K)
[186.676s][info][gc,heap        ] GC(72) ParOldGen: 333225K(349696K)->347675K(349696K)
[186.676s][info][gc,metaspace   ] GC(72) Metaspace: 111266K(124800K)->111247K(124800K) NonClass: 95772K(104192K)->95759K(104192K) Class: 15494K(20608K)->15488K(20608K)
[186.676s][info][gc             ] GC(72) Pause Full (Ergonomics) 431M->358M(480M) 103.592ms
[186.676s][info][gc,cpu         ] GC(72) User=0.72s Sys=0.00s Real=0.09s
[186.685s][info][gc,start       ] GC(73) Pause Full (Ergonomics)
[186.685s][info][gc,phases,start] GC(73) Marking Phase
[186.717s][info][gc,phases      ] GC(73) Marking Phase 31.715ms
[186.717s][info][gc,phases,start] GC(73) Summary Phase
[186.717s][info][gc,phases      ] GC(73) Summary Phase 0.021ms
[186.717s][info][gc,phases,start] GC(73) Adjust Roots
[186.720s][info][gc,phases      ] GC(73) Adjust Roots 3.133ms
[186.720s][info][gc,phases,start] GC(73) Compaction Phase
[186.747s][info][gc,phases      ] GC(73) Compaction Phase 26.403ms
[186.747s][info][gc,phases,start] GC(73) Post Compact
[186.750s][info][gc,phases      ] GC(73) Post Compact 3.140ms
[186.750s][info][gc,heap        ] GC(73) PSYoungGen: 109056K(141824K)->19349K(141824K) Eden: 109056K(109056K)->19349K(109056K) From: 0K(32768K)->0K(32768K)
[186.750s][info][gc,heap        ] GC(73) ParOldGen: 347675K(349696K)->343515K(349696K)
[186.750s][info][gc,metaspace   ] GC(73) Metaspace: 111267K(124800K)->111237K(124800K) NonClass: 95770K(104192K)->95748K(104192K) Class: 15497K(20608K)->15489K(20608K)
[186.750s][info][gc             ] GC(73) Pause Full (Ergonomics) 446M->354M(480M) 64.876ms
[186.750s][info][gc,cpu         ] GC(73) User=0.53s Sys=0.00s Real=0.06s
[186.758s][info][gc,start       ] GC(74) Pause Full (Ergonomics)
[186.758s][info][gc,phases,start] GC(74) Marking Phase
[186.780s][info][gc,phases      ] GC(74) Marking Phase 21.861ms
[186.780s][info][gc,phases,start] GC(74) Summary Phase
[186.780s][info][gc,phases      ] GC(74) Summary Phase 0.049ms
[186.780s][info][gc,phases,start] GC(74) Adjust Roots
[186.782s][info][gc,phases      ] GC(74) Adjust Roots 1.682ms
[186.782s][info][gc,phases,start] GC(74) Compaction Phase
[186.803s][info][gc,phases      ] GC(74) Compaction Phase 20.588ms
[186.803s][info][gc,phases,start] GC(74) Post Compact
[186.806s][info][gc,phases      ] GC(74) Post Compact 2.882ms
[186.806s][info][gc,heap        ] GC(74) PSYoungGen: 109056K(141824K)->12980K(141824K) Eden: 109056K(109056K)->12980K(109056K) From: 0K(32768K)->0K(32768K)
[186.806s][info][gc,heap        ] GC(74) ParOldGen: 343515K(349696K)->346696K(349696K)
[186.806s][info][gc,metaspace   ] GC(74) Metaspace: 111258K(124800K)->111258K(124800K) NonClass: 95760K(104192K)->95760K(104192K) Class: 15498K(20608K)->15498K(20608K)
[186.806s][info][gc             ] GC(74) Pause Full (Ergonomics) 441M->351M(480M) 47.505ms
[186.806s][info][gc,cpu         ] GC(74) User=0.34s Sys=0.02s Real=0.05s
[186.814s][info][gc,start       ] GC(75) Pause Full (Ergonomics)
[186.814s][info][gc,phases,start] GC(75) Marking Phase
[186.834s][info][gc,phases      ] GC(75) Marking Phase 19.909ms
[186.834s][info][gc,phases,start] GC(75) Summary Phase
[186.834s][info][gc,phases      ] GC(75) Summary Phase 0.032ms
[186.834s][info][gc,phases,start] GC(75) Adjust Roots
[186.835s][info][gc,phases      ] GC(75) Adjust Roots 1.159ms
[186.835s][info][gc,phases,start] GC(75) Compaction Phase
[186.854s][info][gc,phases      ] GC(75) Compaction Phase 18.719ms
[186.854s][info][gc,phases,start] GC(75) Post Compact
[186.856s][info][gc,phases      ] GC(75) Post Compact 2.285ms
[186.857s][info][gc,heap        ] GC(75) PSYoungGen: 109056K(141824K)->13271K(141824K) Eden: 109056K(109056K)->13271K(109056K) From: 0K(32768K)->0K(32768K)
[186.857s][info][gc,heap        ] GC(75) ParOldGen: 346696K(349696K)->343493K(349696K)
[186.857s][info][gc,metaspace   ] GC(75) Metaspace: 111275K(124800K)->111275K(124800K) NonClass: 95771K(104192K)->95771K(104192K) Class: 15503K(20608K)->15503K(20608K)
[186.857s][info][gc             ] GC(75) Pause Full (Ergonomics) 445M->348M(480M) 42.358ms
[186.857s][info][gc,cpu         ] GC(75) User=0.34s Sys=0.00s Real=0.03s
[186.875s][info][gc,start       ] GC(76) Pause Full (Ergonomics)
[186.875s][info][gc,phases,start] GC(76) Marking Phase
[186.897s][info][gc,phases      ] GC(76) Marking Phase 22.407ms
[186.897s][info][gc,phases,start] GC(76) Summary Phase
[186.897s][info][gc,phases      ] GC(76) Summary Phase 0.021ms
[186.897s][info][gc,phases,start] GC(76) Adjust Roots
[186.898s][info][gc,phases      ] GC(76) Adjust Roots 1.138ms
[186.898s][info][gc,phases,start] GC(76) Compaction Phase
[186.919s][info][gc,phases      ] GC(76) Compaction Phase 20.641ms
[186.919s][info][gc,phases,start] GC(76) Post Compact
[186.921s][info][gc,phases      ] GC(76) Post Compact 2.295ms
[186.921s][info][gc,heap        ] GC(76) PSYoungGen: 109056K(141824K)->51777K(141824K) Eden: 109056K(109056K)->51777K(109056K) From: 0K(32768K)->0K(32768K)
[186.922s][info][gc,heap        ] GC(76) ParOldGen: 343493K(349696K)->349664K(349696K)
[186.922s][info][gc,metaspace   ] GC(76) Metaspace: 111281K(124800K)->111281K(124800K) NonClass: 95774K(104192K)->95774K(104192K) Class: 15506K(20608K)->15506K(20608K)
[186.922s][info][gc             ] GC(76) Pause Full (Ergonomics) 441M->392M(480M) 46.805ms
[186.922s][info][gc,cpu         ] GC(76) User=0.36s Sys=0.00s Real=0.05s
[186.939s][info][gc,start       ] GC(77) Pause Full (Ergonomics)
[186.939s][info][gc,phases,start] GC(77) Marking Phase
[186.961s][info][gc,phases      ] GC(77) Marking Phase 21.690ms
[186.961s][info][gc,phases,start] GC(77) Summary Phase
[186.961s][info][gc,phases      ] GC(77) Summary Phase 0.021ms
[186.961s][info][gc,phases,start] GC(77) Adjust Roots
[186.963s][info][gc,phases      ] GC(77) Adjust Roots 2.028ms
[186.963s][info][gc,phases,start] GC(77) Compaction Phase
[186.982s][info][gc,phases      ] GC(77) Compaction Phase 18.858ms
[186.982s][info][gc,phases,start] GC(77) Post Compact
[186.984s][info][gc,phases      ] GC(77) Post Compact 2.541ms
[186.984s][info][gc,heap        ] GC(77) PSYoungGen: 105738K(141824K)->32846K(141824K) Eden: 105738K(109056K)->32846K(109056K) From: 0K(32768K)->0K(32768K)
[186.984s][info][gc,heap        ] GC(77) ParOldGen: 349664K(349696K)->347018K(349696K)
[186.984s][info][gc,metaspace   ] GC(77) Metaspace: 111281K(124800K)->111281K(124800K) NonClass: 95774K(104192K)->95774K(104192K) Class: 15506K(20608K)->15506K(20608K)
[186.984s][info][gc             ] GC(77) Pause Full (Ergonomics) 444M->370M(480M) 45.494ms
[186.984s][info][gc,cpu         ] GC(77) User=0.34s Sys=0.00s Real=0.03s
[186.996s][info][gc,start       ] GC(78) Pause Full (Ergonomics)
[186.996s][info][gc,phases,start] GC(78) Marking Phase
[187.029s][info][gc,phases      ] GC(78) Marking Phase 32.735ms
[187.029s][info][gc,phases,start] GC(78) Summary Phase
[187.029s][info][gc,phases      ] GC(78) Summary Phase 0.029ms
[187.029s][info][gc,phases,start] GC(78) Adjust Roots
[187.030s][info][gc,phases      ] GC(78) Adjust Roots 1.428ms
[187.030s][info][gc,phases,start] GC(78) Compaction Phase
[187.048s][info][gc,phases      ] GC(78) Compaction Phase 17.173ms
[187.048s][info][gc,phases,start] GC(78) Post Compact
[187.050s][info][gc,phases      ] GC(78) Post Compact 2.765ms
[187.050s][info][gc,heap        ] GC(78) PSYoungGen: 109056K(141824K)->0K(141824K) Eden: 109056K(109056K)->0K(109056K) From: 0K(32768K)->0K(32768K)
[187.050s][info][gc,heap        ] GC(78) ParOldGen: 347018K(349696K)->338390K(349696K)
[187.050s][info][gc,metaspace   ] GC(78) Metaspace: 111310K(124800K)->111300K(124800K) NonClass: 95792K(104192K)->95785K(104192K) Class: 15517K(20608K)->15514K(20608K)
[187.051s][info][gc             ] GC(78) Pause Full (Ergonomics) 445M->330M(480M) 54.475ms
[187.051s][info][gc,cpu         ] GC(78) User=0.38s Sys=0.00s Real=0.06s
[187.064s][info][gc,start       ] GC(79) Pause Full (Ergonomics)
[187.064s][info][gc,phases,start] GC(79) Marking Phase
[187.084s][info][gc,phases      ] GC(79) Marking Phase 20.088ms
[187.084s][info][gc,phases,start] GC(79) Summary Phase
[187.084s][info][gc,phases      ] GC(79) Summary Phase 0.026ms
[187.084s][info][gc,phases,start] GC(79) Adjust Roots
[187.085s][info][gc,phases      ] GC(79) Adjust Roots 1.127ms
[187.085s][info][gc,phases,start] GC(79) Compaction Phase
[187.093s][info][gc,phases      ] GC(79) Compaction Phase 8.037ms
[187.093s][info][gc,phases,start] GC(79) Post Compact
[187.095s][info][gc,phases      ] GC(79) Post Compact 2.210ms
[187.096s][info][gc,heap        ] GC(79) PSYoungGen: 109056K(141824K)->0K(141824K) Eden: 109056K(109056K)->0K(109056K) From: 0K(32768K)->0K(32768K)
[187.096s][info][gc,heap        ] GC(79) ParOldGen: 338390K(349696K)->334507K(349696K)
[187.096s][info][gc,metaspace   ] GC(79) Metaspace: 111309K(124800K)->111309K(124800K) NonClass: 95790K(104192K)->95790K(104192K) Class: 15518K(20608K)->15518K(20608K)
[187.096s][info][gc             ] GC(79) Pause Full (Ergonomics) 436M->326M(480M) 31.767ms
[187.096s][info][gc,cpu         ] GC(79) User=0.34s Sys=0.00s Real=0.03s
[187.106s][info][gc,start       ] GC(80) Pause Full (Ergonomics)
[187.106s][info][gc,phases,start] GC(80) Marking Phase
[187.126s][info][gc,phases      ] GC(80) Marking Phase 20.078ms
[187.126s][info][gc,phases,start] GC(80) Summary Phase
[187.126s][info][gc,phases      ] GC(80) Summary Phase 0.028ms
[187.126s][info][gc,phases,start] GC(80) Adjust Roots
[187.128s][info][gc,phases      ] GC(80) Adjust Roots 1.643ms
[187.128s][info][gc,phases,start] GC(80) Compaction Phase
[187.145s][info][gc,phases      ] GC(80) Compaction Phase 17.011ms
[187.145s][info][gc,phases,start] GC(80) Post Compact
[187.147s][info][gc,phases      ] GC(80) Post Compact 2.400ms
[187.147s][info][gc,heap        ] GC(80) PSYoungGen: 109056K(141824K)->0K(141824K) Eden: 109056K(109056K)->0K(109056K) From: 0K(32768K)->0K(32768K)
[187.147s][info][gc,heap        ] GC(80) ParOldGen: 334507K(349696K)->340242K(349696K)
[187.147s][info][gc,metaspace   ] GC(80) Metaspace: 111311K(124800K)->111311K(124800K) NonClass: 95791K(104192K)->95791K(104192K) Class: 15519K(20608K)->15519K(20608K)
[187.147s][info][gc             ] GC(80) Pause Full (Ergonomics) 433M->332M(480M) 41.488ms
[187.147s][info][gc,cpu         ] GC(80) User=0.36s Sys=0.00s Real=0.05s
[187.158s][info][gc,start       ] GC(81) Pause Full (Ergonomics)
[187.158s][info][gc,phases,start] GC(81) Marking Phase
[187.178s][info][gc,phases      ] GC(81) Marking Phase 19.486ms
[187.178s][info][gc,phases,start] GC(81) Summary Phase
[187.178s][info][gc,phases      ] GC(81) Summary Phase 0.026ms
[187.178s][info][gc,phases,start] GC(81) Adjust Roots
[187.179s][info][gc,phases      ] GC(81) Adjust Roots 1.151ms
[187.179s][info][gc,phases,start] GC(81) Compaction Phase
[187.196s][info][gc,phases      ] GC(81) Compaction Phase 16.395ms
[187.196s][info][gc,phases,start] GC(81) Post Compact
[187.198s][info][gc,phases      ] GC(81) Post Compact 2.249ms
[187.198s][info][gc,heap        ] GC(81) PSYoungGen: 109039K(141824K)->0K(141824K) Eden: 109039K(109056K)->0K(109056K) From: 0K(32768K)->0K(32768K)
[187.198s][info][gc,heap        ] GC(81) ParOldGen: 340242K(349696K)->335780K(349696K)
[187.198s][info][gc,metaspace   ] GC(81) Metaspace: 111313K(124800K)->111313K(124800K) NonClass: 95792K(104192K)->95792K(104192K) Class: 15520K(20608K)->15520K(20608K)
[187.198s][info][gc             ] GC(81) Pause Full (Ergonomics) 438M->327M(480M) 39.734ms
[187.198s][info][gc,cpu         ] GC(81) User=0.34s Sys=0.02s Real=0.05s
[187.209s][info][gc,start       ] GC(82) Pause Full (Ergonomics)
[187.209s][info][gc,phases,start] GC(82) Marking Phase
[187.229s][info][gc,phases      ] GC(82) Marking Phase 19.933ms
[187.229s][info][gc,phases,start] GC(82) Summary Phase
[187.229s][info][gc,phases      ] GC(82) Summary Phase 0.027ms
[187.229s][info][gc,phases,start] GC(82) Adjust Roots
[187.231s][info][gc,phases      ] GC(82) Adjust Roots 1.583ms
[187.231s][info][gc,phases,start] GC(82) Compaction Phase
[187.247s][info][gc,phases      ] GC(82) Compaction Phase 16.650ms
[187.247s][info][gc,phases,start] GC(82) Post Compact
[187.250s][info][gc,phases      ] GC(82) Post Compact 2.257ms
[187.250s][info][gc,heap        ] GC(82) PSYoungGen: 109056K(141824K)->0K(141824K) Eden: 109056K(109056K)->0K(109056K) From: 0K(32768K)->0K(32768K)
[187.250s][info][gc,heap        ] GC(82) ParOldGen: 335780K(349696K)->331240K(349696K)
[187.250s][info][gc,metaspace   ] GC(82) Metaspace: 111313K(124800K)->111313K(124800K) NonClass: 95792K(104192K)->95792K(104192K) Class: 15520K(20608K)->15520K(20608K)
[187.250s][info][gc             ] GC(82) Pause Full (Ergonomics) 434M->323M(480M) 40.753ms
[187.250s][info][gc,cpu         ] GC(82) User=0.34s Sys=0.00s Real=0.03s
[187.260s][info][gc,start       ] GC(83) Pause Full (Ergonomics)
[187.260s][info][gc,phases,start] GC(83) Marking Phase
[187.281s][info][gc,phases      ] GC(83) Marking Phase 20.260ms
[187.281s][info][gc,phases,start] GC(83) Summary Phase
[187.281s][info][gc,phases      ] GC(83) Summary Phase 0.027ms
[187.281s][info][gc,phases,start] GC(83) Adjust Roots
[187.282s][info][gc,phases      ] GC(83) Adjust Roots 1.057ms
[187.282s][info][gc,phases,start] GC(83) Compaction Phase
[187.298s][info][gc,phases      ] GC(83) Compaction Phase 16.542ms
[187.299s][info][gc,phases,start] GC(83) Post Compact
[187.301s][info][gc,phases      ] GC(83) Post Compact 2.254ms
[187.301s][info][gc,heap        ] GC(83) PSYoungGen: 109056K(141824K)->0K(141824K) Eden: 109056K(109056K)->0K(109056K) From: 0K(32768K)->0K(32768K)
[187.301s][info][gc,heap        ] GC(83) ParOldGen: 331240K(349696K)->334609K(349696K)
[187.301s][info][gc,metaspace   ] GC(83) Metaspace: 111313K(124800K)->111313K(124800K) NonClass: 95792K(104192K)->95792K(104192K) Class: 15520K(20608K)->15520K(20608K)
[187.301s][info][gc             ] GC(83) Pause Full (Ergonomics) 429M->326M(480M) 40.443ms
[187.301s][info][gc,cpu         ] GC(83) User=0.36s Sys=0.00s Real=0.05s
[187.311s][info][gc,start       ] GC(84) Pause Full (Ergonomics)
[187.311s][info][gc,phases,start] GC(84) Marking Phase
[187.331s][info][gc,phases      ] GC(84) Marking Phase 19.410ms
[187.331s][info][gc,phases,start] GC(84) Summary Phase
[187.331s][info][gc,phases      ] GC(84) Summary Phase 0.027ms
[187.331s][info][gc,phases,start] GC(84) Adjust Roots
[187.332s][info][gc,phases      ] GC(84) Adjust Roots 1.080ms
[187.332s][info][gc,phases,start] GC(84) Compaction Phase
[187.348s][info][gc,phases      ] GC(84) Compaction Phase 15.843ms
[187.348s][info][gc,phases,start] GC(84) Post Compact
[187.350s][info][gc,phases      ] GC(84) Post Compact 2.231ms
[187.350s][info][gc,heap        ] GC(84) PSYoungGen: 109056K(141824K)->0K(141824K) Eden: 109056K(109056K)->0K(109056K) From: 0K(32768K)->0K(32768K)
[187.350s][info][gc,heap        ] GC(84) ParOldGen: 334609K(349696K)->334122K(349696K)
[187.350s][info][gc,metaspace   ] GC(84) Metaspace: 111315K(124800K)->111315K(124800K) NonClass: 95794K(104192K)->95794K(104192K) Class: 15521K(20608K)->15521K(20608K)
[187.350s][info][gc             ] GC(84) Pause Full (Ergonomics) 433M->326M(480M) 38.923ms
[187.350s][info][gc,cpu         ] GC(84) User=0.36s Sys=0.00s Real=0.05s
[187.366s][info][gc,start       ] GC(85) Pause Full (Ergonomics)
[187.367s][info][gc,phases,start] GC(85) Marking Phase
[187.388s][info][gc,phases      ] GC(85) Marking Phase 21.380ms
[187.388s][info][gc,phases,start] GC(85) Summary Phase
[187.388s][info][gc,phases      ] GC(85) Summary Phase 0.026ms
[187.388s][info][gc,phases,start] GC(85) Adjust Roots
[187.389s][info][gc,phases      ] GC(85) Adjust Roots 1.056ms
[187.389s][info][gc,phases,start] GC(85) Compaction Phase
[187.405s][info][gc,phases      ] GC(85) Compaction Phase 16.071ms
[187.405s][info][gc,phases,start] GC(85) Post Compact
[187.408s][info][gc,phases      ] GC(85) Post Compact 2.208ms
[187.408s][info][gc,heap        ] GC(85) PSYoungGen: 106879K(141824K)->0K(141824K) Eden: 106879K(109056K)->0K(109056K) From: 0K(32768K)->0K(32768K)
[187.408s][info][gc,heap        ] GC(85) ParOldGen: 334122K(349696K)->331871K(349696K)
[187.408s][info][gc,metaspace   ] GC(85) Metaspace: 111318K(124800K)->111318K(124800K) NonClass: 95795K(104192K)->95795K(104192K) Class: 15522K(20608K)->15522K(20608K)
[187.408s][info][gc             ] GC(85) Pause Full (Ergonomics) 430M->324M(480M) 41.087ms
[187.408s][info][gc,cpu         ] GC(85) User=0.34s Sys=0.00s Real=0.03s
[187.425s][info][gc,start       ] GC(86) Pause Full (Ergonomics)
[187.425s][info][gc,phases,start] GC(86) Marking Phase
[187.447s][info][gc,phases      ] GC(86) Marking Phase 22.181ms
[187.447s][info][gc,phases,start] GC(86) Summary Phase
[187.447s][info][gc,phases      ] GC(86) Summary Phase 0.067ms
[187.447s][info][gc,phases,start] GC(86) Adjust Roots
[187.449s][info][gc,phases      ] GC(86) Adjust Roots 1.112ms
[187.449s][info][gc,phases,start] GC(86) Compaction Phase
[187.465s][info][gc,phases      ] GC(86) Compaction Phase 16.392ms
[187.465s][info][gc,phases,start] GC(86) Post Compact
[187.467s][info][gc,phases      ] GC(86) Post Compact 2.210ms
[187.467s][info][gc,heap        ] GC(86) PSYoungGen: 109056K(141824K)->0K(141824K) Eden: 109056K(109056K)->0K(109056K) From: 0K(32768K)->0K(32768K)
[187.467s][info][gc,heap        ] GC(86) ParOldGen: 331871K(349696K)->334480K(349696K)
[187.467s][info][gc,metaspace   ] GC(86) Metaspace: 111320K(124800K)->111320K(124800K) NonClass: 95797K(104192K)->95797K(104192K) Class: 15523K(20608K)->15523K(20608K)
[187.467s][info][gc             ] GC(86) Pause Full (Ergonomics) 430M->326M(480M) 42.328ms
[187.467s][info][gc,cpu         ] GC(86) User=0.34s Sys=0.00s Real=0.03s
[187.484s][info][gc,start       ] GC(87) Pause Full (Ergonomics)
[187.484s][info][gc,phases,start] GC(87) Marking Phase
[187.507s][info][gc,phases      ] GC(87) Marking Phase 22.881ms
[187.507s][info][gc,phases,start] GC(87) Summary Phase
[187.507s][info][gc,phases      ] GC(87) Summary Phase 0.026ms
[187.507s][info][gc,phases,start] GC(87) Adjust Roots
[187.508s][info][gc,phases      ] GC(87) Adjust Roots 1.099ms
[187.508s][info][gc,phases,start] GC(87) Compaction Phase
[187.524s][info][gc,phases      ] GC(87) Compaction Phase 16.329ms
[187.524s][info][gc,phases,start] GC(87) Post Compact
[187.527s][info][gc,phases      ] GC(87) Post Compact 2.222ms
[187.527s][info][gc,heap        ] GC(87) PSYoungGen: 109056K(141824K)->0K(141824K) Eden: 109056K(109056K)->0K(109056K) From: 0K(32768K)->0K(32768K)
[187.527s][info][gc,heap        ] GC(87) ParOldGen: 334480K(349696K)->326569K(349696K)
[187.527s][info][gc,metaspace   ] GC(87) Metaspace: 111322K(124800K)->111322K(124800K) NonClass: 95798K(104192K)->95798K(104192K) Class: 15524K(20608K)->15524K(20608K)
[187.527s][info][gc             ] GC(87) Pause Full (Ergonomics) 433M->318M(480M) 42.924ms
[187.527s][info][gc,cpu         ] GC(87) User=0.34s Sys=0.00s Real=0.03s
[187.538s][info][gc,start       ] GC(88) Pause Full (Ergonomics)
[187.538s][info][gc,phases,start] GC(88) Marking Phase
[187.558s][info][gc,phases      ] GC(88) Marking Phase 19.581ms
[187.558s][info][gc,phases,start] GC(88) Summary Phase
[187.558s][info][gc,phases      ] GC(88) Summary Phase 0.026ms
[187.558s][info][gc,phases,start] GC(88) Adjust Roots
[187.559s][info][gc,phases      ] GC(88) Adjust Roots 1.118ms
[187.559s][info][gc,phases,start] GC(88) Compaction Phase
[187.574s][info][gc,phases      ] GC(88) Compaction Phase 14.217ms
[187.574s][info][gc,phases,start] GC(88) Post Compact
[187.576s][info][gc,phases      ] GC(88) Post Compact 2.178ms
[187.576s][info][gc,heap        ] GC(88) PSYoungGen: 107011K(141824K)->0K(141824K) Eden: 107011K(109056K)->0K(109056K) From: 0K(32768K)->0K(32768K)
[187.576s][info][gc,heap        ] GC(88) ParOldGen: 326569K(349696K)->295787K(349696K)
[187.576s][info][gc,metaspace   ] GC(88) Metaspace: 111325K(124800K)->111325K(124800K) NonClass: 95799K(104192K)->95799K(104192K) Class: 15525K(20608K)->15525K(20608K)
[187.576s][info][gc             ] GC(88) Pause Full (Ergonomics) 423M->288M(480M) 37.494ms
[187.576s][info][gc,cpu         ] GC(88) User=0.36s Sys=0.00s Real=0.05s
[187.598s][info][gc,start       ] GC(89) Pause Young (Allocation Failure)
[187.602s][info][gc,heap        ] GC(89) PSYoungGen: 109056K(141824K)->32267K(131584K) Eden: 109056K(109056K)->0K(98816K) From: 0K(32768K)->32267K(32768K)
[187.602s][info][gc,heap        ] GC(89) ParOldGen: 295787K(349696K)->316788K(349696K)
[187.602s][info][gc,metaspace   ] GC(89) Metaspace: 111335K(124800K)->111335K(124800K) NonClass: 95807K(104192K)->95807K(104192K) Class: 15528K(20608K)->15528K(20608K)
[187.602s][info][gc             ] GC(89) Pause Young (Allocation Failure) 395M->340M(470M) 4.277ms
[187.602s][info][gc,cpu         ] GC(89) User=0.00s Sys=0.00s Real=0.00s
[187.613s][info][gc,start       ] GC(90) Pause Young (Allocation Failure)
[187.618s][info][gc,promotion   ] GC(90) Promotion failed
[187.618s][info][gc,heap        ] GC(90) PSYoungGen: 131083K(131584K)->131083K(131584K) Eden: 98816K(98816K)->98816K(98816K) From: 32267K(32768K)->32267K(32768K)
[187.618s][info][gc,heap        ] GC(90) ParOldGen: 316788K(349696K)->349415K(349696K)
[187.618s][info][gc,metaspace   ] GC(90) Metaspace: 111366K(124800K)->111366K(124800K) NonClass: 95827K(104192K)->95827K(104192K) Class: 15538K(20608K)->15538K(20608K)
[187.618s][info][gc             ] GC(90) Pause Young (Allocation Failure) 437M->469M(470M) 5.088ms
[187.618s][info][gc,cpu         ] GC(90) User=0.00s Sys=0.00s Real=0.00s
[187.619s][info][gc,start       ] GC(91) Pause Full (Ergonomics)
[187.619s][info][gc,phases,start] GC(91) Marking Phase
[187.641s][info][gc,phases      ] GC(91) Marking Phase 21.897ms
[187.641s][info][gc,phases,start] GC(91) Summary Phase
[187.641s][info][gc,phases      ] GC(91) Summary Phase 0.065ms
[187.641s][info][gc,phases,start] GC(91) Adjust Roots
[187.642s][info][gc,phases      ] GC(91) Adjust Roots 1.148ms
[187.642s][info][gc,phases,start] GC(91) Compaction Phase
[187.656s][info][gc,phases      ] GC(91) Compaction Phase 14.275ms
[187.656s][info][gc,phases,start] GC(91) Post Compact
[187.659s][info][gc,phases      ] GC(91) Post Compact 2.653ms
[187.659s][info][gc,heap        ] GC(91) PSYoungGen: 131083K(131584K)->0K(136704K) Eden: 98816K(98816K)->0K(98816K) From: 32267K(32768K)->0K(37888K)
[187.659s][info][gc,heap        ] GC(91) ParOldGen: 349415K(349696K)->292139K(349696K)
[187.659s][info][gc,metaspace   ] GC(91) Metaspace: 111366K(124800K)->111366K(124800K) NonClass: 95827K(104192K)->95827K(104192K) Class: 15538K(20608K)->15538K(20608K)
[187.659s][info][gc             ] GC(91) Pause Full (Ergonomics) 469M->285M(475M) 40.365ms
[187.659s][info][gc,cpu         ] GC(91) User=0.34s Sys=0.00s Real=0.03s
[187.672s][info][gc,start       ] GC(92) Pause Young (Allocation Failure)
[187.674s][info][gc,heap        ] GC(92) PSYoungGen: 97693K(136704K)->21414K(136704K) Eden: 97693K(98816K)->0K(98816K) From: 0K(37888K)->21414K(37888K)
[187.674s][info][gc,heap        ] GC(92) ParOldGen: 292139K(349696K)->292139K(349696K)
[187.674s][info][gc,metaspace   ] GC(92) Metaspace: 111422K(124800K)->111422K(124800K) NonClass: 95874K(104192K)->95874K(104192K) Class: 15547K(20608K)->15547K(20608K)
[187.674s][info][gc             ] GC(92) Pause Young (Allocation Failure) 380M->306M(475M) 2.298ms
[187.674s][info][gc,cpu         ] GC(92) User=0.00s Sys=0.00s Real=0.00s
[187.682s][info][gc,start       ] GC(93) Pause Young (Allocation Failure)
[187.685s][info][gc,heap        ] GC(93) PSYoungGen: 120230K(136704K)->32995K(132096K) Eden: 98816K(98816K)->0K(98816K) From: 21414K(37888K)->32995K(33280K)
[187.685s][info][gc,heap        ] GC(93) ParOldGen: 292139K(349696K)->292139K(349696K)
[187.685s][info][gc,metaspace   ] GC(93) Metaspace: 111448K(124800K)->111448K(124800K) NonClass: 95897K(104192K)->95897K(104192K) Class: 15550K(20608K)->15550K(20608K)
[187.685s][info][gc             ] GC(93) Pause Young (Allocation Failure) 402M->317M(470M) 2.800ms
[187.685s][info][gc,cpu         ] GC(93) User=0.00s Sys=0.00s Real=0.00s
[187.693s][info][gc,start       ] GC(94) Pause Young (Allocation Failure)
[187.696s][info][gc,heap        ] GC(94) PSYoungGen: 131811K(132096K)->32931K(126464K) Eden: 98816K(98816K)->0K(84480K) From: 32995K(33280K)->32931K(41984K)
[187.696s][info][gc,heap        ] GC(94) ParOldGen: 292139K(349696K)->292139K(349696K)
[187.696s][info][gc,metaspace   ] GC(94) Metaspace: 111459K(124800K)->111459K(124800K) NonClass: 95905K(104192K)->95905K(104192K) Class: 15553K(20608K)->15553K(20608K)
[187.696s][info][gc             ] GC(94) Pause Young (Allocation Failure) 414M->317M(465M) 2.915ms
[187.696s][info][gc,cpu         ] GC(94) User=0.00s Sys=0.00s Real=0.00s
[187.702s][info][gc,start       ] GC(95) Pause Young (Allocation Failure)
[187.705s][info][gc,heap        ] GC(95) PSYoungGen: 117411K(126464K)->32995K(117760K) Eden: 84480K(84480K)->0K(84480K) From: 32931K(41984K)->32995K(33280K)
[187.705s][info][gc,heap        ] GC(95) ParOldGen: 292139K(349696K)->292139K(349696K)
[187.705s][info][gc,metaspace   ] GC(95) Metaspace: 111472K(124800K)->111472K(124800K) NonClass: 95915K(104192K)->95915K(104192K) Class: 15556K(20608K)->15556K(20608K)
[187.705s][info][gc             ] GC(95) Pause Young (Allocation Failure) 399M->317M(456M) 3.213ms
[187.705s][info][gc,cpu         ] GC(95) User=0.00s Sys=0.00s Real=0.00s
[187.713s][info][gc,start       ] GC(96) Pause Young (Allocation Failure)
[187.715s][info][gc,heap        ] GC(96) PSYoungGen: 117475K(117760K)->34526K(121856K) Eden: 84480K(84480K)->0K(74240K) From: 32995K(33280K)->34526K(47616K)
[187.715s][info][gc,heap        ] GC(96) ParOldGen: 292139K(349696K)->292139K(349696K)
[187.715s][info][gc,metaspace   ] GC(96) Metaspace: 111477K(124800K)->111477K(124800K) NonClass: 95919K(104192K)->95919K(104192K) Class: 15557K(20608K)->15557K(20608K)
[187.715s][info][gc             ] GC(96) Pause Young (Allocation Failure) 400M->319M(460M) 2.893ms
[187.715s][info][gc,cpu         ] GC(96) User=0.00s Sys=0.00s Real=0.00s
[187.723s][info][gc,start       ] GC(97) Pause Young (Allocation Failure)
[187.727s][info][gc,heap        ] GC(97) PSYoungGen: 108766K(121856K)->43933K(118272K) Eden: 74240K(74240K)->0K(74240K) From: 34526K(47616K)->43933K(44032K)
[187.727s][info][gc,heap        ] GC(97) ParOldGen: 292139K(349696K)->292139K(349696K)
[187.727s][info][gc,metaspace   ] GC(97) Metaspace: 111523K(124800K)->111523K(124800K) NonClass: 95948K(104192K)->95948K(104192K) Class: 15575K(20608K)->15575K(20608K)
[187.727s][info][gc             ] GC(97) Pause Young (Allocation Failure) 391M->328M(457M) 3.970ms
[187.727s][info][gc,cpu         ] GC(97) User=0.00s Sys=0.00s Real=0.00s
[187.735s][info][gc,start       ] GC(98) Pause Young (Allocation Failure)
[187.739s][info][gc,heap        ] GC(98) PSYoungGen: 117525K(118272K)->53596K(114176K) Eden: 73591K(74240K)->0K(58880K) From: 43933K(44032K)->53596K(55296K)
[187.739s][info][gc,heap        ] GC(98) ParOldGen: 292139K(349696K)->292139K(349696K)
[187.739s][info][gc,metaspace   ] GC(98) Metaspace: 111703K(124864K)->111703K(124864K) NonClass: 96067K(104256K)->96067K(104256K) Class: 15635K(20608K)->15635K(20608K)
[187.739s][info][gc             ] GC(98) Pause Young (Allocation Failure) 400M->337M(453M) 4.234ms
[187.739s][info][gc,cpu         ] GC(98) User=0.00s Sys=0.00s Real=0.00s
[187.745s][info][gc,start       ] GC(99) Pause Young (Allocation Failure)
[187.748s][info][gc,heap        ] GC(99) PSYoungGen: 112476K(114176K)->53532K(116736K) Eden: 58879K(58880K)->0K(58880K) From: 53596K(55296K)->53532K(57856K)
[187.748s][info][gc,heap        ] GC(99) ParOldGen: 292139K(349696K)->292139K(349696K)
[187.748s][info][gc,metaspace   ] GC(99) Metaspace: 111828K(124864K)->111828K(124864K) NonClass: 96148K(104256K)->96148K(104256K) Class: 15680K(20608K)->15680K(20608K)
[187.748s][info][gc             ] GC(99) Pause Young (Allocation Failure) 395M->337M(455M) 3.934ms
[187.749s][info][gc,cpu         ] GC(99) User=0.00s Sys=0.00s Real=0.00s
[187.754s][info][gc,start       ] GC(100) Pause Young (Allocation Failure)
[187.758s][info][gc,heap        ] GC(100) PSYoungGen: 112412K(116736K)->41137K(116736K) Eden: 58880K(58880K)->0K(58880K) From: 53532K(57856K)->41137K(57856K)
[187.758s][info][gc,heap        ] GC(100) ParOldGen: 292139K(349696K)->304447K(349696K)
[187.758s][info][gc,metaspace   ] GC(100) Metaspace: 111909K(124864K)->111909K(124864K) NonClass: 96205K(104256K)->96205K(104256K) Class: 15703K(20608K)->15703K(20608K)
[187.758s][info][gc             ] GC(100) Pause Young (Allocation Failure) 395M->337M(455M) 3.817ms
[187.758s][info][gc,cpu         ] GC(100) User=0.00s Sys=0.00s Real=0.00s
[187.762s][info][gc,start       ] GC(101) Pause Young (Allocation Failure)
[187.766s][info][gc,heap        ] GC(101) PSYoungGen: 100017K(116736K)->41169K(116736K) Eden: 58880K(58880K)->0K(58880K) From: 41137K(57856K)->41169K(57856K)
[187.766s][info][gc,heap        ] GC(101) ParOldGen: 304447K(349696K)->304527K(349696K)
[187.766s][info][gc,metaspace   ] GC(101) Metaspace: 111909K(124864K)->111909K(124864K) NonClass: 96205K(104256K)->96205K(104256K) Class: 15703K(20608K)->15703K(20608K)
[187.766s][info][gc             ] GC(101) Pause Young (Allocation Failure) 394M->337M(455M) 3.371ms
[187.766s][info][gc,cpu         ] GC(101) User=0.00s Sys=0.00s Real=0.00s
[187.771s][info][gc,start       ] GC(102) Pause Young (Allocation Failure)
[187.774s][info][gc,heap        ] GC(102) PSYoungGen: 100049K(116736K)->38012K(116736K) Eden: 58880K(58880K)->0K(58880K) From: 41169K(57856K)->38012K(57856K)
[187.774s][info][gc,heap        ] GC(102) ParOldGen: 304527K(349696K)->307724K(349696K)
[187.774s][info][gc,metaspace   ] GC(102) Metaspace: 111909K(124864K)->111909K(124864K) NonClass: 96205K(104256K)->96205K(104256K) Class: 15703K(20608K)->15703K(20608K)
[187.774s][info][gc             ] GC(102) Pause Young (Allocation Failure) 395M->337M(455M) 3.285ms
[187.774s][info][gc,cpu         ] GC(102) User=0.11s Sys=0.03s Real=0.02s
[187.779s][info][gc,start       ] GC(103) Pause Young (Allocation Failure)
[187.782s][info][gc,heap        ] GC(103) PSYoungGen: 96892K(116736K)->3605K(116736K) Eden: 58880K(58880K)->0K(58880K) From: 38012K(57856K)->3605K(57856K)
[187.782s][info][gc,heap        ] GC(103) ParOldGen: 307724K(349696K)->342235K(349696K)
[187.782s][info][gc,metaspace   ] GC(103) Metaspace: 111909K(124864K)->111909K(124864K) NonClass: 96206K(104256K)->96206K(104256K) Class: 15703K(20608K)->15703K(20608K)
[187.782s][info][gc             ] GC(103) Pause Young (Allocation Failure) 395M->337M(455M) 3.409ms
[187.782s][info][gc,cpu         ] GC(103) User=0.00s Sys=0.00s Real=0.00s
[187.782s][info][gc,start       ] GC(104) Pause Full (Ergonomics)
[187.782s][info][gc,phases,start] GC(104) Marking Phase
[187.803s][info][gc,phases      ] GC(104) Marking Phase 20.445ms
[187.803s][info][gc,phases,start] GC(104) Summary Phase
[187.803s][info][gc,phases      ] GC(104) Summary Phase 0.023ms
[187.803s][info][gc,phases,start] GC(104) Adjust Roots
[187.804s][info][gc,phases      ] GC(104) Adjust Roots 1.352ms
[187.804s][info][gc,phases,start] GC(104) Compaction Phase
[187.818s][info][gc,phases      ] GC(104) Compaction Phase 14.004ms
[187.818s][info][gc,phases,start] GC(104) Post Compact
[187.820s][info][gc,phases      ] GC(104) Post Compact 1.881ms
[187.820s][info][gc,heap        ] GC(104) PSYoungGen: 3605K(116736K)->0K(116736K) Eden: 0K(58880K)->0K(58880K) From: 3605K(57856K)->0K(57856K)
[187.820s][info][gc,heap        ] GC(104) ParOldGen: 342235K(349696K)->291798K(349696K)
[187.820s][info][gc,metaspace   ] GC(104) Metaspace: 111909K(124864K)->111909K(124864K) NonClass: 96206K(104256K)->96206K(104256K) Class: 15703K(20608K)->15703K(20608K)
[187.820s][info][gc             ] GC(104) Pause Full (Ergonomics) 337M->284M(455M) 37.991ms
[187.820s][info][gc,cpu         ] GC(104) User=0.38s Sys=0.00s Real=0.03s
[187.825s][info][gc,start       ] GC(105) Pause Young (Allocation Failure)
[187.826s][info][gc,heap        ] GC(105) PSYoungGen: 58880K(116736K)->352K(116736K) Eden: 58880K(58880K)->0K(58880K) From: 0K(57856K)->352K(57856K)
[187.826s][info][gc,heap        ] GC(105) ParOldGen: 291798K(349696K)->291798K(349696K)
[187.826s][info][gc,metaspace   ] GC(105) Metaspace: 111911K(124864K)->111911K(124864K) NonClass: 96207K(104256K)->96207K(104256K) Class: 15704K(20608K)->15704K(20608K)
[187.826s][info][gc             ] GC(105) Pause Young (Allocation Failure) 342M->285M(455M) 0.988ms
[187.826s][info][gc,cpu         ] GC(105) User=0.00s Sys=0.00s Real=0.00s
[187.852s][info][gc,start       ] GC(106) Pause Young (Allocation Failure)
[187.853s][info][gc,heap        ] GC(106) PSYoungGen: 59232K(116736K)->448K(116736K) Eden: 58880K(58880K)->0K(58880K) From: 352K(57856K)->448K(57856K)
[187.853s][info][gc,heap        ] GC(106) ParOldGen: 291798K(349696K)->291798K(349696K)
[187.853s][info][gc,metaspace   ] GC(106) Metaspace: 112253K(124864K)->112253K(124864K) NonClass: 96447K(104256K)->96447K(104256K) Class: 15805K(20608K)->15805K(20608K)
[187.853s][info][gc             ] GC(106) Pause Young (Allocation Failure) 342M->285M(455M) 1.033ms
[187.853s][info][gc,cpu         ] GC(106) User=0.00s Sys=0.00s Real=0.00s
[187.862s][info][gc,start       ] GC(107) Pause Young (Allocation Failure)
[187.863s][info][gc,heap        ] GC(107) PSYoungGen: 59328K(116736K)->736K(116736K) Eden: 58880K(58880K)->0K(58880K) From: 448K(57856K)->736K(57856K)
[187.863s][info][gc,heap        ] GC(107) ParOldGen: 291798K(349696K)->291838K(349696K)
[187.863s][info][gc,metaspace   ] GC(107) Metaspace: 112278K(124864K)->112278K(124864K) NonClass: 96465K(104256K)->96465K(104256K) Class: 15813K(20608K)->15813K(20608K)
[187.863s][info][gc             ] GC(107) Pause Young (Allocation Failure) 342M->285M(455M) 0.935ms
[187.863s][info][gc,cpu         ] GC(107) User=0.00s Sys=0.00s Real=0.00s
[187.879s][info][gc,start       ] GC(108) Pause Young (Allocation Failure)
[187.880s][info][gc,heap        ] GC(108) PSYoungGen: 59616K(116736K)->416K(116736K) Eden: 58880K(58880K)->0K(58880K) From: 736K(57856K)->416K(57856K)
[187.880s][info][gc,heap        ] GC(108) ParOldGen: 291838K(349696K)->292270K(349696K)
[187.880s][info][gc,metaspace   ] GC(108) Metaspace: 112352K(124864K)->112352K(124864K) NonClass: 96517K(104256K)->96517K(104256K) Class: 15835K(20608K)->15835K(20608K)
[187.880s][info][gc             ] GC(108) Pause Young (Allocation Failure) 343M->285M(455M) 1.019ms
[187.880s][info][gc,cpu         ] GC(108) User=0.00s Sys=0.00s Real=0.00s
[187.892s][info][gc,start       ] GC(109) Pause Young (Allocation Failure)
[187.893s][info][gc,heap        ] GC(109) PSYoungGen: 59296K(116736K)->512K(116736K) Eden: 58880K(58880K)->0K(58880K) From: 416K(57856K)->512K(57856K)
[187.893s][info][gc,heap        ] GC(109) ParOldGen: 292270K(349696K)->292446K(349696K)
[187.893s][info][gc,metaspace   ] GC(109) Metaspace: 112360K(124864K)->112360K(124864K) NonClass: 96523K(104256K)->96523K(104256K) Class: 15837K(20608K)->15837K(20608K)
[187.893s][info][gc             ] GC(109) Pause Young (Allocation Failure) 343M->286M(455M) 1.233ms
[187.893s][info][gc,cpu         ] GC(109) User=0.00s Sys=0.00s Real=0.00s
[187.903s][info][gc,start       ] GC(110) Pause Young (Allocation Failure)
[187.905s][info][gc,heap        ] GC(110) PSYoungGen: 55852K(116736K)->6570K(116736K) Eden: 55340K(58880K)->0K(58880K) From: 512K(57856K)->6570K(57856K)
[187.905s][info][gc,heap        ] GC(110) ParOldGen: 292446K(349696K)->292614K(349696K)
[187.905s][info][gc,metaspace   ] GC(110) Metaspace: 112361K(124864K)->112361K(124864K) NonClass: 96523K(104256K)->96523K(104256K) Class: 15837K(20608K)->15837K(20608K)
[187.905s][info][gc             ] GC(110) Pause Young (Allocation Failure) 340M->292M(455M) 2.244ms
[187.905s][info][gc,cpu         ] GC(110) User=0.00s Sys=0.00s Real=0.00s
[187.911s][info][gc,start       ] GC(111) Pause Young (Allocation Failure)
[187.913s][info][gc,heap        ] GC(111) PSYoungGen: 64583K(116736K)->19038K(116736K) Eden: 58013K(58880K)->0K(58880K) From: 6570K(57856K)->19038K(57856K)
[187.913s][info][gc,heap        ] GC(111) ParOldGen: 292614K(349696K)->299008K(349696K)
[187.913s][info][gc,metaspace   ] GC(111) Metaspace: 112375K(124864K)->112375K(124864K) NonClass: 96536K(104256K)->96536K(104256K) Class: 15838K(20608K)->15838K(20608K)
[187.913s][info][gc             ] GC(111) Pause Young (Allocation Failure) 348M->310M(455M) 2.372ms
[187.913s][info][gc,cpu         ] GC(111) User=0.00s Sys=0.00s Real=0.00s
[187.921s][info][gc,start       ] GC(112) Pause Young (Allocation Failure)
[187.924s][info][gc,heap        ] GC(112) PSYoungGen: 77918K(116736K)->12884K(114688K) Eden: 58880K(58880K)->0K(58880K) From: 19038K(57856K)->12884K(55808K)
[187.924s][info][gc,heap        ] GC(112) ParOldGen: 299008K(349696K)->317802K(349696K)
[187.924s][info][gc,metaspace   ] GC(112) Metaspace: 112380K(124864K)->112380K(124864K) NonClass: 96541K(104256K)->96541K(104256K) Class: 15838K(20608K)->15838K(20608K)
[187.924s][info][gc             ] GC(112) Pause Young (Allocation Failure) 368M->322M(453M) 3.233ms
[187.924s][info][gc,cpu         ] GC(112) User=0.00s Sys=0.00s Real=0.00s
[187.931s][info][gc,start       ] GC(113) Pause Young (Allocation Failure)
[187.934s][info][gc,heap        ] GC(113) PSYoungGen: 69121K(114688K)->31666K(115712K) Eden: 56237K(58880K)->0K(58880K) From: 12884K(55808K)->31666K(56832K)
[187.934s][info][gc,heap        ] GC(113) ParOldGen: 317802K(349696K)->317802K(349696K)
[187.934s][info][gc,metaspace   ] GC(113) Metaspace: 112405K(124864K)->112405K(124864K) NonClass: 96566K(104256K)->96566K(104256K) Class: 15838K(20608K)->15838K(20608K)
[187.934s][info][gc             ] GC(113) Pause Young (Allocation Failure) 377M->341M(454M) 2.642ms
[187.934s][info][gc,cpu         ] GC(113) User=0.00s Sys=0.00s Real=0.00s
[187.940s][info][gc,start       ] GC(114) Pause Young (Allocation Failure)
[187.944s][info][gc,heap        ] GC(114) PSYoungGen: 88873K(115712K)->19102K(112640K) Eden: 57207K(58880K)->0K(59904K) From: 31666K(56832K)->19102K(52736K)
[187.944s][info][gc,heap        ] GC(114) ParOldGen: 317802K(349696K)->349196K(349696K)
[187.944s][info][gc,metaspace   ] GC(114) Metaspace: 112414K(124864K)->112414K(124864K) NonClass: 96573K(104256K)->96573K(104256K) Class: 15840K(20608K)->15840K(20608K)
[187.944s][info][gc             ] GC(114) Pause Young (Allocation Failure) 397M->359M(451M) 4.380ms
[187.944s][info][gc,cpu         ] GC(114) User=0.20s Sys=0.00s Real=0.02s
[187.944s][info][gc,start       ] GC(115) Pause Full (Ergonomics)
[187.944s][info][gc,phases,start] GC(115) Marking Phase
[187.965s][info][gc,phases      ] GC(115) Marking Phase 20.987ms
[187.965s][info][gc,phases,start] GC(115) Summary Phase
[187.965s][info][gc,phases      ] GC(115) Summary Phase 0.024ms
[187.965s][info][gc,phases,start] GC(115) Adjust Roots
[187.967s][info][gc,phases      ] GC(115) Adjust Roots 1.705ms
[187.967s][info][gc,phases,start] GC(115) Compaction Phase
[187.977s][info][gc,phases      ] GC(115) Compaction Phase 10.225ms
[187.977s][info][gc,phases,start] GC(115) Post Compact
[187.979s][info][gc,phases      ] GC(115) Post Compact 2.039ms
[187.979s][info][gc,heap        ] GC(115) PSYoungGen: 19102K(112640K)->0K(114688K) Eden: 0K(59904K)->0K(59904K) From: 19102K(52736K)->0K(54784K)
[187.979s][info][gc,heap        ] GC(115) ParOldGen: 349196K(349696K)->329901K(349696K)
[187.979s][info][gc,metaspace   ] GC(115) Metaspace: 112414K(124864K)->112414K(124864K) NonClass: 96573K(104256K)->96573K(104256K) Class: 15840K(20608K)->15840K(20608K)
[187.979s][info][gc             ] GC(115) Pause Full (Ergonomics) 359M->322M(453M) 35.264ms
[187.979s][info][gc,cpu         ] GC(115) User=0.31s Sys=0.00s Real=0.03s
[187.992s][info][gc,start       ] GC(116) Pause Full (Ergonomics)
[187.992s][info][gc,phases,start] GC(116) Marking Phase
[188.017s][info][gc,phases      ] GC(116) Marking Phase 25.507ms
[188.017s][info][gc,phases,start] GC(116) Summary Phase
[188.017s][info][gc,phases      ] GC(116) Summary Phase 0.055ms
[188.017s][info][gc,phases,start] GC(116) Adjust Roots
[188.019s][info][gc,phases      ] GC(116) Adjust Roots 1.799ms
[188.019s][info][gc,phases,start] GC(116) Compaction Phase
[188.026s][info][gc,phases      ] GC(116) Compaction Phase 7.332ms
[188.026s][info][gc,phases,start] GC(116) Post Compact
[188.029s][info][gc,phases      ] GC(116) Post Compact 2.553ms
[188.029s][info][gc,heap        ] GC(116) PSYoungGen: 59904K(114688K)->0K(118272K) Eden: 59904K(59904K)->0K(64000K) From: 0K(54784K)->0K(54272K)
[188.029s][info][gc,heap        ] GC(116) ParOldGen: 329901K(349696K)->333010K(349696K)
[188.029s][info][gc,metaspace   ] GC(116) Metaspace: 112424K(124864K)->112424K(124864K) NonClass: 96583K(104256K)->96583K(104256K) Class: 15840K(20608K)->15840K(20608K)
[188.029s][info][gc             ] GC(116) Pause Full (Ergonomics) 380M->325M(457M) 37.790ms
[188.029s][info][gc,cpu         ] GC(116) User=0.19s Sys=0.00s Real=0.04s
[188.047s][info][gc,start       ] GC(117) Pause Full (Ergonomics)
[188.047s][info][gc,phases,start] GC(117) Marking Phase
[188.070s][info][gc,phases      ] GC(117) Marking Phase 23.011ms
[188.070s][info][gc,phases,start] GC(117) Summary Phase
[188.070s][info][gc,phases      ] GC(117) Summary Phase 0.037ms
[188.070s][info][gc,phases,start] GC(117) Adjust Roots
[188.072s][info][gc,phases      ] GC(117) Adjust Roots 1.825ms
[188.072s][info][gc,phases,start] GC(117) Compaction Phase
[188.083s][info][gc,phases      ] GC(117) Compaction Phase 11.552ms
[188.083s][info][gc,phases,start] GC(117) Post Compact
[188.086s][info][gc,phases      ] GC(117) Post Compact 2.727ms
[188.086s][info][gc,heap        ] GC(117) PSYoungGen: 64000K(118272K)->0K(118784K) Eden: 64000K(64000K)->0K(64000K) From: 0K(54272K)->0K(54784K)
[188.086s][info][gc,heap        ] GC(117) ParOldGen: 333010K(349696K)->332826K(349696K)
[188.086s][info][gc,metaspace   ] GC(117) Metaspace: 112628K(124864K)->112628K(124864K) NonClass: 96753K(104256K)->96753K(104256K) Class: 15874K(20608K)->15874K(20608K)
[188.086s][info][gc             ] GC(117) Pause Full (Ergonomics) 387M->325M(457M) 39.579ms
[188.086s][info][gc,cpu         ] GC(117) User=0.31s Sys=0.00s Real=0.04s
[188.107s][info][gc,start       ] GC(118) Pause Full (Ergonomics)
[188.107s][info][gc,phases,start] GC(118) Marking Phase
[188.134s][info][gc,phases      ] GC(118) Marking Phase 26.415ms
[188.134s][info][gc,phases,start] GC(118) Summary Phase
[188.134s][info][gc,phases      ] GC(118) Summary Phase 0.025ms
[188.134s][info][gc,phases,start] GC(118) Adjust Roots
[188.136s][info][gc,phases      ] GC(118) Adjust Roots 2.161ms
[188.136s][info][gc,phases,start] GC(118) Compaction Phase
[188.154s][info][gc,phases      ] GC(118) Compaction Phase 18.052ms
[188.154s][info][gc,phases,start] GC(118) Post Compact
[188.157s][info][gc,phases      ] GC(118) Post Compact 2.584ms
[188.157s][info][gc,heap        ] GC(118) PSYoungGen: 64000K(118784K)->0K(119808K) Eden: 64000K(64000K)->0K(65024K) From: 0K(54784K)->0K(54784K)
[188.157s][info][gc,heap        ] GC(118) ParOldGen: 332826K(349696K)->332938K(349696K)
[188.157s][info][gc,metaspace   ] GC(118) Metaspace: 112867K(124864K)->112867K(124864K) NonClass: 96898K(104256K)->96898K(104256K) Class: 15968K(20608K)->15968K(20608K)
[188.157s][info][gc             ] GC(118) Pause Full (Ergonomics) 387M->325M(458M) 49.681ms
[188.157s][info][gc,cpu         ] GC(118) User=0.34s Sys=0.00s Real=0.05s
[188.172s][info][gc,start       ] GC(119) Pause Full (Ergonomics)
[188.173s][info][gc,phases,start] GC(119) Marking Phase
[188.194s][info][gc,phases      ] GC(119) Marking Phase 21.781ms
[188.194s][info][gc,phases,start] GC(119) Summary Phase
[188.194s][info][gc,phases      ] GC(119) Summary Phase 0.030ms
[188.194s][info][gc,phases,start] GC(119) Adjust Roots
[188.197s][info][gc,phases      ] GC(119) Adjust Roots 2.561ms
[188.197s][info][gc,phases,start] GC(119) Compaction Phase
[188.210s][info][gc,phases      ] GC(119) Compaction Phase 13.188ms
[188.210s][info][gc,phases,start] GC(119) Post Compact
[188.213s][info][gc,phases      ] GC(119) Post Compact 2.397ms
[188.213s][info][gc,heap        ] GC(119) PSYoungGen: 65024K(119808K)->0K(119808K) Eden: 65024K(65024K)->0K(65024K) From: 0K(54784K)->0K(54784K)
[188.213s][info][gc,heap        ] GC(119) ParOldGen: 332938K(349696K)->332963K(349696K)
[188.213s][info][gc,metaspace   ] GC(119) Metaspace: 113150K(124864K)->113150K(124864K) NonClass: 97097K(104256K)->97097K(104256K) Class: 16052K(20608K)->16052K(20608K)
[188.213s][info][gc             ] GC(119) Pause Full (Ergonomics) 388M->325M(458M) 40.419ms
[188.213s][info][gc,cpu         ] GC(119) User=0.25s Sys=0.00s Real=0.03s
[188.226s][info][gc,start       ] GC(120) Pause Full (Ergonomics)
[188.226s][info][gc,phases,start] GC(120) Marking Phase
[188.256s][info][gc,phases      ] GC(120) Marking Phase 29.916ms
[188.256s][info][gc,phases,start] GC(120) Summary Phase
[188.257s][info][gc,phases      ] GC(120) Summary Phase 0.063ms
[188.257s][info][gc,phases,start] GC(120) Adjust Roots
[188.259s][info][gc,phases      ] GC(120) Adjust Roots 1.919ms
[188.259s][info][gc,phases,start] GC(120) Compaction Phase
[188.271s][info][gc,phases      ] GC(120) Compaction Phase 12.443ms
[188.271s][info][gc,phases,start] GC(120) Post Compact
[188.274s][info][gc,phases      ] GC(120) Post Compact 2.553ms
[188.274s][info][gc,heap        ] GC(120) PSYoungGen: 62147K(119808K)->0K(119808K) Eden: 62147K(65024K)->0K(65024K) From: 0K(54784K)->0K(54784K)
[188.274s][info][gc,heap        ] GC(120) ParOldGen: 332963K(349696K)->330978K(349696K)
[188.274s][info][gc,metaspace   ] GC(120) Metaspace: 113297K(124864K)->113297K(124864K) NonClass: 97193K(104256K)->97193K(104256K) Class: 16104K(20608K)->16104K(20608K)
[188.274s][info][gc             ] GC(120) Pause Full (Ergonomics) 385M->323M(458M) 47.336ms
[188.274s][info][gc,cpu         ] GC(120) User=0.36s Sys=0.00s Real=0.05s
[188.286s][info][gc,start       ] GC(121) Pause Full (Ergonomics)
[188.287s][info][gc,phases,start] GC(121) Marking Phase
[188.312s][info][gc,phases      ] GC(121) Marking Phase 25.479ms
[188.312s][info][gc,phases,start] GC(121) Summary Phase
[188.312s][info][gc,phases      ] GC(121) Summary Phase 0.026ms
[188.312s][info][gc,phases,start] GC(121) Adjust Roots
[188.314s][info][gc,phases      ] GC(121) Adjust Roots 1.900ms
[188.314s][info][gc,phases,start] GC(121) Compaction Phase
[188.320s][info][gc,phases      ] GC(121) Compaction Phase 5.670ms
[188.320s][info][gc,phases,start] GC(121) Post Compact
[188.322s][info][gc,phases      ] GC(121) Post Compact 1.964ms
[188.322s][info][gc,heap        ] GC(121) PSYoungGen: 61994K(119808K)->0K(119808K) Eden: 61994K(65024K)->0K(65024K) From: 0K(54784K)->0K(54784K)
[188.322s][info][gc,heap        ] GC(121) ParOldGen: 330978K(349696K)->325295K(349696K)
[188.322s][info][gc,metaspace   ] GC(121) Metaspace: 113414K(124864K)->113414K(124864K) NonClass: 97275K(104256K)->97275K(104256K) Class: 16138K(20608K)->16138K(20608K)
[188.322s][info][gc             ] GC(121) Pause Full (Ergonomics) 383M->317M(458M) 35.345ms
[188.322s][info][gc,cpu         ] GC(121) User=0.38s Sys=0.00s Real=0.03s
[188.330s][info][gc,start       ] GC(122) Pause Full (Ergonomics)
[188.330s][info][gc,phases,start] GC(122) Marking Phase
[188.353s][info][gc,phases      ] GC(122) Marking Phase 22.237ms
[188.353s][info][gc,phases,start] GC(122) Summary Phase
[188.353s][info][gc,phases      ] GC(122) Summary Phase 0.022ms
[188.353s][info][gc,phases,start] GC(122) Adjust Roots
[188.355s][info][gc,phases      ] GC(122) Adjust Roots 2.338ms
[188.355s][info][gc,phases,start] GC(122) Compaction Phase
[188.374s][info][gc,phases      ] GC(122) Compaction Phase 18.698ms
[188.374s][info][gc,phases,start] GC(122) Post Compact
[188.376s][info][gc,phases      ] GC(122) Post Compact 2.214ms
[188.376s][info][gc,heap        ] GC(122) PSYoungGen: 65024K(119808K)->0K(119808K) Eden: 65024K(65024K)->0K(65024K) From: 0K(54784K)->0K(54784K)
[188.376s][info][gc,heap        ] GC(122) ParOldGen: 325295K(349696K)->329031K(349696K)
[188.376s][info][gc,metaspace   ] GC(122) Metaspace: 113514K(124864K)->113514K(124864K) NonClass: 97341K(104256K)->97341K(104256K) Class: 16173K(20608K)->16173K(20608K)
[188.376s][info][gc             ] GC(122) Pause Full (Ergonomics) 381M->321M(458M) 45.823ms
[188.376s][info][gc,cpu         ] GC(122) User=0.39s Sys=0.00s Real=0.05s
[188.388s][info][gc,start       ] GC(123) Pause Full (Ergonomics)
[188.388s][info][gc,phases,start] GC(123) Marking Phase
[188.410s][info][gc,phases      ] GC(123) Marking Phase 22.203ms
[188.410s][info][gc,phases,start] GC(123) Summary Phase
[188.410s][info][gc,phases      ] GC(123) Summary Phase 0.026ms
[188.410s][info][gc,phases,start] GC(123) Adjust Roots
[188.412s][info][gc,phases      ] GC(123) Adjust Roots 1.925ms
[188.412s][info][gc,phases,start] GC(123) Compaction Phase
[188.418s][info][gc,phases      ] GC(123) Compaction Phase 5.681ms
[188.418s][info][gc,phases,start] GC(123) Post Compact
[188.420s][info][gc,phases      ] GC(123) Post Compact 2.034ms
[188.420s][info][gc,heap        ] GC(123) PSYoungGen: 65024K(119808K)->0K(119808K) Eden: 65024K(65024K)->0K(65024K) From: 0K(54784K)->0K(54784K)
[188.420s][info][gc,heap        ] GC(123) ParOldGen: 329031K(349696K)->322174K(349696K)
[188.420s][info][gc,metaspace   ] GC(123) Metaspace: 113757K(124864K)->113757K(124864K) NonClass: 97499K(104256K)->97499K(104256K) Class: 16258K(20608K)->16258K(20608K)
[188.420s][info][gc             ] GC(123) Pause Full (Ergonomics) 384M->314M(458M) 32.176ms
[188.420s][info][gc,cpu         ] GC(123) User=0.20s Sys=0.00s Real=0.03s
[188.441s][info][gc,start       ] GC(124) Pause Full (Ergonomics)
[188.441s][info][gc,phases,start] GC(124) Marking Phase
[188.470s][info][gc,phases      ] GC(124) Marking Phase 29.358ms
[188.471s][info][gc,phases,start] GC(124) Summary Phase
[188.471s][info][gc,phases      ] GC(124) Summary Phase 0.065ms
[188.471s][info][gc,phases,start] GC(124) Adjust Roots
[188.473s][info][gc,phases      ] GC(124) Adjust Roots 2.044ms
[188.473s][info][gc,phases,start] GC(124) Compaction Phase
[188.479s][info][gc,phases      ] GC(124) Compaction Phase 6.016ms
[188.479s][info][gc,phases,start] GC(124) Post Compact
[188.481s][info][gc,phases      ] GC(124) Post Compact 2.619ms
[188.481s][info][gc,heap        ] GC(124) PSYoungGen: 65024K(119808K)->0K(119808K) Eden: 65024K(65024K)->0K(65024K) From: 0K(54784K)->0K(54784K)
[188.481s][info][gc,heap        ] GC(124) ParOldGen: 322174K(349696K)->318546K(349696K)
[188.482s][info][gc,metaspace   ] GC(124) Metaspace: 113852K(124864K)->113852K(124864K) NonClass: 97566K(104256K)->97566K(104256K) Class: 16286K(20608K)->16286K(20608K)
[188.482s][info][gc             ] GC(124) Pause Full (Ergonomics) 378M->311M(458M) 40.548ms
[188.482s][info][gc,cpu         ] GC(124) User=0.19s Sys=0.00s Real=0.03s
[188.495s][info][gc,start       ] GC(125) Pause Full (Ergonomics)
[188.495s][info][gc,phases,start] GC(125) Marking Phase
[188.521s][info][gc,phases      ] GC(125) Marking Phase 26.059ms
[188.521s][info][gc,phases,start] GC(125) Summary Phase
[188.521s][info][gc,phases      ] GC(125) Summary Phase 0.027ms
[188.521s][info][gc,phases,start] GC(125) Adjust Roots
[188.523s][info][gc,phases      ] GC(125) Adjust Roots 2.002ms
[188.523s][info][gc,phases,start] GC(125) Compaction Phase
[188.528s][info][gc,phases      ] GC(125) Compaction Phase 5.486ms
[188.528s][info][gc,phases,start] GC(125) Post Compact
[188.530s][info][gc,phases      ] GC(125) Post Compact 2.042ms
[188.530s][info][gc,heap        ] GC(125) PSYoungGen: 65024K(119808K)->0K(119808K) Eden: 65024K(65024K)->0K(65024K) From: 0K(54784K)->0K(54784K)
[188.530s][info][gc,heap        ] GC(125) ParOldGen: 318546K(349696K)->310835K(349696K)
[188.531s][info][gc,metaspace   ] GC(125) Metaspace: 113857K(124864K)->113857K(124864K) NonClass: 97571K(104256K)->97571K(104256K) Class: 16286K(20608K)->16286K(20608K)
[188.531s][info][gc             ] GC(125) Pause Full (Ergonomics) 374M->303M(458M) 35.904ms
[188.531s][info][gc,cpu         ] GC(125) User=0.41s Sys=0.00s Real=0.05s
[188.559s][info][gc,start       ] GC(126) Pause Young (Allocation Failure)
[188.561s][info][gc,heap        ] GC(126) PSYoungGen: 65024K(119808K)->4053K(116736K) Eden: 65024K(65024K)->0K(65024K) From: 0K(54784K)->4053K(51712K)
[188.561s][info][gc,heap        ] GC(126) ParOldGen: 310835K(349696K)->310843K(349696K)
[188.561s][info][gc,metaspace   ] GC(126) Metaspace: 114248K(124864K)->114248K(124864K) NonClass: 97861K(104256K)->97861K(104256K) Class: 16387K(20608K)->16387K(20608K)
[188.561s][info][gc             ] GC(126) Pause Young (Allocation Failure) 367M->307M(455M) 1.954ms
[188.561s][info][gc,cpu         ] GC(126) User=0.06s Sys=0.02s Real=0.00s
[188.594s][info][gc,start       ] GC(127) Pause Young (Allocation Failure)
[188.596s][info][gc,heap        ] GC(127) PSYoungGen: 69077K(116736K)->7703K(118272K) Eden: 65024K(65024K)->0K(65024K) From: 4053K(51712K)->7703K(53248K)
[188.596s][info][gc,heap        ] GC(127) ParOldGen: 310843K(349696K)->310843K(349696K)
[188.596s][info][gc,metaspace   ] GC(127) Metaspace: 114756K(124864K)->114756K(124864K) NonClass: 98203K(104256K)->98203K(104256K) Class: 16552K(20608K)->16552K(20608K)
[188.596s][info][gc             ] GC(127) Pause Young (Allocation Failure) 371M->311M(457M) 2.054ms
[188.596s][info][gc,cpu         ] GC(127) User=0.00s Sys=0.00s Real=0.00s
[188.628s][info][gc,start       ] GC(128) Pause Young (Allocation Failure)
[188.630s][info][gc,heap        ] GC(128) PSYoungGen: 72727K(118272K)->9355K(113664K) Eden: 65024K(65024K)->0K(67072K) From: 7703K(53248K)->9355K(46592K)
[188.630s][info][gc,heap        ] GC(128) ParOldGen: 310843K(349696K)->310843K(349696K)
[188.630s][info][gc,metaspace   ] GC(128) Metaspace: 115933K(124864K)->115933K(124864K) NonClass: 98967K(104256K)->98967K(104256K) Class: 16965K(20608K)->16965K(20608K)
[188.630s][info][gc             ] GC(128) Pause Young (Allocation Failure) 374M->312M(452M) 2.524ms
[188.630s][info][gc,cpu         ] GC(128) User=0.00s Sys=0.00s Real=0.00s
[188.680s][info][gc,start       ] GC(129) Pause Young (Allocation Failure)
[188.682s][info][gc,heap        ] GC(129) PSYoungGen: 76427K(113664K)->13588K(80896K) Eden: 67072K(67072K)->0K(67072K) From: 9355K(46592K)->13588K(13824K)
[188.682s][info][gc,heap        ] GC(129) ParOldGen: 310843K(349696K)->310851K(349696K)
[188.682s][info][gc,metaspace   ] GC(129) Metaspace: 116471K(124864K)->116471K(124864K) NonClass: 99324K(104256K)->99324K(104256K) Class: 17147K(20608K)->17147K(20608K)
[188.682s][info][gc             ] GC(129) Pause Young (Allocation Failure) 378M->316M(420M) 2.605ms
[188.682s][info][gc,cpu         ] GC(129) User=0.20s Sys=0.02s Real=0.02s
[188.730s][info][gc,start       ] GC(130) Pause Young (Allocation Failure)
[188.732s][info][gc,heap        ] GC(130) PSYoungGen: 80660K(80896K)->19185K(112640K) Eden: 67072K(67072K)->0K(69120K) From: 13588K(13824K)->19185K(43520K)
[188.732s][info][gc,heap        ] GC(130) ParOldGen: 310851K(349696K)->310851K(349696K)
[188.732s][info][gc,metaspace   ] GC(130) Metaspace: 116950K(124864K)->116950K(124864K) NonClass: 99638K(104256K)->99638K(104256K) Class: 17311K(20608K)->17311K(20608K)
[188.732s][info][gc             ] GC(130) Pause Young (Allocation Failure) 382M->322M(451M) 2.555ms
[188.732s][info][gc,cpu         ] GC(130) User=0.00s Sys=0.00s Real=0.00s
[188.737s][info][gc,start       ] GC(131) Pause Young (Allocation Failure)
[188.739s][info][gc,heap        ] GC(131) PSYoungGen: 88305K(112640K)->19216K(113664K) Eden: 69120K(69120K)->0K(69120K) From: 19185K(43520K)->19216K(44544K)
[188.739s][info][gc,heap        ] GC(131) ParOldGen: 310851K(349696K)->310851K(349696K)
[188.739s][info][gc,metaspace   ] GC(131) Metaspace: 116950K(124864K)->116950K(124864K) NonClass: 99639K(104256K)->99639K(104256K) Class: 17311K(20608K)->17311K(20608K)
[188.739s][info][gc             ] GC(131) Pause Young (Allocation Failure) 389M->322M(452M) 2.157ms
[188.739s][info][gc,cpu         ] GC(131) User=0.00s Sys=0.00s Real=0.00s
[188.744s][info][gc,start       ] GC(132) Pause Young (Allocation Failure)
[188.746s][info][gc,heap        ] GC(132) PSYoungGen: 88336K(113664K)->21560K(114688K) Eden: 69120K(69120K)->0K(72192K) From: 19216K(44544K)->21560K(42496K)
[188.746s][info][gc,heap        ] GC(132) ParOldGen: 310851K(349696K)->310851K(349696K)
[188.746s][info][gc,metaspace   ] GC(132) Metaspace: 116953K(124864K)->116953K(124864K) NonClass: 99642K(104256K)->99642K(104256K) Class: 17311K(20608K)->17311K(20608K)
[188.746s][info][gc             ] GC(132) Pause Young (Allocation Failure) 389M->324M(453M) 2.273ms
[188.746s][info][gc,cpu         ] GC(132) User=0.00s Sys=0.00s Real=0.00s
[188.751s][info][gc,start       ] GC(133) Pause Young (Allocation Failure)
[188.753s][info][gc,heap        ] GC(133) PSYoungGen: 93752K(114688K)->21432K(114688K) Eden: 72192K(72192K)->0K(72192K) From: 21560K(42496K)->21432K(42496K)
[188.753s][info][gc,heap        ] GC(133) ParOldGen: 310851K(349696K)->310851K(349696K)
[188.753s][info][gc,metaspace   ] GC(133) Metaspace: 116957K(124864K)->116957K(124864K) NonClass: 99645K(104256K)->99645K(104256K) Class: 17311K(20608K)->17311K(20608K)
[188.753s][info][gc             ] GC(133) Pause Young (Allocation Failure) 395M->324M(453M) 2.190ms
[188.753s][info][gc,cpu         ] GC(133) User=0.00s Sys=0.00s Real=0.00s
[188.759s][info][gc,start       ] GC(134) Pause Young (Allocation Failure)
[188.761s][info][gc,heap        ] GC(134) PSYoungGen: 93624K(114688K)->21400K(116224K) Eden: 72192K(72192K)->0K(75776K) From: 21432K(42496K)->21400K(40448K)
[188.761s][info][gc,heap        ] GC(134) ParOldGen: 310851K(349696K)->310859K(349696K)
[188.761s][info][gc,metaspace   ] GC(134) Metaspace: 116963K(124864K)->116963K(124864K) NonClass: 99650K(104256K)->99650K(104256K) Class: 17312K(20608K)->17312K(20608K)
[188.761s][info][gc             ] GC(134) Pause Young (Allocation Failure) 394M->324M(455M) 2.132ms
[188.761s][info][gc,cpu         ] GC(134) User=0.00s Sys=0.00s Real=0.00s
[188.766s][info][gc,start       ] GC(135) Pause Young (Allocation Failure)
[188.769s][info][gc,heap        ] GC(135) PSYoungGen: 97176K(116224K)->30775K(116736K) Eden: 75776K(75776K)->0K(75776K) From: 21400K(40448K)->30775K(40960K)
[188.769s][info][gc,heap        ] GC(135) ParOldGen: 310859K(349696K)->310859K(349696K)
[188.769s][info][gc,metaspace   ] GC(135) Metaspace: 117047K(124864K)->117047K(124864K) NonClass: 99704K(104256K)->99704K(104256K) Class: 17342K(20608K)->17342K(20608K)
[188.769s][info][gc             ] GC(135) Pause Young (Allocation Failure) 398M->333M(455M) 3.002ms
[188.770s][info][gc,cpu         ] GC(135) User=0.00s Sys=0.00s Real=0.00s
[188.775s][info][gc,start       ] GC(136) Pause Young (Allocation Failure)
[188.778s][info][gc,heap        ] GC(136) PSYoungGen: 106551K(116736K)->37057K(119296K) Eden: 75775K(75776K)->0K(75776K) From: 30775K(40960K)->37057K(43520K)
[188.778s][info][gc,heap        ] GC(136) ParOldGen: 310859K(349696K)->310859K(349696K)
[188.778s][info][gc,metaspace   ] GC(136) Metaspace: 117209K(124864K)->117209K(124864K) NonClass: 99811K(104256K)->99811K(104256K) Class: 17398K(20608K)->17398K(20608K)
[188.778s][info][gc             ] GC(136) Pause Young (Allocation Failure) 407M->339M(458M) 3.471ms
[188.778s][info][gc,cpu         ] GC(136) User=0.00s Sys=0.00s Real=0.00s
[188.785s][info][gc,start       ] GC(137) Pause Young (Allocation Failure)
[188.789s][info][gc,heap        ] GC(137) PSYoungGen: 112833K(119296K)->41617K(117760K) Eden: 75776K(75776K)->0K(75776K) From: 37057K(43520K)->41617K(41984K)
[188.789s][info][gc,heap        ] GC(137) ParOldGen: 310859K(349696K)->310859K(349696K)
[188.789s][info][gc,metaspace   ] GC(137) Metaspace: 117378K(124864K)->117378K(124864K) NonClass: 99917K(104256K)->99917K(104256K) Class: 17461K(20608K)->17461K(20608K)
[188.789s][info][gc             ] GC(137) Pause Young (Allocation Failure) 413M->344M(456M) 3.518ms
[188.789s][info][gc,cpu         ] GC(137) User=0.00s Sys=0.00s Real=0.00s
[188.795s][info][gc,start       ] GC(138) Pause Young (Allocation Failure)
[188.799s][info][gc,heap        ] GC(138) PSYoungGen: 117393K(117760K)->41841K(113664K) Eden: 75776K(75776K)->0K(60928K) From: 41617K(41984K)->41841K(52736K)
[188.799s][info][gc,heap        ] GC(138) ParOldGen: 310859K(349696K)->310859K(349696K)
[188.799s][info][gc,metaspace   ] GC(138) Metaspace: 117510K(124864K)->117510K(124864K) NonClass: 99993K(104256K)->99993K(104256K) Class: 17516K(20608K)->17516K(20608K)
[188.799s][info][gc             ] GC(138) Pause Young (Allocation Failure) 418M->344M(452M) 4.161ms
[188.799s][info][gc,cpu         ] GC(138) User=0.00s Sys=0.00s Real=0.00s
[188.805s][info][gc,start       ] GC(139) Pause Young (Allocation Failure)
[188.808s][info][gc,heap        ] GC(139) PSYoungGen: 102769K(113664K)->41809K(102912K) Eden: 60928K(60928K)->0K(60928K) From: 41841K(52736K)->41809K(41984K)
[188.808s][info][gc,heap        ] GC(139) ParOldGen: 310859K(349696K)->310859K(349696K)
[188.808s][info][gc,metaspace   ] GC(139) Metaspace: 117523K(124864K)->117523K(124864K) NonClass: 100007K(104256K)->100007K(104256K) Class: 17516K(20608K)->17516K(20608K)
[188.808s][info][gc             ] GC(139) Pause Young (Allocation Failure) 403M->344M(442M) 3.394ms
[188.808s][info][gc,cpu         ] GC(139) User=0.00s Sys=0.00s Real=0.00s
[188.813s][info][gc,start       ] GC(140) Pause Young (Allocation Failure)
[188.816s][info][gc,heap        ] GC(140) PSYoungGen: 102737K(102912K)->41841K(116736K) Eden: 60928K(60928K)->0K(58880K) From: 41809K(41984K)->41841K(57856K)
[188.816s][info][gc,heap        ] GC(140) ParOldGen: 310859K(349696K)->311035K(349696K)
[188.816s][info][gc,metaspace   ] GC(140) Metaspace: 117524K(124864K)->117524K(124864K) NonClass: 100007K(104256K)->100007K(104256K) Class: 17516K(20608K)->17516K(20608K)
[188.816s][info][gc             ] GC(140) Pause Young (Allocation Failure) 403M->344M(455M) 3.413ms
[188.816s][info][gc,cpu         ] GC(140) User=0.00s Sys=0.00s Real=0.00s
[188.823s][info][gc,start       ] GC(141) Pause Young (Allocation Failure)
[188.827s][info][gc,heap        ] GC(141) PSYoungGen: 100721K(116736K)->41681K(116736K) Eden: 58880K(58880K)->0K(58880K) From: 41841K(57856K)->41681K(57856K)
[188.827s][info][gc,heap        ] GC(141) ParOldGen: 311035K(349696K)->311267K(349696K)
[188.827s][info][gc,metaspace   ] GC(141) Metaspace: 117536K(124864K)->117536K(124864K) NonClass: 100020K(104256K)->100020K(104256K) Class: 17516K(20608K)->17516K(20608K)
[188.827s][info][gc             ] GC(141) Pause Young (Allocation Failure) 402M->344M(455M) 3.412ms
[188.827s][info][gc,cpu         ] GC(141) User=0.00s Sys=0.00s Real=0.00s
[188.833s][info][gc,start       ] GC(142) Pause Young (Allocation Failure)
[188.836s][info][gc,heap        ] GC(142) PSYoungGen: 100561K(116736K)->41713K(116736K) Eden: 58880K(58880K)->0K(58880K) From: 41681K(57856K)->41713K(57856K)
[188.836s][info][gc,heap        ] GC(142) ParOldGen: 311267K(349696K)->311483K(349696K)
[188.836s][info][gc,metaspace   ] GC(142) Metaspace: 117577K(124864K)->117577K(124864K) NonClass: 100060K(104256K)->100060K(104256K) Class: 17516K(20608K)->17516K(20608K)
[188.836s][info][gc             ] GC(142) Pause Young (Allocation Failure) 402M->344M(455M) 3.372ms
[188.836s][info][gc,cpu         ] GC(142) User=0.08s Sys=0.00s Real=0.02s
[188.840s][info][gc,start       ] GC(143) Pause Young (Allocation Failure)
[188.843s][info][gc,heap        ] GC(143) PSYoungGen: 100593K(116736K)->41649K(116736K) Eden: 58880K(58880K)->0K(58880K) From: 41713K(57856K)->41649K(57856K)
[188.843s][info][gc,heap        ] GC(143) ParOldGen: 311483K(349696K)->311491K(349696K)
[188.843s][info][gc,metaspace   ] GC(143) Metaspace: 117588K(124864K)->117588K(124864K) NonClass: 100072K(104256K)->100072K(104256K) Class: 17516K(20608K)->17516K(20608K)
[188.843s][info][gc             ] GC(143) Pause Young (Allocation Failure) 402M->344M(455M) 3.261ms
[188.843s][info][gc,cpu         ] GC(143) User=0.00s Sys=0.00s Real=0.00s
[188.848s][info][gc,start       ] GC(144) Pause Young (Allocation Failure)
[188.851s][info][gc,heap        ] GC(144) PSYoungGen: 100529K(116736K)->41777K(116736K) Eden: 58880K(58880K)->0K(58880K) From: 41649K(57856K)->41777K(57856K)
[188.851s][info][gc,heap        ] GC(144) ParOldGen: 311491K(349696K)->311539K(349696K)
[188.851s][info][gc,metaspace   ] GC(144) Metaspace: 117589K(124864K)->117589K(124864K) NonClass: 100072K(104256K)->100072K(104256K) Class: 17516K(20608K)->17516K(20608K)
[188.851s][info][gc             ] GC(144) Pause Young (Allocation Failure) 402M->345M(455M) 3.271ms
[188.851s][info][gc,cpu         ] GC(144) User=0.00s Sys=0.00s Real=0.00s
[188.855s][info][gc,start       ] GC(145) Pause Young (Allocation Failure)
[188.858s][info][gc,heap        ] GC(145) PSYoungGen: 100657K(116736K)->16809K(116736K) Eden: 58880K(58880K)->0K(58880K) From: 41777K(57856K)->16809K(57856K)
[188.858s][info][gc,heap        ] GC(145) ParOldGen: 311539K(349696K)->336619K(349696K)
[188.858s][info][gc,metaspace   ] GC(145) Metaspace: 117590K(124864K)->117590K(124864K) NonClass: 100073K(104256K)->100073K(104256K) Class: 17516K(20608K)->17516K(20608K)
[188.858s][info][gc             ] GC(145) Pause Young (Allocation Failure) 402M->345M(455M) 3.355ms
[188.858s][info][gc,cpu         ] GC(145) User=0.00s Sys=0.00s Real=0.00s
[188.858s][info][gc,start       ] GC(146) Pause Full (Ergonomics)
[188.858s][info][gc,phases,start] GC(146) Marking Phase
[188.883s][info][gc,phases      ] GC(146) Marking Phase 25.046ms
[188.883s][info][gc,phases,start] GC(146) Summary Phase
[188.883s][info][gc,phases      ] GC(146) Summary Phase 0.024ms
[188.883s][info][gc,phases,start] GC(146) Adjust Roots
[188.886s][info][gc,phases      ] GC(146) Adjust Roots 2.626ms
[188.886s][info][gc,phases,start] GC(146) Compaction Phase
[188.894s][info][gc,phases      ] GC(146) Compaction Phase 7.486ms
[188.894s][info][gc,phases,start] GC(146) Post Compact
[188.895s][info][gc,phases      ] GC(146) Post Compact 1.839ms
[188.895s][info][gc,heap        ] GC(146) PSYoungGen: 16809K(116736K)->0K(116736K) Eden: 0K(58880K)->0K(58880K) From: 16809K(57856K)->0K(57856K)
[188.895s][info][gc,heap        ] GC(146) ParOldGen: 336619K(349696K)->347430K(349696K)
[188.895s][info][gc,metaspace   ] GC(146) Metaspace: 117590K(124864K)->117590K(124864K) NonClass: 100073K(104256K)->100073K(104256K) Class: 17516K(20608K)->17516K(20608K)
[188.895s][info][gc             ] GC(146) Pause Full (Ergonomics) 345M->339M(455M) 37.218ms
[188.896s][info][gc,cpu         ] GC(146) User=0.17s Sys=0.00s Real=0.03s
[188.903s][info][gc,start       ] GC(147) Pause Full (Ergonomics)
[188.903s][info][gc,phases,start] GC(147) Marking Phase
[188.928s][info][gc,phases      ] GC(147) Marking Phase 25.482ms
[188.928s][info][gc,phases,start] GC(147) Summary Phase
[188.928s][info][gc,phases      ] GC(147) Summary Phase 0.025ms
[188.928s][info][gc,phases,start] GC(147) Adjust Roots
[188.931s][info][gc,phases      ] GC(147) Adjust Roots 2.676ms
[188.931s][info][gc,phases,start] GC(147) Compaction Phase
[188.951s][info][gc,phases      ] GC(147) Compaction Phase 20.338ms
[188.951s][info][gc,phases,start] GC(147) Post Compact
[188.954s][info][gc,phases      ] GC(147) Post Compact 2.297ms
[188.954s][info][gc,heap        ] GC(147) PSYoungGen: 58880K(116736K)->0K(116736K) Eden: 58880K(58880K)->0K(58880K) From: 0K(57856K)->0K(57856K)
[188.954s][info][gc,heap        ] GC(147) ParOldGen: 347430K(349696K)->346860K(349696K)
[188.954s][info][gc,metaspace   ] GC(147) Metaspace: 117595K(124864K)->117595K(124864K) NonClass: 100078K(104256K)->100078K(104256K) Class: 17516K(20608K)->17516K(20608K)
[188.954s][info][gc             ] GC(147) Pause Full (Ergonomics) 396M->338M(455M) 51.129ms
[188.954s][info][gc,cpu         ] GC(147) User=0.33s Sys=0.00s Real=0.05s
[189.038s][info][gc,start       ] GC(148) Pause Full (Ergonomics)
[189.038s][info][gc,phases,start] GC(148) Marking Phase
[189.066s][info][gc,phases      ] GC(148) Marking Phase 27.978ms
[189.066s][info][gc,phases,start] GC(148) Summary Phase
[189.066s][info][gc,phases      ] GC(148) Summary Phase 0.033ms
[189.066s][info][gc,phases,start] GC(148) Adjust Roots
[189.070s][info][gc,phases      ] GC(148) Adjust Roots 3.800ms
[189.070s][info][gc,phases,start] GC(148) Compaction Phase
[189.090s][info][gc,phases      ] GC(148) Compaction Phase 19.382ms
[189.090s][info][gc,phases,start] GC(148) Post Compact
[189.092s][info][gc,phases      ] GC(148) Post Compact 2.612ms
[189.092s][info][gc,heap        ] GC(148) PSYoungGen: 58880K(116736K)->6664K(116736K) Eden: 58880K(58880K)->6664K(58880K) From: 0K(57856K)->0K(57856K)
[189.093s][info][gc,heap        ] GC(148) ParOldGen: 346860K(349696K)->346206K(349696K)
[189.093s][info][gc,metaspace   ] GC(148) Metaspace: 118702K(124864K)->118702K(124864K) NonClass: 100838K(104256K)->100838K(104256K) Class: 17863K(20608K)->17863K(20608K)
[189.093s][info][gc             ] GC(148) Pause Full (Ergonomics) 396M->344M(455M) 54.259ms
[189.093s][info][gc,cpu         ] GC(148) User=0.38s Sys=0.00s Real=0.05s
[189.099s][info][gc,start       ] GC(149) Pause Full (Ergonomics)
[189.099s][info][gc,phases,start] GC(149) Marking Phase
[189.132s][info][gc,phases      ] GC(149) Marking Phase 33.132ms
[189.132s][info][gc,phases,start] GC(149) Summary Phase
[189.132s][info][gc,phases      ] GC(149) Summary Phase 0.046ms
[189.132s][info][gc,phases,start] GC(149) Adjust Roots
[189.138s][info][gc,phases      ] GC(149) Adjust Roots 6.639ms
[189.139s][info][gc,phases,start] GC(149) Compaction Phase
[189.159s][info][gc,phases      ] GC(149) Compaction Phase 20.453ms
[189.159s][info][gc,phases,start] GC(149) Post Compact
[189.162s][info][gc,phases      ] GC(149) Post Compact 2.631ms
[189.162s][info][gc,heap        ] GC(149) PSYoungGen: 58880K(116736K)->6729K(116736K) Eden: 58880K(58880K)->6729K(58880K) From: 0K(57856K)->0K(57856K)
[189.162s][info][gc,heap        ] GC(149) ParOldGen: 346206K(349696K)->346169K(349696K)
[189.162s][info][gc,metaspace   ] GC(149) Metaspace: 118864K(124864K)->118864K(124864K) NonClass: 100940K(104256K)->100940K(104256K) Class: 17924K(20608K)->17924K(20608K)
[189.162s][info][gc             ] GC(149) Pause Full (Ergonomics) 395M->344M(455M) 63.366ms
[189.162s][info][gc,cpu         ] GC(149) User=0.48s Sys=0.00s Real=0.06s
[189.167s][info][gc,start       ] GC(150) Pause Full (Ergonomics)
[189.167s][info][gc,phases,start] GC(150) Marking Phase
[189.194s][info][gc,phases      ] GC(150) Marking Phase 26.440ms
[189.194s][info][gc,phases,start] GC(150) Summary Phase
[189.194s][info][gc,phases      ] GC(150) Summary Phase 0.019ms
[189.194s][info][gc,phases,start] GC(150) Adjust Roots
[189.196s][info][gc,phases      ] GC(150) Adjust Roots 2.770ms
[189.196s][info][gc,phases,start] GC(150) Compaction Phase
[189.215s][info][gc,phases      ] GC(150) Compaction Phase 18.073ms
[189.215s][info][gc,phases,start] GC(150) Post Compact
[189.217s][info][gc,phases      ] GC(150) Post Compact 2.070ms
[189.217s][info][gc,heap        ] GC(150) PSYoungGen: 58880K(116736K)->12964K(116736K) Eden: 58880K(58880K)->12964K(58880K) From: 0K(57856K)->0K(57856K)
[189.217s][info][gc,heap        ] GC(150) ParOldGen: 346169K(349696K)->346161K(349696K)
[189.217s][info][gc,metaspace   ] GC(150) Metaspace: 118896K(124864K)->118896K(124864K) NonClass: 100963K(104256K)->100963K(104256K) Class: 17933K(20608K)->17933K(20608K)
[189.217s][info][gc             ] GC(150) Pause Full (Ergonomics) 395M->350M(455M) 49.700ms
[189.217s][info][gc,cpu         ] GC(150) User=0.47s Sys=0.00s Real=0.05s
[189.221s][info][gc,start       ] GC(151) Pause Full (Ergonomics)
[189.221s][info][gc,phases,start] GC(151) Marking Phase
[189.251s][info][gc,phases      ] GC(151) Marking Phase 30.519ms
[189.251s][info][gc,phases,start] GC(151) Summary Phase
[189.251s][info][gc,phases      ] GC(151) Summary Phase 0.049ms
[189.251s][info][gc,phases,start] GC(151) Adjust Roots
[189.255s][info][gc,phases      ] GC(151) Adjust Roots 3.604ms
[189.255s][info][gc,phases,start] GC(151) Compaction Phase
[189.275s][info][gc,phases      ] GC(151) Compaction Phase 19.674ms
[189.275s][info][gc,phases,start] GC(151) Post Compact
[189.277s][info][gc,phases      ] GC(151) Post Compact 2.444ms
[189.277s][info][gc,heap        ] GC(151) PSYoungGen: 54126K(116736K)->13087K(116736K) Eden: 54126K(58880K)->13087K(58880K) From: 0K(57856K)->0K(57856K)
[189.277s][info][gc,heap        ] GC(151) ParOldGen: 346161K(349696K)->349285K(349696K)
[189.277s][info][gc,metaspace   ] GC(151) Metaspace: 118995K(124864K)->118995K(124864K) NonClass: 101023K(104256K)->101023K(104256K) Class: 17971K(20608K)->17971K(20608K)
[189.277s][info][gc             ] GC(151) Pause Full (Ergonomics) 390M->353M(455M) 56.749ms
[189.277s][info][gc,cpu         ] GC(151) User=0.33s Sys=0.00s Real=0.05s
[189.294s][info][gc,start       ] GC(152) Pause Full (Ergonomics)
[189.294s][info][gc,phases,start] GC(152) Marking Phase
[189.330s][info][gc,phases      ] GC(152) Marking Phase 35.426ms
[189.330s][info][gc,phases,start] GC(152) Summary Phase
[189.330s][info][gc,phases      ] GC(152) Summary Phase 0.019ms
[189.330s][info][gc,phases,start] GC(152) Adjust Roots
[189.332s][info][gc,phases      ] GC(152) Adjust Roots 2.766ms
[189.333s][info][gc,phases,start] GC(152) Compaction Phase
[189.339s][info][gc,phases      ] GC(152) Compaction Phase 6.493ms
[189.339s][info][gc,phases,start] GC(152) Post Compact
[189.341s][info][gc,phases      ] GC(152) Post Compact 2.225ms
[189.341s][info][gc,heap        ] GC(152) PSYoungGen: 54296K(116736K)->31603K(116736K) Eden: 54296K(58880K)->31603K(58880K) From: 0K(57856K)->0K(57856K)
[189.341s][info][gc,heap        ] GC(152) ParOldGen: 349285K(349696K)->346160K(349696K)
[189.341s][info][gc,metaspace   ] GC(152) Metaspace: 119007K(124864K)->119007K(124864K) NonClass: 101034K(104256K)->101034K(104256K) Class: 17972K(20608K)->17972K(20608K)
[189.341s][info][gc             ] GC(152) Pause Full (Ergonomics) 394M->368M(455M) 47.300ms
[189.341s][info][gc,cpu         ] GC(152) User=0.17s Sys=0.02s Real=0.05s
[189.358s][info][gc,start       ] GC(153) Pause Full (Ergonomics)
[189.358s][info][gc,phases,start] GC(153) Marking Phase
[189.390s][info][gc,phases      ] GC(153) Marking Phase 32.599ms
[189.390s][info][gc,phases,start] GC(153) Summary Phase
[189.390s][info][gc,phases      ] GC(153) Summary Phase 0.019ms
[189.390s][info][gc,phases,start] GC(153) Adjust Roots
[189.393s][info][gc,phases      ] GC(153) Adjust Roots 2.852ms
[189.393s][info][gc,phases,start] GC(153) Compaction Phase
[189.406s][info][gc,phases      ] GC(153) Compaction Phase 12.510ms
[189.406s][info][gc,phases,start] GC(153) Post Compact
[189.408s][info][gc,phases      ] GC(153) Post Compact 2.216ms
[189.408s][info][gc,heap        ] GC(153) PSYoungGen: 58880K(116736K)->44125K(116736K) Eden: 58880K(58880K)->44125K(58880K) From: 0K(57856K)->0K(57856K)
[189.408s][info][gc,heap        ] GC(153) ParOldGen: 346160K(349696K)->349465K(349696K)
[189.408s][info][gc,metaspace   ] GC(153) Metaspace: 119025K(124864K)->119025K(124864K) NonClass: 101050K(104256K)->101050K(104256K) Class: 17975K(20608K)->17975K(20608K)
[189.408s][info][gc             ] GC(153) Pause Full (Ergonomics) 395M->384M(455M) 50.526ms
[189.408s][info][gc,cpu         ] GC(153) User=0.20s Sys=0.00s Real=0.05s
[189.420s][info][gc,start       ] GC(154) Pause Full (Ergonomics)
[189.420s][info][gc,phases,start] GC(154) Marking Phase
[189.455s][info][gc,phases      ] GC(154) Marking Phase 34.849ms
[189.455s][info][gc,phases,start] GC(154) Summary Phase
[189.455s][info][gc,phases      ] GC(154) Summary Phase 0.019ms
[189.455s][info][gc,phases,start] GC(154) Adjust Roots
[189.458s][info][gc,phases      ] GC(154) Adjust Roots 2.775ms
[189.458s][info][gc,phases,start] GC(154) Compaction Phase
[189.465s][info][gc,phases      ] GC(154) Compaction Phase 7.192ms
[189.465s][info][gc,phases,start] GC(154) Post Compact
[189.467s][info][gc,phases      ] GC(154) Post Compact 2.086ms
[189.467s][info][gc,heap        ] GC(154) PSYoungGen: 53706K(116736K)->37882K(116736K) Eden: 53706K(58880K)->37882K(58880K) From: 0K(57856K)->0K(57856K)
[189.467s][info][gc,heap        ] GC(154) ParOldGen: 349465K(349696K)->346359K(349696K)
[189.467s][info][gc,metaspace   ] GC(154) Metaspace: 119070K(124864K)->119070K(124864K) NonClass: 101078K(104256K)->101078K(104256K) Class: 17992K(20608K)->17992K(20608K)
[189.467s][info][gc             ] GC(154) Pause Full (Ergonomics) 393M->375M(455M) 47.274ms
[189.468s][info][gc,cpu         ] GC(154) User=0.19s Sys=0.00s Real=0.05s
[189.484s][info][gc,start       ] GC(155) Pause Full (Ergonomics)
[189.484s][info][gc,phases,start] GC(155) Marking Phase
[189.517s][info][gc,phases      ] GC(155) Marking Phase 33.187ms
[189.517s][info][gc,phases,start] GC(155) Summary Phase
[189.517s][info][gc,phases      ] GC(155) Summary Phase 0.019ms
[189.517s][info][gc,phases,start] GC(155) Adjust Roots
[189.520s][info][gc,phases      ] GC(155) Adjust Roots 2.806ms
[189.520s][info][gc,phases,start] GC(155) Compaction Phase
[189.529s][info][gc,phases      ] GC(155) Compaction Phase 9.424ms
[189.529s][info][gc,phases,start] GC(155) Post Compact
[189.532s][info][gc,phases      ] GC(155) Post Compact 2.601ms
[189.532s][info][gc,heap        ] GC(155) PSYoungGen: 55806K(116736K)->37708K(116736K) Eden: 55806K(58880K)->37708K(58880K) From: 0K(57856K)->0K(57856K)
[189.532s][info][gc,heap        ] GC(155) ParOldGen: 346359K(349696K)->346359K(349696K)
[189.532s][info][gc,metaspace   ] GC(155) Metaspace: 119077K(124864K)->119077K(124864K) NonClass: 101080K(104256K)->101080K(104256K) Class: 17997K(20608K)->17997K(20608K)
[189.532s][info][gc             ] GC(155) Pause Full (Ergonomics) 392M->375M(455M) 48.447ms
[189.532s][info][gc,cpu         ] GC(155) User=0.19s Sys=0.00s Real=0.05s
[189.537s][info][gc,start       ] GC(156) Pause Full (Ergonomics)
[189.537s][info][gc,phases,start] GC(156) Marking Phase
[189.567s][info][gc,phases      ] GC(156) Marking Phase 30.135ms
[189.567s][info][gc,phases,start] GC(156) Summary Phase
[189.567s][info][gc,phases      ] GC(156) Summary Phase 0.020ms
[189.567s][info][gc,phases,start] GC(156) Adjust Roots
[189.570s][info][gc,phases      ] GC(156) Adjust Roots 2.854ms
[189.570s][info][gc,phases,start] GC(156) Compaction Phase
[189.584s][info][gc,phases      ] GC(156) Compaction Phase 13.452ms
[189.584s][info][gc,phases,start] GC(156) Post Compact
[189.586s][info][gc,phases      ] GC(156) Post Compact 2.317ms
[189.586s][info][gc,heap        ] GC(156) PSYoungGen: 58880K(116736K)->37846K(116736K) Eden: 58880K(58880K)->37846K(58880K) From: 0K(57856K)->0K(57856K)
[189.586s][info][gc,heap        ] GC(156) ParOldGen: 346359K(349696K)->346363K(349696K)
[189.586s][info][gc,metaspace   ] GC(156) Metaspace: 119079K(124864K)->119079K(124864K) NonClass: 101082K(104256K)->101082K(104256K) Class: 17997K(20608K)->17997K(20608K)
[189.586s][info][gc             ] GC(156) Pause Full (Ergonomics) 395M->375M(455M) 49.190ms
[189.586s][info][gc,cpu         ] GC(156) User=0.22s Sys=0.00s Real=0.05s
[189.591s][info][gc,start       ] GC(157) Pause Full (Ergonomics)
[189.591s][info][gc,phases,start] GC(157) Marking Phase
[189.624s][info][gc,phases      ] GC(157) Marking Phase 33.197ms
[189.624s][info][gc,phases,start] GC(157) Summary Phase
[189.624s][info][gc,phases      ] GC(157) Summary Phase 0.021ms
[189.624s][info][gc,phases,start] GC(157) Adjust Roots
[189.627s][info][gc,phases      ] GC(157) Adjust Roots 2.913ms
[189.627s][info][gc,phases,start] GC(157) Compaction Phase
[189.642s][info][gc,phases      ] GC(157) Compaction Phase 14.955ms
[189.642s][info][gc,phases,start] GC(157) Post Compact
[189.644s][info][gc,phases      ] GC(157) Post Compact 2.230ms
[189.644s][info][gc,heap        ] GC(157) PSYoungGen: 58880K(116736K)->38094K(116736K) Eden: 58880K(58880K)->38094K(58880K) From: 0K(57856K)->0K(57856K)
[189.644s][info][gc,heap        ] GC(157) ParOldGen: 346363K(349696K)->346363K(349696K)
[189.644s][info][gc,metaspace   ] GC(157) Metaspace: 119079K(124864K)->119079K(124864K) NonClass: 101082K(104256K)->101082K(104256K) Class: 17997K(20608K)->17997K(20608K)
[189.644s][info][gc             ] GC(157) Pause Full (Ergonomics) 395M->375M(455M) 53.700ms
[189.644s][info][gc,cpu         ] GC(157) User=0.30s Sys=0.02s Real=0.05s
[189.661s][info][gc,start       ] GC(158) Pause Full (Ergonomics)
[189.661s][info][gc,phases,start] GC(158) Marking Phase
[189.703s][info][gc,phases      ] GC(158) Marking Phase 42.180ms
[189.703s][info][gc,phases,start] GC(158) Summary Phase
[189.703s][info][gc,phases      ] GC(158) Summary Phase 0.043ms
[189.703s][info][gc,phases,start] GC(158) Adjust Roots
[189.706s][info][gc,phases      ] GC(158) Adjust Roots 3.498ms
[189.706s][info][gc,phases,start] GC(158) Compaction Phase
[189.723s][info][gc,phases      ] GC(158) Compaction Phase 16.161ms
[189.723s][info][gc,phases,start] GC(158) Post Compact
[189.725s][info][gc,phases      ] GC(158) Post Compact 2.630ms
[189.725s][info][gc,heap        ] GC(158) PSYoungGen: 58880K(116736K)->44410K(116736K) Eden: 58880K(58880K)->44410K(58880K) From: 0K(57856K)->0K(57856K)
[189.725s][info][gc,heap        ] GC(158) ParOldGen: 346363K(349696K)->346363K(349696K)
[189.725s][info][gc,metaspace   ] GC(158) Metaspace: 119080K(124864K)->119080K(124864K) NonClass: 101083K(104256K)->101083K(104256K) Class: 17997K(20608K)->17997K(20608K)
[189.726s][info][gc             ] GC(158) Pause Full (Ergonomics) 395M->381M(455M) 64.931ms
[189.726s][info][gc,cpu         ] GC(158) User=0.48s Sys=0.00s Real=0.06s
[189.730s][info][gc,start       ] GC(159) Pause Full (Ergonomics)
[189.730s][info][gc,phases,start] GC(159) Marking Phase
[189.771s][info][gc,phases      ] GC(159) Marking Phase 41.522ms
[189.771s][info][gc,phases,start] GC(159) Summary Phase
[189.771s][info][gc,phases      ] GC(159) Summary Phase 0.032ms
[189.771s][info][gc,phases,start] GC(159) Adjust Roots
[189.775s][info][gc,phases      ] GC(159) Adjust Roots 3.604ms
[189.775s][info][gc,phases,start] GC(159) Compaction Phase
[189.789s][info][gc,phases      ] GC(159) Compaction Phase 13.774ms
[189.789s][info][gc,phases,start] GC(159) Post Compact
[189.791s][info][gc,phases      ] GC(159) Post Compact 2.554ms
[189.792s][info][gc,heap        ] GC(159) PSYoungGen: 58880K(116736K)->38256K(116736K) Eden: 58880K(58880K)->38256K(58880K) From: 0K(57856K)->0K(57856K)
[189.792s][info][gc,heap        ] GC(159) ParOldGen: 346363K(349696K)->349488K(349696K)
[189.792s][info][gc,metaspace   ] GC(159) Metaspace: 119087K(124864K)->119087K(124864K) NonClass: 101089K(104256K)->101089K(104256K) Class: 17997K(20608K)->17997K(20608K)
[189.792s][info][gc             ] GC(159) Pause Full (Ergonomics) 395M->378M(455M) 61.885ms
[189.792s][info][gc,cpu         ] GC(159) User=0.38s Sys=0.00s Real=0.06s
[189.796s][info][gc,start       ] GC(160) Pause Full (Ergonomics)
[189.796s][info][gc,phases,start] GC(160) Marking Phase
[189.835s][info][gc,phases      ] GC(160) Marking Phase 38.358ms
[189.835s][info][gc,phases,start] GC(160) Summary Phase
[189.835s][info][gc,phases      ] GC(160) Summary Phase 0.045ms
[189.835s][info][gc,phases,start] GC(160) Adjust Roots
[189.839s][info][gc,phases      ] GC(160) Adjust Roots 3.580ms
[189.839s][info][gc,phases,start] GC(160) Compaction Phase
[189.850s][info][gc,phases      ] GC(160) Compaction Phase 10.923ms
[189.850s][info][gc,phases,start] GC(160) Post Compact
[189.852s][info][gc,phases      ] GC(160) Post Compact 2.545ms
[189.852s][info][gc,heap        ] GC(160) PSYoungGen: 58880K(116736K)->38241K(116736K) Eden: 58880K(58880K)->38241K(58880K) From: 0K(57856K)->0K(57856K)
[189.852s][info][gc,heap        ] GC(160) ParOldGen: 349488K(349696K)->349488K(349696K)
[189.852s][info][gc,metaspace   ] GC(160) Metaspace: 119087K(124864K)->119087K(124864K) NonClass: 101089K(104256K)->101089K(104256K) Class: 17997K(20608K)->17997K(20608K)
[189.852s][info][gc             ] GC(160) Pause Full (Ergonomics) 398M->378M(455M) 55.861ms
[189.852s][info][gc,cpu         ] GC(160) User=0.38s Sys=0.00s Real=0.06s
[189.859s][info][gc,start       ] GC(161) Pause Full (Ergonomics)
[189.859s][info][gc,phases,start] GC(161) Marking Phase
[189.898s][info][gc,phases      ] GC(161) Marking Phase 39.134ms
[189.898s][info][gc,phases,start] GC(161) Summary Phase
[189.898s][info][gc,phases      ] GC(161) Summary Phase 0.043ms
[189.898s][info][gc,phases,start] GC(161) Adjust Roots
[189.901s][info][gc,phases      ] GC(161) Adjust Roots 2.940ms
[189.901s][info][gc,phases,start] GC(161) Compaction Phase
[189.916s][info][gc,phases      ] GC(161) Compaction Phase 14.568ms
[189.916s][info][gc,phases,start] GC(161) Post Compact
[189.918s][info][gc,phases      ] GC(161) Post Compact 2.513ms
[189.918s][info][gc,heap        ] GC(161) PSYoungGen: 58880K(116736K)->38246K(116736K) Eden: 58880K(58880K)->38246K(58880K) From: 0K(57856K)->0K(57856K)
[189.919s][info][gc,heap        ] GC(161) ParOldGen: 349488K(349696K)->349488K(349696K)
[189.919s][info][gc,metaspace   ] GC(161) Metaspace: 119087K(124864K)->119087K(124864K) NonClass: 101089K(104256K)->101089K(104256K) Class: 17997K(20608K)->17997K(20608K)
[189.919s][info][gc             ] GC(161) Pause Full (Ergonomics) 398M->378M(455M) 59.615ms
[189.919s][info][gc,cpu         ] GC(161) User=0.39s Sys=0.00s Real=0.06s
[189.925s][info][gc,start       ] GC(162) Pause Full (Ergonomics)
[189.925s][info][gc,phases,start] GC(162) Marking Phase
[189.957s][info][gc,phases      ] GC(162) Marking Phase 31.547ms
[189.957s][info][gc,phases,start] GC(162) Summary Phase
[189.957s][info][gc,phases      ] GC(162) Summary Phase 0.018ms
[189.957s][info][gc,phases,start] GC(162) Adjust Roots
[189.960s][info][gc,phases      ] GC(162) Adjust Roots 2.830ms
[189.960s][info][gc,phases,start] GC(162) Compaction Phase
[189.976s][info][gc,phases      ] GC(162) Compaction Phase 16.627ms
[189.976s][info][gc,phases,start] GC(162) Post Compact
[189.979s][info][gc,phases      ] GC(162) Post Compact 2.523ms
[189.979s][info][gc,heap        ] GC(162) PSYoungGen: 58879K(116736K)->38350K(116736K) Eden: 58879K(58880K)->38350K(58880K) From: 0K(57856K)->0K(57856K)
[189.979s][info][gc,heap        ] GC(162) ParOldGen: 349488K(349696K)->349488K(349696K)
[189.979s][info][gc,metaspace   ] GC(162) Metaspace: 119087K(124864K)->119087K(124864K) NonClass: 101089K(104256K)->101089K(104256K) Class: 17997K(20608K)->17997K(20608K)
[189.979s][info][gc             ] GC(162) Pause Full (Ergonomics) 398M->378M(455M) 53.922ms
[189.979s][info][gc,cpu         ] GC(162) User=0.52s Sys=0.02s Real=0.06s
[189.986s][info][gc,start       ] GC(163) Pause Full (Ergonomics)
[189.986s][info][gc,phases,start] GC(163) Marking Phase
[190.021s][info][gc,phases      ] GC(163) Marking Phase 35.165ms
[190.021s][info][gc,phases,start] GC(163) Summary Phase
[190.021s][info][gc,phases      ] GC(163) Summary Phase 0.020ms
[190.021s][info][gc,phases,start] GC(163) Adjust Roots
[190.024s][info][gc,phases      ] GC(163) Adjust Roots 2.894ms
[190.024s][info][gc,phases,start] GC(163) Compaction Phase
[190.038s][info][gc,phases      ] GC(163) Compaction Phase 14.456ms
[190.038s][info][gc,phases,start] GC(163) Post Compact
[190.041s][info][gc,phases      ] GC(163) Post Compact 2.271ms
[190.041s][info][gc,heap        ] GC(163) PSYoungGen: 58880K(116736K)->38368K(116736K) Eden: 58880K(58880K)->38368K(58880K) From: 0K(57856K)->0K(57856K)
[190.041s][info][gc,heap        ] GC(163) ParOldGen: 349488K(349696K)->349488K(349696K)
[190.041s][info][gc,metaspace   ] GC(163) Metaspace: 119087K(124864K)->119087K(124864K) NonClass: 101089K(104256K)->101089K(104256K) Class: 17997K(20608K)->17997K(20608K)
[190.041s][info][gc             ] GC(163) Pause Full (Ergonomics) 398M->378M(455M) 55.135ms
[190.041s][info][gc,cpu         ] GC(163) User=0.50s Sys=0.00s Real=0.05s
[190.046s][info][gc,start       ] GC(164) Pause Full (Ergonomics)
[190.046s][info][gc,phases,start] GC(164) Marking Phase
[190.081s][info][gc,phases      ] GC(164) Marking Phase 35.201ms
[190.081s][info][gc,phases,start] GC(164) Summary Phase
[190.081s][info][gc,phases      ] GC(164) Summary Phase 0.020ms
[190.081s][info][gc,phases,start] GC(164) Adjust Roots
[190.084s][info][gc,phases      ] GC(164) Adjust Roots 3.086ms
[190.085s][info][gc,phases,start] GC(164) Compaction Phase
[190.093s][info][gc,phases      ] GC(164) Compaction Phase 8.329ms
[190.093s][info][gc,phases,start] GC(164) Post Compact
[190.095s][info][gc,phases      ] GC(164) Post Compact 2.271ms
[190.095s][info][gc,heap        ] GC(164) PSYoungGen: 58880K(116736K)->38349K(116736K) Eden: 58880K(58880K)->38349K(58880K) From: 0K(57856K)->0K(57856K)
[190.095s][info][gc,heap        ] GC(164) ParOldGen: 349488K(349696K)->349487K(349696K)
[190.095s][info][gc,metaspace   ] GC(164) Metaspace: 119092K(124864K)->119092K(124864K) NonClass: 101095K(104256K)->101095K(104256K) Class: 17997K(20608K)->17997K(20608K)
[190.095s][info][gc             ] GC(164) Pause Full (Ergonomics) 398M->378M(455M) 49.215ms
[190.095s][info][gc,cpu         ] GC(164) User=0.52s Sys=0.00s Real=0.05s
[190.098s][info][gc,start       ] GC(165) Pause Full (Ergonomics)
[190.098s][info][gc,phases,start] GC(165) Marking Phase
[190.131s][info][gc,phases      ] GC(165) Marking Phase 33.226ms
[190.131s][info][gc,phases,start] GC(165) Summary Phase
[190.132s][info][gc,phases      ] GC(165) Summary Phase 0.047ms
[190.132s][info][gc,phases,start] GC(165) Adjust Roots
[190.135s][info][gc,phases      ] GC(165) Adjust Roots 3.276ms
[190.135s][info][gc,phases,start] GC(165) Compaction Phase
[190.146s][info][gc,phases      ] GC(165) Compaction Phase 10.857ms
[190.146s][info][gc,phases,start] GC(165) Post Compact
[190.148s][info][gc,phases      ] GC(165) Post Compact 2.309ms
[190.148s][info][gc,heap        ] GC(165) PSYoungGen: 58880K(116736K)->38369K(116736K) Eden: 58880K(58880K)->38369K(58880K) From: 0K(57856K)->0K(57856K)
[190.148s][info][gc,heap        ] GC(165) ParOldGen: 349487K(349696K)->349487K(349696K)
[190.148s][info][gc,metaspace   ] GC(165) Metaspace: 119101K(124864K)->119101K(124864K) NonClass: 101104K(104256K)->101104K(104256K) Class: 17997K(20608K)->17997K(20608K)
[190.148s][info][gc             ] GC(165) Pause Full (Ergonomics) 398M->378M(455M) 50.108ms
[190.148s][info][gc,cpu         ] GC(165) User=0.28s Sys=0.02s Real=0.05s
[190.151s][info][gc,start       ] GC(166) Pause Full (Ergonomics)
[190.151s][info][gc,phases,start] GC(166) Marking Phase
[190.182s][info][gc,phases      ] GC(166) Marking Phase 31.116ms
[190.182s][info][gc,phases,start] GC(166) Summary Phase
[190.182s][info][gc,phases      ] GC(166) Summary Phase 0.023ms
[190.182s][info][gc,phases,start] GC(166) Adjust Roots
[190.186s][info][gc,phases      ] GC(166) Adjust Roots 3.382ms
[190.186s][info][gc,phases,start] GC(166) Compaction Phase
[190.199s][info][gc,phases      ] GC(166) Compaction Phase 13.185ms
[190.199s][info][gc,phases,start] GC(166) Post Compact
[190.201s][info][gc,phases      ] GC(166) Post Compact 2.145ms
[190.201s][info][gc,heap        ] GC(166) PSYoungGen: 58880K(116736K)->38364K(116736K) Eden: 58880K(58880K)->38364K(58880K) From: 0K(57856K)->0K(57856K)
[190.201s][info][gc,heap        ] GC(166) ParOldGen: 349487K(349696K)->349487K(349696K)
[190.201s][info][gc,metaspace   ] GC(166) Metaspace: 119106K(124864K)->119106K(124864K) NonClass: 101109K(104256K)->101109K(104256K) Class: 17997K(20608K)->17997K(20608K)
[190.201s][info][gc             ] GC(166) Pause Full (Ergonomics) 398M->378M(455M) 50.118ms
[190.201s][info][gc,cpu         ] GC(166) User=0.50s Sys=0.00s Real=0.05s
[190.205s][info][gc,start       ] GC(167) Pause Full (Ergonomics)
[190.205s][info][gc,phases,start] GC(167) Marking Phase
[190.245s][info][gc,phases      ] GC(167) Marking Phase 39.725ms
[190.245s][info][gc,phases,start] GC(167) Summary Phase
[190.245s][info][gc,phases      ] GC(167) Summary Phase 0.038ms
[190.245s][info][gc,phases,start] GC(167) Adjust Roots
[190.251s][info][gc,phases      ] GC(167) Adjust Roots 6.553ms
[190.251s][info][gc,phases,start] GC(167) Compaction Phase
[190.266s][info][gc,phases      ] GC(167) Compaction Phase 14.342ms
[190.266s][info][gc,phases,start] GC(167) Post Compact
[190.268s][info][gc,phases      ] GC(167) Post Compact 2.322ms
[190.268s][info][gc,heap        ] GC(167) PSYoungGen: 58880K(116736K)->38396K(116736K) Eden: 58880K(58880K)->38396K(58880K) From: 0K(57856K)->0K(57856K)
[190.268s][info][gc,heap        ] GC(167) ParOldGen: 349487K(349696K)->349487K(349696K)
[190.268s][info][gc,metaspace   ] GC(167) Metaspace: 119114K(124864K)->119114K(124864K) NonClass: 101117K(104256K)->101117K(104256K) Class: 17997K(20608K)->17997K(20608K)
[190.268s][info][gc             ] GC(167) Pause Full (Ergonomics) 398M->378M(455M) 63.403ms
[190.268s][info][gc,cpu         ] GC(167) User=0.36s Sys=0.00s Real=0.06s
[190.272s][info][gc,start       ] GC(168) Pause Full (Ergonomics)
[190.272s][info][gc,phases,start] GC(168) Marking Phase
[190.319s][info][gc,phases      ] GC(168) Marking Phase 47.102ms
[190.319s][info][gc,phases,start] GC(168) Summary Phase
[190.319s][info][gc,phases      ] GC(168) Summary Phase 0.047ms
[190.319s][info][gc,phases,start] GC(168) Adjust Roots
[190.323s][info][gc,phases      ] GC(168) Adjust Roots 3.329ms
[190.323s][info][gc,phases,start] GC(168) Compaction Phase
[190.339s][info][gc,phases      ] GC(168) Compaction Phase 16.515ms
[190.339s][info][gc,phases,start] GC(168) Post Compact
[190.342s][info][gc,phases      ] GC(168) Post Compact 2.344ms
[190.342s][info][gc,heap        ] GC(168) PSYoungGen: 58880K(116736K)->38429K(116736K) Eden: 58880K(58880K)->38429K(58880K) From: 0K(57856K)->0K(57856K)
[190.342s][info][gc,heap        ] GC(168) ParOldGen: 349487K(349696K)->349487K(349696K)
[190.342s][info][gc,metaspace   ] GC(168) Metaspace: 119120K(124864K)->119120K(124864K) NonClass: 101123K(104256K)->101123K(104256K) Class: 17997K(20608K)->17997K(20608K)
[190.342s][info][gc             ] GC(168) Pause Full (Ergonomics) 398M->378M(455M) 69.749ms
[190.342s][info][gc,cpu         ] GC(168) User=0.39s Sys=0.00s Real=0.06s
[190.346s][info][gc,start       ] GC(169) Pause Full (Ergonomics)
[190.346s][info][gc,phases,start] GC(169) Marking Phase
[190.376s][info][gc,phases      ] GC(169) Marking Phase 30.498ms
[190.376s][info][gc,phases,start] GC(169) Summary Phase
[190.376s][info][gc,phases      ] GC(169) Summary Phase 0.020ms
[190.376s][info][gc,phases,start] GC(169) Adjust Roots
[190.379s][info][gc,phases      ] GC(169) Adjust Roots 2.878ms
[190.379s][info][gc,phases,start] GC(169) Compaction Phase
[190.386s][info][gc,phases      ] GC(169) Compaction Phase 6.976ms
[190.386s][info][gc,phases,start] GC(169) Post Compact
[190.388s][info][gc,phases      ] GC(169) Post Compact 2.185ms
[190.389s][info][gc,heap        ] GC(169) PSYoungGen: 58880K(116736K)->38483K(116736K) Eden: 58880K(58880K)->38483K(58880K) From: 0K(57856K)->0K(57856K)
[190.389s][info][gc,heap        ] GC(169) ParOldGen: 349487K(349696K)->349409K(349696K)
[190.389s][info][gc,metaspace   ] GC(169) Metaspace: 119129K(124864K)->119129K(124864K) NonClass: 101131K(104256K)->101131K(104256K) Class: 17997K(20608K)->17997K(20608K)
[190.389s][info][gc             ] GC(169) Pause Full (Ergonomics) 398M->378M(455M) 42.886ms
[190.389s][info][gc,cpu         ] GC(169) User=0.19s Sys=0.00s Real=0.03s
[190.391s][info][gc,start       ] GC(170) Pause Full (Ergonomics)
[190.391s][info][gc,phases,start] GC(170) Marking Phase
[190.421s][info][gc,phases      ] GC(170) Marking Phase 29.648ms
[190.421s][info][gc,phases,start] GC(170) Summary Phase
[190.421s][info][gc,phases      ] GC(170) Summary Phase 0.019ms
[190.421s][info][gc,phases,start] GC(170) Adjust Roots
[190.424s][info][gc,phases      ] GC(170) Adjust Roots 2.952ms
[190.424s][info][gc,phases,start] GC(170) Compaction Phase
[190.433s][info][gc,phases      ] GC(170) Compaction Phase 8.841ms
[190.433s][info][gc,phases,start] GC(170) Post Compact
[190.435s][info][gc,phases      ] GC(170) Post Compact 2.044ms
[190.435s][info][gc,heap        ] GC(170) PSYoungGen: 58880K(116736K)->42561K(116736K) Eden: 58880K(58880K)->42561K(58880K) From: 0K(57856K)->0K(57856K)
[190.435s][info][gc,heap        ] GC(170) ParOldGen: 349409K(349696K)->349409K(349696K)
[190.435s][info][gc,metaspace   ] GC(170) Metaspace: 119129K(124864K)->119129K(124864K) NonClass: 101131K(104256K)->101131K(104256K) Class: 17997K(20608K)->17997K(20608K)
[190.435s][info][gc             ] GC(170) Pause Full (Ergonomics) 398M->382M(455M) 43.781ms
[190.435s][info][gc,cpu         ] GC(170) User=0.17s Sys=0.00s Real=0.03s
[190.437s][info][gc,start       ] GC(171) Pause Full (Ergonomics)
[190.437s][info][gc,phases,start] GC(171) Marking Phase
[190.466s][info][gc,phases      ] GC(171) Marking Phase 29.315ms
[190.467s][info][gc,phases,start] GC(171) Summary Phase
[190.467s][info][gc,phases      ] GC(171) Summary Phase 0.021ms
[190.467s][info][gc,phases,start] GC(171) Adjust Roots
[190.470s][info][gc,phases      ] GC(171) Adjust Roots 2.959ms
[190.470s][info][gc,phases,start] GC(171) Compaction Phase
[190.484s][info][gc,phases      ] GC(171) Compaction Phase 14.512ms
[190.484s][info][gc,phases,start] GC(171) Post Compact
[190.486s][info][gc,phases      ] GC(171) Post Compact 2.235ms
[190.486s][info][gc,heap        ] GC(171) PSYoungGen: 58880K(116736K)->40404K(116736K) Eden: 58880K(58880K)->40404K(58880K) From: 0K(57856K)->0K(57856K)
[190.486s][info][gc,heap        ] GC(171) ParOldGen: 349409K(349696K)->349409K(349696K)
[190.486s][info][gc,metaspace   ] GC(171) Metaspace: 119129K(124864K)->119129K(124864K) NonClass: 101132K(104256K)->101132K(104256K) Class: 17997K(20608K)->17997K(20608K)
[190.486s][info][gc             ] GC(171) Pause Full (Ergonomics) 398M->380M(455M) 49.333ms
[190.486s][info][gc,cpu         ] GC(171) User=0.20s Sys=0.00s Real=0.05s
[190.489s][info][gc,start       ] GC(172) Pause Full (Ergonomics)
[190.490s][info][gc,phases,start] GC(172) Marking Phase
[190.519s][info][gc,phases      ] GC(172) Marking Phase 29.148ms
[190.519s][info][gc,phases,start] GC(172) Summary Phase
[190.519s][info][gc,phases      ] GC(172) Summary Phase 0.019ms
[190.519s][info][gc,phases,start] GC(172) Adjust Roots
[190.522s][info][gc,phases      ] GC(172) Adjust Roots 2.930ms
[190.522s][info][gc,phases,start] GC(172) Compaction Phase
[190.536s][info][gc,phases      ] GC(172) Compaction Phase 14.543ms
[190.536s][info][gc,phases,start] GC(172) Post Compact
[190.539s][info][gc,phases      ] GC(172) Post Compact 2.324ms
[190.539s][info][gc,heap        ] GC(172) PSYoungGen: 58880K(116736K)->36606K(116736K) Eden: 58880K(58880K)->36606K(58880K) From: 0K(57856K)->0K(57856K)
[190.539s][info][gc,heap        ] GC(172) ParOldGen: 349409K(349696K)->349406K(349696K)
[190.539s][info][gc,metaspace   ] GC(172) Metaspace: 119131K(124864K)->119131K(124864K) NonClass: 101134K(104256K)->101134K(104256K) Class: 17997K(20608K)->17997K(20608K)
[190.539s][info][gc             ] GC(172) Pause Full (Ergonomics) 398M->376M(455M) 49.282ms
[190.539s][info][gc,cpu         ] GC(172) User=0.33s Sys=0.00s Real=0.05s
[190.542s][info][gc,start       ] GC(173) Pause Full (Ergonomics)
[190.542s][info][gc,phases,start] GC(173) Marking Phase
[190.579s][info][gc,phases      ] GC(173) Marking Phase 37.584ms
[190.579s][info][gc,phases,start] GC(173) Summary Phase
[190.579s][info][gc,phases      ] GC(173) Summary Phase 0.048ms
[190.579s][info][gc,phases,start] GC(173) Adjust Roots
[190.583s][info][gc,phases      ] GC(173) Adjust Roots 3.645ms
[190.583s][info][gc,phases,start] GC(173) Compaction Phase
[190.597s][info][gc,phases      ] GC(173) Compaction Phase 13.999ms
[190.597s][info][gc,phases,start] GC(173) Post Compact
[190.600s][info][gc,phases      ] GC(173) Post Compact 2.660ms
[190.600s][info][gc,heap        ] GC(173) PSYoungGen: 58880K(116736K)->40705K(116736K) Eden: 58880K(58880K)->40705K(58880K) From: 0K(57856K)->0K(57856K)
[190.600s][info][gc,heap        ] GC(173) ParOldGen: 349406K(349696K)->349328K(349696K)
[190.600s][info][gc,metaspace   ] GC(173) Metaspace: 119132K(124864K)->119132K(124864K) NonClass: 101135K(104256K)->101135K(104256K) Class: 17997K(20608K)->17997K(20608K)
[190.600s][info][gc             ] GC(173) Pause Full (Ergonomics) 398M->380M(455M) 58.363ms
[190.600s][info][gc,cpu         ] GC(173) User=0.33s Sys=0.00s Real=0.05s
[190.603s][info][gc,start       ] GC(174) Pause Full (Ergonomics)
[190.603s][info][gc,phases,start] GC(174) Marking Phase
[190.645s][info][gc,phases      ] GC(174) Marking Phase 42.543ms
[190.645s][info][gc,phases,start] GC(174) Summary Phase
[190.645s][info][gc,phases      ] GC(174) Summary Phase 0.047ms
[190.645s][info][gc,phases,start] GC(174) Adjust Roots
[190.649s][info][gc,phases      ] GC(174) Adjust Roots 3.657ms
[190.649s][info][gc,phases,start] GC(174) Compaction Phase
[190.660s][info][gc,phases      ] GC(174) Compaction Phase 10.939ms
[190.660s][info][gc,phases,start] GC(174) Post Compact
[190.663s][info][gc,phases      ] GC(174) Post Compact 2.507ms
[190.663s][info][gc,heap        ] GC(174) PSYoungGen: 58880K(116736K)->32295K(116736K) Eden: 58880K(58880K)->32295K(58880K) From: 0K(57856K)->0K(57856K)
[190.663s][info][gc,heap        ] GC(174) ParOldGen: 349328K(349696K)->349248K(349696K)
[190.663s][info][gc,metaspace   ] GC(174) Metaspace: 119135K(124864K)->119135K(124864K) NonClass: 101138K(104256K)->101138K(104256K) Class: 17997K(20608K)->17997K(20608K)
[190.663s][info][gc             ] GC(174) Pause Full (Ergonomics) 398M->372M(455M) 60.081ms
[190.663s][info][gc,cpu         ] GC(174) User=0.33s Sys=0.00s Real=0.05s
[190.666s][info][gc,start       ] GC(175) Pause Full (Ergonomics)
[190.667s][info][gc,phases,start] GC(175) Marking Phase
[190.699s][info][gc,phases      ] GC(175) Marking Phase 32.697ms
[190.699s][info][gc,phases,start] GC(175) Summary Phase
[190.699s][info][gc,phases      ] GC(175) Summary Phase 0.019ms
[190.699s][info][gc,phases,start] GC(175) Adjust Roots
[190.702s][info][gc,phases      ] GC(175) Adjust Roots 2.876ms
[190.702s][info][gc,phases,start] GC(175) Compaction Phase
[190.719s][info][gc,phases      ] GC(175) Compaction Phase 16.353ms
[190.719s][info][gc,phases,start] GC(175) Post Compact
[190.721s][info][gc,phases      ] GC(175) Post Compact 2.323ms
[190.721s][info][gc,heap        ] GC(175) PSYoungGen: 58880K(116736K)->40757K(116736K) Eden: 58880K(58880K)->40757K(58880K) From: 0K(57856K)->0K(57856K)
[190.721s][info][gc,heap        ] GC(175) ParOldGen: 349248K(349696K)->349170K(349696K)
[190.721s][info][gc,metaspace   ] GC(175) Metaspace: 119136K(124864K)->119136K(124864K) NonClass: 101139K(104256K)->101139K(104256K) Class: 17997K(20608K)->17997K(20608K)
[190.721s][info][gc             ] GC(175) Pause Full (Ergonomics) 398M->380M(455M) 54.581ms
[190.721s][info][gc,cpu         ] GC(175) User=0.33s Sys=0.00s Real=0.05s
[190.724s][info][gc,start       ] GC(176) Pause Full (Ergonomics)
[190.724s][info][gc,phases,start] GC(176) Marking Phase
[190.751s][info][gc,phases      ] GC(176) Marking Phase 27.240ms
[190.751s][info][gc,phases,start] GC(176) Summary Phase
[190.751s][info][gc,phases      ] GC(176) Summary Phase 0.021ms
[190.751s][info][gc,phases,start] GC(176) Adjust Roots
[190.754s][info][gc,phases      ] GC(176) Adjust Roots 2.886ms
[190.754s][info][gc,phases,start] GC(176) Compaction Phase
[190.771s][info][gc,phases      ] GC(176) Compaction Phase 17.569ms
[190.771s][info][gc,phases,start] GC(176) Post Compact
[190.774s][info][gc,phases      ] GC(176) Post Compact 2.394ms
[190.774s][info][gc,heap        ] GC(176) PSYoungGen: 58880K(116736K)->30709K(116736K) Eden: 58880K(58880K)->30709K(58880K) From: 0K(57856K)->0K(57856K)
[190.774s][info][gc,heap        ] GC(176) ParOldGen: 349170K(349696K)->349170K(349696K)
[190.774s][info][gc,metaspace   ] GC(176) Metaspace: 119139K(124864K)->119139K(124864K) NonClass: 101142K(104256K)->101142K(104256K) Class: 17997K(20608K)->17997K(20608K)
[190.774s][info][gc             ] GC(176) Pause Full (Ergonomics) 398M->370M(455M) 50.435ms
[190.774s][info][gc,cpu         ] GC(176) User=0.34s Sys=0.00s Real=0.05s
[190.777s][info][gc,start       ] GC(177) Pause Full (Ergonomics)
[190.777s][info][gc,phases,start] GC(177) Marking Phase
[190.805s][info][gc,phases      ] GC(177) Marking Phase 27.863ms
[190.805s][info][gc,phases,start] GC(177) Summary Phase
[190.805s][info][gc,phases      ] GC(177) Summary Phase 0.020ms
[190.805s][info][gc,phases,start] GC(177) Adjust Roots
[190.809s][info][gc,phases      ] GC(177) Adjust Roots 3.139ms
[190.809s][info][gc,phases,start] GC(177) Compaction Phase
[190.825s][info][gc,phases      ] GC(177) Compaction Phase 16.870ms
[190.826s][info][gc,phases,start] GC(177) Post Compact
[190.828s][info][gc,phases      ] GC(177) Post Compact 2.677ms
[190.828s][info][gc,heap        ] GC(177) PSYoungGen: 58880K(116736K)->35348K(116736K) Eden: 58880K(58880K)->35348K(58880K) From: 0K(57856K)->0K(57856K)
[190.828s][info][gc,heap        ] GC(177) ParOldGen: 349170K(349696K)->349091K(349696K)
[190.828s][info][gc,metaspace   ] GC(177) Metaspace: 119143K(124864K)->119143K(124864K) NonClass: 101146K(104256K)->101146K(104256K) Class: 17997K(20608K)->17997K(20608K)
[190.828s][info][gc             ] GC(177) Pause Full (Ergonomics) 398M->375M(455M) 50.995ms
[190.828s][info][gc,cpu         ] GC(177) User=0.47s Sys=0.00s Real=0.05s
[190.832s][info][gc,start       ] GC(178) Pause Full (Ergonomics)
[190.832s][info][gc,phases,start] GC(178) Marking Phase
[190.858s][info][gc,phases      ] GC(178) Marking Phase 25.920ms
[190.858s][info][gc,phases,start] GC(178) Summary Phase
[190.858s][info][gc,phases      ] GC(178) Summary Phase 0.020ms
[190.858s][info][gc,phases,start] GC(178) Adjust Roots
[190.861s][info][gc,phases      ] GC(178) Adjust Roots 2.962ms
[190.861s][info][gc,phases,start] GC(178) Compaction Phase
[190.868s][info][gc,phases      ] GC(178) Compaction Phase 7.239ms
[190.868s][info][gc,phases,start] GC(178) Post Compact
[190.871s][info][gc,phases      ] GC(178) Post Compact 2.660ms
[190.871s][info][gc,heap        ] GC(178) PSYoungGen: 58880K(116736K)->33108K(116736K) Eden: 58880K(58880K)->33108K(58880K) From: 0K(57856K)->0K(57856K)
[190.871s][info][gc,heap        ] GC(178) ParOldGen: 349091K(349696K)->349115K(349696K)
[190.871s][info][gc,metaspace   ] GC(178) Metaspace: 119144K(124864K)->119144K(124864K) NonClass: 101147K(104256K)->101147K(104256K) Class: 17997K(20608K)->17997K(20608K)
[190.871s][info][gc             ] GC(178) Pause Full (Ergonomics) 398M->373M(455M) 39.243ms
[190.871s][info][gc,cpu         ] GC(178) User=0.20s Sys=0.00s Real=0.03s
[190.874s][info][gc,start       ] GC(179) Pause Full (Ergonomics)
[190.874s][info][gc,phases,start] GC(179) Marking Phase
[190.913s][info][gc,phases      ] GC(179) Marking Phase 38.268ms
[190.913s][info][gc,phases,start] GC(179) Summary Phase
[190.913s][info][gc,phases      ] GC(179) Summary Phase 0.047ms
[190.913s][info][gc,phases,start] GC(179) Adjust Roots
[190.916s][info][gc,phases      ] GC(179) Adjust Roots 3.412ms
[190.916s][info][gc,phases,start] GC(179) Compaction Phase
[190.934s][info][gc,phases      ] GC(179) Compaction Phase 17.625ms
[190.934s][info][gc,phases,start] GC(179) Post Compact
[190.936s][info][gc,phases      ] GC(179) Post Compact 2.696ms
[190.937s][info][gc,heap        ] GC(179) PSYoungGen: 58880K(116736K)->37756K(116736K) Eden: 58880K(58880K)->37756K(58880K) From: 0K(57856K)->0K(57856K)
[190.937s][info][gc,heap        ] GC(179) ParOldGen: 349115K(349696K)->348956K(349696K)
[190.937s][info][gc,metaspace   ] GC(179) Metaspace: 119144K(124864K)->119144K(124864K) NonClass: 101147K(104256K)->101147K(104256K) Class: 17997K(20608K)->17997K(20608K)
[190.937s][info][gc             ] GC(179) Pause Full (Ergonomics) 398M->377M(455M) 62.499ms
[190.937s][info][gc,cpu         ] GC(179) User=0.34s Sys=0.00s Real=0.06s
[190.939s][info][gc,start       ] GC(180) Pause Full (Ergonomics)
[190.939s][info][gc,phases,start] GC(180) Marking Phase
[190.971s][info][gc,phases      ] GC(180) Marking Phase 31.591ms
[190.971s][info][gc,phases,start] GC(180) Summary Phase
[190.971s][info][gc,phases      ] GC(180) Summary Phase 0.047ms
[190.971s][info][gc,phases,start] GC(180) Adjust Roots
[190.975s][info][gc,phases      ] GC(180) Adjust Roots 3.876ms
[190.975s][info][gc,phases,start] GC(180) Compaction Phase
[191.000s][info][gc,phases      ] GC(180) Compaction Phase 25.291ms
[191.000s][info][gc,phases,start] GC(180) Post Compact
[191.002s][info][gc,phases      ] GC(180) Post Compact 2.088ms
[191.002s][info][gc,heap        ] GC(180) PSYoungGen: 58713K(116736K)->35367K(116736K) Eden: 58713K(58880K)->35367K(58880K) From: 0K(57856K)->0K(57856K)
[191.002s][info][gc,heap        ] GC(180) ParOldGen: 348956K(349696K)->349363K(349696K)
[191.002s][info][gc,metaspace   ] GC(180) Metaspace: 119145K(124864K)->119145K(124864K) NonClass: 101148K(104256K)->101148K(104256K) Class: 17997K(20608K)->17997K(20608K)
[191.002s][info][gc             ] GC(180) Pause Full (Ergonomics) 398M->375M(455M) 63.259ms
[191.003s][info][gc,cpu         ] GC(180) User=0.36s Sys=0.00s Real=0.06s
[191.005s][info][gc,start       ] GC(181) Pause Full (Ergonomics)
[191.005s][info][gc,phases,start] GC(181) Marking Phase
[191.039s][info][gc,phases      ] GC(181) Marking Phase 33.813ms
[191.039s][info][gc,phases,start] GC(181) Summary Phase
[191.039s][info][gc,phases      ] GC(181) Summary Phase 0.034ms
[191.039s][info][gc,phases,start] GC(181) Adjust Roots
[191.042s][info][gc,phases      ] GC(181) Adjust Roots 3.647ms
[191.042s][info][gc,phases,start] GC(181) Compaction Phase
[191.060s][info][gc,phases      ] GC(181) Compaction Phase 17.642ms
[191.060s][info][gc,phases,start] GC(181) Post Compact
[191.062s][info][gc,phases      ] GC(181) Post Compact 2.068ms
[191.062s][info][gc,heap        ] GC(181) PSYoungGen: 56677K(116736K)->27726K(116736K) Eden: 56677K(58880K)->27726K(58880K) From: 0K(57856K)->0K(57856K)
[191.062s][info][gc,heap        ] GC(181) ParOldGen: 349363K(349696K)->347508K(349696K)
[191.062s][info][gc,metaspace   ] GC(181) Metaspace: 119147K(124864K)->119147K(124864K) NonClass: 101149K(104256K)->101149K(104256K) Class: 17997K(20608K)->17997K(20608K)
[191.062s][info][gc             ] GC(181) Pause Full (Ergonomics) 396M->366M(455M) 57.528ms
[191.062s][info][gc,cpu         ] GC(181) User=0.33s Sys=0.00s Real=0.05s
[191.065s][info][gc,start       ] GC(182) Pause Full (Ergonomics)
[191.065s][info][gc,phases,start] GC(182) Marking Phase
[191.094s][info][gc,phases      ] GC(182) Marking Phase 29.044ms
[191.094s][info][gc,phases,start] GC(182) Summary Phase
[191.094s][info][gc,phases      ] GC(182) Summary Phase 0.023ms
[191.094s][info][gc,phases,start] GC(182) Adjust Roots
[191.097s][info][gc,phases      ] GC(182) Adjust Roots 2.966ms
[191.097s][info][gc,phases,start] GC(182) Compaction Phase
[191.114s][info][gc,phases      ] GC(182) Compaction Phase 17.199ms
[191.115s][info][gc,phases,start] GC(182) Post Compact
[191.117s][info][gc,phases      ] GC(182) Post Compact 2.233ms
[191.117s][info][gc,heap        ] GC(182) PSYoungGen: 58880K(116736K)->31956K(116736K) Eden: 58880K(58880K)->31956K(58880K) From: 0K(57856K)->0K(57856K)
[191.117s][info][gc,heap        ] GC(182) ParOldGen: 347508K(349696K)->349473K(349696K)
[191.117s][info][gc,metaspace   ] GC(182) Metaspace: 119148K(124864K)->119148K(124864K) NonClass: 101151K(104256K)->101151K(104256K) Class: 17997K(20608K)->17997K(20608K)
[191.117s][info][gc             ] GC(182) Pause Full (Ergonomics) 396M->372M(455M) 51.763ms
[191.117s][info][gc,cpu         ] GC(182) User=0.34s Sys=0.02s Real=0.05s
[191.120s][info][gc,start       ] GC(183) Pause Full (Ergonomics)
[191.120s][info][gc,phases,start] GC(183) Marking Phase
[191.146s][info][gc,phases      ] GC(183) Marking Phase 26.483ms
[191.146s][info][gc,phases,start] GC(183) Summary Phase
[191.146s][info][gc,phases      ] GC(183) Summary Phase 0.020ms
[191.147s][info][gc,phases,start] GC(183) Adjust Roots
[191.150s][info][gc,phases      ] GC(183) Adjust Roots 3.366ms
[191.150s][info][gc,phases,start] GC(183) Compaction Phase
[191.160s][info][gc,phases      ] GC(183) Compaction Phase 10.029ms
[191.160s][info][gc,phases,start] GC(183) Post Compact
[191.162s][info][gc,phases      ] GC(183) Post Compact 2.210ms
[191.162s][info][gc,heap        ] GC(183) PSYoungGen: 58880K(116736K)->32439K(116736K) Eden: 58880K(58880K)->32439K(58880K) From: 0K(57856K)->0K(57856K)
[191.162s][info][gc,heap        ] GC(183) ParOldGen: 349473K(349696K)->347339K(349696K)
[191.162s][info][gc,metaspace   ] GC(183) Metaspace: 119176K(124864K)->119176K(124864K) NonClass: 101179K(104256K)->101179K(104256K) Class: 17997K(20608K)->17997K(20608K)
[191.162s][info][gc             ] GC(183) Pause Full (Ergonomics) 398M->370M(455M) 42.461ms
[191.162s][info][gc,cpu         ] GC(183) User=0.17s Sys=0.00s Real=0.03s
[191.166s][info][gc,start       ] GC(184) Pause Full (Ergonomics)
[191.166s][info][gc,phases,start] GC(184) Marking Phase
[191.195s][info][gc,phases      ] GC(184) Marking Phase 29.072ms
[191.195s][info][gc,phases,start] GC(184) Summary Phase
[191.195s][info][gc,phases      ] GC(184) Summary Phase 0.020ms
[191.195s][info][gc,phases,start] GC(184) Adjust Roots
[191.198s][info][gc,phases      ] GC(184) Adjust Roots 2.998ms
[191.198s][info][gc,phases,start] GC(184) Compaction Phase
[191.214s][info][gc,phases      ] GC(184) Compaction Phase 16.603ms
[191.214s][info][gc,phases,start] GC(184) Post Compact
[191.217s][info][gc,phases      ] GC(184) Post Compact 2.336ms
[191.217s][info][gc,heap        ] GC(184) PSYoungGen: 58880K(116736K)->32790K(116736K) Eden: 58880K(58880K)->32790K(58880K) From: 0K(57856K)->0K(57856K)
[191.217s][info][gc,heap        ] GC(184) ParOldGen: 347339K(349696K)->349532K(349696K)
[191.217s][info][gc,metaspace   ] GC(184) Metaspace: 119177K(124864K)->119177K(124864K) NonClass: 101180K(104256K)->101180K(104256K) Class: 17997K(20608K)->17997K(20608K)
[191.217s][info][gc             ] GC(184) Pause Full (Ergonomics) 396M->373M(455M) 51.359ms
[191.217s][info][gc,cpu         ] GC(184) User=0.33s Sys=0.00s Real=0.05s
[191.220s][info][gc,start       ] GC(185) Pause Full (Ergonomics)
[191.220s][info][gc,phases,start] GC(185) Marking Phase
[191.251s][info][gc,phases      ] GC(185) Marking Phase 31.495ms
[191.252s][info][gc,phases,start] GC(185) Summary Phase
[191.252s][info][gc,phases      ] GC(185) Summary Phase 0.019ms
[191.252s][info][gc,phases,start] GC(185) Adjust Roots
[191.257s][info][gc,phases      ] GC(185) Adjust Roots 5.653ms
[191.257s][info][gc,phases,start] GC(185) Compaction Phase
[191.274s][info][gc,phases      ] GC(185) Compaction Phase 16.427ms
[191.274s][info][gc,phases,start] GC(185) Post Compact
[191.276s][info][gc,phases      ] GC(185) Post Compact 2.062ms
[191.276s][info][gc,heap        ] GC(185) PSYoungGen: 58880K(116736K)->19769K(116736K) Eden: 58880K(58880K)->19769K(58880K) From: 0K(57856K)->0K(57856K)
[191.276s][info][gc,heap        ] GC(185) ParOldGen: 349532K(349696K)->348730K(349696K)
[191.276s][info][gc,metaspace   ] GC(185) Metaspace: 119180K(124864K)->119180K(124864K) NonClass: 101183K(104256K)->101183K(104256K) Class: 17997K(20608K)->17997K(20608K)
[191.276s][info][gc             ] GC(185) Pause Full (Ergonomics) 398M->359M(455M) 55.917ms
[191.276s][info][gc,cpu         ] GC(185) User=0.33s Sys=0.00s Real=0.05s
[191.279s][info][gc,start       ] GC(186) Pause Full (Ergonomics)
[191.279s][info][gc,phases,start] GC(186) Marking Phase
[191.311s][info][gc,phases      ] GC(186) Marking Phase 31.919ms
[191.311s][info][gc,phases,start] GC(186) Summary Phase
[191.311s][info][gc,phases      ] GC(186) Summary Phase 0.040ms
[191.311s][info][gc,phases,start] GC(186) Adjust Roots
[191.315s][info][gc,phases      ] GC(186) Adjust Roots 3.731ms
[191.315s][info][gc,phases,start] GC(186) Compaction Phase
[191.332s][info][gc,phases      ] GC(186) Compaction Phase 16.819ms
[191.332s][info][gc,phases,start] GC(186) Post Compact
[191.335s][info][gc,phases      ] GC(186) Post Compact 2.645ms
[191.335s][info][gc,heap        ] GC(186) PSYoungGen: 58880K(116736K)->25229K(116736K) Eden: 58880K(58880K)->25229K(58880K) From: 0K(57856K)->0K(57856K)
[191.335s][info][gc,heap        ] GC(186) ParOldGen: 348730K(349696K)->348261K(349696K)
[191.335s][info][gc,metaspace   ] GC(186) Metaspace: 119180K(124864K)->119180K(124864K) NonClass: 101183K(104256K)->101183K(104256K) Class: 17997K(20608K)->17997K(20608K)
[191.335s][info][gc             ] GC(186) Pause Full (Ergonomics) 398M->364M(455M) 55.580ms
[191.335s][info][gc,cpu         ] GC(186) User=0.38s Sys=0.00s Real=0.05s
[191.338s][info][gc,start       ] GC(187) Pause Full (Ergonomics)
[191.338s][info][gc,phases,start] GC(187) Marking Phase
[191.372s][info][gc,phases      ] GC(187) Marking Phase 33.303ms
[191.372s][info][gc,phases,start] GC(187) Summary Phase
[191.372s][info][gc,phases      ] GC(187) Summary Phase 0.040ms
[191.372s][info][gc,phases,start] GC(187) Adjust Roots
[191.375s][info][gc,phases      ] GC(187) Adjust Roots 3.722ms
[191.375s][info][gc,phases,start] GC(187) Compaction Phase
[191.384s][info][gc,phases      ] GC(187) Compaction Phase 8.697ms
[191.384s][info][gc,phases,start] GC(187) Post Compact
[191.387s][info][gc,phases      ] GC(187) Post Compact 2.616ms
[191.387s][info][gc,heap        ] GC(187) PSYoungGen: 58880K(116736K)->29941K(116736K) Eden: 58880K(58880K)->29941K(58880K) From: 0K(57856K)->0K(57856K)
[191.387s][info][gc,heap        ] GC(187) ParOldGen: 348261K(349696K)->346010K(349696K)
[191.387s][info][gc,metaspace   ] GC(187) Metaspace: 119180K(124864K)->119180K(124864K) NonClass: 101183K(104256K)->101183K(104256K) Class: 17997K(20608K)->17997K(20608K)
[191.387s][info][gc             ] GC(187) Pause Full (Ergonomics) 397M->367M(455M) 48.843ms
[191.387s][info][gc,cpu         ] GC(187) User=0.27s Sys=0.00s Real=0.05s
[191.390s][info][gc,start       ] GC(188) Pause Full (Ergonomics)
[191.390s][info][gc,phases,start] GC(188) Marking Phase
[191.424s][info][gc,phases      ] GC(188) Marking Phase 33.268ms
[191.424s][info][gc,phases,start] GC(188) Summary Phase
[191.424s][info][gc,phases      ] GC(188) Summary Phase 0.020ms
[191.424s][info][gc,phases,start] GC(188) Adjust Roots
[191.427s][info][gc,phases      ] GC(188) Adjust Roots 2.960ms
[191.427s][info][gc,phases,start] GC(188) Compaction Phase
[191.443s][info][gc,phases      ] GC(188) Compaction Phase 15.797ms
[191.443s][info][gc,phases,start] GC(188) Post Compact
[191.445s][info][gc,phases      ] GC(188) Post Compact 2.060ms
[191.445s][info][gc,heap        ] GC(188) PSYoungGen: 58880K(116736K)->18039K(116736K) Eden: 58880K(58880K)->18039K(58880K) From: 0K(57856K)->0K(57856K)
[191.445s][info][gc,heap        ] GC(188) ParOldGen: 346010K(349696K)->348819K(349696K)
[191.445s][info][gc,metaspace   ] GC(188) Metaspace: 119182K(124864K)->119182K(124864K) NonClass: 101185K(104256K)->101185K(104256K) Class: 17997K(20608K)->17997K(20608K)
[191.445s][info][gc             ] GC(188) Pause Full (Ergonomics) 395M->358M(455M) 54.411ms
[191.445s][info][gc,cpu         ] GC(188) User=0.48s Sys=0.00s Real=0.06s
[191.448s][info][gc,start       ] GC(189) Pause Full (Ergonomics)
[191.448s][info][gc,phases,start] GC(189) Marking Phase
[191.475s][info][gc,phases      ] GC(189) Marking Phase 27.221ms
[191.475s][info][gc,phases,start] GC(189) Summary Phase
[191.475s][info][gc,phases      ] GC(189) Summary Phase 0.020ms
[191.475s][info][gc,phases,start] GC(189) Adjust Roots
[191.478s][info][gc,phases      ] GC(189) Adjust Roots 2.998ms
[191.478s][info][gc,phases,start] GC(189) Compaction Phase
[191.486s][info][gc,phases      ] GC(189) Compaction Phase 7.722ms
[191.486s][info][gc,phases,start] GC(189) Post Compact
[191.488s][info][gc,phases      ] GC(189) Post Compact 2.211ms
[191.488s][info][gc,heap        ] GC(189) PSYoungGen: 58880K(116736K)->21080K(116736K) Eden: 58880K(58880K)->21080K(58880K) From: 0K(57856K)->0K(57856K)
[191.488s][info][gc,heap        ] GC(189) ParOldGen: 348819K(349696K)->348037K(349696K)
[191.488s][info][gc,metaspace   ] GC(189) Metaspace: 119199K(124864K)->119199K(124864K) NonClass: 101202K(104256K)->101202K(104256K) Class: 17997K(20608K)->17997K(20608K)
[191.488s][info][gc             ] GC(189) Pause Full (Ergonomics) 398M->360M(455M) 40.478ms
[191.488s][info][gc,cpu         ] GC(189) User=0.17s Sys=0.00s Real=0.03s
[191.492s][info][gc,start       ] GC(190) Pause Full (Ergonomics)
[191.493s][info][gc,phases,start] GC(190) Marking Phase
[191.523s][info][gc,phases      ] GC(190) Marking Phase 30.657ms
[191.523s][info][gc,phases,start] GC(190) Summary Phase
[191.523s][info][gc,phases      ] GC(190) Summary Phase 0.021ms
[191.523s][info][gc,phases,start] GC(190) Adjust Roots
[191.526s][info][gc,phases      ] GC(190) Adjust Roots 3.057ms
[191.526s][info][gc,phases,start] GC(190) Compaction Phase
[191.533s][info][gc,phases      ] GC(190) Compaction Phase 6.632ms
[191.533s][info][gc,phases,start] GC(190) Post Compact
[191.536s][info][gc,phases      ] GC(190) Post Compact 2.632ms
[191.536s][info][gc,heap        ] GC(190) PSYoungGen: 58880K(116736K)->22948K(116736K) Eden: 58880K(58880K)->22948K(58880K) From: 0K(57856K)->0K(57856K)
[191.536s][info][gc,heap        ] GC(190) ParOldGen: 348037K(349696K)->347028K(349696K)
[191.536s][info][gc,metaspace   ] GC(190) Metaspace: 119207K(124864K)->119207K(124864K) NonClass: 101210K(104256K)->101210K(104256K) Class: 17997K(20608K)->17997K(20608K)
[191.536s][info][gc             ] GC(190) Pause Full (Ergonomics) 397M->361M(455M) 43.453ms
[191.536s][info][gc,cpu         ] GC(190) User=0.20s Sys=0.00s Real=0.05s
[191.540s][info][gc,start       ] GC(191) Pause Full (Ergonomics)
[191.540s][info][gc,phases,start] GC(191) Marking Phase
[191.571s][info][gc,phases      ] GC(191) Marking Phase 30.746ms
[191.571s][info][gc,phases,start] GC(191) Summary Phase
[191.571s][info][gc,phases      ] GC(191) Summary Phase 0.018ms
[191.571s][info][gc,phases,start] GC(191) Adjust Roots
[191.574s][info][gc,phases      ] GC(191) Adjust Roots 3.587ms
[191.574s][info][gc,phases,start] GC(191) Compaction Phase
[191.589s][info][gc,phases      ] GC(191) Compaction Phase 14.564ms
[191.589s][info][gc,phases,start] GC(191) Post Compact
[191.592s][info][gc,phases      ] GC(191) Post Compact 2.623ms
[191.592s][info][gc,heap        ] GC(191) PSYoungGen: 58880K(116736K)->23805K(116736K) Eden: 58880K(58880K)->23805K(58880K) From: 0K(57856K)->0K(57856K)
[191.592s][info][gc,heap        ] GC(191) ParOldGen: 347028K(349696K)->347025K(349696K)
[191.592s][info][gc,metaspace   ] GC(191) Metaspace: 119211K(124864K)->119211K(124864K) NonClass: 101213K(104256K)->101213K(104256K) Class: 17997K(20608K)->17997K(20608K)
[191.592s][info][gc             ] GC(191) Pause Full (Ergonomics) 396M->362M(455M) 51.968ms
[191.592s][info][gc,cpu         ] GC(191) User=0.48s Sys=0.00s Real=0.05s
[191.596s][info][gc,start       ] GC(192) Pause Full (Ergonomics)
[191.596s][info][gc,phases,start] GC(192) Marking Phase
[191.635s][info][gc,phases      ] GC(192) Marking Phase 38.657ms
[191.635s][info][gc,phases,start] GC(192) Summary Phase
[191.635s][info][gc,phases      ] GC(192) Summary Phase 0.046ms
[191.635s][info][gc,phases,start] GC(192) Adjust Roots
[191.639s][info][gc,phases      ] GC(192) Adjust Roots 3.820ms
[191.639s][info][gc,phases,start] GC(192) Compaction Phase
[191.661s][info][gc,phases      ] GC(192) Compaction Phase 22.573ms
[191.661s][info][gc,phases,start] GC(192) Post Compact
[191.663s][info][gc,phases      ] GC(192) Post Compact 2.149ms
[191.664s][info][gc,heap        ] GC(192) PSYoungGen: 58880K(116736K)->26509K(116736K) Eden: 58880K(58880K)->26509K(58880K) From: 0K(57856K)->0K(57856K)
[191.664s][info][gc,heap        ] GC(192) ParOldGen: 347025K(349696K)->347025K(349696K)
[191.664s][info][gc,metaspace   ] GC(192) Metaspace: 119213K(124864K)->119213K(124864K) NonClass: 101214K(104256K)->101214K(104256K) Class: 17998K(20608K)->17998K(20608K)
[191.664s][info][gc             ] GC(192) Pause Full (Ergonomics) 396M->364M(455M) 67.626ms
[191.664s][info][gc,cpu         ] GC(192) User=0.48s Sys=0.00s Real=0.06s
[191.667s][info][gc,start       ] GC(193) Pause Full (Ergonomics)
[191.667s][info][gc,phases,start] GC(193) Marking Phase
[191.698s][info][gc,phases      ] GC(193) Marking Phase 31.065ms
[191.698s][info][gc,phases,start] GC(193) Summary Phase
[191.698s][info][gc,phases      ] GC(193) Summary Phase 0.041ms
[191.698s][info][gc,phases,start] GC(193) Adjust Roots
[191.701s][info][gc,phases      ] GC(193) Adjust Roots 3.177ms
[191.701s][info][gc,phases,start] GC(193) Compaction Phase
[191.721s][info][gc,phases      ] GC(193) Compaction Phase 19.440ms
[191.721s][info][gc,phases,start] GC(193) Post Compact
[191.723s][info][gc,phases      ] GC(193) Post Compact 2.678ms
[191.724s][info][gc,heap        ] GC(193) PSYoungGen: 58880K(116736K)->26196K(116736K) Eden: 58880K(58880K)->26196K(58880K) From: 0K(57856K)->0K(57856K)
[191.724s][info][gc,heap        ] GC(193) ParOldGen: 347025K(349696K)->346357K(349696K)
[191.724s][info][gc,metaspace   ] GC(193) Metaspace: 119213K(124864K)->119213K(124864K) NonClass: 101214K(104256K)->101214K(104256K) Class: 17998K(20608K)->17998K(20608K)
[191.724s][info][gc             ] GC(193) Pause Full (Ergonomics) 396M->363M(455M) 56.822ms
[191.724s][info][gc,cpu         ] GC(193) User=0.48s Sys=0.00s Real=0.06s
[191.727s][info][gc,start       ] GC(194) Pause Full (Ergonomics)
[191.727s][info][gc,phases,start] GC(194) Marking Phase
[191.759s][info][gc,phases      ] GC(194) Marking Phase 32.420ms
[191.759s][info][gc,phases,start] GC(194) Summary Phase
[191.759s][info][gc,phases      ] GC(194) Summary Phase 0.047ms
[191.759s][info][gc,phases,start] GC(194) Adjust Roots
[191.763s][info][gc,phases      ] GC(194) Adjust Roots 3.394ms
[191.763s][info][gc,phases,start] GC(194) Compaction Phase
[191.770s][info][gc,phases      ] GC(194) Compaction Phase 7.683ms
[191.770s][info][gc,phases,start] GC(194) Post Compact
[191.773s][info][gc,phases      ] GC(194) Post Compact 2.374ms
[191.773s][info][gc,heap        ] GC(194) PSYoungGen: 58880K(116736K)->26997K(116736K) Eden: 58880K(58880K)->26997K(58880K) From: 0K(57856K)->0K(57856K)
[191.773s][info][gc,heap        ] GC(194) ParOldGen: 346357K(349696K)->346357K(349696K)
[191.773s][info][gc,metaspace   ] GC(194) Metaspace: 119216K(124864K)->119216K(124864K) NonClass: 101217K(104256K)->101217K(104256K) Class: 17998K(20608K)->17998K(20608K)
[191.773s][info][gc             ] GC(194) Pause Full (Ergonomics) 395M->364M(455M) 46.350ms
[191.773s][info][gc,cpu         ] GC(194) User=0.34s Sys=0.00s Real=0.05s
[191.777s][info][gc,start       ] GC(195) Pause Full (Ergonomics)
[191.777s][info][gc,phases,start] GC(195) Marking Phase
[191.806s][info][gc,phases      ] GC(195) Marking Phase 28.699ms
[191.806s][info][gc,phases,start] GC(195) Summary Phase
[191.806s][info][gc,phases      ] GC(195) Summary Phase 0.020ms
[191.806s][info][gc,phases,start] GC(195) Adjust Roots
[191.810s][info][gc,phases      ] GC(195) Adjust Roots 3.802ms
[191.810s][info][gc,phases,start] GC(195) Compaction Phase
[191.828s][info][gc,phases      ] GC(195) Compaction Phase 18.078ms
[191.828s][info][gc,phases,start] GC(195) Post Compact
[191.830s][info][gc,phases      ] GC(195) Post Compact 2.069ms
[191.830s][info][gc,heap        ] GC(195) PSYoungGen: 58880K(116736K)->28049K(116736K) Eden: 58880K(58880K)->28049K(58880K) From: 0K(57856K)->0K(57856K)
[191.830s][info][gc,heap        ] GC(195) ParOldGen: 346357K(349696K)->346357K(349696K)
[191.830s][info][gc,metaspace   ] GC(195) Metaspace: 119235K(124864K)->119235K(124864K) NonClass: 101233K(104256K)->101233K(104256K) Class: 18001K(20608K)->18001K(20608K)
[191.830s][info][gc             ] GC(195) Pause Full (Ergonomics) 395M->365M(455M) 52.995ms
[191.830s][info][gc,cpu         ] GC(195) User=0.33s Sys=0.00s Real=0.05s
[191.846s][info][gc,start       ] GC(196) Pause Full (Ergonomics)
[191.846s][info][gc,phases,start] GC(196) Marking Phase
[191.878s][info][gc,phases      ] GC(196) Marking Phase 31.402ms
[191.878s][info][gc,phases,start] GC(196) Summary Phase
[191.878s][info][gc,phases      ] GC(196) Summary Phase 0.020ms
[191.878s][info][gc,phases,start] GC(196) Adjust Roots
[191.881s][info][gc,phases      ] GC(196) Adjust Roots 3.076ms
[191.881s][info][gc,phases,start] GC(196) Compaction Phase
[191.888s][info][gc,phases      ] GC(196) Compaction Phase 7.323ms
[191.888s][info][gc,phases,start] GC(196) Post Compact
[191.891s][info][gc,phases      ] GC(196) Post Compact 2.631ms
[191.891s][info][gc,heap        ] GC(196) PSYoungGen: 58880K(116736K)->28893K(116736K) Eden: 58880K(58880K)->28893K(58880K) From: 0K(57856K)->0K(57856K)
[191.891s][info][gc,heap        ] GC(196) ParOldGen: 346357K(349696K)->346357K(349696K)
[191.891s][info][gc,metaspace   ] GC(196) Metaspace: 119365K(124864K)->119365K(124864K) NonClass: 101322K(104256K)->101322K(104256K) Class: 18043K(20608K)->18043K(20608K)
[191.891s][info][gc             ] GC(196) Pause Full (Ergonomics) 395M->366M(455M) 44.890ms
[191.891s][info][gc,cpu         ] GC(196) User=0.17s Sys=0.00s Real=0.03s
[191.896s][info][gc,start       ] GC(197) Pause Full (Ergonomics)
[191.896s][info][gc,phases,start] GC(197) Marking Phase
[191.926s][info][gc,phases      ] GC(197) Marking Phase 30.388ms
[191.926s][info][gc,phases,start] GC(197) Summary Phase
[191.926s][info][gc,phases      ] GC(197) Summary Phase 0.021ms
[191.926s][info][gc,phases,start] GC(197) Adjust Roots
[191.929s][info][gc,phases      ] GC(197) Adjust Roots 3.304ms
[191.929s][info][gc,phases,start] GC(197) Compaction Phase
[191.949s][info][gc,phases      ] GC(197) Compaction Phase 19.390ms
[191.949s][info][gc,phases,start] GC(197) Post Compact
[191.952s][info][gc,phases      ] GC(197) Post Compact 2.657ms
[191.952s][info][gc,heap        ] GC(197) PSYoungGen: 58880K(116736K)->29940K(116736K) Eden: 58880K(58880K)->29940K(58880K) From: 0K(57856K)->0K(57856K)
[191.952s][info][gc,heap        ] GC(197) ParOldGen: 346357K(349696K)->346356K(349696K)
[191.952s][info][gc,metaspace   ] GC(197) Metaspace: 119389K(124864K)->119389K(124864K) NonClass: 101339K(104256K)->101339K(104256K) Class: 18049K(20608K)->18049K(20608K)
[191.952s][info][gc             ] GC(197) Pause Full (Ergonomics) 395M->367M(455M) 56.195ms
[191.952s][info][gc,cpu         ] GC(197) User=0.33s Sys=0.00s Real=0.05s
[191.955s][info][gc,start       ] GC(198) Pause Full (Ergonomics)
[191.955s][info][gc,phases,start] GC(198) Marking Phase
[191.982s][info][gc,phases      ] GC(198) Marking Phase 26.307ms
[191.982s][info][gc,phases,start] GC(198) Summary Phase
[191.982s][info][gc,phases      ] GC(198) Summary Phase 0.020ms
[191.982s][info][gc,phases,start] GC(198) Adjust Roots
[191.986s][info][gc,phases      ] GC(198) Adjust Roots 3.828ms
[191.986s][info][gc,phases,start] GC(198) Compaction Phase
[191.993s][info][gc,phases      ] GC(198) Compaction Phase 7.373ms
[191.993s][info][gc,phases,start] GC(198) Post Compact
[191.996s][info][gc,phases      ] GC(198) Post Compact 2.659ms
[191.996s][info][gc,heap        ] GC(198) PSYoungGen: 58880K(116736K)->31649K(116736K) Eden: 58880K(58880K)->31649K(58880K) From: 0K(57856K)->0K(57856K)
[191.996s][info][gc,heap        ] GC(198) ParOldGen: 346356K(349696K)->346356K(349696K)
[191.996s][info][gc,metaspace   ] GC(198) Metaspace: 119450K(124864K)->119450K(124864K) NonClass: 101381K(104256K)->101381K(104256K) Class: 18068K(20608K)->18068K(20608K)
[191.996s][info][gc             ] GC(198) Pause Full (Ergonomics) 395M->369M(455M) 40.629ms
[191.996s][info][gc,cpu         ] GC(198) User=0.17s Sys=0.00s Real=0.03s
[192.000s][info][gc,start       ] GC(199) Pause Full (Ergonomics)
[192.000s][info][gc,phases,start] GC(199) Marking Phase
[192.042s][info][gc,phases      ] GC(199) Marking Phase 41.785ms
[192.042s][info][gc,phases,start] GC(199) Summary Phase
[192.042s][info][gc,phases      ] GC(199) Summary Phase 0.021ms
[192.042s][info][gc,phases,start] GC(199) Adjust Roots
[192.047s][info][gc,phases      ] GC(199) Adjust Roots 5.400ms
[192.047s][info][gc,phases,start] GC(199) Compaction Phase
[192.070s][info][gc,phases      ] GC(199) Compaction Phase 23.163ms
[192.071s][info][gc,phases,start] GC(199) Post Compact
[192.073s][info][gc,phases      ] GC(199) Post Compact 2.755ms
[192.073s][info][gc,heap        ] GC(199) PSYoungGen: 58880K(116736K)->32544K(116736K) Eden: 58880K(58880K)->32544K(58880K) From: 0K(57856K)->0K(57856K)
[192.073s][info][gc,heap        ] GC(199) ParOldGen: 346356K(349696K)->346355K(349696K)
[192.073s][info][gc,metaspace   ] GC(199) Metaspace: 119525K(124864K)->119509K(124864K) NonClass: 101434K(104256K)->101423K(104256K) Class: 18090K(20608K)->18085K(20608K)
[192.073s][info][gc             ] GC(199) Pause Full (Ergonomics) 395M->370M(455M) 73.573ms
[192.074s][info][gc,cpu         ] GC(199) User=0.34s Sys=0.00s Real=0.06s
[192.078s][info][gc,start       ] GC(200) Pause Full (Ergonomics)
[192.078s][info][gc,phases,start] GC(200) Marking Phase
[192.123s][info][gc,phases      ] GC(200) Marking Phase 45.260ms
[192.123s][info][gc,phases,start] GC(200) Summary Phase
[192.123s][info][gc,phases      ] GC(200) Summary Phase 0.020ms
[192.123s][info][gc,phases,start] GC(200) Adjust Roots
[192.129s][info][gc,phases      ] GC(200) Adjust Roots 5.099ms
[192.129s][info][gc,phases,start] GC(200) Compaction Phase
[192.141s][info][gc,phases      ] GC(200) Compaction Phase 12.663ms
[192.141s][info][gc,phases,start] GC(200) Post Compact
[192.144s][info][gc,phases      ] GC(200) Post Compact 2.791ms
[192.144s][info][gc,heap        ] GC(200) PSYoungGen: 58880K(116736K)->34212K(116736K) Eden: 58880K(58880K)->34212K(58880K) From: 0K(57856K)->0K(57856K)
[192.144s][info][gc,heap        ] GC(200) ParOldGen: 346355K(349696K)->346355K(349696K)
[192.144s][info][gc,metaspace   ] GC(200) Metaspace: 119638K(124864K)->119603K(124864K) NonClass: 101517K(104256K)->101492K(104256K) Class: 18121K(20608K)->18110K(20608K)
[192.144s][info][gc             ] GC(200) Pause Full (Ergonomics) 395M->371M(455M) 66.281ms
[192.144s][info][gc,cpu         ] GC(200) User=0.38s Sys=0.00s Real=0.06s
[192.149s][info][gc,start       ] GC(201) Pause Full (Ergonomics)
[192.149s][info][gc,phases,start] GC(201) Marking Phase
[192.194s][info][gc,phases      ] GC(201) Marking Phase 45.551ms
[192.194s][info][gc,phases,start] GC(201) Summary Phase
[192.194s][info][gc,phases      ] GC(201) Summary Phase 0.019ms
[192.194s][info][gc,phases,start] GC(201) Adjust Roots
[192.202s][info][gc,phases      ] GC(201) Adjust Roots 7.490ms
[192.202s][info][gc,phases,start] GC(201) Compaction Phase
[192.223s][info][gc,phases      ] GC(201) Compaction Phase 21.440ms
[192.223s][info][gc,phases,start] GC(201) Post Compact
[192.226s][info][gc,phases      ] GC(201) Post Compact 2.593ms
[192.226s][info][gc,heap        ] GC(201) PSYoungGen: 58880K(116736K)->33996K(116736K) Eden: 58880K(58880K)->33996K(58880K) From: 0K(57856K)->0K(57856K)
[192.226s][info][gc,heap        ] GC(201) ParOldGen: 346355K(349696K)->346353K(349696K)
[192.226s][info][gc,metaspace   ] GC(201) Metaspace: 119662K(124864K)->119640K(124864K) NonClass: 101532K(104256K)->101517K(104256K) Class: 18130K(20608K)->18123K(20608K)
[192.226s][info][gc             ] GC(201) Pause Full (Ergonomics) 395M->371M(455M) 77.440ms
[192.226s][info][gc,cpu         ] GC(201) User=0.59s Sys=0.00s Real=0.08s
[192.230s][info][gc,start       ] GC(202) Pause Full (Ergonomics)
[192.230s][info][gc,phases,start] GC(202) Marking Phase
[192.269s][info][gc,phases      ] GC(202) Marking Phase 39.131ms
[192.269s][info][gc,phases,start] GC(202) Summary Phase
[192.269s][info][gc,phases      ] GC(202) Summary Phase 0.020ms
[192.269s][info][gc,phases,start] GC(202) Adjust Roots
[192.273s][info][gc,phases      ] GC(202) Adjust Roots 4.128ms
[192.273s][info][gc,phases,start] GC(202) Compaction Phase
[192.294s][info][gc,phases      ] GC(202) Compaction Phase 20.396ms
[192.294s][info][gc,phases,start] GC(202) Post Compact
[192.296s][info][gc,phases      ] GC(202) Post Compact 2.484ms
[192.296s][info][gc,heap        ] GC(202) PSYoungGen: 58880K(116736K)->38490K(116736K) Eden: 58880K(58880K)->38490K(58880K) From: 0K(57856K)->0K(57856K)
[192.296s][info][gc,heap        ] GC(202) ParOldGen: 346353K(349696K)->346334K(349696K)
[192.296s][info][gc,metaspace   ] GC(202) Metaspace: 119646K(124864K)->119608K(124864K) NonClass: 101522K(104256K)->101496K(104256K) Class: 18123K(20608K)->18111K(20608K)
[192.296s][info][gc             ] GC(202) Pause Full (Ergonomics) 395M->375M(455M) 66.479ms
[192.296s][info][gc,cpu         ] GC(202) User=0.48s Sys=0.00s Real=0.06s
[192.300s][info][gc,start       ] GC(203) Pause Full (Ergonomics)
[192.300s][info][gc,phases,start] GC(203) Marking Phase
[192.337s][info][gc,phases      ] GC(203) Marking Phase 36.298ms
[192.337s][info][gc,phases,start] GC(203) Summary Phase
[192.337s][info][gc,phases      ] GC(203) Summary Phase 0.029ms
[192.337s][info][gc,phases,start] GC(203) Adjust Roots
[192.340s][info][gc,phases      ] GC(203) Adjust Roots 3.168ms
[192.340s][info][gc,phases,start] GC(203) Compaction Phase
[192.355s][info][gc,phases      ] GC(203) Compaction Phase 15.413ms
[192.355s][info][gc,phases,start] GC(203) Post Compact
[192.358s][info][gc,phases      ] GC(203) Post Compact 2.633ms
[192.358s][info][gc,heap        ] GC(203) PSYoungGen: 58880K(116736K)->38739K(116736K) Eden: 58880K(58880K)->38739K(58880K) From: 0K(57856K)->0K(57856K)
[192.358s][info][gc,heap        ] GC(203) ParOldGen: 346334K(349696K)->346302K(349696K)
[192.358s][info][gc,metaspace   ] GC(203) Metaspace: 119609K(124864K)->119609K(124864K) NonClass: 101498K(104256K)->101498K(104256K) Class: 18111K(20608K)->18111K(20608K)
[192.358s][info][gc             ] GC(203) Pause Full (Ergonomics) 395M->376M(455M) 57.970ms
[192.358s][info][gc,cpu         ] GC(203) User=0.47s Sys=0.00s Real=0.05s
[192.363s][info][gc,start       ] GC(204) Pause Full (Ergonomics)
[192.363s][info][gc,phases,start] GC(204) Marking Phase
[192.402s][info][gc,phases      ] GC(204) Marking Phase 38.617ms
[192.402s][info][gc,phases,start] GC(204) Summary Phase
[192.402s][info][gc,phases      ] GC(204) Summary Phase 0.047ms
[192.402s][info][gc,phases,start] GC(204) Adjust Roots
[192.405s][info][gc,phases      ] GC(204) Adjust Roots 3.220ms
[192.405s][info][gc,phases,start] GC(204) Compaction Phase
[192.419s][info][gc,phases      ] GC(204) Compaction Phase 13.444ms
[192.419s][info][gc,phases,start] GC(204) Post Compact
[192.421s][info][gc,phases      ] GC(204) Post Compact 2.622ms
[192.422s][info][gc,heap        ] GC(204) PSYoungGen: 58880K(116736K)->38112K(116736K) Eden: 58880K(58880K)->38112K(58880K) From: 0K(57856K)->0K(57856K)
[192.422s][info][gc,heap        ] GC(204) ParOldGen: 346302K(349696K)->346302K(349696K)
[192.422s][info][gc,metaspace   ] GC(204) Metaspace: 119610K(124864K)->119610K(124864K) NonClass: 101498K(104256K)->101498K(104256K) Class: 18111K(20608K)->18111K(20608K)
[192.422s][info][gc             ] GC(204) Pause Full (Ergonomics) 395M->375M(455M) 58.387ms
[192.422s][info][gc,cpu         ] GC(204) User=0.33s Sys=0.00s Real=0.05s
[192.426s][info][gc,start       ] GC(205) Pause Full (Ergonomics)
[192.426s][info][gc,phases,start] GC(205) Marking Phase
[192.459s][info][gc,phases      ] GC(205) Marking Phase 32.607ms
[192.459s][info][gc,phases,start] GC(205) Summary Phase
[192.459s][info][gc,phases      ] GC(205) Summary Phase 0.021ms
[192.459s][info][gc,phases,start] GC(205) Adjust Roots
[192.462s][info][gc,phases      ] GC(205) Adjust Roots 3.138ms
[192.462s][info][gc,phases,start] GC(205) Compaction Phase
[192.469s][info][gc,phases      ] GC(205) Compaction Phase 7.336ms
[192.469s][info][gc,phases,start] GC(205) Post Compact
[192.471s][info][gc,phases      ] GC(205) Post Compact 2.153ms
[192.471s][info][gc,heap        ] GC(205) PSYoungGen: 58880K(116736K)->38947K(116736K) Eden: 58880K(58880K)->38947K(58880K) From: 0K(57856K)->0K(57856K)
[192.471s][info][gc,heap        ] GC(205) ParOldGen: 346302K(349696K)->346301K(349696K)
[192.471s][info][gc,metaspace   ] GC(205) Metaspace: 119610K(124864K)->119610K(124864K) NonClass: 101498K(104256K)->101498K(104256K) Class: 18111K(20608K)->18111K(20608K)
[192.471s][info][gc             ] GC(205) Pause Full (Ergonomics) 395M->376M(455M) 45.513ms
[192.471s][info][gc,cpu         ] GC(205) User=0.17s Sys=0.00s Real=0.03s
[192.477s][info][gc,start       ] GC(206) Pause Full (Ergonomics)
[192.477s][info][gc,phases,start] GC(206) Marking Phase
[192.508s][info][gc,phases      ] GC(206) Marking Phase 30.825ms
[192.508s][info][gc,phases,start] GC(206) Summary Phase
[192.508s][info][gc,phases      ] GC(206) Summary Phase 0.020ms
[192.508s][info][gc,phases,start] GC(206) Adjust Roots
[192.511s][info][gc,phases      ] GC(206) Adjust Roots 3.488ms
[192.511s][info][gc,phases,start] GC(206) Compaction Phase
[192.526s][info][gc,phases      ] GC(206) Compaction Phase 14.486ms
[192.526s][info][gc,phases,start] GC(206) Post Compact
[192.528s][info][gc,phases      ] GC(206) Post Compact 2.259ms
[192.528s][info][gc,heap        ] GC(206) PSYoungGen: 58880K(116736K)->40528K(116736K) Eden: 58880K(58880K)->40528K(58880K) From: 0K(57856K)->0K(57856K)
[192.528s][info][gc,heap        ] GC(206) ParOldGen: 346301K(349696K)->346292K(349696K)
[192.528s][info][gc,metaspace   ] GC(206) Metaspace: 119611K(124864K)->119611K(124864K) NonClass: 101500K(104256K)->101500K(104256K) Class: 18111K(20608K)->18111K(20608K)
[192.528s][info][gc             ] GC(206) Pause Full (Ergonomics) 395M->377M(455M) 51.485ms
[192.528s][info][gc,cpu         ] GC(206) User=0.20s Sys=0.00s Real=0.05s
[192.534s][info][gc,start       ] GC(207) Pause Full (Ergonomics)
[192.534s][info][gc,phases,start] GC(207) Marking Phase
[192.571s][info][gc,phases      ] GC(207) Marking Phase 36.640ms
[192.571s][info][gc,phases,start] GC(207) Summary Phase
[192.571s][info][gc,phases      ] GC(207) Summary Phase 0.020ms
[192.571s][info][gc,phases,start] GC(207) Adjust Roots
[192.574s][info][gc,phases      ] GC(207) Adjust Roots 3.219ms
[192.574s][info][gc,phases,start] GC(207) Compaction Phase
[192.593s][info][gc,phases      ] GC(207) Compaction Phase 18.747ms
[192.593s][info][gc,phases,start] GC(207) Post Compact
[192.595s][info][gc,phases      ] GC(207) Post Compact 2.088ms
[192.595s][info][gc,heap        ] GC(207) PSYoungGen: 58880K(116736K)->40507K(116736K) Eden: 58880K(58880K)->40507K(58880K) From: 0K(57856K)->0K(57856K)
[192.595s][info][gc,heap        ] GC(207) ParOldGen: 346292K(349696K)->346279K(349696K)
[192.595s][info][gc,metaspace   ] GC(207) Metaspace: 119625K(124864K)->119625K(124864K) NonClass: 101513K(104256K)->101513K(104256K) Class: 18111K(20608K)->18111K(20608K)
[192.595s][info][gc             ] GC(207) Pause Full (Ergonomics) 395M->377M(455M) 61.055ms
[192.595s][info][gc,cpu         ] GC(207) User=0.63s Sys=0.00s Real=0.06s
[192.599s][info][gc,start       ] GC(208) Pause Full (Ergonomics)
[192.599s][info][gc,phases,start] GC(208) Marking Phase
[192.626s][info][gc,phases      ] GC(208) Marking Phase 26.897ms
[192.626s][info][gc,phases,start] GC(208) Summary Phase
[192.626s][info][gc,phases      ] GC(208) Summary Phase 0.028ms
[192.626s][info][gc,phases,start] GC(208) Adjust Roots
[192.630s][info][gc,phases      ] GC(208) Adjust Roots 3.835ms
[192.630s][info][gc,phases,start] GC(208) Compaction Phase
[192.650s][info][gc,phases      ] GC(208) Compaction Phase 19.343ms
[192.650s][info][gc,phases,start] GC(208) Post Compact
[192.652s][info][gc,phases      ] GC(208) Post Compact 2.076ms
[192.652s][info][gc,heap        ] GC(208) PSYoungGen: 58880K(116736K)->40573K(116736K) Eden: 58880K(58880K)->40573K(58880K) From: 0K(57856K)->0K(57856K)
[192.652s][info][gc,heap        ] GC(208) ParOldGen: 346279K(349696K)->346273K(349696K)
[192.652s][info][gc,metaspace   ] GC(208) Metaspace: 119632K(124864K)->119632K(124864K) NonClass: 101521K(104256K)->101521K(104256K) Class: 18111K(20608K)->18111K(20608K)
[192.652s][info][gc             ] GC(208) Pause Full (Ergonomics) 395M->377M(455M) 52.491ms
[192.652s][info][gc,cpu         ] GC(208) User=0.33s Sys=0.00s Real=0.05s
[192.656s][info][gc,start       ] GC(209) Pause Full (Ergonomics)
[192.656s][info][gc,phases,start] GC(209) Marking Phase
[192.688s][info][gc,phases      ] GC(209) Marking Phase 32.501ms
[192.688s][info][gc,phases,start] GC(209) Summary Phase
[192.688s][info][gc,phases      ] GC(209) Summary Phase 0.024ms
[192.688s][info][gc,phases,start] GC(209) Adjust Roots
[192.692s][info][gc,phases      ] GC(209) Adjust Roots 3.564ms
[192.692s][info][gc,phases,start] GC(209) Compaction Phase
[192.699s][info][gc,phases      ] GC(209) Compaction Phase 7.180ms
[192.699s][info][gc,phases,start] GC(209) Post Compact
[192.701s][info][gc,phases      ] GC(209) Post Compact 2.269ms
[192.701s][info][gc,heap        ] GC(209) PSYoungGen: 58880K(116736K)->40583K(116736K) Eden: 58880K(58880K)->40583K(58880K) From: 0K(57856K)->0K(57856K)
[192.701s][info][gc,heap        ] GC(209) ParOldGen: 346273K(349696K)->346271K(349696K)
[192.701s][info][gc,metaspace   ] GC(209) Metaspace: 119632K(124864K)->119632K(124864K) NonClass: 101521K(104256K)->101521K(104256K) Class: 18111K(20608K)->18111K(20608K)
[192.701s][info][gc             ] GC(209) Pause Full (Ergonomics) 395M->377M(455M) 45.861ms
[192.701s][info][gc,cpu         ] GC(209) User=0.22s Sys=0.00s Real=0.05s
[192.706s][info][gc,start       ] GC(210) Pause Full (Ergonomics)
[192.706s][info][gc,phases,start] GC(210) Marking Phase
[192.745s][info][gc,phases      ] GC(210) Marking Phase 38.536ms
[192.745s][info][gc,phases,start] GC(210) Summary Phase
[192.745s][info][gc,phases      ] GC(210) Summary Phase 0.019ms
[192.745s][info][gc,phases,start] GC(210) Adjust Roots
[192.748s][info][gc,phases      ] GC(210) Adjust Roots 3.508ms
[192.749s][info][gc,phases,start] GC(210) Compaction Phase
[192.760s][info][gc,phases      ] GC(210) Compaction Phase 11.199ms
[192.760s][info][gc,phases,start] GC(210) Post Compact
[192.762s][info][gc,phases      ] GC(210) Post Compact 2.633ms
[192.762s][info][gc,heap        ] GC(210) PSYoungGen: 58880K(116736K)->40598K(116736K) Eden: 58880K(58880K)->40598K(58880K) From: 0K(57856K)->0K(57856K)
[192.763s][info][gc,heap        ] GC(210) ParOldGen: 346271K(349696K)->346268K(349696K)
[192.763s][info][gc,metaspace   ] GC(210) Metaspace: 119633K(124864K)->119633K(124864K) NonClass: 101522K(104256K)->101522K(104256K) Class: 18111K(20608K)->18111K(20608K)
[192.763s][info][gc             ] GC(210) Pause Full (Ergonomics) 395M->377M(455M) 56.302ms
[192.763s][info][gc,cpu         ] GC(210) User=0.36s Sys=0.00s Real=0.06s
[192.768s][info][gc,start       ] GC(211) Pause Full (Ergonomics)
[192.768s][info][gc,phases,start] GC(211) Marking Phase
[192.804s][info][gc,phases      ] GC(211) Marking Phase 36.055ms
[192.804s][info][gc,phases,start] GC(211) Summary Phase
[192.804s][info][gc,phases      ] GC(211) Summary Phase 0.020ms
[192.804s][info][gc,phases,start] GC(211) Adjust Roots
[192.807s][info][gc,phases      ] GC(211) Adjust Roots 3.208ms
[192.807s][info][gc,phases,start] GC(211) Compaction Phase
[192.821s][info][gc,phases      ] GC(211) Compaction Phase 14.225ms
[192.821s][info][gc,phases,start] GC(211) Post Compact
[192.824s][info][gc,phases      ] GC(211) Post Compact 2.670ms
[192.824s][info][gc,heap        ] GC(211) PSYoungGen: 58880K(116736K)->43691K(116736K) Eden: 58880K(58880K)->43691K(58880K) From: 0K(57856K)->0K(57856K)
[192.824s][info][gc,heap        ] GC(211) ParOldGen: 346268K(349696K)->346268K(349696K)
[192.824s][info][gc,metaspace   ] GC(211) Metaspace: 119639K(124864K)->119639K(124864K) NonClass: 101527K(104256K)->101527K(104256K) Class: 18111K(20608K)->18111K(20608K)
[192.824s][info][gc             ] GC(211) Pause Full (Ergonomics) 395M->380M(455M) 56.637ms
[192.824s][info][gc,cpu         ] GC(211) User=0.50s Sys=0.00s Real=0.06s
[192.829s][info][gc,start       ] GC(212) Pause Full (Ergonomics)
[192.829s][info][gc,phases,start] GC(212) Marking Phase
[192.866s][info][gc,phases      ] GC(212) Marking Phase 36.876ms
[192.866s][info][gc,phases,start] GC(212) Summary Phase
[192.866s][info][gc,phases      ] GC(212) Summary Phase 0.020ms
[192.866s][info][gc,phases,start] GC(212) Adjust Roots
[192.870s][info][gc,phases      ] GC(212) Adjust Roots 3.786ms
[192.870s][info][gc,phases,start] GC(212) Compaction Phase
[192.888s][info][gc,phases      ] GC(212) Compaction Phase 18.641ms
[192.888s][info][gc,phases,start] GC(212) Post Compact
[192.891s][info][gc,phases      ] GC(212) Post Compact 2.659ms
[192.891s][info][gc,heap        ] GC(212) PSYoungGen: 58880K(116736K)->43788K(116736K) Eden: 58880K(58880K)->43788K(58880K) From: 0K(57856K)->0K(57856K)
[192.891s][info][gc,heap        ] GC(212) ParOldGen: 346268K(349696K)->346261K(349696K)
[192.891s][info][gc,metaspace   ] GC(212) Metaspace: 119640K(124864K)->119640K(124864K) NonClass: 101529K(104256K)->101529K(104256K) Class: 18111K(20608K)->18111K(20608K)
[192.891s][info][gc             ] GC(212) Pause Full (Ergonomics) 395M->380M(455M) 62.425ms
[192.891s][info][gc,cpu         ] GC(212) User=0.64s Sys=0.00s Real=0.06s
[192.896s][info][gc,start       ] GC(213) Pause Full (Ergonomics)
[192.896s][info][gc,phases,start] GC(213) Marking Phase
[192.928s][info][gc,phases      ] GC(213) Marking Phase 31.829ms
[192.928s][info][gc,phases,start] GC(213) Summary Phase
[192.928s][info][gc,phases      ] GC(213) Summary Phase 0.020ms
[192.928s][info][gc,phases,start] GC(213) Adjust Roots
[192.931s][info][gc,phases      ] GC(213) Adjust Roots 3.784ms
[192.931s][info][gc,phases,start] GC(213) Compaction Phase
[192.949s][info][gc,phases      ] GC(213) Compaction Phase 17.922ms
[192.949s][info][gc,phases,start] GC(213) Post Compact
[192.952s][info][gc,phases      ] GC(213) Post Compact 2.478ms
[192.952s][info][gc,heap        ] GC(213) PSYoungGen: 58880K(116736K)->43796K(116736K) Eden: 58880K(58880K)->43796K(58880K) From: 0K(57856K)->0K(57856K)
[192.952s][info][gc,heap        ] GC(213) ParOldGen: 346261K(349696K)->346261K(349696K)
[192.952s][info][gc,metaspace   ] GC(213) Metaspace: 119640K(124864K)->119640K(124864K) NonClass: 101529K(104256K)->101529K(104256K) Class: 18111K(20608K)->18111K(20608K)
[192.952s][info][gc             ] GC(213) Pause Full (Ergonomics) 395M->380M(455M) 56.426ms
[192.952s][info][gc,cpu         ] GC(213) User=0.55s Sys=0.00s Real=0.06s
[192.956s][info][gc,start       ] GC(214) Pause Full (Ergonomics)
[192.956s][info][gc,phases,start] GC(214) Marking Phase
[192.993s][info][gc,phases      ] GC(214) Marking Phase 36.980ms
[192.993s][info][gc,phases,start] GC(214) Summary Phase
[192.993s][info][gc,phases      ] GC(214) Summary Phase 0.020ms
[192.993s][info][gc,phases,start] GC(214) Adjust Roots
[192.997s][info][gc,phases      ] GC(214) Adjust Roots 3.320ms
[192.997s][info][gc,phases,start] GC(214) Compaction Phase
[193.015s][info][gc,phases      ] GC(214) Compaction Phase 18.617ms
[193.015s][info][gc,phases,start] GC(214) Post Compact
[193.018s][info][gc,phases      ] GC(214) Post Compact 2.326ms
[193.018s][info][gc,heap        ] GC(214) PSYoungGen: 58880K(116736K)->46873K(116736K) Eden: 58880K(58880K)->46873K(58880K) From: 0K(57856K)->0K(57856K)
[193.018s][info][gc,heap        ] GC(214) ParOldGen: 346261K(349696K)->346259K(349696K)
[193.018s][info][gc,metaspace   ] GC(214) Metaspace: 119645K(124864K)->119645K(124864K) NonClass: 101533K(104256K)->101533K(104256K) Class: 18111K(20608K)->18111K(20608K)
[193.018s][info][gc             ] GC(214) Pause Full (Ergonomics) 395M->383M(455M) 61.652ms
[193.018s][info][gc,cpu         ] GC(214) User=0.64s Sys=0.00s Real=0.06s
[193.022s][info][gc,start       ] GC(215) Pause Full (Ergonomics)
[193.022s][info][gc,phases,start] GC(215) Marking Phase
[193.052s][info][gc,phases      ] GC(215) Marking Phase 29.369ms
[193.052s][info][gc,phases,start] GC(215) Summary Phase
[193.052s][info][gc,phases      ] GC(215) Summary Phase 0.025ms
[193.052s][info][gc,phases,start] GC(215) Adjust Roots
[193.055s][info][gc,phases      ] GC(215) Adjust Roots 3.290ms
[193.055s][info][gc,phases,start] GC(215) Compaction Phase
[193.074s][info][gc,phases      ] GC(215) Compaction Phase 18.868ms
[193.074s][info][gc,phases,start] GC(215) Post Compact
[193.076s][info][gc,phases      ] GC(215) Post Compact 2.078ms
[193.076s][info][gc,heap        ] GC(215) PSYoungGen: 58880K(116736K)->45296K(116736K) Eden: 58880K(58880K)->45296K(58880K) From: 0K(57856K)->0K(57856K)
[193.076s][info][gc,heap        ] GC(215) ParOldGen: 346259K(349696K)->346257K(349696K)
[193.076s][info][gc,metaspace   ] GC(215) Metaspace: 119654K(124864K)->119654K(124864K) NonClass: 101543K(104256K)->101543K(104256K) Class: 18111K(20608K)->18111K(20608K)
[193.076s][info][gc             ] GC(215) Pause Full (Ergonomics) 395M->382M(455M) 53.960ms
[193.076s][info][gc,cpu         ] GC(215) User=0.34s Sys=0.00s Real=0.05s
[193.081s][info][gc,start       ] GC(216) Pause Full (Ergonomics)
[193.081s][info][gc,phases,start] GC(216) Marking Phase
[193.113s][info][gc,phases      ] GC(216) Marking Phase 32.678ms
[193.113s][info][gc,phases,start] GC(216) Summary Phase
[193.113s][info][gc,phases      ] GC(216) Summary Phase 0.048ms
[193.113s][info][gc,phases,start] GC(216) Adjust Roots
[193.118s][info][gc,phases      ] GC(216) Adjust Roots 4.272ms
[193.118s][info][gc,phases,start] GC(216) Compaction Phase
[193.138s][info][gc,phases      ] GC(216) Compaction Phase 20.133ms
[193.138s][info][gc,phases,start] GC(216) Post Compact
[193.140s][info][gc,phases      ] GC(216) Post Compact 2.151ms
[193.140s][info][gc,heap        ] GC(216) PSYoungGen: 58880K(116736K)->45320K(116736K) Eden: 58880K(58880K)->45320K(58880K) From: 0K(57856K)->0K(57856K)
[193.140s][info][gc,heap        ] GC(216) ParOldGen: 346257K(349696K)->346252K(349696K)
[193.140s][info][gc,metaspace   ] GC(216) Metaspace: 119664K(124864K)->119664K(124864K) NonClass: 101553K(104256K)->101553K(104256K) Class: 18111K(20608K)->18111K(20608K)
[193.140s][info][gc             ] GC(216) Pause Full (Ergonomics) 395M->382M(455M) 59.651ms
[193.140s][info][gc,cpu         ] GC(216) User=0.36s Sys=0.00s Real=0.06s
[193.143s][info][gc,start       ] GC(217) Pause Full (Ergonomics)
[193.143s][info][gc,phases,start] GC(217) Marking Phase
[193.172s][info][gc,phases      ] GC(217) Marking Phase 29.163ms
[193.172s][info][gc,phases,start] GC(217) Summary Phase
[193.172s][info][gc,phases      ] GC(217) Summary Phase 0.032ms
[193.172s][info][gc,phases,start] GC(217) Adjust Roots
[193.176s][info][gc,phases      ] GC(217) Adjust Roots 3.649ms
[193.176s][info][gc,phases,start] GC(217) Compaction Phase
[193.184s][info][gc,phases      ] GC(217) Compaction Phase 7.443ms
[193.184s][info][gc,phases,start] GC(217) Post Compact
[193.186s][info][gc,phases      ] GC(217) Post Compact 2.474ms
[193.186s][info][gc,heap        ] GC(217) PSYoungGen: 58880K(116736K)->45284K(116736K) Eden: 58880K(58880K)->45284K(58880K) From: 0K(57856K)->0K(57856K)
[193.186s][info][gc,heap        ] GC(217) ParOldGen: 346252K(349696K)->346246K(349696K)
[193.186s][info][gc,metaspace   ] GC(217) Metaspace: 119669K(124864K)->119669K(124864K) NonClass: 101558K(104256K)->101558K(104256K) Class: 18111K(20608K)->18111K(20608K)
[193.186s][info][gc             ] GC(217) Pause Full (Ergonomics) 395M->382M(455M) 43.101ms
[193.186s][info][gc,cpu         ] GC(217) User=0.17s Sys=0.00s Real=0.03s
[193.189s][info][gc,start       ] GC(218) Pause Full (Ergonomics)
[193.189s][info][gc,phases,start] GC(218) Marking Phase
[193.219s][info][gc,phases      ] GC(218) Marking Phase 29.744ms
[193.219s][info][gc,phases,start] GC(218) Summary Phase
[193.219s][info][gc,phases      ] GC(218) Summary Phase 0.021ms
[193.219s][info][gc,phases,start] GC(218) Adjust Roots
[193.223s][info][gc,phases      ] GC(218) Adjust Roots 4.035ms
[193.223s][info][gc,phases,start] GC(218) Compaction Phase
[193.238s][info][gc,phases      ] GC(218) Compaction Phase 14.374ms
[193.238s][info][gc,phases,start] GC(218) Post Compact
[193.240s][info][gc,phases      ] GC(218) Post Compact 2.128ms
[193.240s][info][gc,heap        ] GC(218) PSYoungGen: 58880K(116736K)->45354K(116736K) Eden: 58880K(58880K)->45354K(58880K) From: 0K(57856K)->0K(57856K)
[193.240s][info][gc,heap        ] GC(218) ParOldGen: 346246K(349696K)->346241K(349696K)
[193.240s][info][gc,metaspace   ] GC(218) Metaspace: 119682K(124864K)->119682K(124864K) NonClass: 101571K(104256K)->101571K(104256K) Class: 18111K(20608K)->18111K(20608K)
[193.240s][info][gc             ] GC(218) Pause Full (Ergonomics) 395M->382M(455M) 50.573ms
[193.240s][info][gc,cpu         ] GC(218) User=0.20s Sys=0.00s Real=0.05s
[193.244s][info][gc,start       ] GC(219) Pause Full (Ergonomics)
[193.244s][info][gc,phases,start] GC(219) Marking Phase
[193.284s][info][gc,phases      ] GC(219) Marking Phase 39.448ms
[193.284s][info][gc,phases,start] GC(219) Summary Phase
[193.284s][info][gc,phases      ] GC(219) Summary Phase 0.043ms
[193.284s][info][gc,phases,start] GC(219) Adjust Roots
[193.288s][info][gc,phases      ] GC(219) Adjust Roots 4.190ms
[193.288s][info][gc,phases,start] GC(219) Compaction Phase
[193.302s][info][gc,phases      ] GC(219) Compaction Phase 14.160ms
[193.302s][info][gc,phases,start] GC(219) Post Compact
[193.305s][info][gc,phases      ] GC(219) Post Compact 2.642ms
[193.305s][info][gc,heap        ] GC(219) PSYoungGen: 58879K(116736K)->45434K(116736K) Eden: 58879K(58880K)->45434K(58880K) From: 0K(57856K)->0K(57856K)
[193.305s][info][gc,heap        ] GC(219) ParOldGen: 346241K(349696K)->346222K(349696K)
[193.305s][info][gc,metaspace   ] GC(219) Metaspace: 119685K(124864K)->119685K(124864K) NonClass: 101574K(104256K)->101574K(104256K) Class: 18111K(20608K)->18111K(20608K)
[193.305s][info][gc             ] GC(219) Pause Full (Ergonomics) 395M->382M(455M) 60.895ms
[193.305s][info][gc,cpu         ] GC(219) User=0.20s Sys=0.00s Real=0.06s
[193.308s][info][gc,start       ] GC(220) Pause Full (Ergonomics)
[193.309s][info][gc,phases,start] GC(220) Marking Phase
[193.345s][info][gc,phases      ] GC(220) Marking Phase 36.491ms
[193.345s][info][gc,phases,start] GC(220) Summary Phase
[193.345s][info][gc,phases      ] GC(220) Summary Phase 0.019ms
[193.345s][info][gc,phases,start] GC(220) Adjust Roots
[193.348s][info][gc,phases      ] GC(220) Adjust Roots 3.289ms
[193.348s][info][gc,phases,start] GC(220) Compaction Phase
[193.368s][info][gc,phases      ] GC(220) Compaction Phase 19.132ms
[193.368s][info][gc,phases,start] GC(220) Post Compact
[193.370s][info][gc,phases      ] GC(220) Post Compact 2.089ms
[193.370s][info][gc,heap        ] GC(220) PSYoungGen: 58880K(116736K)->45407K(116736K) Eden: 58880K(58880K)->45407K(58880K) From: 0K(57856K)->0K(57856K)
[193.370s][info][gc,heap        ] GC(220) ParOldGen: 346222K(349696K)->346215K(349696K)
[193.370s][info][gc,metaspace   ] GC(220) Metaspace: 119690K(124864K)->119690K(124864K) NonClass: 101579K(104256K)->101579K(104256K) Class: 18111K(20608K)->18111K(20608K)
[193.370s][info][gc             ] GC(220) Pause Full (Ergonomics) 395M->382M(455M) 61.353ms
[193.370s][info][gc,cpu         ] GC(220) User=0.50s Sys=0.02s Real=0.06s
[193.372s][info][gc,start       ] GC(221) Pause Full (Ergonomics)
[193.372s][info][gc,phases,start] GC(221) Marking Phase
[193.404s][info][gc,phases      ] GC(221) Marking Phase 31.739ms
[193.404s][info][gc,phases,start] GC(221) Summary Phase
[193.404s][info][gc,phases      ] GC(221) Summary Phase 0.020ms
[193.404s][info][gc,phases,start] GC(221) Adjust Roots
[193.407s][info][gc,phases      ] GC(221) Adjust Roots 3.414ms
[193.407s][info][gc,phases,start] GC(221) Compaction Phase
[193.427s][info][gc,phases      ] GC(221) Compaction Phase 19.104ms
[193.427s][info][gc,phases,start] GC(221) Post Compact
[193.429s][info][gc,phases      ] GC(221) Post Compact 2.357ms
[193.429s][info][gc,heap        ] GC(221) PSYoungGen: 58880K(116736K)->46928K(116736K) Eden: 58880K(58880K)->46928K(58880K) From: 0K(57856K)->0K(57856K)
[193.429s][info][gc,heap        ] GC(221) ParOldGen: 346215K(349696K)->346212K(349696K)
[193.429s][info][gc,metaspace   ] GC(221) Metaspace: 119694K(124864K)->119694K(124864K) NonClass: 101582K(104256K)->101582K(104256K) Class: 18111K(20608K)->18111K(20608K)
[193.429s][info][gc             ] GC(221) Pause Full (Ergonomics) 395M->383M(455M) 56.958ms
[193.429s][info][gc,cpu         ] GC(221) User=0.33s Sys=0.00s Real=0.05s
[193.432s][info][gc,start       ] GC(222) Pause Full (Ergonomics)
[193.432s][info][gc,phases,start] GC(222) Marking Phase
[193.460s][info][gc,phases      ] GC(222) Marking Phase 27.498ms
[193.460s][info][gc,phases,start] GC(222) Summary Phase
[193.460s][info][gc,phases      ] GC(222) Summary Phase 0.020ms
[193.460s][info][gc,phases,start] GC(222) Adjust Roots
[193.463s][info][gc,phases      ] GC(222) Adjust Roots 3.337ms
[193.463s][info][gc,phases,start] GC(222) Compaction Phase
[193.481s][info][gc,phases      ] GC(222) Compaction Phase 18.241ms
[193.481s][info][gc,phases,start] GC(222) Post Compact
[193.484s][info][gc,phases      ] GC(222) Post Compact 2.684ms
[193.484s][info][gc,heap        ] GC(222) PSYoungGen: 58880K(116736K)->46955K(116736K) Eden: 58880K(58880K)->46955K(58880K) From: 0K(57856K)->0K(57856K)
[193.484s][info][gc,heap        ] GC(222) ParOldGen: 346212K(349696K)->346211K(349696K)
[193.484s][info][gc,metaspace   ] GC(222) Metaspace: 119694K(124864K)->119694K(124864K) NonClass: 101582K(104256K)->101582K(104256K) Class: 18111K(20608K)->18111K(20608K)
[193.484s][info][gc             ] GC(222) Pause Full (Ergonomics) 395M->383M(455M) 52.203ms
[193.484s][info][gc,cpu         ] GC(222) User=0.33s Sys=0.00s Real=0.05s
[193.487s][info][gc,start       ] GC(223) Pause Full (Ergonomics)
[193.487s][info][gc,phases,start] GC(223) Marking Phase
[193.515s][info][gc,phases      ] GC(223) Marking Phase 27.903ms
[193.515s][info][gc,phases,start] GC(223) Summary Phase
[193.515s][info][gc,phases      ] GC(223) Summary Phase 0.019ms
[193.515s][info][gc,phases,start] GC(223) Adjust Roots
[193.518s][info][gc,phases      ] GC(223) Adjust Roots 3.400ms
[193.518s][info][gc,phases,start] GC(223) Compaction Phase
[193.536s][info][gc,phases      ] GC(223) Compaction Phase 17.669ms
[193.536s][info][gc,phases,start] GC(223) Post Compact
[193.538s][info][gc,phases      ] GC(223) Post Compact 2.325ms
[193.538s][info][gc,heap        ] GC(223) PSYoungGen: 56623K(116736K)->46975K(116736K) Eden: 56623K(58880K)->46975K(58880K) From: 0K(57856K)->0K(57856K)
[193.538s][info][gc,heap        ] GC(223) ParOldGen: 346211K(349696K)->346211K(349696K)
[193.538s][info][gc,metaspace   ] GC(223) Metaspace: 119694K(124864K)->119694K(124864K) NonClass: 101582K(104256K)->101582K(104256K) Class: 18111K(20608K)->18111K(20608K)
[193.538s][info][gc             ] GC(223) Pause Full (Ergonomics) 393M->383M(455M) 51.704ms
[193.538s][info][gc,cpu         ] GC(223) User=0.33s Sys=0.00s Real=0.05s
[193.540s][info][gc,start       ] GC(224) Pause Full (Ergonomics)
[193.540s][info][gc,phases,start] GC(224) Marking Phase
[193.568s][info][gc,phases      ] GC(224) Marking Phase 27.230ms
[193.568s][info][gc,phases,start] GC(224) Summary Phase
[193.568s][info][gc,phases      ] GC(224) Summary Phase 0.023ms
[193.568s][info][gc,phases,start] GC(224) Adjust Roots
[193.571s][info][gc,phases      ] GC(224) Adjust Roots 3.397ms
[193.571s][info][gc,phases,start] GC(224) Compaction Phase
[193.592s][info][gc,phases      ] GC(224) Compaction Phase 20.572ms
[193.592s][info][gc,phases,start] GC(224) Post Compact
[193.594s][info][gc,phases      ] GC(224) Post Compact 2.095ms
[193.594s][info][gc,heap        ] GC(224) PSYoungGen: 58880K(116736K)->48539K(116736K) Eden: 58880K(58880K)->48539K(58880K) From: 0K(57856K)->0K(57856K)
[193.594s][info][gc,heap        ] GC(224) ParOldGen: 346211K(349696K)->346210K(349696K)
[193.594s][info][gc,metaspace   ] GC(224) Metaspace: 119694K(124864K)->119694K(124864K) NonClass: 101583K(104256K)->101583K(104256K) Class: 18111K(20608K)->18111K(20608K)
[193.594s][info][gc             ] GC(224) Pause Full (Ergonomics) 395M->385M(455M) 53.584ms
[193.594s][info][gc,cpu         ] GC(224) User=0.38s Sys=0.02s Real=0.05s
[193.596s][info][gc,start       ] GC(225) Pause Full (Ergonomics)
[193.596s][info][gc,phases,start] GC(225) Marking Phase
[193.623s][info][gc,phases      ] GC(225) Marking Phase 26.859ms
[193.623s][info][gc,phases,start] GC(225) Summary Phase
[193.623s][info][gc,phases      ] GC(225) Summary Phase 0.019ms
[193.623s][info][gc,phases,start] GC(225) Adjust Roots
[193.626s][info][gc,phases      ] GC(225) Adjust Roots 3.420ms
[193.626s][info][gc,phases,start] GC(225) Compaction Phase
[193.644s][info][gc,phases      ] GC(225) Compaction Phase 17.769ms
[193.644s][info][gc,phases,start] GC(225) Post Compact
[193.647s][info][gc,phases      ] GC(225) Post Compact 2.595ms
[193.647s][info][gc,heap        ] GC(225) PSYoungGen: 58880K(116736K)->48547K(116736K) Eden: 58880K(58880K)->48547K(58880K) From: 0K(57856K)->0K(57856K)
[193.647s][info][gc,heap        ] GC(225) ParOldGen: 346210K(349696K)->346210K(349696K)
[193.647s][info][gc,metaspace   ] GC(225) Metaspace: 119694K(124864K)->119694K(124864K) NonClass: 101583K(104256K)->101583K(104256K) Class: 18111K(20608K)->18111K(20608K)
[193.647s][info][gc             ] GC(225) Pause Full (Ergonomics) 395M->385M(455M) 51.038ms
[193.647s][info][gc,cpu         ] GC(225) User=0.36s Sys=0.00s Real=0.05s
[193.649s][info][gc,start       ] GC(226) Pause Full (Ergonomics)
[193.649s][info][gc,phases,start] GC(226) Marking Phase
[193.679s][info][gc,phases      ] GC(226) Marking Phase 29.491ms
[193.679s][info][gc,phases,start] GC(226) Summary Phase
[193.679s][info][gc,phases      ] GC(226) Summary Phase 0.033ms
[193.679s][info][gc,phases,start] GC(226) Adjust Roots
[193.682s][info][gc,phases      ] GC(226) Adjust Roots 3.483ms
[193.683s][info][gc,phases,start] GC(226) Compaction Phase
[193.701s][info][gc,phases      ] GC(226) Compaction Phase 18.640ms
[193.701s][info][gc,phases,start] GC(226) Post Compact
[193.704s][info][gc,phases      ] GC(226) Post Compact 2.614ms
[193.704s][info][gc,heap        ] GC(226) PSYoungGen: 58880K(116736K)->48553K(116736K) Eden: 58880K(58880K)->48553K(58880K) From: 0K(57856K)->0K(57856K)
[193.704s][info][gc,heap        ] GC(226) ParOldGen: 346210K(349696K)->346209K(349696K)
[193.704s][info][gc,metaspace   ] GC(226) Metaspace: 119694K(124864K)->119694K(124864K) NonClass: 101583K(104256K)->101583K(104256K) Class: 18111K(20608K)->18111K(20608K)
[193.704s][info][gc             ] GC(226) Pause Full (Ergonomics) 395M->385M(455M) 54.687ms
[193.704s][info][gc,cpu         ] GC(226) User=0.33s Sys=0.00s Real=0.05s
[193.706s][info][gc,start       ] GC(227) Pause Full (Ergonomics)
[193.706s][info][gc,phases,start] GC(227) Marking Phase
[193.735s][info][gc,phases      ] GC(227) Marking Phase 28.315ms
[193.735s][info][gc,phases,start] GC(227) Summary Phase
[193.735s][info][gc,phases      ] GC(227) Summary Phase 0.020ms
[193.735s][info][gc,phases,start] GC(227) Adjust Roots
[193.738s][info][gc,phases      ] GC(227) Adjust Roots 3.396ms
[193.738s][info][gc,phases,start] GC(227) Compaction Phase
[193.756s][info][gc,phases      ] GC(227) Compaction Phase 18.053ms
[193.756s][info][gc,phases,start] GC(227) Post Compact
[193.759s][info][gc,phases      ] GC(227) Post Compact 2.089ms
[193.759s][info][gc,heap        ] GC(227) PSYoungGen: 58880K(116736K)->48553K(116736K) Eden: 58880K(58880K)->48553K(58880K) From: 0K(57856K)->0K(57856K)
[193.759s][info][gc,heap        ] GC(227) ParOldGen: 346209K(349696K)->346208K(349696K)
[193.759s][info][gc,metaspace   ] GC(227) Metaspace: 119694K(124864K)->119694K(124864K) NonClass: 101583K(104256K)->101583K(104256K) Class: 18111K(20608K)->18111K(20608K)
[193.759s][info][gc             ] GC(227) Pause Full (Ergonomics) 395M->385M(455M) 52.169ms
[193.759s][info][gc,cpu         ] GC(227) User=0.34s Sys=0.00s Real=0.05s
[193.761s][info][gc,start       ] GC(228) Pause Full (Ergonomics)
[193.761s][info][gc,phases,start] GC(228) Marking Phase
[193.788s][info][gc,phases      ] GC(228) Marking Phase 27.252ms
[193.788s][info][gc,phases,start] GC(228) Summary Phase
[193.788s][info][gc,phases      ] GC(228) Summary Phase 0.020ms
[193.788s][info][gc,phases,start] GC(228) Adjust Roots
[193.791s][info][gc,phases      ] GC(228) Adjust Roots 3.328ms
[193.791s][info][gc,phases,start] GC(228) Compaction Phase
[193.809s][info][gc,phases      ] GC(228) Compaction Phase 17.815ms
[193.809s][info][gc,phases,start] GC(228) Post Compact
[193.812s][info][gc,phases      ] GC(228) Post Compact 2.676ms
[193.812s][info][gc,heap        ] GC(228) PSYoungGen: 56266K(116736K)->48522K(116736K) Eden: 56266K(58880K)->48522K(58880K) From: 0K(57856K)->0K(57856K)
[193.812s][info][gc,heap        ] GC(228) ParOldGen: 346208K(349696K)->346207K(349696K)
[193.812s][info][gc,metaspace   ] GC(228) Metaspace: 119694K(124864K)->119694K(124864K) NonClass: 101583K(104256K)->101583K(104256K) Class: 18111K(20608K)->18111K(20608K)
[193.812s][info][gc             ] GC(228) Pause Full (Ergonomics) 393M->385M(455M) 51.525ms
[193.812s][info][gc,cpu         ] GC(228) User=0.33s Sys=0.00s Real=0.05s
[193.814s][info][gc,start       ] GC(229) Pause Full (Ergonomics)
[193.814s][info][gc,phases,start] GC(229) Marking Phase
[193.846s][info][gc,phases      ] GC(229) Marking Phase 32.166ms
[193.846s][info][gc,phases,start] GC(229) Summary Phase
[193.846s][info][gc,phases      ] GC(229) Summary Phase 0.023ms
[193.846s][info][gc,phases,start] GC(229) Adjust Roots
[193.850s][info][gc,phases      ] GC(229) Adjust Roots 3.361ms
[193.850s][info][gc,phases,start] GC(229) Compaction Phase
[193.858s][info][gc,phases      ] GC(229) Compaction Phase 8.550ms
[193.858s][info][gc,phases,start] GC(229) Post Compact
[193.861s][info][gc,phases      ] GC(229) Post Compact 2.132ms
[193.861s][info][gc,heap        ] GC(229) PSYoungGen: 58880K(116736K)->50138K(116736K) Eden: 58880K(58880K)->50138K(58880K) From: 0K(57856K)->0K(57856K)
[193.861s][info][gc,heap        ] GC(229) ParOldGen: 346207K(349696K)->346206K(349696K)
[193.861s][info][gc,metaspace   ] GC(229) Metaspace: 119694K(124864K)->119694K(124864K) NonClass: 101583K(104256K)->101583K(104256K) Class: 18111K(20608K)->18111K(20608K)
[193.861s][info][gc             ] GC(229) Pause Full (Ergonomics) 395M->387M(455M) 46.474ms
[193.861s][info][gc,cpu         ] GC(229) User=0.20s Sys=0.00s Real=0.05s
[193.863s][info][gc,start       ] GC(230) Pause Full (Ergonomics)
[193.863s][info][gc,phases,start] GC(230) Marking Phase
[193.891s][info][gc,phases      ] GC(230) Marking Phase 28.648ms
[193.891s][info][gc,phases,start] GC(230) Summary Phase
[193.891s][info][gc,phases      ] GC(230) Summary Phase 0.020ms
[193.891s][info][gc,phases,start] GC(230) Adjust Roots
[193.897s][info][gc,phases      ] GC(230) Adjust Roots 5.272ms
[193.897s][info][gc,phases,start] GC(230) Compaction Phase
[193.915s][info][gc,phases      ] GC(230) Compaction Phase 18.415ms
[193.915s][info][gc,phases,start] GC(230) Post Compact
[193.917s][info][gc,phases      ] GC(230) Post Compact 2.102ms
[193.917s][info][gc,heap        ] GC(230) PSYoungGen: 58879K(116736K)->53198K(116736K) Eden: 58879K(58880K)->53198K(58880K) From: 0K(57856K)->0K(57856K)
[193.917s][info][gc,heap        ] GC(230) ParOldGen: 346206K(349696K)->346206K(349696K)
[193.917s][info][gc,metaspace   ] GC(230) Metaspace: 119694K(124864K)->119694K(124864K) NonClass: 101583K(104256K)->101583K(104256K) Class: 18111K(20608K)->18111K(20608K)
[193.917s][info][gc             ] GC(230) Pause Full (Ergonomics) 395M->390M(455M) 54.742ms
[193.917s][info][gc,cpu         ] GC(230) User=0.33s Sys=0.00s Real=0.05s
[193.919s][info][gc,start       ] GC(231) Pause Full (Ergonomics)
[193.919s][info][gc,phases,start] GC(231) Marking Phase
[193.949s][info][gc,phases      ] GC(231) Marking Phase 29.576ms
[193.949s][info][gc,phases,start] GC(231) Summary Phase
[193.949s][info][gc,phases      ] GC(231) Summary Phase 0.025ms
[193.949s][info][gc,phases,start] GC(231) Adjust Roots
[193.953s][info][gc,phases      ] GC(231) Adjust Roots 4.391ms
[193.953s][info][gc,phases,start] GC(231) Compaction Phase
[193.973s][info][gc,phases      ] GC(231) Compaction Phase 20.260ms
[193.973s][info][gc,phases,start] GC(231) Post Compact
[193.976s][info][gc,phases      ] GC(231) Post Compact 2.679ms
[193.976s][info][gc,heap        ] GC(231) PSYoungGen: 58879K(116736K)->51672K(116736K) Eden: 58879K(58880K)->51672K(58880K) From: 0K(57856K)->0K(57856K)
[193.976s][info][gc,heap        ] GC(231) ParOldGen: 346206K(349696K)->346205K(349696K)
[193.976s][info][gc,metaspace   ] GC(231) Metaspace: 119694K(124864K)->119694K(124864K) NonClass: 101583K(104256K)->101583K(104256K) Class: 18111K(20608K)->18111K(20608K)
[193.976s][info][gc             ] GC(231) Pause Full (Ergonomics) 395M->388M(455M) 57.306ms
[193.976s][info][gc,cpu         ] GC(231) User=0.66s Sys=0.00s Real=0.06s
[193.978s][info][gc,start       ] GC(232) Pause Full (Ergonomics)
[193.978s][info][gc,phases,start] GC(232) Marking Phase
[194.007s][info][gc,phases      ] GC(232) Marking Phase 28.804ms
[194.007s][info][gc,phases,start] GC(232) Summary Phase
[194.007s][info][gc,phases      ] GC(232) Summary Phase 0.018ms
[194.007s][info][gc,phases,start] GC(232) Adjust Roots
[194.011s][info][gc,phases      ] GC(232) Adjust Roots 3.374ms
[194.011s][info][gc,phases,start] GC(232) Compaction Phase
[194.024s][info][gc,phases      ] GC(232) Compaction Phase 13.714ms
[194.024s][info][gc,phases,start] GC(232) Post Compact
[194.027s][info][gc,phases      ] GC(232) Post Compact 2.298ms
[194.027s][info][gc,heap        ] GC(232) PSYoungGen: 58880K(116736K)->51656K(116736K) Eden: 58880K(58880K)->51656K(58880K) From: 0K(57856K)->0K(57856K)
[194.027s][info][gc,heap        ] GC(232) ParOldGen: 346205K(349696K)->346205K(349696K)
[194.027s][info][gc,metaspace   ] GC(232) Metaspace: 119694K(124864K)->119694K(124864K) NonClass: 101583K(104256K)->101583K(104256K) Class: 18111K(20608K)->18111K(20608K)
[194.027s][info][gc             ] GC(232) Pause Full (Ergonomics) 395M->388M(455M) 48.493ms
[194.027s][info][gc,cpu         ] GC(232) User=0.44s Sys=0.00s Real=0.05s
[194.029s][info][gc,start       ] GC(233) Pause Full (Ergonomics)
[194.029s][info][gc,phases,start] GC(233) Marking Phase
[194.063s][info][gc,phases      ] GC(233) Marking Phase 34.226ms
[194.063s][info][gc,phases,start] GC(233) Summary Phase
[194.063s][info][gc,phases      ] GC(233) Summary Phase 0.020ms
[194.063s][info][gc,phases,start] GC(233) Adjust Roots
[194.067s][info][gc,phases      ] GC(233) Adjust Roots 4.053ms
[194.067s][info][gc,phases,start] GC(233) Compaction Phase
[194.086s][info][gc,phases      ] GC(233) Compaction Phase 18.352ms
[194.086s][info][gc,phases,start] GC(233) Post Compact
[194.088s][info][gc,phases      ] GC(233) Post Compact 2.686ms
[194.088s][info][gc,heap        ] GC(233) PSYoungGen: 58880K(116736K)->51699K(116736K) Eden: 58880K(58880K)->51699K(58880K) From: 0K(57856K)->0K(57856K)
[194.089s][info][gc,heap        ] GC(233) ParOldGen: 346205K(349696K)->346204K(349696K)
[194.089s][info][gc,metaspace   ] GC(233) Metaspace: 119694K(124864K)->119694K(124864K) NonClass: 101583K(104256K)->101583K(104256K) Class: 18111K(20608K)->18111K(20608K)
[194.089s][info][gc             ] GC(233) Pause Full (Ergonomics) 395M->388M(455M) 59.770ms
[194.089s][info][gc,cpu         ] GC(233) User=0.50s Sys=0.00s Real=0.06s
[194.091s][info][gc,start       ] GC(234) Pause Full (Ergonomics)
[194.091s][info][gc,phases,start] GC(234) Marking Phase
[194.118s][info][gc,phases      ] GC(234) Marking Phase 27.592ms
[194.118s][info][gc,phases,start] GC(234) Summary Phase
[194.118s][info][gc,phases      ] GC(234) Summary Phase 0.018ms
[194.118s][info][gc,phases,start] GC(234) Adjust Roots
[194.122s][info][gc,phases      ] GC(234) Adjust Roots 3.365ms
[194.122s][info][gc,phases,start] GC(234) Compaction Phase
[194.140s][info][gc,phases      ] GC(234) Compaction Phase 17.839ms
[194.140s][info][gc,phases,start] GC(234) Post Compact
[194.142s][info][gc,phases      ] GC(234) Post Compact 2.604ms
[194.142s][info][gc,heap        ] GC(234) PSYoungGen: 58880K(116736K)->51704K(116736K) Eden: 58880K(58880K)->51704K(58880K) From: 0K(57856K)->0K(57856K)
[194.142s][info][gc,heap        ] GC(234) ParOldGen: 346204K(349696K)->346204K(349696K)
[194.142s][info][gc,metaspace   ] GC(234) Metaspace: 119694K(124864K)->119694K(124864K) NonClass: 101583K(104256K)->101583K(104256K) Class: 18111K(20608K)->18111K(20608K)
[194.142s][info][gc             ] GC(234) Pause Full (Ergonomics) 395M->388M(455M) 51.788ms
[194.142s][info][gc,cpu         ] GC(234) User=0.33s Sys=0.00s Real=0.05s
[194.145s][info][gc,start       ] GC(235) Pause Full (Ergonomics)
[194.145s][info][gc,phases,start] GC(235) Marking Phase
[194.173s][info][gc,phases      ] GC(235) Marking Phase 28.109ms
[194.173s][info][gc,phases,start] GC(235) Summary Phase
[194.173s][info][gc,phases      ] GC(235) Summary Phase 0.022ms
[194.173s][info][gc,phases,start] GC(235) Adjust Roots
[194.177s][info][gc,phases      ] GC(235) Adjust Roots 3.593ms
[194.177s][info][gc,phases,start] GC(235) Compaction Phase
[194.187s][info][gc,phases      ] GC(235) Compaction Phase 10.859ms
[194.187s][info][gc,phases,start] GC(235) Post Compact
[194.189s][info][gc,phases      ] GC(235) Post Compact 2.004ms
[194.189s][info][gc,heap        ] GC(235) PSYoungGen: 58880K(116736K)->51695K(116736K) Eden: 58880K(58880K)->51695K(58880K) From: 0K(57856K)->0K(57856K)
[194.189s][info][gc,heap        ] GC(235) ParOldGen: 346204K(349696K)->346204K(349696K)
[194.190s][info][gc,metaspace   ] GC(235) Metaspace: 119698K(124864K)->119698K(124864K) NonClass: 101587K(104256K)->101587K(104256K) Class: 18111K(20608K)->18111K(20608K)
[194.190s][info][gc             ] GC(235) Pause Full (Ergonomics) 395M->388M(455M) 44.852ms
[194.190s][info][gc,cpu         ] GC(235) User=0.17s Sys=0.00s Real=0.03s
[194.192s][info][gc,start       ] GC(236) Pause Full (Ergonomics)
[194.192s][info][gc,phases,start] GC(236) Marking Phase
[194.227s][info][gc,phases      ] GC(236) Marking Phase 34.910ms
[194.227s][info][gc,phases,start] GC(236) Summary Phase
[194.227s][info][gc,phases      ] GC(236) Summary Phase 0.020ms
[194.227s][info][gc,phases,start] GC(236) Adjust Roots
[194.230s][info][gc,phases      ] GC(236) Adjust Roots 3.295ms
[194.230s][info][gc,phases,start] GC(236) Compaction Phase
[194.248s][info][gc,phases      ] GC(236) Compaction Phase 17.965ms
[194.248s][info][gc,phases,start] GC(236) Post Compact
[194.251s][info][gc,phases      ] GC(236) Post Compact 2.690ms
[194.251s][info][gc,heap        ] GC(236) PSYoungGen: 58879K(116736K)->51673K(116736K) Eden: 58879K(58880K)->51673K(58880K) From: 0K(57856K)->0K(57856K)
[194.251s][info][gc,heap        ] GC(236) ParOldGen: 346204K(349696K)->346202K(349696K)
[194.251s][info][gc,metaspace   ] GC(236) Metaspace: 119698K(124864K)->119698K(124864K) NonClass: 101587K(104256K)->101587K(104256K) Class: 18111K(20608K)->18111K(20608K)
[194.251s][info][gc             ] GC(236) Pause Full (Ergonomics) 395M->388M(455M) 59.294ms
[194.251s][info][gc,cpu         ] GC(236) User=0.67s Sys=0.02s Real=0.05s
[194.253s][info][gc,start       ] GC(237) Pause Full (Ergonomics)
[194.253s][info][gc,phases,start] GC(237) Marking Phase
[194.287s][info][gc,phases      ] GC(237) Marking Phase 33.633ms
[194.287s][info][gc,phases,start] GC(237) Summary Phase
[194.287s][info][gc,phases      ] GC(237) Summary Phase 0.019ms
[194.287s][info][gc,phases,start] GC(237) Adjust Roots
[194.290s][info][gc,phases      ] GC(237) Adjust Roots 3.623ms
[194.290s][info][gc,phases,start] GC(237) Compaction Phase
[194.308s][info][gc,phases      ] GC(237) Compaction Phase 18.194ms
[194.309s][info][gc,phases,start] GC(237) Post Compact
[194.311s][info][gc,phases      ] GC(237) Post Compact 2.323ms
[194.311s][info][gc,heap        ] GC(237) PSYoungGen: 58880K(116736K)->51661K(116736K) Eden: 58880K(58880K)->51661K(58880K) From: 0K(57856K)->0K(57856K)
[194.311s][info][gc,heap        ] GC(237) ParOldGen: 346202K(349696K)->346202K(349696K)
[194.311s][info][gc,metaspace   ] GC(237) Metaspace: 119700K(124864K)->119700K(124864K) NonClass: 101589K(104256K)->101589K(104256K) Class: 18111K(20608K)->18111K(20608K)
[194.311s][info][gc             ] GC(237) Pause Full (Ergonomics) 395M->388M(455M) 58.098ms
[194.311s][info][gc,cpu         ] GC(237) User=0.33s Sys=0.00s Real=0.05s
[194.313s][info][gc,start       ] GC(238) Pause Full (Ergonomics)
[194.313s][info][gc,phases,start] GC(238) Marking Phase
[194.342s][info][gc,phases      ] GC(238) Marking Phase 28.688ms
[194.342s][info][gc,phases,start] GC(238) Summary Phase
[194.342s][info][gc,phases      ] GC(238) Summary Phase 0.018ms
[194.342s][info][gc,phases,start] GC(238) Adjust Roots
[194.345s][info][gc,phases      ] GC(238) Adjust Roots 3.302ms
[194.345s][info][gc,phases,start] GC(238) Compaction Phase
[194.365s][info][gc,phases      ] GC(238) Compaction Phase 19.538ms
[194.365s][info][gc,phases,start] GC(238) Post Compact
[194.368s][info][gc,phases      ] GC(238) Post Compact 2.685ms
[194.368s][info][gc,heap        ] GC(238) PSYoungGen: 58880K(116736K)->51661K(116736K) Eden: 58880K(58880K)->51661K(58880K) From: 0K(57856K)->0K(57856K)
[194.368s][info][gc,heap        ] GC(238) ParOldGen: 346202K(349696K)->346201K(349696K)
[194.368s][info][gc,metaspace   ] GC(238) Metaspace: 119700K(124864K)->119700K(124864K) NonClass: 101589K(104256K)->101589K(104256K) Class: 18111K(20608K)->18111K(20608K)
[194.368s][info][gc             ] GC(238) Pause Full (Ergonomics) 395M->388M(455M) 54.644ms
[194.368s][info][gc,cpu         ] GC(238) User=0.34s Sys=0.00s Real=0.05s
[194.370s][info][gc,start       ] GC(239) Pause Full (Ergonomics)
[194.370s][info][gc,phases,start] GC(239) Marking Phase
[194.397s][info][gc,phases      ] GC(239) Marking Phase 26.499ms
[194.397s][info][gc,phases,start] GC(239) Summary Phase
[194.397s][info][gc,phases      ] GC(239) Summary Phase 0.019ms
[194.397s][info][gc,phases,start] GC(239) Adjust Roots
[194.400s][info][gc,phases      ] GC(239) Adjust Roots 3.651ms
[194.400s][info][gc,phases,start] GC(239) Compaction Phase
[194.408s][info][gc,phases      ] GC(239) Compaction Phase 7.897ms
[194.408s][info][gc,phases,start] GC(239) Post Compact
[194.411s][info][gc,phases      ] GC(239) Post Compact 2.213ms
[194.411s][info][gc,heap        ] GC(239) PSYoungGen: 58880K(116736K)->51693K(116736K) Eden: 58880K(58880K)->51693K(58880K) From: 0K(57856K)->0K(57856K)
[194.411s][info][gc,heap        ] GC(239) ParOldGen: 346201K(349696K)->346201K(349696K)
[194.411s][info][gc,metaspace   ] GC(239) Metaspace: 119702K(124864K)->119702K(124864K) NonClass: 101589K(104256K)->101589K(104256K) Class: 18112K(20608K)->18112K(20608K)
[194.411s][info][gc             ] GC(239) Pause Full (Ergonomics) 395M->388M(455M) 40.632ms
[194.411s][info][gc,cpu         ] GC(239) User=0.39s Sys=0.00s Real=0.05s
[194.413s][info][gc,start       ] GC(240) Pause Full (Ergonomics)
[194.413s][info][gc,phases,start] GC(240) Marking Phase
[194.446s][info][gc,phases      ] GC(240) Marking Phase 32.908ms
[194.446s][info][gc,phases,start] GC(240) Summary Phase
[194.446s][info][gc,phases      ] GC(240) Summary Phase 0.019ms
[194.446s][info][gc,phases,start] GC(240) Adjust Roots
[194.450s][info][gc,phases      ] GC(240) Adjust Roots 4.048ms
[194.450s][info][gc,phases,start] GC(240) Compaction Phase
[194.460s][info][gc,phases      ] GC(240) Compaction Phase 10.319ms
[194.461s][info][gc,phases,start] GC(240) Post Compact
[194.463s][info][gc,phases      ] GC(240) Post Compact 2.562ms
[194.463s][info][gc,heap        ] GC(240) PSYoungGen: 58880K(116736K)->51705K(116736K) Eden: 58880K(58880K)->51705K(58880K) From: 0K(57856K)->0K(57856K)
[194.463s][info][gc,heap        ] GC(240) ParOldGen: 346201K(349696K)->346201K(349696K)
[194.463s][info][gc,metaspace   ] GC(240) Metaspace: 119703K(124864K)->119703K(124864K) NonClass: 101591K(104256K)->101591K(104256K) Class: 18112K(20608K)->18112K(20608K)
[194.463s][info][gc             ] GC(240) Pause Full (Ergonomics) 395M->388M(455M) 50.245ms
[194.463s][info][gc,cpu         ] GC(240) User=0.23s Sys=0.00s Real=0.05s
[194.466s][info][gc,start       ] GC(241) Pause Full (Ergonomics)
[194.466s][info][gc,phases,start] GC(241) Marking Phase
[194.498s][info][gc,phases      ] GC(241) Marking Phase 31.546ms
[194.498s][info][gc,phases,start] GC(241) Summary Phase
[194.498s][info][gc,phases      ] GC(241) Summary Phase 0.017ms
[194.498s][info][gc,phases,start] GC(241) Adjust Roots
[194.501s][info][gc,phases      ] GC(241) Adjust Roots 3.689ms
[194.501s][info][gc,phases,start] GC(241) Compaction Phase
[194.519s][info][gc,phases      ] GC(241) Compaction Phase 17.367ms
[194.519s][info][gc,phases,start] GC(241) Post Compact
[194.521s][info][gc,phases      ] GC(241) Post Compact 2.188ms
[194.521s][info][gc,heap        ] GC(241) PSYoungGen: 58880K(116736K)->51710K(116736K) Eden: 58880K(58880K)->51710K(58880K) From: 0K(57856K)->0K(57856K)
[194.521s][info][gc,heap        ] GC(241) ParOldGen: 346201K(349696K)->346201K(349696K)
[194.521s][info][gc,metaspace   ] GC(241) Metaspace: 119707K(124864K)->119707K(124864K) NonClass: 101594K(104256K)->101594K(104256K) Class: 18113K(20608K)->18113K(20608K)
[194.521s][info][gc             ] GC(241) Pause Full (Ergonomics) 395M->388M(455M) 55.073ms
[194.521s][info][gc,cpu         ] GC(241) User=0.20s Sys=0.00s Real=0.05s
[194.524s][info][gc,start       ] GC(242) Pause Full (Ergonomics)
[194.524s][info][gc,phases,start] GC(242) Marking Phase
[194.561s][info][gc,phases      ] GC(242) Marking Phase 37.181ms
[194.561s][info][gc,phases,start] GC(242) Summary Phase
[194.561s][info][gc,phases      ] GC(242) Summary Phase 0.018ms
[194.561s][info][gc,phases,start] GC(242) Adjust Roots
[194.564s][info][gc,phases      ] GC(242) Adjust Roots 3.206ms
[194.564s][info][gc,phases,start] GC(242) Compaction Phase
[194.573s][info][gc,phases      ] GC(242) Compaction Phase 8.411ms
[194.573s][info][gc,phases,start] GC(242) Post Compact
[194.575s][info][gc,phases      ] GC(242) Post Compact 2.049ms
[194.575s][info][gc,heap        ] GC(242) PSYoungGen: 58880K(116736K)->51726K(116736K) Eden: 58880K(58880K)->51726K(58880K) From: 0K(57856K)->0K(57856K)
[194.575s][info][gc,heap        ] GC(242) ParOldGen: 346201K(349696K)->346201K(349696K)
[194.575s][info][gc,metaspace   ] GC(242) Metaspace: 119709K(124864K)->119709K(124864K) NonClass: 101595K(104256K)->101595K(104256K) Class: 18113K(20608K)->18113K(20608K)
[194.575s][info][gc             ] GC(242) Pause Full (Ergonomics) 395M->388M(455M) 51.146ms
[194.575s][info][gc,cpu         ] GC(242) User=0.39s Sys=0.00s Real=0.05s
[194.578s][info][gc,start       ] GC(243) Pause Full (Ergonomics)
[194.578s][info][gc,phases,start] GC(243) Marking Phase
[194.609s][info][gc,phases      ] GC(243) Marking Phase 31.287ms
[194.609s][info][gc,phases,start] GC(243) Summary Phase
[194.609s][info][gc,phases      ] GC(243) Summary Phase 0.018ms
[194.609s][info][gc,phases,start] GC(243) Adjust Roots
[194.612s][info][gc,phases      ] GC(243) Adjust Roots 3.504ms
[194.613s][info][gc,phases,start] GC(243) Compaction Phase
[194.620s][info][gc,phases      ] GC(243) Compaction Phase 7.959ms
[194.621s][info][gc,phases,start] GC(243) Post Compact
[194.623s][info][gc,phases      ] GC(243) Post Compact 2.553ms
[194.623s][info][gc,heap        ] GC(243) PSYoungGen: 58880K(116736K)->51699K(116736K) Eden: 58880K(58880K)->51699K(58880K) From: 0K(57856K)->0K(57856K)
[194.623s][info][gc,heap        ] GC(243) ParOldGen: 346201K(349696K)->346201K(349696K)
[194.623s][info][gc,metaspace   ] GC(243) Metaspace: 119720K(124864K)->119720K(124864K) NonClass: 101607K(104256K)->101607K(104256K) Class: 18113K(20608K)->18113K(20608K)
[194.623s][info][gc             ] GC(243) Pause Full (Ergonomics) 395M->388M(455M) 45.717ms
[194.623s][info][gc,cpu         ] GC(243) User=0.19s Sys=0.00s Real=0.05s
[194.626s][info][gc,start       ] GC(244) Pause Full (Ergonomics)
[194.626s][info][gc,phases,start] GC(244) Marking Phase
[194.658s][info][gc,phases      ] GC(244) Marking Phase 32.156ms
[194.658s][info][gc,phases,start] GC(244) Summary Phase
[194.658s][info][gc,phases      ] GC(244) Summary Phase 0.019ms
[194.658s][info][gc,phases,start] GC(244) Adjust Roots
[194.662s][info][gc,phases      ] GC(244) Adjust Roots 3.714ms
[194.662s][info][gc,phases,start] GC(244) Compaction Phase
[194.678s][info][gc,phases      ] GC(244) Compaction Phase 16.519ms
[194.678s][info][gc,phases,start] GC(244) Post Compact
[194.681s][info][gc,phases      ] GC(244) Post Compact 2.571ms
[194.681s][info][gc,heap        ] GC(244) PSYoungGen: 58880K(116736K)->51664K(116736K) Eden: 58880K(58880K)->51664K(58880K) From: 0K(57856K)->0K(57856K)
[194.681s][info][gc,heap        ] GC(244) ParOldGen: 346201K(349696K)->346201K(349696K)
[194.681s][info][gc,metaspace   ] GC(244) Metaspace: 119720K(124864K)->119720K(124864K) NonClass: 101607K(104256K)->101607K(104256K) Class: 18113K(20608K)->18113K(20608K)
[194.681s][info][gc             ] GC(244) Pause Full (Ergonomics) 395M->388M(455M) 55.360ms
[194.681s][info][gc,cpu         ] GC(244) User=0.22s Sys=0.00s Real=0.05s
[194.684s][info][gc,start       ] GC(245) Pause Full (Ergonomics)
[194.684s][info][gc,phases,start] GC(245) Marking Phase
[194.720s][info][gc,phases      ] GC(245) Marking Phase 36.308ms
[194.720s][info][gc,phases,start] GC(245) Summary Phase
[194.720s][info][gc,phases      ] GC(245) Summary Phase 0.019ms
[194.720s][info][gc,phases,start] GC(245) Adjust Roots
[194.724s][info][gc,phases      ] GC(245) Adjust Roots 3.459ms
[194.724s][info][gc,phases,start] GC(245) Compaction Phase
[194.732s][info][gc,phases      ] GC(245) Compaction Phase 8.314ms
[194.732s][info][gc,phases,start] GC(245) Post Compact
[194.734s][info][gc,phases      ] GC(245) Post Compact 2.052ms
[194.734s][info][gc,heap        ] GC(245) PSYoungGen: 58879K(116736K)->51686K(116736K) Eden: 58879K(58880K)->51686K(58880K) From: 0K(57856K)->0K(57856K)
[194.734s][info][gc,heap        ] GC(245) ParOldGen: 346201K(349696K)->346201K(349696K)
[194.734s][info][gc,metaspace   ] GC(245) Metaspace: 119720K(124864K)->119720K(124864K) NonClass: 101607K(104256K)->101607K(104256K) Class: 18113K(20608K)->18113K(20608K)
[194.734s][info][gc             ] GC(245) Pause Full (Ergonomics) 395M->388M(455M) 50.427ms
[194.734s][info][gc,cpu         ] GC(245) User=0.45s Sys=0.02s Real=0.06s
[194.736s][info][gc,start       ] GC(246) Pause Full (Ergonomics)
[194.736s][info][gc,phases,start] GC(246) Marking Phase
[194.769s][info][gc,phases      ] GC(246) Marking Phase 32.280ms
[194.769s][info][gc,phases,start] GC(246) Summary Phase
[194.769s][info][gc,phases      ] GC(246) Summary Phase 0.019ms
[194.769s][info][gc,phases,start] GC(246) Adjust Roots
[194.773s][info][gc,phases      ] GC(246) Adjust Roots 3.815ms
[194.773s][info][gc,phases,start] GC(246) Compaction Phase
[194.789s][info][gc,phases      ] GC(246) Compaction Phase 16.646ms
[194.789s][info][gc,phases,start] GC(246) Post Compact
[194.792s][info][gc,phases      ] GC(246) Post Compact 2.536ms
[194.792s][info][gc,heap        ] GC(246) PSYoungGen: 58880K(116736K)->51664K(116736K) Eden: 58880K(58880K)->51664K(58880K) From: 0K(57856K)->0K(57856K)
[194.792s][info][gc,heap        ] GC(246) ParOldGen: 346201K(349696K)->346201K(349696K)
[194.792s][info][gc,metaspace   ] GC(246) Metaspace: 119720K(124864K)->119720K(124864K) NonClass: 101607K(104256K)->101607K(104256K) Class: 18113K(20608K)->18113K(20608K)
[194.792s][info][gc             ] GC(246) Pause Full (Ergonomics) 395M->388M(455M) 55.675ms
[194.792s][info][gc,cpu         ] GC(246) User=0.34s Sys=0.00s Real=0.05s
[194.795s][info][gc,start       ] GC(247) Pause Full (Ergonomics)
[194.795s][info][gc,phases,start] GC(247) Marking Phase
[194.832s][info][gc,phases      ] GC(247) Marking Phase 36.920ms
[194.832s][info][gc,phases,start] GC(247) Summary Phase
[194.832s][info][gc,phases      ] GC(247) Summary Phase 0.019ms
[194.832s][info][gc,phases,start] GC(247) Adjust Roots
[194.835s][info][gc,phases      ] GC(247) Adjust Roots 3.273ms
[194.835s][info][gc,phases,start] GC(247) Compaction Phase
[194.843s][info][gc,phases      ] GC(247) Compaction Phase 7.508ms
[194.843s][info][gc,phases,start] GC(247) Post Compact
[194.845s][info][gc,phases      ] GC(247) Post Compact 2.026ms
[194.845s][info][gc,heap        ] GC(247) PSYoungGen: 58880K(116736K)->51725K(116736K) Eden: 58880K(58880K)->51725K(58880K) From: 0K(57856K)->0K(57856K)
[194.845s][info][gc,heap        ] GC(247) ParOldGen: 346201K(349696K)->346201K(349696K)
[194.845s][info][gc,metaspace   ] GC(247) Metaspace: 119720K(124864K)->119720K(124864K) NonClass: 101607K(104256K)->101607K(104256K) Class: 18113K(20608K)->18113K(20608K)
[194.845s][info][gc             ] GC(247) Pause Full (Ergonomics) 395M->388M(455M) 49.978ms
[194.845s][info][gc,cpu         ] GC(247) User=0.38s Sys=0.00s Real=0.05s
[194.847s][info][gc,start       ] GC(248) Pause Full (Ergonomics)
[194.847s][info][gc,phases,start] GC(248) Marking Phase
[194.878s][info][gc,phases      ] GC(248) Marking Phase 31.012ms
[194.878s][info][gc,phases,start] GC(248) Summary Phase
[194.878s][info][gc,phases      ] GC(248) Summary Phase 0.019ms
[194.878s][info][gc,phases,start] GC(248) Adjust Roots
[194.882s][info][gc,phases      ] GC(248) Adjust Roots 3.963ms
[194.882s][info][gc,phases,start] GC(248) Compaction Phase
[194.891s][info][gc,phases      ] GC(248) Compaction Phase 8.836ms
[194.891s][info][gc,phases,start] GC(248) Post Compact
[194.893s][info][gc,phases      ] GC(248) Post Compact 2.179ms
[194.893s][info][gc,heap        ] GC(248) PSYoungGen: 58879K(116736K)->51640K(116736K) Eden: 58879K(58880K)->51640K(58880K) From: 0K(57856K)->0K(57856K)
[194.893s][info][gc,heap        ] GC(248) ParOldGen: 346201K(349696K)->346201K(349696K)
[194.893s][info][gc,metaspace   ] GC(248) Metaspace: 119720K(124864K)->119720K(124864K) NonClass: 101607K(104256K)->101607K(104256K) Class: 18113K(20608K)->18113K(20608K)
[194.893s][info][gc             ] GC(248) Pause Full (Ergonomics) 395M->388M(455M) 46.314ms
[194.893s][info][gc,cpu         ] GC(248) User=0.38s Sys=0.00s Real=0.05s
[194.896s][info][gc,start       ] GC(249) Pause Full (Ergonomics)
[194.896s][info][gc,phases,start] GC(249) Marking Phase
[194.930s][info][gc,phases      ] GC(249) Marking Phase 34.511ms
[194.931s][info][gc,phases,start] GC(249) Summary Phase
[194.931s][info][gc,phases      ] GC(249) Summary Phase 0.018ms
[194.931s][info][gc,phases,start] GC(249) Adjust Roots
[194.934s][info][gc,phases      ] GC(249) Adjust Roots 3.682ms
[194.934s][info][gc,phases,start] GC(249) Compaction Phase
[194.943s][info][gc,phases      ] GC(249) Compaction Phase 8.739ms
[194.943s][info][gc,phases,start] GC(249) Post Compact
[194.945s][info][gc,phases      ] GC(249) Post Compact 2.008ms
[194.945s][info][gc,heap        ] GC(249) PSYoungGen: 58880K(116736K)->51677K(116736K) Eden: 58880K(58880K)->51677K(58880K) From: 0K(57856K)->0K(57856K)
[194.945s][info][gc,heap        ] GC(249) ParOldGen: 346201K(349696K)->346201K(349696K)
[194.945s][info][gc,metaspace   ] GC(249) Metaspace: 119720K(124864K)->119720K(124864K) NonClass: 101607K(104256K)->101607K(104256K) Class: 18113K(20608K)->18113K(20608K)
[194.945s][info][gc             ] GC(249) Pause Full (Ergonomics) 395M->388M(455M) 49.197ms
[194.945s][info][gc,cpu         ] GC(249) User=0.33s Sys=0.00s Real=0.05s
[194.948s][info][gc,start       ] GC(250) Pause Full (Ergonomics)
[194.948s][info][gc,phases,start] GC(250) Marking Phase
[194.979s][info][gc,phases      ] GC(250) Marking Phase 31.411ms
[194.979s][info][gc,phases,start] GC(250) Summary Phase
[194.979s][info][gc,phases      ] GC(250) Summary Phase 0.020ms
[194.979s][info][gc,phases,start] GC(250) Adjust Roots
[194.983s][info][gc,phases      ] GC(250) Adjust Roots 3.925ms
[194.983s][info][gc,phases,start] GC(250) Compaction Phase
[194.992s][info][gc,phases      ] GC(250) Compaction Phase 8.608ms
[194.992s][info][gc,phases,start] GC(250) Post Compact
[194.994s][info][gc,phases      ] GC(250) Post Compact 2.139ms
[194.994s][info][gc,heap        ] GC(250) PSYoungGen: 58880K(116736K)->51738K(116736K) Eden: 58880K(58880K)->51738K(58880K) From: 0K(57856K)->0K(57856K)
[194.994s][info][gc,heap        ] GC(250) ParOldGen: 346201K(349696K)->346201K(349696K)
[194.994s][info][gc,metaspace   ] GC(250) Metaspace: 119720K(124864K)->119720K(124864K) NonClass: 101607K(104256K)->101607K(104256K) Class: 18113K(20608K)->18113K(20608K)
[194.994s][info][gc             ] GC(250) Pause Full (Ergonomics) 395M->388M(455M) 46.439ms
[194.994s][info][gc,cpu         ] GC(250) User=0.19s Sys=0.00s Real=0.05s
[194.997s][info][gc,start       ] GC(251) Pause Full (Ergonomics)
[194.997s][info][gc,phases,start] GC(251) Marking Phase
[195.031s][info][gc,phases      ] GC(251) Marking Phase 34.697ms
[195.031s][info][gc,phases,start] GC(251) Summary Phase
[195.031s][info][gc,phases      ] GC(251) Summary Phase 0.019ms
[195.031s][info][gc,phases,start] GC(251) Adjust Roots
[195.035s][info][gc,phases      ] GC(251) Adjust Roots 3.261ms
[195.035s][info][gc,phases,start] GC(251) Compaction Phase
[195.042s][info][gc,phases      ] GC(251) Compaction Phase 7.284ms
[195.042s][info][gc,phases,start] GC(251) Post Compact
[195.044s][info][gc,phases      ] GC(251) Post Compact 2.021ms
[195.044s][info][gc,heap        ] GC(251) PSYoungGen: 58879K(116736K)->51667K(116736K) Eden: 58879K(58880K)->51667K(58880K) From: 0K(57856K)->0K(57856K)
[195.044s][info][gc,heap        ] GC(251) ParOldGen: 346201K(349696K)->346201K(349696K)
[195.044s][info][gc,metaspace   ] GC(251) Metaspace: 119720K(124864K)->119720K(124864K) NonClass: 101607K(104256K)->101607K(104256K) Class: 18113K(20608K)->18113K(20608K)
[195.044s][info][gc             ] GC(251) Pause Full (Ergonomics) 395M->388M(455M) 47.538ms
[195.044s][info][gc,cpu         ] GC(251) User=0.38s Sys=0.00s Real=0.05s
[195.046s][info][gc,start       ] GC(252) Pause Full (Ergonomics)
[195.046s][info][gc,phases,start] GC(252) Marking Phase
[195.086s][info][gc,phases      ] GC(252) Marking Phase 39.271ms
[195.086s][info][gc,phases,start] GC(252) Summary Phase
[195.086s][info][gc,phases      ] GC(252) Summary Phase 0.044ms
[195.086s][info][gc,phases,start] GC(252) Adjust Roots
[195.090s][info][gc,phases      ] GC(252) Adjust Roots 4.122ms
[195.090s][info][gc,phases,start] GC(252) Compaction Phase
[195.103s][info][gc,phases      ] GC(252) Compaction Phase 12.688ms
[195.103s][info][gc,phases,start] GC(252) Post Compact
[195.105s][info][gc,phases      ] GC(252) Post Compact 2.634ms
[195.105s][info][gc,heap        ] GC(252) PSYoungGen: 58879K(116736K)->51676K(116736K) Eden: 58879K(58880K)->51676K(58880K) From: 0K(57856K)->0K(57856K)
[195.105s][info][gc,heap        ] GC(252) ParOldGen: 346201K(349696K)->346201K(349696K)
[195.106s][info][gc,metaspace   ] GC(252) Metaspace: 119720K(124864K)->119720K(124864K) NonClass: 101607K(104256K)->101607K(104256K) Class: 18113K(20608K)->18113K(20608K)
[195.106s][info][gc             ] GC(252) Pause Full (Ergonomics) 395M->388M(455M) 59.146ms
[195.106s][info][gc,cpu         ] GC(252) User=0.50s Sys=0.00s Real=0.06s
[195.108s][info][gc,start       ] GC(253) Pause Full (Ergonomics)
[195.109s][info][gc,phases,start] GC(253) Marking Phase
[195.145s][info][gc,phases      ] GC(253) Marking Phase 36.786ms
[195.145s][info][gc,phases,start] GC(253) Summary Phase
[195.145s][info][gc,phases      ] GC(253) Summary Phase 0.018ms
[195.145s][info][gc,phases,start] GC(253) Adjust Roots
[195.149s][info][gc,phases      ] GC(253) Adjust Roots 3.312ms
[195.149s][info][gc,phases,start] GC(253) Compaction Phase
[195.164s][info][gc,phases      ] GC(253) Compaction Phase 15.786ms
[195.165s][info][gc,phases,start] GC(253) Post Compact
[195.167s][info][gc,phases      ] GC(253) Post Compact 2.027ms
[195.167s][info][gc,heap        ] GC(253) PSYoungGen: 58879K(116736K)->51652K(116736K) Eden: 58879K(58880K)->51652K(58880K) From: 0K(57856K)->0K(57856K)
[195.167s][info][gc,heap        ] GC(253) ParOldGen: 346201K(349696K)->346201K(349696K)
[195.167s][info][gc,metaspace   ] GC(253) Metaspace: 119720K(124864K)->119720K(124864K) NonClass: 101607K(104256K)->101607K(104256K) Class: 18113K(20608K)->18113K(20608K)
[195.167s][info][gc             ] GC(253) Pause Full (Ergonomics) 395M->388M(455M) 58.186ms
[195.167s][info][gc,cpu         ] GC(253) User=0.34s Sys=0.00s Real=0.06s
[195.169s][info][gc,start       ] GC(254) Pause Full (Ergonomics)
[195.169s][info][gc,phases,start] GC(254) Marking Phase
[195.205s][info][gc,phases      ] GC(254) Marking Phase 35.693ms
[195.205s][info][gc,phases,start] GC(254) Summary Phase
[195.205s][info][gc,phases      ] GC(254) Summary Phase 0.019ms
[195.205s][info][gc,phases,start] GC(254) Adjust Roots
[195.208s][info][gc,phases      ] GC(254) Adjust Roots 3.266ms
[195.208s][info][gc,phases,start] GC(254) Compaction Phase
[195.224s][info][gc,phases      ] GC(254) Compaction Phase 15.283ms
[195.224s][info][gc,phases,start] GC(254) Post Compact
[195.226s][info][gc,phases      ] GC(254) Post Compact 2.107ms
[195.226s][info][gc,heap        ] GC(254) PSYoungGen: 58880K(116736K)->51681K(116736K) Eden: 58880K(58880K)->51681K(58880K) From: 0K(57856K)->0K(57856K)
[195.226s][info][gc,heap        ] GC(254) ParOldGen: 346201K(349696K)->346201K(349696K)
[195.226s][info][gc,metaspace   ] GC(254) Metaspace: 119720K(124864K)->119720K(124864K) NonClass: 101607K(104256K)->101607K(104256K) Class: 18113K(20608K)->18113K(20608K)
[195.226s][info][gc             ] GC(254) Pause Full (Ergonomics) 395M->388M(455M) 56.647ms
[195.226s][info][gc,cpu         ] GC(254) User=0.38s Sys=0.00s Real=0.05s
[195.228s][info][gc,start       ] GC(255) Pause Full (Ergonomics)
[195.228s][info][gc,phases,start] GC(255) Marking Phase
[195.267s][info][gc,phases      ] GC(255) Marking Phase 38.910ms
[195.267s][info][gc,phases,start] GC(255) Summary Phase
[195.267s][info][gc,phases      ] GC(255) Summary Phase 0.044ms
[195.267s][info][gc,phases,start] GC(255) Adjust Roots
[195.271s][info][gc,phases      ] GC(255) Adjust Roots 3.974ms
[195.271s][info][gc,phases,start] GC(255) Compaction Phase
[195.281s][info][gc,phases      ] GC(255) Compaction Phase 9.800ms
[195.281s][info][gc,phases,start] GC(255) Post Compact
[195.284s][info][gc,phases      ] GC(255) Post Compact 2.316ms
[195.284s][info][gc,heap        ] GC(255) PSYoungGen: 58879K(116736K)->51683K(116736K) Eden: 58879K(58880K)->51683K(58880K) From: 0K(57856K)->0K(57856K)
[195.284s][info][gc,heap        ] GC(255) ParOldGen: 346201K(349696K)->346201K(349696K)
[195.284s][info][gc,metaspace   ] GC(255) Metaspace: 119720K(124864K)->119720K(124864K) NonClass: 101607K(104256K)->101607K(104256K) Class: 18113K(20608K)->18113K(20608K)
[195.284s][info][gc             ] GC(255) Pause Full (Ergonomics) 395M->388M(455M) 55.433ms
[195.284s][info][gc,cpu         ] GC(255) User=0.30s Sys=0.00s Real=0.05s
[195.287s][info][gc,start       ] GC(256) Pause Full (Ergonomics)
[195.287s][info][gc,phases,start] GC(256) Marking Phase
[195.322s][info][gc,phases      ] GC(256) Marking Phase 35.534ms
[195.322s][info][gc,phases,start] GC(256) Summary Phase
[195.322s][info][gc,phases      ] GC(256) Summary Phase 0.026ms
[195.322s][info][gc,phases,start] GC(256) Adjust Roots
[195.326s][info][gc,phases      ] GC(256) Adjust Roots 3.535ms
[195.326s][info][gc,phases,start] GC(256) Compaction Phase
[195.343s][info][gc,phases      ] GC(256) Compaction Phase 17.327ms
[195.343s][info][gc,phases,start] GC(256) Post Compact
[195.346s][info][gc,phases      ] GC(256) Post Compact 2.452ms
[195.346s][info][gc,heap        ] GC(256) PSYoungGen: 58880K(116736K)->51687K(116736K) Eden: 58880K(58880K)->51687K(58880K) From: 0K(57856K)->0K(57856K)
[195.346s][info][gc,heap        ] GC(256) ParOldGen: 346201K(349696K)->346201K(349696K)
[195.346s][info][gc,metaspace   ] GC(256) Metaspace: 119720K(124864K)->119720K(124864K) NonClass: 101607K(104256K)->101607K(104256K) Class: 18113K(20608K)->18113K(20608K)
[195.346s][info][gc             ] GC(256) Pause Full (Ergonomics) 395M->388M(455M) 59.233ms
[195.346s][info][gc,cpu         ] GC(256) User=0.38s Sys=0.00s Real=0.05s
[195.349s][info][gc,start       ] GC(257) Pause Full (Ergonomics)
[195.349s][info][gc,phases,start] GC(257) Marking Phase
[195.386s][info][gc,phases      ] GC(257) Marking Phase 37.315ms
[195.386s][info][gc,phases,start] GC(257) Summary Phase
[195.386s][info][gc,phases      ] GC(257) Summary Phase 0.019ms
[195.386s][info][gc,phases,start] GC(257) Adjust Roots
[195.389s][info][gc,phases      ] GC(257) Adjust Roots 3.229ms
[195.389s][info][gc,phases,start] GC(257) Compaction Phase
[195.405s][info][gc,phases      ] GC(257) Compaction Phase 15.312ms
[195.405s][info][gc,phases,start] GC(257) Post Compact
[195.407s][info][gc,phases      ] GC(257) Post Compact 2.185ms
[195.407s][info][gc,heap        ] GC(257) PSYoungGen: 58880K(116736K)->51665K(116736K) Eden: 58880K(58880K)->51665K(58880K) From: 0K(57856K)->0K(57856K)
[195.407s][info][gc,heap        ] GC(257) ParOldGen: 346201K(349696K)->346201K(349696K)
[195.407s][info][gc,metaspace   ] GC(257) Metaspace: 119720K(124864K)->119720K(124864K) NonClass: 101607K(104256K)->101607K(104256K) Class: 18113K(20608K)->18113K(20608K)
[195.407s][info][gc             ] GC(257) Pause Full (Ergonomics) 395M->388M(455M) 58.364ms
[195.407s][info][gc,cpu         ] GC(257) User=0.36s Sys=0.00s Real=0.06s
[195.410s][info][gc,start       ] GC(258) Pause Full (Ergonomics)
[195.410s][info][gc,phases,start] GC(258) Marking Phase
[195.444s][info][gc,phases      ] GC(258) Marking Phase 34.203ms
[195.444s][info][gc,phases,start] GC(258) Summary Phase
[195.444s][info][gc,phases      ] GC(258) Summary Phase 0.019ms
[195.444s][info][gc,phases,start] GC(258) Adjust Roots
[195.447s][info][gc,phases      ] GC(258) Adjust Roots 3.392ms
[195.447s][info][gc,phases,start] GC(258) Compaction Phase
[195.455s][info][gc,phases      ] GC(258) Compaction Phase 7.494ms
[195.455s][info][gc,phases,start] GC(258) Post Compact
[195.457s][info][gc,phases      ] GC(258) Post Compact 2.004ms
[195.457s][info][gc,heap        ] GC(258) PSYoungGen: 58880K(116736K)->51675K(116736K) Eden: 58880K(58880K)->51675K(58880K) From: 0K(57856K)->0K(57856K)
[195.457s][info][gc,heap        ] GC(258) ParOldGen: 346201K(349696K)->346201K(349696K)
[195.457s][info][gc,metaspace   ] GC(258) Metaspace: 119720K(124864K)->119720K(124864K) NonClass: 101607K(104256K)->101607K(104256K) Class: 18113K(20608K)->18113K(20608K)
[195.457s][info][gc             ] GC(258) Pause Full (Ergonomics) 395M->388M(455M) 47.413ms
[195.457s][info][gc,cpu         ] GC(258) User=0.47s Sys=0.00s Real=0.05s
[195.459s][info][gc,start       ] GC(259) Pause Full (Ergonomics)
[195.460s][info][gc,phases,start] GC(259) Marking Phase
[195.491s][info][gc,phases      ] GC(259) Marking Phase 31.925ms
[195.492s][info][gc,phases,start] GC(259) Summary Phase
[195.492s][info][gc,phases      ] GC(259) Summary Phase 0.024ms
[195.492s][info][gc,phases,start] GC(259) Adjust Roots
[195.495s][info][gc,phases      ] GC(259) Adjust Roots 3.949ms
[195.496s][info][gc,phases,start] GC(259) Compaction Phase
[195.513s][info][gc,phases      ] GC(259) Compaction Phase 17.746ms
[195.513s][info][gc,phases,start] GC(259) Post Compact
[195.516s][info][gc,phases      ] GC(259) Post Compact 2.535ms
[195.516s][info][gc,heap        ] GC(259) PSYoungGen: 58880K(116736K)->51654K(116736K) Eden: 58880K(58880K)->51654K(58880K) From: 0K(57856K)->0K(57856K)
[195.516s][info][gc,heap        ] GC(259) ParOldGen: 346201K(349696K)->346201K(349696K)
[195.516s][info][gc,metaspace   ] GC(259) Metaspace: 119720K(124864K)->119720K(124864K) NonClass: 101607K(104256K)->101607K(104256K) Class: 18113K(20608K)->18113K(20608K)
[195.516s][info][gc             ] GC(259) Pause Full (Ergonomics) 395M->388M(455M) 56.546ms
[195.516s][info][gc,cpu         ] GC(259) User=0.22s Sys=0.00s Real=0.05s
[195.519s][info][gc,start       ] GC(260) Pause Full (Ergonomics)
[195.519s][info][gc,phases,start] GC(260) Marking Phase
[195.556s][info][gc,phases      ] GC(260) Marking Phase 37.081ms
[195.556s][info][gc,phases,start] GC(260) Summary Phase
[195.556s][info][gc,phases      ] GC(260) Summary Phase 0.018ms
[195.556s][info][gc,phases,start] GC(260) Adjust Roots
[195.560s][info][gc,phases      ] GC(260) Adjust Roots 3.228ms
[195.560s][info][gc,phases,start] GC(260) Compaction Phase
[195.568s][info][gc,phases      ] GC(260) Compaction Phase 8.276ms
[195.568s][info][gc,phases,start] GC(260) Post Compact
[195.570s][info][gc,phases      ] GC(260) Post Compact 2.005ms
[195.570s][info][gc,heap        ] GC(260) PSYoungGen: 58880K(116736K)->51664K(116736K) Eden: 58880K(58880K)->51664K(58880K) From: 0K(57856K)->0K(57856K)
[195.570s][info][gc,heap        ] GC(260) ParOldGen: 346201K(349696K)->346201K(349696K)
[195.570s][info][gc,metaspace   ] GC(260) Metaspace: 119720K(124864K)->119720K(124864K) NonClass: 101607K(104256K)->101607K(104256K) Class: 18113K(20608K)->18113K(20608K)
[195.570s][info][gc             ] GC(260) Pause Full (Ergonomics) 395M->388M(455M) 50.875ms
[195.570s][info][gc,cpu         ] GC(260) User=0.38s Sys=0.00s Real=0.06s
[195.572s][info][gc,start       ] GC(261) Pause Full (Ergonomics)
[195.573s][info][gc,phases,start] GC(261) Marking Phase
[195.603s][info][gc,phases      ] GC(261) Marking Phase 30.186ms
[195.603s][info][gc,phases,start] GC(261) Summary Phase
[195.603s][info][gc,phases      ] GC(261) Summary Phase 0.018ms
[195.603s][info][gc,phases,start] GC(261) Adjust Roots
[195.607s][info][gc,phases      ] GC(261) Adjust Roots 4.031ms
[195.607s][info][gc,phases,start] GC(261) Compaction Phase
[195.614s][info][gc,phases      ] GC(261) Compaction Phase 7.622ms
[195.614s][info][gc,phases,start] GC(261) Post Compact
[195.617s][info][gc,phases      ] GC(261) Post Compact 2.103ms
[195.617s][info][gc,heap        ] GC(261) PSYoungGen: 58880K(116736K)->51684K(116736K) Eden: 58880K(58880K)->51684K(58880K) From: 0K(57856K)->0K(57856K)
[195.617s][info][gc,heap        ] GC(261) ParOldGen: 346201K(349696K)->346201K(349696K)
[195.617s][info][gc,metaspace   ] GC(261) Metaspace: 119720K(124864K)->119720K(124864K) NonClass: 101607K(104256K)->101607K(104256K) Class: 18113K(20608K)->18113K(20608K)
[195.617s][info][gc             ] GC(261) Pause Full (Ergonomics) 395M->388M(455M) 44.243ms
[195.617s][info][gc,cpu         ] GC(261) User=0.17s Sys=0.00s Real=0.03s
[195.619s][info][gc,start       ] GC(262) Pause Full (Ergonomics)
[195.619s][info][gc,phases,start] GC(262) Marking Phase
[195.656s][info][gc,phases      ] GC(262) Marking Phase 36.993ms
[195.656s][info][gc,phases,start] GC(262) Summary Phase
[195.656s][info][gc,phases      ] GC(262) Summary Phase 0.040ms
[195.656s][info][gc,phases,start] GC(262) Adjust Roots
[195.664s][info][gc,phases      ] GC(262) Adjust Roots 7.565ms
[195.664s][info][gc,phases,start] GC(262) Compaction Phase
[195.675s][info][gc,phases      ] GC(262) Compaction Phase 11.243ms
[195.675s][info][gc,phases,start] GC(262) Post Compact
[195.678s][info][gc,phases      ] GC(262) Post Compact 2.619ms
[195.678s][info][gc,heap        ] GC(262) PSYoungGen: 58880K(116736K)->51700K(116736K) Eden: 58880K(58880K)->51700K(58880K) From: 0K(57856K)->0K(57856K)
[195.678s][info][gc,heap        ] GC(262) ParOldGen: 346201K(349696K)->346201K(349696K)
[195.678s][info][gc,metaspace   ] GC(262) Metaspace: 119720K(124864K)->119720K(124864K) NonClass: 101607K(104256K)->101607K(104256K) Class: 18113K(20608K)->18113K(20608K)
[195.678s][info][gc             ] GC(262) Pause Full (Ergonomics) 395M->388M(455M) 58.864ms
[195.678s][info][gc,cpu         ] GC(262) User=0.19s Sys=0.00s Real=0.05s
[195.681s][info][gc,start       ] GC(263) Pause Full (Ergonomics)
[195.681s][info][gc,phases,start] GC(263) Marking Phase
[195.718s][info][gc,phases      ] GC(263) Marking Phase 36.531ms
[195.718s][info][gc,phases,start] GC(263) Summary Phase
[195.718s][info][gc,phases      ] GC(263) Summary Phase 0.020ms
[195.718s][info][gc,phases,start] GC(263) Adjust Roots
[195.721s][info][gc,phases      ] GC(263) Adjust Roots 3.358ms
[195.721s][info][gc,phases,start] GC(263) Compaction Phase
[195.737s][info][gc,phases      ] GC(263) Compaction Phase 15.313ms
[195.737s][info][gc,phases,start] GC(263) Post Compact
[195.739s][info][gc,phases      ] GC(263) Post Compact 2.091ms
[195.739s][info][gc,heap        ] GC(263) PSYoungGen: 58879K(116736K)->51662K(116736K) Eden: 58879K(58880K)->51662K(58880K) From: 0K(57856K)->0K(57856K)
[195.739s][info][gc,heap        ] GC(263) ParOldGen: 346201K(349696K)->346201K(349696K)
[195.739s][info][gc,metaspace   ] GC(263) Metaspace: 119720K(124864K)->119720K(124864K) NonClass: 101607K(104256K)->101607K(104256K) Class: 18113K(20608K)->18113K(20608K)
[195.739s][info][gc             ] GC(263) Pause Full (Ergonomics) 395M->388M(455M) 57.600ms
[195.739s][info][gc,cpu         ] GC(263) User=0.38s Sys=0.00s Real=0.05s
[195.741s][info][gc,start       ] GC(264) Pause Full (Ergonomics)
[195.741s][info][gc,phases,start] GC(264) Marking Phase
[195.773s][info][gc,phases      ] GC(264) Marking Phase 31.929ms
[195.773s][info][gc,phases,start] GC(264) Summary Phase
[195.773s][info][gc,phases      ] GC(264) Summary Phase 0.018ms
[195.773s][info][gc,phases,start] GC(264) Adjust Roots
[195.777s][info][gc,phases      ] GC(264) Adjust Roots 3.605ms
[195.777s][info][gc,phases,start] GC(264) Compaction Phase
[195.785s][info][gc,phases      ] GC(264) Compaction Phase 8.418ms
[195.785s][info][gc,phases,start] GC(264) Post Compact
[195.788s][info][gc,phases      ] GC(264) Post Compact 2.376ms
[195.788s][info][gc,heap        ] GC(264) PSYoungGen: 58880K(116736K)->51687K(116736K) Eden: 58880K(58880K)->51687K(58880K) From: 0K(57856K)->0K(57856K)
[195.788s][info][gc,heap        ] GC(264) ParOldGen: 346201K(349696K)->346201K(349696K)
[195.788s][info][gc,metaspace   ] GC(264) Metaspace: 119720K(124864K)->119720K(124864K) NonClass: 101607K(104256K)->101607K(104256K) Class: 18113K(20608K)->18113K(20608K)
[195.788s][info][gc             ] GC(264) Pause Full (Ergonomics) 395M->388M(455M) 46.727ms
[195.788s][info][gc,cpu         ] GC(264) User=0.19s Sys=0.00s Real=0.05s
[195.790s][info][gc,start       ] GC(265) Pause Full (Ergonomics)
[195.790s][info][gc,phases,start] GC(265) Marking Phase
[195.825s][info][gc,phases      ] GC(265) Marking Phase 34.689ms
[195.825s][info][gc,phases,start] GC(265) Summary Phase
[195.825s][info][gc,phases      ] GC(265) Summary Phase 0.023ms
[195.825s][info][gc,phases,start] GC(265) Adjust Roots
[195.829s][info][gc,phases      ] GC(265) Adjust Roots 3.490ms
[195.829s][info][gc,phases,start] GC(265) Compaction Phase
[195.836s][info][gc,phases      ] GC(265) Compaction Phase 7.650ms
[195.836s][info][gc,phases,start] GC(265) Post Compact
[195.839s][info][gc,phases      ] GC(265) Post Compact 2.184ms
[195.839s][info][gc,heap        ] GC(265) PSYoungGen: 58879K(116736K)->51690K(116736K) Eden: 58879K(58880K)->51690K(58880K) From: 0K(57856K)->0K(57856K)
[195.839s][info][gc,heap        ] GC(265) ParOldGen: 346201K(349696K)->346201K(349696K)
[195.839s][info][gc,metaspace   ] GC(265) Metaspace: 119720K(124864K)->119720K(124864K) NonClass: 101607K(104256K)->101607K(104256K) Class: 18113K(20608K)->18113K(20608K)
[195.839s][info][gc             ] GC(265) Pause Full (Ergonomics) 395M->388M(455M) 48.312ms
[195.839s][info][gc,cpu         ] GC(265) User=0.23s Sys=0.00s Real=0.05s
[195.840s][info][gc,start       ] GC(266) Pause Full (Ergonomics)
[195.840s][info][gc,phases,start] GC(266) Marking Phase
[195.873s][info][gc,phases      ] GC(266) Marking Phase 32.959ms
[195.873s][info][gc,phases,start] GC(266) Summary Phase
[195.873s][info][gc,phases      ] GC(266) Summary Phase 0.018ms
[195.873s][info][gc,phases,start] GC(266) Adjust Roots
[195.877s][info][gc,phases      ] GC(266) Adjust Roots 3.965ms
[195.877s][info][gc,phases,start] GC(266) Compaction Phase
[195.887s][info][gc,phases      ] GC(266) Compaction Phase 9.692ms
[195.887s][info][gc,phases,start] GC(266) Post Compact
[195.889s][info][gc,phases      ] GC(266) Post Compact 2.069ms
[195.889s][info][gc,heap        ] GC(266) PSYoungGen: 58879K(116736K)->54822K(116736K) Eden: 58879K(58880K)->54822K(58880K) From: 0K(57856K)->0K(57856K)
[195.889s][info][gc,heap        ] GC(266) ParOldGen: 346201K(349696K)->346201K(349696K)
[195.889s][info][gc,metaspace   ] GC(266) Metaspace: 119720K(124864K)->119720K(124864K) NonClass: 101607K(104256K)->101607K(104256K) Class: 18113K(20608K)->18113K(20608K)
[195.889s][info][gc             ] GC(266) Pause Full (Ergonomics) 395M->391M(455M) 48.948ms
[195.889s][info][gc,cpu         ] GC(266) User=0.30s Sys=0.00s Real=0.05s
[195.891s][info][gc,start       ] GC(267) Pause Full (Ergonomics)
[195.891s][info][gc,phases,start] GC(267) Marking Phase
[195.921s][info][gc,phases      ] GC(267) Marking Phase 30.093ms
[195.921s][info][gc,phases,start] GC(267) Summary Phase
[195.921s][info][gc,phases      ] GC(267) Summary Phase 0.019ms
[195.921s][info][gc,phases,start] GC(267) Adjust Roots
[195.924s][info][gc,phases      ] GC(267) Adjust Roots 3.281ms
[195.924s][info][gc,phases,start] GC(267) Compaction Phase
[195.939s][info][gc,phases      ] GC(267) Compaction Phase 14.954ms
[195.939s][info][gc,phases,start] GC(267) Post Compact
[195.941s][info][gc,phases      ] GC(267) Post Compact 2.272ms
[195.941s][info][gc,heap        ] GC(267) PSYoungGen: 58880K(116736K)->53252K(116736K) Eden: 58880K(58880K)->53252K(58880K) From: 0K(57856K)->0K(57856K)
[195.941s][info][gc,heap        ] GC(267) ParOldGen: 346201K(349696K)->346201K(349696K)
[195.941s][info][gc,metaspace   ] GC(267) Metaspace: 119720K(124864K)->119720K(124864K) NonClass: 101607K(104256K)->101607K(104256K) Class: 18113K(20608K)->18113K(20608K)
[195.942s][info][gc             ] GC(267) Pause Full (Ergonomics) 395M->390M(455M) 50.936ms
[195.942s][info][gc,cpu         ] GC(267) User=0.19s Sys=0.00s Real=0.05s
[195.944s][info][gc,start       ] GC(268) Pause Full (Ergonomics)
[195.944s][info][gc,phases,start] GC(268) Marking Phase
[195.977s][info][gc,phases      ] GC(268) Marking Phase 33.668ms
[195.978s][info][gc,phases,start] GC(268) Summary Phase
[195.978s][info][gc,phases      ] GC(268) Summary Phase 0.018ms
[195.978s][info][gc,phases,start] GC(268) Adjust Roots
[195.981s][info][gc,phases      ] GC(268) Adjust Roots 3.313ms
[195.981s][info][gc,phases,start] GC(268) Compaction Phase
[195.998s][info][gc,phases      ] GC(268) Compaction Phase 16.831ms
[195.998s][info][gc,phases,start] GC(268) Post Compact
[196.000s][info][gc,phases      ] GC(268) Post Compact 2.032ms
[196.000s][info][gc,heap        ] GC(268) PSYoungGen: 58880K(116736K)->53246K(116736K) Eden: 58880K(58880K)->53246K(58880K) From: 0K(57856K)->0K(57856K)
[196.000s][info][gc,heap        ] GC(268) ParOldGen: 346201K(349696K)->346201K(349696K)
[196.000s][info][gc,metaspace   ] GC(268) Metaspace: 119720K(124864K)->119720K(124864K) NonClass: 101607K(104256K)->101607K(104256K) Class: 18113K(20608K)->18113K(20608K)
[196.000s][info][gc             ] GC(268) Pause Full (Ergonomics) 395M->390M(455M) 56.139ms
[196.000s][info][gc,cpu         ] GC(268) User=0.45s Sys=0.00s Real=0.05s
[196.002s][info][gc,start       ] GC(269) Pause Full (Ergonomics)
[196.002s][info][gc,phases,start] GC(269) Marking Phase
[196.037s][info][gc,phases      ] GC(269) Marking Phase 34.742ms
[196.037s][info][gc,phases,start] GC(269) Summary Phase
[196.037s][info][gc,phases      ] GC(269) Summary Phase 0.017ms
[196.037s][info][gc,phases,start] GC(269) Adjust Roots
[196.040s][info][gc,phases      ] GC(269) Adjust Roots 3.298ms
[196.040s][info][gc,phases,start] GC(269) Compaction Phase
[196.049s][info][gc,phases      ] GC(269) Compaction Phase 8.251ms
[196.049s][info][gc,phases,start] GC(269) Post Compact
[196.051s][info][gc,phases      ] GC(269) Post Compact 2.013ms
[196.051s][info][gc,heap        ] GC(269) PSYoungGen: 58880K(116736K)->53306K(116736K) Eden: 58880K(58880K)->53306K(58880K) From: 0K(57856K)->0K(57856K)
[196.051s][info][gc,heap        ] GC(269) ParOldGen: 346201K(349696K)->346201K(349696K)
[196.051s][info][gc,metaspace   ] GC(269) Metaspace: 119720K(124864K)->119720K(124864K) NonClass: 101607K(104256K)->101607K(104256K) Class: 18113K(20608K)->18113K(20608K)
[196.051s][info][gc             ] GC(269) Pause Full (Ergonomics) 395M->390M(455M) 48.564ms
[196.051s][info][gc,cpu         ] GC(269) User=0.47s Sys=0.00s Real=0.05s
[196.053s][info][gc,start       ] GC(270) Pause Full (Ergonomics)
[196.053s][info][gc,phases,start] GC(270) Marking Phase
[196.082s][info][gc,phases      ] GC(270) Marking Phase 29.203ms
[196.082s][info][gc,phases,start] GC(270) Summary Phase
[196.082s][info][gc,phases      ] GC(270) Summary Phase 0.018ms
[196.082s][info][gc,phases,start] GC(270) Adjust Roots
[196.086s][info][gc,phases      ] GC(270) Adjust Roots 3.386ms
[196.086s][info][gc,phases,start] GC(270) Compaction Phase
[196.102s][info][gc,phases      ] GC(270) Compaction Phase 16.271ms
[196.102s][info][gc,phases,start] GC(270) Post Compact
[196.104s][info][gc,phases      ] GC(270) Post Compact 2.072ms
[196.104s][info][gc,heap        ] GC(270) PSYoungGen: 58879K(116736K)->53229K(116736K) Eden: 58879K(58880K)->53229K(58880K) From: 0K(57856K)->0K(57856K)
[196.104s][info][gc,heap        ] GC(270) ParOldGen: 346201K(349696K)->346201K(349696K)
[196.104s][info][gc,metaspace   ] GC(270) Metaspace: 119720K(124864K)->119720K(124864K) NonClass: 101607K(104256K)->101607K(104256K) Class: 18113K(20608K)->18113K(20608K)
[196.104s][info][gc             ] GC(270) Pause Full (Ergonomics) 395M->390M(455M) 51.196ms
[196.104s][info][gc,cpu         ] GC(270) User=0.34s Sys=0.00s Real=0.05s
[196.106s][info][gc,start       ] GC(271) Pause Full (Ergonomics)
[196.106s][info][gc,phases,start] GC(271) Marking Phase
[196.138s][info][gc,phases      ] GC(271) Marking Phase 31.484ms
[196.138s][info][gc,phases,start] GC(271) Summary Phase
[196.138s][info][gc,phases      ] GC(271) Summary Phase 0.018ms
[196.138s][info][gc,phases,start] GC(271) Adjust Roots
[196.141s][info][gc,phases      ] GC(271) Adjust Roots 3.236ms
[196.141s][info][gc,phases,start] GC(271) Compaction Phase
[196.148s][info][gc,phases      ] GC(271) Compaction Phase 7.263ms
[196.148s][info][gc,phases,start] GC(271) Post Compact
[196.150s][info][gc,phases      ] GC(271) Post Compact 2.007ms
[196.150s][info][gc,heap        ] GC(271) PSYoungGen: 58879K(116736K)->53290K(116736K) Eden: 58879K(58880K)->53290K(58880K) From: 0K(57856K)->0K(57856K)
[196.150s][info][gc,heap        ] GC(271) ParOldGen: 346201K(349696K)->346201K(349696K)
[196.150s][info][gc,metaspace   ] GC(271) Metaspace: 119720K(124864K)->119720K(124864K) NonClass: 101607K(104256K)->101607K(104256K) Class: 18113K(20608K)->18113K(20608K)
[196.150s][info][gc             ] GC(271) Pause Full (Ergonomics) 395M->390M(455M) 44.268ms
[196.150s][info][gc,cpu         ] GC(271) User=0.38s Sys=0.00s Real=0.05s
[196.152s][info][gc,start       ] GC(272) Pause Full (Ergonomics)
[196.152s][info][gc,phases,start] GC(272) Marking Phase
[196.187s][info][gc,phases      ] GC(272) Marking Phase 34.019ms
[196.187s][info][gc,phases,start] GC(272) Summary Phase
[196.187s][info][gc,phases      ] GC(272) Summary Phase 0.018ms
[196.187s][info][gc,phases,start] GC(272) Adjust Roots
[196.190s][info][gc,phases      ] GC(272) Adjust Roots 3.480ms
[196.190s][info][gc,phases,start] GC(272) Compaction Phase
[196.198s][info][gc,phases      ] GC(272) Compaction Phase 8.209ms
[196.198s][info][gc,phases,start] GC(272) Post Compact
[196.200s][info][gc,phases      ] GC(272) Post Compact 2.019ms
[196.200s][info][gc,heap        ] GC(272) PSYoungGen: 58880K(116736K)->53264K(116736K) Eden: 58880K(58880K)->53264K(58880K) From: 0K(57856K)->0K(57856K)
[196.200s][info][gc,heap        ] GC(272) ParOldGen: 346201K(349696K)->346201K(349696K)
[196.200s][info][gc,metaspace   ] GC(272) Metaspace: 119720K(124864K)->119720K(124864K) NonClass: 101607K(104256K)->101607K(104256K) Class: 18113K(20608K)->18113K(20608K)
[196.200s][info][gc             ] GC(272) Pause Full (Ergonomics) 395M->390M(455M) 47.980ms
[196.200s][info][gc,cpu         ] GC(272) User=0.20s Sys=0.00s Real=0.05s
[196.203s][info][gc,start       ] GC(273) Pause Full (Ergonomics)
[196.203s][info][gc,phases,start] GC(273) Marking Phase
[196.234s][info][gc,phases      ] GC(273) Marking Phase 31.459ms
[196.234s][info][gc,phases,start] GC(273) Summary Phase
[196.234s][info][gc,phases      ] GC(273) Summary Phase 0.019ms
[196.234s][info][gc,phases,start] GC(273) Adjust Roots
[196.238s][info][gc,phases      ] GC(273) Adjust Roots 4.199ms
[196.238s][info][gc,phases,start] GC(273) Compaction Phase
[196.256s][info][gc,phases      ] GC(273) Compaction Phase 18.053ms
[196.257s][info][gc,phases,start] GC(273) Post Compact
[196.259s][info][gc,phases      ] GC(273) Post Compact 2.388ms
[196.259s][info][gc,heap        ] GC(273) PSYoungGen: 58879K(116736K)->53268K(116736K) Eden: 58879K(58880K)->53268K(58880K) From: 0K(57856K)->0K(57856K)
[196.259s][info][gc,heap        ] GC(273) ParOldGen: 346201K(349696K)->346201K(349696K)
[196.259s][info][gc,metaspace   ] GC(273) Metaspace: 119720K(124864K)->119720K(124864K) NonClass: 101607K(104256K)->101607K(104256K) Class: 18113K(20608K)->18113K(20608K)
[196.259s][info][gc             ] GC(273) Pause Full (Ergonomics) 395M->390M(455M) 56.458ms
[196.259s][info][gc,cpu         ] GC(273) User=0.20s Sys=0.00s Real=0.05s
[196.262s][info][gc,start       ] GC(274) Pause Full (Ergonomics)
[196.262s][info][gc,phases,start] GC(274) Marking Phase
[196.300s][info][gc,phases      ] GC(274) Marking Phase 37.770ms
[196.300s][info][gc,phases,start] GC(274) Summary Phase
[196.300s][info][gc,phases      ] GC(274) Summary Phase 0.018ms
[196.300s][info][gc,phases,start] GC(274) Adjust Roots
[196.303s][info][gc,phases      ] GC(274) Adjust Roots 3.281ms
[196.303s][info][gc,phases,start] GC(274) Compaction Phase
[196.310s][info][gc,phases      ] GC(274) Compaction Phase 7.342ms
[196.310s][info][gc,phases,start] GC(274) Post Compact
[196.312s][info][gc,phases      ] GC(274) Post Compact 2.032ms
[196.312s][info][gc,heap        ] GC(274) PSYoungGen: 58879K(116736K)->53284K(116736K) Eden: 58879K(58880K)->53284K(58880K) From: 0K(57856K)->0K(57856K)
[196.312s][info][gc,heap        ] GC(274) ParOldGen: 346201K(349696K)->346201K(349696K)
[196.312s][info][gc,metaspace   ] GC(274) Metaspace: 119720K(124864K)->119720K(124864K) NonClass: 101607K(104256K)->101607K(104256K) Class: 18113K(20608K)->18113K(20608K)
[196.312s][info][gc             ] GC(274) Pause Full (Ergonomics) 395M->390M(455M) 50.717ms
[196.313s][info][gc,cpu         ] GC(274) User=0.50s Sys=0.00s Real=0.06s
[196.314s][info][gc,start       ] GC(275) Pause Full (Ergonomics)
[196.314s][info][gc,phases,start] GC(275) Marking Phase
[196.347s][info][gc,phases      ] GC(275) Marking Phase 32.180ms
[196.347s][info][gc,phases,start] GC(275) Summary Phase
[196.347s][info][gc,phases      ] GC(275) Summary Phase 0.018ms
[196.347s][info][gc,phases,start] GC(275) Adjust Roots
[196.352s][info][gc,phases      ] GC(275) Adjust Roots 4.795ms
[196.352s][info][gc,phases,start] GC(275) Compaction Phase
[196.362s][info][gc,phases      ] GC(275) Compaction Phase 10.103ms
[196.362s][info][gc,phases,start] GC(275) Post Compact
[196.364s][info][gc,phases      ] GC(275) Post Compact 2.264ms
[196.364s][info][gc,heap        ] GC(275) PSYoungGen: 58879K(116736K)->53286K(116736K) Eden: 58879K(58880K)->53286K(58880K) From: 0K(57856K)->0K(57856K)
[196.364s][info][gc,heap        ] GC(275) ParOldGen: 346201K(349696K)->346201K(349696K)
[196.364s][info][gc,metaspace   ] GC(275) Metaspace: 119720K(124864K)->119720K(124864K) NonClass: 101607K(104256K)->101607K(104256K) Class: 18113K(20608K)->18113K(20608K)
[196.364s][info][gc             ] GC(275) Pause Full (Ergonomics) 395M->390M(455M) 49.683ms
[196.364s][info][gc,cpu         ] GC(275) User=0.25s Sys=0.00s Real=0.05s
[196.367s][info][gc,start       ] GC(276) Pause Full (Ergonomics)
[196.367s][info][gc,phases,start] GC(276) Marking Phase
[196.400s][info][gc,phases      ] GC(276) Marking Phase 33.447ms
[196.400s][info][gc,phases,start] GC(276) Summary Phase
[196.400s][info][gc,phases      ] GC(276) Summary Phase 0.019ms
[196.400s][info][gc,phases,start] GC(276) Adjust Roots
[196.403s][info][gc,phases      ] GC(276) Adjust Roots 3.274ms
[196.403s][info][gc,phases,start] GC(276) Compaction Phase
[196.412s][info][gc,phases      ] GC(276) Compaction Phase 8.311ms
[196.412s][info][gc,phases,start] GC(276) Post Compact
[196.414s][info][gc,phases      ] GC(276) Post Compact 2.017ms
[196.414s][info][gc,heap        ] GC(276) PSYoungGen: 58880K(116736K)->53273K(116736K) Eden: 58880K(58880K)->53273K(58880K) From: 0K(57856K)->0K(57856K)
[196.414s][info][gc,heap        ] GC(276) ParOldGen: 346201K(349696K)->346201K(349696K)
[196.414s][info][gc,metaspace   ] GC(276) Metaspace: 119720K(124864K)->119720K(124864K) NonClass: 101607K(104256K)->101607K(104256K) Class: 18113K(20608K)->18113K(20608K)
[196.414s][info][gc             ] GC(276) Pause Full (Ergonomics) 395M->390M(455M) 47.374ms
[196.414s][info][gc,cpu         ] GC(276) User=0.45s Sys=0.00s Real=0.05s
[196.416s][info][gc,start       ] GC(277) Pause Full (Ergonomics)
[196.416s][info][gc,phases,start] GC(277) Marking Phase
[196.451s][info][gc,phases      ] GC(277) Marking Phase 35.139ms
[196.451s][info][gc,phases,start] GC(277) Summary Phase
[196.451s][info][gc,phases      ] GC(277) Summary Phase 0.019ms
[196.451s][info][gc,phases,start] GC(277) Adjust Roots
[196.454s][info][gc,phases      ] GC(277) Adjust Roots 3.278ms
[196.454s][info][gc,phases,start] GC(277) Compaction Phase
[196.463s][info][gc,phases      ] GC(277) Compaction Phase 8.369ms
[196.463s][info][gc,phases,start] GC(277) Post Compact
[196.465s][info][gc,phases      ] GC(277) Post Compact 2.507ms
[196.465s][info][gc,heap        ] GC(277) PSYoungGen: 58879K(116736K)->53243K(116736K) Eden: 58879K(58880K)->53243K(58880K) From: 0K(57856K)->0K(57856K)
[196.465s][info][gc,heap        ] GC(277) ParOldGen: 346201K(349696K)->346201K(349696K)
[196.465s][info][gc,metaspace   ] GC(277) Metaspace: 119720K(124864K)->119720K(124864K) NonClass: 101607K(104256K)->101607K(104256K) Class: 18113K(20608K)->18113K(20608K)
[196.466s][info][gc             ] GC(277) Pause Full (Ergonomics) 395M->390M(455M) 49.716ms
[196.466s][info][gc,cpu         ] GC(277) User=0.48s Sys=0.00s Real=0.05s
[196.468s][info][gc,start       ] GC(278) Pause Full (Ergonomics)
[196.468s][info][gc,phases,start] GC(278) Marking Phase
[196.503s][info][gc,phases      ] GC(278) Marking Phase 34.752ms
[196.503s][info][gc,phases,start] GC(278) Summary Phase
[196.503s][info][gc,phases      ] GC(278) Summary Phase 0.020ms
[196.503s][info][gc,phases,start] GC(278) Adjust Roots
[196.506s][info][gc,phases      ] GC(278) Adjust Roots 3.261ms
[196.506s][info][gc,phases,start] GC(278) Compaction Phase
[196.514s][info][gc,phases      ] GC(278) Compaction Phase 8.222ms
[196.514s][info][gc,phases,start] GC(278) Post Compact
[196.516s][info][gc,phases      ] GC(278) Post Compact 1.930ms
[196.516s][info][gc,heap        ] GC(278) PSYoungGen: 58879K(116736K)->53227K(116736K) Eden: 58879K(58880K)->53227K(58880K) From: 0K(57856K)->0K(57856K)
[196.516s][info][gc,heap        ] GC(278) ParOldGen: 346201K(349696K)->346201K(349696K)
[196.516s][info][gc,metaspace   ] GC(278) Metaspace: 119720K(124864K)->119720K(124864K) NonClass: 101607K(104256K)->101607K(104256K) Class: 18113K(20608K)->18113K(20608K)
[196.516s][info][gc             ] GC(278) Pause Full (Ergonomics) 395M->390M(455M) 48.419ms
[196.516s][info][gc,cpu         ] GC(278) User=0.17s Sys=0.00s Real=0.04s
[196.518s][info][gc,start       ] GC(279) Pause Full (Ergonomics)
[196.518s][info][gc,phases,start] GC(279) Marking Phase
[196.553s][info][gc,phases      ] GC(279) Marking Phase 34.735ms
[196.553s][info][gc,phases,start] GC(279) Summary Phase
[196.553s][info][gc,phases      ] GC(279) Summary Phase 0.044ms
[196.553s][info][gc,phases,start] GC(279) Adjust Roots
[196.557s][info][gc,phases      ] GC(279) Adjust Roots 4.138ms
[196.557s][info][gc,phases,start] GC(279) Compaction Phase
[196.569s][info][gc,phases      ] GC(279) Compaction Phase 11.155ms
[196.569s][info][gc,phases,start] GC(279) Post Compact
[196.571s][info][gc,phases      ] GC(279) Post Compact 2.570ms
[196.571s][info][gc,heap        ] GC(279) PSYoungGen: 58880K(116736K)->53241K(116736K) Eden: 58880K(58880K)->53241K(58880K) From: 0K(57856K)->0K(57856K)
[196.571s][info][gc,heap        ] GC(279) ParOldGen: 346201K(349696K)->346201K(349696K)
[196.571s][info][gc,metaspace   ] GC(279) Metaspace: 119720K(124864K)->119720K(124864K) NonClass: 101607K(104256K)->101607K(104256K) Class: 18113K(20608K)->18113K(20608K)
[196.571s][info][gc             ] GC(279) Pause Full (Ergonomics) 395M->390M(455M) 53.044ms
[196.571s][info][gc,cpu         ] GC(279) User=0.33s Sys=0.00s Real=0.05s
[196.574s][info][gc,start       ] GC(280) Pause Full (Ergonomics)
[196.574s][info][gc,phases,start] GC(280) Marking Phase
[196.611s][info][gc,phases      ] GC(280) Marking Phase 37.018ms
[196.611s][info][gc,phases,start] GC(280) Summary Phase
[196.611s][info][gc,phases      ] GC(280) Summary Phase 0.026ms
[196.611s][info][gc,phases,start] GC(280) Adjust Roots
[196.614s][info][gc,phases      ] GC(280) Adjust Roots 3.331ms
[196.614s][info][gc,phases,start] GC(280) Compaction Phase
[196.622s][info][gc,phases      ] GC(280) Compaction Phase 7.550ms
[196.622s][info][gc,phases,start] GC(280) Post Compact
[196.624s][info][gc,phases      ] GC(280) Post Compact 1.997ms
[196.624s][info][gc,heap        ] GC(280) PSYoungGen: 58880K(116736K)->53264K(116736K) Eden: 58880K(58880K)->53264K(58880K) From: 0K(57856K)->0K(57856K)
[196.624s][info][gc,heap        ] GC(280) ParOldGen: 346201K(349696K)->346201K(349696K)
[196.624s][info][gc,metaspace   ] GC(280) Metaspace: 119720K(124864K)->119720K(124864K) NonClass: 101607K(104256K)->101607K(104256K) Class: 18113K(20608K)->18113K(20608K)
[196.624s][info][gc             ] GC(280) Pause Full (Ergonomics) 395M->390M(455M) 50.175ms
[196.624s][info][gc,cpu         ] GC(280) User=0.34s Sys=0.00s Real=0.05s
[196.626s][info][gc,start       ] GC(281) Pause Full (Ergonomics)
[196.626s][info][gc,phases,start] GC(281) Marking Phase
[196.655s][info][gc,phases      ] GC(281) Marking Phase 28.969ms
[196.655s][info][gc,phases,start] GC(281) Summary Phase
[196.655s][info][gc,phases      ] GC(281) Summary Phase 0.020ms
[196.655s][info][gc,phases,start] GC(281) Adjust Roots
[196.659s][info][gc,phases      ] GC(281) Adjust Roots 3.881ms
[196.659s][info][gc,phases,start] GC(281) Compaction Phase
[196.668s][info][gc,phases      ] GC(281) Compaction Phase 8.700ms
[196.668s][info][gc,phases,start] GC(281) Post Compact
[196.670s][info][gc,phases      ] GC(281) Post Compact 2.195ms
[196.670s][info][gc,heap        ] GC(281) PSYoungGen: 58879K(116736K)->53283K(116736K) Eden: 58879K(58880K)->53283K(58880K) From: 0K(57856K)->0K(57856K)
[196.670s][info][gc,heap        ] GC(281) ParOldGen: 346201K(349696K)->346201K(349696K)
[196.670s][info][gc,metaspace   ] GC(281) Metaspace: 119720K(124864K)->119720K(124864K) NonClass: 101607K(104256K)->101607K(104256K) Class: 18113K(20608K)->18113K(20608K)
[196.670s][info][gc             ] GC(281) Pause Full (Ergonomics) 395M->390M(455M) 44.090ms
[196.670s][info][gc,cpu         ] GC(281) User=0.19s Sys=0.00s Real=0.04s
[196.672s][info][gc,start       ] GC(282) Pause Full (Ergonomics)
[196.672s][info][gc,phases,start] GC(282) Marking Phase
[196.707s][info][gc,phases      ] GC(282) Marking Phase 35.244ms
[196.707s][info][gc,phases,start] GC(282) Summary Phase
[196.707s][info][gc,phases      ] GC(282) Summary Phase 0.019ms
[196.707s][info][gc,phases,start] GC(282) Adjust Roots
[196.711s][info][gc,phases      ] GC(282) Adjust Roots 3.961ms
[196.711s][info][gc,phases,start] GC(282) Compaction Phase
[196.729s][info][gc,phases      ] GC(282) Compaction Phase 17.949ms
[196.729s][info][gc,phases,start] GC(282) Post Compact
[196.732s][info][gc,phases      ] GC(282) Post Compact 2.206ms
[196.732s][info][gc,heap        ] GC(282) PSYoungGen: 58880K(116736K)->53277K(116736K) Eden: 58880K(58880K)->53277K(58880K) From: 0K(57856K)->0K(57856K)
[196.732s][info][gc,heap        ] GC(282) ParOldGen: 346201K(349696K)->346201K(349696K)
[196.732s][info][gc,metaspace   ] GC(282) Metaspace: 119720K(124864K)->119720K(124864K) NonClass: 101607K(104256K)->101607K(104256K) Class: 18113K(20608K)->18113K(20608K)
[196.732s][info][gc             ] GC(282) Pause Full (Ergonomics) 395M->390M(455M) 59.713ms
[196.732s][info][gc,cpu         ] GC(282) User=0.23s Sys=0.00s Real=0.06s
[196.734s][info][gc,start       ] GC(283) Pause Full (Ergonomics)
[196.734s][info][gc,phases,start] GC(283) Marking Phase
[196.772s][info][gc,phases      ] GC(283) Marking Phase 37.542ms
[196.772s][info][gc,phases,start] GC(283) Summary Phase
[196.772s][info][gc,phases      ] GC(283) Summary Phase 0.019ms
[196.772s][info][gc,phases,start] GC(283) Adjust Roots
[196.778s][info][gc,phases      ] GC(283) Adjust Roots 6.462ms
[196.778s][info][gc,phases,start] GC(283) Compaction Phase
[196.787s][info][gc,phases      ] GC(283) Compaction Phase 8.676ms
[196.787s][info][gc,phases,start] GC(283) Post Compact
[196.790s][info][gc,phases      ] GC(283) Post Compact 2.534ms
[196.790s][info][gc,heap        ] GC(283) PSYoungGen: 58879K(116736K)->53240K(116736K) Eden: 58879K(58880K)->53240K(58880K) From: 0K(57856K)->0K(57856K)
[196.790s][info][gc,heap        ] GC(283) ParOldGen: 346201K(349696K)->346201K(349696K)
[196.790s][info][gc,metaspace   ] GC(283) Metaspace: 119720K(124864K)->119720K(124864K) NonClass: 101607K(104256K)->101607K(104256K) Class: 18113K(20608K)->18113K(20608K)
[196.790s][info][gc             ] GC(283) Pause Full (Ergonomics) 395M->390M(455M) 55.648ms
[196.790s][info][gc,cpu         ] GC(283) User=0.47s Sys=0.00s Real=0.06s
[196.792s][info][gc,start       ] GC(284) Pause Full (Ergonomics)
[196.792s][info][gc,phases,start] GC(284) Marking Phase
[196.823s][info][gc,phases      ] GC(284) Marking Phase 31.297ms
[196.824s][info][gc,phases,start] GC(284) Summary Phase
[196.824s][info][gc,phases      ] GC(284) Summary Phase 0.018ms
[196.824s][info][gc,phases,start] GC(284) Adjust Roots
[196.827s][info][gc,phases      ] GC(284) Adjust Roots 3.316ms
[196.827s][info][gc,phases,start] GC(284) Compaction Phase
[196.835s][info][gc,phases      ] GC(284) Compaction Phase 8.127ms
[196.835s][info][gc,phases,start] GC(284) Post Compact
[196.837s][info][gc,phases      ] GC(284) Post Compact 1.918ms
[196.837s][info][gc,heap        ] GC(284) PSYoungGen: 58880K(116736K)->53308K(116736K) Eden: 58880K(58880K)->53308K(58880K) From: 0K(57856K)->0K(57856K)
[196.837s][info][gc,heap        ] GC(284) ParOldGen: 346201K(349696K)->346201K(349696K)
[196.837s][info][gc,metaspace   ] GC(284) Metaspace: 119720K(124864K)->119720K(124864K) NonClass: 101607K(104256K)->101607K(104256K) Class: 18113K(20608K)->18113K(20608K)
[196.837s][info][gc             ] GC(284) Pause Full (Ergonomics) 395M->390M(455M) 44.903ms
[196.837s][info][gc,cpu         ] GC(284) User=0.36s Sys=0.00s Real=0.04s
[196.839s][info][gc,start       ] GC(285) Pause Full (Ergonomics)
[196.839s][info][gc,phases,start] GC(285) Marking Phase
[196.869s][info][gc,phases      ] GC(285) Marking Phase 30.258ms
[196.869s][info][gc,phases,start] GC(285) Summary Phase
[196.869s][info][gc,phases      ] GC(285) Summary Phase 0.017ms
[196.869s][info][gc,phases,start] GC(285) Adjust Roots
[196.873s][info][gc,phases      ] GC(285) Adjust Roots 3.635ms
[196.873s][info][gc,phases,start] GC(285) Compaction Phase
[196.890s][info][gc,phases      ] GC(285) Compaction Phase 17.438ms
[196.890s][info][gc,phases,start] GC(285) Post Compact
[196.893s][info][gc,phases      ] GC(285) Post Compact 2.252ms
[196.893s][info][gc,heap        ] GC(285) PSYoungGen: 58880K(116736K)->53273K(116736K) Eden: 58880K(58880K)->53273K(58880K) From: 0K(57856K)->0K(57856K)
[196.893s][info][gc,heap        ] GC(285) ParOldGen: 346201K(349696K)->346201K(349696K)
[196.893s][info][gc,metaspace   ] GC(285) Metaspace: 119720K(124864K)->119720K(124864K) NonClass: 101607K(104256K)->101607K(104256K) Class: 18113K(20608K)->18113K(20608K)
[196.893s][info][gc             ] GC(285) Pause Full (Ergonomics) 395M->390M(455M) 53.921ms
[196.893s][info][gc,cpu         ] GC(285) User=0.52s Sys=0.00s Real=0.05s
[196.895s][info][gc,start       ] GC(286) Pause Full (Ergonomics)
[196.895s][info][gc,phases,start] GC(286) Marking Phase
[196.932s][info][gc,phases      ] GC(286) Marking Phase 37.197ms
[196.932s][info][gc,phases,start] GC(286) Summary Phase
[196.933s][info][gc,phases      ] GC(286) Summary Phase 0.017ms
[196.933s][info][gc,phases,start] GC(286) Adjust Roots
[196.936s][info][gc,phases      ] GC(286) Adjust Roots 3.251ms
[196.936s][info][gc,phases,start] GC(286) Compaction Phase
[196.952s][info][gc,phases      ] GC(286) Compaction Phase 16.151ms
[196.952s][info][gc,phases,start] GC(286) Post Compact
[196.954s][info][gc,phases      ] GC(286) Post Compact 2.181ms
[196.954s][info][gc,heap        ] GC(286) PSYoungGen: 58880K(116736K)->53264K(116736K) Eden: 58880K(58880K)->53264K(58880K) From: 0K(57856K)->0K(57856K)
[196.954s][info][gc,heap        ] GC(286) ParOldGen: 346201K(349696K)->346201K(349696K)
[196.954s][info][gc,metaspace   ] GC(286) Metaspace: 119720K(124864K)->119720K(124864K) NonClass: 101607K(104256K)->101607K(104256K) Class: 18113K(20608K)->18113K(20608K)
[196.954s][info][gc             ] GC(286) Pause Full (Ergonomics) 395M->390M(455M) 59.072ms
[196.954s][info][gc,cpu         ] GC(286) User=0.42s Sys=0.00s Real=0.06s
[196.957s][info][gc,start       ] GC(287) Pause Full (Ergonomics)
[196.957s][info][gc,phases,start] GC(287) Marking Phase
[196.991s][info][gc,phases      ] GC(287) Marking Phase 34.650ms
[196.991s][info][gc,phases,start] GC(287) Summary Phase
[196.991s][info][gc,phases      ] GC(287) Summary Phase 0.018ms
[196.991s][info][gc,phases,start] GC(287) Adjust Roots
[196.995s][info][gc,phases      ] GC(287) Adjust Roots 3.237ms
[196.995s][info][gc,phases,start] GC(287) Compaction Phase
[197.002s][info][gc,phases      ] GC(287) Compaction Phase 7.006ms
[197.002s][info][gc,phases,start] GC(287) Post Compact
[197.004s][info][gc,phases      ] GC(287) Post Compact 2.119ms
[197.004s][info][gc,heap        ] GC(287) PSYoungGen: 58879K(116736K)->53268K(116736K) Eden: 58879K(58880K)->53268K(58880K) From: 0K(57856K)->0K(57856K)
[197.004s][info][gc,heap        ] GC(287) ParOldGen: 346201K(349696K)->346201K(349696K)
[197.004s][info][gc,metaspace   ] GC(287) Metaspace: 119720K(124864K)->119720K(124864K) NonClass: 101607K(104256K)->101607K(104256K) Class: 18113K(20608K)->18113K(20608K)
[197.004s][info][gc             ] GC(287) Pause Full (Ergonomics) 395M->390M(455M) 47.336ms
[197.004s][info][gc,cpu         ] GC(287) User=0.44s Sys=0.00s Real=0.05s
[197.006s][info][gc,start       ] GC(288) Pause Full (Ergonomics)
[197.006s][info][gc,phases,start] GC(288) Marking Phase
[197.037s][info][gc,phases      ] GC(288) Marking Phase 30.549ms
[197.037s][info][gc,phases,start] GC(288) Summary Phase
[197.037s][info][gc,phases      ] GC(288) Summary Phase 0.020ms
[197.037s][info][gc,phases,start] GC(288) Adjust Roots
[197.041s][info][gc,phases      ] GC(288) Adjust Roots 3.956ms
[197.041s][info][gc,phases,start] GC(288) Compaction Phase
[197.050s][info][gc,phases      ] GC(288) Compaction Phase 9.625ms
[197.050s][info][gc,phases,start] GC(288) Post Compact
[197.052s][info][gc,phases      ] GC(288) Post Compact 2.164ms
[197.052s][info][gc,heap        ] GC(288) PSYoungGen: 58880K(116736K)->53274K(116736K) Eden: 58880K(58880K)->53274K(58880K) From: 0K(57856K)->0K(57856K)
[197.052s][info][gc,heap        ] GC(288) ParOldGen: 346201K(349696K)->346201K(349696K)
[197.053s][info][gc,metaspace   ] GC(288) Metaspace: 119720K(124864K)->119720K(124864K) NonClass: 101607K(104256K)->101607K(104256K) Class: 18113K(20608K)->18113K(20608K)
[197.053s][info][gc             ] GC(288) Pause Full (Ergonomics) 395M->390M(455M) 46.618ms
[197.053s][info][gc,cpu         ] GC(288) User=0.41s Sys=0.00s Real=0.05s
[197.055s][info][gc,start       ] GC(289) Pause Full (Ergonomics)
[197.055s][info][gc,phases,start] GC(289) Marking Phase
[197.088s][info][gc,phases      ] GC(289) Marking Phase 33.589ms
[197.088s][info][gc,phases,start] GC(289) Summary Phase
[197.088s][info][gc,phases      ] GC(289) Summary Phase 0.019ms
[197.088s][info][gc,phases,start] GC(289) Adjust Roots
[197.094s][info][gc,phases      ] GC(289) Adjust Roots 5.297ms
[197.094s][info][gc,phases,start] GC(289) Compaction Phase
[197.103s][info][gc,phases      ] GC(289) Compaction Phase 9.232ms
[197.103s][info][gc,phases,start] GC(289) Post Compact
[197.105s][info][gc,phases      ] GC(289) Post Compact 2.054ms
[197.105s][info][gc,heap        ] GC(289) PSYoungGen: 58880K(116736K)->53284K(116736K) Eden: 58880K(58880K)->53284K(58880K) From: 0K(57856K)->0K(57856K)
[197.105s][info][gc,heap        ] GC(289) ParOldGen: 346201K(349696K)->346201K(349696K)
[197.105s][info][gc,metaspace   ] GC(289) Metaspace: 119720K(124864K)->119720K(124864K) NonClass: 101607K(104256K)->101607K(104256K) Class: 18113K(20608K)->18113K(20608K)
[197.105s][info][gc             ] GC(289) Pause Full (Ergonomics) 395M->390M(455M) 50.428ms
[197.105s][info][gc,cpu         ] GC(289) User=0.36s Sys=0.00s Real=0.05s
[197.108s][info][gc,start       ] GC(290) Pause Full (Ergonomics)
[197.108s][info][gc,phases,start] GC(290) Marking Phase
[197.147s][info][gc,phases      ] GC(290) Marking Phase 39.465ms
[197.147s][info][gc,phases,start] GC(290) Summary Phase
[197.147s][info][gc,phases      ] GC(290) Summary Phase 0.019ms
[197.147s][info][gc,phases,start] GC(290) Adjust Roots
[197.151s][info][gc,phases      ] GC(290) Adjust Roots 3.340ms
[197.151s][info][gc,phases,start] GC(290) Compaction Phase
[197.161s][info][gc,phases      ] GC(290) Compaction Phase 10.029ms
[197.161s][info][gc,phases,start] GC(290) Post Compact
[197.163s][info][gc,phases      ] GC(290) Post Compact 2.033ms
[197.163s][info][gc,heap        ] GC(290) PSYoungGen: 58879K(116736K)->53238K(116736K) Eden: 58879K(58880K)->53238K(58880K) From: 0K(57856K)->0K(57856K)
[197.163s][info][gc,heap        ] GC(290) ParOldGen: 346201K(349696K)->346201K(349696K)
[197.163s][info][gc,metaspace   ] GC(290) Metaspace: 119720K(124864K)->119720K(124864K) NonClass: 101607K(104256K)->101607K(104256K) Class: 18113K(20608K)->18113K(20608K)
[197.163s][info][gc             ] GC(290) Pause Full (Ergonomics) 395M->390M(455M) 55.150ms
[197.163s][info][gc,cpu         ] GC(290) User=0.30s Sys=0.00s Real=0.05s
[197.165s][info][gc,start       ] GC(291) Pause Full (Ergonomics)
[197.165s][info][gc,phases,start] GC(291) Marking Phase
[197.199s][info][gc,phases      ] GC(291) Marking Phase 34.138ms
[197.199s][info][gc,phases,start] GC(291) Summary Phase
[197.199s][info][gc,phases      ] GC(291) Summary Phase 0.018ms
[197.199s][info][gc,phases,start] GC(291) Adjust Roots
[197.203s][info][gc,phases      ] GC(291) Adjust Roots 3.574ms
[197.203s][info][gc,phases,start] GC(291) Compaction Phase
[197.216s][info][gc,phases      ] GC(291) Compaction Phase 12.990ms
[197.216s][info][gc,phases,start] GC(291) Post Compact
[197.218s][info][gc,phases      ] GC(291) Post Compact 2.534ms
[197.218s][info][gc,heap        ] GC(291) PSYoungGen: 58879K(116736K)->53250K(116736K) Eden: 58879K(58880K)->53250K(58880K) From: 0K(57856K)->0K(57856K)
[197.218s][info][gc,heap        ] GC(291) ParOldGen: 346201K(349696K)->346201K(349696K)
[197.218s][info][gc,metaspace   ] GC(291) Metaspace: 119720K(124864K)->119720K(124864K) NonClass: 101607K(104256K)->101607K(104256K) Class: 18113K(20608K)->18113K(20608K)
[197.218s][info][gc             ] GC(291) Pause Full (Ergonomics) 395M->390M(455M) 53.635ms
[197.218s][info][gc,cpu         ] GC(291) User=0.22s Sys=0.00s Real=0.05s
[197.221s][info][gc,start       ] GC(292) Pause Full (Ergonomics)
[197.221s][info][gc,phases,start] GC(292) Marking Phase
[197.257s][info][gc,phases      ] GC(292) Marking Phase 36.264ms
[197.257s][info][gc,phases,start] GC(292) Summary Phase
[197.257s][info][gc,phases      ] GC(292) Summary Phase 0.019ms
[197.257s][info][gc,phases,start] GC(292) Adjust Roots
[197.260s][info][gc,phases      ] GC(292) Adjust Roots 3.278ms
[197.260s][info][gc,phases,start] GC(292) Compaction Phase
[197.272s][info][gc,phases      ] GC(292) Compaction Phase 11.237ms
[197.272s][info][gc,phases,start] GC(292) Post Compact
[197.274s][info][gc,phases      ] GC(292) Post Compact 2.033ms
[197.274s][info][gc,heap        ] GC(292) PSYoungGen: 58879K(116736K)->53265K(116736K) Eden: 58879K(58880K)->53265K(58880K) From: 0K(57856K)->0K(57856K)
[197.274s][info][gc,heap        ] GC(292) ParOldGen: 346201K(349696K)->346201K(349696K)
[197.274s][info][gc,metaspace   ] GC(292) Metaspace: 119720K(124864K)->119720K(124864K) NonClass: 101607K(104256K)->101607K(104256K) Class: 18113K(20608K)->18113K(20608K)
[197.274s][info][gc             ] GC(292) Pause Full (Ergonomics) 395M->390M(455M) 53.065ms
[197.274s][info][gc,cpu         ] GC(292) User=0.36s Sys=0.00s Real=0.06s
[197.276s][info][gc,start       ] GC(293) Pause Full (Ergonomics)
[197.276s][info][gc,phases,start] GC(293) Marking Phase
[197.312s][info][gc,phases      ] GC(293) Marking Phase 35.732ms
[197.312s][info][gc,phases,start] GC(293) Summary Phase
[197.312s][info][gc,phases      ] GC(293) Summary Phase 0.020ms
[197.312s][info][gc,phases,start] GC(293) Adjust Roots
[197.320s][info][gc,phases      ] GC(293) Adjust Roots 7.591ms
[197.320s][info][gc,phases,start] GC(293) Compaction Phase
[197.335s][info][gc,phases      ] GC(293) Compaction Phase 15.583ms
[197.335s][info][gc,phases,start] GC(293) Post Compact
[197.338s][info][gc,phases      ] GC(293) Post Compact 2.565ms
[197.338s][info][gc,heap        ] GC(293) PSYoungGen: 58879K(116736K)->53285K(116736K) Eden: 58879K(58880K)->53285K(58880K) From: 0K(57856K)->0K(57856K)
[197.338s][info][gc,heap        ] GC(293) ParOldGen: 346201K(349696K)->346201K(349696K)
[197.338s][info][gc,metaspace   ] GC(293) Metaspace: 119720K(124864K)->119720K(124864K) NonClass: 101607K(104256K)->101607K(104256K) Class: 18113K(20608K)->18113K(20608K)
[197.338s][info][gc             ] GC(293) Pause Full (Ergonomics) 395M->390M(455M) 61.886ms
[197.338s][info][gc,cpu         ] GC(293) User=0.36s Sys=0.00s Real=0.06s
[197.340s][info][gc,start       ] GC(294) Pause Full (Ergonomics)
[197.341s][info][gc,phases,start] GC(294) Marking Phase
[197.377s][info][gc,phases      ] GC(294) Marking Phase 36.680ms
[197.377s][info][gc,phases,start] GC(294) Summary Phase
[197.377s][info][gc,phases      ] GC(294) Summary Phase 0.019ms
[197.377s][info][gc,phases,start] GC(294) Adjust Roots
[197.381s][info][gc,phases      ] GC(294) Adjust Roots 3.264ms
[197.381s][info][gc,phases,start] GC(294) Compaction Phase
[197.396s][info][gc,phases      ] GC(294) Compaction Phase 15.879ms
[197.396s][info][gc,phases,start] GC(294) Post Compact
[197.399s][info][gc,phases      ] GC(294) Post Compact 2.029ms
[197.399s][info][gc,heap        ] GC(294) PSYoungGen: 58879K(116736K)->53255K(116736K) Eden: 58879K(58880K)->53255K(58880K) From: 0K(57856K)->0K(57856K)
[197.399s][info][gc,heap        ] GC(294) ParOldGen: 346201K(349696K)->346201K(349696K)
[197.399s][info][gc,metaspace   ] GC(294) Metaspace: 119720K(124864K)->119720K(124864K) NonClass: 101607K(104256K)->101607K(104256K) Class: 18113K(20608K)->18113K(20608K)
[197.399s][info][gc             ] GC(294) Pause Full (Ergonomics) 395M->390M(455M) 58.139ms
[197.399s][info][gc,cpu         ] GC(294) User=0.38s Sys=0.00s Real=0.05s
[197.401s][info][gc,start       ] GC(295) Pause Full (Ergonomics)
[197.401s][info][gc,phases,start] GC(295) Marking Phase
[197.446s][info][gc,phases      ] GC(295) Marking Phase 45.000ms
[197.446s][info][gc,phases,start] GC(295) Summary Phase
[197.446s][info][gc,phases      ] GC(295) Summary Phase 0.043ms
[197.446s][info][gc,phases,start] GC(295) Adjust Roots
[197.450s][info][gc,phases      ] GC(295) Adjust Roots 4.144ms
[197.450s][info][gc,phases,start] GC(295) Compaction Phase
[197.461s][info][gc,phases      ] GC(295) Compaction Phase 10.945ms
[197.461s][info][gc,phases,start] GC(295) Post Compact
[197.463s][info][gc,phases      ] GC(295) Post Compact 2.172ms
[197.463s][info][gc,heap        ] GC(295) PSYoungGen: 58880K(116736K)->53252K(116736K) Eden: 58880K(58880K)->53252K(58880K) From: 0K(57856K)->0K(57856K)
[197.463s][info][gc,heap        ] GC(295) ParOldGen: 346201K(349696K)->346201K(349696K)
[197.463s][info][gc,metaspace   ] GC(295) Metaspace: 119720K(124864K)->119720K(124864K) NonClass: 101607K(104256K)->101607K(104256K) Class: 18113K(20608K)->18113K(20608K)
[197.463s][info][gc             ] GC(295) Pause Full (Ergonomics) 395M->390M(455M) 62.674ms
[197.464s][info][gc,cpu         ] GC(295) User=0.55s Sys=0.00s Real=0.08s
[197.466s][info][gc,start       ] GC(296) Pause Full (Ergonomics)
[197.466s][info][gc,phases,start] GC(296) Marking Phase
[197.500s][info][gc,phases      ] GC(296) Marking Phase 34.055ms
[197.500s][info][gc,phases,start] GC(296) Summary Phase
[197.500s][info][gc,phases      ] GC(296) Summary Phase 0.020ms
[197.500s][info][gc,phases,start] GC(296) Adjust Roots
[197.504s][info][gc,phases      ] GC(296) Adjust Roots 3.695ms
[197.504s][info][gc,phases,start] GC(296) Compaction Phase
[197.513s][info][gc,phases      ] GC(296) Compaction Phase 8.677ms
[197.513s][info][gc,phases,start] GC(296) Post Compact
[197.515s][info][gc,phases      ] GC(296) Post Compact 2.011ms
[197.515s][info][gc,heap        ] GC(296) PSYoungGen: 58880K(116736K)->53274K(116736K) Eden: 58880K(58880K)->53274K(58880K) From: 0K(57856K)->0K(57856K)
[197.515s][info][gc,heap        ] GC(296) ParOldGen: 346201K(349696K)->346201K(349696K)
[197.515s][info][gc,metaspace   ] GC(296) Metaspace: 119720K(124864K)->119720K(124864K) NonClass: 101607K(104256K)->101607K(104256K) Class: 18113K(20608K)->18113K(20608K)
[197.515s][info][gc             ] GC(296) Pause Full (Ergonomics) 395M->390M(455M) 48.693ms
[197.515s][info][gc,cpu         ] GC(296) User=0.23s Sys=0.00s Real=0.05s
[197.517s][info][gc,start       ] GC(297) Pause Full (Ergonomics)
[197.517s][info][gc,phases,start] GC(297) Marking Phase
[197.550s][info][gc,phases      ] GC(297) Marking Phase 32.771ms
[197.550s][info][gc,phases,start] GC(297) Summary Phase
[197.550s][info][gc,phases      ] GC(297) Summary Phase 0.023ms
[197.550s][info][gc,phases,start] GC(297) Adjust Roots
[197.553s][info][gc,phases      ] GC(297) Adjust Roots 3.320ms
[197.553s][info][gc,phases,start] GC(297) Compaction Phase
[197.562s][info][gc,phases      ] GC(297) Compaction Phase 8.645ms
[197.562s][info][gc,phases,start] GC(297) Post Compact
[197.564s][info][gc,phases      ] GC(297) Post Compact 1.948ms
[197.564s][info][gc,heap        ] GC(297) PSYoungGen: 58880K(116736K)->53262K(116736K) Eden: 58880K(58880K)->53262K(58880K) From: 0K(57856K)->0K(57856K)
[197.564s][info][gc,heap        ] GC(297) ParOldGen: 346201K(349696K)->346201K(349696K)
[197.564s][info][gc,metaspace   ] GC(297) Metaspace: 119720K(124864K)->119720K(124864K) NonClass: 101607K(104256K)->101607K(104256K) Class: 18113K(20608K)->18113K(20608K)
[197.564s][info][gc             ] GC(297) Pause Full (Ergonomics) 395M->390M(455M) 46.962ms
[197.564s][info][gc,cpu         ] GC(297) User=0.19s Sys=0.00s Real=0.05s
[197.566s][info][gc,start       ] GC(298) Pause Full (Ergonomics)
[197.566s][info][gc,phases,start] GC(298) Marking Phase
[197.602s][info][gc,phases      ] GC(298) Marking Phase 35.408ms
[197.602s][info][gc,phases,start] GC(298) Summary Phase
[197.602s][info][gc,phases      ] GC(298) Summary Phase 0.019ms
[197.602s][info][gc,phases,start] GC(298) Adjust Roots
[197.605s][info][gc,phases      ] GC(298) Adjust Roots 3.643ms
[197.605s][info][gc,phases,start] GC(298) Compaction Phase
[197.615s][info][gc,phases      ] GC(298) Compaction Phase 9.320ms
[197.615s][info][gc,phases,start] GC(298) Post Compact
[197.617s][info][gc,phases      ] GC(298) Post Compact 2.116ms
[197.617s][info][gc,heap        ] GC(298) PSYoungGen: 58880K(116736K)->53238K(116736K) Eden: 58880K(58880K)->53238K(58880K) From: 0K(57856K)->0K(57856K)
[197.617s][info][gc,heap        ] GC(298) ParOldGen: 346201K(349696K)->346201K(349696K)
[197.617s][info][gc,metaspace   ] GC(298) Metaspace: 119720K(124864K)->119720K(124864K) NonClass: 101607K(104256K)->101607K(104256K) Class: 18113K(20608K)->18113K(20608K)
[197.617s][info][gc             ] GC(298) Pause Full (Ergonomics) 395M->390M(455M) 50.790ms
[197.617s][info][gc,cpu         ] GC(298) User=0.39s Sys=0.00s Real=0.05s
[197.619s][info][gc,start       ] GC(299) Pause Full (Ergonomics)
[197.619s][info][gc,phases,start] GC(299) Marking Phase
[197.658s][info][gc,phases      ] GC(299) Marking Phase 38.717ms
[197.658s][info][gc,phases,start] GC(299) Summary Phase
[197.658s][info][gc,phases      ] GC(299) Summary Phase 0.018ms
[197.658s][info][gc,phases,start] GC(299) Adjust Roots
[197.661s][info][gc,phases      ] GC(299) Adjust Roots 3.307ms
[197.661s][info][gc,phases,start] GC(299) Compaction Phase
[197.674s][info][gc,phases      ] GC(299) Compaction Phase 12.715ms
[197.674s][info][gc,phases,start] GC(299) Post Compact
[197.676s][info][gc,phases      ] GC(299) Post Compact 2.215ms
[197.677s][info][gc,heap        ] GC(299) PSYoungGen: 58879K(116736K)->53256K(116736K) Eden: 58879K(58880K)->53256K(58880K) From: 0K(57856K)->0K(57856K)
[197.677s][info][gc,heap        ] GC(299) ParOldGen: 346201K(349696K)->346201K(349696K)
[197.677s][info][gc,metaspace   ] GC(299) Metaspace: 119720K(124864K)->119720K(124864K) NonClass: 101607K(104256K)->101607K(104256K) Class: 18113K(20608K)->18113K(20608K)
[197.677s][info][gc             ] GC(299) Pause Full (Ergonomics) 395M->390M(455M) 57.276ms
[197.677s][info][gc,cpu         ] GC(299) User=0.39s Sys=0.00s Real=0.05s
[197.679s][info][gc,start       ] GC(300) Pause Full (Ergonomics)
[197.679s][info][gc,phases,start] GC(300) Marking Phase
[197.712s][info][gc,phases      ] GC(300) Marking Phase 33.632ms
[197.712s][info][gc,phases,start] GC(300) Summary Phase
[197.712s][info][gc,phases      ] GC(300) Summary Phase 0.019ms
[197.712s][info][gc,phases,start] GC(300) Adjust Roots
[197.716s][info][gc,phases      ] GC(300) Adjust Roots 3.811ms
[197.716s][info][gc,phases,start] GC(300) Compaction Phase
[197.734s][info][gc,phases      ] GC(300) Compaction Phase 17.967ms
[197.734s][info][gc,phases,start] GC(300) Post Compact
[197.737s][info][gc,phases      ] GC(300) Post Compact 2.557ms
[197.737s][info][gc,heap        ] GC(300) PSYoungGen: 58880K(116736K)->53263K(116736K) Eden: 58880K(58880K)->53263K(58880K) From: 0K(57856K)->0K(57856K)
[197.737s][info][gc,heap        ] GC(300) ParOldGen: 346201K(349696K)->346201K(349696K)
[197.737s][info][gc,metaspace   ] GC(300) Metaspace: 119720K(124864K)->119720K(124864K) NonClass: 101607K(104256K)->101607K(104256K) Class: 18113K(20608K)->18113K(20608K)
[197.737s][info][gc             ] GC(300) Pause Full (Ergonomics) 395M->390M(455M) 58.389ms
[197.737s][info][gc,cpu         ] GC(300) User=0.22s Sys=0.00s Real=0.05s
[197.740s][info][gc,start       ] GC(301) Pause Full (Ergonomics)
[197.740s][info][gc,phases,start] GC(301) Marking Phase
[197.778s][info][gc,phases      ] GC(301) Marking Phase 38.063ms
[197.778s][info][gc,phases,start] GC(301) Summary Phase
[197.778s][info][gc,phases      ] GC(301) Summary Phase 0.019ms
[197.778s][info][gc,phases,start] GC(301) Adjust Roots
[197.781s][info][gc,phases      ] GC(301) Adjust Roots 3.325ms
[197.781s][info][gc,phases,start] GC(301) Compaction Phase
[197.789s][info][gc,phases      ] GC(301) Compaction Phase 7.671ms
[197.789s][info][gc,phases,start] GC(301) Post Compact
[197.791s][info][gc,phases      ] GC(301) Post Compact 2.047ms
[197.791s][info][gc,heap        ] GC(301) PSYoungGen: 58880K(116736K)->53275K(116736K) Eden: 58880K(58880K)->53275K(58880K) From: 0K(57856K)->0K(57856K)
[197.791s][info][gc,heap        ] GC(301) ParOldGen: 346201K(349696K)->346201K(349696K)
[197.791s][info][gc,metaspace   ] GC(301) Metaspace: 119720K(124864K)->119720K(124864K) NonClass: 101607K(104256K)->101607K(104256K) Class: 18113K(20608K)->18113K(20608K)
[197.791s][info][gc             ] GC(301) Pause Full (Ergonomics) 395M->390M(455M) 51.397ms
[197.791s][info][gc,cpu         ] GC(301) User=0.19s Sys=0.00s Real=0.05s
[197.793s][info][gc,start       ] GC(302) Pause Full (Ergonomics)
[197.793s][info][gc,phases,start] GC(302) Marking Phase
[197.824s][info][gc,phases      ] GC(302) Marking Phase 31.088ms
[197.824s][info][gc,phases,start] GC(302) Summary Phase
[197.824s][info][gc,phases      ] GC(302) Summary Phase 0.018ms
[197.824s][info][gc,phases,start] GC(302) Adjust Roots
[197.828s][info][gc,phases      ] GC(302) Adjust Roots 4.071ms
[197.828s][info][gc,phases,start] GC(302) Compaction Phase
[197.845s][info][gc,phases      ] GC(302) Compaction Phase 16.646ms
[197.845s][info][gc,phases,start] GC(302) Post Compact
[197.848s][info][gc,phases      ] GC(302) Post Compact 2.553ms
[197.848s][info][gc,heap        ] GC(302) PSYoungGen: 58880K(116736K)->53256K(116736K) Eden: 58880K(58880K)->53256K(58880K) From: 0K(57856K)->0K(57856K)
[197.848s][info][gc,heap        ] GC(302) ParOldGen: 346201K(349696K)->346201K(349696K)
[197.848s][info][gc,metaspace   ] GC(302) Metaspace: 119720K(124864K)->119720K(124864K) NonClass: 101607K(104256K)->101607K(104256K) Class: 18113K(20608K)->18113K(20608K)
[197.848s][info][gc             ] GC(302) Pause Full (Ergonomics) 395M->390M(455M) 54.760ms
[197.848s][info][gc,cpu         ] GC(302) User=0.20s Sys=0.00s Real=0.05s
[197.851s][info][gc,start       ] GC(303) Pause Full (Ergonomics)
[197.851s][info][gc,phases,start] GC(303) Marking Phase
[197.889s][info][gc,phases      ] GC(303) Marking Phase 37.921ms
[197.889s][info][gc,phases,start] GC(303) Summary Phase
[197.889s][info][gc,phases      ] GC(303) Summary Phase 0.019ms
[197.889s][info][gc,phases,start] GC(303) Adjust Roots
[197.892s][info][gc,phases      ] GC(303) Adjust Roots 3.280ms
[197.892s][info][gc,phases,start] GC(303) Compaction Phase
[197.899s][info][gc,phases      ] GC(303) Compaction Phase 7.239ms
[197.899s][info][gc,phases,start] GC(303) Post Compact
[197.901s][info][gc,phases      ] GC(303) Post Compact 2.010ms
[197.901s][info][gc,heap        ] GC(303) PSYoungGen: 58880K(116736K)->53247K(116736K) Eden: 58880K(58880K)->53247K(58880K) From: 0K(57856K)->0K(57856K)
[197.901s][info][gc,heap        ] GC(303) ParOldGen: 346201K(349696K)->346201K(349696K)
[197.901s][info][gc,metaspace   ] GC(303) Metaspace: 119720K(124864K)->119720K(124864K) NonClass: 101607K(104256K)->101607K(104256K) Class: 18113K(20608K)->18113K(20608K)
[197.901s][info][gc             ] GC(303) Pause Full (Ergonomics) 395M->390M(455M) 50.718ms
[197.901s][info][gc,cpu         ] GC(303) User=0.34s Sys=0.00s Real=0.06s
[197.903s][info][gc,start       ] GC(304) Pause Full (Ergonomics)
[197.903s][info][gc,phases,start] GC(304) Marking Phase
[197.935s][info][gc,phases      ] GC(304) Marking Phase 31.528ms
[197.935s][info][gc,phases,start] GC(304) Summary Phase
[197.935s][info][gc,phases      ] GC(304) Summary Phase 0.018ms
[197.935s][info][gc,phases,start] GC(304) Adjust Roots
[197.939s][info][gc,phases      ] GC(304) Adjust Roots 3.938ms
[197.939s][info][gc,phases,start] GC(304) Compaction Phase
[197.949s][info][gc,phases      ] GC(304) Compaction Phase 9.809ms
[197.949s][info][gc,phases,start] GC(304) Post Compact
[197.951s][info][gc,phases      ] GC(304) Post Compact 2.031ms
[197.951s][info][gc,heap        ] GC(304) PSYoungGen: 58879K(116736K)->53294K(116736K) Eden: 58879K(58880K)->53294K(58880K) From: 0K(57856K)->0K(57856K)
[197.951s][info][gc,heap        ] GC(304) ParOldGen: 346201K(349696K)->346201K(349696K)
[197.951s][info][gc,metaspace   ] GC(304) Metaspace: 119720K(124864K)->119720K(124864K) NonClass: 101607K(104256K)->101607K(104256K) Class: 18113K(20608K)->18113K(20608K)
[197.951s][info][gc             ] GC(304) Pause Full (Ergonomics) 395M->390M(455M) 47.573ms
[197.951s][info][gc,cpu         ] GC(304) User=0.20s Sys=0.00s Real=0.05s
[197.953s][info][gc,start       ] GC(305) Pause Full (Ergonomics)
[197.953s][info][gc,phases,start] GC(305) Marking Phase
[197.985s][info][gc,phases      ] GC(305) Marking Phase 31.875ms
[197.985s][info][gc,phases,start] GC(305) Summary Phase
[197.985s][info][gc,phases      ] GC(305) Summary Phase 0.028ms
[197.985s][info][gc,phases,start] GC(305) Adjust Roots
[197.989s][info][gc,phases      ] GC(305) Adjust Roots 4.084ms
[197.989s][info][gc,phases,start] GC(305) Compaction Phase
[198.000s][info][gc,phases      ] GC(305) Compaction Phase 10.827ms
[198.000s][info][gc,phases,start] GC(305) Post Compact
[198.002s][info][gc,phases      ] GC(305) Post Compact 2.195ms
[198.002s][info][gc,heap        ] GC(305) PSYoungGen: 58880K(116736K)->53315K(116736K) Eden: 58880K(58880K)->53315K(58880K) From: 0K(57856K)->0K(57856K)
[198.002s][info][gc,heap        ] GC(305) ParOldGen: 346201K(349696K)->346201K(349696K)
[198.002s][info][gc,metaspace   ] GC(305) Metaspace: 119720K(124864K)->119720K(124864K) NonClass: 101607K(104256K)->101607K(104256K) Class: 18113K(20608K)->18113K(20608K)
[198.003s][info][gc             ] GC(305) Pause Full (Ergonomics) 395M->390M(455M) 49.278ms
[198.003s][info][gc,cpu         ] GC(305) User=0.23s Sys=0.02s Real=0.05s
[198.005s][info][gc,start       ] GC(306) Pause Full (Ergonomics)
[198.005s][info][gc,phases,start] GC(306) Marking Phase
[198.039s][info][gc,phases      ] GC(306) Marking Phase 34.315ms
[198.039s][info][gc,phases,start] GC(306) Summary Phase
[198.039s][info][gc,phases      ] GC(306) Summary Phase 0.019ms
[198.039s][info][gc,phases,start] GC(306) Adjust Roots
[198.043s][info][gc,phases      ] GC(306) Adjust Roots 3.311ms
[198.043s][info][gc,phases,start] GC(306) Compaction Phase
[198.059s][info][gc,phases      ] GC(306) Compaction Phase 15.953ms
[198.059s][info][gc,phases,start] GC(306) Post Compact
[198.061s][info][gc,phases      ] GC(306) Post Compact 2.157ms
[198.061s][info][gc,heap        ] GC(306) PSYoungGen: 58880K(116736K)->53255K(116736K) Eden: 58880K(58880K)->53255K(58880K) From: 0K(57856K)->0K(57856K)
[198.061s][info][gc,heap        ] GC(306) ParOldGen: 346201K(349696K)->346201K(349696K)
[198.061s][info][gc,metaspace   ] GC(306) Metaspace: 119720K(124864K)->119720K(124864K) NonClass: 101607K(104256K)->101607K(104256K) Class: 18113K(20608K)->18113K(20608K)
[198.061s][info][gc             ] GC(306) Pause Full (Ergonomics) 395M->390M(455M) 56.056ms
[198.061s][info][gc,cpu         ] GC(306) User=0.22s Sys=0.00s Real=0.05s
[198.063s][info][gc,start       ] GC(307) Pause Full (Ergonomics)
[198.063s][info][gc,phases,start] GC(307) Marking Phase
[198.100s][info][gc,phases      ] GC(307) Marking Phase 36.706ms
[198.100s][info][gc,phases,start] GC(307) Summary Phase
[198.100s][info][gc,phases      ] GC(307) Summary Phase 0.019ms
[198.100s][info][gc,phases,start] GC(307) Adjust Roots
[198.103s][info][gc,phases      ] GC(307) Adjust Roots 3.335ms
[198.103s][info][gc,phases,start] GC(307) Compaction Phase
[198.112s][info][gc,phases      ] GC(307) Compaction Phase 8.333ms
[198.112s][info][gc,phases,start] GC(307) Post Compact
[198.114s][info][gc,phases      ] GC(307) Post Compact 2.231ms
[198.114s][info][gc,heap        ] GC(307) PSYoungGen: 58880K(116736K)->53317K(116736K) Eden: 58880K(58880K)->53317K(58880K) From: 0K(57856K)->0K(57856K)
[198.114s][info][gc,heap        ] GC(307) ParOldGen: 346201K(349696K)->346201K(349696K)
[198.114s][info][gc,metaspace   ] GC(307) Metaspace: 119720K(124864K)->119720K(124864K) NonClass: 101607K(104256K)->101607K(104256K) Class: 18113K(20608K)->18113K(20608K)
[198.114s][info][gc             ] GC(307) Pause Full (Ergonomics) 395M->390M(455M) 50.974ms
[198.114s][info][gc,cpu         ] GC(307) User=0.58s Sys=0.02s Real=0.07s
[198.116s][info][gc,start       ] GC(308) Pause Full (Ergonomics)
[198.116s][info][gc,phases,start] GC(308) Marking Phase
[198.145s][info][gc,phases      ] GC(308) Marking Phase 28.959ms
[198.145s][info][gc,phases,start] GC(308) Summary Phase
[198.145s][info][gc,phases      ] GC(308) Summary Phase 0.023ms
[198.145s][info][gc,phases,start] GC(308) Adjust Roots
[198.153s][info][gc,phases      ] GC(308) Adjust Roots 7.338ms
[198.153s][info][gc,phases,start] GC(308) Compaction Phase
[198.163s][info][gc,phases      ] GC(308) Compaction Phase 10.239ms
[198.163s][info][gc,phases,start] GC(308) Post Compact
[198.165s][info][gc,phases      ] GC(308) Post Compact 2.091ms
[198.165s][info][gc,heap        ] GC(308) PSYoungGen: 58880K(116736K)->53237K(116736K) Eden: 58880K(58880K)->53237K(58880K) From: 0K(57856K)->0K(57856K)
[198.165s][info][gc,heap        ] GC(308) ParOldGen: 346201K(349696K)->346201K(349696K)
[198.165s][info][gc,metaspace   ] GC(308) Metaspace: 119720K(124864K)->119720K(124864K) NonClass: 101607K(104256K)->101607K(104256K) Class: 18113K(20608K)->18113K(20608K)
[198.165s][info][gc             ] GC(308) Pause Full (Ergonomics) 395M->390M(455M) 48.912ms
[198.165s][info][gc,cpu         ] GC(308) User=0.20s Sys=0.00s Real=0.05s
[198.167s][info][gc,start       ] GC(309) Pause Full (Ergonomics)
[198.168s][info][gc,phases,start] GC(309) Marking Phase
[198.203s][info][gc,phases      ] GC(309) Marking Phase 35.502ms
[198.203s][info][gc,phases,start] GC(309) Summary Phase
[198.203s][info][gc,phases      ] GC(309) Summary Phase 0.020ms
[198.203s][info][gc,phases,start] GC(309) Adjust Roots
[198.206s][info][gc,phases      ] GC(309) Adjust Roots 3.332ms
[198.206s][info][gc,phases,start] GC(309) Compaction Phase
[198.215s][info][gc,phases      ] GC(309) Compaction Phase 8.467ms
[198.215s][info][gc,phases,start] GC(309) Post Compact
[198.217s][info][gc,phases      ] GC(309) Post Compact 2.055ms
[198.217s][info][gc,heap        ] GC(309) PSYoungGen: 58880K(116736K)->53255K(116736K) Eden: 58880K(58880K)->53255K(58880K) From: 0K(57856K)->0K(57856K)
[198.217s][info][gc,heap        ] GC(309) ParOldGen: 346201K(349696K)->346201K(349696K)
[198.217s][info][gc,metaspace   ] GC(309) Metaspace: 119720K(124864K)->119720K(124864K) NonClass: 101607K(104256K)->101607K(104256K) Class: 18113K(20608K)->18113K(20608K)
[198.217s][info][gc             ] GC(309) Pause Full (Ergonomics) 395M->390M(455M) 49.629ms
[198.217s][info][gc,cpu         ] GC(309) User=0.42s Sys=0.00s Real=0.05s
[198.219s][info][gc,start       ] GC(310) Pause Full (Ergonomics)
[198.219s][info][gc,phases,start] GC(310) Marking Phase
[198.255s][info][gc,phases      ] GC(310) Marking Phase 35.428ms
[198.255s][info][gc,phases,start] GC(310) Summary Phase
[198.255s][info][gc,phases      ] GC(310) Summary Phase 0.173ms
[198.255s][info][gc,phases,start] GC(310) Adjust Roots
[198.259s][info][gc,phases      ] GC(310) Adjust Roots 3.587ms
[198.259s][info][gc,phases,start] GC(310) Compaction Phase
[198.267s][info][gc,phases      ] GC(310) Compaction Phase 8.379ms
[198.267s][info][gc,phases,start] GC(310) Post Compact
[198.270s][info][gc,phases      ] GC(310) Post Compact 2.557ms
[198.270s][info][gc,heap        ] GC(310) PSYoungGen: 58879K(116736K)->53284K(116736K) Eden: 58879K(58880K)->53284K(58880K) From: 0K(57856K)->0K(57856K)
[198.270s][info][gc,heap        ] GC(310) ParOldGen: 346201K(349696K)->346201K(349696K)
[198.270s][info][gc,metaspace   ] GC(310) Metaspace: 119720K(124864K)->119720K(124864K) NonClass: 101607K(104256K)->101607K(104256K) Class: 18113K(20608K)->18113K(20608K)
[198.270s][info][gc             ] GC(310) Pause Full (Ergonomics) 395M->390M(455M) 50.553ms
[198.270s][info][gc,cpu         ] GC(310) User=0.56s Sys=0.00s Real=0.05s
[198.271s][info][gc,start       ] GC(311) Pause Full (Ergonomics)
[198.271s][info][gc,phases,start] GC(311) Marking Phase
[198.308s][info][gc,phases      ] GC(311) Marking Phase 36.954ms
[198.308s][info][gc,phases,start] GC(311) Summary Phase
[198.308s][info][gc,phases      ] GC(311) Summary Phase 0.019ms
[198.308s][info][gc,phases,start] GC(311) Adjust Roots
[198.312s][info][gc,phases      ] GC(311) Adjust Roots 3.593ms
[198.312s][info][gc,phases,start] GC(311) Compaction Phase
[198.320s][info][gc,phases      ] GC(311) Compaction Phase 8.367ms
[198.320s][info][gc,phases,start] GC(311) Post Compact
[198.322s][info][gc,phases      ] GC(311) Post Compact 2.038ms
[198.322s][info][gc,heap        ] GC(311) PSYoungGen: 56431K(116736K)->53257K(116736K) Eden: 56431K(58880K)->53257K(58880K) From: 0K(57856K)->0K(57856K)
[198.322s][info][gc,heap        ] GC(311) ParOldGen: 346201K(349696K)->346201K(349696K)
[198.322s][info][gc,metaspace   ] GC(311) Metaspace: 119720K(124864K)->119720K(124864K) NonClass: 101607K(104256K)->101607K(104256K) Class: 18113K(20608K)->18113K(20608K)
[198.322s][info][gc             ] GC(311) Pause Full (Ergonomics) 393M->390M(455M) 51.304ms
[198.322s][info][gc,cpu         ] GC(311) User=0.45s Sys=0.00s Real=0.05s
[198.324s][info][gc,start       ] GC(312) Pause Full (Ergonomics)
[198.324s][info][gc,phases,start] GC(312) Marking Phase
[198.359s][info][gc,phases      ] GC(312) Marking Phase 34.773ms
[198.359s][info][gc,phases,start] GC(312) Summary Phase
[198.359s][info][gc,phases      ] GC(312) Summary Phase 0.019ms
[198.359s][info][gc,phases,start] GC(312) Adjust Roots
[198.362s][info][gc,phases      ] GC(312) Adjust Roots 3.602ms
[198.362s][info][gc,phases,start] GC(312) Compaction Phase
[198.372s][info][gc,phases      ] GC(312) Compaction Phase 10.099ms
[198.372s][info][gc,phases,start] GC(312) Post Compact
[198.374s][info][gc,phases      ] GC(312) Post Compact 2.020ms
[198.374s][info][gc,heap        ] GC(312) PSYoungGen: 58880K(116736K)->56390K(116736K) Eden: 58880K(58880K)->56390K(58880K) From: 0K(57856K)->0K(57856K)
[198.374s][info][gc,heap        ] GC(312) ParOldGen: 346201K(349696K)->346201K(349696K)
[198.374s][info][gc,metaspace   ] GC(312) Metaspace: 119720K(124864K)->119720K(124864K) NonClass: 101607K(104256K)->101607K(104256K) Class: 18113K(20608K)->18113K(20608K)
[198.374s][info][gc             ] GC(312) Pause Full (Ergonomics) 395M->393M(455M) 50.744ms
[198.374s][info][gc,cpu         ] GC(312) User=0.33s Sys=0.00s Real=0.04s
[198.375s][info][gc,start       ] GC(313) Pause Full (Ergonomics)
[198.375s][info][gc,phases,start] GC(313) Marking Phase
[198.405s][info][gc,phases      ] GC(313) Marking Phase 29.977ms
[198.405s][info][gc,phases,start] GC(313) Summary Phase
[198.405s][info][gc,phases      ] GC(313) Summary Phase 0.017ms
[198.405s][info][gc,phases,start] GC(313) Adjust Roots
[198.409s][info][gc,phases      ] GC(313) Adjust Roots 3.702ms
[198.409s][info][gc,phases,start] GC(313) Compaction Phase
[198.418s][info][gc,phases      ] GC(313) Compaction Phase 8.775ms
[198.418s][info][gc,phases,start] GC(313) Post Compact
[198.420s][info][gc,phases      ] GC(313) Post Compact 2.101ms
[198.420s][info][gc,heap        ] GC(313) PSYoungGen: 58879K(116736K)->54837K(116736K) Eden: 58879K(58880K)->54837K(58880K) From: 0K(57856K)->0K(57856K)
[198.420s][info][gc,heap        ] GC(313) ParOldGen: 346201K(349696K)->346201K(349696K)
[198.420s][info][gc,metaspace   ] GC(313) Metaspace: 119720K(124864K)->119720K(124864K) NonClass: 101607K(104256K)->101607K(104256K) Class: 18113K(20608K)->18113K(20608K)
[198.420s][info][gc             ] GC(313) Pause Full (Ergonomics) 395M->391M(455M) 44.881ms
[198.420s][info][gc,cpu         ] GC(313) User=0.31s Sys=0.00s Real=0.03s
[198.422s][info][gc,start       ] GC(314) Pause Full (Ergonomics)
[198.422s][info][gc,phases,start] GC(314) Marking Phase
[198.455s][info][gc,phases      ] GC(314) Marking Phase 32.800ms
[198.455s][info][gc,phases,start] GC(314) Summary Phase
[198.455s][info][gc,phases      ] GC(314) Summary Phase 0.018ms
[198.455s][info][gc,phases,start] GC(314) Adjust Roots
[198.459s][info][gc,phases      ] GC(314) Adjust Roots 3.994ms
[198.459s][info][gc,phases,start] GC(314) Compaction Phase
[198.467s][info][gc,phases      ] GC(314) Compaction Phase 8.301ms
[198.467s][info][gc,phases,start] GC(314) Post Compact
[198.470s][info][gc,phases      ] GC(314) Post Compact 2.342ms
[198.470s][info][gc,heap        ] GC(314) PSYoungGen: 58880K(116736K)->54831K(116736K) Eden: 58880K(58880K)->54831K(58880K) From: 0K(57856K)->0K(57856K)
[198.470s][info][gc,heap        ] GC(314) ParOldGen: 346201K(349696K)->346201K(349696K)
[198.470s][info][gc,metaspace   ] GC(314) Metaspace: 119720K(124864K)->119720K(124864K) NonClass: 101607K(104256K)->101607K(104256K) Class: 18113K(20608K)->18113K(20608K)
[198.470s][info][gc             ] GC(314) Pause Full (Ergonomics) 395M->391M(455M) 47.792ms
[198.470s][info][gc,cpu         ] GC(314) User=0.19s Sys=0.00s Real=0.05s
[198.471s][info][gc,start       ] GC(315) Pause Full (Ergonomics)
[198.471s][info][gc,phases,start] GC(315) Marking Phase
[198.510s][info][gc,phases      ] GC(315) Marking Phase 38.098ms
[198.510s][info][gc,phases,start] GC(315) Summary Phase
[198.510s][info][gc,phases      ] GC(315) Summary Phase 0.032ms
[198.510s][info][gc,phases,start] GC(315) Adjust Roots
[198.517s][info][gc,phases      ] GC(315) Adjust Roots 7.499ms
[198.517s][info][gc,phases,start] GC(315) Compaction Phase
[198.528s][info][gc,phases      ] GC(315) Compaction Phase 11.131ms
[198.528s][info][gc,phases,start] GC(315) Post Compact
[198.531s][info][gc,phases      ] GC(315) Post Compact 2.606ms
[198.531s][info][gc,heap        ] GC(315) PSYoungGen: 58880K(116736K)->54832K(116736K) Eden: 58880K(58880K)->54832K(58880K) From: 0K(57856K)->0K(57856K)
[198.531s][info][gc,heap        ] GC(315) ParOldGen: 346201K(349696K)->346201K(349696K)
[198.531s][info][gc,metaspace   ] GC(315) Metaspace: 119720K(124864K)->119720K(124864K) NonClass: 101607K(104256K)->101607K(104256K) Class: 18113K(20608K)->18113K(20608K)
[198.531s][info][gc             ] GC(315) Pause Full (Ergonomics) 395M->391M(455M) 59.721ms
[198.531s][info][gc,cpu         ] GC(315) User=0.20s Sys=0.00s Real=0.06s
[198.533s][info][gc,start       ] GC(316) Pause Full (Ergonomics)
[198.533s][info][gc,phases,start] GC(316) Marking Phase
[198.573s][info][gc,phases      ] GC(316) Marking Phase 39.382ms
[198.573s][info][gc,phases,start] GC(316) Summary Phase
[198.573s][info][gc,phases      ] GC(316) Summary Phase 0.018ms
[198.573s][info][gc,phases,start] GC(316) Adjust Roots
[198.576s][info][gc,phases      ] GC(316) Adjust Roots 3.289ms
[198.576s][info][gc,phases,start] GC(316) Compaction Phase
[198.584s][info][gc,phases      ] GC(316) Compaction Phase 8.273ms
[198.584s][info][gc,phases,start] GC(316) Post Compact
[198.586s][info][gc,phases      ] GC(316) Post Compact 2.020ms
[198.586s][info][gc,heap        ] GC(316) PSYoungGen: 58880K(116736K)->54814K(116736K) Eden: 58880K(58880K)->54814K(58880K) From: 0K(57856K)->0K(57856K)
[198.586s][info][gc,heap        ] GC(316) ParOldGen: 346201K(349696K)->346201K(349696K)
[198.586s][info][gc,metaspace   ] GC(316) Metaspace: 119720K(124864K)->119720K(124864K) NonClass: 101607K(104256K)->101607K(104256K) Class: 18113K(20608K)->18113K(20608K)
[198.586s][info][gc             ] GC(316) Pause Full (Ergonomics) 395M->391M(455M) 53.301ms
[198.586s][info][gc,cpu         ] GC(316) User=0.47s Sys=0.00s Real=0.05s
[198.588s][info][gc,start       ] GC(317) Pause Full (Ergonomics)
[198.588s][info][gc,phases,start] GC(317) Marking Phase
[198.616s][info][gc,phases      ] GC(317) Marking Phase 28.002ms
[198.616s][info][gc,phases,start] GC(317) Summary Phase
[198.616s][info][gc,phases      ] GC(317) Summary Phase 0.018ms
[198.616s][info][gc,phases,start] GC(317) Adjust Roots
[198.620s][info][gc,phases      ] GC(317) Adjust Roots 3.391ms
[198.620s][info][gc,phases,start] GC(317) Compaction Phase
[198.629s][info][gc,phases      ] GC(317) Compaction Phase 9.804ms
[198.629s][info][gc,phases,start] GC(317) Post Compact
[198.631s][info][gc,phases      ] GC(317) Post Compact 2.050ms
[198.631s][info][gc,heap        ] GC(317) PSYoungGen: 58880K(116736K)->54811K(116736K) Eden: 58880K(58880K)->54811K(58880K) From: 0K(57856K)->0K(57856K)
[198.631s][info][gc,heap        ] GC(317) ParOldGen: 346201K(349696K)->346201K(349696K)
[198.631s][info][gc,metaspace   ] GC(317) Metaspace: 119720K(124864K)->119720K(124864K) NonClass: 101607K(104256K)->101607K(104256K) Class: 18113K(20608K)->18113K(20608K)
[198.632s][info][gc             ] GC(317) Pause Full (Ergonomics) 395M->391M(455M) 43.505ms
[198.632s][info][gc,cpu         ] GC(317) User=0.41s Sys=0.00s Real=0.05s
[198.633s][info][gc,start       ] GC(318) Pause Full (Ergonomics)
[198.633s][info][gc,phases,start] GC(318) Marking Phase
[198.662s][info][gc,phases      ] GC(318) Marking Phase 28.348ms
[198.662s][info][gc,phases,start] GC(318) Summary Phase
[198.662s][info][gc,phases      ] GC(318) Summary Phase 0.017ms
[198.662s][info][gc,phases,start] GC(318) Adjust Roots
[198.665s][info][gc,phases      ] GC(318) Adjust Roots 3.292ms
[198.665s][info][gc,phases,start] GC(318) Compaction Phase
[198.675s][info][gc,phases      ] GC(318) Compaction Phase 9.633ms
[198.675s][info][gc,phases,start] GC(318) Post Compact
[198.677s][info][gc,phases      ] GC(318) Post Compact 2.530ms
[198.677s][info][gc,heap        ] GC(318) PSYoungGen: 58879K(116736K)->54756K(116736K) Eden: 58879K(58880K)->54756K(58880K) From: 0K(57856K)->0K(57856K)
[198.677s][info][gc,heap        ] GC(318) ParOldGen: 346201K(349696K)->346201K(349696K)
[198.677s][info][gc,metaspace   ] GC(318) Metaspace: 119720K(124864K)->119720K(124864K) NonClass: 101607K(104256K)->101607K(104256K) Class: 18113K(20608K)->18113K(20608K)
[198.677s][info][gc             ] GC(318) Pause Full (Ergonomics) 395M->391M(455M) 44.205ms
[198.677s][info][gc,cpu         ] GC(318) User=0.38s Sys=0.00s Real=0.05s
[198.681s][info][gc,start       ] GC(319) Pause Full (Ergonomics)
[198.681s][info][gc,phases,start] GC(319) Marking Phase
[198.715s][info][gc,phases      ] GC(319) Marking Phase 34.238ms
[198.715s][info][gc,phases,start] GC(319) Summary Phase
[198.715s][info][gc,phases      ] GC(319) Summary Phase 0.020ms
[198.715s][info][gc,phases,start] GC(319) Adjust Roots
[198.718s][info][gc,phases      ] GC(319) Adjust Roots 3.417ms
[198.718s][info][gc,phases,start] GC(319) Compaction Phase
[198.727s][info][gc,phases      ] GC(319) Compaction Phase 8.272ms
[198.727s][info][gc,phases,start] GC(319) Post Compact
[198.729s][info][gc,phases      ] GC(319) Post Compact 2.019ms
[198.729s][info][gc,heap        ] GC(319) PSYoungGen: 58879K(116736K)->54811K(116736K) Eden: 58879K(58880K)->54811K(58880K) From: 0K(57856K)->0K(57856K)
[198.729s][info][gc,heap        ] GC(319) ParOldGen: 346201K(349696K)->346201K(349696K)
[198.729s][info][gc,metaspace   ] GC(319) Metaspace: 119720K(124864K)->119720K(124864K) NonClass: 101607K(104256K)->101607K(104256K) Class: 18113K(20608K)->18113K(20608K)
[198.729s][info][gc             ] GC(319) Pause Full (Ergonomics) 395M->391M(455M) 48.259ms
[198.729s][info][gc,cpu         ] GC(319) User=0.28s Sys=0.00s Real=0.05s
[198.731s][info][gc,start       ] GC(320) Pause Full (Ergonomics)
[198.731s][info][gc,phases,start] GC(320) Marking Phase
[198.759s][info][gc,phases      ] GC(320) Marking Phase 28.019ms
[198.759s][info][gc,phases,start] GC(320) Summary Phase
[198.759s][info][gc,phases      ] GC(320) Summary Phase 0.020ms
[198.759s][info][gc,phases,start] GC(320) Adjust Roots
[198.764s][info][gc,phases      ] GC(320) Adjust Roots 4.862ms
[198.764s][info][gc,phases,start] GC(320) Compaction Phase
[198.775s][info][gc,phases      ] GC(320) Compaction Phase 10.298ms
[198.775s][info][gc,phases,start] GC(320) Post Compact
[198.777s][info][gc,phases      ] GC(320) Post Compact 2.577ms
[198.777s][info][gc,heap        ] GC(320) PSYoungGen: 58880K(116736K)->54788K(116736K) Eden: 58880K(58880K)->54788K(58880K) From: 0K(57856K)->0K(57856K)
[198.777s][info][gc,heap        ] GC(320) ParOldGen: 346201K(349696K)->346201K(349696K)
[198.777s][info][gc,metaspace   ] GC(320) Metaspace: 119720K(124864K)->119720K(124864K) NonClass: 101607K(104256K)->101607K(104256K) Class: 18113K(20608K)->18113K(20608K)
[198.777s][info][gc             ] GC(320) Pause Full (Ergonomics) 395M->391M(455M) 46.174ms
[198.777s][info][gc,cpu         ] GC(320) User=0.28s Sys=0.00s Real=0.05s
[198.780s][info][gc,start       ] GC(321) Pause Full (Ergonomics)
[198.780s][info][gc,phases,start] GC(321) Marking Phase
[198.818s][info][gc,phases      ] GC(321) Marking Phase 37.361ms
[198.818s][info][gc,phases,start] GC(321) Summary Phase
[198.818s][info][gc,phases      ] GC(321) Summary Phase 0.046ms
[198.818s][info][gc,phases,start] GC(321) Adjust Roots
[198.821s][info][gc,phases      ] GC(321) Adjust Roots 3.702ms
[198.821s][info][gc,phases,start] GC(321) Compaction Phase
[198.839s][info][gc,phases      ] GC(321) Compaction Phase 17.400ms
[198.839s][info][gc,phases,start] GC(321) Post Compact
[198.841s][info][gc,phases      ] GC(321) Post Compact 2.534ms
[198.842s][info][gc,heap        ] GC(321) PSYoungGen: 58880K(116736K)->54802K(116736K) Eden: 58880K(58880K)->54802K(58880K) From: 0K(57856K)->0K(57856K)
[198.842s][info][gc,heap        ] GC(321) ParOldGen: 346201K(349696K)->346201K(349696K)
[198.842s][info][gc,metaspace   ] GC(321) Metaspace: 119720K(124864K)->119720K(124864K) NonClass: 101607K(104256K)->101607K(104256K) Class: 18113K(20608K)->18113K(20608K)
[198.842s][info][gc             ] GC(321) Pause Full (Ergonomics) 395M->391M(455M) 61.492ms
[198.842s][info][gc,cpu         ] GC(321) User=0.39s Sys=0.00s Real=0.06s
[198.845s][info][gc,start       ] GC(322) Pause Full (Ergonomics)
[198.845s][info][gc,phases,start] GC(322) Marking Phase
[198.880s][info][gc,phases      ] GC(322) Marking Phase 35.550ms
[198.880s][info][gc,phases,start] GC(322) Summary Phase
[198.880s][info][gc,phases      ] GC(322) Summary Phase 0.018ms
[198.880s][info][gc,phases,start] GC(322) Adjust Roots
[198.884s][info][gc,phases      ] GC(322) Adjust Roots 3.666ms
[198.884s][info][gc,phases,start] GC(322) Compaction Phase
[198.902s][info][gc,phases      ] GC(322) Compaction Phase 17.437ms
[198.902s][info][gc,phases,start] GC(322) Post Compact
[198.904s][info][gc,phases      ] GC(322) Post Compact 2.546ms
[198.904s][info][gc,heap        ] GC(322) PSYoungGen: 58880K(116736K)->54790K(116736K) Eden: 58880K(58880K)->54790K(58880K) From: 0K(57856K)->0K(57856K)
[198.904s][info][gc,heap        ] GC(322) ParOldGen: 346201K(349696K)->346201K(349696K)
[198.904s][info][gc,metaspace   ] GC(322) Metaspace: 119720K(124864K)->119720K(124864K) NonClass: 101607K(104256K)->101607K(104256K) Class: 18113K(20608K)->18113K(20608K)
[198.904s][info][gc             ] GC(322) Pause Full (Ergonomics) 395M->391M(455M) 59.603ms
[198.904s][info][gc,cpu         ] GC(322) User=0.20s Sys=0.00s Real=0.05s
[198.907s][info][gc,start       ] GC(323) Pause Full (Ergonomics)
[198.907s][info][gc,phases,start] GC(323) Marking Phase
[198.944s][info][gc,phases      ] GC(323) Marking Phase 36.632ms
[198.944s][info][gc,phases,start] GC(323) Summary Phase
[198.944s][info][gc,phases      ] GC(323) Summary Phase 0.022ms
[198.944s][info][gc,phases,start] GC(323) Adjust Roots
[198.947s][info][gc,phases      ] GC(323) Adjust Roots 3.346ms
[198.948s][info][gc,phases,start] GC(323) Compaction Phase
[198.955s][info][gc,phases      ] GC(323) Compaction Phase 7.783ms
[198.955s][info][gc,phases,start] GC(323) Post Compact
[198.958s][info][gc,phases      ] GC(323) Post Compact 2.512ms
[198.958s][info][gc,heap        ] GC(323) PSYoungGen: 58880K(116736K)->54809K(116736K) Eden: 58880K(58880K)->54809K(58880K) From: 0K(57856K)->0K(57856K)
[198.958s][info][gc,heap        ] GC(323) ParOldGen: 346201K(349696K)->346201K(349696K)
[198.958s][info][gc,metaspace   ] GC(323) Metaspace: 119720K(124864K)->119720K(124864K) NonClass: 101607K(104256K)->101607K(104256K) Class: 18113K(20608K)->18113K(20608K)
[198.958s][info][gc             ] GC(323) Pause Full (Ergonomics) 395M->391M(455M) 50.702ms
[198.958s][info][gc,cpu         ] GC(323) User=0.31s Sys=0.00s Real=0.04s
[198.960s][info][gc,start       ] GC(324) Pause Full (Ergonomics)
[198.960s][info][gc,phases,start] GC(324) Marking Phase
[198.992s][info][gc,phases      ] GC(324) Marking Phase 31.432ms
[198.992s][info][gc,phases,start] GC(324) Summary Phase
[198.992s][info][gc,phases      ] GC(324) Summary Phase 0.019ms
[198.992s][info][gc,phases,start] GC(324) Adjust Roots
[198.995s][info][gc,phases      ] GC(324) Adjust Roots 3.522ms
[198.995s][info][gc,phases,start] GC(324) Compaction Phase
[199.012s][info][gc,phases      ] GC(324) Compaction Phase 16.655ms
[199.012s][info][gc,phases,start] GC(324) Post Compact
[199.015s][info][gc,phases      ] GC(324) Post Compact 2.555ms
[199.015s][info][gc,heap        ] GC(324) PSYoungGen: 58880K(116736K)->54842K(116736K) Eden: 58880K(58880K)->54842K(58880K) From: 0K(57856K)->0K(57856K)
[199.015s][info][gc,heap        ] GC(324) ParOldGen: 346201K(349696K)->346201K(349696K)
[199.015s][info][gc,metaspace   ] GC(324) Metaspace: 119720K(124864K)->119720K(124864K) NonClass: 101607K(104256K)->101607K(104256K) Class: 18113K(20608K)->18113K(20608K)
[199.015s][info][gc             ] GC(324) Pause Full (Ergonomics) 395M->391M(455M) 54.589ms
[199.015s][info][gc,cpu         ] GC(324) User=0.20s Sys=0.00s Real=0.05s
[199.016s][info][gc,start       ] GC(325) Pause Full (Ergonomics)
[199.017s][info][gc,phases,start] GC(325) Marking Phase
[199.054s][info][gc,phases      ] GC(325) Marking Phase 37.895ms
[199.054s][info][gc,phases,start] GC(325) Summary Phase
[199.054s][info][gc,phases      ] GC(325) Summary Phase 0.019ms
[199.054s][info][gc,phases,start] GC(325) Adjust Roots
[199.058s][info][gc,phases      ] GC(325) Adjust Roots 3.400ms
[199.058s][info][gc,phases,start] GC(325) Compaction Phase
[199.074s][info][gc,phases      ] GC(325) Compaction Phase 16.396ms
[199.074s][info][gc,phases,start] GC(325) Post Compact
[199.077s][info][gc,phases      ] GC(325) Post Compact 2.256ms
[199.077s][info][gc,heap        ] GC(325) PSYoungGen: 58880K(116736K)->54819K(116736K) Eden: 58880K(58880K)->54819K(58880K) From: 0K(57856K)->0K(57856K)
[199.077s][info][gc,heap        ] GC(325) ParOldGen: 346201K(349696K)->346201K(349696K)
[199.077s][info][gc,metaspace   ] GC(325) Metaspace: 119720K(124864K)->119720K(124864K) NonClass: 101607K(104256K)->101607K(104256K) Class: 18113K(20608K)->18113K(20608K)
[199.077s][info][gc             ] GC(325) Pause Full (Ergonomics) 395M->391M(455M) 60.258ms
[199.077s][info][gc,cpu         ] GC(325) User=0.38s Sys=0.00s Real=0.05s
[199.078s][info][gc,start       ] GC(326) Pause Full (Ergonomics)
[199.078s][info][gc,phases,start] GC(326) Marking Phase
[199.116s][info][gc,phases      ] GC(326) Marking Phase 37.763ms
[199.116s][info][gc,phases,start] GC(326) Summary Phase
[199.116s][info][gc,phases      ] GC(326) Summary Phase 0.020ms
[199.116s][info][gc,phases,start] GC(326) Adjust Roots
[199.120s][info][gc,phases      ] GC(326) Adjust Roots 3.278ms
[199.120s][info][gc,phases,start] GC(326) Compaction Phase
[199.135s][info][gc,phases      ] GC(326) Compaction Phase 15.822ms
[199.135s][info][gc,phases,start] GC(326) Post Compact
[199.138s][info][gc,phases      ] GC(326) Post Compact 2.193ms
[199.138s][info][gc,heap        ] GC(326) PSYoungGen: 58880K(116736K)->54832K(116736K) Eden: 58880K(58880K)->54832K(58880K) From: 0K(57856K)->0K(57856K)
[199.138s][info][gc,heap        ] GC(326) ParOldGen: 346201K(349696K)->346201K(349696K)
[199.138s][info][gc,metaspace   ] GC(326) Metaspace: 119720K(124864K)->119720K(124864K) NonClass: 101607K(104256K)->101607K(104256K) Class: 18113K(20608K)->18113K(20608K)
[199.138s][info][gc             ] GC(326) Pause Full (Ergonomics) 395M->391M(455M) 59.378ms
[199.138s][info][gc,cpu         ] GC(326) User=0.38s Sys=0.00s Real=0.05s
[199.139s][info][gc,start       ] GC(327) Pause Full (Ergonomics)
[199.139s][info][gc,phases,start] GC(327) Marking Phase
[199.172s][info][gc,phases      ] GC(327) Marking Phase 32.886ms
[199.172s][info][gc,phases,start] GC(327) Summary Phase
[199.172s][info][gc,phases      ] GC(327) Summary Phase 0.019ms
[199.172s][info][gc,phases,start] GC(327) Adjust Roots
[199.180s][info][gc,phases      ] GC(327) Adjust Roots 7.529ms
[199.180s][info][gc,phases,start] GC(327) Compaction Phase
[199.189s][info][gc,phases      ] GC(327) Compaction Phase 9.324ms
[199.189s][info][gc,phases,start] GC(327) Post Compact
[199.191s][info][gc,phases      ] GC(327) Post Compact 2.159ms
[199.191s][info][gc,heap        ] GC(327) PSYoungGen: 58879K(116736K)->54879K(116736K) Eden: 58879K(58880K)->54879K(58880K) From: 0K(57856K)->0K(57856K)
[199.192s][info][gc,heap        ] GC(327) ParOldGen: 346201K(349696K)->346201K(349696K)
[199.192s][info][gc,metaspace   ] GC(327) Metaspace: 119720K(124864K)->119720K(124864K) NonClass: 101607K(104256K)->101607K(104256K) Class: 18113K(20608K)->18113K(20608K)
[199.192s][info][gc             ] GC(327) Pause Full (Ergonomics) 395M->391M(455M) 52.212ms
[199.192s][info][gc,cpu         ] GC(327) User=0.41s Sys=0.00s Real=0.06s
[199.193s][info][gc,start       ] GC(328) Pause Full (Ergonomics)
[199.193s][info][gc,phases,start] GC(328) Marking Phase
[199.227s][info][gc,phases      ] GC(328) Marking Phase 33.508ms
[199.227s][info][gc,phases,start] GC(328) Summary Phase
[199.227s][info][gc,phases      ] GC(328) Summary Phase 0.020ms
[199.227s][info][gc,phases,start] GC(328) Adjust Roots
[199.230s][info][gc,phases      ] GC(328) Adjust Roots 3.279ms
[199.230s][info][gc,phases,start] GC(328) Compaction Phase
[199.238s][info][gc,phases      ] GC(328) Compaction Phase 8.330ms
[199.239s][info][gc,phases,start] GC(328) Post Compact
[199.241s][info][gc,phases      ] GC(328) Post Compact 2.547ms
[199.241s][info][gc,heap        ] GC(328) PSYoungGen: 58879K(116736K)->54810K(116736K) Eden: 58879K(58880K)->54810K(58880K) From: 0K(57856K)->0K(57856K)
[199.241s][info][gc,heap        ] GC(328) ParOldGen: 346201K(349696K)->346201K(349696K)
[199.241s][info][gc,metaspace   ] GC(328) Metaspace: 119720K(124864K)->119720K(124864K) NonClass: 101607K(104256K)->101607K(104256K) Class: 18113K(20608K)->18113K(20608K)
[199.241s][info][gc             ] GC(328) Pause Full (Ergonomics) 395M->391M(455M) 48.066ms
[199.241s][info][gc,cpu         ] GC(328) User=0.39s Sys=0.00s Real=0.05s
[199.243s][info][gc,start       ] GC(329) Pause Full (Ergonomics)
[199.243s][info][gc,phases,start] GC(329) Marking Phase
[199.274s][info][gc,phases      ] GC(329) Marking Phase 30.739ms
[199.274s][info][gc,phases,start] GC(329) Summary Phase
[199.274s][info][gc,phases      ] GC(329) Summary Phase 0.018ms
[199.274s][info][gc,phases,start] GC(329) Adjust Roots
[199.278s][info][gc,phases      ] GC(329) Adjust Roots 3.298ms
[199.278s][info][gc,phases,start] GC(329) Compaction Phase
[199.288s][info][gc,phases      ] GC(329) Compaction Phase 9.983ms
[199.288s][info][gc,phases,start] GC(329) Post Compact
[199.290s][info][gc,phases      ] GC(329) Post Compact 2.044ms
[199.290s][info][gc,heap        ] GC(329) PSYoungGen: 58879K(116736K)->54879K(116736K) Eden: 58879K(58880K)->54879K(58880K) From: 0K(57856K)->0K(57856K)
[199.290s][info][gc,heap        ] GC(329) ParOldGen: 346201K(349696K)->346201K(349696K)
[199.290s][info][gc,metaspace   ] GC(329) Metaspace: 119720K(124864K)->119720K(124864K) NonClass: 101607K(104256K)->101607K(104256K) Class: 18113K(20608K)->18113K(20608K)
[199.290s][info][gc             ] GC(329) Pause Full (Ergonomics) 395M->391M(455M) 46.358ms
[199.290s][info][gc,cpu         ] GC(329) User=0.19s Sys=0.00s Real=0.05s
[199.291s][info][gc,start       ] GC(330) Pause Full (Ergonomics)
[199.291s][info][gc,phases,start] GC(330) Marking Phase
[199.329s][info][gc,phases      ] GC(330) Marking Phase 37.480ms
[199.329s][info][gc,phases,start] GC(330) Summary Phase
[199.329s][info][gc,phases      ] GC(330) Summary Phase 0.045ms
[199.329s][info][gc,phases,start] GC(330) Adjust Roots
[199.333s][info][gc,phases      ] GC(330) Adjust Roots 4.061ms
[199.333s][info][gc,phases,start] GC(330) Compaction Phase
[199.344s][info][gc,phases      ] GC(330) Compaction Phase 10.723ms
[199.344s][info][gc,phases,start] GC(330) Post Compact
[199.346s][info][gc,phases      ] GC(330) Post Compact 2.555ms
[199.347s][info][gc,heap        ] GC(330) PSYoungGen: 58880K(116736K)->54791K(116736K) Eden: 58880K(58880K)->54791K(58880K) From: 0K(57856K)->0K(57856K)
[199.347s][info][gc,heap        ] GC(330) ParOldGen: 346201K(349696K)->346201K(349696K)
[199.347s][info][gc,metaspace   ] GC(330) Metaspace: 119720K(124864K)->119720K(124864K) NonClass: 101607K(104256K)->101607K(104256K) Class: 18113K(20608K)->18113K(20608K)
[199.347s][info][gc             ] GC(330) Pause Full (Ergonomics) 395M->391M(455M) 55.287ms
[199.347s][info][gc,cpu         ] GC(330) User=0.25s Sys=0.00s Real=0.05s
[199.348s][info][gc,start       ] GC(331) Pause Full (Ergonomics)
[199.348s][info][gc,phases,start] GC(331) Marking Phase
[199.385s][info][gc,phases      ] GC(331) Marking Phase 36.788ms
[199.385s][info][gc,phases,start] GC(331) Summary Phase
[199.385s][info][gc,phases      ] GC(331) Summary Phase 0.019ms
[199.385s][info][gc,phases,start] GC(331) Adjust Roots
[199.389s][info][gc,phases      ] GC(331) Adjust Roots 3.269ms
[199.389s][info][gc,phases,start] GC(331) Compaction Phase
[199.399s][info][gc,phases      ] GC(331) Compaction Phase 10.797ms
[199.399s][info][gc,phases,start] GC(331) Post Compact
[199.402s][info][gc,phases      ] GC(331) Post Compact 2.133ms
[199.402s][info][gc,heap        ] GC(331) PSYoungGen: 58880K(116736K)->54802K(116736K) Eden: 58880K(58880K)->54802K(58880K) From: 0K(57856K)->0K(57856K)
[199.402s][info][gc,heap        ] GC(331) ParOldGen: 346201K(349696K)->346201K(349696K)
[199.402s][info][gc,metaspace   ] GC(331) Metaspace: 119720K(124864K)->119720K(124864K) NonClass: 101607K(104256K)->101607K(104256K) Class: 18113K(20608K)->18113K(20608K)
[199.402s][info][gc             ] GC(331) Pause Full (Ergonomics) 395M->391M(455M) 53.275ms
[199.402s][info][gc,cpu         ] GC(331) User=0.33s Sys=0.02s Real=0.06s
[199.403s][info][gc,start       ] GC(332) Pause Full (Ergonomics)
[199.403s][info][gc,phases,start] GC(332) Marking Phase
[199.443s][info][gc,phases      ] GC(332) Marking Phase 40.078ms
[199.444s][info][gc,phases,start] GC(332) Summary Phase
[199.444s][info][gc,phases      ] GC(332) Summary Phase 0.030ms
[199.444s][info][gc,phases,start] GC(332) Adjust Roots
[199.448s][info][gc,phases      ] GC(332) Adjust Roots 4.079ms
[199.448s][info][gc,phases,start] GC(332) Compaction Phase
[199.458s][info][gc,phases      ] GC(332) Compaction Phase 9.926ms
[199.458s][info][gc,phases,start] GC(332) Post Compact
[199.460s][info][gc,phases      ] GC(332) Post Compact 2.434ms
[199.460s][info][gc,heap        ] GC(332) PSYoungGen: 58880K(116736K)->54763K(116736K) Eden: 58880K(58880K)->54763K(58880K) From: 0K(57856K)->0K(57856K)
[199.460s][info][gc,heap        ] GC(332) ParOldGen: 346201K(349696K)->346201K(349696K)
[199.460s][info][gc,metaspace   ] GC(332) Metaspace: 119720K(124864K)->119720K(124864K) NonClass: 101607K(104256K)->101607K(104256K) Class: 18113K(20608K)->18113K(20608K)
[199.460s][info][gc             ] GC(332) Pause Full (Ergonomics) 395M->391M(455M) 56.878ms
[199.460s][info][gc,cpu         ] GC(332) User=0.31s Sys=0.00s Real=0.05s
[199.462s][info][gc,start       ] GC(333) Pause Full (Ergonomics)
[199.462s][info][gc,phases,start] GC(333) Marking Phase
[199.497s][info][gc,phases      ] GC(333) Marking Phase 34.733ms
[199.497s][info][gc,phases,start] GC(333) Summary Phase
[199.497s][info][gc,phases      ] GC(333) Summary Phase 0.017ms
[199.497s][info][gc,phases,start] GC(333) Adjust Roots
[199.500s][info][gc,phases      ] GC(333) Adjust Roots 3.276ms
[199.500s][info][gc,phases,start] GC(333) Compaction Phase
[199.508s][info][gc,phases      ] GC(333) Compaction Phase 7.957ms
[199.508s][info][gc,phases,start] GC(333) Post Compact
[199.510s][info][gc,phases      ] GC(333) Post Compact 2.043ms
[199.510s][info][gc,heap        ] GC(333) PSYoungGen: 58880K(116736K)->54776K(116736K) Eden: 58880K(58880K)->54776K(58880K) From: 0K(57856K)->0K(57856K)
[199.510s][info][gc,heap        ] GC(333) ParOldGen: 346201K(349696K)->346201K(349696K)
[199.510s][info][gc,metaspace   ] GC(333) Metaspace: 119720K(124864K)->119720K(124864K) NonClass: 101607K(104256K)->101607K(104256K) Class: 18113K(20608K)->18113K(20608K)
[199.510s][info][gc             ] GC(333) Pause Full (Ergonomics) 395M->391M(455M) 48.279ms
[199.510s][info][gc,cpu         ] GC(333) User=0.34s Sys=0.00s Real=0.05s
[199.512s][info][gc,start       ] GC(334) Pause Full (Ergonomics)
[199.512s][info][gc,phases,start] GC(334) Marking Phase
[199.544s][info][gc,phases      ] GC(334) Marking Phase 32.171ms
[199.544s][info][gc,phases,start] GC(334) Summary Phase
[199.544s][info][gc,phases      ] GC(334) Summary Phase 0.017ms
[199.544s][info][gc,phases,start] GC(334) Adjust Roots
[199.548s][info][gc,phases      ] GC(334) Adjust Roots 3.645ms
[199.548s][info][gc,phases,start] GC(334) Compaction Phase
[199.555s][info][gc,phases      ] GC(334) Compaction Phase 7.119ms
[199.555s][info][gc,phases,start] GC(334) Post Compact
[199.557s][info][gc,phases      ] GC(334) Post Compact 2.040ms
[199.557s][info][gc,heap        ] GC(334) PSYoungGen: 58879K(116736K)->54791K(116736K) Eden: 58879K(58880K)->54791K(58880K) From: 0K(57856K)->0K(57856K)
[199.557s][info][gc,heap        ] GC(334) ParOldGen: 346201K(349696K)->346201K(349696K)
[199.557s][info][gc,metaspace   ] GC(334) Metaspace: 119720K(124864K)->119720K(124864K) NonClass: 101607K(104256K)->101607K(104256K) Class: 18113K(20608K)->18113K(20608K)
[199.557s][info][gc             ] GC(334) Pause Full (Ergonomics) 395M->391M(455M) 45.221ms
[199.557s][info][gc,cpu         ] GC(334) User=0.20s Sys=0.00s Real=0.04s
[199.559s][info][gc,start       ] GC(335) Pause Full (Ergonomics)
[199.559s][info][gc,phases,start] GC(335) Marking Phase
[199.601s][info][gc,phases      ] GC(335) Marking Phase 42.300ms
[199.601s][info][gc,phases,start] GC(335) Summary Phase
[199.601s][info][gc,phases      ] GC(335) Summary Phase 0.046ms
[199.601s][info][gc,phases,start] GC(335) Adjust Roots
[199.605s][info][gc,phases      ] GC(335) Adjust Roots 3.651ms
[199.605s][info][gc,phases,start] GC(335) Compaction Phase
[199.621s][info][gc,phases      ] GC(335) Compaction Phase 15.719ms
[199.621s][info][gc,phases,start] GC(335) Post Compact
[199.623s][info][gc,phases      ] GC(335) Post Compact 2.231ms
[199.623s][info][gc,heap        ] GC(335) PSYoungGen: 58880K(116736K)->54794K(116736K) Eden: 58880K(58880K)->54794K(58880K) From: 0K(57856K)->0K(57856K)
[199.623s][info][gc,heap        ] GC(335) ParOldGen: 346201K(349696K)->346201K(349696K)
[199.623s][info][gc,metaspace   ] GC(335) Metaspace: 119720K(124864K)->119720K(124864K) NonClass: 101607K(104256K)->101607K(104256K) Class: 18113K(20608K)->18113K(20608K)
[199.623s][info][gc             ] GC(335) Pause Full (Ergonomics) 395M->391M(455M) 64.286ms
[199.623s][info][gc,cpu         ] GC(335) User=0.36s Sys=0.00s Real=0.06s
[199.625s][info][gc,start       ] GC(336) Pause Full (Ergonomics)
[199.625s][info][gc,phases,start] GC(336) Marking Phase
[199.660s][info][gc,phases      ] GC(336) Marking Phase 34.898ms
[199.660s][info][gc,phases,start] GC(336) Summary Phase
[199.660s][info][gc,phases      ] GC(336) Summary Phase 0.017ms
[199.660s][info][gc,phases,start] GC(336) Adjust Roots
[199.664s][info][gc,phases      ] GC(336) Adjust Roots 3.316ms
[199.664s][info][gc,phases,start] GC(336) Compaction Phase
[199.677s][info][gc,phases      ] GC(336) Compaction Phase 13.048ms
[199.677s][info][gc,phases,start] GC(336) Post Compact
[199.679s][info][gc,phases      ] GC(336) Post Compact 2.077ms
[199.679s][info][gc,heap        ] GC(336) PSYoungGen: 58879K(116736K)->54849K(116736K) Eden: 58879K(58880K)->54849K(58880K) From: 0K(57856K)->0K(57856K)
[199.679s][info][gc,heap        ] GC(336) ParOldGen: 346201K(349696K)->346201K(349696K)
[199.679s][info][gc,metaspace   ] GC(336) Metaspace: 119720K(124864K)->119720K(124864K) NonClass: 101607K(104256K)->101607K(104256K) Class: 18113K(20608K)->18113K(20608K)
[199.679s][info][gc             ] GC(336) Pause Full (Ergonomics) 395M->391M(455M) 53.638ms
[199.679s][info][gc,cpu         ] GC(336) User=0.39s Sys=0.00s Real=0.05s
[199.680s][info][gc,start       ] GC(337) Pause Full (Ergonomics)
[199.681s][info][gc,phases,start] GC(337) Marking Phase
[199.722s][info][gc,phases      ] GC(337) Marking Phase 41.278ms
[199.722s][info][gc,phases,start] GC(337) Summary Phase
[199.722s][info][gc,phases      ] GC(337) Summary Phase 0.045ms
[199.722s][info][gc,phases,start] GC(337) Adjust Roots
[199.726s][info][gc,phases      ] GC(337) Adjust Roots 4.378ms
[199.726s][info][gc,phases,start] GC(337) Compaction Phase
[199.742s][info][gc,phases      ] GC(337) Compaction Phase 16.061ms
[199.742s][info][gc,phases,start] GC(337) Post Compact
[199.745s][info][gc,phases      ] GC(337) Post Compact 2.623ms
[199.745s][info][gc,heap        ] GC(337) PSYoungGen: 58879K(116736K)->54812K(116736K) Eden: 58879K(58880K)->54812K(58880K) From: 0K(57856K)->0K(57856K)
[199.745s][info][gc,heap        ] GC(337) ParOldGen: 346201K(349696K)->346201K(349696K)
[199.745s][info][gc,metaspace   ] GC(337) Metaspace: 119720K(124864K)->119720K(124864K) NonClass: 101607K(104256K)->101607K(104256K) Class: 18113K(20608K)->18113K(20608K)
[199.745s][info][gc             ] GC(337) Pause Full (Ergonomics) 395M->391M(455M) 64.791ms
[199.745s][info][gc,cpu         ] GC(337) User=0.22s Sys=0.00s Real=0.06s
[199.747s][info][gc,start       ] GC(338) Pause Full (Ergonomics)
[199.747s][info][gc,phases,start] GC(338) Marking Phase
[199.797s][info][gc,phases      ] GC(338) Marking Phase 49.419ms
[199.797s][info][gc,phases,start] GC(338) Summary Phase
[199.797s][info][gc,phases      ] GC(338) Summary Phase 0.031ms
[199.797s][info][gc,phases,start] GC(338) Adjust Roots
[199.803s][info][gc,phases      ] GC(338) Adjust Roots 6.141ms
[199.803s][info][gc,phases,start] GC(338) Compaction Phase
[199.813s][info][gc,phases      ] GC(338) Compaction Phase 10.044ms
[199.813s][info][gc,phases,start] GC(338) Post Compact
[199.815s][info][gc,phases      ] GC(338) Post Compact 2.448ms
[199.816s][info][gc,heap        ] GC(338) PSYoungGen: 58880K(116736K)->54809K(116736K) Eden: 58880K(58880K)->54809K(58880K) From: 0K(57856K)->0K(57856K)
[199.816s][info][gc,heap        ] GC(338) ParOldGen: 346201K(349696K)->346201K(349696K)
[199.816s][info][gc,metaspace   ] GC(338) Metaspace: 119724K(124864K)->119724K(124864K) NonClass: 101610K(104256K)->101610K(104256K) Class: 18113K(20608K)->18113K(20608K)
[199.816s][info][gc             ] GC(338) Pause Full (Ergonomics) 395M->391M(455M) 68.487ms
[199.816s][info][gc,cpu         ] GC(338) User=0.63s Sys=0.00s Real=0.06s
[199.818s][info][gc,start       ] GC(339) Pause Full (Ergonomics)
[199.818s][info][gc,phases,start] GC(339) Marking Phase
[199.852s][info][gc,phases      ] GC(339) Marking Phase 34.582ms
[199.852s][info][gc,phases,start] GC(339) Summary Phase
[199.852s][info][gc,phases      ] GC(339) Summary Phase 0.020ms
[199.852s][info][gc,phases,start] GC(339) Adjust Roots
[199.856s][info][gc,phases      ] GC(339) Adjust Roots 3.377ms
[199.856s][info][gc,phases,start] GC(339) Compaction Phase
[199.864s][info][gc,phases      ] GC(339) Compaction Phase 8.632ms
[199.864s][info][gc,phases,start] GC(339) Post Compact
[199.867s][info][gc,phases      ] GC(339) Post Compact 2.158ms
[199.867s][info][gc,heap        ] GC(339) PSYoungGen: 58880K(116736K)->54810K(116736K) Eden: 58880K(58880K)->54810K(58880K) From: 0K(57856K)->0K(57856K)
[199.867s][info][gc,heap        ] GC(339) ParOldGen: 346201K(349696K)->346201K(349696K)
[199.867s][info][gc,metaspace   ] GC(339) Metaspace: 119725K(124864K)->119725K(124864K) NonClass: 101612K(104256K)->101612K(104256K) Class: 18113K(20608K)->18113K(20608K)
[199.867s][info][gc             ] GC(339) Pause Full (Ergonomics) 395M->391M(455M) 49.117ms
[199.867s][info][gc,cpu         ] GC(339) User=0.23s Sys=0.00s Real=0.05s
[199.868s][info][gc,start       ] GC(340) Pause Full (Ergonomics)
[199.868s][info][gc,phases,start] GC(340) Marking Phase
[199.902s][info][gc,phases      ] GC(340) Marking Phase 33.131ms
[199.902s][info][gc,phases,start] GC(340) Summary Phase
[199.902s][info][gc,phases      ] GC(340) Summary Phase 0.019ms
[199.902s][info][gc,phases,start] GC(340) Adjust Roots
[199.905s][info][gc,phases      ] GC(340) Adjust Roots 3.317ms
[199.905s][info][gc,phases,start] GC(340) Compaction Phase
[199.913s][info][gc,phases      ] GC(340) Compaction Phase 8.446ms
[199.913s][info][gc,phases,start] GC(340) Post Compact
[199.916s][info][gc,phases      ] GC(340) Post Compact 2.594ms
[199.916s][info][gc,heap        ] GC(340) PSYoungGen: 58880K(116736K)->54791K(116736K) Eden: 58880K(58880K)->54791K(58880K) From: 0K(57856K)->0K(57856K)
[199.916s][info][gc,heap        ] GC(340) ParOldGen: 346201K(349696K)->346201K(349696K)
[199.916s][info][gc,metaspace   ] GC(340) Metaspace: 119725K(124864K)->119725K(124864K) NonClass: 101612K(104256K)->101612K(104256K) Class: 18113K(20608K)->18113K(20608K)
[199.916s][info][gc             ] GC(340) Pause Full (Ergonomics) 395M->391M(455M) 47.915ms
[199.916s][info][gc,cpu         ] GC(340) User=0.38s Sys=0.00s Real=0.05s
[199.918s][info][gc,start       ] GC(341) Pause Full (Ergonomics)
[199.918s][info][gc,phases,start] GC(341) Marking Phase
[199.946s][info][gc,phases      ] GC(341) Marking Phase 28.061ms
[199.946s][info][gc,phases,start] GC(341) Summary Phase
[199.946s][info][gc,phases      ] GC(341) Summary Phase 0.019ms
[199.946s][info][gc,phases,start] GC(341) Adjust Roots
[199.950s][info][gc,phases      ] GC(341) Adjust Roots 3.741ms
[199.950s][info][gc,phases,start] GC(341) Compaction Phase
[199.966s][info][gc,phases      ] GC(341) Compaction Phase 16.313ms
[199.966s][info][gc,phases,start] GC(341) Post Compact
[199.969s][info][gc,phases      ] GC(341) Post Compact 2.476ms
[199.969s][info][gc,heap        ] GC(341) PSYoungGen: 58880K(116736K)->54793K(116736K) Eden: 58880K(58880K)->54793K(58880K) From: 0K(57856K)->0K(57856K)
[199.969s][info][gc,heap        ] GC(341) ParOldGen: 346201K(349696K)->346201K(349696K)
[199.969s][info][gc,metaspace   ] GC(341) Metaspace: 119725K(124864K)->119725K(124864K) NonClass: 101612K(104256K)->101612K(104256K) Class: 18113K(20608K)->18113K(20608K)
[199.969s][info][gc             ] GC(341) Pause Full (Ergonomics) 395M->391M(455M) 50.971ms
[199.969s][info][gc,cpu         ] GC(341) User=0.20s Sys=0.00s Real=0.05s
[199.971s][info][gc,start       ] GC(342) Pause Full (Ergonomics)
[199.971s][info][gc,phases,start] GC(342) Marking Phase
[200.008s][info][gc,phases      ] GC(342) Marking Phase 37.118ms
[200.008s][info][gc,phases,start] GC(342) Summary Phase
[200.008s][info][gc,phases      ] GC(342) Summary Phase 0.017ms
[200.008s][info][gc,phases,start] GC(342) Adjust Roots
[200.012s][info][gc,phases      ] GC(342) Adjust Roots 3.375ms
[200.012s][info][gc,phases,start] GC(342) Compaction Phase
[200.019s][info][gc,phases      ] GC(342) Compaction Phase 7.230ms
[200.019s][info][gc,phases,start] GC(342) Post Compact
[200.021s][info][gc,phases      ] GC(342) Post Compact 2.027ms
[200.021s][info][gc,heap        ] GC(342) PSYoungGen: 58879K(116736K)->54807K(116736K) Eden: 58879K(58880K)->54807K(58880K) From: 0K(57856K)->0K(57856K)
[200.021s][info][gc,heap        ] GC(342) ParOldGen: 346201K(349696K)->346201K(349696K)
[200.021s][info][gc,metaspace   ] GC(342) Metaspace: 119725K(124864K)->119725K(124864K) NonClass: 101612K(104256K)->101612K(104256K) Class: 18113K(20608K)->18113K(20608K)
[200.021s][info][gc             ] GC(342) Pause Full (Ergonomics) 395M->391M(455M) 50.036ms
[200.021s][info][gc,cpu         ] GC(342) User=0.38s Sys=0.00s Real=0.05s
[200.023s][info][gc,start       ] GC(343) Pause Full (Ergonomics)
[200.023s][info][gc,phases,start] GC(343) Marking Phase
[200.054s][info][gc,phases      ] GC(343) Marking Phase 30.654ms
[200.054s][info][gc,phases,start] GC(343) Summary Phase
[200.054s][info][gc,phases      ] GC(343) Summary Phase 0.019ms
[200.054s][info][gc,phases,start] GC(343) Adjust Roots
[200.058s][info][gc,phases      ] GC(343) Adjust Roots 4.216ms
[200.058s][info][gc,phases,start] GC(343) Compaction Phase
[200.067s][info][gc,phases      ] GC(343) Compaction Phase 8.656ms
[200.067s][info][gc,phases,start] GC(343) Post Compact
[200.069s][info][gc,phases      ] GC(343) Post Compact 2.021ms
[200.069s][info][gc,heap        ] GC(343) PSYoungGen: 58879K(116736K)->54823K(116736K) Eden: 58879K(58880K)->54823K(58880K) From: 0K(57856K)->0K(57856K)
[200.069s][info][gc,heap        ] GC(343) ParOldGen: 346201K(349696K)->346201K(349696K)
[200.069s][info][gc,metaspace   ] GC(343) Metaspace: 119725K(124864K)->119725K(124864K) NonClass: 101612K(104256K)->101612K(104256K) Class: 18113K(20608K)->18113K(20608K)
[200.069s][info][gc             ] GC(343) Pause Full (Ergonomics) 395M->391M(455M) 45.852ms
[200.069s][info][gc,cpu         ] GC(343) User=0.23s Sys=0.00s Real=0.05s
[200.070s][info][gc,start       ] GC(344) Pause Full (Ergonomics)
[200.070s][info][gc,phases,start] GC(344) Marking Phase
[200.100s][info][gc,phases      ] GC(344) Marking Phase 29.314ms
[200.100s][info][gc,phases,start] GC(344) Summary Phase
[200.100s][info][gc,phases      ] GC(344) Summary Phase 0.021ms
[200.100s][info][gc,phases,start] GC(344) Adjust Roots
[200.103s][info][gc,phases      ] GC(344) Adjust Roots 3.373ms
[200.103s][info][gc,phases,start] GC(344) Compaction Phase
[200.111s][info][gc,phases      ] GC(344) Compaction Phase 8.031ms
[200.111s][info][gc,phases,start] GC(344) Post Compact
[200.114s][info][gc,phases      ] GC(344) Post Compact 2.533ms
[200.114s][info][gc,heap        ] GC(344) PSYoungGen: 58879K(116736K)->54811K(116736K) Eden: 58879K(58880K)->54811K(58880K) From: 0K(57856K)->0K(57856K)
[200.114s][info][gc,heap        ] GC(344) ParOldGen: 346201K(349696K)->346201K(349696K)
[200.114s][info][gc,metaspace   ] GC(344) Metaspace: 119725K(124864K)->119725K(124864K) NonClass: 101612K(104256K)->101612K(104256K) Class: 18113K(20608K)->18113K(20608K)
[200.114s][info][gc             ] GC(344) Pause Full (Ergonomics) 395M->391M(455M) 43.673ms
[200.114s][info][gc,cpu         ] GC(344) User=0.22s Sys=0.00s Real=0.05s
[200.116s][info][gc,start       ] GC(345) Pause Full (Ergonomics)
[200.116s][info][gc,phases,start] GC(345) Marking Phase
[200.151s][info][gc,phases      ] GC(345) Marking Phase 34.816ms
[200.151s][info][gc,phases,start] GC(345) Summary Phase
[200.151s][info][gc,phases      ] GC(345) Summary Phase 0.019ms
[200.151s][info][gc,phases,start] GC(345) Adjust Roots
[200.154s][info][gc,phases      ] GC(345) Adjust Roots 3.295ms
[200.154s][info][gc,phases,start] GC(345) Compaction Phase
[200.162s][info][gc,phases      ] GC(345) Compaction Phase 7.959ms
[200.162s][info][gc,phases,start] GC(345) Post Compact
[200.164s][info][gc,phases      ] GC(345) Post Compact 2.013ms
[200.164s][info][gc,heap        ] GC(345) PSYoungGen: 58880K(116736K)->54811K(116736K) Eden: 58880K(58880K)->54811K(58880K) From: 0K(57856K)->0K(57856K)
[200.164s][info][gc,heap        ] GC(345) ParOldGen: 346201K(349696K)->346201K(349696K)
[200.164s][info][gc,metaspace   ] GC(345) Metaspace: 119725K(124864K)->119725K(124864K) NonClass: 101612K(104256K)->101612K(104256K) Class: 18113K(20608K)->18113K(20608K)
[200.164s][info][gc             ] GC(345) Pause Full (Ergonomics) 395M->391M(455M) 48.397ms
[200.164s][info][gc,cpu         ] GC(345) User=0.33s Sys=0.00s Real=0.05s
[200.166s][info][gc,start       ] GC(346) Pause Full (Ergonomics)
[200.166s][info][gc,phases,start] GC(346) Marking Phase
[200.196s][info][gc,phases      ] GC(346) Marking Phase 29.446ms
[200.196s][info][gc,phases,start] GC(346) Summary Phase
[200.196s][info][gc,phases      ] GC(346) Summary Phase 0.019ms
[200.196s][info][gc,phases,start] GC(346) Adjust Roots
[200.199s][info][gc,phases      ] GC(346) Adjust Roots 3.790ms
[200.199s][info][gc,phases,start] GC(346) Compaction Phase
[200.208s][info][gc,phases      ] GC(346) Compaction Phase 8.684ms
[200.208s][info][gc,phases,start] GC(346) Post Compact
[200.211s][info][gc,phases      ] GC(346) Post Compact 2.563ms
[200.211s][info][gc,heap        ] GC(346) PSYoungGen: 58880K(116736K)->54784K(116736K) Eden: 58880K(58880K)->54784K(58880K) From: 0K(57856K)->0K(57856K)
[200.211s][info][gc,heap        ] GC(346) ParOldGen: 346201K(349696K)->346201K(349696K)
[200.211s][info][gc,metaspace   ] GC(346) Metaspace: 119725K(124864K)->119725K(124864K) NonClass: 101612K(104256K)->101612K(104256K) Class: 18113K(20608K)->18113K(20608K)
[200.211s][info][gc             ] GC(346) Pause Full (Ergonomics) 395M->391M(455M) 44.929ms
[200.211s][info][gc,cpu         ] GC(346) User=0.19s Sys=0.00s Real=0.05s
[200.213s][info][gc,start       ] GC(347) Pause Full (Ergonomics)
[200.213s][info][gc,phases,start] GC(347) Marking Phase
[200.249s][info][gc,phases      ] GC(347) Marking Phase 36.445ms
[200.249s][info][gc,phases,start] GC(347) Summary Phase
[200.250s][info][gc,phases      ] GC(347) Summary Phase 0.020ms
[200.250s][info][gc,phases,start] GC(347) Adjust Roots
[200.253s][info][gc,phases      ] GC(347) Adjust Roots 3.281ms
[200.253s][info][gc,phases,start] GC(347) Compaction Phase
[200.261s][info][gc,phases      ] GC(347) Compaction Phase 8.318ms
[200.261s][info][gc,phases,start] GC(347) Post Compact
[200.264s][info][gc,phases      ] GC(347) Post Compact 2.530ms
[200.264s][info][gc,heap        ] GC(347) PSYoungGen: 58880K(116736K)->54807K(116736K) Eden: 58880K(58880K)->54807K(58880K) From: 0K(57856K)->0K(57856K)
[200.264s][info][gc,heap        ] GC(347) ParOldGen: 346201K(349696K)->346201K(349696K)
[200.264s][info][gc,metaspace   ] GC(347) Metaspace: 119725K(124864K)->119725K(124864K) NonClass: 101612K(104256K)->101612K(104256K) Class: 18113K(20608K)->18113K(20608K)
[200.264s][info][gc             ] GC(347) Pause Full (Ergonomics) 395M->391M(455M) 51.045ms
[200.264s][info][gc,cpu         ] GC(347) User=0.39s Sys=0.00s Real=0.05s
[200.266s][info][gc,start       ] GC(348) Pause Full (Ergonomics)
[200.266s][info][gc,phases,start] GC(348) Marking Phase
[200.296s][info][gc,phases      ] GC(348) Marking Phase 30.294ms
[200.296s][info][gc,phases,start] GC(348) Summary Phase
[200.296s][info][gc,phases      ] GC(348) Summary Phase 0.018ms
[200.296s][info][gc,phases,start] GC(348) Adjust Roots
[200.300s][info][gc,phases      ] GC(348) Adjust Roots 4.235ms
[200.301s][info][gc,phases,start] GC(348) Compaction Phase
[200.310s][info][gc,phases      ] GC(348) Compaction Phase 9.146ms
[200.310s][info][gc,phases,start] GC(348) Post Compact
[200.312s][info][gc,phases      ] GC(348) Post Compact 2.544ms
[200.312s][info][gc,heap        ] GC(348) PSYoungGen: 58880K(116736K)->54811K(116736K) Eden: 58880K(58880K)->54811K(58880K) From: 0K(57856K)->0K(57856K)
[200.312s][info][gc,heap        ] GC(348) ParOldGen: 346201K(349696K)->346201K(349696K)
[200.312s][info][gc,metaspace   ] GC(348) Metaspace: 119725K(124864K)->119725K(124864K) NonClass: 101612K(104256K)->101612K(104256K) Class: 18113K(20608K)->18113K(20608K)
[200.312s][info][gc             ] GC(348) Pause Full (Ergonomics) 395M->391M(455M) 46.662ms
[200.313s][info][gc,cpu         ] GC(348) User=0.20s Sys=0.00s Real=0.05s
[200.314s][info][gc,start       ] GC(349) Pause Full (Ergonomics)
[200.314s][info][gc,phases,start] GC(349) Marking Phase
[200.352s][info][gc,phases      ] GC(349) Marking Phase 37.787ms
[200.352s][info][gc,phases,start] GC(349) Summary Phase
[200.352s][info][gc,phases      ] GC(349) Summary Phase 0.047ms
[200.352s][info][gc,phases,start] GC(349) Adjust Roots
[200.360s][info][gc,phases      ] GC(349) Adjust Roots 7.659ms
[200.360s][info][gc,phases,start] GC(349) Compaction Phase
[200.377s][info][gc,phases      ] GC(349) Compaction Phase 16.922ms
[200.377s][info][gc,phases,start] GC(349) Post Compact
[200.380s][info][gc,phases      ] GC(349) Post Compact 2.623ms
[200.380s][info][gc,heap        ] GC(349) PSYoungGen: 58880K(116736K)->54777K(116736K) Eden: 58880K(58880K)->54777K(58880K) From: 0K(57856K)->0K(57856K)
[200.380s][info][gc,heap        ] GC(349) ParOldGen: 346201K(349696K)->346201K(349696K)
[200.380s][info][gc,metaspace   ] GC(349) Metaspace: 119725K(124864K)->119725K(124864K) NonClass: 101612K(104256K)->101612K(104256K) Class: 18113K(20608K)->18113K(20608K)
[200.380s][info][gc             ] GC(349) Pause Full (Ergonomics) 395M->391M(455M) 65.471ms
[200.380s][info][gc,cpu         ] GC(349) User=0.23s Sys=0.00s Real=0.06s
[200.382s][info][gc,start       ] GC(350) Pause Full (Ergonomics)
[200.382s][info][gc,phases,start] GC(350) Marking Phase
[200.420s][info][gc,phases      ] GC(350) Marking Phase 38.128ms
[200.420s][info][gc,phases,start] GC(350) Summary Phase
[200.420s][info][gc,phases      ] GC(350) Summary Phase 0.018ms
[200.420s][info][gc,phases,start] GC(350) Adjust Roots
[200.424s][info][gc,phases      ] GC(350) Adjust Roots 3.255ms
[200.424s][info][gc,phases,start] GC(350) Compaction Phase
[200.432s][info][gc,phases      ] GC(350) Compaction Phase 8.550ms
[200.432s][info][gc,phases,start] GC(350) Post Compact
[200.434s][info][gc,phases      ] GC(350) Post Compact 2.047ms
[200.434s][info][gc,heap        ] GC(350) PSYoungGen: 58880K(116736K)->54824K(116736K) Eden: 58880K(58880K)->54824K(58880K) From: 0K(57856K)->0K(57856K)
[200.434s][info][gc,heap        ] GC(350) ParOldGen: 346201K(349696K)->346201K(349696K)
[200.434s][info][gc,metaspace   ] GC(350) Metaspace: 119725K(124864K)->119725K(124864K) NonClass: 101612K(104256K)->101612K(104256K) Class: 18113K(20608K)->18113K(20608K)
[200.434s][info][gc             ] GC(350) Pause Full (Ergonomics) 395M->391M(455M) 52.272ms
[200.434s][info][gc,cpu         ] GC(350) User=0.38s Sys=0.00s Real=0.05s
[200.436s][info][gc,start       ] GC(351) Pause Full (Ergonomics)
[200.436s][info][gc,phases,start] GC(351) Marking Phase
[200.469s][info][gc,phases      ] GC(351) Marking Phase 33.178ms
[200.469s][info][gc,phases,start] GC(351) Summary Phase
[200.469s][info][gc,phases      ] GC(351) Summary Phase 0.019ms
[200.469s][info][gc,phases,start] GC(351) Adjust Roots
[200.473s][info][gc,phases      ] GC(351) Adjust Roots 3.723ms
[200.473s][info][gc,phases,start] GC(351) Compaction Phase
[200.490s][info][gc,phases      ] GC(351) Compaction Phase 16.652ms
[200.490s][info][gc,phases,start] GC(351) Post Compact
[200.492s][info][gc,phases      ] GC(351) Post Compact 2.547ms
[200.492s][info][gc,heap        ] GC(351) PSYoungGen: 58880K(116736K)->54838K(116736K) Eden: 58880K(58880K)->54838K(58880K) From: 0K(57856K)->0K(57856K)
[200.492s][info][gc,heap        ] GC(351) ParOldGen: 346201K(349696K)->346201K(349696K)
[200.493s][info][gc,metaspace   ] GC(351) Metaspace: 119725K(124864K)->119725K(124864K) NonClass: 101612K(104256K)->101612K(104256K) Class: 18113K(20608K)->18113K(20608K)
[200.493s][info][gc             ] GC(351) Pause Full (Ergonomics) 395M->391M(455M) 56.523ms
[200.493s][info][gc,cpu         ] GC(351) User=0.44s Sys=0.00s Real=0.06s
[200.494s][info][gc,start       ] GC(352) Pause Full (Ergonomics)
[200.494s][info][gc,phases,start] GC(352) Marking Phase
[200.532s][info][gc,phases      ] GC(352) Marking Phase 37.349ms
[200.532s][info][gc,phases,start] GC(352) Summary Phase
[200.532s][info][gc,phases      ] GC(352) Summary Phase 0.019ms
[200.532s][info][gc,phases,start] GC(352) Adjust Roots
[200.535s][info][gc,phases      ] GC(352) Adjust Roots 3.197ms
[200.535s][info][gc,phases,start] GC(352) Compaction Phase
[200.544s][info][gc,phases      ] GC(352) Compaction Phase 8.701ms
[200.544s][info][gc,phases,start] GC(352) Post Compact
[200.546s][info][gc,phases      ] GC(352) Post Compact 2.062ms
[200.546s][info][gc,heap        ] GC(352) PSYoungGen: 58879K(116736K)->54801K(116736K) Eden: 58879K(58880K)->54801K(58880K) From: 0K(57856K)->0K(57856K)
[200.546s][info][gc,heap        ] GC(352) ParOldGen: 346201K(349696K)->346201K(349696K)
[200.546s][info][gc,metaspace   ] GC(352) Metaspace: 119725K(124864K)->119725K(124864K) NonClass: 101612K(104256K)->101612K(104256K) Class: 18113K(20608K)->18113K(20608K)
[200.546s][info][gc             ] GC(352) Pause Full (Ergonomics) 395M->391M(455M) 51.629ms
[200.546s][info][gc,cpu         ] GC(352) User=0.39s Sys=0.00s Real=0.05s
[200.548s][info][gc,start       ] GC(353) Pause Full (Ergonomics)
[200.548s][info][gc,phases,start] GC(353) Marking Phase
[200.579s][info][gc,phases      ] GC(353) Marking Phase 30.990ms
[200.579s][info][gc,phases,start] GC(353) Summary Phase
[200.579s][info][gc,phases      ] GC(353) Summary Phase 0.019ms
[200.579s][info][gc,phases,start] GC(353) Adjust Roots
[200.582s][info][gc,phases      ] GC(353) Adjust Roots 3.848ms
[200.582s][info][gc,phases,start] GC(353) Compaction Phase
[200.599s][info][gc,phases      ] GC(353) Compaction Phase 16.641ms
[200.599s][info][gc,phases,start] GC(353) Post Compact
[200.602s][info][gc,phases      ] GC(353) Post Compact 2.324ms
[200.602s][info][gc,heap        ] GC(353) PSYoungGen: 58879K(116736K)->54804K(116736K) Eden: 58879K(58880K)->54804K(58880K) From: 0K(57856K)->0K(57856K)
[200.602s][info][gc,heap        ] GC(353) ParOldGen: 346201K(349696K)->346201K(349696K)
[200.602s][info][gc,metaspace   ] GC(353) Metaspace: 119725K(124864K)->119725K(124864K) NonClass: 101612K(104256K)->101612K(104256K) Class: 18113K(20608K)->18113K(20608K)
[200.602s][info][gc             ] GC(353) Pause Full (Ergonomics) 395M->391M(455M) 54.144ms
[200.602s][info][gc,cpu         ] GC(353) User=0.20s Sys=0.00s Real=0.05s
[200.604s][info][gc,start       ] GC(354) Pause Full (Ergonomics)
[200.604s][info][gc,phases,start] GC(354) Marking Phase
[200.640s][info][gc,phases      ] GC(354) Marking Phase 36.186ms
[200.640s][info][gc,phases,start] GC(354) Summary Phase
[200.640s][info][gc,phases      ] GC(354) Summary Phase 0.018ms
[200.640s][info][gc,phases,start] GC(354) Adjust Roots
[200.644s][info][gc,phases      ] GC(354) Adjust Roots 3.738ms
[200.644s][info][gc,phases,start] GC(354) Compaction Phase
[200.652s][info][gc,phases      ] GC(354) Compaction Phase 8.745ms
[200.653s][info][gc,phases,start] GC(354) Post Compact
[200.655s][info][gc,phases      ] GC(354) Post Compact 2.547ms
[200.655s][info][gc,heap        ] GC(354) PSYoungGen: 58880K(116736K)->54805K(116736K) Eden: 58880K(58880K)->54805K(58880K) From: 0K(57856K)->0K(57856K)
[200.655s][info][gc,heap        ] GC(354) ParOldGen: 346201K(349696K)->346201K(349696K)
[200.655s][info][gc,metaspace   ] GC(354) Metaspace: 119725K(124864K)->119725K(124864K) NonClass: 101612K(104256K)->101612K(104256K) Class: 18113K(20608K)->18113K(20608K)
[200.655s][info][gc             ] GC(354) Pause Full (Ergonomics) 395M->391M(455M) 51.676ms
[200.655s][info][gc,cpu         ] GC(354) User=0.45s Sys=0.00s Real=0.05s
[200.657s][info][gc,start       ] GC(355) Pause Full (Ergonomics)
[200.657s][info][gc,phases,start] GC(355) Marking Phase
[200.695s][info][gc,phases      ] GC(355) Marking Phase 37.541ms
[200.695s][info][gc,phases,start] GC(355) Summary Phase
[200.695s][info][gc,phases      ] GC(355) Summary Phase 0.019ms
[200.695s][info][gc,phases,start] GC(355) Adjust Roots
[200.698s][info][gc,phases      ] GC(355) Adjust Roots 3.196ms
[200.698s][info][gc,phases,start] GC(355) Compaction Phase
[200.706s][info][gc,phases      ] GC(355) Compaction Phase 7.762ms
[200.706s][info][gc,phases,start] GC(355) Post Compact
[200.708s][info][gc,phases      ] GC(355) Post Compact 2.027ms
[200.708s][info][gc,heap        ] GC(355) PSYoungGen: 58879K(116736K)->54791K(116736K) Eden: 58879K(58880K)->54791K(58880K) From: 0K(57856K)->0K(57856K)
[200.708s][info][gc,heap        ] GC(355) ParOldGen: 346201K(349696K)->346201K(349696K)
[200.708s][info][gc,metaspace   ] GC(355) Metaspace: 119725K(124864K)->119725K(124864K) NonClass: 101612K(104256K)->101612K(104256K) Class: 18113K(20608K)->18113K(20608K)
[200.708s][info][gc             ] GC(355) Pause Full (Ergonomics) 395M->391M(455M) 50.869ms
[200.708s][info][gc,cpu         ] GC(355) User=0.39s Sys=0.00s Real=0.05s
[200.710s][info][gc,start       ] GC(356) Pause Full (Ergonomics)
[200.710s][info][gc,phases,start] GC(356) Marking Phase
[200.738s][info][gc,phases      ] GC(356) Marking Phase 27.980ms
[200.738s][info][gc,phases,start] GC(356) Summary Phase
[200.738s][info][gc,phases      ] GC(356) Summary Phase 0.019ms
[200.738s][info][gc,phases,start] GC(356) Adjust Roots
[200.742s][info][gc,phases      ] GC(356) Adjust Roots 4.215ms
[200.742s][info][gc,phases,start] GC(356) Compaction Phase
[200.751s][info][gc,phases      ] GC(356) Compaction Phase 9.161ms
[200.751s][info][gc,phases,start] GC(356) Post Compact
[200.754s][info][gc,phases      ] GC(356) Post Compact 2.538ms
[200.754s][info][gc,heap        ] GC(356) PSYoungGen: 58880K(116736K)->54796K(116736K) Eden: 58880K(58880K)->54796K(58880K) From: 0K(57856K)->0K(57856K)
[200.754s][info][gc,heap        ] GC(356) ParOldGen: 346201K(349696K)->346201K(349696K)
[200.754s][info][gc,metaspace   ] GC(356) Metaspace: 119725K(124864K)->119725K(124864K) NonClass: 101612K(104256K)->101612K(104256K) Class: 18113K(20608K)->18113K(20608K)
[200.754s][info][gc             ] GC(356) Pause Full (Ergonomics) 395M->391M(455M) 44.305ms
[200.754s][info][gc,cpu         ] GC(356) User=0.23s Sys=0.00s Real=0.05s
[200.756s][info][gc,start       ] GC(357) Pause Full (Ergonomics)
[200.756s][info][gc,phases,start] GC(357) Marking Phase
[200.791s][info][gc,phases      ] GC(357) Marking Phase 35.401ms
[200.791s][info][gc,phases,start] GC(357) Summary Phase
[200.791s][info][gc,phases      ] GC(357) Summary Phase 0.020ms
[200.791s][info][gc,phases,start] GC(357) Adjust Roots
[200.795s][info][gc,phases      ] GC(357) Adjust Roots 3.467ms
[200.795s][info][gc,phases,start] GC(357) Compaction Phase
[200.804s][info][gc,phases      ] GC(357) Compaction Phase 9.261ms
[200.804s][info][gc,phases,start] GC(357) Post Compact
[200.806s][info][gc,phases      ] GC(357) Post Compact 2.057ms
[200.806s][info][gc,heap        ] GC(357) PSYoungGen: 58879K(116736K)->54778K(116736K) Eden: 58879K(58880K)->54778K(58880K) From: 0K(57856K)->0K(57856K)
[200.806s][info][gc,heap        ] GC(357) ParOldGen: 346201K(349696K)->346201K(349696K)
[200.806s][info][gc,metaspace   ] GC(357) Metaspace: 119725K(124864K)->119725K(124864K) NonClass: 101612K(104256K)->101612K(104256K) Class: 18113K(20608K)->18113K(20608K)
[200.806s][info][gc             ] GC(357) Pause Full (Ergonomics) 395M->391M(455M) 50.488ms
[200.806s][info][gc,cpu         ] GC(357) User=0.47s Sys=0.00s Real=0.05s
[200.808s][info][gc,start       ] GC(358) Pause Full (Ergonomics)
[200.808s][info][gc,phases,start] GC(358) Marking Phase
[200.841s][info][gc,phases      ] GC(358) Marking Phase 32.663ms
[200.841s][info][gc,phases,start] GC(358) Summary Phase
[200.841s][info][gc,phases      ] GC(358) Summary Phase 0.018ms
[200.841s][info][gc,phases,start] GC(358) Adjust Roots
[200.844s][info][gc,phases      ] GC(358) Adjust Roots 3.512ms
[200.844s][info][gc,phases,start] GC(358) Compaction Phase
[200.861s][info][gc,phases      ] GC(358) Compaction Phase 16.920ms
[200.861s][info][gc,phases,start] GC(358) Post Compact
[200.864s][info][gc,phases      ] GC(358) Post Compact 2.290ms
[200.864s][info][gc,heap        ] GC(358) PSYoungGen: 58879K(116736K)->54814K(116736K) Eden: 58879K(58880K)->54814K(58880K) From: 0K(57856K)->0K(57856K)
[200.864s][info][gc,heap        ] GC(358) ParOldGen: 346201K(349696K)->346201K(349696K)
[200.864s][info][gc,metaspace   ] GC(358) Metaspace: 119725K(124864K)->119725K(124864K) NonClass: 101612K(104256K)->101612K(104256K) Class: 18113K(20608K)->18113K(20608K)
[200.864s][info][gc             ] GC(358) Pause Full (Ergonomics) 395M->391M(455M) 55.758ms
[200.864s][info][gc,cpu         ] GC(358) User=0.36s Sys=0.00s Real=0.06s
[200.866s][info][gc,start       ] GC(359) Pause Full (Ergonomics)
[200.866s][info][gc,phases,start] GC(359) Marking Phase
[200.899s][info][gc,phases      ] GC(359) Marking Phase 32.687ms
[200.899s][info][gc,phases,start] GC(359) Summary Phase
[200.899s][info][gc,phases      ] GC(359) Summary Phase 0.019ms
[200.899s][info][gc,phases,start] GC(359) Adjust Roots
[200.902s][info][gc,phases      ] GC(359) Adjust Roots 3.327ms
[200.902s][info][gc,phases,start] GC(359) Compaction Phase
[200.912s][info][gc,phases      ] GC(359) Compaction Phase 9.922ms
[200.912s][info][gc,phases,start] GC(359) Post Compact
[200.914s][info][gc,phases      ] GC(359) Post Compact 2.221ms
[200.914s][info][gc,heap        ] GC(359) PSYoungGen: 58879K(116736K)->54803K(116736K) Eden: 58879K(58880K)->54803K(58880K) From: 0K(57856K)->0K(57856K)
[200.914s][info][gc,heap        ] GC(359) ParOldGen: 346201K(349696K)->346201K(349696K)
[200.914s][info][gc,metaspace   ] GC(359) Metaspace: 119725K(124864K)->119725K(124864K) NonClass: 101612K(104256K)->101612K(104256K) Class: 18113K(20608K)->18113K(20608K)
[200.914s][info][gc             ] GC(359) Pause Full (Ergonomics) 395M->391M(455M) 48.499ms
[200.914s][info][gc,cpu         ] GC(359) User=0.42s Sys=0.00s Real=0.05s
[200.916s][info][gc,start       ] GC(360) Pause Full (Ergonomics)
[200.916s][info][gc,phases,start] GC(360) Marking Phase
[200.947s][info][gc,phases      ] GC(360) Marking Phase 30.472ms
[200.947s][info][gc,phases,start] GC(360) Summary Phase
[200.947s][info][gc,phases      ] GC(360) Summary Phase 0.020ms
[200.947s][info][gc,phases,start] GC(360) Adjust Roots
[200.950s][info][gc,phases      ] GC(360) Adjust Roots 3.193ms
[200.950s][info][gc,phases,start] GC(360) Compaction Phase
[200.965s][info][gc,phases      ] GC(360) Compaction Phase 15.042ms
[200.965s][info][gc,phases,start] GC(360) Post Compact
[200.967s][info][gc,phases      ] GC(360) Post Compact 2.065ms
[200.967s][info][gc,heap        ] GC(360) PSYoungGen: 58879K(116736K)->54787K(116736K) Eden: 58879K(58880K)->54787K(58880K) From: 0K(57856K)->0K(57856K)
[200.967s][info][gc,heap        ] GC(360) ParOldGen: 346201K(349696K)->346201K(349696K)
[200.967s][info][gc,metaspace   ] GC(360) Metaspace: 119725K(124864K)->119725K(124864K) NonClass: 101612K(104256K)->101612K(104256K) Class: 18113K(20608K)->18113K(20608K)
[200.967s][info][gc             ] GC(360) Pause Full (Ergonomics) 395M->391M(455M) 51.041ms
[200.967s][info][gc,cpu         ] GC(360) User=0.47s Sys=0.00s Real=0.06s
[200.969s][info][gc,start       ] GC(361) Pause Full (Ergonomics)
[200.969s][info][gc,phases,start] GC(361) Marking Phase
[201.012s][info][gc,phases      ] GC(361) Marking Phase 42.915ms
[201.012s][info][gc,phases,start] GC(361) Summary Phase
[201.012s][info][gc,phases      ] GC(361) Summary Phase 0.031ms
[201.012s][info][gc,phases,start] GC(361) Adjust Roots
[201.016s][info][gc,phases      ] GC(361) Adjust Roots 4.018ms
[201.016s][info][gc,phases,start] GC(361) Compaction Phase
[201.032s][info][gc,phases      ] GC(361) Compaction Phase 16.254ms
[201.032s][info][gc,phases,start] GC(361) Post Compact
[201.035s][info][gc,phases      ] GC(361) Post Compact 2.619ms
[201.035s][info][gc,heap        ] GC(361) PSYoungGen: 58879K(116736K)->54826K(116736K) Eden: 58879K(58880K)->54826K(58880K) From: 0K(57856K)->0K(57856K)
[201.035s][info][gc,heap        ] GC(361) ParOldGen: 346201K(349696K)->346201K(349696K)
[201.035s][info][gc,metaspace   ] GC(361) Metaspace: 119725K(124864K)->119725K(124864K) NonClass: 101612K(104256K)->101612K(104256K) Class: 18113K(20608K)->18113K(20608K)
[201.035s][info][gc             ] GC(361) Pause Full (Ergonomics) 395M->391M(455M) 66.251ms
[201.035s][info][gc,cpu         ] GC(361) User=0.36s Sys=0.00s Real=0.06s
[201.037s][info][gc,start       ] GC(362) Pause Full (Ergonomics)
[201.038s][info][gc,phases,start] GC(362) Marking Phase
[201.077s][info][gc,phases      ] GC(362) Marking Phase 38.859ms
[201.077s][info][gc,phases,start] GC(362) Summary Phase
[201.077s][info][gc,phases      ] GC(362) Summary Phase 0.018ms
[201.077s][info][gc,phases,start] GC(362) Adjust Roots
[201.079s][info][gc,phases      ] GC(362) Adjust Roots 2.652ms
[201.079s][info][gc,phases,start] GC(362) Compaction Phase
[201.087s][info][gc,phases      ] GC(362) Compaction Phase 8.078ms
[201.087s][info][gc,phases,start] GC(362) Post Compact
[201.089s][info][gc,phases      ] GC(362) Post Compact 1.976ms
[201.089s][info][gc,heap        ] GC(362) PSYoungGen: 58880K(116736K)->54777K(116736K) Eden: 58880K(58880K)->54777K(58880K) From: 0K(57856K)->0K(57856K)
[201.089s][info][gc,heap        ] GC(362) ParOldGen: 346201K(349696K)->346201K(349696K)
[201.089s][info][gc,metaspace   ] GC(362) Metaspace: 119725K(124864K)->119725K(124864K) NonClass: 101612K(104256K)->101612K(104256K) Class: 18113K(20608K)->18113K(20608K)
[201.089s][info][gc             ] GC(362) Pause Full (Ergonomics) 395M->391M(455M) 52.019ms
[201.090s][info][gc,cpu         ] GC(362) User=0.47s Sys=0.00s Real=0.05s
[201.091s][info][gc,start       ] GC(363) Pause Full (Ergonomics)
[201.091s][info][gc,phases,start] GC(363) Marking Phase
[201.122s][info][gc,phases      ] GC(363) Marking Phase 30.634ms
[201.122s][info][gc,phases,start] GC(363) Summary Phase
[201.122s][info][gc,phases      ] GC(363) Summary Phase 0.019ms
[201.122s][info][gc,phases,start] GC(363) Adjust Roots
[201.125s][info][gc,phases      ] GC(363) Adjust Roots 2.835ms
[201.125s][info][gc,phases,start] GC(363) Compaction Phase
[201.142s][info][gc,phases      ] GC(363) Compaction Phase 17.259ms
[201.142s][info][gc,phases,start] GC(363) Post Compact
[201.145s][info][gc,phases      ] GC(363) Post Compact 2.560ms
[201.145s][info][gc,heap        ] GC(363) PSYoungGen: 58880K(116736K)->54793K(116736K) Eden: 58880K(58880K)->54793K(58880K) From: 0K(57856K)->0K(57856K)
[201.145s][info][gc,heap        ] GC(363) ParOldGen: 346201K(349696K)->346201K(349696K)
[201.145s][info][gc,metaspace   ] GC(363) Metaspace: 119725K(124864K)->119725K(124864K) NonClass: 101612K(104256K)->101612K(104256K) Class: 18113K(20608K)->18113K(20608K)
[201.145s][info][gc             ] GC(363) Pause Full (Ergonomics) 395M->391M(455M) 53.694ms
[201.145s][info][gc,cpu         ] GC(363) User=0.20s Sys=0.00s Real=0.05s
[201.147s][info][gc,start       ] GC(364) Pause Full (Ergonomics)
[201.147s][info][gc,phases,start] GC(364) Marking Phase
[201.181s][info][gc,phases      ] GC(364) Marking Phase 34.607ms
[201.181s][info][gc,phases,start] GC(364) Summary Phase
[201.181s][info][gc,phases      ] GC(364) Summary Phase 0.022ms
[201.181s][info][gc,phases,start] GC(364) Adjust Roots
[201.185s][info][gc,phases      ] GC(364) Adjust Roots 3.047ms
[201.185s][info][gc,phases,start] GC(364) Compaction Phase
[201.194s][info][gc,phases      ] GC(364) Compaction Phase 9.779ms
[201.194s][info][gc,phases,start] GC(364) Post Compact
[201.197s][info][gc,phases      ] GC(364) Post Compact 2.215ms
[201.197s][info][gc,heap        ] GC(364) PSYoungGen: 58880K(116736K)->54797K(116736K) Eden: 58880K(58880K)->54797K(58880K) From: 0K(57856K)->0K(57856K)
[201.197s][info][gc,heap        ] GC(364) ParOldGen: 346201K(349696K)->346201K(349696K)
[201.197s][info][gc,metaspace   ] GC(364) Metaspace: 119725K(124864K)->119725K(124864K) NonClass: 101612K(104256K)->101612K(104256K) Class: 18113K(20608K)->18113K(20608K)
[201.197s][info][gc             ] GC(364) Pause Full (Ergonomics) 395M->391M(455M) 49.979ms
[201.197s][info][gc,cpu         ] GC(364) User=0.33s Sys=0.00s Real=0.05s
[201.198s][info][gc,start       ] GC(365) Pause Full (Ergonomics)
[201.199s][info][gc,phases,start] GC(365) Marking Phase
[201.230s][info][gc,phases      ] GC(365) Marking Phase 31.055ms
[201.230s][info][gc,phases,start] GC(365) Summary Phase
[201.230s][info][gc,phases      ] GC(365) Summary Phase 0.019ms
[201.230s][info][gc,phases,start] GC(365) Adjust Roots
[201.232s][info][gc,phases      ] GC(365) Adjust Roots 2.727ms
[201.232s][info][gc,phases,start] GC(365) Compaction Phase
[201.243s][info][gc,phases      ] GC(365) Compaction Phase 10.288ms
[201.243s][info][gc,phases,start] GC(365) Post Compact
[201.245s][info][gc,phases      ] GC(365) Post Compact 2.541ms
[201.245s][info][gc,heap        ] GC(365) PSYoungGen: 58880K(116736K)->54796K(116736K) Eden: 58880K(58880K)->54796K(58880K) From: 0K(57856K)->0K(57856K)
[201.245s][info][gc,heap        ] GC(365) ParOldGen: 346201K(349696K)->346201K(349696K)
[201.245s][info][gc,metaspace   ] GC(365) Metaspace: 119725K(124864K)->119725K(124864K) NonClass: 101612K(104256K)->101612K(104256K) Class: 18113K(20608K)->18113K(20608K)
[201.245s][info][gc             ] GC(365) Pause Full (Ergonomics) 395M->391M(455M) 47.064ms
[201.246s][info][gc,cpu         ] GC(365) User=0.38s Sys=0.00s Real=0.05s
[201.247s][info][gc,start       ] GC(366) Pause Full (Ergonomics)
[201.247s][info][gc,phases,start] GC(366) Marking Phase
[201.282s][info][gc,phases      ] GC(366) Marking Phase 34.453ms
[201.282s][info][gc,phases,start] GC(366) Summary Phase
[201.282s][info][gc,phases      ] GC(366) Summary Phase 0.027ms
[201.282s][info][gc,phases,start] GC(366) Adjust Roots
[201.285s][info][gc,phases      ] GC(366) Adjust Roots 3.383ms
[201.285s][info][gc,phases,start] GC(366) Compaction Phase
[201.303s][info][gc,phases      ] GC(366) Compaction Phase 17.373ms
[201.303s][info][gc,phases,start] GC(366) Post Compact
[201.305s][info][gc,phases      ] GC(366) Post Compact 2.232ms
[201.305s][info][gc,heap        ] GC(366) PSYoungGen: 58880K(116736K)->54795K(116736K) Eden: 58880K(58880K)->54795K(58880K) From: 0K(57856K)->0K(57856K)
[201.305s][info][gc,heap        ] GC(366) ParOldGen: 346201K(349696K)->346201K(349696K)
[201.305s][info][gc,metaspace   ] GC(366) Metaspace: 119725K(124864K)->119725K(124864K) NonClass: 101612K(104256K)->101612K(104256K) Class: 18113K(20608K)->18113K(20608K)
[201.305s][info][gc             ] GC(366) Pause Full (Ergonomics) 395M->391M(455M) 57.764ms
[201.305s][info][gc,cpu         ] GC(366) User=0.50s Sys=0.00s Real=0.06s
[201.307s][info][gc,start       ] GC(367) Pause Full (Ergonomics)
[201.307s][info][gc,phases,start] GC(367) Marking Phase
[201.341s][info][gc,phases      ] GC(367) Marking Phase 34.121ms
[201.341s][info][gc,phases,start] GC(367) Summary Phase
[201.341s][info][gc,phases      ] GC(367) Summary Phase 0.023ms
[201.341s][info][gc,phases,start] GC(367) Adjust Roots
[201.345s][info][gc,phases      ] GC(367) Adjust Roots 3.666ms
[201.345s][info][gc,phases,start] GC(367) Compaction Phase
[201.361s][info][gc,phases      ] GC(367) Compaction Phase 16.058ms
[201.361s][info][gc,phases,start] GC(367) Post Compact
[201.364s][info][gc,phases      ] GC(367) Post Compact 2.543ms
[201.364s][info][gc,heap        ] GC(367) PSYoungGen: 58879K(116736K)->54793K(116736K) Eden: 58879K(58880K)->54793K(58880K) From: 0K(57856K)->0K(57856K)
[201.364s][info][gc,heap        ] GC(367) ParOldGen: 346201K(349696K)->346201K(349696K)
[201.364s][info][gc,metaspace   ] GC(367) Metaspace: 119725K(124864K)->119725K(124864K) NonClass: 101612K(104256K)->101612K(104256K) Class: 18113K(20608K)->18113K(20608K)
[201.364s][info][gc             ] GC(367) Pause Full (Ergonomics) 395M->391M(455M) 56.846ms
[201.364s][info][gc,cpu         ] GC(367) User=0.33s Sys=0.00s Real=0.04s
[201.366s][info][gc,start       ] GC(368) Pause Full (Ergonomics)
[201.366s][info][gc,phases,start] GC(368) Marking Phase
[201.398s][info][gc,phases      ] GC(368) Marking Phase 31.347ms
[201.398s][info][gc,phases,start] GC(368) Summary Phase
[201.398s][info][gc,phases      ] GC(368) Summary Phase 0.019ms
[201.398s][info][gc,phases,start] GC(368) Adjust Roots
[201.400s][info][gc,phases      ] GC(368) Adjust Roots 2.739ms
[201.400s][info][gc,phases,start] GC(368) Compaction Phase
[201.417s][info][gc,phases      ] GC(368) Compaction Phase 16.310ms
[201.417s][info][gc,phases,start] GC(368) Post Compact
[201.419s][info][gc,phases      ] GC(368) Post Compact 2.130ms
[201.419s][info][gc,heap        ] GC(368) PSYoungGen: 58879K(116736K)->54826K(116736K) Eden: 58879K(58880K)->54826K(58880K) From: 0K(57856K)->0K(57856K)
[201.419s][info][gc,heap        ] GC(368) ParOldGen: 346201K(349696K)->346201K(349696K)
[201.419s][info][gc,metaspace   ] GC(368) Metaspace: 119725K(124864K)->119725K(124864K) NonClass: 101612K(104256K)->101612K(104256K) Class: 18113K(20608K)->18113K(20608K)
[201.419s][info][gc             ] GC(368) Pause Full (Ergonomics) 395M->391M(455M) 52.843ms
[201.419s][info][gc,cpu         ] GC(368) User=0.20s Sys=0.00s Real=0.05s
[201.421s][info][gc,start       ] GC(369) Pause Full (Ergonomics)
[201.421s][info][gc,phases,start] GC(369) Marking Phase
[201.455s][info][gc,phases      ] GC(369) Marking Phase 34.040ms
[201.455s][info][gc,phases,start] GC(369) Summary Phase
[201.455s][info][gc,phases      ] GC(369) Summary Phase 0.019ms
[201.455s][info][gc,phases,start] GC(369) Adjust Roots
[201.458s][info][gc,phases      ] GC(369) Adjust Roots 2.913ms
[201.458s][info][gc,phases,start] GC(369) Compaction Phase
[201.465s][info][gc,phases      ] GC(369) Compaction Phase 7.005ms
[201.465s][info][gc,phases,start] GC(369) Post Compact
[201.467s][info][gc,phases      ] GC(369) Post Compact 2.021ms
[201.467s][info][gc,heap        ] GC(369) PSYoungGen: 58879K(116736K)->54835K(116736K) Eden: 58879K(58880K)->54835K(58880K) From: 0K(57856K)->0K(57856K)
[201.467s][info][gc,heap        ] GC(369) ParOldGen: 346201K(349696K)->346201K(349696K)
[201.467s][info][gc,metaspace   ] GC(369) Metaspace: 119725K(124864K)->119725K(124864K) NonClass: 101612K(104256K)->101612K(104256K) Class: 18113K(20608K)->18113K(20608K)
[201.467s][info][gc             ] GC(369) Pause Full (Ergonomics) 395M->391M(455M) 46.244ms
[201.467s][info][gc,cpu         ] GC(369) User=0.19s Sys=0.30s Real=0.05s
[201.469s][info][gc,start       ] GC(370) Pause Full (Ergonomics)
[201.469s][info][gc,phases,start] GC(370) Marking Phase
[201.499s][info][gc,phases      ] GC(370) Marking Phase 30.777ms
[201.499s][info][gc,phases,start] GC(370) Summary Phase
[201.499s][info][gc,phases      ] GC(370) Summary Phase 0.018ms
[201.499s][info][gc,phases,start] GC(370) Adjust Roots
[201.502s][info][gc,phases      ] GC(370) Adjust Roots 2.700ms
[201.502s][info][gc,phases,start] GC(370) Compaction Phase
[201.512s][info][gc,phases      ] GC(370) Compaction Phase 9.361ms
[201.512s][info][gc,phases,start] GC(370) Post Compact
[201.514s][info][gc,phases      ] GC(370) Post Compact 2.015ms
[201.514s][info][gc,heap        ] GC(370) PSYoungGen: 58879K(116736K)->54812K(116736K) Eden: 58879K(58880K)->54812K(58880K) From: 0K(57856K)->0K(57856K)
[201.514s][info][gc,heap        ] GC(370) ParOldGen: 346201K(349696K)->346201K(349696K)
[201.514s][info][gc,metaspace   ] GC(370) Metaspace: 119725K(124864K)->119725K(124864K) NonClass: 101612K(104256K)->101612K(104256K) Class: 18113K(20608K)->18113K(20608K)
[201.514s][info][gc             ] GC(370) Pause Full (Ergonomics) 395M->391M(455M) 45.127ms
[201.514s][info][gc,cpu         ] GC(370) User=0.19s Sys=0.00s Real=0.05s
[201.515s][info][gc,start       ] GC(371) Pause Full (Ergonomics)
[201.515s][info][gc,phases,start] GC(371) Marking Phase
[201.546s][info][gc,phases      ] GC(371) Marking Phase 30.127ms
[201.546s][info][gc,phases,start] GC(371) Summary Phase
[201.546s][info][gc,phases      ] GC(371) Summary Phase 0.019ms
[201.546s][info][gc,phases,start] GC(371) Adjust Roots
[201.548s][info][gc,phases      ] GC(371) Adjust Roots 2.781ms
[201.548s][info][gc,phases,start] GC(371) Compaction Phase
[201.567s][info][gc,phases      ] GC(371) Compaction Phase 18.265ms
[201.567s][info][gc,phases,start] GC(371) Post Compact
[201.569s][info][gc,phases      ] GC(371) Post Compact 2.590ms
[201.569s][info][gc,heap        ] GC(371) PSYoungGen: 58880K(116736K)->54796K(116736K) Eden: 58880K(58880K)->54796K(58880K) From: 0K(57856K)->0K(57856K)
[201.570s][info][gc,heap        ] GC(371) ParOldGen: 346201K(349696K)->346201K(349696K)
[201.570s][info][gc,metaspace   ] GC(371) Metaspace: 119725K(124864K)->119725K(124864K) NonClass: 101612K(104256K)->101612K(104256K) Class: 18113K(20608K)->18113K(20608K)
[201.570s][info][gc             ] GC(371) Pause Full (Ergonomics) 395M->391M(455M) 54.205ms
[201.570s][info][gc,cpu         ] GC(371) User=0.20s Sys=0.00s Real=0.05s
[201.571s][info][gc,start       ] GC(372) Pause Full (Ergonomics)
[201.571s][info][gc,phases,start] GC(372) Marking Phase
[201.609s][info][gc,phases      ] GC(372) Marking Phase 37.243ms
[201.609s][info][gc,phases,start] GC(372) Summary Phase
[201.609s][info][gc,phases      ] GC(372) Summary Phase 0.019ms
[201.609s][info][gc,phases,start] GC(372) Adjust Roots
[201.615s][info][gc,phases      ] GC(372) Adjust Roots 6.128ms
[201.615s][info][gc,phases,start] GC(372) Compaction Phase
[201.624s][info][gc,phases      ] GC(372) Compaction Phase 8.638ms
[201.624s][info][gc,phases,start] GC(372) Post Compact
[201.626s][info][gc,phases      ] GC(372) Post Compact 2.112ms
[201.626s][info][gc,heap        ] GC(372) PSYoungGen: 58880K(116736K)->54790K(116736K) Eden: 58880K(58880K)->54790K(58880K) From: 0K(57856K)->0K(57856K)
[201.626s][info][gc,heap        ] GC(372) ParOldGen: 346201K(349696K)->346201K(349696K)
[201.626s][info][gc,metaspace   ] GC(372) Metaspace: 119725K(124864K)->119725K(124864K) NonClass: 101612K(104256K)->101612K(104256K) Class: 18113K(20608K)->18113K(20608K)
[201.626s][info][gc             ] GC(372) Pause Full (Ergonomics) 395M->391M(455M) 54.456ms
[201.626s][info][gc,cpu         ] GC(372) User=0.42s Sys=0.00s Real=0.06s
[201.628s][info][gc,start       ] GC(373) Pause Full (Ergonomics)
[201.628s][info][gc,phases,start] GC(373) Marking Phase
[201.659s][info][gc,phases      ] GC(373) Marking Phase 31.370ms
[201.659s][info][gc,phases,start] GC(373) Summary Phase
[201.659s][info][gc,phases      ] GC(373) Summary Phase 0.020ms
[201.659s][info][gc,phases,start] GC(373) Adjust Roots
[201.662s][info][gc,phases      ] GC(373) Adjust Roots 2.765ms
[201.662s][info][gc,phases,start] GC(373) Compaction Phase
[201.672s][info][gc,phases      ] GC(373) Compaction Phase 9.558ms
[201.672s][info][gc,phases,start] GC(373) Post Compact
[201.674s][info][gc,phases      ] GC(373) Post Compact 2.056ms
[201.674s][info][gc,heap        ] GC(373) PSYoungGen: 58879K(116736K)->54830K(116736K) Eden: 58879K(58880K)->54830K(58880K) From: 0K(57856K)->0K(57856K)
[201.674s][info][gc,heap        ] GC(373) ParOldGen: 346201K(349696K)->346201K(349696K)
[201.674s][info][gc,metaspace   ] GC(373) Metaspace: 119727K(124864K)->119727K(124864K) NonClass: 101613K(104256K)->101613K(104256K) Class: 18113K(20608K)->18113K(20608K)
[201.674s][info][gc             ] GC(373) Pause Full (Ergonomics) 395M->391M(455M) 46.075ms
[201.674s][info][gc,cpu         ] GC(373) User=0.19s Sys=0.00s Real=0.05s
[201.675s][info][gc,start       ] GC(374) Pause Full (Ergonomics)
[201.675s][info][gc,phases,start] GC(374) Marking Phase
[201.705s][info][gc,phases      ] GC(374) Marking Phase 29.752ms
[201.705s][info][gc,phases,start] GC(374) Summary Phase
[201.705s][info][gc,phases      ] GC(374) Summary Phase 0.019ms
[201.705s][info][gc,phases,start] GC(374) Adjust Roots
[201.708s][info][gc,phases      ] GC(374) Adjust Roots 2.774ms
[201.708s][info][gc,phases,start] GC(374) Compaction Phase
[201.717s][info][gc,phases      ] GC(374) Compaction Phase 8.752ms
[201.717s][info][gc,phases,start] GC(374) Post Compact
[201.719s][info][gc,phases      ] GC(374) Post Compact 2.033ms
[201.719s][info][gc,heap        ] GC(374) PSYoungGen: 58879K(116736K)->54838K(116736K) Eden: 58879K(58880K)->54838K(58880K) From: 0K(57856K)->0K(57856K)
[201.719s][info][gc,heap        ] GC(374) ParOldGen: 346201K(349696K)->346201K(349696K)
[201.719s][info][gc,metaspace   ] GC(374) Metaspace: 119727K(124864K)->119727K(124864K) NonClass: 101613K(104256K)->101613K(104256K) Class: 18113K(20608K)->18113K(20608K)
[201.719s][info][gc             ] GC(374) Pause Full (Ergonomics) 395M->391M(455M) 43.639ms
[201.719s][info][gc,cpu         ] GC(374) User=0.17s Sys=0.00s Real=0.03s
[201.721s][info][gc,start       ] GC(375) Pause Full (Ergonomics)
[201.721s][info][gc,phases,start] GC(375) Marking Phase
[201.749s][info][gc,phases      ] GC(375) Marking Phase 27.810ms
[201.749s][info][gc,phases,start] GC(375) Summary Phase
[201.749s][info][gc,phases      ] GC(375) Summary Phase 0.020ms
[201.749s][info][gc,phases,start] GC(375) Adjust Roots
[201.751s][info][gc,phases      ] GC(375) Adjust Roots 2.832ms
[201.751s][info][gc,phases,start] GC(375) Compaction Phase
[201.768s][info][gc,phases      ] GC(375) Compaction Phase 16.438ms
[201.768s][info][gc,phases,start] GC(375) Post Compact
[201.770s][info][gc,phases      ] GC(375) Post Compact 2.391ms
[201.770s][info][gc,heap        ] GC(375) PSYoungGen: 58880K(116736K)->54786K(116736K) Eden: 58880K(58880K)->54786K(58880K) From: 0K(57856K)->0K(57856K)
[201.770s][info][gc,heap        ] GC(375) ParOldGen: 346201K(349696K)->346201K(349696K)
[201.770s][info][gc,metaspace   ] GC(375) Metaspace: 119728K(124864K)->119728K(124864K) NonClass: 101614K(104256K)->101614K(104256K) Class: 18113K(20608K)->18113K(20608K)
[201.771s][info][gc             ] GC(375) Pause Full (Ergonomics) 395M->391M(455M) 49.853ms
[201.771s][info][gc,cpu         ] GC(375) User=0.19s Sys=0.00s Real=0.05s
[201.772s][info][gc,start       ] GC(376) Pause Full (Ergonomics)
[201.772s][info][gc,phases,start] GC(376) Marking Phase
[201.808s][info][gc,phases      ] GC(376) Marking Phase 35.322ms
[201.952s][info][gc,phases,start] GC(376) Summary Phase
[201.952s][info][gc,phases      ] GC(376) Summary Phase 0.111ms
[201.952s][info][gc,phases,start] GC(376) Adjust Roots
[201.959s][info][gc,phases      ] GC(376) Adjust Roots 6.747ms
[201.959s][info][gc,phases,start] GC(376) Compaction Phase
[201.977s][info][gc,phases      ] GC(376) Compaction Phase 18.048ms
[201.977s][info][gc,phases,start] GC(376) Post Compact
[201.980s][info][gc,phases      ] GC(376) Post Compact 2.971ms
[201.980s][info][gc,heap        ] GC(376) PSYoungGen: 58880K(116736K)->54784K(116736K) Eden: 58880K(58880K)->54784K(58880K) From: 0K(57856K)->0K(57856K)
[201.980s][info][gc,heap        ] GC(376) ParOldGen: 346201K(349696K)->346201K(349696K)
[201.980s][info][gc,metaspace   ] GC(376) Metaspace: 119728K(124864K)->119728K(124864K) NonClass: 101614K(104256K)->101614K(104256K) Class: 18113K(20608K)->18113K(20608K)
[201.980s][info][gc             ] GC(376) Pause Full (Ergonomics) 395M->391M(455M) 207.831ms
[201.980s][info][gc,cpu         ] GC(376) User=0.39s Sys=0.00s Real=0.20s
[201.982s][info][gc,start       ] GC(377) Pause Full (Ergonomics)
[201.982s][info][gc,phases,start] GC(377) Marking Phase
[202.024s][info][gc,phases      ] GC(377) Marking Phase 41.624ms
[202.024s][info][gc,phases,start] GC(377) Summary Phase
[202.024s][info][gc,phases      ] GC(377) Summary Phase 0.020ms
[202.024s][info][gc,phases,start] GC(377) Adjust Roots
[202.027s][info][gc,phases      ] GC(377) Adjust Roots 3.010ms
[202.027s][info][gc,phases,start] GC(377) Compaction Phase
[202.042s][info][gc,phases      ] GC(377) Compaction Phase 15.276ms
[202.042s][info][gc,phases,start] GC(377) Post Compact
[202.045s][info][gc,phases      ] GC(377) Post Compact 2.213ms
[202.045s][info][gc,heap        ] GC(377) PSYoungGen: 58879K(116736K)->54782K(116736K) Eden: 58879K(58880K)->54782K(58880K) From: 0K(57856K)->0K(57856K)
[202.045s][info][gc,heap        ] GC(377) ParOldGen: 346201K(349696K)->346201K(349696K)
[202.045s][info][gc,metaspace   ] GC(377) Metaspace: 119728K(124864K)->119728K(124864K) NonClass: 101614K(104256K)->101614K(104256K) Class: 18113K(20608K)->18113K(20608K)
[202.045s][info][gc             ] GC(377) Pause Full (Ergonomics) 395M->391M(455M) 62.497ms
[202.045s][info][gc,cpu         ] GC(377) User=0.48s Sys=0.00s Real=0.06s
[202.046s][info][gc,start       ] GC(378) Pause Full (Ergonomics)
[202.046s][info][gc,phases,start] GC(378) Marking Phase
[202.083s][info][gc,phases      ] GC(378) Marking Phase 36.857ms
[202.083s][info][gc,phases,start] GC(378) Summary Phase
[202.083s][info][gc,phases      ] GC(378) Summary Phase 0.019ms
[202.083s][info][gc,phases,start] GC(378) Adjust Roots
[202.086s][info][gc,phases      ] GC(378) Adjust Roots 2.740ms
[202.086s][info][gc,phases,start] GC(378) Compaction Phase
[202.101s][info][gc,phases      ] GC(378) Compaction Phase 14.537ms
[202.101s][info][gc,phases,start] GC(378) Post Compact
[202.103s][info][gc,phases      ] GC(378) Post Compact 2.540ms
[202.103s][info][gc,heap        ] GC(378) PSYoungGen: 58880K(116736K)->54815K(116736K) Eden: 58880K(58880K)->54815K(58880K) From: 0K(57856K)->0K(57856K)
[202.103s][info][gc,heap        ] GC(378) ParOldGen: 346201K(349696K)->346201K(349696K)
[202.103s][info][gc,metaspace   ] GC(378) Metaspace: 119729K(124864K)->119729K(124864K) NonClass: 101615K(104256K)->101615K(104256K) Class: 18113K(20608K)->18113K(20608K)
[202.103s][info][gc             ] GC(378) Pause Full (Ergonomics) 395M->391M(455M) 57.095ms
[202.103s][info][gc,cpu         ] GC(378) User=0.38s Sys=0.00s Real=0.05s
[202.105s][info][gc,start       ] GC(379) Pause Full (Ergonomics)
[202.105s][info][gc,phases,start] GC(379) Marking Phase
[202.139s][info][gc,phases      ] GC(379) Marking Phase 33.693ms
[202.139s][info][gc,phases,start] GC(379) Summary Phase
[202.139s][info][gc,phases      ] GC(379) Summary Phase 0.020ms
[202.139s][info][gc,phases,start] GC(379) Adjust Roots
[202.142s][info][gc,phases      ] GC(379) Adjust Roots 2.723ms
[202.142s][info][gc,phases,start] GC(379) Compaction Phase
[202.158s][info][gc,phases      ] GC(379) Compaction Phase 16.450ms
[202.158s][info][gc,phases,start] GC(379) Post Compact
[202.160s][info][gc,phases      ] GC(379) Post Compact 2.236ms
[202.161s][info][gc,heap        ] GC(379) PSYoungGen: 58880K(116736K)->54780K(116736K) Eden: 58880K(58880K)->54780K(58880K) From: 0K(57856K)->0K(57856K)
[202.161s][info][gc,heap        ] GC(379) ParOldGen: 346201K(349696K)->346201K(349696K)
[202.161s][info][gc,metaspace   ] GC(379) Metaspace: 119729K(124864K)->119729K(124864K) NonClass: 101615K(104256K)->101615K(104256K) Class: 18113K(20608K)->18113K(20608K)
[202.161s][info][gc             ] GC(379) Pause Full (Ergonomics) 395M->391M(455M) 55.451ms
[202.161s][info][gc,cpu         ] GC(379) User=0.23s Sys=0.00s Real=0.05s
[202.162s][info][gc,start       ] GC(380) Pause Full (Ergonomics)
[202.162s][info][gc,phases,start] GC(380) Marking Phase
[202.199s][info][gc,phases      ] GC(380) Marking Phase 37.058ms
[202.200s][info][gc,phases,start] GC(380) Summary Phase
[202.200s][info][gc,phases      ] GC(380) Summary Phase 0.020ms
[202.200s][info][gc,phases,start] GC(380) Adjust Roots
[202.202s][info][gc,phases      ] GC(380) Adjust Roots 2.774ms
[202.202s][info][gc,phases,start] GC(380) Compaction Phase
[202.210s][info][gc,phases      ] GC(380) Compaction Phase 7.237ms
[202.210s][info][gc,phases,start] GC(380) Post Compact
[202.212s][info][gc,phases      ] GC(380) Post Compact 2.043ms
[202.212s][info][gc,heap        ] GC(380) PSYoungGen: 58879K(116736K)->54794K(116736K) Eden: 58879K(58880K)->54794K(58880K) From: 0K(57856K)->0K(57856K)
[202.212s][info][gc,heap        ] GC(380) ParOldGen: 346201K(349696K)->346201K(349696K)
[202.212s][info][gc,metaspace   ] GC(380) Metaspace: 119729K(124864K)->119729K(124864K) NonClass: 101616K(104256K)->101616K(104256K) Class: 18113K(20608K)->18113K(20608K)
[202.212s][info][gc             ] GC(380) Pause Full (Ergonomics) 395M->391M(455M) 49.422ms
[202.212s][info][gc,cpu         ] GC(380) User=0.39s Sys=0.00s Real=0.05s
[202.213s][info][gc,start       ] GC(381) Pause Full (Ergonomics)
[202.213s][info][gc,phases,start] GC(381) Marking Phase
[202.244s][info][gc,phases      ] GC(381) Marking Phase 30.549ms
[202.244s][info][gc,phases,start] GC(381) Summary Phase
[202.244s][info][gc,phases      ] GC(381) Summary Phase 0.019ms
[202.244s][info][gc,phases,start] GC(381) Adjust Roots
[202.247s][info][gc,phases      ] GC(381) Adjust Roots 2.785ms
[202.247s][info][gc,phases,start] GC(381) Compaction Phase
[202.262s][info][gc,phases      ] GC(381) Compaction Phase 15.511ms
[202.262s][info][gc,phases,start] GC(381) Post Compact
[202.265s][info][gc,phases      ] GC(381) Post Compact 2.351ms
[202.265s][info][gc,heap        ] GC(381) PSYoungGen: 58879K(116736K)->54784K(116736K) Eden: 58879K(58880K)->54784K(58880K) From: 0K(57856K)->0K(57856K)
[202.265s][info][gc,heap        ] GC(381) ParOldGen: 346201K(349696K)->346201K(349696K)
[202.265s][info][gc,metaspace   ] GC(381) Metaspace: 119729K(124864K)->119729K(124864K) NonClass: 101616K(104256K)->101616K(104256K) Class: 18113K(20608K)->18113K(20608K)
[202.265s][info][gc             ] GC(381) Pause Full (Ergonomics) 395M->391M(455M) 51.559ms
[202.265s][info][gc,cpu         ] GC(381) User=0.20s Sys=0.00s Real=0.05s
[202.267s][info][gc,start       ] GC(382) Pause Full (Ergonomics)
[202.267s][info][gc,phases,start] GC(382) Marking Phase
[202.301s][info][gc,phases      ] GC(382) Marking Phase 34.043ms
[202.301s][info][gc,phases,start] GC(382) Summary Phase
[202.301s][info][gc,phases      ] GC(382) Summary Phase 0.020ms
[202.301s][info][gc,phases,start] GC(382) Adjust Roots
[202.304s][info][gc,phases      ] GC(382) Adjust Roots 2.804ms
[202.304s][info][gc,phases,start] GC(382) Compaction Phase
[202.323s][info][gc,phases      ] GC(382) Compaction Phase 19.323ms
[202.323s][info][gc,phases,start] GC(382) Post Compact
[202.325s][info][gc,phases      ] GC(382) Post Compact 2.316ms
[202.325s][info][gc,heap        ] GC(382) PSYoungGen: 58879K(116736K)->54789K(116736K) Eden: 58879K(58880K)->54789K(58880K) From: 0K(57856K)->0K(57856K)
[202.326s][info][gc,heap        ] GC(382) ParOldGen: 346201K(349696K)->346200K(349696K)
[202.326s][info][gc,metaspace   ] GC(382) Metaspace: 119731K(124864K)->119731K(124864K) NonClass: 101617K(104256K)->101617K(104256K) Class: 18113K(20608K)->18113K(20608K)
[202.326s][info][gc             ] GC(382) Pause Full (Ergonomics) 395M->391M(455M) 58.878ms
[202.326s][info][gc,cpu         ] GC(382) User=0.58s Sys=0.00s Real=0.06s
[202.327s][info][gc,start       ] GC(383) Pause Full (Ergonomics)
[202.327s][info][gc,phases,start] GC(383) Marking Phase
[202.357s][info][gc,phases      ] GC(383) Marking Phase 30.284ms
[202.357s][info][gc,phases,start] GC(383) Summary Phase
[202.357s][info][gc,phases      ] GC(383) Summary Phase 0.045ms
[202.357s][info][gc,phases,start] GC(383) Adjust Roots
[202.361s][info][gc,phases      ] GC(383) Adjust Roots 3.264ms
[202.361s][info][gc,phases,start] GC(383) Compaction Phase
[202.369s][info][gc,phases      ] GC(383) Compaction Phase 8.666ms
[202.369s][info][gc,phases,start] GC(383) Post Compact
[202.372s][info][gc,phases      ] GC(383) Post Compact 2.542ms
[202.372s][info][gc,heap        ] GC(383) PSYoungGen: 58879K(116736K)->54820K(116736K) Eden: 58879K(58880K)->54820K(58880K) From: 0K(57856K)->0K(57856K)
[202.372s][info][gc,heap        ] GC(383) ParOldGen: 346200K(349696K)->346200K(349696K)
[202.372s][info][gc,metaspace   ] GC(383) Metaspace: 119734K(124864K)->119734K(124864K) NonClass: 101620K(104256K)->101620K(104256K) Class: 18113K(20608K)->18113K(20608K)
[202.372s][info][gc             ] GC(383) Pause Full (Ergonomics) 395M->391M(455M) 45.206ms
[202.372s][info][gc,cpu         ] GC(383) User=0.27s Sys=0.00s Real=0.05s
[202.374s][info][gc,start       ] GC(384) Pause Full (Ergonomics)
[202.374s][info][gc,phases,start] GC(384) Marking Phase
[202.410s][info][gc,phases      ] GC(384) Marking Phase 36.105ms
[202.410s][info][gc,phases,start] GC(384) Summary Phase
[202.410s][info][gc,phases      ] GC(384) Summary Phase 0.019ms
[202.410s][info][gc,phases,start] GC(384) Adjust Roots
[202.413s][info][gc,phases      ] GC(384) Adjust Roots 2.783ms
[202.413s][info][gc,phases,start] GC(384) Compaction Phase
[202.430s][info][gc,phases      ] GC(384) Compaction Phase 16.474ms
[202.430s][info][gc,phases,start] GC(384) Post Compact
[202.432s][info][gc,phases      ] GC(384) Post Compact 2.223ms
[202.432s][info][gc,heap        ] GC(384) PSYoungGen: 58879K(116736K)->54829K(116736K) Eden: 58879K(58880K)->54829K(58880K) From: 0K(57856K)->0K(57856K)
[202.432s][info][gc,heap        ] GC(384) ParOldGen: 346200K(349696K)->346200K(349696K)
[202.432s][info][gc,metaspace   ] GC(384) Metaspace: 119736K(124864K)->119736K(124864K) NonClass: 101623K(104256K)->101623K(104256K) Class: 18113K(20608K)->18113K(20608K)
[202.432s][info][gc             ] GC(384) Pause Full (Ergonomics) 395M->391M(455M) 57.949ms
[202.432s][info][gc,cpu         ] GC(384) User=0.41s Sys=0.00s Real=0.05s
[202.434s][info][gc,start       ] GC(385) Pause Full (Ergonomics)
[202.434s][info][gc,phases,start] GC(385) Marking Phase
[202.467s][info][gc,phases      ] GC(385) Marking Phase 33.371ms
[202.467s][info][gc,phases,start] GC(385) Summary Phase
[202.467s][info][gc,phases      ] GC(385) Summary Phase 0.020ms
[202.467s][info][gc,phases,start] GC(385) Adjust Roots
[202.470s][info][gc,phases      ] GC(385) Adjust Roots 3.050ms
[202.470s][info][gc,phases,start] GC(385) Compaction Phase
[202.490s][info][gc,phases      ] GC(385) Compaction Phase 19.314ms
[202.490s][info][gc,phases,start] GC(385) Post Compact
[202.492s][info][gc,phases      ] GC(385) Post Compact 2.443ms
[202.492s][info][gc,heap        ] GC(385) PSYoungGen: 58879K(116736K)->54837K(116736K) Eden: 58879K(58880K)->54837K(58880K) From: 0K(57856K)->0K(57856K)
[202.492s][info][gc,heap        ] GC(385) ParOldGen: 346200K(349696K)->346200K(349696K)
[202.492s][info][gc,metaspace   ] GC(385) Metaspace: 119738K(124864K)->119738K(124864K) NonClass: 101625K(104256K)->101625K(104256K) Class: 18113K(20608K)->18113K(20608K)
[202.492s][info][gc             ] GC(385) Pause Full (Ergonomics) 395M->391M(455M) 58.562ms
[202.492s][info][gc,cpu         ] GC(385) User=0.52s Sys=0.00s Real=0.06s
[202.494s][info][gc,start       ] GC(386) Pause Full (Ergonomics)
[202.494s][info][gc,phases,start] GC(386) Marking Phase
[202.520s][info][gc,phases      ] GC(386) Marking Phase 26.495ms
[202.520s][info][gc,phases,start] GC(386) Summary Phase
[202.520s][info][gc,phases      ] GC(386) Summary Phase 0.020ms
[202.520s][info][gc,phases,start] GC(386) Adjust Roots
[202.523s][info][gc,phases      ] GC(386) Adjust Roots 2.797ms
[202.523s][info][gc,phases,start] GC(386) Compaction Phase
[202.540s][info][gc,phases      ] GC(386) Compaction Phase 16.397ms
[202.540s][info][gc,phases,start] GC(386) Post Compact
[202.542s][info][gc,phases      ] GC(386) Post Compact 2.563ms
[202.542s][info][gc,heap        ] GC(386) PSYoungGen: 58879K(116736K)->54833K(116736K) Eden: 58879K(58880K)->54833K(58880K) From: 0K(57856K)->0K(57856K)
[202.542s][info][gc,heap        ] GC(386) ParOldGen: 346200K(349696K)->346200K(349696K)
[202.542s][info][gc,metaspace   ] GC(386) Metaspace: 119738K(124864K)->119738K(124864K) NonClass: 101625K(104256K)->101625K(104256K) Class: 18113K(20608K)->18113K(20608K)
[202.542s][info][gc             ] GC(386) Pause Full (Ergonomics) 395M->391M(455M) 48.692ms
[202.542s][info][gc,cpu         ] GC(386) User=0.42s Sys=0.02s Real=0.05s
[202.544s][info][gc,start       ] GC(387) Pause Full (Ergonomics)
[202.544s][info][gc,phases,start] GC(387) Marking Phase
[202.576s][info][gc,phases      ] GC(387) Marking Phase 31.181ms
[202.576s][info][gc,phases,start] GC(387) Summary Phase
[202.576s][info][gc,phases      ] GC(387) Summary Phase 0.021ms
[202.576s][info][gc,phases,start] GC(387) Adjust Roots
[202.578s][info][gc,phases      ] GC(387) Adjust Roots 2.825ms
[202.578s][info][gc,phases,start] GC(387) Compaction Phase
[202.594s][info][gc,phases      ] GC(387) Compaction Phase 15.665ms
[202.594s][info][gc,phases,start] GC(387) Post Compact
[202.596s][info][gc,phases      ] GC(387) Post Compact 2.195ms
[202.596s][info][gc,heap        ] GC(387) PSYoungGen: 58879K(116736K)->54836K(116736K) Eden: 58879K(58880K)->54836K(58880K) From: 0K(57856K)->0K(57856K)
[202.596s][info][gc,heap        ] GC(387) ParOldGen: 346200K(349696K)->346200K(349696K)
[202.596s][info][gc,metaspace   ] GC(387) Metaspace: 119738K(124864K)->119738K(124864K) NonClass: 101625K(104256K)->101625K(104256K) Class: 18113K(20608K)->18113K(20608K)
[202.596s][info][gc             ] GC(387) Pause Full (Ergonomics) 395M->391M(455M) 52.183ms
[202.597s][info][gc,cpu         ] GC(387) User=0.47s Sys=0.00s Real=0.04s
[202.598s][info][gc,start       ] GC(388) Pause Full (Ergonomics)
[202.598s][info][gc,phases,start] GC(388) Marking Phase
[202.632s][info][gc,phases      ] GC(388) Marking Phase 33.669ms
[202.632s][info][gc,phases,start] GC(388) Summary Phase
[202.632s][info][gc,phases      ] GC(388) Summary Phase 0.018ms
[202.632s][info][gc,phases,start] GC(388) Adjust Roots
[202.635s][info][gc,phases      ] GC(388) Adjust Roots 2.766ms
[202.635s][info][gc,phases,start] GC(388) Compaction Phase
[202.642s][info][gc,phases      ] GC(388) Compaction Phase 7.184ms
[202.642s][info][gc,phases,start] GC(388) Post Compact
[202.644s][info][gc,phases      ] GC(388) Post Compact 2.027ms
[202.644s][info][gc,heap        ] GC(388) PSYoungGen: 58880K(116736K)->54823K(116736K) Eden: 58880K(58880K)->54823K(58880K) From: 0K(57856K)->0K(57856K)
[202.644s][info][gc,heap        ] GC(388) ParOldGen: 346200K(349696K)->346200K(349696K)
[202.644s][info][gc,metaspace   ] GC(388) Metaspace: 119743K(124864K)->119743K(124864K) NonClass: 101629K(104256K)->101629K(104256K) Class: 18113K(20608K)->18113K(20608K)
[202.644s][info][gc             ] GC(388) Pause Full (Ergonomics) 395M->391M(455M) 45.919ms
[202.644s][info][gc,cpu         ] GC(388) User=0.17s Sys=0.00s Real=0.03s
[202.646s][info][gc,start       ] GC(389) Pause Full (Ergonomics)
[202.646s][info][gc,phases,start] GC(389) Marking Phase
[202.677s][info][gc,phases      ] GC(389) Marking Phase 30.390ms
[202.677s][info][gc,phases,start] GC(389) Summary Phase
[202.677s][info][gc,phases      ] GC(389) Summary Phase 0.019ms
[202.677s][info][gc,phases,start] GC(389) Adjust Roots
[202.680s][info][gc,phases      ] GC(389) Adjust Roots 2.719ms
[202.680s][info][gc,phases,start] GC(389) Compaction Phase
[202.688s][info][gc,phases      ] GC(389) Compaction Phase 8.613ms
[202.688s][info][gc,phases,start] GC(389) Post Compact
[202.690s][info][gc,phases      ] GC(389) Post Compact 2.036ms
[202.690s][info][gc,heap        ] GC(389) PSYoungGen: 58880K(116736K)->54868K(116736K) Eden: 58880K(58880K)->54868K(58880K) From: 0K(57856K)->0K(57856K)
[202.690s][info][gc,heap        ] GC(389) ParOldGen: 346200K(349696K)->346200K(349696K)
[202.690s][info][gc,metaspace   ] GC(389) Metaspace: 119743K(124864K)->119743K(124864K) NonClass: 101629K(104256K)->101629K(104256K) Class: 18113K(20608K)->18113K(20608K)
[202.690s][info][gc             ] GC(389) Pause Full (Ergonomics) 395M->391M(455M) 44.062ms
[202.690s][info][gc,cpu         ] GC(389) User=0.23s Sys=0.00s Real=0.03s
[202.692s][info][gc,start       ] GC(390) Pause Full (Ergonomics)
[202.692s][info][gc,phases,start] GC(390) Marking Phase
[202.722s][info][gc,phases      ] GC(390) Marking Phase 29.985ms
[202.722s][info][gc,phases,start] GC(390) Summary Phase
[202.722s][info][gc,phases      ] GC(390) Summary Phase 0.019ms
[202.722s][info][gc,phases,start] GC(390) Adjust Roots
[202.727s][info][gc,phases      ] GC(390) Adjust Roots 4.412ms
[202.727s][info][gc,phases,start] GC(390) Compaction Phase
[202.735s][info][gc,phases      ] GC(390) Compaction Phase 8.277ms
[202.735s][info][gc,phases,start] GC(390) Post Compact
[202.737s][info][gc,phases      ] GC(390) Post Compact 2.029ms
[202.737s][info][gc,heap        ] GC(390) PSYoungGen: 58880K(116736K)->54859K(116736K) Eden: 58880K(58880K)->54859K(58880K) From: 0K(57856K)->0K(57856K)
[202.737s][info][gc,heap        ] GC(390) ParOldGen: 346200K(349696K)->346200K(349696K)
[202.737s][info][gc,metaspace   ] GC(390) Metaspace: 119745K(124864K)->119745K(124864K) NonClass: 101632K(104256K)->101632K(104256K) Class: 18113K(20608K)->18113K(20608K)
[202.737s][info][gc             ] GC(390) Pause Full (Ergonomics) 395M->391M(455M) 44.953ms
[202.737s][info][gc,cpu         ] GC(390) User=0.17s Sys=0.00s Real=0.03s
[202.739s][info][gc,start       ] GC(391) Pause Full (Ergonomics)
[202.739s][info][gc,phases,start] GC(391) Marking Phase
[202.775s][info][gc,phases      ] GC(391) Marking Phase 35.906ms
[202.775s][info][gc,phases,start] GC(391) Summary Phase
[202.775s][info][gc,phases      ] GC(391) Summary Phase 0.019ms
[202.775s][info][gc,phases,start] GC(391) Adjust Roots
[202.778s][info][gc,phases      ] GC(391) Adjust Roots 2.755ms
[202.778s][info][gc,phases,start] GC(391) Compaction Phase
[202.786s][info][gc,phases      ] GC(391) Compaction Phase 8.218ms
[202.786s][info][gc,phases,start] GC(391) Post Compact
[202.789s][info][gc,phases      ] GC(391) Post Compact 2.516ms
[202.789s][info][gc,heap        ] GC(391) PSYoungGen: 58879K(116736K)->54839K(116736K) Eden: 58879K(58880K)->54839K(58880K) From: 0K(57856K)->0K(57856K)
[202.789s][info][gc,heap        ] GC(391) ParOldGen: 346200K(349696K)->346200K(349696K)
[202.789s][info][gc,metaspace   ] GC(391) Metaspace: 119745K(124864K)->119745K(124864K) NonClass: 101632K(104256K)->101632K(104256K) Class: 18113K(20608K)->18113K(20608K)
[202.789s][info][gc             ] GC(391) Pause Full (Ergonomics) 395M->391M(455M) 49.827ms
[202.789s][info][gc,cpu         ] GC(391) User=0.41s Sys=0.00s Real=0.05s
[202.791s][info][gc,start       ] GC(392) Pause Full (Ergonomics)
[202.791s][info][gc,phases,start] GC(392) Marking Phase
[202.820s][info][gc,phases      ] GC(392) Marking Phase 29.160ms
[202.820s][info][gc,phases,start] GC(392) Summary Phase
[202.820s][info][gc,phases      ] GC(392) Summary Phase 0.018ms
[202.820s][info][gc,phases,start] GC(392) Adjust Roots
[202.823s][info][gc,phases      ] GC(392) Adjust Roots 2.830ms
[202.823s][info][gc,phases,start] GC(392) Compaction Phase
[202.830s][info][gc,phases      ] GC(392) Compaction Phase 6.860ms
[202.830s][info][gc,phases,start] GC(392) Post Compact
[202.833s][info][gc,phases      ] GC(392) Post Compact 2.550ms
[202.833s][info][gc,heap        ] GC(392) PSYoungGen: 58879K(116736K)->54888K(116736K) Eden: 58879K(58880K)->54888K(58880K) From: 0K(57856K)->0K(57856K)
[202.833s][info][gc,heap        ] GC(392) ParOldGen: 346200K(349696K)->346200K(349696K)
[202.833s][info][gc,metaspace   ] GC(392) Metaspace: 119745K(124864K)->119745K(124864K) NonClass: 101632K(104256K)->101632K(104256K) Class: 18113K(20608K)->18113K(20608K)
[202.833s][info][gc             ] GC(392) Pause Full (Ergonomics) 395M->391M(455M) 41.819ms
[202.833s][info][gc,cpu         ] GC(392) User=0.31s Sys=0.00s Real=0.03s
[202.835s][info][gc,start       ] GC(393) Pause Full (Ergonomics)
[202.835s][info][gc,phases,start] GC(393) Marking Phase
[202.865s][info][gc,phases      ] GC(393) Marking Phase 30.233ms
[202.865s][info][gc,phases,start] GC(393) Summary Phase
[202.865s][info][gc,phases      ] GC(393) Summary Phase 0.019ms
[202.865s][info][gc,phases,start] GC(393) Adjust Roots
[202.868s][info][gc,phases      ] GC(393) Adjust Roots 2.799ms
[202.868s][info][gc,phases,start] GC(393) Compaction Phase
[202.877s][info][gc,phases      ] GC(393) Compaction Phase 9.284ms
[202.877s][info][gc,phases,start] GC(393) Post Compact
[202.879s][info][gc,phases      ] GC(393) Post Compact 2.038ms
[202.879s][info][gc,heap        ] GC(393) PSYoungGen: 58880K(116736K)->54831K(116736K) Eden: 58880K(58880K)->54831K(58880K) From: 0K(57856K)->0K(57856K)
[202.879s][info][gc,heap        ] GC(393) ParOldGen: 346200K(349696K)->346200K(349696K)
[202.879s][info][gc,metaspace   ] GC(393) Metaspace: 119745K(124864K)->119745K(124864K) NonClass: 101632K(104256K)->101632K(104256K) Class: 18113K(20608K)->18113K(20608K)
[202.879s][info][gc             ] GC(393) Pause Full (Ergonomics) 395M->391M(455M) 44.638ms
[202.879s][info][gc,cpu         ] GC(393) User=0.17s Sys=0.00s Real=0.03s
[202.881s][info][gc,start       ] GC(394) Pause Full (Ergonomics)
[202.881s][info][gc,phases,start] GC(394) Marking Phase
[202.911s][info][gc,phases      ] GC(394) Marking Phase 29.802ms
[202.911s][info][gc,phases,start] GC(394) Summary Phase
[202.911s][info][gc,phases      ] GC(394) Summary Phase 0.024ms
[202.911s][info][gc,phases,start] GC(394) Adjust Roots
[202.915s][info][gc,phases      ] GC(394) Adjust Roots 3.318ms
[202.915s][info][gc,phases,start] GC(394) Compaction Phase
[202.932s][info][gc,phases      ] GC(394) Compaction Phase 17.054ms
[202.932s][info][gc,phases,start] GC(394) Post Compact
[202.934s][info][gc,phases      ] GC(394) Post Compact 2.540ms
[202.934s][info][gc,heap        ] GC(394) PSYoungGen: 58879K(116736K)->54846K(116736K) Eden: 58879K(58880K)->54846K(58880K) From: 0K(57856K)->0K(57856K)
[202.934s][info][gc,heap        ] GC(394) ParOldGen: 346200K(349696K)->346200K(349696K)
[202.934s][info][gc,metaspace   ] GC(394) Metaspace: 119745K(124864K)->119745K(124864K) NonClass: 101632K(104256K)->101632K(104256K) Class: 18113K(20608K)->18113K(20608K)
[202.934s][info][gc             ] GC(394) Pause Full (Ergonomics) 395M->391M(455M) 53.123ms
[202.935s][info][gc,cpu         ] GC(394) User=0.22s Sys=0.00s Real=0.05s
[202.936s][info][gc,start       ] GC(395) Pause Full (Ergonomics)
[202.936s][info][gc,phases,start] GC(395) Marking Phase
[202.971s][info][gc,phases      ] GC(395) Marking Phase 34.391ms
[202.971s][info][gc,phases,start] GC(395) Summary Phase
[202.971s][info][gc,phases      ] GC(395) Summary Phase 0.020ms
[202.971s][info][gc,phases,start] GC(395) Adjust Roots
[202.974s][info][gc,phases      ] GC(395) Adjust Roots 3.044ms
[202.974s][info][gc,phases,start] GC(395) Compaction Phase
[202.988s][info][gc,phases      ] GC(395) Compaction Phase 14.094ms
[202.988s][info][gc,phases,start] GC(395) Post Compact
[202.990s][info][gc,phases      ] GC(395) Post Compact 2.046ms
[202.990s][info][gc,heap        ] GC(395) PSYoungGen: 58879K(116736K)->54819K(116736K) Eden: 58879K(58880K)->54819K(58880K) From: 0K(57856K)->0K(57856K)
[202.990s][info][gc,heap        ] GC(395) ParOldGen: 346200K(349696K)->346200K(349696K)
[202.990s][info][gc,metaspace   ] GC(395) Metaspace: 119745K(124864K)->119745K(124864K) NonClass: 101632K(104256K)->101632K(104256K) Class: 18113K(20608K)->18113K(20608K)
[202.990s][info][gc             ] GC(395) Pause Full (Ergonomics) 395M->391M(455M) 53.830ms
[202.990s][info][gc,cpu         ] GC(395) User=0.34s Sys=0.00s Real=0.06s
[202.992s][info][gc,start       ] GC(396) Pause Full (Ergonomics)
[202.992s][info][gc,phases,start] GC(396) Marking Phase
[203.023s][info][gc,phases      ] GC(396) Marking Phase 31.675ms
[203.024s][info][gc,phases,start] GC(396) Summary Phase
[203.024s][info][gc,phases      ] GC(396) Summary Phase 0.019ms
[203.024s][info][gc,phases,start] GC(396) Adjust Roots
[203.026s][info][gc,phases      ] GC(396) Adjust Roots 2.762ms
[203.026s][info][gc,phases,start] GC(396) Compaction Phase
[203.034s][info][gc,phases      ] GC(396) Compaction Phase 7.411ms
[203.034s][info][gc,phases,start] GC(396) Post Compact
[203.036s][info][gc,phases      ] GC(396) Post Compact 2.029ms
[203.036s][info][gc,heap        ] GC(396) PSYoungGen: 58879K(116736K)->54823K(116736K) Eden: 58879K(58880K)->54823K(58880K) From: 0K(57856K)->0K(57856K)
[203.036s][info][gc,heap        ] GC(396) ParOldGen: 346200K(349696K)->346200K(349696K)
[203.036s][info][gc,metaspace   ] GC(396) Metaspace: 119745K(124864K)->119745K(124864K) NonClass: 101632K(104256K)->101632K(104256K) Class: 18113K(20608K)->18113K(20608K)
[203.036s][info][gc             ] GC(396) Pause Full (Ergonomics) 395M->391M(455M) 44.159ms
[203.036s][info][gc,cpu         ] GC(396) User=0.19s Sys=0.00s Real=0.05s
[203.038s][info][gc,start       ] GC(397) Pause Full (Ergonomics)
[203.038s][info][gc,phases,start] GC(397) Marking Phase
[203.078s][info][gc,phases      ] GC(397) Marking Phase 40.078ms
[203.078s][info][gc,phases,start] GC(397) Summary Phase
[203.078s][info][gc,phases      ] GC(397) Summary Phase 0.019ms
[203.078s][info][gc,phases,start] GC(397) Adjust Roots
[203.081s][info][gc,phases      ] GC(397) Adjust Roots 3.151ms
[203.081s][info][gc,phases,start] GC(397) Compaction Phase
[203.097s][info][gc,phases      ] GC(397) Compaction Phase 15.638ms
[203.097s][info][gc,phases,start] GC(397) Post Compact
[203.099s][info][gc,phases      ] GC(397) Post Compact 2.198ms
[203.099s][info][gc,heap        ] GC(397) PSYoungGen: 58879K(116736K)->54836K(116736K) Eden: 58879K(58880K)->54836K(58880K) From: 0K(57856K)->0K(57856K)
[203.099s][info][gc,heap        ] GC(397) ParOldGen: 346200K(349696K)->346200K(349696K)
[203.099s][info][gc,metaspace   ] GC(397) Metaspace: 119746K(124864K)->119746K(124864K) NonClass: 101633K(104256K)->101633K(104256K) Class: 18113K(20608K)->18113K(20608K)
[203.099s][info][gc             ] GC(397) Pause Full (Ergonomics) 395M->391M(455M) 61.385ms
[203.099s][info][gc,cpu         ] GC(397) User=0.48s Sys=0.00s Real=0.06s
[203.101s][info][gc,start       ] GC(398) Pause Full (Ergonomics)
[203.101s][info][gc,phases,start] GC(398) Marking Phase
[203.135s][info][gc,phases      ] GC(398) Marking Phase 33.592ms
[203.135s][info][gc,phases,start] GC(398) Summary Phase
[203.135s][info][gc,phases      ] GC(398) Summary Phase 0.019ms
[203.135s][info][gc,phases,start] GC(398) Adjust Roots
[203.137s][info][gc,phases      ] GC(398) Adjust Roots 2.872ms
[203.137s][info][gc,phases,start] GC(398) Compaction Phase
[203.154s][info][gc,phases      ] GC(398) Compaction Phase 16.648ms
[203.154s][info][gc,phases,start] GC(398) Post Compact
[203.156s][info][gc,phases      ] GC(398) Post Compact 2.181ms
[203.156s][info][gc,heap        ] GC(398) PSYoungGen: 58880K(116736K)->54823K(116736K) Eden: 58880K(58880K)->54823K(58880K) From: 0K(57856K)->0K(57856K)
[203.156s][info][gc,heap        ] GC(398) ParOldGen: 346200K(349696K)->346200K(349696K)
[203.156s][info][gc,metaspace   ] GC(398) Metaspace: 119746K(124864K)->119746K(124864K) NonClass: 101633K(104256K)->101633K(104256K) Class: 18113K(20608K)->18113K(20608K)
[203.156s][info][gc             ] GC(398) Pause Full (Ergonomics) 395M->391M(455M) 55.601ms
[203.157s][info][gc,cpu         ] GC(398) User=0.33s Sys=0.00s Real=0.05s
[203.158s][info][gc,start       ] GC(399) Pause Full (Ergonomics)
[203.158s][info][gc,phases,start] GC(399) Marking Phase
[203.192s][info][gc,phases      ] GC(399) Marking Phase 33.302ms
[203.192s][info][gc,phases,start] GC(399) Summary Phase
[203.192s][info][gc,phases      ] GC(399) Summary Phase 0.018ms
[203.192s][info][gc,phases,start] GC(399) Adjust Roots
[203.195s][info][gc,phases      ] GC(399) Adjust Roots 3.107ms
[203.195s][info][gc,phases,start] GC(399) Compaction Phase
[203.202s][info][gc,phases      ] GC(399) Compaction Phase 7.188ms
[203.202s][info][gc,phases,start] GC(399) Post Compact
[203.205s][info][gc,phases      ] GC(399) Post Compact 2.388ms
[203.205s][info][gc,heap        ] GC(399) PSYoungGen: 58880K(116736K)->54813K(116736K) Eden: 58880K(58880K)->54813K(58880K) From: 0K(57856K)->0K(57856K)
[203.205s][info][gc,heap        ] GC(399) ParOldGen: 346200K(349696K)->346200K(349696K)
[203.205s][info][gc,metaspace   ] GC(399) Metaspace: 119747K(124864K)->119747K(124864K) NonClass: 101634K(104256K)->101634K(104256K) Class: 18113K(20608K)->18113K(20608K)
[203.205s][info][gc             ] GC(399) Pause Full (Ergonomics) 395M->391M(455M) 46.375ms
[203.205s][info][gc,cpu         ] GC(399) User=0.19s Sys=0.00s Real=0.05s
[203.207s][info][gc,start       ] GC(400) Pause Full (Ergonomics)
[203.207s][info][gc,phases,start] GC(400) Marking Phase
[203.251s][info][gc,phases      ] GC(400) Marking Phase 43.756ms
[203.251s][info][gc,phases,start] GC(400) Summary Phase
[203.251s][info][gc,phases      ] GC(400) Summary Phase 0.045ms
[203.251s][info][gc,phases,start] GC(400) Adjust Roots
[203.254s][info][gc,phases      ] GC(400) Adjust Roots 3.111ms
[203.254s][info][gc,phases,start] GC(400) Compaction Phase
[203.263s][info][gc,phases      ] GC(400) Compaction Phase 8.688ms
[203.263s][info][gc,phases,start] GC(400) Post Compact
[203.265s][info][gc,phases      ] GC(400) Post Compact 2.541ms
[203.265s][info][gc,heap        ] GC(400) PSYoungGen: 58880K(116736K)->54845K(116736K) Eden: 58880K(58880K)->54845K(58880K) From: 0K(57856K)->0K(57856K)
[203.265s][info][gc,heap        ] GC(400) ParOldGen: 346200K(349696K)->346200K(349696K)
[203.265s][info][gc,metaspace   ] GC(400) Metaspace: 119747K(124864K)->119747K(124864K) NonClass: 101634K(104256K)->101634K(104256K) Class: 18113K(20608K)->18113K(20608K)
[203.265s][info][gc             ] GC(400) Pause Full (Ergonomics) 395M->391M(455M) 58.571ms
[203.265s][info][gc,cpu         ] GC(400) User=0.36s Sys=0.00s Real=0.05s
[203.267s][info][gc,start       ] GC(401) Pause Full (Ergonomics)
[203.267s][info][gc,phases,start] GC(401) Marking Phase
[203.300s][info][gc,phases      ] GC(401) Marking Phase 32.681ms
[203.300s][info][gc,phases,start] GC(401) Summary Phase
[203.300s][info][gc,phases      ] GC(401) Summary Phase 0.020ms
[203.300s][info][gc,phases,start] GC(401) Adjust Roots
[203.303s][info][gc,phases      ] GC(401) Adjust Roots 2.765ms
[203.303s][info][gc,phases,start] GC(401) Compaction Phase
[203.311s][info][gc,phases      ] GC(401) Compaction Phase 8.602ms
[203.311s][info][gc,phases,start] GC(401) Post Compact
[203.314s][info][gc,phases      ] GC(401) Post Compact 2.253ms
[203.314s][info][gc,heap        ] GC(401) PSYoungGen: 58880K(116736K)->54806K(116736K) Eden: 58880K(58880K)->54806K(58880K) From: 0K(57856K)->0K(57856K)
[203.314s][info][gc,heap        ] GC(401) ParOldGen: 346200K(349696K)->346200K(349696K)
[203.314s][info][gc,metaspace   ] GC(401) Metaspace: 119747K(124864K)->119747K(124864K) NonClass: 101634K(104256K)->101634K(104256K) Class: 18113K(20608K)->18113K(20608K)
[203.314s][info][gc             ] GC(401) Pause Full (Ergonomics) 395M->391M(455M) 46.651ms
[203.314s][info][gc,cpu         ] GC(401) User=0.19s Sys=0.00s Real=0.05s
[203.316s][info][gc,start       ] GC(402) Pause Full (Ergonomics)
[203.316s][info][gc,phases,start] GC(402) Marking Phase
[203.344s][info][gc,phases      ] GC(402) Marking Phase 27.985ms
[203.344s][info][gc,phases,start] GC(402) Summary Phase
[203.344s][info][gc,phases      ] GC(402) Summary Phase 0.018ms
[203.344s][info][gc,phases,start] GC(402) Adjust Roots
[203.347s][info][gc,phases      ] GC(402) Adjust Roots 2.838ms
[203.347s][info][gc,phases,start] GC(402) Compaction Phase
[203.364s][info][gc,phases      ] GC(402) Compaction Phase 17.476ms
[203.364s][info][gc,phases,start] GC(402) Post Compact
[203.366s][info][gc,phases      ] GC(402) Post Compact 2.167ms
[203.366s][info][gc,heap        ] GC(402) PSYoungGen: 58880K(116736K)->54818K(116736K) Eden: 58880K(58880K)->54818K(58880K) From: 0K(57856K)->0K(57856K)
[203.366s][info][gc,heap        ] GC(402) ParOldGen: 346200K(349696K)->346200K(349696K)
[203.366s][info][gc,metaspace   ] GC(402) Metaspace: 119747K(124864K)->119747K(124864K) NonClass: 101634K(104256K)->101634K(104256K) Class: 18113K(20608K)->18113K(20608K)
[203.366s][info][gc             ] GC(402) Pause Full (Ergonomics) 395M->391M(455M) 50.751ms
[203.366s][info][gc,cpu         ] GC(402) User=0.20s Sys=0.00s Real=0.05s
[203.368s][info][gc,start       ] GC(403) Pause Full (Ergonomics)
[203.368s][info][gc,phases,start] GC(403) Marking Phase
[203.406s][info][gc,phases      ] GC(403) Marking Phase 37.989ms
[203.406s][info][gc,phases,start] GC(403) Summary Phase
[203.406s][info][gc,phases      ] GC(403) Summary Phase 0.016ms
[203.406s][info][gc,phases,start] GC(403) Adjust Roots
[203.409s][info][gc,phases      ] GC(403) Adjust Roots 2.792ms
[203.409s][info][gc,phases,start] GC(403) Compaction Phase
[203.417s][info][gc,phases      ] GC(403) Compaction Phase 8.287ms
[203.417s][info][gc,phases,start] GC(403) Post Compact
[203.419s][info][gc,phases      ] GC(403) Post Compact 2.015ms
[203.419s][info][gc,heap        ] GC(403) PSYoungGen: 58879K(116736K)->54823K(116736K) Eden: 58879K(58880K)->54823K(58880K) From: 0K(57856K)->0K(57856K)
[203.419s][info][gc,heap        ] GC(403) ParOldGen: 346200K(349696K)->346200K(349696K)
[203.419s][info][gc,metaspace   ] GC(403) Metaspace: 119747K(124864K)->119747K(124864K) NonClass: 101634K(104256K)->101634K(104256K) Class: 18113K(20608K)->18113K(20608K)
[203.419s][info][gc             ] GC(403) Pause Full (Ergonomics) 395M->391M(455M) 51.317ms
[203.420s][info][gc,cpu         ] GC(403) User=0.39s Sys=0.00s Real=0.05s
[203.421s][info][gc,start       ] GC(404) Pause Full (Ergonomics)
[203.421s][info][gc,phases,start] GC(404) Marking Phase
[203.458s][info][gc,phases      ] GC(404) Marking Phase 36.615ms
[203.458s][info][gc,phases,start] GC(404) Summary Phase
[203.458s][info][gc,phases      ] GC(404) Summary Phase 0.024ms
[203.458s][info][gc,phases,start] GC(404) Adjust Roots
[203.461s][info][gc,phases      ] GC(404) Adjust Roots 2.839ms
[203.461s][info][gc,phases,start] GC(404) Compaction Phase
[203.476s][info][gc,phases      ] GC(404) Compaction Phase 15.101ms
[203.476s][info][gc,phases,start] GC(404) Post Compact
[203.478s][info][gc,phases      ] GC(404) Post Compact 2.116ms
[203.478s][info][gc,heap        ] GC(404) PSYoungGen: 58880K(116736K)->54801K(116736K) Eden: 58880K(58880K)->54801K(58880K) From: 0K(57856K)->0K(57856K)
[203.478s][info][gc,heap        ] GC(404) ParOldGen: 346200K(349696K)->346200K(349696K)
[203.478s][info][gc,metaspace   ] GC(404) Metaspace: 119747K(124864K)->119747K(124864K) NonClass: 101634K(104256K)->101634K(104256K) Class: 18113K(20608K)->18113K(20608K)
[203.478s][info][gc             ] GC(404) Pause Full (Ergonomics) 395M->391M(455M) 56.948ms
[203.478s][info][gc,cpu         ] GC(404) User=0.38s Sys=0.00s Real=0.05s
[203.480s][info][gc,start       ] GC(405) Pause Full (Ergonomics)
[203.480s][info][gc,phases,start] GC(405) Marking Phase
[203.521s][info][gc,phases      ] GC(405) Marking Phase 40.522ms
[203.521s][info][gc,phases,start] GC(405) Summary Phase
[203.521s][info][gc,phases      ] GC(405) Summary Phase 0.044ms
[203.521s][info][gc,phases,start] GC(405) Adjust Roots
[203.524s][info][gc,phases      ] GC(405) Adjust Roots 2.837ms
[203.524s][info][gc,phases,start] GC(405) Compaction Phase
[203.539s][info][gc,phases      ] GC(405) Compaction Phase 15.330ms
[203.539s][info][gc,phases,start] GC(405) Post Compact
[203.542s][info][gc,phases      ] GC(405) Post Compact 2.535ms
[203.542s][info][gc,heap        ] GC(405) PSYoungGen: 58879K(116736K)->54868K(116736K) Eden: 58879K(58880K)->54868K(58880K) From: 0K(57856K)->0K(57856K)
[203.542s][info][gc,heap        ] GC(405) ParOldGen: 346200K(349696K)->346200K(349696K)
[203.542s][info][gc,metaspace   ] GC(405) Metaspace: 119747K(124864K)->119747K(124864K) NonClass: 101634K(104256K)->101634K(104256K) Class: 18113K(20608K)->18113K(20608K)
[203.542s][info][gc             ] GC(405) Pause Full (Ergonomics) 395M->391M(455M) 61.658ms
[203.542s][info][gc,cpu         ] GC(405) User=0.48s Sys=0.00s Real=0.06s
[203.544s][info][gc,start       ] GC(406) Pause Full (Ergonomics)
[203.544s][info][gc,phases,start] GC(406) Marking Phase
[203.577s][info][gc,phases      ] GC(406) Marking Phase 32.579ms
[203.577s][info][gc,phases,start] GC(406) Summary Phase
[203.577s][info][gc,phases      ] GC(406) Summary Phase 0.019ms
[203.577s][info][gc,phases,start] GC(406) Adjust Roots
[203.580s][info][gc,phases      ] GC(406) Adjust Roots 2.759ms
[203.580s][info][gc,phases,start] GC(406) Compaction Phase
[203.596s][info][gc,phases      ] GC(406) Compaction Phase 16.048ms
[203.596s][info][gc,phases,start] GC(406) Post Compact
[203.598s][info][gc,phases      ] GC(406) Post Compact 2.250ms
[203.598s][info][gc,heap        ] GC(406) PSYoungGen: 58879K(116736K)->54852K(116736K) Eden: 58879K(58880K)->54852K(58880K) From: 0K(57856K)->0K(57856K)
[203.598s][info][gc,heap        ] GC(406) ParOldGen: 346200K(349696K)->346200K(349696K)
[203.598s][info][gc,metaspace   ] GC(406) Metaspace: 119749K(124864K)->119749K(124864K) NonClass: 101635K(104256K)->101635K(104256K) Class: 18113K(20608K)->18113K(20608K)
[203.598s][info][gc             ] GC(406) Pause Full (Ergonomics) 395M->391M(455M) 54.012ms
[203.598s][info][gc,cpu         ] GC(406) User=0.19s Sys=0.00s Real=0.05s
[203.600s][info][gc,start       ] GC(407) Pause Full (Ergonomics)
[203.600s][info][gc,phases,start] GC(407) Marking Phase
[203.635s][info][gc,phases      ] GC(407) Marking Phase 34.724ms
[203.635s][info][gc,phases,start] GC(407) Summary Phase
[203.635s][info][gc,phases      ] GC(407) Summary Phase 0.018ms
[203.635s][info][gc,phases,start] GC(407) Adjust Roots
[203.638s][info][gc,phases      ] GC(407) Adjust Roots 2.915ms
[203.638s][info][gc,phases,start] GC(407) Compaction Phase
[203.655s][info][gc,phases      ] GC(407) Compaction Phase 16.788ms
[203.655s][info][gc,phases,start] GC(407) Post Compact
[203.657s][info][gc,phases      ] GC(407) Post Compact 2.202ms
[203.657s][info][gc,heap        ] GC(407) PSYoungGen: 58879K(116736K)->54830K(116736K) Eden: 58879K(58880K)->54830K(58880K) From: 0K(57856K)->0K(57856K)
[203.657s][info][gc,heap        ] GC(407) ParOldGen: 346200K(349696K)->346200K(349696K)
[203.657s][info][gc,metaspace   ] GC(407) Metaspace: 119749K(124864K)->119749K(124864K) NonClass: 101635K(104256K)->101635K(104256K) Class: 18113K(20608K)->18113K(20608K)
[203.657s][info][gc             ] GC(407) Pause Full (Ergonomics) 395M->391M(455M) 56.940ms
[203.657s][info][gc,cpu         ] GC(407) User=0.31s Sys=0.00s Real=0.05s
[203.659s][info][gc,start       ] GC(408) Pause Full (Ergonomics)
[203.659s][info][gc,phases,start] GC(408) Marking Phase
[203.693s][info][gc,phases      ] GC(408) Marking Phase 33.595ms
[203.693s][info][gc,phases,start] GC(408) Summary Phase
[203.693s][info][gc,phases      ] GC(408) Summary Phase 0.020ms
[203.693s][info][gc,phases,start] GC(408) Adjust Roots
[203.696s][info][gc,phases      ] GC(408) Adjust Roots 2.979ms
[203.696s][info][gc,phases,start] GC(408) Compaction Phase
[203.714s][info][gc,phases      ] GC(408) Compaction Phase 17.347ms
[203.714s][info][gc,phases,start] GC(408) Post Compact
[203.716s][info][gc,phases      ] GC(408) Post Compact 2.585ms
[203.716s][info][gc,heap        ] GC(408) PSYoungGen: 58879K(116736K)->54816K(116736K) Eden: 58879K(58880K)->54816K(58880K) From: 0K(57856K)->0K(57856K)
[203.716s][info][gc,heap        ] GC(408) ParOldGen: 346200K(349696K)->346200K(349696K)
[203.716s][info][gc,metaspace   ] GC(408) Metaspace: 119749K(124864K)->119749K(124864K) NonClass: 101636K(104256K)->101636K(104256K) Class: 18113K(20608K)->18113K(20608K)
[203.716s][info][gc             ] GC(408) Pause Full (Ergonomics) 395M->391M(455M) 56.914ms
[203.716s][info][gc,cpu         ] GC(408) User=0.20s Sys=0.00s Real=0.05s
[203.718s][info][gc,start       ] GC(409) Pause Full (Ergonomics)
[203.718s][info][gc,phases,start] GC(409) Marking Phase
[203.753s][info][gc,phases      ] GC(409) Marking Phase 34.442ms
[203.753s][info][gc,phases,start] GC(409) Summary Phase
[203.753s][info][gc,phases      ] GC(409) Summary Phase 0.020ms
[203.753s][info][gc,phases,start] GC(409) Adjust Roots
[203.756s][info][gc,phases      ] GC(409) Adjust Roots 2.995ms
[203.756s][info][gc,phases,start] GC(409) Compaction Phase
[203.773s][info][gc,phases      ] GC(409) Compaction Phase 16.673ms
[203.773s][info][gc,phases,start] GC(409) Post Compact
[203.775s][info][gc,phases      ] GC(409) Post Compact 2.034ms
[203.775s][info][gc,heap        ] GC(409) PSYoungGen: 58880K(116736K)->54797K(116736K) Eden: 58880K(58880K)->54797K(58880K) From: 0K(57856K)->0K(57856K)
[203.775s][info][gc,heap        ] GC(409) ParOldGen: 346200K(349696K)->346200K(349696K)
[203.775s][info][gc,metaspace   ] GC(409) Metaspace: 119749K(124864K)->119749K(124864K) NonClass: 101636K(104256K)->101636K(104256K) Class: 18113K(20608K)->18113K(20608K)
[203.775s][info][gc             ] GC(409) Pause Full (Ergonomics) 395M->391M(455M) 56.418ms
[203.775s][info][gc,cpu         ] GC(409) User=0.22s Sys=0.00s Real=0.05s
[203.777s][info][gc,start       ] GC(410) Pause Full (Ergonomics)
[203.777s][info][gc,phases,start] GC(410) Marking Phase
[203.814s][info][gc,phases      ] GC(410) Marking Phase 36.297ms
[203.814s][info][gc,phases,start] GC(410) Summary Phase
[203.814s][info][gc,phases      ] GC(410) Summary Phase 0.019ms
[203.814s][info][gc,phases,start] GC(410) Adjust Roots
[203.817s][info][gc,phases      ] GC(410) Adjust Roots 2.992ms
[203.817s][info][gc,phases,start] GC(410) Compaction Phase
[203.832s][info][gc,phases      ] GC(410) Compaction Phase 15.526ms
[203.832s][info][gc,phases,start] GC(410) Post Compact
[203.834s][info][gc,phases      ] GC(410) Post Compact 2.105ms
[203.834s][info][gc,heap        ] GC(410) PSYoungGen: 58880K(116736K)->54816K(116736K) Eden: 58880K(58880K)->54816K(58880K) From: 0K(57856K)->0K(57856K)
[203.835s][info][gc,heap        ] GC(410) ParOldGen: 346200K(349696K)->346200K(349696K)
[203.835s][info][gc,metaspace   ] GC(410) Metaspace: 119750K(124864K)->119750K(124864K) NonClass: 101636K(104256K)->101636K(104256K) Class: 18113K(20608K)->18113K(20608K)
[203.835s][info][gc             ] GC(410) Pause Full (Ergonomics) 395M->391M(455M) 57.249ms
[203.835s][info][gc,cpu         ] GC(410) User=0.36s Sys=0.00s Real=0.06s
[203.837s][info][gc,start       ] GC(411) Pause Full (Ergonomics)
[203.837s][info][gc,phases,start] GC(411) Marking Phase
[203.876s][info][gc,phases      ] GC(411) Marking Phase 39.229ms
[203.876s][info][gc,phases,start] GC(411) Summary Phase
[203.876s][info][gc,phases      ] GC(411) Summary Phase 0.046ms
[203.876s][info][gc,phases,start] GC(411) Adjust Roots
[203.879s][info][gc,phases      ] GC(411) Adjust Roots 3.397ms
[203.879s][info][gc,phases,start] GC(411) Compaction Phase
[203.889s][info][gc,phases      ] GC(411) Compaction Phase 9.273ms
[203.889s][info][gc,phases,start] GC(411) Post Compact
[203.891s][info][gc,phases      ] GC(411) Post Compact 2.589ms
[203.891s][info][gc,heap        ] GC(411) PSYoungGen: 58880K(116736K)->54849K(116736K) Eden: 58880K(58880K)->54849K(58880K) From: 0K(57856K)->0K(57856K)
[203.891s][info][gc,heap        ] GC(411) ParOldGen: 346200K(349696K)->346200K(349696K)
[203.891s][info][gc,metaspace   ] GC(411) Metaspace: 119750K(124864K)->119750K(124864K) NonClass: 101636K(104256K)->101636K(104256K) Class: 18113K(20608K)->18113K(20608K)
[203.892s][info][gc             ] GC(411) Pause Full (Ergonomics) 395M->391M(455M) 54.965ms
[203.892s][info][gc,cpu         ] GC(411) User=0.38s Sys=0.00s Real=0.05s
[203.893s][info][gc,start       ] GC(412) Pause Full (Ergonomics)
[203.894s][info][gc,phases,start] GC(412) Marking Phase
[203.924s][info][gc,phases      ] GC(412) Marking Phase 30.265ms
[203.924s][info][gc,phases,start] GC(412) Summary Phase
[203.924s][info][gc,phases      ] GC(412) Summary Phase 0.022ms
[203.924s][info][gc,phases,start] GC(412) Adjust Roots
[203.927s][info][gc,phases      ] GC(412) Adjust Roots 3.026ms
[203.927s][info][gc,phases,start] GC(412) Compaction Phase
[203.940s][info][gc,phases      ] GC(412) Compaction Phase 12.655ms
[203.940s][info][gc,phases,start] GC(412) Post Compact
[203.942s][info][gc,phases      ] GC(412) Post Compact 2.223ms
[203.942s][info][gc,heap        ] GC(412) PSYoungGen: 58880K(116736K)->54868K(116736K) Eden: 58880K(58880K)->54868K(58880K) From: 0K(57856K)->0K(57856K)
[203.942s][info][gc,heap        ] GC(412) ParOldGen: 346200K(349696K)->346200K(349696K)
[203.942s][info][gc,metaspace   ] GC(412) Metaspace: 119750K(124864K)->119750K(124864K) NonClass: 101636K(104256K)->101636K(104256K) Class: 18113K(20608K)->18113K(20608K)
[203.942s][info][gc             ] GC(412) Pause Full (Ergonomics) 395M->391M(455M) 48.513ms
[203.942s][info][gc,cpu         ] GC(412) User=0.39s Sys=0.00s Real=0.06s
[203.944s][info][gc,start       ] GC(413) Pause Full (Ergonomics)
[203.944s][info][gc,phases,start] GC(413) Marking Phase
[203.981s][info][gc,phases      ] GC(413) Marking Phase 36.852ms
[203.981s][info][gc,phases,start] GC(413) Summary Phase
[203.981s][info][gc,phases      ] GC(413) Summary Phase 0.019ms
[203.981s][info][gc,phases,start] GC(413) Adjust Roots
[203.983s][info][gc,phases      ] GC(413) Adjust Roots 2.805ms
[203.983s][info][gc,phases,start] GC(413) Compaction Phase
[203.991s][info][gc,phases      ] GC(413) Compaction Phase 7.548ms
[203.991s][info][gc,phases,start] GC(413) Post Compact
[203.993s][info][gc,phases      ] GC(413) Post Compact 2.069ms
[203.993s][info][gc,heap        ] GC(413) PSYoungGen: 58880K(116736K)->54869K(116736K) Eden: 58880K(58880K)->54869K(58880K) From: 0K(57856K)->0K(57856K)
[203.993s][info][gc,heap        ] GC(413) ParOldGen: 346200K(349696K)->346200K(349696K)
[203.993s][info][gc,metaspace   ] GC(413) Metaspace: 119750K(124864K)->119750K(124864K) NonClass: 101636K(104256K)->101636K(104256K) Class: 18113K(20608K)->18113K(20608K)
[203.993s][info][gc             ] GC(413) Pause Full (Ergonomics) 395M->391M(455M) 49.601ms
[203.993s][info][gc,cpu         ] GC(413) User=0.42s Sys=0.00s Real=0.05s
[203.995s][info][gc,start       ] GC(414) Pause Full (Ergonomics)
[203.995s][info][gc,phases,start] GC(414) Marking Phase
[204.026s][info][gc,phases      ] GC(414) Marking Phase 30.726ms
[204.026s][info][gc,phases,start] GC(414) Summary Phase
[204.026s][info][gc,phases      ] GC(414) Summary Phase 0.019ms
[204.026s][info][gc,phases,start] GC(414) Adjust Roots
[204.029s][info][gc,phases      ] GC(414) Adjust Roots 3.037ms
[204.029s][info][gc,phases,start] GC(414) Compaction Phase
[204.038s][info][gc,phases      ] GC(414) Compaction Phase 8.963ms
[204.038s][info][gc,phases,start] GC(414) Post Compact
[204.040s][info][gc,phases      ] GC(414) Post Compact 2.032ms
[204.040s][info][gc,heap        ] GC(414) PSYoungGen: 58880K(116736K)->54819K(116736K) Eden: 58880K(58880K)->54819K(58880K) From: 0K(57856K)->0K(57856K)
[204.040s][info][gc,heap        ] GC(414) ParOldGen: 346200K(349696K)->346200K(349696K)
[204.040s][info][gc,metaspace   ] GC(414) Metaspace: 119750K(124864K)->119750K(124864K) NonClass: 101636K(104256K)->101636K(104256K) Class: 18113K(20608K)->18113K(20608K)
[204.040s][info][gc             ] GC(414) Pause Full (Ergonomics) 395M->391M(455M) 45.017ms
[204.040s][info][gc,cpu         ] GC(414) User=0.41s Sys=0.00s Real=0.05s
[204.042s][info][gc,start       ] GC(415) Pause Full (Ergonomics)
[204.042s][info][gc,phases,start] GC(415) Marking Phase
[204.069s][info][gc,phases      ] GC(415) Marking Phase 27.209ms
[204.069s][info][gc,phases,start] GC(415) Summary Phase
[204.069s][info][gc,phases      ] GC(415) Summary Phase 0.019ms
[204.069s][info][gc,phases,start] GC(415) Adjust Roots
[204.075s][info][gc,phases      ] GC(415) Adjust Roots 6.198ms
[204.075s][info][gc,phases,start] GC(415) Compaction Phase
[204.086s][info][gc,phases      ] GC(415) Compaction Phase 11.077ms
[204.086s][info][gc,phases,start] GC(415) Post Compact
[204.088s][info][gc,phases      ] GC(415) Post Compact 2.178ms
[204.088s][info][gc,heap        ] GC(415) PSYoungGen: 58879K(116736K)->54819K(116736K) Eden: 58879K(58880K)->54819K(58880K) From: 0K(57856K)->0K(57856K)
[204.088s][info][gc,heap        ] GC(415) ParOldGen: 346200K(349696K)->346200K(349696K)
[204.088s][info][gc,metaspace   ] GC(415) Metaspace: 119750K(124864K)->119750K(124864K) NonClass: 101636K(104256K)->101636K(104256K) Class: 18113K(20608K)->18113K(20608K)
[204.089s][info][gc             ] GC(415) Pause Full (Ergonomics) 395M->391M(455M) 46.991ms
[204.089s][info][gc,cpu         ] GC(415) User=0.25s Sys=0.00s Real=0.05s
[204.090s][info][gc,start       ] GC(416) Pause Full (Ergonomics)
[204.090s][info][gc,phases,start] GC(416) Marking Phase
[204.126s][info][gc,phases      ] GC(416) Marking Phase 36.119ms
[204.126s][info][gc,phases,start] GC(416) Summary Phase
[204.127s][info][gc,phases      ] GC(416) Summary Phase 0.035ms
[204.127s][info][gc,phases,start] GC(416) Adjust Roots
[204.130s][info][gc,phases      ] GC(416) Adjust Roots 3.449ms
[204.130s][info][gc,phases,start] GC(416) Compaction Phase
[204.147s][info][gc,phases      ] GC(416) Compaction Phase 17.485ms
[204.148s][info][gc,phases,start] GC(416) Post Compact
[204.150s][info][gc,phases      ] GC(416) Post Compact 2.596ms
[204.150s][info][gc,heap        ] GC(416) PSYoungGen: 58880K(116736K)->54864K(116736K) Eden: 58880K(58880K)->54864K(58880K) From: 0K(57856K)->0K(57856K)
[204.150s][info][gc,heap        ] GC(416) ParOldGen: 346200K(349696K)->346200K(349696K)
[204.150s][info][gc,metaspace   ] GC(416) Metaspace: 119750K(124864K)->119750K(124864K) NonClass: 101636K(104256K)->101636K(104256K) Class: 18113K(20608K)->18113K(20608K)
[204.150s][info][gc             ] GC(416) Pause Full (Ergonomics) 395M->391M(455M) 60.050ms
[204.150s][info][gc,cpu         ] GC(416) User=0.38s Sys=0.00s Real=0.06s
[204.152s][info][gc,start       ] GC(417) Pause Full (Ergonomics)
[204.152s][info][gc,phases,start] GC(417) Marking Phase
[204.188s][info][gc,phases      ] GC(417) Marking Phase 35.197ms
[204.188s][info][gc,phases,start] GC(417) Summary Phase
[204.188s][info][gc,phases      ] GC(417) Summary Phase 0.024ms
[204.188s][info][gc,phases,start] GC(417) Adjust Roots
[204.191s][info][gc,phases      ] GC(417) Adjust Roots 3.112ms
[204.191s][info][gc,phases,start] GC(417) Compaction Phase
[204.208s][info][gc,phases      ] GC(417) Compaction Phase 16.715ms
[204.208s][info][gc,phases,start] GC(417) Post Compact
[204.210s][info][gc,phases      ] GC(417) Post Compact 2.158ms
[204.210s][info][gc,heap        ] GC(417) PSYoungGen: 58880K(116736K)->54824K(116736K) Eden: 58880K(58880K)->54824K(58880K) From: 0K(57856K)->0K(57856K)
[204.210s][info][gc,heap        ] GC(417) ParOldGen: 346200K(349696K)->346200K(349696K)
[204.210s][info][gc,metaspace   ] GC(417) Metaspace: 119750K(124864K)->119750K(124864K) NonClass: 101636K(104256K)->101636K(104256K) Class: 18113K(20608K)->18113K(20608K)
[204.210s][info][gc             ] GC(417) Pause Full (Ergonomics) 395M->391M(455M) 57.571ms
[204.210s][info][gc,cpu         ] GC(417) User=0.36s Sys=0.00s Real=0.05s
[204.212s][info][gc,start       ] GC(418) Pause Full (Ergonomics)
[204.212s][info][gc,phases,start] GC(418) Marking Phase
[204.252s][info][gc,phases      ] GC(418) Marking Phase 40.126ms
[204.252s][info][gc,phases,start] GC(418) Summary Phase
[204.252s][info][gc,phases      ] GC(418) Summary Phase 0.047ms
[204.252s][info][gc,phases,start] GC(418) Adjust Roots
[204.255s][info][gc,phases      ] GC(418) Adjust Roots 2.857ms
[204.255s][info][gc,phases,start] GC(418) Compaction Phase
[204.264s][info][gc,phases      ] GC(418) Compaction Phase 8.430ms
[204.264s][info][gc,phases,start] GC(418) Post Compact
[204.266s][info][gc,phases      ] GC(418) Post Compact 2.537ms
[204.266s][info][gc,heap        ] GC(418) PSYoungGen: 58879K(116736K)->54832K(116736K) Eden: 58879K(58880K)->54832K(58880K) From: 0K(57856K)->0K(57856K)
[204.266s][info][gc,heap        ] GC(418) ParOldGen: 346200K(349696K)->346200K(349696K)
[204.266s][info][gc,metaspace   ] GC(418) Metaspace: 119750K(124864K)->119750K(124864K) NonClass: 101636K(104256K)->101636K(104256K) Class: 18113K(20608K)->18113K(20608K)
[204.266s][info][gc             ] GC(418) Pause Full (Ergonomics) 395M->391M(455M) 54.425ms
[204.267s][info][gc,cpu         ] GC(418) User=0.44s Sys=0.00s Real=0.05s
[204.269s][info][gc,start       ] GC(419) Pause Full (Ergonomics)
[204.269s][info][gc,phases,start] GC(419) Marking Phase
[204.297s][info][gc,phases      ] GC(419) Marking Phase 28.714ms
[204.297s][info][gc,phases,start] GC(419) Summary Phase
[204.298s][info][gc,phases      ] GC(419) Summary Phase 0.019ms
[204.298s][info][gc,phases,start] GC(419) Adjust Roots
[204.302s][info][gc,phases      ] GC(419) Adjust Roots 4.785ms
[204.302s][info][gc,phases,start] GC(419) Compaction Phase
[204.310s][info][gc,phases      ] GC(419) Compaction Phase 7.357ms
[204.310s][info][gc,phases,start] GC(419) Post Compact
[204.312s][info][gc,phases      ] GC(419) Post Compact 2.542ms
[204.312s][info][gc,heap        ] GC(419) PSYoungGen: 58880K(116736K)->54833K(116736K) Eden: 58880K(58880K)->54833K(58880K) From: 0K(57856K)->0K(57856K)
[204.312s][info][gc,heap        ] GC(419) ParOldGen: 346200K(349696K)->346200K(349696K)
[204.312s][info][gc,metaspace   ] GC(419) Metaspace: 119750K(124864K)->119750K(124864K) NonClass: 101636K(104256K)->101636K(104256K) Class: 18113K(20608K)->18113K(20608K)
[204.313s][info][gc             ] GC(419) Pause Full (Ergonomics) 395M->391M(455M) 43.828ms
[204.313s][info][gc,cpu         ] GC(419) User=0.47s Sys=0.00s Real=0.05s
[204.314s][info][gc,start       ] GC(420) Pause Full (Ergonomics)
[204.314s][info][gc,phases,start] GC(420) Marking Phase
[204.343s][info][gc,phases      ] GC(420) Marking Phase 29.053ms
[204.343s][info][gc,phases,start] GC(420) Summary Phase
[204.343s][info][gc,phases      ] GC(420) Summary Phase 0.021ms
[204.343s][info][gc,phases,start] GC(420) Adjust Roots
[204.346s][info][gc,phases      ] GC(420) Adjust Roots 2.792ms
[204.346s][info][gc,phases,start] GC(420) Compaction Phase
[204.361s][info][gc,phases      ] GC(420) Compaction Phase 15.070ms
[204.361s][info][gc,phases,start] GC(420) Post Compact
[204.364s][info][gc,phases      ] GC(420) Post Compact 2.265ms
[204.364s][info][gc,heap        ] GC(420) PSYoungGen: 58880K(116736K)->54834K(116736K) Eden: 58880K(58880K)->54834K(58880K) From: 0K(57856K)->0K(57856K)
[204.364s][info][gc,heap        ] GC(420) ParOldGen: 346200K(349696K)->346200K(349696K)
[204.364s][info][gc,metaspace   ] GC(420) Metaspace: 119750K(124864K)->119750K(124864K) NonClass: 101636K(104256K)->101636K(104256K) Class: 18113K(20608K)->18113K(20608K)
[204.364s][info][gc             ] GC(420) Pause Full (Ergonomics) 395M->391M(455M) 49.545ms
[204.364s][info][gc,cpu         ] GC(420) User=0.38s Sys=0.00s Real=0.05s
[204.366s][info][gc,start       ] GC(421) Pause Full (Ergonomics)
[204.366s][info][gc,phases,start] GC(421) Marking Phase
[204.399s][info][gc,phases      ] GC(421) Marking Phase 33.641ms
[204.399s][info][gc,phases,start] GC(421) Summary Phase
[204.399s][info][gc,phases      ] GC(421) Summary Phase 0.019ms
[204.399s][info][gc,phases,start] GC(421) Adjust Roots
[204.402s][info][gc,phases      ] GC(421) Adjust Roots 2.819ms
[204.402s][info][gc,phases,start] GC(421) Compaction Phase
[204.409s][info][gc,phases      ] GC(421) Compaction Phase 6.602ms
[204.409s][info][gc,phases,start] GC(421) Post Compact
[204.411s][info][gc,phases      ] GC(421) Post Compact 2.363ms
[204.411s][info][gc,heap        ] GC(421) PSYoungGen: 58880K(116736K)->54839K(116736K) Eden: 58880K(58880K)->54839K(58880K) From: 0K(57856K)->0K(57856K)
[204.411s][info][gc,heap        ] GC(421) ParOldGen: 346200K(349696K)->346200K(349696K)
[204.411s][info][gc,metaspace   ] GC(421) Metaspace: 119750K(124864K)->119750K(124864K) NonClass: 101636K(104256K)->101636K(104256K) Class: 18113K(20608K)->18113K(20608K)
[204.411s][info][gc             ] GC(421) Pause Full (Ergonomics) 395M->391M(455M) 45.803ms
[204.412s][info][gc,cpu         ] GC(421) User=0.19s Sys=0.00s Real=0.05s
[204.413s][info][gc,start       ] GC(422) Pause Full (Ergonomics)
[204.413s][info][gc,phases,start] GC(422) Marking Phase
[204.444s][info][gc,phases      ] GC(422) Marking Phase 30.621ms
[204.444s][info][gc,phases,start] GC(422) Summary Phase
[204.444s][info][gc,phases      ] GC(422) Summary Phase 0.029ms
[204.444s][info][gc,phases,start] GC(422) Adjust Roots
[204.447s][info][gc,phases      ] GC(422) Adjust Roots 3.257ms
[204.447s][info][gc,phases,start] GC(422) Compaction Phase
[204.455s][info][gc,phases      ] GC(422) Compaction Phase 8.248ms
[204.455s][info][gc,phases,start] GC(422) Post Compact
[204.458s][info][gc,phases      ] GC(422) Post Compact 2.579ms
[204.458s][info][gc,heap        ] GC(422) PSYoungGen: 58879K(116736K)->54863K(116736K) Eden: 58879K(58880K)->54863K(58880K) From: 0K(57856K)->0K(57856K)
[204.458s][info][gc,heap        ] GC(422) ParOldGen: 346200K(349696K)->346200K(349696K)
[204.458s][info][gc,metaspace   ] GC(422) Metaspace: 119750K(124864K)->119750K(124864K) NonClass: 101636K(104256K)->101636K(104256K) Class: 18113K(20608K)->18113K(20608K)
[204.458s][info][gc             ] GC(422) Pause Full (Ergonomics) 395M->391M(455M) 45.153ms
[204.458s][info][gc,cpu         ] GC(422) User=0.19s Sys=0.00s Real=0.05s
[204.460s][info][gc,start       ] GC(423) Pause Full (Ergonomics)
[204.460s][info][gc,phases,start] GC(423) Marking Phase
[204.492s][info][gc,phases      ] GC(423) Marking Phase 32.334ms
[204.492s][info][gc,phases,start] GC(423) Summary Phase
[204.493s][info][gc,phases      ] GC(423) Summary Phase 0.046ms
[204.493s][info][gc,phases,start] GC(423) Adjust Roots
[204.496s][info][gc,phases      ] GC(423) Adjust Roots 3.386ms
[204.496s][info][gc,phases,start] GC(423) Compaction Phase
[204.506s][info][gc,phases      ] GC(423) Compaction Phase 10.201ms
[204.506s][info][gc,phases,start] GC(423) Post Compact
[204.509s][info][gc,phases      ] GC(423) Post Compact 2.527ms
[204.509s][info][gc,heap        ] GC(423) PSYoungGen: 58880K(116736K)->54854K(116736K) Eden: 58880K(58880K)->54854K(58880K) From: 0K(57856K)->0K(57856K)
[204.509s][info][gc,heap        ] GC(423) ParOldGen: 346200K(349696K)->346200K(349696K)
[204.509s][info][gc,metaspace   ] GC(423) Metaspace: 119750K(124864K)->119750K(124864K) NonClass: 101636K(104256K)->101636K(104256K) Class: 18113K(20608K)->18113K(20608K)
[204.509s][info][gc             ] GC(423) Pause Full (Ergonomics) 395M->391M(455M) 48.935ms
[204.509s][info][gc,cpu         ] GC(423) User=0.23s Sys=0.00s Real=0.05s
[204.511s][info][gc,start       ] GC(424) Pause Full (Ergonomics)
[204.511s][info][gc,phases,start] GC(424) Marking Phase
[204.544s][info][gc,phases      ] GC(424) Marking Phase 33.284ms
[204.544s][info][gc,phases,start] GC(424) Summary Phase
[204.544s][info][gc,phases      ] GC(424) Summary Phase 0.019ms
[204.544s][info][gc,phases,start] GC(424) Adjust Roots
[204.547s][info][gc,phases      ] GC(424) Adjust Roots 2.733ms
[204.547s][info][gc,phases,start] GC(424) Compaction Phase
[204.563s][info][gc,phases      ] GC(424) Compaction Phase 15.851ms
[204.563s][info][gc,phases,start] GC(424) Post Compact
[204.565s][info][gc,phases      ] GC(424) Post Compact 2.140ms
[204.565s][info][gc,heap        ] GC(424) PSYoungGen: 58880K(116736K)->54810K(116736K) Eden: 58880K(58880K)->54810K(58880K) From: 0K(57856K)->0K(57856K)
[204.565s][info][gc,heap        ] GC(424) ParOldGen: 346200K(349696K)->346200K(349696K)
[204.565s][info][gc,metaspace   ] GC(424) Metaspace: 119750K(124864K)->119750K(124864K) NonClass: 101636K(104256K)->101636K(104256K) Class: 18113K(20608K)->18113K(20608K)
[204.565s][info][gc             ] GC(424) Pause Full (Ergonomics) 395M->391M(455M) 54.345ms
[204.565s][info][gc,cpu         ] GC(424) User=0.38s Sys=0.00s Real=0.05s
[204.567s][info][gc,start       ] GC(425) Pause Full (Ergonomics)
[204.567s][info][gc,phases,start] GC(425) Marking Phase
[204.600s][info][gc,phases      ] GC(425) Marking Phase 32.868ms
[204.600s][info][gc,phases,start] GC(425) Summary Phase
[204.600s][info][gc,phases      ] GC(425) Summary Phase 0.020ms
[204.600s][info][gc,phases,start] GC(425) Adjust Roots
[204.603s][info][gc,phases      ] GC(425) Adjust Roots 2.835ms
[204.603s][info][gc,phases,start] GC(425) Compaction Phase
[204.620s][info][gc,phases      ] GC(425) Compaction Phase 17.093ms
[204.620s][info][gc,phases,start] GC(425) Post Compact
[204.622s][info][gc,phases      ] GC(425) Post Compact 2.522ms
[204.622s][info][gc,heap        ] GC(425) PSYoungGen: 58880K(116736K)->54819K(116736K) Eden: 58880K(58880K)->54819K(58880K) From: 0K(57856K)->0K(57856K)
[204.623s][info][gc,heap        ] GC(425) ParOldGen: 346200K(349696K)->346200K(349696K)
[204.623s][info][gc,metaspace   ] GC(425) Metaspace: 119751K(124864K)->119751K(124864K) NonClass: 101638K(104256K)->101638K(104256K) Class: 18113K(20608K)->18113K(20608K)
[204.623s][info][gc             ] GC(425) Pause Full (Ergonomics) 395M->391M(455M) 55.707ms
[204.623s][info][gc,cpu         ] GC(425) User=0.20s Sys=0.00s Real=0.05s
[204.624s][info][gc,start       ] GC(426) Pause Full (Ergonomics)
[204.624s][info][gc,phases,start] GC(426) Marking Phase
[204.658s][info][gc,phases      ] GC(426) Marking Phase 33.896ms
[204.658s][info][gc,phases,start] GC(426) Summary Phase
[204.658s][info][gc,phases      ] GC(426) Summary Phase 0.022ms
[204.658s][info][gc,phases,start] GC(426) Adjust Roots
[204.661s][info][gc,phases      ] GC(426) Adjust Roots 3.019ms
[204.662s][info][gc,phases,start] GC(426) Compaction Phase
[204.678s][info][gc,phases      ] GC(426) Compaction Phase 16.291ms
[204.678s][info][gc,phases,start] GC(426) Post Compact
[204.680s][info][gc,phases      ] GC(426) Post Compact 2.279ms
[204.680s][info][gc,heap        ] GC(426) PSYoungGen: 58880K(116736K)->54841K(116736K) Eden: 58880K(58880K)->54841K(58880K) From: 0K(57856K)->0K(57856K)
[204.680s][info][gc,heap        ] GC(426) ParOldGen: 346200K(349696K)->346200K(349696K)
[204.680s][info][gc,metaspace   ] GC(426) Metaspace: 119751K(124864K)->119751K(124864K) NonClass: 101638K(104256K)->101638K(104256K) Class: 18113K(20608K)->18113K(20608K)
[204.680s][info][gc             ] GC(426) Pause Full (Ergonomics) 395M->391M(455M) 55.850ms
[204.680s][info][gc,cpu         ] GC(426) User=0.36s Sys=0.00s Real=0.06s
[204.682s][info][gc,start       ] GC(427) Pause Full (Ergonomics)
[204.682s][info][gc,phases,start] GC(427) Marking Phase
[204.713s][info][gc,phases      ] GC(427) Marking Phase 30.287ms
[204.713s][info][gc,phases,start] GC(427) Summary Phase
[204.713s][info][gc,phases      ] GC(427) Summary Phase 0.046ms
[204.713s][info][gc,phases,start] GC(427) Adjust Roots
[204.716s][info][gc,phases      ] GC(427) Adjust Roots 2.808ms
[204.716s][info][gc,phases,start] GC(427) Compaction Phase
[204.723s][info][gc,phases      ] GC(427) Compaction Phase 7.479ms
[204.723s][info][gc,phases,start] GC(427) Post Compact
[204.725s][info][gc,phases      ] GC(427) Post Compact 1.951ms
[204.725s][info][gc,heap        ] GC(427) PSYoungGen: 58879K(116736K)->54830K(116736K) Eden: 58879K(58880K)->54830K(58880K) From: 0K(57856K)->0K(57856K)
[204.725s][info][gc,heap        ] GC(427) ParOldGen: 346200K(349696K)->346200K(349696K)
[204.725s][info][gc,metaspace   ] GC(427) Metaspace: 119751K(124864K)->119751K(124864K) NonClass: 101638K(104256K)->101638K(104256K) Class: 18113K(20608K)->18113K(20608K)
[204.725s][info][gc             ] GC(427) Pause Full (Ergonomics) 395M->391M(455M) 42.913ms
[204.725s][info][gc,cpu         ] GC(427) User=0.17s Sys=0.00s Real=0.03s
[204.743s][info][gc,start       ] GC(428) Pause Full (Ergonomics)
[204.743s][info][gc,phases,start] GC(428) Marking Phase
[204.782s][info][gc,phases      ] GC(428) Marking Phase 38.649ms
[204.782s][info][gc,phases,start] GC(428) Summary Phase
[204.782s][info][gc,phases      ] GC(428) Summary Phase 0.017ms
[204.782s][info][gc,phases,start] GC(428) Adjust Roots
[204.785s][info][gc,phases      ] GC(428) Adjust Roots 2.927ms
[204.785s][info][gc,phases,start] GC(428) Compaction Phase
[204.801s][info][gc,phases      ] GC(428) Compaction Phase 16.164ms
[204.801s][info][gc,phases,start] GC(428) Post Compact
[204.804s][info][gc,phases      ] GC(428) Post Compact 2.534ms
[204.804s][info][gc,heap        ] GC(428) PSYoungGen: 58880K(116736K)->54805K(116736K) Eden: 58880K(58880K)->54805K(58880K) From: 0K(57856K)->0K(57856K)
[204.804s][info][gc,heap        ] GC(428) ParOldGen: 346200K(349696K)->346200K(349696K)
[204.804s][info][gc,metaspace   ] GC(428) Metaspace: 119751K(124864K)->119751K(124864K) NonClass: 101638K(104256K)->101638K(104256K) Class: 18113K(20608K)->18113K(20608K)
[204.804s][info][gc             ] GC(428) Pause Full (Ergonomics) 395M->391M(455M) 60.665ms
[204.804s][info][gc,cpu         ] GC(428) User=0.38s Sys=0.00s Real=0.05s
[204.806s][info][gc,start       ] GC(429) Pause Full (Ergonomics)
[204.806s][info][gc,phases,start] GC(429) Marking Phase
[204.840s][info][gc,phases      ] GC(429) Marking Phase 34.258ms
[204.840s][info][gc,phases,start] GC(429) Summary Phase
[204.840s][info][gc,phases      ] GC(429) Summary Phase 0.021ms
[204.840s][info][gc,phases,start] GC(429) Adjust Roots
[204.843s][info][gc,phases      ] GC(429) Adjust Roots 3.221ms
[204.843s][info][gc,phases,start] GC(429) Compaction Phase
[204.860s][info][gc,phases      ] GC(429) Compaction Phase 16.814ms
[204.860s][info][gc,phases,start] GC(429) Post Compact
[204.863s][info][gc,phases      ] GC(429) Post Compact 2.363ms
[204.863s][info][gc,heap        ] GC(429) PSYoungGen: 58879K(116736K)->54816K(116736K) Eden: 58879K(58880K)->54816K(58880K) From: 0K(57856K)->0K(57856K)
[204.863s][info][gc,heap        ] GC(429) ParOldGen: 346200K(349696K)->346200K(349696K)
[204.863s][info][gc,metaspace   ] GC(429) Metaspace: 119751K(124864K)->119751K(124864K) NonClass: 101638K(104256K)->101638K(104256K) Class: 18113K(20608K)->18113K(20608K)
[204.863s][info][gc             ] GC(429) Pause Full (Ergonomics) 395M->391M(455M) 57.014ms
[204.863s][info][gc,cpu         ] GC(429) User=0.20s Sys=0.00s Real=0.05s
[204.865s][info][gc,start       ] GC(430) Pause Full (Ergonomics)
[204.865s][info][gc,phases,start] GC(430) Marking Phase
[204.900s][info][gc,phases      ] GC(430) Marking Phase 35.212ms
[204.900s][info][gc,phases,start] GC(430) Summary Phase
[204.900s][info][gc,phases      ] GC(430) Summary Phase 0.019ms
[204.900s][info][gc,phases,start] GC(430) Adjust Roots
[204.903s][info][gc,phases      ] GC(430) Adjust Roots 3.206ms
[204.903s][info][gc,phases,start] GC(430) Compaction Phase
[204.912s][info][gc,phases      ] GC(430) Compaction Phase 8.515ms
[204.912s][info][gc,phases,start] GC(430) Post Compact
[204.914s][info][gc,phases      ] GC(430) Post Compact 2.013ms
[204.914s][info][gc,heap        ] GC(430) PSYoungGen: 58880K(116736K)->54855K(116736K) Eden: 58880K(58880K)->54855K(58880K) From: 0K(57856K)->0K(57856K)
[204.914s][info][gc,heap        ] GC(430) ParOldGen: 346200K(349696K)->346200K(349696K)
[204.914s][info][gc,metaspace   ] GC(430) Metaspace: 119751K(124864K)->119751K(124864K) NonClass: 101638K(104256K)->101638K(104256K) Class: 18113K(20608K)->18113K(20608K)
[204.914s][info][gc             ] GC(430) Pause Full (Ergonomics) 395M->391M(455M) 49.224ms
[204.914s][info][gc,cpu         ] GC(430) User=0.38s Sys=0.00s Real=0.05s
[204.915s][info][gc,start       ] GC(431) Pause Full (Ergonomics)
[204.915s][info][gc,phases,start] GC(431) Marking Phase
[204.943s][info][gc,phases      ] GC(431) Marking Phase 27.008ms
[204.943s][info][gc,phases,start] GC(431) Summary Phase
[204.943s][info][gc,phases      ] GC(431) Summary Phase 0.019ms
[204.943s][info][gc,phases,start] GC(431) Adjust Roots
[204.946s][info][gc,phases      ] GC(431) Adjust Roots 3.771ms
[204.946s][info][gc,phases,start] GC(431) Compaction Phase
[204.958s][info][gc,phases      ] GC(431) Compaction Phase 11.516ms
[204.958s][info][gc,phases,start] GC(431) Post Compact
[204.960s][info][gc,phases      ] GC(431) Post Compact 2.006ms
[204.960s][info][gc,heap        ] GC(431) PSYoungGen: 58880K(116736K)->54849K(116736K) Eden: 58880K(58880K)->54849K(58880K) From: 0K(57856K)->0K(57856K)
[204.960s][info][gc,heap        ] GC(431) ParOldGen: 346200K(349696K)->346200K(349696K)
[204.960s][info][gc,metaspace   ] GC(431) Metaspace: 119751K(124864K)->119751K(124864K) NonClass: 101638K(104256K)->101638K(104256K) Class: 18113K(20608K)->18113K(20608K)
[204.960s][info][gc             ] GC(431) Pause Full (Ergonomics) 395M->391M(455M) 44.563ms
[204.960s][info][gc,cpu         ] GC(431) User=0.23s Sys=0.00s Real=0.04s
[204.962s][info][gc,start       ] GC(432) Pause Full (Ergonomics)
[204.962s][info][gc,phases,start] GC(432) Marking Phase
[204.993s][info][gc,phases      ] GC(432) Marking Phase 30.919ms
[204.993s][info][gc,phases,start] GC(432) Summary Phase
[204.993s][info][gc,phases      ] GC(432) Summary Phase 0.017ms
[204.993s][info][gc,phases,start] GC(432) Adjust Roots
[204.995s][info][gc,phases      ] GC(432) Adjust Roots 2.756ms
[204.995s][info][gc,phases,start] GC(432) Compaction Phase
[205.003s][info][gc,phases      ] GC(432) Compaction Phase 7.617ms
[205.003s][info][gc,phases,start] GC(432) Post Compact
[205.005s][info][gc,phases      ] GC(432) Post Compact 2.008ms
[205.005s][info][gc,heap        ] GC(432) PSYoungGen: 58879K(116736K)->54851K(116736K) Eden: 58879K(58880K)->54851K(58880K) From: 0K(57856K)->0K(57856K)
[205.005s][info][gc,heap        ] GC(432) ParOldGen: 346200K(349696K)->346200K(349696K)
[205.005s][info][gc,metaspace   ] GC(432) Metaspace: 119751K(124864K)->119751K(124864K) NonClass: 101638K(104256K)->101638K(104256K) Class: 18113K(20608K)->18113K(20608K)
[205.005s][info][gc             ] GC(432) Pause Full (Ergonomics) 395M->391M(455M) 43.590ms
[205.005s][info][gc,cpu         ] GC(432) User=0.38s Sys=0.00s Real=0.05s
[205.007s][info][gc,start       ] GC(433) Pause Full (Ergonomics)
[205.007s][info][gc,phases,start] GC(433) Marking Phase
[205.035s][info][gc,phases      ] GC(433) Marking Phase 28.188ms
[205.035s][info][gc,phases,start] GC(433) Summary Phase
[205.035s][info][gc,phases      ] GC(433) Summary Phase 0.018ms
[205.035s][info][gc,phases,start] GC(433) Adjust Roots
[205.038s][info][gc,phases      ] GC(433) Adjust Roots 2.841ms
[205.038s][info][gc,phases,start] GC(433) Compaction Phase
[205.053s][info][gc,phases      ] GC(433) Compaction Phase 15.567ms
[205.053s][info][gc,phases,start] GC(433) Post Compact
[205.056s][info][gc,phases      ] GC(433) Post Compact 2.531ms
[205.056s][info][gc,heap        ] GC(433) PSYoungGen: 58879K(116736K)->54838K(116736K) Eden: 58879K(58880K)->54838K(58880K) From: 0K(57856K)->0K(57856K)
[205.056s][info][gc,heap        ] GC(433) ParOldGen: 346200K(349696K)->346200K(349696K)
[205.056s][info][gc,metaspace   ] GC(433) Metaspace: 119751K(124864K)->119751K(124864K) NonClass: 101638K(104256K)->101638K(104256K) Class: 18113K(20608K)->18113K(20608K)
[205.056s][info][gc             ] GC(433) Pause Full (Ergonomics) 395M->391M(455M) 49.521ms
[205.056s][info][gc,cpu         ] GC(433) User=0.20s Sys=0.00s Real=0.05s
[205.058s][info][gc,start       ] GC(434) Pause Full (Ergonomics)
[205.058s][info][gc,phases,start] GC(434) Marking Phase
[205.089s][info][gc,phases      ] GC(434) Marking Phase 30.918ms
[205.089s][info][gc,phases,start] GC(434) Summary Phase
[205.089s][info][gc,phases      ] GC(434) Summary Phase 0.019ms
[205.089s][info][gc,phases,start] GC(434) Adjust Roots
[205.092s][info][gc,phases      ] GC(434) Adjust Roots 2.905ms
[205.092s][info][gc,phases,start] GC(434) Compaction Phase
[205.101s][info][gc,phases      ] GC(434) Compaction Phase 9.063ms
[205.101s][info][gc,phases,start] GC(434) Post Compact
[205.104s][info][gc,phases      ] GC(434) Post Compact 2.584ms
[205.104s][info][gc,heap        ] GC(434) PSYoungGen: 58880K(116736K)->54836K(116736K) Eden: 58880K(58880K)->54836K(58880K) From: 0K(57856K)->0K(57856K)
[205.104s][info][gc,heap        ] GC(434) ParOldGen: 346200K(349696K)->346200K(349696K)
[205.104s][info][gc,metaspace   ] GC(434) Metaspace: 119751K(124864K)->119751K(124864K) NonClass: 101638K(104256K)->101638K(104256K) Class: 18113K(20608K)->18113K(20608K)
[205.104s][info][gc             ] GC(434) Pause Full (Ergonomics) 395M->391M(455M) 45.923ms
[205.104s][info][gc,cpu         ] GC(434) User=0.36s Sys=0.00s Real=0.05s
[205.106s][info][gc,start       ] GC(435) Pause Full (Ergonomics)
[205.106s][info][gc,phases,start] GC(435) Marking Phase
[205.137s][info][gc,phases      ] GC(435) Marking Phase 31.557ms
[205.137s][info][gc,phases,start] GC(435) Summary Phase
[205.137s][info][gc,phases      ] GC(435) Summary Phase 0.018ms
[205.137s][info][gc,phases,start] GC(435) Adjust Roots
[205.140s][info][gc,phases      ] GC(435) Adjust Roots 2.801ms
[205.140s][info][gc,phases,start] GC(435) Compaction Phase
[205.148s][info][gc,phases      ] GC(435) Compaction Phase 7.962ms
[205.148s][info][gc,phases,start] GC(435) Post Compact
[205.150s][info][gc,phases      ] GC(435) Post Compact 1.958ms
[205.150s][info][gc,heap        ] GC(435) PSYoungGen: 58880K(116736K)->54822K(116736K) Eden: 58880K(58880K)->54822K(58880K) From: 0K(57856K)->0K(57856K)
[205.150s][info][gc,heap        ] GC(435) ParOldGen: 346200K(349696K)->346200K(349696K)
[205.150s][info][gc,metaspace   ] GC(435) Metaspace: 119751K(124864K)->119751K(124864K) NonClass: 101638K(104256K)->101638K(104256K) Class: 18113K(20608K)->18113K(20608K)
[205.150s][info][gc             ] GC(435) Pause Full (Ergonomics) 395M->391M(455M) 44.525ms
[205.150s][info][gc,cpu         ] GC(435) User=0.17s Sys=0.00s Real=0.03s
[205.152s][info][gc,start       ] GC(436) Pause Full (Ergonomics)
[205.152s][info][gc,phases,start] GC(436) Marking Phase
[205.192s][info][gc,phases      ] GC(436) Marking Phase 40.328ms
[205.192s][info][gc,phases,start] GC(436) Summary Phase
[205.192s][info][gc,phases      ] GC(436) Summary Phase 0.046ms
[205.192s][info][gc,phases,start] GC(436) Adjust Roots
[205.196s][info][gc,phases      ] GC(436) Adjust Roots 3.572ms
[205.196s][info][gc,phases,start] GC(436) Compaction Phase
[205.205s][info][gc,phases      ] GC(436) Compaction Phase 8.941ms
[205.205s][info][gc,phases,start] GC(436) Post Compact
[205.207s][info][gc,phases      ] GC(436) Post Compact 2.521ms
[205.207s][info][gc,heap        ] GC(436) PSYoungGen: 58880K(116736K)->54833K(116736K) Eden: 58880K(58880K)->54833K(58880K) From: 0K(57856K)->0K(57856K)
[205.207s][info][gc,heap        ] GC(436) ParOldGen: 346200K(349696K)->346200K(349696K)
[205.207s][info][gc,metaspace   ] GC(436) Metaspace: 119751K(124864K)->119751K(124864K) NonClass: 101638K(104256K)->101638K(104256K) Class: 18113K(20608K)->18113K(20608K)
[205.207s][info][gc             ] GC(436) Pause Full (Ergonomics) 395M->391M(455M) 55.814ms
[205.207s][info][gc,cpu         ] GC(436) User=0.28s Sys=0.00s Real=0.05s
[205.209s][info][gc,start       ] GC(437) Pause Full (Ergonomics)
[205.209s][info][gc,phases,start] GC(437) Marking Phase
[205.243s][info][gc,phases      ] GC(437) Marking Phase 34.224ms
[205.244s][info][gc,phases,start] GC(437) Summary Phase
[205.244s][info][gc,phases      ] GC(437) Summary Phase 0.019ms
[205.244s][info][gc,phases,start] GC(437) Adjust Roots
[205.246s][info][gc,phases      ] GC(437) Adjust Roots 2.817ms
[205.246s][info][gc,phases,start] GC(437) Compaction Phase
[205.254s][info][gc,phases      ] GC(437) Compaction Phase 7.192ms
[205.254s][info][gc,phases,start] GC(437) Post Compact
[205.256s][info][gc,phases      ] GC(437) Post Compact 2.019ms
[205.256s][info][gc,heap        ] GC(437) PSYoungGen: 58880K(116736K)->54814K(116736K) Eden: 58880K(58880K)->54814K(58880K) From: 0K(57856K)->0K(57856K)
[205.256s][info][gc,heap        ] GC(437) ParOldGen: 346200K(349696K)->346200K(349696K)
[205.256s][info][gc,metaspace   ] GC(437) Metaspace: 119751K(124864K)->119751K(124864K) NonClass: 101638K(104256K)->101638K(104256K) Class: 18113K(20608K)->18113K(20608K)
[205.256s][info][gc             ] GC(437) Pause Full (Ergonomics) 395M->391M(455M) 46.513ms
[205.256s][info][gc,cpu         ] GC(437) User=0.33s Sys=0.00s Real=0.05s
[205.257s][info][gc,start       ] GC(438) Pause Full (Ergonomics)
[205.257s][info][gc,phases,start] GC(438) Marking Phase
[205.288s][info][gc,phases      ] GC(438) Marking Phase 31.202ms
[205.288s][info][gc,phases,start] GC(438) Summary Phase
[205.289s][info][gc,phases      ] GC(438) Summary Phase 0.018ms
[205.289s][info][gc,phases,start] GC(438) Adjust Roots
[205.291s][info][gc,phases      ] GC(438) Adjust Roots 2.778ms
[205.291s][info][gc,phases,start] GC(438) Compaction Phase
[205.299s][info][gc,phases      ] GC(438) Compaction Phase 7.996ms
[205.299s][info][gc,phases,start] GC(438) Post Compact
[205.302s][info][gc,phases      ] GC(438) Post Compact 2.537ms
[205.302s][info][gc,heap        ] GC(438) PSYoungGen: 58879K(116736K)->54818K(116736K) Eden: 58879K(58880K)->54818K(58880K) From: 0K(57856K)->0K(57856K)
[205.302s][info][gc,heap        ] GC(438) ParOldGen: 346200K(349696K)->346200K(349696K)
[205.302s][info][gc,metaspace   ] GC(438) Metaspace: 119751K(124864K)->119751K(124864K) NonClass: 101638K(104256K)->101638K(104256K) Class: 18113K(20608K)->18113K(20608K)
[205.302s][info][gc             ] GC(438) Pause Full (Ergonomics) 395M->391M(455M) 44.919ms
[205.302s][info][gc,cpu         ] GC(438) User=0.47s Sys=0.00s Real=0.05s
[205.304s][info][gc,start       ] GC(439) Pause Full (Ergonomics)
[205.304s][info][gc,phases,start] GC(439) Marking Phase
[205.333s][info][gc,phases      ] GC(439) Marking Phase 29.105ms
[205.333s][info][gc,phases,start] GC(439) Summary Phase
[205.333s][info][gc,phases      ] GC(439) Summary Phase 0.018ms
[205.333s][info][gc,phases,start] GC(439) Adjust Roots
[205.336s][info][gc,phases      ] GC(439) Adjust Roots 2.814ms
[205.336s][info][gc,phases,start] GC(439) Compaction Phase
[205.344s][info][gc,phases      ] GC(439) Compaction Phase 8.005ms
[205.344s][info][gc,phases,start] GC(439) Post Compact
[205.346s][info][gc,phases      ] GC(439) Post Compact 2.107ms
[205.346s][info][gc,heap        ] GC(439) PSYoungGen: 58880K(116736K)->54819K(116736K) Eden: 58880K(58880K)->54819K(58880K) From: 0K(57856K)->0K(57856K)
[205.346s][info][gc,heap        ] GC(439) ParOldGen: 346200K(349696K)->346200K(349696K)
[205.346s][info][gc,metaspace   ] GC(439) Metaspace: 119751K(124864K)->119751K(124864K) NonClass: 101638K(104256K)->101638K(104256K) Class: 18113K(20608K)->18113K(20608K)
[205.346s][info][gc             ] GC(439) Pause Full (Ergonomics) 395M->391M(455M) 42.362ms
[205.346s][info][gc,cpu         ] GC(439) User=0.39s Sys=0.00s Real=0.05s
[205.348s][info][gc,start       ] GC(440) Pause Full (Ergonomics)
[205.348s][info][gc,phases,start] GC(440) Marking Phase
[205.374s][info][gc,phases      ] GC(440) Marking Phase 26.391ms
[205.374s][info][gc,phases,start] GC(440) Summary Phase
[205.374s][info][gc,phases      ] GC(440) Summary Phase 0.018ms
[205.374s][info][gc,phases,start] GC(440) Adjust Roots
[205.377s][info][gc,phases      ] GC(440) Adjust Roots 2.840ms
[205.377s][info][gc,phases,start] GC(440) Compaction Phase
[205.394s][info][gc,phases      ] GC(440) Compaction Phase 16.876ms
[205.394s][info][gc,phases,start] GC(440) Post Compact
[205.396s][info][gc,phases      ] GC(440) Post Compact 2.404ms
[205.396s][info][gc,heap        ] GC(440) PSYoungGen: 58879K(116736K)->54834K(116736K) Eden: 58879K(58880K)->54834K(58880K) From: 0K(57856K)->0K(57856K)
[205.396s][info][gc,heap        ] GC(440) ParOldGen: 346200K(349696K)->346200K(349696K)
[205.396s][info][gc,metaspace   ] GC(440) Metaspace: 119751K(124864K)->119751K(124864K) NonClass: 101638K(104256K)->101638K(104256K) Class: 18113K(20608K)->18113K(20608K)
[205.396s][info][gc             ] GC(440) Pause Full (Ergonomics) 395M->391M(455M) 48.882ms
[205.397s][info][gc,cpu         ] GC(440) User=0.22s Sys=0.00s Real=0.05s
[205.398s][info][gc,start       ] GC(441) Pause Full (Ergonomics)
[205.398s][info][gc,phases,start] GC(441) Marking Phase
[205.431s][info][gc,phases      ] GC(441) Marking Phase 32.861ms
[205.431s][info][gc,phases,start] GC(441) Summary Phase
[205.431s][info][gc,phases      ] GC(441) Summary Phase 0.019ms
[205.431s][info][gc,phases,start] GC(441) Adjust Roots
[205.434s][info][gc,phases      ] GC(441) Adjust Roots 2.937ms
[205.434s][info][gc,phases,start] GC(441) Compaction Phase
[205.444s][info][gc,phases      ] GC(441) Compaction Phase 10.160ms
[205.445s][info][gc,phases,start] GC(441) Post Compact
[205.447s][info][gc,phases      ] GC(441) Post Compact 2.205ms
[205.447s][info][gc,heap        ] GC(441) PSYoungGen: 58879K(116736K)->54832K(116736K) Eden: 58879K(58880K)->54832K(58880K) From: 0K(57856K)->0K(57856K)
[205.447s][info][gc,heap        ] GC(441) ParOldGen: 346200K(349696K)->346200K(349696K)
[205.447s][info][gc,metaspace   ] GC(441) Metaspace: 119751K(124864K)->119751K(124864K) NonClass: 101638K(104256K)->101638K(104256K) Class: 18113K(20608K)->18113K(20608K)
[205.447s][info][gc             ] GC(441) Pause Full (Ergonomics) 395M->391M(455M) 48.507ms
[205.447s][info][gc,cpu         ] GC(441) User=0.33s Sys=0.00s Real=0.05s
[205.448s][info][gc,start       ] GC(442) Pause Full (Ergonomics)
[205.448s][info][gc,phases,start] GC(442) Marking Phase
[205.482s][info][gc,phases      ] GC(442) Marking Phase 33.273ms
[205.482s][info][gc,phases,start] GC(442) Summary Phase
[205.482s][info][gc,phases      ] GC(442) Summary Phase 0.019ms
[205.482s][info][gc,phases,start] GC(442) Adjust Roots
[205.485s][info][gc,phases      ] GC(442) Adjust Roots 2.848ms
[205.485s][info][gc,phases,start] GC(442) Compaction Phase
[205.500s][info][gc,phases      ] GC(442) Compaction Phase 15.620ms
[205.500s][info][gc,phases,start] GC(442) Post Compact
[205.503s][info][gc,phases      ] GC(442) Post Compact 2.230ms
[205.503s][info][gc,heap        ] GC(442) PSYoungGen: 58879K(116736K)->54856K(116736K) Eden: 58879K(58880K)->54856K(58880K) From: 0K(57856K)->0K(57856K)
[205.503s][info][gc,heap        ] GC(442) ParOldGen: 346200K(349696K)->346200K(349696K)
[205.503s][info][gc,metaspace   ] GC(442) Metaspace: 119751K(124864K)->119751K(124864K) NonClass: 101638K(104256K)->101638K(104256K) Class: 18113K(20608K)->18113K(20608K)
[205.503s][info][gc             ] GC(442) Pause Full (Ergonomics) 395M->391M(455M) 54.297ms
[205.503s][info][gc,cpu         ] GC(442) User=0.22s Sys=0.00s Real=0.05s
[205.504s][info][gc,start       ] GC(443) Pause Full (Ergonomics)
[205.504s][info][gc,phases,start] GC(443) Marking Phase
[205.538s][info][gc,phases      ] GC(443) Marking Phase 33.847ms
[205.538s][info][gc,phases,start] GC(443) Summary Phase
[205.538s][info][gc,phases      ] GC(443) Summary Phase 0.020ms
[205.538s][info][gc,phases,start] GC(443) Adjust Roots
[205.541s][info][gc,phases      ] GC(443) Adjust Roots 2.813ms
[205.541s][info][gc,phases,start] GC(443) Compaction Phase
[205.549s][info][gc,phases      ] GC(443) Compaction Phase 7.906ms
[205.549s][info][gc,phases,start] GC(443) Post Compact
[205.552s][info][gc,phases      ] GC(443) Post Compact 2.532ms
[205.552s][info][gc,heap        ] GC(443) PSYoungGen: 58879K(116736K)->54836K(116736K) Eden: 58879K(58880K)->54836K(58880K) From: 0K(57856K)->0K(57856K)
[205.552s][info][gc,heap        ] GC(443) ParOldGen: 346200K(349696K)->346200K(349696K)
[205.552s][info][gc,metaspace   ] GC(443) Metaspace: 119751K(124864K)->119751K(124864K) NonClass: 101638K(104256K)->101638K(104256K) Class: 18113K(20608K)->18113K(20608K)
[205.552s][info][gc             ] GC(443) Pause Full (Ergonomics) 395M->391M(455M) 47.561ms
[205.552s][info][gc,cpu         ] GC(443) User=0.39s Sys=0.00s Real=0.06s
[205.553s][info][gc,start       ] GC(444) Pause Full (Ergonomics)
[205.553s][info][gc,phases,start] GC(444) Marking Phase
[205.583s][info][gc,phases      ] GC(444) Marking Phase 29.807ms
[205.583s][info][gc,phases,start] GC(444) Summary Phase
[205.583s][info][gc,phases      ] GC(444) Summary Phase 0.018ms
[205.583s][info][gc,phases,start] GC(444) Adjust Roots
[205.586s][info][gc,phases      ] GC(444) Adjust Roots 3.013ms
[205.586s][info][gc,phases,start] GC(444) Compaction Phase
[205.594s][info][gc,phases      ] GC(444) Compaction Phase 7.443ms
[205.594s][info][gc,phases,start] GC(444) Post Compact
[205.596s][info][gc,phases      ] GC(444) Post Compact 2.101ms
[205.596s][info][gc,heap        ] GC(444) PSYoungGen: 58880K(116736K)->54835K(116736K) Eden: 58880K(58880K)->54835K(58880K) From: 0K(57856K)->0K(57856K)
[205.596s][info][gc,heap        ] GC(444) ParOldGen: 346200K(349696K)->346200K(349696K)
[205.596s][info][gc,metaspace   ] GC(444) Metaspace: 119751K(124864K)->119751K(124864K) NonClass: 101638K(104256K)->101638K(104256K) Class: 18113K(20608K)->18113K(20608K)
[205.596s][info][gc             ] GC(444) Pause Full (Ergonomics) 395M->391M(455M) 42.675ms
[205.596s][info][gc,cpu         ] GC(444) User=0.17s Sys=0.00s Real=0.03s
[205.598s][info][gc,start       ] GC(445) Pause Full (Ergonomics)
[205.598s][info][gc,phases,start] GC(445) Marking Phase
[205.626s][info][gc,phases      ] GC(445) Marking Phase 28.863ms
[205.626s][info][gc,phases,start] GC(445) Summary Phase
[205.626s][info][gc,phases      ] GC(445) Summary Phase 0.019ms
[205.627s][info][gc,phases,start] GC(445) Adjust Roots
[205.630s][info][gc,phases      ] GC(445) Adjust Roots 3.539ms
[205.630s][info][gc,phases,start] GC(445) Compaction Phase
[205.637s][info][gc,phases      ] GC(445) Compaction Phase 7.133ms
[205.637s][info][gc,phases,start] GC(445) Post Compact
[205.639s][info][gc,phases      ] GC(445) Post Compact 2.021ms
[205.639s][info][gc,heap        ] GC(445) PSYoungGen: 58880K(116736K)->54832K(116736K) Eden: 58880K(58880K)->54832K(58880K) From: 0K(57856K)->0K(57856K)
[205.639s][info][gc,heap        ] GC(445) ParOldGen: 346200K(349696K)->346200K(349696K)
[205.639s][info][gc,metaspace   ] GC(445) Metaspace: 119751K(124864K)->119751K(124864K) NonClass: 101638K(104256K)->101638K(104256K) Class: 18113K(20608K)->18113K(20608K)
[205.639s][info][gc             ] GC(445) Pause Full (Ergonomics) 395M->391M(455M) 41.800ms
[205.639s][info][gc,cpu         ] GC(445) User=0.41s Sys=0.00s Real=0.05s
[205.641s][info][gc,start       ] GC(446) Pause Full (Ergonomics)
[205.641s][info][gc,phases,start] GC(446) Marking Phase
[205.672s][info][gc,phases      ] GC(446) Marking Phase 31.420ms
[205.672s][info][gc,phases,start] GC(446) Summary Phase
[205.672s][info][gc,phases      ] GC(446) Summary Phase 0.019ms
[205.672s][info][gc,phases,start] GC(446) Adjust Roots
[205.675s][info][gc,phases      ] GC(446) Adjust Roots 2.839ms
[205.675s][info][gc,phases,start] GC(446) Compaction Phase
[205.686s][info][gc,phases      ] GC(446) Compaction Phase 10.229ms
[205.686s][info][gc,phases,start] GC(446) Post Compact
[205.688s][info][gc,phases      ] GC(446) Post Compact 2.205ms
[205.688s][info][gc,heap        ] GC(446) PSYoungGen: 58880K(116736K)->54815K(116736K) Eden: 58880K(58880K)->54815K(58880K) From: 0K(57856K)->0K(57856K)
[205.688s][info][gc,heap        ] GC(446) ParOldGen: 346200K(349696K)->346200K(349696K)
[205.688s][info][gc,metaspace   ] GC(446) Metaspace: 119751K(124864K)->119751K(124864K) NonClass: 101638K(104256K)->101638K(104256K) Class: 18113K(20608K)->18113K(20608K)
[205.688s][info][gc             ] GC(446) Pause Full (Ergonomics) 395M->391M(455M) 47.024ms
[205.688s][info][gc,cpu         ] GC(446) User=0.19s Sys=0.00s Real=0.05s
[205.690s][info][gc,start       ] GC(447) Pause Full (Ergonomics)
[205.690s][info][gc,phases,start] GC(447) Marking Phase
[205.727s][info][gc,phases      ] GC(447) Marking Phase 36.908ms
[205.727s][info][gc,phases,start] GC(447) Summary Phase
[205.727s][info][gc,phases      ] GC(447) Summary Phase 0.044ms
[205.727s][info][gc,phases,start] GC(447) Adjust Roots
[205.731s][info][gc,phases      ] GC(447) Adjust Roots 4.050ms
[205.731s][info][gc,phases,start] GC(447) Compaction Phase
[205.741s][info][gc,phases      ] GC(447) Compaction Phase 10.320ms
[205.741s][info][gc,phases,start] GC(447) Post Compact
[205.744s][info][gc,phases      ] GC(447) Post Compact 2.570ms
[205.744s][info][gc,heap        ] GC(447) PSYoungGen: 58880K(116736K)->54799K(116736K) Eden: 58880K(58880K)->54799K(58880K) From: 0K(57856K)->0K(57856K)
[205.744s][info][gc,heap        ] GC(447) ParOldGen: 346200K(349696K)->346200K(349696K)
[205.744s][info][gc,metaspace   ] GC(447) Metaspace: 119751K(124864K)->119751K(124864K) NonClass: 101638K(104256K)->101638K(104256K) Class: 18113K(20608K)->18113K(20608K)
[205.744s][info][gc             ] GC(447) Pause Full (Ergonomics) 395M->391M(455M) 54.298ms
[205.744s][info][gc,cpu         ] GC(447) User=0.28s Sys=0.00s Real=0.05s
[205.746s][info][gc,start       ] GC(448) Pause Full (Ergonomics)
[205.746s][info][gc,phases,start] GC(448) Marking Phase
[205.781s][info][gc,phases      ] GC(448) Marking Phase 34.841ms
[205.781s][info][gc,phases,start] GC(448) Summary Phase
[205.781s][info][gc,phases      ] GC(448) Summary Phase 0.017ms
[205.781s][info][gc,phases,start] GC(448) Adjust Roots
[205.784s][info][gc,phases      ] GC(448) Adjust Roots 2.760ms
[205.784s][info][gc,phases,start] GC(448) Compaction Phase
[205.792s][info][gc,phases      ] GC(448) Compaction Phase 8.265ms
[205.792s][info][gc,phases,start] GC(448) Post Compact
[205.794s][info][gc,phases      ] GC(448) Post Compact 1.905ms
[205.794s][info][gc,heap        ] GC(448) PSYoungGen: 58879K(116736K)->54801K(116736K) Eden: 58879K(58880K)->54801K(58880K) From: 0K(57856K)->0K(57856K)
[205.794s][info][gc,heap        ] GC(448) ParOldGen: 346200K(349696K)->346200K(349696K)
[205.794s][info][gc,metaspace   ] GC(448) Metaspace: 119751K(124864K)->119751K(124864K) NonClass: 101638K(104256K)->101638K(104256K) Class: 18113K(20608K)->18113K(20608K)
[205.794s][info][gc             ] GC(448) Pause Full (Ergonomics) 395M->391M(455M) 48.017ms
[205.794s][info][gc,cpu         ] GC(448) User=0.33s Sys=0.00s Real=0.05s
[205.795s][info][gc,start       ] GC(449) Pause Full (Ergonomics)
[205.795s][info][gc,phases,start] GC(449) Marking Phase
[205.825s][info][gc,phases      ] GC(449) Marking Phase 29.568ms
[205.825s][info][gc,phases,start] GC(449) Summary Phase
[205.825s][info][gc,phases      ] GC(449) Summary Phase 0.018ms
[205.825s][info][gc,phases,start] GC(449) Adjust Roots
[205.828s][info][gc,phases      ] GC(449) Adjust Roots 2.994ms
[205.828s][info][gc,phases,start] GC(449) Compaction Phase
[205.845s][info][gc,phases      ] GC(449) Compaction Phase 17.240ms
[205.845s][info][gc,phases,start] GC(449) Post Compact
[205.848s][info][gc,phases      ] GC(449) Post Compact 2.195ms
[205.848s][info][gc,heap        ] GC(449) PSYoungGen: 58880K(116736K)->54845K(116736K) Eden: 58880K(58880K)->54845K(58880K) From: 0K(57856K)->0K(57856K)
[205.848s][info][gc,heap        ] GC(449) ParOldGen: 346200K(349696K)->346200K(349696K)
[205.848s][info][gc,metaspace   ] GC(449) Metaspace: 119751K(124864K)->119751K(124864K) NonClass: 101638K(104256K)->101638K(104256K) Class: 18113K(20608K)->18113K(20608K)
[205.848s][info][gc             ] GC(449) Pause Full (Ergonomics) 395M->391M(455M) 52.292ms
[205.848s][info][gc,cpu         ] GC(449) User=0.34s Sys=0.00s Real=0.06s
[205.849s][info][gc,start       ] GC(450) Pause Full (Ergonomics)
[205.849s][info][gc,phases,start] GC(450) Marking Phase
[205.889s][info][gc,phases      ] GC(450) Marking Phase 39.671ms
[205.889s][info][gc,phases,start] GC(450) Summary Phase
[205.889s][info][gc,phases      ] GC(450) Summary Phase 0.045ms
[205.889s][info][gc,phases,start] GC(450) Adjust Roots
[205.893s][info][gc,phases      ] GC(450) Adjust Roots 3.597ms
[205.893s][info][gc,phases,start] GC(450) Compaction Phase
[205.903s][info][gc,phases      ] GC(450) Compaction Phase 10.526ms
[205.903s][info][gc,phases,start] GC(450) Post Compact
[205.906s][info][gc,phases      ] GC(450) Post Compact 2.605ms
[205.906s][info][gc,heap        ] GC(450) PSYoungGen: 58879K(116736K)->54823K(116736K) Eden: 58879K(58880K)->54823K(58880K) From: 0K(57856K)->0K(57856K)
[205.906s][info][gc,heap        ] GC(450) ParOldGen: 346200K(349696K)->346200K(349696K)
[205.906s][info][gc,metaspace   ] GC(450) Metaspace: 119751K(124864K)->119751K(124864K) NonClass: 101638K(104256K)->101638K(104256K) Class: 18113K(20608K)->18113K(20608K)
[205.906s][info][gc             ] GC(450) Pause Full (Ergonomics) 395M->391M(455M) 56.858ms
[205.906s][info][gc,cpu         ] GC(450) User=0.48s Sys=0.00s Real=0.06s
[205.908s][info][gc,start       ] GC(451) Pause Full (Ergonomics)
[205.908s][info][gc,phases,start] GC(451) Marking Phase
[205.938s][info][gc,phases      ] GC(451) Marking Phase 29.231ms
[205.938s][info][gc,phases,start] GC(451) Summary Phase
[205.938s][info][gc,phases      ] GC(451) Summary Phase 0.019ms
[205.938s][info][gc,phases,start] GC(451) Adjust Roots
[205.941s][info][gc,phases      ] GC(451) Adjust Roots 2.907ms
[205.941s][info][gc,phases,start] GC(451) Compaction Phase
[205.948s][info][gc,phases      ] GC(451) Compaction Phase 7.178ms
[205.948s][info][gc,phases,start] GC(451) Post Compact
[205.950s][info][gc,phases      ] GC(451) Post Compact 2.092ms
[205.950s][info][gc,heap        ] GC(451) PSYoungGen: 58879K(116736K)->54831K(116736K) Eden: 58879K(58880K)->54831K(58880K) From: 0K(57856K)->0K(57856K)
[205.950s][info][gc,heap        ] GC(451) ParOldGen: 346200K(349696K)->346200K(349696K)
[205.950s][info][gc,metaspace   ] GC(451) Metaspace: 119751K(124864K)->119751K(124864K) NonClass: 101638K(104256K)->101638K(104256K) Class: 18113K(20608K)->18113K(20608K)
[205.950s][info][gc             ] GC(451) Pause Full (Ergonomics) 395M->391M(455M) 41.743ms
[205.950s][info][gc,cpu         ] GC(451) User=0.17s Sys=0.00s Real=0.03s
[205.951s][info][gc,start       ] GC(452) Pause Full (Ergonomics)
[205.951s][info][gc,phases,start] GC(452) Marking Phase
[205.983s][info][gc,phases      ] GC(452) Marking Phase 31.790ms
[205.983s][info][gc,phases,start] GC(452) Summary Phase
[205.983s][info][gc,phases      ] GC(452) Summary Phase 0.025ms
[205.983s][info][gc,phases,start] GC(452) Adjust Roots
[205.986s][info][gc,phases      ] GC(452) Adjust Roots 2.783ms
[205.986s][info][gc,phases,start] GC(452) Compaction Phase
[205.994s][info][gc,phases      ] GC(452) Compaction Phase 8.273ms
[205.994s][info][gc,phases,start] GC(452) Post Compact
[205.997s][info][gc,phases      ] GC(452) Post Compact 2.548ms
[205.997s][info][gc,heap        ] GC(452) PSYoungGen: 58880K(116736K)->54850K(116736K) Eden: 58880K(58880K)->54850K(58880K) From: 0K(57856K)->0K(57856K)
[205.997s][info][gc,heap        ] GC(452) ParOldGen: 346200K(349696K)->346200K(349696K)
[205.997s][info][gc,metaspace   ] GC(452) Metaspace: 119751K(124864K)->119751K(124864K) NonClass: 101638K(104256K)->101638K(104256K) Class: 18113K(20608K)->18113K(20608K)
[205.997s][info][gc             ] GC(452) Pause Full (Ergonomics) 395M->391M(455M) 45.798ms
[205.997s][info][gc,cpu         ] GC(452) User=0.31s Sys=0.02s Real=0.05s
[205.999s][info][gc,start       ] GC(453) Pause Full (Ergonomics)
[205.999s][info][gc,phases,start] GC(453) Marking Phase
[206.029s][info][gc,phases      ] GC(453) Marking Phase 30.201ms
[206.029s][info][gc,phases,start] GC(453) Summary Phase
[206.029s][info][gc,phases      ] GC(453) Summary Phase 0.017ms
[206.029s][info][gc,phases,start] GC(453) Adjust Roots
[206.032s][info][gc,phases      ] GC(453) Adjust Roots 2.774ms
[206.032s][info][gc,phases,start] GC(453) Compaction Phase
[206.039s][info][gc,phases      ] GC(453) Compaction Phase 7.054ms
[206.039s][info][gc,phases,start] GC(453) Post Compact
[206.041s][info][gc,phases      ] GC(453) Post Compact 2.022ms
[206.041s][info][gc,heap        ] GC(453) PSYoungGen: 58880K(116736K)->54826K(116736K) Eden: 58880K(58880K)->54826K(58880K) From: 0K(57856K)->0K(57856K)
[206.041s][info][gc,heap        ] GC(453) ParOldGen: 346200K(349696K)->346200K(349696K)
[206.041s][info][gc,metaspace   ] GC(453) Metaspace: 119751K(124864K)->119751K(124864K) NonClass: 101638K(104256K)->101638K(104256K) Class: 18113K(20608K)->18113K(20608K)
[206.041s][info][gc             ] GC(453) Pause Full (Ergonomics) 395M->391M(455M) 42.339ms
[206.041s][info][gc,cpu         ] GC(453) User=0.17s Sys=0.00s Real=0.03s
[206.043s][info][gc,start       ] GC(454) Pause Full (Ergonomics)
[206.043s][info][gc,phases,start] GC(454) Marking Phase
[206.074s][info][gc,phases      ] GC(454) Marking Phase 31.205ms
[206.074s][info][gc,phases,start] GC(454) Summary Phase
[206.074s][info][gc,phases      ] GC(454) Summary Phase 0.022ms
[206.074s][info][gc,phases,start] GC(454) Adjust Roots
[206.078s][info][gc,phases      ] GC(454) Adjust Roots 3.891ms
[206.078s][info][gc,phases,start] GC(454) Compaction Phase
[206.089s][info][gc,phases      ] GC(454) Compaction Phase 10.933ms
[206.089s][info][gc,phases,start] GC(454) Post Compact
[206.091s][info][gc,phases      ] GC(454) Post Compact 1.961ms
[206.091s][info][gc,heap        ] GC(454) PSYoungGen: 58880K(116736K)->54822K(116736K) Eden: 58880K(58880K)->54822K(58880K) From: 0K(57856K)->0K(57856K)
[206.091s][info][gc,heap        ] GC(454) ParOldGen: 346200K(349696K)->346200K(349696K)
[206.091s][info][gc,metaspace   ] GC(454) Metaspace: 119751K(124864K)->119751K(124864K) NonClass: 101638K(104256K)->101638K(104256K) Class: 18113K(20608K)->18113K(20608K)
[206.091s][info][gc             ] GC(454) Pause Full (Ergonomics) 395M->391M(455M) 48.280ms
[206.091s][info][gc,cpu         ] GC(454) User=0.20s Sys=0.00s Real=0.05s
[206.093s][info][gc,start       ] GC(455) Pause Full (Ergonomics)
[206.093s][info][gc,phases,start] GC(455) Marking Phase
[206.127s][info][gc,phases      ] GC(455) Marking Phase 33.785ms
[206.127s][info][gc,phases,start] GC(455) Summary Phase
[206.127s][info][gc,phases      ] GC(455) Summary Phase 0.020ms
[206.127s][info][gc,phases,start] GC(455) Adjust Roots
[206.130s][info][gc,phases      ] GC(455) Adjust Roots 3.138ms
[206.130s][info][gc,phases,start] GC(455) Compaction Phase
[206.138s][info][gc,phases      ] GC(455) Compaction Phase 8.286ms
[206.138s][info][gc,phases,start] GC(455) Post Compact
[206.140s][info][gc,phases      ] GC(455) Post Compact 2.214ms
[206.140s][info][gc,heap        ] GC(455) PSYoungGen: 58880K(116736K)->54822K(116736K) Eden: 58880K(58880K)->54822K(58880K) From: 0K(57856K)->0K(57856K)
[206.140s][info][gc,heap        ] GC(455) ParOldGen: 346200K(349696K)->346200K(349696K)
[206.140s][info][gc,metaspace   ] GC(455) Metaspace: 119751K(124864K)->119751K(124864K) NonClass: 101638K(104256K)->101638K(104256K) Class: 18113K(20608K)->18113K(20608K)
[206.140s][info][gc             ] GC(455) Pause Full (Ergonomics) 395M->391M(455M) 47.739ms
[206.140s][info][gc,cpu         ] GC(455) User=0.19s Sys=0.02s Real=0.05s
[206.142s][info][gc,start       ] GC(456) Pause Full (Ergonomics)
[206.142s][info][gc,phases,start] GC(456) Marking Phase
[206.174s][info][gc,phases      ] GC(456) Marking Phase 32.474ms
[206.174s][info][gc,phases,start] GC(456) Summary Phase
[206.174s][info][gc,phases      ] GC(456) Summary Phase 0.019ms
[206.174s][info][gc,phases,start] GC(456) Adjust Roots
[206.177s][info][gc,phases      ] GC(456) Adjust Roots 2.795ms
[206.177s][info][gc,phases,start] GC(456) Compaction Phase
[206.186s][info][gc,phases      ] GC(456) Compaction Phase 8.653ms
[206.186s][info][gc,phases,start] GC(456) Post Compact
[206.188s][info][gc,phases      ] GC(456) Post Compact 2.053ms
[206.188s][info][gc,heap        ] GC(456) PSYoungGen: 58880K(116736K)->54870K(116736K) Eden: 58880K(58880K)->54870K(58880K) From: 0K(57856K)->0K(57856K)
[206.188s][info][gc,heap        ] GC(456) ParOldGen: 346200K(349696K)->346200K(349696K)
[206.188s][info][gc,metaspace   ] GC(456) Metaspace: 119751K(124864K)->119751K(124864K) NonClass: 101638K(104256K)->101638K(104256K) Class: 18113K(20608K)->18113K(20608K)
[206.188s][info][gc             ] GC(456) Pause Full (Ergonomics) 395M->391M(455M) 46.254ms
[206.188s][info][gc,cpu         ] GC(456) User=0.19s Sys=0.00s Real=0.05s
[206.190s][info][gc,start       ] GC(457) Pause Full (Ergonomics)
[206.190s][info][gc,phases,start] GC(457) Marking Phase
[206.220s][info][gc,phases      ] GC(457) Marking Phase 30.422ms
[206.220s][info][gc,phases,start] GC(457) Summary Phase
[206.220s][info][gc,phases      ] GC(457) Summary Phase 0.018ms
[206.220s][info][gc,phases,start] GC(457) Adjust Roots
[206.223s][info][gc,phases      ] GC(457) Adjust Roots 3.125ms
[206.223s][info][gc,phases,start] GC(457) Compaction Phase
[206.231s][info][gc,phases      ] GC(457) Compaction Phase 7.410ms
[206.231s][info][gc,phases,start] GC(457) Post Compact
[206.233s][info][gc,phases      ] GC(457) Post Compact 2.022ms
[206.233s][info][gc,heap        ] GC(457) PSYoungGen: 58880K(116736K)->54855K(116736K) Eden: 58880K(58880K)->54855K(58880K) From: 0K(57856K)->0K(57856K)
[206.233s][info][gc,heap        ] GC(457) ParOldGen: 346200K(349696K)->346200K(349696K)
[206.233s][info][gc,metaspace   ] GC(457) Metaspace: 119751K(124864K)->119751K(124864K) NonClass: 101638K(104256K)->101638K(104256K) Class: 18113K(20608K)->18113K(20608K)
[206.233s][info][gc             ] GC(457) Pause Full (Ergonomics) 395M->391M(455M) 43.262ms
[206.233s][info][gc,cpu         ] GC(457) User=0.17s Sys=0.00s Real=0.03s
[206.234s][info][gc,start       ] GC(458) Pause Full (Ergonomics)
[206.234s][info][gc,phases,start] GC(458) Marking Phase
[206.262s][info][gc,phases      ] GC(458) Marking Phase 27.375ms
[206.262s][info][gc,phases,start] GC(458) Summary Phase
[206.262s][info][gc,phases      ] GC(458) Summary Phase 0.019ms
[206.262s][info][gc,phases,start] GC(458) Adjust Roots
[206.265s][info][gc,phases      ] GC(458) Adjust Roots 3.406ms
[206.265s][info][gc,phases,start] GC(458) Compaction Phase
[206.273s][info][gc,phases      ] GC(458) Compaction Phase 7.977ms
[206.273s][info][gc,phases,start] GC(458) Post Compact
[206.276s][info][gc,phases      ] GC(458) Post Compact 2.541ms
[206.276s][info][gc,heap        ] GC(458) PSYoungGen: 58880K(116736K)->54812K(116736K) Eden: 58880K(58880K)->54812K(58880K) From: 0K(57856K)->0K(57856K)
[206.276s][info][gc,heap        ] GC(458) ParOldGen: 346200K(349696K)->346200K(349696K)
[206.276s][info][gc,metaspace   ] GC(458) Metaspace: 119751K(124864K)->119751K(124864K) NonClass: 101638K(104256K)->101638K(104256K) Class: 18113K(20608K)->18113K(20608K)
[206.276s][info][gc             ] GC(458) Pause Full (Ergonomics) 395M->391M(455M) 41.717ms
[206.276s][info][gc,cpu         ] GC(458) User=0.17s Sys=0.00s Real=0.03s
[206.278s][info][gc,start       ] GC(459) Pause Full (Ergonomics)
[206.278s][info][gc,phases,start] GC(459) Marking Phase
[206.307s][info][gc,phases      ] GC(459) Marking Phase 29.351ms
[206.307s][info][gc,phases,start] GC(459) Summary Phase
[206.307s][info][gc,phases      ] GC(459) Summary Phase 0.020ms
[206.307s][info][gc,phases,start] GC(459) Adjust Roots
[206.310s][info][gc,phases      ] GC(459) Adjust Roots 2.963ms
[206.310s][info][gc,phases,start] GC(459) Compaction Phase
[206.318s][info][gc,phases      ] GC(459) Compaction Phase 7.658ms
[206.318s][info][gc,phases,start] GC(459) Post Compact
[206.320s][info][gc,phases      ] GC(459) Post Compact 2.019ms
[206.320s][info][gc,heap        ] GC(459) PSYoungGen: 58880K(116736K)->54828K(116736K) Eden: 58880K(58880K)->54828K(58880K) From: 0K(57856K)->0K(57856K)
[206.320s][info][gc,heap        ] GC(459) ParOldGen: 346200K(349696K)->346200K(349696K)
[206.320s][info][gc,metaspace   ] GC(459) Metaspace: 119751K(124864K)->119751K(124864K) NonClass: 101638K(104256K)->101638K(104256K) Class: 18113K(20608K)->18113K(20608K)
[206.320s][info][gc             ] GC(459) Pause Full (Ergonomics) 395M->391M(455M) 42.250ms
[206.320s][info][gc,cpu         ] GC(459) User=0.44s Sys=0.00s Real=0.05s
[206.321s][info][gc,start       ] GC(460) Pause Full (Ergonomics)
[206.321s][info][gc,phases,start] GC(460) Marking Phase
[206.350s][info][gc,phases      ] GC(460) Marking Phase 28.940ms
[206.350s][info][gc,phases,start] GC(460) Summary Phase
[206.350s][info][gc,phases      ] GC(460) Summary Phase 0.032ms
[206.350s][info][gc,phases,start] GC(460) Adjust Roots
[206.353s][info][gc,phases      ] GC(460) Adjust Roots 2.982ms
[206.353s][info][gc,phases,start] GC(460) Compaction Phase
[206.370s][info][gc,phases      ] GC(460) Compaction Phase 16.993ms
[206.371s][info][gc,phases,start] GC(460) Post Compact
[206.373s][info][gc,phases      ] GC(460) Post Compact 2.237ms
[206.373s][info][gc,heap        ] GC(460) PSYoungGen: 58880K(116736K)->54836K(116736K) Eden: 58880K(58880K)->54836K(58880K) From: 0K(57856K)->0K(57856K)
[206.373s][info][gc,heap        ] GC(460) ParOldGen: 346200K(349696K)->346200K(349696K)
[206.373s][info][gc,metaspace   ] GC(460) Metaspace: 119751K(124864K)->119751K(124864K) NonClass: 101638K(104256K)->101638K(104256K) Class: 18113K(20608K)->18113K(20608K)
[206.373s][info][gc             ] GC(460) Pause Full (Ergonomics) 395M->391M(455M) 51.545ms
[206.373s][info][gc,cpu         ] GC(460) User=0.39s Sys=0.00s Real=0.05s
[206.375s][info][gc,start       ] GC(461) Pause Full (Ergonomics)
[206.375s][info][gc,phases,start] GC(461) Marking Phase
[206.409s][info][gc,phases      ] GC(461) Marking Phase 34.030ms
[206.409s][info][gc,phases,start] GC(461) Summary Phase
[206.409s][info][gc,phases      ] GC(461) Summary Phase 0.035ms
[206.409s][info][gc,phases,start] GC(461) Adjust Roots
[206.413s][info][gc,phases      ] GC(461) Adjust Roots 4.047ms
[206.413s][info][gc,phases,start] GC(461) Compaction Phase
[206.430s][info][gc,phases      ] GC(461) Compaction Phase 17.298ms
[206.430s][info][gc,phases,start] GC(461) Post Compact
[206.433s][info][gc,phases      ] GC(461) Post Compact 2.625ms
[206.433s][info][gc,heap        ] GC(461) PSYoungGen: 58879K(116736K)->54832K(116736K) Eden: 58879K(58880K)->54832K(58880K) From: 0K(57856K)->0K(57856K)
[206.433s][info][gc,heap        ] GC(461) ParOldGen: 346200K(349696K)->346200K(349696K)
[206.433s][info][gc,metaspace   ] GC(461) Metaspace: 119751K(124864K)->119751K(124864K) NonClass: 101638K(104256K)->101638K(104256K) Class: 18113K(20608K)->18113K(20608K)
[206.433s][info][gc             ] GC(461) Pause Full (Ergonomics) 395M->391M(455M) 58.434ms
[206.433s][info][gc,cpu         ] GC(461) User=0.23s Sys=0.00s Real=0.05s
[206.435s][info][gc,start       ] GC(462) Pause Full (Ergonomics)
[206.435s][info][gc,phases,start] GC(462) Marking Phase
[206.473s][info][gc,phases      ] GC(462) Marking Phase 37.791ms
[206.473s][info][gc,phases,start] GC(462) Summary Phase
[206.473s][info][gc,phases      ] GC(462) Summary Phase 0.040ms
[206.473s][info][gc,phases,start] GC(462) Adjust Roots
[206.476s][info][gc,phases      ] GC(462) Adjust Roots 2.882ms
[206.476s][info][gc,phases,start] GC(462) Compaction Phase
[206.484s][info][gc,phases      ] GC(462) Compaction Phase 8.043ms
[206.484s][info][gc,phases,start] GC(462) Post Compact
[206.487s][info][gc,phases      ] GC(462) Post Compact 2.714ms
[206.487s][info][gc,heap        ] GC(462) PSYoungGen: 58879K(116736K)->54825K(116736K) Eden: 58879K(58880K)->54825K(58880K) From: 0K(57856K)->0K(57856K)
[206.487s][info][gc,heap        ] GC(462) ParOldGen: 346200K(349696K)->346200K(349696K)
[206.487s][info][gc,metaspace   ] GC(462) Metaspace: 119751K(124864K)->119751K(124864K) NonClass: 101638K(104256K)->101638K(104256K) Class: 18113K(20608K)->18113K(20608K)
[206.487s][info][gc             ] GC(462) Pause Full (Ergonomics) 395M->391M(455M) 52.003ms
[206.487s][info][gc,cpu         ] GC(462) User=0.39s Sys=0.00s Real=0.06s
[206.489s][info][gc,start       ] GC(463) Pause Full (Ergonomics)
[206.489s][info][gc,phases,start] GC(463) Marking Phase
[206.524s][info][gc,phases      ] GC(463) Marking Phase 34.541ms
[206.524s][info][gc,phases,start] GC(463) Summary Phase
[206.524s][info][gc,phases      ] GC(463) Summary Phase 0.044ms
[206.524s][info][gc,phases,start] GC(463) Adjust Roots
[206.527s][info][gc,phases      ] GC(463) Adjust Roots 2.947ms
[206.527s][info][gc,phases,start] GC(463) Compaction Phase
[206.535s][info][gc,phases      ] GC(463) Compaction Phase 8.523ms
[206.535s][info][gc,phases,start] GC(463) Post Compact
[206.538s][info][gc,phases      ] GC(463) Post Compact 2.549ms
[206.538s][info][gc,heap        ] GC(463) PSYoungGen: 58879K(116736K)->54801K(116736K) Eden: 58879K(58880K)->54801K(58880K) From: 0K(57856K)->0K(57856K)
[206.538s][info][gc,heap        ] GC(463) ParOldGen: 346200K(349696K)->346200K(349696K)
[206.538s][info][gc,metaspace   ] GC(463) Metaspace: 119751K(124864K)->119751K(124864K) NonClass: 101638K(104256K)->101638K(104256K) Class: 18113K(20608K)->18113K(20608K)
[206.538s][info][gc             ] GC(463) Pause Full (Ergonomics) 395M->391M(455M) 49.029ms
[206.538s][info][gc,cpu         ] GC(463) User=0.25s Sys=0.00s Real=0.05s
[206.540s][info][gc,start       ] GC(464) Pause Full (Ergonomics)
[206.540s][info][gc,phases,start] GC(464) Marking Phase
[206.569s][info][gc,phases      ] GC(464) Marking Phase 28.391ms
[206.569s][info][gc,phases,start] GC(464) Summary Phase
[206.569s][info][gc,phases      ] GC(464) Summary Phase 0.022ms
[206.569s][info][gc,phases,start] GC(464) Adjust Roots
[206.572s][info][gc,phases      ] GC(464) Adjust Roots 3.335ms
[206.572s][info][gc,phases,start] GC(464) Compaction Phase
[206.580s][info][gc,phases      ] GC(464) Compaction Phase 8.350ms
[206.580s][info][gc,phases,start] GC(464) Post Compact
[206.582s][info][gc,phases      ] GC(464) Post Compact 2.019ms
[206.582s][info][gc,heap        ] GC(464) PSYoungGen: 58879K(116736K)->54854K(116736K) Eden: 58879K(58880K)->54854K(58880K) From: 0K(57856K)->0K(57856K)
[206.582s][info][gc,heap        ] GC(464) ParOldGen: 346200K(349696K)->346200K(349696K)
[206.582s][info][gc,metaspace   ] GC(464) Metaspace: 119751K(124864K)->119751K(124864K) NonClass: 101638K(104256K)->101638K(104256K) Class: 18113K(20608K)->18113K(20608K)
[206.582s][info][gc             ] GC(464) Pause Full (Ergonomics) 395M->391M(455M) 42.362ms
[206.582s][info][gc,cpu         ] GC(464) User=0.17s Sys=0.00s Real=0.03s
[206.584s][info][gc,start       ] GC(465) Pause Full (Ergonomics)
[206.584s][info][gc,phases,start] GC(465) Marking Phase
[206.615s][info][gc,phases      ] GC(465) Marking Phase 31.256ms
[206.615s][info][gc,phases,start] GC(465) Summary Phase
[206.615s][info][gc,phases      ] GC(465) Summary Phase 0.018ms
[206.615s][info][gc,phases,start] GC(465) Adjust Roots
[206.618s][info][gc,phases      ] GC(465) Adjust Roots 2.808ms
[206.618s][info][gc,phases,start] GC(465) Compaction Phase
[206.627s][info][gc,phases      ] GC(465) Compaction Phase 8.300ms
[206.627s][info][gc,phases,start] GC(465) Post Compact
[206.629s][info][gc,phases      ] GC(465) Post Compact 2.529ms
[206.629s][info][gc,heap        ] GC(465) PSYoungGen: 58880K(116736K)->54868K(116736K) Eden: 58880K(58880K)->54868K(58880K) From: 0K(57856K)->0K(57856K)
[206.629s][info][gc,heap        ] GC(465) ParOldGen: 346200K(349696K)->346200K(349696K)
[206.629s][info][gc,metaspace   ] GC(465) Metaspace: 119751K(124864K)->119751K(124864K) NonClass: 101638K(104256K)->101638K(104256K) Class: 18113K(20608K)->18113K(20608K)
[206.629s][info][gc             ] GC(465) Pause Full (Ergonomics) 395M->391M(455M) 45.368ms
[206.629s][info][gc,cpu         ] GC(465) User=0.33s Sys=0.00s Real=0.05s
[206.631s][info][gc,start       ] GC(466) Pause Full (Ergonomics)
[206.631s][info][gc,phases,start] GC(466) Marking Phase
[206.664s][info][gc,phases      ] GC(466) Marking Phase 33.074ms
[206.664s][info][gc,phases,start] GC(466) Summary Phase
[206.664s][info][gc,phases      ] GC(466) Summary Phase 0.018ms
[206.664s][info][gc,phases,start] GC(466) Adjust Roots
[206.667s][info][gc,phases      ] GC(466) Adjust Roots 2.821ms
[206.667s][info][gc,phases,start] GC(466) Compaction Phase
[206.675s][info][gc,phases      ] GC(466) Compaction Phase 7.824ms
[206.675s][info][gc,phases,start] GC(466) Post Compact
[206.677s][info][gc,phases      ] GC(466) Post Compact 1.993ms
[206.677s][info][gc,heap        ] GC(466) PSYoungGen: 58880K(116736K)->54840K(116736K) Eden: 58880K(58880K)->54840K(58880K) From: 0K(57856K)->0K(57856K)
[206.677s][info][gc,heap        ] GC(466) ParOldGen: 346200K(349696K)->346200K(349696K)
[206.677s][info][gc,metaspace   ] GC(466) Metaspace: 119751K(124864K)->119751K(124864K) NonClass: 101638K(104256K)->101638K(104256K) Class: 18113K(20608K)->18113K(20608K)
[206.677s][info][gc             ] GC(466) Pause Full (Ergonomics) 395M->391M(455M) 45.954ms
[206.677s][info][gc,cpu         ] GC(466) User=0.19s Sys=0.00s Real=0.05s
[206.679s][info][gc,start       ] GC(467) Pause Full (Ergonomics)
[206.679s][info][gc,phases,start] GC(467) Marking Phase
[206.709s][info][gc,phases      ] GC(467) Marking Phase 29.826ms
[206.709s][info][gc,phases,start] GC(467) Summary Phase
[206.709s][info][gc,phases      ] GC(467) Summary Phase 0.019ms
[206.709s][info][gc,phases,start] GC(467) Adjust Roots
[206.715s][info][gc,phases      ] GC(467) Adjust Roots 6.225ms
[206.715s][info][gc,phases,start] GC(467) Compaction Phase
[206.729s][info][gc,phases      ] GC(467) Compaction Phase 13.776ms
[206.729s][info][gc,phases,start] GC(467) Post Compact
[206.731s][info][gc,phases      ] GC(467) Post Compact 2.548ms
[206.731s][info][gc,heap        ] GC(467) PSYoungGen: 58879K(116736K)->54855K(116736K) Eden: 58879K(58880K)->54855K(58880K) From: 0K(57856K)->0K(57856K)
[206.731s][info][gc,heap        ] GC(467) ParOldGen: 346200K(349696K)->346200K(349696K)
[206.731s][info][gc,metaspace   ] GC(467) Metaspace: 119751K(124864K)->119751K(124864K) NonClass: 101638K(104256K)->101638K(104256K) Class: 18113K(20608K)->18113K(20608K)
[206.732s][info][gc             ] GC(467) Pause Full (Ergonomics) 395M->391M(455M) 52.770ms
[206.732s][info][gc,cpu         ] GC(467) User=0.20s Sys=0.00s Real=0.05s
[206.734s][info][gc,start       ] GC(468) Pause Full (Ergonomics)
[206.734s][info][gc,phases,start] GC(468) Marking Phase
[206.766s][info][gc,phases      ] GC(468) Marking Phase 32.261ms
[206.766s][info][gc,phases,start] GC(468) Summary Phase
[206.766s][info][gc,phases      ] GC(468) Summary Phase 0.019ms
[206.766s][info][gc,phases,start] GC(468) Adjust Roots
[206.769s][info][gc,phases      ] GC(468) Adjust Roots 2.811ms
[206.769s][info][gc,phases,start] GC(468) Compaction Phase
[206.778s][info][gc,phases      ] GC(468) Compaction Phase 9.635ms
[206.778s][info][gc,phases,start] GC(468) Post Compact
[206.781s][info][gc,phases      ] GC(468) Post Compact 2.012ms
[206.781s][info][gc,heap        ] GC(468) PSYoungGen: 58879K(116736K)->54826K(116736K) Eden: 58879K(58880K)->54826K(58880K) From: 0K(57856K)->0K(57856K)
[206.781s][info][gc,heap        ] GC(468) ParOldGen: 346200K(349696K)->346200K(349696K)
[206.781s][info][gc,metaspace   ] GC(468) Metaspace: 119751K(124864K)->119751K(124864K) NonClass: 101638K(104256K)->101638K(104256K) Class: 18113K(20608K)->18113K(20608K)
[206.781s][info][gc             ] GC(468) Pause Full (Ergonomics) 395M->391M(455M) 47.012ms
[206.781s][info][gc,cpu         ] GC(468) User=0.39s Sys=0.00s Real=0.05s
[206.782s][info][gc,start       ] GC(469) Pause Full (Ergonomics)
[206.782s][info][gc,phases,start] GC(469) Marking Phase
[206.811s][info][gc,phases      ] GC(469) Marking Phase 28.090ms
[206.811s][info][gc,phases,start] GC(469) Summary Phase
[206.811s][info][gc,phases      ] GC(469) Summary Phase 0.019ms
[206.811s][info][gc,phases,start] GC(469) Adjust Roots
[206.814s][info][gc,phases      ] GC(469) Adjust Roots 3.423ms
[206.814s][info][gc,phases,start] GC(469) Compaction Phase
[206.822s][info][gc,phases      ] GC(469) Compaction Phase 8.338ms
[206.822s][info][gc,phases,start] GC(469) Post Compact
[206.825s][info][gc,phases      ] GC(469) Post Compact 2.558ms
[206.825s][info][gc,heap        ] GC(469) PSYoungGen: 58879K(116736K)->54832K(116736K) Eden: 58879K(58880K)->54832K(58880K) From: 0K(57856K)->0K(57856K)
[206.825s][info][gc,heap        ] GC(469) ParOldGen: 346200K(349696K)->346200K(349696K)
[206.825s][info][gc,metaspace   ] GC(469) Metaspace: 119751K(124864K)->119751K(124864K) NonClass: 101638K(104256K)->101638K(104256K) Class: 18113K(20608K)->18113K(20608K)
[206.825s][info][gc             ] GC(469) Pause Full (Ergonomics) 395M->391M(455M) 42.819ms
[206.825s][info][gc,cpu         ] GC(469) User=0.17s Sys=0.00s Real=0.03s
[206.827s][info][gc,start       ] GC(470) Pause Full (Ergonomics)
[206.827s][info][gc,phases,start] GC(470) Marking Phase
[206.860s][info][gc,phases      ] GC(470) Marking Phase 33.419ms
[206.860s][info][gc,phases,start] GC(470) Summary Phase
[206.860s][info][gc,phases      ] GC(470) Summary Phase 0.023ms
[206.860s][info][gc,phases,start] GC(470) Adjust Roots
[206.864s][info][gc,phases      ] GC(470) Adjust Roots 3.094ms
[206.864s][info][gc,phases,start] GC(470) Compaction Phase
[206.872s][info][gc,phases      ] GC(470) Compaction Phase 8.256ms
[206.872s][info][gc,phases,start] GC(470) Post Compact
[206.874s][info][gc,phases      ] GC(470) Post Compact 2.198ms
[206.874s][info][gc,heap        ] GC(470) PSYoungGen: 58880K(116736K)->54803K(116736K) Eden: 58880K(58880K)->54803K(58880K) From: 0K(57856K)->0K(57856K)
[206.874s][info][gc,heap        ] GC(470) ParOldGen: 346200K(349696K)->346200K(349696K)
[206.874s][info][gc,metaspace   ] GC(470) Metaspace: 119751K(124864K)->119751K(124864K) NonClass: 101638K(104256K)->101638K(104256K) Class: 18113K(20608K)->18113K(20608K)
[206.874s][info][gc             ] GC(470) Pause Full (Ergonomics) 395M->391M(455M) 47.289ms
[206.874s][info][gc,cpu         ] GC(470) User=0.33s Sys=0.00s Real=0.05s
[206.876s][info][gc,start       ] GC(471) Pause Full (Ergonomics)
[206.876s][info][gc,phases,start] GC(471) Marking Phase
[206.903s][info][gc,phases      ] GC(471) Marking Phase 27.652ms
[206.904s][info][gc,phases,start] GC(471) Summary Phase
[206.904s][info][gc,phases      ] GC(471) Summary Phase 0.022ms
[206.904s][info][gc,phases,start] GC(471) Adjust Roots
[206.906s][info][gc,phases      ] GC(471) Adjust Roots 2.794ms
[206.906s][info][gc,phases,start] GC(471) Compaction Phase
[206.917s][info][gc,phases      ] GC(471) Compaction Phase 10.704ms
[206.917s][info][gc,phases,start] GC(471) Post Compact
[206.919s][info][gc,phases      ] GC(471) Post Compact 2.129ms
[206.919s][info][gc,heap        ] GC(471) PSYoungGen: 58880K(116736K)->54812K(116736K) Eden: 58880K(58880K)->54812K(58880K) From: 0K(57856K)->0K(57856K)
[206.919s][info][gc,heap        ] GC(471) ParOldGen: 346200K(349696K)->346200K(349696K)
[206.919s][info][gc,metaspace   ] GC(471) Metaspace: 119751K(124864K)->119751K(124864K) NonClass: 101638K(104256K)->101638K(104256K) Class: 18113K(20608K)->18113K(20608K)
[206.919s][info][gc             ] GC(471) Pause Full (Ergonomics) 395M->391M(455M) 43.575ms
[206.919s][info][gc,cpu         ] GC(471) User=0.17s Sys=0.00s Real=0.03s
[206.921s][info][gc,start       ] GC(472) Pause Full (Ergonomics)
[206.921s][info][gc,phases,start] GC(472) Marking Phase
[206.951s][info][gc,phases      ] GC(472) Marking Phase 30.213ms
[206.951s][info][gc,phases,start] GC(472) Summary Phase
[206.951s][info][gc,phases      ] GC(472) Summary Phase 0.019ms
[206.951s][info][gc,phases,start] GC(472) Adjust Roots
[206.954s][info][gc,phases      ] GC(472) Adjust Roots 2.780ms
[206.954s][info][gc,phases,start] GC(472) Compaction Phase
[206.962s][info][gc,phases      ] GC(472) Compaction Phase 7.901ms
[206.962s][info][gc,phases,start] GC(472) Post Compact
[206.964s][info][gc,phases      ] GC(472) Post Compact 2.030ms
[206.964s][info][gc,heap        ] GC(472) PSYoungGen: 58880K(116736K)->54807K(116736K) Eden: 58880K(58880K)->54807K(58880K) From: 0K(57856K)->0K(57856K)
[206.964s][info][gc,heap        ] GC(472) ParOldGen: 346200K(349696K)->346200K(349696K)
[206.964s][info][gc,metaspace   ] GC(472) Metaspace: 119751K(124864K)->119751K(124864K) NonClass: 101638K(104256K)->101638K(104256K) Class: 18113K(20608K)->18113K(20608K)
[206.964s][info][gc             ] GC(472) Pause Full (Ergonomics) 395M->391M(455M) 43.257ms
[206.964s][info][gc,cpu         ] GC(472) User=0.33s Sys=0.00s Real=0.05s
[206.966s][info][gc,start       ] GC(473) Pause Full (Ergonomics)
[206.966s][info][gc,phases,start] GC(473) Marking Phase
[206.995s][info][gc,phases      ] GC(473) Marking Phase 29.458ms
[206.995s][info][gc,phases,start] GC(473) Summary Phase
[206.995s][info][gc,phases      ] GC(473) Summary Phase 0.018ms
[206.995s][info][gc,phases,start] GC(473) Adjust Roots
[206.998s][info][gc,phases      ] GC(473) Adjust Roots 2.866ms
[206.998s][info][gc,phases,start] GC(473) Compaction Phase
[207.006s][info][gc,phases      ] GC(473) Compaction Phase 8.338ms
[207.006s][info][gc,phases,start] GC(473) Post Compact
[207.008s][info][gc,phases      ] GC(473) Post Compact 2.024ms
[207.009s][info][gc,heap        ] GC(473) PSYoungGen: 58879K(116736K)->54833K(116736K) Eden: 58879K(58880K)->54833K(58880K) From: 0K(57856K)->0K(57856K)
[207.009s][info][gc,heap        ] GC(473) ParOldGen: 346200K(349696K)->346200K(349696K)
[207.009s][info][gc,metaspace   ] GC(473) Metaspace: 119751K(124864K)->119751K(124864K) NonClass: 101638K(104256K)->101638K(104256K) Class: 18113K(20608K)->18113K(20608K)
[207.009s][info][gc             ] GC(473) Pause Full (Ergonomics) 395M->391M(455M) 43.022ms
[207.009s][info][gc,cpu         ] GC(473) User=0.44s Sys=0.00s Real=0.05s
[207.010s][info][gc,start       ] GC(474) Pause Full (Ergonomics)
[207.010s][info][gc,phases,start] GC(474) Marking Phase
[207.045s][info][gc,phases      ] GC(474) Marking Phase 34.840ms
[207.045s][info][gc,phases,start] GC(474) Summary Phase
[207.045s][info][gc,phases      ] GC(474) Summary Phase 0.019ms
[207.045s][info][gc,phases,start] GC(474) Adjust Roots
[207.048s][info][gc,phases      ] GC(474) Adjust Roots 3.179ms
[207.048s][info][gc,phases,start] GC(474) Compaction Phase
[207.056s][info][gc,phases      ] GC(474) Compaction Phase 7.425ms
[207.056s][info][gc,phases,start] GC(474) Post Compact
[207.058s][info][gc,phases      ] GC(474) Post Compact 2.012ms
[207.058s][info][gc,heap        ] GC(474) PSYoungGen: 58880K(116736K)->54854K(116736K) Eden: 58880K(58880K)->54854K(58880K) From: 0K(57856K)->0K(57856K)
[207.058s][info][gc,heap        ] GC(474) ParOldGen: 346200K(349696K)->346200K(349696K)
[207.058s][info][gc,metaspace   ] GC(474) Metaspace: 119751K(124864K)->119751K(124864K) NonClass: 101638K(104256K)->101638K(104256K) Class: 18113K(20608K)->18113K(20608K)
[207.058s][info][gc             ] GC(474) Pause Full (Ergonomics) 395M->391M(455M) 47.736ms
[207.058s][info][gc,cpu         ] GC(474) User=0.27s Sys=0.00s Real=0.05s
[207.059s][info][gc,start       ] GC(475) Pause Full (Ergonomics)
[207.059s][info][gc,phases,start] GC(475) Marking Phase
[207.089s][info][gc,phases      ] GC(475) Marking Phase 29.519ms
[207.089s][info][gc,phases,start] GC(475) Summary Phase
[207.089s][info][gc,phases      ] GC(475) Summary Phase 0.018ms
[207.089s][info][gc,phases,start] GC(475) Adjust Roots
[207.092s][info][gc,phases      ] GC(475) Adjust Roots 2.762ms
[207.092s][info][gc,phases,start] GC(475) Compaction Phase
[207.107s][info][gc,phases      ] GC(475) Compaction Phase 15.398ms
[207.107s][info][gc,phases,start] GC(475) Post Compact
[207.109s][info][gc,phases      ] GC(475) Post Compact 2.112ms
[207.109s][info][gc,heap        ] GC(475) PSYoungGen: 58880K(116736K)->54806K(116736K) Eden: 58880K(58880K)->54806K(58880K) From: 0K(57856K)->0K(57856K)
[207.109s][info][gc,heap        ] GC(475) ParOldGen: 346200K(349696K)->346200K(349696K)
[207.109s][info][gc,metaspace   ] GC(475) Metaspace: 119751K(124864K)->119751K(124864K) NonClass: 101638K(104256K)->101638K(104256K) Class: 18113K(20608K)->18113K(20608K)
[207.110s][info][gc             ] GC(475) Pause Full (Ergonomics) 395M->391M(455M) 50.067ms
[207.110s][info][gc,cpu         ] GC(475) User=0.20s Sys=0.00s Real=0.05s
[207.111s][info][gc,start       ] GC(476) Pause Full (Ergonomics)
[207.111s][info][gc,phases,start] GC(476) Marking Phase
[207.150s][info][gc,phases      ] GC(476) Marking Phase 39.353ms
[207.150s][info][gc,phases,start] GC(476) Summary Phase
[207.151s][info][gc,phases      ] GC(476) Summary Phase 0.044ms
[207.151s][info][gc,phases,start] GC(476) Adjust Roots
[207.154s][info][gc,phases      ] GC(476) Adjust Roots 3.143ms
[207.154s][info][gc,phases,start] GC(476) Compaction Phase
[207.171s][info][gc,phases      ] GC(476) Compaction Phase 17.300ms
[207.171s][info][gc,phases,start] GC(476) Post Compact
[207.174s][info][gc,phases      ] GC(476) Post Compact 2.559ms
[207.174s][info][gc,heap        ] GC(476) PSYoungGen: 58880K(116736K)->54833K(116736K) Eden: 58880K(58880K)->54833K(58880K) From: 0K(57856K)->0K(57856K)
[207.174s][info][gc,heap        ] GC(476) ParOldGen: 346200K(349696K)->346200K(349696K)
[207.174s][info][gc,metaspace   ] GC(476) Metaspace: 119751K(124864K)->119751K(124864K) NonClass: 101638K(104256K)->101638K(104256K) Class: 18113K(20608K)->18113K(20608K)
[207.174s][info][gc             ] GC(476) Pause Full (Ergonomics) 395M->391M(455M) 62.789ms
[207.174s][info][gc,cpu         ] GC(476) User=0.36s Sys=0.00s Real=0.06s
[207.176s][info][gc,start       ] GC(477) Pause Full (Ergonomics)
[207.176s][info][gc,phases,start] GC(477) Marking Phase
[207.211s][info][gc,phases      ] GC(477) Marking Phase 34.810ms
[207.211s][info][gc,phases,start] GC(477) Summary Phase
[207.211s][info][gc,phases      ] GC(477) Summary Phase 0.018ms
[207.211s][info][gc,phases,start] GC(477) Adjust Roots
[207.214s][info][gc,phases      ] GC(477) Adjust Roots 2.918ms
[207.214s][info][gc,phases,start] GC(477) Compaction Phase
[207.227s][info][gc,phases      ] GC(477) Compaction Phase 13.618ms
[207.227s][info][gc,phases,start] GC(477) Post Compact
[207.229s][info][gc,phases      ] GC(477) Post Compact 2.109ms
[207.229s][info][gc,heap        ] GC(477) PSYoungGen: 58880K(116736K)->54851K(116736K) Eden: 58880K(58880K)->54851K(58880K) From: 0K(57856K)->0K(57856K)
[207.229s][info][gc,heap        ] GC(477) ParOldGen: 346200K(349696K)->346200K(349696K)
[207.229s][info][gc,metaspace   ] GC(477) Metaspace: 119751K(124864K)->119751K(124864K) NonClass: 101638K(104256K)->101638K(104256K) Class: 18113K(20608K)->18113K(20608K)
[207.229s][info][gc             ] GC(477) Pause Full (Ergonomics) 395M->391M(455M) 53.742ms
[207.229s][info][gc,cpu         ] GC(477) User=0.34s Sys=0.00s Real=0.06s
[207.231s][info][gc,start       ] GC(478) Pause Full (Ergonomics)
[207.231s][info][gc,phases,start] GC(478) Marking Phase
[207.269s][info][gc,phases      ] GC(478) Marking Phase 38.285ms
[207.269s][info][gc,phases,start] GC(478) Summary Phase
[207.269s][info][gc,phases      ] GC(478) Summary Phase 0.044ms
[207.269s][info][gc,phases,start] GC(478) Adjust Roots
[207.272s][info][gc,phases      ] GC(478) Adjust Roots 2.821ms
[207.272s][info][gc,phases,start] GC(478) Compaction Phase
[207.287s][info][gc,phases      ] GC(478) Compaction Phase 14.956ms
[207.287s][info][gc,phases,start] GC(478) Post Compact
[207.290s][info][gc,phases      ] GC(478) Post Compact 2.189ms
[207.290s][info][gc,heap        ] GC(478) PSYoungGen: 58880K(116736K)->54804K(116736K) Eden: 58880K(58880K)->54804K(58880K) From: 0K(57856K)->0K(57856K)
[207.290s][info][gc,heap        ] GC(478) ParOldGen: 346200K(349696K)->346200K(349696K)
[207.290s][info][gc,metaspace   ] GC(478) Metaspace: 119751K(124864K)->119751K(124864K) NonClass: 101638K(104256K)->101638K(104256K) Class: 18113K(20608K)->18113K(20608K)
[207.290s][info][gc             ] GC(478) Pause Full (Ergonomics) 395M->391M(455M) 58.667ms
[207.290s][info][gc,cpu         ] GC(478) User=0.23s Sys=0.00s Real=0.05s
[207.291s][info][gc,start       ] GC(479) Pause Full (Ergonomics)
[207.291s][info][gc,phases,start] GC(479) Marking Phase
[207.325s][info][gc,phases      ] GC(479) Marking Phase 34.012ms
[207.326s][info][gc,phases,start] GC(479) Summary Phase
[207.326s][info][gc,phases      ] GC(479) Summary Phase 0.017ms
[207.326s][info][gc,phases,start] GC(479) Adjust Roots
[207.328s][info][gc,phases      ] GC(479) Adjust Roots 2.755ms
[207.328s][info][gc,phases,start] GC(479) Compaction Phase
[207.335s][info][gc,phases      ] GC(479) Compaction Phase 6.876ms
[207.335s][info][gc,phases,start] GC(479) Post Compact
[207.337s][info][gc,phases      ] GC(479) Post Compact 2.016ms
[207.337s][info][gc,heap        ] GC(479) PSYoungGen: 58880K(116736K)->54803K(116736K) Eden: 58880K(58880K)->54803K(58880K) From: 0K(57856K)->0K(57856K)
[207.337s][info][gc,heap        ] GC(479) ParOldGen: 346200K(349696K)->346200K(349696K)
[207.337s][info][gc,metaspace   ] GC(479) Metaspace: 119751K(124864K)->119751K(124864K) NonClass: 101638K(104256K)->101638K(104256K) Class: 18113K(20608K)->18113K(20608K)
[207.337s][info][gc             ] GC(479) Pause Full (Ergonomics) 395M->391M(455M) 45.921ms
[207.337s][info][gc,cpu         ] GC(479) User=0.19s Sys=0.00s Real=0.05s
[207.339s][info][gc,start       ] GC(480) Pause Full (Ergonomics)
[207.339s][info][gc,phases,start] GC(480) Marking Phase
[207.369s][info][gc,phases      ] GC(480) Marking Phase 30.284ms
[207.369s][info][gc,phases,start] GC(480) Summary Phase
[207.369s][info][gc,phases      ] GC(480) Summary Phase 0.018ms
[207.369s][info][gc,phases,start] GC(480) Adjust Roots
[207.372s][info][gc,phases      ] GC(480) Adjust Roots 2.782ms
[207.372s][info][gc,phases,start] GC(480) Compaction Phase
[207.380s][info][gc,phases      ] GC(480) Compaction Phase 8.252ms
[207.380s][info][gc,phases,start] GC(480) Post Compact
[207.383s][info][gc,phases      ] GC(480) Post Compact 2.556ms
[207.383s][info][gc,heap        ] GC(480) PSYoungGen: 58880K(116736K)->54839K(116736K) Eden: 58880K(58880K)->54839K(58880K) From: 0K(57856K)->0K(57856K)
[207.383s][info][gc,heap        ] GC(480) ParOldGen: 346200K(349696K)->346200K(349696K)
[207.383s][info][gc,metaspace   ] GC(480) Metaspace: 119751K(124864K)->119751K(124864K) NonClass: 101638K(104256K)->101638K(104256K) Class: 18113K(20608K)->18113K(20608K)
[207.383s][info][gc             ] GC(480) Pause Full (Ergonomics) 395M->391M(455M) 44.303ms
[207.383s][info][gc,cpu         ] GC(480) User=0.47s Sys=0.00s Real=0.03s
[207.385s][info][gc,start       ] GC(481) Pause Full (Ergonomics)
[207.385s][info][gc,phases,start] GC(481) Marking Phase
[207.412s][info][gc,phases      ] GC(481) Marking Phase 27.218ms
[207.412s][info][gc,phases,start] GC(481) Summary Phase
[207.412s][info][gc,phases      ] GC(481) Summary Phase 0.019ms
[207.412s][info][gc,phases,start] GC(481) Adjust Roots
[207.415s][info][gc,phases      ] GC(481) Adjust Roots 2.844ms
[207.415s][info][gc,phases,start] GC(481) Compaction Phase
[207.431s][info][gc,phases      ] GC(481) Compaction Phase 15.618ms
[207.431s][info][gc,phases,start] GC(481) Post Compact
[207.433s][info][gc,phases      ] GC(481) Post Compact 2.313ms
[207.433s][info][gc,heap        ] GC(481) PSYoungGen: 58880K(116736K)->54805K(116736K) Eden: 58880K(58880K)->54805K(58880K) From: 0K(57856K)->0K(57856K)
[207.433s][info][gc,heap        ] GC(481) ParOldGen: 346200K(349696K)->346200K(349696K)
[207.433s][info][gc,metaspace   ] GC(481) Metaspace: 119751K(124864K)->119751K(124864K) NonClass: 101638K(104256K)->101638K(104256K) Class: 18113K(20608K)->18113K(20608K)
[207.433s][info][gc             ] GC(481) Pause Full (Ergonomics) 395M->391M(455M) 48.370ms
[207.433s][info][gc,cpu         ] GC(481) User=0.39s Sys=0.00s Real=0.05s
[207.435s][info][gc,start       ] GC(482) Pause Full (Ergonomics)
[207.435s][info][gc,phases,start] GC(482) Marking Phase
[207.465s][info][gc,phases      ] GC(482) Marking Phase 30.403ms
[207.466s][info][gc,phases,start] GC(482) Summary Phase
[207.466s][info][gc,phases      ] GC(482) Summary Phase 0.019ms
[207.466s][info][gc,phases,start] GC(482) Adjust Roots
[207.468s][info][gc,phases      ] GC(482) Adjust Roots 2.782ms
[207.468s][info][gc,phases,start] GC(482) Compaction Phase
[207.476s][info][gc,phases      ] GC(482) Compaction Phase 7.380ms
[207.476s][info][gc,phases,start] GC(482) Post Compact
[207.478s][info][gc,phases      ] GC(482) Post Compact 2.058ms
[207.478s][info][gc,heap        ] GC(482) PSYoungGen: 58880K(116736K)->54800K(116736K) Eden: 58880K(58880K)->54800K(58880K) From: 0K(57856K)->0K(57856K)
[207.478s][info][gc,heap        ] GC(482) ParOldGen: 346200K(349696K)->346200K(349696K)
[207.478s][info][gc,metaspace   ] GC(482) Metaspace: 119751K(124864K)->119751K(124864K) NonClass: 101638K(104256K)->101638K(104256K) Class: 18113K(20608K)->18113K(20608K)
[207.478s][info][gc             ] GC(482) Pause Full (Ergonomics) 395M->391M(455M) 42.948ms
[207.478s][info][gc,cpu         ] GC(482) User=0.17s Sys=0.00s Real=0.03s
[207.480s][info][gc,start       ] GC(483) Pause Full (Ergonomics)
[207.480s][info][gc,phases,start] GC(483) Marking Phase
[207.514s][info][gc,phases      ] GC(483) Marking Phase 34.619ms
[207.514s][info][gc,phases,start] GC(483) Summary Phase
[207.514s][info][gc,phases      ] GC(483) Summary Phase 0.017ms
[207.514s][info][gc,phases,start] GC(483) Adjust Roots
[207.517s][info][gc,phases      ] GC(483) Adjust Roots 3.039ms
[207.517s][info][gc,phases,start] GC(483) Compaction Phase
[207.529s][info][gc,phases      ] GC(483) Compaction Phase 11.256ms
[207.529s][info][gc,phases,start] GC(483) Post Compact
[207.531s][info][gc,phases      ] GC(483) Post Compact 2.574ms
[207.531s][info][gc,heap        ] GC(483) PSYoungGen: 58879K(116736K)->54886K(116736K) Eden: 58879K(58880K)->54886K(58880K) From: 0K(57856K)->0K(57856K)
[207.531s][info][gc,heap        ] GC(483) ParOldGen: 346200K(349696K)->346200K(349696K)
[207.531s][info][gc,metaspace   ] GC(483) Metaspace: 119751K(124864K)->119751K(124864K) NonClass: 101638K(104256K)->101638K(104256K) Class: 18113K(20608K)->18113K(20608K)
[207.531s][info][gc             ] GC(483) Pause Full (Ergonomics) 395M->391M(455M) 51.888ms
[207.532s][info][gc,cpu         ] GC(483) User=0.30s Sys=0.00s Real=0.05s
[207.533s][info][gc,start       ] GC(484) Pause Full (Ergonomics)
[207.533s][info][gc,phases,start] GC(484) Marking Phase
[207.565s][info][gc,phases      ] GC(484) Marking Phase 31.351ms
[207.565s][info][gc,phases,start] GC(484) Summary Phase
[207.565s][info][gc,phases      ] GC(484) Summary Phase 0.019ms
[207.565s][info][gc,phases,start] GC(484) Adjust Roots
[207.568s][info][gc,phases      ] GC(484) Adjust Roots 2.970ms
[207.568s][info][gc,phases,start] GC(484) Compaction Phase
[207.576s][info][gc,phases      ] GC(484) Compaction Phase 8.224ms
[207.576s][info][gc,phases,start] GC(484) Post Compact
[207.579s][info][gc,phases      ] GC(484) Post Compact 2.560ms
[207.579s][info][gc,heap        ] GC(484) PSYoungGen: 58880K(116736K)->54834K(116736K) Eden: 58880K(58880K)->54834K(58880K) From: 0K(57856K)->0K(57856K)
[207.579s][info][gc,heap        ] GC(484) ParOldGen: 346200K(349696K)->346200K(349696K)
[207.579s][info][gc,metaspace   ] GC(484) Metaspace: 119751K(124864K)->119751K(124864K) NonClass: 101638K(104256K)->101638K(104256K) Class: 18113K(20608K)->18113K(20608K)
[207.579s][info][gc             ] GC(484) Pause Full (Ergonomics) 395M->391M(455M) 45.553ms
[207.579s][info][gc,cpu         ] GC(484) User=0.38s Sys=0.00s Real=0.05s
[207.580s][info][gc,start       ] GC(485) Pause Full (Ergonomics)
[207.580s][info][gc,phases,start] GC(485) Marking Phase
[207.612s][info][gc,phases      ] GC(485) Marking Phase 31.547ms
[207.612s][info][gc,phases,start] GC(485) Summary Phase
[207.612s][info][gc,phases      ] GC(485) Summary Phase 0.020ms
[207.612s][info][gc,phases,start] GC(485) Adjust Roots
[207.615s][info][gc,phases      ] GC(485) Adjust Roots 2.829ms
[207.615s][info][gc,phases,start] GC(485) Compaction Phase
[207.625s][info][gc,phases      ] GC(485) Compaction Phase 9.865ms
[207.625s][info][gc,phases,start] GC(485) Post Compact
[207.627s][info][gc,phases      ] GC(485) Post Compact 2.172ms
[207.627s][info][gc,heap        ] GC(485) PSYoungGen: 58880K(116736K)->54820K(116736K) Eden: 58880K(58880K)->54820K(58880K) From: 0K(57856K)->0K(57856K)
[207.627s][info][gc,heap        ] GC(485) ParOldGen: 346200K(349696K)->346200K(349696K)
[207.627s][info][gc,metaspace   ] GC(485) Metaspace: 119751K(124864K)->119751K(124864K) NonClass: 101638K(104256K)->101638K(104256K) Class: 18113K(20608K)->18113K(20608K)
[207.627s][info][gc             ] GC(485) Pause Full (Ergonomics) 395M->391M(455M) 46.718ms
[207.627s][info][gc,cpu         ] GC(485) User=0.39s Sys=0.00s Real=0.05s
[207.629s][info][gc,start       ] GC(486) Pause Full (Ergonomics)
[207.629s][info][gc,phases,start] GC(486) Marking Phase
[207.656s][info][gc,phases      ] GC(486) Marking Phase 27.410ms
[207.656s][info][gc,phases,start] GC(486) Summary Phase
[207.656s][info][gc,phases      ] GC(486) Summary Phase 0.017ms
[207.656s][info][gc,phases,start] GC(486) Adjust Roots
[207.659s][info][gc,phases      ] GC(486) Adjust Roots 2.824ms
[207.659s][info][gc,phases,start] GC(486) Compaction Phase
[207.666s][info][gc,phases      ] GC(486) Compaction Phase 6.690ms
[207.666s][info][gc,phases,start] GC(486) Post Compact
[207.668s][info][gc,phases      ] GC(486) Post Compact 2.544ms
[207.668s][info][gc,heap        ] GC(486) PSYoungGen: 58880K(116736K)->54844K(116736K) Eden: 58880K(58880K)->54844K(58880K) From: 0K(57856K)->0K(57856K)
[207.668s][info][gc,heap        ] GC(486) ParOldGen: 346200K(349696K)->346200K(349696K)
[207.668s][info][gc,metaspace   ] GC(486) Metaspace: 119751K(124864K)->119751K(124864K) NonClass: 101638K(104256K)->101638K(104256K) Class: 18113K(20608K)->18113K(20608K)
[207.668s][info][gc             ] GC(486) Pause Full (Ergonomics) 395M->391M(455M) 39.889ms
[207.669s][info][gc,cpu         ] GC(486) User=0.33s Sys=0.00s Real=0.05s
[207.670s][info][gc,start       ] GC(487) Pause Full (Ergonomics)
[207.670s][info][gc,phases,start] GC(487) Marking Phase
[207.699s][info][gc,phases      ] GC(487) Marking Phase 29.229ms
[207.699s][info][gc,phases,start] GC(487) Summary Phase
[207.699s][info][gc,phases      ] GC(487) Summary Phase 0.025ms
[207.699s][info][gc,phases,start] GC(487) Adjust Roots
[207.702s][info][gc,phases      ] GC(487) Adjust Roots 2.766ms
[207.702s][info][gc,phases,start] GC(487) Compaction Phase
[207.720s][info][gc,phases      ] GC(487) Compaction Phase 17.946ms
[207.720s][info][gc,phases,start] GC(487) Post Compact
[207.723s][info][gc,phases      ] GC(487) Post Compact 3.071ms
[207.723s][info][gc,heap        ] GC(487) PSYoungGen: 58880K(116736K)->54820K(116736K) Eden: 58880K(58880K)->54820K(58880K) From: 0K(57856K)->0K(57856K)
[207.723s][info][gc,heap        ] GC(487) ParOldGen: 346200K(349696K)->346200K(349696K)
[207.723s][info][gc,metaspace   ] GC(487) Metaspace: 119751K(124864K)->119751K(124864K) NonClass: 101638K(104256K)->101638K(104256K) Class: 18113K(20608K)->18113K(20608K)
[207.723s][info][gc             ] GC(487) Pause Full (Ergonomics) 395M->391M(455M) 53.447ms
[207.724s][info][gc,cpu         ] GC(487) User=0.20s Sys=0.00s Real=0.05s
[207.725s][info][gc,start       ] GC(488) Pause Full (Ergonomics)
[207.725s][info][gc,phases,start] GC(488) Marking Phase
[207.762s][info][gc,phases      ] GC(488) Marking Phase 36.599ms
[207.762s][info][gc,phases,start] GC(488) Summary Phase
[207.762s][info][gc,phases      ] GC(488) Summary Phase 0.020ms
[207.762s][info][gc,phases,start] GC(488) Adjust Roots
[207.765s][info][gc,phases      ] GC(488) Adjust Roots 2.763ms
[207.765s][info][gc,phases,start] GC(488) Compaction Phase
[207.779s][info][gc,phases      ] GC(488) Compaction Phase 13.924ms
[207.779s][info][gc,phases,start] GC(488) Post Compact
[207.781s][info][gc,phases      ] GC(488) Post Compact 1.990ms
[207.781s][info][gc,heap        ] GC(488) PSYoungGen: 58879K(116736K)->54832K(116736K) Eden: 58879K(58880K)->54832K(58880K) From: 0K(57856K)->0K(57856K)
[207.781s][info][gc,heap        ] GC(488) ParOldGen: 346200K(349696K)->346200K(349696K)
[207.781s][info][gc,metaspace   ] GC(488) Metaspace: 119751K(124864K)->119751K(124864K) NonClass: 101638K(104256K)->101638K(104256K) Class: 18113K(20608K)->18113K(20608K)
[207.781s][info][gc             ] GC(488) Pause Full (Ergonomics) 395M->391M(455M) 55.536ms
[207.781s][info][gc,cpu         ] GC(488) User=0.36s Sys=0.02s Real=0.06s
[207.782s][info][gc,start       ] GC(489) Pause Full (Ergonomics)
[207.782s][info][gc,phases,start] GC(489) Marking Phase
[207.816s][info][gc,phases      ] GC(489) Marking Phase 33.456ms
[207.816s][info][gc,phases,start] GC(489) Summary Phase
[207.816s][info][gc,phases      ] GC(489) Summary Phase 0.019ms
[207.816s][info][gc,phases,start] GC(489) Adjust Roots
[207.819s][info][gc,phases      ] GC(489) Adjust Roots 2.899ms
[207.819s][info][gc,phases,start] GC(489) Compaction Phase
[207.826s][info][gc,phases      ] GC(489) Compaction Phase 6.951ms
[207.826s][info][gc,phases,start] GC(489) Post Compact
[207.828s][info][gc,phases      ] GC(489) Post Compact 2.008ms
[207.828s][info][gc,heap        ] GC(489) PSYoungGen: 58880K(116736K)->54787K(116736K) Eden: 58880K(58880K)->54787K(58880K) From: 0K(57856K)->0K(57856K)
[207.828s][info][gc,heap        ] GC(489) ParOldGen: 346200K(349696K)->346200K(349696K)
[207.828s][info][gc,metaspace   ] GC(489) Metaspace: 119751K(124864K)->119751K(124864K) NonClass: 101638K(104256K)->101638K(104256K) Class: 18113K(20608K)->18113K(20608K)
[207.828s][info][gc             ] GC(489) Pause Full (Ergonomics) 395M->391M(455M) 45.566ms
[207.828s][info][gc,cpu         ] GC(489) User=0.17s Sys=0.00s Real=0.03s
[207.829s][info][gc,start       ] GC(490) Pause Full (Ergonomics)
[207.829s][info][gc,phases,start] GC(490) Marking Phase
[207.861s][info][gc,phases      ] GC(490) Marking Phase 32.323ms
[207.862s][info][gc,phases,start] GC(490) Summary Phase
[207.862s][info][gc,phases      ] GC(490) Summary Phase 0.038ms
[207.862s][info][gc,phases,start] GC(490) Adjust Roots
[207.864s][info][gc,phases      ] GC(490) Adjust Roots 2.811ms
[207.864s][info][gc,phases,start] GC(490) Compaction Phase
[207.873s][info][gc,phases      ] GC(490) Compaction Phase 8.145ms
[207.873s][info][gc,phases,start] GC(490) Post Compact
[207.875s][info][gc,phases      ] GC(490) Post Compact 2.361ms
[207.875s][info][gc,heap        ] GC(490) PSYoungGen: 58879K(116736K)->54818K(116736K) Eden: 58879K(58880K)->54818K(58880K) From: 0K(57856K)->0K(57856K)
[207.875s][info][gc,heap        ] GC(490) ParOldGen: 346200K(349696K)->346200K(349696K)
[207.875s][info][gc,metaspace   ] GC(490) Metaspace: 119751K(124864K)->119751K(124864K) NonClass: 101638K(104256K)->101638K(104256K) Class: 18113K(20608K)->18113K(20608K)
[207.875s][info][gc             ] GC(490) Pause Full (Ergonomics) 395M->391M(455M) 46.013ms
[207.875s][info][gc,cpu         ] GC(490) User=0.19s Sys=0.00s Real=0.05s
[207.877s][info][gc,start       ] GC(491) Pause Full (Ergonomics)
[207.877s][info][gc,phases,start] GC(491) Marking Phase
[207.905s][info][gc,phases      ] GC(491) Marking Phase 28.109ms
[207.905s][info][gc,phases,start] GC(491) Summary Phase
[207.905s][info][gc,phases      ] GC(491) Summary Phase 0.020ms
[207.905s][info][gc,phases,start] GC(491) Adjust Roots
[207.908s][info][gc,phases      ] GC(491) Adjust Roots 3.053ms
[207.908s][info][gc,phases,start] GC(491) Compaction Phase
[207.917s][info][gc,phases      ] GC(491) Compaction Phase 8.641ms
[207.917s][info][gc,phases,start] GC(491) Post Compact
[207.919s][info][gc,phases      ] GC(491) Post Compact 1.987ms
[207.919s][info][gc,heap        ] GC(491) PSYoungGen: 58879K(116736K)->54867K(116736K) Eden: 58879K(58880K)->54867K(58880K) From: 0K(57856K)->0K(57856K)
[207.919s][info][gc,heap        ] GC(491) ParOldGen: 346200K(349696K)->346200K(349696K)
[207.919s][info][gc,metaspace   ] GC(491) Metaspace: 119751K(124864K)->119751K(124864K) NonClass: 101638K(104256K)->101638K(104256K) Class: 18113K(20608K)->18113K(20608K)
[207.919s][info][gc             ] GC(491) Pause Full (Ergonomics) 395M->391M(455M) 42.123ms
[207.919s][info][gc,cpu         ] GC(491) User=0.17s Sys=0.00s Real=0.03s
[207.921s][info][gc,start       ] GC(492) Pause Full (Ergonomics)
[207.921s][info][gc,phases,start] GC(492) Marking Phase
[207.952s][info][gc,phases      ] GC(492) Marking Phase 31.393ms
[207.952s][info][gc,phases,start] GC(492) Summary Phase
[207.952s][info][gc,phases      ] GC(492) Summary Phase 0.019ms
[207.952s][info][gc,phases,start] GC(492) Adjust Roots
[207.955s][info][gc,phases      ] GC(492) Adjust Roots 2.818ms
[207.955s][info][gc,phases,start] GC(492) Compaction Phase
[207.963s][info][gc,phases      ] GC(492) Compaction Phase 8.286ms
[207.963s][info][gc,phases,start] GC(492) Post Compact
[207.965s][info][gc,phases      ] GC(492) Post Compact 2.141ms
[207.965s][info][gc,heap        ] GC(492) PSYoungGen: 58880K(116736K)->54820K(116736K) Eden: 58880K(58880K)->54820K(58880K) From: 0K(57856K)->0K(57856K)
[207.965s][info][gc,heap        ] GC(492) ParOldGen: 346200K(349696K)->346200K(349696K)
[207.965s][info][gc,metaspace   ] GC(492) Metaspace: 119751K(124864K)->119751K(124864K) NonClass: 101638K(104256K)->101638K(104256K) Class: 18113K(20608K)->18113K(20608K)
[207.965s][info][gc             ] GC(492) Pause Full (Ergonomics) 395M->391M(455M) 44.932ms
[207.966s][info][gc,cpu         ] GC(492) User=0.33s Sys=0.00s Real=0.05s
[207.967s][info][gc,start       ] GC(493) Pause Full (Ergonomics)
[207.967s][info][gc,phases,start] GC(493) Marking Phase
[207.994s][info][gc,phases      ] GC(493) Marking Phase 26.868ms
[207.994s][info][gc,phases,start] GC(493) Summary Phase
[207.994s][info][gc,phases      ] GC(493) Summary Phase 0.017ms
[207.994s][info][gc,phases,start] GC(493) Adjust Roots
[207.997s][info][gc,phases      ] GC(493) Adjust Roots 2.776ms
[207.997s][info][gc,phases,start] GC(493) Compaction Phase
[208.013s][info][gc,phases      ] GC(493) Compaction Phase 16.045ms
[208.013s][info][gc,phases,start] GC(493) Post Compact
[208.015s][info][gc,phases      ] GC(493) Post Compact 2.178ms
[208.015s][info][gc,heap        ] GC(493) PSYoungGen: 58880K(116736K)->54848K(116736K) Eden: 58880K(58880K)->54848K(58880K) From: 0K(57856K)->0K(57856K)
[208.015s][info][gc,heap        ] GC(493) ParOldGen: 346200K(349696K)->346200K(349696K)
[208.015s][info][gc,metaspace   ] GC(493) Metaspace: 119751K(124864K)->119751K(124864K) NonClass: 101638K(104256K)->101638K(104256K) Class: 18113K(20608K)->18113K(20608K)
[208.015s][info][gc             ] GC(493) Pause Full (Ergonomics) 395M->391M(455M) 48.222ms
[208.015s][info][gc,cpu         ] GC(493) User=0.20s Sys=0.00s Real=0.05s
[208.017s][info][gc,start       ] GC(494) Pause Full (Ergonomics)
[208.017s][info][gc,phases,start] GC(494) Marking Phase
[208.050s][info][gc,phases      ] GC(494) Marking Phase 32.810ms
[208.050s][info][gc,phases,start] GC(494) Summary Phase
[208.050s][info][gc,phases      ] GC(494) Summary Phase 0.019ms
[208.050s][info][gc,phases,start] GC(494) Adjust Roots
[208.053s][info][gc,phases      ] GC(494) Adjust Roots 2.788ms
[208.053s][info][gc,phases,start] GC(494) Compaction Phase
[208.060s][info][gc,phases      ] GC(494) Compaction Phase 7.124ms
[208.060s][info][gc,phases,start] GC(494) Post Compact
[208.062s][info][gc,phases      ] GC(494) Post Compact 1.998ms
[208.062s][info][gc,heap        ] GC(494) PSYoungGen: 58879K(116736K)->54846K(116736K) Eden: 58879K(58880K)->54846K(58880K) From: 0K(57856K)->0K(57856K)
[208.062s][info][gc,heap        ] GC(494) ParOldGen: 346200K(349696K)->346200K(349696K)
[208.062s][info][gc,metaspace   ] GC(494) Metaspace: 119751K(124864K)->119751K(124864K) NonClass: 101638K(104256K)->101638K(104256K) Class: 18113K(20608K)->18113K(20608K)
[208.062s][info][gc             ] GC(494) Pause Full (Ergonomics) 395M->391M(455M) 45.022ms
[208.062s][info][gc,cpu         ] GC(494) User=0.17s Sys=0.00s Real=0.03s
[208.063s][info][gc,start       ] GC(495) Pause Full (Ergonomics)
[208.063s][info][gc,phases,start] GC(495) Marking Phase
[208.094s][info][gc,phases      ] GC(495) Marking Phase 30.707ms
[208.094s][info][gc,phases,start] GC(495) Summary Phase
[208.094s][info][gc,phases      ] GC(495) Summary Phase 0.018ms
[208.094s][info][gc,phases,start] GC(495) Adjust Roots
[208.097s][info][gc,phases      ] GC(495) Adjust Roots 2.857ms
[208.097s][info][gc,phases,start] GC(495) Compaction Phase
[208.108s][info][gc,phases      ] GC(495) Compaction Phase 10.436ms
[208.108s][info][gc,phases,start] GC(495) Post Compact
[208.110s][info][gc,phases      ] GC(495) Post Compact 2.548ms
[208.110s][info][gc,heap        ] GC(495) PSYoungGen: 58879K(116736K)->54826K(116736K) Eden: 58879K(58880K)->54826K(58880K) From: 0K(57856K)->0K(57856K)
[208.110s][info][gc,heap        ] GC(495) ParOldGen: 346200K(349696K)->346200K(349696K)
[208.110s][info][gc,metaspace   ] GC(495) Metaspace: 119751K(124864K)->119751K(124864K) NonClass: 101638K(104256K)->101638K(104256K) Class: 18113K(20608K)->18113K(20608K)
[208.110s][info][gc             ] GC(495) Pause Full (Ergonomics) 395M->391M(455M) 46.951ms
[208.110s][info][gc,cpu         ] GC(495) User=0.19s Sys=0.00s Real=0.05s
[208.112s][info][gc,start       ] GC(496) Pause Full (Ergonomics)
[208.112s][info][gc,phases,start] GC(496) Marking Phase
[208.140s][info][gc,phases      ] GC(496) Marking Phase 27.713ms
[208.140s][info][gc,phases,start] GC(496) Summary Phase
[208.140s][info][gc,phases      ] GC(496) Summary Phase 0.019ms
[208.140s][info][gc,phases,start] GC(496) Adjust Roots
[208.143s][info][gc,phases      ] GC(496) Adjust Roots 2.835ms
[208.143s][info][gc,phases,start] GC(496) Compaction Phase
[208.153s][info][gc,phases      ] GC(496) Compaction Phase 9.835ms
[208.153s][info][gc,phases,start] GC(496) Post Compact
[208.155s][info][gc,phases      ] GC(496) Post Compact 2.513ms
[208.155s][info][gc,heap        ] GC(496) PSYoungGen: 58879K(116736K)->54829K(116736K) Eden: 58879K(58880K)->54829K(58880K) From: 0K(57856K)->0K(57856K)
[208.155s][info][gc,heap        ] GC(496) ParOldGen: 346200K(349696K)->346200K(349696K)
[208.155s][info][gc,metaspace   ] GC(496) Metaspace: 119751K(124864K)->119751K(124864K) NonClass: 101638K(104256K)->101638K(104256K) Class: 18113K(20608K)->18113K(20608K)
[208.155s][info][gc             ] GC(496) Pause Full (Ergonomics) 395M->391M(455M) 43.312ms
[208.155s][info][gc,cpu         ] GC(496) User=0.31s Sys=0.00s Real=0.03s
[208.157s][info][gc,start       ] GC(497) Pause Full (Ergonomics)
[208.157s][info][gc,phases,start] GC(497) Marking Phase
[208.187s][info][gc,phases      ] GC(497) Marking Phase 30.022ms
[208.187s][info][gc,phases,start] GC(497) Summary Phase
[208.187s][info][gc,phases      ] GC(497) Summary Phase 0.021ms
[208.187s][info][gc,phases,start] GC(497) Adjust Roots
[208.191s][info][gc,phases      ] GC(497) Adjust Roots 3.529ms
[208.191s][info][gc,phases,start] GC(497) Compaction Phase
[208.200s][info][gc,phases      ] GC(497) Compaction Phase 8.995ms
[208.200s][info][gc,phases,start] GC(497) Post Compact
[208.202s][info][gc,phases      ] GC(497) Post Compact 2.199ms
[208.202s][info][gc,heap        ] GC(497) PSYoungGen: 58880K(116736K)->54837K(116736K) Eden: 58880K(58880K)->54837K(58880K) From: 0K(57856K)->0K(57856K)
[208.202s][info][gc,heap        ] GC(497) ParOldGen: 346200K(349696K)->346200K(349696K)
[208.202s][info][gc,metaspace   ] GC(497) Metaspace: 119751K(124864K)->119751K(124864K) NonClass: 101638K(104256K)->101638K(104256K) Class: 18113K(20608K)->18113K(20608K)
[208.202s][info][gc             ] GC(497) Pause Full (Ergonomics) 395M->391M(455M) 45.116ms
[208.202s][info][gc,cpu         ] GC(497) User=0.16s Sys=0.02s Real=0.03s
[208.204s][info][gc,start       ] GC(498) Pause Full (Ergonomics)
[208.204s][info][gc,phases,start] GC(498) Marking Phase
[208.240s][info][gc,phases      ] GC(498) Marking Phase 35.829ms
[208.240s][info][gc,phases,start] GC(498) Summary Phase
[208.240s][info][gc,phases      ] GC(498) Summary Phase 0.049ms
[208.240s][info][gc,phases,start] GC(498) Adjust Roots
[208.243s][info][gc,phases      ] GC(498) Adjust Roots 3.469ms
[208.243s][info][gc,phases,start] GC(498) Compaction Phase
[208.253s][info][gc,phases      ] GC(498) Compaction Phase 9.941ms
[208.253s][info][gc,phases,start] GC(498) Post Compact
[208.256s][info][gc,phases      ] GC(498) Post Compact 2.563ms
[208.256s][info][gc,heap        ] GC(498) PSYoungGen: 58879K(116736K)->54850K(116736K) Eden: 58879K(58880K)->54850K(58880K) From: 0K(57856K)->0K(57856K)
[208.256s][info][gc,heap        ] GC(498) ParOldGen: 346200K(349696K)->346200K(349696K)
[208.256s][info][gc,metaspace   ] GC(498) Metaspace: 119751K(124864K)->119751K(124864K) NonClass: 101638K(104256K)->101638K(104256K) Class: 18113K(20608K)->18113K(20608K)
[208.256s][info][gc             ] GC(498) Pause Full (Ergonomics) 395M->391M(455M) 52.235ms
[208.256s][info][gc,cpu         ] GC(498) User=0.23s Sys=0.00s Real=0.05s
[208.258s][info][gc,start       ] GC(499) Pause Full (Ergonomics)
[208.258s][info][gc,phases,start] GC(499) Marking Phase
[208.287s][info][gc,phases      ] GC(499) Marking Phase 28.700ms
[208.287s][info][gc,phases,start] GC(499) Summary Phase
[208.287s][info][gc,phases      ] GC(499) Summary Phase 0.023ms
[208.287s][info][gc,phases,start] GC(499) Adjust Roots
[208.290s][info][gc,phases      ] GC(499) Adjust Roots 3.090ms
[208.290s][info][gc,phases,start] GC(499) Compaction Phase
[208.307s][info][gc,phases      ] GC(499) Compaction Phase 17.348ms
[208.307s][info][gc,phases,start] GC(499) Post Compact
[208.310s][info][gc,phases      ] GC(499) Post Compact 2.475ms
[208.310s][info][gc,heap        ] GC(499) PSYoungGen: 58880K(116736K)->54883K(116736K) Eden: 58880K(58880K)->54883K(58880K) From: 0K(57856K)->0K(57856K)
[208.310s][info][gc,heap        ] GC(499) ParOldGen: 346200K(349696K)->346200K(349696K)
[208.310s][info][gc,metaspace   ] GC(499) Metaspace: 119751K(124864K)->119751K(124864K) NonClass: 101638K(104256K)->101638K(104256K) Class: 18113K(20608K)->18113K(20608K)
[208.310s][info][gc             ] GC(499) Pause Full (Ergonomics) 395M->391M(455M) 52.043ms
[208.310s][info][gc,cpu         ] GC(499) User=0.20s Sys=0.00s Real=0.05s
[208.312s][info][gc,start       ] GC(500) Pause Full (Ergonomics)
[208.312s][info][gc,phases,start] GC(500) Marking Phase
[208.344s][info][gc,phases      ] GC(500) Marking Phase 32.259ms
[208.344s][info][gc,phases,start] GC(500) Summary Phase
[208.344s][info][gc,phases      ] GC(500) Summary Phase 0.018ms
[208.344s][info][gc,phases,start] GC(500) Adjust Roots
[208.347s][info][gc,phases      ] GC(500) Adjust Roots 2.821ms
[208.347s][info][gc,phases,start] GC(500) Compaction Phase
[208.355s][info][gc,phases      ] GC(500) Compaction Phase 8.170ms
[208.355s][info][gc,phases,start] GC(500) Post Compact
[208.357s][info][gc,phases      ] GC(500) Post Compact 1.976ms
[208.357s][info][gc,heap        ] GC(500) PSYoungGen: 58880K(116736K)->54828K(116736K) Eden: 58880K(58880K)->54828K(58880K) From: 0K(57856K)->0K(57856K)
[208.357s][info][gc,heap        ] GC(500) ParOldGen: 346200K(349696K)->346200K(349696K)
[208.357s][info][gc,metaspace   ] GC(500) Metaspace: 119751K(124864K)->119751K(124864K) NonClass: 101638K(104256K)->101638K(104256K) Class: 18113K(20608K)->18113K(20608K)
[208.357s][info][gc             ] GC(500) Pause Full (Ergonomics) 395M->391M(455M) 45.485ms
[208.357s][info][gc,cpu         ] GC(500) User=0.38s Sys=0.00s Real=0.05s
[208.359s][info][gc,start       ] GC(501) Pause Full (Ergonomics)
[208.359s][info][gc,phases,start] GC(501) Marking Phase
[208.386s][info][gc,phases      ] GC(501) Marking Phase 27.521ms
[208.386s][info][gc,phases,start] GC(501) Summary Phase
[208.386s][info][gc,phases      ] GC(501) Summary Phase 0.019ms
[208.386s][info][gc,phases,start] GC(501) Adjust Roots
[208.390s][info][gc,phases      ] GC(501) Adjust Roots 3.257ms
[208.390s][info][gc,phases,start] GC(501) Compaction Phase
[208.407s][info][gc,phases      ] GC(501) Compaction Phase 16.889ms
[208.407s][info][gc,phases,start] GC(501) Post Compact
[208.409s][info][gc,phases      ] GC(501) Post Compact 2.021ms
[208.409s][info][gc,heap        ] GC(501) PSYoungGen: 58880K(116736K)->54860K(116736K) Eden: 58880K(58880K)->54860K(58880K) From: 0K(57856K)->0K(57856K)
[208.409s][info][gc,heap        ] GC(501) ParOldGen: 346200K(349696K)->346200K(349696K)
[208.409s][info][gc,metaspace   ] GC(501) Metaspace: 119751K(124864K)->119751K(124864K) NonClass: 101638K(104256K)->101638K(104256K) Class: 18113K(20608K)->18113K(20608K)
[208.409s][info][gc             ] GC(501) Pause Full (Ergonomics) 395M->391M(455M) 49.997ms
[208.409s][info][gc,cpu         ] GC(501) User=0.20s Sys=0.00s Real=0.05s
[208.410s][info][gc,start       ] GC(502) Pause Full (Ergonomics)
[208.411s][info][gc,phases,start] GC(502) Marking Phase
[208.443s][info][gc,phases      ] GC(502) Marking Phase 32.969ms
[208.444s][info][gc,phases,start] GC(502) Summary Phase
[208.444s][info][gc,phases      ] GC(502) Summary Phase 0.022ms
[208.444s][info][gc,phases,start] GC(502) Adjust Roots
[208.446s][info][gc,phases      ] GC(502) Adjust Roots 2.763ms
[208.446s][info][gc,phases,start] GC(502) Compaction Phase
[208.454s][info][gc,phases      ] GC(502) Compaction Phase 7.786ms
[208.454s][info][gc,phases,start] GC(502) Post Compact
[208.456s][info][gc,phases      ] GC(502) Post Compact 2.012ms
[208.456s][info][gc,heap        ] GC(502) PSYoungGen: 58879K(116736K)->54826K(116736K) Eden: 58879K(58880K)->54826K(58880K) From: 0K(57856K)->0K(57856K)
[208.456s][info][gc,heap        ] GC(502) ParOldGen: 346200K(349696K)->346200K(349696K)
[208.456s][info][gc,metaspace   ] GC(502) Metaspace: 119751K(124864K)->119751K(124864K) NonClass: 101638K(104256K)->101638K(104256K) Class: 18113K(20608K)->18113K(20608K)
[208.456s][info][gc             ] GC(502) Pause Full (Ergonomics) 395M->391M(455M) 45.840ms
[208.456s][info][gc,cpu         ] GC(502) User=0.19s Sys=0.00s Real=0.05s
[208.458s][info][gc,start       ] GC(503) Pause Full (Ergonomics)
[208.458s][info][gc,phases,start] GC(503) Marking Phase
[208.486s][info][gc,phases      ] GC(503) Marking Phase 28.581ms
[208.486s][info][gc,phases,start] GC(503) Summary Phase
[208.486s][info][gc,phases      ] GC(503) Summary Phase 0.017ms
[208.486s][info][gc,phases,start] GC(503) Adjust Roots
[208.489s][info][gc,phases      ] GC(503) Adjust Roots 2.803ms
[208.489s][info][gc,phases,start] GC(503) Compaction Phase
[208.500s][info][gc,phases      ] GC(503) Compaction Phase 10.266ms
[208.500s][info][gc,phases,start] GC(503) Post Compact
[208.502s][info][gc,phases      ] GC(503) Post Compact 2.190ms
[208.502s][info][gc,heap        ] GC(503) PSYoungGen: 58879K(116736K)->54854K(116736K) Eden: 58879K(58880K)->54854K(58880K) From: 0K(57856K)->0K(57856K)
[208.502s][info][gc,heap        ] GC(503) ParOldGen: 346200K(349696K)->346200K(349696K)
[208.502s][info][gc,metaspace   ] GC(503) Metaspace: 119751K(124864K)->119751K(124864K) NonClass: 101638K(104256K)->101638K(104256K) Class: 18113K(20608K)->18113K(20608K)
[208.502s][info][gc             ] GC(503) Pause Full (Ergonomics) 395M->391M(455M) 44.134ms
[208.502s][info][gc,cpu         ] GC(503) User=0.19s Sys=0.00s Real=0.03s
[208.503s][info][gc,start       ] GC(504) Pause Full (Ergonomics)
[208.504s][info][gc,phases,start] GC(504) Marking Phase
[208.541s][info][gc,phases      ] GC(504) Marking Phase 37.075ms
[208.541s][info][gc,phases,start] GC(504) Summary Phase
[208.541s][info][gc,phases      ] GC(504) Summary Phase 0.038ms
[208.541s][info][gc,phases,start] GC(504) Adjust Roots
[208.544s][info][gc,phases      ] GC(504) Adjust Roots 3.487ms
[208.544s][info][gc,phases,start] GC(504) Compaction Phase
[208.556s][info][gc,phases      ] GC(504) Compaction Phase 11.322ms
[208.556s][info][gc,phases,start] GC(504) Post Compact
[208.558s][info][gc,phases      ] GC(504) Post Compact 2.561ms
[208.558s][info][gc,heap        ] GC(504) PSYoungGen: 58880K(116736K)->54832K(116736K) Eden: 58880K(58880K)->54832K(58880K) From: 0K(57856K)->0K(57856K)
[208.558s][info][gc,heap        ] GC(504) ParOldGen: 346200K(349696K)->346200K(349696K)
[208.558s][info][gc,metaspace   ] GC(504) Metaspace: 119751K(124864K)->119751K(124864K) NonClass: 101638K(104256K)->101638K(104256K) Class: 18113K(20608K)->18113K(20608K)
[208.558s][info][gc             ] GC(504) Pause Full (Ergonomics) 395M->391M(455M) 54.887ms
[208.558s][info][gc,cpu         ] GC(504) User=0.33s Sys=0.00s Real=0.06s
[208.560s][info][gc,start       ] GC(505) Pause Full (Ergonomics)
[208.560s][info][gc,phases,start] GC(505) Marking Phase
[208.594s][info][gc,phases      ] GC(505) Marking Phase 34.053ms
[208.594s][info][gc,phases,start] GC(505) Summary Phase
[208.595s][info][gc,phases      ] GC(505) Summary Phase 0.018ms
[208.595s][info][gc,phases,start] GC(505) Adjust Roots
[208.597s][info][gc,phases      ] GC(505) Adjust Roots 2.765ms
[208.597s][info][gc,phases,start] GC(505) Compaction Phase
[208.605s][info][gc,phases      ] GC(505) Compaction Phase 7.919ms
[208.605s][info][gc,phases,start] GC(505) Post Compact
[208.607s][info][gc,phases      ] GC(505) Post Compact 2.023ms
[208.607s][info][gc,heap        ] GC(505) PSYoungGen: 58880K(116736K)->54838K(116736K) Eden: 58880K(58880K)->54838K(58880K) From: 0K(57856K)->0K(57856K)
[208.607s][info][gc,heap        ] GC(505) ParOldGen: 346200K(349696K)->346200K(349696K)
[208.607s][info][gc,metaspace   ] GC(505) Metaspace: 119751K(124864K)->119751K(124864K) NonClass: 101638K(104256K)->101638K(104256K) Class: 18113K(20608K)->18113K(20608K)
[208.607s][info][gc             ] GC(505) Pause Full (Ergonomics) 395M->391M(455M) 47.064ms
[208.607s][info][gc,cpu         ] GC(505) User=0.19s Sys=0.00s Real=0.05s
[208.609s][info][gc,start       ] GC(506) Pause Full (Ergonomics)
[208.609s][info][gc,phases,start] GC(506) Marking Phase
[208.635s][info][gc,phases      ] GC(506) Marking Phase 26.551ms
[208.636s][info][gc,phases,start] GC(506) Summary Phase
[208.636s][info][gc,phases      ] GC(506) Summary Phase 0.018ms
[208.636s][info][gc,phases,start] GC(506) Adjust Roots
[208.638s][info][gc,phases      ] GC(506) Adjust Roots 2.739ms
[208.638s][info][gc,phases,start] GC(506) Compaction Phase
[208.654s][info][gc,phases      ] GC(506) Compaction Phase 16.071ms
[208.654s][info][gc,phases,start] GC(506) Post Compact
[208.657s][info][gc,phases      ] GC(506) Post Compact 2.152ms
[208.657s][info][gc,heap        ] GC(506) PSYoungGen: 58880K(116736K)->54831K(116736K) Eden: 58880K(58880K)->54831K(58880K) From: 0K(57856K)->0K(57856K)
[208.657s][info][gc,heap        ] GC(506) ParOldGen: 346200K(349696K)->346200K(349696K)
[208.657s][info][gc,metaspace   ] GC(506) Metaspace: 119751K(124864K)->119751K(124864K) NonClass: 101638K(104256K)->101638K(104256K) Class: 18113K(20608K)->18113K(20608K)
[208.657s][info][gc             ] GC(506) Pause Full (Ergonomics) 395M->391M(455M) 47.851ms
[208.657s][info][gc,cpu         ] GC(506) User=0.33s Sys=0.00s Real=0.05s
[208.658s][info][gc,start       ] GC(507) Pause Full (Ergonomics)
[208.658s][info][gc,phases,start] GC(507) Marking Phase
[208.690s][info][gc,phases      ] GC(507) Marking Phase 31.510ms
[208.690s][info][gc,phases,start] GC(507) Summary Phase
[208.690s][info][gc,phases      ] GC(507) Summary Phase 0.020ms
[208.690s][info][gc,phases,start] GC(507) Adjust Roots
[208.693s][info][gc,phases      ] GC(507) Adjust Roots 3.072ms
[208.693s][info][gc,phases,start] GC(507) Compaction Phase
[208.701s][info][gc,phases      ] GC(507) Compaction Phase 7.712ms
[208.701s][info][gc,phases,start] GC(507) Post Compact
[208.703s][info][gc,phases      ] GC(507) Post Compact 2.007ms
[208.703s][info][gc,heap        ] GC(507) PSYoungGen: 58880K(116736K)->54831K(116736K) Eden: 58880K(58880K)->54831K(58880K) From: 0K(57856K)->0K(57856K)
[208.703s][info][gc,heap        ] GC(507) ParOldGen: 346200K(349696K)->346200K(349696K)
[208.703s][info][gc,metaspace   ] GC(507) Metaspace: 119751K(124864K)->119751K(124864K) NonClass: 101638K(104256K)->101638K(104256K) Class: 18113K(20608K)->18113K(20608K)
[208.703s][info][gc             ] GC(507) Pause Full (Ergonomics) 395M->391M(455M) 44.606ms
[208.703s][info][gc,cpu         ] GC(507) User=0.19s Sys=0.00s Real=0.05s
[208.704s][info][gc,start       ] GC(508) Pause Full (Ergonomics)
[208.704s][info][gc,phases,start] GC(508) Marking Phase
[208.736s][info][gc,phases      ] GC(508) Marking Phase 31.292ms
[208.736s][info][gc,phases,start] GC(508) Summary Phase
[208.736s][info][gc,phases      ] GC(508) Summary Phase 0.021ms
[208.736s][info][gc,phases,start] GC(508) Adjust Roots
[208.738s][info][gc,phases      ] GC(508) Adjust Roots 2.756ms
[208.738s][info][gc,phases,start] GC(508) Compaction Phase
[208.747s][info][gc,phases      ] GC(508) Compaction Phase 8.221ms
[208.747s][info][gc,phases,start] GC(508) Post Compact
[208.749s][info][gc,phases      ] GC(508) Post Compact 2.019ms
[208.749s][info][gc,heap        ] GC(508) PSYoungGen: 58880K(116736K)->54841K(116736K) Eden: 58880K(58880K)->54841K(58880K) From: 0K(57856K)->0K(57856K)
[208.749s][info][gc,heap        ] GC(508) ParOldGen: 346200K(349696K)->346200K(349696K)
[208.749s][info][gc,metaspace   ] GC(508) Metaspace: 119751K(124864K)->119751K(124864K) NonClass: 101638K(104256K)->101638K(104256K) Class: 18113K(20608K)->18113K(20608K)
[208.749s][info][gc             ] GC(508) Pause Full (Ergonomics) 395M->391M(455M) 44.530ms
[208.749s][info][gc,cpu         ] GC(508) User=0.19s Sys=0.00s Real=0.05s
[208.750s][info][gc,start       ] GC(509) Pause Full (Ergonomics)
[208.750s][info][gc,phases,start] GC(509) Marking Phase
[208.782s][info][gc,phases      ] GC(509) Marking Phase 31.247ms
[208.782s][info][gc,phases,start] GC(509) Summary Phase
[208.782s][info][gc,phases      ] GC(509) Summary Phase 0.037ms
[208.782s][info][gc,phases,start] GC(509) Adjust Roots
[208.785s][info][gc,phases      ] GC(509) Adjust Roots 3.274ms
[208.785s][info][gc,phases,start] GC(509) Compaction Phase
[208.794s][info][gc,phases      ] GC(509) Compaction Phase 9.353ms
[208.794s][info][gc,phases,start] GC(509) Post Compact
[208.797s][info][gc,phases      ] GC(509) Post Compact 2.568ms
[208.797s][info][gc,heap        ] GC(509) PSYoungGen: 58880K(116736K)->54814K(116736K) Eden: 58880K(58880K)->54814K(58880K) From: 0K(57856K)->0K(57856K)
[208.797s][info][gc,heap        ] GC(509) ParOldGen: 346200K(349696K)->346200K(349696K)
[208.797s][info][gc,metaspace   ] GC(509) Metaspace: 119751K(124864K)->119751K(124864K) NonClass: 101638K(104256K)->101638K(104256K) Class: 18113K(20608K)->18113K(20608K)
[208.797s][info][gc             ] GC(509) Pause Full (Ergonomics) 395M->391M(455M) 46.837ms
[208.797s][info][gc,cpu         ] GC(509) User=0.19s Sys=0.00s Real=0.05s
[208.799s][info][gc,start       ] GC(510) Pause Full (Ergonomics)
[208.799s][info][gc,phases,start] GC(510) Marking Phase
[208.834s][info][gc,phases      ] GC(510) Marking Phase 35.332ms
[208.834s][info][gc,phases,start] GC(510) Summary Phase
[208.834s][info][gc,phases      ] GC(510) Summary Phase 0.019ms
[208.834s][info][gc,phases,start] GC(510) Adjust Roots
[208.837s][info][gc,phases      ] GC(510) Adjust Roots 2.757ms
[208.837s][info][gc,phases,start] GC(510) Compaction Phase
[208.853s][info][gc,phases      ] GC(510) Compaction Phase 16.207ms
[208.853s][info][gc,phases,start] GC(510) Post Compact
[208.856s][info][gc,phases      ] GC(510) Post Compact 2.183ms
[208.856s][info][gc,heap        ] GC(510) PSYoungGen: 58879K(116736K)->54826K(116736K) Eden: 58879K(58880K)->54826K(58880K) From: 0K(57856K)->0K(57856K)
[208.856s][info][gc,heap        ] GC(510) ParOldGen: 346200K(349696K)->346200K(349696K)
[208.856s][info][gc,metaspace   ] GC(510) Metaspace: 119751K(124864K)->119751K(124864K) NonClass: 101638K(104256K)->101638K(104256K) Class: 18113K(20608K)->18113K(20608K)
[208.856s][info][gc             ] GC(510) Pause Full (Ergonomics) 395M->391M(455M) 56.819ms
[208.856s][info][gc,cpu         ] GC(510) User=0.36s Sys=0.00s Real=0.05s
[208.857s][info][gc,start       ] GC(511) Pause Full (Ergonomics)
[208.857s][info][gc,phases,start] GC(511) Marking Phase
[208.887s][info][gc,phases      ] GC(511) Marking Phase 29.790ms
[208.887s][info][gc,phases,start] GC(511) Summary Phase
[208.887s][info][gc,phases      ] GC(511) Summary Phase 0.026ms
[208.887s][info][gc,phases,start] GC(511) Adjust Roots
[208.890s][info][gc,phases      ] GC(511) Adjust Roots 2.836ms
[208.890s][info][gc,phases,start] GC(511) Compaction Phase
[208.898s][info][gc,phases      ] GC(511) Compaction Phase 8.088ms
[208.898s][info][gc,phases,start] GC(511) Post Compact
[208.900s][info][gc,phases      ] GC(511) Post Compact 2.046ms
[208.900s][info][gc,heap        ] GC(511) PSYoungGen: 58879K(116736K)->54832K(116736K) Eden: 58879K(58880K)->54832K(58880K) From: 0K(57856K)->0K(57856K)
[208.900s][info][gc,heap        ] GC(511) ParOldGen: 346200K(349696K)->346200K(349696K)
[208.900s][info][gc,metaspace   ] GC(511) Metaspace: 119751K(124864K)->119751K(124864K) NonClass: 101638K(104256K)->101638K(104256K) Class: 18113K(20608K)->18113K(20608K)
[208.900s][info][gc             ] GC(511) Pause Full (Ergonomics) 395M->391M(455M) 43.053ms
[208.900s][info][gc,cpu         ] GC(511) User=0.47s Sys=0.00s Real=0.05s
[208.902s][info][gc,start       ] GC(512) Pause Full (Ergonomics)
[208.902s][info][gc,phases,start] GC(512) Marking Phase
[208.932s][info][gc,phases      ] GC(512) Marking Phase 29.958ms
[208.932s][info][gc,phases,start] GC(512) Summary Phase
[208.932s][info][gc,phases      ] GC(512) Summary Phase 0.018ms
[208.932s][info][gc,phases,start] GC(512) Adjust Roots
[208.935s][info][gc,phases      ] GC(512) Adjust Roots 2.813ms
[208.935s][info][gc,phases,start] GC(512) Compaction Phase
[208.941s][info][gc,phases      ] GC(512) Compaction Phase 6.580ms
[208.941s][info][gc,phases,start] GC(512) Post Compact
[208.943s][info][gc,phases      ] GC(512) Post Compact 1.959ms
[208.943s][info][gc,heap        ] GC(512) PSYoungGen: 58880K(116736K)->54876K(116736K) Eden: 58880K(58880K)->54876K(58880K) From: 0K(57856K)->0K(57856K)
[208.943s][info][gc,heap        ] GC(512) ParOldGen: 346200K(349696K)->346200K(349696K)
[208.943s][info][gc,metaspace   ] GC(512) Metaspace: 119751K(124864K)->119751K(124864K) NonClass: 101638K(104256K)->101638K(104256K) Class: 18113K(20608K)->18113K(20608K)
[208.944s][info][gc             ] GC(512) Pause Full (Ergonomics) 395M->391M(455M) 41.608ms
[208.944s][info][gc,cpu         ] GC(512) User=0.17s Sys=0.00s Real=0.03s
[208.945s][info][gc,start       ] GC(513) Pause Full (Ergonomics)
[208.945s][info][gc,phases,start] GC(513) Marking Phase
[208.976s][info][gc,phases      ] GC(513) Marking Phase 30.872ms
[208.976s][info][gc,phases,start] GC(513) Summary Phase
[208.976s][info][gc,phases      ] GC(513) Summary Phase 0.020ms
[208.976s][info][gc,phases,start] GC(513) Adjust Roots
[208.979s][info][gc,phases      ] GC(513) Adjust Roots 2.789ms
[208.979s][info][gc,phases,start] GC(513) Compaction Phase
[208.986s][info][gc,phases      ] GC(513) Compaction Phase 7.723ms
[208.986s][info][gc,phases,start] GC(513) Post Compact
[208.989s][info][gc,phases      ] GC(513) Post Compact 2.061ms
[208.989s][info][gc,heap        ] GC(513) PSYoungGen: 58880K(116736K)->54820K(116736K) Eden: 58880K(58880K)->54820K(58880K) From: 0K(57856K)->0K(57856K)
[208.989s][info][gc,heap        ] GC(513) ParOldGen: 346200K(349696K)->346200K(349696K)
[208.989s][info][gc,metaspace   ] GC(513) Metaspace: 119751K(124864K)->119751K(124864K) NonClass: 101638K(104256K)->101638K(104256K) Class: 18113K(20608K)->18113K(20608K)
[208.989s][info][gc             ] GC(513) Pause Full (Ergonomics) 395M->391M(455M) 43.697ms
[208.989s][info][gc,cpu         ] GC(513) User=0.38s Sys=0.05s Real=0.05s
[208.990s][info][gc,start       ] GC(514) Pause Full (Ergonomics)
[208.990s][info][gc,phases,start] GC(514) Marking Phase
[209.019s][info][gc,phases      ] GC(514) Marking Phase 29.238ms
[209.020s][info][gc,phases,start] GC(514) Summary Phase
[209.020s][info][gc,phases      ] GC(514) Summary Phase 0.017ms
[209.020s][info][gc,phases,start] GC(514) Adjust Roots
[209.022s][info][gc,phases      ] GC(514) Adjust Roots 2.750ms
[209.022s][info][gc,phases,start] GC(514) Compaction Phase
[209.032s][info][gc,phases      ] GC(514) Compaction Phase 9.645ms
[209.032s][info][gc,phases,start] GC(514) Post Compact
[209.035s][info][gc,phases      ] GC(514) Post Compact 2.537ms
[209.035s][info][gc,heap        ] GC(514) PSYoungGen: 58880K(116736K)->54776K(116736K) Eden: 58880K(58880K)->54776K(58880K) From: 0K(57856K)->0K(57856K)
[209.035s][info][gc,heap        ] GC(514) ParOldGen: 346200K(349696K)->346200K(349696K)
[209.035s][info][gc,metaspace   ] GC(514) Metaspace: 119751K(124864K)->119751K(124864K) NonClass: 101638K(104256K)->101638K(104256K) Class: 18113K(20608K)->18113K(20608K)
[209.035s][info][gc             ] GC(514) Pause Full (Ergonomics) 395M->391M(455M) 44.561ms
[209.035s][info][gc,cpu         ] GC(514) User=0.39s Sys=0.00s Real=0.05s
[209.036s][info][gc,start       ] GC(515) Pause Full (Ergonomics)
[209.037s][info][gc,phases,start] GC(515) Marking Phase
[209.068s][info][gc,phases      ] GC(515) Marking Phase 31.580ms
[209.068s][info][gc,phases,start] GC(515) Summary Phase
[209.068s][info][gc,phases      ] GC(515) Summary Phase 0.019ms
[209.068s][info][gc,phases,start] GC(515) Adjust Roots
[209.071s][info][gc,phases      ] GC(515) Adjust Roots 2.780ms
[209.071s][info][gc,phases,start] GC(515) Compaction Phase
[209.081s][info][gc,phases      ] GC(515) Compaction Phase 9.928ms
[209.081s][info][gc,phases,start] GC(515) Post Compact
[209.083s][info][gc,phases      ] GC(515) Post Compact 2.018ms
[209.083s][info][gc,heap        ] GC(515) PSYoungGen: 58879K(116736K)->54859K(116736K) Eden: 58879K(58880K)->54859K(58880K) From: 0K(57856K)->0K(57856K)
[209.083s][info][gc,heap        ] GC(515) ParOldGen: 346200K(349696K)->346200K(349696K)
[209.083s][info][gc,metaspace   ] GC(515) Metaspace: 119751K(124864K)->119751K(124864K) NonClass: 101638K(104256K)->101638K(104256K) Class: 18113K(20608K)->18113K(20608K)
[209.083s][info][gc             ] GC(515) Pause Full (Ergonomics) 395M->391M(455M) 46.608ms
[209.083s][info][gc,cpu         ] GC(515) User=0.19s Sys=0.00s Real=0.05s
[209.085s][info][gc,start       ] GC(516) Pause Full (Ergonomics)
[209.085s][info][gc,phases,start] GC(516) Marking Phase
[209.116s][info][gc,phases      ] GC(516) Marking Phase 31.035ms
[209.116s][info][gc,phases,start] GC(516) Summary Phase
[209.116s][info][gc,phases      ] GC(516) Summary Phase 0.029ms
[209.116s][info][gc,phases,start] GC(516) Adjust Roots
[209.119s][info][gc,phases      ] GC(516) Adjust Roots 2.861ms
[209.119s][info][gc,phases,start] GC(516) Compaction Phase
[209.136s][info][gc,phases      ] GC(516) Compaction Phase 16.852ms
[209.136s][info][gc,phases,start] GC(516) Post Compact
[209.138s][info][gc,phases      ] GC(516) Post Compact 2.628ms
[209.138s][info][gc,heap        ] GC(516) PSYoungGen: 58880K(116736K)->54854K(116736K) Eden: 58880K(58880K)->54854K(58880K) From: 0K(57856K)->0K(57856K)
[209.138s][info][gc,heap        ] GC(516) ParOldGen: 346200K(349696K)->346200K(349696K)
[209.138s][info][gc,metaspace   ] GC(516) Metaspace: 119751K(124864K)->119751K(124864K) NonClass: 101638K(104256K)->101638K(104256K) Class: 18113K(20608K)->18113K(20608K)
[209.138s][info][gc             ] GC(516) Pause Full (Ergonomics) 395M->391M(455M) 53.781ms
[209.138s][info][gc,cpu         ] GC(516) User=0.19s Sys=0.00s Real=0.06s
[209.140s][info][gc,start       ] GC(517) Pause Full (Ergonomics)
[209.140s][info][gc,phases,start] GC(517) Marking Phase
[209.177s][info][gc,phases      ] GC(517) Marking Phase 36.160ms
[209.177s][info][gc,phases,start] GC(517) Summary Phase
[209.177s][info][gc,phases      ] GC(517) Summary Phase 0.017ms
[209.177s][info][gc,phases,start] GC(517) Adjust Roots
[209.179s][info][gc,phases      ] GC(517) Adjust Roots 2.841ms
[209.179s][info][gc,phases,start] GC(517) Compaction Phase
[209.187s][info][gc,phases      ] GC(517) Compaction Phase 7.447ms
[209.187s][info][gc,phases,start] GC(517) Post Compact
[209.189s][info][gc,phases      ] GC(517) Post Compact 2.014ms
[209.189s][info][gc,heap        ] GC(517) PSYoungGen: 58879K(116736K)->54885K(116736K) Eden: 58879K(58880K)->54885K(58880K) From: 0K(57856K)->0K(57856K)
[209.189s][info][gc,heap        ] GC(517) ParOldGen: 346200K(349696K)->346200K(349696K)
[209.189s][info][gc,metaspace   ] GC(517) Metaspace: 119751K(124864K)->119751K(124864K) NonClass: 101638K(104256K)->101638K(104256K) Class: 18113K(20608K)->18113K(20608K)
[209.189s][info][gc             ] GC(517) Pause Full (Ergonomics) 395M->391M(455M) 48.845ms
[209.189s][info][gc,cpu         ] GC(517) User=0.17s Sys=0.00s Real=0.04s
[209.191s][info][gc,start       ] GC(518) Pause Full (Ergonomics)
[209.191s][info][gc,phases,start] GC(518) Marking Phase
[209.222s][info][gc,phases      ] GC(518) Marking Phase 31.053ms
[209.222s][info][gc,phases,start] GC(518) Summary Phase
[209.222s][info][gc,phases      ] GC(518) Summary Phase 0.019ms
[209.222s][info][gc,phases,start] GC(518) Adjust Roots
[209.225s][info][gc,phases      ] GC(518) Adjust Roots 2.933ms
[209.225s][info][gc,phases,start] GC(518) Compaction Phase
[209.234s][info][gc,phases      ] GC(518) Compaction Phase 9.647ms
[209.235s][info][gc,phases,start] GC(518) Post Compact
[209.237s][info][gc,phases      ] GC(518) Post Compact 2.542ms
[209.237s][info][gc,heap        ] GC(518) PSYoungGen: 58879K(116736K)->54804K(116736K) Eden: 58879K(58880K)->54804K(58880K) From: 0K(57856K)->0K(57856K)
[209.237s][info][gc,heap        ] GC(518) ParOldGen: 346200K(349696K)->346200K(349696K)
[209.237s][info][gc,metaspace   ] GC(518) Metaspace: 119751K(124864K)->119751K(124864K) NonClass: 101638K(104256K)->101638K(104256K) Class: 18113K(20608K)->18113K(20608K)
[209.237s][info][gc             ] GC(518) Pause Full (Ergonomics) 395M->391M(455M) 46.568ms
[209.237s][info][gc,cpu         ] GC(518) User=0.19s Sys=0.00s Real=0.05s
[209.239s][info][gc,start       ] GC(519) Pause Full (Ergonomics)
[209.239s][info][gc,phases,start] GC(519) Marking Phase
[209.272s][info][gc,phases      ] GC(519) Marking Phase 32.947ms
[209.272s][info][gc,phases,start] GC(519) Summary Phase
[209.272s][info][gc,phases      ] GC(519) Summary Phase 0.017ms
[209.272s][info][gc,phases,start] GC(519) Adjust Roots
[209.275s][info][gc,phases      ] GC(519) Adjust Roots 2.827ms
[209.275s][info][gc,phases,start] GC(519) Compaction Phase
[209.283s][info][gc,phases      ] GC(519) Compaction Phase 8.342ms
[209.283s][info][gc,phases,start] GC(519) Post Compact
[209.286s][info][gc,phases      ] GC(519) Post Compact 2.237ms
[209.286s][info][gc,heap        ] GC(519) PSYoungGen: 58880K(116736K)->54862K(116736K) Eden: 58880K(58880K)->54862K(58880K) From: 0K(57856K)->0K(57856K)
[209.286s][info][gc,heap        ] GC(519) ParOldGen: 346200K(349696K)->346200K(349696K)
[209.286s][info][gc,metaspace   ] GC(519) Metaspace: 119751K(124864K)->119751K(124864K) NonClass: 101638K(104256K)->101638K(104256K) Class: 18113K(20608K)->18113K(20608K)
[209.286s][info][gc             ] GC(519) Pause Full (Ergonomics) 395M->391M(455M) 46.707ms
[209.286s][info][gc,cpu         ] GC(519) User=0.19s Sys=0.00s Real=0.05s
[209.287s][info][gc,start       ] GC(520) Pause Full (Ergonomics)
[209.287s][info][gc,phases,start] GC(520) Marking Phase
[209.324s][info][gc,phases      ] GC(520) Marking Phase 36.362ms
[209.324s][info][gc,phases,start] GC(520) Summary Phase
[209.324s][info][gc,phases      ] GC(520) Summary Phase 0.022ms
[209.324s][info][gc,phases,start] GC(520) Adjust Roots
[209.327s][info][gc,phases      ] GC(520) Adjust Roots 3.144ms
[209.327s][info][gc,phases,start] GC(520) Compaction Phase
[209.336s][info][gc,phases      ] GC(520) Compaction Phase 8.724ms
[209.336s][info][gc,phases,start] GC(520) Post Compact
[209.338s][info][gc,phases      ] GC(520) Post Compact 1.946ms
[209.338s][info][gc,heap        ] GC(520) PSYoungGen: 58880K(116736K)->54796K(116736K) Eden: 58880K(58880K)->54796K(58880K) From: 0K(57856K)->0K(57856K)
[209.338s][info][gc,heap        ] GC(520) ParOldGen: 346200K(349696K)->346200K(349696K)
[209.338s][info][gc,metaspace   ] GC(520) Metaspace: 119762K(124864K)->119762K(124864K) NonClass: 101648K(104256K)->101648K(104256K) Class: 18113K(20608K)->18113K(20608K)
[209.338s][info][gc             ] GC(520) Pause Full (Ergonomics) 395M->391M(455M) 50.427ms
[209.338s][info][gc,cpu         ] GC(520) User=0.38s Sys=0.00s Real=0.05s
[209.339s][info][gc,start       ] GC(521) Pause Full (Ergonomics)
[209.339s][info][gc,phases,start] GC(521) Marking Phase
[209.372s][info][gc,phases      ] GC(521) Marking Phase 32.264ms
[209.372s][info][gc,phases,start] GC(521) Summary Phase
[209.372s][info][gc,phases      ] GC(521) Summary Phase 0.019ms
[209.372s][info][gc,phases,start] GC(521) Adjust Roots
[209.375s][info][gc,phases      ] GC(521) Adjust Roots 2.773ms
[209.375s][info][gc,phases,start] GC(521) Compaction Phase
[209.383s][info][gc,phases      ] GC(521) Compaction Phase 8.044ms
[209.383s][info][gc,phases,start] GC(521) Post Compact
[209.385s][info][gc,phases      ] GC(521) Post Compact 2.542ms
[209.385s][info][gc,heap        ] GC(521) PSYoungGen: 58880K(116736K)->54810K(116736K) Eden: 58880K(58880K)->54810K(58880K) From: 0K(57856K)->0K(57856K)
[209.385s][info][gc,heap        ] GC(521) ParOldGen: 346200K(349696K)->346200K(349696K)
[209.385s][info][gc,metaspace   ] GC(521) Metaspace: 119763K(124864K)->119763K(124864K) NonClass: 101650K(104256K)->101650K(104256K) Class: 18113K(20608K)->18113K(20608K)
[209.385s][info][gc             ] GC(521) Pause Full (Ergonomics) 395M->391M(455M) 46.007ms
[209.385s][info][gc,cpu         ] GC(521) User=0.19s Sys=0.00s Real=0.05s
[209.387s][info][gc,start       ] GC(522) Pause Full (Ergonomics)
[209.387s][info][gc,phases,start] GC(522) Marking Phase
[209.414s][info][gc,phases      ] GC(522) Marking Phase 26.338ms
[209.414s][info][gc,phases,start] GC(522) Summary Phase
[209.414s][info][gc,phases      ] GC(522) Summary Phase 0.019ms
[209.414s][info][gc,phases,start] GC(522) Adjust Roots
[209.420s][info][gc,phases      ] GC(522) Adjust Roots 6.314ms
[209.420s][info][gc,phases,start] GC(522) Compaction Phase
[209.433s][info][gc,phases      ] GC(522) Compaction Phase 12.454ms
[209.433s][info][gc,phases,start] GC(522) Post Compact
[209.435s][info][gc,phases      ] GC(522) Post Compact 2.324ms
[209.435s][info][gc,heap        ] GC(522) PSYoungGen: 58879K(116736K)->54816K(116736K) Eden: 58879K(58880K)->54816K(58880K) From: 0K(57856K)->0K(57856K)
[209.435s][info][gc,heap        ] GC(522) ParOldGen: 346200K(349696K)->346200K(349696K)
[209.435s][info][gc,metaspace   ] GC(522) Metaspace: 119766K(124864K)->119766K(124864K) NonClass: 101653K(104256K)->101653K(104256K) Class: 18113K(20608K)->18113K(20608K)
[209.435s][info][gc             ] GC(522) Pause Full (Ergonomics) 395M->391M(455M) 47.825ms
[209.435s][info][gc,cpu         ] GC(522) User=0.17s Sys=0.02s Real=0.05s
[209.437s][info][gc,start       ] GC(523) Pause Full (Ergonomics)
[209.437s][info][gc,phases,start] GC(523) Marking Phase
[209.474s][info][gc,phases      ] GC(523) Marking Phase 36.481ms
[209.474s][info][gc,phases,start] GC(523) Summary Phase
[209.474s][info][gc,phases      ] GC(523) Summary Phase 0.046ms
[209.474s][info][gc,phases,start] GC(523) Adjust Roots
[209.477s][info][gc,phases      ] GC(523) Adjust Roots 3.091ms
[209.477s][info][gc,phases,start] GC(523) Compaction Phase
[209.486s][info][gc,phases      ] GC(523) Compaction Phase 8.746ms
[209.486s][info][gc,phases,start] GC(523) Post Compact
[209.488s][info][gc,phases      ] GC(523) Post Compact 2.189ms
[209.488s][info][gc,heap        ] GC(523) PSYoungGen: 58879K(116736K)->54808K(116736K) Eden: 58879K(58880K)->54808K(58880K) From: 0K(57856K)->0K(57856K)
[209.488s][info][gc,heap        ] GC(523) ParOldGen: 346200K(349696K)->346200K(349696K)
[209.488s][info][gc,metaspace   ] GC(523) Metaspace: 119766K(124864K)->119766K(124864K) NonClass: 101653K(104256K)->101653K(104256K) Class: 18113K(20608K)->18113K(20608K)
[209.488s][info][gc             ] GC(523) Pause Full (Ergonomics) 395M->391M(455M) 50.919ms
[209.488s][info][gc,cpu         ] GC(523) User=0.27s Sys=0.02s Real=0.05s
[209.490s][info][gc,start       ] GC(524) Pause Full (Ergonomics)
[209.490s][info][gc,phases,start] GC(524) Marking Phase
[209.522s][info][gc,phases      ] GC(524) Marking Phase 32.639ms
[209.522s][info][gc,phases,start] GC(524) Summary Phase
[209.522s][info][gc,phases      ] GC(524) Summary Phase 0.022ms
[209.522s][info][gc,phases,start] GC(524) Adjust Roots
[209.525s][info][gc,phases      ] GC(524) Adjust Roots 2.790ms
[209.525s][info][gc,phases,start] GC(524) Compaction Phase
[209.534s][info][gc,phases      ] GC(524) Compaction Phase 8.541ms
[209.534s][info][gc,phases,start] GC(524) Post Compact
[209.536s][info][gc,phases      ] GC(524) Post Compact 1.980ms
[209.536s][info][gc,heap        ] GC(524) PSYoungGen: 58880K(116736K)->54741K(116736K) Eden: 58880K(58880K)->54741K(58880K) From: 0K(57856K)->0K(57856K)
[209.536s][info][gc,heap        ] GC(524) ParOldGen: 346200K(349696K)->346200K(349696K)
[209.536s][info][gc,metaspace   ] GC(524) Metaspace: 119766K(124864K)->119766K(124864K) NonClass: 101653K(104256K)->101653K(104256K) Class: 18113K(20608K)->18113K(20608K)
[209.536s][info][gc             ] GC(524) Pause Full (Ergonomics) 395M->391M(455M) 46.257ms
[209.536s][info][gc,cpu         ] GC(524) User=0.47s Sys=0.00s Real=0.05s
[209.537s][info][gc,start       ] GC(525) Pause Full (Ergonomics)
[209.537s][info][gc,phases,start] GC(525) Marking Phase
[209.567s][info][gc,phases      ] GC(525) Marking Phase 30.021ms
[209.567s][info][gc,phases,start] GC(525) Summary Phase
[209.567s][info][gc,phases      ] GC(525) Summary Phase 0.017ms
[209.567s][info][gc,phases,start] GC(525) Adjust Roots
[209.570s][info][gc,phases      ] GC(525) Adjust Roots 2.825ms
[209.570s][info][gc,phases,start] GC(525) Compaction Phase
[209.587s][info][gc,phases      ] GC(525) Compaction Phase 16.806ms
[209.587s][info][gc,phases,start] GC(525) Post Compact
[209.589s][info][gc,phases      ] GC(525) Post Compact 2.198ms
[209.589s][info][gc,heap        ] GC(525) PSYoungGen: 58880K(116736K)->54800K(116736K) Eden: 58880K(58880K)->54800K(58880K) From: 0K(57856K)->0K(57856K)
[209.589s][info][gc,heap        ] GC(525) ParOldGen: 346200K(349696K)->346200K(349696K)
[209.589s][info][gc,metaspace   ] GC(525) Metaspace: 119766K(124864K)->119766K(124864K) NonClass: 101653K(104256K)->101653K(104256K) Class: 18113K(20608K)->18113K(20608K)
[209.589s][info][gc             ] GC(525) Pause Full (Ergonomics) 395M->391M(455M) 52.118ms
[209.590s][info][gc,cpu         ] GC(525) User=0.41s Sys=0.00s Real=0.06s
[209.591s][info][gc,start       ] GC(526) Pause Full (Ergonomics)
[209.591s][info][gc,phases,start] GC(526) Marking Phase
[209.624s][info][gc,phases      ] GC(526) Marking Phase 32.725ms
[209.624s][info][gc,phases,start] GC(526) Summary Phase
[209.624s][info][gc,phases      ] GC(526) Summary Phase 0.019ms
[209.624s][info][gc,phases,start] GC(526) Adjust Roots
[209.627s][info][gc,phases      ] GC(526) Adjust Roots 2.988ms
[209.627s][info][gc,phases,start] GC(526) Compaction Phase
[209.636s][info][gc,phases      ] GC(526) Compaction Phase 8.905ms
[209.636s][info][gc,phases,start] GC(526) Post Compact
[209.638s][info][gc,phases      ] GC(526) Post Compact 2.105ms
[209.638s][info][gc,heap        ] GC(526) PSYoungGen: 58880K(116736K)->54783K(116736K) Eden: 58880K(58880K)->54783K(58880K) From: 0K(57856K)->0K(57856K)
[209.638s][info][gc,heap        ] GC(526) ParOldGen: 346200K(349696K)->346200K(349696K)
[209.638s][info][gc,metaspace   ] GC(526) Metaspace: 119766K(124864K)->119766K(124864K) NonClass: 101653K(104256K)->101653K(104256K) Class: 18113K(20608K)->18113K(20608K)
[209.638s][info][gc             ] GC(526) Pause Full (Ergonomics) 395M->391M(455M) 47.004ms
[209.638s][info][gc,cpu         ] GC(526) User=0.20s Sys=0.00s Real=0.05s
[209.640s][info][gc,start       ] GC(527) Pause Full (Ergonomics)
[209.640s][info][gc,phases,start] GC(527) Marking Phase
[209.668s][info][gc,phases      ] GC(527) Marking Phase 27.841ms
[209.668s][info][gc,phases,start] GC(527) Summary Phase
[209.668s][info][gc,phases      ] GC(527) Summary Phase 0.019ms
[209.668s][info][gc,phases,start] GC(527) Adjust Roots
[209.671s][info][gc,phases      ] GC(527) Adjust Roots 2.848ms
[209.671s][info][gc,phases,start] GC(527) Compaction Phase
[209.682s][info][gc,phases      ] GC(527) Compaction Phase 10.635ms
[209.682s][info][gc,phases,start] GC(527) Post Compact
[209.684s][info][gc,phases      ] GC(527) Post Compact 2.572ms
[209.684s][info][gc,heap        ] GC(527) PSYoungGen: 58880K(116736K)->54812K(116736K) Eden: 58880K(58880K)->54812K(58880K) From: 0K(57856K)->0K(57856K)
[209.684s][info][gc,heap        ] GC(527) ParOldGen: 346200K(349696K)->346200K(349696K)
[209.684s][info][gc,metaspace   ] GC(527) Metaspace: 119766K(124864K)->119766K(124864K) NonClass: 101653K(104256K)->101653K(104256K) Class: 18113K(20608K)->18113K(20608K)
[209.684s][info][gc             ] GC(527) Pause Full (Ergonomics) 395M->391M(455M) 44.294ms
[209.684s][info][gc,cpu         ] GC(527) User=0.19s Sys=0.00s Real=0.05s
[209.686s][info][gc,start       ] GC(528) Pause Full (Ergonomics)
[209.686s][info][gc,phases,start] GC(528) Marking Phase
[209.715s][info][gc,phases      ] GC(528) Marking Phase 28.837ms
[209.715s][info][gc,phases,start] GC(528) Summary Phase
[209.715s][info][gc,phases      ] GC(528) Summary Phase 0.019ms
[209.715s][info][gc,phases,start] GC(528) Adjust Roots
[209.718s][info][gc,phases      ] GC(528) Adjust Roots 3.352ms
[209.718s][info][gc,phases,start] GC(528) Compaction Phase
[209.726s][info][gc,phases      ] GC(528) Compaction Phase 8.185ms
[209.727s][info][gc,phases,start] GC(528) Post Compact
[209.729s][info][gc,phases      ] GC(528) Post Compact 2.219ms
[209.729s][info][gc,heap        ] GC(528) PSYoungGen: 58879K(116736K)->54795K(116736K) Eden: 58879K(58880K)->54795K(58880K) From: 0K(57856K)->0K(57856K)
[209.729s][info][gc,heap        ] GC(528) ParOldGen: 346200K(349696K)->346200K(349696K)
[209.729s][info][gc,metaspace   ] GC(528) Metaspace: 119766K(124864K)->119766K(124864K) NonClass: 101653K(104256K)->101653K(104256K) Class: 18113K(20608K)->18113K(20608K)
[209.729s][info][gc             ] GC(528) Pause Full (Ergonomics) 395M->391M(455M) 42.948ms
[209.729s][info][gc,cpu         ] GC(528) User=0.17s Sys=0.00s Real=0.03s
[209.731s][info][gc,start       ] GC(529) Pause Full (Ergonomics)
[209.731s][info][gc,phases,start] GC(529) Marking Phase
[209.766s][info][gc,phases      ] GC(529) Marking Phase 35.445ms
[209.766s][info][gc,phases,start] GC(529) Summary Phase
[209.766s][info][gc,phases      ] GC(529) Summary Phase 0.033ms
[209.766s][info][gc,phases,start] GC(529) Adjust Roots
[209.770s][info][gc,phases      ] GC(529) Adjust Roots 3.432ms
[209.770s][info][gc,phases,start] GC(529) Compaction Phase
[209.778s][info][gc,phases      ] GC(529) Compaction Phase 8.681ms
[209.778s][info][gc,phases,start] GC(529) Post Compact
[209.781s][info][gc,phases      ] GC(529) Post Compact 2.236ms
[209.781s][info][gc,heap        ] GC(529) PSYoungGen: 58879K(116736K)->54809K(116736K) Eden: 58879K(58880K)->54809K(58880K) From: 0K(57856K)->0K(57856K)
[209.781s][info][gc,heap        ] GC(529) ParOldGen: 346200K(349696K)->346200K(349696K)
[209.781s][info][gc,metaspace   ] GC(529) Metaspace: 119766K(124864K)->119766K(124864K) NonClass: 101653K(104256K)->101653K(104256K) Class: 18113K(20608K)->18113K(20608K)
[209.781s][info][gc             ] GC(529) Pause Full (Ergonomics) 395M->391M(455M) 50.184ms
[209.781s][info][gc,cpu         ] GC(529) User=0.53s Sys=0.00s Real=0.06s
[209.782s][info][gc,start       ] GC(530) Pause Full (Ergonomics)
[209.782s][info][gc,phases,start] GC(530) Marking Phase
[209.818s][info][gc,phases      ] GC(530) Marking Phase 35.848ms
[209.818s][info][gc,phases,start] GC(530) Summary Phase
[209.818s][info][gc,phases      ] GC(530) Summary Phase 0.019ms
[209.818s][info][gc,phases,start] GC(530) Adjust Roots
[209.821s][info][gc,phases      ] GC(530) Adjust Roots 2.763ms
[209.821s][info][gc,phases,start] GC(530) Compaction Phase
[209.828s][info][gc,phases      ] GC(530) Compaction Phase 6.762ms
[209.828s][info][gc,phases,start] GC(530) Post Compact
[209.830s][info][gc,phases      ] GC(530) Post Compact 2.035ms
[209.830s][info][gc,heap        ] GC(530) PSYoungGen: 58880K(116736K)->54776K(116736K) Eden: 58880K(58880K)->54776K(58880K) From: 0K(57856K)->0K(57856K)
[209.830s][info][gc,heap        ] GC(530) ParOldGen: 346200K(349696K)->346200K(349696K)
[209.830s][info][gc,metaspace   ] GC(530) Metaspace: 119766K(124864K)->119766K(124864K) NonClass: 101653K(104256K)->101653K(104256K) Class: 18113K(20608K)->18113K(20608K)
[209.830s][info][gc             ] GC(530) Pause Full (Ergonomics) 395M->391M(455M) 47.710ms
[209.830s][info][gc,cpu         ] GC(530) User=0.34s Sys=0.00s Real=0.05s
[209.832s][info][gc,start       ] GC(531) Pause Full (Ergonomics)
[209.832s][info][gc,phases,start] GC(531) Marking Phase
[209.861s][info][gc,phases      ] GC(531) Marking Phase 28.989ms
[209.861s][info][gc,phases,start] GC(531) Summary Phase
[209.861s][info][gc,phases      ] GC(531) Summary Phase 0.017ms
[209.861s][info][gc,phases,start] GC(531) Adjust Roots
[209.864s][info][gc,phases      ] GC(531) Adjust Roots 2.837ms
[209.864s][info][gc,phases,start] GC(531) Compaction Phase
[209.871s][info][gc,phases      ] GC(531) Compaction Phase 7.628ms
[209.871s][info][gc,phases,start] GC(531) Post Compact
[209.873s][info][gc,phases      ] GC(531) Post Compact 2.016ms
[209.873s][info][gc,heap        ] GC(531) PSYoungGen: 58880K(116736K)->54799K(116736K) Eden: 58880K(58880K)->54799K(58880K) From: 0K(57856K)->0K(57856K)
[209.873s][info][gc,heap        ] GC(531) ParOldGen: 346200K(349696K)->346200K(349696K)
[209.873s][info][gc,metaspace   ] GC(531) Metaspace: 119766K(124864K)->119766K(124864K) NonClass: 101653K(104256K)->101653K(104256K) Class: 18113K(20608K)->18113K(20608K)
[209.873s][info][gc             ] GC(531) Pause Full (Ergonomics) 395M->391M(455M) 41.750ms
[209.873s][info][gc,cpu         ] GC(531) User=0.17s Sys=0.00s Real=0.03s
[209.875s][info][gc,start       ] GC(532) Pause Full (Ergonomics)
[209.875s][info][gc,phases,start] GC(532) Marking Phase
[209.907s][info][gc,phases      ] GC(532) Marking Phase 32.523ms
[209.907s][info][gc,phases,start] GC(532) Summary Phase
[209.907s][info][gc,phases      ] GC(532) Summary Phase 0.037ms
[209.907s][info][gc,phases,start] GC(532) Adjust Roots
[209.911s][info][gc,phases      ] GC(532) Adjust Roots 3.476ms
[209.911s][info][gc,phases,start] GC(532) Compaction Phase
[209.920s][info][gc,phases      ] GC(532) Compaction Phase 9.077ms
[209.920s][info][gc,phases,start] GC(532) Post Compact
[209.923s][info][gc,phases      ] GC(532) Post Compact 2.580ms
[209.923s][info][gc,heap        ] GC(532) PSYoungGen: 58880K(116736K)->54805K(116736K) Eden: 58880K(58880K)->54805K(58880K) From: 0K(57856K)->0K(57856K)
[209.923s][info][gc,heap        ] GC(532) ParOldGen: 346200K(349696K)->346200K(349696K)
[209.923s][info][gc,metaspace   ] GC(532) Metaspace: 119766K(124864K)->119766K(124864K) NonClass: 101653K(104256K)->101653K(104256K) Class: 18113K(20608K)->18113K(20608K)
[209.923s][info][gc             ] GC(532) Pause Full (Ergonomics) 395M->391M(455M) 48.105ms
[209.923s][info][gc,cpu         ] GC(532) User=0.19s Sys=0.00s Real=0.05s
[209.925s][info][gc,start       ] GC(533) Pause Full (Ergonomics)
[209.925s][info][gc,phases,start] GC(533) Marking Phase
[209.953s][info][gc,phases      ] GC(533) Marking Phase 28.560ms
[209.953s][info][gc,phases,start] GC(533) Summary Phase
[209.953s][info][gc,phases      ] GC(533) Summary Phase 0.021ms
[209.953s][info][gc,phases,start] GC(533) Adjust Roots
[209.956s][info][gc,phases      ] GC(533) Adjust Roots 2.774ms
[209.956s][info][gc,phases,start] GC(533) Compaction Phase
[209.965s][info][gc,phases      ] GC(533) Compaction Phase 8.439ms
[209.965s][info][gc,phases,start] GC(533) Post Compact
[209.967s][info][gc,phases      ] GC(533) Post Compact 2.075ms
[209.967s][info][gc,heap        ] GC(533) PSYoungGen: 58880K(116736K)->54796K(116736K) Eden: 58880K(58880K)->54796K(58880K) From: 0K(57856K)->0K(57856K)
[209.967s][info][gc,heap        ] GC(533) ParOldGen: 346200K(349696K)->346200K(349696K)
[209.967s][info][gc,metaspace   ] GC(533) Metaspace: 119766K(124864K)->119766K(124864K) NonClass: 101653K(104256K)->101653K(104256K) Class: 18113K(20608K)->18113K(20608K)
[209.967s][info][gc             ] GC(533) Pause Full (Ergonomics) 395M->391M(455M) 42.135ms
[209.967s][info][gc,cpu         ] GC(533) User=0.17s Sys=0.00s Real=0.03s
[209.969s][info][gc,start       ] GC(534) Pause Full (Ergonomics)
[209.969s][info][gc,phases,start] GC(534) Marking Phase
[209.998s][info][gc,phases      ] GC(534) Marking Phase 29.112ms
[209.998s][info][gc,phases,start] GC(534) Summary Phase
[209.998s][info][gc,phases      ] GC(534) Summary Phase 0.017ms
[209.998s][info][gc,phases,start] GC(534) Adjust Roots
[210.001s][info][gc,phases      ] GC(534) Adjust Roots 2.786ms
[210.001s][info][gc,phases,start] GC(534) Compaction Phase
[210.009s][info][gc,phases      ] GC(534) Compaction Phase 8.239ms
[210.009s][info][gc,phases,start] GC(534) Post Compact
[210.011s][info][gc,phases      ] GC(534) Post Compact 2.015ms
[210.011s][info][gc,heap        ] GC(534) PSYoungGen: 58879K(116736K)->54861K(116736K) Eden: 58879K(58880K)->54861K(58880K) From: 0K(57856K)->0K(57856K)
[210.011s][info][gc,heap        ] GC(534) ParOldGen: 346200K(349696K)->346200K(349696K)
[210.011s][info][gc,metaspace   ] GC(534) Metaspace: 119766K(124864K)->119766K(124864K) NonClass: 101653K(104256K)->101653K(104256K) Class: 18113K(20608K)->18113K(20608K)
[210.011s][info][gc             ] GC(534) Pause Full (Ergonomics) 395M->391M(455M) 42.405ms
[210.011s][info][gc,cpu         ] GC(534) User=0.19s Sys=0.00s Real=0.03s
[210.012s][info][gc,start       ] GC(535) Pause Full (Ergonomics)
[210.012s][info][gc,phases,start] GC(535) Marking Phase
[210.039s][info][gc,phases      ] GC(535) Marking Phase 26.759ms
[210.039s][info][gc,phases,start] GC(535) Summary Phase
[210.039s][info][gc,phases      ] GC(535) Summary Phase 0.018ms
[210.039s][info][gc,phases,start] GC(535) Adjust Roots
[210.042s][info][gc,phases      ] GC(535) Adjust Roots 2.836ms
[210.042s][info][gc,phases,start] GC(535) Compaction Phase
[210.059s][info][gc,phases      ] GC(535) Compaction Phase 16.531ms
[210.059s][info][gc,phases,start] GC(535) Post Compact
[210.061s][info][gc,phases      ] GC(535) Post Compact 2.543ms
[210.061s][info][gc,heap        ] GC(535) PSYoungGen: 58879K(116736K)->54863K(116736K) Eden: 58879K(58880K)->54863K(58880K) From: 0K(57856K)->0K(57856K)
[210.061s][info][gc,heap        ] GC(535) ParOldGen: 346200K(349696K)->346200K(349696K)
[210.061s][info][gc,metaspace   ] GC(535) Metaspace: 119766K(124864K)->119766K(124864K) NonClass: 101653K(104256K)->101653K(104256K) Class: 18113K(20608K)->18113K(20608K)
[210.061s][info][gc             ] GC(535) Pause Full (Ergonomics) 395M->391M(455M) 49.062ms
[210.062s][info][gc,cpu         ] GC(535) User=0.33s Sys=0.00s Real=0.05s
[210.063s][info][gc,start       ] GC(536) Pause Full (Ergonomics)
[210.063s][info][gc,phases,start] GC(536) Marking Phase
[210.100s][info][gc,phases      ] GC(536) Marking Phase 36.391ms
[210.100s][info][gc,phases,start] GC(536) Summary Phase
[210.100s][info][gc,phases      ] GC(536) Summary Phase 0.020ms
[210.100s][info][gc,phases,start] GC(536) Adjust Roots
[210.102s][info][gc,phases      ] GC(536) Adjust Roots 2.768ms
[210.102s][info][gc,phases,start] GC(536) Compaction Phase
[210.110s][info][gc,phases      ] GC(536) Compaction Phase 7.710ms
[210.110s][info][gc,phases,start] GC(536) Post Compact
[210.112s][info][gc,phases      ] GC(536) Post Compact 2.055ms
[210.112s][info][gc,heap        ] GC(536) PSYoungGen: 58880K(116736K)->54807K(116736K) Eden: 58880K(58880K)->54807K(58880K) From: 0K(57856K)->0K(57856K)
[210.112s][info][gc,heap        ] GC(536) ParOldGen: 346200K(349696K)->346200K(349696K)
[210.112s][info][gc,metaspace   ] GC(536) Metaspace: 119766K(124864K)->119766K(124864K) NonClass: 101653K(104256K)->101653K(104256K) Class: 18113K(20608K)->18113K(20608K)
[210.112s][info][gc             ] GC(536) Pause Full (Ergonomics) 395M->391M(455M) 49.200ms
[210.112s][info][gc,cpu         ] GC(536) User=0.36s Sys=0.00s Real=0.05s
[210.114s][info][gc,start       ] GC(537) Pause Full (Ergonomics)
[210.114s][info][gc,phases,start] GC(537) Marking Phase
[210.141s][info][gc,phases      ] GC(537) Marking Phase 27.514ms
[210.141s][info][gc,phases,start] GC(537) Summary Phase
[210.141s][info][gc,phases      ] GC(537) Summary Phase 0.020ms
[210.141s][info][gc,phases,start] GC(537) Adjust Roots
[210.144s][info][gc,phases      ] GC(537) Adjust Roots 2.833ms
[210.144s][info][gc,phases,start] GC(537) Compaction Phase
[210.152s][info][gc,phases      ] GC(537) Compaction Phase 7.218ms
[210.152s][info][gc,phases,start] GC(537) Post Compact
[210.154s][info][gc,phases      ] GC(537) Post Compact 2.536ms
[210.154s][info][gc,heap        ] GC(537) PSYoungGen: 58879K(116736K)->54815K(116736K) Eden: 58879K(58880K)->54815K(58880K) From: 0K(57856K)->0K(57856K)
[210.154s][info][gc,heap        ] GC(537) ParOldGen: 346200K(349696K)->346200K(349696K)
[210.154s][info][gc,metaspace   ] GC(537) Metaspace: 119766K(124864K)->119766K(124864K) NonClass: 101653K(104256K)->101653K(104256K) Class: 18113K(20608K)->18113K(20608K)
[210.154s][info][gc             ] GC(537) Pause Full (Ergonomics) 395M->391M(455M) 40.492ms
[210.154s][info][gc,cpu         ] GC(537) User=0.17s Sys=0.00s Real=0.03s
[210.156s][info][gc,start       ] GC(538) Pause Full (Ergonomics)
[210.156s][info][gc,phases,start] GC(538) Marking Phase
[210.188s][info][gc,phases      ] GC(538) Marking Phase 31.456ms
[210.188s][info][gc,phases,start] GC(538) Summary Phase
[210.188s][info][gc,phases      ] GC(538) Summary Phase 0.022ms
[210.188s][info][gc,phases,start] GC(538) Adjust Roots
[210.191s][info][gc,phases      ] GC(538) Adjust Roots 3.138ms
[210.191s][info][gc,phases,start] GC(538) Compaction Phase
[210.199s][info][gc,phases      ] GC(538) Compaction Phase 7.951ms
[210.199s][info][gc,phases,start] GC(538) Post Compact
[210.201s][info][gc,phases      ] GC(538) Post Compact 2.517ms
[210.201s][info][gc,heap        ] GC(538) PSYoungGen: 58880K(116736K)->54800K(116736K) Eden: 58880K(58880K)->54800K(58880K) From: 0K(57856K)->0K(57856K)
[210.201s][info][gc,heap        ] GC(538) ParOldGen: 346200K(349696K)->346200K(349696K)
[210.201s][info][gc,metaspace   ] GC(538) Metaspace: 119766K(124864K)->119766K(124864K) NonClass: 101653K(104256K)->101653K(104256K) Class: 18113K(20608K)->18113K(20608K)
[210.202s][info][gc             ] GC(538) Pause Full (Ergonomics) 395M->391M(455M) 45.467ms
[210.202s][info][gc,cpu         ] GC(538) User=0.17s Sys=0.02s Real=0.05s
[210.203s][info][gc,start       ] GC(539) Pause Full (Ergonomics)
[210.203s][info][gc,phases,start] GC(539) Marking Phase
[210.232s][info][gc,phases      ] GC(539) Marking Phase 29.117ms
[210.232s][info][gc,phases,start] GC(539) Summary Phase
[210.232s][info][gc,phases      ] GC(539) Summary Phase 0.018ms
[210.232s][info][gc,phases,start] GC(539) Adjust Roots
[210.235s][info][gc,phases      ] GC(539) Adjust Roots 2.891ms
[210.235s][info][gc,phases,start] GC(539) Compaction Phase
[210.243s][info][gc,phases      ] GC(539) Compaction Phase 7.748ms
[210.243s][info][gc,phases,start] GC(539) Post Compact
[210.245s][info][gc,phases      ] GC(539) Post Compact 2.012ms
[210.245s][info][gc,heap        ] GC(539) PSYoungGen: 58880K(116736K)->54791K(116736K) Eden: 58880K(58880K)->54791K(58880K) From: 0K(57856K)->0K(57856K)
[210.245s][info][gc,heap        ] GC(539) ParOldGen: 346200K(349696K)->346200K(349696K)
[210.245s][info][gc,metaspace   ] GC(539) Metaspace: 119766K(124864K)->119766K(124864K) NonClass: 101653K(104256K)->101653K(104256K) Class: 18113K(20608K)->18113K(20608K)
[210.245s][info][gc             ] GC(539) Pause Full (Ergonomics) 395M->391M(455M) 42.106ms
[210.245s][info][gc,cpu         ] GC(539) User=0.17s Sys=0.00s Real=0.03s
[210.247s][info][gc,start       ] GC(540) Pause Full (Ergonomics)
[210.247s][info][gc,phases,start] GC(540) Marking Phase
[210.279s][info][gc,phases      ] GC(540) Marking Phase 32.227ms
[210.279s][info][gc,phases,start] GC(540) Summary Phase
[210.279s][info][gc,phases      ] GC(540) Summary Phase 0.017ms
[210.279s][info][gc,phases,start] GC(540) Adjust Roots
[210.282s][info][gc,phases      ] GC(540) Adjust Roots 3.011ms
[210.282s][info][gc,phases,start] GC(540) Compaction Phase
[210.299s][info][gc,phases      ] GC(540) Compaction Phase 16.603ms
[210.299s][info][gc,phases,start] GC(540) Post Compact
[210.301s][info][gc,phases      ] GC(540) Post Compact 2.181ms
[210.301s][info][gc,heap        ] GC(540) PSYoungGen: 58879K(116736K)->54769K(116736K) Eden: 58879K(58880K)->54769K(58880K) From: 0K(57856K)->0K(57856K)
[210.301s][info][gc,heap        ] GC(540) ParOldGen: 346200K(349696K)->346200K(349696K)
[210.301s][info][gc,metaspace   ] GC(540) Metaspace: 119766K(124864K)->119766K(124864K) NonClass: 101653K(104256K)->101653K(104256K) Class: 18113K(20608K)->18113K(20608K)
[210.301s][info][gc             ] GC(540) Pause Full (Ergonomics) 395M->391M(455M) 54.306ms
[210.301s][info][gc,cpu         ] GC(540) User=0.34s Sys=0.00s Real=0.06s
[210.303s][info][gc,start       ] GC(541) Pause Full (Ergonomics)
[210.303s][info][gc,phases,start] GC(541) Marking Phase
[210.339s][info][gc,phases      ] GC(541) Marking Phase 36.433ms
[210.339s][info][gc,phases,start] GC(541) Summary Phase
[210.339s][info][gc,phases      ] GC(541) Summary Phase 0.018ms
[210.339s][info][gc,phases,start] GC(541) Adjust Roots
[210.342s][info][gc,phases      ] GC(541) Adjust Roots 2.781ms
[210.342s][info][gc,phases,start] GC(541) Compaction Phase
[210.350s][info][gc,phases      ] GC(541) Compaction Phase 7.438ms
[210.350s][info][gc,phases,start] GC(541) Post Compact
[210.352s][info][gc,phases      ] GC(541) Post Compact 2.009ms
[210.352s][info][gc,heap        ] GC(541) PSYoungGen: 58879K(116736K)->54797K(116736K) Eden: 58879K(58880K)->54797K(58880K) From: 0K(57856K)->0K(57856K)
[210.352s][info][gc,heap        ] GC(541) ParOldGen: 346200K(349696K)->346200K(349696K)
[210.352s][info][gc,metaspace   ] GC(541) Metaspace: 119766K(124864K)->119766K(124864K) NonClass: 101653K(104256K)->101653K(104256K) Class: 18113K(20608K)->18113K(20608K)
[210.352s][info][gc             ] GC(541) Pause Full (Ergonomics) 395M->391M(455M) 48.934ms
[210.352s][info][gc,cpu         ] GC(541) User=0.47s Sys=0.00s Real=0.06s
[210.353s][info][gc,start       ] GC(542) Pause Full (Ergonomics)
[210.353s][info][gc,phases,start] GC(542) Marking Phase
[210.382s][info][gc,phases      ] GC(542) Marking Phase 28.888ms
[210.382s][info][gc,phases,start] GC(542) Summary Phase
[210.382s][info][gc,phases      ] GC(542) Summary Phase 0.017ms
[210.382s][info][gc,phases,start] GC(542) Adjust Roots
[210.385s][info][gc,phases      ] GC(542) Adjust Roots 2.801ms
[210.385s][info][gc,phases,start] GC(542) Compaction Phase
[210.393s][info][gc,phases      ] GC(542) Compaction Phase 7.389ms
[210.393s][info][gc,phases,start] GC(542) Post Compact
[210.395s][info][gc,phases      ] GC(542) Post Compact 2.547ms
[210.395s][info][gc,heap        ] GC(542) PSYoungGen: 58880K(116736K)->54763K(116736K) Eden: 58880K(58880K)->54763K(58880K) From: 0K(57856K)->0K(57856K)
[210.395s][info][gc,heap        ] GC(542) ParOldGen: 346200K(349696K)->346200K(349696K)
[210.395s][info][gc,metaspace   ] GC(542) Metaspace: 119766K(124864K)->119766K(124864K) NonClass: 101653K(104256K)->101653K(104256K) Class: 18113K(20608K)->18113K(20608K)
[210.395s][info][gc             ] GC(542) Pause Full (Ergonomics) 395M->391M(455M) 42.027ms
[210.395s][info][gc,cpu         ] GC(542) User=0.67s Sys=0.02s Real=0.04s
[210.397s][info][gc,start       ] GC(543) Pause Full (Ergonomics)
[210.397s][info][gc,phases,start] GC(543) Marking Phase
[210.430s][info][gc,phases      ] GC(543) Marking Phase 33.037ms
[210.430s][info][gc,phases,start] GC(543) Summary Phase
[210.430s][info][gc,phases      ] GC(543) Summary Phase 0.017ms
[210.430s][info][gc,phases,start] GC(543) Adjust Roots
[210.436s][info][gc,phases      ] GC(543) Adjust Roots 6.300ms
[210.436s][info][gc,phases,start] GC(543) Compaction Phase
[210.444s][info][gc,phases      ] GC(543) Compaction Phase 7.721ms
[210.444s][info][gc,phases,start] GC(543) Post Compact
[210.446s][info][gc,phases      ] GC(543) Post Compact 2.017ms
[210.446s][info][gc,heap        ] GC(543) PSYoungGen: 58879K(116736K)->54815K(116736K) Eden: 58879K(58880K)->54815K(58880K) From: 0K(57856K)->0K(57856K)
[210.446s][info][gc,heap        ] GC(543) ParOldGen: 346200K(349696K)->346200K(349696K)
[210.446s][info][gc,metaspace   ] GC(543) Metaspace: 119766K(124864K)->119766K(124864K) NonClass: 101653K(104256K)->101653K(104256K) Class: 18113K(20608K)->18113K(20608K)
[210.446s][info][gc             ] GC(543) Pause Full (Ergonomics) 395M->391M(455M) 49.336ms
[210.446s][info][gc,cpu         ] GC(543) User=0.39s Sys=0.00s Real=0.05s
[210.448s][info][gc,start       ] GC(544) Pause Full (Ergonomics)
[210.448s][info][gc,phases,start] GC(544) Marking Phase
[210.478s][info][gc,phases      ] GC(544) Marking Phase 30.078ms
[210.478s][info][gc,phases,start] GC(544) Summary Phase
[210.478s][info][gc,phases      ] GC(544) Summary Phase 0.019ms
[210.478s][info][gc,phases,start] GC(544) Adjust Roots
[210.481s][info][gc,phases      ] GC(544) Adjust Roots 3.171ms
[210.481s][info][gc,phases,start] GC(544) Compaction Phase
[210.498s][info][gc,phases      ] GC(544) Compaction Phase 17.243ms
[210.498s][info][gc,phases,start] GC(544) Post Compact
[210.501s][info][gc,phases      ] GC(544) Post Compact 2.322ms
[210.501s][info][gc,heap        ] GC(544) PSYoungGen: 58880K(116736K)->54823K(116736K) Eden: 58880K(58880K)->54823K(58880K) From: 0K(57856K)->0K(57856K)
[210.501s][info][gc,heap        ] GC(544) ParOldGen: 346200K(349696K)->346200K(349696K)
[210.501s][info][gc,metaspace   ] GC(544) Metaspace: 119766K(124864K)->119766K(124864K) NonClass: 101653K(104256K)->101653K(104256K) Class: 18113K(20608K)->18113K(20608K)
[210.501s][info][gc             ] GC(544) Pause Full (Ergonomics) 395M->391M(455M) 53.200ms
[210.501s][info][gc,cpu         ] GC(544) User=0.38s Sys=0.00s Real=0.05s
[210.503s][info][gc,start       ] GC(545) Pause Full (Ergonomics)
[210.503s][info][gc,phases,start] GC(545) Marking Phase
[210.537s][info][gc,phases      ] GC(545) Marking Phase 33.799ms
[210.537s][info][gc,phases,start] GC(545) Summary Phase
[210.537s][info][gc,phases      ] GC(545) Summary Phase 0.019ms
[210.537s][info][gc,phases,start] GC(545) Adjust Roots
[210.540s][info][gc,phases      ] GC(545) Adjust Roots 2.794ms
[210.540s][info][gc,phases,start] GC(545) Compaction Phase
[210.555s][info][gc,phases      ] GC(545) Compaction Phase 15.840ms
[210.555s][info][gc,phases,start] GC(545) Post Compact
[210.558s][info][gc,phases      ] GC(545) Post Compact 2.069ms
[210.558s][info][gc,heap        ] GC(545) PSYoungGen: 58879K(116736K)->54786K(116736K) Eden: 58879K(58880K)->54786K(58880K) From: 0K(57856K)->0K(57856K)
[210.558s][info][gc,heap        ] GC(545) ParOldGen: 346200K(349696K)->346200K(349696K)
[210.558s][info][gc,metaspace   ] GC(545) Metaspace: 119766K(124864K)->119766K(124864K) NonClass: 101653K(104256K)->101653K(104256K) Class: 18113K(20608K)->18113K(20608K)
[210.558s][info][gc             ] GC(545) Pause Full (Ergonomics) 395M->391M(455M) 54.812ms
[210.558s][info][gc,cpu         ] GC(545) User=0.20s Sys=0.00s Real=0.05s
[210.559s][info][gc,start       ] GC(546) Pause Full (Ergonomics)
[210.559s][info][gc,phases,start] GC(546) Marking Phase
[210.592s][info][gc,phases      ] GC(546) Marking Phase 33.021ms
[210.592s][info][gc,phases,start] GC(546) Summary Phase
[210.592s][info][gc,phases      ] GC(546) Summary Phase 0.019ms
[210.592s][info][gc,phases,start] GC(546) Adjust Roots
[210.595s][info][gc,phases      ] GC(546) Adjust Roots 2.873ms
[210.595s][info][gc,phases,start] GC(546) Compaction Phase
[210.611s][info][gc,phases      ] GC(546) Compaction Phase 16.223ms
[210.611s][info][gc,phases,start] GC(546) Post Compact
[210.614s][info][gc,phases      ] GC(546) Post Compact 2.184ms
[210.614s][info][gc,heap        ] GC(546) PSYoungGen: 58879K(116736K)->54831K(116736K) Eden: 58879K(58880K)->54831K(58880K) From: 0K(57856K)->0K(57856K)
[210.614s][info][gc,heap        ] GC(546) ParOldGen: 346200K(349696K)->346200K(349696K)
[210.614s][info][gc,metaspace   ] GC(546) Metaspace: 119766K(124864K)->119766K(124864K) NonClass: 101653K(104256K)->101653K(104256K) Class: 18113K(20608K)->18113K(20608K)
[210.614s][info][gc             ] GC(546) Pause Full (Ergonomics) 395M->391M(455M) 54.591ms
[210.614s][info][gc,cpu         ] GC(546) User=0.47s Sys=0.00s Real=0.06s
[210.615s][info][gc,start       ] GC(547) Pause Full (Ergonomics)
[210.615s][info][gc,phases,start] GC(547) Marking Phase
[210.650s][info][gc,phases      ] GC(547) Marking Phase 34.403ms
[210.650s][info][gc,phases,start] GC(547) Summary Phase
[210.650s][info][gc,phases      ] GC(547) Summary Phase 0.019ms
[210.650s][info][gc,phases,start] GC(547) Adjust Roots
[210.653s][info][gc,phases      ] GC(547) Adjust Roots 3.089ms
[210.653s][info][gc,phases,start] GC(547) Compaction Phase
[210.661s][info][gc,phases      ] GC(547) Compaction Phase 8.033ms
[210.661s][info][gc,phases,start] GC(547) Post Compact
[210.664s][info][gc,phases      ] GC(547) Post Compact 2.541ms
[210.664s][info][gc,heap        ] GC(547) PSYoungGen: 58880K(116736K)->54811K(116736K) Eden: 58880K(58880K)->54811K(58880K) From: 0K(57856K)->0K(57856K)
[210.664s][info][gc,heap        ] GC(547) ParOldGen: 346200K(349696K)->346200K(349696K)
[210.664s][info][gc,metaspace   ] GC(547) Metaspace: 119766K(124864K)->119766K(124864K) NonClass: 101653K(104256K)->101653K(104256K) Class: 18113K(20608K)->18113K(20608K)
[210.664s][info][gc             ] GC(547) Pause Full (Ergonomics) 395M->391M(455M) 48.469ms
[210.664s][info][gc,cpu         ] GC(547) User=0.38s Sys=0.00s Real=0.05s
[210.666s][info][gc,start       ] GC(548) Pause Full (Ergonomics)
[210.666s][info][gc,phases,start] GC(548) Marking Phase
[210.694s][info][gc,phases      ] GC(548) Marking Phase 28.459ms
[210.694s][info][gc,phases,start] GC(548) Summary Phase
[210.694s][info][gc,phases      ] GC(548) Summary Phase 0.022ms
[210.694s][info][gc,phases,start] GC(548) Adjust Roots
[210.697s][info][gc,phases      ] GC(548) Adjust Roots 2.839ms
[210.697s][info][gc,phases,start] GC(548) Compaction Phase
[210.706s][info][gc,phases      ] GC(548) Compaction Phase 9.192ms
[210.706s][info][gc,phases,start] GC(548) Post Compact
[210.708s][info][gc,phases      ] GC(548) Post Compact 2.207ms
[210.708s][info][gc,heap        ] GC(548) PSYoungGen: 58880K(116736K)->54853K(116736K) Eden: 58880K(58880K)->54853K(58880K) From: 0K(57856K)->0K(57856K)
[210.709s][info][gc,heap        ] GC(548) ParOldGen: 346200K(349696K)->346200K(349696K)
[210.709s][info][gc,metaspace   ] GC(548) Metaspace: 119766K(124864K)->119766K(124864K) NonClass: 101653K(104256K)->101653K(104256K) Class: 18113K(20608K)->18113K(20608K)
[210.709s][info][gc             ] GC(548) Pause Full (Ergonomics) 395M->391M(455M) 43.061ms
[210.709s][info][gc,cpu         ] GC(548) User=0.17s Sys=0.00s Real=0.03s
[210.710s][info][gc,start       ] GC(549) Pause Full (Ergonomics)
[210.710s][info][gc,phases,start] GC(549) Marking Phase
[210.739s][info][gc,phases      ] GC(549) Marking Phase 28.419ms
[210.739s][info][gc,phases,start] GC(549) Summary Phase
[210.739s][info][gc,phases      ] GC(549) Summary Phase 0.018ms
[210.739s][info][gc,phases,start] GC(549) Adjust Roots
[210.742s][info][gc,phases      ] GC(549) Adjust Roots 3.174ms
[210.742s][info][gc,phases,start] GC(549) Compaction Phase
[210.752s][info][gc,phases      ] GC(549) Compaction Phase 9.712ms
[210.752s][info][gc,phases,start] GC(549) Post Compact
[210.754s][info][gc,phases      ] GC(549) Post Compact 2.238ms
[210.754s][info][gc,heap        ] GC(549) PSYoungGen: 58880K(116736K)->54824K(116736K) Eden: 58880K(58880K)->54824K(58880K) From: 0K(57856K)->0K(57856K)
[210.754s][info][gc,heap        ] GC(549) ParOldGen: 346200K(349696K)->346200K(349696K)
[210.754s][info][gc,metaspace   ] GC(549) Metaspace: 119766K(124864K)->119766K(124864K) NonClass: 101653K(104256K)->101653K(104256K) Class: 18113K(20608K)->18113K(20608K)
[210.754s][info][gc             ] GC(549) Pause Full (Ergonomics) 395M->391M(455M) 43.901ms
[210.754s][info][gc,cpu         ] GC(549) User=0.17s Sys=0.00s Real=0.03s
[210.756s][info][gc,start       ] GC(550) Pause Full (Ergonomics)
[210.756s][info][gc,phases,start] GC(550) Marking Phase
[210.789s][info][gc,phases      ] GC(550) Marking Phase 33.152ms
[210.789s][info][gc,phases,start] GC(550) Summary Phase
[210.789s][info][gc,phases      ] GC(550) Summary Phase 0.046ms
[210.789s][info][gc,phases,start] GC(550) Adjust Roots
[210.792s][info][gc,phases      ] GC(550) Adjust Roots 3.091ms
[210.792s][info][gc,phases,start] GC(550) Compaction Phase
[210.809s][info][gc,phases      ] GC(550) Compaction Phase 16.648ms
[210.809s][info][gc,phases,start] GC(550) Post Compact
[210.811s][info][gc,phases      ] GC(550) Post Compact 2.182ms
[210.811s][info][gc,heap        ] GC(550) PSYoungGen: 58879K(116736K)->54785K(116736K) Eden: 58879K(58880K)->54785K(58880K) From: 0K(57856K)->0K(57856K)
[210.811s][info][gc,heap        ] GC(550) ParOldGen: 346200K(349696K)->346200K(349696K)
[210.811s][info][gc,metaspace   ] GC(550) Metaspace: 119766K(124864K)->119766K(124864K) NonClass: 101653K(104256K)->101653K(104256K) Class: 18113K(20608K)->18113K(20608K)
[210.811s][info][gc             ] GC(550) Pause Full (Ergonomics) 395M->391M(455M) 55.507ms
[210.811s][info][gc,cpu         ] GC(550) User=0.23s Sys=0.03s Real=0.06s
[210.813s][info][gc,start       ] GC(551) Pause Full (Ergonomics)
[210.813s][info][gc,phases,start] GC(551) Marking Phase
[210.849s][info][gc,phases      ] GC(551) Marking Phase 35.432ms
[210.849s][info][gc,phases,start] GC(551) Summary Phase
[210.849s][info][gc,phases      ] GC(551) Summary Phase 0.018ms
[210.849s][info][gc,phases,start] GC(551) Adjust Roots
[210.852s][info][gc,phases      ] GC(551) Adjust Roots 2.749ms
[210.852s][info][gc,phases,start] GC(551) Compaction Phase
[210.860s][info][gc,phases      ] GC(551) Compaction Phase 8.517ms
[210.860s][info][gc,phases,start] GC(551) Post Compact
[210.862s][info][gc,phases      ] GC(551) Post Compact 1.946ms
[210.862s][info][gc,heap        ] GC(551) PSYoungGen: 58880K(116736K)->54774K(116736K) Eden: 58880K(58880K)->54774K(58880K) From: 0K(57856K)->0K(57856K)
[210.862s][info][gc,heap        ] GC(551) ParOldGen: 346200K(349696K)->346200K(349696K)
[210.862s][info][gc,metaspace   ] GC(551) Metaspace: 119766K(124864K)->119766K(124864K) NonClass: 101653K(104256K)->101653K(104256K) Class: 18113K(20608K)->18113K(20608K)
[210.862s][info][gc             ] GC(551) Pause Full (Ergonomics) 395M->391M(455M) 48.908ms
[210.862s][info][gc,cpu         ] GC(551) User=0.33s Sys=0.00s Real=0.05s
[210.864s][info][gc,start       ] GC(552) Pause Full (Ergonomics)
[210.864s][info][gc,phases,start] GC(552) Marking Phase
[210.894s][info][gc,phases      ] GC(552) Marking Phase 30.224ms
[210.894s][info][gc,phases,start] GC(552) Summary Phase
[210.894s][info][gc,phases      ] GC(552) Summary Phase 0.018ms
[210.894s][info][gc,phases,start] GC(552) Adjust Roots
[210.897s][info][gc,phases      ] GC(552) Adjust Roots 2.762ms
[210.897s][info][gc,phases,start] GC(552) Compaction Phase
[210.904s][info][gc,phases      ] GC(552) Compaction Phase 6.954ms
[210.904s][info][gc,phases,start] GC(552) Post Compact
[210.906s][info][gc,phases      ] GC(552) Post Compact 2.019ms
[210.906s][info][gc,heap        ] GC(552) PSYoungGen: 58879K(116736K)->54788K(116736K) Eden: 58879K(58880K)->54788K(58880K) From: 0K(57856K)->0K(57856K)
[210.906s][info][gc,heap        ] GC(552) ParOldGen: 346200K(349696K)->346200K(349696K)
[210.906s][info][gc,metaspace   ] GC(552) Metaspace: 119766K(124864K)->119766K(124864K) NonClass: 101653K(104256K)->101653K(104256K) Class: 18113K(20608K)->18113K(20608K)
[210.906s][info][gc             ] GC(552) Pause Full (Ergonomics) 395M->391M(455M) 42.217ms
[210.906s][info][gc,cpu         ] GC(552) User=0.17s Sys=0.00s Real=0.03s
[210.907s][info][gc,start       ] GC(553) Pause Full (Ergonomics)
[210.908s][info][gc,phases,start] GC(553) Marking Phase
[210.940s][info][gc,phases      ] GC(553) Marking Phase 32.908ms
[210.940s][info][gc,phases,start] GC(553) Summary Phase
[210.940s][info][gc,phases      ] GC(553) Summary Phase 0.019ms
[210.940s][info][gc,phases,start] GC(553) Adjust Roots
[210.944s][info][gc,phases      ] GC(553) Adjust Roots 3.318ms
[210.944s][info][gc,phases,start] GC(553) Compaction Phase
[210.960s][info][gc,phases      ] GC(553) Compaction Phase 16.531ms
[210.960s][info][gc,phases,start] GC(553) Post Compact
[210.963s][info][gc,phases      ] GC(553) Post Compact 2.095ms
[210.963s][info][gc,heap        ] GC(553) PSYoungGen: 58879K(116736K)->54796K(116736K) Eden: 58879K(58880K)->54796K(58880K) From: 0K(57856K)->0K(57856K)
[210.963s][info][gc,heap        ] GC(553) ParOldGen: 346200K(349696K)->346200K(349696K)
[210.963s][info][gc,metaspace   ] GC(553) Metaspace: 119766K(124864K)->119766K(124864K) NonClass: 101653K(104256K)->101653K(104256K) Class: 18113K(20608K)->18113K(20608K)
[210.963s][info][gc             ] GC(553) Pause Full (Ergonomics) 395M->391M(455M) 55.227ms
[210.963s][info][gc,cpu         ] GC(553) User=0.38s Sys=0.02s Real=0.07s
[210.965s][info][gc,start       ] GC(554) Pause Full (Ergonomics)
[210.965s][info][gc,phases,start] GC(554) Marking Phase
[210.999s][info][gc,phases      ] GC(554) Marking Phase 34.065ms
[210.999s][info][gc,phases,start] GC(554) Summary Phase
[210.999s][info][gc,phases      ] GC(554) Summary Phase 0.017ms
[210.999s][info][gc,phases,start] GC(554) Adjust Roots
[211.002s][info][gc,phases      ] GC(554) Adjust Roots 2.831ms
[211.002s][info][gc,phases,start] GC(554) Compaction Phase
[211.010s][info][gc,phases      ] GC(554) Compaction Phase 8.600ms
[211.010s][info][gc,phases,start] GC(554) Post Compact
[211.012s][info][gc,phases      ] GC(554) Post Compact 2.006ms
[211.013s][info][gc,heap        ] GC(554) PSYoungGen: 58880K(116736K)->54826K(116736K) Eden: 58880K(58880K)->54826K(58880K) From: 0K(57856K)->0K(57856K)
[211.013s][info][gc,heap        ] GC(554) ParOldGen: 346200K(349696K)->346200K(349696K)
[211.013s][info][gc,metaspace   ] GC(554) Metaspace: 119766K(124864K)->119766K(124864K) NonClass: 101653K(104256K)->101653K(104256K) Class: 18113K(20608K)->18113K(20608K)
[211.013s][info][gc             ] GC(554) Pause Full (Ergonomics) 395M->391M(455M) 47.831ms
[211.013s][info][gc,cpu         ] GC(554) User=0.72s Sys=0.00s Real=0.05s
[211.014s][info][gc,start       ] GC(555) Pause Full (Ergonomics)
[211.014s][info][gc,phases,start] GC(555) Marking Phase
[211.046s][info][gc,phases      ] GC(555) Marking Phase 31.359ms
[211.046s][info][gc,phases,start] GC(555) Summary Phase
[211.046s][info][gc,phases      ] GC(555) Summary Phase 0.018ms
[211.046s][info][gc,phases,start] GC(555) Adjust Roots
[211.049s][info][gc,phases      ] GC(555) Adjust Roots 2.786ms
[211.049s][info][gc,phases,start] GC(555) Compaction Phase
[211.056s][info][gc,phases      ] GC(555) Compaction Phase 7.056ms
[211.056s][info][gc,phases,start] GC(555) Post Compact
[211.058s][info][gc,phases      ] GC(555) Post Compact 2.018ms
[211.058s][info][gc,heap        ] GC(555) PSYoungGen: 58880K(116736K)->54805K(116736K) Eden: 58880K(58880K)->54805K(58880K) From: 0K(57856K)->0K(57856K)
[211.058s][info][gc,heap        ] GC(555) ParOldGen: 346200K(349696K)->346200K(349696K)
[211.058s][info][gc,metaspace   ] GC(555) Metaspace: 119766K(124864K)->119766K(124864K) NonClass: 101653K(104256K)->101653K(104256K) Class: 18113K(20608K)->18113K(20608K)
[211.058s][info][gc             ] GC(555) Pause Full (Ergonomics) 395M->391M(455M) 43.466ms
[211.058s][info][gc,cpu         ] GC(555) User=0.17s Sys=0.00s Real=0.03s
[211.059s][info][gc,start       ] GC(556) Pause Full (Ergonomics)
[211.059s][info][gc,phases,start] GC(556) Marking Phase
[211.087s][info][gc,phases      ] GC(556) Marking Phase 27.426ms
[211.087s][info][gc,phases,start] GC(556) Summary Phase
[211.087s][info][gc,phases      ] GC(556) Summary Phase 0.018ms
[211.087s][info][gc,phases,start] GC(556) Adjust Roots
[211.089s][info][gc,phases      ] GC(556) Adjust Roots 2.825ms
[211.090s][info][gc,phases,start] GC(556) Compaction Phase
[211.106s][info][gc,phases      ] GC(556) Compaction Phase 16.631ms
[211.106s][info][gc,phases,start] GC(556) Post Compact
[211.109s][info][gc,phases      ] GC(556) Post Compact 2.530ms
[211.109s][info][gc,heap        ] GC(556) PSYoungGen: 58879K(116736K)->54805K(116736K) Eden: 58879K(58880K)->54805K(58880K) From: 0K(57856K)->0K(57856K)
[211.109s][info][gc,heap        ] GC(556) ParOldGen: 346200K(349696K)->346200K(349696K)
[211.109s][info][gc,metaspace   ] GC(556) Metaspace: 119766K(124864K)->119766K(124864K) NonClass: 101653K(104256K)->101653K(104256K) Class: 18113K(20608K)->18113K(20608K)
[211.109s][info][gc             ] GC(556) Pause Full (Ergonomics) 395M->391M(455M) 49.821ms
[211.109s][info][gc,cpu         ] GC(556) User=0.19s Sys=0.00s Real=0.05s
[211.111s][info][gc,start       ] GC(557) Pause Full (Ergonomics)
[211.111s][info][gc,phases,start] GC(557) Marking Phase
[211.145s][info][gc,phases      ] GC(557) Marking Phase 34.051ms
[211.145s][info][gc,phases,start] GC(557) Summary Phase
[211.145s][info][gc,phases      ] GC(557) Summary Phase 0.019ms
[211.145s][info][gc,phases,start] GC(557) Adjust Roots
[211.148s][info][gc,phases      ] GC(557) Adjust Roots 2.785ms
[211.148s][info][gc,phases,start] GC(557) Compaction Phase
[211.155s][info][gc,phases      ] GC(557) Compaction Phase 6.945ms
[211.155s][info][gc,phases,start] GC(557) Post Compact
[211.157s][info][gc,phases      ] GC(557) Post Compact 2.079ms
[211.157s][info][gc,heap        ] GC(557) PSYoungGen: 58880K(116736K)->54800K(116736K) Eden: 58880K(58880K)->54800K(58880K) From: 0K(57856K)->0K(57856K)
[211.157s][info][gc,heap        ] GC(557) ParOldGen: 346200K(349696K)->346200K(349696K)
[211.157s][info][gc,metaspace   ] GC(557) Metaspace: 119766K(124864K)->119766K(124864K) NonClass: 101653K(104256K)->101653K(104256K) Class: 18113K(20608K)->18113K(20608K)
[211.157s][info][gc             ] GC(557) Pause Full (Ergonomics) 395M->391M(455M) 46.132ms
[211.157s][info][gc,cpu         ] GC(557) User=0.19s Sys=0.00s Real=0.05s
[211.158s][info][gc,start       ] GC(558) Pause Full (Ergonomics)
[211.159s][info][gc,phases,start] GC(558) Marking Phase
[211.186s][info][gc,phases      ] GC(558) Marking Phase 27.573ms
[211.186s][info][gc,phases,start] GC(558) Summary Phase
[211.186s][info][gc,phases      ] GC(558) Summary Phase 0.018ms
[211.186s][info][gc,phases,start] GC(558) Adjust Roots
[211.189s][info][gc,phases      ] GC(558) Adjust Roots 2.994ms
[211.189s][info][gc,phases,start] GC(558) Compaction Phase
[211.206s][info][gc,phases      ] GC(558) Compaction Phase 16.771ms
[211.206s][info][gc,phases,start] GC(558) Post Compact
[211.208s][info][gc,phases      ] GC(558) Post Compact 2.236ms
[211.208s][info][gc,heap        ] GC(558) PSYoungGen: 58880K(116736K)->54796K(116736K) Eden: 58880K(58880K)->54796K(58880K) From: 0K(57856K)->0K(57856K)
[211.208s][info][gc,heap        ] GC(558) ParOldGen: 346200K(349696K)->346200K(349696K)
[211.208s][info][gc,metaspace   ] GC(558) Metaspace: 119766K(124864K)->119766K(124864K) NonClass: 101653K(104256K)->101653K(104256K) Class: 18113K(20608K)->18113K(20608K)
[211.208s][info][gc             ] GC(558) Pause Full (Ergonomics) 395M->391M(455M) 49.911ms
[211.208s][info][gc,cpu         ] GC(558) User=0.19s Sys=0.00s Real=0.05s
[211.210s][info][gc,start       ] GC(559) Pause Full (Ergonomics)
[211.210s][info][gc,phases,start] GC(559) Marking Phase
[211.245s][info][gc,phases      ] GC(559) Marking Phase 34.349ms
[211.245s][info][gc,phases,start] GC(559) Summary Phase
[211.245s][info][gc,phases      ] GC(559) Summary Phase 0.019ms
[211.245s][info][gc,phases,start] GC(559) Adjust Roots
[211.251s][info][gc,phases      ] GC(559) Adjust Roots 6.308ms
[211.251s][info][gc,phases,start] GC(559) Compaction Phase
[211.260s][info][gc,phases      ] GC(559) Compaction Phase 9.464ms
[211.260s][info][gc,phases,start] GC(559) Post Compact
[211.262s][info][gc,phases      ] GC(559) Post Compact 2.035ms
[211.263s][info][gc,heap        ] GC(559) PSYoungGen: 58879K(116736K)->54806K(116736K) Eden: 58879K(58880K)->54806K(58880K) From: 0K(57856K)->0K(57856K)
[211.263s][info][gc,heap        ] GC(559) ParOldGen: 346200K(349696K)->346200K(349696K)
[211.263s][info][gc,metaspace   ] GC(559) Metaspace: 119766K(124864K)->119766K(124864K) NonClass: 101653K(104256K)->101653K(104256K) Class: 18113K(20608K)->18113K(20608K)
[211.263s][info][gc             ] GC(559) Pause Full (Ergonomics) 395M->391M(455M) 52.428ms
[211.263s][info][gc,cpu         ] GC(559) User=0.23s Sys=0.00s Real=0.05s
[211.264s][info][gc,start       ] GC(560) Pause Full (Ergonomics)
[211.264s][info][gc,phases,start] GC(560) Marking Phase
[211.294s][info][gc,phases      ] GC(560) Marking Phase 29.366ms
[211.294s][info][gc,phases,start] GC(560) Summary Phase
[211.294s][info][gc,phases      ] GC(560) Summary Phase 0.018ms
[211.294s][info][gc,phases,start] GC(560) Adjust Roots
[211.297s][info][gc,phases      ] GC(560) Adjust Roots 2.917ms
[211.297s][info][gc,phases,start] GC(560) Compaction Phase
[211.303s][info][gc,phases      ] GC(560) Compaction Phase 6.920ms
[211.303s][info][gc,phases,start] GC(560) Post Compact
[211.305s][info][gc,phases      ] GC(560) Post Compact 1.976ms
[211.305s][info][gc,heap        ] GC(560) PSYoungGen: 58880K(116736K)->54799K(116736K) Eden: 58880K(58880K)->54799K(58880K) From: 0K(57856K)->0K(57856K)
[211.306s][info][gc,heap        ] GC(560) ParOldGen: 346200K(349696K)->346200K(349696K)
[211.306s][info][gc,metaspace   ] GC(560) Metaspace: 119766K(124864K)->119766K(124864K) NonClass: 101653K(104256K)->101653K(104256K) Class: 18113K(20608K)->18113K(20608K)
[211.306s][info][gc             ] GC(560) Pause Full (Ergonomics) 395M->391M(455M) 41.436ms
[211.306s][info][gc,cpu         ] GC(560) User=0.19s Sys=0.00s Real=0.03s
[211.307s][info][gc,start       ] GC(561) Pause Full (Ergonomics)
[211.307s][info][gc,phases,start] GC(561) Marking Phase
[211.336s][info][gc,phases      ] GC(561) Marking Phase 29.061ms
[211.336s][info][gc,phases,start] GC(561) Summary Phase
[211.336s][info][gc,phases      ] GC(561) Summary Phase 0.029ms
[211.336s][info][gc,phases,start] GC(561) Adjust Roots
[211.340s][info][gc,phases      ] GC(561) Adjust Roots 3.517ms
[211.340s][info][gc,phases,start] GC(561) Compaction Phase
[211.351s][info][gc,phases      ] GC(561) Compaction Phase 11.406ms
[211.351s][info][gc,phases,start] GC(561) Post Compact
[211.354s][info][gc,phases      ] GC(561) Post Compact 2.558ms
[211.354s][info][gc,heap        ] GC(561) PSYoungGen: 58879K(116736K)->54819K(116736K) Eden: 58879K(58880K)->54819K(58880K) From: 0K(57856K)->0K(57856K)
[211.354s][info][gc,heap        ] GC(561) ParOldGen: 346200K(349696K)->346200K(349696K)
[211.354s][info][gc,metaspace   ] GC(561) Metaspace: 119766K(124864K)->119766K(124864K) NonClass: 101653K(104256K)->101653K(104256K) Class: 18113K(20608K)->18113K(20608K)
[211.354s][info][gc             ] GC(561) Pause Full (Ergonomics) 395M->391M(455M) 46.965ms
[211.354s][info][gc,cpu         ] GC(561) User=0.19s Sys=0.00s Real=0.05s
[211.356s][info][gc,start       ] GC(562) Pause Full (Ergonomics)
[211.356s][info][gc,phases,start] GC(562) Marking Phase
[211.387s][info][gc,phases      ] GC(562) Marking Phase 31.252ms
[211.387s][info][gc,phases,start] GC(562) Summary Phase
[211.387s][info][gc,phases      ] GC(562) Summary Phase 0.019ms
[211.387s][info][gc,phases,start] GC(562) Adjust Roots
[211.390s][info][gc,phases      ] GC(562) Adjust Roots 2.962ms
[211.390s][info][gc,phases,start] GC(562) Compaction Phase
[211.399s][info][gc,phases      ] GC(562) Compaction Phase 8.487ms
[211.399s][info][gc,phases,start] GC(562) Post Compact
[211.401s][info][gc,phases      ] GC(562) Post Compact 2.026ms
[211.401s][info][gc,heap        ] GC(562) PSYoungGen: 58880K(116736K)->54849K(116736K) Eden: 58880K(58880K)->54849K(58880K) From: 0K(57856K)->0K(57856K)
[211.401s][info][gc,heap        ] GC(562) ParOldGen: 346200K(349696K)->346200K(349696K)
[211.401s][info][gc,metaspace   ] GC(562) Metaspace: 119766K(124864K)->119766K(124864K) NonClass: 101653K(104256K)->101653K(104256K) Class: 18113K(20608K)->18113K(20608K)
[211.401s][info][gc             ] GC(562) Pause Full (Ergonomics) 395M->391M(455M) 45.049ms
[211.401s][info][gc,cpu         ] GC(562) User=0.17s Sys=0.00s Real=0.03s
[211.402s][info][gc,start       ] GC(563) Pause Full (Ergonomics)
[211.402s][info][gc,phases,start] GC(563) Marking Phase
[211.439s][info][gc,phases      ] GC(563) Marking Phase 36.660ms
[211.439s][info][gc,phases,start] GC(563) Summary Phase
[211.439s][info][gc,phases      ] GC(563) Summary Phase 0.045ms
[211.439s][info][gc,phases,start] GC(563) Adjust Roots
[211.442s][info][gc,phases      ] GC(563) Adjust Roots 3.051ms
[211.442s][info][gc,phases,start] GC(563) Compaction Phase
[211.458s][info][gc,phases      ] GC(563) Compaction Phase 15.921ms
[211.458s][info][gc,phases,start] GC(563) Post Compact
[211.461s][info][gc,phases      ] GC(563) Post Compact 2.557ms
[211.461s][info][gc,heap        ] GC(563) PSYoungGen: 58880K(116736K)->54763K(116736K) Eden: 58880K(58880K)->54763K(58880K) From: 0K(57856K)->0K(57856K)
[211.461s][info][gc,heap        ] GC(563) ParOldGen: 346200K(349696K)->346200K(349696K)
[211.461s][info][gc,metaspace   ] GC(563) Metaspace: 119766K(124864K)->119766K(124864K) NonClass: 101653K(104256K)->101653K(104256K) Class: 18113K(20608K)->18113K(20608K)
[211.461s][info][gc             ] GC(563) Pause Full (Ergonomics) 395M->391M(455M) 58.637ms
[211.461s][info][gc,cpu         ] GC(563) User=0.23s Sys=0.00s Real=0.05s
[211.463s][info][gc,start       ] GC(564) Pause Full (Ergonomics)
[211.463s][info][gc,phases,start] GC(564) Marking Phase
[211.495s][info][gc,phases      ] GC(564) Marking Phase 31.583ms
[211.495s][info][gc,phases,start] GC(564) Summary Phase
[211.495s][info][gc,phases      ] GC(564) Summary Phase 0.021ms
[211.495s][info][gc,phases,start] GC(564) Adjust Roots
[211.498s][info][gc,phases      ] GC(564) Adjust Roots 3.479ms
[211.498s][info][gc,phases,start] GC(564) Compaction Phase
[211.506s][info][gc,phases      ] GC(564) Compaction Phase 7.893ms
[211.506s][info][gc,phases,start] GC(564) Post Compact
[211.508s][info][gc,phases      ] GC(564) Post Compact 1.991ms
[211.508s][info][gc,heap        ] GC(564) PSYoungGen: 58880K(116736K)->54806K(116736K) Eden: 58880K(58880K)->54806K(58880K) From: 0K(57856K)->0K(57856K)
[211.508s][info][gc,heap        ] GC(564) ParOldGen: 346200K(349696K)->346200K(349696K)
[211.508s][info][gc,metaspace   ] GC(564) Metaspace: 119766K(124864K)->119766K(124864K) NonClass: 101653K(104256K)->101653K(104256K) Class: 18113K(20608K)->18113K(20608K)
[211.508s][info][gc             ] GC(564) Pause Full (Ergonomics) 395M->391M(455M) 45.289ms
[211.508s][info][gc,cpu         ] GC(564) User=0.19s Sys=0.00s Real=0.05s
[211.510s][info][gc,start       ] GC(565) Pause Full (Ergonomics)
[211.510s][info][gc,phases,start] GC(565) Marking Phase
[211.550s][info][gc,phases      ] GC(565) Marking Phase 39.601ms
[211.611s][info][gc,phases,start] GC(565) Summary Phase
[211.611s][info][gc,phases      ] GC(565) Summary Phase 0.105ms
[211.611s][info][gc,phases,start] GC(565) Adjust Roots
[211.618s][info][gc,phases      ] GC(565) Adjust Roots 7.150ms
[211.619s][info][gc,phases,start] GC(565) Compaction Phase
[211.637s][info][gc,phases      ] GC(565) Compaction Phase 18.008ms
[211.637s][info][gc,phases,start] GC(565) Post Compact
[211.639s][info][gc,phases      ] GC(565) Post Compact 2.880ms
[211.640s][info][gc,heap        ] GC(565) PSYoungGen: 58879K(116736K)->54786K(116736K) Eden: 58879K(58880K)->54786K(58880K) From: 0K(57856K)->0K(57856K)
[211.640s][info][gc,heap        ] GC(565) ParOldGen: 346200K(349696K)->346200K(349696K)
[211.640s][info][gc,metaspace   ] GC(565) Metaspace: 119766K(124864K)->119766K(124864K) NonClass: 101653K(104256K)->101653K(104256K) Class: 18113K(20608K)->18113K(20608K)
[211.640s][info][gc             ] GC(565) Pause Full (Ergonomics) 395M->391M(455M) 129.738ms
[211.640s][info][gc,cpu         ] GC(565) User=0.38s Sys=0.00s Real=0.12s
[211.642s][info][gc,start       ] GC(566) Pause Full (Ergonomics)
[211.642s][info][gc,phases,start] GC(566) Marking Phase
[211.680s][info][gc,phases      ] GC(566) Marking Phase 38.497ms
[211.680s][info][gc,phases,start] GC(566) Summary Phase
[211.680s][info][gc,phases      ] GC(566) Summary Phase 0.019ms
[211.680s][info][gc,phases,start] GC(566) Adjust Roots
[211.683s][info][gc,phases      ] GC(566) Adjust Roots 2.915ms
[211.683s][info][gc,phases,start] GC(566) Compaction Phase
[211.690s][info][gc,phases      ] GC(566) Compaction Phase 7.389ms
[211.690s][info][gc,phases,start] GC(566) Post Compact
[211.693s][info][gc,phases      ] GC(566) Post Compact 2.211ms
[211.693s][info][gc,heap        ] GC(566) PSYoungGen: 58880K(116736K)->54830K(116736K) Eden: 58880K(58880K)->54830K(58880K) From: 0K(57856K)->0K(57856K)
[211.693s][info][gc,heap        ] GC(566) ParOldGen: 346200K(349696K)->346200K(349696K)
[211.693s][info][gc,metaspace   ] GC(566) Metaspace: 119766K(124864K)->119766K(124864K) NonClass: 101653K(104256K)->101653K(104256K) Class: 18113K(20608K)->18113K(20608K)
[211.693s][info][gc             ] GC(566) Pause Full (Ergonomics) 395M->391M(455M) 51.265ms
[211.693s][info][gc,cpu         ] GC(566) User=0.53s Sys=0.00s Real=0.06s
[211.694s][info][gc,start       ] GC(567) Pause Full (Ergonomics)
[211.694s][info][gc,phases,start] GC(567) Marking Phase
[211.725s][info][gc,phases      ] GC(567) Marking Phase 30.386ms
[211.725s][info][gc,phases,start] GC(567) Summary Phase
[211.725s][info][gc,phases      ] GC(567) Summary Phase 0.018ms
[211.725s][info][gc,phases,start] GC(567) Adjust Roots
[211.728s][info][gc,phases      ] GC(567) Adjust Roots 3.057ms
[211.728s][info][gc,phases,start] GC(567) Compaction Phase
[211.735s][info][gc,phases      ] GC(567) Compaction Phase 7.387ms
[211.735s][info][gc,phases,start] GC(567) Post Compact
[211.737s][info][gc,phases      ] GC(567) Post Compact 2.076ms
[211.737s][info][gc,heap        ] GC(567) PSYoungGen: 58879K(116736K)->54787K(116736K) Eden: 58879K(58880K)->54787K(58880K) From: 0K(57856K)->0K(57856K)
[211.737s][info][gc,heap        ] GC(567) ParOldGen: 346200K(349696K)->346200K(349696K)
[211.737s][info][gc,metaspace   ] GC(567) Metaspace: 119766K(124864K)->119766K(124864K) NonClass: 101653K(104256K)->101653K(104256K) Class: 18113K(20608K)->18113K(20608K)
[211.737s][info][gc             ] GC(567) Pause Full (Ergonomics) 395M->391M(455M) 43.200ms
[211.737s][info][gc,cpu         ] GC(567) User=0.17s Sys=0.00s Real=0.03s
[211.739s][info][gc,start       ] GC(568) Pause Full (Ergonomics)
[211.739s][info][gc,phases,start] GC(568) Marking Phase
[211.765s][info][gc,phases      ] GC(568) Marking Phase 26.008ms
[211.765s][info][gc,phases,start] GC(568) Summary Phase
[211.765s][info][gc,phases      ] GC(568) Summary Phase 0.018ms
[211.765s][info][gc,phases,start] GC(568) Adjust Roots
[211.768s][info][gc,phases      ] GC(568) Adjust Roots 3.133ms
[211.768s][info][gc,phases,start] GC(568) Compaction Phase
[211.782s][info][gc,phases      ] GC(568) Compaction Phase 13.651ms
[211.782s][info][gc,phases,start] GC(568) Post Compact
[211.785s][info][gc,phases      ] GC(568) Post Compact 2.590ms
[211.785s][info][gc,heap        ] GC(568) PSYoungGen: 58879K(116736K)->54794K(116736K) Eden: 58879K(58880K)->54794K(58880K) From: 0K(57856K)->0K(57856K)
[211.785s][info][gc,heap        ] GC(568) ParOldGen: 346200K(349696K)->346200K(349696K)
[211.785s][info][gc,metaspace   ] GC(568) Metaspace: 119766K(124864K)->119766K(124864K) NonClass: 101653K(104256K)->101653K(104256K) Class: 18113K(20608K)->18113K(20608K)
[211.785s][info][gc             ] GC(568) Pause Full (Ergonomics) 395M->391M(455M) 45.790ms
[211.785s][info][gc,cpu         ] GC(568) User=0.33s Sys=0.00s Real=0.05s
[211.787s][info][gc,start       ] GC(569) Pause Full (Ergonomics)
[211.787s][info][gc,phases,start] GC(569) Marking Phase
[211.819s][info][gc,phases      ] GC(569) Marking Phase 32.036ms
[211.819s][info][gc,phases,start] GC(569) Summary Phase
[211.819s][info][gc,phases      ] GC(569) Summary Phase 0.020ms
[211.819s][info][gc,phases,start] GC(569) Adjust Roots
[211.822s][info][gc,phases      ] GC(569) Adjust Roots 2.813ms
[211.822s][info][gc,phases,start] GC(569) Compaction Phase
[211.828s][info][gc,phases      ] GC(569) Compaction Phase 6.533ms
[211.828s][info][gc,phases,start] GC(569) Post Compact
[211.830s][info][gc,phases      ] GC(569) Post Compact 2.024ms
[211.830s][info][gc,heap        ] GC(569) PSYoungGen: 58880K(116736K)->54800K(116736K) Eden: 58880K(58880K)->54800K(58880K) From: 0K(57856K)->0K(57856K)
[211.830s][info][gc,heap        ] GC(569) ParOldGen: 346200K(349696K)->346200K(349696K)
[211.830s][info][gc,metaspace   ] GC(569) Metaspace: 119766K(124864K)->119766K(124864K) NonClass: 101653K(104256K)->101653K(104256K) Class: 18113K(20608K)->18113K(20608K)
[211.830s][info][gc             ] GC(569) Pause Full (Ergonomics) 395M->391M(455M) 43.826ms
[211.830s][info][gc,cpu         ] GC(569) User=0.17s Sys=0.00s Real=0.03s
[211.832s][info][gc,start       ] GC(570) Pause Full (Ergonomics)
[211.832s][info][gc,phases,start] GC(570) Marking Phase
[211.863s][info][gc,phases      ] GC(570) Marking Phase 30.795ms
[211.863s][info][gc,phases,start] GC(570) Summary Phase
[211.863s][info][gc,phases      ] GC(570) Summary Phase 0.044ms
[211.863s][info][gc,phases,start] GC(570) Adjust Roots
[211.866s][info][gc,phases      ] GC(570) Adjust Roots 2.880ms
[211.866s][info][gc,phases,start] GC(570) Compaction Phase
[211.878s][info][gc,phases      ] GC(570) Compaction Phase 11.923ms
[211.878s][info][gc,phases,start] GC(570) Post Compact
[211.880s][info][gc,phases      ] GC(570) Post Compact 2.521ms
[211.881s][info][gc,heap        ] GC(570) PSYoungGen: 58880K(116736K)->54834K(116736K) Eden: 58880K(58880K)->54834K(58880K) From: 0K(57856K)->0K(57856K)
[211.881s][info][gc,heap        ] GC(570) ParOldGen: 346200K(349696K)->346200K(349696K)
[211.881s][info][gc,metaspace   ] GC(570) Metaspace: 119766K(124864K)->119766K(124864K) NonClass: 101653K(104256K)->101653K(104256K) Class: 18113K(20608K)->18113K(20608K)
[211.881s][info][gc             ] GC(570) Pause Full (Ergonomics) 395M->391M(455M) 48.538ms
[211.881s][info][gc,cpu         ] GC(570) User=0.20s Sys=0.00s Real=0.05s
[211.882s][info][gc,start       ] GC(571) Pause Full (Ergonomics)
[211.882s][info][gc,phases,start] GC(571) Marking Phase
[211.910s][info][gc,phases      ] GC(571) Marking Phase 28.036ms
[211.911s][info][gc,phases,start] GC(571) Summary Phase
[211.911s][info][gc,phases      ] GC(571) Summary Phase 0.018ms
[211.911s][info][gc,phases,start] GC(571) Adjust Roots
[211.914s][info][gc,phases      ] GC(571) Adjust Roots 3.069ms
[211.914s][info][gc,phases,start] GC(571) Compaction Phase
[211.933s][info][gc,phases      ] GC(571) Compaction Phase 19.143ms
[211.933s][info][gc,phases,start] GC(571) Post Compact
[211.935s][info][gc,phases      ] GC(571) Post Compact 2.091ms
[211.935s][info][gc,heap        ] GC(571) PSYoungGen: 58880K(116736K)->54804K(116736K) Eden: 58880K(58880K)->54804K(58880K) From: 0K(57856K)->0K(57856K)
[211.935s][info][gc,heap        ] GC(571) ParOldGen: 346200K(349696K)->346200K(349696K)
[211.935s][info][gc,metaspace   ] GC(571) Metaspace: 119766K(124864K)->119766K(124864K) NonClass: 101653K(104256K)->101653K(104256K) Class: 18113K(20608K)->18113K(20608K)
[211.935s][info][gc             ] GC(571) Pause Full (Ergonomics) 395M->391M(455M) 52.651ms
[211.935s][info][gc,cpu         ] GC(571) User=0.33s Sys=0.00s Real=0.05s
[211.936s][info][gc,start       ] GC(572) Pause Full (Ergonomics)
[211.936s][info][gc,phases,start] GC(572) Marking Phase
[211.963s][info][gc,phases      ] GC(572) Marking Phase 26.384ms
[211.963s][info][gc,phases,start] GC(572) Summary Phase
[211.963s][info][gc,phases      ] GC(572) Summary Phase 0.022ms
[211.963s][info][gc,phases,start] GC(572) Adjust Roots
[211.966s][info][gc,phases      ] GC(572) Adjust Roots 2.825ms
[211.966s][info][gc,phases,start] GC(572) Compaction Phase
[211.974s][info][gc,phases      ] GC(572) Compaction Phase 8.143ms
[211.974s][info][gc,phases,start] GC(572) Post Compact
[211.976s][info][gc,phases      ] GC(572) Post Compact 1.989ms
[211.976s][info][gc,heap        ] GC(572) PSYoungGen: 58880K(116736K)->54783K(116736K) Eden: 58880K(58880K)->54783K(58880K) From: 0K(57856K)->0K(57856K)
[211.976s][info][gc,heap        ] GC(572) ParOldGen: 346200K(349696K)->346200K(349696K)
[211.976s][info][gc,metaspace   ] GC(572) Metaspace: 119767K(124864K)->119767K(124864K) NonClass: 101653K(104256K)->101653K(104256K) Class: 18113K(20608K)->18113K(20608K)
[211.976s][info][gc             ] GC(572) Pause Full (Ergonomics) 395M->391M(455M) 39.669ms
[211.976s][info][gc,cpu         ] GC(572) User=0.31s Sys=0.00s Real=0.03s
[211.977s][info][gc,start       ] GC(573) Pause Full (Ergonomics)
[211.978s][info][gc,phases,start] GC(573) Marking Phase
[212.007s][info][gc,phases      ] GC(573) Marking Phase 29.324ms
[212.007s][info][gc,phases,start] GC(573) Summary Phase
[212.007s][info][gc,phases      ] GC(573) Summary Phase 0.018ms
[212.007s][info][gc,phases,start] GC(573) Adjust Roots
[212.010s][info][gc,phases      ] GC(573) Adjust Roots 3.162ms
[212.010s][info][gc,phases,start] GC(573) Compaction Phase
[212.019s][info][gc,phases      ] GC(573) Compaction Phase 8.550ms
[212.019s][info][gc,phases,start] GC(573) Post Compact
[212.021s][info][gc,phases      ] GC(573) Post Compact 2.541ms
[212.021s][info][gc,heap        ] GC(573) PSYoungGen: 58880K(116736K)->54823K(116736K) Eden: 58880K(58880K)->54823K(58880K) From: 0K(57856K)->0K(57856K)
[212.021s][info][gc,heap        ] GC(573) ParOldGen: 346200K(349696K)->346200K(349696K)
[212.021s][info][gc,metaspace   ] GC(573) Metaspace: 119767K(124864K)->119767K(124864K) NonClass: 101653K(104256K)->101653K(104256K) Class: 18113K(20608K)->18113K(20608K)
[212.021s][info][gc             ] GC(573) Pause Full (Ergonomics) 395M->391M(455M) 43.968ms
[212.022s][info][gc,cpu         ] GC(573) User=0.31s Sys=0.00s Real=0.03s
[212.023s][info][gc,start       ] GC(574) Pause Full (Ergonomics)
[212.023s][info][gc,phases,start] GC(574) Marking Phase
[212.054s][info][gc,phases      ] GC(574) Marking Phase 31.178ms
[212.054s][info][gc,phases,start] GC(574) Summary Phase
[212.054s][info][gc,phases      ] GC(574) Summary Phase 0.020ms
[212.054s][info][gc,phases,start] GC(574) Adjust Roots
[212.057s][info][gc,phases      ] GC(574) Adjust Roots 2.968ms
[212.057s][info][gc,phases,start] GC(574) Compaction Phase
[212.077s][info][gc,phases      ] GC(574) Compaction Phase 19.567ms
[212.077s][info][gc,phases,start] GC(574) Post Compact
[212.080s][info][gc,phases      ] GC(574) Post Compact 2.675ms
[212.080s][info][gc,heap        ] GC(574) PSYoungGen: 58880K(116736K)->54821K(116736K) Eden: 58880K(58880K)->54821K(58880K) From: 0K(57856K)->0K(57856K)
[212.080s][info][gc,heap        ] GC(574) ParOldGen: 346200K(349696K)->346200K(349696K)
[212.080s][info][gc,metaspace   ] GC(574) Metaspace: 119767K(124864K)->119767K(124864K) NonClass: 101653K(104256K)->101653K(104256K) Class: 18113K(20608K)->18113K(20608K)
[212.080s][info][gc             ] GC(574) Pause Full (Ergonomics) 395M->391M(455M) 56.835ms
[212.080s][info][gc,cpu         ] GC(574) User=0.33s Sys=0.00s Real=0.05s
[212.081s][info][gc,start       ] GC(575) Pause Full (Ergonomics)
[212.081s][info][gc,phases,start] GC(575) Marking Phase
[212.108s][info][gc,phases      ] GC(575) Marking Phase 26.795ms
[212.108s][info][gc,phases,start] GC(575) Summary Phase
[212.108s][info][gc,phases      ] GC(575) Summary Phase 0.017ms
[212.108s][info][gc,phases,start] GC(575) Adjust Roots
[212.111s][info][gc,phases      ] GC(575) Adjust Roots 2.871ms
[212.111s][info][gc,phases,start] GC(575) Compaction Phase
[212.126s][info][gc,phases      ] GC(575) Compaction Phase 15.055ms
[212.126s][info][gc,phases,start] GC(575) Post Compact
[212.128s][info][gc,phases      ] GC(575) Post Compact 2.017ms
[212.128s][info][gc,heap        ] GC(575) PSYoungGen: 58880K(116736K)->54857K(116736K) Eden: 58880K(58880K)->54857K(58880K) From: 0K(57856K)->0K(57856K)
[212.128s][info][gc,heap        ] GC(575) ParOldGen: 346200K(349696K)->346200K(349696K)
[212.128s][info][gc,metaspace   ] GC(575) Metaspace: 119767K(124864K)->119767K(124864K) NonClass: 101653K(104256K)->101653K(104256K) Class: 18113K(20608K)->18113K(20608K)
[212.128s][info][gc             ] GC(575) Pause Full (Ergonomics) 395M->391M(455M) 46.988ms
[212.128s][info][gc,cpu         ] GC(575) User=0.33s Sys=0.00s Real=0.05s
[212.130s][info][gc,start       ] GC(576) Pause Full (Ergonomics)
[212.130s][info][gc,phases,start] GC(576) Marking Phase
[212.162s][info][gc,phases      ] GC(576) Marking Phase 31.468ms
[212.162s][info][gc,phases,start] GC(576) Summary Phase
[212.162s][info][gc,phases      ] GC(576) Summary Phase 0.018ms
[212.162s][info][gc,phases,start] GC(576) Adjust Roots
[212.165s][info][gc,phases      ] GC(576) Adjust Roots 3.017ms
[212.165s][info][gc,phases,start] GC(576) Compaction Phase
[212.180s][info][gc,phases      ] GC(576) Compaction Phase 15.699ms
[212.180s][info][gc,phases,start] GC(576) Post Compact
[212.183s][info][gc,phases      ] GC(576) Post Compact 2.143ms
[212.183s][info][gc,heap        ] GC(576) PSYoungGen: 58880K(116736K)->54851K(116736K) Eden: 58880K(58880K)->54851K(58880K) From: 0K(57856K)->0K(57856K)
[212.183s][info][gc,heap        ] GC(576) ParOldGen: 346200K(349696K)->346200K(349696K)
[212.183s][info][gc,metaspace   ] GC(576) Metaspace: 119767K(124864K)->119767K(124864K) NonClass: 101653K(104256K)->101653K(104256K) Class: 18113K(20608K)->18113K(20608K)
[212.183s][info][gc             ] GC(576) Pause Full (Ergonomics) 395M->391M(455M) 52.708ms
[212.183s][info][gc,cpu         ] GC(576) User=0.20s Sys=0.00s Real=0.05s
[212.184s][info][gc,start       ] GC(577) Pause Full (Ergonomics)
[212.184s][info][gc,phases,start] GC(577) Marking Phase
[212.218s][info][gc,phases      ] GC(577) Marking Phase 33.775ms
[212.218s][info][gc,phases,start] GC(577) Summary Phase
[212.218s][info][gc,phases      ] GC(577) Summary Phase 0.017ms
[212.218s][info][gc,phases,start] GC(577) Adjust Roots
[212.221s][info][gc,phases      ] GC(577) Adjust Roots 2.963ms
[212.221s][info][gc,phases,start] GC(577) Compaction Phase
[212.229s][info][gc,phases      ] GC(577) Compaction Phase 7.447ms
[212.229s][info][gc,phases,start] GC(577) Post Compact
[212.231s][info][gc,phases      ] GC(577) Post Compact 2.566ms
[212.231s][info][gc,heap        ] GC(577) PSYoungGen: 58880K(116736K)->54835K(116736K) Eden: 58880K(58880K)->54835K(58880K) From: 0K(57856K)->0K(57856K)
[212.231s][info][gc,heap        ] GC(577) ParOldGen: 346200K(349696K)->346200K(349696K)
[212.231s][info][gc,metaspace   ] GC(577) Metaspace: 119767K(124864K)->119767K(124864K) NonClass: 101653K(104256K)->101653K(104256K) Class: 18113K(20608K)->18113K(20608K)
[212.231s][info][gc             ] GC(577) Pause Full (Ergonomics) 395M->391M(455M) 47.158ms
[212.232s][info][gc,cpu         ] GC(577) User=0.19s Sys=0.00s Real=0.05s
[212.233s][info][gc,start       ] GC(578) Pause Full (Ergonomics)
[212.233s][info][gc,phases,start] GC(578) Marking Phase
[212.260s][info][gc,phases      ] GC(578) Marking Phase 26.946ms
[212.260s][info][gc,phases,start] GC(578) Summary Phase
[212.260s][info][gc,phases      ] GC(578) Summary Phase 0.018ms
[212.260s][info][gc,phases,start] GC(578) Adjust Roots
[212.263s][info][gc,phases      ] GC(578) Adjust Roots 2.876ms
[212.263s][info][gc,phases,start] GC(578) Compaction Phase
[212.270s][info][gc,phases      ] GC(578) Compaction Phase 6.964ms
[212.270s][info][gc,phases,start] GC(578) Post Compact
[212.272s][info][gc,phases      ] GC(578) Post Compact 2.071ms
[212.272s][info][gc,heap        ] GC(578) PSYoungGen: 58880K(116736K)->54834K(116736K) Eden: 58880K(58880K)->54834K(58880K) From: 0K(57856K)->0K(57856K)
[212.272s][info][gc,heap        ] GC(578) ParOldGen: 346200K(349696K)->346200K(349696K)
[212.272s][info][gc,metaspace   ] GC(578) Metaspace: 119767K(124864K)->119767K(124864K) NonClass: 101653K(104256K)->101653K(104256K) Class: 18113K(20608K)->18113K(20608K)
[212.272s][info][gc             ] GC(578) Pause Full (Ergonomics) 395M->391M(455M) 39.133ms
[212.272s][info][gc,cpu         ] GC(578) User=0.17s Sys=0.00s Real=0.03s
[212.274s][info][gc,start       ] GC(579) Pause Full (Ergonomics)
[212.274s][info][gc,phases,start] GC(579) Marking Phase
[212.306s][info][gc,phases      ] GC(579) Marking Phase 31.983ms
[212.306s][info][gc,phases,start] GC(579) Summary Phase
[212.306s][info][gc,phases      ] GC(579) Summary Phase 0.044ms
[212.306s][info][gc,phases,start] GC(579) Adjust Roots
[212.309s][info][gc,phases      ] GC(579) Adjust Roots 2.972ms
[212.309s][info][gc,phases,start] GC(579) Compaction Phase
[212.320s][info][gc,phases      ] GC(579) Compaction Phase 11.113ms
[212.320s][info][gc,phases,start] GC(579) Post Compact
[212.323s][info][gc,phases      ] GC(579) Post Compact 2.491ms
[212.323s][info][gc,heap        ] GC(579) PSYoungGen: 58880K(116736K)->54826K(116736K) Eden: 58880K(58880K)->54826K(58880K) From: 0K(57856K)->0K(57856K)
[212.323s][info][gc,heap        ] GC(579) ParOldGen: 346200K(349696K)->346200K(349696K)
[212.323s][info][gc,metaspace   ] GC(579) Metaspace: 119767K(124864K)->119767K(124864K) NonClass: 101653K(104256K)->101653K(104256K) Class: 18113K(20608K)->18113K(20608K)
[212.323s][info][gc             ] GC(579) Pause Full (Ergonomics) 395M->391M(455M) 49.148ms
[212.323s][info][gc,cpu         ] GC(579) User=0.33s Sys=0.00s Real=0.05s
[212.325s][info][gc,start       ] GC(580) Pause Full (Ergonomics)
[212.325s][info][gc,phases,start] GC(580) Marking Phase
[212.354s][info][gc,phases      ] GC(580) Marking Phase 29.754ms
[212.354s][info][gc,phases,start] GC(580) Summary Phase
[212.354s][info][gc,phases      ] GC(580) Summary Phase 0.018ms
[212.355s][info][gc,phases,start] GC(580) Adjust Roots
[212.358s][info][gc,phases      ] GC(580) Adjust Roots 3.220ms
[212.358s][info][gc,phases,start] GC(580) Compaction Phase
[212.366s][info][gc,phases      ] GC(580) Compaction Phase 8.435ms
[212.366s][info][gc,phases,start] GC(580) Post Compact
[212.368s][info][gc,phases      ] GC(580) Post Compact 2.075ms
[212.368s][info][gc,heap        ] GC(580) PSYoungGen: 58880K(116736K)->54810K(116736K) Eden: 58880K(58880K)->54810K(58880K) From: 0K(57856K)->0K(57856K)
[212.368s][info][gc,heap        ] GC(580) ParOldGen: 346200K(349696K)->346200K(349696K)
[212.368s][info][gc,metaspace   ] GC(580) Metaspace: 119767K(124864K)->119767K(124864K) NonClass: 101653K(104256K)->101653K(104256K) Class: 18113K(20608K)->18113K(20608K)
[212.368s][info][gc             ] GC(580) Pause Full (Ergonomics) 395M->391M(455M) 43.807ms
[212.368s][info][gc,cpu         ] GC(580) User=0.17s Sys=0.00s Real=0.03s
[212.370s][info][gc,start       ] GC(581) Pause Full (Ergonomics)
[212.370s][info][gc,phases,start] GC(581) Marking Phase
[212.397s][info][gc,phases      ] GC(581) Marking Phase 27.165ms
[212.397s][info][gc,phases,start] GC(581) Summary Phase
[212.397s][info][gc,phases      ] GC(581) Summary Phase 0.019ms
[212.397s][info][gc,phases,start] GC(581) Adjust Roots
[212.400s][info][gc,phases      ] GC(581) Adjust Roots 3.039ms
[212.400s][info][gc,phases,start] GC(581) Compaction Phase
[212.408s][info][gc,phases      ] GC(581) Compaction Phase 8.067ms
[212.409s][info][gc,phases,start] GC(581) Post Compact
[212.411s][info][gc,phases      ] GC(581) Post Compact 2.591ms
[212.411s][info][gc,heap        ] GC(581) PSYoungGen: 58880K(116736K)->54864K(116736K) Eden: 58880K(58880K)->54864K(58880K) From: 0K(57856K)->0K(57856K)
[212.411s][info][gc,heap        ] GC(581) ParOldGen: 346200K(349696K)->346200K(349696K)
[212.411s][info][gc,metaspace   ] GC(581) Metaspace: 119767K(124864K)->119767K(124864K) NonClass: 101653K(104256K)->101653K(104256K) Class: 18113K(20608K)->18113K(20608K)
[212.411s][info][gc             ] GC(581) Pause Full (Ergonomics) 395M->391M(455M) 41.312ms
[212.411s][info][gc,cpu         ] GC(581) User=0.33s Sys=0.00s Real=0.05s
[212.413s][info][gc,start       ] GC(582) Pause Full (Ergonomics)
[212.413s][info][gc,phases,start] GC(582) Marking Phase
[212.450s][info][gc,phases      ] GC(582) Marking Phase 37.139ms
[212.450s][info][gc,phases,start] GC(582) Summary Phase
[212.450s][info][gc,phases      ] GC(582) Summary Phase 0.019ms
[212.450s][info][gc,phases,start] GC(582) Adjust Roots
[212.453s][info][gc,phases      ] GC(582) Adjust Roots 2.823ms
[212.453s][info][gc,phases,start] GC(582) Compaction Phase
[212.471s][info][gc,phases      ] GC(582) Compaction Phase 17.539ms
[212.471s][info][gc,phases,start] GC(582) Post Compact
[212.473s][info][gc,phases      ] GC(582) Post Compact 2.263ms
[212.473s][info][gc,heap        ] GC(582) PSYoungGen: 58880K(116736K)->54853K(116736K) Eden: 58880K(58880K)->54853K(58880K) From: 0K(57856K)->0K(57856K)
[212.473s][info][gc,heap        ] GC(582) ParOldGen: 346200K(349696K)->346200K(349696K)
[212.473s][info][gc,metaspace   ] GC(582) Metaspace: 119767K(124864K)->119767K(124864K) NonClass: 101653K(104256K)->101653K(104256K) Class: 18113K(20608K)->18113K(20608K)
[212.473s][info][gc             ] GC(582) Pause Full (Ergonomics) 395M->391M(455M) 60.092ms
[212.473s][info][gc,cpu         ] GC(582) User=0.38s Sys=0.00s Real=0.05s
[212.475s][info][gc,start       ] GC(583) Pause Full (Ergonomics)
[212.475s][info][gc,phases,start] GC(583) Marking Phase
[212.507s][info][gc,phases      ] GC(583) Marking Phase 32.463ms
[212.507s][info][gc,phases,start] GC(583) Summary Phase
[212.507s][info][gc,phases      ] GC(583) Summary Phase 0.019ms
[212.507s][info][gc,phases,start] GC(583) Adjust Roots
[212.510s][info][gc,phases      ] GC(583) Adjust Roots 2.859ms
[212.510s][info][gc,phases,start] GC(583) Compaction Phase
[212.520s][info][gc,phases      ] GC(583) Compaction Phase 9.792ms
[212.520s][info][gc,phases,start] GC(583) Post Compact
[212.522s][info][gc,phases      ] GC(583) Post Compact 2.136ms
[212.522s][info][gc,heap        ] GC(583) PSYoungGen: 58880K(116736K)->54836K(116736K) Eden: 58880K(58880K)->54836K(58880K) From: 0K(57856K)->0K(57856K)
[212.522s][info][gc,heap        ] GC(583) ParOldGen: 346200K(349696K)->346200K(349696K)
[212.522s][info][gc,metaspace   ] GC(583) Metaspace: 119767K(124864K)->119767K(124864K) NonClass: 101653K(104256K)->101653K(104256K) Class: 18113K(20608K)->18113K(20608K)
[212.522s][info][gc             ] GC(583) Pause Full (Ergonomics) 395M->391M(455M) 47.533ms
[212.522s][info][gc,cpu         ] GC(583) User=0.19s Sys=0.00s Real=0.05s
[212.524s][info][gc,start       ] GC(584) Pause Full (Ergonomics)
[212.524s][info][gc,phases,start] GC(584) Marking Phase
[212.560s][info][gc,phases      ] GC(584) Marking Phase 35.907ms
[212.560s][info][gc,phases,start] GC(584) Summary Phase
[212.560s][info][gc,phases      ] GC(584) Summary Phase 0.036ms
[212.560s][info][gc,phases,start] GC(584) Adjust Roots
[212.563s][info][gc,phases      ] GC(584) Adjust Roots 3.496ms
[212.563s][info][gc,phases,start] GC(584) Compaction Phase
[212.573s][info][gc,phases      ] GC(584) Compaction Phase 9.168ms
[212.573s][info][gc,phases,start] GC(584) Post Compact
[212.575s][info][gc,phases      ] GC(584) Post Compact 2.573ms
[212.575s][info][gc,heap        ] GC(584) PSYoungGen: 58880K(116736K)->54828K(116736K) Eden: 58880K(58880K)->54828K(58880K) From: 0K(57856K)->0K(57856K)
[212.575s][info][gc,heap        ] GC(584) ParOldGen: 346200K(349696K)->346200K(349696K)
[212.575s][info][gc,metaspace   ] GC(584) Metaspace: 119767K(124864K)->119767K(124864K) NonClass: 101653K(104256K)->101653K(104256K) Class: 18113K(20608K)->18113K(20608K)
[212.575s][info][gc             ] GC(584) Pause Full (Ergonomics) 395M->391M(455M) 51.550ms
[212.576s][info][gc,cpu         ] GC(584) User=0.25s Sys=0.00s Real=0.05s
[212.577s][info][gc,start       ] GC(585) Pause Full (Ergonomics)
[212.577s][info][gc,phases,start] GC(585) Marking Phase
[212.607s][info][gc,phases      ] GC(585) Marking Phase 29.877ms
[212.607s][info][gc,phases,start] GC(585) Summary Phase
[212.607s][info][gc,phases      ] GC(585) Summary Phase 0.019ms
[212.607s][info][gc,phases,start] GC(585) Adjust Roots
[212.610s][info][gc,phases      ] GC(585) Adjust Roots 2.982ms
[212.610s][info][gc,phases,start] GC(585) Compaction Phase
[212.626s][info][gc,phases      ] GC(585) Compaction Phase 15.410ms
[212.626s][info][gc,phases,start] GC(585) Post Compact
[212.628s][info][gc,phases      ] GC(585) Post Compact 2.327ms
[212.628s][info][gc,heap        ] GC(585) PSYoungGen: 58880K(116736K)->54859K(116736K) Eden: 58880K(58880K)->54859K(58880K) From: 0K(57856K)->0K(57856K)
[212.628s][info][gc,heap        ] GC(585) ParOldGen: 346200K(349696K)->346200K(349696K)
[212.628s][info][gc,metaspace   ] GC(585) Metaspace: 119767K(124864K)->119767K(124864K) NonClass: 101653K(104256K)->101653K(104256K) Class: 18113K(20608K)->18113K(20608K)
[212.628s][info][gc             ] GC(585) Pause Full (Ergonomics) 395M->391M(455M) 50.972ms
[212.628s][info][gc,cpu         ] GC(585) User=0.39s Sys=0.00s Real=0.05s
[212.630s][info][gc,start       ] GC(586) Pause Full (Ergonomics)
[212.630s][info][gc,phases,start] GC(586) Marking Phase
[212.660s][info][gc,phases      ] GC(586) Marking Phase 30.010ms
[212.660s][info][gc,phases,start] GC(586) Summary Phase
[212.660s][info][gc,phases      ] GC(586) Summary Phase 0.023ms
[212.660s][info][gc,phases,start] GC(586) Adjust Roots
[212.663s][info][gc,phases      ] GC(586) Adjust Roots 3.282ms
[212.663s][info][gc,phases,start] GC(586) Compaction Phase
[212.680s][info][gc,phases      ] GC(586) Compaction Phase 16.917ms
[212.680s][info][gc,phases,start] GC(586) Post Compact
[212.683s][info][gc,phases      ] GC(586) Post Compact 2.568ms
[212.683s][info][gc,heap        ] GC(586) PSYoungGen: 58879K(116736K)->54841K(116736K) Eden: 58879K(58880K)->54841K(58880K) From: 0K(57856K)->0K(57856K)
[212.683s][info][gc,heap        ] GC(586) ParOldGen: 346200K(349696K)->346200K(349696K)
[212.683s][info][gc,metaspace   ] GC(586) Metaspace: 119767K(124864K)->119767K(124864K) NonClass: 101653K(104256K)->101653K(104256K) Class: 18113K(20608K)->18113K(20608K)
[212.683s][info][gc             ] GC(586) Pause Full (Ergonomics) 395M->391M(455M) 53.233ms
[212.683s][info][gc,cpu         ] GC(586) User=0.20s Sys=0.00s Real=0.05s
[212.685s][info][gc,start       ] GC(587) Pause Full (Ergonomics)
[212.685s][info][gc,phases,start] GC(587) Marking Phase
[212.720s][info][gc,phases      ] GC(587) Marking Phase 34.725ms
[212.720s][info][gc,phases,start] GC(587) Summary Phase
[212.720s][info][gc,phases      ] GC(587) Summary Phase 0.018ms
[212.720s][info][gc,phases,start] GC(587) Adjust Roots
[212.724s][info][gc,phases      ] GC(587) Adjust Roots 3.540ms
[212.724s][info][gc,phases,start] GC(587) Compaction Phase
[212.740s][info][gc,phases      ] GC(587) Compaction Phase 16.862ms
[212.740s][info][gc,phases,start] GC(587) Post Compact
[212.743s][info][gc,phases      ] GC(587) Post Compact 2.171ms
[212.743s][info][gc,heap        ] GC(587) PSYoungGen: 58879K(116736K)->54848K(116736K) Eden: 58879K(58880K)->54848K(58880K) From: 0K(57856K)->0K(57856K)
[212.743s][info][gc,heap        ] GC(587) ParOldGen: 346200K(349696K)->346200K(349696K)
[212.743s][info][gc,metaspace   ] GC(587) Metaspace: 119767K(124864K)->119767K(124864K) NonClass: 101653K(104256K)->101653K(104256K) Class: 18113K(20608K)->18113K(20608K)
[212.743s][info][gc             ] GC(587) Pause Full (Ergonomics) 395M->391M(455M) 57.612ms
[212.743s][info][gc,cpu         ] GC(587) User=0.34s Sys=0.00s Real=0.06s
[212.744s][info][gc,start       ] GC(588) Pause Full (Ergonomics)
[212.745s][info][gc,phases,start] GC(588) Marking Phase
[212.781s][info][gc,phases      ] GC(588) Marking Phase 35.991ms
[212.781s][info][gc,phases,start] GC(588) Summary Phase
[212.781s][info][gc,phases      ] GC(588) Summary Phase 0.019ms
[212.781s][info][gc,phases,start] GC(588) Adjust Roots
[212.784s][info][gc,phases      ] GC(588) Adjust Roots 2.976ms
[212.784s][info][gc,phases,start] GC(588) Compaction Phase
[212.792s][info][gc,phases      ] GC(588) Compaction Phase 7.997ms
[212.792s][info][gc,phases,start] GC(588) Post Compact
[212.794s][info][gc,phases      ] GC(588) Post Compact 2.132ms
[212.794s][info][gc,heap        ] GC(588) PSYoungGen: 58880K(116736K)->54821K(116736K) Eden: 58880K(58880K)->54821K(58880K) From: 0K(57856K)->0K(57856K)
[212.794s][info][gc,heap        ] GC(588) ParOldGen: 346200K(349696K)->346200K(349696K)
[212.794s][info][gc,metaspace   ] GC(588) Metaspace: 119767K(124864K)->119767K(124864K) NonClass: 101653K(104256K)->101653K(104256K) Class: 18113K(20608K)->18113K(20608K)
[212.794s][info][gc             ] GC(588) Pause Full (Ergonomics) 395M->391M(455M) 49.400ms
[212.794s][info][gc,cpu         ] GC(588) User=0.47s Sys=0.00s Real=0.05s
[212.795s][info][gc,start       ] GC(589) Pause Full (Ergonomics)
[212.795s][info][gc,phases,start] GC(589) Marking Phase
[212.827s][info][gc,phases      ] GC(589) Marking Phase 31.684ms
[212.827s][info][gc,phases,start] GC(589) Summary Phase
[212.827s][info][gc,phases      ] GC(589) Summary Phase 0.019ms
[212.827s][info][gc,phases,start] GC(589) Adjust Roots
[212.830s][info][gc,phases      ] GC(589) Adjust Roots 2.805ms
[212.830s][info][gc,phases,start] GC(589) Compaction Phase
[212.839s][info][gc,phases      ] GC(589) Compaction Phase 9.380ms
[212.839s][info][gc,phases,start] GC(589) Post Compact
[212.841s][info][gc,phases      ] GC(589) Post Compact 1.998ms
[212.841s][info][gc,heap        ] GC(589) PSYoungGen: 58880K(116736K)->54789K(116736K) Eden: 58880K(58880K)->54789K(58880K) From: 0K(57856K)->0K(57856K)
[212.841s][info][gc,heap        ] GC(589) ParOldGen: 346200K(349696K)->346200K(349696K)
[212.841s][info][gc,metaspace   ] GC(589) Metaspace: 119767K(124864K)->119767K(124864K) NonClass: 101653K(104256K)->101653K(104256K) Class: 18113K(20608K)->18113K(20608K)
[212.841s][info][gc             ] GC(589) Pause Full (Ergonomics) 395M->391M(455M) 46.112ms
[212.841s][info][gc,cpu         ] GC(589) User=0.45s Sys=0.00s Real=0.05s
[212.843s][info][gc,start       ] GC(590) Pause Full (Ergonomics)
[212.843s][info][gc,phases,start] GC(590) Marking Phase
[212.878s][info][gc,phases      ] GC(590) Marking Phase 35.377ms
[212.878s][info][gc,phases,start] GC(590) Summary Phase
[212.879s][info][gc,phases      ] GC(590) Summary Phase 0.018ms
[212.879s][info][gc,phases,start] GC(590) Adjust Roots
[212.881s][info][gc,phases      ] GC(590) Adjust Roots 2.811ms
[212.881s][info][gc,phases,start] GC(590) Compaction Phase
[212.890s][info][gc,phases      ] GC(590) Compaction Phase 8.448ms
[212.890s][info][gc,phases,start] GC(590) Post Compact
[212.892s][info][gc,phases      ] GC(590) Post Compact 1.996ms
[212.892s][info][gc,heap        ] GC(590) PSYoungGen: 58880K(116736K)->54841K(116736K) Eden: 58880K(58880K)->54841K(58880K) From: 0K(57856K)->0K(57856K)
[212.892s][info][gc,heap        ] GC(590) ParOldGen: 346200K(349696K)->346200K(349696K)
[212.892s][info][gc,metaspace   ] GC(590) Metaspace: 119776K(124864K)->119776K(124864K) NonClass: 101662K(104256K)->101662K(104256K) Class: 18113K(20608K)->18113K(20608K)
[212.892s][info][gc             ] GC(590) Pause Full (Ergonomics) 395M->391M(455M) 48.878ms
[212.892s][info][gc,cpu         ] GC(590) User=0.38s Sys=0.00s Real=0.05s
[212.893s][info][gc,start       ] GC(591) Pause Full (Ergonomics)
[212.893s][info][gc,phases,start] GC(591) Marking Phase
[212.924s][info][gc,phases      ] GC(591) Marking Phase 30.229ms
[212.956s][info][gc,phases,start] GC(591) Summary Phase
[212.956s][info][gc,phases      ] GC(591) Summary Phase 0.069ms
[212.956s][info][gc,phases,start] GC(591) Adjust Roots
[212.963s][info][gc,phases      ] GC(591) Adjust Roots 6.815ms
[212.963s][info][gc,phases,start] GC(591) Compaction Phase
[212.980s][info][gc,phases      ] GC(591) Compaction Phase 16.857ms
[212.980s][info][gc,phases,start] GC(591) Post Compact
[212.982s][info][gc,phases      ] GC(591) Post Compact 2.690ms
[212.982s][info][gc,heap        ] GC(591) PSYoungGen: 58879K(116736K)->54829K(116736K) Eden: 58879K(58880K)->54829K(58880K) From: 0K(57856K)->0K(57856K)
[212.982s][info][gc,heap        ] GC(591) ParOldGen: 346200K(349696K)->346200K(349696K)
[212.983s][info][gc,metaspace   ] GC(591) Metaspace: 119776K(124864K)->119776K(124864K) NonClass: 101662K(104256K)->101662K(104256K) Class: 18113K(20608K)->18113K(20608K)
[212.983s][info][gc             ] GC(591) Pause Full (Ergonomics) 395M->391M(455M) 89.100ms
[212.983s][info][gc,cpu         ] GC(591) User=0.25s Sys=0.00s Real=0.08s
[212.983s][info][gc,start       ] GC(592) Pause Full (Ergonomics)
[212.983s][info][gc,phases,start] GC(592) Marking Phase
[213.026s][info][gc,phases      ] GC(592) Marking Phase 42.807ms
[213.026s][info][gc,phases,start] GC(592) Summary Phase
[213.026s][info][gc,phases      ] GC(592) Summary Phase 0.044ms
[213.026s][info][gc,phases,start] GC(592) Adjust Roots
[213.030s][info][gc,phases      ] GC(592) Adjust Roots 3.536ms
[213.030s][info][gc,phases,start] GC(592) Compaction Phase
[213.041s][info][gc,phases      ] GC(592) Compaction Phase 10.965ms
[213.041s][info][gc,phases,start] GC(592) Post Compact
[213.043s][info][gc,phases      ] GC(592) Post Compact 2.534ms
[213.044s][info][gc,heap        ] GC(592) PSYoungGen: 56056K(116736K)->54825K(116736K) Eden: 56056K(58880K)->54825K(58880K) From: 0K(57856K)->0K(57856K)
[213.044s][info][gc,heap        ] GC(592) ParOldGen: 346200K(349696K)->346200K(349696K)
[213.044s][info][gc,metaspace   ] GC(592) Metaspace: 119776K(124864K)->119776K(124864K) NonClass: 101662K(104256K)->101662K(104256K) Class: 18113K(20608K)->18113K(20608K)
[213.044s][info][gc             ] GC(592) Pause Full (Ergonomics) 392M->391M(455M) 60.322ms
[213.044s][info][gc,cpu         ] GC(592) User=0.42s Sys=0.00s Real=0.06s
[213.044s][info][gc,start       ] GC(593) Pause Full (Allocation Failure)
[213.044s][info][gc,phases,start] GC(593) Marking Phase
[213.089s][info][gc,phases      ] GC(593) Marking Phase 45.404ms
[213.089s][info][gc,phases,start] GC(593) Summary Phase
[213.089s][info][gc,phases      ] GC(593) Summary Phase 0.020ms
[213.089s][info][gc,phases,start] GC(593) Adjust Roots
[213.097s][info][gc,phases      ] GC(593) Adjust Roots 7.424ms
[213.097s][info][gc,phases,start] GC(593) Compaction Phase
[213.136s][info][gc,phases      ] GC(593) Compaction Phase 39.250ms
[213.136s][info][gc,phases,start] GC(593) Post Compact
[213.141s][info][gc,phases      ] GC(593) Post Compact 4.650ms
[213.141s][info][gc,heap        ] GC(593) PSYoungGen: 54825K(116736K)->50666K(116736K) Eden: 54825K(58880K)->50666K(58880K) From: 0K(57856K)->0K(57856K)
[213.141s][info][gc,heap        ] GC(593) ParOldGen: 346200K(349696K)->346911K(349696K)
[213.141s][info][gc,metaspace   ] GC(593) Metaspace: 119776K(124864K)->119016K(124800K) NonClass: 101662K(104256K)->101042K(104192K) Class: 18113K(20608K)->17974K(20608K)
[213.141s][info][gc             ] GC(593) Pause Full (Allocation Failure) 391M->388M(455M) 97.168ms
[213.141s][info][gc,cpu         ] GC(593) User=0.66s Sys=0.00s Real=0.09s
[213.157s][info][gc,start       ] GC(594) Pause Full (Ergonomics)
[213.157s][info][gc,phases,start] GC(594) Marking Phase
[213.194s][info][gc,phases      ] GC(594) Marking Phase 36.347ms
[213.194s][info][gc,phases,start] GC(594) Summary Phase
[213.194s][info][gc,phases      ] GC(594) Summary Phase 0.038ms
[213.194s][info][gc,phases,start] GC(594) Adjust Roots
[213.197s][info][gc,phases      ] GC(594) Adjust Roots 3.589ms
[213.197s][info][gc,phases,start] GC(594) Compaction Phase
[213.208s][info][gc,phases      ] GC(594) Compaction Phase 10.396ms
[213.208s][info][gc,phases,start] GC(594) Post Compact
[213.210s][info][gc,phases      ] GC(594) Post Compact 2.273ms
[213.210s][info][gc,heap        ] GC(594) PSYoungGen: 58880K(116736K)->56882K(116736K) Eden: 58880K(58880K)->56882K(58880K) From: 0K(57856K)->0K(57856K)
[213.210s][info][gc,heap        ] GC(594) ParOldGen: 346927K(349696K)->346921K(349696K)
[213.210s][info][gc,metaspace   ] GC(594) Metaspace: 119016K(124800K)->119016K(124800K) NonClass: 101042K(104192K)->101042K(104192K) Class: 17974K(20608K)->17974K(20608K)
[213.210s][info][gc             ] GC(594) Pause Full (Ergonomics) 396M->394M(455M) 53.025ms
[213.210s][info][gc,cpu         ] GC(594) User=0.23s Sys=0.00s Real=0.05s
[213.211s][info][gc,start       ] GC(595) Pause Full (Ergonomics)
[213.212s][info][gc,phases,start] GC(595) Marking Phase
[213.247s][info][gc,phases      ] GC(595) Marking Phase 35.904ms
[213.248s][info][gc,phases,start] GC(595) Summary Phase
[213.248s][info][gc,phases      ] GC(595) Summary Phase 0.043ms
[213.248s][info][gc,phases,start] GC(595) Adjust Roots
[213.251s][info][gc,phases      ] GC(595) Adjust Roots 3.546ms
[213.251s][info][gc,phases,start] GC(595) Compaction Phase
[213.265s][info][gc,phases      ] GC(595) Compaction Phase 13.925ms
[213.265s][info][gc,phases,start] GC(595) Post Compact
[213.268s][info][gc,phases      ] GC(595) Post Compact 2.566ms
[213.268s][info][gc,heap        ] GC(595) PSYoungGen: 58880K(116736K)->56875K(116736K) Eden: 58880K(58880K)->56875K(58880K) From: 0K(57856K)->0K(57856K)
[213.268s][info][gc,heap        ] GC(595) ParOldGen: 346921K(349696K)->346915K(349696K)
[213.268s][info][gc,metaspace   ] GC(595) Metaspace: 119016K(124800K)->119016K(124800K) NonClass: 101042K(104192K)->101042K(104192K) Class: 17974K(20608K)->17974K(20608K)
[213.268s][info][gc             ] GC(595) Pause Full (Ergonomics) 396M->394M(455M) 56.410ms
[213.268s][info][gc,cpu         ] GC(595) User=0.23s Sys=0.00s Real=0.05s
[213.269s][info][gc,start       ] GC(596) Pause Full (Ergonomics)
[213.269s][info][gc,phases,start] GC(596) Marking Phase
[213.303s][info][gc,phases      ] GC(596) Marking Phase 33.705ms
[213.303s][info][gc,phases,start] GC(596) Summary Phase
[213.303s][info][gc,phases      ] GC(596) Summary Phase 0.020ms
[213.303s][info][gc,phases,start] GC(596) Adjust Roots
[213.306s][info][gc,phases      ] GC(596) Adjust Roots 3.594ms
[213.306s][info][gc,phases,start] GC(596) Compaction Phase
[213.316s][info][gc,phases      ] GC(596) Compaction Phase 9.617ms
[213.316s][info][gc,phases,start] GC(596) Post Compact
[213.318s][info][gc,phases      ] GC(596) Post Compact 2.117ms
[213.318s][info][gc,heap        ] GC(596) PSYoungGen: 58880K(116736K)->53801K(116736K) Eden: 58880K(58880K)->53801K(58880K) From: 0K(57856K)->0K(57856K)
[213.318s][info][gc,heap        ] GC(596) ParOldGen: 346915K(349696K)->346913K(349696K)
[213.318s][info][gc,metaspace   ] GC(596) Metaspace: 119016K(124800K)->119016K(124800K) NonClass: 101042K(104192K)->101042K(104192K) Class: 17974K(20608K)->17974K(20608K)
[213.318s][info][gc             ] GC(596) Pause Full (Ergonomics) 396M->391M(455M) 49.325ms
[213.318s][info][gc,cpu         ] GC(596) User=0.20s Sys=0.00s Real=0.05s
[213.320s][info][gc,start       ] GC(597) Pause Full (Ergonomics)
[213.320s][info][gc,phases,start] GC(597) Marking Phase
[213.347s][info][gc,phases      ] GC(597) Marking Phase 26.870ms
[213.347s][info][gc,phases,start] GC(597) Summary Phase
[213.347s][info][gc,phases      ] GC(597) Summary Phase 0.018ms
[213.347s][info][gc,phases,start] GC(597) Adjust Roots
[213.350s][info][gc,phases      ] GC(597) Adjust Roots 2.917ms
[213.350s][info][gc,phases,start] GC(597) Compaction Phase
[213.359s][info][gc,phases      ] GC(597) Compaction Phase 8.977ms
[213.359s][info][gc,phases,start] GC(597) Post Compact
[213.362s][info][gc,phases      ] GC(597) Post Compact 2.520ms
[213.362s][info][gc,heap        ] GC(597) PSYoungGen: 58880K(116736K)->53804K(116736K) Eden: 58880K(58880K)->53804K(58880K) From: 0K(57856K)->0K(57856K)
[213.362s][info][gc,heap        ] GC(597) ParOldGen: 346913K(349696K)->346911K(349696K)
[213.362s][info][gc,metaspace   ] GC(597) Metaspace: 119016K(124800K)->119016K(124800K) NonClass: 101042K(104192K)->101042K(104192K) Class: 17974K(20608K)->17974K(20608K)
[213.362s][info][gc             ] GC(597) Pause Full (Ergonomics) 396M->391M(455M) 41.689ms
[213.362s][info][gc,cpu         ] GC(597) User=0.19s Sys=0.00s Real=0.05s
[213.364s][info][gc,start       ] GC(598) Pause Full (Ergonomics)
[213.364s][info][gc,phases,start] GC(598) Marking Phase
[213.393s][info][gc,phases      ] GC(598) Marking Phase 28.364ms
[213.393s][info][gc,phases,start] GC(598) Summary Phase
[213.393s][info][gc,phases      ] GC(598) Summary Phase 0.020ms
[213.393s][info][gc,phases,start] GC(598) Adjust Roots
[213.396s][info][gc,phases      ] GC(598) Adjust Roots 3.081ms
[213.396s][info][gc,phases,start] GC(598) Compaction Phase
[213.410s][info][gc,phases      ] GC(598) Compaction Phase 14.192ms
[213.410s][info][gc,phases,start] GC(598) Post Compact
[213.412s][info][gc,phases      ] GC(598) Post Compact 2.157ms
[213.412s][info][gc,heap        ] GC(598) PSYoungGen: 58880K(116736K)->53789K(116736K) Eden: 58880K(58880K)->53789K(58880K) From: 0K(57856K)->0K(57856K)
[213.412s][info][gc,heap        ] GC(598) ParOldGen: 346911K(349696K)->346911K(349696K)
[213.412s][info][gc,metaspace   ] GC(598) Metaspace: 119016K(124800K)->119016K(124800K) NonClass: 101042K(104192K)->101042K(104192K) Class: 17974K(20608K)->17974K(20608K)
[213.412s][info][gc             ] GC(598) Pause Full (Ergonomics) 396M->391M(455M) 48.135ms
[213.412s][info][gc,cpu         ] GC(598) User=0.20s Sys=0.00s Real=0.05s
[213.415s][info][gc,start       ] GC(599) Pause Full (Ergonomics)
[213.415s][info][gc,phases,start] GC(599) Marking Phase
[213.447s][info][gc,phases      ] GC(599) Marking Phase 32.151ms
[213.447s][info][gc,phases,start] GC(599) Summary Phase
[213.447s][info][gc,phases      ] GC(599) Summary Phase 0.018ms
[213.447s][info][gc,phases,start] GC(599) Adjust Roots
[213.450s][info][gc,phases      ] GC(599) Adjust Roots 2.731ms
[213.450s][info][gc,phases,start] GC(599) Compaction Phase
[213.456s][info][gc,phases      ] GC(599) Compaction Phase 6.692ms
[213.456s][info][gc,phases,start] GC(599) Post Compact
[213.458s][info][gc,phases      ] GC(599) Post Compact 2.037ms
[213.458s][info][gc,heap        ] GC(599) PSYoungGen: 58879K(116736K)->53833K(116736K) Eden: 58879K(58880K)->53833K(58880K) From: 0K(57856K)->0K(57856K)
[213.458s][info][gc,heap        ] GC(599) ParOldGen: 346911K(349696K)->346911K(349696K)
[213.458s][info][gc,metaspace   ] GC(599) Metaspace: 119017K(124800K)->119017K(124800K) NonClass: 101043K(104192K)->101043K(104192K) Class: 17974K(20608K)->17974K(20608K)
[213.458s][info][gc             ] GC(599) Pause Full (Ergonomics) 396M->391M(455M) 43.865ms
[213.458s][info][gc,cpu         ] GC(599) User=0.34s Sys=0.00s Real=0.05s
[213.460s][info][gc,start       ] GC(600) Pause Full (Ergonomics)
[213.460s][info][gc,phases,start] GC(600) Marking Phase
[213.488s][info][gc,phases      ] GC(600) Marking Phase 27.374ms
[213.488s][info][gc,phases,start] GC(600) Summary Phase
[213.488s][info][gc,phases      ] GC(600) Summary Phase 0.018ms
[213.488s][info][gc,phases,start] GC(600) Adjust Roots
[213.490s][info][gc,phases      ] GC(600) Adjust Roots 2.753ms
[213.490s][info][gc,phases,start] GC(600) Compaction Phase
[213.499s][info][gc,phases      ] GC(600) Compaction Phase 8.049ms
[213.499s][info][gc,phases,start] GC(600) Post Compact
[213.501s][info][gc,phases      ] GC(600) Post Compact 1.992ms
[213.501s][info][gc,heap        ] GC(600) PSYoungGen: 58880K(116736K)->53825K(116736K) Eden: 58880K(58880K)->53825K(58880K) From: 0K(57856K)->0K(57856K)
[213.501s][info][gc,heap        ] GC(600) ParOldGen: 346911K(349696K)->346911K(349696K)
[213.501s][info][gc,metaspace   ] GC(600) Metaspace: 119017K(124800K)->119017K(124800K) NonClass: 101043K(104192K)->101043K(104192K) Class: 17974K(20608K)->17974K(20608K)
[213.501s][info][gc             ] GC(600) Pause Full (Ergonomics) 396M->391M(455M) 40.418ms
[213.501s][info][gc,cpu         ] GC(600) User=0.17s Sys=0.00s Real=0.03s
[213.502s][info][gc,start       ] GC(601) Pause Full (Ergonomics)
[213.503s][info][gc,phases,start] GC(601) Marking Phase
[213.532s][info][gc,phases      ] GC(601) Marking Phase 29.023ms
[213.532s][info][gc,phases,start] GC(601) Summary Phase
[213.532s][info][gc,phases      ] GC(601) Summary Phase 0.044ms
[213.532s][info][gc,phases,start] GC(601) Adjust Roots
[213.534s][info][gc,phases      ] GC(601) Adjust Roots 2.792ms
[213.534s][info][gc,phases,start] GC(601) Compaction Phase
[213.546s][info][gc,phases      ] GC(601) Compaction Phase 11.287ms
[213.546s][info][gc,phases,start] GC(601) Post Compact
[213.548s][info][gc,phases      ] GC(601) Post Compact 2.518ms
[213.548s][info][gc,heap        ] GC(601) PSYoungGen: 58880K(116736K)->53794K(116736K) Eden: 58880K(58880K)->53794K(58880K) From: 0K(57856K)->0K(57856K)
[213.548s][info][gc,heap        ] GC(601) ParOldGen: 346911K(349696K)->346911K(349696K)
[213.548s][info][gc,metaspace   ] GC(601) Metaspace: 119017K(124800K)->119017K(124800K) NonClass: 101043K(104192K)->101043K(104192K) Class: 17974K(20608K)->17974K(20608K)
[213.549s][info][gc             ] GC(601) Pause Full (Ergonomics) 396M->391M(455M) 46.042ms
[213.549s][info][gc,cpu         ] GC(601) User=0.42s Sys=0.00s Real=0.05s
[213.551s][info][gc,start       ] GC(602) Pause Full (Ergonomics)
[213.551s][info][gc,phases,start] GC(602) Marking Phase
[213.577s][info][gc,phases      ] GC(602) Marking Phase 26.688ms
[213.577s][info][gc,phases,start] GC(602) Summary Phase
[213.577s][info][gc,phases      ] GC(602) Summary Phase 0.017ms
[213.577s][info][gc,phases,start] GC(602) Adjust Roots
[213.581s][info][gc,phases      ] GC(602) Adjust Roots 3.346ms
[213.581s][info][gc,phases,start] GC(602) Compaction Phase
[213.590s][info][gc,phases      ] GC(602) Compaction Phase 8.864ms
[213.590s][info][gc,phases,start] GC(602) Post Compact
[213.592s][info][gc,phases      ] GC(602) Post Compact 2.034ms
[213.592s][info][gc,heap        ] GC(602) PSYoungGen: 58880K(116736K)->53788K(116736K) Eden: 58880K(58880K)->53788K(58880K) From: 0K(57856K)->0K(57856K)
[213.592s][info][gc,heap        ] GC(602) ParOldGen: 346911K(349696K)->346911K(349696K)
[213.592s][info][gc,metaspace   ] GC(602) Metaspace: 119017K(124800K)->119017K(124800K) NonClass: 101043K(104192K)->101043K(104192K) Class: 17974K(20608K)->17974K(20608K)
[213.592s][info][gc             ] GC(602) Pause Full (Ergonomics) 396M->391M(455M) 41.201ms
[213.592s][info][gc,cpu         ] GC(602) User=0.17s Sys=0.00s Real=0.03s
[213.594s][info][gc,start       ] GC(603) Pause Full (Ergonomics)
[213.594s][info][gc,phases,start] GC(603) Marking Phase
[213.625s][info][gc,phases      ] GC(603) Marking Phase 31.216ms
[213.625s][info][gc,phases,start] GC(603) Summary Phase
[213.625s][info][gc,phases      ] GC(603) Summary Phase 0.043ms
[213.625s][info][gc,phases,start] GC(603) Adjust Roots
[213.629s][info][gc,phases      ] GC(603) Adjust Roots 3.349ms
[213.629s][info][gc,phases,start] GC(603) Compaction Phase
[213.643s][info][gc,phases      ] GC(603) Compaction Phase 14.769ms
[213.643s][info][gc,phases,start] GC(603) Post Compact
[213.646s][info][gc,phases      ] GC(603) Post Compact 2.135ms
[213.646s][info][gc,heap        ] GC(603) PSYoungGen: 58880K(116736K)->53832K(116736K) Eden: 58880K(58880K)->53832K(58880K) From: 0K(57856K)->0K(57856K)
[213.646s][info][gc,heap        ] GC(603) ParOldGen: 346911K(349696K)->346911K(349696K)
[213.646s][info][gc,metaspace   ] GC(603) Metaspace: 119017K(124800K)->119017K(124800K) NonClass: 101043K(104192K)->101043K(104192K) Class: 17974K(20608K)->17974K(20608K)
[213.646s][info][gc             ] GC(603) Pause Full (Ergonomics) 396M->391M(455M) 51.840ms
[213.646s][info][gc,cpu         ] GC(603) User=0.20s Sys=0.00s Real=0.05s
[213.648s][info][gc,start       ] GC(604) Pause Full (Ergonomics)
[213.648s][info][gc,phases,start] GC(604) Marking Phase
[213.682s][info][gc,phases      ] GC(604) Marking Phase 33.430ms
[213.682s][info][gc,phases,start] GC(604) Summary Phase
[213.682s][info][gc,phases      ] GC(604) Summary Phase 0.017ms
[213.682s][info][gc,phases,start] GC(604) Adjust Roots
[213.684s][info][gc,phases      ] GC(604) Adjust Roots 2.760ms
[213.684s][info][gc,phases,start] GC(604) Compaction Phase
[213.698s][info][gc,phases      ] GC(604) Compaction Phase 13.563ms
[213.698s][info][gc,phases,start] GC(604) Post Compact
[213.700s][info][gc,phases      ] GC(604) Post Compact 2.168ms
[213.700s][info][gc,heap        ] GC(604) PSYoungGen: 58879K(116736K)->53797K(116736K) Eden: 58879K(58880K)->53797K(58880K) From: 0K(57856K)->0K(57856K)
[213.700s][info][gc,heap        ] GC(604) ParOldGen: 346911K(349696K)->346911K(349696K)
[213.700s][info][gc,metaspace   ] GC(604) Metaspace: 119017K(124800K)->119017K(124800K) NonClass: 101043K(104192K)->101043K(104192K) Class: 17974K(20608K)->17974K(20608K)
[213.700s][info][gc             ] GC(604) Pause Full (Ergonomics) 396M->391M(455M) 52.246ms
[213.700s][info][gc,cpu         ] GC(604) User=0.44s Sys=0.00s Real=0.05s
[213.702s][info][gc,start       ] GC(605) Pause Full (Ergonomics)
[213.702s][info][gc,phases,start] GC(605) Marking Phase
[213.731s][info][gc,phases      ] GC(605) Marking Phase 28.370ms
[213.731s][info][gc,phases,start] GC(605) Summary Phase
[213.731s][info][gc,phases      ] GC(605) Summary Phase 0.024ms
[213.731s][info][gc,phases,start] GC(605) Adjust Roots
[213.733s][info][gc,phases      ] GC(605) Adjust Roots 2.797ms
[213.734s][info][gc,phases,start] GC(605) Compaction Phase
[213.743s][info][gc,phases      ] GC(605) Compaction Phase 9.219ms
[213.743s][info][gc,phases,start] GC(605) Post Compact
[213.745s][info][gc,phases      ] GC(605) Post Compact 1.951ms
[213.745s][info][gc,heap        ] GC(605) PSYoungGen: 58879K(116736K)->53813K(116736K) Eden: 58879K(58880K)->53813K(58880K) From: 0K(57856K)->0K(57856K)
[213.745s][info][gc,heap        ] GC(605) ParOldGen: 346911K(349696K)->346911K(349696K)
[213.745s][info][gc,metaspace   ] GC(605) Metaspace: 119017K(124800K)->119017K(124800K) NonClass: 101043K(104192K)->101043K(104192K) Class: 17974K(20608K)->17974K(20608K)
[213.745s][info][gc             ] GC(605) Pause Full (Ergonomics) 396M->391M(455M) 42.586ms
[213.745s][info][gc,cpu         ] GC(605) User=0.17s Sys=0.00s Real=0.03s
[213.747s][info][gc,start       ] GC(606) Pause Full (Ergonomics)
[213.747s][info][gc,phases,start] GC(606) Marking Phase
[213.773s][info][gc,phases      ] GC(606) Marking Phase 26.124ms
[213.773s][info][gc,phases,start] GC(606) Summary Phase
[213.773s][info][gc,phases      ] GC(606) Summary Phase 0.017ms
[213.773s][info][gc,phases,start] GC(606) Adjust Roots
[213.776s][info][gc,phases      ] GC(606) Adjust Roots 2.736ms
[213.776s][info][gc,phases,start] GC(606) Compaction Phase
[213.786s][info][gc,phases      ] GC(606) Compaction Phase 10.457ms
[213.786s][info][gc,phases,start] GC(606) Post Compact
[213.789s][info][gc,phases      ] GC(606) Post Compact 2.546ms
[213.789s][info][gc,heap        ] GC(606) PSYoungGen: 58880K(116736K)->53800K(116736K) Eden: 58880K(58880K)->53800K(58880K) From: 0K(57856K)->0K(57856K)
[213.789s][info][gc,heap        ] GC(606) ParOldGen: 346911K(349696K)->346911K(349696K)
[213.789s][info][gc,metaspace   ] GC(606) Metaspace: 119017K(124800K)->119017K(124800K) NonClass: 101043K(104192K)->101043K(104192K) Class: 17974K(20608K)->17974K(20608K)
[213.789s][info][gc             ] GC(606) Pause Full (Ergonomics) 396M->391M(455M) 42.258ms
[213.789s][info][gc,cpu         ] GC(606) User=0.39s Sys=0.00s Real=0.05s
[213.791s][info][gc,start       ] GC(607) Pause Full (Ergonomics)
[213.791s][info][gc,phases,start] GC(607) Marking Phase
[213.816s][info][gc,phases      ] GC(607) Marking Phase 24.800ms
[213.816s][info][gc,phases,start] GC(607) Summary Phase
[213.816s][info][gc,phases      ] GC(607) Summary Phase 0.022ms
[213.816s][info][gc,phases,start] GC(607) Adjust Roots
[213.820s][info][gc,phases      ] GC(607) Adjust Roots 3.569ms
[213.820s][info][gc,phases,start] GC(607) Compaction Phase
[213.831s][info][gc,phases      ] GC(607) Compaction Phase 11.613ms
[213.831s][info][gc,phases,start] GC(607) Post Compact
[213.833s][info][gc,phases      ] GC(607) Post Compact 2.235ms
[213.834s][info][gc,heap        ] GC(607) PSYoungGen: 58880K(116736K)->53810K(116736K) Eden: 58880K(58880K)->53810K(58880K) From: 0K(57856K)->0K(57856K)
[213.834s][info][gc,heap        ] GC(607) ParOldGen: 346911K(349696K)->346911K(349696K)
[213.834s][info][gc,metaspace   ] GC(607) Metaspace: 119017K(124800K)->119017K(124800K) NonClass: 101043K(104192K)->101043K(104192K) Class: 17974K(20608K)->17974K(20608K)
[213.834s][info][gc             ] GC(607) Pause Full (Ergonomics) 396M->391M(455M) 42.528ms
[213.834s][info][gc,cpu         ] GC(607) User=0.23s Sys=0.00s Real=0.05s
[213.836s][info][gc,start       ] GC(608) Pause Full (Ergonomics)
[213.836s][info][gc,phases,start] GC(608) Marking Phase
[213.872s][info][gc,phases      ] GC(608) Marking Phase 36.113ms
[213.872s][info][gc,phases,start] GC(608) Summary Phase
[213.872s][info][gc,phases      ] GC(608) Summary Phase 0.044ms
[213.872s][info][gc,phases,start] GC(608) Adjust Roots
[213.875s][info][gc,phases      ] GC(608) Adjust Roots 2.931ms
[213.875s][info][gc,phases,start] GC(608) Compaction Phase
[213.885s][info][gc,phases      ] GC(608) Compaction Phase 9.439ms
[213.885s][info][gc,phases,start] GC(608) Post Compact
[213.887s][info][gc,phases      ] GC(608) Post Compact 2.044ms
[213.887s][info][gc,heap        ] GC(608) PSYoungGen: 58880K(116736K)->53820K(116736K) Eden: 58880K(58880K)->53820K(58880K) From: 0K(57856K)->0K(57856K)
[213.887s][info][gc,heap        ] GC(608) ParOldGen: 346911K(349696K)->346911K(349696K)
[213.887s][info][gc,metaspace   ] GC(608) Metaspace: 119017K(124800K)->119017K(124800K) NonClass: 101043K(104192K)->101043K(104192K) Class: 17974K(20608K)->17974K(20608K)
[213.887s][info][gc             ] GC(608) Pause Full (Ergonomics) 396M->391M(455M) 50.920ms
[213.887s][info][gc,cpu         ] GC(608) User=0.23s Sys=0.00s Real=0.05s
[213.889s][info][gc,start       ] GC(609) Pause Full (Ergonomics)
[213.889s][info][gc,phases,start] GC(609) Marking Phase
[213.921s][info][gc,phases      ] GC(609) Marking Phase 32.358ms
[213.922s][info][gc,phases,start] GC(609) Summary Phase
[213.922s][info][gc,phases      ] GC(609) Summary Phase 0.019ms
[213.922s][info][gc,phases,start] GC(609) Adjust Roots
[213.924s][info][gc,phases      ] GC(609) Adjust Roots 2.764ms
[213.924s][info][gc,phases,start] GC(609) Compaction Phase
[213.932s][info][gc,phases      ] GC(609) Compaction Phase 7.343ms
[213.932s][info][gc,phases,start] GC(609) Post Compact
[213.934s][info][gc,phases      ] GC(609) Post Compact 2.016ms
[213.934s][info][gc,heap        ] GC(609) PSYoungGen: 58880K(116736K)->53805K(116736K) Eden: 58880K(58880K)->53805K(58880K) From: 0K(57856K)->0K(57856K)
[213.934s][info][gc,heap        ] GC(609) ParOldGen: 346911K(349696K)->346911K(349696K)
[213.934s][info][gc,metaspace   ] GC(609) Metaspace: 119018K(124800K)->119018K(124800K) NonClass: 101043K(104192K)->101043K(104192K) Class: 17974K(20608K)->17974K(20608K)
[213.934s][info][gc             ] GC(609) Pause Full (Ergonomics) 396M->391M(455M) 44.785ms
[213.934s][info][gc,cpu         ] GC(609) User=0.38s Sys=0.00s Real=0.05s
[213.936s][info][gc,start       ] GC(610) Pause Full (Ergonomics)
[213.936s][info][gc,phases,start] GC(610) Marking Phase
[213.960s][info][gc,phases      ] GC(610) Marking Phase 24.669ms
[213.960s][info][gc,phases,start] GC(610) Summary Phase
[213.960s][info][gc,phases      ] GC(610) Summary Phase 0.023ms
[213.960s][info][gc,phases,start] GC(610) Adjust Roots
[213.963s][info][gc,phases      ] GC(610) Adjust Roots 2.738ms
[213.963s][info][gc,phases,start] GC(610) Compaction Phase
[213.977s][info][gc,phases      ] GC(610) Compaction Phase 14.272ms
[213.977s][info][gc,phases,start] GC(610) Post Compact
[213.980s][info][gc,phases      ] GC(610) Post Compact 2.195ms
[213.980s][info][gc,heap        ] GC(610) PSYoungGen: 58880K(116736K)->53731K(116736K) Eden: 58880K(58880K)->53731K(58880K) From: 0K(57856K)->0K(57856K)
[213.980s][info][gc,heap        ] GC(610) ParOldGen: 346911K(349696K)->346911K(349696K)
[213.980s][info][gc,metaspace   ] GC(610) Metaspace: 119018K(124800K)->119018K(124800K) NonClass: 101043K(104192K)->101043K(104192K) Class: 17974K(20608K)->17974K(20608K)
[213.980s][info][gc             ] GC(610) Pause Full (Ergonomics) 396M->391M(455M) 44.203ms
[213.980s][info][gc,cpu         ] GC(610) User=0.22s Sys=0.00s Real=0.03s
[213.982s][info][gc,start       ] GC(611) Pause Full (Ergonomics)
[213.982s][info][gc,phases,start] GC(611) Marking Phase
[214.012s][info][gc,phases      ] GC(611) Marking Phase 30.462ms
[214.013s][info][gc,phases,start] GC(611) Summary Phase
[214.013s][info][gc,phases      ] GC(611) Summary Phase 0.017ms
[214.013s][info][gc,phases,start] GC(611) Adjust Roots
[214.019s][info][gc,phases      ] GC(611) Adjust Roots 6.596ms
[214.019s][info][gc,phases,start] GC(611) Compaction Phase
[214.027s][info][gc,phases      ] GC(611) Compaction Phase 8.161ms
[214.027s][info][gc,phases,start] GC(611) Post Compact
[214.029s][info][gc,phases      ] GC(611) Post Compact 2.037ms
[214.029s][info][gc,heap        ] GC(611) PSYoungGen: 58879K(116736K)->53801K(116736K) Eden: 58879K(58880K)->53801K(58880K) From: 0K(57856K)->0K(57856K)
[214.029s][info][gc,heap        ] GC(611) ParOldGen: 346911K(349696K)->346911K(349696K)
[214.029s][info][gc,metaspace   ] GC(611) Metaspace: 119018K(124800K)->119018K(124800K) NonClass: 101043K(104192K)->101043K(104192K) Class: 17974K(20608K)->17974K(20608K)
[214.030s][info][gc             ] GC(611) Pause Full (Ergonomics) 396M->391M(455M) 47.523ms
[214.030s][info][gc,cpu         ] GC(611) User=0.19s Sys=0.00s Real=0.05s
[214.032s][info][gc,start       ] GC(612) Pause Full (Ergonomics)
[214.032s][info][gc,phases,start] GC(612) Marking Phase
[214.065s][info][gc,phases      ] GC(612) Marking Phase 32.992ms
[214.065s][info][gc,phases,start] GC(612) Summary Phase
[214.065s][info][gc,phases      ] GC(612) Summary Phase 0.018ms
[214.065s][info][gc,phases,start] GC(612) Adjust Roots
[214.067s][info][gc,phases      ] GC(612) Adjust Roots 2.721ms
[214.067s][info][gc,phases,start] GC(612) Compaction Phase
[214.076s][info][gc,phases      ] GC(612) Compaction Phase 8.711ms
[214.076s][info][gc,phases,start] GC(612) Post Compact
[214.078s][info][gc,phases      ] GC(612) Post Compact 2.019ms
[214.078s][info][gc,heap        ] GC(612) PSYoungGen: 58880K(116736K)->53805K(116736K) Eden: 58880K(58880K)->53805K(58880K) From: 0K(57856K)->0K(57856K)
[214.078s][info][gc,heap        ] GC(612) ParOldGen: 346911K(349696K)->346911K(349696K)
[214.078s][info][gc,metaspace   ] GC(612) Metaspace: 119018K(124800K)->119018K(124800K) NonClass: 101043K(104192K)->101043K(104192K) Class: 17974K(20608K)->17974K(20608K)
[214.078s][info][gc             ] GC(612) Pause Full (Ergonomics) 396M->391M(455M) 46.688ms
[214.078s][info][gc,cpu         ] GC(612) User=0.36s Sys=0.00s Real=0.05s
[214.080s][info][gc,start       ] GC(613) Pause Full (Ergonomics)
[214.080s][info][gc,phases,start] GC(613) Marking Phase
[214.106s][info][gc,phases      ] GC(613) Marking Phase 25.655ms
[214.106s][info][gc,phases,start] GC(613) Summary Phase
[214.106s][info][gc,phases      ] GC(613) Summary Phase 0.017ms
[214.106s][info][gc,phases,start] GC(613) Adjust Roots
[214.109s][info][gc,phases      ] GC(613) Adjust Roots 2.954ms
[214.109s][info][gc,phases,start] GC(613) Compaction Phase
[214.125s][info][gc,phases      ] GC(613) Compaction Phase 15.899ms
[214.125s][info][gc,phases,start] GC(613) Post Compact
[214.127s][info][gc,phases      ] GC(613) Post Compact 2.101ms
[214.127s][info][gc,heap        ] GC(613) PSYoungGen: 58880K(116736K)->53769K(116736K) Eden: 58880K(58880K)->53769K(58880K) From: 0K(57856K)->0K(57856K)
[214.127s][info][gc,heap        ] GC(613) ParOldGen: 346911K(349696K)->346911K(349696K)
[214.127s][info][gc,metaspace   ] GC(613) Metaspace: 119018K(124800K)->119018K(124800K) NonClass: 101043K(104192K)->101043K(104192K) Class: 17974K(20608K)->17974K(20608K)
[214.127s][info][gc             ] GC(613) Pause Full (Ergonomics) 396M->391M(455M) 46.895ms
[214.127s][info][gc,cpu         ] GC(613) User=0.34s Sys=0.00s Real=0.05s
[214.129s][info][gc,start       ] GC(614) Pause Full (Ergonomics)
[214.129s][info][gc,phases,start] GC(614) Marking Phase
[214.159s][info][gc,phases      ] GC(614) Marking Phase 29.443ms
[214.159s][info][gc,phases,start] GC(614) Summary Phase
[214.159s][info][gc,phases      ] GC(614) Summary Phase 0.019ms
[214.159s][info][gc,phases,start] GC(614) Adjust Roots
[214.162s][info][gc,phases      ] GC(614) Adjust Roots 2.723ms
[214.162s][info][gc,phases,start] GC(614) Compaction Phase
[214.168s][info][gc,phases      ] GC(614) Compaction Phase 6.276ms
[214.168s][info][gc,phases,start] GC(614) Post Compact
[214.170s][info][gc,phases      ] GC(614) Post Compact 1.984ms
[214.170s][info][gc,heap        ] GC(614) PSYoungGen: 58879K(116736K)->53829K(116736K) Eden: 58879K(58880K)->53829K(58880K) From: 0K(57856K)->0K(57856K)
[214.170s][info][gc,heap        ] GC(614) ParOldGen: 346911K(349696K)->346911K(349696K)
[214.170s][info][gc,metaspace   ] GC(614) Metaspace: 119018K(124800K)->119018K(124800K) NonClass: 101043K(104192K)->101043K(104192K) Class: 17974K(20608K)->17974K(20608K)
[214.170s][info][gc             ] GC(614) Pause Full (Ergonomics) 396M->391M(455M) 40.680ms
[214.170s][info][gc,cpu         ] GC(614) User=0.33s Sys=0.00s Real=0.05s
[214.172s][info][gc,start       ] GC(615) Pause Full (Ergonomics)
[214.172s][info][gc,phases,start] GC(615) Marking Phase
[214.197s][info][gc,phases      ] GC(615) Marking Phase 25.076ms
[214.197s][info][gc,phases,start] GC(615) Summary Phase
[214.197s][info][gc,phases      ] GC(615) Summary Phase 0.020ms
[214.197s][info][gc,phases,start] GC(615) Adjust Roots
[214.200s][info][gc,phases      ] GC(615) Adjust Roots 2.944ms
[214.200s][info][gc,phases,start] GC(615) Compaction Phase
[214.213s][info][gc,phases      ] GC(615) Compaction Phase 13.510ms
[214.213s][info][gc,phases,start] GC(615) Post Compact
[214.216s][info][gc,phases      ] GC(615) Post Compact 2.524ms
[214.216s][info][gc,heap        ] GC(615) PSYoungGen: 58880K(116736K)->53822K(116736K) Eden: 58880K(58880K)->53822K(58880K) From: 0K(57856K)->0K(57856K)
[214.216s][info][gc,heap        ] GC(615) ParOldGen: 346911K(349696K)->346911K(349696K)
[214.216s][info][gc,metaspace   ] GC(615) Metaspace: 119018K(124800K)->119018K(124800K) NonClass: 101043K(104192K)->101043K(104192K) Class: 17974K(20608K)->17974K(20608K)
[214.216s][info][gc             ] GC(615) Pause Full (Ergonomics) 396M->391M(455M) 44.444ms
[214.216s][info][gc,cpu         ] GC(615) User=0.27s Sys=0.00s Real=0.03s
[214.218s][info][gc,start       ] GC(616) Pause Full (Ergonomics)
[214.218s][info][gc,phases,start] GC(616) Marking Phase
[214.245s][info][gc,phases      ] GC(616) Marking Phase 26.517ms
[214.245s][info][gc,phases,start] GC(616) Summary Phase
[214.245s][info][gc,phases      ] GC(616) Summary Phase 0.023ms
[214.245s][info][gc,phases,start] GC(616) Adjust Roots
[214.248s][info][gc,phases      ] GC(616) Adjust Roots 2.757ms
[214.248s][info][gc,phases,start] GC(616) Compaction Phase
[214.256s][info][gc,phases      ] GC(616) Compaction Phase 8.824ms
[214.256s][info][gc,phases,start] GC(616) Post Compact
[214.258s][info][gc,phases      ] GC(616) Post Compact 1.988ms
[214.259s][info][gc,heap        ] GC(616) PSYoungGen: 58879K(116736K)->53828K(116736K) Eden: 58879K(58880K)->53828K(58880K) From: 0K(57856K)->0K(57856K)
[214.259s][info][gc,heap        ] GC(616) ParOldGen: 346911K(349696K)->346911K(349696K)
[214.259s][info][gc,metaspace   ] GC(616) Metaspace: 119018K(124800K)->119018K(124800K) NonClass: 101043K(104192K)->101043K(104192K) Class: 17974K(20608K)->17974K(20608K)
[214.259s][info][gc             ] GC(616) Pause Full (Ergonomics) 396M->391M(455M) 40.411ms
[214.259s][info][gc,cpu         ] GC(616) User=0.31s Sys=0.00s Real=0.03s
[214.261s][info][gc,start       ] GC(617) Pause Full (Ergonomics)
[214.261s][info][gc,phases,start] GC(617) Marking Phase
[214.288s][info][gc,phases      ] GC(617) Marking Phase 27.328ms
[214.288s][info][gc,phases,start] GC(617) Summary Phase
[214.288s][info][gc,phases      ] GC(617) Summary Phase 0.019ms
[214.288s][info][gc,phases,start] GC(617) Adjust Roots
[214.291s][info][gc,phases      ] GC(617) Adjust Roots 2.965ms
[214.291s][info][gc,phases,start] GC(617) Compaction Phase
[214.301s][info][gc,phases      ] GC(617) Compaction Phase 10.152ms
[214.301s][info][gc,phases,start] GC(617) Post Compact
[214.303s][info][gc,phases      ] GC(617) Post Compact 1.997ms
[214.303s][info][gc,heap        ] GC(617) PSYoungGen: 58880K(116736K)->53806K(116736K) Eden: 58880K(58880K)->53806K(58880K) From: 0K(57856K)->0K(57856K)
[214.303s][info][gc,heap        ] GC(617) ParOldGen: 346911K(349696K)->346911K(349696K)
[214.303s][info][gc,metaspace   ] GC(617) Metaspace: 119018K(124800K)->119018K(124800K) NonClass: 101043K(104192K)->101043K(104192K) Class: 17974K(20608K)->17974K(20608K)
[214.303s][info][gc             ] GC(617) Pause Full (Ergonomics) 396M->391M(455M) 42.707ms
[214.303s][info][gc,cpu         ] GC(617) User=0.17s Sys=0.00s Real=0.03s
[214.305s][info][gc,start       ] GC(618) Pause Full (Ergonomics)
[214.305s][info][gc,phases,start] GC(618) Marking Phase
[214.338s][info][gc,phases      ] GC(618) Marking Phase 32.165ms
[214.338s][info][gc,phases,start] GC(618) Summary Phase
[214.338s][info][gc,phases      ] GC(618) Summary Phase 0.024ms
[214.338s][info][gc,phases,start] GC(618) Adjust Roots
[214.341s][info][gc,phases      ] GC(618) Adjust Roots 3.065ms
[214.341s][info][gc,phases,start] GC(618) Compaction Phase
[214.349s][info][gc,phases      ] GC(618) Compaction Phase 8.197ms
[214.349s][info][gc,phases,start] GC(618) Post Compact
[214.352s][info][gc,phases      ] GC(618) Post Compact 2.529ms
[214.352s][info][gc,heap        ] GC(618) PSYoungGen: 58880K(116736K)->53767K(116736K) Eden: 58880K(58880K)->53767K(58880K) From: 0K(57856K)->0K(57856K)
[214.352s][info][gc,heap        ] GC(618) ParOldGen: 346911K(349696K)->346911K(349696K)
[214.352s][info][gc,metaspace   ] GC(618) Metaspace: 119018K(124800K)->119018K(124800K) NonClass: 101043K(104192K)->101043K(104192K) Class: 17974K(20608K)->17974K(20608K)
[214.352s][info][gc             ] GC(618) Pause Full (Ergonomics) 396M->391M(455M) 46.374ms
[214.352s][info][gc,cpu         ] GC(618) User=0.33s Sys=0.00s Real=0.05s
[214.354s][info][gc,start       ] GC(619) Pause Full (Ergonomics)
[214.354s][info][gc,phases,start] GC(619) Marking Phase
[214.380s][info][gc,phases      ] GC(619) Marking Phase 25.653ms
[214.380s][info][gc,phases,start] GC(619) Summary Phase
[214.380s][info][gc,phases      ] GC(619) Summary Phase 0.018ms
[214.380s][info][gc,phases,start] GC(619) Adjust Roots
[214.383s][info][gc,phases      ] GC(619) Adjust Roots 3.089ms
[214.383s][info][gc,phases,start] GC(619) Compaction Phase
[214.400s][info][gc,phases      ] GC(619) Compaction Phase 17.055ms
[214.400s][info][gc,phases,start] GC(619) Post Compact
[214.402s][info][gc,phases      ] GC(619) Post Compact 2.173ms
[214.402s][info][gc,heap        ] GC(619) PSYoungGen: 58880K(116736K)->53792K(116736K) Eden: 58880K(58880K)->53792K(58880K) From: 0K(57856K)->0K(57856K)
[214.402s][info][gc,heap        ] GC(619) ParOldGen: 346911K(349696K)->346911K(349696K)
[214.402s][info][gc,metaspace   ] GC(619) Metaspace: 119018K(124800K)->119018K(124800K) NonClass: 101043K(104192K)->101043K(104192K) Class: 17974K(20608K)->17974K(20608K)
[214.402s][info][gc             ] GC(619) Pause Full (Ergonomics) 396M->391M(455M) 48.251ms
[214.402s][info][gc,cpu         ] GC(619) User=0.34s Sys=0.00s Real=0.05s
[214.405s][info][gc,start       ] GC(620) Pause Full (Ergonomics)
[214.405s][info][gc,phases,start] GC(620) Marking Phase
[214.439s][info][gc,phases      ] GC(620) Marking Phase 34.474ms
[214.439s][info][gc,phases,start] GC(620) Summary Phase
[214.439s][info][gc,phases      ] GC(620) Summary Phase 0.044ms
[214.439s][info][gc,phases,start] GC(620) Adjust Roots
[214.443s][info][gc,phases      ] GC(620) Adjust Roots 3.456ms
[214.443s][info][gc,phases,start] GC(620) Compaction Phase
[214.453s][info][gc,phases      ] GC(620) Compaction Phase 10.023ms
[214.453s][info][gc,phases,start] GC(620) Post Compact
[214.455s][info][gc,phases      ] GC(620) Post Compact 2.485ms
[214.455s][info][gc,heap        ] GC(620) PSYoungGen: 58879K(116736K)->53823K(116736K) Eden: 58879K(58880K)->53823K(58880K) From: 0K(57856K)->0K(57856K)
[214.455s][info][gc,heap        ] GC(620) ParOldGen: 346911K(349696K)->346911K(349696K)
[214.455s][info][gc,metaspace   ] GC(620) Metaspace: 119018K(124800K)->119018K(124800K) NonClass: 101043K(104192K)->101043K(104192K) Class: 17974K(20608K)->17974K(20608K)
[214.455s][info][gc             ] GC(620) Pause Full (Ergonomics) 396M->391M(455M) 50.839ms
[214.455s][info][gc,cpu         ] GC(620) User=0.25s Sys=0.00s Real=0.05s
[214.458s][info][gc,start       ] GC(621) Pause Full (Ergonomics)
[214.458s][info][gc,phases,start] GC(621) Marking Phase
[214.486s][info][gc,phases      ] GC(621) Marking Phase 27.913ms
[214.486s][info][gc,phases,start] GC(621) Summary Phase
[214.486s][info][gc,phases      ] GC(621) Summary Phase 0.021ms
[214.486s][info][gc,phases,start] GC(621) Adjust Roots
[214.488s][info][gc,phases      ] GC(621) Adjust Roots 2.772ms
[214.488s][info][gc,phases,start] GC(621) Compaction Phase
[214.496s][info][gc,phases      ] GC(621) Compaction Phase 7.902ms
[214.496s][info][gc,phases,start] GC(621) Post Compact
[214.498s][info][gc,phases      ] GC(621) Post Compact 2.047ms
[214.498s][info][gc,heap        ] GC(621) PSYoungGen: 58879K(116736K)->53808K(116736K) Eden: 58879K(58880K)->53808K(58880K) From: 0K(57856K)->0K(57856K)
[214.498s][info][gc,heap        ] GC(621) ParOldGen: 346911K(349696K)->346911K(349696K)
[214.498s][info][gc,metaspace   ] GC(621) Metaspace: 119018K(124800K)->119018K(124800K) NonClass: 101043K(104192K)->101043K(104192K) Class: 17974K(20608K)->17974K(20608K)
[214.498s][info][gc             ] GC(621) Pause Full (Ergonomics) 396M->391M(455M) 40.927ms
[214.499s][info][gc,cpu         ] GC(621) User=0.38s Sys=0.00s Real=0.05s
[214.500s][info][gc,start       ] GC(622) Pause Full (Ergonomics)
[214.500s][info][gc,phases,start] GC(622) Marking Phase
[214.530s][info][gc,phases      ] GC(622) Marking Phase 29.765ms
[214.530s][info][gc,phases,start] GC(622) Summary Phase
[214.530s][info][gc,phases      ] GC(622) Summary Phase 0.044ms
[214.530s][info][gc,phases,start] GC(622) Adjust Roots
[214.534s][info][gc,phases      ] GC(622) Adjust Roots 3.434ms
[214.534s][info][gc,phases,start] GC(622) Compaction Phase
[214.544s][info][gc,phases      ] GC(622) Compaction Phase 10.145ms
[214.544s][info][gc,phases,start] GC(622) Post Compact
[214.546s][info][gc,phases      ] GC(622) Post Compact 2.279ms
[214.546s][info][gc,heap        ] GC(622) PSYoungGen: 58880K(116736K)->53833K(116736K) Eden: 58880K(58880K)->53833K(58880K) From: 0K(57856K)->0K(57856K)
[214.546s][info][gc,heap        ] GC(622) ParOldGen: 346911K(349696K)->346911K(349696K)
[214.546s][info][gc,metaspace   ] GC(622) Metaspace: 119018K(124800K)->119018K(124800K) NonClass: 101043K(104192K)->101043K(104192K) Class: 17974K(20608K)->17974K(20608K)
[214.546s][info][gc             ] GC(622) Pause Full (Ergonomics) 396M->391M(455M) 45.999ms
[214.546s][info][gc,cpu         ] GC(622) User=0.23s Sys=0.00s Real=0.05s
[214.548s][info][gc,start       ] GC(623) Pause Full (Ergonomics)
[214.549s][info][gc,phases,start] GC(623) Marking Phase
[214.576s][info][gc,phases      ] GC(623) Marking Phase 27.336ms
[214.576s][info][gc,phases,start] GC(623) Summary Phase
[214.576s][info][gc,phases      ] GC(623) Summary Phase 0.018ms
[214.576s][info][gc,phases,start] GC(623) Adjust Roots
[214.579s][info][gc,phases      ] GC(623) Adjust Roots 2.826ms
[214.579s][info][gc,phases,start] GC(623) Compaction Phase
[214.588s][info][gc,phases      ] GC(623) Compaction Phase 9.270ms
[214.588s][info][gc,phases,start] GC(623) Post Compact
[214.590s][info][gc,phases      ] GC(623) Post Compact 1.945ms
[214.590s][info][gc,heap        ] GC(623) PSYoungGen: 58880K(116736K)->53855K(116736K) Eden: 58880K(58880K)->53855K(58880K) From: 0K(57856K)->0K(57856K)
[214.590s][info][gc,heap        ] GC(623) ParOldGen: 346911K(349696K)->346911K(349696K)
[214.590s][info][gc,metaspace   ] GC(623) Metaspace: 119018K(124800K)->119018K(124800K) NonClass: 101043K(104192K)->101043K(104192K) Class: 17974K(20608K)->17974K(20608K)
[214.590s][info][gc             ] GC(623) Pause Full (Ergonomics) 396M->391M(455M) 41.634ms
[214.590s][info][gc,cpu         ] GC(623) User=0.17s Sys=0.00s Real=0.03s
[214.592s][info][gc,start       ] GC(624) Pause Full (Ergonomics)
[214.592s][info][gc,phases,start] GC(624) Marking Phase
[214.618s][info][gc,phases      ] GC(624) Marking Phase 26.410ms
[214.618s][info][gc,phases,start] GC(624) Summary Phase
[214.618s][info][gc,phases      ] GC(624) Summary Phase 0.018ms
[214.618s][info][gc,phases,start] GC(624) Adjust Roots
[214.622s][info][gc,phases      ] GC(624) Adjust Roots 3.386ms
[214.622s][info][gc,phases,start] GC(624) Compaction Phase
[214.630s][info][gc,phases      ] GC(624) Compaction Phase 8.195ms
[214.630s][info][gc,phases,start] GC(624) Post Compact
[214.633s][info][gc,phases      ] GC(624) Post Compact 2.527ms
[214.633s][info][gc,heap        ] GC(624) PSYoungGen: 58879K(116736K)->53790K(116736K) Eden: 58879K(58880K)->53790K(58880K) From: 0K(57856K)->0K(57856K)
[214.633s][info][gc,heap        ] GC(624) ParOldGen: 346911K(349696K)->346911K(349696K)
[214.633s][info][gc,metaspace   ] GC(624) Metaspace: 119018K(124800K)->119018K(124800K) NonClass: 101043K(104192K)->101043K(104192K) Class: 17974K(20608K)->17974K(20608K)
[214.633s][info][gc             ] GC(624) Pause Full (Ergonomics) 396M->391M(455M) 40.921ms
[214.633s][info][gc,cpu         ] GC(624) User=0.41s Sys=0.00s Real=0.05s
[214.635s][info][gc,start       ] GC(625) Pause Full (Ergonomics)
[214.635s][info][gc,phases,start] GC(625) Marking Phase
[214.664s][info][gc,phases      ] GC(625) Marking Phase 29.459ms
[214.664s][info][gc,phases,start] GC(625) Summary Phase
[214.664s][info][gc,phases      ] GC(625) Summary Phase 0.019ms
[214.664s][info][gc,phases,start] GC(625) Adjust Roots
[214.667s][info][gc,phases      ] GC(625) Adjust Roots 2.711ms
[214.667s][info][gc,phases,start] GC(625) Compaction Phase
[214.674s][info][gc,phases      ] GC(625) Compaction Phase 7.048ms
[214.674s][info][gc,phases,start] GC(625) Post Compact
[214.676s][info][gc,phases      ] GC(625) Post Compact 1.991ms
[214.676s][info][gc,heap        ] GC(625) PSYoungGen: 58045K(116736K)->53787K(116736K) Eden: 58045K(58880K)->53787K(58880K) From: 0K(57856K)->0K(57856K)
[214.676s][info][gc,heap        ] GC(625) ParOldGen: 346911K(349696K)->346911K(349696K)
[214.676s][info][gc,metaspace   ] GC(625) Metaspace: 119018K(124800K)->119018K(124800K) NonClass: 101043K(104192K)->101043K(104192K) Class: 17974K(20608K)->17974K(20608K)
[214.676s][info][gc             ] GC(625) Pause Full (Ergonomics) 395M->391M(455M) 41.537ms
[214.676s][info][gc,cpu         ] GC(625) User=0.38s Sys=0.00s Real=0.05s
[214.676s][info][gc,start       ] GC(626) Pause Full (Allocation Failure)
[214.676s][info][gc,phases,start] GC(626) Marking Phase
[214.703s][info][gc,phases      ] GC(626) Marking Phase 26.804ms
[214.703s][info][gc,phases,start] GC(626) Summary Phase
[214.703s][info][gc,phases      ] GC(626) Summary Phase 0.018ms
[214.703s][info][gc,phases,start] GC(626) Adjust Roots
[214.707s][info][gc,phases      ] GC(626) Adjust Roots 3.374ms
[214.707s][info][gc,phases,start] GC(626) Compaction Phase
[214.723s][info][gc,phases      ] GC(626) Compaction Phase 16.400ms
[214.723s][info][gc,phases,start] GC(626) Post Compact
[214.726s][info][gc,phases      ] GC(626) Post Compact 2.482ms
[214.726s][info][gc,heap        ] GC(626) PSYoungGen: 53787K(116736K)->53787K(116736K) Eden: 53787K(58880K)->53787K(58880K) From: 0K(57856K)->0K(57856K)
[214.726s][info][gc,heap        ] GC(626) ParOldGen: 346911K(349696K)->346911K(349696K)
[214.726s][info][gc,metaspace   ] GC(626) Metaspace: 119018K(124800K)->119018K(124800K) NonClass: 101043K(104192K)->101043K(104192K) Class: 17974K(20608K)->17974K(20608K)
[214.726s][info][gc             ] GC(626) Pause Full (Allocation Failure) 391M->391M(455M) 49.461ms
[214.726s][info][gc,cpu         ] GC(626) User=0.20s Sys=0.00s Real=0.05s
[214.729s][info][gc,start       ] GC(627) Pause Full (Ergonomics)
[214.729s][info][gc,phases,start] GC(627) Marking Phase
[214.759s][info][gc,phases      ] GC(627) Marking Phase 30.324ms
[214.759s][info][gc,phases,start] GC(627) Summary Phase
[214.759s][info][gc,phases      ] GC(627) Summary Phase 0.019ms
[214.759s][info][gc,phases,start] GC(627) Adjust Roots
[214.763s][info][gc,phases      ] GC(627) Adjust Roots 4.396ms
[214.764s][info][gc,phases,start] GC(627) Compaction Phase
[214.790s][info][gc,phases      ] GC(627) Compaction Phase 26.185ms
[214.790s][info][gc,phases,start] GC(627) Post Compact
[214.792s][info][gc,phases      ] GC(627) Post Compact 2.106ms
[214.792s][info][gc,heap        ] GC(627) PSYoungGen: 58880K(116736K)->38425K(116736K) Eden: 58880K(58880K)->38425K(58880K) From: 0K(57856K)->0K(57856K)
[214.792s][info][gc,heap        ] GC(627) ParOldGen: 346923K(349696K)->346783K(349696K)
[214.792s][info][gc,metaspace   ] GC(627) Metaspace: 119018K(124800K)->119018K(124800K) NonClass: 101043K(104192K)->101043K(104192K) Class: 17974K(20608K)->17974K(20608K)
[214.792s][info][gc             ] GC(627) Pause Full (Ergonomics) 396M->376M(455M) 63.318ms
[214.792s][info][gc,cpu         ] GC(627) User=0.63s Sys=0.00s Real=0.06s
[214.798s][info][gc,start       ] GC(628) Pause Full (Ergonomics)
[214.798s][info][gc,phases,start] GC(628) Marking Phase
[214.826s][info][gc,phases      ] GC(628) Marking Phase 27.506ms
[214.826s][info][gc,phases,start] GC(628) Summary Phase
[214.826s][info][gc,phases      ] GC(628) Summary Phase 0.032ms
[214.826s][info][gc,phases,start] GC(628) Adjust Roots
[214.830s][info][gc,phases      ] GC(628) Adjust Roots 3.602ms
[214.830s][info][gc,phases,start] GC(628) Compaction Phase
[214.851s][info][gc,phases      ] GC(628) Compaction Phase 21.709ms
[214.851s][info][gc,phases,start] GC(628) Post Compact
[214.854s][info][gc,phases      ] GC(628) Post Compact 2.631ms
[214.854s][info][gc,heap        ] GC(628) PSYoungGen: 58879K(116736K)->38441K(116736K) Eden: 58879K(58880K)->38441K(58880K) From: 0K(57856K)->0K(57856K)
[214.854s][info][gc,heap        ] GC(628) ParOldGen: 346783K(349696K)->346769K(349696K)
[214.854s][info][gc,metaspace   ] GC(628) Metaspace: 119027K(124800K)->119027K(124800K) NonClass: 101050K(104192K)->101050K(104192K) Class: 17976K(20608K)->17976K(20608K)
[214.854s][info][gc             ] GC(628) Pause Full (Ergonomics) 396M->376M(455M) 55.858ms
[214.854s][info][gc,cpu         ] GC(628) User=0.33s Sys=0.00s Real=0.05s
[214.859s][info][gc,start       ] GC(629) Pause Full (Ergonomics)
[214.859s][info][gc,phases,start] GC(629) Marking Phase
[214.883s][info][gc,phases      ] GC(629) Marking Phase 24.267ms
[214.883s][info][gc,phases,start] GC(629) Summary Phase
[214.883s][info][gc,phases      ] GC(629) Summary Phase 0.025ms
[214.883s][info][gc,phases,start] GC(629) Adjust Roots
[214.886s][info][gc,phases      ] GC(629) Adjust Roots 3.029ms
[214.886s][info][gc,phases,start] GC(629) Compaction Phase
[214.906s][info][gc,phases      ] GC(629) Compaction Phase 19.817ms
[214.906s][info][gc,phases,start] GC(629) Post Compact
[214.908s][info][gc,phases      ] GC(629) Post Compact 2.054ms
[214.908s][info][gc,heap        ] GC(629) PSYoungGen: 58879K(116736K)->38432K(116736K) Eden: 58879K(58880K)->38432K(58880K) From: 0K(57856K)->0K(57856K)
[214.908s][info][gc,heap        ] GC(629) ParOldGen: 346769K(349696K)->346746K(349696K)
[214.908s][info][gc,metaspace   ] GC(629) Metaspace: 119047K(124800K)->119047K(124800K) NonClass: 101065K(104192K)->101065K(104192K) Class: 17981K(20608K)->17981K(20608K)
[214.908s][info][gc             ] GC(629) Pause Full (Ergonomics) 396M->376M(455M) 49.469ms
[214.908s][info][gc,cpu         ] GC(629) User=0.33s Sys=0.00s Real=0.05s
[214.917s][info][gc,start       ] GC(630) Pause Full (Ergonomics)
[214.917s][info][gc,phases,start] GC(630) Marking Phase
[214.947s][info][gc,phases      ] GC(630) Marking Phase 29.479ms
[214.947s][info][gc,phases,start] GC(630) Summary Phase
[214.947s][info][gc,phases      ] GC(630) Summary Phase 0.019ms
[214.947s][info][gc,phases,start] GC(630) Adjust Roots
[214.950s][info][gc,phases      ] GC(630) Adjust Roots 2.959ms
[214.950s][info][gc,phases,start] GC(630) Compaction Phase
[214.970s][info][gc,phases      ] GC(630) Compaction Phase 20.181ms
[214.970s][info][gc,phases,start] GC(630) Post Compact
[214.973s][info][gc,phases      ] GC(630) Post Compact 2.620ms
[214.973s][info][gc,heap        ] GC(630) PSYoungGen: 58880K(116736K)->44692K(116736K) Eden: 58880K(58880K)->44692K(58880K) From: 0K(57856K)->0K(57856K)
[214.973s][info][gc,heap        ] GC(630) ParOldGen: 346746K(349696K)->346613K(349696K)
[214.973s][info][gc,metaspace   ] GC(630) Metaspace: 119057K(124800K)->119057K(124800K) NonClass: 101072K(104192K)->101072K(104192K) Class: 17984K(20608K)->17984K(20608K)
[214.973s][info][gc             ] GC(630) Pause Full (Ergonomics) 396M->382M(455M) 55.673ms
[214.973s][info][gc,cpu         ] GC(630) User=0.33s Sys=0.00s Real=0.05s
[214.976s][info][gc,start       ] GC(631) Pause Full (Ergonomics)
[214.976s][info][gc,phases,start] GC(631) Marking Phase
[215.003s][info][gc,phases      ] GC(631) Marking Phase 27.737ms
[215.003s][info][gc,phases,start] GC(631) Summary Phase
[215.003s][info][gc,phases      ] GC(631) Summary Phase 0.023ms
[215.003s][info][gc,phases,start] GC(631) Adjust Roots
[215.007s][info][gc,phases      ] GC(631) Adjust Roots 3.358ms
[215.007s][info][gc,phases,start] GC(631) Compaction Phase
[215.030s][info][gc,phases      ] GC(631) Compaction Phase 23.604ms
[215.030s][info][gc,phases,start] GC(631) Post Compact
[215.033s][info][gc,phases      ] GC(631) Post Compact 2.268ms
[215.033s][info][gc,heap        ] GC(631) PSYoungGen: 58879K(116736K)->41263K(116736K) Eden: 58879K(58880K)->41263K(58880K) From: 0K(57856K)->0K(57856K)
[215.033s][info][gc,heap        ] GC(631) ParOldGen: 346613K(349696K)->346897K(349696K)
[215.033s][info][gc,metaspace   ] GC(631) Metaspace: 119066K(124800K)->119066K(124800K) NonClass: 101080K(104192K)->101080K(104192K) Class: 17985K(20608K)->17985K(20608K)
[215.033s][info][gc             ] GC(631) Pause Full (Ergonomics) 395M->379M(455M) 57.283ms
[215.033s][info][gc,cpu         ] GC(631) User=0.33s Sys=0.00s Real=0.05s
[215.036s][info][gc,start       ] GC(632) Pause Full (Ergonomics)
[215.036s][info][gc,phases,start] GC(632) Marking Phase
[215.060s][info][gc,phases      ] GC(632) Marking Phase 24.468ms
[215.060s][info][gc,phases,start] GC(632) Summary Phase
[215.060s][info][gc,phases      ] GC(632) Summary Phase 0.019ms
[215.060s][info][gc,phases,start] GC(632) Adjust Roots
[215.063s][info][gc,phases      ] GC(632) Adjust Roots 2.754ms
[215.063s][info][gc,phases,start] GC(632) Compaction Phase
[215.071s][info][gc,phases      ] GC(632) Compaction Phase 8.226ms
[215.071s][info][gc,phases,start] GC(632) Post Compact
[215.073s][info][gc,phases      ] GC(632) Post Compact 1.987ms
[215.074s][info][gc,heap        ] GC(632) PSYoungGen: 58880K(116736K)->41272K(116736K) Eden: 58880K(58880K)->41272K(58880K) From: 0K(57856K)->0K(57856K)
[215.074s][info][gc,heap        ] GC(632) ParOldGen: 346897K(349696K)->346897K(349696K)
[215.074s][info][gc,metaspace   ] GC(632) Metaspace: 119074K(124800K)->119074K(124800K) NonClass: 101087K(104192K)->101087K(104192K) Class: 17987K(20608K)->17987K(20608K)
[215.074s][info][gc             ] GC(632) Pause Full (Ergonomics) 396M->379M(455M) 37.744ms
[215.074s][info][gc,cpu         ] GC(632) User=0.22s Sys=0.00s Real=0.03s
[215.076s][info][gc,start       ] GC(633) Pause Full (Ergonomics)
[215.076s][info][gc,phases,start] GC(633) Marking Phase
[215.103s][info][gc,phases      ] GC(633) Marking Phase 26.720ms
[215.103s][info][gc,phases,start] GC(633) Summary Phase
[215.103s][info][gc,phases      ] GC(633) Summary Phase 0.019ms
[215.103s][info][gc,phases,start] GC(633) Adjust Roots
[215.106s][info][gc,phases      ] GC(633) Adjust Roots 3.090ms
[215.106s][info][gc,phases,start] GC(633) Compaction Phase
[215.124s][info][gc,phases      ] GC(633) Compaction Phase 17.876ms
[215.124s][info][gc,phases,start] GC(633) Post Compact
[215.127s][info][gc,phases      ] GC(633) Post Compact 2.314ms
[215.127s][info][gc,heap        ] GC(633) PSYoungGen: 58880K(116736K)->41314K(116736K) Eden: 58880K(58880K)->41314K(58880K) From: 0K(57856K)->0K(57856K)
[215.127s][info][gc,heap        ] GC(633) ParOldGen: 346897K(349696K)->346897K(349696K)
[215.127s][info][gc,metaspace   ] GC(633) Metaspace: 119082K(124800K)->119082K(124800K) NonClass: 101092K(104192K)->101092K(104192K) Class: 17989K(20608K)->17989K(20608K)
[215.127s][info][gc             ] GC(633) Pause Full (Ergonomics) 396M->379M(455M) 50.336ms
[215.127s][info][gc,cpu         ] GC(633) User=0.33s Sys=0.00s Real=0.05s
[215.130s][info][gc,start       ] GC(634) Pause Full (Ergonomics)
[215.130s][info][gc,phases,start] GC(634) Marking Phase
[215.158s][info][gc,phases      ] GC(634) Marking Phase 28.048ms
[215.158s][info][gc,phases,start] GC(634) Summary Phase
[215.158s][info][gc,phases      ] GC(634) Summary Phase 0.060ms
[215.158s][info][gc,phases,start] GC(634) Adjust Roots
[215.162s][info][gc,phases      ] GC(634) Adjust Roots 3.179ms
[215.162s][info][gc,phases,start] GC(634) Compaction Phase
[215.181s][info][gc,phases      ] GC(634) Compaction Phase 19.759ms
[215.182s][info][gc,phases,start] GC(634) Post Compact
[215.184s][info][gc,phases      ] GC(634) Post Compact 2.756ms
[215.184s][info][gc,heap        ] GC(634) PSYoungGen: 58880K(116736K)->41355K(116736K) Eden: 58880K(58880K)->41355K(58880K) From: 0K(57856K)->0K(57856K)
[215.184s][info][gc,heap        ] GC(634) ParOldGen: 346897K(349696K)->346897K(349696K)
[215.184s][info][gc,metaspace   ] GC(634) Metaspace: 119100K(124800K)->119100K(124800K) NonClass: 101108K(104192K)->101108K(104192K) Class: 17991K(20608K)->17991K(20608K)
[215.184s][info][gc             ] GC(634) Pause Full (Ergonomics) 396M->379M(455M) 54.240ms
[215.185s][info][gc,cpu         ] GC(634) User=0.33s Sys=0.00s Real=0.05s
[215.187s][info][gc,start       ] GC(635) Pause Full (Ergonomics)
[215.187s][info][gc,phases,start] GC(635) Marking Phase
[215.216s][info][gc,phases      ] GC(635) Marking Phase 28.888ms
[215.216s][info][gc,phases,start] GC(635) Summary Phase
[215.216s][info][gc,phases      ] GC(635) Summary Phase 0.045ms
[215.216s][info][gc,phases,start] GC(635) Adjust Roots
[215.220s][info][gc,phases      ] GC(635) Adjust Roots 3.513ms
[215.220s][info][gc,phases,start] GC(635) Compaction Phase
[215.230s][info][gc,phases      ] GC(635) Compaction Phase 9.808ms
[215.230s][info][gc,phases,start] GC(635) Post Compact
[215.232s][info][gc,phases      ] GC(635) Post Compact 2.518ms
[215.232s][info][gc,heap        ] GC(635) PSYoungGen: 58880K(116736K)->41332K(116736K) Eden: 58880K(58880K)->41332K(58880K) From: 0K(57856K)->0K(57856K)
[215.232s][info][gc,heap        ] GC(635) ParOldGen: 346897K(349696K)->346897K(349696K)
[215.232s][info][gc,metaspace   ] GC(635) Metaspace: 119112K(124800K)->119112K(124800K) NonClass: 101116K(104192K)->101116K(104192K) Class: 17995K(20608K)->17995K(20608K)
[215.232s][info][gc             ] GC(635) Pause Full (Ergonomics) 396M->379M(455M) 45.180ms
[215.233s][info][gc,cpu         ] GC(635) User=0.19s Sys=0.00s Real=0.05s
[215.236s][info][gc,start       ] GC(636) Pause Full (Ergonomics)
[215.236s][info][gc,phases,start] GC(636) Marking Phase
[215.267s][info][gc,phases      ] GC(636) Marking Phase 31.104ms
[215.267s][info][gc,phases,start] GC(636) Summary Phase
[215.267s][info][gc,phases      ] GC(636) Summary Phase 0.019ms
[215.267s][info][gc,phases,start] GC(636) Adjust Roots
[215.270s][info][gc,phases      ] GC(636) Adjust Roots 2.753ms
[215.270s][info][gc,phases,start] GC(636) Compaction Phase
[215.284s][info][gc,phases      ] GC(636) Compaction Phase 14.679ms
[215.284s][info][gc,phases,start] GC(636) Post Compact
[215.287s][info][gc,phases      ] GC(636) Post Compact 2.499ms
[215.287s][info][gc,heap        ] GC(636) PSYoungGen: 58879K(116736K)->41315K(116736K) Eden: 58879K(58880K)->41315K(58880K) From: 0K(57856K)->0K(57856K)
[215.287s][info][gc,heap        ] GC(636) ParOldGen: 346897K(349696K)->346897K(349696K)
[215.287s][info][gc,metaspace   ] GC(636) Metaspace: 119118K(124800K)->119118K(124800K) NonClass: 101122K(104192K)->101122K(104192K) Class: 17996K(20608K)->17996K(20608K)
[215.287s][info][gc             ] GC(636) Pause Full (Ergonomics) 396M->379M(455M) 51.464ms
[215.287s][info][gc,cpu         ] GC(636) User=0.20s Sys=0.00s Real=0.05s
[215.290s][info][gc,start       ] GC(637) Pause Full (Ergonomics)
[215.290s][info][gc,phases,start] GC(637) Marking Phase
[215.318s][info][gc,phases      ] GC(637) Marking Phase 28.123ms
[215.318s][info][gc,phases,start] GC(637) Summary Phase
[215.318s][info][gc,phases      ] GC(637) Summary Phase 0.020ms
[215.318s][info][gc,phases,start] GC(637) Adjust Roots
[215.321s][info][gc,phases      ] GC(637) Adjust Roots 2.798ms
[215.321s][info][gc,phases,start] GC(637) Compaction Phase
[215.329s][info][gc,phases      ] GC(637) Compaction Phase 7.452ms
[215.329s][info][gc,phases,start] GC(637) Post Compact
[215.331s][info][gc,phases      ] GC(637) Post Compact 2.510ms
[215.331s][info][gc,heap        ] GC(637) PSYoungGen: 58880K(116736K)->41329K(116736K) Eden: 58880K(58880K)->41329K(58880K) From: 0K(57856K)->0K(57856K)
[215.331s][info][gc,heap        ] GC(637) ParOldGen: 346897K(349696K)->346897K(349696K)
[215.332s][info][gc,metaspace   ] GC(637) Metaspace: 119123K(124800K)->119123K(124800K) NonClass: 101126K(104192K)->101126K(104192K) Class: 17997K(20608K)->17997K(20608K)
[215.332s][info][gc             ] GC(637) Pause Full (Ergonomics) 396M->379M(455M) 41.325ms
[215.332s][info][gc,cpu         ] GC(637) User=0.39s Sys=0.00s Real=0.05s
[215.334s][info][gc,start       ] GC(638) Pause Full (Ergonomics)
[215.334s][info][gc,phases,start] GC(638) Marking Phase
[215.363s][info][gc,phases      ] GC(638) Marking Phase 28.460ms
[215.363s][info][gc,phases,start] GC(638) Summary Phase
[215.363s][info][gc,phases      ] GC(638) Summary Phase 0.022ms
[215.363s][info][gc,phases,start] GC(638) Adjust Roots
[215.366s][info][gc,phases      ] GC(638) Adjust Roots 3.002ms
[215.366s][info][gc,phases,start] GC(638) Compaction Phase
[215.374s][info][gc,phases      ] GC(638) Compaction Phase 8.206ms
[215.374s][info][gc,phases,start] GC(638) Post Compact
[215.376s][info][gc,phases      ] GC(638) Post Compact 2.121ms
[215.376s][info][gc,heap        ] GC(638) PSYoungGen: 58880K(116736K)->41318K(116736K) Eden: 58880K(58880K)->41318K(58880K) From: 0K(57856K)->0K(57856K)
[215.376s][info][gc,heap        ] GC(638) ParOldGen: 346897K(349696K)->346897K(349696K)
[215.376s][info][gc,metaspace   ] GC(638) Metaspace: 119132K(124800K)->119132K(124800K) NonClass: 101130K(104192K)->101130K(104192K) Class: 18001K(20608K)->18001K(20608K)
[215.376s][info][gc             ] GC(638) Pause Full (Ergonomics) 396M->379M(455M) 42.086ms
[215.377s][info][gc,cpu         ] GC(638) User=0.31s Sys=0.00s Real=0.03s
[215.379s][info][gc,start       ] GC(639) Pause Full (Ergonomics)
[215.379s][info][gc,phases,start] GC(639) Marking Phase
[215.405s][info][gc,phases      ] GC(639) Marking Phase 25.168ms
[215.405s][info][gc,phases,start] GC(639) Summary Phase
[215.405s][info][gc,phases      ] GC(639) Summary Phase 0.019ms
[215.405s][info][gc,phases,start] GC(639) Adjust Roots
[215.408s][info][gc,phases      ] GC(639) Adjust Roots 3.691ms
[215.408s][info][gc,phases,start] GC(639) Compaction Phase
[215.423s][info][gc,phases      ] GC(639) Compaction Phase 15.047ms
[215.423s][info][gc,phases,start] GC(639) Post Compact
[215.426s][info][gc,phases      ] GC(639) Post Compact 2.135ms
[215.426s][info][gc,heap        ] GC(639) PSYoungGen: 58880K(116736K)->41340K(116736K) Eden: 58880K(58880K)->41340K(58880K) From: 0K(57856K)->0K(57856K)
[215.426s][info][gc,heap        ] GC(639) ParOldGen: 346897K(349696K)->346897K(349696K)
[215.426s][info][gc,metaspace   ] GC(639) Metaspace: 119140K(124800K)->119140K(124800K) NonClass: 101138K(104192K)->101138K(104192K) Class: 18001K(20608K)->18001K(20608K)
[215.426s][info][gc             ] GC(639) Pause Full (Ergonomics) 396M->379M(455M) 46.345ms
[215.426s][info][gc,cpu         ] GC(639) User=0.30s Sys=0.00s Real=0.05s
[215.429s][info][gc,start       ] GC(640) Pause Full (Ergonomics)
[215.429s][info][gc,phases,start] GC(640) Marking Phase
[215.457s][info][gc,phases      ] GC(640) Marking Phase 28.233ms
[215.457s][info][gc,phases,start] GC(640) Summary Phase
[215.457s][info][gc,phases      ] GC(640) Summary Phase 0.019ms
[215.457s][info][gc,phases,start] GC(640) Adjust Roots
[215.460s][info][gc,phases      ] GC(640) Adjust Roots 2.785ms
[215.460s][info][gc,phases,start] GC(640) Compaction Phase
[215.466s][info][gc,phases      ] GC(640) Compaction Phase 6.433ms
[215.466s][info][gc,phases,start] GC(640) Post Compact
[215.468s][info][gc,phases      ] GC(640) Post Compact 1.985ms
[215.468s][info][gc,heap        ] GC(640) PSYoungGen: 58880K(116736K)->41354K(116736K) Eden: 58880K(58880K)->41354K(58880K) From: 0K(57856K)->0K(57856K)
[215.468s][info][gc,heap        ] GC(640) ParOldGen: 346897K(349696K)->346897K(349696K)
[215.468s][info][gc,metaspace   ] GC(640) Metaspace: 119141K(124800K)->119141K(124800K) NonClass: 101140K(104192K)->101140K(104192K) Class: 18001K(20608K)->18001K(20608K)
[215.468s][info][gc             ] GC(640) Pause Full (Ergonomics) 396M->379M(455M) 39.729ms
[215.468s][info][gc,cpu         ] GC(640) User=0.31s Sys=0.00s Real=0.03s
[215.471s][info][gc,start       ] GC(641) Pause Full (Ergonomics)
[215.471s][info][gc,phases,start] GC(641) Marking Phase
[215.496s][info][gc,phases      ] GC(641) Marking Phase 24.408ms
[215.496s][info][gc,phases,start] GC(641) Summary Phase
[215.496s][info][gc,phases      ] GC(641) Summary Phase 0.020ms
[215.496s][info][gc,phases,start] GC(641) Adjust Roots
[215.499s][info][gc,phases      ] GC(641) Adjust Roots 2.881ms
[215.499s][info][gc,phases,start] GC(641) Compaction Phase
[215.513s][info][gc,phases      ] GC(641) Compaction Phase 14.582ms
[215.513s][info][gc,phases,start] GC(641) Post Compact
[215.515s][info][gc,phases      ] GC(641) Post Compact 2.007ms
[215.515s][info][gc,heap        ] GC(641) PSYoungGen: 58880K(116736K)->41316K(116736K) Eden: 58880K(58880K)->41316K(58880K) From: 0K(57856K)->0K(57856K)
[215.515s][info][gc,heap        ] GC(641) ParOldGen: 346897K(349696K)->346897K(349696K)
[215.515s][info][gc,metaspace   ] GC(641) Metaspace: 119150K(124800K)->119150K(124800K) NonClass: 101146K(104192K)->101146K(104192K) Class: 18003K(20608K)->18003K(20608K)
[215.515s][info][gc             ] GC(641) Pause Full (Ergonomics) 396M->379M(455M) 44.186ms
[215.515s][info][gc,cpu         ] GC(641) User=0.28s Sys=0.00s Real=0.03s
[215.518s][info][gc,start       ] GC(642) Pause Full (Ergonomics)
[215.518s][info][gc,phases,start] GC(642) Marking Phase
[215.553s][info][gc,phases      ] GC(642) Marking Phase 34.244ms
[215.553s][info][gc,phases,start] GC(642) Summary Phase
[215.553s][info][gc,phases      ] GC(642) Summary Phase 0.018ms
[215.553s][info][gc,phases,start] GC(642) Adjust Roots
[215.556s][info][gc,phases      ] GC(642) Adjust Roots 2.872ms
[215.556s][info][gc,phases,start] GC(642) Compaction Phase
[215.574s][info][gc,phases      ] GC(642) Compaction Phase 18.083ms
[215.574s][info][gc,phases,start] GC(642) Post Compact
[215.576s][info][gc,phases      ] GC(642) Post Compact 2.241ms
[215.576s][info][gc,heap        ] GC(642) PSYoungGen: 58880K(116736K)->41308K(116736K) Eden: 58880K(58880K)->41308K(58880K) From: 0K(57856K)->0K(57856K)
[215.576s][info][gc,heap        ] GC(642) ParOldGen: 346897K(349696K)->346896K(349696K)
[215.576s][info][gc,metaspace   ] GC(642) Metaspace: 119157K(124800K)->119157K(124800K) NonClass: 101154K(104192K)->101154K(104192K) Class: 18003K(20608K)->18003K(20608K)
[215.576s][info][gc             ] GC(642) Pause Full (Ergonomics) 396M->379M(455M) 57.787ms
[215.576s][info][gc,cpu         ] GC(642) User=0.47s Sys=0.00s Real=0.05s
[215.592s][info][gc,start       ] GC(643) Pause Full (Ergonomics)
[215.592s][info][gc,phases,start] GC(643) Marking Phase
[215.625s][info][gc,phases      ] GC(643) Marking Phase 32.334ms
[215.625s][info][gc,phases,start] GC(643) Summary Phase
[215.625s][info][gc,phases      ] GC(643) Summary Phase 0.023ms
[215.625s][info][gc,phases,start] GC(643) Adjust Roots
[215.628s][info][gc,phases      ] GC(643) Adjust Roots 3.721ms
[215.628s][info][gc,phases,start] GC(643) Compaction Phase
[215.650s][info][gc,phases      ] GC(643) Compaction Phase 21.390ms
[215.650s][info][gc,phases,start] GC(643) Post Compact
[215.653s][info][gc,phases      ] GC(643) Post Compact 2.614ms
[215.653s][info][gc,heap        ] GC(643) PSYoungGen: 58880K(116736K)->47548K(116736K) Eden: 58880K(58880K)->47548K(58880K) From: 0K(57856K)->0K(57856K)
[215.653s][info][gc,heap        ] GC(643) ParOldGen: 346896K(349696K)->346896K(349696K)
[215.653s][info][gc,metaspace   ] GC(643) Metaspace: 119163K(124800K)->119163K(124800K) NonClass: 101158K(104192K)->101158K(104192K) Class: 18004K(20608K)->18004K(20608K)
[215.653s][info][gc             ] GC(643) Pause Full (Ergonomics) 396M->385M(455M) 60.520ms
[215.653s][info][gc,cpu         ] GC(643) User=0.33s Sys=0.00s Real=0.05s
[215.655s][info][gc,start       ] GC(644) Pause Full (Ergonomics)
[215.655s][info][gc,phases,start] GC(644) Marking Phase
[215.679s][info][gc,phases      ] GC(644) Marking Phase 24.182ms
[215.679s][info][gc,phases,start] GC(644) Summary Phase
[215.679s][info][gc,phases      ] GC(644) Summary Phase 0.019ms
[215.679s][info][gc,phases,start] GC(644) Adjust Roots
[215.682s][info][gc,phases      ] GC(644) Adjust Roots 2.792ms
[215.682s][info][gc,phases,start] GC(644) Compaction Phase
[215.690s][info][gc,phases      ] GC(644) Compaction Phase 7.473ms
[215.690s][info][gc,phases,start] GC(644) Post Compact
[215.692s][info][gc,phases      ] GC(644) Post Compact 2.601ms
[215.692s][info][gc,heap        ] GC(644) PSYoungGen: 58880K(116736K)->44360K(116736K) Eden: 58880K(58880K)->44360K(58880K) From: 0K(57856K)->0K(57856K)
[215.692s][info][gc,heap        ] GC(644) ParOldGen: 346896K(349696K)->347013K(349696K)
[215.692s][info][gc,metaspace   ] GC(644) Metaspace: 119165K(124800K)->119165K(124800K) NonClass: 101160K(104192K)->101160K(104192K) Class: 18004K(20608K)->18004K(20608K)
[215.692s][info][gc             ] GC(644) Pause Full (Ergonomics) 396M->382M(455M) 37.526ms
[215.693s][info][gc,cpu         ] GC(644) User=0.31s Sys=0.00s Real=0.03s
[215.695s][info][gc,start       ] GC(645) Pause Full (Ergonomics)
[215.695s][info][gc,phases,start] GC(645) Marking Phase
[215.721s][info][gc,phases      ] GC(645) Marking Phase 26.267ms
[215.721s][info][gc,phases,start] GC(645) Summary Phase
[215.721s][info][gc,phases      ] GC(645) Summary Phase 0.023ms
[215.721s][info][gc,phases,start] GC(645) Adjust Roots
[215.724s][info][gc,phases      ] GC(645) Adjust Roots 2.779ms
[215.724s][info][gc,phases,start] GC(645) Compaction Phase
[215.731s][info][gc,phases      ] GC(645) Compaction Phase 7.308ms
[215.731s][info][gc,phases,start] GC(645) Post Compact
[215.733s][info][gc,phases      ] GC(645) Post Compact 2.087ms
[215.734s][info][gc,heap        ] GC(645) PSYoungGen: 58880K(116736K)->44337K(116736K) Eden: 58880K(58880K)->44337K(58880K) From: 0K(57856K)->0K(57856K)
[215.734s][info][gc,heap        ] GC(645) ParOldGen: 347013K(349696K)->347013K(349696K)
[215.734s][info][gc,metaspace   ] GC(645) Metaspace: 119168K(124800K)->119168K(124800K) NonClass: 101162K(104192K)->101162K(104192K) Class: 18005K(20608K)->18005K(20608K)
[215.734s][info][gc             ] GC(645) Pause Full (Ergonomics) 396M->382M(455M) 38.738ms
[215.734s][info][gc,cpu         ] GC(645) User=0.31s Sys=0.00s Real=0.03s
[215.736s][info][gc,start       ] GC(646) Pause Full (Ergonomics)
[215.736s][info][gc,phases,start] GC(646) Marking Phase
[215.766s][info][gc,phases      ] GC(646) Marking Phase 30.135ms
[215.766s][info][gc,phases,start] GC(646) Summary Phase
[215.766s][info][gc,phases      ] GC(646) Summary Phase 0.044ms
[215.766s][info][gc,phases,start] GC(646) Adjust Roots
[215.770s][info][gc,phases      ] GC(646) Adjust Roots 3.345ms
[215.770s][info][gc,phases,start] GC(646) Compaction Phase
[215.778s][info][gc,phases      ] GC(646) Compaction Phase 8.260ms
[215.778s][info][gc,phases,start] GC(646) Post Compact
[215.780s][info][gc,phases      ] GC(646) Post Compact 2.323ms
[215.780s][info][gc,heap        ] GC(646) PSYoungGen: 58880K(116736K)->44339K(116736K) Eden: 58880K(58880K)->44339K(58880K) From: 0K(57856K)->0K(57856K)
[215.780s][info][gc,heap        ] GC(646) ParOldGen: 347013K(349696K)->347013K(349696K)
[215.780s][info][gc,metaspace   ] GC(646) Metaspace: 119168K(124800K)->119168K(124800K) NonClass: 101163K(104192K)->101163K(104192K) Class: 18005K(20608K)->18005K(20608K)
[215.780s][info][gc             ] GC(646) Pause Full (Ergonomics) 396M->382M(455M) 44.447ms
[215.780s][info][gc,cpu         ] GC(646) User=0.17s Sys=0.00s Real=0.03s
[215.783s][info][gc,start       ] GC(647) Pause Full (Ergonomics)
[215.783s][info][gc,phases,start] GC(647) Marking Phase
[215.809s][info][gc,phases      ] GC(647) Marking Phase 25.506ms
[215.809s][info][gc,phases,start] GC(647) Summary Phase
[215.809s][info][gc,phases      ] GC(647) Summary Phase 0.018ms
[215.809s][info][gc,phases,start] GC(647) Adjust Roots
[215.812s][info][gc,phases      ] GC(647) Adjust Roots 2.950ms
[215.812s][info][gc,phases,start] GC(647) Compaction Phase
[215.830s][info][gc,phases      ] GC(647) Compaction Phase 18.121ms
[215.855s][info][gc,phases,start] GC(647) Post Compact
[215.858s][info][gc,phases      ] GC(647) Post Compact 2.711ms
[215.858s][info][gc,heap        ] GC(647) PSYoungGen: 58880K(116736K)->44348K(116736K) Eden: 58880K(58880K)->44348K(58880K) From: 0K(57856K)->0K(57856K)
[215.858s][info][gc,heap        ] GC(647) ParOldGen: 347013K(349696K)->347013K(349696K)
[215.858s][info][gc,metaspace   ] GC(647) Metaspace: 119173K(124800K)->119173K(124800K) NonClass: 101166K(104192K)->101166K(104192K) Class: 18007K(20608K)->18007K(20608K)
[215.858s][info][gc             ] GC(647) Pause Full (Ergonomics) 396M->382M(455M) 74.756ms
[215.858s][info][gc,cpu         ] GC(647) User=0.47s Sys=0.00s Real=0.06s
[215.861s][info][gc,start       ] GC(648) Pause Full (Ergonomics)
[215.861s][info][gc,phases,start] GC(648) Marking Phase
[215.892s][info][gc,phases      ] GC(648) Marking Phase 30.938ms
[215.892s][info][gc,phases,start] GC(648) Summary Phase
[215.892s][info][gc,phases      ] GC(648) Summary Phase 0.019ms
[215.892s][info][gc,phases,start] GC(648) Adjust Roots
[215.895s][info][gc,phases      ] GC(648) Adjust Roots 3.012ms
[215.895s][info][gc,phases,start] GC(648) Compaction Phase
[215.915s][info][gc,phases      ] GC(648) Compaction Phase 19.422ms
[215.915s][info][gc,phases,start] GC(648) Post Compact
[215.917s][info][gc,phases      ] GC(648) Post Compact 2.631ms
[215.917s][info][gc,heap        ] GC(648) PSYoungGen: 58880K(116736K)->44312K(116736K) Eden: 58880K(58880K)->44312K(58880K) From: 0K(57856K)->0K(57856K)
[215.917s][info][gc,heap        ] GC(648) ParOldGen: 347013K(349696K)->347013K(349696K)
[215.917s][info][gc,metaspace   ] GC(648) Metaspace: 119175K(124800K)->119175K(124800K) NonClass: 101168K(104192K)->101168K(104192K) Class: 18007K(20608K)->18007K(20608K)
[215.917s][info][gc             ] GC(648) Pause Full (Ergonomics) 396M->382M(455M) 56.469ms
[215.918s][info][gc,cpu         ] GC(648) User=0.33s Sys=0.00s Real=0.05s
[215.920s][info][gc,start       ] GC(649) Pause Full (Ergonomics)
[215.920s][info][gc,phases,start] GC(649) Marking Phase
[215.942s][info][gc,phases      ] GC(649) Marking Phase 22.467ms
[215.942s][info][gc,phases,start] GC(649) Summary Phase
[215.942s][info][gc,phases      ] GC(649) Summary Phase 0.020ms
[215.943s][info][gc,phases,start] GC(649) Adjust Roots
[215.945s][info][gc,phases      ] GC(649) Adjust Roots 2.784ms
[215.945s][info][gc,phases,start] GC(649) Compaction Phase
[215.953s][info][gc,phases      ] GC(649) Compaction Phase 7.463ms
[215.953s][info][gc,phases,start] GC(649) Post Compact
[215.955s][info][gc,phases      ] GC(649) Post Compact 2.541ms
[215.955s][info][gc,heap        ] GC(649) PSYoungGen: 58880K(116736K)->44343K(116736K) Eden: 58880K(58880K)->44343K(58880K) From: 0K(57856K)->0K(57856K)
[215.956s][info][gc,heap        ] GC(649) ParOldGen: 347013K(349696K)->347013K(349696K)
[215.956s][info][gc,metaspace   ] GC(649) Metaspace: 119176K(124800K)->119176K(124800K) NonClass: 101169K(104192K)->101169K(104192K) Class: 18007K(20608K)->18007K(20608K)
[215.956s][info][gc             ] GC(649) Pause Full (Ergonomics) 396M->382M(455M) 35.678ms
[215.956s][info][gc,cpu         ] GC(649) User=0.22s Sys=0.00s Real=0.03s
[215.958s][info][gc,start       ] GC(650) Pause Full (Ergonomics)
[215.958s][info][gc,phases,start] GC(650) Marking Phase
[215.982s][info][gc,phases      ] GC(650) Marking Phase 24.242ms
[215.982s][info][gc,phases,start] GC(650) Summary Phase
[215.983s][info][gc,phases      ] GC(650) Summary Phase 0.018ms
[215.983s][info][gc,phases,start] GC(650) Adjust Roots
[215.986s][info][gc,phases      ] GC(650) Adjust Roots 3.229ms
[215.986s][info][gc,phases,start] GC(650) Compaction Phase
[216.001s][info][gc,phases      ] GC(650) Compaction Phase 15.178ms
[216.001s][info][gc,phases,start] GC(650) Post Compact
[216.003s][info][gc,phases      ] GC(650) Post Compact 2.278ms
[216.003s][info][gc,heap        ] GC(650) PSYoungGen: 58880K(116736K)->44342K(116736K) Eden: 58880K(58880K)->44342K(58880K) From: 0K(57856K)->0K(57856K)
[216.003s][info][gc,heap        ] GC(650) ParOldGen: 347013K(349696K)->347013K(349696K)
[216.003s][info][gc,metaspace   ] GC(650) Metaspace: 119177K(124800K)->119177K(124800K) NonClass: 101170K(104192K)->101170K(104192K) Class: 18007K(20608K)->18007K(20608K)
[216.003s][info][gc             ] GC(650) Pause Full (Ergonomics) 396M->382M(455M) 45.266ms
[216.003s][info][gc,cpu         ] GC(650) User=0.20s Sys=0.00s Real=0.05s
[216.006s][info][gc,start       ] GC(651) Pause Full (Ergonomics)
[216.006s][info][gc,phases,start] GC(651) Marking Phase
[216.036s][info][gc,phases      ] GC(651) Marking Phase 29.855ms
[216.036s][info][gc,phases,start] GC(651) Summary Phase
[216.036s][info][gc,phases      ] GC(651) Summary Phase 0.021ms
[216.036s][info][gc,phases,start] GC(651) Adjust Roots
[216.039s][info][gc,phases      ] GC(651) Adjust Roots 2.896ms
[216.039s][info][gc,phases,start] GC(651) Compaction Phase
[216.049s][info][gc,phases      ] GC(651) Compaction Phase 9.730ms
[216.049s][info][gc,phases,start] GC(651) Post Compact
[216.051s][info][gc,phases      ] GC(651) Post Compact 2.125ms
[216.051s][info][gc,heap        ] GC(651) PSYoungGen: 58879K(116736K)->44359K(116736K) Eden: 58879K(58880K)->44359K(58880K) From: 0K(57856K)->0K(57856K)
[216.051s][info][gc,heap        ] GC(651) ParOldGen: 347013K(349696K)->347013K(349696K)
[216.051s][info][gc,metaspace   ] GC(651) Metaspace: 119184K(124800K)->119184K(124800K) NonClass: 101177K(104192K)->101177K(104192K) Class: 18007K(20608K)->18007K(20608K)
[216.051s][info][gc             ] GC(651) Pause Full (Ergonomics) 396M->382M(455M) 44.887ms
[216.051s][info][gc,cpu         ] GC(651) User=0.19s Sys=0.00s Real=0.05s
[216.054s][info][gc,start       ] GC(652) Pause Full (Ergonomics)
[216.054s][info][gc,phases,start] GC(652) Marking Phase
[216.083s][info][gc,phases      ] GC(652) Marking Phase 29.222ms
[216.083s][info][gc,phases,start] GC(652) Summary Phase
[216.083s][info][gc,phases      ] GC(652) Summary Phase 0.043ms
[216.083s][info][gc,phases,start] GC(652) Adjust Roots
[216.086s][info][gc,phases      ] GC(652) Adjust Roots 3.391ms
[216.086s][info][gc,phases,start] GC(652) Compaction Phase
[216.100s][info][gc,phases      ] GC(652) Compaction Phase 14.051ms
[216.100s][info][gc,phases,start] GC(652) Post Compact
[216.103s][info][gc,phases      ] GC(652) Post Compact 2.540ms
[216.103s][info][gc,heap        ] GC(652) PSYoungGen: 58880K(116736K)->44356K(116736K) Eden: 58880K(58880K)->44356K(58880K) From: 0K(57856K)->0K(57856K)
[216.103s][info][gc,heap        ] GC(652) ParOldGen: 347013K(349696K)->347013K(349696K)
[216.103s][info][gc,metaspace   ] GC(652) Metaspace: 119198K(124864K)->119198K(124864K) NonClass: 101190K(104256K)->101190K(104256K) Class: 18008K(20608K)->18008K(20608K)
[216.103s][info][gc             ] GC(652) Pause Full (Ergonomics) 396M->382M(455M) 49.628ms
[216.103s][info][gc,cpu         ] GC(652) User=0.20s Sys=0.00s Real=0.05s
[216.106s][info][gc,start       ] GC(653) Pause Full (Ergonomics)
[216.106s][info][gc,phases,start] GC(653) Marking Phase
[216.140s][info][gc,phases      ] GC(653) Marking Phase 34.487ms
[216.140s][info][gc,phases,start] GC(653) Summary Phase
[216.140s][info][gc,phases      ] GC(653) Summary Phase 0.020ms
[216.140s][info][gc,phases,start] GC(653) Adjust Roots
[216.143s][info][gc,phases      ] GC(653) Adjust Roots 3.030ms
[216.144s][info][gc,phases,start] GC(653) Compaction Phase
[216.151s][info][gc,phases      ] GC(653) Compaction Phase 7.522ms
[216.151s][info][gc,phases,start] GC(653) Post Compact
[216.153s][info][gc,phases      ] GC(653) Post Compact 2.029ms
[216.153s][info][gc,heap        ] GC(653) PSYoungGen: 58879K(116736K)->44343K(116736K) Eden: 58879K(58880K)->44343K(58880K) From: 0K(57856K)->0K(57856K)
[216.153s][info][gc,heap        ] GC(653) ParOldGen: 347013K(349696K)->347013K(349696K)
[216.153s][info][gc,metaspace   ] GC(653) Metaspace: 119208K(124864K)->119208K(124864K) NonClass: 101199K(104256K)->101199K(104256K) Class: 18008K(20608K)->18008K(20608K)
[216.153s][info][gc             ] GC(653) Pause Full (Ergonomics) 396M->382M(455M) 47.381ms
[216.153s][info][gc,cpu         ] GC(653) User=0.44s Sys=0.00s Real=0.05s
[216.156s][info][gc,start       ] GC(654) Pause Full (Ergonomics)
[216.156s][info][gc,phases,start] GC(654) Marking Phase
[216.186s][info][gc,phases      ] GC(654) Marking Phase 29.761ms
[216.186s][info][gc,phases,start] GC(654) Summary Phase
[216.186s][info][gc,phases      ] GC(654) Summary Phase 0.044ms
[216.186s][info][gc,phases,start] GC(654) Adjust Roots
[216.189s][info][gc,phases      ] GC(654) Adjust Roots 3.089ms
[216.189s][info][gc,phases,start] GC(654) Compaction Phase
[216.199s][info][gc,phases      ] GC(654) Compaction Phase 10.472ms
[216.199s][info][gc,phases,start] GC(654) Post Compact
[216.202s][info][gc,phases      ] GC(654) Post Compact 2.483ms
[216.202s][info][gc,heap        ] GC(654) PSYoungGen: 58880K(116736K)->44308K(116736K) Eden: 58880K(58880K)->44308K(58880K) From: 0K(57856K)->0K(57856K)
[216.202s][info][gc,heap        ] GC(654) ParOldGen: 347013K(349696K)->347013K(349696K)
[216.202s][info][gc,metaspace   ] GC(654) Metaspace: 119209K(124864K)->119209K(124864K) NonClass: 101200K(104256K)->101200K(104256K) Class: 18008K(20608K)->18008K(20608K)
[216.202s][info][gc             ] GC(654) Pause Full (Ergonomics) 396M->382M(455M) 46.235ms
[216.202s][info][gc,cpu         ] GC(654) User=0.17s Sys=0.00s Real=0.03s
[216.205s][info][gc,start       ] GC(655) Pause Full (Ergonomics)
[216.205s][info][gc,phases,start] GC(655) Marking Phase
[216.232s][info][gc,phases      ] GC(655) Marking Phase 26.424ms
[216.232s][info][gc,phases,start] GC(655) Summary Phase
[216.232s][info][gc,phases      ] GC(655) Summary Phase 0.018ms
[216.232s][info][gc,phases,start] GC(655) Adjust Roots
[216.237s][info][gc,phases      ] GC(655) Adjust Roots 5.270ms
[216.237s][info][gc,phases,start] GC(655) Compaction Phase
[216.251s][info][gc,phases      ] GC(655) Compaction Phase 14.024ms
[216.251s][info][gc,phases,start] GC(655) Post Compact
[216.254s][info][gc,phases      ] GC(655) Post Compact 2.580ms
[216.254s][info][gc,heap        ] GC(655) PSYoungGen: 58880K(116736K)->44312K(116736K) Eden: 58880K(58880K)->44312K(58880K) From: 0K(57856K)->0K(57856K)
[216.254s][info][gc,heap        ] GC(655) ParOldGen: 347013K(349696K)->347013K(349696K)
[216.254s][info][gc,metaspace   ] GC(655) Metaspace: 119212K(124864K)->119212K(124864K) NonClass: 101202K(104256K)->101202K(104256K) Class: 18009K(20608K)->18009K(20608K)
[216.254s][info][gc             ] GC(655) Pause Full (Ergonomics) 396M->382M(455M) 48.751ms
[216.254s][info][gc,cpu         ] GC(655) User=0.22s Sys=0.00s Real=0.05s
[216.257s][info][gc,start       ] GC(656) Pause Full (Ergonomics)
[216.257s][info][gc,phases,start] GC(656) Marking Phase
[216.288s][info][gc,phases      ] GC(656) Marking Phase 31.260ms
[216.289s][info][gc,phases,start] GC(656) Summary Phase
[216.289s][info][gc,phases      ] GC(656) Summary Phase 0.018ms
[216.289s][info][gc,phases,start] GC(656) Adjust Roots
[216.292s][info][gc,phases      ] GC(656) Adjust Roots 3.509ms
[216.292s][info][gc,phases,start] GC(656) Compaction Phase
[216.307s][info][gc,phases      ] GC(656) Compaction Phase 14.595ms
[216.307s][info][gc,phases,start] GC(656) Post Compact
[216.309s][info][gc,phases      ] GC(656) Post Compact 2.339ms
[216.309s][info][gc,heap        ] GC(656) PSYoungGen: 58880K(116736K)->44380K(116736K) Eden: 58880K(58880K)->44380K(58880K) From: 0K(57856K)->0K(57856K)
[216.309s][info][gc,heap        ] GC(656) ParOldGen: 347013K(349696K)->347013K(349696K)
[216.309s][info][gc,metaspace   ] GC(656) Metaspace: 119215K(124864K)->119215K(124864K) NonClass: 101204K(104256K)->101204K(104256K) Class: 18010K(20608K)->18010K(20608K)
[216.309s][info][gc             ] GC(656) Pause Full (Ergonomics) 396M->382M(455M) 52.085ms
[216.309s][info][gc,cpu         ] GC(656) User=0.38s Sys=0.00s Real=0.05s
[216.312s][info][gc,start       ] GC(657) Pause Full (Ergonomics)
[216.312s][info][gc,phases,start] GC(657) Marking Phase
[216.341s][info][gc,phases      ] GC(657) Marking Phase 28.682ms
[216.341s][info][gc,phases,start] GC(657) Summary Phase
[216.341s][info][gc,phases      ] GC(657) Summary Phase 0.018ms
[216.341s][info][gc,phases,start] GC(657) Adjust Roots
[216.344s][info][gc,phases      ] GC(657) Adjust Roots 3.207ms
[216.344s][info][gc,phases,start] GC(657) Compaction Phase
[216.351s][info][gc,phases      ] GC(657) Compaction Phase 7.176ms
[216.351s][info][gc,phases,start] GC(657) Post Compact
[216.353s][info][gc,phases      ] GC(657) Post Compact 1.983ms
[216.353s][info][gc,heap        ] GC(657) PSYoungGen: 58880K(116736K)->44337K(116736K) Eden: 58880K(58880K)->44337K(58880K) From: 0K(57856K)->0K(57856K)
[216.353s][info][gc,heap        ] GC(657) ParOldGen: 347013K(349696K)->347013K(349696K)
[216.353s][info][gc,metaspace   ] GC(657) Metaspace: 119215K(124864K)->119215K(124864K) NonClass: 101204K(104256K)->101204K(104256K) Class: 18010K(20608K)->18010K(20608K)
[216.353s][info][gc             ] GC(657) Pause Full (Ergonomics) 396M->382M(455M) 41.307ms
[216.353s][info][gc,cpu         ] GC(657) User=0.17s Sys=0.00s Real=0.03s
[216.356s][info][gc,start       ] GC(658) Pause Full (Ergonomics)
[216.356s][info][gc,phases,start] GC(658) Marking Phase
[216.381s][info][gc,phases      ] GC(658) Marking Phase 24.887ms
[216.381s][info][gc,phases,start] GC(658) Summary Phase
[216.381s][info][gc,phases      ] GC(658) Summary Phase 0.019ms
[216.381s][info][gc,phases,start] GC(658) Adjust Roots
[216.384s][info][gc,phases      ] GC(658) Adjust Roots 3.329ms
[216.384s][info][gc,phases,start] GC(658) Compaction Phase
[216.405s][info][gc,phases      ] GC(658) Compaction Phase 20.694ms
[216.405s][info][gc,phases,start] GC(658) Post Compact
[216.407s][info][gc,phases      ] GC(658) Post Compact 2.064ms
[216.407s][info][gc,heap        ] GC(658) PSYoungGen: 58880K(116736K)->44322K(116736K) Eden: 58880K(58880K)->44322K(58880K) From: 0K(57856K)->0K(57856K)
[216.407s][info][gc,heap        ] GC(658) ParOldGen: 347013K(349696K)->347013K(349696K)
[216.407s][info][gc,metaspace   ] GC(658) Metaspace: 119223K(124864K)->119223K(124864K) NonClass: 101210K(104256K)->101210K(104256K) Class: 18013K(20608K)->18013K(20608K)
[216.407s][info][gc             ] GC(658) Pause Full (Ergonomics) 396M->382M(455M) 51.256ms
[216.407s][info][gc,cpu         ] GC(658) User=0.48s Sys=0.00s Real=0.05s
[216.410s][info][gc,start       ] GC(659) Pause Full (Ergonomics)
[216.410s][info][gc,phases,start] GC(659) Marking Phase
[216.439s][info][gc,phases      ] GC(659) Marking Phase 28.893ms
[216.439s][info][gc,phases,start] GC(659) Summary Phase
[216.439s][info][gc,phases      ] GC(659) Summary Phase 0.047ms
[216.439s][info][gc,phases,start] GC(659) Adjust Roots
[216.442s][info][gc,phases      ] GC(659) Adjust Roots 3.165ms
[216.442s][info][gc,phases,start] GC(659) Compaction Phase
[216.449s][info][gc,phases      ] GC(659) Compaction Phase 7.490ms
[216.449s][info][gc,phases,start] GC(659) Post Compact
[216.452s][info][gc,phases      ] GC(659) Post Compact 2.481ms
[216.452s][info][gc,heap        ] GC(659) PSYoungGen: 58880K(116736K)->44379K(116736K) Eden: 58880K(58880K)->44379K(58880K) From: 0K(57856K)->0K(57856K)
[216.452s][info][gc,heap        ] GC(659) ParOldGen: 347013K(349696K)->347013K(349696K)
[216.452s][info][gc,metaspace   ] GC(659) Metaspace: 119226K(124864K)->119226K(124864K) NonClass: 101212K(104256K)->101212K(104256K) Class: 18014K(20608K)->18014K(20608K)
[216.452s][info][gc             ] GC(659) Pause Full (Ergonomics) 396M->382M(455M) 42.480ms
[216.452s][info][gc,cpu         ] GC(659) User=0.23s Sys=0.00s Real=0.05s
[216.455s][info][gc,start       ] GC(660) Pause Full (Ergonomics)
[216.455s][info][gc,phases,start] GC(660) Marking Phase
[216.485s][info][gc,phases      ] GC(660) Marking Phase 29.662ms
[216.485s][info][gc,phases,start] GC(660) Summary Phase
[216.485s][info][gc,phases      ] GC(660) Summary Phase 0.019ms
[216.485s][info][gc,phases,start] GC(660) Adjust Roots
[216.488s][info][gc,phases      ] GC(660) Adjust Roots 2.892ms
[216.488s][info][gc,phases,start] GC(660) Compaction Phase
[216.502s][info][gc,phases      ] GC(660) Compaction Phase 13.850ms
[216.502s][info][gc,phases,start] GC(660) Post Compact
[216.504s][info][gc,phases      ] GC(660) Post Compact 2.190ms
[216.504s][info][gc,heap        ] GC(660) PSYoungGen: 58879K(116736K)->44417K(116736K) Eden: 58879K(58880K)->44417K(58880K) From: 0K(57856K)->0K(57856K)
[216.504s][info][gc,heap        ] GC(660) ParOldGen: 347013K(349696K)->347013K(349696K)
[216.504s][info][gc,metaspace   ] GC(660) Metaspace: 119226K(124864K)->119226K(124864K) NonClass: 101212K(104256K)->101212K(104256K) Class: 18014K(20608K)->18014K(20608K)
[216.504s][info][gc             ] GC(660) Pause Full (Ergonomics) 396M->382M(455M) 48.943ms
[216.504s][info][gc,cpu         ] GC(660) User=0.20s Sys=0.00s Real=0.05s
[216.507s][info][gc,start       ] GC(661) Pause Full (Ergonomics)
[216.507s][info][gc,phases,start] GC(661) Marking Phase
[216.534s][info][gc,phases      ] GC(661) Marking Phase 27.335ms
[216.534s][info][gc,phases,start] GC(661) Summary Phase
[216.534s][info][gc,phases      ] GC(661) Summary Phase 0.022ms
[216.534s][info][gc,phases,start] GC(661) Adjust Roots
[216.537s][info][gc,phases      ] GC(661) Adjust Roots 2.946ms
[216.537s][info][gc,phases,start] GC(661) Compaction Phase
[216.546s][info][gc,phases      ] GC(661) Compaction Phase 8.667ms
[216.546s][info][gc,phases,start] GC(661) Post Compact
[216.548s][info][gc,phases      ] GC(661) Post Compact 2.498ms
[216.548s][info][gc,heap        ] GC(661) PSYoungGen: 58880K(116736K)->44440K(116736K) Eden: 58880K(58880K)->44440K(58880K) From: 0K(57856K)->0K(57856K)
[216.548s][info][gc,heap        ] GC(661) ParOldGen: 347013K(349696K)->347013K(349696K)
[216.549s][info][gc,metaspace   ] GC(661) Metaspace: 119226K(124864K)->119226K(124864K) NonClass: 101212K(104256K)->101212K(104256K) Class: 18014K(20608K)->18014K(20608K)
[216.549s][info][gc             ] GC(661) Pause Full (Ergonomics) 396M->382M(455M) 41.863ms
[216.549s][info][gc,cpu         ] GC(661) User=0.17s Sys=0.00s Real=0.03s
[216.551s][info][gc,start       ] GC(662) Pause Full (Ergonomics)
[216.551s][info][gc,phases,start] GC(662) Marking Phase
[216.576s][info][gc,phases      ] GC(662) Marking Phase 24.905ms
[216.576s][info][gc,phases,start] GC(662) Summary Phase
[216.576s][info][gc,phases      ] GC(662) Summary Phase 0.019ms
[216.576s][info][gc,phases,start] GC(662) Adjust Roots
[216.579s][info][gc,phases      ] GC(662) Adjust Roots 2.839ms
[216.579s][info][gc,phases,start] GC(662) Compaction Phase
[216.588s][info][gc,phases      ] GC(662) Compaction Phase 9.120ms
[216.589s][info][gc,phases,start] GC(662) Post Compact
[216.591s][info][gc,phases      ] GC(662) Post Compact 2.505ms
[216.591s][info][gc,heap        ] GC(662) PSYoungGen: 58880K(116736K)->44436K(116736K) Eden: 58880K(58880K)->44436K(58880K) From: 0K(57856K)->0K(57856K)
[216.591s][info][gc,heap        ] GC(662) ParOldGen: 347013K(349696K)->347013K(349696K)
[216.591s][info][gc,metaspace   ] GC(662) Metaspace: 119226K(124864K)->119226K(124864K) NonClass: 101212K(104256K)->101212K(104256K) Class: 18014K(20608K)->18014K(20608K)
[216.591s][info][gc             ] GC(662) Pause Full (Ergonomics) 396M->382M(455M) 39.812ms
[216.591s][info][gc,cpu         ] GC(662) User=0.34s Sys=0.00s Real=0.05s
[216.594s][info][gc,start       ] GC(663) Pause Full (Ergonomics)
[216.594s][info][gc,phases,start] GC(663) Marking Phase
[216.624s][info][gc,phases      ] GC(663) Marking Phase 30.512ms
[216.624s][info][gc,phases,start] GC(663) Summary Phase
[216.624s][info][gc,phases      ] GC(663) Summary Phase 0.019ms
[216.624s][info][gc,phases,start] GC(663) Adjust Roots
[216.627s][info][gc,phases      ] GC(663) Adjust Roots 2.843ms
[216.627s][info][gc,phases,start] GC(663) Compaction Phase
[216.634s][info][gc,phases      ] GC(663) Compaction Phase 6.747ms
[216.634s][info][gc,phases,start] GC(663) Post Compact
[216.636s][info][gc,phases      ] GC(663) Post Compact 2.024ms
[216.636s][info][gc,heap        ] GC(663) PSYoungGen: 58880K(116736K)->44462K(116736K) Eden: 58880K(58880K)->44462K(58880K) From: 0K(57856K)->0K(57856K)
[216.636s][info][gc,heap        ] GC(663) ParOldGen: 347013K(349696K)->347013K(349696K)
[216.636s][info][gc,metaspace   ] GC(663) Metaspace: 119226K(124864K)->119226K(124864K) NonClass: 101212K(104256K)->101212K(104256K) Class: 18014K(20608K)->18014K(20608K)
[216.636s][info][gc             ] GC(663) Pause Full (Ergonomics) 396M->382M(455M) 42.413ms
[216.636s][info][gc,cpu         ] GC(663) User=0.17s Sys=0.00s Real=0.03s
[216.638s][info][gc,start       ] GC(664) Pause Full (Ergonomics)
[216.639s][info][gc,phases,start] GC(664) Marking Phase
[216.667s][info][gc,phases      ] GC(664) Marking Phase 28.900ms
[216.667s][info][gc,phases,start] GC(664) Summary Phase
[216.667s][info][gc,phases      ] GC(664) Summary Phase 0.018ms
[216.667s][info][gc,phases,start] GC(664) Adjust Roots
[216.670s][info][gc,phases      ] GC(664) Adjust Roots 2.887ms
[216.670s][info][gc,phases,start] GC(664) Compaction Phase
[216.678s][info][gc,phases      ] GC(664) Compaction Phase 7.852ms
[216.678s][info][gc,phases,start] GC(664) Post Compact
[216.681s][info][gc,phases      ] GC(664) Post Compact 2.484ms
[216.681s][info][gc,heap        ] GC(664) PSYoungGen: 56211K(116736K)->44481K(116736K) Eden: 56211K(58880K)->44481K(58880K) From: 0K(57856K)->0K(57856K)
[216.681s][info][gc,heap        ] GC(664) ParOldGen: 347013K(349696K)->347013K(349696K)
[216.681s][info][gc,metaspace   ] GC(664) Metaspace: 119226K(124864K)->119226K(124864K) NonClass: 101212K(104256K)->101212K(104256K) Class: 18014K(20608K)->18014K(20608K)
[216.681s][info][gc             ] GC(664) Pause Full (Ergonomics) 393M->382M(455M) 42.540ms
[216.681s][info][gc,cpu         ] GC(664) User=0.31s Sys=0.00s Real=0.03s
[216.683s][info][gc,start       ] GC(665) Pause Full (Ergonomics)
[216.683s][info][gc,phases,start] GC(665) Marking Phase
[216.714s][info][gc,phases      ] GC(665) Marking Phase 30.680ms
[216.714s][info][gc,phases,start] GC(665) Summary Phase
[216.714s][info][gc,phases      ] GC(665) Summary Phase 0.019ms
[216.714s][info][gc,phases,start] GC(665) Adjust Roots
[216.717s][info][gc,phases      ] GC(665) Adjust Roots 3.229ms
[216.717s][info][gc,phases,start] GC(665) Compaction Phase
[216.723s][info][gc,phases      ] GC(665) Compaction Phase 6.550ms
[216.724s][info][gc,phases,start] GC(665) Post Compact
[216.726s][info][gc,phases      ] GC(665) Post Compact 2.056ms
[216.726s][info][gc,heap        ] GC(665) PSYoungGen: 57061K(116736K)->50737K(116736K) Eden: 57061K(58880K)->50737K(58880K) From: 0K(57856K)->0K(57856K)
[216.726s][info][gc,heap        ] GC(665) ParOldGen: 347013K(349696K)->347013K(349696K)
[216.726s][info][gc,metaspace   ] GC(665) Metaspace: 119226K(124864K)->119226K(124864K) NonClass: 101212K(104256K)->101212K(104256K) Class: 18014K(20608K)->18014K(20608K)
[216.726s][info][gc             ] GC(665) Pause Full (Ergonomics) 394M->388M(455M) 42.827ms
[216.726s][info][gc,cpu         ] GC(665) User=0.17s Sys=0.00s Real=0.03s
[216.742s][info][gc,start       ] GC(666) Pause Full (Ergonomics)
[216.742s][info][gc,phases,start] GC(666) Marking Phase
[216.773s][info][gc,phases      ] GC(666) Marking Phase 30.817ms
[216.773s][info][gc,phases,start] GC(666) Summary Phase
[216.773s][info][gc,phases      ] GC(666) Summary Phase 0.017ms
[216.773s][info][gc,phases,start] GC(666) Adjust Roots
[216.777s][info][gc,phases      ] GC(666) Adjust Roots 3.787ms
[216.777s][info][gc,phases,start] GC(666) Compaction Phase
[216.791s][info][gc,phases      ] GC(666) Compaction Phase 14.606ms
[216.791s][info][gc,phases,start] GC(666) Post Compact
[216.793s][info][gc,phases      ] GC(666) Post Compact 2.135ms
[216.793s][info][gc,heap        ] GC(666) PSYoungGen: 58880K(116736K)->56996K(116736K) Eden: 58880K(58880K)->56996K(58880K) From: 0K(57856K)->0K(57856K)
[216.793s][info][gc,heap        ] GC(666) ParOldGen: 347013K(349696K)->347013K(349696K)
[216.794s][info][gc,metaspace   ] GC(666) Metaspace: 119226K(124864K)->119226K(124864K) NonClass: 101212K(104256K)->101212K(104256K) Class: 18014K(20608K)->18014K(20608K)
[216.794s][info][gc             ] GC(666) Pause Full (Ergonomics) 396M->394M(455M) 51.673ms
[216.794s][info][gc,cpu         ] GC(666) User=0.33s Sys=0.00s Real=0.05s
[216.795s][info][gc,start       ] GC(667) Pause Full (Ergonomics)
[216.795s][info][gc,phases,start] GC(667) Marking Phase
[216.831s][info][gc,phases      ] GC(667) Marking Phase 35.908ms
[216.831s][info][gc,phases,start] GC(667) Summary Phase
[216.831s][info][gc,phases      ] GC(667) Summary Phase 0.044ms
[216.831s][info][gc,phases,start] GC(667) Adjust Roots
[216.834s][info][gc,phases      ] GC(667) Adjust Roots 3.017ms
[216.834s][info][gc,phases,start] GC(667) Compaction Phase
[216.848s][info][gc,phases      ] GC(667) Compaction Phase 13.923ms
[216.848s][info][gc,phases,start] GC(667) Post Compact
[216.851s][info][gc,phases      ] GC(667) Post Compact 2.613ms
[216.851s][info][gc,heap        ] GC(667) PSYoungGen: 58879K(116736K)->53863K(116736K) Eden: 58879K(58880K)->53863K(58880K) From: 0K(57856K)->0K(57856K)
[216.851s][info][gc,heap        ] GC(667) ParOldGen: 347013K(349696K)->347013K(349696K)
[216.851s][info][gc,metaspace   ] GC(667) Metaspace: 119226K(124864K)->119226K(124864K) NonClass: 101212K(104256K)->101212K(104256K) Class: 18014K(20608K)->18014K(20608K)
[216.851s][info][gc             ] GC(667) Pause Full (Ergonomics) 396M->391M(455M) 55.896ms
[216.851s][info][gc,cpu         ] GC(667) User=0.48s Sys=0.00s Real=0.05s
[216.853s][info][gc,start       ] GC(668) Pause Full (Ergonomics)
[216.853s][info][gc,phases,start] GC(668) Marking Phase
[216.881s][info][gc,phases      ] GC(668) Marking Phase 28.142ms
[216.881s][info][gc,phases,start] GC(668) Summary Phase
[216.881s][info][gc,phases      ] GC(668) Summary Phase 0.019ms
[216.881s][info][gc,phases,start] GC(668) Adjust Roots
[216.884s][info][gc,phases      ] GC(668) Adjust Roots 3.015ms
[216.884s][info][gc,phases,start] GC(668) Compaction Phase
[216.900s][info][gc,phases      ] GC(668) Compaction Phase 16.002ms
[216.900s][info][gc,phases,start] GC(668) Post Compact
[216.902s][info][gc,phases      ] GC(668) Post Compact 2.079ms
[216.902s][info][gc,heap        ] GC(668) PSYoungGen: 58880K(116736K)->50734K(116736K) Eden: 58880K(58880K)->50734K(58880K) From: 0K(57856K)->0K(57856K)
[216.902s][info][gc,heap        ] GC(668) ParOldGen: 347013K(349696K)->347038K(349696K)
[216.902s][info][gc,metaspace   ] GC(668) Metaspace: 119226K(124864K)->119226K(124864K) NonClass: 101212K(104256K)->101212K(104256K) Class: 18014K(20608K)->18014K(20608K)
[216.902s][info][gc             ] GC(668) Pause Full (Ergonomics) 396M->388M(455M) 49.513ms
[216.902s][info][gc,cpu         ] GC(668) User=0.19s Sys=0.00s Real=0.05s
[216.905s][info][gc,start       ] GC(669) Pause Full (Ergonomics)
[216.905s][info][gc,phases,start] GC(669) Marking Phase
[216.935s][info][gc,phases      ] GC(669) Marking Phase 29.965ms
[216.935s][info][gc,phases,start] GC(669) Summary Phase
[216.936s][info][gc,phases      ] GC(669) Summary Phase 0.024ms
[216.936s][info][gc,phases,start] GC(669) Adjust Roots
[216.938s][info][gc,phases      ] GC(669) Adjust Roots 2.810ms
[216.938s][info][gc,phases,start] GC(669) Compaction Phase
[216.946s][info][gc,phases      ] GC(669) Compaction Phase 7.719ms
[216.946s][info][gc,phases,start] GC(669) Post Compact
[216.948s][info][gc,phases      ] GC(669) Post Compact 2.218ms
[216.948s][info][gc,heap        ] GC(669) PSYoungGen: 58879K(116736K)->50880K(116736K) Eden: 58879K(58880K)->50880K(58880K) From: 0K(57856K)->0K(57856K)
[216.948s][info][gc,heap        ] GC(669) ParOldGen: 347038K(349696K)->347038K(349696K)
[216.948s][info][gc,metaspace   ] GC(669) Metaspace: 119226K(124864K)->119226K(124864K) NonClass: 101212K(104256K)->101212K(104256K) Class: 18014K(20608K)->18014K(20608K)
[216.948s][info][gc             ] GC(669) Pause Full (Ergonomics) 396M->388M(455M) 43.016ms
[216.948s][info][gc,cpu         ] GC(669) User=0.22s Sys=0.00s Real=0.03s
[216.951s][info][gc,start       ] GC(670) Pause Full (Ergonomics)
[216.951s][info][gc,phases,start] GC(670) Marking Phase
[216.978s][info][gc,phases      ] GC(670) Marking Phase 27.364ms
[216.978s][info][gc,phases,start] GC(670) Summary Phase
[216.978s][info][gc,phases      ] GC(670) Summary Phase 0.017ms
[216.979s][info][gc,phases,start] GC(670) Adjust Roots
[216.981s][info][gc,phases      ] GC(670) Adjust Roots 2.924ms
[216.981s][info][gc,phases,start] GC(670) Compaction Phase
[216.995s][info][gc,phases      ] GC(670) Compaction Phase 13.522ms
[216.995s][info][gc,phases,start] GC(670) Post Compact
[216.998s][info][gc,phases      ] GC(670) Post Compact 2.507ms
[216.998s][info][gc,heap        ] GC(670) PSYoungGen: 58880K(116736K)->50867K(116736K) Eden: 58880K(58880K)->50867K(58880K) From: 0K(57856K)->0K(57856K)
[216.998s][info][gc,heap        ] GC(670) ParOldGen: 347038K(349696K)->347038K(349696K)
[216.998s][info][gc,metaspace   ] GC(670) Metaspace: 119226K(124864K)->119226K(124864K) NonClass: 101212K(104256K)->101212K(104256K) Class: 18014K(20608K)->18014K(20608K)
[216.998s][info][gc             ] GC(670) Pause Full (Ergonomics) 396M->388M(455M) 46.741ms
[216.998s][info][gc,cpu         ] GC(670) User=0.19s Sys=0.00s Real=0.05s
[217.001s][info][gc,start       ] GC(671) Pause Full (Ergonomics)
[217.001s][info][gc,phases,start] GC(671) Marking Phase
[217.032s][info][gc,phases      ] GC(671) Marking Phase 31.377ms
[217.032s][info][gc,phases,start] GC(671) Summary Phase
[217.032s][info][gc,phases      ] GC(671) Summary Phase 0.019ms
[217.032s][info][gc,phases,start] GC(671) Adjust Roots
[217.035s][info][gc,phases      ] GC(671) Adjust Roots 3.110ms
[217.035s][info][gc,phases,start] GC(671) Compaction Phase
[217.045s][info][gc,phases      ] GC(671) Compaction Phase 9.396ms
[217.045s][info][gc,phases,start] GC(671) Post Compact
[217.047s][info][gc,phases      ] GC(671) Post Compact 2.515ms
[217.047s][info][gc,heap        ] GC(671) PSYoungGen: 58879K(116736K)->51001K(116736K) Eden: 58879K(58880K)->51001K(58880K) From: 0K(57856K)->0K(57856K)
[217.047s][info][gc,heap        ] GC(671) ParOldGen: 347038K(349696K)->347038K(349696K)
[217.047s][info][gc,metaspace   ] GC(671) Metaspace: 119226K(124864K)->119226K(124864K) NonClass: 101212K(104256K)->101212K(104256K) Class: 18014K(20608K)->18014K(20608K)
[217.048s][info][gc             ] GC(671) Pause Full (Ergonomics) 396M->388M(455M) 46.814ms
[217.048s][info][gc,cpu         ] GC(671) User=0.23s Sys=0.00s Real=0.05s
[217.050s][info][gc,start       ] GC(672) Pause Full (Ergonomics)
[217.050s][info][gc,phases,start] GC(672) Marking Phase
[217.078s][info][gc,phases      ] GC(672) Marking Phase 27.639ms
[217.078s][info][gc,phases,start] GC(672) Summary Phase
[217.078s][info][gc,phases      ] GC(672) Summary Phase 0.021ms
[217.078s][info][gc,phases,start] GC(672) Adjust Roots
[217.081s][info][gc,phases      ] GC(672) Adjust Roots 2.937ms
[217.081s][info][gc,phases,start] GC(672) Compaction Phase
[217.097s][info][gc,phases      ] GC(672) Compaction Phase 15.906ms
[217.097s][info][gc,phases,start] GC(672) Post Compact
[217.099s][info][gc,phases      ] GC(672) Post Compact 2.228ms
[217.099s][info][gc,heap        ] GC(672) PSYoungGen: 58879K(116736K)->51076K(116736K) Eden: 58879K(58880K)->51076K(58880K) From: 0K(57856K)->0K(57856K)
[217.099s][info][gc,heap        ] GC(672) ParOldGen: 347038K(349696K)->347038K(349696K)
[217.099s][info][gc,metaspace   ] GC(672) Metaspace: 119226K(124864K)->119226K(124864K) NonClass: 101212K(104256K)->101212K(104256K) Class: 18014K(20608K)->18014K(20608K)
[217.099s][info][gc             ] GC(672) Pause Full (Ergonomics) 396M->388M(455M) 49.038ms
[217.099s][info][gc,cpu         ] GC(672) User=0.19s Sys=0.00s Real=0.05s
[217.102s][info][gc,start       ] GC(673) Pause Full (Ergonomics)
[217.102s][info][gc,phases,start] GC(673) Marking Phase
[217.133s][info][gc,phases      ] GC(673) Marking Phase 30.695ms
[217.133s][info][gc,phases,start] GC(673) Summary Phase
[217.133s][info][gc,phases      ] GC(673) Summary Phase 0.019ms
[217.133s][info][gc,phases,start] GC(673) Adjust Roots
[217.137s][info][gc,phases      ] GC(673) Adjust Roots 3.651ms
[217.137s][info][gc,phases,start] GC(673) Compaction Phase
[217.154s][info][gc,phases      ] GC(673) Compaction Phase 17.160ms
[217.154s][info][gc,phases,start] GC(673) Post Compact
[217.156s][info][gc,phases      ] GC(673) Post Compact 2.481ms
[217.156s][info][gc,heap        ] GC(673) PSYoungGen: 58880K(116736K)->51126K(116736K) Eden: 58880K(58880K)->51126K(58880K) From: 0K(57856K)->0K(57856K)
[217.156s][info][gc,heap        ] GC(673) ParOldGen: 347038K(349696K)->347038K(349696K)
[217.156s][info][gc,metaspace   ] GC(673) Metaspace: 119226K(124864K)->119226K(124864K) NonClass: 101212K(104256K)->101212K(104256K) Class: 18014K(20608K)->18014K(20608K)
[217.156s][info][gc             ] GC(673) Pause Full (Ergonomics) 396M->388M(455M) 54.512ms
[217.157s][info][gc,cpu         ] GC(673) User=0.39s Sys=0.00s Real=0.05s
[217.160s][info][gc,start       ] GC(674) Pause Full (Ergonomics)
[217.160s][info][gc,phases,start] GC(674) Marking Phase
[217.193s][info][gc,phases      ] GC(674) Marking Phase 32.959ms
[217.193s][info][gc,phases,start] GC(674) Summary Phase
[217.193s][info][gc,phases      ] GC(674) Summary Phase 0.018ms
[217.193s][info][gc,phases,start] GC(674) Adjust Roots
[217.196s][info][gc,phases      ] GC(674) Adjust Roots 3.229ms
[217.196s][info][gc,phases,start] GC(674) Compaction Phase
[217.217s][info][gc,phases      ] GC(674) Compaction Phase 21.299ms
[217.217s][info][gc,phases,start] GC(674) Post Compact
[217.220s][info][gc,phases      ] GC(674) Post Compact 2.440ms
[217.220s][info][gc,heap        ] GC(674) PSYoungGen: 58880K(116736K)->51142K(116736K) Eden: 58880K(58880K)->51142K(58880K) From: 0K(57856K)->0K(57856K)
[217.220s][info][gc,heap        ] GC(674) ParOldGen: 347038K(349696K)->347038K(349696K)
[217.220s][info][gc,metaspace   ] GC(674) Metaspace: 119227K(124864K)->119227K(124864K) NonClass: 101213K(104256K)->101213K(104256K) Class: 18014K(20608K)->18014K(20608K)
[217.220s][info][gc             ] GC(674) Pause Full (Ergonomics) 396M->388M(455M) 60.289ms
[217.220s][info][gc,cpu         ] GC(674) User=0.34s Sys=0.00s Real=0.06s
[217.222s][info][gc,start       ] GC(675) Pause Full (Ergonomics)
[217.222s][info][gc,phases,start] GC(675) Marking Phase
[217.248s][info][gc,phases      ] GC(675) Marking Phase 25.407ms
[217.248s][info][gc,phases,start] GC(675) Summary Phase
[217.248s][info][gc,phases      ] GC(675) Summary Phase 0.021ms
[217.248s][info][gc,phases,start] GC(675) Adjust Roots
[217.251s][info][gc,phases      ] GC(675) Adjust Roots 2.884ms
[217.251s][info][gc,phases,start] GC(675) Compaction Phase
[217.265s][info][gc,phases      ] GC(675) Compaction Phase 14.309ms
[217.265s][info][gc,phases,start] GC(675) Post Compact
[217.267s][info][gc,phases      ] GC(675) Post Compact 2.272ms
[217.267s][info][gc,heap        ] GC(675) PSYoungGen: 58880K(116736K)->51151K(116736K) Eden: 58880K(58880K)->51151K(58880K) From: 0K(57856K)->0K(57856K)
[217.267s][info][gc,heap        ] GC(675) ParOldGen: 347038K(349696K)->347038K(349696K)
[217.267s][info][gc,metaspace   ] GC(675) Metaspace: 119231K(124864K)->119231K(124864K) NonClass: 101216K(104256K)->101216K(104256K) Class: 18014K(20608K)->18014K(20608K)
[217.267s][info][gc             ] GC(675) Pause Full (Ergonomics) 396M->388M(455M) 45.217ms
[217.267s][info][gc,cpu         ] GC(675) User=0.19s Sys=0.00s Real=0.05s
[217.270s][info][gc,start       ] GC(676) Pause Full (Ergonomics)
[217.270s][info][gc,phases,start] GC(676) Marking Phase
[217.303s][info][gc,phases      ] GC(676) Marking Phase 32.159ms
[217.303s][info][gc,phases,start] GC(676) Summary Phase
[217.303s][info][gc,phases      ] GC(676) Summary Phase 0.044ms
[217.303s][info][gc,phases,start] GC(676) Adjust Roots
[217.306s][info][gc,phases      ] GC(676) Adjust Roots 3.124ms
[217.306s][info][gc,phases,start] GC(676) Compaction Phase
[217.320s][info][gc,phases      ] GC(676) Compaction Phase 13.749ms
[217.320s][info][gc,phases,start] GC(676) Post Compact
[217.322s][info][gc,phases      ] GC(676) Post Compact 1.966ms
[217.322s][info][gc,heap        ] GC(676) PSYoungGen: 58879K(116736K)->51214K(116736K) Eden: 58879K(58880K)->51214K(58880K) From: 0K(57856K)->0K(57856K)
[217.322s][info][gc,heap        ] GC(676) ParOldGen: 347038K(349696K)->347038K(349696K)
[217.322s][info][gc,metaspace   ] GC(676) Metaspace: 119248K(124864K)->119248K(124864K) NonClass: 101232K(104256K)->101232K(104256K) Class: 18016K(20608K)->18016K(20608K)
[217.322s][info][gc             ] GC(676) Pause Full (Ergonomics) 396M->388M(455M) 51.368ms
[217.322s][info][gc,cpu         ] GC(676) User=0.20s Sys=0.00s Real=0.05s
[217.330s][info][gc,start       ] GC(677) Pause Full (Ergonomics)
[217.331s][info][gc,phases,start] GC(677) Marking Phase
[217.366s][info][gc,phases      ] GC(677) Marking Phase 35.282ms
[217.366s][info][gc,phases,start] GC(677) Summary Phase
[217.366s][info][gc,phases      ] GC(677) Summary Phase 0.020ms
[217.366s][info][gc,phases,start] GC(677) Adjust Roots
[217.369s][info][gc,phases      ] GC(677) Adjust Roots 3.453ms
[217.369s][info][gc,phases,start] GC(677) Compaction Phase
[217.378s][info][gc,phases      ] GC(677) Compaction Phase 8.111ms
[217.378s][info][gc,phases,start] GC(677) Post Compact
[217.380s][info][gc,phases      ] GC(677) Post Compact 2.539ms
[217.380s][info][gc,heap        ] GC(677) PSYoungGen: 58880K(116736K)->57416K(116736K) Eden: 58880K(58880K)->57416K(58880K) From: 0K(57856K)->0K(57856K)
[217.380s][info][gc,heap        ] GC(677) ParOldGen: 347038K(349696K)->347038K(349696K)
[217.380s][info][gc,metaspace   ] GC(677) Metaspace: 119251K(124864K)->119251K(124864K) NonClass: 101235K(104256K)->101235K(104256K) Class: 18016K(20608K)->18016K(20608K)
[217.380s][info][gc             ] GC(677) Pause Full (Ergonomics) 396M->394M(455M) 49.823ms
[217.380s][info][gc,cpu         ] GC(677) User=0.20s Sys=0.00s Real=0.05s
[217.382s][info][gc,start       ] GC(678) Pause Full (Ergonomics)
[217.382s][info][gc,phases,start] GC(678) Marking Phase
[217.414s][info][gc,phases      ] GC(678) Marking Phase 32.246ms
[217.414s][info][gc,phases,start] GC(678) Summary Phase
[217.414s][info][gc,phases      ] GC(678) Summary Phase 0.020ms
[217.414s][info][gc,phases,start] GC(678) Adjust Roots
[217.417s][info][gc,phases      ] GC(678) Adjust Roots 3.097ms
[217.417s][info][gc,phases,start] GC(678) Compaction Phase
[217.427s][info][gc,phases      ] GC(678) Compaction Phase 9.675ms
[217.427s][info][gc,phases,start] GC(678) Post Compact
[217.429s][info][gc,phases      ] GC(678) Post Compact 2.170ms
[217.429s][info][gc,heap        ] GC(678) PSYoungGen: 58879K(116736K)->57412K(116736K) Eden: 58879K(58880K)->57412K(58880K) From: 0K(57856K)->0K(57856K)
[217.429s][info][gc,heap        ] GC(678) ParOldGen: 347038K(349696K)->347038K(349696K)
[217.429s][info][gc,metaspace   ] GC(678) Metaspace: 119251K(124864K)->119251K(124864K) NonClass: 101235K(104256K)->101235K(104256K) Class: 18016K(20608K)->18016K(20608K)
[217.429s][info][gc             ] GC(678) Pause Full (Ergonomics) 396M->394M(455M) 47.479ms
[217.429s][info][gc,cpu         ] GC(678) User=0.19s Sys=0.00s Real=0.05s
[217.430s][info][gc,start       ] GC(679) Pause Full (Ergonomics)
[217.430s][info][gc,phases,start] GC(679) Marking Phase
[217.467s][info][gc,phases      ] GC(679) Marking Phase 37.152ms
[217.467s][info][gc,phases,start] GC(679) Summary Phase
[217.467s][info][gc,phases      ] GC(679) Summary Phase 0.037ms
[217.467s][info][gc,phases,start] GC(679) Adjust Roots
[217.471s][info][gc,phases      ] GC(679) Adjust Roots 3.596ms
[217.471s][info][gc,phases,start] GC(679) Compaction Phase
[217.482s][info][gc,phases      ] GC(679) Compaction Phase 11.532ms
[217.482s][info][gc,phases,start] GC(679) Post Compact
[217.485s][info][gc,phases      ] GC(679) Post Compact 2.613ms
[217.485s][info][gc,heap        ] GC(679) PSYoungGen: 58880K(116736K)->54105K(116736K) Eden: 58880K(58880K)->54105K(58880K) From: 0K(57856K)->0K(57856K)
[217.485s][info][gc,heap        ] GC(679) ParOldGen: 347038K(349696K)->347198K(349696K)
[217.485s][info][gc,metaspace   ] GC(679) Metaspace: 119251K(124864K)->119251K(124864K) NonClass: 101235K(104256K)->101235K(104256K) Class: 18016K(20608K)->18016K(20608K)
[217.485s][info][gc             ] GC(679) Pause Full (Ergonomics) 396M->391M(455M) 55.311ms
[217.485s][info][gc,cpu         ] GC(679) User=0.23s Sys=0.00s Real=0.05s
[217.488s][info][gc,start       ] GC(680) Pause Full (Ergonomics)
[217.488s][info][gc,phases,start] GC(680) Marking Phase
[217.518s][info][gc,phases      ] GC(680) Marking Phase 30.700ms
[217.518s][info][gc,phases,start] GC(680) Summary Phase
[217.518s][info][gc,phases      ] GC(680) Summary Phase 0.019ms
[217.518s][info][gc,phases,start] GC(680) Adjust Roots
[217.521s][info][gc,phases      ] GC(680) Adjust Roots 2.901ms
[217.521s][info][gc,phases,start] GC(680) Compaction Phase
[217.538s][info][gc,phases      ] GC(680) Compaction Phase 16.344ms
[217.538s][info][gc,phases,start] GC(680) Post Compact
[217.540s][info][gc,phases      ] GC(680) Post Compact 2.152ms
[217.540s][info][gc,heap        ] GC(680) PSYoungGen: 58879K(116736K)->54142K(116736K) Eden: 58879K(58880K)->54142K(58880K) From: 0K(57856K)->0K(57856K)
[217.540s][info][gc,heap        ] GC(680) ParOldGen: 347198K(349696K)->347198K(349696K)
[217.540s][info][gc,metaspace   ] GC(680) Metaspace: 119251K(124864K)->119251K(124864K) NonClass: 101235K(104256K)->101235K(104256K) Class: 18016K(20608K)->18016K(20608K)
[217.540s][info][gc             ] GC(680) Pause Full (Ergonomics) 396M->391M(455M) 52.406ms
[217.540s][info][gc,cpu         ] GC(680) User=0.44s Sys=0.00s Real=0.06s
[217.542s][info][gc,start       ] GC(681) Pause Full (Ergonomics)
[217.542s][info][gc,phases,start] GC(681) Marking Phase
[217.574s][info][gc,phases      ] GC(681) Marking Phase 31.543ms
[217.574s][info][gc,phases,start] GC(681) Summary Phase
[217.574s][info][gc,phases      ] GC(681) Summary Phase 0.019ms
[217.574s][info][gc,phases,start] GC(681) Adjust Roots
[217.576s][info][gc,phases      ] GC(681) Adjust Roots 2.833ms
[217.576s][info][gc,phases,start] GC(681) Compaction Phase
[217.586s][info][gc,phases      ] GC(681) Compaction Phase 9.769ms
[217.586s][info][gc,phases,start] GC(681) Post Compact
[217.588s][info][gc,phases      ] GC(681) Post Compact 2.068ms
[217.588s][info][gc,heap        ] GC(681) PSYoungGen: 58880K(116736K)->54094K(116736K) Eden: 58880K(58880K)->54094K(58880K) From: 0K(57856K)->0K(57856K)
[217.588s][info][gc,heap        ] GC(681) ParOldGen: 347198K(349696K)->347198K(349696K)
[217.588s][info][gc,metaspace   ] GC(681) Metaspace: 119259K(124864K)->119259K(124864K) NonClass: 101242K(104256K)->101242K(104256K) Class: 18017K(20608K)->18017K(20608K)
[217.588s][info][gc             ] GC(681) Pause Full (Ergonomics) 396M->391M(455M) 46.489ms
[217.588s][info][gc,cpu         ] GC(681) User=0.20s Sys=0.00s Real=0.05s
[217.590s][info][gc,start       ] GC(682) Pause Full (Ergonomics)
[217.590s][info][gc,phases,start] GC(682) Marking Phase
[217.616s][info][gc,phases      ] GC(682) Marking Phase 25.381ms
[217.616s][info][gc,phases,start] GC(682) Summary Phase
[217.616s][info][gc,phases      ] GC(682) Summary Phase 0.018ms
[217.616s][info][gc,phases,start] GC(682) Adjust Roots
[217.619s][info][gc,phases      ] GC(682) Adjust Roots 3.177ms
[217.619s][info][gc,phases,start] GC(682) Compaction Phase
[217.636s][info][gc,phases      ] GC(682) Compaction Phase 17.147ms
[217.636s][info][gc,phases,start] GC(682) Post Compact
[217.638s][info][gc,phases      ] GC(682) Post Compact 2.121ms
[217.638s][info][gc,heap        ] GC(682) PSYoungGen: 58879K(116736K)->54101K(116736K) Eden: 58879K(58880K)->54101K(58880K) From: 0K(57856K)->0K(57856K)
[217.638s][info][gc,heap        ] GC(682) ParOldGen: 347198K(349696K)->347198K(349696K)
[217.638s][info][gc,metaspace   ] GC(682) Metaspace: 119259K(124864K)->119259K(124864K) NonClass: 101242K(104256K)->101242K(104256K) Class: 18017K(20608K)->18017K(20608K)
[217.638s][info][gc             ] GC(682) Pause Full (Ergonomics) 396M->391M(455M) 48.114ms
[217.638s][info][gc,cpu         ] GC(682) User=0.33s Sys=0.00s Real=0.05s
[217.641s][info][gc,start       ] GC(683) Pause Full (Ergonomics)
[217.641s][info][gc,phases,start] GC(683) Marking Phase
[217.672s][info][gc,phases      ] GC(683) Marking Phase 31.463ms
[217.672s][info][gc,phases,start] GC(683) Summary Phase
[217.672s][info][gc,phases      ] GC(683) Summary Phase 0.018ms
[217.672s][info][gc,phases,start] GC(683) Adjust Roots
[217.675s][info][gc,phases      ] GC(683) Adjust Roots 2.875ms
[217.675s][info][gc,phases,start] GC(683) Compaction Phase
[217.690s][info][gc,phases      ] GC(683) Compaction Phase 15.359ms
[217.691s][info][gc,phases,start] GC(683) Post Compact
[217.693s][info][gc,phases      ] GC(683) Post Compact 2.522ms
[217.693s][info][gc,heap        ] GC(683) PSYoungGen: 58880K(116736K)->54165K(116736K) Eden: 58880K(58880K)->54165K(58880K) From: 0K(57856K)->0K(57856K)
[217.693s][info][gc,heap        ] GC(683) ParOldGen: 347198K(349696K)->347198K(349696K)
[217.693s][info][gc,metaspace   ] GC(683) Metaspace: 119259K(124864K)->119259K(124864K) NonClass: 101242K(104256K)->101242K(104256K) Class: 18017K(20608K)->18017K(20608K)
[217.693s][info][gc             ] GC(683) Pause Full (Ergonomics) 396M->391M(455M) 52.627ms
[217.693s][info][gc,cpu         ] GC(683) User=0.20s Sys=0.00s Real=0.05s
[217.695s][info][gc,start       ] GC(684) Pause Full (Ergonomics)
[217.695s][info][gc,phases,start] GC(684) Marking Phase
[217.726s][info][gc,phases      ] GC(684) Marking Phase 31.107ms
[217.726s][info][gc,phases,start] GC(684) Summary Phase
[217.726s][info][gc,phases      ] GC(684) Summary Phase 0.019ms
[217.726s][info][gc,phases,start] GC(684) Adjust Roots
[217.730s][info][gc,phases      ] GC(684) Adjust Roots 3.876ms
[217.730s][info][gc,phases,start] GC(684) Compaction Phase
[217.750s][info][gc,phases      ] GC(684) Compaction Phase 19.811ms
[217.750s][info][gc,phases,start] GC(684) Post Compact
[217.753s][info][gc,phases      ] GC(684) Post Compact 2.551ms
[217.753s][info][gc,heap        ] GC(684) PSYoungGen: 58879K(116736K)->54103K(116736K) Eden: 58879K(58880K)->54103K(58880K) From: 0K(57856K)->0K(57856K)
[217.753s][info][gc,heap        ] GC(684) ParOldGen: 347198K(349696K)->347186K(349696K)
[217.753s][info][gc,metaspace   ] GC(684) Metaspace: 119265K(124864K)->119265K(124864K) NonClass: 101248K(104256K)->101248K(104256K) Class: 18017K(20608K)->18017K(20608K)
[217.753s][info][gc             ] GC(684) Pause Full (Ergonomics) 396M->391M(455M) 57.769ms
[217.753s][info][gc,cpu         ] GC(684) User=0.33s Sys=0.00s Real=0.05s
[217.755s][info][gc,start       ] GC(685) Pause Full (Ergonomics)
[217.755s][info][gc,phases,start] GC(685) Marking Phase
[217.781s][info][gc,phases      ] GC(685) Marking Phase 26.441ms
[217.781s][info][gc,phases,start] GC(685) Summary Phase
[217.781s][info][gc,phases      ] GC(685) Summary Phase 0.024ms
[217.781s][info][gc,phases,start] GC(685) Adjust Roots
[217.784s][info][gc,phases      ] GC(685) Adjust Roots 2.841ms
[217.784s][info][gc,phases,start] GC(685) Compaction Phase
[217.799s][info][gc,phases      ] GC(685) Compaction Phase 15.032ms
[217.799s][info][gc,phases,start] GC(685) Post Compact
[217.802s][info][gc,phases      ] GC(685) Post Compact 2.479ms
[217.802s][info][gc,heap        ] GC(685) PSYoungGen: 58879K(116736K)->54092K(116736K) Eden: 58879K(58880K)->54092K(58880K) From: 0K(57856K)->0K(57856K)
[217.802s][info][gc,heap        ] GC(685) ParOldGen: 347186K(349696K)->347186K(349696K)
[217.802s][info][gc,metaspace   ] GC(685) Metaspace: 119265K(124864K)->119265K(124864K) NonClass: 101248K(104256K)->101248K(104256K) Class: 18017K(20608K)->18017K(20608K)
[217.802s][info][gc             ] GC(685) Pause Full (Ergonomics) 396M->391M(455M) 47.166ms
[217.802s][info][gc,cpu         ] GC(685) User=0.39s Sys=0.00s Real=0.05s
[217.804s][info][gc,start       ] GC(686) Pause Full (Ergonomics)
[217.804s][info][gc,phases,start] GC(686) Marking Phase
[217.848s][info][gc,phases      ] GC(686) Marking Phase 43.515ms
[217.848s][info][gc,phases,start] GC(686) Summary Phase
[217.848s][info][gc,phases      ] GC(686) Summary Phase 0.025ms
[217.848s][info][gc,phases,start] GC(686) Adjust Roots
[217.851s][info][gc,phases      ] GC(686) Adjust Roots 3.584ms
[217.851s][info][gc,phases,start] GC(686) Compaction Phase
[217.871s][info][gc,phases      ] GC(686) Compaction Phase 19.858ms
[217.871s][info][gc,phases,start] GC(686) Post Compact
[217.874s][info][gc,phases      ] GC(686) Post Compact 2.287ms
[217.874s][info][gc,heap        ] GC(686) PSYoungGen: 58880K(116736K)->54078K(116736K) Eden: 58880K(58880K)->54078K(58880K) From: 0K(57856K)->0K(57856K)
[217.874s][info][gc,heap        ] GC(686) ParOldGen: 347186K(349696K)->347179K(349696K)
[217.874s][info][gc,metaspace   ] GC(686) Metaspace: 119265K(124864K)->119265K(124864K) NonClass: 101248K(104256K)->101248K(104256K) Class: 18017K(20608K)->18017K(20608K)
[217.874s][info][gc             ] GC(686) Pause Full (Ergonomics) 396M->391M(455M) 69.606ms
[217.874s][info][gc,cpu         ] GC(686) User=0.50s Sys=0.00s Real=0.06s
[217.876s][info][gc,start       ] GC(687) Pause Full (Ergonomics)
[217.876s][info][gc,phases,start] GC(687) Marking Phase
[217.901s][info][gc,phases      ] GC(687) Marking Phase 24.952ms
[217.901s][info][gc,phases,start] GC(687) Summary Phase
[217.901s][info][gc,phases      ] GC(687) Summary Phase 0.019ms
[217.901s][info][gc,phases,start] GC(687) Adjust Roots
[217.904s][info][gc,phases      ] GC(687) Adjust Roots 3.359ms
[218.023s][info][gc,phases,start] GC(687) Compaction Phase
[218.050s][info][gc,phases      ] GC(687) Compaction Phase 27.695ms
[218.050s][info][gc,phases,start] GC(687) Post Compact
[218.053s][info][gc,phases      ] GC(687) Post Compact 2.784ms
[218.053s][info][gc,heap        ] GC(687) PSYoungGen: 58879K(116736K)->54126K(116736K) Eden: 58879K(58880K)->54126K(58880K) From: 0K(57856K)->0K(57856K)
[218.053s][info][gc,heap        ] GC(687) ParOldGen: 347179K(349696K)->347179K(349696K)
[218.053s][info][gc,metaspace   ] GC(687) Metaspace: 119265K(124864K)->119265K(124864K) NonClass: 101248K(104256K)->101248K(104256K) Class: 18017K(20608K)->18017K(20608K)
[218.053s][info][gc             ] GC(687) Pause Full (Ergonomics) 396M->391M(455M) 177.654ms
[218.053s][info][gc,cpu         ] GC(687) User=0.48s Sys=0.20s Real=0.18s
[218.055s][info][gc,start       ] GC(688) Pause Full (Ergonomics)
[218.055s][info][gc,phases,start] GC(688) Marking Phase
[218.081s][info][gc,phases      ] GC(688) Marking Phase 25.931ms
[218.081s][info][gc,phases,start] GC(688) Summary Phase
[218.081s][info][gc,phases      ] GC(688) Summary Phase 0.019ms
[218.081s][info][gc,phases,start] GC(688) Adjust Roots
[218.084s][info][gc,phases      ] GC(688) Adjust Roots 2.882ms
[218.084s][info][gc,phases,start] GC(688) Compaction Phase
[218.095s][info][gc,phases      ] GC(688) Compaction Phase 10.922ms
[218.095s][info][gc,phases,start] GC(688) Post Compact
[218.098s][info][gc,phases      ] GC(688) Post Compact 2.502ms
[218.098s][info][gc,heap        ] GC(688) PSYoungGen: 58879K(116736K)->54139K(116736K) Eden: 58879K(58880K)->54139K(58880K) From: 0K(57856K)->0K(57856K)
[218.098s][info][gc,heap        ] GC(688) ParOldGen: 347179K(349696K)->347179K(349696K)
[218.098s][info][gc,metaspace   ] GC(688) Metaspace: 119269K(124864K)->119269K(124864K) NonClass: 101252K(104256K)->101252K(104256K) Class: 18017K(20608K)->18017K(20608K)
[218.098s][info][gc             ] GC(688) Pause Full (Ergonomics) 396M->391M(455M) 42.649ms
[218.098s][info][gc,cpu         ] GC(688) User=0.31s Sys=0.00s Real=0.03s
[218.100s][info][gc,start       ] GC(689) Pause Full (Ergonomics)
[218.100s][info][gc,phases,start] GC(689) Marking Phase
[218.127s][info][gc,phases      ] GC(689) Marking Phase 27.266ms
[218.127s][info][gc,phases,start] GC(689) Summary Phase
[218.127s][info][gc,phases      ] GC(689) Summary Phase 0.019ms
[218.128s][info][gc,phases,start] GC(689) Adjust Roots
[218.131s][info][gc,phases      ] GC(689) Adjust Roots 3.052ms
[218.131s][info][gc,phases,start] GC(689) Compaction Phase
[218.139s][info][gc,phases      ] GC(689) Compaction Phase 8.207ms
[218.139s][info][gc,phases,start] GC(689) Post Compact
[218.141s][info][gc,phases      ] GC(689) Post Compact 2.290ms
[218.141s][info][gc,heap        ] GC(689) PSYoungGen: 58879K(116736K)->54132K(116736K) Eden: 58879K(58880K)->54132K(58880K) From: 0K(57856K)->0K(57856K)
[218.141s][info][gc,heap        ] GC(689) ParOldGen: 347179K(349696K)->347179K(349696K)
[218.141s][info][gc,metaspace   ] GC(689) Metaspace: 119269K(124864K)->119269K(124864K) NonClass: 101252K(104256K)->101252K(104256K) Class: 18017K(20608K)->18017K(20608K)
[218.141s][info][gc             ] GC(689) Pause Full (Ergonomics) 396M->391M(455M) 41.201ms
[218.141s][info][gc,cpu         ] GC(689) User=0.17s Sys=0.00s Real=0.03s
[218.143s][info][gc,start       ] GC(690) Pause Full (Ergonomics)
[218.143s][info][gc,phases,start] GC(690) Marking Phase
[218.169s][info][gc,phases      ] GC(690) Marking Phase 25.736ms
[218.169s][info][gc,phases,start] GC(690) Summary Phase
[218.169s][info][gc,phases      ] GC(690) Summary Phase 0.019ms
[218.169s][info][gc,phases,start] GC(690) Adjust Roots
[218.173s][info][gc,phases      ] GC(690) Adjust Roots 3.831ms
[218.173s][info][gc,phases,start] GC(690) Compaction Phase
[218.193s][info][gc,phases      ] GC(690) Compaction Phase 19.398ms
[218.193s][info][gc,phases,start] GC(690) Post Compact
[218.195s][info][gc,phases      ] GC(690) Post Compact 2.267ms
[218.195s][info][gc,heap        ] GC(690) PSYoungGen: 58880K(116736K)->54164K(116736K) Eden: 58880K(58880K)->54164K(58880K) From: 0K(57856K)->0K(57856K)
[218.195s][info][gc,heap        ] GC(690) ParOldGen: 347179K(349696K)->347165K(349696K)
[218.195s][info][gc,metaspace   ] GC(690) Metaspace: 119269K(124864K)->119269K(124864K) NonClass: 101252K(104256K)->101252K(104256K) Class: 18017K(20608K)->18017K(20608K)
[218.195s][info][gc             ] GC(690) Pause Full (Ergonomics) 396M->391M(455M) 51.560ms
[218.195s][info][gc,cpu         ] GC(690) User=0.61s Sys=0.02s Real=0.06s
[218.197s][info][gc,start       ] GC(691) Pause Full (Ergonomics)
[218.197s][info][gc,phases,start] GC(691) Marking Phase
[218.226s][info][gc,phases      ] GC(691) Marking Phase 29.545ms
[218.226s][info][gc,phases,start] GC(691) Summary Phase
[218.226s][info][gc,phases      ] GC(691) Summary Phase 0.045ms
[218.226s][info][gc,phases,start] GC(691) Adjust Roots
[218.229s][info][gc,phases      ] GC(691) Adjust Roots 2.955ms
[218.229s][info][gc,phases,start] GC(691) Compaction Phase
[218.238s][info][gc,phases      ] GC(691) Compaction Phase 8.314ms
[218.238s][info][gc,phases,start] GC(691) Post Compact
[218.240s][info][gc,phases      ] GC(691) Post Compact 2.421ms
[218.240s][info][gc,heap        ] GC(691) PSYoungGen: 58880K(116736K)->54157K(116736K) Eden: 58880K(58880K)->54157K(58880K) From: 0K(57856K)->0K(57856K)
[218.240s][info][gc,heap        ] GC(691) ParOldGen: 347165K(349696K)->347165K(349696K)
[218.240s][info][gc,metaspace   ] GC(691) Metaspace: 119269K(124864K)->119269K(124864K) NonClass: 101252K(104256K)->101252K(104256K) Class: 18017K(20608K)->18017K(20608K)
[218.240s][info][gc             ] GC(691) Pause Full (Ergonomics) 396M->391M(455M) 43.688ms
[218.240s][info][gc,cpu         ] GC(691) User=0.31s Sys=0.00s Real=0.03s
[218.242s][info][gc,start       ] GC(692) Pause Full (Ergonomics)
[218.242s][info][gc,phases,start] GC(692) Marking Phase
[218.268s][info][gc,phases      ] GC(692) Marking Phase 25.735ms
[218.268s][info][gc,phases,start] GC(692) Summary Phase
[218.268s][info][gc,phases      ] GC(692) Summary Phase 0.021ms
[218.268s][info][gc,phases,start] GC(692) Adjust Roots
[218.272s][info][gc,phases      ] GC(692) Adjust Roots 3.328ms
[218.272s][info][gc,phases,start] GC(692) Compaction Phase
[218.290s][info][gc,phases      ] GC(692) Compaction Phase 18.774ms
[218.290s][info][gc,phases,start] GC(692) Post Compact
[218.293s][info][gc,phases      ] GC(692) Post Compact 2.273ms
[218.293s][info][gc,heap        ] GC(692) PSYoungGen: 58879K(116736K)->54117K(116736K) Eden: 58879K(58880K)->54117K(58880K) From: 0K(57856K)->0K(57856K)
[218.293s][info][gc,heap        ] GC(692) ParOldGen: 347165K(349696K)->347165K(349696K)
[218.293s][info][gc,metaspace   ] GC(692) Metaspace: 119269K(124864K)->119269K(124864K) NonClass: 101252K(104256K)->101252K(104256K) Class: 18017K(20608K)->18017K(20608K)
[218.293s][info][gc             ] GC(692) Pause Full (Ergonomics) 396M->391M(455M) 50.446ms
[218.293s][info][gc,cpu         ] GC(692) User=0.48s Sys=0.00s Real=0.05s
[218.295s][info][gc,start       ] GC(693) Pause Full (Ergonomics)
[218.295s][info][gc,phases,start] GC(693) Marking Phase
[218.319s][info][gc,phases      ] GC(693) Marking Phase 24.438ms
[218.319s][info][gc,phases,start] GC(693) Summary Phase
[218.319s][info][gc,phases      ] GC(693) Summary Phase 0.018ms
[218.319s][info][gc,phases,start] GC(693) Adjust Roots
[218.322s][info][gc,phases      ] GC(693) Adjust Roots 3.090ms
[218.322s][info][gc,phases,start] GC(693) Compaction Phase
[218.339s][info][gc,phases      ] GC(693) Compaction Phase 16.265ms
[218.339s][info][gc,phases,start] GC(693) Post Compact
[218.341s][info][gc,phases      ] GC(693) Post Compact 2.341ms
[218.341s][info][gc,heap        ] GC(693) PSYoungGen: 58880K(116736K)->54172K(116736K) Eden: 58880K(58880K)->54172K(58880K) From: 0K(57856K)->0K(57856K)
[218.341s][info][gc,heap        ] GC(693) ParOldGen: 347165K(349696K)->347165K(349696K)
[218.341s][info][gc,metaspace   ] GC(693) Metaspace: 119269K(124864K)->119269K(124864K) NonClass: 101252K(104256K)->101252K(104256K) Class: 18017K(20608K)->18017K(20608K)
[218.341s][info][gc             ] GC(693) Pause Full (Ergonomics) 396M->391M(455M) 46.508ms
[218.341s][info][gc,cpu         ] GC(693) User=0.28s Sys=0.00s Real=0.05s
[218.343s][info][gc,start       ] GC(694) Pause Full (Ergonomics)
[218.343s][info][gc,phases,start] GC(694) Marking Phase
[218.371s][info][gc,phases      ] GC(694) Marking Phase 27.405ms
[218.371s][info][gc,phases,start] GC(694) Summary Phase
[218.371s][info][gc,phases      ] GC(694) Summary Phase 0.017ms
[218.371s][info][gc,phases,start] GC(694) Adjust Roots
[218.375s][info][gc,phases      ] GC(694) Adjust Roots 3.558ms
[218.375s][info][gc,phases,start] GC(694) Compaction Phase
[218.394s][info][gc,phases      ] GC(694) Compaction Phase 19.602ms
[218.394s][info][gc,phases,start] GC(694) Post Compact
[218.396s][info][gc,phases      ] GC(694) Post Compact 2.102ms
[218.396s][info][gc,heap        ] GC(694) PSYoungGen: 58880K(116736K)->54163K(116736K) Eden: 58880K(58880K)->54163K(58880K) From: 0K(57856K)->0K(57856K)
[218.396s][info][gc,heap        ] GC(694) ParOldGen: 347165K(349696K)->347165K(349696K)
[218.396s][info][gc,metaspace   ] GC(694) Metaspace: 119269K(124864K)->119269K(124864K) NonClass: 101252K(104256K)->101252K(104256K) Class: 18017K(20608K)->18017K(20608K)
[218.396s][info][gc             ] GC(694) Pause Full (Ergonomics) 396M->391M(455M) 52.994ms
[218.396s][info][gc,cpu         ] GC(694) User=0.33s Sys=0.00s Real=0.05s
[218.398s][info][gc,start       ] GC(695) Pause Full (Ergonomics)
[218.398s][info][gc,phases,start] GC(695) Marking Phase
[218.429s][info][gc,phases      ] GC(695) Marking Phase 30.919ms
[218.429s][info][gc,phases,start] GC(695) Summary Phase
[218.429s][info][gc,phases      ] GC(695) Summary Phase 0.045ms
[218.429s][info][gc,phases,start] GC(695) Adjust Roots
[218.433s][info][gc,phases      ] GC(695) Adjust Roots 3.850ms
[218.433s][info][gc,phases,start] GC(695) Compaction Phase
[218.455s][info][gc,phases      ] GC(695) Compaction Phase 21.847ms
[218.455s][info][gc,phases,start] GC(695) Post Compact
[218.458s][info][gc,phases      ] GC(695) Post Compact 2.631ms
[218.458s][info][gc,heap        ] GC(695) PSYoungGen: 58880K(116736K)->54144K(116736K) Eden: 58880K(58880K)->54144K(58880K) From: 0K(57856K)->0K(57856K)
[218.458s][info][gc,heap        ] GC(695) ParOldGen: 347165K(349696K)->347165K(349696K)
[218.458s][info][gc,metaspace   ] GC(695) Metaspace: 119271K(124864K)->119271K(124864K) NonClass: 101253K(104256K)->101253K(104256K) Class: 18018K(20608K)->18018K(20608K)
[218.458s][info][gc             ] GC(695) Pause Full (Ergonomics) 396M->391M(455M) 59.764ms
[218.458s][info][gc,cpu         ] GC(695) User=0.36s Sys=0.00s Real=0.06s
[218.460s][info][gc,start       ] GC(696) Pause Full (Ergonomics)
[218.460s][info][gc,phases,start] GC(696) Marking Phase
[218.485s][info][gc,phases      ] GC(696) Marking Phase 25.844ms
[218.486s][info][gc,phases,start] GC(696) Summary Phase
[218.486s][info][gc,phases      ] GC(696) Summary Phase 0.020ms
[218.486s][info][gc,phases,start] GC(696) Adjust Roots
[218.488s][info][gc,phases      ] GC(696) Adjust Roots 2.893ms
[218.488s][info][gc,phases,start] GC(696) Compaction Phase
[218.499s][info][gc,phases      ] GC(696) Compaction Phase 10.203ms
[218.499s][info][gc,phases,start] GC(696) Post Compact
[218.501s][info][gc,phases      ] GC(696) Post Compact 2.458ms
[218.501s][info][gc,heap        ] GC(696) PSYoungGen: 58880K(116736K)->54110K(116736K) Eden: 58880K(58880K)->54110K(58880K) From: 0K(57856K)->0K(57856K)
[218.501s][info][gc,heap        ] GC(696) ParOldGen: 347165K(349696K)->347165K(349696K)
[218.501s][info][gc,metaspace   ] GC(696) Metaspace: 119273K(124864K)->119273K(124864K) NonClass: 101254K(104256K)->101254K(104256K) Class: 18018K(20608K)->18018K(20608K)
[218.501s][info][gc             ] GC(696) Pause Full (Ergonomics) 396M->391M(455M) 41.798ms
[218.501s][info][gc,cpu         ] GC(696) User=0.31s Sys=0.00s Real=0.03s
[218.504s][info][gc,start       ] GC(697) Pause Full (Ergonomics)
[218.504s][info][gc,phases,start] GC(697) Marking Phase
[218.532s][info][gc,phases      ] GC(697) Marking Phase 28.840ms
[218.532s][info][gc,phases,start] GC(697) Summary Phase
[218.532s][info][gc,phases      ] GC(697) Summary Phase 0.017ms
[218.532s][info][gc,phases,start] GC(697) Adjust Roots
[218.536s][info][gc,phases      ] GC(697) Adjust Roots 3.795ms
[218.536s][info][gc,phases,start] GC(697) Compaction Phase
[218.543s][info][gc,phases      ] GC(697) Compaction Phase 6.858ms
[218.543s][info][gc,phases,start] GC(697) Post Compact
[218.545s][info][gc,phases      ] GC(697) Post Compact 1.998ms
[218.545s][info][gc,heap        ] GC(697) PSYoungGen: 58880K(116736K)->54161K(116736K) Eden: 58880K(58880K)->54161K(58880K) From: 0K(57856K)->0K(57856K)
[218.545s][info][gc,heap        ] GC(697) ParOldGen: 347165K(349696K)->347165K(349696K)
[218.545s][info][gc,metaspace   ] GC(697) Metaspace: 119273K(124864K)->119273K(124864K) NonClass: 101254K(104256K)->101254K(104256K) Class: 18018K(20608K)->18018K(20608K)
[218.545s][info][gc             ] GC(697) Pause Full (Ergonomics) 396M->391M(455M) 41.751ms
[218.545s][info][gc,cpu         ] GC(697) User=0.17s Sys=0.00s Real=0.03s
[218.547s][info][gc,start       ] GC(698) Pause Full (Ergonomics)
[218.547s][info][gc,phases,start] GC(698) Marking Phase
[218.574s][info][gc,phases      ] GC(698) Marking Phase 26.900ms
[218.574s][info][gc,phases,start] GC(698) Summary Phase
[218.574s][info][gc,phases      ] GC(698) Summary Phase 0.017ms
[218.574s][info][gc,phases,start] GC(698) Adjust Roots
[218.577s][info][gc,phases      ] GC(698) Adjust Roots 2.938ms
[218.577s][info][gc,phases,start] GC(698) Compaction Phase
[218.597s][info][gc,phases      ] GC(698) Compaction Phase 20.286ms
[218.597s][info][gc,phases,start] GC(698) Post Compact
[218.600s][info][gc,phases      ] GC(698) Post Compact 2.280ms
[218.600s][info][gc,heap        ] GC(698) PSYoungGen: 58880K(116736K)->54149K(116736K) Eden: 58880K(58880K)->54149K(58880K) From: 0K(57856K)->0K(57856K)
[218.600s][info][gc,heap        ] GC(698) ParOldGen: 347165K(349696K)->347165K(349696K)
[218.600s][info][gc,metaspace   ] GC(698) Metaspace: 119273K(124864K)->119273K(124864K) NonClass: 101254K(104256K)->101254K(104256K) Class: 18018K(20608K)->18018K(20608K)
[218.600s][info][gc             ] GC(698) Pause Full (Ergonomics) 396M->391M(455M) 52.743ms
[218.600s][info][gc,cpu         ] GC(698) User=0.33s Sys=0.00s Real=0.05s
[218.601s][info][gc,start       ] GC(699) Pause Full (Ergonomics)
[218.601s][info][gc,phases,start] GC(699) Marking Phase
[218.627s][info][gc,phases      ] GC(699) Marking Phase 25.687ms
[218.627s][info][gc,phases,start] GC(699) Summary Phase
[218.627s][info][gc,phases      ] GC(699) Summary Phase 0.026ms
[218.627s][info][gc,phases,start] GC(699) Adjust Roots
[218.630s][info][gc,phases      ] GC(699) Adjust Roots 2.845ms
[218.630s][info][gc,phases,start] GC(699) Compaction Phase
[218.645s][info][gc,phases      ] GC(699) Compaction Phase 15.533ms
[218.645s][info][gc,phases,start] GC(699) Post Compact
[218.648s][info][gc,phases      ] GC(699) Post Compact 2.199ms
[218.648s][info][gc,heap        ] GC(699) PSYoungGen: 58880K(116736K)->54170K(116736K) Eden: 58880K(58880K)->54170K(58880K) From: 0K(57856K)->0K(57856K)
[218.648s][info][gc,heap        ] GC(699) ParOldGen: 347165K(349696K)->347165K(349696K)
[218.648s][info][gc,metaspace   ] GC(699) Metaspace: 119273K(124864K)->119273K(124864K) NonClass: 101254K(104256K)->101254K(104256K) Class: 18018K(20608K)->18018K(20608K)
[218.648s][info][gc             ] GC(699) Pause Full (Ergonomics) 396M->391M(455M) 46.594ms
[218.648s][info][gc,cpu         ] GC(699) User=0.20s Sys=0.00s Real=0.05s
[218.650s][info][gc,start       ] GC(700) Pause Full (Ergonomics)
[218.650s][info][gc,phases,start] GC(700) Marking Phase
[218.682s][info][gc,phases      ] GC(700) Marking Phase 32.358ms
[218.682s][info][gc,phases,start] GC(700) Summary Phase
[218.682s][info][gc,phases      ] GC(700) Summary Phase 0.022ms
[218.682s][info][gc,phases,start] GC(700) Adjust Roots
[218.685s][info][gc,phases      ] GC(700) Adjust Roots 3.335ms
[218.686s][info][gc,phases,start] GC(700) Compaction Phase
[218.706s][info][gc,phases      ] GC(700) Compaction Phase 20.865ms
[218.706s][info][gc,phases,start] GC(700) Post Compact
[218.709s][info][gc,phases      ] GC(700) Post Compact 2.066ms
[218.709s][info][gc,heap        ] GC(700) PSYoungGen: 58880K(116736K)->54192K(116736K) Eden: 58880K(58880K)->54192K(58880K) From: 0K(57856K)->0K(57856K)
[218.709s][info][gc,heap        ] GC(700) ParOldGen: 347165K(349696K)->347165K(349696K)
[218.709s][info][gc,metaspace   ] GC(700) Metaspace: 119273K(124864K)->119273K(124864K) NonClass: 101254K(104256K)->101254K(104256K) Class: 18018K(20608K)->18018K(20608K)
[218.709s][info][gc             ] GC(700) Pause Full (Ergonomics) 396M->391M(455M) 58.962ms
[218.709s][info][gc,cpu         ] GC(700) User=0.33s Sys=0.00s Real=0.05s
[218.710s][info][gc,start       ] GC(701) Pause Full (Ergonomics)
[218.710s][info][gc,phases,start] GC(701) Marking Phase
[218.735s][info][gc,phases      ] GC(701) Marking Phase 24.740ms
[218.735s][info][gc,phases,start] GC(701) Summary Phase
[218.735s][info][gc,phases      ] GC(701) Summary Phase 0.022ms
[218.735s][info][gc,phases,start] GC(701) Adjust Roots
[218.738s][info][gc,phases      ] GC(701) Adjust Roots 2.885ms
[218.738s][info][gc,phases,start] GC(701) Compaction Phase
[218.750s][info][gc,phases      ] GC(701) Compaction Phase 12.677ms
[218.750s][info][gc,phases,start] GC(701) Post Compact
[218.753s][info][gc,phases      ] GC(701) Post Compact 2.144ms
[218.753s][info][gc,heap        ] GC(701) PSYoungGen: 58880K(116736K)->54210K(116736K) Eden: 58880K(58880K)->54210K(58880K) From: 0K(57856K)->0K(57856K)
[218.753s][info][gc,heap        ] GC(701) ParOldGen: 347165K(349696K)->347165K(349696K)
[218.753s][info][gc,metaspace   ] GC(701) Metaspace: 119273K(124864K)->119273K(124864K) NonClass: 101254K(104256K)->101254K(104256K) Class: 18018K(20608K)->18018K(20608K)
[218.753s][info][gc             ] GC(701) Pause Full (Ergonomics) 396M->391M(455M) 42.774ms
[218.753s][info][gc,cpu         ] GC(701) User=0.38s Sys=0.00s Real=0.05s
[218.755s][info][gc,start       ] GC(702) Pause Full (Ergonomics)
[218.755s][info][gc,phases,start] GC(702) Marking Phase
[218.784s][info][gc,phases      ] GC(702) Marking Phase 28.830ms
[218.784s][info][gc,phases,start] GC(702) Summary Phase
[218.784s][info][gc,phases      ] GC(702) Summary Phase 0.020ms
[218.784s][info][gc,phases,start] GC(702) Adjust Roots
[218.787s][info][gc,phases      ] GC(702) Adjust Roots 3.498ms
[218.787s][info][gc,phases,start] GC(702) Compaction Phase
[218.807s][info][gc,phases      ] GC(702) Compaction Phase 19.920ms
[218.807s][info][gc,phases,start] GC(702) Post Compact
[218.810s][info][gc,phases      ] GC(702) Post Compact 2.295ms
[218.810s][info][gc,heap        ] GC(702) PSYoungGen: 58880K(116736K)->54191K(116736K) Eden: 58880K(58880K)->54191K(58880K) From: 0K(57856K)->0K(57856K)
[218.810s][info][gc,heap        ] GC(702) ParOldGen: 347165K(349696K)->347165K(349696K)
[218.810s][info][gc,metaspace   ] GC(702) Metaspace: 119276K(124864K)->119276K(124864K) NonClass: 101257K(104256K)->101257K(104256K) Class: 18018K(20608K)->18018K(20608K)
[218.810s][info][gc             ] GC(702) Pause Full (Ergonomics) 396M->391M(455M) 54.905ms
[218.810s][info][gc,cpu         ] GC(702) User=0.34s Sys=0.00s Real=0.05s
[218.811s][info][gc,start       ] GC(703) Pause Full (Ergonomics)
[218.811s][info][gc,phases,start] GC(703) Marking Phase
[218.837s][info][gc,phases      ] GC(703) Marking Phase 25.849ms
[218.837s][info][gc,phases,start] GC(703) Summary Phase
[218.837s][info][gc,phases      ] GC(703) Summary Phase 0.018ms
[218.837s][info][gc,phases,start] GC(703) Adjust Roots
[218.840s][info][gc,phases      ] GC(703) Adjust Roots 2.965ms
[218.840s][info][gc,phases,start] GC(703) Compaction Phase
[218.860s][info][gc,phases      ] GC(703) Compaction Phase 20.131ms
[218.861s][info][gc,phases,start] GC(703) Post Compact
[218.863s][info][gc,phases      ] GC(703) Post Compact 2.372ms
[218.863s][info][gc,heap        ] GC(703) PSYoungGen: 58879K(116736K)->54217K(116736K) Eden: 58879K(58880K)->54217K(58880K) From: 0K(57856K)->0K(57856K)
[218.863s][info][gc,heap        ] GC(703) ParOldGen: 347165K(349696K)->347165K(349696K)
[218.863s][info][gc,metaspace   ] GC(703) Metaspace: 119278K(124864K)->119278K(124864K) NonClass: 101259K(104256K)->101259K(104256K) Class: 18019K(20608K)->18019K(20608K)
[218.863s][info][gc             ] GC(703) Pause Full (Ergonomics) 396M->391M(455M) 51.665ms
[218.863s][info][gc,cpu         ] GC(703) User=0.42s Sys=0.02s Real=0.05s
[218.865s][info][gc,start       ] GC(704) Pause Full (Ergonomics)
[218.865s][info][gc,phases,start] GC(704) Marking Phase
[218.893s][info][gc,phases      ] GC(704) Marking Phase 27.941ms
[218.893s][info][gc,phases,start] GC(704) Summary Phase
[218.893s][info][gc,phases      ] GC(704) Summary Phase 0.020ms
[218.893s][info][gc,phases,start] GC(704) Adjust Roots
[218.896s][info][gc,phases      ] GC(704) Adjust Roots 3.612ms
[218.897s][info][gc,phases,start] GC(704) Compaction Phase
[218.912s][info][gc,phases      ] GC(704) Compaction Phase 15.161ms
[218.912s][info][gc,phases,start] GC(704) Post Compact
[218.914s][info][gc,phases      ] GC(704) Post Compact 2.523ms
[218.914s][info][gc,heap        ] GC(704) PSYoungGen: 58880K(116736K)->54205K(116736K) Eden: 58880K(58880K)->54205K(58880K) From: 0K(57856K)->0K(57856K)
[218.914s][info][gc,heap        ] GC(704) ParOldGen: 347165K(349696K)->347165K(349696K)
[218.914s][info][gc,metaspace   ] GC(704) Metaspace: 119279K(124864K)->119279K(124864K) NonClass: 101260K(104256K)->101260K(104256K) Class: 18019K(20608K)->18019K(20608K)
[218.914s][info][gc             ] GC(704) Pause Full (Ergonomics) 396M->391M(455M) 49.650ms
[218.915s][info][gc,cpu         ] GC(704) User=0.19s Sys=0.00s Real=0.05s
[218.917s][info][gc,start       ] GC(705) Pause Full (Ergonomics)
[218.917s][info][gc,phases,start] GC(705) Marking Phase
[218.948s][info][gc,phases      ] GC(705) Marking Phase 31.387ms
[218.948s][info][gc,phases,start] GC(705) Summary Phase
[218.948s][info][gc,phases      ] GC(705) Summary Phase 0.019ms
[218.948s][info][gc,phases,start] GC(705) Adjust Roots
[218.951s][info][gc,phases      ] GC(705) Adjust Roots 2.933ms
[218.951s][info][gc,phases,start] GC(705) Compaction Phase
[218.971s][info][gc,phases      ] GC(705) Compaction Phase 19.938ms
[218.971s][info][gc,phases,start] GC(705) Post Compact
[218.974s][info][gc,phases      ] GC(705) Post Compact 2.217ms
[218.974s][info][gc,heap        ] GC(705) PSYoungGen: 58880K(116736K)->54204K(116736K) Eden: 58880K(58880K)->54204K(58880K) From: 0K(57856K)->0K(57856K)
[218.974s][info][gc,heap        ] GC(705) ParOldGen: 347165K(349696K)->347165K(349696K)
[218.974s][info][gc,metaspace   ] GC(705) Metaspace: 119279K(124864K)->119279K(124864K) NonClass: 101260K(104256K)->101260K(104256K) Class: 18019K(20608K)->18019K(20608K)
[218.974s][info][gc             ] GC(705) Pause Full (Ergonomics) 396M->391M(455M) 56.838ms
[218.974s][info][gc,cpu         ] GC(705) User=0.33s Sys=0.00s Real=0.05s
[218.975s][info][gc,start       ] GC(706) Pause Full (Ergonomics)
[218.975s][info][gc,phases,start] GC(706) Marking Phase
[218.999s][info][gc,phases      ] GC(706) Marking Phase 24.003ms
[218.999s][info][gc,phases,start] GC(706) Summary Phase
[218.999s][info][gc,phases      ] GC(706) Summary Phase 0.019ms
[218.999s][info][gc,phases,start] GC(706) Adjust Roots
[219.002s][info][gc,phases      ] GC(706) Adjust Roots 2.858ms
[219.002s][info][gc,phases,start] GC(706) Compaction Phase
[219.010s][info][gc,phases      ] GC(706) Compaction Phase 7.813ms
[219.010s][info][gc,phases,start] GC(706) Post Compact
[219.012s][info][gc,phases      ] GC(706) Post Compact 2.010ms
[219.012s][info][gc,heap        ] GC(706) PSYoungGen: 58880K(116736K)->54210K(116736K) Eden: 58880K(58880K)->54210K(58880K) From: 0K(57856K)->0K(57856K)
[219.012s][info][gc,heap        ] GC(706) ParOldGen: 347165K(349696K)->347165K(349696K)
[219.012s][info][gc,metaspace   ] GC(706) Metaspace: 119281K(124864K)->119281K(124864K) NonClass: 101261K(104256K)->101261K(104256K) Class: 18019K(20608K)->18019K(20608K)
[219.012s][info][gc             ] GC(706) Pause Full (Ergonomics) 396M->391M(455M) 36.984ms
[219.012s][info][gc,cpu         ] GC(706) User=0.23s Sys=0.00s Real=0.03s
[219.014s][info][gc,start       ] GC(707) Pause Full (Ergonomics)
[219.014s][info][gc,phases,start] GC(707) Marking Phase
[219.039s][info][gc,phases      ] GC(707) Marking Phase 24.891ms
[219.039s][info][gc,phases,start] GC(707) Summary Phase
[219.039s][info][gc,phases      ] GC(707) Summary Phase 0.018ms
[219.039s][info][gc,phases,start] GC(707) Adjust Roots
[219.042s][info][gc,phases      ] GC(707) Adjust Roots 2.853ms
[219.042s][info][gc,phases,start] GC(707) Compaction Phase
[219.059s][info][gc,phases      ] GC(707) Compaction Phase 17.537ms
[219.059s][info][gc,phases,start] GC(707) Post Compact
[219.062s][info][gc,phases      ] GC(707) Post Compact 2.160ms
[219.062s][info][gc,heap        ] GC(707) PSYoungGen: 58879K(116736K)->54200K(116736K) Eden: 58879K(58880K)->54200K(58880K) From: 0K(57856K)->0K(57856K)
[219.062s][info][gc,heap        ] GC(707) ParOldGen: 347165K(349696K)->347165K(349696K)
[219.062s][info][gc,metaspace   ] GC(707) Metaspace: 119281K(124864K)->119281K(124864K) NonClass: 101261K(104256K)->101261K(104256K) Class: 18019K(20608K)->18019K(20608K)
[219.062s][info][gc             ] GC(707) Pause Full (Ergonomics) 396M->391M(455M) 47.720ms
[219.062s][info][gc,cpu         ] GC(707) User=0.33s Sys=0.00s Real=0.05s
[219.063s][info][gc,start       ] GC(708) Pause Full (Ergonomics)
[219.063s][info][gc,phases,start] GC(708) Marking Phase
[219.087s][info][gc,phases      ] GC(708) Marking Phase 24.198ms
[219.087s][info][gc,phases,start] GC(708) Summary Phase
[219.087s][info][gc,phases      ] GC(708) Summary Phase 0.018ms
[219.087s][info][gc,phases,start] GC(708) Adjust Roots
[219.090s][info][gc,phases      ] GC(708) Adjust Roots 2.879ms
[219.090s][info][gc,phases,start] GC(708) Compaction Phase
[219.098s][info][gc,phases      ] GC(708) Compaction Phase 7.201ms
[219.098s][info][gc,phases,start] GC(708) Post Compact
[219.100s][info][gc,phases      ] GC(708) Post Compact 2.514ms
[219.100s][info][gc,heap        ] GC(708) PSYoungGen: 58880K(116736K)->54204K(116736K) Eden: 58880K(58880K)->54204K(58880K) From: 0K(57856K)->0K(57856K)
[219.100s][info][gc,heap        ] GC(708) ParOldGen: 347165K(349696K)->347165K(349696K)
[219.100s][info][gc,metaspace   ] GC(708) Metaspace: 119281K(124864K)->119281K(124864K) NonClass: 101261K(104256K)->101261K(104256K) Class: 18019K(20608K)->18019K(20608K)
[219.100s][info][gc             ] GC(708) Pause Full (Ergonomics) 396M->391M(455M) 37.186ms
[219.100s][info][gc,cpu         ] GC(708) User=0.31s Sys=0.00s Real=0.03s
[219.102s][info][gc,start       ] GC(709) Pause Full (Ergonomics)
[219.102s][info][gc,phases,start] GC(709) Marking Phase
[219.128s][info][gc,phases      ] GC(709) Marking Phase 25.810ms
[219.128s][info][gc,phases,start] GC(709) Summary Phase
[219.128s][info][gc,phases      ] GC(709) Summary Phase 0.022ms
[219.128s][info][gc,phases,start] GC(709) Adjust Roots
[219.131s][info][gc,phases      ] GC(709) Adjust Roots 3.001ms
[219.131s][info][gc,phases,start] GC(709) Compaction Phase
[219.151s][info][gc,phases      ] GC(709) Compaction Phase 20.141ms
[219.151s][info][gc,phases,start] GC(709) Post Compact
[219.154s][info][gc,phases      ] GC(709) Post Compact 2.416ms
[219.154s][info][gc,heap        ] GC(709) PSYoungGen: 58880K(116736K)->54207K(116736K) Eden: 58880K(58880K)->54207K(58880K) From: 0K(57856K)->0K(57856K)
[219.154s][info][gc,heap        ] GC(709) ParOldGen: 347165K(349696K)->347165K(349696K)
[219.154s][info][gc,metaspace   ] GC(709) Metaspace: 119284K(124864K)->119284K(124864K) NonClass: 101264K(104256K)->101264K(104256K) Class: 18020K(20608K)->18020K(20608K)
[219.154s][info][gc             ] GC(709) Pause Full (Ergonomics) 396M->391M(455M) 51.719ms
[219.154s][info][gc,cpu         ] GC(709) User=0.47s Sys=0.00s Real=0.05s
[219.155s][info][gc,start       ] GC(710) Pause Full (Ergonomics)
[219.155s][info][gc,phases,start] GC(710) Marking Phase
[219.180s][info][gc,phases      ] GC(710) Marking Phase 24.027ms
[219.180s][info][gc,phases,start] GC(710) Summary Phase
[219.180s][info][gc,phases      ] GC(710) Summary Phase 0.019ms
[219.180s][info][gc,phases,start] GC(710) Adjust Roots
[219.183s][info][gc,phases      ] GC(710) Adjust Roots 3.293ms
[219.183s][info][gc,phases,start] GC(710) Compaction Phase
[219.205s][info][gc,phases      ] GC(710) Compaction Phase 21.625ms
[219.205s][info][gc,phases,start] GC(710) Post Compact
[219.207s][info][gc,phases      ] GC(710) Post Compact 2.635ms
[219.207s][info][gc,heap        ] GC(710) PSYoungGen: 58879K(116736K)->54243K(116736K) Eden: 58879K(58880K)->54243K(58880K) From: 0K(57856K)->0K(57856K)
[219.207s][info][gc,heap        ] GC(710) ParOldGen: 347165K(349696K)->347165K(349696K)
[219.207s][info][gc,metaspace   ] GC(710) Metaspace: 119287K(124864K)->119287K(124864K) NonClass: 101266K(104256K)->101266K(104256K) Class: 18020K(20608K)->18020K(20608K)
[219.207s][info][gc             ] GC(710) Pause Full (Ergonomics) 396M->392M(455M) 51.989ms
[219.208s][info][gc,cpu         ] GC(710) User=0.47s Sys=0.00s Real=0.05s
[219.209s][info][gc,start       ] GC(711) Pause Full (Ergonomics)
[219.209s][info][gc,phases,start] GC(711) Marking Phase
[219.235s][info][gc,phases      ] GC(711) Marking Phase 26.006ms
[219.235s][info][gc,phases,start] GC(711) Summary Phase
[219.235s][info][gc,phases      ] GC(711) Summary Phase 0.022ms
[219.235s][info][gc,phases,start] GC(711) Adjust Roots
[219.239s][info][gc,phases      ] GC(711) Adjust Roots 3.661ms
[219.239s][info][gc,phases,start] GC(711) Compaction Phase
[219.255s][info][gc,phases      ] GC(711) Compaction Phase 16.086ms
[219.255s][info][gc,phases,start] GC(711) Post Compact
[219.257s][info][gc,phases      ] GC(711) Post Compact 2.296ms
[219.257s][info][gc,heap        ] GC(711) PSYoungGen: 58880K(116736K)->54249K(116736K) Eden: 58880K(58880K)->54249K(58880K) From: 0K(57856K)->0K(57856K)
[219.257s][info][gc,heap        ] GC(711) ParOldGen: 347165K(349696K)->347165K(349696K)
[219.257s][info][gc,metaspace   ] GC(711) Metaspace: 119291K(124864K)->119291K(124864K) NonClass: 101269K(104256K)->101269K(104256K) Class: 18021K(20608K)->18021K(20608K)
[219.258s][info][gc             ] GC(711) Pause Full (Ergonomics) 396M->392M(455M) 48.365ms
[219.258s][info][gc,cpu         ] GC(711) User=0.20s Sys=0.00s Real=0.05s
[219.260s][info][gc,start       ] GC(712) Pause Full (Ergonomics)
[219.260s][info][gc,phases,start] GC(712) Marking Phase
[219.293s][info][gc,phases      ] GC(712) Marking Phase 33.125ms
[219.293s][info][gc,phases,start] GC(712) Summary Phase
[219.293s][info][gc,phases      ] GC(712) Summary Phase 0.022ms
[219.293s][info][gc,phases,start] GC(712) Adjust Roots
[219.297s][info][gc,phases      ] GC(712) Adjust Roots 3.543ms
[219.297s][info][gc,phases,start] GC(712) Compaction Phase
[219.316s][info][gc,phases      ] GC(712) Compaction Phase 19.623ms
[219.316s][info][gc,phases,start] GC(712) Post Compact
[219.319s][info][gc,phases      ] GC(712) Post Compact 2.417ms
[219.319s][info][gc,heap        ] GC(712) PSYoungGen: 58880K(116736K)->54221K(116736K) Eden: 58880K(58880K)->54221K(58880K) From: 0K(57856K)->0K(57856K)
[219.319s][info][gc,heap        ] GC(712) ParOldGen: 347165K(349696K)->347165K(349696K)
[219.319s][info][gc,metaspace   ] GC(712) Metaspace: 119294K(124864K)->119294K(124864K) NonClass: 101272K(104256K)->101272K(104256K) Class: 18022K(20608K)->18022K(20608K)
[219.319s][info][gc             ] GC(712) Pause Full (Ergonomics) 396M->391M(455M) 59.073ms
[219.319s][info][gc,cpu         ] GC(712) User=0.48s Sys=0.00s Real=0.06s
[219.320s][info][gc,start       ] GC(713) Pause Full (Ergonomics)
[219.320s][info][gc,phases,start] GC(713) Marking Phase
[219.347s][info][gc,phases      ] GC(713) Marking Phase 26.136ms
[219.347s][info][gc,phases,start] GC(713) Summary Phase
[219.347s][info][gc,phases      ] GC(713) Summary Phase 0.021ms
[219.347s][info][gc,phases,start] GC(713) Adjust Roots
[219.350s][info][gc,phases      ] GC(713) Adjust Roots 3.648ms
[219.350s][info][gc,phases,start] GC(713) Compaction Phase
[219.369s][info][gc,phases      ] GC(713) Compaction Phase 18.524ms
[219.369s][info][gc,phases,start] GC(713) Post Compact
[219.371s][info][gc,phases      ] GC(713) Post Compact 2.373ms
[219.371s][info][gc,heap        ] GC(713) PSYoungGen: 58880K(116736K)->54229K(116736K) Eden: 58880K(58880K)->54229K(58880K) From: 0K(57856K)->0K(57856K)
[219.371s][info][gc,heap        ] GC(713) ParOldGen: 347165K(349696K)->347164K(349696K)
[219.371s][info][gc,metaspace   ] GC(713) Metaspace: 119294K(124864K)->119294K(124864K) NonClass: 101272K(104256K)->101272K(104256K) Class: 18022K(20608K)->18022K(20608K)
[219.371s][info][gc             ] GC(713) Pause Full (Ergonomics) 396M->391M(455M) 51.026ms
[219.371s][info][gc,cpu         ] GC(713) User=0.33s Sys=0.00s Real=0.05s
[219.373s][info][gc,start       ] GC(714) Pause Full (Ergonomics)
[219.373s][info][gc,phases,start] GC(714) Marking Phase
[219.398s][info][gc,phases      ] GC(714) Marking Phase 25.096ms
[219.398s][info][gc,phases,start] GC(714) Summary Phase
[219.398s][info][gc,phases      ] GC(714) Summary Phase 0.018ms
[219.398s][info][gc,phases,start] GC(714) Adjust Roots
[219.401s][info][gc,phases      ] GC(714) Adjust Roots 2.964ms
[219.401s][info][gc,phases,start] GC(714) Compaction Phase
[219.416s][info][gc,phases      ] GC(714) Compaction Phase 14.247ms
[219.416s][info][gc,phases,start] GC(714) Post Compact
[219.418s][info][gc,phases      ] GC(714) Post Compact 2.565ms
[219.418s][info][gc,heap        ] GC(714) PSYoungGen: 58880K(116736K)->54467K(116736K) Eden: 58880K(58880K)->54467K(58880K) From: 0K(57856K)->0K(57856K)
[219.418s][info][gc,heap        ] GC(714) ParOldGen: 347164K(349696K)->347161K(349696K)
[219.418s][info][gc,metaspace   ] GC(714) Metaspace: 119296K(124864K)->119296K(124864K) NonClass: 101273K(104256K)->101273K(104256K) Class: 18022K(20608K)->18022K(20608K)
[219.418s][info][gc             ] GC(714) Pause Full (Ergonomics) 396M->392M(455M) 45.266ms
[219.418s][info][gc,cpu         ] GC(714) User=0.33s Sys=0.00s Real=0.05s
[219.420s][info][gc,start       ] GC(715) Pause Full (Ergonomics)
[219.420s][info][gc,phases,start] GC(715) Marking Phase
[219.445s][info][gc,phases      ] GC(715) Marking Phase 25.067ms
[219.445s][info][gc,phases,start] GC(715) Summary Phase
[219.445s][info][gc,phases      ] GC(715) Summary Phase 0.019ms
[219.445s][info][gc,phases,start] GC(715) Adjust Roots
[219.449s][info][gc,phases      ] GC(715) Adjust Roots 3.289ms
[219.449s][info][gc,phases,start] GC(715) Compaction Phase
[219.462s][info][gc,phases      ] GC(715) Compaction Phase 13.251ms
[219.462s][info][gc,phases,start] GC(715) Post Compact
[219.464s][info][gc,phases      ] GC(715) Post Compact 2.301ms
[219.464s][info][gc,heap        ] GC(715) PSYoungGen: 58880K(116736K)->54504K(116736K) Eden: 58880K(58880K)->54504K(58880K) From: 0K(57856K)->0K(57856K)
[219.464s][info][gc,heap        ] GC(715) ParOldGen: 347161K(349696K)->347161K(349696K)
[219.464s][info][gc,metaspace   ] GC(715) Metaspace: 119297K(124864K)->119297K(124864K) NonClass: 101275K(104256K)->101275K(104256K) Class: 18022K(20608K)->18022K(20608K)
[219.464s][info][gc             ] GC(715) Pause Full (Ergonomics) 396M->392M(455M) 44.296ms
[219.464s][info][gc,cpu         ] GC(715) User=0.20s Sys=0.00s Real=0.05s
[219.466s][info][gc,start       ] GC(716) Pause Full (Ergonomics)
[219.467s][info][gc,phases,start] GC(716) Marking Phase
[219.497s][info][gc,phases      ] GC(716) Marking Phase 30.456ms
[219.497s][info][gc,phases,start] GC(716) Summary Phase
[219.497s][info][gc,phases      ] GC(716) Summary Phase 0.020ms
[219.497s][info][gc,phases,start] GC(716) Adjust Roots
[219.500s][info][gc,phases      ] GC(716) Adjust Roots 3.442ms
[219.501s][info][gc,phases,start] GC(716) Compaction Phase
[219.518s][info][gc,phases      ] GC(716) Compaction Phase 17.175ms
[219.518s][info][gc,phases,start] GC(716) Post Compact
[219.520s][info][gc,phases      ] GC(716) Post Compact 2.418ms
[219.520s][info][gc,heap        ] GC(716) PSYoungGen: 58879K(116736K)->54541K(116736K) Eden: 58879K(58880K)->54541K(58880K) From: 0K(57856K)->0K(57856K)
[219.520s][info][gc,heap        ] GC(716) ParOldGen: 347161K(349696K)->347161K(349696K)
[219.520s][info][gc,metaspace   ] GC(716) Metaspace: 119297K(124864K)->119297K(124864K) NonClass: 101275K(104256K)->101275K(104256K) Class: 18022K(20608K)->18022K(20608K)
[219.520s][info][gc             ] GC(716) Pause Full (Ergonomics) 396M->392M(455M) 53.903ms
[219.520s][info][gc,cpu         ] GC(716) User=0.47s Sys=0.00s Real=0.05s
[219.522s][info][gc,start       ] GC(717) Pause Full (Ergonomics)
[219.522s][info][gc,phases,start] GC(717) Marking Phase
[219.547s][info][gc,phases      ] GC(717) Marking Phase 24.813ms
[219.547s][info][gc,phases,start] GC(717) Summary Phase
[219.547s][info][gc,phases      ] GC(717) Summary Phase 0.020ms
[219.547s][info][gc,phases,start] GC(717) Adjust Roots
[219.550s][info][gc,phases      ] GC(717) Adjust Roots 3.639ms
[219.550s][info][gc,phases,start] GC(717) Compaction Phase
[219.559s][info][gc,phases      ] GC(717) Compaction Phase 8.729ms
[219.559s][info][gc,phases,start] GC(717) Post Compact
[219.561s][info][gc,phases      ] GC(717) Post Compact 2.088ms
[219.561s][info][gc,heap        ] GC(717) PSYoungGen: 58879K(116736K)->54531K(116736K) Eden: 58879K(58880K)->54531K(58880K) From: 0K(57856K)->0K(57856K)
[219.561s][info][gc,heap        ] GC(717) ParOldGen: 347161K(349696K)->347161K(349696K)
[219.561s][info][gc,metaspace   ] GC(717) Metaspace: 119301K(124864K)->119301K(124864K) NonClass: 101277K(104256K)->101277K(104256K) Class: 18023K(20608K)->18023K(20608K)
[219.561s][info][gc             ] GC(717) Pause Full (Ergonomics) 396M->392M(455M) 39.547ms
[219.561s][info][gc,cpu         ] GC(717) User=0.31s Sys=0.00s Real=0.03s
[219.563s][info][gc,start       ] GC(718) Pause Full (Ergonomics)
[219.563s][info][gc,phases,start] GC(718) Marking Phase
[219.595s][info][gc,phases      ] GC(718) Marking Phase 31.968ms
[219.595s][info][gc,phases,start] GC(718) Summary Phase
[219.595s][info][gc,phases      ] GC(718) Summary Phase 0.018ms
[219.595s][info][gc,phases,start] GC(718) Adjust Roots
[219.599s][info][gc,phases      ] GC(718) Adjust Roots 3.119ms
[219.599s][info][gc,phases,start] GC(718) Compaction Phase
[219.606s][info][gc,phases      ] GC(718) Compaction Phase 7.862ms
[219.606s][info][gc,phases,start] GC(718) Post Compact
[219.608s][info][gc,phases      ] GC(718) Post Compact 1.960ms
[219.608s][info][gc,heap        ] GC(718) PSYoungGen: 58879K(116736K)->54529K(116736K) Eden: 58879K(58880K)->54529K(58880K) From: 0K(57856K)->0K(57856K)
[219.608s][info][gc,heap        ] GC(718) ParOldGen: 347161K(349696K)->347161K(349696K)
[219.608s][info][gc,metaspace   ] GC(718) Metaspace: 119301K(124864K)->119301K(124864K) NonClass: 101277K(104256K)->101277K(104256K) Class: 18023K(20608K)->18023K(20608K)
[219.608s][info][gc             ] GC(718) Pause Full (Ergonomics) 396M->392M(455M) 45.170ms
[219.609s][info][gc,cpu         ] GC(718) User=0.19s Sys=0.00s Real=0.05s
[219.610s][info][gc,start       ] GC(719) Pause Full (Ergonomics)
[219.610s][info][gc,phases,start] GC(719) Marking Phase
[219.642s][info][gc,phases      ] GC(719) Marking Phase 31.406ms
[219.642s][info][gc,phases,start] GC(719) Summary Phase
[219.642s][info][gc,phases      ] GC(719) Summary Phase 0.043ms
[219.642s][info][gc,phases,start] GC(719) Adjust Roots
[219.645s][info][gc,phases      ] GC(719) Adjust Roots 3.257ms
[219.645s][info][gc,phases,start] GC(719) Compaction Phase
[219.657s][info][gc,phases      ] GC(719) Compaction Phase 11.523ms
[219.657s][info][gc,phases,start] GC(719) Post Compact
[219.659s][info][gc,phases      ] GC(719) Post Compact 2.184ms
[219.659s][info][gc,heap        ] GC(719) PSYoungGen: 58879K(116736K)->54549K(116736K) Eden: 58879K(58880K)->54549K(58880K) From: 0K(57856K)->0K(57856K)
[219.659s][info][gc,heap        ] GC(719) ParOldGen: 347161K(349696K)->347161K(349696K)
[219.659s][info][gc,metaspace   ] GC(719) Metaspace: 119304K(124864K)->119304K(124864K) NonClass: 101280K(104256K)->101280K(104256K) Class: 18023K(20608K)->18023K(20608K)
[219.659s][info][gc             ] GC(719) Pause Full (Ergonomics) 396M->392M(455M) 48.778ms
[219.659s][info][gc,cpu         ] GC(719) User=0.20s Sys=0.00s Real=0.05s
[219.661s][info][gc,start       ] GC(720) Pause Full (Ergonomics)
[219.661s][info][gc,phases,start] GC(720) Marking Phase
[219.692s][info][gc,phases      ] GC(720) Marking Phase 30.498ms
[219.692s][info][gc,phases,start] GC(720) Summary Phase
[219.692s][info][gc,phases      ] GC(720) Summary Phase 0.021ms
[219.692s][info][gc,phases,start] GC(720) Adjust Roots
[219.695s][info][gc,phases      ] GC(720) Adjust Roots 2.933ms
[219.695s][info][gc,phases,start] GC(720) Compaction Phase
[219.709s][info][gc,phases      ] GC(720) Compaction Phase 13.848ms
[219.709s][info][gc,phases,start] GC(720) Post Compact
[219.711s][info][gc,phases      ] GC(720) Post Compact 2.203ms
[219.711s][info][gc,heap        ] GC(720) PSYoungGen: 58880K(116736K)->54535K(116736K) Eden: 58880K(58880K)->54535K(58880K) From: 0K(57856K)->0K(57856K)
[219.711s][info][gc,heap        ] GC(720) ParOldGen: 347161K(349696K)->347161K(349696K)
[219.711s][info][gc,metaspace   ] GC(720) Metaspace: 119304K(124864K)->119304K(124864K) NonClass: 101280K(104256K)->101280K(104256K) Class: 18023K(20608K)->18023K(20608K)
[219.711s][info][gc             ] GC(720) Pause Full (Ergonomics) 396M->392M(455M) 49.810ms
[219.711s][info][gc,cpu         ] GC(720) User=0.20s Sys=0.00s Real=0.05s
[219.713s][info][gc,start       ] GC(721) Pause Full (Ergonomics)
[219.713s][info][gc,phases,start] GC(721) Marking Phase
[219.746s][info][gc,phases      ] GC(721) Marking Phase 32.938ms
[219.746s][info][gc,phases,start] GC(721) Summary Phase
[219.746s][info][gc,phases      ] GC(721) Summary Phase 0.023ms
[219.746s][info][gc,phases,start] GC(721) Adjust Roots
[219.749s][info][gc,phases      ] GC(721) Adjust Roots 3.344ms
[219.749s][info][gc,phases,start] GC(721) Compaction Phase
[219.763s][info][gc,phases      ] GC(721) Compaction Phase 13.955ms
[219.763s][info][gc,phases,start] GC(721) Post Compact
[219.765s][info][gc,phases      ] GC(721) Post Compact 1.989ms
[219.765s][info][gc,heap        ] GC(721) PSYoungGen: 58880K(116736K)->54578K(116736K) Eden: 58880K(58880K)->54578K(58880K) From: 0K(57856K)->0K(57856K)
[219.765s][info][gc,heap        ] GC(721) ParOldGen: 347161K(349696K)->347161K(349696K)
[219.765s][info][gc,metaspace   ] GC(721) Metaspace: 119304K(124864K)->119304K(124864K) NonClass: 101280K(104256K)->101280K(104256K) Class: 18023K(20608K)->18023K(20608K)
[219.765s][info][gc             ] GC(721) Pause Full (Ergonomics) 396M->392M(455M) 52.514ms
[219.765s][info][gc,cpu         ] GC(721) User=0.34s Sys=0.00s Real=0.06s
[219.767s][info][gc,start       ] GC(722) Pause Full (Ergonomics)
[219.767s][info][gc,phases,start] GC(722) Marking Phase
[219.802s][info][gc,phases      ] GC(722) Marking Phase 35.301ms
[219.802s][info][gc,phases,start] GC(722) Summary Phase
[219.802s][info][gc,phases      ] GC(722) Summary Phase 0.037ms
[219.802s][info][gc,phases,start] GC(722) Adjust Roots
[219.805s][info][gc,phases      ] GC(722) Adjust Roots 2.978ms
[219.806s][info][gc,phases,start] GC(722) Compaction Phase
[219.819s][info][gc,phases      ] GC(722) Compaction Phase 13.647ms
[219.819s][info][gc,phases,start] GC(722) Post Compact
[219.822s][info][gc,phases      ] GC(722) Post Compact 2.560ms
[219.822s][info][gc,heap        ] GC(722) PSYoungGen: 58879K(116736K)->54524K(116736K) Eden: 58879K(58880K)->54524K(58880K) From: 0K(57856K)->0K(57856K)
[219.822s][info][gc,heap        ] GC(722) ParOldGen: 347161K(349696K)->347161K(349696K)
[219.822s][info][gc,metaspace   ] GC(722) Metaspace: 119304K(124864K)->119304K(124864K) NonClass: 101280K(104256K)->101280K(104256K) Class: 18023K(20608K)->18023K(20608K)
[219.822s][info][gc             ] GC(722) Pause Full (Ergonomics) 396M->392M(455M) 54.877ms
[219.822s][info][gc,cpu         ] GC(722) User=0.23s Sys=0.00s Real=0.05s
[219.824s][info][gc,start       ] GC(723) Pause Full (Ergonomics)
[219.824s][info][gc,phases,start] GC(723) Marking Phase
[219.860s][info][gc,phases      ] GC(723) Marking Phase 35.910ms
[219.860s][info][gc,phases,start] GC(723) Summary Phase
[219.860s][info][gc,phases      ] GC(723) Summary Phase 0.019ms
[219.860s][info][gc,phases,start] GC(723) Adjust Roots
[219.863s][info][gc,phases      ] GC(723) Adjust Roots 3.055ms
[219.863s][info][gc,phases,start] GC(723) Compaction Phase
[219.881s][info][gc,phases      ] GC(723) Compaction Phase 17.578ms
[219.881s][info][gc,phases,start] GC(723) Post Compact
[219.883s][info][gc,phases      ] GC(723) Post Compact 2.059ms
[219.883s][info][gc,heap        ] GC(723) PSYoungGen: 58880K(116736K)->54494K(116736K) Eden: 58880K(58880K)->54494K(58880K) From: 0K(57856K)->0K(57856K)
[219.883s][info][gc,heap        ] GC(723) ParOldGen: 347161K(349696K)->347161K(349696K)
[219.883s][info][gc,metaspace   ] GC(723) Metaspace: 119304K(124864K)->119304K(124864K) NonClass: 101280K(104256K)->101280K(104256K) Class: 18023K(20608K)->18023K(20608K)
[219.883s][info][gc             ] GC(723) Pause Full (Ergonomics) 396M->392M(455M) 58.937ms
[219.883s][info][gc,cpu         ] GC(723) User=0.47s Sys=0.00s Real=0.05s
[219.885s][info][gc,start       ] GC(724) Pause Full (Ergonomics)
[219.885s][info][gc,phases,start] GC(724) Marking Phase
[219.909s][info][gc,phases      ] GC(724) Marking Phase 24.592ms
[219.909s][info][gc,phases,start] GC(724) Summary Phase
[219.909s][info][gc,phases      ] GC(724) Summary Phase 0.019ms
[219.909s][info][gc,phases,start] GC(724) Adjust Roots
[219.912s][info][gc,phases      ] GC(724) Adjust Roots 3.058ms
[219.912s][info][gc,phases,start] GC(724) Compaction Phase
[219.930s][info][gc,phases      ] GC(724) Compaction Phase 17.878ms
[219.930s][info][gc,phases,start] GC(724) Post Compact
[219.932s][info][gc,phases      ] GC(724) Post Compact 2.051ms
[219.932s][info][gc,heap        ] GC(724) PSYoungGen: 58880K(116736K)->54512K(116736K) Eden: 58880K(58880K)->54512K(58880K) From: 0K(57856K)->0K(57856K)
[219.932s][info][gc,heap        ] GC(724) ParOldGen: 347161K(349696K)->347160K(349696K)
[219.932s][info][gc,metaspace   ] GC(724) Metaspace: 119307K(124864K)->119307K(124864K) NonClass: 101283K(104256K)->101283K(104256K) Class: 18024K(20608K)->18024K(20608K)
[219.932s][info][gc             ] GC(724) Pause Full (Ergonomics) 396M->392M(455M) 47.895ms
[219.933s][info][gc,cpu         ] GC(724) User=0.50s Sys=0.00s Real=0.06s
[219.934s][info][gc,start       ] GC(725) Pause Full (Ergonomics)
[219.934s][info][gc,phases,start] GC(725) Marking Phase
[219.959s][info][gc,phases      ] GC(725) Marking Phase 25.154ms
[219.959s][info][gc,phases,start] GC(725) Summary Phase
[219.959s][info][gc,phases      ] GC(725) Summary Phase 0.019ms
[219.959s][info][gc,phases,start] GC(725) Adjust Roots
[219.962s][info][gc,phases      ] GC(725) Adjust Roots 3.330ms
[219.962s][info][gc,phases,start] GC(725) Compaction Phase
[219.980s][info][gc,phases      ] GC(725) Compaction Phase 17.887ms
[219.980s][info][gc,phases,start] GC(725) Post Compact
[219.982s][info][gc,phases      ] GC(725) Post Compact 2.055ms
[219.982s][info][gc,heap        ] GC(725) PSYoungGen: 58879K(116736K)->55080K(116736K) Eden: 58879K(58880K)->55080K(58880K) From: 0K(57856K)->0K(57856K)
[219.982s][info][gc,heap        ] GC(725) ParOldGen: 347160K(349696K)->347157K(349696K)
[219.982s][info][gc,metaspace   ] GC(725) Metaspace: 119307K(124864K)->119307K(124864K) NonClass: 101283K(104256K)->101283K(104256K) Class: 18024K(20608K)->18024K(20608K)
[219.982s][info][gc             ] GC(725) Pause Full (Ergonomics) 396M->392M(455M) 48.741ms
[219.982s][info][gc,cpu         ] GC(725) User=0.47s Sys=0.00s Real=0.05s
[219.984s][info][gc,start       ] GC(726) Pause Full (Ergonomics)
[219.984s][info][gc,phases,start] GC(726) Marking Phase
[220.012s][info][gc,phases      ] GC(726) Marking Phase 28.790ms
[220.013s][info][gc,phases,start] GC(726) Summary Phase
[220.013s][info][gc,phases      ] GC(726) Summary Phase 0.021ms
[220.013s][info][gc,phases,start] GC(726) Adjust Roots
[220.015s][info][gc,phases      ] GC(726) Adjust Roots 2.933ms
[220.015s][info][gc,phases,start] GC(726) Compaction Phase
[220.030s][info][gc,phases      ] GC(726) Compaction Phase 14.378ms
[220.030s][info][gc,phases,start] GC(726) Post Compact
[220.032s][info][gc,phases      ] GC(726) Post Compact 2.298ms
[220.032s][info][gc,heap        ] GC(726) PSYoungGen: 58880K(116736K)->55111K(116736K) Eden: 58880K(58880K)->55111K(58880K) From: 0K(57856K)->0K(57856K)
[220.032s][info][gc,heap        ] GC(726) ParOldGen: 347157K(349696K)->347154K(349696K)
[220.032s][info][gc,metaspace   ] GC(726) Metaspace: 119307K(124864K)->119307K(124864K) NonClass: 101283K(104256K)->101283K(104256K) Class: 18024K(20608K)->18024K(20608K)
[220.032s][info][gc             ] GC(726) Pause Full (Ergonomics) 396M->392M(455M) 48.744ms
[220.032s][info][gc,cpu         ] GC(726) User=0.33s Sys=0.00s Real=0.05s
[220.034s][info][gc,start       ] GC(727) Pause Full (Ergonomics)
[220.034s][info][gc,phases,start] GC(727) Marking Phase
[220.058s][info][gc,phases      ] GC(727) Marking Phase 24.290ms
[220.058s][info][gc,phases,start] GC(727) Summary Phase
[220.058s][info][gc,phases      ] GC(727) Summary Phase 0.018ms
[220.058s][info][gc,phases,start] GC(727) Adjust Roots
[220.061s][info][gc,phases      ] GC(727) Adjust Roots 3.208ms
[220.061s][info][gc,phases,start] GC(727) Compaction Phase
[220.080s][info][gc,phases      ] GC(727) Compaction Phase 18.215ms
[220.080s][info][gc,phases,start] GC(727) Post Compact
[220.082s][info][gc,phases      ] GC(727) Post Compact 2.645ms
[220.082s][info][gc,heap        ] GC(727) PSYoungGen: 58879K(116736K)->55137K(116736K) Eden: 58879K(58880K)->55137K(58880K) From: 0K(57856K)->0K(57856K)
[220.082s][info][gc,heap        ] GC(727) ParOldGen: 347154K(349696K)->347154K(349696K)
[220.082s][info][gc,metaspace   ] GC(727) Metaspace: 119307K(124864K)->119307K(124864K) NonClass: 101283K(104256K)->101283K(104256K) Class: 18024K(20608K)->18024K(20608K)
[220.083s][info][gc             ] GC(727) Pause Full (Ergonomics) 396M->392M(455M) 48.787ms
[220.083s][info][gc,cpu         ] GC(727) User=0.31s Sys=0.02s Real=0.05s
[220.084s][info][gc,start       ] GC(728) Pause Full (Ergonomics)
[220.084s][info][gc,phases,start] GC(728) Marking Phase
[220.109s][info][gc,phases      ] GC(728) Marking Phase 25.123ms
[220.109s][info][gc,phases,start] GC(728) Summary Phase
[220.109s][info][gc,phases      ] GC(728) Summary Phase 0.031ms
[220.109s][info][gc,phases,start] GC(728) Adjust Roots
[220.113s][info][gc,phases      ] GC(728) Adjust Roots 3.563ms
[220.113s][info][gc,phases,start] GC(728) Compaction Phase
[220.121s][info][gc,phases      ] GC(728) Compaction Phase 8.444ms
[220.121s][info][gc,phases,start] GC(728) Post Compact
[220.124s][info][gc,phases      ] GC(728) Post Compact 2.415ms
[220.124s][info][gc,heap        ] GC(728) PSYoungGen: 58880K(116736K)->55180K(116736K) Eden: 58880K(58880K)->55180K(58880K) From: 0K(57856K)->0K(57856K)
[220.124s][info][gc,heap        ] GC(728) ParOldGen: 347154K(349696K)->347154K(349696K)
[220.124s][info][gc,metaspace   ] GC(728) Metaspace: 119307K(124864K)->119307K(124864K) NonClass: 101283K(104256K)->101283K(104256K) Class: 18024K(20608K)->18024K(20608K)
[220.124s][info][gc             ] GC(728) Pause Full (Ergonomics) 396M->392M(455M) 40.068ms
[220.124s][info][gc,cpu         ] GC(728) User=0.31s Sys=0.00s Real=0.03s
[220.125s][info][gc,start       ] GC(729) Pause Full (Ergonomics)
[220.125s][info][gc,phases,start] GC(729) Marking Phase
[220.157s][info][gc,phases      ] GC(729) Marking Phase 31.301ms
[220.157s][info][gc,phases,start] GC(729) Summary Phase
[220.157s][info][gc,phases      ] GC(729) Summary Phase 0.021ms
[220.157s][info][gc,phases,start] GC(729) Adjust Roots
[220.160s][info][gc,phases      ] GC(729) Adjust Roots 3.137ms
[220.160s][info][gc,phases,start] GC(729) Compaction Phase
[220.181s][info][gc,phases      ] GC(729) Compaction Phase 21.047ms
[220.181s][info][gc,phases,start] GC(729) Post Compact
[220.183s][info][gc,phases      ] GC(729) Post Compact 2.475ms
[220.184s][info][gc,heap        ] GC(729) PSYoungGen: 58880K(116736K)->55661K(116736K) Eden: 58880K(58880K)->55661K(58880K) From: 0K(57856K)->0K(57856K)
[220.184s][info][gc,heap        ] GC(729) ParOldGen: 347154K(349696K)->347148K(349696K)
[220.184s][info][gc,metaspace   ] GC(729) Metaspace: 119307K(124864K)->119307K(124864K) NonClass: 101283K(104256K)->101283K(104256K) Class: 18024K(20608K)->18024K(20608K)
[220.184s][info][gc             ] GC(729) Pause Full (Ergonomics) 396M->393M(455M) 58.321ms
[220.184s][info][gc,cpu         ] GC(729) User=0.33s Sys=0.00s Real=0.05s
[220.185s][info][gc,start       ] GC(730) Pause Full (Ergonomics)
[220.185s][info][gc,phases,start] GC(730) Marking Phase
[220.213s][info][gc,phases      ] GC(730) Marking Phase 27.712ms
[220.213s][info][gc,phases,start] GC(730) Summary Phase
[220.213s][info][gc,phases      ] GC(730) Summary Phase 0.022ms
[220.213s][info][gc,phases,start] GC(730) Adjust Roots
[220.216s][info][gc,phases      ] GC(730) Adjust Roots 2.915ms
[220.216s][info][gc,phases,start] GC(730) Compaction Phase
[220.233s][info][gc,phases      ] GC(730) Compaction Phase 17.548ms
[220.233s][info][gc,phases,start] GC(730) Post Compact
[220.235s][info][gc,phases      ] GC(730) Post Compact 2.069ms
[220.235s][info][gc,heap        ] GC(730) PSYoungGen: 58880K(116736K)->55714K(116736K) Eden: 58880K(58880K)->55714K(58880K) From: 0K(57856K)->0K(57856K)
[220.235s][info][gc,heap        ] GC(730) ParOldGen: 347148K(349696K)->347146K(349696K)
[220.235s][info][gc,metaspace   ] GC(730) Metaspace: 119311K(124864K)->119311K(124864K) NonClass: 101286K(104256K)->101286K(104256K) Class: 18024K(20608K)->18024K(20608K)
[220.235s][info][gc             ] GC(730) Pause Full (Ergonomics) 396M->393M(455M) 50.560ms
[220.235s][info][gc,cpu         ] GC(730) User=0.48s Sys=0.00s Real=0.06s
[220.236s][info][gc,start       ] GC(731) Pause Full (Ergonomics)
[220.236s][info][gc,phases,start] GC(731) Marking Phase
[220.267s][info][gc,phases      ] GC(731) Marking Phase 30.476ms
[220.267s][info][gc,phases,start] GC(731) Summary Phase
[220.267s][info][gc,phases      ] GC(731) Summary Phase 0.019ms
[220.267s][info][gc,phases,start] GC(731) Adjust Roots
[220.270s][info][gc,phases      ] GC(731) Adjust Roots 2.942ms
[220.270s][info][gc,phases,start] GC(731) Compaction Phase
[220.278s][info][gc,phases      ] GC(731) Compaction Phase 8.216ms
[220.278s][info][gc,phases,start] GC(731) Post Compact
[220.280s][info][gc,phases      ] GC(731) Post Compact 2.065ms
[220.280s][info][gc,heap        ] GC(731) PSYoungGen: 58879K(116736K)->55719K(116736K) Eden: 58879K(58880K)->55719K(58880K) From: 0K(57856K)->0K(57856K)
[220.280s][info][gc,heap        ] GC(731) ParOldGen: 347146K(349696K)->347146K(349696K)
[220.280s][info][gc,metaspace   ] GC(731) Metaspace: 119311K(124864K)->119311K(124864K) NonClass: 101286K(104256K)->101286K(104256K) Class: 18024K(20608K)->18024K(20608K)
[220.280s][info][gc             ] GC(731) Pause Full (Ergonomics) 396M->393M(455M) 44.096ms
[220.280s][info][gc,cpu         ] GC(731) User=0.31s Sys=0.00s Real=0.03s
[220.282s][info][gc,start       ] GC(732) Pause Full (Ergonomics)
[220.282s][info][gc,phases,start] GC(732) Marking Phase
[220.308s][info][gc,phases      ] GC(732) Marking Phase 26.338ms
[220.308s][info][gc,phases,start] GC(732) Summary Phase
[220.308s][info][gc,phases      ] GC(732) Summary Phase 0.018ms
[220.308s][info][gc,phases,start] GC(732) Adjust Roots
[220.311s][info][gc,phases      ] GC(732) Adjust Roots 2.983ms
[220.311s][info][gc,phases,start] GC(732) Compaction Phase
[220.322s][info][gc,phases      ] GC(732) Compaction Phase 11.326ms
[220.322s][info][gc,phases,start] GC(732) Post Compact
[220.325s][info][gc,phases      ] GC(732) Post Compact 2.066ms
[220.325s][info][gc,heap        ] GC(732) PSYoungGen: 58879K(116736K)->55725K(116736K) Eden: 58879K(58880K)->55725K(58880K) From: 0K(57856K)->0K(57856K)
[220.325s][info][gc,heap        ] GC(732) ParOldGen: 347146K(349696K)->347146K(349696K)
[220.325s][info][gc,metaspace   ] GC(732) Metaspace: 119311K(124864K)->119311K(124864K) NonClass: 101286K(104256K)->101286K(104256K) Class: 18024K(20608K)->18024K(20608K)
[220.325s][info][gc             ] GC(732) Pause Full (Ergonomics) 396M->393M(455M) 42.982ms
[220.325s][info][gc,cpu         ] GC(732) User=0.39s Sys=0.00s Real=0.05s
[220.326s][info][gc,start       ] GC(733) Pause Full (Ergonomics)
[220.326s][info][gc,phases,start] GC(733) Marking Phase
[220.353s][info][gc,phases      ] GC(733) Marking Phase 26.538ms
[220.353s][info][gc,phases,start] GC(733) Summary Phase
[220.353s][info][gc,phases      ] GC(733) Summary Phase 0.022ms
[220.353s][info][gc,phases,start] GC(733) Adjust Roots
[220.356s][info][gc,phases      ] GC(733) Adjust Roots 3.616ms
[220.356s][info][gc,phases,start] GC(733) Compaction Phase
[220.377s][info][gc,phases      ] GC(733) Compaction Phase 20.137ms
[220.377s][info][gc,phases,start] GC(733) Post Compact
[220.379s][info][gc,phases      ] GC(733) Post Compact 2.284ms
[220.379s][info][gc,heap        ] GC(733) PSYoungGen: 58879K(116736K)->55681K(116736K) Eden: 58879K(58880K)->55681K(58880K) From: 0K(57856K)->0K(57856K)
[220.379s][info][gc,heap        ] GC(733) ParOldGen: 347146K(349696K)->347145K(349696K)
[220.379s][info][gc,metaspace   ] GC(733) Metaspace: 119311K(124864K)->119311K(124864K) NonClass: 101286K(104256K)->101286K(104256K) Class: 18024K(20608K)->18024K(20608K)
[220.379s][info][gc             ] GC(733) Pause Full (Ergonomics) 396M->393M(455M) 52.911ms
[220.379s][info][gc,cpu         ] GC(733) User=0.33s Sys=0.00s Real=0.05s
[220.380s][info][gc,start       ] GC(734) Pause Full (Ergonomics)
[220.380s][info][gc,phases,start] GC(734) Marking Phase
[220.410s][info][gc,phases      ] GC(734) Marking Phase 30.296ms
[220.411s][info][gc,phases,start] GC(734) Summary Phase
[220.411s][info][gc,phases      ] GC(734) Summary Phase 0.046ms
[220.411s][info][gc,phases,start] GC(734) Adjust Roots
[220.414s][info][gc,phases      ] GC(734) Adjust Roots 3.594ms
[220.414s][info][gc,phases,start] GC(734) Compaction Phase
[220.423s][info][gc,phases      ] GC(734) Compaction Phase 8.330ms
[220.423s][info][gc,phases,start] GC(734) Post Compact
[220.425s][info][gc,phases      ] GC(734) Post Compact 2.401ms
[220.425s][info][gc,heap        ] GC(734) PSYoungGen: 58880K(116736K)->55674K(116736K) Eden: 58880K(58880K)->55674K(58880K) From: 0K(57856K)->0K(57856K)
[220.425s][info][gc,heap        ] GC(734) ParOldGen: 347145K(349696K)->347145K(349696K)
[220.425s][info][gc,metaspace   ] GC(734) Metaspace: 119314K(124864K)->119314K(124864K) NonClass: 101289K(104256K)->101289K(104256K) Class: 18025K(20608K)->18025K(20608K)
[220.425s][info][gc             ] GC(734) Pause Full (Ergonomics) 396M->393M(455M) 45.172ms
[220.425s][info][gc,cpu         ] GC(734) User=0.31s Sys=0.00s Real=0.03s
[220.427s][info][gc,start       ] GC(735) Pause Full (Ergonomics)
[220.427s][info][gc,phases,start] GC(735) Marking Phase
[220.457s][info][gc,phases      ] GC(735) Marking Phase 30.455ms
[220.457s][info][gc,phases,start] GC(735) Summary Phase
[220.457s][info][gc,phases      ] GC(735) Summary Phase 0.018ms
[220.457s][info][gc,phases,start] GC(735) Adjust Roots
[220.460s][info][gc,phases      ] GC(735) Adjust Roots 2.918ms
[220.460s][info][gc,phases,start] GC(735) Compaction Phase
[220.470s][info][gc,phases      ] GC(735) Compaction Phase 9.506ms
[220.470s][info][gc,phases,start] GC(735) Post Compact
[220.472s][info][gc,phases      ] GC(735) Post Compact 1.910ms
[220.472s][info][gc,heap        ] GC(735) PSYoungGen: 58880K(116736K)->55670K(116736K) Eden: 58880K(58880K)->55670K(58880K) From: 0K(57856K)->0K(57856K)
[220.472s][info][gc,heap        ] GC(735) ParOldGen: 347145K(349696K)->347145K(349696K)
[220.472s][info][gc,metaspace   ] GC(735) Metaspace: 119314K(124864K)->119314K(124864K) NonClass: 101289K(104256K)->101289K(104256K) Class: 18025K(20608K)->18025K(20608K)
[220.472s][info][gc             ] GC(735) Pause Full (Ergonomics) 396M->393M(455M) 45.039ms
[220.472s][info][gc,cpu         ] GC(735) User=0.31s Sys=0.00s Real=0.03s
[220.473s][info][gc,start       ] GC(736) Pause Full (Ergonomics)
[220.473s][info][gc,phases,start] GC(736) Marking Phase
[220.499s][info][gc,phases      ] GC(736) Marking Phase 26.253ms
[220.499s][info][gc,phases,start] GC(736) Summary Phase
[220.499s][info][gc,phases      ] GC(736) Summary Phase 0.020ms
[220.499s][info][gc,phases,start] GC(736) Adjust Roots
[220.502s][info][gc,phases      ] GC(736) Adjust Roots 2.943ms
[220.502s][info][gc,phases,start] GC(736) Compaction Phase
[220.512s][info][gc,phases      ] GC(736) Compaction Phase 9.902ms
[220.512s][info][gc,phases,start] GC(736) Post Compact
[220.515s][info][gc,phases      ] GC(736) Post Compact 2.518ms
[220.515s][info][gc,heap        ] GC(736) PSYoungGen: 58879K(116736K)->55707K(116736K) Eden: 58879K(58880K)->55707K(58880K) From: 0K(57856K)->0K(57856K)
[220.515s][info][gc,heap        ] GC(736) ParOldGen: 347145K(349696K)->347145K(349696K)
[220.515s][info][gc,metaspace   ] GC(736) Metaspace: 119314K(124864K)->119314K(124864K) NonClass: 101289K(104256K)->101289K(104256K) Class: 18025K(20608K)->18025K(20608K)
[220.515s][info][gc             ] GC(736) Pause Full (Ergonomics) 396M->393M(455M) 42.019ms
[220.515s][info][gc,cpu         ] GC(736) User=0.44s Sys=0.02s Real=0.05s
[220.517s][info][gc,start       ] GC(737) Pause Full (Ergonomics)
[220.517s][info][gc,phases,start] GC(737) Marking Phase
[220.548s][info][gc,phases      ] GC(737) Marking Phase 31.917ms
[220.549s][info][gc,phases,start] GC(737) Summary Phase
[220.549s][info][gc,phases      ] GC(737) Summary Phase 0.023ms
[220.549s][info][gc,phases,start] GC(737) Adjust Roots
[220.552s][info][gc,phases      ] GC(737) Adjust Roots 3.024ms
[220.552s][info][gc,phases,start] GC(737) Compaction Phase
[220.572s][info][gc,phases      ] GC(737) Compaction Phase 20.286ms
[220.572s][info][gc,phases,start] GC(737) Post Compact
[220.574s][info][gc,phases      ] GC(737) Post Compact 2.449ms
[220.574s][info][gc,heap        ] GC(737) PSYoungGen: 58880K(116736K)->55711K(116736K) Eden: 58880K(58880K)->55711K(58880K) From: 0K(57856K)->0K(57856K)
[220.574s][info][gc,heap        ] GC(737) ParOldGen: 347145K(349696K)->347145K(349696K)
[220.575s][info][gc,metaspace   ] GC(737) Metaspace: 119316K(124864K)->119316K(124864K) NonClass: 101290K(104256K)->101290K(104256K) Class: 18025K(20608K)->18025K(20608K)
[220.575s][info][gc             ] GC(737) Pause Full (Ergonomics) 396M->393M(455M) 58.030ms
[220.575s][info][gc,cpu         ] GC(737) User=0.48s Sys=0.00s Real=0.06s
[220.576s][info][gc,start       ] GC(738) Pause Full (Ergonomics)
[220.576s][info][gc,phases,start] GC(738) Marking Phase
[220.604s][info][gc,phases      ] GC(738) Marking Phase 28.266ms
[220.604s][info][gc,phases,start] GC(738) Summary Phase
[220.604s][info][gc,phases      ] GC(738) Summary Phase 0.017ms
[220.604s][info][gc,phases,start] GC(738) Adjust Roots
[220.607s][info][gc,phases      ] GC(738) Adjust Roots 3.311ms
[220.607s][info][gc,phases,start] GC(738) Compaction Phase
[220.623s][info][gc,phases      ] GC(738) Compaction Phase 15.853ms
[220.666s][info][gc,phases,start] GC(738) Post Compact
[220.669s][info][gc,phases      ] GC(738) Post Compact 2.718ms
[220.669s][info][gc,heap        ] GC(738) PSYoungGen: 58880K(116736K)->55693K(116736K) Eden: 58880K(58880K)->55693K(58880K) From: 0K(57856K)->0K(57856K)
[220.669s][info][gc,heap        ] GC(738) ParOldGen: 347145K(349696K)->347145K(349696K)
[220.669s][info][gc,metaspace   ] GC(738) Metaspace: 119317K(124864K)->119317K(124864K) NonClass: 101291K(104256K)->101291K(104256K) Class: 18025K(20608K)->18025K(20608K)
[220.669s][info][gc             ] GC(738) Pause Full (Ergonomics) 396M->393M(455M) 93.397ms
[220.669s][info][gc,cpu         ] GC(738) User=0.22s Sys=0.00s Real=0.09s
[220.671s][info][gc,start       ] GC(739) Pause Full (Ergonomics)
[220.671s][info][gc,phases,start] GC(739) Marking Phase
[220.706s][info][gc,phases      ] GC(739) Marking Phase 34.854ms
[220.706s][info][gc,phases,start] GC(739) Summary Phase
[220.706s][info][gc,phases      ] GC(739) Summary Phase 0.017ms
[220.706s][info][gc,phases,start] GC(739) Adjust Roots
[220.713s][info][gc,phases      ] GC(739) Adjust Roots 6.940ms
[220.713s][info][gc,phases,start] GC(739) Compaction Phase
[220.733s][info][gc,phases      ] GC(739) Compaction Phase 19.643ms
[220.733s][info][gc,phases,start] GC(739) Post Compact
[220.735s][info][gc,phases      ] GC(739) Post Compact 2.160ms
[220.735s][info][gc,heap        ] GC(739) PSYoungGen: 58880K(116736K)->55676K(116736K) Eden: 58880K(58880K)->55676K(58880K) From: 0K(57856K)->0K(57856K)
[220.735s][info][gc,heap        ] GC(739) ParOldGen: 347145K(349696K)->347145K(349696K)
[220.735s][info][gc,metaspace   ] GC(739) Metaspace: 119317K(124864K)->119317K(124864K) NonClass: 101291K(104256K)->101291K(104256K) Class: 18025K(20608K)->18025K(20608K)
[220.735s][info][gc             ] GC(739) Pause Full (Ergonomics) 396M->393M(455M) 63.914ms
[220.735s][info][gc,cpu         ] GC(739) User=0.63s Sys=0.00s Real=0.06s
[220.736s][info][gc,start       ] GC(740) Pause Full (Ergonomics)
[220.736s][info][gc,phases,start] GC(740) Marking Phase
[220.760s][info][gc,phases      ] GC(740) Marking Phase 24.387ms
[220.760s][info][gc,phases,start] GC(740) Summary Phase
[220.760s][info][gc,phases      ] GC(740) Summary Phase 0.018ms
[220.760s][info][gc,phases,start] GC(740) Adjust Roots
[220.764s][info][gc,phases      ] GC(740) Adjust Roots 3.327ms
[220.764s][info][gc,phases,start] GC(740) Compaction Phase
[220.782s][info][gc,phases      ] GC(740) Compaction Phase 18.500ms
[220.782s][info][gc,phases,start] GC(740) Post Compact
[220.785s][info][gc,phases      ] GC(740) Post Compact 2.642ms
[220.785s][info][gc,heap        ] GC(740) PSYoungGen: 58879K(116736K)->55745K(116736K) Eden: 58879K(58880K)->55745K(58880K) From: 0K(57856K)->0K(57856K)
[220.785s][info][gc,heap        ] GC(740) ParOldGen: 347145K(349696K)->347145K(349696K)
[220.785s][info][gc,metaspace   ] GC(740) Metaspace: 119317K(124864K)->119317K(124864K) NonClass: 101291K(104256K)->101291K(104256K) Class: 18025K(20608K)->18025K(20608K)
[220.785s][info][gc             ] GC(740) Pause Full (Ergonomics) 396M->393M(455M) 49.263ms
[220.785s][info][gc,cpu         ] GC(740) User=0.42s Sys=0.00s Real=0.05s
[220.786s][info][gc,start       ] GC(741) Pause Full (Ergonomics)
[220.786s][info][gc,phases,start] GC(741) Marking Phase
[220.819s][info][gc,phases      ] GC(741) Marking Phase 32.469ms
[220.819s][info][gc,phases,start] GC(741) Summary Phase
[220.819s][info][gc,phases      ] GC(741) Summary Phase 0.046ms
[220.819s][info][gc,phases,start] GC(741) Adjust Roots
[220.822s][info][gc,phases      ] GC(741) Adjust Roots 3.349ms
[220.822s][info][gc,phases,start] GC(741) Compaction Phase
[220.841s][info][gc,phases      ] GC(741) Compaction Phase 18.523ms
[220.841s][info][gc,phases,start] GC(741) Post Compact
[220.844s][info][gc,phases      ] GC(741) Post Compact 2.636ms
[220.844s][info][gc,heap        ] GC(741) PSYoungGen: 58880K(116736K)->56251K(116736K) Eden: 58880K(58880K)->56251K(58880K) From: 0K(57856K)->0K(57856K)
[220.844s][info][gc,heap        ] GC(741) ParOldGen: 347145K(349696K)->347144K(349696K)
[220.844s][info][gc,metaspace   ] GC(741) Metaspace: 119320K(124864K)->119320K(124864K) NonClass: 101293K(104256K)->101293K(104256K) Class: 18026K(20608K)->18026K(20608K)
[220.844s][info][gc             ] GC(741) Pause Full (Ergonomics) 396M->393M(455M) 57.457ms
[220.844s][info][gc,cpu         ] GC(741) User=0.33s Sys=0.00s Real=0.05s
[220.845s][info][gc,start       ] GC(742) Pause Full (Ergonomics)
[220.845s][info][gc,phases,start] GC(742) Marking Phase
[220.880s][info][gc,phases      ] GC(742) Marking Phase 35.038ms
[220.880s][info][gc,phases,start] GC(742) Summary Phase
[220.880s][info][gc,phases      ] GC(742) Summary Phase 0.046ms
[220.880s][info][gc,phases,start] GC(742) Adjust Roots
[220.883s][info][gc,phases      ] GC(742) Adjust Roots 3.032ms
[220.883s][info][gc,phases,start] GC(742) Compaction Phase
[220.894s][info][gc,phases      ] GC(742) Compaction Phase 10.722ms
[220.894s][info][gc,phases,start] GC(742) Post Compact
[220.896s][info][gc,phases      ] GC(742) Post Compact 2.105ms
[220.896s][info][gc,heap        ] GC(742) PSYoungGen: 58880K(116736K)->56252K(116736K) Eden: 58880K(58880K)->56252K(58880K) From: 0K(57856K)->0K(57856K)
[220.896s][info][gc,heap        ] GC(742) ParOldGen: 347144K(349696K)->347141K(349696K)
[220.896s][info][gc,metaspace   ] GC(742) Metaspace: 119321K(124864K)->119321K(124864K) NonClass: 101294K(104256K)->101294K(104256K) Class: 18026K(20608K)->18026K(20608K)
[220.896s][info][gc             ] GC(742) Pause Full (Ergonomics) 396M->393M(455M) 51.324ms
[220.896s][info][gc,cpu         ] GC(742) User=0.34s Sys=0.00s Real=0.06s
[220.897s][info][gc,start       ] GC(743) Pause Full (Ergonomics)
[220.897s][info][gc,phases,start] GC(743) Marking Phase
[220.929s][info][gc,phases      ] GC(743) Marking Phase 32.031ms
[220.929s][info][gc,phases,start] GC(743) Summary Phase
[220.929s][info][gc,phases      ] GC(743) Summary Phase 0.045ms
[220.929s][info][gc,phases,start] GC(743) Adjust Roots
[220.933s][info][gc,phases      ] GC(743) Adjust Roots 3.493ms
[220.933s][info][gc,phases,start] GC(743) Compaction Phase
[220.952s][info][gc,phases      ] GC(743) Compaction Phase 19.151ms
[220.952s][info][gc,phases,start] GC(743) Post Compact
[220.955s][info][gc,phases      ] GC(743) Post Compact 2.640ms
[220.955s][info][gc,heap        ] GC(743) PSYoungGen: 58880K(116736K)->56409K(116736K) Eden: 58880K(58880K)->56409K(58880K) From: 0K(57856K)->0K(57856K)
[220.955s][info][gc,heap        ] GC(743) ParOldGen: 347141K(349696K)->347140K(349696K)
[220.955s][info][gc,metaspace   ] GC(743) Metaspace: 119321K(124864K)->119321K(124864K) NonClass: 101294K(104256K)->101294K(104256K) Class: 18026K(20608K)->18026K(20608K)
[220.955s][info][gc             ] GC(743) Pause Full (Ergonomics) 396M->394M(455M) 57.793ms
[220.955s][info][gc,cpu         ] GC(743) User=0.33s Sys=0.00s Real=0.05s
[220.956s][info][gc,start       ] GC(744) Pause Full (Ergonomics)
[220.956s][info][gc,phases,start] GC(744) Marking Phase
[220.980s][info][gc,phases      ] GC(744) Marking Phase 23.949ms
[220.980s][info][gc,phases,start] GC(744) Summary Phase
[220.980s][info][gc,phases      ] GC(744) Summary Phase 0.020ms
[220.980s][info][gc,phases,start] GC(744) Adjust Roots
[220.983s][info][gc,phases      ] GC(744) Adjust Roots 2.973ms
[220.983s][info][gc,phases,start] GC(744) Compaction Phase
[220.995s][info][gc,phases      ] GC(744) Compaction Phase 12.405ms
[220.995s][info][gc,phases,start] GC(744) Post Compact
[220.998s][info][gc,phases      ] GC(744) Post Compact 2.636ms
[220.998s][info][gc,heap        ] GC(744) PSYoungGen: 58879K(116736K)->56637K(116736K) Eden: 58879K(58880K)->56637K(58880K) From: 0K(57856K)->0K(57856K)
[220.998s][info][gc,heap        ] GC(744) ParOldGen: 347140K(349696K)->347137K(349696K)
[220.998s][info][gc,metaspace   ] GC(744) Metaspace: 119321K(124864K)->119321K(124864K) NonClass: 101294K(104256K)->101294K(104256K) Class: 18026K(20608K)->18026K(20608K)
[220.998s][info][gc             ] GC(744) Pause Full (Ergonomics) 396M->394M(455M) 42.388ms
[220.998s][info][gc,cpu         ] GC(744) User=0.33s Sys=0.00s Real=0.05s
[220.999s][info][gc,start       ] GC(745) Pause Full (Ergonomics)
[220.999s][info][gc,phases,start] GC(745) Marking Phase
[221.030s][info][gc,phases      ] GC(745) Marking Phase 31.283ms
[221.030s][info][gc,phases,start] GC(745) Summary Phase
[221.031s][info][gc,phases      ] GC(745) Summary Phase 0.047ms
[221.031s][info][gc,phases,start] GC(745) Adjust Roots
[221.034s][info][gc,phases      ] GC(745) Adjust Roots 3.169ms
[221.034s][info][gc,phases,start] GC(745) Compaction Phase
[221.047s][info][gc,phases      ] GC(745) Compaction Phase 12.828ms
[221.047s][info][gc,phases,start] GC(745) Post Compact
[221.049s][info][gc,phases      ] GC(745) Post Compact 2.308ms
[221.049s][info][gc,heap        ] GC(745) PSYoungGen: 58879K(116736K)->56825K(116736K) Eden: 58879K(58880K)->56825K(58880K) From: 0K(57856K)->0K(57856K)
[221.049s][info][gc,heap        ] GC(745) ParOldGen: 347137K(349696K)->347134K(349696K)
[221.049s][info][gc,metaspace   ] GC(745) Metaspace: 119321K(124864K)->119321K(124864K) NonClass: 101294K(104256K)->101294K(104256K) Class: 18026K(20608K)->18026K(20608K)
[221.049s][info][gc             ] GC(745) Pause Full (Ergonomics) 396M->394M(455M) 50.036ms
[221.049s][info][gc,cpu         ] GC(745) User=0.33s Sys=0.00s Real=0.05s
[221.050s][info][gc,start       ] GC(746) Pause Full (Ergonomics)
[221.050s][info][gc,phases,start] GC(746) Marking Phase
[221.078s][info][gc,phases      ] GC(746) Marking Phase 27.798ms
[221.078s][info][gc,phases,start] GC(746) Summary Phase
[221.078s][info][gc,phases      ] GC(746) Summary Phase 0.022ms
[221.078s][info][gc,phases,start] GC(746) Adjust Roots
[221.081s][info][gc,phases      ] GC(746) Adjust Roots 3.025ms
[221.081s][info][gc,phases,start] GC(746) Compaction Phase
[221.088s][info][gc,phases      ] GC(746) Compaction Phase 7.020ms
[221.088s][info][gc,phases,start] GC(746) Post Compact
[221.090s][info][gc,phases      ] GC(746) Post Compact 2.080ms
[221.090s][info][gc,heap        ] GC(746) PSYoungGen: 58880K(116736K)->56853K(116736K) Eden: 58880K(58880K)->56853K(58880K) From: 0K(57856K)->0K(57856K)
[221.090s][info][gc,heap        ] GC(746) ParOldGen: 347134K(349696K)->347134K(349696K)
[221.090s][info][gc,metaspace   ] GC(746) Metaspace: 119321K(124864K)->119321K(124864K) NonClass: 101294K(104256K)->101294K(104256K) Class: 18026K(20608K)->18026K(20608K)
[221.090s][info][gc             ] GC(746) Pause Full (Ergonomics) 396M->394M(455M) 40.211ms
[221.090s][info][gc,cpu         ] GC(746) User=0.17s Sys=0.00s Real=0.03s
[221.091s][info][gc,start       ] GC(747) Pause Full (Ergonomics)
[221.091s][info][gc,phases,start] GC(747) Marking Phase
[221.117s][info][gc,phases      ] GC(747) Marking Phase 26.277ms
[221.117s][info][gc,phases,start] GC(747) Summary Phase
[221.117s][info][gc,phases      ] GC(747) Summary Phase 0.017ms
[221.117s][info][gc,phases,start] GC(747) Adjust Roots
[221.121s][info][gc,phases      ] GC(747) Adjust Roots 3.518ms
[221.121s][info][gc,phases,start] GC(747) Compaction Phase
[221.132s][info][gc,phases      ] GC(747) Compaction Phase 11.070ms
[221.132s][info][gc,phases,start] GC(747) Post Compact
[221.134s][info][gc,phases      ] GC(747) Post Compact 1.994ms
[221.134s][info][gc,heap        ] GC(747) PSYoungGen: 58879K(116736K)->56826K(116736K) Eden: 58879K(58880K)->56826K(58880K) From: 0K(57856K)->0K(57856K)
[221.134s][info][gc,heap        ] GC(747) ParOldGen: 347134K(349696K)->347134K(349696K)
[221.134s][info][gc,metaspace   ] GC(747) Metaspace: 119321K(124864K)->119321K(124864K) NonClass: 101294K(104256K)->101294K(104256K) Class: 18026K(20608K)->18026K(20608K)
[221.134s][info][gc             ] GC(747) Pause Full (Ergonomics) 396M->394M(455M) 43.110ms
[221.134s][info][gc,cpu         ] GC(747) User=0.31s Sys=0.00s Real=0.03s
[221.135s][info][gc,start       ] GC(748) Pause Full (Ergonomics)
[221.135s][info][gc,phases,start] GC(748) Marking Phase
[221.169s][info][gc,phases      ] GC(748) Marking Phase 34.538ms
[221.169s][info][gc,phases,start] GC(748) Summary Phase
[221.169s][info][gc,phases      ] GC(748) Summary Phase 0.045ms
[221.170s][info][gc,phases,start] GC(748) Adjust Roots
[221.173s][info][gc,phases      ] GC(748) Adjust Roots 3.691ms
[221.173s][info][gc,phases,start] GC(748) Compaction Phase
[221.193s][info][gc,phases      ] GC(748) Compaction Phase 19.271ms
[221.193s][info][gc,phases,start] GC(748) Post Compact
[221.195s][info][gc,phases      ] GC(748) Post Compact 2.644ms
[221.195s][info][gc,heap        ] GC(748) PSYoungGen: 58880K(116736K)->56783K(116736K) Eden: 58880K(58880K)->56783K(58880K) From: 0K(57856K)->0K(57856K)
[221.195s][info][gc,heap        ] GC(748) ParOldGen: 347134K(349696K)->347130K(349696K)
[221.195s][info][gc,metaspace   ] GC(748) Metaspace: 119321K(124864K)->119321K(124864K) NonClass: 101294K(104256K)->101294K(104256K) Class: 18026K(20608K)->18026K(20608K)
[221.195s][info][gc             ] GC(748) Pause Full (Ergonomics) 396M->394M(455M) 60.632ms
[221.196s][info][gc,cpu         ] GC(748) User=0.48s Sys=0.00s Real=0.06s
[221.196s][info][gc,start       ] GC(749) Pause Full (Ergonomics)
[221.196s][info][gc,phases,start] GC(749) Marking Phase
[221.221s][info][gc,phases      ] GC(749) Marking Phase 24.178ms
[221.221s][info][gc,phases,start] GC(749) Summary Phase
[221.221s][info][gc,phases      ] GC(749) Summary Phase 0.020ms
[221.221s][info][gc,phases,start] GC(749) Adjust Roots
[221.224s][info][gc,phases      ] GC(749) Adjust Roots 2.951ms
[221.224s][info][gc,phases,start] GC(749) Compaction Phase
[221.238s][info][gc,phases      ] GC(749) Compaction Phase 14.236ms
[221.238s][info][gc,phases,start] GC(749) Post Compact
[221.240s][info][gc,phases      ] GC(749) Post Compact 2.486ms
[221.240s][info][gc,heap        ] GC(749) PSYoungGen: 58880K(116736K)->57104K(116736K) Eden: 58880K(58880K)->57104K(58880K) From: 0K(57856K)->0K(57856K)
[221.240s][info][gc,heap        ] GC(749) ParOldGen: 347130K(349696K)->347127K(349696K)
[221.240s][info][gc,metaspace   ] GC(749) Metaspace: 119321K(124864K)->119321K(124864K) NonClass: 101294K(104256K)->101294K(104256K) Class: 18026K(20608K)->18026K(20608K)
[221.241s][info][gc             ] GC(749) Pause Full (Ergonomics) 396M->394M(455M) 44.221ms
[221.241s][info][gc,cpu         ] GC(749) User=0.42s Sys=0.00s Real=0.05s
[221.241s][info][gc,start       ] GC(750) Pause Full (Ergonomics)
[221.241s][info][gc,phases,start] GC(750) Marking Phase
[221.268s][info][gc,phases      ] GC(750) Marking Phase 26.752ms
[221.268s][info][gc,phases,start] GC(750) Summary Phase
[221.268s][info][gc,phases      ] GC(750) Summary Phase 0.035ms
[221.268s][info][gc,phases,start] GC(750) Adjust Roots
[221.272s][info][gc,phases      ] GC(750) Adjust Roots 3.322ms
[221.272s][info][gc,phases,start] GC(750) Compaction Phase
[221.289s][info][gc,phases      ] GC(750) Compaction Phase 17.848ms
[221.289s][info][gc,phases,start] GC(750) Post Compact
[221.292s][info][gc,phases      ] GC(750) Post Compact 2.629ms
[221.292s][info][gc,heap        ] GC(750) PSYoungGen: 58880K(116736K)->57095K(116736K) Eden: 58880K(58880K)->57095K(58880K) From: 0K(57856K)->0K(57856K)
[221.292s][info][gc,heap        ] GC(750) ParOldGen: 347127K(349696K)->347127K(349696K)
[221.292s][info][gc,metaspace   ] GC(750) Metaspace: 119321K(124864K)->119321K(124864K) NonClass: 101294K(104256K)->101294K(104256K) Class: 18026K(20608K)->18026K(20608K)
[221.292s][info][gc             ] GC(750) Pause Full (Ergonomics) 396M->394M(455M) 50.989ms
[221.292s][info][gc,cpu         ] GC(750) User=0.33s Sys=0.00s Real=0.05s
[221.293s][info][gc,start       ] GC(751) Pause Full (Ergonomics)
[221.293s][info][gc,phases,start] GC(751) Marking Phase
[221.324s][info][gc,phases      ] GC(751) Marking Phase 30.802ms
[221.324s][info][gc,phases,start] GC(751) Summary Phase
[221.324s][info][gc,phases      ] GC(751) Summary Phase 0.021ms
[221.324s][info][gc,phases,start] GC(751) Adjust Roots
[221.328s][info][gc,phases      ] GC(751) Adjust Roots 3.741ms
[221.328s][info][gc,phases,start] GC(751) Compaction Phase
[221.343s][info][gc,phases      ] GC(751) Compaction Phase 14.992ms
[221.343s][info][gc,phases,start] GC(751) Post Compact
[221.345s][info][gc,phases      ] GC(751) Post Compact 2.132ms
[221.345s][info][gc,heap        ] GC(751) PSYoungGen: 58880K(116736K)->57081K(116736K) Eden: 58880K(58880K)->57081K(58880K) From: 0K(57856K)->0K(57856K)
[221.345s][info][gc,heap        ] GC(751) ParOldGen: 347127K(349696K)->347127K(349696K)
[221.345s][info][gc,metaspace   ] GC(751) Metaspace: 119321K(124864K)->119321K(124864K) NonClass: 101294K(104256K)->101294K(104256K) Class: 18026K(20608K)->18026K(20608K)
[221.345s][info][gc             ] GC(751) Pause Full (Ergonomics) 396M->394M(455M) 51.969ms
[221.345s][info][gc,cpu         ] GC(751) User=0.20s Sys=0.00s Real=0.05s
[221.346s][info][gc,start       ] GC(752) Pause Full (Ergonomics)
[221.346s][info][gc,phases,start] GC(752) Marking Phase
[221.376s][info][gc,phases      ] GC(752) Marking Phase 30.161ms
[221.376s][info][gc,phases,start] GC(752) Summary Phase
[221.376s][info][gc,phases      ] GC(752) Summary Phase 0.019ms
[221.376s][info][gc,phases,start] GC(752) Adjust Roots
[221.380s][info][gc,phases      ] GC(752) Adjust Roots 3.809ms
[221.380s][info][gc,phases,start] GC(752) Compaction Phase
[221.389s][info][gc,phases      ] GC(752) Compaction Phase 8.278ms
[221.389s][info][gc,phases,start] GC(752) Post Compact
[221.391s][info][gc,phases      ] GC(752) Post Compact 2.509ms
[221.391s][info][gc,heap        ] GC(752) PSYoungGen: 58880K(116736K)->57358K(116736K) Eden: 58880K(58880K)->57358K(58880K) From: 0K(57856K)->0K(57856K)
[221.391s][info][gc,heap        ] GC(752) ParOldGen: 347127K(349696K)->347127K(349696K)
[221.391s][info][gc,metaspace   ] GC(752) Metaspace: 119323K(124864K)->119323K(124864K) NonClass: 101296K(104256K)->101296K(104256K) Class: 18026K(20608K)->18026K(20608K)
[221.391s][info][gc             ] GC(752) Pause Full (Ergonomics) 396M->395M(455M) 45.156ms
[221.391s][info][gc,cpu         ] GC(752) User=0.31s Sys=0.00s Real=0.03s
[221.392s][info][gc,start       ] GC(753) Pause Full (Ergonomics)
[221.392s][info][gc,phases,start] GC(753) Marking Phase
[221.421s][info][gc,phases      ] GC(753) Marking Phase 28.730ms
[221.421s][info][gc,phases,start] GC(753) Summary Phase
[221.421s][info][gc,phases      ] GC(753) Summary Phase 0.018ms
[221.421s][info][gc,phases,start] GC(753) Adjust Roots
[221.424s][info][gc,phases      ] GC(753) Adjust Roots 3.437ms
[221.424s][info][gc,phases,start] GC(753) Compaction Phase
[221.434s][info][gc,phases      ] GC(753) Compaction Phase 9.246ms
[221.434s][info][gc,phases,start] GC(753) Post Compact
[221.436s][info][gc,phases      ] GC(753) Post Compact 2.034ms
[221.436s][info][gc,heap        ] GC(753) PSYoungGen: 58880K(116736K)->57324K(116736K) Eden: 58880K(58880K)->57324K(58880K) From: 0K(57856K)->0K(57856K)
[221.436s][info][gc,heap        ] GC(753) ParOldGen: 347127K(349696K)->347127K(349696K)
[221.436s][info][gc,metaspace   ] GC(753) Metaspace: 119324K(124864K)->119324K(124864K) NonClass: 101297K(104256K)->101297K(104256K) Class: 18026K(20608K)->18026K(20608K)
[221.436s][info][gc             ] GC(753) Pause Full (Ergonomics) 396M->394M(455M) 43.741ms
[221.436s][info][gc,cpu         ] GC(753) User=0.17s Sys=0.00s Real=0.03s
[221.437s][info][gc,start       ] GC(754) Pause Full (Ergonomics)
[221.437s][info][gc,phases,start] GC(754) Marking Phase
[221.465s][info][gc,phases      ] GC(754) Marking Phase 28.136ms
[221.465s][info][gc,phases,start] GC(754) Summary Phase
[221.465s][info][gc,phases      ] GC(754) Summary Phase 0.019ms
[221.465s][info][gc,phases,start] GC(754) Adjust Roots
[221.468s][info][gc,phases      ] GC(754) Adjust Roots 3.102ms
[221.468s][info][gc,phases,start] GC(754) Compaction Phase
[221.482s][info][gc,phases      ] GC(754) Compaction Phase 13.716ms
[221.482s][info][gc,phases,start] GC(754) Post Compact
[221.484s][info][gc,phases      ] GC(754) Post Compact 2.171ms
[221.484s][info][gc,heap        ] GC(754) PSYoungGen: 58880K(116736K)->57386K(116736K) Eden: 58880K(58880K)->57386K(58880K) From: 0K(57856K)->0K(57856K)
[221.484s][info][gc,heap        ] GC(754) ParOldGen: 347127K(349696K)->347127K(349696K)
[221.484s][info][gc,metaspace   ] GC(754) Metaspace: 119324K(124864K)->119324K(124864K) NonClass: 101297K(104256K)->101297K(104256K) Class: 18026K(20608K)->18026K(20608K)
[221.484s][info][gc             ] GC(754) Pause Full (Ergonomics) 396M->395M(455M) 47.458ms
[221.484s][info][gc,cpu         ] GC(754) User=0.44s Sys=0.00s Real=0.05s
[221.485s][info][gc,start       ] GC(755) Pause Full (Ergonomics)
[221.485s][info][gc,phases,start] GC(755) Marking Phase
[221.512s][info][gc,phases      ] GC(755) Marking Phase 26.977ms
[221.512s][info][gc,phases,start] GC(755) Summary Phase
[221.512s][info][gc,phases      ] GC(755) Summary Phase 0.018ms
[221.512s][info][gc,phases,start] GC(755) Adjust Roots
[221.515s][info][gc,phases      ] GC(755) Adjust Roots 2.988ms
[221.515s][info][gc,phases,start] GC(755) Compaction Phase
[221.526s][info][gc,phases      ] GC(755) Compaction Phase 11.103ms
[221.526s][info][gc,phases,start] GC(755) Post Compact
[221.529s][info][gc,phases      ] GC(755) Post Compact 2.636ms
[221.529s][info][gc,heap        ] GC(755) PSYoungGen: 58879K(116736K)->57369K(116736K) Eden: 58879K(58880K)->57369K(58880K) From: 0K(57856K)->0K(57856K)
[221.529s][info][gc,heap        ] GC(755) ParOldGen: 347127K(349696K)->347124K(349696K)
[221.529s][info][gc,metaspace   ] GC(755) Metaspace: 119324K(124864K)->119324K(124864K) NonClass: 101297K(104256K)->101297K(104256K) Class: 18026K(20608K)->18026K(20608K)
[221.529s][info][gc             ] GC(755) Pause Full (Ergonomics) 396M->395M(455M) 44.123ms
[221.529s][info][gc,cpu         ] GC(755) User=0.47s Sys=0.00s Real=0.05s
[221.530s][info][gc,start       ] GC(756) Pause Full (Ergonomics)
[221.530s][info][gc,phases,start] GC(756) Marking Phase
[221.558s][info][gc,phases      ] GC(756) Marking Phase 28.356ms
[221.558s][info][gc,phases,start] GC(756) Summary Phase
[221.558s][info][gc,phases      ] GC(756) Summary Phase 0.019ms
[221.558s][info][gc,phases,start] GC(756) Adjust Roots
[221.561s][info][gc,phases      ] GC(756) Adjust Roots 2.994ms
[221.561s][info][gc,phases,start] GC(756) Compaction Phase
[221.576s][info][gc,phases      ] GC(756) Compaction Phase 15.112ms
[221.576s][info][gc,phases,start] GC(756) Post Compact
[221.579s][info][gc,phases      ] GC(756) Post Compact 2.217ms
[221.579s][info][gc,heap        ] GC(756) PSYoungGen: 58879K(116736K)->57399K(116736K) Eden: 58879K(58880K)->57399K(58880K) From: 0K(57856K)->0K(57856K)
[221.579s][info][gc,heap        ] GC(756) ParOldGen: 347124K(349696K)->347124K(349696K)
[221.579s][info][gc,metaspace   ] GC(756) Metaspace: 119324K(124864K)->119324K(124864K) NonClass: 101297K(104256K)->101297K(104256K) Class: 18026K(20608K)->18026K(20608K)
[221.579s][info][gc             ] GC(756) Pause Full (Ergonomics) 396M->395M(455M) 49.022ms
[221.579s][info][gc,cpu         ] GC(756) User=0.20s Sys=0.00s Real=0.05s
[221.579s][info][gc,start       ] GC(757) Pause Full (Ergonomics)
[221.580s][info][gc,phases,start] GC(757) Marking Phase
[221.610s][info][gc,phases      ] GC(757) Marking Phase 29.990ms
[221.610s][info][gc,phases,start] GC(757) Summary Phase
[221.610s][info][gc,phases      ] GC(757) Summary Phase 0.017ms
[221.610s][info][gc,phases,start] GC(757) Adjust Roots
[221.613s][info][gc,phases      ] GC(757) Adjust Roots 3.042ms
[221.613s][info][gc,phases,start] GC(757) Compaction Phase
[221.630s][info][gc,phases      ] GC(757) Compaction Phase 17.658ms
[221.630s][info][gc,phases,start] GC(757) Post Compact
[221.633s][info][gc,phases      ] GC(757) Post Compact 2.286ms
[221.633s][info][gc,heap        ] GC(757) PSYoungGen: 58879K(116736K)->57399K(116736K) Eden: 58879K(58880K)->57399K(58880K) From: 0K(57856K)->0K(57856K)
[221.633s][info][gc,heap        ] GC(757) ParOldGen: 347124K(349696K)->347124K(349696K)
[221.633s][info][gc,metaspace   ] GC(757) Metaspace: 119324K(124864K)->119324K(124864K) NonClass: 101297K(104256K)->101297K(104256K) Class: 18026K(20608K)->18026K(20608K)
[221.633s][info][gc             ] GC(757) Pause Full (Ergonomics) 396M->395M(455M) 53.296ms
[221.633s][info][gc,cpu         ] GC(757) User=0.33s Sys=0.00s Real=0.05s
[221.634s][info][gc,start       ] GC(758) Pause Full (Ergonomics)
[221.634s][info][gc,phases,start] GC(758) Marking Phase
[221.658s][info][gc,phases      ] GC(758) Marking Phase 24.425ms
[221.658s][info][gc,phases,start] GC(758) Summary Phase
[221.658s][info][gc,phases      ] GC(758) Summary Phase 0.020ms
[221.658s][info][gc,phases,start] GC(758) Adjust Roots
[221.661s][info][gc,phases      ] GC(758) Adjust Roots 3.202ms
[221.661s][info][gc,phases,start] GC(758) Compaction Phase
[221.681s][info][gc,phases      ] GC(758) Compaction Phase 19.628ms
[221.681s][info][gc,phases,start] GC(758) Post Compact
[221.684s][info][gc,phases      ] GC(758) Post Compact 2.636ms
[221.684s][info][gc,heap        ] GC(758) PSYoungGen: 58879K(116736K)->57447K(116736K) Eden: 58879K(58880K)->57447K(58880K) From: 0K(57856K)->0K(57856K)
[221.684s][info][gc,heap        ] GC(758) ParOldGen: 347124K(349696K)->347122K(349696K)
[221.684s][info][gc,metaspace   ] GC(758) Metaspace: 119324K(124864K)->119324K(124864K) NonClass: 101297K(104256K)->101297K(104256K) Class: 18026K(20608K)->18026K(20608K)
[221.684s][info][gc             ] GC(758) Pause Full (Ergonomics) 396M->395M(455M) 50.312ms
[221.684s][info][gc,cpu         ] GC(758) User=0.47s Sys=0.00s Real=0.05s
[221.685s][info][gc,start       ] GC(759) Pause Full (Ergonomics)
[221.685s][info][gc,phases,start] GC(759) Marking Phase
[221.709s][info][gc,phases      ] GC(759) Marking Phase 24.669ms
[221.709s][info][gc,phases,start] GC(759) Summary Phase
[221.709s][info][gc,phases      ] GC(759) Summary Phase 0.018ms
[221.709s][info][gc,phases,start] GC(759) Adjust Roots
[221.712s][info][gc,phases      ] GC(759) Adjust Roots 2.996ms
[221.712s][info][gc,phases,start] GC(759) Compaction Phase
[221.728s][info][gc,phases      ] GC(759) Compaction Phase 15.946ms
[221.728s][info][gc,phases,start] GC(759) Post Compact
[221.731s][info][gc,phases      ] GC(759) Post Compact 2.521ms
[221.731s][info][gc,heap        ] GC(759) PSYoungGen: 58880K(116736K)->57722K(116736K) Eden: 58880K(58880K)->57722K(58880K) From: 0K(57856K)->0K(57856K)
[221.731s][info][gc,heap        ] GC(759) ParOldGen: 347122K(349696K)->347122K(349696K)
[221.731s][info][gc,metaspace   ] GC(759) Metaspace: 119327K(124864K)->119327K(124864K) NonClass: 101300K(104256K)->101300K(104256K) Class: 18027K(20608K)->18027K(20608K)
[221.731s][info][gc             ] GC(759) Pause Full (Ergonomics) 396M->395M(455M) 46.522ms
[221.731s][info][gc,cpu         ] GC(759) User=0.22s Sys=0.00s Real=0.05s
[221.732s][info][gc,start       ] GC(760) Pause Full (Ergonomics)
[221.732s][info][gc,phases,start] GC(760) Marking Phase
[221.764s][info][gc,phases      ] GC(760) Marking Phase 32.485ms
[221.765s][info][gc,phases,start] GC(760) Summary Phase
[221.765s][info][gc,phases      ] GC(760) Summary Phase 0.018ms
[221.765s][info][gc,phases,start] GC(760) Adjust Roots
[221.767s][info][gc,phases      ] GC(760) Adjust Roots 2.943ms
[221.768s][info][gc,phases,start] GC(760) Compaction Phase
[221.782s][info][gc,phases      ] GC(760) Compaction Phase 14.864ms
[221.782s][info][gc,phases,start] GC(760) Post Compact
[221.785s][info][gc,phases      ] GC(760) Post Compact 2.296ms
[221.785s][info][gc,heap        ] GC(760) PSYoungGen: 58880K(116736K)->57752K(116736K) Eden: 58880K(58880K)->57752K(58880K) From: 0K(57856K)->0K(57856K)
[221.785s][info][gc,heap        ] GC(760) ParOldGen: 347122K(349696K)->347122K(349696K)
[221.785s][info][gc,metaspace   ] GC(760) Metaspace: 119327K(124864K)->119327K(124864K) NonClass: 101300K(104256K)->101300K(104256K) Class: 18027K(20608K)->18027K(20608K)
[221.785s][info][gc             ] GC(760) Pause Full (Ergonomics) 396M->395M(455M) 52.945ms
[221.785s][info][gc,cpu         ] GC(760) User=0.19s Sys=0.00s Real=0.05s
[221.786s][info][gc,start       ] GC(761) Pause Full (Ergonomics)
[221.786s][info][gc,phases,start] GC(761) Marking Phase
[221.815s][info][gc,phases      ] GC(761) Marking Phase 29.760ms
[221.815s][info][gc,phases,start] GC(761) Summary Phase
[221.815s][info][gc,phases      ] GC(761) Summary Phase 0.019ms
[221.815s][info][gc,phases,start] GC(761) Adjust Roots
[221.819s][info][gc,phases      ] GC(761) Adjust Roots 3.050ms
[221.819s][info][gc,phases,start] GC(761) Compaction Phase
[221.837s][info][gc,phases      ] GC(761) Compaction Phase 18.240ms
[221.837s][info][gc,phases,start] GC(761) Post Compact
[221.839s][info][gc,phases      ] GC(761) Post Compact 2.075ms
[221.839s][info][gc,heap        ] GC(761) PSYoungGen: 58880K(116736K)->57734K(116736K) Eden: 58880K(58880K)->57734K(58880K) From: 0K(57856K)->0K(57856K)
[221.839s][info][gc,heap        ] GC(761) ParOldGen: 347122K(349696K)->347122K(349696K)
[221.839s][info][gc,metaspace   ] GC(761) Metaspace: 119327K(124864K)->119327K(124864K) NonClass: 101300K(104256K)->101300K(104256K) Class: 18027K(20608K)->18027K(20608K)
[221.839s][info][gc             ] GC(761) Pause Full (Ergonomics) 396M->395M(455M) 53.467ms
[221.839s][info][gc,cpu         ] GC(761) User=0.33s Sys=0.00s Real=0.05s
[221.840s][info][gc,start       ] GC(762) Pause Full (Ergonomics)
[221.840s][info][gc,phases,start] GC(762) Marking Phase
[221.865s][info][gc,phases      ] GC(762) Marking Phase 25.536ms
[221.865s][info][gc,phases,start] GC(762) Summary Phase
[221.865s][info][gc,phases      ] GC(762) Summary Phase 0.025ms
[221.865s][info][gc,phases,start] GC(762) Adjust Roots
[221.868s][info][gc,phases      ] GC(762) Adjust Roots 3.041ms
[221.868s][info][gc,phases,start] GC(762) Compaction Phase
[221.887s][info][gc,phases      ] GC(762) Compaction Phase 18.309ms
[221.887s][info][gc,phases,start] GC(762) Post Compact
[221.889s][info][gc,phases      ] GC(762) Post Compact 2.287ms
[221.889s][info][gc,heap        ] GC(762) PSYoungGen: 58879K(116736K)->57826K(116736K) Eden: 58879K(58880K)->57826K(58880K) From: 0K(57856K)->0K(57856K)
[221.889s][info][gc,heap        ] GC(762) ParOldGen: 347122K(349696K)->347118K(349696K)
[221.889s][info][gc,metaspace   ] GC(762) Metaspace: 119327K(124864K)->119327K(124864K) NonClass: 101300K(104256K)->101300K(104256K) Class: 18027K(20608K)->18027K(20608K)
[221.889s][info][gc             ] GC(762) Pause Full (Ergonomics) 396M->395M(455M) 49.564ms
[221.889s][info][gc,cpu         ] GC(762) User=0.33s Sys=0.00s Real=0.05s
[221.890s][info][gc,start       ] GC(763) Pause Full (Ergonomics)
[221.890s][info][gc,phases,start] GC(763) Marking Phase
[221.915s][info][gc,phases      ] GC(763) Marking Phase 24.622ms
[221.915s][info][gc,phases,start] GC(763) Summary Phase
[221.915s][info][gc,phases      ] GC(763) Summary Phase 0.019ms
[221.915s][info][gc,phases,start] GC(763) Adjust Roots
[221.918s][info][gc,phases      ] GC(763) Adjust Roots 2.977ms
[221.918s][info][gc,phases,start] GC(763) Compaction Phase
[221.930s][info][gc,phases      ] GC(763) Compaction Phase 11.910ms
[221.930s][info][gc,phases,start] GC(763) Post Compact
[221.932s][info][gc,phases      ] GC(763) Post Compact 2.506ms
[221.932s][info][gc,heap        ] GC(763) PSYoungGen: 58879K(116736K)->57824K(116736K) Eden: 58879K(58880K)->57824K(58880K) From: 0K(57856K)->0K(57856K)
[221.932s][info][gc,heap        ] GC(763) ParOldGen: 347118K(349696K)->347118K(349696K)
[221.932s][info][gc,metaspace   ] GC(763) Metaspace: 119327K(124864K)->119327K(124864K) NonClass: 101300K(104256K)->101300K(104256K) Class: 18027K(20608K)->18027K(20608K)
[221.932s][info][gc             ] GC(763) Pause Full (Ergonomics) 396M->395M(455M) 42.409ms
[221.932s][info][gc,cpu         ] GC(763) User=0.25s Sys=0.00s Real=0.04s
[221.933s][info][gc,start       ] GC(764) Pause Full (Ergonomics)
[221.933s][info][gc,phases,start] GC(764) Marking Phase
[221.963s][info][gc,phases      ] GC(764) Marking Phase 30.456ms
[221.964s][info][gc,phases,start] GC(764) Summary Phase
[221.964s][info][gc,phases      ] GC(764) Summary Phase 0.024ms
[221.964s][info][gc,phases,start] GC(764) Adjust Roots
[221.967s][info][gc,phases      ] GC(764) Adjust Roots 2.991ms
[221.967s][info][gc,phases,start] GC(764) Compaction Phase
[221.982s][info][gc,phases      ] GC(764) Compaction Phase 15.293ms
[221.982s][info][gc,phases,start] GC(764) Post Compact
[221.984s][info][gc,phases      ] GC(764) Post Compact 2.424ms
[221.984s][info][gc,heap        ] GC(764) PSYoungGen: 58880K(116736K)->57819K(116736K) Eden: 58880K(58880K)->57819K(58880K) From: 0K(57856K)->0K(57856K)
[221.984s][info][gc,heap        ] GC(764) ParOldGen: 347118K(349696K)->347118K(349696K)
[221.984s][info][gc,metaspace   ] GC(764) Metaspace: 119327K(124864K)->119327K(124864K) NonClass: 101300K(104256K)->101300K(104256K) Class: 18027K(20608K)->18027K(20608K)
[221.984s][info][gc             ] GC(764) Pause Full (Ergonomics) 396M->395M(455M) 51.531ms
[221.985s][info][gc,cpu         ] GC(764) User=0.20s Sys=0.00s Real=0.05s
[221.985s][info][gc,start       ] GC(765) Pause Full (Ergonomics)
[221.985s][info][gc,phases,start] GC(765) Marking Phase
[222.019s][info][gc,phases      ] GC(765) Marking Phase 33.503ms
[222.019s][info][gc,phases,start] GC(765) Summary Phase
[222.019s][info][gc,phases      ] GC(765) Summary Phase 0.021ms
[222.019s][info][gc,phases,start] GC(765) Adjust Roots
[222.023s][info][gc,phases      ] GC(765) Adjust Roots 4.107ms
[222.023s][info][gc,phases,start] GC(765) Compaction Phase
[222.040s][info][gc,phases      ] GC(765) Compaction Phase 17.113ms
[222.040s][info][gc,phases,start] GC(765) Post Compact
[222.042s][info][gc,phases      ] GC(765) Post Compact 2.402ms
[222.043s][info][gc,heap        ] GC(765) PSYoungGen: 58879K(116736K)->57826K(116736K) Eden: 58879K(58880K)->57826K(58880K) From: 0K(57856K)->0K(57856K)
[222.043s][info][gc,heap        ] GC(765) ParOldGen: 347118K(349696K)->347118K(349696K)
[222.043s][info][gc,metaspace   ] GC(765) Metaspace: 119327K(124864K)->119327K(124864K) NonClass: 101300K(104256K)->101300K(104256K) Class: 18027K(20608K)->18027K(20608K)
[222.043s][info][gc             ] GC(765) Pause Full (Ergonomics) 396M->395M(455M) 57.466ms
[222.043s][info][gc,cpu         ] GC(765) User=0.36s Sys=0.00s Real=0.06s
[222.043s][info][gc,start       ] GC(766) Pause Full (Ergonomics)
[222.043s][info][gc,phases,start] GC(766) Marking Phase
[222.079s][info][gc,phases      ] GC(766) Marking Phase 35.623ms
[222.079s][info][gc,phases,start] GC(766) Summary Phase
[222.079s][info][gc,phases      ] GC(766) Summary Phase 0.021ms
[222.079s][info][gc,phases,start] GC(766) Adjust Roots
[222.083s][info][gc,phases      ] GC(766) Adjust Roots 3.881ms
[222.083s][info][gc,phases,start] GC(766) Compaction Phase
[222.093s][info][gc,phases      ] GC(766) Compaction Phase 9.611ms
[222.093s][info][gc,phases,start] GC(766) Post Compact
[222.095s][info][gc,phases      ] GC(766) Post Compact 2.109ms
[222.095s][info][gc,heap        ] GC(766) PSYoungGen: 58880K(116736K)->57831K(116736K) Eden: 58880K(58880K)->57831K(58880K) From: 0K(57856K)->0K(57856K)
[222.095s][info][gc,heap        ] GC(766) ParOldGen: 347118K(349696K)->347118K(349696K)
[222.095s][info][gc,metaspace   ] GC(766) Metaspace: 119327K(124864K)->119327K(124864K) NonClass: 101300K(104256K)->101300K(104256K) Class: 18027K(20608K)->18027K(20608K)
[222.095s][info][gc             ] GC(766) Pause Full (Ergonomics) 396M->395M(455M) 51.509ms
[222.095s][info][gc,cpu         ] GC(766) User=0.23s Sys=0.00s Real=0.05s
[222.096s][info][gc,start       ] GC(767) Pause Full (Ergonomics)
[222.096s][info][gc,phases,start] GC(767) Marking Phase
[222.129s][info][gc,phases      ] GC(767) Marking Phase 33.517ms
[222.129s][info][gc,phases,start] GC(767) Summary Phase
[222.129s][info][gc,phases      ] GC(767) Summary Phase 0.021ms
[222.129s][info][gc,phases,start] GC(767) Adjust Roots
[222.133s][info][gc,phases      ] GC(767) Adjust Roots 4.086ms
[222.133s][info][gc,phases,start] GC(767) Compaction Phase
[222.150s][info][gc,phases      ] GC(767) Compaction Phase 17.068ms
[222.150s][info][gc,phases,start] GC(767) Post Compact
[222.153s][info][gc,phases      ] GC(767) Post Compact 2.565ms
[222.153s][info][gc,heap        ] GC(767) PSYoungGen: 58879K(116736K)->57791K(116736K) Eden: 58879K(58880K)->57791K(58880K) From: 0K(57856K)->0K(57856K)
[222.153s][info][gc,heap        ] GC(767) ParOldGen: 347118K(349696K)->347118K(349696K)
[222.153s][info][gc,metaspace   ] GC(767) Metaspace: 119327K(124864K)->119327K(124864K) NonClass: 101300K(104256K)->101300K(104256K) Class: 18027K(20608K)->18027K(20608K)
[222.153s][info][gc             ] GC(767) Pause Full (Ergonomics) 396M->395M(455M) 57.664ms
[222.153s][info][gc,cpu         ] GC(767) User=0.39s Sys=0.00s Real=0.06s
[222.154s][info][gc,start       ] GC(768) Pause Full (Ergonomics)
[222.154s][info][gc,phases,start] GC(768) Marking Phase
[222.188s][info][gc,phases      ] GC(768) Marking Phase 33.882ms
[222.188s][info][gc,phases,start] GC(768) Summary Phase
[222.188s][info][gc,phases      ] GC(768) Summary Phase 0.019ms
[222.188s][info][gc,phases,start] GC(768) Adjust Roots
[222.191s][info][gc,phases      ] GC(768) Adjust Roots 3.209ms
[222.191s][info][gc,phases,start] GC(768) Compaction Phase
[222.201s][info][gc,phases      ] GC(768) Compaction Phase 9.815ms
[222.201s][info][gc,phases,start] GC(768) Post Compact
[222.204s][info][gc,phases      ] GC(768) Post Compact 2.536ms
[222.204s][info][gc,heap        ] GC(768) PSYoungGen: 58880K(116736K)->57749K(116736K) Eden: 58880K(58880K)->57749K(58880K) From: 0K(57856K)->0K(57856K)
[222.204s][info][gc,heap        ] GC(768) ParOldGen: 347118K(349696K)->347118K(349696K)
[222.204s][info][gc,metaspace   ] GC(768) Metaspace: 119327K(124864K)->119327K(124864K) NonClass: 101300K(104256K)->101300K(104256K) Class: 18027K(20608K)->18027K(20608K)
[222.204s][info][gc             ] GC(768) Pause Full (Ergonomics) 396M->395M(455M) 49.892ms
[222.204s][info][gc,cpu         ] GC(768) User=0.23s Sys=0.00s Real=0.05s
[222.205s][info][gc,start       ] GC(769) Pause Full (Ergonomics)
[222.205s][info][gc,phases,start] GC(769) Marking Phase
[222.233s][info][gc,phases      ] GC(769) Marking Phase 28.520ms
[222.233s][info][gc,phases,start] GC(769) Summary Phase
[222.233s][info][gc,phases      ] GC(769) Summary Phase 0.019ms
[222.233s][info][gc,phases,start] GC(769) Adjust Roots
[222.236s][info][gc,phases      ] GC(769) Adjust Roots 2.998ms
[222.236s][info][gc,phases,start] GC(769) Compaction Phase
[222.243s][info][gc,phases      ] GC(769) Compaction Phase 6.742ms
[222.243s][info][gc,phases,start] GC(769) Post Compact
[222.245s][info][gc,phases      ] GC(769) Post Compact 2.031ms
[222.245s][info][gc,heap        ] GC(769) PSYoungGen: 58879K(116736K)->57758K(116736K) Eden: 58879K(58880K)->57758K(58880K) From: 0K(57856K)->0K(57856K)
[222.245s][info][gc,heap        ] GC(769) ParOldGen: 347118K(349696K)->347118K(349696K)
[222.245s][info][gc,metaspace   ] GC(769) Metaspace: 119329K(124864K)->119329K(124864K) NonClass: 101301K(104256K)->101301K(104256K) Class: 18027K(20608K)->18027K(20608K)
[222.245s][info][gc             ] GC(769) Pause Full (Ergonomics) 396M->395M(455M) 40.555ms
[222.245s][info][gc,cpu         ] GC(769) User=0.17s Sys=0.00s Real=0.03s
[222.246s][info][gc,start       ] GC(770) Pause Full (Ergonomics)
[222.246s][info][gc,phases,start] GC(770) Marking Phase
[222.280s][info][gc,phases      ] GC(770) Marking Phase 33.884ms
[222.280s][info][gc,phases,start] GC(770) Summary Phase
[222.280s][info][gc,phases      ] GC(770) Summary Phase 0.023ms
[222.280s][info][gc,phases,start] GC(770) Adjust Roots
[222.283s][info][gc,phases      ] GC(770) Adjust Roots 3.366ms
[222.283s][info][gc,phases,start] GC(770) Compaction Phase
[222.293s][info][gc,phases      ] GC(770) Compaction Phase 9.678ms
[222.293s][info][gc,phases,start] GC(770) Post Compact
[222.295s][info][gc,phases      ] GC(770) Post Compact 2.086ms
[222.295s][info][gc,heap        ] GC(770) PSYoungGen: 58880K(116736K)->57777K(116736K) Eden: 58880K(58880K)->57777K(58880K) From: 0K(57856K)->0K(57856K)
[222.295s][info][gc,heap        ] GC(770) ParOldGen: 347118K(349696K)->347118K(349696K)
[222.295s][info][gc,metaspace   ] GC(770) Metaspace: 119329K(124864K)->119329K(124864K) NonClass: 101302K(104256K)->101302K(104256K) Class: 18027K(20608K)->18027K(20608K)
[222.295s][info][gc             ] GC(770) Pause Full (Ergonomics) 396M->395M(455M) 49.327ms
[222.295s][info][gc,cpu         ] GC(770) User=0.33s Sys=0.00s Real=0.05s
[222.296s][info][gc,start       ] GC(771) Pause Full (Ergonomics)
[222.296s][info][gc,phases,start] GC(771) Marking Phase
[222.324s][info][gc,phases      ] GC(771) Marking Phase 27.897ms
[222.324s][info][gc,phases,start] GC(771) Summary Phase
[222.324s][info][gc,phases      ] GC(771) Summary Phase 0.019ms
[222.324s][info][gc,phases,start] GC(771) Adjust Roots
[222.328s][info][gc,phases      ] GC(771) Adjust Roots 3.938ms
[222.328s][info][gc,phases,start] GC(771) Compaction Phase
[222.337s][info][gc,phases      ] GC(771) Compaction Phase 9.030ms
[222.337s][info][gc,phases,start] GC(771) Post Compact
[222.339s][info][gc,phases      ] GC(771) Post Compact 2.544ms
[222.339s][info][gc,heap        ] GC(771) PSYoungGen: 58879K(116736K)->57765K(116736K) Eden: 58879K(58880K)->57765K(58880K) From: 0K(57856K)->0K(57856K)
[222.340s][info][gc,heap        ] GC(771) ParOldGen: 347118K(349696K)->347118K(349696K)
[222.340s][info][gc,metaspace   ] GC(771) Metaspace: 119329K(124864K)->119329K(124864K) NonClass: 101302K(104256K)->101302K(104256K) Class: 18027K(20608K)->18027K(20608K)
[222.340s][info][gc             ] GC(771) Pause Full (Ergonomics) 396M->395M(455M) 43.799ms
[222.340s][info][gc,cpu         ] GC(771) User=0.44s Sys=0.00s Real=0.05s
[222.340s][info][gc,start       ] GC(772) Pause Full (Ergonomics)
[222.340s][info][gc,phases,start] GC(772) Marking Phase
[222.369s][info][gc,phases      ] GC(772) Marking Phase 28.725ms
[222.369s][info][gc,phases,start] GC(772) Summary Phase
[222.369s][info][gc,phases      ] GC(772) Summary Phase 0.019ms
[222.369s][info][gc,phases,start] GC(772) Adjust Roots
[222.372s][info][gc,phases      ] GC(772) Adjust Roots 3.142ms
[222.372s][info][gc,phases,start] GC(772) Compaction Phase
[222.388s][info][gc,phases      ] GC(772) Compaction Phase 15.875ms
[222.388s][info][gc,phases,start] GC(772) Post Compact
[222.391s][info][gc,phases      ] GC(772) Post Compact 2.513ms
[222.391s][info][gc,heap        ] GC(772) PSYoungGen: 58880K(116736K)->57754K(116736K) Eden: 58880K(58880K)->57754K(58880K) From: 0K(57856K)->0K(57856K)
[222.391s][info][gc,heap        ] GC(772) ParOldGen: 347118K(349696K)->347118K(349696K)
[222.391s][info][gc,metaspace   ] GC(772) Metaspace: 119329K(124864K)->119329K(124864K) NonClass: 101302K(104256K)->101302K(104256K) Class: 18027K(20608K)->18027K(20608K)
[222.391s][info][gc             ] GC(772) Pause Full (Ergonomics) 396M->395M(455M) 50.698ms
[222.391s][info][gc,cpu         ] GC(772) User=0.19s Sys=0.00s Real=0.05s
[222.392s][info][gc,start       ] GC(773) Pause Full (Ergonomics)
[222.392s][info][gc,phases,start] GC(773) Marking Phase
[222.426s][info][gc,phases      ] GC(773) Marking Phase 34.507ms
[222.426s][info][gc,phases,start] GC(773) Summary Phase
[222.426s][info][gc,phases      ] GC(773) Summary Phase 0.019ms
[222.426s][info][gc,phases,start] GC(773) Adjust Roots
[222.429s][info][gc,phases      ] GC(773) Adjust Roots 2.934ms
[222.429s][info][gc,phases,start] GC(773) Compaction Phase
[222.437s][info][gc,phases      ] GC(773) Compaction Phase 7.683ms
[222.437s][info][gc,phases,start] GC(773) Post Compact
[222.439s][info][gc,phases      ] GC(773) Post Compact 2.005ms
[222.439s][info][gc,heap        ] GC(773) PSYoungGen: 58880K(116736K)->57970K(116736K) Eden: 58880K(58880K)->57970K(58880K) From: 0K(57856K)->0K(57856K)
[222.439s][info][gc,heap        ] GC(773) ParOldGen: 347118K(349696K)->347118K(349696K)
[222.439s][info][gc,metaspace   ] GC(773) Metaspace: 119329K(124864K)->119329K(124864K) NonClass: 101302K(104256K)->101302K(104256K) Class: 18027K(20608K)->18027K(20608K)
[222.439s][info][gc             ] GC(773) Pause Full (Ergonomics) 396M->395M(455M) 47.435ms
[222.439s][info][gc,cpu         ] GC(773) User=0.38s Sys=0.00s Real=0.05s
[222.440s][info][gc,start       ] GC(774) Pause Full (Ergonomics)
[222.440s][info][gc,phases,start] GC(774) Marking Phase
[222.468s][info][gc,phases      ] GC(774) Marking Phase 27.774ms
[222.468s][info][gc,phases,start] GC(774) Summary Phase
[222.468s][info][gc,phases      ] GC(774) Summary Phase 0.020ms
[222.468s][info][gc,phases,start] GC(774) Adjust Roots
[222.471s][info][gc,phases      ] GC(774) Adjust Roots 2.985ms
[222.471s][info][gc,phases,start] GC(774) Compaction Phase
[222.486s][info][gc,phases      ] GC(774) Compaction Phase 15.329ms
[222.486s][info][gc,phases,start] GC(774) Post Compact
[222.489s][info][gc,phases      ] GC(774) Post Compact 2.634ms
[222.489s][info][gc,heap        ] GC(774) PSYoungGen: 58880K(116736K)->57967K(116736K) Eden: 58880K(58880K)->57967K(58880K) From: 0K(57856K)->0K(57856K)
[222.489s][info][gc,heap        ] GC(774) ParOldGen: 347118K(349696K)->347115K(349696K)
[222.489s][info][gc,metaspace   ] GC(774) Metaspace: 119329K(124864K)->119329K(124864K) NonClass: 101302K(104256K)->101302K(104256K) Class: 18027K(20608K)->18027K(20608K)
[222.489s][info][gc             ] GC(774) Pause Full (Ergonomics) 396M->395M(455M) 49.121ms
[222.489s][info][gc,cpu         ] GC(774) User=0.33s Sys=0.00s Real=0.05s
[222.490s][info][gc,start       ] GC(775) Pause Full (Ergonomics)
[222.490s][info][gc,phases,start] GC(775) Marking Phase
[222.518s][info][gc,phases      ] GC(775) Marking Phase 28.158ms
[222.518s][info][gc,phases,start] GC(775) Summary Phase
[222.518s][info][gc,phases      ] GC(775) Summary Phase 0.018ms
[222.518s][info][gc,phases,start] GC(775) Adjust Roots
[222.521s][info][gc,phases      ] GC(775) Adjust Roots 2.996ms
[222.521s][info][gc,phases,start] GC(775) Compaction Phase
[222.534s][info][gc,phases      ] GC(775) Compaction Phase 13.011ms
[222.534s][info][gc,phases,start] GC(775) Post Compact
[222.537s][info][gc,phases      ] GC(775) Post Compact 2.510ms
[222.537s][info][gc,heap        ] GC(775) PSYoungGen: 58880K(116736K)->57970K(116736K) Eden: 58880K(58880K)->57970K(58880K) From: 0K(57856K)->0K(57856K)
[222.537s][info][gc,heap        ] GC(775) ParOldGen: 347115K(349696K)->347115K(349696K)
[222.537s][info][gc,metaspace   ] GC(775) Metaspace: 119329K(124864K)->119329K(124864K) NonClass: 101302K(104256K)->101302K(104256K) Class: 18027K(20608K)->18027K(20608K)
[222.537s][info][gc             ] GC(775) Pause Full (Ergonomics) 396M->395M(455M) 47.077ms
[222.537s][info][gc,cpu         ] GC(775) User=0.17s Sys=0.00s Real=0.04s
[222.537s][info][gc,start       ] GC(776) Pause Full (Ergonomics)
[222.537s][info][gc,phases,start] GC(776) Marking Phase
[222.566s][info][gc,phases      ] GC(776) Marking Phase 28.721ms
[222.566s][info][gc,phases,start] GC(776) Summary Phase
[222.566s][info][gc,phases      ] GC(776) Summary Phase 0.021ms
[222.566s][info][gc,phases,start] GC(776) Adjust Roots
[222.569s][info][gc,phases      ] GC(776) Adjust Roots 2.930ms
[222.569s][info][gc,phases,start] GC(776) Compaction Phase
[222.583s][info][gc,phases      ] GC(776) Compaction Phase 13.590ms
[222.583s][info][gc,phases,start] GC(776) Post Compact
[222.585s][info][gc,phases      ] GC(776) Post Compact 2.219ms
[222.585s][info][gc,heap        ] GC(776) PSYoungGen: 58880K(116736K)->57973K(116736K) Eden: 58880K(58880K)->57973K(58880K) From: 0K(57856K)->0K(57856K)
[222.585s][info][gc,heap        ] GC(776) ParOldGen: 347115K(349696K)->347115K(349696K)
[222.585s][info][gc,metaspace   ] GC(776) Metaspace: 119329K(124864K)->119329K(124864K) NonClass: 101302K(104256K)->101302K(104256K) Class: 18027K(20608K)->18027K(20608K)
[222.585s][info][gc             ] GC(776) Pause Full (Ergonomics) 396M->395M(455M) 47.810ms
[222.585s][info][gc,cpu         ] GC(776) User=0.38s Sys=0.00s Real=0.05s
[222.586s][info][gc,start       ] GC(777) Pause Full (Ergonomics)
[222.586s][info][gc,phases,start] GC(777) Marking Phase
[222.625s][info][gc,phases      ] GC(777) Marking Phase 38.952ms
[222.625s][info][gc,phases,start] GC(777) Summary Phase
[222.625s][info][gc,phases      ] GC(777) Summary Phase 0.042ms
[222.625s][info][gc,phases,start] GC(777) Adjust Roots
[222.629s][info][gc,phases      ] GC(777) Adjust Roots 3.825ms
[222.629s][info][gc,phases,start] GC(777) Compaction Phase
[222.647s][info][gc,phases      ] GC(777) Compaction Phase 18.464ms
[222.647s][info][gc,phases,start] GC(777) Post Compact
[222.650s][info][gc,phases      ] GC(777) Post Compact 2.640ms
[222.650s][info][gc,heap        ] GC(777) PSYoungGen: 58880K(116736K)->58010K(116736K) Eden: 58880K(58880K)->58010K(58880K) From: 0K(57856K)->0K(57856K)
[222.650s][info][gc,heap        ] GC(777) ParOldGen: 347115K(349696K)->347114K(349696K)
[222.650s][info][gc,metaspace   ] GC(777) Metaspace: 119329K(124864K)->119329K(124864K) NonClass: 101302K(104256K)->101302K(104256K) Class: 18027K(20608K)->18027K(20608K)
[222.650s][info][gc             ] GC(777) Pause Full (Ergonomics) 396M->395M(455M) 64.335ms
[222.650s][info][gc,cpu         ] GC(777) User=0.34s Sys=0.00s Real=0.06s
[222.651s][info][gc,start       ] GC(778) Pause Full (Ergonomics)
[222.651s][info][gc,phases,start] GC(778) Marking Phase
[222.676s][info][gc,phases      ] GC(778) Marking Phase 25.168ms
[222.676s][info][gc,phases,start] GC(778) Summary Phase
[222.676s][info][gc,phases      ] GC(778) Summary Phase 0.024ms
[222.676s][info][gc,phases,start] GC(778) Adjust Roots
[222.679s][info][gc,phases      ] GC(778) Adjust Roots 2.944ms
[222.679s][info][gc,phases,start] GC(778) Compaction Phase
[222.693s][info][gc,phases      ] GC(778) Compaction Phase 13.831ms
[222.693s][info][gc,phases,start] GC(778) Post Compact
[222.695s][info][gc,phases      ] GC(778) Post Compact 2.301ms
[222.695s][info][gc,heap        ] GC(778) PSYoungGen: 58880K(116736K)->58009K(116736K) Eden: 58880K(58880K)->58009K(58880K) From: 0K(57856K)->0K(57856K)
[222.695s][info][gc,heap        ] GC(778) ParOldGen: 347114K(349696K)->347114K(349696K)
[222.695s][info][gc,metaspace   ] GC(778) Metaspace: 119329K(124864K)->119329K(124864K) NonClass: 101302K(104256K)->101302K(104256K) Class: 18027K(20608K)->18027K(20608K)
[222.695s][info][gc             ] GC(778) Pause Full (Ergonomics) 396M->395M(455M) 44.581ms
[222.695s][info][gc,cpu         ] GC(778) User=0.33s Sys=0.00s Real=0.05s
[222.696s][info][gc,start       ] GC(779) Pause Full (Ergonomics)
[222.696s][info][gc,phases,start] GC(779) Marking Phase
[222.728s][info][gc,phases      ] GC(779) Marking Phase 31.880ms
[222.728s][info][gc,phases,start] GC(779) Summary Phase
[222.728s][info][gc,phases      ] GC(779) Summary Phase 0.019ms
[222.728s][info][gc,phases,start] GC(779) Adjust Roots
[222.731s][info][gc,phases      ] GC(779) Adjust Roots 2.950ms
[222.731s][info][gc,phases,start] GC(779) Compaction Phase
[222.740s][info][gc,phases      ] GC(779) Compaction Phase 9.420ms
[222.740s][info][gc,phases,start] GC(779) Post Compact
[222.742s][info][gc,phases      ] GC(779) Post Compact 1.961ms
[222.742s][info][gc,heap        ] GC(779) PSYoungGen: 58880K(116736K)->58307K(116736K) Eden: 58880K(58880K)->58307K(58880K) From: 0K(57856K)->0K(57856K)
[222.742s][info][gc,heap        ] GC(779) ParOldGen: 347114K(349696K)->347114K(349696K)
[222.742s][info][gc,metaspace   ] GC(779) Metaspace: 119329K(124864K)->119329K(124864K) NonClass: 101302K(104256K)->101302K(104256K) Class: 18027K(20608K)->18027K(20608K)
[222.742s][info][gc             ] GC(779) Pause Full (Ergonomics) 396M->395M(455M) 46.466ms
[222.742s][info][gc,cpu         ] GC(779) User=0.17s Sys=0.00s Real=0.03s
[222.743s][info][gc,start       ] GC(780) Pause Full (Ergonomics)
[222.743s][info][gc,phases,start] GC(780) Marking Phase
[222.780s][info][gc,phases      ] GC(780) Marking Phase 36.846ms
[222.780s][info][gc,phases,start] GC(780) Summary Phase
[222.780s][info][gc,phases      ] GC(780) Summary Phase 0.026ms
[222.780s][info][gc,phases,start] GC(780) Adjust Roots
[222.785s][info][gc,phases      ] GC(780) Adjust Roots 4.632ms
[222.785s][info][gc,phases,start] GC(780) Compaction Phase
[222.800s][info][gc,phases      ] GC(780) Compaction Phase 15.785ms
[222.800s][info][gc,phases,start] GC(780) Post Compact
[222.802s][info][gc,phases      ] GC(780) Post Compact 2.094ms
[222.802s][info][gc,heap        ] GC(780) PSYoungGen: 58879K(116736K)->57593K(116736K) Eden: 58879K(58880K)->57593K(58880K) From: 0K(57856K)->0K(57856K)
[222.802s][info][gc,heap        ] GC(780) ParOldGen: 347114K(349696K)->347114K(349696K)
[222.802s][info][gc,metaspace   ] GC(780) Metaspace: 119329K(124864K)->119316K(124864K) NonClass: 101302K(104256K)->101291K(104256K) Class: 18027K(20608K)->18024K(20608K)
[222.803s][info][gc             ] GC(780) Pause Full (Ergonomics) 396M->395M(455M) 59.628ms
[222.803s][info][gc,cpu         ] GC(780) User=0.25s Sys=0.00s Real=0.05s
[222.803s][info][gc,start       ] GC(781) Pause Full (Ergonomics)
[222.803s][info][gc,phases,start] GC(781) Marking Phase
[222.836s][info][gc,phases      ] GC(781) Marking Phase 32.427ms
[222.836s][info][gc,phases,start] GC(781) Summary Phase
[222.836s][info][gc,phases      ] GC(781) Summary Phase 0.018ms
[222.836s][info][gc,phases,start] GC(781) Adjust Roots
[222.839s][info][gc,phases      ] GC(781) Adjust Roots 3.105ms
[222.839s][info][gc,phases,start] GC(781) Compaction Phase
[222.855s][info][gc,phases      ] GC(781) Compaction Phase 16.444ms
[222.855s][info][gc,phases,start] GC(781) Post Compact
[222.858s][info][gc,phases      ] GC(781) Post Compact 2.147ms
[222.858s][info][gc,heap        ] GC(781) PSYoungGen: 58879K(116736K)->57581K(116736K) Eden: 58879K(58880K)->57581K(58880K) From: 0K(57856K)->0K(57856K)
[222.858s][info][gc,heap        ] GC(781) ParOldGen: 347114K(349696K)->347114K(349696K)
[222.858s][info][gc,metaspace   ] GC(781) Metaspace: 119316K(124864K)->119316K(124864K) NonClass: 101291K(104256K)->101291K(104256K) Class: 18024K(20608K)->18024K(20608K)
[222.858s][info][gc             ] GC(781) Pause Full (Ergonomics) 396M->395M(455M) 54.430ms
[222.858s][info][gc,cpu         ] GC(781) User=0.38s Sys=0.00s Real=0.06s
[222.858s][info][gc,start       ] GC(782) Pause Full (Ergonomics)
[222.859s][info][gc,phases,start] GC(782) Marking Phase
[222.898s][info][gc,phases      ] GC(782) Marking Phase 39.276ms
[222.898s][info][gc,phases,start] GC(782) Summary Phase
[222.898s][info][gc,phases      ] GC(782) Summary Phase 0.044ms
[222.898s][info][gc,phases,start] GC(782) Adjust Roots
[222.902s][info][gc,phases      ] GC(782) Adjust Roots 3.778ms
[222.902s][info][gc,phases,start] GC(782) Compaction Phase
[222.917s][info][gc,phases      ] GC(782) Compaction Phase 15.351ms
[222.917s][info][gc,phases,start] GC(782) Post Compact
[222.920s][info][gc,phases      ] GC(782) Post Compact 2.551ms
[222.920s][info][gc,heap        ] GC(782) PSYoungGen: 58879K(116736K)->57612K(116736K) Eden: 58879K(58880K)->57612K(58880K) From: 0K(57856K)->0K(57856K)
[222.920s][info][gc,heap        ] GC(782) ParOldGen: 347114K(349696K)->347114K(349696K)
[222.920s][info][gc,metaspace   ] GC(782) Metaspace: 119316K(124864K)->119316K(124864K) NonClass: 101291K(104256K)->101291K(104256K) Class: 18024K(20608K)->18024K(20608K)
[222.920s][info][gc             ] GC(782) Pause Full (Ergonomics) 396M->395M(455M) 61.377ms
[222.920s][info][gc,cpu         ] GC(782) User=0.28s Sys=0.00s Real=0.05s
[222.921s][info][gc,start       ] GC(783) Pause Full (Ergonomics)
[222.921s][info][gc,phases,start] GC(783) Marking Phase
[222.950s][info][gc,phases      ] GC(783) Marking Phase 29.486ms
[222.950s][info][gc,phases,start] GC(783) Summary Phase
[222.950s][info][gc,phases      ] GC(783) Summary Phase 0.019ms
[222.950s][info][gc,phases,start] GC(783) Adjust Roots
[222.954s][info][gc,phases      ] GC(783) Adjust Roots 3.513ms
[222.954s][info][gc,phases,start] GC(783) Compaction Phase
[222.964s][info][gc,phases      ] GC(783) Compaction Phase 9.667ms
[222.964s][info][gc,phases,start] GC(783) Post Compact
[222.966s][info][gc,phases      ] GC(783) Post Compact 2.521ms
[222.966s][info][gc,heap        ] GC(783) PSYoungGen: 58880K(116736K)->57593K(116736K) Eden: 58880K(58880K)->57593K(58880K) From: 0K(57856K)->0K(57856K)
[222.966s][info][gc,heap        ] GC(783) ParOldGen: 347114K(349696K)->347114K(349696K)
[222.966s][info][gc,metaspace   ] GC(783) Metaspace: 119316K(124864K)->119316K(124864K) NonClass: 101291K(104256K)->101291K(104256K) Class: 18024K(20608K)->18024K(20608K)
[222.966s][info][gc             ] GC(783) Pause Full (Ergonomics) 396M->395M(455M) 45.624ms
[222.966s][info][gc,cpu         ] GC(783) User=0.17s Sys=0.00s Real=0.03s
[222.967s][info][gc,start       ] GC(784) Pause Full (Ergonomics)
[222.967s][info][gc,phases,start] GC(784) Marking Phase
[222.995s][info][gc,phases      ] GC(784) Marking Phase 28.112ms
[222.995s][info][gc,phases,start] GC(784) Summary Phase
[222.995s][info][gc,phases      ] GC(784) Summary Phase 0.018ms
[222.995s][info][gc,phases,start] GC(784) Adjust Roots
[223.000s][info][gc,phases      ] GC(784) Adjust Roots 4.449ms
[223.000s][info][gc,phases,start] GC(784) Compaction Phase
[223.011s][info][gc,phases      ] GC(784) Compaction Phase 11.292ms
[223.011s][info][gc,phases,start] GC(784) Post Compact
[223.013s][info][gc,phases      ] GC(784) Post Compact 2.252ms
[223.014s][info][gc,heap        ] GC(784) PSYoungGen: 58879K(116736K)->57598K(116736K) Eden: 58879K(58880K)->57598K(58880K) From: 0K(57856K)->0K(57856K)
[223.014s][info][gc,heap        ] GC(784) ParOldGen: 347114K(349696K)->347111K(349696K)
[223.014s][info][gc,metaspace   ] GC(784) Metaspace: 119316K(124864K)->119316K(124864K) NonClass: 101291K(104256K)->101291K(104256K) Class: 18024K(20608K)->18024K(20608K)
[223.014s][info][gc             ] GC(784) Pause Full (Ergonomics) 396M->395M(455M) 46.429ms
[223.014s][info][gc,cpu         ] GC(784) User=0.17s Sys=0.00s Real=0.05s
[223.015s][info][gc,start       ] GC(785) Pause Full (Ergonomics)
[223.015s][info][gc,phases,start] GC(785) Marking Phase
[223.045s][info][gc,phases      ] GC(785) Marking Phase 30.699ms
[223.045s][info][gc,phases,start] GC(785) Summary Phase
[223.045s][info][gc,phases      ] GC(785) Summary Phase 0.032ms
[223.045s][info][gc,phases,start] GC(785) Adjust Roots
[223.049s][info][gc,phases      ] GC(785) Adjust Roots 3.757ms
[223.049s][info][gc,phases,start] GC(785) Compaction Phase
[223.061s][info][gc,phases      ] GC(785) Compaction Phase 12.164ms
[223.061s][info][gc,phases,start] GC(785) Post Compact
[223.064s][info][gc,phases      ] GC(785) Post Compact 2.432ms
[223.064s][info][gc,heap        ] GC(785) PSYoungGen: 58880K(116736K)->57540K(116736K) Eden: 58880K(58880K)->57540K(58880K) From: 0K(57856K)->0K(57856K)
[223.064s][info][gc,heap        ] GC(785) ParOldGen: 347111K(349696K)->347111K(349696K)
[223.064s][info][gc,metaspace   ] GC(785) Metaspace: 119316K(124864K)->119316K(124864K) NonClass: 101291K(104256K)->101291K(104256K) Class: 18024K(20608K)->18024K(20608K)
[223.064s][info][gc             ] GC(785) Pause Full (Ergonomics) 396M->395M(455M) 49.402ms
[223.064s][info][gc,cpu         ] GC(785) User=0.20s Sys=0.00s Real=0.05s
[223.065s][info][gc,start       ] GC(786) Pause Full (Ergonomics)
[223.065s][info][gc,phases,start] GC(786) Marking Phase
[223.096s][info][gc,phases      ] GC(786) Marking Phase 30.509ms
[223.096s][info][gc,phases,start] GC(786) Summary Phase
[223.096s][info][gc,phases      ] GC(786) Summary Phase 0.018ms
[223.096s][info][gc,phases,start] GC(786) Adjust Roots
[223.099s][info][gc,phases      ] GC(786) Adjust Roots 3.299ms
[223.099s][info][gc,phases,start] GC(786) Compaction Phase
[223.116s][info][gc,phases      ] GC(786) Compaction Phase 16.793ms
[223.116s][info][gc,phases,start] GC(786) Post Compact
[223.118s][info][gc,phases      ] GC(786) Post Compact 2.167ms
[223.118s][info][gc,heap        ] GC(786) PSYoungGen: 58880K(116736K)->57564K(116736K) Eden: 58880K(58880K)->57564K(58880K) From: 0K(57856K)->0K(57856K)
[223.118s][info][gc,heap        ] GC(786) ParOldGen: 347111K(349696K)->347111K(349696K)
[223.118s][info][gc,metaspace   ] GC(786) Metaspace: 119316K(124864K)->119316K(124864K) NonClass: 101291K(104256K)->101291K(104256K) Class: 18024K(20608K)->18024K(20608K)
[223.118s][info][gc             ] GC(786) Pause Full (Ergonomics) 396M->395M(455M) 53.091ms
[223.118s][info][gc,cpu         ] GC(786) User=0.20s Sys=0.00s Real=0.05s
[223.119s][info][gc,start       ] GC(787) Pause Full (Ergonomics)
[223.119s][info][gc,phases,start] GC(787) Marking Phase
[223.152s][info][gc,phases      ] GC(787) Marking Phase 32.619ms
[223.152s][info][gc,phases,start] GC(787) Summary Phase
[223.152s][info][gc,phases      ] GC(787) Summary Phase 0.017ms
[223.152s][info][gc,phases,start] GC(787) Adjust Roots
[223.155s][info][gc,phases      ] GC(787) Adjust Roots 3.306ms
[223.155s][info][gc,phases,start] GC(787) Compaction Phase
[223.168s][info][gc,phases      ] GC(787) Compaction Phase 13.171ms
[223.168s][info][gc,phases,start] GC(787) Post Compact
[223.170s][info][gc,phases      ] GC(787) Post Compact 2.058ms
[223.170s][info][gc,heap        ] GC(787) PSYoungGen: 58879K(116736K)->57562K(116736K) Eden: 58879K(58880K)->57562K(58880K) From: 0K(57856K)->0K(57856K)
[223.170s][info][gc,heap        ] GC(787) ParOldGen: 347111K(349696K)->347111K(349696K)
[223.170s][info][gc,metaspace   ] GC(787) Metaspace: 119316K(124864K)->119316K(124864K) NonClass: 101291K(104256K)->101291K(104256K) Class: 18024K(20608K)->18024K(20608K)
[223.170s][info][gc             ] GC(787) Pause Full (Ergonomics) 396M->395M(455M) 51.422ms
[223.170s][info][gc,cpu         ] GC(787) User=0.38s Sys=0.00s Real=0.05s
[223.171s][info][gc,start       ] GC(788) Pause Full (Ergonomics)
[223.171s][info][gc,phases,start] GC(788) Marking Phase
[223.204s][info][gc,phases      ] GC(788) Marking Phase 32.646ms
[223.204s][info][gc,phases,start] GC(788) Summary Phase
[223.204s][info][gc,phases      ] GC(788) Summary Phase 0.020ms
[223.204s][info][gc,phases,start] GC(788) Adjust Roots
[223.207s][info][gc,phases      ] GC(788) Adjust Roots 3.609ms
[223.207s][info][gc,phases,start] GC(788) Compaction Phase
[223.226s][info][gc,phases      ] GC(788) Compaction Phase 18.236ms
[223.226s][info][gc,phases,start] GC(788) Post Compact
[223.228s][info][gc,phases      ] GC(788) Post Compact 2.639ms
[223.228s][info][gc,heap        ] GC(788) PSYoungGen: 58880K(116736K)->57555K(116736K) Eden: 58880K(58880K)->57555K(58880K) From: 0K(57856K)->0K(57856K)
[223.228s][info][gc,heap        ] GC(788) ParOldGen: 347111K(349696K)->347111K(349696K)
[223.228s][info][gc,metaspace   ] GC(788) Metaspace: 119316K(124864K)->119316K(124864K) NonClass: 101291K(104256K)->101291K(104256K) Class: 18024K(20608K)->18024K(20608K)
[223.229s][info][gc             ] GC(788) Pause Full (Ergonomics) 396M->395M(455M) 57.550ms
[223.229s][info][gc,cpu         ] GC(788) User=0.33s Sys=0.00s Real=0.05s
[223.229s][info][gc,start       ] GC(789) Pause Full (Ergonomics)
[223.229s][info][gc,phases,start] GC(789) Marking Phase
[223.254s][info][gc,phases      ] GC(789) Marking Phase 24.757ms
[223.254s][info][gc,phases,start] GC(789) Summary Phase
[223.254s][info][gc,phases      ] GC(789) Summary Phase 0.018ms
[223.254s][info][gc,phases,start] GC(789) Adjust Roots
[223.257s][info][gc,phases      ] GC(789) Adjust Roots 3.248ms
[223.257s][info][gc,phases,start] GC(789) Compaction Phase
[223.271s][info][gc,phases      ] GC(789) Compaction Phase 13.662ms
[223.271s][info][gc,phases,start] GC(789) Post Compact
[223.274s][info][gc,phases      ] GC(789) Post Compact 2.527ms
[223.274s][info][gc,heap        ] GC(789) PSYoungGen: 58880K(116736K)->57867K(116736K) Eden: 58880K(58880K)->57867K(58880K) From: 0K(57856K)->0K(57856K)
[223.274s][info][gc,heap        ] GC(789) ParOldGen: 347111K(349696K)->347111K(349696K)
[223.274s][info][gc,metaspace   ] GC(789) Metaspace: 119316K(124864K)->119316K(124864K) NonClass: 101291K(104256K)->101291K(104256K) Class: 18024K(20608K)->18024K(20608K)
[223.274s][info][gc             ] GC(789) Pause Full (Ergonomics) 396M->395M(455M) 44.628ms
[223.274s][info][gc,cpu         ] GC(789) User=0.34s Sys=0.00s Real=0.05s
[223.275s][info][gc,start       ] GC(790) Pause Full (Ergonomics)
[223.275s][info][gc,phases,start] GC(790) Marking Phase
[223.306s][info][gc,phases      ] GC(790) Marking Phase 31.676ms
[223.306s][info][gc,phases,start] GC(790) Summary Phase
[223.306s][info][gc,phases      ] GC(790) Summary Phase 0.020ms
[223.306s][info][gc,phases,start] GC(790) Adjust Roots
[223.310s][info][gc,phases      ] GC(790) Adjust Roots 3.227ms
[223.310s][info][gc,phases,start] GC(790) Compaction Phase
[223.327s][info][gc,phases      ] GC(790) Compaction Phase 17.239ms
[223.327s][info][gc,phases,start] GC(790) Post Compact
[223.330s][info][gc,phases      ] GC(790) Post Compact 2.640ms
[223.330s][info][gc,heap        ] GC(790) PSYoungGen: 58879K(116736K)->57875K(116736K) Eden: 58879K(58880K)->57875K(58880K) From: 0K(57856K)->0K(57856K)
[223.330s][info][gc,heap        ] GC(790) ParOldGen: 347111K(349696K)->347111K(349696K)
[223.330s][info][gc,metaspace   ] GC(790) Metaspace: 119316K(124864K)->119316K(124864K) NonClass: 101291K(104256K)->101291K(104256K) Class: 18024K(20608K)->18024K(20608K)
[223.330s][info][gc             ] GC(790) Pause Full (Ergonomics) 396M->395M(455M) 55.252ms
[223.330s][info][gc,cpu         ] GC(790) User=0.55s Sys=0.00s Real=0.06s
[223.331s][info][gc,start       ] GC(791) Pause Full (Ergonomics)
[223.331s][info][gc,phases,start] GC(791) Marking Phase
[223.357s][info][gc,phases      ] GC(791) Marking Phase 26.569ms
[223.357s][info][gc,phases,start] GC(791) Summary Phase
[223.357s][info][gc,phases      ] GC(791) Summary Phase 0.022ms
[223.357s][info][gc,phases,start] GC(791) Adjust Roots
[223.361s][info][gc,phases      ] GC(791) Adjust Roots 3.818ms
[223.371s][info][gc,phases,start] GC(791) Compaction Phase
[223.384s][info][gc,phases      ] GC(791) Compaction Phase 12.897ms
[223.384s][info][gc,phases,start] GC(791) Post Compact
[223.386s][info][gc,phases      ] GC(791) Post Compact 2.309ms
[223.386s][info][gc,heap        ] GC(791) PSYoungGen: 58880K(116736K)->57815K(116736K) Eden: 58880K(58880K)->57815K(58880K) From: 0K(57856K)->0K(57856K)
[223.386s][info][gc,heap        ] GC(791) ParOldGen: 347111K(349696K)->347111K(349696K)
[223.386s][info][gc,metaspace   ] GC(791) Metaspace: 119316K(124864K)->119316K(124864K) NonClass: 101291K(104256K)->101291K(104256K) Class: 18024K(20608K)->18024K(20608K)
[223.386s][info][gc             ] GC(791) Pause Full (Ergonomics) 396M->395M(455M) 55.808ms
[223.386s][info][gc,cpu         ] GC(791) User=0.28s Sys=0.00s Real=0.05s
[223.387s][info][gc,start       ] GC(792) Pause Full (Ergonomics)
[223.387s][info][gc,phases,start] GC(792) Marking Phase
[223.423s][info][gc,phases      ] GC(792) Marking Phase 35.593ms
[223.423s][info][gc,phases,start] GC(792) Summary Phase
[223.423s][info][gc,phases      ] GC(792) Summary Phase 0.019ms
[223.423s][info][gc,phases,start] GC(792) Adjust Roots
[223.426s][info][gc,phases      ] GC(792) Adjust Roots 3.038ms
[223.426s][info][gc,phases,start] GC(792) Compaction Phase
[223.445s][info][gc,phases      ] GC(792) Compaction Phase 19.010ms
[223.445s][info][gc,phases,start] GC(792) Post Compact
[223.447s][info][gc,phases      ] GC(792) Post Compact 2.200ms
[223.447s][info][gc,heap        ] GC(792) PSYoungGen: 58880K(116736K)->57867K(116736K) Eden: 58880K(58880K)->57867K(58880K) From: 0K(57856K)->0K(57856K)
[223.447s][info][gc,heap        ] GC(792) ParOldGen: 347111K(349696K)->347111K(349696K)
[223.447s][info][gc,metaspace   ] GC(792) Metaspace: 119318K(124864K)->119318K(124864K) NonClass: 101293K(104256K)->101293K(104256K) Class: 18025K(20608K)->18025K(20608K)
[223.447s][info][gc             ] GC(792) Pause Full (Ergonomics) 396M->395M(455M) 60.162ms
[223.447s][info][gc,cpu         ] GC(792) User=0.48s Sys=0.02s Real=0.06s
[223.448s][info][gc,start       ] GC(793) Pause Full (Ergonomics)
[223.448s][info][gc,phases,start] GC(793) Marking Phase
[223.474s][info][gc,phases      ] GC(793) Marking Phase 26.268ms
[223.474s][info][gc,phases,start] GC(793) Summary Phase
[223.474s][info][gc,phases      ] GC(793) Summary Phase 0.036ms
[223.474s][info][gc,phases,start] GC(793) Adjust Roots
[223.477s][info][gc,phases      ] GC(793) Adjust Roots 2.981ms
[223.477s][info][gc,phases,start] GC(793) Compaction Phase
[223.491s][info][gc,phases      ] GC(793) Compaction Phase 13.563ms
[223.491s][info][gc,phases,start] GC(793) Post Compact
[223.493s][info][gc,phases      ] GC(793) Post Compact 2.148ms
[223.493s][info][gc,heap        ] GC(793) PSYoungGen: 58879K(116736K)->57827K(116736K) Eden: 58879K(58880K)->57827K(58880K) From: 0K(57856K)->0K(57856K)
[223.493s][info][gc,heap        ] GC(793) ParOldGen: 347111K(349696K)->347111K(349696K)
[223.493s][info][gc,metaspace   ] GC(793) Metaspace: 119319K(124864K)->119319K(124864K) NonClass: 101294K(104256K)->101294K(104256K) Class: 18025K(20608K)->18025K(20608K)
[223.493s][info][gc             ] GC(793) Pause Full (Ergonomics) 396M->395M(455M) 45.329ms
[223.493s][info][gc,cpu         ] GC(793) User=0.23s Sys=0.00s Real=0.05s
[223.494s][info][gc,start       ] GC(794) Pause Full (Ergonomics)
[223.494s][info][gc,phases,start] GC(794) Marking Phase
[223.526s][info][gc,phases      ] GC(794) Marking Phase 32.119ms
[223.526s][info][gc,phases,start] GC(794) Summary Phase
[223.526s][info][gc,phases      ] GC(794) Summary Phase 0.020ms
[223.526s][info][gc,phases,start] GC(794) Adjust Roots
[223.530s][info][gc,phases      ] GC(794) Adjust Roots 3.475ms
[223.530s][info][gc,phases,start] GC(794) Compaction Phase
[223.539s][info][gc,phases      ] GC(794) Compaction Phase 9.356ms
[223.539s][info][gc,phases,start] GC(794) Post Compact
[223.542s][info][gc,phases      ] GC(794) Post Compact 2.519ms
[223.542s][info][gc,heap        ] GC(794) PSYoungGen: 58880K(116736K)->57840K(116736K) Eden: 58880K(58880K)->57840K(58880K) From: 0K(57856K)->0K(57856K)
[223.542s][info][gc,heap        ] GC(794) ParOldGen: 347111K(349696K)->347111K(349696K)
[223.542s][info][gc,metaspace   ] GC(794) Metaspace: 119320K(124864K)->119320K(124864K) NonClass: 101294K(104256K)->101294K(104256K) Class: 18025K(20608K)->18025K(20608K)
[223.542s][info][gc             ] GC(794) Pause Full (Ergonomics) 396M->395M(455M) 47.873ms
[223.542s][info][gc,cpu         ] GC(794) User=0.19s Sys=0.00s Real=0.05s
[223.543s][info][gc,start       ] GC(795) Pause Full (Ergonomics)
[223.543s][info][gc,phases,start] GC(795) Marking Phase
[223.571s][info][gc,phases      ] GC(795) Marking Phase 28.404ms
[223.571s][info][gc,phases,start] GC(795) Summary Phase
[223.571s][info][gc,phases      ] GC(795) Summary Phase 0.021ms
[223.571s][info][gc,phases,start] GC(795) Adjust Roots
[223.575s][info][gc,phases      ] GC(795) Adjust Roots 4.196ms
[223.575s][info][gc,phases,start] GC(795) Compaction Phase
[223.596s][info][gc,phases      ] GC(795) Compaction Phase 20.646ms
[223.596s][info][gc,phases,start] GC(795) Post Compact
[223.598s][info][gc,phases      ] GC(795) Post Compact 2.286ms
[223.599s][info][gc,heap        ] GC(795) PSYoungGen: 58880K(116736K)->51292K(116736K) Eden: 58880K(58880K)->51292K(58880K) From: 0K(57856K)->0K(57856K)
[223.599s][info][gc,heap        ] GC(795) ParOldGen: 347111K(349696K)->349067K(349696K)
[223.599s][info][gc,metaspace   ] GC(795) Metaspace: 119320K(124864K)->119320K(124864K) NonClass: 101294K(104256K)->101294K(104256K) Class: 18025K(20608K)->18025K(20608K)
[223.599s][info][gc             ] GC(795) Pause Full (Ergonomics) 396M->390M(455M) 55.872ms
[223.599s][info][gc,cpu         ] GC(795) User=0.47s Sys=0.00s Real=0.05s
[223.601s][info][gc,start       ] GC(796) Pause Full (Ergonomics)
[223.601s][info][gc,phases,start] GC(796) Marking Phase
[223.626s][info][gc,phases      ] GC(796) Marking Phase 24.716ms
[223.626s][info][gc,phases,start] GC(796) Summary Phase
[223.626s][info][gc,phases      ] GC(796) Summary Phase 0.019ms
[223.626s][info][gc,phases,start] GC(796) Adjust Roots
[223.629s][info][gc,phases      ] GC(796) Adjust Roots 3.410ms
[223.629s][info][gc,phases,start] GC(796) Compaction Phase
[223.649s][info][gc,phases      ] GC(796) Compaction Phase 19.496ms
[223.649s][info][gc,phases,start] GC(796) Post Compact
[223.651s][info][gc,phases      ] GC(796) Post Compact 2.071ms
[223.651s][info][gc,heap        ] GC(796) PSYoungGen: 58880K(116736K)->51898K(116736K) Eden: 58880K(58880K)->51898K(58880K) From: 0K(57856K)->0K(57856K)
[223.651s][info][gc,heap        ] GC(796) ParOldGen: 349067K(349696K)->349058K(349696K)
[223.651s][info][gc,metaspace   ] GC(796) Metaspace: 119321K(124864K)->119321K(124864K) NonClass: 101296K(104256K)->101296K(104256K) Class: 18025K(20608K)->18025K(20608K)
[223.651s][info][gc             ] GC(796) Pause Full (Ergonomics) 398M->391M(455M) 49.980ms
[223.651s][info][gc,cpu         ] GC(796) User=0.47s Sys=0.00s Real=0.05s
[223.653s][info][gc,start       ] GC(797) Pause Full (Ergonomics)
[223.653s][info][gc,phases,start] GC(797) Marking Phase
[223.681s][info][gc,phases      ] GC(797) Marking Phase 27.558ms
[223.681s][info][gc,phases,start] GC(797) Summary Phase
[223.681s][info][gc,phases      ] GC(797) Summary Phase 0.036ms
[223.681s][info][gc,phases,start] GC(797) Adjust Roots
[223.684s][info][gc,phases      ] GC(797) Adjust Roots 3.575ms
[223.684s][info][gc,phases,start] GC(797) Compaction Phase
[223.704s][info][gc,phases      ] GC(797) Compaction Phase 19.244ms
[223.704s][info][gc,phases,start] GC(797) Post Compact
[223.706s][info][gc,phases      ] GC(797) Post Compact 2.650ms
[223.706s][info][gc,heap        ] GC(797) PSYoungGen: 58880K(116736K)->52217K(116736K) Eden: 58880K(58880K)->52217K(58880K) From: 0K(57856K)->0K(57856K)
[223.706s][info][gc,heap        ] GC(797) ParOldGen: 349058K(349696K)->349050K(349696K)
[223.706s][info][gc,metaspace   ] GC(797) Metaspace: 119321K(124864K)->119321K(124864K) NonClass: 101296K(104256K)->101296K(104256K) Class: 18025K(20608K)->18025K(20608K)
[223.706s][info][gc             ] GC(797) Pause Full (Ergonomics) 398M->391M(455M) 53.450ms
[223.707s][info][gc,cpu         ] GC(797) User=0.33s Sys=0.00s Real=0.05s
[223.709s][info][gc,start       ] GC(798) Pause Full (Ergonomics)
[223.709s][info][gc,phases,start] GC(798) Marking Phase
[223.733s][info][gc,phases      ] GC(798) Marking Phase 23.307ms
[223.733s][info][gc,phases,start] GC(798) Summary Phase
[223.733s][info][gc,phases      ] GC(798) Summary Phase 0.017ms
[223.733s][info][gc,phases,start] GC(798) Adjust Roots
[223.736s][info][gc,phases      ] GC(798) Adjust Roots 2.980ms
[223.736s][info][gc,phases,start] GC(798) Compaction Phase
[223.744s][info][gc,phases      ] GC(798) Compaction Phase 8.393ms
[223.744s][info][gc,phases,start] GC(798) Post Compact
[223.747s][info][gc,phases      ] GC(798) Post Compact 2.193ms
[223.747s][info][gc,heap        ] GC(798) PSYoungGen: 58879K(116736K)->52192K(116736K) Eden: 58879K(58880K)->52192K(58880K) From: 0K(57856K)->0K(57856K)
[223.747s][info][gc,heap        ] GC(798) ParOldGen: 349050K(349696K)->349050K(349696K)
[223.747s][info][gc,metaspace   ] GC(798) Metaspace: 119321K(124864K)->119321K(124864K) NonClass: 101296K(104256K)->101296K(104256K) Class: 18025K(20608K)->18025K(20608K)
[223.747s][info][gc             ] GC(798) Pause Full (Ergonomics) 398M->391M(455M) 37.230ms
[223.747s][info][gc,cpu         ] GC(798) User=0.27s Sys=0.00s Real=0.03s
[223.749s][info][gc,start       ] GC(799) Pause Full (Ergonomics)
[223.749s][info][gc,phases,start] GC(799) Marking Phase
[223.780s][info][gc,phases      ] GC(799) Marking Phase 30.717ms
[223.780s][info][gc,phases,start] GC(799) Summary Phase
[223.780s][info][gc,phases      ] GC(799) Summary Phase 0.034ms
[223.780s][info][gc,phases,start] GC(799) Adjust Roots
[223.784s][info][gc,phases      ] GC(799) Adjust Roots 3.756ms
[223.784s][info][gc,phases,start] GC(799) Compaction Phase
[223.796s][info][gc,phases      ] GC(799) Compaction Phase 12.638ms
[223.796s][info][gc,phases,start] GC(799) Post Compact
[223.799s][info][gc,phases      ] GC(799) Post Compact 2.593ms
[223.799s][info][gc,heap        ] GC(799) PSYoungGen: 58880K(116736K)->52198K(116736K) Eden: 58880K(58880K)->52198K(58880K) From: 0K(57856K)->0K(57856K)
[223.799s][info][gc,heap        ] GC(799) ParOldGen: 349050K(349696K)->349050K(349696K)
[223.799s][info][gc,metaspace   ] GC(799) Metaspace: 119321K(124864K)->119321K(124864K) NonClass: 101296K(104256K)->101296K(104256K) Class: 18025K(20608K)->18025K(20608K)
[223.799s][info][gc             ] GC(799) Pause Full (Ergonomics) 398M->391M(455M) 50.149ms
[223.799s][info][gc,cpu         ] GC(799) User=0.45s Sys=0.00s Real=0.05s
[223.802s][info][gc,start       ] GC(800) Pause Full (Ergonomics)
[223.802s][info][gc,phases,start] GC(800) Marking Phase
[223.834s][info][gc,phases      ] GC(800) Marking Phase 31.987ms
[223.834s][info][gc,phases,start] GC(800) Summary Phase
[223.834s][info][gc,phases      ] GC(800) Summary Phase 0.018ms
[223.834s][info][gc,phases,start] GC(800) Adjust Roots
[223.836s][info][gc,phases      ] GC(800) Adjust Roots 2.010ms
[223.836s][info][gc,phases,start] GC(800) Compaction Phase
[223.844s][info][gc,phases      ] GC(800) Compaction Phase 8.172ms
[223.844s][info][gc,phases,start] GC(800) Post Compact
[223.846s][info][gc,phases      ] GC(800) Post Compact 2.087ms
[223.846s][info][gc,heap        ] GC(800) PSYoungGen: 58879K(116736K)->52257K(116736K) Eden: 58879K(58880K)->52257K(58880K) From: 0K(57856K)->0K(57856K)
[223.846s][info][gc,heap        ] GC(800) ParOldGen: 349050K(349696K)->349050K(349696K)
[223.846s][info][gc,metaspace   ] GC(800) Metaspace: 119324K(124864K)->119324K(124864K) NonClass: 101299K(104256K)->101299K(104256K) Class: 18025K(20608K)->18025K(20608K)
[223.846s][info][gc             ] GC(800) Pause Full (Ergonomics) 398M->391M(455M) 44.500ms
[223.846s][info][gc,cpu         ] GC(800) User=0.17s Sys=0.00s Real=0.03s
[223.848s][info][gc,start       ] GC(801) Pause Full (Ergonomics)
[223.848s][info][gc,phases,start] GC(801) Marking Phase
[223.876s][info][gc,phases      ] GC(801) Marking Phase 27.451ms
[223.876s][info][gc,phases,start] GC(801) Summary Phase
[223.876s][info][gc,phases      ] GC(801) Summary Phase 0.018ms
[223.876s][info][gc,phases,start] GC(801) Adjust Roots
[223.878s][info][gc,phases      ] GC(801) Adjust Roots 2.093ms
[223.878s][info][gc,phases,start] GC(801) Compaction Phase
[223.898s][info][gc,phases      ] GC(801) Compaction Phase 19.609ms
[223.898s][info][gc,phases,start] GC(801) Post Compact
[223.900s][info][gc,phases      ] GC(801) Post Compact 2.330ms
[223.900s][info][gc,heap        ] GC(801) PSYoungGen: 58880K(116736K)->52592K(116736K) Eden: 58880K(58880K)->52592K(58880K) From: 0K(57856K)->0K(57856K)
[223.900s][info][gc,heap        ] GC(801) ParOldGen: 349050K(349696K)->349049K(349696K)
[223.900s][info][gc,metaspace   ] GC(801) Metaspace: 119325K(124864K)->119325K(124864K) NonClass: 101299K(104256K)->101299K(104256K) Class: 18025K(20608K)->18025K(20608K)
[223.900s][info][gc             ] GC(801) Pause Full (Ergonomics) 398M->392M(455M) 51.863ms
[223.900s][info][gc,cpu         ] GC(801) User=0.31s Sys=0.02s Real=0.05s
[223.902s][info][gc,start       ] GC(802) Pause Full (Ergonomics)
[223.902s][info][gc,phases,start] GC(802) Marking Phase
[223.925s][info][gc,phases      ] GC(802) Marking Phase 22.434ms
[223.925s][info][gc,phases,start] GC(802) Summary Phase
[223.925s][info][gc,phases      ] GC(802) Summary Phase 0.018ms
[223.925s][info][gc,phases,start] GC(802) Adjust Roots
[223.927s][info][gc,phases      ] GC(802) Adjust Roots 1.973ms
[223.927s][info][gc,phases,start] GC(802) Compaction Phase
[223.942s][info][gc,phases      ] GC(802) Compaction Phase 14.702ms
[223.942s][info][gc,phases,start] GC(802) Post Compact
[223.944s][info][gc,phases      ] GC(802) Post Compact 2.209ms
[223.944s][info][gc,heap        ] GC(802) PSYoungGen: 58879K(116736K)->52546K(116736K) Eden: 58879K(58880K)->52546K(58880K) From: 0K(57856K)->0K(57856K)
[223.944s][info][gc,heap        ] GC(802) ParOldGen: 349049K(349696K)->349045K(349696K)
[223.944s][info][gc,metaspace   ] GC(802) Metaspace: 119329K(124864K)->119329K(124864K) NonClass: 101303K(104256K)->101303K(104256K) Class: 18026K(20608K)->18026K(20608K)
[223.944s][info][gc             ] GC(802) Pause Full (Ergonomics) 398M->392M(455M) 41.612ms
[223.944s][info][gc,cpu         ] GC(802) User=0.31s Sys=0.00s Real=0.03s
[223.946s][info][gc,start       ] GC(803) Pause Full (Ergonomics)
[223.946s][info][gc,phases,start] GC(803) Marking Phase
[223.968s][info][gc,phases      ] GC(803) Marking Phase 22.190ms
[223.968s][info][gc,phases,start] GC(803) Summary Phase
[223.968s][info][gc,phases      ] GC(803) Summary Phase 0.019ms
[223.968s][info][gc,phases,start] GC(803) Adjust Roots
[223.970s][info][gc,phases      ] GC(803) Adjust Roots 2.031ms
[223.970s][info][gc,phases,start] GC(803) Compaction Phase
[223.990s][info][gc,phases      ] GC(803) Compaction Phase 19.465ms
[223.990s][info][gc,phases,start] GC(803) Post Compact
[223.992s][info][gc,phases      ] GC(803) Post Compact 2.671ms
[223.992s][info][gc,heap        ] GC(803) PSYoungGen: 58880K(116736K)->53070K(116736K) Eden: 58880K(58880K)->53070K(58880K) From: 0K(57856K)->0K(57856K)
[223.992s][info][gc,heap        ] GC(803) ParOldGen: 349045K(349696K)->349040K(349696K)
[223.992s][info][gc,metaspace   ] GC(803) Metaspace: 119330K(124864K)->119330K(124864K) NonClass: 101303K(104256K)->101303K(104256K) Class: 18026K(20608K)->18026K(20608K)
[223.993s][info][gc             ] GC(803) Pause Full (Ergonomics) 398M->392M(455M) 46.789ms
[223.993s][info][gc,cpu         ] GC(803) User=0.33s Sys=0.00s Real=0.05s
[223.994s][info][gc,start       ] GC(804) Pause Full (Ergonomics)
[223.995s][info][gc,phases,start] GC(804) Marking Phase
[224.018s][info][gc,phases      ] GC(804) Marking Phase 23.247ms
[224.018s][info][gc,phases,start] GC(804) Summary Phase
[224.018s][info][gc,phases      ] GC(804) Summary Phase 0.027ms
[224.018s][info][gc,phases,start] GC(804) Adjust Roots
[224.020s][info][gc,phases      ] GC(804) Adjust Roots 2.010ms
[224.020s][info][gc,phases,start] GC(804) Compaction Phase
[224.028s][info][gc,phases      ] GC(804) Compaction Phase 8.066ms
[224.028s][info][gc,phases,start] GC(804) Post Compact
[224.030s][info][gc,phases      ] GC(804) Post Compact 2.120ms
[224.030s][info][gc,heap        ] GC(804) PSYoungGen: 58879K(116736K)->53085K(116736K) Eden: 58879K(58880K)->53085K(58880K) From: 0K(57856K)->0K(57856K)
[224.030s][info][gc,heap        ] GC(804) ParOldGen: 349040K(349696K)->349040K(349696K)
[224.030s][info][gc,metaspace   ] GC(804) Metaspace: 119330K(124864K)->119330K(124864K) NonClass: 101303K(104256K)->101303K(104256K) Class: 18026K(20608K)->18026K(20608K)
[224.030s][info][gc             ] GC(804) Pause Full (Ergonomics) 398M->392M(455M) 35.831ms
[224.030s][info][gc,cpu         ] GC(804) User=0.28s Sys=0.00s Real=0.03s
[224.032s][info][gc,start       ] GC(805) Pause Full (Ergonomics)
[224.032s][info][gc,phases,start] GC(805) Marking Phase
[224.060s][info][gc,phases      ] GC(805) Marking Phase 27.770ms
[224.060s][info][gc,phases,start] GC(805) Summary Phase
[224.060s][info][gc,phases      ] GC(805) Summary Phase 0.017ms
[224.060s][info][gc,phases,start] GC(805) Adjust Roots
[224.063s][info][gc,phases      ] GC(805) Adjust Roots 2.583ms
[224.063s][info][gc,phases,start] GC(805) Compaction Phase
[224.082s][info][gc,phases      ] GC(805) Compaction Phase 19.740ms
[224.082s][info][gc,phases,start] GC(805) Post Compact
[224.085s][info][gc,phases      ] GC(805) Post Compact 2.295ms
[224.085s][info][gc,heap        ] GC(805) PSYoungGen: 58880K(116736K)->53655K(116736K) Eden: 58880K(58880K)->53655K(58880K) From: 0K(57856K)->0K(57856K)
[224.085s][info][gc,heap        ] GC(805) ParOldGen: 349040K(349696K)->349036K(349696K)
[224.085s][info][gc,metaspace   ] GC(805) Metaspace: 119331K(124864K)->119331K(124864K) NonClass: 101305K(104256K)->101305K(104256K) Class: 18026K(20608K)->18026K(20608K)
[224.085s][info][gc             ] GC(805) Pause Full (Ergonomics) 398M->393M(455M) 52.752ms
[224.085s][info][gc,cpu         ] GC(805) User=0.48s Sys=0.00s Real=0.06s
[224.087s][info][gc,start       ] GC(806) Pause Full (Ergonomics)
[224.087s][info][gc,phases,start] GC(806) Marking Phase
[224.122s][info][gc,phases      ] GC(806) Marking Phase 34.816ms
[224.122s][info][gc,phases,start] GC(806) Summary Phase
[224.122s][info][gc,phases      ] GC(806) Summary Phase 0.022ms
[224.122s][info][gc,phases,start] GC(806) Adjust Roots
[224.126s][info][gc,phases      ] GC(806) Adjust Roots 4.396ms
[224.126s][info][gc,phases,start] GC(806) Compaction Phase
[224.143s][info][gc,phases      ] GC(806) Compaction Phase 16.620ms
[224.143s][info][gc,phases,start] GC(806) Post Compact
[224.146s][info][gc,phases      ] GC(806) Post Compact 2.684ms
[224.146s][info][gc,heap        ] GC(806) PSYoungGen: 58880K(116736K)->53609K(116736K) Eden: 58880K(58880K)->53609K(58880K) From: 0K(57856K)->0K(57856K)
[224.146s][info][gc,heap        ] GC(806) ParOldGen: 349036K(349696K)->349026K(349696K)
[224.146s][info][gc,metaspace   ] GC(806) Metaspace: 119331K(124864K)->119328K(124864K) NonClass: 101305K(104256K)->101302K(104256K) Class: 18026K(20608K)->18025K(20608K)
[224.146s][info][gc             ] GC(806) Pause Full (Ergonomics) 398M->393M(455M) 58.977ms
[224.146s][info][gc,cpu         ] GC(806) User=0.33s Sys=0.00s Real=0.05s
[224.148s][info][gc,start       ] GC(807) Pause Full (Ergonomics)
[224.148s][info][gc,phases,start] GC(807) Marking Phase
[224.176s][info][gc,phases      ] GC(807) Marking Phase 28.528ms
[224.176s][info][gc,phases,start] GC(807) Summary Phase
[224.176s][info][gc,phases      ] GC(807) Summary Phase 0.047ms
[224.176s][info][gc,phases,start] GC(807) Adjust Roots
[224.178s][info][gc,phases      ] GC(807) Adjust Roots 2.093ms
[224.178s][info][gc,phases,start] GC(807) Compaction Phase
[224.199s][info][gc,phases      ] GC(807) Compaction Phase 20.239ms
[224.199s][info][gc,phases,start] GC(807) Post Compact
[224.201s][info][gc,phases      ] GC(807) Post Compact 2.643ms
[224.201s][info][gc,heap        ] GC(807) PSYoungGen: 58879K(116736K)->53630K(116736K) Eden: 58879K(58880K)->53630K(58880K) From: 0K(57856K)->0K(57856K)
[224.201s][info][gc,heap        ] GC(807) ParOldGen: 349026K(349696K)->349026K(349696K)
[224.201s][info][gc,metaspace   ] GC(807) Metaspace: 119335K(124864K)->119335K(124864K) NonClass: 101308K(104256K)->101308K(104256K) Class: 18027K(20608K)->18027K(20608K)
[224.202s][info][gc             ] GC(807) Pause Full (Ergonomics) 398M->393M(455M) 53.984ms
[224.202s][info][gc,cpu         ] GC(807) User=0.33s Sys=0.00s Real=0.05s
[224.203s][info][gc,start       ] GC(808) Pause Full (Ergonomics)
[224.204s][info][gc,phases,start] GC(808) Marking Phase
[224.232s][info][gc,phases      ] GC(808) Marking Phase 28.435ms
[224.232s][info][gc,phases,start] GC(808) Summary Phase
[224.232s][info][gc,phases      ] GC(808) Summary Phase 0.019ms
[224.232s][info][gc,phases,start] GC(808) Adjust Roots
[224.234s][info][gc,phases      ] GC(808) Adjust Roots 1.956ms
[224.234s][info][gc,phases,start] GC(808) Compaction Phase
[224.241s][info][gc,phases      ] GC(808) Compaction Phase 7.061ms
[224.241s][info][gc,phases,start] GC(808) Post Compact
[224.243s][info][gc,phases      ] GC(808) Post Compact 1.993ms
[224.243s][info][gc,heap        ] GC(808) PSYoungGen: 58880K(116736K)->53664K(116736K) Eden: 58880K(58880K)->53664K(58880K) From: 0K(57856K)->0K(57856K)
[224.243s][info][gc,heap        ] GC(808) ParOldGen: 349026K(349696K)->349026K(349696K)
[224.243s][info][gc,metaspace   ] GC(808) Metaspace: 119335K(124864K)->119335K(124864K) NonClass: 101308K(104256K)->101308K(104256K) Class: 18027K(20608K)->18027K(20608K)
[224.243s][info][gc             ] GC(808) Pause Full (Ergonomics) 398M->393M(455M) 39.708ms
[224.243s][info][gc,cpu         ] GC(808) User=0.34s Sys=0.00s Real=0.05s
[224.245s][info][gc,start       ] GC(809) Pause Full (Ergonomics)
[224.245s][info][gc,phases,start] GC(809) Marking Phase
[224.268s][info][gc,phases      ] GC(809) Marking Phase 22.601ms
[224.268s][info][gc,phases,start] GC(809) Summary Phase
[224.268s][info][gc,phases      ] GC(809) Summary Phase 0.019ms
[224.268s][info][gc,phases,start] GC(809) Adjust Roots
[224.270s][info][gc,phases      ] GC(809) Adjust Roots 1.994ms
[224.270s][info][gc,phases,start] GC(809) Compaction Phase
[224.289s][info][gc,phases      ] GC(809) Compaction Phase 19.731ms
[224.289s][info][gc,phases,start] GC(809) Post Compact
[224.292s][info][gc,phases      ] GC(809) Post Compact 2.348ms
[224.292s][info][gc,heap        ] GC(809) PSYoungGen: 58879K(116736K)->53933K(116736K) Eden: 58879K(58880K)->53933K(58880K) From: 0K(57856K)->0K(57856K)
[224.292s][info][gc,heap        ] GC(809) ParOldGen: 349026K(349696K)->349025K(349696K)
[224.292s][info][gc,metaspace   ] GC(809) Metaspace: 119335K(124864K)->119335K(124864K) NonClass: 101308K(104256K)->101308K(104256K) Class: 18027K(20608K)->18027K(20608K)
[224.292s][info][gc             ] GC(809) Pause Full (Ergonomics) 398M->393M(455M) 47.044ms
[224.292s][info][gc,cpu         ] GC(809) User=0.47s Sys=0.00s Real=0.05s
[224.294s][info][gc,start       ] GC(810) Pause Full (Ergonomics)
[224.294s][info][gc,phases,start] GC(810) Marking Phase
[224.320s][info][gc,phases      ] GC(810) Marking Phase 26.515ms
[224.320s][info][gc,phases,start] GC(810) Summary Phase
[224.320s][info][gc,phases      ] GC(810) Summary Phase 0.018ms
[224.320s][info][gc,phases,start] GC(810) Adjust Roots
[224.322s][info][gc,phases      ] GC(810) Adjust Roots 2.015ms
[224.322s][info][gc,phases,start] GC(810) Compaction Phase
[224.336s][info][gc,phases      ] GC(810) Compaction Phase 13.081ms
[224.336s][info][gc,phases,start] GC(810) Post Compact
[224.338s][info][gc,phases      ] GC(810) Post Compact 2.167ms
[224.338s][info][gc,heap        ] GC(810) PSYoungGen: 58879K(116736K)->53975K(116736K) Eden: 58879K(58880K)->53975K(58880K) From: 0K(57856K)->0K(57856K)
[224.338s][info][gc,heap        ] GC(810) ParOldGen: 349025K(349696K)->349022K(349696K)
[224.338s][info][gc,metaspace   ] GC(810) Metaspace: 119335K(124864K)->119335K(124864K) NonClass: 101308K(104256K)->101308K(104256K) Class: 18027K(20608K)->18027K(20608K)
[224.338s][info][gc             ] GC(810) Pause Full (Ergonomics) 398M->393M(455M) 44.073ms
[224.338s][info][gc,cpu         ] GC(810) User=0.31s Sys=0.00s Real=0.03s
[224.340s][info][gc,start       ] GC(811) Pause Full (Ergonomics)
[224.340s][info][gc,phases,start] GC(811) Marking Phase
[224.371s][info][gc,phases      ] GC(811) Marking Phase 31.189ms
[224.371s][info][gc,phases,start] GC(811) Summary Phase
[224.371s][info][gc,phases      ] GC(811) Summary Phase 0.018ms
[224.371s][info][gc,phases,start] GC(811) Adjust Roots
[224.373s][info][gc,phases      ] GC(811) Adjust Roots 2.027ms
[224.373s][info][gc,phases,start] GC(811) Compaction Phase
[224.392s][info][gc,phases      ] GC(811) Compaction Phase 19.497ms
[224.392s][info][gc,phases,start] GC(811) Post Compact
[224.395s][info][gc,phases      ] GC(811) Post Compact 2.077ms
[224.395s][info][gc,heap        ] GC(811) PSYoungGen: 58880K(116736K)->54006K(116736K) Eden: 58880K(58880K)->54006K(58880K) From: 0K(57856K)->0K(57856K)
[224.395s][info][gc,heap        ] GC(811) ParOldGen: 349022K(349696K)->349022K(349696K)
[224.395s][info][gc,metaspace   ] GC(811) Metaspace: 119335K(124864K)->119335K(124864K) NonClass: 101308K(104256K)->101308K(104256K) Class: 18027K(20608K)->18027K(20608K)
[224.395s][info][gc             ] GC(811) Pause Full (Ergonomics) 398M->393M(455M) 55.070ms
[224.395s][info][gc,cpu         ] GC(811) User=0.33s Sys=0.00s Real=0.05s
[224.396s][info][gc,start       ] GC(812) Pause Full (Ergonomics)
[224.396s][info][gc,phases,start] GC(812) Marking Phase
[224.424s][info][gc,phases      ] GC(812) Marking Phase 28.107ms
[224.425s][info][gc,phases,start] GC(812) Summary Phase
[224.425s][info][gc,phases      ] GC(812) Summary Phase 0.046ms
[224.425s][info][gc,phases,start] GC(812) Adjust Roots
[224.427s][info][gc,phases      ] GC(812) Adjust Roots 2.092ms
[224.427s][info][gc,phases,start] GC(812) Compaction Phase
[224.444s][info][gc,phases      ] GC(812) Compaction Phase 17.704ms
[224.445s][info][gc,phases,start] GC(812) Post Compact
[224.447s][info][gc,phases      ] GC(812) Post Compact 2.642ms
[224.447s][info][gc,heap        ] GC(812) PSYoungGen: 58879K(116736K)->54517K(116736K) Eden: 58879K(58880K)->54517K(58880K) From: 0K(57856K)->0K(57856K)
[224.447s][info][gc,heap        ] GC(812) ParOldGen: 349022K(349696K)->349018K(349696K)
[224.447s][info][gc,metaspace   ] GC(812) Metaspace: 119340K(124864K)->119340K(124864K) NonClass: 101313K(104256K)->101313K(104256K) Class: 18027K(20608K)->18027K(20608K)
[224.447s][info][gc             ] GC(812) Pause Full (Ergonomics) 398M->394M(455M) 51.030ms
[224.447s][info][gc,cpu         ] GC(812) User=0.33s Sys=0.00s Real=0.05s
[224.449s][info][gc,start       ] GC(813) Pause Full (Ergonomics)
[224.449s][info][gc,phases,start] GC(813) Marking Phase
[224.473s][info][gc,phases      ] GC(813) Marking Phase 24.306ms
[224.473s][info][gc,phases,start] GC(813) Summary Phase
[224.473s][info][gc,phases      ] GC(813) Summary Phase 0.022ms
[224.473s][info][gc,phases,start] GC(813) Adjust Roots
[224.477s][info][gc,phases      ] GC(813) Adjust Roots 3.690ms
[224.477s][info][gc,phases,start] GC(813) Compaction Phase
[224.496s][info][gc,phases      ] GC(813) Compaction Phase 19.201ms
[224.496s][info][gc,phases,start] GC(813) Post Compact
[224.499s][info][gc,phases      ] GC(813) Post Compact 2.429ms
[224.499s][info][gc,heap        ] GC(813) PSYoungGen: 58880K(116736K)->54805K(116736K) Eden: 58880K(58880K)->54805K(58880K) From: 0K(57856K)->0K(57856K)
[224.499s][info][gc,heap        ] GC(813) ParOldGen: 349018K(349696K)->349013K(349696K)
[224.499s][info][gc,metaspace   ] GC(813) Metaspace: 119340K(124864K)->119340K(124864K) NonClass: 101313K(104256K)->101313K(104256K) Class: 18027K(20608K)->18027K(20608K)
[224.499s][info][gc             ] GC(813) Pause Full (Ergonomics) 398M->394M(455M) 49.972ms
[224.499s][info][gc,cpu         ] GC(813) User=0.33s Sys=0.00s Real=0.05s
[224.500s][info][gc,start       ] GC(814) Pause Full (Ergonomics)
[224.500s][info][gc,phases,start] GC(814) Marking Phase
[224.528s][info][gc,phases      ] GC(814) Marking Phase 27.555ms
[224.528s][info][gc,phases,start] GC(814) Summary Phase
[224.528s][info][gc,phases      ] GC(814) Summary Phase 0.045ms
[224.528s][info][gc,phases,start] GC(814) Adjust Roots
[224.530s][info][gc,phases      ] GC(814) Adjust Roots 2.001ms
[224.530s][info][gc,phases,start] GC(814) Compaction Phase
[224.538s][info][gc,phases      ] GC(814) Compaction Phase 8.327ms
[224.538s][info][gc,phases,start] GC(814) Post Compact
[224.541s][info][gc,phases      ] GC(814) Post Compact 2.516ms
[224.541s][info][gc,heap        ] GC(814) PSYoungGen: 58880K(116736K)->54750K(116736K) Eden: 58880K(58880K)->54750K(58880K) From: 0K(57856K)->0K(57856K)
[224.541s][info][gc,heap        ] GC(814) ParOldGen: 349013K(349696K)->349013K(349696K)
[224.541s][info][gc,metaspace   ] GC(814) Metaspace: 119347K(124864K)->119347K(124864K) NonClass: 101319K(104256K)->101319K(104256K) Class: 18028K(20608K)->18028K(20608K)
[224.541s][info][gc             ] GC(814) Pause Full (Ergonomics) 398M->394M(455M) 40.886ms
[224.541s][info][gc,cpu         ] GC(814) User=0.31s Sys=0.00s Real=0.03s
[224.543s][info][gc,start       ] GC(815) Pause Full (Ergonomics)
[224.543s][info][gc,phases,start] GC(815) Marking Phase
[224.573s][info][gc,phases      ] GC(815) Marking Phase 29.959ms
[224.573s][info][gc,phases,start] GC(815) Summary Phase
[224.573s][info][gc,phases      ] GC(815) Summary Phase 0.047ms
[224.573s][info][gc,phases,start] GC(815) Adjust Roots
[224.576s][info][gc,phases      ] GC(815) Adjust Roots 2.489ms
[224.576s][info][gc,phases,start] GC(815) Compaction Phase
[224.589s][info][gc,phases      ] GC(815) Compaction Phase 13.726ms
[224.589s][info][gc,phases,start] GC(815) Post Compact
[224.592s][info][gc,phases      ] GC(815) Post Compact 2.653ms
[224.592s][info][gc,heap        ] GC(815) PSYoungGen: 58880K(116736K)->54868K(116736K) Eden: 58880K(58880K)->54868K(58880K) From: 0K(57856K)->0K(57856K)
[224.592s][info][gc,heap        ] GC(815) ParOldGen: 349013K(349696K)->349009K(349696K)
[224.592s][info][gc,metaspace   ] GC(815) Metaspace: 119347K(124864K)->119347K(124864K) NonClass: 101319K(104256K)->101319K(104256K) Class: 18028K(20608K)->18028K(20608K)
[224.592s][info][gc             ] GC(815) Pause Full (Ergonomics) 398M->394M(455M) 49.313ms
[224.592s][info][gc,cpu         ] GC(815) User=0.47s Sys=0.00s Real=0.05s
[224.594s][info][gc,start       ] GC(816) Pause Full (Ergonomics)
[224.594s][info][gc,phases,start] GC(816) Marking Phase
[224.618s][info][gc,phases      ] GC(816) Marking Phase 23.655ms
[224.618s][info][gc,phases,start] GC(816) Summary Phase
[224.618s][info][gc,phases      ] GC(816) Summary Phase 0.020ms
[224.618s][info][gc,phases,start] GC(816) Adjust Roots
[224.620s][info][gc,phases      ] GC(816) Adjust Roots 1.992ms
[224.620s][info][gc,phases,start] GC(816) Compaction Phase
[224.637s][info][gc,phases      ] GC(816) Compaction Phase 16.938ms
[224.637s][info][gc,phases,start] GC(816) Post Compact
[224.639s][info][gc,phases      ] GC(816) Post Compact 2.342ms
[224.639s][info][gc,heap        ] GC(816) PSYoungGen: 58880K(116736K)->54876K(116736K) Eden: 58880K(58880K)->54876K(58880K) From: 0K(57856K)->0K(57856K)
[224.639s][info][gc,heap        ] GC(816) ParOldGen: 349009K(349696K)->349009K(349696K)
[224.639s][info][gc,metaspace   ] GC(816) Metaspace: 119347K(124864K)->119347K(124864K) NonClass: 101319K(104256K)->101319K(104256K) Class: 18028K(20608K)->18028K(20608K)
[224.639s][info][gc             ] GC(816) Pause Full (Ergonomics) 398M->394M(455M) 45.308ms
[224.640s][info][gc,cpu         ] GC(816) User=0.22s Sys=0.00s Real=0.03s
[224.641s][info][gc,start       ] GC(817) Pause Full (Ergonomics)
[224.641s][info][gc,phases,start] GC(817) Marking Phase
[224.672s][info][gc,phases      ] GC(817) Marking Phase 30.351ms
[224.672s][info][gc,phases,start] GC(817) Summary Phase
[224.672s][info][gc,phases      ] GC(817) Summary Phase 0.020ms
[224.672s][info][gc,phases,start] GC(817) Adjust Roots
[224.674s][info][gc,phases      ] GC(817) Adjust Roots 2.055ms
[224.674s][info][gc,phases,start] GC(817) Compaction Phase
[224.692s][info][gc,phases      ] GC(817) Compaction Phase 17.902ms
[224.692s][info][gc,phases,start] GC(817) Post Compact
[224.694s][info][gc,phases      ] GC(817) Post Compact 2.406ms
[224.694s][info][gc,heap        ] GC(817) PSYoungGen: 58880K(116736K)->55087K(116736K) Eden: 58880K(58880K)->55087K(58880K) From: 0K(57856K)->0K(57856K)
[224.694s][info][gc,heap        ] GC(817) ParOldGen: 349009K(349696K)->349008K(349696K)
[224.694s][info][gc,metaspace   ] GC(817) Metaspace: 119347K(124864K)->119347K(124864K) NonClass: 101319K(104256K)->101319K(104256K) Class: 18028K(20608K)->18028K(20608K)
[224.694s][info][gc             ] GC(817) Pause Full (Ergonomics) 398M->394M(455M) 53.077ms
[224.694s][info][gc,cpu         ] GC(817) User=0.33s Sys=0.00s Real=0.05s
[224.696s][info][gc,start       ] GC(818) Pause Full (Ergonomics)
[224.696s][info][gc,phases,start] GC(818) Marking Phase
[224.718s][info][gc,phases      ] GC(818) Marking Phase 22.821ms
[224.718s][info][gc,phases,start] GC(818) Summary Phase
[224.718s][info][gc,phases      ] GC(818) Summary Phase 0.019ms
[224.718s][info][gc,phases,start] GC(818) Adjust Roots
[224.720s][info][gc,phases      ] GC(818) Adjust Roots 1.955ms
[224.721s][info][gc,phases,start] GC(818) Compaction Phase
[224.729s][info][gc,phases      ] GC(818) Compaction Phase 8.573ms
[224.729s][info][gc,phases,start] GC(818) Post Compact
[224.732s][info][gc,phases      ] GC(818) Post Compact 2.661ms
[224.732s][info][gc,heap        ] GC(818) PSYoungGen: 58880K(116736K)->55154K(116736K) Eden: 58880K(58880K)->55154K(58880K) From: 0K(57856K)->0K(57856K)
[224.732s][info][gc,heap        ] GC(818) ParOldGen: 349008K(349696K)->349004K(349696K)
[224.732s][info][gc,metaspace   ] GC(818) Metaspace: 119347K(124864K)->119347K(124864K) NonClass: 101319K(104256K)->101319K(104256K) Class: 18028K(20608K)->18028K(20608K)
[224.732s][info][gc             ] GC(818) Pause Full (Ergonomics) 398M->394M(455M) 36.459ms
[224.732s][info][gc,cpu         ] GC(818) User=0.17s Sys=0.00s Real=0.03s
[224.734s][info][gc,start       ] GC(819) Pause Full (Ergonomics)
[224.734s][info][gc,phases,start] GC(819) Marking Phase
[224.767s][info][gc,phases      ] GC(819) Marking Phase 33.060ms
[224.774s][info][gc,phases,start] GC(819) Summary Phase
[224.774s][info][gc,phases      ] GC(819) Summary Phase 0.073ms
[224.774s][info][gc,phases,start] GC(819) Adjust Roots
[224.777s][info][gc,phases      ] GC(819) Adjust Roots 2.526ms
[224.777s][info][gc,phases,start] GC(819) Compaction Phase
[224.795s][info][gc,phases      ] GC(819) Compaction Phase 18.675ms
[224.795s][info][gc,phases,start] GC(819) Post Compact
[224.798s][info][gc,phases      ] GC(819) Post Compact 2.283ms
[224.798s][info][gc,heap        ] GC(819) PSYoungGen: 58880K(116736K)->55386K(116736K) Eden: 58880K(58880K)->55386K(58880K) From: 0K(57856K)->0K(57856K)
[224.798s][info][gc,heap        ] GC(819) ParOldGen: 349004K(349696K)->349003K(349696K)
[224.798s][info][gc,metaspace   ] GC(819) Metaspace: 119349K(124864K)->119349K(124864K) NonClass: 101320K(104256K)->101320K(104256K) Class: 18028K(20608K)->18028K(20608K)
[224.798s][info][gc             ] GC(819) Pause Full (Ergonomics) 398M->394M(455M) 64.163ms
[224.798s][info][gc,cpu         ] GC(819) User=0.34s Sys=0.02s Real=0.06s
[224.799s][info][gc,start       ] GC(820) Pause Full (Ergonomics)
[224.799s][info][gc,phases,start] GC(820) Marking Phase
[224.836s][info][gc,phases      ] GC(820) Marking Phase 36.312ms
[224.836s][info][gc,phases,start] GC(820) Summary Phase
[224.836s][info][gc,phases      ] GC(820) Summary Phase 0.018ms
[224.836s][info][gc,phases,start] GC(820) Adjust Roots
[224.838s][info][gc,phases      ] GC(820) Adjust Roots 2.763ms
[224.838s][info][gc,phases,start] GC(820) Compaction Phase
[224.856s][info][gc,phases      ] GC(820) Compaction Phase 17.795ms
[224.856s][info][gc,phases,start] GC(820) Post Compact
[224.858s][info][gc,phases      ] GC(820) Post Compact 2.282ms
[224.859s][info][gc,heap        ] GC(820) PSYoungGen: 58880K(116736K)->55407K(116736K) Eden: 58880K(58880K)->55407K(58880K) From: 0K(57856K)->0K(57856K)
[224.859s][info][gc,heap        ] GC(820) ParOldGen: 349003K(349696K)->349003K(349696K)
[224.859s][info][gc,metaspace   ] GC(820) Metaspace: 119349K(124864K)->119337K(124864K) NonClass: 101320K(104256K)->101310K(104256K) Class: 18028K(20608K)->18026K(20608K)
[224.859s][info][gc             ] GC(820) Pause Full (Ergonomics) 398M->394M(455M) 59.445ms
[224.859s][info][gc,cpu         ] GC(820) User=0.23s Sys=0.00s Real=0.05s
[224.860s][info][gc,start       ] GC(821) Pause Full (Ergonomics)
[224.861s][info][gc,phases,start] GC(821) Marking Phase
[224.901s][info][gc,phases      ] GC(821) Marking Phase 40.687ms
[224.901s][info][gc,phases,start] GC(821) Summary Phase
[224.901s][info][gc,phases      ] GC(821) Summary Phase 0.047ms
[224.901s][info][gc,phases,start] GC(821) Adjust Roots
[224.903s][info][gc,phases      ] GC(821) Adjust Roots 2.038ms
[224.903s][info][gc,phases,start] GC(821) Compaction Phase
[224.916s][info][gc,phases      ] GC(821) Compaction Phase 12.341ms
[224.916s][info][gc,phases,start] GC(821) Post Compact
[224.918s][info][gc,phases      ] GC(821) Post Compact 2.656ms
[224.919s][info][gc,heap        ] GC(821) PSYoungGen: 58880K(116736K)->55378K(116736K) Eden: 58880K(58880K)->55378K(58880K) From: 0K(57856K)->0K(57856K)
[224.919s][info][gc,heap        ] GC(821) ParOldGen: 349003K(349696K)->348999K(349696K)
[224.919s][info][gc,metaspace   ] GC(821) Metaspace: 119339K(124864K)->119339K(124864K) NonClass: 101312K(104256K)->101312K(104256K) Class: 18027K(20608K)->18027K(20608K)
[224.919s][info][gc             ] GC(821) Pause Full (Ergonomics) 398M->394M(455M) 58.237ms
[224.919s][info][gc,cpu         ] GC(821) User=0.53s Sys=0.03s Real=0.06s
[224.920s][info][gc,start       ] GC(822) Pause Full (Ergonomics)
[224.920s][info][gc,phases,start] GC(822) Marking Phase
[224.944s][info][gc,phases      ] GC(822) Marking Phase 23.332ms
[224.944s][info][gc,phases,start] GC(822) Summary Phase
[224.944s][info][gc,phases      ] GC(822) Summary Phase 0.020ms
[224.944s][info][gc,phases,start] GC(822) Adjust Roots
[224.946s][info][gc,phases      ] GC(822) Adjust Roots 2.111ms
[224.946s][info][gc,phases,start] GC(822) Compaction Phase
[224.961s][info][gc,phases      ] GC(822) Compaction Phase 15.410ms
[224.961s][info][gc,phases,start] GC(822) Post Compact
[224.963s][info][gc,phases      ] GC(822) Post Compact 2.078ms
[224.963s][info][gc,heap        ] GC(822) PSYoungGen: 58880K(116736K)->55317K(116736K) Eden: 58880K(58880K)->55317K(58880K) From: 0K(57856K)->0K(57856K)
[224.963s][info][gc,heap        ] GC(822) ParOldGen: 348999K(349696K)->348999K(349696K)
[224.963s][info][gc,metaspace   ] GC(822) Metaspace: 119340K(124864K)->119340K(124864K) NonClass: 101313K(104256K)->101313K(104256K) Class: 18027K(20608K)->18027K(20608K)
[224.963s][info][gc             ] GC(822) Pause Full (Ergonomics) 398M->394M(455M) 43.232ms
[224.964s][info][gc,cpu         ] GC(822) User=0.34s Sys=0.00s Real=0.04s
[224.965s][info][gc,start       ] GC(823) Pause Full (Ergonomics)
[224.965s][info][gc,phases,start] GC(823) Marking Phase
[225.005s][info][gc,phases      ] GC(823) Marking Phase 39.752ms
[225.005s][info][gc,phases,start] GC(823) Summary Phase
[225.005s][info][gc,phases      ] GC(823) Summary Phase 0.018ms
[225.005s][info][gc,phases,start] GC(823) Adjust Roots
[225.008s][info][gc,phases      ] GC(823) Adjust Roots 3.004ms
[225.008s][info][gc,phases,start] GC(823) Compaction Phase
[225.026s][info][gc,phases      ] GC(823) Compaction Phase 18.326ms
[225.026s][info][gc,phases,start] GC(823) Post Compact
[225.029s][info][gc,phases      ] GC(823) Post Compact 2.235ms
[225.029s][info][gc,heap        ] GC(823) PSYoungGen: 58880K(116736K)->55393K(116736K) Eden: 58880K(58880K)->55393K(58880K) From: 0K(57856K)->0K(57856K)
[225.029s][info][gc,heap        ] GC(823) ParOldGen: 348999K(349696K)->348999K(349696K)
[225.029s][info][gc,metaspace   ] GC(823) Metaspace: 119340K(124864K)->119337K(124864K) NonClass: 101313K(104256K)->101310K(104256K) Class: 18027K(20608K)->18026K(20608K)
[225.029s][info][gc             ] GC(823) Pause Full (Ergonomics) 398M->394M(455M) 63.601ms
[225.029s][info][gc,cpu         ] GC(823) User=0.36s Sys=0.00s Real=0.06s
[225.030s][info][gc,start       ] GC(824) Pause Full (Ergonomics)
[225.031s][info][gc,phases,start] GC(824) Marking Phase
[225.080s][info][gc,phases      ] GC(824) Marking Phase 49.975ms
[225.081s][info][gc,phases,start] GC(824) Summary Phase
[225.081s][info][gc,phases      ] GC(824) Summary Phase 0.017ms
[225.081s][info][gc,phases,start] GC(824) Adjust Roots
[225.083s][info][gc,phases      ] GC(824) Adjust Roots 2.659ms
[225.083s][info][gc,phases,start] GC(824) Compaction Phase
[225.103s][info][gc,phases      ] GC(824) Compaction Phase 19.301ms
[225.103s][info][gc,phases,start] GC(824) Post Compact
[225.105s][info][gc,phases      ] GC(824) Post Compact 2.196ms
[225.105s][info][gc,heap        ] GC(824) PSYoungGen: 58880K(116736K)->55447K(116736K) Eden: 58880K(58880K)->55447K(58880K) From: 0K(57856K)->0K(57856K)
[225.105s][info][gc,heap        ] GC(824) ParOldGen: 348999K(349696K)->348998K(349696K)
[225.105s][info][gc,metaspace   ] GC(824) Metaspace: 119340K(124864K)->119330K(124864K) NonClass: 101313K(104256K)->101305K(104256K) Class: 18027K(20608K)->18025K(20608K)
[225.105s][info][gc             ] GC(824) Pause Full (Ergonomics) 398M->394M(455M) 74.404ms
[225.105s][info][gc,cpu         ] GC(824) User=0.75s Sys=0.03s Real=0.08s
[225.106s][info][gc,start       ] GC(825) Pause Full (Ergonomics)
[225.106s][info][gc,phases,start] GC(825) Marking Phase
[225.129s][info][gc,phases      ] GC(825) Marking Phase 22.920ms
[225.129s][info][gc,phases,start] GC(825) Summary Phase
[225.129s][info][gc,phases      ] GC(825) Summary Phase 0.019ms
[225.129s][info][gc,phases,start] GC(825) Adjust Roots
[225.131s][info][gc,phases      ] GC(825) Adjust Roots 2.018ms
[225.131s][info][gc,phases,start] GC(825) Compaction Phase
[225.158s][info][gc,phases      ] GC(825) Compaction Phase 27.344ms
[225.159s][info][gc,phases,start] GC(825) Post Compact
[225.161s][info][gc,phases      ] GC(825) Post Compact 2.497ms
[225.161s][info][gc,heap        ] GC(825) PSYoungGen: 58880K(116736K)->55718K(116736K) Eden: 58880K(58880K)->55718K(58880K) From: 0K(57856K)->0K(57856K)
[225.161s][info][gc,heap        ] GC(825) ParOldGen: 348998K(349696K)->348995K(349696K)
[225.161s][info][gc,metaspace   ] GC(825) Metaspace: 119330K(124864K)->119330K(124864K) NonClass: 101305K(104256K)->101305K(104256K) Class: 18025K(20608K)->18025K(20608K)
[225.161s][info][gc             ] GC(825) Pause Full (Ergonomics) 398M->395M(455M) 55.133ms
[225.161s][info][gc,cpu         ] GC(825) User=0.34s Sys=0.00s Real=0.06s
[225.163s][info][gc,start       ] GC(826) Pause Full (Ergonomics)
[225.163s][info][gc,phases,start] GC(826) Marking Phase
[225.191s][info][gc,phases      ] GC(826) Marking Phase 28.329ms
[225.191s][info][gc,phases,start] GC(826) Summary Phase
[225.191s][info][gc,phases      ] GC(826) Summary Phase 0.021ms
[225.191s][info][gc,phases,start] GC(826) Adjust Roots
[225.193s][info][gc,phases      ] GC(826) Adjust Roots 2.047ms
[225.193s][info][gc,phases,start] GC(826) Compaction Phase
[225.211s][info][gc,phases      ] GC(826) Compaction Phase 17.935ms
[225.211s][info][gc,phases,start] GC(826) Post Compact
[225.213s][info][gc,phases      ] GC(826) Post Compact 2.433ms
[225.214s][info][gc,heap        ] GC(826) PSYoungGen: 58880K(116736K)->56022K(116736K) Eden: 58880K(58880K)->56022K(58880K) From: 0K(57856K)->0K(57856K)
[225.214s][info][gc,heap        ] GC(826) ParOldGen: 348995K(349696K)->348994K(349696K)
[225.214s][info][gc,metaspace   ] GC(826) Metaspace: 119337K(124864K)->119337K(124864K) NonClass: 101310K(104256K)->101310K(104256K) Class: 18026K(20608K)->18026K(20608K)
[225.214s][info][gc             ] GC(826) Pause Full (Ergonomics) 398M->395M(455M) 51.088ms
[225.214s][info][gc,cpu         ] GC(826) User=0.47s Sys=0.00s Real=0.05s
[225.215s][info][gc,start       ] GC(827) Pause Full (Ergonomics)
[225.215s][info][gc,phases,start] GC(827) Marking Phase
[225.239s][info][gc,phases      ] GC(827) Marking Phase 23.932ms
[225.239s][info][gc,phases,start] GC(827) Summary Phase
[225.239s][info][gc,phases      ] GC(827) Summary Phase 0.023ms
[225.239s][info][gc,phases,start] GC(827) Adjust Roots
[225.241s][info][gc,phases      ] GC(827) Adjust Roots 1.979ms
[225.241s][info][gc,phases,start] GC(827) Compaction Phase
[225.253s][info][gc,phases      ] GC(827) Compaction Phase 12.365ms
[225.253s][info][gc,phases,start] GC(827) Post Compact
[225.256s][info][gc,phases      ] GC(827) Post Compact 2.308ms
[225.256s][info][gc,heap        ] GC(827) PSYoungGen: 58879K(116736K)->55916K(116736K) Eden: 58879K(58880K)->55916K(58880K) From: 0K(57856K)->0K(57856K)
[225.256s][info][gc,heap        ] GC(827) ParOldGen: 348994K(349696K)->348991K(349696K)
[225.256s][info][gc,metaspace   ] GC(827) Metaspace: 119337K(124864K)->119337K(124864K) NonClass: 101310K(104256K)->101310K(104256K) Class: 18026K(20608K)->18026K(20608K)
[225.256s][info][gc             ] GC(827) Pause Full (Ergonomics) 398M->395M(455M) 40.919ms
[225.256s][info][gc,cpu         ] GC(827) User=0.19s Sys=0.00s Real=0.05s
[225.257s][info][gc,start       ] GC(828) Pause Full (Ergonomics)
[225.257s][info][gc,phases,start] GC(828) Marking Phase
[225.292s][info][gc,phases      ] GC(828) Marking Phase 35.066ms
[225.292s][info][gc,phases,start] GC(828) Summary Phase
[225.292s][info][gc,phases      ] GC(828) Summary Phase 0.020ms
[225.292s][info][gc,phases,start] GC(828) Adjust Roots
[225.295s][info][gc,phases      ] GC(828) Adjust Roots 2.607ms
[225.295s][info][gc,phases,start] GC(828) Compaction Phase
[225.307s][info][gc,phases      ] GC(828) Compaction Phase 11.557ms
[225.307s][info][gc,phases,start] GC(828) Post Compact
[225.309s][info][gc,phases      ] GC(828) Post Compact 2.481ms
[225.309s][info][gc,heap        ] GC(828) PSYoungGen: 58879K(116736K)->55966K(116736K) Eden: 58879K(58880K)->55966K(58880K) From: 0K(57856K)->0K(57856K)
[225.309s][info][gc,heap        ] GC(828) ParOldGen: 348991K(349696K)->348991K(349696K)
[225.309s][info][gc,metaspace   ] GC(828) Metaspace: 119339K(124864K)->119335K(124864K) NonClass: 101312K(104256K)->101309K(104256K) Class: 18026K(20608K)->18026K(20608K)
[225.309s][info][gc             ] GC(828) Pause Full (Ergonomics) 398M->395M(455M) 52.254ms
[225.309s][info][gc,cpu         ] GC(828) User=0.23s Sys=0.02s Real=0.05s
[225.311s][info][gc,start       ] GC(829) Pause Full (Ergonomics)
[225.311s][info][gc,phases,start] GC(829) Marking Phase
[225.344s][info][gc,phases      ] GC(829) Marking Phase 33.062ms
[225.344s][info][gc,phases,start] GC(829) Summary Phase
[225.344s][info][gc,phases      ] GC(829) Summary Phase 0.018ms
[225.344s][info][gc,phases,start] GC(829) Adjust Roots
[225.346s][info][gc,phases      ] GC(829) Adjust Roots 2.026ms
[225.346s][info][gc,phases,start] GC(829) Compaction Phase
[225.364s][info][gc,phases      ] GC(829) Compaction Phase 17.534ms
[225.364s][info][gc,phases,start] GC(829) Post Compact
[225.366s][info][gc,phases      ] GC(829) Post Compact 2.337ms
[225.366s][info][gc,heap        ] GC(829) PSYoungGen: 58880K(116736K)->56257K(116736K) Eden: 58880K(58880K)->56257K(58880K) From: 0K(57856K)->0K(57856K)
[225.366s][info][gc,heap        ] GC(829) ParOldGen: 348991K(349696K)->348991K(349696K)
[225.366s][info][gc,metaspace   ] GC(829) Metaspace: 119335K(124864K)->119335K(124864K) NonClass: 101309K(104256K)->101309K(104256K) Class: 18026K(20608K)->18026K(20608K)
[225.366s][info][gc             ] GC(829) Pause Full (Ergonomics) 398M->395M(455M) 55.331ms
[225.366s][info][gc,cpu         ] GC(829) User=0.63s Sys=0.00s Real=0.06s
[225.367s][info][gc,start       ] GC(830) Pause Full (Ergonomics)
[225.367s][info][gc,phases,start] GC(830) Marking Phase
[225.390s][info][gc,phases      ] GC(830) Marking Phase 22.881ms
[225.390s][info][gc,phases,start] GC(830) Summary Phase
[225.390s][info][gc,phases      ] GC(830) Summary Phase 0.019ms
[225.390s][info][gc,phases,start] GC(830) Adjust Roots
[225.392s][info][gc,phases      ] GC(830) Adjust Roots 1.982ms
[225.392s][info][gc,phases,start] GC(830) Compaction Phase
[225.399s][info][gc,phases      ] GC(830) Compaction Phase 6.857ms
[225.399s][info][gc,phases,start] GC(830) Post Compact
[225.401s][info][gc,phases      ] GC(830) Post Compact 2.069ms
[225.401s][info][gc,heap        ] GC(830) PSYoungGen: 58879K(116736K)->56202K(116736K) Eden: 58879K(58880K)->56202K(58880K) From: 0K(57856K)->0K(57856K)
[225.401s][info][gc,heap        ] GC(830) ParOldGen: 348991K(349696K)->348991K(349696K)
[225.401s][info][gc,metaspace   ] GC(830) Metaspace: 119339K(124864K)->119339K(124864K) NonClass: 101312K(104256K)->101312K(104256K) Class: 18026K(20608K)->18026K(20608K)
[225.401s][info][gc             ] GC(830) Pause Full (Ergonomics) 398M->395M(455M) 34.113ms
[225.401s][info][gc,cpu         ] GC(830) User=0.25s Sys=0.00s Real=0.03s
[225.402s][info][gc,start       ] GC(831) Pause Full (Ergonomics)
[225.402s][info][gc,phases,start] GC(831) Marking Phase
[225.438s][info][gc,phases      ] GC(831) Marking Phase 35.174ms
[225.438s][info][gc,phases,start] GC(831) Summary Phase
[225.438s][info][gc,phases      ] GC(831) Summary Phase 0.019ms
[225.438s][info][gc,phases,start] GC(831) Adjust Roots
[225.441s][info][gc,phases      ] GC(831) Adjust Roots 2.954ms
[225.441s][info][gc,phases,start] GC(831) Compaction Phase
[225.454s][info][gc,phases      ] GC(831) Compaction Phase 12.858ms
[225.454s][info][gc,phases,start] GC(831) Post Compact
[225.456s][info][gc,phases      ] GC(831) Post Compact 2.182ms
[225.456s][info][gc,heap        ] GC(831) PSYoungGen: 58880K(116736K)->56247K(116736K) Eden: 58880K(58880K)->56247K(58880K) From: 0K(57856K)->0K(57856K)
[225.456s][info][gc,heap        ] GC(831) ParOldGen: 348991K(349696K)->348986K(349696K)
[225.456s][info][gc,metaspace   ] GC(831) Metaspace: 119340K(124864K)->119339K(124864K) NonClass: 101313K(104256K)->101312K(104256K) Class: 18027K(20608K)->18026K(20608K)
[225.456s][info][gc             ] GC(831) Pause Full (Ergonomics) 398M->395M(455M) 53.482ms
[225.456s][info][gc,cpu         ] GC(831) User=0.33s Sys=0.00s Real=0.05s
[225.457s][info][gc,start       ] GC(832) Pause Full (Ergonomics)
[225.457s][info][gc,phases,start] GC(832) Marking Phase
[225.488s][info][gc,phases      ] GC(832) Marking Phase 30.915ms
[225.488s][info][gc,phases,start] GC(832) Summary Phase
[225.488s][info][gc,phases      ] GC(832) Summary Phase 0.017ms
[225.488s][info][gc,phases,start] GC(832) Adjust Roots
[225.490s][info][gc,phases      ] GC(832) Adjust Roots 2.007ms
[225.490s][info][gc,phases,start] GC(832) Compaction Phase
[225.497s][info][gc,phases      ] GC(832) Compaction Phase 6.819ms
[225.497s][info][gc,phases,start] GC(832) Post Compact
[225.499s][info][gc,phases      ] GC(832) Post Compact 1.987ms
[225.499s][info][gc,heap        ] GC(832) PSYoungGen: 58880K(116736K)->56315K(116736K) Eden: 58880K(58880K)->56315K(58880K) From: 0K(57856K)->0K(57856K)
[225.499s][info][gc,heap        ] GC(832) ParOldGen: 348986K(349696K)->348986K(349696K)
[225.499s][info][gc,metaspace   ] GC(832) Metaspace: 119339K(124864K)->119339K(124864K) NonClass: 101312K(104256K)->101312K(104256K) Class: 18026K(20608K)->18026K(20608K)
[225.499s][info][gc             ] GC(832) Pause Full (Ergonomics) 398M->395M(455M) 41.956ms
[225.499s][info][gc,cpu         ] GC(832) User=0.19s Sys=0.00s Real=0.03s
[225.500s][info][gc,start       ] GC(833) Pause Full (Ergonomics)
[225.500s][info][gc,phases,start] GC(833) Marking Phase
[225.524s][info][gc,phases      ] GC(833) Marking Phase 23.354ms
[225.524s][info][gc,phases,start] GC(833) Summary Phase
[225.524s][info][gc,phases      ] GC(833) Summary Phase 0.019ms
[225.524s][info][gc,phases,start] GC(833) Adjust Roots
[225.526s][info][gc,phases      ] GC(833) Adjust Roots 2.022ms
[225.526s][info][gc,phases,start] GC(833) Compaction Phase
[225.534s][info][gc,phases      ] GC(833) Compaction Phase 8.566ms
[225.534s][info][gc,phases,start] GC(833) Post Compact
[225.537s][info][gc,phases      ] GC(833) Post Compact 2.543ms
[225.537s][info][gc,heap        ] GC(833) PSYoungGen: 58880K(116736K)->56249K(116736K) Eden: 58880K(58880K)->56249K(58880K) From: 0K(57856K)->0K(57856K)
[225.537s][info][gc,heap        ] GC(833) ParOldGen: 348986K(349696K)->348986K(349696K)
[225.537s][info][gc,metaspace   ] GC(833) Metaspace: 119341K(124864K)->119341K(124864K) NonClass: 101313K(104256K)->101313K(104256K) Class: 18027K(20608K)->18027K(20608K)
[225.537s][info][gc             ] GC(833) Pause Full (Ergonomics) 398M->395M(455M) 36.874ms
[225.537s][info][gc,cpu         ] GC(833) User=0.23s Sys=0.00s Real=0.04s
[225.539s][info][gc,start       ] GC(834) Pause Full (Ergonomics)
[225.539s][info][gc,phases,start] GC(834) Marking Phase
[225.565s][info][gc,phases      ] GC(834) Marking Phase 25.913ms
[225.565s][info][gc,phases,start] GC(834) Summary Phase
[225.565s][info][gc,phases      ] GC(834) Summary Phase 0.022ms
[225.565s][info][gc,phases,start] GC(834) Adjust Roots
[225.567s][info][gc,phases      ] GC(834) Adjust Roots 1.972ms
[225.567s][info][gc,phases,start] GC(834) Compaction Phase
[225.575s][info][gc,phases      ] GC(834) Compaction Phase 8.086ms
[225.575s][info][gc,phases,start] GC(834) Post Compact
[225.577s][info][gc,phases      ] GC(834) Post Compact 2.115ms
[225.577s][info][gc,heap        ] GC(834) PSYoungGen: 58880K(116736K)->56227K(116736K) Eden: 58880K(58880K)->56227K(58880K) From: 0K(57856K)->0K(57856K)
[225.577s][info][gc,heap        ] GC(834) ParOldGen: 348986K(349696K)->348986K(349696K)
[225.577s][info][gc,metaspace   ] GC(834) Metaspace: 119344K(124864K)->119344K(124864K) NonClass: 101316K(104256K)->101316K(104256K) Class: 18028K(20608K)->18028K(20608K)
[225.577s][info][gc             ] GC(834) Pause Full (Ergonomics) 398M->395M(455M) 38.431ms
[225.577s][info][gc,cpu         ] GC(834) User=0.19s Sys=0.00s Real=0.04s
[225.579s][info][gc,start       ] GC(835) Pause Full (Ergonomics)
[225.579s][info][gc,phases,start] GC(835) Marking Phase
[225.607s][info][gc,phases      ] GC(835) Marking Phase 28.303ms
[225.607s][info][gc,phases,start] GC(835) Summary Phase
[225.607s][info][gc,phases      ] GC(835) Summary Phase 0.019ms
[225.607s][info][gc,phases,start] GC(835) Adjust Roots
[225.609s][info][gc,phases      ] GC(835) Adjust Roots 2.015ms
[225.609s][info][gc,phases,start] GC(835) Compaction Phase
[225.616s][info][gc,phases      ] GC(835) Compaction Phase 6.789ms
[225.616s][info][gc,phases,start] GC(835) Post Compact
[225.618s][info][gc,phases      ] GC(835) Post Compact 1.903ms
[225.618s][info][gc,heap        ] GC(835) PSYoungGen: 58880K(116736K)->56230K(116736K) Eden: 58880K(58880K)->56230K(58880K) From: 0K(57856K)->0K(57856K)
[225.618s][info][gc,heap        ] GC(835) ParOldGen: 348986K(349696K)->348986K(349696K)
[225.618s][info][gc,metaspace   ] GC(835) Metaspace: 119346K(124864K)->119346K(124864K) NonClass: 101317K(104256K)->101317K(104256K) Class: 18028K(20608K)->18028K(20608K)
[225.618s][info][gc             ] GC(835) Pause Full (Ergonomics) 398M->395M(455M) 39.328ms
[225.618s][info][gc,cpu         ] GC(835) User=0.17s Sys=0.00s Real=0.03s
[225.619s][info][gc,start       ] GC(836) Pause Full (Ergonomics)
[225.619s][info][gc,phases,start] GC(836) Marking Phase
[225.642s][info][gc,phases      ] GC(836) Marking Phase 23.451ms
[225.643s][info][gc,phases,start] GC(836) Summary Phase
[225.643s][info][gc,phases      ] GC(836) Summary Phase 0.019ms
[225.643s][info][gc,phases,start] GC(836) Adjust Roots
[225.645s][info][gc,phases      ] GC(836) Adjust Roots 2.010ms
[225.645s][info][gc,phases,start] GC(836) Compaction Phase
[225.652s][info][gc,phases      ] GC(836) Compaction Phase 7.337ms
[225.652s][info][gc,phases,start] GC(836) Post Compact
[225.655s][info][gc,phases      ] GC(836) Post Compact 2.522ms
[225.655s][info][gc,heap        ] GC(836) PSYoungGen: 58879K(116736K)->56235K(116736K) Eden: 58879K(58880K)->56235K(58880K) From: 0K(57856K)->0K(57856K)
[225.655s][info][gc,heap        ] GC(836) ParOldGen: 348986K(349696K)->348986K(349696K)
[225.655s][info][gc,metaspace   ] GC(836) Metaspace: 119347K(124864K)->119347K(124864K) NonClass: 101319K(104256K)->101319K(104256K) Class: 18028K(20608K)->18028K(20608K)
[225.655s][info][gc             ] GC(836) Pause Full (Ergonomics) 398M->395M(455M) 35.710ms
[225.655s][info][gc,cpu         ] GC(836) User=0.19s Sys=0.00s Real=0.03s
[225.656s][info][gc,start       ] GC(837) Pause Full (Ergonomics)
[225.656s][info][gc,phases,start] GC(837) Marking Phase
[225.695s][info][gc,phases      ] GC(837) Marking Phase 39.116ms
[225.695s][info][gc,phases,start] GC(837) Summary Phase
[225.695s][info][gc,phases      ] GC(837) Summary Phase 0.019ms
[225.695s][info][gc,phases,start] GC(837) Adjust Roots
[225.698s][info][gc,phases      ] GC(837) Adjust Roots 2.990ms
[225.698s][info][gc,phases,start] GC(837) Compaction Phase
[225.713s][info][gc,phases      ] GC(837) Compaction Phase 14.478ms
[225.713s][info][gc,phases,start] GC(837) Post Compact
[225.715s][info][gc,phases      ] GC(837) Post Compact 2.015ms
[225.715s][info][gc,heap        ] GC(837) PSYoungGen: 58880K(116736K)->56245K(116736K) Eden: 58880K(58880K)->56245K(58880K) From: 0K(57856K)->0K(57856K)
[225.715s][info][gc,heap        ] GC(837) ParOldGen: 348986K(349696K)->348986K(349696K)
[225.715s][info][gc,metaspace   ] GC(837) Metaspace: 119347K(124864K)->119344K(124864K) NonClass: 101319K(104256K)->101316K(104256K) Class: 18028K(20608K)->18028K(20608K)
[225.715s][info][gc             ] GC(837) Pause Full (Ergonomics) 398M->395M(455M) 58.863ms
[225.715s][info][gc,cpu         ] GC(837) User=0.25s Sys=0.00s Real=0.05s
[225.716s][info][gc,start       ] GC(838) Pause Full (Ergonomics)
[225.716s][info][gc,phases,start] GC(838) Marking Phase
[225.749s][info][gc,phases      ] GC(838) Marking Phase 32.913ms
[225.749s][info][gc,phases,start] GC(838) Summary Phase
[225.749s][info][gc,phases      ] GC(838) Summary Phase 0.018ms
[225.749s][info][gc,phases,start] GC(838) Adjust Roots
[225.751s][info][gc,phases      ] GC(838) Adjust Roots 2.072ms
[225.751s][info][gc,phases,start] GC(838) Compaction Phase
[225.759s][info][gc,phases      ] GC(838) Compaction Phase 7.360ms
[225.759s][info][gc,phases,start] GC(838) Post Compact
[225.761s][info][gc,phases      ] GC(838) Post Compact 2.563ms
[225.761s][info][gc,heap        ] GC(838) PSYoungGen: 58879K(116736K)->56282K(116736K) Eden: 58879K(58880K)->56282K(58880K) From: 0K(57856K)->0K(57856K)
[225.761s][info][gc,heap        ] GC(838) ParOldGen: 348986K(349696K)->348986K(349696K)
[225.761s][info][gc,metaspace   ] GC(838) Metaspace: 119347K(124864K)->119347K(124864K) NonClass: 101319K(104256K)->101319K(104256K) Class: 18028K(20608K)->18028K(20608K)
[225.762s][info][gc             ] GC(838) Pause Full (Ergonomics) 398M->395M(455M) 45.349ms
[225.762s][info][gc,cpu         ] GC(838) User=0.20s Sys=0.00s Real=0.03s
[225.763s][info][gc,start       ] GC(839) Pause Full (Ergonomics)
[225.763s][info][gc,phases,start] GC(839) Marking Phase
[225.791s][info][gc,phases      ] GC(839) Marking Phase 28.095ms
[225.791s][info][gc,phases,start] GC(839) Summary Phase
[225.791s][info][gc,phases      ] GC(839) Summary Phase 0.018ms
[225.791s][info][gc,phases,start] GC(839) Adjust Roots
[225.793s][info][gc,phases      ] GC(839) Adjust Roots 2.027ms
[225.793s][info][gc,phases,start] GC(839) Compaction Phase
[225.809s][info][gc,phases      ] GC(839) Compaction Phase 16.410ms
[225.809s][info][gc,phases,start] GC(839) Post Compact
[225.812s][info][gc,phases      ] GC(839) Post Compact 2.191ms
[225.812s][info][gc,heap        ] GC(839) PSYoungGen: 58880K(116736K)->56345K(116736K) Eden: 58880K(58880K)->56345K(58880K) From: 0K(57856K)->0K(57856K)
[225.812s][info][gc,heap        ] GC(839) ParOldGen: 348986K(349696K)->348986K(349696K)
[225.812s][info][gc,metaspace   ] GC(839) Metaspace: 119347K(124864K)->119347K(124864K) NonClass: 101319K(104256K)->101319K(104256K) Class: 18028K(20608K)->18028K(20608K)
[225.812s][info][gc             ] GC(839) Pause Full (Ergonomics) 398M->395M(455M) 49.057ms
[225.812s][info][gc,cpu         ] GC(839) User=0.33s Sys=0.00s Real=0.05s
[225.813s][info][gc,start       ] GC(840) Pause Full (Ergonomics)
[225.813s][info][gc,phases,start] GC(840) Marking Phase
[225.851s][info][gc,phases      ] GC(840) Marking Phase 37.824ms
[225.851s][info][gc,phases,start] GC(840) Summary Phase
[225.851s][info][gc,phases      ] GC(840) Summary Phase 0.017ms
[225.851s][info][gc,phases,start] GC(840) Adjust Roots
[225.854s][info][gc,phases      ] GC(840) Adjust Roots 2.959ms
[225.854s][info][gc,phases,start] GC(840) Compaction Phase
[225.864s][info][gc,phases      ] GC(840) Compaction Phase 10.051ms
[225.864s][info][gc,phases,start] GC(840) Post Compact
[225.866s][info][gc,phases      ] GC(840) Post Compact 2.033ms
[225.866s][info][gc,heap        ] GC(840) PSYoungGen: 58880K(116736K)->56317K(116736K) Eden: 58880K(58880K)->56317K(58880K) From: 0K(57856K)->0K(57856K)
[225.866s][info][gc,heap        ] GC(840) ParOldGen: 348986K(349696K)->348986K(349696K)
[225.866s][info][gc,metaspace   ] GC(840) Metaspace: 119347K(124864K)->119344K(124864K) NonClass: 101319K(104256K)->101316K(104256K) Class: 18028K(20608K)->18028K(20608K)
[225.866s][info][gc             ] GC(840) Pause Full (Ergonomics) 398M->395M(455M) 53.145ms
[225.866s][info][gc,cpu         ] GC(840) User=0.28s Sys=0.00s Real=0.05s
[225.868s][info][gc,start       ] GC(841) Pause Full (Ergonomics)
[225.868s][info][gc,phases,start] GC(841) Marking Phase
[225.912s][info][gc,phases      ] GC(841) Marking Phase 44.472ms
[225.912s][info][gc,phases,start] GC(841) Summary Phase
[225.912s][info][gc,phases      ] GC(841) Summary Phase 0.019ms
[225.912s][info][gc,phases,start] GC(841) Adjust Roots
[225.915s][info][gc,phases      ] GC(841) Adjust Roots 2.669ms
[225.915s][info][gc,phases,start] GC(841) Compaction Phase
[225.925s][info][gc,phases      ] GC(841) Compaction Phase 10.323ms
[225.925s][info][gc,phases,start] GC(841) Post Compact
[225.927s][info][gc,phases      ] GC(841) Post Compact 2.174ms
[225.927s][info][gc,heap        ] GC(841) PSYoungGen: 58879K(116736K)->56303K(116736K) Eden: 58879K(58880K)->56303K(58880K) From: 0K(57856K)->0K(57856K)
[225.928s][info][gc,heap        ] GC(841) ParOldGen: 348986K(349696K)->348986K(349696K)
[225.928s][info][gc,metaspace   ] GC(841) Metaspace: 119347K(124864K)->119346K(124864K) NonClass: 101318K(104256K)->101317K(104256K) Class: 18028K(20608K)->18028K(20608K)
[225.928s][info][gc             ] GC(841) Pause Full (Ergonomics) 398M->395M(455M) 60.029ms
[225.928s][info][gc,cpu         ] GC(841) User=0.44s Sys=0.00s Real=0.06s
[225.929s][info][gc,start       ] GC(842) Pause Full (Ergonomics)
[225.929s][info][gc,phases,start] GC(842) Marking Phase
[225.955s][info][gc,phases      ] GC(842) Marking Phase 26.666ms
[225.956s][info][gc,phases,start] GC(842) Summary Phase
[225.956s][info][gc,phases      ] GC(842) Summary Phase 0.021ms
[225.956s][info][gc,phases,start] GC(842) Adjust Roots
[225.958s][info][gc,phases      ] GC(842) Adjust Roots 2.046ms
[225.958s][info][gc,phases,start] GC(842) Compaction Phase
[225.968s][info][gc,phases      ] GC(842) Compaction Phase 10.096ms
[225.968s][info][gc,phases,start] GC(842) Post Compact
[225.970s][info][gc,phases      ] GC(842) Post Compact 2.028ms
[225.970s][info][gc,heap        ] GC(842) PSYoungGen: 58879K(116736K)->56273K(116736K) Eden: 58879K(58880K)->56273K(58880K) From: 0K(57856K)->0K(57856K)
[225.970s][info][gc,heap        ] GC(842) ParOldGen: 348986K(349696K)->348986K(349696K)
[225.970s][info][gc,metaspace   ] GC(842) Metaspace: 119349K(124864K)->119349K(124864K) NonClass: 101320K(104256K)->101320K(104256K) Class: 18029K(20608K)->18029K(20608K)
[225.970s][info][gc             ] GC(842) Pause Full (Ergonomics) 398M->395M(455M) 41.134ms
[225.970s][info][gc,cpu         ] GC(842) User=0.34s Sys=0.00s Real=0.05s
[225.971s][info][gc,start       ] GC(843) Pause Full (Ergonomics)
[225.971s][info][gc,phases,start] GC(843) Marking Phase
[226.008s][info][gc,phases      ] GC(843) Marking Phase 36.694ms
[226.008s][info][gc,phases,start] GC(843) Summary Phase
[226.008s][info][gc,phases      ] GC(843) Summary Phase 0.019ms
[226.008s][info][gc,phases,start] GC(843) Adjust Roots
[226.012s][info][gc,phases      ] GC(843) Adjust Roots 4.444ms
[226.012s][info][gc,phases,start] GC(843) Compaction Phase
[226.026s][info][gc,phases      ] GC(843) Compaction Phase 13.806ms
[226.026s][info][gc,phases,start] GC(843) Post Compact
[226.028s][info][gc,phases      ] GC(843) Post Compact 2.230ms
[226.029s][info][gc,heap        ] GC(843) PSYoungGen: 58879K(116736K)->56310K(116736K) Eden: 58879K(58880K)->56310K(58880K) From: 0K(57856K)->0K(57856K)
[226.029s][info][gc,heap        ] GC(843) ParOldGen: 348986K(349696K)->348986K(349696K)
[226.029s][info][gc,metaspace   ] GC(843) Metaspace: 119352K(124864K)->119349K(124864K) NonClass: 101322K(104256K)->101320K(104256K) Class: 18029K(20608K)->18028K(20608K)
[226.029s][info][gc             ] GC(843) Pause Full (Ergonomics) 398M->395M(455M) 57.492ms
[226.029s][info][gc,cpu         ] GC(843) User=0.25s Sys=0.00s Real=0.05s
[226.030s][info][gc,start       ] GC(844) Pause Full (Ergonomics)
[226.030s][info][gc,phases,start] GC(844) Marking Phase
[226.073s][info][gc,phases      ] GC(844) Marking Phase 43.205ms
[226.073s][info][gc,phases,start] GC(844) Summary Phase
[226.073s][info][gc,phases      ] GC(844) Summary Phase 0.019ms
[226.073s][info][gc,phases,start] GC(844) Adjust Roots
[226.076s][info][gc,phases      ] GC(844) Adjust Roots 2.659ms
[226.076s][info][gc,phases,start] GC(844) Compaction Phase
[226.095s][info][gc,phases      ] GC(844) Compaction Phase 18.864ms
[226.095s][info][gc,phases,start] GC(844) Post Compact
[226.098s][info][gc,phases      ] GC(844) Post Compact 2.696ms
[226.098s][info][gc,heap        ] GC(844) PSYoungGen: 58880K(116736K)->56294K(116736K) Eden: 58880K(58880K)->56294K(58880K) From: 0K(57856K)->0K(57856K)
[226.098s][info][gc,heap        ] GC(844) ParOldGen: 348986K(349696K)->348986K(349696K)
[226.098s][info][gc,metaspace   ] GC(844) Metaspace: 119349K(124864K)->119348K(124864K) NonClass: 101320K(104256K)->101319K(104256K) Class: 18029K(20608K)->18028K(20608K)
[226.098s][info][gc             ] GC(844) Pause Full (Ergonomics) 398M->395M(455M) 67.885ms
[226.098s][info][gc,cpu         ] GC(844) User=0.50s Sys=0.00s Real=0.08s
[226.099s][info][gc,start       ] GC(845) Pause Full (Ergonomics)
[226.099s][info][gc,phases,start] GC(845) Marking Phase
[226.123s][info][gc,phases      ] GC(845) Marking Phase 24.055ms
[226.129s][info][gc,phases,start] GC(845) Summary Phase
[226.129s][info][gc,phases      ] GC(845) Summary Phase 0.074ms
[226.129s][info][gc,phases,start] GC(845) Adjust Roots
[226.131s][info][gc,phases      ] GC(845) Adjust Roots 2.069ms
[226.131s][info][gc,phases,start] GC(845) Compaction Phase
[226.140s][info][gc,phases      ] GC(845) Compaction Phase 8.901ms
[226.140s][info][gc,phases,start] GC(845) Post Compact
[226.142s][info][gc,phases      ] GC(845) Post Compact 2.144ms
[226.142s][info][gc,heap        ] GC(845) PSYoungGen: 58880K(116736K)->56301K(116736K) Eden: 58880K(58880K)->56301K(58880K) From: 0K(57856K)->0K(57856K)
[226.142s][info][gc,heap        ] GC(845) ParOldGen: 348986K(349696K)->348986K(349696K)
[226.142s][info][gc,metaspace   ] GC(845) Metaspace: 119352K(124864K)->119352K(124864K) NonClass: 101322K(104256K)->101322K(104256K) Class: 18030K(20608K)->18030K(20608K)
[226.142s][info][gc             ] GC(845) Pause Full (Ergonomics) 398M->395M(455M) 42.957ms
[226.142s][info][gc,cpu         ] GC(845) User=0.23s Sys=0.00s Real=0.04s
[226.144s][info][gc,start       ] GC(846) Pause Full (Ergonomics)
[226.144s][info][gc,phases,start] GC(846) Marking Phase
[226.171s][info][gc,phases      ] GC(846) Marking Phase 27.643ms
[226.171s][info][gc,phases,start] GC(846) Summary Phase
[226.171s][info][gc,phases      ] GC(846) Summary Phase 0.021ms
[226.171s][info][gc,phases,start] GC(846) Adjust Roots
[226.173s][info][gc,phases      ] GC(846) Adjust Roots 1.995ms
[226.174s][info][gc,phases,start] GC(846) Compaction Phase
[226.182s][info][gc,phases      ] GC(846) Compaction Phase 8.735ms
[226.182s][info][gc,phases,start] GC(846) Post Compact
[226.185s][info][gc,phases      ] GC(846) Post Compact 2.520ms
[226.185s][info][gc,heap        ] GC(846) PSYoungGen: 58880K(116736K)->56239K(116736K) Eden: 58880K(58880K)->56239K(58880K) From: 0K(57856K)->0K(57856K)
[226.185s][info][gc,heap        ] GC(846) ParOldGen: 348986K(349696K)->348986K(349696K)
[226.185s][info][gc,metaspace   ] GC(846) Metaspace: 119354K(124864K)->119354K(124864K) NonClass: 101324K(104256K)->101324K(104256K) Class: 18030K(20608K)->18030K(20608K)
[226.185s][info][gc             ] GC(846) Pause Full (Ergonomics) 398M->395M(455M) 41.310ms
[226.185s][info][gc,cpu         ] GC(846) User=0.28s Sys=0.00s Real=0.03s
[226.186s][info][gc,start       ] GC(847) Pause Full (Ergonomics)
[226.186s][info][gc,phases,start] GC(847) Marking Phase
[226.224s][info][gc,phases      ] GC(847) Marking Phase 38.288ms
[226.224s][info][gc,phases,start] GC(847) Summary Phase
[226.224s][info][gc,phases      ] GC(847) Summary Phase 0.019ms
[226.224s][info][gc,phases,start] GC(847) Adjust Roots
[226.227s][info][gc,phases      ] GC(847) Adjust Roots 2.821ms
[226.227s][info][gc,phases,start] GC(847) Compaction Phase
[226.246s][info][gc,phases      ] GC(847) Compaction Phase 18.328ms
[226.246s][info][gc,phases,start] GC(847) Post Compact
[226.248s][info][gc,phases      ] GC(847) Post Compact 2.690ms
[226.248s][info][gc,heap        ] GC(847) PSYoungGen: 58879K(116736K)->56871K(116736K) Eden: 58879K(58880K)->56871K(58880K) From: 0K(57856K)->0K(57856K)
[226.248s][info][gc,heap        ] GC(847) ParOldGen: 348986K(349696K)->348985K(349696K)
[226.248s][info][gc,metaspace   ] GC(847) Metaspace: 119354K(124864K)->119351K(124864K) NonClass: 101324K(104256K)->101321K(104256K) Class: 18030K(20608K)->18029K(20608K)
[226.249s][info][gc             ] GC(847) Pause Full (Ergonomics) 398M->396M(455M) 62.533ms
[226.249s][info][gc,cpu         ] GC(847) User=0.48s Sys=0.00s Real=0.06s
[226.249s][info][gc,start       ] GC(848) Pause Full (Ergonomics)
[226.250s][info][gc,phases,start] GC(848) Marking Phase
[226.272s][info][gc,phases      ] GC(848) Marking Phase 22.844ms
[226.272s][info][gc,phases,start] GC(848) Summary Phase
[226.272s][info][gc,phases      ] GC(848) Summary Phase 0.022ms
[226.272s][info][gc,phases,start] GC(848) Adjust Roots
[226.274s][info][gc,phases      ] GC(848) Adjust Roots 2.008ms
[226.274s][info][gc,phases,start] GC(848) Compaction Phase
[226.285s][info][gc,phases      ] GC(848) Compaction Phase 10.516ms
[226.285s][info][gc,phases,start] GC(848) Post Compact
[226.287s][info][gc,phases      ] GC(848) Post Compact 2.078ms
[226.287s][info][gc,heap        ] GC(848) PSYoungGen: 58879K(116736K)->56836K(116736K) Eden: 58879K(58880K)->56836K(58880K) From: 0K(57856K)->0K(57856K)
[226.287s][info][gc,heap        ] GC(848) ParOldGen: 348985K(349696K)->348985K(349696K)
[226.287s][info][gc,metaspace   ] GC(848) Metaspace: 119351K(124864K)->119351K(124864K) NonClass: 101321K(104256K)->101321K(104256K) Class: 18029K(20608K)->18029K(20608K)
[226.287s][info][gc             ] GC(848) Pause Full (Ergonomics) 398M->396M(455M) 37.730ms
[226.287s][info][gc,cpu         ] GC(848) User=0.22s Sys=0.00s Real=0.03s
[226.288s][info][gc,start       ] GC(849) Pause Full (Ergonomics)
[226.288s][info][gc,phases,start] GC(849) Marking Phase
[226.315s][info][gc,phases      ] GC(849) Marking Phase 26.826ms
[226.315s][info][gc,phases,start] GC(849) Summary Phase
[226.315s][info][gc,phases      ] GC(849) Summary Phase 0.018ms
[226.315s][info][gc,phases,start] GC(849) Adjust Roots
[226.317s][info][gc,phases      ] GC(849) Adjust Roots 1.983ms
[226.317s][info][gc,phases,start] GC(849) Compaction Phase
[226.326s][info][gc,phases      ] GC(849) Compaction Phase 8.599ms
[226.326s][info][gc,phases,start] GC(849) Post Compact
[226.328s][info][gc,phases      ] GC(849) Post Compact 2.158ms
[226.328s][info][gc,heap        ] GC(849) PSYoungGen: 58880K(116736K)->56857K(116736K) Eden: 58880K(58880K)->56857K(58880K) From: 0K(57856K)->0K(57856K)
[226.328s][info][gc,heap        ] GC(849) ParOldGen: 348985K(349696K)->348983K(349696K)
[226.328s][info][gc,metaspace   ] GC(849) Metaspace: 119358K(124864K)->119358K(124864K) NonClass: 101327K(104256K)->101327K(104256K) Class: 18030K(20608K)->18030K(20608K)
[226.328s][info][gc             ] GC(849) Pause Full (Ergonomics) 398M->396M(455M) 39.829ms
[226.328s][info][gc,cpu         ] GC(849) User=0.33s Sys=0.00s Real=0.05s
[226.329s][info][gc,start       ] GC(850) Pause Full (Ergonomics)
[226.329s][info][gc,phases,start] GC(850) Marking Phase
[226.354s][info][gc,phases      ] GC(850) Marking Phase 24.829ms
[226.354s][info][gc,phases,start] GC(850) Summary Phase
[226.354s][info][gc,phases      ] GC(850) Summary Phase 0.046ms
[226.354s][info][gc,phases,start] GC(850) Adjust Roots
[226.356s][info][gc,phases      ] GC(850) Adjust Roots 2.106ms
[226.356s][info][gc,phases,start] GC(850) Compaction Phase
[226.364s][info][gc,phases      ] GC(850) Compaction Phase 8.330ms
[226.364s][info][gc,phases,start] GC(850) Post Compact
[226.366s][info][gc,phases      ] GC(850) Post Compact 2.141ms
[226.367s][info][gc,heap        ] GC(850) PSYoungGen: 58879K(116736K)->56822K(116736K) Eden: 58879K(58880K)->56822K(58880K) From: 0K(57856K)->0K(57856K)
[226.367s][info][gc,heap        ] GC(850) ParOldGen: 348983K(349696K)->348982K(349696K)
[226.367s][info][gc,metaspace   ] GC(850) Metaspace: 119358K(124864K)->119358K(124864K) NonClass: 101327K(104256K)->101327K(104256K) Class: 18030K(20608K)->18030K(20608K)
[226.367s][info][gc             ] GC(850) Pause Full (Ergonomics) 398M->396M(455M) 37.783ms
[226.367s][info][gc,cpu         ] GC(850) User=0.31s Sys=0.00s Real=0.03s
[226.368s][info][gc,start       ] GC(851) Pause Full (Ergonomics)
[226.368s][info][gc,phases,start] GC(851) Marking Phase
[226.406s][info][gc,phases      ] GC(851) Marking Phase 38.311ms
[226.406s][info][gc,phases,start] GC(851) Summary Phase
[226.406s][info][gc,phases      ] GC(851) Summary Phase 0.018ms
[226.406s][info][gc,phases,start] GC(851) Adjust Roots
[226.409s][info][gc,phases      ] GC(851) Adjust Roots 2.667ms
[226.409s][info][gc,phases,start] GC(851) Compaction Phase
[226.424s][info][gc,phases      ] GC(851) Compaction Phase 15.701ms
[226.424s][info][gc,phases,start] GC(851) Post Compact
[226.427s][info][gc,phases      ] GC(851) Post Compact 2.268ms
[226.427s][info][gc,heap        ] GC(851) PSYoungGen: 58879K(116736K)->56882K(116736K) Eden: 58879K(58880K)->56882K(58880K) From: 0K(57856K)->0K(57856K)
[226.427s][info][gc,heap        ] GC(851) ParOldGen: 348982K(349696K)->348979K(349696K)
[226.427s][info][gc,metaspace   ] GC(851) Metaspace: 119358K(124864K)->119354K(124864K) NonClass: 101327K(104256K)->101324K(104256K) Class: 18030K(20608K)->18030K(20608K)
[226.427s][info][gc             ] GC(851) Pause Full (Ergonomics) 398M->396M(455M) 59.272ms
[226.427s][info][gc,cpu         ] GC(851) User=0.33s Sys=0.00s Real=0.05s
[226.428s][info][gc,start       ] GC(852) Pause Full (Ergonomics)
[226.428s][info][gc,phases,start] GC(852) Marking Phase
[226.454s][info][gc,phases      ] GC(852) Marking Phase 25.962ms
[226.454s][info][gc,phases,start] GC(852) Summary Phase
[226.454s][info][gc,phases      ] GC(852) Summary Phase 0.044ms
[226.454s][info][gc,phases,start] GC(852) Adjust Roots
[226.456s][info][gc,phases      ] GC(852) Adjust Roots 2.228ms
[226.456s][info][gc,phases,start] GC(852) Compaction Phase
[226.471s][info][gc,phases      ] GC(852) Compaction Phase 14.664ms
[226.471s][info][gc,phases,start] GC(852) Post Compact
[226.473s][info][gc,phases      ] GC(852) Post Compact 2.505ms
[226.474s][info][gc,heap        ] GC(852) PSYoungGen: 58880K(116736K)->56889K(116736K) Eden: 58880K(58880K)->56889K(58880K) From: 0K(57856K)->0K(57856K)
[226.474s][info][gc,heap        ] GC(852) ParOldGen: 348979K(349696K)->348979K(349696K)
[226.474s][info][gc,metaspace   ] GC(852) Metaspace: 119359K(124864K)->119359K(124864K) NonClass: 101328K(104256K)->101328K(104256K) Class: 18031K(20608K)->18031K(20608K)
[226.474s][info][gc             ] GC(852) Pause Full (Ergonomics) 398M->396M(455M) 45.771ms
[226.474s][info][gc,cpu         ] GC(852) User=0.25s Sys=0.00s Real=0.03s
[226.475s][info][gc,start       ] GC(853) Pause Full (Ergonomics)
[226.475s][info][gc,phases,start] GC(853) Marking Phase
[226.507s][info][gc,phases      ] GC(853) Marking Phase 32.364ms
[226.507s][info][gc,phases,start] GC(853) Summary Phase
[226.507s][info][gc,phases      ] GC(853) Summary Phase 0.020ms
[226.507s][info][gc,phases,start] GC(853) Adjust Roots
[226.509s][info][gc,phases      ] GC(853) Adjust Roots 2.067ms
[226.509s][info][gc,phases,start] GC(853) Compaction Phase
[226.525s][info][gc,phases      ] GC(853) Compaction Phase 15.162ms
[226.525s][info][gc,phases,start] GC(853) Post Compact
[226.527s][info][gc,phases      ] GC(853) Post Compact 2.162ms
[226.527s][info][gc,heap        ] GC(853) PSYoungGen: 58879K(116736K)->56878K(116736K) Eden: 58879K(58880K)->56878K(58880K) From: 0K(57856K)->0K(57856K)
[226.527s][info][gc,heap        ] GC(853) ParOldGen: 348979K(349696K)->348979K(349696K)
[226.527s][info][gc,metaspace   ] GC(853) Metaspace: 119364K(124864K)->119364K(124864K) NonClass: 101333K(104256K)->101333K(104256K) Class: 18031K(20608K)->18031K(20608K)
[226.527s][info][gc             ] GC(853) Pause Full (Ergonomics) 398M->396M(455M) 52.116ms
[226.527s][info][gc,cpu         ] GC(853) User=0.20s Sys=0.00s Real=0.05s
[226.528s][info][gc,start       ] GC(854) Pause Full (Ergonomics)
[226.528s][info][gc,phases,start] GC(854) Marking Phase
[226.559s][info][gc,phases      ] GC(854) Marking Phase 30.668ms
[226.559s][info][gc,phases,start] GC(854) Summary Phase
[226.559s][info][gc,phases      ] GC(854) Summary Phase 0.018ms
[226.559s][info][gc,phases,start] GC(854) Adjust Roots
[226.561s][info][gc,phases      ] GC(854) Adjust Roots 2.364ms
[226.561s][info][gc,phases,start] GC(854) Compaction Phase
[226.580s][info][gc,phases      ] GC(854) Compaction Phase 18.506ms
[226.580s][info][gc,phases,start] GC(854) Post Compact
[226.582s][info][gc,phases      ] GC(854) Post Compact 2.341ms
[226.582s][info][gc,heap        ] GC(854) PSYoungGen: 58880K(116736K)->56842K(116736K) Eden: 58880K(58880K)->56842K(58880K) From: 0K(57856K)->0K(57856K)
[226.582s][info][gc,heap        ] GC(854) ParOldGen: 348979K(349696K)->348978K(349696K)
[226.582s][info][gc,metaspace   ] GC(854) Metaspace: 119364K(124864K)->119364K(124864K) NonClass: 101333K(104256K)->101333K(104256K) Class: 18031K(20608K)->18031K(20608K)
[226.582s][info][gc             ] GC(854) Pause Full (Ergonomics) 398M->396M(455M) 54.256ms
[226.582s][info][gc,cpu         ] GC(854) User=0.33s Sys=0.00s Real=0.05s
[226.583s][info][gc,start       ] GC(855) Pause Full (Ergonomics)
[226.583s][info][gc,phases,start] GC(855) Marking Phase
[226.605s][info][gc,phases      ] GC(855) Marking Phase 21.374ms
[226.605s][info][gc,phases,start] GC(855) Summary Phase
[226.605s][info][gc,phases      ] GC(855) Summary Phase 0.019ms
[226.605s][info][gc,phases,start] GC(855) Adjust Roots
[226.607s][info][gc,phases      ] GC(855) Adjust Roots 2.034ms
[226.607s][info][gc,phases,start] GC(855) Compaction Phase
[226.614s][info][gc,phases      ] GC(855) Compaction Phase 6.922ms
[226.614s][info][gc,phases,start] GC(855) Post Compact
[226.616s][info][gc,phases      ] GC(855) Post Compact 2.130ms
[226.616s][info][gc,heap        ] GC(855) PSYoungGen: 58879K(116736K)->57059K(116736K) Eden: 58879K(58880K)->57059K(58880K) From: 0K(57856K)->0K(57856K)
[226.616s][info][gc,heap        ] GC(855) ParOldGen: 348978K(349696K)->348978K(349696K)
[226.616s][info][gc,metaspace   ] GC(855) Metaspace: 119364K(124864K)->119364K(124864K) NonClass: 101333K(104256K)->101333K(104256K) Class: 18031K(20608K)->18031K(20608K)
[226.616s][info][gc             ] GC(855) Pause Full (Ergonomics) 398M->396M(455M) 32.778ms
[226.616s][info][gc,cpu         ] GC(855) User=0.19s Sys=0.00s Real=0.03s
[226.617s][info][gc,start       ] GC(856) Pause Full (Ergonomics)
[226.617s][info][gc,phases,start] GC(856) Marking Phase
[226.644s][info][gc,phases      ] GC(856) Marking Phase 27.659ms
[226.645s][info][gc,phases,start] GC(856) Summary Phase
[226.645s][info][gc,phases      ] GC(856) Summary Phase 0.044ms
[226.645s][info][gc,phases,start] GC(856) Adjust Roots
[226.647s][info][gc,phases      ] GC(856) Adjust Roots 2.176ms
[226.647s][info][gc,phases,start] GC(856) Compaction Phase
[226.656s][info][gc,phases      ] GC(856) Compaction Phase 8.764ms
[226.656s][info][gc,phases,start] GC(856) Post Compact
[226.658s][info][gc,phases      ] GC(856) Post Compact 2.470ms
[226.658s][info][gc,heap        ] GC(856) PSYoungGen: 58880K(116736K)->57123K(116736K) Eden: 58880K(58880K)->57123K(58880K) From: 0K(57856K)->0K(57856K)
[226.658s][info][gc,heap        ] GC(856) ParOldGen: 348978K(349696K)->348975K(349696K)
[226.658s][info][gc,metaspace   ] GC(856) Metaspace: 119364K(124864K)->119364K(124864K) NonClass: 101333K(104256K)->101333K(104256K) Class: 18031K(20608K)->18031K(20608K)
[226.658s][info][gc             ] GC(856) Pause Full (Ergonomics) 398M->396M(455M) 41.513ms
[226.658s][info][gc,cpu         ] GC(856) User=0.47s Sys=0.00s Real=0.05s
[226.659s][info][gc,start       ] GC(857) Pause Full (Ergonomics)
[226.659s][info][gc,phases,start] GC(857) Marking Phase
[226.683s][info][gc,phases      ] GC(857) Marking Phase 24.102ms
[226.683s][info][gc,phases,start] GC(857) Summary Phase
[226.683s][info][gc,phases      ] GC(857) Summary Phase 0.018ms
[226.683s][info][gc,phases,start] GC(857) Adjust Roots
[226.686s][info][gc,phases      ] GC(857) Adjust Roots 2.078ms
[226.686s][info][gc,phases,start] GC(857) Compaction Phase
[226.692s][info][gc,phases      ] GC(857) Compaction Phase 6.815ms
[226.692s][info][gc,phases,start] GC(857) Post Compact
[226.695s][info][gc,phases      ] GC(857) Post Compact 2.125ms
[226.695s][info][gc,heap        ] GC(857) PSYoungGen: 58880K(116736K)->57144K(116736K) Eden: 58880K(58880K)->57144K(58880K) From: 0K(57856K)->0K(57856K)
[226.695s][info][gc,heap        ] GC(857) ParOldGen: 348975K(349696K)->348975K(349696K)
[226.695s][info][gc,metaspace   ] GC(857) Metaspace: 119364K(124864K)->119364K(124864K) NonClass: 101333K(104256K)->101333K(104256K) Class: 18031K(20608K)->18031K(20608K)
[226.695s][info][gc             ] GC(857) Pause Full (Ergonomics) 398M->396M(455M) 35.440ms
[226.695s][info][gc,cpu         ] GC(857) User=0.31s Sys=0.00s Real=0.03s
[226.695s][info][gc,start       ] GC(858) Pause Full (Ergonomics)
[226.696s][info][gc,phases,start] GC(858) Marking Phase
[226.730s][info][gc,phases      ] GC(858) Marking Phase 34.491ms
[226.730s][info][gc,phases,start] GC(858) Summary Phase
[226.730s][info][gc,phases      ] GC(858) Summary Phase 0.019ms
[226.730s][info][gc,phases,start] GC(858) Adjust Roots
[226.733s][info][gc,phases      ] GC(858) Adjust Roots 2.657ms
[226.733s][info][gc,phases,start] GC(858) Compaction Phase
[226.749s][info][gc,phases      ] GC(858) Compaction Phase 16.190ms
[226.749s][info][gc,phases,start] GC(858) Post Compact
[226.751s][info][gc,phases      ] GC(858) Post Compact 2.415ms
[226.752s][info][gc,heap        ] GC(858) PSYoungGen: 58880K(116736K)->57147K(116736K) Eden: 58880K(58880K)->57147K(58880K) From: 0K(57856K)->0K(57856K)
[226.752s][info][gc,heap        ] GC(858) ParOldGen: 348975K(349696K)->348975K(349696K)
[226.752s][info][gc,metaspace   ] GC(858) Metaspace: 119364K(124864K)->119360K(124864K) NonClass: 101333K(104256K)->101330K(104256K) Class: 18031K(20608K)->18030K(20608K)
[226.752s][info][gc             ] GC(858) Pause Full (Ergonomics) 398M->396M(455M) 56.125ms
[226.752s][info][gc,cpu         ] GC(858) User=0.23s Sys=0.00s Real=0.05s
[226.753s][info][gc,start       ] GC(859) Pause Full (Ergonomics)
[226.753s][info][gc,phases,start] GC(859) Marking Phase
[226.780s][info][gc,phases      ] GC(859) Marking Phase 27.066ms
[226.780s][info][gc,phases,start] GC(859) Summary Phase
[226.780s][info][gc,phases      ] GC(859) Summary Phase 0.021ms
[226.780s][info][gc,phases,start] GC(859) Adjust Roots
[226.782s][info][gc,phases      ] GC(859) Adjust Roots 2.013ms
[226.782s][info][gc,phases,start] GC(859) Compaction Phase
[226.792s][info][gc,phases      ] GC(859) Compaction Phase 9.826ms
[226.792s][info][gc,phases,start] GC(859) Post Compact
[226.794s][info][gc,phases      ] GC(859) Post Compact 2.110ms
[226.794s][info][gc,heap        ] GC(859) PSYoungGen: 58880K(116736K)->57100K(116736K) Eden: 58880K(58880K)->57100K(58880K) From: 0K(57856K)->0K(57856K)
[226.794s][info][gc,heap        ] GC(859) ParOldGen: 348975K(349696K)->348975K(349696K)
[226.794s][info][gc,metaspace   ] GC(859) Metaspace: 119364K(124864K)->119364K(124864K) NonClass: 101333K(104256K)->101333K(104256K) Class: 18031K(20608K)->18031K(20608K)
[226.794s][info][gc             ] GC(859) Pause Full (Ergonomics) 398M->396M(455M) 41.347ms
[226.794s][info][gc,cpu         ] GC(859) User=0.27s Sys=0.00s Real=0.03s
[226.795s][info][gc,start       ] GC(860) Pause Full (Ergonomics)
[226.795s][info][gc,phases,start] GC(860) Marking Phase
[226.823s][info][gc,phases      ] GC(860) Marking Phase 27.738ms
[226.823s][info][gc,phases,start] GC(860) Summary Phase
[226.823s][info][gc,phases      ] GC(860) Summary Phase 0.044ms
[226.823s][info][gc,phases,start] GC(860) Adjust Roots
[226.825s][info][gc,phases      ] GC(860) Adjust Roots 2.420ms
[226.825s][info][gc,phases,start] GC(860) Compaction Phase
[226.838s][info][gc,phases      ] GC(860) Compaction Phase 12.730ms
[226.838s][info][gc,phases,start] GC(860) Post Compact
[226.841s][info][gc,phases      ] GC(860) Post Compact 2.519ms
[226.841s][info][gc,heap        ] GC(860) PSYoungGen: 58880K(116736K)->57127K(116736K) Eden: 58880K(58880K)->57127K(58880K) From: 0K(57856K)->0K(57856K)
[226.841s][info][gc,heap        ] GC(860) ParOldGen: 348975K(349696K)->348975K(349696K)
[226.841s][info][gc,metaspace   ] GC(860) Metaspace: 119364K(124864K)->119364K(124864K) NonClass: 101333K(104256K)->101333K(104256K) Class: 18031K(20608K)->18031K(20608K)
[226.841s][info][gc             ] GC(860) Pause Full (Ergonomics) 398M->396M(455M) 45.858ms
[226.841s][info][gc,cpu         ] GC(860) User=0.31s Sys=0.00s Real=0.03s
[226.842s][info][gc,start       ] GC(861) Pause Full (Ergonomics)
[226.842s][info][gc,phases,start] GC(861) Marking Phase
[226.870s][info][gc,phases      ] GC(861) Marking Phase 28.026ms
[226.870s][info][gc,phases,start] GC(861) Summary Phase
[226.870s][info][gc,phases      ] GC(861) Summary Phase 0.022ms
[226.870s][info][gc,phases,start] GC(861) Adjust Roots
[226.872s][info][gc,phases      ] GC(861) Adjust Roots 2.343ms
[226.872s][info][gc,phases,start] GC(861) Compaction Phase
[226.881s][info][gc,phases      ] GC(861) Compaction Phase 8.319ms
[226.881s][info][gc,phases,start] GC(861) Post Compact
[226.883s][info][gc,phases      ] GC(861) Post Compact 2.089ms
[226.883s][info][gc,heap        ] GC(861) PSYoungGen: 58880K(116736K)->57140K(116736K) Eden: 58880K(58880K)->57140K(58880K) From: 0K(57856K)->0K(57856K)
[226.883s][info][gc,heap        ] GC(861) ParOldGen: 348975K(349696K)->348975K(349696K)
[226.883s][info][gc,metaspace   ] GC(861) Metaspace: 119366K(124864K)->119366K(124864K) NonClass: 101334K(104256K)->101334K(104256K) Class: 18031K(20608K)->18031K(20608K)
[226.883s][info][gc             ] GC(861) Pause Full (Ergonomics) 398M->396M(455M) 41.087ms
[226.883s][info][gc,cpu         ] GC(861) User=0.17s Sys=0.00s Real=0.03s
[226.884s][info][gc,start       ] GC(862) Pause Full (Ergonomics)
[226.884s][info][gc,phases,start] GC(862) Marking Phase
[226.911s][info][gc,phases      ] GC(862) Marking Phase 26.715ms
[226.911s][info][gc,phases,start] GC(862) Summary Phase
[226.911s][info][gc,phases      ] GC(862) Summary Phase 0.019ms
[226.911s][info][gc,phases,start] GC(862) Adjust Roots
[226.915s][info][gc,phases      ] GC(862) Adjust Roots 4.332ms
[226.915s][info][gc,phases,start] GC(862) Compaction Phase
[226.925s][info][gc,phases      ] GC(862) Compaction Phase 9.913ms
[226.925s][info][gc,phases,start] GC(862) Post Compact
[226.928s][info][gc,phases      ] GC(862) Post Compact 2.516ms
[226.928s][info][gc,heap        ] GC(862) PSYoungGen: 58880K(116736K)->57181K(116736K) Eden: 58880K(58880K)->57181K(58880K) From: 0K(57856K)->0K(57856K)
[226.928s][info][gc,heap        ] GC(862) ParOldGen: 348975K(349696K)->348975K(349696K)
[226.928s][info][gc,metaspace   ] GC(862) Metaspace: 119367K(124864K)->119367K(124864K) NonClass: 101335K(104256K)->101335K(104256K) Class: 18031K(20608K)->18031K(20608K)
[226.928s][info][gc             ] GC(862) Pause Full (Ergonomics) 398M->396M(455M) 43.873ms
[226.928s][info][gc,cpu         ] GC(862) User=0.17s Sys=0.00s Real=0.03s
[226.929s][info][gc,start       ] GC(863) Pause Full (Ergonomics)
[226.929s][info][gc,phases,start] GC(863) Marking Phase
[226.961s][info][gc,phases      ] GC(863) Marking Phase 32.716ms
[226.962s][info][gc,phases,start] GC(863) Summary Phase
[226.962s][info][gc,phases      ] GC(863) Summary Phase 0.019ms
[226.962s][info][gc,phases,start] GC(863) Adjust Roots
[226.964s][info][gc,phases      ] GC(863) Adjust Roots 2.339ms
[226.964s][info][gc,phases,start] GC(863) Compaction Phase
[226.974s][info][gc,phases      ] GC(863) Compaction Phase 9.781ms
[226.974s][info][gc,phases,start] GC(863) Post Compact
[226.976s][info][gc,phases      ] GC(863) Post Compact 2.215ms
[226.976s][info][gc,heap        ] GC(863) PSYoungGen: 58880K(116736K)->57108K(116736K) Eden: 58880K(58880K)->57108K(58880K) From: 0K(57856K)->0K(57856K)
[226.976s][info][gc,heap        ] GC(863) ParOldGen: 348975K(349696K)->348975K(349696K)
[226.976s][info][gc,metaspace   ] GC(863) Metaspace: 119367K(124864K)->119367K(124864K) NonClass: 101335K(104256K)->101335K(104256K) Class: 18031K(20608K)->18031K(20608K)
[226.976s][info][gc             ] GC(863) Pause Full (Ergonomics) 398M->396M(455M) 47.376ms
[226.976s][info][gc,cpu         ] GC(863) User=0.19s Sys=0.00s Real=0.05s
[226.977s][info][gc,start       ] GC(864) Pause Full (Ergonomics)
[226.977s][info][gc,phases,start] GC(864) Marking Phase
[227.000s][info][gc,phases      ] GC(864) Marking Phase 23.161ms
[227.000s][info][gc,phases,start] GC(864) Summary Phase
[227.000s][info][gc,phases      ] GC(864) Summary Phase 0.018ms
[227.000s][info][gc,phases,start] GC(864) Adjust Roots
[227.003s][info][gc,phases      ] GC(864) Adjust Roots 2.901ms
[227.003s][info][gc,phases,start] GC(864) Compaction Phase
[227.016s][info][gc,phases      ] GC(864) Compaction Phase 12.800ms
[227.016s][info][gc,phases,start] GC(864) Post Compact
[227.018s][info][gc,phases      ] GC(864) Post Compact 2.160ms
[227.018s][info][gc,heap        ] GC(864) PSYoungGen: 58880K(116736K)->57110K(116736K) Eden: 58880K(58880K)->57110K(58880K) From: 0K(57856K)->0K(57856K)
[227.018s][info][gc,heap        ] GC(864) ParOldGen: 348975K(349696K)->348975K(349696K)
[227.018s][info][gc,metaspace   ] GC(864) Metaspace: 119367K(124864K)->119367K(124864K) NonClass: 101335K(104256K)->101335K(104256K) Class: 18031K(20608K)->18031K(20608K)
[227.018s][info][gc             ] GC(864) Pause Full (Ergonomics) 398M->396M(455M) 41.301ms
[227.018s][info][gc,cpu         ] GC(864) User=0.22s Sys=0.00s Real=0.03s
[227.019s][info][gc,start       ] GC(865) Pause Full (Ergonomics)
[227.019s][info][gc,phases,start] GC(865) Marking Phase
[227.059s][info][gc,phases      ] GC(865) Marking Phase 39.922ms
[227.059s][info][gc,phases,start] GC(865) Summary Phase
[227.059s][info][gc,phases      ] GC(865) Summary Phase 0.019ms
[227.059s][info][gc,phases,start] GC(865) Adjust Roots
[227.062s][info][gc,phases      ] GC(865) Adjust Roots 2.667ms
[227.062s][info][gc,phases,start] GC(865) Compaction Phase
[227.076s][info][gc,phases      ] GC(865) Compaction Phase 13.665ms
[227.076s][info][gc,phases,start] GC(865) Post Compact
[227.078s][info][gc,phases      ] GC(865) Post Compact 2.585ms
[227.078s][info][gc,heap        ] GC(865) PSYoungGen: 58879K(116736K)->57149K(116736K) Eden: 58879K(58880K)->57149K(58880K) From: 0K(57856K)->0K(57856K)
[227.078s][info][gc,heap        ] GC(865) ParOldGen: 348975K(349696K)->348975K(349696K)
[227.078s][info][gc,metaspace   ] GC(865) Metaspace: 119367K(124864K)->119364K(124864K) NonClass: 101335K(104256K)->101333K(104256K) Class: 18031K(20608K)->18031K(20608K)
[227.078s][info][gc             ] GC(865) Pause Full (Ergonomics) 398M->396M(455M) 59.235ms
[227.078s][info][gc,cpu         ] GC(865) User=0.25s Sys=0.00s Real=0.05s
[227.079s][info][gc,start       ] GC(866) Pause Full (Ergonomics)
[227.079s][info][gc,phases,start] GC(866) Marking Phase
[227.110s][info][gc,phases      ] GC(866) Marking Phase 30.721ms
[227.110s][info][gc,phases,start] GC(866) Summary Phase
[227.110s][info][gc,phases      ] GC(866) Summary Phase 0.018ms
[227.110s][info][gc,phases,start] GC(866) Adjust Roots
[227.112s][info][gc,phases      ] GC(866) Adjust Roots 2.036ms
[227.112s][info][gc,phases,start] GC(866) Compaction Phase
[227.122s][info][gc,phases      ] GC(866) Compaction Phase 9.219ms
[227.122s][info][gc,phases,start] GC(866) Post Compact
[227.123s][info][gc,phases      ] GC(866) Post Compact 1.959ms
[227.124s][info][gc,heap        ] GC(866) PSYoungGen: 58880K(116736K)->57179K(116736K) Eden: 58880K(58880K)->57179K(58880K) From: 0K(57856K)->0K(57856K)
[227.124s][info][gc,heap        ] GC(866) ParOldGen: 348975K(349696K)->348975K(349696K)
[227.124s][info][gc,metaspace   ] GC(866) Metaspace: 119364K(124864K)->119364K(124864K) NonClass: 101333K(104256K)->101333K(104256K) Class: 18031K(20608K)->18031K(20608K)
[227.124s][info][gc             ] GC(866) Pause Full (Ergonomics) 398M->396M(455M) 44.213ms
[227.124s][info][gc,cpu         ] GC(866) User=0.47s Sys=0.00s Real=0.05s
[227.124s][info][gc,start       ] GC(867) Pause Full (Ergonomics)
[227.124s][info][gc,phases,start] GC(867) Marking Phase
[227.151s][info][gc,phases      ] GC(867) Marking Phase 26.755ms
[227.151s][info][gc,phases,start] GC(867) Summary Phase
[227.151s][info][gc,phases      ] GC(867) Summary Phase 0.017ms
[227.151s][info][gc,phases,start] GC(867) Adjust Roots
[227.153s][info][gc,phases      ] GC(867) Adjust Roots 2.032ms
[227.153s][info][gc,phases,start] GC(867) Compaction Phase
[227.162s][info][gc,phases      ] GC(867) Compaction Phase 8.537ms
[227.162s][info][gc,phases,start] GC(867) Post Compact
[227.164s][info][gc,phases      ] GC(867) Post Compact 1.994ms
[227.164s][info][gc,heap        ] GC(867) PSYoungGen: 58880K(116736K)->57154K(116736K) Eden: 58880K(58880K)->57154K(58880K) From: 0K(57856K)->0K(57856K)
[227.164s][info][gc,heap        ] GC(867) ParOldGen: 348975K(349696K)->348975K(349696K)
[227.164s][info][gc,metaspace   ] GC(867) Metaspace: 119364K(124864K)->119364K(124864K) NonClass: 101333K(104256K)->101333K(104256K) Class: 18031K(20608K)->18031K(20608K)
[227.164s][info][gc             ] GC(867) Pause Full (Ergonomics) 398M->396M(455M) 39.584ms
[227.164s][info][gc,cpu         ] GC(867) User=0.36s Sys=0.00s Real=0.05s
[227.165s][info][gc,start       ] GC(868) Pause Full (Ergonomics)
[227.165s][info][gc,phases,start] GC(868) Marking Phase
[227.190s][info][gc,phases      ] GC(868) Marking Phase 25.253ms
[227.190s][info][gc,phases,start] GC(868) Summary Phase
[227.190s][info][gc,phases      ] GC(868) Summary Phase 0.017ms
[227.190s][info][gc,phases,start] GC(868) Adjust Roots
[227.192s][info][gc,phases      ] GC(868) Adjust Roots 2.005ms
[227.192s][info][gc,phases,start] GC(868) Compaction Phase
[227.201s][info][gc,phases      ] GC(868) Compaction Phase 8.530ms
[227.201s][info][gc,phases,start] GC(868) Post Compact
[227.203s][info][gc,phases      ] GC(868) Post Compact 2.015ms
[227.203s][info][gc,heap        ] GC(868) PSYoungGen: 58880K(116736K)->57332K(116736K) Eden: 58880K(58880K)->57332K(58880K) From: 0K(57856K)->0K(57856K)
[227.203s][info][gc,heap        ] GC(868) ParOldGen: 348975K(349696K)->348975K(349696K)
[227.203s][info][gc,metaspace   ] GC(868) Metaspace: 119366K(124864K)->119366K(124864K) NonClass: 101334K(104256K)->101334K(104256K) Class: 18031K(20608K)->18031K(20608K)
[227.203s][info][gc             ] GC(868) Pause Full (Ergonomics) 398M->396M(455M) 38.053ms
[227.203s][info][gc,cpu         ] GC(868) User=0.17s Sys=0.00s Real=0.03s
[227.203s][info][gc,start       ] GC(869) Pause Full (Ergonomics)
[227.204s][info][gc,phases,start] GC(869) Marking Phase
[227.227s][info][gc,phases      ] GC(869) Marking Phase 23.413ms
[227.227s][info][gc,phases,start] GC(869) Summary Phase
[227.227s][info][gc,phases      ] GC(869) Summary Phase 0.020ms
[227.227s][info][gc,phases,start] GC(869) Adjust Roots
[227.230s][info][gc,phases      ] GC(869) Adjust Roots 2.606ms
[227.230s][info][gc,phases,start] GC(869) Compaction Phase
[227.240s][info][gc,phases      ] GC(869) Compaction Phase 10.073ms
[227.240s][info][gc,phases,start] GC(869) Post Compact
[227.242s][info][gc,phases      ] GC(869) Post Compact 2.006ms
[227.242s][info][gc,heap        ] GC(869) PSYoungGen: 58880K(116736K)->57286K(116736K) Eden: 58880K(58880K)->57286K(58880K) From: 0K(57856K)->0K(57856K)
[227.242s][info][gc,heap        ] GC(869) ParOldGen: 348975K(349696K)->348975K(349696K)
[227.242s][info][gc,metaspace   ] GC(869) Metaspace: 119367K(124864K)->119367K(124864K) NonClass: 101335K(104256K)->101335K(104256K) Class: 18032K(20608K)->18032K(20608K)
[227.242s][info][gc             ] GC(869) Pause Full (Ergonomics) 398M->396M(455M) 38.368ms
[227.242s][info][gc,cpu         ] GC(869) User=0.34s Sys=0.00s Real=0.05s
[227.243s][info][gc,start       ] GC(870) Pause Full (Ergonomics)
[227.243s][info][gc,phases,start] GC(870) Marking Phase
[227.282s][info][gc,phases      ] GC(870) Marking Phase 38.994ms
[227.282s][info][gc,phases,start] GC(870) Summary Phase
[227.282s][info][gc,phases      ] GC(870) Summary Phase 0.019ms
[227.282s][info][gc,phases,start] GC(870) Adjust Roots
[227.284s][info][gc,phases      ] GC(870) Adjust Roots 2.689ms
[227.284s][info][gc,phases,start] GC(870) Compaction Phase
[227.296s][info][gc,phases      ] GC(870) Compaction Phase 11.409ms
[227.296s][info][gc,phases,start] GC(870) Post Compact
[227.298s][info][gc,phases      ] GC(870) Post Compact 2.008ms
[227.298s][info][gc,heap        ] GC(870) PSYoungGen: 58880K(116736K)->57345K(116736K) Eden: 58880K(58880K)->57345K(58880K) From: 0K(57856K)->0K(57856K)
[227.298s][info][gc,heap        ] GC(870) ParOldGen: 348975K(349696K)->348975K(349696K)
[227.298s][info][gc,metaspace   ] GC(870) Metaspace: 119367K(124864K)->119366K(124864K) NonClass: 101335K(104256K)->101334K(104256K) Class: 18032K(20608K)->18031K(20608K)
[227.298s][info][gc             ] GC(870) Pause Full (Ergonomics) 398M->396M(455M) 55.343ms
[227.298s][info][gc,cpu         ] GC(870) User=0.19s Sys=0.00s Real=0.05s
[227.299s][info][gc,start       ] GC(871) Pause Full (Ergonomics)
[227.299s][info][gc,phases,start] GC(871) Marking Phase
[227.330s][info][gc,phases      ] GC(871) Marking Phase 30.652ms
[227.330s][info][gc,phases,start] GC(871) Summary Phase
[227.330s][info][gc,phases      ] GC(871) Summary Phase 0.019ms
[227.330s][info][gc,phases,start] GC(871) Adjust Roots
[227.332s][info][gc,phases      ] GC(871) Adjust Roots 2.076ms
[227.332s][info][gc,phases,start] GC(871) Compaction Phase
[227.348s][info][gc,phases      ] GC(871) Compaction Phase 15.945ms
[227.348s][info][gc,phases,start] GC(871) Post Compact
[227.350s][info][gc,phases      ] GC(871) Post Compact 2.172ms
[227.350s][info][gc,heap        ] GC(871) PSYoungGen: 58880K(116736K)->57363K(116736K) Eden: 58880K(58880K)->57363K(58880K) From: 0K(57856K)->0K(57856K)
[227.350s][info][gc,heap        ] GC(871) ParOldGen: 348975K(349696K)->348975K(349696K)
[227.350s][info][gc,metaspace   ] GC(871) Metaspace: 119369K(124864K)->119369K(124864K) NonClass: 101337K(104256K)->101337K(104256K) Class: 18032K(20608K)->18032K(20608K)
[227.350s][info][gc             ] GC(871) Pause Full (Ergonomics) 398M->396M(455M) 51.168ms
[227.350s][info][gc,cpu         ] GC(871) User=0.20s Sys=0.00s Real=0.05s
[227.351s][info][gc,start       ] GC(872) Pause Full (Ergonomics)
[227.351s][info][gc,phases,start] GC(872) Marking Phase
[227.394s][info][gc,phases      ] GC(872) Marking Phase 42.922ms
[227.394s][info][gc,phases,start] GC(872) Summary Phase
[227.394s][info][gc,phases      ] GC(872) Summary Phase 0.019ms
[227.394s][info][gc,phases,start] GC(872) Adjust Roots
[227.397s][info][gc,phases      ] GC(872) Adjust Roots 2.831ms
[227.397s][info][gc,phases,start] GC(872) Compaction Phase
[227.412s][info][gc,phases      ] GC(872) Compaction Phase 15.103ms
[227.412s][info][gc,phases,start] GC(872) Post Compact
[227.414s][info][gc,phases      ] GC(872) Post Compact 2.033ms
[227.414s][info][gc,heap        ] GC(872) PSYoungGen: 58879K(116736K)->57344K(116736K) Eden: 58879K(58880K)->57344K(58880K) From: 0K(57856K)->0K(57856K)
[227.414s][info][gc,heap        ] GC(872) ParOldGen: 348975K(349696K)->348975K(349696K)
[227.414s][info][gc,metaspace   ] GC(872) Metaspace: 119369K(124864K)->119366K(124864K) NonClass: 101337K(104256K)->101334K(104256K) Class: 18032K(20608K)->18031K(20608K)
[227.414s][info][gc             ] GC(872) Pause Full (Ergonomics) 398M->396M(455M) 63.148ms
[227.414s][info][gc,cpu         ] GC(872) User=0.38s Sys=0.00s Real=0.06s
[227.415s][info][gc,start       ] GC(873) Pause Full (Ergonomics)
[227.415s][info][gc,phases,start] GC(873) Marking Phase
[227.445s][info][gc,phases      ] GC(873) Marking Phase 30.093ms
[227.445s][info][gc,phases,start] GC(873) Summary Phase
[227.445s][info][gc,phases      ] GC(873) Summary Phase 0.018ms
[227.445s][info][gc,phases,start] GC(873) Adjust Roots
[227.447s][info][gc,phases      ] GC(873) Adjust Roots 2.056ms
[227.447s][info][gc,phases,start] GC(873) Compaction Phase
[227.454s][info][gc,phases      ] GC(873) Compaction Phase 6.751ms
[227.454s][info][gc,phases,start] GC(873) Post Compact
[227.456s][info][gc,phases      ] GC(873) Post Compact 1.938ms
[227.456s][info][gc,heap        ] GC(873) PSYoungGen: 58879K(116736K)->57324K(116736K) Eden: 58879K(58880K)->57324K(58880K) From: 0K(57856K)->0K(57856K)
[227.456s][info][gc,heap        ] GC(873) ParOldGen: 348975K(349696K)->348975K(349696K)
[227.456s][info][gc,metaspace   ] GC(873) Metaspace: 119369K(124864K)->119369K(124864K) NonClass: 101337K(104256K)->101337K(104256K) Class: 18032K(20608K)->18032K(20608K)
[227.456s][info][gc             ] GC(873) Pause Full (Ergonomics) 398M->396M(455M) 41.103ms
[227.456s][info][gc,cpu         ] GC(873) User=0.33s Sys=0.00s Real=0.05s
[227.457s][info][gc,start       ] GC(874) Pause Full (Ergonomics)
[227.457s][info][gc,phases,start] GC(874) Marking Phase
[227.493s][info][gc,phases      ] GC(874) Marking Phase 36.507ms
[227.493s][info][gc,phases,start] GC(874) Summary Phase
[227.493s][info][gc,phases      ] GC(874) Summary Phase 0.026ms
[227.493s][info][gc,phases,start] GC(874) Adjust Roots
[227.496s][info][gc,phases      ] GC(874) Adjust Roots 2.699ms
[227.496s][info][gc,phases,start] GC(874) Compaction Phase
[227.508s][info][gc,phases      ] GC(874) Compaction Phase 11.801ms
[227.520s][info][gc,phases,start] GC(874) Post Compact
[227.522s][info][gc,phases      ] GC(874) Post Compact 2.621ms
[227.522s][info][gc,heap        ] GC(874) PSYoungGen: 58880K(116736K)->57276K(116736K) Eden: 58880K(58880K)->57276K(58880K) From: 0K(57856K)->0K(57856K)
[227.523s][info][gc,heap        ] GC(874) ParOldGen: 348975K(349696K)->348975K(349696K)
[227.523s][info][gc,metaspace   ] GC(874) Metaspace: 119369K(124864K)->119368K(124864K) NonClass: 101337K(104256K)->101336K(104256K) Class: 18032K(20608K)->18032K(20608K)
[227.523s][info][gc             ] GC(874) Pause Full (Ergonomics) 398M->396M(455M) 65.886ms
[227.523s][info][gc,cpu         ] GC(874) User=0.23s Sys=0.00s Real=0.06s
[227.524s][info][gc,start       ] GC(875) Pause Full (Ergonomics)
[227.524s][info][gc,phases,start] GC(875) Marking Phase
[227.560s][info][gc,phases      ] GC(875) Marking Phase 36.622ms
[227.560s][info][gc,phases,start] GC(875) Summary Phase
[227.560s][info][gc,phases      ] GC(875) Summary Phase 0.018ms
[227.560s][info][gc,phases,start] GC(875) Adjust Roots
[227.562s][info][gc,phases      ] GC(875) Adjust Roots 2.115ms
[227.563s][info][gc,phases,start] GC(875) Compaction Phase
[227.581s][info][gc,phases      ] GC(875) Compaction Phase 18.762ms
[227.581s][info][gc,phases,start] GC(875) Post Compact
[227.584s][info][gc,phases      ] GC(875) Post Compact 2.654ms
[227.584s][info][gc,heap        ] GC(875) PSYoungGen: 58880K(116736K)->57321K(116736K) Eden: 58880K(58880K)->57321K(58880K) From: 0K(57856K)->0K(57856K)
[227.584s][info][gc,heap        ] GC(875) ParOldGen: 348975K(349696K)->348975K(349696K)
[227.584s][info][gc,metaspace   ] GC(875) Metaspace: 119368K(124864K)->119368K(124864K) NonClass: 101336K(104256K)->101336K(104256K) Class: 18032K(20608K)->18032K(20608K)
[227.584s][info][gc             ] GC(875) Pause Full (Ergonomics) 398M->396M(455M) 60.616ms
[227.584s][info][gc,cpu         ] GC(875) User=0.63s Sys=0.00s Real=0.06s
[227.585s][info][gc,start       ] GC(876) Pause Full (Ergonomics)
[227.585s][info][gc,phases,start] GC(876) Marking Phase
[227.607s][info][gc,phases      ] GC(876) Marking Phase 22.350ms
[227.608s][info][gc,phases,start] GC(876) Summary Phase
[227.608s][info][gc,phases      ] GC(876) Summary Phase 0.030ms
[227.608s][info][gc,phases,start] GC(876) Adjust Roots
[227.610s][info][gc,phases      ] GC(876) Adjust Roots 2.205ms
[227.610s][info][gc,phases,start] GC(876) Compaction Phase
[227.617s][info][gc,phases      ] GC(876) Compaction Phase 7.495ms
[227.617s][info][gc,phases,start] GC(876) Post Compact
[227.620s][info][gc,phases      ] GC(876) Post Compact 2.481ms
[227.620s][info][gc,heap        ] GC(876) PSYoungGen: 58880K(116736K)->57339K(116736K) Eden: 58880K(58880K)->57339K(58880K) From: 0K(57856K)->0K(57856K)
[227.620s][info][gc,heap        ] GC(876) ParOldGen: 348975K(349696K)->348975K(349696K)
[227.620s][info][gc,metaspace   ] GC(876) Metaspace: 119368K(124864K)->119368K(124864K) NonClass: 101336K(104256K)->101336K(104256K) Class: 18032K(20608K)->18032K(20608K)
[227.620s][info][gc             ] GC(876) Pause Full (Ergonomics) 398M->396M(455M) 34.962ms
[227.620s][info][gc,cpu         ] GC(876) User=0.31s Sys=0.00s Real=0.03s
[227.621s][info][gc,start       ] GC(877) Pause Full (Ergonomics)
[227.621s][info][gc,phases,start] GC(877) Marking Phase
[227.649s][info][gc,phases      ] GC(877) Marking Phase 28.365ms
[227.649s][info][gc,phases,start] GC(877) Summary Phase
[227.649s][info][gc,phases      ] GC(877) Summary Phase 0.020ms
[227.649s][info][gc,phases,start] GC(877) Adjust Roots
[227.652s][info][gc,phases      ] GC(877) Adjust Roots 2.064ms
[227.652s][info][gc,phases,start] GC(877) Compaction Phase
[227.659s][info][gc,phases      ] GC(877) Compaction Phase 6.933ms
[227.659s][info][gc,phases,start] GC(877) Post Compact
[227.661s][info][gc,phases      ] GC(877) Post Compact 1.995ms
[227.661s][info][gc,heap        ] GC(877) PSYoungGen: 58880K(116736K)->57379K(116736K) Eden: 58880K(58880K)->57379K(58880K) From: 0K(57856K)->0K(57856K)
[227.661s][info][gc,heap        ] GC(877) ParOldGen: 348975K(349696K)->348975K(349696K)
[227.661s][info][gc,metaspace   ] GC(877) Metaspace: 119373K(124864K)->119373K(124864K) NonClass: 101340K(104256K)->101340K(104256K) Class: 18033K(20608K)->18033K(20608K)
[227.661s][info][gc             ] GC(877) Pause Full (Ergonomics) 398M->396M(455M) 39.677ms
[227.661s][info][gc,cpu         ] GC(877) User=0.17s Sys=0.00s Real=0.03s
[227.661s][info][gc,start       ] GC(878) Pause Full (Ergonomics)
[227.661s][info][gc,phases,start] GC(878) Marking Phase
[227.686s][info][gc,phases      ] GC(878) Marking Phase 24.288ms
[227.686s][info][gc,phases,start] GC(878) Summary Phase
[227.686s][info][gc,phases      ] GC(878) Summary Phase 0.029ms
[227.686s][info][gc,phases,start] GC(878) Adjust Roots
[227.688s][info][gc,phases      ] GC(878) Adjust Roots 2.067ms
[227.688s][info][gc,phases,start] GC(878) Compaction Phase
[227.697s][info][gc,phases      ] GC(878) Compaction Phase 9.058ms
[227.697s][info][gc,phases,start] GC(878) Post Compact
[227.699s][info][gc,phases      ] GC(878) Post Compact 2.402ms
[227.699s][info][gc,heap        ] GC(878) PSYoungGen: 58879K(116736K)->57347K(116736K) Eden: 58879K(58880K)->57347K(58880K) From: 0K(57856K)->0K(57856K)
[227.700s][info][gc,heap        ] GC(878) ParOldGen: 348975K(349696K)->348975K(349696K)
[227.700s][info][gc,metaspace   ] GC(878) Metaspace: 119374K(124864K)->119374K(124864K) NonClass: 101341K(104256K)->101341K(104256K) Class: 18033K(20608K)->18033K(20608K)
[227.700s][info][gc             ] GC(878) Pause Full (Ergonomics) 398M->396M(455M) 38.177ms
[227.700s][info][gc,cpu         ] GC(878) User=0.19s Sys=0.02s Real=0.05s
[227.700s][info][gc,start       ] GC(879) Pause Full (Ergonomics)
[227.701s][info][gc,phases,start] GC(879) Marking Phase
[227.724s][info][gc,phases      ] GC(879) Marking Phase 23.723ms
[227.724s][info][gc,phases,start] GC(879) Summary Phase
[227.724s][info][gc,phases      ] GC(879) Summary Phase 0.021ms
[227.724s][info][gc,phases,start] GC(879) Adjust Roots
[227.726s][info][gc,phases      ] GC(879) Adjust Roots 2.059ms
[227.726s][info][gc,phases,start] GC(879) Compaction Phase
[227.742s][info][gc,phases      ] GC(879) Compaction Phase 15.144ms
[227.742s][info][gc,phases,start] GC(879) Post Compact
[227.744s][info][gc,phases      ] GC(879) Post Compact 2.096ms
[227.744s][info][gc,heap        ] GC(879) PSYoungGen: 58879K(116736K)->57334K(116736K) Eden: 58879K(58880K)->57334K(58880K) From: 0K(57856K)->0K(57856K)
[227.744s][info][gc,heap        ] GC(879) ParOldGen: 348975K(349696K)->348975K(349696K)
[227.744s][info][gc,metaspace   ] GC(879) Metaspace: 119374K(124864K)->119374K(124864K) NonClass: 101341K(104256K)->101341K(104256K) Class: 18033K(20608K)->18033K(20608K)
[227.744s][info][gc             ] GC(879) Pause Full (Ergonomics) 398M->396M(455M) 43.300ms
[227.744s][info][gc,cpu         ] GC(879) User=0.22s Sys=0.00s Real=0.03s
[227.745s][info][gc,start       ] GC(880) Pause Full (Ergonomics)
[227.745s][info][gc,phases,start] GC(880) Marking Phase
[227.778s][info][gc,phases      ] GC(880) Marking Phase 33.465ms
[227.778s][info][gc,phases,start] GC(880) Summary Phase
[227.778s][info][gc,phases      ] GC(880) Summary Phase 0.044ms
[227.778s][info][gc,phases,start] GC(880) Adjust Roots
[227.781s][info][gc,phases      ] GC(880) Adjust Roots 2.543ms
[227.781s][info][gc,phases,start] GC(880) Compaction Phase
[227.790s][info][gc,phases      ] GC(880) Compaction Phase 9.440ms
[227.790s][info][gc,phases,start] GC(880) Post Compact
[227.793s][info][gc,phases      ] GC(880) Post Compact 2.512ms
[227.793s][info][gc,heap        ] GC(880) PSYoungGen: 58879K(116736K)->57346K(116736K) Eden: 58879K(58880K)->57346K(58880K) From: 0K(57856K)->0K(57856K)
[227.793s][info][gc,heap        ] GC(880) ParOldGen: 348975K(349696K)->348975K(349696K)
[227.793s][info][gc,metaspace   ] GC(880) Metaspace: 119374K(124864K)->119374K(124864K) NonClass: 101341K(104256K)->101341K(104256K) Class: 18033K(20608K)->18033K(20608K)
[227.793s][info][gc             ] GC(880) Pause Full (Ergonomics) 398M->396M(455M) 48.775ms
[227.793s][info][gc,cpu         ] GC(880) User=0.34s Sys=0.00s Real=0.06s
[227.794s][info][gc,start       ] GC(881) Pause Full (Ergonomics)
[227.794s][info][gc,phases,start] GC(881) Marking Phase
[227.824s][info][gc,phases      ] GC(881) Marking Phase 29.510ms
[227.824s][info][gc,phases,start] GC(881) Summary Phase
[227.824s][info][gc,phases      ] GC(881) Summary Phase 0.021ms
[227.824s][info][gc,phases,start] GC(881) Adjust Roots
[227.826s][info][gc,phases      ] GC(881) Adjust Roots 2.053ms
[227.826s][info][gc,phases,start] GC(881) Compaction Phase
[227.836s][info][gc,phases      ] GC(881) Compaction Phase 9.812ms
[227.836s][info][gc,phases,start] GC(881) Post Compact
[227.838s][info][gc,phases      ] GC(881) Post Compact 2.559ms
[227.838s][info][gc,heap        ] GC(881) PSYoungGen: 58880K(116736K)->57309K(116736K) Eden: 58880K(58880K)->57309K(58880K) From: 0K(57856K)->0K(57856K)
[227.838s][info][gc,heap        ] GC(881) ParOldGen: 348975K(349696K)->348975K(349696K)
[227.839s][info][gc,metaspace   ] GC(881) Metaspace: 119374K(124864K)->119374K(124864K) NonClass: 101341K(104256K)->101341K(104256K) Class: 18033K(20608K)->18033K(20608K)
[227.839s][info][gc             ] GC(881) Pause Full (Ergonomics) 398M->396M(455M) 44.333ms
[227.839s][info][gc,cpu         ] GC(881) User=0.17s Sys=0.00s Real=0.03s
[227.839s][info][gc,start       ] GC(882) Pause Full (Ergonomics)
[227.840s][info][gc,phases,start] GC(882) Marking Phase
[227.866s][info][gc,phases      ] GC(882) Marking Phase 26.709ms
[227.866s][info][gc,phases,start] GC(882) Summary Phase
[227.866s][info][gc,phases      ] GC(882) Summary Phase 0.043ms
[227.866s][info][gc,phases,start] GC(882) Adjust Roots
[227.869s][info][gc,phases      ] GC(882) Adjust Roots 2.112ms
[227.869s][info][gc,phases,start] GC(882) Compaction Phase
[227.877s][info][gc,phases      ] GC(882) Compaction Phase 8.544ms
[227.877s][info][gc,phases,start] GC(882) Post Compact
[227.879s][info][gc,phases      ] GC(882) Post Compact 2.104ms
[227.879s][info][gc,heap        ] GC(882) PSYoungGen: 58880K(116736K)->57314K(116736K) Eden: 58880K(58880K)->57314K(58880K) From: 0K(57856K)->0K(57856K)
[227.879s][info][gc,heap        ] GC(882) ParOldGen: 348975K(349696K)->348975K(349696K)
[227.879s][info][gc,metaspace   ] GC(882) Metaspace: 119374K(124864K)->119374K(124864K) NonClass: 101341K(104256K)->101341K(104256K) Class: 18033K(20608K)->18033K(20608K)
[227.879s][info][gc             ] GC(882) Pause Full (Ergonomics) 398M->396M(455M) 39.873ms
[227.879s][info][gc,cpu         ] GC(882) User=0.27s Sys=0.00s Real=0.03s
[227.880s][info][gc,start       ] GC(883) Pause Full (Ergonomics)
[227.880s][info][gc,phases,start] GC(883) Marking Phase
[227.909s][info][gc,phases      ] GC(883) Marking Phase 29.187ms
[227.909s][info][gc,phases,start] GC(883) Summary Phase
[227.909s][info][gc,phases      ] GC(883) Summary Phase 0.018ms
[227.909s][info][gc,phases,start] GC(883) Adjust Roots
[227.912s][info][gc,phases      ] GC(883) Adjust Roots 2.480ms
[227.912s][info][gc,phases,start] GC(883) Compaction Phase
[227.919s][info][gc,phases      ] GC(883) Compaction Phase 6.994ms
[227.919s][info][gc,phases,start] GC(883) Post Compact
[227.921s][info][gc,phases      ] GC(883) Post Compact 2.079ms
[227.921s][info][gc,heap        ] GC(883) PSYoungGen: 58879K(116736K)->57348K(116736K) Eden: 58879K(58880K)->57348K(58880K) From: 0K(57856K)->0K(57856K)
[227.921s][info][gc,heap        ] GC(883) ParOldGen: 348975K(349696K)->348975K(349696K)
[227.921s][info][gc,metaspace   ] GC(883) Metaspace: 119374K(124864K)->119374K(124864K) NonClass: 101341K(104256K)->101341K(104256K) Class: 18033K(20608K)->18033K(20608K)
[227.921s][info][gc             ] GC(883) Pause Full (Ergonomics) 398M->396M(455M) 41.029ms
[227.921s][info][gc,cpu         ] GC(883) User=0.17s Sys=0.00s Real=0.03s
[227.922s][info][gc,start       ] GC(884) Pause Full (Ergonomics)
[227.922s][info][gc,phases,start] GC(884) Marking Phase
[227.954s][info][gc,phases      ] GC(884) Marking Phase 32.031ms
[227.954s][info][gc,phases,start] GC(884) Summary Phase
[227.954s][info][gc,phases      ] GC(884) Summary Phase 0.045ms
[227.954s][info][gc,phases,start] GC(884) Adjust Roots
[227.957s][info][gc,phases      ] GC(884) Adjust Roots 2.633ms
[227.957s][info][gc,phases,start] GC(884) Compaction Phase
[227.972s][info][gc,phases      ] GC(884) Compaction Phase 15.172ms
[227.972s][info][gc,phases,start] GC(884) Post Compact
[227.975s][info][gc,phases      ] GC(884) Post Compact 2.590ms
[227.975s][info][gc,heap        ] GC(884) PSYoungGen: 58880K(116736K)->57345K(116736K) Eden: 58880K(58880K)->57345K(58880K) From: 0K(57856K)->0K(57856K)
[227.975s][info][gc,heap        ] GC(884) ParOldGen: 348975K(349696K)->348975K(349696K)
[227.975s][info][gc,metaspace   ] GC(884) Metaspace: 119374K(124864K)->119374K(124864K) NonClass: 101341K(104256K)->101341K(104256K) Class: 18033K(20608K)->18033K(20608K)
[227.975s][info][gc             ] GC(884) Pause Full (Ergonomics) 398M->396M(455M) 52.877ms
[227.975s][info][gc,cpu         ] GC(884) User=0.23s Sys=0.00s Real=0.05s
[227.976s][info][gc,start       ] GC(885) Pause Full (Ergonomics)
[227.976s][info][gc,phases,start] GC(885) Marking Phase
[228.008s][info][gc,phases      ] GC(885) Marking Phase 32.161ms
[228.008s][info][gc,phases,start] GC(885) Summary Phase
[228.008s][info][gc,phases      ] GC(885) Summary Phase 0.022ms
[228.008s][info][gc,phases,start] GC(885) Adjust Roots
[228.011s][info][gc,phases      ] GC(885) Adjust Roots 2.443ms
[228.011s][info][gc,phases,start] GC(885) Compaction Phase
[228.020s][info][gc,phases      ] GC(885) Compaction Phase 9.025ms
[228.020s][info][gc,phases,start] GC(885) Post Compact
[228.022s][info][gc,phases      ] GC(885) Post Compact 2.216ms
[228.022s][info][gc,heap        ] GC(885) PSYoungGen: 58880K(116736K)->57361K(116736K) Eden: 58880K(58880K)->57361K(58880K) From: 0K(57856K)->0K(57856K)
[228.022s][info][gc,heap        ] GC(885) ParOldGen: 348975K(349696K)->348975K(349696K)
[228.022s][info][gc,metaspace   ] GC(885) Metaspace: 119374K(124864K)->119374K(124864K) NonClass: 101341K(104256K)->101341K(104256K) Class: 18033K(20608K)->18033K(20608K)
[228.022s][info][gc             ] GC(885) Pause Full (Ergonomics) 398M->396M(455M) 46.184ms
[228.022s][info][gc,cpu         ] GC(885) User=0.17s Sys=0.00s Real=0.05s
[228.023s][info][gc,start       ] GC(886) Pause Full (Ergonomics)
[228.023s][info][gc,phases,start] GC(886) Marking Phase
[228.051s][info][gc,phases      ] GC(886) Marking Phase 27.594ms
[228.051s][info][gc,phases,start] GC(886) Summary Phase
[228.051s][info][gc,phases      ] GC(886) Summary Phase 0.020ms
[228.051s][info][gc,phases,start] GC(886) Adjust Roots
[228.053s][info][gc,phases      ] GC(886) Adjust Roots 2.704ms
[228.053s][info][gc,phases,start] GC(886) Compaction Phase
[228.065s][info][gc,phases      ] GC(886) Compaction Phase 11.334ms
[228.065s][info][gc,phases,start] GC(886) Post Compact
[228.067s][info][gc,phases      ] GC(886) Post Compact 2.000ms
[228.067s][info][gc,heap        ] GC(886) PSYoungGen: 58880K(116736K)->57359K(116736K) Eden: 58880K(58880K)->57359K(58880K) From: 0K(57856K)->0K(57856K)
[228.067s][info][gc,heap        ] GC(886) ParOldGen: 348975K(349696K)->348975K(349696K)
[228.067s][info][gc,metaspace   ] GC(886) Metaspace: 119374K(124864K)->119374K(124864K) NonClass: 101341K(104256K)->101341K(104256K) Class: 18033K(20608K)->18033K(20608K)
[228.067s][info][gc             ] GC(886) Pause Full (Ergonomics) 398M->396M(455M) 43.919ms
[228.067s][info][gc,cpu         ] GC(886) User=0.17s Sys=0.00s Real=0.03s
[228.068s][info][gc,start       ] GC(887) Pause Full (Ergonomics)
[228.068s][info][gc,phases,start] GC(887) Marking Phase
[228.097s][info][gc,phases      ] GC(887) Marking Phase 29.314ms
[228.097s][info][gc,phases,start] GC(887) Summary Phase
[228.097s][info][gc,phases      ] GC(887) Summary Phase 0.100ms
[228.097s][info][gc,phases,start] GC(887) Adjust Roots
[228.099s][info][gc,phases      ] GC(887) Adjust Roots 2.220ms
[228.099s][info][gc,phases,start] GC(887) Compaction Phase
[228.107s][info][gc,phases      ] GC(887) Compaction Phase 7.807ms
[228.107s][info][gc,phases,start] GC(887) Post Compact
[228.109s][info][gc,phases      ] GC(887) Post Compact 1.984ms
[228.109s][info][gc,heap        ] GC(887) PSYoungGen: 58880K(116736K)->57300K(116736K) Eden: 58880K(58880K)->57300K(58880K) From: 0K(57856K)->0K(57856K)
[228.109s][info][gc,heap        ] GC(887) ParOldGen: 348975K(349696K)->348975K(349696K)
[228.109s][info][gc,metaspace   ] GC(887) Metaspace: 119374K(124864K)->119374K(124864K) NonClass: 101341K(104256K)->101341K(104256K) Class: 18033K(20608K)->18033K(20608K)
[228.109s][info][gc             ] GC(887) Pause Full (Ergonomics) 398M->396M(455M) 41.681ms
[228.109s][info][gc,cpu         ] GC(887) User=0.17s Sys=0.00s Real=0.03s
[228.110s][info][gc,start       ] GC(888) Pause Full (Ergonomics)
[228.110s][info][gc,phases,start] GC(888) Marking Phase
[228.136s][info][gc,phases      ] GC(888) Marking Phase 25.541ms
[228.136s][info][gc,phases,start] GC(888) Summary Phase
[228.136s][info][gc,phases      ] GC(888) Summary Phase 0.018ms
[228.136s][info][gc,phases,start] GC(888) Adjust Roots
[228.138s][info][gc,phases      ] GC(888) Adjust Roots 2.010ms
[228.138s][info][gc,phases,start] GC(888) Compaction Phase
[228.148s][info][gc,phases      ] GC(888) Compaction Phase 10.123ms
[228.148s][info][gc,phases,start] GC(888) Post Compact
[228.150s][info][gc,phases      ] GC(888) Post Compact 1.998ms
[228.150s][info][gc,heap        ] GC(888) PSYoungGen: 58880K(116736K)->57310K(116736K) Eden: 58880K(58880K)->57310K(58880K) From: 0K(57856K)->0K(57856K)
[228.150s][info][gc,heap        ] GC(888) ParOldGen: 348975K(349696K)->348975K(349696K)
[228.150s][info][gc,metaspace   ] GC(888) Metaspace: 119374K(124864K)->119374K(124864K) NonClass: 101341K(104256K)->101341K(104256K) Class: 18033K(20608K)->18033K(20608K)
[228.150s][info][gc             ] GC(888) Pause Full (Ergonomics) 398M->396M(455M) 39.919ms
[228.150s][info][gc,cpu         ] GC(888) User=0.36s Sys=0.00s Real=0.05s
[228.151s][info][gc,start       ] GC(889) Pause Full (Ergonomics)
[228.151s][info][gc,phases,start] GC(889) Marking Phase
[228.174s][info][gc,phases      ] GC(889) Marking Phase 23.290ms
[228.174s][info][gc,phases,start] GC(889) Summary Phase
[228.174s][info][gc,phases      ] GC(889) Summary Phase 0.018ms
[228.174s][info][gc,phases,start] GC(889) Adjust Roots
[228.176s][info][gc,phases      ] GC(889) Adjust Roots 2.008ms
[228.176s][info][gc,phases,start] GC(889) Compaction Phase
[228.183s][info][gc,phases      ] GC(889) Compaction Phase 7.150ms
[228.183s][info][gc,phases,start] GC(889) Post Compact
[228.185s][info][gc,phases      ] GC(889) Post Compact 2.012ms
[228.185s][info][gc,heap        ] GC(889) PSYoungGen: 58880K(116736K)->57340K(116736K) Eden: 58880K(58880K)->57340K(58880K) From: 0K(57856K)->0K(57856K)
[228.185s][info][gc,heap        ] GC(889) ParOldGen: 348975K(349696K)->348975K(349696K)
[228.185s][info][gc,metaspace   ] GC(889) Metaspace: 119374K(124864K)->119374K(124864K) NonClass: 101341K(104256K)->101341K(104256K) Class: 18033K(20608K)->18033K(20608K)
[228.185s][info][gc             ] GC(889) Pause Full (Ergonomics) 398M->396M(455M) 34.712ms
[228.185s][info][gc,cpu         ] GC(889) User=0.20s Sys=0.00s Real=0.03s
[228.186s][info][gc,start       ] GC(890) Pause Full (Ergonomics)
[228.186s][info][gc,phases,start] GC(890) Marking Phase
[228.212s][info][gc,phases      ] GC(890) Marking Phase 26.420ms
[228.212s][info][gc,phases,start] GC(890) Summary Phase
[228.212s][info][gc,phases      ] GC(890) Summary Phase 0.018ms
[228.213s][info][gc,phases,start] GC(890) Adjust Roots
[228.215s][info][gc,phases      ] GC(890) Adjust Roots 2.038ms
[228.215s][info][gc,phases,start] GC(890) Compaction Phase
[228.223s][info][gc,phases      ] GC(890) Compaction Phase 8.598ms
[228.223s][info][gc,phases,start] GC(890) Post Compact
[228.225s][info][gc,phases      ] GC(890) Post Compact 2.032ms
[228.225s][info][gc,heap        ] GC(890) PSYoungGen: 58880K(116736K)->57538K(116736K) Eden: 58880K(58880K)->57538K(58880K) From: 0K(57856K)->0K(57856K)
[228.225s][info][gc,heap        ] GC(890) ParOldGen: 348975K(349696K)->348975K(349696K)
[228.225s][info][gc,metaspace   ] GC(890) Metaspace: 119374K(124864K)->119374K(124864K) NonClass: 101341K(104256K)->101341K(104256K) Class: 18033K(20608K)->18033K(20608K)
[228.225s][info][gc             ] GC(890) Pause Full (Ergonomics) 398M->396M(455M) 39.420ms
[228.225s][info][gc,cpu         ] GC(890) User=0.25s Sys=0.00s Real=0.03s
[228.226s][info][gc,start       ] GC(891) Pause Full (Ergonomics)
[228.226s][info][gc,phases,start] GC(891) Marking Phase
[228.263s][info][gc,phases      ] GC(891) Marking Phase 36.569ms
[228.263s][info][gc,phases,start] GC(891) Summary Phase
[228.263s][info][gc,phases      ] GC(891) Summary Phase 0.019ms
[228.263s][info][gc,phases,start] GC(891) Adjust Roots
[228.266s][info][gc,phases      ] GC(891) Adjust Roots 2.881ms
[228.266s][info][gc,phases,start] GC(891) Compaction Phase
[228.277s][info][gc,phases      ] GC(891) Compaction Phase 11.514ms
[228.277s][info][gc,phases,start] GC(891) Post Compact
[228.280s][info][gc,phases      ] GC(891) Post Compact 2.579ms
[228.280s][info][gc,heap        ] GC(891) PSYoungGen: 58879K(116736K)->57531K(116736K) Eden: 58879K(58880K)->57531K(58880K) From: 0K(57856K)->0K(57856K)
[228.280s][info][gc,heap        ] GC(891) ParOldGen: 348975K(349696K)->348975K(349696K)
[228.280s][info][gc,metaspace   ] GC(891) Metaspace: 119376K(124864K)->119373K(124864K) NonClass: 101343K(104256K)->101340K(104256K) Class: 18033K(20608K)->18033K(20608K)
[228.280s][info][gc             ] GC(891) Pause Full (Ergonomics) 398M->396M(455M) 53.941ms
[228.280s][info][gc,cpu         ] GC(891) User=0.20s Sys=0.00s Real=0.06s
[228.281s][info][gc,start       ] GC(892) Pause Full (Ergonomics)
[228.281s][info][gc,phases,start] GC(892) Marking Phase
[228.312s][info][gc,phases      ] GC(892) Marking Phase 31.017ms
[228.312s][info][gc,phases,start] GC(892) Summary Phase
[228.312s][info][gc,phases      ] GC(892) Summary Phase 0.018ms
[228.312s][info][gc,phases,start] GC(892) Adjust Roots
[228.314s][info][gc,phases      ] GC(892) Adjust Roots 2.024ms
[228.314s][info][gc,phases,start] GC(892) Compaction Phase
[228.321s][info][gc,phases      ] GC(892) Compaction Phase 6.831ms
[228.321s][info][gc,phases,start] GC(892) Post Compact
[228.324s][info][gc,phases      ] GC(892) Post Compact 2.529ms
[228.324s][info][gc,heap        ] GC(892) PSYoungGen: 58880K(116736K)->57510K(116736K) Eden: 58880K(58880K)->57510K(58880K) From: 0K(57856K)->0K(57856K)
[228.324s][info][gc,heap        ] GC(892) ParOldGen: 348975K(349696K)->348975K(349696K)
[228.324s][info][gc,metaspace   ] GC(892) Metaspace: 119374K(124864K)->119374K(124864K) NonClass: 101341K(104256K)->101341K(104256K) Class: 18033K(20608K)->18033K(20608K)
[228.324s][info][gc             ] GC(892) Pause Full (Ergonomics) 398M->396M(455M) 42.821ms
[228.324s][info][gc,cpu         ] GC(892) User=0.17s Sys=0.00s Real=0.03s
[228.324s][info][gc,start       ] GC(893) Pause Full (Ergonomics)
[228.324s][info][gc,phases,start] GC(893) Marking Phase
[228.351s][info][gc,phases      ] GC(893) Marking Phase 26.416ms
[228.351s][info][gc,phases,start] GC(893) Summary Phase
[228.351s][info][gc,phases      ] GC(893) Summary Phase 0.044ms
[228.351s][info][gc,phases,start] GC(893) Adjust Roots
[228.354s][info][gc,phases      ] GC(893) Adjust Roots 2.519ms
[228.354s][info][gc,phases,start] GC(893) Compaction Phase
[228.365s][info][gc,phases      ] GC(893) Compaction Phase 10.979ms
[228.365s][info][gc,phases,start] GC(893) Post Compact
[228.367s][info][gc,phases      ] GC(893) Post Compact 2.536ms
[228.367s][info][gc,heap        ] GC(893) PSYoungGen: 58879K(116736K)->57507K(116736K) Eden: 58879K(58880K)->57507K(58880K) From: 0K(57856K)->0K(57856K)
[228.367s][info][gc,heap        ] GC(893) ParOldGen: 348975K(349696K)->348975K(349696K)
[228.367s][info][gc,metaspace   ] GC(893) Metaspace: 119374K(124864K)->119374K(124864K) NonClass: 101341K(104256K)->101341K(104256K) Class: 18033K(20608K)->18033K(20608K)
[228.367s][info][gc             ] GC(893) Pause Full (Ergonomics) 398M->396M(455M) 43.045ms
[228.368s][info][gc,cpu         ] GC(893) User=0.38s Sys=0.00s Real=0.05s
[228.368s][info][gc,start       ] GC(894) Pause Full (Ergonomics)
[228.368s][info][gc,phases,start] GC(894) Marking Phase
[228.395s][info][gc,phases      ] GC(894) Marking Phase 26.388ms
[228.395s][info][gc,phases,start] GC(894) Summary Phase
[228.395s][info][gc,phases      ] GC(894) Summary Phase 0.022ms
[228.395s][info][gc,phases,start] GC(894) Adjust Roots
[228.397s][info][gc,phases      ] GC(894) Adjust Roots 2.103ms
[228.397s][info][gc,phases,start] GC(894) Compaction Phase
[228.405s][info][gc,phases      ] GC(894) Compaction Phase 7.772ms
[228.405s][info][gc,phases,start] GC(894) Post Compact
[228.407s][info][gc,phases      ] GC(894) Post Compact 2.091ms
[228.407s][info][gc,heap        ] GC(894) PSYoungGen: 58879K(116736K)->57524K(116736K) Eden: 58879K(58880K)->57524K(58880K) From: 0K(57856K)->0K(57856K)
[228.407s][info][gc,heap        ] GC(894) ParOldGen: 348975K(349696K)->348975K(349696K)
[228.407s][info][gc,metaspace   ] GC(894) Metaspace: 119374K(124864K)->119374K(124864K) NonClass: 101341K(104256K)->101341K(104256K) Class: 18033K(20608K)->18033K(20608K)
[228.407s][info][gc             ] GC(894) Pause Full (Ergonomics) 398M->396M(455M) 38.656ms
[228.407s][info][gc,cpu         ] GC(894) User=0.33s Sys=0.00s Real=0.05s
[228.408s][info][gc,start       ] GC(895) Pause Full (Ergonomics)
[228.408s][info][gc,phases,start] GC(895) Marking Phase
[228.434s][info][gc,phases      ] GC(895) Marking Phase 26.695ms
[228.435s][info][gc,phases,start] GC(895) Summary Phase
[228.435s][info][gc,phases      ] GC(895) Summary Phase 0.018ms
[228.435s][info][gc,phases,start] GC(895) Adjust Roots
[228.437s][info][gc,phases      ] GC(895) Adjust Roots 2.409ms
[228.437s][info][gc,phases,start] GC(895) Compaction Phase
[228.446s][info][gc,phases      ] GC(895) Compaction Phase 8.748ms
[228.446s][info][gc,phases,start] GC(895) Post Compact
[228.448s][info][gc,phases      ] GC(895) Post Compact 2.021ms
[228.448s][info][gc,heap        ] GC(895) PSYoungGen: 58879K(116736K)->57562K(116736K) Eden: 58879K(58880K)->57562K(58880K) From: 0K(57856K)->0K(57856K)
[228.448s][info][gc,heap        ] GC(895) ParOldGen: 348975K(349696K)->348975K(349696K)
[228.448s][info][gc,metaspace   ] GC(895) Metaspace: 119378K(124864K)->119378K(124864K) NonClass: 101344K(104256K)->101344K(104256K) Class: 18033K(20608K)->18033K(20608K)
[228.448s][info][gc             ] GC(895) Pause Full (Ergonomics) 398M->397M(455M) 40.129ms
[228.448s][info][gc,cpu         ] GC(895) User=0.28s Sys=0.00s Real=0.03s
[228.449s][info][gc,start       ] GC(896) Pause Full (Ergonomics)
[228.449s][info][gc,phases,start] GC(896) Marking Phase
[228.472s][info][gc,phases      ] GC(896) Marking Phase 23.412ms
[228.472s][info][gc,phases,start] GC(896) Summary Phase
[228.472s][info][gc,phases      ] GC(896) Summary Phase 0.018ms
[228.472s][info][gc,phases,start] GC(896) Adjust Roots
[228.475s][info][gc,phases      ] GC(896) Adjust Roots 2.563ms
[228.475s][info][gc,phases,start] GC(896) Compaction Phase
[228.482s][info][gc,phases      ] GC(896) Compaction Phase 6.809ms
[228.482s][info][gc,phases,start] GC(896) Post Compact
[228.484s][info][gc,phases      ] GC(896) Post Compact 2.000ms
[228.484s][info][gc,heap        ] GC(896) PSYoungGen: 58880K(116736K)->57567K(116736K) Eden: 58880K(58880K)->57567K(58880K) From: 0K(57856K)->0K(57856K)
[228.484s][info][gc,heap        ] GC(896) ParOldGen: 348975K(349696K)->348975K(349696K)
[228.484s][info][gc,metaspace   ] GC(896) Metaspace: 119378K(124864K)->119378K(124864K) NonClass: 101344K(104256K)->101344K(104256K) Class: 18033K(20608K)->18033K(20608K)
[228.484s][info][gc             ] GC(896) Pause Full (Ergonomics) 398M->397M(455M) 35.036ms
[228.484s][info][gc,cpu         ] GC(896) User=0.20s Sys=0.00s Real=0.03s
[228.484s][info][gc,start       ] GC(897) Pause Full (Ergonomics)
[228.484s][info][gc,phases,start] GC(897) Marking Phase
[228.509s][info][gc,phases      ] GC(897) Marking Phase 25.222ms
[228.509s][info][gc,phases,start] GC(897) Summary Phase
[228.509s][info][gc,phases      ] GC(897) Summary Phase 0.036ms
[228.509s][info][gc,phases,start] GC(897) Adjust Roots
[228.512s][info][gc,phases      ] GC(897) Adjust Roots 2.070ms
[228.512s][info][gc,phases,start] GC(897) Compaction Phase
[228.524s][info][gc,phases      ] GC(897) Compaction Phase 12.089ms
[228.524s][info][gc,phases,start] GC(897) Post Compact
[228.526s][info][gc,phases      ] GC(897) Post Compact 2.501ms
[228.526s][info][gc,heap        ] GC(897) PSYoungGen: 58027K(116736K)->57527K(116736K) Eden: 58027K(58880K)->57527K(58880K) From: 0K(57856K)->0K(57856K)
[228.526s][info][gc,heap        ] GC(897) ParOldGen: 348975K(349696K)->348975K(349696K)
[228.526s][info][gc,metaspace   ] GC(897) Metaspace: 119378K(124864K)->119378K(124864K) NonClass: 101344K(104256K)->101344K(104256K) Class: 18033K(20608K)->18033K(20608K)
[228.526s][info][gc             ] GC(897) Pause Full (Ergonomics) 397M->396M(455M) 42.261ms
[228.526s][info][gc,cpu         ] GC(897) User=0.23s Sys=0.00s Real=0.03s
[228.527s][info][gc,start       ] GC(898) Pause Full (Allocation Failure)
[228.527s][info][gc,phases,start] GC(898) Marking Phase
[228.560s][info][gc,phases      ] GC(898) Marking Phase 33.329ms
[228.560s][info][gc,phases,start] GC(898) Summary Phase
[228.560s][info][gc,phases      ] GC(898) Summary Phase 0.030ms
[228.560s][info][gc,phases,start] GC(898) Adjust Roots
[228.562s][info][gc,phases      ] GC(898) Adjust Roots 2.333ms
[228.562s][info][gc,phases,start] GC(898) Compaction Phase
[228.573s][info][gc,phases      ] GC(898) Compaction Phase 10.698ms
[228.573s][info][gc,phases,start] GC(898) Post Compact
[228.576s][info][gc,phases      ] GC(898) Post Compact 2.480ms
[228.576s][info][gc,heap        ] GC(898) PSYoungGen: 57527K(116736K)->57527K(116736K) Eden: 57527K(58880K)->57527K(58880K) From: 0K(57856K)->0K(57856K)
[228.576s][info][gc,heap        ] GC(898) ParOldGen: 348975K(349696K)->348975K(349696K)
[228.576s][info][gc,metaspace   ] GC(898) Metaspace: 119378K(124864K)->119378K(124864K) NonClass: 101344K(104256K)->101344K(104256K) Class: 18033K(20608K)->18033K(20608K)
[228.576s][info][gc             ] GC(898) Pause Full (Allocation Failure) 396M->396M(455M) 49.195ms
[228.576s][info][gc,cpu         ] GC(898) User=0.33s Sys=0.00s Real=0.05s
[228.577s][info][gc,start       ] GC(899) Pause Full (Ergonomics)
[228.577s][info][gc,phases,start] GC(899) Marking Phase
[228.611s][info][gc,phases      ] GC(899) Marking Phase 33.978ms
[228.611s][info][gc,phases,start] GC(899) Summary Phase
[228.611s][info][gc,phases      ] GC(899) Summary Phase 0.046ms
[228.611s][info][gc,phases,start] GC(899) Adjust Roots
[228.614s][info][gc,phases      ] GC(899) Adjust Roots 2.592ms
[228.614s][info][gc,phases,start] GC(899) Compaction Phase
[228.634s][info][gc,phases      ] GC(899) Compaction Phase 20.272ms
[228.634s][info][gc,phases,start] GC(899) Post Compact
[228.637s][info][gc,phases      ] GC(899) Post Compact 2.654ms
[228.637s][info][gc,heap        ] GC(899) PSYoungGen: 58879K(116736K)->41737K(116736K) Eden: 58879K(58880K)->41737K(58880K) From: 0K(57856K)->0K(57856K)
[228.637s][info][gc,heap        ] GC(899) ParOldGen: 349375K(349696K)->349518K(349696K)
[228.637s][info][gc,metaspace   ] GC(899) Metaspace: 119378K(124864K)->119378K(124864K) NonClass: 101344K(104256K)->101344K(104256K) Class: 18033K(20608K)->18033K(20608K)
[228.637s][info][gc             ] GC(899) Pause Full (Ergonomics) 398M->382M(455M) 60.001ms
[228.637s][info][gc,cpu         ] GC(899) User=0.48s Sys=0.00s Real=0.06s
[228.643s][info][gc,start       ] GC(900) Pause Full (Ergonomics)
[228.643s][info][gc,phases,start] GC(900) Marking Phase
[228.677s][info][gc,phases      ] GC(900) Marking Phase 34.059ms
[228.677s][info][gc,phases,start] GC(900) Summary Phase
[228.677s][info][gc,phases      ] GC(900) Summary Phase 0.019ms
[228.677s][info][gc,phases,start] GC(900) Adjust Roots
[228.680s][info][gc,phases      ] GC(900) Adjust Roots 3.018ms
[228.680s][info][gc,phases,start] GC(900) Compaction Phase
[228.700s][info][gc,phases      ] GC(900) Compaction Phase 19.975ms
[228.700s][info][gc,phases,start] GC(900) Post Compact
[228.703s][info][gc,phases      ] GC(900) Post Compact 2.847ms
[228.703s][info][gc,heap        ] GC(900) PSYoungGen: 58880K(116736K)->41955K(116736K) Eden: 58880K(58880K)->41955K(58880K) From: 0K(57856K)->0K(57856K)
[228.703s][info][gc,heap        ] GC(900) ParOldGen: 349518K(349696K)->349354K(349696K)
[228.703s][info][gc,metaspace   ] GC(900) Metaspace: 119391K(124864K)->119296K(124864K) NonClass: 101356K(104256K)->101277K(104256K) Class: 18035K(20608K)->18019K(20608K)
[228.703s][info][gc             ] GC(900) Pause Full (Ergonomics) 398M->382M(455M) 60.350ms
[228.703s][info][gc,cpu         ] GC(900) User=0.34s Sys=0.00s Real=0.06s
[228.708s][info][gc,start       ] GC(901) Pause Full (Ergonomics)
[228.708s][info][gc,phases,start] GC(901) Marking Phase
[228.731s][info][gc,phases      ] GC(901) Marking Phase 23.173ms
[228.731s][info][gc,phases,start] GC(901) Summary Phase
[228.731s][info][gc,phases      ] GC(901) Summary Phase 0.019ms
[228.731s][info][gc,phases,start] GC(901) Adjust Roots
[228.734s][info][gc,phases      ] GC(901) Adjust Roots 2.569ms
[228.734s][info][gc,phases,start] GC(901) Compaction Phase
[228.754s][info][gc,phases      ] GC(901) Compaction Phase 20.782ms
[228.755s][info][gc,phases,start] GC(901) Post Compact
[228.757s][info][gc,phases      ] GC(901) Post Compact 2.054ms
[228.757s][info][gc,heap        ] GC(901) PSYoungGen: 58880K(116736K)->42017K(116736K) Eden: 58880K(58880K)->42017K(58880K) From: 0K(57856K)->0K(57856K)
[228.757s][info][gc,heap        ] GC(901) ParOldGen: 349354K(349696K)->349353K(349696K)
[228.757s][info][gc,metaspace   ] GC(901) Metaspace: 119323K(124864K)->119323K(124864K) NonClass: 101302K(104256K)->101302K(104256K) Class: 18021K(20608K)->18021K(20608K)
[228.757s][info][gc             ] GC(901) Pause Full (Ergonomics) 398M->382M(455M) 48.869ms
[228.757s][info][gc,cpu         ] GC(901) User=0.31s Sys=0.02s Real=0.05s
[228.759s][info][gc,start       ] GC(902) Pause Full (Ergonomics)
[228.759s][info][gc,phases,start] GC(902) Marking Phase
[228.780s][info][gc,phases      ] GC(902) Marking Phase 21.545ms
[228.780s][info][gc,phases,start] GC(902) Summary Phase
[228.780s][info][gc,phases      ] GC(902) Summary Phase 0.021ms
[228.780s][info][gc,phases,start] GC(902) Adjust Roots
[228.782s][info][gc,phases      ] GC(902) Adjust Roots 2.103ms
[228.782s][info][gc,phases,start] GC(902) Compaction Phase
[228.793s][info][gc,phases      ] GC(902) Compaction Phase 10.827ms
[228.793s][info][gc,phases,start] GC(902) Post Compact
[228.796s][info][gc,phases      ] GC(902) Post Compact 2.219ms
[228.796s][info][gc,heap        ] GC(902) PSYoungGen: 58879K(116736K)->54538K(116736K) Eden: 58879K(58880K)->54538K(58880K) From: 0K(57856K)->0K(57856K)
[228.796s][info][gc,heap        ] GC(902) ParOldGen: 349353K(349696K)->349353K(349696K)
[228.796s][info][gc,metaspace   ] GC(902) Metaspace: 119330K(124864K)->119330K(124864K) NonClass: 101307K(104256K)->101307K(104256K) Class: 18022K(20608K)->18022K(20608K)
[228.796s][info][gc             ] GC(902) Pause Full (Ergonomics) 398M->394M(455M) 36.971ms
[228.796s][info][gc,cpu         ] GC(902) User=0.19s Sys=0.00s Real=0.04s
[228.797s][info][gc,start       ] GC(903) Pause Full (Ergonomics)
[228.798s][info][gc,phases,start] GC(903) Marking Phase
[228.831s][info][gc,phases      ] GC(903) Marking Phase 33.735ms
[228.831s][info][gc,phases,start] GC(903) Summary Phase
[228.831s][info][gc,phases      ] GC(903) Summary Phase 0.044ms
[228.831s][info][gc,phases,start] GC(903) Adjust Roots
[228.834s][info][gc,phases      ] GC(903) Adjust Roots 2.237ms
[228.834s][info][gc,phases,start] GC(903) Compaction Phase
[228.856s][info][gc,phases      ] GC(903) Compaction Phase 22.005ms
[228.856s][info][gc,phases,start] GC(903) Post Compact
[228.859s][info][gc,phases      ] GC(903) Post Compact 2.740ms
[228.859s][info][gc,heap        ] GC(903) PSYoungGen: 58880K(116736K)->48224K(116736K) Eden: 58880K(58880K)->48224K(58880K) From: 0K(57856K)->0K(57856K)
[228.859s][info][gc,heap        ] GC(903) ParOldGen: 349353K(349696K)->349380K(349696K)
[228.859s][info][gc,metaspace   ] GC(903) Metaspace: 119337K(124864K)->119337K(124864K) NonClass: 101314K(104256K)->101314K(104256K) Class: 18023K(20608K)->18023K(20608K)
[228.859s][info][gc             ] GC(903) Pause Full (Ergonomics) 398M->388M(455M) 61.199ms
[228.859s][info][gc,cpu         ] GC(903) User=0.34s Sys=0.00s Real=0.06s
[228.861s][info][gc,start       ] GC(904) Pause Full (Ergonomics)
[228.861s][info][gc,phases,start] GC(904) Marking Phase
[228.885s][info][gc,phases      ] GC(904) Marking Phase 23.326ms
[228.885s][info][gc,phases,start] GC(904) Summary Phase
[228.885s][info][gc,phases      ] GC(904) Summary Phase 0.021ms
[228.885s][info][gc,phases,start] GC(904) Adjust Roots
[228.887s][info][gc,phases      ] GC(904) Adjust Roots 2.125ms
[228.887s][info][gc,phases,start] GC(904) Compaction Phase
[228.894s][info][gc,phases      ] GC(904) Compaction Phase 6.935ms
[228.894s][info][gc,phases,start] GC(904) Post Compact
[228.896s][info][gc,phases      ] GC(904) Post Compact 2.497ms
[228.896s][info][gc,heap        ] GC(904) PSYoungGen: 56879K(116736K)->48284K(116736K) Eden: 56879K(58880K)->48284K(58880K) From: 0K(57856K)->0K(57856K)
[228.896s][info][gc,heap        ] GC(904) ParOldGen: 349380K(349696K)->349380K(349696K)
[228.896s][info][gc,metaspace   ] GC(904) Metaspace: 119349K(124864K)->119349K(124864K) NonClass: 101324K(104256K)->101324K(104256K) Class: 18024K(20608K)->18024K(20608K)
[228.896s][info][gc             ] GC(904) Pause Full (Ergonomics) 396M->388M(455M) 35.319ms
[228.896s][info][gc,cpu         ] GC(904) User=0.27s Sys=0.00s Real=0.04s
[228.900s][info][gc,start       ] GC(905) Pause Full (Ergonomics)
[228.900s][info][gc,phases,start] GC(905) Marking Phase
[228.929s][info][gc,phases      ] GC(905) Marking Phase 28.323ms
[228.929s][info][gc,phases,start] GC(905) Summary Phase
[228.929s][info][gc,phases      ] GC(905) Summary Phase 0.045ms
[228.929s][info][gc,phases,start] GC(905) Adjust Roots
[228.931s][info][gc,phases      ] GC(905) Adjust Roots 2.147ms
[228.931s][info][gc,phases,start] GC(905) Compaction Phase
[228.946s][info][gc,phases      ] GC(905) Compaction Phase 15.544ms
[228.960s][info][gc,phases,start] GC(905) Post Compact
[228.963s][info][gc,phases      ] GC(905) Post Compact 2.606ms
[228.963s][info][gc,heap        ] GC(905) PSYoungGen: 58880K(116736K)->54468K(116736K) Eden: 58880K(58880K)->54468K(58880K) From: 0K(57856K)->0K(57856K)
[228.963s][info][gc,heap        ] GC(905) ParOldGen: 349380K(349696K)->349380K(349696K)
[228.963s][info][gc,metaspace   ] GC(905) Metaspace: 119349K(124864K)->119349K(124864K) NonClass: 101324K(104256K)->101324K(104256K) Class: 18024K(20608K)->18024K(20608K)
[228.963s][info][gc             ] GC(905) Pause Full (Ergonomics) 398M->394M(455M) 62.670ms
[228.963s][info][gc,cpu         ] GC(905) User=0.38s Sys=0.00s Real=0.06s
[228.965s][info][gc,start       ] GC(906) Pause Full (Ergonomics)
[228.965s][info][gc,phases,start] GC(906) Marking Phase
[228.998s][info][gc,phases      ] GC(906) Marking Phase 33.270ms
[228.998s][info][gc,phases,start] GC(906) Summary Phase
[228.998s][info][gc,phases      ] GC(906) Summary Phase 0.019ms
[228.998s][info][gc,phases,start] GC(906) Adjust Roots
[229.000s][info][gc,phases      ] GC(906) Adjust Roots 2.087ms
[229.000s][info][gc,phases,start] GC(906) Compaction Phase
[229.016s][info][gc,phases      ] GC(906) Compaction Phase 15.665ms
[229.016s][info][gc,phases,start] GC(906) Post Compact
[229.018s][info][gc,phases      ] GC(906) Post Compact 2.269ms
[229.018s][info][gc,heap        ] GC(906) PSYoungGen: 58880K(116736K)->54511K(116736K) Eden: 58880K(58880K)->54511K(58880K) From: 0K(57856K)->0K(57856K)
[229.018s][info][gc,heap        ] GC(906) ParOldGen: 349380K(349696K)->346255K(349696K)
[229.018s][info][gc,metaspace   ] GC(906) Metaspace: 119352K(124864K)->119352K(124864K) NonClass: 101328K(104256K)->101328K(104256K) Class: 18024K(20608K)->18024K(20608K)
[229.018s][info][gc             ] GC(906) Pause Full (Ergonomics) 398M->391M(455M) 53.642ms
[229.018s][info][gc,cpu         ] GC(906) User=0.20s Sys=0.00s Real=0.05s
[229.020s][info][gc,start       ] GC(907) Pause Full (Ergonomics)
[229.020s][info][gc,phases,start] GC(907) Marking Phase
[229.051s][info][gc,phases      ] GC(907) Marking Phase 30.999ms
[229.051s][info][gc,phases,start] GC(907) Summary Phase
[229.051s][info][gc,phases      ] GC(907) Summary Phase 0.045ms
[229.051s][info][gc,phases,start] GC(907) Adjust Roots
[229.054s][info][gc,phases      ] GC(907) Adjust Roots 2.134ms
[229.054s][info][gc,phases,start] GC(907) Compaction Phase
[229.062s][info][gc,phases      ] GC(907) Compaction Phase 8.276ms
[229.062s][info][gc,phases,start] GC(907) Post Compact
[229.064s][info][gc,phases      ] GC(907) Post Compact 2.041ms
[229.064s][info][gc,heap        ] GC(907) PSYoungGen: 58880K(116736K)->54552K(116736K) Eden: 58880K(58880K)->54552K(58880K) From: 0K(57856K)->0K(57856K)
[229.064s][info][gc,heap        ] GC(907) ParOldGen: 346255K(349696K)->346255K(349696K)
[229.064s][info][gc,metaspace   ] GC(907) Metaspace: 119359K(124864K)->119359K(124864K) NonClass: 101334K(104256K)->101334K(104256K) Class: 18025K(20608K)->18025K(20608K)
[229.064s][info][gc             ] GC(907) Pause Full (Ergonomics) 395M->391M(455M) 43.857ms
[229.064s][info][gc,cpu         ] GC(907) User=0.19s Sys=0.00s Real=0.03s
[229.066s][info][gc,start       ] GC(908) Pause Full (Ergonomics)
[229.066s][info][gc,phases,start] GC(908) Marking Phase
[229.094s][info][gc,phases      ] GC(908) Marking Phase 27.983ms
[229.094s][info][gc,phases,start] GC(908) Summary Phase
[229.094s][info][gc,phases      ] GC(908) Summary Phase 0.018ms
[229.094s][info][gc,phases,start] GC(908) Adjust Roots
[229.096s][info][gc,phases      ] GC(908) Adjust Roots 2.561ms
[229.096s][info][gc,phases,start] GC(908) Compaction Phase
[229.117s][info][gc,phases      ] GC(908) Compaction Phase 20.172ms
[229.117s][info][gc,phases,start] GC(908) Post Compact
[229.119s][info][gc,phases      ] GC(908) Post Compact 2.626ms
[229.119s][info][gc,heap        ] GC(908) PSYoungGen: 58880K(116736K)->54560K(116736K) Eden: 58880K(58880K)->54560K(58880K) From: 0K(57856K)->0K(57856K)
[229.119s][info][gc,heap        ] GC(908) ParOldGen: 346255K(349696K)->346253K(349696K)
[229.120s][info][gc,metaspace   ] GC(908) Metaspace: 119365K(124864K)->119365K(124864K) NonClass: 101338K(104256K)->101338K(104256K) Class: 18026K(20608K)->18026K(20608K)
[229.120s][info][gc             ] GC(908) Pause Full (Ergonomics) 395M->391M(455M) 53.806ms
[229.120s][info][gc,cpu         ] GC(908) User=0.33s Sys=0.00s Real=0.05s
[229.121s][info][gc,start       ] GC(909) Pause Full (Ergonomics)
[229.121s][info][gc,phases,start] GC(909) Marking Phase
[229.145s][info][gc,phases      ] GC(909) Marking Phase 23.717ms
[229.145s][info][gc,phases,start] GC(909) Summary Phase
[229.145s][info][gc,phases      ] GC(909) Summary Phase 0.018ms
[229.145s][info][gc,phases,start] GC(909) Adjust Roots
[229.147s][info][gc,phases      ] GC(909) Adjust Roots 2.176ms
[229.147s][info][gc,phases,start] GC(909) Compaction Phase
[229.167s][info][gc,phases      ] GC(909) Compaction Phase 19.922ms
[229.167s][info][gc,phases,start] GC(909) Post Compact
[229.170s][info][gc,phases      ] GC(909) Post Compact 2.626ms
[229.170s][info][gc,heap        ] GC(909) PSYoungGen: 58880K(116736K)->54527K(116736K) Eden: 58880K(58880K)->54527K(58880K) From: 0K(57856K)->0K(57856K)
[229.170s][info][gc,heap        ] GC(909) ParOldGen: 346253K(349696K)->346253K(349696K)
[229.170s][info][gc,metaspace   ] GC(909) Metaspace: 119372K(124864K)->119372K(124864K) NonClass: 101344K(104256K)->101344K(104256K) Class: 18027K(20608K)->18027K(20608K)
[229.170s][info][gc             ] GC(909) Pause Full (Ergonomics) 395M->391M(455M) 48.871ms
[229.170s][info][gc,cpu         ] GC(909) User=0.47s Sys=0.00s Real=0.05s
[229.172s][info][gc,start       ] GC(910) Pause Full (Ergonomics)
[229.172s][info][gc,phases,start] GC(910) Marking Phase
[229.206s][info][gc,phases      ] GC(910) Marking Phase 33.862ms
[229.206s][info][gc,phases,start] GC(910) Summary Phase
[229.206s][info][gc,phases      ] GC(910) Summary Phase 0.023ms
[229.206s][info][gc,phases,start] GC(910) Adjust Roots
[229.208s][info][gc,phases      ] GC(910) Adjust Roots 2.382ms
[229.208s][info][gc,phases,start] GC(910) Compaction Phase
[229.229s][info][gc,phases      ] GC(910) Compaction Phase 20.753ms
[229.229s][info][gc,phases,start] GC(910) Post Compact
[229.231s][info][gc,phases      ] GC(910) Post Compact 2.281ms
[229.231s][info][gc,heap        ] GC(910) PSYoungGen: 58879K(116736K)->54670K(116736K) Eden: 58879K(58880K)->54670K(58880K) From: 0K(57856K)->0K(57856K)
[229.231s][info][gc,heap        ] GC(910) ParOldGen: 346253K(349696K)->346235K(349696K)
[229.231s][info][gc,metaspace   ] GC(910) Metaspace: 119382K(124864K)->119382K(124864K) NonClass: 101352K(104256K)->101352K(104256K) Class: 18030K(20608K)->18030K(20608K)
[229.231s][info][gc             ] GC(910) Pause Full (Ergonomics) 395M->391M(455M) 59.596ms
[229.231s][info][gc,cpu         ] GC(910) User=0.33s Sys=0.00s Real=0.05s
[229.233s][info][gc,start       ] GC(911) Pause Full (Ergonomics)
[229.233s][info][gc,phases,start] GC(911) Marking Phase
[229.255s][info][gc,phases      ] GC(911) Marking Phase 21.534ms
[229.255s][info][gc,phases,start] GC(911) Summary Phase
[229.255s][info][gc,phases      ] GC(911) Summary Phase 0.019ms
[229.255s][info][gc,phases,start] GC(911) Adjust Roots
[229.257s][info][gc,phases      ] GC(911) Adjust Roots 2.441ms
[229.257s][info][gc,phases,start] GC(911) Compaction Phase
[229.276s][info][gc,phases      ] GC(911) Compaction Phase 18.700ms
[229.276s][info][gc,phases,start] GC(911) Post Compact
[229.279s][info][gc,phases      ] GC(911) Post Compact 2.630ms
[229.279s][info][gc,heap        ] GC(911) PSYoungGen: 58879K(116736K)->54585K(116736K) Eden: 58879K(58880K)->54585K(58880K) From: 0K(57856K)->0K(57856K)
[229.279s][info][gc,heap        ] GC(911) ParOldGen: 346235K(349696K)->346235K(349696K)
[229.279s][info][gc,metaspace   ] GC(911) Metaspace: 119388K(124864K)->119388K(124864K) NonClass: 101356K(104256K)->101356K(104256K) Class: 18032K(20608K)->18032K(20608K)
[229.279s][info][gc             ] GC(911) Pause Full (Ergonomics) 395M->391M(455M) 45.714ms
[229.279s][info][gc,cpu         ] GC(911) User=0.47s Sys=0.00s Real=0.05s
[229.281s][info][gc,start       ] GC(912) Pause Full (Ergonomics)
[229.281s][info][gc,phases,start] GC(912) Marking Phase
[229.307s][info][gc,phases      ] GC(912) Marking Phase 25.662ms
[229.307s][info][gc,phases,start] GC(912) Summary Phase
[229.307s][info][gc,phases      ] GC(912) Summary Phase 0.044ms
[229.307s][info][gc,phases,start] GC(912) Adjust Roots
[229.310s][info][gc,phases      ] GC(912) Adjust Roots 2.704ms
[229.310s][info][gc,phases,start] GC(912) Compaction Phase
[229.330s][info][gc,phases      ] GC(912) Compaction Phase 20.226ms
[229.330s][info][gc,phases,start] GC(912) Post Compact
[229.333s][info][gc,phases      ] GC(912) Post Compact 2.633ms
[229.333s][info][gc,heap        ] GC(912) PSYoungGen: 58879K(116736K)->54741K(116736K) Eden: 58879K(58880K)->54741K(58880K) From: 0K(57856K)->0K(57856K)
[229.333s][info][gc,heap        ] GC(912) ParOldGen: 346235K(349696K)->346235K(349696K)
[229.333s][info][gc,metaspace   ] GC(912) Metaspace: 119402K(124864K)->119402K(124864K) NonClass: 101366K(104256K)->101366K(104256K) Class: 18036K(20608K)->18036K(20608K)
[229.333s][info][gc             ] GC(912) Pause Full (Ergonomics) 395M->391M(455M) 51.693ms
[229.333s][info][gc,cpu         ] GC(912) User=0.47s Sys=0.00s Real=0.05s
[229.335s][info][gc,start       ] GC(913) Pause Full (Ergonomics)
[229.335s][info][gc,phases,start] GC(913) Marking Phase
[229.377s][info][gc,phases      ] GC(913) Marking Phase 42.672ms
[229.377s][info][gc,phases,start] GC(913) Summary Phase
[229.378s][info][gc,phases      ] GC(913) Summary Phase 0.022ms
[229.378s][info][gc,phases,start] GC(913) Adjust Roots
[229.381s][info][gc,phases      ] GC(913) Adjust Roots 3.442ms
[229.381s][info][gc,phases,start] GC(913) Compaction Phase
[229.393s][info][gc,phases      ] GC(913) Compaction Phase 11.731ms
[229.393s][info][gc,phases,start] GC(913) Post Compact
[229.395s][info][gc,phases      ] GC(913) Post Compact 2.116ms
[229.395s][info][gc,heap        ] GC(913) PSYoungGen: 58880K(116736K)->54934K(116736K) Eden: 58880K(58880K)->54934K(58880K) From: 0K(57856K)->0K(57856K)
[229.395s][info][gc,heap        ] GC(913) ParOldGen: 346235K(349696K)->346235K(349696K)
[229.395s][info][gc,metaspace   ] GC(913) Metaspace: 119414K(124864K)->119411K(124864K) NonClass: 101376K(104256K)->101374K(104256K) Class: 18038K(20608K)->18037K(20608K)
[229.395s][info][gc             ] GC(913) Pause Full (Ergonomics) 395M->391M(455M) 60.243ms
[229.395s][info][gc,cpu         ] GC(913) User=0.19s Sys=0.00s Real=0.05s
[229.397s][info][gc,start       ] GC(914) Pause Full (Ergonomics)
[229.397s][info][gc,phases,start] GC(914) Marking Phase
[229.430s][info][gc,phases      ] GC(914) Marking Phase 32.963ms
[229.430s][info][gc,phases,start] GC(914) Summary Phase
[229.430s][info][gc,phases      ] GC(914) Summary Phase 0.019ms
[229.430s][info][gc,phases,start] GC(914) Adjust Roots
[229.433s][info][gc,phases      ] GC(914) Adjust Roots 2.419ms
[229.433s][info][gc,phases,start] GC(914) Compaction Phase
[229.454s][info][gc,phases      ] GC(914) Compaction Phase 21.180ms
[229.454s][info][gc,phases,start] GC(914) Post Compact
[229.456s][info][gc,phases      ] GC(914) Post Compact 2.050ms
[229.456s][info][gc,heap        ] GC(914) PSYoungGen: 58879K(116736K)->54960K(116736K) Eden: 58879K(58880K)->54960K(58880K) From: 0K(57856K)->0K(57856K)
[229.456s][info][gc,heap        ] GC(914) ParOldGen: 346235K(349696K)->346235K(349696K)
[229.456s][info][gc,metaspace   ] GC(914) Metaspace: 119427K(124864K)->119427K(124864K) NonClass: 101387K(104256K)->101387K(104256K) Class: 18040K(20608K)->18040K(20608K)
[229.456s][info][gc             ] GC(914) Pause Full (Ergonomics) 395M->391M(455M) 58.923ms
[229.456s][info][gc,cpu         ] GC(914) User=0.41s Sys=0.00s Real=0.05s
[229.458s][info][gc,start       ] GC(915) Pause Full (Ergonomics)
[229.458s][info][gc,phases,start] GC(915) Marking Phase
[229.481s][info][gc,phases      ] GC(915) Marking Phase 22.573ms
[229.481s][info][gc,phases,start] GC(915) Summary Phase
[229.481s][info][gc,phases      ] GC(915) Summary Phase 0.019ms
[229.481s][info][gc,phases,start] GC(915) Adjust Roots
[229.483s][info][gc,phases      ] GC(915) Adjust Roots 2.328ms
[229.483s][info][gc,phases,start] GC(915) Compaction Phase
[229.505s][info][gc,phases      ] GC(915) Compaction Phase 21.469ms
[229.505s][info][gc,phases,start] GC(915) Post Compact
[229.507s][info][gc,phases      ] GC(915) Post Compact 2.636ms
[229.507s][info][gc,heap        ] GC(915) PSYoungGen: 58880K(116736K)->55264K(116736K) Eden: 58880K(58880K)->55264K(58880K) From: 0K(57856K)->0K(57856K)
[229.507s][info][gc,heap        ] GC(915) ParOldGen: 346235K(349696K)->346138K(349696K)
[229.507s][info][gc,metaspace   ] GC(915) Metaspace: 119442K(124864K)->119442K(124864K) NonClass: 101398K(104256K)->101398K(104256K) Class: 18043K(20608K)->18043K(20608K)
[229.507s][info][gc             ] GC(915) Pause Full (Ergonomics) 395M->391M(455M) 49.456ms
[229.508s][info][gc,cpu         ] GC(915) User=0.53s Sys=0.00s Real=0.06s
[229.509s][info][gc,start       ] GC(916) Pause Full (Ergonomics)
[229.509s][info][gc,phases,start] GC(916) Marking Phase
[229.535s][info][gc,phases      ] GC(916) Marking Phase 25.983ms
[229.535s][info][gc,phases,start] GC(916) Summary Phase
[229.535s][info][gc,phases      ] GC(916) Summary Phase 0.023ms
[229.535s][info][gc,phases,start] GC(916) Adjust Roots
[229.538s][info][gc,phases      ] GC(916) Adjust Roots 2.398ms
[229.538s][info][gc,phases,start] GC(916) Compaction Phase
[229.558s][info][gc,phases      ] GC(916) Compaction Phase 20.539ms
[229.558s][info][gc,phases,start] GC(916) Post Compact
[229.560s][info][gc,phases      ] GC(916) Post Compact 2.135ms
[229.560s][info][gc,heap        ] GC(916) PSYoungGen: 58880K(116736K)->55440K(116736K) Eden: 58880K(58880K)->55440K(58880K) From: 0K(57856K)->0K(57856K)
[229.560s][info][gc,heap        ] GC(916) ParOldGen: 346138K(349696K)->346137K(349696K)
[229.560s][info][gc,metaspace   ] GC(916) Metaspace: 119451K(124928K)->119451K(124928K) NonClass: 101406K(104320K)->101406K(104320K) Class: 18045K(20608K)->18045K(20608K)
[229.560s][info][gc             ] GC(916) Pause Full (Ergonomics) 395M->392M(455M) 51.348ms
[229.561s][info][gc,cpu         ] GC(916) User=0.33s Sys=0.00s Real=0.05s
[229.562s][info][gc,start       ] GC(917) Pause Full (Ergonomics)
[229.562s][info][gc,phases,start] GC(917) Marking Phase
[229.584s][info][gc,phases      ] GC(917) Marking Phase 22.349ms
[229.584s][info][gc,phases,start] GC(917) Summary Phase
[229.584s][info][gc,phases      ] GC(917) Summary Phase 0.018ms
[229.584s][info][gc,phases,start] GC(917) Adjust Roots
[229.587s][info][gc,phases      ] GC(917) Adjust Roots 2.108ms
[229.587s][info][gc,phases,start] GC(917) Compaction Phase
[229.594s][info][gc,phases      ] GC(917) Compaction Phase 7.823ms
[229.594s][info][gc,phases,start] GC(917) Post Compact
[229.597s][info][gc,phases      ] GC(917) Post Compact 2.098ms
[229.597s][info][gc,heap        ] GC(917) PSYoungGen: 58880K(116736K)->55517K(116736K) Eden: 58880K(58880K)->55517K(58880K) From: 0K(57856K)->0K(57856K)
[229.597s][info][gc,heap        ] GC(917) ParOldGen: 346137K(349696K)->346137K(349696K)
[229.597s][info][gc,metaspace   ] GC(917) Metaspace: 119456K(124928K)->119456K(124928K) NonClass: 101409K(104320K)->101409K(104320K) Class: 18046K(20608K)->18046K(20608K)
[229.597s][info][gc             ] GC(917) Pause Full (Ergonomics) 395M->392M(455M) 34.657ms
[229.597s][info][gc,cpu         ] GC(917) User=0.17s Sys=0.00s Real=0.03s
[229.598s][info][gc,start       ] GC(918) Pause Full (Ergonomics)
[229.598s][info][gc,phases,start] GC(918) Marking Phase
[229.622s][info][gc,phases      ] GC(918) Marking Phase 24.289ms
[229.622s][info][gc,phases,start] GC(918) Summary Phase
[229.622s][info][gc,phases      ] GC(918) Summary Phase 0.017ms
[229.622s][info][gc,phases,start] GC(918) Adjust Roots
[229.625s][info][gc,phases      ] GC(918) Adjust Roots 2.099ms
[229.625s][info][gc,phases,start] GC(918) Compaction Phase
[229.639s][info][gc,phases      ] GC(918) Compaction Phase 14.280ms
[229.639s][info][gc,phases,start] GC(918) Post Compact
[229.641s][info][gc,phases      ] GC(918) Post Compact 2.195ms
[229.641s][info][gc,heap        ] GC(918) PSYoungGen: 58880K(116736K)->55758K(116736K) Eden: 58880K(58880K)->55758K(58880K) From: 0K(57856K)->0K(57856K)
[229.641s][info][gc,heap        ] GC(918) ParOldGen: 346137K(349696K)->346137K(349696K)
[229.641s][info][gc,metaspace   ] GC(918) Metaspace: 119460K(124928K)->119460K(124928K) NonClass: 101413K(104320K)->101413K(104320K) Class: 18047K(20608K)->18047K(20608K)
[229.641s][info][gc             ] GC(918) Pause Full (Ergonomics) 395M->392M(455M) 43.144ms
[229.641s][info][gc,cpu         ] GC(918) User=0.42s Sys=0.00s Real=0.05s
[229.643s][info][gc,start       ] GC(919) Pause Full (Ergonomics)
[229.643s][info][gc,phases,start] GC(919) Marking Phase
[229.672s][info][gc,phases      ] GC(919) Marking Phase 28.688ms
[229.672s][info][gc,phases,start] GC(919) Summary Phase
[229.672s][info][gc,phases      ] GC(919) Summary Phase 0.019ms
[229.672s][info][gc,phases,start] GC(919) Adjust Roots
[229.674s][info][gc,phases      ] GC(919) Adjust Roots 2.478ms
[229.674s][info][gc,phases,start] GC(919) Compaction Phase
[229.694s][info][gc,phases      ] GC(919) Compaction Phase 19.275ms
[229.694s][info][gc,phases,start] GC(919) Post Compact
[229.696s][info][gc,phases      ] GC(919) Post Compact 2.278ms
[229.696s][info][gc,heap        ] GC(919) PSYoungGen: 58880K(116736K)->55728K(116736K) Eden: 58880K(58880K)->55728K(58880K) From: 0K(57856K)->0K(57856K)
[229.696s][info][gc,heap        ] GC(919) ParOldGen: 346137K(349696K)->346137K(349696K)
[229.696s][info][gc,metaspace   ] GC(919) Metaspace: 119474K(124928K)->119474K(124928K) NonClass: 101425K(104320K)->101425K(104320K) Class: 18048K(20608K)->18048K(20608K)
[229.696s][info][gc             ] GC(919) Pause Full (Ergonomics) 395M->392M(455M) 53.056ms
[229.696s][info][gc,cpu         ] GC(919) User=0.33s Sys=0.00s Real=0.05s
[229.697s][info][gc,start       ] GC(920) Pause Full (Ergonomics)
[229.697s][info][gc,phases,start] GC(920) Marking Phase
[229.720s][info][gc,phases      ] GC(920) Marking Phase 22.993ms
[229.720s][info][gc,phases,start] GC(920) Summary Phase
[229.720s][info][gc,phases      ] GC(920) Summary Phase 0.020ms
[229.720s][info][gc,phases,start] GC(920) Adjust Roots
[229.723s][info][gc,phases      ] GC(920) Adjust Roots 2.126ms
[229.723s][info][gc,phases,start] GC(920) Compaction Phase
[229.730s][info][gc,phases      ] GC(920) Compaction Phase 7.560ms
[229.730s][info][gc,phases,start] GC(920) Post Compact
[229.733s][info][gc,phases      ] GC(920) Post Compact 2.482ms
[229.733s][info][gc,heap        ] GC(920) PSYoungGen: 58879K(116736K)->55711K(116736K) Eden: 58879K(58880K)->55711K(58880K) From: 0K(57856K)->0K(57856K)
[229.733s][info][gc,heap        ] GC(920) ParOldGen: 346137K(349696K)->346137K(349696K)
[229.733s][info][gc,metaspace   ] GC(920) Metaspace: 119475K(124928K)->119475K(124928K) NonClass: 101427K(104320K)->101427K(104320K) Class: 18048K(20608K)->18048K(20608K)
[229.733s][info][gc             ] GC(920) Pause Full (Ergonomics) 395M->392M(455M) 35.554ms
[229.733s][info][gc,cpu         ] GC(920) User=0.17s Sys=0.00s Real=0.03s
[229.734s][info][gc,start       ] GC(921) Pause Full (Ergonomics)
[229.734s][info][gc,phases,start] GC(921) Marking Phase
[229.758s][info][gc,phases      ] GC(921) Marking Phase 24.078ms
[229.758s][info][gc,phases,start] GC(921) Summary Phase
[229.758s][info][gc,phases      ] GC(921) Summary Phase 0.019ms
[229.758s][info][gc,phases,start] GC(921) Adjust Roots
[229.761s][info][gc,phases      ] GC(921) Adjust Roots 2.341ms
[229.761s][info][gc,phases,start] GC(921) Compaction Phase
[229.777s][info][gc,phases      ] GC(921) Compaction Phase 16.378ms
[229.777s][info][gc,phases,start] GC(921) Post Compact
[229.779s][info][gc,phases      ] GC(921) Post Compact 2.414ms
[229.780s][info][gc,heap        ] GC(921) PSYoungGen: 58879K(116736K)->55915K(116736K) Eden: 58879K(58880K)->55915K(58880K) From: 0K(57856K)->0K(57856K)
[229.780s][info][gc,heap        ] GC(921) ParOldGen: 346137K(349696K)->346137K(349696K)
[229.780s][info][gc,metaspace   ] GC(921) Metaspace: 119477K(124928K)->119477K(124928K) NonClass: 101429K(104320K)->101429K(104320K) Class: 18048K(20608K)->18048K(20608K)
[229.780s][info][gc             ] GC(921) Pause Full (Ergonomics) 395M->392M(455M) 45.628ms
[229.780s][info][gc,cpu         ] GC(921) User=0.25s Sys=0.00s Real=0.05s
[229.782s][info][gc,start       ] GC(922) Pause Full (Ergonomics)
[229.782s][info][gc,phases,start] GC(922) Marking Phase
[229.823s][info][gc,phases      ] GC(922) Marking Phase 40.790ms
[229.823s][info][gc,phases,start] GC(922) Summary Phase
[229.823s][info][gc,phases      ] GC(922) Summary Phase 0.042ms
[229.823s][info][gc,phases,start] GC(922) Adjust Roots
[229.826s][info][gc,phases      ] GC(922) Adjust Roots 3.353ms
[229.826s][info][gc,phases,start] GC(922) Compaction Phase
[229.849s][info][gc,phases      ] GC(922) Compaction Phase 23.322ms
[229.849s][info][gc,phases,start] GC(922) Post Compact
[229.852s][info][gc,phases      ] GC(922) Post Compact 2.661ms
[229.852s][info][gc,heap        ] GC(922) PSYoungGen: 58880K(116736K)->55905K(116736K) Eden: 58880K(58880K)->55905K(58880K) From: 0K(57856K)->0K(57856K)
[229.852s][info][gc,heap        ] GC(922) ParOldGen: 346137K(349696K)->346135K(349696K)
[229.852s][info][gc,metaspace   ] GC(922) Metaspace: 119482K(124928K)->119481K(124928K) NonClass: 101432K(104320K)->101431K(104320K) Class: 18050K(20608K)->18049K(20608K)
[229.852s][info][gc             ] GC(922) Pause Full (Ergonomics) 395M->392M(455M) 70.610ms
[229.852s][info][gc,cpu         ] GC(922) User=0.47s Sys=0.00s Real=0.06s
[229.854s][info][gc,start       ] GC(923) Pause Full (Ergonomics)
[229.854s][info][gc,phases,start] GC(923) Marking Phase
[229.889s][info][gc,phases      ] GC(923) Marking Phase 34.972ms
[229.889s][info][gc,phases,start] GC(923) Summary Phase
[229.889s][info][gc,phases      ] GC(923) Summary Phase 0.019ms
[229.889s][info][gc,phases,start] GC(923) Adjust Roots
[229.892s][info][gc,phases      ] GC(923) Adjust Roots 3.555ms
[229.892s][info][gc,phases,start] GC(923) Compaction Phase
[229.916s][info][gc,phases      ] GC(923) Compaction Phase 23.710ms
[229.916s][info][gc,phases,start] GC(923) Post Compact
[229.918s][info][gc,phases      ] GC(923) Post Compact 2.075ms
[229.918s][info][gc,heap        ] GC(923) PSYoungGen: 58879K(116736K)->55900K(116736K) Eden: 58879K(58880K)->55900K(58880K) From: 0K(57856K)->0K(57856K)
[229.918s][info][gc,heap        ] GC(923) ParOldGen: 346135K(349696K)->346134K(349696K)
[229.918s][info][gc,metaspace   ] GC(923) Metaspace: 119483K(124928K)->119481K(124928K) NonClass: 101433K(104320K)->101432K(104320K) Class: 18050K(20608K)->18049K(20608K)
[229.918s][info][gc             ] GC(923) Pause Full (Ergonomics) 395M->392M(455M) 64.662ms
[229.918s][info][gc,cpu         ] GC(923) User=0.48s Sys=0.00s Real=0.06s
[229.920s][info][gc,start       ] GC(924) Pause Full (Ergonomics)
[229.920s][info][gc,phases,start] GC(924) Marking Phase
[229.942s][info][gc,phases      ] GC(924) Marking Phase 21.909ms
[229.942s][info][gc,phases,start] GC(924) Summary Phase
[229.942s][info][gc,phases      ] GC(924) Summary Phase 0.017ms
[229.942s][info][gc,phases,start] GC(924) Adjust Roots
[229.944s][info][gc,phases      ] GC(924) Adjust Roots 2.106ms
[229.944s][info][gc,phases,start] GC(924) Compaction Phase
[229.951s][info][gc,phases      ] GC(924) Compaction Phase 7.236ms
[229.951s][info][gc,phases,start] GC(924) Post Compact
[229.953s][info][gc,phases      ] GC(924) Post Compact 2.221ms
[229.953s][info][gc,heap        ] GC(924) PSYoungGen: 58879K(116736K)->56283K(116736K) Eden: 58879K(58880K)->56283K(58880K) From: 0K(57856K)->0K(57856K)
[229.953s][info][gc,heap        ] GC(924) ParOldGen: 346134K(349696K)->346134K(349696K)
[229.953s][info][gc,metaspace   ] GC(924) Metaspace: 119487K(124928K)->119487K(124928K) NonClass: 101435K(104320K)->101435K(104320K) Class: 18051K(20608K)->18051K(20608K)
[229.953s][info][gc             ] GC(924) Pause Full (Ergonomics) 395M->392M(455M) 33.803ms
[229.953s][info][gc,cpu         ] GC(924) User=0.22s Sys=0.00s Real=0.03s
[229.955s][info][gc,start       ] GC(925) Pause Full (Ergonomics)
[229.955s][info][gc,phases,start] GC(925) Marking Phase
[229.986s][info][gc,phases      ] GC(925) Marking Phase 31.438ms
[229.986s][info][gc,phases,start] GC(925) Summary Phase
[229.986s][info][gc,phases      ] GC(925) Summary Phase 0.020ms
[229.986s][info][gc,phases,start] GC(925) Adjust Roots
[229.990s][info][gc,phases      ] GC(925) Adjust Roots 3.333ms
[229.990s][info][gc,phases,start] GC(925) Compaction Phase
[230.004s][info][gc,phases      ] GC(925) Compaction Phase 13.862ms
[230.004s][info][gc,phases,start] GC(925) Post Compact
[230.006s][info][gc,phases      ] GC(925) Post Compact 2.558ms
[230.006s][info][gc,heap        ] GC(925) PSYoungGen: 58880K(116736K)->56333K(116736K) Eden: 58880K(58880K)->56333K(58880K) From: 0K(57856K)->0K(57856K)
[230.006s][info][gc,heap        ] GC(925) ParOldGen: 346134K(349696K)->346134K(349696K)
[230.006s][info][gc,metaspace   ] GC(925) Metaspace: 119498K(124928K)->119498K(124928K) NonClass: 101444K(104320K)->101444K(104320K) Class: 18054K(20608K)->18054K(20608K)
[230.006s][info][gc             ] GC(925) Pause Full (Ergonomics) 395M->393M(455M) 51.602ms
[230.006s][info][gc,cpu         ] GC(925) User=0.38s Sys=0.00s Real=0.05s
[230.008s][info][gc,start       ] GC(926) Pause Full (Ergonomics)
[230.008s][info][gc,phases,start] GC(926) Marking Phase
[230.036s][info][gc,phases      ] GC(926) Marking Phase 27.735ms
[230.036s][info][gc,phases,start] GC(926) Summary Phase
[230.036s][info][gc,phases      ] GC(926) Summary Phase 0.019ms
[230.036s][info][gc,phases,start] GC(926) Adjust Roots
[230.038s][info][gc,phases      ] GC(926) Adjust Roots 2.172ms
[230.038s][info][gc,phases,start] GC(926) Compaction Phase
[230.056s][info][gc,phases      ] GC(926) Compaction Phase 18.135ms
[230.056s][info][gc,phases,start] GC(926) Post Compact
[230.059s][info][gc,phases      ] GC(926) Post Compact 2.473ms
[230.059s][info][gc,heap        ] GC(926) PSYoungGen: 58879K(116736K)->56334K(116736K) Eden: 58879K(58880K)->56334K(58880K) From: 0K(57856K)->0K(57856K)
[230.059s][info][gc,heap        ] GC(926) ParOldGen: 346134K(349696K)->346134K(349696K)
[230.059s][info][gc,metaspace   ] GC(926) Metaspace: 119499K(124928K)->119499K(124928K) NonClass: 101445K(104320K)->101445K(104320K) Class: 18054K(20608K)->18054K(20608K)
[230.059s][info][gc             ] GC(926) Pause Full (Ergonomics) 395M->393M(455M) 50.916ms
[230.059s][info][gc,cpu         ] GC(926) User=0.47s Sys=0.00s Real=0.05s
[230.060s][info][gc,start       ] GC(927) Pause Full (Ergonomics)
[230.060s][info][gc,phases,start] GC(927) Marking Phase
[230.086s][info][gc,phases      ] GC(927) Marking Phase 26.117ms
[230.086s][info][gc,phases,start] GC(927) Summary Phase
[230.086s][info][gc,phases      ] GC(927) Summary Phase 0.044ms
[230.086s][info][gc,phases,start] GC(927) Adjust Roots
[230.088s][info][gc,phases      ] GC(927) Adjust Roots 2.146ms
[230.088s][info][gc,phases,start] GC(927) Compaction Phase
[230.097s][info][gc,phases      ] GC(927) Compaction Phase 8.153ms
[230.097s][info][gc,phases,start] GC(927) Post Compact
[230.099s][info][gc,phases      ] GC(927) Post Compact 2.505ms
[230.099s][info][gc,heap        ] GC(927) PSYoungGen: 58880K(116736K)->56364K(116736K) Eden: 58880K(58880K)->56364K(58880K) From: 0K(57856K)->0K(57856K)
[230.099s][info][gc,heap        ] GC(927) ParOldGen: 346134K(349696K)->346134K(349696K)
[230.099s][info][gc,metaspace   ] GC(927) Metaspace: 119501K(124928K)->119501K(124928K) NonClass: 101446K(104320K)->101446K(104320K) Class: 18054K(20608K)->18054K(20608K)
[230.099s][info][gc             ] GC(927) Pause Full (Ergonomics) 395M->393M(455M) 39.364ms
[230.099s][info][gc,cpu         ] GC(927) User=0.27s Sys=0.00s Real=0.03s
[230.101s][info][gc,start       ] GC(928) Pause Full (Ergonomics)
[230.101s][info][gc,phases,start] GC(928) Marking Phase
[230.127s][info][gc,phases      ] GC(928) Marking Phase 26.601ms
[230.127s][info][gc,phases,start] GC(928) Summary Phase
[230.127s][info][gc,phases      ] GC(928) Summary Phase 0.041ms
[230.127s][info][gc,phases,start] GC(928) Adjust Roots
[230.129s][info][gc,phases      ] GC(928) Adjust Roots 2.145ms
[230.130s][info][gc,phases,start] GC(928) Compaction Phase
[230.137s][info][gc,phases      ] GC(928) Compaction Phase 7.886ms
[230.137s][info][gc,phases,start] GC(928) Post Compact
[230.140s][info][gc,phases      ] GC(928) Post Compact 2.093ms
[230.140s][info][gc,heap        ] GC(928) PSYoungGen: 58880K(116736K)->56365K(116736K) Eden: 58880K(58880K)->56365K(58880K) From: 0K(57856K)->0K(57856K)
[230.140s][info][gc,heap        ] GC(928) ParOldGen: 346134K(349696K)->346134K(349696K)
[230.140s][info][gc,metaspace   ] GC(928) Metaspace: 119502K(124928K)->119502K(124928K) NonClass: 101447K(104320K)->101447K(104320K) Class: 18054K(20608K)->18054K(20608K)
[230.140s][info][gc             ] GC(928) Pause Full (Ergonomics) 395M->393M(455M) 39.112ms
[230.140s][info][gc,cpu         ] GC(928) User=0.28s Sys=0.00s Real=0.03s
[230.141s][info][gc,start       ] GC(929) Pause Full (Ergonomics)
[230.141s][info][gc,phases,start] GC(929) Marking Phase
[230.170s][info][gc,phases      ] GC(929) Marking Phase 28.744ms
[230.170s][info][gc,phases,start] GC(929) Summary Phase
[230.170s][info][gc,phases      ] GC(929) Summary Phase 0.044ms
[230.170s][info][gc,phases,start] GC(929) Adjust Roots
[230.173s][info][gc,phases      ] GC(929) Adjust Roots 2.807ms
[230.173s][info][gc,phases,start] GC(929) Compaction Phase
[230.193s][info][gc,phases      ] GC(929) Compaction Phase 19.973ms
[230.193s][info][gc,phases,start] GC(929) Post Compact
[230.195s][info][gc,phases      ] GC(929) Post Compact 2.067ms
[230.195s][info][gc,heap        ] GC(929) PSYoungGen: 58879K(116736K)->56371K(116736K) Eden: 58879K(58880K)->56371K(58880K) From: 0K(57856K)->0K(57856K)
[230.195s][info][gc,heap        ] GC(929) ParOldGen: 346134K(349696K)->346134K(349696K)
[230.195s][info][gc,metaspace   ] GC(929) Metaspace: 119505K(124928K)->119505K(124928K) NonClass: 101449K(104320K)->101449K(104320K) Class: 18055K(20608K)->18055K(20608K)
[230.195s][info][gc             ] GC(929) Pause Full (Ergonomics) 395M->393M(455M) 53.949ms
[230.195s][info][gc,cpu         ] GC(929) User=0.34s Sys=0.00s Real=0.06s
[230.196s][info][gc,start       ] GC(930) Pause Full (Ergonomics)
[230.196s][info][gc,phases,start] GC(930) Marking Phase
[230.221s][info][gc,phases      ] GC(930) Marking Phase 24.468ms
[230.221s][info][gc,phases,start] GC(930) Summary Phase
[230.221s][info][gc,phases      ] GC(930) Summary Phase 0.046ms
[230.221s][info][gc,phases,start] GC(930) Adjust Roots
[230.223s][info][gc,phases      ] GC(930) Adjust Roots 2.604ms
[230.223s][info][gc,phases,start] GC(930) Compaction Phase
[230.232s][info][gc,phases      ] GC(930) Compaction Phase 8.271ms
[230.232s][info][gc,phases,start] GC(930) Post Compact
[230.234s][info][gc,phases      ] GC(930) Post Compact 2.509ms
[230.234s][info][gc,heap        ] GC(930) PSYoungGen: 58880K(116736K)->56391K(116736K) Eden: 58880K(58880K)->56391K(58880K) From: 0K(57856K)->0K(57856K)
[230.234s][info][gc,heap        ] GC(930) ParOldGen: 346134K(349696K)->346134K(349696K)
[230.234s][info][gc,metaspace   ] GC(930) Metaspace: 119510K(124928K)->119510K(124928K) NonClass: 101454K(104320K)->101454K(104320K) Class: 18056K(20608K)->18056K(20608K)
[230.234s][info][gc             ] GC(930) Pause Full (Ergonomics) 395M->393M(455M) 38.324ms
[230.234s][info][gc,cpu         ] GC(930) User=0.30s Sys=0.00s Real=0.03s
[230.235s][info][gc,start       ] GC(931) Pause Full (Ergonomics)
[230.236s][info][gc,phases,start] GC(931) Marking Phase
[230.262s][info][gc,phases      ] GC(931) Marking Phase 26.456ms
[230.262s][info][gc,phases,start] GC(931) Summary Phase
[230.262s][info][gc,phases      ] GC(931) Summary Phase 0.021ms
[230.262s][info][gc,phases,start] GC(931) Adjust Roots
[230.264s][info][gc,phases      ] GC(931) Adjust Roots 2.240ms
[230.264s][info][gc,phases,start] GC(931) Compaction Phase
[230.271s][info][gc,phases      ] GC(931) Compaction Phase 6.747ms
[230.271s][info][gc,phases,start] GC(931) Post Compact
[230.273s][info][gc,phases      ] GC(931) Post Compact 2.099ms
[230.273s][info][gc,heap        ] GC(931) PSYoungGen: 58880K(116736K)->56561K(116736K) Eden: 58880K(58880K)->56561K(58880K) From: 0K(57856K)->0K(57856K)
[230.273s][info][gc,heap        ] GC(931) ParOldGen: 346134K(349696K)->346134K(349696K)
[230.273s][info][gc,metaspace   ] GC(931) Metaspace: 119511K(124928K)->119511K(124928K) NonClass: 101455K(104320K)->101455K(104320K) Class: 18056K(20608K)->18056K(20608K)
[230.273s][info][gc             ] GC(931) Pause Full (Ergonomics) 395M->393M(455M) 37.818ms
[230.273s][info][gc,cpu         ] GC(931) User=0.33s Sys=0.00s Real=0.05s
[230.275s][info][gc,start       ] GC(932) Pause Full (Ergonomics)
[230.275s][info][gc,phases,start] GC(932) Marking Phase
[230.299s][info][gc,phases      ] GC(932) Marking Phase 24.496ms
[230.299s][info][gc,phases,start] GC(932) Summary Phase
[230.299s][info][gc,phases      ] GC(932) Summary Phase 0.020ms
[230.299s][info][gc,phases,start] GC(932) Adjust Roots
[230.302s][info][gc,phases      ] GC(932) Adjust Roots 2.156ms
[230.302s][info][gc,phases,start] GC(932) Compaction Phase
[230.313s][info][gc,phases      ] GC(932) Compaction Phase 11.088ms
[230.313s][info][gc,phases,start] GC(932) Post Compact
[230.315s][info][gc,phases      ] GC(932) Post Compact 1.972ms
[230.315s][info][gc,heap        ] GC(932) PSYoungGen: 58880K(116736K)->56545K(116736K) Eden: 58880K(58880K)->56545K(58880K) From: 0K(57856K)->0K(57856K)
[230.315s][info][gc,heap        ] GC(932) ParOldGen: 346134K(349696K)->346134K(349696K)
[230.315s][info][gc,metaspace   ] GC(932) Metaspace: 119514K(124928K)->119514K(124928K) NonClass: 101457K(104320K)->101457K(104320K) Class: 18057K(20608K)->18057K(20608K)
[230.315s][info][gc             ] GC(932) Pause Full (Ergonomics) 395M->393M(455M) 40.012ms
[230.315s][info][gc,cpu         ] GC(932) User=0.30s Sys=0.00s Real=0.03s
[230.316s][info][gc,start       ] GC(933) Pause Full (Ergonomics)
[230.316s][info][gc,phases,start] GC(933) Marking Phase
[230.361s][info][gc,phases      ] GC(933) Marking Phase 45.548ms
[230.362s][info][gc,phases,start] GC(933) Summary Phase
[230.362s][info][gc,phases      ] GC(933) Summary Phase 0.025ms
[230.362s][info][gc,phases,start] GC(933) Adjust Roots
[230.365s][info][gc,phases      ] GC(933) Adjust Roots 3.255ms
[230.365s][info][gc,phases,start] GC(933) Compaction Phase
[230.379s][info][gc,phases      ] GC(933) Compaction Phase 14.551ms
[230.379s][info][gc,phases,start] GC(933) Post Compact
[230.381s][info][gc,phases      ] GC(933) Post Compact 2.050ms
[230.381s][info][gc,heap        ] GC(933) PSYoungGen: 58879K(116736K)->56506K(116736K) Eden: 58879K(58880K)->56506K(58880K) From: 0K(57856K)->0K(57856K)
[230.381s][info][gc,heap        ] GC(933) ParOldGen: 346134K(349696K)->346134K(349696K)
[230.382s][info][gc,metaspace   ] GC(933) Metaspace: 119514K(124928K)->119511K(124928K) NonClass: 101457K(104320K)->101454K(104320K) Class: 18057K(20608K)->18056K(20608K)
[230.382s][info][gc             ] GC(933) Pause Full (Ergonomics) 395M->393M(455M) 65.659ms
[230.382s][info][gc,cpu         ] GC(933) User=0.67s Sys=0.13s Real=0.08s
[230.383s][info][gc,start       ] GC(934) Pause Full (Ergonomics)
[230.383s][info][gc,phases,start] GC(934) Marking Phase
[230.413s][info][gc,phases      ] GC(934) Marking Phase 30.060ms
[230.413s][info][gc,phases,start] GC(934) Summary Phase
[230.413s][info][gc,phases      ] GC(934) Summary Phase 0.017ms
[230.413s][info][gc,phases,start] GC(934) Adjust Roots
[230.415s][info][gc,phases      ] GC(934) Adjust Roots 2.087ms
[230.415s][info][gc,phases,start] GC(934) Compaction Phase
[230.432s][info][gc,phases      ] GC(934) Compaction Phase 17.152ms
[230.432s][info][gc,phases,start] GC(934) Post Compact
[230.435s][info][gc,phases      ] GC(934) Post Compact 2.148ms
[230.435s][info][gc,heap        ] GC(934) PSYoungGen: 58880K(116736K)->56498K(116736K) Eden: 58880K(58880K)->56498K(58880K) From: 0K(57856K)->0K(57856K)
[230.435s][info][gc,heap        ] GC(934) ParOldGen: 346134K(349696K)->346134K(349696K)
[230.435s][info][gc,metaspace   ] GC(934) Metaspace: 119515K(124928K)->119515K(124928K) NonClass: 101457K(104320K)->101457K(104320K) Class: 18058K(20608K)->18058K(20608K)
[230.435s][info][gc             ] GC(934) Pause Full (Ergonomics) 395M->393M(455M) 51.753ms
[230.435s][info][gc,cpu         ] GC(934) User=0.19s Sys=0.00s Real=0.05s
[230.436s][info][gc,start       ] GC(935) Pause Full (Ergonomics)
[230.436s][info][gc,phases,start] GC(935) Marking Phase
[230.468s][info][gc,phases      ] GC(935) Marking Phase 32.282ms
[230.468s][info][gc,phases,start] GC(935) Summary Phase
[230.468s][info][gc,phases      ] GC(935) Summary Phase 0.046ms
[230.468s][info][gc,phases,start] GC(935) Adjust Roots
[230.471s][info][gc,phases      ] GC(935) Adjust Roots 2.158ms
[230.471s][info][gc,phases,start] GC(935) Compaction Phase
[230.478s][info][gc,phases      ] GC(935) Compaction Phase 7.778ms
[230.478s][info][gc,phases,start] GC(935) Post Compact
[230.481s][info][gc,phases      ] GC(935) Post Compact 2.515ms
[230.481s][info][gc,heap        ] GC(935) PSYoungGen: 58880K(116736K)->56490K(116736K) Eden: 58880K(58880K)->56490K(58880K) From: 0K(57856K)->0K(57856K)
[230.481s][info][gc,heap        ] GC(935) ParOldGen: 346134K(349696K)->346134K(349696K)
[230.481s][info][gc,metaspace   ] GC(935) Metaspace: 119522K(124928K)->119522K(124928K) NonClass: 101463K(104320K)->101463K(104320K) Class: 18059K(20608K)->18059K(20608K)
[230.481s][info][gc             ] GC(935) Pause Full (Ergonomics) 395M->393M(455M) 45.194ms
[230.481s][info][gc,cpu         ] GC(935) User=0.42s Sys=0.00s Real=0.05s
[230.482s][info][gc,start       ] GC(936) Pause Full (Ergonomics)
[230.482s][info][gc,phases,start] GC(936) Marking Phase
[230.510s][info][gc,phases      ] GC(936) Marking Phase 27.222ms
[230.510s][info][gc,phases,start] GC(936) Summary Phase
[230.510s][info][gc,phases      ] GC(936) Summary Phase 0.020ms
[230.510s][info][gc,phases,start] GC(936) Adjust Roots
[230.512s][info][gc,phases      ] GC(936) Adjust Roots 2.400ms
[230.512s][info][gc,phases,start] GC(936) Compaction Phase
[230.520s][info][gc,phases      ] GC(936) Compaction Phase 8.266ms
[230.520s][info][gc,phases,start] GC(936) Post Compact
[230.522s][info][gc,phases      ] GC(936) Post Compact 2.105ms
[230.523s][info][gc,heap        ] GC(936) PSYoungGen: 58879K(116736K)->56538K(116736K) Eden: 58879K(58880K)->56538K(58880K) From: 0K(57856K)->0K(57856K)
[230.523s][info][gc,heap        ] GC(936) ParOldGen: 346134K(349696K)->346134K(349696K)
[230.523s][info][gc,metaspace   ] GC(936) Metaspace: 119526K(124928K)->119526K(124928K) NonClass: 101466K(104320K)->101466K(104320K) Class: 18060K(20608K)->18060K(20608K)
[230.523s][info][gc             ] GC(936) Pause Full (Ergonomics) 395M->393M(455M) 40.283ms
[230.523s][info][gc,cpu         ] GC(936) User=0.42s Sys=0.02s Real=0.05s
[230.524s][info][gc,start       ] GC(937) Pause Full (Ergonomics)
[230.524s][info][gc,phases,start] GC(937) Marking Phase
[230.549s][info][gc,phases      ] GC(937) Marking Phase 25.376ms
[230.549s][info][gc,phases,start] GC(937) Summary Phase
[230.549s][info][gc,phases      ] GC(937) Summary Phase 0.019ms
[230.549s][info][gc,phases,start] GC(937) Adjust Roots
[230.552s][info][gc,phases      ] GC(937) Adjust Roots 2.107ms
[230.552s][info][gc,phases,start] GC(937) Compaction Phase
[230.560s][info][gc,phases      ] GC(937) Compaction Phase 7.871ms
[230.560s][info][gc,phases,start] GC(937) Post Compact
[230.562s][info][gc,phases      ] GC(937) Post Compact 2.515ms
[230.562s][info][gc,heap        ] GC(937) PSYoungGen: 58880K(116736K)->56527K(116736K) Eden: 58880K(58880K)->56527K(58880K) From: 0K(57856K)->0K(57856K)
[230.562s][info][gc,heap        ] GC(937) ParOldGen: 346134K(349696K)->346134K(349696K)
[230.562s][info][gc,metaspace   ] GC(937) Metaspace: 119530K(124928K)->119530K(124928K) NonClass: 101468K(104320K)->101468K(104320K) Class: 18061K(20608K)->18061K(20608K)
[230.562s][info][gc             ] GC(937) Pause Full (Ergonomics) 395M->393M(455M) 38.291ms
[230.562s][info][gc,cpu         ] GC(937) User=0.16s Sys=0.02s Real=0.03s
[230.564s][info][gc,start       ] GC(938) Pause Full (Ergonomics)
[230.564s][info][gc,phases,start] GC(938) Marking Phase
[230.600s][info][gc,phases      ] GC(938) Marking Phase 36.539ms
[230.600s][info][gc,phases,start] GC(938) Summary Phase
[230.600s][info][gc,phases      ] GC(938) Summary Phase 0.019ms
[230.600s][info][gc,phases,start] GC(938) Adjust Roots
[230.603s][info][gc,phases      ] GC(938) Adjust Roots 2.596ms
[230.603s][info][gc,phases,start] GC(938) Compaction Phase
[230.611s][info][gc,phases      ] GC(938) Compaction Phase 8.178ms
[230.611s][info][gc,phases,start] GC(938) Post Compact
[230.613s][info][gc,phases      ] GC(938) Post Compact 2.110ms
[230.613s][info][gc,heap        ] GC(938) PSYoungGen: 58880K(116736K)->56490K(116736K) Eden: 58880K(58880K)->56490K(58880K) From: 0K(57856K)->0K(57856K)
[230.613s][info][gc,heap        ] GC(938) ParOldGen: 346134K(349696K)->346134K(349696K)
[230.613s][info][gc,metaspace   ] GC(938) Metaspace: 119533K(124928K)->119533K(124928K) NonClass: 101470K(104320K)->101470K(104320K) Class: 18062K(20608K)->18062K(20608K)
[230.613s][info][gc             ] GC(938) Pause Full (Ergonomics) 395M->393M(455M) 49.725ms
[230.613s][info][gc,cpu         ] GC(938) User=0.36s Sys=0.00s Real=0.05s
[230.615s][info][gc,start       ] GC(939) Pause Full (Ergonomics)
[230.615s][info][gc,phases,start] GC(939) Marking Phase
[230.646s][info][gc,phases      ] GC(939) Marking Phase 30.753ms
[230.646s][info][gc,phases,start] GC(939) Summary Phase
[230.646s][info][gc,phases      ] GC(939) Summary Phase 0.019ms
[230.646s][info][gc,phases,start] GC(939) Adjust Roots
[230.648s][info][gc,phases      ] GC(939) Adjust Roots 2.181ms
[230.648s][info][gc,phases,start] GC(939) Compaction Phase
[230.662s][info][gc,phases      ] GC(939) Compaction Phase 13.879ms
[230.662s][info][gc,phases,start] GC(939) Post Compact
[230.664s][info][gc,phases      ] GC(939) Post Compact 2.036ms
[230.664s][info][gc,heap        ] GC(939) PSYoungGen: 58879K(116736K)->56515K(116736K) Eden: 58879K(58880K)->56515K(58880K) From: 0K(57856K)->0K(57856K)
[230.664s][info][gc,heap        ] GC(939) ParOldGen: 346134K(349696K)->346134K(349696K)
[230.664s][info][gc,metaspace   ] GC(939) Metaspace: 119535K(124928K)->119535K(124928K) NonClass: 101472K(104320K)->101472K(104320K) Class: 18062K(20608K)->18062K(20608K)
[230.664s][info][gc             ] GC(939) Pause Full (Ergonomics) 395M->393M(455M) 49.140ms
[230.664s][info][gc,cpu         ] GC(939) User=0.20s Sys=0.00s Real=0.05s
[230.665s][info][gc,start       ] GC(940) Pause Full (Ergonomics)
[230.665s][info][gc,phases,start] GC(940) Marking Phase
[230.692s][info][gc,phases      ] GC(940) Marking Phase 27.573ms
[230.693s][info][gc,phases,start] GC(940) Summary Phase
[230.693s][info][gc,phases      ] GC(940) Summary Phase 0.020ms
[230.693s][info][gc,phases,start] GC(940) Adjust Roots
[230.696s][info][gc,phases      ] GC(940) Adjust Roots 3.109ms
[230.696s][info][gc,phases,start] GC(940) Compaction Phase
[230.711s][info][gc,phases      ] GC(940) Compaction Phase 15.008ms
[230.711s][info][gc,phases,start] GC(940) Post Compact
[230.713s][info][gc,phases      ] GC(940) Post Compact 2.032ms
[230.713s][info][gc,heap        ] GC(940) PSYoungGen: 58879K(116736K)->57086K(116736K) Eden: 58879K(58880K)->57086K(58880K) From: 0K(57856K)->0K(57856K)
[230.713s][info][gc,heap        ] GC(940) ParOldGen: 346134K(349696K)->346134K(349696K)
[230.713s][info][gc,metaspace   ] GC(940) Metaspace: 119536K(124928K)->119536K(124928K) NonClass: 101473K(104320K)->101473K(104320K) Class: 18062K(20608K)->18062K(20608K)
[230.713s][info][gc             ] GC(940) Pause Full (Ergonomics) 395M->393M(455M) 48.038ms
[230.713s][info][gc,cpu         ] GC(940) User=0.20s Sys=0.00s Real=0.05s
[230.714s][info][gc,start       ] GC(941) Pause Full (Ergonomics)
[230.714s][info][gc,phases,start] GC(941) Marking Phase
[230.742s][info][gc,phases      ] GC(941) Marking Phase 27.705ms
[230.742s][info][gc,phases,start] GC(941) Summary Phase
[230.742s][info][gc,phases      ] GC(941) Summary Phase 0.018ms
[230.742s][info][gc,phases,start] GC(941) Adjust Roots
[230.744s][info][gc,phases      ] GC(941) Adjust Roots 2.572ms
[230.744s][info][gc,phases,start] GC(941) Compaction Phase
[230.764s][info][gc,phases      ] GC(941) Compaction Phase 20.039ms
[230.764s][info][gc,phases,start] GC(941) Post Compact
[230.767s][info][gc,phases      ] GC(941) Post Compact 2.474ms
[230.767s][info][gc,heap        ] GC(941) PSYoungGen: 58879K(116736K)->56879K(116736K) Eden: 58879K(58880K)->56879K(58880K) From: 0K(57856K)->0K(57856K)
[230.767s][info][gc,heap        ] GC(941) ParOldGen: 346134K(349696K)->346134K(349696K)
[230.767s][info][gc,metaspace   ] GC(941) Metaspace: 119536K(124928K)->119536K(124928K) NonClass: 101473K(104320K)->101473K(104320K) Class: 18062K(20608K)->18062K(20608K)
[230.767s][info][gc             ] GC(941) Pause Full (Ergonomics) 395M->393M(455M) 53.134ms
[230.767s][info][gc,cpu         ] GC(941) User=0.47s Sys=0.00s Real=0.05s
[230.768s][info][gc,start       ] GC(942) Pause Full (Ergonomics)
[230.768s][info][gc,phases,start] GC(942) Marking Phase
[230.801s][info][gc,phases      ] GC(942) Marking Phase 32.867ms
[230.801s][info][gc,phases,start] GC(942) Summary Phase
[230.801s][info][gc,phases      ] GC(942) Summary Phase 0.020ms
[230.801s][info][gc,phases,start] GC(942) Adjust Roots
[230.804s][info][gc,phases      ] GC(942) Adjust Roots 2.986ms
[230.804s][info][gc,phases,start] GC(942) Compaction Phase
[230.825s][info][gc,phases      ] GC(942) Compaction Phase 20.842ms
[230.825s][info][gc,phases,start] GC(942) Post Compact
[230.828s][info][gc,phases      ] GC(942) Post Compact 2.665ms
[230.828s][info][gc,heap        ] GC(942) PSYoungGen: 58880K(116736K)->56838K(116736K) Eden: 58880K(58880K)->56838K(58880K) From: 0K(57856K)->0K(57856K)
[230.828s][info][gc,heap        ] GC(942) ParOldGen: 346134K(349696K)->346134K(349696K)
[230.828s][info][gc,metaspace   ] GC(942) Metaspace: 119540K(124928K)->119536K(124928K) NonClass: 101476K(104320K)->101473K(104320K) Class: 18063K(20608K)->18062K(20608K)
[230.828s][info][gc             ] GC(942) Pause Full (Ergonomics) 395M->393M(455M) 59.815ms
[230.828s][info][gc,cpu         ] GC(942) User=0.33s Sys=0.00s Real=0.05s
[230.829s][info][gc,start       ] GC(943) Pause Full (Ergonomics)
[230.829s][info][gc,phases,start] GC(943) Marking Phase
[230.851s][info][gc,phases      ] GC(943) Marking Phase 22.262ms
[230.851s][info][gc,phases,start] GC(943) Summary Phase
[230.851s][info][gc,phases      ] GC(943) Summary Phase 0.020ms
[230.851s][info][gc,phases,start] GC(943) Adjust Roots
[230.854s][info][gc,phases      ] GC(943) Adjust Roots 2.256ms
[230.854s][info][gc,phases,start] GC(943) Compaction Phase
[230.873s][info][gc,phases      ] GC(943) Compaction Phase 19.453ms
[230.873s][info][gc,phases,start] GC(943) Post Compact
[230.876s][info][gc,phases      ] GC(943) Post Compact 2.635ms
[230.876s][info][gc,heap        ] GC(943) PSYoungGen: 58880K(116736K)->56886K(116736K) Eden: 58880K(58880K)->56886K(58880K) From: 0K(57856K)->0K(57856K)
[230.876s][info][gc,heap        ] GC(943) ParOldGen: 346134K(349696K)->346134K(349696K)
[230.876s][info][gc,metaspace   ] GC(943) Metaspace: 119539K(124928K)->119539K(124928K) NonClass: 101475K(104320K)->101475K(104320K) Class: 18063K(20608K)->18063K(20608K)
[230.876s][info][gc             ] GC(943) Pause Full (Ergonomics) 395M->393M(455M) 47.023ms
[230.876s][info][gc,cpu         ] GC(943) User=0.33s Sys=0.00s Real=0.05s
[230.877s][info][gc,start       ] GC(944) Pause Full (Ergonomics)
[230.877s][info][gc,phases,start] GC(944) Marking Phase
[230.898s][info][gc,phases      ] GC(944) Marking Phase 20.900ms
[230.898s][info][gc,phases,start] GC(944) Summary Phase
[230.898s][info][gc,phases      ] GC(944) Summary Phase 0.020ms
[230.898s][info][gc,phases,start] GC(944) Adjust Roots
[230.900s][info][gc,phases      ] GC(944) Adjust Roots 2.332ms
[230.900s][info][gc,phases,start] GC(944) Compaction Phase
[230.920s][info][gc,phases      ] GC(944) Compaction Phase 19.583ms
[230.920s][info][gc,phases,start] GC(944) Post Compact
[230.922s][info][gc,phases      ] GC(944) Post Compact 2.469ms
[230.923s][info][gc,heap        ] GC(944) PSYoungGen: 58880K(116736K)->57052K(116736K) Eden: 58880K(58880K)->57052K(58880K) From: 0K(57856K)->0K(57856K)
[230.923s][info][gc,heap        ] GC(944) ParOldGen: 346134K(349696K)->346133K(349696K)
[230.923s][info][gc,metaspace   ] GC(944) Metaspace: 119540K(124928K)->119540K(124928K) NonClass: 101476K(104320K)->101476K(104320K) Class: 18063K(20608K)->18063K(20608K)
[230.923s][info][gc             ] GC(944) Pause Full (Ergonomics) 395M->393M(455M) 45.688ms
[230.923s][info][gc,cpu         ] GC(944) User=0.31s Sys=0.00s Real=0.03s
[230.924s][info][gc,start       ] GC(945) Pause Full (Ergonomics)
[230.924s][info][gc,phases,start] GC(945) Marking Phase
[230.950s][info][gc,phases      ] GC(945) Marking Phase 25.701ms
[230.950s][info][gc,phases,start] GC(945) Summary Phase
[230.950s][info][gc,phases      ] GC(945) Summary Phase 0.018ms
[230.950s][info][gc,phases,start] GC(945) Adjust Roots
[230.953s][info][gc,phases      ] GC(945) Adjust Roots 3.206ms
[230.953s][info][gc,phases,start] GC(945) Compaction Phase
[230.960s][info][gc,phases      ] GC(945) Compaction Phase 7.535ms
[230.960s][info][gc,phases,start] GC(945) Post Compact
[230.962s][info][gc,phases      ] GC(945) Post Compact 1.963ms
[230.963s][info][gc,heap        ] GC(945) PSYoungGen: 58879K(116736K)->57073K(116736K) Eden: 58879K(58880K)->57073K(58880K) From: 0K(57856K)->0K(57856K)
[230.963s][info][gc,heap        ] GC(945) ParOldGen: 346144K(349696K)->346140K(349696K)
[230.963s][info][gc,metaspace   ] GC(945) Metaspace: 119546K(124928K)->119546K(124928K) NonClass: 101482K(104320K)->101482K(104320K) Class: 18064K(20608K)->18064K(20608K)
[230.963s][info][gc             ] GC(945) Pause Full (Ergonomics) 395M->393M(455M) 38.681ms
[230.963s][info][gc,cpu         ] GC(945) User=0.16s Sys=0.00s Real=0.03s
[230.964s][info][gc,start       ] GC(946) Pause Full (Ergonomics)
[230.964s][info][gc,phases,start] GC(946) Marking Phase
[230.991s][info][gc,phases      ] GC(946) Marking Phase 27.189ms
[230.991s][info][gc,phases,start] GC(946) Summary Phase
[230.991s][info][gc,phases      ] GC(946) Summary Phase 0.019ms
[230.991s][info][gc,phases,start] GC(946) Adjust Roots
[230.993s][info][gc,phases      ] GC(946) Adjust Roots 2.412ms
[230.993s][info][gc,phases,start] GC(946) Compaction Phase
[231.001s][info][gc,phases      ] GC(946) Compaction Phase 7.615ms
[231.001s][info][gc,phases,start] GC(946) Post Compact
[231.004s][info][gc,phases      ] GC(946) Post Compact 2.501ms
[231.004s][info][gc,heap        ] GC(946) PSYoungGen: 58880K(116736K)->57147K(116736K) Eden: 58880K(58880K)->57147K(58880K) From: 0K(57856K)->0K(57856K)
[231.004s][info][gc,heap        ] GC(946) ParOldGen: 346140K(349696K)->346134K(349696K)
[231.004s][info][gc,metaspace   ] GC(946) Metaspace: 119547K(124928K)->119547K(124928K) NonClass: 101483K(104320K)->101483K(104320K) Class: 18064K(20608K)->18064K(20608K)
[231.004s][info][gc             ] GC(946) Pause Full (Ergonomics) 395M->393M(455M) 40.104ms
[231.004s][info][gc,cpu         ] GC(946) User=0.31s Sys=0.00s Real=0.03s
[231.005s][info][gc,start       ] GC(947) Pause Full (Ergonomics)
[231.005s][info][gc,phases,start] GC(947) Marking Phase
[231.029s][info][gc,phases      ] GC(947) Marking Phase 24.398ms
[231.029s][info][gc,phases,start] GC(947) Summary Phase
[231.029s][info][gc,phases      ] GC(947) Summary Phase 0.019ms
[231.029s][info][gc,phases,start] GC(947) Adjust Roots
[231.031s][info][gc,phases      ] GC(947) Adjust Roots 2.133ms
[231.031s][info][gc,phases,start] GC(947) Compaction Phase
[231.047s][info][gc,phases      ] GC(947) Compaction Phase 16.049ms
[231.047s][info][gc,phases,start] GC(947) Post Compact
[231.050s][info][gc,phases      ] GC(947) Post Compact 2.299ms
[231.050s][info][gc,heap        ] GC(947) PSYoungGen: 58879K(116736K)->57164K(116736K) Eden: 58879K(58880K)->57164K(58880K) From: 0K(57856K)->0K(57856K)
[231.050s][info][gc,heap        ] GC(947) ParOldGen: 346134K(349696K)->346134K(349696K)
[231.050s][info][gc,metaspace   ] GC(947) Metaspace: 119548K(124928K)->119548K(124928K) NonClass: 101483K(104320K)->101483K(104320K) Class: 18064K(20608K)->18064K(20608K)
[231.050s][info][gc             ] GC(947) Pause Full (Ergonomics) 395M->393M(455M) 45.242ms
[231.050s][info][gc,cpu         ] GC(947) User=0.20s Sys=0.00s Real=0.05s
[231.051s][info][gc,start       ] GC(948) Pause Full (Ergonomics)
[231.051s][info][gc,phases,start] GC(948) Marking Phase
[231.096s][info][gc,phases      ] GC(948) Marking Phase 45.261ms
[231.096s][info][gc,phases,start] GC(948) Summary Phase
[231.096s][info][gc,phases      ] GC(948) Summary Phase 0.024ms
[231.096s][info][gc,phases,start] GC(948) Adjust Roots
[231.100s][info][gc,phases      ] GC(948) Adjust Roots 3.727ms
[231.100s][info][gc,phases,start] GC(948) Compaction Phase
[231.113s][info][gc,phases      ] GC(948) Compaction Phase 13.232ms
[231.113s][info][gc,phases,start] GC(948) Post Compact
[231.116s][info][gc,phases      ] GC(948) Post Compact 2.596ms
[231.116s][info][gc,heap        ] GC(948) PSYoungGen: 58880K(116736K)->57165K(116736K) Eden: 58880K(58880K)->57165K(58880K) From: 0K(57856K)->0K(57856K)
[231.116s][info][gc,heap        ] GC(948) ParOldGen: 346134K(349696K)->346134K(349696K)
[231.116s][info][gc,metaspace   ] GC(948) Metaspace: 119548K(124928K)->119544K(124928K) NonClass: 101483K(104320K)->101481K(104320K) Class: 18064K(20608K)->18063K(20608K)
[231.116s][info][gc             ] GC(948) Pause Full (Ergonomics) 395M->393M(455M) 65.261ms
[231.116s][info][gc,cpu         ] GC(948) User=0.42s Sys=0.00s Real=0.06s
[231.117s][info][gc,start       ] GC(949) Pause Full (Ergonomics)
[231.117s][info][gc,phases,start] GC(949) Marking Phase
[231.148s][info][gc,phases      ] GC(949) Marking Phase 30.479ms
[231.148s][info][gc,phases,start] GC(949) Summary Phase
[231.148s][info][gc,phases      ] GC(949) Summary Phase 0.018ms
[231.148s][info][gc,phases,start] GC(949) Adjust Roots
[231.150s][info][gc,phases      ] GC(949) Adjust Roots 2.378ms
[231.150s][info][gc,phases,start] GC(949) Compaction Phase
[231.158s][info][gc,phases      ] GC(949) Compaction Phase 7.389ms
[231.158s][info][gc,phases,start] GC(949) Post Compact
[231.160s][info][gc,phases      ] GC(949) Post Compact 1.979ms
[231.160s][info][gc,heap        ] GC(949) PSYoungGen: 58880K(116736K)->57215K(116736K) Eden: 58880K(58880K)->57215K(58880K) From: 0K(57856K)->0K(57856K)
[231.160s][info][gc,heap        ] GC(949) ParOldGen: 346134K(349696K)->346134K(349696K)
[231.160s][info][gc,metaspace   ] GC(949) Metaspace: 119544K(124928K)->119544K(124928K) NonClass: 101481K(104320K)->101481K(104320K) Class: 18063K(20608K)->18063K(20608K)
[231.160s][info][gc             ] GC(949) Pause Full (Ergonomics) 395M->393M(455M) 42.517ms
[231.160s][info][gc,cpu         ] GC(949) User=0.33s Sys=0.00s Real=0.05s
[231.161s][info][gc,start       ] GC(950) Pause Full (Ergonomics)
[231.161s][info][gc,phases,start] GC(950) Marking Phase
[231.188s][info][gc,phases      ] GC(950) Marking Phase 26.898ms
[231.188s][info][gc,phases,start] GC(950) Summary Phase
[231.188s][info][gc,phases      ] GC(950) Summary Phase 0.018ms
[231.188s][info][gc,phases,start] GC(950) Adjust Roots
[231.190s][info][gc,phases      ] GC(950) Adjust Roots 2.103ms
[231.190s][info][gc,phases,start] GC(950) Compaction Phase
[231.196s][info][gc,phases      ] GC(950) Compaction Phase 6.286ms
[231.196s][info][gc,phases,start] GC(950) Post Compact
[231.198s][info][gc,phases      ] GC(950) Post Compact 1.989ms
[231.198s][info][gc,heap        ] GC(950) PSYoungGen: 58880K(116736K)->57127K(116736K) Eden: 58880K(58880K)->57127K(58880K) From: 0K(57856K)->0K(57856K)
[231.198s][info][gc,heap        ] GC(950) ParOldGen: 346134K(349696K)->346133K(349696K)
[231.198s][info][gc,metaspace   ] GC(950) Metaspace: 119545K(124928K)->119545K(124928K) NonClass: 101482K(104320K)->101482K(104320K) Class: 18063K(20608K)->18063K(20608K)
[231.198s][info][gc             ] GC(950) Pause Full (Ergonomics) 395M->393M(455M) 37.520ms
[231.198s][info][gc,cpu         ] GC(950) User=0.33s Sys=0.00s Real=0.05s
[231.199s][info][gc,start       ] GC(951) Pause Full (Ergonomics)
[231.199s][info][gc,phases,start] GC(951) Marking Phase
[231.222s][info][gc,phases      ] GC(951) Marking Phase 22.956ms
[231.222s][info][gc,phases,start] GC(951) Summary Phase
[231.222s][info][gc,phases      ] GC(951) Summary Phase 0.018ms
[231.222s][info][gc,phases,start] GC(951) Adjust Roots
[231.224s][info][gc,phases      ] GC(951) Adjust Roots 2.149ms
[231.224s][info][gc,phases,start] GC(951) Compaction Phase
[231.232s][info][gc,phases      ] GC(951) Compaction Phase 7.592ms
[231.232s][info][gc,phases,start] GC(951) Post Compact
[231.234s][info][gc,phases      ] GC(951) Post Compact 2.029ms
[231.234s][info][gc,heap        ] GC(951) PSYoungGen: 58880K(116736K)->57331K(116736K) Eden: 58880K(58880K)->57331K(58880K) From: 0K(57856K)->0K(57856K)
[231.234s][info][gc,heap        ] GC(951) ParOldGen: 346133K(349696K)->346133K(349696K)
[231.234s][info][gc,metaspace   ] GC(951) Metaspace: 119546K(124928K)->119546K(124928K) NonClass: 101483K(104320K)->101483K(104320K) Class: 18063K(20608K)->18063K(20608K)
[231.234s][info][gc             ] GC(951) Pause Full (Ergonomics) 395M->394M(455M) 34.994ms
[231.234s][info][gc,cpu         ] GC(951) User=0.23s Sys=0.00s Real=0.03s
[231.235s][info][gc,start       ] GC(952) Pause Full (Ergonomics)
[231.235s][info][gc,phases,start] GC(952) Marking Phase
[231.265s][info][gc,phases      ] GC(952) Marking Phase 29.755ms
[231.265s][info][gc,phases,start] GC(952) Summary Phase
[231.265s][info][gc,phases      ] GC(952) Summary Phase 0.018ms
[231.265s][info][gc,phases,start] GC(952) Adjust Roots
[231.267s][info][gc,phases      ] GC(952) Adjust Roots 2.172ms
[231.267s][info][gc,phases,start] GC(952) Compaction Phase
[231.282s][info][gc,phases      ] GC(952) Compaction Phase 15.502ms
[231.282s][info][gc,phases,start] GC(952) Post Compact
[231.284s][info][gc,phases      ] GC(952) Post Compact 2.100ms
[231.285s][info][gc,heap        ] GC(952) PSYoungGen: 58880K(116736K)->57312K(116736K) Eden: 58880K(58880K)->57312K(58880K) From: 0K(57856K)->0K(57856K)
[231.285s][info][gc,heap        ] GC(952) ParOldGen: 346133K(349696K)->346133K(349696K)
[231.285s][info][gc,metaspace   ] GC(952) Metaspace: 119548K(124928K)->119548K(124928K) NonClass: 101484K(104320K)->101484K(104320K) Class: 18064K(20608K)->18064K(20608K)
[231.285s][info][gc             ] GC(952) Pause Full (Ergonomics) 395M->393M(455M) 49.819ms
[231.285s][info][gc,cpu         ] GC(952) User=0.19s Sys=0.00s Real=0.05s
[231.285s][info][gc,start       ] GC(953) Pause Full (Ergonomics)
[231.286s][info][gc,phases,start] GC(953) Marking Phase
[231.324s][info][gc,phases      ] GC(953) Marking Phase 38.844ms
[231.324s][info][gc,phases,start] GC(953) Summary Phase
[231.324s][info][gc,phases      ] GC(953) Summary Phase 0.019ms
[231.324s][info][gc,phases,start] GC(953) Adjust Roots
[231.328s][info][gc,phases      ] GC(953) Adjust Roots 3.149ms
[231.328s][info][gc,phases,start] GC(953) Compaction Phase
[231.340s][info][gc,phases      ] GC(953) Compaction Phase 12.609ms
[231.340s][info][gc,phases,start] GC(953) Post Compact
[231.343s][info][gc,phases      ] GC(953) Post Compact 2.413ms
[231.343s][info][gc,heap        ] GC(953) PSYoungGen: 58879K(116736K)->57343K(116736K) Eden: 58879K(58880K)->57343K(58880K) From: 0K(57856K)->0K(57856K)
[231.343s][info][gc,heap        ] GC(953) ParOldGen: 346133K(349696K)->346133K(349696K)
[231.343s][info][gc,metaspace   ] GC(953) Metaspace: 119548K(124928K)->119536K(124928K) NonClass: 101484K(104320K)->101474K(104320K) Class: 18064K(20608K)->18062K(20608K)
[231.343s][info][gc             ] GC(953) Pause Full (Ergonomics) 395M->394M(455M) 57.402ms
[231.343s][info][gc,cpu         ] GC(953) User=0.33s Sys=0.00s Real=0.05s
[231.344s][info][gc,start       ] GC(954) Pause Full (Ergonomics)
[231.344s][info][gc,phases,start] GC(954) Marking Phase
[231.376s][info][gc,phases      ] GC(954) Marking Phase 31.893ms
[231.376s][info][gc,phases,start] GC(954) Summary Phase
[231.376s][info][gc,phases      ] GC(954) Summary Phase 0.021ms
[231.376s][info][gc,phases,start] GC(954) Adjust Roots
[231.378s][info][gc,phases      ] GC(954) Adjust Roots 2.217ms
[231.378s][info][gc,phases,start] GC(954) Compaction Phase
[231.386s][info][gc,phases      ] GC(954) Compaction Phase 7.848ms
[231.386s][info][gc,phases,start] GC(954) Post Compact
[231.388s][info][gc,phases      ] GC(954) Post Compact 2.026ms
[231.388s][info][gc,heap        ] GC(954) PSYoungGen: 58880K(116736K)->57296K(116736K) Eden: 58880K(58880K)->57296K(58880K) From: 0K(57856K)->0K(57856K)
[231.388s][info][gc,heap        ] GC(954) ParOldGen: 346133K(349696K)->346133K(349696K)
[231.388s][info][gc,metaspace   ] GC(954) Metaspace: 119540K(124928K)->119540K(124928K) NonClass: 101477K(104320K)->101477K(104320K) Class: 18062K(20608K)->18062K(20608K)
[231.388s][info][gc             ] GC(954) Pause Full (Ergonomics) 395M->393M(455M) 44.316ms
[231.388s][info][gc,cpu         ] GC(954) User=0.17s Sys=0.00s Real=0.03s
[231.389s][info][gc,start       ] GC(955) Pause Full (Ergonomics)
[231.389s][info][gc,phases,start] GC(955) Marking Phase
[231.412s][info][gc,phases      ] GC(955) Marking Phase 22.552ms
[231.412s][info][gc,phases,start] GC(955) Summary Phase
[231.412s][info][gc,phases      ] GC(955) Summary Phase 0.019ms
[231.412s][info][gc,phases,start] GC(955) Adjust Roots
[231.414s][info][gc,phases      ] GC(955) Adjust Roots 2.108ms
[231.414s][info][gc,phases,start] GC(955) Compaction Phase
[231.421s][info][gc,phases      ] GC(955) Compaction Phase 7.166ms
[231.421s][info][gc,phases,start] GC(955) Post Compact
[231.423s][info][gc,phases      ] GC(955) Post Compact 2.000ms
[231.423s][info][gc,heap        ] GC(955) PSYoungGen: 58880K(116736K)->57300K(116736K) Eden: 58880K(58880K)->57300K(58880K) From: 0K(57856K)->0K(57856K)
[231.423s][info][gc,heap        ] GC(955) ParOldGen: 346133K(349696K)->346133K(349696K)
[231.424s][info][gc,metaspace   ] GC(955) Metaspace: 119544K(124928K)->119544K(124928K) NonClass: 101481K(104320K)->101481K(104320K) Class: 18063K(20608K)->18063K(20608K)
[231.424s][info][gc             ] GC(955) Pause Full (Ergonomics) 395M->393M(455M) 34.156ms
[231.424s][info][gc,cpu         ] GC(955) User=0.22s Sys=0.00s Real=0.03s
[231.424s][info][gc,start       ] GC(956) Pause Full (Ergonomics)
[231.424s][info][gc,phases,start] GC(956) Marking Phase
[231.450s][info][gc,phases      ] GC(956) Marking Phase 25.625ms
[231.450s][info][gc,phases,start] GC(956) Summary Phase
[231.450s][info][gc,phases      ] GC(956) Summary Phase 0.026ms
[231.450s][info][gc,phases,start] GC(956) Adjust Roots
[231.452s][info][gc,phases      ] GC(956) Adjust Roots 2.129ms
[231.452s][info][gc,phases,start] GC(956) Compaction Phase
[231.466s][info][gc,phases      ] GC(956) Compaction Phase 13.618ms
[231.466s][info][gc,phases,start] GC(956) Post Compact
[231.469s][info][gc,phases      ] GC(956) Post Compact 2.531ms
[231.469s][info][gc,heap        ] GC(956) PSYoungGen: 58880K(116736K)->57669K(116736K) Eden: 58880K(58880K)->57669K(58880K) From: 0K(57856K)->0K(57856K)
[231.469s][info][gc,heap        ] GC(956) ParOldGen: 346133K(349696K)->346133K(349696K)
[231.469s][info][gc,metaspace   ] GC(956) Metaspace: 119546K(124928K)->119546K(124928K) NonClass: 101482K(104320K)->101482K(104320K) Class: 18063K(20608K)->18063K(20608K)
[231.469s][info][gc             ] GC(956) Pause Full (Ergonomics) 395M->394M(455M) 44.334ms
[231.469s][info][gc,cpu         ] GC(956) User=0.19s Sys=0.00s Real=0.05s
[231.470s][info][gc,start       ] GC(957) Pause Full (Ergonomics)
[231.470s][info][gc,phases,start] GC(957) Marking Phase
[231.498s][info][gc,phases      ] GC(957) Marking Phase 28.004ms
[231.498s][info][gc,phases,start] GC(957) Summary Phase
[231.498s][info][gc,phases      ] GC(957) Summary Phase 0.020ms
[231.498s][info][gc,phases,start] GC(957) Adjust Roots
[231.501s][info][gc,phases      ] GC(957) Adjust Roots 2.157ms
[231.501s][info][gc,phases,start] GC(957) Compaction Phase
[231.509s][info][gc,phases      ] GC(957) Compaction Phase 8.112ms
[231.509s][info][gc,phases,start] GC(957) Post Compact
[231.511s][info][gc,phases      ] GC(957) Post Compact 2.024ms
[231.511s][info][gc,heap        ] GC(957) PSYoungGen: 58880K(116736K)->57503K(116736K) Eden: 58880K(58880K)->57503K(58880K) From: 0K(57856K)->0K(57856K)
[231.511s][info][gc,heap        ] GC(957) ParOldGen: 346133K(349696K)->346133K(349696K)
[231.511s][info][gc,metaspace   ] GC(957) Metaspace: 119546K(124928K)->119546K(124928K) NonClass: 101483K(104320K)->101483K(104320K) Class: 18063K(20608K)->18063K(20608K)
[231.511s][info][gc             ] GC(957) Pause Full (Ergonomics) 395M->394M(455M) 40.628ms
[231.511s][info][gc,cpu         ] GC(957) User=0.17s Sys=0.00s Real=0.03s
[231.512s][info][gc,start       ] GC(958) Pause Full (Ergonomics)
[231.512s][info][gc,phases,start] GC(958) Marking Phase
[231.538s][info][gc,phases      ] GC(958) Marking Phase 26.289ms
[231.538s][info][gc,phases,start] GC(958) Summary Phase
[231.538s][info][gc,phases      ] GC(958) Summary Phase 0.023ms
[231.538s][info][gc,phases,start] GC(958) Adjust Roots
[231.541s][info][gc,phases      ] GC(958) Adjust Roots 2.486ms
[231.541s][info][gc,phases,start] GC(958) Compaction Phase
[231.560s][info][gc,phases      ] GC(958) Compaction Phase 19.595ms
[231.560s][info][gc,phases,start] GC(958) Post Compact
[231.563s][info][gc,phases      ] GC(958) Post Compact 2.635ms
[231.563s][info][gc,heap        ] GC(958) PSYoungGen: 58880K(116736K)->57504K(116736K) Eden: 58880K(58880K)->57504K(58880K) From: 0K(57856K)->0K(57856K)
[231.563s][info][gc,heap        ] GC(958) ParOldGen: 346133K(349696K)->346133K(349696K)
[231.563s][info][gc,metaspace   ] GC(958) Metaspace: 119547K(124928K)->119547K(124928K) NonClass: 101483K(104320K)->101483K(104320K) Class: 18063K(20608K)->18063K(20608K)
[231.563s][info][gc             ] GC(958) Pause Full (Ergonomics) 395M->394M(455M) 51.454ms
[231.563s][info][gc,cpu         ] GC(958) User=0.48s Sys=0.00s Real=0.05s
[231.565s][info][gc,start       ] GC(959) Pause Full (Ergonomics)
[231.565s][info][gc,phases,start] GC(959) Marking Phase
[231.591s][info][gc,phases      ] GC(959) Marking Phase 26.416ms
[231.591s][info][gc,phases,start] GC(959) Summary Phase
[231.591s][info][gc,phases      ] GC(959) Summary Phase 0.044ms
[231.591s][info][gc,phases,start] GC(959) Adjust Roots
[231.594s][info][gc,phases      ] GC(959) Adjust Roots 2.644ms
[231.594s][info][gc,phases,start] GC(959) Compaction Phase
[231.602s][info][gc,phases      ] GC(959) Compaction Phase 8.501ms
[231.602s][info][gc,phases,start] GC(959) Post Compact
[231.604s][info][gc,phases      ] GC(959) Post Compact 2.094ms
[231.605s][info][gc,heap        ] GC(959) PSYoungGen: 58880K(116736K)->57505K(116736K) Eden: 58880K(58880K)->57505K(58880K) From: 0K(57856K)->0K(57856K)
[231.605s][info][gc,heap        ] GC(959) ParOldGen: 346133K(349696K)->346133K(349696K)
[231.605s][info][gc,metaspace   ] GC(959) Metaspace: 119549K(124928K)->119549K(124928K) NonClass: 101484K(104320K)->101484K(104320K) Class: 18064K(20608K)->18064K(20608K)
[231.605s][info][gc             ] GC(959) Pause Full (Ergonomics) 395M->394M(455M) 40.059ms
[231.605s][info][gc,cpu         ] GC(959) User=0.31s Sys=0.00s Real=0.03s
[231.606s][info][gc,start       ] GC(960) Pause Full (Ergonomics)
[231.606s][info][gc,phases,start] GC(960) Marking Phase
[231.649s][info][gc,phases      ] GC(960) Marking Phase 43.462ms
[231.649s][info][gc,phases,start] GC(960) Summary Phase
[231.649s][info][gc,phases      ] GC(960) Summary Phase 0.020ms
[231.649s][info][gc,phases,start] GC(960) Adjust Roots
[231.652s][info][gc,phases      ] GC(960) Adjust Roots 2.945ms
[231.652s][info][gc,phases,start] GC(960) Compaction Phase
[231.667s][info][gc,phases      ] GC(960) Compaction Phase 14.611ms
[231.667s][info][gc,phases,start] GC(960) Post Compact
[231.669s][info][gc,phases      ] GC(960) Post Compact 2.558ms
[231.669s][info][gc,heap        ] GC(960) PSYoungGen: 58880K(116736K)->57532K(116736K) Eden: 58880K(58880K)->57532K(58880K) From: 0K(57856K)->0K(57856K)
[231.669s][info][gc,heap        ] GC(960) ParOldGen: 346133K(349696K)->346133K(349696K)
[231.669s][info][gc,metaspace   ] GC(960) Metaspace: 119551K(124928K)->119549K(124928K) NonClass: 101486K(104320K)->101485K(104320K) Class: 18064K(20608K)->18064K(20608K)
[231.670s][info][gc             ] GC(960) Pause Full (Ergonomics) 395M->394M(455M) 64.008ms
[231.670s][info][gc,cpu         ] GC(960) User=0.42s Sys=0.00s Real=0.06s
[231.671s][info][gc,start       ] GC(961) Pause Full (Ergonomics)
[231.671s][info][gc,phases,start] GC(961) Marking Phase
[231.709s][info][gc,phases      ] GC(961) Marking Phase 38.452ms
[231.709s][info][gc,phases,start] GC(961) Summary Phase
[231.709s][info][gc,phases      ] GC(961) Summary Phase 0.019ms
[231.709s][info][gc,phases,start] GC(961) Adjust Roots
[231.714s][info][gc,phases      ] GC(961) Adjust Roots 4.964ms
[231.714s][info][gc,phases,start] GC(961) Compaction Phase
[231.731s][info][gc,phases      ] GC(961) Compaction Phase 16.512ms
[231.731s][info][gc,phases,start] GC(961) Post Compact
[231.733s][info][gc,phases      ] GC(961) Post Compact 2.562ms
[231.733s][info][gc,heap        ] GC(961) PSYoungGen: 58880K(116736K)->57562K(116736K) Eden: 58880K(58880K)->57562K(58880K) From: 0K(57856K)->0K(57856K)
[231.733s][info][gc,heap        ] GC(961) ParOldGen: 346133K(349696K)->346133K(349696K)
[231.733s][info][gc,metaspace   ] GC(961) Metaspace: 119557K(124928K)->119555K(124928K) NonClass: 101492K(104320K)->101491K(104320K) Class: 18064K(20608K)->18064K(20608K)
[231.733s][info][gc             ] GC(961) Pause Full (Ergonomics) 395M->394M(455M) 62.903ms
[231.733s][info][gc,cpu         ] GC(961) User=0.42s Sys=0.00s Real=0.06s
[231.734s][info][gc,start       ] GC(962) Pause Full (Ergonomics)
[231.735s][info][gc,phases,start] GC(962) Marking Phase
[231.769s][info][gc,phases      ] GC(962) Marking Phase 34.981ms
[231.770s][info][gc,phases,start] GC(962) Summary Phase
[231.770s][info][gc,phases      ] GC(962) Summary Phase 0.019ms
[231.770s][info][gc,phases,start] GC(962) Adjust Roots
[231.772s][info][gc,phases      ] GC(962) Adjust Roots 2.188ms
[231.772s][info][gc,phases,start] GC(962) Compaction Phase
[231.778s][info][gc,phases      ] GC(962) Compaction Phase 6.301ms
[231.778s][info][gc,phases,start] GC(962) Post Compact
[231.780s][info][gc,phases      ] GC(962) Post Compact 1.977ms
[231.780s][info][gc,heap        ] GC(962) PSYoungGen: 58880K(116736K)->57578K(116736K) Eden: 58880K(58880K)->57578K(58880K) From: 0K(57856K)->0K(57856K)
[231.780s][info][gc,heap        ] GC(962) ParOldGen: 346133K(349696K)->346133K(349696K)
[231.780s][info][gc,metaspace   ] GC(962) Metaspace: 119555K(124928K)->119555K(124928K) NonClass: 101491K(104320K)->101491K(104320K) Class: 18064K(20608K)->18064K(20608K)
[231.780s][info][gc             ] GC(962) Pause Full (Ergonomics) 395M->394M(455M) 45.754ms
[231.780s][info][gc,cpu         ] GC(962) User=0.17s Sys=0.00s Real=0.03s
[231.781s][info][gc,start       ] GC(963) Pause Full (Ergonomics)
[231.781s][info][gc,phases,start] GC(963) Marking Phase
[231.806s][info][gc,phases      ] GC(963) Marking Phase 24.734ms
[231.806s][info][gc,phases,start] GC(963) Summary Phase
[231.806s][info][gc,phases      ] GC(963) Summary Phase 0.019ms
[231.806s][info][gc,phases,start] GC(963) Adjust Roots
[231.808s][info][gc,phases      ] GC(963) Adjust Roots 2.129ms
[231.808s][info][gc,phases,start] GC(963) Compaction Phase
[231.822s][info][gc,phases      ] GC(963) Compaction Phase 13.701ms
[231.822s][info][gc,phases,start] GC(963) Post Compact
[231.824s][info][gc,phases      ] GC(963) Post Compact 2.154ms
[231.824s][info][gc,heap        ] GC(963) PSYoungGen: 58879K(116736K)->57590K(116736K) Eden: 58879K(58880K)->57590K(58880K) From: 0K(57856K)->0K(57856K)
[231.824s][info][gc,heap        ] GC(963) ParOldGen: 346133K(349696K)->346133K(349696K)
[231.824s][info][gc,metaspace   ] GC(963) Metaspace: 119557K(124928K)->119557K(124928K) NonClass: 101493K(104320K)->101493K(104320K) Class: 18064K(20608K)->18064K(20608K)
[231.824s][info][gc             ] GC(963) Pause Full (Ergonomics) 395M->394M(455M) 43.004ms
[231.824s][info][gc,cpu         ] GC(963) User=0.22s Sys=0.00s Real=0.03s
[231.825s][info][gc,start       ] GC(964) Pause Full (Ergonomics)
[231.825s][info][gc,phases,start] GC(964) Marking Phase
[231.857s][info][gc,phases      ] GC(964) Marking Phase 31.742ms
[231.857s][info][gc,phases,start] GC(964) Summary Phase
[231.857s][info][gc,phases      ] GC(964) Summary Phase 0.022ms
[231.857s][info][gc,phases,start] GC(964) Adjust Roots
[231.859s][info][gc,phases      ] GC(964) Adjust Roots 2.226ms
[231.859s][info][gc,phases,start] GC(964) Compaction Phase
[231.867s][info][gc,phases      ] GC(964) Compaction Phase 7.818ms
[231.867s][info][gc,phases,start] GC(964) Post Compact
[231.869s][info][gc,phases      ] GC(964) Post Compact 2.015ms
[231.869s][info][gc,heap        ] GC(964) PSYoungGen: 58879K(116736K)->57532K(116736K) Eden: 58879K(58880K)->57532K(58880K) From: 0K(57856K)->0K(57856K)
[231.869s][info][gc,heap        ] GC(964) ParOldGen: 346133K(349696K)->346133K(349696K)
[231.869s][info][gc,metaspace   ] GC(964) Metaspace: 119557K(124928K)->119557K(124928K) NonClass: 101493K(104320K)->101493K(104320K) Class: 18064K(20608K)->18064K(20608K)
[231.869s][info][gc             ] GC(964) Pause Full (Ergonomics) 395M->394M(455M) 44.116ms
[231.869s][info][gc,cpu         ] GC(964) User=0.33s Sys=0.00s Real=0.05s
[231.870s][info][gc,start       ] GC(965) Pause Full (Ergonomics)
[231.870s][info][gc,phases,start] GC(965) Marking Phase
[231.894s][info][gc,phases      ] GC(965) Marking Phase 23.924ms
[231.894s][info][gc,phases,start] GC(965) Summary Phase
[231.894s][info][gc,phases      ] GC(965) Summary Phase 0.019ms
[231.894s][info][gc,phases,start] GC(965) Adjust Roots
[231.896s][info][gc,phases      ] GC(965) Adjust Roots 2.153ms
[231.896s][info][gc,phases,start] GC(965) Compaction Phase
[231.903s][info][gc,phases      ] GC(965) Compaction Phase 6.814ms
[231.903s][info][gc,phases,start] GC(965) Post Compact
[231.905s][info][gc,phases      ] GC(965) Post Compact 1.993ms
[231.905s][info][gc,heap        ] GC(965) PSYoungGen: 58880K(116736K)->57544K(116736K) Eden: 58880K(58880K)->57544K(58880K) From: 0K(57856K)->0K(57856K)
[231.905s][info][gc,heap        ] GC(965) ParOldGen: 346133K(349696K)->346133K(349696K)
[231.905s][info][gc,metaspace   ] GC(965) Metaspace: 119560K(124928K)->119560K(124928K) NonClass: 101495K(104320K)->101495K(104320K) Class: 18064K(20608K)->18064K(20608K)
[231.905s][info][gc             ] GC(965) Pause Full (Ergonomics) 395M->394M(455M) 35.158ms
[231.905s][info][gc,cpu         ] GC(965) User=0.31s Sys=0.00s Real=0.03s
[231.906s][info][gc,start       ] GC(966) Pause Full (Ergonomics)
[231.906s][info][gc,phases,start] GC(966) Marking Phase
[231.936s][info][gc,phases      ] GC(966) Marking Phase 30.165ms
[231.955s][info][gc,phases,start] GC(966) Summary Phase
[231.955s][info][gc,phases      ] GC(966) Summary Phase 0.073ms
[231.955s][info][gc,phases,start] GC(966) Adjust Roots
[231.958s][info][gc,phases      ] GC(966) Adjust Roots 2.915ms
[231.958s][info][gc,phases,start] GC(966) Compaction Phase
[231.973s][info][gc,phases      ] GC(966) Compaction Phase 15.124ms
[231.973s][info][gc,phases,start] GC(966) Post Compact
[231.976s][info][gc,phases      ] GC(966) Post Compact 2.590ms
[231.976s][info][gc,heap        ] GC(966) PSYoungGen: 58879K(116736K)->57561K(116736K) Eden: 58879K(58880K)->57561K(58880K) From: 0K(57856K)->0K(57856K)
[231.976s][info][gc,heap        ] GC(966) ParOldGen: 346133K(349696K)->346133K(349696K)
[231.976s][info][gc,metaspace   ] GC(966) Metaspace: 119560K(124928K)->119560K(124928K) NonClass: 101495K(104320K)->101495K(104320K) Class: 18064K(20608K)->18064K(20608K)
[231.976s][info][gc             ] GC(966) Pause Full (Ergonomics) 395M->394M(455M) 70.402ms
[231.976s][info][gc,cpu         ] GC(966) User=0.22s Sys=0.00s Real=0.06s
[231.977s][info][gc,start       ] GC(967) Pause Full (Ergonomics)
[231.977s][info][gc,phases,start] GC(967) Marking Phase
[232.009s][info][gc,phases      ] GC(967) Marking Phase 32.077ms
[232.009s][info][gc,phases,start] GC(967) Summary Phase
[232.009s][info][gc,phases      ] GC(967) Summary Phase 0.022ms
[232.009s][info][gc,phases,start] GC(967) Adjust Roots
[232.012s][info][gc,phases      ] GC(967) Adjust Roots 2.315ms
[232.012s][info][gc,phases,start] GC(967) Compaction Phase
[232.028s][info][gc,phases      ] GC(967) Compaction Phase 16.420ms
[232.028s][info][gc,phases,start] GC(967) Post Compact
[232.030s][info][gc,phases      ] GC(967) Post Compact 2.162ms
[232.030s][info][gc,heap        ] GC(967) PSYoungGen: 58880K(116736K)->57550K(116736K) Eden: 58880K(58880K)->57550K(58880K) From: 0K(57856K)->0K(57856K)
[232.031s][info][gc,heap        ] GC(967) ParOldGen: 346133K(349696K)->346133K(349696K)
[232.031s][info][gc,metaspace   ] GC(967) Metaspace: 119560K(124928K)->119560K(124928K) NonClass: 101495K(104320K)->101495K(104320K) Class: 18064K(20608K)->18064K(20608K)
[232.031s][info][gc             ] GC(967) Pause Full (Ergonomics) 395M->394M(455M) 53.315ms
[232.031s][info][gc,cpu         ] GC(967) User=0.22s Sys=0.00s Real=0.05s
[232.031s][info][gc,start       ] GC(968) Pause Full (Ergonomics)
[232.032s][info][gc,phases,start] GC(968) Marking Phase
[232.061s][info][gc,phases      ] GC(968) Marking Phase 29.441ms
[232.061s][info][gc,phases,start] GC(968) Summary Phase
[232.061s][info][gc,phases      ] GC(968) Summary Phase 0.026ms
[232.061s][info][gc,phases,start] GC(968) Adjust Roots
[232.063s][info][gc,phases      ] GC(968) Adjust Roots 2.177ms
[232.063s][info][gc,phases,start] GC(968) Compaction Phase
[232.070s][info][gc,phases      ] GC(968) Compaction Phase 6.740ms
[232.070s][info][gc,phases,start] GC(968) Post Compact
[232.072s][info][gc,phases      ] GC(968) Post Compact 1.972ms
[232.072s][info][gc,heap        ] GC(968) PSYoungGen: 58879K(116736K)->57553K(116736K) Eden: 58879K(58880K)->57553K(58880K) From: 0K(57856K)->0K(57856K)
[232.072s][info][gc,heap        ] GC(968) ParOldGen: 346133K(349696K)->346133K(349696K)
[232.072s][info][gc,metaspace   ] GC(968) Metaspace: 119560K(124928K)->119560K(124928K) NonClass: 101495K(104320K)->101495K(104320K) Class: 18064K(20608K)->18064K(20608K)
[232.072s][info][gc             ] GC(968) Pause Full (Ergonomics) 395M->394M(455M) 40.637ms
[232.072s][info][gc,cpu         ] GC(968) User=0.33s Sys=0.00s Real=0.05s
[232.073s][info][gc,start       ] GC(969) Pause Full (Ergonomics)
[232.073s][info][gc,phases,start] GC(969) Marking Phase
[232.113s][info][gc,phases      ] GC(969) Marking Phase 40.242ms
[232.113s][info][gc,phases,start] GC(969) Summary Phase
[232.113s][info][gc,phases      ] GC(969) Summary Phase 0.023ms
[232.113s][info][gc,phases,start] GC(969) Adjust Roots
[232.117s][info][gc,phases      ] GC(969) Adjust Roots 3.629ms
[232.117s][info][gc,phases,start] GC(969) Compaction Phase
[232.130s][info][gc,phases      ] GC(969) Compaction Phase 13.159ms
[232.130s][info][gc,phases,start] GC(969) Post Compact
[232.133s][info][gc,phases      ] GC(969) Post Compact 2.304ms
[232.133s][info][gc,heap        ] GC(969) PSYoungGen: 58879K(116736K)->57537K(116736K) Eden: 58879K(58880K)->57537K(58880K) From: 0K(57856K)->0K(57856K)
[232.133s][info][gc,heap        ] GC(969) ParOldGen: 346133K(349696K)->346133K(349696K)
[232.133s][info][gc,metaspace   ] GC(969) Metaspace: 119571K(124928K)->119568K(124928K) NonClass: 101507K(104320K)->101504K(104320K) Class: 18064K(20608K)->18064K(20608K)
[232.133s][info][gc             ] GC(969) Pause Full (Ergonomics) 395M->394M(455M) 59.647ms
[232.133s][info][gc,cpu         ] GC(969) User=0.19s Sys=0.00s Real=0.05s
[232.134s][info][gc,start       ] GC(970) Pause Full (Ergonomics)
[232.134s][info][gc,phases,start] GC(970) Marking Phase
[232.170s][info][gc,phases      ] GC(970) Marking Phase 36.684ms
[232.171s][info][gc,phases,start] GC(970) Summary Phase
[232.171s][info][gc,phases      ] GC(970) Summary Phase 0.045ms
[232.171s][info][gc,phases,start] GC(970) Adjust Roots
[232.173s][info][gc,phases      ] GC(970) Adjust Roots 2.582ms
[232.173s][info][gc,phases,start] GC(970) Compaction Phase
[232.183s][info][gc,phases      ] GC(970) Compaction Phase 9.283ms
[232.183s][info][gc,phases,start] GC(970) Post Compact
[232.185s][info][gc,phases      ] GC(970) Post Compact 2.510ms
[232.185s][info][gc,heap        ] GC(970) PSYoungGen: 58880K(116736K)->57469K(116736K) Eden: 58880K(58880K)->57469K(58880K) From: 0K(57856K)->0K(57856K)
[232.185s][info][gc,heap        ] GC(970) ParOldGen: 346133K(349696K)->346133K(349696K)
[232.185s][info][gc,metaspace   ] GC(970) Metaspace: 119568K(124928K)->119568K(124928K) NonClass: 101504K(104320K)->101504K(104320K) Class: 18064K(20608K)->18064K(20608K)
[232.185s][info][gc             ] GC(970) Pause Full (Ergonomics) 395M->394M(455M) 51.493ms
[232.185s][info][gc,cpu         ] GC(970) User=0.19s Sys=0.00s Real=0.05s
[232.186s][info][gc,start       ] GC(971) Pause Full (Ergonomics)
[232.186s][info][gc,phases,start] GC(971) Marking Phase
[232.215s][info][gc,phases      ] GC(971) Marking Phase 28.617ms
[232.215s][info][gc,phases,start] GC(971) Summary Phase
[232.215s][info][gc,phases      ] GC(971) Summary Phase 0.021ms
[232.215s][info][gc,phases,start] GC(971) Adjust Roots
[232.217s][info][gc,phases      ] GC(971) Adjust Roots 2.270ms
[232.217s][info][gc,phases,start] GC(971) Compaction Phase
[232.226s][info][gc,phases      ] GC(971) Compaction Phase 8.338ms
[232.226s][info][gc,phases,start] GC(971) Post Compact
[232.228s][info][gc,phases      ] GC(971) Post Compact 2.078ms
[232.228s][info][gc,heap        ] GC(971) PSYoungGen: 58880K(116736K)->57494K(116736K) Eden: 58880K(58880K)->57494K(58880K) From: 0K(57856K)->0K(57856K)
[232.228s][info][gc,heap        ] GC(971) ParOldGen: 346133K(349696K)->346133K(349696K)
[232.228s][info][gc,metaspace   ] GC(971) Metaspace: 119568K(124928K)->119568K(124928K) NonClass: 101504K(104320K)->101504K(104320K) Class: 18064K(20608K)->18064K(20608K)
[232.228s][info][gc             ] GC(971) Pause Full (Ergonomics) 395M->394M(455M) 41.605ms
[232.228s][info][gc,cpu         ] GC(971) User=0.31s Sys=0.00s Real=0.03s
[232.229s][info][gc,start       ] GC(972) Pause Full (Ergonomics)
[232.229s][info][gc,phases,start] GC(972) Marking Phase
[232.258s][info][gc,phases      ] GC(972) Marking Phase 29.746ms
[232.258s][info][gc,phases,start] GC(972) Summary Phase
[232.259s][info][gc,phases      ] GC(972) Summary Phase 0.043ms
[232.259s][info][gc,phases,start] GC(972) Adjust Roots
[232.261s][info][gc,phases      ] GC(972) Adjust Roots 2.196ms
[232.261s][info][gc,phases,start] GC(972) Compaction Phase
[232.276s][info][gc,phases      ] GC(972) Compaction Phase 15.067ms
[232.276s][info][gc,phases,start] GC(972) Post Compact
[232.278s][info][gc,phases      ] GC(972) Post Compact 2.492ms
[232.278s][info][gc,heap        ] GC(972) PSYoungGen: 58880K(116736K)->57541K(116736K) Eden: 58880K(58880K)->57541K(58880K) From: 0K(57856K)->0K(57856K)
[232.279s][info][gc,heap        ] GC(972) ParOldGen: 346133K(349696K)->346133K(349696K)
[232.279s][info][gc,metaspace   ] GC(972) Metaspace: 119575K(124928K)->119575K(124928K) NonClass: 101509K(104320K)->101509K(104320K) Class: 18065K(20608K)->18065K(20608K)
[232.279s][info][gc             ] GC(972) Pause Full (Ergonomics) 395M->394M(455M) 49.934ms
[232.279s][info][gc,cpu         ] GC(972) User=0.19s Sys=0.00s Real=0.05s
[232.280s][info][gc,start       ] GC(973) Pause Full (Ergonomics)
[232.280s][info][gc,phases,start] GC(973) Marking Phase
[232.308s][info][gc,phases      ] GC(973) Marking Phase 28.554ms
[232.308s][info][gc,phases,start] GC(973) Summary Phase
[232.308s][info][gc,phases      ] GC(973) Summary Phase 0.021ms
[232.308s][info][gc,phases,start] GC(973) Adjust Roots
[232.310s][info][gc,phases      ] GC(973) Adjust Roots 2.144ms
[232.310s][info][gc,phases,start] GC(973) Compaction Phase
[232.318s][info][gc,phases      ] GC(973) Compaction Phase 7.540ms
[232.318s][info][gc,phases,start] GC(973) Post Compact
[232.320s][info][gc,phases      ] GC(973) Post Compact 2.058ms
[232.320s][info][gc,heap        ] GC(973) PSYoungGen: 58879K(116736K)->57534K(116736K) Eden: 58879K(58880K)->57534K(58880K) From: 0K(57856K)->0K(57856K)
[232.320s][info][gc,heap        ] GC(973) ParOldGen: 346133K(349696K)->346133K(349696K)
[232.320s][info][gc,metaspace   ] GC(973) Metaspace: 119580K(124928K)->119580K(124928K) NonClass: 101513K(104320K)->101513K(104320K) Class: 18066K(20608K)->18066K(20608K)
[232.320s][info][gc             ] GC(973) Pause Full (Ergonomics) 395M->394M(455M) 40.595ms
[232.320s][info][gc,cpu         ] GC(973) User=0.17s Sys=0.00s Real=0.03s
[232.321s][info][gc,start       ] GC(974) Pause Full (Ergonomics)
[232.321s][info][gc,phases,start] GC(974) Marking Phase
[232.345s][info][gc,phases      ] GC(974) Marking Phase 24.028ms
[232.345s][info][gc,phases,start] GC(974) Summary Phase
[232.345s][info][gc,phases      ] GC(974) Summary Phase 0.018ms
[232.345s][info][gc,phases,start] GC(974) Adjust Roots
[232.347s][info][gc,phases      ] GC(974) Adjust Roots 2.183ms
[232.347s][info][gc,phases,start] GC(974) Compaction Phase
[232.364s][info][gc,phases      ] GC(974) Compaction Phase 16.550ms
[232.364s][info][gc,phases,start] GC(974) Post Compact
[232.366s][info][gc,phases      ] GC(974) Post Compact 2.505ms
[232.367s][info][gc,heap        ] GC(974) PSYoungGen: 58879K(116736K)->57557K(116736K) Eden: 58879K(58880K)->57557K(58880K) From: 0K(57856K)->0K(57856K)
[232.367s][info][gc,heap        ] GC(974) ParOldGen: 346133K(349696K)->346133K(349696K)
[232.367s][info][gc,metaspace   ] GC(974) Metaspace: 119581K(124928K)->119581K(124928K) NonClass: 101515K(104320K)->101515K(104320K) Class: 18066K(20608K)->18066K(20608K)
[232.367s][info][gc             ] GC(974) Pause Full (Ergonomics) 395M->394M(455M) 45.669ms
[232.367s][info][gc,cpu         ] GC(974) User=0.22s Sys=0.00s Real=0.03s
[232.368s][info][gc,start       ] GC(975) Pause Full (Ergonomics)
[232.368s][info][gc,phases,start] GC(975) Marking Phase
[232.396s][info][gc,phases      ] GC(975) Marking Phase 27.918ms
[232.396s][info][gc,phases,start] GC(975) Summary Phase
[232.396s][info][gc,phases      ] GC(975) Summary Phase 0.019ms
[232.396s][info][gc,phases,start] GC(975) Adjust Roots
[232.398s][info][gc,phases      ] GC(975) Adjust Roots 2.143ms
[232.398s][info][gc,phases,start] GC(975) Compaction Phase
[232.405s][info][gc,phases      ] GC(975) Compaction Phase 7.120ms
[232.405s][info][gc,phases,start] GC(975) Post Compact
[232.407s][info][gc,phases      ] GC(975) Post Compact 2.103ms
[232.407s][info][gc,heap        ] GC(975) PSYoungGen: 58880K(116736K)->57571K(116736K) Eden: 58880K(58880K)->57571K(58880K) From: 0K(57856K)->0K(57856K)
[232.407s][info][gc,heap        ] GC(975) ParOldGen: 346133K(349696K)->346133K(349696K)
[232.407s][info][gc,metaspace   ] GC(975) Metaspace: 119581K(124928K)->119581K(124928K) NonClass: 101515K(104320K)->101515K(104320K) Class: 18066K(20608K)->18066K(20608K)
[232.407s][info][gc             ] GC(975) Pause Full (Ergonomics) 395M->394M(455M) 39.686ms
[232.407s][info][gc,cpu         ] GC(975) User=0.33s Sys=0.00s Real=0.03s
[232.408s][info][gc,start       ] GC(976) Pause Full (Ergonomics)
[232.408s][info][gc,phases,start] GC(976) Marking Phase
[232.440s][info][gc,phases      ] GC(976) Marking Phase 31.451ms
[232.440s][info][gc,phases,start] GC(976) Summary Phase
[232.440s][info][gc,phases      ] GC(976) Summary Phase 0.018ms
[232.440s][info][gc,phases,start] GC(976) Adjust Roots
[232.442s][info][gc,phases      ] GC(976) Adjust Roots 2.487ms
[232.442s][info][gc,phases,start] GC(976) Compaction Phase
[232.450s][info][gc,phases      ] GC(976) Compaction Phase 8.131ms
[232.450s][info][gc,phases,start] GC(976) Post Compact
[232.452s][info][gc,phases      ] GC(976) Post Compact 1.994ms
[232.452s][info][gc,heap        ] GC(976) PSYoungGen: 58880K(116736K)->57558K(116736K) Eden: 58880K(58880K)->57558K(58880K) From: 0K(57856K)->0K(57856K)
[232.452s][info][gc,heap        ] GC(976) ParOldGen: 346133K(349696K)->346133K(349696K)
[232.452s][info][gc,metaspace   ] GC(976) Metaspace: 119581K(124928K)->119581K(124928K) NonClass: 101515K(104320K)->101515K(104320K) Class: 18066K(20608K)->18066K(20608K)
[232.452s][info][gc             ] GC(976) Pause Full (Ergonomics) 395M->394M(455M) 44.378ms
[232.453s][info][gc,cpu         ] GC(976) User=0.38s Sys=0.00s Real=0.05s
[232.453s][info][gc,start       ] GC(977) Pause Full (Ergonomics)
[232.453s][info][gc,phases,start] GC(977) Marking Phase
[232.492s][info][gc,phases      ] GC(977) Marking Phase 38.860ms
[232.492s][info][gc,phases,start] GC(977) Summary Phase
[232.492s][info][gc,phases      ] GC(977) Summary Phase 0.020ms
[232.492s][info][gc,phases,start] GC(977) Adjust Roots
[232.495s][info][gc,phases      ] GC(977) Adjust Roots 3.180ms
[232.495s][info][gc,phases,start] GC(977) Compaction Phase
[232.506s][info][gc,phases      ] GC(977) Compaction Phase 10.916ms
[232.506s][info][gc,phases,start] GC(977) Post Compact
[232.509s][info][gc,phases      ] GC(977) Post Compact 2.571ms
[232.509s][info][gc,heap        ] GC(977) PSYoungGen: 58879K(116736K)->57589K(116736K) Eden: 58879K(58880K)->57589K(58880K) From: 0K(57856K)->0K(57856K)
[232.509s][info][gc,heap        ] GC(977) ParOldGen: 346133K(349696K)->346133K(349696K)
[232.509s][info][gc,metaspace   ] GC(977) Metaspace: 119581K(124928K)->119578K(124928K) NonClass: 101515K(104320K)->101512K(104320K) Class: 18066K(20608K)->18065K(20608K)
[232.509s][info][gc             ] GC(977) Pause Full (Ergonomics) 395M->394M(455M) 55.928ms
[232.509s][info][gc,cpu         ] GC(977) User=0.48s Sys=0.00s Real=0.06s
[232.510s][info][gc,start       ] GC(978) Pause Full (Ergonomics)
[232.510s][info][gc,phases,start] GC(978) Marking Phase
[232.542s][info][gc,phases      ] GC(978) Marking Phase 31.847ms
[232.542s][info][gc,phases,start] GC(978) Summary Phase
[232.542s][info][gc,phases      ] GC(978) Summary Phase 0.022ms
[232.542s][info][gc,phases,start] GC(978) Adjust Roots
[232.544s][info][gc,phases      ] GC(978) Adjust Roots 2.234ms
[232.544s][info][gc,phases,start] GC(978) Compaction Phase
[232.557s][info][gc,phases      ] GC(978) Compaction Phase 12.652ms
[232.557s][info][gc,phases,start] GC(978) Post Compact
[232.559s][info][gc,phases      ] GC(978) Post Compact 2.186ms
[232.559s][info][gc,heap        ] GC(978) PSYoungGen: 58880K(116736K)->57546K(116736K) Eden: 58880K(58880K)->57546K(58880K) From: 0K(57856K)->0K(57856K)
[232.559s][info][gc,heap        ] GC(978) ParOldGen: 346133K(349696K)->346133K(349696K)
[232.559s][info][gc,metaspace   ] GC(978) Metaspace: 119578K(124928K)->119578K(124928K) NonClass: 101512K(104320K)->101512K(104320K) Class: 18065K(20608K)->18065K(20608K)
[232.559s][info][gc             ] GC(978) Pause Full (Ergonomics) 395M->394M(455M) 49.236ms
[232.559s][info][gc,cpu         ] GC(978) User=0.20s Sys=0.00s Real=0.05s
[232.560s][info][gc,start       ] GC(979) Pause Full (Ergonomics)
[232.560s][info][gc,phases,start] GC(979) Marking Phase
[232.591s][info][gc,phases      ] GC(979) Marking Phase 30.999ms
[232.591s][info][gc,phases,start] GC(979) Summary Phase
[232.591s][info][gc,phases      ] GC(979) Summary Phase 0.017ms
[232.591s][info][gc,phases,start] GC(979) Adjust Roots
[232.593s][info][gc,phases      ] GC(979) Adjust Roots 2.157ms
[232.593s][info][gc,phases,start] GC(979) Compaction Phase
[232.601s][info][gc,phases      ] GC(979) Compaction Phase 7.440ms
[232.601s][info][gc,phases,start] GC(979) Post Compact
[232.603s][info][gc,phases      ] GC(979) Post Compact 1.929ms
[232.603s][info][gc,heap        ] GC(979) PSYoungGen: 58880K(116736K)->57664K(116736K) Eden: 58880K(58880K)->57664K(58880K) From: 0K(57856K)->0K(57856K)
[232.603s][info][gc,heap        ] GC(979) ParOldGen: 346133K(349696K)->346133K(349696K)
[232.603s][info][gc,metaspace   ] GC(979) Metaspace: 119578K(124928K)->119578K(124928K) NonClass: 101512K(104320K)->101512K(104320K) Class: 18065K(20608K)->18065K(20608K)
[232.603s][info][gc             ] GC(979) Pause Full (Ergonomics) 395M->394M(455M) 42.757ms
[232.603s][info][gc,cpu         ] GC(979) User=0.33s Sys=0.00s Real=0.05s
[232.603s][info][gc,start       ] GC(980) Pause Full (Ergonomics)
[232.603s][info][gc,phases,start] GC(980) Marking Phase
[232.631s][info][gc,phases      ] GC(980) Marking Phase 27.221ms
[232.631s][info][gc,phases,start] GC(980) Summary Phase
[232.631s][info][gc,phases      ] GC(980) Summary Phase 0.023ms
[232.631s][info][gc,phases,start] GC(980) Adjust Roots
[232.633s][info][gc,phases      ] GC(980) Adjust Roots 2.132ms
[232.633s][info][gc,phases,start] GC(980) Compaction Phase
[232.641s][info][gc,phases      ] GC(980) Compaction Phase 7.845ms
[232.641s][info][gc,phases,start] GC(980) Post Compact
[232.643s][info][gc,phases      ] GC(980) Post Compact 2.113ms
[232.643s][info][gc,heap        ] GC(980) PSYoungGen: 58880K(116736K)->57672K(116736K) Eden: 58880K(58880K)->57672K(58880K) From: 0K(57856K)->0K(57856K)
[232.643s][info][gc,heap        ] GC(980) ParOldGen: 346133K(349696K)->346133K(349696K)
[232.643s][info][gc,metaspace   ] GC(980) Metaspace: 119583K(124928K)->119583K(124928K) NonClass: 101516K(104320K)->101516K(104320K) Class: 18066K(20608K)->18066K(20608K)
[232.643s][info][gc             ] GC(980) Pause Full (Ergonomics) 395M->394M(455M) 39.563ms
[232.643s][info][gc,cpu         ] GC(980) User=0.28s Sys=0.00s Real=0.03s
[232.644s][info][gc,start       ] GC(981) Pause Full (Ergonomics)
[232.644s][info][gc,phases,start] GC(981) Marking Phase
[232.671s][info][gc,phases      ] GC(981) Marking Phase 26.853ms
[232.671s][info][gc,phases,start] GC(981) Summary Phase
[232.671s][info][gc,phases      ] GC(981) Summary Phase 0.023ms
[232.671s][info][gc,phases,start] GC(981) Adjust Roots
[232.673s][info][gc,phases      ] GC(981) Adjust Roots 2.147ms
[232.673s][info][gc,phases,start] GC(981) Compaction Phase
[232.681s][info][gc,phases      ] GC(981) Compaction Phase 7.826ms
[232.681s][info][gc,phases,start] GC(981) Post Compact
[232.683s][info][gc,phases      ] GC(981) Post Compact 1.997ms
[232.683s][info][gc,heap        ] GC(981) PSYoungGen: 58880K(116736K)->57719K(116736K) Eden: 58880K(58880K)->57719K(58880K) From: 0K(57856K)->0K(57856K)
[232.683s][info][gc,heap        ] GC(981) ParOldGen: 346133K(349696K)->346133K(349696K)
[232.683s][info][gc,metaspace   ] GC(981) Metaspace: 119584K(124928K)->119584K(124928K) NonClass: 101517K(104320K)->101517K(104320K) Class: 18066K(20608K)->18066K(20608K)
[232.683s][info][gc             ] GC(981) Pause Full (Ergonomics) 395M->394M(455M) 39.134ms
[232.683s][info][gc,cpu         ] GC(981) User=0.33s Sys=0.00s Real=0.05s
[232.684s][info][gc,start       ] GC(982) Pause Full (Ergonomics)
[232.684s][info][gc,phases,start] GC(982) Marking Phase
[232.710s][info][gc,phases      ] GC(982) Marking Phase 26.737ms
[232.711s][info][gc,phases,start] GC(982) Summary Phase
[232.711s][info][gc,phases      ] GC(982) Summary Phase 0.021ms
[232.711s][info][gc,phases,start] GC(982) Adjust Roots
[232.713s][info][gc,phases      ] GC(982) Adjust Roots 2.309ms
[232.713s][info][gc,phases,start] GC(982) Compaction Phase
[232.733s][info][gc,phases      ] GC(982) Compaction Phase 19.744ms
[232.733s][info][gc,phases,start] GC(982) Post Compact
[232.735s][info][gc,phases      ] GC(982) Post Compact 2.293ms
[232.735s][info][gc,heap        ] GC(982) PSYoungGen: 58879K(116736K)->57707K(116736K) Eden: 58879K(58880K)->57707K(58880K) From: 0K(57856K)->0K(57856K)
[232.735s][info][gc,heap        ] GC(982) ParOldGen: 346133K(349696K)->346131K(349696K)
[232.735s][info][gc,metaspace   ] GC(982) Metaspace: 119584K(124928K)->119584K(124928K) NonClass: 101518K(104320K)->101518K(104320K) Class: 18066K(20608K)->18066K(20608K)
[232.735s][info][gc             ] GC(982) Pause Full (Ergonomics) 395M->394M(455M) 51.407ms
[232.735s][info][gc,cpu         ] GC(982) User=0.48s Sys=0.00s Real=0.05s
[232.736s][info][gc,start       ] GC(983) Pause Full (Ergonomics)
[232.736s][info][gc,phases,start] GC(983) Marking Phase
[232.759s][info][gc,phases      ] GC(983) Marking Phase 22.998ms
[232.759s][info][gc,phases,start] GC(983) Summary Phase
[232.759s][info][gc,phases      ] GC(983) Summary Phase 0.019ms
[232.759s][info][gc,phases,start] GC(983) Adjust Roots
[232.761s][info][gc,phases      ] GC(983) Adjust Roots 2.509ms
[232.762s][info][gc,phases,start] GC(983) Compaction Phase
[232.780s][info][gc,phases      ] GC(983) Compaction Phase 18.556ms
[232.780s][info][gc,phases,start] GC(983) Post Compact
[232.783s][info][gc,phases      ] GC(983) Post Compact 2.627ms
[232.783s][info][gc,heap        ] GC(983) PSYoungGen: 58880K(116736K)->57672K(116736K) Eden: 58880K(58880K)->57672K(58880K) From: 0K(57856K)->0K(57856K)
[232.783s][info][gc,heap        ] GC(983) ParOldGen: 346131K(349696K)->346131K(349696K)
[232.783s][info][gc,metaspace   ] GC(983) Metaspace: 119587K(124928K)->119587K(124928K) NonClass: 101520K(104320K)->101520K(104320K) Class: 18066K(20608K)->18066K(20608K)
[232.783s][info][gc             ] GC(983) Pause Full (Ergonomics) 395M->394M(455M) 47.110ms
[232.783s][info][gc,cpu         ] GC(983) User=0.31s Sys=0.00s Real=0.03s
[232.784s][info][gc,start       ] GC(984) Pause Full (Ergonomics)
[232.784s][info][gc,phases,start] GC(984) Marking Phase
[232.818s][info][gc,phases      ] GC(984) Marking Phase 33.876ms
[232.818s][info][gc,phases,start] GC(984) Summary Phase
[232.818s][info][gc,phases      ] GC(984) Summary Phase 0.020ms
[232.818s][info][gc,phases,start] GC(984) Adjust Roots
[232.821s][info][gc,phases      ] GC(984) Adjust Roots 2.719ms
[232.821s][info][gc,phases,start] GC(984) Compaction Phase
[232.830s][info][gc,phases      ] GC(984) Compaction Phase 9.206ms
[232.830s][info][gc,phases,start] GC(984) Post Compact
[232.832s][info][gc,phases      ] GC(984) Post Compact 2.452ms
[232.832s][info][gc,heap        ] GC(984) PSYoungGen: 58880K(116736K)->57685K(116736K) Eden: 58880K(58880K)->57685K(58880K) From: 0K(57856K)->0K(57856K)
[232.832s][info][gc,heap        ] GC(984) ParOldGen: 346131K(349696K)->346131K(349696K)
[232.832s][info][gc,metaspace   ] GC(984) Metaspace: 119587K(124928K)->119584K(124928K) NonClass: 101520K(104320K)->101518K(104320K) Class: 18066K(20608K)->18066K(20608K)
[232.832s][info][gc             ] GC(984) Pause Full (Ergonomics) 395M->394M(455M) 48.670ms
[232.833s][info][gc,cpu         ] GC(984) User=0.36s Sys=0.00s Real=0.06s
[232.833s][info][gc,start       ] GC(985) Pause Full (Ergonomics)
[232.833s][info][gc,phases,start] GC(985) Marking Phase
[232.861s][info][gc,phases      ] GC(985) Marking Phase 27.873ms
[232.861s][info][gc,phases,start] GC(985) Summary Phase
[232.861s][info][gc,phases      ] GC(985) Summary Phase 0.022ms
[232.861s][info][gc,phases,start] GC(985) Adjust Roots
[232.864s][info][gc,phases      ] GC(985) Adjust Roots 2.469ms
[232.864s][info][gc,phases,start] GC(985) Compaction Phase
[232.883s][info][gc,phases      ] GC(985) Compaction Phase 19.099ms
[232.883s][info][gc,phases,start] GC(985) Post Compact
[232.885s][info][gc,phases      ] GC(985) Post Compact 2.311ms
[232.885s][info][gc,heap        ] GC(985) PSYoungGen: 58880K(116736K)->57654K(116736K) Eden: 58880K(58880K)->57654K(58880K) From: 0K(57856K)->0K(57856K)
[232.885s][info][gc,heap        ] GC(985) ParOldGen: 346131K(349696K)->346129K(349696K)
[232.885s][info][gc,metaspace   ] GC(985) Metaspace: 119587K(124928K)->119587K(124928K) NonClass: 101520K(104320K)->101520K(104320K) Class: 18066K(20608K)->18066K(20608K)
[232.885s][info][gc             ] GC(985) Pause Full (Ergonomics) 395M->394M(455M) 52.112ms
[232.886s][info][gc,cpu         ] GC(985) User=0.47s Sys=0.00s Real=0.05s
[232.886s][info][gc,start       ] GC(986) Pause Full (Ergonomics)
[232.886s][info][gc,phases,start] GC(986) Marking Phase
[232.909s][info][gc,phases      ] GC(986) Marking Phase 23.003ms
[232.909s][info][gc,phases,start] GC(986) Summary Phase
[232.909s][info][gc,phases      ] GC(986) Summary Phase 0.019ms
[232.909s][info][gc,phases,start] GC(986) Adjust Roots
[232.912s][info][gc,phases      ] GC(986) Adjust Roots 2.821ms
[232.912s][info][gc,phases,start] GC(986) Compaction Phase
[232.920s][info][gc,phases      ] GC(986) Compaction Phase 7.637ms
[232.920s][info][gc,phases,start] GC(986) Post Compact
[232.922s][info][gc,phases      ] GC(986) Post Compact 2.178ms
[232.922s][info][gc,heap        ] GC(986) PSYoungGen: 58880K(116736K)->57637K(116736K) Eden: 58880K(58880K)->57637K(58880K) From: 0K(57856K)->0K(57856K)
[232.922s][info][gc,heap        ] GC(986) ParOldGen: 346129K(349696K)->346129K(349696K)
[232.922s][info][gc,metaspace   ] GC(986) Metaspace: 119587K(124928K)->119587K(124928K) NonClass: 101520K(104320K)->101520K(104320K) Class: 18066K(20608K)->18066K(20608K)
[232.922s][info][gc             ] GC(986) Pause Full (Ergonomics) 395M->394M(455M) 35.974ms
[232.922s][info][gc,cpu         ] GC(986) User=0.17s Sys=0.00s Real=0.03s
[232.923s][info][gc,start       ] GC(987) Pause Full (Ergonomics)
[232.923s][info][gc,phases,start] GC(987) Marking Phase
[232.949s][info][gc,phases      ] GC(987) Marking Phase 25.517ms
[232.949s][info][gc,phases,start] GC(987) Summary Phase
[232.949s][info][gc,phases      ] GC(987) Summary Phase 0.021ms
[232.949s][info][gc,phases,start] GC(987) Adjust Roots
[232.951s][info][gc,phases      ] GC(987) Adjust Roots 2.302ms
[232.951s][info][gc,phases,start] GC(987) Compaction Phase
[232.970s][info][gc,phases      ] GC(987) Compaction Phase 18.743ms
[232.970s][info][gc,phases,start] GC(987) Post Compact
[232.972s][info][gc,phases      ] GC(987) Post Compact 2.291ms
[232.972s][info][gc,heap        ] GC(987) PSYoungGen: 58880K(116736K)->57646K(116736K) Eden: 58880K(58880K)->57646K(58880K) From: 0K(57856K)->0K(57856K)
[232.972s][info][gc,heap        ] GC(987) ParOldGen: 346129K(349696K)->346127K(349696K)
[232.972s][info][gc,metaspace   ] GC(987) Metaspace: 119587K(124928K)->119587K(124928K) NonClass: 101520K(104320K)->101520K(104320K) Class: 18066K(20608K)->18066K(20608K)
[232.972s][info][gc             ] GC(987) Pause Full (Ergonomics) 395M->394M(455M) 49.220ms
[232.972s][info][gc,cpu         ] GC(987) User=0.39s Sys=0.00s Real=0.05s
[232.973s][info][gc,start       ] GC(988) Pause Full (Ergonomics)
[232.973s][info][gc,phases,start] GC(988) Marking Phase
[232.998s][info][gc,phases      ] GC(988) Marking Phase 25.361ms
[232.998s][info][gc,phases,start] GC(988) Summary Phase
[232.999s][info][gc,phases      ] GC(988) Summary Phase 0.022ms
[232.999s][info][gc,phases,start] GC(988) Adjust Roots
[233.001s][info][gc,phases      ] GC(988) Adjust Roots 2.195ms
[233.001s][info][gc,phases,start] GC(988) Compaction Phase
[233.008s][info][gc,phases      ] GC(988) Compaction Phase 6.790ms
[233.008s][info][gc,phases,start] GC(988) Post Compact
[233.010s][info][gc,phases      ] GC(988) Post Compact 2.044ms
[233.010s][info][gc,heap        ] GC(988) PSYoungGen: 58880K(116736K)->57617K(116736K) Eden: 58880K(58880K)->57617K(58880K) From: 0K(57856K)->0K(57856K)
[233.010s][info][gc,heap        ] GC(988) ParOldGen: 346127K(349696K)->346127K(349696K)
[233.010s][info][gc,metaspace   ] GC(988) Metaspace: 119587K(124928K)->119587K(124928K) NonClass: 101520K(104320K)->101520K(104320K) Class: 18066K(20608K)->18066K(20608K)
[233.010s][info][gc             ] GC(988) Pause Full (Ergonomics) 395M->394M(455M) 36.688ms
[233.010s][info][gc,cpu         ] GC(988) User=0.23s Sys=0.00s Real=0.03s
[233.011s][info][gc,start       ] GC(989) Pause Full (Ergonomics)
[233.011s][info][gc,phases,start] GC(989) Marking Phase
[233.040s][info][gc,phases      ] GC(989) Marking Phase 28.940ms
[233.040s][info][gc,phases,start] GC(989) Summary Phase
[233.040s][info][gc,phases      ] GC(989) Summary Phase 0.020ms
[233.040s][info][gc,phases,start] GC(989) Adjust Roots
[233.042s][info][gc,phases      ] GC(989) Adjust Roots 2.112ms
[233.042s][info][gc,phases,start] GC(989) Compaction Phase
[233.050s][info][gc,phases      ] GC(989) Compaction Phase 8.157ms
[233.050s][info][gc,phases,start] GC(989) Post Compact
[233.052s][info][gc,phases      ] GC(989) Post Compact 1.977ms
[233.052s][info][gc,heap        ] GC(989) PSYoungGen: 58880K(116736K)->57651K(116736K) Eden: 58880K(58880K)->57651K(58880K) From: 0K(57856K)->0K(57856K)
[233.052s][info][gc,heap        ] GC(989) ParOldGen: 346127K(349696K)->346127K(349696K)
[233.052s][info][gc,metaspace   ] GC(989) Metaspace: 119590K(124928K)->119590K(124928K) NonClass: 101522K(104320K)->101522K(104320K) Class: 18067K(20608K)->18067K(20608K)
[233.052s][info][gc             ] GC(989) Pause Full (Ergonomics) 395M->394M(455M) 41.481ms
[233.052s][info][gc,cpu         ] GC(989) User=0.33s Sys=0.00s Real=0.05s
[233.053s][info][gc,start       ] GC(990) Pause Full (Ergonomics)
[233.053s][info][gc,phases,start] GC(990) Marking Phase
[233.079s][info][gc,phases      ] GC(990) Marking Phase 25.801ms
[233.079s][info][gc,phases,start] GC(990) Summary Phase
[233.079s][info][gc,phases      ] GC(990) Summary Phase 0.019ms
[233.079s][info][gc,phases,start] GC(990) Adjust Roots
[233.082s][info][gc,phases      ] GC(990) Adjust Roots 3.500ms
[233.082s][info][gc,phases,start] GC(990) Compaction Phase
[233.092s][info][gc,phases      ] GC(990) Compaction Phase 9.440ms
[233.092s][info][gc,phases,start] GC(990) Post Compact
[233.094s][info][gc,phases      ] GC(990) Post Compact 2.104ms
[233.094s][info][gc,heap        ] GC(990) PSYoungGen: 58880K(116736K)->57676K(116736K) Eden: 58880K(58880K)->57676K(58880K) From: 0K(57856K)->0K(57856K)
[233.094s][info][gc,heap        ] GC(990) ParOldGen: 346127K(349696K)->346127K(349696K)
[233.094s][info][gc,metaspace   ] GC(990) Metaspace: 119591K(124928K)->119591K(124928K) NonClass: 101523K(104320K)->101523K(104320K) Class: 18067K(20608K)->18067K(20608K)
[233.094s][info][gc             ] GC(990) Pause Full (Ergonomics) 395M->394M(455M) 41.197ms
[233.094s][info][gc,cpu         ] GC(990) User=0.17s Sys=0.00s Real=0.03s
[233.095s][info][gc,start       ] GC(991) Pause Full (Ergonomics)
[233.095s][info][gc,phases,start] GC(991) Marking Phase
[233.121s][info][gc,phases      ] GC(991) Marking Phase 25.908ms
[233.121s][info][gc,phases,start] GC(991) Summary Phase
[233.121s][info][gc,phases      ] GC(991) Summary Phase 0.021ms
[233.121s][info][gc,phases,start] GC(991) Adjust Roots
[233.123s][info][gc,phases      ] GC(991) Adjust Roots 2.314ms
[233.123s][info][gc,phases,start] GC(991) Compaction Phase
[233.142s][info][gc,phases      ] GC(991) Compaction Phase 18.649ms
[233.142s][info][gc,phases,start] GC(991) Post Compact
[233.144s][info][gc,phases      ] GC(991) Post Compact 2.409ms
[233.144s][info][gc,heap        ] GC(991) PSYoungGen: 58880K(116736K)->57730K(116736K) Eden: 58880K(58880K)->57730K(58880K) From: 0K(57856K)->0K(57856K)
[233.144s][info][gc,heap        ] GC(991) ParOldGen: 346127K(349696K)->346125K(349696K)
[233.144s][info][gc,metaspace   ] GC(991) Metaspace: 119594K(124928K)->119594K(124928K) NonClass: 101526K(104320K)->101526K(104320K) Class: 18067K(20608K)->18067K(20608K)
[233.144s][info][gc             ] GC(991) Pause Full (Ergonomics) 395M->394M(455M) 49.627ms
[233.144s][info][gc,cpu         ] GC(991) User=0.47s Sys=0.00s Real=0.05s
[233.145s][info][gc,start       ] GC(992) Pause Full (Ergonomics)
[233.145s][info][gc,phases,start] GC(992) Marking Phase
[233.170s][info][gc,phases      ] GC(992) Marking Phase 25.059ms
[233.170s][info][gc,phases,start] GC(992) Summary Phase
[233.170s][info][gc,phases      ] GC(992) Summary Phase 0.043ms
[233.170s][info][gc,phases,start] GC(992) Adjust Roots
[233.173s][info][gc,phases      ] GC(992) Adjust Roots 2.199ms
[233.173s][info][gc,phases,start] GC(992) Compaction Phase
[233.180s][info][gc,phases      ] GC(992) Compaction Phase 7.364ms
[233.180s][info][gc,phases,start] GC(992) Post Compact
[233.183s][info][gc,phases      ] GC(992) Post Compact 2.468ms
[233.183s][info][gc,heap        ] GC(992) PSYoungGen: 58880K(116736K)->57740K(116736K) Eden: 58880K(58880K)->57740K(58880K) From: 0K(57856K)->0K(57856K)
[233.183s][info][gc,heap        ] GC(992) ParOldGen: 346125K(349696K)->346125K(349696K)
[233.183s][info][gc,metaspace   ] GC(992) Metaspace: 119594K(124928K)->119594K(124928K) NonClass: 101526K(104320K)->101526K(104320K) Class: 18067K(20608K)->18067K(20608K)
[233.183s][info][gc             ] GC(992) Pause Full (Ergonomics) 395M->394M(455M) 37.514ms
[233.183s][info][gc,cpu         ] GC(992) User=0.17s Sys=0.00s Real=0.03s
[233.184s][info][gc,start       ] GC(993) Pause Full (Ergonomics)
[233.184s][info][gc,phases,start] GC(993) Marking Phase
[233.211s][info][gc,phases      ] GC(993) Marking Phase 27.869ms
[233.212s][info][gc,phases,start] GC(993) Summary Phase
[233.212s][info][gc,phases      ] GC(993) Summary Phase 0.021ms
[233.212s][info][gc,phases,start] GC(993) Adjust Roots
[233.214s][info][gc,phases      ] GC(993) Adjust Roots 2.296ms
[233.214s][info][gc,phases,start] GC(993) Compaction Phase
[233.233s][info][gc,phases      ] GC(993) Compaction Phase 19.354ms
[233.233s][info][gc,phases,start] GC(993) Post Compact
[233.236s][info][gc,phases      ] GC(993) Post Compact 2.423ms
[233.236s][info][gc,heap        ] GC(993) PSYoungGen: 58880K(116736K)->57656K(116736K) Eden: 58880K(58880K)->57656K(58880K) From: 0K(57856K)->0K(57856K)
[233.236s][info][gc,heap        ] GC(993) ParOldGen: 346125K(349696K)->346123K(349696K)
[233.236s][info][gc,metaspace   ] GC(993) Metaspace: 119594K(124928K)->119594K(124928K) NonClass: 101526K(104320K)->101526K(104320K) Class: 18067K(20608K)->18067K(20608K)
[233.236s][info][gc             ] GC(993) Pause Full (Ergonomics) 395M->394M(455M) 52.306ms
[233.236s][info][gc,cpu         ] GC(993) User=0.47s Sys=0.00s Real=0.05s
[233.237s][info][gc,start       ] GC(994) Pause Full (Ergonomics)
[233.237s][info][gc,phases,start] GC(994) Marking Phase
[233.259s][info][gc,phases      ] GC(994) Marking Phase 22.384ms
[233.259s][info][gc,phases,start] GC(994) Summary Phase
[233.259s][info][gc,phases      ] GC(994) Summary Phase 0.020ms
[233.259s][info][gc,phases,start] GC(994) Adjust Roots
[233.261s][info][gc,phases      ] GC(994) Adjust Roots 2.160ms
[233.261s][info][gc,phases,start] GC(994) Compaction Phase
[233.268s][info][gc,phases      ] GC(994) Compaction Phase 6.381ms
[233.268s][info][gc,phases,start] GC(994) Post Compact
[233.270s][info][gc,phases      ] GC(994) Post Compact 2.161ms
[233.270s][info][gc,heap        ] GC(994) PSYoungGen: 58880K(116736K)->57705K(116736K) Eden: 58880K(58880K)->57705K(58880K) From: 0K(57856K)->0K(57856K)
[233.270s][info][gc,heap        ] GC(994) ParOldGen: 346123K(349696K)->346123K(349696K)
[233.270s][info][gc,metaspace   ] GC(994) Metaspace: 119594K(124928K)->119594K(124928K) NonClass: 101526K(104320K)->101526K(104320K) Class: 18067K(20608K)->18067K(20608K)
[233.270s][info][gc             ] GC(994) Pause Full (Ergonomics) 395M->394M(455M) 33.409ms
[233.270s][info][gc,cpu         ] GC(994) User=0.19s Sys=0.00s Real=0.03s
[233.271s][info][gc,start       ] GC(995) Pause Full (Ergonomics)
[233.271s][info][gc,phases,start] GC(995) Marking Phase
[233.305s][info][gc,phases      ] GC(995) Marking Phase 34.045ms
[233.305s][info][gc,phases,start] GC(995) Summary Phase
[233.305s][info][gc,phases      ] GC(995) Summary Phase 0.020ms
[233.305s][info][gc,phases,start] GC(995) Adjust Roots
[233.308s][info][gc,phases      ] GC(995) Adjust Roots 3.392ms
[233.308s][info][gc,phases,start] GC(995) Compaction Phase
[233.329s][info][gc,phases      ] GC(995) Compaction Phase 20.383ms
[233.329s][info][gc,phases,start] GC(995) Post Compact
[233.331s][info][gc,phases      ] GC(995) Post Compact 2.685ms
[233.332s][info][gc,heap        ] GC(995) PSYoungGen: 58879K(116736K)->57741K(116736K) Eden: 58879K(58880K)->57741K(58880K) From: 0K(57856K)->0K(57856K)
[233.332s][info][gc,heap        ] GC(995) ParOldGen: 346123K(349696K)->346121K(349696K)
[233.332s][info][gc,metaspace   ] GC(995) Metaspace: 119594K(124928K)->119591K(124928K) NonClass: 101526K(104320K)->101523K(104320K) Class: 18067K(20608K)->18067K(20608K)
[233.332s][info][gc             ] GC(995) Pause Full (Ergonomics) 395M->394M(455M) 60.922ms
[233.332s][info][gc,cpu         ] GC(995) User=0.34s Sys=0.00s Real=0.06s
[233.333s][info][gc,start       ] GC(996) Pause Full (Ergonomics)
[233.333s][info][gc,phases,start] GC(996) Marking Phase
[233.354s][info][gc,phases      ] GC(996) Marking Phase 21.542ms
[233.354s][info][gc,phases,start] GC(996) Summary Phase
[233.354s][info][gc,phases      ] GC(996) Summary Phase 0.019ms
[233.354s][info][gc,phases,start] GC(996) Adjust Roots
[233.357s][info][gc,phases      ] GC(996) Adjust Roots 3.278ms
[233.358s][info][gc,phases,start] GC(996) Compaction Phase
[233.368s][info][gc,phases      ] GC(996) Compaction Phase 10.278ms
[233.368s][info][gc,phases,start] GC(996) Post Compact
[233.370s][info][gc,phases      ] GC(996) Post Compact 2.001ms
[233.370s][info][gc,heap        ] GC(996) PSYoungGen: 58879K(116736K)->57772K(116736K) Eden: 58879K(58880K)->57772K(58880K) From: 0K(57856K)->0K(57856K)
[233.370s][info][gc,heap        ] GC(996) ParOldGen: 346121K(349696K)->346121K(349696K)
[233.370s][info][gc,metaspace   ] GC(996) Metaspace: 119591K(124928K)->119591K(124928K) NonClass: 101523K(104320K)->101523K(104320K) Class: 18067K(20608K)->18067K(20608K)
[233.370s][info][gc             ] GC(996) Pause Full (Ergonomics) 395M->394M(455M) 37.436ms
[233.370s][info][gc,cpu         ] GC(996) User=0.19s Sys=0.00s Real=0.04s
[233.371s][info][gc,start       ] GC(997) Pause Full (Ergonomics)
[233.371s][info][gc,phases,start] GC(997) Marking Phase
[233.398s][info][gc,phases      ] GC(997) Marking Phase 26.842ms
[233.398s][info][gc,phases,start] GC(997) Summary Phase
[233.398s][info][gc,phases      ] GC(997) Summary Phase 0.031ms
[233.398s][info][gc,phases,start] GC(997) Adjust Roots
[233.400s][info][gc,phases      ] GC(997) Adjust Roots 2.688ms
[233.400s][info][gc,phases,start] GC(997) Compaction Phase
[233.421s][info][gc,phases      ] GC(997) Compaction Phase 20.342ms
[233.421s][info][gc,phases,start] GC(997) Post Compact
[233.423s][info][gc,phases      ] GC(997) Post Compact 2.625ms
[233.423s][info][gc,heap        ] GC(997) PSYoungGen: 58880K(116736K)->57718K(116736K) Eden: 58880K(58880K)->57718K(58880K) From: 0K(57856K)->0K(57856K)
[233.423s][info][gc,heap        ] GC(997) ParOldGen: 346121K(349696K)->346119K(349696K)
[233.424s][info][gc,metaspace   ] GC(997) Metaspace: 119594K(124928K)->119594K(124928K) NonClass: 101526K(104320K)->101526K(104320K) Class: 18067K(20608K)->18067K(20608K)
[233.424s][info][gc             ] GC(997) Pause Full (Ergonomics) 395M->394M(455M) 52.905ms
[233.424s][info][gc,cpu         ] GC(997) User=0.47s Sys=0.00s Real=0.05s
[233.424s][info][gc,start       ] GC(998) Pause Full (Ergonomics)
[233.424s][info][gc,phases,start] GC(998) Marking Phase
[233.450s][info][gc,phases      ] GC(998) Marking Phase 25.716ms
[233.450s][info][gc,phases,start] GC(998) Summary Phase
[233.450s][info][gc,phases      ] GC(998) Summary Phase 0.044ms
[233.450s][info][gc,phases,start] GC(998) Adjust Roots
[233.453s][info][gc,phases      ] GC(998) Adjust Roots 2.540ms
[233.453s][info][gc,phases,start] GC(998) Compaction Phase
[233.469s][info][gc,phases      ] GC(998) Compaction Phase 15.952ms
[233.469s][info][gc,phases,start] GC(998) Post Compact
[233.471s][info][gc,phases      ] GC(998) Post Compact 2.497ms
[233.472s][info][gc,heap        ] GC(998) PSYoungGen: 58600K(116736K)->57701K(116736K) Eden: 58600K(58880K)->57701K(58880K) From: 0K(57856K)->0K(57856K)
[233.472s][info][gc,heap        ] GC(998) ParOldGen: 346119K(349696K)->346119K(349696K)
[233.472s][info][gc,metaspace   ] GC(998) Metaspace: 119594K(124928K)->119594K(124928K) NonClass: 101526K(104320K)->101526K(104320K) Class: 18067K(20608K)->18067K(20608K)
[233.472s][info][gc             ] GC(998) Pause Full (Ergonomics) 395M->394M(455M) 47.170ms
[233.472s][info][gc,cpu         ] GC(998) User=0.22s Sys=0.00s Real=0.05s
[233.472s][info][gc,start       ] GC(999) Pause Full (Ergonomics)
[233.472s][info][gc,phases,start] GC(999) Marking Phase
[233.516s][info][gc,phases      ] GC(999) Marking Phase 43.721ms
[233.516s][info][gc,phases,start] GC(999) Summary Phase
[233.516s][info][gc,phases      ] GC(999) Summary Phase 0.019ms
[233.516s][info][gc,phases,start] GC(999) Adjust Roots
[233.520s][info][gc,phases      ] GC(999) Adjust Roots 3.589ms
[233.520s][info][gc,phases,start] GC(999) Compaction Phase
[233.532s][info][gc,phases      ] GC(999) Compaction Phase 11.955ms
[233.532s][info][gc,phases,start] GC(999) Post Compact
[233.534s][info][gc,phases      ] GC(999) Post Compact 2.540ms
[233.534s][info][gc,heap        ] GC(999) PSYoungGen: 58880K(116736K)->58054K(116736K) Eden: 58880K(58880K)->58054K(58880K) From: 0K(57856K)->0K(57856K)
[233.534s][info][gc,heap        ] GC(999) ParOldGen: 346119K(349696K)->346119K(349696K)
[233.534s][info][gc,metaspace   ] GC(999) Metaspace: 119594K(124928K)->119591K(124928K) NonClass: 101526K(104320K)->101524K(104320K) Class: 18067K(20608K)->18067K(20608K)
[233.535s][info][gc             ] GC(999) Pause Full (Ergonomics) 395M->394M(455M) 62.257ms
[233.535s][info][gc,cpu         ] GC(999) User=0.39s Sys=0.00s Real=0.06s
[233.535s][info][gc,start       ] GC(1000) Pause Full (Ergonomics)
[233.535s][info][gc,phases,start] GC(1000) Marking Phase
[233.571s][info][gc,phases      ] GC(1000) Marking Phase 35.763ms
[233.571s][info][gc,phases,start] GC(1000) Summary Phase
[233.571s][info][gc,phases      ] GC(1000) Summary Phase 0.044ms
[233.571s][info][gc,phases,start] GC(1000) Adjust Roots
[233.574s][info][gc,phases      ] GC(1000) Adjust Roots 2.501ms
[233.574s][info][gc,phases,start] GC(1000) Compaction Phase
[233.594s][info][gc,phases      ] GC(1000) Compaction Phase 19.799ms
[233.594s][info][gc,phases,start] GC(1000) Post Compact
[233.596s][info][gc,phases      ] GC(1000) Post Compact 2.622ms
[233.596s][info][gc,heap        ] GC(1000) PSYoungGen: 58880K(116736K)->58263K(116736K) Eden: 58880K(58880K)->58263K(58880K) From: 0K(57856K)->0K(57856K)
[233.596s][info][gc,heap        ] GC(1000) ParOldGen: 346119K(349696K)->346117K(349696K)
[233.596s][info][gc,metaspace   ] GC(1000) Metaspace: 119591K(124928K)->119591K(124928K) NonClass: 101524K(104320K)->101524K(104320K) Class: 18067K(20608K)->18067K(20608K)
[233.596s][info][gc             ] GC(1000) Pause Full (Ergonomics) 395M->394M(455M) 61.191ms
[233.596s][info][gc,cpu         ] GC(1000) User=0.33s Sys=0.00s Real=0.05s
[233.597s][info][gc,start       ] GC(1001) Pause Full (Ergonomics)
[233.597s][info][gc,phases,start] GC(1001) Marking Phase
[233.622s][info][gc,phases      ] GC(1001) Marking Phase 24.832ms
[233.622s][info][gc,phases,start] GC(1001) Summary Phase
[233.622s][info][gc,phases      ] GC(1001) Summary Phase 0.044ms
[233.622s][info][gc,phases,start] GC(1001) Adjust Roots
[233.624s][info][gc,phases      ] GC(1001) Adjust Roots 2.189ms
[233.624s][info][gc,phases,start] GC(1001) Compaction Phase
[233.631s][info][gc,phases      ] GC(1001) Compaction Phase 6.932ms
[233.631s][info][gc,phases,start] GC(1001) Post Compact
[233.634s][info][gc,phases      ] GC(1001) Post Compact 2.472ms
[233.634s][info][gc,heap        ] GC(1001) PSYoungGen: 58880K(116736K)->58039K(116736K) Eden: 58880K(58880K)->58039K(58880K) From: 0K(57856K)->0K(57856K)
[233.634s][info][gc,heap        ] GC(1001) ParOldGen: 346117K(349696K)->346117K(349696K)
[233.634s][info][gc,metaspace   ] GC(1001) Metaspace: 119591K(124928K)->119591K(124928K) NonClass: 101524K(104320K)->101524K(104320K) Class: 18067K(20608K)->18067K(20608K)
[233.634s][info][gc             ] GC(1001) Pause Full (Ergonomics) 395M->394M(455M) 36.892ms
[233.634s][info][gc,cpu         ] GC(1001) User=0.39s Sys=0.00s Real=0.05s
[233.635s][info][gc,start       ] GC(1002) Pause Full (Ergonomics)
[233.635s][info][gc,phases,start] GC(1002) Marking Phase
[233.663s][info][gc,phases      ] GC(1002) Marking Phase 28.133ms
[233.663s][info][gc,phases,start] GC(1002) Summary Phase
[233.663s][info][gc,phases      ] GC(1002) Summary Phase 0.020ms
[233.663s][info][gc,phases,start] GC(1002) Adjust Roots
[233.665s][info][gc,phases      ] GC(1002) Adjust Roots 2.138ms
[233.665s][info][gc,phases,start] GC(1002) Compaction Phase
[233.672s][info][gc,phases      ] GC(1002) Compaction Phase 6.868ms
[233.672s][info][gc,phases,start] GC(1002) Post Compact
[233.674s][info][gc,phases      ] GC(1002) Post Compact 2.057ms
[233.674s][info][gc,heap        ] GC(1002) PSYoungGen: 58879K(116736K)->58047K(116736K) Eden: 58879K(58880K)->58047K(58880K) From: 0K(57856K)->0K(57856K)
[233.674s][info][gc,heap        ] GC(1002) ParOldGen: 346117K(349696K)->346117K(349696K)
[233.674s][info][gc,metaspace   ] GC(1002) Metaspace: 119591K(124928K)->119591K(124928K) NonClass: 101524K(104320K)->101524K(104320K) Class: 18067K(20608K)->18067K(20608K)
[233.674s][info][gc             ] GC(1002) Pause Full (Ergonomics) 395M->394M(455M) 39.482ms
[233.674s][info][gc,cpu         ] GC(1002) User=0.17s Sys=0.00s Real=0.03s
[233.675s][info][gc,start       ] GC(1003) Pause Full (Ergonomics)
[233.675s][info][gc,phases,start] GC(1003) Marking Phase
[233.701s][info][gc,phases      ] GC(1003) Marking Phase 26.460ms
[233.701s][info][gc,phases,start] GC(1003) Summary Phase
[233.701s][info][gc,phases      ] GC(1003) Summary Phase 0.045ms
[233.701s][info][gc,phases,start] GC(1003) Adjust Roots
[233.704s][info][gc,phases      ] GC(1003) Adjust Roots 2.608ms
[233.704s][info][gc,phases,start] GC(1003) Compaction Phase
[233.724s][info][gc,phases      ] GC(1003) Compaction Phase 20.027ms
[233.724s][info][gc,phases,start] GC(1003) Post Compact
[233.727s][info][gc,phases      ] GC(1003) Post Compact 2.625ms
[233.727s][info][gc,heap        ] GC(1003) PSYoungGen: 58880K(116736K)->58090K(116736K) Eden: 58880K(58880K)->58090K(58880K) From: 0K(57856K)->0K(57856K)
[233.727s][info][gc,heap        ] GC(1003) ParOldGen: 346117K(349696K)->346115K(349696K)
[233.727s][info][gc,metaspace   ] GC(1003) Metaspace: 119591K(124928K)->119591K(124928K) NonClass: 101524K(104320K)->101524K(104320K) Class: 18067K(20608K)->18067K(20608K)
[233.727s][info][gc             ] GC(1003) Pause Full (Ergonomics) 395M->394M(455M) 52.184ms
[233.727s][info][gc,cpu         ] GC(1003) User=0.45s Sys=0.00s Real=0.05s
[233.728s][info][gc,start       ] GC(1004) Pause Full (Ergonomics)
[233.728s][info][gc,phases,start] GC(1004) Marking Phase
[233.752s][info][gc,phases      ] GC(1004) Marking Phase 24.584ms
[233.752s][info][gc,phases,start] GC(1004) Summary Phase
[233.752s][info][gc,phases      ] GC(1004) Summary Phase 0.022ms
[233.752s][info][gc,phases,start] GC(1004) Adjust Roots
[233.755s][info][gc,phases      ] GC(1004) Adjust Roots 2.192ms
[233.755s][info][gc,phases,start] GC(1004) Compaction Phase
[233.761s][info][gc,phases      ] GC(1004) Compaction Phase 6.699ms
[233.761s][info][gc,phases,start] GC(1004) Post Compact
[233.763s][info][gc,phases      ] GC(1004) Post Compact 2.058ms
[233.763s][info][gc,heap        ] GC(1004) PSYoungGen: 58879K(116736K)->58117K(116736K) Eden: 58879K(58880K)->58117K(58880K) From: 0K(57856K)->0K(57856K)
[233.764s][info][gc,heap        ] GC(1004) ParOldGen: 346115K(349696K)->346115K(349696K)
[233.764s][info][gc,metaspace   ] GC(1004) Metaspace: 119593K(124928K)->119593K(124928K) NonClass: 101525K(104320K)->101525K(104320K) Class: 18067K(20608K)->18067K(20608K)
[233.764s][info][gc             ] GC(1004) Pause Full (Ergonomics) 395M->394M(455M) 35.821ms
[233.764s][info][gc,cpu         ] GC(1004) User=0.31s Sys=0.00s Real=0.03s
[233.764s][info][gc,start       ] GC(1005) Pause Full (Ergonomics)
[233.764s][info][gc,phases,start] GC(1005) Marking Phase
[233.793s][info][gc,phases      ] GC(1005) Marking Phase 28.800ms
[233.793s][info][gc,phases,start] GC(1005) Summary Phase
[233.793s][info][gc,phases      ] GC(1005) Summary Phase 0.023ms
[233.793s][info][gc,phases,start] GC(1005) Adjust Roots
[233.795s][info][gc,phases      ] GC(1005) Adjust Roots 2.176ms
[233.795s][info][gc,phases,start] GC(1005) Compaction Phase
[233.802s][info][gc,phases      ] GC(1005) Compaction Phase 7.110ms
[233.802s][info][gc,phases,start] GC(1005) Post Compact
[233.805s][info][gc,phases      ] GC(1005) Post Compact 2.509ms
[233.805s][info][gc,heap        ] GC(1005) PSYoungGen: 58880K(116736K)->58112K(116736K) Eden: 58880K(58880K)->58112K(58880K) From: 0K(57856K)->0K(57856K)
[233.805s][info][gc,heap        ] GC(1005) ParOldGen: 346115K(349696K)->346115K(349696K)
[233.805s][info][gc,metaspace   ] GC(1005) Metaspace: 119596K(124928K)->119596K(124928K) NonClass: 101528K(104320K)->101528K(104320K) Class: 18068K(20608K)->18068K(20608K)
[233.805s][info][gc             ] GC(1005) Pause Full (Ergonomics) 395M->394M(455M) 40.996ms
[233.805s][info][gc,cpu         ] GC(1005) User=0.38s Sys=0.00s Real=0.05s
[233.806s][info][gc,start       ] GC(1006) Pause Full (Ergonomics)
[233.806s][info][gc,phases,start] GC(1006) Marking Phase
[233.831s][info][gc,phases      ] GC(1006) Marking Phase 25.685ms
[233.832s][info][gc,phases,start] GC(1006) Summary Phase
[233.832s][info][gc,phases      ] GC(1006) Summary Phase 0.019ms
[233.832s][info][gc,phases,start] GC(1006) Adjust Roots
[233.835s][info][gc,phases      ] GC(1006) Adjust Roots 3.035ms
[233.835s][info][gc,phases,start] GC(1006) Compaction Phase
[233.855s][info][gc,phases      ] GC(1006) Compaction Phase 19.978ms
[233.855s][info][gc,phases,start] GC(1006) Post Compact
[233.857s][info][gc,phases      ] GC(1006) Post Compact 2.031ms
[233.857s][info][gc,heap        ] GC(1006) PSYoungGen: 58880K(116736K)->51332K(116736K) Eden: 58880K(58880K)->51332K(58880K) From: 0K(57856K)->0K(57856K)
[233.857s][info][gc,heap        ] GC(1006) ParOldGen: 346115K(349696K)->348170K(349696K)
[233.857s][info][gc,metaspace   ] GC(1006) Metaspace: 119596K(124928K)->119596K(124928K) NonClass: 101528K(104320K)->101528K(104320K) Class: 18068K(20608K)->18068K(20608K)
[233.857s][info][gc             ] GC(1006) Pause Full (Ergonomics) 395M->390M(455M) 50.999ms
[233.857s][info][gc,cpu         ] GC(1006) User=0.47s Sys=0.00s Real=0.05s
[233.859s][info][gc,start       ] GC(1007) Pause Full (Ergonomics)
[233.859s][info][gc,phases,start] GC(1007) Marking Phase
[233.882s][info][gc,phases      ] GC(1007) Marking Phase 22.932ms
[233.882s][info][gc,phases,start] GC(1007) Summary Phase
[233.882s][info][gc,phases      ] GC(1007) Summary Phase 0.019ms
[233.882s][info][gc,phases,start] GC(1007) Adjust Roots
[233.885s][info][gc,phases      ] GC(1007) Adjust Roots 2.466ms
[233.885s][info][gc,phases,start] GC(1007) Compaction Phase
[233.904s][info][gc,phases      ] GC(1007) Compaction Phase 19.448ms
[233.904s][info][gc,phases,start] GC(1007) Post Compact
[233.907s][info][gc,phases      ] GC(1007) Post Compact 2.640ms
[233.907s][info][gc,heap        ] GC(1007) PSYoungGen: 58879K(116736K)->51505K(116736K) Eden: 58879K(58880K)->51505K(58880K) From: 0K(57856K)->0K(57856K)
[233.907s][info][gc,heap        ] GC(1007) ParOldGen: 348170K(349696K)->348098K(349696K)
[233.907s][info][gc,metaspace   ] GC(1007) Metaspace: 119596K(124928K)->119596K(124928K) NonClass: 101528K(104320K)->101528K(104320K) Class: 18068K(20608K)->18068K(20608K)
[233.907s][info][gc             ] GC(1007) Pause Full (Ergonomics) 397M->390M(455M) 47.888ms
[233.907s][info][gc,cpu         ] GC(1007) User=0.33s Sys=0.00s Real=0.05s
[233.909s][info][gc,start       ] GC(1008) Pause Full (Ergonomics)
[233.909s][info][gc,phases,start] GC(1008) Marking Phase
[233.945s][info][gc,phases      ] GC(1008) Marking Phase 36.023ms
[233.946s][info][gc,phases,start] GC(1008) Summary Phase
[233.946s][info][gc,phases      ] GC(1008) Summary Phase 0.019ms
[233.946s][info][gc,phases,start] GC(1008) Adjust Roots
[233.948s][info][gc,phases      ] GC(1008) Adjust Roots 2.887ms
[233.948s][info][gc,phases,start] GC(1008) Compaction Phase
[233.970s][info][gc,phases      ] GC(1008) Compaction Phase 21.470ms
[233.970s][info][gc,phases,start] GC(1008) Post Compact
[233.972s][info][gc,phases      ] GC(1008) Post Compact 2.090ms
[233.972s][info][gc,heap        ] GC(1008) PSYoungGen: 58879K(116736K)->51759K(116736K) Eden: 58879K(58880K)->51759K(58880K) From: 0K(57856K)->0K(57856K)
[233.972s][info][gc,heap        ] GC(1008) ParOldGen: 348098K(349696K)->348079K(349696K)
[233.972s][info][gc,metaspace   ] GC(1008) Metaspace: 119600K(124928K)->119593K(124928K) NonClass: 101531K(104320K)->101525K(104320K) Class: 18069K(20608K)->18067K(20608K)
[233.972s][info][gc             ] GC(1008) Pause Full (Ergonomics) 397M->390M(455M) 62.784ms
[233.972s][info][gc,cpu         ] GC(1008) User=0.53s Sys=0.02s Real=0.06s
[233.975s][info][gc,start       ] GC(1009) Pause Full (Ergonomics)
[233.975s][info][gc,phases,start] GC(1009) Marking Phase
[233.997s][info][gc,phases      ] GC(1009) Marking Phase 22.751ms
[233.998s][info][gc,phases,start] GC(1009) Summary Phase
[233.998s][info][gc,phases      ] GC(1009) Summary Phase 0.018ms
[233.998s][info][gc,phases,start] GC(1009) Adjust Roots
[234.000s][info][gc,phases      ] GC(1009) Adjust Roots 2.511ms
[234.000s][info][gc,phases,start] GC(1009) Compaction Phase
[234.021s][info][gc,phases      ] GC(1009) Compaction Phase 20.705ms
[234.021s][info][gc,phases,start] GC(1009) Post Compact
[234.023s][info][gc,phases      ] GC(1009) Post Compact 2.488ms
[234.023s][info][gc,heap        ] GC(1009) PSYoungGen: 58879K(116736K)->51774K(116736K) Eden: 58879K(58880K)->51774K(58880K) From: 0K(57856K)->0K(57856K)
[234.023s][info][gc,heap        ] GC(1009) ParOldGen: 348079K(349696K)->348074K(349696K)
[234.023s][info][gc,metaspace   ] GC(1009) Metaspace: 119600K(124928K)->119600K(124928K) NonClass: 101530K(104320K)->101530K(104320K) Class: 18069K(20608K)->18069K(20608K)
[234.023s][info][gc             ] GC(1009) Pause Full (Ergonomics) 397M->390M(455M) 48.776ms
[234.024s][info][gc,cpu         ] GC(1009) User=0.47s Sys=0.00s Real=0.05s
[234.026s][info][gc,start       ] GC(1010) Pause Full (Ergonomics)
[234.026s][info][gc,phases,start] GC(1010) Marking Phase
[234.056s][info][gc,phases      ] GC(1010) Marking Phase 30.090ms
[234.056s][info][gc,phases,start] GC(1010) Summary Phase
[234.056s][info][gc,phases      ] GC(1010) Summary Phase 0.029ms
[234.056s][info][gc,phases,start] GC(1010) Adjust Roots
[234.058s][info][gc,phases      ] GC(1010) Adjust Roots 2.177ms
[234.058s][info][gc,phases,start] GC(1010) Compaction Phase
[234.074s][info][gc,phases      ] GC(1010) Compaction Phase 15.521ms
[234.074s][info][gc,phases,start] GC(1010) Post Compact
[234.076s][info][gc,phases      ] GC(1010) Post Compact 2.282ms
[234.076s][info][gc,heap        ] GC(1010) PSYoungGen: 58880K(116736K)->52168K(116736K) Eden: 58880K(58880K)->52168K(58880K) From: 0K(57856K)->0K(57856K)
[234.076s][info][gc,heap        ] GC(1010) ParOldGen: 348074K(349696K)->348074K(349696K)
[234.076s][info][gc,metaspace   ] GC(1010) Metaspace: 119608K(124928K)->119608K(124928K) NonClass: 101537K(104320K)->101537K(104320K) Class: 18071K(20608K)->18071K(20608K)
[234.076s][info][gc             ] GC(1010) Pause Full (Ergonomics) 397M->390M(455M) 50.382ms
[234.076s][info][gc,cpu         ] GC(1010) User=0.22s Sys=0.00s Real=0.05s
[234.078s][info][gc,start       ] GC(1011) Pause Full (Ergonomics)
[234.078s][info][gc,phases,start] GC(1011) Marking Phase
[234.122s][info][gc,phases      ] GC(1011) Marking Phase 43.937ms
[234.122s][info][gc,phases,start] GC(1011) Summary Phase
[234.122s][info][gc,phases      ] GC(1011) Summary Phase 0.021ms
[234.122s][info][gc,phases,start] GC(1011) Adjust Roots
[234.126s][info][gc,phases      ] GC(1011) Adjust Roots 3.316ms
[234.126s][info][gc,phases,start] GC(1011) Compaction Phase
[234.142s][info][gc,phases      ] GC(1011) Compaction Phase 16.626ms
[234.142s][info][gc,phases,start] GC(1011) Post Compact
[234.145s][info][gc,phases      ] GC(1011) Post Compact 2.231ms
[234.145s][info][gc,heap        ] GC(1011) PSYoungGen: 58879K(116736K)->52407K(116736K) Eden: 58879K(58880K)->52407K(58880K) From: 0K(57856K)->0K(57856K)
[234.145s][info][gc,heap        ] GC(1011) ParOldGen: 348074K(349696K)->348074K(349696K)
[234.145s][info][gc,metaspace   ] GC(1011) Metaspace: 119613K(124928K)->119610K(124928K) NonClass: 101540K(104320K)->101537K(104320K) Class: 18072K(20608K)->18072K(20608K)
[234.145s][info][gc             ] GC(1011) Pause Full (Ergonomics) 397M->391M(455M) 66.394ms
[234.145s][info][gc,cpu         ] GC(1011) User=0.41s Sys=0.00s Real=0.06s
[234.147s][info][gc,start       ] GC(1012) Pause Full (Ergonomics)
[234.147s][info][gc,phases,start] GC(1012) Marking Phase
[234.179s][info][gc,phases      ] GC(1012) Marking Phase 31.764ms
[234.179s][info][gc,phases,start] GC(1012) Summary Phase
[234.179s][info][gc,phases      ] GC(1012) Summary Phase 0.018ms
[234.179s][info][gc,phases,start] GC(1012) Adjust Roots
[234.181s][info][gc,phases      ] GC(1012) Adjust Roots 2.184ms
[234.181s][info][gc,phases,start] GC(1012) Compaction Phase
[234.196s][info][gc,phases      ] GC(1012) Compaction Phase 15.097ms
[234.196s][info][gc,phases,start] GC(1012) Post Compact
[234.198s][info][gc,phases      ] GC(1012) Post Compact 2.180ms
[234.199s][info][gc,heap        ] GC(1012) PSYoungGen: 58880K(116736K)->52557K(116736K) Eden: 58880K(58880K)->52557K(58880K) From: 0K(57856K)->0K(57856K)
[234.199s][info][gc,heap        ] GC(1012) ParOldGen: 348074K(349696K)->348074K(349696K)
[234.199s][info][gc,metaspace   ] GC(1012) Metaspace: 119615K(124928K)->119615K(124928K) NonClass: 101542K(104320K)->101542K(104320K) Class: 18073K(20608K)->18073K(20608K)
[234.199s][info][gc             ] GC(1012) Pause Full (Ergonomics) 397M->391M(455M) 51.532ms
[234.199s][info][gc,cpu         ] GC(1012) User=0.34s Sys=0.00s Real=0.06s
[234.201s][info][gc,start       ] GC(1013) Pause Full (Ergonomics)
[234.201s][info][gc,phases,start] GC(1013) Marking Phase
[234.232s][info][gc,phases      ] GC(1013) Marking Phase 31.630ms
[234.232s][info][gc,phases,start] GC(1013) Summary Phase
[234.232s][info][gc,phases      ] GC(1013) Summary Phase 0.019ms
[234.232s][info][gc,phases,start] GC(1013) Adjust Roots
[234.235s][info][gc,phases      ] GC(1013) Adjust Roots 2.449ms
[234.235s][info][gc,phases,start] GC(1013) Compaction Phase
[234.256s][info][gc,phases      ] GC(1013) Compaction Phase 20.776ms
[234.256s][info][gc,phases,start] GC(1013) Post Compact
[234.259s][info][gc,phases      ] GC(1013) Post Compact 2.659ms
[234.259s][info][gc,heap        ] GC(1013) PSYoungGen: 58880K(116736K)->52814K(116736K) Eden: 58880K(58880K)->52814K(58880K) From: 0K(57856K)->0K(57856K)
[234.259s][info][gc,heap        ] GC(1013) ParOldGen: 348074K(349696K)->347980K(349696K)
[234.259s][info][gc,metaspace   ] GC(1013) Metaspace: 119619K(124928K)->119619K(124928K) NonClass: 101545K(104320K)->101545K(104320K) Class: 18074K(20608K)->18074K(20608K)
[234.259s][info][gc             ] GC(1013) Pause Full (Ergonomics) 397M->391M(455M) 57.953ms
[234.259s][info][gc,cpu         ] GC(1013) User=0.48s Sys=0.00s Real=0.06s
[234.261s][info][gc,start       ] GC(1014) Pause Full (Ergonomics)
[234.261s][info][gc,phases,start] GC(1014) Marking Phase
[234.284s][info][gc,phases      ] GC(1014) Marking Phase 23.349ms
[234.284s][info][gc,phases,start] GC(1014) Summary Phase
[234.284s][info][gc,phases      ] GC(1014) Summary Phase 0.020ms
[234.284s][info][gc,phases,start] GC(1014) Adjust Roots
[234.286s][info][gc,phases      ] GC(1014) Adjust Roots 2.219ms
[234.286s][info][gc,phases,start] GC(1014) Compaction Phase
[234.305s][info][gc,phases      ] GC(1014) Compaction Phase 18.998ms
[234.305s][info][gc,phases,start] GC(1014) Post Compact
[234.308s][info][gc,phases      ] GC(1014) Post Compact 2.564ms
[234.308s][info][gc,heap        ] GC(1014) PSYoungGen: 58880K(116736K)->52745K(116736K) Eden: 58880K(58880K)->52745K(58880K) From: 0K(57856K)->0K(57856K)
[234.308s][info][gc,heap        ] GC(1014) ParOldGen: 347980K(349696K)->347980K(349696K)
[234.308s][info][gc,metaspace   ] GC(1014) Metaspace: 119621K(124928K)->119621K(124928K) NonClass: 101546K(104320K)->101546K(104320K) Class: 18074K(20608K)->18074K(20608K)
[234.308s][info][gc             ] GC(1014) Pause Full (Ergonomics) 397M->391M(455M) 47.503ms
[234.308s][info][gc,cpu         ] GC(1014) User=0.33s Sys=0.00s Real=0.05s
[234.310s][info][gc,start       ] GC(1015) Pause Full (Ergonomics)
[234.311s][info][gc,phases,start] GC(1015) Marking Phase
[234.336s][info][gc,phases      ] GC(1015) Marking Phase 25.273ms
[234.336s][info][gc,phases,start] GC(1015) Summary Phase
[234.336s][info][gc,phases      ] GC(1015) Summary Phase 0.035ms
[234.336s][info][gc,phases,start] GC(1015) Adjust Roots
[234.338s][info][gc,phases      ] GC(1015) Adjust Roots 2.340ms
[234.338s][info][gc,phases,start] GC(1015) Compaction Phase
[234.357s][info][gc,phases      ] GC(1015) Compaction Phase 19.021ms
[234.357s][info][gc,phases,start] GC(1015) Post Compact
[234.360s][info][gc,phases      ] GC(1015) Post Compact 2.634ms
[234.360s][info][gc,heap        ] GC(1015) PSYoungGen: 58880K(116736K)->52725K(116736K) Eden: 58880K(58880K)->52725K(58880K) From: 0K(57856K)->0K(57856K)
[234.360s][info][gc,heap        ] GC(1015) ParOldGen: 347980K(349696K)->347979K(349696K)
[234.360s][info][gc,metaspace   ] GC(1015) Metaspace: 119623K(124928K)->119623K(124928K) NonClass: 101548K(104320K)->101548K(104320K) Class: 18075K(20608K)->18075K(20608K)
[234.360s][info][gc             ] GC(1015) Pause Full (Ergonomics) 397M->391M(455M) 49.772ms
[234.360s][info][gc,cpu         ] GC(1015) User=0.33s Sys=0.00s Real=0.05s
[234.362s][info][gc,start       ] GC(1016) Pause Full (Ergonomics)
[234.363s][info][gc,phases,start] GC(1016) Marking Phase
[234.397s][info][gc,phases      ] GC(1016) Marking Phase 34.388ms
[234.397s][info][gc,phases,start] GC(1016) Summary Phase
[234.397s][info][gc,phases      ] GC(1016) Summary Phase 0.020ms
[234.397s][info][gc,phases,start] GC(1016) Adjust Roots
[234.400s][info][gc,phases      ] GC(1016) Adjust Roots 2.881ms
[234.400s][info][gc,phases,start] GC(1016) Compaction Phase
[234.411s][info][gc,phases      ] GC(1016) Compaction Phase 11.043ms
[234.411s][info][gc,phases,start] GC(1016) Post Compact
[234.413s][info][gc,phases      ] GC(1016) Post Compact 2.380ms
[234.413s][info][gc,heap        ] GC(1016) PSYoungGen: 58880K(116736K)->52682K(116736K) Eden: 58880K(58880K)->52682K(58880K) From: 0K(57856K)->0K(57856K)
[234.413s][info][gc,heap        ] GC(1016) ParOldGen: 347979K(349696K)->347979K(349696K)
[234.413s][info][gc,metaspace   ] GC(1016) Metaspace: 119631K(124928K)->119628K(124928K) NonClass: 101555K(104320K)->101552K(104320K) Class: 18076K(20608K)->18075K(20608K)
[234.413s][info][gc             ] GC(1016) Pause Full (Ergonomics) 397M->391M(455M) 51.035ms
[234.414s][info][gc,cpu         ] GC(1016) User=0.19s Sys=0.00s Real=0.05s
[234.416s][info][gc,start       ] GC(1017) Pause Full (Ergonomics)
[234.416s][info][gc,phases,start] GC(1017) Marking Phase
[234.457s][info][gc,phases      ] GC(1017) Marking Phase 40.873ms
[234.457s][info][gc,phases,start] GC(1017) Summary Phase
[234.457s][info][gc,phases      ] GC(1017) Summary Phase 0.019ms
[234.457s][info][gc,phases,start] GC(1017) Adjust Roots
[234.460s][info][gc,phases      ] GC(1017) Adjust Roots 3.108ms
[234.460s][info][gc,phases,start] GC(1017) Compaction Phase
[234.481s][info][gc,phases      ] GC(1017) Compaction Phase 20.801ms
[234.481s][info][gc,phases,start] GC(1017) Post Compact
[234.483s][info][gc,phases      ] GC(1017) Post Compact 2.314ms
[234.483s][info][gc,heap        ] GC(1017) PSYoungGen: 58879K(116736K)->52716K(116736K) Eden: 58879K(58880K)->52716K(58880K) From: 0K(57856K)->0K(57856K)
[234.483s][info][gc,heap        ] GC(1017) ParOldGen: 347979K(349696K)->347979K(349696K)
[234.483s][info][gc,metaspace   ] GC(1017) Metaspace: 119638K(124928K)->119636K(124928K) NonClass: 101559K(104320K)->101558K(104320K) Class: 18078K(20608K)->18078K(20608K)
[234.483s][info][gc             ] GC(1017) Pause Full (Ergonomics) 397M->391M(455M) 67.435ms
[234.483s][info][gc,cpu         ] GC(1017) User=0.48s Sys=0.00s Real=0.06s
[234.485s][info][gc,start       ] GC(1018) Pause Full (Ergonomics)
[234.485s][info][gc,phases,start] GC(1018) Marking Phase
[234.520s][info][gc,phases      ] GC(1018) Marking Phase 35.129ms
[234.521s][info][gc,phases,start] GC(1018) Summary Phase
[234.521s][info][gc,phases      ] GC(1018) Summary Phase 0.019ms
[234.521s][info][gc,phases,start] GC(1018) Adjust Roots
[234.524s][info][gc,phases      ] GC(1018) Adjust Roots 3.104ms
[234.524s][info][gc,phases,start] GC(1018) Compaction Phase
[234.545s][info][gc,phases      ] GC(1018) Compaction Phase 21.461ms
[234.545s][info][gc,phases,start] GC(1018) Post Compact
[234.548s][info][gc,phases      ] GC(1018) Post Compact 2.691ms
[234.548s][info][gc,heap        ] GC(1018) PSYoungGen: 58879K(116736K)->52715K(116736K) Eden: 58879K(58880K)->52715K(58880K) From: 0K(57856K)->0K(57856K)
[234.548s][info][gc,heap        ] GC(1018) ParOldGen: 347979K(349696K)->347979K(349696K)
[234.548s][info][gc,metaspace   ] GC(1018) Metaspace: 119642K(124928K)->119640K(124928K) NonClass: 101562K(104320K)->101561K(104320K) Class: 18080K(20608K)->18079K(20608K)
[234.548s][info][gc             ] GC(1018) Pause Full (Ergonomics) 397M->391M(455M) 62.839ms
[234.548s][info][gc,cpu         ] GC(1018) User=0.42s Sys=0.00s Real=0.06s
[234.551s][info][gc,start       ] GC(1019) Pause Full (Ergonomics)
[234.551s][info][gc,phases,start] GC(1019) Marking Phase
[234.590s][info][gc,phases      ] GC(1019) Marking Phase 39.038ms
[234.590s][info][gc,phases,start] GC(1019) Summary Phase
[234.590s][info][gc,phases      ] GC(1019) Summary Phase 0.019ms
[234.590s][info][gc,phases,start] GC(1019) Adjust Roots
[234.593s][info][gc,phases      ] GC(1019) Adjust Roots 2.923ms
[234.593s][info][gc,phases,start] GC(1019) Compaction Phase
[234.603s][info][gc,phases      ] GC(1019) Compaction Phase 10.736ms
[234.603s][info][gc,phases,start] GC(1019) Post Compact
[234.606s][info][gc,phases      ] GC(1019) Post Compact 2.469ms
[234.606s][info][gc,heap        ] GC(1019) PSYoungGen: 58880K(116736K)->52710K(116736K) Eden: 58880K(58880K)->52710K(58880K) From: 0K(57856K)->0K(57856K)
[234.606s][info][gc,heap        ] GC(1019) ParOldGen: 347979K(349696K)->347979K(349696K)
[234.606s][info][gc,metaspace   ] GC(1019) Metaspace: 119647K(124928K)->119646K(124928K) NonClass: 101567K(104320K)->101565K(104320K) Class: 18080K(20608K)->18080K(20608K)
[234.606s][info][gc             ] GC(1019) Pause Full (Ergonomics) 397M->391M(455M) 55.560ms
[234.606s][info][gc,cpu         ] GC(1019) User=0.22s Sys=0.00s Real=0.05s
[234.608s][info][gc,start       ] GC(1020) Pause Full (Ergonomics)
[234.608s][info][gc,phases,start] GC(1020) Marking Phase
[234.652s][info][gc,phases      ] GC(1020) Marking Phase 43.837ms
[234.652s][info][gc,phases,start] GC(1020) Summary Phase
[234.652s][info][gc,phases      ] GC(1020) Summary Phase 0.019ms
[234.652s][info][gc,phases,start] GC(1020) Adjust Roots
[234.656s][info][gc,phases      ] GC(1020) Adjust Roots 3.684ms
[234.656s][info][gc,phases,start] GC(1020) Compaction Phase
[234.672s][info][gc,phases      ] GC(1020) Compaction Phase 16.239ms
[234.672s][info][gc,phases,start] GC(1020) Post Compact
[234.674s][info][gc,phases      ] GC(1020) Post Compact 2.061ms
[234.674s][info][gc,heap        ] GC(1020) PSYoungGen: 58879K(116736K)->53628K(116736K) Eden: 58879K(58880K)->53628K(58880K) From: 0K(57856K)->0K(57856K)
[234.674s][info][gc,heap        ] GC(1020) ParOldGen: 347979K(349696K)->347979K(349696K)
[234.674s][info][gc,metaspace   ] GC(1020) Metaspace: 119658K(124928K)->119656K(124928K) NonClass: 101574K(104320K)->101573K(104320K) Class: 18083K(20608K)->18083K(20608K)
[234.674s][info][gc             ] GC(1020) Pause Full (Ergonomics) 397M->392M(455M) 66.100ms
[234.674s][info][gc,cpu         ] GC(1020) User=0.44s Sys=0.00s Real=0.06s
[234.676s][info][gc,start       ] GC(1021) Pause Full (Ergonomics)
[234.676s][info][gc,phases,start] GC(1021) Marking Phase
[234.724s][info][gc,phases      ] GC(1021) Marking Phase 47.077ms
[234.724s][info][gc,phases,start] GC(1021) Summary Phase
[234.724s][info][gc,phases      ] GC(1021) Summary Phase 0.019ms
[234.724s][info][gc,phases,start] GC(1021) Adjust Roots
[234.727s][info][gc,phases      ] GC(1021) Adjust Roots 3.606ms
[234.727s][info][gc,phases,start] GC(1021) Compaction Phase
[234.738s][info][gc,phases      ] GC(1021) Compaction Phase 10.745ms
[234.738s][info][gc,phases,start] GC(1021) Post Compact
[234.740s][info][gc,phases      ] GC(1021) Post Compact 2.058ms
[234.740s][info][gc,heap        ] GC(1021) PSYoungGen: 58880K(116736K)->53361K(116736K) Eden: 58880K(58880K)->53361K(58880K) From: 0K(57856K)->0K(57856K)
[234.740s][info][gc,heap        ] GC(1021) ParOldGen: 347979K(349696K)->347978K(349696K)
[234.740s][info][gc,metaspace   ] GC(1021) Metaspace: 119663K(124928K)->119657K(124928K) NonClass: 101578K(104320K)->101574K(104320K) Class: 18084K(20608K)->18083K(20608K)
[234.740s][info][gc             ] GC(1021) Pause Full (Ergonomics) 397M->391M(455M) 63.807ms
[234.740s][info][gc,cpu         ] GC(1021) User=0.39s Sys=0.00s Real=0.06s
[234.742s][info][gc,start       ] GC(1022) Pause Full (Ergonomics)
[234.742s][info][gc,phases,start] GC(1022) Marking Phase
[234.772s][info][gc,phases      ] GC(1022) Marking Phase 30.002ms
[234.772s][info][gc,phases,start] GC(1022) Summary Phase
[234.772s][info][gc,phases      ] GC(1022) Summary Phase 0.021ms
[234.772s][info][gc,phases,start] GC(1022) Adjust Roots
[234.775s][info][gc,phases      ] GC(1022) Adjust Roots 2.602ms
[234.775s][info][gc,phases,start] GC(1022) Compaction Phase
[234.796s][info][gc,phases      ] GC(1022) Compaction Phase 21.542ms
[234.796s][info][gc,phases,start] GC(1022) Post Compact
[234.799s][info][gc,phases      ] GC(1022) Post Compact 2.175ms
[234.799s][info][gc,heap        ] GC(1022) PSYoungGen: 58880K(116736K)->54161K(116736K) Eden: 58880K(58880K)->54161K(58880K) From: 0K(57856K)->0K(57856K)
[234.799s][info][gc,heap        ] GC(1022) ParOldGen: 347978K(349696K)->347587K(349696K)
[234.799s][info][gc,metaspace   ] GC(1022) Metaspace: 119660K(124928K)->119660K(124928K) NonClass: 101576K(104320K)->101576K(104320K) Class: 18083K(20608K)->18083K(20608K)
[234.799s][info][gc             ] GC(1022) Pause Full (Ergonomics) 397M->392M(455M) 56.613ms
[234.799s][info][gc,cpu         ] GC(1022) User=0.33s Sys=0.00s Real=0.05s
[234.801s][info][gc,start       ] GC(1023) Pause Full (Ergonomics)
[234.801s][info][gc,phases,start] GC(1023) Marking Phase
[234.825s][info][gc,phases      ] GC(1023) Marking Phase 24.351ms
[234.825s][info][gc,phases,start] GC(1023) Summary Phase
[234.825s][info][gc,phases      ] GC(1023) Summary Phase 0.019ms
[234.825s][info][gc,phases,start] GC(1023) Adjust Roots
[234.827s][info][gc,phases      ] GC(1023) Adjust Roots 2.307ms
[234.827s][info][gc,phases,start] GC(1023) Compaction Phase
[234.841s][info][gc,phases      ] GC(1023) Compaction Phase 13.571ms
[234.841s][info][gc,phases,start] GC(1023) Post Compact
[234.844s][info][gc,phases      ] GC(1023) Post Compact 2.495ms
[234.844s][info][gc,heap        ] GC(1023) PSYoungGen: 58879K(116736K)->54416K(116736K) Eden: 58879K(58880K)->54416K(58880K) From: 0K(57856K)->0K(57856K)
[234.844s][info][gc,heap        ] GC(1023) ParOldGen: 347587K(349696K)->347587K(349696K)
[234.844s][info][gc,metaspace   ] GC(1023) Metaspace: 119676K(124928K)->119676K(124928K) NonClass: 101590K(104320K)->101590K(104320K) Class: 18085K(20608K)->18085K(20608K)
[234.844s][info][gc             ] GC(1023) Pause Full (Ergonomics) 396M->392M(455M) 43.165ms
[234.844s][info][gc,cpu         ] GC(1023) User=0.39s Sys=0.00s Real=0.05s
[234.846s][info][gc,start       ] GC(1024) Pause Full (Ergonomics)
[234.847s][info][gc,phases,start] GC(1024) Marking Phase
[234.876s][info][gc,phases      ] GC(1024) Marking Phase 29.632ms
[234.876s][info][gc,phases,start] GC(1024) Summary Phase
[234.876s][info][gc,phases      ] GC(1024) Summary Phase 0.045ms
[234.876s][info][gc,phases,start] GC(1024) Adjust Roots
[234.879s][info][gc,phases      ] GC(1024) Adjust Roots 2.844ms
[234.879s][info][gc,phases,start] GC(1024) Compaction Phase
[234.887s][info][gc,phases      ] GC(1024) Compaction Phase 8.312ms
[234.888s][info][gc,phases,start] GC(1024) Post Compact
[234.890s][info][gc,phases      ] GC(1024) Post Compact 2.537ms
[234.890s][info][gc,heap        ] GC(1024) PSYoungGen: 58880K(116736K)->54322K(116736K) Eden: 58880K(58880K)->54322K(58880K) From: 0K(57856K)->0K(57856K)
[234.890s][info][gc,heap        ] GC(1024) ParOldGen: 347587K(349696K)->347587K(349696K)
[234.890s][info][gc,metaspace   ] GC(1024) Metaspace: 119686K(124928K)->119686K(124928K) NonClass: 101599K(104320K)->101599K(104320K) Class: 18087K(20608K)->18087K(20608K)
[234.890s][info][gc             ] GC(1024) Pause Full (Ergonomics) 396M->392M(455M) 43.811ms
[234.890s][info][gc,cpu         ] GC(1024) User=0.17s Sys=0.00s Real=0.03s
[234.892s][info][gc,start       ] GC(1025) Pause Full (Ergonomics)
[234.892s][info][gc,phases,start] GC(1025) Marking Phase
[234.936s][info][gc,phases      ] GC(1025) Marking Phase 43.578ms
[234.936s][info][gc,phases,start] GC(1025) Summary Phase
[234.936s][info][gc,phases      ] GC(1025) Summary Phase 0.019ms
[234.936s][info][gc,phases,start] GC(1025) Adjust Roots
[234.940s][info][gc,phases      ] GC(1025) Adjust Roots 3.952ms
[234.940s][info][gc,phases,start] GC(1025) Compaction Phase
[234.963s][info][gc,phases      ] GC(1025) Compaction Phase 23.414ms
[234.963s][info][gc,phases,start] GC(1025) Post Compact
[234.966s][info][gc,phases      ] GC(1025) Post Compact 2.475ms
[234.966s][info][gc,heap        ] GC(1025) PSYoungGen: 58880K(116736K)->54354K(116736K) Eden: 58880K(58880K)->54354K(58880K) From: 0K(57856K)->0K(57856K)
[234.966s][info][gc,heap        ] GC(1025) ParOldGen: 347587K(349696K)->347583K(349696K)
[234.966s][info][gc,metaspace   ] GC(1025) Metaspace: 119692K(124928K)->119688K(124928K) NonClass: 101603K(104320K)->101600K(104320K) Class: 18088K(20608K)->18088K(20608K)
[234.966s][info][gc             ] GC(1025) Pause Full (Ergonomics) 396M->392M(455M) 73.856ms
[234.966s][info][gc,cpu         ] GC(1025) User=0.34s Sys=0.00s Real=0.06s
[234.968s][info][gc,start       ] GC(1026) Pause Full (Ergonomics)
[234.968s][info][gc,phases,start] GC(1026) Marking Phase
[234.991s][info][gc,phases      ] GC(1026) Marking Phase 23.362ms
[234.991s][info][gc,phases,start] GC(1026) Summary Phase
[234.992s][info][gc,phases      ] GC(1026) Summary Phase 0.026ms
[234.992s][info][gc,phases,start] GC(1026) Adjust Roots
[234.994s][info][gc,phases      ] GC(1026) Adjust Roots 2.408ms
[234.994s][info][gc,phases,start] GC(1026) Compaction Phase
[235.014s][info][gc,phases      ] GC(1026) Compaction Phase 20.332ms
[235.014s][info][gc,phases,start] GC(1026) Post Compact
[235.017s][info][gc,phases      ] GC(1026) Post Compact 2.511ms
[235.017s][info][gc,heap        ] GC(1026) PSYoungGen: 58879K(116736K)->54370K(116736K) Eden: 58879K(58880K)->54370K(58880K) From: 0K(57856K)->0K(57856K)
[235.017s][info][gc,heap        ] GC(1026) ParOldGen: 347583K(349696K)->347583K(349696K)
[235.017s][info][gc,metaspace   ] GC(1026) Metaspace: 119701K(124928K)->119701K(124928K) NonClass: 101610K(104320K)->101610K(104320K) Class: 18091K(20608K)->18091K(20608K)
[235.017s][info][gc             ] GC(1026) Pause Full (Ergonomics) 396M->392M(455M) 49.026ms
[235.017s][info][gc,cpu         ] GC(1026) User=0.47s Sys=0.00s Real=0.05s
[235.019s][info][gc,start       ] GC(1027) Pause Full (Ergonomics)
[235.019s][info][gc,phases,start] GC(1027) Marking Phase
[235.062s][info][gc,phases      ] GC(1027) Marking Phase 42.555ms
[235.062s][info][gc,phases,start] GC(1027) Summary Phase
[235.062s][info][gc,phases      ] GC(1027) Summary Phase 0.031ms
[235.062s][info][gc,phases,start] GC(1027) Adjust Roots
[235.066s][info][gc,phases      ] GC(1027) Adjust Roots 3.900ms
[235.066s][info][gc,phases,start] GC(1027) Compaction Phase
[235.089s][info][gc,phases      ] GC(1027) Compaction Phase 23.255ms
[235.089s][info][gc,phases,start] GC(1027) Post Compact
[235.092s][info][gc,phases      ] GC(1027) Post Compact 2.699ms
[235.092s][info][gc,heap        ] GC(1027) PSYoungGen: 58880K(116736K)->54323K(116736K) Eden: 58880K(58880K)->54323K(58880K) From: 0K(57856K)->0K(57856K)
[235.092s][info][gc,heap        ] GC(1027) ParOldGen: 347583K(349696K)->347583K(349696K)
[235.092s][info][gc,metaspace   ] GC(1027) Metaspace: 119713K(124928K)->119698K(124928K) NonClass: 101619K(104320K)->101607K(104320K) Class: 18093K(20608K)->18091K(20608K)
[235.092s][info][gc             ] GC(1027) Pause Full (Ergonomics) 396M->392M(455M) 72.840ms
[235.092s][info][gc,cpu         ] GC(1027) User=0.34s Sys=0.00s Real=0.06s
[235.094s][info][gc,start       ] GC(1028) Pause Full (Ergonomics)
[235.094s][info][gc,phases,start] GC(1028) Marking Phase
[235.128s][info][gc,phases      ] GC(1028) Marking Phase 33.826ms
[235.128s][info][gc,phases,start] GC(1028) Summary Phase
[235.128s][info][gc,phases      ] GC(1028) Summary Phase 0.019ms
[235.128s][info][gc,phases,start] GC(1028) Adjust Roots
[235.131s][info][gc,phases      ] GC(1028) Adjust Roots 2.935ms
[235.131s][info][gc,phases,start] GC(1028) Compaction Phase
[235.145s][info][gc,phases      ] GC(1028) Compaction Phase 14.596ms
[235.146s][info][gc,phases,start] GC(1028) Post Compact
[235.148s][info][gc,phases      ] GC(1028) Post Compact 2.320ms
[235.148s][info][gc,heap        ] GC(1028) PSYoungGen: 58879K(116736K)->54521K(116736K) Eden: 58879K(58880K)->54521K(58880K) From: 0K(57856K)->0K(57856K)
[235.148s][info][gc,heap        ] GC(1028) ParOldGen: 347583K(349696K)->347583K(349696K)
[235.148s][info][gc,metaspace   ] GC(1028) Metaspace: 119712K(124928K)->119712K(124928K) NonClass: 101616K(104320K)->101616K(104320K) Class: 18095K(20608K)->18095K(20608K)
[235.148s][info][gc             ] GC(1028) Pause Full (Ergonomics) 396M->392M(455M) 54.049ms
[235.148s][info][gc,cpu         ] GC(1028) User=0.36s Sys=0.00s Real=0.07s
[235.150s][info][gc,start       ] GC(1029) Pause Full (Ergonomics)
[235.150s][info][gc,phases,start] GC(1029) Marking Phase
[235.182s][info][gc,phases      ] GC(1029) Marking Phase 31.364ms
[235.182s][info][gc,phases,start] GC(1029) Summary Phase
[235.182s][info][gc,phases      ] GC(1029) Summary Phase 0.047ms
[235.182s][info][gc,phases,start] GC(1029) Adjust Roots
[235.184s][info][gc,phases      ] GC(1029) Adjust Roots 2.408ms
[235.184s][info][gc,phases,start] GC(1029) Compaction Phase
[235.203s][info][gc,phases      ] GC(1029) Compaction Phase 18.792ms
[235.203s][info][gc,phases,start] GC(1029) Post Compact
[235.206s][info][gc,phases      ] GC(1029) Post Compact 2.636ms
[235.206s][info][gc,heap        ] GC(1029) PSYoungGen: 58880K(116736K)->54614K(116736K) Eden: 58880K(58880K)->54614K(58880K) From: 0K(57856K)->0K(57856K)
[235.206s][info][gc,heap        ] GC(1029) ParOldGen: 347583K(349696K)->347582K(349696K)
[235.206s][info][gc,metaspace   ] GC(1029) Metaspace: 119718K(124928K)->119718K(124928K) NonClass: 101622K(104320K)->101622K(104320K) Class: 18096K(20608K)->18096K(20608K)
[235.206s][info][gc             ] GC(1029) Pause Full (Ergonomics) 396M->392M(455M) 55.714ms
[235.206s][info][gc,cpu         ] GC(1029) User=0.47s Sys=0.02s Real=0.05s
[235.208s][info][gc,start       ] GC(1030) Pause Full (Ergonomics)
[235.208s][info][gc,phases,start] GC(1030) Marking Phase
[235.235s][info][gc,phases      ] GC(1030) Marking Phase 27.422ms
[235.235s][info][gc,phases,start] GC(1030) Summary Phase
[235.235s][info][gc,phases      ] GC(1030) Summary Phase 0.046ms
[235.235s][info][gc,phases,start] GC(1030) Adjust Roots
[235.238s][info][gc,phases      ] GC(1030) Adjust Roots 2.314ms
[235.238s][info][gc,phases,start] GC(1030) Compaction Phase
[235.246s][info][gc,phases      ] GC(1030) Compaction Phase 8.230ms
[235.246s][info][gc,phases,start] GC(1030) Post Compact
[235.248s][info][gc,phases      ] GC(1030) Post Compact 2.449ms
[235.249s][info][gc,heap        ] GC(1030) PSYoungGen: 58880K(116736K)->54569K(116736K) Eden: 58880K(58880K)->54569K(58880K) From: 0K(57856K)->0K(57856K)
[235.249s][info][gc,heap        ] GC(1030) ParOldGen: 347582K(349696K)->347582K(349696K)
[235.249s][info][gc,metaspace   ] GC(1030) Metaspace: 119726K(124928K)->119726K(124928K) NonClass: 101627K(104320K)->101627K(104320K) Class: 18099K(20608K)->18099K(20608K)
[235.249s][info][gc             ] GC(1030) Pause Full (Ergonomics) 396M->392M(455M) 40.849ms
[235.249s][info][gc,cpu         ] GC(1030) User=0.17s Sys=0.00s Real=0.03s
[235.251s][info][gc,start       ] GC(1031) Pause Full (Ergonomics)
[235.251s][info][gc,phases,start] GC(1031) Marking Phase
[235.277s][info][gc,phases      ] GC(1031) Marking Phase 26.164ms
[235.277s][info][gc,phases,start] GC(1031) Summary Phase
[235.277s][info][gc,phases      ] GC(1031) Summary Phase 0.021ms
[235.277s][info][gc,phases,start] GC(1031) Adjust Roots
[235.282s][info][gc,phases      ] GC(1031) Adjust Roots 4.917ms
[235.282s][info][gc,phases,start] GC(1031) Compaction Phase
[235.294s][info][gc,phases      ] GC(1031) Compaction Phase 11.690ms
[235.294s][info][gc,phases,start] GC(1031) Post Compact
[235.296s][info][gc,phases      ] GC(1031) Post Compact 1.995ms
[235.296s][info][gc,heap        ] GC(1031) PSYoungGen: 58880K(116736K)->54566K(116736K) Eden: 58880K(58880K)->54566K(58880K) From: 0K(57856K)->0K(57856K)
[235.296s][info][gc,heap        ] GC(1031) ParOldGen: 347582K(349696K)->347582K(349696K)
[235.296s][info][gc,metaspace   ] GC(1031) Metaspace: 119733K(124928K)->119733K(124928K) NonClass: 101632K(104320K)->101632K(104320K) Class: 18100K(20608K)->18100K(20608K)
[235.296s][info][gc             ] GC(1031) Pause Full (Ergonomics) 396M->392M(455M) 45.031ms
[235.296s][info][gc,cpu         ] GC(1031) User=0.17s Sys=0.00s Real=0.03s
[235.297s][info][gc,start       ] GC(1032) Pause Full (Ergonomics)
[235.297s][info][gc,phases,start] GC(1032) Marking Phase
[235.341s][info][gc,phases      ] GC(1032) Marking Phase 43.595ms
[235.341s][info][gc,phases,start] GC(1032) Summary Phase
[235.341s][info][gc,phases      ] GC(1032) Summary Phase 0.019ms
[235.341s][info][gc,phases,start] GC(1032) Adjust Roots
[235.344s][info][gc,phases      ] GC(1032) Adjust Roots 3.196ms
[235.344s][info][gc,phases,start] GC(1032) Compaction Phase
[235.364s][info][gc,phases      ] GC(1032) Compaction Phase 19.552ms
[235.364s][info][gc,phases,start] GC(1032) Post Compact
[235.366s][info][gc,phases      ] GC(1032) Post Compact 2.139ms
[235.366s][info][gc,heap        ] GC(1032) PSYoungGen: 58880K(116736K)->55353K(116736K) Eden: 58880K(58880K)->55353K(58880K) From: 0K(57856K)->0K(57856K)
[235.366s][info][gc,heap        ] GC(1032) ParOldGen: 347582K(349696K)->347491K(349696K)
[235.366s][info][gc,metaspace   ] GC(1032) Metaspace: 119738K(124928K)->119735K(124928K) NonClass: 101636K(104320K)->101633K(104320K) Class: 18102K(20608K)->18101K(20608K)
[235.366s][info][gc             ] GC(1032) Pause Full (Ergonomics) 396M->393M(455M) 68.803ms
[235.366s][info][gc,cpu         ] GC(1032) User=0.36s Sys=0.00s Real=0.06s
[235.368s][info][gc,start       ] GC(1033) Pause Full (Ergonomics)
[235.368s][info][gc,phases,start] GC(1033) Marking Phase
[235.408s][info][gc,phases      ] GC(1033) Marking Phase 40.556ms
[235.408s][info][gc,phases,start] GC(1033) Summary Phase
[235.408s][info][gc,phases      ] GC(1033) Summary Phase 0.021ms
[235.408s][info][gc,phases,start] GC(1033) Adjust Roots
[235.412s][info][gc,phases      ] GC(1033) Adjust Roots 3.255ms
[235.412s][info][gc,phases,start] GC(1033) Compaction Phase
[235.431s][info][gc,phases      ] GC(1033) Compaction Phase 19.063ms
[235.431s][info][gc,phases,start] GC(1033) Post Compact
[235.433s][info][gc,phases      ] GC(1033) Post Compact 2.125ms
[235.433s][info][gc,heap        ] GC(1033) PSYoungGen: 58880K(116736K)->54910K(116736K) Eden: 58880K(58880K)->54910K(58880K) From: 0K(57856K)->0K(57856K)
[235.433s][info][gc,heap        ] GC(1033) ParOldGen: 347491K(349696K)->347491K(349696K)
[235.433s][info][gc,metaspace   ] GC(1033) Metaspace: 119740K(124928K)->119737K(124928K) NonClass: 101638K(104320K)->101635K(104320K) Class: 18102K(20608K)->18102K(20608K)
[235.433s][info][gc             ] GC(1033) Pause Full (Ergonomics) 396M->392M(455M) 65.294ms
[235.433s][info][gc,cpu         ] GC(1033) User=0.52s Sys=0.02s Real=0.06s
[235.435s][info][gc,start       ] GC(1034) Pause Full (Ergonomics)
[235.435s][info][gc,phases,start] GC(1034) Marking Phase
[235.474s][info][gc,phases      ] GC(1034) Marking Phase 39.355ms
[235.474s][info][gc,phases,start] GC(1034) Summary Phase
[235.474s][info][gc,phases      ] GC(1034) Summary Phase 0.020ms
[235.474s][info][gc,phases,start] GC(1034) Adjust Roots
[235.477s][info][gc,phases      ] GC(1034) Adjust Roots 3.090ms
[235.477s][info][gc,phases,start] GC(1034) Compaction Phase
[235.499s][info][gc,phases      ] GC(1034) Compaction Phase 21.329ms
[235.499s][info][gc,phases,start] GC(1034) Post Compact
[235.501s][info][gc,phases      ] GC(1034) Post Compact 2.681ms
[235.501s][info][gc,heap        ] GC(1034) PSYoungGen: 58880K(116736K)->54929K(116736K) Eden: 58880K(58880K)->54929K(58880K) From: 0K(57856K)->0K(57856K)
[235.502s][info][gc,heap        ] GC(1034) ParOldGen: 347491K(349696K)->347491K(349696K)
[235.502s][info][gc,metaspace   ] GC(1034) Metaspace: 119744K(124928K)->119739K(124928K) NonClass: 101641K(104320K)->101637K(104320K) Class: 18103K(20608K)->18102K(20608K)
[235.502s][info][gc             ] GC(1034) Pause Full (Ergonomics) 396M->392M(455M) 66.913ms
[235.502s][info][gc,cpu         ] GC(1034) User=0.48s Sys=0.00s Real=0.06s
[235.503s][info][gc,start       ] GC(1035) Pause Full (Ergonomics)
[235.503s][info][gc,phases,start] GC(1035) Marking Phase
[235.534s][info][gc,phases      ] GC(1035) Marking Phase 30.955ms
[235.534s][info][gc,phases,start] GC(1035) Summary Phase
[235.534s][info][gc,phases      ] GC(1035) Summary Phase 0.020ms
[235.534s][info][gc,phases,start] GC(1035) Adjust Roots
[235.537s][info][gc,phases      ] GC(1035) Adjust Roots 2.217ms
[235.537s][info][gc,phases,start] GC(1035) Compaction Phase
[235.552s][info][gc,phases      ] GC(1035) Compaction Phase 15.012ms
[235.552s][info][gc,phases,start] GC(1035) Post Compact
[235.554s][info][gc,phases      ] GC(1035) Post Compact 2.181ms
[235.554s][info][gc,heap        ] GC(1035) PSYoungGen: 58879K(116736K)->54945K(116736K) Eden: 58879K(58880K)->54945K(58880K) From: 0K(57856K)->0K(57856K)
[235.554s][info][gc,heap        ] GC(1035) ParOldGen: 347491K(349696K)->347491K(349696K)
[235.554s][info][gc,metaspace   ] GC(1035) Metaspace: 119746K(124928K)->119746K(124928K) NonClass: 101642K(104320K)->101642K(104320K) Class: 18104K(20608K)->18104K(20608K)
[235.554s][info][gc             ] GC(1035) Pause Full (Ergonomics) 396M->393M(455M) 50.801ms
[235.554s][info][gc,cpu         ] GC(1035) User=0.19s Sys=0.00s Real=0.05s
[235.556s][info][gc,start       ] GC(1036) Pause Full (Ergonomics)
[235.556s][info][gc,phases,start] GC(1036) Marking Phase
[235.595s][info][gc,phases      ] GC(1036) Marking Phase 39.129ms
[235.595s][info][gc,phases,start] GC(1036) Summary Phase
[235.595s][info][gc,phases      ] GC(1036) Summary Phase 0.046ms
[235.595s][info][gc,phases,start] GC(1036) Adjust Roots
[235.598s][info][gc,phases      ] GC(1036) Adjust Roots 2.414ms
[235.598s][info][gc,phases,start] GC(1036) Compaction Phase
[235.617s][info][gc,phases      ] GC(1036) Compaction Phase 18.834ms
[235.617s][info][gc,phases,start] GC(1036) Post Compact
[235.619s][info][gc,phases      ] GC(1036) Post Compact 2.277ms
[235.619s][info][gc,heap        ] GC(1036) PSYoungGen: 58880K(116736K)->54918K(116736K) Eden: 58880K(58880K)->54918K(58880K) From: 0K(57856K)->0K(57856K)
[235.619s][info][gc,heap        ] GC(1036) ParOldGen: 347491K(349696K)->347409K(349696K)
[235.619s][info][gc,metaspace   ] GC(1036) Metaspace: 119749K(124928K)->119749K(124928K) NonClass: 101645K(104320K)->101645K(104320K) Class: 18104K(20608K)->18104K(20608K)
[235.619s][info][gc             ] GC(1036) Pause Full (Ergonomics) 396M->392M(455M) 63.081ms
[235.619s][info][gc,cpu         ] GC(1036) User=0.63s Sys=0.00s Real=0.06s
[235.621s][info][gc,start       ] GC(1037) Pause Full (Ergonomics)
[235.621s][info][gc,phases,start] GC(1037) Marking Phase
[235.660s][info][gc,phases      ] GC(1037) Marking Phase 38.480ms
[235.660s][info][gc,phases,start] GC(1037) Summary Phase
[235.660s][info][gc,phases      ] GC(1037) Summary Phase 0.020ms
[235.660s][info][gc,phases,start] GC(1037) Adjust Roots
[235.663s][info][gc,phases      ] GC(1037) Adjust Roots 3.024ms
[235.663s][info][gc,phases,start] GC(1037) Compaction Phase
[235.680s][info][gc,phases      ] GC(1037) Compaction Phase 16.825ms
[235.680s][info][gc,phases,start] GC(1037) Post Compact
[235.682s][info][gc,phases      ] GC(1037) Post Compact 2.205ms
[235.682s][info][gc,heap        ] GC(1037) PSYoungGen: 58880K(116736K)->54951K(116736K) Eden: 58880K(58880K)->54951K(58880K) From: 0K(57856K)->0K(57856K)
[235.682s][info][gc,heap        ] GC(1037) ParOldGen: 347409K(349696K)->347409K(349696K)
[235.682s][info][gc,metaspace   ] GC(1037) Metaspace: 119756K(124928K)->119753K(124928K) NonClass: 101651K(104320K)->101648K(104320K) Class: 18105K(20608K)->18104K(20608K)
[235.682s][info][gc             ] GC(1037) Pause Full (Ergonomics) 396M->392M(455M) 60.827ms
[235.682s][info][gc,cpu         ] GC(1037) User=0.41s Sys=0.00s Real=0.06s
[235.684s][info][gc,start       ] GC(1038) Pause Full (Ergonomics)
[235.684s][info][gc,phases,start] GC(1038) Marking Phase
[235.727s][info][gc,phases      ] GC(1038) Marking Phase 42.597ms
[235.727s][info][gc,phases,start] GC(1038) Summary Phase
[235.727s][info][gc,phases      ] GC(1038) Summary Phase 0.046ms
[235.727s][info][gc,phases,start] GC(1038) Adjust Roots
[235.729s][info][gc,phases      ] GC(1038) Adjust Roots 2.309ms
[235.730s][info][gc,phases,start] GC(1038) Compaction Phase
[235.743s][info][gc,phases      ] GC(1038) Compaction Phase 13.429ms
[235.743s][info][gc,phases,start] GC(1038) Post Compact
[235.745s][info][gc,phases      ] GC(1038) Post Compact 2.498ms
[235.746s][info][gc,heap        ] GC(1038) PSYoungGen: 58879K(116736K)->54963K(116736K) Eden: 58879K(58880K)->54963K(58880K) From: 0K(57856K)->0K(57856K)
[235.746s][info][gc,heap        ] GC(1038) ParOldGen: 347411K(349696K)->347411K(349696K)
[235.746s][info][gc,metaspace   ] GC(1038) Metaspace: 119766K(124928K)->119766K(124928K) NonClass: 101660K(104320K)->101660K(104320K) Class: 18106K(20608K)->18106K(20608K)
[235.746s][info][gc             ] GC(1038) Pause Full (Ergonomics) 396M->392M(455M) 61.285ms
[235.746s][info][gc,cpu         ] GC(1038) User=0.42s Sys=0.00s Real=0.06s
[235.748s][info][gc,start       ] GC(1039) Pause Full (Ergonomics)
[235.748s][info][gc,phases,start] GC(1039) Marking Phase
[235.783s][info][gc,phases      ] GC(1039) Marking Phase 34.733ms
[235.783s][info][gc,phases,start] GC(1039) Summary Phase
[235.783s][info][gc,phases      ] GC(1039) Summary Phase 0.020ms
[235.783s][info][gc,phases,start] GC(1039) Adjust Roots
[235.785s][info][gc,phases      ] GC(1039) Adjust Roots 2.266ms
[235.785s][info][gc,phases,start] GC(1039) Compaction Phase
[235.805s][info][gc,phases      ] GC(1039) Compaction Phase 20.006ms
[235.805s][info][gc,phases,start] GC(1039) Post Compact
[235.808s][info][gc,phases      ] GC(1039) Post Compact 2.280ms
[235.808s][info][gc,heap        ] GC(1039) PSYoungGen: 58880K(116736K)->55211K(116736K) Eden: 58880K(58880K)->55211K(58880K) From: 0K(57856K)->0K(57856K)
[235.808s][info][gc,heap        ] GC(1039) ParOldGen: 347426K(349696K)->347417K(349696K)
[235.808s][info][gc,metaspace   ] GC(1039) Metaspace: 119775K(124928K)->119775K(124928K) NonClass: 101669K(104320K)->101669K(104320K) Class: 18106K(20608K)->18106K(20608K)
[235.808s][info][gc             ] GC(1039) Pause Full (Ergonomics) 396M->393M(455M) 59.625ms
[235.808s][info][gc,cpu         ] GC(1039) User=0.67s Sys=0.00s Real=0.06s
[235.809s][info][gc,start       ] GC(1040) Pause Full (Ergonomics)
[235.809s][info][gc,phases,start] GC(1040) Marking Phase
[235.842s][info][gc,phases      ] GC(1040) Marking Phase 32.034ms
[235.842s][info][gc,phases,start] GC(1040) Summary Phase
[235.842s][info][gc,phases      ] GC(1040) Summary Phase 0.017ms
[235.842s][info][gc,phases,start] GC(1040) Adjust Roots
[235.844s][info][gc,phases      ] GC(1040) Adjust Roots 2.260ms
[235.844s][info][gc,phases,start] GC(1040) Compaction Phase
[235.861s][info][gc,phases      ] GC(1040) Compaction Phase 16.731ms
[235.861s][info][gc,phases,start] GC(1040) Post Compact
[235.863s][info][gc,phases      ] GC(1040) Post Compact 2.127ms
[235.863s][info][gc,heap        ] GC(1040) PSYoungGen: 58879K(116736K)->55211K(116736K) Eden: 58879K(58880K)->55211K(58880K) From: 0K(57856K)->0K(57856K)
[235.863s][info][gc,heap        ] GC(1040) ParOldGen: 347417K(349696K)->347411K(349696K)
[235.863s][info][gc,metaspace   ] GC(1040) Metaspace: 119778K(124928K)->119778K(124928K) NonClass: 101670K(104320K)->101670K(104320K) Class: 18107K(20608K)->18107K(20608K)
[235.863s][info][gc             ] GC(1040) Pause Full (Ergonomics) 396M->393M(455M) 53.409ms
[235.863s][info][gc,cpu         ] GC(1040) User=0.20s Sys=0.00s Real=0.05s
[235.865s][info][gc,start       ] GC(1041) Pause Full (Ergonomics)
[235.865s][info][gc,phases,start] GC(1041) Marking Phase
[235.897s][info][gc,phases      ] GC(1041) Marking Phase 32.079ms
[235.897s][info][gc,phases,start] GC(1041) Summary Phase
[235.897s][info][gc,phases      ] GC(1041) Summary Phase 0.018ms
[235.897s][info][gc,phases,start] GC(1041) Adjust Roots
[235.900s][info][gc,phases      ] GC(1041) Adjust Roots 2.246ms
[235.900s][info][gc,phases,start] GC(1041) Compaction Phase
[235.910s][info][gc,phases      ] GC(1041) Compaction Phase 9.896ms
[235.910s][info][gc,phases,start] GC(1041) Post Compact
[235.912s][info][gc,phases      ] GC(1041) Post Compact 2.104ms
[235.912s][info][gc,heap        ] GC(1041) PSYoungGen: 58880K(116736K)->55215K(116736K) Eden: 58880K(58880K)->55215K(58880K) From: 0K(57856K)->0K(57856K)
[235.912s][info][gc,heap        ] GC(1041) ParOldGen: 347411K(349696K)->347410K(349696K)
[235.912s][info][gc,metaspace   ] GC(1041) Metaspace: 119778K(124928K)->119778K(124928K) NonClass: 101670K(104320K)->101670K(104320K) Class: 18107K(20608K)->18107K(20608K)
[235.912s][info][gc             ] GC(1041) Pause Full (Ergonomics) 396M->393M(455M) 46.646ms
[235.912s][info][gc,cpu         ] GC(1041) User=0.19s Sys=0.00s Real=0.05s
[235.913s][info][gc,start       ] GC(1042) Pause Full (Ergonomics)
[235.913s][info][gc,phases,start] GC(1042) Marking Phase
[235.964s][info][gc,phases      ] GC(1042) Marking Phase 50.690ms
[235.964s][info][gc,phases,start] GC(1042) Summary Phase
[235.964s][info][gc,phases      ] GC(1042) Summary Phase 0.141ms
[235.964s][info][gc,phases,start] GC(1042) Adjust Roots
[235.968s][info][gc,phases      ] GC(1042) Adjust Roots 3.799ms
[235.968s][info][gc,phases,start] GC(1042) Compaction Phase
[235.984s][info][gc,phases      ] GC(1042) Compaction Phase 15.632ms
[235.984s][info][gc,phases,start] GC(1042) Post Compact
[235.987s][info][gc,phases      ] GC(1042) Post Compact 2.616ms
[235.987s][info][gc,heap        ] GC(1042) PSYoungGen: 58880K(116736K)->55675K(116736K) Eden: 58880K(58880K)->55675K(58880K) From: 0K(57856K)->0K(57856K)
[235.987s][info][gc,heap        ] GC(1042) ParOldGen: 347410K(349696K)->347409K(349696K)
[235.987s][info][gc,metaspace   ] GC(1042) Metaspace: 119786K(124928K)->119783K(124928K) NonClass: 101677K(104320K)->101674K(104320K) Class: 18109K(20608K)->18109K(20608K)
[235.987s][info][gc             ] GC(1042) Pause Full (Ergonomics) 396M->393M(455M) 73.356ms
[235.987s][info][gc,cpu         ] GC(1042) User=0.28s Sys=0.00s Real=0.06s
[235.988s][info][gc,start       ] GC(1043) Pause Full (Ergonomics)
[235.988s][info][gc,phases,start] GC(1043) Marking Phase
[236.026s][info][gc,phases      ] GC(1043) Marking Phase 37.586ms
[236.026s][info][gc,phases,start] GC(1043) Summary Phase
[236.026s][info][gc,phases      ] GC(1043) Summary Phase 0.017ms
[236.026s][info][gc,phases,start] GC(1043) Adjust Roots
[236.028s][info][gc,phases      ] GC(1043) Adjust Roots 2.260ms
[236.028s][info][gc,phases,start] GC(1043) Compaction Phase
[236.046s][info][gc,phases      ] GC(1043) Compaction Phase 17.629ms
[236.046s][info][gc,phases,start] GC(1043) Post Compact
[236.048s][info][gc,phases      ] GC(1043) Post Compact 2.280ms
[236.048s][info][gc,heap        ] GC(1043) PSYoungGen: 58879K(116736K)->55708K(116736K) Eden: 58879K(58880K)->55708K(58880K) From: 0K(57856K)->0K(57856K)
[236.048s][info][gc,heap        ] GC(1043) ParOldGen: 347409K(349696K)->347409K(349696K)
[236.048s][info][gc,metaspace   ] GC(1043) Metaspace: 119786K(124928K)->119786K(124928K) NonClass: 101677K(104320K)->101677K(104320K) Class: 18109K(20608K)->18109K(20608K)
[236.049s][info][gc             ] GC(1043) Pause Full (Ergonomics) 396M->393M(455M) 60.095ms
[236.049s][info][gc,cpu         ] GC(1043) User=0.47s Sys=0.00s Real=0.05s
[236.050s][info][gc,start       ] GC(1044) Pause Full (Ergonomics)
[236.050s][info][gc,phases,start] GC(1044) Marking Phase
[236.080s][info][gc,phases      ] GC(1044) Marking Phase 29.924ms
[236.080s][info][gc,phases,start] GC(1044) Summary Phase
[236.080s][info][gc,phases      ] GC(1044) Summary Phase 0.018ms
[236.080s][info][gc,phases,start] GC(1044) Adjust Roots
[236.082s][info][gc,phases      ] GC(1044) Adjust Roots 2.289ms
[236.082s][info][gc,phases,start] GC(1044) Compaction Phase
[236.089s][info][gc,phases      ] GC(1044) Compaction Phase 6.990ms
[236.090s][info][gc,phases,start] GC(1044) Post Compact
[236.091s][info][gc,phases      ] GC(1044) Post Compact 1.902ms
[236.091s][info][gc,heap        ] GC(1044) PSYoungGen: 58880K(116736K)->55781K(116736K) Eden: 58880K(58880K)->55781K(58880K) From: 0K(57856K)->0K(57856K)
[236.091s][info][gc,heap        ] GC(1044) ParOldGen: 347409K(349696K)->347409K(349696K)
[236.091s][info][gc,metaspace   ] GC(1044) Metaspace: 119793K(124928K)->119793K(124928K) NonClass: 101682K(104320K)->101682K(104320K) Class: 18111K(20608K)->18111K(20608K)
[236.092s][info][gc             ] GC(1044) Pause Full (Ergonomics) 396M->393M(455M) 41.442ms
[236.092s][info][gc,cpu         ] GC(1044) User=0.31s Sys=0.00s Real=0.03s
[236.093s][info][gc,start       ] GC(1045) Pause Full (Ergonomics)
[236.093s][info][gc,phases,start] GC(1045) Marking Phase
[236.120s][info][gc,phases      ] GC(1045) Marking Phase 27.196ms
[236.120s][info][gc,phases,start] GC(1045) Summary Phase
[236.120s][info][gc,phases      ] GC(1045) Summary Phase 0.019ms
[236.120s][info][gc,phases,start] GC(1045) Adjust Roots
[236.123s][info][gc,phases      ] GC(1045) Adjust Roots 2.607ms
[236.123s][info][gc,phases,start] GC(1045) Compaction Phase
[236.142s][info][gc,phases      ] GC(1045) Compaction Phase 19.613ms
[236.143s][info][gc,phases,start] GC(1045) Post Compact
[236.145s][info][gc,phases      ] GC(1045) Post Compact 2.655ms
[236.145s][info][gc,heap        ] GC(1045) PSYoungGen: 58880K(116736K)->55745K(116736K) Eden: 58880K(58880K)->55745K(58880K) From: 0K(57856K)->0K(57856K)
[236.145s][info][gc,heap        ] GC(1045) ParOldGen: 347409K(349696K)->347408K(349696K)
[236.145s][info][gc,metaspace   ] GC(1045) Metaspace: 119795K(124928K)->119795K(124928K) NonClass: 101684K(104320K)->101684K(104320K) Class: 18111K(20608K)->18111K(20608K)
[236.145s][info][gc             ] GC(1045) Pause Full (Ergonomics) 396M->393M(455M) 52.631ms
[236.146s][info][gc,cpu         ] GC(1045) User=0.47s Sys=0.00s Real=0.05s
[236.147s][info][gc,start       ] GC(1046) Pause Full (Ergonomics)
[236.147s][info][gc,phases,start] GC(1046) Marking Phase
[236.187s][info][gc,phases      ] GC(1046) Marking Phase 39.850ms
[236.187s][info][gc,phases,start] GC(1046) Summary Phase
[236.187s][info][gc,phases      ] GC(1046) Summary Phase 0.019ms
[236.187s][info][gc,phases,start] GC(1046) Adjust Roots
[236.190s][info][gc,phases      ] GC(1046) Adjust Roots 2.970ms
[236.190s][info][gc,phases,start] GC(1046) Compaction Phase
[236.211s][info][gc,phases      ] GC(1046) Compaction Phase 20.914ms
[236.211s][info][gc,phases,start] GC(1046) Post Compact
[236.213s][info][gc,phases      ] GC(1046) Post Compact 2.267ms
[236.213s][info][gc,heap        ] GC(1046) PSYoungGen: 58880K(116736K)->55820K(116736K) Eden: 58880K(58880K)->55820K(58880K) From: 0K(57856K)->0K(57856K)
[236.213s][info][gc,heap        ] GC(1046) ParOldGen: 347408K(349696K)->347408K(349696K)
[236.213s][info][gc,metaspace   ] GC(1046) Metaspace: 119797K(124928K)->119794K(124928K) NonClass: 101686K(104320K)->101683K(104320K) Class: 18111K(20608K)->18111K(20608K)
[236.213s][info][gc             ] GC(1046) Pause Full (Ergonomics) 396M->393M(455M) 66.313ms
[236.213s][info][gc,cpu         ] GC(1046) User=0.34s Sys=0.00s Real=0.06s
[236.215s][info][gc,start       ] GC(1047) Pause Full (Ergonomics)
[236.215s][info][gc,phases,start] GC(1047) Marking Phase
[236.243s][info][gc,phases      ] GC(1047) Marking Phase 27.937ms
[236.243s][info][gc,phases,start] GC(1047) Summary Phase
[236.243s][info][gc,phases      ] GC(1047) Summary Phase 0.019ms
[236.243s][info][gc,phases,start] GC(1047) Adjust Roots
[236.245s][info][gc,phases      ] GC(1047) Adjust Roots 2.222ms
[236.245s][info][gc,phases,start] GC(1047) Compaction Phase
[236.257s][info][gc,phases      ] GC(1047) Compaction Phase 11.794ms
[236.257s][info][gc,phases,start] GC(1047) Post Compact
[236.259s][info][gc,phases      ] GC(1047) Post Compact 1.980ms
[236.259s][info][gc,heap        ] GC(1047) PSYoungGen: 58879K(116736K)->55811K(116736K) Eden: 58879K(58880K)->55811K(58880K) From: 0K(57856K)->0K(57856K)
[236.259s][info][gc,heap        ] GC(1047) ParOldGen: 347408K(349696K)->347408K(349696K)
[236.259s][info][gc,metaspace   ] GC(1047) Metaspace: 119799K(124928K)->119799K(124928K) NonClass: 101687K(104320K)->101687K(104320K) Class: 18112K(20608K)->18112K(20608K)
[236.259s][info][gc             ] GC(1047) Pause Full (Ergonomics) 396M->393M(455M) 44.214ms
[236.259s][info][gc,cpu         ] GC(1047) User=0.17s Sys=0.00s Real=0.03s
[236.260s][info][gc,start       ] GC(1048) Pause Full (Ergonomics)
[236.260s][info][gc,phases,start] GC(1048) Marking Phase
[236.301s][info][gc,phases      ] GC(1048) Marking Phase 41.151ms
[236.301s][info][gc,phases,start] GC(1048) Summary Phase
[236.301s][info][gc,phases      ] GC(1048) Summary Phase 0.046ms
[236.301s][info][gc,phases,start] GC(1048) Adjust Roots
[236.304s][info][gc,phases      ] GC(1048) Adjust Roots 2.662ms
[236.304s][info][gc,phases,start] GC(1048) Compaction Phase
[236.318s][info][gc,phases      ] GC(1048) Compaction Phase 13.612ms
[236.344s][info][gc,phases,start] GC(1048) Post Compact
[236.347s][info][gc,phases      ] GC(1048) Post Compact 2.587ms
[236.347s][info][gc,heap        ] GC(1048) PSYoungGen: 58880K(116736K)->55730K(116736K) Eden: 58880K(58880K)->55730K(58880K) From: 0K(57856K)->0K(57856K)
[236.347s][info][gc,heap        ] GC(1048) ParOldGen: 347408K(349696K)->347408K(349696K)
[236.347s][info][gc,metaspace   ] GC(1048) Metaspace: 119802K(124928K)->119802K(124928K) NonClass: 101690K(104320K)->101690K(104320K) Class: 18112K(20608K)->18112K(20608K)
[236.347s][info][gc             ] GC(1048) Pause Full (Ergonomics) 396M->393M(455M) 86.812ms
[236.347s][info][gc,cpu         ] GC(1048) User=0.61s Sys=0.00s Real=0.10s
[236.349s][info][gc,start       ] GC(1049) Pause Full (Ergonomics)
[236.349s][info][gc,phases,start] GC(1049) Marking Phase
[236.399s][info][gc,phases      ] GC(1049) Marking Phase 49.655ms
[236.399s][info][gc,phases,start] GC(1049) Summary Phase
[236.399s][info][gc,phases      ] GC(1049) Summary Phase 0.019ms
[236.399s][info][gc,phases,start] GC(1049) Adjust Roots
[236.402s][info][gc,phases      ] GC(1049) Adjust Roots 2.997ms
[236.402s][info][gc,phases,start] GC(1049) Compaction Phase
[236.412s][info][gc,phases      ] GC(1049) Compaction Phase 10.825ms
[236.412s][info][gc,phases,start] GC(1049) Post Compact
[236.415s][info][gc,phases      ] GC(1049) Post Compact 2.550ms
[236.415s][info][gc,heap        ] GC(1049) PSYoungGen: 58880K(116736K)->55834K(116736K) Eden: 58880K(58880K)->55834K(58880K) From: 0K(57856K)->0K(57856K)
[236.415s][info][gc,heap        ] GC(1049) ParOldGen: 347408K(349696K)->347408K(349696K)
[236.415s][info][gc,metaspace   ] GC(1049) Metaspace: 119805K(124928K)->119801K(124928K) NonClass: 101691K(104320K)->101689K(104320K) Class: 18113K(20608K)->18112K(20608K)
[236.415s][info][gc             ] GC(1049) Pause Full (Ergonomics) 396M->393M(455M) 66.446ms
[236.415s][info][gc,cpu         ] GC(1049) User=0.44s Sys=0.00s Real=0.06s
[236.417s][info][gc,start       ] GC(1050) Pause Full (Ergonomics)
[236.417s][info][gc,phases,start] GC(1050) Marking Phase
[236.452s][info][gc,phases      ] GC(1050) Marking Phase 35.780ms
[236.452s][info][gc,phases,start] GC(1050) Summary Phase
[236.453s][info][gc,phases      ] GC(1050) Summary Phase 0.019ms
[236.453s][info][gc,phases,start] GC(1050) Adjust Roots
[236.455s][info][gc,phases      ] GC(1050) Adjust Roots 2.264ms
[236.455s][info][gc,phases,start] GC(1050) Compaction Phase
[236.461s][info][gc,phases      ] GC(1050) Compaction Phase 6.336ms
[236.461s][info][gc,phases,start] GC(1050) Post Compact
[236.463s][info][gc,phases      ] GC(1050) Post Compact 1.968ms
[236.463s][info][gc,heap        ] GC(1050) PSYoungGen: 58880K(116736K)->55913K(116736K) Eden: 58880K(58880K)->55913K(58880K) From: 0K(57856K)->0K(57856K)
[236.463s][info][gc,heap        ] GC(1050) ParOldGen: 347408K(349696K)->347408K(349696K)
[236.463s][info][gc,metaspace   ] GC(1050) Metaspace: 119808K(124928K)->119808K(124928K) NonClass: 101693K(104320K)->101693K(104320K) Class: 18114K(20608K)->18114K(20608K)
[236.463s][info][gc             ] GC(1050) Pause Full (Ergonomics) 396M->393M(455M) 46.636ms
[236.463s][info][gc,cpu         ] GC(1050) User=0.34s Sys=0.00s Real=0.05s
[236.465s][info][gc,start       ] GC(1051) Pause Full (Ergonomics)
[236.465s][info][gc,phases,start] GC(1051) Marking Phase
[236.519s][info][gc,phases      ] GC(1051) Marking Phase 54.124ms
[236.519s][info][gc,phases,start] GC(1051) Summary Phase
[236.519s][info][gc,phases      ] GC(1051) Summary Phase 0.030ms
[236.519s][info][gc,phases,start] GC(1051) Adjust Roots
[236.523s][info][gc,phases      ] GC(1051) Adjust Roots 3.835ms
[236.523s][info][gc,phases,start] GC(1051) Compaction Phase
[236.536s][info][gc,phases      ] GC(1051) Compaction Phase 13.073ms
[236.536s][info][gc,phases,start] GC(1051) Post Compact
[236.538s][info][gc,phases      ] GC(1051) Post Compact 2.369ms
[236.538s][info][gc,heap        ] GC(1051) PSYoungGen: 58879K(116736K)->55852K(116736K) Eden: 58879K(58880K)->55852K(58880K) From: 0K(57856K)->0K(57856K)
[236.538s][info][gc,heap        ] GC(1051) ParOldGen: 347408K(349696K)->347408K(349696K)
[236.538s][info][gc,metaspace   ] GC(1051) Metaspace: 119809K(124928K)->119807K(124928K) NonClass: 101694K(104320K)->101693K(104320K) Class: 18114K(20608K)->18114K(20608K)
[236.538s][info][gc             ] GC(1051) Pause Full (Ergonomics) 396M->393M(455M) 73.752ms
[236.538s][info][gc,cpu         ] GC(1051) User=0.31s Sys=0.00s Real=0.06s
[236.540s][info][gc,start       ] GC(1052) Pause Full (Ergonomics)
[236.540s][info][gc,phases,start] GC(1052) Marking Phase
[236.588s][info][gc,phases      ] GC(1052) Marking Phase 47.899ms
[236.588s][info][gc,phases,start] GC(1052) Summary Phase
[236.588s][info][gc,phases      ] GC(1052) Summary Phase 0.019ms
[236.588s][info][gc,phases,start] GC(1052) Adjust Roots
[236.591s][info][gc,phases      ] GC(1052) Adjust Roots 3.003ms
[236.591s][info][gc,phases,start] GC(1052) Compaction Phase
[236.601s][info][gc,phases      ] GC(1052) Compaction Phase 10.062ms
[236.601s][info][gc,phases,start] GC(1052) Post Compact
[236.603s][info][gc,phases      ] GC(1052) Post Compact 1.958ms
[236.603s][info][gc,heap        ] GC(1052) PSYoungGen: 58880K(116736K)->56017K(116736K) Eden: 58880K(58880K)->56017K(58880K) From: 0K(57856K)->0K(57856K)
[236.603s][info][gc,heap        ] GC(1052) ParOldGen: 347408K(349696K)->347408K(349696K)
[236.603s][info][gc,metaspace   ] GC(1052) Metaspace: 119809K(124928K)->119807K(124928K) NonClass: 101694K(104320K)->101693K(104320K) Class: 18114K(20608K)->18114K(20608K)
[236.603s][info][gc             ] GC(1052) Pause Full (Ergonomics) 396M->393M(455M) 63.193ms
[236.603s][info][gc,cpu         ] GC(1052) User=0.89s Sys=0.00s Real=0.06s
[236.619s][info][gc,start       ] GC(1053) Pause Full (Ergonomics)
[236.619s][info][gc,phases,start] GC(1053) Marking Phase
[236.661s][info][gc,phases      ] GC(1053) Marking Phase 41.381ms
[236.661s][info][gc,phases,start] GC(1053) Summary Phase
[236.661s][info][gc,phases      ] GC(1053) Summary Phase 0.044ms
[236.661s][info][gc,phases,start] GC(1053) Adjust Roots
[236.663s][info][gc,phases      ] GC(1053) Adjust Roots 2.232ms
[236.663s][info][gc,phases,start] GC(1053) Compaction Phase
[236.671s][info][gc,phases      ] GC(1053) Compaction Phase 8.207ms
[236.671s][info][gc,phases,start] GC(1053) Post Compact
[236.674s][info][gc,phases      ] GC(1053) Post Compact 2.436ms
[236.674s][info][gc,heap        ] GC(1053) PSYoungGen: 58880K(116736K)->56005K(116736K) Eden: 58880K(58880K)->56005K(58880K) From: 0K(57856K)->0K(57856K)
[236.674s][info][gc,heap        ] GC(1053) ParOldGen: 347408K(349696K)->347408K(349696K)
[236.674s][info][gc,metaspace   ] GC(1053) Metaspace: 119838K(124928K)->119838K(124928K) NonClass: 101721K(104320K)->101721K(104320K) Class: 18116K(20608K)->18116K(20608K)
[236.674s][info][gc             ] GC(1053) Pause Full (Ergonomics) 396M->393M(455M) 54.704ms
[236.674s][info][gc,cpu         ] GC(1053) User=0.39s Sys=0.00s Real=0.05s
[236.675s][info][gc,start       ] GC(1054) Pause Full (Ergonomics)
[236.675s][info][gc,phases,start] GC(1054) Marking Phase
[236.717s][info][gc,phases      ] GC(1054) Marking Phase 41.930ms
[236.717s][info][gc,phases,start] GC(1054) Summary Phase
[236.717s][info][gc,phases      ] GC(1054) Summary Phase 0.019ms
[236.717s][info][gc,phases,start] GC(1054) Adjust Roots
[236.720s][info][gc,phases      ] GC(1054) Adjust Roots 3.029ms
[236.720s][info][gc,phases,start] GC(1054) Compaction Phase
[236.730s][info][gc,phases      ] GC(1054) Compaction Phase 9.532ms
[236.730s][info][gc,phases,start] GC(1054) Post Compact
[236.732s][info][gc,phases      ] GC(1054) Post Compact 2.058ms
[236.732s][info][gc,heap        ] GC(1054) PSYoungGen: 58880K(116736K)->56001K(116736K) Eden: 58880K(58880K)->56001K(58880K) From: 0K(57856K)->0K(57856K)
[236.732s][info][gc,heap        ] GC(1054) ParOldGen: 347408K(349696K)->347408K(349696K)
[236.732s][info][gc,metaspace   ] GC(1054) Metaspace: 119846K(124928K)->119836K(124928K) NonClass: 101727K(104320K)->101719K(104320K) Class: 18118K(20608K)->18116K(20608K)
[236.732s][info][gc             ] GC(1054) Pause Full (Ergonomics) 396M->393M(455M) 56.805ms
[236.732s][info][gc,cpu         ] GC(1054) User=0.38s Sys=0.00s Real=0.06s
[236.733s][info][gc,start       ] GC(1055) Pause Full (Ergonomics)
[236.734s][info][gc,phases,start] GC(1055) Marking Phase
[236.780s][info][gc,phases      ] GC(1055) Marking Phase 46.175ms
[236.780s][info][gc,phases,start] GC(1055) Summary Phase
[236.780s][info][gc,phases      ] GC(1055) Summary Phase 0.026ms
[236.780s][info][gc,phases,start] GC(1055) Adjust Roots
[236.783s][info][gc,phases      ] GC(1055) Adjust Roots 3.096ms
[236.783s][info][gc,phases,start] GC(1055) Compaction Phase
[236.793s][info][gc,phases      ] GC(1055) Compaction Phase 10.523ms
[236.793s][info][gc,phases,start] GC(1055) Post Compact
[236.796s][info][gc,phases      ] GC(1055) Post Compact 2.264ms
[236.796s][info][gc,heap        ] GC(1055) PSYoungGen: 58879K(116736K)->55995K(116736K) Eden: 58879K(58880K)->55995K(58880K) From: 0K(57856K)->0K(57856K)
[236.796s][info][gc,heap        ] GC(1055) ParOldGen: 347408K(349696K)->347408K(349696K)
[236.796s][info][gc,metaspace   ] GC(1055) Metaspace: 119838K(124928K)->119836K(124928K) NonClass: 101721K(104320K)->101720K(104320K) Class: 18117K(20608K)->18116K(20608K)
[236.796s][info][gc             ] GC(1055) Pause Full (Ergonomics) 396M->393M(455M) 62.405ms
[236.796s][info][gc,cpu         ] GC(1055) User=0.25s Sys=0.00s Real=0.06s
[236.797s][info][gc,start       ] GC(1056) Pause Full (Ergonomics)
[236.797s][info][gc,phases,start] GC(1056) Marking Phase
[236.835s][info][gc,phases      ] GC(1056) Marking Phase 37.601ms
[236.835s][info][gc,phases,start] GC(1056) Summary Phase
[236.835s][info][gc,phases      ] GC(1056) Summary Phase 0.046ms
[236.835s][info][gc,phases,start] GC(1056) Adjust Roots
[236.838s][info][gc,phases      ] GC(1056) Adjust Roots 2.910ms
[236.838s][info][gc,phases,start] GC(1056) Compaction Phase
[236.858s][info][gc,phases      ] GC(1056) Compaction Phase 19.892ms
[236.858s][info][gc,phases,start] GC(1056) Post Compact
[236.861s][info][gc,phases      ] GC(1056) Post Compact 2.661ms
[236.861s][info][gc,heap        ] GC(1056) PSYoungGen: 58879K(116736K)->55922K(116736K) Eden: 58879K(58880K)->55922K(58880K) From: 0K(57856K)->0K(57856K)
[236.861s][info][gc,heap        ] GC(1056) ParOldGen: 347408K(349696K)->347408K(349696K)
[236.861s][info][gc,metaspace   ] GC(1056) Metaspace: 119844K(124928K)->119844K(124928K) NonClass: 101726K(104320K)->101726K(104320K) Class: 18118K(20608K)->18118K(20608K)
[236.861s][info][gc             ] GC(1056) Pause Full (Ergonomics) 396M->393M(455M) 63.541ms
[236.861s][info][gc,cpu         ] GC(1056) User=0.84s Sys=0.00s Real=0.06s
[236.863s][info][gc,start       ] GC(1057) Pause Full (Ergonomics)
[236.863s][info][gc,phases,start] GC(1057) Marking Phase
[236.892s][info][gc,phases      ] GC(1057) Marking Phase 29.068ms
[236.892s][info][gc,phases,start] GC(1057) Summary Phase
[236.892s][info][gc,phases      ] GC(1057) Summary Phase 0.021ms
[236.892s][info][gc,phases,start] GC(1057) Adjust Roots
[236.894s][info][gc,phases      ] GC(1057) Adjust Roots 2.397ms
[236.894s][info][gc,phases,start] GC(1057) Compaction Phase
[236.915s][info][gc,phases      ] GC(1057) Compaction Phase 20.563ms
[236.915s][info][gc,phases,start] GC(1057) Post Compact
[236.917s][info][gc,phases      ] GC(1057) Post Compact 2.331ms
[236.917s][info][gc,heap        ] GC(1057) PSYoungGen: 58879K(116736K)->56046K(116736K) Eden: 58879K(58880K)->56046K(58880K) From: 0K(57856K)->0K(57856K)
[236.917s][info][gc,heap        ] GC(1057) ParOldGen: 347408K(349696K)->347407K(349696K)
[236.917s][info][gc,metaspace   ] GC(1057) Metaspace: 119848K(124928K)->119848K(124928K) NonClass: 101729K(104320K)->101729K(104320K) Class: 18118K(20608K)->18118K(20608K)
[236.917s][info][gc             ] GC(1057) Pause Full (Ergonomics) 396M->393M(455M) 54.735ms
[236.917s][info][gc,cpu         ] GC(1057) User=0.36s Sys=0.00s Real=0.05s
[236.918s][info][gc,start       ] GC(1058) Pause Full (Ergonomics)
[236.918s][info][gc,phases,start] GC(1058) Marking Phase
[236.963s][info][gc,phases      ] GC(1058) Marking Phase 44.343ms
[236.963s][info][gc,phases,start] GC(1058) Summary Phase
[236.963s][info][gc,phases      ] GC(1058) Summary Phase 0.030ms
[236.963s][info][gc,phases,start] GC(1058) Adjust Roots
[236.966s][info][gc,phases      ] GC(1058) Adjust Roots 3.040ms
[236.966s][info][gc,phases,start] GC(1058) Compaction Phase
[236.977s][info][gc,phases      ] GC(1058) Compaction Phase 10.935ms
[236.977s][info][gc,phases,start] GC(1058) Post Compact
[236.979s][info][gc,phases      ] GC(1058) Post Compact 2.540ms
[236.979s][info][gc,heap        ] GC(1058) PSYoungGen: 57192K(116736K)->56028K(116736K) Eden: 57192K(58880K)->56028K(58880K) From: 0K(57856K)->0K(57856K)
[236.979s][info][gc,heap        ] GC(1058) ParOldGen: 347407K(349696K)->347407K(349696K)
[236.979s][info][gc,metaspace   ] GC(1058) Metaspace: 119850K(124928K)->119846K(124928K) NonClass: 101730K(104320K)->101727K(104320K) Class: 18119K(20608K)->18119K(20608K)
[236.979s][info][gc             ] GC(1058) Pause Full (Ergonomics) 395M->393M(455M) 61.296ms
[236.980s][info][gc,cpu         ] GC(1058) User=0.38s Sys=0.00s Real=0.07s
[236.980s][info][gc,start       ] GC(1059) Pause Full (Allocation Failure)
[236.980s][info][gc,phases,start] GC(1059) Marking Phase
[237.017s][info][gc,phases      ] GC(1059) Marking Phase 37.638ms
[237.017s][info][gc,phases,start] GC(1059) Summary Phase
[237.017s][info][gc,phases      ] GC(1059) Summary Phase 0.019ms
[237.017s][info][gc,phases,start] GC(1059) Adjust Roots
[237.020s][info][gc,phases      ] GC(1059) Adjust Roots 2.234ms
[237.020s][info][gc,phases,start] GC(1059) Compaction Phase
[237.026s][info][gc,phases      ] GC(1059) Compaction Phase 6.356ms
[237.026s][info][gc,phases,start] GC(1059) Post Compact
[237.029s][info][gc,phases      ] GC(1059) Post Compact 2.513ms
[237.029s][info][gc,heap        ] GC(1059) PSYoungGen: 56028K(116736K)->56028K(116736K) Eden: 56028K(58880K)->56028K(58880K) From: 0K(57856K)->0K(57856K)
[237.029s][info][gc,heap        ] GC(1059) ParOldGen: 347407K(349696K)->347407K(349696K)
[237.029s][info][gc,metaspace   ] GC(1059) Metaspace: 119846K(124928K)->119846K(124928K) NonClass: 101727K(104320K)->101727K(104320K) Class: 18119K(20608K)->18119K(20608K)
[237.029s][info][gc             ] GC(1059) Pause Full (Allocation Failure) 393M->393M(455M) 49.161ms
[237.029s][info][gc,cpu         ] GC(1059) User=0.38s Sys=0.00s Real=0.05s
[237.031s][info][gc,start       ] GC(1060) Pause Full (Ergonomics)
[237.031s][info][gc,phases,start] GC(1060) Marking Phase
[237.061s][info][gc,phases      ] GC(1060) Marking Phase 30.569ms
[237.061s][info][gc,phases,start] GC(1060) Summary Phase
[237.061s][info][gc,phases      ] GC(1060) Summary Phase 0.022ms
[237.061s][info][gc,phases,start] GC(1060) Adjust Roots
[237.064s][info][gc,phases      ] GC(1060) Adjust Roots 2.287ms
[237.064s][info][gc,phases,start] GC(1060) Compaction Phase
[237.084s][info][gc,phases      ] GC(1060) Compaction Phase 20.592ms
[237.084s][info][gc,phases,start] GC(1060) Post Compact
[237.087s][info][gc,phases      ] GC(1060) Post Compact 2.452ms
[237.087s][info][gc,heap        ] GC(1060) PSYoungGen: 58880K(116736K)->43547K(116736K) Eden: 58880K(58880K)->43547K(58880K) From: 0K(57856K)->0K(57856K)
[237.087s][info][gc,heap        ] GC(1060) ParOldGen: 347412K(349696K)->344424K(349696K)
[237.087s][info][gc,metaspace   ] GC(1060) Metaspace: 119848K(124928K)->119848K(124928K) NonClass: 101729K(104320K)->101729K(104320K) Class: 18119K(20608K)->18119K(20608K)
[237.087s][info][gc             ] GC(1060) Pause Full (Ergonomics) 396M->378M(455M) 56.295ms
[237.087s][info][gc,cpu         ] GC(1060) User=0.48s Sys=0.00s Real=0.06s
[237.092s][info][gc,start       ] GC(1061) Pause Full (Ergonomics)
[237.092s][info][gc,phases,start] GC(1061) Marking Phase
[237.130s][info][gc,phases      ] GC(1061) Marking Phase 37.968ms
[237.130s][info][gc,phases,start] GC(1061) Summary Phase
[237.130s][info][gc,phases      ] GC(1061) Summary Phase 0.019ms
[237.130s][info][gc,phases,start] GC(1061) Adjust Roots
[237.133s][info][gc,phases      ] GC(1061) Adjust Roots 3.266ms
[237.133s][info][gc,phases,start] GC(1061) Compaction Phase
[237.156s][info][gc,phases      ] GC(1061) Compaction Phase 22.343ms
[237.156s][info][gc,phases,start] GC(1061) Post Compact
[237.158s][info][gc,phases      ] GC(1061) Post Compact 2.450ms
[237.158s][info][gc,heap        ] GC(1061) PSYoungGen: 58880K(116736K)->43843K(116736K) Eden: 58880K(58880K)->43843K(58880K) From: 0K(57856K)->0K(57856K)
[237.158s][info][gc,heap        ] GC(1061) ParOldGen: 344424K(349696K)->344420K(349696K)
[237.158s][info][gc,metaspace   ] GC(1061) Metaspace: 119857K(124928K)->119851K(124928K) NonClass: 101735K(104320K)->101731K(104320K) Class: 18121K(20608K)->18120K(20608K)
[237.158s][info][gc             ] GC(1061) Pause Full (Ergonomics) 393M->379M(455M) 66.373ms
[237.158s][info][gc,cpu         ] GC(1061) User=0.36s Sys=0.00s Real=0.06s
[237.163s][info][gc,start       ] GC(1062) Pause Full (Ergonomics)
[237.163s][info][gc,phases,start] GC(1062) Marking Phase
[237.201s][info][gc,phases      ] GC(1062) Marking Phase 38.048ms
[237.201s][info][gc,phases,start] GC(1062) Summary Phase
[237.201s][info][gc,phases      ] GC(1062) Summary Phase 0.019ms
[237.201s][info][gc,phases,start] GC(1062) Adjust Roots
[237.204s][info][gc,phases      ] GC(1062) Adjust Roots 3.022ms
[237.204s][info][gc,phases,start] GC(1062) Compaction Phase
[237.223s][info][gc,phases      ] GC(1062) Compaction Phase 18.918ms
[237.223s][info][gc,phases,start] GC(1062) Post Compact
[237.225s][info][gc,phases      ] GC(1062) Post Compact 2.132ms
[237.225s][info][gc,heap        ] GC(1062) PSYoungGen: 58879K(116736K)->43597K(116736K) Eden: 58879K(58880K)->43597K(58880K) From: 0K(57856K)->0K(57856K)
[237.225s][info][gc,heap        ] GC(1062) ParOldGen: 344420K(349696K)->344420K(349696K)
[237.225s][info][gc,metaspace   ] GC(1062) Metaspace: 119855K(124928K)->119850K(124928K) NonClass: 101734K(104320K)->101730K(104320K) Class: 18120K(20608K)->18119K(20608K)
[237.225s][info][gc             ] GC(1062) Pause Full (Ergonomics) 393M->378M(455M) 62.418ms
[237.225s][info][gc,cpu         ] GC(1062) User=0.69s Sys=0.03s Real=0.06s
[237.229s][info][gc,start       ] GC(1063) Pause Full (Ergonomics)
[237.229s][info][gc,phases,start] GC(1063) Marking Phase
[237.257s][info][gc,phases      ] GC(1063) Marking Phase 28.140ms
[237.257s][info][gc,phases,start] GC(1063) Summary Phase
[237.257s][info][gc,phases      ] GC(1063) Summary Phase 0.019ms
[237.257s][info][gc,phases,start] GC(1063) Adjust Roots
[237.260s][info][gc,phases      ] GC(1063) Adjust Roots 2.483ms
[237.260s][info][gc,phases,start] GC(1063) Compaction Phase
[237.279s][info][gc,phases      ] GC(1063) Compaction Phase 18.791ms
[237.279s][info][gc,phases,start] GC(1063) Post Compact
[237.281s][info][gc,phases      ] GC(1063) Post Compact 2.610ms
[237.281s][info][gc,heap        ] GC(1063) PSYoungGen: 58880K(116736K)->44491K(116736K) Eden: 58880K(58880K)->44491K(58880K) From: 0K(57856K)->0K(57856K)
[237.281s][info][gc,heap        ] GC(1063) ParOldGen: 344420K(349696K)->344264K(349696K)
[237.281s][info][gc,metaspace   ] GC(1063) Metaspace: 119867K(124928K)->119867K(124928K) NonClass: 101745K(104320K)->101745K(104320K) Class: 18122K(20608K)->18122K(20608K)
[237.281s][info][gc             ] GC(1063) Pause Full (Ergonomics) 393M->379M(455M) 52.463ms
[237.282s][info][gc,cpu         ] GC(1063) User=0.47s Sys=0.00s Real=0.05s
[237.284s][info][gc,start       ] GC(1064) Pause Full (Ergonomics)
[237.284s][info][gc,phases,start] GC(1064) Marking Phase
[237.310s][info][gc,phases      ] GC(1064) Marking Phase 25.701ms
[237.310s][info][gc,phases,start] GC(1064) Summary Phase
[237.310s][info][gc,phases      ] GC(1064) Summary Phase 0.020ms
[237.310s][info][gc,phases,start] GC(1064) Adjust Roots
[237.312s][info][gc,phases      ] GC(1064) Adjust Roots 2.311ms
[237.312s][info][gc,phases,start] GC(1064) Compaction Phase
[237.331s][info][gc,phases      ] GC(1064) Compaction Phase 18.694ms
[237.331s][info][gc,phases,start] GC(1064) Post Compact
[237.333s][info][gc,phases      ] GC(1064) Post Compact 2.036ms
[237.333s][info][gc,heap        ] GC(1064) PSYoungGen: 58880K(116736K)->45822K(116736K) Eden: 58880K(58880K)->45822K(58880K) From: 0K(57856K)->0K(57856K)
[237.333s][info][gc,heap        ] GC(1064) ParOldGen: 344264K(349696K)->344264K(349696K)
[237.333s][info][gc,metaspace   ] GC(1064) Metaspace: 119888K(124928K)->119888K(124928K) NonClass: 101764K(104320K)->101764K(104320K) Class: 18123K(20608K)->18123K(20608K)
[237.333s][info][gc             ] GC(1064) Pause Full (Ergonomics) 393M->380M(455M) 49.078ms
[237.333s][info][gc,cpu         ] GC(1064) User=0.47s Sys=0.00s Real=0.05s
[237.335s][info][gc,start       ] GC(1065) Pause Full (Ergonomics)
[237.335s][info][gc,phases,start] GC(1065) Marking Phase
[237.373s][info][gc,phases      ] GC(1065) Marking Phase 37.873ms
[237.373s][info][gc,phases,start] GC(1065) Summary Phase
[237.373s][info][gc,phases      ] GC(1065) Summary Phase 0.020ms
[237.373s][info][gc,phases,start] GC(1065) Adjust Roots
[237.377s][info][gc,phases      ] GC(1065) Adjust Roots 3.249ms
[237.377s][info][gc,phases,start] GC(1065) Compaction Phase
[237.399s][info][gc,phases      ] GC(1065) Compaction Phase 22.005ms
[237.399s][info][gc,phases,start] GC(1065) Post Compact
[237.401s][info][gc,phases      ] GC(1065) Post Compact 2.294ms
[237.401s][info][gc,heap        ] GC(1065) PSYoungGen: 58879K(116736K)->47439K(116736K) Eden: 58879K(58880K)->47439K(58880K) From: 0K(57856K)->0K(57856K)
[237.401s][info][gc,heap        ] GC(1065) ParOldGen: 344264K(349696K)->344263K(349696K)
[237.401s][info][gc,metaspace   ] GC(1065) Metaspace: 119896K(124928K)->119892K(124928K) NonClass: 101770K(104320K)->101767K(104320K) Class: 18126K(20608K)->18125K(20608K)
[237.401s][info][gc             ] GC(1065) Pause Full (Ergonomics) 393M->382M(455M) 65.734ms
[237.401s][info][gc,cpu         ] GC(1065) User=0.34s Sys=0.00s Real=0.06s
[237.403s][info][gc,start       ] GC(1066) Pause Full (Ergonomics)
[237.403s][info][gc,phases,start] GC(1066) Marking Phase
[237.441s][info][gc,phases      ] GC(1066) Marking Phase 37.305ms
[237.441s][info][gc,phases,start] GC(1066) Summary Phase
[237.441s][info][gc,phases      ] GC(1066) Summary Phase 0.020ms
[237.441s][info][gc,phases,start] GC(1066) Adjust Roots
[237.444s][info][gc,phases      ] GC(1066) Adjust Roots 3.301ms
[237.444s][info][gc,phases,start] GC(1066) Compaction Phase
[237.465s][info][gc,phases      ] GC(1066) Compaction Phase 20.766ms
[237.465s][info][gc,phases,start] GC(1066) Post Compact
[237.468s][info][gc,phases      ] GC(1066) Post Compact 2.651ms
[237.468s][info][gc,heap        ] GC(1066) PSYoungGen: 58585K(116736K)->47524K(116736K) Eden: 58585K(58880K)->47524K(58880K) From: 0K(57856K)->0K(57856K)
[237.468s][info][gc,heap        ] GC(1066) ParOldGen: 344263K(349696K)->344263K(349696K)
[237.468s][info][gc,metaspace   ] GC(1066) Metaspace: 119897K(124928K)->119892K(124928K) NonClass: 101771K(104320K)->101767K(104320K) Class: 18126K(20608K)->18125K(20608K)
[237.468s][info][gc             ] GC(1066) Pause Full (Ergonomics) 393M->382M(455M) 64.459ms
[237.468s][info][gc,cpu         ] GC(1066) User=0.50s Sys=0.00s Real=0.06s
[237.470s][info][gc,start       ] GC(1067) Pause Full (Ergonomics)
[237.470s][info][gc,phases,start] GC(1067) Marking Phase
[237.501s][info][gc,phases      ] GC(1067) Marking Phase 30.922ms
[237.501s][info][gc,phases,start] GC(1067) Summary Phase
[237.501s][info][gc,phases      ] GC(1067) Summary Phase 0.046ms
[237.501s][info][gc,phases,start] GC(1067) Adjust Roots
[237.504s][info][gc,phases      ] GC(1067) Adjust Roots 2.740ms
[237.504s][info][gc,phases,start] GC(1067) Compaction Phase
[237.523s][info][gc,phases      ] GC(1067) Compaction Phase 19.144ms
[237.523s][info][gc,phases,start] GC(1067) Post Compact
[237.526s][info][gc,phases      ] GC(1067) Post Compact 2.609ms
[237.526s][info][gc,heap        ] GC(1067) PSYoungGen: 58880K(116736K)->47753K(116736K) Eden: 58880K(58880K)->47753K(58880K) From: 0K(57856K)->0K(57856K)
[237.526s][info][gc,heap        ] GC(1067) ParOldGen: 344263K(349696K)->344170K(349696K)
[237.526s][info][gc,metaspace   ] GC(1067) Metaspace: 119895K(124928K)->119895K(124928K) NonClass: 101769K(104320K)->101769K(104320K) Class: 18125K(20608K)->18125K(20608K)
[237.526s][info][gc             ] GC(1067) Pause Full (Ergonomics) 393M->382M(455M) 55.935ms
[237.526s][info][gc,cpu         ] GC(1067) User=0.33s Sys=0.00s Real=0.06s
[237.529s][info][gc,start       ] GC(1068) Pause Full (Ergonomics)
[237.529s][info][gc,phases,start] GC(1068) Marking Phase
[237.560s][info][gc,phases      ] GC(1068) Marking Phase 30.821ms
[237.560s][info][gc,phases,start] GC(1068) Summary Phase
[237.560s][info][gc,phases      ] GC(1068) Summary Phase 0.047ms
[237.560s][info][gc,phases,start] GC(1068) Adjust Roots
[237.563s][info][gc,phases      ] GC(1068) Adjust Roots 2.950ms
[237.563s][info][gc,phases,start] GC(1068) Compaction Phase
[237.571s][info][gc,phases      ] GC(1068) Compaction Phase 7.904ms
[237.571s][info][gc,phases,start] GC(1068) Post Compact
[237.574s][info][gc,phases      ] GC(1068) Post Compact 2.567ms
[237.574s][info][gc,heap        ] GC(1068) PSYoungGen: 56240K(116736K)->47873K(116736K) Eden: 56240K(58880K)->47873K(58880K) From: 0K(57856K)->0K(57856K)
[237.574s][info][gc,heap        ] GC(1068) ParOldGen: 344170K(349696K)->344092K(349696K)
[237.574s][info][gc,metaspace   ] GC(1068) Metaspace: 119926K(124928K)->119926K(124928K) NonClass: 101798K(104320K)->101798K(104320K) Class: 18128K(20608K)->18128K(20608K)
[237.574s][info][gc             ] GC(1068) Pause Full (Ergonomics) 391M->382M(455M) 44.767ms
[237.574s][info][gc,cpu         ] GC(1068) User=0.47s Sys=0.00s Real=0.05s
[237.575s][info][gc,start       ] GC(1069) Pause Full (Ergonomics)
[237.575s][info][gc,phases,start] GC(1069) Marking Phase
[237.620s][info][gc,phases      ] GC(1069) Marking Phase 44.759ms
[237.620s][info][gc,phases,start] GC(1069) Summary Phase
[237.620s][info][gc,phases      ] GC(1069) Summary Phase 0.020ms
[237.620s][info][gc,phases,start] GC(1069) Adjust Roots
[237.623s][info][gc,phases      ] GC(1069) Adjust Roots 3.004ms
[237.623s][info][gc,phases,start] GC(1069) Compaction Phase
[237.640s][info][gc,phases      ] GC(1069) Compaction Phase 16.552ms
[237.640s][info][gc,phases,start] GC(1069) Post Compact
[237.642s][info][gc,phases      ] GC(1069) Post Compact 2.405ms
[237.642s][info][gc,heap        ] GC(1069) PSYoungGen: 58880K(116736K)->51810K(116736K) Eden: 58880K(58880K)->51810K(58880K) From: 0K(57856K)->0K(57856K)
[237.642s][info][gc,heap        ] GC(1069) ParOldGen: 344092K(349696K)->344092K(349696K)
[237.643s][info][gc,metaspace   ] GC(1069) Metaspace: 119929K(124928K)->119925K(124928K) NonClass: 101800K(104320K)->101797K(104320K) Class: 18129K(20608K)->18128K(20608K)
[237.643s][info][gc             ] GC(1069) Pause Full (Ergonomics) 393M->386M(455M) 67.110ms
[237.643s][info][gc,cpu         ] GC(1069) User=0.36s Sys=0.03s Real=0.07s
[237.644s][info][gc,start       ] GC(1070) Pause Full (Ergonomics)
[237.644s][info][gc,phases,start] GC(1070) Marking Phase
[237.682s][info][gc,phases      ] GC(1070) Marking Phase 37.425ms
[237.696s][info][gc,phases,start] GC(1070) Summary Phase
[237.696s][info][gc,phases      ] GC(1070) Summary Phase 0.087ms
[237.696s][info][gc,phases,start] GC(1070) Adjust Roots
[237.699s][info][gc,phases      ] GC(1070) Adjust Roots 3.163ms
[237.699s][info][gc,phases,start] GC(1070) Compaction Phase
[237.721s][info][gc,phases      ] GC(1070) Compaction Phase 21.273ms
[237.721s][info][gc,phases,start] GC(1070) Post Compact
[237.723s][info][gc,phases      ] GC(1070) Post Compact 2.598ms
[237.723s][info][gc,heap        ] GC(1070) PSYoungGen: 57871K(116736K)->51949K(116736K) Eden: 57871K(58880K)->51949K(58880K) From: 0K(57856K)->0K(57856K)
[237.723s][info][gc,heap        ] GC(1070) ParOldGen: 344092K(349696K)->344012K(349696K)
[237.723s][info][gc,metaspace   ] GC(1070) Metaspace: 119926K(124928K)->119926K(124928K) NonClass: 101797K(104320K)->101797K(104320K) Class: 18128K(20608K)->18128K(20608K)
[237.723s][info][gc             ] GC(1070) Pause Full (Ergonomics) 392M->386M(455M) 79.101ms
[237.724s][info][gc,cpu         ] GC(1070) User=0.63s Sys=0.00s Real=0.08s
[237.725s][info][gc,start       ] GC(1071) Pause Full (Ergonomics)
[237.725s][info][gc,phases,start] GC(1071) Marking Phase
[237.757s][info][gc,phases      ] GC(1071) Marking Phase 31.686ms
[237.757s][info][gc,phases,start] GC(1071) Summary Phase
[237.757s][info][gc,phases      ] GC(1071) Summary Phase 0.046ms
[237.757s][info][gc,phases,start] GC(1071) Adjust Roots
[237.760s][info][gc,phases      ] GC(1071) Adjust Roots 2.541ms
[237.760s][info][gc,phases,start] GC(1071) Compaction Phase
[237.782s][info][gc,phases      ] GC(1071) Compaction Phase 21.839ms
[237.782s][info][gc,phases,start] GC(1071) Post Compact
[237.784s][info][gc,phases      ] GC(1071) Post Compact 2.592ms
[237.784s][info][gc,heap        ] GC(1071) PSYoungGen: 58880K(116736K)->47327K(116736K) Eden: 58880K(58880K)->47327K(58880K) From: 0K(57856K)->0K(57856K)
[237.784s][info][gc,heap        ] GC(1071) ParOldGen: 344012K(349696K)->346523K(349696K)
[237.784s][info][gc,metaspace   ] GC(1071) Metaspace: 119927K(124928K)->119927K(124928K) NonClass: 101798K(104320K)->101798K(104320K) Class: 18128K(20608K)->18128K(20608K)
[237.784s][info][gc             ] GC(1071) Pause Full (Ergonomics) 393M->384M(455M) 59.169ms
[237.784s][info][gc,cpu         ] GC(1071) User=0.64s Sys=0.00s Real=0.06s
[237.786s][info][gc,start       ] GC(1072) Pause Full (Ergonomics)
[237.787s][info][gc,phases,start] GC(1072) Marking Phase
[237.816s][info][gc,phases      ] GC(1072) Marking Phase 29.454ms
[237.816s][info][gc,phases,start] GC(1072) Summary Phase
[237.816s][info][gc,phases      ] GC(1072) Summary Phase 0.022ms
[237.816s][info][gc,phases,start] GC(1072) Adjust Roots
[237.819s][info][gc,phases      ] GC(1072) Adjust Roots 2.539ms
[237.819s][info][gc,phases,start] GC(1072) Compaction Phase
[237.841s][info][gc,phases      ] GC(1072) Compaction Phase 22.450ms
[237.841s][info][gc,phases,start] GC(1072) Post Compact
[237.843s][info][gc,phases      ] GC(1072) Post Compact 2.290ms
[237.843s][info][gc,heap        ] GC(1072) PSYoungGen: 58318K(116736K)->44878K(116736K) Eden: 58318K(58880K)->44878K(58880K) From: 0K(57856K)->0K(57856K)
[237.844s][info][gc,heap        ] GC(1072) ParOldGen: 346523K(349696K)->346817K(349696K)
[237.844s][info][gc,metaspace   ] GC(1072) Metaspace: 119933K(124928K)->119933K(124928K) NonClass: 101803K(104320K)->101803K(104320K) Class: 18130K(20608K)->18130K(20608K)
[237.844s][info][gc             ] GC(1072) Pause Full (Ergonomics) 395M->382M(455M) 57.075ms
[237.844s][info][gc,cpu         ] GC(1072) User=0.48s Sys=0.00s Real=0.06s
[237.846s][info][gc,start       ] GC(1073) Pause Full (Ergonomics)
[237.846s][info][gc,phases,start] GC(1073) Marking Phase
[237.873s][info][gc,phases      ] GC(1073) Marking Phase 26.881ms
[237.873s][info][gc,phases,start] GC(1073) Summary Phase
[237.873s][info][gc,phases      ] GC(1073) Summary Phase 0.020ms
[237.873s][info][gc,phases,start] GC(1073) Adjust Roots
[237.876s][info][gc,phases      ] GC(1073) Adjust Roots 2.344ms
[237.876s][info][gc,phases,start] GC(1073) Compaction Phase
[237.890s][info][gc,phases      ] GC(1073) Compaction Phase 14.278ms
[237.890s][info][gc,phases,start] GC(1073) Post Compact
[237.892s][info][gc,phases      ] GC(1073) Post Compact 2.238ms
[237.892s][info][gc,heap        ] GC(1073) PSYoungGen: 58879K(116736K)->45739K(116736K) Eden: 58879K(58880K)->45739K(58880K) From: 0K(57856K)->0K(57856K)
[237.892s][info][gc,heap        ] GC(1073) ParOldGen: 346817K(349696K)->346814K(349696K)
[237.892s][info][gc,metaspace   ] GC(1073) Metaspace: 119944K(124928K)->119944K(124928K) NonClass: 101813K(104320K)->101813K(104320K) Class: 18131K(20608K)->18131K(20608K)
[237.892s][info][gc             ] GC(1073) Pause Full (Ergonomics) 396M->383M(455M) 46.080ms
[237.892s][info][gc,cpu         ] GC(1073) User=0.17s Sys=0.02s Real=0.05s
[237.896s][info][gc,start       ] GC(1074) Pause Full (Ergonomics)
[237.896s][info][gc,phases,start] GC(1074) Marking Phase
[237.929s][info][gc,phases      ] GC(1074) Marking Phase 32.848ms
[237.929s][info][gc,phases,start] GC(1074) Summary Phase
[237.929s][info][gc,phases      ] GC(1074) Summary Phase 0.024ms
[237.929s][info][gc,phases,start] GC(1074) Adjust Roots
[237.931s][info][gc,phases      ] GC(1074) Adjust Roots 2.641ms
[237.931s][info][gc,phases,start] GC(1074) Compaction Phase
[237.950s][info][gc,phases      ] GC(1074) Compaction Phase 18.643ms
[237.950s][info][gc,phases,start] GC(1074) Post Compact
[237.952s][info][gc,phases      ] GC(1074) Post Compact 2.267ms
[237.952s][info][gc,heap        ] GC(1074) PSYoungGen: 58880K(116736K)->42126K(116736K) Eden: 58880K(58880K)->42126K(58880K) From: 0K(57856K)->0K(57856K)
[237.952s][info][gc,heap        ] GC(1074) ParOldGen: 346814K(349696K)->346812K(349696K)
[237.952s][info][gc,metaspace   ] GC(1074) Metaspace: 119954K(124928K)->119954K(124928K) NonClass: 101821K(104320K)->101821K(104320K) Class: 18132K(20608K)->18132K(20608K)
[237.952s][info][gc             ] GC(1074) Pause Full (Ergonomics) 396M->379M(455M) 56.735ms
[237.953s][info][gc,cpu         ] GC(1074) User=0.48s Sys=0.00s Real=0.06s
[237.956s][info][gc,start       ] GC(1075) Pause Full (Ergonomics)
[237.956s][info][gc,phases,start] GC(1075) Marking Phase
[238.003s][info][gc,phases      ] GC(1075) Marking Phase 46.709ms
[238.003s][info][gc,phases,start] GC(1075) Summary Phase
[238.003s][info][gc,phases      ] GC(1075) Summary Phase 0.024ms
[238.003s][info][gc,phases,start] GC(1075) Adjust Roots
[238.007s][info][gc,phases      ] GC(1075) Adjust Roots 3.873ms
[238.007s][info][gc,phases,start] GC(1075) Compaction Phase
[238.020s][info][gc,phases      ] GC(1075) Compaction Phase 13.076ms
[238.020s][info][gc,phases,start] GC(1075) Post Compact
[238.022s][info][gc,phases      ] GC(1075) Post Compact 2.222ms
[238.022s][info][gc,heap        ] GC(1075) PSYoungGen: 58879K(116736K)->42426K(116736K) Eden: 58879K(58880K)->42426K(58880K) From: 0K(57856K)->0K(57856K)
[238.022s][info][gc,heap        ] GC(1075) ParOldGen: 346812K(349696K)->346812K(349696K)
[238.022s][info][gc,metaspace   ] GC(1075) Metaspace: 119965K(124928K)->119961K(124928K) NonClass: 101830K(104320K)->101828K(104320K) Class: 18134K(20608K)->18133K(20608K)
[238.022s][info][gc             ] GC(1075) Pause Full (Ergonomics) 396M->380M(455M) 66.188ms
[238.022s][info][gc,cpu         ] GC(1075) User=0.22s Sys=0.00s Real=0.07s
[238.026s][info][gc,start       ] GC(1076) Pause Full (Ergonomics)
[238.026s][info][gc,phases,start] GC(1076) Marking Phase
[238.076s][info][gc,phases      ] GC(1076) Marking Phase 50.124ms
[238.076s][info][gc,phases,start] GC(1076) Summary Phase
[238.076s][info][gc,phases      ] GC(1076) Summary Phase 0.019ms
[238.076s][info][gc,phases,start] GC(1076) Adjust Roots
[238.081s][info][gc,phases      ] GC(1076) Adjust Roots 4.367ms
[238.081s][info][gc,phases,start] GC(1076) Compaction Phase
[238.104s][info][gc,phases      ] GC(1076) Compaction Phase 23.314ms
[238.104s][info][gc,phases,start] GC(1076) Post Compact
[238.107s][info][gc,phases      ] GC(1076) Post Compact 2.607ms
[238.107s][info][gc,heap        ] GC(1076) PSYoungGen: 58880K(116736K)->43163K(116736K) Eden: 58880K(58880K)->43163K(58880K) From: 0K(57856K)->0K(57856K)
[238.107s][info][gc,heap        ] GC(1076) ParOldGen: 346812K(349696K)->346803K(349696K)
[238.107s][info][gc,metaspace   ] GC(1076) Metaspace: 119967K(124928K)->119868K(124928K) NonClass: 101833K(104320K)->101752K(104320K) Class: 18134K(20608K)->18116K(20608K)
[238.107s][info][gc             ] GC(1076) Pause Full (Ergonomics) 396M->380M(455M) 80.758ms
[238.107s][info][gc,cpu         ] GC(1076) User=0.64s Sys=0.00s Real=0.08s
[238.109s][info][gc,start       ] GC(1077) Pause Full (Ergonomics)
[238.109s][info][gc,phases,start] GC(1077) Marking Phase
[238.139s][info][gc,phases      ] GC(1077) Marking Phase 29.634ms
[238.139s][info][gc,phases,start] GC(1077) Summary Phase
[238.139s][info][gc,phases      ] GC(1077) Summary Phase 0.022ms
[238.139s][info][gc,phases,start] GC(1077) Adjust Roots
[238.142s][info][gc,phases      ] GC(1077) Adjust Roots 2.719ms
[238.142s][info][gc,phases,start] GC(1077) Compaction Phase
[238.163s][info][gc,phases      ] GC(1077) Compaction Phase 21.427ms
[238.163s][info][gc,phases,start] GC(1077) Post Compact
[238.166s][info][gc,phases      ] GC(1077) Post Compact 2.519ms
[238.166s][info][gc,heap        ] GC(1077) PSYoungGen: 58880K(116736K)->43805K(116736K) Eden: 58880K(58880K)->43805K(58880K) From: 0K(57856K)->0K(57856K)
[238.166s][info][gc,heap        ] GC(1077) ParOldGen: 346803K(349696K)->346699K(349696K)
[238.166s][info][gc,metaspace   ] GC(1077) Metaspace: 119873K(124928K)->119873K(124928K) NonClass: 101755K(104320K)->101755K(104320K) Class: 18117K(20608K)->18117K(20608K)
[238.166s][info][gc             ] GC(1077) Pause Full (Ergonomics) 396M->381M(455M) 56.687ms
[238.166s][info][gc,cpu         ] GC(1077) User=0.63s Sys=0.00s Real=0.06s
[238.169s][info][gc,start       ] GC(1078) Pause Full (Ergonomics)
[238.169s][info][gc,phases,start] GC(1078) Marking Phase
[238.198s][info][gc,phases      ] GC(1078) Marking Phase 28.087ms
[238.198s][info][gc,phases,start] GC(1078) Summary Phase
[238.198s][info][gc,phases      ] GC(1078) Summary Phase 0.020ms
[238.198s][info][gc,phases,start] GC(1078) Adjust Roots
[238.200s][info][gc,phases      ] GC(1078) Adjust Roots 2.486ms
[238.200s][info][gc,phases,start] GC(1078) Compaction Phase
[238.221s][info][gc,phases      ] GC(1078) Compaction Phase 20.852ms
[238.221s][info][gc,phases,start] GC(1078) Post Compact
[238.224s][info][gc,phases      ] GC(1078) Post Compact 2.444ms
[238.224s][info][gc,heap        ] GC(1078) PSYoungGen: 58880K(116736K)->44632K(116736K) Eden: 58880K(58880K)->44632K(58880K) From: 0K(57856K)->0K(57856K)
[238.224s][info][gc,heap        ] GC(1078) ParOldGen: 346699K(349696K)->346698K(349696K)
[238.224s][info][gc,metaspace   ] GC(1078) Metaspace: 119874K(124928K)->119874K(124928K) NonClass: 101756K(104320K)->101756K(104320K) Class: 18117K(20608K)->18117K(20608K)
[238.224s][info][gc             ] GC(1078) Pause Full (Ergonomics) 396M->382M(455M) 54.240ms
[238.224s][info][gc,cpu         ] GC(1078) User=0.47s Sys=0.00s Real=0.05s
[238.226s][info][gc,start       ] GC(1079) Pause Full (Ergonomics)
[238.226s][info][gc,phases,start] GC(1079) Marking Phase
[238.254s][info][gc,phases      ] GC(1079) Marking Phase 27.912ms
[238.254s][info][gc,phases,start] GC(1079) Summary Phase
[238.254s][info][gc,phases      ] GC(1079) Summary Phase 0.018ms
[238.254s][info][gc,phases,start] GC(1079) Adjust Roots
[238.257s][info][gc,phases      ] GC(1079) Adjust Roots 2.363ms
[238.257s][info][gc,phases,start] GC(1079) Compaction Phase
[238.270s][info][gc,phases      ] GC(1079) Compaction Phase 13.042ms
[238.270s][info][gc,phases,start] GC(1079) Post Compact
[238.272s][info][gc,phases      ] GC(1079) Post Compact 1.994ms
[238.272s][info][gc,heap        ] GC(1079) PSYoungGen: 58880K(116736K)->46259K(116736K) Eden: 58880K(58880K)->46259K(58880K) From: 0K(57856K)->0K(57856K)
[238.272s][info][gc,heap        ] GC(1079) ParOldGen: 346698K(349696K)->346698K(349696K)
[238.272s][info][gc,metaspace   ] GC(1079) Metaspace: 119887K(124928K)->119887K(124928K) NonClass: 101769K(104320K)->101769K(104320K) Class: 18118K(20608K)->18118K(20608K)
[238.272s][info][gc             ] GC(1079) Pause Full (Ergonomics) 396M->383M(455M) 45.578ms
[238.272s][info][gc,cpu         ] GC(1079) User=0.19s Sys=0.00s Real=0.05s
[238.288s][info][gc,start       ] GC(1080) Pause Full (Ergonomics)
[238.288s][info][gc,phases,start] GC(1080) Marking Phase
[238.327s][info][gc,phases      ] GC(1080) Marking Phase 39.039ms
[238.327s][info][gc,phases,start] GC(1080) Summary Phase
[238.327s][info][gc,phases      ] GC(1080) Summary Phase 0.019ms
[238.327s][info][gc,phases,start] GC(1080) Adjust Roots
[238.329s][info][gc,phases      ] GC(1080) Adjust Roots 2.295ms
[238.329s][info][gc,phases,start] GC(1080) Compaction Phase
[238.348s][info][gc,phases      ] GC(1080) Compaction Phase 18.460ms
[238.348s][info][gc,phases,start] GC(1080) Post Compact
[238.351s][info][gc,phases      ] GC(1080) Post Compact 2.623ms
[238.351s][info][gc,heap        ] GC(1080) PSYoungGen: 58880K(116736K)->46799K(116736K) Eden: 58880K(58880K)->46799K(58880K) From: 0K(57856K)->0K(57856K)
[238.351s][info][gc,heap        ] GC(1080) ParOldGen: 346698K(349696K)->346688K(349696K)
[238.351s][info][gc,metaspace   ] GC(1080) Metaspace: 119920K(124928K)->119920K(124928K) NonClass: 101800K(104320K)->101800K(104320K) Class: 18120K(20608K)->18120K(20608K)
[238.351s][info][gc             ] GC(1080) Pause Full (Ergonomics) 396M->384M(455M) 62.900ms
[238.351s][info][gc,cpu         ] GC(1080) User=0.48s Sys=0.00s Real=0.06s
[238.353s][info][gc,start       ] GC(1081) Pause Full (Ergonomics)
[238.353s][info][gc,phases,start] GC(1081) Marking Phase
[238.383s][info][gc,phases      ] GC(1081) Marking Phase 30.368ms
[238.383s][info][gc,phases,start] GC(1081) Summary Phase
[238.383s][info][gc,phases      ] GC(1081) Summary Phase 0.045ms
[238.383s][info][gc,phases,start] GC(1081) Adjust Roots
[238.386s][info][gc,phases      ] GC(1081) Adjust Roots 2.997ms
[238.387s][info][gc,phases,start] GC(1081) Compaction Phase
[238.396s][info][gc,phases      ] GC(1081) Compaction Phase 9.826ms
[238.396s][info][gc,phases,start] GC(1081) Post Compact
[238.399s][info][gc,phases      ] GC(1081) Post Compact 2.547ms
[238.399s][info][gc,heap        ] GC(1081) PSYoungGen: 58879K(116736K)->46960K(116736K) Eden: 58879K(58880K)->46960K(58880K) From: 0K(57856K)->0K(57856K)
[238.399s][info][gc,heap        ] GC(1081) ParOldGen: 346688K(349696K)->346688K(349696K)
[238.399s][info][gc,metaspace   ] GC(1081) Metaspace: 119923K(124928K)->119923K(124928K) NonClass: 101802K(104320K)->101802K(104320K) Class: 18121K(20608K)->18121K(20608K)
[238.399s][info][gc             ] GC(1081) Pause Full (Ergonomics) 396M->384M(455M) 46.186ms
[238.399s][info][gc,cpu         ] GC(1081) User=0.42s Sys=0.00s Real=0.05s
[238.401s][info][gc,start       ] GC(1082) Pause Full (Ergonomics)
[238.402s][info][gc,phases,start] GC(1082) Marking Phase
[238.440s][info][gc,phases      ] GC(1082) Marking Phase 38.326ms
[238.440s][info][gc,phases,start] GC(1082) Summary Phase
[238.440s][info][gc,phases      ] GC(1082) Summary Phase 0.047ms
[238.440s][info][gc,phases,start] GC(1082) Adjust Roots
[238.443s][info][gc,phases      ] GC(1082) Adjust Roots 2.474ms
[238.443s][info][gc,phases,start] GC(1082) Compaction Phase
[238.463s][info][gc,phases      ] GC(1082) Compaction Phase 20.726ms
[238.463s][info][gc,phases,start] GC(1082) Post Compact
[238.465s][info][gc,phases      ] GC(1082) Post Compact 2.053ms
[238.465s][info][gc,heap        ] GC(1082) PSYoungGen: 58880K(116736K)->46907K(116736K) Eden: 58880K(58880K)->46907K(58880K) From: 0K(57856K)->0K(57856K)
[238.465s][info][gc,heap        ] GC(1082) ParOldGen: 346688K(349696K)->346678K(349696K)
[238.465s][info][gc,metaspace   ] GC(1082) Metaspace: 119925K(124928K)->119925K(124928K) NonClass: 101804K(104320K)->101804K(104320K) Class: 18121K(20608K)->18121K(20608K)
[238.466s][info][gc             ] GC(1082) Pause Full (Ergonomics) 396M->384M(455M) 64.012ms
[238.466s][info][gc,cpu         ] GC(1082) User=0.36s Sys=0.00s Real=0.06s
[238.468s][info][gc,start       ] GC(1083) Pause Full (Ergonomics)
[238.468s][info][gc,phases,start] GC(1083) Marking Phase
[238.504s][info][gc,phases      ] GC(1083) Marking Phase 36.460ms
[238.504s][info][gc,phases,start] GC(1083) Summary Phase
[238.504s][info][gc,phases      ] GC(1083) Summary Phase 0.047ms
[238.504s][info][gc,phases,start] GC(1083) Adjust Roots
[238.507s][info][gc,phases      ] GC(1083) Adjust Roots 2.962ms
[238.507s][info][gc,phases,start] GC(1083) Compaction Phase
[238.524s][info][gc,phases      ] GC(1083) Compaction Phase 16.910ms
[238.524s][info][gc,phases,start] GC(1083) Post Compact
[238.526s][info][gc,phases      ] GC(1083) Post Compact 2.178ms
[238.526s][info][gc,heap        ] GC(1083) PSYoungGen: 58880K(116736K)->47392K(116736K) Eden: 58880K(58880K)->47392K(58880K) From: 0K(57856K)->0K(57856K)
[238.526s][info][gc,heap        ] GC(1083) ParOldGen: 346678K(349696K)->346678K(349696K)
[238.526s][info][gc,metaspace   ] GC(1083) Metaspace: 119930K(124928K)->119930K(124928K) NonClass: 101809K(104320K)->101809K(104320K) Class: 18121K(20608K)->18121K(20608K)
[238.526s][info][gc             ] GC(1083) Pause Full (Ergonomics) 396M->384M(455M) 58.919ms
[238.527s][info][gc,cpu         ] GC(1083) User=0.23s Sys=0.02s Real=0.05s
[238.530s][info][gc,start       ] GC(1084) Pause Full (Ergonomics)
[238.530s][info][gc,phases,start] GC(1084) Marking Phase
[238.566s][info][gc,phases      ] GC(1084) Marking Phase 36.064ms
[238.566s][info][gc,phases,start] GC(1084) Summary Phase
[238.566s][info][gc,phases      ] GC(1084) Summary Phase 0.017ms
[238.566s][info][gc,phases,start] GC(1084) Adjust Roots
[238.568s][info][gc,phases      ] GC(1084) Adjust Roots 2.337ms
[238.568s][info][gc,phases,start] GC(1084) Compaction Phase
[238.588s][info][gc,phases      ] GC(1084) Compaction Phase 19.322ms
[238.588s][info][gc,phases,start] GC(1084) Post Compact
[238.590s][info][gc,phases      ] GC(1084) Post Compact 2.353ms
[238.590s][info][gc,heap        ] GC(1084) PSYoungGen: 58880K(116736K)->46952K(116736K) Eden: 58880K(58880K)->46952K(58880K) From: 0K(57856K)->0K(57856K)
[238.590s][info][gc,heap        ] GC(1084) ParOldGen: 346678K(349696K)->346676K(349696K)
[238.590s][info][gc,metaspace   ] GC(1084) Metaspace: 119937K(124928K)->119937K(124928K) NonClass: 101814K(104320K)->101814K(104320K) Class: 18122K(20608K)->18122K(20608K)
[238.590s][info][gc             ] GC(1084) Pause Full (Ergonomics) 396M->384M(455M) 60.401ms
[238.590s][info][gc,cpu         ] GC(1084) User=0.47s Sys=0.00s Real=0.05s
[238.592s][info][gc,start       ] GC(1085) Pause Full (Ergonomics)
[238.592s][info][gc,phases,start] GC(1085) Marking Phase
[238.624s][info][gc,phases      ] GC(1085) Marking Phase 31.948ms
[238.624s][info][gc,phases,start] GC(1085) Summary Phase
[238.624s][info][gc,phases      ] GC(1085) Summary Phase 0.018ms
[238.624s][info][gc,phases,start] GC(1085) Adjust Roots
[238.626s][info][gc,phases      ] GC(1085) Adjust Roots 2.351ms
[238.626s][info][gc,phases,start] GC(1085) Compaction Phase
[238.646s][info][gc,phases      ] GC(1085) Compaction Phase 19.839ms
[238.646s][info][gc,phases,start] GC(1085) Post Compact
[238.648s][info][gc,phases      ] GC(1085) Post Compact 2.014ms
[238.648s][info][gc,heap        ] GC(1085) PSYoungGen: 53605K(116736K)->46890K(116736K) Eden: 53605K(58880K)->46890K(58880K) From: 0K(57856K)->0K(57856K)
[238.648s][info][gc,heap        ] GC(1085) ParOldGen: 346676K(349696K)->346675K(349696K)
[238.648s][info][gc,metaspace   ] GC(1085) Metaspace: 119938K(124928K)->119938K(124928K) NonClass: 101815K(104320K)->101815K(104320K) Class: 18123K(20608K)->18123K(20608K)
[238.648s][info][gc             ] GC(1085) Pause Full (Ergonomics) 390M->384M(455M) 56.429ms
[238.648s][info][gc,cpu         ] GC(1085) User=0.38s Sys=0.00s Real=0.05s
[238.650s][info][gc,start       ] GC(1086) Pause Full (Ergonomics)
[238.650s][info][gc,phases,start] GC(1086) Marking Phase
[238.681s][info][gc,phases      ] GC(1086) Marking Phase 30.586ms
[238.681s][info][gc,phases,start] GC(1086) Summary Phase
[238.681s][info][gc,phases      ] GC(1086) Summary Phase 0.040ms
[238.681s][info][gc,phases,start] GC(1086) Adjust Roots
[238.683s][info][gc,phases      ] GC(1086) Adjust Roots 2.306ms
[238.683s][info][gc,phases,start] GC(1086) Compaction Phase
[238.691s][info][gc,phases      ] GC(1086) Compaction Phase 8.089ms
[238.691s][info][gc,phases,start] GC(1086) Post Compact
[238.693s][info][gc,phases      ] GC(1086) Post Compact 2.034ms
[238.694s][info][gc,heap        ] GC(1086) PSYoungGen: 58880K(116736K)->53983K(116736K) Eden: 58880K(58880K)->53983K(58880K) From: 0K(57856K)->0K(57856K)
[238.694s][info][gc,heap        ] GC(1086) ParOldGen: 346675K(349696K)->346675K(349696K)
[238.694s][info][gc,metaspace   ] GC(1086) Metaspace: 119938K(124928K)->119938K(124928K) NonClass: 101815K(104320K)->101815K(104320K) Class: 18123K(20608K)->18123K(20608K)
[238.694s][info][gc             ] GC(1086) Pause Full (Ergonomics) 396M->391M(455M) 43.394ms
[238.694s][info][gc,cpu         ] GC(1086) User=0.17s Sys=0.00s Real=0.03s
[238.696s][info][gc,start       ] GC(1087) Pause Full (Ergonomics)
[238.696s][info][gc,phases,start] GC(1087) Marking Phase
[238.727s][info][gc,phases      ] GC(1087) Marking Phase 31.361ms
[238.727s][info][gc,phases,start] GC(1087) Summary Phase
[238.727s][info][gc,phases      ] GC(1087) Summary Phase 0.018ms
[238.727s][info][gc,phases,start] GC(1087) Adjust Roots
[238.730s][info][gc,phases      ] GC(1087) Adjust Roots 2.430ms
[238.730s][info][gc,phases,start] GC(1087) Compaction Phase
[238.740s][info][gc,phases      ] GC(1087) Compaction Phase 10.427ms
[238.740s][info][gc,phases,start] GC(1087) Post Compact
[238.742s][info][gc,phases      ] GC(1087) Post Compact 2.015ms
[238.742s][info][gc,heap        ] GC(1087) PSYoungGen: 58879K(116736K)->53570K(116736K) Eden: 58879K(58880K)->53570K(58880K) From: 0K(57856K)->0K(57856K)
[238.742s][info][gc,heap        ] GC(1087) ParOldGen: 346675K(349696K)->346675K(349696K)
[238.742s][info][gc,metaspace   ] GC(1087) Metaspace: 119938K(124928K)->119938K(124928K) NonClass: 101815K(104320K)->101815K(104320K) Class: 18123K(20608K)->18123K(20608K)
[238.742s][info][gc             ] GC(1087) Pause Full (Ergonomics) 396M->390M(455M) 46.533ms
[238.742s][info][gc,cpu         ] GC(1087) User=0.19s Sys=0.00s Real=0.05s
[238.744s][info][gc,start       ] GC(1088) Pause Full (Ergonomics)
[238.744s][info][gc,phases,start] GC(1088) Marking Phase
[238.778s][info][gc,phases      ] GC(1088) Marking Phase 34.524ms
[238.779s][info][gc,phases,start] GC(1088) Summary Phase
[238.779s][info][gc,phases      ] GC(1088) Summary Phase 0.048ms
[238.779s][info][gc,phases,start] GC(1088) Adjust Roots
[238.782s][info][gc,phases      ] GC(1088) Adjust Roots 3.257ms
[238.782s][info][gc,phases,start] GC(1088) Compaction Phase
[238.804s][info][gc,phases      ] GC(1088) Compaction Phase 22.425ms
[238.804s][info][gc,phases,start] GC(1088) Post Compact
[238.807s][info][gc,phases      ] GC(1088) Post Compact 2.612ms
[238.807s][info][gc,heap        ] GC(1088) PSYoungGen: 58879K(116736K)->53571K(116736K) Eden: 58879K(58880K)->53571K(58880K) From: 0K(57856K)->0K(57856K)
[238.807s][info][gc,heap        ] GC(1088) ParOldGen: 346675K(349696K)->343523K(349696K)
[238.807s][info][gc,metaspace   ] GC(1088) Metaspace: 119939K(124928K)->119939K(124928K) NonClass: 101816K(104320K)->101816K(104320K) Class: 18123K(20608K)->18123K(20608K)
[238.807s][info][gc             ] GC(1088) Pause Full (Ergonomics) 396M->387M(455M) 63.333ms
[238.807s][info][gc,cpu         ] GC(1088) User=0.53s Sys=0.00s Real=0.05s
[238.809s][info][gc,start       ] GC(1089) Pause Full (Ergonomics)
[238.809s][info][gc,phases,start] GC(1089) Marking Phase
[238.839s][info][gc,phases      ] GC(1089) Marking Phase 29.780ms
[238.839s][info][gc,phases,start] GC(1089) Summary Phase
[238.839s][info][gc,phases      ] GC(1089) Summary Phase 0.052ms
[238.839s][info][gc,phases,start] GC(1089) Adjust Roots
[238.841s][info][gc,phases      ] GC(1089) Adjust Roots 2.391ms
[238.841s][info][gc,phases,start] GC(1089) Compaction Phase
[238.857s][info][gc,phases      ] GC(1089) Compaction Phase 15.114ms
[238.857s][info][gc,phases,start] GC(1089) Post Compact
[238.859s][info][gc,phases      ] GC(1089) Post Compact 2.513ms
[238.859s][info][gc,heap        ] GC(1089) PSYoungGen: 58879K(116736K)->53618K(116736K) Eden: 58879K(58880K)->53618K(58880K) From: 0K(57856K)->0K(57856K)
[238.859s][info][gc,heap        ] GC(1089) ParOldGen: 343523K(349696K)->343523K(349696K)
[238.859s][info][gc,metaspace   ] GC(1089) Metaspace: 119943K(124928K)->119943K(124928K) NonClass: 101818K(104320K)->101818K(104320K) Class: 18124K(20608K)->18124K(20608K)
[238.859s][info][gc             ] GC(1089) Pause Full (Ergonomics) 392M->387M(455M) 50.263ms
[238.859s][info][gc,cpu         ] GC(1089) User=0.19s Sys=0.00s Real=0.05s
[238.861s][info][gc,start       ] GC(1090) Pause Full (Ergonomics)
[238.861s][info][gc,phases,start] GC(1090) Marking Phase
[238.896s][info][gc,phases      ] GC(1090) Marking Phase 35.011ms
[238.897s][info][gc,phases,start] GC(1090) Summary Phase
[238.897s][info][gc,phases      ] GC(1090) Summary Phase 0.025ms
[238.897s][info][gc,phases,start] GC(1090) Adjust Roots
[238.899s][info][gc,phases      ] GC(1090) Adjust Roots 2.298ms
[238.899s][info][gc,phases,start] GC(1090) Compaction Phase
[238.905s][info][gc,phases      ] GC(1090) Compaction Phase 6.359ms
[238.905s][info][gc,phases,start] GC(1090) Post Compact
[238.907s][info][gc,phases      ] GC(1090) Post Compact 2.006ms
[238.907s][info][gc,heap        ] GC(1090) PSYoungGen: 58879K(116736K)->53612K(116736K) Eden: 58879K(58880K)->53612K(58880K) From: 0K(57856K)->0K(57856K)
[238.907s][info][gc,heap        ] GC(1090) ParOldGen: 343523K(349696K)->343523K(349696K)
[238.907s][info][gc,metaspace   ] GC(1090) Metaspace: 119946K(124928K)->119946K(124928K) NonClass: 101820K(104320K)->101820K(104320K) Class: 18125K(20608K)->18125K(20608K)
[238.907s][info][gc             ] GC(1090) Pause Full (Ergonomics) 392M->387M(455M) 45.989ms
[238.907s][info][gc,cpu         ] GC(1090) User=0.33s Sys=0.00s Real=0.05s
[238.909s][info][gc,start       ] GC(1091) Pause Full (Ergonomics)
[238.909s][info][gc,phases,start] GC(1091) Marking Phase
[238.937s][info][gc,phases      ] GC(1091) Marking Phase 27.433ms
[238.937s][info][gc,phases,start] GC(1091) Summary Phase
[238.937s][info][gc,phases      ] GC(1091) Summary Phase 0.017ms
[238.937s][info][gc,phases,start] GC(1091) Adjust Roots
[238.939s][info][gc,phases      ] GC(1091) Adjust Roots 2.379ms
[238.939s][info][gc,phases,start] GC(1091) Compaction Phase
[238.951s][info][gc,phases      ] GC(1091) Compaction Phase 11.518ms
[238.951s][info][gc,phases,start] GC(1091) Post Compact
[238.953s][info][gc,phases      ] GC(1091) Post Compact 1.979ms
[238.953s][info][gc,heap        ] GC(1091) PSYoungGen: 58879K(116736K)->53732K(116736K) Eden: 58879K(58880K)->53732K(58880K) From: 0K(57856K)->0K(57856K)
[238.953s][info][gc,heap        ] GC(1091) ParOldGen: 343523K(349696K)->343523K(349696K)
[238.953s][info][gc,metaspace   ] GC(1091) Metaspace: 119947K(124928K)->119947K(124928K) NonClass: 101821K(104320K)->101821K(104320K) Class: 18125K(20608K)->18125K(20608K)
[238.953s][info][gc             ] GC(1091) Pause Full (Ergonomics) 392M->387M(455M) 43.535ms
[238.953s][info][gc,cpu         ] GC(1091) User=0.17s Sys=0.00s Real=0.03s
[238.955s][info][gc,start       ] GC(1092) Pause Full (Ergonomics)
[238.955s][info][gc,phases,start] GC(1092) Marking Phase
[238.987s][info][gc,phases      ] GC(1092) Marking Phase 31.944ms
[238.987s][info][gc,phases,start] GC(1092) Summary Phase
[238.987s][info][gc,phases      ] GC(1092) Summary Phase 0.045ms
[238.987s][info][gc,phases,start] GC(1092) Adjust Roots
[238.989s][info][gc,phases      ] GC(1092) Adjust Roots 2.335ms
[238.989s][info][gc,phases,start] GC(1092) Compaction Phase
[238.996s][info][gc,phases      ] GC(1092) Compaction Phase 6.301ms
[238.996s][info][gc,phases,start] GC(1092) Post Compact
[238.998s][info][gc,phases      ] GC(1092) Post Compact 1.962ms
[238.998s][info][gc,heap        ] GC(1092) PSYoungGen: 58879K(116736K)->53772K(116736K) Eden: 58879K(58880K)->53772K(58880K) From: 0K(57856K)->0K(57856K)
[238.998s][info][gc,heap        ] GC(1092) ParOldGen: 343523K(349696K)->343523K(349696K)
[238.998s][info][gc,metaspace   ] GC(1092) Metaspace: 119951K(124928K)->119951K(124928K) NonClass: 101825K(104320K)->101825K(104320K) Class: 18125K(20608K)->18125K(20608K)
[238.998s][info][gc             ] GC(1092) Pause Full (Ergonomics) 392M->387M(455M) 42.897ms
[238.998s][info][gc,cpu         ] GC(1092) User=0.17s Sys=0.00s Real=0.03s
[239.000s][info][gc,start       ] GC(1093) Pause Full (Ergonomics)
[239.000s][info][gc,phases,start] GC(1093) Marking Phase
[239.029s][info][gc,phases      ] GC(1093) Marking Phase 29.804ms
[239.029s][info][gc,phases,start] GC(1093) Summary Phase
[239.030s][info][gc,phases      ] GC(1093) Summary Phase 0.023ms
[239.030s][info][gc,phases,start] GC(1093) Adjust Roots
[239.032s][info][gc,phases      ] GC(1093) Adjust Roots 2.420ms
[239.032s][info][gc,phases,start] GC(1093) Compaction Phase
[239.050s][info][gc,phases      ] GC(1093) Compaction Phase 18.427ms
[239.050s][info][gc,phases,start] GC(1093) Post Compact
[239.053s][info][gc,phases      ] GC(1093) Post Compact 2.288ms
[239.053s][info][gc,heap        ] GC(1093) PSYoungGen: 58880K(116736K)->53825K(116736K) Eden: 58880K(58880K)->53825K(58880K) From: 0K(57856K)->0K(57856K)
[239.053s][info][gc,heap        ] GC(1093) ParOldGen: 343523K(349696K)->343522K(349696K)
[239.053s][info][gc,metaspace   ] GC(1093) Metaspace: 119953K(124928K)->119953K(124928K) NonClass: 101827K(104320K)->101827K(104320K) Class: 18125K(20608K)->18125K(20608K)
[239.053s][info][gc             ] GC(1093) Pause Full (Ergonomics) 392M->388M(455M) 53.272ms
[239.053s][info][gc,cpu         ] GC(1093) User=0.33s Sys=0.00s Real=0.05s
[239.055s][info][gc,start       ] GC(1094) Pause Full (Ergonomics)
[239.071s][info][gc,phases,start] GC(1094) Marking Phase
[239.099s][info][gc,phases      ] GC(1094) Marking Phase 28.219ms
[239.099s][info][gc,phases,start] GC(1094) Summary Phase
[239.099s][info][gc,phases      ] GC(1094) Summary Phase 0.019ms
[239.099s][info][gc,phases,start] GC(1094) Adjust Roots
[239.102s][info][gc,phases      ] GC(1094) Adjust Roots 2.873ms
[239.102s][info][gc,phases,start] GC(1094) Compaction Phase
[239.121s][info][gc,phases      ] GC(1094) Compaction Phase 19.251ms
[239.121s][info][gc,phases,start] GC(1094) Post Compact
[239.123s][info][gc,phases      ] GC(1094) Post Compact 2.033ms
[239.123s][info][gc,heap        ] GC(1094) PSYoungGen: 58880K(116736K)->53948K(116736K) Eden: 58880K(58880K)->53948K(58880K) From: 0K(57856K)->0K(57856K)
[239.123s][info][gc,heap        ] GC(1094) ParOldGen: 343522K(349696K)->343522K(349696K)
[239.123s][info][gc,metaspace   ] GC(1094) Metaspace: 119954K(124928K)->119954K(124928K) NonClass: 101828K(104320K)->101828K(104320K) Class: 18125K(20608K)->18125K(20608K)
[239.123s][info][gc             ] GC(1094) Pause Full (Ergonomics) 392M->388M(455M) 68.662ms
[239.123s][info][gc,cpu         ] GC(1094) User=0.33s Sys=0.00s Real=0.06s
[239.125s][info][gc,start       ] GC(1095) Pause Full (Ergonomics)
[239.125s][info][gc,phases,start] GC(1095) Marking Phase
[239.154s][info][gc,phases      ] GC(1095) Marking Phase 29.299ms
[239.154s][info][gc,phases,start] GC(1095) Summary Phase
[239.154s][info][gc,phases      ] GC(1095) Summary Phase 0.019ms
[239.154s][info][gc,phases,start] GC(1095) Adjust Roots
[239.157s][info][gc,phases      ] GC(1095) Adjust Roots 2.377ms
[239.157s][info][gc,phases,start] GC(1095) Compaction Phase
[239.166s][info][gc,phases      ] GC(1095) Compaction Phase 8.888ms
[239.166s][info][gc,phases,start] GC(1095) Post Compact
[239.168s][info][gc,phases      ] GC(1095) Post Compact 2.134ms
[239.168s][info][gc,heap        ] GC(1095) PSYoungGen: 58880K(116736K)->53986K(116736K) Eden: 58880K(58880K)->53986K(58880K) From: 0K(57856K)->0K(57856K)
[239.168s][info][gc,heap        ] GC(1095) ParOldGen: 343522K(349696K)->343522K(349696K)
[239.168s][info][gc,metaspace   ] GC(1095) Metaspace: 119954K(124928K)->119954K(124928K) NonClass: 101828K(104320K)->101828K(104320K) Class: 18125K(20608K)->18125K(20608K)
[239.168s][info][gc             ] GC(1095) Pause Full (Ergonomics) 392M->388M(455M) 42.995ms
[239.168s][info][gc,cpu         ] GC(1095) User=0.31s Sys=0.00s Real=0.03s
[239.170s][info][gc,start       ] GC(1096) Pause Full (Ergonomics)
[239.170s][info][gc,phases,start] GC(1096) Marking Phase
[239.202s][info][gc,phases      ] GC(1096) Marking Phase 31.828ms
[239.202s][info][gc,phases,start] GC(1096) Summary Phase
[239.202s][info][gc,phases      ] GC(1096) Summary Phase 0.019ms
[239.202s][info][gc,phases,start] GC(1096) Adjust Roots
[239.204s][info][gc,phases      ] GC(1096) Adjust Roots 2.365ms
[239.204s][info][gc,phases,start] GC(1096) Compaction Phase
[239.214s][info][gc,phases      ] GC(1096) Compaction Phase 9.962ms
[239.214s][info][gc,phases,start] GC(1096) Post Compact
[239.217s][info][gc,phases      ] GC(1096) Post Compact 2.349ms
[239.217s][info][gc,heap        ] GC(1096) PSYoungGen: 58879K(116736K)->54419K(116736K) Eden: 58879K(58880K)->54419K(58880K) From: 0K(57856K)->0K(57856K)
[239.217s][info][gc,heap        ] GC(1096) ParOldGen: 343522K(349696K)->343522K(349696K)
[239.217s][info][gc,metaspace   ] GC(1096) Metaspace: 119955K(124928K)->119955K(124928K) NonClass: 101830K(104320K)->101830K(104320K) Class: 18125K(20608K)->18125K(20608K)
[239.217s][info][gc             ] GC(1096) Pause Full (Ergonomics) 392M->388M(455M) 46.880ms
[239.217s][info][gc,cpu         ] GC(1096) User=0.19s Sys=0.00s Real=0.05s
[239.218s][info][gc,start       ] GC(1097) Pause Full (Ergonomics)
[239.218s][info][gc,phases,start] GC(1097) Marking Phase
[239.251s][info][gc,phases      ] GC(1097) Marking Phase 32.819ms
[239.251s][info][gc,phases,start] GC(1097) Summary Phase
[239.251s][info][gc,phases      ] GC(1097) Summary Phase 0.031ms
[239.251s][info][gc,phases,start] GC(1097) Adjust Roots
[239.253s][info][gc,phases      ] GC(1097) Adjust Roots 2.354ms
[239.253s][info][gc,phases,start] GC(1097) Compaction Phase
[239.261s][info][gc,phases      ] GC(1097) Compaction Phase 8.262ms
[239.262s][info][gc,phases,start] GC(1097) Post Compact
[239.264s][info][gc,phases      ] GC(1097) Post Compact 2.118ms
[239.264s][info][gc,heap        ] GC(1097) PSYoungGen: 57282K(116736K)->48232K(116736K) Eden: 57282K(58880K)->48232K(58880K) From: 0K(57856K)->0K(57856K)
[239.264s][info][gc,heap        ] GC(1097) ParOldGen: 343522K(349696K)->349694K(349696K)
[239.264s][info][gc,metaspace   ] GC(1097) Metaspace: 119955K(124928K)->119955K(124928K) NonClass: 101830K(104320K)->101830K(104320K) Class: 18125K(20608K)->18125K(20608K)
[239.264s][info][gc             ] GC(1097) Pause Full (Ergonomics) 391M->388M(455M) 45.903ms
[239.264s][info][gc,cpu         ] GC(1097) User=0.19s Sys=0.00s Real=0.05s
[239.267s][info][gc,start       ] GC(1098) Pause Full (Ergonomics)
[239.267s][info][gc,phases,start] GC(1098) Marking Phase
[239.302s][info][gc,phases      ] GC(1098) Marking Phase 34.928ms
[239.302s][info][gc,phases,start] GC(1098) Summary Phase
[239.302s][info][gc,phases      ] GC(1098) Summary Phase 0.044ms
[239.302s][info][gc,phases,start] GC(1098) Adjust Roots
[239.304s][info][gc,phases      ] GC(1098) Adjust Roots 2.347ms
[239.304s][info][gc,phases,start] GC(1098) Compaction Phase
[239.312s][info][gc,phases      ] GC(1098) Compaction Phase 8.009ms
[239.312s][info][gc,phases,start] GC(1098) Post Compact
[239.315s][info][gc,phases      ] GC(1098) Post Compact 2.516ms
[239.315s][info][gc,heap        ] GC(1098) PSYoungGen: 58880K(116736K)->52399K(116736K) Eden: 58880K(58880K)->52399K(58880K) From: 0K(57856K)->0K(57856K)
[239.315s][info][gc,heap        ] GC(1098) ParOldGen: 349694K(349696K)->349694K(349696K)
[239.315s][info][gc,metaspace   ] GC(1098) Metaspace: 119957K(124928K)->119957K(124928K) NonClass: 101831K(104320K)->101831K(104320K) Class: 18125K(20608K)->18125K(20608K)
[239.315s][info][gc             ] GC(1098) Pause Full (Ergonomics) 398M->392M(455M) 48.295ms
[239.315s][info][gc,cpu         ] GC(1098) User=0.17s Sys=0.00s Real=0.04s
[239.316s][info][gc,start       ] GC(1099) Pause Full (Ergonomics)
[239.316s][info][gc,phases,start] GC(1099) Marking Phase
[239.345s][info][gc,phases      ] GC(1099) Marking Phase 28.620ms
[239.345s][info][gc,phases,start] GC(1099) Summary Phase
[239.345s][info][gc,phases      ] GC(1099) Summary Phase 0.021ms
[239.345s][info][gc,phases,start] GC(1099) Adjust Roots
[239.347s][info][gc,phases      ] GC(1099) Adjust Roots 2.359ms
[239.348s][info][gc,phases,start] GC(1099) Compaction Phase
[239.361s][info][gc,phases      ] GC(1099) Compaction Phase 13.711ms
[239.361s][info][gc,phases,start] GC(1099) Post Compact
[239.364s][info][gc,phases      ] GC(1099) Post Compact 2.268ms
[239.364s][info][gc,heap        ] GC(1099) PSYoungGen: 55777K(116736K)->52302K(116736K) Eden: 55777K(58880K)->52302K(58880K) From: 0K(57856K)->0K(57856K)
[239.364s][info][gc,heap        ] GC(1099) ParOldGen: 349694K(349696K)->343444K(349696K)
[239.364s][info][gc,metaspace   ] GC(1099) Metaspace: 119957K(124928K)->119957K(124928K) NonClass: 101831K(104320K)->101831K(104320K) Class: 18125K(20608K)->18125K(20608K)
[239.364s][info][gc             ] GC(1099) Pause Full (Ergonomics) 395M->386M(455M) 47.285ms
[239.364s][info][gc,cpu         ] GC(1099) User=0.34s Sys=0.00s Real=0.06s
[239.365s][info][gc,start       ] GC(1100) Pause Full (Ergonomics)
[239.365s][info][gc,phases,start] GC(1100) Marking Phase
[239.403s][info][gc,phases      ] GC(1100) Marking Phase 37.605ms
[239.403s][info][gc,phases,start] GC(1100) Summary Phase
[239.403s][info][gc,phases      ] GC(1100) Summary Phase 0.045ms
[239.403s][info][gc,phases,start] GC(1100) Adjust Roots
[239.405s][info][gc,phases      ] GC(1100) Adjust Roots 2.366ms
[239.406s][info][gc,phases,start] GC(1100) Compaction Phase
[239.413s][info][gc,phases      ] GC(1100) Compaction Phase 7.736ms
[239.413s][info][gc,phases,start] GC(1100) Post Compact
[239.416s][info][gc,phases      ] GC(1100) Post Compact 2.469ms
[239.416s][info][gc,heap        ] GC(1100) PSYoungGen: 58879K(116736K)->56484K(116736K) Eden: 58879K(58880K)->56484K(58880K) From: 0K(57856K)->0K(57856K)
[239.416s][info][gc,heap        ] GC(1100) ParOldGen: 343444K(349696K)->343444K(349696K)
[239.416s][info][gc,metaspace   ] GC(1100) Metaspace: 119957K(124928K)->119957K(124928K) NonClass: 101831K(104320K)->101831K(104320K) Class: 18125K(20608K)->18125K(20608K)
[239.416s][info][gc             ] GC(1100) Pause Full (Ergonomics) 392M->390M(455M) 50.591ms
[239.416s][info][gc,cpu         ] GC(1100) User=0.23s Sys=0.00s Real=0.05s
[239.417s][info][gc,start       ] GC(1101) Pause Full (Ergonomics)
[239.418s][info][gc,phases,start] GC(1101) Marking Phase
[239.448s][info][gc,phases      ] GC(1101) Marking Phase 30.606ms
[239.448s][info][gc,phases,start] GC(1101) Summary Phase
[239.448s][info][gc,phases      ] GC(1101) Summary Phase 0.023ms
[239.448s][info][gc,phases,start] GC(1101) Adjust Roots
[239.451s][info][gc,phases      ] GC(1101) Adjust Roots 2.491ms
[239.451s][info][gc,phases,start] GC(1101) Compaction Phase
[239.464s][info][gc,phases      ] GC(1101) Compaction Phase 13.537ms
[239.464s][info][gc,phases,start] GC(1101) Post Compact
[239.466s][info][gc,phases      ] GC(1101) Post Compact 2.005ms
[239.466s][info][gc,heap        ] GC(1101) PSYoungGen: 58880K(116736K)->56551K(116736K) Eden: 58880K(58880K)->56551K(58880K) From: 0K(57856K)->0K(57856K)
[239.466s][info][gc,heap        ] GC(1101) ParOldGen: 343444K(349696K)->343444K(349696K)
[239.466s][info][gc,metaspace   ] GC(1101) Metaspace: 119964K(124992K)->119964K(124992K) NonClass: 101838K(104384K)->101838K(104384K) Class: 18125K(20608K)->18125K(20608K)
[239.466s][info][gc             ] GC(1101) Pause Full (Ergonomics) 392M->390M(455M) 48.975ms
[239.466s][info][gc,cpu         ] GC(1101) User=0.19s Sys=0.00s Real=0.05s
[239.467s][info][gc,start       ] GC(1102) Pause Full (Ergonomics)
[239.467s][info][gc,phases,start] GC(1102) Marking Phase
[239.501s][info][gc,phases      ] GC(1102) Marking Phase 33.432ms
[239.501s][info][gc,phases,start] GC(1102) Summary Phase
[239.501s][info][gc,phases      ] GC(1102) Summary Phase 0.045ms
[239.501s][info][gc,phases,start] GC(1102) Adjust Roots
[239.504s][info][gc,phases      ] GC(1102) Adjust Roots 2.824ms
[239.504s][info][gc,phases,start] GC(1102) Compaction Phase
[239.511s][info][gc,phases      ] GC(1102) Compaction Phase 7.599ms
[239.511s][info][gc,phases,start] GC(1102) Post Compact
[239.514s][info][gc,phases      ] GC(1102) Post Compact 2.596ms
[239.514s][info][gc,heap        ] GC(1102) PSYoungGen: 58880K(116736K)->51826K(116736K) Eden: 58880K(58880K)->51826K(58880K) From: 0K(57856K)->0K(57856K)
[239.514s][info][gc,heap        ] GC(1102) ParOldGen: 343444K(349696K)->343442K(349696K)
[239.514s][info][gc,metaspace   ] GC(1102) Metaspace: 119964K(124992K)->119964K(124992K) NonClass: 101838K(104384K)->101838K(104384K) Class: 18125K(20608K)->18125K(20608K)
[239.514s][info][gc             ] GC(1102) Pause Full (Ergonomics) 392M->386M(455M) 46.904ms
[239.514s][info][gc,cpu         ] GC(1102) User=0.20s Sys=0.00s Real=0.05s
[239.517s][info][gc,start       ] GC(1103) Pause Full (Ergonomics)
[239.517s][info][gc,phases,start] GC(1103) Marking Phase
[239.551s][info][gc,phases      ] GC(1103) Marking Phase 34.179ms
[239.551s][info][gc,phases,start] GC(1103) Summary Phase
[239.551s][info][gc,phases      ] GC(1103) Summary Phase 0.020ms
[239.551s][info][gc,phases,start] GC(1103) Adjust Roots
[239.554s][info][gc,phases      ] GC(1103) Adjust Roots 2.372ms
[239.554s][info][gc,phases,start] GC(1103) Compaction Phase
[239.560s][info][gc,phases      ] GC(1103) Compaction Phase 6.638ms
[239.560s][info][gc,phases,start] GC(1103) Post Compact
[239.563s][info][gc,phases      ] GC(1103) Post Compact 2.092ms
[239.563s][info][gc,heap        ] GC(1103) PSYoungGen: 58880K(116736K)->52100K(116736K) Eden: 58880K(58880K)->52100K(58880K) From: 0K(57856K)->0K(57856K)
[239.563s][info][gc,heap        ] GC(1103) ParOldGen: 343442K(349696K)->343442K(349696K)
[239.563s][info][gc,metaspace   ] GC(1103) Metaspace: 119964K(124992K)->119964K(124992K) NonClass: 101838K(104384K)->101838K(104384K) Class: 18126K(20608K)->18126K(20608K)
[239.563s][info][gc             ] GC(1103) Pause Full (Ergonomics) 392M->386M(455M) 45.545ms
[239.563s][info][gc,cpu         ] GC(1103) User=0.17s Sys=0.00s Real=0.03s
[239.565s][info][gc,start       ] GC(1104) Pause Full (Ergonomics)
[239.565s][info][gc,phases,start] GC(1104) Marking Phase
[239.595s][info][gc,phases      ] GC(1104) Marking Phase 29.666ms
[239.595s][info][gc,phases,start] GC(1104) Summary Phase
[239.595s][info][gc,phases      ] GC(1104) Summary Phase 0.022ms
[239.595s][info][gc,phases,start] GC(1104) Adjust Roots
[239.597s][info][gc,phases      ] GC(1104) Adjust Roots 2.341ms
[239.597s][info][gc,phases,start] GC(1104) Compaction Phase
[239.605s][info][gc,phases      ] GC(1104) Compaction Phase 7.584ms
[239.605s][info][gc,phases,start] GC(1104) Post Compact
[239.607s][info][gc,phases      ] GC(1104) Post Compact 2.489ms
[239.608s][info][gc,heap        ] GC(1104) PSYoungGen: 58880K(116736K)->52270K(116736K) Eden: 58880K(58880K)->52270K(58880K) From: 0K(57856K)->0K(57856K)
[239.608s][info][gc,heap        ] GC(1104) ParOldGen: 343442K(349696K)->343442K(349696K)
[239.608s][info][gc,metaspace   ] GC(1104) Metaspace: 119970K(124992K)->119970K(124992K) NonClass: 101843K(104384K)->101843K(104384K) Class: 18126K(20608K)->18126K(20608K)
[239.608s][info][gc             ] GC(1104) Pause Full (Ergonomics) 392M->386M(455M) 42.464ms
[239.608s][info][gc,cpu         ] GC(1104) User=0.17s Sys=0.00s Real=0.03s
[239.610s][info][gc,start       ] GC(1105) Pause Full (Ergonomics)
[239.610s][info][gc,phases,start] GC(1105) Marking Phase
[239.640s][info][gc,phases      ] GC(1105) Marking Phase 29.860ms
[239.640s][info][gc,phases,start] GC(1105) Summary Phase
[239.640s][info][gc,phases      ] GC(1105) Summary Phase 0.017ms
[239.640s][info][gc,phases,start] GC(1105) Adjust Roots
[239.642s][info][gc,phases      ] GC(1105) Adjust Roots 2.381ms
[239.642s][info][gc,phases,start] GC(1105) Compaction Phase
[239.656s][info][gc,phases      ] GC(1105) Compaction Phase 14.000ms
[239.656s][info][gc,phases,start] GC(1105) Post Compact
[239.658s][info][gc,phases      ] GC(1105) Post Compact 1.992ms
[239.659s][info][gc,heap        ] GC(1105) PSYoungGen: 58879K(116736K)->52415K(116736K) Eden: 58879K(58880K)->52415K(58880K) From: 0K(57856K)->0K(57856K)
[239.659s][info][gc,heap        ] GC(1105) ParOldGen: 343442K(349696K)->343442K(349696K)
[239.659s][info][gc,metaspace   ] GC(1105) Metaspace: 119970K(124992K)->119970K(124992K) NonClass: 101843K(104384K)->101843K(104384K) Class: 18126K(20608K)->18126K(20608K)
[239.659s][info][gc             ] GC(1105) Pause Full (Ergonomics) 392M->386M(455M) 48.489ms
[239.659s][info][gc,cpu         ] GC(1105) User=0.19s Sys=0.00s Real=0.05s
[239.661s][info][gc,start       ] GC(1106) Pause Full (Ergonomics)
[239.661s][info][gc,phases,start] GC(1106) Marking Phase
[239.691s][info][gc,phases      ] GC(1106) Marking Phase 30.486ms
[239.691s][info][gc,phases,start] GC(1106) Summary Phase
[239.691s][info][gc,phases      ] GC(1106) Summary Phase 0.026ms
[239.691s][info][gc,phases,start] GC(1106) Adjust Roots
[239.694s][info][gc,phases      ] GC(1106) Adjust Roots 2.413ms
[239.694s][info][gc,phases,start] GC(1106) Compaction Phase
[239.708s][info][gc,phases      ] GC(1106) Compaction Phase 14.077ms
[239.708s][info][gc,phases,start] GC(1106) Post Compact
[239.710s][info][gc,phases      ] GC(1106) Post Compact 2.410ms
[239.710s][info][gc,heap        ] GC(1106) PSYoungGen: 58880K(116736K)->52394K(116736K) Eden: 58880K(58880K)->52394K(58880K) From: 0K(57856K)->0K(57856K)
[239.710s][info][gc,heap        ] GC(1106) ParOldGen: 343442K(349696K)->343442K(349696K)
[239.711s][info][gc,metaspace   ] GC(1106) Metaspace: 119970K(124992K)->119970K(124992K) NonClass: 101843K(104384K)->101843K(104384K) Class: 18126K(20608K)->18126K(20608K)
[239.711s][info][gc             ] GC(1106) Pause Full (Ergonomics) 392M->386M(455M) 49.767ms
[239.711s][info][gc,cpu         ] GC(1106) User=0.20s Sys=0.00s Real=0.05s
[239.713s][info][gc,start       ] GC(1107) Pause Full (Ergonomics)
[239.713s][info][gc,phases,start] GC(1107) Marking Phase
[239.744s][info][gc,phases      ] GC(1107) Marking Phase 30.335ms
[239.744s][info][gc,phases,start] GC(1107) Summary Phase
[239.744s][info][gc,phases      ] GC(1107) Summary Phase 0.020ms
[239.744s][info][gc,phases,start] GC(1107) Adjust Roots
[239.746s][info][gc,phases      ] GC(1107) Adjust Roots 2.365ms
[239.746s][info][gc,phases,start] GC(1107) Compaction Phase
[239.753s][info][gc,phases      ] GC(1107) Compaction Phase 6.970ms
[239.753s][info][gc,phases,start] GC(1107) Post Compact
[239.755s][info][gc,phases      ] GC(1107) Post Compact 1.995ms
[239.755s][info][gc,heap        ] GC(1107) PSYoungGen: 58880K(116736K)->52498K(116736K) Eden: 58880K(58880K)->52498K(58880K) From: 0K(57856K)->0K(57856K)
[239.755s][info][gc,heap        ] GC(1107) ParOldGen: 343442K(349696K)->343442K(349696K)
[239.755s][info][gc,metaspace   ] GC(1107) Metaspace: 119971K(124992K)->119971K(124992K) NonClass: 101844K(104384K)->101844K(104384K) Class: 18126K(20608K)->18126K(20608K)
[239.755s][info][gc             ] GC(1107) Pause Full (Ergonomics) 392M->386M(455M) 41.927ms
[239.755s][info][gc,cpu         ] GC(1107) User=0.38s Sys=0.00s Real=0.05s
[239.757s][info][gc,start       ] GC(1108) Pause Full (Ergonomics)
[239.757s][info][gc,phases,start] GC(1108) Marking Phase
[239.787s][info][gc,phases      ] GC(1108) Marking Phase 30.159ms
[239.787s][info][gc,phases,start] GC(1108) Summary Phase
[239.788s][info][gc,phases      ] GC(1108) Summary Phase 0.018ms
[239.788s][info][gc,phases,start] GC(1108) Adjust Roots
[239.790s][info][gc,phases      ] GC(1108) Adjust Roots 2.387ms
[239.790s][info][gc,phases,start] GC(1108) Compaction Phase
[239.805s][info][gc,phases      ] GC(1108) Compaction Phase 15.090ms
[239.805s][info][gc,phases,start] GC(1108) Post Compact
[239.808s][info][gc,phases      ] GC(1108) Post Compact 2.496ms
[239.808s][info][gc,heap        ] GC(1108) PSYoungGen: 58879K(116736K)->52669K(116736K) Eden: 58879K(58880K)->52669K(58880K) From: 0K(57856K)->0K(57856K)
[239.808s][info][gc,heap        ] GC(1108) ParOldGen: 343442K(349696K)->343442K(349696K)
[239.808s][info][gc,metaspace   ] GC(1108) Metaspace: 119971K(124992K)->119971K(124992K) NonClass: 101844K(104384K)->101844K(104384K) Class: 18126K(20608K)->18126K(20608K)
[239.808s][info][gc             ] GC(1108) Pause Full (Ergonomics) 392M->386M(455M) 50.531ms
[239.808s][info][gc,cpu         ] GC(1108) User=0.19s Sys=0.00s Real=0.05s
[239.810s][info][gc,start       ] GC(1109) Pause Full (Ergonomics)
[239.810s][info][gc,phases,start] GC(1109) Marking Phase
[239.842s][info][gc,phases      ] GC(1109) Marking Phase 32.233ms
[239.843s][info][gc,phases,start] GC(1109) Summary Phase
[239.843s][info][gc,phases      ] GC(1109) Summary Phase 0.017ms
[239.843s][info][gc,phases,start] GC(1109) Adjust Roots
[239.845s][info][gc,phases      ] GC(1109) Adjust Roots 2.323ms
[239.845s][info][gc,phases,start] GC(1109) Compaction Phase
[239.851s][info][gc,phases      ] GC(1109) Compaction Phase 6.278ms
[239.851s][info][gc,phases,start] GC(1109) Post Compact
[239.853s][info][gc,phases      ] GC(1109) Post Compact 1.985ms
[239.853s][info][gc,heap        ] GC(1109) PSYoungGen: 58880K(116736K)->52722K(116736K) Eden: 58880K(58880K)->52722K(58880K) From: 0K(57856K)->0K(57856K)
[239.853s][info][gc,heap        ] GC(1109) ParOldGen: 343442K(349696K)->343442K(349696K)
[239.853s][info][gc,metaspace   ] GC(1109) Metaspace: 119971K(124992K)->119971K(124992K) NonClass: 101844K(104384K)->101844K(104384K) Class: 18126K(20608K)->18126K(20608K)
[239.853s][info][gc             ] GC(1109) Pause Full (Ergonomics) 392M->386M(455M) 43.063ms
[239.853s][info][gc,cpu         ] GC(1109) User=0.38s Sys=0.00s Real=0.05s
[239.856s][info][gc,start       ] GC(1110) Pause Full (Ergonomics)
[239.856s][info][gc,phases,start] GC(1110) Marking Phase
[239.887s][info][gc,phases      ] GC(1110) Marking Phase 31.882ms
[239.888s][info][gc,phases,start] GC(1110) Summary Phase
[239.888s][info][gc,phases      ] GC(1110) Summary Phase 0.045ms
[239.888s][info][gc,phases,start] GC(1110) Adjust Roots
[239.890s][info][gc,phases      ] GC(1110) Adjust Roots 2.383ms
[239.890s][info][gc,phases,start] GC(1110) Compaction Phase
[239.898s][info][gc,phases      ] GC(1110) Compaction Phase 8.360ms
[239.898s][info][gc,phases,start] GC(1110) Post Compact
[239.901s][info][gc,phases      ] GC(1110) Post Compact 2.393ms
[239.901s][info][gc,heap        ] GC(1110) PSYoungGen: 58880K(116736K)->52174K(116736K) Eden: 58880K(58880K)->52174K(58880K) From: 0K(57856K)->0K(57856K)
[239.901s][info][gc,heap        ] GC(1110) ParOldGen: 343442K(349696K)->343442K(349696K)
[239.901s][info][gc,metaspace   ] GC(1110) Metaspace: 119974K(124992K)->119974K(124992K) NonClass: 101848K(104384K)->101848K(104384K) Class: 18126K(20608K)->18126K(20608K)
[239.901s][info][gc             ] GC(1110) Pause Full (Ergonomics) 392M->386M(455M) 45.445ms
[239.901s][info][gc,cpu         ] GC(1110) User=0.23s Sys=0.00s Real=0.05s
[239.903s][info][gc,start       ] GC(1111) Pause Full (Ergonomics)
[239.904s][info][gc,phases,start] GC(1111) Marking Phase
[239.934s][info][gc,phases      ] GC(1111) Marking Phase 30.785ms
[239.934s][info][gc,phases,start] GC(1111) Summary Phase
[239.934s][info][gc,phases      ] GC(1111) Summary Phase 0.019ms
[239.934s][info][gc,phases,start] GC(1111) Adjust Roots
[239.937s][info][gc,phases      ] GC(1111) Adjust Roots 2.365ms
[239.937s][info][gc,phases,start] GC(1111) Compaction Phase
[239.944s][info][gc,phases      ] GC(1111) Compaction Phase 6.835ms
[239.944s][info][gc,phases,start] GC(1111) Post Compact
[239.946s][info][gc,phases      ] GC(1111) Post Compact 1.948ms
[239.946s][info][gc,heap        ] GC(1111) PSYoungGen: 58879K(116736K)->52103K(116736K) Eden: 58879K(58880K)->52103K(58880K) From: 0K(57856K)->0K(57856K)
[239.946s][info][gc,heap        ] GC(1111) ParOldGen: 343442K(349696K)->343442K(349696K)
[239.946s][info][gc,metaspace   ] GC(1111) Metaspace: 119975K(124992K)->119975K(124992K) NonClass: 101848K(104384K)->101848K(104384K) Class: 18127K(20608K)->18127K(20608K)
[239.946s][info][gc             ] GC(1111) Pause Full (Ergonomics) 392M->386M(455M) 42.186ms
[239.946s][info][gc,cpu         ] GC(1111) User=0.34s Sys=0.00s Real=0.04s
[239.948s][info][gc,start       ] GC(1112) Pause Full (Ergonomics)
[239.948s][info][gc,phases,start] GC(1112) Marking Phase
[239.984s][info][gc,phases      ] GC(1112) Marking Phase 36.120ms
[239.984s][info][gc,phases,start] GC(1112) Summary Phase
[239.984s][info][gc,phases      ] GC(1112) Summary Phase 0.045ms
[239.984s][info][gc,phases,start] GC(1112) Adjust Roots
[239.987s][info][gc,phases      ] GC(1112) Adjust Roots 3.163ms
[239.987s][info][gc,phases,start] GC(1112) Compaction Phase
[239.996s][info][gc,phases      ] GC(1112) Compaction Phase 8.955ms
[239.996s][info][gc,phases,start] GC(1112) Post Compact
[239.999s][info][gc,phases      ] GC(1112) Post Compact 2.462ms
[239.999s][info][gc,heap        ] GC(1112) PSYoungGen: 58879K(116736K)->52088K(116736K) Eden: 58879K(58880K)->52088K(58880K) From: 0K(57856K)->0K(57856K)
[239.999s][info][gc,heap        ] GC(1112) ParOldGen: 343442K(349696K)->343442K(349696K)
[239.999s][info][gc,metaspace   ] GC(1112) Metaspace: 119975K(124992K)->119975K(124992K) NonClass: 101848K(104384K)->101848K(104384K) Class: 18127K(20608K)->18127K(20608K)
[239.999s][info][gc             ] GC(1112) Pause Full (Ergonomics) 392M->386M(455M) 51.138ms
[239.999s][info][gc,cpu         ] GC(1112) User=0.34s Sys=0.00s Real=0.05s
[240.002s][info][gc,start       ] GC(1113) Pause Full (Ergonomics)
[240.002s][info][gc,phases,start] GC(1113) Marking Phase
[240.035s][info][gc,phases      ] GC(1113) Marking Phase 33.744ms
[240.035s][info][gc,phases,start] GC(1113) Summary Phase
[240.035s][info][gc,phases      ] GC(1113) Summary Phase 0.019ms
[240.035s][info][gc,phases,start] GC(1113) Adjust Roots
[240.038s][info][gc,phases      ] GC(1113) Adjust Roots 2.353ms
[240.038s][info][gc,phases,start] GC(1113) Compaction Phase
[240.045s][info][gc,phases      ] GC(1113) Compaction Phase 6.802ms
[240.045s][info][gc,phases,start] GC(1113) Post Compact
[240.047s][info][gc,phases      ] GC(1113) Post Compact 1.934ms
[240.047s][info][gc,heap        ] GC(1113) PSYoungGen: 58879K(116736K)->52050K(116736K) Eden: 58879K(58880K)->52050K(58880K) From: 0K(57856K)->0K(57856K)
[240.047s][info][gc,heap        ] GC(1113) ParOldGen: 343442K(349696K)->343442K(349696K)
[240.047s][info][gc,metaspace   ] GC(1113) Metaspace: 119975K(124992K)->119975K(124992K) NonClass: 101848K(104384K)->101848K(104384K) Class: 18127K(20608K)->18127K(20608K)
[240.047s][info][gc             ] GC(1113) Pause Full (Ergonomics) 392M->386M(455M) 45.083ms
[240.047s][info][gc,cpu         ] GC(1113) User=0.33s Sys=0.00s Real=0.04s
[240.049s][info][gc,start       ] GC(1114) Pause Full (Ergonomics)
[240.049s][info][gc,phases,start] GC(1114) Marking Phase
[240.080s][info][gc,phases      ] GC(1114) Marking Phase 30.640ms
[240.080s][info][gc,phases,start] GC(1114) Summary Phase
[240.080s][info][gc,phases      ] GC(1114) Summary Phase 0.017ms
[240.080s][info][gc,phases,start] GC(1114) Adjust Roots
[240.082s][info][gc,phases      ] GC(1114) Adjust Roots 2.337ms
[240.082s][info][gc,phases,start] GC(1114) Compaction Phase
[240.095s][info][gc,phases      ] GC(1114) Compaction Phase 13.287ms
[240.095s][info][gc,phases,start] GC(1114) Post Compact
[240.098s][info][gc,phases      ] GC(1114) Post Compact 2.482ms
[240.098s][info][gc,heap        ] GC(1114) PSYoungGen: 58880K(116736K)->52052K(116736K) Eden: 58880K(58880K)->52052K(58880K) From: 0K(57856K)->0K(57856K)
[240.098s][info][gc,heap        ] GC(1114) ParOldGen: 343442K(349696K)->343442K(349696K)
[240.098s][info][gc,metaspace   ] GC(1114) Metaspace: 119975K(124992K)->119975K(124992K) NonClass: 101848K(104384K)->101848K(104384K) Class: 18127K(20608K)->18127K(20608K)
[240.098s][info][gc             ] GC(1114) Pause Full (Ergonomics) 392M->386M(455M) 49.142ms
[240.098s][info][gc,cpu         ] GC(1114) User=0.20s Sys=0.00s Real=0.05s
[240.100s][info][gc,start       ] GC(1115) Pause Full (Ergonomics)
[240.100s][info][gc,phases,start] GC(1115) Marking Phase
[240.133s][info][gc,phases      ] GC(1115) Marking Phase 33.036ms
[240.133s][info][gc,phases,start] GC(1115) Summary Phase
[240.133s][info][gc,phases      ] GC(1115) Summary Phase 0.017ms
[240.133s][info][gc,phases,start] GC(1115) Adjust Roots
[240.139s][info][gc,phases      ] GC(1115) Adjust Roots 5.276ms
[240.139s][info][gc,phases,start] GC(1115) Compaction Phase
[240.146s][info][gc,phases      ] GC(1115) Compaction Phase 7.142ms
[240.146s][info][gc,phases,start] GC(1115) Post Compact
[240.148s][info][gc,phases      ] GC(1115) Post Compact 1.949ms
[240.148s][info][gc,heap        ] GC(1115) PSYoungGen: 58880K(116736K)->52096K(116736K) Eden: 58880K(58880K)->52096K(58880K) From: 0K(57856K)->0K(57856K)
[240.148s][info][gc,heap        ] GC(1115) ParOldGen: 343442K(349696K)->343442K(349696K)
[240.148s][info][gc,metaspace   ] GC(1115) Metaspace: 119975K(124992K)->119975K(124992K) NonClass: 101848K(104384K)->101848K(104384K) Class: 18127K(20608K)->18127K(20608K)
[240.148s][info][gc             ] GC(1115) Pause Full (Ergonomics) 392M->386M(455M) 47.682ms
[240.148s][info][gc,cpu         ] GC(1115) User=0.47s Sys=0.00s Real=0.05s
[240.150s][info][gc,start       ] GC(1116) Pause Full (Ergonomics)
[240.150s][info][gc,phases,start] GC(1116) Marking Phase
[240.185s][info][gc,phases      ] GC(1116) Marking Phase 34.826ms
[240.185s][info][gc,phases,start] GC(1116) Summary Phase
[240.185s][info][gc,phases      ] GC(1116) Summary Phase 0.044ms
[240.185s][info][gc,phases,start] GC(1116) Adjust Roots
[240.188s][info][gc,phases      ] GC(1116) Adjust Roots 3.009ms
[240.188s][info][gc,phases,start] GC(1116) Compaction Phase
[240.199s][info][gc,phases      ] GC(1116) Compaction Phase 10.292ms
[240.199s][info][gc,phases,start] GC(1116) Post Compact
[240.201s][info][gc,phases      ] GC(1116) Post Compact 2.482ms
[240.201s][info][gc,heap        ] GC(1116) PSYoungGen: 58880K(116736K)->52119K(116736K) Eden: 58880K(58880K)->52119K(58880K) From: 0K(57856K)->0K(57856K)
[240.201s][info][gc,heap        ] GC(1116) ParOldGen: 343442K(349696K)->343442K(349696K)
[240.201s][info][gc,metaspace   ] GC(1116) Metaspace: 119976K(124992K)->119976K(124992K) NonClass: 101849K(104384K)->101849K(104384K) Class: 18127K(20608K)->18127K(20608K)
[240.201s][info][gc             ] GC(1116) Pause Full (Ergonomics) 392M->386M(455M) 51.037ms
[240.201s][info][gc,cpu         ] GC(1116) User=0.34s Sys=0.00s Real=0.05s
[240.204s][info][gc,start       ] GC(1117) Pause Full (Ergonomics)
[240.204s][info][gc,phases,start] GC(1117) Marking Phase
[240.236s][info][gc,phases      ] GC(1117) Marking Phase 32.429ms
[240.236s][info][gc,phases,start] GC(1117) Summary Phase
[240.236s][info][gc,phases      ] GC(1117) Summary Phase 0.019ms
[240.236s][info][gc,phases,start] GC(1117) Adjust Roots
[240.239s][info][gc,phases      ] GC(1117) Adjust Roots 2.367ms
[240.239s][info][gc,phases,start] GC(1117) Compaction Phase
[240.246s][info][gc,phases      ] GC(1117) Compaction Phase 7.140ms
[240.246s][info][gc,phases,start] GC(1117) Post Compact
[240.248s][info][gc,phases      ] GC(1117) Post Compact 1.951ms
[240.248s][info][gc,heap        ] GC(1117) PSYoungGen: 58879K(116736K)->52095K(116736K) Eden: 58879K(58880K)->52095K(58880K) From: 0K(57856K)->0K(57856K)
[240.248s][info][gc,heap        ] GC(1117) ParOldGen: 343442K(349696K)->343442K(349696K)
[240.248s][info][gc,metaspace   ] GC(1117) Metaspace: 119976K(124992K)->119976K(124992K) NonClass: 101849K(104384K)->101849K(104384K) Class: 18127K(20608K)->18127K(20608K)
[240.248s][info][gc             ] GC(1117) Pause Full (Ergonomics) 392M->386M(455M) 44.176ms
[240.248s][info][gc,cpu         ] GC(1117) User=0.17s Sys=0.00s Real=0.05s
[240.250s][info][gc,start       ] GC(1118) Pause Full (Ergonomics)
[240.250s][info][gc,phases,start] GC(1118) Marking Phase
[240.281s][info][gc,phases      ] GC(1118) Marking Phase 30.464ms
[240.281s][info][gc,phases,start] GC(1118) Summary Phase
[240.281s][info][gc,phases      ] GC(1118) Summary Phase 0.019ms
[240.281s][info][gc,phases,start] GC(1118) Adjust Roots
[240.283s][info][gc,phases      ] GC(1118) Adjust Roots 2.375ms
[240.283s][info][gc,phases,start] GC(1118) Compaction Phase
[240.291s][info][gc,phases      ] GC(1118) Compaction Phase 8.213ms
[240.291s][info][gc,phases,start] GC(1118) Post Compact
[240.293s][info][gc,phases      ] GC(1118) Post Compact 2.075ms
[240.294s][info][gc,heap        ] GC(1118) PSYoungGen: 58880K(116736K)->52165K(116736K) Eden: 58880K(58880K)->52165K(58880K) From: 0K(57856K)->0K(57856K)
[240.294s][info][gc,heap        ] GC(1118) ParOldGen: 343442K(349696K)->343442K(349696K)
[240.294s][info][gc,metaspace   ] GC(1118) Metaspace: 119977K(124992K)->119977K(124992K) NonClass: 101850K(104384K)->101850K(104384K) Class: 18127K(20608K)->18127K(20608K)
[240.294s][info][gc             ] GC(1118) Pause Full (Ergonomics) 392M->386M(455M) 43.461ms
[240.294s][info][gc,cpu         ] GC(1118) User=0.17s Sys=0.00s Real=0.04s
[240.296s][info][gc,start       ] GC(1119) Pause Full (Ergonomics)
[240.296s][info][gc,phases,start] GC(1119) Marking Phase
[240.324s][info][gc,phases      ] GC(1119) Marking Phase 27.914ms
[240.324s][info][gc,phases,start] GC(1119) Summary Phase
[240.324s][info][gc,phases      ] GC(1119) Summary Phase 0.018ms
[240.324s][info][gc,phases,start] GC(1119) Adjust Roots
[240.326s][info][gc,phases      ] GC(1119) Adjust Roots 2.384ms
[240.326s][info][gc,phases,start] GC(1119) Compaction Phase
[240.343s][info][gc,phases      ] GC(1119) Compaction Phase 17.296ms
[240.343s][info][gc,phases,start] GC(1119) Post Compact
[240.346s][info][gc,phases      ] GC(1119) Post Compact 2.312ms
[240.346s][info][gc,heap        ] GC(1119) PSYoungGen: 58880K(116736K)->52096K(116736K) Eden: 58880K(58880K)->52096K(58880K) From: 0K(57856K)->0K(57856K)
[240.346s][info][gc,heap        ] GC(1119) ParOldGen: 343442K(349696K)->343442K(349696K)
[240.346s][info][gc,metaspace   ] GC(1119) Metaspace: 119977K(124992K)->119977K(124992K) NonClass: 101850K(104384K)->101850K(104384K) Class: 18127K(20608K)->18127K(20608K)
[240.346s][info][gc             ] GC(1119) Pause Full (Ergonomics) 392M->386M(455M) 50.262ms
[240.346s][info][gc,cpu         ] GC(1119) User=0.34s Sys=0.00s Real=0.05s
[240.348s][info][gc,start       ] GC(1120) Pause Full (Ergonomics)
[240.348s][info][gc,phases,start] GC(1120) Marking Phase
[240.381s][info][gc,phases      ] GC(1120) Marking Phase 32.832ms
[240.381s][info][gc,phases,start] GC(1120) Summary Phase
[240.381s][info][gc,phases      ] GC(1120) Summary Phase 0.017ms
[240.381s][info][gc,phases,start] GC(1120) Adjust Roots
[240.385s][info][gc,phases      ] GC(1120) Adjust Roots 4.121ms
[240.385s][info][gc,phases,start] GC(1120) Compaction Phase
[240.396s][info][gc,phases      ] GC(1120) Compaction Phase 10.660ms
[240.396s][info][gc,phases,start] GC(1120) Post Compact
[240.398s][info][gc,phases      ] GC(1120) Post Compact 1.965ms
[240.398s][info][gc,heap        ] GC(1120) PSYoungGen: 58880K(116736K)->52107K(116736K) Eden: 58880K(58880K)->52107K(58880K) From: 0K(57856K)->0K(57856K)
[240.398s][info][gc,heap        ] GC(1120) ParOldGen: 343442K(349696K)->343442K(349696K)
[240.398s][info][gc,metaspace   ] GC(1120) Metaspace: 119977K(124992K)->119977K(124992K) NonClass: 101850K(104384K)->101850K(104384K) Class: 18127K(20608K)->18127K(20608K)
[240.398s][info][gc             ] GC(1120) Pause Full (Ergonomics) 392M->386M(455M) 49.835ms
[240.398s][info][gc,cpu         ] GC(1120) User=0.39s Sys=0.00s Real=0.05s
[240.400s][info][gc,start       ] GC(1121) Pause Full (Ergonomics)
[240.400s][info][gc,phases,start] GC(1121) Marking Phase
[240.436s][info][gc,phases      ] GC(1121) Marking Phase 35.731ms
[240.436s][info][gc,phases,start] GC(1121) Summary Phase
[240.436s][info][gc,phases      ] GC(1121) Summary Phase 0.043ms
[240.436s][info][gc,phases,start] GC(1121) Adjust Roots
[240.439s][info][gc,phases      ] GC(1121) Adjust Roots 2.814ms
[240.439s][info][gc,phases,start] GC(1121) Compaction Phase
[240.449s][info][gc,phases      ] GC(1121) Compaction Phase 10.078ms
[240.449s][info][gc,phases,start] GC(1121) Post Compact
[240.452s][info][gc,phases      ] GC(1121) Post Compact 2.488ms
[240.452s][info][gc,heap        ] GC(1121) PSYoungGen: 58879K(116736K)->52316K(116736K) Eden: 58879K(58880K)->52316K(58880K) From: 0K(57856K)->0K(57856K)
[240.452s][info][gc,heap        ] GC(1121) ParOldGen: 343442K(349696K)->343442K(349696K)
[240.452s][info][gc,metaspace   ] GC(1121) Metaspace: 119977K(124992K)->119977K(124992K) NonClass: 101850K(104384K)->101850K(104384K) Class: 18127K(20608K)->18127K(20608K)
[240.452s][info][gc             ] GC(1121) Pause Full (Ergonomics) 392M->386M(455M) 51.537ms
[240.452s][info][gc,cpu         ] GC(1121) User=0.34s Sys=0.00s Real=0.05s
[240.454s][info][gc,start       ] GC(1122) Pause Full (Ergonomics)
[240.454s][info][gc,phases,start] GC(1122) Marking Phase
[240.487s][info][gc,phases      ] GC(1122) Marking Phase 32.588ms
[240.487s][info][gc,phases,start] GC(1122) Summary Phase
[240.487s][info][gc,phases      ] GC(1122) Summary Phase 0.018ms
[240.487s][info][gc,phases,start] GC(1122) Adjust Roots
[240.489s][info][gc,phases      ] GC(1122) Adjust Roots 2.335ms
[240.489s][info][gc,phases,start] GC(1122) Compaction Phase
[240.503s][info][gc,phases      ] GC(1122) Compaction Phase 14.085ms
[240.503s][info][gc,phases,start] GC(1122) Post Compact
[240.505s][info][gc,phases      ] GC(1122) Post Compact 2.117ms
[240.505s][info][gc,heap        ] GC(1122) PSYoungGen: 58879K(116736K)->52340K(116736K) Eden: 58879K(58880K)->52340K(58880K) From: 0K(57856K)->0K(57856K)
[240.505s][info][gc,heap        ] GC(1122) ParOldGen: 343442K(349696K)->343442K(349696K)
[240.505s][info][gc,metaspace   ] GC(1122) Metaspace: 119977K(124992K)->119977K(124992K) NonClass: 101850K(104384K)->101850K(104384K) Class: 18127K(20608K)->18127K(20608K)
[240.505s][info][gc             ] GC(1122) Pause Full (Ergonomics) 392M->386M(455M) 51.424ms
[240.505s][info][gc,cpu         ] GC(1122) User=0.31s Sys=0.00s Real=0.04s
[240.508s][info][gc,start       ] GC(1123) Pause Full (Ergonomics)
[240.508s][info][gc,phases,start] GC(1123) Marking Phase
[240.537s][info][gc,phases      ] GC(1123) Marking Phase 29.689ms
[240.538s][info][gc,phases,start] GC(1123) Summary Phase
[240.538s][info][gc,phases      ] GC(1123) Summary Phase 0.019ms
[240.538s][info][gc,phases,start] GC(1123) Adjust Roots
[240.540s][info][gc,phases      ] GC(1123) Adjust Roots 2.347ms
[240.540s][info][gc,phases,start] GC(1123) Compaction Phase
[240.554s][info][gc,phases      ] GC(1123) Compaction Phase 14.143ms
[240.554s][info][gc,phases,start] GC(1123) Post Compact
[240.557s][info][gc,phases      ] GC(1123) Post Compact 2.499ms
[240.557s][info][gc,heap        ] GC(1123) PSYoungGen: 58880K(116736K)->52270K(116736K) Eden: 58880K(58880K)->52270K(58880K) From: 0K(57856K)->0K(57856K)
[240.557s][info][gc,heap        ] GC(1123) ParOldGen: 343442K(349696K)->343442K(349696K)
[240.557s][info][gc,metaspace   ] GC(1123) Metaspace: 119978K(124992K)->119978K(124992K) NonClass: 101851K(104384K)->101851K(104384K) Class: 18127K(20608K)->18127K(20608K)
[240.557s][info][gc             ] GC(1123) Pause Full (Ergonomics) 392M->386M(455M) 49.084ms
[240.557s][info][gc,cpu         ] GC(1123) User=0.23s Sys=0.00s Real=0.05s
[240.559s][info][gc,start       ] GC(1124) Pause Full (Ergonomics)
[240.559s][info][gc,phases,start] GC(1124) Marking Phase
[240.592s][info][gc,phases      ] GC(1124) Marking Phase 33.183ms
[240.592s][info][gc,phases,start] GC(1124) Summary Phase
[240.592s][info][gc,phases      ] GC(1124) Summary Phase 0.017ms
[240.592s][info][gc,phases,start] GC(1124) Adjust Roots
[240.595s][info][gc,phases      ] GC(1124) Adjust Roots 2.361ms
[240.595s][info][gc,phases,start] GC(1124) Compaction Phase
[240.602s][info][gc,phases      ] GC(1124) Compaction Phase 7.299ms
[240.602s][info][gc,phases,start] GC(1124) Post Compact
[240.604s][info][gc,phases      ] GC(1124) Post Compact 1.965ms
[240.604s][info][gc,heap        ] GC(1124) PSYoungGen: 58880K(116736K)->52383K(116736K) Eden: 58880K(58880K)->52383K(58880K) From: 0K(57856K)->0K(57856K)
[240.604s][info][gc,heap        ] GC(1124) ParOldGen: 343442K(349696K)->343442K(349696K)
[240.604s][info][gc,metaspace   ] GC(1124) Metaspace: 119978K(124992K)->119978K(124992K) NonClass: 101851K(104384K)->101851K(104384K) Class: 18127K(20608K)->18127K(20608K)
[240.604s][info][gc             ] GC(1124) Pause Full (Ergonomics) 392M->386M(455M) 45.060ms
[240.604s][info][gc,cpu         ] GC(1124) User=0.38s Sys=0.00s Real=0.04s
[240.606s][info][gc,start       ] GC(1125) Pause Full (Ergonomics)
[240.606s][info][gc,phases,start] GC(1125) Marking Phase
[240.639s][info][gc,phases      ] GC(1125) Marking Phase 32.465ms
[240.639s][info][gc,phases,start] GC(1125) Summary Phase
[240.639s][info][gc,phases      ] GC(1125) Summary Phase 0.044ms
[240.639s][info][gc,phases,start] GC(1125) Adjust Roots
[240.641s][info][gc,phases      ] GC(1125) Adjust Roots 2.359ms
[240.641s][info][gc,phases,start] GC(1125) Compaction Phase
[240.651s][info][gc,phases      ] GC(1125) Compaction Phase 9.852ms
[240.651s][info][gc,phases,start] GC(1125) Post Compact
[240.653s][info][gc,phases      ] GC(1125) Post Compact 1.967ms
[240.653s][info][gc,heap        ] GC(1125) PSYoungGen: 58879K(116736K)->52355K(116736K) Eden: 58879K(58880K)->52355K(58880K) From: 0K(57856K)->0K(57856K)
[240.653s][info][gc,heap        ] GC(1125) ParOldGen: 343442K(349696K)->343442K(349696K)
[240.653s][info][gc,metaspace   ] GC(1125) Metaspace: 119978K(124992K)->119978K(124992K) NonClass: 101851K(104384K)->101851K(104384K) Class: 18127K(20608K)->18127K(20608K)
[240.653s][info][gc             ] GC(1125) Pause Full (Ergonomics) 392M->386M(455M) 47.021ms
[240.653s][info][gc,cpu         ] GC(1125) User=0.19s Sys=0.00s Real=0.05s
[240.655s][info][gc,start       ] GC(1126) Pause Full (Ergonomics)
[240.655s][info][gc,phases,start] GC(1126) Marking Phase
[240.687s][info][gc,phases      ] GC(1126) Marking Phase 31.262ms
[240.687s][info][gc,phases,start] GC(1126) Summary Phase
[240.687s][info][gc,phases      ] GC(1126) Summary Phase 0.019ms
[240.687s][info][gc,phases,start] GC(1126) Adjust Roots
[240.689s][info][gc,phases      ] GC(1126) Adjust Roots 2.531ms
[240.689s][info][gc,phases,start] GC(1126) Compaction Phase
[240.712s][info][gc,phases      ] GC(1126) Compaction Phase 22.336ms
[240.712s][info][gc,phases,start] GC(1126) Post Compact
[240.714s][info][gc,phases      ] GC(1126) Post Compact 2.289ms
[240.714s][info][gc,heap        ] GC(1126) PSYoungGen: 58880K(116736K)->45995K(116736K) Eden: 58880K(58880K)->45995K(58880K) From: 0K(57856K)->0K(57856K)
[240.714s][info][gc,heap        ] GC(1126) ParOldGen: 343442K(349696K)->349694K(349696K)
[240.714s][info][gc,metaspace   ] GC(1126) Metaspace: 119980K(124992K)->119980K(124992K) NonClass: 101853K(104384K)->101853K(104384K) Class: 18127K(20608K)->18127K(20608K)
[240.714s][info][gc             ] GC(1126) Pause Full (Ergonomics) 392M->386M(455M) 58.763ms
[240.714s][info][gc,cpu         ] GC(1126) User=0.33s Sys=0.00s Real=0.06s
[240.718s][info][gc,start       ] GC(1127) Pause Full (Ergonomics)
[240.718s][info][gc,phases,start] GC(1127) Marking Phase
[240.745s][info][gc,phases      ] GC(1127) Marking Phase 26.819ms
[240.745s][info][gc,phases,start] GC(1127) Summary Phase
[240.745s][info][gc,phases      ] GC(1127) Summary Phase 0.022ms
[240.745s][info][gc,phases,start] GC(1127) Adjust Roots
[240.748s][info][gc,phases      ] GC(1127) Adjust Roots 2.870ms
[240.748s][info][gc,phases,start] GC(1127) Compaction Phase
[240.767s][info][gc,phases      ] GC(1127) Compaction Phase 19.356ms
[240.767s][info][gc,phases,start] GC(1127) Post Compact
[240.770s][info][gc,phases      ] GC(1127) Post Compact 2.280ms
[240.770s][info][gc,heap        ] GC(1127) PSYoungGen: 58880K(116736K)->46172K(116736K) Eden: 58880K(58880K)->46172K(58880K) From: 0K(57856K)->0K(57856K)
[240.770s][info][gc,heap        ] GC(1127) ParOldGen: 349694K(349696K)->349694K(349696K)
[240.770s][info][gc,metaspace   ] GC(1127) Metaspace: 119981K(124992K)->119981K(124992K) NonClass: 101854K(104384K)->101854K(104384K) Class: 18127K(20608K)->18127K(20608K)
[240.770s][info][gc             ] GC(1127) Pause Full (Ergonomics) 398M->386M(455M) 51.629ms
[240.770s][info][gc,cpu         ] GC(1127) User=0.33s Sys=0.00s Real=0.05s
[240.773s][info][gc,start       ] GC(1128) Pause Full (Ergonomics)
[240.773s][info][gc,phases,start] GC(1128) Marking Phase
[240.800s][info][gc,phases      ] GC(1128) Marking Phase 27.357ms
[240.800s][info][gc,phases,start] GC(1128) Summary Phase
[240.800s][info][gc,phases      ] GC(1128) Summary Phase 0.018ms
[240.800s][info][gc,phases,start] GC(1128) Adjust Roots
[240.804s][info][gc,phases      ] GC(1128) Adjust Roots 4.059ms
[240.804s][info][gc,phases,start] GC(1128) Compaction Phase
[240.825s][info][gc,phases      ] GC(1128) Compaction Phase 20.687ms
[240.825s][info][gc,phases,start] GC(1128) Post Compact
[240.827s][info][gc,phases      ] GC(1128) Post Compact 2.454ms
[240.827s][info][gc,heap        ] GC(1128) PSYoungGen: 58879K(116736K)->46305K(116736K) Eden: 58879K(58880K)->46305K(58880K) From: 0K(57856K)->0K(57856K)
[240.827s][info][gc,heap        ] GC(1128) ParOldGen: 349694K(349696K)->349552K(349696K)
[240.827s][info][gc,metaspace   ] GC(1128) Metaspace: 119984K(124992K)->119984K(124992K) NonClass: 101857K(104384K)->101857K(104384K) Class: 18127K(20608K)->18127K(20608K)
[240.827s][info][gc             ] GC(1128) Pause Full (Ergonomics) 398M->386M(455M) 54.914ms
[240.828s][info][gc,cpu         ] GC(1128) User=0.31s Sys=0.00s Real=0.05s
[240.830s][info][gc,start       ] GC(1129) Pause Full (Ergonomics)
[240.830s][info][gc,phases,start] GC(1129) Marking Phase
[240.858s][info][gc,phases      ] GC(1129) Marking Phase 27.908ms
[240.858s][info][gc,phases,start] GC(1129) Summary Phase
[240.858s][info][gc,phases      ] GC(1129) Summary Phase 0.019ms
[240.858s][info][gc,phases,start] GC(1129) Adjust Roots
[240.861s][info][gc,phases      ] GC(1129) Adjust Roots 2.671ms
[240.861s][info][gc,phases,start] GC(1129) Compaction Phase
[240.881s][info][gc,phases      ] GC(1129) Compaction Phase 19.947ms
[240.881s][info][gc,phases,start] GC(1129) Post Compact
[240.883s][info][gc,phases      ] GC(1129) Post Compact 2.053ms
[240.883s][info][gc,heap        ] GC(1129) PSYoungGen: 58879K(116736K)->46215K(116736K) Eden: 58879K(58880K)->46215K(58880K) From: 0K(57856K)->0K(57856K)
[240.883s][info][gc,heap        ] GC(1129) ParOldGen: 349552K(349696K)->349542K(349696K)
[240.883s][info][gc,metaspace   ] GC(1129) Metaspace: 119991K(124992K)->119991K(124992K) NonClass: 101862K(104384K)->101862K(104384K) Class: 18128K(20608K)->18128K(20608K)
[240.883s][info][gc             ] GC(1129) Pause Full (Ergonomics) 398M->386M(455M) 52.850ms
[240.883s][info][gc,cpu         ] GC(1129) User=0.63s Sys=0.00s Real=0.06s
[240.885s][info][gc,start       ] GC(1130) Pause Full (Ergonomics)
[240.885s][info][gc,phases,start] GC(1130) Marking Phase
[240.915s][info][gc,phases      ] GC(1130) Marking Phase 29.835ms
[240.915s][info][gc,phases,start] GC(1130) Summary Phase
[240.915s][info][gc,phases      ] GC(1130) Summary Phase 0.030ms
[240.915s][info][gc,phases,start] GC(1130) Adjust Roots
[240.918s][info][gc,phases      ] GC(1130) Adjust Roots 2.831ms
[240.918s][info][gc,phases,start] GC(1130) Compaction Phase
[240.938s][info][gc,phases      ] GC(1130) Compaction Phase 20.337ms
[240.938s][info][gc,phases,start] GC(1130) Post Compact
[240.941s][info][gc,phases      ] GC(1130) Post Compact 2.622ms
[240.941s][info][gc,heap        ] GC(1130) PSYoungGen: 58880K(116736K)->46267K(116736K) Eden: 58880K(58880K)->46267K(58880K) From: 0K(57856K)->0K(57856K)
[240.941s][info][gc,heap        ] GC(1130) ParOldGen: 349542K(349696K)->349541K(349696K)
[240.941s][info][gc,metaspace   ] GC(1130) Metaspace: 119996K(124992K)->119996K(124992K) NonClass: 101865K(104384K)->101865K(104384K) Class: 18130K(20608K)->18130K(20608K)
[240.941s][info][gc             ] GC(1130) Pause Full (Ergonomics) 398M->386M(455M) 56.016ms
[240.941s][info][gc,cpu         ] GC(1130) User=0.33s Sys=0.00s Real=0.05s
[240.943s][info][gc,start       ] GC(1131) Pause Full (Ergonomics)
[240.943s][info][gc,phases,start] GC(1131) Marking Phase
[240.972s][info][gc,phases      ] GC(1131) Marking Phase 29.072ms
[240.972s][info][gc,phases,start] GC(1131) Summary Phase
[240.972s][info][gc,phases      ] GC(1131) Summary Phase 0.019ms
[240.972s][info][gc,phases,start] GC(1131) Adjust Roots
[240.975s][info][gc,phases      ] GC(1131) Adjust Roots 2.636ms
[240.996s][info][gc,phases,start] GC(1131) Compaction Phase
[241.019s][info][gc,phases      ] GC(1131) Compaction Phase 23.379ms
[241.020s][info][gc,phases,start] GC(1131) Post Compact
[241.022s][info][gc,phases      ] GC(1131) Post Compact 2.313ms
[241.022s][info][gc,heap        ] GC(1131) PSYoungGen: 58880K(116736K)->46261K(116736K) Eden: 58880K(58880K)->46261K(58880K) From: 0K(57856K)->0K(57856K)
[241.022s][info][gc,heap        ] GC(1131) ParOldGen: 349541K(349696K)->349372K(349696K)
[241.022s][info][gc,metaspace   ] GC(1131) Metaspace: 120001K(124992K)->120001K(124992K) NonClass: 101869K(104384K)->101869K(104384K) Class: 18131K(20608K)->18131K(20608K)
[241.022s][info][gc             ] GC(1131) Pause Full (Ergonomics) 398M->386M(455M) 78.710ms
[241.022s][info][gc,cpu         ] GC(1131) User=0.48s Sys=0.00s Real=0.08s
[241.025s][info][gc,start       ] GC(1132) Pause Full (Ergonomics)
[241.025s][info][gc,phases,start] GC(1132) Marking Phase
[241.057s][info][gc,phases      ] GC(1132) Marking Phase 32.500ms
[241.057s][info][gc,phases,start] GC(1132) Summary Phase
[241.057s][info][gc,phases      ] GC(1132) Summary Phase 0.044ms
[241.057s][info][gc,phases,start] GC(1132) Adjust Roots
[241.060s][info][gc,phases      ] GC(1132) Adjust Roots 2.982ms
[241.060s][info][gc,phases,start] GC(1132) Compaction Phase
[241.069s][info][gc,phases      ] GC(1132) Compaction Phase 8.853ms
[241.069s][info][gc,phases,start] GC(1132) Post Compact
[241.072s][info][gc,phases      ] GC(1132) Post Compact 2.587ms
[241.072s][info][gc,heap        ] GC(1132) PSYoungGen: 58880K(116736K)->46278K(116736K) Eden: 58880K(58880K)->46278K(58880K) From: 0K(57856K)->0K(57856K)
[241.072s][info][gc,heap        ] GC(1132) ParOldGen: 349372K(349696K)->349372K(349696K)
[241.072s][info][gc,metaspace   ] GC(1132) Metaspace: 120010K(124992K)->120010K(124992K) NonClass: 101877K(104384K)->101877K(104384K) Class: 18133K(20608K)->18133K(20608K)
[241.072s][info][gc             ] GC(1132) Pause Full (Ergonomics) 398M->386M(455M) 47.355ms
[241.072s][info][gc,cpu         ] GC(1132) User=0.25s Sys=0.00s Real=0.05s
[241.074s][info][gc,start       ] GC(1133) Pause Full (Ergonomics)
[241.075s][info][gc,phases,start] GC(1133) Marking Phase
[241.108s][info][gc,phases      ] GC(1133) Marking Phase 32.990ms
[241.108s][info][gc,phases,start] GC(1133) Summary Phase
[241.108s][info][gc,phases      ] GC(1133) Summary Phase 0.019ms
[241.108s][info][gc,phases,start] GC(1133) Adjust Roots
[241.110s][info][gc,phases      ] GC(1133) Adjust Roots 2.360ms
[241.110s][info][gc,phases,start] GC(1133) Compaction Phase
[241.117s][info][gc,phases      ] GC(1133) Compaction Phase 6.732ms
[241.117s][info][gc,phases,start] GC(1133) Post Compact
[241.119s][info][gc,phases      ] GC(1133) Post Compact 1.919ms
[241.119s][info][gc,heap        ] GC(1133) PSYoungGen: 58880K(116736K)->46281K(116736K) Eden: 58880K(58880K)->46281K(58880K) From: 0K(57856K)->0K(57856K)
[241.119s][info][gc,heap        ] GC(1133) ParOldGen: 349372K(349696K)->349372K(349696K)
[241.119s][info][gc,metaspace   ] GC(1133) Metaspace: 120019K(124992K)->120019K(124992K) NonClass: 101884K(104384K)->101884K(104384K) Class: 18134K(20608K)->18134K(20608K)
[241.119s][info][gc             ] GC(1133) Pause Full (Ergonomics) 398M->386M(455M) 44.309ms
[241.119s][info][gc,cpu         ] GC(1133) User=0.38s Sys=0.00s Real=0.05s
[241.121s][info][gc,start       ] GC(1134) Pause Full (Ergonomics)
[241.121s][info][gc,phases,start] GC(1134) Marking Phase
[241.150s][info][gc,phases      ] GC(1134) Marking Phase 28.569ms
[241.150s][info][gc,phases,start] GC(1134) Summary Phase
[241.150s][info][gc,phases      ] GC(1134) Summary Phase 0.021ms
[241.150s][info][gc,phases,start] GC(1134) Adjust Roots
[241.152s][info][gc,phases      ] GC(1134) Adjust Roots 2.324ms
[241.152s][info][gc,phases,start] GC(1134) Compaction Phase
[241.159s][info][gc,phases      ] GC(1134) Compaction Phase 7.169ms
[241.159s][info][gc,phases,start] GC(1134) Post Compact
[241.161s][info][gc,phases      ] GC(1134) Post Compact 2.082ms
[241.161s][info][gc,heap        ] GC(1134) PSYoungGen: 58880K(116736K)->46262K(116736K) Eden: 58880K(58880K)->46262K(58880K) From: 0K(57856K)->0K(57856K)
[241.161s][info][gc,heap        ] GC(1134) ParOldGen: 349372K(349696K)->349372K(349696K)
[241.161s][info][gc,metaspace   ] GC(1134) Metaspace: 120029K(124992K)->120029K(124992K) NonClass: 101893K(104384K)->101893K(104384K) Class: 18135K(20608K)->18135K(20608K)
[241.161s][info][gc             ] GC(1134) Pause Full (Ergonomics) 398M->386M(455M) 40.407ms
[241.161s][info][gc,cpu         ] GC(1134) User=0.19s Sys=0.00s Real=0.05s
[241.164s][info][gc,start       ] GC(1135) Pause Full (Ergonomics)
[241.164s][info][gc,phases,start] GC(1135) Marking Phase
[241.196s][info][gc,phases      ] GC(1135) Marking Phase 32.342ms
[241.196s][info][gc,phases,start] GC(1135) Summary Phase
[241.196s][info][gc,phases      ] GC(1135) Summary Phase 0.017ms
[241.196s][info][gc,phases,start] GC(1135) Adjust Roots
[241.199s][info][gc,phases      ] GC(1135) Adjust Roots 2.613ms
[241.199s][info][gc,phases,start] GC(1135) Compaction Phase
[241.207s][info][gc,phases      ] GC(1135) Compaction Phase 8.122ms
[241.207s][info][gc,phases,start] GC(1135) Post Compact
[241.209s][info][gc,phases      ] GC(1135) Post Compact 1.977ms
[241.209s][info][gc,heap        ] GC(1135) PSYoungGen: 58880K(116736K)->46226K(116736K) Eden: 58880K(58880K)->46226K(58880K) From: 0K(57856K)->0K(57856K)
[241.209s][info][gc,heap        ] GC(1135) ParOldGen: 349372K(349696K)->349372K(349696K)
[241.209s][info][gc,metaspace   ] GC(1135) Metaspace: 120035K(124992K)->120035K(124992K) NonClass: 101899K(104384K)->101899K(104384K) Class: 18136K(20608K)->18136K(20608K)
[241.209s][info][gc             ] GC(1135) Pause Full (Ergonomics) 398M->386M(455M) 45.293ms
[241.209s][info][gc,cpu         ] GC(1135) User=0.19s Sys=0.00s Real=0.05s
[241.211s][info][gc,start       ] GC(1136) Pause Full (Ergonomics)
[241.211s][info][gc,phases,start] GC(1136) Marking Phase
[241.239s][info][gc,phases      ] GC(1136) Marking Phase 28.705ms
[241.240s][info][gc,phases,start] GC(1136) Summary Phase
[241.240s][info][gc,phases      ] GC(1136) Summary Phase 0.018ms
[241.240s][info][gc,phases,start] GC(1136) Adjust Roots
[241.242s][info][gc,phases      ] GC(1136) Adjust Roots 2.415ms
[241.242s][info][gc,phases,start] GC(1136) Compaction Phase
[241.251s][info][gc,phases      ] GC(1136) Compaction Phase 9.012ms
[241.251s][info][gc,phases,start] GC(1136) Post Compact
[241.253s][info][gc,phases      ] GC(1136) Post Compact 2.106ms
[241.253s][info][gc,heap        ] GC(1136) PSYoungGen: 58880K(116736K)->46953K(116736K) Eden: 58880K(58880K)->46953K(58880K) From: 0K(57856K)->0K(57856K)
[241.253s][info][gc,heap        ] GC(1136) ParOldGen: 349372K(349696K)->349449K(349696K)
[241.253s][info][gc,metaspace   ] GC(1136) Metaspace: 120040K(124992K)->120040K(124992K) NonClass: 101903K(104384K)->101903K(104384K) Class: 18137K(20608K)->18137K(20608K)
[241.253s][info][gc             ] GC(1136) Pause Full (Ergonomics) 398M->387M(455M) 42.517ms
[241.253s][info][gc,cpu         ] GC(1136) User=0.31s Sys=0.00s Real=0.03s
[241.255s][info][gc,start       ] GC(1137) Pause Full (Ergonomics)
[241.255s][info][gc,phases,start] GC(1137) Marking Phase
[241.284s][info][gc,phases      ] GC(1137) Marking Phase 28.948ms
[241.284s][info][gc,phases,start] GC(1137) Summary Phase
[241.284s][info][gc,phases      ] GC(1137) Summary Phase 0.019ms
[241.284s][info][gc,phases,start] GC(1137) Adjust Roots
[241.287s][info][gc,phases      ] GC(1137) Adjust Roots 2.786ms
[241.287s][info][gc,phases,start] GC(1137) Compaction Phase
[241.294s][info][gc,phases      ] GC(1137) Compaction Phase 7.219ms
[241.294s][info][gc,phases,start] GC(1137) Post Compact
[241.297s][info][gc,phases      ] GC(1137) Post Compact 2.593ms
[241.297s][info][gc,heap        ] GC(1137) PSYoungGen: 57211K(116736K)->46968K(116736K) Eden: 57211K(58880K)->46968K(58880K) From: 0K(57856K)->0K(57856K)
[241.297s][info][gc,heap        ] GC(1137) ParOldGen: 349449K(349696K)->349371K(349696K)
[241.297s][info][gc,metaspace   ] GC(1137) Metaspace: 120050K(124992K)->120050K(124992K) NonClass: 101912K(104384K)->101912K(104384K) Class: 18138K(20608K)->18138K(20608K)
[241.297s][info][gc             ] GC(1137) Pause Full (Ergonomics) 397M->387M(455M) 41.941ms
[241.297s][info][gc,cpu         ] GC(1137) User=0.19s Sys=0.00s Real=0.03s
[241.299s][info][gc,start       ] GC(1138) Pause Full (Ergonomics)
[241.299s][info][gc,phases,start] GC(1138) Marking Phase
[241.337s][info][gc,phases      ] GC(1138) Marking Phase 38.124ms
[241.337s][info][gc,phases,start] GC(1138) Summary Phase
[241.337s][info][gc,phases      ] GC(1138) Summary Phase 0.030ms
[241.337s][info][gc,phases,start] GC(1138) Adjust Roots
[241.340s][info][gc,phases      ] GC(1138) Adjust Roots 2.960ms
[241.340s][info][gc,phases,start] GC(1138) Compaction Phase
[241.355s][info][gc,phases      ] GC(1138) Compaction Phase 14.611ms
[241.355s][info][gc,phases,start] GC(1138) Post Compact
[241.357s][info][gc,phases      ] GC(1138) Post Compact 2.073ms
[241.357s][info][gc,heap        ] GC(1138) PSYoungGen: 58879K(116736K)->51129K(116736K) Eden: 58879K(58880K)->51129K(58880K) From: 0K(57856K)->0K(57856K)
[241.357s][info][gc,heap        ] GC(1138) ParOldGen: 349371K(349696K)->349371K(349696K)
[241.357s][info][gc,metaspace   ] GC(1138) Metaspace: 120052K(124992K)->120052K(124992K) NonClass: 101913K(104384K)->101913K(104384K) Class: 18138K(20608K)->18138K(20608K)
[241.357s][info][gc             ] GC(1138) Pause Full (Ergonomics) 398M->391M(455M) 58.197ms
[241.357s][info][gc,cpu         ] GC(1138) User=0.38s Sys=0.00s Real=0.05s
[241.359s][info][gc,start       ] GC(1139) Pause Full (Ergonomics)
[241.359s][info][gc,phases,start] GC(1139) Marking Phase
[241.392s][info][gc,phases      ] GC(1139) Marking Phase 33.609ms
[241.392s][info][gc,phases,start] GC(1139) Summary Phase
[241.392s][info][gc,phases      ] GC(1139) Summary Phase 0.019ms
[241.392s][info][gc,phases,start] GC(1139) Adjust Roots
[241.395s][info][gc,phases      ] GC(1139) Adjust Roots 2.336ms
[241.395s][info][gc,phases,start] GC(1139) Compaction Phase
[241.405s][info][gc,phases      ] GC(1139) Compaction Phase 10.101ms
[241.405s][info][gc,phases,start] GC(1139) Post Compact
[241.408s][info][gc,phases      ] GC(1139) Post Compact 2.590ms
[241.408s][info][gc,heap        ] GC(1139) PSYoungGen: 58880K(116736K)->53369K(116736K) Eden: 58880K(58880K)->53369K(58880K) From: 0K(57856K)->0K(57856K)
[241.408s][info][gc,heap        ] GC(1139) ParOldGen: 349371K(349696K)->349374K(349696K)
[241.408s][info][gc,metaspace   ] GC(1139) Metaspace: 120052K(124992K)->120052K(124992K) NonClass: 101913K(104384K)->101913K(104384K) Class: 18138K(20608K)->18138K(20608K)
[241.408s][info][gc             ] GC(1139) Pause Full (Ergonomics) 398M->393M(455M) 49.034ms
[241.408s][info][gc,cpu         ] GC(1139) User=0.34s Sys=0.00s Real=0.06s
[241.409s][info][gc,start       ] GC(1140) Pause Full (Ergonomics)
[241.409s][info][gc,phases,start] GC(1140) Marking Phase
[241.443s][info][gc,phases      ] GC(1140) Marking Phase 34.366ms
[241.443s][info][gc,phases,start] GC(1140) Summary Phase
[241.443s][info][gc,phases      ] GC(1140) Summary Phase 0.044ms
[241.443s][info][gc,phases,start] GC(1140) Adjust Roots
[241.446s][info][gc,phases      ] GC(1140) Adjust Roots 2.381ms
[241.446s][info][gc,phases,start] GC(1140) Compaction Phase
[241.454s][info][gc,phases      ] GC(1140) Compaction Phase 7.828ms
[241.454s][info][gc,phases,start] GC(1140) Post Compact
[241.456s][info][gc,phases      ] GC(1140) Post Compact 2.141ms
[241.456s][info][gc,heap        ] GC(1140) PSYoungGen: 58880K(116736K)->50404K(116736K) Eden: 58880K(58880K)->50404K(58880K) From: 0K(57856K)->0K(57856K)
[241.456s][info][gc,heap        ] GC(1140) ParOldGen: 349374K(349696K)->349416K(349696K)
[241.456s][info][gc,metaspace   ] GC(1140) Metaspace: 120056K(124992K)->120056K(124992K) NonClass: 101916K(104384K)->101916K(104384K) Class: 18139K(20608K)->18139K(20608K)
[241.456s][info][gc             ] GC(1140) Pause Full (Ergonomics) 398M->390M(455M) 47.088ms
[241.456s][info][gc,cpu         ] GC(1140) User=0.19s Sys=0.00s Real=0.05s
[241.458s][info][gc,start       ] GC(1141) Pause Full (Ergonomics)
[241.458s][info][gc,phases,start] GC(1141) Marking Phase
[241.488s][info][gc,phases      ] GC(1141) Marking Phase 29.988ms
[241.488s][info][gc,phases,start] GC(1141) Summary Phase
[241.488s][info][gc,phases      ] GC(1141) Summary Phase 0.021ms
[241.488s][info][gc,phases,start] GC(1141) Adjust Roots
[241.493s][info][gc,phases      ] GC(1141) Adjust Roots 4.523ms
[241.493s][info][gc,phases,start] GC(1141) Compaction Phase
[241.502s][info][gc,phases      ] GC(1141) Compaction Phase 8.810ms
[241.502s][info][gc,phases,start] GC(1141) Post Compact
[241.504s][info][gc,phases      ] GC(1141) Post Compact 2.119ms
[241.504s][info][gc,heap        ] GC(1141) PSYoungGen: 58880K(116736K)->46250K(116736K) Eden: 58880K(58880K)->46250K(58880K) From: 0K(57856K)->0K(57856K)
[241.504s][info][gc,heap        ] GC(1141) ParOldGen: 349416K(349696K)->349414K(349696K)
[241.504s][info][gc,metaspace   ] GC(1141) Metaspace: 120072K(124992K)->120072K(124992K) NonClass: 101930K(104384K)->101930K(104384K) Class: 18142K(20608K)->18142K(20608K)
[241.504s][info][gc             ] GC(1141) Pause Full (Ergonomics) 398M->386M(455M) 45.702ms
[241.504s][info][gc,cpu         ] GC(1141) User=0.19s Sys=0.00s Real=0.05s
[241.506s][info][gc,start       ] GC(1142) Pause Full (Ergonomics)
[241.506s][info][gc,phases,start] GC(1142) Marking Phase
[241.538s][info][gc,phases      ] GC(1142) Marking Phase 31.702ms
[241.538s][info][gc,phases,start] GC(1142) Summary Phase
[241.538s][info][gc,phases      ] GC(1142) Summary Phase 0.018ms
[241.538s][info][gc,phases,start] GC(1142) Adjust Roots
[241.541s][info][gc,phases      ] GC(1142) Adjust Roots 2.390ms
[241.541s][info][gc,phases,start] GC(1142) Compaction Phase
[241.551s][info][gc,phases      ] GC(1142) Compaction Phase 10.364ms
[241.551s][info][gc,phases,start] GC(1142) Post Compact
[241.553s][info][gc,phases      ] GC(1142) Post Compact 2.132ms
[241.553s][info][gc,heap        ] GC(1142) PSYoungGen: 58880K(116736K)->46567K(116736K) Eden: 58880K(58880K)->46567K(58880K) From: 0K(57856K)->0K(57856K)
[241.553s][info][gc,heap        ] GC(1142) ParOldGen: 349414K(349696K)->349414K(349696K)
[241.553s][info][gc,metaspace   ] GC(1142) Metaspace: 120086K(124992K)->120086K(124992K) NonClass: 101942K(104384K)->101942K(104384K) Class: 18144K(20608K)->18144K(20608K)
[241.553s][info][gc             ] GC(1142) Pause Full (Ergonomics) 398M->386M(455M) 46.841ms
[241.553s][info][gc,cpu         ] GC(1142) User=0.20s Sys=0.00s Real=0.05s
[241.556s][info][gc,start       ] GC(1143) Pause Full (Ergonomics)
[241.556s][info][gc,phases,start] GC(1143) Marking Phase
[241.585s][info][gc,phases      ] GC(1143) Marking Phase 29.123ms
[241.585s][info][gc,phases,start] GC(1143) Summary Phase
[241.585s][info][gc,phases      ] GC(1143) Summary Phase 0.017ms
[241.585s][info][gc,phases,start] GC(1143) Adjust Roots
[241.588s][info][gc,phases      ] GC(1143) Adjust Roots 2.672ms
[241.588s][info][gc,phases,start] GC(1143) Compaction Phase
[241.609s][info][gc,phases      ] GC(1143) Compaction Phase 20.961ms
[241.609s][info][gc,phases,start] GC(1143) Post Compact
[241.611s][info][gc,phases      ] GC(1143) Post Compact 2.456ms
[241.611s][info][gc,heap        ] GC(1143) PSYoungGen: 58880K(116736K)->46616K(116736K) Eden: 58880K(58880K)->46616K(58880K) From: 0K(57856K)->0K(57856K)
[241.611s][info][gc,heap        ] GC(1143) ParOldGen: 349414K(349696K)->349408K(349696K)
[241.611s][info][gc,metaspace   ] GC(1143) Metaspace: 120087K(124992K)->120087K(124992K) NonClass: 101943K(104384K)->101943K(104384K) Class: 18144K(20608K)->18144K(20608K)
[241.611s][info][gc             ] GC(1143) Pause Full (Ergonomics) 398M->386M(455M) 55.529ms
[241.611s][info][gc,cpu         ] GC(1143) User=0.47s Sys=0.00s Real=0.05s
[241.613s][info][gc,start       ] GC(1144) Pause Full (Ergonomics)
[241.613s][info][gc,phases,start] GC(1144) Marking Phase
[241.641s][info][gc,phases      ] GC(1144) Marking Phase 27.288ms
[241.641s][info][gc,phases,start] GC(1144) Summary Phase
[241.641s][info][gc,phases      ] GC(1144) Summary Phase 0.017ms
[241.641s][info][gc,phases,start] GC(1144) Adjust Roots
[241.643s][info][gc,phases      ] GC(1144) Adjust Roots 2.509ms
[241.643s][info][gc,phases,start] GC(1144) Compaction Phase
[241.663s][info][gc,phases      ] GC(1144) Compaction Phase 19.410ms
[241.663s][info][gc,phases,start] GC(1144) Post Compact
[241.665s][info][gc,phases      ] GC(1144) Post Compact 2.308ms
[241.665s][info][gc,heap        ] GC(1144) PSYoungGen: 58880K(116736K)->46733K(116736K) Eden: 58880K(58880K)->46733K(58880K) From: 0K(57856K)->0K(57856K)
[241.665s][info][gc,heap        ] GC(1144) ParOldGen: 349408K(349696K)->349407K(349696K)
[241.665s][info][gc,metaspace   ] GC(1144) Metaspace: 120091K(124992K)->120091K(124992K) NonClass: 101945K(104384K)->101945K(104384K) Class: 18145K(20608K)->18145K(20608K)
[241.665s][info][gc             ] GC(1144) Pause Full (Ergonomics) 398M->386M(455M) 51.851ms
[241.665s][info][gc,cpu         ] GC(1144) User=0.48s Sys=0.00s Real=0.06s
[241.667s][info][gc,start       ] GC(1145) Pause Full (Ergonomics)
[241.667s][info][gc,phases,start] GC(1145) Marking Phase
[241.695s][info][gc,phases      ] GC(1145) Marking Phase 28.082ms
[241.695s][info][gc,phases,start] GC(1145) Summary Phase
[241.695s][info][gc,phases      ] GC(1145) Summary Phase 0.019ms
[241.695s][info][gc,phases,start] GC(1145) Adjust Roots
[241.698s][info][gc,phases      ] GC(1145) Adjust Roots 2.903ms
[241.698s][info][gc,phases,start] GC(1145) Compaction Phase
[241.725s][info][gc,phases      ] GC(1145) Compaction Phase 27.141ms
[241.725s][info][gc,phases,start] GC(1145) Post Compact
[241.728s][info][gc,phases      ] GC(1145) Post Compact 2.622ms
[241.728s][info][gc,heap        ] GC(1145) PSYoungGen: 58880K(116736K)->48906K(116736K) Eden: 58880K(58880K)->48906K(58880K) From: 0K(57856K)->0K(57856K)
[241.728s][info][gc,heap        ] GC(1145) ParOldGen: 349407K(349696K)->349394K(349696K)
[241.728s][info][gc,metaspace   ] GC(1145) Metaspace: 120092K(124992K)->120092K(124992K) NonClass: 101946K(104384K)->101946K(104384K) Class: 18145K(20608K)->18145K(20608K)
[241.728s][info][gc             ] GC(1145) Pause Full (Ergonomics) 398M->388M(455M) 61.188ms
[241.728s][info][gc,cpu         ] GC(1145) User=0.34s Sys=0.00s Real=0.06s
[241.730s][info][gc,start       ] GC(1146) Pause Full (Ergonomics)
[241.730s][info][gc,phases,start] GC(1146) Marking Phase
[241.759s][info][gc,phases      ] GC(1146) Marking Phase 28.489ms
[241.759s][info][gc,phases,start] GC(1146) Summary Phase
[241.759s][info][gc,phases      ] GC(1146) Summary Phase 0.017ms
[241.759s][info][gc,phases,start] GC(1146) Adjust Roots
[241.761s][info][gc,phases      ] GC(1146) Adjust Roots 2.657ms
[241.761s][info][gc,phases,start] GC(1146) Compaction Phase
[241.773s][info][gc,phases      ] GC(1146) Compaction Phase 12.085ms
[241.773s][info][gc,phases,start] GC(1146) Post Compact
[241.775s][info][gc,phases      ] GC(1146) Post Compact 2.006ms
[241.775s][info][gc,heap        ] GC(1146) PSYoungGen: 58880K(116736K)->48180K(116736K) Eden: 58880K(58880K)->48180K(58880K) From: 0K(57856K)->0K(57856K)
[241.775s][info][gc,heap        ] GC(1146) ParOldGen: 349394K(349696K)->349396K(349696K)
[241.776s][info][gc,metaspace   ] GC(1146) Metaspace: 120094K(124992K)->120094K(124992K) NonClass: 101948K(104384K)->101948K(104384K) Class: 18146K(20608K)->18146K(20608K)
[241.776s][info][gc             ] GC(1146) Pause Full (Ergonomics) 398M->388M(455M) 45.506ms
[241.776s][info][gc,cpu         ] GC(1146) User=0.20s Sys=0.00s Real=0.05s
[241.778s][info][gc,start       ] GC(1147) Pause Full (Ergonomics)
[241.778s][info][gc,phases,start] GC(1147) Marking Phase
[241.808s][info][gc,phases      ] GC(1147) Marking Phase 30.261ms
[241.808s][info][gc,phases,start] GC(1147) Summary Phase
[241.808s][info][gc,phases      ] GC(1147) Summary Phase 0.019ms
[241.808s][info][gc,phases,start] GC(1147) Adjust Roots
[241.810s][info][gc,phases      ] GC(1147) Adjust Roots 2.388ms
[241.810s][info][gc,phases,start] GC(1147) Compaction Phase
[241.827s][info][gc,phases      ] GC(1147) Compaction Phase 16.720ms
[241.827s][info][gc,phases,start] GC(1147) Post Compact
[241.830s][info][gc,phases      ] GC(1147) Post Compact 2.518ms
[241.830s][info][gc,heap        ] GC(1147) PSYoungGen: 58880K(116736K)->48165K(116736K) Eden: 58880K(58880K)->48165K(58880K) From: 0K(57856K)->0K(57856K)
[241.830s][info][gc,heap        ] GC(1147) ParOldGen: 349396K(349696K)->349396K(349696K)
[241.830s][info][gc,metaspace   ] GC(1147) Metaspace: 120098K(124992K)->120098K(124992K) NonClass: 101951K(104384K)->101951K(104384K) Class: 18146K(20608K)->18146K(20608K)
[241.830s][info][gc             ] GC(1147) Pause Full (Ergonomics) 398M->388M(455M) 52.297ms
[241.830s][info][gc,cpu         ] GC(1147) User=0.19s Sys=0.00s Real=0.05s
[241.832s][info][gc,start       ] GC(1148) Pause Full (Ergonomics)
[241.832s][info][gc,phases,start] GC(1148) Marking Phase
[241.866s][info][gc,phases      ] GC(1148) Marking Phase 33.457ms
[241.866s][info][gc,phases,start] GC(1148) Summary Phase
[241.866s][info][gc,phases      ] GC(1148) Summary Phase 0.044ms
[241.866s][info][gc,phases,start] GC(1148) Adjust Roots
[241.869s][info][gc,phases      ] GC(1148) Adjust Roots 2.746ms
[241.869s][info][gc,phases,start] GC(1148) Compaction Phase
[241.888s][info][gc,phases      ] GC(1148) Compaction Phase 19.634ms
[241.889s][info][gc,phases,start] GC(1148) Post Compact
[241.891s][info][gc,phases      ] GC(1148) Post Compact 2.626ms
[241.891s][info][gc,heap        ] GC(1148) PSYoungGen: 58880K(116736K)->48141K(116736K) Eden: 58880K(58880K)->48141K(58880K) From: 0K(57856K)->0K(57856K)
[241.891s][info][gc,heap        ] GC(1148) ParOldGen: 349396K(349696K)->349395K(349696K)
[241.891s][info][gc,metaspace   ] GC(1148) Metaspace: 120106K(124992K)->120106K(124992K) NonClass: 101957K(104384K)->101957K(104384K) Class: 18149K(20608K)->18149K(20608K)
[241.891s][info][gc             ] GC(1148) Pause Full (Ergonomics) 398M->388M(455M) 58.931ms
[241.891s][info][gc,cpu         ] GC(1148) User=0.48s Sys=0.00s Real=0.06s
[241.893s][info][gc,start       ] GC(1149) Pause Full (Ergonomics)
[241.893s][info][gc,phases,start] GC(1149) Marking Phase
[241.919s][info][gc,phases      ] GC(1149) Marking Phase 26.246ms
[241.919s][info][gc,phases,start] GC(1149) Summary Phase
[241.919s][info][gc,phases      ] GC(1149) Summary Phase 0.020ms
[241.919s][info][gc,phases,start] GC(1149) Adjust Roots
[241.924s][info][gc,phases      ] GC(1149) Adjust Roots 4.684ms
[241.924s][info][gc,phases,start] GC(1149) Compaction Phase
[241.949s][info][gc,phases      ] GC(1149) Compaction Phase 24.532ms
[241.949s][info][gc,phases,start] GC(1149) Post Compact
[241.951s][info][gc,phases      ] GC(1149) Post Compact 2.613ms
[241.951s][info][gc,heap        ] GC(1149) PSYoungGen: 58880K(116736K)->49731K(116736K) Eden: 58880K(58880K)->49731K(58880K) From: 0K(57856K)->0K(57856K)
[241.951s][info][gc,heap        ] GC(1149) ParOldGen: 349395K(349696K)->349392K(349696K)
[241.951s][info][gc,metaspace   ] GC(1149) Metaspace: 120109K(124992K)->120109K(124992K) NonClass: 101959K(104384K)->101959K(104384K) Class: 18149K(20608K)->18149K(20608K)
[241.951s][info][gc             ] GC(1149) Pause Full (Ergonomics) 398M->389M(455M) 58.503ms
[241.951s][info][gc,cpu         ] GC(1149) User=0.88s Sys=0.00s Real=0.06s
[241.954s][info][gc,start       ] GC(1150) Pause Full (Ergonomics)
[241.954s][info][gc,phases,start] GC(1150) Marking Phase
[241.984s][info][gc,phases      ] GC(1150) Marking Phase 30.413ms
[241.984s][info][gc,phases,start] GC(1150) Summary Phase
[241.984s][info][gc,phases      ] GC(1150) Summary Phase 0.018ms
[241.984s][info][gc,phases,start] GC(1150) Adjust Roots
[241.987s][info][gc,phases      ] GC(1150) Adjust Roots 2.786ms
[241.987s][info][gc,phases,start] GC(1150) Compaction Phase
[242.007s][info][gc,phases      ] GC(1150) Compaction Phase 19.965ms
[242.007s][info][gc,phases,start] GC(1150) Post Compact
[242.010s][info][gc,phases      ] GC(1150) Post Compact 2.630ms
[242.010s][info][gc,heap        ] GC(1150) PSYoungGen: 58880K(116736K)->49814K(116736K) Eden: 58880K(58880K)->49814K(58880K) From: 0K(57856K)->0K(57856K)
[242.010s][info][gc,heap        ] GC(1150) ParOldGen: 349392K(349696K)->349379K(349696K)
[242.010s][info][gc,metaspace   ] GC(1150) Metaspace: 120109K(124992K)->120109K(124992K) NonClass: 101959K(104384K)->101959K(104384K) Class: 18149K(20608K)->18149K(20608K)
[242.010s][info][gc             ] GC(1150) Pause Full (Ergonomics) 398M->389M(455M) 56.224ms
[242.010s][info][gc,cpu         ] GC(1150) User=0.48s Sys=0.00s Real=0.06s
[242.012s][info][gc,start       ] GC(1151) Pause Full (Ergonomics)
[242.012s][info][gc,phases,start] GC(1151) Marking Phase
[242.040s][info][gc,phases      ] GC(1151) Marking Phase 27.816ms
[242.040s][info][gc,phases,start] GC(1151) Summary Phase
[242.040s][info][gc,phases      ] GC(1151) Summary Phase 0.020ms
[242.040s][info][gc,phases,start] GC(1151) Adjust Roots
[242.043s][info][gc,phases      ] GC(1151) Adjust Roots 2.766ms
[242.043s][info][gc,phases,start] GC(1151) Compaction Phase
[242.063s][info][gc,phases      ] GC(1151) Compaction Phase 19.835ms
[242.063s][info][gc,phases,start] GC(1151) Post Compact
[242.065s][info][gc,phases      ] GC(1151) Post Compact 2.626ms
[242.066s][info][gc,heap        ] GC(1151) PSYoungGen: 58880K(116736K)->49700K(116736K) Eden: 58880K(58880K)->49700K(58880K) From: 0K(57856K)->0K(57856K)
[242.066s][info][gc,heap        ] GC(1151) ParOldGen: 349379K(349696K)->349370K(349696K)
[242.066s][info][gc,metaspace   ] GC(1151) Metaspace: 120112K(125056K)->120112K(125056K) NonClass: 101962K(104384K)->101962K(104384K) Class: 18149K(20672K)->18149K(20672K)
[242.066s][info][gc             ] GC(1151) Pause Full (Ergonomics) 398M->389M(455M) 53.478ms
[242.066s][info][gc,cpu         ] GC(1151) User=0.33s Sys=0.00s Real=0.05s
[242.067s][info][gc,start       ] GC(1152) Pause Full (Ergonomics)
[242.067s][info][gc,phases,start] GC(1152) Marking Phase
[242.103s][info][gc,phases      ] GC(1152) Marking Phase 35.640ms
[242.103s][info][gc,phases,start] GC(1152) Summary Phase
[242.103s][info][gc,phases      ] GC(1152) Summary Phase 0.022ms
[242.103s][info][gc,phases,start] GC(1152) Adjust Roots
[242.106s][info][gc,phases      ] GC(1152) Adjust Roots 2.467ms
[242.106s][info][gc,phases,start] GC(1152) Compaction Phase
[242.125s][info][gc,phases      ] GC(1152) Compaction Phase 19.712ms
[242.125s][info][gc,phases,start] GC(1152) Post Compact
[242.128s][info][gc,phases      ] GC(1152) Post Compact 2.408ms
[242.128s][info][gc,heap        ] GC(1152) PSYoungGen: 58879K(116736K)->51450K(116736K) Eden: 58879K(58880K)->51450K(58880K) From: 0K(57856K)->0K(57856K)
[242.128s][info][gc,heap        ] GC(1152) ParOldGen: 349370K(349696K)->349364K(349696K)
[242.128s][info][gc,metaspace   ] GC(1152) Metaspace: 120113K(125056K)->120113K(125056K) NonClass: 101963K(104384K)->101963K(104384K) Class: 18149K(20672K)->18149K(20672K)
[242.128s][info][gc             ] GC(1152) Pause Full (Ergonomics) 398M->391M(455M) 60.569ms
[242.128s][info][gc,cpu         ] GC(1152) User=0.33s Sys=0.00s Real=0.05s
[242.129s][info][gc,start       ] GC(1153) Pause Full (Ergonomics)
[242.130s][info][gc,phases,start] GC(1153) Marking Phase
[242.158s][info][gc,phases      ] GC(1153) Marking Phase 28.080ms
[242.158s][info][gc,phases,start] GC(1153) Summary Phase
[242.158s][info][gc,phases      ] GC(1153) Summary Phase 0.019ms
[242.158s][info][gc,phases,start] GC(1153) Adjust Roots
[242.160s][info][gc,phases      ] GC(1153) Adjust Roots 2.387ms
[242.160s][info][gc,phases,start] GC(1153) Compaction Phase
[242.188s][info][gc,phases      ] GC(1153) Compaction Phase 28.162ms
[242.188s][info][gc,phases,start] GC(1153) Post Compact
[242.191s][info][gc,phases      ] GC(1153) Post Compact 2.619ms
[242.191s][info][gc,heap        ] GC(1153) PSYoungGen: 58880K(116736K)->52340K(116736K) Eden: 58880K(58880K)->52340K(58880K) From: 0K(57856K)->0K(57856K)
[242.191s][info][gc,heap        ] GC(1153) ParOldGen: 349364K(349696K)->349364K(349696K)
[242.191s][info][gc,metaspace   ] GC(1153) Metaspace: 120113K(125056K)->120113K(125056K) NonClass: 101963K(104384K)->101963K(104384K) Class: 18149K(20672K)->18149K(20672K)
[242.191s][info][gc             ] GC(1153) Pause Full (Ergonomics) 398M->392M(455M) 61.660ms
[242.191s][info][gc,cpu         ] GC(1153) User=0.33s Sys=0.02s Real=0.06s
[242.193s][info][gc,start       ] GC(1154) Pause Full (Ergonomics)
[242.193s][info][gc,phases,start] GC(1154) Marking Phase
[242.221s][info][gc,phases      ] GC(1154) Marking Phase 28.629ms
[242.221s][info][gc,phases,start] GC(1154) Summary Phase
[242.221s][info][gc,phases      ] GC(1154) Summary Phase 0.020ms
[242.221s][info][gc,phases,start] GC(1154) Adjust Roots
[242.224s][info][gc,phases      ] GC(1154) Adjust Roots 2.603ms
[242.224s][info][gc,phases,start] GC(1154) Compaction Phase
[242.243s][info][gc,phases      ] GC(1154) Compaction Phase 19.002ms
[242.243s][info][gc,phases,start] GC(1154) Post Compact
[242.246s][info][gc,phases      ] GC(1154) Post Compact 2.629ms
[242.246s][info][gc,heap        ] GC(1154) PSYoungGen: 58880K(116736K)->53815K(116736K) Eden: 58880K(58880K)->53815K(58880K) From: 0K(57856K)->0K(57856K)
[242.246s][info][gc,heap        ] GC(1154) ParOldGen: 349364K(349696K)->347800K(349696K)
[242.246s][info][gc,metaspace   ] GC(1154) Metaspace: 120115K(125056K)->120115K(125056K) NonClass: 101965K(104384K)->101965K(104384K) Class: 18149K(20672K)->18149K(20672K)
[242.246s][info][gc             ] GC(1154) Pause Full (Ergonomics) 398M->392M(455M) 53.285ms
[242.246s][info][gc,cpu         ] GC(1154) User=0.33s Sys=0.00s Real=0.05s
[242.248s][info][gc,start       ] GC(1155) Pause Full (Ergonomics)
[242.248s][info][gc,phases,start] GC(1155) Marking Phase
[242.276s][info][gc,phases      ] GC(1155) Marking Phase 28.213ms
[242.276s][info][gc,phases,start] GC(1155) Summary Phase
[242.276s][info][gc,phases      ] GC(1155) Summary Phase 0.021ms
[242.276s][info][gc,phases,start] GC(1155) Adjust Roots
[242.278s][info][gc,phases      ] GC(1155) Adjust Roots 2.356ms
[242.278s][info][gc,phases,start] GC(1155) Compaction Phase
[242.297s][info][gc,phases      ] GC(1155) Compaction Phase 18.938ms
[242.297s][info][gc,phases,start] GC(1155) Post Compact
[242.299s][info][gc,phases      ] GC(1155) Post Compact 2.049ms
[242.299s][info][gc,heap        ] GC(1155) PSYoungGen: 58880K(116736K)->53769K(116736K) Eden: 58880K(58880K)->53769K(58880K) From: 0K(57856K)->0K(57856K)
[242.300s][info][gc,heap        ] GC(1155) ParOldGen: 347800K(349696K)->347800K(349696K)
[242.300s][info][gc,metaspace   ] GC(1155) Metaspace: 120118K(125056K)->120118K(125056K) NonClass: 101969K(104384K)->101969K(104384K) Class: 18149K(20672K)->18149K(20672K)
[242.300s][info][gc             ] GC(1155) Pause Full (Ergonomics) 397M->392M(455M) 51.843ms
[242.300s][info][gc,cpu         ] GC(1155) User=0.47s Sys=0.00s Real=0.05s
[242.301s][info][gc,start       ] GC(1156) Pause Full (Ergonomics)
[242.301s][info][gc,phases,start] GC(1156) Marking Phase
[242.329s][info][gc,phases      ] GC(1156) Marking Phase 27.854ms
[242.329s][info][gc,phases,start] GC(1156) Summary Phase
[242.329s][info][gc,phases      ] GC(1156) Summary Phase 0.019ms
[242.329s][info][gc,phases,start] GC(1156) Adjust Roots
[242.331s][info][gc,phases      ] GC(1156) Adjust Roots 2.368ms
[242.331s][info][gc,phases,start] GC(1156) Compaction Phase
[242.341s][info][gc,phases      ] GC(1156) Compaction Phase 9.463ms
[242.354s][info][gc,phases,start] GC(1156) Post Compact
[242.356s][info][gc,phases      ] GC(1156) Post Compact 2.393ms
[242.357s][info][gc,heap        ] GC(1156) PSYoungGen: 58880K(116736K)->53839K(116736K) Eden: 58880K(58880K)->53839K(58880K) From: 0K(57856K)->0K(57856K)
[242.357s][info][gc,heap        ] GC(1156) ParOldGen: 347800K(349696K)->347800K(349696K)
[242.357s][info][gc,metaspace   ] GC(1156) Metaspace: 120122K(125056K)->120122K(125056K) NonClass: 101972K(104384K)->101972K(104384K) Class: 18149K(20672K)->18149K(20672K)
[242.357s][info][gc             ] GC(1156) Pause Full (Ergonomics) 397M->392M(455M) 55.637ms
[242.357s][info][gc,cpu         ] GC(1156) User=0.31s Sys=0.00s Real=0.05s
[242.359s][info][gc,start       ] GC(1157) Pause Full (Ergonomics)
[242.359s][info][gc,phases,start] GC(1157) Marking Phase
[242.396s][info][gc,phases      ] GC(1157) Marking Phase 37.214ms
[242.396s][info][gc,phases,start] GC(1157) Summary Phase
[242.396s][info][gc,phases      ] GC(1157) Summary Phase 0.018ms
[242.396s][info][gc,phases,start] GC(1157) Adjust Roots
[242.398s][info][gc,phases      ] GC(1157) Adjust Roots 2.346ms
[242.398s][info][gc,phases,start] GC(1157) Compaction Phase
[242.417s][info][gc,phases      ] GC(1157) Compaction Phase 18.730ms
[242.417s][info][gc,phases,start] GC(1157) Post Compact
[242.419s][info][gc,phases      ] GC(1157) Post Compact 2.057ms
[242.419s][info][gc,heap        ] GC(1157) PSYoungGen: 58880K(116736K)->53755K(116736K) Eden: 58880K(58880K)->53755K(58880K) From: 0K(57856K)->0K(57856K)
[242.419s][info][gc,heap        ] GC(1157) ParOldGen: 347800K(349696K)->347799K(349696K)
[242.419s][info][gc,metaspace   ] GC(1157) Metaspace: 120126K(125056K)->120126K(125056K) NonClass: 101976K(104384K)->101976K(104384K) Class: 18149K(20672K)->18149K(20672K)
[242.419s][info][gc             ] GC(1157) Pause Full (Ergonomics) 397M->392M(455M) 60.625ms
[242.419s][info][gc,cpu         ] GC(1157) User=0.48s Sys=0.00s Real=0.06s
[242.420s][info][gc,start       ] GC(1158) Pause Full (Ergonomics)
[242.420s][info][gc,phases,start] GC(1158) Marking Phase
[242.452s][info][gc,phases      ] GC(1158) Marking Phase 31.453ms
[242.452s][info][gc,phases,start] GC(1158) Summary Phase
[242.452s][info][gc,phases      ] GC(1158) Summary Phase 0.046ms
[242.452s][info][gc,phases,start] GC(1158) Adjust Roots
[242.455s][info][gc,phases      ] GC(1158) Adjust Roots 2.594ms
[242.455s][info][gc,phases,start] GC(1158) Compaction Phase
[242.470s][info][gc,phases      ] GC(1158) Compaction Phase 15.737ms
[242.470s][info][gc,phases,start] GC(1158) Post Compact
[242.473s][info][gc,phases      ] GC(1158) Post Compact 2.548ms
[242.473s][info][gc,heap        ] GC(1158) PSYoungGen: 58880K(116736K)->55480K(116736K) Eden: 58880K(58880K)->55480K(58880K) From: 0K(57856K)->0K(57856K)
[242.473s][info][gc,heap        ] GC(1158) ParOldGen: 347799K(349696K)->347018K(349696K)
[242.473s][info][gc,metaspace   ] GC(1158) Metaspace: 120134K(125056K)->120134K(125056K) NonClass: 101983K(104384K)->101983K(104384K) Class: 18150K(20672K)->18150K(20672K)
[242.473s][info][gc             ] GC(1158) Pause Full (Ergonomics) 397M->393M(455M) 52.772ms
[242.473s][info][gc,cpu         ] GC(1158) User=0.44s Sys=0.00s Real=0.06s
[242.475s][info][gc,start       ] GC(1159) Pause Full (Ergonomics)
[242.475s][info][gc,phases,start] GC(1159) Marking Phase
[242.521s][info][gc,phases      ] GC(1159) Marking Phase 45.958ms
[242.521s][info][gc,phases,start] GC(1159) Summary Phase
[242.521s][info][gc,phases      ] GC(1159) Summary Phase 0.019ms
[242.521s][info][gc,phases,start] GC(1159) Adjust Roots
[242.525s][info][gc,phases      ] GC(1159) Adjust Roots 3.627ms
[242.525s][info][gc,phases,start] GC(1159) Compaction Phase
[242.546s][info][gc,phases      ] GC(1159) Compaction Phase 21.842ms
[242.547s][info][gc,phases,start] GC(1159) Post Compact
[242.549s][info][gc,phases      ] GC(1159) Post Compact 2.666ms
[242.549s][info][gc,heap        ] GC(1159) PSYoungGen: 58880K(116736K)->55475K(116736K) Eden: 58880K(58880K)->55475K(58880K) From: 0K(57856K)->0K(57856K)
[242.549s][info][gc,heap        ] GC(1159) ParOldGen: 347018K(349696K)->346879K(349696K)
[242.549s][info][gc,metaspace   ] GC(1159) Metaspace: 120139K(125056K)->120131K(125056K) NonClass: 101988K(104384K)->101981K(104384K) Class: 18151K(20672K)->18149K(20672K)
[242.549s][info][gc             ] GC(1159) Pause Full (Ergonomics) 396M->392M(455M) 74.538ms
[242.549s][info][gc,cpu         ] GC(1159) User=0.48s Sys=0.00s Real=0.06s
[242.551s][info][gc,start       ] GC(1160) Pause Full (Ergonomics)
[242.551s][info][gc,phases,start] GC(1160) Marking Phase
[242.581s][info][gc,phases      ] GC(1160) Marking Phase 30.535ms
[242.581s][info][gc,phases,start] GC(1160) Summary Phase
[242.581s][info][gc,phases      ] GC(1160) Summary Phase 0.048ms
[242.581s][info][gc,phases,start] GC(1160) Adjust Roots
[242.584s][info][gc,phases      ] GC(1160) Adjust Roots 3.186ms
[242.585s][info][gc,phases,start] GC(1160) Compaction Phase
[242.604s][info][gc,phases      ] GC(1160) Compaction Phase 19.840ms
[242.604s][info][gc,phases,start] GC(1160) Post Compact
[242.607s][info][gc,phases      ] GC(1160) Post Compact 2.631ms
[242.607s][info][gc,heap        ] GC(1160) PSYoungGen: 58879K(116736K)->56993K(116736K) Eden: 58879K(58880K)->56993K(58880K) From: 0K(57856K)->0K(57856K)
[242.607s][info][gc,heap        ] GC(1160) ParOldGen: 346879K(349696K)->346878K(349696K)
[242.607s][info][gc,metaspace   ] GC(1160) Metaspace: 120136K(125056K)->120136K(125056K) NonClass: 101986K(104384K)->101986K(104384K) Class: 18149K(20672K)->18149K(20672K)
[242.607s][info][gc             ] GC(1160) Pause Full (Ergonomics) 396M->394M(455M) 56.679ms
[242.607s][info][gc,cpu         ] GC(1160) User=0.33s Sys=0.00s Real=0.05s
[242.608s][info][gc,start       ] GC(1161) Pause Full (Ergonomics)
[242.608s][info][gc,phases,start] GC(1161) Marking Phase
[242.637s][info][gc,phases      ] GC(1161) Marking Phase 28.737ms
[242.637s][info][gc,phases,start] GC(1161) Summary Phase
[242.637s][info][gc,phases      ] GC(1161) Summary Phase 0.019ms
[242.637s][info][gc,phases,start] GC(1161) Adjust Roots
[242.639s][info][gc,phases      ] GC(1161) Adjust Roots 2.378ms
[242.639s][info][gc,phases,start] GC(1161) Compaction Phase
[242.652s][info][gc,phases      ] GC(1161) Compaction Phase 12.227ms
[242.652s][info][gc,phases,start] GC(1161) Post Compact
[242.654s][info][gc,phases      ] GC(1161) Post Compact 2.081ms
[242.654s][info][gc,heap        ] GC(1161) PSYoungGen: 58880K(116736K)->56238K(116736K) Eden: 58880K(58880K)->56238K(58880K) From: 0K(57856K)->0K(57856K)
[242.654s][info][gc,heap        ] GC(1161) ParOldGen: 346878K(349696K)->346878K(349696K)
[242.654s][info][gc,metaspace   ] GC(1161) Metaspace: 120139K(125056K)->120139K(125056K) NonClass: 101989K(104384K)->101989K(104384K) Class: 18150K(20672K)->18150K(20672K)
[242.654s][info][gc             ] GC(1161) Pause Full (Ergonomics) 396M->393M(455M) 45.674ms
[242.654s][info][gc,cpu         ] GC(1161) User=0.39s Sys=0.00s Real=0.05s
[242.654s][info][gc,start       ] GC(1162) Pause Full (Ergonomics)
[242.654s][info][gc,phases,start] GC(1162) Marking Phase
[242.685s][info][gc,phases      ] GC(1162) Marking Phase 30.187ms
[242.685s][info][gc,phases,start] GC(1162) Summary Phase
[242.685s][info][gc,phases      ] GC(1162) Summary Phase 0.019ms
[242.685s][info][gc,phases,start] GC(1162) Adjust Roots
[242.687s][info][gc,phases      ] GC(1162) Adjust Roots 2.377ms
[242.687s][info][gc,phases,start] GC(1162) Compaction Phase
[242.693s][info][gc,phases      ] GC(1162) Compaction Phase 6.289ms
[242.693s][info][gc,phases,start] GC(1162) Post Compact
[242.695s][info][gc,phases      ] GC(1162) Post Compact 1.890ms
[242.695s][info][gc,heap        ] GC(1162) PSYoungGen: 58880K(116736K)->57848K(116736K) Eden: 58880K(58880K)->57848K(58880K) From: 0K(57856K)->0K(57856K)
[242.695s][info][gc,heap        ] GC(1162) ParOldGen: 346878K(349696K)->346878K(349696K)
[242.695s][info][gc,metaspace   ] GC(1162) Metaspace: 120140K(125056K)->120140K(125056K) NonClass: 101989K(104384K)->101989K(104384K) Class: 18150K(20672K)->18150K(20672K)
[242.695s][info][gc             ] GC(1162) Pause Full (Ergonomics) 396M->395M(455M) 41.016ms
[242.696s][info][gc,cpu         ] GC(1162) User=0.38s Sys=0.00s Real=0.05s
[242.696s][info][gc,start       ] GC(1163) Pause Full (Ergonomics)
[242.696s][info][gc,phases,start] GC(1163) Marking Phase
[242.724s][info][gc,phases      ] GC(1163) Marking Phase 27.600ms
[242.724s][info][gc,phases,start] GC(1163) Summary Phase
[242.724s][info][gc,phases      ] GC(1163) Summary Phase 0.019ms
[242.724s][info][gc,phases,start] GC(1163) Adjust Roots
[242.726s][info][gc,phases      ] GC(1163) Adjust Roots 2.387ms
[242.726s][info][gc,phases,start] GC(1163) Compaction Phase
[242.736s][info][gc,phases      ] GC(1163) Compaction Phase 10.175ms
[242.736s][info][gc,phases,start] GC(1163) Post Compact
[242.739s][info][gc,phases      ] GC(1163) Post Compact 2.370ms
[242.739s][info][gc,heap        ] GC(1163) PSYoungGen: 58880K(116736K)->57773K(116736K) Eden: 58880K(58880K)->57773K(58880K) From: 0K(57856K)->0K(57856K)
[242.739s][info][gc,heap        ] GC(1163) ParOldGen: 346878K(349696K)->346097K(349696K)
[242.739s][info][gc,metaspace   ] GC(1163) Metaspace: 120140K(125056K)->120140K(125056K) NonClass: 101989K(104384K)->101989K(104384K) Class: 18150K(20672K)->18150K(20672K)
[242.739s][info][gc             ] GC(1163) Pause Full (Ergonomics) 396M->394M(455M) 42.888ms
[242.739s][info][gc,cpu         ] GC(1163) User=0.19s Sys=0.00s Real=0.05s
[242.740s][info][gc,start       ] GC(1164) Pause Full (Ergonomics)
[242.740s][info][gc,phases,start] GC(1164) Marking Phase
[242.771s][info][gc,phases      ] GC(1164) Marking Phase 31.413ms
[242.771s][info][gc,phases,start] GC(1164) Summary Phase
[242.771s][info][gc,phases      ] GC(1164) Summary Phase 0.018ms
[242.771s][info][gc,phases,start] GC(1164) Adjust Roots
[242.773s][info][gc,phases      ] GC(1164) Adjust Roots 2.318ms
[242.773s][info][gc,phases,start] GC(1164) Compaction Phase
[242.789s][info][gc,phases      ] GC(1164) Compaction Phase 15.668ms
[242.789s][info][gc,phases,start] GC(1164) Post Compact
[242.791s][info][gc,phases      ] GC(1164) Post Compact 1.998ms
[242.791s][info][gc,heap        ] GC(1164) PSYoungGen: 58880K(116736K)->57717K(116736K) Eden: 58880K(58880K)->57717K(58880K) From: 0K(57856K)->0K(57856K)
[242.791s][info][gc,heap        ] GC(1164) ParOldGen: 346097K(349696K)->346097K(349696K)
[242.791s][info][gc,metaspace   ] GC(1164) Metaspace: 120140K(125056K)->120140K(125056K) NonClass: 101989K(104384K)->101989K(104384K) Class: 18150K(20672K)->18150K(20672K)
[242.791s][info][gc             ] GC(1164) Pause Full (Ergonomics) 395M->394M(455M) 51.646ms
[242.791s][info][gc,cpu         ] GC(1164) User=0.19s Sys=0.00s Real=0.05s
[242.792s][info][gc,start       ] GC(1165) Pause Full (Ergonomics)
[242.792s][info][gc,phases,start] GC(1165) Marking Phase
[242.827s][info][gc,phases      ] GC(1165) Marking Phase 34.860ms
[242.827s][info][gc,phases,start] GC(1165) Summary Phase
[242.827s][info][gc,phases      ] GC(1165) Summary Phase 0.021ms
[242.827s][info][gc,phases,start] GC(1165) Adjust Roots
[242.829s][info][gc,phases      ] GC(1165) Adjust Roots 2.333ms
[242.829s][info][gc,phases,start] GC(1165) Compaction Phase
[242.836s][info][gc,phases      ] GC(1165) Compaction Phase 6.206ms
[242.836s][info][gc,phases,start] GC(1165) Post Compact
[242.838s][info][gc,phases      ] GC(1165) Post Compact 1.985ms
[242.838s][info][gc,heap        ] GC(1165) PSYoungGen: 58880K(116736K)->57720K(116736K) Eden: 58880K(58880K)->57720K(58880K) From: 0K(57856K)->0K(57856K)
[242.838s][info][gc,heap        ] GC(1165) ParOldGen: 346097K(349696K)->346097K(349696K)
[242.838s][info][gc,metaspace   ] GC(1165) Metaspace: 120143K(125056K)->120143K(125056K) NonClass: 101991K(104384K)->101991K(104384K) Class: 18151K(20672K)->18151K(20672K)
[242.838s][info][gc             ] GC(1165) Pause Full (Ergonomics) 395M->394M(455M) 45.703ms
[242.838s][info][gc,cpu         ] GC(1165) User=0.33s Sys=0.00s Real=0.04s
[242.838s][info][gc,start       ] GC(1166) Pause Full (Ergonomics)
[242.839s][info][gc,phases,start] GC(1166) Marking Phase
[242.866s][info][gc,phases      ] GC(1166) Marking Phase 27.507ms
[242.866s][info][gc,phases,start] GC(1166) Summary Phase
[242.866s][info][gc,phases      ] GC(1166) Summary Phase 0.028ms
[242.866s][info][gc,phases,start] GC(1166) Adjust Roots
[242.870s][info][gc,phases      ] GC(1166) Adjust Roots 3.464ms
[242.870s][info][gc,phases,start] GC(1166) Compaction Phase
[242.879s][info][gc,phases      ] GC(1166) Compaction Phase 9.622ms
[242.879s][info][gc,phases,start] GC(1166) Post Compact
[242.881s][info][gc,phases      ] GC(1166) Post Compact 1.951ms
[242.881s][info][gc,heap        ] GC(1166) PSYoungGen: 58880K(116736K)->57709K(116736K) Eden: 58880K(58880K)->57709K(58880K) From: 0K(57856K)->0K(57856K)
[242.881s][info][gc,heap        ] GC(1166) ParOldGen: 346097K(349696K)->346097K(349696K)
[242.881s][info][gc,metaspace   ] GC(1166) Metaspace: 120143K(125056K)->120143K(125056K) NonClass: 101991K(104384K)->101991K(104384K) Class: 18151K(20672K)->18151K(20672K)
[242.881s][info][gc             ] GC(1166) Pause Full (Ergonomics) 395M->394M(455M) 42.803ms
[242.881s][info][gc,cpu         ] GC(1166) User=0.23s Sys=0.00s Real=0.03s
[242.882s][info][gc,start       ] GC(1167) Pause Full (Ergonomics)
[242.882s][info][gc,phases,start] GC(1167) Marking Phase
[242.916s][info][gc,phases      ] GC(1167) Marking Phase 34.240ms
[242.916s][info][gc,phases,start] GC(1167) Summary Phase
[242.916s][info][gc,phases      ] GC(1167) Summary Phase 0.019ms
[242.916s][info][gc,phases,start] GC(1167) Adjust Roots
[242.919s][info][gc,phases      ] GC(1167) Adjust Roots 2.471ms
[242.919s][info][gc,phases,start] GC(1167) Compaction Phase
[242.926s][info][gc,phases      ] GC(1167) Compaction Phase 7.055ms
[242.926s][info][gc,phases,start] GC(1167) Post Compact
[242.928s][info][gc,phases      ] GC(1167) Post Compact 2.073ms
[242.928s][info][gc,heap        ] GC(1167) PSYoungGen: 58879K(116736K)->57795K(116736K) Eden: 58879K(58880K)->57795K(58880K) From: 0K(57856K)->0K(57856K)
[242.928s][info][gc,heap        ] GC(1167) ParOldGen: 346097K(349696K)->346097K(349696K)
[242.928s][info][gc,metaspace   ] GC(1167) Metaspace: 120143K(125056K)->120143K(125056K) NonClass: 101991K(104384K)->101991K(104384K) Class: 18151K(20672K)->18151K(20672K)
[242.928s][info][gc             ] GC(1167) Pause Full (Ergonomics) 395M->394M(455M) 46.141ms
[242.928s][info][gc,cpu         ] GC(1167) User=0.47s Sys=0.00s Real=0.05s
[242.929s][info][gc,start       ] GC(1168) Pause Full (Ergonomics)
[242.929s][info][gc,phases,start] GC(1168) Marking Phase
[242.957s][info][gc,phases      ] GC(1168) Marking Phase 28.074ms
[242.957s][info][gc,phases,start] GC(1168) Summary Phase
[242.957s][info][gc,phases      ] GC(1168) Summary Phase 0.019ms
[242.957s][info][gc,phases,start] GC(1168) Adjust Roots
[242.960s][info][gc,phases      ] GC(1168) Adjust Roots 3.036ms
[242.960s][info][gc,phases,start] GC(1168) Compaction Phase
[242.975s][info][gc,phases      ] GC(1168) Compaction Phase 15.211ms
[242.975s][info][gc,phases,start] GC(1168) Post Compact
[242.977s][info][gc,phases      ] GC(1168) Post Compact 2.047ms
[242.977s][info][gc,heap        ] GC(1168) PSYoungGen: 58880K(116736K)->57746K(116736K) Eden: 58880K(58880K)->57746K(58880K) From: 0K(57856K)->0K(57856K)
[242.977s][info][gc,heap        ] GC(1168) ParOldGen: 346097K(349696K)->346097K(349696K)
[242.977s][info][gc,metaspace   ] GC(1168) Metaspace: 120143K(125056K)->120143K(125056K) NonClass: 101991K(104384K)->101991K(104384K) Class: 18151K(20672K)->18151K(20672K)
[242.977s][info][gc             ] GC(1168) Pause Full (Ergonomics) 395M->394M(455M) 48.666ms
[242.977s][info][gc,cpu         ] GC(1168) User=0.19s Sys=0.00s Real=0.05s
[242.978s][info][gc,start       ] GC(1169) Pause Full (Ergonomics)
[242.978s][info][gc,phases,start] GC(1169) Marking Phase
[243.010s][info][gc,phases      ] GC(1169) Marking Phase 32.385ms
[243.010s][info][gc,phases,start] GC(1169) Summary Phase
[243.011s][info][gc,phases      ] GC(1169) Summary Phase 0.019ms
[243.011s][info][gc,phases,start] GC(1169) Adjust Roots
[243.013s][info][gc,phases      ] GC(1169) Adjust Roots 2.343ms
[243.013s][info][gc,phases,start] GC(1169) Compaction Phase
[243.020s][info][gc,phases      ] GC(1169) Compaction Phase 7.354ms
[243.020s][info][gc,phases,start] GC(1169) Post Compact
[243.022s][info][gc,phases      ] GC(1169) Post Compact 1.959ms
[243.022s][info][gc,heap        ] GC(1169) PSYoungGen: 58880K(116736K)->57758K(116736K) Eden: 58880K(58880K)->57758K(58880K) From: 0K(57856K)->0K(57856K)
[243.022s][info][gc,heap        ] GC(1169) ParOldGen: 346097K(349696K)->346097K(349696K)
[243.022s][info][gc,metaspace   ] GC(1169) Metaspace: 120145K(125056K)->120145K(125056K) NonClass: 101993K(104384K)->101993K(104384K) Class: 18152K(20672K)->18152K(20672K)
[243.022s][info][gc             ] GC(1169) Pause Full (Ergonomics) 395M->394M(455M) 44.291ms
[243.022s][info][gc,cpu         ] GC(1169) User=0.42s Sys=0.00s Real=0.04s
[243.023s][info][gc,start       ] GC(1170) Pause Full (Ergonomics)
[243.023s][info][gc,phases,start] GC(1170) Marking Phase
[243.055s][info][gc,phases      ] GC(1170) Marking Phase 32.190ms
[243.055s][info][gc,phases,start] GC(1170) Summary Phase
[243.055s][info][gc,phases      ] GC(1170) Summary Phase 0.018ms
[243.055s][info][gc,phases,start] GC(1170) Adjust Roots
[243.058s][info][gc,phases      ] GC(1170) Adjust Roots 2.474ms
[243.058s][info][gc,phases,start] GC(1170) Compaction Phase
[243.066s][info][gc,phases      ] GC(1170) Compaction Phase 7.963ms
[243.066s][info][gc,phases,start] GC(1170) Post Compact
[243.068s][info][gc,phases      ] GC(1170) Post Compact 2.512ms
[243.068s][info][gc,heap        ] GC(1170) PSYoungGen: 58880K(116736K)->57755K(116736K) Eden: 58880K(58880K)->57755K(58880K) From: 0K(57856K)->0K(57856K)
[243.068s][info][gc,heap        ] GC(1170) ParOldGen: 346097K(349696K)->346097K(349696K)
[243.068s][info][gc,metaspace   ] GC(1170) Metaspace: 120145K(125056K)->120145K(125056K) NonClass: 101993K(104384K)->101993K(104384K) Class: 18152K(20672K)->18152K(20672K)
[243.069s][info][gc             ] GC(1170) Pause Full (Ergonomics) 395M->394M(455M) 45.537ms
[243.069s][info][gc,cpu         ] GC(1170) User=0.41s Sys=0.00s Real=0.05s
[243.069s][info][gc,start       ] GC(1171) Pause Full (Ergonomics)
[243.069s][info][gc,phases,start] GC(1171) Marking Phase
[243.102s][info][gc,phases      ] GC(1171) Marking Phase 32.398ms
[243.102s][info][gc,phases,start] GC(1171) Summary Phase
[243.102s][info][gc,phases      ] GC(1171) Summary Phase 0.019ms
[243.102s][info][gc,phases,start] GC(1171) Adjust Roots
[243.104s][info][gc,phases      ] GC(1171) Adjust Roots 2.372ms
[243.104s][info][gc,phases,start] GC(1171) Compaction Phase
[243.115s][info][gc,phases      ] GC(1171) Compaction Phase 10.917ms
[243.115s][info][gc,phases,start] GC(1171) Post Compact
[243.117s][info][gc,phases      ] GC(1171) Post Compact 2.093ms
[243.117s][info][gc,heap        ] GC(1171) PSYoungGen: 58879K(116736K)->57765K(116736K) Eden: 58879K(58880K)->57765K(58880K) From: 0K(57856K)->0K(57856K)
[243.117s][info][gc,heap        ] GC(1171) ParOldGen: 346097K(349696K)->346097K(349696K)
[243.117s][info][gc,metaspace   ] GC(1171) Metaspace: 120145K(125056K)->120145K(125056K) NonClass: 101993K(104384K)->101993K(104384K) Class: 18152K(20672K)->18152K(20672K)
[243.117s][info][gc             ] GC(1171) Pause Full (Ergonomics) 395M->394M(455M) 48.043ms
[243.117s][info][gc,cpu         ] GC(1171) User=0.38s Sys=0.00s Real=0.05s
[243.118s][info][gc,start       ] GC(1172) Pause Full (Ergonomics)
[243.118s][info][gc,phases,start] GC(1172) Marking Phase
[243.152s][info][gc,phases      ] GC(1172) Marking Phase 34.284ms
[243.153s][info][gc,phases,start] GC(1172) Summary Phase
[243.153s][info][gc,phases      ] GC(1172) Summary Phase 0.017ms
[243.153s][info][gc,phases,start] GC(1172) Adjust Roots
[243.155s][info][gc,phases      ] GC(1172) Adjust Roots 2.336ms
[243.155s][info][gc,phases,start] GC(1172) Compaction Phase
[243.162s][info][gc,phases      ] GC(1172) Compaction Phase 7.319ms
[243.162s][info][gc,phases,start] GC(1172) Post Compact
[243.164s][info][gc,phases      ] GC(1172) Post Compact 1.949ms
[243.164s][info][gc,heap        ] GC(1172) PSYoungGen: 58880K(116736K)->57769K(116736K) Eden: 58880K(58880K)->57769K(58880K) From: 0K(57856K)->0K(57856K)
[243.164s][info][gc,heap        ] GC(1172) ParOldGen: 346097K(349696K)->346097K(349696K)
[243.164s][info][gc,metaspace   ] GC(1172) Metaspace: 120145K(125056K)->120145K(125056K) NonClass: 101993K(104384K)->101993K(104384K) Class: 18152K(20672K)->18152K(20672K)
[243.164s][info][gc             ] GC(1172) Pause Full (Ergonomics) 395M->394M(455M) 46.148ms
[243.164s][info][gc,cpu         ] GC(1172) User=0.47s Sys=0.00s Real=0.05s
[243.165s][info][gc,start       ] GC(1173) Pause Full (Ergonomics)
[243.165s][info][gc,phases,start] GC(1173) Marking Phase
[243.197s][info][gc,phases      ] GC(1173) Marking Phase 31.521ms
[243.197s][info][gc,phases,start] GC(1173) Summary Phase
[243.197s][info][gc,phases      ] GC(1173) Summary Phase 0.019ms
[243.197s][info][gc,phases,start] GC(1173) Adjust Roots
[243.199s][info][gc,phases      ] GC(1173) Adjust Roots 2.428ms
[243.199s][info][gc,phases,start] GC(1173) Compaction Phase
[243.215s][info][gc,phases      ] GC(1173) Compaction Phase 15.821ms
[243.215s][info][gc,phases,start] GC(1173) Post Compact
[243.217s][info][gc,phases      ] GC(1173) Post Compact 2.052ms
[243.217s][info][gc,heap        ] GC(1173) PSYoungGen: 58880K(116736K)->57687K(116736K) Eden: 58880K(58880K)->57687K(58880K) From: 0K(57856K)->0K(57856K)
[243.217s][info][gc,heap        ] GC(1173) ParOldGen: 346097K(349696K)->346097K(349696K)
[243.217s][info][gc,metaspace   ] GC(1173) Metaspace: 120147K(125056K)->120147K(125056K) NonClass: 101994K(104384K)->101994K(104384K) Class: 18152K(20672K)->18152K(20672K)
[243.217s][info][gc             ] GC(1173) Pause Full (Ergonomics) 395M->394M(455M) 52.118ms
[243.217s][info][gc,cpu         ] GC(1173) User=0.41s Sys=0.00s Real=0.05s
[243.218s][info][gc,start       ] GC(1174) Pause Full (Ergonomics)
[243.218s][info][gc,phases,start] GC(1174) Marking Phase
[243.250s][info][gc,phases      ] GC(1174) Marking Phase 31.927ms
[243.250s][info][gc,phases,start] GC(1174) Summary Phase
[243.250s][info][gc,phases      ] GC(1174) Summary Phase 0.020ms
[243.250s][info][gc,phases,start] GC(1174) Adjust Roots
[243.252s][info][gc,phases      ] GC(1174) Adjust Roots 2.335ms
[243.252s][info][gc,phases,start] GC(1174) Compaction Phase
[243.269s][info][gc,phases      ] GC(1174) Compaction Phase 17.004ms
[243.269s][info][gc,phases,start] GC(1174) Post Compact
[243.271s][info][gc,phases      ] GC(1174) Post Compact 2.145ms
[243.271s][info][gc,heap        ] GC(1174) PSYoungGen: 58879K(116736K)->57686K(116736K) Eden: 58879K(58880K)->57686K(58880K) From: 0K(57856K)->0K(57856K)
[243.271s][info][gc,heap        ] GC(1174) ParOldGen: 346097K(349696K)->346097K(349696K)
[243.271s][info][gc,metaspace   ] GC(1174) Metaspace: 120147K(125056K)->120147K(125056K) NonClass: 101994K(104384K)->101994K(104384K) Class: 18152K(20672K)->18152K(20672K)
[243.271s][info][gc             ] GC(1174) Pause Full (Ergonomics) 395M->394M(455M) 53.715ms
[243.271s][info][gc,cpu         ] GC(1174) User=0.19s Sys=0.00s Real=0.05s
[243.272s][info][gc,start       ] GC(1175) Pause Full (Ergonomics)
[243.272s][info][gc,phases,start] GC(1175) Marking Phase
[243.305s][info][gc,phases      ] GC(1175) Marking Phase 32.329ms
[243.305s][info][gc,phases,start] GC(1175) Summary Phase
[243.305s][info][gc,phases      ] GC(1175) Summary Phase 0.018ms
[243.305s][info][gc,phases,start] GC(1175) Adjust Roots
[243.307s][info][gc,phases      ] GC(1175) Adjust Roots 2.347ms
[243.307s][info][gc,phases,start] GC(1175) Compaction Phase
[243.314s][info][gc,phases      ] GC(1175) Compaction Phase 6.825ms
[243.314s][info][gc,phases,start] GC(1175) Post Compact
[243.316s][info][gc,phases      ] GC(1175) Post Compact 2.113ms
[243.316s][info][gc,heap        ] GC(1175) PSYoungGen: 58880K(116736K)->57720K(116736K) Eden: 58880K(58880K)->57720K(58880K) From: 0K(57856K)->0K(57856K)
[243.316s][info][gc,heap        ] GC(1175) ParOldGen: 346097K(349696K)->346018K(349696K)
[243.316s][info][gc,metaspace   ] GC(1175) Metaspace: 120147K(125056K)->120147K(125056K) NonClass: 101994K(104384K)->101994K(104384K) Class: 18152K(20672K)->18152K(20672K)
[243.316s][info][gc             ] GC(1175) Pause Full (Ergonomics) 395M->394M(455M) 43.887ms
[243.316s][info][gc,cpu         ] GC(1175) User=0.36s Sys=0.00s Real=0.05s
[243.317s][info][gc,start       ] GC(1176) Pause Full (Ergonomics)
[243.317s][info][gc,phases,start] GC(1176) Marking Phase
[243.347s][info][gc,phases      ] GC(1176) Marking Phase 30.036ms
[243.347s][info][gc,phases,start] GC(1176) Summary Phase
[243.347s][info][gc,phases      ] GC(1176) Summary Phase 0.023ms
[243.347s][info][gc,phases,start] GC(1176) Adjust Roots
[243.349s][info][gc,phases      ] GC(1176) Adjust Roots 2.477ms
[243.349s][info][gc,phases,start] GC(1176) Compaction Phase
[243.368s][info][gc,phases      ] GC(1176) Compaction Phase 19.127ms
[243.368s][info][gc,phases,start] GC(1176) Post Compact
[243.371s][info][gc,phases      ] GC(1176) Post Compact 2.625ms
[243.371s][info][gc,heap        ] GC(1176) PSYoungGen: 58475K(116736K)->57667K(116736K) Eden: 58475K(58880K)->57667K(58880K) From: 0K(57856K)->0K(57856K)
[243.371s][info][gc,heap        ] GC(1176) ParOldGen: 346018K(349696K)->346018K(349696K)
[243.371s][info][gc,metaspace   ] GC(1176) Metaspace: 120147K(125056K)->120147K(125056K) NonClass: 101994K(104384K)->101994K(104384K) Class: 18152K(20672K)->18152K(20672K)
[243.371s][info][gc             ] GC(1176) Pause Full (Ergonomics) 395M->394M(455M) 54.680ms
[243.371s][info][gc,cpu         ] GC(1176) User=0.33s Sys=0.00s Real=0.05s
[243.372s][info][gc,start       ] GC(1177) Pause Full (Ergonomics)
[243.372s][info][gc,phases,start] GC(1177) Marking Phase
[243.398s][info][gc,phases      ] GC(1177) Marking Phase 25.990ms
[243.398s][info][gc,phases,start] GC(1177) Summary Phase
[243.398s][info][gc,phases      ] GC(1177) Summary Phase 0.017ms
[243.398s][info][gc,phases,start] GC(1177) Adjust Roots
[243.400s][info][gc,phases      ] GC(1177) Adjust Roots 2.417ms
[243.400s][info][gc,phases,start] GC(1177) Compaction Phase
[243.407s][info][gc,phases      ] GC(1177) Compaction Phase 6.670ms
[243.407s][info][gc,phases,start] GC(1177) Post Compact
[243.410s][info][gc,phases      ] GC(1177) Post Compact 2.493ms
[243.410s][info][gc,heap        ] GC(1177) PSYoungGen: 58879K(116736K)->58485K(116736K) Eden: 58879K(58880K)->58485K(58880K) From: 0K(57856K)->0K(57856K)
[243.410s][info][gc,heap        ] GC(1177) ParOldGen: 346018K(349696K)->346018K(349696K)
[243.410s][info][gc,metaspace   ] GC(1177) Metaspace: 120147K(125056K)->120147K(125056K) NonClass: 101994K(104384K)->101994K(104384K) Class: 18152K(20672K)->18152K(20672K)
[243.410s][info][gc             ] GC(1177) Pause Full (Ergonomics) 395M->395M(455M) 37.959ms
[243.410s][info][gc,cpu         ] GC(1177) User=0.38s Sys=0.00s Real=0.03s
[243.410s][info][gc,start       ] GC(1178) Pause Full (Ergonomics)
[243.410s][info][gc,phases,start] GC(1178) Marking Phase
[243.438s][info][gc,phases      ] GC(1178) Marking Phase 28.125ms
[243.439s][info][gc,phases,start] GC(1178) Summary Phase
[243.439s][info][gc,phases      ] GC(1178) Summary Phase 0.018ms
[243.439s][info][gc,phases,start] GC(1178) Adjust Roots
[243.441s][info][gc,phases      ] GC(1178) Adjust Roots 2.531ms
[243.441s][info][gc,phases,start] GC(1178) Compaction Phase
[243.460s][info][gc,phases      ] GC(1178) Compaction Phase 18.781ms
[243.460s][info][gc,phases,start] GC(1178) Post Compact
[243.463s][info][gc,phases      ] GC(1178) Post Compact 2.622ms
[243.463s][info][gc,heap        ] GC(1178) PSYoungGen: 58880K(116736K)->58128K(116736K) Eden: 58880K(58880K)->58128K(58880K) From: 0K(57856K)->0K(57856K)
[243.463s][info][gc,heap        ] GC(1178) ParOldGen: 346018K(349696K)->346018K(349696K)
[243.463s][info][gc,metaspace   ] GC(1178) Metaspace: 120147K(125056K)->120147K(125056K) NonClass: 101995K(104384K)->101995K(104384K) Class: 18152K(20672K)->18152K(20672K)
[243.463s][info][gc             ] GC(1178) Pause Full (Ergonomics) 395M->394M(455M) 52.455ms
[243.463s][info][gc,cpu         ] GC(1178) User=0.33s Sys=0.00s Real=0.05s
[243.463s][info][gc,start       ] GC(1179) Pause Full (Ergonomics)
[243.463s][info][gc,phases,start] GC(1179) Marking Phase
[243.491s][info][gc,phases      ] GC(1179) Marking Phase 28.095ms
[243.492s][info][gc,phases,start] GC(1179) Summary Phase
[243.492s][info][gc,phases      ] GC(1179) Summary Phase 0.019ms
[243.492s][info][gc,phases,start] GC(1179) Adjust Roots
[243.494s][info][gc,phases      ] GC(1179) Adjust Roots 2.352ms
[243.494s][info][gc,phases,start] GC(1179) Compaction Phase
[243.513s][info][gc,phases      ] GC(1179) Compaction Phase 18.672ms
[243.513s][info][gc,phases,start] GC(1179) Post Compact
[243.515s][info][gc,phases      ] GC(1179) Post Compact 2.639ms
[243.515s][info][gc,heap        ] GC(1179) PSYoungGen: 58768K(116736K)->58139K(116736K) Eden: 58768K(58880K)->58139K(58880K) From: 0K(57856K)->0K(57856K)
[243.515s][info][gc,heap        ] GC(1179) ParOldGen: 346018K(349696K)->346018K(349696K)
[243.515s][info][gc,metaspace   ] GC(1179) Metaspace: 120147K(125056K)->120147K(125056K) NonClass: 101995K(104384K)->101995K(104384K) Class: 18152K(20672K)->18152K(20672K)
[243.516s][info][gc             ] GC(1179) Pause Full (Ergonomics) 395M->394M(455M) 52.207ms
[243.516s][info][gc,cpu         ] GC(1179) User=0.48s Sys=0.00s Real=0.06s
[243.516s][info][gc,start       ] GC(1180) Pause Full (Allocation Failure)
[243.516s][info][gc,phases,start] GC(1180) Marking Phase
[243.545s][info][gc,phases      ] GC(1180) Marking Phase 28.970ms
[243.545s][info][gc,phases,start] GC(1180) Summary Phase
[243.545s][info][gc,phases      ] GC(1180) Summary Phase 0.019ms
[243.545s][info][gc,phases,start] GC(1180) Adjust Roots
[243.547s][info][gc,phases      ] GC(1180) Adjust Roots 2.461ms
[243.547s][info][gc,phases,start] GC(1180) Compaction Phase
[243.555s][info][gc,phases      ] GC(1180) Compaction Phase 7.431ms
[243.555s][info][gc,phases,start] GC(1180) Post Compact
[243.557s][info][gc,phases      ] GC(1180) Post Compact 2.447ms
[243.557s][info][gc,heap        ] GC(1180) PSYoungGen: 58139K(116736K)->58139K(116736K) Eden: 58139K(58880K)->58139K(58880K) From: 0K(57856K)->0K(57856K)
[243.557s][info][gc,heap        ] GC(1180) ParOldGen: 346018K(349696K)->346018K(349696K)
[243.557s][info][gc,metaspace   ] GC(1180) Metaspace: 120147K(125056K)->120147K(125056K) NonClass: 101995K(104384K)->101995K(104384K) Class: 18152K(20672K)->18152K(20672K)
[243.557s][info][gc             ] GC(1180) Pause Full (Allocation Failure) 394M->394M(455M) 41.695ms
[243.558s][info][gc,cpu         ] GC(1180) User=0.17s Sys=0.00s Real=0.03s
[243.558s][info][gc,start       ] GC(1181) Pause Full (Ergonomics)
[243.558s][info][gc,phases,start] GC(1181) Marking Phase
[243.590s][info][gc,phases      ] GC(1181) Marking Phase 31.487ms
[243.590s][info][gc,phases,start] GC(1181) Summary Phase
[243.590s][info][gc,phases      ] GC(1181) Summary Phase 0.019ms
[243.590s][info][gc,phases,start] GC(1181) Adjust Roots
[243.592s][info][gc,phases      ] GC(1181) Adjust Roots 2.455ms
[243.592s][info][gc,phases,start] GC(1181) Compaction Phase
[243.612s][info][gc,phases      ] GC(1181) Compaction Phase 19.301ms
[243.612s][info][gc,phases,start] GC(1181) Post Compact
[243.614s][info][gc,phases      ] GC(1181) Post Compact 2.246ms
[243.614s][info][gc,heap        ] GC(1181) PSYoungGen: 58879K(116736K)->38794K(116736K) Eden: 58879K(58880K)->38794K(58880K) From: 0K(57856K)->0K(57856K)
[243.614s][info][gc,heap        ] GC(1181) ParOldGen: 346028K(349696K)->346796K(349696K)
[243.614s][info][gc,metaspace   ] GC(1181) Metaspace: 120147K(125056K)->120147K(125056K) NonClass: 101995K(104384K)->101995K(104384K) Class: 18152K(20672K)->18152K(20672K)
[243.614s][info][gc             ] GC(1181) Pause Full (Ergonomics) 395M->376M(455M) 55.828ms
[243.614s][info][gc,cpu         ] GC(1181) User=0.33s Sys=0.00s Real=0.05s
[243.620s][info][gc,start       ] GC(1182) Pause Full (Ergonomics)
[243.620s][info][gc,phases,start] GC(1182) Marking Phase
[243.646s][info][gc,phases      ] GC(1182) Marking Phase 26.772ms
[243.646s][info][gc,phases,start] GC(1182) Summary Phase
[243.646s][info][gc,phases      ] GC(1182) Summary Phase 0.019ms
[243.646s][info][gc,phases,start] GC(1182) Adjust Roots
[243.649s][info][gc,phases      ] GC(1182) Adjust Roots 2.733ms
[243.649s][info][gc,phases,start] GC(1182) Compaction Phase
[243.670s][info][gc,phases      ] GC(1182) Compaction Phase 20.493ms
[243.670s][info][gc,phases,start] GC(1182) Post Compact
[243.672s][info][gc,phases      ] GC(1182) Post Compact 2.536ms
[243.672s][info][gc,heap        ] GC(1182) PSYoungGen: 58879K(116736K)->41986K(116736K) Eden: 58879K(58880K)->41986K(58880K) From: 0K(57856K)->0K(57856K)
[243.672s][info][gc,heap        ] GC(1182) ParOldGen: 346796K(349696K)->345060K(349696K)
[243.672s][info][gc,metaspace   ] GC(1182) Metaspace: 120153K(125056K)->120153K(125056K) NonClass: 102001K(104384K)->102001K(104384K) Class: 18152K(20672K)->18152K(20672K)
[243.673s][info][gc             ] GC(1182) Pause Full (Ergonomics) 396M->377M(455M) 52.904ms
[243.673s][info][gc,cpu         ] GC(1182) User=0.63s Sys=0.00s Real=0.06s
[243.675s][info][gc,start       ] GC(1183) Pause Full (Ergonomics)
[243.675s][info][gc,phases,start] GC(1183) Marking Phase
[243.703s][info][gc,phases      ] GC(1183) Marking Phase 27.450ms
[243.703s][info][gc,phases,start] GC(1183) Summary Phase
[243.703s][info][gc,phases      ] GC(1183) Summary Phase 0.019ms
[243.703s][info][gc,phases,start] GC(1183) Adjust Roots
[243.705s][info][gc,phases      ] GC(1183) Adjust Roots 2.403ms
[243.705s][info][gc,phases,start] GC(1183) Compaction Phase
[243.711s][info][gc,phases      ] GC(1183) Compaction Phase 5.838ms
[243.717s][info][gc,phases,start] GC(1183) Post Compact
[243.719s][info][gc,phases      ] GC(1183) Post Compact 2.138ms
[243.719s][info][gc,heap        ] GC(1183) PSYoungGen: 58880K(116736K)->47718K(116736K) Eden: 58880K(58880K)->47718K(58880K) From: 0K(57856K)->0K(57856K)
[243.719s][info][gc,heap        ] GC(1183) ParOldGen: 345060K(349696K)->344201K(349696K)
[243.719s][info][gc,metaspace   ] GC(1183) Metaspace: 120154K(125056K)->120154K(125056K) NonClass: 102001K(104384K)->102001K(104384K) Class: 18152K(20672K)->18152K(20672K)
[243.719s][info][gc             ] GC(1183) Pause Full (Ergonomics) 394M->382M(455M) 43.862ms
[243.719s][info][gc,cpu         ] GC(1183) User=0.33s Sys=0.00s Real=0.05s
[243.721s][info][gc,start       ] GC(1184) Pause Full (Ergonomics)
[243.721s][info][gc,phases,start] GC(1184) Marking Phase
[243.755s][info][gc,phases      ] GC(1184) Marking Phase 33.826ms
[243.755s][info][gc,phases,start] GC(1184) Summary Phase
[243.755s][info][gc,phases      ] GC(1184) Summary Phase 0.045ms
[243.755s][info][gc,phases,start] GC(1184) Adjust Roots
[243.758s][info][gc,phases      ] GC(1184) Adjust Roots 2.995ms
[243.758s][info][gc,phases,start] GC(1184) Compaction Phase
[243.777s][info][gc,phases      ] GC(1184) Compaction Phase 18.965ms
[243.777s][info][gc,phases,start] GC(1184) Post Compact
[243.780s][info][gc,phases      ] GC(1184) Post Compact 2.583ms
[243.780s][info][gc,heap        ] GC(1184) PSYoungGen: 55407K(116736K)->39786K(116736K) Eden: 55407K(58880K)->39786K(58880K) From: 0K(57856K)->0K(57856K)
[243.780s][info][gc,heap        ] GC(1184) ParOldGen: 344201K(349696K)->345793K(349696K)
[243.780s][info][gc,metaspace   ] GC(1184) Metaspace: 120154K(125056K)->120154K(125056K) NonClass: 102001K(104384K)->102001K(104384K) Class: 18152K(20672K)->18152K(20672K)
[243.780s][info][gc             ] GC(1184) Pause Full (Ergonomics) 390M->376M(455M) 58.841ms
[243.780s][info][gc,cpu         ] GC(1184) User=0.33s Sys=0.00s Real=0.05s
[243.783s][info][gc,start       ] GC(1185) Pause Full (Ergonomics)
[243.783s][info][gc,phases,start] GC(1185) Marking Phase
[243.815s][info][gc,phases      ] GC(1185) Marking Phase 31.494ms
[243.815s][info][gc,phases,start] GC(1185) Summary Phase
[243.815s][info][gc,phases      ] GC(1185) Summary Phase 0.047ms
[243.815s][info][gc,phases,start] GC(1185) Adjust Roots
[243.818s][info][gc,phases      ] GC(1185) Adjust Roots 2.585ms
[243.818s][info][gc,phases,start] GC(1185) Compaction Phase
[243.829s][info][gc,phases      ] GC(1185) Compaction Phase 11.577ms
[243.829s][info][gc,phases,start] GC(1185) Post Compact
[243.832s][info][gc,phases      ] GC(1185) Post Compact 2.605ms
[243.832s][info][gc,heap        ] GC(1185) PSYoungGen: 58880K(116736K)->39857K(116736K) Eden: 58880K(58880K)->39857K(58880K) From: 0K(57856K)->0K(57856K)
[243.832s][info][gc,heap        ] GC(1185) ParOldGen: 345793K(349696K)->345791K(349696K)
[243.832s][info][gc,metaspace   ] GC(1185) Metaspace: 120158K(125056K)->120158K(125056K) NonClass: 102004K(104384K)->102004K(104384K) Class: 18153K(20672K)->18153K(20672K)
[243.832s][info][gc             ] GC(1185) Pause Full (Ergonomics) 395M->376M(455M) 48.736ms
[243.832s][info][gc,cpu         ] GC(1185) User=0.20s Sys=0.00s Real=0.05s
[243.836s][info][gc,start       ] GC(1186) Pause Full (Ergonomics)
[243.836s][info][gc,phases,start] GC(1186) Marking Phase
[243.868s][info][gc,phases      ] GC(1186) Marking Phase 32.222ms
[243.868s][info][gc,phases,start] GC(1186) Summary Phase
[243.868s][info][gc,phases      ] GC(1186) Summary Phase 0.018ms
[243.869s][info][gc,phases,start] GC(1186) Adjust Roots
[243.871s][info][gc,phases      ] GC(1186) Adjust Roots 2.482ms
[243.871s][info][gc,phases,start] GC(1186) Compaction Phase
[243.881s][info][gc,phases      ] GC(1186) Compaction Phase 10.378ms
[243.881s][info][gc,phases,start] GC(1186) Post Compact
[243.884s][info][gc,phases      ] GC(1186) Post Compact 2.161ms
[243.884s][info][gc,heap        ] GC(1186) PSYoungGen: 58880K(116736K)->37618K(116736K) Eden: 58880K(58880K)->37618K(58880K) From: 0K(57856K)->0K(57856K)
[243.884s][info][gc,heap        ] GC(1186) ParOldGen: 345791K(349696K)->349107K(349696K)
[243.884s][info][gc,metaspace   ] GC(1186) Metaspace: 120180K(125056K)->120180K(125056K) NonClass: 102021K(104384K)->102021K(104384K) Class: 18158K(20672K)->18158K(20672K)
[243.884s][info][gc             ] GC(1186) Pause Full (Ergonomics) 395M->377M(455M) 47.507ms
[243.884s][info][gc,cpu         ] GC(1186) User=0.36s Sys=0.00s Real=0.05s
[243.887s][info][gc,start       ] GC(1187) Pause Full (Ergonomics)
[243.887s][info][gc,phases,start] GC(1187) Marking Phase
[243.923s][info][gc,phases      ] GC(1187) Marking Phase 36.004ms
[243.923s][info][gc,phases,start] GC(1187) Summary Phase
[243.924s][info][gc,phases      ] GC(1187) Summary Phase 0.044ms
[243.924s][info][gc,phases,start] GC(1187) Adjust Roots
[243.926s][info][gc,phases      ] GC(1187) Adjust Roots 2.669ms
[243.926s][info][gc,phases,start] GC(1187) Compaction Phase
[243.937s][info][gc,phases      ] GC(1187) Compaction Phase 10.333ms
[243.937s][info][gc,phases,start] GC(1187) Post Compact
[243.939s][info][gc,phases      ] GC(1187) Post Compact 2.170ms
[243.939s][info][gc,heap        ] GC(1187) PSYoungGen: 58880K(116736K)->39700K(116736K) Eden: 58880K(58880K)->39700K(58880K) From: 0K(57856K)->0K(57856K)
[243.939s][info][gc,heap        ] GC(1187) ParOldGen: 349107K(349696K)->349107K(349696K)
[243.939s][info][gc,metaspace   ] GC(1187) Metaspace: 120188K(125056K)->120188K(125056K) NonClass: 102028K(104384K)->102028K(104384K) Class: 18160K(20672K)->18160K(20672K)
[243.939s][info][gc             ] GC(1187) Pause Full (Ergonomics) 398M->379M(455M) 51.569ms
[243.939s][info][gc,cpu         ] GC(1187) User=0.48s Sys=0.00s Real=0.05s
[243.942s][info][gc,start       ] GC(1188) Pause Full (Ergonomics)
[243.942s][info][gc,phases,start] GC(1188) Marking Phase
[243.973s][info][gc,phases      ] GC(1188) Marking Phase 31.342ms
[243.973s][info][gc,phases,start] GC(1188) Summary Phase
[243.973s][info][gc,phases      ] GC(1188) Summary Phase 0.019ms
[243.973s][info][gc,phases,start] GC(1188) Adjust Roots
[243.976s][info][gc,phases      ] GC(1188) Adjust Roots 3.035ms
[243.976s][info][gc,phases,start] GC(1188) Compaction Phase
[243.991s][info][gc,phases      ] GC(1188) Compaction Phase 15.089ms
[243.991s][info][gc,phases,start] GC(1188) Post Compact
[243.994s][info][gc,phases      ] GC(1188) Post Compact 2.220ms
[243.994s][info][gc,heap        ] GC(1188) PSYoungGen: 57891K(116736K)->41181K(116736K) Eden: 57891K(58880K)->41181K(58880K) From: 0K(57856K)->0K(57856K)
[243.994s][info][gc,heap        ] GC(1188) ParOldGen: 349107K(349696K)->349198K(349696K)
[243.994s][info][gc,metaspace   ] GC(1188) Metaspace: 120189K(125056K)->120189K(125056K) NonClass: 102028K(104384K)->102028K(104384K) Class: 18160K(20672K)->18160K(20672K)
[243.994s][info][gc             ] GC(1188) Pause Full (Ergonomics) 397M->381M(455M) 51.965ms
[243.994s][info][gc,cpu         ] GC(1188) User=0.20s Sys=0.00s Real=0.05s
[243.996s][info][gc,start       ] GC(1189) Pause Full (Ergonomics)
[243.996s][info][gc,phases,start] GC(1189) Marking Phase
[244.028s][info][gc,phases      ] GC(1189) Marking Phase 31.613ms
[244.028s][info][gc,phases,start] GC(1189) Summary Phase
[244.028s][info][gc,phases      ] GC(1189) Summary Phase 0.019ms
[244.028s][info][gc,phases,start] GC(1189) Adjust Roots
[244.030s][info][gc,phases      ] GC(1189) Adjust Roots 2.403ms
[244.030s][info][gc,phases,start] GC(1189) Compaction Phase
[244.052s][info][gc,phases      ] GC(1189) Compaction Phase 21.177ms
[244.052s][info][gc,phases,start] GC(1189) Post Compact
[244.054s][info][gc,phases      ] GC(1189) Post Compact 2.130ms
[244.054s][info][gc,heap        ] GC(1189) PSYoungGen: 57604K(116736K)->44236K(116736K) Eden: 57604K(58880K)->44236K(58880K) From: 0K(57856K)->0K(57856K)
[244.054s][info][gc,heap        ] GC(1189) ParOldGen: 349198K(349696K)->349218K(349696K)
[244.054s][info][gc,metaspace   ] GC(1189) Metaspace: 120199K(125056K)->120199K(125056K) NonClass: 102037K(104384K)->102037K(104384K) Class: 18162K(20672K)->18162K(20672K)
[244.054s][info][gc             ] GC(1189) Pause Full (Ergonomics) 397M->384M(455M) 57.748ms
[244.054s][info][gc,cpu         ] GC(1189) User=0.33s Sys=0.00s Real=0.05s
[244.056s][info][gc,start       ] GC(1190) Pause Full (Ergonomics)
[244.056s][info][gc,phases,start] GC(1190) Marking Phase
[244.082s][info][gc,phases      ] GC(1190) Marking Phase 25.879ms
[244.082s][info][gc,phases,start] GC(1190) Summary Phase
[244.082s][info][gc,phases      ] GC(1190) Summary Phase 0.020ms
[244.082s][info][gc,phases,start] GC(1190) Adjust Roots
[244.087s][info][gc,phases      ] GC(1190) Adjust Roots 5.461ms
[244.087s][info][gc,phases,start] GC(1190) Compaction Phase
[244.108s][info][gc,phases      ] GC(1190) Compaction Phase 20.955ms
[244.109s][info][gc,phases,start] GC(1190) Post Compact
[244.111s][info][gc,phases      ] GC(1190) Post Compact 2.106ms
[244.111s][info][gc,heap        ] GC(1190) PSYoungGen: 58880K(116736K)->45809K(116736K) Eden: 58880K(58880K)->45809K(58880K) From: 0K(57856K)->0K(57856K)
[244.111s][info][gc,heap        ] GC(1190) ParOldGen: 349218K(349696K)->347655K(349696K)
[244.111s][info][gc,metaspace   ] GC(1190) Metaspace: 120208K(125056K)->120208K(125056K) NonClass: 102043K(104384K)->102043K(104384K) Class: 18164K(20672K)->18164K(20672K)
[244.111s][info][gc             ] GC(1190) Pause Full (Ergonomics) 398M->384M(455M) 54.711ms
[244.111s][info][gc,cpu         ] GC(1190) User=0.33s Sys=0.00s Real=0.05s
[244.113s][info][gc,start       ] GC(1191) Pause Full (Ergonomics)
[244.113s][info][gc,phases,start] GC(1191) Marking Phase
[244.142s][info][gc,phases      ] GC(1191) Marking Phase 29.589ms
[244.142s][info][gc,phases,start] GC(1191) Summary Phase
[244.142s][info][gc,phases      ] GC(1191) Summary Phase 0.037ms
[244.142s][info][gc,phases,start] GC(1191) Adjust Roots
[244.145s][info][gc,phases      ] GC(1191) Adjust Roots 2.624ms
[244.145s][info][gc,phases,start] GC(1191) Compaction Phase
[244.165s][info][gc,phases      ] GC(1191) Compaction Phase 20.317ms
[244.165s][info][gc,phases,start] GC(1191) Post Compact
[244.167s][info][gc,phases      ] GC(1191) Post Compact 2.054ms
[244.167s][info][gc,heap        ] GC(1191) PSYoungGen: 58879K(116736K)->50495K(116736K) Eden: 58879K(58880K)->50495K(58880K) From: 0K(57856K)->0K(57856K)
[244.167s][info][gc,heap        ] GC(1191) ParOldGen: 347655K(349696K)->346872K(349696K)
[244.168s][info][gc,metaspace   ] GC(1191) Metaspace: 120209K(125056K)->120209K(125056K) NonClass: 102044K(104384K)->102044K(104384K) Class: 18164K(20672K)->18164K(20672K)
[244.168s][info][gc             ] GC(1191) Pause Full (Ergonomics) 397M->388M(455M) 54.886ms
[244.168s][info][gc,cpu         ] GC(1191) User=0.33s Sys=0.02s Real=0.05s
[244.169s][info][gc,start       ] GC(1192) Pause Full (Ergonomics)
[244.169s][info][gc,phases,start] GC(1192) Marking Phase
[244.197s][info][gc,phases      ] GC(1192) Marking Phase 28.112ms
[244.197s][info][gc,phases,start] GC(1192) Summary Phase
[244.197s][info][gc,phases      ] GC(1192) Summary Phase 0.023ms
[244.197s][info][gc,phases,start] GC(1192) Adjust Roots
[244.200s][info][gc,phases      ] GC(1192) Adjust Roots 2.597ms
[244.200s][info][gc,phases,start] GC(1192) Compaction Phase
[244.222s][info][gc,phases      ] GC(1192) Compaction Phase 22.097ms
[244.222s][info][gc,phases,start] GC(1192) Post Compact
[244.224s][info][gc,phases      ] GC(1192) Post Compact 2.488ms
[244.225s][info][gc,heap        ] GC(1192) PSYoungGen: 58880K(116736K)->47906K(116736K) Eden: 58880K(58880K)->47906K(58880K) From: 0K(57856K)->0K(57856K)
[244.225s][info][gc,heap        ] GC(1192) ParOldGen: 346872K(349696K)->349454K(349696K)
[244.225s][info][gc,metaspace   ] GC(1192) Metaspace: 120211K(125056K)->120211K(125056K) NonClass: 102045K(104384K)->102045K(104384K) Class: 18165K(20672K)->18165K(20672K)
[244.225s][info][gc             ] GC(1192) Pause Full (Ergonomics) 396M->388M(455M) 55.803ms
[244.225s][info][gc,cpu         ] GC(1192) User=0.58s Sys=0.02s Real=0.06s
[244.227s][info][gc,start       ] GC(1193) Pause Full (Ergonomics)
[244.227s][info][gc,phases,start] GC(1193) Marking Phase
[244.259s][info][gc,phases      ] GC(1193) Marking Phase 31.843ms
[244.259s][info][gc,phases,start] GC(1193) Summary Phase
[244.259s][info][gc,phases      ] GC(1193) Summary Phase 0.047ms
[244.259s][info][gc,phases,start] GC(1193) Adjust Roots
[244.261s][info][gc,phases      ] GC(1193) Adjust Roots 2.493ms
[244.262s][info][gc,phases,start] GC(1193) Compaction Phase
[244.270s][info][gc,phases      ] GC(1193) Compaction Phase 8.474ms
[244.270s][info][gc,phases,start] GC(1193) Post Compact
[244.273s][info][gc,phases      ] GC(1193) Post Compact 2.610ms
[244.273s][info][gc,heap        ] GC(1193) PSYoungGen: 58880K(116736K)->49470K(116736K) Eden: 58880K(58880K)->49470K(58880K) From: 0K(57856K)->0K(57856K)
[244.273s][info][gc,heap        ] GC(1193) ParOldGen: 349454K(349696K)->348673K(349696K)
[244.273s][info][gc,metaspace   ] GC(1193) Metaspace: 120211K(125056K)->120211K(125056K) NonClass: 102046K(104384K)->102046K(104384K) Class: 18165K(20672K)->18165K(20672K)
[244.273s][info][gc             ] GC(1193) Pause Full (Ergonomics) 398M->388M(455M) 45.872ms
[244.273s][info][gc,cpu         ] GC(1193) User=0.27s Sys=0.00s Real=0.05s
[244.275s][info][gc,start       ] GC(1194) Pause Full (Ergonomics)
[244.275s][info][gc,phases,start] GC(1194) Marking Phase
[244.309s][info][gc,phases      ] GC(1194) Marking Phase 34.571ms
[244.309s][info][gc,phases,start] GC(1194) Summary Phase
[244.309s][info][gc,phases      ] GC(1194) Summary Phase 0.019ms
[244.309s][info][gc,phases,start] GC(1194) Adjust Roots
[244.312s][info][gc,phases      ] GC(1194) Adjust Roots 2.690ms
[244.312s][info][gc,phases,start] GC(1194) Compaction Phase
[244.337s][info][gc,phases      ] GC(1194) Compaction Phase 24.613ms
[244.337s][info][gc,phases,start] GC(1194) Post Compact
[244.339s][info][gc,phases      ] GC(1194) Post Compact 2.457ms
[244.339s][info][gc,heap        ] GC(1194) PSYoungGen: 58880K(116736K)->47945K(116736K) Eden: 58880K(58880K)->47945K(58880K) From: 0K(57856K)->0K(57856K)
[244.339s][info][gc,heap        ] GC(1194) ParOldGen: 348673K(349696K)->349237K(349696K)
[244.339s][info][gc,metaspace   ] GC(1194) Metaspace: 120211K(125056K)->120211K(125056K) NonClass: 102046K(104384K)->102046K(104384K) Class: 18165K(20672K)->18165K(20672K)
[244.339s][info][gc             ] GC(1194) Pause Full (Ergonomics) 398M->387M(455M) 64.686ms
[244.339s][info][gc,cpu         ] GC(1194) User=0.63s Sys=0.00s Real=0.06s
[244.342s][info][gc,start       ] GC(1195) Pause Full (Ergonomics)
[244.342s][info][gc,phases,start] GC(1195) Marking Phase
[244.371s][info][gc,phases      ] GC(1195) Marking Phase 29.857ms
[244.371s][info][gc,phases,start] GC(1195) Summary Phase
[244.372s][info][gc,phases      ] GC(1195) Summary Phase 0.023ms
[244.372s][info][gc,phases,start] GC(1195) Adjust Roots
[244.374s][info][gc,phases      ] GC(1195) Adjust Roots 2.496ms
[244.374s][info][gc,phases,start] GC(1195) Compaction Phase
[244.394s][info][gc,phases      ] GC(1195) Compaction Phase 20.069ms
[244.394s][info][gc,phases,start] GC(1195) Post Compact
[244.397s][info][gc,phases      ] GC(1195) Post Compact 2.484ms
[244.397s][info][gc,heap        ] GC(1195) PSYoungGen: 58880K(116736K)->47920K(116736K) Eden: 58880K(58880K)->47920K(58880K) From: 0K(57856K)->0K(57856K)
[244.397s][info][gc,heap        ] GC(1195) ParOldGen: 349237K(349696K)->349237K(349696K)
[244.397s][info][gc,metaspace   ] GC(1195) Metaspace: 120211K(125056K)->120211K(125056K) NonClass: 102046K(104384K)->102046K(104384K) Class: 18165K(20672K)->18165K(20672K)
[244.397s][info][gc             ] GC(1195) Pause Full (Ergonomics) 398M->387M(455M) 55.380ms
[244.397s][info][gc,cpu         ] GC(1195) User=0.33s Sys=0.00s Real=0.05s
[244.399s][info][gc,start       ] GC(1196) Pause Full (Ergonomics)
[244.399s][info][gc,phases,start] GC(1196) Marking Phase
[244.427s][info][gc,phases      ] GC(1196) Marking Phase 27.918ms
[244.427s][info][gc,phases,start] GC(1196) Summary Phase
[244.427s][info][gc,phases      ] GC(1196) Summary Phase 0.020ms
[244.427s][info][gc,phases,start] GC(1196) Adjust Roots
[244.430s][info][gc,phases      ] GC(1196) Adjust Roots 2.480ms
[244.430s][info][gc,phases,start] GC(1196) Compaction Phase
[244.447s][info][gc,phases      ] GC(1196) Compaction Phase 17.629ms
[244.447s][info][gc,phases,start] GC(1196) Post Compact
[244.450s][info][gc,phases      ] GC(1196) Post Compact 2.297ms
[244.450s][info][gc,heap        ] GC(1196) PSYoungGen: 58879K(116736K)->47984K(116736K) Eden: 58879K(58880K)->47984K(58880K) From: 0K(57856K)->0K(57856K)
[244.450s][info][gc,heap        ] GC(1196) ParOldGen: 349237K(349696K)->349237K(349696K)
[244.450s][info][gc,metaspace   ] GC(1196) Metaspace: 120211K(125056K)->120211K(125056K) NonClass: 102046K(104384K)->102046K(104384K) Class: 18165K(20672K)->18165K(20672K)
[244.450s][info][gc             ] GC(1196) Pause Full (Ergonomics) 398M->387M(455M) 50.664ms
[244.450s][info][gc,cpu         ] GC(1196) User=0.33s Sys=0.00s Real=0.05s
[244.452s][info][gc,start       ] GC(1197) Pause Full (Ergonomics)
[244.452s][info][gc,phases,start] GC(1197) Marking Phase
[244.482s][info][gc,phases      ] GC(1197) Marking Phase 30.583ms
[244.482s][info][gc,phases,start] GC(1197) Summary Phase
[244.482s][info][gc,phases      ] GC(1197) Summary Phase 0.020ms
[244.482s][info][gc,phases,start] GC(1197) Adjust Roots
[244.485s][info][gc,phases      ] GC(1197) Adjust Roots 2.461ms
[244.485s][info][gc,phases,start] GC(1197) Compaction Phase
[244.494s][info][gc,phases      ] GC(1197) Compaction Phase 8.859ms
[244.494s][info][gc,phases,start] GC(1197) Post Compact
[244.496s][info][gc,phases      ] GC(1197) Post Compact 2.013ms
[244.496s][info][gc,heap        ] GC(1197) PSYoungGen: 58880K(116736K)->47871K(116736K) Eden: 58880K(58880K)->47871K(58880K) From: 0K(57856K)->0K(57856K)
[244.496s][info][gc,heap        ] GC(1197) ParOldGen: 349237K(349696K)->349237K(349696K)
[244.496s][info][gc,metaspace   ] GC(1197) Metaspace: 120211K(125056K)->120211K(125056K) NonClass: 102046K(104384K)->102046K(104384K) Class: 18165K(20672K)->18165K(20672K)
[244.496s][info][gc             ] GC(1197) Pause Full (Ergonomics) 398M->387M(455M) 44.196ms
[244.496s][info][gc,cpu         ] GC(1197) User=0.38s Sys=0.00s Real=0.05s
[244.498s][info][gc,start       ] GC(1198) Pause Full (Ergonomics)
[244.498s][info][gc,phases,start] GC(1198) Marking Phase
[244.533s][info][gc,phases      ] GC(1198) Marking Phase 34.996ms
[244.533s][info][gc,phases,start] GC(1198) Summary Phase
[244.533s][info][gc,phases      ] GC(1198) Summary Phase 0.019ms
[244.533s][info][gc,phases,start] GC(1198) Adjust Roots
[244.536s][info][gc,phases      ] GC(1198) Adjust Roots 2.511ms
[244.536s][info][gc,phases,start] GC(1198) Compaction Phase
[244.544s][info][gc,phases      ] GC(1198) Compaction Phase 8.570ms
[244.544s][info][gc,phases,start] GC(1198) Post Compact
[244.546s][info][gc,phases      ] GC(1198) Post Compact 2.101ms
[244.546s][info][gc,heap        ] GC(1198) PSYoungGen: 58880K(116736K)->49457K(116736K) Eden: 58880K(58880K)->49457K(58880K) From: 0K(57856K)->0K(57856K)
[244.546s][info][gc,heap        ] GC(1198) ParOldGen: 349237K(349696K)->348455K(349696K)
[244.546s][info][gc,metaspace   ] GC(1198) Metaspace: 120211K(125056K)->120211K(125056K) NonClass: 102046K(104384K)->102046K(104384K) Class: 18165K(20672K)->18165K(20672K)
[244.546s][info][gc             ] GC(1198) Pause Full (Ergonomics) 398M->388M(455M) 48.480ms
[244.546s][info][gc,cpu         ] GC(1198) User=0.47s Sys=0.00s Real=0.05s
[244.548s][info][gc,start       ] GC(1199) Pause Full (Ergonomics)
[244.549s][info][gc,phases,start] GC(1199) Marking Phase
[244.582s][info][gc,phases      ] GC(1199) Marking Phase 33.440ms
[244.582s][info][gc,phases,start] GC(1199) Summary Phase
[244.582s][info][gc,phases      ] GC(1199) Summary Phase 0.019ms
[244.582s][info][gc,phases,start] GC(1199) Adjust Roots
[244.585s][info][gc,phases      ] GC(1199) Adjust Roots 2.489ms
[244.585s][info][gc,phases,start] GC(1199) Compaction Phase
[244.604s][info][gc,phases      ] GC(1199) Compaction Phase 19.330ms
[244.604s][info][gc,phases,start] GC(1199) Post Compact
[244.606s][info][gc,phases      ] GC(1199) Post Compact 2.249ms
[244.606s][info][gc,heap        ] GC(1199) PSYoungGen: 58879K(116736K)->49450K(116736K) Eden: 58879K(58880K)->49450K(58880K) From: 0K(57856K)->0K(57856K)
[244.606s][info][gc,heap        ] GC(1199) ParOldGen: 348455K(349696K)->348455K(349696K)
[244.606s][info][gc,metaspace   ] GC(1199) Metaspace: 120211K(125056K)->120211K(125056K) NonClass: 102046K(104384K)->102046K(104384K) Class: 18165K(20672K)->18165K(20672K)
[244.606s][info][gc             ] GC(1199) Pause Full (Ergonomics) 397M->388M(455M) 57.876ms
[244.606s][info][gc,cpu         ] GC(1199) User=0.83s Sys=0.00s Real=0.05s
[244.608s][info][gc,start       ] GC(1200) Pause Full (Ergonomics)
[244.608s][info][gc,phases,start] GC(1200) Marking Phase
[244.637s][info][gc,phases      ] GC(1200) Marking Phase 28.458ms
[244.637s][info][gc,phases,start] GC(1200) Summary Phase
[244.637s][info][gc,phases      ] GC(1200) Summary Phase 0.018ms
[244.637s][info][gc,phases,start] GC(1200) Adjust Roots
[244.639s][info][gc,phases      ] GC(1200) Adjust Roots 2.452ms
[244.639s][info][gc,phases,start] GC(1200) Compaction Phase
[244.646s][info][gc,phases      ] GC(1200) Compaction Phase 6.788ms
[244.646s][info][gc,phases,start] GC(1200) Post Compact
[244.648s][info][gc,phases      ] GC(1200) Post Compact 1.985ms
[244.648s][info][gc,heap        ] GC(1200) PSYoungGen: 58880K(116736K)->49492K(116736K) Eden: 58880K(58880K)->49492K(58880K) From: 0K(57856K)->0K(57856K)
[244.648s][info][gc,heap        ] GC(1200) ParOldGen: 348455K(349696K)->348455K(349696K)
[244.648s][info][gc,metaspace   ] GC(1200) Metaspace: 120211K(125056K)->120211K(125056K) NonClass: 102046K(104384K)->102046K(104384K) Class: 18165K(20672K)->18165K(20672K)
[244.648s][info][gc             ] GC(1200) Pause Full (Ergonomics) 397M->388M(455M) 39.913ms
[244.648s][info][gc,cpu         ] GC(1200) User=0.17s Sys=0.00s Real=0.03s
[244.650s][info][gc,start       ] GC(1201) Pause Full (Ergonomics)
[244.650s][info][gc,phases,start] GC(1201) Marking Phase
[244.685s][info][gc,phases      ] GC(1201) Marking Phase 35.562ms
[244.685s][info][gc,phases,start] GC(1201) Summary Phase
[244.686s][info][gc,phases      ] GC(1201) Summary Phase 0.018ms
[244.686s][info][gc,phases,start] GC(1201) Adjust Roots
[244.688s][info][gc,phases      ] GC(1201) Adjust Roots 2.911ms
[244.688s][info][gc,phases,start] GC(1201) Compaction Phase
[244.697s][info][gc,phases      ] GC(1201) Compaction Phase 8.524ms
[244.697s][info][gc,phases,start] GC(1201) Post Compact
[244.700s][info][gc,phases      ] GC(1201) Post Compact 2.526ms
[244.700s][info][gc,heap        ] GC(1201) PSYoungGen: 58879K(116736K)->50993K(116736K) Eden: 58879K(58880K)->50993K(58880K) From: 0K(57856K)->0K(57856K)
[244.700s][info][gc,heap        ] GC(1201) ParOldGen: 348455K(349696K)->348455K(349696K)
[244.700s][info][gc,metaspace   ] GC(1201) Metaspace: 120211K(125056K)->120211K(125056K) NonClass: 102046K(104384K)->102046K(104384K) Class: 18165K(20672K)->18165K(20672K)
[244.700s][info][gc             ] GC(1201) Pause Full (Ergonomics) 397M->390M(455M) 49.905ms
[244.700s][info][gc,cpu         ] GC(1201) User=0.33s Sys=0.00s Real=0.05s
[244.702s][info][gc,start       ] GC(1202) Pause Full (Ergonomics)
[244.702s][info][gc,phases,start] GC(1202) Marking Phase
[244.733s][info][gc,phases      ] GC(1202) Marking Phase 31.677ms
[244.733s][info][gc,phases,start] GC(1202) Summary Phase
[244.733s][info][gc,phases      ] GC(1202) Summary Phase 0.019ms
[244.737s][info][gc,phases,start] GC(1202) Adjust Roots
[244.740s][info][gc,phases      ] GC(1202) Adjust Roots 3.075ms
[244.740s][info][gc,phases,start] GC(1202) Compaction Phase
[244.749s][info][gc,phases      ] GC(1202) Compaction Phase 9.127ms
[244.749s][info][gc,phases,start] GC(1202) Post Compact
[244.751s][info][gc,phases      ] GC(1202) Post Compact 2.219ms
[244.751s][info][gc,heap        ] GC(1202) PSYoungGen: 58879K(116736K)->49504K(116736K) Eden: 58879K(58880K)->49504K(58880K) From: 0K(57856K)->0K(57856K)
[244.751s][info][gc,heap        ] GC(1202) ParOldGen: 348455K(349696K)->349237K(349696K)
[244.751s][info][gc,metaspace   ] GC(1202) Metaspace: 120211K(125056K)->120211K(125056K) NonClass: 102046K(104384K)->102046K(104384K) Class: 18165K(20672K)->18165K(20672K)
[244.751s][info][gc             ] GC(1202) Pause Full (Ergonomics) 397M->389M(455M) 49.830ms
[244.751s][info][gc,cpu         ] GC(1202) User=0.27s Sys=0.00s Real=0.05s
[244.754s][info][gc,start       ] GC(1203) Pause Full (Ergonomics)
[244.754s][info][gc,phases,start] GC(1203) Marking Phase
[244.790s][info][gc,phases      ] GC(1203) Marking Phase 36.592ms
[244.790s][info][gc,phases,start] GC(1203) Summary Phase
[244.790s][info][gc,phases      ] GC(1203) Summary Phase 0.044ms
[244.790s][info][gc,phases,start] GC(1203) Adjust Roots
[244.793s][info][gc,phases      ] GC(1203) Adjust Roots 2.617ms
[244.793s][info][gc,phases,start] GC(1203) Compaction Phase
[244.801s][info][gc,phases      ] GC(1203) Compaction Phase 8.431ms
[244.801s][info][gc,phases,start] GC(1203) Post Compact
[244.804s][info][gc,phases      ] GC(1203) Post Compact 2.524ms
[244.804s][info][gc,heap        ] GC(1203) PSYoungGen: 58880K(116736K)->49523K(116736K) Eden: 58880K(58880K)->49523K(58880K) From: 0K(57856K)->0K(57856K)
[244.804s][info][gc,heap        ] GC(1203) ParOldGen: 349237K(349696K)->349237K(349696K)
[244.804s][info][gc,metaspace   ] GC(1203) Metaspace: 120211K(125056K)->120211K(125056K) NonClass: 102046K(104384K)->102046K(104384K) Class: 18165K(20672K)->18165K(20672K)
[244.804s][info][gc             ] GC(1203) Pause Full (Ergonomics) 398M->389M(455M) 50.582ms
[244.804s][info][gc,cpu         ] GC(1203) User=0.23s Sys=0.00s Real=0.05s
[244.806s][info][gc,start       ] GC(1204) Pause Full (Ergonomics)
[244.807s][info][gc,phases,start] GC(1204) Marking Phase
[244.844s][info][gc,phases      ] GC(1204) Marking Phase 37.478ms
[244.844s][info][gc,phases,start] GC(1204) Summary Phase
[244.844s][info][gc,phases      ] GC(1204) Summary Phase 0.019ms
[244.844s][info][gc,phases,start] GC(1204) Adjust Roots
[244.847s][info][gc,phases      ] GC(1204) Adjust Roots 2.434ms
[244.847s][info][gc,phases,start] GC(1204) Compaction Phase
[244.862s][info][gc,phases      ] GC(1204) Compaction Phase 15.254ms
[244.862s][info][gc,phases,start] GC(1204) Post Compact
[244.864s][info][gc,phases      ] GC(1204) Post Compact 2.040ms
[244.864s][info][gc,heap        ] GC(1204) PSYoungGen: 58880K(116736K)->49550K(116736K) Eden: 58880K(58880K)->49550K(58880K) From: 0K(57856K)->0K(57856K)
[244.864s][info][gc,heap        ] GC(1204) ParOldGen: 349237K(349696K)->349237K(349696K)
[244.864s][info][gc,metaspace   ] GC(1204) Metaspace: 120211K(125056K)->120211K(125056K) NonClass: 102046K(104384K)->102046K(104384K) Class: 18165K(20672K)->18165K(20672K)
[244.864s][info][gc             ] GC(1204) Pause Full (Ergonomics) 398M->389M(455M) 57.502ms
[244.864s][info][gc,cpu         ] GC(1204) User=0.36s Sys=0.00s Real=0.05s
[244.866s][info][gc,start       ] GC(1205) Pause Full (Ergonomics)
[244.866s][info][gc,phases,start] GC(1205) Marking Phase
[244.905s][info][gc,phases      ] GC(1205) Marking Phase 38.823ms
[244.905s][info][gc,phases,start] GC(1205) Summary Phase
[244.905s][info][gc,phases      ] GC(1205) Summary Phase 0.047ms
[244.905s][info][gc,phases,start] GC(1205) Adjust Roots
[244.908s][info][gc,phases      ] GC(1205) Adjust Roots 2.525ms
[244.908s][info][gc,phases,start] GC(1205) Compaction Phase
[244.926s][info][gc,phases      ] GC(1205) Compaction Phase 18.294ms
[244.926s][info][gc,phases,start] GC(1205) Post Compact
[244.929s][info][gc,phases      ] GC(1205) Post Compact 2.642ms
[244.929s][info][gc,heap        ] GC(1205) PSYoungGen: 58879K(116736K)->49522K(116736K) Eden: 58879K(58880K)->49522K(58880K) From: 0K(57856K)->0K(57856K)
[244.929s][info][gc,heap        ] GC(1205) ParOldGen: 349237K(349696K)->349237K(349696K)
[244.929s][info][gc,metaspace   ] GC(1205) Metaspace: 120211K(125056K)->120211K(125056K) NonClass: 102046K(104384K)->102046K(104384K) Class: 18165K(20672K)->18165K(20672K)
[244.929s][info][gc             ] GC(1205) Pause Full (Ergonomics) 398M->389M(455M) 62.746ms
[244.929s][info][gc,cpu         ] GC(1205) User=0.55s Sys=0.00s Real=0.06s
[244.931s][info][gc,start       ] GC(1206) Pause Full (Ergonomics)
[244.931s][info][gc,phases,start] GC(1206) Marking Phase
[244.957s][info][gc,phases      ] GC(1206) Marking Phase 26.442ms
[244.957s][info][gc,phases,start] GC(1206) Summary Phase
[244.957s][info][gc,phases      ] GC(1206) Summary Phase 0.022ms
[244.957s][info][gc,phases,start] GC(1206) Adjust Roots
[244.960s][info][gc,phases      ] GC(1206) Adjust Roots 2.517ms
[244.960s][info][gc,phases,start] GC(1206) Compaction Phase
[244.971s][info][gc,phases      ] GC(1206) Compaction Phase 11.106ms
[244.971s][info][gc,phases,start] GC(1206) Post Compact
[244.973s][info][gc,phases      ] GC(1206) Post Compact 1.979ms
[244.973s][info][gc,heap        ] GC(1206) PSYoungGen: 58880K(116736K)->49497K(116736K) Eden: 58880K(58880K)->49497K(58880K) From: 0K(57856K)->0K(57856K)
[244.973s][info][gc,heap        ] GC(1206) ParOldGen: 349237K(349696K)->349237K(349696K)
[244.973s][info][gc,metaspace   ] GC(1206) Metaspace: 120211K(125056K)->120211K(125056K) NonClass: 102046K(104384K)->102046K(104384K) Class: 18165K(20672K)->18165K(20672K)
[244.973s][info][gc             ] GC(1206) Pause Full (Ergonomics) 398M->389M(455M) 42.285ms
[244.973s][info][gc,cpu         ] GC(1206) User=0.31s Sys=0.00s Real=0.03s
[244.975s][info][gc,start       ] GC(1207) Pause Full (Ergonomics)
[244.975s][info][gc,phases,start] GC(1207) Marking Phase
[245.006s][info][gc,phases      ] GC(1207) Marking Phase 30.372ms
[245.006s][info][gc,phases,start] GC(1207) Summary Phase
[245.006s][info][gc,phases      ] GC(1207) Summary Phase 0.029ms
[245.006s][info][gc,phases,start] GC(1207) Adjust Roots
[245.009s][info][gc,phases      ] GC(1207) Adjust Roots 3.211ms
[245.009s][info][gc,phases,start] GC(1207) Compaction Phase
[245.028s][info][gc,phases      ] GC(1207) Compaction Phase 18.605ms
[245.028s][info][gc,phases,start] GC(1207) Post Compact
[245.030s][info][gc,phases      ] GC(1207) Post Compact 2.064ms
[245.030s][info][gc,heap        ] GC(1207) PSYoungGen: 58880K(116736K)->49542K(116736K) Eden: 58880K(58880K)->49542K(58880K) From: 0K(57856K)->0K(57856K)
[245.030s][info][gc,heap        ] GC(1207) ParOldGen: 349237K(349696K)->349237K(349696K)
[245.030s][info][gc,metaspace   ] GC(1207) Metaspace: 120211K(125056K)->120211K(125056K) NonClass: 102046K(104384K)->102046K(104384K) Class: 18165K(20672K)->18165K(20672K)
[245.030s][info][gc             ] GC(1207) Pause Full (Ergonomics) 398M->389M(455M) 54.571ms
[245.030s][info][gc,cpu         ] GC(1207) User=0.50s Sys=0.00s Real=0.06s
[245.032s][info][gc,start       ] GC(1208) Pause Full (Ergonomics)
[245.032s][info][gc,phases,start] GC(1208) Marking Phase
[245.064s][info][gc,phases      ] GC(1208) Marking Phase 32.453ms
[245.064s][info][gc,phases,start] GC(1208) Summary Phase
[245.064s][info][gc,phases      ] GC(1208) Summary Phase 0.042ms
[245.064s][info][gc,phases,start] GC(1208) Adjust Roots
[245.067s][info][gc,phases      ] GC(1208) Adjust Roots 2.478ms
[245.067s][info][gc,phases,start] GC(1208) Compaction Phase
[245.083s][info][gc,phases      ] GC(1208) Compaction Phase 15.829ms
[245.083s][info][gc,phases,start] GC(1208) Post Compact
[245.085s][info][gc,phases      ] GC(1208) Post Compact 2.524ms
[245.085s][info][gc,heap        ] GC(1208) PSYoungGen: 58880K(116736K)->49441K(116736K) Eden: 58880K(58880K)->49441K(58880K) From: 0K(57856K)->0K(57856K)
[245.085s][info][gc,heap        ] GC(1208) ParOldGen: 349237K(349696K)->349237K(349696K)
[245.085s][info][gc,metaspace   ] GC(1208) Metaspace: 120211K(125056K)->120211K(125056K) NonClass: 102046K(104384K)->102046K(104384K) Class: 18165K(20672K)->18165K(20672K)
[245.085s][info][gc             ] GC(1208) Pause Full (Ergonomics) 398M->389M(455M) 53.720ms
[245.085s][info][gc,cpu         ] GC(1208) User=0.20s Sys=0.00s Real=0.05s
[245.087s][info][gc,start       ] GC(1209) Pause Full (Ergonomics)
[245.087s][info][gc,phases,start] GC(1209) Marking Phase
[245.121s][info][gc,phases      ] GC(1209) Marking Phase 33.862ms
[245.121s][info][gc,phases,start] GC(1209) Summary Phase
[245.121s][info][gc,phases      ] GC(1209) Summary Phase 0.017ms
[245.121s][info][gc,phases,start] GC(1209) Adjust Roots
[245.124s][info][gc,phases      ] GC(1209) Adjust Roots 2.437ms
[245.124s][info][gc,phases,start] GC(1209) Compaction Phase
[245.141s][info][gc,phases      ] GC(1209) Compaction Phase 17.574ms
[245.162s][info][gc,phases,start] GC(1209) Post Compact
[245.165s][info][gc,phases      ] GC(1209) Post Compact 2.681ms
[245.165s][info][gc,heap        ] GC(1209) PSYoungGen: 58880K(116736K)->49504K(116736K) Eden: 58880K(58880K)->49504K(58880K) From: 0K(57856K)->0K(57856K)
[245.165s][info][gc,heap        ] GC(1209) ParOldGen: 349237K(349696K)->349237K(349696K)
[245.165s][info][gc,metaspace   ] GC(1209) Metaspace: 120211K(125056K)->120211K(125056K) NonClass: 102046K(104384K)->102046K(104384K) Class: 18165K(20672K)->18165K(20672K)
[245.165s][info][gc             ] GC(1209) Pause Full (Ergonomics) 398M->389M(455M) 77.461ms
[245.165s][info][gc,cpu         ] GC(1209) User=0.48s Sys=0.00s Real=0.08s
[245.167s][info][gc,start       ] GC(1210) Pause Full (Ergonomics)
[245.167s][info][gc,phases,start] GC(1210) Marking Phase
[245.202s][info][gc,phases      ] GC(1210) Marking Phase 34.734ms
[245.202s][info][gc,phases,start] GC(1210) Summary Phase
[245.202s][info][gc,phases      ] GC(1210) Summary Phase 0.018ms
[245.202s][info][gc,phases,start] GC(1210) Adjust Roots
[245.204s][info][gc,phases      ] GC(1210) Adjust Roots 2.446ms
[245.204s][info][gc,phases,start] GC(1210) Compaction Phase
[245.222s][info][gc,phases      ] GC(1210) Compaction Phase 17.507ms
[245.222s][info][gc,phases,start] GC(1210) Post Compact
[245.224s][info][gc,phases      ] GC(1210) Post Compact 2.288ms
[245.224s][info][gc,heap        ] GC(1210) PSYoungGen: 58879K(116736K)->49554K(116736K) Eden: 58879K(58880K)->49554K(58880K) From: 0K(57856K)->0K(57856K)
[245.224s][info][gc,heap        ] GC(1210) ParOldGen: 349237K(349696K)->349237K(349696K)
[245.224s][info][gc,metaspace   ] GC(1210) Metaspace: 120211K(125056K)->120211K(125056K) NonClass: 102046K(104384K)->102046K(104384K) Class: 18165K(20672K)->18165K(20672K)
[245.224s][info][gc             ] GC(1210) Pause Full (Ergonomics) 398M->389M(455M) 57.292ms
[245.224s][info][gc,cpu         ] GC(1210) User=0.47s Sys=0.00s Real=0.05s
[245.226s][info][gc,start       ] GC(1211) Pause Full (Ergonomics)
[245.226s][info][gc,phases,start] GC(1211) Marking Phase
[245.259s][info][gc,phases      ] GC(1211) Marking Phase 32.651ms
[245.259s][info][gc,phases,start] GC(1211) Summary Phase
[245.259s][info][gc,phases      ] GC(1211) Summary Phase 0.020ms
[245.259s][info][gc,phases,start] GC(1211) Adjust Roots
[245.262s][info][gc,phases      ] GC(1211) Adjust Roots 2.505ms
[245.262s][info][gc,phases,start] GC(1211) Compaction Phase
[245.278s][info][gc,phases      ] GC(1211) Compaction Phase 16.073ms
[245.278s][info][gc,phases,start] GC(1211) Post Compact
[245.280s][info][gc,phases      ] GC(1211) Post Compact 2.625ms
[245.280s][info][gc,heap        ] GC(1211) PSYoungGen: 58879K(116736K)->49484K(116736K) Eden: 58879K(58880K)->49484K(58880K) From: 0K(57856K)->0K(57856K)
[245.280s][info][gc,heap        ] GC(1211) ParOldGen: 349237K(349696K)->349237K(349696K)
[245.280s][info][gc,metaspace   ] GC(1211) Metaspace: 120211K(125056K)->120211K(125056K) NonClass: 102046K(104384K)->102046K(104384K) Class: 18165K(20672K)->18165K(20672K)
[245.281s][info][gc             ] GC(1211) Pause Full (Ergonomics) 398M->389M(455M) 54.254ms
[245.281s][info][gc,cpu         ] GC(1211) User=0.36s Sys=0.00s Real=0.06s
[245.283s][info][gc,start       ] GC(1212) Pause Full (Ergonomics)
[245.283s][info][gc,phases,start] GC(1212) Marking Phase
[245.316s][info][gc,phases      ] GC(1212) Marking Phase 33.224ms
[245.316s][info][gc,phases,start] GC(1212) Summary Phase
[245.316s][info][gc,phases      ] GC(1212) Summary Phase 0.019ms
[245.316s][info][gc,phases,start] GC(1212) Adjust Roots
[245.318s][info][gc,phases      ] GC(1212) Adjust Roots 2.473ms
[245.318s][info][gc,phases,start] GC(1212) Compaction Phase
[245.339s][info][gc,phases      ] GC(1212) Compaction Phase 20.227ms
[245.339s][info][gc,phases,start] GC(1212) Post Compact
[245.341s][info][gc,phases      ] GC(1212) Post Compact 2.413ms
[245.341s][info][gc,heap        ] GC(1212) PSYoungGen: 58880K(116736K)->49955K(116736K) Eden: 58880K(58880K)->49955K(58880K) From: 0K(57856K)->0K(57856K)
[245.341s][info][gc,heap        ] GC(1212) ParOldGen: 349237K(349696K)->349237K(349696K)
[245.341s][info][gc,metaspace   ] GC(1212) Metaspace: 120211K(125056K)->120211K(125056K) NonClass: 102046K(104384K)->102046K(104384K) Class: 18165K(20672K)->18165K(20672K)
[245.341s][info][gc             ] GC(1212) Pause Full (Ergonomics) 398M->389M(455M) 58.697ms
[245.341s][info][gc,cpu         ] GC(1212) User=0.33s Sys=0.00s Real=0.05s
[245.343s][info][gc,start       ] GC(1213) Pause Full (Ergonomics)
[245.343s][info][gc,phases,start] GC(1213) Marking Phase
[245.370s][info][gc,phases      ] GC(1213) Marking Phase 27.539ms
[245.370s][info][gc,phases,start] GC(1213) Summary Phase
[245.370s][info][gc,phases      ] GC(1213) Summary Phase 0.018ms
[245.371s][info][gc,phases,start] GC(1213) Adjust Roots
[245.373s][info][gc,phases      ] GC(1213) Adjust Roots 2.445ms
[245.373s][info][gc,phases,start] GC(1213) Compaction Phase
[245.382s][info][gc,phases      ] GC(1213) Compaction Phase 8.884ms
[245.382s][info][gc,phases,start] GC(1213) Post Compact
[245.384s][info][gc,phases      ] GC(1213) Post Compact 1.996ms
[245.384s][info][gc,heap        ] GC(1213) PSYoungGen: 58879K(116736K)->51504K(116736K) Eden: 58879K(58880K)->51504K(58880K) From: 0K(57856K)->0K(57856K)
[245.384s][info][gc,heap        ] GC(1213) ParOldGen: 349237K(349696K)->349237K(349696K)
[245.384s][info][gc,metaspace   ] GC(1213) Metaspace: 120211K(125056K)->120211K(125056K) NonClass: 102046K(104384K)->102046K(104384K) Class: 18165K(20672K)->18165K(20672K)
[245.384s][info][gc             ] GC(1213) Pause Full (Ergonomics) 398M->391M(455M) 41.126ms
[245.384s][info][gc,cpu         ] GC(1213) User=0.17s Sys=0.00s Real=0.03s
[245.386s][info][gc,start       ] GC(1214) Pause Full (Ergonomics)
[245.386s][info][gc,phases,start] GC(1214) Marking Phase
[245.425s][info][gc,phases      ] GC(1214) Marking Phase 39.185ms
[245.425s][info][gc,phases,start] GC(1214) Summary Phase
[245.425s][info][gc,phases      ] GC(1214) Summary Phase 0.044ms
[245.425s][info][gc,phases,start] GC(1214) Adjust Roots
[245.428s][info][gc,phases      ] GC(1214) Adjust Roots 3.258ms
[245.428s][info][gc,phases,start] GC(1214) Compaction Phase
[245.443s][info][gc,phases      ] GC(1214) Compaction Phase 14.675ms
[245.443s][info][gc,phases,start] GC(1214) Post Compact
[245.445s][info][gc,phases      ] GC(1214) Post Compact 2.119ms
[245.445s][info][gc,heap        ] GC(1214) PSYoungGen: 58880K(116736K)->51436K(116736K) Eden: 58880K(58880K)->51436K(58880K) From: 0K(57856K)->0K(57856K)
[245.445s][info][gc,heap        ] GC(1214) ParOldGen: 349237K(349696K)->348455K(349696K)
[245.445s][info][gc,metaspace   ] GC(1214) Metaspace: 120211K(125056K)->120211K(125056K) NonClass: 102046K(104384K)->102046K(104384K) Class: 18165K(20672K)->18165K(20672K)
[245.445s][info][gc             ] GC(1214) Pause Full (Ergonomics) 398M->390M(455M) 59.603ms
[245.445s][info][gc,cpu         ] GC(1214) User=0.42s Sys=0.00s Real=0.06s
[245.447s][info][gc,start       ] GC(1215) Pause Full (Ergonomics)
[245.447s][info][gc,phases,start] GC(1215) Marking Phase
[245.482s][info][gc,phases      ] GC(1215) Marking Phase 34.632ms
[245.482s][info][gc,phases,start] GC(1215) Summary Phase
[245.482s][info][gc,phases      ] GC(1215) Summary Phase 0.019ms
[245.482s][info][gc,phases,start] GC(1215) Adjust Roots
[245.484s][info][gc,phases      ] GC(1215) Adjust Roots 2.415ms
[245.484s][info][gc,phases,start] GC(1215) Compaction Phase
[245.492s][info][gc,phases      ] GC(1215) Compaction Phase 7.122ms
[245.492s][info][gc,phases,start] GC(1215) Post Compact
[245.493s][info][gc,phases      ] GC(1215) Post Compact 1.957ms
[245.494s][info][gc,heap        ] GC(1215) PSYoungGen: 58879K(116736K)->51476K(116736K) Eden: 58879K(58880K)->51476K(58880K) From: 0K(57856K)->0K(57856K)
[245.494s][info][gc,heap        ] GC(1215) ParOldGen: 348455K(349696K)->348455K(349696K)
[245.494s][info][gc,metaspace   ] GC(1215) Metaspace: 120211K(125056K)->120211K(125056K) NonClass: 102046K(104384K)->102046K(104384K) Class: 18165K(20672K)->18165K(20672K)
[245.494s][info][gc             ] GC(1215) Pause Full (Ergonomics) 397M->390M(455M) 46.379ms
[245.494s][info][gc,cpu         ] GC(1215) User=0.33s Sys=0.00s Real=0.05s
[245.495s][info][gc,start       ] GC(1216) Pause Full (Ergonomics)
[245.495s][info][gc,phases,start] GC(1216) Marking Phase
[245.526s][info][gc,phases      ] GC(1216) Marking Phase 31.034ms
[245.526s][info][gc,phases,start] GC(1216) Summary Phase
[245.526s][info][gc,phases      ] GC(1216) Summary Phase 0.018ms
[245.526s][info][gc,phases,start] GC(1216) Adjust Roots
[245.529s][info][gc,phases      ] GC(1216) Adjust Roots 2.474ms
[245.529s][info][gc,phases,start] GC(1216) Compaction Phase
[245.546s][info][gc,phases      ] GC(1216) Compaction Phase 16.911ms
[245.546s][info][gc,phases,start] GC(1216) Post Compact
[245.548s][info][gc,phases      ] GC(1216) Post Compact 2.097ms
[245.548s][info][gc,heap        ] GC(1216) PSYoungGen: 58880K(116736K)->51682K(116736K) Eden: 58880K(58880K)->51682K(58880K) From: 0K(57856K)->0K(57856K)
[245.548s][info][gc,heap        ] GC(1216) ParOldGen: 348455K(349696K)->348455K(349696K)
[245.548s][info][gc,metaspace   ] GC(1216) Metaspace: 120212K(125056K)->120212K(125056K) NonClass: 102047K(104384K)->102047K(104384K) Class: 18165K(20672K)->18165K(20672K)
[245.548s][info][gc             ] GC(1216) Pause Full (Ergonomics) 397M->390M(455M) 52.833ms
[245.548s][info][gc,cpu         ] GC(1216) User=0.33s Sys=0.00s Real=0.05s
[245.550s][info][gc,start       ] GC(1217) Pause Full (Ergonomics)
[245.550s][info][gc,phases,start] GC(1217) Marking Phase
[245.577s][info][gc,phases      ] GC(1217) Marking Phase 26.656ms
[245.577s][info][gc,phases,start] GC(1217) Summary Phase
[245.577s][info][gc,phases      ] GC(1217) Summary Phase 0.020ms
[245.577s][info][gc,phases,start] GC(1217) Adjust Roots
[245.579s][info][gc,phases      ] GC(1217) Adjust Roots 2.398ms
[245.579s][info][gc,phases,start] GC(1217) Compaction Phase
[245.597s][info][gc,phases      ] GC(1217) Compaction Phase 17.661ms
[245.597s][info][gc,phases,start] GC(1217) Post Compact
[245.599s][info][gc,phases      ] GC(1217) Post Compact 2.638ms
[245.600s][info][gc,heap        ] GC(1217) PSYoungGen: 58879K(116736K)->51668K(116736K) Eden: 58879K(58880K)->51668K(58880K) From: 0K(57856K)->0K(57856K)
[245.600s][info][gc,heap        ] GC(1217) ParOldGen: 348455K(349696K)->348455K(349696K)
[245.600s][info][gc,metaspace   ] GC(1217) Metaspace: 120214K(125056K)->120214K(125056K) NonClass: 102049K(104384K)->102049K(104384K) Class: 18165K(20672K)->18165K(20672K)
[245.600s][info][gc             ] GC(1217) Pause Full (Ergonomics) 397M->390M(455M) 49.797ms
[245.600s][info][gc,cpu         ] GC(1217) User=0.48s Sys=0.00s Real=0.05s
[245.601s][info][gc,heap,exit   ] Heap
[245.601s][info][gc,heap,exit   ]  PSYoungGen      total 116736K, used 57363K [0x00000000f5580000, 0x0000000100000000, 0x0000000100000000)
[245.601s][info][gc,heap,exit   ]   eden space 58880K, 98% used [0x00000000f5580000,0x00000000f8df4798,0x00000000f8f00000)
[245.601s][info][gc,heap,exit   ]   from space 57856K, 0% used [0x00000000f8f00000,0x00000000f8f00000,0x00000000fc780000)
[245.601s][info][gc,heap,exit   ]   to   space 57856K, 0% used [0x00000000fc780000,0x00000000fc780000,0x0000000100000000)
[245.601s][info][gc,heap,exit   ]  ParOldGen       total 349696K, used 348455K [0x00000000e0000000, 0x00000000f5580000, 0x00000000f5580000)
[245.601s][info][gc,heap,exit   ]   object space 349696K, 99% used [0x00000000e0000000,0x00000000f5449f28,0x00000000f5580000)
[245.601s][info][gc,heap,exit   ]  Metaspace       used 120214K, committed 125056K, reserved 1179648K
[245.601s][info][gc,heap,exit   ]   class space    used 18165K, committed 20672K, reserved 1048576K
[245.602s][info][gc,start       ] GC(1218) Pause Full (Ergonomics)
[245.602s][info][gc,phases,start] GC(1218) Marking Phase
[245.628s][info][gc,phases      ] GC(1218) Marking Phase 26.103ms
[245.628s][info][gc,phases,start] GC(1218) Summary Phase
[245.628s][info][gc,phases      ] GC(1218) Summary Phase 0.022ms
[245.628s][info][gc,phases,start] GC(1218) Adjust Roots
[245.630s][info][gc,phases      ] GC(1218) Adjust Roots 2.553ms
[245.631s][info][gc,phases,start] GC(1218) Compaction Phase
[245.651s][info][gc,phases      ] GC(1218) Compaction Phase 20.597ms
[245.651s][info][gc,phases,start] GC(1218) Post Compact
[245.654s][info][gc,phases      ] GC(1218) Post Compact 2.637ms
[245.654s][info][gc,heap        ] GC(1218) PSYoungGen: 58880K(116736K)->51570K(116736K) Eden: 58880K(58880K)->51570K(58880K) From: 0K(57856K)->0K(57856K)
[245.654s][info][gc,heap        ] GC(1218) ParOldGen: 348455K(349696K)->348454K(349696K)
[245.654s][info][gc,metaspace   ] GC(1218) Metaspace: 120214K(125056K)->120214K(125056K) NonClass: 102049K(104384K)->102049K(104384K) Class: 18165K(20672K)->18165K(20672K)
[245.654s][info][gc             ] GC(1218) Pause Full (Ergonomics) 397M->390M(455M) 52.291ms
[245.654s][info][gc,cpu         ] GC(1218) User=0.47s Sys=0.00s Real=0.05s
