[0.015s][info][gc,init] CardTable entry size: 512
[0.015s][info][gc     ] Using Parallel
[0.021s][info][gc,init] Version: 20+36-2344 (release)
[0.021s][info][gc,init] CPUs: 48 total, 48 available
[0.021s][info][gc,init] Memory: 382G
[0.021s][info][gc,init] Large Page Support: Disabled
[0.021s][info][gc,init] NUMA Support: Disabled
[0.021s][info][gc,init] Compressed Oops: Enabled (32-bit)
[0.021s][info][gc,init] Alignments: Space 512K, Generation 512K, Heap 2M
[0.021s][info][gc,init] Heap Min Capacity: 8M
[0.021s][info][gc,init] Heap Initial Capacity: 1G
[0.040s][info][gc,init] Heap Max Capacity: 1G
[0.040s][info][gc,init] Pre-touch: Disabled
[0.040s][info][gc,init] Parallel Workers: 33
[0.041s][info][gc,metaspace] CDS archive(s) mapped at: [0x0000000800000000-0x0000000800c60000-0x0000000800c60000), size 12976128, SharedBaseAddress: 0x0000000800000000, ArchiveRelocationMode: 0.
[0.041s][info][gc,metaspace] Compressed class space mapped at: 0x0000000801000000-0x0000000841000000, reserved size: 1073741824
[0.041s][info][gc,metaspace] Narrow klass base: 0x0000000800000000, Narrow klass shift: 0, Narrow klass range: 0x100000000
[10.744s][info][gc,start    ] GC(0) Pause Young (Metadata GC Threshold)
[10.756s][info][gc,heap     ] GC(0) PSYoungGen: 145242K(305664K)->18606K(305664K) Eden: 145242K(262144K)->0K(262144K) From: 0K(43520K)->18606K(43520K)
[10.756s][info][gc,heap     ] GC(0) ParOldGen: 0K(699392K)->24K(699392K)
[10.756s][info][gc,metaspace] GC(0) Metaspace: 21270K(21504K)->21270K(21504K) NonClass: 18551K(18688K)->18551K(18688K) Class: 2718K(2816K)->2718K(2816K)
[10.756s][info][gc          ] GC(0) Pause Young (Metadata GC Threshold) 141M->18M(981M) 12.041ms
[10.756s][info][gc,cpu      ] GC(0) User=0.06s Sys=0.30s Real=0.02s
[10.756s][info][gc,start    ] GC(1) Pause Full (Metadata GC Threshold)
[10.756s][info][gc,phases,start] GC(1) Marking Phase
[10.767s][info][gc,phases      ] GC(1) Marking Phase 11.092ms
[10.768s][info][gc,phases,start] GC(1) Summary Phase
[10.768s][info][gc,phases      ] GC(1) Summary Phase 0.020ms
[10.768s][info][gc,phases,start] GC(1) Adjust Roots
[10.771s][info][gc,phases      ] GC(1) Adjust Roots 3.036ms
[10.771s][info][gc,phases,start] GC(1) Compaction Phase
[10.780s][info][gc,phases      ] GC(1) Compaction Phase 9.544ms
[10.780s][info][gc,phases,start] GC(1) Post Compact
[10.782s][info][gc,phases      ] GC(1) Post Compact 1.985ms
[10.782s][info][gc,heap        ] GC(1) PSYoungGen: 18606K(305664K)->0K(305664K) Eden: 0K(262144K)->0K(262144K) From: 18606K(43520K)->0K(43520K)
[10.782s][info][gc,heap        ] GC(1) ParOldGen: 24K(699392K)->18044K(699392K)
[10.782s][info][gc,metaspace   ] GC(1) Metaspace: 21270K(21504K)->21270K(21504K) NonClass: 18551K(18688K)->18551K(18688K) Class: 2718K(2816K)->2718K(2816K)
[10.782s][info][gc             ] GC(1) Pause Full (Metadata GC Threshold) 18M->17M(981M) 25.940ms
[10.782s][info][gc,cpu         ] GC(1) User=0.03s Sys=0.00s Real=0.03s
[11.728s][info][gc,start       ] GC(2) Pause Young (Metadata GC Threshold)
[11.734s][info][gc,heap        ] GC(2) PSYoungGen: 148241K(305664K)->5086K(305664K) Eden: 148241K(262144K)->0K(262144K) From: 0K(43520K)->5086K(43520K)
[11.734s][info][gc,heap        ] GC(2) ParOldGen: 18044K(699392K)->18052K(699392K)
[11.734s][info][gc,metaspace   ] GC(2) Metaspace: 35441K(35840K)->35441K(35840K) NonClass: 30965K(31168K)->30965K(31168K) Class: 4475K(4672K)->4475K(4672K)
[11.734s][info][gc             ] GC(2) Pause Young (Metadata GC Threshold) 162M->22M(981M) 5.295ms
[11.734s][info][gc,cpu         ] GC(2) User=0.00s Sys=0.00s Real=0.00s
[11.734s][info][gc,start       ] GC(3) Pause Full (Metadata GC Threshold)
[11.734s][info][gc,phases,start] GC(3) Marking Phase
[11.751s][info][gc,phases      ] GC(3) Marking Phase 17.161ms
[11.751s][info][gc,phases,start] GC(3) Summary Phase
[11.751s][info][gc,phases      ] GC(3) Summary Phase 0.016ms
[11.751s][info][gc,phases,start] GC(3) Adjust Roots
[11.757s][info][gc,phases      ] GC(3) Adjust Roots 6.251ms
[11.757s][info][gc,phases,start] GC(3) Compaction Phase
[11.773s][info][gc,phases      ] GC(3) Compaction Phase 15.459ms
[11.773s][info][gc,phases,start] GC(3) Post Compact
[11.774s][info][gc,phases      ] GC(3) Post Compact 1.059ms
[11.774s][info][gc,heap        ] GC(3) PSYoungGen: 5086K(305664K)->0K(305664K) Eden: 0K(262144K)->0K(262144K) From: 5086K(43520K)->0K(43520K)
[11.774s][info][gc,heap        ] GC(3) ParOldGen: 18052K(699392K)->22530K(699392K)
[11.774s][info][gc,metaspace   ] GC(3) Metaspace: 35441K(35840K)->35441K(35840K) NonClass: 30965K(31168K)->30965K(31168K) Class: 4475K(4672K)->4475K(4672K)
[11.774s][info][gc             ] GC(3) Pause Full (Metadata GC Threshold) 22M->22M(981M) 40.258ms
[11.774s][info][gc,cpu         ] GC(3) User=0.66s Sys=0.05s Real=0.04s
[96.214s][info][gc,start       ] GC(4) Pause Young (Allocation Failure)
[96.218s][info][gc,heap        ] GC(4) PSYoungGen: 262144K(305664K)->2656K(305664K) Eden: 262144K(262144K)->0K(262144K) From: 0K(43520K)->2656K(43520K)
[96.218s][info][gc,heap        ] GC(4) ParOldGen: 22530K(699392K)->22538K(699392K)
[96.218s][info][gc,metaspace   ] GC(4) Metaspace: 42752K(43136K)->42752K(43136K) NonClass: 37393K(37632K)->37393K(37632K) Class: 5359K(5504K)->5359K(5504K)
[96.218s][info][gc             ] GC(4) Pause Young (Allocation Failure) 278M->24M(981M) 3.843ms
[96.218s][info][gc,cpu         ] GC(4) User=0.00s Sys=0.00s Real=0.00s
[103.555s][info][gc,start       ] GC(5) Pause Young (Metadata GC Threshold)
[103.560s][info][gc,heap        ] GC(5) PSYoungGen: 75637K(305664K)->6780K(305664K) Eden: 72981K(262144K)->0K(262144K) From: 2656K(43520K)->6780K(43520K)
[103.560s][info][gc,heap        ] GC(5) ParOldGen: 22538K(699392K)->22546K(699392K)
[103.560s][info][gc,metaspace   ] GC(5) Metaspace: 59231K(59776K)->59231K(59776K) NonClass: 51998K(52288K)->51998K(52288K) Class: 7232K(7488K)->7232K(7488K)
[103.560s][info][gc             ] GC(5) Pause Young (Metadata GC Threshold) 95M->28M(981M) 4.809ms
[103.560s][info][gc,cpu         ] GC(5) User=0.00s Sys=0.00s Real=0.01s
[103.560s][info][gc,start       ] GC(6) Pause Full (Metadata GC Threshold)
[103.560s][info][gc,phases,start] GC(6) Marking Phase
[103.581s][info][gc,phases      ] GC(6) Marking Phase 21.041ms
[103.581s][info][gc,phases,start] GC(6) Summary Phase
[103.581s][info][gc,phases      ] GC(6) Summary Phase 0.013ms
[103.581s][info][gc,phases,start] GC(6) Adjust Roots
[103.586s][info][gc,phases      ] GC(6) Adjust Roots 4.839ms
[103.586s][info][gc,phases,start] GC(6) Compaction Phase
[103.600s][info][gc,phases      ] GC(6) Compaction Phase 13.742ms
[103.600s][info][gc,phases,start] GC(6) Post Compact
[103.602s][info][gc,phases      ] GC(6) Post Compact 1.748ms
[103.602s][info][gc,heap        ] GC(6) PSYoungGen: 6780K(305664K)->0K(305664K) Eden: 0K(262144K)->0K(262144K) From: 6780K(43520K)->0K(43520K)
[103.602s][info][gc,heap        ] GC(6) ParOldGen: 22546K(699392K)->28208K(699392K)
[103.602s][info][gc,metaspace   ] GC(6) Metaspace: 59231K(59776K)->59231K(59776K) NonClass: 51998K(52288K)->51998K(52288K) Class: 7232K(7488K)->7232K(7488K)
[103.602s][info][gc             ] GC(6) Pause Full (Metadata GC Threshold) 28M->27M(981M) 41.769ms
[103.602s][info][gc,cpu         ] GC(6) User=0.72s Sys=0.00s Real=0.03s
[105.074s][info][gc,start       ] GC(7) Pause Young (System.gc())
[105.081s][info][gc,heap        ] GC(7) PSYoungGen: 101350K(305664K)->6720K(305664K) Eden: 101350K(262144K)->0K(262144K) From: 0K(43520K)->6720K(43520K)
[105.081s][info][gc,heap        ] GC(7) ParOldGen: 28208K(699392K)->28216K(699392K)
[105.082s][info][gc,metaspace   ] GC(7) Metaspace: 84454K(84992K)->84454K(84992K) NonClass: 73972K(74240K)->73972K(74240K) Class: 10481K(10752K)->10481K(10752K)
[105.082s][info][gc             ] GC(7) Pause Young (System.gc()) 126M->34M(981M) 7.596ms
[105.082s][info][gc,cpu         ] GC(7) User=0.05s Sys=0.00s Real=0.02s
[105.082s][info][gc,start       ] GC(8) Pause Full (System.gc())
[105.082s][info][gc,phases,start] GC(8) Marking Phase
[105.111s][info][gc,phases      ] GC(8) Marking Phase 29.447ms
[105.111s][info][gc,phases,start] GC(8) Summary Phase
[105.111s][info][gc,phases      ] GC(8) Summary Phase 0.082ms
[105.111s][info][gc,phases,start] GC(8) Adjust Roots
[105.117s][info][gc,phases      ] GC(8) Adjust Roots 5.861ms
[105.117s][info][gc,phases,start] GC(8) Compaction Phase
[105.134s][info][gc,phases      ] GC(8) Compaction Phase 17.117ms
[105.134s][info][gc,phases,start] GC(8) Post Compact
[105.136s][info][gc,phases      ] GC(8) Post Compact 1.254ms
[105.136s][info][gc,heap        ] GC(8) PSYoungGen: 6720K(305664K)->0K(305664K) Eden: 0K(262144K)->0K(262144K) From: 6720K(43520K)->0K(43520K)
[105.136s][info][gc,heap        ] GC(8) ParOldGen: 28216K(699392K)->34258K(699392K)
[105.136s][info][gc,metaspace   ] GC(8) Metaspace: 84454K(84992K)->84454K(84992K) NonClass: 73972K(74240K)->73972K(74240K) Class: 10481K(10752K)->10481K(10752K)
[105.136s][info][gc             ] GC(8) Pause Full (System.gc()) 34M->33M(981M) 54.031ms
[105.136s][info][gc,cpu         ] GC(8) User=0.73s Sys=0.00s Real=0.05s
[106.933s][info][gc,start       ] GC(9) Pause Young (Allocation Failure)
[106.944s][info][gc,heap        ] GC(9) PSYoungGen: 262144K(305664K)->15518K(271872K) Eden: 262144K(262144K)->0K(256000K) From: 0K(43520K)->15518K(15872K)
[106.945s][info][gc,heap        ] GC(9) ParOldGen: 34258K(699392K)->34266K(699392K)
[106.945s][info][gc,metaspace   ] GC(9) Metaspace: 109346K(115328K)->109346K(115328K) NonClass: 94004K(97344K)->94004K(97344K) Class: 15342K(17984K)->15342K(17984K)
[106.945s][info][gc             ] GC(9) Pause Young (Allocation Failure) 289M->48M(948M) 11.396ms
[106.945s][info][gc,cpu         ] GC(9) User=0.00s Sys=0.00s Real=0.00s
[108.551s][info][gc,start       ] GC(10) Pause Young (Allocation Failure)
[108.581s][info][gc,heap        ] GC(10) PSYoungGen: 271518K(271872K)->20473K(270336K) Eden: 256000K(256000K)->0K(249856K) From: 15518K(15872K)->20473K(20480K)
[108.581s][info][gc,heap        ] GC(10) ParOldGen: 34266K(699392K)->55443K(699392K)
[108.581s][info][gc,metaspace   ] GC(10) Metaspace: 125089K(132288K)->125089K(132288K) NonClass: 105722K(109696K)->105722K(109696K) Class: 19366K(22592K)->19366K(22592K)
[108.581s][info][gc             ] GC(10) Pause Young (Allocation Failure) 298M->74M(947M) 29.730ms
[108.581s][info][gc,cpu         ] GC(10) User=0.28s Sys=0.52s Real=0.03s
[108.779s][info][gc,start       ] GC(11) Pause Young (Allocation Failure)
[108.785s][info][gc,heap        ] GC(11) PSYoungGen: 270329K(270336K)->19449K(285184K) Eden: 249856K(249856K)->0K(265728K) From: 20473K(20480K)->19449K(19456K)
[108.785s][info][gc,heap        ] GC(11) ParOldGen: 55443K(699392K)->56547K(699392K)
[108.785s][info][gc,metaspace   ] GC(11) Metaspace: 125153K(132416K)->125153K(132416K) NonClass: 105786K(109824K)->105786K(109824K) Class: 19367K(22592K)->19367K(22592K)
[108.785s][info][gc             ] GC(11) Pause Young (Allocation Failure) 318M->74M(961M) 5.452ms
[108.785s][info][gc,cpu         ] GC(11) User=0.03s Sys=0.22s Real=0.01s
[108.953s][info][gc,start       ] GC(12) Pause Young (Allocation Failure)
[108.957s][info][gc,heap        ] GC(12) PSYoungGen: 285177K(285184K)->32970K(301056K) Eden: 265728K(265728K)->0K(265728K) From: 19449K(19456K)->32970K(35328K)
[108.958s][info][gc,heap        ] GC(12) ParOldGen: 56547K(699392K)->56547K(699392K)
[108.958s][info][gc,metaspace   ] GC(12) Metaspace: 125154K(132416K)->125154K(132416K) NonClass: 105787K(109824K)->105787K(109824K) Class: 19367K(22592K)->19367K(22592K)
[108.958s][info][gc             ] GC(12) Pause Young (Allocation Failure) 333M->87M(977M) 4.645ms
[108.958s][info][gc,cpu         ] GC(12) User=0.31s Sys=0.02s Real=0.02s
[109.015s][info][gc,start       ] GC(13) Pause Young (Allocation Failure)
[109.026s][info][gc,heap        ] GC(13) PSYoungGen: 298698K(301056K)->31678K(302080K) Eden: 265728K(265728K)->0K(261120K) From: 32970K(35328K)->31678K(40960K)
[109.026s][info][gc,heap        ] GC(13) ParOldGen: 56547K(699392K)->70450K(699392K)
[109.026s][info][gc,metaspace   ] GC(13) Metaspace: 125156K(132416K)->125156K(132416K) NonClass: 105789K(109824K)->105789K(109824K) Class: 19367K(22592K)->19367K(22592K)
[109.026s][info][gc             ] GC(13) Pause Young (Allocation Failure) 346M->99M(978M) 11.009ms
[109.026s][info][gc,cpu         ] GC(13) User=0.02s Sys=0.34s Real=0.02s
[109.046s][info][gc,start       ] GC(14) Pause Young (Allocation Failure)
[109.048s][info][gc,heap        ] GC(14) PSYoungGen: 292798K(302080K)->38332K(299520K) Eden: 261120K(261120K)->0K(261120K) From: 31678K(40960K)->38332K(38400K)
[109.048s][info][gc,heap        ] GC(14) ParOldGen: 70450K(699392K)->71288K(699392K)
[109.048s][info][gc,metaspace   ] GC(14) Metaspace: 125165K(132416K)->125165K(132416K) NonClass: 105798K(109824K)->105798K(109824K) Class: 19367K(22592K)->19367K(22592K)
[109.048s][info][gc             ] GC(14) Pause Young (Allocation Failure) 354M->107M(975M) 2.801ms
[109.049s][info][gc,cpu         ] GC(14) User=0.00s Sys=0.00s Real=0.00s
[109.068s][info][gc,start       ] GC(15) Pause Young (Allocation Failure)
[109.080s][info][gc,heap        ] GC(15) PSYoungGen: 299452K(299520K)->864K(299520K) Eden: 261120K(261120K)->0K(250880K) From: 38332K(38400K)->864K(48640K)
[109.080s][info][gc,heap        ] GC(15) ParOldGen: 71288K(699392K)->108972K(699392K)
[109.080s][info][gc,metaspace   ] GC(15) Metaspace: 125172K(132416K)->125172K(132416K) NonClass: 105805K(109824K)->105805K(109824K) Class: 19367K(22592K)->19367K(22592K)
[109.080s][info][gc             ] GC(15) Pause Young (Allocation Failure) 362M->107M(975M) 11.714ms
[109.080s][info][gc,cpu         ] GC(15) User=0.00s Sys=0.00s Real=0.00s
[109.099s][info][gc,start       ] GC(16) Pause Young (Allocation Failure)
[109.103s][info][gc,heap        ] GC(16) PSYoungGen: 251744K(299520K)->44646K(295936K) Eden: 250880K(250880K)->0K(250880K) From: 864K(48640K)->44646K(45056K)
[109.103s][info][gc,heap        ] GC(16) ParOldGen: 108972K(699392K)->108988K(699392K)
[109.103s][info][gc,metaspace   ] GC(16) Metaspace: 125172K(132416K)->125172K(132416K) NonClass: 105805K(109824K)->105805K(109824K) Class: 19367K(22592K)->19367K(22592K)
[109.103s][info][gc             ] GC(16) Pause Young (Allocation Failure) 352M->150M(972M) 3.885ms
[109.103s][info][gc,cpu         ] GC(16) User=0.00s Sys=0.00s Real=0.00s
[109.121s][info][gc,start       ] GC(17) Pause Young (Allocation Failure)
[109.141s][info][gc,heap        ] GC(17) PSYoungGen: 295526K(295936K)->29021K(291840K) Eden: 250880K(250880K)->0K(238592K) From: 44646K(45056K)->29021K(53248K)
[109.141s][info][gc,heap        ] GC(17) ParOldGen: 108988K(699392K)->152923K(699392K)
[109.141s][info][gc,metaspace   ] GC(17) Metaspace: 125179K(132416K)->125179K(132416K) NonClass: 105812K(109824K)->105812K(109824K) Class: 19367K(22592K)->19367K(22592K)
[109.141s][info][gc             ] GC(17) Pause Young (Allocation Failure) 395M->177M(968M) 20.007ms
[109.141s][info][gc,cpu         ] GC(17) User=0.00s Sys=0.36s Real=0.02s
[109.159s][info][gc,start       ] GC(18) Pause Young (Allocation Failure)
[109.167s][info][gc,heap        ] GC(18) PSYoungGen: 267613K(291840K)->4053K(293888K) Eden: 238592K(238592K)->0K(238592K) From: 29021K(53248K)->4053K(55296K)
[109.167s][info][gc,heap        ] GC(18) ParOldGen: 152923K(699392K)->181192K(699392K)
[109.167s][info][gc,metaspace   ] GC(18) Metaspace: 125179K(132416K)->125179K(132416K) NonClass: 105812K(109824K)->105812K(109824K) Class: 19367K(22592K)->19367K(22592K)
[109.167s][info][gc             ] GC(18) Pause Young (Allocation Failure) 410M->180M(970M) 8.660ms
[109.167s][info][gc,cpu         ] GC(18) User=0.00s Sys=0.00s Real=0.00s
[109.185s][info][gc,start       ] GC(19) Pause Young (Allocation Failure)
[109.187s][info][gc,heap        ] GC(19) PSYoungGen: 242645K(293888K)->736K(292864K) Eden: 238592K(238592K)->0K(238592K) From: 4053K(55296K)->736K(54272K)
[109.187s][info][gc,heap        ] GC(19) ParOldGen: 181192K(699392K)->184341K(699392K)
[109.187s][info][gc,metaspace   ] GC(19) Metaspace: 125179K(132416K)->125179K(132416K) NonClass: 105812K(109824K)->105812K(109824K) Class: 19367K(22592K)->19367K(22592K)
[109.187s][info][gc             ] GC(19) Pause Young (Allocation Failure) 413M->180M(969M) 1.842ms
[109.187s][info][gc,cpu         ] GC(19) User=0.00s Sys=0.00s Real=0.00s
[109.204s][info][gc,start       ] GC(20) Pause Young (Allocation Failure)
[109.205s][info][gc,heap        ] GC(20) PSYoungGen: 239328K(292864K)->736K(293376K) Eden: 238592K(238592K)->0K(238592K) From: 736K(54272K)->736K(54784K)
[109.205s][info][gc,heap        ] GC(20) ParOldGen: 184341K(699392K)->184365K(699392K)
[109.205s][info][gc,metaspace   ] GC(20) Metaspace: 125179K(132416K)->125179K(132416K) NonClass: 105812K(109824K)->105812K(109824K) Class: 19367K(22592K)->19367K(22592K)
[109.205s][info][gc             ] GC(20) Pause Young (Allocation Failure) 413M->180M(969M) 0.910ms
[109.205s][info][gc,cpu         ] GC(20) User=0.00s Sys=0.00s Real=0.00s
[109.223s][info][gc,start       ] GC(21) Pause Young (Allocation Failure)
[109.224s][info][gc,heap        ] GC(21) PSYoungGen: 239328K(293376K)->736K(292352K) Eden: 238592K(238592K)->0K(240128K) From: 736K(54784K)->736K(52224K)
[109.224s][info][gc,heap        ] GC(21) ParOldGen: 184365K(699392K)->184365K(699392K)
[109.224s][info][gc,metaspace   ] GC(21) Metaspace: 125179K(132416K)->125179K(132416K) NonClass: 105812K(109824K)->105812K(109824K) Class: 19367K(22592K)->19367K(22592K)
[109.224s][info][gc             ] GC(21) Pause Young (Allocation Failure) 413M->180M(968M) 0.873ms
[109.224s][info][gc,cpu         ] GC(21) User=0.00s Sys=0.00s Real=0.00s
[109.256s][info][gc,start       ] GC(22) Pause Young (Allocation Failure)
[109.264s][info][gc,heap        ] GC(22) PSYoungGen: 240864K(292352K)->50896K(291328K) Eden: 240128K(240128K)->0K(240128K) From: 736K(52224K)->50896K(51200K)
[109.264s][info][gc,heap        ] GC(22) ParOldGen: 184365K(699392K)->196889K(699392K)
[109.264s][info][gc,metaspace   ] GC(22) Metaspace: 125179K(132416K)->125179K(132416K) NonClass: 105812K(109824K)->105812K(109824K) Class: 19367K(22592K)->19367K(22592K)
[109.264s][info][gc             ] GC(22) Pause Young (Allocation Failure) 415M->241M(967M) 8.141ms
[109.264s][info][gc,cpu         ] GC(22) User=0.00s Sys=0.00s Real=0.00s
[109.285s][info][gc,start       ] GC(23) Pause Young (Allocation Failure)
[109.307s][info][gc,heap        ] GC(23) PSYoungGen: 291024K(291328K)->57082K(261632K) Eden: 240128K(240128K)->0K(203776K) From: 50896K(51200K)->57082K(57856K)
[109.307s][info][gc,heap        ] GC(23) ParOldGen: 196889K(699392K)->268909K(699392K)
[109.307s][info][gc,metaspace   ] GC(23) Metaspace: 125179K(132416K)->125179K(132416K) NonClass: 105812K(109824K)->105812K(109824K) Class: 19367K(22592K)->19367K(22592K)
[109.307s][info][gc             ] GC(23) Pause Young (Allocation Failure) 476M->318M(938M) 22.551ms
[109.308s][info][gc,cpu         ] GC(23) User=0.06s Sys=0.30s Real=0.02s
[109.323s][info][gc,start       ] GC(24) Pause Young (Allocation Failure)
[109.334s][info][gc,heap        ] GC(24) PSYoungGen: 260858K(261632K)->7082K(276480K) Eden: 203776K(203776K)->0K(203776K) From: 57082K(57856K)->7082K(72704K)
[109.334s][info][gc,heap        ] GC(24) ParOldGen: 268909K(699392K)->325303K(699392K)
[109.334s][info][gc,metaspace   ] GC(24) Metaspace: 125180K(132416K)->125180K(132416K) NonClass: 105813K(109824K)->105813K(109824K) Class: 19367K(22592K)->19367K(22592K)
[109.334s][info][gc             ] GC(24) Pause Young (Allocation Failure) 517M->324M(953M) 11.097ms
[109.334s][info][gc,cpu         ] GC(24) User=0.00s Sys=0.00s Real=0.00s
[109.349s][info][gc,start       ] GC(25) Pause Young (Allocation Failure)
[109.355s][info][gc,heap        ] GC(25) PSYoungGen: 210858K(276480K)->3925K(269824K) Eden: 203776K(203776K)->0K(206336K) From: 7082K(72704K)->3925K(63488K)
[109.355s][info][gc,heap        ] GC(25) ParOldGen: 325303K(699392K)->331633K(699392K)
[109.355s][info][gc,metaspace   ] GC(25) Metaspace: 125180K(132416K)->125180K(132416K) NonClass: 105813K(109824K)->105813K(109824K) Class: 19367K(22592K)->19367K(22592K)
[109.355s][info][gc             ] GC(25) Pause Young (Allocation Failure) 523M->327M(946M) 5.631ms
[109.355s][info][gc,cpu         ] GC(25) User=0.02s Sys=0.02s Real=0.02s
[109.369s][info][gc,start       ] GC(26) Pause Young (Allocation Failure)
[109.372s][info][gc,heap        ] GC(26) PSYoungGen: 210261K(269824K)->672K(274432K) Eden: 206336K(206336K)->0K(206336K) From: 3925K(63488K)->672K(68096K)
[109.372s][info][gc,heap        ] GC(26) ParOldGen: 331633K(699392K)->334830K(699392K)
[109.372s][info][gc,metaspace   ] GC(26) Metaspace: 125180K(132416K)->125180K(132416K) NonClass: 105813K(109824K)->105813K(109824K) Class: 19367K(22592K)->19367K(22592K)
[109.372s][info][gc             ] GC(26) Pause Young (Allocation Failure) 529M->327M(951M) 2.747ms
[109.372s][info][gc,cpu         ] GC(26) User=0.02s Sys=0.02s Real=0.02s
[109.386s][info][gc,start       ] GC(27) Pause Young (Allocation Failure)
[109.387s][info][gc,heap        ] GC(27) PSYoungGen: 207008K(274432K)->768K(274944K) Eden: 206336K(206336K)->0K(215040K) From: 672K(68096K)->768K(59904K)
[109.387s][info][gc,heap        ] GC(27) ParOldGen: 334830K(699392K)->334846K(699392K)
[109.387s][info][gc,metaspace   ] GC(27) Metaspace: 125180K(132416K)->125180K(132416K) NonClass: 105813K(109824K)->105813K(109824K) Class: 19367K(22592K)->19367K(22592K)
[109.387s][info][gc             ] GC(27) Pause Young (Allocation Failure) 529M->327M(951M) 0.898ms
[109.387s][info][gc,cpu         ] GC(27) User=0.33s Sys=0.02s Real=0.01s
[109.401s][info][gc,start       ] GC(28) Pause Young (Allocation Failure)
[109.402s][info][gc,heap        ] GC(28) PSYoungGen: 215808K(274944K)->704K(279040K) Eden: 215040K(215040K)->0K(215040K) From: 768K(59904K)->704K(64000K)
[109.402s][info][gc,heap        ] GC(28) ParOldGen: 334846K(699392K)->334862K(699392K)
[109.402s][info][gc,metaspace   ] GC(28) Metaspace: 125180K(132416K)->125180K(132416K) NonClass: 105813K(109824K)->105813K(109824K) Class: 19367K(22592K)->19367K(22592K)
[109.402s][info][gc             ] GC(28) Pause Young (Allocation Failure) 537M->327M(955M) 0.899ms
[109.402s][info][gc,cpu         ] GC(28) User=0.02s Sys=0.00s Real=0.02s
[109.417s][info][gc,start       ] GC(29) Pause Young (Allocation Failure)
[109.418s][info][gc,heap        ] GC(29) PSYoungGen: 215744K(279040K)->768K(278016K) Eden: 215040K(215040K)->0K(223232K) From: 704K(64000K)->768K(54784K)
[109.418s][info][gc,heap        ] GC(29) ParOldGen: 334862K(699392K)->334862K(699392K)
[109.418s][info][gc,metaspace   ] GC(29) Metaspace: 125180K(132416K)->125180K(132416K) NonClass: 105813K(109824K)->105813K(109824K) Class: 19367K(22592K)->19367K(22592K)
[109.418s][info][gc             ] GC(29) Pause Young (Allocation Failure) 537M->327M(954M) 0.921ms
[109.418s][info][gc,cpu         ] GC(29) User=0.00s Sys=0.02s Real=0.02s
[109.433s][info][gc,start       ] GC(30) Pause Young (Allocation Failure)
[109.434s][info][gc,heap        ] GC(30) PSYoungGen: 224000K(278016K)->704K(282624K) Eden: 223232K(223232K)->0K(223232K) From: 768K(54784K)->704K(59392K)
[109.434s][info][gc,heap        ] GC(30) ParOldGen: 334862K(699392K)->334862K(699392K)
[109.434s][info][gc,metaspace   ] GC(30) Metaspace: 125180K(132416K)->125180K(132416K) NonClass: 105813K(109824K)->105813K(109824K) Class: 19367K(22592K)->19367K(22592K)
[109.434s][info][gc             ] GC(30) Pause Young (Allocation Failure) 545M->327M(959M) 0.914ms
[109.434s][info][gc,cpu         ] GC(30) User=0.34s Sys=0.00s Real=0.02s
[109.449s][info][gc,start       ] GC(31) Pause Young (Allocation Failure)
[109.450s][info][gc,heap        ] GC(31) PSYoungGen: 223936K(282624K)->928K(282624K) Eden: 223232K(223232K)->0K(232960K) From: 704K(59392K)->928K(49664K)
[109.450s][info][gc,heap        ] GC(31) ParOldGen: 334862K(699392K)->334862K(699392K)
[109.450s][info][gc,metaspace   ] GC(31) Metaspace: 125180K(132416K)->125180K(132416K) NonClass: 105813K(109824K)->105813K(109824K) Class: 19367K(22592K)->19367K(22592K)
[109.450s][info][gc             ] GC(31) Pause Young (Allocation Failure) 545M->327M(959M) 1.073ms
[109.450s][info][gc,cpu         ] GC(31) User=0.36s Sys=0.00s Real=0.02s
[109.466s][info][gc,start       ] GC(32) Pause Young (Allocation Failure)
[109.467s][info][gc,heap        ] GC(32) PSYoungGen: 233888K(282624K)->800K(287232K) Eden: 232960K(232960K)->0K(232960K) From: 928K(49664K)->800K(54272K)
[109.467s][info][gc,heap        ] GC(32) ParOldGen: 334862K(699392K)->334862K(699392K)
[109.467s][info][gc,metaspace   ] GC(32) Metaspace: 125180K(132416K)->125180K(132416K) NonClass: 105813K(109824K)->105813K(109824K) Class: 19367K(22592K)->19367K(22592K)
[109.467s][info][gc             ] GC(32) Pause Young (Allocation Failure) 555M->327M(963M) 0.927ms
[109.467s][info][gc,cpu         ] GC(32) User=0.00s Sys=0.00s Real=0.00s
[109.483s][info][gc,start       ] GC(33) Pause Young (Allocation Failure)
[109.484s][info][gc,heap        ] GC(33) PSYoungGen: 233760K(287232K)->768K(288256K) Eden: 232960K(232960K)->0K(243712K) From: 800K(54272K)->768K(44544K)
[109.484s][info][gc,heap        ] GC(33) ParOldGen: 334862K(699392K)->334862K(699392K)
[109.484s][info][gc,metaspace   ] GC(33) Metaspace: 125180K(132416K)->125180K(132416K) NonClass: 105813K(109824K)->105813K(109824K) Class: 19367K(22592K)->19367K(22592K)
[109.484s][info][gc             ] GC(33) Pause Young (Allocation Failure) 555M->327M(964M) 0.936ms
[109.484s][info][gc,cpu         ] GC(33) User=0.00s Sys=0.00s Real=0.00s
[109.501s][info][gc,start       ] GC(34) Pause Young (Allocation Failure)
[109.502s][info][gc,heap        ] GC(34) PSYoungGen: 244480K(288256K)->6986K(292352K) Eden: 243712K(243712K)->0K(243712K) From: 768K(44544K)->6986K(48640K)
[109.503s][info][gc,heap        ] GC(34) ParOldGen: 334862K(699392K)->334870K(699392K)
[109.503s][info][gc,metaspace   ] GC(34) Metaspace: 125180K(132416K)->125180K(132416K) NonClass: 105813K(109824K)->105813K(109824K) Class: 19367K(22592K)->19367K(22592K)
[109.503s][info][gc             ] GC(34) Pause Young (Allocation Failure) 565M->333M(968M) 1.924ms
[109.503s][info][gc,cpu         ] GC(34) User=0.00s Sys=0.00s Real=0.00s
[109.527s][info][gc,start       ] GC(35) Pause Young (Allocation Failure)
[109.540s][info][gc,heap        ] GC(35) PSYoungGen: 250698K(292352K)->44646K(284672K) Eden: 243712K(243712K)->0K(239616K) From: 6986K(48640K)->44646K(45056K)
[109.540s][info][gc,heap        ] GC(35) ParOldGen: 334870K(699392K)->366168K(699392K)
[109.540s][info][gc,metaspace   ] GC(35) Metaspace: 125180K(132416K)->125180K(132416K) NonClass: 105813K(109824K)->105813K(109824K) Class: 19367K(22592K)->19367K(22592K)
[109.540s][info][gc             ] GC(35) Pause Young (Allocation Failure) 571M->401M(961M) 12.992ms
[109.540s][info][gc,cpu         ] GC(35) User=0.00s Sys=0.00s Real=0.00s
[109.560s][info][gc,start       ] GC(36) Pause Young (Allocation Failure)
[109.583s][info][gc,heap        ] GC(36) PSYoungGen: 284262K(284672K)->50896K(290816K) Eden: 239616K(239616K)->0K(239616K) From: 44646K(45056K)->50896K(51200K)
[109.583s][info][gc,heap        ] GC(36) ParOldGen: 366168K(699392K)->472490K(699392K)
[109.583s][info][gc,metaspace   ] GC(36) Metaspace: 125180K(132416K)->125180K(132416K) NonClass: 105813K(109824K)->105813K(109824K) Class: 19367K(22592K)->19367K(22592K)
[109.583s][info][gc             ] GC(36) Pause Young (Allocation Failure) 635M->511M(967M) 23.435ms
[109.583s][info][gc,cpu         ] GC(36) User=0.06s Sys=0.22s Real=0.02s
[109.607s][info][gc,start       ] GC(37) Pause Young (Allocation Failure)
[109.628s][info][gc,heap        ] GC(37) PSYoungGen: 290512K(290816K)->57178K(257024K) Eden: 239616K(239616K)->0K(198656K) From: 50896K(51200K)->57178K(58368K)
[109.628s][info][gc,heap        ] GC(37) ParOldGen: 472490K(699392K)->560071K(699392K)
[109.628s][info][gc,metaspace   ] GC(37) Metaspace: 125180K(132416K)->125180K(132416K) NonClass: 105813K(109824K)->105813K(109824K) Class: 19367K(22592K)->19367K(22592K)
[109.628s][info][gc             ] GC(37) Pause Young (Allocation Failure) 745M->602M(934M) 20.875ms
[109.628s][info][gc,cpu         ] GC(37) User=0.02s Sys=0.20s Real=0.02s
[109.645s][info][gc,start       ] GC(38) Pause Young (Allocation Failure)
[109.659s][info][gc,heap        ] GC(38) PSYoungGen: 255834K(257024K)->13492K(273920K) Eden: 198656K(198656K)->0K(198656K) From: 57178K(58368K)->13492K(75264K)
[109.659s][info][gc,heap        ] GC(38) ParOldGen: 560071K(699392K)->616425K(699392K)
[109.659s][info][gc,metaspace   ] GC(38) Metaspace: 125180K(132416K)->125180K(132416K) NonClass: 105813K(109824K)->105813K(109824K) Class: 19367K(22592K)->19367K(22592K)
[109.659s][info][gc             ] GC(38) Pause Young (Allocation Failure) 796M->615M(950M) 13.783ms
[109.659s][info][gc,cpu         ] GC(38) User=0.03s Sys=0.13s Real=0.02s
[109.659s][info][gc,start       ] GC(39) Pause Full (Ergonomics)
[109.659s][info][gc,phases,start] GC(39) Marking Phase
[109.742s][info][gc,phases      ] GC(39) Marking Phase 82.882ms
[109.742s][info][gc,phases,start] GC(39) Summary Phase
[109.742s][info][gc,phases      ] GC(39) Summary Phase 0.031ms
[109.742s][info][gc,phases,start] GC(39) Adjust Roots
[109.761s][info][gc,phases      ] GC(39) Adjust Roots 18.249ms
[109.761s][info][gc,phases,start] GC(39) Compaction Phase
[109.783s][info][gc,phases      ] GC(39) Compaction Phase 22.539ms
[109.783s][info][gc,phases,start] GC(39) Post Compact
[109.807s][info][gc,phases      ] GC(39) Post Compact 23.295ms
[109.807s][info][gc,heap        ] GC(39) PSYoungGen: 13492K(273920K)->0K(269312K) Eden: 0K(198656K)->0K(203264K) From: 13492K(75264K)->0K(66048K)
[109.807s][info][gc,heap        ] GC(39) ParOldGen: 616425K(699392K)->361918K(699392K)
[109.807s][info][gc,metaspace   ] GC(39) Metaspace: 125180K(132416K)->114751K(129664K) NonClass: 105813K(109824K)->98052K(107328K) Class: 19367K(22592K)->16698K(22336K)
[109.807s][info][gc             ] GC(39) Pause Full (Ergonomics) 615M->353M(946M) 147.718ms
[109.807s][info][gc,cpu         ] GC(39) User=1.08s Sys=0.05s Real=0.14s
[109.823s][info][gc,start       ] GC(40) Pause Young (Allocation Failure)
[109.826s][info][gc,heap        ] GC(40) PSYoungGen: 203264K(269312K)->7114K(273920K) Eden: 203264K(203264K)->0K(203264K) From: 0K(66048K)->7114K(70656K)
[109.826s][info][gc,heap        ] GC(40) ParOldGen: 361918K(699392K)->361918K(699392K)
[109.826s][info][gc,metaspace   ] GC(40) Metaspace: 114751K(129664K)->114751K(129664K) NonClass: 98052K(107328K)->98052K(107328K) Class: 16698K(22336K)->16698K(22336K)
[109.826s][info][gc             ] GC(40) Pause Young (Allocation Failure) 551M->360M(950M) 2.966ms
[109.826s][info][gc,cpu         ] GC(40) User=0.34s Sys=0.00s Real=0.02s
[109.840s][info][gc,start       ] GC(41) Pause Young (Allocation Failure)
[109.842s][info][gc,heap        ] GC(41) PSYoungGen: 210378K(273920K)->832K(272384K) Eden: 203264K(203264K)->0K(210432K) From: 7114K(70656K)->832K(61952K)
[109.842s][info][gc,heap        ] GC(41) ParOldGen: 361918K(699392K)->368344K(699392K)
[109.842s][info][gc,metaspace   ] GC(41) Metaspace: 114751K(129664K)->114751K(129664K) NonClass: 98052K(107328K)->98052K(107328K) Class: 16698K(22336K)->16698K(22336K)
[109.842s][info][gc             ] GC(41) Pause Young (Allocation Failure) 558M->360M(949M) 2.380ms
[109.842s][info][gc,cpu         ] GC(41) User=0.00s Sys=0.00s Real=0.00s
[109.856s][info][gc,start       ] GC(42) Pause Young (Allocation Failure)
[109.857s][info][gc,heap        ] GC(42) PSYoungGen: 211264K(272384K)->704K(276480K) Eden: 210432K(210432K)->0K(210432K) From: 832K(61952K)->704K(66048K)
[109.857s][info][gc,heap        ] GC(42) ParOldGen: 368344K(699392K)->368400K(699392K)
[109.857s][info][gc,metaspace   ] GC(42) Metaspace: 114751K(129664K)->114751K(129664K) NonClass: 98052K(107328K)->98052K(107328K) Class: 16698K(22336K)->16698K(22336K)
[109.857s][info][gc             ] GC(42) Pause Young (Allocation Failure) 566M->360M(953M) 0.753ms
[109.857s][info][gc,cpu         ] GC(42) User=0.00s Sys=0.00s Real=0.00s
[109.871s][info][gc,start       ] GC(43) Pause Young (Allocation Failure)
[109.872s][info][gc,heap        ] GC(43) PSYoungGen: 211136K(276480K)->832K(276480K) Eden: 210432K(210432K)->0K(219648K) From: 704K(66048K)->832K(56832K)
[109.872s][info][gc,heap        ] GC(43) ParOldGen: 368400K(699392K)->368448K(699392K)
[109.872s][info][gc,metaspace   ] GC(43) Metaspace: 114751K(129664K)->114751K(129664K) NonClass: 98052K(107328K)->98052K(107328K) Class: 16698K(22336K)->16698K(22336K)
[109.872s][info][gc             ] GC(43) Pause Young (Allocation Failure) 565M->360M(953M) 0.922ms
[109.872s][info][gc,cpu         ] GC(43) User=0.00s Sys=0.00s Real=0.00s
[109.888s][info][gc,start       ] GC(44) Pause Young (Allocation Failure)
[109.889s][info][gc,heap        ] GC(44) PSYoungGen: 220480K(276480K)->882K(280576K) Eden: 219648K(219648K)->0K(219648K) From: 832K(56832K)->882K(60928K)
[109.889s][info][gc,heap        ] GC(44) ParOldGen: 368448K(699392K)->368488K(699392K)
[109.889s][info][gc,metaspace   ] GC(44) Metaspace: 114764K(129664K)->114764K(129664K) NonClass: 98055K(107328K)->98055K(107328K) Class: 16709K(22336K)->16709K(22336K)
[109.889s][info][gc             ] GC(44) Pause Young (Allocation Failure) 575M->360M(957M) 0.846ms
[109.889s][info][gc,cpu         ] GC(44) User=0.00s Sys=0.00s Real=0.00s
[109.913s][info][gc,start       ] GC(45) Pause Young (Allocation Failure)
[109.918s][info][gc,heap        ] GC(45) PSYoungGen: 220530K(280576K)->58351K(265216K) Eden: 219648K(219648K)->0K(206848K) From: 882K(60928K)->58351K(58368K)
[109.918s][info][gc,heap        ] GC(45) ParOldGen: 368488K(699392K)->368667K(699392K)
[109.918s][info][gc,metaspace   ] GC(45) Metaspace: 114796K(129664K)->114796K(129664K) NonClass: 98074K(107328K)->98074K(107328K) Class: 16721K(22336K)->16721K(22336K)
[109.918s][info][gc             ] GC(45) Pause Young (Allocation Failure) 575M->417M(942M) 4.453ms
[109.918s][info][gc,cpu         ] GC(45) User=0.00s Sys=0.00s Real=0.00s
[109.949s][info][gc,start       ] GC(46) Pause Young (Allocation Failure)
[109.959s][info][gc,heap        ] GC(46) PSYoungGen: 265199K(265216K)->70553K(277504K) Eden: 206848K(206848K)->0K(206848K) From: 58351K(58368K)->70553K(70656K)
[109.959s][info][gc,heap        ] GC(46) ParOldGen: 368667K(699392K)->446767K(699392K)
[109.959s][info][gc,metaspace   ] GC(46) Metaspace: 114796K(129664K)->114796K(129664K) NonClass: 98075K(107328K)->98075K(107328K) Class: 16721K(22336K)->16721K(22336K)
[109.959s][info][gc             ] GC(46) Pause Young (Allocation Failure) 619M->505M(954M) 9.256ms
[109.959s][info][gc,cpu         ] GC(46) User=0.00s Sys=0.00s Real=0.00s
[109.995s][info][gc,start       ] GC(47) Pause Young (Allocation Failure)
[110.008s][info][gc,heap        ] GC(47) PSYoungGen: 275635K(277504K)->70381K(226304K) Eden: 205081K(206848K)->0K(154624K) From: 70553K(70656K)->70381K(71680K)
[110.008s][info][gc,heap        ] GC(47) ParOldGen: 446767K(699392K)->598330K(699392K)
[110.008s][info][gc,metaspace   ] GC(47) Metaspace: 114812K(129664K)->114812K(129664K) NonClass: 98086K(107328K)->98086K(107328K) Class: 16726K(22336K)->16726K(22336K)
[110.008s][info][gc             ] GC(47) Pause Young (Allocation Failure) 705M->653M(904M) 13.201ms
[110.008s][info][gc,cpu         ] GC(47) User=0.00s Sys=0.00s Real=0.00s
[110.009s][info][gc,start       ] GC(48) Pause Full (Ergonomics)
[110.009s][info][gc,phases,start] GC(48) Marking Phase
[110.057s][info][gc,phases      ] GC(48) Marking Phase 48.878ms
[110.057s][info][gc,phases,start] GC(48) Summary Phase
[110.058s][info][gc,phases      ] GC(48) Summary Phase 0.033ms
[110.058s][info][gc,phases,start] GC(48) Adjust Roots
[110.070s][info][gc,phases      ] GC(48) Adjust Roots 12.429ms
[110.070s][info][gc,phases,start] GC(48) Compaction Phase
[110.094s][info][gc,phases      ] GC(48) Compaction Phase 24.412ms
[110.095s][info][gc,phases,start] GC(48) Post Compact
[110.099s][info][gc,phases      ] GC(48) Post Compact 4.246ms
[110.099s][info][gc,heap        ] GC(48) PSYoungGen: 70381K(226304K)->0K(251904K) Eden: 0K(154624K)->0K(154624K) From: 70381K(71680K)->0K(97280K)
[110.099s][info][gc,heap        ] GC(48) ParOldGen: 598330K(699392K)->405694K(699392K)
[110.099s][info][gc,metaspace   ] GC(48) Metaspace: 114812K(129664K)->114808K(129664K) NonClass: 98086K(107328K)->98083K(107328K) Class: 16726K(22336K)->16725K(22336K)
[110.099s][info][gc             ] GC(48) Pause Full (Ergonomics) 653M->396M(929M) 90.347ms
[110.099s][info][gc,cpu         ] GC(48) User=1.33s Sys=0.02s Real=0.09s
[110.129s][info][gc,start       ] GC(49) Pause Young (Allocation Failure)
[110.138s][info][gc,heap        ] GC(49) PSYoungGen: 154624K(251904K)->96399K(215040K) Eden: 154624K(154624K)->0K(117760K) From: 0K(97280K)->96399K(97280K)
[110.139s][info][gc,heap        ] GC(49) ParOldGen: 405694K(699392K)->458711K(699392K)
[110.139s][info][gc,metaspace   ] GC(49) Metaspace: 114815K(129664K)->114815K(129664K) NonClass: 98086K(107328K)->98086K(107328K) Class: 16728K(22336K)->16728K(22336K)
[110.139s][info][gc             ] GC(49) Pause Young (Allocation Failure) 547M->542M(893M) 9.383ms
[110.139s][info][gc,cpu         ] GC(49) User=0.00s Sys=0.00s Real=0.00s
[110.149s][info][gc,start       ] GC(50) Pause Young (Allocation Failure)
[110.156s][info][gc,heap        ] GC(50) PSYoungGen: 214159K(215040K)->103553K(221696K) Eden: 117760K(117760K)->0K(117760K) From: 96399K(97280K)->103553K(103936K)
[110.156s][info][gc,heap        ] GC(50) ParOldGen: 458711K(699392K)->458711K(699392K)
[110.156s][info][gc,metaspace   ] GC(50) Metaspace: 114816K(129664K)->114816K(129664K) NonClass: 98088K(107328K)->98088K(107328K) Class: 16728K(22336K)->16728K(22336K)
[110.156s][info][gc             ] GC(50) Pause Young (Allocation Failure) 657M->549M(899M) 7.135ms
[110.156s][info][gc,cpu         ] GC(50) User=0.28s Sys=0.00s Real=0.02s
[110.165s][info][gc,start       ] GC(51) Pause Young (Allocation Failure)
[110.171s][info][gc,heap        ] GC(51) PSYoungGen: 221313K(221696K)->1442K(232960K) Eden: 117760K(117760K)->0K(116736K) From: 103553K(103936K)->1442K(116224K)
[110.171s][info][gc,heap        ] GC(51) ParOldGen: 458711K(699392K)->557537K(699392K)
[110.171s][info][gc,metaspace   ] GC(51) Metaspace: 114816K(129664K)->114816K(129664K) NonClass: 98088K(107328K)->98088K(107328K) Class: 16728K(22336K)->16728K(22336K)
[110.171s][info][gc             ] GC(51) Pause Young (Allocation Failure) 664M->545M(910M) 6.242ms
[110.172s][info][gc,cpu         ] GC(51) User=0.00s Sys=0.00s Real=0.01s
[110.172s][info][gc,start       ] GC(52) Pause Full (Ergonomics)
[110.172s][info][gc,phases,start] GC(52) Marking Phase
[110.203s][info][gc,phases      ] GC(52) Marking Phase 31.609ms
[110.203s][info][gc,phases,start] GC(52) Summary Phase
[110.203s][info][gc,phases      ] GC(52) Summary Phase 0.027ms
[110.203s][info][gc,phases,start] GC(52) Adjust Roots
[110.212s][info][gc,phases      ] GC(52) Adjust Roots 8.390ms
[110.212s][info][gc,phases,start] GC(52) Compaction Phase
[110.232s][info][gc,phases      ] GC(52) Compaction Phase 20.335ms
[110.232s][info][gc,phases,start] GC(52) Post Compact
[110.235s][info][gc,phases      ] GC(52) Post Compact 2.920ms
[110.235s][info][gc,heap        ] GC(52) PSYoungGen: 1442K(232960K)->0K(232960K) Eden: 0K(116736K)->0K(116736K) From: 1442K(116224K)->0K(116224K)
[110.235s][info][gc,heap        ] GC(52) ParOldGen: 557537K(699392K)->267556K(699392K)
[110.235s][info][gc,metaspace   ] GC(52) Metaspace: 114816K(129664K)->114816K(129664K) NonClass: 98088K(107328K)->98088K(107328K) Class: 16728K(22336K)->16728K(22336K)
[110.235s][info][gc             ] GC(52) Pause Full (Ergonomics) 545M->261M(910M) 63.521ms
[110.235s][info][gc,cpu         ] GC(52) User=0.36s Sys=0.00s Real=0.05s
[110.245s][info][gc,start       ] GC(53) Pause Young (Allocation Failure)
[110.246s][info][gc,heap        ] GC(53) PSYoungGen: 116736K(232960K)->9880K(232960K) Eden: 116736K(116736K)->0K(116736K) From: 0K(116224K)->9880K(116224K)
[110.246s][info][gc,heap        ] GC(53) ParOldGen: 267556K(699392K)->267556K(699392K)
[110.246s][info][gc,metaspace   ] GC(53) Metaspace: 114816K(129664K)->114816K(129664K) NonClass: 98088K(107328K)->98088K(107328K) Class: 16728K(22336K)->16728K(22336K)
[110.246s][info][gc             ] GC(53) Pause Young (Allocation Failure) 375M->270M(910M) 1.481ms
[110.246s][info][gc,cpu         ] GC(53) User=0.00s Sys=0.00s Real=0.00s
[110.255s][info][gc,start       ] GC(54) Pause Young (Allocation Failure)
[110.256s][info][gc,heap        ] GC(54) PSYoungGen: 126616K(232960K)->8612K(232960K) Eden: 116736K(116736K)->0K(116736K) From: 9880K(116224K)->8612K(116224K)
[110.256s][info][gc,heap        ] GC(54) ParOldGen: 267556K(699392K)->276773K(699392K)
[110.257s][info][gc,metaspace   ] GC(54) Metaspace: 114816K(129664K)->114816K(129664K) NonClass: 98088K(107328K)->98088K(107328K) Class: 16728K(22336K)->16728K(22336K)
[110.257s][info][gc             ] GC(54) Pause Young (Allocation Failure) 384M->278M(910M) 1.746ms
[110.257s][info][gc,cpu         ] GC(54) User=0.00s Sys=0.00s Real=0.00s
[110.265s][info][gc,start       ] GC(55) Pause Young (Allocation Failure)
[110.266s][info][gc,heap        ] GC(55) PSYoungGen: 125348K(232960K)->3502K(232960K) Eden: 116736K(116736K)->0K(116736K) From: 8612K(116224K)->3502K(116224K)
[110.266s][info][gc,heap        ] GC(55) ParOldGen: 276773K(699392K)->284706K(699392K)
[110.266s][info][gc,metaspace   ] GC(55) Metaspace: 114817K(129664K)->114817K(129664K) NonClass: 98089K(107328K)->98089K(107328K) Class: 16728K(22336K)->16728K(22336K)
[110.266s][info][gc             ] GC(55) Pause Young (Allocation Failure) 392M->281M(910M) 1.209ms
[110.266s][info][gc,cpu         ] GC(55) User=0.00s Sys=0.00s Real=0.00s
[110.275s][info][gc,start       ] GC(56) Pause Young (Allocation Failure)
[110.277s][info][gc,heap        ] GC(56) PSYoungGen: 120238K(232960K)->16489K(133632K) Eden: 116736K(116736K)->0K(116736K) From: 3502K(116224K)->16489K(16896K)
[110.277s][info][gc,heap        ] GC(56) ParOldGen: 284706K(699392K)->287480K(699392K)
[110.277s][info][gc,metaspace   ] GC(56) Metaspace: 114817K(129664K)->114817K(129664K) NonClass: 98089K(107328K)->98089K(107328K) Class: 16728K(22336K)->16728K(22336K)
[110.277s][info][gc             ] GC(56) Pause Young (Allocation Failure) 395M->296M(813M) 2.690ms
[110.277s][info][gc,cpu         ] GC(56) User=0.00s Sys=0.00s Real=0.00s
[110.286s][info][gc,start       ] GC(57) Pause Young (Allocation Failure)
[110.289s][info][gc,heap        ] GC(57) PSYoungGen: 133225K(133632K)->28144K(228864K) Eden: 116736K(116736K)->0K(124928K) From: 16489K(16896K)->28144K(103936K)
[110.289s][info][gc,heap        ] GC(57) ParOldGen: 287480K(699392K)->287480K(699392K)
[110.289s][info][gc,metaspace   ] GC(57) Metaspace: 114817K(129664K)->114817K(129664K) NonClass: 98089K(107328K)->98089K(107328K) Class: 16728K(22336K)->16728K(22336K)
[110.289s][info][gc             ] GC(57) Pause Young (Allocation Failure) 410M->308M(906M) 3.007ms
[110.289s][info][gc,cpu         ] GC(57) User=0.00s Sys=0.00s Real=0.00s
[110.298s][info][gc,start       ] GC(58) Pause Young (Allocation Failure)
[110.301s][info][gc,heap        ] GC(58) PSYoungGen: 153072K(228864K)->36706K(227328K) Eden: 124928K(124928K)->0K(124928K) From: 28144K(103936K)->36706K(102400K)
[110.301s][info][gc,heap        ] GC(58) ParOldGen: 287480K(699392K)->287480K(699392K)
[110.301s][info][gc,metaspace   ] GC(58) Metaspace: 114817K(129664K)->114817K(129664K) NonClass: 98089K(107328K)->98089K(107328K) Class: 16728K(22336K)->16728K(22336K)
[110.301s][info][gc             ] GC(58) Pause Young (Allocation Failure) 430M->316M(905M) 2.589ms
[110.301s][info][gc,cpu         ] GC(58) User=0.00s Sys=0.00s Real=0.00s
[110.310s][info][gc,start       ] GC(59) Pause Young (Allocation Failure)
[110.313s][info][gc,heap        ] GC(59) PSYoungGen: 161634K(227328K)->37519K(227840K) Eden: 124928K(124928K)->0K(136192K) From: 36706K(102400K)->37519K(91648K)
[110.313s][info][gc,heap        ] GC(59) ParOldGen: 287480K(699392K)->287480K(699392K)
[110.313s][info][gc,metaspace   ] GC(59) Metaspace: 114817K(129664K)->114817K(129664K) NonClass: 98089K(107328K)->98089K(107328K) Class: 16728K(22336K)->16728K(22336K)
[110.313s][info][gc             ] GC(59) Pause Young (Allocation Failure) 438M->317M(905M) 3.031ms
[110.313s][info][gc,cpu         ] GC(59) User=0.00s Sys=0.00s Real=0.00s
[110.323s][info][gc,start       ] GC(60) Pause Young (Allocation Failure)
[110.326s][info][gc,heap        ] GC(60) PSYoungGen: 173711K(227840K)->37487K(230912K) Eden: 136192K(136192K)->0K(136192K) From: 37519K(91648K)->37487K(94720K)
[110.326s][info][gc,heap        ] GC(60) ParOldGen: 287480K(699392K)->287480K(699392K)
[110.326s][info][gc,metaspace   ] GC(60) Metaspace: 114817K(129664K)->114817K(129664K) NonClass: 98089K(107328K)->98089K(107328K) Class: 16728K(22336K)->16728K(22336K)
[110.326s][info][gc             ] GC(60) Pause Young (Allocation Failure) 450M->317M(908M) 2.688ms
[110.326s][info][gc,cpu         ] GC(60) User=0.00s Sys=0.00s Real=0.00s
[110.336s][info][gc,start       ] GC(61) Pause Young (Allocation Failure)
[110.339s][info][gc,heap        ] GC(61) PSYoungGen: 173679K(230912K)->42239K(237056K) Eden: 136192K(136192K)->0K(148480K) From: 37487K(94720K)->42239K(88576K)
[110.339s][info][gc,heap        ] GC(61) ParOldGen: 287480K(699392K)->287480K(699392K)
[110.339s][info][gc,metaspace   ] GC(61) Metaspace: 114817K(129664K)->114817K(129664K) NonClass: 98089K(107328K)->98089K(107328K) Class: 16728K(22336K)->16728K(22336K)
[110.339s][info][gc             ] GC(61) Pause Young (Allocation Failure) 450M->321M(914M) 2.894ms
[110.339s][info][gc,cpu         ] GC(61) User=0.00s Sys=0.00s Real=0.00s
[110.350s][info][gc,start       ] GC(62) Pause Young (Allocation Failure)
[110.354s][info][gc,heap        ] GC(62) PSYoungGen: 190719K(237056K)->61021K(238080K) Eden: 148480K(148480K)->0K(148480K) From: 42239K(88576K)->61021K(89600K)
[110.354s][info][gc,heap        ] GC(62) ParOldGen: 287480K(699392K)->287480K(699392K)
[110.354s][info][gc,metaspace   ] GC(62) Metaspace: 114817K(129664K)->114817K(129664K) NonClass: 98089K(107328K)->98089K(107328K) Class: 16728K(22336K)->16728K(22336K)
[110.354s][info][gc             ] GC(62) Pause Young (Allocation Failure) 466M->340M(915M) 4.262ms
[110.354s][info][gc,cpu         ] GC(62) User=0.00s Sys=0.00s Real=0.00s
[110.365s][info][gc,start       ] GC(63) Pause Young (Allocation Failure)
[110.370s][info][gc,heap        ] GC(63) PSYoungGen: 209501K(238080K)->71209K(239104K) Eden: 148480K(148480K)->0K(144384K) From: 61021K(89600K)->71209K(94720K)
[110.370s][info][gc,heap        ] GC(63) ParOldGen: 287480K(699392K)->287480K(699392K)
[110.370s][info][gc,metaspace   ] GC(63) Metaspace: 114817K(129664K)->114817K(129664K) NonClass: 98089K(107328K)->98089K(107328K) Class: 16728K(22336K)->16728K(22336K)
[110.370s][info][gc             ] GC(63) Pause Young (Allocation Failure) 485M->350M(916M) 5.365ms
[110.370s][info][gc,cpu         ] GC(63) User=0.00s Sys=0.00s Real=0.00s
[110.380s][info][gc,start       ] GC(64) Pause Young (Allocation Failure)
[110.385s][info][gc,heap        ] GC(64) PSYoungGen: 215593K(239104K)->77299K(221696K) Eden: 144384K(144384K)->0K(144384K) From: 71209K(94720K)->77299K(77312K)
[110.386s][info][gc,heap        ] GC(64) ParOldGen: 287480K(699392K)->287480K(699392K)
[110.386s][info][gc,metaspace   ] GC(64) Metaspace: 114817K(129664K)->114817K(129664K) NonClass: 98089K(107328K)->98089K(107328K) Class: 16728K(22336K)->16728K(22336K)
[110.386s][info][gc             ] GC(64) Pause Young (Allocation Failure) 491M->356M(899M) 5.210ms
[110.386s][info][gc,cpu         ] GC(64) User=0.00s Sys=0.00s Real=0.00s
[110.396s][info][gc,start       ] GC(65) Pause Young (Allocation Failure)
[110.400s][info][gc,heap        ] GC(65) PSYoungGen: 221683K(221696K)->75768K(227328K) Eden: 144384K(144384K)->0K(116736K) From: 77299K(77312K)->75768K(110592K)
[110.400s][info][gc,heap        ] GC(65) ParOldGen: 287480K(699392K)->287480K(699392K)
[110.400s][info][gc,metaspace   ] GC(65) Metaspace: 114817K(129664K)->114817K(129664K) NonClass: 98089K(107328K)->98089K(107328K) Class: 16728K(22336K)->16728K(22336K)
[110.400s][info][gc             ] GC(65) Pause Young (Allocation Failure) 497M->354M(905M) 4.796ms
[110.400s][info][gc,cpu         ] GC(65) User=0.00s Sys=0.00s Real=0.00s
[110.408s][info][gc,start       ] GC(66) Pause Young (Allocation Failure)
[110.413s][info][gc,heap        ] GC(66) PSYoungGen: 192504K(227328K)->75864K(232960K) Eden: 116736K(116736K)->0K(116736K) From: 75768K(110592K)->75864K(116224K)
[110.413s][info][gc,heap        ] GC(66) ParOldGen: 287480K(699392K)->287480K(699392K)
[110.413s][info][gc,metaspace   ] GC(66) Metaspace: 114817K(129664K)->114817K(129664K) NonClass: 98089K(107328K)->98089K(107328K) Class: 16728K(22336K)->16728K(22336K)
[110.413s][info][gc             ] GC(66) Pause Young (Allocation Failure) 468M->354M(910M) 4.870ms
[110.413s][info][gc,cpu         ] GC(66) User=0.00s Sys=0.00s Real=0.00s
[110.421s][info][gc,start       ] GC(67) Pause Young (Allocation Failure)
[110.426s][info][gc,heap        ] GC(67) PSYoungGen: 192600K(232960K)->75800K(232960K) Eden: 116736K(116736K)->0K(116736K) From: 75864K(116224K)->75800K(116224K)
[110.426s][info][gc,heap        ] GC(67) ParOldGen: 287480K(699392K)->287480K(699392K)
[110.426s][info][gc,metaspace   ] GC(67) Metaspace: 114817K(129664K)->114817K(129664K) NonClass: 98089K(107328K)->98089K(107328K) Class: 16728K(22336K)->16728K(22336K)
[110.426s][info][gc             ] GC(67) Pause Young (Allocation Failure) 468M->354M(910M) 4.790ms
[110.426s][info][gc,cpu         ] GC(67) User=0.00s Sys=0.00s Real=0.00s
[110.434s][info][gc,start       ] GC(68) Pause Young (Allocation Failure)
[110.438s][info][gc,heap        ] GC(68) PSYoungGen: 192536K(232960K)->71145K(232960K) Eden: 116736K(116736K)->0K(116736K) From: 75800K(116224K)->71145K(116224K)
[110.438s][info][gc,heap        ] GC(68) ParOldGen: 287480K(699392K)->292200K(699392K)
[110.438s][info][gc,metaspace   ] GC(68) Metaspace: 114817K(129664K)->114817K(129664K) NonClass: 98089K(107328K)->98089K(107328K) Class: 16728K(22336K)->16728K(22336K)
[110.438s][info][gc             ] GC(68) Pause Young (Allocation Failure) 468M->354M(910M) 4.787ms
[110.438s][info][gc,cpu         ] GC(68) User=0.00s Sys=0.00s Real=0.00s
[110.446s][info][gc,start       ] GC(69) Pause Young (Allocation Failure)
[110.451s][info][gc,heap        ] GC(69) PSYoungGen: 187881K(232960K)->16489K(232960K) Eden: 116736K(116736K)->0K(116736K) From: 71145K(116224K)->16489K(116224K)
[110.451s][info][gc,heap        ] GC(69) ParOldGen: 292200K(699392K)->347048K(699392K)
[110.451s][info][gc,metaspace   ] GC(69) Metaspace: 114817K(129664K)->114817K(129664K) NonClass: 98089K(107328K)->98089K(107328K) Class: 16728K(22336K)->16728K(22336K)
[110.451s][info][gc             ] GC(69) Pause Young (Allocation Failure) 468M->355M(910M) 4.629ms
[110.451s][info][gc,cpu         ] GC(69) User=0.00s Sys=0.00s Real=0.00s
[110.459s][info][gc,start       ] GC(70) Pause Young (Allocation Failure)
[110.460s][info][gc,heap        ] GC(70) PSYoungGen: 133225K(232960K)->832K(232960K) Eden: 116736K(116736K)->0K(116736K) From: 16489K(116224K)->832K(116224K)
[110.460s][info][gc,heap        ] GC(70) ParOldGen: 347048K(699392K)->362793K(699392K)
[110.460s][info][gc,metaspace   ] GC(70) Metaspace: 114817K(129664K)->114817K(129664K) NonClass: 98089K(107328K)->98089K(107328K) Class: 16728K(22336K)->16728K(22336K)
[110.460s][info][gc             ] GC(70) Pause Young (Allocation Failure) 469M->355M(910M) 1.709ms
[110.460s][info][gc,cpu         ] GC(70) User=0.00s Sys=0.00s Real=0.00s
[110.468s][info][gc,start       ] GC(71) Pause Young (Allocation Failure)
[110.469s][info][gc,heap        ] GC(71) PSYoungGen: 117568K(232960K)->800K(232960K) Eden: 116736K(116736K)->0K(116736K) From: 832K(116224K)->800K(116224K)
[110.469s][info][gc,heap        ] GC(71) ParOldGen: 362793K(699392K)->362865K(699392K)
[110.469s][info][gc,metaspace   ] GC(71) Metaspace: 114817K(129664K)->114817K(129664K) NonClass: 98089K(107328K)->98089K(107328K) Class: 16728K(22336K)->16728K(22336K)
[110.469s][info][gc             ] GC(71) Pause Young (Allocation Failure) 469M->355M(910M) 0.744ms
[110.469s][info][gc,cpu         ] GC(71) User=0.00s Sys=0.00s Real=0.00s
[110.477s][info][gc,start       ] GC(72) Pause Young (Allocation Failure)
[110.478s][info][gc,heap        ] GC(72) PSYoungGen: 117536K(232960K)->13332K(232960K) Eden: 116736K(116736K)->0K(116736K) From: 800K(116224K)->13332K(116224K)
[110.478s][info][gc,heap        ] GC(72) ParOldGen: 362865K(699392K)->362881K(699392K)
[110.478s][info][gc,metaspace   ] GC(72) Metaspace: 114817K(129664K)->114817K(129664K) NonClass: 98089K(107328K)->98089K(107328K) Class: 16728K(22336K)->16728K(22336K)
[110.478s][info][gc             ] GC(72) Pause Young (Allocation Failure) 469M->367M(910M) 1.381ms
[110.478s][info][gc,cpu         ] GC(72) User=0.00s Sys=0.00s Real=0.00s
[110.500s][info][gc,start       ] GC(73) Pause Young (Allocation Failure)
[110.503s][info][gc,heap        ] GC(73) PSYoungGen: 130068K(232960K)->41553K(225792K) Eden: 116736K(116736K)->0K(116736K) From: 13332K(116224K)->41553K(109056K)
[110.503s][info][gc,heap        ] GC(73) ParOldGen: 362881K(699392K)->362889K(699392K)
[110.503s][info][gc,metaspace   ] GC(73) Metaspace: 114817K(129664K)->114817K(129664K) NonClass: 98089K(107328K)->98089K(107328K) Class: 16728K(22336K)->16728K(22336K)
[110.503s][info][gc             ] GC(73) Pause Young (Allocation Failure) 481M->394M(903M) 3.553ms
[110.503s][info][gc,cpu         ] GC(73) User=0.00s Sys=0.00s Real=0.00s
[110.512s][info][gc,start       ] GC(74) Pause Young (Allocation Failure)
[110.517s][info][gc,heap        ] GC(74) PSYoungGen: 158289K(225792K)->69646K(229376K) Eden: 116736K(116736K)->0K(116736K) From: 41553K(109056K)->69646K(112640K)
[110.517s][info][gc,heap        ] GC(74) ParOldGen: 362889K(699392K)->362889K(699392K)
[110.517s][info][gc,metaspace   ] GC(74) Metaspace: 114817K(129664K)->114817K(129664K) NonClass: 98089K(107328K)->98089K(107328K) Class: 16728K(22336K)->16728K(22336K)
[110.517s][info][gc             ] GC(74) Pause Young (Allocation Failure) 508M->422M(907M) 4.787ms
[110.517s][info][gc,cpu         ] GC(74) User=0.00s Sys=0.00s Real=0.00s
[110.525s][info][gc,start       ] GC(75) Pause Young (Allocation Failure)
[110.532s][info][gc,heap        ] GC(75) PSYoungGen: 186382K(229376K)->60239K(232960K) Eden: 116736K(116736K)->0K(116736K) From: 69646K(112640K)->60239K(116224K)
[110.532s][info][gc,heap        ] GC(75) ParOldGen: 362889K(699392K)->403602K(699392K)
[110.532s][info][gc,metaspace   ] GC(75) Metaspace: 114817K(129664K)->114817K(129664K) NonClass: 98089K(107328K)->98089K(107328K) Class: 16728K(22336K)->16728K(22336K)
[110.532s][info][gc             ] GC(75) Pause Young (Allocation Failure) 536M->452M(910M) 6.585ms
[110.532s][info][gc,cpu         ] GC(75) User=0.00s Sys=0.00s Real=0.00s
[110.541s][info][gc,start       ] GC(76) Pause Young (Allocation Failure)
[110.547s][info][gc,heap        ] GC(76) PSYoungGen: 176975K(232960K)->25864K(142848K) Eden: 116736K(116736K)->0K(116736K) From: 60239K(116224K)->25864K(26112K)
[110.547s][info][gc,heap        ] GC(76) ParOldGen: 403602K(699392K)->463114K(699392K)
[110.547s][info][gc,metaspace   ] GC(76) Metaspace: 114817K(129664K)->114817K(129664K) NonClass: 98089K(107328K)->98089K(107328K) Class: 16728K(22336K)->16728K(22336K)
[110.547s][info][gc             ] GC(76) Pause Young (Allocation Failure) 566M->477M(822M) 5.996ms
[110.547s][info][gc,cpu         ] GC(76) User=0.00s Sys=0.00s Real=0.00s
[110.564s][info][gc,start       ] GC(77) Pause Young (Allocation Failure)
[110.568s][info][gc,heap        ] GC(77) PSYoungGen: 142600K(142848K)->22739K(232448K) Eden: 116736K(116736K)->0K(120320K) From: 25864K(26112K)->22739K(112128K)
[110.568s][info][gc,heap        ] GC(77) ParOldGen: 463114K(699392K)->488186K(699392K)
[110.568s][info][gc,metaspace   ] GC(77) Metaspace: 114817K(129664K)->114817K(129664K) NonClass: 98089K(107328K)->98089K(107328K) Class: 16728K(22336K)->16728K(22336K)
[110.568s][info][gc             ] GC(77) Pause Young (Allocation Failure) 591M->498M(910M) 3.787ms
[110.568s][info][gc,cpu         ] GC(77) User=0.00s Sys=0.00s Real=0.00s
[110.576s][info][gc,start       ] GC(78) Pause Young (Allocation Failure)
[110.579s][info][gc,heap        ] GC(78) PSYoungGen: 143059K(232448K)->3893K(228864K) Eden: 120320K(120320K)->0K(120320K) From: 22739K(112128K)->3893K(108544K)
[110.579s][info][gc,heap        ] GC(78) ParOldGen: 488186K(699392K)->510133K(699392K)
[110.579s][info][gc,metaspace   ] GC(78) Metaspace: 114817K(129664K)->114817K(129664K) NonClass: 98089K(107328K)->98089K(107328K) Class: 16728K(22336K)->16728K(22336K)
[110.579s][info][gc             ] GC(78) Pause Young (Allocation Failure) 616M->501M(906M) 2.646ms
[110.579s][info][gc,cpu         ] GC(78) User=0.00s Sys=0.00s Real=0.00s
[110.587s][info][gc,start       ] GC(79) Pause Young (Allocation Failure)
[110.589s][info][gc,heap        ] GC(79) PSYoungGen: 124213K(228864K)->832K(237056K) Eden: 120320K(120320K)->0K(129536K) From: 3893K(108544K)->832K(107520K)
[110.589s][info][gc,heap        ] GC(79) ParOldGen: 510133K(699392K)->513282K(699392K)
[110.589s][info][gc,metaspace   ] GC(79) Metaspace: 114817K(129664K)->114817K(129664K) NonClass: 98089K(107328K)->98089K(107328K) Class: 16728K(22336K)->16728K(22336K)
[110.589s][info][gc             ] GC(79) Pause Young (Allocation Failure) 619M->502M(914M) 1.531ms
[110.589s][info][gc,cpu         ] GC(79) User=0.00s Sys=0.00s Real=0.00s
[110.597s][info][gc,start       ] GC(80) Pause Young (Allocation Failure)
[110.598s][info][gc,heap        ] GC(80) PSYoungGen: 130368K(237056K)->768K(236032K) Eden: 129536K(129536K)->0K(129536K) From: 832K(107520K)->768K(106496K)
[110.598s][info][gc,heap        ] GC(80) ParOldGen: 513282K(699392K)->513282K(699392K)
[110.598s][info][gc,metaspace   ] GC(80) Metaspace: 114817K(129664K)->114817K(129664K) NonClass: 98089K(107328K)->98089K(107328K) Class: 16728K(22336K)->16728K(22336K)
[110.598s][info][gc             ] GC(80) Pause Young (Allocation Failure) 628M->502M(913M) 0.903ms
[110.598s][info][gc,cpu         ] GC(80) User=0.00s Sys=0.00s Real=0.00s
[110.607s][info][gc,start       ] GC(81) Pause Young (Allocation Failure)
[110.608s][info][gc,heap        ] GC(81) PSYoungGen: 130304K(236032K)->704K(240128K) Eden: 129536K(129536K)->0K(137728K) From: 768K(106496K)->704K(102400K)
[110.608s][info][gc,heap        ] GC(81) ParOldGen: 513282K(699392K)->513282K(699392K)
[110.608s][info][gc,metaspace   ] GC(81) Metaspace: 114817K(129664K)->114817K(129664K) NonClass: 98089K(107328K)->98089K(107328K) Class: 16728K(22336K)->16728K(22336K)
[110.608s][info][gc             ] GC(81) Pause Young (Allocation Failure) 628M->501M(917M) 0.906ms
[110.608s][info][gc,cpu         ] GC(81) User=0.00s Sys=0.00s Real=0.00s
[110.618s][info][gc,start       ] GC(82) Pause Young (Allocation Failure)
[110.618s][info][gc,heap        ] GC(82) PSYoungGen: 138432K(240128K)->800K(239616K) Eden: 137728K(137728K)->0K(137728K) From: 704K(102400K)->800K(101888K)
[110.618s][info][gc,heap        ] GC(82) ParOldGen: 513282K(699392K)->513282K(699392K)
[110.618s][info][gc,metaspace   ] GC(82) Metaspace: 114817K(129664K)->114817K(129664K) NonClass: 98089K(107328K)->98089K(107328K) Class: 16728K(22336K)->16728K(22336K)
[110.618s][info][gc             ] GC(82) Pause Young (Allocation Failure) 636M->502M(917M) 0.753ms
[110.618s][info][gc,cpu         ] GC(82) User=0.00s Sys=0.00s Real=0.00s
[110.628s][info][gc,start       ] GC(83) Pause Young (Allocation Failure)
[110.628s][info][gc,heap        ] GC(83) PSYoungGen: 138528K(239616K)->768K(240128K) Eden: 137728K(137728K)->0K(146432K) From: 800K(101888K)->768K(93696K)
[110.628s][info][gc,heap        ] GC(83) ParOldGen: 513282K(699392K)->513282K(699392K)
[110.628s][info][gc,metaspace   ] GC(83) Metaspace: 114817K(129664K)->114817K(129664K) NonClass: 98089K(107328K)->98089K(107328K) Class: 16728K(22336K)->16728K(22336K)
[110.628s][info][gc             ] GC(83) Pause Young (Allocation Failure) 636M->502M(917M) 0.765ms
[110.628s][info][gc,cpu         ] GC(83) User=0.00s Sys=0.00s Real=0.00s
[110.638s][info][gc,start       ] GC(84) Pause Young (Allocation Failure)
[110.639s][info][gc,heap        ] GC(84) PSYoungGen: 147200K(240128K)->800K(241664K) Eden: 146432K(146432K)->0K(146432K) From: 768K(93696K)->800K(95232K)
[110.639s][info][gc,heap        ] GC(84) ParOldGen: 513282K(699392K)->513282K(699392K)
[110.639s][info][gc,metaspace   ] GC(84) Metaspace: 114817K(129664K)->114817K(129664K) NonClass: 98089K(107328K)->98089K(107328K) Class: 16728K(22336K)->16728K(22336K)
[110.639s][info][gc             ] GC(84) Pause Young (Allocation Failure) 645M->502M(919M) 0.769ms
[110.639s][info][gc,cpu         ] GC(84) User=0.00s Sys=0.00s Real=0.00s
[110.649s][info][gc,start       ] GC(85) Pause Young (Allocation Failure)
[110.650s][info][gc,heap        ] GC(85) PSYoungGen: 147232K(241664K)->800K(237056K) Eden: 146432K(146432K)->0K(154624K) From: 800K(95232K)->800K(82432K)
[110.650s][info][gc,heap        ] GC(85) ParOldGen: 513282K(699392K)->513282K(699392K)
[110.650s][info][gc,metaspace   ] GC(85) Metaspace: 114817K(129664K)->114817K(129664K) NonClass: 98089K(107328K)->98089K(107328K) Class: 16728K(22336K)->16728K(22336K)
[110.650s][info][gc             ] GC(85) Pause Young (Allocation Failure) 645M->502M(914M) 0.803ms
[110.650s][info][gc,cpu         ] GC(85) User=0.00s Sys=0.00s Real=0.00s
[110.660s][info][gc,start       ] GC(86) Pause Young (Allocation Failure)
[110.661s][info][gc,heap        ] GC(86) PSYoungGen: 155424K(237056K)->704K(241664K) Eden: 154624K(154624K)->0K(154624K) From: 800K(82432K)->704K(87040K)
[110.661s][info][gc,heap        ] GC(86) ParOldGen: 513282K(699392K)->513282K(699392K)
[110.661s][info][gc,metaspace   ] GC(86) Metaspace: 114817K(129664K)->114817K(129664K) NonClass: 98089K(107328K)->98089K(107328K) Class: 16728K(22336K)->16728K(22336K)
[110.661s][info][gc             ] GC(86) Pause Young (Allocation Failure) 653M->501M(919M) 0.887ms
[110.661s][info][gc,cpu         ] GC(86) User=0.00s Sys=0.00s Real=0.00s
[110.672s][info][gc,start       ] GC(87) Pause Young (Allocation Failure)
[110.673s][info][gc,heap        ] GC(87) PSYoungGen: 155328K(241664K)->736K(236544K) Eden: 154624K(154624K)->0K(162304K) From: 704K(87040K)->736K(74240K)
[110.673s][info][gc,heap        ] GC(87) ParOldGen: 513282K(699392K)->513282K(699392K)
[110.673s][info][gc,metaspace   ] GC(87) Metaspace: 114817K(129664K)->114817K(129664K) NonClass: 98089K(107328K)->98089K(107328K) Class: 16728K(22336K)->16728K(22336K)
[110.673s][info][gc             ] GC(87) Pause Young (Allocation Failure) 652M->501M(914M) 1.266ms
[110.673s][info][gc,cpu         ] GC(87) User=0.00s Sys=0.00s Real=0.00s
[110.684s][info][gc,start       ] GC(88) Pause Young (Allocation Failure)
[110.685s][info][gc,heap        ] GC(88) PSYoungGen: 163040K(236544K)->736K(241152K) Eden: 162304K(162304K)->0K(162304K) From: 736K(74240K)->736K(78848K)
[110.685s][info][gc,heap        ] GC(88) ParOldGen: 513282K(699392K)->513282K(699392K)
[110.685s][info][gc,metaspace   ] GC(88) Metaspace: 114817K(129664K)->114817K(129664K) NonClass: 98089K(107328K)->98089K(107328K) Class: 16728K(22336K)->16728K(22336K)
[110.685s][info][gc             ] GC(88) Pause Young (Allocation Failure) 660M->501M(918M) 0.978ms
[110.685s][info][gc,cpu         ] GC(88) User=0.00s Sys=0.00s Real=0.00s
[110.697s][info][gc,start       ] GC(89) Pause Young (Allocation Failure)
[110.698s][info][gc,heap        ] GC(89) PSYoungGen: 163040K(241152K)->768K(235520K) Eden: 162304K(162304K)->0K(169472K) From: 736K(78848K)->768K(66048K)
[110.698s][info][gc,heap        ] GC(89) ParOldGen: 513282K(699392K)->513282K(699392K)
[110.698s][info][gc,metaspace   ] GC(89) Metaspace: 114818K(129664K)->114818K(129664K) NonClass: 98090K(107328K)->98090K(107328K) Class: 16728K(22336K)->16728K(22336K)
[110.698s][info][gc             ] GC(89) Pause Young (Allocation Failure) 660M->502M(913M) 1.460ms
[110.698s][info][gc,cpu         ] GC(89) User=0.00s Sys=0.00s Real=0.00s
[110.710s][info][gc,start       ] GC(90) Pause Young (Allocation Failure)
[110.711s][info][gc,heap        ] GC(90) PSYoungGen: 170240K(235520K)->736K(240128K) Eden: 169472K(169472K)->0K(169472K) From: 768K(66048K)->736K(70656K)
[110.711s][info][gc,heap        ] GC(90) ParOldGen: 513282K(699392K)->513282K(699392K)
[110.711s][info][gc,metaspace   ] GC(90) Metaspace: 114818K(129664K)->114818K(129664K) NonClass: 98090K(107328K)->98090K(107328K) Class: 16728K(22336K)->16728K(22336K)
[110.711s][info][gc             ] GC(90) Pause Young (Allocation Failure) 667M->501M(917M) 0.895ms
[110.711s][info][gc,cpu         ] GC(90) User=0.00s Sys=0.00s Real=0.00s
[110.723s][info][gc,start       ] GC(91) Pause Young (Allocation Failure)
[110.724s][info][gc,heap        ] GC(91) PSYoungGen: 170208K(240128K)->864K(235520K) Eden: 169472K(169472K)->0K(176640K) From: 736K(70656K)->864K(58880K)
[110.724s][info][gc,heap        ] GC(91) ParOldGen: 513282K(699392K)->513282K(699392K)
[110.724s][info][gc,metaspace   ] GC(91) Metaspace: 114818K(129664K)->114818K(129664K) NonClass: 98090K(107328K)->98090K(107328K) Class: 16728K(22336K)->16728K(22336K)
[110.724s][info][gc             ] GC(91) Pause Young (Allocation Failure) 667M->502M(913M) 1.792ms
[110.724s][info][gc,cpu         ] GC(91) User=0.00s Sys=0.00s Real=0.00s
[110.737s][info][gc,start       ] GC(92) Pause Young (Allocation Failure)
[110.739s][info][gc,heap        ] GC(92) PSYoungGen: 177504K(235520K)->7050K(239616K) Eden: 176640K(176640K)->0K(176640K) From: 864K(58880K)->7050K(62976K)
[110.739s][info][gc,heap        ] GC(92) ParOldGen: 513282K(699392K)->513282K(699392K)
[110.739s][info][gc,metaspace   ] GC(92) Metaspace: 114818K(129664K)->114818K(129664K) NonClass: 98090K(107328K)->98090K(107328K) Class: 16728K(22336K)->16728K(22336K)
[110.739s][info][gc             ] GC(92) Pause Young (Allocation Failure) 674M->508M(917M) 2.167ms
[110.739s][info][gc,cpu         ] GC(92) User=0.00s Sys=0.00s Real=0.00s
[110.758s][info][gc,start       ] GC(93) Pause Young (Allocation Failure)
[110.762s][info][gc,heap        ] GC(93) PSYoungGen: 183690K(239616K)->50832K(231936K) Eden: 176640K(176640K)->0K(174080K) From: 7050K(62976K)->50832K(57856K)
[110.763s][info][gc,heap        ] GC(93) ParOldGen: 513282K(699392K)->513282K(699392K)
[110.763s][info][gc,metaspace   ] GC(93) Metaspace: 114818K(129664K)->114818K(129664K) NonClass: 98090K(107328K)->98090K(107328K) Class: 16728K(22336K)->16728K(22336K)
[110.763s][info][gc             ] GC(93) Pause Young (Allocation Failure) 680M->550M(909M) 4.459ms
[110.763s][info][gc,cpu         ] GC(93) User=0.00s Sys=0.00s Real=0.00s
[110.779s][info][gc,start       ] GC(94) Pause Young (Allocation Failure)
[110.785s][info][gc,heap        ] GC(94) PSYoungGen: 224912K(231936K)->63556K(242688K) Eden: 174080K(174080K)->0K(174080K) From: 50832K(57856K)->63556K(68608K)
[110.785s][info][gc,heap        ] GC(94) ParOldGen: 513282K(699392K)->544588K(699392K)
[110.785s][info][gc,metaspace   ] GC(94) Metaspace: 114818K(129664K)->114818K(129664K) NonClass: 98090K(107328K)->98090K(107328K) Class: 16728K(22336K)->16728K(22336K)
[110.785s][info][gc             ] GC(94) Pause Young (Allocation Failure) 720M->593M(920M) 6.255ms
[110.785s][info][gc,cpu         ] GC(94) User=0.00s Sys=0.00s Real=0.00s
[110.810s][info][gc,start       ] GC(95) Pause Young (Allocation Failure)
[110.823s][info][gc,heap        ] GC(95) PSYoungGen: 237636K(242688K)->75928K(237056K) Eden: 174080K(174080K)->0K(155648K) From: 63556K(68608K)->75928K(81408K)
[110.823s][info][gc,heap        ] GC(95) ParOldGen: 544588K(699392K)->613338K(699392K)
[110.823s][info][gc,metaspace   ] GC(95) Metaspace: 114818K(129664K)->114818K(129664K) NonClass: 98090K(107328K)->98090K(107328K) Class: 16728K(22336K)->16728K(22336K)
[110.823s][info][gc             ] GC(95) Pause Young (Allocation Failure) 763M->673M(914M) 13.218ms
[110.823s][info][gc,cpu         ] GC(95) User=0.00s Sys=0.00s Real=0.00s
[110.823s][info][gc,start       ] GC(96) Pause Full (Ergonomics)
[110.823s][info][gc,phases,start] GC(96) Marking Phase
[110.865s][info][gc,phases      ] GC(96) Marking Phase 41.974ms
[110.865s][info][gc,phases,start] GC(96) Summary Phase
[110.865s][info][gc,phases      ] GC(96) Summary Phase 0.032ms
[110.865s][info][gc,phases,start] GC(96) Adjust Roots
[110.867s][info][gc,phases      ] GC(96) Adjust Roots 2.239ms
[110.867s][info][gc,phases,start] GC(96) Compaction Phase
[110.886s][info][gc,phases      ] GC(96) Compaction Phase 18.869ms
[110.886s][info][gc,phases,start] GC(96) Post Compact
[110.890s][info][gc,phases      ] GC(96) Post Compact 3.959ms
[110.890s][info][gc,heap        ] GC(96) PSYoungGen: 75928K(237056K)->0K(252416K) Eden: 0K(155648K)->0K(155648K) From: 75928K(81408K)->0K(96768K)
[110.890s][info][gc,heap        ] GC(96) ParOldGen: 613338K(699392K)->536152K(699392K)
[110.890s][info][gc,metaspace   ] GC(96) Metaspace: 114818K(129664K)->114818K(129664K) NonClass: 98090K(107328K)->98090K(107328K) Class: 16728K(22336K)->16728K(22336K)
[110.890s][info][gc             ] GC(96) Pause Full (Ergonomics) 673M->523M(929M) 67.318ms
[110.891s][info][gc,cpu         ] GC(96) User=1.00s Sys=0.02s Real=0.08s
[110.909s][info][gc,start       ] GC(97) Pause Young (Allocation Failure)
[110.914s][info][gc,heap        ] GC(97) PSYoungGen: 155648K(252416K)->63300K(238080K) Eden: 155648K(155648K)->0K(141312K) From: 0K(96768K)->63300K(96768K)
[110.914s][info][gc,heap        ] GC(97) ParOldGen: 536152K(699392K)->536152K(699392K)
[110.914s][info][gc,metaspace   ] GC(97) Metaspace: 114818K(129664K)->114818K(129664K) NonClass: 98090K(107328K)->98090K(107328K) Class: 16728K(22336K)->16728K(22336K)
[110.914s][info][gc             ] GC(97) Pause Young (Allocation Failure) 675M->585M(915M) 5.111ms
[110.914s][info][gc,cpu         ] GC(97) User=0.00s Sys=0.00s Real=0.00s
[110.930s][info][gc,start       ] GC(98) Pause Young (Allocation Failure)
[110.937s][info][gc,heap        ] GC(98) PSYoungGen: 204612K(238080K)->94614K(236032K) Eden: 141312K(141312K)->0K(141312K) From: 63300K(96768K)->94614K(94720K)
[110.937s][info][gc,heap        ] GC(98) ParOldGen: 536152K(699392K)->536152K(699392K)
[110.937s][info][gc,metaspace   ] GC(98) Metaspace: 114818K(129664K)->114818K(129664K) NonClass: 98090K(107328K)->98090K(107328K) Class: 16728K(22336K)->16728K(22336K)
[110.937s][info][gc             ] GC(98) Pause Young (Allocation Failure) 723M->615M(913M) 6.382ms
[110.937s][info][gc,cpu         ] GC(98) User=0.00s Sys=0.00s Real=0.00s
[110.953s][info][gc,start       ] GC(99) Pause Young (Allocation Failure)
[110.960s][info][gc,heap        ] GC(99) PSYoungGen: 235926K(236032K)->107274K(229888K) Eden: 141312K(141312K)->0K(116736K) From: 94614K(94720K)->107274K(113152K)
[110.960s][info][gc,heap        ] GC(99) ParOldGen: 536152K(699392K)->536152K(699392K)
[110.960s][info][gc,metaspace   ] GC(99) Metaspace: 114820K(129664K)->114820K(129664K) NonClass: 98092K(107328K)->98092K(107328K) Class: 16728K(22336K)->16728K(22336K)
[110.960s][info][gc             ] GC(99) Pause Young (Allocation Failure) 753M->628M(907M) 7.323ms
[110.960s][info][gc,cpu         ] GC(99) User=0.00s Sys=0.00s Real=0.00s
[110.968s][info][gc,start       ] GC(100) Pause Young (Allocation Failure)
[110.976s][info][gc,heap        ] GC(100) PSYoungGen: 224010K(229888K)->113460K(232960K) Eden: 116736K(116736K)->0K(116736K) From: 107274K(113152K)->113460K(116224K)
[110.976s][info][gc,heap        ] GC(100) ParOldGen: 536152K(699392K)->542402K(699392K)
[110.976s][info][gc,metaspace   ] GC(100) Metaspace: 114820K(129664K)->114820K(129664K) NonClass: 98092K(107328K)->98092K(107328K) Class: 16728K(22336K)->16728K(22336K)
[110.976s][info][gc             ] GC(100) Pause Young (Allocation Failure) 742M->640M(910M) 7.492ms
[110.976s][info][gc,cpu         ] GC(100) User=0.00s Sys=0.00s Real=0.00s
[110.984s][info][gc,start       ] GC(101) Pause Young (Allocation Failure)
[110.992s][info][gc,heap        ] GC(101) PSYoungGen: 230196K(232960K)->113396K(232960K) Eden: 116735K(116736K)->0K(116736K) From: 113460K(116224K)->113396K(116224K)
[110.992s][info][gc,heap        ] GC(101) ParOldGen: 542402K(699392K)->548652K(699392K)
[110.992s][info][gc,metaspace   ] GC(101) Metaspace: 114820K(129664K)->114820K(129664K) NonClass: 98092K(107328K)->98092K(107328K) Class: 16728K(22336K)->16728K(22336K)
[110.992s][info][gc             ] GC(101) Pause Young (Allocation Failure) 754M->646M(910M) 8.260ms
[110.992s][info][gc,cpu         ] GC(101) User=0.03s Sys=0.02s Real=0.02s
[111.000s][info][gc,start       ] GC(102) Pause Young (Allocation Failure)
[111.007s][info][gc,heap        ] GC(102) PSYoungGen: 230132K(232960K)->113556K(232960K) Eden: 116736K(116736K)->0K(116736K) From: 113396K(116224K)->113556K(116224K)
[111.007s][info][gc,heap        ] GC(102) ParOldGen: 548652K(699392K)->548652K(699392K)
[111.007s][info][gc,metaspace   ] GC(102) Metaspace: 114820K(129664K)->114820K(129664K) NonClass: 98092K(107328K)->98092K(107328K) Class: 16728K(22336K)->16728K(22336K)
[111.007s][info][gc             ] GC(102) Pause Young (Allocation Failure) 760M->646M(910M) 6.940ms
[111.007s][info][gc,cpu         ] GC(102) User=0.00s Sys=0.00s Real=0.00s
[111.015s][info][gc,start       ] GC(103) Pause Young (Allocation Failure)
[111.022s][info][gc,heap        ] GC(103) PSYoungGen: 230292K(232960K)->113332K(232960K) Eden: 116736K(116736K)->0K(116736K) From: 113556K(116224K)->113332K(116224K)
[111.022s][info][gc,heap        ] GC(103) ParOldGen: 548652K(699392K)->548652K(699392K)
[111.022s][info][gc,metaspace   ] GC(103) Metaspace: 114820K(129664K)->114820K(129664K) NonClass: 98092K(107328K)->98092K(107328K) Class: 16728K(22336K)->16728K(22336K)
[111.022s][info][gc             ] GC(103) Pause Young (Allocation Failure) 760M->646M(910M) 6.952ms
[111.022s][info][gc,cpu         ] GC(103) User=0.00s Sys=0.00s Real=0.00s
[111.030s][info][gc,start       ] GC(104) Pause Young (Allocation Failure)
[111.036s][info][gc,heap        ] GC(104) PSYoungGen: 230068K(232960K)->113428K(232960K) Eden: 116736K(116736K)->0K(116736K) From: 113332K(116224K)->113428K(116224K)
[111.036s][info][gc,heap        ] GC(104) ParOldGen: 548652K(699392K)->548652K(699392K)
[111.037s][info][gc,metaspace   ] GC(104) Metaspace: 114820K(129664K)->114820K(129664K) NonClass: 98092K(107328K)->98092K(107328K) Class: 16728K(22336K)->16728K(22336K)
[111.037s][info][gc             ] GC(104) Pause Young (Allocation Failure) 760M->646M(910M) 7.014ms
[111.037s][info][gc,cpu         ] GC(104) User=0.00s Sys=0.00s Real=0.00s
[111.044s][info][gc,start       ] GC(105) Pause Young (Allocation Failure)
[111.051s][info][gc,heap        ] GC(105) PSYoungGen: 230164K(232960K)->50800K(232960K) Eden: 116736K(116736K)->0K(116736K) From: 113428K(116224K)->50800K(116224K)
[111.051s][info][gc,heap        ] GC(105) ParOldGen: 548652K(699392K)->611312K(699392K)
[111.051s][info][gc,metaspace   ] GC(105) Metaspace: 114820K(129664K)->114820K(129664K) NonClass: 98092K(107328K)->98092K(107328K) Class: 16728K(22336K)->16728K(22336K)
[111.051s][info][gc             ] GC(105) Pause Young (Allocation Failure) 760M->646M(910M) 6.921ms
[111.051s][info][gc,cpu         ] GC(105) User=0.00s Sys=0.00s Real=0.00s
[111.059s][info][gc,start       ] GC(106) Pause Young (Allocation Failure)
[111.067s][info][gc,heap        ] GC(106) PSYoungGen: 167536K(232960K)->19678K(232960K) Eden: 116736K(116736K)->0K(116736K) From: 50800K(116224K)->19678K(116224K)
[111.067s][info][gc,heap        ] GC(106) ParOldGen: 611312K(699392K)->642618K(699392K)
[111.067s][info][gc,metaspace   ] GC(106) Metaspace: 114820K(129664K)->114820K(129664K) NonClass: 98092K(107328K)->98092K(107328K) Class: 16728K(22336K)->16728K(22336K)
[111.067s][info][gc             ] GC(106) Pause Young (Allocation Failure) 760M->646M(910M) 8.348ms
[111.067s][info][gc,cpu         ] GC(106) User=0.00s Sys=0.00s Real=0.00s
[111.067s][info][gc,start       ] GC(107) Pause Full (Ergonomics)
[111.067s][info][gc,phases,start] GC(107) Marking Phase
[111.095s][info][gc,phases      ] GC(107) Marking Phase 28.191ms
[111.096s][info][gc,phases,start] GC(107) Summary Phase
[111.096s][info][gc,phases      ] GC(107) Summary Phase 0.030ms
[111.096s][info][gc,phases,start] GC(107) Adjust Roots
[111.097s][info][gc,phases      ] GC(107) Adjust Roots 1.588ms
[111.097s][info][gc,phases,start] GC(107) Compaction Phase
[111.114s][info][gc,phases      ] GC(107) Compaction Phase 16.331ms
[111.114s][info][gc,phases,start] GC(107) Post Compact
[111.117s][info][gc,phases      ] GC(107) Post Compact 3.519ms
[111.117s][info][gc,heap        ] GC(107) PSYoungGen: 19678K(232960K)->0K(232960K) Eden: 0K(116736K)->0K(116736K) From: 19678K(116224K)->0K(116224K)
[111.117s][info][gc,heap        ] GC(107) ParOldGen: 642618K(699392K)->558201K(699392K)
[111.117s][info][gc,metaspace   ] GC(107) Metaspace: 114820K(129664K)->114820K(129664K) NonClass: 98092K(107328K)->98092K(107328K) Class: 16728K(22336K)->16728K(22336K)
[111.117s][info][gc             ] GC(107) Pause Full (Ergonomics) 646M->545M(910M) 49.906ms
[111.117s][info][gc,cpu         ] GC(107) User=1.02s Sys=0.00s Real=0.06s
[111.125s][info][gc,start       ] GC(108) Pause Young (Allocation Failure)
[111.127s][info][gc,heap        ] GC(108) PSYoungGen: 116736K(232960K)->4960K(232960K) Eden: 116736K(116736K)->0K(116736K) From: 0K(116224K)->4960K(116224K)
[111.127s][info][gc,heap        ] GC(108) ParOldGen: 558201K(699392K)->558201K(699392K)
[111.127s][info][gc,metaspace   ] GC(108) Metaspace: 114820K(129664K)->114820K(129664K) NonClass: 98092K(107328K)->98092K(107328K) Class: 16728K(22336K)->16728K(22336K)
[111.127s][info][gc             ] GC(108) Pause Young (Allocation Failure) 659M->549M(910M) 1.569ms
[111.127s][info][gc,cpu         ] GC(108) User=0.00s Sys=0.00s Real=0.00s
[111.149s][info][gc,start       ] GC(109) Pause Young (Allocation Failure)
[111.151s][info][gc,heap        ] GC(109) PSYoungGen: 121696K(232960K)->9172K(232960K) Eden: 116736K(116736K)->0K(116736K) From: 4960K(116224K)->9172K(116224K)
[111.151s][info][gc,heap        ] GC(109) ParOldGen: 558201K(699392K)->558201K(699392K)
[111.151s][info][gc,metaspace   ] GC(109) Metaspace: 114820K(129664K)->114820K(129664K) NonClass: 98092K(107328K)->98092K(107328K) Class: 16728K(22336K)->16728K(22336K)
[111.151s][info][gc             ] GC(109) Pause Young (Allocation Failure) 663M->554M(910M) 2.202ms
[111.151s][info][gc,cpu         ] GC(109) User=0.00s Sys=0.00s Real=0.00s
[111.164s][info][gc,start       ] GC(110) Pause Young (Allocation Failure)
[111.168s][info][gc,heap        ] GC(110) PSYoungGen: 125908K(232960K)->29720K(232960K) Eden: 116736K(116736K)->0K(116736K) From: 9172K(116224K)->29720K(116224K)
[111.168s][info][gc,heap        ] GC(110) ParOldGen: 558201K(699392K)->558201K(699392K)
[111.168s][info][gc,metaspace   ] GC(110) Metaspace: 114821K(129664K)->114821K(129664K) NonClass: 98093K(107328K)->98093K(107328K) Class: 16728K(22336K)->16728K(22336K)
[111.168s][info][gc             ] GC(110) Pause Young (Allocation Failure) 668M->574M(910M) 3.254ms
[111.168s][info][gc,cpu         ] GC(110) User=0.00s Sys=0.00s Real=0.00s
[111.176s][info][gc,start       ] GC(111) Pause Young (Allocation Failure)
[111.180s][info][gc,heap        ] GC(111) PSYoungGen: 146456K(232960K)->42170K(232960K) Eden: 116736K(116736K)->0K(116736K) From: 29720K(116224K)->42170K(116224K)
[111.180s][info][gc,heap        ] GC(111) ParOldGen: 558201K(699392K)->562509K(699392K)
[111.180s][info][gc,metaspace   ] GC(111) Metaspace: 114821K(129664K)->114821K(129664K) NonClass: 98093K(107328K)->98093K(107328K) Class: 16728K(22336K)->16728K(22336K)
[111.180s][info][gc             ] GC(111) Pause Young (Allocation Failure) 688M->590M(910M) 3.858ms
[111.180s][info][gc,cpu         ] GC(111) User=0.00s Sys=0.00s Real=0.00s
[111.196s][info][gc,start       ] GC(112) Pause Young (Allocation Failure)
[111.203s][info][gc,heap        ] GC(112) PSYoungGen: 158906K(232960K)->58774K(232960K) Eden: 116736K(116736K)->0K(116736K) From: 42170K(116224K)->58774K(116224K)
[111.203s][info][gc,heap        ] GC(112) ParOldGen: 562509K(699392K)->587285K(699392K)
[111.203s][info][gc,metaspace   ] GC(112) Metaspace: 114821K(129664K)->114821K(129664K) NonClass: 98093K(107328K)->98093K(107328K) Class: 16728K(22336K)->16728K(22336K)
[111.203s][info][gc             ] GC(112) Pause Young (Allocation Failure) 704M->630M(910M) 7.080ms
[111.204s][info][gc,cpu         ] GC(112) User=0.00s Sys=0.00s Real=0.00s
[111.222s][info][gc,start       ] GC(113) Pause Young (Allocation Failure)
[111.233s][info][gc,heap        ] GC(113) PSYoungGen: 174288K(232960K)->66486K(232960K) Eden: 115513K(116736K)->0K(116736K) From: 58774K(116224K)->66486K(116224K)
[111.233s][info][gc,heap        ] GC(113) ParOldGen: 587285K(699392K)->649548K(699392K)
[111.233s][info][gc,metaspace   ] GC(113) Metaspace: 114821K(129664K)->114821K(129664K) NonClass: 98093K(107328K)->98093K(107328K) Class: 16728K(22336K)->16728K(22336K)
[111.233s][info][gc             ] GC(113) Pause Young (Allocation Failure) 743M->699M(910M) 11.263ms
[111.233s][info][gc,cpu         ] GC(113) User=0.00s Sys=0.00s Real=0.00s
[111.233s][info][gc,start       ] GC(114) Pause Full (Ergonomics)
[111.233s][info][gc,phases,start] GC(114) Marking Phase
[111.263s][info][gc,phases      ] GC(114) Marking Phase 29.690ms
[111.263s][info][gc,phases,start] GC(114) Summary Phase
[111.263s][info][gc,phases      ] GC(114) Summary Phase 0.034ms
[111.263s][info][gc,phases,start] GC(114) Adjust Roots
[111.264s][info][gc,phases      ] GC(114) Adjust Roots 1.458ms
[111.264s][info][gc,phases,start] GC(114) Compaction Phase
[111.283s][info][gc,phases      ] GC(114) Compaction Phase 18.381ms
[111.283s][info][gc,phases,start] GC(114) Post Compact
[111.287s][info][gc,phases      ] GC(114) Post Compact 3.693ms
[111.287s][info][gc,heap        ] GC(114) PSYoungGen: 66486K(232960K)->0K(232960K) Eden: 0K(116736K)->0K(116736K) From: 66486K(116224K)->0K(116224K)
[111.287s][info][gc,heap        ] GC(114) ParOldGen: 649548K(699392K)->602506K(699392K)
[111.287s][info][gc,metaspace   ] GC(114) Metaspace: 114821K(129664K)->114821K(129664K) NonClass: 98093K(107328K)->98093K(107328K) Class: 16728K(22336K)->16728K(22336K)
[111.287s][info][gc             ] GC(114) Pause Full (Ergonomics) 699M->588M(910M) 53.518ms
[111.287s][info][gc,cpu         ] GC(114) User=0.97s Sys=0.03s Real=0.06s
[111.303s][info][gc,start       ] GC(115) Pause Young (Allocation Failure)
[111.307s][info][gc,heap        ] GC(115) PSYoungGen: 116736K(232960K)->56863K(232960K) Eden: 116736K(116736K)->0K(116736K) From: 0K(116224K)->56863K(116224K)
[111.307s][info][gc,heap        ] GC(115) ParOldGen: 602506K(699392K)->602506K(699392K)
[111.307s][info][gc,metaspace   ] GC(115) Metaspace: 114821K(129664K)->114821K(129664K) NonClass: 98093K(107328K)->98093K(107328K) Class: 16728K(22336K)->16728K(22336K)
[111.307s][info][gc             ] GC(115) Pause Young (Allocation Failure) 702M->643M(910M) 4.255ms
[111.308s][info][gc,cpu         ] GC(115) User=0.00s Sys=0.00s Real=0.00s
[111.326s][info][gc,start       ] GC(116) Pause Young (Allocation Failure)
[111.335s][info][gc,heap        ] GC(116) PSYoungGen: 173599K(232960K)->48129K(232960K) Eden: 116736K(116736K)->0K(116736K) From: 56863K(116224K)->48129K(116224K)
[111.335s][info][gc,heap        ] GC(116) ParOldGen: 602506K(699392K)->658717K(699392K)
[111.335s][info][gc,metaspace   ] GC(116) Metaspace: 114821K(129664K)->114821K(129664K) NonClass: 98093K(107328K)->98093K(107328K) Class: 16728K(22336K)->16728K(22336K)
[111.335s][info][gc             ] GC(116) Pause Young (Allocation Failure) 757M->690M(910M) 8.927ms
[111.335s][info][gc,cpu         ] GC(116) User=0.00s Sys=0.00s Real=0.00s
[111.335s][info][gc,start       ] GC(117) Pause Full (Ergonomics)
[111.335s][info][gc,phases,start] GC(117) Marking Phase
[111.366s][info][gc,phases      ] GC(117) Marking Phase 30.342ms
[111.366s][info][gc,phases,start] GC(117) Summary Phase
[111.366s][info][gc,phases      ] GC(117) Summary Phase 0.035ms
[111.366s][info][gc,phases,start] GC(117) Adjust Roots
[111.367s][info][gc,phases      ] GC(117) Adjust Roots 1.485ms
[111.367s][info][gc,phases,start] GC(117) Compaction Phase
[111.389s][info][gc,phases      ] GC(117) Compaction Phase 22.056ms
[111.389s][info][gc,phases,start] GC(117) Post Compact
[111.393s][info][gc,phases      ] GC(117) Post Compact 3.599ms
[111.393s][info][gc,heap        ] GC(117) PSYoungGen: 48129K(232960K)->0K(232960K) Eden: 0K(116736K)->0K(116736K) From: 48129K(116224K)->0K(116224K)
[111.393s][info][gc,heap        ] GC(117) ParOldGen: 658717K(699392K)->589144K(699392K)
[111.393s][info][gc,metaspace   ] GC(117) Metaspace: 114821K(129664K)->114821K(129664K) NonClass: 98093K(107328K)->98093K(107328K) Class: 16728K(22336K)->16728K(22336K)
[111.393s][info][gc             ] GC(117) Pause Full (Ergonomics) 690M->575M(910M) 57.748ms
[111.393s][info][gc,cpu         ] GC(117) User=0.67s Sys=0.00s Real=0.06s
[111.413s][info][gc,start       ] GC(118) Pause Young (Allocation Failure)
[111.417s][info][gc,heap        ] GC(118) PSYoungGen: 114635K(232960K)->47972K(232960K) Eden: 114635K(116736K)->0K(116736K) From: 0K(116224K)->47972K(116224K)
[111.417s][info][gc,heap        ] GC(118) ParOldGen: 589144K(699392K)->589144K(699392K)
[111.417s][info][gc,metaspace   ] GC(118) Metaspace: 114822K(129664K)->114822K(129664K) NonClass: 98094K(107328K)->98094K(107328K) Class: 16728K(22336K)->16728K(22336K)
[111.417s][info][gc             ] GC(118) Pause Young (Allocation Failure) 687M->622M(910M) 3.831ms
[111.417s][info][gc,cpu         ] GC(118) User=0.00s Sys=0.00s Real=0.00s
[111.437s][info][gc,start       ] GC(119) Pause Young (Allocation Failure)
[111.444s][info][gc,heap        ] GC(119) PSYoungGen: 164708K(232960K)->57545K(232960K) Eden: 116736K(116736K)->0K(116736K) From: 47972K(116224K)->57545K(116224K)
[111.444s][info][gc,heap        ] GC(119) ParOldGen: 589144K(699392K)->636597K(699392K)
[111.444s][info][gc,metaspace   ] GC(119) Metaspace: 114822K(129664K)->114822K(129664K) NonClass: 98094K(107328K)->98094K(107328K) Class: 16728K(22336K)->16728K(22336K)
[111.444s][info][gc             ] GC(119) Pause Young (Allocation Failure) 736M->677M(910M) 7.215ms
[111.444s][info][gc,cpu         ] GC(119) User=0.00s Sys=0.00s Real=0.00s
[111.444s][info][gc,start       ] GC(120) Pause Full (Ergonomics)
[111.444s][info][gc,phases,start] GC(120) Marking Phase
[111.476s][info][gc,phases      ] GC(120) Marking Phase 31.398ms
[111.476s][info][gc,phases,start] GC(120) Summary Phase
[111.476s][info][gc,phases      ] GC(120) Summary Phase 0.034ms
[111.476s][info][gc,phases,start] GC(120) Adjust Roots
[111.477s][info][gc,phases      ] GC(120) Adjust Roots 0.957ms
[111.477s][info][gc,phases,start] GC(120) Compaction Phase
[111.493s][info][gc,phases      ] GC(120) Compaction Phase 15.891ms
[111.493s][info][gc,phases,start] GC(120) Post Compact
[111.496s][info][gc,phases      ] GC(120) Post Compact 3.573ms
[111.496s][info][gc,heap        ] GC(120) PSYoungGen: 57545K(232960K)->0K(232960K) Eden: 0K(116736K)->0K(116736K) From: 57545K(116224K)->0K(116224K)
[111.496s][info][gc,heap        ] GC(120) ParOldGen: 636597K(699392K)->548390K(699392K)
[111.496s][info][gc,metaspace   ] GC(120) Metaspace: 114822K(129664K)->114822K(129664K) NonClass: 98094K(107328K)->98094K(107328K) Class: 16728K(22336K)->16728K(22336K)
[111.496s][info][gc             ] GC(120) Pause Full (Ergonomics) 677M->535M(910M) 52.097ms
[111.496s][info][gc,cpu         ] GC(120) User=0.95s Sys=0.02s Real=0.05s
[111.513s][info][gc,start       ] GC(121) Pause Young (Allocation Failure)
[111.516s][info][gc,heap        ] GC(121) PSYoungGen: 116736K(232960K)->33798K(229888K) Eden: 116736K(116736K)->0K(116736K) From: 0K(116224K)->33798K(113152K)
[111.516s][info][gc,heap        ] GC(121) ParOldGen: 548390K(699392K)->548390K(699392K)
[111.516s][info][gc,metaspace   ] GC(121) Metaspace: 114822K(129664K)->114822K(129664K) NonClass: 98094K(107328K)->98094K(107328K) Class: 16728K(22336K)->16728K(22336K)
[111.516s][info][gc             ] GC(121) Pause Young (Allocation Failure) 649M->568M(907M) 3.604ms
[111.516s][info][gc,cpu         ] GC(121) User=0.00s Sys=0.00s Real=0.00s
[111.533s][info][gc,start       ] GC(122) Pause Young (Allocation Failure)
[111.538s][info][gc,heap        ] GC(122) PSYoungGen: 150534K(229888K)->52861K(169984K) Eden: 116736K(116736K)->0K(116736K) From: 33798K(113152K)->52861K(53248K)
[111.538s][info][gc,heap        ] GC(122) ParOldGen: 548390K(699392K)->548390K(699392K)
[111.538s][info][gc,metaspace   ] GC(122) Metaspace: 114826K(129664K)->114826K(129664K) NonClass: 98097K(107328K)->98097K(107328K) Class: 16729K(22336K)->16729K(22336K)
[111.538s][info][gc             ] GC(122) Pause Young (Allocation Failure) 682M->587M(849M) 5.149ms
[111.538s][info][gc,cpu         ] GC(122) User=0.00s Sys=0.00s Real=0.00s
[111.546s][info][gc,start       ] GC(123) Pause Young (Allocation Failure)
[111.550s][info][gc,heap        ] GC(123) PSYoungGen: 169597K(169984K)->59942K(231936K) Eden: 116736K(116736K)->0K(123904K) From: 52861K(53248K)->59942K(108032K)
[111.550s][info][gc,heap        ] GC(123) ParOldGen: 548390K(699392K)->548398K(699392K)
[111.550s][info][gc,metaspace   ] GC(123) Metaspace: 114826K(129664K)->114826K(129664K) NonClass: 98097K(107328K)->98097K(107328K) Class: 16729K(22336K)->16729K(22336K)
[111.550s][info][gc             ] GC(123) Pause Young (Allocation Failure) 701M->594M(909M) 4.444ms
[111.550s][info][gc,cpu         ] GC(123) User=0.25s Sys=0.00s Real=0.02s
[111.560s][info][gc,start       ] GC(124) Pause Young (Allocation Failure)
[111.565s][info][gc,heap        ] GC(124) PSYoungGen: 183846K(231936K)->66830K(230400K) Eden: 123904K(123904K)->0K(123904K) From: 59942K(108032K)->66830K(106496K)
[111.565s][info][gc,heap        ] GC(124) ParOldGen: 548398K(699392K)->548398K(699392K)
[111.565s][info][gc,metaspace   ] GC(124) Metaspace: 114828K(129664K)->114828K(129664K) NonClass: 98098K(107328K)->98098K(107328K) Class: 16729K(22336K)->16729K(22336K)
[111.565s][info][gc             ] GC(124) Pause Young (Allocation Failure) 715M->600M(908M) 5.077ms
[111.565s][info][gc,cpu         ] GC(124) User=0.00s Sys=0.00s Real=0.00s
[111.581s][info][gc,start       ] GC(125) Pause Young (Allocation Failure)
[111.586s][info][gc,heap        ] GC(125) PSYoungGen: 190734K(230400K)->72887K(239104K) Eden: 123904K(123904K)->0K(132096K) From: 66830K(106496K)->72887K(107008K)
[111.586s][info][gc,heap        ] GC(125) ParOldGen: 548398K(699392K)->548398K(699392K)
[111.586s][info][gc,metaspace   ] GC(125) Metaspace: 114828K(129664K)->114828K(129664K) NonClass: 98098K(107328K)->98098K(107328K) Class: 16729K(22336K)->16729K(22336K)
[111.586s][info][gc             ] GC(125) Pause Young (Allocation Failure) 721M->606M(916M) 4.926ms
[111.586s][info][gc,cpu         ] GC(125) User=0.00s Sys=0.00s Real=0.00s
[111.595s][info][gc,start       ] GC(126) Pause Young (Allocation Failure)
[111.600s][info][gc,heap        ] GC(126) PSYoungGen: 204983K(239104K)->77917K(210432K) Eden: 132096K(132096K)->0K(132096K) From: 72887K(107008K)->77917K(78336K)
[111.600s][info][gc,heap        ] GC(126) ParOldGen: 548398K(699392K)->548398K(699392K)
[111.600s][info][gc,metaspace   ] GC(126) Metaspace: 114828K(129664K)->114828K(129664K) NonClass: 98098K(107328K)->98098K(107328K) Class: 16729K(22336K)->16729K(22336K)
[111.600s][info][gc             ] GC(126) Pause Young (Allocation Failure) 735M->611M(888M) 5.585ms
[111.600s][info][gc,cpu         ] GC(126) User=0.36s Sys=0.00s Real=0.01s
[111.609s][info][gc,start       ] GC(127) Pause Young (Allocation Failure)
[111.614s][info][gc,heap        ] GC(127) PSYoungGen: 210013K(210432K)->84312K(228352K) Eden: 132096K(132096K)->0K(116736K) From: 77917K(78336K)->84312K(111616K)
[111.614s][info][gc,heap        ] GC(127) ParOldGen: 548398K(699392K)->548398K(699392K)
[111.614s][info][gc,metaspace   ] GC(127) Metaspace: 114828K(129664K)->114828K(129664K) NonClass: 98098K(107328K)->98098K(107328K) Class: 16729K(22336K)->16729K(22336K)
[111.614s][info][gc             ] GC(127) Pause Young (Allocation Failure) 740M->617M(906M) 5.345ms
[111.614s][info][gc,cpu         ] GC(127) User=0.00s Sys=0.00s Real=0.00s
[111.622s][info][gc,start       ] GC(128) Pause Young (Allocation Failure)
[111.628s][info][gc,heap        ] GC(128) PSYoungGen: 201048K(228352K)->86915K(232960K) Eden: 116736K(116736K)->0K(116736K) From: 84312K(111616K)->86915K(116224K)
[111.628s][info][gc,heap        ] GC(128) ParOldGen: 548398K(699392K)->548398K(699392K)
[111.628s][info][gc,metaspace   ] GC(128) Metaspace: 114828K(129664K)->114828K(129664K) NonClass: 98098K(107328K)->98098K(107328K) Class: 16729K(22336K)->16729K(22336K)
[111.628s][info][gc             ] GC(128) Pause Young (Allocation Failure) 731M->620M(910M) 5.484ms
[111.628s][info][gc,cpu         ] GC(128) User=0.00s Sys=0.00s Real=0.00s
[111.636s][info][gc,start       ] GC(129) Pause Young (Allocation Failure)
[111.642s][info][gc,heap        ] GC(129) PSYoungGen: 203651K(232960K)->59040K(231936K) Eden: 116736K(116736K)->0K(116736K) From: 86915K(116224K)->59040K(115200K)
[111.642s][info][gc,heap        ] GC(129) ParOldGen: 548398K(699392K)->586344K(699392K)
[111.642s][info][gc,metaspace   ] GC(129) Metaspace: 114828K(129664K)->114828K(129664K) NonClass: 98098K(107328K)->98098K(107328K) Class: 16729K(22336K)->16729K(22336K)
[111.642s][info][gc             ] GC(129) Pause Young (Allocation Failure) 734M->630M(909M) 6.055ms
[111.642s][info][gc,cpu         ] GC(129) User=0.00s Sys=0.00s Real=0.00s
[111.649s][info][gc,start       ] GC(130) Pause Young (Allocation Failure)
[111.653s][info][gc,heap        ] GC(130) PSYoungGen: 175776K(231936K)->56757K(173568K) Eden: 116736K(116736K)->0K(116736K) From: 59040K(115200K)->56757K(56832K)
[111.653s][info][gc,heap        ] GC(130) ParOldGen: 586344K(699392K)->590860K(699392K)
[111.653s][info][gc,metaspace   ] GC(130) Metaspace: 114828K(129664K)->114828K(129664K) NonClass: 98098K(107328K)->98098K(107328K) Class: 16729K(22336K)->16729K(22336K)
[111.653s][info][gc             ] GC(130) Pause Young (Allocation Failure) 744M->632M(852M) 4.308ms
[111.654s][info][gc,cpu         ] GC(130) User=0.00s Sys=0.00s Real=0.00s
[111.662s][info][gc,start       ] GC(131) Pause Young (Allocation Failure)
[111.666s][info][gc,heap        ] GC(131) PSYoungGen: 173493K(173568K)->58049K(233472K) Eden: 116736K(116736K)->0K(122368K) From: 56757K(56832K)->58049K(111104K)
[111.666s][info][gc,heap        ] GC(131) ParOldGen: 590860K(699392K)->592565K(699392K)
[111.666s][info][gc,metaspace   ] GC(131) Metaspace: 114828K(129664K)->114828K(129664K) NonClass: 98098K(107328K)->98098K(107328K) Class: 16729K(22336K)->16729K(22336K)
[111.666s][info][gc             ] GC(131) Pause Young (Allocation Failure) 746M->635M(911M) 4.058ms
[111.666s][info][gc,cpu         ] GC(131) User=0.00s Sys=0.00s Real=0.00s
[111.674s][info][gc,start       ] GC(132) Pause Young (Allocation Failure)
[111.679s][info][gc,heap        ] GC(132) PSYoungGen: 180417K(233472K)->61816K(229376K) Eden: 122368K(122368K)->0K(122368K) From: 58049K(111104K)->61816K(107008K)
[111.679s][info][gc,heap        ] GC(132) ParOldGen: 592565K(699392K)->596675K(699392K)
[111.679s][info][gc,metaspace   ] GC(132) Metaspace: 114828K(129664K)->114828K(129664K) NonClass: 98098K(107328K)->98098K(107328K) Class: 16729K(22336K)->16729K(22336K)
[111.679s][info][gc             ] GC(132) Pause Young (Allocation Failure) 754M->643M(907M) 4.849ms
[111.679s][info][gc,cpu         ] GC(132) User=0.00s Sys=0.00s Real=0.00s
[111.687s][info][gc,start       ] GC(133) Pause Young (Allocation Failure)
[111.692s][info][gc,heap        ] GC(133) PSYoungGen: 184184K(229376K)->64959K(234496K) Eden: 122368K(122368K)->0K(133632K) From: 61816K(107008K)->64959K(100864K)
[111.692s][info][gc,heap        ] GC(133) ParOldGen: 596675K(699392K)->596817K(699392K)
[111.692s][info][gc,metaspace   ] GC(133) Metaspace: 114828K(129664K)->114828K(129664K) NonClass: 98098K(107328K)->98098K(107328K) Class: 16729K(22336K)->16729K(22336K)
[111.692s][info][gc             ] GC(133) Pause Young (Allocation Failure) 762M->646M(912M) 4.704ms
[111.692s][info][gc,cpu         ] GC(133) User=0.00s Sys=0.00s Real=0.00s
[111.701s][info][gc,start       ] GC(134) Pause Young (Allocation Failure)
[111.705s][info][gc,heap        ] GC(134) PSYoungGen: 198591K(234496K)->63268K(233472K) Eden: 133632K(133632K)->0K(133632K) From: 64959K(100864K)->63268K(99840K)
[111.705s][info][gc,heap        ] GC(134) ParOldGen: 596817K(699392K)->603139K(699392K)
[111.705s][info][gc,metaspace   ] GC(134) Metaspace: 114828K(129664K)->114828K(129664K) NonClass: 98098K(107328K)->98098K(107328K) Class: 16729K(22336K)->16729K(22336K)
[111.705s][info][gc             ] GC(134) Pause Young (Allocation Failure) 776M->650M(911M) 4.715ms
[111.705s][info][gc,cpu         ] GC(134) User=0.00s Sys=0.00s Real=0.00s
[111.714s][info][gc,start       ] GC(135) Pause Young (Allocation Failure)
[111.719s][info][gc,heap        ] GC(135) PSYoungGen: 196900K(233472K)->68833K(242176K) Eden: 133632K(133632K)->0K(146944K) From: 63268K(99840K)->68833K(95232K)
[111.719s][info][gc,heap        ] GC(135) ParOldGen: 603139K(699392K)->609429K(699392K)
[111.719s][info][gc,metaspace   ] GC(135) Metaspace: 114828K(129664K)->114828K(129664K) NonClass: 98098K(107328K)->98098K(107328K) Class: 16729K(22336K)->16729K(22336K)
[111.720s][info][gc             ] GC(135) Pause Young (Allocation Failure) 781M->662M(919M) 5.196ms
[111.720s][info][gc,cpu         ] GC(135) User=0.00s Sys=0.00s Real=0.00s
[111.729s][info][gc,start       ] GC(136) Pause Young (Allocation Failure)
[111.734s][info][gc,heap        ] GC(136) PSYoungGen: 215777K(242176K)->56429K(242688K) Eden: 146944K(146944K)->0K(146944K) From: 68833K(95232K)->56429K(95744K)
[111.734s][info][gc,heap        ] GC(136) ParOldGen: 609429K(699392K)->620430K(699392K)
[111.734s][info][gc,metaspace   ] GC(136) Metaspace: 114828K(129664K)->114828K(129664K) NonClass: 98098K(107328K)->98098K(107328K) Class: 16729K(22336K)->16729K(22336K)
[111.734s][info][gc             ] GC(136) Pause Young (Allocation Failure) 805M->660M(920M) 5.248ms
[111.734s][info][gc,cpu         ] GC(136) User=0.00s Sys=0.00s Real=0.00s
[111.744s][info][gc,start       ] GC(137) Pause Young (Allocation Failure)
[111.748s][info][gc,heap        ] GC(137) PSYoungGen: 203373K(242688K)->49237K(251904K) Eden: 146944K(146944K)->0K(158720K) From: 56429K(95744K)->49237K(93184K)
[111.748s][info][gc,heap        ] GC(137) ParOldGen: 620430K(699392K)->628283K(699392K)
[111.748s][info][gc,metaspace   ] GC(137) Metaspace: 114828K(129664K)->114828K(129664K) NonClass: 98098K(107328K)->98098K(107328K) Class: 16729K(22336K)->16729K(22336K)
[111.748s][info][gc             ] GC(137) Pause Young (Allocation Failure) 804M->661M(929M) 4.783ms
[111.748s][info][gc,cpu         ] GC(137) User=0.00s Sys=0.00s Real=0.00s
[111.759s][info][gc,start       ] GC(138) Pause Young (Allocation Failure)
[111.763s][info][gc,heap        ] GC(138) PSYoungGen: 207957K(251904K)->47675K(251392K) Eden: 158720K(158720K)->0K(158720K) From: 49237K(93184K)->47675K(92672K)
[111.763s][info][gc,heap        ] GC(138) ParOldGen: 628283K(699392K)->633011K(699392K)
[111.763s][info][gc,metaspace   ] GC(138) Metaspace: 114828K(129664K)->114828K(129664K) NonClass: 98098K(107328K)->98098K(107328K) Class: 16729K(22336K)->16729K(22336K)
[111.763s][info][gc             ] GC(138) Pause Young (Allocation Failure) 816M->664M(928M) 4.487ms
[111.763s][info][gc,cpu         ] GC(138) User=0.00s Sys=0.00s Real=0.00s
[111.774s][info][gc,start       ] GC(139) Pause Young (Allocation Failure)
[111.778s][info][gc,heap        ] GC(139) PSYoungGen: 206395K(251392K)->66489K(255488K) Eden: 158720K(158720K)->0K(163840K) From: 47675K(92672K)->66489K(91648K)
[111.779s][info][gc,heap        ] GC(139) ParOldGen: 633011K(699392K)->633011K(699392K)
[111.779s][info][gc,metaspace   ] GC(139) Metaspace: 114828K(129664K)->114828K(129664K) NonClass: 98098K(107328K)->98098K(107328K) Class: 16729K(22336K)->16729K(22336K)
[111.779s][info][gc             ] GC(139) Pause Young (Allocation Failure) 819M->683M(932M) 4.568ms
[111.779s][info][gc,cpu         ] GC(139) User=0.00s Sys=0.00s Real=0.00s
[111.790s][info][gc,start       ] GC(140) Pause Young (Allocation Failure)
[111.796s][info][gc,heap        ] GC(140) PSYoungGen: 230329K(255488K)->82146K(246272K) Eden: 163840K(163840K)->0K(163840K) From: 66489K(91648K)->82146K(82432K)
[111.796s][info][gc,heap        ] GC(140) ParOldGen: 633011K(699392K)->633011K(699392K)
[111.796s][info][gc,metaspace   ] GC(140) Metaspace: 114828K(129664K)->114828K(129664K) NonClass: 98098K(107328K)->98098K(107328K) Class: 16729K(22336K)->16729K(22336K)
[111.796s][info][gc             ] GC(140) Pause Young (Allocation Failure) 843M->698M(923M) 6.623ms
[111.797s][info][gc,cpu         ] GC(140) User=0.34s Sys=0.00s Real=0.02s
[111.807s][info][gc,start       ] GC(141) Pause Young (Allocation Failure)
[111.818s][info][gc,heap        ] GC(141) PSYoungGen: 245986K(246272K)->94518K(236544K) Eden: 163840K(163840K)->0K(140288K) From: 82146K(82432K)->94518K(96256K)
[111.818s][info][gc,heap        ] GC(141) ParOldGen: 633011K(699392K)->642386K(699392K)
[111.818s][info][gc,metaspace   ] GC(141) Metaspace: 114828K(129664K)->114828K(129664K) NonClass: 98098K(107328K)->98098K(107328K) Class: 16729K(22336K)->16729K(22336K)
[111.818s][info][gc             ] GC(141) Pause Young (Allocation Failure) 858M->719M(914M) 10.501ms
[111.818s][info][gc,cpu         ] GC(141) User=0.38s Sys=0.00s Real=0.02s
[111.828s][info][gc,start       ] GC(142) Pause Young (Allocation Failure)
[111.835s][info][gc,heap        ] GC(142) PSYoungGen: 234806K(236544K)->102459K(243200K) Eden: 140288K(140288K)->0K(140288K) From: 94518K(96256K)->102459K(102912K)
[111.835s][info][gc,heap        ] GC(142) ParOldGen: 642386K(699392K)->651801K(699392K)
[111.835s][info][gc,metaspace   ] GC(142) Metaspace: 114828K(129664K)->114828K(129664K) NonClass: 98098K(107328K)->98098K(107328K) Class: 16729K(22336K)->16729K(22336K)
[111.835s][info][gc             ] GC(142) Pause Young (Allocation Failure) 856M->736M(920M) 7.279ms
[111.835s][info][gc,cpu         ] GC(142) User=0.14s Sys=0.00s Real=0.02s
[111.844s][info][gc,start       ] GC(143) Pause Young (Allocation Failure)
[111.853s][info][gc,heap        ] GC(143) PSYoungGen: 242747K(243200K)->104053K(222720K) Eden: 140288K(140288K)->0K(116736K) From: 102459K(102912K)->104053K(105984K)
[111.853s][info][gc,heap        ] GC(143) ParOldGen: 651801K(699392K)->665895K(699392K)
[111.853s][info][gc,metaspace   ] GC(143) Metaspace: 114828K(129664K)->114828K(129664K) NonClass: 98098K(107328K)->98098K(107328K) Class: 16729K(22336K)->16729K(22336K)
[111.853s][info][gc             ] GC(143) Pause Young (Allocation Failure) 873M->751M(900M) 8.388ms
[111.853s][info][gc,cpu         ] GC(143) User=0.19s Sys=0.00s Real=0.02s
[111.853s][info][gc,start       ] GC(144) Pause Full (Ergonomics)
[111.853s][info][gc,phases,start] GC(144) Marking Phase
[111.878s][info][gc,phases      ] GC(144) Marking Phase 25.113ms
[111.878s][info][gc,phases,start] GC(144) Summary Phase
[111.878s][info][gc,phases      ] GC(144) Summary Phase 0.034ms
[111.878s][info][gc,phases,start] GC(144) Adjust Roots
[111.879s][info][gc,phases      ] GC(144) Adjust Roots 1.023ms
[111.879s][info][gc,phases,start] GC(144) Compaction Phase
[111.896s][info][gc,phases      ] GC(144) Compaction Phase 17.265ms
[111.897s][info][gc,phases,start] GC(144) Post Compact
[111.900s][info][gc,phases      ] GC(144) Post Compact 3.857ms
[111.900s][info][gc,heap        ] GC(144) PSYoungGen: 104053K(222720K)->0K(232960K) Eden: 0K(116736K)->0K(116736K) From: 104053K(105984K)->0K(116224K)
[111.900s][info][gc,heap        ] GC(144) ParOldGen: 665895K(699392K)->585170K(699392K)
[111.900s][info][gc,metaspace   ] GC(144) Metaspace: 114828K(129664K)->114828K(129664K) NonClass: 98098K(107328K)->98098K(107328K) Class: 16729K(22336K)->16729K(22336K)
[111.900s][info][gc             ] GC(144) Pause Full (Ergonomics) 751M->571M(910M) 47.515ms
[111.900s][info][gc,cpu         ] GC(144) User=0.67s Sys=0.00s Real=0.05s
[111.909s][info][gc,start       ] GC(145) Pause Young (Allocation Failure)
[111.911s][info][gc,heap        ] GC(145) PSYoungGen: 116736K(232960K)->19614K(232960K) Eden: 116736K(116736K)->0K(116736K) From: 0K(116224K)->19614K(116224K)
[111.911s][info][gc,heap        ] GC(145) ParOldGen: 585170K(699392K)->585170K(699392K)
[111.911s][info][gc,metaspace   ] GC(145) Metaspace: 114828K(129664K)->114828K(129664K) NonClass: 98098K(107328K)->98098K(107328K) Class: 16729K(22336K)->16729K(22336K)
[111.911s][info][gc             ] GC(145) Pause Young (Allocation Failure) 685M->590M(910M) 2.111ms
[111.911s][info][gc,cpu         ] GC(145) User=0.00s Sys=0.00s Real=0.00s
[111.919s][info][gc,start       ] GC(146) Pause Young (Allocation Failure)
[111.921s][info][gc,heap        ] GC(146) PSYoungGen: 136350K(232960K)->29053K(232960K) Eden: 116736K(116736K)->0K(116736K) From: 19614K(116224K)->29053K(116224K)
[111.921s][info][gc,heap        ] GC(146) ParOldGen: 585170K(699392K)->585170K(699392K)
[111.921s][info][gc,metaspace   ] GC(146) Metaspace: 114828K(129664K)->114828K(129664K) NonClass: 98098K(107328K)->98098K(107328K) Class: 16729K(22336K)->16729K(22336K)
[111.921s][info][gc             ] GC(146) Pause Young (Allocation Failure) 704M->599M(910M) 2.637ms
[111.921s][info][gc,cpu         ] GC(146) User=0.00s Sys=0.00s Real=0.00s
[111.929s][info][gc,start       ] GC(147) Pause Young (Allocation Failure)
[111.932s][info][gc,heap        ] GC(147) PSYoungGen: 145789K(232960K)->44742K(232960K) Eden: 116736K(116736K)->0K(116736K) From: 29053K(116224K)->44742K(116224K)
[111.932s][info][gc,heap        ] GC(147) ParOldGen: 585170K(699392K)->585170K(699392K)
[111.932s][info][gc,metaspace   ] GC(147) Metaspace: 114828K(129664K)->114828K(129664K) NonClass: 98098K(107328K)->98098K(107328K) Class: 16729K(22336K)->16729K(22336K)
[111.933s][info][gc             ] GC(147) Pause Young (Allocation Failure) 713M->615M(910M) 3.492ms
[111.933s][info][gc,cpu         ] GC(147) User=0.00s Sys=0.00s Real=0.00s
[111.940s][info][gc,start       ] GC(148) Pause Young (Allocation Failure)
[111.944s][info][gc,heap        ] GC(148) PSYoungGen: 161478K(232960K)->54053K(232960K) Eden: 116736K(116736K)->0K(116736K) From: 44742K(116224K)->54053K(116224K)
[111.944s][info][gc,heap        ] GC(148) ParOldGen: 585170K(699392K)->585170K(699392K)
[111.944s][info][gc,metaspace   ] GC(148) Metaspace: 114828K(129664K)->114828K(129664K) NonClass: 98098K(107328K)->98098K(107328K) Class: 16729K(22336K)->16729K(22336K)
[111.944s][info][gc             ] GC(148) Pause Young (Allocation Failure) 729M->624M(910M) 3.817ms
[111.944s][info][gc,cpu         ] GC(148) User=0.33s Sys=0.00s Real=0.02s
[111.952s][info][gc,start       ] GC(149) Pause Young (Allocation Failure)
[111.956s][info][gc,heap        ] GC(149) PSYoungGen: 170789K(232960K)->57114K(228864K) Eden: 116736K(116736K)->0K(116736K) From: 54053K(116224K)->57114K(112128K)
[111.956s][info][gc,heap        ] GC(149) ParOldGen: 585170K(699392K)->585170K(699392K)
[111.956s][info][gc,metaspace   ] GC(149) Metaspace: 114828K(129664K)->114828K(129664K) NonClass: 98098K(107328K)->98098K(107328K) Class: 16729K(22336K)->16729K(22336K)
[111.956s][info][gc             ] GC(149) Pause Young (Allocation Failure) 738M->627M(906M) 4.364ms
[111.956s][info][gc,cpu         ] GC(149) User=0.00s Sys=0.00s Real=0.00s
[111.964s][info][gc,start       ] GC(150) Pause Young (Allocation Failure)
[111.968s][info][gc,heap        ] GC(150) PSYoungGen: 173850K(228864K)->38396K(230912K) Eden: 116736K(116736K)->0K(116736K) From: 57114K(112128K)->38396K(114176K)
[111.968s][info][gc,heap        ] GC(150) ParOldGen: 585170K(699392K)->604040K(699392K)
[111.968s][info][gc,metaspace   ] GC(150) Metaspace: 114828K(129664K)->114828K(129664K) NonClass: 98098K(107328K)->98098K(107328K) Class: 16729K(22336K)->16729K(22336K)
[111.968s][info][gc             ] GC(150) Pause Young (Allocation Failure) 741M->627M(908M) 4.440ms
[111.968s][info][gc,cpu         ] GC(150) User=0.02s Sys=0.03s Real=0.01s
[111.976s][info][gc,start       ] GC(151) Pause Young (Allocation Failure)
[111.979s][info][gc,heap        ] GC(151) PSYoungGen: 155132K(230912K)->28957K(233472K) Eden: 116736K(116736K)->0K(122368K) From: 38396K(114176K)->28957K(111104K)
[111.979s][info][gc,heap        ] GC(151) ParOldGen: 604040K(699392K)->613447K(699392K)
[111.979s][info][gc,metaspace   ] GC(151) Metaspace: 114828K(129664K)->114828K(129664K) NonClass: 98098K(107328K)->98098K(107328K) Class: 16729K(22336K)->16729K(22336K)
[111.979s][info][gc             ] GC(151) Pause Young (Allocation Failure) 741M->627M(911M) 3.177ms
[111.979s][info][gc,cpu         ] GC(151) User=0.20s Sys=0.03s Real=0.00s
[111.987s][info][gc,start       ] GC(152) Pause Young (Allocation Failure)
[111.989s][info][gc,heap        ] GC(152) PSYoungGen: 151325K(233472K)->13396K(234496K) Eden: 122368K(122368K)->0K(122368K) From: 28957K(111104K)->13396K(112128K)
[111.989s][info][gc,heap        ] GC(152) ParOldGen: 613447K(699392K)->629128K(699392K)
[111.989s][info][gc,metaspace   ] GC(152) Metaspace: 114828K(129664K)->114828K(129664K) NonClass: 98098K(107328K)->98098K(107328K) Class: 16729K(22336K)->16729K(22336K)
[111.989s][info][gc             ] GC(152) Pause Young (Allocation Failure) 746M->627M(912M) 2.655ms
[111.989s][info][gc,cpu         ] GC(152) User=0.00s Sys=0.00s Real=0.00s
[111.997s][info][gc,start       ] GC(153) Pause Young (Allocation Failure)
[111.999s][info][gc,heap        ] GC(153) PSYoungGen: 135764K(234496K)->3829K(231424K) Eden: 122368K(122368K)->0K(117760K) From: 13396K(112128K)->3829K(113664K)
[111.999s][info][gc,heap        ] GC(153) ParOldGen: 629128K(699392K)->638551K(699392K)
[111.999s][info][gc,metaspace   ] GC(153) Metaspace: 114828K(129664K)->114828K(129664K) NonClass: 98098K(107328K)->98098K(107328K) Class: 16729K(22336K)->16729K(22336K)
[111.999s][info][gc             ] GC(153) Pause Young (Allocation Failure) 746M->627M(909M) 1.720ms
[111.999s][info][gc,cpu         ] GC(153) User=0.00s Sys=0.00s Real=0.00s
[112.007s][info][gc,start       ] GC(154) Pause Young (Allocation Failure)
[112.008s][info][gc,heap        ] GC(154) PSYoungGen: 121589K(231424K)->3989K(233472K) Eden: 117760K(117760K)->0K(117760K) From: 3829K(113664K)->3989K(115712K)
[112.008s][info][gc,heap        ] GC(154) ParOldGen: 638551K(699392K)->638551K(699392K)
[112.008s][info][gc,metaspace   ] GC(154) Metaspace: 114828K(129664K)->114828K(129664K) NonClass: 98098K(107328K)->98098K(107328K) Class: 16729K(22336K)->16729K(22336K)
[112.008s][info][gc             ] GC(154) Pause Young (Allocation Failure) 742M->627M(911M) 1.544ms
[112.008s][info][gc,cpu         ] GC(154) User=0.00s Sys=0.00s Real=0.00s
[112.016s][info][gc,start       ] GC(155) Pause Young (Allocation Failure)
[112.017s][info][gc,heap        ] GC(155) PSYoungGen: 121749K(233472K)->3957K(232448K) Eden: 117760K(117760K)->0K(117760K) From: 3989K(115712K)->3957K(114688K)
[112.017s][info][gc,heap        ] GC(155) ParOldGen: 638551K(699392K)->638551K(699392K)
[112.017s][info][gc,metaspace   ] GC(155) Metaspace: 114828K(129664K)->114828K(129664K) NonClass: 98098K(107328K)->98098K(107328K) Class: 16729K(22336K)->16729K(22336K)
[112.017s][info][gc             ] GC(155) Pause Young (Allocation Failure) 742M->627M(910M) 1.495ms
[112.017s][info][gc,cpu         ] GC(155) User=0.00s Sys=0.00s Real=0.00s
[112.025s][info][gc,start       ] GC(156) Pause Young (Allocation Failure)
[112.026s][info][gc,heap        ] GC(156) PSYoungGen: 121717K(232448K)->3861K(121856K) Eden: 117760K(117760K)->0K(117760K) From: 3957K(114688K)->3861K(4096K)
[112.026s][info][gc,heap        ] GC(156) ParOldGen: 638551K(699392K)->638551K(699392K)
[112.026s][info][gc,metaspace   ] GC(156) Metaspace: 114828K(129664K)->114828K(129664K) NonClass: 98098K(107328K)->98098K(107328K) Class: 16729K(22336K)->16729K(22336K)
[112.026s][info][gc             ] GC(156) Pause Young (Allocation Failure) 742M->627M(802M) 1.531ms
[112.026s][info][gc,cpu         ] GC(156) User=0.00s Sys=0.00s Real=0.00s
[112.034s][info][gc,start       ] GC(157) Pause Young (Allocation Failure)
[112.035s][info][gc,heap        ] GC(157) PSYoungGen: 121621K(121856K)->3861K(235008K) Eden: 117760K(117760K)->0K(121856K) From: 3861K(4096K)->3861K(113152K)
[112.035s][info][gc,heap        ] GC(157) ParOldGen: 638551K(699392K)->638551K(699392K)
[112.035s][info][gc,metaspace   ] GC(157) Metaspace: 114828K(129664K)->114828K(129664K) NonClass: 98099K(107328K)->98099K(107328K) Class: 16729K(22336K)->16729K(22336K)
[112.036s][info][gc             ] GC(157) Pause Young (Allocation Failure) 742M->627M(912M) 1.544ms
[112.036s][info][gc,cpu         ] GC(157) User=0.00s Sys=0.00s Real=0.00s
[112.043s][info][gc,start       ] GC(158) Pause Young (Allocation Failure)
[112.045s][info][gc,heap        ] GC(158) PSYoungGen: 125717K(235008K)->3797K(232448K) Eden: 121856K(121856K)->0K(121856K) From: 3861K(113152K)->3797K(110592K)
[112.045s][info][gc,heap        ] GC(158) ParOldGen: 638551K(699392K)->638551K(699392K)
[112.045s][info][gc,metaspace   ] GC(158) Metaspace: 114828K(129664K)->114828K(129664K) NonClass: 98099K(107328K)->98099K(107328K) Class: 16729K(22336K)->16729K(22336K)
[112.045s][info][gc             ] GC(158) Pause Young (Allocation Failure) 746M->627M(910M) 1.996ms
[112.045s][info][gc,cpu         ] GC(158) User=0.00s Sys=0.00s Real=0.00s
[112.053s][info][gc,start       ] GC(159) Pause Young (Allocation Failure)
[112.055s][info][gc,heap        ] GC(159) PSYoungGen: 125653K(232448K)->3861K(235008K) Eden: 121856K(121856K)->0K(129024K) From: 3797K(110592K)->3861K(105984K)
[112.055s][info][gc,heap        ] GC(159) ParOldGen: 638551K(699392K)->638551K(699392K)
[112.055s][info][gc,metaspace   ] GC(159) Metaspace: 114828K(129664K)->114828K(129664K) NonClass: 98099K(107328K)->98099K(107328K) Class: 16729K(22336K)->16729K(22336K)
[112.055s][info][gc             ] GC(159) Pause Young (Allocation Failure) 746M->627M(912M) 1.694ms
[112.055s][info][gc,cpu         ] GC(159) User=0.00s Sys=0.00s Real=0.00s
[112.063s][info][gc,start       ] GC(160) Pause Young (Allocation Failure)
[112.066s][info][gc,heap        ] GC(160) PSYoungGen: 132885K(235008K)->10111K(232960K) Eden: 129024K(129024K)->0K(129024K) From: 3861K(105984K)->10111K(103936K)
[112.066s][info][gc,heap        ] GC(160) ParOldGen: 638551K(699392K)->638551K(699392K)
[112.066s][info][gc,metaspace   ] GC(160) Metaspace: 114828K(129664K)->114828K(129664K) NonClass: 98099K(107328K)->98099K(107328K) Class: 16729K(22336K)->16729K(22336K)
[112.066s][info][gc             ] GC(160) Pause Young (Allocation Failure) 753M->633M(910M) 2.728ms
[112.066s][info][gc,cpu         ] GC(160) User=0.00s Sys=0.00s Real=0.00s
[112.087s][info][gc,start       ] GC(161) Pause Young (Allocation Failure)
[112.091s][info][gc,heap        ] GC(161) PSYoungGen: 139135K(232960K)->22675K(222208K) Eden: 129024K(129024K)->0K(138240K) From: 10111K(103936K)->22675K(83968K)
[112.091s][info][gc,heap        ] GC(161) ParOldGen: 638551K(699392K)->638551K(699392K)
[112.091s][info][gc,metaspace   ] GC(161) Metaspace: 114828K(129664K)->114828K(129664K) NonClass: 98099K(107328K)->98099K(107328K) Class: 16729K(22336K)->16729K(22336K)
[112.091s][info][gc             ] GC(161) Pause Young (Allocation Failure) 759M->645M(900M) 4.329ms
[112.091s][info][gc,cpu         ] GC(161) User=0.00s Sys=0.00s Real=0.00s
[112.101s][info][gc,start       ] GC(162) Pause Young (Allocation Failure)
[112.104s][info][gc,heap        ] GC(162) PSYoungGen: 160915K(222208K)->28989K(230400K) Eden: 138240K(138240K)->0K(138240K) From: 22675K(83968K)->28989K(92160K)
[112.104s][info][gc,heap        ] GC(162) ParOldGen: 638551K(699392K)->638551K(699392K)
[112.104s][info][gc,metaspace   ] GC(162) Metaspace: 114828K(129664K)->114828K(129664K) NonClass: 98099K(107328K)->98099K(107328K) Class: 16729K(22336K)->16729K(22336K)
[112.104s][info][gc             ] GC(162) Pause Young (Allocation Failure) 780M->651M(908M) 3.087ms
[112.104s][info][gc,cpu         ] GC(162) User=0.00s Sys=0.00s Real=0.00s
[112.120s][info][gc,start       ] GC(163) Pause Young (Allocation Failure)
[112.124s][info][gc,heap        ] GC(163) PSYoungGen: 167229K(230400K)->35207K(230400K) Eden: 138240K(138240K)->0K(148480K) From: 28989K(92160K)->35207K(81920K)
[112.124s][info][gc,heap        ] GC(163) ParOldGen: 638551K(699392K)->638551K(699392K)
[112.124s][info][gc,metaspace   ] GC(163) Metaspace: 114828K(129664K)->114828K(129664K) NonClass: 98099K(107328K)->98099K(107328K) Class: 16729K(22336K)->16729K(22336K)
[112.124s][info][gc             ] GC(163) Pause Young (Allocation Failure) 786M->657M(908M) 4.219ms
[112.124s][info][gc,cpu         ] GC(163) User=0.00s Sys=0.00s Real=0.00s
[112.152s][info][gc,start       ] GC(164) Pause Young (Allocation Failure)
[112.157s][info][gc,heap        ] GC(164) PSYoungGen: 183687K(230400K)->50896K(232960K) Eden: 148480K(148480K)->0K(148480K) From: 35207K(81920K)->50896K(84480K)
[112.157s][info][gc,heap        ] GC(164) ParOldGen: 638551K(699392K)->641732K(699392K)
[112.157s][info][gc,metaspace   ] GC(164) Metaspace: 114828K(129664K)->114828K(129664K) NonClass: 98099K(107328K)->98099K(107328K) Class: 16729K(22336K)->16729K(22336K)
[112.157s][info][gc             ] GC(164) Pause Young (Allocation Failure) 802M->676M(910M) 5.269ms
[112.157s][info][gc,cpu         ] GC(164) User=0.00s Sys=0.00s Real=0.00s
[112.183s][info][gc,start       ] GC(165) Pause Young (Allocation Failure)
[112.193s][info][gc,heap        ] GC(165) PSYoungGen: 199376K(232960K)->82210K(233472K) Eden: 148480K(148480K)->0K(145408K) From: 50896K(84480K)->82210K(88064K)
[112.193s][info][gc,heap        ] GC(165) ParOldGen: 641732K(699392K)->647998K(699392K)
[112.193s][info][gc,metaspace   ] GC(165) Metaspace: 114828K(129664K)->114828K(129664K) NonClass: 98099K(107328K)->98099K(107328K) Class: 16729K(22336K)->16729K(22336K)
[112.193s][info][gc             ] GC(165) Pause Young (Allocation Failure) 821M->713M(911M) 10.222ms
[112.193s][info][gc,cpu         ] GC(165) User=0.00s Sys=0.00s Real=0.00s
[112.214s][info][gc,start       ] GC(166) Pause Young (Allocation Failure)
[112.222s][info][gc,heap        ] GC(166) PSYoungGen: 227618K(233472K)->100928K(246784K) Eden: 145408K(145408K)->0K(145408K) From: 82210K(88064K)->100928K(101376K)
[112.222s][info][gc,heap        ] GC(166) ParOldGen: 647998K(699392K)->660538K(699392K)
[112.222s][info][gc,metaspace   ] GC(166) Metaspace: 114828K(129664K)->114828K(129664K) NonClass: 98099K(107328K)->98099K(107328K) Class: 16729K(22336K)->16729K(22336K)
[112.222s][info][gc             ] GC(166) Pause Young (Allocation Failure) 855M->743M(924M) 8.247ms
[112.222s][info][gc,cpu         ] GC(166) User=0.00s Sys=0.00s Real=0.00s
[112.245s][info][gc,start       ] GC(167) Pause Young (Allocation Failure)
[112.265s][info][gc,promotion   ] GC(167) Promotion failed
[112.266s][info][gc,heap        ] GC(167) PSYoungGen: 246336K(246784K)->246336K(246784K) Eden: 145408K(145408K)->145408K(145408K) From: 100928K(101376K)->100928K(101376K)
[112.266s][info][gc,heap        ] GC(167) ParOldGen: 660538K(699392K)->698078K(699392K)
[112.266s][info][gc,metaspace   ] GC(167) Metaspace: 114828K(129664K)->114828K(129664K) NonClass: 98099K(107328K)->98099K(107328K) Class: 16729K(22336K)->16729K(22336K)
[112.266s][info][gc             ] GC(167) Pause Young (Allocation Failure) 885M->922M(924M) 20.301ms
[112.266s][info][gc,cpu         ] GC(167) User=0.05s Sys=0.09s Real=0.02s
[112.266s][info][gc,start       ] GC(168) Pause Full (Ergonomics)
[112.266s][info][gc,phases,start] GC(168) Marking Phase
[112.297s][info][gc,phases      ] GC(168) Marking Phase 30.535ms
[112.297s][info][gc,phases,start] GC(168) Summary Phase
[112.297s][info][gc,phases      ] GC(168) Summary Phase 0.034ms
[112.297s][info][gc,phases,start] GC(168) Adjust Roots
[112.300s][info][gc,phases      ] GC(168) Adjust Roots 2.923ms
[112.300s][info][gc,phases,start] GC(168) Compaction Phase
[114.624s][info][gc,phases      ] GC(168) Compaction Phase 2323.939ms
[114.624s][info][gc,phases,start] GC(168) Post Compact
[114.639s][info][gc,phases      ] GC(168) Post Compact 15.210ms
[114.639s][info][gc,heap        ] GC(168) PSYoungGen: 246336K(246784K)->18775K(219136K) Eden: 145408K(145408K)->0K(116736K) From: 100928K(101376K)->18775K(102400K)
[114.639s][info][gc,heap        ] GC(168) ParOldGen: 698078K(699392K)->698754K(699392K)
[114.639s][info][gc,metaspace   ] GC(168) Metaspace: 114828K(129664K)->114828K(129664K) NonClass: 98099K(107328K)->98099K(107328K) Class: 16729K(22336K)->16729K(22336K)
[114.639s][info][gc             ] GC(168) Pause Full (Ergonomics) 922M->700M(897M) 2373.082ms
[114.639s][info][gc,cpu         ] GC(168) User=1.17s Sys=0.02s Real=2.37s
[114.655s][info][gc,start       ] GC(169) Pause Full (Ergonomics)
[114.655s][info][gc,phases,start] GC(169) Marking Phase
[114.691s][info][gc,phases      ] GC(169) Marking Phase 35.640ms
[114.691s][info][gc,phases,start] GC(169) Summary Phase
[114.691s][info][gc,phases      ] GC(169) Summary Phase 0.036ms
[114.691s][info][gc,phases,start] GC(169) Adjust Roots
[114.692s][info][gc,phases      ] GC(169) Adjust Roots 1.012ms
[114.692s][info][gc,phases,start] GC(169) Compaction Phase
[114.705s][info][gc,phases      ] GC(169) Compaction Phase 13.113ms
[114.705s][info][gc,phases,start] GC(169) Post Compact
[114.709s][info][gc,phases      ] GC(169) Post Compact 4.100ms
[114.709s][info][gc,heap        ] GC(169) PSYoungGen: 135511K(219136K)->0K(232960K) Eden: 116736K(116736K)->0K(116736K) From: 18775K(102400K)->0K(116224K)
[114.709s][info][gc,heap        ] GC(169) ParOldGen: 698754K(699392K)->695574K(699392K)
[114.709s][info][gc,metaspace   ] GC(169) Metaspace: 114828K(129664K)->114828K(129664K) NonClass: 98099K(107328K)->98099K(107328K) Class: 16729K(22336K)->16729K(22336K)
[114.709s][info][gc             ] GC(169) Pause Full (Ergonomics) 814M->679M(910M) 54.154ms
[114.709s][info][gc,cpu         ] GC(169) User=0.98s Sys=0.00s Real=0.05s
[114.726s][info][gc,start       ] GC(170) Pause Full (Ergonomics)
[114.726s][info][gc,phases,start] GC(170) Marking Phase
[114.751s][info][gc,phases      ] GC(170) Marking Phase 25.183ms
[114.751s][info][gc,phases,start] GC(170) Summary Phase
[114.751s][info][gc,phases      ] GC(170) Summary Phase 0.028ms
[114.751s][info][gc,phases,start] GC(170) Adjust Roots
[114.752s][info][gc,phases      ] GC(170) Adjust Roots 1.055ms
[114.752s][info][gc,phases,start] GC(170) Compaction Phase
[114.798s][info][gc,phases      ] GC(170) Compaction Phase 45.910ms
[114.798s][info][gc,phases,start] GC(170) Post Compact
[114.802s][info][gc,phases      ] GC(170) Post Compact 4.040ms
[114.803s][info][gc,heap        ] GC(170) PSYoungGen: 116736K(232960K)->25461K(232960K) Eden: 116736K(116736K)->25461K(116736K) From: 0K(116224K)->0K(116224K)
[114.803s][info][gc,heap        ] GC(170) ParOldGen: 695574K(699392K)->698309K(699392K)
[114.803s][info][gc,metaspace   ] GC(170) Metaspace: 114830K(129664K)->114830K(129664K) NonClass: 98100K(107328K)->98100K(107328K) Class: 16729K(22336K)->16729K(22336K)
[114.803s][info][gc             ] GC(170) Pause Full (Ergonomics) 793M->706M(910M) 76.512ms
[114.803s][info][gc,cpu         ] GC(170) User=1.28s Sys=0.00s Real=0.06s
[114.819s][info][gc,start       ] GC(171) Pause Full (Ergonomics)
[114.819s][info][gc,phases,start] GC(171) Marking Phase
[114.845s][info][gc,phases      ] GC(171) Marking Phase 26.108ms
[114.845s][info][gc,phases,start] GC(171) Summary Phase
[114.845s][info][gc,phases      ] GC(171) Summary Phase 0.027ms
[114.845s][info][gc,phases,start] GC(171) Adjust Roots
[114.846s][info][gc,phases      ] GC(171) Adjust Roots 1.019ms
[114.846s][info][gc,phases,start] GC(171) Compaction Phase
[114.860s][info][gc,phases      ] GC(171) Compaction Phase 14.082ms
[114.860s][info][gc,phases,start] GC(171) Post Compact
[114.865s][info][gc,phases      ] GC(171) Post Compact 4.321ms
[114.865s][info][gc,heap        ] GC(171) PSYoungGen: 116736K(232960K)->31683K(232960K) Eden: 116736K(116736K)->31683K(116736K) From: 0K(116224K)->0K(116224K)
[114.865s][info][gc,heap        ] GC(171) ParOldGen: 698309K(699392K)->698281K(699392K)
[114.865s][info][gc,metaspace   ] GC(171) Metaspace: 114830K(129664K)->114830K(129664K) NonClass: 98101K(107328K)->98101K(107328K) Class: 16729K(22336K)->16729K(22336K)
[114.865s][info][gc             ] GC(171) Pause Full (Ergonomics) 795M->712M(910M) 45.873ms
[114.865s][info][gc,cpu         ] GC(171) User=0.66s Sys=0.00s Real=0.03s
[114.881s][info][gc,start       ] GC(172) Pause Full (Ergonomics)
[114.881s][info][gc,phases,start] GC(172) Marking Phase
[114.910s][info][gc,phases      ] GC(172) Marking Phase 28.866ms
[114.910s][info][gc,phases,start] GC(172) Summary Phase
[114.910s][info][gc,phases      ] GC(172) Summary Phase 0.035ms
[114.910s][info][gc,phases,start] GC(172) Adjust Roots
[114.911s][info][gc,phases      ] GC(172) Adjust Roots 1.032ms
[114.911s][info][gc,phases,start] GC(172) Compaction Phase
[114.926s][info][gc,phases      ] GC(172) Compaction Phase 14.655ms
[114.926s][info][gc,phases,start] GC(172) Post Compact
[114.930s][info][gc,phases      ] GC(172) Post Compact 4.356ms
[114.930s][info][gc,heap        ] GC(172) PSYoungGen: 116736K(232960K)->25565K(232960K) Eden: 116736K(116736K)->25565K(116736K) From: 0K(116224K)->0K(116224K)
[114.930s][info][gc,heap        ] GC(172) ParOldGen: 698281K(699392K)->698276K(699392K)
[114.930s][info][gc,metaspace   ] GC(172) Metaspace: 114831K(129664K)->114831K(129664K) NonClass: 98101K(107328K)->98101K(107328K) Class: 16730K(22336K)->16730K(22336K)
[114.930s][info][gc             ] GC(172) Pause Full (Ergonomics) 795M->706M(910M) 49.249ms
[114.930s][info][gc,cpu         ] GC(172) User=0.67s Sys=0.00s Real=0.05s
[114.946s][info][gc,start       ] GC(173) Pause Full (Ergonomics)
[114.947s][info][gc,phases,start] GC(173) Marking Phase
[114.980s][info][gc,phases      ] GC(173) Marking Phase 33.411ms
[114.980s][info][gc,phases,start] GC(173) Summary Phase
[114.980s][info][gc,phases      ] GC(173) Summary Phase 0.027ms
[114.980s][info][gc,phases,start] GC(173) Adjust Roots
[114.981s][info][gc,phases      ] GC(173) Adjust Roots 0.866ms
[114.981s][info][gc,phases,start] GC(173) Compaction Phase
[115.002s][info][gc,phases      ] GC(173) Compaction Phase 20.770ms
[115.002s][info][gc,phases,start] GC(173) Post Compact
[115.006s][info][gc,phases      ] GC(173) Post Compact 4.257ms
[115.006s][info][gc,heap        ] GC(173) PSYoungGen: 116736K(232960K)->37966K(232960K) Eden: 116736K(116736K)->37966K(116736K) From: 0K(116224K)->0K(116224K)
[115.006s][info][gc,heap        ] GC(173) ParOldGen: 698276K(699392K)->695151K(699392K)
[115.006s][info][gc,metaspace   ] GC(173) Metaspace: 114831K(129664K)->114831K(129664K) NonClass: 98101K(107328K)->98101K(107328K) Class: 16730K(22336K)->16730K(22336K)
[115.006s][info][gc             ] GC(173) Pause Full (Ergonomics) 795M->715M(910M) 59.622ms
[115.006s][info][gc,cpu         ] GC(173) User=0.95s Sys=0.00s Real=0.05s
[115.023s][info][gc,start       ] GC(174) Pause Full (Ergonomics)
[115.023s][info][gc,phases,start] GC(174) Marking Phase
[115.053s][info][gc,phases      ] GC(174) Marking Phase 29.876ms
[115.053s][info][gc,phases,start] GC(174) Summary Phase
[115.053s][info][gc,phases      ] GC(174) Summary Phase 0.029ms
[115.053s][info][gc,phases,start] GC(174) Adjust Roots
[115.053s][info][gc,phases      ] GC(174) Adjust Roots 0.887ms
[115.053s][info][gc,phases,start] GC(174) Compaction Phase
[115.094s][info][gc,phases      ] GC(174) Compaction Phase 40.450ms
[115.094s][info][gc,phases,start] GC(174) Post Compact
[115.098s][info][gc,phases      ] GC(174) Post Compact 4.006ms
[115.098s][info][gc,heap        ] GC(174) PSYoungGen: 116693K(232960K)->62978K(232960K) Eden: 116693K(116736K)->62978K(116736K) From: 0K(116224K)->0K(116224K)
[115.098s][info][gc,heap        ] GC(174) ParOldGen: 695151K(699392K)->695151K(699392K)
[115.098s][info][gc,metaspace   ] GC(174) Metaspace: 114831K(129664K)->114831K(129664K) NonClass: 98101K(107328K)->98101K(107328K) Class: 16730K(22336K)->16730K(22336K)
[115.098s][info][gc             ] GC(174) Pause Full (Ergonomics) 792M->740M(910M) 75.502ms
[115.098s][info][gc,cpu         ] GC(174) User=1.00s Sys=0.00s Real=0.06s
[115.103s][info][gc,start       ] GC(175) Pause Full (Ergonomics)
[115.103s][info][gc,phases,start] GC(175) Marking Phase
[115.130s][info][gc,phases      ] GC(175) Marking Phase 26.625ms
[115.130s][info][gc,phases,start] GC(175) Summary Phase
[115.130s][info][gc,phases      ] GC(175) Summary Phase 0.027ms
[115.130s][info][gc,phases,start] GC(175) Adjust Roots
[115.131s][info][gc,phases      ] GC(175) Adjust Roots 0.877ms
[115.131s][info][gc,phases,start] GC(175) Compaction Phase
[115.150s][info][gc,phases      ] GC(175) Compaction Phase 19.077ms
[115.150s][info][gc,phases,start] GC(175) Post Compact
[115.154s][info][gc,phases      ] GC(175) Post Compact 4.211ms
[115.154s][info][gc,heap        ] GC(175) PSYoungGen: 116736K(232960K)->62968K(232960K) Eden: 116736K(116736K)->62968K(116736K) From: 0K(116224K)->0K(116224K)
[115.154s][info][gc,heap        ] GC(175) ParOldGen: 695151K(699392K)->695152K(699392K)
[115.154s][info][gc,metaspace   ] GC(175) Metaspace: 114833K(129664K)->114833K(129664K) NonClass: 98101K(107328K)->98101K(107328K) Class: 16731K(22336K)->16731K(22336K)
[115.154s][info][gc             ] GC(175) Pause Full (Ergonomics) 792M->740M(910M) 51.122ms
[115.154s][info][gc,cpu         ] GC(175) User=0.73s Sys=0.00s Real=0.05s
[115.170s][info][gc,start       ] GC(176) Pause Full (Ergonomics)
[115.171s][info][gc,phases,start] GC(176) Marking Phase
[115.203s][info][gc,phases      ] GC(176) Marking Phase 32.168ms
[115.203s][info][gc,phases,start] GC(176) Summary Phase
[115.203s][info][gc,phases      ] GC(176) Summary Phase 0.027ms
[115.203s][info][gc,phases,start] GC(176) Adjust Roots
[115.204s][info][gc,phases      ] GC(176) Adjust Roots 0.855ms
[115.204s][info][gc,phases,start] GC(176) Compaction Phase
[115.236s][info][gc,phases      ] GC(176) Compaction Phase 32.036ms
[115.236s][info][gc,phases,start] GC(176) Post Compact
[115.240s][info][gc,phases      ] GC(176) Post Compact 3.997ms
[115.240s][info][gc,heap        ] GC(176) PSYoungGen: 116736K(232960K)->56832K(232960K) Eden: 116736K(116736K)->56832K(116736K) From: 0K(116224K)->0K(116224K)
[115.240s][info][gc,heap        ] GC(176) ParOldGen: 695152K(699392K)->695151K(699392K)
[115.240s][info][gc,metaspace   ] GC(176) Metaspace: 114833K(129664K)->114833K(129664K) NonClass: 98102K(107328K)->98102K(107328K) Class: 16731K(22336K)->16731K(22336K)
[115.240s][info][gc             ] GC(176) Pause Full (Ergonomics) 792M->734M(910M) 69.469ms
[115.240s][info][gc,cpu         ] GC(176) User=0.97s Sys=0.00s Real=0.06s
[115.245s][info][gc,start       ] GC(177) Pause Full (Ergonomics)
[115.245s][info][gc,phases,start] GC(177) Marking Phase
[115.273s][info][gc,phases      ] GC(177) Marking Phase 27.778ms
[115.273s][info][gc,phases,start] GC(177) Summary Phase
[115.273s][info][gc,phases      ] GC(177) Summary Phase 0.025ms
[115.273s][info][gc,phases,start] GC(177) Adjust Roots
[115.273s][info][gc,phases      ] GC(177) Adjust Roots 0.856ms
[115.274s][info][gc,phases,start] GC(177) Compaction Phase
[115.292s][info][gc,phases      ] GC(177) Compaction Phase 18.240ms
[115.292s][info][gc,phases,start] GC(177) Post Compact
[115.296s][info][gc,phases      ] GC(177) Post Compact 4.057ms
[115.296s][info][gc,heap        ] GC(177) PSYoungGen: 116736K(232960K)->50501K(232960K) Eden: 116736K(116736K)->50501K(116736K) From: 0K(116224K)->0K(116224K)
[115.296s][info][gc,heap        ] GC(177) ParOldGen: 695151K(699392K)->695151K(699392K)
[115.296s][info][gc,metaspace   ] GC(177) Metaspace: 114833K(129664K)->114833K(129664K) NonClass: 98102K(107328K)->98102K(107328K) Class: 16731K(22336K)->16731K(22336K)
[115.296s][info][gc             ] GC(177) Pause Full (Ergonomics) 792M->728M(910M) 51.209ms
[115.296s][info][gc,cpu         ] GC(177) User=0.73s Sys=0.00s Real=0.05s
[115.312s][info][gc,start       ] GC(178) Pause Full (Ergonomics)
[115.312s][info][gc,phases,start] GC(178) Marking Phase
[115.344s][info][gc,phases      ] GC(178) Marking Phase 32.139ms
[115.344s][info][gc,phases,start] GC(178) Summary Phase
[115.344s][info][gc,phases      ] GC(178) Summary Phase 0.025ms
[115.344s][info][gc,phases,start] GC(178) Adjust Roots
[115.345s][info][gc,phases      ] GC(178) Adjust Roots 0.889ms
[115.345s][info][gc,phases,start] GC(178) Compaction Phase
[115.360s][info][gc,phases      ] GC(178) Compaction Phase 14.516ms
[115.360s][info][gc,phases,start] GC(178) Post Compact
[115.364s][info][gc,phases      ] GC(178) Post Compact 4.020ms
[115.364s][info][gc,heap        ] GC(178) PSYoungGen: 116736K(232960K)->56828K(232960K) Eden: 116736K(116736K)->56828K(116736K) From: 0K(116224K)->0K(116224K)
[115.364s][info][gc,heap        ] GC(178) ParOldGen: 695151K(699392K)->695151K(699392K)
[115.364s][info][gc,metaspace   ] GC(178) Metaspace: 114836K(129664K)->114836K(129664K) NonClass: 98105K(107328K)->98105K(107328K) Class: 16731K(22336K)->16731K(22336K)
[115.364s][info][gc             ] GC(178) Pause Full (Ergonomics) 792M->734M(910M) 51.838ms
[115.364s][info][gc,cpu         ] GC(178) User=0.77s Sys=0.00s Real=0.05s
[115.369s][info][gc,start       ] GC(179) Pause Full (Ergonomics)
[115.369s][info][gc,phases,start] GC(179) Marking Phase
[115.394s][info][gc,phases      ] GC(179) Marking Phase 25.183ms
[115.394s][info][gc,phases,start] GC(179) Summary Phase
[115.395s][info][gc,phases      ] GC(179) Summary Phase 0.024ms
[115.395s][info][gc,phases,start] GC(179) Adjust Roots
[115.395s][info][gc,phases      ] GC(179) Adjust Roots 0.867ms
[115.395s][info][gc,phases,start] GC(179) Compaction Phase
[115.410s][info][gc,phases      ] GC(179) Compaction Phase 14.698ms
[115.410s][info][gc,phases,start] GC(179) Post Compact
[115.414s][info][gc,phases      ] GC(179) Post Compact 4.030ms
[115.414s][info][gc,heap        ] GC(179) PSYoungGen: 116736K(232960K)->56804K(232960K) Eden: 116736K(116736K)->56804K(116736K) From: 0K(116224K)->0K(116224K)
[115.414s][info][gc,heap        ] GC(179) ParOldGen: 695151K(699392K)->695151K(699392K)
[115.414s][info][gc,metaspace   ] GC(179) Metaspace: 114838K(129664K)->114838K(129664K) NonClass: 98107K(107328K)->98107K(107328K) Class: 16731K(22336K)->16731K(22336K)
[115.414s][info][gc             ] GC(179) Pause Full (Ergonomics) 792M->734M(910M) 45.050ms
[115.414s][info][gc,cpu         ] GC(179) User=0.67s Sys=0.00s Real=0.05s
[115.420s][info][gc,start       ] GC(180) Pause Full (Ergonomics)
[115.420s][info][gc,phases,start] GC(180) Marking Phase
[115.446s][info][gc,phases      ] GC(180) Marking Phase 26.751ms
[115.447s][info][gc,phases,start] GC(180) Summary Phase
[115.447s][info][gc,phases      ] GC(180) Summary Phase 0.028ms
[115.447s][info][gc,phases,start] GC(180) Adjust Roots
[115.447s][info][gc,phases      ] GC(180) Adjust Roots 0.882ms
[115.447s][info][gc,phases,start] GC(180) Compaction Phase
[115.469s][info][gc,phases      ] GC(180) Compaction Phase 21.598ms
[115.469s][info][gc,phases,start] GC(180) Post Compact
[115.473s][info][gc,phases      ] GC(180) Post Compact 4.007ms
[115.473s][info][gc,heap        ] GC(180) PSYoungGen: 116736K(232960K)->56724K(232960K) Eden: 116736K(116736K)->56724K(116736K) From: 0K(116224K)->0K(116224K)
[115.473s][info][gc,heap        ] GC(180) ParOldGen: 695151K(699392K)->698277K(699392K)
[115.473s][info][gc,metaspace   ] GC(180) Metaspace: 114838K(129664K)->114838K(129664K) NonClass: 98107K(107328K)->98107K(107328K) Class: 16731K(22336K)->16731K(22336K)
[115.473s][info][gc             ] GC(180) Pause Full (Ergonomics) 792M->737M(910M) 53.532ms
[115.473s][info][gc,cpu         ] GC(180) User=0.67s Sys=0.00s Real=0.05s
[115.478s][info][gc,start       ] GC(181) Pause Full (Ergonomics)
[115.478s][info][gc,phases,start] GC(181) Marking Phase
[115.505s][info][gc,phases      ] GC(181) Marking Phase 26.901ms
[115.505s][info][gc,phases,start] GC(181) Summary Phase
[115.505s][info][gc,phases      ] GC(181) Summary Phase 0.028ms
[115.505s][info][gc,phases,start] GC(181) Adjust Roots
[115.506s][info][gc,phases      ] GC(181) Adjust Roots 0.897ms
[115.506s][info][gc,phases,start] GC(181) Compaction Phase
[115.524s][info][gc,phases      ] GC(181) Compaction Phase 18.062ms
[115.524s][info][gc,phases,start] GC(181) Post Compact
[115.528s][info][gc,phases      ] GC(181) Post Compact 4.167ms
[115.528s][info][gc,heap        ] GC(181) PSYoungGen: 116736K(232960K)->56832K(232960K) Eden: 116736K(116736K)->56832K(116736K) From: 0K(116224K)->0K(116224K)
[115.528s][info][gc,heap        ] GC(181) ParOldGen: 698277K(699392K)->695151K(699392K)
[115.528s][info][gc,metaspace   ] GC(181) Metaspace: 114840K(129664K)->114840K(129664K) NonClass: 98108K(107328K)->98108K(107328K) Class: 16732K(22336K)->16732K(22336K)
[115.528s][info][gc             ] GC(181) Pause Full (Ergonomics) 795M->734M(910M) 50.331ms
[115.528s][info][gc,cpu         ] GC(181) User=0.61s Sys=0.00s Real=0.05s
[115.533s][info][gc,start       ] GC(182) Pause Full (Ergonomics)
[115.533s][info][gc,phases,start] GC(182) Marking Phase
[115.559s][info][gc,phases      ] GC(182) Marking Phase 25.754ms
[115.559s][info][gc,phases,start] GC(182) Summary Phase
[115.559s][info][gc,phases      ] GC(182) Summary Phase 0.026ms
[115.559s][info][gc,phases,start] GC(182) Adjust Roots
[115.560s][info][gc,phases      ] GC(182) Adjust Roots 0.894ms
[115.560s][info][gc,phases,start] GC(182) Compaction Phase
[115.600s][info][gc,phases      ] GC(182) Compaction Phase 39.917ms
[115.600s][info][gc,phases,start] GC(182) Post Compact
[115.604s][info][gc,phases      ] GC(182) Post Compact 4.023ms
[115.604s][info][gc,heap        ] GC(182) PSYoungGen: 116736K(232960K)->56832K(232960K) Eden: 116736K(116736K)->56832K(116736K) From: 0K(116224K)->0K(116224K)
[115.604s][info][gc,heap        ] GC(182) ParOldGen: 695151K(699392K)->695073K(699392K)
[115.604s][info][gc,metaspace   ] GC(182) Metaspace: 114841K(129664K)->114841K(129664K) NonClass: 98109K(107328K)->98109K(107328K) Class: 16732K(22336K)->16732K(22336K)
[115.604s][info][gc             ] GC(182) Pause Full (Ergonomics) 792M->734M(910M) 70.860ms
[115.604s][info][gc,cpu         ] GC(182) User=1.31s Sys=0.00s Real=0.06s
[115.610s][info][gc,start       ] GC(183) Pause Full (Ergonomics)
[115.610s][info][gc,phases,start] GC(183) Marking Phase
[115.636s][info][gc,phases      ] GC(183) Marking Phase 26.626ms
[115.636s][info][gc,phases,start] GC(183) Summary Phase
[115.636s][info][gc,phases      ] GC(183) Summary Phase 0.028ms
[115.636s][info][gc,phases,start] GC(183) Adjust Roots
[115.637s][info][gc,phases      ] GC(183) Adjust Roots 0.890ms
[115.637s][info][gc,phases,start] GC(183) Compaction Phase
[115.660s][info][gc,phases      ] GC(183) Compaction Phase 22.870ms
[115.660s][info][gc,phases,start] GC(183) Post Compact
[115.664s][info][gc,phases      ] GC(183) Post Compact 4.002ms
[115.664s][info][gc,heap        ] GC(183) PSYoungGen: 116736K(232960K)->65003K(232960K) Eden: 116736K(116736K)->65003K(116736K) From: 0K(116224K)->0K(116224K)
[115.664s][info][gc,heap        ] GC(183) ParOldGen: 695073K(699392K)->694995K(699392K)
[115.664s][info][gc,metaspace   ] GC(183) Metaspace: 114842K(129664K)->114842K(129664K) NonClass: 98109K(107328K)->98109K(107328K) Class: 16732K(22336K)->16732K(22336K)
[115.664s][info][gc             ] GC(183) Pause Full (Ergonomics) 792M->742M(910M) 54.695ms
[115.664s][info][gc,cpu         ] GC(183) User=0.98s Sys=0.00s Real=0.05s
[115.669s][info][gc,start       ] GC(184) Pause Full (Ergonomics)
[115.669s][info][gc,phases,start] GC(184) Marking Phase
[115.694s][info][gc,phases      ] GC(184) Marking Phase 24.537ms
[115.761s][info][gc,phases,start] GC(184) Summary Phase
[115.761s][info][gc,phases      ] GC(184) Summary Phase 0.089ms
[115.761s][info][gc,phases,start] GC(184) Adjust Roots
[115.763s][info][gc,phases      ] GC(184) Adjust Roots 1.960ms
[115.763s][info][gc,phases,start] GC(184) Compaction Phase
[115.782s][info][gc,phases      ] GC(184) Compaction Phase 18.661ms
[115.782s][info][gc,phases,start] GC(184) Post Compact
[115.786s][info][gc,phases      ] GC(184) Post Compact 4.650ms
[115.786s][info][gc,heap        ] GC(184) PSYoungGen: 116736K(232960K)->62834K(232960K) Eden: 116736K(116736K)->62834K(116736K) From: 0K(116224K)->0K(116224K)
[115.786s][info][gc,heap        ] GC(184) ParOldGen: 694995K(699392K)->694995K(699392K)
[115.787s][info][gc,metaspace   ] GC(184) Metaspace: 114843K(129664K)->114843K(129664K) NonClass: 98110K(107328K)->98110K(107328K) Class: 16732K(22336K)->16732K(22336K)
[115.787s][info][gc             ] GC(184) Pause Full (Ergonomics) 792M->740M(910M) 117.505ms
[115.787s][info][gc,cpu         ] GC(184) User=0.66s Sys=0.00s Real=0.11s
[115.792s][info][gc,start       ] GC(185) Pause Full (Ergonomics)
[115.792s][info][gc,phases,start] GC(185) Marking Phase
[115.825s][info][gc,phases      ] GC(185) Marking Phase 33.035ms
[115.825s][info][gc,phases,start] GC(185) Summary Phase
[115.825s][info][gc,phases      ] GC(185) Summary Phase 0.025ms
[115.825s][info][gc,phases,start] GC(185) Adjust Roots
[115.826s][info][gc,phases      ] GC(185) Adjust Roots 0.906ms
[115.826s][info][gc,phases,start] GC(185) Compaction Phase
[115.855s][info][gc,phases      ] GC(185) Compaction Phase 29.285ms
[115.855s][info][gc,phases,start] GC(185) Post Compact
[115.859s][info][gc,phases      ] GC(185) Post Compact 4.062ms
[115.859s][info][gc,heap        ] GC(185) PSYoungGen: 116736K(232960K)->50319K(232960K) Eden: 116736K(116736K)->50319K(116736K) From: 0K(116224K)->0K(116224K)
[115.859s][info][gc,heap        ] GC(185) ParOldGen: 694995K(699392K)->694912K(699392K)
[115.859s][info][gc,metaspace   ] GC(185) Metaspace: 114843K(129664K)->114843K(129664K) NonClass: 98110K(107328K)->98110K(107328K) Class: 16732K(22336K)->16732K(22336K)
[115.859s][info][gc             ] GC(185) Pause Full (Ergonomics) 792M->727M(910M) 67.630ms
[115.859s][info][gc,cpu         ] GC(185) User=1.33s Sys=0.00s Real=0.06s
[115.865s][info][gc,start       ] GC(186) Pause Full (Ergonomics)
[115.865s][info][gc,phases,start] GC(186) Marking Phase
[115.891s][info][gc,phases      ] GC(186) Marking Phase 25.139ms
[115.891s][info][gc,phases,start] GC(186) Summary Phase
[115.891s][info][gc,phases      ] GC(186) Summary Phase 0.027ms
[115.891s][info][gc,phases,start] GC(186) Adjust Roots
[115.892s][info][gc,phases      ] GC(186) Adjust Roots 1.059ms
[115.892s][info][gc,phases,start] GC(186) Compaction Phase
[115.932s][info][gc,phases      ] GC(186) Compaction Phase 39.835ms
[115.932s][info][gc,phases,start] GC(186) Post Compact
[115.936s][info][gc,phases      ] GC(186) Post Compact 4.021ms
[115.936s][info][gc,heap        ] GC(186) PSYoungGen: 116736K(232960K)->54423K(232960K) Eden: 116736K(116736K)->54423K(116736K) From: 0K(116224K)->0K(116224K)
[115.936s][info][gc,heap        ] GC(186) ParOldGen: 694912K(699392K)->694911K(699392K)
[115.936s][info][gc,metaspace   ] GC(186) Metaspace: 114843K(129664K)->114843K(129664K) NonClass: 98110K(107328K)->98110K(107328K) Class: 16732K(22336K)->16732K(22336K)
[115.936s][info][gc             ] GC(186) Pause Full (Ergonomics) 792M->731M(910M) 70.348ms
[115.936s][info][gc,cpu         ] GC(186) User=1.31s Sys=0.00s Real=0.06s
[115.941s][info][gc,start       ] GC(187) Pause Full (Ergonomics)
[115.941s][info][gc,phases,start] GC(187) Marking Phase
[115.968s][info][gc,phases      ] GC(187) Marking Phase 26.540ms
[115.968s][info][gc,phases,start] GC(187) Summary Phase
[115.968s][info][gc,phases      ] GC(187) Summary Phase 0.028ms
[115.968s][info][gc,phases,start] GC(187) Adjust Roots
[115.969s][info][gc,phases      ] GC(187) Adjust Roots 0.994ms
[115.969s][info][gc,phases,start] GC(187) Compaction Phase
[115.997s][info][gc,phases      ] GC(187) Compaction Phase 27.925ms
[115.997s][info][gc,phases,start] GC(187) Post Compact
[116.001s][info][gc,phases      ] GC(187) Post Compact 4.018ms
[116.001s][info][gc,heap        ] GC(187) PSYoungGen: 116736K(232960K)->50882K(232960K) Eden: 116736K(116736K)->50882K(116736K) From: 0K(116224K)->0K(116224K)
[116.001s][info][gc,heap        ] GC(187) ParOldGen: 694911K(699392K)->694909K(699392K)
[116.001s][info][gc,metaspace   ] GC(187) Metaspace: 114846K(129664K)->114846K(129664K) NonClass: 98111K(107328K)->98111K(107328K) Class: 16734K(22336K)->16734K(22336K)
[116.001s][info][gc             ] GC(187) Pause Full (Ergonomics) 792M->728M(910M) 59.767ms
[116.001s][info][gc,cpu         ] GC(187) User=1.00s Sys=0.00s Real=0.06s
[116.007s][info][gc,start       ] GC(188) Pause Full (Ergonomics)
[116.007s][info][gc,phases,start] GC(188) Marking Phase
[116.035s][info][gc,phases      ] GC(188) Marking Phase 27.567ms
[116.035s][info][gc,phases,start] GC(188) Summary Phase
[116.035s][info][gc,phases      ] GC(188) Summary Phase 0.028ms
[116.035s][info][gc,phases,start] GC(188) Adjust Roots
[116.036s][info][gc,phases      ] GC(188) Adjust Roots 0.938ms
[116.036s][info][gc,phases,start] GC(188) Compaction Phase
[116.056s][info][gc,phases      ] GC(188) Compaction Phase 20.733ms
[116.056s][info][gc,phases,start] GC(188) Post Compact
[116.060s][info][gc,phases      ] GC(188) Post Compact 4.021ms
[116.060s][info][gc,heap        ] GC(188) PSYoungGen: 116736K(232960K)->55271K(232960K) Eden: 116736K(116736K)->55271K(116736K) From: 0K(116224K)->0K(116224K)
[116.061s][info][gc,heap        ] GC(188) ParOldGen: 694909K(699392K)->694830K(699392K)
[116.061s][info][gc,metaspace   ] GC(188) Metaspace: 114846K(129664K)->114846K(129664K) NonClass: 98111K(107328K)->98111K(107328K) Class: 16734K(22336K)->16734K(22336K)
[116.061s][info][gc             ] GC(188) Pause Full (Ergonomics) 792M->732M(910M) 53.542ms
[116.061s][info][gc,cpu         ] GC(188) User=1.00s Sys=0.00s Real=0.05s
[116.066s][info][gc,start       ] GC(189) Pause Full (Ergonomics)
[116.066s][info][gc,phases,start] GC(189) Marking Phase
[116.091s][info][gc,phases      ] GC(189) Marking Phase 25.348ms
[116.092s][info][gc,phases,start] GC(189) Summary Phase
[116.092s][info][gc,phases      ] GC(189) Summary Phase 0.026ms
[116.092s][info][gc,phases,start] GC(189) Adjust Roots
[116.092s][info][gc,phases      ] GC(189) Adjust Roots 0.952ms
[116.093s][info][gc,phases,start] GC(189) Compaction Phase
[116.107s][info][gc,phases      ] GC(189) Compaction Phase 14.331ms
[116.107s][info][gc,phases,start] GC(189) Post Compact
[116.111s][info][gc,phases      ] GC(189) Post Compact 4.347ms
[116.111s][info][gc,heap        ] GC(189) PSYoungGen: 116736K(232960K)->55269K(232960K) Eden: 116736K(116736K)->55269K(116736K) From: 0K(116224K)->0K(116224K)
[116.111s][info][gc,heap        ] GC(189) ParOldGen: 694830K(699392K)->694830K(699392K)
[116.111s][info][gc,metaspace   ] GC(189) Metaspace: 114846K(129664K)->114846K(129664K) NonClass: 98111K(107328K)->98111K(107328K) Class: 16734K(22336K)->16734K(22336K)
[116.111s][info][gc             ] GC(189) Pause Full (Ergonomics) 792M->732M(910M) 45.314ms
[116.111s][info][gc,cpu         ] GC(189) User=0.38s Sys=0.00s Real=0.05s
[116.117s][info][gc,start       ] GC(190) Pause Full (Ergonomics)
[116.117s][info][gc,phases,start] GC(190) Marking Phase
[116.143s][info][gc,phases      ] GC(190) Marking Phase 26.512ms
[116.144s][info][gc,phases,start] GC(190) Summary Phase
[116.144s][info][gc,phases      ] GC(190) Summary Phase 0.025ms
[116.144s][info][gc,phases,start] GC(190) Adjust Roots
[116.145s][info][gc,phases      ] GC(190) Adjust Roots 0.944ms
[116.145s][info][gc,phases,start] GC(190) Compaction Phase
[116.175s][info][gc,phases      ] GC(190) Compaction Phase 30.304ms
[116.175s][info][gc,phases,start] GC(190) Post Compact
[116.180s][info][gc,phases      ] GC(190) Post Compact 4.906ms
[116.180s][info][gc,heap        ] GC(190) PSYoungGen: 116736K(232960K)->57224K(232960K) Eden: 116736K(116736K)->57224K(116736K) From: 0K(116224K)->0K(116224K)
[116.180s][info][gc,heap        ] GC(190) ParOldGen: 694830K(699392K)->694674K(699392K)
[116.180s][info][gc,metaspace   ] GC(190) Metaspace: 114846K(129664K)->114846K(129664K) NonClass: 98111K(107328K)->98111K(107328K) Class: 16734K(22336K)->16734K(22336K)
[116.180s][info][gc             ] GC(190) Pause Full (Ergonomics) 792M->734M(910M) 63.056ms
[116.180s][info][gc,cpu         ] GC(190) User=0.70s Sys=0.00s Real=0.06s
[116.196s][info][gc,start       ] GC(191) Pause Full (Ergonomics)
[116.196s][info][gc,phases,start] GC(191) Marking Phase
[116.226s][info][gc,phases      ] GC(191) Marking Phase 29.840ms
[116.226s][info][gc,phases,start] GC(191) Summary Phase
[116.226s][info][gc,phases      ] GC(191) Summary Phase 0.029ms
[116.226s][info][gc,phases,start] GC(191) Adjust Roots
[116.227s][info][gc,phases      ] GC(191) Adjust Roots 0.947ms
[116.227s][info][gc,phases,start] GC(191) Compaction Phase
[116.251s][info][gc,phases      ] GC(191) Compaction Phase 23.941ms
[116.251s][info][gc,phases,start] GC(191) Post Compact
[116.255s][info][gc,phases      ] GC(191) Post Compact 4.021ms
[116.255s][info][gc,heap        ] GC(191) PSYoungGen: 114995K(232960K)->69894K(232960K) Eden: 114995K(116736K)->69894K(116736K) From: 0K(116224K)->0K(116224K)
[116.255s][info][gc,heap        ] GC(191) ParOldGen: 694674K(699392K)->694439K(699392K)
[116.255s][info][gc,metaspace   ] GC(191) Metaspace: 114846K(129664K)->114846K(129664K) NonClass: 98111K(107328K)->98111K(107328K) Class: 16734K(22336K)->16734K(22336K)
[116.255s][info][gc             ] GC(191) Pause Full (Ergonomics) 790M->746M(910M) 59.046ms
[116.255s][info][gc,cpu         ] GC(191) User=0.67s Sys=0.00s Real=0.05s
[116.273s][info][gc,start       ] GC(192) Pause Full (Ergonomics)
[116.273s][info][gc,phases,start] GC(192) Marking Phase
[116.306s][info][gc,phases      ] GC(192) Marking Phase 32.426ms
[116.306s][info][gc,phases,start] GC(192) Summary Phase
[116.306s][info][gc,phases      ] GC(192) Summary Phase 0.034ms
[116.306s][info][gc,phases,start] GC(192) Adjust Roots
[116.307s][info][gc,phases      ] GC(192) Adjust Roots 0.951ms
[116.307s][info][gc,phases,start] GC(192) Compaction Phase
[116.331s][info][gc,phases      ] GC(192) Compaction Phase 24.347ms
[116.331s][info][gc,phases,start] GC(192) Post Compact
[116.335s][info][gc,phases      ] GC(192) Post Compact 4.008ms
[116.335s][info][gc,heap        ] GC(192) PSYoungGen: 116736K(232960K)->77669K(232960K) Eden: 116736K(116736K)->77669K(116736K) From: 0K(116224K)->0K(116224K)
[116.335s][info][gc,heap        ] GC(192) ParOldGen: 694439K(699392K)->694283K(699392K)
[116.335s][info][gc,metaspace   ] GC(192) Metaspace: 114846K(129664K)->114846K(129664K) NonClass: 98111K(107328K)->98111K(107328K) Class: 16734K(22336K)->16734K(22336K)
[116.335s][info][gc             ] GC(192) Pause Full (Ergonomics) 792M->753M(910M) 62.042ms
[116.335s][info][gc,cpu         ] GC(192) User=0.67s Sys=0.00s Real=0.05s
[116.351s][info][gc,start       ] GC(193) Pause Full (Ergonomics)
[116.351s][info][gc,phases,start] GC(193) Marking Phase
[116.382s][info][gc,phases      ] GC(193) Marking Phase 30.418ms
[116.382s][info][gc,phases,start] GC(193) Summary Phase
[116.382s][info][gc,phases      ] GC(193) Summary Phase 0.028ms
[116.382s][info][gc,phases,start] GC(193) Adjust Roots
[116.383s][info][gc,phases      ] GC(193) Adjust Roots 1.053ms
[116.383s][info][gc,phases,start] GC(193) Compaction Phase
[116.409s][info][gc,phases      ] GC(193) Compaction Phase 25.733ms
[116.409s][info][gc,phases,start] GC(193) Post Compact
[116.413s][info][gc,phases      ] GC(193) Post Compact 3.994ms
[116.413s][info][gc,heap        ] GC(193) PSYoungGen: 116736K(232960K)->73332K(232960K) Eden: 116736K(116736K)->73332K(116736K) From: 0K(116224K)->0K(116224K)
[116.413s][info][gc,heap        ] GC(193) ParOldGen: 694283K(699392K)->694204K(699392K)
[116.413s][info][gc,metaspace   ] GC(193) Metaspace: 114846K(129664K)->114846K(129664K) NonClass: 98111K(107328K)->98111K(107328K) Class: 16734K(22336K)->16734K(22336K)
[116.413s][info][gc             ] GC(193) Pause Full (Ergonomics) 792M->749M(910M) 61.494ms
[116.413s][info][gc,cpu         ] GC(193) User=0.69s Sys=0.00s Real=0.05s
[116.418s][info][gc,start       ] GC(194) Pause Full (Ergonomics)
[116.418s][info][gc,phases,start] GC(194) Marking Phase
[116.443s][info][gc,phases      ] GC(194) Marking Phase 25.381ms
[116.443s][info][gc,phases,start] GC(194) Summary Phase
[116.443s][info][gc,phases      ] GC(194) Summary Phase 0.031ms
[116.443s][info][gc,phases,start] GC(194) Adjust Roots
[116.444s][info][gc,phases      ] GC(194) Adjust Roots 0.954ms
[116.444s][info][gc,phases,start] GC(194) Compaction Phase
[116.475s][info][gc,phases      ] GC(194) Compaction Phase 30.623ms
[116.475s][info][gc,phases,start] GC(194) Post Compact
[116.479s][info][gc,phases      ] GC(194) Post Compact 4.004ms
[116.479s][info][gc,heap        ] GC(194) PSYoungGen: 116736K(232960K)->49539K(232960K) Eden: 116736K(116736K)->49539K(116736K) From: 0K(116224K)->0K(116224K)
[116.479s][info][gc,heap        ] GC(194) ParOldGen: 694204K(699392K)->699243K(699392K)
[116.479s][info][gc,metaspace   ] GC(194) Metaspace: 114849K(129664K)->114849K(129664K) NonClass: 98113K(107328K)->98113K(107328K) Class: 16735K(22336K)->16735K(22336K)
[116.479s][info][gc             ] GC(194) Pause Full (Ergonomics) 791M->731M(910M) 61.315ms
[116.479s][info][gc,cpu         ] GC(194) User=0.97s Sys=0.00s Real=0.06s
[116.486s][info][gc,start       ] GC(195) Pause Full (Ergonomics)
[116.486s][info][gc,phases,start] GC(195) Marking Phase
[116.512s][info][gc,phases      ] GC(195) Marking Phase 26.047ms
[116.512s][info][gc,phases,start] GC(195) Summary Phase
[116.512s][info][gc,phases      ] GC(195) Summary Phase 0.027ms
[116.512s][info][gc,phases,start] GC(195) Adjust Roots
[116.513s][info][gc,phases      ] GC(195) Adjust Roots 0.949ms
[116.513s][info][gc,phases,start] GC(195) Compaction Phase
[116.551s][info][gc,phases      ] GC(195) Compaction Phase 38.624ms
[116.551s][info][gc,phases,start] GC(195) Post Compact
[116.555s][info][gc,phases      ] GC(195) Post Compact 4.019ms
[116.556s][info][gc,heap        ] GC(195) PSYoungGen: 116736K(232960K)->42681K(232960K) Eden: 116736K(116736K)->42681K(116736K) From: 0K(116224K)->0K(116224K)
[116.556s][info][gc,heap        ] GC(195) ParOldGen: 699243K(699392K)->696549K(699392K)
[116.556s][info][gc,metaspace   ] GC(195) Metaspace: 114856K(129664K)->114856K(129664K) NonClass: 98118K(107328K)->98118K(107328K) Class: 16737K(22336K)->16737K(22336K)
[116.556s][info][gc             ] GC(195) Pause Full (Ergonomics) 796M->721M(910M) 69.934ms
[116.556s][info][gc,cpu         ] GC(195) User=1.31s Sys=0.00s Real=0.06s
[116.563s][info][gc,start       ] GC(196) Pause Full (Ergonomics)
[116.563s][info][gc,phases,start] GC(196) Marking Phase
[116.589s][info][gc,phases      ] GC(196) Marking Phase 26.475ms
[116.590s][info][gc,phases,start] GC(196) Summary Phase
[116.590s][info][gc,phases      ] GC(196) Summary Phase 0.029ms
[116.590s][info][gc,phases,start] GC(196) Adjust Roots
[116.591s][info][gc,phases      ] GC(196) Adjust Roots 0.979ms
[116.591s][info][gc,phases,start] GC(196) Compaction Phase
[116.628s][info][gc,phases      ] GC(196) Compaction Phase 37.004ms
[116.628s][info][gc,phases,start] GC(196) Post Compact
[116.632s][info][gc,phases      ] GC(196) Post Compact 4.007ms
[116.632s][info][gc,heap        ] GC(196) PSYoungGen: 116736K(232960K)->61194K(232960K) Eden: 116736K(116736K)->61194K(116736K) From: 0K(116224K)->0K(116224K)
[116.632s][info][gc,heap        ] GC(196) ParOldGen: 696549K(699392K)->696014K(699392K)
[116.632s][info][gc,metaspace   ] GC(196) Metaspace: 114856K(129664K)->114856K(129664K) NonClass: 98119K(107328K)->98119K(107328K) Class: 16737K(22336K)->16737K(22336K)
[116.632s][info][gc             ] GC(196) Pause Full (Ergonomics) 794M->739M(910M) 68.815ms
[116.632s][info][gc,cpu         ] GC(196) User=1.31s Sys=0.00s Real=0.06s
[116.648s][info][gc,start       ] GC(197) Pause Full (Ergonomics)
[116.648s][info][gc,phases,start] GC(197) Marking Phase
[116.679s][info][gc,phases      ] GC(197) Marking Phase 30.463ms
[116.679s][info][gc,phases,start] GC(197) Summary Phase
[116.679s][info][gc,phases      ] GC(197) Summary Phase 0.029ms
[116.679s][info][gc,phases,start] GC(197) Adjust Roots
[116.680s][info][gc,phases      ] GC(197) Adjust Roots 0.993ms
[116.680s][info][gc,phases,start] GC(197) Compaction Phase
[116.695s][info][gc,phases      ] GC(197) Compaction Phase 15.352ms
[116.695s][info][gc,phases,start] GC(197) Post Compact
[116.699s][info][gc,phases      ] GC(197) Post Compact 3.998ms
[116.699s][info][gc,heap        ] GC(197) PSYoungGen: 116736K(232960K)->56981K(232960K) Eden: 116736K(116736K)->56981K(116736K) From: 0K(116224K)->0K(116224K)
[116.699s][info][gc,heap        ] GC(197) ParOldGen: 696014K(699392K)->697713K(699392K)
[116.699s][info][gc,metaspace   ] GC(197) Metaspace: 114856K(129664K)->114856K(129664K) NonClass: 98119K(107328K)->98119K(107328K) Class: 16737K(22336K)->16737K(22336K)
[116.699s][info][gc             ] GC(197) Pause Full (Ergonomics) 793M->737M(910M) 51.095ms
[116.699s][info][gc,cpu         ] GC(197) User=0.48s Sys=0.00s Real=0.05s
[116.705s][info][gc,start       ] GC(198) Pause Full (Ergonomics)
[116.705s][info][gc,phases,start] GC(198) Marking Phase
[116.732s][info][gc,phases      ] GC(198) Marking Phase 26.711ms
[116.732s][info][gc,phases,start] GC(198) Summary Phase
[116.732s][info][gc,phases      ] GC(198) Summary Phase 0.025ms
[116.732s][info][gc,phases,start] GC(198) Adjust Roots
[116.733s][info][gc,phases      ] GC(198) Adjust Roots 0.977ms
[116.733s][info][gc,phases,start] GC(198) Compaction Phase
[116.763s][info][gc,phases      ] GC(198) Compaction Phase 30.430ms
[116.763s][info][gc,phases,start] GC(198) Post Compact
[116.767s][info][gc,phases      ] GC(198) Post Compact 4.003ms
[116.767s][info][gc,heap        ] GC(198) PSYoungGen: 116736K(232960K)->42109K(232960K) Eden: 116736K(116736K)->42109K(116736K) From: 0K(116224K)->0K(116224K)
[116.767s][info][gc,heap        ] GC(198) ParOldGen: 697713K(699392K)->698165K(699392K)
[116.767s][info][gc,metaspace   ] GC(198) Metaspace: 114856K(129664K)->114856K(129664K) NonClass: 98119K(107328K)->98119K(107328K) Class: 16737K(22336K)->16737K(22336K)
[116.767s][info][gc             ] GC(198) Pause Full (Ergonomics) 795M->722M(910M) 62.414ms
[116.767s][info][gc,cpu         ] GC(198) User=0.89s Sys=0.00s Real=0.06s
[116.778s][info][gc,start       ] GC(199) Pause Full (Ergonomics)
[116.778s][info][gc,phases,start] GC(199) Marking Phase
[116.805s][info][gc,phases      ] GC(199) Marking Phase 26.408ms
[116.805s][info][gc,phases,start] GC(199) Summary Phase
[116.805s][info][gc,phases      ] GC(199) Summary Phase 0.029ms
[116.805s][info][gc,phases,start] GC(199) Adjust Roots
[116.806s][info][gc,phases      ] GC(199) Adjust Roots 1.000ms
[116.806s][info][gc,phases,start] GC(199) Compaction Phase
[116.839s][info][gc,phases      ] GC(199) Compaction Phase 33.327ms
[116.839s][info][gc,phases,start] GC(199) Post Compact
[116.843s][info][gc,phases      ] GC(199) Post Compact 4.045ms
[116.843s][info][gc,heap        ] GC(199) PSYoungGen: 116736K(232960K)->38145K(232960K) Eden: 116736K(116736K)->38145K(116736K) From: 0K(116224K)->0K(116224K)
[116.843s][info][gc,heap        ] GC(199) ParOldGen: 698165K(699392K)->695805K(699392K)
[116.843s][info][gc,metaspace   ] GC(199) Metaspace: 114856K(129664K)->114856K(129664K) NonClass: 98119K(107328K)->98119K(107328K) Class: 16737K(22336K)->16737K(22336K)
[116.843s][info][gc             ] GC(199) Pause Full (Ergonomics) 795M->716M(910M) 65.091ms
[116.843s][info][gc,cpu         ] GC(199) User=1.06s Sys=0.00s Real=0.06s
[116.860s][info][gc,start       ] GC(200) Pause Full (Ergonomics)
[116.860s][info][gc,phases,start] GC(200) Marking Phase
[116.886s][info][gc,phases      ] GC(200) Marking Phase 25.846ms
[116.886s][info][gc,phases,start] GC(200) Summary Phase
[116.886s][info][gc,phases      ] GC(200) Summary Phase 0.028ms
[116.886s][info][gc,phases,start] GC(200) Adjust Roots
[116.887s][info][gc,phases      ] GC(200) Adjust Roots 1.006ms
[116.887s][info][gc,phases,start] GC(200) Compaction Phase
[116.917s][info][gc,phases      ] GC(200) Compaction Phase 30.624ms
[116.918s][info][gc,phases,start] GC(200) Post Compact
[116.922s][info][gc,phases      ] GC(200) Post Compact 4.009ms
[116.922s][info][gc,heap        ] GC(200) PSYoungGen: 116735K(232960K)->44757K(232960K) Eden: 116735K(116736K)->44757K(116736K) From: 0K(116224K)->0K(116224K)
[116.922s][info][gc,heap        ] GC(200) ParOldGen: 695805K(699392K)->696742K(699392K)
[116.922s][info][gc,metaspace   ] GC(200) Metaspace: 114856K(129664K)->114856K(129664K) NonClass: 98119K(107328K)->98119K(107328K) Class: 16737K(22336K)->16737K(22336K)
[116.922s][info][gc             ] GC(200) Pause Full (Ergonomics) 793M->724M(910M) 61.775ms
[116.922s][info][gc,cpu         ] GC(200) User=0.98s Sys=0.00s Real=0.05s
[116.943s][info][gc,start       ] GC(201) Pause Full (Ergonomics)
[116.943s][info][gc,phases,start] GC(201) Marking Phase
[116.970s][info][gc,phases      ] GC(201) Marking Phase 26.820ms
[116.970s][info][gc,phases,start] GC(201) Summary Phase
[116.970s][info][gc,phases      ] GC(201) Summary Phase 0.028ms
[116.970s][info][gc,phases,start] GC(201) Adjust Roots
[116.971s][info][gc,phases      ] GC(201) Adjust Roots 0.998ms
[116.971s][info][gc,phases,start] GC(201) Compaction Phase
[117.012s][info][gc,phases      ] GC(201) Compaction Phase 41.102ms
[117.012s][info][gc,phases,start] GC(201) Post Compact
[117.016s][info][gc,phases      ] GC(201) Post Compact 3.994ms
[117.017s][info][gc,heap        ] GC(201) PSYoungGen: 116736K(232960K)->46194K(232960K) Eden: 116736K(116736K)->46194K(116736K) From: 0K(116224K)->0K(116224K)
[117.017s][info][gc,heap        ] GC(201) ParOldGen: 696742K(699392K)->696246K(699392K)
[117.017s][info][gc,metaspace   ] GC(201) Metaspace: 114856K(129664K)->114856K(129664K) NonClass: 98119K(107328K)->98119K(107328K) Class: 16737K(22336K)->16737K(22336K)
[117.017s][info][gc             ] GC(201) Pause Full (Ergonomics) 794M->725M(910M) 73.210ms
[117.017s][info][gc,cpu         ] GC(201) User=1.31s Sys=0.00s Real=0.06s
[117.039s][info][gc,start       ] GC(202) Pause Full (Ergonomics)
[117.039s][info][gc,phases,start] GC(202) Marking Phase
[117.072s][info][gc,phases      ] GC(202) Marking Phase 33.253ms
[117.072s][info][gc,phases,start] GC(202) Summary Phase
[117.072s][info][gc,phases      ] GC(202) Summary Phase 0.028ms
[117.072s][info][gc,phases,start] GC(202) Adjust Roots
[117.073s][info][gc,phases      ] GC(202) Adjust Roots 0.999ms
[117.073s][info][gc,phases,start] GC(202) Compaction Phase
[117.105s][info][gc,phases      ] GC(202) Compaction Phase 31.144ms
[117.105s][info][gc,phases,start] GC(202) Post Compact
[117.109s][info][gc,phases      ] GC(202) Post Compact 4.003ms
[117.109s][info][gc,heap        ] GC(202) PSYoungGen: 116641K(232960K)->38106K(232960K) Eden: 116641K(116736K)->38106K(116736K) From: 0K(116224K)->0K(116224K)
[117.109s][info][gc,heap        ] GC(202) ParOldGen: 696246K(699392K)->697178K(699392K)
[117.109s][info][gc,metaspace   ] GC(202) Metaspace: 114856K(129664K)->114856K(129664K) NonClass: 98119K(107328K)->98119K(107328K) Class: 16737K(22336K)->16737K(22336K)
[117.109s][info][gc             ] GC(202) Pause Full (Ergonomics) 793M->718M(910M) 69.679ms
[117.109s][info][gc,cpu         ] GC(202) User=1.31s Sys=0.00s Real=0.06s
[117.125s][info][gc,start       ] GC(203) Pause Full (Ergonomics)
[117.125s][info][gc,phases,start] GC(203) Marking Phase
[117.154s][info][gc,phases      ] GC(203) Marking Phase 29.243ms
[117.154s][info][gc,phases,start] GC(203) Summary Phase
[117.154s][info][gc,phases      ] GC(203) Summary Phase 0.028ms
[117.154s][info][gc,phases,start] GC(203) Adjust Roots
[117.155s][info][gc,phases      ] GC(203) Adjust Roots 1.034ms
[117.155s][info][gc,phases,start] GC(203) Compaction Phase
[117.190s][info][gc,phases      ] GC(203) Compaction Phase 35.099ms
[117.190s][info][gc,phases,start] GC(203) Post Compact
[117.195s][info][gc,phases      ] GC(203) Post Compact 4.945ms
[117.195s][info][gc,heap        ] GC(203) PSYoungGen: 115232K(232960K)->31468K(232960K) Eden: 115232K(116736K)->31468K(116736K) From: 0K(116224K)->0K(116224K)
[117.195s][info][gc,heap        ] GC(203) ParOldGen: 697178K(699392K)->698665K(699392K)
[117.195s][info][gc,metaspace   ] GC(203) Metaspace: 114857K(129664K)->114857K(129664K) NonClass: 98119K(107328K)->98119K(107328K) Class: 16737K(22336K)->16737K(22336K)
[117.196s][info][gc             ] GC(203) Pause Full (Ergonomics) 793M->713M(910M) 70.745ms
[117.196s][info][gc,cpu         ] GC(203) User=1.31s Sys=0.00s Real=0.06s
[117.215s][info][gc,start       ] GC(204) Pause Full (Ergonomics)
[117.215s][info][gc,phases,start] GC(204) Marking Phase
[117.243s][info][gc,phases      ] GC(204) Marking Phase 27.814ms
[117.243s][info][gc,phases,start] GC(204) Summary Phase
[117.243s][info][gc,phases      ] GC(204) Summary Phase 0.032ms
[117.243s][info][gc,phases,start] GC(204) Adjust Roots
[117.244s][info][gc,phases      ] GC(204) Adjust Roots 1.053ms
[117.244s][info][gc,phases,start] GC(204) Compaction Phase
[117.277s][info][gc,phases      ] GC(204) Compaction Phase 32.467ms
[117.277s][info][gc,phases,start] GC(204) Post Compact
[117.281s][info][gc,phases      ] GC(204) Post Compact 4.030ms
[117.281s][info][gc,heap        ] GC(204) PSYoungGen: 116736K(232960K)->35502K(232960K) Eden: 116736K(116736K)->35502K(116736K) From: 0K(116224K)->0K(116224K)
[117.281s][info][gc,heap        ] GC(204) ParOldGen: 698665K(699392K)->697431K(699392K)
[117.281s][info][gc,metaspace   ] GC(204) Metaspace: 114857K(129664K)->114857K(129664K) NonClass: 98119K(107328K)->98119K(107328K) Class: 16737K(22336K)->16737K(22336K)
[117.281s][info][gc             ] GC(204) Pause Full (Ergonomics) 796M->715M(910M) 65.684ms
[117.281s][info][gc,cpu         ] GC(204) User=1.00s Sys=0.00s Real=0.06s
[117.303s][info][gc,start       ] GC(205) Pause Full (Ergonomics)
[117.303s][info][gc,phases,start] GC(205) Marking Phase
[117.335s][info][gc,phases      ] GC(205) Marking Phase 31.761ms
[117.335s][info][gc,phases,start] GC(205) Summary Phase
[117.335s][info][gc,phases      ] GC(205) Summary Phase 0.039ms
[117.335s][info][gc,phases,start] GC(205) Adjust Roots
[117.336s][info][gc,phases      ] GC(205) Adjust Roots 1.050ms
[117.336s][info][gc,phases,start] GC(205) Compaction Phase
[117.371s][info][gc,phases      ] GC(205) Compaction Phase 35.011ms
[117.371s][info][gc,phases,start] GC(205) Post Compact
[117.375s][info][gc,phases      ] GC(205) Post Compact 4.023ms
[117.375s][info][gc,heap        ] GC(205) PSYoungGen: 116736K(232960K)->31878K(232960K) Eden: 116736K(116736K)->31878K(116736K) From: 0K(116224K)->0K(116224K)
[117.375s][info][gc,heap        ] GC(205) ParOldGen: 697431K(699392K)->698038K(699392K)
[117.375s][info][gc,metaspace   ] GC(205) Metaspace: 114857K(129664K)->114857K(129664K) NonClass: 98119K(107328K)->98119K(107328K) Class: 16737K(22336K)->16737K(22336K)
[117.375s][info][gc             ] GC(205) Pause Full (Ergonomics) 795M->712M(910M) 72.167ms
[117.375s][info][gc,cpu         ] GC(205) User=1.00s Sys=0.00s Real=0.06s
[117.397s][info][gc,start       ] GC(206) Pause Full (Ergonomics)
[117.397s][info][gc,phases,start] GC(206) Marking Phase
[117.426s][info][gc,phases      ] GC(206) Marking Phase 28.970ms
[117.426s][info][gc,phases,start] GC(206) Summary Phase
[117.426s][info][gc,phases      ] GC(206) Summary Phase 0.027ms
[117.426s][info][gc,phases,start] GC(206) Adjust Roots
[117.427s][info][gc,phases      ] GC(206) Adjust Roots 1.057ms
[117.427s][info][gc,phases,start] GC(206) Compaction Phase
[117.455s][info][gc,phases      ] GC(206) Compaction Phase 27.962ms
[117.455s][info][gc,phases,start] GC(206) Post Compact
[117.459s][info][gc,phases      ] GC(206) Post Compact 4.027ms
[117.459s][info][gc,heap        ] GC(206) PSYoungGen: 116736K(232960K)->25829K(232960K) Eden: 116736K(116736K)->25829K(116736K) From: 0K(116224K)->0K(116224K)
[117.459s][info][gc,heap        ] GC(206) ParOldGen: 698038K(699392K)->696935K(699392K)
[117.459s][info][gc,metaspace   ] GC(206) Metaspace: 114857K(129664K)->114857K(129664K) NonClass: 98119K(107328K)->98119K(107328K) Class: 16737K(22336K)->16737K(22336K)
[117.459s][info][gc             ] GC(206) Pause Full (Ergonomics) 795M->705M(910M) 62.340ms
[117.459s][info][gc,cpu         ] GC(206) User=1.05s Sys=0.02s Real=0.06s
[117.477s][info][gc,start       ] GC(207) Pause Full (Ergonomics)
[117.477s][info][gc,phases,start] GC(207) Marking Phase
[117.503s][info][gc,phases      ] GC(207) Marking Phase 26.012ms
[117.503s][info][gc,phases,start] GC(207) Summary Phase
[117.503s][info][gc,phases      ] GC(207) Summary Phase 0.039ms
[117.503s][info][gc,phases,start] GC(207) Adjust Roots
[117.504s][info][gc,phases      ] GC(207) Adjust Roots 1.064ms
[117.504s][info][gc,phases,start] GC(207) Compaction Phase
[117.518s][info][gc,phases      ] GC(207) Compaction Phase 14.211ms
[117.518s][info][gc,phases,start] GC(207) Post Compact
[117.522s][info][gc,phases      ] GC(207) Post Compact 3.993ms
[117.522s][info][gc,heap        ] GC(207) PSYoungGen: 116736K(232960K)->0K(232960K) Eden: 116736K(116736K)->0K(116736K) From: 0K(116224K)->0K(116224K)
[117.522s][info][gc,heap        ] GC(207) ParOldGen: 696935K(699392K)->693654K(699392K)
[117.522s][info][gc,metaspace   ] GC(207) Metaspace: 114857K(129664K)->114857K(129664K) NonClass: 98119K(107328K)->98119K(107328K) Class: 16737K(22336K)->16737K(22336K)
[117.522s][info][gc             ] GC(207) Pause Full (Ergonomics) 794M->677M(910M) 45.595ms
[117.522s][info][gc,cpu         ] GC(207) User=0.69s Sys=0.00s Real=0.03s
[117.533s][info][gc,start       ] GC(208) Pause Full (Ergonomics)
[117.533s][info][gc,phases,start] GC(208) Marking Phase
[117.560s][info][gc,phases      ] GC(208) Marking Phase 26.881ms
[117.560s][info][gc,phases,start] GC(208) Summary Phase
[117.560s][info][gc,phases      ] GC(208) Summary Phase 0.038ms
[117.560s][info][gc,phases,start] GC(208) Adjust Roots
[117.561s][info][gc,phases      ] GC(208) Adjust Roots 1.091ms
[117.561s][info][gc,phases,start] GC(208) Compaction Phase
[117.576s][info][gc,phases      ] GC(208) Compaction Phase 14.828ms
[117.576s][info][gc,phases,start] GC(208) Post Compact
[117.580s][info][gc,phases      ] GC(208) Post Compact 3.971ms
[117.580s][info][gc,heap        ] GC(208) PSYoungGen: 116736K(232960K)->0K(232960K) Eden: 116736K(116736K)->0K(116736K) From: 0K(116224K)->0K(116224K)
[117.580s][info][gc,heap        ] GC(208) ParOldGen: 693654K(699392K)->684860K(699392K)
[117.580s][info][gc,metaspace   ] GC(208) Metaspace: 114857K(129664K)->114857K(129664K) NonClass: 98119K(107328K)->98119K(107328K) Class: 16737K(22336K)->16737K(22336K)
[117.580s][info][gc             ] GC(208) Pause Full (Ergonomics) 791M->668M(910M) 47.074ms
[117.580s][info][gc,cpu         ] GC(208) User=0.67s Sys=0.00s Real=0.05s
[117.601s][info][gc,start       ] GC(209) Pause Full (Ergonomics)
[117.601s][info][gc,phases,start] GC(209) Marking Phase
[117.632s][info][gc,phases      ] GC(209) Marking Phase 30.889ms
[117.632s][info][gc,phases,start] GC(209) Summary Phase
[117.632s][info][gc,phases      ] GC(209) Summary Phase 0.028ms
[117.632s][info][gc,phases,start] GC(209) Adjust Roots
[117.634s][info][gc,phases      ] GC(209) Adjust Roots 2.428ms
[117.634s][info][gc,phases,start] GC(209) Compaction Phase
[117.671s][info][gc,phases      ] GC(209) Compaction Phase 37.345ms
[117.671s][info][gc,phases,start] GC(209) Post Compact
[117.675s][info][gc,phases      ] GC(209) Post Compact 3.970ms
[117.675s][info][gc,heap        ] GC(209) PSYoungGen: 116736K(232960K)->1966K(232960K) Eden: 116736K(116736K)->1966K(116736K) From: 0K(116224K)->0K(116224K)
[117.676s][info][gc,heap        ] GC(209) ParOldGen: 684860K(699392K)->699214K(699392K)
[117.676s][info][gc,metaspace   ] GC(209) Metaspace: 114857K(129664K)->114857K(129664K) NonClass: 98119K(107328K)->98119K(107328K) Class: 16737K(22336K)->16737K(22336K)
[117.676s][info][gc             ] GC(209) Pause Full (Ergonomics) 782M->684M(910M) 74.964ms
[117.676s][info][gc,cpu         ] GC(209) User=1.14s Sys=0.05s Real=0.06s
[117.685s][info][gc,start       ] GC(210) Pause Full (Ergonomics)
[117.685s][info][gc,phases,start] GC(210) Marking Phase
[117.713s][info][gc,phases      ] GC(210) Marking Phase 28.048ms
[117.713s][info][gc,phases,start] GC(210) Summary Phase
[117.713s][info][gc,phases      ] GC(210) Summary Phase 0.038ms
[117.713s][info][gc,phases,start] GC(210) Adjust Roots
[117.714s][info][gc,phases      ] GC(210) Adjust Roots 1.137ms
[117.714s][info][gc,phases,start] GC(210) Compaction Phase
[117.727s][info][gc,phases      ] GC(210) Compaction Phase 12.942ms
[117.727s][info][gc,phases,start] GC(210) Post Compact
[117.732s][info][gc,phases      ] GC(210) Post Compact 4.033ms
[117.732s][info][gc,heap        ] GC(210) PSYoungGen: 116736K(232960K)->0K(232960K) Eden: 116736K(116736K)->0K(116736K) From: 0K(116224K)->0K(116224K)
[117.732s][info][gc,heap        ] GC(210) ParOldGen: 699214K(699392K)->692799K(699392K)
[117.732s][info][gc,metaspace   ] GC(210) Metaspace: 114857K(129664K)->114857K(129664K) NonClass: 98119K(107328K)->98119K(107328K) Class: 16737K(22336K)->16737K(22336K)
[117.732s][info][gc             ] GC(210) Pause Full (Ergonomics) 796M->676M(910M) 46.484ms
[117.732s][info][gc,cpu         ] GC(210) User=0.98s Sys=0.00s Real=0.05s
[117.742s][info][gc,start       ] GC(211) Pause Full (Ergonomics)
[117.742s][info][gc,phases,start] GC(211) Marking Phase
[117.769s][info][gc,phases      ] GC(211) Marking Phase 27.239ms
[117.769s][info][gc,phases,start] GC(211) Summary Phase
[117.769s][info][gc,phases      ] GC(211) Summary Phase 0.036ms
[117.769s][info][gc,phases,start] GC(211) Adjust Roots
[117.770s][info][gc,phases      ] GC(211) Adjust Roots 1.083ms
[117.770s][info][gc,phases,start] GC(211) Compaction Phase
[117.781s][info][gc,phases      ] GC(211) Compaction Phase 10.805ms
[117.781s][info][gc,phases,start] GC(211) Post Compact
[117.785s][info][gc,phases      ] GC(211) Post Compact 3.990ms
[117.785s][info][gc,heap        ] GC(211) PSYoungGen: 116736K(232960K)->0K(232960K) Eden: 116736K(116736K)->0K(116736K) From: 0K(116224K)->0K(116224K)
[117.785s][info][gc,heap        ] GC(211) ParOldGen: 692799K(699392K)->684678K(699392K)
[117.785s][info][gc,metaspace   ] GC(211) Metaspace: 114857K(129664K)->114857K(129664K) NonClass: 98119K(107328K)->98119K(107328K) Class: 16737K(22336K)->16737K(22336K)
[117.785s][info][gc             ] GC(211) Pause Full (Ergonomics) 790M->668M(910M) 43.420ms
[117.785s][info][gc,cpu         ] GC(211) User=0.66s Sys=0.02s Real=0.03s
[117.795s][info][gc,start       ] GC(212) Pause Full (Ergonomics)
[117.795s][info][gc,phases,start] GC(212) Marking Phase
[117.818s][info][gc,phases      ] GC(212) Marking Phase 23.431ms
[117.818s][info][gc,phases,start] GC(212) Summary Phase
[117.818s][info][gc,phases      ] GC(212) Summary Phase 0.037ms
[117.818s][info][gc,phases,start] GC(212) Adjust Roots
[117.819s][info][gc,phases      ] GC(212) Adjust Roots 1.112ms
[117.819s][info][gc,phases,start] GC(212) Compaction Phase
[117.829s][info][gc,phases      ] GC(212) Compaction Phase 10.059ms
[117.829s][info][gc,phases,start] GC(212) Post Compact
[117.833s][info][gc,phases      ] GC(212) Post Compact 3.947ms
[117.833s][info][gc,heap        ] GC(212) PSYoungGen: 116736K(232960K)->0K(232960K) Eden: 116736K(116736K)->0K(116736K) From: 0K(116224K)->0K(116224K)
[117.833s][info][gc,heap        ] GC(212) ParOldGen: 684678K(699392K)->685563K(699392K)
[117.833s][info][gc,metaspace   ] GC(212) Metaspace: 114857K(129664K)->114857K(129664K) NonClass: 98119K(107328K)->98119K(107328K) Class: 16737K(22336K)->16737K(22336K)
[117.833s][info][gc             ] GC(212) Pause Full (Ergonomics) 782M->669M(910M) 38.859ms
[117.833s][info][gc,cpu         ] GC(212) User=0.66s Sys=0.00s Real=0.03s
[117.842s][info][gc,start       ] GC(213) Pause Full (Ergonomics)
[117.842s][info][gc,phases,start] GC(213) Marking Phase
[117.865s][info][gc,phases      ] GC(213) Marking Phase 23.355ms
[117.865s][info][gc,phases,start] GC(213) Summary Phase
[117.865s][info][gc,phases      ] GC(213) Summary Phase 0.036ms
[117.865s][info][gc,phases,start] GC(213) Adjust Roots
[117.866s][info][gc,phases      ] GC(213) Adjust Roots 1.114ms
[117.867s][info][gc,phases,start] GC(213) Compaction Phase
[117.875s][info][gc,phases      ] GC(213) Compaction Phase 8.557ms
[117.875s][info][gc,phases,start] GC(213) Post Compact
[117.879s][info][gc,phases      ] GC(213) Post Compact 4.009ms
[117.879s][info][gc,heap        ] GC(213) PSYoungGen: 116736K(232960K)->0K(232960K) Eden: 116736K(116736K)->0K(116736K) From: 0K(116224K)->0K(116224K)
[117.879s][info][gc,heap        ] GC(213) ParOldGen: 685563K(699392K)->691768K(699392K)
[117.879s][info][gc,metaspace   ] GC(213) Metaspace: 114857K(129664K)->114857K(129664K) NonClass: 98119K(107328K)->98119K(107328K) Class: 16737K(22336K)->16737K(22336K)
[117.879s][info][gc             ] GC(213) Pause Full (Ergonomics) 783M->675M(910M) 37.344ms
[117.879s][info][gc,cpu         ] GC(213) User=0.34s Sys=0.00s Real=0.03s
[117.888s][info][gc,start       ] GC(214) Pause Full (Ergonomics)
[117.888s][info][gc,phases,start] GC(214) Marking Phase
[117.915s][info][gc,phases      ] GC(214) Marking Phase 27.310ms
[117.915s][info][gc,phases,start] GC(214) Summary Phase
[117.915s][info][gc,phases      ] GC(214) Summary Phase 0.037ms
[117.915s][info][gc,phases,start] GC(214) Adjust Roots
[117.916s][info][gc,phases      ] GC(214) Adjust Roots 1.101ms
[117.916s][info][gc,phases,start] GC(214) Compaction Phase
[117.925s][info][gc,phases      ] GC(214) Compaction Phase 8.510ms
[117.925s][info][gc,phases,start] GC(214) Post Compact
[117.929s][info][gc,phases      ] GC(214) Post Compact 4.050ms
[117.929s][info][gc,heap        ] GC(214) PSYoungGen: 116735K(232960K)->0K(232960K) Eden: 116735K(116736K)->0K(116736K) From: 0K(116224K)->0K(116224K)
[117.929s][info][gc,heap        ] GC(214) ParOldGen: 691768K(699392K)->694419K(699392K)
[117.929s][info][gc,metaspace   ] GC(214) Metaspace: 114857K(129664K)->114857K(129664K) NonClass: 98119K(107328K)->98119K(107328K) Class: 16737K(22336K)->16737K(22336K)
[117.929s][info][gc             ] GC(214) Pause Full (Ergonomics) 789M->678M(910M) 41.286ms
[117.929s][info][gc,cpu         ] GC(214) User=0.67s Sys=0.00s Real=0.05s
[117.937s][info][gc,start       ] GC(215) Pause Full (Ergonomics)
[117.937s][info][gc,phases,start] GC(215) Marking Phase
[117.962s][info][gc,phases      ] GC(215) Marking Phase 24.623ms
[117.962s][info][gc,phases,start] GC(215) Summary Phase
[117.962s][info][gc,phases      ] GC(215) Summary Phase 0.036ms
[117.962s][info][gc,phases,start] GC(215) Adjust Roots
[117.963s][info][gc,phases      ] GC(215) Adjust Roots 1.118ms
[117.963s][info][gc,phases,start] GC(215) Compaction Phase
[117.972s][info][gc,phases      ] GC(215) Compaction Phase 9.073ms
[117.972s][info][gc,phases,start] GC(215) Post Compact
[117.976s][info][gc,phases      ] GC(215) Post Compact 3.990ms
[117.976s][info][gc,heap        ] GC(215) PSYoungGen: 116736K(232960K)->0K(232960K) Eden: 116736K(116736K)->0K(116736K) From: 0K(116224K)->0K(116224K)
[117.976s][info][gc,heap        ] GC(215) ParOldGen: 694419K(699392K)->697915K(699392K)
[117.976s][info][gc,metaspace   ] GC(215) Metaspace: 114857K(129664K)->114857K(129664K) NonClass: 98119K(107328K)->98119K(107328K) Class: 16737K(22336K)->16737K(22336K)
[117.976s][info][gc             ] GC(215) Pause Full (Ergonomics) 792M->681M(910M) 39.117ms
[117.976s][info][gc,cpu         ] GC(215) User=0.36s Sys=0.28s Real=0.05s
[117.985s][info][gc,start       ] GC(216) Pause Full (Ergonomics)
[117.985s][info][gc,phases,start] GC(216) Marking Phase
[118.012s][info][gc,phases      ] GC(216) Marking Phase 26.957ms
[118.012s][info][gc,phases,start] GC(216) Summary Phase
[118.012s][info][gc,phases      ] GC(216) Summary Phase 0.026ms
[118.012s][info][gc,phases,start] GC(216) Adjust Roots
[118.013s][info][gc,phases      ] GC(216) Adjust Roots 1.107ms
[118.013s][info][gc,phases,start] GC(216) Compaction Phase
[118.044s][info][gc,phases      ] GC(216) Compaction Phase 31.478ms
[118.044s][info][gc,phases,start] GC(216) Post Compact
[118.048s][info][gc,phases      ] GC(216) Post Compact 4.010ms
[118.048s][info][gc,heap        ] GC(216) PSYoungGen: 116736K(232960K)->3553K(232960K) Eden: 116736K(116736K)->3553K(116736K) From: 0K(116224K)->0K(116224K)
[118.048s][info][gc,heap        ] GC(216) ParOldGen: 697915K(699392K)->698555K(699392K)
[118.048s][info][gc,metaspace   ] GC(216) Metaspace: 114857K(129664K)->114857K(129664K) NonClass: 98119K(107328K)->98119K(107328K) Class: 16737K(22336K)->16737K(22336K)
[118.048s][info][gc             ] GC(216) Pause Full (Ergonomics) 795M->685M(910M) 63.835ms
[118.048s][info][gc,cpu         ] GC(216) User=1.31s Sys=0.00s Real=0.06s
[118.057s][info][gc,start       ] GC(217) Pause Full (Ergonomics)
[118.057s][info][gc,phases,start] GC(217) Marking Phase
[118.081s][info][gc,phases      ] GC(217) Marking Phase 24.123ms
[118.081s][info][gc,phases,start] GC(217) Summary Phase
[118.081s][info][gc,phases      ] GC(217) Summary Phase 0.026ms
[118.081s][info][gc,phases,start] GC(217) Adjust Roots
[118.082s][info][gc,phases      ] GC(217) Adjust Roots 1.535ms
[118.082s][info][gc,phases,start] GC(217) Compaction Phase
[118.125s][info][gc,phases      ] GC(217) Compaction Phase 42.162ms
[118.125s][info][gc,phases,start] GC(217) Post Compact
[118.130s][info][gc,phases      ] GC(217) Post Compact 5.186ms
[118.130s][info][gc,heap        ] GC(217) PSYoungGen: 116736K(232960K)->6742K(232960K) Eden: 116736K(116736K)->6742K(116736K) From: 0K(116224K)->0K(116224K)
[118.130s][info][gc,heap        ] GC(217) ParOldGen: 698555K(699392K)->698162K(699392K)
[118.130s][info][gc,metaspace   ] GC(217) Metaspace: 114857K(129664K)->114857K(129664K) NonClass: 98119K(107328K)->98119K(107328K) Class: 16737K(22336K)->16737K(22336K)
[118.130s][info][gc             ] GC(217) Pause Full (Ergonomics) 796M->688M(910M) 73.451ms
[118.130s][info][gc,cpu         ] GC(217) User=0.98s Sys=0.02s Real=0.08s
[118.138s][info][gc,start       ] GC(218) Pause Full (Ergonomics)
[118.138s][info][gc,phases,start] GC(218) Marking Phase
[118.162s][info][gc,phases      ] GC(218) Marking Phase 23.881ms
[118.162s][info][gc,phases,start] GC(218) Summary Phase
[118.162s][info][gc,phases      ] GC(218) Summary Phase 0.029ms
[118.162s][info][gc,phases,start] GC(218) Adjust Roots
[118.163s][info][gc,phases      ] GC(218) Adjust Roots 1.119ms
[118.163s][info][gc,phases,start] GC(218) Compaction Phase
[118.179s][info][gc,phases      ] GC(218) Compaction Phase 16.323ms
[118.180s][info][gc,phases,start] GC(218) Post Compact
[118.184s][info][gc,phases      ] GC(218) Post Compact 4.021ms
[118.184s][info][gc,heap        ] GC(218) PSYoungGen: 116736K(232960K)->13762K(232960K) Eden: 116736K(116736K)->13762K(116736K) From: 0K(116224K)->0K(116224K)
[118.184s][info][gc,heap        ] GC(218) ParOldGen: 698162K(699392K)->698148K(699392K)
[118.184s][info][gc,metaspace   ] GC(218) Metaspace: 114859K(129664K)->114859K(129664K) NonClass: 98120K(107328K)->98120K(107328K) Class: 16738K(22336K)->16738K(22336K)
[118.184s][info][gc             ] GC(218) Pause Full (Ergonomics) 795M->695M(910M) 45.646ms
[118.184s][info][gc,cpu         ] GC(218) User=0.67s Sys=0.00s Real=0.05s
[118.191s][info][gc,start       ] GC(219) Pause Full (Ergonomics)
[118.191s][info][gc,phases,start] GC(219) Marking Phase
[118.218s][info][gc,phases      ] GC(219) Marking Phase 27.218ms
[118.218s][info][gc,phases,start] GC(219) Summary Phase
[118.218s][info][gc,phases      ] GC(219) Summary Phase 0.027ms
[118.219s][info][gc,phases,start] GC(219) Adjust Roots
[118.220s][info][gc,phases      ] GC(219) Adjust Roots 1.115ms
[118.220s][info][gc,phases,start] GC(219) Compaction Phase
[118.235s][info][gc,phases      ] GC(219) Compaction Phase 15.677ms
[118.235s][info][gc,phases,start] GC(219) Post Compact
[118.240s][info][gc,phases      ] GC(219) Post Compact 4.174ms
[118.240s][info][gc,heap        ] GC(219) PSYoungGen: 116736K(232960K)->13003K(232960K) Eden: 116736K(116736K)->13003K(116736K) From: 0K(116224K)->0K(116224K)
[118.240s][info][gc,heap        ] GC(219) ParOldGen: 698148K(699392K)->698930K(699392K)
[118.240s][info][gc,metaspace   ] GC(219) Metaspace: 114859K(129664K)->114859K(129664K) NonClass: 98121K(107328K)->98121K(107328K) Class: 16738K(22336K)->16738K(22336K)
[118.240s][info][gc             ] GC(219) Pause Full (Ergonomics) 795M->695M(910M) 48.480ms
[118.240s][info][gc,cpu         ] GC(219) User=0.98s Sys=0.00s Real=0.05s
[118.247s][info][gc,start       ] GC(220) Pause Full (Ergonomics)
[118.247s][info][gc,phases,start] GC(220) Marking Phase
[118.273s][info][gc,phases      ] GC(220) Marking Phase 25.652ms
[118.273s][info][gc,phases,start] GC(220) Summary Phase
[118.273s][info][gc,phases      ] GC(220) Summary Phase 0.028ms
[118.273s][info][gc,phases,start] GC(220) Adjust Roots
[118.274s][info][gc,phases      ] GC(220) Adjust Roots 1.100ms
[118.274s][info][gc,phases,start] GC(220) Compaction Phase
[118.290s][info][gc,phases      ] GC(220) Compaction Phase 15.964ms
[118.290s][info][gc,phases,start] GC(220) Post Compact
[118.294s][info][gc,phases      ] GC(220) Post Compact 4.020ms
[118.294s][info][gc,heap        ] GC(220) PSYoungGen: 116736K(232960K)->19939K(232960K) Eden: 116736K(116736K)->19939K(116736K) From: 0K(116224K)->0K(116224K)
[118.294s][info][gc,heap        ] GC(220) ParOldGen: 698930K(699392K)->698930K(699392K)
[118.294s][info][gc,metaspace   ] GC(220) Metaspace: 114859K(129664K)->114859K(129664K) NonClass: 98121K(107328K)->98121K(107328K) Class: 16738K(22336K)->16738K(22336K)
[118.294s][info][gc             ] GC(220) Pause Full (Ergonomics) 796M->702M(910M) 47.014ms
[118.294s][info][gc,cpu         ] GC(220) User=0.67s Sys=0.00s Real=0.05s
[118.301s][info][gc,start       ] GC(221) Pause Full (Ergonomics)
[118.301s][info][gc,phases,start] GC(221) Marking Phase
[118.330s][info][gc,phases      ] GC(221) Marking Phase 28.601ms
[118.330s][info][gc,phases,start] GC(221) Summary Phase
[118.330s][info][gc,phases      ] GC(221) Summary Phase 0.028ms
[118.330s][info][gc,phases,start] GC(221) Adjust Roots
[118.331s][info][gc,phases      ] GC(221) Adjust Roots 1.125ms
[118.331s][info][gc,phases,start] GC(221) Compaction Phase
[118.348s][info][gc,phases      ] GC(221) Compaction Phase 16.432ms
[118.348s][info][gc,phases,start] GC(221) Post Compact
[118.352s][info][gc,phases      ] GC(221) Post Compact 4.051ms
[118.352s][info][gc,heap        ] GC(221) PSYoungGen: 116736K(232960K)->21625K(232960K) Eden: 116736K(116736K)->21625K(116736K) From: 0K(116224K)->0K(116224K)
[118.352s][info][gc,heap        ] GC(221) ParOldGen: 698930K(699392K)->698149K(699392K)
[118.352s][info][gc,metaspace   ] GC(221) Metaspace: 114862K(129664K)->114862K(129664K) NonClass: 98122K(107328K)->98122K(107328K) Class: 16739K(22336K)->16739K(22336K)
[118.352s][info][gc             ] GC(221) Pause Full (Ergonomics) 796M->702M(910M) 50.502ms
[118.352s][info][gc,cpu         ] GC(221) User=0.98s Sys=0.00s Real=0.05s
[118.359s][info][gc,start       ] GC(222) Pause Full (Ergonomics)
[118.359s][info][gc,phases,start] GC(222) Marking Phase
[118.385s][info][gc,phases      ] GC(222) Marking Phase 26.529ms
[118.385s][info][gc,phases,start] GC(222) Summary Phase
[118.385s][info][gc,phases      ] GC(222) Summary Phase 0.024ms
[118.386s][info][gc,phases,start] GC(222) Adjust Roots
[118.387s][info][gc,phases      ] GC(222) Adjust Roots 1.158ms
[118.387s][info][gc,phases,start] GC(222) Compaction Phase
[118.428s][info][gc,phases      ] GC(222) Compaction Phase 41.758ms
[118.428s][info][gc,phases,start] GC(222) Post Compact
[118.433s][info][gc,phases      ] GC(222) Post Compact 4.050ms
[118.433s][info][gc,heap        ] GC(222) PSYoungGen: 116736K(232960K)->20806K(232960K) Eden: 116736K(116736K)->20806K(116736K) From: 0K(116224K)->0K(116224K)
[118.433s][info][gc,heap        ] GC(222) ParOldGen: 698149K(699392K)->698930K(699392K)
[118.433s][info][gc,metaspace   ] GC(222) Metaspace: 114862K(129664K)->114862K(129664K) NonClass: 98122K(107328K)->98122K(107328K) Class: 16739K(22336K)->16739K(22336K)
[118.433s][info][gc             ] GC(222) Pause Full (Ergonomics) 795M->702M(910M) 73.759ms
[118.433s][info][gc,cpu         ] GC(222) User=1.34s Sys=0.00s Real=0.08s
[118.440s][info][gc,start       ] GC(223) Pause Full (Ergonomics)
[118.440s][info][gc,phases,start] GC(223) Marking Phase
[118.467s][info][gc,phases      ] GC(223) Marking Phase 26.842ms
[118.467s][info][gc,phases,start] GC(223) Summary Phase
[118.467s][info][gc,phases      ] GC(223) Summary Phase 0.025ms
[118.467s][info][gc,phases,start] GC(223) Adjust Roots
[118.468s][info][gc,phases      ] GC(223) Adjust Roots 1.117ms
[118.468s][info][gc,phases,start] GC(223) Compaction Phase
[118.483s][info][gc,phases      ] GC(223) Compaction Phase 15.127ms
[118.483s][info][gc,phases,start] GC(223) Post Compact
[118.487s][info][gc,phases      ] GC(223) Post Compact 4.043ms
[118.487s][info][gc,heap        ] GC(223) PSYoungGen: 116736K(232960K)->23934K(232960K) Eden: 116736K(116736K)->23934K(116736K) From: 0K(116224K)->0K(116224K)
[118.487s][info][gc,heap        ] GC(223) ParOldGen: 698930K(699392K)->698149K(699392K)
[118.487s][info][gc,metaspace   ] GC(223) Metaspace: 114865K(129664K)->114865K(129664K) NonClass: 98125K(107328K)->98125K(107328K) Class: 16740K(22336K)->16740K(22336K)
[118.487s][info][gc             ] GC(223) Pause Full (Ergonomics) 796M->705M(910M) 47.396ms
[118.487s][info][gc,cpu         ] GC(223) User=0.98s Sys=0.00s Real=0.05s
[118.494s][info][gc,start       ] GC(224) Pause Full (Ergonomics)
[118.494s][info][gc,phases,start] GC(224) Marking Phase
[118.522s][info][gc,phases      ] GC(224) Marking Phase 28.183ms
[118.522s][info][gc,phases,start] GC(224) Summary Phase
[118.522s][info][gc,phases      ] GC(224) Summary Phase 0.029ms
[118.522s][info][gc,phases,start] GC(224) Adjust Roots
[118.523s][info][gc,phases      ] GC(224) Adjust Roots 1.145ms
[118.523s][info][gc,phases,start] GC(224) Compaction Phase
[118.532s][info][gc,phases      ] GC(224) Compaction Phase 8.963ms
[118.532s][info][gc,phases,start] GC(224) Post Compact
[118.536s][info][gc,phases      ] GC(224) Post Compact 4.033ms
[118.537s][info][gc,heap        ] GC(224) PSYoungGen: 116736K(232960K)->27061K(232960K) Eden: 116736K(116736K)->27061K(116736K) From: 0K(116224K)->0K(116224K)
[118.537s][info][gc,heap        ] GC(224) ParOldGen: 698149K(699392K)->698930K(699392K)
[118.537s][info][gc,metaspace   ] GC(224) Metaspace: 114867K(129664K)->114867K(129664K) NonClass: 98126K(107328K)->98126K(107328K) Class: 16741K(22336K)->16741K(22336K)
[118.537s][info][gc             ] GC(224) Pause Full (Ergonomics) 795M->708M(910M) 42.612ms
[118.537s][info][gc,cpu         ] GC(224) User=0.59s Sys=0.03s Real=0.05s
[118.543s][info][gc,start       ] GC(225) Pause Full (Ergonomics)
[118.543s][info][gc,phases,start] GC(225) Marking Phase
[118.570s][info][gc,phases      ] GC(225) Marking Phase 26.622ms
[118.570s][info][gc,phases,start] GC(225) Summary Phase
[118.570s][info][gc,phases      ] GC(225) Summary Phase 0.029ms
[118.570s][info][gc,phases,start] GC(225) Adjust Roots
[118.571s][info][gc,phases      ] GC(225) Adjust Roots 1.129ms
[118.571s][info][gc,phases,start] GC(225) Compaction Phase
[118.588s][info][gc,phases      ] GC(225) Compaction Phase 16.953ms
[118.588s][info][gc,phases,start] GC(225) Post Compact
[118.592s][info][gc,phases      ] GC(225) Post Compact 4.062ms
[118.592s][info][gc,heap        ] GC(225) PSYoungGen: 116736K(232960K)->36521K(232960K) Eden: 116736K(116736K)->36521K(116736K) From: 0K(116224K)->0K(116224K)
[118.592s][info][gc,heap        ] GC(225) ParOldGen: 698930K(699392K)->698148K(699392K)
[118.592s][info][gc,metaspace   ] GC(225) Metaspace: 114867K(129664K)->114867K(129664K) NonClass: 98126K(107328K)->98126K(107328K) Class: 16741K(22336K)->16741K(22336K)
[118.593s][info][gc             ] GC(225) Pause Full (Ergonomics) 796M->717M(910M) 49.065ms
[118.593s][info][gc,cpu         ] GC(225) User=0.67s Sys=0.00s Real=0.05s
[118.599s][info][gc,start       ] GC(226) Pause Full (Ergonomics)
[118.599s][info][gc,phases,start] GC(226) Marking Phase
[118.626s][info][gc,phases      ] GC(226) Marking Phase 27.005ms
[118.626s][info][gc,phases,start] GC(226) Summary Phase
[118.626s][info][gc,phases      ] GC(226) Summary Phase 0.026ms
[118.626s][info][gc,phases,start] GC(226) Adjust Roots
[118.627s][info][gc,phases      ] GC(226) Adjust Roots 1.149ms
[118.627s][info][gc,phases,start] GC(226) Compaction Phase
[118.644s][info][gc,phases      ] GC(226) Compaction Phase 16.832ms
[118.644s][info][gc,phases,start] GC(226) Post Compact
[118.648s][info][gc,phases      ] GC(226) Post Compact 4.010ms
[118.648s][info][gc,heap        ] GC(226) PSYoungGen: 116736K(232960K)->42700K(232960K) Eden: 116736K(116736K)->42700K(116736K) From: 0K(116224K)->0K(116224K)
[118.648s][info][gc,heap        ] GC(226) ParOldGen: 698148K(699392K)->698148K(699392K)
[118.648s][info][gc,metaspace   ] GC(226) Metaspace: 114867K(129664K)->114867K(129664K) NonClass: 98126K(107328K)->98126K(107328K) Class: 16741K(22336K)->16741K(22336K)
[118.648s][info][gc             ] GC(226) Pause Full (Ergonomics) 795M->723M(910M) 49.295ms
[118.648s][info][gc,cpu         ] GC(226) User=0.67s Sys=0.00s Real=0.05s
[118.654s][info][gc,start       ] GC(227) Pause Full (Ergonomics)
[118.654s][info][gc,phases,start] GC(227) Marking Phase
[118.681s][info][gc,phases      ] GC(227) Marking Phase 26.754ms
[118.681s][info][gc,phases,start] GC(227) Summary Phase
[118.681s][info][gc,phases      ] GC(227) Summary Phase 0.028ms
[118.681s][info][gc,phases,start] GC(227) Adjust Roots
[118.682s][info][gc,phases      ] GC(227) Adjust Roots 1.158ms
[118.682s][info][gc,phases,start] GC(227) Compaction Phase
[118.725s][info][gc,phases      ] GC(227) Compaction Phase 42.204ms
[118.725s][info][gc,phases,start] GC(227) Post Compact
[118.729s][info][gc,phases      ] GC(227) Post Compact 4.009ms
[118.729s][info][gc,heap        ] GC(227) PSYoungGen: 116736K(232960K)->41195K(232960K) Eden: 116736K(116736K)->41195K(116736K) From: 0K(116224K)->0K(116224K)
[118.729s][info][gc,heap        ] GC(227) ParOldGen: 698148K(699392K)->698930K(699392K)
[118.729s][info][gc,metaspace   ] GC(227) Metaspace: 114867K(129664K)->114867K(129664K) NonClass: 98126K(107328K)->98126K(107328K) Class: 16741K(22336K)->16741K(22336K)
[118.729s][info][gc             ] GC(227) Pause Full (Ergonomics) 795M->722M(910M) 74.507ms
[118.729s][info][gc,cpu         ] GC(227) User=1.09s Sys=0.00s Real=0.08s
[118.734s][info][gc,start       ] GC(228) Pause Full (Ergonomics)
[118.735s][info][gc,phases,start] GC(228) Marking Phase
[118.762s][info][gc,phases      ] GC(228) Marking Phase 27.134ms
[118.762s][info][gc,phases,start] GC(228) Summary Phase
[118.762s][info][gc,phases      ] GC(228) Summary Phase 0.026ms
[118.762s][info][gc,phases,start] GC(228) Adjust Roots
[118.763s][info][gc,phases      ] GC(228) Adjust Roots 1.391ms
[118.763s][info][gc,phases,start] GC(228) Compaction Phase
[118.806s][info][gc,phases      ] GC(228) Compaction Phase 43.081ms
[118.806s][info][gc,phases,start] GC(228) Post Compact
[118.810s][info][gc,phases      ] GC(228) Post Compact 4.020ms
[118.810s][info][gc,heap        ] GC(228) PSYoungGen: 116736K(232960K)->39683K(232960K) Eden: 116736K(116736K)->39683K(116736K) From: 0K(116224K)->0K(116224K)
[118.810s][info][gc,heap        ] GC(228) ParOldGen: 698930K(699392K)->698142K(699392K)
[118.810s][info][gc,metaspace   ] GC(228) Metaspace: 114868K(129664K)->114868K(129664K) NonClass: 98127K(107328K)->98127K(107328K) Class: 16741K(22336K)->16741K(22336K)
[118.810s][info][gc             ] GC(228) Pause Full (Ergonomics) 796M->720M(910M) 75.896ms
[118.810s][info][gc,cpu         ] GC(228) User=1.38s Sys=0.00s Real=0.08s
[118.817s][info][gc,start       ] GC(229) Pause Full (Ergonomics)
[118.817s][info][gc,phases,start] GC(229) Marking Phase
[118.844s][info][gc,phases      ] GC(229) Marking Phase 27.286ms
[118.844s][info][gc,phases,start] GC(229) Summary Phase
[118.844s][info][gc,phases      ] GC(229) Summary Phase 0.027ms
[118.844s][info][gc,phases,start] GC(229) Adjust Roots
[118.845s][info][gc,phases      ] GC(229) Adjust Roots 1.167ms
[118.845s][info][gc,phases,start] GC(229) Compaction Phase
[118.885s][info][gc,phases      ] GC(229) Compaction Phase 39.959ms
[118.885s][info][gc,phases,start] GC(229) Post Compact
[118.889s][info][gc,phases      ] GC(229) Post Compact 4.038ms
[118.889s][info][gc,heap        ] GC(229) PSYoungGen: 116301K(232960K)->48952K(232960K) Eden: 116301K(116736K)->48952K(116736K) From: 0K(116224K)->0K(116224K)
[118.889s][info][gc,heap        ] GC(229) ParOldGen: 698142K(699392K)->698142K(699392K)
[118.889s][info][gc,metaspace   ] GC(229) Metaspace: 114870K(129664K)->114870K(129664K) NonClass: 98128K(107328K)->98128K(107328K) Class: 16741K(22336K)->16741K(22336K)
[118.889s][info][gc             ] GC(229) Pause Full (Ergonomics) 795M->729M(910M) 72.728ms
[118.889s][info][gc,cpu         ] GC(229) User=1.02s Sys=0.00s Real=0.08s
[118.895s][info][gc,start       ] GC(230) Pause Full (Ergonomics)
[118.895s][info][gc,phases,start] GC(230) Marking Phase
[118.920s][info][gc,phases      ] GC(230) Marking Phase 24.959ms
[118.920s][info][gc,phases,start] GC(230) Summary Phase
[118.920s][info][gc,phases      ] GC(230) Summary Phase 0.026ms
[118.920s][info][gc,phases,start] GC(230) Adjust Roots
[118.921s][info][gc,phases      ] GC(230) Adjust Roots 1.161ms
[118.921s][info][gc,phases,start] GC(230) Compaction Phase
[118.964s][info][gc,phases      ] GC(230) Compaction Phase 42.800ms
[118.964s][info][gc,phases,start] GC(230) Post Compact
[118.968s][info][gc,phases      ] GC(230) Post Compact 3.990ms
[118.968s][info][gc,heap        ] GC(230) PSYoungGen: 116736K(232960K)->53649K(232960K) Eden: 116736K(116736K)->53649K(116736K) From: 0K(116224K)->0K(116224K)
[118.968s][info][gc,heap        ] GC(230) ParOldGen: 698142K(699392K)->696581K(699392K)
[118.968s][info][gc,metaspace   ] GC(230) Metaspace: 114873K(129664K)->114873K(129664K) NonClass: 98130K(107328K)->98130K(107328K) Class: 16742K(22336K)->16742K(22336K)
[118.968s][info][gc             ] GC(230) Pause Full (Ergonomics) 795M->732M(910M) 73.204ms
[118.968s][info][gc,cpu         ] GC(230) User=1.31s Sys=0.00s Real=0.06s
[118.973s][info][gc,start       ] GC(231) Pause Full (Ergonomics)
[118.973s][info][gc,phases,start] GC(231) Marking Phase
[119.000s][info][gc,phases      ] GC(231) Marking Phase 27.033ms
[119.000s][info][gc,phases,start] GC(231) Summary Phase
[119.000s][info][gc,phases      ] GC(231) Summary Phase 0.029ms
[119.000s][info][gc,phases,start] GC(231) Adjust Roots
[119.001s][info][gc,phases      ] GC(231) Adjust Roots 1.171ms
[119.001s][info][gc,phases,start] GC(231) Compaction Phase
[119.019s][info][gc,phases      ] GC(231) Compaction Phase 17.581ms
[119.019s][info][gc,phases,start] GC(231) Post Compact
[119.023s][info][gc,phases      ] GC(231) Post Compact 4.019ms
[119.023s][info][gc,heap        ] GC(231) PSYoungGen: 116736K(232960K)->58314K(232960K) Eden: 116736K(116736K)->58314K(116736K) From: 0K(116224K)->0K(116224K)
[119.023s][info][gc,heap        ] GC(231) ParOldGen: 696581K(699392K)->698144K(699392K)
[119.023s][info][gc,metaspace   ] GC(231) Metaspace: 114873K(129664K)->114873K(129664K) NonClass: 98130K(107328K)->98130K(107328K) Class: 16742K(22336K)->16742K(22336K)
[119.023s][info][gc             ] GC(231) Pause Full (Ergonomics) 794M->738M(910M) 50.102ms
[119.023s][info][gc,cpu         ] GC(231) User=0.56s Sys=0.00s Real=0.05s
[119.028s][info][gc,start       ] GC(232) Pause Full (Ergonomics)
[119.028s][info][gc,phases,start] GC(232) Marking Phase
[119.056s][info][gc,phases      ] GC(232) Marking Phase 27.432ms
[119.056s][info][gc,phases,start] GC(232) Summary Phase
[119.056s][info][gc,phases      ] GC(232) Summary Phase 0.028ms
[119.056s][info][gc,phases,start] GC(232) Adjust Roots
[119.057s][info][gc,phases      ] GC(232) Adjust Roots 1.180ms
[119.057s][info][gc,phases,start] GC(232) Compaction Phase
[119.076s][info][gc,phases      ] GC(232) Compaction Phase 18.875ms
[119.076s][info][gc,phases,start] GC(232) Post Compact
[119.080s][info][gc,phases      ] GC(232) Post Compact 4.009ms
[119.080s][info][gc,heap        ] GC(232) PSYoungGen: 116736K(232960K)->56810K(232960K) Eden: 116736K(116736K)->56810K(116736K) From: 0K(116224K)->0K(116224K)
[119.080s][info][gc,heap        ] GC(232) ParOldGen: 698144K(699392K)->698148K(699392K)
[119.080s][info][gc,metaspace   ] GC(232) Metaspace: 114875K(129664K)->114875K(129664K) NonClass: 98131K(107328K)->98131K(107328K) Class: 16743K(22336K)->16743K(22336K)
[119.080s][info][gc             ] GC(232) Pause Full (Ergonomics) 795M->737M(910M) 51.754ms
[119.080s][info][gc,cpu         ] GC(232) User=0.66s Sys=0.00s Real=0.05s
[119.085s][info][gc,start       ] GC(233) Pause Full (Ergonomics)
[119.085s][info][gc,phases,start] GC(233) Marking Phase
[119.114s][info][gc,phases      ] GC(233) Marking Phase 28.898ms
[119.114s][info][gc,phases,start] GC(233) Summary Phase
[119.114s][info][gc,phases      ] GC(233) Summary Phase 0.026ms
[119.114s][info][gc,phases,start] GC(233) Adjust Roots
[119.115s][info][gc,phases      ] GC(233) Adjust Roots 1.173ms
[119.115s][info][gc,phases,start] GC(233) Compaction Phase
[119.133s][info][gc,phases      ] GC(233) Compaction Phase 17.897ms
[119.133s][info][gc,phases,start] GC(233) Post Compact
[119.137s][info][gc,phases      ] GC(233) Post Compact 4.337ms
[119.137s][info][gc,heap        ] GC(233) PSYoungGen: 116736K(232960K)->56824K(232960K) Eden: 116736K(116736K)->56824K(116736K) From: 0K(116224K)->0K(116224K)
[119.137s][info][gc,heap        ] GC(233) ParOldGen: 698148K(699392K)->698148K(699392K)
[119.137s][info][gc,metaspace   ] GC(233) Metaspace: 114877K(129664K)->114877K(129664K) NonClass: 98133K(107328K)->98133K(107328K) Class: 16743K(22336K)->16743K(22336K)
[119.137s][info][gc             ] GC(233) Pause Full (Ergonomics) 795M->737M(910M) 52.626ms
[119.138s][info][gc,cpu         ] GC(233) User=0.63s Sys=0.00s Real=0.05s
[119.142s][info][gc,start       ] GC(234) Pause Full (Ergonomics)
[119.142s][info][gc,phases,start] GC(234) Marking Phase
[119.170s][info][gc,phases      ] GC(234) Marking Phase 28.206ms
[119.170s][info][gc,phases,start] GC(234) Summary Phase
[119.170s][info][gc,phases      ] GC(234) Summary Phase 0.028ms
[119.170s][info][gc,phases,start] GC(234) Adjust Roots
[119.172s][info][gc,phases      ] GC(234) Adjust Roots 1.186ms
[119.172s][info][gc,phases,start] GC(234) Compaction Phase
[119.187s][info][gc,phases      ] GC(234) Compaction Phase 15.645ms
[119.187s][info][gc,phases,start] GC(234) Post Compact
[119.191s][info][gc,phases      ] GC(234) Post Compact 4.023ms
[119.191s][info][gc,heap        ] GC(234) PSYoungGen: 116736K(232960K)->63070K(232960K) Eden: 116736K(116736K)->63070K(116736K) From: 0K(116224K)->0K(116224K)
[119.191s][info][gc,heap        ] GC(234) ParOldGen: 698148K(699392K)->696585K(699392K)
[119.191s][info][gc,metaspace   ] GC(234) Metaspace: 114878K(129664K)->114878K(129664K) NonClass: 98134K(107328K)->98134K(107328K) Class: 16744K(22336K)->16744K(22336K)
[119.191s][info][gc             ] GC(234) Pause Full (Ergonomics) 795M->741M(910M) 49.365ms
[119.192s][info][gc,cpu         ] GC(234) User=0.64s Sys=0.30s Real=0.05s
[119.196s][info][gc,start       ] GC(235) Pause Full (Ergonomics)
[119.196s][info][gc,phases,start] GC(235) Marking Phase
[119.221s][info][gc,phases      ] GC(235) Marking Phase 25.459ms
[119.221s][info][gc,phases,start] GC(235) Summary Phase
[119.221s][info][gc,phases      ] GC(235) Summary Phase 0.026ms
[119.221s][info][gc,phases,start] GC(235) Adjust Roots
[119.223s][info][gc,phases      ] GC(235) Adjust Roots 1.166ms
[119.223s][info][gc,phases,start] GC(235) Compaction Phase
[119.231s][info][gc,phases      ] GC(235) Compaction Phase 8.723ms
[119.231s][info][gc,phases,start] GC(235) Post Compact
[119.235s][info][gc,phases      ] GC(235) Post Compact 3.983ms
[119.235s][info][gc,heap        ] GC(235) PSYoungGen: 116736K(232960K)->59950K(232960K) Eden: 116736K(116736K)->59950K(116736K) From: 0K(116224K)->0K(116224K)
[119.235s][info][gc,heap        ] GC(235) ParOldGen: 696585K(699392K)->698147K(699392K)
[119.235s][info][gc,metaspace   ] GC(235) Metaspace: 114879K(129664K)->114879K(129664K) NonClass: 98134K(107328K)->98134K(107328K) Class: 16744K(22336K)->16744K(22336K)
[119.235s][info][gc             ] GC(235) Pause Full (Ergonomics) 794M->740M(910M) 39.599ms
[119.235s][info][gc,cpu         ] GC(235) User=0.66s Sys=0.00s Real=0.03s
[119.252s][info][gc,start       ] GC(236) Pause Full (Ergonomics)
[119.252s][info][gc,phases,start] GC(236) Marking Phase
[119.281s][info][gc,phases      ] GC(236) Marking Phase 29.751ms
[119.281s][info][gc,phases,start] GC(236) Summary Phase
[119.282s][info][gc,phases      ] GC(236) Summary Phase 0.025ms
[119.282s][info][gc,phases,start] GC(236) Adjust Roots
[119.283s][info][gc,phases      ] GC(236) Adjust Roots 1.183ms
[119.283s][info][gc,phases,start] GC(236) Compaction Phase
[119.293s][info][gc,phases      ] GC(236) Compaction Phase 10.628ms
[119.293s][info][gc,phases,start] GC(236) Post Compact
[119.297s][info][gc,phases      ] GC(236) Post Compact 4.072ms
[119.297s][info][gc,heap        ] GC(236) PSYoungGen: 116736K(232960K)->66144K(232960K) Eden: 116736K(116736K)->66144K(116736K) From: 0K(116224K)->0K(116224K)
[119.298s][info][gc,heap        ] GC(236) ParOldGen: 698147K(699392K)->698147K(699392K)
[119.298s][info][gc,metaspace   ] GC(236) Metaspace: 114887K(129664K)->114887K(129664K) NonClass: 98142K(107328K)->98142K(107328K) Class: 16744K(22336K)->16744K(22336K)
[119.298s][info][gc             ] GC(236) Pause Full (Ergonomics) 795M->746M(910M) 45.899ms
[119.298s][info][gc,cpu         ] GC(236) User=0.34s Sys=0.00s Real=0.03s
[119.302s][info][gc,start       ] GC(237) Pause Full (Ergonomics)
[119.302s][info][gc,phases,start] GC(237) Marking Phase
[119.330s][info][gc,phases      ] GC(237) Marking Phase 27.990ms
[119.330s][info][gc,phases,start] GC(237) Summary Phase
[119.330s][info][gc,phases      ] GC(237) Summary Phase 0.026ms
[119.330s][info][gc,phases,start] GC(237) Adjust Roots
[119.331s][info][gc,phases      ] GC(237) Adjust Roots 1.157ms
[119.331s][info][gc,phases,start] GC(237) Compaction Phase
[119.349s][info][gc,phases      ] GC(237) Compaction Phase 18.063ms
[119.349s][info][gc,phases,start] GC(237) Post Compact
[119.353s][info][gc,phases      ] GC(237) Post Compact 4.035ms
[119.353s][info][gc,heap        ] GC(237) PSYoungGen: 116736K(232960K)->69242K(232960K) Eden: 116736K(116736K)->69242K(116736K) From: 0K(116224K)->0K(116224K)
[119.353s][info][gc,heap        ] GC(237) ParOldGen: 698147K(699392K)->698150K(699392K)
[119.354s][info][gc,metaspace   ] GC(237) Metaspace: 114887K(129664K)->114887K(129664K) NonClass: 98142K(107328K)->98142K(107328K) Class: 16744K(22336K)->16744K(22336K)
[119.354s][info][gc             ] GC(237) Pause Full (Ergonomics) 795M->749M(910M) 51.522ms
[119.354s][info][gc,cpu         ] GC(237) User=0.52s Sys=0.00s Real=0.05s
[119.358s][info][gc,start       ] GC(238) Pause Full (Ergonomics)
[119.358s][info][gc,phases,start] GC(238) Marking Phase
[119.386s][info][gc,phases      ] GC(238) Marking Phase 28.163ms
[119.386s][info][gc,phases,start] GC(238) Summary Phase
[119.386s][info][gc,phases      ] GC(238) Summary Phase 0.026ms
[119.386s][info][gc,phases,start] GC(238) Adjust Roots
[119.387s][info][gc,phases      ] GC(238) Adjust Roots 1.199ms
[119.387s][info][gc,phases,start] GC(238) Compaction Phase
[119.403s][info][gc,phases      ] GC(238) Compaction Phase 16.175ms
[119.403s][info][gc,phases,start] GC(238) Post Compact
[119.407s][info][gc,phases      ] GC(238) Post Compact 4.053ms
[119.408s][info][gc,heap        ] GC(238) PSYoungGen: 116736K(232960K)->69326K(232960K) Eden: 116736K(116736K)->69326K(116736K) From: 0K(116224K)->0K(116224K)
[119.408s][info][gc,heap        ] GC(238) ParOldGen: 698150K(699392K)->698157K(699392K)
[119.408s][info][gc,metaspace   ] GC(238) Metaspace: 114887K(129664K)->114887K(129664K) NonClass: 98143K(107328K)->98143K(107328K) Class: 16744K(22336K)->16744K(22336K)
[119.408s][info][gc             ] GC(238) Pause Full (Ergonomics) 795M->749M(910M) 49.852ms
[119.408s][info][gc,cpu         ] GC(238) User=0.44s Sys=0.00s Real=0.05s
[119.412s][info][gc,start       ] GC(239) Pause Full (Ergonomics)
[119.412s][info][gc,phases,start] GC(239) Marking Phase
[119.438s][info][gc,phases      ] GC(239) Marking Phase 26.734ms
[119.438s][info][gc,phases,start] GC(239) Summary Phase
[119.438s][info][gc,phases      ] GC(239) Summary Phase 0.026ms
[119.438s][info][gc,phases,start] GC(239) Adjust Roots
[119.440s][info][gc,phases      ] GC(239) Adjust Roots 1.172ms
[119.440s][info][gc,phases,start] GC(239) Compaction Phase
[119.451s][info][gc,phases      ] GC(239) Compaction Phase 11.054ms
[119.451s][info][gc,phases,start] GC(239) Post Compact
[119.455s][info][gc,phases      ] GC(239) Post Compact 4.194ms
[119.455s][info][gc,heap        ] GC(239) PSYoungGen: 116736K(232960K)->70933K(232960K) Eden: 116736K(116736K)->70933K(116736K) From: 0K(116224K)->0K(116224K)
[119.455s][info][gc,heap        ] GC(239) ParOldGen: 698157K(699392K)->698157K(699392K)
[119.455s][info][gc,metaspace   ] GC(239) Metaspace: 114890K(129664K)->114890K(129664K) NonClass: 98144K(107328K)->98144K(107328K) Class: 16745K(22336K)->16745K(22336K)
[119.455s][info][gc             ] GC(239) Pause Full (Ergonomics) 795M->751M(910M) 43.436ms
[119.455s][info][gc,cpu         ] GC(239) User=0.41s Sys=0.00s Real=0.05s
[119.459s][info][gc,start       ] GC(240) Pause Full (Ergonomics)
[119.459s][info][gc,phases,start] GC(240) Marking Phase
[119.489s][info][gc,phases      ] GC(240) Marking Phase 29.371ms
[119.489s][info][gc,phases,start] GC(240) Summary Phase
[119.489s][info][gc,phases      ] GC(240) Summary Phase 0.027ms
[119.489s][info][gc,phases,start] GC(240) Adjust Roots
[119.490s][info][gc,phases      ] GC(240) Adjust Roots 1.183ms
[119.490s][info][gc,phases,start] GC(240) Compaction Phase
[119.502s][info][gc,phases      ] GC(240) Compaction Phase 12.241ms
[119.502s][info][gc,phases,start] GC(240) Post Compact
[119.506s][info][gc,phases      ] GC(240) Post Compact 4.199ms
[119.506s][info][gc,heap        ] GC(240) PSYoungGen: 116736K(232960K)->73994K(232960K) Eden: 116736K(116736K)->73994K(116736K) From: 0K(116224K)->0K(116224K)
[119.506s][info][gc,heap        ] GC(240) ParOldGen: 698157K(699392K)->696594K(699392K)
[119.506s][info][gc,metaspace   ] GC(240) Metaspace: 114890K(129664K)->114890K(129664K) NonClass: 98144K(107328K)->98144K(107328K) Class: 16745K(22336K)->16745K(22336K)
[119.507s][info][gc             ] GC(240) Pause Full (Ergonomics) 795M->752M(910M) 47.294ms
[119.507s][info][gc,cpu         ] GC(240) User=0.38s Sys=0.00s Real=0.05s
[119.511s][info][gc,start       ] GC(241) Pause Full (Ergonomics)
[119.511s][info][gc,phases,start] GC(241) Marking Phase
[119.539s][info][gc,phases      ] GC(241) Marking Phase 28.894ms
[119.540s][info][gc,phases,start] GC(241) Summary Phase
[119.540s][info][gc,phases      ] GC(241) Summary Phase 0.028ms
[119.540s][info][gc,phases,start] GC(241) Adjust Roots
[119.541s][info][gc,phases      ] GC(241) Adjust Roots 1.197ms
[119.541s][info][gc,phases,start] GC(241) Compaction Phase
[119.559s][info][gc,phases      ] GC(241) Compaction Phase 18.535ms
[119.559s][info][gc,phases,start] GC(241) Post Compact
[119.563s][info][gc,phases      ] GC(241) Post Compact 4.042ms
[119.563s][info][gc,heap        ] GC(241) PSYoungGen: 116736K(232960K)->74005K(232960K) Eden: 116736K(116736K)->74005K(116736K) From: 0K(116224K)->0K(116224K)
[119.563s][info][gc,heap        ] GC(241) ParOldGen: 696594K(699392K)->698157K(699392K)
[119.563s][info][gc,metaspace   ] GC(241) Metaspace: 114892K(129664K)->114892K(129664K) NonClass: 98146K(107328K)->98146K(107328K) Class: 16746K(22336K)->16746K(22336K)
[119.563s][info][gc             ] GC(241) Pause Full (Ergonomics) 794M->754M(910M) 52.941ms
[119.564s][info][gc,cpu         ] GC(241) User=0.52s Sys=0.02s Real=0.05s
[119.567s][info][gc,start       ] GC(242) Pause Full (Ergonomics)
[119.567s][info][gc,phases,start] GC(242) Marking Phase
[119.595s][info][gc,phases      ] GC(242) Marking Phase 27.199ms
[119.595s][info][gc,phases,start] GC(242) Summary Phase
[119.595s][info][gc,phases      ] GC(242) Summary Phase 0.029ms
[119.595s][info][gc,phases,start] GC(242) Adjust Roots
[119.596s][info][gc,phases      ] GC(242) Adjust Roots 1.189ms
[119.596s][info][gc,phases,start] GC(242) Compaction Phase
[119.613s][info][gc,phases      ] GC(242) Compaction Phase 17.146ms
[119.613s][info][gc,phases,start] GC(242) Post Compact
[119.617s][info][gc,phases      ] GC(242) Post Compact 4.184ms
[119.617s][info][gc,heap        ] GC(242) PSYoungGen: 116736K(232960K)->77174K(232960K) Eden: 116736K(116736K)->77174K(116736K) From: 0K(116224K)->0K(116224K)
[119.617s][info][gc,heap        ] GC(242) ParOldGen: 698157K(699392K)->698161K(699392K)
[119.617s][info][gc,metaspace   ] GC(242) Metaspace: 114892K(129664K)->114892K(129664K) NonClass: 98146K(107328K)->98146K(107328K) Class: 16746K(22336K)->16746K(22336K)
[119.617s][info][gc             ] GC(242) Pause Full (Ergonomics) 795M->757M(910M) 50.032ms
[119.617s][info][gc,cpu         ] GC(242) User=0.73s Sys=0.00s Real=0.05s
[119.621s][info][gc,start       ] GC(243) Pause Full (Ergonomics)
[119.621s][info][gc,phases,start] GC(243) Marking Phase
[119.650s][info][gc,phases      ] GC(243) Marking Phase 28.792ms
[119.650s][info][gc,phases,start] GC(243) Summary Phase
[119.650s][info][gc,phases      ] GC(243) Summary Phase 0.025ms
[119.650s][info][gc,phases,start] GC(243) Adjust Roots
[119.651s][info][gc,phases      ] GC(243) Adjust Roots 1.185ms
[119.651s][info][gc,phases,start] GC(243) Compaction Phase
[119.663s][info][gc,phases      ] GC(243) Compaction Phase 12.034ms
[119.663s][info][gc,phases,start] GC(243) Post Compact
[119.667s][info][gc,phases      ] GC(243) Post Compact 4.207ms
[119.667s][info][gc,heap        ] GC(243) PSYoungGen: 116736K(232960K)->84914K(232960K) Eden: 116736K(116736K)->84914K(116736K) From: 0K(116224K)->0K(116224K)
[119.667s][info][gc,heap        ] GC(243) ParOldGen: 698161K(699392K)->698168K(699392K)
[119.667s][info][gc,metaspace   ] GC(243) Metaspace: 114895K(129664K)->114895K(129664K) NonClass: 98147K(107328K)->98147K(107328K) Class: 16748K(22336K)->16748K(22336K)
[119.667s][info][gc             ] GC(243) Pause Full (Ergonomics) 795M->764M(910M) 46.503ms
[119.667s][info][gc,cpu         ] GC(243) User=0.36s Sys=0.00s Real=0.05s
[119.671s][info][gc,start       ] GC(244) Pause Full (Ergonomics)
[119.671s][info][gc,phases,start] GC(244) Marking Phase
[119.709s][info][gc,phases      ] GC(244) Marking Phase 38.151ms
[119.709s][info][gc,phases,start] GC(244) Summary Phase
[119.709s][info][gc,phases      ] GC(244) Summary Phase 0.029ms
[119.709s][info][gc,phases,start] GC(244) Adjust Roots
[119.710s][info][gc,phases      ] GC(244) Adjust Roots 1.180ms
[119.710s][info][gc,phases,start] GC(244) Compaction Phase
[119.758s][info][gc,phases      ] GC(244) Compaction Phase 47.454ms
[119.758s][info][gc,phases,start] GC(244) Post Compact
[119.762s][info][gc,phases      ] GC(244) Post Compact 4.175ms
[119.762s][info][gc,heap        ] GC(244) PSYoungGen: 116736K(232960K)->88003K(232960K) Eden: 116736K(116736K)->88003K(116736K) From: 0K(116224K)->0K(116224K)
[119.762s][info][gc,heap        ] GC(244) ParOldGen: 698168K(699392K)->696607K(699392K)
[119.762s][info][gc,metaspace   ] GC(244) Metaspace: 114897K(129664K)->114897K(129664K) NonClass: 98148K(107328K)->98148K(107328K) Class: 16748K(22336K)->16748K(22336K)
[119.762s][info][gc             ] GC(244) Pause Full (Ergonomics) 795M->766M(910M) 91.273ms
[119.762s][info][gc,cpu         ] GC(244) User=1.73s Sys=0.02s Real=0.09s
[119.765s][info][gc,start       ] GC(245) Pause Full (Ergonomics)
[119.765s][info][gc,phases,start] GC(245) Marking Phase
[119.794s][info][gc,phases      ] GC(245) Marking Phase 29.459ms
[119.794s][info][gc,phases,start] GC(245) Summary Phase
[119.794s][info][gc,phases      ] GC(245) Summary Phase 0.025ms
[119.794s][info][gc,phases,start] GC(245) Adjust Roots
[119.795s][info][gc,phases      ] GC(245) Adjust Roots 1.189ms
[119.795s][info][gc,phases,start] GC(245) Compaction Phase
[119.805s][info][gc,phases      ] GC(245) Compaction Phase 9.319ms
[119.805s][info][gc,phases,start] GC(245) Post Compact
[119.809s][info][gc,phases      ] GC(245) Post Compact 4.015ms
[119.809s][info][gc,heap        ] GC(245) PSYoungGen: 116736K(232960K)->84899K(232960K) Eden: 116736K(116736K)->84899K(116736K) From: 0K(116224K)->0K(116224K)
[119.809s][info][gc,heap        ] GC(245) ParOldGen: 696607K(699392K)->696611K(699392K)
[119.809s][info][gc,metaspace   ] GC(245) Metaspace: 114899K(129664K)->114899K(129664K) NonClass: 98150K(107328K)->98150K(107328K) Class: 16749K(22336K)->16749K(22336K)
[119.809s][info][gc             ] GC(245) Pause Full (Ergonomics) 794M->763M(910M) 44.244ms
[119.809s][info][gc,cpu         ] GC(245) User=0.39s Sys=0.02s Real=0.05s
[119.812s][info][gc,start       ] GC(246) Pause Full (Ergonomics)
[119.812s][info][gc,phases,start] GC(246) Marking Phase
[119.843s][info][gc,phases      ] GC(246) Marking Phase 30.381ms
[119.843s][info][gc,phases,start] GC(246) Summary Phase
[119.843s][info][gc,phases      ] GC(246) Summary Phase 0.032ms
[119.843s][info][gc,phases,start] GC(246) Adjust Roots
[119.844s][info][gc,phases      ] GC(246) Adjust Roots 1.234ms
[119.844s][info][gc,phases,start] GC(246) Compaction Phase
[119.858s][info][gc,phases      ] GC(246) Compaction Phase 13.731ms
[119.858s][info][gc,phases,start] GC(246) Post Compact
[119.862s][info][gc,phases      ] GC(246) Post Compact 4.018ms
[119.862s][info][gc,heap        ] GC(246) PSYoungGen: 116736K(232960K)->88066K(232960K) Eden: 116736K(116736K)->88066K(116736K) From: 0K(116224K)->0K(116224K)
[119.862s][info][gc,heap        ] GC(246) ParOldGen: 696611K(699392K)->696611K(699392K)
[119.862s][info][gc,metaspace   ] GC(246) Metaspace: 114899K(129664K)->114899K(129664K) NonClass: 98150K(107328K)->98150K(107328K) Class: 16749K(22336K)->16749K(22336K)
[119.862s][info][gc             ] GC(246) Pause Full (Ergonomics) 794M->766M(910M) 49.690ms
[119.862s][info][gc,cpu         ] GC(246) User=0.63s Sys=0.02s Real=0.05s
[119.865s][info][gc,start       ] GC(247) Pause Full (Ergonomics)
[119.865s][info][gc,phases,start] GC(247) Marking Phase
[119.893s][info][gc,phases      ] GC(247) Marking Phase 28.146ms
[119.893s][info][gc,phases,start] GC(247) Summary Phase
[119.893s][info][gc,phases      ] GC(247) Summary Phase 0.034ms
[119.893s][info][gc,phases,start] GC(247) Adjust Roots
[119.894s][info][gc,phases      ] GC(247) Adjust Roots 1.244ms
[119.894s][info][gc,phases,start] GC(247) Compaction Phase
[119.942s][info][gc,phases      ] GC(247) Compaction Phase 47.945ms
[119.942s][info][gc,phases,start] GC(247) Post Compact
[119.946s][info][gc,phases      ] GC(247) Post Compact 4.017ms
[119.946s][info][gc,heap        ] GC(247) PSYoungGen: 116736K(232960K)->91224K(232960K) Eden: 116736K(116736K)->91224K(116736K) From: 0K(116224K)->0K(116224K)
[119.946s][info][gc,heap        ] GC(247) ParOldGen: 696611K(699392K)->696611K(699392K)
[119.946s][info][gc,metaspace   ] GC(247) Metaspace: 114899K(129664K)->114899K(129664K) NonClass: 98150K(107328K)->98150K(107328K) Class: 16749K(22336K)->16749K(22336K)
[119.946s][info][gc             ] GC(247) Pause Full (Ergonomics) 794M->769M(910M) 81.655ms
[119.946s][info][gc,cpu         ] GC(247) User=1.16s Sys=0.00s Real=0.08s
[119.949s][info][gc,start       ] GC(248) Pause Full (Ergonomics)
[119.949s][info][gc,phases,start] GC(248) Marking Phase
[119.978s][info][gc,phases      ] GC(248) Marking Phase 28.581ms
[119.978s][info][gc,phases,start] GC(248) Summary Phase
[119.978s][info][gc,phases      ] GC(248) Summary Phase 0.029ms
[119.978s][info][gc,phases,start] GC(248) Adjust Roots
[119.979s][info][gc,phases      ] GC(248) Adjust Roots 1.211ms
[119.979s][info][gc,phases,start] GC(248) Compaction Phase
[119.989s][info][gc,phases      ] GC(248) Compaction Phase 10.187ms
[119.989s][info][gc,phases,start] GC(248) Post Compact
[119.993s][info][gc,phases      ] GC(248) Post Compact 3.988ms
[119.993s][info][gc,heap        ] GC(248) PSYoungGen: 116736K(232960K)->88194K(232960K) Eden: 116736K(116736K)->88194K(116736K) From: 0K(116224K)->0K(116224K)
[119.993s][info][gc,heap        ] GC(248) ParOldGen: 696611K(699392K)->698173K(699392K)
[119.993s][info][gc,metaspace   ] GC(248) Metaspace: 114899K(129664K)->114899K(129664K) NonClass: 98150K(107328K)->98150K(107328K) Class: 16749K(22336K)->16749K(22336K)
[119.993s][info][gc             ] GC(248) Pause Full (Ergonomics) 794M->767M(910M) 44.260ms
[119.993s][info][gc,cpu         ] GC(248) User=0.70s Sys=0.00s Real=0.03s
[119.996s][info][gc,start       ] GC(249) Pause Full (Ergonomics)
[119.996s][info][gc,phases,start] GC(249) Marking Phase
[120.021s][info][gc,phases      ] GC(249) Marking Phase 24.362ms
[120.021s][info][gc,phases,start] GC(249) Summary Phase
[120.021s][info][gc,phases      ] GC(249) Summary Phase 0.026ms
[120.021s][info][gc,phases,start] GC(249) Adjust Roots
[120.022s][info][gc,phases      ] GC(249) Adjust Roots 1.201ms
[120.022s][info][gc,phases,start] GC(249) Compaction Phase
[120.029s][info][gc,phases      ] GC(249) Compaction Phase 6.760ms
[120.029s][info][gc,phases,start] GC(249) Post Compact
[120.033s][info][gc,phases      ] GC(249) Post Compact 3.943ms
[120.033s][info][gc,heap        ] GC(249) PSYoungGen: 116735K(232960K)->88042K(232960K) Eden: 116735K(116736K)->88042K(116736K) From: 0K(116224K)->0K(116224K)
[120.033s][info][gc,heap        ] GC(249) ParOldGen: 698173K(699392K)->698173K(699392K)
[120.033s][info][gc,metaspace   ] GC(249) Metaspace: 114901K(129664K)->114901K(129664K) NonClass: 98151K(107328K)->98151K(107328K) Class: 16749K(22336K)->16749K(22336K)
[120.033s][info][gc             ] GC(249) Pause Full (Ergonomics) 795M->767M(910M) 36.557ms
[120.033s][info][gc,cpu         ] GC(249) User=0.41s Sys=0.00s Real=0.03s
[120.036s][info][gc,start       ] GC(250) Pause Full (Ergonomics)
[120.036s][info][gc,phases,start] GC(250) Marking Phase
[120.063s][info][gc,phases      ] GC(250) Marking Phase 26.734ms
[120.063s][info][gc,phases,start] GC(250) Summary Phase
[120.063s][info][gc,phases      ] GC(250) Summary Phase 0.027ms
[120.063s][info][gc,phases,start] GC(250) Adjust Roots
[120.064s][info][gc,phases      ] GC(250) Adjust Roots 1.199ms
[120.064s][info][gc,phases,start] GC(250) Compaction Phase
[120.075s][info][gc,phases      ] GC(250) Compaction Phase 11.450ms
[120.075s][info][gc,phases,start] GC(250) Post Compact
[120.079s][info][gc,phases      ] GC(250) Post Compact 3.893ms
[120.079s][info][gc,heap        ] GC(250) PSYoungGen: 116736K(232960K)->88089K(232960K) Eden: 116736K(116736K)->88089K(116736K) From: 0K(116224K)->0K(116224K)
[120.079s][info][gc,heap        ] GC(250) ParOldGen: 698173K(699392K)->698173K(699392K)
[120.079s][info][gc,metaspace   ] GC(250) Metaspace: 114904K(129664K)->114904K(129664K) NonClass: 98154K(107328K)->98154K(107328K) Class: 16749K(22336K)->16749K(22336K)
[120.079s][info][gc             ] GC(250) Pause Full (Ergonomics) 795M->767M(910M) 43.593ms
[120.080s][info][gc,cpu         ] GC(250) User=0.66s Sys=0.00s Real=0.03s
[120.083s][info][gc,start       ] GC(251) Pause Full (Ergonomics)
[120.083s][info][gc,phases,start] GC(251) Marking Phase
[120.107s][info][gc,phases      ] GC(251) Marking Phase 24.726ms
[120.108s][info][gc,phases,start] GC(251) Summary Phase
[120.108s][info][gc,phases      ] GC(251) Summary Phase 0.026ms
[120.108s][info][gc,phases,start] GC(251) Adjust Roots
[120.109s][info][gc,phases      ] GC(251) Adjust Roots 1.203ms
[120.109s][info][gc,phases,start] GC(251) Compaction Phase
[120.115s][info][gc,phases      ] GC(251) Compaction Phase 6.659ms
[120.115s][info][gc,phases,start] GC(251) Post Compact
[120.119s][info][gc,phases      ] GC(251) Post Compact 3.728ms
[120.119s][info][gc,heap        ] GC(251) PSYoungGen: 116736K(232960K)->88107K(232960K) Eden: 116736K(116736K)->88107K(116736K) From: 0K(116224K)->0K(116224K)
[120.119s][info][gc,heap        ] GC(251) ParOldGen: 698173K(699392K)->698173K(699392K)
[120.119s][info][gc,metaspace   ] GC(251) Metaspace: 114909K(129664K)->114909K(129664K) NonClass: 98159K(107328K)->98159K(107328K) Class: 16750K(22336K)->16750K(22336K)
[120.119s][info][gc             ] GC(251) Pause Full (Ergonomics) 795M->767M(910M) 36.591ms
[120.119s][info][gc,cpu         ] GC(251) User=0.44s Sys=0.00s Real=0.03s
[120.122s][info][gc,start       ] GC(252) Pause Full (Ergonomics)
[120.122s][info][gc,phases,start] GC(252) Marking Phase
[120.151s][info][gc,phases      ] GC(252) Marking Phase 28.211ms
[120.151s][info][gc,phases,start] GC(252) Summary Phase
[120.151s][info][gc,phases      ] GC(252) Summary Phase 0.025ms
[120.151s][info][gc,phases,start] GC(252) Adjust Roots
[120.152s][info][gc,phases      ] GC(252) Adjust Roots 1.211ms
[120.152s][info][gc,phases,start] GC(252) Compaction Phase
[120.159s][info][gc,phases      ] GC(252) Compaction Phase 6.956ms
[120.159s][info][gc,phases,start] GC(252) Post Compact
[120.163s][info][gc,phases      ] GC(252) Post Compact 3.807ms
[120.163s][info][gc,heap        ] GC(252) PSYoungGen: 116736K(232960K)->88112K(232960K) Eden: 116736K(116736K)->88112K(116736K) From: 0K(116224K)->0K(116224K)
[120.163s][info][gc,heap        ] GC(252) ParOldGen: 698173K(699392K)->698173K(699392K)
[120.163s][info][gc,metaspace   ] GC(252) Metaspace: 114910K(129664K)->114910K(129664K) NonClass: 98160K(107328K)->98160K(107328K) Class: 16750K(22336K)->16750K(22336K)
[120.163s][info][gc             ] GC(252) Pause Full (Ergonomics) 795M->767M(910M) 40.458ms
[120.163s][info][gc,cpu         ] GC(252) User=0.66s Sys=0.00s Real=0.03s
[120.166s][info][gc,start       ] GC(253) Pause Full (Ergonomics)
[120.166s][info][gc,phases,start] GC(253) Marking Phase
[120.201s][info][gc,phases      ] GC(253) Marking Phase 35.354ms
[120.201s][info][gc,phases,start] GC(253) Summary Phase
[120.201s][info][gc,phases      ] GC(253) Summary Phase 0.028ms
[120.201s][info][gc,phases,start] GC(253) Adjust Roots
[120.202s][info][gc,phases      ] GC(253) Adjust Roots 1.204ms
[120.203s][info][gc,phases,start] GC(253) Compaction Phase
[120.209s][info][gc,phases      ] GC(253) Compaction Phase 6.812ms
[120.209s][info][gc,phases,start] GC(253) Post Compact
[120.213s][info][gc,phases      ] GC(253) Post Compact 3.797ms
[120.213s][info][gc,heap        ] GC(253) PSYoungGen: 114291K(232960K)->88095K(232960K) Eden: 114291K(116736K)->88095K(116736K) From: 0K(116224K)->0K(116224K)
[120.213s][info][gc,heap        ] GC(253) ParOldGen: 698173K(699392K)->698173K(699392K)
[120.213s][info][gc,metaspace   ] GC(253) Metaspace: 114913K(129664K)->114913K(129664K) NonClass: 98162K(107328K)->98162K(107328K) Class: 16751K(22336K)->16751K(22336K)
[120.213s][info][gc             ] GC(253) Pause Full (Ergonomics) 793M->767M(910M) 47.464ms
[120.213s][info][gc,cpu         ] GC(253) User=0.67s Sys=0.00s Real=0.05s
[120.230s][info][gc,start       ] GC(254) Pause Full (Ergonomics)
[120.230s][info][gc,phases,start] GC(254) Marking Phase
[120.260s][info][gc,phases      ] GC(254) Marking Phase 30.537ms
[120.260s][info][gc,phases,start] GC(254) Summary Phase
[120.260s][info][gc,phases      ] GC(254) Summary Phase 0.027ms
[120.260s][info][gc,phases,start] GC(254) Adjust Roots
[120.262s][info][gc,phases      ] GC(254) Adjust Roots 1.234ms
[120.262s][info][gc,phases,start] GC(254) Compaction Phase
[120.271s][info][gc,phases      ] GC(254) Compaction Phase 9.102ms
[120.271s][info][gc,phases,start] GC(254) Post Compact
[120.275s][info][gc,phases      ] GC(254) Post Compact 4.153ms
[120.275s][info][gc,heap        ] GC(254) PSYoungGen: 116736K(232960K)->91186K(232960K) Eden: 116736K(116736K)->91186K(116736K) From: 0K(116224K)->0K(116224K)
[120.275s][info][gc,heap        ] GC(254) ParOldGen: 698173K(699392K)->696611K(699392K)
[120.275s][info][gc,metaspace   ] GC(254) Metaspace: 114913K(129664K)->114913K(129664K) NonClass: 98162K(107328K)->98162K(107328K) Class: 16751K(22336K)->16751K(22336K)
[120.275s][info][gc             ] GC(254) Pause Full (Ergonomics) 795M->769M(910M) 45.323ms
[120.275s][info][gc,cpu         ] GC(254) User=0.66s Sys=0.00s Real=0.03s
[120.278s][info][gc,start       ] GC(255) Pause Full (Ergonomics)
[120.278s][info][gc,phases,start] GC(255) Marking Phase
[120.306s][info][gc,phases      ] GC(255) Marking Phase 28.145ms
[120.306s][info][gc,phases,start] GC(255) Summary Phase
[120.306s][info][gc,phases      ] GC(255) Summary Phase 0.026ms
[120.306s][info][gc,phases,start] GC(255) Adjust Roots
[120.307s][info][gc,phases      ] GC(255) Adjust Roots 1.213ms
[120.307s][info][gc,phases,start] GC(255) Compaction Phase
[120.314s][info][gc,phases      ] GC(255) Compaction Phase 6.649ms
[120.314s][info][gc,phases,start] GC(255) Post Compact
[120.318s][info][gc,phases      ] GC(255) Post Compact 3.752ms
[120.318s][info][gc,heap        ] GC(255) PSYoungGen: 116736K(232960K)->91192K(232960K) Eden: 116736K(116736K)->91192K(116736K) From: 0K(116224K)->0K(116224K)
[120.318s][info][gc,heap        ] GC(255) ParOldGen: 696611K(699392K)->696611K(699392K)
[120.318s][info][gc,metaspace   ] GC(255) Metaspace: 114916K(129664K)->114916K(129664K) NonClass: 98164K(107328K)->98164K(107328K) Class: 16751K(22336K)->16751K(22336K)
[120.318s][info][gc             ] GC(255) Pause Full (Ergonomics) 794M->769M(910M) 40.018ms
[120.318s][info][gc,cpu         ] GC(255) User=0.33s Sys=0.02s Real=0.03s
[120.320s][info][gc,start       ] GC(256) Pause Full (Ergonomics)
[120.320s][info][gc,phases,start] GC(256) Marking Phase
[120.344s][info][gc,phases      ] GC(256) Marking Phase 23.645ms
[120.344s][info][gc,phases,start] GC(256) Summary Phase
[120.344s][info][gc,phases      ] GC(256) Summary Phase 0.023ms
[120.344s][info][gc,phases,start] GC(256) Adjust Roots
[120.345s][info][gc,phases      ] GC(256) Adjust Roots 1.214ms
[120.345s][info][gc,phases,start] GC(256) Compaction Phase
[120.353s][info][gc,phases      ] GC(256) Compaction Phase 7.851ms
[120.353s][info][gc,phases,start] GC(256) Post Compact
[120.357s][info][gc,phases      ] GC(256) Post Compact 3.916ms
[120.357s][info][gc,heap        ] GC(256) PSYoungGen: 116736K(232960K)->91279K(232960K) Eden: 116736K(116736K)->91279K(116736K) From: 0K(116224K)->0K(116224K)
[120.357s][info][gc,heap        ] GC(256) ParOldGen: 696611K(699392K)->696611K(699392K)
[120.357s][info][gc,metaspace   ] GC(256) Metaspace: 114916K(129664K)->114916K(129664K) NonClass: 98164K(107328K)->98164K(107328K) Class: 16751K(22336K)->16751K(22336K)
[120.357s][info][gc             ] GC(256) Pause Full (Ergonomics) 794M->769M(910M) 36.892ms
[120.357s][info][gc,cpu         ] GC(256) User=0.38s Sys=0.02s Real=0.03s
[120.360s][info][gc,start       ] GC(257) Pause Full (Ergonomics)
[120.360s][info][gc,phases,start] GC(257) Marking Phase
[120.389s][info][gc,phases      ] GC(257) Marking Phase 29.102ms
[120.389s][info][gc,phases,start] GC(257) Summary Phase
[120.389s][info][gc,phases      ] GC(257) Summary Phase 0.028ms
[120.389s][info][gc,phases,start] GC(257) Adjust Roots
[120.391s][info][gc,phases      ] GC(257) Adjust Roots 1.209ms
[120.391s][info][gc,phases,start] GC(257) Compaction Phase
[120.397s][info][gc,phases      ] GC(257) Compaction Phase 6.803ms
[120.397s][info][gc,phases,start] GC(257) Post Compact
[120.401s][info][gc,phases      ] GC(257) Post Compact 3.883ms
[120.401s][info][gc,heap        ] GC(257) PSYoungGen: 116736K(232960K)->91205K(232960K) Eden: 116736K(116736K)->91205K(116736K) From: 0K(116224K)->0K(116224K)
[120.401s][info][gc,heap        ] GC(257) ParOldGen: 696611K(699392K)->696611K(699392K)
[120.401s][info][gc,metaspace   ] GC(257) Metaspace: 114916K(129664K)->114916K(129664K) NonClass: 98165K(107328K)->98165K(107328K) Class: 16751K(22336K)->16751K(22336K)
[120.401s][info][gc             ] GC(257) Pause Full (Ergonomics) 794M->769M(910M) 41.253ms
[120.401s][info][gc,cpu         ] GC(257) User=0.73s Sys=0.00s Real=0.05s
[120.404s][info][gc,start       ] GC(258) Pause Full (Ergonomics)
[120.404s][info][gc,phases,start] GC(258) Marking Phase
[120.430s][info][gc,phases      ] GC(258) Marking Phase 25.667ms
[120.430s][info][gc,phases,start] GC(258) Summary Phase
[120.430s][info][gc,phases      ] GC(258) Summary Phase 0.025ms
[120.430s][info][gc,phases,start] GC(258) Adjust Roots
[120.431s][info][gc,phases      ] GC(258) Adjust Roots 1.222ms
[120.431s][info][gc,phases,start] GC(258) Compaction Phase
[120.438s][info][gc,phases      ] GC(258) Compaction Phase 6.894ms
[120.438s][info][gc,phases,start] GC(258) Post Compact
[120.442s][info][gc,phases      ] GC(258) Post Compact 3.690ms
[120.442s][info][gc,heap        ] GC(258) PSYoungGen: 113979K(232960K)->91239K(232960K) Eden: 113979K(116736K)->91239K(116736K) From: 0K(116224K)->0K(116224K)
[120.442s][info][gc,heap        ] GC(258) ParOldGen: 696611K(699392K)->696611K(699392K)
[120.442s][info][gc,metaspace   ] GC(258) Metaspace: 114917K(129664K)->114917K(129664K) NonClass: 98166K(107328K)->98166K(107328K) Class: 16751K(22336K)->16751K(22336K)
[120.442s][info][gc             ] GC(258) Pause Full (Ergonomics) 791M->769M(910M) 37.709ms
[120.442s][info][gc,cpu         ] GC(258) User=0.41s Sys=0.00s Real=0.03s
[120.444s][info][gc,start       ] GC(259) Pause Full (Ergonomics)
[120.444s][info][gc,phases,start] GC(259) Marking Phase
[120.471s][info][gc,phases      ] GC(259) Marking Phase 26.996ms
[120.472s][info][gc,phases,start] GC(259) Summary Phase
[120.472s][info][gc,phases      ] GC(259) Summary Phase 0.026ms
[120.472s][info][gc,phases,start] GC(259) Adjust Roots
[120.473s][info][gc,phases      ] GC(259) Adjust Roots 1.230ms
[120.473s][info][gc,phases,start] GC(259) Compaction Phase
[120.484s][info][gc,phases      ] GC(259) Compaction Phase 11.621ms
[120.484s][info][gc,phases,start] GC(259) Post Compact
[120.489s][info][gc,phases      ] GC(259) Post Compact 4.087ms
[120.489s][info][gc,heap        ] GC(259) PSYoungGen: 116735K(232960K)->91187K(232960K) Eden: 116735K(116736K)->91187K(116736K) From: 0K(116224K)->0K(116224K)
[120.489s][info][gc,heap        ] GC(259) ParOldGen: 696611K(699392K)->698173K(699392K)
[120.489s][info][gc,metaspace   ] GC(259) Metaspace: 114918K(129664K)->114918K(129664K) NonClass: 98167K(107328K)->98167K(107328K) Class: 16751K(22336K)->16751K(22336K)
[120.489s][info][gc             ] GC(259) Pause Full (Ergonomics) 794M->770M(910M) 44.189ms
[120.489s][info][gc,cpu         ] GC(259) User=0.66s Sys=0.00s Real=0.03s
[120.491s][info][gc,start       ] GC(260) Pause Full (Ergonomics)
[120.492s][info][gc,phases,start] GC(260) Marking Phase
[120.520s][info][gc,phases      ] GC(260) Marking Phase 28.357ms
[120.520s][info][gc,phases,start] GC(260) Summary Phase
[120.520s][info][gc,phases      ] GC(260) Summary Phase 0.029ms
[120.520s][info][gc,phases,start] GC(260) Adjust Roots
[120.521s][info][gc,phases      ] GC(260) Adjust Roots 1.298ms
[120.521s][info][gc,phases,start] GC(260) Compaction Phase
[120.561s][info][gc,phases      ] GC(260) Compaction Phase 39.856ms
[120.561s][info][gc,phases,start] GC(260) Post Compact
[120.565s][info][gc,phases      ] GC(260) Post Compact 4.028ms
[120.565s][info][gc,heap        ] GC(260) PSYoungGen: 116736K(232960K)->94379K(232960K) Eden: 116736K(116736K)->94379K(116736K) From: 0K(116224K)->0K(116224K)
[120.565s][info][gc,heap        ] GC(260) ParOldGen: 698173K(699392K)->696610K(699392K)
[120.565s][info][gc,metaspace   ] GC(260) Metaspace: 114918K(129664K)->114918K(129664K) NonClass: 98167K(107328K)->98167K(107328K) Class: 16751K(22336K)->16751K(22336K)
[120.565s][info][gc             ] GC(260) Pause Full (Ergonomics) 795M->772M(910M) 73.826ms
[120.565s][info][gc,cpu         ] GC(260) User=1.02s Sys=0.00s Real=0.06s
[120.568s][info][gc,start       ] GC(261) Pause Full (Ergonomics)
[120.568s][info][gc,phases,start] GC(261) Marking Phase
[120.595s][info][gc,phases      ] GC(261) Marking Phase 27.244ms
[120.595s][info][gc,phases,start] GC(261) Summary Phase
[120.595s][info][gc,phases      ] GC(261) Summary Phase 0.027ms
[120.595s][info][gc,phases,start] GC(261) Adjust Roots
[120.596s][info][gc,phases      ] GC(261) Adjust Roots 1.252ms
[120.596s][info][gc,phases,start] GC(261) Compaction Phase
[120.639s][info][gc,phases      ] GC(261) Compaction Phase 42.394ms
[120.639s][info][gc,phases,start] GC(261) Post Compact
[120.643s][info][gc,phases      ] GC(261) Post Compact 4.018ms
[120.643s][info][gc,heap        ] GC(261) PSYoungGen: 116736K(232960K)->94422K(232960K) Eden: 116736K(116736K)->94422K(116736K) From: 0K(116224K)->0K(116224K)
[120.643s][info][gc,heap        ] GC(261) ParOldGen: 696610K(699392K)->696610K(699392K)
[120.643s][info][gc,metaspace   ] GC(261) Metaspace: 114921K(129664K)->114921K(129664K) NonClass: 98169K(107328K)->98169K(107328K) Class: 16751K(22336K)->16751K(22336K)
[120.643s][info][gc             ] GC(261) Pause Full (Ergonomics) 794M->772M(910M) 75.193ms
[120.643s][info][gc,cpu         ] GC(261) User=1.30s Sys=0.00s Real=0.06s
[120.646s][info][gc,start       ] GC(262) Pause Full (Ergonomics)
[120.646s][info][gc,phases,start] GC(262) Marking Phase
[120.673s][info][gc,phases      ] GC(262) Marking Phase 27.273ms
[120.673s][info][gc,phases,start] GC(262) Summary Phase
[120.673s][info][gc,phases      ] GC(262) Summary Phase 0.029ms
[120.673s][info][gc,phases,start] GC(262) Adjust Roots
[120.674s][info][gc,phases      ] GC(262) Adjust Roots 1.236ms
[120.674s][info][gc,phases,start] GC(262) Compaction Phase
[120.715s][info][gc,phases      ] GC(262) Compaction Phase 40.495ms
[120.715s][info][gc,phases,start] GC(262) Post Compact
[120.719s][info][gc,phases      ] GC(262) Post Compact 4.020ms
[120.719s][info][gc,heap        ] GC(262) PSYoungGen: 116736K(232960K)->97469K(232960K) Eden: 116736K(116736K)->97469K(116736K) From: 0K(116224K)->0K(116224K)
[120.719s][info][gc,heap        ] GC(262) ParOldGen: 696610K(699392K)->696608K(699392K)
[120.719s][info][gc,metaspace   ] GC(262) Metaspace: 114921K(129664K)->114921K(129664K) NonClass: 98169K(107328K)->98169K(107328K) Class: 16751K(22336K)->16751K(22336K)
[120.719s][info][gc             ] GC(262) Pause Full (Ergonomics) 794M->775M(910M) 73.305ms
[120.719s][info][gc,cpu         ] GC(262) User=1.31s Sys=0.00s Real=0.06s
[120.721s][info][gc,start       ] GC(263) Pause Full (Ergonomics)
[120.721s][info][gc,phases,start] GC(263) Marking Phase
[120.745s][info][gc,phases      ] GC(263) Marking Phase 24.099ms
[120.745s][info][gc,phases,start] GC(263) Summary Phase
[120.745s][info][gc,phases      ] GC(263) Summary Phase 0.027ms
[120.745s][info][gc,phases,start] GC(263) Adjust Roots
[120.747s][info][gc,phases      ] GC(263) Adjust Roots 1.285ms
[120.747s][info][gc,phases,start] GC(263) Compaction Phase
[120.795s][info][gc,phases      ] GC(263) Compaction Phase 47.717ms
[120.795s][info][gc,phases,start] GC(263) Post Compact
[120.799s][info][gc,phases      ] GC(263) Post Compact 4.156ms
[120.799s][info][gc,heap        ] GC(263) PSYoungGen: 116736K(232960K)->94375K(232960K) Eden: 116736K(116736K)->94375K(116736K) From: 0K(116224K)->0K(116224K)
[120.799s][info][gc,heap        ] GC(263) ParOldGen: 696608K(699392K)->698170K(699392K)
[120.799s][info][gc,metaspace   ] GC(263) Metaspace: 114921K(129664K)->114921K(129664K) NonClass: 98169K(107328K)->98169K(107328K) Class: 16751K(22336K)->16751K(22336K)
[120.799s][info][gc             ] GC(263) Pause Full (Ergonomics) 794M->773M(910M) 77.568ms
[120.799s][info][gc,cpu         ] GC(263) User=1.25s Sys=0.00s Real=0.08s
[120.801s][info][gc,start       ] GC(264) Pause Full (Ergonomics)
[120.801s][info][gc,phases,start] GC(264) Marking Phase
[120.826s][info][gc,phases      ] GC(264) Marking Phase 24.192ms
[120.826s][info][gc,phases,start] GC(264) Summary Phase
[120.826s][info][gc,phases      ] GC(264) Summary Phase 0.025ms
[120.826s][info][gc,phases,start] GC(264) Adjust Roots
[120.827s][info][gc,phases      ] GC(264) Adjust Roots 1.349ms
[120.827s][info][gc,phases,start] GC(264) Compaction Phase
[120.868s][info][gc,phases      ] GC(264) Compaction Phase 40.718ms
[120.868s][info][gc,phases,start] GC(264) Post Compact
[120.872s][info][gc,phases      ] GC(264) Post Compact 4.056ms
[120.872s][info][gc,heap        ] GC(264) PSYoungGen: 116736K(232960K)->94275K(232960K) Eden: 116736K(116736K)->94275K(116736K) From: 0K(116224K)->0K(116224K)
[120.872s][info][gc,heap        ] GC(264) ParOldGen: 698170K(699392K)->698168K(699392K)
[120.872s][info][gc,metaspace   ] GC(264) Metaspace: 114921K(129664K)->114921K(129664K) NonClass: 98169K(107328K)->98169K(107328K) Class: 16751K(22336K)->16751K(22336K)
[120.872s][info][gc             ] GC(264) Pause Full (Ergonomics) 795M->773M(910M) 70.590ms
[120.872s][info][gc,cpu         ] GC(264) User=1.31s Sys=0.00s Real=0.06s
[120.875s][info][gc,start       ] GC(265) Pause Full (Ergonomics)
[120.875s][info][gc,phases,start] GC(265) Marking Phase
[120.899s][info][gc,phases      ] GC(265) Marking Phase 24.236ms
[120.899s][info][gc,phases,start] GC(265) Summary Phase
[120.899s][info][gc,phases      ] GC(265) Summary Phase 0.027ms
[120.899s][info][gc,phases,start] GC(265) Adjust Roots
[120.900s][info][gc,phases      ] GC(265) Adjust Roots 1.311ms
[120.900s][info][gc,phases,start] GC(265) Compaction Phase
[120.940s][info][gc,phases      ] GC(265) Compaction Phase 39.816ms
[120.940s][info][gc,phases,start] GC(265) Post Compact
[120.944s][info][gc,phases      ] GC(265) Post Compact 4.032ms
[120.944s][info][gc,heap        ] GC(265) PSYoungGen: 116736K(232960K)->97451K(232960K) Eden: 116736K(116736K)->97451K(116736K) From: 0K(116224K)->0K(116224K)
[120.944s][info][gc,heap        ] GC(265) ParOldGen: 698168K(699392K)->698168K(699392K)
[120.944s][info][gc,metaspace   ] GC(265) Metaspace: 114922K(129664K)->114922K(129664K) NonClass: 98170K(107328K)->98170K(107328K) Class: 16751K(22336K)->16751K(22336K)
[120.944s][info][gc             ] GC(265) Pause Full (Ergonomics) 795M->776M(910M) 69.648ms
[120.944s][info][gc,cpu         ] GC(265) User=1.31s Sys=0.00s Real=0.06s
[120.947s][info][gc,start       ] GC(266) Pause Full (Ergonomics)
[120.947s][info][gc,phases,start] GC(266) Marking Phase
[120.974s][info][gc,phases      ] GC(266) Marking Phase 27.884ms
[120.975s][info][gc,phases,start] GC(266) Summary Phase
[120.975s][info][gc,phases      ] GC(266) Summary Phase 0.026ms
[120.975s][info][gc,phases,start] GC(266) Adjust Roots
[120.976s][info][gc,phases      ] GC(266) Adjust Roots 1.273ms
[120.976s][info][gc,phases,start] GC(266) Compaction Phase
[121.016s][info][gc,phases      ] GC(266) Compaction Phase 40.336ms
[121.016s][info][gc,phases,start] GC(266) Post Compact
[121.020s][info][gc,phases      ] GC(266) Post Compact 4.027ms
[121.020s][info][gc,heap        ] GC(266) PSYoungGen: 116736K(232960K)->97530K(232960K) Eden: 116736K(116736K)->97530K(116736K) From: 0K(116224K)->0K(116224K)
[121.020s][info][gc,heap        ] GC(266) ParOldGen: 698168K(699392K)->696605K(699392K)
[121.020s][info][gc,metaspace   ] GC(266) Metaspace: 114922K(129664K)->114922K(129664K) NonClass: 98170K(107328K)->98170K(107328K) Class: 16751K(22336K)->16751K(22336K)
[121.020s][info][gc             ] GC(266) Pause Full (Ergonomics) 795M->775M(910M) 73.800ms
[121.020s][info][gc,cpu         ] GC(266) User=1.00s Sys=0.00s Real=0.06s
[121.023s][info][gc,start       ] GC(267) Pause Full (Ergonomics)
[121.023s][info][gc,phases,start] GC(267) Marking Phase
[121.049s][info][gc,phases      ] GC(267) Marking Phase 26.643ms
[121.049s][info][gc,phases,start] GC(267) Summary Phase
[121.049s][info][gc,phases      ] GC(267) Summary Phase 0.025ms
[121.049s][info][gc,phases,start] GC(267) Adjust Roots
[121.051s][info][gc,phases      ] GC(267) Adjust Roots 1.260ms
[121.051s][info][gc,phases,start] GC(267) Compaction Phase
[121.057s][info][gc,phases      ] GC(267) Compaction Phase 6.793ms
[121.057s][info][gc,phases,start] GC(267) Post Compact
[121.061s][info][gc,phases      ] GC(267) Post Compact 3.804ms
[121.061s][info][gc,heap        ] GC(267) PSYoungGen: 116736K(232960K)->97465K(232960K) Eden: 116736K(116736K)->97465K(116736K) From: 0K(116224K)->0K(116224K)
[121.061s][info][gc,heap        ] GC(267) ParOldGen: 696605K(699392K)->696605K(699392K)
[121.061s][info][gc,metaspace   ] GC(267) Metaspace: 114922K(129664K)->114922K(129664K) NonClass: 98170K(107328K)->98170K(107328K) Class: 16751K(22336K)->16751K(22336K)
[121.061s][info][gc             ] GC(267) Pause Full (Ergonomics) 794M->775M(910M) 38.757ms
[121.061s][info][gc,cpu         ] GC(267) User=0.47s Sys=0.00s Real=0.03s
[121.064s][info][gc,start       ] GC(268) Pause Full (Ergonomics)
[121.064s][info][gc,phases,start] GC(268) Marking Phase
[121.094s][info][gc,phases      ] GC(268) Marking Phase 30.549ms
[121.094s][info][gc,phases,start] GC(268) Summary Phase
[121.094s][info][gc,phases      ] GC(268) Summary Phase 0.028ms
[121.094s][info][gc,phases,start] GC(268) Adjust Roots
[121.096s][info][gc,phases      ] GC(268) Adjust Roots 1.348ms
[121.096s][info][gc,phases,start] GC(268) Compaction Phase
[121.135s][info][gc,phases      ] GC(268) Compaction Phase 39.484ms
[121.135s][info][gc,phases,start] GC(268) Post Compact
[121.139s][info][gc,phases      ] GC(268) Post Compact 4.020ms
[121.139s][info][gc,heap        ] GC(268) PSYoungGen: 116736K(232960K)->103725K(232960K) Eden: 116736K(116736K)->103725K(116736K) From: 0K(116224K)->0K(116224K)
[121.139s][info][gc,heap        ] GC(268) ParOldGen: 696605K(699392K)->696604K(699392K)
[121.139s][info][gc,metaspace   ] GC(268) Metaspace: 114922K(129664K)->114922K(129664K) NonClass: 98170K(107328K)->98170K(107328K) Class: 16751K(22336K)->16751K(22336K)
[121.139s][info][gc             ] GC(268) Pause Full (Ergonomics) 794M->781M(910M) 75.662ms
[121.139s][info][gc,cpu         ] GC(268) User=1.00s Sys=0.00s Real=0.06s
[121.141s][info][gc,start       ] GC(269) Pause Full (Ergonomics)
[121.141s][info][gc,phases,start] GC(269) Marking Phase
[121.169s][info][gc,phases      ] GC(269) Marking Phase 27.504ms
[121.169s][info][gc,phases,start] GC(269) Summary Phase
[121.169s][info][gc,phases      ] GC(269) Summary Phase 0.027ms
[121.169s][info][gc,phases,start] GC(269) Adjust Roots
[121.170s][info][gc,phases      ] GC(269) Adjust Roots 1.335ms
[121.170s][info][gc,phases,start] GC(269) Compaction Phase
[121.216s][info][gc,phases      ] GC(269) Compaction Phase 46.136ms
[121.216s][info][gc,phases,start] GC(269) Post Compact
[121.220s][info][gc,phases      ] GC(269) Post Compact 4.102ms
[121.220s][info][gc,heap        ] GC(269) PSYoungGen: 116736K(232960K)->100641K(232960K) Eden: 116736K(116736K)->100641K(116736K) From: 0K(116224K)->0K(116224K)
[121.220s][info][gc,heap        ] GC(269) ParOldGen: 696604K(699392K)->696604K(699392K)
[121.220s][info][gc,metaspace   ] GC(269) Metaspace: 114924K(129664K)->114924K(129664K) NonClass: 98173K(107328K)->98173K(107328K) Class: 16751K(22336K)->16751K(22336K)
[121.220s][info][gc             ] GC(269) Pause Full (Ergonomics) 794M->778M(910M) 79.395ms
[121.220s][info][gc,cpu         ] GC(269) User=1.33s Sys=0.00s Real=0.08s
[121.223s][info][gc,start       ] GC(270) Pause Full (Ergonomics)
[121.223s][info][gc,phases,start] GC(270) Marking Phase
[121.251s][info][gc,phases      ] GC(270) Marking Phase 28.760ms
[121.251s][info][gc,phases,start] GC(270) Summary Phase
[121.251s][info][gc,phases      ] GC(270) Summary Phase 0.027ms
[121.251s][info][gc,phases,start] GC(270) Adjust Roots
[121.253s][info][gc,phases      ] GC(270) Adjust Roots 1.406ms
[121.253s][info][gc,phases,start] GC(270) Compaction Phase
[121.293s][info][gc,phases      ] GC(270) Compaction Phase 39.801ms
[121.293s][info][gc,phases,start] GC(270) Post Compact
[121.297s][info][gc,phases      ] GC(270) Post Compact 4.014ms
[121.297s][info][gc,heap        ] GC(270) PSYoungGen: 116736K(232960K)->100591K(232960K) Eden: 116736K(116736K)->100591K(116736K) From: 0K(116224K)->0K(116224K)
[121.297s][info][gc,heap        ] GC(270) ParOldGen: 696604K(699392K)->696603K(699392K)
[121.297s][info][gc,metaspace   ] GC(270) Metaspace: 114924K(129664K)->114924K(129664K) NonClass: 98173K(107328K)->98173K(107328K) Class: 16751K(22336K)->16751K(22336K)
[121.297s][info][gc             ] GC(270) Pause Full (Ergonomics) 794M->778M(910M) 74.254ms
[121.297s][info][gc,cpu         ] GC(270) User=1.02s Sys=0.00s Real=0.06s
[121.299s][info][gc,start       ] GC(271) Pause Full (Ergonomics)
[121.299s][info][gc,phases,start] GC(271) Marking Phase
[121.326s][info][gc,phases      ] GC(271) Marking Phase 26.441ms
[121.326s][info][gc,phases,start] GC(271) Summary Phase
[121.326s][info][gc,phases      ] GC(271) Summary Phase 0.027ms
[121.326s][info][gc,phases,start] GC(271) Adjust Roots
[121.327s][info][gc,phases      ] GC(271) Adjust Roots 1.341ms
[121.327s][info][gc,phases,start] GC(271) Compaction Phase
[121.369s][info][gc,phases      ] GC(271) Compaction Phase 41.538ms
[121.369s][info][gc,phases,start] GC(271) Post Compact
[121.373s][info][gc,phases      ] GC(271) Post Compact 4.013ms
[121.373s][info][gc,heap        ] GC(271) PSYoungGen: 116735K(232960K)->100596K(232960K) Eden: 116735K(116736K)->100596K(116736K) From: 0K(116224K)->0K(116224K)
[121.373s][info][gc,heap        ] GC(271) ParOldGen: 696603K(699392K)->696601K(699392K)
[121.373s][info][gc,metaspace   ] GC(271) Metaspace: 114929K(129664K)->114929K(129664K) NonClass: 98177K(107328K)->98177K(107328K) Class: 16751K(22336K)->16751K(22336K)
[121.373s][info][gc             ] GC(271) Pause Full (Ergonomics) 794M->778M(910M) 73.648ms
[121.373s][info][gc,cpu         ] GC(271) User=1.31s Sys=0.00s Real=0.06s
[121.375s][info][gc,start       ] GC(272) Pause Full (Ergonomics)
[121.375s][info][gc,phases,start] GC(272) Marking Phase
[121.403s][info][gc,phases      ] GC(272) Marking Phase 28.220ms
[121.403s][info][gc,phases,start] GC(272) Summary Phase
[121.403s][info][gc,phases      ] GC(272) Summary Phase 0.027ms
[121.403s][info][gc,phases,start] GC(272) Adjust Roots
[121.405s][info][gc,phases      ] GC(272) Adjust Roots 1.282ms
[121.405s][info][gc,phases,start] GC(272) Compaction Phase
[121.444s][info][gc,phases      ] GC(272) Compaction Phase 39.329ms
[121.444s][info][gc,phases,start] GC(272) Post Compact
[121.448s][info][gc,phases      ] GC(272) Post Compact 4.020ms
[121.448s][info][gc,heap        ] GC(272) PSYoungGen: 116736K(232960K)->100585K(232960K) Eden: 116736K(116736K)->100585K(116736K) From: 0K(116224K)->0K(116224K)
[121.448s][info][gc,heap        ] GC(272) ParOldGen: 696601K(699392K)->696599K(699392K)
[121.448s][info][gc,metaspace   ] GC(272) Metaspace: 114929K(129664K)->114929K(129664K) NonClass: 98177K(107328K)->98177K(107328K) Class: 16751K(22336K)->16751K(22336K)
[121.448s][info][gc             ] GC(272) Pause Full (Ergonomics) 794M->778M(910M) 73.143ms
[121.448s][info][gc,cpu         ] GC(272) User=1.00s Sys=0.00s Real=0.06s
[121.450s][info][gc,start       ] GC(273) Pause Full (Ergonomics)
[121.450s][info][gc,phases,start] GC(273) Marking Phase
[121.478s][info][gc,phases      ] GC(273) Marking Phase 27.453ms
[121.478s][info][gc,phases,start] GC(273) Summary Phase
[121.478s][info][gc,phases      ] GC(273) Summary Phase 0.032ms
[121.478s][info][gc,phases,start] GC(273) Adjust Roots
[121.479s][info][gc,phases      ] GC(273) Adjust Roots 1.420ms
[121.479s][info][gc,phases,start] GC(273) Compaction Phase
[121.519s][info][gc,phases      ] GC(273) Compaction Phase 39.501ms
[121.519s][info][gc,phases,start] GC(273) Post Compact
[121.523s][info][gc,phases      ] GC(273) Post Compact 4.019ms
[121.523s][info][gc,heap        ] GC(273) PSYoungGen: 116736K(232960K)->100570K(232960K) Eden: 116736K(116736K)->100570K(116736K) From: 0K(116224K)->0K(116224K)
[121.523s][info][gc,heap        ] GC(273) ParOldGen: 696599K(699392K)->696598K(699392K)
[121.523s][info][gc,metaspace   ] GC(273) Metaspace: 114929K(129664K)->114929K(129664K) NonClass: 98177K(107328K)->98177K(107328K) Class: 16751K(22336K)->16751K(22336K)
[121.523s][info][gc             ] GC(273) Pause Full (Ergonomics) 794M->778M(910M) 72.697ms
[121.523s][info][gc,cpu         ] GC(273) User=1.00s Sys=0.00s Real=0.06s
[121.525s][info][gc,start       ] GC(274) Pause Full (Ergonomics)
[121.525s][info][gc,phases,start] GC(274) Marking Phase
[121.555s][info][gc,phases      ] GC(274) Marking Phase 29.468ms
[121.555s][info][gc,phases,start] GC(274) Summary Phase
[121.555s][info][gc,phases      ] GC(274) Summary Phase 0.027ms
[121.555s][info][gc,phases,start] GC(274) Adjust Roots
[121.556s][info][gc,phases      ] GC(274) Adjust Roots 1.275ms
[121.556s][info][gc,phases,start] GC(274) Compaction Phase
[121.595s][info][gc,phases      ] GC(274) Compaction Phase 39.178ms
[121.595s][info][gc,phases,start] GC(274) Post Compact
[121.599s][info][gc,phases      ] GC(274) Post Compact 4.022ms
[121.599s][info][gc,heap        ] GC(274) PSYoungGen: 116736K(232960K)->100549K(232960K) Eden: 116736K(116736K)->100549K(116736K) From: 0K(116224K)->0K(116224K)
[121.600s][info][gc,heap        ] GC(274) ParOldGen: 696598K(699392K)->696598K(699392K)
[121.600s][info][gc,metaspace   ] GC(274) Metaspace: 114929K(129664K)->114929K(129664K) NonClass: 98177K(107328K)->98177K(107328K) Class: 16751K(22336K)->16751K(22336K)
[121.600s][info][gc             ] GC(274) Pause Full (Ergonomics) 794M->778M(910M) 74.211ms
[121.600s][info][gc,cpu         ] GC(274) User=1.00s Sys=0.00s Real=0.06s
[121.602s][info][gc,start       ] GC(275) Pause Full (Ergonomics)
[121.602s][info][gc,phases,start] GC(275) Marking Phase
[121.629s][info][gc,phases      ] GC(275) Marking Phase 26.872ms
[121.629s][info][gc,phases,start] GC(275) Summary Phase
[121.629s][info][gc,phases      ] GC(275) Summary Phase 0.029ms
[121.629s][info][gc,phases,start] GC(275) Adjust Roots
[121.630s][info][gc,phases      ] GC(275) Adjust Roots 1.382ms
[121.630s][info][gc,phases,start] GC(275) Compaction Phase
[121.669s][info][gc,phases      ] GC(275) Compaction Phase 39.099ms
[121.669s][info][gc,phases,start] GC(275) Post Compact
[121.673s][info][gc,phases      ] GC(275) Post Compact 4.022ms
[121.673s][info][gc,heap        ] GC(275) PSYoungGen: 116736K(232960K)->100605K(232960K) Eden: 116736K(116736K)->100605K(116736K) From: 0K(116224K)->0K(116224K)
[121.673s][info][gc,heap        ] GC(275) ParOldGen: 696598K(699392K)->696596K(699392K)
[121.673s][info][gc,metaspace   ] GC(275) Metaspace: 114929K(129664K)->114929K(129664K) NonClass: 98177K(107328K)->98177K(107328K) Class: 16751K(22336K)->16751K(22336K)
[121.673s][info][gc             ] GC(275) Pause Full (Ergonomics) 794M->778M(910M) 71.659ms
[121.673s][info][gc,cpu         ] GC(275) User=1.31s Sys=0.00s Real=0.06s
[121.676s][info][gc,start       ] GC(276) Pause Full (Ergonomics)
[121.676s][info][gc,phases,start] GC(276) Marking Phase
[121.704s][info][gc,phases      ] GC(276) Marking Phase 27.996ms
[121.704s][info][gc,phases,start] GC(276) Summary Phase
[121.704s][info][gc,phases      ] GC(276) Summary Phase 0.026ms
[121.704s][info][gc,phases,start] GC(276) Adjust Roots
[121.705s][info][gc,phases      ] GC(276) Adjust Roots 1.323ms
[121.705s][info][gc,phases,start] GC(276) Compaction Phase
[121.745s][info][gc,phases      ] GC(276) Compaction Phase 39.796ms
[121.745s][info][gc,phases,start] GC(276) Post Compact
[121.749s][info][gc,phases      ] GC(276) Post Compact 4.023ms
[121.749s][info][gc,heap        ] GC(276) PSYoungGen: 116736K(232960K)->103749K(232960K) Eden: 116736K(116736K)->103749K(116736K) From: 0K(116224K)->0K(116224K)
[121.749s][info][gc,heap        ] GC(276) ParOldGen: 696596K(699392K)->696595K(699392K)
[121.749s][info][gc,metaspace   ] GC(276) Metaspace: 114929K(129664K)->114929K(129664K) NonClass: 98177K(107328K)->98177K(107328K) Class: 16751K(22336K)->16751K(22336K)
[121.749s][info][gc             ] GC(276) Pause Full (Ergonomics) 794M->781M(910M) 73.398ms
[121.749s][info][gc,cpu         ] GC(276) User=1.00s Sys=0.00s Real=0.06s
[121.751s][info][gc,start       ] GC(277) Pause Full (Ergonomics)
[121.752s][info][gc,phases,start] GC(277) Marking Phase
[121.781s][info][gc,phases      ] GC(277) Marking Phase 29.079ms
[121.781s][info][gc,phases,start] GC(277) Summary Phase
[121.781s][info][gc,phases      ] GC(277) Summary Phase 0.029ms
[121.781s][info][gc,phases,start] GC(277) Adjust Roots
[121.782s][info][gc,phases      ] GC(277) Adjust Roots 1.334ms
[121.782s][info][gc,phases,start] GC(277) Compaction Phase
[121.827s][info][gc,phases      ] GC(277) Compaction Phase 45.338ms
[121.827s][info][gc,phases,start] GC(277) Post Compact
[121.832s][info][gc,phases      ] GC(277) Post Compact 4.196ms
[121.832s][info][gc,heap        ] GC(277) PSYoungGen: 116736K(232960K)->100693K(232960K) Eden: 116736K(116736K)->100693K(116736K) From: 0K(116224K)->0K(116224K)
[121.832s][info][gc,heap        ] GC(277) ParOldGen: 696595K(699392K)->698158K(699392K)
[121.832s][info][gc,metaspace   ] GC(277) Metaspace: 114929K(129664K)->114929K(129664K) NonClass: 98177K(107328K)->98177K(107328K) Class: 16751K(22336K)->16751K(22336K)
[121.832s][info][gc             ] GC(277) Pause Full (Ergonomics) 794M->780M(910M) 80.301ms
[121.832s][info][gc,cpu         ] GC(277) User=1.33s Sys=0.00s Real=0.08s
[121.834s][info][gc,start       ] GC(278) Pause Full (Ergonomics)
[121.834s][info][gc,phases,start] GC(278) Marking Phase
[121.864s][info][gc,phases      ] GC(278) Marking Phase 30.036ms
[121.864s][info][gc,phases,start] GC(278) Summary Phase
[121.865s][info][gc,phases      ] GC(278) Summary Phase 0.028ms
[121.865s][info][gc,phases,start] GC(278) Adjust Roots
[121.866s][info][gc,phases      ] GC(278) Adjust Roots 1.295ms
[121.866s][info][gc,phases,start] GC(278) Compaction Phase
[121.906s][info][gc,phases      ] GC(278) Compaction Phase 40.480ms
[121.906s][info][gc,phases,start] GC(278) Post Compact
[121.910s][info][gc,phases      ] GC(278) Post Compact 4.034ms
[121.910s][info][gc,heap        ] GC(278) PSYoungGen: 116736K(232960K)->100716K(232960K) Eden: 116736K(116736K)->100716K(116736K) From: 0K(116224K)->0K(116224K)
[121.910s][info][gc,heap        ] GC(278) ParOldGen: 698158K(699392K)->698158K(699392K)
[121.910s][info][gc,metaspace   ] GC(278) Metaspace: 114931K(129664K)->114931K(129664K) NonClass: 98178K(107328K)->98178K(107328K) Class: 16752K(22336K)->16752K(22336K)
[121.911s][info][gc             ] GC(278) Pause Full (Ergonomics) 795M->780M(910M) 76.154ms
[121.911s][info][gc,cpu         ] GC(278) User=1.44s Sys=0.00s Real=0.08s
[121.913s][info][gc,start       ] GC(279) Pause Full (Ergonomics)
[121.913s][info][gc,phases,start] GC(279) Marking Phase
[121.940s][info][gc,phases      ] GC(279) Marking Phase 27.144ms
[121.940s][info][gc,phases,start] GC(279) Summary Phase
[121.940s][info][gc,phases      ] GC(279) Summary Phase 0.029ms
[121.940s][info][gc,phases,start] GC(279) Adjust Roots
[121.941s][info][gc,phases      ] GC(279) Adjust Roots 1.321ms
[121.941s][info][gc,phases,start] GC(279) Compaction Phase
[121.981s][info][gc,phases      ] GC(279) Compaction Phase 39.929ms
[121.981s][info][gc,phases,start] GC(279) Post Compact
[121.987s][info][gc,phases      ] GC(279) Post Compact 5.387ms
[121.987s][info][gc,heap        ] GC(279) PSYoungGen: 116736K(232960K)->100671K(232960K) Eden: 116736K(116736K)->100671K(116736K) From: 0K(116224K)->0K(116224K)
[121.987s][info][gc,heap        ] GC(279) ParOldGen: 698158K(699392K)->698155K(699392K)
[121.987s][info][gc,metaspace   ] GC(279) Metaspace: 114931K(129664K)->114931K(129664K) NonClass: 98179K(107328K)->98179K(107328K) Class: 16752K(22336K)->16752K(22336K)
[121.987s][info][gc             ] GC(279) Pause Full (Ergonomics) 795M->780M(910M) 74.204ms
[121.987s][info][gc,cpu         ] GC(279) User=1.30s Sys=0.02s Real=0.06s
[121.990s][info][gc,start       ] GC(280) Pause Full (Ergonomics)
[121.990s][info][gc,phases,start] GC(280) Marking Phase
[122.018s][info][gc,phases      ] GC(280) Marking Phase 28.382ms
[122.018s][info][gc,phases,start] GC(280) Summary Phase
[122.018s][info][gc,phases      ] GC(280) Summary Phase 0.028ms
[122.018s][info][gc,phases,start] GC(280) Adjust Roots
[122.020s][info][gc,phases      ] GC(280) Adjust Roots 1.386ms
[122.020s][info][gc,phases,start] GC(280) Compaction Phase
[122.060s][info][gc,phases      ] GC(280) Compaction Phase 40.019ms
[122.060s][info][gc,phases,start] GC(280) Post Compact
[122.065s][info][gc,phases      ] GC(280) Post Compact 5.177ms
[122.065s][info][gc,heap        ] GC(280) PSYoungGen: 116736K(232960K)->100631K(232960K) Eden: 116736K(116736K)->100631K(116736K) From: 0K(116224K)->0K(116224K)
[122.065s][info][gc,heap        ] GC(280) ParOldGen: 698155K(699392K)->698153K(699392K)
[122.065s][info][gc,metaspace   ] GC(280) Metaspace: 114931K(129664K)->114931K(129664K) NonClass: 98179K(107328K)->98179K(107328K) Class: 16752K(22336K)->16752K(22336K)
[122.065s][info][gc             ] GC(280) Pause Full (Ergonomics) 795M->780M(910M) 75.405ms
[122.065s][info][gc,cpu         ] GC(280) User=1.31s Sys=0.00s Real=0.06s
[122.068s][info][gc,start       ] GC(281) Pause Full (Ergonomics)
[122.068s][info][gc,phases,start] GC(281) Marking Phase
[122.097s][info][gc,phases      ] GC(281) Marking Phase 28.961ms
[122.097s][info][gc,phases,start] GC(281) Summary Phase
[122.097s][info][gc,phases      ] GC(281) Summary Phase 0.029ms
[122.097s][info][gc,phases,start] GC(281) Adjust Roots
[122.099s][info][gc,phases      ] GC(281) Adjust Roots 1.385ms
[122.099s][info][gc,phases,start] GC(281) Compaction Phase
[122.138s][info][gc,phases      ] GC(281) Compaction Phase 39.676ms
[122.138s][info][gc,phases,start] GC(281) Post Compact
[122.142s][info][gc,phases      ] GC(281) Post Compact 4.033ms
[122.142s][info][gc,heap        ] GC(281) PSYoungGen: 116735K(232960K)->100637K(232960K) Eden: 116735K(116736K)->100637K(116736K) From: 0K(116224K)->0K(116224K)
[122.142s][info][gc,heap        ] GC(281) ParOldGen: 698153K(699392K)->698151K(699392K)
[122.142s][info][gc,metaspace   ] GC(281) Metaspace: 114934K(129664K)->114934K(129664K) NonClass: 98182K(107328K)->98182K(107328K) Class: 16752K(22336K)->16752K(22336K)
[122.142s][info][gc             ] GC(281) Pause Full (Ergonomics) 795M->780M(910M) 74.395ms
[122.143s][info][gc,cpu         ] GC(281) User=1.02s Sys=0.00s Real=0.06s
[122.145s][info][gc,start       ] GC(282) Pause Full (Ergonomics)
[122.145s][info][gc,phases,start] GC(282) Marking Phase
[122.173s][info][gc,phases      ] GC(282) Marking Phase 27.906ms
[122.173s][info][gc,phases,start] GC(282) Summary Phase
[122.173s][info][gc,phases      ] GC(282) Summary Phase 0.029ms
[122.173s][info][gc,phases,start] GC(282) Adjust Roots
[122.174s][info][gc,phases      ] GC(282) Adjust Roots 1.516ms
[122.174s][info][gc,phases,start] GC(282) Compaction Phase
[122.214s][info][gc,phases      ] GC(282) Compaction Phase 39.598ms
[122.214s][info][gc,phases,start] GC(282) Post Compact
[122.218s][info][gc,phases      ] GC(282) Post Compact 4.036ms
[122.218s][info][gc,heap        ] GC(282) PSYoungGen: 116736K(232960K)->100678K(232960K) Eden: 116736K(116736K)->100678K(116736K) From: 0K(116224K)->0K(116224K)
[122.218s][info][gc,heap        ] GC(282) ParOldGen: 698151K(699392K)->698149K(699392K)
[122.218s][info][gc,metaspace   ] GC(282) Metaspace: 114934K(129664K)->114934K(129664K) NonClass: 98182K(107328K)->98182K(107328K) Class: 16752K(22336K)->16752K(22336K)
[122.218s][info][gc             ] GC(282) Pause Full (Ergonomics) 795M->780M(910M) 73.346ms
[122.218s][info][gc,cpu         ] GC(282) User=1.00s Sys=0.00s Real=0.06s
[122.221s][info][gc,start       ] GC(283) Pause Full (Ergonomics)
[122.221s][info][gc,phases,start] GC(283) Marking Phase
[122.246s][info][gc,phases      ] GC(283) Marking Phase 25.006ms
[122.246s][info][gc,phases,start] GC(283) Summary Phase
[122.246s][info][gc,phases      ] GC(283) Summary Phase 0.027ms
[122.246s][info][gc,phases,start] GC(283) Adjust Roots
[122.247s][info][gc,phases      ] GC(283) Adjust Roots 1.324ms
[122.247s][info][gc,phases,start] GC(283) Compaction Phase
[122.287s][info][gc,phases      ] GC(283) Compaction Phase 39.590ms
[122.287s][info][gc,phases,start] GC(283) Post Compact
[122.292s][info][gc,phases      ] GC(283) Post Compact 5.052ms
[122.292s][info][gc,heap        ] GC(283) PSYoungGen: 116736K(232960K)->100593K(232960K) Eden: 116736K(116736K)->100593K(116736K) From: 0K(116224K)->0K(116224K)
[122.292s][info][gc,heap        ] GC(283) ParOldGen: 698149K(699392K)->698148K(699392K)
[122.292s][info][gc,metaspace   ] GC(283) Metaspace: 114934K(129664K)->114934K(129664K) NonClass: 98182K(107328K)->98182K(107328K) Class: 16752K(22336K)->16752K(22336K)
[122.292s][info][gc             ] GC(283) Pause Full (Ergonomics) 795M->780M(910M) 71.356ms
[122.292s][info][gc,cpu         ] GC(283) User=1.31s Sys=0.00s Real=0.06s
[122.295s][info][gc,start       ] GC(284) Pause Full (Ergonomics)
[122.295s][info][gc,phases,start] GC(284) Marking Phase
[122.322s][info][gc,phases      ] GC(284) Marking Phase 27.386ms
[122.322s][info][gc,phases,start] GC(284) Summary Phase
[122.322s][info][gc,phases      ] GC(284) Summary Phase 0.026ms
[122.322s][info][gc,phases,start] GC(284) Adjust Roots
[122.324s][info][gc,phases      ] GC(284) Adjust Roots 1.314ms
[122.324s][info][gc,phases,start] GC(284) Compaction Phase
[122.330s][info][gc,phases      ] GC(284) Compaction Phase 6.649ms
[122.330s][info][gc,phases,start] GC(284) Post Compact
[122.334s][info][gc,phases      ] GC(284) Post Compact 3.761ms
[122.334s][info][gc,heap        ] GC(284) PSYoungGen: 116736K(232960K)->100658K(232960K) Eden: 116736K(116736K)->100658K(116736K) From: 0K(116224K)->0K(116224K)
[122.334s][info][gc,heap        ] GC(284) ParOldGen: 698148K(699392K)->698148K(699392K)
[122.334s][info][gc,metaspace   ] GC(284) Metaspace: 114937K(129664K)->114937K(129664K) NonClass: 98184K(107328K)->98184K(107328K) Class: 16753K(22336K)->16753K(22336K)
[122.334s][info][gc             ] GC(284) Pause Full (Ergonomics) 795M->780M(910M) 39.397ms
[122.334s][info][gc,cpu         ] GC(284) User=0.34s Sys=0.00s Real=0.03s
[122.337s][info][gc,start       ] GC(285) Pause Full (Ergonomics)
[122.337s][info][gc,phases,start] GC(285) Marking Phase
[122.365s][info][gc,phases      ] GC(285) Marking Phase 28.056ms
[122.365s][info][gc,phases,start] GC(285) Summary Phase
[122.365s][info][gc,phases      ] GC(285) Summary Phase 0.026ms
[122.365s][info][gc,phases,start] GC(285) Adjust Roots
[122.366s][info][gc,phases      ] GC(285) Adjust Roots 1.338ms
[122.366s][info][gc,phases,start] GC(285) Compaction Phase
[122.373s][info][gc,phases      ] GC(285) Compaction Phase 6.873ms
[122.373s][info][gc,phases,start] GC(285) Post Compact
[122.377s][info][gc,phases      ] GC(285) Post Compact 3.861ms
[122.377s][info][gc,heap        ] GC(285) PSYoungGen: 116736K(232960K)->100686K(232960K) Eden: 116736K(116736K)->100686K(116736K) From: 0K(116224K)->0K(116224K)
[122.377s][info][gc,heap        ] GC(285) ParOldGen: 698148K(699392K)->698148K(699392K)
[122.377s][info][gc,metaspace   ] GC(285) Metaspace: 114939K(129664K)->114939K(129664K) NonClass: 98185K(107328K)->98185K(107328K) Class: 16753K(22336K)->16753K(22336K)
[122.377s][info][gc             ] GC(285) Pause Full (Ergonomics) 795M->780M(910M) 40.399ms
[122.377s][info][gc,cpu         ] GC(285) User=0.73s Sys=0.00s Real=0.05s
[122.379s][info][gc,start       ] GC(286) Pause Full (Ergonomics)
[122.379s][info][gc,phases,start] GC(286) Marking Phase
[122.405s][info][gc,phases      ] GC(286) Marking Phase 25.376ms
[122.405s][info][gc,phases,start] GC(286) Summary Phase
[122.405s][info][gc,phases      ] GC(286) Summary Phase 0.027ms
[122.405s][info][gc,phases,start] GC(286) Adjust Roots
[122.406s][info][gc,phases      ] GC(286) Adjust Roots 1.380ms
[122.406s][info][gc,phases,start] GC(286) Compaction Phase
[122.415s][info][gc,phases      ] GC(286) Compaction Phase 8.369ms
[122.415s][info][gc,phases,start] GC(286) Post Compact
[122.419s][info][gc,phases      ] GC(286) Post Compact 4.038ms
[122.419s][info][gc,heap        ] GC(286) PSYoungGen: 116735K(232960K)->100676K(232960K) Eden: 116735K(116736K)->100676K(116736K) From: 0K(116224K)->0K(116224K)
[122.419s][info][gc,heap        ] GC(286) ParOldGen: 698148K(699392K)->698148K(699392K)
[122.419s][info][gc,metaspace   ] GC(286) Metaspace: 114941K(129664K)->114941K(129664K) NonClass: 98187K(107328K)->98187K(107328K) Class: 16754K(22336K)->16754K(22336K)
[122.419s][info][gc             ] GC(286) Pause Full (Ergonomics) 795M->780M(910M) 39.438ms
[122.419s][info][gc,cpu         ] GC(286) User=0.41s Sys=0.00s Real=0.03s
[122.421s][info][gc,start       ] GC(287) Pause Full (Ergonomics)
[122.421s][info][gc,phases,start] GC(287) Marking Phase
[122.451s][info][gc,phases      ] GC(287) Marking Phase 29.722ms
[122.451s][info][gc,phases,start] GC(287) Summary Phase
[122.451s][info][gc,phases      ] GC(287) Summary Phase 0.027ms
[122.451s][info][gc,phases,start] GC(287) Adjust Roots
[122.453s][info][gc,phases      ] GC(287) Adjust Roots 1.324ms
[122.453s][info][gc,phases,start] GC(287) Compaction Phase
[122.492s][info][gc,phases      ] GC(287) Compaction Phase 39.883ms
[122.492s][info][gc,phases,start] GC(287) Post Compact
[122.496s][info][gc,phases      ] GC(287) Post Compact 4.005ms
[122.497s][info][gc,heap        ] GC(287) PSYoungGen: 116736K(232960K)->100684K(232960K) Eden: 116736K(116736K)->100684K(116736K) From: 0K(116224K)->0K(116224K)
[122.497s][info][gc,heap        ] GC(287) ParOldGen: 698148K(699392K)->698148K(699392K)
[122.497s][info][gc,metaspace   ] GC(287) Metaspace: 114943K(129664K)->114943K(129664K) NonClass: 98188K(107328K)->98188K(107328K) Class: 16754K(22336K)->16754K(22336K)
[122.497s][info][gc             ] GC(287) Pause Full (Ergonomics) 795M->780M(910M) 75.199ms
[122.497s][info][gc,cpu         ] GC(287) User=1.59s Sys=0.02s Real=0.08s
[122.499s][info][gc,start       ] GC(288) Pause Full (Ergonomics)
[122.499s][info][gc,phases,start] GC(288) Marking Phase
[122.530s][info][gc,phases      ] GC(288) Marking Phase 30.604ms
[122.530s][info][gc,phases,start] GC(288) Summary Phase
[122.530s][info][gc,phases      ] GC(288) Summary Phase 0.028ms
[122.530s][info][gc,phases,start] GC(288) Adjust Roots
[122.531s][info][gc,phases      ] GC(288) Adjust Roots 1.324ms
[122.531s][info][gc,phases,start] GC(288) Compaction Phase
[122.538s][info][gc,phases      ] GC(288) Compaction Phase 6.801ms
[122.538s][info][gc,phases,start] GC(288) Post Compact
[122.542s][info][gc,phases      ] GC(288) Post Compact 3.727ms
[122.542s][info][gc,heap        ] GC(288) PSYoungGen: 116736K(232960K)->100648K(232960K) Eden: 116736K(116736K)->100648K(116736K) From: 0K(116224K)->0K(116224K)
[122.542s][info][gc,heap        ] GC(288) ParOldGen: 698148K(699392K)->698148K(699392K)
[122.542s][info][gc,metaspace   ] GC(288) Metaspace: 114945K(129664K)->114945K(129664K) NonClass: 98190K(107328K)->98190K(107328K) Class: 16755K(22336K)->16755K(22336K)
[122.542s][info][gc             ] GC(288) Pause Full (Ergonomics) 795M->780M(910M) 42.744ms
[122.542s][info][gc,cpu         ] GC(288) User=0.34s Sys=0.00s Real=0.03s
[122.544s][info][gc,start       ] GC(289) Pause Full (Ergonomics)
[122.544s][info][gc,phases,start] GC(289) Marking Phase
[122.573s][info][gc,phases      ] GC(289) Marking Phase 28.314ms
[122.573s][info][gc,phases,start] GC(289) Summary Phase
[122.573s][info][gc,phases      ] GC(289) Summary Phase 0.028ms
[122.573s][info][gc,phases,start] GC(289) Adjust Roots
[122.574s][info][gc,phases      ] GC(289) Adjust Roots 1.360ms
[122.574s][info][gc,phases,start] GC(289) Compaction Phase
[122.581s][info][gc,phases      ] GC(289) Compaction Phase 6.686ms
[122.581s][info][gc,phases,start] GC(289) Post Compact
[122.585s][info][gc,phases      ] GC(289) Post Compact 3.776ms
[122.585s][info][gc,heap        ] GC(289) PSYoungGen: 116736K(232960K)->100606K(232960K) Eden: 116736K(116736K)->100606K(116736K) From: 0K(116224K)->0K(116224K)
[122.585s][info][gc,heap        ] GC(289) ParOldGen: 698148K(699392K)->698148K(699392K)
[122.585s][info][gc,metaspace   ] GC(289) Metaspace: 114947K(129664K)->114947K(129664K) NonClass: 98191K(107328K)->98191K(107328K) Class: 16755K(22336K)->16755K(22336K)
[122.585s][info][gc             ] GC(289) Pause Full (Ergonomics) 795M->780M(910M) 40.391ms
[122.585s][info][gc,cpu         ] GC(289) User=0.36s Sys=0.00s Real=0.03s
[122.587s][info][gc,start       ] GC(290) Pause Full (Ergonomics)
[122.587s][info][gc,phases,start] GC(290) Marking Phase
[122.617s][info][gc,phases      ] GC(290) Marking Phase 29.391ms
[122.617s][info][gc,phases,start] GC(290) Summary Phase
[122.617s][info][gc,phases      ] GC(290) Summary Phase 0.026ms
[122.617s][info][gc,phases,start] GC(290) Adjust Roots
[122.618s][info][gc,phases      ] GC(290) Adjust Roots 1.318ms
[122.618s][info][gc,phases,start] GC(290) Compaction Phase
[122.625s][info][gc,phases      ] GC(290) Compaction Phase 6.714ms
[122.625s][info][gc,phases,start] GC(290) Post Compact
[122.629s][info][gc,phases      ] GC(290) Post Compact 3.798ms
[122.629s][info][gc,heap        ] GC(290) PSYoungGen: 116736K(232960K)->100660K(232960K) Eden: 116736K(116736K)->100660K(116736K) From: 0K(116224K)->0K(116224K)
[122.629s][info][gc,heap        ] GC(290) ParOldGen: 698148K(699392K)->698148K(699392K)
[122.629s][info][gc,metaspace   ] GC(290) Metaspace: 114950K(129664K)->114950K(129664K) NonClass: 98193K(107328K)->98193K(107328K) Class: 16756K(22336K)->16756K(22336K)
[122.629s][info][gc             ] GC(290) Pause Full (Ergonomics) 795M->780M(910M) 41.469ms
[122.629s][info][gc,cpu         ] GC(290) User=0.34s Sys=0.00s Real=0.03s
[122.631s][info][gc,start       ] GC(291) Pause Full (Ergonomics)
[122.631s][info][gc,phases,start] GC(291) Marking Phase
[122.661s][info][gc,phases      ] GC(291) Marking Phase 29.415ms
[122.661s][info][gc,phases,start] GC(291) Summary Phase
[122.661s][info][gc,phases      ] GC(291) Summary Phase 0.026ms
[122.661s][info][gc,phases,start] GC(291) Adjust Roots
[122.662s][info][gc,phases      ] GC(291) Adjust Roots 1.313ms
[122.662s][info][gc,phases,start] GC(291) Compaction Phase
[122.671s][info][gc,phases      ] GC(291) Compaction Phase 8.462ms
[122.671s][info][gc,phases,start] GC(291) Post Compact
[122.674s][info][gc,phases      ] GC(291) Post Compact 3.858ms
[122.675s][info][gc,heap        ] GC(291) PSYoungGen: 116736K(232960K)->100679K(232960K) Eden: 116736K(116736K)->100679K(116736K) From: 0K(116224K)->0K(116224K)
[122.675s][info][gc,heap        ] GC(291) ParOldGen: 698148K(699392K)->698148K(699392K)
[122.675s][info][gc,metaspace   ] GC(291) Metaspace: 114950K(129664K)->114950K(129664K) NonClass: 98194K(107328K)->98194K(107328K) Class: 16756K(22336K)->16756K(22336K)
[122.675s][info][gc             ] GC(291) Pause Full (Ergonomics) 795M->780M(910M) 43.320ms
[122.675s][info][gc,cpu         ] GC(291) User=0.34s Sys=0.00s Real=0.03s
[122.677s][info][gc,start       ] GC(292) Pause Full (Ergonomics)
[122.677s][info][gc,phases,start] GC(292) Marking Phase
[122.705s][info][gc,phases      ] GC(292) Marking Phase 27.753ms
[122.705s][info][gc,phases,start] GC(292) Summary Phase
[122.705s][info][gc,phases      ] GC(292) Summary Phase 0.029ms
[122.705s][info][gc,phases,start] GC(292) Adjust Roots
[122.706s][info][gc,phases      ] GC(292) Adjust Roots 1.370ms
[122.707s][info][gc,phases,start] GC(292) Compaction Phase
[122.717s][info][gc,phases      ] GC(292) Compaction Phase 10.707ms
[122.717s][info][gc,phases,start] GC(292) Post Compact
[122.721s][info][gc,phases      ] GC(292) Post Compact 4.070ms
[122.721s][info][gc,heap        ] GC(292) PSYoungGen: 116736K(232960K)->100685K(232960K) Eden: 116736K(116736K)->100685K(116736K) From: 0K(116224K)->0K(116224K)
[122.721s][info][gc,heap        ] GC(292) ParOldGen: 698148K(699392K)->698148K(699392K)
[122.721s][info][gc,metaspace   ] GC(292) Metaspace: 114952K(129664K)->114952K(129664K) NonClass: 98195K(107328K)->98195K(107328K) Class: 16756K(22336K)->16756K(22336K)
[122.721s][info][gc             ] GC(292) Pause Full (Ergonomics) 795M->780M(910M) 44.231ms
[122.721s][info][gc,cpu         ] GC(292) User=0.38s Sys=0.00s Real=0.03s
[122.724s][info][gc,start       ] GC(293) Pause Full (Ergonomics)
[122.724s][info][gc,phases,start] GC(293) Marking Phase
[122.753s][info][gc,phases      ] GC(293) Marking Phase 28.311ms
[122.753s][info][gc,phases,start] GC(293) Summary Phase
[122.753s][info][gc,phases      ] GC(293) Summary Phase 0.029ms
[122.753s][info][gc,phases,start] GC(293) Adjust Roots
[122.754s][info][gc,phases      ] GC(293) Adjust Roots 1.359ms
[122.754s][info][gc,phases,start] GC(293) Compaction Phase
[122.761s][info][gc,phases      ] GC(293) Compaction Phase 6.791ms
[122.761s][info][gc,phases,start] GC(293) Post Compact
[122.765s][info][gc,phases      ] GC(293) Post Compact 3.942ms
[122.765s][info][gc,heap        ] GC(293) PSYoungGen: 116736K(232960K)->100687K(232960K) Eden: 116736K(116736K)->100687K(116736K) From: 0K(116224K)->0K(116224K)
[122.765s][info][gc,heap        ] GC(293) ParOldGen: 698148K(699392K)->698148K(699392K)
[122.765s][info][gc,metaspace   ] GC(293) Metaspace: 114956K(129664K)->114956K(129664K) NonClass: 98198K(107328K)->98198K(107328K) Class: 16757K(22336K)->16757K(22336K)
[122.765s][info][gc             ] GC(293) Pause Full (Ergonomics) 795M->780M(910M) 40.712ms
[122.765s][info][gc,cpu         ] GC(293) User=0.64s Sys=0.02s Real=0.03s
[122.768s][info][gc,start       ] GC(294) Pause Full (Ergonomics)
[122.768s][info][gc,phases,start] GC(294) Marking Phase
[122.796s][info][gc,phases      ] GC(294) Marking Phase 28.263ms
[122.796s][info][gc,phases,start] GC(294) Summary Phase
[122.796s][info][gc,phases      ] GC(294) Summary Phase 0.028ms
[122.796s][info][gc,phases,start] GC(294) Adjust Roots
[122.797s][info][gc,phases      ] GC(294) Adjust Roots 1.337ms
[122.797s][info][gc,phases,start] GC(294) Compaction Phase
[122.804s][info][gc,phases      ] GC(294) Compaction Phase 6.759ms
[122.804s][info][gc,phases,start] GC(294) Post Compact
[122.808s][info][gc,phases      ] GC(294) Post Compact 3.935ms
[122.808s][info][gc,heap        ] GC(294) PSYoungGen: 116736K(232960K)->100669K(232960K) Eden: 116736K(116736K)->100669K(116736K) From: 0K(116224K)->0K(116224K)
[122.808s][info][gc,heap        ] GC(294) ParOldGen: 698148K(699392K)->698148K(699392K)
[122.808s][info][gc,metaspace   ] GC(294) Metaspace: 114959K(129664K)->114959K(129664K) NonClass: 98200K(107328K)->98200K(107328K) Class: 16758K(22336K)->16758K(22336K)
[122.808s][info][gc             ] GC(294) Pause Full (Ergonomics) 795M->780M(910M) 40.592ms
[122.808s][info][gc,cpu         ] GC(294) User=0.63s Sys=0.02s Real=0.03s
[122.811s][info][gc,start       ] GC(295) Pause Full (Ergonomics)
[122.811s][info][gc,phases,start] GC(295) Marking Phase
[122.842s][info][gc,phases      ] GC(295) Marking Phase 30.412ms
[122.842s][info][gc,phases,start] GC(295) Summary Phase
[122.842s][info][gc,phases      ] GC(295) Summary Phase 0.027ms
[122.842s][info][gc,phases,start] GC(295) Adjust Roots
[122.843s][info][gc,phases      ] GC(295) Adjust Roots 1.333ms
[122.843s][info][gc,phases,start] GC(295) Compaction Phase
[122.852s][info][gc,phases      ] GC(295) Compaction Phase 8.614ms
[122.852s][info][gc,phases,start] GC(295) Post Compact
[122.855s][info][gc,phases      ] GC(295) Post Compact 3.811ms
[122.855s][info][gc,heap        ] GC(295) PSYoungGen: 116736K(232960K)->100661K(232960K) Eden: 116736K(116736K)->100661K(116736K) From: 0K(116224K)->0K(116224K)
[122.855s][info][gc,heap        ] GC(295) ParOldGen: 698148K(699392K)->698148K(699392K)
[122.855s][info][gc,metaspace   ] GC(295) Metaspace: 114961K(129664K)->114961K(129664K) NonClass: 98202K(107328K)->98202K(107328K) Class: 16759K(22336K)->16759K(22336K)
[122.856s][info][gc             ] GC(295) Pause Full (Ergonomics) 795M->780M(910M) 44.450ms
[122.856s][info][gc,cpu         ] GC(295) User=0.34s Sys=0.02s Real=0.05s
[122.858s][info][gc,start       ] GC(296) Pause Full (Ergonomics)
[122.858s][info][gc,phases,start] GC(296) Marking Phase
[122.887s][info][gc,phases      ] GC(296) Marking Phase 28.900ms
[122.887s][info][gc,phases,start] GC(296) Summary Phase
[122.887s][info][gc,phases      ] GC(296) Summary Phase 0.028ms
[122.887s][info][gc,phases,start] GC(296) Adjust Roots
[122.889s][info][gc,phases      ] GC(296) Adjust Roots 1.375ms
[122.889s][info][gc,phases,start] GC(296) Compaction Phase
[122.897s][info][gc,phases      ] GC(296) Compaction Phase 8.394ms
[122.897s][info][gc,phases,start] GC(296) Post Compact
[122.901s][info][gc,phases      ] GC(296) Post Compact 3.753ms
[122.901s][info][gc,heap        ] GC(296) PSYoungGen: 116736K(232960K)->100688K(232960K) Eden: 116736K(116736K)->100688K(116736K) From: 0K(116224K)->0K(116224K)
[122.901s][info][gc,heap        ] GC(296) ParOldGen: 698148K(699392K)->698148K(699392K)
[122.901s][info][gc,metaspace   ] GC(296) Metaspace: 114964K(129664K)->114964K(129664K) NonClass: 98204K(107328K)->98204K(107328K) Class: 16760K(22336K)->16760K(22336K)
[122.901s][info][gc             ] GC(296) Pause Full (Ergonomics) 795M->780M(910M) 42.707ms
[122.901s][info][gc,cpu         ] GC(296) User=0.34s Sys=0.00s Real=0.03s
[122.904s][info][gc,start       ] GC(297) Pause Full (Ergonomics)
[122.904s][info][gc,phases,start] GC(297) Marking Phase
[122.933s][info][gc,phases      ] GC(297) Marking Phase 29.723ms
[122.933s][info][gc,phases,start] GC(297) Summary Phase
[122.933s][info][gc,phases      ] GC(297) Summary Phase 0.029ms
[122.933s][info][gc,phases,start] GC(297) Adjust Roots
[122.935s][info][gc,phases      ] GC(297) Adjust Roots 1.394ms
[122.935s][info][gc,phases,start] GC(297) Compaction Phase
[122.942s][info][gc,phases      ] GC(297) Compaction Phase 7.257ms
[122.942s][info][gc,phases,start] GC(297) Post Compact
[122.946s][info][gc,phases      ] GC(297) Post Compact 3.823ms
[122.946s][info][gc,heap        ] GC(297) PSYoungGen: 116736K(232960K)->100730K(232960K) Eden: 116736K(116736K)->100730K(116736K) From: 0K(116224K)->0K(116224K)
[122.946s][info][gc,heap        ] GC(297) ParOldGen: 698148K(699392K)->698148K(699392K)
[122.946s][info][gc,metaspace   ] GC(297) Metaspace: 114966K(129664K)->114966K(129664K) NonClass: 98205K(107328K)->98205K(107328K) Class: 16760K(22336K)->16760K(22336K)
[122.946s][info][gc             ] GC(297) Pause Full (Ergonomics) 795M->780M(910M) 42.491ms
[122.946s][info][gc,cpu         ] GC(297) User=0.66s Sys=0.00s Real=0.04s
[122.949s][info][gc,start       ] GC(298) Pause Full (Ergonomics)
[122.949s][info][gc,phases,start] GC(298) Marking Phase
[122.974s][info][gc,phases      ] GC(298) Marking Phase 25.743ms
[122.974s][info][gc,phases,start] GC(298) Summary Phase
[122.975s][info][gc,phases      ] GC(298) Summary Phase 0.025ms
[122.975s][info][gc,phases,start] GC(298) Adjust Roots
[122.976s][info][gc,phases      ] GC(298) Adjust Roots 1.346ms
[122.976s][info][gc,phases,start] GC(298) Compaction Phase
[122.983s][info][gc,phases      ] GC(298) Compaction Phase 6.749ms
[122.983s][info][gc,phases,start] GC(298) Post Compact
[122.986s][info][gc,phases      ] GC(298) Post Compact 3.809ms
[122.987s][info][gc,heap        ] GC(298) PSYoungGen: 116736K(232960K)->100679K(232960K) Eden: 116736K(116736K)->100679K(116736K) From: 0K(116224K)->0K(116224K)
[122.987s][info][gc,heap        ] GC(298) ParOldGen: 698148K(699392K)->698148K(699392K)
[122.987s][info][gc,metaspace   ] GC(298) Metaspace: 114970K(129664K)->114970K(129664K) NonClass: 98208K(107328K)->98208K(107328K) Class: 16761K(22336K)->16761K(22336K)
[122.987s][info][gc             ] GC(298) Pause Full (Ergonomics) 795M->780M(910M) 37.897ms
[122.987s][info][gc,cpu         ] GC(298) User=0.45s Sys=0.00s Real=0.03s
[122.989s][info][gc,start       ] GC(299) Pause Full (Ergonomics)
[122.989s][info][gc,phases,start] GC(299) Marking Phase
[123.018s][info][gc,phases      ] GC(299) Marking Phase 28.522ms
[123.018s][info][gc,phases,start] GC(299) Summary Phase
[123.018s][info][gc,phases      ] GC(299) Summary Phase 0.027ms
[123.018s][info][gc,phases,start] GC(299) Adjust Roots
[123.019s][info][gc,phases      ] GC(299) Adjust Roots 1.384ms
[123.019s][info][gc,phases,start] GC(299) Compaction Phase
[123.026s][info][gc,phases      ] GC(299) Compaction Phase 6.760ms
[123.026s][info][gc,phases,start] GC(299) Post Compact
[123.030s][info][gc,phases      ] GC(299) Post Compact 4.054ms
[123.030s][info][gc,heap        ] GC(299) PSYoungGen: 116736K(232960K)->100678K(232960K) Eden: 116736K(116736K)->100678K(116736K) From: 0K(116224K)->0K(116224K)
[123.030s][info][gc,heap        ] GC(299) ParOldGen: 698148K(699392K)->698148K(699392K)
[123.030s][info][gc,metaspace   ] GC(299) Metaspace: 114972K(129664K)->114972K(129664K) NonClass: 98210K(107328K)->98210K(107328K) Class: 16762K(22336K)->16762K(22336K)
[123.030s][info][gc             ] GC(299) Pause Full (Ergonomics) 795M->780M(910M) 40.976ms
[123.030s][info][gc,cpu         ] GC(299) User=0.66s Sys=0.00s Real=0.03s
[123.033s][info][gc,start       ] GC(300) Pause Full (Ergonomics)
[123.033s][info][gc,phases,start] GC(300) Marking Phase
[123.059s][info][gc,phases      ] GC(300) Marking Phase 26.264ms
[123.059s][info][gc,phases,start] GC(300) Summary Phase
[123.059s][info][gc,phases      ] GC(300) Summary Phase 0.026ms
[123.059s][info][gc,phases,start] GC(300) Adjust Roots
[123.060s][info][gc,phases      ] GC(300) Adjust Roots 1.375ms
[123.060s][info][gc,phases,start] GC(300) Compaction Phase
[123.067s][info][gc,phases      ] GC(300) Compaction Phase 6.929ms
[123.067s][info][gc,phases,start] GC(300) Post Compact
[123.071s][info][gc,phases      ] GC(300) Post Compact 3.962ms
[123.071s][info][gc,heap        ] GC(300) PSYoungGen: 116736K(232960K)->100590K(232960K) Eden: 116736K(116736K)->100590K(116736K) From: 0K(116224K)->0K(116224K)
[123.071s][info][gc,heap        ] GC(300) ParOldGen: 698148K(699392K)->698148K(699392K)
[123.071s][info][gc,metaspace   ] GC(300) Metaspace: 114976K(129664K)->114976K(129664K) NonClass: 98214K(107328K)->98214K(107328K) Class: 16762K(22336K)->16762K(22336K)
[123.071s][info][gc             ] GC(300) Pause Full (Ergonomics) 795M->780M(910M) 38.804ms
[123.071s][info][gc,cpu         ] GC(300) User=0.63s Sys=0.00s Real=0.03s
[123.074s][info][gc,start       ] GC(301) Pause Full (Ergonomics)
[123.074s][info][gc,phases,start] GC(301) Marking Phase
[123.103s][info][gc,phases      ] GC(301) Marking Phase 29.296ms
[123.103s][info][gc,phases,start] GC(301) Summary Phase
[123.103s][info][gc,phases      ] GC(301) Summary Phase 0.027ms
[123.103s][info][gc,phases,start] GC(301) Adjust Roots
[123.105s][info][gc,phases      ] GC(301) Adjust Roots 1.383ms
[123.105s][info][gc,phases,start] GC(301) Compaction Phase
[123.119s][info][gc,phases      ] GC(301) Compaction Phase 14.141ms
[123.119s][info][gc,phases,start] GC(301) Post Compact
[123.123s][info][gc,phases      ] GC(301) Post Compact 4.042ms
[123.123s][info][gc,heap        ] GC(301) PSYoungGen: 116736K(232960K)->100650K(232960K) Eden: 116736K(116736K)->100650K(116736K) From: 0K(116224K)->0K(116224K)
[123.123s][info][gc,heap        ] GC(301) ParOldGen: 698148K(699392K)->698121K(699392K)
[123.123s][info][gc,metaspace   ] GC(301) Metaspace: 114979K(129664K)->114979K(129664K) NonClass: 98216K(107328K)->98216K(107328K) Class: 16762K(22336K)->16762K(22336K)
[123.123s][info][gc             ] GC(301) Pause Full (Ergonomics) 795M->780M(910M) 49.150ms
[123.123s][info][gc,cpu         ] GC(301) User=0.52s Sys=0.00s Real=0.05s
[123.125s][info][gc,start       ] GC(302) Pause Full (Ergonomics)
[123.125s][info][gc,phases,start] GC(302) Marking Phase
[123.153s][info][gc,phases      ] GC(302) Marking Phase 27.557ms
[123.153s][info][gc,phases,start] GC(302) Summary Phase
[123.153s][info][gc,phases      ] GC(302) Summary Phase 0.025ms
[123.153s][info][gc,phases,start] GC(302) Adjust Roots
[123.155s][info][gc,phases      ] GC(302) Adjust Roots 1.470ms
[123.155s][info][gc,phases,start] GC(302) Compaction Phase
[123.161s][info][gc,phases      ] GC(302) Compaction Phase 6.707ms
[123.161s][info][gc,phases,start] GC(302) Post Compact
[123.165s][info][gc,phases      ] GC(302) Post Compact 3.782ms
[123.165s][info][gc,heap        ] GC(302) PSYoungGen: 116735K(232960K)->100614K(232960K) Eden: 116735K(116736K)->100614K(116736K) From: 0K(116224K)->0K(116224K)
[123.165s][info][gc,heap        ] GC(302) ParOldGen: 698121K(699392K)->698121K(699392K)
[123.165s][info][gc,metaspace   ] GC(302) Metaspace: 114979K(129664K)->114979K(129664K) NonClass: 98216K(107328K)->98216K(107328K) Class: 16762K(22336K)->16762K(22336K)
[123.165s][info][gc             ] GC(302) Pause Full (Ergonomics) 795M->780M(910M) 39.786ms
[123.165s][info][gc,cpu         ] GC(302) User=0.34s Sys=0.00s Real=0.03s
[123.168s][info][gc,start       ] GC(303) Pause Full (Ergonomics)
[123.168s][info][gc,phases,start] GC(303) Marking Phase
[123.197s][info][gc,phases      ] GC(303) Marking Phase 29.103ms
[123.197s][info][gc,phases,start] GC(303) Summary Phase
[123.197s][info][gc,phases      ] GC(303) Summary Phase 0.028ms
[123.197s][info][gc,phases,start] GC(303) Adjust Roots
[123.198s][info][gc,phases      ] GC(303) Adjust Roots 1.383ms
[123.198s][info][gc,phases,start] GC(303) Compaction Phase
[123.205s][info][gc,phases      ] GC(303) Compaction Phase 6.760ms
[123.205s][info][gc,phases,start] GC(303) Post Compact
[123.209s][info][gc,phases      ] GC(303) Post Compact 3.831ms
[123.209s][info][gc,heap        ] GC(303) PSYoungGen: 116736K(232960K)->100673K(232960K) Eden: 116736K(116736K)->100673K(116736K) From: 0K(116224K)->0K(116224K)
[123.209s][info][gc,heap        ] GC(303) ParOldGen: 698121K(699392K)->698121K(699392K)
[123.209s][info][gc,metaspace   ] GC(303) Metaspace: 114979K(129664K)->114979K(129664K) NonClass: 98216K(107328K)->98216K(107328K) Class: 16762K(22336K)->16762K(22336K)
[123.209s][info][gc             ] GC(303) Pause Full (Ergonomics) 795M->780M(910M) 41.337ms
[123.209s][info][gc,cpu         ] GC(303) User=0.75s Sys=0.00s Real=0.05s
[123.211s][info][gc,start       ] GC(304) Pause Full (Ergonomics)
[123.211s][info][gc,phases,start] GC(304) Marking Phase
[123.242s][info][gc,phases      ] GC(304) Marking Phase 30.646ms
[123.242s][info][gc,phases,start] GC(304) Summary Phase
[123.242s][info][gc,phases      ] GC(304) Summary Phase 0.029ms
[123.242s][info][gc,phases,start] GC(304) Adjust Roots
[123.243s][info][gc,phases      ] GC(304) Adjust Roots 1.401ms
[123.243s][info][gc,phases,start] GC(304) Compaction Phase
[123.250s][info][gc,phases      ] GC(304) Compaction Phase 7.051ms
[123.250s][info][gc,phases,start] GC(304) Post Compact
[123.254s][info][gc,phases      ] GC(304) Post Compact 4.023ms
[123.255s][info][gc,heap        ] GC(304) PSYoungGen: 116736K(232960K)->100670K(232960K) Eden: 116736K(116736K)->100670K(116736K) From: 0K(116224K)->0K(116224K)
[123.255s][info][gc,heap        ] GC(304) ParOldGen: 698121K(699392K)->698121K(699392K)
[123.255s][info][gc,metaspace   ] GC(304) Metaspace: 114979K(129664K)->114979K(129664K) NonClass: 98216K(107328K)->98216K(107328K) Class: 16762K(22336K)->16762K(22336K)
[123.255s][info][gc             ] GC(304) Pause Full (Ergonomics) 795M->780M(910M) 43.414ms
[123.255s][info][gc,cpu         ] GC(304) User=0.34s Sys=0.00s Real=0.03s
[123.257s][info][gc,start       ] GC(305) Pause Full (Ergonomics)
[123.257s][info][gc,phases,start] GC(305) Marking Phase
[123.286s][info][gc,phases      ] GC(305) Marking Phase 29.469ms
[123.286s][info][gc,phases,start] GC(305) Summary Phase
[123.286s][info][gc,phases      ] GC(305) Summary Phase 0.027ms
[123.286s][info][gc,phases,start] GC(305) Adjust Roots
[123.288s][info][gc,phases      ] GC(305) Adjust Roots 1.390ms
[123.288s][info][gc,phases,start] GC(305) Compaction Phase
[123.295s][info][gc,phases      ] GC(305) Compaction Phase 6.747ms
[123.295s][info][gc,phases,start] GC(305) Post Compact
[123.298s][info][gc,phases      ] GC(305) Post Compact 3.854ms
[123.299s][info][gc,heap        ] GC(305) PSYoungGen: 116736K(232960K)->100670K(232960K) Eden: 116736K(116736K)->100670K(116736K) From: 0K(116224K)->0K(116224K)
[123.299s][info][gc,heap        ] GC(305) ParOldGen: 698121K(699392K)->698121K(699392K)
[123.299s][info][gc,metaspace   ] GC(305) Metaspace: 114979K(129664K)->114979K(129664K) NonClass: 98216K(107328K)->98216K(107328K) Class: 16762K(22336K)->16762K(22336K)
[123.299s][info][gc             ] GC(305) Pause Full (Ergonomics) 795M->780M(910M) 41.758ms
[123.299s][info][gc,cpu         ] GC(305) User=0.34s Sys=0.00s Real=0.03s
[123.301s][info][gc,start       ] GC(306) Pause Full (Ergonomics)
[123.301s][info][gc,phases,start] GC(306) Marking Phase
[123.331s][info][gc,phases      ] GC(306) Marking Phase 30.162ms
[123.331s][info][gc,phases,start] GC(306) Summary Phase
[123.331s][info][gc,phases      ] GC(306) Summary Phase 0.027ms
[123.331s][info][gc,phases,start] GC(306) Adjust Roots
[123.333s][info][gc,phases      ] GC(306) Adjust Roots 1.391ms
[123.333s][info][gc,phases,start] GC(306) Compaction Phase
[123.343s][info][gc,phases      ] GC(306) Compaction Phase 10.732ms
[123.343s][info][gc,phases,start] GC(306) Post Compact
[123.347s][info][gc,phases      ] GC(306) Post Compact 3.813ms
[123.347s][info][gc,heap        ] GC(306) PSYoungGen: 116736K(232960K)->100669K(232960K) Eden: 116736K(116736K)->100669K(116736K) From: 0K(116224K)->0K(116224K)
[123.347s][info][gc,heap        ] GC(306) ParOldGen: 698121K(699392K)->698121K(699392K)
[123.347s][info][gc,metaspace   ] GC(306) Metaspace: 114979K(129664K)->114979K(129664K) NonClass: 98216K(107328K)->98216K(107328K) Class: 16762K(22336K)->16762K(22336K)
[123.347s][info][gc             ] GC(306) Pause Full (Ergonomics) 795M->780M(910M) 46.397ms
[123.347s][info][gc,cpu         ] GC(306) User=1.08s Sys=0.00s Real=0.05s
[123.350s][info][gc,start       ] GC(307) Pause Full (Ergonomics)
[123.350s][info][gc,phases,start] GC(307) Marking Phase
[123.380s][info][gc,phases      ] GC(307) Marking Phase 29.846ms
[123.380s][info][gc,phases,start] GC(307) Summary Phase
[123.380s][info][gc,phases      ] GC(307) Summary Phase 0.027ms
[123.380s][info][gc,phases,start] GC(307) Adjust Roots
[123.381s][info][gc,phases      ] GC(307) Adjust Roots 1.409ms
[123.381s][info][gc,phases,start] GC(307) Compaction Phase
[123.388s][info][gc,phases      ] GC(307) Compaction Phase 7.083ms
[123.388s][info][gc,phases,start] GC(307) Post Compact
[123.392s][info][gc,phases      ] GC(307) Post Compact 3.930ms
[123.392s][info][gc,heap        ] GC(307) PSYoungGen: 116736K(232960K)->100649K(232960K) Eden: 116736K(116736K)->100649K(116736K) From: 0K(116224K)->0K(116224K)
[123.392s][info][gc,heap        ] GC(307) ParOldGen: 698121K(699392K)->698121K(699392K)
[123.392s][info][gc,metaspace   ] GC(307) Metaspace: 114979K(129664K)->114979K(129664K) NonClass: 98216K(107328K)->98216K(107328K) Class: 16762K(22336K)->16762K(22336K)
[123.393s][info][gc             ] GC(307) Pause Full (Ergonomics) 795M->780M(910M) 42.524ms
[123.393s][info][gc,cpu         ] GC(307) User=0.34s Sys=0.00s Real=0.03s
[123.395s][info][gc,start       ] GC(308) Pause Full (Ergonomics)
[123.395s][info][gc,phases,start] GC(308) Marking Phase
[123.424s][info][gc,phases      ] GC(308) Marking Phase 29.058ms
[123.424s][info][gc,phases,start] GC(308) Summary Phase
[123.424s][info][gc,phases      ] GC(308) Summary Phase 0.026ms
[123.424s][info][gc,phases,start] GC(308) Adjust Roots
[123.425s][info][gc,phases      ] GC(308) Adjust Roots 1.399ms
[123.425s][info][gc,phases,start] GC(308) Compaction Phase
[123.432s][info][gc,phases      ] GC(308) Compaction Phase 6.757ms
[123.432s][info][gc,phases,start] GC(308) Post Compact
[123.436s][info][gc,phases      ] GC(308) Post Compact 3.933ms
[123.436s][info][gc,heap        ] GC(308) PSYoungGen: 116736K(232960K)->100627K(232960K) Eden: 116736K(116736K)->100627K(116736K) From: 0K(116224K)->0K(116224K)
[123.436s][info][gc,heap        ] GC(308) ParOldGen: 698121K(699392K)->698121K(699392K)
[123.436s][info][gc,metaspace   ] GC(308) Metaspace: 114979K(129664K)->114979K(129664K) NonClass: 98216K(107328K)->98216K(107328K) Class: 16762K(22336K)->16762K(22336K)
[123.436s][info][gc             ] GC(308) Pause Full (Ergonomics) 795M->780M(910M) 41.425ms
[123.436s][info][gc,cpu         ] GC(308) User=0.34s Sys=0.00s Real=0.03s
[123.439s][info][gc,start       ] GC(309) Pause Full (Ergonomics)
[123.439s][info][gc,phases,start] GC(309) Marking Phase
[123.467s][info][gc,phases      ] GC(309) Marking Phase 28.787ms
[123.467s][info][gc,phases,start] GC(309) Summary Phase
[123.467s][info][gc,phases      ] GC(309) Summary Phase 0.027ms
[123.467s][info][gc,phases,start] GC(309) Adjust Roots
[123.469s][info][gc,phases      ] GC(309) Adjust Roots 1.408ms
[123.469s][info][gc,phases,start] GC(309) Compaction Phase
[123.476s][info][gc,phases      ] GC(309) Compaction Phase 6.763ms
[123.476s][info][gc,phases,start] GC(309) Post Compact
[123.480s][info][gc,phases      ] GC(309) Post Compact 3.941ms
[123.480s][info][gc,heap        ] GC(309) PSYoungGen: 116736K(232960K)->100602K(232960K) Eden: 116736K(116736K)->100602K(116736K) From: 0K(116224K)->0K(116224K)
[123.480s][info][gc,heap        ] GC(309) ParOldGen: 698121K(699392K)->698121K(699392K)
[123.480s][info][gc,metaspace   ] GC(309) Metaspace: 114979K(129664K)->114979K(129664K) NonClass: 98216K(107328K)->98216K(107328K) Class: 16762K(22336K)->16762K(22336K)
[123.480s][info][gc             ] GC(309) Pause Full (Ergonomics) 795M->780M(910M) 41.162ms
[123.480s][info][gc,cpu         ] GC(309) User=0.66s Sys=0.00s Real=0.03s
[123.482s][info][gc,start       ] GC(310) Pause Full (Ergonomics)
[123.482s][info][gc,phases,start] GC(310) Marking Phase
[123.511s][info][gc,phases      ] GC(310) Marking Phase 28.581ms
[123.511s][info][gc,phases,start] GC(310) Summary Phase
[123.511s][info][gc,phases      ] GC(310) Summary Phase 0.025ms
[123.511s][info][gc,phases,start] GC(310) Adjust Roots
[123.512s][info][gc,phases      ] GC(310) Adjust Roots 1.383ms
[123.512s][info][gc,phases,start] GC(310) Compaction Phase
[123.519s][info][gc,phases      ] GC(310) Compaction Phase 6.737ms
[123.519s][info][gc,phases,start] GC(310) Post Compact
[123.523s][info][gc,phases      ] GC(310) Post Compact 3.772ms
[123.523s][info][gc,heap        ] GC(310) PSYoungGen: 116736K(232960K)->100596K(232960K) Eden: 116736K(116736K)->100596K(116736K) From: 0K(116224K)->0K(116224K)
[123.523s][info][gc,heap        ] GC(310) ParOldGen: 698121K(699392K)->698121K(699392K)
[123.523s][info][gc,metaspace   ] GC(310) Metaspace: 114979K(129664K)->114979K(129664K) NonClass: 98216K(107328K)->98216K(107328K) Class: 16762K(22336K)->16762K(22336K)
[123.523s][info][gc             ] GC(310) Pause Full (Ergonomics) 795M->779M(910M) 40.724ms
[123.523s][info][gc,cpu         ] GC(310) User=0.36s Sys=0.00s Real=0.03s
[123.525s][info][gc,start       ] GC(311) Pause Full (Ergonomics)
[123.525s][info][gc,phases,start] GC(311) Marking Phase
[123.558s][info][gc,phases      ] GC(311) Marking Phase 32.567ms
[123.558s][info][gc,phases,start] GC(311) Summary Phase
[123.558s][info][gc,phases      ] GC(311) Summary Phase 0.026ms
[123.558s][info][gc,phases,start] GC(311) Adjust Roots
[123.559s][info][gc,phases      ] GC(311) Adjust Roots 1.387ms
[123.559s][info][gc,phases,start] GC(311) Compaction Phase
[123.566s][info][gc,phases      ] GC(311) Compaction Phase 6.962ms
[123.566s][info][gc,phases,start] GC(311) Post Compact
[123.570s][info][gc,phases      ] GC(311) Post Compact 3.942ms
[123.570s][info][gc,heap        ] GC(311) PSYoungGen: 116736K(232960K)->100680K(232960K) Eden: 116736K(116736K)->100680K(116736K) From: 0K(116224K)->0K(116224K)
[123.570s][info][gc,heap        ] GC(311) ParOldGen: 698121K(699392K)->698121K(699392K)
[123.570s][info][gc,metaspace   ] GC(311) Metaspace: 114979K(129664K)->114979K(129664K) NonClass: 98216K(107328K)->98216K(107328K) Class: 16762K(22336K)->16762K(22336K)
[123.570s][info][gc             ] GC(311) Pause Full (Ergonomics) 795M->780M(910M) 45.131ms
[123.570s][info][gc,cpu         ] GC(311) User=0.34s Sys=0.00s Real=0.03s
[123.572s][info][gc,start       ] GC(312) Pause Full (Ergonomics)
[123.572s][info][gc,phases,start] GC(312) Marking Phase
[123.599s][info][gc,phases      ] GC(312) Marking Phase 26.782ms
[123.599s][info][gc,phases,start] GC(312) Summary Phase
[123.599s][info][gc,phases      ] GC(312) Summary Phase 0.028ms
[123.599s][info][gc,phases,start] GC(312) Adjust Roots
[123.601s][info][gc,phases      ] GC(312) Adjust Roots 1.410ms
[123.601s][info][gc,phases,start] GC(312) Compaction Phase
[123.608s][info][gc,phases      ] GC(312) Compaction Phase 7.015ms
[123.608s][info][gc,phases,start] GC(312) Post Compact
[123.612s][info][gc,phases      ] GC(312) Post Compact 4.021ms
[123.612s][info][gc,heap        ] GC(312) PSYoungGen: 116736K(232960K)->100596K(232960K) Eden: 116736K(116736K)->100596K(116736K) From: 0K(116224K)->0K(116224K)
[123.612s][info][gc,heap        ] GC(312) ParOldGen: 698121K(699392K)->698121K(699392K)
[123.612s][info][gc,metaspace   ] GC(312) Metaspace: 114979K(129664K)->114979K(129664K) NonClass: 98216K(107328K)->98216K(107328K) Class: 16762K(22336K)->16762K(22336K)
[123.612s][info][gc             ] GC(312) Pause Full (Ergonomics) 795M->779M(910M) 39.524ms
[123.612s][info][gc,cpu         ] GC(312) User=0.47s Sys=0.02s Real=0.03s
[123.614s][info][gc,start       ] GC(313) Pause Full (Ergonomics)
[123.614s][info][gc,phases,start] GC(313) Marking Phase
[123.645s][info][gc,phases      ] GC(313) Marking Phase 30.626ms
[123.645s][info][gc,phases,start] GC(313) Summary Phase
[123.645s][info][gc,phases      ] GC(313) Summary Phase 0.026ms
[123.645s][info][gc,phases,start] GC(313) Adjust Roots
[123.646s][info][gc,phases      ] GC(313) Adjust Roots 1.376ms
[123.646s][info][gc,phases,start] GC(313) Compaction Phase
[123.653s][info][gc,phases      ] GC(313) Compaction Phase 6.832ms
[123.653s][info][gc,phases,start] GC(313) Post Compact
[123.657s][info][gc,phases      ] GC(313) Post Compact 3.771ms
[123.657s][info][gc,heap        ] GC(313) PSYoungGen: 116736K(232960K)->100602K(232960K) Eden: 116736K(116736K)->100602K(116736K) From: 0K(116224K)->0K(116224K)
[123.657s][info][gc,heap        ] GC(313) ParOldGen: 698121K(699392K)->698121K(699392K)
[123.657s][info][gc,metaspace   ] GC(313) Metaspace: 114979K(129664K)->114979K(129664K) NonClass: 98216K(107328K)->98216K(107328K) Class: 16762K(22336K)->16762K(22336K)
[123.657s][info][gc             ] GC(313) Pause Full (Ergonomics) 795M->780M(910M) 42.838ms
[123.657s][info][gc,cpu         ] GC(313) User=0.34s Sys=0.00s Real=0.03s
[123.659s][info][gc,start       ] GC(314) Pause Full (Ergonomics)
[123.659s][info][gc,phases,start] GC(314) Marking Phase
[123.686s][info][gc,phases      ] GC(314) Marking Phase 26.761ms
[123.686s][info][gc,phases,start] GC(314) Summary Phase
[123.686s][info][gc,phases      ] GC(314) Summary Phase 0.024ms
[123.686s][info][gc,phases,start] GC(314) Adjust Roots
[123.688s][info][gc,phases      ] GC(314) Adjust Roots 1.385ms
[123.688s][info][gc,phases,start] GC(314) Compaction Phase
[123.695s][info][gc,phases      ] GC(314) Compaction Phase 6.988ms
[123.695s][info][gc,phases,start] GC(314) Post Compact
[123.699s][info][gc,phases      ] GC(314) Post Compact 3.809ms
[123.699s][info][gc,heap        ] GC(314) PSYoungGen: 116735K(232960K)->100670K(232960K) Eden: 116735K(116736K)->100670K(116736K) From: 0K(116224K)->0K(116224K)
[123.699s][info][gc,heap        ] GC(314) ParOldGen: 698121K(699392K)->698121K(699392K)
[123.699s][info][gc,metaspace   ] GC(314) Metaspace: 114979K(129664K)->114979K(129664K) NonClass: 98216K(107328K)->98216K(107328K) Class: 16762K(22336K)->16762K(22336K)
[123.699s][info][gc             ] GC(314) Pause Full (Ergonomics) 795M->780M(910M) 39.206ms
[123.699s][info][gc,cpu         ] GC(314) User=0.47s Sys=0.00s Real=0.03s
[123.701s][info][gc,start       ] GC(315) Pause Full (Ergonomics)
[123.701s][info][gc,phases,start] GC(315) Marking Phase
[123.729s][info][gc,phases      ] GC(315) Marking Phase 28.184ms
[123.729s][info][gc,phases,start] GC(315) Summary Phase
[123.730s][info][gc,phases      ] GC(315) Summary Phase 0.027ms
[123.730s][info][gc,phases,start] GC(315) Adjust Roots
[123.731s][info][gc,phases      ] GC(315) Adjust Roots 1.410ms
[123.731s][info][gc,phases,start] GC(315) Compaction Phase
[123.741s][info][gc,phases      ] GC(315) Compaction Phase 10.360ms
[123.741s][info][gc,phases,start] GC(315) Post Compact
[123.746s][info][gc,phases      ] GC(315) Post Compact 4.169ms
[123.746s][info][gc,heap        ] GC(315) PSYoungGen: 116736K(232960K)->100647K(232960K) Eden: 116736K(116736K)->100647K(116736K) From: 0K(116224K)->0K(116224K)
[123.746s][info][gc,heap        ] GC(315) ParOldGen: 698121K(699392K)->698121K(699392K)
[123.746s][info][gc,metaspace   ] GC(315) Metaspace: 114980K(129664K)->114980K(129664K) NonClass: 98218K(107328K)->98218K(107328K) Class: 16762K(22336K)->16762K(22336K)
[123.746s][info][gc             ] GC(315) Pause Full (Ergonomics) 795M->780M(910M) 44.403ms
[123.746s][info][gc,cpu         ] GC(315) User=0.36s Sys=0.00s Real=0.03s
[123.748s][info][gc,start       ] GC(316) Pause Full (Ergonomics)
[123.748s][info][gc,phases,start] GC(316) Marking Phase
[123.779s][info][gc,phases      ] GC(316) Marking Phase 31.056ms
[123.779s][info][gc,phases,start] GC(316) Summary Phase
[123.779s][info][gc,phases      ] GC(316) Summary Phase 0.028ms
[123.779s][info][gc,phases,start] GC(316) Adjust Roots
[123.781s][info][gc,phases      ] GC(316) Adjust Roots 1.391ms
[123.781s][info][gc,phases,start] GC(316) Compaction Phase
[123.795s][info][gc,phases      ] GC(316) Compaction Phase 14.331ms
[123.795s][info][gc,phases,start] GC(316) Post Compact
[123.799s][info][gc,phases      ] GC(316) Post Compact 4.041ms
[123.799s][info][gc,heap        ] GC(316) PSYoungGen: 116736K(232960K)->100690K(232960K) Eden: 116736K(116736K)->100690K(116736K) From: 0K(116224K)->0K(116224K)
[123.799s][info][gc,heap        ] GC(316) ParOldGen: 698121K(699392K)->698121K(699392K)
[123.799s][info][gc,metaspace   ] GC(316) Metaspace: 114984K(129664K)->114984K(129664K) NonClass: 98222K(107328K)->98222K(107328K) Class: 16762K(22336K)->16762K(22336K)
[123.799s][info][gc             ] GC(316) Pause Full (Ergonomics) 795M->780M(910M) 51.120ms
[123.799s][info][gc,cpu         ] GC(316) User=0.80s Sys=0.00s Real=0.05s
[123.802s][info][gc,start       ] GC(317) Pause Full (Ergonomics)
[123.802s][info][gc,phases,start] GC(317) Marking Phase
[123.827s][info][gc,phases      ] GC(317) Marking Phase 25.674ms
[123.827s][info][gc,phases,start] GC(317) Summary Phase
[123.827s][info][gc,phases      ] GC(317) Summary Phase 0.028ms
[123.827s][info][gc,phases,start] GC(317) Adjust Roots
[123.829s][info][gc,phases      ] GC(317) Adjust Roots 1.414ms
[123.829s][info][gc,phases,start] GC(317) Compaction Phase
[123.836s][info][gc,phases      ] GC(317) Compaction Phase 6.748ms
[123.836s][info][gc,phases,start] GC(317) Post Compact
[123.840s][info][gc,phases      ] GC(317) Post Compact 3.848ms
[123.840s][info][gc,heap        ] GC(317) PSYoungGen: 116736K(232960K)->100638K(232960K) Eden: 116736K(116736K)->100638K(116736K) From: 0K(116224K)->0K(116224K)
[123.840s][info][gc,heap        ] GC(317) ParOldGen: 698121K(699392K)->698121K(699392K)
[123.840s][info][gc,metaspace   ] GC(317) Metaspace: 114986K(129664K)->114986K(129664K) NonClass: 98224K(107328K)->98224K(107328K) Class: 16762K(22336K)->16762K(22336K)
[123.840s][info][gc             ] GC(317) Pause Full (Ergonomics) 795M->780M(910M) 37.993ms
[123.840s][info][gc,cpu         ] GC(317) User=0.44s Sys=0.00s Real=0.03s
[123.842s][info][gc,start       ] GC(318) Pause Full (Ergonomics)
[123.842s][info][gc,phases,start] GC(318) Marking Phase
[123.870s][info][gc,phases      ] GC(318) Marking Phase 27.490ms
[123.870s][info][gc,phases,start] GC(318) Summary Phase
[123.870s][info][gc,phases      ] GC(318) Summary Phase 0.030ms
[123.870s][info][gc,phases,start] GC(318) Adjust Roots
[123.871s][info][gc,phases      ] GC(318) Adjust Roots 1.430ms
[123.871s][info][gc,phases,start] GC(318) Compaction Phase
[123.878s][info][gc,phases      ] GC(318) Compaction Phase 7.023ms
[123.878s][info][gc,phases,start] GC(318) Post Compact
[123.882s][info][gc,phases      ] GC(318) Post Compact 3.902ms
[123.882s][info][gc,heap        ] GC(318) PSYoungGen: 116736K(232960K)->100643K(232960K) Eden: 116736K(116736K)->100643K(116736K) From: 0K(116224K)->0K(116224K)
[123.882s][info][gc,heap        ] GC(318) ParOldGen: 698121K(699392K)->698121K(699392K)
[123.882s][info][gc,metaspace   ] GC(318) Metaspace: 114986K(129664K)->114986K(129664K) NonClass: 98224K(107328K)->98224K(107328K) Class: 16762K(22336K)->16762K(22336K)
[123.882s][info][gc             ] GC(318) Pause Full (Ergonomics) 795M->780M(910M) 40.130ms
[123.882s][info][gc,cpu         ] GC(318) User=0.34s Sys=0.00s Real=0.03s
[123.885s][info][gc,start       ] GC(319) Pause Full (Ergonomics)
[123.885s][info][gc,phases,start] GC(319) Marking Phase
[123.915s][info][gc,phases      ] GC(319) Marking Phase 30.191ms
[123.915s][info][gc,phases,start] GC(319) Summary Phase
[123.915s][info][gc,phases      ] GC(319) Summary Phase 0.027ms
[123.915s][info][gc,phases,start] GC(319) Adjust Roots
[123.917s][info][gc,phases      ] GC(319) Adjust Roots 1.633ms
[123.917s][info][gc,phases,start] GC(319) Compaction Phase
[123.957s][info][gc,phases      ] GC(319) Compaction Phase 40.327ms
[123.957s][info][gc,phases,start] GC(319) Post Compact
[123.961s][info][gc,phases      ] GC(319) Post Compact 4.040ms
[123.961s][info][gc,heap        ] GC(319) PSYoungGen: 116736K(232960K)->100649K(232960K) Eden: 116736K(116736K)->100649K(116736K) From: 0K(116224K)->0K(116224K)
[123.961s][info][gc,heap        ] GC(319) ParOldGen: 698121K(699392K)->698120K(699392K)
[123.961s][info][gc,metaspace   ] GC(319) Metaspace: 114990K(129664K)->114990K(129664K) NonClass: 98228K(107328K)->98228K(107328K) Class: 16762K(22336K)->16762K(22336K)
[123.961s][info][gc             ] GC(319) Pause Full (Ergonomics) 795M->780M(910M) 76.469ms
[123.961s][info][gc,cpu         ] GC(319) User=1.02s Sys=0.00s Real=0.08s
[123.963s][info][gc,start       ] GC(320) Pause Full (Ergonomics)
[123.963s][info][gc,phases,start] GC(320) Marking Phase
[123.990s][info][gc,phases      ] GC(320) Marking Phase 26.526ms
[123.990s][info][gc,phases,start] GC(320) Summary Phase
[123.990s][info][gc,phases      ] GC(320) Summary Phase 0.028ms
[123.990s][info][gc,phases,start] GC(320) Adjust Roots
[123.992s][info][gc,phases      ] GC(320) Adjust Roots 1.416ms
[123.992s][info][gc,phases,start] GC(320) Compaction Phase
[123.998s][info][gc,phases      ] GC(320) Compaction Phase 6.832ms
[123.998s][info][gc,phases,start] GC(320) Post Compact
[124.002s][info][gc,phases      ] GC(320) Post Compact 4.069ms
[124.003s][info][gc,heap        ] GC(320) PSYoungGen: 116736K(232960K)->100631K(232960K) Eden: 116736K(116736K)->100631K(116736K) From: 0K(116224K)->0K(116224K)
[124.003s][info][gc,heap        ] GC(320) ParOldGen: 698120K(699392K)->698120K(699392K)
[124.003s][info][gc,metaspace   ] GC(320) Metaspace: 114994K(129664K)->114994K(129664K) NonClass: 98231K(107328K)->98231K(107328K) Class: 16762K(22336K)->16762K(22336K)
[124.003s][info][gc             ] GC(320) Pause Full (Ergonomics) 795M->780M(910M) 39.138ms
[124.003s][info][gc,cpu         ] GC(320) User=0.50s Sys=0.00s Real=0.03s
[124.005s][info][gc,start       ] GC(321) Pause Full (Ergonomics)
[124.005s][info][gc,phases,start] GC(321) Marking Phase
[124.034s][info][gc,phases      ] GC(321) Marking Phase 29.006ms
[124.034s][info][gc,phases,start] GC(321) Summary Phase
[124.034s][info][gc,phases      ] GC(321) Summary Phase 0.030ms
[124.034s][info][gc,phases,start] GC(321) Adjust Roots
[124.036s][info][gc,phases      ] GC(321) Adjust Roots 1.925ms
[124.036s][info][gc,phases,start] GC(321) Compaction Phase
[124.077s][info][gc,phases      ] GC(321) Compaction Phase 40.822ms
[124.077s][info][gc,phases,start] GC(321) Post Compact
[124.081s][info][gc,phases      ] GC(321) Post Compact 4.050ms
[124.081s][info][gc,heap        ] GC(321) PSYoungGen: 116736K(232960K)->100713K(232960K) Eden: 116736K(116736K)->100713K(116736K) From: 0K(116224K)->0K(116224K)
[124.081s][info][gc,heap        ] GC(321) ParOldGen: 698120K(699392K)->698120K(699392K)
[124.081s][info][gc,metaspace   ] GC(321) Metaspace: 114996K(129664K)->114996K(129664K) NonClass: 98234K(107328K)->98234K(107328K) Class: 16762K(22336K)->16762K(22336K)
[124.081s][info][gc             ] GC(321) Pause Full (Ergonomics) 795M->780M(910M) 76.116ms
[124.081s][info][gc,cpu         ] GC(321) User=1.09s Sys=0.00s Real=0.08s
[124.083s][info][gc,start       ] GC(322) Pause Full (Ergonomics)
[124.083s][info][gc,phases,start] GC(322) Marking Phase
[124.111s][info][gc,phases      ] GC(322) Marking Phase 27.762ms
[124.111s][info][gc,phases,start] GC(322) Summary Phase
[124.111s][info][gc,phases      ] GC(322) Summary Phase 0.028ms
[124.111s][info][gc,phases,start] GC(322) Adjust Roots
[124.113s][info][gc,phases      ] GC(322) Adjust Roots 1.467ms
[124.113s][info][gc,phases,start] GC(322) Compaction Phase
[124.121s][info][gc,phases      ] GC(322) Compaction Phase 8.635ms
[124.121s][info][gc,phases,start] GC(322) Post Compact
[124.126s][info][gc,phases      ] GC(322) Post Compact 4.108ms
[124.126s][info][gc,heap        ] GC(322) PSYoungGen: 116736K(232960K)->100704K(232960K) Eden: 116736K(116736K)->100704K(116736K) From: 0K(116224K)->0K(116224K)
[124.126s][info][gc,heap        ] GC(322) ParOldGen: 698120K(699392K)->698120K(699392K)
[124.126s][info][gc,metaspace   ] GC(322) Metaspace: 114996K(129664K)->114996K(129664K) NonClass: 98234K(107328K)->98234K(107328K) Class: 16762K(22336K)->16762K(22336K)
[124.126s][info][gc             ] GC(322) Pause Full (Ergonomics) 795M->780M(910M) 42.242ms
[124.126s][info][gc,cpu         ] GC(322) User=0.38s Sys=0.00s Real=0.03s
[124.128s][info][gc,start       ] GC(323) Pause Full (Ergonomics)
[124.128s][info][gc,phases,start] GC(323) Marking Phase
[124.156s][info][gc,phases      ] GC(323) Marking Phase 28.161ms
[124.156s][info][gc,phases,start] GC(323) Summary Phase
[124.156s][info][gc,phases      ] GC(323) Summary Phase 0.028ms
[124.156s][info][gc,phases,start] GC(323) Adjust Roots
[124.158s][info][gc,phases      ] GC(323) Adjust Roots 1.458ms
[124.158s][info][gc,phases,start] GC(323) Compaction Phase
[124.166s][info][gc,phases      ] GC(323) Compaction Phase 7.845ms
[124.166s][info][gc,phases,start] GC(323) Post Compact
[124.170s][info][gc,phases      ] GC(323) Post Compact 3.938ms
[124.170s][info][gc,heap        ] GC(323) PSYoungGen: 116736K(232960K)->100694K(232960K) Eden: 116736K(116736K)->100694K(116736K) From: 0K(116224K)->0K(116224K)
[124.170s][info][gc,heap        ] GC(323) ParOldGen: 698120K(699392K)->698120K(699392K)
[124.170s][info][gc,metaspace   ] GC(323) Metaspace: 114996K(129664K)->114996K(129664K) NonClass: 98234K(107328K)->98234K(107328K) Class: 16762K(22336K)->16762K(22336K)
[124.170s][info][gc             ] GC(323) Pause Full (Ergonomics) 795M->780M(910M) 41.732ms
[124.170s][info][gc,cpu         ] GC(323) User=0.89s Sys=0.00s Real=0.05s
[124.172s][info][gc,start       ] GC(324) Pause Full (Ergonomics)
[124.172s][info][gc,phases,start] GC(324) Marking Phase
[124.201s][info][gc,phases      ] GC(324) Marking Phase 28.857ms
[124.201s][info][gc,phases,start] GC(324) Summary Phase
[124.201s][info][gc,phases      ] GC(324) Summary Phase 0.031ms
[124.201s][info][gc,phases,start] GC(324) Adjust Roots
[124.203s][info][gc,phases      ] GC(324) Adjust Roots 1.442ms
[124.203s][info][gc,phases,start] GC(324) Compaction Phase
[124.210s][info][gc,phases      ] GC(324) Compaction Phase 6.687ms
[124.210s][info][gc,phases,start] GC(324) Post Compact
[124.213s][info][gc,phases      ] GC(324) Post Compact 3.764ms
[124.213s][info][gc,heap        ] GC(324) PSYoungGen: 116736K(232960K)->100680K(232960K) Eden: 116736K(116736K)->100680K(116736K) From: 0K(116224K)->0K(116224K)
[124.213s][info][gc,heap        ] GC(324) ParOldGen: 698120K(699392K)->698120K(699392K)
[124.213s][info][gc,metaspace   ] GC(324) Metaspace: 114996K(129664K)->114996K(129664K) NonClass: 98234K(107328K)->98234K(107328K) Class: 16762K(22336K)->16762K(22336K)
[124.213s][info][gc             ] GC(324) Pause Full (Ergonomics) 795M->780M(910M) 41.039ms
[124.213s][info][gc,cpu         ] GC(324) User=0.34s Sys=0.00s Real=0.03s
[124.216s][info][gc,start       ] GC(325) Pause Full (Ergonomics)
[124.216s][info][gc,phases,start] GC(325) Marking Phase
[124.244s][info][gc,phases      ] GC(325) Marking Phase 27.656ms
[124.244s][info][gc,phases,start] GC(325) Summary Phase
[124.244s][info][gc,phases      ] GC(325) Summary Phase 0.030ms
[124.244s][info][gc,phases,start] GC(325) Adjust Roots
[124.245s][info][gc,phases      ] GC(325) Adjust Roots 1.510ms
[124.245s][info][gc,phases,start] GC(325) Compaction Phase
[124.253s][info][gc,phases      ] GC(325) Compaction Phase 7.464ms
[124.253s][info][gc,phases,start] GC(325) Post Compact
[124.257s][info][gc,phases      ] GC(325) Post Compact 3.934ms
[124.257s][info][gc,heap        ] GC(325) PSYoungGen: 116735K(232960K)->100662K(232960K) Eden: 116735K(116736K)->100662K(116736K) From: 0K(116224K)->0K(116224K)
[124.257s][info][gc,heap        ] GC(325) ParOldGen: 698120K(699392K)->698120K(699392K)
[124.257s][info][gc,metaspace   ] GC(325) Metaspace: 114996K(129664K)->114996K(129664K) NonClass: 98234K(107328K)->98234K(107328K) Class: 16762K(22336K)->16762K(22336K)
[124.257s][info][gc             ] GC(325) Pause Full (Ergonomics) 795M->780M(910M) 40.828ms
[124.257s][info][gc,cpu         ] GC(325) User=0.78s Sys=0.00s Real=0.05s
[124.259s][info][gc,start       ] GC(326) Pause Full (Ergonomics)
[124.259s][info][gc,phases,start] GC(326) Marking Phase
[124.288s][info][gc,phases      ] GC(326) Marking Phase 28.390ms
[124.288s][info][gc,phases,start] GC(326) Summary Phase
[124.288s][info][gc,phases      ] GC(326) Summary Phase 0.027ms
[124.288s][info][gc,phases,start] GC(326) Adjust Roots
[124.289s][info][gc,phases      ] GC(326) Adjust Roots 1.451ms
[124.289s][info][gc,phases,start] GC(326) Compaction Phase
[124.296s][info][gc,phases      ] GC(326) Compaction Phase 6.686ms
[124.296s][info][gc,phases,start] GC(326) Post Compact
[124.300s][info][gc,phases      ] GC(326) Post Compact 3.805ms
[124.300s][info][gc,heap        ] GC(326) PSYoungGen: 116736K(232960K)->100750K(232960K) Eden: 116736K(116736K)->100750K(116736K) From: 0K(116224K)->0K(116224K)
[124.300s][info][gc,heap        ] GC(326) ParOldGen: 698120K(699392K)->698120K(699392K)
[124.300s][info][gc,metaspace   ] GC(326) Metaspace: 114996K(129664K)->114996K(129664K) NonClass: 98234K(107328K)->98234K(107328K) Class: 16762K(22336K)->16762K(22336K)
[124.300s][info][gc             ] GC(326) Pause Full (Ergonomics) 795M->780M(910M) 40.589ms
[124.300s][info][gc,cpu         ] GC(326) User=0.36s Sys=0.00s Real=0.03s
[124.302s][info][gc,start       ] GC(327) Pause Full (Ergonomics)
[124.302s][info][gc,phases,start] GC(327) Marking Phase
[124.331s][info][gc,phases      ] GC(327) Marking Phase 29.105ms
[124.331s][info][gc,phases,start] GC(327) Summary Phase
[124.331s][info][gc,phases      ] GC(327) Summary Phase 0.027ms
[124.331s][info][gc,phases,start] GC(327) Adjust Roots
[124.333s][info][gc,phases      ] GC(327) Adjust Roots 1.433ms
[124.333s][info][gc,phases,start] GC(327) Compaction Phase
[124.341s][info][gc,phases      ] GC(327) Compaction Phase 8.475ms
[124.341s][info][gc,phases,start] GC(327) Post Compact
[124.346s][info][gc,phases      ] GC(327) Post Compact 4.162ms
[124.346s][info][gc,heap        ] GC(327) PSYoungGen: 116736K(232960K)->100692K(232960K) Eden: 116736K(116736K)->100692K(116736K) From: 0K(116224K)->0K(116224K)
[124.346s][info][gc,heap        ] GC(327) ParOldGen: 698120K(699392K)->698120K(699392K)
[124.346s][info][gc,metaspace   ] GC(327) Metaspace: 114996K(129664K)->114996K(129664K) NonClass: 98234K(107328K)->98234K(107328K) Class: 16762K(22336K)->16762K(22336K)
[124.346s][info][gc             ] GC(327) Pause Full (Ergonomics) 795M->780M(910M) 43.480ms
[124.346s][info][gc,cpu         ] GC(327) User=0.33s Sys=0.02s Real=0.03s
[124.348s][info][gc,start       ] GC(328) Pause Full (Ergonomics)
[124.348s][info][gc,phases,start] GC(328) Marking Phase
[124.379s][info][gc,phases      ] GC(328) Marking Phase 30.496ms
[124.379s][info][gc,phases,start] GC(328) Summary Phase
[124.379s][info][gc,phases      ] GC(328) Summary Phase 0.025ms
[124.379s][info][gc,phases,start] GC(328) Adjust Roots
[124.380s][info][gc,phases      ] GC(328) Adjust Roots 1.449ms
[124.380s][info][gc,phases,start] GC(328) Compaction Phase
[124.387s][info][gc,phases      ] GC(328) Compaction Phase 6.702ms
[124.387s][info][gc,phases,start] GC(328) Post Compact
[124.391s][info][gc,phases      ] GC(328) Post Compact 3.787ms
[124.391s][info][gc,heap        ] GC(328) PSYoungGen: 116736K(232960K)->100688K(232960K) Eden: 116736K(116736K)->100688K(116736K) From: 0K(116224K)->0K(116224K)
[124.391s][info][gc,heap        ] GC(328) ParOldGen: 698120K(699392K)->698120K(699392K)
[124.391s][info][gc,metaspace   ] GC(328) Metaspace: 114997K(129664K)->114997K(129664K) NonClass: 98235K(107328K)->98235K(107328K) Class: 16762K(22336K)->16762K(22336K)
[124.391s][info][gc             ] GC(328) Pause Full (Ergonomics) 795M->780M(910M) 42.704ms
[124.391s][info][gc,cpu         ] GC(328) User=0.34s Sys=0.00s Real=0.03s
[124.393s][info][gc,start       ] GC(329) Pause Full (Ergonomics)
[124.393s][info][gc,phases,start] GC(329) Marking Phase
[124.423s][info][gc,phases      ] GC(329) Marking Phase 29.259ms
[124.423s][info][gc,phases,start] GC(329) Summary Phase
[124.423s][info][gc,phases      ] GC(329) Summary Phase 0.030ms
[124.423s][info][gc,phases,start] GC(329) Adjust Roots
[124.424s][info][gc,phases      ] GC(329) Adjust Roots 1.494ms
[124.424s][info][gc,phases,start] GC(329) Compaction Phase
[124.433s][info][gc,phases      ] GC(329) Compaction Phase 8.394ms
[124.433s][info][gc,phases,start] GC(329) Post Compact
[124.437s][info][gc,phases      ] GC(329) Post Compact 4.014ms
[124.437s][info][gc,heap        ] GC(329) PSYoungGen: 116736K(232960K)->100724K(232960K) Eden: 116736K(116736K)->100724K(116736K) From: 0K(116224K)->0K(116224K)
[124.437s][info][gc,heap        ] GC(329) ParOldGen: 698120K(699392K)->698120K(699392K)
[124.437s][info][gc,metaspace   ] GC(329) Metaspace: 114997K(129664K)->114997K(129664K) NonClass: 98235K(107328K)->98235K(107328K) Class: 16762K(22336K)->16762K(22336K)
[124.437s][info][gc             ] GC(329) Pause Full (Ergonomics) 795M->780M(910M) 43.465ms
[124.437s][info][gc,cpu         ] GC(329) User=0.36s Sys=0.02s Real=0.03s
[124.439s][info][gc,start       ] GC(330) Pause Full (Ergonomics)
[124.439s][info][gc,phases,start] GC(330) Marking Phase
[124.473s][info][gc,phases      ] GC(330) Marking Phase 33.870ms
[124.473s][info][gc,phases,start] GC(330) Summary Phase
[124.473s][info][gc,phases      ] GC(330) Summary Phase 0.028ms
[124.473s][info][gc,phases,start] GC(330) Adjust Roots
[124.475s][info][gc,phases      ] GC(330) Adjust Roots 1.459ms
[124.475s][info][gc,phases,start] GC(330) Compaction Phase
[124.483s][info][gc,phases      ] GC(330) Compaction Phase 8.483ms
[124.483s][info][gc,phases,start] GC(330) Post Compact
[124.487s][info][gc,phases      ] GC(330) Post Compact 4.216ms
[124.487s][info][gc,heap        ] GC(330) PSYoungGen: 116736K(232960K)->100726K(232960K) Eden: 116736K(116736K)->100726K(116736K) From: 0K(116224K)->0K(116224K)
[124.487s][info][gc,heap        ] GC(330) ParOldGen: 698120K(699392K)->698119K(699392K)
[124.487s][info][gc,metaspace   ] GC(330) Metaspace: 114997K(129664K)->114997K(129664K) NonClass: 98235K(107328K)->98235K(107328K) Class: 16762K(22336K)->16762K(22336K)
[124.487s][info][gc             ] GC(330) Pause Full (Ergonomics) 795M->780M(910M) 48.333ms
[124.488s][info][gc,cpu         ] GC(330) User=0.70s Sys=0.00s Real=0.05s
[124.490s][info][gc,start       ] GC(331) Pause Full (Ergonomics)
[124.490s][info][gc,phases,start] GC(331) Marking Phase
[124.523s][info][gc,phases      ] GC(331) Marking Phase 32.771ms
[124.523s][info][gc,phases,start] GC(331) Summary Phase
[124.523s][info][gc,phases      ] GC(331) Summary Phase 0.030ms
[124.523s][info][gc,phases,start] GC(331) Adjust Roots
[124.524s][info][gc,phases      ] GC(331) Adjust Roots 1.443ms
[124.524s][info][gc,phases,start] GC(331) Compaction Phase
[124.531s][info][gc,phases      ] GC(331) Compaction Phase 6.775ms
[124.531s][info][gc,phases,start] GC(331) Post Compact
[124.535s][info][gc,phases      ] GC(331) Post Compact 3.856ms
[124.535s][info][gc,heap        ] GC(331) PSYoungGen: 116736K(232960K)->100733K(232960K) Eden: 116736K(116736K)->100733K(116736K) From: 0K(116224K)->0K(116224K)
[124.535s][info][gc,heap        ] GC(331) ParOldGen: 698119K(699392K)->698119K(699392K)
[124.535s][info][gc,metaspace   ] GC(331) Metaspace: 114997K(129664K)->114997K(129664K) NonClass: 98235K(107328K)->98235K(107328K) Class: 16762K(22336K)->16762K(22336K)
[124.535s][info][gc             ] GC(331) Pause Full (Ergonomics) 795M->780M(910M) 45.127ms
[124.535s][info][gc,cpu         ] GC(331) User=0.70s Sys=0.00s Real=0.05s
[124.537s][info][gc,start       ] GC(332) Pause Full (Ergonomics)
[124.538s][info][gc,phases,start] GC(332) Marking Phase
[124.561s][info][gc,phases      ] GC(332) Marking Phase 23.155ms
[124.561s][info][gc,phases,start] GC(332) Summary Phase
[124.561s][info][gc,phases      ] GC(332) Summary Phase 0.027ms
[124.561s][info][gc,phases,start] GC(332) Adjust Roots
[124.562s][info][gc,phases      ] GC(332) Adjust Roots 1.463ms
[124.562s][info][gc,phases,start] GC(332) Compaction Phase
[124.569s][info][gc,phases      ] GC(332) Compaction Phase 6.726ms
[124.569s][info][gc,phases,start] GC(332) Post Compact
[124.573s][info][gc,phases      ] GC(332) Post Compact 3.759ms
[124.573s][info][gc,heap        ] GC(332) PSYoungGen: 116736K(232960K)->100683K(232960K) Eden: 116736K(116736K)->100683K(116736K) From: 0K(116224K)->0K(116224K)
[124.573s][info][gc,heap        ] GC(332) ParOldGen: 698119K(699392K)->698119K(699392K)
[124.573s][info][gc,metaspace   ] GC(332) Metaspace: 114998K(129664K)->114998K(129664K) NonClass: 98236K(107328K)->98236K(107328K) Class: 16762K(22336K)->16762K(22336K)
[124.573s][info][gc             ] GC(332) Pause Full (Ergonomics) 795M->780M(910M) 35.404ms
[124.573s][info][gc,cpu         ] GC(332) User=0.41s Sys=0.00s Real=0.03s
[124.575s][info][gc,start       ] GC(333) Pause Full (Ergonomics)
[124.575s][info][gc,phases,start] GC(333) Marking Phase
[124.603s][info][gc,phases      ] GC(333) Marking Phase 28.215ms
[124.603s][info][gc,phases,start] GC(333) Summary Phase
[124.603s][info][gc,phases      ] GC(333) Summary Phase 0.027ms
[124.604s][info][gc,phases,start] GC(333) Adjust Roots
[124.605s][info][gc,phases      ] GC(333) Adjust Roots 1.496ms
[124.605s][info][gc,phases,start] GC(333) Compaction Phase
[124.613s][info][gc,phases      ] GC(333) Compaction Phase 7.631ms
[124.613s][info][gc,phases,start] GC(333) Post Compact
[124.617s][info][gc,phases      ] GC(333) Post Compact 4.179ms
[124.617s][info][gc,heap        ] GC(333) PSYoungGen: 116736K(232960K)->100716K(232960K) Eden: 116736K(116736K)->100716K(116736K) From: 0K(116224K)->0K(116224K)
[124.617s][info][gc,heap        ] GC(333) ParOldGen: 698119K(699392K)->698119K(699392K)
[124.617s][info][gc,metaspace   ] GC(333) Metaspace: 114999K(129664K)->114999K(129664K) NonClass: 98237K(107328K)->98237K(107328K) Class: 16762K(22336K)->16762K(22336K)
[124.617s][info][gc             ] GC(333) Pause Full (Ergonomics) 795M->780M(910M) 41.807ms
[124.617s][info][gc,cpu         ] GC(333) User=0.34s Sys=0.00s Real=0.03s
[124.619s][info][gc,start       ] GC(334) Pause Full (Ergonomics)
[124.619s][info][gc,phases,start] GC(334) Marking Phase
[124.650s][info][gc,phases      ] GC(334) Marking Phase 31.005ms
[124.650s][info][gc,phases,start] GC(334) Summary Phase
[124.650s][info][gc,phases      ] GC(334) Summary Phase 0.028ms
[124.650s][info][gc,phases,start] GC(334) Adjust Roots
[124.652s][info][gc,phases      ] GC(334) Adjust Roots 1.457ms
[124.652s][info][gc,phases,start] GC(334) Compaction Phase
[124.659s][info][gc,phases      ] GC(334) Compaction Phase 6.880ms
[124.659s][info][gc,phases,start] GC(334) Post Compact
[124.663s][info][gc,phases      ] GC(334) Post Compact 3.797ms
[124.663s][info][gc,heap        ] GC(334) PSYoungGen: 116736K(232960K)->100728K(232960K) Eden: 116736K(116736K)->100728K(116736K) From: 0K(116224K)->0K(116224K)
[124.663s][info][gc,heap        ] GC(334) ParOldGen: 698119K(699392K)->698119K(699392K)
[124.663s][info][gc,metaspace   ] GC(334) Metaspace: 115003K(129664K)->115003K(129664K) NonClass: 98241K(107328K)->98241K(107328K) Class: 16762K(22336K)->16762K(22336K)
[124.663s][info][gc             ] GC(334) Pause Full (Ergonomics) 795M->780M(910M) 43.424ms
[124.663s][info][gc,cpu         ] GC(334) User=0.34s Sys=0.33s Real=0.03s
[124.665s][info][gc,start       ] GC(335) Pause Full (Ergonomics)
[124.665s][info][gc,phases,start] GC(335) Marking Phase
[124.690s][info][gc,phases      ] GC(335) Marking Phase 24.564ms
[124.690s][info][gc,phases,start] GC(335) Summary Phase
[124.690s][info][gc,phases      ] GC(335) Summary Phase 0.027ms
[124.690s][info][gc,phases,start] GC(335) Adjust Roots
[124.691s][info][gc,phases      ] GC(335) Adjust Roots 1.453ms
[124.691s][info][gc,phases,start] GC(335) Compaction Phase
[124.702s][info][gc,phases      ] GC(335) Compaction Phase 10.687ms
[124.702s][info][gc,phases,start] GC(335) Post Compact
[124.706s][info][gc,phases      ] GC(335) Post Compact 3.932ms
[124.706s][info][gc,heap        ] GC(335) PSYoungGen: 116736K(232960K)->100665K(232960K) Eden: 116736K(116736K)->100665K(116736K) From: 0K(116224K)->0K(116224K)
[124.706s][info][gc,heap        ] GC(335) ParOldGen: 698119K(699392K)->698119K(699392K)
[124.706s][info][gc,metaspace   ] GC(335) Metaspace: 115004K(129664K)->115004K(129664K) NonClass: 98242K(107328K)->98242K(107328K) Class: 16762K(22336K)->16762K(22336K)
[124.706s][info][gc             ] GC(335) Pause Full (Ergonomics) 795M->780M(910M) 40.900ms
[124.706s][info][gc,cpu         ] GC(335) User=0.41s Sys=0.00s Real=0.03s
[124.708s][info][gc,start       ] GC(336) Pause Full (Ergonomics)
[124.708s][info][gc,phases,start] GC(336) Marking Phase
[124.737s][info][gc,phases      ] GC(336) Marking Phase 28.839ms
[124.737s][info][gc,phases,start] GC(336) Summary Phase
[124.737s][info][gc,phases      ] GC(336) Summary Phase 0.024ms
[124.737s][info][gc,phases,start] GC(336) Adjust Roots
[124.739s][info][gc,phases      ] GC(336) Adjust Roots 1.522ms
[124.739s][info][gc,phases,start] GC(336) Compaction Phase
[124.747s][info][gc,phases      ] GC(336) Compaction Phase 7.891ms
[124.747s][info][gc,phases,start] GC(336) Post Compact
[124.751s][info][gc,phases      ] GC(336) Post Compact 3.991ms
[124.751s][info][gc,heap        ] GC(336) PSYoungGen: 116735K(232960K)->100642K(232960K) Eden: 116735K(116736K)->100642K(116736K) From: 0K(116224K)->0K(116224K)
[124.751s][info][gc,heap        ] GC(336) ParOldGen: 698119K(699392K)->698119K(699392K)
[124.751s][info][gc,metaspace   ] GC(336) Metaspace: 115004K(129664K)->115004K(129664K) NonClass: 98242K(107328K)->98242K(107328K) Class: 16762K(22336K)->16762K(22336K)
[124.751s][info][gc             ] GC(336) Pause Full (Ergonomics) 795M->780M(910M) 42.526ms
[124.751s][info][gc,cpu         ] GC(336) User=0.75s Sys=0.00s Real=0.04s
[124.767s][info][gc,start       ] GC(337) Pause Full (Ergonomics)
[124.767s][info][gc,phases,start] GC(337) Marking Phase
[124.802s][info][gc,phases      ] GC(337) Marking Phase 35.108ms
[124.802s][info][gc,phases,start] GC(337) Summary Phase
[124.802s][info][gc,phases      ] GC(337) Summary Phase 0.026ms
[124.802s][info][gc,phases,start] GC(337) Adjust Roots
[124.804s][info][gc,phases      ] GC(337) Adjust Roots 1.557ms
[124.804s][info][gc,phases,start] GC(337) Compaction Phase
[124.811s][info][gc,phases      ] GC(337) Compaction Phase 7.352ms
[124.811s][info][gc,phases,start] GC(337) Post Compact
[124.815s][info][gc,phases      ] GC(337) Post Compact 3.807ms
[124.815s][info][gc,heap        ] GC(337) PSYoungGen: 116736K(232960K)->100705K(232960K) Eden: 116736K(116736K)->100705K(116736K) From: 0K(116224K)->0K(116224K)
[124.815s][info][gc,heap        ] GC(337) ParOldGen: 698119K(699392K)->698119K(699392K)
[124.815s][info][gc,metaspace   ] GC(337) Metaspace: 115004K(129664K)->115004K(129664K) NonClass: 98242K(107328K)->98242K(107328K) Class: 16762K(22336K)->16762K(22336K)
[124.815s][info][gc             ] GC(337) Pause Full (Ergonomics) 795M->780M(910M) 48.112ms
[124.815s][info][gc,cpu         ] GC(337) User=0.67s Sys=0.00s Real=0.05s
[124.817s][info][gc,start       ] GC(338) Pause Full (Ergonomics)
[124.817s][info][gc,phases,start] GC(338) Marking Phase
[124.842s][info][gc,phases      ] GC(338) Marking Phase 24.993ms
[124.843s][info][gc,phases,start] GC(338) Summary Phase
[124.843s][info][gc,phases      ] GC(338) Summary Phase 0.025ms
[124.843s][info][gc,phases,start] GC(338) Adjust Roots
[124.844s][info][gc,phases      ] GC(338) Adjust Roots 1.507ms
[124.844s][info][gc,phases,start] GC(338) Compaction Phase
[124.851s][info][gc,phases      ] GC(338) Compaction Phase 6.695ms
[124.851s][info][gc,phases,start] GC(338) Post Compact
[124.855s][info][gc,phases      ] GC(338) Post Compact 3.782ms
[124.855s][info][gc,heap        ] GC(338) PSYoungGen: 116736K(232960K)->100745K(232960K) Eden: 116736K(116736K)->100745K(116736K) From: 0K(116224K)->0K(116224K)
[124.855s][info][gc,heap        ] GC(338) ParOldGen: 698119K(699392K)->698119K(699392K)
[124.855s][info][gc,metaspace   ] GC(338) Metaspace: 115004K(129664K)->115004K(129664K) NonClass: 98242K(107328K)->98242K(107328K) Class: 16762K(22336K)->16762K(22336K)
[124.855s][info][gc             ] GC(338) Pause Full (Ergonomics) 795M->780M(910M) 37.262ms
[124.855s][info][gc,cpu         ] GC(338) User=0.47s Sys=0.00s Real=0.03s
[124.857s][info][gc,start       ] GC(339) Pause Full (Ergonomics)
[124.857s][info][gc,phases,start] GC(339) Marking Phase
[124.885s][info][gc,phases      ] GC(339) Marking Phase 28.232ms
[124.885s][info][gc,phases,start] GC(339) Summary Phase
[124.885s][info][gc,phases      ] GC(339) Summary Phase 0.025ms
[124.885s][info][gc,phases,start] GC(339) Adjust Roots
[124.887s][info][gc,phases      ] GC(339) Adjust Roots 1.494ms
[124.887s][info][gc,phases,start] GC(339) Compaction Phase
[124.895s][info][gc,phases      ] GC(339) Compaction Phase 7.933ms
[124.895s][info][gc,phases,start] GC(339) Post Compact
[124.899s][info][gc,phases      ] GC(339) Post Compact 4.185ms
[124.899s][info][gc,heap        ] GC(339) PSYoungGen: 116736K(232960K)->100751K(232960K) Eden: 116736K(116736K)->100751K(116736K) From: 0K(116224K)->0K(116224K)
[124.899s][info][gc,heap        ] GC(339) ParOldGen: 698119K(699392K)->698119K(699392K)
[124.899s][info][gc,metaspace   ] GC(339) Metaspace: 115004K(129664K)->115004K(129664K) NonClass: 98242K(107328K)->98242K(107328K) Class: 16762K(22336K)->16762K(22336K)
[124.899s][info][gc             ] GC(339) Pause Full (Ergonomics) 795M->780M(910M) 42.144ms
[124.899s][info][gc,cpu         ] GC(339) User=0.73s Sys=0.00s Real=0.05s
[124.901s][info][gc,start       ] GC(340) Pause Full (Ergonomics)
[124.901s][info][gc,phases,start] GC(340) Marking Phase
[124.933s][info][gc,phases      ] GC(340) Marking Phase 32.021ms
[124.933s][info][gc,phases,start] GC(340) Summary Phase
[124.933s][info][gc,phases      ] GC(340) Summary Phase 0.025ms
[124.933s][info][gc,phases,start] GC(340) Adjust Roots
[124.935s][info][gc,phases      ] GC(340) Adjust Roots 1.478ms
[124.935s][info][gc,phases,start] GC(340) Compaction Phase
[124.942s][info][gc,phases      ] GC(340) Compaction Phase 6.676ms
[124.942s][info][gc,phases,start] GC(340) Post Compact
[124.945s][info][gc,phases      ] GC(340) Post Compact 3.744ms
[124.945s][info][gc,heap        ] GC(340) PSYoungGen: 116735K(232960K)->100640K(232960K) Eden: 116735K(116736K)->100640K(116736K) From: 0K(116224K)->0K(116224K)
[124.945s][info][gc,heap        ] GC(340) ParOldGen: 698119K(699392K)->698119K(699392K)
[124.945s][info][gc,metaspace   ] GC(340) Metaspace: 115004K(129664K)->115004K(129664K) NonClass: 98242K(107328K)->98242K(107328K) Class: 16762K(22336K)->16762K(22336K)
[124.945s][info][gc             ] GC(340) Pause Full (Ergonomics) 795M->780M(910M) 44.176ms
[124.945s][info][gc,cpu         ] GC(340) User=0.66s Sys=0.00s Real=0.03s
[124.948s][info][gc,start       ] GC(341) Pause Full (Ergonomics)
[124.948s][info][gc,phases,start] GC(341) Marking Phase
[124.975s][info][gc,phases      ] GC(341) Marking Phase 26.799ms
[124.975s][info][gc,phases,start] GC(341) Summary Phase
[124.975s][info][gc,phases      ] GC(341) Summary Phase 0.025ms
[124.975s][info][gc,phases,start] GC(341) Adjust Roots
[124.976s][info][gc,phases      ] GC(341) Adjust Roots 1.479ms
[124.976s][info][gc,phases,start] GC(341) Compaction Phase
[124.983s][info][gc,phases      ] GC(341) Compaction Phase 6.670ms
[124.983s][info][gc,phases,start] GC(341) Post Compact
[124.987s][info][gc,phases      ] GC(341) Post Compact 3.928ms
[124.987s][info][gc,heap        ] GC(341) PSYoungGen: 116735K(232960K)->100759K(232960K) Eden: 116735K(116736K)->100759K(116736K) From: 0K(116224K)->0K(116224K)
[124.987s][info][gc,heap        ] GC(341) ParOldGen: 698119K(699392K)->698119K(699392K)
[124.987s][info][gc,metaspace   ] GC(341) Metaspace: 115004K(129664K)->115004K(129664K) NonClass: 98242K(107328K)->98242K(107328K) Class: 16762K(22336K)->16762K(22336K)
[124.987s][info][gc             ] GC(341) Pause Full (Ergonomics) 795M->780M(910M) 39.142ms
[124.987s][info][gc,cpu         ] GC(341) User=0.47s Sys=0.00s Real=0.03s
[124.989s][info][gc,start       ] GC(342) Pause Full (Ergonomics)
[124.989s][info][gc,phases,start] GC(342) Marking Phase
[125.019s][info][gc,phases      ] GC(342) Marking Phase 30.070ms
[125.019s][info][gc,phases,start] GC(342) Summary Phase
[125.019s][info][gc,phases      ] GC(342) Summary Phase 0.026ms
[125.019s][info][gc,phases,start] GC(342) Adjust Roots
[125.021s][info][gc,phases      ] GC(342) Adjust Roots 1.472ms
[125.021s][info][gc,phases,start] GC(342) Compaction Phase
[125.029s][info][gc,phases      ] GC(342) Compaction Phase 7.927ms
[125.029s][info][gc,phases,start] GC(342) Post Compact
[125.033s][info][gc,phases      ] GC(342) Post Compact 4.103ms
[125.033s][info][gc,heap        ] GC(342) PSYoungGen: 116736K(232960K)->100763K(232960K) Eden: 116736K(116736K)->100763K(116736K) From: 0K(116224K)->0K(116224K)
[125.033s][info][gc,heap        ] GC(342) ParOldGen: 698119K(699392K)->698119K(699392K)
[125.033s][info][gc,metaspace   ] GC(342) Metaspace: 115004K(129664K)->115004K(129664K) NonClass: 98242K(107328K)->98242K(107328K) Class: 16762K(22336K)->16762K(22336K)
[125.033s][info][gc             ] GC(342) Pause Full (Ergonomics) 795M->780M(910M) 43.810ms
[125.033s][info][gc,cpu         ] GC(342) User=0.34s Sys=0.00s Real=0.03s
[125.035s][info][gc,start       ] GC(343) Pause Full (Ergonomics)
[125.035s][info][gc,phases,start] GC(343) Marking Phase
[125.063s][info][gc,phases      ] GC(343) Marking Phase 27.449ms
[125.063s][info][gc,phases,start] GC(343) Summary Phase
[125.063s][info][gc,phases      ] GC(343) Summary Phase 0.027ms
[125.063s][info][gc,phases,start] GC(343) Adjust Roots
[125.064s][info][gc,phases      ] GC(343) Adjust Roots 1.472ms
[125.064s][info][gc,phases,start] GC(343) Compaction Phase
[125.075s][info][gc,phases      ] GC(343) Compaction Phase 10.593ms
[125.075s][info][gc,phases,start] GC(343) Post Compact
[125.079s][info][gc,phases      ] GC(343) Post Compact 3.873ms
[125.079s][info][gc,heap        ] GC(343) PSYoungGen: 116735K(232960K)->100611K(232960K) Eden: 116735K(116736K)->100611K(116736K) From: 0K(116224K)->0K(116224K)
[125.079s][info][gc,heap        ] GC(343) ParOldGen: 698119K(699392K)->698119K(699392K)
[125.079s][info][gc,metaspace   ] GC(343) Metaspace: 115004K(129664K)->115004K(129664K) NonClass: 98242K(107328K)->98242K(107328K) Class: 16762K(22336K)->16762K(22336K)
[125.079s][info][gc             ] GC(343) Pause Full (Ergonomics) 795M->780M(910M) 43.665ms
[125.079s][info][gc,cpu         ] GC(343) User=0.66s Sys=0.00s Real=0.03s
[125.081s][info][gc,start       ] GC(344) Pause Full (Ergonomics)
[125.081s][info][gc,phases,start] GC(344) Marking Phase
[125.113s][info][gc,phases      ] GC(344) Marking Phase 31.799ms
[125.113s][info][gc,phases,start] GC(344) Summary Phase
[125.113s][info][gc,phases      ] GC(344) Summary Phase 0.025ms
[125.113s][info][gc,phases,start] GC(344) Adjust Roots
[125.115s][info][gc,phases      ] GC(344) Adjust Roots 1.486ms
[125.115s][info][gc,phases,start] GC(344) Compaction Phase
[125.123s][info][gc,phases      ] GC(344) Compaction Phase 8.059ms
[125.123s][info][gc,phases,start] GC(344) Post Compact
[125.127s][info][gc,phases      ] GC(344) Post Compact 4.073ms
[125.127s][info][gc,heap        ] GC(344) PSYoungGen: 116736K(232960K)->100690K(232960K) Eden: 116736K(116736K)->100690K(116736K) From: 0K(116224K)->0K(116224K)
[125.127s][info][gc,heap        ] GC(344) ParOldGen: 698119K(699392K)->698119K(699392K)
[125.127s][info][gc,metaspace   ] GC(344) Metaspace: 115004K(129664K)->115004K(129664K) NonClass: 98242K(107328K)->98242K(107328K) Class: 16762K(22336K)->16762K(22336K)
[125.127s][info][gc             ] GC(344) Pause Full (Ergonomics) 795M->780M(910M) 45.701ms
[125.127s][info][gc,cpu         ] GC(344) User=0.67s Sys=0.00s Real=0.05s
[125.129s][info][gc,start       ] GC(345) Pause Full (Ergonomics)
[125.129s][info][gc,phases,start] GC(345) Marking Phase
[125.156s][info][gc,phases      ] GC(345) Marking Phase 27.160ms
[125.156s][info][gc,phases,start] GC(345) Summary Phase
[125.156s][info][gc,phases      ] GC(345) Summary Phase 0.026ms
[125.156s][info][gc,phases,start] GC(345) Adjust Roots
[125.158s][info][gc,phases      ] GC(345) Adjust Roots 1.563ms
[125.158s][info][gc,phases,start] GC(345) Compaction Phase
[125.169s][info][gc,phases      ] GC(345) Compaction Phase 10.910ms
[125.169s][info][gc,phases,start] GC(345) Post Compact
[125.173s][info][gc,phases      ] GC(345) Post Compact 4.178ms
[125.173s][info][gc,heap        ] GC(345) PSYoungGen: 116735K(232960K)->100743K(232960K) Eden: 116735K(116736K)->100743K(116736K) From: 0K(116224K)->0K(116224K)
[125.173s][info][gc,heap        ] GC(345) ParOldGen: 698119K(699392K)->698119K(699392K)
[125.173s][info][gc,metaspace   ] GC(345) Metaspace: 115004K(129664K)->115004K(129664K) NonClass: 98242K(107328K)->98242K(107328K) Class: 16762K(22336K)->16762K(22336K)
[125.173s][info][gc             ] GC(345) Pause Full (Ergonomics) 795M->780M(910M) 44.107ms
[125.173s][info][gc,cpu         ] GC(345) User=0.66s Sys=0.00s Real=0.03s
[125.175s][info][gc,start       ] GC(346) Pause Full (Ergonomics)
[125.175s][info][gc,phases,start] GC(346) Marking Phase
[125.205s][info][gc,phases      ] GC(346) Marking Phase 29.771ms
[125.205s][info][gc,phases,start] GC(346) Summary Phase
[125.205s][info][gc,phases      ] GC(346) Summary Phase 0.026ms
[125.205s][info][gc,phases,start] GC(346) Adjust Roots
[125.207s][info][gc,phases      ] GC(346) Adjust Roots 1.504ms
[125.207s][info][gc,phases,start] GC(346) Compaction Phase
[125.218s][info][gc,phases      ] GC(346) Compaction Phase 10.731ms
[125.218s][info][gc,phases,start] GC(346) Post Compact
[125.222s][info][gc,phases      ] GC(346) Post Compact 4.192ms
[125.222s][info][gc,heap        ] GC(346) PSYoungGen: 116736K(232960K)->100681K(232960K) Eden: 116736K(116736K)->100681K(116736K) From: 0K(116224K)->0K(116224K)
[125.222s][info][gc,heap        ] GC(346) ParOldGen: 698119K(699392K)->698119K(699392K)
[125.222s][info][gc,metaspace   ] GC(346) Metaspace: 115004K(129664K)->115004K(129664K) NonClass: 98242K(107328K)->98242K(107328K) Class: 16762K(22336K)->16762K(22336K)
[125.222s][info][gc             ] GC(346) Pause Full (Ergonomics) 795M->780M(910M) 46.458ms
[125.222s][info][gc,cpu         ] GC(346) User=0.36s Sys=0.00s Real=0.05s
[125.224s][info][gc,start       ] GC(347) Pause Full (Ergonomics)
[125.224s][info][gc,phases,start] GC(347) Marking Phase
[125.250s][info][gc,phases      ] GC(347) Marking Phase 25.751ms
[125.250s][info][gc,phases,start] GC(347) Summary Phase
[125.250s][info][gc,phases      ] GC(347) Summary Phase 0.026ms
[125.250s][info][gc,phases,start] GC(347) Adjust Roots
[125.252s][info][gc,phases      ] GC(347) Adjust Roots 1.479ms
[125.252s][info][gc,phases,start] GC(347) Compaction Phase
[125.258s][info][gc,phases      ] GC(347) Compaction Phase 6.883ms
[125.258s][info][gc,phases,start] GC(347) Post Compact
[125.262s][info][gc,phases      ] GC(347) Post Compact 3.977ms
[125.262s][info][gc,heap        ] GC(347) PSYoungGen: 116736K(232960K)->100634K(232960K) Eden: 116736K(116736K)->100634K(116736K) From: 0K(116224K)->0K(116224K)
[125.262s][info][gc,heap        ] GC(347) ParOldGen: 698119K(699392K)->698119K(699392K)
[125.262s][info][gc,metaspace   ] GC(347) Metaspace: 115004K(129664K)->115004K(129664K) NonClass: 98242K(107328K)->98242K(107328K) Class: 16762K(22336K)->16762K(22336K)
[125.263s][info][gc             ] GC(347) Pause Full (Ergonomics) 795M->780M(910M) 38.339ms
[125.263s][info][gc,cpu         ] GC(347) User=0.45s Sys=0.00s Real=0.03s
[125.265s][info][gc,start       ] GC(348) Pause Full (Ergonomics)
[125.265s][info][gc,phases,start] GC(348) Marking Phase
[125.292s][info][gc,phases      ] GC(348) Marking Phase 27.599ms
[125.292s][info][gc,phases,start] GC(348) Summary Phase
[125.292s][info][gc,phases      ] GC(348) Summary Phase 0.026ms
[125.292s][info][gc,phases,start] GC(348) Adjust Roots
[125.294s][info][gc,phases      ] GC(348) Adjust Roots 1.509ms
[125.294s][info][gc,phases,start] GC(348) Compaction Phase
[125.302s][info][gc,phases      ] GC(348) Compaction Phase 7.921ms
[125.302s][info][gc,phases,start] GC(348) Post Compact
[125.306s][info][gc,phases      ] GC(348) Post Compact 4.023ms
[125.306s][info][gc,heap        ] GC(348) PSYoungGen: 116736K(232960K)->100665K(232960K) Eden: 116736K(116736K)->100665K(116736K) From: 0K(116224K)->0K(116224K)
[125.306s][info][gc,heap        ] GC(348) ParOldGen: 698119K(699392K)->698119K(699392K)
[125.306s][info][gc,metaspace   ] GC(348) Metaspace: 115004K(129664K)->115004K(129664K) NonClass: 98242K(107328K)->98242K(107328K) Class: 16762K(22336K)->16762K(22336K)
[125.306s][info][gc             ] GC(348) Pause Full (Ergonomics) 795M->780M(910M) 41.305ms
[125.306s][info][gc,cpu         ] GC(348) User=0.34s Sys=0.00s Real=0.03s
[125.308s][info][gc,start       ] GC(349) Pause Full (Ergonomics)
[125.308s][info][gc,phases,start] GC(349) Marking Phase
[125.335s][info][gc,phases      ] GC(349) Marking Phase 26.645ms
[125.335s][info][gc,phases,start] GC(349) Summary Phase
[125.335s][info][gc,phases      ] GC(349) Summary Phase 0.026ms
[125.335s][info][gc,phases,start] GC(349) Adjust Roots
[125.336s][info][gc,phases      ] GC(349) Adjust Roots 1.502ms
[125.336s][info][gc,phases,start] GC(349) Compaction Phase
[125.343s][info][gc,phases      ] GC(349) Compaction Phase 6.677ms
[125.343s][info][gc,phases,start] GC(349) Post Compact
[125.347s][info][gc,phases      ] GC(349) Post Compact 3.793ms
[125.347s][info][gc,heap        ] GC(349) PSYoungGen: 116735K(232960K)->100674K(232960K) Eden: 116735K(116736K)->100674K(116736K) From: 0K(116224K)->0K(116224K)
[125.347s][info][gc,heap        ] GC(349) ParOldGen: 698119K(699392K)->698119K(699392K)
[125.347s][info][gc,metaspace   ] GC(349) Metaspace: 115004K(129664K)->115004K(129664K) NonClass: 98242K(107328K)->98242K(107328K) Class: 16762K(22336K)->16762K(22336K)
[125.347s][info][gc             ] GC(349) Pause Full (Ergonomics) 795M->780M(910M) 38.878ms
[125.347s][info][gc,cpu         ] GC(349) User=0.70s Sys=0.02s Real=0.05s
[125.349s][info][gc,start       ] GC(350) Pause Full (Ergonomics)
[125.349s][info][gc,phases,start] GC(350) Marking Phase
[125.377s][info][gc,phases      ] GC(350) Marking Phase 27.638ms
[125.377s][info][gc,phases,start] GC(350) Summary Phase
[125.377s][info][gc,phases      ] GC(350) Summary Phase 0.025ms
[125.377s][info][gc,phases,start] GC(350) Adjust Roots
[125.379s][info][gc,phases      ] GC(350) Adjust Roots 1.485ms
[125.379s][info][gc,phases,start] GC(350) Compaction Phase
[125.385s][info][gc,phases      ] GC(350) Compaction Phase 6.649ms
[125.385s][info][gc,phases,start] GC(350) Post Compact
[125.389s][info][gc,phases      ] GC(350) Post Compact 3.995ms
[125.389s][info][gc,heap        ] GC(350) PSYoungGen: 116736K(232960K)->100693K(232960K) Eden: 116736K(116736K)->100693K(116736K) From: 0K(116224K)->0K(116224K)
[125.389s][info][gc,heap        ] GC(350) ParOldGen: 698119K(699392K)->698119K(699392K)
[125.389s][info][gc,metaspace   ] GC(350) Metaspace: 115004K(129664K)->115004K(129664K) NonClass: 98242K(107328K)->98242K(107328K) Class: 16762K(22336K)->16762K(22336K)
[125.389s][info][gc             ] GC(350) Pause Full (Ergonomics) 795M->780M(910M) 40.030ms
[125.389s][info][gc,cpu         ] GC(350) User=0.34s Sys=0.00s Real=0.03s
[125.392s][info][gc,start       ] GC(351) Pause Full (Ergonomics)
[125.392s][info][gc,phases,start] GC(351) Marking Phase
[125.419s][info][gc,phases      ] GC(351) Marking Phase 27.435ms
[125.419s][info][gc,phases,start] GC(351) Summary Phase
[125.419s][info][gc,phases      ] GC(351) Summary Phase 0.028ms
[125.419s][info][gc,phases,start] GC(351) Adjust Roots
[125.421s][info][gc,phases      ] GC(351) Adjust Roots 1.492ms
[125.421s][info][gc,phases,start] GC(351) Compaction Phase
[125.431s][info][gc,phases      ] GC(351) Compaction Phase 10.800ms
[125.431s][info][gc,phases,start] GC(351) Post Compact
[125.436s][info][gc,phases      ] GC(351) Post Compact 4.180ms
[125.436s][info][gc,heap        ] GC(351) PSYoungGen: 116736K(232960K)->100708K(232960K) Eden: 116736K(116736K)->100708K(116736K) From: 0K(116224K)->0K(116224K)
[125.436s][info][gc,heap        ] GC(351) ParOldGen: 698119K(699392K)->698119K(699392K)
[125.436s][info][gc,metaspace   ] GC(351) Metaspace: 115004K(129664K)->115004K(129664K) NonClass: 98242K(107328K)->98242K(107328K) Class: 16762K(22336K)->16762K(22336K)
[125.436s][info][gc             ] GC(351) Pause Full (Ergonomics) 795M->780M(910M) 44.216ms
[125.436s][info][gc,cpu         ] GC(351) User=0.66s Sys=0.00s Real=0.03s
[125.437s][info][gc,start       ] GC(352) Pause Full (Ergonomics)
[125.437s][info][gc,phases,start] GC(352) Marking Phase
[125.466s][info][gc,phases      ] GC(352) Marking Phase 28.971ms
[125.466s][info][gc,phases,start] GC(352) Summary Phase
[125.466s][info][gc,phases      ] GC(352) Summary Phase 0.027ms
[125.466s][info][gc,phases,start] GC(352) Adjust Roots
[125.468s][info][gc,phases      ] GC(352) Adjust Roots 1.492ms
[125.468s][info][gc,phases,start] GC(352) Compaction Phase
[125.475s][info][gc,phases      ] GC(352) Compaction Phase 6.757ms
[125.475s][info][gc,phases,start] GC(352) Post Compact
[125.478s][info][gc,phases      ] GC(352) Post Compact 3.790ms
[125.478s][info][gc,heap        ] GC(352) PSYoungGen: 112288K(232960K)->106872K(232960K) Eden: 112288K(116736K)->106872K(116736K) From: 0K(116224K)->0K(116224K)
[125.478s][info][gc,heap        ] GC(352) ParOldGen: 698119K(699392K)->698119K(699392K)
[125.478s][info][gc,metaspace   ] GC(352) Metaspace: 115004K(129664K)->115004K(129664K) NonClass: 98242K(107328K)->98242K(107328K) Class: 16762K(22336K)->16762K(22336K)
[125.478s][info][gc             ] GC(352) Pause Full (Ergonomics) 791M->786M(910M) 41.273ms
[125.479s][info][gc,cpu         ] GC(352) User=0.34s Sys=0.00s Real=0.03s
[125.480s][info][gc,start       ] GC(353) Pause Full (Ergonomics)
[125.480s][info][gc,phases,start] GC(353) Marking Phase
[125.504s][info][gc,phases      ] GC(353) Marking Phase 23.431ms
[125.504s][info][gc,phases,start] GC(353) Summary Phase
[125.504s][info][gc,phases      ] GC(353) Summary Phase 0.028ms
[125.504s][info][gc,phases,start] GC(353) Adjust Roots
[125.505s][info][gc,phases      ] GC(353) Adjust Roots 1.505ms
[125.505s][info][gc,phases,start] GC(353) Compaction Phase
[125.514s][info][gc,phases      ] GC(353) Compaction Phase 8.564ms
[125.514s][info][gc,phases,start] GC(353) Post Compact
[125.518s][info][gc,phases      ] GC(353) Post Compact 3.911ms
[125.518s][info][gc,heap        ] GC(353) PSYoungGen: 116736K(232960K)->113271K(232960K) Eden: 116736K(116736K)->113271K(116736K) From: 0K(116224K)->0K(116224K)
[125.518s][info][gc,heap        ] GC(353) ParOldGen: 698119K(699392K)->698119K(699392K)
[125.518s][info][gc,metaspace   ] GC(353) Metaspace: 115004K(129664K)->115004K(129664K) NonClass: 98242K(107328K)->98242K(107328K) Class: 16762K(22336K)->16762K(22336K)
[125.518s][info][gc             ] GC(353) Pause Full (Ergonomics) 795M->792M(910M) 37.709ms
[125.518s][info][gc,cpu         ] GC(353) User=0.39s Sys=0.00s Real=0.03s
[125.519s][info][gc,start       ] GC(354) Pause Full (Ergonomics)
[125.519s][info][gc,phases,start] GC(354) Marking Phase
[125.548s][info][gc,phases      ] GC(354) Marking Phase 29.208ms
[125.548s][info][gc,phases,start] GC(354) Summary Phase
[125.548s][info][gc,phases      ] GC(354) Summary Phase 0.026ms
[125.548s][info][gc,phases,start] GC(354) Adjust Roots
[125.550s][info][gc,phases      ] GC(354) Adjust Roots 1.487ms
[125.550s][info][gc,phases,start] GC(354) Compaction Phase
[125.561s][info][gc,phases      ] GC(354) Compaction Phase 11.132ms
[125.561s][info][gc,phases,start] GC(354) Post Compact
[125.565s][info][gc,phases      ] GC(354) Post Compact 4.040ms
[125.565s][info][gc,heap        ] GC(354) PSYoungGen: 116735K(232960K)->110124K(232960K) Eden: 116735K(116736K)->110124K(116736K) From: 0K(116224K)->0K(116224K)
[125.565s][info][gc,heap        ] GC(354) ParOldGen: 698119K(699392K)->698119K(699392K)
[125.565s][info][gc,metaspace   ] GC(354) Metaspace: 115004K(129664K)->115004K(129664K) NonClass: 98242K(107328K)->98242K(107328K) Class: 16762K(22336K)->16762K(22336K)
[125.565s][info][gc             ] GC(354) Pause Full (Ergonomics) 795M->789M(910M) 46.143ms
[125.565s][info][gc,cpu         ] GC(354) User=0.78s Sys=0.00s Real=0.05s
[125.567s][info][gc,start       ] GC(355) Pause Full (Ergonomics)
[125.567s][info][gc,phases,start] GC(355) Marking Phase
[125.597s][info][gc,phases      ] GC(355) Marking Phase 30.257ms
[125.597s][info][gc,phases,start] GC(355) Summary Phase
[125.597s][info][gc,phases      ] GC(355) Summary Phase 0.027ms
[125.597s][info][gc,phases,start] GC(355) Adjust Roots
[125.599s][info][gc,phases      ] GC(355) Adjust Roots 1.476ms
[125.599s][info][gc,phases,start] GC(355) Compaction Phase
[125.609s][info][gc,phases      ] GC(355) Compaction Phase 10.187ms
[125.609s][info][gc,phases,start] GC(355) Post Compact
[125.613s][info][gc,phases      ] GC(355) Post Compact 4.189ms
[125.613s][info][gc,heap        ] GC(355) PSYoungGen: 116736K(232960K)->106994K(232960K) Eden: 116736K(116736K)->106994K(116736K) From: 0K(116224K)->0K(116224K)
[125.613s][info][gc,heap        ] GC(355) ParOldGen: 698119K(699392K)->698119K(699392K)
[125.613s][info][gc,metaspace   ] GC(355) Metaspace: 115004K(129664K)->115004K(129664K) NonClass: 98242K(107328K)->98242K(107328K) Class: 16762K(22336K)->16762K(22336K)
[125.613s][info][gc             ] GC(355) Pause Full (Ergonomics) 795M->786M(910M) 46.391ms
[125.613s][info][gc,cpu         ] GC(355) User=0.80s Sys=0.00s Real=0.05s
[125.616s][info][gc,start       ] GC(356) Pause Full (Ergonomics)
[125.616s][info][gc,phases,start] GC(356) Marking Phase
[125.645s][info][gc,phases      ] GC(356) Marking Phase 29.303ms
[125.645s][info][gc,phases,start] GC(356) Summary Phase
[125.645s][info][gc,phases      ] GC(356) Summary Phase 0.026ms
[125.645s][info][gc,phases,start] GC(356) Adjust Roots
[125.647s][info][gc,phases      ] GC(356) Adjust Roots 1.543ms
[125.647s][info][gc,phases,start] GC(356) Compaction Phase
[125.655s][info][gc,phases      ] GC(356) Compaction Phase 8.007ms
[125.655s][info][gc,phases,start] GC(356) Post Compact
[125.659s][info][gc,phases      ] GC(356) Post Compact 4.009ms
[125.659s][info][gc,heap        ] GC(356) PSYoungGen: 116735K(232960K)->106898K(232960K) Eden: 116735K(116736K)->106898K(116736K) From: 0K(116224K)->0K(116224K)
[125.659s][info][gc,heap        ] GC(356) ParOldGen: 698119K(699392K)->698119K(699392K)
[125.659s][info][gc,metaspace   ] GC(356) Metaspace: 115004K(129664K)->115004K(129664K) NonClass: 98242K(107328K)->98242K(107328K) Class: 16762K(22336K)->16762K(22336K)
[125.659s][info][gc             ] GC(356) Pause Full (Ergonomics) 795M->786M(910M) 43.108ms
[125.659s][info][gc,cpu         ] GC(356) User=0.36s Sys=0.00s Real=0.03s
[125.661s][info][gc,start       ] GC(357) Pause Full (Ergonomics)
[125.661s][info][gc,phases,start] GC(357) Marking Phase
[125.690s][info][gc,phases      ] GC(357) Marking Phase 28.291ms
[125.690s][info][gc,phases,start] GC(357) Summary Phase
[125.690s][info][gc,phases      ] GC(357) Summary Phase 0.028ms
[125.690s][info][gc,phases,start] GC(357) Adjust Roots
[125.691s][info][gc,phases      ] GC(357) Adjust Roots 1.481ms
[125.691s][info][gc,phases,start] GC(357) Compaction Phase
[125.698s][info][gc,phases      ] GC(357) Compaction Phase 6.798ms
[125.698s][info][gc,phases,start] GC(357) Post Compact
[125.702s][info][gc,phases      ] GC(357) Post Compact 3.961ms
[125.702s][info][gc,heap        ] GC(357) PSYoungGen: 116735K(232960K)->106865K(232960K) Eden: 116735K(116736K)->106865K(116736K) From: 0K(116224K)->0K(116224K)
[125.702s][info][gc,heap        ] GC(357) ParOldGen: 698119K(699392K)->698119K(699392K)
[125.702s][info][gc,metaspace   ] GC(357) Metaspace: 115004K(129664K)->115004K(129664K) NonClass: 98242K(107328K)->98242K(107328K) Class: 16762K(22336K)->16762K(22336K)
[125.702s][info][gc             ] GC(357) Pause Full (Ergonomics) 795M->786M(910M) 40.850ms
[125.702s][info][gc,cpu         ] GC(357) User=0.69s Sys=0.00s Real=0.03s
[125.705s][info][gc,start       ] GC(358) Pause Full (Ergonomics)
[125.705s][info][gc,phases,start] GC(358) Marking Phase
[125.732s][info][gc,phases      ] GC(358) Marking Phase 27.194ms
[125.732s][info][gc,phases,start] GC(358) Summary Phase
[125.732s][info][gc,phases      ] GC(358) Summary Phase 0.027ms
[125.732s][info][gc,phases,start] GC(358) Adjust Roots
[125.733s][info][gc,phases      ] GC(358) Adjust Roots 1.467ms
[125.733s][info][gc,phases,start] GC(358) Compaction Phase
[125.741s][info][gc,phases      ] GC(358) Compaction Phase 7.314ms
[125.741s][info][gc,phases,start] GC(358) Post Compact
[125.745s][info][gc,phases      ] GC(358) Post Compact 4.021ms
[125.745s][info][gc,heap        ] GC(358) PSYoungGen: 116735K(232960K)->106908K(232960K) Eden: 116735K(116736K)->106908K(116736K) From: 0K(116224K)->0K(116224K)
[125.745s][info][gc,heap        ] GC(358) ParOldGen: 698119K(699392K)->698119K(699392K)
[125.745s][info][gc,metaspace   ] GC(358) Metaspace: 115004K(129664K)->115004K(129664K) NonClass: 98242K(107328K)->98242K(107328K) Class: 16762K(22336K)->16762K(22336K)
[125.745s][info][gc             ] GC(358) Pause Full (Ergonomics) 795M->786M(910M) 40.319ms
[125.745s][info][gc,cpu         ] GC(358) User=0.38s Sys=0.00s Real=0.03s
[125.747s][info][gc,start       ] GC(359) Pause Full (Ergonomics)
[125.747s][info][gc,phases,start] GC(359) Marking Phase
[125.775s][info][gc,phases      ] GC(359) Marking Phase 28.560ms
[125.775s][info][gc,phases,start] GC(359) Summary Phase
[125.775s][info][gc,phases      ] GC(359) Summary Phase 0.026ms
[125.775s][info][gc,phases,start] GC(359) Adjust Roots
[125.777s][info][gc,phases      ] GC(359) Adjust Roots 1.488ms
[125.777s][info][gc,phases,start] GC(359) Compaction Phase
[125.783s][info][gc,phases      ] GC(359) Compaction Phase 6.734ms
[125.783s][info][gc,phases,start] GC(359) Post Compact
[125.787s][info][gc,phases      ] GC(359) Post Compact 3.921ms
[125.787s][info][gc,heap        ] GC(359) PSYoungGen: 113347K(232960K)->106956K(232960K) Eden: 113347K(116736K)->106956K(116736K) From: 0K(116224K)->0K(116224K)
[125.787s][info][gc,heap        ] GC(359) ParOldGen: 698119K(699392K)->698119K(699392K)
[125.787s][info][gc,metaspace   ] GC(359) Metaspace: 115004K(129664K)->115004K(129664K) NonClass: 98242K(107328K)->98242K(107328K) Class: 16762K(22336K)->16762K(22336K)
[125.788s][info][gc             ] GC(359) Pause Full (Ergonomics) 792M->786M(910M) 40.994ms
[125.788s][info][gc,cpu         ] GC(359) User=0.77s Sys=0.00s Real=0.05s
[125.789s][info][gc,start       ] GC(360) Pause Full (Ergonomics)
[125.789s][info][gc,phases,start] GC(360) Marking Phase
[125.818s][info][gc,phases      ] GC(360) Marking Phase 28.988ms
[125.818s][info][gc,phases,start] GC(360) Summary Phase
[125.818s][info][gc,phases      ] GC(360) Summary Phase 0.029ms
[125.818s][info][gc,phases,start] GC(360) Adjust Roots
[125.819s][info][gc,phases      ] GC(360) Adjust Roots 1.499ms
[125.819s][info][gc,phases,start] GC(360) Compaction Phase
[125.826s][info][gc,phases      ] GC(360) Compaction Phase 6.758ms
[125.826s][info][gc,phases,start] GC(360) Post Compact
[125.830s][info][gc,phases      ] GC(360) Post Compact 3.932ms
[125.830s][info][gc,heap        ] GC(360) PSYoungGen: 116736K(232960K)->113153K(232960K) Eden: 116736K(116736K)->113153K(116736K) From: 0K(116224K)->0K(116224K)
[125.830s][info][gc,heap        ] GC(360) ParOldGen: 698119K(699392K)->698119K(699392K)
[125.830s][info][gc,metaspace   ] GC(360) Metaspace: 115004K(129664K)->115004K(129664K) NonClass: 98242K(107328K)->98242K(107328K) Class: 16762K(22336K)->16762K(22336K)
[125.830s][info][gc             ] GC(360) Pause Full (Ergonomics) 795M->792M(910M) 41.487ms
[125.830s][info][gc,cpu         ] GC(360) User=0.67s Sys=0.00s Real=0.05s
[125.832s][info][gc,start       ] GC(361) Pause Full (Ergonomics)
[125.832s][info][gc,phases,start] GC(361) Marking Phase
[125.859s][info][gc,phases      ] GC(361) Marking Phase 27.778ms
[125.859s][info][gc,phases,start] GC(361) Summary Phase
[125.859s][info][gc,phases      ] GC(361) Summary Phase 0.024ms
[125.859s][info][gc,phases,start] GC(361) Adjust Roots
[125.861s][info][gc,phases      ] GC(361) Adjust Roots 1.460ms
[125.861s][info][gc,phases,start] GC(361) Compaction Phase
[125.872s][info][gc,phases      ] GC(361) Compaction Phase 11.122ms
[125.872s][info][gc,phases,start] GC(361) Post Compact
[125.876s][info][gc,phases      ] GC(361) Post Compact 4.214ms
[125.876s][info][gc,heap        ] GC(361) PSYoungGen: 116736K(232960K)->110055K(232960K) Eden: 116736K(116736K)->110055K(116736K) From: 0K(116224K)->0K(116224K)
[125.876s][info][gc,heap        ] GC(361) ParOldGen: 698119K(699392K)->698121K(699392K)
[125.876s][info][gc,metaspace   ] GC(361) Metaspace: 115004K(129664K)->115004K(129664K) NonClass: 98242K(107328K)->98242K(107328K) Class: 16762K(22336K)->16762K(22336K)
[125.876s][info][gc             ] GC(361) Pause Full (Ergonomics) 795M->789M(910M) 44.865ms
[125.876s][info][gc,cpu         ] GC(361) User=0.36s Sys=0.00s Real=0.05s
[125.878s][info][gc,start       ] GC(362) Pause Full (Ergonomics)
[125.878s][info][gc,phases,start] GC(362) Marking Phase
[125.907s][info][gc,phases      ] GC(362) Marking Phase 29.151ms
[125.907s][info][gc,phases,start] GC(362) Summary Phase
[125.907s][info][gc,phases      ] GC(362) Summary Phase 0.029ms
[125.907s][info][gc,phases,start] GC(362) Adjust Roots
[125.909s][info][gc,phases      ] GC(362) Adjust Roots 1.476ms
[125.909s][info][gc,phases,start] GC(362) Compaction Phase
[125.916s][info][gc,phases      ] GC(362) Compaction Phase 6.708ms
[125.916s][info][gc,phases,start] GC(362) Post Compact
[125.919s][info][gc,phases      ] GC(362) Post Compact 3.755ms
[125.920s][info][gc,heap        ] GC(362) PSYoungGen: 116001K(232960K)->109985K(232960K) Eden: 116001K(116736K)->109985K(116736K) From: 0K(116224K)->0K(116224K)
[125.920s][info][gc,heap        ] GC(362) ParOldGen: 698121K(699392K)->698121K(699392K)
[125.920s][info][gc,metaspace   ] GC(362) Metaspace: 115004K(129664K)->115004K(129664K) NonClass: 98242K(107328K)->98242K(107328K) Class: 16762K(22336K)->16762K(22336K)
[125.920s][info][gc             ] GC(362) Pause Full (Ergonomics) 795M->789M(910M) 41.371ms
[125.920s][info][gc,cpu         ] GC(362) User=0.34s Sys=0.00s Real=0.03s
[125.938s][info][gc,start       ] GC(363) Pause Full (Ergonomics)
[125.938s][info][gc,phases,start] GC(363) Marking Phase
[125.974s][info][gc,phases      ] GC(363) Marking Phase 35.899ms
[125.974s][info][gc,phases,start] GC(363) Summary Phase
[125.974s][info][gc,phases      ] GC(363) Summary Phase 0.026ms
[125.974s][info][gc,phases,start] GC(363) Adjust Roots
[125.975s][info][gc,phases      ] GC(363) Adjust Roots 1.540ms
[125.975s][info][gc,phases,start] GC(363) Compaction Phase
[125.982s][info][gc,phases      ] GC(363) Compaction Phase 6.705ms
[125.982s][info][gc,phases,start] GC(363) Post Compact
[125.986s][info][gc,phases      ] GC(363) Post Compact 3.901ms
[125.986s][info][gc,heap        ] GC(363) PSYoungGen: 116735K(232960K)->116264K(232960K) Eden: 116735K(116736K)->116264K(116736K) From: 0K(116224K)->0K(116224K)
[125.986s][info][gc,heap        ] GC(363) ParOldGen: 698121K(699392K)->698121K(699392K)
[125.986s][info][gc,metaspace   ] GC(363) Metaspace: 115004K(129664K)->115004K(129664K) NonClass: 98242K(107328K)->98242K(107328K) Class: 16762K(22336K)->16762K(22336K)
[125.986s][info][gc             ] GC(363) Pause Full (Ergonomics) 795M->795M(910M) 48.348ms
[125.986s][info][gc,cpu         ] GC(363) User=0.67s Sys=0.00s Real=0.05s
[125.987s][info][gc,start       ] GC(364) Pause Full (Ergonomics)
[125.987s][info][gc,phases,start] GC(364) Marking Phase
[126.015s][info][gc,phases      ] GC(364) Marking Phase 28.442ms
[126.015s][info][gc,phases,start] GC(364) Summary Phase
[126.015s][info][gc,phases      ] GC(364) Summary Phase 0.024ms
[126.015s][info][gc,phases,start] GC(364) Adjust Roots
[126.017s][info][gc,phases      ] GC(364) Adjust Roots 1.498ms
[126.017s][info][gc,phases,start] GC(364) Compaction Phase
[126.025s][info][gc,phases      ] GC(364) Compaction Phase 8.363ms
[126.025s][info][gc,phases,start] GC(364) Post Compact
[126.029s][info][gc,phases      ] GC(364) Post Compact 3.808ms
[126.029s][info][gc,heap        ] GC(364) PSYoungGen: 116736K(232960K)->116213K(232960K) Eden: 116736K(116736K)->116213K(116736K) From: 0K(116224K)->0K(116224K)
[126.029s][info][gc,heap        ] GC(364) ParOldGen: 698121K(699392K)->698121K(699392K)
[126.029s][info][gc,metaspace   ] GC(364) Metaspace: 115004K(129664K)->115004K(129664K) NonClass: 98242K(107328K)->98242K(107328K) Class: 16762K(22336K)->16762K(22336K)
[126.029s][info][gc             ] GC(364) Pause Full (Ergonomics) 795M->795M(910M) 42.351ms
[126.029s][info][gc,cpu         ] GC(364) User=0.66s Sys=0.00s Real=0.03s
[126.030s][info][gc,start       ] GC(365) Pause Full (Ergonomics)
[126.030s][info][gc,phases,start] GC(365) Marking Phase
[126.058s][info][gc,phases      ] GC(365) Marking Phase 28.251ms
[126.058s][info][gc,phases,start] GC(365) Summary Phase
[126.058s][info][gc,phases      ] GC(365) Summary Phase 0.025ms
[126.058s][info][gc,phases,start] GC(365) Adjust Roots
[126.060s][info][gc,phases      ] GC(365) Adjust Roots 1.469ms
[126.060s][info][gc,phases,start] GC(365) Compaction Phase
[126.071s][info][gc,phases      ] GC(365) Compaction Phase 11.468ms
[126.071s][info][gc,phases,start] GC(365) Post Compact
[126.075s][info][gc,phases      ] GC(365) Post Compact 4.193ms
[126.075s][info][gc,heap        ] GC(365) PSYoungGen: 116736K(232960K)->113122K(232960K) Eden: 116736K(116736K)->113122K(116736K) From: 0K(116224K)->0K(116224K)
[126.075s][info][gc,heap        ] GC(365) ParOldGen: 698121K(699392K)->698122K(699392K)
[126.075s][info][gc,metaspace   ] GC(365) Metaspace: 115004K(129664K)->115004K(129664K) NonClass: 98242K(107328K)->98242K(107328K) Class: 16762K(22336K)->16762K(22336K)
[126.075s][info][gc             ] GC(365) Pause Full (Ergonomics) 795M->792M(910M) 45.643ms
[126.075s][info][gc,cpu         ] GC(365) User=0.66s Sys=0.00s Real=0.03s
[126.076s][info][gc,start       ] GC(366) Pause Full (Ergonomics)
[126.077s][info][gc,phases,start] GC(366) Marking Phase
[126.107s][info][gc,phases      ] GC(366) Marking Phase 30.724ms
[126.107s][info][gc,phases,start] GC(366) Summary Phase
[126.107s][info][gc,phases      ] GC(366) Summary Phase 0.028ms
[126.107s][info][gc,phases,start] GC(366) Adjust Roots
[126.109s][info][gc,phases      ] GC(366) Adjust Roots 1.508ms
[126.109s][info][gc,phases,start] GC(366) Compaction Phase
[126.116s][info][gc,phases      ] GC(366) Compaction Phase 7.056ms
[126.116s][info][gc,phases,start] GC(366) Post Compact
[126.120s][info][gc,phases      ] GC(366) Post Compact 3.795ms
[126.120s][info][gc,heap        ] GC(366) PSYoungGen: 116736K(232960K)->113167K(232960K) Eden: 116736K(116736K)->113167K(116736K) From: 0K(116224K)->0K(116224K)
[126.120s][info][gc,heap        ] GC(366) ParOldGen: 698122K(699392K)->698122K(699392K)
[126.120s][info][gc,metaspace   ] GC(366) Metaspace: 115004K(129664K)->115004K(129664K) NonClass: 98242K(107328K)->98242K(107328K) Class: 16762K(22336K)->16762K(22336K)
[126.120s][info][gc             ] GC(366) Pause Full (Ergonomics) 795M->792M(910M) 43.368ms
[126.120s][info][gc,cpu         ] GC(366) User=0.30s Sys=0.02s Real=0.03s
[126.121s][info][gc,start       ] GC(367) Pause Full (Ergonomics)
[126.121s][info][gc,phases,start] GC(367) Marking Phase
[126.148s][info][gc,phases      ] GC(367) Marking Phase 27.082ms
[126.148s][info][gc,phases,start] GC(367) Summary Phase
[126.148s][info][gc,phases      ] GC(367) Summary Phase 0.025ms
[126.148s][info][gc,phases,start] GC(367) Adjust Roots
[126.150s][info][gc,phases      ] GC(367) Adjust Roots 1.486ms
[126.150s][info][gc,phases,start] GC(367) Compaction Phase
[126.157s][info][gc,phases      ] GC(367) Compaction Phase 6.769ms
[126.157s][info][gc,phases,start] GC(367) Post Compact
[126.160s][info][gc,phases      ] GC(367) Post Compact 3.919ms
[126.161s][info][gc,heap        ] GC(367) PSYoungGen: 116735K(232960K)->113227K(232960K) Eden: 116735K(116736K)->113227K(116736K) From: 0K(116224K)->0K(116224K)
[126.161s][info][gc,heap        ] GC(367) ParOldGen: 698122K(699392K)->698122K(699392K)
[126.161s][info][gc,metaspace   ] GC(367) Metaspace: 115004K(129664K)->115004K(129664K) NonClass: 98242K(107328K)->98242K(107328K) Class: 16762K(22336K)->16762K(22336K)
[126.161s][info][gc             ] GC(367) Pause Full (Ergonomics) 795M->792M(910M) 39.528ms
[126.161s][info][gc,cpu         ] GC(367) User=0.47s Sys=0.00s Real=0.03s
[126.162s][info][gc,start       ] GC(368) Pause Full (Ergonomics)
[126.162s][info][gc,phases,start] GC(368) Marking Phase
[126.189s][info][gc,phases      ] GC(368) Marking Phase 27.381ms
[126.189s][info][gc,phases,start] GC(368) Summary Phase
[126.189s][info][gc,phases      ] GC(368) Summary Phase 0.024ms
[126.189s][info][gc,phases,start] GC(368) Adjust Roots
[126.191s][info][gc,phases      ] GC(368) Adjust Roots 1.481ms
[126.191s][info][gc,phases,start] GC(368) Compaction Phase
[126.197s][info][gc,phases      ] GC(368) Compaction Phase 6.725ms
[126.197s][info][gc,phases,start] GC(368) Post Compact
[126.201s][info][gc,phases      ] GC(368) Post Compact 3.848ms
[126.201s][info][gc,heap        ] GC(368) PSYoungGen: 116736K(232960K)->113248K(232960K) Eden: 116736K(116736K)->113248K(116736K) From: 0K(116224K)->0K(116224K)
[126.201s][info][gc,heap        ] GC(368) ParOldGen: 698122K(699392K)->698122K(699392K)
[126.201s][info][gc,metaspace   ] GC(368) Metaspace: 115004K(129664K)->115004K(129664K) NonClass: 98242K(107328K)->98242K(107328K) Class: 16762K(22336K)->16762K(22336K)
[126.201s][info][gc             ] GC(368) Pause Full (Ergonomics) 795M->792M(910M) 39.714ms
[126.201s][info][gc,cpu         ] GC(368) User=0.47s Sys=0.00s Real=0.03s
[126.202s][info][gc,start       ] GC(369) Pause Full (Ergonomics)
[126.202s][info][gc,phases,start] GC(369) Marking Phase
[126.230s][info][gc,phases      ] GC(369) Marking Phase 27.750ms
[126.230s][info][gc,phases,start] GC(369) Summary Phase
[126.230s][info][gc,phases      ] GC(369) Summary Phase 0.026ms
[126.230s][info][gc,phases,start] GC(369) Adjust Roots
[126.231s][info][gc,phases      ] GC(369) Adjust Roots 1.612ms
[126.231s][info][gc,phases,start] GC(369) Compaction Phase
[126.238s][info][gc,phases      ] GC(369) Compaction Phase 6.664ms
[126.238s][info][gc,phases,start] GC(369) Post Compact
[126.242s][info][gc,phases      ] GC(369) Post Compact 3.746ms
[126.242s][info][gc,heap        ] GC(369) PSYoungGen: 113670K(232960K)->113202K(232960K) Eden: 113670K(116736K)->113202K(116736K) From: 0K(116224K)->0K(116224K)
[126.242s][info][gc,heap        ] GC(369) ParOldGen: 698122K(699392K)->698122K(699392K)
[126.242s][info][gc,metaspace   ] GC(369) Metaspace: 115004K(129664K)->115004K(129664K) NonClass: 98242K(107328K)->98242K(107328K) Class: 16762K(22336K)->16762K(22336K)
[126.242s][info][gc             ] GC(369) Pause Full (Ergonomics) 792M->792M(910M) 40.031ms
[126.242s][info][gc,cpu         ] GC(369) User=0.67s Sys=0.00s Real=0.05s
[126.242s][info][gc,start       ] GC(370) Pause Full (Allocation Failure)
[126.242s][info][gc,phases,start] GC(370) Marking Phase
[126.277s][info][gc,phases      ] GC(370) Marking Phase 34.623ms
[126.277s][info][gc,phases,start] GC(370) Summary Phase
[126.277s][info][gc,phases      ] GC(370) Summary Phase 0.026ms
[126.277s][info][gc,phases,start] GC(370) Adjust Roots
[126.281s][info][gc,phases      ] GC(370) Adjust Roots 3.934ms
[126.281s][info][gc,phases,start] GC(370) Compaction Phase
[126.351s][info][gc,phases      ] GC(370) Compaction Phase 70.374ms
[126.351s][info][gc,phases,start] GC(370) Post Compact
[126.358s][info][gc,phases      ] GC(370) Post Compact 6.497ms
[126.358s][info][gc,heap        ] GC(370) PSYoungGen: 113202K(232960K)->110075K(232960K) Eden: 113202K(116736K)->110075K(116736K) From: 0K(116224K)->0K(116224K)
[126.358s][info][gc,heap        ] GC(370) ParOldGen: 698122K(699392K)->696879K(699392K)
[126.358s][info][gc,metaspace   ] GC(370) Metaspace: 115004K(129664K)->114196K(126656K) NonClass: 98242K(107328K)->97586K(105344K) Class: 16762K(22336K)->16609K(21312K)
[126.358s][info][gc             ] GC(370) Pause Full (Allocation Failure) 792M->788M(910M) 115.760ms
[126.358s][info][gc,cpu         ] GC(370) User=1.64s Sys=0.00s Real=0.11s
[126.359s][info][gc,start       ] GC(371) Pause Full (Ergonomics)
[126.359s][info][gc,phases,start] GC(371) Marking Phase
[126.383s][info][gc,phases      ] GC(371) Marking Phase 24.069ms
[126.383s][info][gc,phases,start] GC(371) Summary Phase
[126.383s][info][gc,phases      ] GC(371) Summary Phase 0.027ms
[126.383s][info][gc,phases,start] GC(371) Adjust Roots
[126.385s][info][gc,phases      ] GC(371) Adjust Roots 1.514ms
[126.385s][info][gc,phases,start] GC(371) Compaction Phase
[126.392s][info][gc,phases      ] GC(371) Compaction Phase 6.760ms
[126.392s][info][gc,phases,start] GC(371) Post Compact
[126.396s][info][gc,phases      ] GC(371) Post Compact 3.915ms
[126.396s][info][gc,heap        ] GC(371) PSYoungGen: 116736K(232960K)->116273K(232960K) Eden: 116736K(116736K)->116273K(116736K) From: 0K(116224K)->0K(116224K)
[126.396s][info][gc,heap        ] GC(371) ParOldGen: 696901K(699392K)->696889K(699392K)
[126.396s][info][gc,metaspace   ] GC(371) Metaspace: 114196K(126656K)->114196K(126656K) NonClass: 97586K(105344K)->97586K(105344K) Class: 16609K(21312K)->16609K(21312K)
[126.396s][info][gc             ] GC(371) Pause Full (Ergonomics) 794M->794M(910M) 36.537ms
[126.396s][info][gc,cpu         ] GC(371) User=0.38s Sys=0.00s Real=0.03s
[126.397s][info][gc,start       ] GC(372) Pause Full (Ergonomics)
[126.397s][info][gc,phases,start] GC(372) Marking Phase
[126.445s][info][gc,phases      ] GC(372) Marking Phase 48.638ms
[126.445s][info][gc,phases,start] GC(372) Summary Phase
[126.445s][info][gc,phases      ] GC(372) Summary Phase 0.037ms
[126.445s][info][gc,phases,start] GC(372) Adjust Roots
[126.448s][info][gc,phases      ] GC(372) Adjust Roots 2.239ms
[126.448s][info][gc,phases,start] GC(372) Compaction Phase
[126.461s][info][gc,phases      ] GC(372) Compaction Phase 13.549ms
[126.461s][info][gc,phases,start] GC(372) Post Compact
[126.466s][info][gc,phases      ] GC(372) Post Compact 4.841ms
[126.466s][info][gc,heap        ] GC(372) PSYoungGen: 116735K(232960K)->116245K(232960K) Eden: 116735K(116736K)->116245K(116736K) From: 0K(116224K)->0K(116224K)
[126.466s][info][gc,heap        ] GC(372) ParOldGen: 696889K(699392K)->696889K(699392K)
[126.466s][info][gc,metaspace   ] GC(372) Metaspace: 114196K(126656K)->114196K(126656K) NonClass: 97586K(105344K)->97586K(105344K) Class: 16609K(21312K)->16609K(21312K)
[126.466s][info][gc             ] GC(372) Pause Full (Ergonomics) 794M->794M(910M) 69.666ms
[126.466s][info][gc,cpu         ] GC(372) User=0.73s Sys=0.02s Real=0.06s
[126.467s][info][gc,start       ] GC(373) Pause Full (Ergonomics)
[126.467s][info][gc,phases,start] GC(373) Marking Phase
[126.497s][info][gc,phases      ] GC(373) Marking Phase 29.694ms
[126.497s][info][gc,phases,start] GC(373) Summary Phase
[126.497s][info][gc,phases      ] GC(373) Summary Phase 0.024ms
[126.497s][info][gc,phases,start] GC(373) Adjust Roots
[126.498s][info][gc,phases      ] GC(373) Adjust Roots 1.484ms
[126.498s][info][gc,phases,start] GC(373) Compaction Phase
[126.509s][info][gc,phases      ] GC(373) Compaction Phase 10.995ms
[126.509s][info][gc,phases,start] GC(373) Post Compact
[126.513s][info][gc,phases      ] GC(373) Post Compact 4.032ms
[126.513s][info][gc,heap        ] GC(373) PSYoungGen: 116736K(232960K)->113118K(232960K) Eden: 116736K(116736K)->113118K(116736K) From: 0K(116224K)->0K(116224K)
[126.513s][info][gc,heap        ] GC(373) ParOldGen: 696889K(699392K)->696888K(699392K)
[126.513s][info][gc,metaspace   ] GC(373) Metaspace: 114196K(126656K)->114196K(126656K) NonClass: 97586K(105344K)->97586K(105344K) Class: 16609K(21312K)->16609K(21312K)
[126.513s][info][gc             ] GC(373) Pause Full (Ergonomics) 794M->791M(910M) 46.537ms
[126.514s][info][gc,cpu         ] GC(373) User=0.34s Sys=0.00s Real=0.03s
[126.515s][info][gc,start       ] GC(374) Pause Full (Ergonomics)
[126.515s][info][gc,phases,start] GC(374) Marking Phase
[126.537s][info][gc,phases      ] GC(374) Marking Phase 22.467ms
[126.537s][info][gc,phases,start] GC(374) Summary Phase
[126.537s][info][gc,phases      ] GC(374) Summary Phase 0.025ms
[126.537s][info][gc,phases,start] GC(374) Adjust Roots
[126.539s][info][gc,phases      ] GC(374) Adjust Roots 1.430ms
[126.539s][info][gc,phases,start] GC(374) Compaction Phase
[126.545s][info][gc,phases      ] GC(374) Compaction Phase 6.506ms
[126.545s][info][gc,phases,start] GC(374) Post Compact
[126.549s][info][gc,phases      ] GC(374) Post Compact 3.938ms
[126.549s][info][gc,heap        ] GC(374) PSYoungGen: 116736K(232960K)->113244K(232960K) Eden: 116736K(116736K)->113244K(116736K) From: 0K(116224K)->0K(116224K)
[126.549s][info][gc,heap        ] GC(374) ParOldGen: 696888K(699392K)->696883K(699392K)
[126.549s][info][gc,metaspace   ] GC(374) Metaspace: 114196K(126656K)->114196K(126656K) NonClass: 97586K(105344K)->97586K(105344K) Class: 16609K(21312K)->16609K(21312K)
[126.549s][info][gc             ] GC(374) Pause Full (Ergonomics) 794M->791M(910M) 34.630ms
[126.550s][info][gc,cpu         ] GC(374) User=0.38s Sys=0.00s Real=0.04s
[126.551s][info][gc,start       ] GC(375) Pause Full (Ergonomics)
[126.551s][info][gc,phases,start] GC(375) Marking Phase
[126.574s][info][gc,phases      ] GC(375) Marking Phase 23.122ms
[126.574s][info][gc,phases,start] GC(375) Summary Phase
[126.574s][info][gc,phases      ] GC(375) Summary Phase 0.025ms
[126.574s][info][gc,phases,start] GC(375) Adjust Roots
[126.575s][info][gc,phases      ] GC(375) Adjust Roots 1.384ms
[126.575s][info][gc,phases,start] GC(375) Compaction Phase
[126.583s][info][gc,phases      ] GC(375) Compaction Phase 8.150ms
[126.583s][info][gc,phases,start] GC(375) Post Compact
[126.588s][info][gc,phases      ] GC(375) Post Compact 4.099ms
[126.588s][info][gc,heap        ] GC(375) PSYoungGen: 116735K(232960K)->113222K(232960K) Eden: 116735K(116736K)->113222K(116736K) From: 0K(116224K)->0K(116224K)
[126.588s][info][gc,heap        ] GC(375) ParOldGen: 696883K(699392K)->696882K(699392K)
[126.588s][info][gc,metaspace   ] GC(375) Metaspace: 114196K(126656K)->114196K(126656K) NonClass: 97586K(105344K)->97586K(105344K) Class: 16609K(21312K)->16609K(21312K)
[126.588s][info][gc             ] GC(375) Pause Full (Ergonomics) 794M->791M(910M) 37.041ms
[126.588s][info][gc,cpu         ] GC(375) User=0.67s Sys=0.00s Real=0.04s
[126.589s][info][gc,start       ] GC(376) Pause Full (Ergonomics)
[126.589s][info][gc,phases,start] GC(376) Marking Phase
[126.613s][info][gc,phases      ] GC(376) Marking Phase 24.590ms
[126.613s][info][gc,phases,start] GC(376) Summary Phase
[126.614s][info][gc,phases      ] GC(376) Summary Phase 0.025ms
[126.614s][info][gc,phases,start] GC(376) Adjust Roots
[126.615s][info][gc,phases      ] GC(376) Adjust Roots 1.440ms
[126.615s][info][gc,phases,start] GC(376) Compaction Phase
[126.622s][info][gc,phases      ] GC(376) Compaction Phase 6.595ms
[126.622s][info][gc,phases,start] GC(376) Post Compact
[126.625s][info][gc,phases      ] GC(376) Post Compact 3.878ms
[126.626s][info][gc,heap        ] GC(376) PSYoungGen: 116735K(232960K)->113193K(232960K) Eden: 116735K(116736K)->113193K(116736K) From: 0K(116224K)->0K(116224K)
[126.626s][info][gc,heap        ] GC(376) ParOldGen: 696882K(699392K)->696881K(699392K)
[126.626s][info][gc,metaspace   ] GC(376) Metaspace: 114196K(126656K)->114196K(126656K) NonClass: 97586K(105344K)->97586K(105344K) Class: 16609K(21312K)->16609K(21312K)
[126.626s][info][gc             ] GC(376) Pause Full (Ergonomics) 794M->791M(910M) 36.791ms
[126.626s][info][gc,cpu         ] GC(376) User=0.45s Sys=0.00s Real=0.03s
[126.627s][info][gc,start       ] GC(377) Pause Full (Ergonomics)
[126.627s][info][gc,phases,start] GC(377) Marking Phase
[126.652s][info][gc,phases      ] GC(377) Marking Phase 25.519ms
[126.652s][info][gc,phases,start] GC(377) Summary Phase
[126.652s][info][gc,phases      ] GC(377) Summary Phase 0.026ms
[126.652s][info][gc,phases,start] GC(377) Adjust Roots
[126.654s][info][gc,phases      ] GC(377) Adjust Roots 1.423ms
[126.654s][info][gc,phases,start] GC(377) Compaction Phase
[126.660s][info][gc,phases      ] GC(377) Compaction Phase 6.490ms
[126.660s][info][gc,phases,start] GC(377) Post Compact
[126.664s][info][gc,phases      ] GC(377) Post Compact 3.782ms
[126.664s][info][gc,heap        ] GC(377) PSYoungGen: 116735K(232960K)->113162K(232960K) Eden: 116735K(116736K)->113162K(116736K) From: 0K(116224K)->0K(116224K)
[126.664s][info][gc,heap        ] GC(377) ParOldGen: 696881K(699392K)->696879K(699392K)
[126.664s][info][gc,metaspace   ] GC(377) Metaspace: 114196K(126656K)->114196K(126656K) NonClass: 97586K(105344K)->97586K(105344K) Class: 16609K(21312K)->16609K(21312K)
[126.664s][info][gc             ] GC(377) Pause Full (Ergonomics) 794M->791M(910M) 37.466ms
[126.664s][info][gc,cpu         ] GC(377) User=0.42s Sys=0.00s Real=0.03s
[126.666s][info][gc,start       ] GC(378) Pause Full (Ergonomics)
[126.666s][info][gc,phases,start] GC(378) Marking Phase
[126.689s][info][gc,phases      ] GC(378) Marking Phase 23.164ms
[126.689s][info][gc,phases,start] GC(378) Summary Phase
[126.689s][info][gc,phases      ] GC(378) Summary Phase 0.025ms
[126.689s][info][gc,phases,start] GC(378) Adjust Roots
[126.690s][info][gc,phases      ] GC(378) Adjust Roots 1.417ms
[126.690s][info][gc,phases,start] GC(378) Compaction Phase
[126.697s][info][gc,phases      ] GC(378) Compaction Phase 6.569ms
[126.697s][info][gc,phases,start] GC(378) Post Compact
[126.701s][info][gc,phases      ] GC(378) Post Compact 3.834ms
[126.701s][info][gc,heap        ] GC(378) PSYoungGen: 116735K(232960K)->113154K(232960K) Eden: 116735K(116736K)->113154K(116736K) From: 0K(116224K)->0K(116224K)
[126.701s][info][gc,heap        ] GC(378) ParOldGen: 696879K(699392K)->696879K(699392K)
[126.701s][info][gc,metaspace   ] GC(378) Metaspace: 114196K(126656K)->114196K(126656K) NonClass: 97586K(105344K)->97586K(105344K) Class: 16609K(21312K)->16609K(21312K)
[126.701s][info][gc             ] GC(378) Pause Full (Ergonomics) 794M->791M(910M) 35.231ms
[126.701s][info][gc,cpu         ] GC(378) User=0.38s Sys=0.00s Real=0.03s
[126.702s][info][gc,start       ] GC(379) Pause Full (Ergonomics)
[126.702s][info][gc,phases,start] GC(379) Marking Phase
[126.725s][info][gc,phases      ] GC(379) Marking Phase 23.365ms
[126.725s][info][gc,phases,start] GC(379) Summary Phase
[126.726s][info][gc,phases      ] GC(379) Summary Phase 0.023ms
[126.726s][info][gc,phases,start] GC(379) Adjust Roots
[126.727s][info][gc,phases      ] GC(379) Adjust Roots 1.484ms
[126.727s][info][gc,phases,start] GC(379) Compaction Phase
[126.734s][info][gc,phases      ] GC(379) Compaction Phase 6.556ms
[126.734s][info][gc,phases,start] GC(379) Post Compact
[126.738s][info][gc,phases      ] GC(379) Post Compact 3.886ms
[126.738s][info][gc,heap        ] GC(379) PSYoungGen: 116736K(232960K)->113194K(232960K) Eden: 116736K(116736K)->113194K(116736K) From: 0K(116224K)->0K(116224K)
[126.738s][info][gc,heap        ] GC(379) ParOldGen: 696879K(699392K)->696879K(699392K)
[126.738s][info][gc,metaspace   ] GC(379) Metaspace: 114196K(126656K)->114196K(126656K) NonClass: 97586K(105344K)->97586K(105344K) Class: 16609K(21312K)->16609K(21312K)
[126.738s][info][gc             ] GC(379) Pause Full (Ergonomics) 794M->791M(910M) 35.558ms
[126.738s][info][gc,cpu         ] GC(379) User=0.38s Sys=0.00s Real=0.03s
[126.739s][info][gc,start       ] GC(380) Pause Full (Ergonomics)
[126.739s][info][gc,phases,start] GC(380) Marking Phase
[126.767s][info][gc,phases      ] GC(380) Marking Phase 27.716ms
[126.767s][info][gc,phases,start] GC(380) Summary Phase
[126.767s][info][gc,phases      ] GC(380) Summary Phase 0.023ms
[126.767s][info][gc,phases,start] GC(380) Adjust Roots
[126.768s][info][gc,phases      ] GC(380) Adjust Roots 1.493ms
[126.768s][info][gc,phases,start] GC(380) Compaction Phase
[126.775s][info][gc,phases      ] GC(380) Compaction Phase 6.559ms
[126.775s][info][gc,phases,start] GC(380) Post Compact
[126.779s][info][gc,phases      ] GC(380) Post Compact 3.961ms
[126.779s][info][gc,heap        ] GC(380) PSYoungGen: 116736K(232960K)->113241K(232960K) Eden: 116736K(116736K)->113241K(116736K) From: 0K(116224K)->0K(116224K)
[126.779s][info][gc,heap        ] GC(380) ParOldGen: 696879K(699392K)->696879K(699392K)
[126.779s][info][gc,metaspace   ] GC(380) Metaspace: 114196K(126656K)->114196K(126656K) NonClass: 97586K(105344K)->97586K(105344K) Class: 16609K(21312K)->16609K(21312K)
[126.779s][info][gc             ] GC(380) Pause Full (Ergonomics) 794M->791M(910M) 39.969ms
[126.779s][info][gc,cpu         ] GC(380) User=0.45s Sys=0.00s Real=0.03s
[126.780s][info][gc,start       ] GC(381) Pause Full (Ergonomics)
[126.780s][info][gc,phases,start] GC(381) Marking Phase
[126.806s][info][gc,phases      ] GC(381) Marking Phase 25.579ms
[126.806s][info][gc,phases,start] GC(381) Summary Phase
[126.806s][info][gc,phases      ] GC(381) Summary Phase 0.025ms
[126.806s][info][gc,phases,start] GC(381) Adjust Roots
[126.807s][info][gc,phases      ] GC(381) Adjust Roots 1.486ms
[126.807s][info][gc,phases,start] GC(381) Compaction Phase
[126.814s][info][gc,phases      ] GC(381) Compaction Phase 6.464ms
[126.814s][info][gc,phases,start] GC(381) Post Compact
[126.817s][info][gc,phases      ] GC(381) Post Compact 3.784ms
[126.817s][info][gc,heap        ] GC(381) PSYoungGen: 116736K(232960K)->113152K(232960K) Eden: 116736K(116736K)->113152K(116736K) From: 0K(116224K)->0K(116224K)
[126.817s][info][gc,heap        ] GC(381) ParOldGen: 696879K(699392K)->696879K(699392K)
[126.817s][info][gc,metaspace   ] GC(381) Metaspace: 114196K(126656K)->114196K(126656K) NonClass: 97586K(105344K)->97586K(105344K) Class: 16609K(21312K)->16609K(21312K)
[126.818s][info][gc             ] GC(381) Pause Full (Ergonomics) 794M->791M(910M) 37.575ms
[126.818s][info][gc,cpu         ] GC(381) User=0.67s Sys=0.00s Real=0.05s
[126.819s][info][gc,start       ] GC(382) Pause Full (Ergonomics)
[126.819s][info][gc,phases,start] GC(382) Marking Phase
[126.844s][info][gc,phases      ] GC(382) Marking Phase 25.262ms
[126.844s][info][gc,phases,start] GC(382) Summary Phase
[126.844s][info][gc,phases      ] GC(382) Summary Phase 0.024ms
[126.844s][info][gc,phases,start] GC(382) Adjust Roots
[126.846s][info][gc,phases      ] GC(382) Adjust Roots 1.427ms
[126.846s][info][gc,phases,start] GC(382) Compaction Phase
[126.852s][info][gc,phases      ] GC(382) Compaction Phase 6.529ms
[126.852s][info][gc,phases,start] GC(382) Post Compact
[126.856s][info][gc,phases      ] GC(382) Post Compact 3.810ms
[126.856s][info][gc,heap        ] GC(382) PSYoungGen: 116735K(232960K)->113110K(232960K) Eden: 116735K(116736K)->113110K(116736K) From: 0K(116224K)->0K(116224K)
[126.856s][info][gc,heap        ] GC(382) ParOldGen: 696879K(699392K)->696879K(699392K)
[126.856s][info][gc,metaspace   ] GC(382) Metaspace: 114196K(126656K)->114196K(126656K) NonClass: 97586K(105344K)->97586K(105344K) Class: 16609K(21312K)->16609K(21312K)
[126.856s][info][gc             ] GC(382) Pause Full (Ergonomics) 794M->791M(910M) 37.387ms
[126.856s][info][gc,cpu         ] GC(382) User=0.42s Sys=0.00s Real=0.03s
[126.858s][info][gc,start       ] GC(383) Pause Full (Ergonomics)
[126.858s][info][gc,phases,start] GC(383) Marking Phase
[126.879s][info][gc,phases      ] GC(383) Marking Phase 21.770ms
[126.879s][info][gc,phases,start] GC(383) Summary Phase
[126.879s][info][gc,phases      ] GC(383) Summary Phase 0.024ms
[126.879s][info][gc,phases,start] GC(383) Adjust Roots
[126.881s][info][gc,phases      ] GC(383) Adjust Roots 1.440ms
[126.881s][info][gc,phases,start] GC(383) Compaction Phase
[126.887s][info][gc,phases      ] GC(383) Compaction Phase 6.494ms
[126.887s][info][gc,phases,start] GC(383) Post Compact
[126.891s][info][gc,phases      ] GC(383) Post Compact 3.914ms
[126.891s][info][gc,heap        ] GC(383) PSYoungGen: 116736K(232960K)->113211K(232960K) Eden: 116736K(116736K)->113211K(116736K) From: 0K(116224K)->0K(116224K)
[126.891s][info][gc,heap        ] GC(383) ParOldGen: 696879K(699392K)->696879K(699392K)
[126.891s][info][gc,metaspace   ] GC(383) Metaspace: 114196K(126656K)->114196K(126656K) NonClass: 97586K(105344K)->97586K(105344K) Class: 16609K(21312K)->16609K(21312K)
[126.891s][info][gc             ] GC(383) Pause Full (Ergonomics) 794M->791M(910M) 33.888ms
[126.891s][info][gc,cpu         ] GC(383) User=0.34s Sys=0.00s Real=0.03s
[126.893s][info][gc,start       ] GC(384) Pause Full (Ergonomics)
[126.893s][info][gc,phases,start] GC(384) Marking Phase
[126.915s][info][gc,phases      ] GC(384) Marking Phase 22.809ms
[126.916s][info][gc,phases,start] GC(384) Summary Phase
[126.916s][info][gc,phases      ] GC(384) Summary Phase 0.025ms
[126.916s][info][gc,phases,start] GC(384) Adjust Roots
[126.917s][info][gc,phases      ] GC(384) Adjust Roots 1.437ms
[126.917s][info][gc,phases,start] GC(384) Compaction Phase
[126.924s][info][gc,phases      ] GC(384) Compaction Phase 6.531ms
[126.924s][info][gc,phases,start] GC(384) Post Compact
[126.927s][info][gc,phases      ] GC(384) Post Compact 3.875ms
[126.928s][info][gc,heap        ] GC(384) PSYoungGen: 116736K(232960K)->113254K(232960K) Eden: 116736K(116736K)->113254K(116736K) From: 0K(116224K)->0K(116224K)
[126.928s][info][gc,heap        ] GC(384) ParOldGen: 696879K(699392K)->696879K(699392K)
[126.928s][info][gc,metaspace   ] GC(384) Metaspace: 114196K(126656K)->114196K(126656K) NonClass: 97586K(105344K)->97586K(105344K) Class: 16609K(21312K)->16609K(21312K)
[126.928s][info][gc             ] GC(384) Pause Full (Ergonomics) 794M->791M(910M) 34.925ms
[126.928s][info][gc,cpu         ] GC(384) User=0.38s Sys=0.00s Real=0.03s
[126.929s][info][gc,start       ] GC(385) Pause Full (Ergonomics)
[126.929s][info][gc,phases,start] GC(385) Marking Phase
[126.957s][info][gc,phases      ] GC(385) Marking Phase 27.776ms
[126.957s][info][gc,phases,start] GC(385) Summary Phase
[126.957s][info][gc,phases      ] GC(385) Summary Phase 0.025ms
[126.957s][info][gc,phases,start] GC(385) Adjust Roots
[126.958s][info][gc,phases      ] GC(385) Adjust Roots 1.422ms
[126.958s][info][gc,phases,start] GC(385) Compaction Phase
[126.965s][info][gc,phases      ] GC(385) Compaction Phase 6.530ms
[126.965s][info][gc,phases,start] GC(385) Post Compact
[126.969s][info][gc,phases      ] GC(385) Post Compact 3.943ms
[126.969s][info][gc,heap        ] GC(385) PSYoungGen: 116736K(232960K)->113197K(232960K) Eden: 116736K(116736K)->113197K(116736K) From: 0K(116224K)->0K(116224K)
[126.969s][info][gc,heap        ] GC(385) ParOldGen: 696879K(699392K)->696879K(699392K)
[126.969s][info][gc,metaspace   ] GC(385) Metaspace: 114196K(126656K)->114196K(126656K) NonClass: 97586K(105344K)->97586K(105344K) Class: 16609K(21312K)->16609K(21312K)
[126.969s][info][gc             ] GC(385) Pause Full (Ergonomics) 794M->791M(910M) 39.904ms
[126.969s][info][gc,cpu         ] GC(385) User=0.45s Sys=0.00s Real=0.03s
[126.970s][info][gc,start       ] GC(386) Pause Full (Ergonomics)
[126.970s][info][gc,phases,start] GC(386) Marking Phase
[126.995s][info][gc,phases      ] GC(386) Marking Phase 25.025ms
[126.995s][info][gc,phases,start] GC(386) Summary Phase
[126.995s][info][gc,phases      ] GC(386) Summary Phase 0.035ms
[126.995s][info][gc,phases,start] GC(386) Adjust Roots
[126.997s][info][gc,phases      ] GC(386) Adjust Roots 1.438ms
[126.997s][info][gc,phases,start] GC(386) Compaction Phase
[127.003s][info][gc,phases      ] GC(386) Compaction Phase 6.518ms
[127.003s][info][gc,phases,start] GC(386) Post Compact
[127.007s][info][gc,phases      ] GC(386) Post Compact 3.884ms
[127.007s][info][gc,heap        ] GC(386) PSYoungGen: 116736K(232960K)->113219K(232960K) Eden: 116736K(116736K)->113219K(116736K) From: 0K(116224K)->0K(116224K)
[127.007s][info][gc,heap        ] GC(386) ParOldGen: 696879K(699392K)->696879K(699392K)
[127.007s][info][gc,metaspace   ] GC(386) Metaspace: 114196K(126656K)->114196K(126656K) NonClass: 97586K(105344K)->97586K(105344K) Class: 16609K(21312K)->16609K(21312K)
[127.007s][info][gc             ] GC(386) Pause Full (Ergonomics) 794M->791M(910M) 37.134ms
[127.007s][info][gc,cpu         ] GC(386) User=0.39s Sys=0.00s Real=0.03s
[127.009s][info][gc,start       ] GC(387) Pause Full (Ergonomics)
[127.009s][info][gc,phases,start] GC(387) Marking Phase
[127.028s][info][gc,phases      ] GC(387) Marking Phase 19.884ms
[127.028s][info][gc,phases,start] GC(387) Summary Phase
[127.028s][info][gc,phases      ] GC(387) Summary Phase 0.023ms
[127.028s][info][gc,phases,start] GC(387) Adjust Roots
[127.030s][info][gc,phases      ] GC(387) Adjust Roots 1.449ms
[127.030s][info][gc,phases,start] GC(387) Compaction Phase
[127.036s][info][gc,phases      ] GC(387) Compaction Phase 6.452ms
[127.036s][info][gc,phases,start] GC(387) Post Compact
[127.040s][info][gc,phases      ] GC(387) Post Compact 3.868ms
[127.040s][info][gc,heap        ] GC(387) PSYoungGen: 116736K(232960K)->113178K(232960K) Eden: 116736K(116736K)->113178K(116736K) From: 0K(116224K)->0K(116224K)
[127.040s][info][gc,heap        ] GC(387) ParOldGen: 696879K(699392K)->696879K(699392K)
[127.040s][info][gc,metaspace   ] GC(387) Metaspace: 114196K(126656K)->114196K(126656K) NonClass: 97586K(105344K)->97586K(105344K) Class: 16609K(21312K)->16609K(21312K)
[127.040s][info][gc             ] GC(387) Pause Full (Ergonomics) 794M->791M(910M) 31.891ms
[127.040s][info][gc,cpu         ] GC(387) User=0.34s Sys=0.00s Real=0.03s
[127.042s][info][gc,start       ] GC(388) Pause Full (Ergonomics)
[127.042s][info][gc,phases,start] GC(388) Marking Phase
[127.064s][info][gc,phases      ] GC(388) Marking Phase 22.238ms
[127.064s][info][gc,phases,start] GC(388) Summary Phase
[127.064s][info][gc,phases      ] GC(388) Summary Phase 0.025ms
[127.064s][info][gc,phases,start] GC(388) Adjust Roots
[127.065s][info][gc,phases      ] GC(388) Adjust Roots 1.440ms
[127.065s][info][gc,phases,start] GC(388) Compaction Phase
[127.072s][info][gc,phases      ] GC(388) Compaction Phase 7.034ms
[127.072s][info][gc,phases,start] GC(388) Post Compact
[127.076s][info][gc,phases      ] GC(388) Post Compact 3.753ms
[127.076s][info][gc,heap        ] GC(388) PSYoungGen: 116735K(232960K)->113181K(232960K) Eden: 116735K(116736K)->113181K(116736K) From: 0K(116224K)->0K(116224K)
[127.076s][info][gc,heap        ] GC(388) ParOldGen: 696879K(699392K)->696879K(699392K)
[127.076s][info][gc,metaspace   ] GC(388) Metaspace: 114196K(126656K)->114196K(126656K) NonClass: 97586K(105344K)->97586K(105344K) Class: 16609K(21312K)->16609K(21312K)
[127.076s][info][gc             ] GC(388) Pause Full (Ergonomics) 794M->791M(910M) 34.718ms
[127.076s][info][gc,cpu         ] GC(388) User=0.39s Sys=0.00s Real=0.03s
[127.078s][info][gc,start       ] GC(389) Pause Full (Ergonomics)
[127.078s][info][gc,phases,start] GC(389) Marking Phase
[127.101s][info][gc,phases      ] GC(389) Marking Phase 23.400ms
[127.101s][info][gc,phases,start] GC(389) Summary Phase
[127.101s][info][gc,phases      ] GC(389) Summary Phase 0.030ms
[127.101s][info][gc,phases,start] GC(389) Adjust Roots
[127.103s][info][gc,phases      ] GC(389) Adjust Roots 1.417ms
[127.103s][info][gc,phases,start] GC(389) Compaction Phase
[127.109s][info][gc,phases      ] GC(389) Compaction Phase 6.502ms
[127.109s][info][gc,phases,start] GC(389) Post Compact
[127.113s][info][gc,phases      ] GC(389) Post Compact 3.788ms
[127.113s][info][gc,heap        ] GC(389) PSYoungGen: 116735K(232960K)->113165K(232960K) Eden: 116735K(116736K)->113165K(116736K) From: 0K(116224K)->0K(116224K)
[127.113s][info][gc,heap        ] GC(389) ParOldGen: 696879K(699392K)->696879K(699392K)
[127.113s][info][gc,metaspace   ] GC(389) Metaspace: 114196K(126656K)->114196K(126656K) NonClass: 97586K(105344K)->97586K(105344K) Class: 16609K(21312K)->16609K(21312K)
[127.113s][info][gc             ] GC(389) Pause Full (Ergonomics) 794M->791M(910M) 35.358ms
[127.113s][info][gc,cpu         ] GC(389) User=0.38s Sys=0.00s Real=0.03s
[127.114s][info][gc,start       ] GC(390) Pause Full (Ergonomics)
[127.114s][info][gc,phases,start] GC(390) Marking Phase
[127.137s][info][gc,phases      ] GC(390) Marking Phase 22.714ms
[127.137s][info][gc,phases,start] GC(390) Summary Phase
[127.137s][info][gc,phases      ] GC(390) Summary Phase 0.024ms
[127.137s][info][gc,phases,start] GC(390) Adjust Roots
[127.138s][info][gc,phases      ] GC(390) Adjust Roots 1.417ms
[127.138s][info][gc,phases,start] GC(390) Compaction Phase
[127.145s][info][gc,phases      ] GC(390) Compaction Phase 6.515ms
[127.145s][info][gc,phases,start] GC(390) Post Compact
[127.149s][info][gc,phases      ] GC(390) Post Compact 3.936ms
[127.149s][info][gc,heap        ] GC(390) PSYoungGen: 116736K(232960K)->113109K(232960K) Eden: 116736K(116736K)->113109K(116736K) From: 0K(116224K)->0K(116224K)
[127.149s][info][gc,heap        ] GC(390) ParOldGen: 696879K(699392K)->696879K(699392K)
[127.149s][info][gc,metaspace   ] GC(390) Metaspace: 114196K(126656K)->114196K(126656K) NonClass: 97586K(105344K)->97586K(105344K) Class: 16609K(21312K)->16609K(21312K)
[127.149s][info][gc             ] GC(390) Pause Full (Ergonomics) 794M->791M(910M) 34.817ms
[127.149s][info][gc,cpu         ] GC(390) User=0.30s Sys=0.02s Real=0.04s
[127.150s][info][gc,start       ] GC(391) Pause Full (Ergonomics)
[127.150s][info][gc,phases,start] GC(391) Marking Phase
[127.175s][info][gc,phases      ] GC(391) Marking Phase 24.936ms
[127.175s][info][gc,phases,start] GC(391) Summary Phase
[127.175s][info][gc,phases      ] GC(391) Summary Phase 0.025ms
[127.175s][info][gc,phases,start] GC(391) Adjust Roots
[127.177s][info][gc,phases      ] GC(391) Adjust Roots 1.396ms
[127.177s][info][gc,phases,start] GC(391) Compaction Phase
[127.183s][info][gc,phases      ] GC(391) Compaction Phase 6.537ms
[127.183s][info][gc,phases,start] GC(391) Post Compact
[127.187s][info][gc,phases      ] GC(391) Post Compact 3.698ms
[127.187s][info][gc,heap        ] GC(391) PSYoungGen: 116736K(232960K)->113140K(232960K) Eden: 116736K(116736K)->113140K(116736K) From: 0K(116224K)->0K(116224K)
[127.187s][info][gc,heap        ] GC(391) ParOldGen: 696879K(699392K)->696879K(699392K)
[127.187s][info][gc,metaspace   ] GC(391) Metaspace: 114196K(126656K)->114196K(126656K) NonClass: 97586K(105344K)->97586K(105344K) Class: 16609K(21312K)->16609K(21312K)
[127.187s][info][gc             ] GC(391) Pause Full (Ergonomics) 794M->791M(910M) 36.792ms
[127.187s][info][gc,cpu         ] GC(391) User=0.34s Sys=0.00s Real=0.04s
[127.188s][info][gc,start       ] GC(392) Pause Full (Ergonomics)
[127.188s][info][gc,phases,start] GC(392) Marking Phase
[127.210s][info][gc,phases      ] GC(392) Marking Phase 22.190ms
[127.210s][info][gc,phases,start] GC(392) Summary Phase
[127.210s][info][gc,phases      ] GC(392) Summary Phase 0.025ms
[127.211s][info][gc,phases,start] GC(392) Adjust Roots
[127.212s][info][gc,phases      ] GC(392) Adjust Roots 1.410ms
[127.212s][info][gc,phases,start] GC(392) Compaction Phase
[127.219s][info][gc,phases      ] GC(392) Compaction Phase 6.535ms
[127.219s][info][gc,phases,start] GC(392) Post Compact
[127.222s][info][gc,phases      ] GC(392) Post Compact 3.923ms
[127.223s][info][gc,heap        ] GC(392) PSYoungGen: 116735K(232960K)->113128K(232960K) Eden: 116735K(116736K)->113128K(116736K) From: 0K(116224K)->0K(116224K)
[127.223s][info][gc,heap        ] GC(392) ParOldGen: 696879K(699392K)->696879K(699392K)
[127.223s][info][gc,metaspace   ] GC(392) Metaspace: 114196K(126656K)->114196K(126656K) NonClass: 97586K(105344K)->97586K(105344K) Class: 16609K(21312K)->16609K(21312K)
[127.223s][info][gc             ] GC(392) Pause Full (Ergonomics) 794M->791M(910M) 34.370ms
[127.223s][info][gc,cpu         ] GC(392) User=0.34s Sys=0.00s Real=0.03s
[127.224s][info][gc,start       ] GC(393) Pause Full (Ergonomics)
[127.224s][info][gc,phases,start] GC(393) Marking Phase
[127.250s][info][gc,phases      ] GC(393) Marking Phase 25.620ms
[127.250s][info][gc,phases,start] GC(393) Summary Phase
[127.250s][info][gc,phases      ] GC(393) Summary Phase 0.024ms
[127.250s][info][gc,phases,start] GC(393) Adjust Roots
[127.251s][info][gc,phases      ] GC(393) Adjust Roots 1.445ms
[127.251s][info][gc,phases,start] GC(393) Compaction Phase
[127.258s][info][gc,phases      ] GC(393) Compaction Phase 6.468ms
[127.258s][info][gc,phases,start] GC(393) Post Compact
[127.262s][info][gc,phases      ] GC(393) Post Compact 3.918ms
[127.262s][info][gc,heap        ] GC(393) PSYoungGen: 116736K(232960K)->113245K(232960K) Eden: 116736K(116736K)->113245K(116736K) From: 0K(116224K)->0K(116224K)
[127.262s][info][gc,heap        ] GC(393) ParOldGen: 696879K(699392K)->696879K(699392K)
[127.262s][info][gc,metaspace   ] GC(393) Metaspace: 114196K(126656K)->114196K(126656K) NonClass: 97586K(105344K)->97586K(105344K) Class: 16609K(21312K)->16609K(21312K)
[127.262s][info][gc             ] GC(393) Pause Full (Ergonomics) 794M->791M(910M) 37.738ms
[127.262s][info][gc,cpu         ] GC(393) User=0.41s Sys=0.00s Real=0.03s
[127.263s][info][gc,start       ] GC(394) Pause Full (Ergonomics)
[127.263s][info][gc,phases,start] GC(394) Marking Phase
[127.286s][info][gc,phases      ] GC(394) Marking Phase 23.489ms
[127.286s][info][gc,phases,start] GC(394) Summary Phase
[127.286s][info][gc,phases      ] GC(394) Summary Phase 0.022ms
[127.286s][info][gc,phases,start] GC(394) Adjust Roots
[127.288s][info][gc,phases      ] GC(394) Adjust Roots 1.427ms
[127.288s][info][gc,phases,start] GC(394) Compaction Phase
[127.295s][info][gc,phases      ] GC(394) Compaction Phase 7.209ms
[127.295s][info][gc,phases,start] GC(394) Post Compact
[127.299s][info][gc,phases      ] GC(394) Post Compact 4.093ms
[127.299s][info][gc,heap        ] GC(394) PSYoungGen: 116736K(232960K)->113193K(232960K) Eden: 116736K(116736K)->113193K(116736K) From: 0K(116224K)->0K(116224K)
[127.299s][info][gc,heap        ] GC(394) ParOldGen: 696879K(699392K)->696879K(699392K)
[127.299s][info][gc,metaspace   ] GC(394) Metaspace: 114196K(126656K)->114196K(126656K) NonClass: 97586K(105344K)->97586K(105344K) Class: 16609K(21312K)->16609K(21312K)
[127.299s][info][gc             ] GC(394) Pause Full (Ergonomics) 794M->791M(910M) 36.474ms
[127.299s][info][gc,cpu         ] GC(394) User=0.34s Sys=0.00s Real=0.03s
[127.301s][info][gc,start       ] GC(395) Pause Full (Ergonomics)
[127.301s][info][gc,phases,start] GC(395) Marking Phase
[127.322s][info][gc,phases      ] GC(395) Marking Phase 21.836ms
[127.322s][info][gc,phases,start] GC(395) Summary Phase
[127.322s][info][gc,phases      ] GC(395) Summary Phase 0.024ms
[127.322s][info][gc,phases,start] GC(395) Adjust Roots
[127.324s][info][gc,phases      ] GC(395) Adjust Roots 1.403ms
[127.324s][info][gc,phases,start] GC(395) Compaction Phase
[127.330s][info][gc,phases      ] GC(395) Compaction Phase 6.442ms
[127.330s][info][gc,phases,start] GC(395) Post Compact
[127.334s][info][gc,phases      ] GC(395) Post Compact 3.751ms
[127.334s][info][gc,heap        ] GC(395) PSYoungGen: 116736K(232960K)->113191K(232960K) Eden: 116736K(116736K)->113191K(116736K) From: 0K(116224K)->0K(116224K)
[127.334s][info][gc,heap        ] GC(395) ParOldGen: 696879K(699392K)->696879K(699392K)
[127.334s][info][gc,metaspace   ] GC(395) Metaspace: 114196K(126656K)->114196K(126656K) NonClass: 97586K(105344K)->97586K(105344K) Class: 16609K(21312K)->16609K(21312K)
[127.334s][info][gc             ] GC(395) Pause Full (Ergonomics) 794M->791M(910M) 33.684ms
[127.334s][info][gc,cpu         ] GC(395) User=0.34s Sys=0.00s Real=0.03s
[127.335s][info][gc,start       ] GC(396) Pause Full (Ergonomics)
[127.335s][info][gc,phases,start] GC(396) Marking Phase
[127.358s][info][gc,phases      ] GC(396) Marking Phase 22.480ms
[127.358s][info][gc,phases,start] GC(396) Summary Phase
[127.358s][info][gc,phases      ] GC(396) Summary Phase 0.024ms
[127.358s][info][gc,phases,start] GC(396) Adjust Roots
[127.359s][info][gc,phases      ] GC(396) Adjust Roots 1.437ms
[127.359s][info][gc,phases,start] GC(396) Compaction Phase
[127.366s][info][gc,phases      ] GC(396) Compaction Phase 6.444ms
[127.366s][info][gc,phases,start] GC(396) Post Compact
[127.370s][info][gc,phases      ] GC(396) Post Compact 3.982ms
[127.370s][info][gc,heap        ] GC(396) PSYoungGen: 116736K(232960K)->113233K(232960K) Eden: 116736K(116736K)->113233K(116736K) From: 0K(116224K)->0K(116224K)
[127.370s][info][gc,heap        ] GC(396) ParOldGen: 696879K(699392K)->696879K(699392K)
[127.370s][info][gc,metaspace   ] GC(396) Metaspace: 114196K(126656K)->114196K(126656K) NonClass: 97586K(105344K)->97586K(105344K) Class: 16609K(21312K)->16609K(21312K)
[127.370s][info][gc             ] GC(396) Pause Full (Ergonomics) 794M->791M(910M) 34.601ms
[127.370s][info][gc,cpu         ] GC(396) User=0.36s Sys=0.00s Real=0.03s
[127.371s][info][gc,start       ] GC(397) Pause Full (Ergonomics)
[127.371s][info][gc,phases,start] GC(397) Marking Phase
[127.392s][info][gc,phases      ] GC(397) Marking Phase 20.885ms
[127.392s][info][gc,phases,start] GC(397) Summary Phase
[127.392s][info][gc,phases      ] GC(397) Summary Phase 0.024ms
[127.392s][info][gc,phases,start] GC(397) Adjust Roots
[127.394s][info][gc,phases      ] GC(397) Adjust Roots 1.435ms
[127.394s][info][gc,phases,start] GC(397) Compaction Phase
[127.400s][info][gc,phases      ] GC(397) Compaction Phase 6.595ms
[127.400s][info][gc,phases,start] GC(397) Post Compact
[127.404s][info][gc,phases      ] GC(397) Post Compact 3.717ms
[127.404s][info][gc,heap        ] GC(397) PSYoungGen: 116735K(232960K)->113268K(232960K) Eden: 116735K(116736K)->113268K(116736K) From: 0K(116224K)->0K(116224K)
[127.404s][info][gc,heap        ] GC(397) ParOldGen: 696879K(699392K)->696879K(699392K)
[127.404s][info][gc,metaspace   ] GC(397) Metaspace: 114196K(126656K)->114196K(126656K) NonClass: 97586K(105344K)->97586K(105344K) Class: 16609K(21312K)->16609K(21312K)
[127.404s][info][gc             ] GC(397) Pause Full (Ergonomics) 794M->791M(910M) 32.879ms
[127.404s][info][gc,cpu         ] GC(397) User=0.34s Sys=0.00s Real=0.03s
[127.405s][info][gc,start       ] GC(398) Pause Full (Ergonomics)
[127.405s][info][gc,phases,start] GC(398) Marking Phase
[127.429s][info][gc,phases      ] GC(398) Marking Phase 23.412ms
[127.429s][info][gc,phases,start] GC(398) Summary Phase
[127.429s][info][gc,phases      ] GC(398) Summary Phase 0.023ms
[127.429s][info][gc,phases,start] GC(398) Adjust Roots
[127.430s][info][gc,phases      ] GC(398) Adjust Roots 1.447ms
[127.430s][info][gc,phases,start] GC(398) Compaction Phase
[127.437s][info][gc,phases      ] GC(398) Compaction Phase 6.571ms
[127.437s][info][gc,phases,start] GC(398) Post Compact
[127.441s][info][gc,phases      ] GC(398) Post Compact 3.894ms
[127.441s][info][gc,heap        ] GC(398) PSYoungGen: 116735K(232960K)->113289K(232960K) Eden: 116735K(116736K)->113289K(116736K) From: 0K(116224K)->0K(116224K)
[127.441s][info][gc,heap        ] GC(398) ParOldGen: 696879K(699392K)->696879K(699392K)
[127.441s][info][gc,metaspace   ] GC(398) Metaspace: 114196K(126656K)->114196K(126656K) NonClass: 97586K(105344K)->97586K(105344K) Class: 16609K(21312K)->16609K(21312K)
[127.441s][info][gc             ] GC(398) Pause Full (Ergonomics) 794M->791M(910M) 35.582ms
[127.441s][info][gc,cpu         ] GC(398) User=0.38s Sys=0.00s Real=0.03s
[127.442s][info][gc,start       ] GC(399) Pause Full (Ergonomics)
[127.442s][info][gc,phases,start] GC(399) Marking Phase
[127.464s][info][gc,phases      ] GC(399) Marking Phase 22.377ms
[127.464s][info][gc,phases,start] GC(399) Summary Phase
[127.464s][info][gc,phases      ] GC(399) Summary Phase 0.024ms
[127.464s][info][gc,phases,start] GC(399) Adjust Roots
[127.466s][info][gc,phases      ] GC(399) Adjust Roots 1.443ms
[127.466s][info][gc,phases,start] GC(399) Compaction Phase
[127.472s][info][gc,phases      ] GC(399) Compaction Phase 6.539ms
[127.472s][info][gc,phases,start] GC(399) Post Compact
[127.476s][info][gc,phases      ] GC(399) Post Compact 3.726ms
[127.476s][info][gc,heap        ] GC(399) PSYoungGen: 116735K(232960K)->113219K(232960K) Eden: 116735K(116736K)->113219K(116736K) From: 0K(116224K)->0K(116224K)
[127.476s][info][gc,heap        ] GC(399) ParOldGen: 696879K(699392K)->696879K(699392K)
[127.476s][info][gc,metaspace   ] GC(399) Metaspace: 114196K(126656K)->114196K(126656K) NonClass: 97586K(105344K)->97586K(105344K) Class: 16609K(21312K)->16609K(21312K)
[127.476s][info][gc             ] GC(399) Pause Full (Ergonomics) 794M->791M(910M) 34.336ms
[127.476s][info][gc,cpu         ] GC(399) User=0.36s Sys=0.00s Real=0.03s
[127.477s][info][gc,start       ] GC(400) Pause Full (Ergonomics)
[127.477s][info][gc,phases,start] GC(400) Marking Phase
[127.497s][info][gc,phases      ] GC(400) Marking Phase 20.018ms
[127.497s][info][gc,phases,start] GC(400) Summary Phase
[127.497s][info][gc,phases      ] GC(400) Summary Phase 0.025ms
[127.497s][info][gc,phases,start] GC(400) Adjust Roots
[127.499s][info][gc,phases      ] GC(400) Adjust Roots 1.451ms
[127.499s][info][gc,phases,start] GC(400) Compaction Phase
[127.505s][info][gc,phases      ] GC(400) Compaction Phase 6.531ms
[127.505s][info][gc,phases,start] GC(400) Post Compact
[127.509s][info][gc,phases      ] GC(400) Post Compact 3.821ms
[127.509s][info][gc,heap        ] GC(400) PSYoungGen: 116736K(232960K)->113166K(232960K) Eden: 116736K(116736K)->113166K(116736K) From: 0K(116224K)->0K(116224K)
[127.509s][info][gc,heap        ] GC(400) ParOldGen: 696879K(699392K)->696879K(699392K)
[127.509s][info][gc,metaspace   ] GC(400) Metaspace: 114196K(126656K)->114196K(126656K) NonClass: 97586K(105344K)->97586K(105344K) Class: 16609K(21312K)->16609K(21312K)
[127.509s][info][gc             ] GC(400) Pause Full (Ergonomics) 794M->791M(910M) 32.089ms
[127.509s][info][gc,cpu         ] GC(400) User=0.39s Sys=0.00s Real=0.03s
[127.511s][info][gc,start       ] GC(401) Pause Full (Ergonomics)
[127.511s][info][gc,phases,start] GC(401) Marking Phase
[127.534s][info][gc,phases      ] GC(401) Marking Phase 23.457ms
[127.534s][info][gc,phases,start] GC(401) Summary Phase
[127.534s][info][gc,phases      ] GC(401) Summary Phase 0.025ms
[127.534s][info][gc,phases,start] GC(401) Adjust Roots
[127.536s][info][gc,phases      ] GC(401) Adjust Roots 1.420ms
[127.536s][info][gc,phases,start] GC(401) Compaction Phase
[127.543s][info][gc,phases      ] GC(401) Compaction Phase 7.103ms
[127.543s][info][gc,phases,start] GC(401) Post Compact
[127.547s][info][gc,phases      ] GC(401) Post Compact 3.833ms
[127.547s][info][gc,heap        ] GC(401) PSYoungGen: 116736K(232960K)->113160K(232960K) Eden: 116736K(116736K)->113160K(116736K) From: 0K(116224K)->0K(116224K)
[127.547s][info][gc,heap        ] GC(401) ParOldGen: 696879K(699392K)->696879K(699392K)
[127.547s][info][gc,metaspace   ] GC(401) Metaspace: 114196K(126656K)->114196K(126656K) NonClass: 97586K(105344K)->97586K(105344K) Class: 16609K(21312K)->16609K(21312K)
[127.547s][info][gc             ] GC(401) Pause Full (Ergonomics) 794M->791M(910M) 36.084ms
[127.547s][info][gc,cpu         ] GC(401) User=0.34s Sys=0.00s Real=0.03s
[127.548s][info][gc,start       ] GC(402) Pause Full (Ergonomics)
[127.548s][info][gc,phases,start] GC(402) Marking Phase
[127.570s][info][gc,phases      ] GC(402) Marking Phase 21.984ms
[127.570s][info][gc,phases,start] GC(402) Summary Phase
[127.570s][info][gc,phases      ] GC(402) Summary Phase 0.025ms
[127.570s][info][gc,phases,start] GC(402) Adjust Roots
[127.571s][info][gc,phases      ] GC(402) Adjust Roots 1.433ms
[127.572s][info][gc,phases,start] GC(402) Compaction Phase
[127.578s][info][gc,phases      ] GC(402) Compaction Phase 6.554ms
[127.578s][info][gc,phases,start] GC(402) Post Compact
[127.582s][info][gc,phases      ] GC(402) Post Compact 4.054ms
[127.582s][info][gc,heap        ] GC(402) PSYoungGen: 116736K(232960K)->113140K(232960K) Eden: 116736K(116736K)->113140K(116736K) From: 0K(116224K)->0K(116224K)
[127.582s][info][gc,heap        ] GC(402) ParOldGen: 696879K(699392K)->696879K(699392K)
[127.582s][info][gc,metaspace   ] GC(402) Metaspace: 114196K(126656K)->114196K(126656K) NonClass: 97586K(105344K)->97586K(105344K) Class: 16609K(21312K)->16609K(21312K)
[127.582s][info][gc             ] GC(402) Pause Full (Ergonomics) 794M->791M(910M) 34.326ms
[127.582s][info][gc,cpu         ] GC(402) User=0.67s Sys=0.00s Real=0.05s
[127.583s][info][gc,start       ] GC(403) Pause Full (Ergonomics)
[127.583s][info][gc,phases,start] GC(403) Marking Phase
[127.605s][info][gc,phases      ] GC(403) Marking Phase 21.968ms
[127.606s][info][gc,phases,start] GC(403) Summary Phase
[127.606s][info][gc,phases      ] GC(403) Summary Phase 0.024ms
[127.606s][info][gc,phases,start] GC(403) Adjust Roots
[127.607s][info][gc,phases      ] GC(403) Adjust Roots 1.472ms
[127.607s][info][gc,phases,start] GC(403) Compaction Phase
[127.614s][info][gc,phases      ] GC(403) Compaction Phase 7.335ms
[127.614s][info][gc,phases,start] GC(403) Post Compact
[127.618s][info][gc,phases      ] GC(403) Post Compact 3.732ms
[127.618s][info][gc,heap        ] GC(403) PSYoungGen: 116735K(232960K)->113183K(232960K) Eden: 116735K(116736K)->113183K(116736K) From: 0K(116224K)->0K(116224K)
[127.618s][info][gc,heap        ] GC(403) ParOldGen: 696879K(699392K)->696879K(699392K)
[127.618s][info][gc,metaspace   ] GC(403) Metaspace: 114196K(126656K)->114196K(126656K) NonClass: 97586K(105344K)->97586K(105344K) Class: 16609K(21312K)->16609K(21312K)
[127.618s][info][gc             ] GC(403) Pause Full (Ergonomics) 794M->791M(910M) 34.778ms
[127.618s][info][gc,cpu         ] GC(403) User=0.36s Sys=0.00s Real=0.03s
[127.619s][info][gc,start       ] GC(404) Pause Full (Ergonomics)
[127.619s][info][gc,phases,start] GC(404) Marking Phase
[127.642s][info][gc,phases      ] GC(404) Marking Phase 22.746ms
[127.642s][info][gc,phases,start] GC(404) Summary Phase
[127.642s][info][gc,phases      ] GC(404) Summary Phase 0.023ms
[127.642s][info][gc,phases,start] GC(404) Adjust Roots
[127.644s][info][gc,phases      ] GC(404) Adjust Roots 1.427ms
[127.644s][info][gc,phases,start] GC(404) Compaction Phase
[127.650s][info][gc,phases      ] GC(404) Compaction Phase 6.691ms
[127.650s][info][gc,phases,start] GC(404) Post Compact
[127.654s][info][gc,phases      ] GC(404) Post Compact 3.940ms
[127.654s][info][gc,heap        ] GC(404) PSYoungGen: 116736K(232960K)->113249K(232960K) Eden: 116736K(116736K)->113249K(116736K) From: 0K(116224K)->0K(116224K)
[127.654s][info][gc,heap        ] GC(404) ParOldGen: 696879K(699392K)->696879K(699392K)
[127.654s][info][gc,metaspace   ] GC(404) Metaspace: 114196K(126656K)->114196K(126656K) NonClass: 97586K(105344K)->97586K(105344K) Class: 16609K(21312K)->16609K(21312K)
[127.654s][info][gc             ] GC(404) Pause Full (Ergonomics) 794M->791M(910M) 35.077ms
[127.654s][info][gc,cpu         ] GC(404) User=0.36s Sys=0.00s Real=0.03s
[127.656s][info][gc,start       ] GC(405) Pause Full (Ergonomics)
[127.656s][info][gc,phases,start] GC(405) Marking Phase
[127.682s][info][gc,phases      ] GC(405) Marking Phase 26.082ms
[127.682s][info][gc,phases,start] GC(405) Summary Phase
[127.682s][info][gc,phases      ] GC(405) Summary Phase 0.026ms
[127.682s][info][gc,phases,start] GC(405) Adjust Roots
[127.683s][info][gc,phases      ] GC(405) Adjust Roots 1.410ms
[127.683s][info][gc,phases,start] GC(405) Compaction Phase
[127.690s][info][gc,phases      ] GC(405) Compaction Phase 6.591ms
[127.690s][info][gc,phases,start] GC(405) Post Compact
[127.694s][info][gc,phases      ] GC(405) Post Compact 3.947ms
[127.694s][info][gc,heap        ] GC(405) PSYoungGen: 116736K(232960K)->113135K(232960K) Eden: 116736K(116736K)->113135K(116736K) From: 0K(116224K)->0K(116224K)
[127.694s][info][gc,heap        ] GC(405) ParOldGen: 696879K(699392K)->696879K(699392K)
[127.694s][info][gc,metaspace   ] GC(405) Metaspace: 114196K(126656K)->114196K(126656K) NonClass: 97586K(105344K)->97586K(105344K) Class: 16609K(21312K)->16609K(21312K)
[127.694s][info][gc             ] GC(405) Pause Full (Ergonomics) 794M->791M(910M) 38.281ms
[127.694s][info][gc,cpu         ] GC(405) User=0.41s Sys=0.00s Real=0.03s
[127.695s][info][gc,start       ] GC(406) Pause Full (Ergonomics)
[127.695s][info][gc,phases,start] GC(406) Marking Phase
[127.723s][info][gc,phases      ] GC(406) Marking Phase 27.997ms
[127.723s][info][gc,phases,start] GC(406) Summary Phase
[127.723s][info][gc,phases      ] GC(406) Summary Phase 0.024ms
[127.723s][info][gc,phases,start] GC(406) Adjust Roots
[127.725s][info][gc,phases      ] GC(406) Adjust Roots 1.449ms
[127.725s][info][gc,phases,start] GC(406) Compaction Phase
[127.732s][info][gc,phases      ] GC(406) Compaction Phase 7.733ms
[127.732s][info][gc,phases,start] GC(406) Post Compact
[127.737s][info][gc,phases      ] GC(406) Post Compact 4.049ms
[127.737s][info][gc,heap        ] GC(406) PSYoungGen: 116736K(232960K)->113239K(232960K) Eden: 116736K(116736K)->113239K(116736K) From: 0K(116224K)->0K(116224K)
[127.737s][info][gc,heap        ] GC(406) ParOldGen: 696879K(699392K)->696879K(699392K)
[127.737s][info][gc,metaspace   ] GC(406) Metaspace: 114196K(126656K)->114196K(126656K) NonClass: 97586K(105344K)->97586K(105344K) Class: 16609K(21312K)->16609K(21312K)
[127.737s][info][gc             ] GC(406) Pause Full (Ergonomics) 794M->791M(910M) 41.488ms
[127.737s][info][gc,cpu         ] GC(406) User=0.66s Sys=0.00s Real=0.03s
[127.738s][info][gc,start       ] GC(407) Pause Full (Ergonomics)
[127.738s][info][gc,phases,start] GC(407) Marking Phase
[127.761s][info][gc,phases      ] GC(407) Marking Phase 23.593ms
[127.761s][info][gc,phases,start] GC(407) Summary Phase
[127.761s][info][gc,phases      ] GC(407) Summary Phase 0.025ms
[127.761s][info][gc,phases,start] GC(407) Adjust Roots
[127.763s][info][gc,phases      ] GC(407) Adjust Roots 1.417ms
[127.763s][info][gc,phases,start] GC(407) Compaction Phase
[127.769s][info][gc,phases      ] GC(407) Compaction Phase 6.595ms
[127.769s][info][gc,phases,start] GC(407) Post Compact
[127.773s][info][gc,phases      ] GC(407) Post Compact 3.930ms
[127.773s][info][gc,heap        ] GC(407) PSYoungGen: 116735K(232960K)->113253K(232960K) Eden: 116735K(116736K)->113253K(116736K) From: 0K(116224K)->0K(116224K)
[127.773s][info][gc,heap        ] GC(407) ParOldGen: 696879K(699392K)->696879K(699392K)
[127.774s][info][gc,metaspace   ] GC(407) Metaspace: 114196K(126656K)->114196K(126656K) NonClass: 97586K(105344K)->97586K(105344K) Class: 16609K(21312K)->16609K(21312K)
[127.774s][info][gc             ] GC(407) Pause Full (Ergonomics) 794M->791M(910M) 35.789ms
[127.774s][info][gc,cpu         ] GC(407) User=0.63s Sys=0.02s Real=0.05s
[127.775s][info][gc,start       ] GC(408) Pause Full (Ergonomics)
[127.775s][info][gc,phases,start] GC(408) Marking Phase
[127.800s][info][gc,phases      ] GC(408) Marking Phase 25.085ms
[127.800s][info][gc,phases,start] GC(408) Summary Phase
[127.800s][info][gc,phases      ] GC(408) Summary Phase 0.026ms
[127.800s][info][gc,phases,start] GC(408) Adjust Roots
[127.801s][info][gc,phases      ] GC(408) Adjust Roots 1.425ms
[127.801s][info][gc,phases,start] GC(408) Compaction Phase
[127.808s][info][gc,phases      ] GC(408) Compaction Phase 6.542ms
[127.808s][info][gc,phases,start] GC(408) Post Compact
[127.812s][info][gc,phases      ] GC(408) Post Compact 3.779ms
[127.812s][info][gc,heap        ] GC(408) PSYoungGen: 116736K(232960K)->113163K(232960K) Eden: 116736K(116736K)->113163K(116736K) From: 0K(116224K)->0K(116224K)
[127.812s][info][gc,heap        ] GC(408) ParOldGen: 696879K(699392K)->696879K(699392K)
[127.812s][info][gc,metaspace   ] GC(408) Metaspace: 114196K(126656K)->114196K(126656K) NonClass: 97586K(105344K)->97586K(105344K) Class: 16609K(21312K)->16609K(21312K)
[127.812s][info][gc             ] GC(408) Pause Full (Ergonomics) 794M->791M(910M) 37.128ms
[127.812s][info][gc,cpu         ] GC(408) User=0.42s Sys=0.00s Real=0.03s
[127.813s][info][gc,start       ] GC(409) Pause Full (Ergonomics)
[127.813s][info][gc,phases,start] GC(409) Marking Phase
[127.834s][info][gc,phases      ] GC(409) Marking Phase 20.823ms
[127.834s][info][gc,phases,start] GC(409) Summary Phase
[127.834s][info][gc,phases      ] GC(409) Summary Phase 0.024ms
[127.834s][info][gc,phases,start] GC(409) Adjust Roots
[127.835s][info][gc,phases      ] GC(409) Adjust Roots 1.440ms
[127.835s][info][gc,phases,start] GC(409) Compaction Phase
[127.842s][info][gc,phases      ] GC(409) Compaction Phase 6.523ms
[127.842s][info][gc,phases,start] GC(409) Post Compact
[127.846s][info][gc,phases      ] GC(409) Post Compact 3.948ms
[127.846s][info][gc,heap        ] GC(409) PSYoungGen: 116735K(232960K)->113165K(232960K) Eden: 116735K(116736K)->113165K(116736K) From: 0K(116224K)->0K(116224K)
[127.846s][info][gc,heap        ] GC(409) ParOldGen: 696879K(699392K)->696879K(699392K)
[127.846s][info][gc,metaspace   ] GC(409) Metaspace: 114196K(126656K)->114196K(126656K) NonClass: 97586K(105344K)->97586K(105344K) Class: 16609K(21312K)->16609K(21312K)
[127.846s][info][gc             ] GC(409) Pause Full (Ergonomics) 794M->791M(910M) 32.989ms
[127.846s][info][gc,cpu         ] GC(409) User=0.34s Sys=0.00s Real=0.03s
[127.847s][info][gc,start       ] GC(410) Pause Full (Ergonomics)
[127.847s][info][gc,phases,start] GC(410) Marking Phase
[127.876s][info][gc,phases      ] GC(410) Marking Phase 28.567ms
[127.876s][info][gc,phases,start] GC(410) Summary Phase
[127.876s][info][gc,phases      ] GC(410) Summary Phase 0.025ms
[127.876s][info][gc,phases,start] GC(410) Adjust Roots
[127.877s][info][gc,phases      ] GC(410) Adjust Roots 1.435ms
[127.877s][info][gc,phases,start] GC(410) Compaction Phase
[127.885s][info][gc,phases      ] GC(410) Compaction Phase 7.630ms
[127.885s][info][gc,phases,start] GC(410) Post Compact
[127.889s][info][gc,phases      ] GC(410) Post Compact 3.942ms
[127.889s][info][gc,heap        ] GC(410) PSYoungGen: 116736K(232960K)->113236K(232960K) Eden: 116736K(116736K)->113236K(116736K) From: 0K(116224K)->0K(116224K)
[127.889s][info][gc,heap        ] GC(410) ParOldGen: 696879K(699392K)->696879K(699392K)
[127.889s][info][gc,metaspace   ] GC(410) Metaspace: 114196K(126656K)->114196K(126656K) NonClass: 97586K(105344K)->97586K(105344K) Class: 16609K(21312K)->16609K(21312K)
[127.889s][info][gc             ] GC(410) Pause Full (Ergonomics) 794M->791M(910M) 41.865ms
[127.889s][info][gc,cpu         ] GC(410) User=0.34s Sys=0.00s Real=0.03s
[127.890s][info][gc,start       ] GC(411) Pause Full (Ergonomics)
[127.890s][info][gc,phases,start] GC(411) Marking Phase
[127.912s][info][gc,phases      ] GC(411) Marking Phase 21.978ms
[127.912s][info][gc,phases,start] GC(411) Summary Phase
[127.912s][info][gc,phases      ] GC(411) Summary Phase 0.025ms
[127.912s][info][gc,phases,start] GC(411) Adjust Roots
[127.914s][info][gc,phases      ] GC(411) Adjust Roots 1.403ms
[127.914s][info][gc,phases,start] GC(411) Compaction Phase
[127.920s][info][gc,phases      ] GC(411) Compaction Phase 6.527ms
[127.920s][info][gc,phases,start] GC(411) Post Compact
[127.924s][info][gc,phases      ] GC(411) Post Compact 3.918ms
[127.924s][info][gc,heap        ] GC(411) PSYoungGen: 116736K(232960K)->113155K(232960K) Eden: 116736K(116736K)->113155K(116736K) From: 0K(116224K)->0K(116224K)
[127.924s][info][gc,heap        ] GC(411) ParOldGen: 696879K(699392K)->696879K(699392K)
[127.924s][info][gc,metaspace   ] GC(411) Metaspace: 114196K(126656K)->114196K(126656K) NonClass: 97586K(105344K)->97586K(105344K) Class: 16609K(21312K)->16609K(21312K)
[127.924s][info][gc             ] GC(411) Pause Full (Ergonomics) 794M->791M(910M) 34.064ms
[127.924s][info][gc,cpu         ] GC(411) User=0.66s Sys=0.02s Real=0.05s
[127.925s][info][gc,start       ] GC(412) Pause Full (Ergonomics)
[127.926s][info][gc,phases,start] GC(412) Marking Phase
[127.949s][info][gc,phases      ] GC(412) Marking Phase 23.971ms
[127.950s][info][gc,phases,start] GC(412) Summary Phase
[127.950s][info][gc,phases      ] GC(412) Summary Phase 0.028ms
[127.950s][info][gc,phases,start] GC(412) Adjust Roots
[127.951s][info][gc,phases      ] GC(412) Adjust Roots 1.485ms
[127.951s][info][gc,phases,start] GC(412) Compaction Phase
[127.958s][info][gc,phases      ] GC(412) Compaction Phase 6.579ms
[127.958s][info][gc,phases,start] GC(412) Post Compact
[127.962s][info][gc,phases      ] GC(412) Post Compact 3.991ms
[127.962s][info][gc,heap        ] GC(412) PSYoungGen: 116736K(232960K)->113180K(232960K) Eden: 116736K(116736K)->113180K(116736K) From: 0K(116224K)->0K(116224K)
[127.962s][info][gc,heap        ] GC(412) ParOldGen: 696879K(699392K)->696879K(699392K)
[127.962s][info][gc,metaspace   ] GC(412) Metaspace: 114196K(126656K)->114196K(126656K) NonClass: 97586K(105344K)->97586K(105344K) Class: 16609K(21312K)->16609K(21312K)
[127.962s][info][gc             ] GC(412) Pause Full (Ergonomics) 794M->791M(910M) 36.341ms
[127.962s][info][gc,cpu         ] GC(412) User=0.38s Sys=0.00s Real=0.03s
[127.963s][info][gc,start       ] GC(413) Pause Full (Ergonomics)
[127.963s][info][gc,phases,start] GC(413) Marking Phase
[127.985s][info][gc,phases      ] GC(413) Marking Phase 21.348ms
[127.985s][info][gc,phases,start] GC(413) Summary Phase
[127.985s][info][gc,phases      ] GC(413) Summary Phase 0.023ms
[127.985s][info][gc,phases,start] GC(413) Adjust Roots
[127.986s][info][gc,phases      ] GC(413) Adjust Roots 1.442ms
[127.986s][info][gc,phases,start] GC(413) Compaction Phase
[127.993s][info][gc,phases      ] GC(413) Compaction Phase 6.532ms
[127.993s][info][gc,phases,start] GC(413) Post Compact
[127.996s][info][gc,phases      ] GC(413) Post Compact 3.862ms
[127.997s][info][gc,heap        ] GC(413) PSYoungGen: 116735K(232960K)->113215K(232960K) Eden: 116735K(116736K)->113215K(116736K) From: 0K(116224K)->0K(116224K)
[127.997s][info][gc,heap        ] GC(413) ParOldGen: 696879K(699392K)->696879K(699392K)
[127.997s][info][gc,metaspace   ] GC(413) Metaspace: 114196K(126656K)->114196K(126656K) NonClass: 97586K(105344K)->97586K(105344K) Class: 16609K(21312K)->16609K(21312K)
[127.997s][info][gc             ] GC(413) Pause Full (Ergonomics) 794M->791M(910M) 33.457ms
[127.997s][info][gc,cpu         ] GC(413) User=0.45s Sys=0.00s Real=0.03s
[127.997s][info][gc,start       ] GC(414) Pause Full (Ergonomics)
[127.997s][info][gc,phases,start] GC(414) Marking Phase
[128.020s][info][gc,phases      ] GC(414) Marking Phase 22.462ms
[128.020s][info][gc,phases,start] GC(414) Summary Phase
[128.020s][info][gc,phases      ] GC(414) Summary Phase 0.027ms
[128.020s][info][gc,phases,start] GC(414) Adjust Roots
[128.021s][info][gc,phases      ] GC(414) Adjust Roots 1.474ms
[128.021s][info][gc,phases,start] GC(414) Compaction Phase
[128.028s][info][gc,phases      ] GC(414) Compaction Phase 6.706ms
[128.028s][info][gc,phases,start] GC(414) Post Compact
[128.032s][info][gc,phases      ] GC(414) Post Compact 3.678ms
[128.032s][info][gc,heap        ] GC(414) PSYoungGen: 114249K(232960K)->113144K(232960K) Eden: 114249K(116736K)->113144K(116736K) From: 0K(116224K)->0K(116224K)
[128.032s][info][gc,heap        ] GC(414) ParOldGen: 696879K(699392K)->696879K(699392K)
[128.032s][info][gc,metaspace   ] GC(414) Metaspace: 114196K(126656K)->114196K(126656K) NonClass: 97586K(105344K)->97586K(105344K) Class: 16609K(21312K)->16609K(21312K)
[128.032s][info][gc             ] GC(414) Pause Full (Ergonomics) 792M->791M(910M) 34.551ms
[128.032s][info][gc,cpu         ] GC(414) User=0.34s Sys=0.00s Real=0.03s
[128.032s][info][gc,start       ] GC(415) Pause Full (Allocation Failure)
[128.032s][info][gc,phases,start] GC(415) Marking Phase
[128.056s][info][gc,phases      ] GC(415) Marking Phase 24.280ms
[128.056s][info][gc,phases,start] GC(415) Summary Phase
[128.056s][info][gc,phases      ] GC(415) Summary Phase 0.024ms
[128.056s][info][gc,phases,start] GC(415) Adjust Roots
[128.058s][info][gc,phases      ] GC(415) Adjust Roots 1.513ms
[128.058s][info][gc,phases,start] GC(415) Compaction Phase
[128.064s][info][gc,phases      ] GC(415) Compaction Phase 6.537ms
[128.064s][info][gc,phases,start] GC(415) Post Compact
[128.068s][info][gc,phases      ] GC(415) Post Compact 3.772ms
[128.068s][info][gc,heap        ] GC(415) PSYoungGen: 113144K(232960K)->113144K(232960K) Eden: 113144K(116736K)->113144K(116736K) From: 0K(116224K)->0K(116224K)
[128.068s][info][gc,heap        ] GC(415) ParOldGen: 696879K(699392K)->696879K(699392K)
[128.068s][info][gc,metaspace   ] GC(415) Metaspace: 114196K(126656K)->114196K(126656K) NonClass: 97586K(105344K)->97586K(105344K) Class: 16609K(21312K)->16609K(21312K)
[128.068s][info][gc             ] GC(415) Pause Full (Allocation Failure) 791M->791M(910M) 36.318ms
[128.068s][info][gc,cpu         ] GC(415) User=0.45s Sys=0.00s Real=0.03s
[128.070s][info][gc,start       ] GC(416) Pause Full (Ergonomics)
[128.070s][info][gc,phases,start] GC(416) Marking Phase
[128.093s][info][gc,phases      ] GC(416) Marking Phase 23.653ms
[128.093s][info][gc,phases,start] GC(416) Summary Phase
[128.093s][info][gc,phases      ] GC(416) Summary Phase 0.025ms
[128.094s][info][gc,phases,start] GC(416) Adjust Roots
[128.095s][info][gc,phases      ] GC(416) Adjust Roots 1.428ms
[128.095s][info][gc,phases,start] GC(416) Compaction Phase
[128.141s][info][gc,phases      ] GC(416) Compaction Phase 46.275ms
[128.141s][info][gc,phases,start] GC(416) Post Compact
[128.145s][info][gc,phases      ] GC(416) Post Compact 3.996ms
[128.145s][info][gc,heap        ] GC(416) PSYoungGen: 116735K(232960K)->97589K(232960K) Eden: 116735K(116736K)->97589K(116736K) From: 0K(116224K)->0K(116224K)
[128.145s][info][gc,heap        ] GC(416) ParOldGen: 696894K(699392K)->697017K(699392K)
[128.145s][info][gc,metaspace   ] GC(416) Metaspace: 114196K(126656K)->114196K(126656K) NonClass: 97586K(105344K)->97586K(105344K) Class: 16609K(21312K)->16609K(21312K)
[128.145s][info][gc             ] GC(416) Pause Full (Ergonomics) 794M->775M(910M) 75.641ms
[128.145s][info][gc,cpu         ] GC(416) User=1.30s Sys=0.00s Real=0.06s
[128.151s][info][gc,start       ] GC(417) Pause Full (Ergonomics)
[128.151s][info][gc,phases,start] GC(417) Marking Phase
[128.174s][info][gc,phases      ] GC(417) Marking Phase 22.917ms
[128.174s][info][gc,phases,start] GC(417) Summary Phase
[128.174s][info][gc,phases      ] GC(417) Summary Phase 0.026ms
[128.174s][info][gc,phases,start] GC(417) Adjust Roots
[128.176s][info][gc,phases      ] GC(417) Adjust Roots 2.360ms
[128.176s][info][gc,phases,start] GC(417) Compaction Phase
[128.222s][info][gc,phases      ] GC(417) Compaction Phase 45.777ms
[128.222s][info][gc,phases,start] GC(417) Post Compact
[128.226s][info][gc,phases      ] GC(417) Post Compact 4.095ms
[128.226s][info][gc,heap        ] GC(417) PSYoungGen: 116736K(232960K)->97603K(232960K) Eden: 116736K(116736K)->97603K(116736K) From: 0K(116224K)->0K(116224K)
[128.226s][info][gc,heap        ] GC(417) ParOldGen: 697017K(699392K)->696998K(699392K)
[128.226s][info][gc,metaspace   ] GC(417) Metaspace: 114199K(126656K)->114199K(126656K) NonClass: 97588K(105344K)->97588K(105344K) Class: 16610K(21312K)->16610K(21312K)
[128.226s][info][gc             ] GC(417) Pause Full (Ergonomics) 794M->775M(910M) 75.423ms
[128.226s][info][gc,cpu         ] GC(417) User=1.33s Sys=0.00s Real=0.08s
[128.229s][info][gc,start       ] GC(418) Pause Full (Ergonomics)
[128.229s][info][gc,phases,start] GC(418) Marking Phase
[128.253s][info][gc,phases      ] GC(418) Marking Phase 24.138ms
[128.253s][info][gc,phases,start] GC(418) Summary Phase
[128.253s][info][gc,phases      ] GC(418) Summary Phase 0.026ms
[128.253s][info][gc,phases,start] GC(418) Adjust Roots
[128.255s][info][gc,phases      ] GC(418) Adjust Roots 1.694ms
[128.255s][info][gc,phases,start] GC(418) Compaction Phase
[128.303s][info][gc,phases      ] GC(418) Compaction Phase 48.280ms
[128.303s][info][gc,phases,start] GC(418) Post Compact
[128.308s][info][gc,phases      ] GC(418) Post Compact 5.159ms
[128.309s][info][gc,heap        ] GC(418) PSYoungGen: 116735K(232960K)->100687K(232960K) Eden: 116735K(116736K)->100687K(116736K) From: 0K(116224K)->0K(116224K)
[128.309s][info][gc,heap        ] GC(418) ParOldGen: 696998K(699392K)->696997K(699392K)
[128.309s][info][gc,metaspace   ] GC(418) Metaspace: 114204K(126656K)->114204K(126656K) NonClass: 97594K(105344K)->97594K(105344K) Class: 16610K(21312K)->16610K(21312K)
[128.309s][info][gc             ] GC(418) Pause Full (Ergonomics) 794M->778M(910M) 79.692ms
[128.309s][info][gc,cpu         ] GC(418) User=1.33s Sys=0.00s Real=0.08s
[128.312s][info][gc,start       ] GC(419) Pause Full (Ergonomics)
[128.312s][info][gc,phases,start] GC(419) Marking Phase
[128.338s][info][gc,phases      ] GC(419) Marking Phase 26.607ms
[128.338s][info][gc,phases,start] GC(419) Summary Phase
[128.338s][info][gc,phases      ] GC(419) Summary Phase 0.025ms
[128.338s][info][gc,phases,start] GC(419) Adjust Roots
[128.340s][info][gc,phases      ] GC(419) Adjust Roots 1.468ms
[128.340s][info][gc,phases,start] GC(419) Compaction Phase
[128.381s][info][gc,phases      ] GC(419) Compaction Phase 41.016ms
[128.381s][info][gc,phases,start] GC(419) Post Compact
[128.385s][info][gc,phases      ] GC(419) Post Compact 4.012ms
[128.385s][info][gc,heap        ] GC(419) PSYoungGen: 116735K(232960K)->100683K(232960K) Eden: 116735K(116736K)->100683K(116736K) From: 0K(116224K)->0K(116224K)
[128.385s][info][gc,heap        ] GC(419) ParOldGen: 696997K(699392K)->696997K(699392K)
[128.385s][info][gc,metaspace   ] GC(419) Metaspace: 114205K(126656K)->114205K(126656K) NonClass: 97595K(105344K)->97595K(105344K) Class: 16610K(21312K)->16610K(21312K)
[128.385s][info][gc             ] GC(419) Pause Full (Ergonomics) 794M->778M(910M) 73.386ms
[128.385s][info][gc,cpu         ] GC(419) User=1.31s Sys=0.00s Real=0.07s
[128.387s][info][gc,start       ] GC(420) Pause Full (Ergonomics)
[128.388s][info][gc,phases,start] GC(420) Marking Phase
[128.408s][info][gc,phases      ] GC(420) Marking Phase 20.939ms
[128.409s][info][gc,phases,start] GC(420) Summary Phase
[128.409s][info][gc,phases      ] GC(420) Summary Phase 0.026ms
[128.409s][info][gc,phases,start] GC(420) Adjust Roots
[128.410s][info][gc,phases      ] GC(420) Adjust Roots 1.440ms
[128.410s][info][gc,phases,start] GC(420) Compaction Phase
[128.417s][info][gc,phases      ] GC(420) Compaction Phase 6.687ms
[128.417s][info][gc,phases,start] GC(420) Post Compact
[128.421s][info][gc,phases      ] GC(420) Post Compact 3.779ms
[128.421s][info][gc,heap        ] GC(420) PSYoungGen: 116736K(232960K)->100747K(232960K) Eden: 116736K(116736K)->100747K(116736K) From: 0K(116224K)->0K(116224K)
[128.421s][info][gc,heap        ] GC(420) ParOldGen: 696997K(699392K)->696997K(699392K)
[128.421s][info][gc,metaspace   ] GC(420) Metaspace: 114207K(126656K)->114207K(126656K) NonClass: 97596K(105344K)->97596K(105344K) Class: 16611K(21312K)->16611K(21312K)
[128.421s][info][gc             ] GC(420) Pause Full (Ergonomics) 794M->779M(910M) 33.107ms
[128.421s][info][gc,cpu         ] GC(420) User=0.36s Sys=0.00s Real=0.03s
[128.432s][info][gc,start       ] GC(421) Pause Full (Ergonomics)
[128.432s][info][gc,phases,start] GC(421) Marking Phase
[128.459s][info][gc,phases      ] GC(421) Marking Phase 26.320ms
[128.459s][info][gc,phases,start] GC(421) Summary Phase
[128.459s][info][gc,phases      ] GC(421) Summary Phase 0.026ms
[128.459s][info][gc,phases,start] GC(421) Adjust Roots
[128.460s][info][gc,phases      ] GC(421) Adjust Roots 1.769ms
[128.461s][info][gc,phases,start] GC(421) Compaction Phase
[128.501s][info][gc,phases      ] GC(421) Compaction Phase 40.748ms
[128.501s][info][gc,phases,start] GC(421) Post Compact
[128.505s][info][gc,phases      ] GC(421) Post Compact 3.999ms
[128.505s][info][gc,heap        ] GC(421) PSYoungGen: 113400K(232960K)->106918K(232960K) Eden: 113400K(116736K)->106918K(116736K) From: 0K(116224K)->0K(116224K)
[128.505s][info][gc,heap        ] GC(421) ParOldGen: 696997K(699392K)->696996K(699392K)
[128.505s][info][gc,metaspace   ] GC(421) Metaspace: 114207K(126656K)->114207K(126656K) NonClass: 97596K(105344K)->97596K(105344K) Class: 16611K(21312K)->16611K(21312K)
[128.505s][info][gc             ] GC(421) Pause Full (Ergonomics) 791M->785M(910M) 73.099ms
[128.505s][info][gc,cpu         ] GC(421) User=1.31s Sys=0.00s Real=0.06s
[128.507s][info][gc,start       ] GC(422) Pause Full (Ergonomics)
[128.507s][info][gc,phases,start] GC(422) Marking Phase
[128.525s][info][gc,phases      ] GC(422) Marking Phase 18.635ms
[128.526s][info][gc,phases,start] GC(422) Summary Phase
[128.526s][info][gc,phases      ] GC(422) Summary Phase 0.027ms
[128.526s][info][gc,phases,start] GC(422) Adjust Roots
[128.527s][info][gc,phases      ] GC(422) Adjust Roots 1.536ms
[128.527s][info][gc,phases,start] GC(422) Compaction Phase
[128.568s][info][gc,phases      ] GC(422) Compaction Phase 40.919ms
[128.568s][info][gc,phases,start] GC(422) Post Compact
[128.572s][info][gc,phases      ] GC(422) Post Compact 4.024ms
[128.572s][info][gc,heap        ] GC(422) PSYoungGen: 116736K(232960K)->113180K(232960K) Eden: 116736K(116736K)->113180K(116736K) From: 0K(116224K)->0K(116224K)
[128.572s][info][gc,heap        ] GC(422) ParOldGen: 696996K(699392K)->696996K(699392K)
[128.572s][info][gc,metaspace   ] GC(422) Metaspace: 114207K(126656K)->114207K(126656K) NonClass: 97596K(105344K)->97596K(105344K) Class: 16611K(21312K)->16611K(21312K)
[128.572s][info][gc             ] GC(422) Pause Full (Ergonomics) 794M->791M(910M) 65.390ms
[128.572s][info][gc,cpu         ] GC(422) User=1.28s Sys=0.05s Real=0.06s
[128.573s][info][gc,start       ] GC(423) Pause Full (Ergonomics)
[128.573s][info][gc,phases,start] GC(423) Marking Phase
[128.592s][info][gc,phases      ] GC(423) Marking Phase 19.002ms
[128.592s][info][gc,phases,start] GC(423) Summary Phase
[128.592s][info][gc,phases      ] GC(423) Summary Phase 0.025ms
[128.592s][info][gc,phases,start] GC(423) Adjust Roots
[128.594s][info][gc,phases      ] GC(423) Adjust Roots 1.454ms
[128.594s][info][gc,phases,start] GC(423) Compaction Phase
[128.604s][info][gc,phases      ] GC(423) Compaction Phase 9.643ms
[128.604s][info][gc,phases,start] GC(423) Post Compact
[128.608s][info][gc,phases      ] GC(423) Post Compact 3.992ms
[128.608s][info][gc,heap        ] GC(423) PSYoungGen: 114101K(232960K)->109987K(232960K) Eden: 114101K(116736K)->109987K(116736K) From: 0K(116224K)->0K(116224K)
[128.608s][info][gc,heap        ] GC(423) ParOldGen: 696996K(699392K)->696997K(699392K)
[128.608s][info][gc,metaspace   ] GC(423) Metaspace: 114207K(126656K)->114207K(126656K) NonClass: 97596K(105344K)->97596K(105344K) Class: 16611K(21312K)->16611K(21312K)
[128.608s][info][gc             ] GC(423) Pause Full (Ergonomics) 792M->788M(910M) 34.359ms
[128.608s][info][gc,cpu         ] GC(423) User=0.34s Sys=0.00s Real=0.03s
[128.626s][info][gc,start       ] GC(424) Pause Full (Ergonomics)
[128.626s][info][gc,phases,start] GC(424) Marking Phase
[128.653s][info][gc,phases      ] GC(424) Marking Phase 27.656ms
[128.653s][info][gc,phases,start] GC(424) Summary Phase
[128.654s][info][gc,phases      ] GC(424) Summary Phase 0.027ms
[128.654s][info][gc,phases,start] GC(424) Adjust Roots
[128.655s][info][gc,phases      ] GC(424) Adjust Roots 1.549ms
[128.655s][info][gc,phases,start] GC(424) Compaction Phase
[128.668s][info][gc,phases      ] GC(424) Compaction Phase 13.041ms
[128.668s][info][gc,phases,start] GC(424) Post Compact
[128.672s][info][gc,phases      ] GC(424) Post Compact 4.086ms
[128.672s][info][gc,heap        ] GC(424) PSYoungGen: 116736K(232960K)->113109K(232960K) Eden: 116736K(116736K)->113109K(116736K) From: 0K(116224K)->0K(116224K)
[128.672s][info][gc,heap        ] GC(424) ParOldGen: 696997K(699392K)->696997K(699392K)
[128.672s][info][gc,metaspace   ] GC(424) Metaspace: 114207K(126656K)->114207K(126656K) NonClass: 97596K(105344K)->97596K(105344K) Class: 16611K(21312K)->16611K(21312K)
[128.672s][info][gc             ] GC(424) Pause Full (Ergonomics) 794M->791M(910M) 46.606ms
[128.672s][info][gc,cpu         ] GC(424) User=0.66s Sys=0.00s Real=0.03s
[128.674s][info][gc,start       ] GC(425) Pause Full (Ergonomics)
[128.674s][info][gc,phases,start] GC(425) Marking Phase
[128.696s][info][gc,phases      ] GC(425) Marking Phase 22.393ms
[128.696s][info][gc,phases,start] GC(425) Summary Phase
[128.696s][info][gc,phases      ] GC(425) Summary Phase 0.025ms
[128.696s][info][gc,phases,start] GC(425) Adjust Roots
[128.698s][info][gc,phases      ] GC(425) Adjust Roots 1.433ms
[128.698s][info][gc,phases,start] GC(425) Compaction Phase
[128.711s][info][gc,phases      ] GC(425) Compaction Phase 13.384ms
[128.711s][info][gc,phases,start] GC(425) Post Compact
[128.715s][info][gc,phases      ] GC(425) Post Compact 4.193ms
[128.715s][info][gc,heap        ] GC(425) PSYoungGen: 116735K(232960K)->113184K(232960K) Eden: 116735K(116736K)->113184K(116736K) From: 0K(116224K)->0K(116224K)
[128.715s][info][gc,heap        ] GC(425) ParOldGen: 696997K(699392K)->696997K(699392K)
[128.715s][info][gc,metaspace   ] GC(425) Metaspace: 114208K(126656K)->114208K(126656K) NonClass: 97596K(105344K)->97596K(105344K) Class: 16611K(21312K)->16611K(21312K)
[128.715s][info][gc             ] GC(425) Pause Full (Ergonomics) 794M->791M(910M) 41.722ms
[128.715s][info][gc,cpu         ] GC(425) User=0.41s Sys=0.00s Real=0.03s
[128.717s][info][gc,start       ] GC(426) Pause Full (Ergonomics)
[128.717s][info][gc,phases,start] GC(426) Marking Phase
[128.745s][info][gc,phases      ] GC(426) Marking Phase 27.904ms
[128.745s][info][gc,phases,start] GC(426) Summary Phase
[128.745s][info][gc,phases      ] GC(426) Summary Phase 0.025ms
[128.745s][info][gc,phases,start] GC(426) Adjust Roots
[128.747s][info][gc,phases      ] GC(426) Adjust Roots 1.718ms
[128.747s][info][gc,phases,start] GC(426) Compaction Phase
[128.795s][info][gc,phases      ] GC(426) Compaction Phase 48.342ms
[128.795s][info][gc,phases,start] GC(426) Post Compact
[128.799s][info][gc,phases      ] GC(426) Post Compact 4.167ms
[128.799s][info][gc,heap        ] GC(426) PSYoungGen: 116736K(232960K)->110057K(232960K) Eden: 116736K(116736K)->110057K(116736K) From: 0K(116224K)->0K(116224K)
[128.799s][info][gc,heap        ] GC(426) ParOldGen: 696997K(699392K)->696997K(699392K)
[128.799s][info][gc,metaspace   ] GC(426) Metaspace: 114212K(126656K)->114212K(126656K) NonClass: 97600K(105344K)->97600K(105344K) Class: 16612K(21312K)->16612K(21312K)
[128.799s][info][gc             ] GC(426) Pause Full (Ergonomics) 794M->788M(910M) 82.443ms
[128.799s][info][gc,cpu         ] GC(426) User=1.33s Sys=0.00s Real=0.08s
[128.802s][info][gc,start       ] GC(427) Pause Full (Ergonomics)
[128.802s][info][gc,phases,start] GC(427) Marking Phase
[128.824s][info][gc,phases      ] GC(427) Marking Phase 22.672ms
[128.824s][info][gc,phases,start] GC(427) Summary Phase
[128.824s][info][gc,phases      ] GC(427) Summary Phase 0.026ms
[128.824s][info][gc,phases,start] GC(427) Adjust Roots
[128.826s][info][gc,phases      ] GC(427) Adjust Roots 1.564ms
[128.826s][info][gc,phases,start] GC(427) Compaction Phase
[128.865s][info][gc,phases      ] GC(427) Compaction Phase 39.224ms
[128.865s][info][gc,phases,start] GC(427) Post Compact
[128.869s][info][gc,phases      ] GC(427) Post Compact 4.008ms
[128.869s][info][gc,heap        ] GC(427) PSYoungGen: 116735K(232960K)->110108K(232960K) Eden: 116735K(116736K)->110108K(116736K) From: 0K(116224K)->0K(116224K)
[128.869s][info][gc,heap        ] GC(427) ParOldGen: 696997K(699392K)->696975K(699392K)
[128.869s][info][gc,metaspace   ] GC(427) Metaspace: 114212K(126656K)->114212K(126656K) NonClass: 97600K(105344K)->97600K(105344K) Class: 16612K(21312K)->16612K(21312K)
[128.869s][info][gc             ] GC(427) Pause Full (Ergonomics) 794M->788M(910M) 67.738ms
[128.869s][info][gc,cpu         ] GC(427) User=1.31s Sys=0.00s Real=0.06s
[128.871s][info][gc,start       ] GC(428) Pause Full (Ergonomics)
[128.871s][info][gc,phases,start] GC(428) Marking Phase
[128.893s][info][gc,phases      ] GC(428) Marking Phase 21.694ms
[128.893s][info][gc,phases,start] GC(428) Summary Phase
[128.893s][info][gc,phases      ] GC(428) Summary Phase 0.027ms
[128.893s][info][gc,phases,start] GC(428) Adjust Roots
[128.894s][info][gc,phases      ] GC(428) Adjust Roots 1.434ms
[128.894s][info][gc,phases,start] GC(428) Compaction Phase
[128.902s][info][gc,phases      ] GC(428) Compaction Phase 8.123ms
[128.902s][info][gc,phases,start] GC(428) Post Compact
[128.906s][info][gc,phases      ] GC(428) Post Compact 4.137ms
[128.906s][info][gc,heap        ] GC(428) PSYoungGen: 114420K(232960K)->110096K(232960K) Eden: 114420K(116736K)->110096K(116736K) From: 0K(116224K)->0K(116224K)
[128.906s][info][gc,heap        ] GC(428) ParOldGen: 696975K(699392K)->696975K(699392K)
[128.906s][info][gc,metaspace   ] GC(428) Metaspace: 114218K(126656K)->114218K(126656K) NonClass: 97604K(105344K)->97604K(105344K) Class: 16614K(21312K)->16614K(21312K)
[128.906s][info][gc             ] GC(428) Pause Full (Ergonomics) 792M->788M(910M) 35.703ms
[128.907s][info][gc,cpu         ] GC(428) User=0.38s Sys=0.00s Real=0.03s
[128.908s][info][gc,start       ] GC(429) Pause Full (Ergonomics)
[128.908s][info][gc,phases,start] GC(429) Marking Phase
[128.930s][info][gc,phases      ] GC(429) Marking Phase 22.267ms
[128.930s][info][gc,phases,start] GC(429) Summary Phase
[128.930s][info][gc,phases      ] GC(429) Summary Phase 0.024ms
[128.930s][info][gc,phases,start] GC(429) Adjust Roots
[128.932s][info][gc,phases      ] GC(429) Adjust Roots 1.534ms
[128.932s][info][gc,phases,start] GC(429) Compaction Phase
[128.938s][info][gc,phases      ] GC(429) Compaction Phase 6.462ms
[128.938s][info][gc,phases,start] GC(429) Post Compact
[128.942s][info][gc,phases      ] GC(429) Post Compact 3.738ms
[128.942s][info][gc,heap        ] GC(429) PSYoungGen: 116735K(232960K)->116329K(232960K) Eden: 116735K(116736K)->116329K(116736K) From: 0K(116224K)->0K(116224K)
[128.942s][info][gc,heap        ] GC(429) ParOldGen: 696975K(699392K)->696975K(699392K)
[128.942s][info][gc,metaspace   ] GC(429) Metaspace: 114218K(126656K)->114218K(126656K) NonClass: 97604K(105344K)->97604K(105344K) Class: 16614K(21312K)->16614K(21312K)
[128.942s][info][gc             ] GC(429) Pause Full (Ergonomics) 794M->794M(910M) 34.238ms
[128.942s][info][gc,cpu         ] GC(429) User=0.36s Sys=0.00s Real=0.03s
[128.943s][info][gc,start       ] GC(430) Pause Full (Ergonomics)
[128.943s][info][gc,phases,start] GC(430) Marking Phase
[128.967s][info][gc,phases      ] GC(430) Marking Phase 23.418ms
[128.967s][info][gc,phases,start] GC(430) Summary Phase
[128.967s][info][gc,phases      ] GC(430) Summary Phase 0.025ms
[128.967s][info][gc,phases,start] GC(430) Adjust Roots
[128.968s][info][gc,phases      ] GC(430) Adjust Roots 1.483ms
[128.968s][info][gc,phases,start] GC(430) Compaction Phase
[128.975s][info][gc,phases      ] GC(430) Compaction Phase 6.520ms
[128.975s][info][gc,phases,start] GC(430) Post Compact
[128.979s][info][gc,phases      ] GC(430) Post Compact 3.901ms
[128.979s][info][gc,heap        ] GC(430) PSYoungGen: 116736K(232960K)->116342K(232960K) Eden: 116736K(116736K)->116342K(116736K) From: 0K(116224K)->0K(116224K)
[128.979s][info][gc,heap        ] GC(430) ParOldGen: 696975K(699392K)->696975K(699392K)
[128.979s][info][gc,metaspace   ] GC(430) Metaspace: 114218K(126656K)->114218K(126656K) NonClass: 97604K(105344K)->97604K(105344K) Class: 16614K(21312K)->16614K(21312K)
[128.979s][info][gc             ] GC(430) Pause Full (Ergonomics) 794M->794M(910M) 35.542ms
[128.979s][info][gc,cpu         ] GC(430) User=0.67s Sys=0.00s Real=0.04s
[128.979s][info][gc,start       ] GC(431) Pause Full (Ergonomics)
[128.979s][info][gc,phases,start] GC(431) Marking Phase
[129.003s][info][gc,phases      ] GC(431) Marking Phase 23.324ms
[129.003s][info][gc,phases,start] GC(431) Summary Phase
[129.003s][info][gc,phases      ] GC(431) Summary Phase 0.026ms
[129.003s][info][gc,phases,start] GC(431) Adjust Roots
[129.004s][info][gc,phases      ] GC(431) Adjust Roots 1.481ms
[129.004s][info][gc,phases,start] GC(431) Compaction Phase
[129.017s][info][gc,phases      ] GC(431) Compaction Phase 12.415ms
[129.017s][info][gc,phases,start] GC(431) Post Compact
[129.021s][info][gc,phases      ] GC(431) Post Compact 4.192ms
[129.021s][info][gc,heap        ] GC(431) PSYoungGen: 116736K(232960K)->113184K(232960K) Eden: 116736K(116736K)->113184K(116736K) From: 0K(116224K)->0K(116224K)
[129.021s][info][gc,heap        ] GC(431) ParOldGen: 696975K(699392K)->696975K(699392K)
[129.021s][info][gc,metaspace   ] GC(431) Metaspace: 114218K(126656K)->114218K(126656K) NonClass: 97604K(105344K)->97604K(105344K) Class: 16614K(21312K)->16614K(21312K)
[129.021s][info][gc             ] GC(431) Pause Full (Ergonomics) 794M->791M(910M) 41.673ms
[129.021s][info][gc,cpu         ] GC(431) User=0.48s Sys=0.00s Real=0.03s
[129.022s][info][gc,start       ] GC(432) Pause Full (Ergonomics)
[129.022s][info][gc,phases,start] GC(432) Marking Phase
[129.052s][info][gc,phases      ] GC(432) Marking Phase 29.312ms
[129.052s][info][gc,phases,start] GC(432) Summary Phase
[129.052s][info][gc,phases      ] GC(432) Summary Phase 0.024ms
[129.052s][info][gc,phases,start] GC(432) Adjust Roots
[129.053s][info][gc,phases      ] GC(432) Adjust Roots 1.479ms
[129.053s][info][gc,phases,start] GC(432) Compaction Phase
[129.060s][info][gc,phases      ] GC(432) Compaction Phase 6.880ms
[129.060s][info][gc,phases,start] GC(432) Post Compact
[129.064s][info][gc,phases      ] GC(432) Post Compact 3.949ms
[129.064s][info][gc,heap        ] GC(432) PSYoungGen: 116735K(232960K)->113126K(232960K) Eden: 116735K(116736K)->113126K(116736K) From: 0K(116224K)->0K(116224K)
[129.064s][info][gc,heap        ] GC(432) ParOldGen: 696975K(699392K)->696975K(699392K)
[129.064s][info][gc,metaspace   ] GC(432) Metaspace: 114218K(126656K)->114218K(126656K) NonClass: 97604K(105344K)->97604K(105344K) Class: 16614K(21312K)->16614K(21312K)
[129.064s][info][gc             ] GC(432) Pause Full (Ergonomics) 794M->791M(910M) 41.912ms
[129.064s][info][gc,cpu         ] GC(432) User=0.36s Sys=0.00s Real=0.03s
[129.065s][info][gc,start       ] GC(433) Pause Full (Ergonomics)
[129.065s][info][gc,phases,start] GC(433) Marking Phase
[129.088s][info][gc,phases      ] GC(433) Marking Phase 22.069ms
[129.088s][info][gc,phases,start] GC(433) Summary Phase
[129.088s][info][gc,phases      ] GC(433) Summary Phase 0.024ms
[129.088s][info][gc,phases,start] GC(433) Adjust Roots
[129.089s][info][gc,phases      ] GC(433) Adjust Roots 1.512ms
[129.089s][info][gc,phases,start] GC(433) Compaction Phase
[129.096s][info][gc,phases      ] GC(433) Compaction Phase 6.571ms
[129.096s][info][gc,phases,start] GC(433) Post Compact
[129.100s][info][gc,phases      ] GC(433) Post Compact 3.864ms
[129.100s][info][gc,heap        ] GC(433) PSYoungGen: 116736K(232960K)->113152K(232960K) Eden: 116736K(116736K)->113152K(116736K) From: 0K(116224K)->0K(116224K)
[129.100s][info][gc,heap        ] GC(433) ParOldGen: 696975K(699392K)->696975K(699392K)
[129.100s][info][gc,metaspace   ] GC(433) Metaspace: 114218K(126656K)->114218K(126656K) NonClass: 97604K(105344K)->97604K(105344K) Class: 16614K(21312K)->16614K(21312K)
[129.100s][info][gc             ] GC(433) Pause Full (Ergonomics) 794M->791M(910M) 34.272ms
[129.100s][info][gc,cpu         ] GC(433) User=0.36s Sys=0.00s Real=0.03s
[129.101s][info][gc,start       ] GC(434) Pause Full (Ergonomics)
[129.101s][info][gc,phases,start] GC(434) Marking Phase
[129.126s][info][gc,phases      ] GC(434) Marking Phase 25.264ms
[129.126s][info][gc,phases,start] GC(434) Summary Phase
[129.127s][info][gc,phases      ] GC(434) Summary Phase 0.024ms
[129.127s][info][gc,phases,start] GC(434) Adjust Roots
[129.128s][info][gc,phases      ] GC(434) Adjust Roots 1.458ms
[129.128s][info][gc,phases,start] GC(434) Compaction Phase
[129.135s][info][gc,phases      ] GC(434) Compaction Phase 6.595ms
[129.135s][info][gc,phases,start] GC(434) Post Compact
[129.139s][info][gc,phases      ] GC(434) Post Compact 3.817ms
[129.139s][info][gc,heap        ] GC(434) PSYoungGen: 116735K(232960K)->113172K(232960K) Eden: 116735K(116736K)->113172K(116736K) From: 0K(116224K)->0K(116224K)
[129.139s][info][gc,heap        ] GC(434) ParOldGen: 696975K(699392K)->696975K(699392K)
[129.139s][info][gc,metaspace   ] GC(434) Metaspace: 114223K(126656K)->114223K(126656K) NonClass: 97607K(105344K)->97607K(105344K) Class: 16615K(21312K)->16615K(21312K)
[129.139s][info][gc             ] GC(434) Pause Full (Ergonomics) 794M->791M(910M) 37.455ms
[129.139s][info][gc,cpu         ] GC(434) User=0.44s Sys=0.00s Real=0.03s
[129.140s][info][gc,start       ] GC(435) Pause Full (Ergonomics)
[129.140s][info][gc,phases,start] GC(435) Marking Phase
[129.163s][info][gc,phases      ] GC(435) Marking Phase 23.341ms
[129.163s][info][gc,phases,start] GC(435) Summary Phase
[129.163s][info][gc,phases      ] GC(435) Summary Phase 0.025ms
[129.163s][info][gc,phases,start] GC(435) Adjust Roots
[129.165s][info][gc,phases      ] GC(435) Adjust Roots 1.740ms
[129.165s][info][gc,phases,start] GC(435) Compaction Phase
[129.206s][info][gc,phases      ] GC(435) Compaction Phase 41.318ms
[129.207s][info][gc,phases,start] GC(435) Post Compact
[129.211s][info][gc,phases      ] GC(435) Post Compact 4.023ms
[129.211s][info][gc,heap        ] GC(435) PSYoungGen: 116735K(232960K)->113208K(232960K) Eden: 116735K(116736K)->113208K(116736K) From: 0K(116224K)->0K(116224K)
[129.211s][info][gc,heap        ] GC(435) ParOldGen: 696975K(699392K)->696975K(699392K)
[129.211s][info][gc,metaspace   ] GC(435) Metaspace: 114223K(126656K)->114223K(126656K) NonClass: 97608K(105344K)->97608K(105344K) Class: 16615K(21312K)->16615K(21312K)
[129.211s][info][gc             ] GC(435) Pause Full (Ergonomics) 794M->791M(910M) 70.700ms
[129.211s][info][gc,cpu         ] GC(435) User=1.02s Sys=0.00s Real=0.08s
[129.212s][info][gc,start       ] GC(436) Pause Full (Ergonomics)
[129.212s][info][gc,phases,start] GC(436) Marking Phase
[129.234s][info][gc,phases      ] GC(436) Marking Phase 21.763ms
[129.234s][info][gc,phases,start] GC(436) Summary Phase
[129.234s][info][gc,phases      ] GC(436) Summary Phase 0.024ms
[129.234s][info][gc,phases,start] GC(436) Adjust Roots
[129.235s][info][gc,phases      ] GC(436) Adjust Roots 1.453ms
[129.235s][info][gc,phases,start] GC(436) Compaction Phase
[129.242s][info][gc,phases      ] GC(436) Compaction Phase 6.463ms
[129.242s][info][gc,phases,start] GC(436) Post Compact
[129.246s][info][gc,phases      ] GC(436) Post Compact 3.672ms
[129.246s][info][gc,heap        ] GC(436) PSYoungGen: 116735K(232960K)->113177K(232960K) Eden: 116735K(116736K)->113177K(116736K) From: 0K(116224K)->0K(116224K)
[129.246s][info][gc,heap        ] GC(436) ParOldGen: 696975K(699392K)->696975K(699392K)
[129.246s][info][gc,metaspace   ] GC(436) Metaspace: 114229K(126656K)->114229K(126656K) NonClass: 97612K(105344K)->97612K(105344K) Class: 16617K(21312K)->16617K(21312K)
[129.246s][info][gc             ] GC(436) Pause Full (Ergonomics) 794M->791M(910M) 33.573ms
[129.246s][info][gc,cpu         ] GC(436) User=0.33s Sys=0.02s Real=0.03s
[129.247s][info][gc,start       ] GC(437) Pause Full (Ergonomics)
[129.247s][info][gc,phases,start] GC(437) Marking Phase
[129.270s][info][gc,phases      ] GC(437) Marking Phase 23.463ms
[129.271s][info][gc,phases,start] GC(437) Summary Phase
[129.271s][info][gc,phases      ] GC(437) Summary Phase 0.025ms
[129.271s][info][gc,phases,start] GC(437) Adjust Roots
[129.272s][info][gc,phases      ] GC(437) Adjust Roots 1.457ms
[129.272s][info][gc,phases,start] GC(437) Compaction Phase
[129.314s][info][gc,phases      ] GC(437) Compaction Phase 41.708ms
[129.314s][info][gc,phases,start] GC(437) Post Compact
[129.318s][info][gc,phases      ] GC(437) Post Compact 4.003ms
[129.318s][info][gc,heap        ] GC(437) PSYoungGen: 116736K(232960K)->113199K(232960K) Eden: 116736K(116736K)->113199K(116736K) From: 0K(116224K)->0K(116224K)
[129.318s][info][gc,heap        ] GC(437) ParOldGen: 696975K(699392K)->696842K(699392K)
[129.318s][info][gc,metaspace   ] GC(437) Metaspace: 114231K(126656K)->114231K(126656K) NonClass: 97613K(105344K)->97613K(105344K) Class: 16617K(21312K)->16617K(21312K)
[129.318s][info][gc             ] GC(437) Pause Full (Ergonomics) 794M->791M(910M) 70.914ms
[129.318s][info][gc,cpu         ] GC(437) User=1.31s Sys=0.00s Real=0.06s
[129.319s][info][gc,start       ] GC(438) Pause Full (Ergonomics)
[129.319s][info][gc,phases,start] GC(438) Marking Phase
[129.337s][info][gc,phases      ] GC(438) Marking Phase 17.774ms
[129.337s][info][gc,phases,start] GC(438) Summary Phase
[129.337s][info][gc,phases      ] GC(438) Summary Phase 0.025ms
[129.337s][info][gc,phases,start] GC(438) Adjust Roots
[129.339s][info][gc,phases      ] GC(438) Adjust Roots 1.487ms
[129.339s][info][gc,phases,start] GC(438) Compaction Phase
[129.378s][info][gc,phases      ] GC(438) Compaction Phase 39.755ms
[129.378s][info][gc,phases,start] GC(438) Post Compact
[129.384s][info][gc,phases      ] GC(438) Post Compact 5.159ms
[129.384s][info][gc,heap        ] GC(438) PSYoungGen: 116736K(232960K)->113210K(232960K) Eden: 116736K(116736K)->113210K(116736K) From: 0K(116224K)->0K(116224K)
[129.384s][info][gc,heap        ] GC(438) ParOldGen: 696842K(699392K)->696842K(699392K)
[129.384s][info][gc,metaspace   ] GC(438) Metaspace: 114234K(126656K)->114234K(126656K) NonClass: 97616K(105344K)->97616K(105344K) Class: 16618K(21312K)->16618K(21312K)
[129.384s][info][gc             ] GC(438) Pause Full (Ergonomics) 794M->791M(910M) 64.587ms
[129.384s][info][gc,cpu         ] GC(438) User=1.00s Sys=0.00s Real=0.06s
[129.385s][info][gc,start       ] GC(439) Pause Full (Ergonomics)
[129.385s][info][gc,phases,start] GC(439) Marking Phase
[129.409s][info][gc,phases      ] GC(439) Marking Phase 23.885ms
[129.409s][info][gc,phases,start] GC(439) Summary Phase
[129.409s][info][gc,phases      ] GC(439) Summary Phase 0.029ms
[129.409s][info][gc,phases,start] GC(439) Adjust Roots
[129.411s][info][gc,phases      ] GC(439) Adjust Roots 1.855ms
[129.411s][info][gc,phases,start] GC(439) Compaction Phase
[129.452s][info][gc,phases      ] GC(439) Compaction Phase 41.041ms
[129.452s][info][gc,phases,start] GC(439) Post Compact
[129.456s][info][gc,phases      ] GC(439) Post Compact 4.008ms
[129.456s][info][gc,heap        ] GC(439) PSYoungGen: 116736K(232960K)->113227K(232960K) Eden: 116736K(116736K)->113227K(116736K) From: 0K(116224K)->0K(116224K)
[129.456s][info][gc,heap        ] GC(439) ParOldGen: 696842K(699392K)->696842K(699392K)
[129.456s][info][gc,metaspace   ] GC(439) Metaspace: 114234K(126656K)->114234K(126656K) NonClass: 97616K(105344K)->97616K(105344K) Class: 16618K(21312K)->16618K(21312K)
[129.456s][info][gc             ] GC(439) Pause Full (Ergonomics) 794M->791M(910M) 71.098ms
[129.456s][info][gc,cpu         ] GC(439) User=1.31s Sys=0.00s Real=0.06s
[129.458s][info][gc,start       ] GC(440) Pause Full (Ergonomics)
[129.458s][info][gc,phases,start] GC(440) Marking Phase
[129.481s][info][gc,phases      ] GC(440) Marking Phase 22.769ms
[129.481s][info][gc,phases,start] GC(440) Summary Phase
[129.481s][info][gc,phases      ] GC(440) Summary Phase 0.027ms
[129.481s][info][gc,phases,start] GC(440) Adjust Roots
[129.483s][info][gc,phases      ] GC(440) Adjust Roots 1.678ms
[129.483s][info][gc,phases,start] GC(440) Compaction Phase
[129.523s][info][gc,phases      ] GC(440) Compaction Phase 40.396ms
[129.523s][info][gc,phases,start] GC(440) Post Compact
[129.527s][info][gc,phases      ] GC(440) Post Compact 3.984ms
[129.527s][info][gc,heap        ] GC(440) PSYoungGen: 116736K(232960K)->113227K(232960K) Eden: 116736K(116736K)->113227K(116736K) From: 0K(116224K)->0K(116224K)
[129.527s][info][gc,heap        ] GC(440) ParOldGen: 696842K(699392K)->696841K(699392K)
[129.527s][info][gc,metaspace   ] GC(440) Metaspace: 114239K(126656K)->114239K(126656K) NonClass: 97619K(105344K)->97619K(105344K) Class: 16620K(21312K)->16620K(21312K)
[129.527s][info][gc             ] GC(440) Pause Full (Ergonomics) 794M->791M(910M) 69.106ms
[129.527s][info][gc,cpu         ] GC(440) User=1.30s Sys=0.00s Real=0.06s
[129.528s][info][gc,start       ] GC(441) Pause Full (Ergonomics)
[129.528s][info][gc,phases,start] GC(441) Marking Phase
[129.552s][info][gc,phases      ] GC(441) Marking Phase 23.471ms
[129.552s][info][gc,phases,start] GC(441) Summary Phase
[129.552s][info][gc,phases      ] GC(441) Summary Phase 0.028ms
[129.552s][info][gc,phases,start] GC(441) Adjust Roots
[129.553s][info][gc,phases      ] GC(441) Adjust Roots 1.493ms
[129.553s][info][gc,phases,start] GC(441) Compaction Phase
[129.560s][info][gc,phases      ] GC(441) Compaction Phase 6.692ms
[129.560s][info][gc,phases,start] GC(441) Post Compact
[129.564s][info][gc,phases      ] GC(441) Post Compact 3.915ms
[129.564s][info][gc,heap        ] GC(441) PSYoungGen: 116736K(232960K)->113305K(232960K) Eden: 116736K(116736K)->113305K(116736K) From: 0K(116224K)->0K(116224K)
[129.564s][info][gc,heap        ] GC(441) ParOldGen: 696841K(699392K)->696841K(699392K)
[129.564s][info][gc,metaspace   ] GC(441) Metaspace: 114239K(126656K)->114239K(126656K) NonClass: 97619K(105344K)->97619K(105344K) Class: 16620K(21312K)->16620K(21312K)
[129.564s][info][gc             ] GC(441) Pause Full (Ergonomics) 794M->791M(910M) 35.819ms
[129.564s][info][gc,cpu         ] GC(441) User=0.47s Sys=0.00s Real=0.03s
[129.566s][info][gc,start       ] GC(442) Pause Full (Ergonomics)
[129.566s][info][gc,phases,start] GC(442) Marking Phase
[129.591s][info][gc,phases      ] GC(442) Marking Phase 25.255ms
[129.591s][info][gc,phases,start] GC(442) Summary Phase
[129.591s][info][gc,phases      ] GC(442) Summary Phase 0.026ms
[129.591s][info][gc,phases,start] GC(442) Adjust Roots
[129.593s][info][gc,phases      ] GC(442) Adjust Roots 1.487ms
[129.593s][info][gc,phases,start] GC(442) Compaction Phase
[129.633s][info][gc,phases      ] GC(442) Compaction Phase 40.234ms
[129.633s][info][gc,phases,start] GC(442) Post Compact
[129.637s][info][gc,phases      ] GC(442) Post Compact 4.009ms
[129.637s][info][gc,heap        ] GC(442) PSYoungGen: 116735K(232960K)->113241K(232960K) Eden: 116735K(116736K)->113241K(116736K) From: 0K(116224K)->0K(116224K)
[129.637s][info][gc,heap        ] GC(442) ParOldGen: 696841K(699392K)->696841K(699392K)
[129.637s][info][gc,metaspace   ] GC(442) Metaspace: 114250K(126656K)->114250K(126656K) NonClass: 97629K(105344K)->97629K(105344K) Class: 16621K(21312K)->16621K(21312K)
[129.637s][info][gc             ] GC(442) Pause Full (Ergonomics) 794M->791M(910M) 71.236ms
[129.637s][info][gc,cpu         ] GC(442) User=1.00s Sys=0.00s Real=0.06s
[129.638s][info][gc,start       ] GC(443) Pause Full (Ergonomics)
[129.638s][info][gc,phases,start] GC(443) Marking Phase
[129.658s][info][gc,phases      ] GC(443) Marking Phase 20.126ms
[129.658s][info][gc,phases,start] GC(443) Summary Phase
[129.658s][info][gc,phases      ] GC(443) Summary Phase 0.027ms
[129.658s][info][gc,phases,start] GC(443) Adjust Roots
[129.660s][info][gc,phases      ] GC(443) Adjust Roots 1.897ms
[129.660s][info][gc,phases,start] GC(443) Compaction Phase
[129.667s][info][gc,phases      ] GC(443) Compaction Phase 6.602ms
[129.667s][info][gc,phases,start] GC(443) Post Compact
[129.671s][info][gc,phases      ] GC(443) Post Compact 3.860ms
[129.671s][info][gc,heap        ] GC(443) PSYoungGen: 116735K(232960K)->113233K(232960K) Eden: 116735K(116736K)->113233K(116736K) From: 0K(116224K)->0K(116224K)
[129.671s][info][gc,heap        ] GC(443) ParOldGen: 696841K(699392K)->696841K(699392K)
[129.671s][info][gc,metaspace   ] GC(443) Metaspace: 114250K(126656K)->114250K(126656K) NonClass: 97629K(105344K)->97629K(105344K) Class: 16621K(21312K)->16621K(21312K)
[129.671s][info][gc             ] GC(443) Pause Full (Ergonomics) 794M->791M(910M) 32.730ms
[129.671s][info][gc,cpu         ] GC(443) User=0.34s Sys=0.00s Real=0.03s
[129.672s][info][gc,start       ] GC(444) Pause Full (Ergonomics)
[129.672s][info][gc,phases,start] GC(444) Marking Phase
[129.693s][info][gc,phases      ] GC(444) Marking Phase 21.031ms
[129.693s][info][gc,phases,start] GC(444) Summary Phase
[129.693s][info][gc,phases      ] GC(444) Summary Phase 0.025ms
[129.693s][info][gc,phases,start] GC(444) Adjust Roots
[129.695s][info][gc,phases      ] GC(444) Adjust Roots 1.485ms
[129.695s][info][gc,phases,start] GC(444) Compaction Phase
[129.702s][info][gc,phases      ] GC(444) Compaction Phase 6.795ms
[129.702s][info][gc,phases,start] GC(444) Post Compact
[129.706s][info][gc,phases      ] GC(444) Post Compact 3.998ms
[129.706s][info][gc,heap        ] GC(444) PSYoungGen: 116736K(232960K)->113190K(232960K) Eden: 116736K(116736K)->113190K(116736K) From: 0K(116224K)->0K(116224K)
[129.706s][info][gc,heap        ] GC(444) ParOldGen: 696841K(699392K)->696841K(699392K)
[129.706s][info][gc,metaspace   ] GC(444) Metaspace: 114257K(126656K)->114257K(126656K) NonClass: 97635K(105344K)->97635K(105344K) Class: 16621K(21312K)->16621K(21312K)
[129.706s][info][gc             ] GC(444) Pause Full (Ergonomics) 794M->791M(910M) 33.588ms
[129.706s][info][gc,cpu         ] GC(444) User=0.38s Sys=0.00s Real=0.03s
[129.707s][info][gc,start       ] GC(445) Pause Full (Ergonomics)
[129.707s][info][gc,phases,start] GC(445) Marking Phase
[129.734s][info][gc,phases      ] GC(445) Marking Phase 26.572ms
[129.734s][info][gc,phases,start] GC(445) Summary Phase
[129.734s][info][gc,phases      ] GC(445) Summary Phase 0.025ms
[129.734s][info][gc,phases,start] GC(445) Adjust Roots
[129.735s][info][gc,phases      ] GC(445) Adjust Roots 1.411ms
[129.735s][info][gc,phases,start] GC(445) Compaction Phase
[129.742s][info][gc,phases      ] GC(445) Compaction Phase 6.859ms
[129.742s][info][gc,phases,start] GC(445) Post Compact
[129.746s][info][gc,phases      ] GC(445) Post Compact 3.888ms
[129.746s][info][gc,heap        ] GC(445) PSYoungGen: 116735K(232960K)->113174K(232960K) Eden: 116735K(116736K)->113174K(116736K) From: 0K(116224K)->0K(116224K)
[129.746s][info][gc,heap        ] GC(445) ParOldGen: 696841K(699392K)->696841K(699392K)
[129.746s][info][gc,metaspace   ] GC(445) Metaspace: 114260K(126656K)->114260K(126656K) NonClass: 97637K(105344K)->97637K(105344K) Class: 16622K(21312K)->16622K(21312K)
[129.746s][info][gc             ] GC(445) Pause Full (Ergonomics) 794M->791M(910M) 38.988ms
[129.746s][info][gc,cpu         ] GC(445) User=0.69s Sys=0.00s Real=0.03s
[129.748s][info][gc,start       ] GC(446) Pause Full (Ergonomics)
[129.748s][info][gc,phases,start] GC(446) Marking Phase
[129.772s][info][gc,phases      ] GC(446) Marking Phase 24.070ms
[129.772s][info][gc,phases,start] GC(446) Summary Phase
[129.772s][info][gc,phases      ] GC(446) Summary Phase 0.026ms
[129.772s][info][gc,phases,start] GC(446) Adjust Roots
[129.774s][info][gc,phases      ] GC(446) Adjust Roots 1.489ms
[129.774s][info][gc,phases,start] GC(446) Compaction Phase
[129.782s][info][gc,phases      ] GC(446) Compaction Phase 8.243ms
[129.782s][info][gc,phases,start] GC(446) Post Compact
[129.786s][info][gc,phases      ] GC(446) Post Compact 4.076ms
[129.786s][info][gc,heap        ] GC(446) PSYoungGen: 116735K(232960K)->113207K(232960K) Eden: 116735K(116736K)->113207K(116736K) From: 0K(116224K)->0K(116224K)
[129.786s][info][gc,heap        ] GC(446) ParOldGen: 696841K(699392K)->696841K(699392K)
[129.786s][info][gc,metaspace   ] GC(446) Metaspace: 114262K(126656K)->114262K(126656K) NonClass: 97638K(105344K)->97638K(105344K) Class: 16623K(21312K)->16623K(21312K)
[129.786s][info][gc             ] GC(446) Pause Full (Ergonomics) 794M->791M(910M) 38.150ms
[129.786s][info][gc,cpu         ] GC(446) User=0.50s Sys=0.00s Real=0.03s
[129.788s][info][gc,start       ] GC(447) Pause Full (Ergonomics)
[129.788s][info][gc,phases,start] GC(447) Marking Phase
[129.815s][info][gc,phases      ] GC(447) Marking Phase 27.091ms
[129.815s][info][gc,phases,start] GC(447) Summary Phase
[129.815s][info][gc,phases      ] GC(447) Summary Phase 0.025ms
[129.815s][info][gc,phases,start] GC(447) Adjust Roots
[129.816s][info][gc,phases      ] GC(447) Adjust Roots 1.493ms
[129.816s][info][gc,phases,start] GC(447) Compaction Phase
[129.823s][info][gc,phases      ] GC(447) Compaction Phase 6.519ms
[129.823s][info][gc,phases,start] GC(447) Post Compact
[129.827s][info][gc,phases      ] GC(447) Post Compact 3.694ms
[129.827s][info][gc,heap        ] GC(447) PSYoungGen: 116735K(232960K)->113208K(232960K) Eden: 116735K(116736K)->113208K(116736K) From: 0K(116224K)->0K(116224K)
[129.827s][info][gc,heap        ] GC(447) ParOldGen: 696841K(699392K)->696841K(699392K)
[129.827s][info][gc,metaspace   ] GC(447) Metaspace: 114264K(126656K)->114264K(126656K) NonClass: 97640K(105344K)->97640K(105344K) Class: 16624K(21312K)->16624K(21312K)
[129.827s][info][gc             ] GC(447) Pause Full (Ergonomics) 794M->791M(910M) 39.055ms
[129.827s][info][gc,cpu         ] GC(447) User=0.69s Sys=0.00s Real=0.05s
[129.828s][info][gc,start       ] GC(448) Pause Full (Ergonomics)
[129.828s][info][gc,phases,start] GC(448) Marking Phase
[129.853s][info][gc,phases      ] GC(448) Marking Phase 24.534ms
[129.853s][info][gc,phases,start] GC(448) Summary Phase
[129.853s][info][gc,phases      ] GC(448) Summary Phase 0.026ms
[129.853s][info][gc,phases,start] GC(448) Adjust Roots
[129.854s][info][gc,phases      ] GC(448) Adjust Roots 1.558ms
[129.854s][info][gc,phases,start] GC(448) Compaction Phase
[129.861s][info][gc,phases      ] GC(448) Compaction Phase 6.568ms
[129.861s][info][gc,phases,start] GC(448) Post Compact
[129.865s][info][gc,phases      ] GC(448) Post Compact 3.880ms
[129.865s][info][gc,heap        ] GC(448) PSYoungGen: 116736K(232960K)->113268K(232960K) Eden: 116736K(116736K)->113268K(116736K) From: 0K(116224K)->0K(116224K)
[129.865s][info][gc,heap        ] GC(448) ParOldGen: 696841K(699392K)->696841K(699392K)
[129.865s][info][gc,metaspace   ] GC(448) Metaspace: 114267K(126656K)->114267K(126656K) NonClass: 97643K(105344K)->97643K(105344K) Class: 16624K(21312K)->16624K(21312K)
[129.865s][info][gc             ] GC(448) Pause Full (Ergonomics) 794M->791M(910M) 36.814ms
[129.865s][info][gc,cpu         ] GC(448) User=0.39s Sys=0.00s Real=0.03s
[129.866s][info][gc,start       ] GC(449) Pause Full (Ergonomics)
[129.866s][info][gc,phases,start] GC(449) Marking Phase
[129.891s][info][gc,phases      ] GC(449) Marking Phase 24.713ms
[129.891s][info][gc,phases,start] GC(449) Summary Phase
[129.891s][info][gc,phases      ] GC(449) Summary Phase 0.025ms
[129.891s][info][gc,phases,start] GC(449) Adjust Roots
[129.893s][info][gc,phases      ] GC(449) Adjust Roots 1.469ms
[129.893s][info][gc,phases,start] GC(449) Compaction Phase
[129.899s][info][gc,phases      ] GC(449) Compaction Phase 6.555ms
[129.899s][info][gc,phases,start] GC(449) Post Compact
[129.903s][info][gc,phases      ] GC(449) Post Compact 3.766ms
[129.903s][info][gc,heap        ] GC(449) PSYoungGen: 116736K(232960K)->113232K(232960K) Eden: 116736K(116736K)->113232K(116736K) From: 0K(116224K)->0K(116224K)
[129.903s][info][gc,heap        ] GC(449) ParOldGen: 696841K(699392K)->696841K(699392K)
[129.903s][info][gc,metaspace   ] GC(449) Metaspace: 114269K(126656K)->114269K(126656K) NonClass: 97644K(105344K)->97644K(105344K) Class: 16625K(21312K)->16625K(21312K)
[129.903s][info][gc             ] GC(449) Pause Full (Ergonomics) 794M->791M(910M) 36.764ms
[129.903s][info][gc,cpu         ] GC(449) User=0.38s Sys=0.00s Real=0.03s
[129.904s][info][gc,start       ] GC(450) Pause Full (Ergonomics)
[129.905s][info][gc,phases,start] GC(450) Marking Phase
[129.927s][info][gc,phases      ] GC(450) Marking Phase 22.152ms
[129.927s][info][gc,phases,start] GC(450) Summary Phase
[129.927s][info][gc,phases      ] GC(450) Summary Phase 0.024ms
[129.927s][info][gc,phases,start] GC(450) Adjust Roots
[129.928s][info][gc,phases      ] GC(450) Adjust Roots 1.492ms
[129.928s][info][gc,phases,start] GC(450) Compaction Phase
[129.935s][info][gc,phases      ] GC(450) Compaction Phase 6.563ms
[129.935s][info][gc,phases,start] GC(450) Post Compact
[129.939s][info][gc,phases      ] GC(450) Post Compact 3.696ms
[129.939s][info][gc,heap        ] GC(450) PSYoungGen: 116735K(232960K)->113223K(232960K) Eden: 116735K(116736K)->113223K(116736K) From: 0K(116224K)->0K(116224K)
[129.939s][info][gc,heap        ] GC(450) ParOldGen: 696841K(699392K)->696841K(699392K)
[129.939s][info][gc,metaspace   ] GC(450) Metaspace: 114269K(126656K)->114269K(126656K) NonClass: 97644K(105344K)->97644K(105344K) Class: 16625K(21312K)->16625K(21312K)
[129.939s][info][gc             ] GC(450) Pause Full (Ergonomics) 794M->791M(910M) 34.145ms
[129.939s][info][gc,cpu         ] GC(450) User=0.72s Sys=0.00s Real=0.05s
[129.940s][info][gc,start       ] GC(451) Pause Full (Ergonomics)
[129.940s][info][gc,phases,start] GC(451) Marking Phase
[129.963s][info][gc,phases      ] GC(451) Marking Phase 22.846ms
[129.963s][info][gc,phases,start] GC(451) Summary Phase
[129.963s][info][gc,phases      ] GC(451) Summary Phase 0.025ms
[129.963s][info][gc,phases,start] GC(451) Adjust Roots
[129.964s][info][gc,phases      ] GC(451) Adjust Roots 1.506ms
[129.964s][info][gc,phases,start] GC(451) Compaction Phase
[129.974s][info][gc,phases      ] GC(451) Compaction Phase 9.919ms
[129.974s][info][gc,phases,start] GC(451) Post Compact
[129.978s][info][gc,phases      ] GC(451) Post Compact 3.841ms
[129.978s][info][gc,heap        ] GC(451) PSYoungGen: 116736K(232960K)->113270K(232960K) Eden: 116736K(116736K)->113270K(116736K) From: 0K(116224K)->0K(116224K)
[129.978s][info][gc,heap        ] GC(451) ParOldGen: 696841K(699392K)->696841K(699392K)
[129.978s][info][gc,metaspace   ] GC(451) Metaspace: 114272K(126656K)->114272K(126656K) NonClass: 97646K(105344K)->97646K(105344K) Class: 16626K(21312K)->16626K(21312K)
[129.978s][info][gc             ] GC(451) Pause Full (Ergonomics) 794M->791M(910M) 38.358ms
[129.978s][info][gc,cpu         ] GC(451) User=0.38s Sys=0.02s Real=0.03s
[129.979s][info][gc,start       ] GC(452) Pause Full (Ergonomics)
[129.980s][info][gc,phases,start] GC(452) Marking Phase
[130.008s][info][gc,phases      ] GC(452) Marking Phase 28.355ms
[130.008s][info][gc,phases,start] GC(452) Summary Phase
[130.008s][info][gc,phases      ] GC(452) Summary Phase 0.034ms
[130.008s][info][gc,phases,start] GC(452) Adjust Roots
[130.010s][info][gc,phases      ] GC(452) Adjust Roots 1.569ms
[130.010s][info][gc,phases,start] GC(452) Compaction Phase
[130.022s][info][gc,phases      ] GC(452) Compaction Phase 12.907ms
[130.022s][info][gc,phases,start] GC(452) Post Compact
[130.027s][info][gc,phases      ] GC(452) Post Compact 4.109ms
[130.027s][info][gc,heap        ] GC(452) PSYoungGen: 116724K(232960K)->113232K(232960K) Eden: 116724K(116736K)->113232K(116736K) From: 0K(116224K)->0K(116224K)
[130.027s][info][gc,heap        ] GC(452) ParOldGen: 696841K(699392K)->696841K(699392K)
[130.027s][info][gc,metaspace   ] GC(452) Metaspace: 114275K(126656K)->114275K(126656K) NonClass: 97649K(105344K)->97649K(105344K) Class: 16626K(21312K)->16626K(21312K)
[130.027s][info][gc             ] GC(452) Pause Full (Ergonomics) 794M->791M(910M) 47.239ms
[130.027s][info][gc,cpu         ] GC(452) User=0.72s Sys=0.00s Real=0.05s
[130.027s][info][gc,start       ] GC(453) Pause Full (Allocation Failure)
[130.027s][info][gc,phases,start] GC(453) Marking Phase
[130.057s][info][gc,phases      ] GC(453) Marking Phase 29.824ms
[130.057s][info][gc,phases,start] GC(453) Summary Phase
[130.057s][info][gc,phases      ] GC(453) Summary Phase 0.025ms
[130.057s][info][gc,phases,start] GC(453) Adjust Roots
[130.058s][info][gc,phases      ] GC(453) Adjust Roots 1.600ms
[130.058s][info][gc,phases,start] GC(453) Compaction Phase
[130.065s][info][gc,phases      ] GC(453) Compaction Phase 6.829ms
[130.065s][info][gc,phases,start] GC(453) Post Compact
[130.069s][info][gc,phases      ] GC(453) Post Compact 3.894ms
[130.069s][info][gc,heap        ] GC(453) PSYoungGen: 113232K(232960K)->113200K(232960K) Eden: 113232K(116736K)->113200K(116736K) From: 0K(116224K)->0K(116224K)
[130.069s][info][gc,heap        ] GC(453) ParOldGen: 696841K(699392K)->696841K(699392K)
[130.069s][info][gc,metaspace   ] GC(453) Metaspace: 114275K(126656K)->114275K(126656K) NonClass: 97649K(105344K)->97649K(105344K) Class: 16626K(21312K)->16626K(21312K)
[130.069s][info][gc             ] GC(453) Pause Full (Allocation Failure) 791M->791M(910M) 42.379ms
[130.069s][info][gc,cpu         ] GC(453) User=0.72s Sys=0.00s Real=0.05s
[130.071s][info][gc,start       ] GC(454) Pause Full (Ergonomics)
[130.071s][info][gc,phases,start] GC(454) Marking Phase
[130.093s][info][gc,phases      ] GC(454) Marking Phase 21.470ms
[130.093s][info][gc,phases,start] GC(454) Summary Phase
[130.093s][info][gc,phases      ] GC(454) Summary Phase 0.026ms
[130.093s][info][gc,phases,start] GC(454) Adjust Roots
[130.094s][info][gc,phases      ] GC(454) Adjust Roots 1.508ms
[130.094s][info][gc,phases,start] GC(454) Compaction Phase
[130.140s][info][gc,phases      ] GC(454) Compaction Phase 45.404ms
[130.140s][info][gc,phases,start] GC(454) Post Compact
[130.144s][info][gc,phases      ] GC(454) Post Compact 3.983ms
[130.144s][info][gc,heap        ] GC(454) PSYoungGen: 116736K(232960K)->97552K(232960K) Eden: 116736K(116736K)->97552K(116736K) From: 0K(116224K)->0K(116224K)
[130.144s][info][gc,heap        ] GC(454) ParOldGen: 696847K(699392K)->696974K(699392K)
[130.144s][info][gc,metaspace   ] GC(454) Metaspace: 114279K(126656K)->114279K(126656K) NonClass: 97652K(105344K)->97652K(105344K) Class: 16627K(21312K)->16627K(21312K)
[130.144s][info][gc             ] GC(454) Pause Full (Ergonomics) 794M->775M(910M) 72.632ms
[130.144s][info][gc,cpu         ] GC(454) User=1.31s Sys=0.00s Real=0.07s
[130.148s][info][gc,start       ] GC(455) Pause Full (Ergonomics)
[130.148s][info][gc,phases,start] GC(455) Marking Phase
[130.171s][info][gc,phases      ] GC(455) Marking Phase 22.609ms
[130.171s][info][gc,phases,start] GC(455) Summary Phase
[130.171s][info][gc,phases      ] GC(455) Summary Phase 0.025ms
[130.171s][info][gc,phases,start] GC(455) Adjust Roots
[130.172s][info][gc,phases      ] GC(455) Adjust Roots 1.518ms
[130.173s][info][gc,phases,start] GC(455) Compaction Phase
[130.179s][info][gc,phases      ] GC(455) Compaction Phase 6.912ms
[130.179s][info][gc,phases,start] GC(455) Post Compact
[130.183s][info][gc,phases      ] GC(455) Post Compact 3.945ms
[130.183s][info][gc,heap        ] GC(455) PSYoungGen: 112508K(232960K)->97560K(232960K) Eden: 112508K(116736K)->97560K(116736K) From: 0K(116224K)->0K(116224K)
[130.183s][info][gc,heap        ] GC(455) ParOldGen: 696974K(699392K)->696972K(699392K)
[130.183s][info][gc,metaspace   ] GC(455) Metaspace: 114285K(126656K)->114285K(126656K) NonClass: 97656K(105344K)->97656K(105344K) Class: 16628K(21312K)->16628K(21312K)
[130.183s][info][gc             ] GC(455) Pause Full (Ergonomics) 790M->775M(910M) 35.247ms
[130.184s][info][gc,cpu         ] GC(455) User=0.70s Sys=0.00s Real=0.04s
[130.187s][info][gc,start       ] GC(456) Pause Full (Ergonomics)
[130.187s][info][gc,phases,start] GC(456) Marking Phase
[130.210s][info][gc,phases      ] GC(456) Marking Phase 23.422ms
[130.211s][info][gc,phases,start] GC(456) Summary Phase
[130.211s][info][gc,phases      ] GC(456) Summary Phase 0.025ms
[130.211s][info][gc,phases,start] GC(456) Adjust Roots
[130.212s][info][gc,phases      ] GC(456) Adjust Roots 1.512ms
[130.212s][info][gc,phases,start] GC(456) Compaction Phase
[130.219s][info][gc,phases      ] GC(456) Compaction Phase 6.663ms
[130.219s][info][gc,phases,start] GC(456) Post Compact
[130.223s][info][gc,phases      ] GC(456) Post Compact 3.723ms
[130.223s][info][gc,heap        ] GC(456) PSYoungGen: 116736K(232960K)->103796K(232960K) Eden: 116736K(116736K)->103796K(116736K) From: 0K(116224K)->0K(116224K)
[130.223s][info][gc,heap        ] GC(456) ParOldGen: 696972K(699392K)->696972K(699392K)
[130.223s][info][gc,metaspace   ] GC(456) Metaspace: 114292K(126656K)->114292K(126656K) NonClass: 97662K(105344K)->97662K(105344K) Class: 16630K(21312K)->16630K(21312K)
[130.223s][info][gc             ] GC(456) Pause Full (Ergonomics) 794M->782M(910M) 35.593ms
[130.223s][info][gc,cpu         ] GC(456) User=0.34s Sys=0.00s Real=0.04s
[130.226s][info][gc,start       ] GC(457) Pause Full (Ergonomics)
[130.226s][info][gc,phases,start] GC(457) Marking Phase
[130.247s][info][gc,phases      ] GC(457) Marking Phase 21.570ms
[130.247s][info][gc,phases,start] GC(457) Summary Phase
[130.247s][info][gc,phases      ] GC(457) Summary Phase 0.026ms
[130.247s][info][gc,phases,start] GC(457) Adjust Roots
[130.249s][info][gc,phases      ] GC(457) Adjust Roots 1.524ms
[130.249s][info][gc,phases,start] GC(457) Compaction Phase
[130.261s][info][gc,phases      ] GC(457) Compaction Phase 12.303ms
[130.261s][info][gc,phases,start] GC(457) Post Compact
[130.265s][info][gc,phases      ] GC(457) Post Compact 4.050ms
[130.265s][info][gc,heap        ] GC(457) PSYoungGen: 116736K(232960K)->100755K(232960K) Eden: 116736K(116736K)->100755K(116736K) From: 0K(116224K)->0K(116224K)
[130.265s][info][gc,heap        ] GC(457) ParOldGen: 696972K(699392K)->696973K(699392K)
[130.265s][info][gc,metaspace   ] GC(457) Metaspace: 114298K(126656K)->114298K(126656K) NonClass: 97667K(105344K)->97667K(105344K) Class: 16631K(21312K)->16631K(21312K)
[130.265s][info][gc             ] GC(457) Pause Full (Ergonomics) 794M->779M(910M) 39.752ms
[130.265s][info][gc,cpu         ] GC(457) User=0.80s Sys=0.00s Real=0.04s
[130.268s][info][gc,start       ] GC(458) Pause Full (Ergonomics)
[130.268s][info][gc,phases,start] GC(458) Marking Phase
[130.294s][info][gc,phases      ] GC(458) Marking Phase 25.931ms
[130.294s][info][gc,phases,start] GC(458) Summary Phase
[130.294s][info][gc,phases      ] GC(458) Summary Phase 0.025ms
[130.294s][info][gc,phases,start] GC(458) Adjust Roots
[130.296s][info][gc,phases      ] GC(458) Adjust Roots 1.464ms
[130.296s][info][gc,phases,start] GC(458) Compaction Phase
[130.305s][info][gc,phases      ] GC(458) Compaction Phase 8.815ms
[130.305s][info][gc,phases,start] GC(458) Post Compact
[130.309s][info][gc,phases      ] GC(458) Post Compact 4.112ms
[130.309s][info][gc,heap        ] GC(458) PSYoungGen: 116736K(232960K)->100749K(232960K) Eden: 116736K(116736K)->100749K(116736K) From: 0K(116224K)->0K(116224K)
[130.309s][info][gc,heap        ] GC(458) ParOldGen: 696973K(699392K)->696973K(699392K)
[130.309s][info][gc,metaspace   ] GC(458) Metaspace: 114302K(126656K)->114302K(126656K) NonClass: 97669K(105344K)->97669K(105344K) Class: 16632K(21312K)->16632K(21312K)
[130.309s][info][gc             ] GC(458) Pause Full (Ergonomics) 794M->779M(910M) 40.607ms
[130.309s][info][gc,cpu         ] GC(458) User=0.73s Sys=0.00s Real=0.04s
[130.312s][info][gc,start       ] GC(459) Pause Full (Ergonomics)
[130.312s][info][gc,phases,start] GC(459) Marking Phase
[130.336s][info][gc,phases      ] GC(459) Marking Phase 23.897ms
[130.336s][info][gc,phases,start] GC(459) Summary Phase
[130.336s][info][gc,phases      ] GC(459) Summary Phase 0.024ms
[130.336s][info][gc,phases,start] GC(459) Adjust Roots
[130.337s][info][gc,phases      ] GC(459) Adjust Roots 1.516ms
[130.337s][info][gc,phases,start] GC(459) Compaction Phase
[130.349s][info][gc,phases      ] GC(459) Compaction Phase 11.638ms
[130.349s][info][gc,phases,start] GC(459) Post Compact
[130.353s][info][gc,phases      ] GC(459) Post Compact 4.113ms
[130.353s][info][gc,heap        ] GC(459) PSYoungGen: 116735K(232960K)->106995K(232960K) Eden: 116735K(116736K)->106995K(116736K) From: 0K(116224K)->0K(116224K)
[130.353s][info][gc,heap        ] GC(459) ParOldGen: 696973K(699392K)->696971K(699392K)
[130.353s][info][gc,metaspace   ] GC(459) Metaspace: 114311K(126656K)->114311K(126656K) NonClass: 97674K(105344K)->97674K(105344K) Class: 16636K(21312K)->16636K(21312K)
[130.353s][info][gc             ] GC(459) Pause Full (Ergonomics) 794M->785M(910M) 41.474ms
[130.353s][info][gc,cpu         ] GC(459) User=0.38s Sys=0.00s Real=0.04s
[130.356s][info][gc,start       ] GC(460) Pause Full (Ergonomics)
[130.356s][info][gc,phases,start] GC(460) Marking Phase
[130.381s][info][gc,phases      ] GC(460) Marking Phase 24.581ms
[130.381s][info][gc,phases,start] GC(460) Summary Phase
[130.381s][info][gc,phases      ] GC(460) Summary Phase 0.027ms
[130.381s][info][gc,phases,start] GC(460) Adjust Roots
[130.382s][info][gc,phases      ] GC(460) Adjust Roots 1.518ms
[130.382s][info][gc,phases,start] GC(460) Compaction Phase
[130.389s][info][gc,phases      ] GC(460) Compaction Phase 6.648ms
[130.389s][info][gc,phases,start] GC(460) Post Compact
[130.393s][info][gc,phases      ] GC(460) Post Compact 3.874ms
[130.393s][info][gc,heap        ] GC(460) PSYoungGen: 116736K(232960K)->113213K(232960K) Eden: 116736K(116736K)->113213K(116736K) From: 0K(116224K)->0K(116224K)
[130.393s][info][gc,heap        ] GC(460) ParOldGen: 696971K(699392K)->696971K(699392K)
[130.393s][info][gc,metaspace   ] GC(460) Metaspace: 114311K(126656K)->114311K(126656K) NonClass: 97674K(105344K)->97674K(105344K) Class: 16636K(21312K)->16636K(21312K)
[130.393s][info][gc             ] GC(460) Pause Full (Ergonomics) 794M->791M(910M) 36.905ms
[130.393s][info][gc,cpu         ] GC(460) User=0.55s Sys=0.02s Real=0.04s
[130.394s][info][gc,start       ] GC(461) Pause Full (Ergonomics)
[130.395s][info][gc,phases,start] GC(461) Marking Phase
[130.417s][info][gc,phases      ] GC(461) Marking Phase 22.013ms
[130.417s][info][gc,phases,start] GC(461) Summary Phase
[130.417s][info][gc,phases      ] GC(461) Summary Phase 0.025ms
[130.417s][info][gc,phases,start] GC(461) Adjust Roots
[130.418s][info][gc,phases      ] GC(461) Adjust Roots 1.482ms
[130.418s][info][gc,phases,start] GC(461) Compaction Phase
[130.431s][info][gc,phases      ] GC(461) Compaction Phase 12.994ms
[130.431s][info][gc,phases,start] GC(461) Post Compact
[130.435s][info][gc,phases      ] GC(461) Post Compact 4.070ms
[130.435s][info][gc,heap        ] GC(461) PSYoungGen: 116735K(232960K)->110100K(232960K) Eden: 116735K(116736K)->110100K(116736K) From: 0K(116224K)->0K(116224K)
[130.435s][info][gc,heap        ] GC(461) ParOldGen: 696971K(699392K)->696971K(699392K)
[130.435s][info][gc,metaspace   ] GC(461) Metaspace: 114317K(126656K)->114317K(126656K) NonClass: 97679K(105344K)->97679K(105344K) Class: 16638K(21312K)->16638K(21312K)
[130.435s][info][gc             ] GC(461) Pause Full (Ergonomics) 794M->788M(910M) 40.845ms
[130.435s][info][gc,cpu         ] GC(461) User=0.41s Sys=0.00s Real=0.04s
[130.437s][info][gc,start       ] GC(462) Pause Full (Ergonomics)
[130.437s][info][gc,phases,start] GC(462) Marking Phase
[130.460s][info][gc,phases      ] GC(462) Marking Phase 23.031ms
[130.460s][info][gc,phases,start] GC(462) Summary Phase
[130.460s][info][gc,phases      ] GC(462) Summary Phase 0.026ms
[130.460s][info][gc,phases,start] GC(462) Adjust Roots
[130.462s][info][gc,phases      ] GC(462) Adjust Roots 1.571ms
[130.462s][info][gc,phases,start] GC(462) Compaction Phase
[130.508s][info][gc,phases      ] GC(462) Compaction Phase 46.413ms
[130.508s][info][gc,phases,start] GC(462) Post Compact
[130.512s][info][gc,phases      ] GC(462) Post Compact 4.066ms
[130.512s][info][gc,heap        ] GC(462) PSYoungGen: 116736K(232960K)->106884K(232960K) Eden: 116736K(116736K)->106884K(116736K) From: 0K(116224K)->0K(116224K)
[130.512s][info][gc,heap        ] GC(462) ParOldGen: 696971K(699392K)->696971K(699392K)
[130.512s][info][gc,metaspace   ] GC(462) Metaspace: 114319K(126656K)->114319K(126656K) NonClass: 97680K(105344K)->97680K(105344K) Class: 16639K(21312K)->16639K(21312K)
[130.512s][info][gc             ] GC(462) Pause Full (Ergonomics) 794M->785M(910M) 75.383ms
[130.512s][info][gc,cpu         ] GC(462) User=1.03s Sys=0.00s Real=0.08s
[130.514s][info][gc,start       ] GC(463) Pause Full (Ergonomics)
[130.514s][info][gc,phases,start] GC(463) Marking Phase
[130.538s][info][gc,phases      ] GC(463) Marking Phase 23.766ms
[130.538s][info][gc,phases,start] GC(463) Summary Phase
[130.538s][info][gc,phases      ] GC(463) Summary Phase 0.027ms
[130.538s][info][gc,phases,start] GC(463) Adjust Roots
[130.539s][info][gc,phases      ] GC(463) Adjust Roots 1.518ms
[130.539s][info][gc,phases,start] GC(463) Compaction Phase
[130.550s][info][gc,phases      ] GC(463) Compaction Phase 10.974ms
[130.550s][info][gc,phases,start] GC(463) Post Compact
[130.554s][info][gc,phases      ] GC(463) Post Compact 3.794ms
[130.554s][info][gc,heap        ] GC(463) PSYoungGen: 112447K(232960K)->106901K(232960K) Eden: 112447K(116736K)->106901K(116736K) From: 0K(116224K)->0K(116224K)
[130.554s][info][gc,heap        ] GC(463) ParOldGen: 696971K(699392K)->696971K(699392K)
[130.554s][info][gc,metaspace   ] GC(463) Metaspace: 114323K(126656K)->114323K(126656K) NonClass: 97684K(105344K)->97684K(105344K) Class: 16639K(21312K)->16639K(21312K)
[130.554s][info][gc             ] GC(463) Pause Full (Ergonomics) 790M->785M(910M) 40.327ms
[130.554s][info][gc,cpu         ] GC(463) User=0.34s Sys=0.00s Real=0.04s
[130.557s][info][gc,start       ] GC(464) Pause Full (Ergonomics)
[130.557s][info][gc,phases,start] GC(464) Marking Phase
[130.587s][info][gc,phases      ] GC(464) Marking Phase 30.676ms
[130.587s][info][gc,phases,start] GC(464) Summary Phase
[130.587s][info][gc,phases      ] GC(464) Summary Phase 0.026ms
[130.587s][info][gc,phases,start] GC(464) Adjust Roots
[130.589s][info][gc,phases      ] GC(464) Adjust Roots 1.524ms
[130.589s][info][gc,phases,start] GC(464) Compaction Phase
[130.604s][info][gc,phases      ] GC(464) Compaction Phase 15.390ms
[130.604s][info][gc,phases,start] GC(464) Post Compact
[130.608s][info][gc,phases      ] GC(464) Post Compact 3.974ms
[130.608s][info][gc,heap        ] GC(464) PSYoungGen: 116736K(232960K)->113131K(232960K) Eden: 116736K(116736K)->113131K(116736K) From: 0K(116224K)->0K(116224K)
[130.608s][info][gc,heap        ] GC(464) ParOldGen: 696971K(699392K)->696971K(699392K)
[130.608s][info][gc,metaspace   ] GC(464) Metaspace: 114327K(126656K)->114327K(126656K) NonClass: 97688K(105344K)->97688K(105344K) Class: 16639K(21312K)->16639K(21312K)
[130.608s][info][gc             ] GC(464) Pause Full (Ergonomics) 794M->791M(910M) 51.855ms
[130.608s][info][gc,cpu         ] GC(464) User=0.38s Sys=0.00s Real=0.05s
[130.610s][info][gc,start       ] GC(465) Pause Full (Ergonomics)
[130.610s][info][gc,phases,start] GC(465) Marking Phase
[130.640s][info][gc,phases      ] GC(465) Marking Phase 30.145ms
[130.640s][info][gc,phases,start] GC(465) Summary Phase
[130.640s][info][gc,phases      ] GC(465) Summary Phase 0.027ms
[130.640s][info][gc,phases,start] GC(465) Adjust Roots
[130.642s][info][gc,phases      ] GC(465) Adjust Roots 1.518ms
[130.642s][info][gc,phases,start] GC(465) Compaction Phase
[130.654s][info][gc,phases      ] GC(465) Compaction Phase 12.575ms
[130.654s][info][gc,phases,start] GC(465) Post Compact
[130.658s][info][gc,phases      ] GC(465) Post Compact 4.159ms
[130.658s][info][gc,heap        ] GC(465) PSYoungGen: 116736K(232960K)->110036K(232960K) Eden: 116736K(116736K)->110036K(116736K) From: 0K(116224K)->0K(116224K)
[130.658s][info][gc,heap        ] GC(465) ParOldGen: 696971K(699392K)->696974K(699392K)
[130.658s][info][gc,metaspace   ] GC(465) Metaspace: 114328K(126656K)->114328K(126656K) NonClass: 97689K(105344K)->97689K(105344K) Class: 16639K(21312K)->16639K(21312K)
[130.659s][info][gc             ] GC(465) Pause Full (Ergonomics) 794M->788M(910M) 48.665ms
[130.659s][info][gc,cpu         ] GC(465) User=0.78s Sys=0.00s Real=0.05s
[130.661s][info][gc,start       ] GC(466) Pause Full (Ergonomics)
[130.661s][info][gc,phases,start] GC(466) Marking Phase
[130.684s][info][gc,phases      ] GC(466) Marking Phase 23.540ms
[130.684s][info][gc,phases,start] GC(466) Summary Phase
[130.684s][info][gc,phases      ] GC(466) Summary Phase 0.024ms
[130.684s][info][gc,phases,start] GC(466) Adjust Roots
[130.686s][info][gc,phases      ] GC(466) Adjust Roots 1.553ms
[130.686s][info][gc,phases,start] GC(466) Compaction Phase
[130.698s][info][gc,phases      ] GC(466) Compaction Phase 11.806ms
[130.698s][info][gc,phases,start] GC(466) Post Compact
[130.702s][info][gc,phases      ] GC(466) Post Compact 3.966ms
[130.702s][info][gc,heap        ] GC(466) PSYoungGen: 116736K(232960K)->110022K(232960K) Eden: 116736K(116736K)->110022K(116736K) From: 0K(116224K)->0K(116224K)
[130.702s][info][gc,heap        ] GC(466) ParOldGen: 696974K(699392K)->696974K(699392K)
[130.702s][info][gc,metaspace   ] GC(466) Metaspace: 114331K(126656K)->114331K(126656K) NonClass: 97692K(105344K)->97692K(105344K) Class: 16639K(21312K)->16639K(21312K)
[130.702s][info][gc             ] GC(466) Pause Full (Ergonomics) 794M->788M(910M) 41.159ms
[130.702s][info][gc,cpu         ] GC(466) User=0.39s Sys=0.00s Real=0.03s
[130.704s][info][gc,start       ] GC(467) Pause Full (Ergonomics)
[130.704s][info][gc,phases,start] GC(467) Marking Phase
[130.729s][info][gc,phases      ] GC(467) Marking Phase 24.694ms
[130.729s][info][gc,phases,start] GC(467) Summary Phase
[130.729s][info][gc,phases      ] GC(467) Summary Phase 0.027ms
[130.729s][info][gc,phases,start] GC(467) Adjust Roots
[130.730s][info][gc,phases      ] GC(467) Adjust Roots 1.527ms
[130.730s][info][gc,phases,start] GC(467) Compaction Phase
[130.742s][info][gc,phases      ] GC(467) Compaction Phase 11.551ms
[130.742s][info][gc,phases,start] GC(467) Post Compact
[130.746s][info][gc,phases      ] GC(467) Post Compact 3.924ms
[130.746s][info][gc,heap        ] GC(467) PSYoungGen: 116736K(232960K)->110077K(232960K) Eden: 116736K(116736K)->110077K(116736K) From: 0K(116224K)->0K(116224K)
[130.746s][info][gc,heap        ] GC(467) ParOldGen: 696974K(699392K)->696974K(699392K)
[130.746s][info][gc,metaspace   ] GC(467) Metaspace: 114331K(126656K)->114331K(126656K) NonClass: 97692K(105344K)->97692K(105344K) Class: 16639K(21312K)->16639K(21312K)
[130.746s][info][gc             ] GC(467) Pause Full (Ergonomics) 794M->788M(910M) 42.025ms
[130.746s][info][gc,cpu         ] GC(467) User=0.42s Sys=0.00s Real=0.03s
[130.747s][info][gc,start       ] GC(468) Pause Full (Ergonomics)
[130.747s][info][gc,phases,start] GC(468) Marking Phase
[130.772s][info][gc,phases      ] GC(468) Marking Phase 24.879ms
[130.772s][info][gc,phases,start] GC(468) Summary Phase
[130.772s][info][gc,phases      ] GC(468) Summary Phase 0.028ms
[130.772s][info][gc,phases,start] GC(468) Adjust Roots
[130.774s][info][gc,phases      ] GC(468) Adjust Roots 1.771ms
[130.774s][info][gc,phases,start] GC(468) Compaction Phase
[130.782s][info][gc,phases      ] GC(468) Compaction Phase 8.115ms
[130.782s][info][gc,phases,start] GC(468) Post Compact
[130.786s][info][gc,phases      ] GC(468) Post Compact 3.729ms
[130.786s][info][gc,heap        ] GC(468) PSYoungGen: 116736K(232960K)->116326K(232960K) Eden: 116736K(116736K)->116326K(116736K) From: 0K(116224K)->0K(116224K)
[130.786s][info][gc,heap        ] GC(468) ParOldGen: 696974K(699392K)->696974K(699392K)
[130.786s][info][gc,metaspace   ] GC(468) Metaspace: 114333K(126656K)->114333K(126656K) NonClass: 97693K(105344K)->97693K(105344K) Class: 16639K(21312K)->16639K(21312K)
[130.786s][info][gc             ] GC(468) Pause Full (Ergonomics) 794M->794M(910M) 38.788ms
[130.786s][info][gc,cpu         ] GC(468) User=0.70s Sys=0.02s Real=0.05s
[130.787s][info][gc,start       ] GC(469) Pause Full (Ergonomics)
[130.787s][info][gc,phases,start] GC(469) Marking Phase
[130.810s][info][gc,phases      ] GC(469) Marking Phase 23.057ms
[130.810s][info][gc,phases,start] GC(469) Summary Phase
[130.810s][info][gc,phases      ] GC(469) Summary Phase 0.024ms
[130.810s][info][gc,phases,start] GC(469) Adjust Roots
[130.812s][info][gc,phases      ] GC(469) Adjust Roots 1.582ms
[130.812s][info][gc,phases,start] GC(469) Compaction Phase
[130.819s][info][gc,phases      ] GC(469) Compaction Phase 7.442ms
[130.819s][info][gc,phases,start] GC(469) Post Compact
[130.823s][info][gc,phases      ] GC(469) Post Compact 3.900ms
[130.823s][info][gc,heap        ] GC(469) PSYoungGen: 116735K(232960K)->116278K(232960K) Eden: 116735K(116736K)->116278K(116736K) From: 0K(116224K)->0K(116224K)
[130.823s][info][gc,heap        ] GC(469) ParOldGen: 696974K(699392K)->696974K(699392K)
[130.823s][info][gc,metaspace   ] GC(469) Metaspace: 114333K(126656K)->114333K(126656K) NonClass: 97693K(105344K)->97693K(105344K) Class: 16639K(21312K)->16639K(21312K)
[130.823s][info][gc             ] GC(469) Pause Full (Ergonomics) 794M->794M(910M) 36.282ms
[130.823s][info][gc,cpu         ] GC(469) User=0.38s Sys=0.00s Real=0.03s
[130.824s][info][gc,start       ] GC(470) Pause Full (Ergonomics)
[130.824s][info][gc,phases,start] GC(470) Marking Phase
[130.845s][info][gc,phases      ] GC(470) Marking Phase 20.685ms
[130.845s][info][gc,phases,start] GC(470) Summary Phase
[130.845s][info][gc,phases      ] GC(470) Summary Phase 0.029ms
[130.845s][info][gc,phases,start] GC(470) Adjust Roots
[130.846s][info][gc,phases      ] GC(470) Adjust Roots 1.564ms
[130.846s][info][gc,phases,start] GC(470) Compaction Phase
[130.859s][info][gc,phases      ] GC(470) Compaction Phase 13.050ms
[130.859s][info][gc,phases,start] GC(470) Post Compact
[130.864s][info][gc,phases      ] GC(470) Post Compact 4.110ms
[130.864s][info][gc,heap        ] GC(470) PSYoungGen: 116735K(232960K)->113153K(232960K) Eden: 116735K(116736K)->113153K(116736K) From: 0K(116224K)->0K(116224K)
[130.864s][info][gc,heap        ] GC(470) ParOldGen: 696974K(699392K)->696977K(699392K)
[130.864s][info][gc,metaspace   ] GC(470) Metaspace: 114333K(126656K)->114333K(126656K) NonClass: 97693K(105344K)->97693K(105344K) Class: 16639K(21312K)->16639K(21312K)
[130.864s][info][gc             ] GC(470) Pause Full (Ergonomics) 794M->791M(910M) 39.689ms
[130.864s][info][gc,cpu         ] GC(470) User=0.44s Sys=0.00s Real=0.03s
[130.865s][info][gc,start       ] GC(471) Pause Full (Ergonomics)
[130.865s][info][gc,phases,start] GC(471) Marking Phase
[130.889s][info][gc,phases      ] GC(471) Marking Phase 23.938ms
[130.889s][info][gc,phases,start] GC(471) Summary Phase
[130.889s][info][gc,phases      ] GC(471) Summary Phase 0.026ms
[130.889s][info][gc,phases,start] GC(471) Adjust Roots
[130.890s][info][gc,phases      ] GC(471) Adjust Roots 1.544ms
[130.890s][info][gc,phases,start] GC(471) Compaction Phase
[130.897s][info][gc,phases      ] GC(471) Compaction Phase 6.517ms
[130.897s][info][gc,phases,start] GC(471) Post Compact
[130.901s][info][gc,phases      ] GC(471) Post Compact 4.015ms
[130.901s][info][gc,heap        ] GC(471) PSYoungGen: 116736K(232960K)->113160K(232960K) Eden: 116736K(116736K)->113160K(116736K) From: 0K(116224K)->0K(116224K)
[130.901s][info][gc,heap        ] GC(471) ParOldGen: 696977K(699392K)->696977K(699392K)
[130.901s][info][gc,metaspace   ] GC(471) Metaspace: 114336K(126656K)->114336K(126656K) NonClass: 97695K(105344K)->97695K(105344K) Class: 16640K(21312K)->16640K(21312K)
[130.901s][info][gc             ] GC(471) Pause Full (Ergonomics) 794M->791M(910M) 36.277ms
[130.901s][info][gc,cpu         ] GC(471) User=0.38s Sys=0.00s Real=0.03s
[130.902s][info][gc,start       ] GC(472) Pause Full (Ergonomics)
[130.902s][info][gc,phases,start] GC(472) Marking Phase
[130.924s][info][gc,phases      ] GC(472) Marking Phase 21.562ms
[130.924s][info][gc,phases,start] GC(472) Summary Phase
[130.924s][info][gc,phases      ] GC(472) Summary Phase 0.026ms
[130.924s][info][gc,phases,start] GC(472) Adjust Roots
[130.925s][info][gc,phases      ] GC(472) Adjust Roots 1.587ms
[130.925s][info][gc,phases,start] GC(472) Compaction Phase
[130.932s][info][gc,phases      ] GC(472) Compaction Phase 6.834ms
[130.932s][info][gc,phases,start] GC(472) Post Compact
[130.936s][info][gc,phases      ] GC(472) Post Compact 3.760ms
[130.936s][info][gc,heap        ] GC(472) PSYoungGen: 116735K(232960K)->113212K(232960K) Eden: 116735K(116736K)->113212K(116736K) From: 0K(116224K)->0K(116224K)
[130.936s][info][gc,heap        ] GC(472) ParOldGen: 696977K(699392K)->696977K(699392K)
[130.936s][info][gc,metaspace   ] GC(472) Metaspace: 114336K(126656K)->114336K(126656K) NonClass: 97695K(105344K)->97695K(105344K) Class: 16640K(21312K)->16640K(21312K)
[130.936s][info][gc             ] GC(472) Pause Full (Ergonomics) 794M->791M(910M) 34.014ms
[130.936s][info][gc,cpu         ] GC(472) User=0.34s Sys=0.00s Real=0.03s
[130.938s][info][gc,start       ] GC(473) Pause Full (Ergonomics)
[130.938s][info][gc,phases,start] GC(473) Marking Phase
[130.961s][info][gc,phases      ] GC(473) Marking Phase 23.609ms
[130.961s][info][gc,phases,start] GC(473) Summary Phase
[130.961s][info][gc,phases      ] GC(473) Summary Phase 0.027ms
[130.961s][info][gc,phases,start] GC(473) Adjust Roots
[130.963s][info][gc,phases      ] GC(473) Adjust Roots 1.704ms
[130.963s][info][gc,phases,start] GC(473) Compaction Phase
[130.972s][info][gc,phases      ] GC(473) Compaction Phase 8.984ms
[130.972s][info][gc,phases,start] GC(473) Post Compact
[130.976s][info][gc,phases      ] GC(473) Post Compact 4.043ms
[130.976s][info][gc,heap        ] GC(473) PSYoungGen: 116736K(232960K)->113233K(232960K) Eden: 116736K(116736K)->113233K(116736K) From: 0K(116224K)->0K(116224K)
[130.976s][info][gc,heap        ] GC(473) ParOldGen: 696977K(699392K)->696977K(699392K)
[130.976s][info][gc,metaspace   ] GC(473) Metaspace: 114336K(126656K)->114336K(126656K) NonClass: 97695K(105344K)->97695K(105344K) Class: 16640K(21312K)->16640K(21312K)
[130.976s][info][gc             ] GC(473) Pause Full (Ergonomics) 794M->791M(910M) 38.626ms
[130.976s][info][gc,cpu         ] GC(473) User=0.45s Sys=0.00s Real=0.03s
[130.978s][info][gc,start       ] GC(474) Pause Full (Ergonomics)
[130.978s][info][gc,phases,start] GC(474) Marking Phase
[131.003s][info][gc,phases      ] GC(474) Marking Phase 25.021ms
[131.003s][info][gc,phases,start] GC(474) Summary Phase
[131.003s][info][gc,phases      ] GC(474) Summary Phase 0.027ms
[131.003s][info][gc,phases,start] GC(474) Adjust Roots
[131.004s][info][gc,phases      ] GC(474) Adjust Roots 1.613ms
[131.004s][info][gc,phases,start] GC(474) Compaction Phase
[131.012s][info][gc,phases      ] GC(474) Compaction Phase 7.559ms
[131.012s][info][gc,phases,start] GC(474) Post Compact
[131.016s][info][gc,phases      ] GC(474) Post Compact 3.825ms
[131.016s][info][gc,heap        ] GC(474) PSYoungGen: 116736K(232960K)->113202K(232960K) Eden: 116736K(116736K)->113202K(116736K) From: 0K(116224K)->0K(116224K)
[131.016s][info][gc,heap        ] GC(474) ParOldGen: 696977K(699392K)->696977K(699392K)
[131.016s][info][gc,metaspace   ] GC(474) Metaspace: 114338K(126656K)->114338K(126656K) NonClass: 97697K(105344K)->97697K(105344K) Class: 16641K(21312K)->16641K(21312K)
[131.016s][info][gc             ] GC(474) Pause Full (Ergonomics) 794M->791M(910M) 38.309ms
[131.016s][info][gc,cpu         ] GC(474) User=0.41s Sys=0.00s Real=0.03s
[131.017s][info][gc,start       ] GC(475) Pause Full (Ergonomics)
[131.017s][info][gc,phases,start] GC(475) Marking Phase
[131.041s][info][gc,phases      ] GC(475) Marking Phase 23.643ms
[131.041s][info][gc,phases,start] GC(475) Summary Phase
[131.041s][info][gc,phases      ] GC(475) Summary Phase 0.025ms
[131.041s][info][gc,phases,start] GC(475) Adjust Roots
[131.043s][info][gc,phases      ] GC(475) Adjust Roots 1.503ms
[131.043s][info][gc,phases,start] GC(475) Compaction Phase
[131.052s][info][gc,phases      ] GC(475) Compaction Phase 9.903ms
[131.053s][info][gc,phases,start] GC(475) Post Compact
[131.056s][info][gc,phases      ] GC(475) Post Compact 3.734ms
[131.056s][info][gc,heap        ] GC(475) PSYoungGen: 116735K(232960K)->113161K(232960K) Eden: 116735K(116736K)->113161K(116736K) From: 0K(116224K)->0K(116224K)
[131.056s][info][gc,heap        ] GC(475) ParOldGen: 696977K(699392K)->696977K(699392K)
[131.056s][info][gc,metaspace   ] GC(475) Metaspace: 114339K(126656K)->114339K(126656K) NonClass: 97697K(105344K)->97697K(105344K) Class: 16641K(21312K)->16641K(21312K)
[131.056s][info][gc             ] GC(475) Pause Full (Ergonomics) 794M->791M(910M) 39.052ms
[131.056s][info][gc,cpu         ] GC(475) User=0.38s Sys=0.00s Real=0.05s
[131.058s][info][gc,start       ] GC(476) Pause Full (Ergonomics)
[131.058s][info][gc,phases,start] GC(476) Marking Phase
[131.084s][info][gc,phases      ] GC(476) Marking Phase 26.054ms
[131.084s][info][gc,phases,start] GC(476) Summary Phase
[131.084s][info][gc,phases      ] GC(476) Summary Phase 0.025ms
[131.084s][info][gc,phases,start] GC(476) Adjust Roots
[131.085s][info][gc,phases      ] GC(476) Adjust Roots 1.568ms
[131.085s][info][gc,phases,start] GC(476) Compaction Phase
[131.092s][info][gc,phases      ] GC(476) Compaction Phase 6.898ms
[131.092s][info][gc,phases,start] GC(476) Post Compact
[131.096s][info][gc,phases      ] GC(476) Post Compact 3.734ms
[131.096s][info][gc,heap        ] GC(476) PSYoungGen: 116736K(232960K)->113284K(232960K) Eden: 116736K(116736K)->113284K(116736K) From: 0K(116224K)->0K(116224K)
[131.096s][info][gc,heap        ] GC(476) ParOldGen: 696977K(699392K)->696977K(699392K)
[131.096s][info][gc,metaspace   ] GC(476) Metaspace: 114339K(126656K)->114339K(126656K) NonClass: 97697K(105344K)->97697K(105344K) Class: 16641K(21312K)->16641K(21312K)
[131.096s][info][gc             ] GC(476) Pause Full (Ergonomics) 794M->791M(910M) 38.536ms
[131.096s][info][gc,cpu         ] GC(476) User=0.66s Sys=0.00s Real=0.03s
[131.097s][info][gc,start       ] GC(477) Pause Full (Ergonomics)
[131.097s][info][gc,phases,start] GC(477) Marking Phase
[131.122s][info][gc,phases      ] GC(477) Marking Phase 24.265ms
[131.122s][info][gc,phases,start] GC(477) Summary Phase
[131.122s][info][gc,phases      ] GC(477) Summary Phase 0.025ms
[131.122s][info][gc,phases,start] GC(477) Adjust Roots
[131.123s][info][gc,phases      ] GC(477) Adjust Roots 1.524ms
[131.123s][info][gc,phases,start] GC(477) Compaction Phase
[131.130s][info][gc,phases      ] GC(477) Compaction Phase 6.870ms
[131.130s][info][gc,phases,start] GC(477) Post Compact
[131.134s][info][gc,phases      ] GC(477) Post Compact 3.986ms
[131.134s][info][gc,heap        ] GC(477) PSYoungGen: 116736K(232960K)->113233K(232960K) Eden: 116736K(116736K)->113233K(116736K) From: 0K(116224K)->0K(116224K)
[131.134s][info][gc,heap        ] GC(477) ParOldGen: 696977K(699392K)->696977K(699392K)
[131.134s][info][gc,metaspace   ] GC(477) Metaspace: 114340K(126656K)->114340K(126656K) NonClass: 97698K(105344K)->97698K(105344K) Class: 16642K(21312K)->16642K(21312K)
[131.134s][info][gc             ] GC(477) Pause Full (Ergonomics) 794M->791M(910M) 36.929ms
[131.134s][info][gc,cpu         ] GC(477) User=0.39s Sys=0.00s Real=0.03s
[131.136s][info][gc,start       ] GC(478) Pause Full (Ergonomics)
[131.136s][info][gc,phases,start] GC(478) Marking Phase
[131.162s][info][gc,phases      ] GC(478) Marking Phase 26.112ms
[131.162s][info][gc,phases,start] GC(478) Summary Phase
[131.162s][info][gc,phases      ] GC(478) Summary Phase 0.025ms
[131.162s][info][gc,phases,start] GC(478) Adjust Roots
[131.163s][info][gc,phases      ] GC(478) Adjust Roots 1.542ms
[131.163s][info][gc,phases,start] GC(478) Compaction Phase
[131.171s][info][gc,phases      ] GC(478) Compaction Phase 7.518ms
[131.171s][info][gc,phases,start] GC(478) Post Compact
[131.175s][info][gc,phases      ] GC(478) Post Compact 3.825ms
[131.175s][info][gc,heap        ] GC(478) PSYoungGen: 116736K(232960K)->113144K(232960K) Eden: 116736K(116736K)->113144K(116736K) From: 0K(116224K)->0K(116224K)
[131.175s][info][gc,heap        ] GC(478) ParOldGen: 696977K(699392K)->696977K(699392K)
[131.175s][info][gc,metaspace   ] GC(478) Metaspace: 114340K(126656K)->114340K(126656K) NonClass: 97698K(105344K)->97698K(105344K) Class: 16642K(21312K)->16642K(21312K)
[131.175s][info][gc             ] GC(478) Pause Full (Ergonomics) 794M->791M(910M) 39.272ms
[131.175s][info][gc,cpu         ] GC(478) User=0.42s Sys=0.00s Real=0.03s
[131.176s][info][gc,start       ] GC(479) Pause Full (Ergonomics)
[131.176s][info][gc,phases,start] GC(479) Marking Phase
[131.204s][info][gc,phases      ] GC(479) Marking Phase 27.211ms
[131.204s][info][gc,phases,start] GC(479) Summary Phase
[131.204s][info][gc,phases      ] GC(479) Summary Phase 0.024ms
[131.204s][info][gc,phases,start] GC(479) Adjust Roots
[131.205s][info][gc,phases      ] GC(479) Adjust Roots 1.549ms
[131.205s][info][gc,phases,start] GC(479) Compaction Phase
[131.214s][info][gc,phases      ] GC(479) Compaction Phase 8.913ms
[131.214s][info][gc,phases,start] GC(479) Post Compact
[131.218s][info][gc,phases      ] GC(479) Post Compact 4.125ms
[131.218s][info][gc,heap        ] GC(479) PSYoungGen: 116736K(232960K)->113142K(232960K) Eden: 116736K(116736K)->113142K(116736K) From: 0K(116224K)->0K(116224K)
[131.218s][info][gc,heap        ] GC(479) ParOldGen: 696977K(699392K)->696977K(699392K)
[131.218s][info][gc,metaspace   ] GC(479) Metaspace: 114343K(126656K)->114343K(126656K) NonClass: 97700K(105344K)->97700K(105344K) Class: 16643K(21312K)->16643K(21312K)
[131.218s][info][gc             ] GC(479) Pause Full (Ergonomics) 794M->791M(910M) 42.106ms
[131.218s][info][gc,cpu         ] GC(479) User=0.73s Sys=0.00s Real=0.05s
[131.220s][info][gc,start       ] GC(480) Pause Full (Ergonomics)
[131.220s][info][gc,phases,start] GC(480) Marking Phase
[131.243s][info][gc,phases      ] GC(480) Marking Phase 23.420ms
[131.243s][info][gc,phases,start] GC(480) Summary Phase
[131.243s][info][gc,phases      ] GC(480) Summary Phase 0.026ms
[131.243s][info][gc,phases,start] GC(480) Adjust Roots
[131.245s][info][gc,phases      ] GC(480) Adjust Roots 1.536ms
[131.245s][info][gc,phases,start] GC(480) Compaction Phase
[131.253s][info][gc,phases      ] GC(480) Compaction Phase 8.316ms
[131.253s][info][gc,phases,start] GC(480) Post Compact
[131.257s][info][gc,phases      ] GC(480) Post Compact 3.808ms
[131.257s][info][gc,heap        ] GC(480) PSYoungGen: 116735K(232960K)->113244K(232960K) Eden: 116735K(116736K)->113244K(116736K) From: 0K(116224K)->0K(116224K)
[131.257s][info][gc,heap        ] GC(480) ParOldGen: 696977K(699392K)->696977K(699392K)
[131.257s][info][gc,metaspace   ] GC(480) Metaspace: 114343K(126656K)->114343K(126656K) NonClass: 97700K(105344K)->97700K(105344K) Class: 16643K(21312K)->16643K(21312K)
[131.257s][info][gc             ] GC(480) Pause Full (Ergonomics) 794M->791M(910M) 37.364ms
[131.257s][info][gc,cpu         ] GC(480) User=0.39s Sys=0.00s Real=0.03s
[131.258s][info][gc,start       ] GC(481) Pause Full (Ergonomics)
[131.259s][info][gc,phases,start] GC(481) Marking Phase
[131.284s][info][gc,phases      ] GC(481) Marking Phase 25.886ms
[131.284s][info][gc,phases,start] GC(481) Summary Phase
[131.284s][info][gc,phases      ] GC(481) Summary Phase 0.025ms
[131.284s][info][gc,phases,start] GC(481) Adjust Roots
[131.286s][info][gc,phases      ] GC(481) Adjust Roots 1.537ms
[131.286s][info][gc,phases,start] GC(481) Compaction Phase
[131.293s][info][gc,phases      ] GC(481) Compaction Phase 6.761ms
[131.293s][info][gc,phases,start] GC(481) Post Compact
[131.297s][info][gc,phases      ] GC(481) Post Compact 3.830ms
[131.297s][info][gc,heap        ] GC(481) PSYoungGen: 116735K(232960K)->113240K(232960K) Eden: 116735K(116736K)->113240K(116736K) From: 0K(116224K)->0K(116224K)
[131.297s][info][gc,heap        ] GC(481) ParOldGen: 696977K(699392K)->696977K(699392K)
[131.297s][info][gc,metaspace   ] GC(481) Metaspace: 114345K(126656K)->114345K(126656K) NonClass: 97701K(105344K)->97701K(105344K) Class: 16643K(21312K)->16643K(21312K)
[131.297s][info][gc             ] GC(481) Pause Full (Ergonomics) 794M->791M(910M) 38.295ms
[131.297s][info][gc,cpu         ] GC(481) User=0.44s Sys=0.00s Real=0.03s
[131.298s][info][gc,start       ] GC(482) Pause Full (Ergonomics)
[131.298s][info][gc,phases,start] GC(482) Marking Phase
[131.324s][info][gc,phases      ] GC(482) Marking Phase 25.893ms
[131.324s][info][gc,phases,start] GC(482) Summary Phase
[131.324s][info][gc,phases      ] GC(482) Summary Phase 0.024ms
[131.324s][info][gc,phases,start] GC(482) Adjust Roots
[131.326s][info][gc,phases      ] GC(482) Adjust Roots 1.571ms
[131.326s][info][gc,phases,start] GC(482) Compaction Phase
[131.367s][info][gc,phases      ] GC(482) Compaction Phase 40.762ms
[131.367s][info][gc,phases,start] GC(482) Post Compact
[131.371s][info][gc,phases      ] GC(482) Post Compact 3.982ms
[131.371s][info][gc,heap        ] GC(482) PSYoungGen: 116735K(232960K)->113166K(232960K) Eden: 116735K(116736K)->113166K(116736K) From: 0K(116224K)->0K(116224K)
[131.371s][info][gc,heap        ] GC(482) ParOldGen: 696977K(699392K)->696976K(699392K)
[131.371s][info][gc,metaspace   ] GC(482) Metaspace: 114345K(126656K)->114345K(126656K) NonClass: 97702K(105344K)->97702K(105344K) Class: 16643K(21312K)->16643K(21312K)
[131.371s][info][gc             ] GC(482) Pause Full (Ergonomics) 794M->791M(910M) 72.494ms
[131.371s][info][gc,cpu         ] GC(482) User=1.31s Sys=0.00s Real=0.07s
[131.372s][info][gc,start       ] GC(483) Pause Full (Ergonomics)
[131.372s][info][gc,phases,start] GC(483) Marking Phase
[131.390s][info][gc,phases      ] GC(483) Marking Phase 18.513ms
[131.390s][info][gc,phases,start] GC(483) Summary Phase
[131.390s][info][gc,phases      ] GC(483) Summary Phase 0.024ms
[131.390s][info][gc,phases,start] GC(483) Adjust Roots
[131.392s][info][gc,phases      ] GC(483) Adjust Roots 1.551ms
[131.392s][info][gc,phases,start] GC(483) Compaction Phase
[131.403s][info][gc,phases      ] GC(483) Compaction Phase 10.960ms
[131.403s][info][gc,phases,start] GC(483) Post Compact
[131.407s][info][gc,phases      ] GC(483) Post Compact 3.852ms
[131.407s][info][gc,heap        ] GC(483) PSYoungGen: 116736K(232960K)->113149K(232960K) Eden: 116736K(116736K)->113149K(116736K) From: 0K(116224K)->0K(116224K)
[131.407s][info][gc,heap        ] GC(483) ParOldGen: 696976K(699392K)->696976K(699392K)
[131.407s][info][gc,metaspace   ] GC(483) Metaspace: 114347K(126656K)->114347K(126656K) NonClass: 97703K(105344K)->97703K(105344K) Class: 16644K(21312K)->16644K(21312K)
[131.407s][info][gc             ] GC(483) Pause Full (Ergonomics) 794M->791M(910M) 35.170ms
[131.407s][info][gc,cpu         ] GC(483) User=0.36s Sys=0.00s Real=0.03s
[131.408s][info][gc,start       ] GC(484) Pause Full (Ergonomics)
[131.408s][info][gc,phases,start] GC(484) Marking Phase
[131.432s][info][gc,phases      ] GC(484) Marking Phase 24.473ms
[131.432s][info][gc,phases,start] GC(484) Summary Phase
[131.432s][info][gc,phases      ] GC(484) Summary Phase 0.026ms
[131.433s][info][gc,phases,start] GC(484) Adjust Roots
[131.434s][info][gc,phases      ] GC(484) Adjust Roots 1.577ms
[131.434s][info][gc,phases,start] GC(484) Compaction Phase
[131.441s][info][gc,phases      ] GC(484) Compaction Phase 6.640ms
[131.441s][info][gc,phases,start] GC(484) Post Compact
[131.445s][info][gc,phases      ] GC(484) Post Compact 3.874ms
[131.445s][info][gc,heap        ] GC(484) PSYoungGen: 115479K(232960K)->113232K(232960K) Eden: 115479K(116736K)->113232K(116736K) From: 0K(116224K)->0K(116224K)
[131.445s][info][gc,heap        ] GC(484) ParOldGen: 696976K(699392K)->696976K(699392K)
[131.445s][info][gc,metaspace   ] GC(484) Metaspace: 114347K(126656K)->114347K(126656K) NonClass: 97703K(105344K)->97703K(105344K) Class: 16644K(21312K)->16644K(21312K)
[131.445s][info][gc             ] GC(484) Pause Full (Ergonomics) 793M->791M(910M) 36.853ms
[131.445s][info][gc,cpu         ] GC(484) User=0.41s Sys=0.00s Real=0.03s
[131.445s][info][gc,start       ] GC(485) Pause Full (Allocation Failure)
[131.445s][info][gc,phases,start] GC(485) Marking Phase
[131.473s][info][gc,phases      ] GC(485) Marking Phase 28.212ms
[131.473s][info][gc,phases,start] GC(485) Summary Phase
[131.473s][info][gc,phases      ] GC(485) Summary Phase 0.024ms
[131.473s][info][gc,phases,start] GC(485) Adjust Roots
[131.475s][info][gc,phases      ] GC(485) Adjust Roots 1.660ms
[131.475s][info][gc,phases,start] GC(485) Compaction Phase
[131.483s][info][gc,phases      ] GC(485) Compaction Phase 7.986ms
[131.483s][info][gc,phases,start] GC(485) Post Compact
[131.487s][info][gc,phases      ] GC(485) Post Compact 3.719ms
[131.487s][info][gc,heap        ] GC(485) PSYoungGen: 113232K(232960K)->113230K(232960K) Eden: 113232K(116736K)->113230K(116736K) From: 0K(116224K)->0K(116224K)
[131.487s][info][gc,heap        ] GC(485) ParOldGen: 696976K(699392K)->696976K(699392K)
[131.487s][info][gc,metaspace   ] GC(485) Metaspace: 114347K(126656K)->114347K(126656K) NonClass: 97703K(105344K)->97703K(105344K) Class: 16644K(21312K)->16644K(21312K)
[131.487s][info][gc             ] GC(485) Pause Full (Allocation Failure) 791M->791M(910M) 41.813ms
[131.487s][info][gc,cpu         ] GC(485) User=0.67s Sys=0.00s Real=0.05s
[131.488s][info][gc,start       ] GC(486) Pause Full (Ergonomics)
[131.489s][info][gc,phases,start] GC(486) Marking Phase
[131.517s][info][gc,phases      ] GC(486) Marking Phase 28.565ms
[131.517s][info][gc,phases,start] GC(486) Summary Phase
[131.517s][info][gc,phases      ] GC(486) Summary Phase 0.025ms
[131.517s][info][gc,phases,start] GC(486) Adjust Roots
[131.519s][info][gc,phases      ] GC(486) Adjust Roots 1.703ms
[131.519s][info][gc,phases,start] GC(486) Compaction Phase
[131.567s][info][gc,phases      ] GC(486) Compaction Phase 48.494ms
[131.567s][info][gc,phases,start] GC(486) Post Compact
[131.571s][info][gc,phases      ] GC(486) Post Compact 3.982ms
[131.571s][info][gc,heap        ] GC(486) PSYoungGen: 116736K(232960K)->97609K(232960K) Eden: 116736K(116736K)->97609K(116736K) From: 0K(116224K)->0K(116224K)
[131.571s][info][gc,heap        ] GC(486) ParOldGen: 696989K(699392K)->697111K(699392K)
[131.571s][info][gc,metaspace   ] GC(486) Metaspace: 114347K(126656K)->114347K(126656K) NonClass: 97703K(105344K)->97703K(105344K) Class: 16644K(21312K)->16644K(21312K)
[131.572s][info][gc             ] GC(486) Pause Full (Ergonomics) 794M->776M(910M) 83.044ms
[131.572s][info][gc,cpu         ] GC(486) User=1.63s Sys=0.02s Real=0.08s
[131.578s][info][gc,start       ] GC(487) Pause Full (Ergonomics)
[131.578s][info][gc,phases,start] GC(487) Marking Phase
[131.602s][info][gc,phases      ] GC(487) Marking Phase 24.548ms
[131.602s][info][gc,phases,start] GC(487) Summary Phase
[131.602s][info][gc,phases      ] GC(487) Summary Phase 0.027ms
[131.602s][info][gc,phases,start] GC(487) Adjust Roots
[131.604s][info][gc,phases      ] GC(487) Adjust Roots 1.815ms
[131.604s][info][gc,phases,start] GC(487) Compaction Phase
[131.650s][info][gc,phases      ] GC(487) Compaction Phase 45.727ms
[131.650s][info][gc,phases,start] GC(487) Post Compact
[131.655s][info][gc,phases      ] GC(487) Post Compact 5.152ms
[131.655s][info][gc,heap        ] GC(487) PSYoungGen: 116736K(232960K)->97660K(232960K) Eden: 116736K(116736K)->97660K(116736K) From: 0K(116224K)->0K(116224K)
[131.655s][info][gc,heap        ] GC(487) ParOldGen: 697111K(699392K)->696949K(699392K)
[131.655s][info][gc,metaspace   ] GC(487) Metaspace: 114372K(126656K)->114372K(126656K) NonClass: 97726K(105344K)->97726K(105344K) Class: 16645K(21312K)->16645K(21312K)
[131.655s][info][gc             ] GC(487) Pause Full (Ergonomics) 794M->775M(910M) 77.651ms
[131.655s][info][gc,cpu         ] GC(487) User=1.33s Sys=0.00s Real=0.08s
[131.659s][info][gc,start       ] GC(488) Pause Full (Ergonomics)
[131.659s][info][gc,phases,start] GC(488) Marking Phase
[131.684s][info][gc,phases      ] GC(488) Marking Phase 24.671ms
[131.684s][info][gc,phases,start] GC(488) Summary Phase
[131.684s][info][gc,phases      ] GC(488) Summary Phase 0.029ms
[131.684s][info][gc,phases,start] GC(488) Adjust Roots
[131.686s][info][gc,phases      ] GC(488) Adjust Roots 1.707ms
[131.686s][info][gc,phases,start] GC(488) Compaction Phase
[131.732s][info][gc,phases      ] GC(488) Compaction Phase 46.028ms
[131.732s][info][gc,phases,start] GC(488) Post Compact
[131.736s][info][gc,phases      ] GC(488) Post Compact 4.079ms
[131.736s][info][gc,heap        ] GC(488) PSYoungGen: 116736K(232960K)->97563K(232960K) Eden: 116736K(116736K)->97563K(116736K) From: 0K(116224K)->0K(116224K)
[131.736s][info][gc,heap        ] GC(488) ParOldGen: 696949K(699392K)->696949K(699392K)
[131.736s][info][gc,metaspace   ] GC(488) Metaspace: 114381K(126656K)->114381K(126656K) NonClass: 97733K(105344K)->97733K(105344K) Class: 16648K(21312K)->16648K(21312K)
[131.736s][info][gc             ] GC(488) Pause Full (Ergonomics) 794M->775M(910M) 76.771ms
[131.736s][info][gc,cpu         ] GC(488) User=1.34s Sys=0.00s Real=0.08s
[131.739s][info][gc,start       ] GC(489) Pause Full (Ergonomics)
[131.739s][info][gc,phases,start] GC(489) Marking Phase
[131.762s][info][gc,phases      ] GC(489) Marking Phase 23.654ms
[131.762s][info][gc,phases,start] GC(489) Summary Phase
[131.762s][info][gc,phases      ] GC(489) Summary Phase 0.033ms
[131.762s][info][gc,phases,start] GC(489) Adjust Roots
[131.764s][info][gc,phases      ] GC(489) Adjust Roots 1.659ms
[131.764s][info][gc,phases,start] GC(489) Compaction Phase
[131.807s][info][gc,phases      ] GC(489) Compaction Phase 42.849ms
[131.807s][info][gc,phases,start] GC(489) Post Compact
[131.812s][info][gc,phases      ] GC(489) Post Compact 4.676ms
[131.812s][info][gc,heap        ] GC(489) PSYoungGen: 112329K(232960K)->97599K(232960K) Eden: 112329K(116736K)->97599K(116736K) From: 0K(116224K)->0K(116224K)
[131.812s][info][gc,heap        ] GC(489) ParOldGen: 696949K(699392K)->696948K(699392K)
[131.812s][info][gc,metaspace   ] GC(489) Metaspace: 114387K(126656K)->114387K(126656K) NonClass: 97737K(105344K)->97737K(105344K) Class: 16649K(21312K)->16649K(21312K)
[131.812s][info][gc             ] GC(489) Pause Full (Ergonomics) 790M->775M(910M) 73.282ms
[131.812s][info][gc,cpu         ] GC(489) User=1.31s Sys=0.02s Real=0.08s
[131.815s][info][gc,start       ] GC(490) Pause Full (Ergonomics)
[131.815s][info][gc,phases,start] GC(490) Marking Phase
[131.838s][info][gc,phases      ] GC(490) Marking Phase 22.591ms
[131.838s][info][gc,phases,start] GC(490) Summary Phase
[131.838s][info][gc,phases      ] GC(490) Summary Phase 0.027ms
[131.838s][info][gc,phases,start] GC(490) Adjust Roots
[131.840s][info][gc,phases      ] GC(490) Adjust Roots 1.806ms
[131.840s][info][gc,phases,start] GC(490) Compaction Phase
[131.884s][info][gc,phases      ] GC(490) Compaction Phase 43.982ms
[131.884s][info][gc,phases,start] GC(490) Post Compact
[131.888s][info][gc,phases      ] GC(490) Post Compact 3.996ms
[131.888s][info][gc,heap        ] GC(490) PSYoungGen: 116736K(232960K)->103788K(232960K) Eden: 116736K(116736K)->103788K(116736K) From: 0K(116224K)->0K(116224K)
[131.888s][info][gc,heap        ] GC(490) ParOldGen: 696948K(699392K)->696792K(699392K)
[131.888s][info][gc,metaspace   ] GC(490) Metaspace: 114388K(126656K)->114388K(126656K) NonClass: 97738K(105344K)->97738K(105344K) Class: 16650K(21312K)->16650K(21312K)
[131.888s][info][gc             ] GC(490) Pause Full (Ergonomics) 794M->781M(910M) 72.716ms
[131.888s][info][gc,cpu         ] GC(490) User=1.31s Sys=0.00s Real=0.06s
[131.890s][info][gc,start       ] GC(491) Pause Full (Ergonomics)
[131.890s][info][gc,phases,start] GC(491) Marking Phase
[131.913s][info][gc,phases      ] GC(491) Marking Phase 22.965ms
[131.913s][info][gc,phases,start] GC(491) Summary Phase
[131.913s][info][gc,phases      ] GC(491) Summary Phase 0.027ms
[131.913s][info][gc,phases,start] GC(491) Adjust Roots
[131.915s][info][gc,phases      ] GC(491) Adjust Roots 1.573ms
[131.915s][info][gc,phases,start] GC(491) Compaction Phase
[131.929s][info][gc,phases      ] GC(491) Compaction Phase 13.738ms
[131.929s][info][gc,phases,start] GC(491) Post Compact
[131.933s][info][gc,phases      ] GC(491) Post Compact 4.156ms
[131.933s][info][gc,heap        ] GC(491) PSYoungGen: 116736K(232960K)->100777K(232960K) Eden: 116736K(116736K)->100777K(116736K) From: 0K(116224K)->0K(116224K)
[131.933s][info][gc,heap        ] GC(491) ParOldGen: 696792K(699392K)->696795K(699392K)
[131.933s][info][gc,metaspace   ] GC(491) Metaspace: 114400K(126656K)->114400K(126656K) NonClass: 97746K(105344K)->97746K(105344K) Class: 16654K(21312K)->16654K(21312K)
[131.933s][info][gc             ] GC(491) Pause Full (Ergonomics) 794M->778M(910M) 42.747ms
[131.933s][info][gc,cpu         ] GC(491) User=0.70s Sys=0.00s Real=0.06s
[131.936s][info][gc,start       ] GC(492) Pause Full (Ergonomics)
[131.936s][info][gc,phases,start] GC(492) Marking Phase
[131.962s][info][gc,phases      ] GC(492) Marking Phase 25.895ms
[131.962s][info][gc,phases,start] GC(492) Summary Phase
[131.962s][info][gc,phases      ] GC(492) Summary Phase 0.028ms
[131.962s][info][gc,phases,start] GC(492) Adjust Roots
[131.964s][info][gc,phases      ] GC(492) Adjust Roots 1.704ms
[131.964s][info][gc,phases,start] GC(492) Compaction Phase
[132.005s][info][gc,phases      ] GC(492) Compaction Phase 40.718ms
[132.005s][info][gc,phases,start] GC(492) Post Compact
[132.009s][info][gc,phases      ] GC(492) Post Compact 4.081ms
[132.009s][info][gc,heap        ] GC(492) PSYoungGen: 116736K(232960K)->100724K(232960K) Eden: 116736K(116736K)->100724K(116736K) From: 0K(116224K)->0K(116224K)
[132.009s][info][gc,heap        ] GC(492) ParOldGen: 696795K(699392K)->696795K(699392K)
[132.009s][info][gc,metaspace   ] GC(492) Metaspace: 114416K(126656K)->114416K(126656K) NonClass: 97757K(105344K)->97757K(105344K) Class: 16658K(21312K)->16658K(21312K)
[132.009s][info][gc             ] GC(492) Pause Full (Ergonomics) 794M->778M(910M) 72.701ms
[132.009s][info][gc,cpu         ] GC(492) User=1.02s Sys=0.00s Real=0.07s
[132.012s][info][gc,start       ] GC(493) Pause Full (Ergonomics)
[132.012s][info][gc,phases,start] GC(493) Marking Phase
[132.035s][info][gc,phases      ] GC(493) Marking Phase 23.656ms
[132.036s][info][gc,phases,start] GC(493) Summary Phase
[132.036s][info][gc,phases      ] GC(493) Summary Phase 0.027ms
[132.036s][info][gc,phases,start] GC(493) Adjust Roots
[132.037s][info][gc,phases      ] GC(493) Adjust Roots 1.613ms
[132.037s][info][gc,phases,start] GC(493) Compaction Phase
[132.046s][info][gc,phases      ] GC(493) Compaction Phase 8.965ms
[132.046s][info][gc,phases,start] GC(493) Post Compact
[132.050s][info][gc,phases      ] GC(493) Post Compact 4.007ms
[132.050s][info][gc,heap        ] GC(493) PSYoungGen: 116735K(232960K)->100795K(232960K) Eden: 116735K(116736K)->100795K(116736K) From: 0K(116224K)->0K(116224K)
[132.050s][info][gc,heap        ] GC(493) ParOldGen: 696795K(699392K)->696795K(699392K)
[132.050s][info][gc,metaspace   ] GC(493) Metaspace: 114424K(126656K)->114424K(126656K) NonClass: 97764K(105344K)->97764K(105344K) Class: 16660K(21312K)->16660K(21312K)
[132.050s][info][gc             ] GC(493) Pause Full (Ergonomics) 794M->778M(910M) 38.528ms
[132.050s][info][gc,cpu         ] GC(493) User=0.66s Sys=0.00s Real=0.04s
[132.053s][info][gc,start       ] GC(494) Pause Full (Ergonomics)
[132.053s][info][gc,phases,start] GC(494) Marking Phase
[132.078s][info][gc,phases      ] GC(494) Marking Phase 24.707ms
[132.078s][info][gc,phases,start] GC(494) Summary Phase
[132.078s][info][gc,phases      ] GC(494) Summary Phase 0.026ms
[132.078s][info][gc,phases,start] GC(494) Adjust Roots
[132.079s][info][gc,phases      ] GC(494) Adjust Roots 1.583ms
[132.079s][info][gc,phases,start] GC(494) Compaction Phase
[132.089s][info][gc,phases      ] GC(494) Compaction Phase 10.148ms
[132.090s][info][gc,phases,start] GC(494) Post Compact
[132.093s][info][gc,phases      ] GC(494) Post Compact 3.855ms
[132.093s][info][gc,heap        ] GC(494) PSYoungGen: 116736K(232960K)->100725K(232960K) Eden: 116736K(116736K)->100725K(116736K) From: 0K(116224K)->0K(116224K)
[132.093s][info][gc,heap        ] GC(494) ParOldGen: 696795K(699392K)->696795K(699392K)
[132.093s][info][gc,metaspace   ] GC(494) Metaspace: 114432K(126656K)->114432K(126656K) NonClass: 97771K(105344K)->97771K(105344K) Class: 16661K(21312K)->16661K(21312K)
[132.093s][info][gc             ] GC(494) Pause Full (Ergonomics) 794M->778M(910M) 40.561ms
[132.094s][info][gc,cpu         ] GC(494) User=0.75s Sys=0.00s Real=0.04s
[132.096s][info][gc,start       ] GC(495) Pause Full (Ergonomics)
[132.096s][info][gc,phases,start] GC(495) Marking Phase
[132.122s][info][gc,phases      ] GC(495) Marking Phase 25.750ms
[132.122s][info][gc,phases,start] GC(495) Summary Phase
[132.122s][info][gc,phases      ] GC(495) Summary Phase 0.029ms
[132.122s][info][gc,phases,start] GC(495) Adjust Roots
[132.124s][info][gc,phases      ] GC(495) Adjust Roots 1.545ms
[132.124s][info][gc,phases,start] GC(495) Compaction Phase
[132.165s][info][gc,phases      ] GC(495) Compaction Phase 40.681ms
[132.165s][info][gc,phases,start] GC(495) Post Compact
[132.169s][info][gc,phases      ] GC(495) Post Compact 4.007ms
[132.169s][info][gc,heap        ] GC(495) PSYoungGen: 116736K(232960K)->100672K(232960K) Eden: 116736K(116736K)->100672K(116736K) From: 0K(116224K)->0K(116224K)
[132.169s][info][gc,heap        ] GC(495) ParOldGen: 696795K(699392K)->696794K(699392K)
[132.169s][info][gc,metaspace   ] GC(495) Metaspace: 114440K(126656K)->114440K(126656K) NonClass: 97777K(105344K)->97777K(105344K) Class: 16662K(21312K)->16662K(21312K)
[132.169s][info][gc             ] GC(495) Pause Full (Ergonomics) 794M->778M(910M) 72.313ms
[132.169s][info][gc,cpu         ] GC(495) User=1.72s Sys=0.00s Real=0.07s
[132.171s][info][gc,start       ] GC(496) Pause Full (Ergonomics)
[132.171s][info][gc,phases,start] GC(496) Marking Phase
[132.192s][info][gc,phases      ] GC(496) Marking Phase 21.050ms
[132.192s][info][gc,phases,start] GC(496) Summary Phase
[132.192s][info][gc,phases      ] GC(496) Summary Phase 0.026ms
[132.192s][info][gc,phases,start] GC(496) Adjust Roots
[132.194s][info][gc,phases      ] GC(496) Adjust Roots 1.575ms
[132.194s][info][gc,phases,start] GC(496) Compaction Phase
[132.205s][info][gc,phases      ] GC(496) Compaction Phase 10.478ms
[132.205s][info][gc,phases,start] GC(496) Post Compact
[132.208s][info][gc,phases      ] GC(496) Post Compact 3.854ms
[132.209s][info][gc,heap        ] GC(496) PSYoungGen: 116735K(232960K)->100728K(232960K) Eden: 116735K(116736K)->100728K(116736K) From: 0K(116224K)->0K(116224K)
[132.209s][info][gc,heap        ] GC(496) ParOldGen: 696794K(699392K)->696794K(699392K)
[132.209s][info][gc,metaspace   ] GC(496) Metaspace: 114440K(126656K)->114440K(126656K) NonClass: 97777K(105344K)->97777K(105344K) Class: 16662K(21312K)->16662K(21312K)
[132.209s][info][gc             ] GC(496) Pause Full (Ergonomics) 794M->778M(910M) 37.231ms
[132.209s][info][gc,cpu         ] GC(496) User=0.45s Sys=0.00s Real=0.04s
[132.211s][info][gc,start       ] GC(497) Pause Full (Ergonomics)
[132.211s][info][gc,phases,start] GC(497) Marking Phase
[132.237s][info][gc,phases      ] GC(497) Marking Phase 25.580ms
[132.237s][info][gc,phases,start] GC(497) Summary Phase
[132.237s][info][gc,phases      ] GC(497) Summary Phase 0.026ms
[132.237s][info][gc,phases,start] GC(497) Adjust Roots
[132.239s][info][gc,phases      ] GC(497) Adjust Roots 1.630ms
[132.239s][info][gc,phases,start] GC(497) Compaction Phase
[132.248s][info][gc,phases      ] GC(497) Compaction Phase 9.249ms
[132.248s][info][gc,phases,start] GC(497) Post Compact
[132.252s][info][gc,phases      ] GC(497) Post Compact 4.010ms
[132.252s][info][gc,heap        ] GC(497) PSYoungGen: 116736K(232960K)->100732K(232960K) Eden: 116736K(116736K)->100732K(116736K) From: 0K(116224K)->0K(116224K)
[132.252s][info][gc,heap        ] GC(497) ParOldGen: 696794K(699392K)->696794K(699392K)
[132.252s][info][gc,metaspace   ] GC(497) Metaspace: 114440K(126656K)->114440K(126656K) NonClass: 97778K(105344K)->97778K(105344K) Class: 16662K(21312K)->16662K(21312K)
[132.252s][info][gc             ] GC(497) Pause Full (Ergonomics) 794M->778M(910M) 40.792ms
[132.252s][info][gc,cpu         ] GC(497) User=0.66s Sys=0.00s Real=0.04s
[132.255s][info][gc,start       ] GC(498) Pause Full (Ergonomics)
[132.255s][info][gc,phases,start] GC(498) Marking Phase
[132.282s][info][gc,phases      ] GC(498) Marking Phase 27.491ms
[132.434s][info][gc,phases,start] GC(498) Summary Phase
[132.434s][info][gc,phases      ] GC(498) Summary Phase 0.125ms
[132.434s][info][gc,phases,start] GC(498) Adjust Roots
[132.438s][info][gc,phases      ] GC(498) Adjust Roots 3.905ms
[132.438s][info][gc,phases,start] GC(498) Compaction Phase
[132.454s][info][gc,phases      ] GC(498) Compaction Phase 16.579ms
[132.454s][info][gc,phases,start] GC(498) Post Compact
[132.459s][info][gc,phases      ] GC(498) Post Compact 4.988ms
[132.459s][info][gc,heap        ] GC(498) PSYoungGen: 116736K(232960K)->100764K(232960K) Eden: 116736K(116736K)->100764K(116736K) From: 0K(116224K)->0K(116224K)
[132.459s][info][gc,heap        ] GC(498) ParOldGen: 696794K(699392K)->696794K(699392K)
[132.459s][info][gc,metaspace   ] GC(498) Metaspace: 114440K(126656K)->114440K(126656K) NonClass: 97778K(105344K)->97778K(105344K) Class: 16662K(21312K)->16662K(21312K)
[132.460s][info][gc             ] GC(498) Pause Full (Ergonomics) 794M->778M(910M) 204.730ms
[132.460s][info][gc,cpu         ] GC(498) User=0.78s Sys=0.00s Real=0.21s
[132.463s][info][gc,start       ] GC(499) Pause Full (Ergonomics)
[132.463s][info][gc,phases,start] GC(499) Marking Phase
[132.493s][info][gc,phases      ] GC(499) Marking Phase 29.825ms
[132.493s][info][gc,phases,start] GC(499) Summary Phase
[132.493s][info][gc,phases      ] GC(499) Summary Phase 0.032ms
[132.493s][info][gc,phases,start] GC(499) Adjust Roots
[132.495s][info][gc,phases      ] GC(499) Adjust Roots 1.752ms
[132.495s][info][gc,phases,start] GC(499) Compaction Phase
[132.503s][info][gc,phases      ] GC(499) Compaction Phase 8.744ms
[132.503s][info][gc,phases,start] GC(499) Post Compact
[132.507s][info][gc,phases      ] GC(499) Post Compact 3.978ms
[132.508s][info][gc,heap        ] GC(499) PSYoungGen: 116735K(232960K)->100700K(232960K) Eden: 116735K(116736K)->100700K(116736K) From: 0K(116224K)->0K(116224K)
[132.508s][info][gc,heap        ] GC(499) ParOldGen: 696794K(699392K)->696794K(699392K)
[132.508s][info][gc,metaspace   ] GC(499) Metaspace: 114444K(126656K)->114444K(126656K) NonClass: 97781K(105344K)->97781K(105344K) Class: 16663K(21312K)->16663K(21312K)
[132.508s][info][gc             ] GC(499) Pause Full (Ergonomics) 794M->778M(910M) 44.645ms
[132.508s][info][gc,cpu         ] GC(499) User=0.34s Sys=0.00s Real=0.04s
[132.510s][info][gc,start       ] GC(500) Pause Full (Ergonomics)
[132.510s][info][gc,phases,start] GC(500) Marking Phase
[132.535s][info][gc,phases      ] GC(500) Marking Phase 24.445ms
[132.535s][info][gc,phases,start] GC(500) Summary Phase
[132.535s][info][gc,phases      ] GC(500) Summary Phase 0.026ms
[132.535s][info][gc,phases,start] GC(500) Adjust Roots
[132.536s][info][gc,phases      ] GC(500) Adjust Roots 1.619ms
[132.536s][info][gc,phases,start] GC(500) Compaction Phase
[132.543s][info][gc,phases      ] GC(500) Compaction Phase 6.602ms
[132.543s][info][gc,phases,start] GC(500) Post Compact
[132.547s][info][gc,phases      ] GC(500) Post Compact 3.856ms
[132.547s][info][gc,heap        ] GC(500) PSYoungGen: 116736K(232960K)->100658K(232960K) Eden: 116736K(116736K)->100658K(116736K) From: 0K(116224K)->0K(116224K)
[132.547s][info][gc,heap        ] GC(500) ParOldGen: 696794K(699392K)->696794K(699392K)
[132.547s][info][gc,metaspace   ] GC(500) Metaspace: 114447K(126656K)->114447K(126656K) NonClass: 97783K(105344K)->97783K(105344K) Class: 16664K(21312K)->16664K(21312K)
[132.547s][info][gc             ] GC(500) Pause Full (Ergonomics) 794M->778M(910M) 36.811ms
[132.547s][info][gc,cpu         ] GC(500) User=0.41s Sys=0.00s Real=0.03s
[132.549s][info][gc,start       ] GC(501) Pause Full (Ergonomics)
[132.550s][info][gc,phases,start] GC(501) Marking Phase
[132.571s][info][gc,phases      ] GC(501) Marking Phase 21.627ms
[132.571s][info][gc,phases,start] GC(501) Summary Phase
[132.571s][info][gc,phases      ] GC(501) Summary Phase 0.028ms
[132.571s][info][gc,phases,start] GC(501) Adjust Roots
[132.573s][info][gc,phases      ] GC(501) Adjust Roots 1.670ms
[132.573s][info][gc,phases,start] GC(501) Compaction Phase
[132.585s][info][gc,phases      ] GC(501) Compaction Phase 11.673ms
[132.585s][info][gc,phases,start] GC(501) Post Compact
[132.589s][info][gc,phases      ] GC(501) Post Compact 4.079ms
[132.589s][info][gc,heap        ] GC(501) PSYoungGen: 116736K(232960K)->106995K(232960K) Eden: 116736K(116736K)->106995K(116736K) From: 0K(116224K)->0K(116224K)
[132.589s][info][gc,heap        ] GC(501) ParOldGen: 696794K(699392K)->696794K(699392K)
[132.589s][info][gc,metaspace   ] GC(501) Metaspace: 114450K(126656K)->114450K(126656K) NonClass: 97785K(105344K)->97785K(105344K) Class: 16665K(21312K)->16665K(21312K)
[132.589s][info][gc             ] GC(501) Pause Full (Ergonomics) 794M->784M(910M) 39.367ms
[132.589s][info][gc,cpu         ] GC(501) User=0.38s Sys=0.00s Real=0.04s
[132.591s][info][gc,start       ] GC(502) Pause Full (Ergonomics)
[132.591s][info][gc,phases,start] GC(502) Marking Phase
[132.613s][info][gc,phases      ] GC(502) Marking Phase 22.535ms
[132.613s][info][gc,phases,start] GC(502) Summary Phase
[132.613s][info][gc,phases      ] GC(502) Summary Phase 0.028ms
[132.613s][info][gc,phases,start] GC(502) Adjust Roots
[132.615s][info][gc,phases      ] GC(502) Adjust Roots 1.707ms
[132.615s][info][gc,phases,start] GC(502) Compaction Phase
[132.622s][info][gc,phases      ] GC(502) Compaction Phase 6.608ms
[132.622s][info][gc,phases,start] GC(502) Post Compact
[132.626s][info][gc,phases      ] GC(502) Post Compact 3.794ms
[132.626s][info][gc,heap        ] GC(502) PSYoungGen: 116736K(232960K)->107042K(232960K) Eden: 116736K(116736K)->107042K(116736K) From: 0K(116224K)->0K(116224K)
[132.626s][info][gc,heap        ] GC(502) ParOldGen: 696794K(699392K)->696794K(699392K)
[132.626s][info][gc,metaspace   ] GC(502) Metaspace: 114450K(126656K)->114450K(126656K) NonClass: 97785K(105344K)->97785K(105344K) Class: 16665K(21312K)->16665K(21312K)
[132.626s][info][gc             ] GC(502) Pause Full (Ergonomics) 794M->784M(910M) 34.925ms
[132.626s][info][gc,cpu         ] GC(502) User=0.38s Sys=0.00s Real=0.03s
[132.628s][info][gc,start       ] GC(503) Pause Full (Ergonomics)
[132.628s][info][gc,phases,start] GC(503) Marking Phase
[132.650s][info][gc,phases      ] GC(503) Marking Phase 22.574ms
[132.650s][info][gc,phases,start] GC(503) Summary Phase
[132.650s][info][gc,phases      ] GC(503) Summary Phase 0.027ms
[132.650s][info][gc,phases,start] GC(503) Adjust Roots
[132.652s][info][gc,phases      ] GC(503) Adjust Roots 1.633ms
[132.652s][info][gc,phases,start] GC(503) Compaction Phase
[132.661s][info][gc,phases      ] GC(503) Compaction Phase 9.271ms
[132.661s][info][gc,phases,start] GC(503) Post Compact
[132.665s][info][gc,phases      ] GC(503) Post Compact 4.056ms
[132.665s][info][gc,heap        ] GC(503) PSYoungGen: 116736K(232960K)->106993K(232960K) Eden: 116736K(116736K)->106993K(116736K) From: 0K(116224K)->0K(116224K)
[132.665s][info][gc,heap        ] GC(503) ParOldGen: 696794K(699392K)->693669K(699392K)
[132.665s][info][gc,metaspace   ] GC(503) Metaspace: 114458K(126656K)->114458K(126656K) NonClass: 97790K(105344K)->97790K(105344K) Class: 16667K(21312K)->16667K(21312K)
[132.666s][info][gc             ] GC(503) Pause Full (Ergonomics) 794M->781M(910M) 37.842ms
[132.666s][info][gc,cpu         ] GC(503) User=0.61s Sys=0.00s Real=0.03s
[132.667s][info][gc,start       ] GC(504) Pause Full (Ergonomics)
[132.667s][info][gc,phases,start] GC(504) Marking Phase
[132.693s][info][gc,phases      ] GC(504) Marking Phase 25.501ms
[132.693s][info][gc,phases,start] GC(504) Summary Phase
[132.693s][info][gc,phases      ] GC(504) Summary Phase 0.025ms
[132.693s][info][gc,phases,start] GC(504) Adjust Roots
[132.694s][info][gc,phases      ] GC(504) Adjust Roots 1.613ms
[132.694s][info][gc,phases,start] GC(504) Compaction Phase
[132.701s][info][gc,phases      ] GC(504) Compaction Phase 6.583ms
[132.701s][info][gc,phases,start] GC(504) Post Compact
[132.705s][info][gc,phases      ] GC(504) Post Compact 3.679ms
[132.705s][info][gc,heap        ] GC(504) PSYoungGen: 116736K(232960K)->113215K(232960K) Eden: 116736K(116736K)->113215K(116736K) From: 0K(116224K)->0K(116224K)
[132.705s][info][gc,heap        ] GC(504) ParOldGen: 693669K(699392K)->693669K(699392K)
[132.705s][info][gc,metaspace   ] GC(504) Metaspace: 114458K(126656K)->114458K(126656K) NonClass: 97790K(105344K)->97790K(105344K) Class: 16667K(21312K)->16667K(21312K)
[132.705s][info][gc             ] GC(504) Pause Full (Ergonomics) 791M->787M(910M) 37.684ms
[132.705s][info][gc,cpu         ] GC(504) User=0.67s Sys=0.00s Real=0.05s
[132.706s][info][gc,start       ] GC(505) Pause Full (Ergonomics)
[132.706s][info][gc,phases,start] GC(505) Marking Phase
[132.729s][info][gc,phases      ] GC(505) Marking Phase 22.539ms
[132.729s][info][gc,phases,start] GC(505) Summary Phase
[132.729s][info][gc,phases      ] GC(505) Summary Phase 0.024ms
[132.729s][info][gc,phases,start] GC(505) Adjust Roots
[132.730s][info][gc,phases      ] GC(505) Adjust Roots 1.597ms
[132.730s][info][gc,phases,start] GC(505) Compaction Phase
[132.737s][info][gc,phases      ] GC(505) Compaction Phase 6.953ms
[132.737s][info][gc,phases,start] GC(505) Post Compact
[132.741s][info][gc,phases      ] GC(505) Post Compact 3.847ms
[132.741s][info][gc,heap        ] GC(505) PSYoungGen: 116735K(232960K)->113195K(232960K) Eden: 116735K(116736K)->113195K(116736K) From: 0K(116224K)->0K(116224K)
[132.741s][info][gc,heap        ] GC(505) ParOldGen: 693669K(699392K)->693669K(699392K)
[132.741s][info][gc,metaspace   ] GC(505) Metaspace: 114466K(126656K)->114466K(126656K) NonClass: 97795K(105344K)->97795K(105344K) Class: 16670K(21312K)->16670K(21312K)
[132.741s][info][gc             ] GC(505) Pause Full (Ergonomics) 791M->787M(910M) 35.231ms
[132.741s][info][gc,cpu         ] GC(505) User=0.36s Sys=0.00s Real=0.03s
[132.743s][info][gc,start       ] GC(506) Pause Full (Ergonomics)
[132.743s][info][gc,phases,start] GC(506) Marking Phase
[132.768s][info][gc,phases      ] GC(506) Marking Phase 25.318ms
[132.768s][info][gc,phases,start] GC(506) Summary Phase
[132.768s][info][gc,phases      ] GC(506) Summary Phase 0.026ms
[132.768s][info][gc,phases,start] GC(506) Adjust Roots
[132.770s][info][gc,phases      ] GC(506) Adjust Roots 1.942ms
[132.770s][info][gc,phases,start] GC(506) Compaction Phase
[132.817s][info][gc,phases      ] GC(506) Compaction Phase 47.131ms
[132.817s][info][gc,phases,start] GC(506) Post Compact
[132.821s][info][gc,phases      ] GC(506) Post Compact 3.993ms
[132.821s][info][gc,heap        ] GC(506) PSYoungGen: 116736K(232960K)->106885K(232960K) Eden: 116736K(116736K)->106885K(116736K) From: 0K(116224K)->0K(116224K)
[132.821s][info][gc,heap        ] GC(506) ParOldGen: 693669K(699392K)->696846K(699392K)
[132.821s][info][gc,metaspace   ] GC(506) Metaspace: 114467K(126656K)->114467K(126656K) NonClass: 97796K(105344K)->97796K(105344K) Class: 16670K(21312K)->16670K(21312K)
[132.821s][info][gc             ] GC(506) Pause Full (Ergonomics) 791M->784M(910M) 78.666ms
[132.821s][info][gc,cpu         ] GC(506) User=1.33s Sys=0.00s Real=0.08s
[132.823s][info][gc,start       ] GC(507) Pause Full (Ergonomics)
[132.823s][info][gc,phases,start] GC(507) Marking Phase
[132.843s][info][gc,phases      ] GC(507) Marking Phase 20.558ms
[132.843s][info][gc,phases,start] GC(507) Summary Phase
[132.843s][info][gc,phases      ] GC(507) Summary Phase 0.027ms
[132.843s][info][gc,phases,start] GC(507) Adjust Roots
[132.845s][info][gc,phases      ] GC(507) Adjust Roots 1.627ms
[132.845s][info][gc,phases,start] GC(507) Compaction Phase
[132.853s][info][gc,phases      ] GC(507) Compaction Phase 7.746ms
[132.853s][info][gc,phases,start] GC(507) Post Compact
[132.856s][info][gc,phases      ] GC(507) Post Compact 3.681ms
[132.856s][info][gc,heap        ] GC(507) PSYoungGen: 111179K(232960K)->106895K(232960K) Eden: 111179K(116736K)->106895K(116736K) From: 0K(116224K)->0K(116224K)
[132.856s][info][gc,heap        ] GC(507) ParOldGen: 696846K(699392K)->696846K(699392K)
[132.856s][info][gc,metaspace   ] GC(507) Metaspace: 114471K(126656K)->114471K(126656K) NonClass: 97799K(105344K)->97799K(105344K) Class: 16672K(21312K)->16672K(21312K)
[132.856s][info][gc             ] GC(507) Pause Full (Ergonomics) 789M->784M(910M) 33.863ms
[132.856s][info][gc,cpu         ] GC(507) User=0.34s Sys=0.00s Real=0.03s
[132.859s][info][gc,start       ] GC(508) Pause Full (Ergonomics)
[132.859s][info][gc,phases,start] GC(508) Marking Phase
[132.881s][info][gc,phases      ] GC(508) Marking Phase 22.184ms
[132.881s][info][gc,phases,start] GC(508) Summary Phase
[132.881s][info][gc,phases      ] GC(508) Summary Phase 0.025ms
[132.881s][info][gc,phases,start] GC(508) Adjust Roots
[132.882s][info][gc,phases      ] GC(508) Adjust Roots 1.651ms
[132.882s][info][gc,phases,start] GC(508) Compaction Phase
[132.890s][info][gc,phases      ] GC(508) Compaction Phase 7.075ms
[132.890s][info][gc,phases,start] GC(508) Post Compact
[132.894s][info][gc,phases      ] GC(508) Post Compact 3.927ms
[132.894s][info][gc,heap        ] GC(508) PSYoungGen: 116736K(232960K)->113128K(232960K) Eden: 116736K(116736K)->113128K(116736K) From: 0K(116224K)->0K(116224K)
[132.894s][info][gc,heap        ] GC(508) ParOldGen: 696846K(699392K)->696846K(699392K)
[132.894s][info][gc,metaspace   ] GC(508) Metaspace: 114472K(126656K)->114472K(126656K) NonClass: 97799K(105344K)->97799K(105344K) Class: 16672K(21312K)->16672K(21312K)
[132.894s][info][gc             ] GC(508) Pause Full (Ergonomics) 794M->790M(910M) 35.129ms
[132.894s][info][gc,cpu         ] GC(508) User=0.38s Sys=0.00s Real=0.03s
[132.895s][info][gc,start       ] GC(509) Pause Full (Ergonomics)
[132.895s][info][gc,phases,start] GC(509) Marking Phase
[132.918s][info][gc,phases      ] GC(509) Marking Phase 22.892ms
[132.918s][info][gc,phases,start] GC(509) Summary Phase
[132.918s][info][gc,phases      ] GC(509) Summary Phase 0.027ms
[132.918s][info][gc,phases,start] GC(509) Adjust Roots
[132.920s][info][gc,phases      ] GC(509) Adjust Roots 1.649ms
[132.920s][info][gc,phases,start] GC(509) Compaction Phase
[132.930s][info][gc,phases      ] GC(509) Compaction Phase 10.167ms
[132.930s][info][gc,phases,start] GC(509) Post Compact
[132.934s][info][gc,phases      ] GC(509) Post Compact 3.991ms
[132.934s][info][gc,heap        ] GC(509) PSYoungGen: 116735K(232960K)->113248K(232960K) Eden: 116735K(116736K)->113248K(116736K) From: 0K(116224K)->0K(116224K)
[132.934s][info][gc,heap        ] GC(509) ParOldGen: 696846K(699392K)->693721K(699392K)
[132.934s][info][gc,metaspace   ] GC(509) Metaspace: 114478K(126656K)->114478K(126656K) NonClass: 97804K(105344K)->97804K(105344K) Class: 16674K(21312K)->16674K(21312K)
[132.934s][info][gc             ] GC(509) Pause Full (Ergonomics) 794M->788M(910M) 38.968ms
[132.934s][info][gc,cpu         ] GC(509) User=0.53s Sys=0.03s Real=0.03s
[132.935s][info][gc,start       ] GC(510) Pause Full (Ergonomics)
[132.935s][info][gc,phases,start] GC(510) Marking Phase
[132.959s][info][gc,phases      ] GC(510) Marking Phase 23.413ms
[132.959s][info][gc,phases,start] GC(510) Summary Phase
[132.959s][info][gc,phases      ] GC(510) Summary Phase 0.025ms
[132.959s][info][gc,phases,start] GC(510) Adjust Roots
[132.961s][info][gc,phases      ] GC(510) Adjust Roots 1.653ms
[132.961s][info][gc,phases,start] GC(510) Compaction Phase
[132.976s][info][gc,phases      ] GC(510) Compaction Phase 15.218ms
[132.976s][info][gc,phases,start] GC(510) Post Compact
[132.980s][info][gc,phases      ] GC(510) Post Compact 4.445ms
[132.980s][info][gc,heap        ] GC(510) PSYoungGen: 116735K(232960K)->113202K(232960K) Eden: 116735K(116736K)->113202K(116736K) From: 0K(116224K)->0K(116224K)
[132.980s][info][gc,heap        ] GC(510) ParOldGen: 693721K(699392K)->693721K(699392K)
[132.980s][info][gc,metaspace   ] GC(510) Metaspace: 114479K(126656K)->114479K(126656K) NonClass: 97804K(105344K)->97804K(105344K) Class: 16675K(21312K)->16675K(21312K)
[132.980s][info][gc             ] GC(510) Pause Full (Ergonomics) 791M->788M(910M) 45.058ms
[132.981s][info][gc,cpu         ] GC(510) User=0.67s Sys=0.00s Real=0.05s
[132.982s][info][gc,start       ] GC(511) Pause Full (Ergonomics)
[132.982s][info][gc,phases,start] GC(511) Marking Phase
[133.003s][info][gc,phases      ] GC(511) Marking Phase 21.016ms
[133.003s][info][gc,phases,start] GC(511) Summary Phase
[133.003s][info][gc,phases      ] GC(511) Summary Phase 0.028ms
[133.003s][info][gc,phases,start] GC(511) Adjust Roots
[133.004s][info][gc,phases      ] GC(511) Adjust Roots 1.660ms
[133.005s][info][gc,phases,start] GC(511) Compaction Phase
[133.012s][info][gc,phases      ] GC(511) Compaction Phase 7.780ms
[133.012s][info][gc,phases,start] GC(511) Post Compact
[133.016s][info][gc,phases      ] GC(511) Post Compact 3.726ms
[133.016s][info][gc,heap        ] GC(511) PSYoungGen: 116735K(232960K)->113252K(232960K) Eden: 116735K(116736K)->113252K(116736K) From: 0K(116224K)->0K(116224K)
[133.016s][info][gc,heap        ] GC(511) ParOldGen: 693721K(699392K)->693721K(699392K)
[133.016s][info][gc,metaspace   ] GC(511) Metaspace: 114479K(126656K)->114479K(126656K) NonClass: 97804K(105344K)->97804K(105344K) Class: 16675K(21312K)->16675K(21312K)
[133.016s][info][gc             ] GC(511) Pause Full (Ergonomics) 791M->788M(910M) 34.465ms
[133.016s][info][gc,cpu         ] GC(511) User=0.41s Sys=0.00s Real=0.04s
[133.018s][info][gc,start       ] GC(512) Pause Full (Ergonomics)
[133.018s][info][gc,phases,start] GC(512) Marking Phase
[133.042s][info][gc,phases      ] GC(512) Marking Phase 24.133ms
[133.042s][info][gc,phases,start] GC(512) Summary Phase
[133.042s][info][gc,phases      ] GC(512) Summary Phase 0.026ms
[133.042s][info][gc,phases,start] GC(512) Adjust Roots
[133.043s][info][gc,phases      ] GC(512) Adjust Roots 1.653ms
[133.043s][info][gc,phases,start] GC(512) Compaction Phase
[133.054s][info][gc,phases      ] GC(512) Compaction Phase 10.771ms
[133.054s][info][gc,phases,start] GC(512) Post Compact
[133.058s][info][gc,phases      ] GC(512) Post Compact 3.999ms
[133.058s][info][gc,heap        ] GC(512) PSYoungGen: 116736K(232960K)->113234K(232960K) Eden: 116736K(116736K)->113234K(116736K) From: 0K(116224K)->0K(116224K)
[133.058s][info][gc,heap        ] GC(512) ParOldGen: 693721K(699392K)->693721K(699392K)
[133.058s][info][gc,metaspace   ] GC(512) Metaspace: 114479K(126656K)->114479K(126656K) NonClass: 97804K(105344K)->97804K(105344K) Class: 16675K(21312K)->16675K(21312K)
[133.058s][info][gc             ] GC(512) Pause Full (Ergonomics) 791M->788M(910M) 40.873ms
[133.058s][info][gc,cpu         ] GC(512) User=0.48s Sys=0.00s Real=0.04s
[133.060s][info][gc,start       ] GC(513) Pause Full (Ergonomics)
[133.060s][info][gc,phases,start] GC(513) Marking Phase
[133.083s][info][gc,phases      ] GC(513) Marking Phase 23.286ms
[133.083s][info][gc,phases,start] GC(513) Summary Phase
[133.083s][info][gc,phases      ] GC(513) Summary Phase 0.025ms
[133.083s][info][gc,phases,start] GC(513) Adjust Roots
[133.085s][info][gc,phases      ] GC(513) Adjust Roots 1.701ms
[133.085s][info][gc,phases,start] GC(513) Compaction Phase
[133.093s][info][gc,phases      ] GC(513) Compaction Phase 8.362ms
[133.093s][info][gc,phases,start] GC(513) Post Compact
[133.097s][info][gc,phases      ] GC(513) Post Compact 3.962ms
[133.097s][info][gc,heap        ] GC(513) PSYoungGen: 116736K(232960K)->113290K(232960K) Eden: 116736K(116736K)->113290K(116736K) From: 0K(116224K)->0K(116224K)
[133.097s][info][gc,heap        ] GC(513) ParOldGen: 693721K(699392K)->693721K(699392K)
[133.097s][info][gc,metaspace   ] GC(513) Metaspace: 114479K(126656K)->114479K(126656K) NonClass: 97804K(105344K)->97804K(105344K) Class: 16675K(21312K)->16675K(21312K)
[133.097s][info][gc             ] GC(513) Pause Full (Ergonomics) 791M->788M(910M) 37.597ms
[133.097s][info][gc,cpu         ] GC(513) User=0.66s Sys=0.00s Real=0.04s
[133.099s][info][gc,start       ] GC(514) Pause Full (Ergonomics)
[133.099s][info][gc,phases,start] GC(514) Marking Phase
[133.121s][info][gc,phases      ] GC(514) Marking Phase 21.951ms
[133.121s][info][gc,phases,start] GC(514) Summary Phase
[133.121s][info][gc,phases      ] GC(514) Summary Phase 0.033ms
[133.121s][info][gc,phases,start] GC(514) Adjust Roots
[133.123s][info][gc,phases      ] GC(514) Adjust Roots 1.717ms
[133.123s][info][gc,phases,start] GC(514) Compaction Phase
[133.131s][info][gc,phases      ] GC(514) Compaction Phase 8.655ms
[133.131s][info][gc,phases,start] GC(514) Post Compact
[133.135s][info][gc,phases      ] GC(514) Post Compact 3.781ms
[133.135s][info][gc,heap        ] GC(514) PSYoungGen: 116735K(232960K)->113270K(232960K) Eden: 116735K(116736K)->113270K(116736K) From: 0K(116224K)->0K(116224K)
[133.135s][info][gc,heap        ] GC(514) ParOldGen: 693721K(699392K)->693721K(699392K)
[133.135s][info][gc,metaspace   ] GC(514) Metaspace: 114479K(126656K)->114479K(126656K) NonClass: 97804K(105344K)->97804K(105344K) Class: 16675K(21312K)->16675K(21312K)
[133.135s][info][gc             ] GC(514) Pause Full (Ergonomics) 791M->788M(910M) 36.371ms
[133.135s][info][gc,cpu         ] GC(514) User=0.69s Sys=0.00s Real=0.04s
[133.137s][info][gc,start       ] GC(515) Pause Full (Ergonomics)
[133.137s][info][gc,phases,start] GC(515) Marking Phase
[133.162s][info][gc,phases      ] GC(515) Marking Phase 25.808ms
[133.163s][info][gc,phases,start] GC(515) Summary Phase
[133.163s][info][gc,phases      ] GC(515) Summary Phase 0.026ms
[133.163s][info][gc,phases,start] GC(515) Adjust Roots
[133.164s][info][gc,phases      ] GC(515) Adjust Roots 1.641ms
[133.164s][info][gc,phases,start] GC(515) Compaction Phase
[133.171s][info][gc,phases      ] GC(515) Compaction Phase 6.989ms
[133.171s][info][gc,phases,start] GC(515) Post Compact
[133.175s][info][gc,phases      ] GC(515) Post Compact 3.778ms
[133.175s][info][gc,heap        ] GC(515) PSYoungGen: 116735K(232960K)->113313K(232960K) Eden: 116735K(116736K)->113313K(116736K) From: 0K(116224K)->0K(116224K)
[133.175s][info][gc,heap        ] GC(515) ParOldGen: 693721K(699392K)->693721K(699392K)
[133.175s][info][gc,metaspace   ] GC(515) Metaspace: 114479K(126656K)->114479K(126656K) NonClass: 97804K(105344K)->97804K(105344K) Class: 16675K(21312K)->16675K(21312K)
[133.175s][info][gc             ] GC(515) Pause Full (Ergonomics) 791M->788M(910M) 38.492ms
[133.175s][info][gc,cpu         ] GC(515) User=0.39s Sys=0.00s Real=0.04s
[133.176s][info][gc,start       ] GC(516) Pause Full (Ergonomics)
[133.176s][info][gc,phases,start] GC(516) Marking Phase
[133.200s][info][gc,phases      ] GC(516) Marking Phase 24.196ms
[133.200s][info][gc,phases,start] GC(516) Summary Phase
[133.200s][info][gc,phases      ] GC(516) Summary Phase 0.024ms
[133.200s][info][gc,phases,start] GC(516) Adjust Roots
[133.202s][info][gc,phases      ] GC(516) Adjust Roots 1.731ms
[133.202s][info][gc,phases,start] GC(516) Compaction Phase
[133.208s][info][gc,phases      ] GC(516) Compaction Phase 6.686ms
[133.208s][info][gc,phases,start] GC(516) Post Compact
[133.212s][info][gc,phases      ] GC(516) Post Compact 3.863ms
[133.212s][info][gc,heap        ] GC(516) PSYoungGen: 113965K(232960K)->113279K(232960K) Eden: 113965K(116736K)->113279K(116736K) From: 0K(116224K)->0K(116224K)
[133.212s][info][gc,heap        ] GC(516) ParOldGen: 693721K(699392K)->693721K(699392K)
[133.212s][info][gc,metaspace   ] GC(516) Metaspace: 114479K(126656K)->114479K(126656K) NonClass: 97804K(105344K)->97804K(105344K) Class: 16675K(21312K)->16675K(21312K)
[133.212s][info][gc             ] GC(516) Pause Full (Ergonomics) 788M->788M(910M) 36.780ms
[133.212s][info][gc,cpu         ] GC(516) User=0.69s Sys=0.00s Real=0.04s
[133.213s][info][gc,start       ] GC(517) Pause Full (Allocation Failure)
[133.213s][info][gc,phases,start] GC(517) Marking Phase
[133.238s][info][gc,phases      ] GC(517) Marking Phase 25.922ms
[133.239s][info][gc,phases,start] GC(517) Summary Phase
[133.239s][info][gc,phases      ] GC(517) Summary Phase 0.024ms
[133.239s][info][gc,phases,start] GC(517) Adjust Roots
[133.240s][info][gc,phases      ] GC(517) Adjust Roots 1.607ms
[133.240s][info][gc,phases,start] GC(517) Compaction Phase
[133.249s][info][gc,phases      ] GC(517) Compaction Phase 8.389ms
[133.249s][info][gc,phases,start] GC(517) Post Compact
[133.252s][info][gc,phases      ] GC(517) Post Compact 3.792ms
[133.252s][info][gc,heap        ] GC(517) PSYoungGen: 113279K(232960K)->113243K(232960K) Eden: 113279K(116736K)->113243K(116736K) From: 0K(116224K)->0K(116224K)
[133.252s][info][gc,heap        ] GC(517) ParOldGen: 693721K(699392K)->693721K(699392K)
[133.252s][info][gc,metaspace   ] GC(517) Metaspace: 114479K(126656K)->114479K(126656K) NonClass: 97804K(105344K)->97804K(105344K) Class: 16675K(21312K)->16675K(21312K)
[133.252s][info][gc             ] GC(517) Pause Full (Allocation Failure) 788M->788M(910M) 39.954ms
[133.253s][info][gc,cpu         ] GC(517) User=0.45s Sys=0.00s Real=0.04s
[133.254s][info][gc,start       ] GC(518) Pause Full (Ergonomics)
[133.254s][info][gc,phases,start] GC(518) Marking Phase
[133.277s][info][gc,phases      ] GC(518) Marking Phase 22.737ms
[133.277s][info][gc,phases,start] GC(518) Summary Phase
[133.277s][info][gc,phases      ] GC(518) Summary Phase 0.032ms
[133.277s][info][gc,phases,start] GC(518) Adjust Roots
[133.279s][info][gc,phases      ] GC(518) Adjust Roots 1.862ms
[133.279s][info][gc,phases,start] GC(518) Compaction Phase
[133.327s][info][gc,phases      ] GC(518) Compaction Phase 47.874ms
[133.327s][info][gc,phases,start] GC(518) Post Compact
[133.331s][info][gc,phases      ] GC(518) Post Compact 3.967ms
[133.331s][info][gc,heap        ] GC(518) PSYoungGen: 116736K(232960K)->94524K(232960K) Eden: 116736K(116736K)->94524K(116736K) From: 0K(116224K)->0K(116224K)
[133.331s][info][gc,heap        ] GC(518) ParOldGen: 693728K(699392K)->696978K(699392K)
[133.331s][info][gc,metaspace   ] GC(518) Metaspace: 114479K(126656K)->114479K(126656K) NonClass: 97804K(105344K)->97804K(105344K) Class: 16675K(21312K)->16675K(21312K)
[133.331s][info][gc             ] GC(518) Pause Full (Ergonomics) 791M->772M(910M) 76.728ms
[133.331s][info][gc,cpu         ] GC(518) User=1.33s Sys=0.00s Real=0.08s
[133.337s][info][gc,start       ] GC(519) Pause Full (Ergonomics)
[133.337s][info][gc,phases,start] GC(519) Marking Phase
[133.359s][info][gc,phases      ] GC(519) Marking Phase 21.613ms
[133.359s][info][gc,phases,start] GC(519) Summary Phase
[133.359s][info][gc,phases      ] GC(519) Summary Phase 0.027ms
[133.359s][info][gc,phases,start] GC(519) Adjust Roots
[133.361s][info][gc,phases      ] GC(519) Adjust Roots 1.827ms
[133.361s][info][gc,phases,start] GC(519) Compaction Phase
[133.401s][info][gc,phases      ] GC(519) Compaction Phase 40.443ms
[133.401s][info][gc,phases,start] GC(519) Post Compact
[133.405s][info][gc,phases      ] GC(519) Post Compact 4.011ms
[133.405s][info][gc,heap        ] GC(519) PSYoungGen: 116736K(232960K)->94566K(232960K) Eden: 116736K(116736K)->94566K(116736K) From: 0K(116224K)->0K(116224K)
[133.405s][info][gc,heap        ] GC(519) ParOldGen: 696978K(699392K)->696973K(699392K)
[133.405s][info][gc,metaspace   ] GC(519) Metaspace: 114480K(126656K)->114480K(126656K) NonClass: 97805K(105344K)->97805K(105344K) Class: 16675K(21312K)->16675K(21312K)
[133.406s][info][gc             ] GC(519) Pause Full (Ergonomics) 794M->772M(910M) 68.230ms
[133.406s][info][gc,cpu         ] GC(519) User=1.31s Sys=0.00s Real=0.07s
[133.409s][info][gc,start       ] GC(520) Pause Full (Ergonomics)
[133.409s][info][gc,phases,start] GC(520) Marking Phase
[133.430s][info][gc,phases      ] GC(520) Marking Phase 21.401ms
[133.430s][info][gc,phases,start] GC(520) Summary Phase
[133.431s][info][gc,phases      ] GC(520) Summary Phase 0.030ms
[133.431s][info][gc,phases,start] GC(520) Adjust Roots
[133.432s][info][gc,phases      ] GC(520) Adjust Roots 1.944ms
[133.432s][info][gc,phases,start] GC(520) Compaction Phase
[133.474s][info][gc,phases      ] GC(520) Compaction Phase 41.369ms
[133.474s][info][gc,phases,start] GC(520) Post Compact
[133.478s][info][gc,phases      ] GC(520) Post Compact 4.015ms
[133.478s][info][gc,heap        ] GC(520) PSYoungGen: 116736K(232960K)->100857K(232960K) Eden: 116736K(116736K)->100857K(116736K) From: 0K(116224K)->0K(116224K)
[133.478s][info][gc,heap        ] GC(520) ParOldGen: 696973K(699392K)->696817K(699392K)
[133.478s][info][gc,metaspace   ] GC(520) Metaspace: 114481K(126656K)->114481K(126656K) NonClass: 97806K(105344K)->97806K(105344K) Class: 16675K(21312K)->16675K(21312K)
[133.478s][info][gc             ] GC(520) Pause Full (Ergonomics) 794M->778M(910M) 69.034ms
[133.478s][info][gc,cpu         ] GC(520) User=1.08s Sys=0.00s Real=0.07s
[133.481s][info][gc,start       ] GC(521) Pause Full (Ergonomics)
[133.481s][info][gc,phases,start] GC(521) Marking Phase
[133.503s][info][gc,phases      ] GC(521) Marking Phase 21.953ms
[133.503s][info][gc,phases,start] GC(521) Summary Phase
[133.503s][info][gc,phases      ] GC(521) Summary Phase 0.029ms
[133.503s][info][gc,phases,start] GC(521) Adjust Roots
[133.505s][info][gc,phases      ] GC(521) Adjust Roots 1.707ms
[133.505s][info][gc,phases,start] GC(521) Compaction Phase
[133.516s][info][gc,phases      ] GC(521) Compaction Phase 10.911ms
[133.516s][info][gc,phases,start] GC(521) Post Compact
[133.520s][info][gc,phases      ] GC(521) Post Compact 4.073ms
[133.520s][info][gc,heap        ] GC(521) PSYoungGen: 116736K(232960K)->100949K(232960K) Eden: 116736K(116736K)->100949K(116736K) From: 0K(116224K)->0K(116224K)
[133.520s][info][gc,heap        ] GC(521) ParOldGen: 696817K(699392K)->693692K(699392K)
[133.520s][info][gc,metaspace   ] GC(521) Metaspace: 114488K(126656K)->114488K(126656K) NonClass: 97813K(105344K)->97813K(105344K) Class: 16675K(21312K)->16675K(21312K)
[133.520s][info][gc             ] GC(521) Pause Full (Ergonomics) 794M->776M(910M) 38.958ms
[133.520s][info][gc,cpu         ] GC(521) User=0.67s Sys=0.00s Real=0.04s
[133.539s][info][gc,start       ] GC(522) Pause Full (Ergonomics)
[133.539s][info][gc,phases,start] GC(522) Marking Phase
[133.570s][info][gc,phases      ] GC(522) Marking Phase 31.058ms
[133.570s][info][gc,phases,start] GC(522) Summary Phase
[133.570s][info][gc,phases      ] GC(522) Summary Phase 0.026ms
[133.570s][info][gc,phases,start] GC(522) Adjust Roots
[133.572s][info][gc,phases      ] GC(522) Adjust Roots 1.732ms
[133.572s][info][gc,phases,start] GC(522) Compaction Phase
[133.579s][info][gc,phases      ] GC(522) Compaction Phase 6.816ms
[133.579s][info][gc,phases,start] GC(522) Post Compact
[133.583s][info][gc,phases      ] GC(522) Post Compact 3.882ms
[133.583s][info][gc,heap        ] GC(522) PSYoungGen: 116736K(232960K)->107232K(232960K) Eden: 116736K(116736K)->107232K(116736K) From: 0K(116224K)->0K(116224K)
[133.583s][info][gc,heap        ] GC(522) ParOldGen: 693692K(699392K)->693692K(699392K)
[133.583s][info][gc,metaspace   ] GC(522) Metaspace: 114489K(126656K)->114489K(126656K) NonClass: 97814K(105344K)->97814K(105344K) Class: 16675K(21312K)->16675K(21312K)
[133.583s][info][gc             ] GC(522) Pause Full (Ergonomics) 791M->782M(910M) 43.780ms
[133.583s][info][gc,cpu         ] GC(522) User=0.34s Sys=0.00s Real=0.03s
[133.585s][info][gc,start       ] GC(523) Pause Full (Ergonomics)
[133.585s][info][gc,phases,start] GC(523) Marking Phase
[133.611s][info][gc,phases      ] GC(523) Marking Phase 25.944ms
[133.611s][info][gc,phases,start] GC(523) Summary Phase
[133.611s][info][gc,phases      ] GC(523) Summary Phase 0.024ms
[133.611s][info][gc,phases,start] GC(523) Adjust Roots
[133.612s][info][gc,phases      ] GC(523) Adjust Roots 1.692ms
[133.612s][info][gc,phases,start] GC(523) Compaction Phase
[133.626s][info][gc,phases      ] GC(523) Compaction Phase 13.686ms
[133.626s][info][gc,phases,start] GC(523) Post Compact
[133.630s][info][gc,phases      ] GC(523) Post Compact 4.237ms
[133.630s][info][gc,heap        ] GC(523) PSYoungGen: 116735K(232960K)->101012K(232960K) Eden: 116735K(116736K)->101012K(116736K) From: 0K(116224K)->0K(116224K)
[133.630s][info][gc,heap        ] GC(523) ParOldGen: 693692K(699392K)->696817K(699392K)
[133.630s][info][gc,metaspace   ] GC(523) Metaspace: 114489K(126656K)->114489K(126656K) NonClass: 97814K(105344K)->97814K(105344K) Class: 16675K(21312K)->16675K(21312K)
[133.630s][info][gc             ] GC(523) Pause Full (Ergonomics) 791M->779M(910M) 45.862ms
[133.630s][info][gc,cpu         ] GC(523) User=0.67s Sys=0.00s Real=0.05s
[133.633s][info][gc,start       ] GC(524) Pause Full (Ergonomics)
[133.633s][info][gc,phases,start] GC(524) Marking Phase
[133.656s][info][gc,phases      ] GC(524) Marking Phase 22.653ms
[133.656s][info][gc,phases,start] GC(524) Summary Phase
[133.656s][info][gc,phases      ] GC(524) Summary Phase 0.028ms
[133.656s][info][gc,phases,start] GC(524) Adjust Roots
[133.658s][info][gc,phases      ] GC(524) Adjust Roots 1.711ms
[133.658s][info][gc,phases,start] GC(524) Compaction Phase
[133.665s][info][gc,phases      ] GC(524) Compaction Phase 7.181ms
[133.722s][info][gc,phases,start] GC(524) Post Compact
[133.727s][info][gc,phases      ] GC(524) Post Compact 5.357ms
[133.727s][info][gc,heap        ] GC(524) PSYoungGen: 116735K(232960K)->107283K(232960K) Eden: 116735K(116736K)->107283K(116736K) From: 0K(116224K)->0K(116224K)
[133.727s][info][gc,heap        ] GC(524) ParOldGen: 696817K(699392K)->696817K(699392K)
[133.727s][info][gc,metaspace   ] GC(524) Metaspace: 114489K(126656K)->114489K(126656K) NonClass: 97814K(105344K)->97814K(105344K) Class: 16675K(21312K)->16675K(21312K)
[133.727s][info][gc             ] GC(524) Pause Full (Ergonomics) 794M->785M(910M) 94.292ms
[133.727s][info][gc,cpu         ] GC(524) User=0.41s Sys=0.00s Real=0.09s
[133.730s][info][gc,start       ] GC(525) Pause Full (Ergonomics)
[133.730s][info][gc,phases,start] GC(525) Marking Phase
[133.764s][info][gc,phases      ] GC(525) Marking Phase 34.305ms
[133.764s][info][gc,phases,start] GC(525) Summary Phase
[133.764s][info][gc,phases      ] GC(525) Summary Phase 0.027ms
[133.764s][info][gc,phases,start] GC(525) Adjust Roots
[133.766s][info][gc,phases      ] GC(525) Adjust Roots 1.753ms
[133.766s][info][gc,phases,start] GC(525) Compaction Phase
[133.776s][info][gc,phases      ] GC(525) Compaction Phase 10.096ms
[133.776s][info][gc,phases,start] GC(525) Post Compact
[133.780s][info][gc,phases      ] GC(525) Post Compact 4.133ms
[133.780s][info][gc,heap        ] GC(525) PSYoungGen: 114544K(232960K)->107367K(232960K) Eden: 114544K(116736K)->107367K(116736K) From: 0K(116224K)->0K(116224K)
[133.780s][info][gc,heap        ] GC(525) ParOldGen: 696817K(699392K)->693691K(699392K)
[133.780s][info][gc,metaspace   ] GC(525) Metaspace: 114489K(126656K)->114489K(126656K) NonClass: 97814K(105344K)->97814K(105344K) Class: 16675K(21312K)->16675K(21312K)
[133.780s][info][gc             ] GC(525) Pause Full (Ergonomics) 792M->782M(910M) 50.619ms
[133.780s][info][gc,cpu         ] GC(525) User=0.98s Sys=0.00s Real=0.05s
[133.782s][info][gc,start       ] GC(526) Pause Full (Ergonomics)
[133.782s][info][gc,phases,start] GC(526) Marking Phase
[133.809s][info][gc,phases      ] GC(526) Marking Phase 27.393ms
[133.809s][info][gc,phases,start] GC(526) Summary Phase
[133.809s][info][gc,phases      ] GC(526) Summary Phase 0.026ms
[133.809s][info][gc,phases,start] GC(526) Adjust Roots
[133.811s][info][gc,phases      ] GC(526) Adjust Roots 1.750ms
[133.811s][info][gc,phases,start] GC(526) Compaction Phase
[133.818s][info][gc,phases      ] GC(526) Compaction Phase 6.612ms
[133.818s][info][gc,phases,start] GC(526) Post Compact
[133.821s][info][gc,phases      ] GC(526) Post Compact 3.862ms
[133.822s][info][gc,heap        ] GC(526) PSYoungGen: 114480K(232960K)->113520K(232960K) Eden: 114480K(116736K)->113520K(116736K) From: 0K(116224K)->0K(116224K)
[133.822s][info][gc,heap        ] GC(526) ParOldGen: 693691K(699392K)->693691K(699392K)
[133.822s][info][gc,metaspace   ] GC(526) Metaspace: 114489K(126656K)->114489K(126656K) NonClass: 97814K(105344K)->97814K(105344K) Class: 16675K(21312K)->16675K(21312K)
[133.822s][info][gc             ] GC(526) Pause Full (Ergonomics) 789M->788M(910M) 39.924ms
[133.822s][info][gc,cpu         ] GC(526) User=0.45s Sys=0.00s Real=0.03s
[133.822s][info][gc,start       ] GC(527) Pause Full (Allocation Failure)
[133.822s][info][gc,phases,start] GC(527) Marking Phase
[133.847s][info][gc,phases      ] GC(527) Marking Phase 25.384ms
[133.847s][info][gc,phases,start] GC(527) Summary Phase
[133.847s][info][gc,phases      ] GC(527) Summary Phase 0.027ms
[133.847s][info][gc,phases,start] GC(527) Adjust Roots
[133.849s][info][gc,phases      ] GC(527) Adjust Roots 1.663ms
[133.849s][info][gc,phases,start] GC(527) Compaction Phase
[133.856s][info][gc,phases      ] GC(527) Compaction Phase 7.114ms
[133.856s][info][gc,phases,start] GC(527) Post Compact
[133.860s][info][gc,phases      ] GC(527) Post Compact 3.784ms
[133.860s][info][gc,heap        ] GC(527) PSYoungGen: 113520K(232960K)->113492K(232960K) Eden: 113520K(116736K)->113492K(116736K) From: 0K(116224K)->0K(116224K)
[133.860s][info][gc,heap        ] GC(527) ParOldGen: 693691K(699392K)->693691K(699392K)
[133.860s][info][gc,metaspace   ] GC(527) Metaspace: 114489K(126656K)->114489K(126656K) NonClass: 97814K(105344K)->97814K(105344K) Class: 16675K(21312K)->16675K(21312K)
[133.860s][info][gc             ] GC(527) Pause Full (Allocation Failure) 788M->788M(910M) 38.236ms
[133.860s][info][gc,cpu         ] GC(527) User=0.36s Sys=0.02s Real=0.03s
[133.862s][info][gc,start       ] GC(528) Pause Full (Ergonomics)
[133.862s][info][gc,phases,start] GC(528) Marking Phase
[133.885s][info][gc,phases      ] GC(528) Marking Phase 22.826ms
[133.885s][info][gc,phases,start] GC(528) Summary Phase
[133.885s][info][gc,phases      ] GC(528) Summary Phase 0.025ms
[133.885s][info][gc,phases,start] GC(528) Adjust Roots
[133.886s][info][gc,phases      ] GC(528) Adjust Roots 1.757ms
[133.886s][info][gc,phases,start] GC(528) Compaction Phase
[133.936s][info][gc,phases      ] GC(528) Compaction Phase 49.070ms
[133.936s][info][gc,phases,start] GC(528) Post Compact
[133.940s][info][gc,phases      ] GC(528) Post Compact 3.997ms
[133.940s][info][gc,heap        ] GC(528) PSYoungGen: 116736K(232960K)->94778K(232960K) Eden: 116736K(116736K)->94778K(116736K) From: 0K(116224K)->0K(116224K)
[133.940s][info][gc,heap        ] GC(528) ParOldGen: 693700K(699392K)->696957K(699392K)
[133.940s][info][gc,metaspace   ] GC(528) Metaspace: 114490K(126656K)->114490K(126656K) NonClass: 97815K(105344K)->97815K(105344K) Class: 16675K(21312K)->16675K(21312K)
[133.940s][info][gc             ] GC(528) Pause Full (Ergonomics) 791M->773M(910M) 77.912ms
[133.940s][info][gc,cpu         ] GC(528) User=1.30s Sys=0.00s Real=0.08s
[133.954s][info][gc,start       ] GC(529) Pause Full (Ergonomics)
[133.954s][info][gc,phases,start] GC(529) Marking Phase
[133.983s][info][gc,phases      ] GC(529) Marking Phase 28.270ms
[133.983s][info][gc,phases,start] GC(529) Summary Phase
[133.983s][info][gc,phases      ] GC(529) Summary Phase 0.029ms
[133.983s][info][gc,phases,start] GC(529) Adjust Roots
[133.985s][info][gc,phases      ] GC(529) Adjust Roots 1.807ms
[133.985s][info][gc,phases,start] GC(529) Compaction Phase
[134.029s][info][gc,phases      ] GC(529) Compaction Phase 44.255ms
[134.029s][info][gc,phases,start] GC(529) Post Compact
[134.034s][info][gc,phases      ] GC(529) Post Compact 5.160ms
[134.034s][info][gc,heap        ] GC(529) PSYoungGen: 116736K(232960K)->101174K(232960K) Eden: 116736K(116736K)->101174K(116736K) From: 0K(116224K)->0K(116224K)
[134.034s][info][gc,heap        ] GC(529) ParOldGen: 696957K(699392K)->693827K(699392K)
[134.034s][info][gc,metaspace   ] GC(529) Metaspace: 114491K(126656K)->114491K(126656K) NonClass: 97816K(105344K)->97816K(105344K) Class: 16675K(21312K)->16675K(21312K)
[134.034s][info][gc             ] GC(529) Pause Full (Ergonomics) 794M->776M(910M) 79.943ms
[134.034s][info][gc,cpu         ] GC(529) User=1.33s Sys=0.00s Real=0.08s
[134.037s][info][gc,start       ] GC(530) Pause Full (Ergonomics)
[134.037s][info][gc,phases,start] GC(530) Marking Phase
[134.061s][info][gc,phases      ] GC(530) Marking Phase 23.694ms
[134.061s][info][gc,phases,start] GC(530) Summary Phase
[134.061s][info][gc,phases      ] GC(530) Summary Phase 0.029ms
[134.061s][info][gc,phases,start] GC(530) Adjust Roots
[134.063s][info][gc,phases      ] GC(530) Adjust Roots 1.698ms
[134.063s][info][gc,phases,start] GC(530) Compaction Phase
[134.076s][info][gc,phases      ] GC(530) Compaction Phase 12.750ms
[134.076s][info][gc,phases,start] GC(530) Post Compact
[134.080s][info][gc,phases      ] GC(530) Post Compact 3.983ms
[134.080s][info][gc,heap        ] GC(530) PSYoungGen: 116736K(232960K)->95012K(232960K) Eden: 116736K(116736K)->95012K(116736K) From: 0K(116224K)->0K(116224K)
[134.080s][info][gc,heap        ] GC(530) ParOldGen: 693827K(699392K)->696951K(699392K)
[134.080s][info][gc,metaspace   ] GC(530) Metaspace: 114491K(126656K)->114491K(126656K) NonClass: 97816K(105344K)->97816K(105344K) Class: 16675K(21312K)->16675K(21312K)
[134.080s][info][gc             ] GC(530) Pause Full (Ergonomics) 791M->773M(910M) 42.393ms
[134.080s][info][gc,cpu         ] GC(530) User=0.66s Sys=0.00s Real=0.03s
[134.083s][info][gc,start       ] GC(531) Pause Full (Ergonomics)
[134.083s][info][gc,phases,start] GC(531) Marking Phase
[134.109s][info][gc,phases      ] GC(531) Marking Phase 25.788ms
[134.109s][info][gc,phases,start] GC(531) Summary Phase
[134.109s][info][gc,phases      ] GC(531) Summary Phase 0.030ms
[134.109s][info][gc,phases,start] GC(531) Adjust Roots
[134.111s][info][gc,phases      ] GC(531) Adjust Roots 1.911ms
[134.111s][info][gc,phases,start] GC(531) Compaction Phase
[134.155s][info][gc,phases      ] GC(531) Compaction Phase 44.507ms
[134.155s][info][gc,phases,start] GC(531) Post Compact
[134.160s][info][gc,phases      ] GC(531) Post Compact 4.872ms
[134.160s][info][gc,heap        ] GC(531) PSYoungGen: 116736K(232960K)->101260K(232960K) Eden: 116736K(116736K)->101260K(116736K) From: 0K(116224K)->0K(116224K)
[134.160s][info][gc,heap        ] GC(531) ParOldGen: 696951K(699392K)->696950K(699392K)
[134.160s][info][gc,metaspace   ] GC(531) Metaspace: 114501K(126720K)->114501K(126720K) NonClass: 97826K(105408K)->97826K(105408K) Class: 16675K(21312K)->16675K(21312K)
[134.161s][info][gc             ] GC(531) Pause Full (Ergonomics) 794M->779M(910M) 77.470ms
[134.161s][info][gc,cpu         ] GC(531) User=1.27s Sys=0.03s Real=0.08s
[134.164s][info][gc,start       ] GC(532) Pause Full (Ergonomics)
[134.164s][info][gc,phases,start] GC(532) Marking Phase
[134.191s][info][gc,phases      ] GC(532) Marking Phase 26.620ms
[134.191s][info][gc,phases,start] GC(532) Summary Phase
[134.191s][info][gc,phases      ] GC(532) Summary Phase 0.029ms
[134.191s][info][gc,phases,start] GC(532) Adjust Roots
[134.193s][info][gc,phases      ] GC(532) Adjust Roots 2.115ms
[134.193s][info][gc,phases,start] GC(532) Compaction Phase
[134.241s][info][gc,phases      ] GC(532) Compaction Phase 47.474ms
[134.241s][info][gc,phases,start] GC(532) Post Compact
[134.245s][info][gc,phases      ] GC(532) Post Compact 3.984ms
[134.245s][info][gc,heap        ] GC(532) PSYoungGen: 116735K(232960K)->101304K(232960K) Eden: 116735K(116736K)->101304K(116736K) From: 0K(116224K)->0K(116224K)
[134.245s][info][gc,heap        ] GC(532) ParOldGen: 696950K(699392K)->693667K(699392K)
[134.245s][info][gc,metaspace   ] GC(532) Metaspace: 114521K(126720K)->114521K(126720K) NonClass: 97842K(105408K)->97842K(105408K) Class: 16678K(21312K)->16678K(21312K)
[134.245s][info][gc             ] GC(532) Pause Full (Ergonomics) 794M->776M(910M) 80.531ms
[134.245s][info][gc,cpu         ] GC(532) User=1.33s Sys=0.00s Real=0.08s
[134.248s][info][gc,start       ] GC(533) Pause Full (Ergonomics)
[134.248s][info][gc,phases,start] GC(533) Marking Phase
[134.275s][info][gc,phases      ] GC(533) Marking Phase 26.592ms
[134.275s][info][gc,phases,start] GC(533) Summary Phase
[134.275s][info][gc,phases      ] GC(533) Summary Phase 0.025ms
[134.275s][info][gc,phases,start] GC(533) Adjust Roots
[134.276s][info][gc,phases      ] GC(533) Adjust Roots 1.745ms
[134.276s][info][gc,phases,start] GC(533) Compaction Phase
[134.291s][info][gc,phases      ] GC(533) Compaction Phase 14.502ms
[134.291s][info][gc,phases,start] GC(533) Post Compact
[134.295s][info][gc,phases      ] GC(533) Post Compact 4.266ms
[134.295s][info][gc,heap        ] GC(533) PSYoungGen: 116736K(232960K)->101294K(232960K) Eden: 116736K(116736K)->101294K(116736K) From: 0K(116224K)->0K(116224K)
[134.295s][info][gc,heap        ] GC(533) ParOldGen: 693667K(699392K)->693664K(699392K)
[134.295s][info][gc,metaspace   ] GC(533) Metaspace: 114544K(126720K)->114544K(126720K) NonClass: 97864K(105408K)->97864K(105408K) Class: 16679K(21312K)->16679K(21312K)
[134.295s][info][gc             ] GC(533) Pause Full (Ergonomics) 791M->776M(910M) 47.408ms
[134.295s][info][gc,cpu         ] GC(533) User=0.38s Sys=0.00s Real=0.05s
[134.312s][info][gc,start       ] GC(534) Pause Full (Ergonomics)
[134.312s][info][gc,phases,start] GC(534) Marking Phase
[134.347s][info][gc,phases      ] GC(534) Marking Phase 34.923ms
[134.347s][info][gc,phases,start] GC(534) Summary Phase
[134.347s][info][gc,phases      ] GC(534) Summary Phase 0.026ms
[134.347s][info][gc,phases,start] GC(534) Adjust Roots
[134.348s][info][gc,phases      ] GC(534) Adjust Roots 1.787ms
[134.349s][info][gc,phases,start] GC(534) Compaction Phase
[134.362s][info][gc,phases      ] GC(534) Compaction Phase 13.490ms
[134.362s][info][gc,phases,start] GC(534) Post Compact
[134.367s][info][gc,phases      ] GC(534) Post Compact 4.418ms
[134.367s][info][gc,heap        ] GC(534) PSYoungGen: 116735K(232960K)->107553K(232960K) Eden: 116735K(116736K)->107553K(116736K) From: 0K(116224K)->0K(116224K)
[134.367s][info][gc,heap        ] GC(534) ParOldGen: 693664K(699392K)->693664K(699392K)
[134.367s][info][gc,metaspace   ] GC(534) Metaspace: 114547K(126720K)->114547K(126720K) NonClass: 97867K(105408K)->97867K(105408K) Class: 16679K(21312K)->16679K(21312K)
[134.367s][info][gc             ] GC(534) Pause Full (Ergonomics) 791M->782M(910M) 54.978ms
[134.367s][info][gc,cpu         ] GC(534) User=0.89s Sys=0.00s Real=0.05s
[134.369s][info][gc,start       ] GC(535) Pause Full (Ergonomics)
[134.369s][info][gc,phases,start] GC(535) Marking Phase
[134.400s][info][gc,phases      ] GC(535) Marking Phase 31.026ms
[134.400s][info][gc,phases,start] GC(535) Summary Phase
[134.400s][info][gc,phases      ] GC(535) Summary Phase 0.026ms
[134.400s][info][gc,phases,start] GC(535) Adjust Roots
[134.402s][info][gc,phases      ] GC(535) Adjust Roots 1.736ms
[134.402s][info][gc,phases,start] GC(535) Compaction Phase
[134.415s][info][gc,phases      ] GC(535) Compaction Phase 13.569ms
[134.415s][info][gc,phases,start] GC(535) Post Compact
[134.419s][info][gc,phases      ] GC(535) Post Compact 3.964ms
[134.419s][info][gc,heap        ] GC(535) PSYoungGen: 116735K(232960K)->101242K(232960K) Eden: 116735K(116736K)->101242K(116736K) From: 0K(116224K)->0K(116224K)
[134.419s][info][gc,heap        ] GC(535) ParOldGen: 693664K(699392K)->696795K(699392K)
[134.419s][info][gc,metaspace   ] GC(535) Metaspace: 114556K(126720K)->114556K(126720K) NonClass: 97876K(105408K)->97876K(105408K) Class: 16679K(21312K)->16679K(21312K)
[134.419s][info][gc             ] GC(535) Pause Full (Ergonomics) 791M->779M(910M) 50.556ms
[134.419s][info][gc,cpu         ] GC(535) User=0.45s Sys=0.00s Real=0.05s
[134.422s][info][gc,start       ] GC(536) Pause Full (Ergonomics)
[134.422s][info][gc,phases,start] GC(536) Marking Phase
[134.447s][info][gc,phases      ] GC(536) Marking Phase 25.162ms
[134.447s][info][gc,phases,start] GC(536) Summary Phase
[134.447s][info][gc,phases      ] GC(536) Summary Phase 0.027ms
[134.447s][info][gc,phases,start] GC(536) Adjust Roots
[134.449s][info][gc,phases      ] GC(536) Adjust Roots 1.768ms
[134.449s][info][gc,phases,start] GC(536) Compaction Phase
[134.463s][info][gc,phases      ] GC(536) Compaction Phase 13.877ms
[134.463s][info][gc,phases,start] GC(536) Post Compact
[134.468s][info][gc,phases      ] GC(536) Post Compact 4.430ms
[134.468s][info][gc,heap        ] GC(536) PSYoungGen: 116736K(232960K)->101332K(232960K) Eden: 116736K(116736K)->101332K(116736K) From: 0K(116224K)->0K(116224K)
[134.468s][info][gc,heap        ] GC(536) ParOldGen: 696795K(699392K)->696793K(699392K)
[134.468s][info][gc,metaspace   ] GC(536) Metaspace: 114567K(126720K)->114567K(126720K) NonClass: 97887K(105408K)->97887K(105408K) Class: 16680K(21312K)->16680K(21312K)
[134.468s][info][gc             ] GC(536) Pause Full (Ergonomics) 794M->779M(910M) 45.554ms
[134.468s][info][gc,cpu         ] GC(536) User=0.38s Sys=0.00s Real=0.05s
[134.471s][info][gc,start       ] GC(537) Pause Full (Ergonomics)
[134.471s][info][gc,phases,start] GC(537) Marking Phase
[134.504s][info][gc,phases      ] GC(537) Marking Phase 33.499ms
[134.504s][info][gc,phases,start] GC(537) Summary Phase
[134.504s][info][gc,phases      ] GC(537) Summary Phase 0.029ms
[134.504s][info][gc,phases,start] GC(537) Adjust Roots
[134.506s][info][gc,phases      ] GC(537) Adjust Roots 1.762ms
[134.506s][info][gc,phases,start] GC(537) Compaction Phase
[134.521s][info][gc,phases      ] GC(537) Compaction Phase 14.937ms
[134.521s][info][gc,phases,start] GC(537) Post Compact
[134.525s][info][gc,phases      ] GC(537) Post Compact 4.286ms
[134.525s][info][gc,heap        ] GC(537) PSYoungGen: 116736K(232960K)->101298K(232960K) Eden: 116736K(116736K)->101298K(116736K) From: 0K(116224K)->0K(116224K)
[134.525s][info][gc,heap        ] GC(537) ParOldGen: 696793K(699392K)->696793K(699392K)
[134.525s][info][gc,metaspace   ] GC(537) Metaspace: 114573K(126720K)->114573K(126720K) NonClass: 97893K(105408K)->97893K(105408K) Class: 16680K(21312K)->16680K(21312K)
[134.525s][info][gc             ] GC(537) Pause Full (Ergonomics) 794M->779M(910M) 54.931ms
[134.526s][info][gc,cpu         ] GC(537) User=1.03s Sys=0.00s Real=0.06s
[134.528s][info][gc,start       ] GC(538) Pause Full (Ergonomics)
[134.528s][info][gc,phases,start] GC(538) Marking Phase
[134.557s][info][gc,phases      ] GC(538) Marking Phase 29.155ms
[134.557s][info][gc,phases,start] GC(538) Summary Phase
[134.557s][info][gc,phases      ] GC(538) Summary Phase 0.026ms
[134.557s][info][gc,phases,start] GC(538) Adjust Roots
[134.560s][info][gc,phases      ] GC(538) Adjust Roots 2.280ms
[134.560s][info][gc,phases,start] GC(538) Compaction Phase
[134.604s][info][gc,phases      ] GC(538) Compaction Phase 43.943ms
[134.604s][info][gc,phases,start] GC(538) Post Compact
[134.608s][info][gc,phases      ] GC(538) Post Compact 4.009ms
[134.608s][info][gc,heap        ] GC(538) PSYoungGen: 116736K(232960K)->101273K(232960K) Eden: 116736K(116736K)->101273K(116736K) From: 0K(116224K)->0K(116224K)
[134.608s][info][gc,heap        ] GC(538) ParOldGen: 696793K(699392K)->696777K(699392K)
[134.608s][info][gc,metaspace   ] GC(538) Metaspace: 114580K(126720K)->114580K(126720K) NonClass: 97898K(105408K)->97898K(105408K) Class: 16681K(21312K)->16681K(21312K)
[134.608s][info][gc             ] GC(538) Pause Full (Ergonomics) 794M->779M(910M) 79.661ms
[134.608s][info][gc,cpu         ] GC(538) User=1.36s Sys=0.00s Real=0.06s
[134.610s][info][gc,start       ] GC(539) Pause Full (Ergonomics)
[134.610s][info][gc,phases,start] GC(539) Marking Phase
[134.632s][info][gc,phases      ] GC(539) Marking Phase 21.887ms
[134.632s][info][gc,phases,start] GC(539) Summary Phase
[134.632s][info][gc,phases      ] GC(539) Summary Phase 0.029ms
[134.632s][info][gc,phases,start] GC(539) Adjust Roots
[134.635s][info][gc,phases      ] GC(539) Adjust Roots 2.458ms
[134.635s][info][gc,phases,start] GC(539) Compaction Phase
[134.680s][info][gc,phases      ] GC(539) Compaction Phase 45.338ms
[134.680s][info][gc,phases,start] GC(539) Post Compact
[134.684s][info][gc,phases      ] GC(539) Post Compact 4.002ms
[134.684s][info][gc,heap        ] GC(539) PSYoungGen: 116736K(232960K)->101326K(232960K) Eden: 116736K(116736K)->101326K(116736K) From: 0K(116224K)->0K(116224K)
[134.684s][info][gc,heap        ] GC(539) ParOldGen: 696777K(699392K)->696771K(699392K)
[134.684s][info][gc,metaspace   ] GC(539) Metaspace: 114580K(126720K)->114580K(126720K) NonClass: 97898K(105408K)->97898K(105408K) Class: 16681K(21312K)->16681K(21312K)
[134.684s][info][gc             ] GC(539) Pause Full (Ergonomics) 794M->779M(910M) 73.977ms
[134.684s][info][gc,cpu         ] GC(539) User=1.30s Sys=0.00s Real=0.06s
[134.687s][info][gc,start       ] GC(540) Pause Full (Ergonomics)
[134.687s][info][gc,phases,start] GC(540) Marking Phase
[134.710s][info][gc,phases      ] GC(540) Marking Phase 23.242ms
[134.710s][info][gc,phases,start] GC(540) Summary Phase
[134.710s][info][gc,phases      ] GC(540) Summary Phase 0.025ms
[134.710s][info][gc,phases,start] GC(540) Adjust Roots
[134.712s][info][gc,phases      ] GC(540) Adjust Roots 1.812ms
[134.712s][info][gc,phases,start] GC(540) Compaction Phase
[134.727s][info][gc,phases      ] GC(540) Compaction Phase 15.131ms
[134.728s][info][gc,phases,start] GC(540) Post Compact
[134.732s][info][gc,phases      ] GC(540) Post Compact 3.999ms
[134.732s][info][gc,heap        ] GC(540) PSYoungGen: 116735K(232960K)->101285K(232960K) Eden: 116735K(116736K)->101285K(116736K) From: 0K(116224K)->0K(116224K)
[134.732s][info][gc,heap        ] GC(540) ParOldGen: 696771K(699392K)->696769K(699392K)
[134.732s][info][gc,metaspace   ] GC(540) Metaspace: 114595K(126720K)->114595K(126720K) NonClass: 97912K(105408K)->97912K(105408K) Class: 16683K(21312K)->16683K(21312K)
[134.732s][info][gc             ] GC(540) Pause Full (Ergonomics) 794M->779M(910M) 44.499ms
[134.732s][info][gc,cpu         ] GC(540) User=0.42s Sys=0.00s Real=0.03s
[134.734s][info][gc,start       ] GC(541) Pause Full (Ergonomics)
[134.734s][info][gc,phases,start] GC(541) Marking Phase
[134.763s][info][gc,phases      ] GC(541) Marking Phase 28.799ms
[134.763s][info][gc,phases,start] GC(541) Summary Phase
[134.763s][info][gc,phases      ] GC(541) Summary Phase 0.026ms
[134.763s][info][gc,phases,start] GC(541) Adjust Roots
[134.765s][info][gc,phases      ] GC(541) Adjust Roots 1.826ms
[134.765s][info][gc,phases,start] GC(541) Compaction Phase
[134.774s][info][gc,phases      ] GC(541) Compaction Phase 8.669ms
[134.774s][info][gc,phases,start] GC(541) Post Compact
[134.778s][info][gc,phases      ] GC(541) Post Compact 4.123ms
[134.778s][info][gc,heap        ] GC(541) PSYoungGen: 116736K(232960K)->107619K(232960K) Eden: 116736K(116736K)->107619K(116736K) From: 0K(116224K)->0K(116224K)
[134.778s][info][gc,heap        ] GC(541) ParOldGen: 696769K(699392K)->696768K(699392K)
[134.778s][info][gc,metaspace   ] GC(541) Metaspace: 114597K(126720K)->114597K(126720K) NonClass: 97913K(105408K)->97913K(105408K) Class: 16683K(21312K)->16683K(21312K)
[134.778s][info][gc             ] GC(541) Pause Full (Ergonomics) 794M->785M(910M) 43.731ms
[134.778s][info][gc,cpu         ] GC(541) User=0.36s Sys=0.00s Real=0.03s
[134.780s][info][gc,start       ] GC(542) Pause Full (Ergonomics)
[134.780s][info][gc,phases,start] GC(542) Marking Phase
[134.808s][info][gc,phases      ] GC(542) Marking Phase 27.879ms
[134.808s][info][gc,phases,start] GC(542) Summary Phase
[134.808s][info][gc,phases      ] GC(542) Summary Phase 0.025ms
[134.808s][info][gc,phases,start] GC(542) Adjust Roots
[134.810s][info][gc,phases      ] GC(542) Adjust Roots 2.557ms
[134.810s][info][gc,phases,start] GC(542) Compaction Phase
[134.854s][info][gc,phases      ] GC(542) Compaction Phase 43.904ms
[134.854s][info][gc,phases,start] GC(542) Post Compact
[134.858s][info][gc,phases      ] GC(542) Post Compact 3.978ms
[134.858s][info][gc,heap        ] GC(542) PSYoungGen: 115252K(232960K)->107644K(232960K) Eden: 115252K(116736K)->107644K(116736K) From: 0K(116224K)->0K(116224K)
[134.858s][info][gc,heap        ] GC(542) ParOldGen: 696768K(699392K)->696755K(699392K)
[134.858s][info][gc,metaspace   ] GC(542) Metaspace: 114597K(126720K)->114597K(126720K) NonClass: 97913K(105408K)->97913K(105408K) Class: 16683K(21312K)->16683K(21312K)
[134.858s][info][gc             ] GC(542) Pause Full (Ergonomics) 792M->785M(910M) 78.599ms
[134.858s][info][gc,cpu         ] GC(542) User=1.02s Sys=0.00s Real=0.08s
[134.860s][info][gc,start       ] GC(543) Pause Full (Ergonomics)
[134.860s][info][gc,phases,start] GC(543) Marking Phase
[134.897s][info][gc,phases      ] GC(543) Marking Phase 36.408ms
[134.897s][info][gc,phases,start] GC(543) Summary Phase
[134.897s][info][gc,phases      ] GC(543) Summary Phase 0.026ms
[134.897s][info][gc,phases,start] GC(543) Adjust Roots
[134.899s][info][gc,phases      ] GC(543) Adjust Roots 2.295ms
[134.899s][info][gc,phases,start] GC(543) Compaction Phase
[134.919s][info][gc,phases      ] GC(543) Compaction Phase 20.228ms
[134.919s][info][gc,phases,start] GC(543) Post Compact
[134.924s][info][gc,phases      ] GC(543) Post Compact 4.308ms
[134.924s][info][gc,heap        ] GC(543) PSYoungGen: 116736K(232960K)->113828K(232960K) Eden: 116736K(116736K)->113828K(116736K) From: 0K(116224K)->0K(116224K)
[134.924s][info][gc,heap        ] GC(543) ParOldGen: 696755K(699392K)->693630K(699392K)
[134.924s][info][gc,metaspace   ] GC(543) Metaspace: 114597K(126720K)->114587K(126720K) NonClass: 97913K(105408K)->97904K(105408K) Class: 16683K(21312K)->16682K(21312K)
[134.924s][info][gc             ] GC(543) Pause Full (Ergonomics) 794M->788M(910M) 63.537ms
[134.924s][info][gc,cpu         ] GC(543) User=0.55s Sys=0.00s Real=0.06s
[134.925s][info][gc,start       ] GC(544) Pause Full (Ergonomics)
[134.925s][info][gc,phases,start] GC(544) Marking Phase
[134.954s][info][gc,phases      ] GC(544) Marking Phase 29.341ms
[134.955s][info][gc,phases,start] GC(544) Summary Phase
[134.955s][info][gc,phases      ] GC(544) Summary Phase 0.027ms
[134.955s][info][gc,phases,start] GC(544) Adjust Roots
[134.956s][info][gc,phases      ] GC(544) Adjust Roots 1.857ms
[134.956s][info][gc,phases,start] GC(544) Compaction Phase
[134.964s][info][gc,phases      ] GC(544) Compaction Phase 7.346ms
[134.964s][info][gc,phases,start] GC(544) Post Compact
[134.968s][info][gc,phases      ] GC(544) Post Compact 3.911ms
[134.968s][info][gc,heap        ] GC(544) PSYoungGen: 116736K(232960K)->113841K(232960K) Eden: 116736K(116736K)->113841K(116736K) From: 0K(116224K)->0K(116224K)
[134.968s][info][gc,heap        ] GC(544) ParOldGen: 693630K(699392K)->693630K(699392K)
[134.968s][info][gc,metaspace   ] GC(544) Metaspace: 114587K(126720K)->114587K(126720K) NonClass: 97904K(105408K)->97904K(105408K) Class: 16682K(21312K)->16682K(21312K)
[134.968s][info][gc             ] GC(544) Pause Full (Ergonomics) 791M->788M(910M) 42.770ms
[134.968s][info][gc,cpu         ] GC(544) User=0.41s Sys=0.00s Real=0.04s
[134.969s][info][gc,start       ] GC(545) Pause Full (Ergonomics)
[134.969s][info][gc,phases,start] GC(545) Marking Phase
[134.994s][info][gc,phases      ] GC(545) Marking Phase 24.486ms
[134.994s][info][gc,phases,start] GC(545) Summary Phase
[134.994s][info][gc,phases      ] GC(545) Summary Phase 0.027ms
[134.994s][info][gc,phases,start] GC(545) Adjust Roots
[134.995s][info][gc,phases      ] GC(545) Adjust Roots 1.811ms
[134.995s][info][gc,phases,start] GC(545) Compaction Phase
[135.009s][info][gc,phases      ] GC(545) Compaction Phase 13.405ms
[135.009s][info][gc,phases,start] GC(545) Post Compact
[135.013s][info][gc,phases      ] GC(545) Post Compact 4.125ms
[135.013s][info][gc,heap        ] GC(545) PSYoungGen: 116736K(232960K)->107588K(232960K) Eden: 116736K(116736K)->107588K(116736K) From: 0K(116224K)->0K(116224K)
[135.013s][info][gc,heap        ] GC(545) ParOldGen: 693630K(699392K)->696784K(699392K)
[135.013s][info][gc,metaspace   ] GC(545) Metaspace: 114587K(126720K)->114587K(126720K) NonClass: 97904K(105408K)->97904K(105408K) Class: 16682K(21312K)->16682K(21312K)
[135.013s][info][gc             ] GC(545) Pause Full (Ergonomics) 791M->785M(910M) 44.099ms
[135.013s][info][gc,cpu         ] GC(545) User=0.48s Sys=0.00s Real=0.04s
[135.016s][info][gc,start       ] GC(546) Pause Full (Ergonomics)
[135.016s][info][gc,phases,start] GC(546) Marking Phase
[135.055s][info][gc,phases      ] GC(546) Marking Phase 39.464ms
[135.062s][info][gc,phases,start] GC(546) Summary Phase
[135.062s][info][gc,phases      ] GC(546) Summary Phase 0.050ms
[135.062s][info][gc,phases,start] GC(546) Adjust Roots
[135.064s][info][gc,phases      ] GC(546) Adjust Roots 2.496ms
[135.064s][info][gc,phases,start] GC(546) Compaction Phase
[135.112s][info][gc,phases      ] GC(546) Compaction Phase 47.673ms
[135.112s][info][gc,phases,start] GC(546) Post Compact
[135.116s][info][gc,phases      ] GC(546) Post Compact 4.039ms
[135.116s][info][gc,heap        ] GC(546) PSYoungGen: 116736K(232960K)->107669K(232960K) Eden: 116736K(116736K)->107669K(116736K) From: 0K(116224K)->0K(116224K)
[135.116s][info][gc,heap        ] GC(546) ParOldGen: 696784K(699392K)->696782K(699392K)
[135.116s][info][gc,metaspace   ] GC(546) Metaspace: 114587K(126720K)->114583K(126720K) NonClass: 97904K(105408K)->97902K(105408K) Class: 16682K(21312K)->16681K(21312K)
[135.116s][info][gc             ] GC(546) Pause Full (Ergonomics) 794M->785M(910M) 100.644ms
[135.116s][info][gc,cpu         ] GC(546) User=1.67s Sys=0.00s Real=0.11s
[135.119s][info][gc,start       ] GC(547) Pause Full (Ergonomics)
[135.119s][info][gc,phases,start] GC(547) Marking Phase
[135.148s][info][gc,phases      ] GC(547) Marking Phase 28.952ms
[135.148s][info][gc,phases,start] GC(547) Summary Phase
[135.148s][info][gc,phases      ] GC(547) Summary Phase 0.030ms
[135.148s][info][gc,phases,start] GC(547) Adjust Roots
[135.150s][info][gc,phases      ] GC(547) Adjust Roots 1.839ms
[135.150s][info][gc,phases,start] GC(547) Compaction Phase
[135.159s][info][gc,phases      ] GC(547) Compaction Phase 9.348ms
[135.159s][info][gc,phases,start] GC(547) Post Compact
[135.163s][info][gc,phases      ] GC(547) Post Compact 4.054ms
[135.163s][info][gc,heap        ] GC(547) PSYoungGen: 114989K(232960K)->107684K(232960K) Eden: 114989K(116736K)->107684K(116736K) From: 0K(116224K)->0K(116224K)
[135.163s][info][gc,heap        ] GC(547) ParOldGen: 696782K(699392K)->696782K(699392K)
[135.163s][info][gc,metaspace   ] GC(547) Metaspace: 114584K(126720K)->114584K(126720K) NonClass: 97902K(105408K)->97902K(105408K) Class: 16681K(21312K)->16681K(21312K)
[135.163s][info][gc             ] GC(547) Pause Full (Ergonomics) 792M->785M(910M) 44.489ms
[135.163s][info][gc,cpu         ] GC(547) User=0.67s Sys=0.00s Real=0.03s
[135.165s][info][gc,start       ] GC(548) Pause Full (Ergonomics)
[135.165s][info][gc,phases,start] GC(548) Marking Phase
[135.189s][info][gc,phases      ] GC(548) Marking Phase 24.075ms
[135.189s][info][gc,phases,start] GC(548) Summary Phase
[135.189s][info][gc,phases      ] GC(548) Summary Phase 0.026ms
[135.189s][info][gc,phases,start] GC(548) Adjust Roots
[135.191s][info][gc,phases      ] GC(548) Adjust Roots 1.901ms
[135.191s][info][gc,phases,start] GC(548) Compaction Phase
[135.198s][info][gc,phases      ] GC(548) Compaction Phase 6.554ms
[135.198s][info][gc,phases,start] GC(548) Post Compact
[135.202s][info][gc,phases      ] GC(548) Post Compact 3.942ms
[135.202s][info][gc,heap        ] GC(548) PSYoungGen: 116735K(232960K)->113833K(232960K) Eden: 116735K(116736K)->113833K(116736K) From: 0K(116224K)->0K(116224K)
[135.202s][info][gc,heap        ] GC(548) ParOldGen: 696782K(699392K)->696782K(699392K)
[135.202s][info][gc,metaspace   ] GC(548) Metaspace: 114585K(126720K)->114585K(126720K) NonClass: 97904K(105408K)->97904K(105408K) Class: 16681K(21312K)->16681K(21312K)
[135.202s][info][gc             ] GC(548) Pause Full (Ergonomics) 794M->791M(910M) 36.722ms
[135.202s][info][gc,cpu         ] GC(548) User=0.38s Sys=0.00s Real=0.03s
[135.203s][info][gc,start       ] GC(549) Pause Full (Ergonomics)
[135.203s][info][gc,phases,start] GC(549) Marking Phase
[135.229s][info][gc,phases      ] GC(549) Marking Phase 25.733ms
[135.229s][info][gc,phases,start] GC(549) Summary Phase
[135.229s][info][gc,phases      ] GC(549) Summary Phase 0.025ms
[135.229s][info][gc,phases,start] GC(549) Adjust Roots
[135.231s][info][gc,phases      ] GC(549) Adjust Roots 1.816ms
[135.231s][info][gc,phases,start] GC(549) Compaction Phase
[135.238s][info][gc,phases      ] GC(549) Compaction Phase 6.609ms
[135.238s][info][gc,phases,start] GC(549) Post Compact
[135.242s][info][gc,phases      ] GC(549) Post Compact 3.978ms
[135.242s][info][gc,heap        ] GC(549) PSYoungGen: 116736K(232960K)->113939K(232960K) Eden: 116736K(116736K)->113939K(116736K) From: 0K(116224K)->0K(116224K)
[135.242s][info][gc,heap        ] GC(549) ParOldGen: 696782K(699392K)->696782K(699392K)
[135.242s][info][gc,metaspace   ] GC(549) Metaspace: 114585K(126720K)->114585K(126720K) NonClass: 97904K(105408K)->97904K(105408K) Class: 16681K(21312K)->16681K(21312K)
[135.242s][info][gc             ] GC(549) Pause Full (Ergonomics) 794M->791M(910M) 38.376ms
[135.242s][info][gc,cpu         ] GC(549) User=0.45s Sys=0.00s Real=0.03s
[135.243s][info][gc,start       ] GC(550) Pause Full (Ergonomics)
[135.243s][info][gc,phases,start] GC(550) Marking Phase
[135.274s][info][gc,phases      ] GC(550) Marking Phase 31.095ms
[135.274s][info][gc,phases,start] GC(550) Summary Phase
[135.274s][info][gc,phases      ] GC(550) Summary Phase 0.027ms
[135.274s][info][gc,phases,start] GC(550) Adjust Roots
[135.276s][info][gc,phases      ] GC(550) Adjust Roots 1.809ms
[135.276s][info][gc,phases,start] GC(550) Compaction Phase
[135.318s][info][gc,phases      ] GC(550) Compaction Phase 41.714ms
[135.318s][info][gc,phases,start] GC(550) Post Compact
[135.322s][info][gc,phases      ] GC(550) Post Compact 4.036ms
[135.322s][info][gc,heap        ] GC(550) PSYoungGen: 116736K(232960K)->113827K(232960K) Eden: 116736K(116736K)->113827K(116736K) From: 0K(116224K)->0K(116224K)
[135.322s][info][gc,heap        ] GC(550) ParOldGen: 696782K(699392K)->693657K(699392K)
[135.322s][info][gc,metaspace   ] GC(550) Metaspace: 114585K(126720K)->114585K(126720K) NonClass: 97904K(105408K)->97904K(105408K) Class: 16681K(21312K)->16681K(21312K)
[135.322s][info][gc             ] GC(550) Pause Full (Ergonomics) 794M->788M(910M) 78.949ms
[135.322s][info][gc,cpu         ] GC(550) User=0.98s Sys=0.02s Real=0.08s
[135.323s][info][gc,start       ] GC(551) Pause Full (Ergonomics)
[135.323s][info][gc,phases,start] GC(551) Marking Phase
[135.348s][info][gc,phases      ] GC(551) Marking Phase 24.669ms
[135.348s][info][gc,phases,start] GC(551) Summary Phase
[135.348s][info][gc,phases      ] GC(551) Summary Phase 0.027ms
[135.348s][info][gc,phases,start] GC(551) Adjust Roots
[135.350s][info][gc,phases      ] GC(551) Adjust Roots 1.933ms
[135.350s][info][gc,phases,start] GC(551) Compaction Phase
[135.359s][info][gc,phases      ] GC(551) Compaction Phase 8.847ms
[135.359s][info][gc,phases,start] GC(551) Post Compact
[135.363s][info][gc,phases      ] GC(551) Post Compact 3.900ms
[135.363s][info][gc,heap        ] GC(551) PSYoungGen: 116736K(232960K)->113794K(232960K) Eden: 116736K(116736K)->113794K(116736K) From: 0K(116224K)->0K(116224K)
[135.363s][info][gc,heap        ] GC(551) ParOldGen: 693657K(699392K)->693657K(699392K)
[135.363s][info][gc,metaspace   ] GC(551) Metaspace: 114592K(126720K)->114592K(126720K) NonClass: 97909K(105408K)->97909K(105408K) Class: 16683K(21312K)->16683K(21312K)
[135.363s][info][gc             ] GC(551) Pause Full (Ergonomics) 791M->788M(910M) 39.622ms
[135.363s][info][gc,cpu         ] GC(551) User=0.41s Sys=0.00s Real=0.03s
[135.364s][info][gc,start       ] GC(552) Pause Full (Ergonomics)
[135.364s][info][gc,phases,start] GC(552) Marking Phase
[135.398s][info][gc,phases      ] GC(552) Marking Phase 33.744ms
[135.398s][info][gc,phases,start] GC(552) Summary Phase
[135.398s][info][gc,phases      ] GC(552) Summary Phase 0.029ms
[135.398s][info][gc,phases,start] GC(552) Adjust Roots
[135.400s][info][gc,phases      ] GC(552) Adjust Roots 1.817ms
[135.400s][info][gc,phases,start] GC(552) Compaction Phase
[135.407s][info][gc,phases      ] GC(552) Compaction Phase 6.671ms
[135.407s][info][gc,phases,start] GC(552) Post Compact
[135.410s][info][gc,phases      ] GC(552) Post Compact 3.935ms
[135.411s][info][gc,heap        ] GC(552) PSYoungGen: 116736K(232960K)->113798K(232960K) Eden: 116736K(116736K)->113798K(116736K) From: 0K(116224K)->0K(116224K)
[135.411s][info][gc,heap        ] GC(552) ParOldGen: 693657K(699392K)->693657K(699392K)
[135.411s][info][gc,metaspace   ] GC(552) Metaspace: 114600K(126720K)->114600K(126720K) NonClass: 97915K(105408K)->97915K(105408K) Class: 16684K(21312K)->16684K(21312K)
[135.411s][info][gc             ] GC(552) Pause Full (Ergonomics) 791M->788M(910M) 46.449ms
[135.411s][info][gc,cpu         ] GC(552) User=0.38s Sys=0.00s Real=0.05s
[135.412s][info][gc,start       ] GC(553) Pause Full (Ergonomics)
[135.412s][info][gc,phases,start] GC(553) Marking Phase
[135.438s][info][gc,phases      ] GC(553) Marking Phase 26.168ms
[135.438s][info][gc,phases,start] GC(553) Summary Phase
[135.438s][info][gc,phases      ] GC(553) Summary Phase 0.025ms
[135.438s][info][gc,phases,start] GC(553) Adjust Roots
[135.440s][info][gc,phases      ] GC(553) Adjust Roots 1.837ms
[135.440s][info][gc,phases,start] GC(553) Compaction Phase
[135.450s][info][gc,phases      ] GC(553) Compaction Phase 9.933ms
[135.450s][info][gc,phases,start] GC(553) Post Compact
[135.454s][info][gc,phases      ] GC(553) Post Compact 3.877ms
[135.454s][info][gc,heap        ] GC(553) PSYoungGen: 116736K(232960K)->113770K(232960K) Eden: 116736K(116736K)->113770K(116736K) From: 0K(116224K)->0K(116224K)
[135.454s][info][gc,heap        ] GC(553) ParOldGen: 693657K(699392K)->693657K(699392K)
[135.454s][info][gc,metaspace   ] GC(553) Metaspace: 114600K(126720K)->114600K(126720K) NonClass: 97915K(105408K)->97915K(105408K) Class: 16684K(21312K)->16684K(21312K)
[135.454s][info][gc             ] GC(553) Pause Full (Ergonomics) 791M->788M(910M) 42.092ms
[135.454s][info][gc,cpu         ] GC(553) User=0.44s Sys=0.00s Real=0.03s
[135.455s][info][gc,start       ] GC(554) Pause Full (Ergonomics)
[135.455s][info][gc,phases,start] GC(554) Marking Phase
[135.485s][info][gc,phases      ] GC(554) Marking Phase 29.577ms
[135.485s][info][gc,phases,start] GC(554) Summary Phase
[135.485s][info][gc,phases      ] GC(554) Summary Phase 0.025ms
[135.485s][info][gc,phases,start] GC(554) Adjust Roots
[135.487s][info][gc,phases      ] GC(554) Adjust Roots 1.906ms
[135.487s][info][gc,phases,start] GC(554) Compaction Phase
[135.495s][info][gc,phases      ] GC(554) Compaction Phase 7.925ms
[135.495s][info][gc,phases,start] GC(554) Post Compact
[135.499s][info][gc,phases      ] GC(554) Post Compact 3.882ms
[135.499s][info][gc,heap        ] GC(554) PSYoungGen: 116736K(232960K)->113856K(232960K) Eden: 116736K(116736K)->113856K(116736K) From: 0K(116224K)->0K(116224K)
[135.499s][info][gc,heap        ] GC(554) ParOldGen: 693657K(699392K)->693657K(699392K)
[135.499s][info][gc,metaspace   ] GC(554) Metaspace: 114602K(126720K)->114602K(126720K) NonClass: 97918K(105408K)->97918K(105408K) Class: 16684K(21312K)->16684K(21312K)
[135.499s][info][gc             ] GC(554) Pause Full (Ergonomics) 791M->788M(910M) 43.547ms
[135.499s][info][gc,cpu         ] GC(554) User=0.36s Sys=0.00s Real=0.03s
[135.500s][info][gc,start       ] GC(555) Pause Full (Ergonomics)
[135.500s][info][gc,phases,start] GC(555) Marking Phase
[135.532s][info][gc,phases      ] GC(555) Marking Phase 31.474ms
[135.532s][info][gc,phases,start] GC(555) Summary Phase
[135.532s][info][gc,phases      ] GC(555) Summary Phase 0.027ms
[135.532s][info][gc,phases,start] GC(555) Adjust Roots
[135.533s][info][gc,phases      ] GC(555) Adjust Roots 1.842ms
[135.533s][info][gc,phases,start] GC(555) Compaction Phase
[135.572s][info][gc,phases      ] GC(555) Compaction Phase 39.005ms
[135.573s][info][gc,phases,start] GC(555) Post Compact
[135.577s][info][gc,phases      ] GC(555) Post Compact 3.975ms
[135.577s][info][gc,heap        ] GC(555) PSYoungGen: 116735K(232960K)->113876K(232960K) Eden: 116735K(116736K)->113876K(116736K) From: 0K(116224K)->0K(116224K)
[135.577s][info][gc,heap        ] GC(555) ParOldGen: 693657K(699392K)->693657K(699392K)
[135.577s][info][gc,metaspace   ] GC(555) Metaspace: 114602K(126720K)->114602K(126720K) NonClass: 97918K(105408K)->97918K(105408K) Class: 16684K(21312K)->16684K(21312K)
[135.577s][info][gc             ] GC(555) Pause Full (Ergonomics) 791M->788M(910M) 76.581ms
[135.577s][info][gc,cpu         ] GC(555) User=1.70s Sys=0.00s Real=0.09s
[135.578s][info][gc,start       ] GC(556) Pause Full (Ergonomics)
[135.578s][info][gc,phases,start] GC(556) Marking Phase
[135.603s][info][gc,phases      ] GC(556) Marking Phase 25.144ms
[135.603s][info][gc,phases,start] GC(556) Summary Phase
[135.603s][info][gc,phases      ] GC(556) Summary Phase 0.029ms
[135.603s][info][gc,phases,start] GC(556) Adjust Roots
[135.605s][info][gc,phases      ] GC(556) Adjust Roots 1.867ms
[135.605s][info][gc,phases,start] GC(556) Compaction Phase
[135.612s][info][gc,phases      ] GC(556) Compaction Phase 7.035ms
[135.612s][info][gc,phases,start] GC(556) Post Compact
[135.616s][info][gc,phases      ] GC(556) Post Compact 3.819ms
[135.616s][info][gc,heap        ] GC(556) PSYoungGen: 116736K(232960K)->113872K(232960K) Eden: 116736K(116736K)->113872K(116736K) From: 0K(116224K)->0K(116224K)
[135.616s][info][gc,heap        ] GC(556) ParOldGen: 693657K(699392K)->693657K(699392K)
[135.616s][info][gc,metaspace   ] GC(556) Metaspace: 114602K(126720K)->114602K(126720K) NonClass: 97918K(105408K)->97918K(105408K) Class: 16684K(21312K)->16684K(21312K)
[135.616s][info][gc             ] GC(556) Pause Full (Ergonomics) 791M->788M(910M) 38.155ms
[135.616s][info][gc,cpu         ] GC(556) User=0.41s Sys=0.00s Real=0.03s
[135.617s][info][gc,start       ] GC(557) Pause Full (Ergonomics)
[135.617s][info][gc,phases,start] GC(557) Marking Phase
[135.645s][info][gc,phases      ] GC(557) Marking Phase 28.059ms
[135.645s][info][gc,phases,start] GC(557) Summary Phase
[135.645s][info][gc,phases      ] GC(557) Summary Phase 0.025ms
[135.645s][info][gc,phases,start] GC(557) Adjust Roots
[135.647s][info][gc,phases      ] GC(557) Adjust Roots 1.862ms
[135.647s][info][gc,phases,start] GC(557) Compaction Phase
[135.655s][info][gc,phases      ] GC(557) Compaction Phase 7.352ms
[135.655s][info][gc,phases,start] GC(557) Post Compact
[135.658s][info][gc,phases      ] GC(557) Post Compact 3.830ms
[135.658s][info][gc,heap        ] GC(557) PSYoungGen: 116735K(232960K)->113827K(232960K) Eden: 116735K(116736K)->113827K(116736K) From: 0K(116224K)->0K(116224K)
[135.659s][info][gc,heap        ] GC(557) ParOldGen: 693657K(699392K)->693657K(699392K)
[135.659s][info][gc,metaspace   ] GC(557) Metaspace: 114602K(126720K)->114602K(126720K) NonClass: 97918K(105408K)->97918K(105408K) Class: 16684K(21312K)->16684K(21312K)
[135.659s][info][gc             ] GC(557) Pause Full (Ergonomics) 791M->788M(910M) 41.336ms
[135.659s][info][gc,cpu         ] GC(557) User=0.66s Sys=0.00s Real=0.03s
[135.660s][info][gc,start       ] GC(558) Pause Full (Ergonomics)
[135.660s][info][gc,phases,start] GC(558) Marking Phase
[135.686s][info][gc,phases      ] GC(558) Marking Phase 26.521ms
[135.686s][info][gc,phases,start] GC(558) Summary Phase
[135.686s][info][gc,phases      ] GC(558) Summary Phase 0.026ms
[135.686s][info][gc,phases,start] GC(558) Adjust Roots
[135.688s][info][gc,phases      ] GC(558) Adjust Roots 1.896ms
[135.688s][info][gc,phases,start] GC(558) Compaction Phase
[135.728s][info][gc,phases      ] GC(558) Compaction Phase 39.275ms
[135.728s][info][gc,phases,start] GC(558) Post Compact
[135.732s][info][gc,phases      ] GC(558) Post Compact 3.996ms
[135.732s][info][gc,heap        ] GC(558) PSYoungGen: 116735K(232960K)->113918K(232960K) Eden: 116735K(116736K)->113918K(116736K) From: 0K(116224K)->0K(116224K)
[135.732s][info][gc,heap        ] GC(558) ParOldGen: 693657K(699392K)->693657K(699392K)
[135.732s][info][gc,metaspace   ] GC(558) Metaspace: 114602K(126720K)->114602K(126720K) NonClass: 97918K(105408K)->97918K(105408K) Class: 16684K(21312K)->16684K(21312K)
[135.732s][info][gc             ] GC(558) Pause Full (Ergonomics) 791M->788M(910M) 71.990ms
[135.732s][info][gc,cpu         ] GC(558) User=1.31s Sys=0.00s Real=0.06s
[135.733s][info][gc,start       ] GC(559) Pause Full (Ergonomics)
[135.733s][info][gc,phases,start] GC(559) Marking Phase
[135.756s][info][gc,phases      ] GC(559) Marking Phase 23.151ms
[135.756s][info][gc,phases,start] GC(559) Summary Phase
[135.756s][info][gc,phases      ] GC(559) Summary Phase 0.027ms
[135.756s][info][gc,phases,start] GC(559) Adjust Roots
[135.758s][info][gc,phases      ] GC(559) Adjust Roots 1.840ms
[135.758s][info][gc,phases,start] GC(559) Compaction Phase
[135.766s][info][gc,phases      ] GC(559) Compaction Phase 7.701ms
[135.766s][info][gc,phases,start] GC(559) Post Compact
[135.770s][info][gc,phases      ] GC(559) Post Compact 3.815ms
[135.770s][info][gc,heap        ] GC(559) PSYoungGen: 116735K(232960K)->113877K(232960K) Eden: 116735K(116736K)->113877K(116736K) From: 0K(116224K)->0K(116224K)
[135.770s][info][gc,heap        ] GC(559) ParOldGen: 693657K(699392K)->693657K(699392K)
[135.770s][info][gc,metaspace   ] GC(559) Metaspace: 114602K(126720K)->114602K(126720K) NonClass: 97918K(105408K)->97918K(105408K) Class: 16684K(21312K)->16684K(21312K)
[135.770s][info][gc             ] GC(559) Pause Full (Ergonomics) 791M->788M(910M) 36.767ms
[135.770s][info][gc,cpu         ] GC(559) User=0.38s Sys=0.00s Real=0.03s
[135.771s][info][gc,start       ] GC(560) Pause Full (Ergonomics)
[135.771s][info][gc,phases,start] GC(560) Marking Phase
[135.808s][info][gc,phases      ] GC(560) Marking Phase 36.782ms
[135.808s][info][gc,phases,start] GC(560) Summary Phase
[135.808s][info][gc,phases      ] GC(560) Summary Phase 0.029ms
[135.808s][info][gc,phases,start] GC(560) Adjust Roots
[135.810s][info][gc,phases      ] GC(560) Adjust Roots 2.378ms
[135.810s][info][gc,phases,start] GC(560) Compaction Phase
[135.851s][info][gc,phases      ] GC(560) Compaction Phase 40.389ms
[135.851s][info][gc,phases,start] GC(560) Post Compact
[135.855s][info][gc,phases      ] GC(560) Post Compact 4.039ms
[135.855s][info][gc,heap        ] GC(560) PSYoungGen: 116735K(232960K)->113893K(232960K) Eden: 116735K(116736K)->113893K(116736K) From: 0K(116224K)->0K(116224K)
[135.855s][info][gc,heap        ] GC(560) ParOldGen: 693657K(699392K)->693657K(699392K)
[135.855s][info][gc,metaspace   ] GC(560) Metaspace: 114602K(126720K)->114592K(126720K) NonClass: 97918K(105408K)->97909K(105408K) Class: 16684K(21312K)->16682K(21312K)
[135.855s][info][gc             ] GC(560) Pause Full (Ergonomics) 791M->788M(910M) 83.881ms
[135.855s][info][gc,cpu         ] GC(560) User=1.33s Sys=0.00s Real=0.08s
[135.856s][info][gc,start       ] GC(561) Pause Full (Ergonomics)
[135.856s][info][gc,phases,start] GC(561) Marking Phase
[135.881s][info][gc,phases      ] GC(561) Marking Phase 25.274ms
[135.881s][info][gc,phases,start] GC(561) Summary Phase
[135.881s][info][gc,phases      ] GC(561) Summary Phase 0.024ms
[135.881s][info][gc,phases,start] GC(561) Adjust Roots
[135.883s][info][gc,phases      ] GC(561) Adjust Roots 1.878ms
[135.883s][info][gc,phases,start] GC(561) Compaction Phase
[135.890s][info][gc,phases      ] GC(561) Compaction Phase 6.619ms
[135.890s][info][gc,phases,start] GC(561) Post Compact
[135.894s][info][gc,phases      ] GC(561) Post Compact 3.952ms
[135.894s][info][gc,heap        ] GC(561) PSYoungGen: 116615K(232960K)->113951K(232960K) Eden: 116615K(116736K)->113951K(116736K) From: 0K(116224K)->0K(116224K)
[135.894s][info][gc,heap        ] GC(561) ParOldGen: 693657K(699392K)->693657K(699392K)
[135.894s][info][gc,metaspace   ] GC(561) Metaspace: 114603K(126720K)->114603K(126720K) NonClass: 97918K(105408K)->97918K(105408K) Class: 16684K(21312K)->16684K(21312K)
[135.894s][info][gc             ] GC(561) Pause Full (Ergonomics) 791M->788M(910M) 37.988ms
[135.894s][info][gc,cpu         ] GC(561) User=0.41s Sys=0.00s Real=0.03s
[135.894s][info][gc,start       ] GC(562) Pause Full (Allocation Failure)
[135.894s][info][gc,phases,start] GC(562) Marking Phase
[135.921s][info][gc,phases      ] GC(562) Marking Phase 26.925ms
[135.921s][info][gc,phases,start] GC(562) Summary Phase
[135.921s][info][gc,phases      ] GC(562) Summary Phase 0.027ms
[135.921s][info][gc,phases,start] GC(562) Adjust Roots
[135.923s][info][gc,phases      ] GC(562) Adjust Roots 1.946ms
[135.923s][info][gc,phases,start] GC(562) Compaction Phase
[135.936s][info][gc,phases      ] GC(562) Compaction Phase 12.532ms
[135.936s][info][gc,phases,start] GC(562) Post Compact
[135.940s][info][gc,phases      ] GC(562) Post Compact 3.990ms
[135.940s][info][gc,heap        ] GC(562) PSYoungGen: 113951K(232960K)->113301K(232960K) Eden: 113951K(116736K)->113301K(116736K) From: 0K(116224K)->0K(116224K)
[135.940s][info][gc,heap        ] GC(562) ParOldGen: 693657K(699392K)->693657K(699392K)
[135.940s][info][gc,metaspace   ] GC(562) Metaspace: 114603K(126720K)->114603K(126720K) NonClass: 97918K(105408K)->97918K(105408K) Class: 16684K(21312K)->16684K(21312K)
[135.940s][info][gc             ] GC(562) Pause Full (Allocation Failure) 788M->788M(910M) 45.637ms
[135.940s][info][gc,cpu         ] GC(562) User=0.38s Sys=0.00s Real=0.05s
[135.941s][info][gc,start       ] GC(563) Pause Full (Ergonomics)
[135.941s][info][gc,phases,start] GC(563) Marking Phase
[135.974s][info][gc,phases      ] GC(563) Marking Phase 32.437ms
[135.974s][info][gc,phases,start] GC(563) Summary Phase
[135.974s][info][gc,phases      ] GC(563) Summary Phase 0.028ms
[135.974s][info][gc,phases,start] GC(563) Adjust Roots
[135.976s][info][gc,phases      ] GC(563) Adjust Roots 2.060ms
[135.976s][info][gc,phases,start] GC(563) Compaction Phase
[136.022s][info][gc,phases      ] GC(563) Compaction Phase 45.921ms
[136.022s][info][gc,phases,start] GC(563) Post Compact
[136.026s][info][gc,phases      ] GC(563) Post Compact 4.021ms
[136.026s][info][gc,heap        ] GC(563) PSYoungGen: 116736K(232960K)->94436K(232960K) Eden: 116736K(116736K)->94436K(116736K) From: 0K(116224K)->0K(116224K)
[136.026s][info][gc,heap        ] GC(563) ParOldGen: 693666K(699392K)->696930K(699392K)
[136.026s][info][gc,metaspace   ] GC(563) Metaspace: 114605K(126720K)->114602K(126720K) NonClass: 97921K(105408K)->97918K(105408K) Class: 16684K(21312K)->16684K(21312K)
[136.026s][info][gc             ] GC(563) Pause Full (Ergonomics) 791M->772M(910M) 84.744ms
[136.026s][info][gc,cpu         ] GC(563) User=1.33s Sys=0.00s Real=0.08s
[136.031s][info][gc,start       ] GC(564) Pause Full (Ergonomics)
[136.031s][info][gc,phases,start] GC(564) Marking Phase
[136.069s][info][gc,phases      ] GC(564) Marking Phase 38.392ms
[136.069s][info][gc,phases,start] GC(564) Summary Phase
[136.069s][info][gc,phases      ] GC(564) Summary Phase 0.030ms
[136.069s][info][gc,phases,start] GC(564) Adjust Roots
[136.072s][info][gc,phases      ] GC(564) Adjust Roots 2.330ms
[136.072s][info][gc,phases,start] GC(564) Compaction Phase
[136.115s][info][gc,phases      ] GC(564) Compaction Phase 43.241ms
[136.115s][info][gc,phases,start] GC(564) Post Compact
[136.119s][info][gc,phases      ] GC(564) Post Compact 4.056ms
[136.119s][info][gc,heap        ] GC(564) PSYoungGen: 116736K(232960K)->100807K(232960K) Eden: 116736K(116736K)->100807K(116736K) From: 0K(116224K)->0K(116224K)
[136.119s][info][gc,heap        ] GC(564) ParOldGen: 696930K(699392K)->693800K(699392K)
[136.119s][info][gc,metaspace   ] GC(564) Metaspace: 114605K(126720K)->114599K(126720K) NonClass: 97921K(105408K)->97915K(105408K) Class: 16684K(21312K)->16683K(21312K)
[136.119s][info][gc             ] GC(564) Pause Full (Ergonomics) 794M->775M(910M) 88.313ms
[136.119s][info][gc,cpu         ] GC(564) User=1.33s Sys=0.00s Real=0.08s
[136.122s][info][gc,start       ] GC(565) Pause Full (Ergonomics)
[136.122s][info][gc,phases,start] GC(565) Marking Phase
[136.158s][info][gc,phases      ] GC(565) Marking Phase 36.773ms
[136.158s][info][gc,phases,start] GC(565) Summary Phase
[136.158s][info][gc,phases      ] GC(565) Summary Phase 0.028ms
[136.158s][info][gc,phases,start] GC(565) Adjust Roots
[136.161s][info][gc,phases      ] GC(565) Adjust Roots 2.780ms
[136.161s][info][gc,phases,start] GC(565) Compaction Phase
[136.204s][info][gc,phases      ] GC(565) Compaction Phase 42.682ms
[136.204s][info][gc,phases,start] GC(565) Post Compact
[136.208s][info][gc,phases      ] GC(565) Post Compact 4.035ms
[136.208s][info][gc,heap        ] GC(565) PSYoungGen: 116736K(232960K)->106974K(232960K) Eden: 116736K(116736K)->106974K(116736K) From: 0K(116224K)->0K(116224K)
[136.208s][info][gc,heap        ] GC(565) ParOldGen: 693800K(699392K)->693644K(699392K)
[136.208s][info][gc,metaspace   ] GC(565) Metaspace: 114612K(126720K)->114605K(126720K) NonClass: 97926K(105408K)->97920K(105408K) Class: 16686K(21312K)->16685K(21312K)
[136.208s][info][gc             ] GC(565) Pause Full (Ergonomics) 791M->781M(910M) 86.591ms
[136.208s][info][gc,cpu         ] GC(565) User=1.00s Sys=0.02s Real=0.09s
[136.210s][info][gc,start       ] GC(566) Pause Full (Ergonomics)
[136.210s][info][gc,phases,start] GC(566) Marking Phase
[136.247s][info][gc,phases      ] GC(566) Marking Phase 36.429ms
[136.247s][info][gc,phases,start] GC(566) Summary Phase
[136.247s][info][gc,phases      ] GC(566) Summary Phase 0.028ms
[136.247s][info][gc,phases,start] GC(566) Adjust Roots
[136.250s][info][gc,phases      ] GC(566) Adjust Roots 3.047ms
[136.250s][info][gc,phases,start] GC(566) Compaction Phase
[136.300s][info][gc,phases      ] GC(566) Compaction Phase 50.178ms
[136.300s][info][gc,phases,start] GC(566) Post Compact
[136.304s][info][gc,phases      ] GC(566) Post Compact 4.109ms
[136.304s][info][gc,heap        ] GC(566) PSYoungGen: 116736K(232960K)->100811K(232960K) Eden: 116736K(116736K)->100811K(116736K) From: 0K(116224K)->0K(116224K)
[136.304s][info][gc,heap        ] GC(566) ParOldGen: 693644K(699392K)->696770K(699392K)
[136.304s][info][gc,metaspace   ] GC(566) Metaspace: 114612K(126720K)->114602K(126720K) NonClass: 97926K(105408K)->97917K(105408K) Class: 16686K(21312K)->16684K(21312K)
[136.304s][info][gc             ] GC(566) Pause Full (Ergonomics) 791M->778M(910M) 94.081ms
[136.304s][info][gc,cpu         ] GC(566) User=1.36s Sys=0.00s Real=0.09s
[136.308s][info][gc,start       ] GC(567) Pause Full (Ergonomics)
[136.308s][info][gc,phases,start] GC(567) Marking Phase
[136.343s][info][gc,phases      ] GC(567) Marking Phase 35.312ms
[136.343s][info][gc,phases,start] GC(567) Summary Phase
[136.343s][info][gc,phases      ] GC(567) Summary Phase 0.029ms
[136.343s][info][gc,phases,start] GC(567) Adjust Roots
[136.345s][info][gc,phases      ] GC(567) Adjust Roots 2.445ms
[136.346s][info][gc,phases,start] GC(567) Compaction Phase
[136.385s][info][gc,phases      ] GC(567) Compaction Phase 39.746ms
[136.385s][info][gc,phases,start] GC(567) Post Compact
[136.389s][info][gc,phases      ] GC(567) Post Compact 4.058ms
[136.389s][info][gc,heap        ] GC(567) PSYoungGen: 116736K(232960K)->100784K(232960K) Eden: 116736K(116736K)->100784K(116736K) From: 0K(116224K)->0K(116224K)
[136.389s][info][gc,heap        ] GC(567) ParOldGen: 696770K(699392K)->696769K(699392K)
[136.389s][info][gc,metaspace   ] GC(567) Metaspace: 114614K(126720K)->114608K(126720K) NonClass: 97927K(105408K)->97921K(105408K) Class: 16687K(21312K)->16686K(21312K)
[136.389s][info][gc             ] GC(567) Pause Full (Ergonomics) 794M->778M(910M) 81.877ms
[136.390s][info][gc,cpu         ] GC(567) User=1.31s Sys=0.00s Real=0.08s
[136.392s][info][gc,start       ] GC(568) Pause Full (Ergonomics)
[136.392s][info][gc,phases,start] GC(568) Marking Phase
[136.428s][info][gc,phases      ] GC(568) Marking Phase 35.663ms
[136.441s][info][gc,phases,start] GC(568) Summary Phase
[136.441s][info][gc,phases      ] GC(568) Summary Phase 0.083ms
[136.441s][info][gc,phases,start] GC(568) Adjust Roots
[136.444s][info][gc,phases      ] GC(568) Adjust Roots 3.146ms
[136.444s][info][gc,phases,start] GC(568) Compaction Phase
[136.458s][info][gc,phases      ] GC(568) Compaction Phase 13.422ms
[136.458s][info][gc,phases,start] GC(568) Post Compact
[136.462s][info][gc,phases      ] GC(568) Post Compact 4.482ms
[136.462s][info][gc,heap        ] GC(568) PSYoungGen: 116736K(232960K)->106894K(232960K) Eden: 116736K(116736K)->106894K(116736K) From: 0K(116224K)->0K(116224K)
[136.462s][info][gc,heap        ] GC(568) ParOldGen: 696769K(699392K)->696769K(699392K)
[136.462s][info][gc,metaspace   ] GC(568) Metaspace: 114614K(126720K)->114603K(126720K) NonClass: 97928K(105408K)->97918K(105408K) Class: 16686K(21312K)->16684K(21312K)
[136.462s][info][gc             ] GC(568) Pause Full (Ergonomics) 794M->784M(910M) 70.141ms
[136.462s][info][gc,cpu         ] GC(568) User=0.42s Sys=0.00s Real=0.06s
[136.464s][info][gc,start       ] GC(569) Pause Full (Ergonomics)
[136.464s][info][gc,phases,start] GC(569) Marking Phase
[136.496s][info][gc,phases      ] GC(569) Marking Phase 32.161ms
[136.496s][info][gc,phases,start] GC(569) Summary Phase
[136.496s][info][gc,phases      ] GC(569) Summary Phase 0.025ms
[136.496s][info][gc,phases,start] GC(569) Adjust Roots
[136.499s][info][gc,phases      ] GC(569) Adjust Roots 2.264ms
[136.499s][info][gc,phases,start] GC(569) Compaction Phase
[136.548s][info][gc,phases      ] GC(569) Compaction Phase 48.773ms
[136.548s][info][gc,phases,start] GC(569) Post Compact
[136.552s][info][gc,phases      ] GC(569) Post Compact 3.968ms
[136.552s][info][gc,heap        ] GC(569) PSYoungGen: 112612K(232960K)->107008K(232960K) Eden: 112612K(116736K)->107008K(116736K) From: 0K(116224K)->0K(116224K)
[136.552s][info][gc,heap        ] GC(569) ParOldGen: 696769K(699392K)->693644K(699392K)
[136.552s][info][gc,metaspace   ] GC(569) Metaspace: 114604K(126720K)->114604K(126720K) NonClass: 97919K(105408K)->97919K(105408K) Class: 16684K(21312K)->16684K(21312K)
[136.552s][info][gc             ] GC(569) Pause Full (Ergonomics) 790M->781M(910M) 87.478ms
[136.552s][info][gc,cpu         ] GC(569) User=1.33s Sys=0.00s Real=0.08s
[136.553s][info][gc,start       ] GC(570) Pause Full (Ergonomics)
[136.553s][info][gc,phases,start] GC(570) Marking Phase
[136.577s][info][gc,phases      ] GC(570) Marking Phase 23.666ms
[136.577s][info][gc,phases,start] GC(570) Summary Phase
[136.577s][info][gc,phases      ] GC(570) Summary Phase 0.027ms
[136.577s][info][gc,phases,start] GC(570) Adjust Roots
[136.579s][info][gc,phases      ] GC(570) Adjust Roots 1.958ms
[136.579s][info][gc,phases,start] GC(570) Compaction Phase
[136.591s][info][gc,phases      ] GC(570) Compaction Phase 11.397ms
[136.591s][info][gc,phases,start] GC(570) Post Compact
[136.594s][info][gc,phases      ] GC(570) Post Compact 3.826ms
[136.594s][info][gc,heap        ] GC(570) PSYoungGen: 116736K(232960K)->113240K(232960K) Eden: 116736K(116736K)->113240K(116736K) From: 0K(116224K)->0K(116224K)
[136.594s][info][gc,heap        ] GC(570) ParOldGen: 693644K(699392K)->693644K(699392K)
[136.595s][info][gc,metaspace   ] GC(570) Metaspace: 114604K(126720K)->114604K(126720K) NonClass: 97919K(105408K)->97919K(105408K) Class: 16684K(21312K)->16684K(21312K)
[136.595s][info][gc             ] GC(570) Pause Full (Ergonomics) 791M->787M(910M) 41.117ms
[136.595s][info][gc,cpu         ] GC(570) User=0.69s Sys=0.00s Real=0.05s
[136.596s][info][gc,start       ] GC(571) Pause Full (Ergonomics)
[136.596s][info][gc,phases,start] GC(571) Marking Phase
[136.620s][info][gc,phases      ] GC(571) Marking Phase 24.427ms
[136.620s][info][gc,phases,start] GC(571) Summary Phase
[136.620s][info][gc,phases      ] GC(571) Summary Phase 0.026ms
[136.620s][info][gc,phases,start] GC(571) Adjust Roots
[136.622s][info][gc,phases      ] GC(571) Adjust Roots 1.918ms
[136.622s][info][gc,phases,start] GC(571) Compaction Phase
[136.630s][info][gc,phases      ] GC(571) Compaction Phase 7.373ms
[136.630s][info][gc,phases,start] GC(571) Post Compact
[136.634s][info][gc,phases      ] GC(571) Post Compact 3.940ms
[136.634s][info][gc,heap        ] GC(571) PSYoungGen: 116735K(232960K)->113268K(232960K) Eden: 116735K(116736K)->113268K(116736K) From: 0K(116224K)->0K(116224K)
[136.634s][info][gc,heap        ] GC(571) ParOldGen: 693644K(699392K)->693644K(699392K)
[136.634s][info][gc,metaspace   ] GC(571) Metaspace: 114604K(126720K)->114604K(126720K) NonClass: 97919K(105408K)->97919K(105408K) Class: 16684K(21312K)->16684K(21312K)
[136.634s][info][gc             ] GC(571) Pause Full (Ergonomics) 791M->788M(910M) 37.933ms
[136.634s][info][gc,cpu         ] GC(571) User=0.34s Sys=0.00s Real=0.03s
[136.636s][info][gc,start       ] GC(572) Pause Full (Ergonomics)
[136.636s][info][gc,phases,start] GC(572) Marking Phase
[136.673s][info][gc,phases      ] GC(572) Marking Phase 36.983ms
[136.673s][info][gc,phases,start] GC(572) Summary Phase
[136.673s][info][gc,phases      ] GC(572) Summary Phase 0.027ms
[136.673s][info][gc,phases,start] GC(572) Adjust Roots
[136.675s][info][gc,phases      ] GC(572) Adjust Roots 2.060ms
[136.675s][info][gc,phases,start] GC(572) Compaction Phase
[136.691s][info][gc,phases      ] GC(572) Compaction Phase 16.042ms
[136.691s][info][gc,phases,start] GC(572) Post Compact
[136.695s][info][gc,phases      ] GC(572) Post Compact 4.225ms
[136.695s][info][gc,heap        ] GC(572) PSYoungGen: 116420K(232960K)->107051K(232960K) Eden: 116420K(116736K)->107051K(116736K) From: 0K(116224K)->0K(116224K)
[136.695s][info][gc,heap        ] GC(572) ParOldGen: 693644K(699392K)->696785K(699392K)
[136.695s][info][gc,metaspace   ] GC(572) Metaspace: 114612K(126720K)->114609K(126720K) NonClass: 97925K(105408K)->97922K(105408K) Class: 16687K(21312K)->16686K(21312K)
[136.695s][info][gc             ] GC(572) Pause Full (Ergonomics) 791M->784M(910M) 59.657ms
[136.695s][info][gc,cpu         ] GC(572) User=0.64s Sys=0.00s Real=0.05s
[136.697s][info][gc,start       ] GC(573) Pause Full (Ergonomics)
[136.698s][info][gc,phases,start] GC(573) Marking Phase
[136.738s][info][gc,phases      ] GC(573) Marking Phase 40.903ms
[136.738s][info][gc,phases,start] GC(573) Summary Phase
[136.738s][info][gc,phases      ] GC(573) Summary Phase 0.028ms
[136.739s][info][gc,phases,start] GC(573) Adjust Roots
[136.741s][info][gc,phases      ] GC(573) Adjust Roots 2.112ms
[136.741s][info][gc,phases,start] GC(573) Compaction Phase
[136.750s][info][gc,phases      ] GC(573) Compaction Phase 9.748ms
[136.750s][info][gc,phases,start] GC(573) Post Compact
[136.755s][info][gc,phases      ] GC(573) Post Compact 4.073ms
[136.755s][info][gc,heap        ] GC(573) PSYoungGen: 116736K(232960K)->113253K(232960K) Eden: 116736K(116736K)->113253K(116736K) From: 0K(116224K)->0K(116224K)
[136.755s][info][gc,heap        ] GC(573) ParOldGen: 696785K(699392K)->696785K(699392K)
[136.755s][info][gc,metaspace   ] GC(573) Metaspace: 114611K(126720K)->114604K(126720K) NonClass: 97924K(105408K)->97919K(105408K) Class: 16687K(21312K)->16685K(21312K)
[136.755s][info][gc             ] GC(573) Pause Full (Ergonomics) 794M->791M(910M) 57.191ms
[136.755s][info][gc,cpu         ] GC(573) User=0.42s Sys=0.03s Real=0.05s
[136.756s][info][gc,start       ] GC(574) Pause Full (Ergonomics)
[136.757s][info][gc,phases,start] GC(574) Marking Phase
[136.799s][info][gc,phases      ] GC(574) Marking Phase 42.510ms
[136.799s][info][gc,phases,start] GC(574) Summary Phase
[136.799s][info][gc,phases      ] GC(574) Summary Phase 0.028ms
[136.799s][info][gc,phases,start] GC(574) Adjust Roots
[136.802s][info][gc,phases      ] GC(574) Adjust Roots 2.494ms
[136.802s][info][gc,phases,start] GC(574) Compaction Phase
[136.815s][info][gc,phases      ] GC(574) Compaction Phase 13.348ms
[136.815s][info][gc,phases,start] GC(574) Post Compact
[136.819s][info][gc,phases      ] GC(574) Post Compact 4.082ms
[136.819s][info][gc,heap        ] GC(574) PSYoungGen: 116736K(232960K)->113296K(232960K) Eden: 116736K(116736K)->113296K(116736K) From: 0K(116224K)->0K(116224K)
[136.819s][info][gc,heap        ] GC(574) ParOldGen: 696785K(699392K)->693660K(699392K)
[136.819s][info][gc,metaspace   ] GC(574) Metaspace: 114615K(126720K)->114613K(126720K) NonClass: 97927K(105408K)->97926K(105408K) Class: 16688K(21312K)->16687K(21312K)
[136.819s][info][gc             ] GC(574) Pause Full (Ergonomics) 794M->788M(910M) 62.756ms
[136.819s][info][gc,cpu         ] GC(574) User=1.02s Sys=0.02s Real=0.06s
[136.821s][info][gc,start       ] GC(575) Pause Full (Ergonomics)
[136.821s][info][gc,phases,start] GC(575) Marking Phase
[136.860s][info][gc,phases      ] GC(575) Marking Phase 38.906ms
[136.860s][info][gc,phases,start] GC(575) Summary Phase
[136.860s][info][gc,phases      ] GC(575) Summary Phase 0.026ms
[136.860s][info][gc,phases,start] GC(575) Adjust Roots
[136.862s][info][gc,phases      ] GC(575) Adjust Roots 2.466ms
[136.862s][info][gc,phases,start] GC(575) Compaction Phase
[136.874s][info][gc,phases      ] GC(575) Compaction Phase 12.014ms
[136.874s][info][gc,phases,start] GC(575) Post Compact
[136.878s][info][gc,phases      ] GC(575) Post Compact 4.239ms
[136.879s][info][gc,heap        ] GC(575) PSYoungGen: 116736K(232960K)->113345K(232960K) Eden: 116736K(116736K)->113345K(116736K) From: 0K(116224K)->0K(116224K)
[136.879s][info][gc,heap        ] GC(575) ParOldGen: 693660K(699392K)->693660K(699392K)
[136.879s][info][gc,metaspace   ] GC(575) Metaspace: 114617K(126720K)->114608K(126720K) NonClass: 97928K(105408K)->97922K(105408K) Class: 16688K(21312K)->16686K(21312K)
[136.879s][info][gc             ] GC(575) Pause Full (Ergonomics) 791M->788M(910M) 57.929ms
[136.879s][info][gc,cpu         ] GC(575) User=0.42s Sys=0.00s Real=0.05s
[136.880s][info][gc,start       ] GC(576) Pause Full (Ergonomics)
[136.880s][info][gc,phases,start] GC(576) Marking Phase
[136.922s][info][gc,phases      ] GC(576) Marking Phase 41.592ms
[136.922s][info][gc,phases,start] GC(576) Summary Phase
[136.922s][info][gc,phases      ] GC(576) Summary Phase 0.029ms
[136.922s][info][gc,phases,start] GC(576) Adjust Roots
[136.924s][info][gc,phases      ] GC(576) Adjust Roots 2.586ms
[136.924s][info][gc,phases,start] GC(576) Compaction Phase
[136.965s][info][gc,phases      ] GC(576) Compaction Phase 40.829ms
[136.965s][info][gc,phases,start] GC(576) Post Compact
[136.969s][info][gc,phases      ] GC(576) Post Compact 4.027ms
[136.969s][info][gc,heap        ] GC(576) PSYoungGen: 116735K(232960K)->113290K(232960K) Eden: 116735K(116736K)->113290K(116736K) From: 0K(116224K)->0K(116224K)
[136.969s][info][gc,heap        ] GC(576) ParOldGen: 693660K(699392K)->693660K(699392K)
[136.969s][info][gc,metaspace   ] GC(576) Metaspace: 114615K(126720K)->114612K(126720K) NonClass: 97927K(105408K)->97924K(105408K) Class: 16688K(21312K)->16687K(21312K)
[136.969s][info][gc             ] GC(576) Pause Full (Ergonomics) 791M->788M(910M) 89.365ms
[136.970s][info][gc,cpu         ] GC(576) User=1.33s Sys=0.00s Real=0.08s
[136.971s][info][gc,start       ] GC(577) Pause Full (Ergonomics)
[136.971s][info][gc,phases,start] GC(577) Marking Phase
[136.993s][info][gc,phases      ] GC(577) Marking Phase 22.266ms
[136.993s][info][gc,phases,start] GC(577) Summary Phase
[136.993s][info][gc,phases      ] GC(577) Summary Phase 0.028ms
[136.993s][info][gc,phases,start] GC(577) Adjust Roots
[136.995s][info][gc,phases      ] GC(577) Adjust Roots 1.925ms
[136.995s][info][gc,phases,start] GC(577) Compaction Phase
[137.003s][info][gc,phases      ] GC(577) Compaction Phase 7.791ms
[137.003s][info][gc,phases,start] GC(577) Post Compact
[137.007s][info][gc,phases      ] GC(577) Post Compact 3.678ms
[137.007s][info][gc,heap        ] GC(577) PSYoungGen: 116736K(232960K)->113257K(232960K) Eden: 116736K(116736K)->113257K(116736K) From: 0K(116224K)->0K(116224K)
[137.007s][info][gc,heap        ] GC(577) ParOldGen: 693660K(699392K)->693660K(699392K)
[137.007s][info][gc,metaspace   ] GC(577) Metaspace: 114629K(126720K)->114629K(126720K) NonClass: 97939K(105408K)->97939K(105408K) Class: 16690K(21312K)->16690K(21312K)
[137.007s][info][gc             ] GC(577) Pause Full (Ergonomics) 791M->788M(910M) 35.905ms
[137.007s][info][gc,cpu         ] GC(577) User=0.38s Sys=0.00s Real=0.03s
[137.008s][info][gc,start       ] GC(578) Pause Full (Ergonomics)
[137.008s][info][gc,phases,start] GC(578) Marking Phase
[137.035s][info][gc,phases      ] GC(578) Marking Phase 26.779ms
[137.035s][info][gc,phases,start] GC(578) Summary Phase
[137.035s][info][gc,phases      ] GC(578) Summary Phase 0.024ms
[137.035s][info][gc,phases,start] GC(578) Adjust Roots
[137.037s][info][gc,phases      ] GC(578) Adjust Roots 1.950ms
[137.037s][info][gc,phases,start] GC(578) Compaction Phase
[137.044s][info][gc,phases      ] GC(578) Compaction Phase 7.190ms
[137.044s][info][gc,phases,start] GC(578) Post Compact
[137.048s][info][gc,phases      ] GC(578) Post Compact 3.765ms
[137.048s][info][gc,heap        ] GC(578) PSYoungGen: 116736K(232960K)->113279K(232960K) Eden: 116736K(116736K)->113279K(116736K) From: 0K(116224K)->0K(116224K)
[137.048s][info][gc,heap        ] GC(578) ParOldGen: 693660K(699392K)->693660K(699392K)
[137.048s][info][gc,metaspace   ] GC(578) Metaspace: 114632K(126720K)->114632K(126720K) NonClass: 97941K(105408K)->97941K(105408K) Class: 16690K(21312K)->16690K(21312K)
[137.048s][info][gc             ] GC(578) Pause Full (Ergonomics) 791M->788M(910M) 39.986ms
[137.048s][info][gc,cpu         ] GC(578) User=0.36s Sys=0.00s Real=0.05s
[137.050s][info][gc,start       ] GC(579) Pause Full (Ergonomics)
[137.050s][info][gc,phases,start] GC(579) Marking Phase
[137.085s][info][gc,phases      ] GC(579) Marking Phase 35.184ms
[137.085s][info][gc,phases,start] GC(579) Summary Phase
[137.085s][info][gc,phases      ] GC(579) Summary Phase 0.027ms
[137.085s][info][gc,phases,start] GC(579) Adjust Roots
[137.088s][info][gc,phases      ] GC(579) Adjust Roots 2.655ms
[137.088s][info][gc,phases,start] GC(579) Compaction Phase
[137.129s][info][gc,phases      ] GC(579) Compaction Phase 41.506ms
[137.129s][info][gc,phases,start] GC(579) Post Compact
[137.134s][info][gc,phases      ] GC(579) Post Compact 4.562ms
[137.134s][info][gc,heap        ] GC(579) PSYoungGen: 116736K(232960K)->113259K(232960K) Eden: 116736K(116736K)->113259K(116736K) From: 0K(116224K)->0K(116224K)
[137.134s][info][gc,heap        ] GC(579) ParOldGen: 693660K(699392K)->693660K(699392K)
[137.134s][info][gc,metaspace   ] GC(579) Metaspace: 114632K(126720K)->114618K(126720K) NonClass: 97941K(105408K)->97930K(105408K) Class: 16690K(21312K)->16688K(21312K)
[137.134s][info][gc             ] GC(579) Pause Full (Ergonomics) 791M->788M(910M) 84.296ms
[137.134s][info][gc,cpu         ] GC(579) User=1.34s Sys=0.00s Real=0.08s
[137.136s][info][gc,start       ] GC(580) Pause Full (Ergonomics)
[137.136s][info][gc,phases,start] GC(580) Marking Phase
[137.167s][info][gc,phases      ] GC(580) Marking Phase 31.113ms
[137.167s][info][gc,phases,start] GC(580) Summary Phase
[137.167s][info][gc,phases      ] GC(580) Summary Phase 0.027ms
[137.167s][info][gc,phases,start] GC(580) Adjust Roots
[137.169s][info][gc,phases      ] GC(580) Adjust Roots 2.454ms
[137.169s][info][gc,phases,start] GC(580) Compaction Phase
[137.178s][info][gc,phases      ] GC(580) Compaction Phase 9.000ms
[137.178s][info][gc,phases,start] GC(580) Post Compact
[137.182s][info][gc,phases      ] GC(580) Post Compact 3.800ms
[137.182s][info][gc,heap        ] GC(580) PSYoungGen: 116735K(232960K)->113290K(232960K) Eden: 116735K(116736K)->113290K(116736K) From: 0K(116224K)->0K(116224K)
[137.182s][info][gc,heap        ] GC(580) ParOldGen: 693660K(699392K)->693660K(699392K)
[137.182s][info][gc,metaspace   ] GC(580) Metaspace: 114632K(126720K)->114629K(126720K) NonClass: 97942K(105408K)->97939K(105408K) Class: 16690K(21312K)->16689K(21312K)
[137.182s][info][gc             ] GC(580) Pause Full (Ergonomics) 791M->788M(910M) 46.619ms
[137.182s][info][gc,cpu         ] GC(580) User=0.08s Sys=0.00s Real=0.04s
[137.184s][info][gc,start       ] GC(581) Pause Full (Ergonomics)
[137.184s][info][gc,phases,start] GC(581) Marking Phase
[137.213s][info][gc,phases      ] GC(581) Marking Phase 29.028ms
[137.213s][info][gc,phases,start] GC(581) Summary Phase
[137.213s][info][gc,phases      ] GC(581) Summary Phase 0.027ms
[137.213s][info][gc,phases,start] GC(581) Adjust Roots
[137.215s][info][gc,phases      ] GC(581) Adjust Roots 1.944ms
[137.215s][info][gc,phases,start] GC(581) Compaction Phase
[137.229s][info][gc,phases      ] GC(581) Compaction Phase 13.327ms
[137.229s][info][gc,phases,start] GC(581) Post Compact
[137.233s][info][gc,phases      ] GC(581) Post Compact 4.335ms
[137.233s][info][gc,heap        ] GC(581) PSYoungGen: 116735K(232960K)->113338K(232960K) Eden: 116735K(116736K)->113338K(116736K) From: 0K(116224K)->0K(116224K)
[137.233s][info][gc,heap        ] GC(581) ParOldGen: 693660K(699392K)->693660K(699392K)
[137.233s][info][gc,metaspace   ] GC(581) Metaspace: 114636K(126720K)->114636K(126720K) NonClass: 97945K(105408K)->97945K(105408K) Class: 16690K(21312K)->16690K(21312K)
[137.233s][info][gc             ] GC(581) Pause Full (Ergonomics) 791M->788M(910M) 48.946ms
[137.233s][info][gc,cpu         ] GC(581) User=0.41s Sys=0.00s Real=0.05s
[137.234s][info][gc,start       ] GC(582) Pause Full (Ergonomics)
[137.234s][info][gc,phases,start] GC(582) Marking Phase
[137.272s][info][gc,phases      ] GC(582) Marking Phase 37.011ms
[137.272s][info][gc,phases,start] GC(582) Summary Phase
[137.272s][info][gc,phases      ] GC(582) Summary Phase 0.030ms
[137.272s][info][gc,phases,start] GC(582) Adjust Roots
[137.274s][info][gc,phases      ] GC(582) Adjust Roots 2.609ms
[137.274s][info][gc,phases,start] GC(582) Compaction Phase
[137.314s][info][gc,phases      ] GC(582) Compaction Phase 39.994ms
[137.314s][info][gc,phases,start] GC(582) Post Compact
[137.320s][info][gc,phases      ] GC(582) Post Compact 5.224ms
[137.320s][info][gc,heap        ] GC(582) PSYoungGen: 116736K(232960K)->113247K(232960K) Eden: 116736K(116736K)->113247K(116736K) From: 0K(116224K)->0K(116224K)
[137.320s][info][gc,heap        ] GC(582) ParOldGen: 693660K(699392K)->693660K(699392K)
[137.320s][info][gc,metaspace   ] GC(582) Metaspace: 114637K(126720K)->114627K(126720K) NonClass: 97947K(105408K)->97938K(105408K) Class: 16690K(21312K)->16689K(21312K)
[137.320s][info][gc             ] GC(582) Pause Full (Ergonomics) 791M->787M(910M) 85.308ms
[137.320s][info][gc,cpu         ] GC(582) User=1.33s Sys=0.00s Real=0.08s
[137.321s][info][gc,start       ] GC(583) Pause Full (Ergonomics)
[137.321s][info][gc,phases,start] GC(583) Marking Phase
[137.352s][info][gc,phases      ] GC(583) Marking Phase 30.189ms
[137.352s][info][gc,phases,start] GC(583) Summary Phase
[137.352s][info][gc,phases      ] GC(583) Summary Phase 0.025ms
[137.352s][info][gc,phases,start] GC(583) Adjust Roots
[137.354s][info][gc,phases      ] GC(583) Adjust Roots 2.508ms
[137.354s][info][gc,phases,start] GC(583) Compaction Phase
[137.364s][info][gc,phases      ] GC(583) Compaction Phase 9.867ms
[137.364s][info][gc,phases,start] GC(583) Post Compact
[137.368s][info][gc,phases      ] GC(583) Post Compact 3.930ms
[137.368s][info][gc,heap        ] GC(583) PSYoungGen: 116736K(232960K)->113256K(232960K) Eden: 116736K(116736K)->113256K(116736K) From: 0K(116224K)->0K(116224K)
[137.368s][info][gc,heap        ] GC(583) ParOldGen: 693660K(699392K)->693660K(699392K)
[137.368s][info][gc,metaspace   ] GC(583) Metaspace: 114636K(126720K)->114629K(126720K) NonClass: 97945K(105408K)->97939K(105408K) Class: 16691K(21312K)->16690K(21312K)
[137.368s][info][gc             ] GC(583) Pause Full (Ergonomics) 791M->788M(910M) 46.826ms
[137.368s][info][gc,cpu         ] GC(583) User=0.36s Sys=0.00s Real=0.05s
[137.370s][info][gc,start       ] GC(584) Pause Full (Ergonomics)
[137.370s][info][gc,phases,start] GC(584) Marking Phase
[137.400s][info][gc,phases      ] GC(584) Marking Phase 29.440ms
[137.400s][info][gc,phases,start] GC(584) Summary Phase
[137.400s][info][gc,phases      ] GC(584) Summary Phase 0.025ms
[137.400s][info][gc,phases,start] GC(584) Adjust Roots
[137.402s][info][gc,phases      ] GC(584) Adjust Roots 1.979ms
[137.402s][info][gc,phases,start] GC(584) Compaction Phase
[137.415s][info][gc,phases      ] GC(584) Compaction Phase 13.056ms
[137.415s][info][gc,phases,start] GC(584) Post Compact
[137.419s][info][gc,phases      ] GC(584) Post Compact 4.037ms
[137.419s][info][gc,heap        ] GC(584) PSYoungGen: 116736K(232960K)->113283K(232960K) Eden: 116736K(116736K)->113283K(116736K) From: 0K(116224K)->0K(116224K)
[137.419s][info][gc,heap        ] GC(584) ParOldGen: 693660K(699392K)->693660K(699392K)
[137.419s][info][gc,metaspace   ] GC(584) Metaspace: 114638K(126720K)->114638K(126720K) NonClass: 97947K(105408K)->97947K(105408K) Class: 16691K(21312K)->16691K(21312K)
[137.419s][info][gc             ] GC(584) Pause Full (Ergonomics) 791M->788M(910M) 48.822ms
[137.419s][info][gc,cpu         ] GC(584) User=0.67s Sys=0.00s Real=0.05s
[137.420s][info][gc,start       ] GC(585) Pause Full (Ergonomics)
[137.420s][info][gc,phases,start] GC(585) Marking Phase
[137.460s][info][gc,phases      ] GC(585) Marking Phase 39.300ms
[137.460s][info][gc,phases,start] GC(585) Summary Phase
[137.460s][info][gc,phases      ] GC(585) Summary Phase 0.027ms
[137.460s][info][gc,phases,start] GC(585) Adjust Roots
[137.462s][info][gc,phases      ] GC(585) Adjust Roots 2.655ms
[137.462s][info][gc,phases,start] GC(585) Compaction Phase
[137.472s][info][gc,phases      ] GC(585) Compaction Phase 9.162ms
[137.472s][info][gc,phases,start] GC(585) Post Compact
[137.475s][info][gc,phases      ] GC(585) Post Compact 3.843ms
[137.475s][info][gc,heap        ] GC(585) PSYoungGen: 116735K(232960K)->113320K(232960K) Eden: 116735K(116736K)->113320K(116736K) From: 0K(116224K)->0K(116224K)
[137.475s][info][gc,heap        ] GC(585) ParOldGen: 693660K(699392K)->693660K(699392K)
[137.476s][info][gc,metaspace   ] GC(585) Metaspace: 114641K(126720K)->114634K(126720K) NonClass: 97949K(105408K)->97944K(105408K) Class: 16691K(21312K)->16690K(21312K)
[137.476s][info][gc             ] GC(585) Pause Full (Ergonomics) 791M->788M(910M) 55.261ms
[137.476s][info][gc,cpu         ] GC(585) User=0.36s Sys=0.00s Real=0.05s
[137.477s][info][gc,start       ] GC(586) Pause Full (Ergonomics)
[137.477s][info][gc,phases,start] GC(586) Marking Phase
[137.519s][info][gc,phases      ] GC(586) Marking Phase 42.075ms
[137.519s][info][gc,phases,start] GC(586) Summary Phase
[137.519s][info][gc,phases      ] GC(586) Summary Phase 0.026ms
[137.519s][info][gc,phases,start] GC(586) Adjust Roots
[137.522s][info][gc,phases      ] GC(586) Adjust Roots 2.504ms
[137.522s][info][gc,phases,start] GC(586) Compaction Phase
[137.532s][info][gc,phases      ] GC(586) Compaction Phase 10.266ms
[137.532s][info][gc,phases,start] GC(586) Post Compact
[137.536s][info][gc,phases      ] GC(586) Post Compact 3.976ms
[137.536s][info][gc,heap        ] GC(586) PSYoungGen: 116735K(232960K)->113277K(232960K) Eden: 116735K(116736K)->113277K(116736K) From: 0K(116224K)->0K(116224K)
[137.536s][info][gc,heap        ] GC(586) ParOldGen: 693660K(699392K)->693660K(699392K)
[137.536s][info][gc,metaspace   ] GC(586) Metaspace: 114634K(126720K)->114624K(126720K) NonClass: 97944K(105408K)->97935K(105408K) Class: 16690K(21312K)->16688K(21312K)
[137.536s][info][gc             ] GC(586) Pause Full (Ergonomics) 791M->788M(910M) 59.085ms
[137.536s][info][gc,cpu         ] GC(586) User=0.47s Sys=0.00s Real=0.05s
[137.538s][info][gc,start       ] GC(587) Pause Full (Ergonomics)
[137.538s][info][gc,phases,start] GC(587) Marking Phase
[137.567s][info][gc,phases      ] GC(587) Marking Phase 29.363ms
[137.567s][info][gc,phases,start] GC(587) Summary Phase
[137.567s][info][gc,phases      ] GC(587) Summary Phase 0.027ms
[137.567s][info][gc,phases,start] GC(587) Adjust Roots
[137.569s][info][gc,phases      ] GC(587) Adjust Roots 2.025ms
[137.570s][info][gc,phases,start] GC(587) Compaction Phase
[137.578s][info][gc,phases      ] GC(587) Compaction Phase 8.515ms
[137.578s][info][gc,phases,start] GC(587) Post Compact
[137.582s][info][gc,phases      ] GC(587) Post Compact 3.771ms
[137.582s][info][gc,heap        ] GC(587) PSYoungGen: 116736K(232960K)->113350K(232960K) Eden: 116736K(116736K)->113350K(116736K) From: 0K(116224K)->0K(116224K)
[137.582s][info][gc,heap        ] GC(587) ParOldGen: 693660K(699392K)->693660K(699392K)
[137.582s][info][gc,metaspace   ] GC(587) Metaspace: 114636K(126720K)->114636K(126720K) NonClass: 97945K(105408K)->97945K(105408K) Class: 16691K(21312K)->16691K(21312K)
[137.582s][info][gc             ] GC(587) Pause Full (Ergonomics) 791M->788M(910M) 43.945ms
[137.582s][info][gc,cpu         ] GC(587) User=0.34s Sys=0.00s Real=0.03s
[137.584s][info][gc,start       ] GC(588) Pause Full (Ergonomics)
[137.584s][info][gc,phases,start] GC(588) Marking Phase
[137.610s][info][gc,phases      ] GC(588) Marking Phase 26.000ms
[137.610s][info][gc,phases,start] GC(588) Summary Phase
[137.610s][info][gc,phases      ] GC(588) Summary Phase 0.029ms
[137.610s][info][gc,phases,start] GC(588) Adjust Roots
[137.612s][info][gc,phases      ] GC(588) Adjust Roots 2.000ms
[137.612s][info][gc,phases,start] GC(588) Compaction Phase
[137.620s][info][gc,phases      ] GC(588) Compaction Phase 7.818ms
[137.620s][info][gc,phases,start] GC(588) Post Compact
[137.624s][info][gc,phases      ] GC(588) Post Compact 3.909ms
[137.624s][info][gc,heap        ] GC(588) PSYoungGen: 116735K(232960K)->113321K(232960K) Eden: 116735K(116736K)->113321K(116736K) From: 0K(116224K)->0K(116224K)
[137.624s][info][gc,heap        ] GC(588) ParOldGen: 693660K(699392K)->693660K(699392K)
[137.624s][info][gc,metaspace   ] GC(588) Metaspace: 114644K(126720K)->114644K(126720K) NonClass: 97952K(105408K)->97952K(105408K) Class: 16691K(21312K)->16691K(21312K)
[137.624s][info][gc             ] GC(588) Pause Full (Ergonomics) 791M->788M(910M) 40.024ms
[137.624s][info][gc,cpu         ] GC(588) User=0.77s Sys=0.00s Real=0.05s
[137.625s][info][gc,start       ] GC(589) Pause Full (Ergonomics)
[137.625s][info][gc,phases,start] GC(589) Marking Phase
[137.649s][info][gc,phases      ] GC(589) Marking Phase 23.544ms
[137.649s][info][gc,phases,start] GC(589) Summary Phase
[137.649s][info][gc,phases      ] GC(589) Summary Phase 0.031ms
[137.649s][info][gc,phases,start] GC(589) Adjust Roots
[137.651s][info][gc,phases      ] GC(589) Adjust Roots 2.005ms
[137.651s][info][gc,phases,start] GC(589) Compaction Phase
[137.658s][info][gc,phases      ] GC(589) Compaction Phase 7.249ms
[137.658s][info][gc,phases,start] GC(589) Post Compact
[137.662s][info][gc,phases      ] GC(589) Post Compact 3.810ms
[137.662s][info][gc,heap        ] GC(589) PSYoungGen: 116736K(232960K)->113257K(232960K) Eden: 116736K(116736K)->113257K(116736K) From: 0K(116224K)->0K(116224K)
[137.662s][info][gc,heap        ] GC(589) ParOldGen: 693660K(699392K)->693660K(699392K)
[137.662s][info][gc,metaspace   ] GC(589) Metaspace: 114644K(126720K)->114644K(126720K) NonClass: 97952K(105408K)->97952K(105408K) Class: 16691K(21312K)->16691K(21312K)
[137.662s][info][gc             ] GC(589) Pause Full (Ergonomics) 791M->788M(910M) 36.971ms
[137.662s][info][gc,cpu         ] GC(589) User=0.39s Sys=0.00s Real=0.03s
[137.664s][info][gc,start       ] GC(590) Pause Full (Ergonomics)
[137.664s][info][gc,phases,start] GC(590) Marking Phase
[137.696s][info][gc,phases      ] GC(590) Marking Phase 32.111ms
[137.696s][info][gc,phases,start] GC(590) Summary Phase
[137.696s][info][gc,phases      ] GC(590) Summary Phase 0.027ms
[137.696s][info][gc,phases,start] GC(590) Adjust Roots
[137.698s][info][gc,phases      ] GC(590) Adjust Roots 2.529ms
[137.698s][info][gc,phases,start] GC(590) Compaction Phase
[137.709s][info][gc,phases      ] GC(590) Compaction Phase 10.708ms
[137.709s][info][gc,phases,start] GC(590) Post Compact
[137.713s][info][gc,phases      ] GC(590) Post Compact 3.914ms
[137.713s][info][gc,heap        ] GC(590) PSYoungGen: 116736K(232960K)->113261K(232960K) Eden: 116736K(116736K)->113261K(116736K) From: 0K(116224K)->0K(116224K)
[137.713s][info][gc,heap        ] GC(590) ParOldGen: 693660K(699392K)->693660K(699392K)
[137.713s][info][gc,metaspace   ] GC(590) Metaspace: 114644K(126720K)->114631K(126720K) NonClass: 97952K(105408K)->97941K(105408K) Class: 16691K(21312K)->16689K(21312K)
[137.713s][info][gc             ] GC(590) Pause Full (Ergonomics) 791M->788M(910M) 49.539ms
[137.713s][info][gc,cpu         ] GC(590) User=0.36s Sys=0.00s Real=0.05s
[137.715s][info][gc,start       ] GC(591) Pause Full (Ergonomics)
[137.715s][info][gc,phases,start] GC(591) Marking Phase
[137.753s][info][gc,phases      ] GC(591) Marking Phase 37.930ms
[137.753s][info][gc,phases,start] GC(591) Summary Phase
[137.753s][info][gc,phases      ] GC(591) Summary Phase 0.025ms
[137.753s][info][gc,phases,start] GC(591) Adjust Roots
[137.755s][info][gc,phases      ] GC(591) Adjust Roots 2.184ms
[137.755s][info][gc,phases,start] GC(591) Compaction Phase
[137.771s][info][gc,phases      ] GC(591) Compaction Phase 15.903ms
[137.793s][info][gc,phases,start] GC(591) Post Compact
[137.798s][info][gc,phases      ] GC(591) Post Compact 5.215ms
[137.798s][info][gc,heap        ] GC(591) PSYoungGen: 116736K(232960K)->113305K(232960K) Eden: 116736K(116736K)->113305K(116736K) From: 0K(116224K)->0K(116224K)
[137.798s][info][gc,heap        ] GC(591) ParOldGen: 693660K(699392K)->693660K(699392K)
[137.798s][info][gc,metaspace   ] GC(591) Metaspace: 114631K(126720K)->114627K(126720K) NonClass: 97941K(105408K)->97938K(105408K) Class: 16689K(21312K)->16689K(21312K)
[137.798s][info][gc             ] GC(591) Pause Full (Ergonomics) 791M->788M(910M) 83.340ms
[137.798s][info][gc,cpu         ] GC(591) User=0.50s Sys=0.00s Real=0.08s
[137.800s][info][gc,start       ] GC(592) Pause Full (Ergonomics)
[137.800s][info][gc,phases,start] GC(592) Marking Phase
[137.834s][info][gc,phases      ] GC(592) Marking Phase 34.656ms
[137.834s][info][gc,phases,start] GC(592) Summary Phase
[137.834s][info][gc,phases      ] GC(592) Summary Phase 0.024ms
[137.835s][info][gc,phases,start] GC(592) Adjust Roots
[137.837s][info][gc,phases      ] GC(592) Adjust Roots 2.020ms
[137.837s][info][gc,phases,start] GC(592) Compaction Phase
[137.876s][info][gc,phases      ] GC(592) Compaction Phase 39.730ms
[137.876s][info][gc,phases,start] GC(592) Post Compact
[137.880s][info][gc,phases      ] GC(592) Post Compact 3.999ms
[137.880s][info][gc,heap        ] GC(592) PSYoungGen: 116735K(232960K)->113287K(232960K) Eden: 116735K(116736K)->113287K(116736K) From: 0K(116224K)->0K(116224K)
[137.880s][info][gc,heap        ] GC(592) ParOldGen: 693660K(699392K)->693660K(699392K)
[137.880s][info][gc,metaspace   ] GC(592) Metaspace: 114627K(126720K)->114627K(126720K) NonClass: 97938K(105408K)->97938K(105408K) Class: 16689K(21312K)->16689K(21312K)
[137.880s][info][gc             ] GC(592) Pause Full (Ergonomics) 791M->788M(910M) 80.696ms
[137.880s][info][gc,cpu         ] GC(592) User=1.33s Sys=0.00s Real=0.08s
[137.882s][info][gc,start       ] GC(593) Pause Full (Ergonomics)
[137.882s][info][gc,phases,start] GC(593) Marking Phase
[137.906s][info][gc,phases      ] GC(593) Marking Phase 24.096ms
[137.906s][info][gc,phases,start] GC(593) Summary Phase
[137.906s][info][gc,phases      ] GC(593) Summary Phase 0.026ms
[137.906s][info][gc,phases,start] GC(593) Adjust Roots
[137.908s][info][gc,phases      ] GC(593) Adjust Roots 1.993ms
[137.908s][info][gc,phases,start] GC(593) Compaction Phase
[137.919s][info][gc,phases      ] GC(593) Compaction Phase 10.273ms
[137.919s][info][gc,phases,start] GC(593) Post Compact
[137.923s][info][gc,phases      ] GC(593) Post Compact 4.238ms
[137.923s][info][gc,heap        ] GC(593) PSYoungGen: 116735K(232960K)->113288K(232960K) Eden: 116735K(116736K)->113288K(116736K) From: 0K(116224K)->0K(116224K)
[137.923s][info][gc,heap        ] GC(593) ParOldGen: 693660K(699392K)->693660K(699392K)
[137.923s][info][gc,metaspace   ] GC(593) Metaspace: 114632K(126720K)->114632K(126720K) NonClass: 97941K(105408K)->97941K(105408K) Class: 16690K(21312K)->16690K(21312K)
[137.923s][info][gc             ] GC(593) Pause Full (Ergonomics) 791M->788M(910M) 40.925ms
[137.923s][info][gc,cpu         ] GC(593) User=0.66s Sys=0.00s Real=0.03s
[137.924s][info][gc,start       ] GC(594) Pause Full (Ergonomics)
[137.924s][info][gc,phases,start] GC(594) Marking Phase
[137.948s][info][gc,phases      ] GC(594) Marking Phase 23.570ms
[137.948s][info][gc,phases,start] GC(594) Summary Phase
[137.948s][info][gc,phases      ] GC(594) Summary Phase 0.025ms
[137.948s][info][gc,phases,start] GC(594) Adjust Roots
[137.950s][info][gc,phases      ] GC(594) Adjust Roots 2.009ms
[137.950s][info][gc,phases,start] GC(594) Compaction Phase
[137.957s][info][gc,phases      ] GC(594) Compaction Phase 7.326ms
[137.957s][info][gc,phases,start] GC(594) Post Compact
[137.961s][info][gc,phases      ] GC(594) Post Compact 3.958ms
[137.961s][info][gc,heap        ] GC(594) PSYoungGen: 114607K(232960K)->113257K(232960K) Eden: 114607K(116736K)->113257K(116736K) From: 0K(116224K)->0K(116224K)
[137.961s][info][gc,heap        ] GC(594) ParOldGen: 693660K(699392K)->693660K(699392K)
[137.961s][info][gc,metaspace   ] GC(594) Metaspace: 114644K(126720K)->114644K(126720K) NonClass: 97952K(105408K)->97952K(105408K) Class: 16691K(21312K)->16691K(21312K)
[137.961s][info][gc             ] GC(594) Pause Full (Ergonomics) 789M->788M(910M) 37.128ms
[137.961s][info][gc,cpu         ] GC(594) User=0.39s Sys=0.00s Real=0.03s
[137.961s][info][gc,start       ] GC(595) Pause Full (Allocation Failure)
[137.961s][info][gc,phases,start] GC(595) Marking Phase
[137.997s][info][gc,phases      ] GC(595) Marking Phase 35.767ms
[137.997s][info][gc,phases,start] GC(595) Summary Phase
[137.997s][info][gc,phases      ] GC(595) Summary Phase 0.026ms
[137.997s][info][gc,phases,start] GC(595) Adjust Roots
[137.999s][info][gc,phases      ] GC(595) Adjust Roots 2.264ms
[137.999s][info][gc,phases,start] GC(595) Compaction Phase
[138.010s][info][gc,phases      ] GC(595) Compaction Phase 10.458ms
[138.010s][info][gc,phases,start] GC(595) Post Compact
[138.014s][info][gc,phases      ] GC(595) Post Compact 4.405ms
[138.014s][info][gc,heap        ] GC(595) PSYoungGen: 113257K(232960K)->113132K(232960K) Eden: 113257K(116736K)->113132K(116736K) From: 0K(116224K)->0K(116224K)
[138.014s][info][gc,heap        ] GC(595) ParOldGen: 693660K(699392K)->693660K(699392K)
[138.014s][info][gc,metaspace   ] GC(595) Metaspace: 114644K(126720K)->114630K(126720K) NonClass: 97952K(105408K)->97941K(105408K) Class: 16691K(21312K)->16689K(21312K)
[138.014s][info][gc             ] GC(595) Pause Full (Allocation Failure) 788M->787M(910M) 53.234ms
[138.015s][info][gc,cpu         ] GC(595) User=0.47s Sys=0.00s Real=0.05s
[138.017s][info][gc,start       ] GC(596) Pause Full (Ergonomics)
[138.017s][info][gc,phases,start] GC(596) Marking Phase
[138.044s][info][gc,phases      ] GC(596) Marking Phase 27.458ms
[138.044s][info][gc,phases,start] GC(596) Summary Phase
[138.044s][info][gc,phases      ] GC(596) Summary Phase 0.026ms
[138.044s][info][gc,phases,start] GC(596) Adjust Roots
[138.046s][info][gc,phases      ] GC(596) Adjust Roots 2.252ms
[138.047s][info][gc,phases,start] GC(596) Compaction Phase
[138.095s][info][gc,phases      ] GC(596) Compaction Phase 48.335ms
[138.095s][info][gc,phases,start] GC(596) Post Compact
[138.099s][info][gc,phases      ] GC(596) Post Compact 4.016ms
[138.099s][info][gc,heap        ] GC(596) PSYoungGen: 116735K(232960K)->94405K(232960K) Eden: 116735K(116736K)->94405K(116736K) From: 0K(116224K)->0K(116224K)
[138.099s][info][gc,heap        ] GC(596) ParOldGen: 693665K(699392K)->696940K(699392K)
[138.099s][info][gc,metaspace   ] GC(596) Metaspace: 114633K(126720K)->114633K(126720K) NonClass: 97943K(105408K)->97943K(105408K) Class: 16689K(21312K)->16689K(21312K)
[138.099s][info][gc             ] GC(596) Pause Full (Ergonomics) 791M->772M(910M) 82.352ms
[138.099s][info][gc,cpu         ] GC(596) User=1.69s Sys=0.00s Real=0.09s
[138.106s][info][gc,start       ] GC(597) Pause Full (Ergonomics)
[138.106s][info][gc,phases,start] GC(597) Marking Phase
[138.140s][info][gc,phases      ] GC(597) Marking Phase 34.581ms
[138.140s][info][gc,phases,start] GC(597) Summary Phase
[138.140s][info][gc,phases      ] GC(597) Summary Phase 0.029ms
[138.140s][info][gc,phases,start] GC(597) Adjust Roots
[138.143s][info][gc,phases      ] GC(597) Adjust Roots 2.971ms
[138.143s][info][gc,phases,start] GC(597) Compaction Phase
[138.186s][info][gc,phases      ] GC(597) Compaction Phase 42.206ms
[138.186s][info][gc,phases,start] GC(597) Post Compact
[138.190s][info][gc,phases      ] GC(597) Post Compact 4.126ms
[138.190s][info][gc,heap        ] GC(597) PSYoungGen: 116735K(232960K)->94399K(232960K) Eden: 116735K(116736K)->94399K(116736K) From: 0K(116224K)->0K(116224K)
[138.190s][info][gc,heap        ] GC(597) ParOldGen: 696940K(699392K)->696779K(699392K)
[138.190s][info][gc,metaspace   ] GC(597) Metaspace: 114662K(126720K)->114624K(126720K) NonClass: 97967K(105408K)->97935K(105408K) Class: 16695K(21312K)->16688K(21312K)
[138.190s][info][gc             ] GC(597) Pause Full (Ergonomics) 794M->772M(910M) 84.185ms
[138.190s][info][gc,cpu         ] GC(597) User=1.31s Sys=0.00s Real=0.08s
[138.194s][info][gc,start       ] GC(598) Pause Full (Ergonomics)
[138.194s][info][gc,phases,start] GC(598) Marking Phase
[138.230s][info][gc,phases      ] GC(598) Marking Phase 35.482ms
[138.230s][info][gc,phases,start] GC(598) Summary Phase
[138.230s][info][gc,phases      ] GC(598) Summary Phase 0.034ms
[138.230s][info][gc,phases,start] GC(598) Adjust Roots
[138.233s][info][gc,phases      ] GC(598) Adjust Roots 2.606ms
[138.233s][info][gc,phases,start] GC(598) Compaction Phase
[138.274s][info][gc,phases      ] GC(598) Compaction Phase 41.156ms
[138.274s][info][gc,phases,start] GC(598) Post Compact
[138.278s][info][gc,phases      ] GC(598) Post Compact 4.092ms
[138.278s][info][gc,heap        ] GC(598) PSYoungGen: 116736K(232960K)->94491K(232960K) Eden: 116736K(116736K)->94491K(116736K) From: 0K(116224K)->0K(116224K)
[138.278s][info][gc,heap        ] GC(598) ParOldGen: 696779K(699392K)->696779K(699392K)
[138.278s][info][gc,metaspace   ] GC(598) Metaspace: 114660K(126720K)->114641K(126720K) NonClass: 97965K(105408K)->97950K(105408K) Class: 16695K(21312K)->16691K(21312K)
[138.278s][info][gc             ] GC(598) Pause Full (Ergonomics) 794M->772M(910M) 83.681ms
[138.278s][info][gc,cpu         ] GC(598) User=1.31s Sys=0.00s Real=0.08s
[138.282s][info][gc,start       ] GC(599) Pause Full (Ergonomics)
[138.282s][info][gc,phases,start] GC(599) Marking Phase
[138.317s][info][gc,phases      ] GC(599) Marking Phase 34.926ms
[138.317s][info][gc,phases,start] GC(599) Summary Phase
[138.317s][info][gc,phases      ] GC(599) Summary Phase 0.029ms
[138.317s][info][gc,phases,start] GC(599) Adjust Roots
[138.319s][info][gc,phases      ] GC(599) Adjust Roots 2.253ms
[138.319s][info][gc,phases,start] GC(599) Compaction Phase
[138.359s][info][gc,phases      ] GC(599) Compaction Phase 40.330ms
[138.359s][info][gc,phases,start] GC(599) Post Compact
[138.365s][info][gc,phases      ] GC(599) Post Compact 5.249ms
[138.365s][info][gc,heap        ] GC(599) PSYoungGen: 116735K(232960K)->94549K(232960K) Eden: 116735K(116736K)->94549K(116736K) From: 0K(116224K)->0K(116224K)
[138.365s][info][gc,heap        ] GC(599) ParOldGen: 696779K(699392K)->696779K(699392K)
[138.365s][info][gc,metaspace   ] GC(599) Metaspace: 114655K(126720K)->114638K(126720K) NonClass: 97961K(105408K)->97947K(105408K) Class: 16693K(21312K)->16690K(21312K)
[138.365s][info][gc             ] GC(599) Pause Full (Ergonomics) 794M->772M(910M) 83.190ms
[138.365s][info][gc,cpu         ] GC(599) User=1.03s Sys=0.02s Real=0.09s
[138.368s][info][gc,start       ] GC(600) Pause Full (Ergonomics)
[138.368s][info][gc,phases,start] GC(600) Marking Phase
[138.400s][info][gc,phases      ] GC(600) Marking Phase 31.640ms
[138.400s][info][gc,phases,start] GC(600) Summary Phase
[138.400s][info][gc,phases      ] GC(600) Summary Phase 0.029ms
[138.400s][info][gc,phases,start] GC(600) Adjust Roots
[138.402s][info][gc,phases      ] GC(600) Adjust Roots 2.582ms
[138.402s][info][gc,phases,start] GC(600) Compaction Phase
[138.415s][info][gc,phases      ] GC(600) Compaction Phase 13.032ms
[138.415s][info][gc,phases,start] GC(600) Post Compact
[138.420s][info][gc,phases      ] GC(600) Post Compact 4.351ms
[138.420s][info][gc,heap        ] GC(600) PSYoungGen: 116736K(232960K)->100773K(232960K) Eden: 116736K(116736K)->100773K(116736K) From: 0K(116224K)->0K(116224K)
[138.420s][info][gc,heap        ] GC(600) ParOldGen: 696779K(699392K)->696779K(699392K)
[138.420s][info][gc,metaspace   ] GC(600) Metaspace: 114650K(126720K)->114643K(126720K) NonClass: 97957K(105408K)->97951K(105408K) Class: 16692K(21312K)->16691K(21312K)
[138.420s][info][gc             ] GC(600) Pause Full (Ergonomics) 794M->778M(910M) 51.989ms
[138.420s][info][gc,cpu         ] GC(600) User=0.45s Sys=0.00s Real=0.05s
[138.423s][info][gc,start       ] GC(601) Pause Full (Ergonomics)
[138.423s][info][gc,phases,start] GC(601) Marking Phase
[138.461s][info][gc,phases      ] GC(601) Marking Phase 37.970ms
[138.461s][info][gc,phases,start] GC(601) Summary Phase
[138.461s][info][gc,phases      ] GC(601) Summary Phase 0.027ms
[138.461s][info][gc,phases,start] GC(601) Adjust Roots
[138.463s][info][gc,phases      ] GC(601) Adjust Roots 2.193ms
[138.463s][info][gc,phases,start] GC(601) Compaction Phase
[138.478s][info][gc,phases      ] GC(601) Compaction Phase 14.942ms
[138.478s][info][gc,phases,start] GC(601) Post Compact
[138.482s][info][gc,phases      ] GC(601) Post Compact 4.050ms
[138.482s][info][gc,heap        ] GC(601) PSYoungGen: 116736K(232960K)->100699K(232960K) Eden: 116736K(116736K)->100699K(116736K) From: 0K(116224K)->0K(116224K)
[138.482s][info][gc,heap        ] GC(601) ParOldGen: 696779K(699392K)->693653K(699392K)
[138.482s][info][gc,metaspace   ] GC(601) Metaspace: 114662K(126720K)->114646K(126720K) NonClass: 97967K(105408K)->97954K(105408K) Class: 16695K(21312K)->16692K(21312K)
[138.482s][info][gc             ] GC(601) Pause Full (Ergonomics) 794M->775M(910M) 59.465ms
[138.482s][info][gc,cpu         ] GC(601) User=0.67s Sys=0.02s Real=0.05s
[138.485s][info][gc,start       ] GC(602) Pause Full (Ergonomics)
[138.485s][info][gc,phases,start] GC(602) Marking Phase
[138.520s][info][gc,phases      ] GC(602) Marking Phase 35.422ms
[138.520s][info][gc,phases,start] GC(602) Summary Phase
[138.521s][info][gc,phases      ] GC(602) Summary Phase 0.029ms
[138.521s][info][gc,phases,start] GC(602) Adjust Roots
[138.523s][info][gc,phases      ] GC(602) Adjust Roots 2.621ms
[138.523s][info][gc,phases,start] GC(602) Compaction Phase
[138.536s][info][gc,phases      ] GC(602) Compaction Phase 13.313ms
[138.537s][info][gc,phases,start] GC(602) Post Compact
[138.541s][info][gc,phases      ] GC(602) Post Compact 4.172ms
[138.541s][info][gc,heap        ] GC(602) PSYoungGen: 116736K(232960K)->100739K(232960K) Eden: 116736K(116736K)->100739K(116736K) From: 0K(116224K)->0K(116224K)
[138.541s][info][gc,heap        ] GC(602) ParOldGen: 693653K(699392K)->693653K(699392K)
[138.541s][info][gc,metaspace   ] GC(602) Metaspace: 114660K(126720K)->114644K(126720K) NonClass: 97966K(105408K)->97952K(105408K) Class: 16694K(21312K)->16691K(21312K)
[138.541s][info][gc             ] GC(602) Pause Full (Ergonomics) 791M->775M(910M) 55.860ms
[138.541s][info][gc,cpu         ] GC(602) User=0.67s Sys=0.00s Real=0.05s
[138.546s][info][gc,start       ] GC(603) Pause Full (Ergonomics)
[138.546s][info][gc,phases,start] GC(603) Marking Phase
[138.588s][info][gc,phases      ] GC(603) Marking Phase 41.996ms
[138.588s][info][gc,phases,start] GC(603) Summary Phase
[138.588s][info][gc,phases      ] GC(603) Summary Phase 0.028ms
[138.588s][info][gc,phases,start] GC(603) Adjust Roots
[138.590s][info][gc,phases      ] GC(603) Adjust Roots 2.636ms
[138.590s][info][gc,phases,start] GC(603) Compaction Phase
[138.601s][info][gc,phases      ] GC(603) Compaction Phase 10.082ms
[138.601s][info][gc,phases,start] GC(603) Post Compact
[138.605s][info][gc,phases      ] GC(603) Post Compact 4.482ms
[138.605s][info][gc,heap        ] GC(603) PSYoungGen: 116736K(232960K)->107022K(232960K) Eden: 116736K(116736K)->107022K(116736K) From: 0K(116224K)->0K(116224K)
[138.605s][info][gc,heap        ] GC(603) ParOldGen: 693653K(699392K)->693653K(699392K)
[138.605s][info][gc,metaspace   ] GC(603) Metaspace: 114655K(126720K)->114639K(126720K) NonClass: 97962K(105408K)->97948K(105408K) Class: 16693K(21312K)->16690K(21312K)
[138.605s][info][gc             ] GC(603) Pause Full (Ergonomics) 791M->781M(910M) 59.583ms
[138.605s][info][gc,cpu         ] GC(603) User=0.47s Sys=0.00s Real=0.05s
[138.608s][info][gc,start       ] GC(604) Pause Full (Ergonomics)
[138.608s][info][gc,phases,start] GC(604) Marking Phase
[138.644s][info][gc,phases      ] GC(604) Marking Phase 36.395ms
[138.644s][info][gc,phases,start] GC(604) Summary Phase
[138.644s][info][gc,phases      ] GC(604) Summary Phase 0.028ms
[138.644s][info][gc,phases,start] GC(604) Adjust Roots
[138.647s][info][gc,phases      ] GC(604) Adjust Roots 2.843ms
[138.647s][info][gc,phases,start] GC(604) Compaction Phase
[138.663s][info][gc,phases      ] GC(604) Compaction Phase 16.115ms
[138.663s][info][gc,phases,start] GC(604) Post Compact
[138.667s][info][gc,phases      ] GC(604) Post Compact 4.039ms
[138.667s][info][gc,heap        ] GC(604) PSYoungGen: 116736K(232960K)->100777K(232960K) Eden: 116736K(116736K)->100777K(116736K) From: 0K(116224K)->0K(116224K)
[138.667s][info][gc,heap        ] GC(604) ParOldGen: 693653K(699392K)->696787K(699392K)
[138.667s][info][gc,metaspace   ] GC(604) Metaspace: 114656K(126720K)->114650K(126720K) NonClass: 97963K(105408K)->97958K(105408K) Class: 16693K(21312K)->16692K(21312K)
[138.668s][info][gc             ] GC(604) Pause Full (Ergonomics) 791M->778M(910M) 59.722ms
[138.668s][info][gc,cpu         ] GC(604) User=0.69s Sys=0.00s Real=0.05s
[138.671s][info][gc,start       ] GC(605) Pause Full (Ergonomics)
[138.671s][info][gc,phases,start] GC(605) Marking Phase
[138.708s][info][gc,phases      ] GC(605) Marking Phase 37.346ms
[138.708s][info][gc,phases,start] GC(605) Summary Phase
[138.708s][info][gc,phases      ] GC(605) Summary Phase 0.026ms
[138.708s][info][gc,phases,start] GC(605) Adjust Roots
[138.711s][info][gc,phases      ] GC(605) Adjust Roots 2.632ms
[138.711s][info][gc,phases,start] GC(605) Compaction Phase
[138.725s][info][gc,phases      ] GC(605) Compaction Phase 14.422ms
[138.725s][info][gc,phases,start] GC(605) Post Compact
[138.730s][info][gc,phases      ] GC(605) Post Compact 4.733ms
[138.730s][info][gc,heap        ] GC(605) PSYoungGen: 116735K(232960K)->100749K(232960K) Eden: 116735K(116736K)->100749K(116736K) From: 0K(116224K)->0K(116224K)
[138.730s][info][gc,heap        ] GC(605) ParOldGen: 696787K(699392K)->696787K(699392K)
[138.730s][info][gc,metaspace   ] GC(605) Metaspace: 114656K(126720K)->114650K(126720K) NonClass: 97963K(105408K)->97958K(105408K) Class: 16693K(21312K)->16692K(21312K)
[138.730s][info][gc             ] GC(605) Pause Full (Ergonomics) 794M->778M(910M) 59.512ms
[138.730s][info][gc,cpu         ] GC(605) User=0.61s Sys=0.00s Real=0.05s
[138.734s][info][gc,start       ] GC(606) Pause Full (Ergonomics)
[138.734s][info][gc,phases,start] GC(606) Marking Phase
[138.773s][info][gc,phases      ] GC(606) Marking Phase 39.684ms
[138.774s][info][gc,phases,start] GC(606) Summary Phase
[138.774s][info][gc,phases      ] GC(606) Summary Phase 0.030ms
[138.774s][info][gc,phases,start] GC(606) Adjust Roots
[138.777s][info][gc,phases      ] GC(606) Adjust Roots 3.061ms
[138.777s][info][gc,phases,start] GC(606) Compaction Phase
[138.822s][info][gc,phases      ] GC(606) Compaction Phase 45.480ms
[138.822s][info][gc,phases,start] GC(606) Post Compact
[138.826s][info][gc,phases      ] GC(606) Post Compact 4.024ms
[138.826s][info][gc,heap        ] GC(606) PSYoungGen: 116736K(232960K)->100773K(232960K) Eden: 116736K(116736K)->100773K(116736K) From: 0K(116224K)->0K(116224K)
[138.826s][info][gc,heap        ] GC(606) ParOldGen: 696787K(699392K)->696787K(699392K)
[138.826s][info][gc,metaspace   ] GC(606) Metaspace: 114656K(126720K)->114649K(126720K) NonClass: 97963K(105408K)->97957K(105408K) Class: 16693K(21312K)->16692K(21312K)
[138.826s][info][gc             ] GC(606) Pause Full (Ergonomics) 794M->778M(910M) 92.566ms
[138.826s][info][gc,cpu         ] GC(606) User=1.34s Sys=0.00s Real=0.09s
[138.829s][info][gc,start       ] GC(607) Pause Full (Ergonomics)
[138.829s][info][gc,phases,start] GC(607) Marking Phase
[138.866s][info][gc,phases      ] GC(607) Marking Phase 36.714ms
[138.866s][info][gc,phases,start] GC(607) Summary Phase
[138.866s][info][gc,phases      ] GC(607) Summary Phase 0.029ms
[138.866s][info][gc,phases,start] GC(607) Adjust Roots
[138.868s][info][gc,phases      ] GC(607) Adjust Roots 2.204ms
[138.868s][info][gc,phases,start] GC(607) Compaction Phase
[138.909s][info][gc,phases      ] GC(607) Compaction Phase 40.636ms
[138.909s][info][gc,phases,start] GC(607) Post Compact
[138.913s][info][gc,phases      ] GC(607) Post Compact 4.058ms
[138.913s][info][gc,heap        ] GC(607) PSYoungGen: 116736K(232960K)->100812K(232960K) Eden: 116736K(116736K)->100812K(116736K) From: 0K(116224K)->0K(116224K)
[138.913s][info][gc,heap        ] GC(607) ParOldGen: 696787K(699392K)->696787K(699392K)
[138.913s][info][gc,metaspace   ] GC(607) Metaspace: 114680K(126720K)->114667K(126720K) NonClass: 97984K(105408K)->97973K(105408K) Class: 16695K(21312K)->16693K(21312K)
[138.913s][info][gc             ] GC(607) Pause Full (Ergonomics) 794M->778M(910M) 83.931ms
[138.913s][info][gc,cpu         ] GC(607) User=1.33s Sys=0.00s Real=0.08s
[138.916s][info][gc,start       ] GC(608) Pause Full (Ergonomics)
[138.916s][info][gc,phases,start] GC(608) Marking Phase
[138.950s][info][gc,phases      ] GC(608) Marking Phase 34.418ms
[138.951s][info][gc,phases,start] GC(608) Summary Phase
[138.951s][info][gc,phases      ] GC(608) Summary Phase 0.027ms
[138.951s][info][gc,phases,start] GC(608) Adjust Roots
[138.953s][info][gc,phases      ] GC(608) Adjust Roots 2.645ms
[138.953s][info][gc,phases,start] GC(608) Compaction Phase
[138.963s][info][gc,phases      ] GC(608) Compaction Phase 10.010ms
[138.963s][info][gc,phases,start] GC(608) Post Compact
[138.967s][info][gc,phases      ] GC(608) Post Compact 4.117ms
[138.967s][info][gc,heap        ] GC(608) PSYoungGen: 116735K(232960K)->100814K(232960K) Eden: 116735K(116736K)->100814K(116736K) From: 0K(116224K)->0K(116224K)
[138.967s][info][gc,heap        ] GC(608) ParOldGen: 696787K(699392K)->696787K(699392K)
[138.967s][info][gc,metaspace   ] GC(608) Metaspace: 114686K(126720K)->114669K(126720K) NonClass: 97990K(105408K)->97976K(105408K) Class: 16695K(21312K)->16693K(21312K)
[138.967s][info][gc             ] GC(608) Pause Full (Ergonomics) 794M->778M(910M) 51.472ms
[138.968s][info][gc,cpu         ] GC(608) User=0.39s Sys=0.00s Real=0.05s
[138.971s][info][gc,start       ] GC(609) Pause Full (Ergonomics)
[138.971s][info][gc,phases,start] GC(609) Marking Phase
[139.008s][info][gc,phases      ] GC(609) Marking Phase 36.946ms
[139.008s][info][gc,phases,start] GC(609) Summary Phase
[139.008s][info][gc,phases      ] GC(609) Summary Phase 0.028ms
[139.008s][info][gc,phases,start] GC(609) Adjust Roots
[139.011s][info][gc,phases      ] GC(609) Adjust Roots 2.897ms
[139.011s][info][gc,phases,start] GC(609) Compaction Phase
[139.051s][info][gc,phases      ] GC(609) Compaction Phase 39.956ms
[139.051s][info][gc,phases,start] GC(609) Post Compact
[139.055s][info][gc,phases      ] GC(609) Post Compact 4.071ms
[139.055s][info][gc,heap        ] GC(609) PSYoungGen: 116736K(232960K)->100851K(232960K) Eden: 116736K(116736K)->100851K(116736K) From: 0K(116224K)->0K(116224K)
[139.055s][info][gc,heap        ] GC(609) ParOldGen: 696787K(699392K)->696787K(699392K)
[139.055s][info][gc,metaspace   ] GC(609) Metaspace: 114697K(126720K)->114683K(126720K) NonClass: 98000K(105408K)->97989K(105408K) Class: 16696K(21312K)->16694K(21312K)
[139.055s][info][gc             ] GC(609) Pause Full (Ergonomics) 794M->778M(910M) 84.189ms
[139.055s][info][gc,cpu         ] GC(609) User=1.33s Sys=0.00s Real=0.08s
[139.058s][info][gc,start       ] GC(610) Pause Full (Ergonomics)
[139.058s][info][gc,phases,start] GC(610) Marking Phase
[139.089s][info][gc,phases      ] GC(610) Marking Phase 31.216ms
[139.089s][info][gc,phases,start] GC(610) Summary Phase
[139.089s][info][gc,phases      ] GC(610) Summary Phase 0.028ms
[139.089s][info][gc,phases,start] GC(610) Adjust Roots
[139.092s][info][gc,phases      ] GC(610) Adjust Roots 2.920ms
[139.092s][info][gc,phases,start] GC(610) Compaction Phase
[139.134s][info][gc,phases      ] GC(610) Compaction Phase 41.436ms
[139.134s][info][gc,phases,start] GC(610) Post Compact
[139.138s][info][gc,phases      ] GC(610) Post Compact 4.124ms
[139.138s][info][gc,heap        ] GC(610) PSYoungGen: 116736K(232960K)->100842K(232960K) Eden: 116736K(116736K)->100842K(116736K) From: 0K(116224K)->0K(116224K)
[139.138s][info][gc,heap        ] GC(610) ParOldGen: 696787K(699392K)->696787K(699392K)
[139.138s][info][gc,metaspace   ] GC(610) Metaspace: 114710K(126720K)->114700K(126720K) NonClass: 98015K(105408K)->98007K(105408K) Class: 16695K(21312K)->16693K(21312K)
[139.138s][info][gc             ] GC(610) Pause Full (Ergonomics) 794M->778M(910M) 80.050ms
[139.138s][info][gc,cpu         ] GC(610) User=1.02s Sys=0.00s Real=0.08s
[139.141s][info][gc,start       ] GC(611) Pause Full (Ergonomics)
[139.141s][info][gc,phases,start] GC(611) Marking Phase
[139.171s][info][gc,phases      ] GC(611) Marking Phase 30.493ms
[139.172s][info][gc,phases,start] GC(611) Summary Phase
[139.172s][info][gc,phases      ] GC(611) Summary Phase 0.026ms
[139.172s][info][gc,phases,start] GC(611) Adjust Roots
[139.174s][info][gc,phases      ] GC(611) Adjust Roots 2.242ms
[139.174s][info][gc,phases,start] GC(611) Compaction Phase
[139.223s][info][gc,phases      ] GC(611) Compaction Phase 49.327ms
[139.223s][info][gc,phases,start] GC(611) Post Compact
[139.227s][info][gc,phases      ] GC(611) Post Compact 4.066ms
[139.227s][info][gc,heap        ] GC(611) PSYoungGen: 116736K(232960K)->100805K(232960K) Eden: 116736K(116736K)->100805K(116736K) From: 0K(116224K)->0K(116224K)
[139.227s][info][gc,heap        ] GC(611) ParOldGen: 696787K(699392K)->696787K(699392K)
[139.227s][info][gc,metaspace   ] GC(611) Metaspace: 114746K(126784K)->114723K(126784K) NonClass: 98049K(105472K)->98029K(105472K) Class: 16697K(21312K)->16694K(21312K)
[139.227s][info][gc             ] GC(611) Pause Full (Ergonomics) 794M->778M(910M) 86.448ms
[139.227s][info][gc,cpu         ] GC(611) User=1.31s Sys=0.02s Real=0.08s
[139.230s][info][gc,start       ] GC(612) Pause Full (Ergonomics)
[139.230s][info][gc,phases,start] GC(612) Marking Phase
[139.264s][info][gc,phases      ] GC(612) Marking Phase 33.939ms
[139.264s][info][gc,phases,start] GC(612) Summary Phase
[139.264s][info][gc,phases      ] GC(612) Summary Phase 0.027ms
[139.264s][info][gc,phases,start] GC(612) Adjust Roots
[139.267s][info][gc,phases      ] GC(612) Adjust Roots 2.786ms
[139.267s][info][gc,phases,start] GC(612) Compaction Phase
[139.278s][info][gc,phases      ] GC(612) Compaction Phase 10.872ms
[139.278s][info][gc,phases,start] GC(612) Post Compact
[139.282s][info][gc,phases      ] GC(612) Post Compact 3.987ms
[139.282s][info][gc,heap        ] GC(612) PSYoungGen: 116735K(232960K)->100862K(232960K) Eden: 116735K(116736K)->100862K(116736K) From: 0K(116224K)->0K(116224K)
[139.282s][info][gc,heap        ] GC(612) ParOldGen: 696787K(699392K)->696787K(699392K)
[139.282s][info][gc,metaspace   ] GC(612) Metaspace: 114746K(126784K)->114739K(126784K) NonClass: 98048K(105472K)->98043K(105472K) Class: 16697K(21312K)->16696K(21312K)
[139.282s][info][gc             ] GC(612) Pause Full (Ergonomics) 794M->778M(910M) 51.860ms
[139.282s][info][gc,cpu         ] GC(612) User=0.39s Sys=0.00s Real=0.05s
[139.285s][info][gc,start       ] GC(613) Pause Full (Ergonomics)
[139.285s][info][gc,phases,start] GC(613) Marking Phase
[139.326s][info][gc,phases      ] GC(613) Marking Phase 40.912ms
[139.326s][info][gc,phases,start] GC(613) Summary Phase
[139.326s][info][gc,phases      ] GC(613) Summary Phase 0.028ms
[139.326s][info][gc,phases,start] GC(613) Adjust Roots
[139.330s][info][gc,phases      ] GC(613) Adjust Roots 3.139ms
[139.330s][info][gc,phases,start] GC(613) Compaction Phase
[139.369s][info][gc,phases      ] GC(613) Compaction Phase 39.871ms
[139.370s][info][gc,phases,start] GC(613) Post Compact
[139.374s][info][gc,phases      ] GC(613) Post Compact 4.103ms
[139.374s][info][gc,heap        ] GC(613) PSYoungGen: 116736K(232960K)->100892K(232960K) Eden: 116736K(116736K)->100892K(116736K) From: 0K(116224K)->0K(116224K)
[139.374s][info][gc,heap        ] GC(613) ParOldGen: 696787K(699392K)->696787K(699392K)
[139.374s][info][gc,metaspace   ] GC(613) Metaspace: 114758K(126784K)->114738K(126784K) NonClass: 98059K(105472K)->98042K(105472K) Class: 16699K(21312K)->16696K(21312K)
[139.374s][info][gc             ] GC(613) Pause Full (Ergonomics) 794M->778M(910M) 88.324ms
[139.374s][info][gc,cpu         ] GC(613) User=1.42s Sys=0.00s Real=0.09s
[139.376s][info][gc,start       ] GC(614) Pause Full (Ergonomics)
[139.376s][info][gc,phases,start] GC(614) Marking Phase
[139.411s][info][gc,phases      ] GC(614) Marking Phase 34.321ms
[139.411s][info][gc,phases,start] GC(614) Summary Phase
[139.411s][info][gc,phases      ] GC(614) Summary Phase 0.028ms
[139.411s][info][gc,phases,start] GC(614) Adjust Roots
[139.413s][info][gc,phases      ] GC(614) Adjust Roots 2.642ms
[139.413s][info][gc,phases,start] GC(614) Compaction Phase
[139.453s][info][gc,phases      ] GC(614) Compaction Phase 39.688ms
[139.453s][info][gc,phases,start] GC(614) Post Compact
[139.457s][info][gc,phases      ] GC(614) Post Compact 4.049ms
[139.457s][info][gc,heap        ] GC(614) PSYoungGen: 116736K(232960K)->100900K(232960K) Eden: 116736K(116736K)->100900K(116736K) From: 0K(116224K)->0K(116224K)
[139.457s][info][gc,heap        ] GC(614) ParOldGen: 696787K(699392K)->696787K(699392K)
[139.457s][info][gc,metaspace   ] GC(614) Metaspace: 114746K(126784K)->114742K(126784K) NonClass: 98049K(105472K)->98046K(105472K) Class: 16696K(21312K)->16696K(21312K)
[139.457s][info][gc             ] GC(614) Pause Full (Ergonomics) 794M->778M(910M) 81.006ms
[139.457s][info][gc,cpu         ] GC(614) User=1.02s Sys=0.00s Real=0.08s
[139.460s][info][gc,start       ] GC(615) Pause Full (Ergonomics)
[139.460s][info][gc,phases,start] GC(615) Marking Phase
[139.494s][info][gc,phases      ] GC(615) Marking Phase 34.707ms
[139.494s][info][gc,phases,start] GC(615) Summary Phase
[139.495s][info][gc,phases      ] GC(615) Summary Phase 0.029ms
[139.495s][info][gc,phases,start] GC(615) Adjust Roots
[139.497s][info][gc,phases      ] GC(615) Adjust Roots 2.675ms
[139.497s][info][gc,phases,start] GC(615) Compaction Phase
[139.510s][info][gc,phases      ] GC(615) Compaction Phase 12.381ms
[139.510s][info][gc,phases,start] GC(615) Post Compact
[139.514s][info][gc,phases      ] GC(615) Post Compact 4.676ms
[139.514s][info][gc,heap        ] GC(615) PSYoungGen: 116735K(232960K)->107077K(232960K) Eden: 116735K(116736K)->107077K(116736K) From: 0K(116224K)->0K(116224K)
[139.514s][info][gc,heap        ] GC(615) ParOldGen: 696787K(699392K)->696787K(699392K)
[139.514s][info][gc,metaspace   ] GC(615) Metaspace: 114757K(126784K)->114740K(126784K) NonClass: 98058K(105472K)->98043K(105472K) Class: 16699K(21312K)->16696K(21312K)
[139.515s][info][gc             ] GC(615) Pause Full (Ergonomics) 794M->785M(910M) 54.833ms
[139.515s][info][gc,cpu         ] GC(615) User=0.44s Sys=0.00s Real=0.05s
[139.517s][info][gc,start       ] GC(616) Pause Full (Ergonomics)
[139.517s][info][gc,phases,start] GC(616) Marking Phase
[139.543s][info][gc,phases      ] GC(616) Marking Phase 26.704ms
[139.543s][info][gc,phases,start] GC(616) Summary Phase
[139.543s][info][gc,phases      ] GC(616) Summary Phase 0.028ms
[139.543s][info][gc,phases,start] GC(616) Adjust Roots
[139.546s][info][gc,phases      ] GC(616) Adjust Roots 2.616ms
[139.546s][info][gc,phases,start] GC(616) Compaction Phase
[139.558s][info][gc,phases      ] GC(616) Compaction Phase 11.615ms
[139.558s][info][gc,phases,start] GC(616) Post Compact
[139.562s][info][gc,phases      ] GC(616) Post Compact 4.004ms
[139.562s][info][gc,heap        ] GC(616) PSYoungGen: 116736K(232960K)->107155K(232960K) Eden: 116736K(116736K)->107155K(116736K) From: 0K(116224K)->0K(116224K)
[139.562s][info][gc,heap        ] GC(616) ParOldGen: 696787K(699392K)->693662K(699392K)
[139.562s][info][gc,metaspace   ] GC(616) Metaspace: 114749K(126784K)->114749K(126784K) NonClass: 98052K(105472K)->98052K(105472K) Class: 16697K(21312K)->16697K(21312K)
[139.562s][info][gc             ] GC(616) Pause Full (Ergonomics) 794M->782M(910M) 45.223ms
[139.562s][info][gc,cpu         ] GC(616) User=0.36s Sys=0.00s Real=0.05s
[139.564s][info][gc,start       ] GC(617) Pause Full (Ergonomics)
[139.564s][info][gc,phases,start] GC(617) Marking Phase
[139.601s][info][gc,phases      ] GC(617) Marking Phase 36.792ms
[139.601s][info][gc,phases,start] GC(617) Summary Phase
[139.601s][info][gc,phases      ] GC(617) Summary Phase 0.026ms
[139.601s][info][gc,phases,start] GC(617) Adjust Roots
[139.604s][info][gc,phases      ] GC(617) Adjust Roots 3.063ms
[139.604s][info][gc,phases,start] GC(617) Compaction Phase
[139.643s][info][gc,phases      ] GC(617) Compaction Phase 39.121ms
[139.643s][info][gc,phases,start] GC(617) Post Compact
[139.647s][info][gc,phases      ] GC(617) Post Compact 4.076ms
[139.647s][info][gc,heap        ] GC(617) PSYoungGen: 116736K(232960K)->107140K(232960K) Eden: 116736K(116736K)->107140K(116736K) From: 0K(116224K)->0K(116224K)
[139.647s][info][gc,heap        ] GC(617) ParOldGen: 693662K(699392K)->693662K(699392K)
[139.647s][info][gc,metaspace   ] GC(617) Metaspace: 114752K(126784K)->114736K(126784K) NonClass: 98055K(105472K)->98041K(105472K) Class: 16697K(21312K)->16694K(21312K)
[139.647s][info][gc             ] GC(617) Pause Full (Ergonomics) 791M->782M(910M) 83.353ms
[139.647s][info][gc,cpu         ] GC(617) User=1.33s Sys=0.00s Real=0.08s
[139.649s][info][gc,start       ] GC(618) Pause Full (Ergonomics)
[139.649s][info][gc,phases,start] GC(618) Marking Phase
[139.681s][info][gc,phases      ] GC(618) Marking Phase 31.486ms
[139.681s][info][gc,phases,start] GC(618) Summary Phase
[139.681s][info][gc,phases      ] GC(618) Summary Phase 0.030ms
[139.681s][info][gc,phases,start] GC(618) Adjust Roots
[139.683s][info][gc,phases      ] GC(618) Adjust Roots 2.640ms
[139.683s][info][gc,phases,start] GC(618) Compaction Phase
[139.694s][info][gc,phases      ] GC(618) Compaction Phase 10.675ms
[139.694s][info][gc,phases,start] GC(618) Post Compact
[139.698s][info][gc,phases      ] GC(618) Post Compact 3.937ms
[139.698s][info][gc,heap        ] GC(618) PSYoungGen: 116736K(232960K)->107123K(232960K) Eden: 116736K(116736K)->107123K(116736K) From: 0K(116224K)->0K(116224K)
[139.698s][info][gc,heap        ] GC(618) ParOldGen: 693662K(699392K)->693662K(699392K)
[139.698s][info][gc,metaspace   ] GC(618) Metaspace: 114749K(126784K)->114745K(126784K) NonClass: 98051K(105472K)->98048K(105472K) Class: 16697K(21312K)->16697K(21312K)
[139.698s][info][gc             ] GC(618) Pause Full (Ergonomics) 791M->782M(910M) 49.017ms
[139.698s][info][gc,cpu         ] GC(618) User=0.36s Sys=0.00s Real=0.05s
[139.700s][info][gc,start       ] GC(619) Pause Full (Ergonomics)
[139.700s][info][gc,phases,start] GC(619) Marking Phase
[139.744s][info][gc,phases      ] GC(619) Marking Phase 43.407ms
[139.744s][info][gc,phases,start] GC(619) Summary Phase
[139.744s][info][gc,phases      ] GC(619) Summary Phase 0.026ms
[139.744s][info][gc,phases,start] GC(619) Adjust Roots
[139.747s][info][gc,phases      ] GC(619) Adjust Roots 2.740ms
[139.747s][info][gc,phases,start] GC(619) Compaction Phase
[139.757s][info][gc,phases      ] GC(619) Compaction Phase 9.857ms
[139.757s][info][gc,phases,start] GC(619) Post Compact
[139.761s][info][gc,phases      ] GC(619) Post Compact 3.981ms
[139.761s][info][gc,heap        ] GC(619) PSYoungGen: 116736K(232960K)->107091K(232960K) Eden: 116736K(116736K)->107091K(116736K) From: 0K(116224K)->0K(116224K)
[139.761s][info][gc,heap        ] GC(619) ParOldGen: 693662K(699392K)->693662K(699392K)
[139.761s][info][gc,metaspace   ] GC(619) Metaspace: 114755K(126784K)->114745K(126784K) NonClass: 98058K(105472K)->98049K(105472K) Class: 16697K(21312K)->16696K(21312K)
[139.761s][info][gc             ] GC(619) Pause Full (Ergonomics) 791M->781M(910M) 60.275ms
[139.761s][info][gc,cpu         ] GC(619) User=0.38s Sys=0.00s Real=0.05s
[139.763s][info][gc,start       ] GC(620) Pause Full (Ergonomics)
[139.763s][info][gc,phases,start] GC(620) Marking Phase
[139.805s][info][gc,phases      ] GC(620) Marking Phase 41.127ms
[139.805s][info][gc,phases,start] GC(620) Summary Phase
[139.805s][info][gc,phases      ] GC(620) Summary Phase 0.028ms
[139.805s][info][gc,phases,start] GC(620) Adjust Roots
[139.807s][info][gc,phases      ] GC(620) Adjust Roots 2.740ms
[139.807s][info][gc,phases,start] GC(620) Compaction Phase
[139.823s][info][gc,phases      ] GC(620) Compaction Phase 15.835ms
[139.823s][info][gc,phases,start] GC(620) Post Compact
[139.828s][info][gc,phases      ] GC(620) Post Compact 4.402ms
[139.828s][info][gc,heap        ] GC(620) PSYoungGen: 116736K(232960K)->107138K(232960K) Eden: 116736K(116736K)->107138K(116736K) From: 0K(116224K)->0K(116224K)
[139.828s][info][gc,heap        ] GC(620) ParOldGen: 693662K(699392K)->693662K(699392K)
[139.828s][info][gc,metaspace   ] GC(620) Metaspace: 114746K(126784K)->114740K(126784K) NonClass: 98050K(105472K)->98045K(105472K) Class: 16696K(21312K)->16695K(21312K)
[139.828s][info][gc             ] GC(620) Pause Full (Ergonomics) 791M->782M(910M) 64.432ms
[139.828s][info][gc,cpu         ] GC(620) User=0.48s Sys=0.00s Real=0.06s
[139.830s][info][gc,start       ] GC(621) Pause Full (Ergonomics)
[139.830s][info][gc,phases,start] GC(621) Marking Phase
[139.875s][info][gc,phases      ] GC(621) Marking Phase 44.987ms
[139.875s][info][gc,phases,start] GC(621) Summary Phase
[139.875s][info][gc,phases      ] GC(621) Summary Phase 0.028ms
[139.875s][info][gc,phases,start] GC(621) Adjust Roots
[139.878s][info][gc,phases      ] GC(621) Adjust Roots 2.709ms
[139.878s][info][gc,phases,start] GC(621) Compaction Phase
[139.888s][info][gc,phases      ] GC(621) Compaction Phase 9.985ms
[139.888s][info][gc,phases,start] GC(621) Post Compact
[139.893s][info][gc,phases      ] GC(621) Post Compact 4.317ms
[139.893s][info][gc,heap        ] GC(621) PSYoungGen: 116735K(232960K)->107092K(232960K) Eden: 116735K(116736K)->107092K(116736K) From: 0K(116224K)->0K(116224K)
[139.893s][info][gc,heap        ] GC(621) ParOldGen: 693662K(699392K)->693662K(699392K)
[139.893s][info][gc,metaspace   ] GC(621) Metaspace: 114762K(126784K)->114759K(126784K) NonClass: 98063K(105472K)->98060K(105472K) Class: 16698K(21312K)->16698K(21312K)
[139.893s][info][gc             ] GC(621) Pause Full (Ergonomics) 791M->781M(910M) 62.368ms
[139.893s][info][gc,cpu         ] GC(621) User=0.72s Sys=0.00s Real=0.06s
[139.895s][info][gc,start       ] GC(622) Pause Full (Ergonomics)
[139.895s][info][gc,phases,start] GC(622) Marking Phase
[139.937s][info][gc,phases      ] GC(622) Marking Phase 41.111ms
[139.937s][info][gc,phases,start] GC(622) Summary Phase
[139.937s][info][gc,phases      ] GC(622) Summary Phase 0.028ms
[139.937s][info][gc,phases,start] GC(622) Adjust Roots
[139.939s][info][gc,phases      ] GC(622) Adjust Roots 2.329ms
[139.939s][info][gc,phases,start] GC(622) Compaction Phase
[139.949s][info][gc,phases      ] GC(622) Compaction Phase 10.470ms
[139.949s][info][gc,phases,start] GC(622) Post Compact
[139.953s][info][gc,phases      ] GC(622) Post Compact 3.848ms
[139.953s][info][gc,heap        ] GC(622) PSYoungGen: 116736K(232960K)->107113K(232960K) Eden: 116736K(116736K)->107113K(116736K) From: 0K(116224K)->0K(116224K)
[139.953s][info][gc,heap        ] GC(622) ParOldGen: 693662K(699392K)->693662K(699392K)
[139.953s][info][gc,metaspace   ] GC(622) Metaspace: 114759K(126784K)->114749K(126784K) NonClass: 98061K(105472K)->98052K(105472K) Class: 16698K(21312K)->16696K(21312K)
[139.953s][info][gc             ] GC(622) Pause Full (Ergonomics) 791M->782M(910M) 58.068ms
[139.953s][info][gc,cpu         ] GC(622) User=0.48s Sys=0.00s Real=0.05s
[139.956s][info][gc,start       ] GC(623) Pause Full (Ergonomics)
[139.956s][info][gc,phases,start] GC(623) Marking Phase
[139.994s][info][gc,phases      ] GC(623) Marking Phase 37.944ms
[139.994s][info][gc,phases,start] GC(623) Summary Phase
[139.994s][info][gc,phases      ] GC(623) Summary Phase 0.028ms
[139.994s][info][gc,phases,start] GC(623) Adjust Roots
[139.997s][info][gc,phases      ] GC(623) Adjust Roots 3.192ms
[139.997s][info][gc,phases,start] GC(623) Compaction Phase
[140.009s][info][gc,phases      ] GC(623) Compaction Phase 11.266ms
[140.009s][info][gc,phases,start] GC(623) Post Compact
[140.012s][info][gc,phases      ] GC(623) Post Compact 3.831ms
[140.012s][info][gc,heap        ] GC(623) PSYoungGen: 116736K(232960K)->107216K(232960K) Eden: 116736K(116736K)->107216K(116736K) From: 0K(116224K)->0K(116224K)
[140.012s][info][gc,heap        ] GC(623) ParOldGen: 693662K(699392K)->693662K(699392K)
[140.012s][info][gc,metaspace   ] GC(623) Metaspace: 114763K(126784K)->114750K(126784K) NonClass: 98063K(105472K)->98052K(105472K) Class: 16700K(21312K)->16697K(21312K)
[140.013s][info][gc             ] GC(623) Pause Full (Ergonomics) 791M->782M(910M) 56.488ms
[140.013s][info][gc,cpu         ] GC(623) User=0.47s Sys=0.00s Real=0.05s
[140.015s][info][gc,start       ] GC(624) Pause Full (Ergonomics)
[140.015s][info][gc,phases,start] GC(624) Marking Phase
[140.054s][info][gc,phases      ] GC(624) Marking Phase 38.537ms
[140.054s][info][gc,phases,start] GC(624) Summary Phase
[140.054s][info][gc,phases      ] GC(624) Summary Phase 0.029ms
[140.054s][info][gc,phases,start] GC(624) Adjust Roots
[140.057s][info][gc,phases      ] GC(624) Adjust Roots 3.276ms
[140.057s][info][gc,phases,start] GC(624) Compaction Phase
[140.097s][info][gc,phases      ] GC(624) Compaction Phase 39.865ms
[140.097s][info][gc,phases,start] GC(624) Post Compact
[140.101s][info][gc,phases      ] GC(624) Post Compact 4.083ms
[140.101s][info][gc,heap        ] GC(624) PSYoungGen: 116736K(232960K)->107194K(232960K) Eden: 116736K(116736K)->107194K(116736K) From: 0K(116224K)->0K(116224K)
[140.101s][info][gc,heap        ] GC(624) ParOldGen: 693662K(699392K)->693662K(699392K)
[140.101s][info][gc,metaspace   ] GC(624) Metaspace: 114765K(126784K)->114750K(126784K) NonClass: 98063K(105472K)->98053K(105472K) Class: 16701K(21312K)->16697K(21312K)
[140.101s][info][gc             ] GC(624) Pause Full (Ergonomics) 791M->782M(910M) 86.075ms
[140.101s][info][gc,cpu         ] GC(624) User=1.33s Sys=0.00s Real=0.08s
[140.102s][info][gc,start       ] GC(625) Pause Full (Ergonomics)
[140.102s][info][gc,phases,start] GC(625) Marking Phase
[140.137s][info][gc,phases      ] GC(625) Marking Phase 34.724ms
[140.137s][info][gc,phases,start] GC(625) Summary Phase
[140.137s][info][gc,phases      ] GC(625) Summary Phase 0.025ms
[140.137s][info][gc,phases,start] GC(625) Adjust Roots
[140.140s][info][gc,phases      ] GC(625) Adjust Roots 2.750ms
[140.140s][info][gc,phases,start] GC(625) Compaction Phase
[140.150s][info][gc,phases      ] GC(625) Compaction Phase 10.146ms
[140.150s][info][gc,phases,start] GC(625) Post Compact
[140.154s][info][gc,phases      ] GC(625) Post Compact 4.075ms
[140.154s][info][gc,heap        ] GC(625) PSYoungGen: 111165K(232960K)->107163K(232960K) Eden: 111165K(116736K)->107163K(116736K) From: 0K(116224K)->0K(116224K)
[140.154s][info][gc,heap        ] GC(625) ParOldGen: 693662K(699392K)->693662K(699392K)
[140.154s][info][gc,metaspace   ] GC(625) Metaspace: 114757K(126784K)->114756K(126784K) NonClass: 98058K(105472K)->98057K(105472K) Class: 16699K(21312K)->16698K(21312K)
[140.154s][info][gc             ] GC(625) Pause Full (Ergonomics) 785M->782M(910M) 51.986ms
[140.154s][info][gc,cpu         ] GC(625) User=0.38s Sys=0.00s Real=0.05s
[140.171s][info][gc,start       ] GC(626) Pause Full (Ergonomics)
[140.171s][info][gc,phases,start] GC(626) Marking Phase
[140.212s][info][gc,phases      ] GC(626) Marking Phase 41.687ms
[140.212s][info][gc,phases,start] GC(626) Summary Phase
[140.213s][info][gc,phases      ] GC(626) Summary Phase 0.028ms
[140.213s][info][gc,phases,start] GC(626) Adjust Roots
[140.216s][info][gc,phases      ] GC(626) Adjust Roots 3.659ms
[140.216s][info][gc,phases,start] GC(626) Compaction Phase
[140.230s][info][gc,phases      ] GC(626) Compaction Phase 13.752ms
[140.230s][info][gc,phases,start] GC(626) Post Compact
[140.234s][info][gc,phases      ] GC(626) Post Compact 4.014ms
[140.234s][info][gc,heap        ] GC(626) PSYoungGen: 116735K(232960K)->113401K(232960K) Eden: 116735K(116736K)->113401K(116736K) From: 0K(116224K)->0K(116224K)
[140.234s][info][gc,heap        ] GC(626) ParOldGen: 693662K(699392K)->693662K(699392K)
[140.234s][info][gc,metaspace   ] GC(626) Metaspace: 114767K(126784K)->114765K(126784K) NonClass: 98067K(105472K)->98065K(105472K) Class: 16700K(21312K)->16699K(21312K)
[140.234s][info][gc             ] GC(626) Pause Full (Ergonomics) 791M->788M(910M) 63.402ms
[140.234s][info][gc,cpu         ] GC(626) User=0.52s Sys=0.00s Real=0.06s
[140.236s][info][gc,start       ] GC(627) Pause Full (Ergonomics)
[140.236s][info][gc,phases,start] GC(627) Marking Phase
[140.278s][info][gc,phases      ] GC(627) Marking Phase 42.388ms
[140.278s][info][gc,phases,start] GC(627) Summary Phase
[140.278s][info][gc,phases      ] GC(627) Summary Phase 0.028ms
[140.278s][info][gc,phases,start] GC(627) Adjust Roots
[140.281s][info][gc,phases      ] GC(627) Adjust Roots 2.879ms
[140.281s][info][gc,phases,start] GC(627) Compaction Phase
[140.297s][info][gc,phases      ] GC(627) Compaction Phase 16.008ms
[140.297s][info][gc,phases,start] GC(627) Post Compact
[140.302s][info][gc,phases      ] GC(627) Post Compact 4.926ms
[140.302s][info][gc,heap        ] GC(627) PSYoungGen: 116735K(232960K)->107139K(232960K) Eden: 116735K(116736K)->107139K(116736K) From: 0K(116224K)->0K(116224K)
[140.302s][info][gc,heap        ] GC(627) ParOldGen: 693662K(699392K)->696789K(699392K)
[140.302s][info][gc,metaspace   ] GC(627) Metaspace: 114768K(126784K)->114758K(126784K) NonClass: 98068K(105472K)->98059K(105472K) Class: 16699K(21312K)->16698K(21312K)
[140.302s][info][gc             ] GC(627) Pause Full (Ergonomics) 791M->785M(910M) 66.627ms
[140.302s][info][gc,cpu         ] GC(627) User=0.48s Sys=0.00s Real=0.06s
[140.311s][info][gc,start       ] GC(628) Pause Full (Ergonomics)
[140.311s][info][gc,phases,start] GC(628) Marking Phase
[140.342s][info][gc,phases      ] GC(628) Marking Phase 30.455ms
[140.342s][info][gc,phases,start] GC(628) Summary Phase
[140.342s][info][gc,phases      ] GC(628) Summary Phase 0.028ms
[140.342s][info][gc,phases,start] GC(628) Adjust Roots
[140.344s][info][gc,phases      ] GC(628) Adjust Roots 2.480ms
[140.344s][info][gc,phases,start] GC(628) Compaction Phase
[140.353s][info][gc,phases      ] GC(628) Compaction Phase 8.688ms
[140.353s][info][gc,phases,start] GC(628) Post Compact
[140.357s][info][gc,phases      ] GC(628) Post Compact 4.128ms
[140.357s][info][gc,heap        ] GC(628) PSYoungGen: 116736K(232960K)->113361K(232960K) Eden: 116736K(116736K)->113361K(116736K) From: 0K(116224K)->0K(116224K)
[140.357s][info][gc,heap        ] GC(628) ParOldGen: 696789K(699392K)->696789K(699392K)
[140.357s][info][gc,metaspace   ] GC(628) Metaspace: 114759K(126784K)->114759K(126784K) NonClass: 98061K(105472K)->98061K(105472K) Class: 16698K(21312K)->16698K(21312K)
[140.357s][info][gc             ] GC(628) Pause Full (Ergonomics) 794M->791M(910M) 46.099ms
[140.357s][info][gc,cpu         ] GC(628) User=0.36s Sys=0.00s Real=0.03s
[140.359s][info][gc,start       ] GC(629) Pause Full (Ergonomics)
[140.359s][info][gc,phases,start] GC(629) Marking Phase
[140.398s][info][gc,phases      ] GC(629) Marking Phase 39.428ms
[140.398s][info][gc,phases,start] GC(629) Summary Phase
[140.399s][info][gc,phases      ] GC(629) Summary Phase 0.034ms
[140.399s][info][gc,phases,start] GC(629) Adjust Roots
[140.401s][info][gc,phases      ] GC(629) Adjust Roots 2.856ms
[140.401s][info][gc,phases,start] GC(629) Compaction Phase
[140.416s][info][gc,phases      ] GC(629) Compaction Phase 14.086ms
[140.416s][info][gc,phases,start] GC(629) Post Compact
[140.420s][info][gc,phases      ] GC(629) Post Compact 4.912ms
[140.421s][info][gc,heap        ] GC(629) PSYoungGen: 116736K(232960K)->113412K(232960K) Eden: 116736K(116736K)->113412K(116736K) From: 0K(116224K)->0K(116224K)
[140.421s][info][gc,heap        ] GC(629) ParOldGen: 696789K(699392K)->693664K(699392K)
[140.421s][info][gc,metaspace   ] GC(629) Metaspace: 114759K(126784K)->114755K(126784K) NonClass: 98061K(105472K)->98058K(105472K) Class: 16698K(21312K)->16697K(21312K)
[140.421s][info][gc             ] GC(629) Pause Full (Ergonomics) 794M->788M(910M) 61.675ms
[140.421s][info][gc,cpu         ] GC(629) User=0.75s Sys=0.00s Real=0.06s
[140.422s][info][gc,start       ] GC(630) Pause Full (Ergonomics)
[140.422s][info][gc,phases,start] GC(630) Marking Phase
[140.451s][info][gc,phases      ] GC(630) Marking Phase 28.709ms
[140.451s][info][gc,phases,start] GC(630) Summary Phase
[140.451s][info][gc,phases      ] GC(630) Summary Phase 0.026ms
[140.451s][info][gc,phases,start] GC(630) Adjust Roots
[140.453s][info][gc,phases      ] GC(630) Adjust Roots 2.194ms
[140.453s][info][gc,phases,start] GC(630) Compaction Phase
[140.462s][info][gc,phases      ] GC(630) Compaction Phase 8.228ms
[140.462s][info][gc,phases,start] GC(630) Post Compact
[140.466s][info][gc,phases      ] GC(630) Post Compact 4.155ms
[140.466s][info][gc,heap        ] GC(630) PSYoungGen: 116736K(232960K)->113391K(232960K) Eden: 116736K(116736K)->113391K(116736K) From: 0K(116224K)->0K(116224K)
[140.466s][info][gc,heap        ] GC(630) ParOldGen: 693664K(699392K)->693664K(699392K)
[140.466s][info][gc,metaspace   ] GC(630) Metaspace: 114755K(126784K)->114755K(126784K) NonClass: 98058K(105472K)->98058K(105472K) Class: 16697K(21312K)->16697K(21312K)
[140.466s][info][gc             ] GC(630) Pause Full (Ergonomics) 791M->788M(910M) 43.645ms
[140.466s][info][gc,cpu         ] GC(630) User=0.67s Sys=0.02s Real=0.03s
[140.468s][info][gc,start       ] GC(631) Pause Full (Ergonomics)
[140.468s][info][gc,phases,start] GC(631) Marking Phase
[140.496s][info][gc,phases      ] GC(631) Marking Phase 28.756ms
[140.497s][info][gc,phases,start] GC(631) Summary Phase
[140.497s][info][gc,phases      ] GC(631) Summary Phase 0.029ms
[140.497s][info][gc,phases,start] GC(631) Adjust Roots
[140.499s][info][gc,phases      ] GC(631) Adjust Roots 2.192ms
[140.499s][info][gc,phases,start] GC(631) Compaction Phase
[140.506s][info][gc,phases      ] GC(631) Compaction Phase 7.215ms
[140.506s][info][gc,phases,start] GC(631) Post Compact
[140.510s][info][gc,phases      ] GC(631) Post Compact 3.849ms
[140.510s][info][gc,heap        ] GC(631) PSYoungGen: 116735K(232960K)->113393K(232960K) Eden: 116735K(116736K)->113393K(116736K) From: 0K(116224K)->0K(116224K)
[140.510s][info][gc,heap        ] GC(631) ParOldGen: 693664K(699392K)->693664K(699392K)
[140.510s][info][gc,metaspace   ] GC(631) Metaspace: 114775K(126784K)->114775K(126784K) NonClass: 98074K(105472K)->98074K(105472K) Class: 16701K(21312K)->16701K(21312K)
[140.510s][info][gc             ] GC(631) Pause Full (Ergonomics) 791M->788M(910M) 42.294ms
[140.510s][info][gc,cpu         ] GC(631) User=0.38s Sys=0.00s Real=0.03s
[140.511s][info][gc,start       ] GC(632) Pause Full (Ergonomics)
[140.511s][info][gc,phases,start] GC(632) Marking Phase
[140.537s][info][gc,phases      ] GC(632) Marking Phase 26.302ms
[140.537s][info][gc,phases,start] GC(632) Summary Phase
[140.537s][info][gc,phases      ] GC(632) Summary Phase 0.029ms
[140.537s][info][gc,phases,start] GC(632) Adjust Roots
[140.540s][info][gc,phases      ] GC(632) Adjust Roots 2.948ms
[140.540s][info][gc,phases,start] GC(632) Compaction Phase
[140.558s][info][gc,phases      ] GC(632) Compaction Phase 17.893ms
[140.558s][info][gc,phases,start] GC(632) Post Compact
[140.562s][info][gc,phases      ] GC(632) Post Compact 4.014ms
[140.562s][info][gc,heap        ] GC(632) PSYoungGen: 114502K(232960K)->113442K(232960K) Eden: 114502K(116736K)->113442K(116736K) From: 0K(116224K)->0K(116224K)
[140.562s][info][gc,heap        ] GC(632) ParOldGen: 693664K(699392K)->693586K(699392K)
[140.562s][info][gc,metaspace   ] GC(632) Metaspace: 114779K(126784K)->114779K(126784K) NonClass: 98077K(105472K)->98077K(105472K) Class: 16701K(21312K)->16701K(21312K)
[140.562s][info][gc             ] GC(632) Pause Full (Ergonomics) 789M->788M(910M) 51.499ms
[140.562s][info][gc,cpu         ] GC(632) User=1.05s Sys=0.00s Real=0.06s
[140.564s][info][gc,start       ] GC(633) Pause Full (Ergonomics)
[140.564s][info][gc,phases,start] GC(633) Marking Phase
[140.599s][info][gc,phases      ] GC(633) Marking Phase 34.658ms
[140.599s][info][gc,phases,start] GC(633) Summary Phase
[140.599s][info][gc,phases      ] GC(633) Summary Phase 0.026ms
[140.599s][info][gc,phases,start] GC(633) Adjust Roots
[140.602s][info][gc,phases      ] GC(633) Adjust Roots 2.767ms
[140.602s][info][gc,phases,start] GC(633) Compaction Phase
[140.613s][info][gc,phases      ] GC(633) Compaction Phase 11.659ms
[140.613s][info][gc,phases,start] GC(633) Post Compact
[140.618s][info][gc,phases      ] GC(633) Post Compact 4.234ms
[140.618s][info][gc,heap        ] GC(633) PSYoungGen: 116735K(232960K)->113338K(232960K) Eden: 116735K(116736K)->113338K(116736K) From: 0K(116224K)->0K(116224K)
[140.618s][info][gc,heap        ] GC(633) ParOldGen: 697678K(699392K)->697673K(699392K)
[140.618s][info][gc,metaspace   ] GC(633) Metaspace: 114785K(126784K)->114765K(126784K) NonClass: 98082K(105472K)->98066K(105472K) Class: 16702K(21312K)->16699K(21312K)
[140.618s][info][gc             ] GC(633) Pause Full (Ergonomics) 795M->792M(910M) 53.609ms
[140.618s][info][gc,cpu         ] GC(633) User=0.39s Sys=0.00s Real=0.05s
[140.620s][info][gc,start       ] GC(634) Pause Full (Ergonomics)
[140.620s][info][gc,phases,start] GC(634) Marking Phase
[140.658s][info][gc,phases      ] GC(634) Marking Phase 38.105ms
[140.658s][info][gc,phases,start] GC(634) Summary Phase
[140.658s][info][gc,phases      ] GC(634) Summary Phase 0.026ms
[140.658s][info][gc,phases,start] GC(634) Adjust Roots
[140.661s][info][gc,phases      ] GC(634) Adjust Roots 3.373ms
[140.661s][info][gc,phases,start] GC(634) Compaction Phase
[140.674s][info][gc,phases      ] GC(634) Compaction Phase 12.909ms
[140.674s][info][gc,phases,start] GC(634) Post Compact
[140.678s][info][gc,phases      ] GC(634) Post Compact 4.173ms
[140.678s][info][gc,heap        ] GC(634) PSYoungGen: 116735K(232960K)->113436K(232960K) Eden: 116735K(116736K)->113436K(116736K) From: 0K(116224K)->0K(116224K)
[140.678s][info][gc,heap        ] GC(634) ParOldGen: 697673K(699392K)->697664K(699392K)
[140.678s][info][gc,metaspace   ] GC(634) Metaspace: 114776K(126784K)->114769K(126784K) NonClass: 98075K(105472K)->98069K(105472K) Class: 16701K(21312K)->16700K(21312K)
[140.678s][info][gc             ] GC(634) Pause Full (Ergonomics) 795M->792M(910M) 58.856ms
[140.679s][info][gc,cpu         ] GC(634) User=0.44s Sys=0.00s Real=0.05s
[140.679s][info][gc,start       ] GC(635) Pause Full (Ergonomics)
[140.679s][info][gc,phases,start] GC(635) Marking Phase
[140.712s][info][gc,phases      ] GC(635) Marking Phase 33.477ms
[140.712s][info][gc,phases,start] GC(635) Summary Phase
[140.712s][info][gc,phases      ] GC(635) Summary Phase 0.024ms
[140.712s][info][gc,phases,start] GC(635) Adjust Roots
[140.715s][info][gc,phases      ] GC(635) Adjust Roots 2.547ms
[140.715s][info][gc,phases,start] GC(635) Compaction Phase
[140.729s][info][gc,phases      ] GC(635) Compaction Phase 14.275ms
[140.729s][info][gc,phases,start] GC(635) Post Compact
[140.734s][info][gc,phases      ] GC(635) Post Compact 4.217ms
[140.734s][info][gc,heap        ] GC(635) PSYoungGen: 113459K(232960K)->107186K(232960K) Eden: 113459K(116736K)->107186K(116736K) From: 0K(116224K)->0K(116224K)
[140.734s][info][gc,heap        ] GC(635) ParOldGen: 697664K(699392K)->697665K(699392K)
[140.734s][info][gc,metaspace   ] GC(635) Metaspace: 114769K(126784K)->114769K(126784K) NonClass: 98069K(105472K)->98069K(105472K) Class: 16700K(21312K)->16700K(21312K)
[140.734s][info][gc             ] GC(635) Pause Full (Ergonomics) 792M->785M(910M) 54.813ms
[140.734s][info][gc,cpu         ] GC(635) User=0.84s Sys=0.00s Real=0.06s
[140.736s][info][gc,start       ] GC(636) Pause Full (Ergonomics)
[140.736s][info][gc,phases,start] GC(636) Marking Phase
[140.772s][info][gc,phases      ] GC(636) Marking Phase 35.864ms
[140.772s][info][gc,phases,start] GC(636) Summary Phase
[140.772s][info][gc,phases      ] GC(636) Summary Phase 0.028ms
[140.772s][info][gc,phases,start] GC(636) Adjust Roots
[140.775s][info][gc,phases      ] GC(636) Adjust Roots 2.780ms
[140.775s][info][gc,phases,start] GC(636) Compaction Phase
[140.789s][info][gc,phases      ] GC(636) Compaction Phase 14.825ms
[140.789s][info][gc,phases,start] GC(636) Post Compact
[140.794s][info][gc,phases      ] GC(636) Post Compact 4.282ms
[140.794s][info][gc,heap        ] GC(636) PSYoungGen: 116736K(232960K)->111189K(232960K) Eden: 116736K(116736K)->111189K(116736K) From: 0K(116224K)->0K(116224K)
[140.794s][info][gc,heap        ] GC(636) ParOldGen: 697665K(699392K)->693583K(699392K)
[140.794s][info][gc,metaspace   ] GC(636) Metaspace: 114790K(126784K)->114784K(126784K) NonClass: 98087K(105472K)->98081K(105472K) Class: 16703K(21312K)->16702K(21312K)
[140.794s][info][gc             ] GC(636) Pause Full (Ergonomics) 795M->785M(910M) 58.045ms
[140.794s][info][gc,cpu         ] GC(636) User=0.67s Sys=0.00s Real=0.05s
[140.796s][info][gc,start       ] GC(637) Pause Full (Ergonomics)
[140.796s][info][gc,phases,start] GC(637) Marking Phase
[140.835s][info][gc,phases      ] GC(637) Marking Phase 39.288ms
[140.835s][info][gc,phases,start] GC(637) Summary Phase
[140.835s][info][gc,phases      ] GC(637) Summary Phase 0.028ms
[140.835s][info][gc,phases,start] GC(637) Adjust Roots
[140.838s][info][gc,phases      ] GC(637) Adjust Roots 3.037ms
[140.838s][info][gc,phases,start] GC(637) Compaction Phase
[140.863s][info][gc,phases      ] GC(637) Compaction Phase 25.024ms
[140.863s][info][gc,phases,start] GC(637) Post Compact
[140.868s][info][gc,phases      ] GC(637) Post Compact 4.101ms
[140.868s][info][gc,heap        ] GC(637) PSYoungGen: 116736K(232960K)->111563K(232960K) Eden: 116736K(116736K)->111563K(116736K) From: 0K(116224K)->0K(116224K)
[140.868s][info][gc,heap        ] GC(637) ParOldGen: 693583K(699392K)->693583K(699392K)
[140.868s][info][gc,metaspace   ] GC(637) Metaspace: 114788K(126784K)->114772K(126784K) NonClass: 98086K(105472K)->98072K(105472K) Class: 16702K(21312K)->16700K(21312K)
[140.868s][info][gc             ] GC(637) Pause Full (Ergonomics) 791M->786M(910M) 71.768ms
[140.868s][info][gc,cpu         ] GC(637) User=1.00s Sys=0.00s Real=0.06s
[140.869s][info][gc,start       ] GC(638) Pause Full (Ergonomics)
[140.869s][info][gc,phases,start] GC(638) Marking Phase
[140.902s][info][gc,phases      ] GC(638) Marking Phase 32.670ms
[140.902s][info][gc,phases,start] GC(638) Summary Phase
[140.902s][info][gc,phases      ] GC(638) Summary Phase 0.028ms
[140.902s][info][gc,phases,start] GC(638) Adjust Roots
[140.905s][info][gc,phases      ] GC(638) Adjust Roots 3.022ms
[140.905s][info][gc,phases,start] GC(638) Compaction Phase
[140.947s][info][gc,phases      ] GC(638) Compaction Phase 41.682ms
[140.947s][info][gc,phases,start] GC(638) Post Compact
[140.951s][info][gc,phases      ] GC(638) Post Compact 4.079ms
[140.951s][info][gc,heap        ] GC(638) PSYoungGen: 116736K(232960K)->111572K(232960K) Eden: 116736K(116736K)->111572K(116736K) From: 0K(116224K)->0K(116224K)
[140.951s][info][gc,heap        ] GC(638) ParOldGen: 693583K(699392K)->693583K(699392K)
[140.951s][info][gc,metaspace   ] GC(638) Metaspace: 114783K(126784K)->114780K(126784K) NonClass: 98081K(105472K)->98079K(105472K) Class: 16701K(21312K)->16701K(21312K)
[140.951s][info][gc             ] GC(638) Pause Full (Ergonomics) 791M->786M(910M) 81.732ms
[140.951s][info][gc,cpu         ] GC(638) User=1.25s Sys=0.00s Real=0.08s
[140.953s][info][gc,start       ] GC(639) Pause Full (Ergonomics)
[140.953s][info][gc,phases,start] GC(639) Marking Phase
[140.990s][info][gc,phases      ] GC(639) Marking Phase 37.200ms
[140.990s][info][gc,phases,start] GC(639) Summary Phase
[140.990s][info][gc,phases      ] GC(639) Summary Phase 0.029ms
[140.990s][info][gc,phases,start] GC(639) Adjust Roots
[140.993s][info][gc,phases      ] GC(639) Adjust Roots 2.818ms
[140.993s][info][gc,phases,start] GC(639) Compaction Phase
[141.003s][info][gc,phases      ] GC(639) Compaction Phase 10.268ms
[141.003s][info][gc,phases,start] GC(639) Post Compact
[141.008s][info][gc,phases      ] GC(639) Post Compact 4.294ms
[141.008s][info][gc,heap        ] GC(639) PSYoungGen: 116735K(232960K)->111567K(232960K) Eden: 116735K(116736K)->111567K(116736K) From: 0K(116224K)->0K(116224K)
[141.008s][info][gc,heap        ] GC(639) ParOldGen: 693583K(699392K)->693583K(699392K)
[141.008s][info][gc,metaspace   ] GC(639) Metaspace: 114790K(126784K)->114780K(126784K) NonClass: 98087K(105472K)->98078K(105472K) Class: 16702K(21312K)->16701K(21312K)
[141.008s][info][gc             ] GC(639) Pause Full (Ergonomics) 791M->786M(910M) 54.907ms
[141.008s][info][gc,cpu         ] GC(639) User=0.38s Sys=0.00s Real=0.06s
[141.009s][info][gc,start       ] GC(640) Pause Full (Ergonomics)
[141.009s][info][gc,phases,start] GC(640) Marking Phase
[141.049s][info][gc,phases      ] GC(640) Marking Phase 40.078ms
[141.049s][info][gc,phases,start] GC(640) Summary Phase
[141.049s][info][gc,phases      ] GC(640) Summary Phase 0.027ms
[141.049s][info][gc,phases,start] GC(640) Adjust Roots
[141.052s][info][gc,phases      ] GC(640) Adjust Roots 3.068ms
[141.052s][info][gc,phases,start] GC(640) Compaction Phase
[141.069s][info][gc,phases      ] GC(640) Compaction Phase 17.296ms
[141.069s][info][gc,phases,start] GC(640) Post Compact
[141.074s][info][gc,phases      ] GC(640) Post Compact 4.054ms
[141.074s][info][gc,heap        ] GC(640) PSYoungGen: 112956K(232960K)->111619K(232960K) Eden: 112956K(116736K)->111619K(116736K) From: 0K(116224K)->0K(116224K)
[141.074s][info][gc,heap        ] GC(640) ParOldGen: 693583K(699392K)->693505K(699392K)
[141.074s][info][gc,metaspace   ] GC(640) Metaspace: 114780K(126784K)->114776K(126784K) NonClass: 98079K(105472K)->98076K(105472K) Class: 16701K(21312K)->16700K(21312K)
[141.074s][info][gc             ] GC(640) Pause Full (Ergonomics) 787M->786M(910M) 64.921ms
[141.074s][info][gc,cpu         ] GC(640) User=0.69s Sys=0.00s Real=0.07s
[141.076s][info][gc,start       ] GC(641) Pause Full (Ergonomics)
[141.076s][info][gc,phases,start] GC(641) Marking Phase
[141.103s][info][gc,phases      ] GC(641) Marking Phase 26.686ms
[141.103s][info][gc,phases,start] GC(641) Summary Phase
[141.103s][info][gc,phases      ] GC(641) Summary Phase 0.025ms
[141.103s][info][gc,phases,start] GC(641) Adjust Roots
[141.105s][info][gc,phases      ] GC(641) Adjust Roots 2.214ms
[141.106s][info][gc,phases,start] GC(641) Compaction Phase
[141.114s][info][gc,phases      ] GC(641) Compaction Phase 8.887ms
[141.114s][info][gc,phases,start] GC(641) Post Compact
[141.118s][info][gc,phases      ] GC(641) Post Compact 3.890ms
[141.118s][info][gc,heap        ] GC(641) PSYoungGen: 116736K(232960K)->115681K(232960K) Eden: 116736K(116736K)->115681K(116736K) From: 0K(116224K)->0K(116224K)
[141.118s][info][gc,heap        ] GC(641) ParOldGen: 693505K(699392K)->693505K(699392K)
[141.118s][info][gc,metaspace   ] GC(641) Metaspace: 114776K(126784K)->114776K(126784K) NonClass: 98076K(105472K)->98076K(105472K) Class: 16700K(21312K)->16700K(21312K)
[141.118s][info][gc             ] GC(641) Pause Full (Ergonomics) 791M->790M(910M) 42.004ms
[141.118s][info][gc,cpu         ] GC(641) User=0.38s Sys=0.00s Real=0.04s
[141.120s][info][gc,start       ] GC(642) Pause Full (Ergonomics)
[141.120s][info][gc,phases,start] GC(642) Marking Phase
[141.148s][info][gc,phases      ] GC(642) Marking Phase 27.561ms
[141.148s][info][gc,phases,start] GC(642) Summary Phase
[141.148s][info][gc,phases      ] GC(642) Summary Phase 0.025ms
[141.148s][info][gc,phases,start] GC(642) Adjust Roots
[141.150s][info][gc,phases      ] GC(642) Adjust Roots 2.239ms
[141.150s][info][gc,phases,start] GC(642) Compaction Phase
[141.161s][info][gc,phases      ] GC(642) Compaction Phase 10.960ms
[141.161s][info][gc,phases,start] GC(642) Post Compact
[141.165s][info][gc,phases      ] GC(642) Post Compact 3.945ms
[141.165s][info][gc,heap        ] GC(642) PSYoungGen: 116735K(232960K)->115708K(232960K) Eden: 116735K(116736K)->115708K(116736K) From: 0K(116224K)->0K(116224K)
[141.165s][info][gc,heap        ] GC(642) ParOldGen: 693505K(699392K)->693505K(699392K)
[141.165s][info][gc,metaspace   ] GC(642) Metaspace: 114779K(126784K)->114779K(126784K) NonClass: 98077K(105472K)->98077K(105472K) Class: 16701K(21312K)->16701K(21312K)
[141.165s][info][gc             ] GC(642) Pause Full (Ergonomics) 791M->790M(910M) 45.022ms
[141.165s][info][gc,cpu         ] GC(642) User=0.39s Sys=0.00s Real=0.04s
[141.165s][info][gc,start       ] GC(643) Pause Full (Ergonomics)
[141.165s][info][gc,phases,start] GC(643) Marking Phase
[141.194s][info][gc,phases      ] GC(643) Marking Phase 28.658ms
[141.194s][info][gc,phases,start] GC(643) Summary Phase
[141.194s][info][gc,phases      ] GC(643) Summary Phase 0.023ms
[141.194s][info][gc,phases,start] GC(643) Adjust Roots
[141.196s][info][gc,phases      ] GC(643) Adjust Roots 2.238ms
[141.196s][info][gc,phases,start] GC(643) Compaction Phase
[141.211s][info][gc,phases      ] GC(643) Compaction Phase 14.287ms
[141.211s][info][gc,phases,start] GC(643) Post Compact
[141.215s][info][gc,phases      ] GC(643) Post Compact 4.097ms
[141.215s][info][gc,heap        ] GC(643) PSYoungGen: 115721K(232960K)->109456K(232960K) Eden: 115721K(116736K)->109456K(116736K) From: 0K(116224K)->0K(116224K)
[141.215s][info][gc,heap        ] GC(643) ParOldGen: 693505K(699392K)->693507K(699392K)
[141.215s][info][gc,metaspace   ] GC(643) Metaspace: 114779K(126784K)->114779K(126784K) NonClass: 98077K(105472K)->98077K(105472K) Class: 16701K(21312K)->16701K(21312K)
[141.215s][info][gc             ] GC(643) Pause Full (Ergonomics) 790M->784M(910M) 49.542ms
[141.215s][info][gc,cpu         ] GC(643) User=0.36s Sys=0.00s Real=0.05s
[141.217s][info][gc,start       ] GC(644) Pause Full (Ergonomics)
[141.217s][info][gc,phases,start] GC(644) Marking Phase
[141.252s][info][gc,phases      ] GC(644) Marking Phase 34.870ms
[141.252s][info][gc,phases,start] GC(644) Summary Phase
[141.252s][info][gc,phases      ] GC(644) Summary Phase 0.028ms
[141.252s][info][gc,phases,start] GC(644) Adjust Roots
[141.254s][info][gc,phases      ] GC(644) Adjust Roots 2.338ms
[141.254s][info][gc,phases,start] GC(644) Compaction Phase
[141.264s][info][gc,phases      ] GC(644) Compaction Phase 9.824ms
[141.264s][info][gc,phases,start] GC(644) Post Compact
[141.268s][info][gc,phases      ] GC(644) Post Compact 4.253ms
[141.268s][info][gc,heap        ] GC(644) PSYoungGen: 116736K(232960K)->113454K(232960K) Eden: 116736K(116736K)->113454K(116736K) From: 0K(116224K)->0K(116224K)
[141.268s][info][gc,heap        ] GC(644) ParOldGen: 693507K(699392K)->693507K(699392K)
[141.268s][info][gc,metaspace   ] GC(644) Metaspace: 114783K(126784K)->114780K(126784K) NonClass: 98081K(105472K)->98078K(105472K) Class: 16701K(21312K)->16701K(21312K)
[141.268s][info][gc             ] GC(644) Pause Full (Ergonomics) 791M->788M(910M) 51.631ms
[141.268s][info][gc,cpu         ] GC(644) User=0.44s Sys=0.00s Real=0.05s
[141.270s][info][gc,start       ] GC(645) Pause Full (Ergonomics)
[141.270s][info][gc,phases,start] GC(645) Marking Phase
[141.314s][info][gc,phases      ] GC(645) Marking Phase 44.046ms
[141.314s][info][gc,phases,start] GC(645) Summary Phase
[141.314s][info][gc,phases      ] GC(645) Summary Phase 0.030ms
[141.314s][info][gc,phases,start] GC(645) Adjust Roots
[141.317s][info][gc,phases      ] GC(645) Adjust Roots 2.957ms
[141.317s][info][gc,phases,start] GC(645) Compaction Phase
[141.350s][info][gc,phases      ] GC(645) Compaction Phase 32.903ms
[141.350s][info][gc,phases,start] GC(645) Post Compact
[141.354s][info][gc,phases      ] GC(645) Post Compact 4.030ms
[141.354s][info][gc,heap        ] GC(645) PSYoungGen: 116735K(232960K)->109358K(232960K) Eden: 116735K(116736K)->109358K(116736K) From: 0K(116224K)->0K(116224K)
[141.354s][info][gc,heap        ] GC(645) ParOldGen: 693507K(699392K)->693504K(699392K)
[141.354s][info][gc,metaspace   ] GC(645) Metaspace: 114780K(126784K)->114770K(126784K) NonClass: 98079K(105472K)->98070K(105472K) Class: 16701K(21312K)->16699K(21312K)
[141.354s][info][gc             ] GC(645) Pause Full (Ergonomics) 791M->784M(910M) 84.282ms
[141.354s][info][gc,cpu         ] GC(645) User=1.34s Sys=0.00s Real=0.09s
[141.357s][info][gc,start       ] GC(646) Pause Full (Ergonomics)
[141.357s][info][gc,phases,start] GC(646) Marking Phase
[141.396s][info][gc,phases      ] GC(646) Marking Phase 38.829ms
[141.396s][info][gc,phases,start] GC(646) Summary Phase
[141.396s][info][gc,phases      ] GC(646) Summary Phase 0.028ms
[141.396s][info][gc,phases,start] GC(646) Adjust Roots
[141.399s][info][gc,phases      ] GC(646) Adjust Roots 3.413ms
[141.399s][info][gc,phases,start] GC(646) Compaction Phase
[141.446s][info][gc,phases      ] GC(646) Compaction Phase 46.901ms
[141.446s][info][gc,phases,start] GC(646) Post Compact
[141.450s][info][gc,phases      ] GC(646) Post Compact 4.051ms
[141.450s][info][gc,heap        ] GC(646) PSYoungGen: 116736K(232960K)->109679K(232960K) Eden: 116736K(116736K)->109679K(116736K) From: 0K(116224K)->0K(116224K)
[141.450s][info][gc,heap        ] GC(646) ParOldGen: 693504K(699392K)->693504K(699392K)
[141.450s][info][gc,metaspace   ] GC(646) Metaspace: 114790K(126784K)->114788K(126784K) NonClass: 98085K(105472K)->98083K(105472K) Class: 16704K(21312K)->16704K(21312K)
[141.450s][info][gc             ] GC(646) Pause Full (Ergonomics) 791M->784M(910M) 93.495ms
[141.450s][info][gc,cpu         ] GC(646) User=1.42s Sys=0.02s Real=0.09s
[141.467s][info][gc,start       ] GC(647) Pause Full (Ergonomics)
[141.467s][info][gc,phases,start] GC(647) Marking Phase
[141.496s][info][gc,phases      ] GC(647) Marking Phase 29.077ms
[141.496s][info][gc,phases,start] GC(647) Summary Phase
[141.496s][info][gc,phases      ] GC(647) Summary Phase 0.029ms
[141.496s][info][gc,phases,start] GC(647) Adjust Roots
[141.498s][info][gc,phases      ] GC(647) Adjust Roots 2.386ms
[141.498s][info][gc,phases,start] GC(647) Compaction Phase
[141.545s][info][gc,phases      ] GC(647) Compaction Phase 46.421ms
[141.545s][info][gc,phases,start] GC(647) Post Compact
[141.549s][info][gc,phases      ] GC(647) Post Compact 4.016ms
[141.549s][info][gc,heap        ] GC(647) PSYoungGen: 116736K(232960K)->109686K(232960K) Eden: 116736K(116736K)->109686K(116736K) From: 0K(116224K)->0K(116224K)
[141.549s][info][gc,heap        ] GC(647) ParOldGen: 693504K(699392K)->693502K(699392K)
[141.549s][info][gc,metaspace   ] GC(647) Metaspace: 114808K(126784K)->114808K(126784K) NonClass: 98098K(105472K)->98098K(105472K) Class: 16710K(21312K)->16710K(21312K)
[141.549s][info][gc             ] GC(647) Pause Full (Ergonomics) 791M->784M(910M) 82.251ms
[141.549s][info][gc,cpu         ] GC(647) User=1.11s Sys=0.00s Real=0.08s
[141.550s][info][gc,start       ] GC(648) Pause Full (Ergonomics)
[141.550s][info][gc,phases,start] GC(648) Marking Phase
[141.580s][info][gc,phases      ] GC(648) Marking Phase 29.949ms
[141.580s][info][gc,phases,start] GC(648) Summary Phase
[141.580s][info][gc,phases      ] GC(648) Summary Phase 0.029ms
[141.580s][info][gc,phases,start] GC(648) Adjust Roots
[141.583s][info][gc,phases      ] GC(648) Adjust Roots 2.347ms
[141.583s][info][gc,phases,start] GC(648) Compaction Phase
[141.632s][info][gc,phases      ] GC(648) Compaction Phase 48.984ms
[141.632s][info][gc,phases,start] GC(648) Post Compact
[141.636s][info][gc,phases      ] GC(648) Post Compact 4.066ms
[141.636s][info][gc,heap        ] GC(648) PSYoungGen: 112038K(232960K)->109573K(232960K) Eden: 112038K(116736K)->109573K(116736K) From: 0K(116224K)->0K(116224K)
[141.636s][info][gc,heap        ] GC(648) ParOldGen: 693502K(699392K)->693502K(699392K)
[141.636s][info][gc,metaspace   ] GC(648) Metaspace: 114808K(126784K)->114808K(126784K) NonClass: 98098K(105472K)->98098K(105472K) Class: 16710K(21312K)->16710K(21312K)
[141.636s][info][gc             ] GC(648) Pause Full (Ergonomics) 786M->784M(910M) 85.643ms
[141.636s][info][gc,cpu         ] GC(648) User=1.42s Sys=0.00s Real=0.08s
[141.637s][info][gc,start       ] GC(649) Pause Full (Ergonomics)
[141.637s][info][gc,phases,start] GC(649) Marking Phase
[141.660s][info][gc,phases      ] GC(649) Marking Phase 22.172ms
[141.660s][info][gc,phases,start] GC(649) Summary Phase
[141.660s][info][gc,phases      ] GC(649) Summary Phase 0.027ms
[141.660s][info][gc,phases,start] GC(649) Adjust Roots
[141.662s][info][gc,phases      ] GC(649) Adjust Roots 2.227ms
[141.662s][info][gc,phases,start] GC(649) Compaction Phase
[141.671s][info][gc,phases      ] GC(649) Compaction Phase 8.577ms
[141.671s][info][gc,phases,start] GC(649) Post Compact
[141.675s][info][gc,phases      ] GC(649) Post Compact 4.123ms
[141.675s][info][gc,heap        ] GC(649) PSYoungGen: 116736K(232960K)->115849K(232960K) Eden: 116736K(116736K)->115849K(116736K) From: 0K(116224K)->0K(116224K)
[141.675s][info][gc,heap        ] GC(649) ParOldGen: 693502K(699392K)->693502K(699392K)
[141.675s][info][gc,metaspace   ] GC(649) Metaspace: 114808K(126784K)->114808K(126784K) NonClass: 98098K(105472K)->98098K(105472K) Class: 16710K(21312K)->16710K(21312K)
[141.675s][info][gc             ] GC(649) Pause Full (Ergonomics) 791M->790M(910M) 37.425ms
[141.675s][info][gc,cpu         ] GC(649) User=0.48s Sys=0.00s Real=0.04s
[141.676s][info][gc,start       ] GC(650) Pause Full (Ergonomics)
[141.676s][info][gc,phases,start] GC(650) Marking Phase
[141.698s][info][gc,phases      ] GC(650) Marking Phase 21.707ms
[141.698s][info][gc,phases,start] GC(650) Summary Phase
[141.698s][info][gc,phases      ] GC(650) Summary Phase 0.028ms
[141.698s][info][gc,phases,start] GC(650) Adjust Roots
[141.700s][info][gc,phases      ] GC(650) Adjust Roots 2.311ms
[141.700s][info][gc,phases,start] GC(650) Compaction Phase
[141.712s][info][gc,phases      ] GC(650) Compaction Phase 11.969ms
[141.712s][info][gc,phases,start] GC(650) Post Compact
[141.716s][info][gc,phases      ] GC(650) Post Compact 4.064ms
[141.716s][info][gc,heap        ] GC(650) PSYoungGen: 116736K(232960K)->115864K(232960K) Eden: 116736K(116736K)->115864K(116736K) From: 0K(116224K)->0K(116224K)
[141.716s][info][gc,heap        ] GC(650) ParOldGen: 693502K(699392K)->693502K(699392K)
[141.716s][info][gc,metaspace   ] GC(650) Metaspace: 114809K(126784K)->114809K(126784K) NonClass: 98099K(105472K)->98099K(105472K) Class: 16710K(21312K)->16710K(21312K)
[141.716s][info][gc             ] GC(650) Pause Full (Ergonomics) 791M->790M(910M) 40.368ms
[141.716s][info][gc,cpu         ] GC(650) User=0.42s Sys=0.00s Real=0.04s
[141.717s][info][gc,start       ] GC(651) Pause Full (Ergonomics)
[141.717s][info][gc,phases,start] GC(651) Marking Phase
[141.744s][info][gc,phases      ] GC(651) Marking Phase 26.498ms
[141.744s][info][gc,phases,start] GC(651) Summary Phase
[141.744s][info][gc,phases      ] GC(651) Summary Phase 0.028ms
[141.744s][info][gc,phases,start] GC(651) Adjust Roots
[141.746s][info][gc,phases      ] GC(651) Adjust Roots 2.294ms
[141.746s][info][gc,phases,start] GC(651) Compaction Phase
[141.762s][info][gc,phases      ] GC(651) Compaction Phase 15.937ms
[141.762s][info][gc,phases,start] GC(651) Post Compact
[141.766s][info][gc,phases      ] GC(651) Post Compact 4.135ms
[141.766s][info][gc,heap        ] GC(651) PSYoungGen: 116735K(232960K)->109624K(232960K) Eden: 116735K(116736K)->109624K(116736K) From: 0K(116224K)->0K(116224K)
[141.766s][info][gc,heap        ] GC(651) ParOldGen: 693502K(699392K)->696630K(699392K)
[141.766s][info][gc,metaspace   ] GC(651) Metaspace: 114809K(126784K)->114809K(126784K) NonClass: 98099K(105472K)->98099K(105472K) Class: 16710K(21312K)->16710K(21312K)
[141.766s][info][gc             ] GC(651) Pause Full (Ergonomics) 791M->787M(910M) 49.158ms
[141.766s][info][gc,cpu         ] GC(651) User=0.53s Sys=0.00s Real=0.05s
[141.768s][info][gc,start       ] GC(652) Pause Full (Ergonomics)
[141.768s][info][gc,phases,start] GC(652) Marking Phase
[141.793s][info][gc,phases      ] GC(652) Marking Phase 25.861ms
[141.793s][info][gc,phases,start] GC(652) Summary Phase
[141.794s][info][gc,phases      ] GC(652) Summary Phase 0.026ms
[141.794s][info][gc,phases,start] GC(652) Adjust Roots
[141.796s][info][gc,phases      ] GC(652) Adjust Roots 2.252ms
[141.796s][info][gc,phases,start] GC(652) Compaction Phase
[141.803s][info][gc,phases      ] GC(652) Compaction Phase 7.338ms
[141.803s][info][gc,phases,start] GC(652) Post Compact
[141.807s][info][gc,phases      ] GC(652) Post Compact 3.880ms
[141.807s][info][gc,heap        ] GC(652) PSYoungGen: 116736K(232960K)->115919K(232960K) Eden: 116736K(116736K)->115919K(116736K) From: 0K(116224K)->0K(116224K)
[141.807s][info][gc,heap        ] GC(652) ParOldGen: 696630K(699392K)->696630K(699392K)
[141.807s][info][gc,metaspace   ] GC(652) Metaspace: 114809K(126784K)->114809K(126784K) NonClass: 98099K(105472K)->98099K(105472K) Class: 16710K(21312K)->16710K(21312K)
[141.807s][info][gc             ] GC(652) Pause Full (Ergonomics) 794M->793M(910M) 39.617ms
[141.807s][info][gc,cpu         ] GC(652) User=0.67s Sys=0.02s Real=0.04s
[141.808s][info][gc,start       ] GC(653) Pause Full (Ergonomics)
[141.808s][info][gc,phases,start] GC(653) Marking Phase
[141.837s][info][gc,phases      ] GC(653) Marking Phase 28.765ms
[141.837s][info][gc,phases,start] GC(653) Summary Phase
[141.837s][info][gc,phases      ] GC(653) Summary Phase 0.024ms
[141.837s][info][gc,phases,start] GC(653) Adjust Roots
[141.839s][info][gc,phases      ] GC(653) Adjust Roots 2.230ms
[141.839s][info][gc,phases,start] GC(653) Compaction Phase
[141.848s][info][gc,phases      ] GC(653) Compaction Phase 8.699ms
[141.848s][info][gc,phases,start] GC(653) Post Compact
[141.852s][info][gc,phases      ] GC(653) Post Compact 3.759ms
[141.852s][info][gc,heap        ] GC(653) PSYoungGen: 116736K(232960K)->115928K(232960K) Eden: 116736K(116736K)->115928K(116736K) From: 0K(116224K)->0K(116224K)
[141.852s][info][gc,heap        ] GC(653) ParOldGen: 696630K(699392K)->696630K(699392K)
[141.852s][info][gc,metaspace   ] GC(653) Metaspace: 114809K(126784K)->114809K(126784K) NonClass: 98099K(105472K)->98099K(105472K) Class: 16710K(21312K)->16710K(21312K)
[141.852s][info][gc             ] GC(653) Pause Full (Ergonomics) 794M->793M(910M) 43.718ms
[141.852s][info][gc,cpu         ] GC(653) User=0.36s Sys=0.00s Real=0.04s
[141.853s][info][gc,start       ] GC(654) Pause Full (Ergonomics)
[141.853s][info][gc,phases,start] GC(654) Marking Phase
[141.879s][info][gc,phases      ] GC(654) Marking Phase 26.116ms
[141.891s][info][gc,phases,start] GC(654) Summary Phase
[141.891s][info][gc,phases      ] GC(654) Summary Phase 0.077ms
[141.891s][info][gc,phases,start] GC(654) Adjust Roots
[141.894s][info][gc,phases      ] GC(654) Adjust Roots 2.575ms
[141.894s][info][gc,phases,start] GC(654) Compaction Phase
[141.910s][info][gc,phases      ] GC(654) Compaction Phase 16.385ms
[141.911s][info][gc,phases,start] GC(654) Post Compact
[141.915s][info][gc,phases      ] GC(654) Post Compact 4.048ms
[141.915s][info][gc,heap        ] GC(654) PSYoungGen: 116735K(232960K)->115878K(232960K) Eden: 116735K(116736K)->115878K(116736K) From: 0K(116224K)->0K(116224K)
[141.915s][info][gc,heap        ] GC(654) ParOldGen: 696630K(699392K)->693505K(699392K)
[141.915s][info][gc,metaspace   ] GC(654) Metaspace: 114809K(126784K)->114809K(126784K) NonClass: 98099K(105472K)->98099K(105472K) Class: 16710K(21312K)->16710K(21312K)
[141.915s][info][gc             ] GC(654) Pause Full (Ergonomics) 794M->790M(910M) 62.018ms
[141.915s][info][gc,cpu         ] GC(654) User=0.67s Sys=0.00s Real=0.06s
[141.915s][info][gc,start       ] GC(655) Pause Full (Ergonomics)
[141.915s][info][gc,phases,start] GC(655) Marking Phase
[141.943s][info][gc,phases      ] GC(655) Marking Phase 27.339ms
[141.943s][info][gc,phases,start] GC(655) Summary Phase
[141.943s][info][gc,phases      ] GC(655) Summary Phase 0.027ms
[141.943s][info][gc,phases,start] GC(655) Adjust Roots
[141.945s][info][gc,phases      ] GC(655) Adjust Roots 2.255ms
[141.945s][info][gc,phases,start] GC(655) Compaction Phase
[141.956s][info][gc,phases      ] GC(655) Compaction Phase 10.574ms
[141.956s][info][gc,phases,start] GC(655) Post Compact
[141.960s][info][gc,phases      ] GC(655) Post Compact 4.053ms
[141.960s][info][gc,heap        ] GC(655) PSYoungGen: 116735K(232960K)->115962K(232960K) Eden: 116735K(116736K)->115962K(116736K) From: 0K(116224K)->0K(116224K)
[141.960s][info][gc,heap        ] GC(655) ParOldGen: 693505K(699392K)->693505K(699392K)
[141.960s][info][gc,metaspace   ] GC(655) Metaspace: 114812K(126784K)->114812K(126784K) NonClass: 98101K(105472K)->98101K(105472K) Class: 16711K(21312K)->16711K(21312K)
[141.960s][info][gc             ] GC(655) Pause Full (Ergonomics) 791M->790M(910M) 44.477ms
[141.960s][info][gc,cpu         ] GC(655) User=0.38s Sys=0.00s Real=0.04s
[141.960s][info][gc,start       ] GC(656) Pause Full (Ergonomics)
[141.960s][info][gc,phases,start] GC(656) Marking Phase
[141.987s][info][gc,phases      ] GC(656) Marking Phase 26.454ms
[141.987s][info][gc,phases,start] GC(656) Summary Phase
[141.987s][info][gc,phases      ] GC(656) Summary Phase 0.028ms
[141.987s][info][gc,phases,start] GC(656) Adjust Roots
[141.989s][info][gc,phases      ] GC(656) Adjust Roots 2.456ms
[141.989s][info][gc,phases,start] GC(656) Compaction Phase
[142.030s][info][gc,phases      ] GC(656) Compaction Phase 40.538ms
[142.030s][info][gc,phases,start] GC(656) Post Compact
[142.034s][info][gc,phases      ] GC(656) Post Compact 4.013ms
[142.034s][info][gc,heap        ] GC(656) PSYoungGen: 116736K(232960K)->115962K(232960K) Eden: 116736K(116736K)->115962K(116736K) From: 0K(116224K)->0K(116224K)
[142.034s][info][gc,heap        ] GC(656) ParOldGen: 693505K(699392K)->693505K(699392K)
[142.034s][info][gc,metaspace   ] GC(656) Metaspace: 114812K(126784K)->114812K(126784K) NonClass: 98101K(105472K)->98101K(105472K) Class: 16711K(21312K)->16711K(21312K)
[142.034s][info][gc             ] GC(656) Pause Full (Ergonomics) 791M->790M(910M) 73.724ms
[142.034s][info][gc,cpu         ] GC(656) User=1.69s Sys=0.02s Real=0.07s
[142.035s][info][gc,start       ] GC(657) Pause Full (Ergonomics)
[142.035s][info][gc,phases,start] GC(657) Marking Phase
[142.055s][info][gc,phases      ] GC(657) Marking Phase 20.494ms
[142.055s][info][gc,phases,start] GC(657) Summary Phase
[142.055s][info][gc,phases      ] GC(657) Summary Phase 0.027ms
[142.055s][info][gc,phases,start] GC(657) Adjust Roots
[142.058s][info][gc,phases      ] GC(657) Adjust Roots 2.345ms
[142.058s][info][gc,phases,start] GC(657) Compaction Phase
[142.097s][info][gc,phases      ] GC(657) Compaction Phase 39.510ms
[142.097s][info][gc,phases,start] GC(657) Post Compact
[142.101s][info][gc,phases      ] GC(657) Post Compact 4.006ms
[142.101s][info][gc,heap        ] GC(657) PSYoungGen: 116735K(232960K)->115916K(232960K) Eden: 116735K(116736K)->115916K(116736K) From: 0K(116224K)->0K(116224K)
[142.101s][info][gc,heap        ] GC(657) ParOldGen: 693505K(699392K)->693505K(699392K)
[142.101s][info][gc,metaspace   ] GC(657) Metaspace: 114812K(126784K)->114812K(126784K) NonClass: 98101K(105472K)->98101K(105472K) Class: 16711K(21312K)->16711K(21312K)
[142.101s][info][gc             ] GC(657) Pause Full (Ergonomics) 791M->790M(910M) 66.643ms
[142.101s][info][gc,cpu         ] GC(657) User=1.00s Sys=0.00s Real=0.07s
[142.102s][info][gc,start       ] GC(658) Pause Full (Ergonomics)
[142.102s][info][gc,phases,start] GC(658) Marking Phase
[142.128s][info][gc,phases      ] GC(658) Marking Phase 25.691ms
[142.128s][info][gc,phases,start] GC(658) Summary Phase
[142.128s][info][gc,phases      ] GC(658) Summary Phase 0.027ms
[142.128s][info][gc,phases,start] GC(658) Adjust Roots
[142.130s][info][gc,phases      ] GC(658) Adjust Roots 2.239ms
[142.130s][info][gc,phases,start] GC(658) Compaction Phase
[142.144s][info][gc,phases      ] GC(658) Compaction Phase 14.246ms
[142.145s][info][gc,phases,start] GC(658) Post Compact
[142.149s][info][gc,phases      ] GC(658) Post Compact 4.293ms
[142.149s][info][gc,heap        ] GC(658) PSYoungGen: 116736K(232960K)->115884K(232960K) Eden: 116736K(116736K)->115884K(116736K) From: 0K(116224K)->0K(116224K)
[142.149s][info][gc,heap        ] GC(658) ParOldGen: 693505K(699392K)->693505K(699392K)
[142.149s][info][gc,metaspace   ] GC(658) Metaspace: 114812K(126784K)->114812K(126784K) NonClass: 98101K(105472K)->98101K(105472K) Class: 16711K(21312K)->16711K(21312K)
[142.149s][info][gc             ] GC(658) Pause Full (Ergonomics) 791M->790M(910M) 46.798ms
[142.149s][info][gc,cpu         ] GC(658) User=0.45s Sys=0.00s Real=0.05s
[142.150s][info][gc,start       ] GC(659) Pause Full (Ergonomics)
[142.150s][info][gc,phases,start] GC(659) Marking Phase
[142.179s][info][gc,phases      ] GC(659) Marking Phase 29.039ms
[142.179s][info][gc,phases,start] GC(659) Summary Phase
[142.179s][info][gc,phases      ] GC(659) Summary Phase 0.026ms
[142.179s][info][gc,phases,start] GC(659) Adjust Roots
[142.182s][info][gc,phases      ] GC(659) Adjust Roots 2.250ms
[142.182s][info][gc,phases,start] GC(659) Compaction Phase
[142.189s][info][gc,phases      ] GC(659) Compaction Phase 7.915ms
[142.190s][info][gc,phases,start] GC(659) Post Compact
[142.194s][info][gc,phases      ] GC(659) Post Compact 3.995ms
[142.194s][info][gc,heap        ] GC(659) PSYoungGen: 116736K(232960K)->115875K(232960K) Eden: 116736K(116736K)->115875K(116736K) From: 0K(116224K)->0K(116224K)
[142.194s][info][gc,heap        ] GC(659) ParOldGen: 693505K(699392K)->693505K(699392K)
[142.194s][info][gc,metaspace   ] GC(659) Metaspace: 114812K(126784K)->114812K(126784K) NonClass: 98101K(105472K)->98101K(105472K) Class: 16711K(21312K)->16711K(21312K)
[142.194s][info][gc             ] GC(659) Pause Full (Ergonomics) 791M->790M(910M) 43.508ms
[142.194s][info][gc,cpu         ] GC(659) User=0.66s Sys=0.00s Real=0.04s
[142.194s][info][gc,start       ] GC(660) Pause Full (Ergonomics)
[142.194s][info][gc,phases,start] GC(660) Marking Phase
[142.223s][info][gc,phases      ] GC(660) Marking Phase 28.584ms
[142.223s][info][gc,phases,start] GC(660) Summary Phase
[142.223s][info][gc,phases      ] GC(660) Summary Phase 0.032ms
[142.223s][info][gc,phases,start] GC(660) Adjust Roots
[142.225s][info][gc,phases      ] GC(660) Adjust Roots 2.263ms
[142.225s][info][gc,phases,start] GC(660) Compaction Phase
[142.233s][info][gc,phases      ] GC(660) Compaction Phase 7.601ms
[142.233s][info][gc,phases,start] GC(660) Post Compact
[142.237s][info][gc,phases      ] GC(660) Post Compact 3.776ms
[142.237s][info][gc,heap        ] GC(660) PSYoungGen: 116736K(232960K)->115853K(232960K) Eden: 116736K(116736K)->115853K(116736K) From: 0K(116224K)->0K(116224K)
[142.237s][info][gc,heap        ] GC(660) ParOldGen: 693505K(699392K)->693505K(699392K)
[142.237s][info][gc,metaspace   ] GC(660) Metaspace: 114812K(126784K)->114812K(126784K) NonClass: 98101K(105472K)->98101K(105472K) Class: 16711K(21312K)->16711K(21312K)
[142.237s][info][gc             ] GC(660) Pause Full (Ergonomics) 791M->790M(910M) 42.521ms
[142.237s][info][gc,cpu         ] GC(660) User=0.70s Sys=0.00s Real=0.03s
[142.238s][info][gc,start       ] GC(661) Pause Full (Ergonomics)
[142.238s][info][gc,phases,start] GC(661) Marking Phase
[142.261s][info][gc,phases      ] GC(661) Marking Phase 23.270ms
[142.261s][info][gc,phases,start] GC(661) Summary Phase
[142.261s][info][gc,phases      ] GC(661) Summary Phase 0.025ms
[142.261s][info][gc,phases,start] GC(661) Adjust Roots
[142.264s][info][gc,phases      ] GC(661) Adjust Roots 2.218ms
[142.264s][info][gc,phases,start] GC(661) Compaction Phase
[142.272s][info][gc,phases      ] GC(661) Compaction Phase 8.510ms
[142.272s][info][gc,phases,start] GC(661) Post Compact
[142.276s][info][gc,phases      ] GC(661) Post Compact 3.958ms
[142.276s][info][gc,heap        ] GC(661) PSYoungGen: 116735K(232960K)->115923K(232960K) Eden: 116735K(116736K)->115923K(116736K) From: 0K(116224K)->0K(116224K)
[142.276s][info][gc,heap        ] GC(661) ParOldGen: 693505K(699392K)->693505K(699392K)
[142.276s][info][gc,metaspace   ] GC(661) Metaspace: 114812K(126784K)->114812K(126784K) NonClass: 98101K(105472K)->98101K(105472K) Class: 16711K(21312K)->16711K(21312K)
[142.276s][info][gc             ] GC(661) Pause Full (Ergonomics) 791M->790M(910M) 38.224ms
[142.276s][info][gc,cpu         ] GC(661) User=0.39s Sys=0.00s Real=0.03s
[142.278s][info][gc,start       ] GC(662) Pause Full (Ergonomics)
[142.278s][info][gc,phases,start] GC(662) Marking Phase
[142.303s][info][gc,phases      ] GC(662) Marking Phase 25.593ms
[142.303s][info][gc,phases,start] GC(662) Summary Phase
[142.303s][info][gc,phases      ] GC(662) Summary Phase 0.026ms
[142.303s][info][gc,phases,start] GC(662) Adjust Roots
[142.306s][info][gc,phases      ] GC(662) Adjust Roots 2.344ms
[142.306s][info][gc,phases,start] GC(662) Compaction Phase
[142.320s][info][gc,phases      ] GC(662) Compaction Phase 14.254ms
[142.320s][info][gc,phases,start] GC(662) Post Compact
[142.324s][info][gc,phases      ] GC(662) Post Compact 3.765ms
[142.324s][info][gc,heap        ] GC(662) PSYoungGen: 116736K(232960K)->115918K(232960K) Eden: 116736K(116736K)->115918K(116736K) From: 0K(116224K)->0K(116224K)
[142.324s][info][gc,heap        ] GC(662) ParOldGen: 693505K(699392K)->693505K(699392K)
[142.324s][info][gc,metaspace   ] GC(662) Metaspace: 114812K(126784K)->114812K(126784K) NonClass: 98101K(105472K)->98101K(105472K) Class: 16711K(21312K)->16711K(21312K)
[142.324s][info][gc             ] GC(662) Pause Full (Ergonomics) 791M->790M(910M) 46.191ms
[142.324s][info][gc,cpu         ] GC(662) User=0.36s Sys=0.00s Real=0.05s
[142.325s][info][gc,start       ] GC(663) Pause Full (Ergonomics)
[142.325s][info][gc,phases,start] GC(663) Marking Phase
[142.351s][info][gc,phases      ] GC(663) Marking Phase 25.737ms
[142.351s][info][gc,phases,start] GC(663) Summary Phase
[142.351s][info][gc,phases      ] GC(663) Summary Phase 0.024ms
[142.351s][info][gc,phases,start] GC(663) Adjust Roots
[142.353s][info][gc,phases      ] GC(663) Adjust Roots 2.373ms
[142.353s][info][gc,phases,start] GC(663) Compaction Phase
[142.362s][info][gc,phases      ] GC(663) Compaction Phase 9.120ms
[142.362s][info][gc,phases,start] GC(663) Post Compact
[142.366s][info][gc,phases      ] GC(663) Post Compact 3.999ms
[142.366s][info][gc,heap        ] GC(663) PSYoungGen: 116736K(232960K)->115979K(232960K) Eden: 116736K(116736K)->115979K(116736K) From: 0K(116224K)->0K(116224K)
[142.366s][info][gc,heap        ] GC(663) ParOldGen: 693505K(699392K)->693505K(699392K)
[142.366s][info][gc,metaspace   ] GC(663) Metaspace: 114812K(126784K)->114812K(126784K) NonClass: 98101K(105472K)->98101K(105472K) Class: 16711K(21312K)->16711K(21312K)
[142.366s][info][gc             ] GC(663) Pause Full (Ergonomics) 791M->790M(910M) 41.504ms
[142.366s][info][gc,cpu         ] GC(663) User=0.44s Sys=0.00s Real=0.03s
[142.367s][info][gc,start       ] GC(664) Pause Full (Ergonomics)
[142.367s][info][gc,phases,start] GC(664) Marking Phase
[142.394s][info][gc,phases      ] GC(664) Marking Phase 27.337ms
[142.394s][info][gc,phases,start] GC(664) Summary Phase
[142.394s][info][gc,phases      ] GC(664) Summary Phase 0.026ms
[142.394s][info][gc,phases,start] GC(664) Adjust Roots
[142.397s][info][gc,phases      ] GC(664) Adjust Roots 2.261ms
[142.397s][info][gc,phases,start] GC(664) Compaction Phase
[142.405s][info][gc,phases      ] GC(664) Compaction Phase 8.644ms
[142.405s][info][gc,phases,start] GC(664) Post Compact
[142.409s][info][gc,phases      ] GC(664) Post Compact 3.875ms
[142.409s][info][gc,heap        ] GC(664) PSYoungGen: 116736K(232960K)->115951K(232960K) Eden: 116736K(116736K)->115951K(116736K) From: 0K(116224K)->0K(116224K)
[142.409s][info][gc,heap        ] GC(664) ParOldGen: 693505K(699392K)->693505K(699392K)
[142.409s][info][gc,metaspace   ] GC(664) Metaspace: 114814K(126784K)->114814K(126784K) NonClass: 98103K(105472K)->98103K(105472K) Class: 16711K(21312K)->16711K(21312K)
[142.409s][info][gc             ] GC(664) Pause Full (Ergonomics) 791M->790M(910M) 42.379ms
[142.409s][info][gc,cpu         ] GC(664) User=0.72s Sys=0.00s Real=0.05s
[142.411s][info][gc,start       ] GC(665) Pause Full (Ergonomics)
[142.411s][info][gc,phases,start] GC(665) Marking Phase
[142.439s][info][gc,phases      ] GC(665) Marking Phase 28.312ms
[142.439s][info][gc,phases,start] GC(665) Summary Phase
[142.439s][info][gc,phases      ] GC(665) Summary Phase 0.026ms
[142.439s][info][gc,phases,start] GC(665) Adjust Roots
[142.441s][info][gc,phases      ] GC(665) Adjust Roots 2.242ms
[142.441s][info][gc,phases,start] GC(665) Compaction Phase
[142.448s][info][gc,phases      ] GC(665) Compaction Phase 6.653ms
[142.448s][info][gc,phases,start] GC(665) Post Compact
[142.452s][info][gc,phases      ] GC(665) Post Compact 3.912ms
[142.452s][info][gc,heap        ] GC(665) PSYoungGen: 116736K(232960K)->115951K(232960K) Eden: 116736K(116736K)->115951K(116736K) From: 0K(116224K)->0K(116224K)
[142.452s][info][gc,heap        ] GC(665) ParOldGen: 693505K(699392K)->693505K(699392K)
[142.452s][info][gc,metaspace   ] GC(665) Metaspace: 114820K(126784K)->114820K(126784K) NonClass: 98108K(105472K)->98108K(105472K) Class: 16712K(21312K)->16712K(21312K)
[142.452s][info][gc             ] GC(665) Pause Full (Ergonomics) 791M->790M(910M) 41.398ms
[142.452s][info][gc,cpu         ] GC(665) User=0.34s Sys=0.00s Real=0.03s
[142.453s][info][gc,start       ] GC(666) Pause Full (Ergonomics)
[142.453s][info][gc,phases,start] GC(666) Marking Phase
[142.490s][info][gc,phases      ] GC(666) Marking Phase 36.971ms
[142.490s][info][gc,phases,start] GC(666) Summary Phase
[142.490s][info][gc,phases      ] GC(666) Summary Phase 0.028ms
[142.490s][info][gc,phases,start] GC(666) Adjust Roots
[142.493s][info][gc,phases      ] GC(666) Adjust Roots 3.063ms
[142.493s][info][gc,phases,start] GC(666) Compaction Phase
[142.540s][info][gc,phases      ] GC(666) Compaction Phase 46.417ms
[142.540s][info][gc,phases,start] GC(666) Post Compact
[142.544s][info][gc,phases      ] GC(666) Post Compact 4.246ms
[142.544s][info][gc,heap        ] GC(666) PSYoungGen: 116736K(232960K)->115617K(232960K) Eden: 116736K(116736K)->115617K(116736K) From: 0K(116224K)->0K(116224K)
[142.544s][info][gc,heap        ] GC(666) ParOldGen: 693505K(699392K)->693505K(699392K)
[142.544s][info][gc,metaspace   ] GC(666) Metaspace: 114820K(126784K)->114716K(126784K) NonClass: 98108K(105472K)->98021K(105472K) Class: 16712K(21312K)->16694K(21312K)
[142.544s][info][gc             ] GC(666) Pause Full (Ergonomics) 791M->790M(910M) 91.015ms
[142.544s][info][gc,cpu         ] GC(666) User=1.69s Sys=0.00s Real=0.09s
[142.545s][info][gc,start       ] GC(667) Pause Full (Ergonomics)
[142.545s][info][gc,phases,start] GC(667) Marking Phase
[142.568s][info][gc,phases      ] GC(667) Marking Phase 23.032ms
[142.568s][info][gc,phases,start] GC(667) Summary Phase
[142.568s][info][gc,phases      ] GC(667) Summary Phase 0.025ms
[142.568s][info][gc,phases,start] GC(667) Adjust Roots
[142.570s][info][gc,phases      ] GC(667) Adjust Roots 2.337ms
[142.570s][info][gc,phases,start] GC(667) Compaction Phase
[142.617s][info][gc,phases      ] GC(667) Compaction Phase 47.011ms
[142.618s][info][gc,phases,start] GC(667) Post Compact
[142.622s][info][gc,phases      ] GC(667) Post Compact 4.000ms
[142.622s][info][gc,heap        ] GC(667) PSYoungGen: 116736K(232960K)->96834K(232960K) Eden: 116736K(116736K)->96834K(116736K) From: 0K(116224K)->0K(116224K)
[142.622s][info][gc,heap        ] GC(667) ParOldGen: 693505K(699392K)->693648K(699392K)
[142.622s][info][gc,metaspace   ] GC(667) Metaspace: 114723K(126784K)->114723K(126784K) NonClass: 98026K(105472K)->98026K(105472K) Class: 16696K(21312K)->16696K(21312K)
[142.622s][info][gc             ] GC(667) Pause Full (Ergonomics) 791M->771M(910M) 76.664ms
[142.622s][info][gc,cpu         ] GC(667) User=1.28s Sys=0.02s Real=0.06s
[142.628s][info][gc,start       ] GC(668) Pause Full (Ergonomics)
[142.628s][info][gc,phases,start] GC(668) Marking Phase
[142.650s][info][gc,phases      ] GC(668) Marking Phase 22.460ms
[142.650s][info][gc,phases,start] GC(668) Summary Phase
[142.650s][info][gc,phases      ] GC(668) Summary Phase 0.029ms
[142.650s][info][gc,phases,start] GC(668) Adjust Roots
[142.653s][info][gc,phases      ] GC(668) Adjust Roots 2.807ms
[142.653s][info][gc,phases,start] GC(668) Compaction Phase
[142.696s][info][gc,phases      ] GC(668) Compaction Phase 43.326ms
[142.696s][info][gc,phases,start] GC(668) Post Compact
[142.700s][info][gc,phases      ] GC(668) Post Compact 4.026ms
[142.700s][info][gc,heap        ] GC(668) PSYoungGen: 116736K(232960K)->96933K(232960K) Eden: 116736K(116736K)->96933K(116736K) From: 0K(116224K)->0K(116224K)
[142.700s][info][gc,heap        ] GC(668) ParOldGen: 693648K(699392K)->693629K(699392K)
[142.700s][info][gc,metaspace   ] GC(668) Metaspace: 114749K(126784K)->114749K(126784K) NonClass: 98046K(105472K)->98046K(105472K) Class: 16702K(21312K)->16702K(21312K)
[142.700s][info][gc             ] GC(668) Pause Full (Ergonomics) 791M->772M(910M) 72.921ms
[142.701s][info][gc,cpu         ] GC(668) User=1.33s Sys=0.00s Real=0.07s
[142.705s][info][gc,start       ] GC(669) Pause Full (Ergonomics)
[142.705s][info][gc,phases,start] GC(669) Marking Phase
[142.735s][info][gc,phases      ] GC(669) Marking Phase 29.773ms
[142.735s][info][gc,phases,start] GC(669) Summary Phase
[142.735s][info][gc,phases      ] GC(669) Summary Phase 0.028ms
[142.735s][info][gc,phases,start] GC(669) Adjust Roots
[142.738s][info][gc,phases      ] GC(669) Adjust Roots 3.778ms
[142.739s][info][gc,phases,start] GC(669) Compaction Phase
[142.799s][info][gc,phases      ] GC(669) Compaction Phase 60.502ms
[142.799s][info][gc,phases,start] GC(669) Post Compact
[142.804s][info][gc,phases      ] GC(669) Post Compact 4.885ms
[142.804s][info][gc,heap        ] GC(669) PSYoungGen: 116735K(232960K)->90606K(232960K) Eden: 116735K(116736K)->90606K(116736K) From: 0K(116224K)->0K(116224K)
[142.804s][info][gc,heap        ] GC(669) ParOldGen: 693629K(699392K)->699141K(699392K)
[142.804s][info][gc,metaspace   ] GC(669) Metaspace: 114773K(126784K)->114770K(126784K) NonClass: 98067K(105472K)->98065K(105472K) Class: 16706K(21312K)->16705K(21312K)
[142.804s][info][gc             ] GC(669) Pause Full (Ergonomics) 791M->771M(910M) 99.356ms
[142.804s][info][gc,cpu         ] GC(669) User=1.33s Sys=0.00s Real=0.09s
[142.809s][info][gc,start       ] GC(670) Pause Full (Ergonomics)
[142.809s][info][gc,phases,start] GC(670) Marking Phase
[142.835s][info][gc,phases      ] GC(670) Marking Phase 25.788ms
[142.835s][info][gc,phases,start] GC(670) Summary Phase
[142.835s][info][gc,phases      ] GC(670) Summary Phase 0.026ms
[142.835s][info][gc,phases,start] GC(670) Adjust Roots
[142.837s][info][gc,phases      ] GC(670) Adjust Roots 2.381ms
[142.837s][info][gc,phases,start] GC(670) Compaction Phase
[142.878s][info][gc,phases      ] GC(670) Compaction Phase 40.764ms
[142.878s][info][gc,phases,start] GC(670) Post Compact
[142.882s][info][gc,phases      ] GC(670) Post Compact 4.038ms
[142.882s][info][gc,heap        ] GC(670) PSYoungGen: 116736K(232960K)->90626K(232960K) Eden: 116736K(116736K)->90626K(116736K) From: 0K(116224K)->0K(116224K)
[142.882s][info][gc,heap        ] GC(670) ParOldGen: 699141K(699392K)->699141K(699392K)
[142.882s][info][gc,metaspace   ] GC(670) Metaspace: 114792K(126784K)->114792K(126784K) NonClass: 98082K(105472K)->98082K(105472K) Class: 16710K(21312K)->16710K(21312K)
[142.882s][info][gc             ] GC(670) Pause Full (Ergonomics) 796M->771M(910M) 73.262ms
[142.882s][info][gc,cpu         ] GC(670) User=1.00s Sys=0.00s Real=0.06s
[142.885s][info][gc,start       ] GC(671) Pause Full (Ergonomics)
[142.886s][info][gc,phases,start] GC(671) Marking Phase
[142.905s][info][gc,phases      ] GC(671) Marking Phase 19.972ms
[142.906s][info][gc,phases,start] GC(671) Summary Phase
[142.906s][info][gc,phases      ] GC(671) Summary Phase 0.027ms
[142.906s][info][gc,phases,start] GC(671) Adjust Roots
[142.908s][info][gc,phases      ] GC(671) Adjust Roots 2.375ms
[142.908s][info][gc,phases,start] GC(671) Compaction Phase
[142.950s][info][gc,phases      ] GC(671) Compaction Phase 41.893ms
[142.950s][info][gc,phases,start] GC(671) Post Compact
[142.954s][info][gc,phases      ] GC(671) Post Compact 4.036ms
[142.954s][info][gc,heap        ] GC(671) PSYoungGen: 116736K(232960K)->98801K(232960K) Eden: 116736K(116736K)->98801K(116736K) From: 0K(116224K)->0K(116224K)
[142.954s][info][gc,heap        ] GC(671) ParOldGen: 699141K(699392K)->698892K(699392K)
[142.954s][info][gc,metaspace   ] GC(671) Metaspace: 114804K(126784K)->114804K(126784K) NonClass: 98091K(105472K)->98091K(105472K) Class: 16712K(21312K)->16712K(21312K)
[142.954s][info][gc             ] GC(671) Pause Full (Ergonomics) 796M->778M(910M) 68.579ms
[142.954s][info][gc,cpu         ] GC(671) User=1.31s Sys=0.00s Real=0.06s
[142.957s][info][gc,start       ] GC(672) Pause Full (Ergonomics)
[142.957s][info][gc,phases,start] GC(672) Marking Phase
[142.979s][info][gc,phases      ] GC(672) Marking Phase 21.473ms
[142.979s][info][gc,phases,start] GC(672) Summary Phase
[142.979s][info][gc,phases      ] GC(672) Summary Phase 0.026ms
[142.979s][info][gc,phases,start] GC(672) Adjust Roots
[142.981s][info][gc,phases      ] GC(672) Adjust Roots 2.555ms
[142.981s][info][gc,phases,start] GC(672) Compaction Phase
[143.027s][info][gc,phases      ] GC(672) Compaction Phase 46.012ms
[143.027s][info][gc,phases,start] GC(672) Post Compact
[143.031s][info][gc,phases      ] GC(672) Post Compact 4.025ms
[143.031s][info][gc,heap        ] GC(672) PSYoungGen: 116736K(232960K)->96666K(232960K) Eden: 116736K(116736K)->96666K(116736K) From: 0K(116224K)->0K(116224K)
[143.031s][info][gc,heap        ] GC(672) ParOldGen: 698892K(699392K)->698894K(699392K)
[143.031s][info][gc,metaspace   ] GC(672) Metaspace: 114814K(126848K)->114814K(126848K) NonClass: 98100K(105536K)->98100K(105536K) Class: 16713K(21312K)->16713K(21312K)
[143.031s][info][gc             ] GC(672) Pause Full (Ergonomics) 796M->776M(910M) 74.342ms
[143.031s][info][gc,cpu         ] GC(672) User=1.14s Sys=0.00s Real=0.08s
[143.047s][info][gc,start       ] GC(673) Pause Full (Ergonomics)
[143.047s][info][gc,phases,start] GC(673) Marking Phase
[143.077s][info][gc,phases      ] GC(673) Marking Phase 29.435ms
[143.077s][info][gc,phases,start] GC(673) Summary Phase
[143.077s][info][gc,phases      ] GC(673) Summary Phase 0.027ms
[143.077s][info][gc,phases,start] GC(673) Adjust Roots
[143.079s][info][gc,phases      ] GC(673) Adjust Roots 2.513ms
[143.080s][info][gc,phases,start] GC(673) Compaction Phase
[143.130s][info][gc,phases      ] GC(673) Compaction Phase 50.435ms
[143.130s][info][gc,phases,start] GC(673) Post Compact
[143.134s][info][gc,phases      ] GC(673) Post Compact 4.166ms
[143.134s][info][gc,heap        ] GC(673) PSYoungGen: 116736K(232960K)->90710K(232960K) Eden: 116736K(116736K)->90710K(116736K) From: 0K(116224K)->0K(116224K)
[143.134s][info][gc,heap        ] GC(673) ParOldGen: 698894K(699392K)->698891K(699392K)
[143.134s][info][gc,metaspace   ] GC(673) Metaspace: 114824K(126848K)->114824K(126848K) NonClass: 98108K(105536K)->98108K(105536K) Class: 16715K(21312K)->16715K(21312K)
[143.134s][info][gc             ] GC(673) Pause Full (Ergonomics) 796M->771M(910M) 86.865ms
[143.134s][info][gc,cpu         ] GC(673) User=1.14s Sys=0.00s Real=0.08s
[143.138s][info][gc,start       ] GC(674) Pause Full (Ergonomics)
[143.138s][info][gc,phases,start] GC(674) Marking Phase
[143.165s][info][gc,phases      ] GC(674) Marking Phase 26.767ms
[143.165s][info][gc,phases,start] GC(674) Summary Phase
[143.165s][info][gc,phases      ] GC(674) Summary Phase 0.028ms
[143.165s][info][gc,phases,start] GC(674) Adjust Roots
[143.167s][info][gc,phases      ] GC(674) Adjust Roots 2.667ms
[143.167s][info][gc,phases,start] GC(674) Compaction Phase
[143.211s][info][gc,phases      ] GC(674) Compaction Phase 43.028ms
[143.211s][info][gc,phases,start] GC(674) Post Compact
[143.216s][info][gc,phases      ] GC(674) Post Compact 5.221ms
[143.216s][info][gc,heap        ] GC(674) PSYoungGen: 116736K(232960K)->86865K(232960K) Eden: 116736K(116736K)->86865K(116736K) From: 0K(116224K)->0K(116224K)
[143.216s][info][gc,heap        ] GC(674) ParOldGen: 698891K(699392K)->698878K(699392K)
[143.216s][info][gc,metaspace   ] GC(674) Metaspace: 114833K(126848K)->114833K(126848K) NonClass: 98114K(105536K)->98114K(105536K) Class: 16719K(21312K)->16719K(21312K)
[143.216s][info][gc             ] GC(674) Pause Full (Ergonomics) 796M->767M(910M) 78.093ms
[143.216s][info][gc,cpu         ] GC(674) User=1.03s Sys=0.00s Real=0.08s
[143.220s][info][gc,start       ] GC(675) Pause Full (Ergonomics)
[143.220s][info][gc,phases,start] GC(675) Marking Phase
[143.245s][info][gc,phases      ] GC(675) Marking Phase 25.483ms
[143.261s][info][gc,phases,start] GC(675) Summary Phase
[143.261s][info][gc,phases      ] GC(675) Summary Phase 0.078ms
[143.261s][info][gc,phases,start] GC(675) Adjust Roots
[143.265s][info][gc,phases      ] GC(675) Adjust Roots 4.010ms
[143.266s][info][gc,phases,start] GC(675) Compaction Phase
[143.309s][info][gc,phases      ] GC(675) Compaction Phase 43.894ms
[143.309s][info][gc,phases,start] GC(675) Post Compact
[143.315s][info][gc,phases      ] GC(675) Post Compact 5.221ms
[143.315s][info][gc,heap        ] GC(675) PSYoungGen: 116735K(232960K)->90954K(232960K) Eden: 116735K(116736K)->90954K(116736K) From: 0K(116224K)->0K(116224K)
[143.315s][info][gc,heap        ] GC(675) ParOldGen: 698878K(699392K)->698799K(699392K)
[143.315s][info][gc,metaspace   ] GC(675) Metaspace: 114843K(126848K)->114843K(126848K) NonClass: 98121K(105536K)->98121K(105536K) Class: 16721K(21312K)->16721K(21312K)
[143.315s][info][gc             ] GC(675) Pause Full (Ergonomics) 796M->771M(910M) 95.003ms
[143.315s][info][gc,cpu         ] GC(675) User=1.02s Sys=0.00s Real=0.09s
[143.319s][info][gc,start       ] GC(676) Pause Full (Ergonomics)
[143.319s][info][gc,phases,start] GC(676) Marking Phase
[143.344s][info][gc,phases      ] GC(676) Marking Phase 25.683ms
[143.345s][info][gc,phases,start] GC(676) Summary Phase
[143.345s][info][gc,phases      ] GC(676) Summary Phase 0.028ms
[143.345s][info][gc,phases,start] GC(676) Adjust Roots
[143.347s][info][gc,phases      ] GC(676) Adjust Roots 2.752ms
[143.347s][info][gc,phases,start] GC(676) Compaction Phase
[143.394s][info][gc,phases      ] GC(676) Compaction Phase 46.761ms
[143.394s][info][gc,phases,start] GC(676) Post Compact
[143.398s][info][gc,phases      ] GC(676) Post Compact 4.015ms
[143.398s][info][gc,heap        ] GC(676) PSYoungGen: 116736K(232960K)->88833K(232960K) Eden: 116736K(116736K)->88833K(116736K) From: 0K(116224K)->0K(116224K)
[143.398s][info][gc,heap        ] GC(676) ParOldGen: 698799K(699392K)->698799K(699392K)
[143.398s][info][gc,metaspace   ] GC(676) Metaspace: 114850K(126848K)->114850K(126848K) NonClass: 98127K(105536K)->98127K(105536K) Class: 16723K(21312K)->16723K(21312K)
[143.398s][info][gc             ] GC(676) Pause Full (Ergonomics) 796M->769M(910M) 79.500ms
[143.398s][info][gc,cpu         ] GC(676) User=1.11s Sys=0.00s Real=0.08s
[143.402s][info][gc,start       ] GC(677) Pause Full (Ergonomics)
[143.402s][info][gc,phases,start] GC(677) Marking Phase
[143.442s][info][gc,phases      ] GC(677) Marking Phase 40.060ms
[143.442s][info][gc,phases,start] GC(677) Summary Phase
[143.442s][info][gc,phases      ] GC(677) Summary Phase 0.032ms
[143.442s][info][gc,phases,start] GC(677) Adjust Roots
[143.445s][info][gc,phases      ] GC(677) Adjust Roots 3.198ms
[143.445s][info][gc,phases,start] GC(677) Compaction Phase
[143.475s][info][gc,phases      ] GC(677) Compaction Phase 29.268ms
[143.475s][info][gc,phases,start] GC(677) Post Compact
[143.479s][info][gc,phases      ] GC(677) Post Compact 4.080ms
[143.479s][info][gc,heap        ] GC(677) PSYoungGen: 116736K(232960K)->84950K(232960K) Eden: 116736K(116736K)->84950K(116736K) From: 0K(116224K)->0K(116224K)
[143.479s][info][gc,heap        ] GC(677) ParOldGen: 698799K(699392K)->698797K(699392K)
[143.479s][info][gc,metaspace   ] GC(677) Metaspace: 114863K(126848K)->114860K(126848K) NonClass: 98136K(105536K)->98134K(105536K) Class: 16727K(21312K)->16726K(21312K)
[143.479s][info][gc             ] GC(677) Pause Full (Ergonomics) 796M->765M(910M) 76.912ms
[143.479s][info][gc,cpu         ] GC(677) User=0.70s Sys=0.02s Real=0.08s
[143.482s][info][gc,start       ] GC(678) Pause Full (Ergonomics)
[143.482s][info][gc,phases,start] GC(678) Marking Phase
[143.508s][info][gc,phases      ] GC(678) Marking Phase 26.203ms
[143.509s][info][gc,phases,start] GC(678) Summary Phase
[143.509s][info][gc,phases      ] GC(678) Summary Phase 0.029ms
[143.509s][info][gc,phases,start] GC(678) Adjust Roots
[143.511s][info][gc,phases      ] GC(678) Adjust Roots 2.322ms
[143.511s][info][gc,phases,start] GC(678) Compaction Phase
[143.525s][info][gc,phases      ] GC(678) Compaction Phase 14.220ms
[143.525s][info][gc,phases,start] GC(678) Post Compact
[143.529s][info][gc,phases      ] GC(678) Post Compact 4.050ms
[143.529s][info][gc,heap        ] GC(678) PSYoungGen: 116736K(232960K)->89293K(232960K) Eden: 116736K(116736K)->89293K(116736K) From: 0K(116224K)->0K(116224K)
[143.529s][info][gc,heap        ] GC(678) ParOldGen: 698797K(699392K)->698718K(699392K)
[143.529s][info][gc,metaspace   ] GC(678) Metaspace: 114867K(126848K)->114867K(126848K) NonClass: 98139K(105536K)->98139K(105536K) Class: 16728K(21312K)->16728K(21312K)
[143.529s][info][gc             ] GC(678) Pause Full (Ergonomics) 796M->769M(910M) 47.063ms
[143.529s][info][gc,cpu         ] GC(678) User=0.36s Sys=0.00s Real=0.05s
[143.533s][info][gc,start       ] GC(679) Pause Full (Ergonomics)
[143.533s][info][gc,phases,start] GC(679) Marking Phase
[143.554s][info][gc,phases      ] GC(679) Marking Phase 21.770ms
[143.554s][info][gc,phases,start] GC(679) Summary Phase
[143.554s][info][gc,phases      ] GC(679) Summary Phase 0.030ms
[143.554s][info][gc,phases,start] GC(679) Adjust Roots
[143.557s][info][gc,phases      ] GC(679) Adjust Roots 2.314ms
[143.557s][info][gc,phases,start] GC(679) Compaction Phase
[143.600s][info][gc,phases      ] GC(679) Compaction Phase 43.104ms
[143.600s][info][gc,phases,start] GC(679) Post Compact
[143.604s][info][gc,phases      ] GC(679) Post Compact 4.089ms
[143.604s][info][gc,heap        ] GC(679) PSYoungGen: 116736K(232960K)->87131K(232960K) Eden: 116736K(116736K)->87131K(116736K) From: 0K(116224K)->0K(116224K)
[143.604s][info][gc,heap        ] GC(679) ParOldGen: 698718K(699392K)->698641K(699392K)
[143.604s][info][gc,metaspace   ] GC(679) Metaspace: 114871K(126848K)->114871K(126848K) NonClass: 98142K(105536K)->98142K(105536K) Class: 16729K(21312K)->16729K(21312K)
[143.604s][info][gc             ] GC(679) Pause Full (Ergonomics) 796M->767M(910M) 71.602ms
[143.604s][info][gc,cpu         ] GC(679) User=1.31s Sys=0.00s Real=0.06s
[143.607s][info][gc,start       ] GC(680) Pause Full (Ergonomics)
[143.607s][info][gc,phases,start] GC(680) Marking Phase
[143.633s][info][gc,phases      ] GC(680) Marking Phase 25.282ms
[143.633s][info][gc,phases,start] GC(680) Summary Phase
[143.633s][info][gc,phases      ] GC(680) Summary Phase 0.027ms
[143.633s][info][gc,phases,start] GC(680) Adjust Roots
[143.635s][info][gc,phases      ] GC(680) Adjust Roots 2.284ms
[143.635s][info][gc,phases,start] GC(680) Compaction Phase
[143.679s][info][gc,phases      ] GC(680) Compaction Phase 43.541ms
[143.679s][info][gc,phases,start] GC(680) Post Compact
[143.683s][info][gc,phases      ] GC(680) Post Compact 4.022ms
[143.683s][info][gc,heap        ] GC(680) PSYoungGen: 113680K(232960K)->87565K(232960K) Eden: 113680K(116736K)->87565K(116736K) From: 0K(116224K)->0K(116224K)
[143.683s][info][gc,heap        ] GC(680) ParOldGen: 698641K(699392K)->698560K(699392K)
[143.683s][info][gc,metaspace   ] GC(680) Metaspace: 114876K(126848K)->114876K(126848K) NonClass: 98146K(105536K)->98146K(105536K) Class: 16729K(21312K)->16729K(21312K)
[143.683s][info][gc             ] GC(680) Pause Full (Ergonomics) 793M->767M(910M) 75.438ms
[143.683s][info][gc,cpu         ] GC(680) User=1.70s Sys=0.00s Real=0.08s
[143.701s][info][gc,start       ] GC(681) Pause Full (Ergonomics)
[143.701s][info][gc,phases,start] GC(681) Marking Phase
[143.732s][info][gc,phases      ] GC(681) Marking Phase 30.657ms
[143.732s][info][gc,phases,start] GC(681) Summary Phase
[143.732s][info][gc,phases      ] GC(681) Summary Phase 0.026ms
[143.732s][info][gc,phases,start] GC(681) Adjust Roots
[143.734s][info][gc,phases      ] GC(681) Adjust Roots 2.443ms
[143.734s][info][gc,phases,start] GC(681) Compaction Phase
[143.765s][info][gc,phases      ] GC(681) Compaction Phase 30.841ms
[143.765s][info][gc,phases,start] GC(681) Post Compact
[143.769s][info][gc,phases      ] GC(681) Post Compact 4.026ms
[143.769s][info][gc,heap        ] GC(681) PSYoungGen: 116736K(232960K)->93873K(232960K) Eden: 116736K(116736K)->93873K(116736K) From: 0K(116224K)->0K(116224K)
[143.769s][info][gc,heap        ] GC(681) ParOldGen: 698560K(699392K)->698482K(699392K)
[143.769s][info][gc,metaspace   ] GC(681) Metaspace: 114878K(126848K)->114878K(126848K) NonClass: 98148K(105536K)->98148K(105536K) Class: 16729K(21312K)->16729K(21312K)
[143.769s][info][gc             ] GC(681) Pause Full (Ergonomics) 796M->773M(910M) 68.256ms
[143.769s][info][gc,cpu         ] GC(681) User=1.11s Sys=0.00s Real=0.06s
[143.773s][info][gc,start       ] GC(682) Pause Full (Ergonomics)
[143.773s][info][gc,phases,start] GC(682) Marking Phase
[143.795s][info][gc,phases      ] GC(682) Marking Phase 22.272ms
[143.795s][info][gc,phases,start] GC(682) Summary Phase
[143.795s][info][gc,phases      ] GC(682) Summary Phase 0.028ms
[143.795s][info][gc,phases,start] GC(682) Adjust Roots
[143.797s][info][gc,phases      ] GC(682) Adjust Roots 2.302ms
[143.797s][info][gc,phases,start] GC(682) Compaction Phase
[143.841s][info][gc,phases      ] GC(682) Compaction Phase 43.658ms
[143.841s][info][gc,phases,start] GC(682) Post Compact
[143.845s][info][gc,phases      ] GC(682) Post Compact 4.082ms
[143.845s][info][gc,heap        ] GC(682) PSYoungGen: 116736K(232960K)->90004K(232960K) Eden: 116736K(116736K)->90004K(116736K) From: 0K(116224K)->0K(116224K)
[143.845s][info][gc,heap        ] GC(682) ParOldGen: 698482K(699392K)->698480K(699392K)
[143.845s][info][gc,metaspace   ] GC(682) Metaspace: 114885K(126848K)->114885K(126848K) NonClass: 98154K(105536K)->98154K(105536K) Class: 16731K(21312K)->16731K(21312K)
[143.845s][info][gc             ] GC(682) Pause Full (Ergonomics) 796M->770M(910M) 72.605ms
[143.845s][info][gc,cpu         ] GC(682) User=1.31s Sys=0.00s Real=0.06s
[143.863s][info][gc,start       ] GC(683) Pause Full (Ergonomics)
[143.864s][info][gc,phases,start] GC(683) Marking Phase
[143.903s][info][gc,phases      ] GC(683) Marking Phase 39.721ms
[143.903s][info][gc,phases,start] GC(683) Summary Phase
[143.903s][info][gc,phases      ] GC(683) Summary Phase 0.026ms
[143.903s][info][gc,phases,start] GC(683) Adjust Roots
[143.907s][info][gc,phases      ] GC(683) Adjust Roots 3.705ms
[143.907s][info][gc,phases,start] GC(683) Compaction Phase
[143.950s][info][gc,phases      ] GC(683) Compaction Phase 43.290ms
[143.950s][info][gc,phases,start] GC(683) Post Compact
[143.954s][info][gc,phases      ] GC(683) Post Compact 4.050ms
[143.955s][info][gc,heap        ] GC(683) PSYoungGen: 116736K(232960K)->90138K(232960K) Eden: 116736K(116736K)->90138K(116736K) From: 0K(116224K)->0K(116224K)
[143.955s][info][gc,heap        ] GC(683) ParOldGen: 698480K(699392K)->698404K(699392K)
[143.955s][info][gc,metaspace   ] GC(683) Metaspace: 114891K(126848K)->114887K(126848K) NonClass: 98158K(105536K)->98156K(105536K) Class: 16732K(21312K)->16731K(21312K)
[143.955s][info][gc             ] GC(683) Pause Full (Ergonomics) 796M->770M(910M) 91.119ms
[143.955s][info][gc,cpu         ] GC(683) User=1.33s Sys=0.00s Real=0.08s
[143.958s][info][gc,start       ] GC(684) Pause Full (Ergonomics)
[143.958s][info][gc,phases,start] GC(684) Marking Phase
[143.994s][info][gc,phases      ] GC(684) Marking Phase 35.885ms
[143.994s][info][gc,phases,start] GC(684) Summary Phase
[143.994s][info][gc,phases      ] GC(684) Summary Phase 0.030ms
[143.994s][info][gc,phases,start] GC(684) Adjust Roots
[143.998s][info][gc,phases      ] GC(684) Adjust Roots 4.082ms
[143.998s][info][gc,phases,start] GC(684) Compaction Phase
[144.043s][info][gc,phases      ] GC(684) Compaction Phase 45.049ms
[144.043s][info][gc,phases,start] GC(684) Post Compact
[144.047s][info][gc,phases      ] GC(684) Post Compact 4.056ms
[144.047s][info][gc,heap        ] GC(684) PSYoungGen: 116735K(232960K)->80228K(232960K) Eden: 116735K(116736K)->80228K(116736K) From: 0K(116224K)->0K(116224K)
[144.047s][info][gc,heap        ] GC(684) ParOldGen: 698404K(699392K)->698320K(699392K)
[144.047s][info][gc,metaspace   ] GC(684) Metaspace: 114898K(126848K)->114894K(126848K) NonClass: 98164K(105536K)->98161K(105536K) Class: 16733K(21312K)->16732K(21312K)
[144.047s][info][gc             ] GC(684) Pause Full (Ergonomics) 796M->760M(910M) 89.369ms
[144.047s][info][gc,cpu         ] GC(684) User=1.33s Sys=0.00s Real=0.08s
[144.051s][info][gc,start       ] GC(685) Pause Full (Ergonomics)
[144.051s][info][gc,phases,start] GC(685) Marking Phase
[144.077s][info][gc,phases      ] GC(685) Marking Phase 25.251ms
[144.077s][info][gc,phases,start] GC(685) Summary Phase
[144.077s][info][gc,phases      ] GC(685) Summary Phase 0.027ms
[144.077s][info][gc,phases,start] GC(685) Adjust Roots
[144.079s][info][gc,phases      ] GC(685) Adjust Roots 2.522ms
[144.079s][info][gc,phases,start] GC(685) Compaction Phase
[144.122s][info][gc,phases      ] GC(685) Compaction Phase 42.506ms
[144.122s][info][gc,phases,start] GC(685) Post Compact
[144.126s][info][gc,phases      ] GC(685) Post Compact 4.047ms
[144.126s][info][gc,heap        ] GC(685) PSYoungGen: 116735K(232960K)->88713K(232960K) Eden: 116735K(116736K)->88713K(116736K) From: 0K(116224K)->0K(116224K)
[144.126s][info][gc,heap        ] GC(685) ParOldGen: 698320K(699392K)->698241K(699392K)
[144.126s][info][gc,metaspace   ] GC(685) Metaspace: 114906K(126848K)->114906K(126848K) NonClass: 98171K(105536K)->98171K(105536K) Class: 16734K(21312K)->16734K(21312K)
[144.126s][info][gc             ] GC(685) Pause Full (Ergonomics) 795M->768M(910M) 74.606ms
[144.126s][info][gc,cpu         ] GC(685) User=1.02s Sys=0.00s Real=0.08s
[144.130s][info][gc,start       ] GC(686) Pause Full (Ergonomics)
[144.130s][info][gc,phases,start] GC(686) Marking Phase
[144.164s][info][gc,phases      ] GC(686) Marking Phase 34.599ms
[144.164s][info][gc,phases,start] GC(686) Summary Phase
[144.164s][info][gc,phases      ] GC(686) Summary Phase 0.028ms
[144.164s][info][gc,phases,start] GC(686) Adjust Roots
[144.168s][info][gc,phases      ] GC(686) Adjust Roots 3.391ms
[144.168s][info][gc,phases,start] GC(686) Compaction Phase
[144.192s][info][gc,phases      ] GC(686) Compaction Phase 24.078ms
[144.192s][info][gc,phases,start] GC(686) Post Compact
[144.196s][info][gc,phases      ] GC(686) Post Compact 4.092ms
[144.196s][info][gc,heap        ] GC(686) PSYoungGen: 116736K(232960K)->82631K(232960K) Eden: 116736K(116736K)->82631K(116736K) From: 0K(116224K)->0K(116224K)
[144.196s][info][gc,heap        ] GC(686) ParOldGen: 698241K(699392K)->698255K(699392K)
[144.196s][info][gc,metaspace   ] GC(686) Metaspace: 114921K(126848K)->114913K(126848K) NonClass: 98184K(105536K)->98177K(105536K) Class: 16737K(21312K)->16735K(21312K)
[144.196s][info][gc             ] GC(686) Pause Full (Ergonomics) 795M->762M(910M) 66.465ms
[144.196s][info][gc,cpu         ] GC(686) User=0.80s Sys=0.00s Real=0.06s
[144.200s][info][gc,start       ] GC(687) Pause Full (Ergonomics)
[144.200s][info][gc,phases,start] GC(687) Marking Phase
[144.236s][info][gc,phases      ] GC(687) Marking Phase 36.146ms
[144.236s][info][gc,phases,start] GC(687) Summary Phase
[144.236s][info][gc,phases      ] GC(687) Summary Phase 0.035ms
[144.236s][info][gc,phases,start] GC(687) Adjust Roots
[144.240s][info][gc,phases      ] GC(687) Adjust Roots 3.451ms
[144.240s][info][gc,phases,start] GC(687) Compaction Phase
[144.273s][info][gc,phases      ] GC(687) Compaction Phase 32.712ms
[144.273s][info][gc,phases,start] GC(687) Post Compact
[144.277s][info][gc,phases      ] GC(687) Post Compact 4.069ms
[144.277s][info][gc,heap        ] GC(687) PSYoungGen: 116736K(232960K)->76978K(232960K) Eden: 116736K(116736K)->76978K(116736K) From: 0K(116224K)->0K(116224K)
[144.277s][info][gc,heap        ] GC(687) ParOldGen: 698255K(699392K)->698174K(699392K)
[144.277s][info][gc,metaspace   ] GC(687) Metaspace: 114915K(126848K)->114909K(126848K) NonClass: 98179K(105536K)->98173K(105536K) Class: 16736K(21312K)->16735K(21312K)
[144.277s][info][gc             ] GC(687) Pause Full (Ergonomics) 795M->756M(910M) 76.731ms
[144.277s][info][gc,cpu         ] GC(687) User=1.02s Sys=0.00s Real=0.08s
[144.281s][info][gc,start       ] GC(688) Pause Full (Ergonomics)
[144.281s][info][gc,phases,start] GC(688) Marking Phase
[144.314s][info][gc,phases      ] GC(688) Marking Phase 32.591ms
[144.314s][info][gc,phases,start] GC(688) Summary Phase
[144.314s][info][gc,phases      ] GC(688) Summary Phase 0.029ms
[144.314s][info][gc,phases,start] GC(688) Adjust Roots
[144.317s][info][gc,phases      ] GC(688) Adjust Roots 3.112ms
[144.317s][info][gc,phases,start] GC(688) Compaction Phase
[144.332s][info][gc,phases      ] GC(688) Compaction Phase 14.419ms
[144.332s][info][gc,phases,start] GC(688) Post Compact
[144.336s][info][gc,phases      ] GC(688) Post Compact 4.039ms
[144.336s][info][gc,heap        ] GC(688) PSYoungGen: 116735K(232960K)->76992K(232960K) Eden: 116735K(116736K)->76992K(116736K) From: 0K(116224K)->0K(116224K)
[144.336s][info][gc,heap        ] GC(688) ParOldGen: 698174K(699392K)->698174K(699392K)
[144.336s][info][gc,metaspace   ] GC(688) Metaspace: 114922K(126848K)->114919K(126848K) NonClass: 98184K(105536K)->98181K(105536K) Class: 16738K(21312K)->16737K(21312K)
[144.336s][info][gc             ] GC(688) Pause Full (Ergonomics) 795M->756M(910M) 54.444ms
[144.336s][info][gc,cpu         ] GC(688) User=0.72s Sys=0.00s Real=0.05s
[144.352s][info][gc,start       ] GC(689) Pause Full (Ergonomics)
[144.352s][info][gc,phases,start] GC(689) Marking Phase
[144.397s][info][gc,phases      ] GC(689) Marking Phase 45.409ms
[144.397s][info][gc,phases,start] GC(689) Summary Phase
[144.397s][info][gc,phases      ] GC(689) Summary Phase 0.033ms
[144.397s][info][gc,phases,start] GC(689) Adjust Roots
[144.400s][info][gc,phases      ] GC(689) Adjust Roots 2.807ms
[144.400s][info][gc,phases,start] GC(689) Compaction Phase
[144.445s][info][gc,phases      ] GC(689) Compaction Phase 44.780ms
[144.445s][info][gc,phases,start] GC(689) Post Compact
[144.449s][info][gc,phases      ] GC(689) Post Compact 4.066ms
[144.449s][info][gc,heap        ] GC(689) PSYoungGen: 116736K(232960K)->79357K(232960K) Eden: 116736K(116736K)->79357K(116736K) From: 0K(116224K)->0K(116224K)
[144.449s][info][gc,heap        ] GC(689) ParOldGen: 698174K(699392K)->698015K(699392K)
[144.449s][info][gc,metaspace   ] GC(689) Metaspace: 114930K(126848K)->114920K(126848K) NonClass: 98191K(105536K)->98183K(105536K) Class: 16739K(21312K)->16737K(21312K)
[144.449s][info][gc             ] GC(689) Pause Full (Ergonomics) 795M->759M(910M) 97.421ms
[144.449s][info][gc,cpu         ] GC(689) User=1.03s Sys=0.00s Real=0.09s
[144.453s][info][gc,start       ] GC(690) Pause Full (Ergonomics)
[144.453s][info][gc,phases,start] GC(690) Marking Phase
[144.474s][info][gc,phases      ] GC(690) Marking Phase 21.489ms
[144.474s][info][gc,phases,start] GC(690) Summary Phase
[144.474s][info][gc,phases      ] GC(690) Summary Phase 0.028ms
[144.475s][info][gc,phases,start] GC(690) Adjust Roots
[144.477s][info][gc,phases      ] GC(690) Adjust Roots 2.339ms
[144.477s][info][gc,phases,start] GC(690) Compaction Phase
[144.490s][info][gc,phases      ] GC(690) Compaction Phase 13.447ms
[144.490s][info][gc,phases,start] GC(690) Post Compact
[144.494s][info][gc,phases      ] GC(690) Post Compact 4.048ms
[144.494s][info][gc,heap        ] GC(690) PSYoungGen: 116736K(232960K)->79953K(232960K) Eden: 116736K(116736K)->79953K(116736K) From: 0K(116224K)->0K(116224K)
[144.494s][info][gc,heap        ] GC(690) ParOldGen: 698015K(699392K)->695863K(699392K)
[144.494s][info][gc,metaspace   ] GC(690) Metaspace: 114929K(126848K)->114929K(126848K) NonClass: 98191K(105536K)->98191K(105536K) Class: 16738K(21312K)->16738K(21312K)
[144.495s][info][gc             ] GC(690) Pause Full (Ergonomics) 795M->757M(910M) 41.615ms
[144.495s][info][gc,cpu         ] GC(690) User=0.67s Sys=0.00s Real=0.03s
[144.512s][info][gc,start       ] GC(691) Pause Full (Ergonomics)
[144.512s][info][gc,phases,start] GC(691) Marking Phase
[144.555s][info][gc,phases      ] GC(691) Marking Phase 43.116ms
[144.555s][info][gc,phases,start] GC(691) Summary Phase
[144.555s][info][gc,phases      ] GC(691) Summary Phase 0.036ms
[144.555s][info][gc,phases,start] GC(691) Adjust Roots
[144.559s][info][gc,phases      ] GC(691) Adjust Roots 3.184ms
[144.559s][info][gc,phases,start] GC(691) Compaction Phase
[144.588s][info][gc,phases      ] GC(691) Compaction Phase 29.362ms
[144.588s][info][gc,phases,start] GC(691) Post Compact
[144.593s][info][gc,phases      ] GC(691) Post Compact 5.242ms
[144.593s][info][gc,heap        ] GC(691) PSYoungGen: 116736K(232960K)->81021K(232960K) Eden: 116736K(116736K)->81021K(116736K) From: 0K(116224K)->0K(116224K)
[144.594s][info][gc,heap        ] GC(691) ParOldGen: 695863K(699392K)->693752K(699392K)
[144.594s][info][gc,metaspace   ] GC(691) Metaspace: 114941K(126848K)->114931K(126848K) NonClass: 98201K(105536K)->98193K(105536K) Class: 16740K(21312K)->16738K(21312K)
[144.594s][info][gc             ] GC(691) Pause Full (Ergonomics) 793M->756M(910M) 81.416ms
[144.594s][info][gc,cpu         ] GC(691) User=0.69s Sys=0.02s Real=0.08s
[144.597s][info][gc,start       ] GC(692) Pause Full (Ergonomics)
[144.597s][info][gc,phases,start] GC(692) Marking Phase
[144.625s][info][gc,phases      ] GC(692) Marking Phase 28.193ms
[144.646s][info][gc,phases,start] GC(692) Summary Phase
[144.646s][info][gc,phases      ] GC(692) Summary Phase 0.094ms
[144.646s][info][gc,phases,start] GC(692) Adjust Roots
[144.650s][info][gc,phases      ] GC(692) Adjust Roots 4.174ms
[144.650s][info][gc,phases,start] GC(692) Compaction Phase
[144.672s][info][gc,phases      ] GC(692) Compaction Phase 21.855ms
[144.672s][info][gc,phases,start] GC(692) Post Compact
[144.676s][info][gc,phases      ] GC(692) Post Compact 4.315ms
[144.676s][info][gc,heap        ] GC(692) PSYoungGen: 116736K(232960K)->85880K(232960K) Eden: 116736K(116736K)->85880K(116736K) From: 0K(116224K)->0K(116224K)
[144.676s][info][gc,heap        ] GC(692) ParOldGen: 693752K(699392K)->693593K(699392K)
[144.676s][info][gc,metaspace   ] GC(692) Metaspace: 114940K(126848K)->114940K(126848K) NonClass: 98201K(105536K)->98201K(105536K) Class: 16739K(21312K)->16739K(21312K)
[144.676s][info][gc             ] GC(692) Pause Full (Ergonomics) 791M->761M(910M) 79.278ms
[144.677s][info][gc,cpu         ] GC(692) User=0.69s Sys=0.00s Real=0.08s
[144.680s][info][gc,start       ] GC(693) Pause Full (Ergonomics)
[144.680s][info][gc,phases,start] GC(693) Marking Phase
[144.707s][info][gc,phases      ] GC(693) Marking Phase 26.685ms
[144.707s][info][gc,phases,start] GC(693) Summary Phase
[144.707s][info][gc,phases      ] GC(693) Summary Phase 0.028ms
[144.707s][info][gc,phases,start] GC(693) Adjust Roots
[144.709s][info][gc,phases      ] GC(693) Adjust Roots 2.514ms
[144.709s][info][gc,phases,start] GC(693) Compaction Phase
[144.725s][info][gc,phases      ] GC(693) Compaction Phase 15.578ms
[144.725s][info][gc,phases,start] GC(693) Post Compact
[144.729s][info][gc,phases      ] GC(693) Post Compact 3.971ms
[144.729s][info][gc,heap        ] GC(693) PSYoungGen: 114469K(232960K)->78330K(232960K) Eden: 114469K(116736K)->78330K(116736K) From: 0K(116224K)->0K(116224K)
[144.729s][info][gc,heap        ] GC(693) ParOldGen: 693593K(699392K)->697687K(699392K)
[144.729s][info][gc,metaspace   ] GC(693) Metaspace: 114943K(126848K)->114943K(126848K) NonClass: 98203K(105536K)->98203K(105536K) Class: 16739K(21312K)->16739K(21312K)
[144.729s][info][gc             ] GC(693) Pause Full (Ergonomics) 789M->757M(910M) 49.073ms
[144.729s][info][gc,cpu         ] GC(693) User=0.69s Sys=0.00s Real=0.05s
[144.746s][info][gc,start       ] GC(694) Pause Full (Ergonomics)
[144.746s][info][gc,phases,start] GC(694) Marking Phase
[144.783s][info][gc,phases      ] GC(694) Marking Phase 36.772ms
[144.783s][info][gc,phases,start] GC(694) Summary Phase
[144.783s][info][gc,phases      ] GC(694) Summary Phase 0.028ms
[144.783s][info][gc,phases,start] GC(694) Adjust Roots
[144.786s][info][gc,phases      ] GC(694) Adjust Roots 3.654ms
[144.786s][info][gc,phases,start] GC(694) Compaction Phase
[144.818s][info][gc,phases      ] GC(694) Compaction Phase 31.745ms
[144.818s][info][gc,phases,start] GC(694) Post Compact
[144.822s][info][gc,phases      ] GC(694) Post Compact 4.099ms
[144.822s][info][gc,heap        ] GC(694) PSYoungGen: 116735K(232960K)->78294K(232960K) Eden: 116735K(116736K)->78294K(116736K) From: 0K(116224K)->0K(116224K)
[144.822s][info][gc,heap        ] GC(694) ParOldGen: 697687K(699392K)->695597K(699392K)
[144.822s][info][gc,metaspace   ] GC(694) Metaspace: 114945K(126848K)->114935K(126848K) NonClass: 98205K(105536K)->98197K(105536K) Class: 16739K(21312K)->16738K(21312K)
[144.822s][info][gc             ] GC(694) Pause Full (Ergonomics) 795M->755M(910M) 76.568ms
[144.822s][info][gc,cpu         ] GC(694) User=1.00s Sys=0.00s Real=0.06s
[144.826s][info][gc,start       ] GC(695) Pause Full (Ergonomics)
[144.826s][info][gc,phases,start] GC(695) Marking Phase
[144.852s][info][gc,phases      ] GC(695) Marking Phase 25.108ms
[144.852s][info][gc,phases,start] GC(695) Summary Phase
[144.852s][info][gc,phases      ] GC(695) Summary Phase 0.026ms
[144.852s][info][gc,phases,start] GC(695) Adjust Roots
[144.854s][info][gc,phases      ] GC(695) Adjust Roots 2.339ms
[144.854s][info][gc,phases,start] GC(695) Compaction Phase
[144.885s][info][gc,phases      ] GC(695) Compaction Phase 30.732ms
[144.885s][info][gc,phases,start] GC(695) Post Compact
[144.889s][info][gc,phases      ] GC(695) Post Compact 3.967ms
[144.889s][info][gc,heap        ] GC(695) PSYoungGen: 116736K(232960K)->70464K(232960K) Eden: 116736K(116736K)->70464K(116736K) From: 0K(116224K)->0K(116224K)
[144.889s][info][gc,heap        ] GC(695) ParOldGen: 695597K(699392K)->697726K(699392K)
[144.889s][info][gc,metaspace   ] GC(695) Metaspace: 114942K(126848K)->114942K(126848K) NonClass: 98203K(105536K)->98203K(105536K) Class: 16739K(21312K)->16739K(21312K)
[144.889s][info][gc             ] GC(695) Pause Full (Ergonomics) 793M->750M(910M) 62.506ms
[144.889s][info][gc,cpu         ] GC(695) User=0.69s Sys=0.00s Real=0.06s
[144.894s][info][gc,start       ] GC(696) Pause Full (Ergonomics)
[144.894s][info][gc,phases,start] GC(696) Marking Phase
[144.929s][info][gc,phases      ] GC(696) Marking Phase 35.782ms
[144.929s][info][gc,phases,start] GC(696) Summary Phase
[144.930s][info][gc,phases      ] GC(696) Summary Phase 0.027ms
[144.930s][info][gc,phases,start] GC(696) Adjust Roots
[144.933s][info][gc,phases      ] GC(696) Adjust Roots 3.300ms
[144.933s][info][gc,phases,start] GC(696) Compaction Phase
[144.951s][info][gc,phases      ] GC(696) Compaction Phase 17.770ms
[144.951s][info][gc,phases,start] GC(696) Post Compact
[144.955s][info][gc,phases      ] GC(696) Post Compact 4.115ms
[144.955s][info][gc,heap        ] GC(696) PSYoungGen: 116736K(232960K)->71070K(232960K) Eden: 116736K(116736K)->71070K(116736K) From: 0K(116224K)->0K(116224K)
[144.955s][info][gc,heap        ] GC(696) ParOldGen: 697726K(699392K)->695597K(699392K)
[144.955s][info][gc,metaspace   ] GC(696) Metaspace: 114966K(126848K)->114959K(126848K) NonClass: 98224K(105536K)->98219K(105536K) Class: 16741K(21312K)->16740K(21312K)
[144.955s][info][gc             ] GC(696) Pause Full (Ergonomics) 795M->748M(910M) 61.303ms
[144.955s][info][gc,cpu         ] GC(696) User=0.70s Sys=0.00s Real=0.06s
[144.960s][info][gc,start       ] GC(697) Pause Full (Ergonomics)
[144.960s][info][gc,phases,start] GC(697) Marking Phase
[145.001s][info][gc,phases      ] GC(697) Marking Phase 41.475ms
[145.001s][info][gc,phases,start] GC(697) Summary Phase
[145.001s][info][gc,phases      ] GC(697) Summary Phase 0.026ms
[145.001s][info][gc,phases,start] GC(697) Adjust Roots
[145.004s][info][gc,phases      ] GC(697) Adjust Roots 3.069ms
[145.004s][info][gc,phases,start] GC(697) Compaction Phase
[145.027s][info][gc,phases      ] GC(697) Compaction Phase 23.119ms
[145.028s][info][gc,phases,start] GC(697) Post Compact
[145.032s][info][gc,phases      ] GC(697) Post Compact 4.056ms
[145.032s][info][gc,heap        ] GC(697) PSYoungGen: 116736K(232960K)->75737K(232960K) Eden: 116736K(116736K)->75737K(116736K) From: 0K(116224K)->0K(116224K)
[145.032s][info][gc,heap        ] GC(697) ParOldGen: 695597K(699392K)->695357K(699392K)
[145.032s][info][gc,metaspace   ] GC(697) Metaspace: 114966K(126848K)->114956K(126848K) NonClass: 98225K(105536K)->98217K(105536K) Class: 16740K(21312K)->16739K(21312K)
[145.032s][info][gc             ] GC(697) Pause Full (Ergonomics) 793M->753M(910M) 72.017ms
[145.032s][info][gc,cpu         ] GC(697) User=1.02s Sys=0.00s Real=0.08s
[145.036s][info][gc,start       ] GC(698) Pause Full (Ergonomics)
[145.036s][info][gc,phases,start] GC(698) Marking Phase
[145.064s][info][gc,phases      ] GC(698) Marking Phase 27.790ms
[145.064s][info][gc,phases,start] GC(698) Summary Phase
[145.064s][info][gc,phases      ] GC(698) Summary Phase 0.026ms
[145.064s][info][gc,phases,start] GC(698) Adjust Roots
[145.066s][info][gc,phases      ] GC(698) Adjust Roots 2.380ms
[145.066s][info][gc,phases,start] GC(698) Compaction Phase
[145.082s][info][gc,phases      ] GC(698) Compaction Phase 15.667ms
[145.082s][info][gc,phases,start] GC(698) Post Compact
[145.086s][info][gc,phases      ] GC(698) Post Compact 4.434ms
[145.086s][info][gc,heap        ] GC(698) PSYoungGen: 116736K(232960K)->75895K(232960K) Eden: 116736K(116736K)->75895K(116736K) From: 0K(116224K)->0K(116224K)
[145.086s][info][gc,heap        ] GC(698) ParOldGen: 695357K(699392K)->695396K(699392K)
[145.086s][info][gc,metaspace   ] GC(698) Metaspace: 114961K(126848K)->114961K(126848K) NonClass: 98221K(105536K)->98221K(105536K) Class: 16740K(21312K)->16740K(21312K)
[145.086s][info][gc             ] GC(698) Pause Full (Ergonomics) 793M->753M(910M) 50.636ms
[145.086s][info][gc,cpu         ] GC(698) User=0.64s Sys=0.00s Real=0.05s
[145.091s][info][gc,start       ] GC(699) Pause Full (Ergonomics)
[145.091s][info][gc,phases,start] GC(699) Marking Phase
[145.130s][info][gc,phases      ] GC(699) Marking Phase 39.370ms
[145.130s][info][gc,phases,start] GC(699) Summary Phase
[145.130s][info][gc,phases      ] GC(699) Summary Phase 0.027ms
[145.130s][info][gc,phases,start] GC(699) Adjust Roots
[145.133s][info][gc,phases      ] GC(699) Adjust Roots 2.602ms
[145.133s][info][gc,phases,start] GC(699) Compaction Phase
[145.160s][info][gc,phases      ] GC(699) Compaction Phase 27.035ms
[145.160s][info][gc,phases,start] GC(699) Post Compact
[145.164s][info][gc,phases      ] GC(699) Post Compact 4.037ms
[145.164s][info][gc,heap        ] GC(699) PSYoungGen: 116736K(232960K)->55443K(232960K) Eden: 116736K(116736K)->55443K(116736K) From: 0K(116224K)->0K(116224K)
[145.164s][info][gc,heap        ] GC(699) ParOldGen: 695396K(699392K)->696237K(699392K)
[145.164s][info][gc,metaspace   ] GC(699) Metaspace: 114974K(126848K)->114970K(126848K) NonClass: 98230K(105536K)->98228K(105536K) Class: 16743K(21312K)->16742K(21312K)
[145.164s][info][gc             ] GC(699) Pause Full (Ergonomics) 793M->734M(910M) 73.384ms
[145.164s][info][gc,cpu         ] GC(699) User=1.00s Sys=0.00s Real=0.06s
[145.170s][info][gc,start       ] GC(700) Pause Full (Ergonomics)
[145.170s][info][gc,phases,start] GC(700) Marking Phase
[145.196s][info][gc,phases      ] GC(700) Marking Phase 26.808ms
[145.197s][info][gc,phases,start] GC(700) Summary Phase
[145.197s][info][gc,phases      ] GC(700) Summary Phase 0.028ms
[145.197s][info][gc,phases,start] GC(700) Adjust Roots
[145.199s][info][gc,phases      ] GC(700) Adjust Roots 2.346ms
[145.199s][info][gc,phases,start] GC(700) Compaction Phase
[145.220s][info][gc,phases      ] GC(700) Compaction Phase 21.235ms
[145.220s][info][gc,phases,start] GC(700) Post Compact
[145.224s][info][gc,phases      ] GC(700) Post Compact 4.120ms
[145.224s][info][gc,heap        ] GC(700) PSYoungGen: 116736K(232960K)->69074K(232960K) Eden: 116736K(116736K)->69074K(116736K) From: 0K(116224K)->0K(116224K)
[145.224s][info][gc,heap        ] GC(700) ParOldGen: 696237K(699392K)->695924K(699392K)
[145.224s][info][gc,metaspace   ] GC(700) Metaspace: 114979K(126848K)->114979K(126848K) NonClass: 98235K(105536K)->98235K(105536K) Class: 16743K(21312K)->16743K(21312K)
[145.224s][info][gc             ] GC(700) Pause Full (Ergonomics) 793M->747M(910M) 54.823ms
[145.225s][info][gc,cpu         ] GC(700) User=0.66s Sys=0.02s Real=0.05s
[145.231s][info][gc,start       ] GC(701) Pause Full (Ergonomics)
[145.231s][info][gc,phases,start] GC(701) Marking Phase
[145.275s][info][gc,phases      ] GC(701) Marking Phase 44.012ms
[145.275s][info][gc,phases,start] GC(701) Summary Phase
[145.275s][info][gc,phases      ] GC(701) Summary Phase 0.029ms
[145.275s][info][gc,phases,start] GC(701) Adjust Roots
[145.279s][info][gc,phases      ] GC(701) Adjust Roots 3.788ms
[145.279s][info][gc,phases,start] GC(701) Compaction Phase
[145.323s][info][gc,phases      ] GC(701) Compaction Phase 44.128ms
[145.323s][info][gc,phases,start] GC(701) Post Compact
[145.327s][info][gc,phases      ] GC(701) Post Compact 4.002ms
[145.327s][info][gc,heap        ] GC(701) PSYoungGen: 116736K(232960K)->81568K(232960K) Eden: 116736K(116736K)->81568K(116736K) From: 0K(116224K)->0K(116224K)
[145.327s][info][gc,heap        ] GC(701) ParOldGen: 695924K(699392K)->695843K(699392K)
[145.327s][info][gc,metaspace   ] GC(701) Metaspace: 114982K(126848K)->114979K(126848K) NonClass: 98238K(105536K)->98235K(105536K) Class: 16743K(21312K)->16743K(21312K)
[145.327s][info][gc             ] GC(701) Pause Full (Ergonomics) 793M->759M(910M) 96.241ms
[145.328s][info][gc,cpu         ] GC(701) User=1.72s Sys=0.00s Real=0.10s
[145.343s][info][gc,start       ] GC(702) Pause Full (Ergonomics)
[145.343s][info][gc,phases,start] GC(702) Marking Phase
[145.382s][info][gc,phases      ] GC(702) Marking Phase 38.398ms
[145.382s][info][gc,phases,start] GC(702) Summary Phase
[145.382s][info][gc,phases      ] GC(702) Summary Phase 0.028ms
[145.382s][info][gc,phases,start] GC(702) Adjust Roots
[145.386s][info][gc,phases      ] GC(702) Adjust Roots 3.715ms
[145.386s][info][gc,phases,start] GC(702) Compaction Phase
[145.429s][info][gc,phases      ] GC(702) Compaction Phase 43.144ms
[145.429s][info][gc,phases,start] GC(702) Post Compact
[145.433s][info][gc,phases      ] GC(702) Post Compact 4.062ms
[145.433s][info][gc,heap        ] GC(702) PSYoungGen: 116736K(232960K)->77287K(232960K) Eden: 116736K(116736K)->77287K(116736K) From: 0K(116224K)->0K(116224K)
[145.433s][info][gc,heap        ] GC(702) ParOldGen: 695843K(699392K)->697384K(699392K)
[145.433s][info][gc,metaspace   ] GC(702) Metaspace: 114981K(126848K)->114978K(126848K) NonClass: 98237K(105536K)->98234K(105536K) Class: 16743K(21312K)->16743K(21312K)
[145.433s][info][gc             ] GC(702) Pause Full (Ergonomics) 793M->756M(910M) 89.638ms
[145.433s][info][gc,cpu         ] GC(702) User=1.33s Sys=0.00s Real=0.08s
[145.437s][info][gc,start       ] GC(703) Pause Full (Ergonomics)
[145.437s][info][gc,phases,start] GC(703) Marking Phase
[145.472s][info][gc,phases      ] GC(703) Marking Phase 35.049ms
[145.472s][info][gc,phases,start] GC(703) Summary Phase
[145.472s][info][gc,phases      ] GC(703) Summary Phase 0.027ms
[145.472s][info][gc,phases,start] GC(703) Adjust Roots
[145.476s][info][gc,phases      ] GC(703) Adjust Roots 3.790ms
[145.476s][info][gc,phases,start] GC(703) Compaction Phase
[145.519s][info][gc,phases      ] GC(703) Compaction Phase 42.633ms
[145.519s][info][gc,phases,start] GC(703) Post Compact
[145.523s][info][gc,phases      ] GC(703) Post Compact 4.404ms
[145.523s][info][gc,heap        ] GC(703) PSYoungGen: 116736K(232960K)->67351K(232960K) Eden: 116736K(116736K)->67351K(116736K) From: 0K(116224K)->0K(116224K)
[145.523s][info][gc,heap        ] GC(703) ParOldGen: 697384K(699392K)->697307K(699392K)
[145.523s][info][gc,metaspace   ] GC(703) Metaspace: 114986K(126848K)->114979K(126848K) NonClass: 98241K(105536K)->98235K(105536K) Class: 16745K(21312K)->16743K(21312K)
[145.523s][info][gc             ] GC(703) Pause Full (Ergonomics) 795M->746M(910M) 86.215ms
[145.524s][info][gc,cpu         ] GC(703) User=1.33s Sys=0.00s Real=0.08s
[145.528s][info][gc,start       ] GC(704) Pause Full (Ergonomics)
[145.528s][info][gc,phases,start] GC(704) Marking Phase
[145.553s][info][gc,phases      ] GC(704) Marking Phase 25.157ms
[145.553s][info][gc,phases,start] GC(704) Summary Phase
[145.553s][info][gc,phases      ] GC(704) Summary Phase 0.028ms
[145.553s][info][gc,phases,start] GC(704) Adjust Roots
[145.556s][info][gc,phases      ] GC(704) Adjust Roots 2.762ms
[145.556s][info][gc,phases,start] GC(704) Compaction Phase
[145.603s][info][gc,phases      ] GC(704) Compaction Phase 46.644ms
[145.603s][info][gc,phases,start] GC(704) Post Compact
[145.607s][info][gc,phases      ] GC(704) Post Compact 3.976ms
[145.607s][info][gc,heap        ] GC(704) PSYoungGen: 116736K(232960K)->48997K(232960K) Eden: 116736K(116736K)->48997K(116736K) From: 0K(116224K)->0K(116224K)
[145.607s][info][gc,heap        ] GC(704) ParOldGen: 697307K(699392K)->698905K(699392K)
[145.607s][info][gc,metaspace   ] GC(704) Metaspace: 114987K(126848K)->114987K(126848K) NonClass: 98243K(105536K)->98243K(105536K) Class: 16744K(21312K)->16744K(21312K)
[145.607s][info][gc             ] GC(704) Pause Full (Ergonomics) 794M->730M(910M) 78.841ms
[145.607s][info][gc,cpu         ] GC(704) User=1.33s Sys=0.00s Real=0.08s
[145.613s][info][gc,start       ] GC(705) Pause Full (Ergonomics)
[145.613s][info][gc,phases,start] GC(705) Marking Phase
[145.651s][info][gc,phases      ] GC(705) Marking Phase 38.072ms
[145.651s][info][gc,phases,start] GC(705) Summary Phase
[145.651s][info][gc,phases      ] GC(705) Summary Phase 0.029ms
[145.651s][info][gc,phases,start] GC(705) Adjust Roots
[145.655s][info][gc,phases      ] GC(705) Adjust Roots 3.780ms
[145.655s][info][gc,phases,start] GC(705) Compaction Phase
[145.702s][info][gc,phases      ] GC(705) Compaction Phase 46.628ms
[145.702s][info][gc,phases,start] GC(705) Post Compact
[145.706s][info][gc,phases      ] GC(705) Post Compact 4.324ms
[145.706s][info][gc,heap        ] GC(705) PSYoungGen: 115111K(232960K)->46475K(232960K) Eden: 115111K(116736K)->46475K(116736K) From: 0K(116224K)->0K(116224K)
[145.706s][info][gc,heap        ] GC(705) ParOldGen: 698905K(699392K)->698843K(699392K)
[145.706s][info][gc,metaspace   ] GC(705) Metaspace: 114989K(126848K)->114982K(126848K) NonClass: 98244K(105536K)->98238K(105536K) Class: 16744K(21312K)->16743K(21312K)
[145.706s][info][gc             ] GC(705) Pause Full (Ergonomics) 794M->727M(910M) 93.174ms
[145.706s][info][gc,cpu         ] GC(705) User=1.34s Sys=0.00s Real=0.09s
[145.725s][info][gc,start       ] GC(706) Pause Full (Ergonomics)
[145.725s][info][gc,phases,start] GC(706) Marking Phase
[145.764s][info][gc,phases      ] GC(706) Marking Phase 38.896ms
[145.764s][info][gc,phases,start] GC(706) Summary Phase
[145.764s][info][gc,phases      ] GC(706) Summary Phase 0.029ms
[145.764s][info][gc,phases,start] GC(706) Adjust Roots
[145.767s][info][gc,phases      ] GC(706) Adjust Roots 3.653ms
[145.767s][info][gc,phases,start] GC(706) Compaction Phase
[145.811s][info][gc,phases      ] GC(706) Compaction Phase 43.116ms
[145.811s][info][gc,phases,start] GC(706) Post Compact
[145.815s][info][gc,phases      ] GC(706) Post Compact 4.065ms
[145.815s][info][gc,heap        ] GC(706) PSYoungGen: 116736K(232960K)->59020K(232960K) Eden: 116736K(116736K)->59020K(116736K) From: 0K(116224K)->0K(116224K)
[145.815s][info][gc,heap        ] GC(706) ParOldGen: 698843K(699392K)->698682K(699392K)
[145.815s][info][gc,metaspace   ] GC(706) Metaspace: 114992K(126848K)->114984K(126848K) NonClass: 98246K(105536K)->98239K(105536K) Class: 16746K(21312K)->16744K(21312K)
[145.815s][info][gc             ] GC(706) Pause Full (Ergonomics) 796M->739M(910M) 90.052ms
[145.815s][info][gc,cpu         ] GC(706) User=1.33s Sys=0.00s Real=0.08s
[145.820s][info][gc,start       ] GC(707) Pause Full (Ergonomics)
[145.820s][info][gc,phases,start] GC(707) Marking Phase
[145.850s][info][gc,phases      ] GC(707) Marking Phase 29.946ms
[145.850s][info][gc,phases,start] GC(707) Summary Phase
[145.850s][info][gc,phases      ] GC(707) Summary Phase 0.027ms
[145.850s][info][gc,phases,start] GC(707) Adjust Roots
[145.854s][info][gc,phases      ] GC(707) Adjust Roots 3.148ms
[145.854s][info][gc,phases,start] GC(707) Compaction Phase
[145.871s][info][gc,phases      ] GC(707) Compaction Phase 17.454ms
[145.871s][info][gc,phases,start] GC(707) Post Compact
[145.875s][info][gc,phases      ] GC(707) Post Compact 4.060ms
[145.875s][info][gc,heap        ] GC(707) PSYoungGen: 116736K(232960K)->63010K(232960K) Eden: 116736K(116736K)->63010K(116736K) From: 0K(116224K)->0K(116224K)
[145.875s][info][gc,heap        ] GC(707) ParOldGen: 698682K(699392K)->696599K(699392K)
[145.875s][info][gc,metaspace   ] GC(707) Metaspace: 114991K(126848K)->114988K(126848K) NonClass: 98245K(105536K)->98242K(105536K) Class: 16746K(21312K)->16745K(21312K)
[145.875s][info][gc             ] GC(707) Pause Full (Ergonomics) 796M->741M(910M) 54.892ms
[145.875s][info][gc,cpu         ] GC(707) User=0.67s Sys=0.00s Real=0.05s
[145.880s][info][gc,start       ] GC(708) Pause Full (Ergonomics)
[145.880s][info][gc,phases,start] GC(708) Marking Phase
[145.916s][info][gc,phases      ] GC(708) Marking Phase 35.281ms
[145.916s][info][gc,phases,start] GC(708) Summary Phase
[145.916s][info][gc,phases      ] GC(708) Summary Phase 0.029ms
[145.916s][info][gc,phases,start] GC(708) Adjust Roots
[145.919s][info][gc,phases      ] GC(708) Adjust Roots 3.306ms
[145.919s][info][gc,phases,start] GC(708) Compaction Phase
[145.962s][info][gc,phases      ] GC(708) Compaction Phase 42.830ms
[145.962s][info][gc,phases,start] GC(708) Post Compact
[145.966s][info][gc,phases      ] GC(708) Post Compact 4.037ms
[145.966s][info][gc,heap        ] GC(708) PSYoungGen: 116736K(232960K)->60670K(232960K) Eden: 116736K(116736K)->60670K(116736K) From: 0K(116224K)->0K(116224K)
[145.966s][info][gc,heap        ] GC(708) ParOldGen: 696599K(699392K)->698569K(699392K)
[145.966s][info][gc,metaspace   ] GC(708) Metaspace: 114995K(126848K)->114992K(126848K) NonClass: 98248K(105536K)->98246K(105536K) Class: 16746K(21312K)->16745K(21312K)
[145.966s][info][gc             ] GC(708) Pause Full (Ergonomics) 794M->741M(910M) 85.792ms
[145.966s][info][gc,cpu         ] GC(708) User=1.33s Sys=0.00s Real=0.08s
[145.971s][info][gc,start       ] GC(709) Pause Full (Ergonomics)
[145.971s][info][gc,phases,start] GC(709) Marking Phase
[145.998s][info][gc,phases      ] GC(709) Marking Phase 26.645ms
[145.998s][info][gc,phases,start] GC(709) Summary Phase
[145.998s][info][gc,phases      ] GC(709) Summary Phase 0.030ms
[146.015s][info][gc,phases,start] GC(709) Adjust Roots
[146.020s][info][gc,phases      ] GC(709) Adjust Roots 4.473ms
[146.020s][info][gc,phases,start] GC(709) Compaction Phase
[146.064s][info][gc,phases      ] GC(709) Compaction Phase 44.256ms
[146.064s][info][gc,phases,start] GC(709) Post Compact
[146.069s][info][gc,phases      ] GC(709) Post Compact 5.130ms
[146.069s][info][gc,heap        ] GC(709) PSYoungGen: 116736K(232960K)->62782K(232960K) Eden: 116736K(116736K)->62782K(116736K) From: 0K(116224K)->0K(116224K)
[146.069s][info][gc,heap        ] GC(709) ParOldGen: 698569K(699392K)->696898K(699392K)
[146.069s][info][gc,metaspace   ] GC(709) Metaspace: 114999K(126848K)->114999K(126848K) NonClass: 98252K(105536K)->98252K(105536K) Class: 16746K(21312K)->16746K(21312K)
[146.069s][info][gc             ] GC(709) Pause Full (Ergonomics) 796M->741M(910M) 98.199ms
[146.069s][info][gc,cpu         ] GC(709) User=1.30s Sys=0.00s Real=0.09s
[146.075s][info][gc,start       ] GC(710) Pause Full (Ergonomics)
[146.075s][info][gc,phases,start] GC(710) Marking Phase
[146.112s][info][gc,phases      ] GC(710) Marking Phase 36.700ms
[146.112s][info][gc,phases,start] GC(710) Summary Phase
[146.112s][info][gc,phases      ] GC(710) Summary Phase 0.026ms
[146.112s][info][gc,phases,start] GC(710) Adjust Roots
[146.115s][info][gc,phases      ] GC(710) Adjust Roots 3.712ms
[146.115s][info][gc,phases,start] GC(710) Compaction Phase
[146.162s][info][gc,phases      ] GC(710) Compaction Phase 46.587ms
[146.162s][info][gc,phases,start] GC(710) Post Compact
[146.166s][info][gc,phases      ] GC(710) Post Compact 4.062ms
[146.166s][info][gc,heap        ] GC(710) PSYoungGen: 116736K(232960K)->56138K(232960K) Eden: 116736K(116736K)->56138K(116736K) From: 0K(116224K)->0K(116224K)
[146.166s][info][gc,heap        ] GC(710) ParOldGen: 696898K(699392K)->695818K(699392K)
[146.166s][info][gc,metaspace   ] GC(710) Metaspace: 115001K(126848K)->114988K(126848K) NonClass: 98255K(105536K)->98244K(105536K) Class: 16746K(21312K)->16743K(21312K)
[146.166s][info][gc             ] GC(710) Pause Full (Ergonomics) 794M->734M(910M) 91.380ms
[146.166s][info][gc,cpu         ] GC(710) User=1.33s Sys=0.02s Real=0.09s
[146.172s][info][gc,start       ] GC(711) Pause Full (Ergonomics)
[146.172s][info][gc,phases,start] GC(711) Marking Phase
[146.197s][info][gc,phases      ] GC(711) Marking Phase 25.151ms
[146.197s][info][gc,phases,start] GC(711) Summary Phase
[146.197s][info][gc,phases      ] GC(711) Summary Phase 0.027ms
[146.197s][info][gc,phases,start] GC(711) Adjust Roots
[146.200s][info][gc,phases      ] GC(711) Adjust Roots 2.741ms
[146.200s][info][gc,phases,start] GC(711) Compaction Phase
[146.253s][info][gc,phases      ] GC(711) Compaction Phase 52.985ms
[146.253s][info][gc,phases,start] GC(711) Post Compact
[146.258s][info][gc,phases      ] GC(711) Post Compact 4.601ms
[146.258s][info][gc,heap        ] GC(711) PSYoungGen: 116736K(232960K)->53478K(232960K) Eden: 116736K(116736K)->53478K(116736K) From: 0K(116224K)->0K(116224K)
[146.258s][info][gc,heap        ] GC(711) ParOldGen: 695818K(699392K)->697723K(699392K)
[146.258s][info][gc,metaspace   ] GC(711) Metaspace: 114998K(126848K)->114998K(126848K) NonClass: 98252K(105536K)->98252K(105536K) Class: 16746K(21312K)->16746K(21312K)
[146.258s][info][gc             ] GC(711) Pause Full (Ergonomics) 793M->733M(910M) 85.872ms
[146.258s][info][gc,cpu         ] GC(711) User=1.64s Sys=0.00s Real=0.08s
[146.264s][info][gc,start       ] GC(712) Pause Full (Ergonomics)
[146.264s][info][gc,phases,start] GC(712) Marking Phase
[146.286s][info][gc,phases      ] GC(712) Marking Phase 22.735ms
[146.286s][info][gc,phases,start] GC(712) Summary Phase
[146.286s][info][gc,phases      ] GC(712) Summary Phase 0.026ms
[146.286s][info][gc,phases,start] GC(712) Adjust Roots
[146.289s][info][gc,phases      ] GC(712) Adjust Roots 2.579ms
[146.289s][info][gc,phases,start] GC(712) Compaction Phase
[146.333s][info][gc,phases      ] GC(712) Compaction Phase 43.451ms
[146.333s][info][gc,phases,start] GC(712) Post Compact
[146.337s][info][gc,phases      ] GC(712) Post Compact 4.035ms
[146.337s][info][gc,heap        ] GC(712) PSYoungGen: 115654K(232960K)->56197K(232960K) Eden: 115654K(116736K)->56197K(116736K) From: 0K(116224K)->0K(116224K)
[146.337s][info][gc,heap        ] GC(712) ParOldGen: 697723K(699392K)->699140K(699392K)
[146.337s][info][gc,metaspace   ] GC(712) Metaspace: 115001K(126848K)->115001K(126848K) NonClass: 98255K(105536K)->98255K(105536K) Class: 16746K(21312K)->16746K(21312K)
[146.337s][info][gc             ] GC(712) Pause Full (Ergonomics) 794M->737M(910M) 73.118ms
[146.337s][info][gc,cpu         ] GC(712) User=1.33s Sys=0.00s Real=0.08s
[146.354s][info][gc,start       ] GC(713) Pause Full (Ergonomics)
[146.354s][info][gc,phases,start] GC(713) Marking Phase
[146.394s][info][gc,phases      ] GC(713) Marking Phase 39.586ms
[146.394s][info][gc,phases,start] GC(713) Summary Phase
[146.394s][info][gc,phases      ] GC(713) Summary Phase 0.028ms
[146.394s][info][gc,phases,start] GC(713) Adjust Roots
[146.398s][info][gc,phases      ] GC(713) Adjust Roots 3.614ms
[146.398s][info][gc,phases,start] GC(713) Compaction Phase
[146.420s][info][gc,phases      ] GC(713) Compaction Phase 22.294ms
[146.420s][info][gc,phases,start] GC(713) Post Compact
[146.424s][info][gc,phases      ] GC(713) Post Compact 4.066ms
[146.424s][info][gc,heap        ] GC(713) PSYoungGen: 116736K(232960K)->65019K(232960K) Eden: 116736K(116736K)->65019K(116736K) From: 0K(116224K)->0K(116224K)
[146.424s][info][gc,heap        ] GC(713) ParOldGen: 699140K(699392K)->696637K(699392K)
[146.424s][info][gc,metaspace   ] GC(713) Metaspace: 115006K(126848K)->114996K(126848K) NonClass: 98259K(105536K)->98251K(105536K) Class: 16746K(21312K)->16745K(21312K)
[146.424s][info][gc             ] GC(713) Pause Full (Ergonomics) 796M->743M(910M) 69.843ms
[146.424s][info][gc,cpu         ] GC(713) User=1.00s Sys=0.00s Real=0.06s
[146.429s][info][gc,start       ] GC(714) Pause Full (Ergonomics)
[146.429s][info][gc,phases,start] GC(714) Marking Phase
[146.451s][info][gc,phases      ] GC(714) Marking Phase 21.637ms
[146.451s][info][gc,phases,start] GC(714) Summary Phase
[146.451s][info][gc,phases      ] GC(714) Summary Phase 0.027ms
[146.451s][info][gc,phases,start] GC(714) Adjust Roots
[146.454s][info][gc,phases      ] GC(714) Adjust Roots 2.441ms
[146.454s][info][gc,phases,start] GC(714) Compaction Phase
[146.478s][info][gc,phases      ] GC(714) Compaction Phase 24.748ms
[146.478s][info][gc,phases,start] GC(714) Post Compact
[146.482s][info][gc,phases      ] GC(714) Post Compact 3.982ms
[146.482s][info][gc,heap        ] GC(714) PSYoungGen: 116735K(232960K)->59681K(232960K) Eden: 116735K(116736K)->59681K(116736K) From: 0K(116224K)->0K(116224K)
[146.483s][info][gc,heap        ] GC(714) ParOldGen: 696637K(699392K)->698370K(699392K)
[146.483s][info][gc,metaspace   ] GC(714) Metaspace: 115009K(126848K)->115009K(126848K) NonClass: 98261K(105536K)->98261K(105536K) Class: 16747K(21312K)->16747K(21312K)
[146.483s][info][gc             ] GC(714) Pause Full (Ergonomics) 794M->740M(910M) 53.081ms
[146.483s][info][gc,cpu         ] GC(714) User=0.91s Sys=0.03s Real=0.05s
[146.488s][info][gc,start       ] GC(715) Pause Full (Ergonomics)
[146.488s][info][gc,phases,start] GC(715) Marking Phase
[146.519s][info][gc,phases      ] GC(715) Marking Phase 31.361ms
[146.519s][info][gc,phases,start] GC(715) Summary Phase
[146.519s][info][gc,phases      ] GC(715) Summary Phase 0.029ms
[146.519s][info][gc,phases,start] GC(715) Adjust Roots
[146.522s][info][gc,phases      ] GC(715) Adjust Roots 3.176ms
[146.522s][info][gc,phases,start] GC(715) Compaction Phase
[146.537s][info][gc,phases      ] GC(715) Compaction Phase 14.981ms
[146.537s][info][gc,phases,start] GC(715) Post Compact
[146.541s][info][gc,phases      ] GC(715) Post Compact 4.045ms
[146.541s][info][gc,heap        ] GC(715) PSYoungGen: 116736K(232960K)->59454K(232960K) Eden: 116736K(116736K)->59454K(116736K) From: 0K(116224K)->0K(116224K)
[146.541s][info][gc,heap        ] GC(715) ParOldGen: 698370K(699392K)->698908K(699392K)
[146.541s][info][gc,metaspace   ] GC(715) Metaspace: 115014K(126848K)->115004K(126848K) NonClass: 98265K(105536K)->98257K(105536K) Class: 16748K(21312K)->16747K(21312K)
[146.541s][info][gc             ] GC(715) Pause Full (Ergonomics) 796M->740M(910M) 53.877ms
[146.541s][info][gc,cpu         ] GC(715) User=0.67s Sys=0.00s Real=0.05s
[146.547s][info][gc,start       ] GC(716) Pause Full (Ergonomics)
[146.547s][info][gc,phases,start] GC(716) Marking Phase
[146.576s][info][gc,phases      ] GC(716) Marking Phase 29.083ms
[146.576s][info][gc,phases,start] GC(716) Summary Phase
[146.576s][info][gc,phases      ] GC(716) Summary Phase 0.029ms
[146.576s][info][gc,phases,start] GC(716) Adjust Roots
[146.579s][info][gc,phases      ] GC(716) Adjust Roots 2.789ms
[146.579s][info][gc,phases,start] GC(716) Compaction Phase
[146.603s][info][gc,phases      ] GC(716) Compaction Phase 24.652ms
[146.603s][info][gc,phases,start] GC(716) Post Compact
[146.607s][info][gc,phases      ] GC(716) Post Compact 4.047ms
[146.608s][info][gc,heap        ] GC(716) PSYoungGen: 116736K(232960K)->51893K(232960K) Eden: 116736K(116736K)->51893K(116736K) From: 0K(116224K)->0K(116224K)
[146.608s][info][gc,heap        ] GC(716) ParOldGen: 698908K(699392K)->698922K(699392K)
[146.608s][info][gc,metaspace   ] GC(716) Metaspace: 115020K(126848K)->115020K(126848K) NonClass: 98270K(105536K)->98270K(105536K) Class: 16750K(21312K)->16750K(21312K)
[146.608s][info][gc             ] GC(716) Pause Full (Ergonomics) 796M->733M(910M) 60.881ms
[146.608s][info][gc,cpu         ] GC(716) User=0.70s Sys=0.00s Real=0.06s
[146.613s][info][gc,start       ] GC(717) Pause Full (Ergonomics)
[146.613s][info][gc,phases,start] GC(717) Marking Phase
[146.651s][info][gc,phases      ] GC(717) Marking Phase 37.912ms
[146.651s][info][gc,phases,start] GC(717) Summary Phase
[146.651s][info][gc,phases      ] GC(717) Summary Phase 0.028ms
[146.651s][info][gc,phases,start] GC(717) Adjust Roots
[146.655s][info][gc,phases      ] GC(717) Adjust Roots 3.477ms
[146.655s][info][gc,phases,start] GC(717) Compaction Phase
[146.698s][info][gc,phases      ] GC(717) Compaction Phase 43.755ms
[146.698s][info][gc,phases,start] GC(717) Post Compact
[146.703s][info][gc,phases      ] GC(717) Post Compact 4.487ms
[146.703s][info][gc,heap        ] GC(717) PSYoungGen: 114219K(232960K)->45845K(232960K) Eden: 114219K(116736K)->45845K(116736K) From: 0K(116224K)->0K(116224K)
[146.703s][info][gc,heap        ] GC(717) ParOldGen: 698922K(699392K)->699284K(699392K)
[146.703s][info][gc,metaspace   ] GC(717) Metaspace: 115024K(126848K)->115014K(126848K) NonClass: 98273K(105536K)->98265K(105536K) Class: 16750K(21312K)->16749K(21312K)
[146.703s][info][gc             ] GC(717) Pause Full (Ergonomics) 794M->727M(910M) 89.931ms
[146.703s][info][gc,cpu         ] GC(717) User=1.05s Sys=0.00s Real=0.09s
[146.720s][info][gc,start       ] GC(718) Pause Full (Ergonomics)
[146.720s][info][gc,phases,start] GC(718) Marking Phase
[146.750s][info][gc,phases      ] GC(718) Marking Phase 30.793ms
[146.750s][info][gc,phases,start] GC(718) Summary Phase
[146.750s][info][gc,phases      ] GC(718) Summary Phase 0.028ms
[146.751s][info][gc,phases,start] GC(718) Adjust Roots
[146.753s][info][gc,phases      ] GC(718) Adjust Roots 2.471ms
[146.753s][info][gc,phases,start] GC(718) Compaction Phase
[146.765s][info][gc,phases      ] GC(718) Compaction Phase 12.359ms
[146.765s][info][gc,phases,start] GC(718) Post Compact
[146.770s][info][gc,phases      ] GC(718) Post Compact 4.168ms
[146.770s][info][gc,heap        ] GC(718) PSYoungGen: 116736K(232960K)->46202K(232960K) Eden: 116736K(116736K)->46202K(116736K) From: 0K(116224K)->0K(116224K)
[146.770s][info][gc,heap        ] GC(718) ParOldGen: 699284K(699392K)->699281K(699392K)
[146.770s][info][gc,metaspace   ] GC(718) Metaspace: 115021K(126848K)->115021K(126848K) NonClass: 98269K(105536K)->98269K(105536K) Class: 16751K(21312K)->16751K(21312K)
[146.770s][info][gc             ] GC(718) Pause Full (Ergonomics) 796M->728M(910M) 50.130ms
[146.770s][info][gc,cpu         ] GC(718) User=0.67s Sys=0.00s Real=0.05s
[146.776s][info][gc,start       ] GC(719) Pause Full (Ergonomics)
[146.776s][info][gc,phases,start] GC(719) Marking Phase
[146.813s][info][gc,phases      ] GC(719) Marking Phase 36.839ms
[146.813s][info][gc,phases,start] GC(719) Summary Phase
[146.813s][info][gc,phases      ] GC(719) Summary Phase 0.030ms
[146.813s][info][gc,phases,start] GC(719) Adjust Roots
[146.816s][info][gc,phases      ] GC(719) Adjust Roots 2.781ms
[146.816s][info][gc,phases,start] GC(719) Compaction Phase
[146.858s][info][gc,phases      ] GC(719) Compaction Phase 42.171ms
[146.858s][info][gc,phases,start] GC(719) Post Compact
[146.862s][info][gc,phases      ] GC(719) Post Compact 4.070ms
[146.862s][info][gc,heap        ] GC(719) PSYoungGen: 116736K(232960K)->50144K(232960K) Eden: 116736K(116736K)->50144K(116736K) From: 0K(116224K)->0K(116224K)
[146.862s][info][gc,heap        ] GC(719) ParOldGen: 699281K(699392K)->699281K(699392K)
[146.862s][info][gc,metaspace   ] GC(719) Metaspace: 115044K(126848K)->115030K(126848K) NonClass: 98287K(105536K)->98276K(105536K) Class: 16757K(21312K)->16753K(21312K)
[146.862s][info][gc             ] GC(719) Pause Full (Ergonomics) 796M->731M(910M) 86.194ms
[146.862s][info][gc,cpu         ] GC(719) User=1.33s Sys=0.00s Real=0.08s
[146.867s][info][gc,start       ] GC(720) Pause Full (Ergonomics)
[146.867s][info][gc,phases,start] GC(720) Marking Phase
[146.892s][info][gc,phases      ] GC(720) Marking Phase 24.474ms
[146.892s][info][gc,phases,start] GC(720) Summary Phase
[146.892s][info][gc,phases      ] GC(720) Summary Phase 0.029ms
[146.892s][info][gc,phases,start] GC(720) Adjust Roots
[146.895s][info][gc,phases      ] GC(720) Adjust Roots 2.654ms
[146.895s][info][gc,phases,start] GC(720) Compaction Phase
[146.937s][info][gc,phases      ] GC(720) Compaction Phase 42.263ms
[146.937s][info][gc,phases,start] GC(720) Post Compact
[146.941s][info][gc,phases      ] GC(720) Post Compact 4.023ms
[146.941s][info][gc,heap        ] GC(720) PSYoungGen: 116735K(232960K)->54710K(232960K) Eden: 116735K(116736K)->54710K(116736K) From: 0K(116224K)->0K(116224K)
[146.941s][info][gc,heap        ] GC(720) ParOldGen: 699281K(699392K)->696155K(699392K)
[146.941s][info][gc,metaspace   ] GC(720) Metaspace: 115037K(126848K)->115037K(126848K) NonClass: 98283K(105536K)->98283K(105536K) Class: 16754K(21312K)->16754K(21312K)
[146.941s][info][gc             ] GC(720) Pause Full (Ergonomics) 796M->733M(910M) 73.709ms
[146.941s][info][gc,cpu         ] GC(720) User=1.02s Sys=0.00s Real=0.08s
[146.946s][info][gc,start       ] GC(721) Pause Full (Ergonomics)
[146.946s][info][gc,phases,start] GC(721) Marking Phase
[146.983s][info][gc,phases      ] GC(721) Marking Phase 36.784ms
[146.983s][info][gc,phases,start] GC(721) Summary Phase
[146.983s][info][gc,phases      ] GC(721) Summary Phase 0.029ms
[146.983s][info][gc,phases,start] GC(721) Adjust Roots
[146.986s][info][gc,phases      ] GC(721) Adjust Roots 3.211ms
[146.986s][info][gc,phases,start] GC(721) Compaction Phase
[147.000s][info][gc,phases      ] GC(721) Compaction Phase 13.777ms
[147.000s][info][gc,phases,start] GC(721) Post Compact
[147.005s][info][gc,phases      ] GC(721) Post Compact 4.447ms
[147.005s][info][gc,heap        ] GC(721) PSYoungGen: 116736K(232960K)->54726K(232960K) Eden: 116736K(116736K)->54726K(116736K) From: 0K(116224K)->0K(116224K)
[147.005s][info][gc,heap        ] GC(721) ParOldGen: 696155K(699392K)->696155K(699392K)
[147.005s][info][gc,metaspace   ] GC(721) Metaspace: 115050K(126848K)->115040K(126848K) NonClass: 98294K(105536K)->98285K(105536K) Class: 16756K(21312K)->16754K(21312K)
[147.005s][info][gc             ] GC(721) Pause Full (Ergonomics) 793M->733M(910M) 58.603ms
[147.005s][info][gc,cpu         ] GC(721) User=0.67s Sys=0.00s Real=0.06s
[147.010s][info][gc,start       ] GC(722) Pause Full (Ergonomics)
[147.010s][info][gc,phases,start] GC(722) Marking Phase
[147.049s][info][gc,phases      ] GC(722) Marking Phase 38.118ms
[147.049s][info][gc,phases,start] GC(722) Summary Phase
[147.049s][info][gc,phases      ] GC(722) Summary Phase 0.030ms
[147.049s][info][gc,phases,start] GC(722) Adjust Roots
[147.053s][info][gc,phases      ] GC(722) Adjust Roots 3.864ms
[147.053s][info][gc,phases,start] GC(722) Compaction Phase
[147.067s][info][gc,phases      ] GC(722) Compaction Phase 14.472ms
[147.067s][info][gc,phases,start] GC(722) Post Compact
[147.071s][info][gc,phases      ] GC(722) Post Compact 4.114ms
[147.071s][info][gc,heap        ] GC(722) PSYoungGen: 116736K(232960K)->56514K(232960K) Eden: 116736K(116736K)->56514K(116736K) From: 0K(116224K)->0K(116224K)
[147.071s][info][gc,heap        ] GC(722) ParOldGen: 696155K(699392K)->696155K(699392K)
[147.071s][info][gc,metaspace   ] GC(722) Metaspace: 115052K(126848K)->115042K(126848K) NonClass: 98294K(105536K)->98285K(105536K) Class: 16757K(21312K)->16756K(21312K)
[147.071s][info][gc             ] GC(722) Pause Full (Ergonomics) 793M->735M(910M) 60.884ms
[147.071s][info][gc,cpu         ] GC(722) User=0.38s Sys=0.00s Real=0.06s
[147.077s][info][gc,start       ] GC(723) Pause Full (Ergonomics)
[147.077s][info][gc,phases,start] GC(723) Marking Phase
[147.109s][info][gc,phases      ] GC(723) Marking Phase 32.522ms
[147.109s][info][gc,phases,start] GC(723) Summary Phase
[147.109s][info][gc,phases      ] GC(723) Summary Phase 0.028ms
[147.109s][info][gc,phases,start] GC(723) Adjust Roots
[147.112s][info][gc,phases      ] GC(723) Adjust Roots 2.589ms
[147.112s][info][gc,phases,start] GC(723) Compaction Phase
[147.124s][info][gc,phases      ] GC(723) Compaction Phase 11.662ms
[147.124s][info][gc,phases,start] GC(723) Post Compact
[147.128s][info][gc,phases      ] GC(723) Post Compact 3.979ms
[147.128s][info][gc,heap        ] GC(723) PSYoungGen: 116736K(232960K)->61185K(232960K) Eden: 116736K(116736K)->61185K(116736K) From: 0K(116224K)->0K(116224K)
[147.128s][info][gc,heap        ] GC(723) ParOldGen: 696155K(699392K)->695373K(699392K)
[147.128s][info][gc,metaspace   ] GC(723) Metaspace: 115056K(126848K)->115056K(126848K) NonClass: 98297K(105536K)->98297K(105536K) Class: 16758K(21312K)->16758K(21312K)
[147.128s][info][gc             ] GC(723) Pause Full (Ergonomics) 793M->738M(910M) 51.024ms
[147.128s][info][gc,cpu         ] GC(723) User=1.02s Sys=0.00s Real=0.05s
[147.132s][info][gc,start       ] GC(724) Pause Full (Ergonomics)
[147.132s][info][gc,phases,start] GC(724) Marking Phase
[147.168s][info][gc,phases      ] GC(724) Marking Phase 35.751ms
[147.168s][info][gc,phases,start] GC(724) Summary Phase
[147.168s][info][gc,phases      ] GC(724) Summary Phase 0.029ms
[147.168s][info][gc,phases,start] GC(724) Adjust Roots
[147.172s][info][gc,phases      ] GC(724) Adjust Roots 3.466ms
[147.172s][info][gc,phases,start] GC(724) Compaction Phase
[147.217s][info][gc,phases      ] GC(724) Compaction Phase 45.229ms
[147.217s][info][gc,phases,start] GC(724) Post Compact
[147.221s][info][gc,phases      ] GC(724) Post Compact 4.050ms
[147.221s][info][gc,heap        ] GC(724) PSYoungGen: 116736K(232960K)->59187K(232960K) Eden: 116736K(116736K)->59187K(116736K) From: 0K(116224K)->0K(116224K)
[147.221s][info][gc,heap        ] GC(724) ParOldGen: 695373K(699392K)->697968K(699392K)
[147.221s][info][gc,metaspace   ] GC(724) Metaspace: 115068K(126848K)->115058K(126848K) NonClass: 98308K(105536K)->98299K(105536K) Class: 16759K(21312K)->16758K(21312K)
[147.221s][info][gc             ] GC(724) Pause Full (Ergonomics) 793M->739M(910M) 88.858ms
[147.221s][info][gc,cpu         ] GC(724) User=1.33s Sys=0.00s Real=0.08s
[147.226s][info][gc,start       ] GC(725) Pause Full (Ergonomics)
[147.227s][info][gc,phases,start] GC(725) Marking Phase
[147.262s][info][gc,phases      ] GC(725) Marking Phase 35.628ms
[147.262s][info][gc,phases,start] GC(725) Summary Phase
[147.262s][info][gc,phases      ] GC(725) Summary Phase 0.029ms
[147.262s][info][gc,phases,start] GC(725) Adjust Roots
[147.266s][info][gc,phases      ] GC(725) Adjust Roots 3.318ms
[147.266s][info][gc,phases,start] GC(725) Compaction Phase
[147.279s][info][gc,phases      ] GC(725) Compaction Phase 13.577ms
[147.279s][info][gc,phases,start] GC(725) Post Compact
[147.284s][info][gc,phases      ] GC(725) Post Compact 4.856ms
[147.284s][info][gc,heap        ] GC(725) PSYoungGen: 116736K(232960K)->61238K(232960K) Eden: 116736K(116736K)->61238K(116736K) From: 0K(116224K)->0K(116224K)
[147.284s][info][gc,heap        ] GC(725) ParOldGen: 697968K(699392K)->697968K(699392K)
[147.284s][info][gc,metaspace   ] GC(725) Metaspace: 115078K(126848K)->115074K(126848K) NonClass: 98315K(105536K)->98313K(105536K) Class: 16762K(21312K)->16761K(21312K)
[147.284s][info][gc             ] GC(725) Pause Full (Ergonomics) 795M->741M(910M) 57.792ms
[147.284s][info][gc,cpu         ] GC(725) User=0.67s Sys=0.00s Real=0.05s
[147.290s][info][gc,start       ] GC(726) Pause Full (Ergonomics)
[147.290s][info][gc,phases,start] GC(726) Marking Phase
[147.329s][info][gc,phases      ] GC(726) Marking Phase 39.686ms
[147.329s][info][gc,phases,start] GC(726) Summary Phase
[147.329s][info][gc,phases      ] GC(726) Summary Phase 0.031ms
[147.329s][info][gc,phases,start] GC(726) Adjust Roots
[147.334s][info][gc,phases      ] GC(726) Adjust Roots 4.812ms
[147.334s][info][gc,phases,start] GC(726) Compaction Phase
[147.377s][info][gc,phases      ] GC(726) Compaction Phase 43.168ms
[147.378s][info][gc,phases,start] GC(726) Post Compact
[147.382s][info][gc,phases      ] GC(726) Post Compact 4.061ms
[147.382s][info][gc,heap        ] GC(726) PSYoungGen: 116736K(232960K)->67425K(232960K) Eden: 116736K(116736K)->67425K(116736K) From: 0K(116224K)->0K(116224K)
[147.382s][info][gc,heap        ] GC(726) ParOldGen: 697968K(699392K)->697964K(699392K)
[147.382s][info][gc,metaspace   ] GC(726) Metaspace: 115086K(126848K)->115079K(126848K) NonClass: 98321K(105536K)->98316K(105536K) Class: 16764K(21312K)->16763K(21312K)
[147.382s][info][gc             ] GC(726) Pause Full (Ergonomics) 795M->747M(910M) 92.089ms
[147.382s][info][gc,cpu         ] GC(726) User=1.03s Sys=0.00s Real=0.09s
[147.386s][info][gc,start       ] GC(727) Pause Full (Ergonomics)
[147.386s][info][gc,phases,start] GC(727) Marking Phase
[147.421s][info][gc,phases      ] GC(727) Marking Phase 35.288ms
[147.435s][info][gc,phases,start] GC(727) Summary Phase
[147.435s][info][gc,phases      ] GC(727) Summary Phase 0.100ms
[147.435s][info][gc,phases,start] GC(727) Adjust Roots
[147.440s][info][gc,phases      ] GC(727) Adjust Roots 5.121ms
[147.440s][info][gc,phases,start] GC(727) Compaction Phase
[147.490s][info][gc,phases      ] GC(727) Compaction Phase 49.031ms
[147.490s][info][gc,phases,start] GC(727) Post Compact
[147.495s][info][gc,phases      ] GC(727) Post Compact 5.203ms
[147.495s][info][gc,heap        ] GC(727) PSYoungGen: 116736K(232960K)->66633K(232960K) Eden: 116736K(116736K)->66633K(116736K) From: 0K(116224K)->0K(116224K)
[147.495s][info][gc,heap        ] GC(727) ParOldGen: 697964K(699392K)->697963K(699392K)
[147.495s][info][gc,metaspace   ] GC(727) Metaspace: 115098K(126848K)->115093K(126848K) NonClass: 98329K(105536K)->98325K(105536K) Class: 16769K(21312K)->16767K(21312K)
[147.495s][info][gc             ] GC(727) Pause Full (Ergonomics) 795M->746M(910M) 108.899ms
[147.495s][info][gc,cpu         ] GC(727) User=1.34s Sys=0.00s Real=0.11s
[147.500s][info][gc,start       ] GC(728) Pause Full (Ergonomics)
[147.500s][info][gc,phases,start] GC(728) Marking Phase
[147.540s][info][gc,phases      ] GC(728) Marking Phase 39.897ms
[147.540s][info][gc,phases,start] GC(728) Summary Phase
[147.540s][info][gc,phases      ] GC(728) Summary Phase 0.031ms
[147.540s][info][gc,phases,start] GC(728) Adjust Roots
[147.543s][info][gc,phases      ] GC(728) Adjust Roots 2.909ms
[147.543s][info][gc,phases,start] GC(728) Compaction Phase
[147.590s][info][gc,phases      ] GC(728) Compaction Phase 46.860ms
[147.590s][info][gc,phases,start] GC(728) Post Compact
[147.594s][info][gc,phases      ] GC(728) Post Compact 4.041ms
[147.594s][info][gc,heap        ] GC(728) PSYoungGen: 116736K(232960K)->67445K(232960K) Eden: 116736K(116736K)->67445K(116736K) From: 0K(116224K)->0K(116224K)
[147.594s][info][gc,heap        ] GC(728) ParOldGen: 697963K(699392K)->697929K(699392K)
[147.594s][info][gc,metaspace   ] GC(728) Metaspace: 115117K(126848K)->115108K(126848K) NonClass: 98344K(105536K)->98337K(105536K) Class: 16773K(21312K)->16770K(21312K)
[147.594s][info][gc             ] GC(728) Pause Full (Ergonomics) 795M->747M(910M) 94.049ms
[147.594s][info][gc,cpu         ] GC(728) User=1.34s Sys=0.00s Real=0.09s
[147.598s][info][gc,start       ] GC(729) Pause Full (Ergonomics)
[147.598s][info][gc,phases,start] GC(729) Marking Phase
[147.625s][info][gc,phases      ] GC(729) Marking Phase 26.520ms
[147.625s][info][gc,phases,start] GC(729) Summary Phase
[147.625s][info][gc,phases      ] GC(729) Summary Phase 0.025ms
[147.625s][info][gc,phases,start] GC(729) Adjust Roots
[147.628s][info][gc,phases      ] GC(729) Adjust Roots 2.617ms
[147.628s][info][gc,phases,start] GC(729) Compaction Phase
[147.668s][info][gc,phases      ] GC(729) Compaction Phase 40.804ms
[147.668s][info][gc,phases,start] GC(729) Post Compact
[147.672s][info][gc,phases      ] GC(729) Post Compact 4.010ms
[147.673s][info][gc,heap        ] GC(729) PSYoungGen: 116736K(232960K)->67037K(232960K) Eden: 116736K(116736K)->67037K(116736K) From: 0K(116224K)->0K(116224K)
[147.673s][info][gc,heap        ] GC(729) ParOldGen: 697929K(699392K)->697929K(699392K)
[147.673s][info][gc,metaspace   ] GC(729) Metaspace: 115111K(126848K)->115111K(126848K) NonClass: 98340K(105536K)->98340K(105536K) Class: 16770K(21312K)->16770K(21312K)
[147.673s][info][gc             ] GC(729) Pause Full (Ergonomics) 795M->747M(910M) 74.226ms
[147.673s][info][gc,cpu         ] GC(729) User=1.02s Sys=0.00s Real=0.06s
[147.677s][info][gc,start       ] GC(730) Pause Full (Ergonomics)
[147.677s][info][gc,phases,start] GC(730) Marking Phase
[147.715s][info][gc,phases      ] GC(730) Marking Phase 38.226ms
[147.715s][info][gc,phases,start] GC(730) Summary Phase
[147.715s][info][gc,phases      ] GC(730) Summary Phase 0.030ms
[147.715s][info][gc,phases,start] GC(730) Adjust Roots
[147.719s][info][gc,phases      ] GC(730) Adjust Roots 3.343ms
[147.719s][info][gc,phases,start] GC(730) Compaction Phase
[147.734s][info][gc,phases      ] GC(730) Compaction Phase 15.085ms
[147.734s][info][gc,phases,start] GC(730) Post Compact
[147.739s][info][gc,phases      ] GC(730) Post Compact 4.696ms
[147.739s][info][gc,heap        ] GC(730) PSYoungGen: 116736K(232960K)->68959K(232960K) Eden: 116736K(116736K)->68959K(116736K) From: 0K(116224K)->0K(116224K)
[147.739s][info][gc,heap        ] GC(730) ParOldGen: 697929K(699392K)->697860K(699392K)
[147.739s][info][gc,metaspace   ] GC(730) Metaspace: 115126K(126848K)->115034K(126848K) NonClass: 98351K(105536K)->98275K(105536K) Class: 16774K(21312K)->16759K(21312K)
[147.739s][info][gc             ] GC(730) Pause Full (Ergonomics) 795M->748M(910M) 61.708ms
[147.739s][info][gc,cpu         ] GC(730) User=1.05s Sys=0.00s Real=0.06s
[147.743s][info][gc,start       ] GC(731) Pause Full (Ergonomics)
[147.744s][info][gc,phases,start] GC(731) Marking Phase
[147.773s][info][gc,phases      ] GC(731) Marking Phase 29.830ms
[147.773s][info][gc,phases,start] GC(731) Summary Phase
[147.773s][info][gc,phases      ] GC(731) Summary Phase 0.034ms
[147.773s][info][gc,phases,start] GC(731) Adjust Roots
[147.776s][info][gc,phases      ] GC(731) Adjust Roots 2.612ms
[147.776s][info][gc,phases,start] GC(731) Compaction Phase
[147.820s][info][gc,phases      ] GC(731) Compaction Phase 43.834ms
[147.820s][info][gc,phases,start] GC(731) Post Compact
[147.824s][info][gc,phases      ] GC(731) Post Compact 3.990ms
[147.824s][info][gc,heap        ] GC(731) PSYoungGen: 116736K(232960K)->73649K(232960K) Eden: 116736K(116736K)->73649K(116736K) From: 0K(116224K)->0K(116224K)
[147.824s][info][gc,heap        ] GC(731) ParOldGen: 697860K(699392K)->697859K(699392K)
[147.824s][info][gc,metaspace   ] GC(731) Metaspace: 115049K(126848K)->115049K(126848K) NonClass: 98288K(105536K)->98288K(105536K) Class: 16760K(21312K)->16760K(21312K)
[147.824s][info][gc             ] GC(731) Pause Full (Ergonomics) 795M->753M(910M) 80.594ms
[147.824s][info][gc,cpu         ] GC(731) User=1.06s Sys=0.00s Real=0.08s
[147.828s][info][gc,start       ] GC(732) Pause Full (Ergonomics)
[147.828s][info][gc,phases,start] GC(732) Marking Phase
[147.862s][info][gc,phases      ] GC(732) Marking Phase 33.815ms
[147.862s][info][gc,phases,start] GC(732) Summary Phase
[147.862s][info][gc,phases      ] GC(732) Summary Phase 0.030ms
[147.862s][info][gc,phases,start] GC(732) Adjust Roots
[147.865s][info][gc,phases      ] GC(732) Adjust Roots 2.554ms
[147.865s][info][gc,phases,start] GC(732) Compaction Phase
[147.880s][info][gc,phases      ] GC(732) Compaction Phase 15.082ms
[147.880s][info][gc,phases,start] GC(732) Post Compact
[147.884s][info][gc,phases      ] GC(732) Post Compact 3.986ms
[147.884s][info][gc,heap        ] GC(732) PSYoungGen: 116736K(232960K)->75167K(232960K) Eden: 116736K(116736K)->75167K(116736K) From: 0K(116224K)->0K(116224K)
[147.884s][info][gc,heap        ] GC(732) ParOldGen: 697859K(699392K)->697878K(699392K)
[147.884s][info][gc,metaspace   ] GC(732) Metaspace: 115055K(126848K)->115055K(126848K) NonClass: 98292K(105536K)->98292K(105536K) Class: 16763K(21312K)->16763K(21312K)
[147.884s][info][gc             ] GC(732) Pause Full (Ergonomics) 795M->754M(910M) 55.767ms
[147.884s][info][gc,cpu         ] GC(732) User=1.00s Sys=0.02s Real=0.06s
[147.888s][info][gc,start       ] GC(733) Pause Full (Ergonomics)
[147.888s][info][gc,phases,start] GC(733) Marking Phase
[147.927s][info][gc,phases      ] GC(733) Marking Phase 39.383ms
[147.928s][info][gc,phases,start] GC(733) Summary Phase
[147.928s][info][gc,phases      ] GC(733) Summary Phase 0.031ms
[147.928s][info][gc,phases,start] GC(733) Adjust Roots
[147.930s][info][gc,phases      ] GC(733) Adjust Roots 2.767ms
[147.930s][info][gc,phases,start] GC(733) Compaction Phase
[147.971s][info][gc,phases      ] GC(733) Compaction Phase 41.048ms
[147.971s][info][gc,phases,start] GC(733) Post Compact
[147.975s][info][gc,phases      ] GC(733) Post Compact 4.001ms
[147.975s][info][gc,heap        ] GC(733) PSYoungGen: 116736K(232960K)->75190K(232960K) Eden: 116736K(116736K)->75190K(116736K) From: 0K(116224K)->0K(116224K)
[147.976s][info][gc,heap        ] GC(733) ParOldGen: 697878K(699392K)->696225K(699392K)
[147.976s][info][gc,metaspace   ] GC(733) Metaspace: 115059K(126848K)->115059K(126848K) NonClass: 98295K(105536K)->98295K(105536K) Class: 16764K(21312K)->16764K(21312K)
[147.976s][info][gc             ] GC(733) Pause Full (Ergonomics) 795M->753M(910M) 87.478ms
[147.976s][info][gc,cpu         ] GC(733) User=1.34s Sys=0.00s Real=0.09s
[147.979s][info][gc,start       ] GC(734) Pause Full (Ergonomics)
[147.979s][info][gc,phases,start] GC(734) Marking Phase
[148.009s][info][gc,phases      ] GC(734) Marking Phase 29.634ms
[148.009s][info][gc,phases,start] GC(734) Summary Phase
[148.009s][info][gc,phases      ] GC(734) Summary Phase 0.027ms
[148.009s][info][gc,phases,start] GC(734) Adjust Roots
[148.012s][info][gc,phases      ] GC(734) Adjust Roots 2.554ms
[148.012s][info][gc,phases,start] GC(734) Compaction Phase
[148.026s][info][gc,phases      ] GC(734) Compaction Phase 14.064ms
[148.026s][info][gc,phases,start] GC(734) Post Compact
[148.030s][info][gc,phases      ] GC(734) Post Compact 4.127ms
[148.030s][info][gc,heap        ] GC(734) PSYoungGen: 116736K(232960K)->79852K(232960K) Eden: 116736K(116736K)->79852K(116736K) From: 0K(116224K)->0K(116224K)
[148.030s][info][gc,heap        ] GC(734) ParOldGen: 696225K(699392K)->696225K(699392K)
[148.030s][info][gc,metaspace   ] GC(734) Metaspace: 115063K(126848K)->115063K(126848K) NonClass: 98298K(105536K)->98298K(105536K) Class: 16765K(21312K)->16765K(21312K)
[148.030s][info][gc             ] GC(734) Pause Full (Ergonomics) 793M->757M(910M) 50.684ms
[148.030s][info][gc,cpu         ] GC(734) User=0.41s Sys=0.00s Real=0.05s
[148.034s][info][gc,start       ] GC(735) Pause Full (Ergonomics)
[148.034s][info][gc,phases,start] GC(735) Marking Phase
[148.076s][info][gc,phases      ] GC(735) Marking Phase 42.547ms
[148.077s][info][gc,phases,start] GC(735) Summary Phase
[148.077s][info][gc,phases      ] GC(735) Summary Phase 0.030ms
[148.077s][info][gc,phases,start] GC(735) Adjust Roots
[148.080s][info][gc,phases      ] GC(735) Adjust Roots 3.499ms
[148.080s][info][gc,phases,start] GC(735) Compaction Phase
[148.095s][info][gc,phases      ] GC(735) Compaction Phase 14.771ms
[148.095s][info][gc,phases,start] GC(735) Post Compact
[148.099s][info][gc,phases      ] GC(735) Post Compact 4.253ms
[148.099s][info][gc,heap        ] GC(735) PSYoungGen: 116736K(232960K)->78056K(232960K) Eden: 116736K(116736K)->78056K(116736K) From: 0K(116224K)->0K(116224K)
[148.099s][info][gc,heap        ] GC(735) ParOldGen: 696225K(699392K)->698862K(699392K)
[148.099s][info][gc,metaspace   ] GC(735) Metaspace: 115067K(126848K)->115064K(126848K) NonClass: 98302K(105536K)->98299K(105536K) Class: 16765K(21312K)->16765K(21312K)
[148.099s][info][gc             ] GC(735) Pause Full (Ergonomics) 793M->758M(910M) 65.405ms
[148.099s][info][gc,cpu         ] GC(735) User=1.06s Sys=0.00s Real=0.07s
[148.103s][info][gc,start       ] GC(736) Pause Full (Ergonomics)
[148.103s][info][gc,phases,start] GC(736) Marking Phase
[148.139s][info][gc,phases      ] GC(736) Marking Phase 36.302ms
[148.139s][info][gc,phases,start] GC(736) Summary Phase
[148.139s][info][gc,phases      ] GC(736) Summary Phase 0.031ms
[148.140s][info][gc,phases,start] GC(736) Adjust Roots
[148.142s][info][gc,phases      ] GC(736) Adjust Roots 2.849ms
[148.142s][info][gc,phases,start] GC(736) Compaction Phase
[148.188s][info][gc,phases      ] GC(736) Compaction Phase 45.162ms
[148.188s][info][gc,phases,start] GC(736) Post Compact
[148.192s][info][gc,phases      ] GC(736) Post Compact 4.011ms
[148.192s][info][gc,heap        ] GC(736) PSYoungGen: 116736K(232960K)->83537K(232960K) Eden: 116736K(116736K)->83537K(116736K) From: 0K(116224K)->0K(116224K)
[148.192s][info][gc,heap        ] GC(736) ParOldGen: 698862K(699392K)->698780K(699392K)
[148.192s][info][gc,metaspace   ] GC(736) Metaspace: 115068K(126848K)->115068K(126848K) NonClass: 98302K(105536K)->98302K(105536K) Class: 16766K(21312K)->16766K(21312K)
[148.192s][info][gc             ] GC(736) Pause Full (Ergonomics) 796M->763M(910M) 88.641ms
[148.192s][info][gc,cpu         ] GC(736) User=1.72s Sys=0.00s Real=0.09s
[148.195s][info][gc,start       ] GC(737) Pause Full (Ergonomics)
[148.195s][info][gc,phases,start] GC(737) Marking Phase
[148.216s][info][gc,phases      ] GC(737) Marking Phase 21.124ms
[148.216s][info][gc,phases,start] GC(737) Summary Phase
[148.216s][info][gc,phases      ] GC(737) Summary Phase 0.029ms
[148.216s][info][gc,phases,start] GC(737) Adjust Roots
[148.219s][info][gc,phases      ] GC(737) Adjust Roots 2.911ms
[148.219s][info][gc,phases,start] GC(737) Compaction Phase
[148.267s][info][gc,phases      ] GC(737) Compaction Phase 47.785ms
[148.267s][info][gc,phases,start] GC(737) Post Compact
[148.271s][info][gc,phases      ] GC(737) Post Compact 3.977ms
[148.271s][info][gc,heap        ] GC(737) PSYoungGen: 116736K(232960K)->84943K(232960K) Eden: 116736K(116736K)->84943K(116736K) From: 0K(116224K)->0K(116224K)
[148.271s][info][gc,heap        ] GC(737) ParOldGen: 698780K(699392K)->698861K(699392K)
[148.271s][info][gc,metaspace   ] GC(737) Metaspace: 115072K(126848K)->115072K(126848K) NonClass: 98305K(105536K)->98305K(105536K) Class: 16767K(21312K)->16767K(21312K)
[148.271s][info][gc             ] GC(737) Pause Full (Ergonomics) 796M->765M(910M) 76.098ms
[148.271s][info][gc,cpu         ] GC(737) User=1.45s Sys=0.00s Real=0.07s
[148.274s][info][gc,start       ] GC(738) Pause Full (Ergonomics)
[148.274s][info][gc,phases,start] GC(738) Marking Phase
[148.308s][info][gc,phases      ] GC(738) Marking Phase 33.321ms
[148.308s][info][gc,phases,start] GC(738) Summary Phase
[148.308s][info][gc,phases      ] GC(738) Summary Phase 0.028ms
[148.308s][info][gc,phases,start] GC(738) Adjust Roots
[148.310s][info][gc,phases      ] GC(738) Adjust Roots 2.508ms
[148.310s][info][gc,phases,start] GC(738) Compaction Phase
[148.354s][info][gc,phases      ] GC(738) Compaction Phase 44.108ms
[148.354s][info][gc,phases,start] GC(738) Post Compact
[148.358s][info][gc,phases      ] GC(738) Post Compact 3.992ms
[148.358s][info][gc,heap        ] GC(738) PSYoungGen: 116736K(232960K)->90421K(232960K) Eden: 116736K(116736K)->90421K(116736K) From: 0K(116224K)->0K(116224K)
[148.358s][info][gc,heap        ] GC(738) ParOldGen: 698861K(699392K)->697298K(699392K)
[148.358s][info][gc,metaspace   ] GC(738) Metaspace: 115076K(126848K)->115076K(126848K) NonClass: 98307K(105536K)->98307K(105536K) Class: 16769K(21312K)->16769K(21312K)
[148.358s][info][gc             ] GC(738) Pause Full (Ergonomics) 796M->769M(910M) 84.233ms
[148.359s][info][gc,cpu         ] GC(738) User=1.36s Sys=0.00s Real=0.07s
[148.361s][info][gc,start       ] GC(739) Pause Full (Ergonomics)
[148.361s][info][gc,phases,start] GC(739) Marking Phase
[148.395s][info][gc,phases      ] GC(739) Marking Phase 33.589ms
[148.395s][info][gc,phases,start] GC(739) Summary Phase
[148.395s][info][gc,phases      ] GC(739) Summary Phase 0.028ms
[148.395s][info][gc,phases,start] GC(739) Adjust Roots
[148.398s][info][gc,phases      ] GC(739) Adjust Roots 2.623ms
[148.398s][info][gc,phases,start] GC(739) Compaction Phase
[148.407s][info][gc,phases      ] GC(739) Compaction Phase 9.164ms
[148.407s][info][gc,phases,start] GC(739) Post Compact
[148.411s][info][gc,phases      ] GC(739) Post Compact 4.133ms
[148.411s][info][gc,heap        ] GC(739) PSYoungGen: 116735K(232960K)->89100K(232960K) Eden: 116735K(116736K)->89100K(116736K) From: 0K(116224K)->0K(116224K)
[148.411s][info][gc,heap        ] GC(739) ParOldGen: 697298K(699392K)->695735K(699392K)
[148.411s][info][gc,metaspace   ] GC(739) Metaspace: 115082K(126848K)->115082K(126848K) NonClass: 98311K(105536K)->98311K(105536K) Class: 16771K(21312K)->16771K(21312K)
[148.411s][info][gc             ] GC(739) Pause Full (Ergonomics) 794M->766M(910M) 49.797ms
[148.411s][info][gc,cpu         ] GC(739) User=0.39s Sys=0.00s Real=0.05s
[148.414s][info][gc,start       ] GC(740) Pause Full (Ergonomics)
[148.414s][info][gc,phases,start] GC(740) Marking Phase
[148.445s][info][gc,phases      ] GC(740) Marking Phase 30.889ms
[148.445s][info][gc,phases,start] GC(740) Summary Phase
[148.445s][info][gc,phases      ] GC(740) Summary Phase 0.029ms
[148.445s][info][gc,phases,start] GC(740) Adjust Roots
[148.448s][info][gc,phases      ] GC(740) Adjust Roots 2.683ms
[148.448s][info][gc,phases,start] GC(740) Compaction Phase
[148.491s][info][gc,phases      ] GC(740) Compaction Phase 42.964ms
[148.491s][info][gc,phases,start] GC(740) Post Compact
[148.495s][info][gc,phases      ] GC(740) Post Compact 3.963ms
[148.495s][info][gc,heap        ] GC(740) PSYoungGen: 116736K(232960K)->89205K(232960K) Eden: 116736K(116736K)->89205K(116736K) From: 0K(116224K)->0K(116224K)
[148.495s][info][gc,heap        ] GC(740) ParOldGen: 695735K(699392K)->695735K(699392K)
[148.495s][info][gc,metaspace   ] GC(740) Metaspace: 115085K(126848K)->115085K(126848K) NonClass: 98313K(105536K)->98313K(105536K) Class: 16771K(21312K)->16771K(21312K)
[148.495s][info][gc             ] GC(740) Pause Full (Ergonomics) 793M->766M(910M) 80.834ms
[148.495s][info][gc,cpu         ] GC(740) User=1.33s Sys=0.00s Real=0.08s
[148.498s][info][gc,start       ] GC(741) Pause Full (Ergonomics)
[148.498s][info][gc,phases,start] GC(741) Marking Phase
[148.527s][info][gc,phases      ] GC(741) Marking Phase 29.067ms
[148.527s][info][gc,phases,start] GC(741) Summary Phase
[148.527s][info][gc,phases      ] GC(741) Summary Phase 0.027ms
[148.527s][info][gc,phases,start] GC(741) Adjust Roots
[148.530s][info][gc,phases      ] GC(741) Adjust Roots 3.030ms
[148.530s][info][gc,phases,start] GC(741) Compaction Phase
[148.573s][info][gc,phases      ] GC(741) Compaction Phase 42.816ms
[148.573s][info][gc,phases,start] GC(741) Post Compact
[148.577s][info][gc,phases      ] GC(741) Post Compact 4.011ms
[148.577s][info][gc,heap        ] GC(741) PSYoungGen: 116736K(232960K)->92546K(232960K) Eden: 116736K(116736K)->92546K(116736K) From: 0K(116224K)->0K(116224K)
[148.577s][info][gc,heap        ] GC(741) ParOldGen: 695735K(699392K)->695735K(699392K)
[148.577s][info][gc,metaspace   ] GC(741) Metaspace: 115085K(126848K)->115085K(126848K) NonClass: 98313K(105536K)->98313K(105536K) Class: 16771K(21312K)->16771K(21312K)
[148.577s][info][gc             ] GC(741) Pause Full (Ergonomics) 793M->769M(910M) 79.194ms
[148.577s][info][gc,cpu         ] GC(741) User=1.02s Sys=0.00s Real=0.08s
[148.580s][info][gc,start       ] GC(742) Pause Full (Ergonomics)
[148.580s][info][gc,phases,start] GC(742) Marking Phase
[148.611s][info][gc,phases      ] GC(742) Marking Phase 31.589ms
[148.611s][info][gc,phases,start] GC(742) Summary Phase
[148.612s][info][gc,phases      ] GC(742) Summary Phase 0.029ms
[148.612s][info][gc,phases,start] GC(742) Adjust Roots
[148.614s][info][gc,phases      ] GC(742) Adjust Roots 2.958ms
[148.614s][info][gc,phases,start] GC(742) Compaction Phase
[148.659s][info][gc,phases      ] GC(742) Compaction Phase 44.886ms
[148.659s][info][gc,phases,start] GC(742) Post Compact
[148.663s][info][gc,phases      ] GC(742) Post Compact 3.984ms
[148.663s][info][gc,heap        ] GC(742) PSYoungGen: 116736K(232960K)->95692K(232960K) Eden: 116736K(116736K)->95692K(116736K) From: 0K(116224K)->0K(116224K)
[148.663s][info][gc,heap        ] GC(742) ParOldGen: 695735K(699392K)->695734K(699392K)
[148.663s][info][gc,metaspace   ] GC(742) Metaspace: 115096K(126848K)->115096K(126848K) NonClass: 98322K(105536K)->98322K(105536K) Class: 16773K(21312K)->16773K(21312K)
[148.664s][info][gc             ] GC(742) Pause Full (Ergonomics) 793M->772M(910M) 83.689ms
[148.664s][info][gc,cpu         ] GC(742) User=1.66s Sys=0.00s Real=0.08s
[148.666s][info][gc,start       ] GC(743) Pause Full (Ergonomics)
[148.666s][info][gc,phases,start] GC(743) Marking Phase
[148.696s][info][gc,phases      ] GC(743) Marking Phase 30.118ms
[148.696s][info][gc,phases,start] GC(743) Summary Phase
[148.696s][info][gc,phases      ] GC(743) Summary Phase 0.028ms
[148.696s][info][gc,phases,start] GC(743) Adjust Roots
[148.699s][info][gc,phases      ] GC(743) Adjust Roots 2.604ms
[148.699s][info][gc,phases,start] GC(743) Compaction Phase
[148.745s][info][gc,phases      ] GC(743) Compaction Phase 45.953ms
[148.745s][info][gc,phases,start] GC(743) Post Compact
[148.749s][info][gc,phases      ] GC(743) Post Compact 4.314ms
[148.749s][info][gc,heap        ] GC(743) PSYoungGen: 116736K(232960K)->91895K(232960K) Eden: 116736K(116736K)->91895K(116736K) From: 0K(116224K)->0K(116224K)
[148.749s][info][gc,heap        ] GC(743) ParOldGen: 695734K(699392K)->698250K(699392K)
[148.749s][info][gc,metaspace   ] GC(743) Metaspace: 115103K(126848K)->115103K(126848K) NonClass: 98327K(105536K)->98327K(105536K) Class: 16775K(21312K)->16775K(21312K)
[148.749s][info][gc             ] GC(743) Pause Full (Ergonomics) 793M->771M(910M) 83.331ms
[148.750s][info][gc,cpu         ] GC(743) User=1.06s Sys=0.00s Real=0.08s
[148.753s][info][gc,start       ] GC(744) Pause Full (Ergonomics)
[148.753s][info][gc,phases,start] GC(744) Marking Phase
[148.782s][info][gc,phases      ] GC(744) Marking Phase 29.032ms
[148.782s][info][gc,phases,start] GC(744) Summary Phase
[148.782s][info][gc,phases      ] GC(744) Summary Phase 0.026ms
[148.782s][info][gc,phases,start] GC(744) Adjust Roots
[148.785s][info][gc,phases      ] GC(744) Adjust Roots 2.577ms
[148.785s][info][gc,phases,start] GC(744) Compaction Phase
[148.803s][info][gc,phases      ] GC(744) Compaction Phase 17.992ms
[148.803s][info][gc,phases,start] GC(744) Post Compact
[148.807s][info][gc,phases      ] GC(744) Post Compact 4.246ms
[148.807s][info][gc,heap        ] GC(744) PSYoungGen: 116736K(232960K)->91181K(232960K) Eden: 116736K(116736K)->91181K(116736K) From: 0K(116224K)->0K(116224K)
[148.807s][info][gc,heap        ] GC(744) ParOldGen: 698250K(699392K)->698250K(699392K)
[148.807s][info][gc,metaspace   ] GC(744) Metaspace: 115135K(126848K)->115135K(126848K) NonClass: 98357K(105536K)->98357K(105536K) Class: 16778K(21312K)->16778K(21312K)
[148.807s][info][gc             ] GC(744) Pause Full (Ergonomics) 795M->770M(910M) 54.151ms
[148.807s][info][gc,cpu         ] GC(744) User=0.42s Sys=0.00s Real=0.05s
[148.810s][info][gc,start       ] GC(745) Pause Full (Ergonomics)
[148.886s][info][gc,phases,start] GC(745) Marking Phase
[148.922s][info][gc,phases      ] GC(745) Marking Phase 35.883ms
[148.922s][info][gc,phases,start] GC(745) Summary Phase
[148.922s][info][gc,phases      ] GC(745) Summary Phase 0.043ms
[148.922s][info][gc,phases,start] GC(745) Adjust Roots
[148.926s][info][gc,phases      ] GC(745) Adjust Roots 4.002ms
[148.926s][info][gc,phases,start] GC(745) Compaction Phase
[148.942s][info][gc,phases      ] GC(745) Compaction Phase 15.445ms
[148.942s][info][gc,phases,start] GC(745) Post Compact
[148.947s][info][gc,phases      ] GC(745) Post Compact 5.333ms
[148.947s][info][gc,heap        ] GC(745) PSYoungGen: 116736K(232960K)->91175K(232960K) Eden: 116736K(116736K)->91175K(116736K) From: 0K(116224K)->0K(116224K)
[148.947s][info][gc,heap        ] GC(745) ParOldGen: 698250K(699392K)->698250K(699392K)
[148.947s][info][gc,metaspace   ] GC(745) Metaspace: 115143K(126848K)->115143K(126848K) NonClass: 98362K(105536K)->98362K(105536K) Class: 16781K(21312K)->16781K(21312K)
[148.947s][info][gc             ] GC(745) Pause Full (Ergonomics) 795M->770M(910M) 136.918ms
[148.947s][info][gc,cpu         ] GC(745) User=0.70s Sys=0.00s Real=0.14s
[148.951s][info][gc,start       ] GC(746) Pause Full (Ergonomics)
[148.951s][info][gc,phases,start] GC(746) Marking Phase
[148.987s][info][gc,phases      ] GC(746) Marking Phase 35.379ms
[148.987s][info][gc,phases,start] GC(746) Summary Phase
[148.987s][info][gc,phases      ] GC(746) Summary Phase 0.025ms
[148.987s][info][gc,phases,start] GC(746) Adjust Roots
[148.990s][info][gc,phases      ] GC(746) Adjust Roots 2.851ms
[148.990s][info][gc,phases,start] GC(746) Compaction Phase
[149.031s][info][gc,phases      ] GC(746) Compaction Phase 41.335ms
[149.031s][info][gc,phases,start] GC(746) Post Compact
[149.035s][info][gc,phases      ] GC(746) Post Compact 4.006ms
[149.035s][info][gc,heap        ] GC(746) PSYoungGen: 116736K(232960K)->91268K(232960K) Eden: 116736K(116736K)->91268K(116736K) From: 0K(116224K)->0K(116224K)
[149.035s][info][gc,heap        ] GC(746) ParOldGen: 698250K(699392K)->698249K(699392K)
[149.035s][info][gc,metaspace   ] GC(746) Metaspace: 115154K(126848K)->115154K(126848K) NonClass: 98371K(105536K)->98371K(105536K) Class: 16783K(21312K)->16783K(21312K)
[149.035s][info][gc             ] GC(746) Pause Full (Ergonomics) 795M->771M(910M) 83.876ms
[149.035s][info][gc,cpu         ] GC(746) User=1.66s Sys=0.00s Real=0.08s
[149.038s][info][gc,start       ] GC(747) Pause Full (Ergonomics)
[149.038s][info][gc,phases,start] GC(747) Marking Phase
[149.071s][info][gc,phases      ] GC(747) Marking Phase 32.912ms
[149.071s][info][gc,phases,start] GC(747) Summary Phase
[149.071s][info][gc,phases      ] GC(747) Summary Phase 0.026ms
[149.071s][info][gc,phases,start] GC(747) Adjust Roots
[149.074s][info][gc,phases      ] GC(747) Adjust Roots 2.798ms
[149.074s][info][gc,phases,start] GC(747) Compaction Phase
[149.122s][info][gc,phases      ] GC(747) Compaction Phase 48.168ms
[149.122s][info][gc,phases,start] GC(747) Post Compact
[149.127s][info][gc,phases      ] GC(747) Post Compact 5.136ms
[149.127s][info][gc,heap        ] GC(747) PSYoungGen: 116735K(232960K)->92258K(232960K) Eden: 116735K(116736K)->92258K(116736K) From: 0K(116224K)->0K(116224K)
[149.127s][info][gc,heap        ] GC(747) ParOldGen: 698249K(699392K)->698241K(699392K)
[149.127s][info][gc,metaspace   ] GC(747) Metaspace: 115160K(126848K)->115160K(126848K) NonClass: 98376K(105536K)->98376K(105536K) Class: 16783K(21312K)->16783K(21312K)
[149.127s][info][gc             ] GC(747) Pause Full (Ergonomics) 795M->771M(910M) 89.442ms
[149.127s][info][gc,cpu         ] GC(747) User=1.36s Sys=0.00s Real=0.08s
[149.131s][info][gc,start       ] GC(748) Pause Full (Ergonomics)
[149.131s][info][gc,phases,start] GC(748) Marking Phase
[149.155s][info][gc,phases      ] GC(748) Marking Phase 24.070ms
[149.155s][info][gc,phases,start] GC(748) Summary Phase
[149.155s][info][gc,phases      ] GC(748) Summary Phase 0.026ms
[149.155s][info][gc,phases,start] GC(748) Adjust Roots
[149.158s][info][gc,phases      ] GC(748) Adjust Roots 2.999ms
[149.158s][info][gc,phases,start] GC(748) Compaction Phase
[149.201s][info][gc,phases      ] GC(748) Compaction Phase 42.736ms
[149.201s][info][gc,phases,start] GC(748) Post Compact
[149.205s][info][gc,phases      ] GC(748) Post Compact 4.010ms
[149.205s][info][gc,heap        ] GC(748) PSYoungGen: 116736K(232960K)->93183K(232960K) Eden: 116736K(116736K)->93183K(116736K) From: 0K(116224K)->0K(116224K)
[149.205s][info][gc,heap        ] GC(748) ParOldGen: 698241K(699392K)->698240K(699392K)
[149.205s][info][gc,metaspace   ] GC(748) Metaspace: 115190K(126848K)->115190K(126848K) NonClass: 98402K(105536K)->98402K(105536K) Class: 16787K(21312K)->16787K(21312K)
[149.205s][info][gc             ] GC(748) Pause Full (Ergonomics) 795M->772M(910M) 74.116ms
[149.205s][info][gc,cpu         ] GC(748) User=1.31s Sys=0.00s Real=0.06s
[149.207s][info][gc,start       ] GC(749) Pause Full (Ergonomics)
[149.207s][info][gc,phases,start] GC(749) Marking Phase
[149.235s][info][gc,phases      ] GC(749) Marking Phase 27.028ms
[149.235s][info][gc,phases,start] GC(749) Summary Phase
[149.235s][info][gc,phases      ] GC(749) Summary Phase 0.027ms
[149.235s][info][gc,phases,start] GC(749) Adjust Roots
[149.237s][info][gc,phases      ] GC(749) Adjust Roots 2.905ms
[149.238s][info][gc,phases,start] GC(749) Compaction Phase
[149.285s][info][gc,phases      ] GC(749) Compaction Phase 47.114ms
[149.285s][info][gc,phases,start] GC(749) Post Compact
[149.289s][info][gc,phases      ] GC(749) Post Compact 3.999ms
[149.289s][info][gc,heap        ] GC(749) PSYoungGen: 116736K(232960K)->93449K(232960K) Eden: 116736K(116736K)->93449K(116736K) From: 0K(116224K)->0K(116224K)
[149.289s][info][gc,heap        ] GC(749) ParOldGen: 698240K(699392K)->698224K(699392K)
[149.289s][info][gc,metaspace   ] GC(749) Metaspace: 115194K(126848K)->115194K(126848K) NonClass: 98405K(105536K)->98405K(105536K) Class: 16789K(21312K)->16789K(21312K)
[149.289s][info][gc             ] GC(749) Pause Full (Ergonomics) 795M->773M(910M) 81.338ms
[149.289s][info][gc,cpu         ] GC(749) User=1.05s Sys=0.00s Real=0.08s
[149.292s][info][gc,start       ] GC(750) Pause Full (Ergonomics)
[149.292s][info][gc,phases,start] GC(750) Marking Phase
[149.323s][info][gc,phases      ] GC(750) Marking Phase 31.059ms
[149.323s][info][gc,phases,start] GC(750) Summary Phase
[149.324s][info][gc,phases      ] GC(750) Summary Phase 0.027ms
[149.324s][info][gc,phases,start] GC(750) Adjust Roots
[149.326s][info][gc,phases      ] GC(750) Adjust Roots 2.734ms
[149.326s][info][gc,phases,start] GC(750) Compaction Phase
[149.372s][info][gc,phases      ] GC(750) Compaction Phase 45.663ms
[149.372s][info][gc,phases,start] GC(750) Post Compact
[149.376s][info][gc,phases      ] GC(750) Post Compact 4.019ms
[149.376s][info][gc,heap        ] GC(750) PSYoungGen: 116736K(232960K)->93525K(232960K) Eden: 116736K(116736K)->93525K(116736K) From: 0K(116224K)->0K(116224K)
[149.376s][info][gc,heap        ] GC(750) ParOldGen: 698224K(699392K)->698209K(699392K)
[149.376s][info][gc,metaspace   ] GC(750) Metaspace: 115222K(126848K)->115222K(126848K) NonClass: 98430K(105536K)->98430K(105536K) Class: 16791K(21312K)->16791K(21312K)
[149.376s][info][gc             ] GC(750) Pause Full (Ergonomics) 795M->773M(910M) 83.756ms
[149.376s][info][gc,cpu         ] GC(750) User=1.27s Sys=0.00s Real=0.08s
[149.379s][info][gc,start       ] GC(751) Pause Full (Ergonomics)
[149.379s][info][gc,phases,start] GC(751) Marking Phase
[149.401s][info][gc,phases      ] GC(751) Marking Phase 22.406ms
[149.401s][info][gc,phases,start] GC(751) Summary Phase
[149.401s][info][gc,phases      ] GC(751) Summary Phase 0.025ms
[149.401s][info][gc,phases,start] GC(751) Adjust Roots
[149.405s][info][gc,phases      ] GC(751) Adjust Roots 3.966ms
[149.405s][info][gc,phases,start] GC(751) Compaction Phase
[149.446s][info][gc,phases      ] GC(751) Compaction Phase 41.303ms
[149.447s][info][gc,phases,start] GC(751) Post Compact
[149.451s][info][gc,phases      ] GC(751) Post Compact 4.012ms
[149.451s][info][gc,heap        ] GC(751) PSYoungGen: 116736K(232960K)->96597K(232960K) Eden: 116736K(116736K)->96597K(116736K) From: 0K(116224K)->0K(116224K)
[149.451s][info][gc,heap        ] GC(751) ParOldGen: 698209K(699392K)->698182K(699392K)
[149.451s][info][gc,metaspace   ] GC(751) Metaspace: 115225K(126848K)->115225K(126848K) NonClass: 98432K(105536K)->98432K(105536K) Class: 16792K(21312K)->16792K(21312K)
[149.451s][info][gc             ] GC(751) Pause Full (Ergonomics) 795M->776M(910M) 71.969ms
[149.451s][info][gc,cpu         ] GC(751) User=1.28s Sys=0.00s Real=0.08s
[149.453s][info][gc,start       ] GC(752) Pause Full (Ergonomics)
[149.453s][info][gc,phases,start] GC(752) Marking Phase
[149.473s][info][gc,phases      ] GC(752) Marking Phase 19.843ms
[149.473s][info][gc,phases,start] GC(752) Summary Phase
[149.473s][info][gc,phases      ] GC(752) Summary Phase 0.026ms
[149.473s][info][gc,phases,start] GC(752) Adjust Roots
[149.476s][info][gc,phases      ] GC(752) Adjust Roots 2.773ms
[149.476s][info][gc,phases,start] GC(752) Compaction Phase
[149.520s][info][gc,phases      ] GC(752) Compaction Phase 44.270ms
[149.520s][info][gc,phases,start] GC(752) Post Compact
[149.524s][info][gc,phases      ] GC(752) Post Compact 4.008ms
[149.524s][info][gc,heap        ] GC(752) PSYoungGen: 116736K(232960K)->98040K(232960K) Eden: 116736K(116736K)->98040K(116736K) From: 0K(116224K)->0K(116224K)
[149.524s][info][gc,heap        ] GC(752) ParOldGen: 698182K(699392K)->698182K(699392K)
[149.524s][info][gc,metaspace   ] GC(752) Metaspace: 115225K(126848K)->115225K(126848K) NonClass: 98432K(105536K)->98432K(105536K) Class: 16792K(21312K)->16792K(21312K)
[149.524s][info][gc             ] GC(752) Pause Full (Ergonomics) 795M->777M(910M) 71.145ms
[149.524s][info][gc,cpu         ] GC(752) User=1.31s Sys=0.00s Real=0.06s
[149.527s][info][gc,start       ] GC(753) Pause Full (Ergonomics)
[149.527s][info][gc,phases,start] GC(753) Marking Phase
[149.556s][info][gc,phases      ] GC(753) Marking Phase 29.268ms
[149.557s][info][gc,phases,start] GC(753) Summary Phase
[149.557s][info][gc,phases      ] GC(753) Summary Phase 0.026ms
[149.557s][info][gc,phases,start] GC(753) Adjust Roots
[149.560s][info][gc,phases      ] GC(753) Adjust Roots 2.936ms
[149.560s][info][gc,phases,start] GC(753) Compaction Phase
[149.606s][info][gc,phases      ] GC(753) Compaction Phase 46.641ms
[149.606s][info][gc,phases,start] GC(753) Post Compact
[149.610s][info][gc,phases      ] GC(753) Post Compact 4.111ms
[149.610s][info][gc,heap        ] GC(753) PSYoungGen: 116736K(232960K)->99703K(232960K) Eden: 116736K(116736K)->99703K(116736K) From: 0K(116224K)->0K(116224K)
[149.610s][info][gc,heap        ] GC(753) ParOldGen: 698182K(699392K)->698178K(699392K)
[149.610s][info][gc,metaspace   ] GC(753) Metaspace: 115230K(126848K)->115230K(126848K) NonClass: 98436K(105536K)->98436K(105536K) Class: 16794K(21312K)->16794K(21312K)
[149.610s][info][gc             ] GC(753) Pause Full (Ergonomics) 795M->779M(910M) 83.263ms
[149.610s][info][gc,cpu         ] GC(753) User=1.67s Sys=0.00s Real=0.09s
[149.613s][info][gc,start       ] GC(754) Pause Full (Ergonomics)
[149.613s][info][gc,phases,start] GC(754) Marking Phase
[149.639s][info][gc,phases      ] GC(754) Marking Phase 25.722ms
[149.639s][info][gc,phases,start] GC(754) Summary Phase
[149.639s][info][gc,phases      ] GC(754) Summary Phase 0.031ms
[149.639s][info][gc,phases,start] GC(754) Adjust Roots
[149.642s][info][gc,phases      ] GC(754) Adjust Roots 2.948ms
[149.642s][info][gc,phases,start] GC(754) Compaction Phase
[149.686s][info][gc,phases      ] GC(754) Compaction Phase 44.249ms
[149.686s][info][gc,phases,start] GC(754) Post Compact
[149.690s][info][gc,phases      ] GC(754) Post Compact 4.014ms
[149.690s][info][gc,heap        ] GC(754) PSYoungGen: 116736K(232960K)->98312K(232960K) Eden: 116736K(116736K)->98312K(116736K) From: 0K(116224K)->0K(116224K)
[149.690s][info][gc,heap        ] GC(754) ParOldGen: 698187K(699392K)->698184K(699392K)
[149.690s][info][gc,metaspace   ] GC(754) Metaspace: 115230K(126848K)->115230K(126848K) NonClass: 98436K(105536K)->98436K(105536K) Class: 16794K(21312K)->16794K(21312K)
[149.690s][info][gc             ] GC(754) Pause Full (Ergonomics) 795M->777M(910M) 77.208ms
[149.690s][info][gc,cpu         ] GC(754) User=1.09s Sys=0.02s Real=0.08s
[149.692s][info][gc,start       ] GC(755) Pause Full (Ergonomics)
[149.693s][info][gc,phases,start] GC(755) Marking Phase
[149.713s][info][gc,phases      ] GC(755) Marking Phase 20.667ms
[149.713s][info][gc,phases,start] GC(755) Summary Phase
[149.713s][info][gc,phases      ] GC(755) Summary Phase 0.025ms
[149.713s][info][gc,phases,start] GC(755) Adjust Roots
[149.716s][info][gc,phases      ] GC(755) Adjust Roots 2.764ms
[149.716s][info][gc,phases,start] GC(755) Compaction Phase
[149.724s][info][gc,phases      ] GC(755) Compaction Phase 7.990ms
[149.724s][info][gc,phases,start] GC(755) Post Compact
[149.728s][info][gc,phases      ] GC(755) Post Compact 3.977ms
[149.728s][info][gc,heap        ] GC(755) PSYoungGen: 116736K(232960K)->101528K(232960K) Eden: 116736K(116736K)->101528K(116736K) From: 0K(116224K)->0K(116224K)
[149.728s][info][gc,heap        ] GC(755) ParOldGen: 698184K(699392K)->698177K(699392K)
[149.728s][info][gc,metaspace   ] GC(755) Metaspace: 115231K(126848K)->115231K(126848K) NonClass: 98437K(105536K)->98437K(105536K) Class: 16794K(21312K)->16794K(21312K)
[149.728s][info][gc             ] GC(755) Pause Full (Ergonomics) 795M->780M(910M) 35.661ms
[149.728s][info][gc,cpu         ] GC(755) User=0.39s Sys=0.00s Real=0.03s
[149.731s][info][gc,start       ] GC(756) Pause Full (Ergonomics)
[149.731s][info][gc,phases,start] GC(756) Marking Phase
[149.764s][info][gc,phases      ] GC(756) Marking Phase 33.674ms
[149.764s][info][gc,phases,start] GC(756) Summary Phase
[149.764s][info][gc,phases      ] GC(756) Summary Phase 0.028ms
[149.764s][info][gc,phases,start] GC(756) Adjust Roots
[149.767s][info][gc,phases      ] GC(756) Adjust Roots 2.690ms
[149.767s][info][gc,phases,start] GC(756) Compaction Phase
[149.777s][info][gc,phases      ] GC(756) Compaction Phase 10.240ms
[149.777s][info][gc,phases,start] GC(756) Post Compact
[149.781s][info][gc,phases      ] GC(756) Post Compact 4.008ms
[149.781s][info][gc,heap        ] GC(756) PSYoungGen: 116736K(232960K)->100042K(232960K) Eden: 116736K(116736K)->100042K(116736K) From: 0K(116224K)->0K(116224K)
[149.781s][info][gc,heap        ] GC(756) ParOldGen: 698177K(699392K)->698177K(699392K)
[149.781s][info][gc,metaspace   ] GC(756) Metaspace: 115237K(126848K)->115237K(126848K) NonClass: 98442K(105536K)->98442K(105536K) Class: 16795K(21312K)->16795K(21312K)
[149.781s][info][gc             ] GC(756) Pause Full (Ergonomics) 795M->779M(910M) 50.919ms
[149.781s][info][gc,cpu         ] GC(756) User=0.36s Sys=0.02s Real=0.05s
[149.784s][info][gc,start       ] GC(757) Pause Full (Ergonomics)
[149.784s][info][gc,phases,start] GC(757) Marking Phase
[149.815s][info][gc,phases      ] GC(757) Marking Phase 30.363ms
[149.815s][info][gc,phases,start] GC(757) Summary Phase
[149.815s][info][gc,phases      ] GC(757) Summary Phase 0.027ms
[149.815s][info][gc,phases,start] GC(757) Adjust Roots
[149.817s][info][gc,phases      ] GC(757) Adjust Roots 2.647ms
[149.817s][info][gc,phases,start] GC(757) Compaction Phase
[149.824s][info][gc,phases      ] GC(757) Compaction Phase 7.035ms
[149.824s][info][gc,phases,start] GC(757) Post Compact
[149.828s][info][gc,phases      ] GC(757) Post Compact 3.758ms
[149.828s][info][gc,heap        ] GC(757) PSYoungGen: 116736K(232960K)->100137K(232960K) Eden: 116736K(116736K)->100137K(116736K) From: 0K(116224K)->0K(116224K)
[149.828s][info][gc,heap        ] GC(757) ParOldGen: 698177K(699392K)->698177K(699392K)
[149.828s][info][gc,metaspace   ] GC(757) Metaspace: 115243K(126848K)->115243K(126848K) NonClass: 98448K(105536K)->98448K(105536K) Class: 16795K(21312K)->16795K(21312K)
[149.828s][info][gc             ] GC(757) Pause Full (Ergonomics) 795M->779M(910M) 44.073ms
[149.828s][info][gc,cpu         ] GC(757) User=0.34s Sys=0.00s Real=0.03s
[149.830s][info][gc,start       ] GC(758) Pause Full (Ergonomics)
[149.830s][info][gc,phases,start] GC(758) Marking Phase
[149.855s][info][gc,phases      ] GC(758) Marking Phase 24.355ms
[149.855s][info][gc,phases,start] GC(758) Summary Phase
[149.855s][info][gc,phases      ] GC(758) Summary Phase 0.026ms
[149.855s][info][gc,phases,start] GC(758) Adjust Roots
[149.858s][info][gc,phases      ] GC(758) Adjust Roots 3.006ms
[149.858s][info][gc,phases,start] GC(758) Compaction Phase
[149.867s][info][gc,phases      ] GC(758) Compaction Phase 8.682ms
[149.867s][info][gc,phases,start] GC(758) Post Compact
[149.871s][info][gc,phases      ] GC(758) Post Compact 3.932ms
[149.871s][info][gc,heap        ] GC(758) PSYoungGen: 116736K(232960K)->101840K(232960K) Eden: 116736K(116736K)->101840K(116736K) From: 0K(116224K)->0K(116224K)
[149.871s][info][gc,heap        ] GC(758) ParOldGen: 698177K(699392K)->698177K(699392K)
[149.871s][info][gc,metaspace   ] GC(758) Metaspace: 115249K(126848K)->115249K(126848K) NonClass: 98453K(105536K)->98453K(105536K) Class: 16796K(21312K)->16796K(21312K)
[149.871s][info][gc             ] GC(758) Pause Full (Ergonomics) 795M->781M(910M) 40.243ms
[149.871s][info][gc,cpu         ] GC(758) User=0.45s Sys=0.00s Real=0.03s
[149.873s][info][gc,start       ] GC(759) Pause Full (Ergonomics)
[149.873s][info][gc,phases,start] GC(759) Marking Phase
[149.896s][info][gc,phases      ] GC(759) Marking Phase 22.830ms
[149.896s][info][gc,phases,start] GC(759) Summary Phase
[149.896s][info][gc,phases      ] GC(759) Summary Phase 0.026ms
[149.896s][info][gc,phases,start] GC(759) Adjust Roots
[149.899s][info][gc,phases      ] GC(759) Adjust Roots 2.983ms
[149.899s][info][gc,phases,start] GC(759) Compaction Phase
[149.940s][info][gc,phases      ] GC(759) Compaction Phase 41.024ms
[149.940s][info][gc,phases,start] GC(759) Post Compact
[149.944s][info][gc,phases      ] GC(759) Post Compact 4.012ms
[149.944s][info][gc,heap        ] GC(759) PSYoungGen: 116736K(232960K)->101360K(232960K) Eden: 116736K(116736K)->101360K(116736K) From: 0K(116224K)->0K(116224K)
[149.944s][info][gc,heap        ] GC(759) ParOldGen: 698177K(699392K)->698176K(699392K)
[149.944s][info][gc,metaspace   ] GC(759) Metaspace: 115253K(126848K)->115253K(126848K) NonClass: 98455K(105536K)->98455K(105536K) Class: 16797K(21312K)->16797K(21312K)
[149.944s][info][gc             ] GC(759) Pause Full (Ergonomics) 795M->780M(910M) 71.124ms
[149.944s][info][gc,cpu         ] GC(759) User=1.31s Sys=0.00s Real=0.06s
[149.947s][info][gc,start       ] GC(760) Pause Full (Ergonomics)
[149.947s][info][gc,phases,start] GC(760) Marking Phase
[149.979s][info][gc,phases      ] GC(760) Marking Phase 32.632ms
[149.979s][info][gc,phases,start] GC(760) Summary Phase
[149.979s][info][gc,phases      ] GC(760) Summary Phase 0.026ms
[149.979s][info][gc,phases,start] GC(760) Adjust Roots
[149.982s][info][gc,phases      ] GC(760) Adjust Roots 2.635ms
[149.982s][info][gc,phases,start] GC(760) Compaction Phase
[149.990s][info][gc,phases      ] GC(760) Compaction Phase 7.927ms
[149.990s][info][gc,phases,start] GC(760) Post Compact
[149.994s][info][gc,phases      ] GC(760) Post Compact 4.006ms
[149.994s][info][gc,heap        ] GC(760) PSYoungGen: 116736K(232960K)->101302K(232960K) Eden: 116736K(116736K)->101302K(116736K) From: 0K(116224K)->0K(116224K)
[149.994s][info][gc,heap        ] GC(760) ParOldGen: 698176K(699392K)->698176K(699392K)
[149.994s][info][gc,metaspace   ] GC(760) Metaspace: 115284K(126848K)->115284K(126848K) NonClass: 98485K(105536K)->98485K(105536K) Class: 16799K(21312K)->16799K(21312K)
[149.994s][info][gc             ] GC(760) Pause Full (Ergonomics) 795M->780M(910M) 47.483ms
[149.994s][info][gc,cpu         ] GC(760) User=0.36s Sys=0.00s Real=0.05s
[149.997s][info][gc,start       ] GC(761) Pause Full (Ergonomics)
[149.997s][info][gc,phases,start] GC(761) Marking Phase
[150.032s][info][gc,phases      ] GC(761) Marking Phase 35.682ms
[150.032s][info][gc,phases,start] GC(761) Summary Phase
[150.032s][info][gc,phases      ] GC(761) Summary Phase 0.028ms
[150.032s][info][gc,phases,start] GC(761) Adjust Roots
[150.035s][info][gc,phases      ] GC(761) Adjust Roots 2.685ms
[150.035s][info][gc,phases,start] GC(761) Compaction Phase
[150.076s][info][gc,phases      ] GC(761) Compaction Phase 41.292ms
[150.077s][info][gc,phases,start] GC(761) Post Compact
[150.080s][info][gc,phases      ] GC(761) Post Compact 3.988ms
[150.081s][info][gc,heap        ] GC(761) PSYoungGen: 116736K(232960K)->101326K(232960K) Eden: 116736K(116736K)->101326K(116736K) From: 0K(116224K)->0K(116224K)
[150.081s][info][gc,heap        ] GC(761) ParOldGen: 698176K(699392K)->698176K(699392K)
[150.081s][info][gc,metaspace   ] GC(761) Metaspace: 115287K(126848K)->115287K(126848K) NonClass: 98487K(105536K)->98487K(105536K) Class: 16800K(21312K)->16800K(21312K)
[150.081s][info][gc             ] GC(761) Pause Full (Ergonomics) 795M->780M(910M) 83.957ms
[150.081s][info][gc,cpu         ] GC(761) User=1.64s Sys=0.00s Real=0.08s
[150.083s][info][gc,start       ] GC(762) Pause Full (Ergonomics)
[150.083s][info][gc,phases,start] GC(762) Marking Phase
[150.114s][info][gc,phases      ] GC(762) Marking Phase 30.968ms
[150.114s][info][gc,phases,start] GC(762) Summary Phase
[150.114s][info][gc,phases      ] GC(762) Summary Phase 0.024ms
[150.114s][info][gc,phases,start] GC(762) Adjust Roots
[150.116s][info][gc,phases      ] GC(762) Adjust Roots 2.684ms
[150.116s][info][gc,phases,start] GC(762) Compaction Phase
[150.158s][info][gc,phases      ] GC(762) Compaction Phase 41.636ms
[150.158s][info][gc,phases,start] GC(762) Post Compact
[150.162s][info][gc,phases      ] GC(762) Post Compact 3.982ms
[150.162s][info][gc,heap        ] GC(762) PSYoungGen: 116736K(232960K)->101269K(232960K) Eden: 116736K(116736K)->101269K(116736K) From: 0K(116224K)->0K(116224K)
[150.162s][info][gc,heap        ] GC(762) ParOldGen: 698176K(699392K)->698176K(699392K)
[150.162s][info][gc,metaspace   ] GC(762) Metaspace: 115290K(126848K)->115290K(126848K) NonClass: 98489K(105536K)->98489K(105536K) Class: 16800K(21312K)->16800K(21312K)
[150.162s][info][gc             ] GC(762) Pause Full (Ergonomics) 795M->780M(910M) 79.533ms
[150.162s][info][gc,cpu         ] GC(762) User=1.64s Sys=0.00s Real=0.08s
[150.164s][info][gc,start       ] GC(763) Pause Full (Ergonomics)
[150.164s][info][gc,phases,start] GC(763) Marking Phase
[150.188s][info][gc,phases      ] GC(763) Marking Phase 23.554ms
[150.188s][info][gc,phases,start] GC(763) Summary Phase
[150.188s][info][gc,phases      ] GC(763) Summary Phase 0.029ms
[150.188s][info][gc,phases,start] GC(763) Adjust Roots
[150.191s][info][gc,phases      ] GC(763) Adjust Roots 2.615ms
[150.191s][info][gc,phases,start] GC(763) Compaction Phase
[150.235s][info][gc,phases      ] GC(763) Compaction Phase 43.900ms
[150.235s][info][gc,phases,start] GC(763) Post Compact
[150.239s][info][gc,phases      ] GC(763) Post Compact 3.991ms
[150.239s][info][gc,heap        ] GC(763) PSYoungGen: 116735K(232960K)->101302K(232960K) Eden: 116735K(116736K)->101302K(116736K) From: 0K(116224K)->0K(116224K)
[150.239s][info][gc,heap        ] GC(763) ParOldGen: 698176K(699392K)->698176K(699392K)
[150.239s][info][gc,metaspace   ] GC(763) Metaspace: 115294K(126848K)->115294K(126848K) NonClass: 98492K(105536K)->98492K(105536K) Class: 16801K(21312K)->16801K(21312K)
[150.239s][info][gc             ] GC(763) Pause Full (Ergonomics) 795M->780M(910M) 74.354ms
[150.239s][info][gc,cpu         ] GC(763) User=1.31s Sys=0.00s Real=0.08s
[150.241s][info][gc,start       ] GC(764) Pause Full (Ergonomics)
[150.241s][info][gc,phases,start] GC(764) Marking Phase
[150.273s][info][gc,phases      ] GC(764) Marking Phase 31.840ms
[150.273s][info][gc,phases,start] GC(764) Summary Phase
[150.273s][info][gc,phases      ] GC(764) Summary Phase 0.026ms
[150.273s][info][gc,phases,start] GC(764) Adjust Roots
[150.275s][info][gc,phases      ] GC(764) Adjust Roots 2.659ms
[150.275s][info][gc,phases,start] GC(764) Compaction Phase
[150.316s][info][gc,phases      ] GC(764) Compaction Phase 40.549ms
[150.316s][info][gc,phases,start] GC(764) Post Compact
[150.320s][info][gc,phases      ] GC(764) Post Compact 4.048ms
[150.320s][info][gc,heap        ] GC(764) PSYoungGen: 114036K(232960K)->101286K(232960K) Eden: 114036K(116736K)->101286K(116736K) From: 0K(116224K)->0K(116224K)
[150.320s][info][gc,heap        ] GC(764) ParOldGen: 698176K(699392K)->698175K(699392K)
[150.320s][info][gc,metaspace   ] GC(764) Metaspace: 115300K(126848K)->115300K(126848K) NonClass: 98498K(105536K)->98498K(105536K) Class: 16802K(21312K)->16802K(21312K)
[150.320s][info][gc             ] GC(764) Pause Full (Ergonomics) 793M->780M(910M) 79.382ms
[150.320s][info][gc,cpu         ] GC(764) User=1.34s Sys=0.00s Real=0.08s
[150.322s][info][gc,start       ] GC(765) Pause Full (Ergonomics)
[150.322s][info][gc,phases,start] GC(765) Marking Phase
[150.342s][info][gc,phases      ] GC(765) Marking Phase 20.198ms
[150.342s][info][gc,phases,start] GC(765) Summary Phase
[150.342s][info][gc,phases      ] GC(765) Summary Phase 0.025ms
[150.342s][info][gc,phases,start] GC(765) Adjust Roots
[150.345s][info][gc,phases      ] GC(765) Adjust Roots 2.657ms
[150.345s][info][gc,phases,start] GC(765) Compaction Phase
[150.386s][info][gc,phases      ] GC(765) Compaction Phase 41.214ms
[150.386s][info][gc,phases,start] GC(765) Post Compact
[150.390s][info][gc,phases      ] GC(765) Post Compact 3.997ms
[150.390s][info][gc,heap        ] GC(765) PSYoungGen: 116736K(232960K)->107525K(232960K) Eden: 116736K(116736K)->107525K(116736K) From: 0K(116224K)->0K(116224K)
[150.390s][info][gc,heap        ] GC(765) ParOldGen: 698175K(699392K)->698174K(699392K)
[150.390s][info][gc,metaspace   ] GC(765) Metaspace: 115301K(126848K)->115301K(126848K) NonClass: 98498K(105536K)->98498K(105536K) Class: 16802K(21312K)->16802K(21312K)
[150.390s][info][gc             ] GC(765) Pause Full (Ergonomics) 795M->786M(910M) 68.330ms
[150.390s][info][gc,cpu         ] GC(765) User=1.33s Sys=0.00s Real=0.07s
[150.392s][info][gc,start       ] GC(766) Pause Full (Ergonomics)
[150.392s][info][gc,phases,start] GC(766) Marking Phase
[150.418s][info][gc,phases      ] GC(766) Marking Phase 25.571ms
[150.418s][info][gc,phases,start] GC(766) Summary Phase
[150.418s][info][gc,phases      ] GC(766) Summary Phase 0.025ms
[150.418s][info][gc,phases,start] GC(766) Adjust Roots
[150.420s][info][gc,phases      ] GC(766) Adjust Roots 2.654ms
[150.420s][info][gc,phases,start] GC(766) Compaction Phase
[150.430s][info][gc,phases      ] GC(766) Compaction Phase 9.838ms
[150.430s][info][gc,phases,start] GC(766) Post Compact
[150.434s][info][gc,phases      ] GC(766) Post Compact 4.113ms
[150.434s][info][gc,heap        ] GC(766) PSYoungGen: 116736K(232960K)->104406K(232960K) Eden: 116736K(116736K)->104406K(116736K) From: 0K(116224K)->0K(116224K)
[150.434s][info][gc,heap        ] GC(766) ParOldGen: 698174K(699392K)->698174K(699392K)
[150.434s][info][gc,metaspace   ] GC(766) Metaspace: 115301K(126848K)->115301K(126848K) NonClass: 98498K(105536K)->98498K(105536K) Class: 16802K(21312K)->16802K(21312K)
[150.435s][info][gc             ] GC(766) Pause Full (Ergonomics) 795M->783M(910M) 42.459ms
[150.435s][info][gc,cpu         ] GC(766) User=0.38s Sys=0.00s Real=0.04s
[150.436s][info][gc,start       ] GC(767) Pause Full (Ergonomics)
[150.436s][info][gc,phases,start] GC(767) Marking Phase
[150.461s][info][gc,phases      ] GC(767) Marking Phase 24.812ms
[150.461s][info][gc,phases,start] GC(767) Summary Phase
[150.461s][info][gc,phases      ] GC(767) Summary Phase 0.024ms
[150.461s][info][gc,phases,start] GC(767) Adjust Roots
[150.464s][info][gc,phases      ] GC(767) Adjust Roots 2.810ms
[150.464s][info][gc,phases,start] GC(767) Compaction Phase
[150.506s][info][gc,phases      ] GC(767) Compaction Phase 41.814ms
[150.506s][info][gc,phases,start] GC(767) Post Compact
[150.510s][info][gc,phases      ] GC(767) Post Compact 4.000ms
[150.510s][info][gc,heap        ] GC(767) PSYoungGen: 116736K(232960K)->107554K(232960K) Eden: 116736K(116736K)->107554K(116736K) From: 0K(116224K)->0K(116224K)
[150.510s][info][gc,heap        ] GC(767) ParOldGen: 698174K(699392K)->698174K(699392K)
[150.510s][info][gc,metaspace   ] GC(767) Metaspace: 115301K(126848K)->115301K(126848K) NonClass: 98499K(105536K)->98499K(105536K) Class: 16802K(21312K)->16802K(21312K)
[150.510s][info][gc             ] GC(767) Pause Full (Ergonomics) 795M->786M(910M) 73.705ms
[150.510s][info][gc,cpu         ] GC(767) User=1.02s Sys=0.00s Real=0.07s
[150.512s][info][gc,start       ] GC(768) Pause Full (Ergonomics)
[150.512s][info][gc,phases,start] GC(768) Marking Phase
[150.531s][info][gc,phases      ] GC(768) Marking Phase 19.636ms
[150.531s][info][gc,phases,start] GC(768) Summary Phase
[150.531s][info][gc,phases      ] GC(768) Summary Phase 0.025ms
[150.531s][info][gc,phases,start] GC(768) Adjust Roots
[150.534s][info][gc,phases      ] GC(768) Adjust Roots 2.717ms
[150.534s][info][gc,phases,start] GC(768) Compaction Phase
[150.542s][info][gc,phases      ] GC(768) Compaction Phase 8.236ms
[150.542s][info][gc,phases,start] GC(768) Post Compact
[150.546s][info][gc,phases      ] GC(768) Post Compact 4.092ms
[150.547s][info][gc,heap        ] GC(768) PSYoungGen: 116736K(232960K)->106018K(232960K) Eden: 116736K(116736K)->106018K(116736K) From: 0K(116224K)->0K(116224K)
[150.547s][info][gc,heap        ] GC(768) ParOldGen: 698174K(699392K)->698174K(699392K)
[150.547s][info][gc,metaspace   ] GC(768) Metaspace: 115304K(126848K)->115304K(126848K) NonClass: 98501K(105536K)->98501K(105536K) Class: 16803K(21312K)->16803K(21312K)
[150.547s][info][gc             ] GC(768) Pause Full (Ergonomics) 795M->785M(910M) 34.974ms
[150.547s][info][gc,cpu         ] GC(768) User=0.33s Sys=0.00s Real=0.02s
[150.549s][info][gc,start       ] GC(769) Pause Full (Ergonomics)
[150.549s][info][gc,phases,start] GC(769) Marking Phase
[150.582s][info][gc,phases      ] GC(769) Marking Phase 33.815ms
[150.582s][info][gc,phases,start] GC(769) Summary Phase
[150.582s][info][gc,phases      ] GC(769) Summary Phase 0.026ms
[150.582s][info][gc,phases,start] GC(769) Adjust Roots
[150.585s][info][gc,phases      ] GC(769) Adjust Roots 2.633ms
[150.585s][info][gc,phases,start] GC(769) Compaction Phase
[150.593s][info][gc,phases      ] GC(769) Compaction Phase 7.470ms
[150.593s][info][gc,phases,start] GC(769) Post Compact
[150.597s][info][gc,phases      ] GC(769) Post Compact 3.992ms
[150.597s][info][gc,heap        ] GC(769) PSYoungGen: 116736K(232960K)->105996K(232960K) Eden: 116736K(116736K)->105996K(116736K) From: 0K(116224K)->0K(116224K)
[150.597s][info][gc,heap        ] GC(769) ParOldGen: 698174K(699392K)->698174K(699392K)
[150.597s][info][gc,metaspace   ] GC(769) Metaspace: 115307K(126848K)->115307K(126848K) NonClass: 98503K(105536K)->98503K(105536K) Class: 16804K(21312K)->16804K(21312K)
[150.597s][info][gc             ] GC(769) Pause Full (Ergonomics) 795M->785M(910M) 48.203ms
[150.597s][info][gc,cpu         ] GC(769) User=0.38s Sys=0.00s Real=0.05s
[150.599s][info][gc,start       ] GC(770) Pause Full (Ergonomics)
[150.599s][info][gc,phases,start] GC(770) Marking Phase
[150.630s][info][gc,phases      ] GC(770) Marking Phase 30.890ms
[150.630s][info][gc,phases,start] GC(770) Summary Phase
[150.630s][info][gc,phases      ] GC(770) Summary Phase 0.027ms
[150.630s][info][gc,phases,start] GC(770) Adjust Roots
[150.632s][info][gc,phases      ] GC(770) Adjust Roots 2.623ms
[150.632s][info][gc,phases,start] GC(770) Compaction Phase
[150.642s][info][gc,phases      ] GC(770) Compaction Phase 10.008ms
[150.642s][info][gc,phases,start] GC(770) Post Compact
[150.647s][info][gc,phases      ] GC(770) Post Compact 4.137ms
[150.647s][info][gc,heap        ] GC(770) PSYoungGen: 116736K(232960K)->105956K(232960K) Eden: 116736K(116736K)->105956K(116736K) From: 0K(116224K)->0K(116224K)
[150.647s][info][gc,heap        ] GC(770) ParOldGen: 698174K(699392K)->698174K(699392K)
[150.647s][info][gc,metaspace   ] GC(770) Metaspace: 115314K(126848K)->115314K(126848K) NonClass: 98509K(105536K)->98509K(105536K) Class: 16804K(21312K)->16804K(21312K)
[150.647s][info][gc             ] GC(770) Pause Full (Ergonomics) 795M->785M(910M) 47.965ms
[150.647s][info][gc,cpu         ] GC(770) User=0.36s Sys=0.00s Real=0.05s
[150.649s][info][gc,start       ] GC(771) Pause Full (Ergonomics)
[150.649s][info][gc,phases,start] GC(771) Marking Phase
[150.681s][info][gc,phases      ] GC(771) Marking Phase 31.847ms
[150.681s][info][gc,phases,start] GC(771) Summary Phase
[150.681s][info][gc,phases      ] GC(771) Summary Phase 0.023ms
[150.681s][info][gc,phases,start] GC(771) Adjust Roots
[150.683s][info][gc,phases      ] GC(771) Adjust Roots 2.609ms
[150.683s][info][gc,phases,start] GC(771) Compaction Phase
[150.690s][info][gc,phases      ] GC(771) Compaction Phase 7.083ms
[150.690s][info][gc,phases,start] GC(771) Post Compact
[150.694s][info][gc,phases      ] GC(771) Post Compact 3.770ms
[150.694s][info][gc,heap        ] GC(771) PSYoungGen: 116735K(232960K)->106007K(232960K) Eden: 116735K(116736K)->106007K(116736K) From: 0K(116224K)->0K(116224K)
[150.694s][info][gc,heap        ] GC(771) ParOldGen: 698174K(699392K)->698174K(699392K)
[150.694s][info][gc,metaspace   ] GC(771) Metaspace: 115314K(126848K)->115314K(126848K) NonClass: 98509K(105536K)->98509K(105536K) Class: 16804K(21312K)->16804K(21312K)
[150.694s][info][gc             ] GC(771) Pause Full (Ergonomics) 795M->785M(910M) 45.546ms
[150.694s][info][gc,cpu         ] GC(771) User=0.36s Sys=0.00s Real=0.05s
[150.696s][info][gc,start       ] GC(772) Pause Full (Ergonomics)
[150.696s][info][gc,phases,start] GC(772) Marking Phase
[150.720s][info][gc,phases      ] GC(772) Marking Phase 24.123ms
[150.720s][info][gc,phases,start] GC(772) Summary Phase
[150.720s][info][gc,phases      ] GC(772) Summary Phase 0.024ms
[150.720s][info][gc,phases,start] GC(772) Adjust Roots
[150.723s][info][gc,phases      ] GC(772) Adjust Roots 2.673ms
[150.723s][info][gc,phases,start] GC(772) Compaction Phase
[150.730s][info][gc,phases      ] GC(772) Compaction Phase 6.904ms
[150.730s][info][gc,phases,start] GC(772) Post Compact
[150.734s][info][gc,phases      ] GC(772) Post Compact 4.093ms
[150.734s][info][gc,heap        ] GC(772) PSYoungGen: 116735K(232960K)->106030K(232960K) Eden: 116735K(116736K)->106030K(116736K) From: 0K(116224K)->0K(116224K)
[150.734s][info][gc,heap        ] GC(772) ParOldGen: 698174K(699392K)->698174K(699392K)
[150.734s][info][gc,metaspace   ] GC(772) Metaspace: 115318K(126848K)->115318K(126848K) NonClass: 98513K(105536K)->98513K(105536K) Class: 16804K(21312K)->16804K(21312K)
[150.734s][info][gc             ] GC(772) Pause Full (Ergonomics) 795M->785M(910M) 38.085ms
[150.734s][info][gc,cpu         ] GC(772) User=0.41s Sys=0.00s Real=0.03s
[150.736s][info][gc,start       ] GC(773) Pause Full (Ergonomics)
[150.736s][info][gc,phases,start] GC(773) Marking Phase
[150.771s][info][gc,phases      ] GC(773) Marking Phase 35.183ms
[150.771s][info][gc,phases,start] GC(773) Summary Phase
[150.771s][info][gc,phases      ] GC(773) Summary Phase 0.027ms
[150.771s][info][gc,phases,start] GC(773) Adjust Roots
[150.774s][info][gc,phases      ] GC(773) Adjust Roots 2.644ms
[150.774s][info][gc,phases,start] GC(773) Compaction Phase
[150.785s][info][gc,phases      ] GC(773) Compaction Phase 11.111ms
[150.785s][info][gc,phases,start] GC(773) Post Compact
[150.789s][info][gc,phases      ] GC(773) Post Compact 3.939ms
[150.789s][info][gc,heap        ] GC(773) PSYoungGen: 116736K(232960K)->109083K(232960K) Eden: 116736K(116736K)->109083K(116736K) From: 0K(116224K)->0K(116224K)
[150.789s][info][gc,heap        ] GC(773) ParOldGen: 698174K(699392K)->698174K(699392K)
[150.789s][info][gc,metaspace   ] GC(773) Metaspace: 115318K(126848K)->115318K(126848K) NonClass: 98514K(105536K)->98514K(105536K) Class: 16804K(21312K)->16804K(21312K)
[150.789s][info][gc             ] GC(773) Pause Full (Ergonomics) 795M->788M(910M) 53.169ms
[150.789s][info][gc,cpu         ] GC(773) User=0.69s Sys=0.00s Real=0.05s
[150.791s][info][gc,start       ] GC(774) Pause Full (Ergonomics)
[150.791s][info][gc,phases,start] GC(774) Marking Phase
[150.815s][info][gc,phases      ] GC(774) Marking Phase 24.462ms
[150.815s][info][gc,phases,start] GC(774) Summary Phase
[150.815s][info][gc,phases      ] GC(774) Summary Phase 0.025ms
[150.815s][info][gc,phases,start] GC(774) Adjust Roots
[150.818s][info][gc,phases      ] GC(774) Adjust Roots 2.644ms
[150.818s][info][gc,phases,start] GC(774) Compaction Phase
[150.827s][info][gc,phases      ] GC(774) Compaction Phase 8.644ms
[150.827s][info][gc,phases,start] GC(774) Post Compact
[150.831s][info][gc,phases      ] GC(774) Post Compact 4.253ms
[150.831s][info][gc,heap        ] GC(774) PSYoungGen: 116736K(232960K)->110656K(232960K) Eden: 116736K(116736K)->110656K(116736K) From: 0K(116224K)->0K(116224K)
[150.831s][info][gc,heap        ] GC(774) ParOldGen: 698174K(699392K)->698174K(699392K)
[150.831s][info][gc,metaspace   ] GC(774) Metaspace: 115319K(126848K)->115319K(126848K) NonClass: 98514K(105536K)->98514K(105536K) Class: 16804K(21312K)->16804K(21312K)
[150.831s][info][gc             ] GC(774) Pause Full (Ergonomics) 795M->789M(910M) 40.362ms
[150.831s][info][gc,cpu         ] GC(774) User=0.36s Sys=0.00s Real=0.05s
[150.833s][info][gc,start       ] GC(775) Pause Full (Ergonomics)
[150.833s][info][gc,phases,start] GC(775) Marking Phase
[150.862s][info][gc,phases      ] GC(775) Marking Phase 29.096ms
[150.862s][info][gc,phases,start] GC(775) Summary Phase
[150.862s][info][gc,phases      ] GC(775) Summary Phase 0.024ms
[150.862s][info][gc,phases,start] GC(775) Adjust Roots
[150.865s][info][gc,phases      ] GC(775) Adjust Roots 3.274ms
[150.865s][info][gc,phases,start] GC(775) Compaction Phase
[150.874s][info][gc,phases      ] GC(775) Compaction Phase 8.447ms
[150.874s][info][gc,phases,start] GC(775) Post Compact
[150.878s][info][gc,phases      ] GC(775) Post Compact 4.092ms
[150.878s][info][gc,heap        ] GC(775) PSYoungGen: 116736K(232960K)->109089K(232960K) Eden: 116736K(116736K)->109089K(116736K) From: 0K(116224K)->0K(116224K)
[150.878s][info][gc,heap        ] GC(775) ParOldGen: 698174K(699392K)->698174K(699392K)
[150.878s][info][gc,metaspace   ] GC(775) Metaspace: 115319K(126848K)->115319K(126848K) NonClass: 98515K(105536K)->98515K(105536K) Class: 16804K(21312K)->16804K(21312K)
[150.878s][info][gc             ] GC(775) Pause Full (Ergonomics) 795M->788M(910M) 45.174ms
[150.878s][info][gc,cpu         ] GC(775) User=0.34s Sys=0.00s Real=0.03s
[150.880s][info][gc,start       ] GC(776) Pause Full (Ergonomics)
[150.880s][info][gc,phases,start] GC(776) Marking Phase
[150.913s][info][gc,phases      ] GC(776) Marking Phase 33.678ms
[150.913s][info][gc,phases,start] GC(776) Summary Phase
[150.913s][info][gc,phases      ] GC(776) Summary Phase 0.026ms
[150.913s][info][gc,phases,start] GC(776) Adjust Roots
[150.916s][info][gc,phases      ] GC(776) Adjust Roots 2.614ms
[150.916s][info][gc,phases,start] GC(776) Compaction Phase
[150.924s][info][gc,phases      ] GC(776) Compaction Phase 8.255ms
[150.924s][info][gc,phases,start] GC(776) Post Compact
[150.928s][info][gc,phases      ] GC(776) Post Compact 3.850ms
[150.928s][info][gc,heap        ] GC(776) PSYoungGen: 116736K(232960K)->109076K(232960K) Eden: 116736K(116736K)->109076K(116736K) From: 0K(116224K)->0K(116224K)
[150.928s][info][gc,heap        ] GC(776) ParOldGen: 698174K(699392K)->698174K(699392K)
[150.928s][info][gc,metaspace   ] GC(776) Metaspace: 115319K(126848K)->115319K(126848K) NonClass: 98515K(105536K)->98515K(105536K) Class: 16804K(21312K)->16804K(21312K)
[150.928s][info][gc             ] GC(776) Pause Full (Ergonomics) 795M->788M(910M) 48.679ms
[150.928s][info][gc,cpu         ] GC(776) User=0.36s Sys=0.00s Real=0.05s
[150.930s][info][gc,start       ] GC(777) Pause Full (Ergonomics)
[150.930s][info][gc,phases,start] GC(777) Marking Phase
[150.965s][info][gc,phases      ] GC(777) Marking Phase 34.841ms
[150.965s][info][gc,phases,start] GC(777) Summary Phase
[150.965s][info][gc,phases      ] GC(777) Summary Phase 0.022ms
[150.965s][info][gc,phases,start] GC(777) Adjust Roots
[150.968s][info][gc,phases      ] GC(777) Adjust Roots 2.629ms
[150.968s][info][gc,phases,start] GC(777) Compaction Phase
[150.975s][info][gc,phases      ] GC(777) Compaction Phase 7.813ms
[150.975s][info][gc,phases,start] GC(777) Post Compact
[150.979s][info][gc,phases      ] GC(777) Post Compact 3.784ms
[150.979s][info][gc,heap        ] GC(777) PSYoungGen: 116735K(232960K)->109081K(232960K) Eden: 116735K(116736K)->109081K(116736K) From: 0K(116224K)->0K(116224K)
[150.979s][info][gc,heap        ] GC(777) ParOldGen: 698174K(699392K)->698174K(699392K)
[150.979s][info][gc,metaspace   ] GC(777) Metaspace: 115319K(126848K)->115319K(126848K) NonClass: 98515K(105536K)->98515K(105536K) Class: 16804K(21312K)->16804K(21312K)
[150.979s][info][gc             ] GC(777) Pause Full (Ergonomics) 795M->788M(910M) 49.301ms
[150.979s][info][gc,cpu         ] GC(777) User=0.72s Sys=0.00s Real=0.05s
[150.981s][info][gc,start       ] GC(778) Pause Full (Ergonomics)
[150.981s][info][gc,phases,start] GC(778) Marking Phase
[151.012s][info][gc,phases      ] GC(778) Marking Phase 30.657ms
[151.012s][info][gc,phases,start] GC(778) Summary Phase
[151.012s][info][gc,phases      ] GC(778) Summary Phase 0.027ms
[151.012s][info][gc,phases,start] GC(778) Adjust Roots
[151.014s][info][gc,phases      ] GC(778) Adjust Roots 2.674ms
[151.014s][info][gc,phases,start] GC(778) Compaction Phase
[151.026s][info][gc,phases      ] GC(778) Compaction Phase 11.222ms
[151.026s][info][gc,phases,start] GC(778) Post Compact
[151.030s][info][gc,phases      ] GC(778) Post Compact 3.986ms
[151.030s][info][gc,heap        ] GC(778) PSYoungGen: 116735K(232960K)->109088K(232960K) Eden: 116735K(116736K)->109088K(116736K) From: 0K(116224K)->0K(116224K)
[151.030s][info][gc,heap        ] GC(778) ParOldGen: 698174K(699392K)->698174K(699392K)
[151.030s][info][gc,metaspace   ] GC(778) Metaspace: 115319K(126848K)->115319K(126848K) NonClass: 98515K(105536K)->98515K(105536K) Class: 16804K(21312K)->16804K(21312K)
[151.030s][info][gc             ] GC(778) Pause Full (Ergonomics) 795M->788M(910M) 48.812ms
[151.030s][info][gc,cpu         ] GC(778) User=0.34s Sys=0.00s Real=0.05s
[151.032s][info][gc,start       ] GC(779) Pause Full (Ergonomics)
[151.032s][info][gc,phases,start] GC(779) Marking Phase
[151.065s][info][gc,phases      ] GC(779) Marking Phase 33.342ms
[151.065s][info][gc,phases,start] GC(779) Summary Phase
[151.065s][info][gc,phases      ] GC(779) Summary Phase 0.025ms
[151.065s][info][gc,phases,start] GC(779) Adjust Roots
[151.068s][info][gc,phases      ] GC(779) Adjust Roots 2.644ms
[151.068s][info][gc,phases,start] GC(779) Compaction Phase
[151.076s][info][gc,phases      ] GC(779) Compaction Phase 7.715ms
[151.076s][info][gc,phases,start] GC(779) Post Compact
[151.079s][info][gc,phases      ] GC(779) Post Compact 3.860ms
[151.079s][info][gc,heap        ] GC(779) PSYoungGen: 116736K(232960K)->109083K(232960K) Eden: 116736K(116736K)->109083K(116736K) From: 0K(116224K)->0K(116224K)
[151.079s][info][gc,heap        ] GC(779) ParOldGen: 698174K(699392K)->698174K(699392K)
[151.079s][info][gc,metaspace   ] GC(779) Metaspace: 115320K(126848K)->115320K(126848K) NonClass: 98515K(105536K)->98515K(105536K) Class: 16804K(21312K)->16804K(21312K)
[151.080s][info][gc             ] GC(779) Pause Full (Ergonomics) 795M->788M(910M) 47.836ms
[151.080s][info][gc,cpu         ] GC(779) User=0.36s Sys=0.00s Real=0.05s
[151.081s][info][gc,start       ] GC(780) Pause Full (Ergonomics)
[151.081s][info][gc,phases,start] GC(780) Marking Phase
[151.116s][info][gc,phases      ] GC(780) Marking Phase 34.183ms
[151.116s][info][gc,phases,start] GC(780) Summary Phase
[151.116s][info][gc,phases      ] GC(780) Summary Phase 0.025ms
[151.116s][info][gc,phases,start] GC(780) Adjust Roots
[151.118s][info][gc,phases      ] GC(780) Adjust Roots 2.623ms
[151.118s][info][gc,phases,start] GC(780) Compaction Phase
[151.126s][info][gc,phases      ] GC(780) Compaction Phase 7.281ms
[151.126s][info][gc,phases,start] GC(780) Post Compact
[151.129s][info][gc,phases      ] GC(780) Post Compact 3.907ms
[151.130s][info][gc,heap        ] GC(780) PSYoungGen: 116736K(232960K)->109101K(232960K) Eden: 116736K(116736K)->109101K(116736K) From: 0K(116224K)->0K(116224K)
[151.130s][info][gc,heap        ] GC(780) ParOldGen: 698174K(699392K)->698174K(699392K)
[151.130s][info][gc,metaspace   ] GC(780) Metaspace: 115320K(126848K)->115320K(126848K) NonClass: 98515K(105536K)->98515K(105536K) Class: 16804K(21312K)->16804K(21312K)
[151.130s][info][gc             ] GC(780) Pause Full (Ergonomics) 795M->788M(910M) 48.272ms
[151.130s][info][gc,cpu         ] GC(780) User=0.70s Sys=0.00s Real=0.05s
[151.132s][info][gc,start       ] GC(781) Pause Full (Ergonomics)
[151.132s][info][gc,phases,start] GC(781) Marking Phase
[151.162s][info][gc,phases      ] GC(781) Marking Phase 30.487ms
[151.162s][info][gc,phases,start] GC(781) Summary Phase
[151.162s][info][gc,phases      ] GC(781) Summary Phase 0.026ms
[151.162s][info][gc,phases,start] GC(781) Adjust Roots
[151.165s][info][gc,phases      ] GC(781) Adjust Roots 2.675ms
[151.165s][info][gc,phases,start] GC(781) Compaction Phase
[151.171s][info][gc,phases      ] GC(781) Compaction Phase 6.581ms
[151.171s][info][gc,phases,start] GC(781) Post Compact
[151.175s][info][gc,phases      ] GC(781) Post Compact 3.731ms
[151.175s][info][gc,heap        ] GC(781) PSYoungGen: 116735K(232960K)->109105K(232960K) Eden: 116735K(116736K)->109105K(116736K) From: 0K(116224K)->0K(116224K)
[151.175s][info][gc,heap        ] GC(781) ParOldGen: 698174K(699392K)->698174K(699392K)
[151.175s][info][gc,metaspace   ] GC(781) Metaspace: 115326K(126848K)->115326K(126848K) NonClass: 98522K(105536K)->98522K(105536K) Class: 16804K(21312K)->16804K(21312K)
[151.175s][info][gc             ] GC(781) Pause Full (Ergonomics) 795M->788M(910M) 43.764ms
[151.175s][info][gc,cpu         ] GC(781) User=0.34s Sys=0.00s Real=0.03s
[151.177s][info][gc,start       ] GC(782) Pause Full (Ergonomics)
[151.177s][info][gc,phases,start] GC(782) Marking Phase
[151.213s][info][gc,phases      ] GC(782) Marking Phase 36.189ms
[151.213s][info][gc,phases,start] GC(782) Summary Phase
[151.213s][info][gc,phases      ] GC(782) Summary Phase 0.025ms
[151.213s][info][gc,phases,start] GC(782) Adjust Roots
[151.216s][info][gc,phases      ] GC(782) Adjust Roots 2.686ms
[151.216s][info][gc,phases,start] GC(782) Compaction Phase
[151.223s][info][gc,phases      ] GC(782) Compaction Phase 6.456ms
[151.223s][info][gc,phases,start] GC(782) Post Compact
[151.227s][info][gc,phases      ] GC(782) Post Compact 4.031ms
[151.227s][info][gc,heap        ] GC(782) PSYoungGen: 116735K(232960K)->109074K(232960K) Eden: 116735K(116736K)->109074K(116736K) From: 0K(116224K)->0K(116224K)
[151.227s][info][gc,heap        ] GC(782) ParOldGen: 698174K(699392K)->698174K(699392K)
[151.227s][info][gc,metaspace   ] GC(782) Metaspace: 115328K(126848K)->115328K(126848K) NonClass: 98523K(105536K)->98523K(105536K) Class: 16804K(21312K)->16804K(21312K)
[151.227s][info][gc             ] GC(782) Pause Full (Ergonomics) 795M->788M(910M) 49.647ms
[151.227s][info][gc,cpu         ] GC(782) User=0.67s Sys=0.00s Real=0.05s
[151.228s][info][gc,start       ] GC(783) Pause Full (Ergonomics)
[151.229s][info][gc,phases,start] GC(783) Marking Phase
[151.261s][info][gc,phases      ] GC(783) Marking Phase 32.280ms
[151.261s][info][gc,phases,start] GC(783) Summary Phase
[151.261s][info][gc,phases      ] GC(783) Summary Phase 0.026ms
[151.261s][info][gc,phases,start] GC(783) Adjust Roots
[151.264s][info][gc,phases      ] GC(783) Adjust Roots 2.970ms
[151.264s][info][gc,phases,start] GC(783) Compaction Phase
[151.271s][info][gc,phases      ] GC(783) Compaction Phase 7.161ms
[151.271s][info][gc,phases,start] GC(783) Post Compact
[151.275s][info][gc,phases      ] GC(783) Post Compact 3.860ms
[151.275s][info][gc,heap        ] GC(783) PSYoungGen: 116735K(232960K)->109176K(232960K) Eden: 116735K(116736K)->109176K(116736K) From: 0K(116224K)->0K(116224K)
[151.275s][info][gc,heap        ] GC(783) ParOldGen: 698174K(699392K)->698174K(699392K)
[151.275s][info][gc,metaspace   ] GC(783) Metaspace: 115328K(126848K)->115328K(126848K) NonClass: 98523K(105536K)->98523K(105536K) Class: 16804K(21312K)->16804K(21312K)
[151.275s][info][gc             ] GC(783) Pause Full (Ergonomics) 795M->788M(910M) 46.516ms
[151.275s][info][gc,cpu         ] GC(783) User=0.36s Sys=0.00s Real=0.05s
[151.277s][info][gc,start       ] GC(784) Pause Full (Ergonomics)
[151.277s][info][gc,phases,start] GC(784) Marking Phase
[151.302s][info][gc,phases      ] GC(784) Marking Phase 24.969ms
[151.302s][info][gc,phases,start] GC(784) Summary Phase
[151.302s][info][gc,phases      ] GC(784) Summary Phase 0.026ms
[151.302s][info][gc,phases,start] GC(784) Adjust Roots
[151.305s][info][gc,phases      ] GC(784) Adjust Roots 3.277ms
[151.305s][info][gc,phases,start] GC(784) Compaction Phase
[151.346s][info][gc,phases      ] GC(784) Compaction Phase 40.916ms
[151.346s][info][gc,phases,start] GC(784) Post Compact
[151.350s][info][gc,phases      ] GC(784) Post Compact 4.005ms
[151.350s][info][gc,heap        ] GC(784) PSYoungGen: 116736K(232960K)->109143K(232960K) Eden: 116736K(116736K)->109143K(116736K) From: 0K(116224K)->0K(116224K)
[151.350s][info][gc,heap        ] GC(784) ParOldGen: 698174K(699392K)->698172K(699392K)
[151.350s][info][gc,metaspace   ] GC(784) Metaspace: 115332K(126848K)->115332K(126848K) NonClass: 98527K(105536K)->98527K(105536K) Class: 16804K(21312K)->16804K(21312K)
[151.350s][info][gc             ] GC(784) Pause Full (Ergonomics) 795M->788M(910M) 73.444ms
[151.350s][info][gc,cpu         ] GC(784) User=1.31s Sys=0.00s Real=0.06s
[151.352s][info][gc,start       ] GC(785) Pause Full (Ergonomics)
[151.352s][info][gc,phases,start] GC(785) Marking Phase
[151.379s][info][gc,phases      ] GC(785) Marking Phase 27.200ms
[151.379s][info][gc,phases,start] GC(785) Summary Phase
[151.379s][info][gc,phases      ] GC(785) Summary Phase 0.024ms
[151.379s][info][gc,phases,start] GC(785) Adjust Roots
[151.382s][info][gc,phases      ] GC(785) Adjust Roots 2.980ms
[151.382s][info][gc,phases,start] GC(785) Compaction Phase
[151.423s][info][gc,phases      ] GC(785) Compaction Phase 41.084ms
[151.423s][info][gc,phases,start] GC(785) Post Compact
[151.427s][info][gc,phases      ] GC(785) Post Compact 4.006ms
[151.427s][info][gc,heap        ] GC(785) PSYoungGen: 116735K(232960K)->109111K(232960K) Eden: 116735K(116736K)->109111K(116736K) From: 0K(116224K)->0K(116224K)
[151.427s][info][gc,heap        ] GC(785) ParOldGen: 698172K(699392K)->698171K(699392K)
[151.427s][info][gc,metaspace   ] GC(785) Metaspace: 115335K(126848K)->115335K(126848K) NonClass: 98529K(105536K)->98529K(105536K) Class: 16805K(21312K)->16805K(21312K)
[151.427s][info][gc             ] GC(785) Pause Full (Ergonomics) 795M->788M(910M) 75.547ms
[151.428s][info][gc,cpu         ] GC(785) User=0.98s Sys=0.02s Real=0.06s
[151.429s][info][gc,start       ] GC(786) Pause Full (Ergonomics)
[151.429s][info][gc,phases,start] GC(786) Marking Phase
[151.461s][info][gc,phases      ] GC(786) Marking Phase 31.672ms
[151.461s][info][gc,phases,start] GC(786) Summary Phase
[151.461s][info][gc,phases      ] GC(786) Summary Phase 0.026ms
[151.461s][info][gc,phases,start] GC(786) Adjust Roots
[151.464s][info][gc,phases      ] GC(786) Adjust Roots 2.968ms
[151.464s][info][gc,phases,start] GC(786) Compaction Phase
[151.506s][info][gc,phases      ] GC(786) Compaction Phase 41.611ms
[151.506s][info][gc,phases,start] GC(786) Post Compact
[151.510s][info][gc,phases      ] GC(786) Post Compact 4.023ms
[151.510s][info][gc,heap        ] GC(786) PSYoungGen: 116735K(232960K)->109114K(232960K) Eden: 116735K(116736K)->109114K(116736K) From: 0K(116224K)->0K(116224K)
[151.510s][info][gc,heap        ] GC(786) ParOldGen: 698171K(699392K)->698157K(699392K)
[151.510s][info][gc,metaspace   ] GC(786) Metaspace: 115339K(126848K)->115339K(126848K) NonClass: 98533K(105536K)->98533K(105536K) Class: 16806K(21312K)->16806K(21312K)
[151.510s][info][gc             ] GC(786) Pause Full (Ergonomics) 795M->788M(910M) 80.555ms
[151.510s][info][gc,cpu         ] GC(786) User=1.02s Sys=0.00s Real=0.08s
[151.512s][info][gc,start       ] GC(787) Pause Full (Ergonomics)
[151.512s][info][gc,phases,start] GC(787) Marking Phase
[151.542s][info][gc,phases      ] GC(787) Marking Phase 30.356ms
[151.542s][info][gc,phases,start] GC(787) Summary Phase
[151.542s][info][gc,phases      ] GC(787) Summary Phase 0.026ms
[151.542s][info][gc,phases,start] GC(787) Adjust Roots
[151.545s][info][gc,phases      ] GC(787) Adjust Roots 2.759ms
[151.545s][info][gc,phases,start] GC(787) Compaction Phase
[151.554s][info][gc,phases      ] GC(787) Compaction Phase 9.350ms
[151.554s][info][gc,phases,start] GC(787) Post Compact
[151.558s][info][gc,phases      ] GC(787) Post Compact 3.967ms
[151.558s][info][gc,heap        ] GC(787) PSYoungGen: 116736K(232960K)->109106K(232960K) Eden: 116736K(116736K)->109106K(116736K) From: 0K(116224K)->0K(116224K)
[151.558s][info][gc,heap        ] GC(787) ParOldGen: 698157K(699392K)->698157K(699392K)
[151.558s][info][gc,metaspace   ] GC(787) Metaspace: 115345K(126848K)->115345K(126848K) NonClass: 98537K(105536K)->98537K(105536K) Class: 16808K(21312K)->16808K(21312K)
[151.558s][info][gc             ] GC(787) Pause Full (Ergonomics) 795M->788M(910M) 46.660ms
[151.558s][info][gc,cpu         ] GC(787) User=0.36s Sys=0.00s Real=0.05s
[151.560s][info][gc,start       ] GC(788) Pause Full (Ergonomics)
[151.560s][info][gc,phases,start] GC(788) Marking Phase
[151.592s][info][gc,phases      ] GC(788) Marking Phase 32.265ms
[151.594s][info][gc,phases,start] GC(788) Summary Phase
[151.594s][info][gc,phases      ] GC(788) Summary Phase 0.072ms
[151.594s][info][gc,phases,start] GC(788) Adjust Roots
[151.598s][info][gc,phases      ] GC(788) Adjust Roots 3.846ms
[151.598s][info][gc,phases,start] GC(788) Compaction Phase
[151.656s][info][gc,phases      ] GC(788) Compaction Phase 58.210ms
[151.656s][info][gc,phases,start] GC(788) Post Compact
[151.661s][info][gc,phases      ] GC(788) Post Compact 5.137ms
[151.661s][info][gc,heap        ] GC(788) PSYoungGen: 116735K(232960K)->110646K(232960K) Eden: 116735K(116736K)->110646K(116736K) From: 0K(116224K)->0K(116224K)
[151.661s][info][gc,heap        ] GC(788) ParOldGen: 698157K(699392K)->697986K(699392K)
[151.661s][info][gc,metaspace   ] GC(788) Metaspace: 115350K(126848K)->115350K(126848K) NonClass: 98541K(105536K)->98541K(105536K) Class: 16809K(21312K)->16809K(21312K)
[151.661s][info][gc             ] GC(788) Pause Full (Ergonomics) 795M->789M(910M) 101.492ms
[151.661s][info][gc,cpu         ] GC(788) User=1.66s Sys=0.00s Real=0.09s
[151.663s][info][gc,start       ] GC(789) Pause Full (Ergonomics)
[151.663s][info][gc,phases,start] GC(789) Marking Phase
[151.687s][info][gc,phases      ] GC(789) Marking Phase 24.697ms
[151.687s][info][gc,phases,start] GC(789) Summary Phase
[151.687s][info][gc,phases      ] GC(789) Summary Phase 0.038ms
[151.687s][info][gc,phases,start] GC(789) Adjust Roots
[151.690s][info][gc,phases      ] GC(789) Adjust Roots 2.776ms
[151.690s][info][gc,phases,start] GC(789) Compaction Phase
[151.733s][info][gc,phases      ] GC(789) Compaction Phase 42.453ms
[151.733s][info][gc,phases,start] GC(789) Post Compact
[151.737s][info][gc,phases      ] GC(789) Post Compact 3.981ms
[151.737s][info][gc,heap        ] GC(789) PSYoungGen: 116735K(232960K)->113773K(232960K) Eden: 116735K(116736K)->113773K(116736K) From: 0K(116224K)->0K(116224K)
[151.737s][info][gc,heap        ] GC(789) ParOldGen: 697986K(699392K)->697986K(699392K)
[151.737s][info][gc,metaspace   ] GC(789) Metaspace: 115350K(126848K)->115350K(126848K) NonClass: 98541K(105536K)->98541K(105536K) Class: 16809K(21312K)->16809K(21312K)
[151.737s][info][gc             ] GC(789) Pause Full (Ergonomics) 795M->792M(910M) 74.238ms
[151.737s][info][gc,cpu         ] GC(789) User=1.31s Sys=0.00s Real=0.06s
[151.738s][info][gc,start       ] GC(790) Pause Full (Ergonomics)
[151.738s][info][gc,phases,start] GC(790) Marking Phase
[151.768s][info][gc,phases      ] GC(790) Marking Phase 29.809ms
[151.768s][info][gc,phases,start] GC(790) Summary Phase
[151.768s][info][gc,phases      ] GC(790) Summary Phase 0.024ms
[151.768s][info][gc,phases,start] GC(790) Adjust Roots
[151.771s][info][gc,phases      ] GC(790) Adjust Roots 3.189ms
[151.771s][info][gc,phases,start] GC(790) Compaction Phase
[151.782s][info][gc,phases      ] GC(790) Compaction Phase 11.441ms
[151.782s][info][gc,phases,start] GC(790) Post Compact
[151.787s][info][gc,phases      ] GC(790) Post Compact 4.551ms
[151.787s][info][gc,heap        ] GC(790) PSYoungGen: 116736K(232960K)->112277K(232960K) Eden: 116736K(116736K)->112277K(116736K) From: 0K(116224K)->0K(116224K)
[151.787s][info][gc,heap        ] GC(790) ParOldGen: 697986K(699392K)->697986K(699392K)
[151.787s][info][gc,metaspace   ] GC(790) Metaspace: 115352K(126848K)->115352K(126848K) NonClass: 98543K(105536K)->98543K(105536K) Class: 16809K(21312K)->16809K(21312K)
[151.787s][info][gc             ] GC(790) Pause Full (Ergonomics) 795M->791M(910M) 49.319ms
[151.787s][info][gc,cpu         ] GC(790) User=0.38s Sys=0.02s Real=0.05s
[151.789s][info][gc,start       ] GC(791) Pause Full (Ergonomics)
[151.789s][info][gc,phases,start] GC(791) Marking Phase
[151.819s][info][gc,phases      ] GC(791) Marking Phase 29.922ms
[151.819s][info][gc,phases,start] GC(791) Summary Phase
[151.819s][info][gc,phases      ] GC(791) Summary Phase 0.025ms
[151.819s][info][gc,phases,start] GC(791) Adjust Roots
[151.821s][info][gc,phases      ] GC(791) Adjust Roots 2.661ms
[151.821s][info][gc,phases,start] GC(791) Compaction Phase
[151.829s][info][gc,phases      ] GC(791) Compaction Phase 7.554ms
[151.829s][info][gc,phases,start] GC(791) Post Compact
[151.833s][info][gc,phases      ] GC(791) Post Compact 3.899ms
[151.833s][info][gc,heap        ] GC(791) PSYoungGen: 116736K(232960K)->112214K(232960K) Eden: 116736K(116736K)->112214K(116736K) From: 0K(116224K)->0K(116224K)
[151.833s][info][gc,heap        ] GC(791) ParOldGen: 697986K(699392K)->697986K(699392K)
[151.833s][info][gc,metaspace   ] GC(791) Metaspace: 115353K(126848K)->115353K(126848K) NonClass: 98543K(105536K)->98543K(105536K) Class: 16809K(21312K)->16809K(21312K)
[151.833s][info][gc             ] GC(791) Pause Full (Ergonomics) 795M->791M(910M) 44.331ms
[151.833s][info][gc,cpu         ] GC(791) User=0.36s Sys=0.00s Real=0.05s
[151.834s][info][gc,start       ] GC(792) Pause Full (Ergonomics)
[151.835s][info][gc,phases,start] GC(792) Marking Phase
[151.866s][info][gc,phases      ] GC(792) Marking Phase 31.581ms
[151.866s][info][gc,phases,start] GC(792) Summary Phase
[151.866s][info][gc,phases      ] GC(792) Summary Phase 0.025ms
[151.866s][info][gc,phases,start] GC(792) Adjust Roots
[151.869s][info][gc,phases      ] GC(792) Adjust Roots 2.655ms
[151.869s][info][gc,phases,start] GC(792) Compaction Phase
[151.876s][info][gc,phases      ] GC(792) Compaction Phase 6.715ms
[151.876s][info][gc,phases,start] GC(792) Post Compact
[151.880s][info][gc,phases      ] GC(792) Post Compact 3.922ms
[151.880s][info][gc,heap        ] GC(792) PSYoungGen: 116736K(232960K)->112269K(232960K) Eden: 116736K(116736K)->112269K(116736K) From: 0K(116224K)->0K(116224K)
[151.880s][info][gc,heap        ] GC(792) ParOldGen: 697986K(699392K)->697986K(699392K)
[151.880s][info][gc,metaspace   ] GC(792) Metaspace: 115356K(126848K)->115356K(126848K) NonClass: 98546K(105536K)->98546K(105536K) Class: 16810K(21312K)->16810K(21312K)
[151.880s][info][gc             ] GC(792) Pause Full (Ergonomics) 795M->791M(910M) 45.190ms
[151.880s][info][gc,cpu         ] GC(792) User=0.36s Sys=0.00s Real=0.05s
[151.881s][info][gc,start       ] GC(793) Pause Full (Ergonomics)
[151.881s][info][gc,phases,start] GC(793) Marking Phase
[151.904s][info][gc,phases      ] GC(793) Marking Phase 23.455ms
[151.905s][info][gc,phases,start] GC(793) Summary Phase
[151.905s][info][gc,phases      ] GC(793) Summary Phase 0.026ms
[151.905s][info][gc,phases,start] GC(793) Adjust Roots
[151.907s][info][gc,phases      ] GC(793) Adjust Roots 2.901ms
[151.907s][info][gc,phases,start] GC(793) Compaction Phase
[151.927s][info][gc,phases      ] GC(793) Compaction Phase 19.418ms
[151.927s][info][gc,phases,start] GC(793) Post Compact
[151.931s][info][gc,phases      ] GC(793) Post Compact 4.160ms
[151.931s][info][gc,heap        ] GC(793) PSYoungGen: 116735K(232960K)->112207K(232960K) Eden: 116735K(116736K)->112207K(116736K) From: 0K(116224K)->0K(116224K)
[151.931s][info][gc,heap        ] GC(793) ParOldGen: 697986K(699392K)->697986K(699392K)
[151.931s][info][gc,metaspace   ] GC(793) Metaspace: 115357K(126848K)->115357K(126848K) NonClass: 98547K(105536K)->98547K(105536K) Class: 16810K(21312K)->16810K(21312K)
[151.931s][info][gc             ] GC(793) Pause Full (Ergonomics) 795M->791M(910M) 50.238ms
[151.931s][info][gc,cpu         ] GC(793) User=0.67s Sys=0.00s Real=0.05s
[151.933s][info][gc,start       ] GC(794) Pause Full (Ergonomics)
[151.933s][info][gc,phases,start] GC(794) Marking Phase
[151.960s][info][gc,phases      ] GC(794) Marking Phase 27.541ms
[151.960s][info][gc,phases,start] GC(794) Summary Phase
[151.960s][info][gc,phases      ] GC(794) Summary Phase 0.025ms
[151.960s][info][gc,phases,start] GC(794) Adjust Roots
[151.963s][info][gc,phases      ] GC(794) Adjust Roots 2.717ms
[151.963s][info][gc,phases,start] GC(794) Compaction Phase
[151.971s][info][gc,phases      ] GC(794) Compaction Phase 7.661ms
[151.971s][info][gc,phases,start] GC(794) Post Compact
[151.975s][info][gc,phases      ] GC(794) Post Compact 3.804ms
[151.975s][info][gc,heap        ] GC(794) PSYoungGen: 116735K(232960K)->112264K(232960K) Eden: 116735K(116736K)->112264K(116736K) From: 0K(116224K)->0K(116224K)
[151.975s][info][gc,heap        ] GC(794) ParOldGen: 697986K(699392K)->697986K(699392K)
[151.975s][info][gc,metaspace   ] GC(794) Metaspace: 115363K(126848K)->115363K(126848K) NonClass: 98552K(105536K)->98552K(105536K) Class: 16811K(21312K)->16811K(21312K)
[151.975s][info][gc             ] GC(794) Pause Full (Ergonomics) 795M->791M(910M) 41.979ms
[151.975s][info][gc,cpu         ] GC(794) User=0.36s Sys=0.00s Real=0.05s
[151.976s][info][gc,start       ] GC(795) Pause Full (Ergonomics)
[151.976s][info][gc,phases,start] GC(795) Marking Phase
[152.010s][info][gc,phases      ] GC(795) Marking Phase 33.602ms
[152.010s][info][gc,phases,start] GC(795) Summary Phase
[152.010s][info][gc,phases      ] GC(795) Summary Phase 0.025ms
[152.010s][info][gc,phases,start] GC(795) Adjust Roots
[152.013s][info][gc,phases      ] GC(795) Adjust Roots 2.629ms
[152.013s][info][gc,phases,start] GC(795) Compaction Phase
[152.020s][info][gc,phases      ] GC(795) Compaction Phase 7.560ms
[152.020s][info][gc,phases,start] GC(795) Post Compact
[152.024s][info][gc,phases      ] GC(795) Post Compact 3.827ms
[152.024s][info][gc,heap        ] GC(795) PSYoungGen: 116735K(232960K)->112196K(232960K) Eden: 116735K(116736K)->112196K(116736K) From: 0K(116224K)->0K(116224K)
[152.024s][info][gc,heap        ] GC(795) ParOldGen: 697986K(699392K)->697986K(699392K)
[152.024s][info][gc,metaspace   ] GC(795) Metaspace: 115368K(126848K)->115368K(126848K) NonClass: 98556K(105536K)->98556K(105536K) Class: 16811K(21312K)->16811K(21312K)
[152.024s][info][gc             ] GC(795) Pause Full (Ergonomics) 795M->791M(910M) 47.995ms
[152.024s][info][gc,cpu         ] GC(795) User=0.34s Sys=0.02s Real=0.05s
[152.026s][info][gc,start       ] GC(796) Pause Full (Ergonomics)
[152.026s][info][gc,phases,start] GC(796) Marking Phase
[152.050s][info][gc,phases      ] GC(796) Marking Phase 23.859ms
[152.050s][info][gc,phases,start] GC(796) Summary Phase
[152.050s][info][gc,phases      ] GC(796) Summary Phase 0.024ms
[152.050s][info][gc,phases,start] GC(796) Adjust Roots
[152.052s][info][gc,phases      ] GC(796) Adjust Roots 2.640ms
[152.052s][info][gc,phases,start] GC(796) Compaction Phase
[152.060s][info][gc,phases      ] GC(796) Compaction Phase 7.346ms
[152.060s][info][gc,phases,start] GC(796) Post Compact
[152.064s][info][gc,phases      ] GC(796) Post Compact 3.909ms
[152.064s][info][gc,heap        ] GC(796) PSYoungGen: 116736K(232960K)->112210K(232960K) Eden: 116736K(116736K)->112210K(116736K) From: 0K(116224K)->0K(116224K)
[152.064s][info][gc,heap        ] GC(796) ParOldGen: 697986K(699392K)->697986K(699392K)
[152.064s][info][gc,metaspace   ] GC(796) Metaspace: 115372K(126848K)->115372K(126848K) NonClass: 98560K(105536K)->98560K(105536K) Class: 16812K(21312K)->16812K(21312K)
[152.064s][info][gc             ] GC(796) Pause Full (Ergonomics) 795M->791M(910M) 38.021ms
[152.064s][info][gc,cpu         ] GC(796) User=0.39s Sys=0.00s Real=0.03s
[152.066s][info][gc,start       ] GC(797) Pause Full (Ergonomics)
[152.066s][info][gc,phases,start] GC(797) Marking Phase
[152.101s][info][gc,phases      ] GC(797) Marking Phase 35.383ms
[152.101s][info][gc,phases,start] GC(797) Summary Phase
[152.101s][info][gc,phases      ] GC(797) Summary Phase 0.025ms
[152.101s][info][gc,phases,start] GC(797) Adjust Roots
[152.104s][info][gc,phases      ] GC(797) Adjust Roots 2.667ms
[152.104s][info][gc,phases,start] GC(797) Compaction Phase
[152.111s][info][gc,phases      ] GC(797) Compaction Phase 7.586ms
[152.111s][info][gc,phases,start] GC(797) Post Compact
[152.115s][info][gc,phases      ] GC(797) Post Compact 3.948ms
[152.115s][info][gc,heap        ] GC(797) PSYoungGen: 116735K(232960K)->112275K(232960K) Eden: 116735K(116736K)->112275K(116736K) From: 0K(116224K)->0K(116224K)
[152.115s][info][gc,heap        ] GC(797) ParOldGen: 697986K(699392K)->697986K(699392K)
[152.115s][info][gc,metaspace   ] GC(797) Metaspace: 115383K(126848K)->115383K(126848K) NonClass: 98569K(105536K)->98569K(105536K) Class: 16813K(21312K)->16813K(21312K)
[152.116s][info][gc             ] GC(797) Pause Full (Ergonomics) 795M->791M(910M) 49.867ms
[152.116s][info][gc,cpu         ] GC(797) User=0.61s Sys=0.02s Real=0.05s
[152.117s][info][gc,start       ] GC(798) Pause Full (Ergonomics)
[152.117s][info][gc,phases,start] GC(798) Marking Phase
[152.153s][info][gc,phases      ] GC(798) Marking Phase 35.795ms
[152.153s][info][gc,phases,start] GC(798) Summary Phase
[152.153s][info][gc,phases      ] GC(798) Summary Phase 0.027ms
[152.153s][info][gc,phases,start] GC(798) Adjust Roots
[152.156s][info][gc,phases      ] GC(798) Adjust Roots 2.728ms
[152.156s][info][gc,phases,start] GC(798) Compaction Phase
[152.164s][info][gc,phases      ] GC(798) Compaction Phase 8.082ms
[152.164s][info][gc,phases,start] GC(798) Post Compact
[152.168s][info][gc,phases      ] GC(798) Post Compact 3.895ms
[152.168s][info][gc,heap        ] GC(798) PSYoungGen: 116736K(232960K)->112239K(232960K) Eden: 116736K(116736K)->112239K(116736K) From: 0K(116224K)->0K(116224K)
[152.168s][info][gc,heap        ] GC(798) ParOldGen: 697986K(699392K)->697986K(699392K)
[152.168s][info][gc,metaspace   ] GC(798) Metaspace: 115383K(126848K)->115383K(126848K) NonClass: 98569K(105536K)->98569K(105536K) Class: 16813K(21312K)->16813K(21312K)
[152.168s][info][gc             ] GC(798) Pause Full (Ergonomics) 795M->791M(910M) 50.806ms
[152.168s][info][gc,cpu         ] GC(798) User=0.70s Sys=0.00s Real=0.05s
[152.170s][info][gc,start       ] GC(799) Pause Full (Ergonomics)
[152.170s][info][gc,phases,start] GC(799) Marking Phase
[152.204s][info][gc,phases      ] GC(799) Marking Phase 34.468ms
[152.204s][info][gc,phases,start] GC(799) Summary Phase
[152.204s][info][gc,phases      ] GC(799) Summary Phase 0.025ms
[152.204s][info][gc,phases,start] GC(799) Adjust Roots
[152.207s][info][gc,phases      ] GC(799) Adjust Roots 2.731ms
[152.207s][info][gc,phases,start] GC(799) Compaction Phase
[152.259s][info][gc,phases      ] GC(799) Compaction Phase 51.337ms
[152.259s][info][gc,phases,start] GC(799) Post Compact
[152.263s][info][gc,phases      ] GC(799) Post Compact 3.992ms
[152.263s][info][gc,heap        ] GC(799) PSYoungGen: 116736K(232960K)->112233K(232960K) Eden: 116736K(116736K)->112233K(116736K) From: 0K(116224K)->0K(116224K)
[152.263s][info][gc,heap        ] GC(799) ParOldGen: 697986K(699392K)->697986K(699392K)
[152.263s][info][gc,metaspace   ] GC(799) Metaspace: 115392K(126848K)->115392K(126848K) NonClass: 98577K(105536K)->98577K(105536K) Class: 16814K(21312K)->16814K(21312K)
[152.263s][info][gc             ] GC(799) Pause Full (Ergonomics) 795M->791M(910M) 92.854ms
[152.263s][info][gc,cpu         ] GC(799) User=2.03s Sys=0.00s Real=0.09s
[152.263s][info][gc,start       ] GC(800) Pause Full (Ergonomics)
[152.263s][info][gc,phases,start] GC(800) Marking Phase
[152.295s][info][gc,phases      ] GC(800) Marking Phase 31.428ms
[152.295s][info][gc,phases,start] GC(800) Summary Phase
[152.295s][info][gc,phases      ] GC(800) Summary Phase 0.026ms
[152.295s][info][gc,phases,start] GC(800) Adjust Roots
[152.298s][info][gc,phases      ] GC(800) Adjust Roots 2.682ms
[152.298s][info][gc,phases,start] GC(800) Compaction Phase
[152.306s][info][gc,phases      ] GC(800) Compaction Phase 8.518ms
[152.306s][info][gc,phases,start] GC(800) Post Compact
[152.310s][info][gc,phases      ] GC(800) Post Compact 3.881ms
[152.310s][info][gc,heap        ] GC(800) PSYoungGen: 114021K(232960K)->112230K(232960K) Eden: 114021K(116736K)->112230K(116736K) From: 0K(116224K)->0K(116224K)
[152.310s][info][gc,heap        ] GC(800) ParOldGen: 697986K(699392K)->697986K(699392K)
[152.310s][info][gc,metaspace   ] GC(800) Metaspace: 115392K(126848K)->115392K(126848K) NonClass: 98577K(105536K)->98577K(105536K) Class: 16814K(21312K)->16814K(21312K)
[152.310s][info][gc             ] GC(800) Pause Full (Ergonomics) 792M->791M(910M) 46.767ms
[152.310s][info][gc,cpu         ] GC(800) User=0.41s Sys=0.00s Real=0.04s
[152.311s][info][gc,start       ] GC(801) Pause Full (Ergonomics)
[152.311s][info][gc,phases,start] GC(801) Marking Phase
[152.338s][info][gc,phases      ] GC(801) Marking Phase 26.543ms
[152.338s][info][gc,phases,start] GC(801) Summary Phase
[152.338s][info][gc,phases      ] GC(801) Summary Phase 0.030ms
[152.338s][info][gc,phases,start] GC(801) Adjust Roots
[152.341s][info][gc,phases      ] GC(801) Adjust Roots 3.622ms
[152.341s][info][gc,phases,start] GC(801) Compaction Phase
[152.350s][info][gc,phases      ] GC(801) Compaction Phase 8.526ms
[152.350s][info][gc,phases,start] GC(801) Post Compact
[152.354s][info][gc,phases      ] GC(801) Post Compact 4.234ms
[152.354s][info][gc,heap        ] GC(801) PSYoungGen: 116736K(232960K)->115306K(232960K) Eden: 116736K(116736K)->115306K(116736K) From: 0K(116224K)->0K(116224K)
[152.354s][info][gc,heap        ] GC(801) ParOldGen: 697986K(699392K)->697986K(699392K)
[152.354s][info][gc,metaspace   ] GC(801) Metaspace: 115392K(126848K)->115392K(126848K) NonClass: 98577K(105536K)->98577K(105536K) Class: 16814K(21312K)->16814K(21312K)
[152.354s][info][gc             ] GC(801) Pause Full (Ergonomics) 795M->794M(910M) 43.246ms
[152.354s][info][gc,cpu         ] GC(801) User=0.42s Sys=0.00s Real=0.03s
[152.355s][info][gc,start       ] GC(802) Pause Full (Ergonomics)
[152.355s][info][gc,phases,start] GC(802) Marking Phase
[152.388s][info][gc,phases      ] GC(802) Marking Phase 32.400ms
[152.388s][info][gc,phases,start] GC(802) Summary Phase
[152.388s][info][gc,phases      ] GC(802) Summary Phase 0.032ms
[152.388s][info][gc,phases,start] GC(802) Adjust Roots
[152.391s][info][gc,phases      ] GC(802) Adjust Roots 3.064ms
[152.391s][info][gc,phases,start] GC(802) Compaction Phase
[152.437s][info][gc,phases      ] GC(802) Compaction Phase 45.723ms
[152.437s][info][gc,phases,start] GC(802) Post Compact
[152.441s][info][gc,phases      ] GC(802) Post Compact 3.997ms
[152.441s][info][gc,heap        ] GC(802) PSYoungGen: 116736K(232960K)->113770K(232960K) Eden: 116736K(116736K)->113770K(116736K) From: 0K(116224K)->0K(116224K)
[152.441s][info][gc,heap        ] GC(802) ParOldGen: 697986K(699392K)->697986K(699392K)
[152.441s][info][gc,metaspace   ] GC(802) Metaspace: 115396K(126848K)->115396K(126848K) NonClass: 98581K(105536K)->98581K(105536K) Class: 16815K(21312K)->16815K(21312K)
[152.441s][info][gc             ] GC(802) Pause Full (Ergonomics) 795M->792M(910M) 85.459ms
[152.441s][info][gc,cpu         ] GC(802) User=1.45s Sys=0.00s Real=0.09s
[152.442s][info][gc,start       ] GC(803) Pause Full (Ergonomics)
[152.442s][info][gc,phases,start] GC(803) Marking Phase
[152.468s][info][gc,phases      ] GC(803) Marking Phase 26.354ms
[152.468s][info][gc,phases,start] GC(803) Summary Phase
[152.468s][info][gc,phases      ] GC(803) Summary Phase 0.024ms
[152.468s][info][gc,phases,start] GC(803) Adjust Roots
[152.471s][info][gc,phases      ] GC(803) Adjust Roots 2.776ms
[152.471s][info][gc,phases,start] GC(803) Compaction Phase
[152.512s][info][gc,phases      ] GC(803) Compaction Phase 41.049ms
[152.512s][info][gc,phases,start] GC(803) Post Compact
[152.516s][info][gc,phases      ] GC(803) Post Compact 3.989ms
[152.516s][info][gc,heap        ] GC(803) PSYoungGen: 116735K(232960K)->113756K(232960K) Eden: 116735K(116736K)->113756K(116736K) From: 0K(116224K)->0K(116224K)
[152.516s][info][gc,heap        ] GC(803) ParOldGen: 697987K(699392K)->697985K(699392K)
[152.516s][info][gc,metaspace   ] GC(803) Metaspace: 115398K(126848K)->115398K(126848K) NonClass: 98582K(105536K)->98582K(105536K) Class: 16816K(21312K)->16816K(21312K)
[152.516s][info][gc             ] GC(803) Pause Full (Ergonomics) 795M->792M(910M) 74.437ms
[152.516s][info][gc,cpu         ] GC(803) User=1.64s Sys=0.00s Real=0.07s
[152.518s][info][gc,start       ] GC(804) Pause Full (Ergonomics)
[152.518s][info][gc,phases,start] GC(804) Marking Phase
[152.545s][info][gc,phases      ] GC(804) Marking Phase 27.239ms
[152.546s][info][gc,phases,start] GC(804) Summary Phase
[152.546s][info][gc,phases      ] GC(804) Summary Phase 0.025ms
[152.546s][info][gc,phases,start] GC(804) Adjust Roots
[152.548s][info][gc,phases      ] GC(804) Adjust Roots 2.735ms
[152.548s][info][gc,phases,start] GC(804) Compaction Phase
[152.590s][info][gc,phases      ] GC(804) Compaction Phase 41.478ms
[152.590s][info][gc,phases,start] GC(804) Post Compact
[152.594s][info][gc,phases      ] GC(804) Post Compact 4.019ms
[152.594s][info][gc,heap        ] GC(804) PSYoungGen: 116735K(232960K)->113799K(232960K) Eden: 116735K(116736K)->113799K(116736K) From: 0K(116224K)->0K(116224K)
[152.594s][info][gc,heap        ] GC(804) ParOldGen: 697993K(699392K)->697989K(699392K)
[152.594s][info][gc,metaspace   ] GC(804) Metaspace: 115403K(126848K)->115403K(126848K) NonClass: 98586K(105536K)->98586K(105536K) Class: 16816K(21312K)->16816K(21312K)
[152.594s][info][gc             ] GC(804) Pause Full (Ergonomics) 795M->792M(910M) 75.743ms
[152.594s][info][gc,cpu         ] GC(804) User=1.00s Sys=0.00s Real=0.08s
[152.595s][info][gc,start       ] GC(805) Pause Full (Ergonomics)
[152.595s][info][gc,phases,start] GC(805) Marking Phase
[152.616s][info][gc,phases      ] GC(805) Marking Phase 20.777ms
[152.616s][info][gc,phases,start] GC(805) Summary Phase
[152.616s][info][gc,phases      ] GC(805) Summary Phase 0.025ms
[152.616s][info][gc,phases,start] GC(805) Adjust Roots
[152.619s][info][gc,phases      ] GC(805) Adjust Roots 2.638ms
[152.619s][info][gc,phases,start] GC(805) Compaction Phase
[152.627s][info][gc,phases      ] GC(805) Compaction Phase 8.324ms
[152.627s][info][gc,phases,start] GC(805) Post Compact
[152.631s][info][gc,phases      ] GC(805) Post Compact 3.811ms
[152.631s][info][gc,heap        ] GC(805) PSYoungGen: 116736K(232960K)->113783K(232960K) Eden: 116736K(116736K)->113783K(116736K) From: 0K(116224K)->0K(116224K)
[152.631s][info][gc,heap        ] GC(805) ParOldGen: 697989K(699392K)->697984K(699392K)
[152.631s][info][gc,metaspace   ] GC(805) Metaspace: 115405K(126848K)->115405K(126848K) NonClass: 98588K(105536K)->98588K(105536K) Class: 16816K(21312K)->16816K(21312K)
[152.631s][info][gc             ] GC(805) Pause Full (Ergonomics) 795M->792M(910M) 35.792ms
[152.631s][info][gc,cpu         ] GC(805) User=0.38s Sys=0.00s Real=0.03s
[152.632s][info][gc,start       ] GC(806) Pause Full (Ergonomics)
[152.632s][info][gc,phases,start] GC(806) Marking Phase
[152.664s][info][gc,phases      ] GC(806) Marking Phase 31.208ms
[152.664s][info][gc,phases,start] GC(806) Summary Phase
[152.664s][info][gc,phases      ] GC(806) Summary Phase 0.024ms
[152.664s][info][gc,phases,start] GC(806) Adjust Roots
[152.666s][info][gc,phases      ] GC(806) Adjust Roots 2.653ms
[152.666s][info][gc,phases,start] GC(806) Compaction Phase
[152.675s][info][gc,phases      ] GC(806) Compaction Phase 9.106ms
[152.676s][info][gc,phases,start] GC(806) Post Compact
[152.679s][info][gc,phases      ] GC(806) Post Compact 3.753ms
[152.679s][info][gc,heap        ] GC(806) PSYoungGen: 116736K(232960K)->113867K(232960K) Eden: 116736K(116736K)->113867K(116736K) From: 0K(116224K)->0K(116224K)
[152.679s][info][gc,heap        ] GC(806) ParOldGen: 697984K(699392K)->697984K(699392K)
[152.679s][info][gc,metaspace   ] GC(806) Metaspace: 115412K(126848K)->115412K(126848K) NonClass: 98594K(105536K)->98594K(105536K) Class: 16817K(21312K)->16817K(21312K)
[152.679s][info][gc             ] GC(806) Pause Full (Ergonomics) 795M->792M(910M) 46.957ms
[152.679s][info][gc,cpu         ] GC(806) User=0.36s Sys=0.00s Real=0.05s
[152.681s][info][gc,start       ] GC(807) Pause Full (Ergonomics)
[152.681s][info][gc,phases,start] GC(807) Marking Phase
[152.717s][info][gc,phases      ] GC(807) Marking Phase 36.678ms
[152.717s][info][gc,phases,start] GC(807) Summary Phase
[152.717s][info][gc,phases      ] GC(807) Summary Phase 0.025ms
[152.717s][info][gc,phases,start] GC(807) Adjust Roots
[152.720s][info][gc,phases      ] GC(807) Adjust Roots 2.728ms
[152.720s][info][gc,phases,start] GC(807) Compaction Phase
[152.729s][info][gc,phases      ] GC(807) Compaction Phase 8.532ms
[152.729s][info][gc,phases,start] GC(807) Post Compact
[152.733s][info][gc,phases      ] GC(807) Post Compact 3.891ms
[152.733s][info][gc,heap        ] GC(807) PSYoungGen: 116735K(232960K)->113848K(232960K) Eden: 116735K(116736K)->113848K(116736K) From: 0K(116224K)->0K(116224K)
[152.733s][info][gc,heap        ] GC(807) ParOldGen: 697986K(699392K)->697986K(699392K)
[152.733s][info][gc,metaspace   ] GC(807) Metaspace: 115412K(126848K)->115412K(126848K) NonClass: 98594K(105536K)->98594K(105536K) Class: 16817K(21312K)->16817K(21312K)
[152.733s][info][gc             ] GC(807) Pause Full (Ergonomics) 795M->792M(910M) 52.111ms
[152.733s][info][gc,cpu         ] GC(807) User=0.69s Sys=0.00s Real=0.05s
[152.734s][info][gc,start       ] GC(808) Pause Full (Ergonomics)
[152.734s][info][gc,phases,start] GC(808) Marking Phase
[152.766s][info][gc,phases      ] GC(808) Marking Phase 32.071ms
[152.766s][info][gc,phases,start] GC(808) Summary Phase
[152.766s][info][gc,phases      ] GC(808) Summary Phase 0.027ms
[152.766s][info][gc,phases,start] GC(808) Adjust Roots
[152.769s][info][gc,phases      ] GC(808) Adjust Roots 2.965ms
[152.769s][info][gc,phases,start] GC(808) Compaction Phase
[152.811s][info][gc,phases      ] GC(808) Compaction Phase 41.333ms
[152.811s][info][gc,phases,start] GC(808) Post Compact
[152.815s][info][gc,phases      ] GC(808) Post Compact 4.008ms
[152.815s][info][gc,heap        ] GC(808) PSYoungGen: 116736K(232960K)->113808K(232960K) Eden: 116736K(116736K)->113808K(116736K) From: 0K(116224K)->0K(116224K)
[152.815s][info][gc,heap        ] GC(808) ParOldGen: 697995K(699392K)->697847K(699392K)
[152.815s][info][gc,metaspace   ] GC(808) Metaspace: 115416K(126848K)->115416K(126848K) NonClass: 98598K(105536K)->98598K(105536K) Class: 16817K(21312K)->16817K(21312K)
[152.815s][info][gc             ] GC(808) Pause Full (Ergonomics) 795M->792M(910M) 80.674ms
[152.815s][info][gc,cpu         ] GC(808) User=1.64s Sys=0.00s Real=0.08s
[152.816s][info][gc,start       ] GC(809) Pause Full (Ergonomics)
[152.816s][info][gc,phases,start] GC(809) Marking Phase
[152.837s][info][gc,phases      ] GC(809) Marking Phase 21.660ms
[152.837s][info][gc,phases,start] GC(809) Summary Phase
[152.837s][info][gc,phases      ] GC(809) Summary Phase 0.025ms
[152.837s][info][gc,phases,start] GC(809) Adjust Roots
[152.840s][info][gc,phases      ] GC(809) Adjust Roots 2.708ms
[152.840s][info][gc,phases,start] GC(809) Compaction Phase
[152.848s][info][gc,phases      ] GC(809) Compaction Phase 8.288ms
[152.848s][info][gc,phases,start] GC(809) Post Compact
[152.852s][info][gc,phases      ] GC(809) Post Compact 3.883ms
[152.852s][info][gc,heap        ] GC(809) PSYoungGen: 115670K(232960K)->113806K(232960K) Eden: 115670K(116736K)->113806K(116736K) From: 0K(116224K)->0K(116224K)
[152.852s][info][gc,heap        ] GC(809) ParOldGen: 697847K(699392K)->697844K(699392K)
[152.852s][info][gc,metaspace   ] GC(809) Metaspace: 115416K(126848K)->115416K(126848K) NonClass: 98598K(105536K)->98598K(105536K) Class: 16817K(21312K)->16817K(21312K)
[152.852s][info][gc             ] GC(809) Pause Full (Ergonomics) 794M->792M(910M) 36.789ms
[152.852s][info][gc,cpu         ] GC(809) User=0.34s Sys=0.00s Real=0.03s
[152.853s][info][gc,start       ] GC(810) Pause Full (Allocation Failure)
[152.853s][info][gc,phases,start] GC(810) Marking Phase
[152.888s][info][gc,phases      ] GC(810) Marking Phase 35.638ms
[152.888s][info][gc,phases,start] GC(810) Summary Phase
[152.888s][info][gc,phases      ] GC(810) Summary Phase 0.025ms
[152.888s][info][gc,phases,start] GC(810) Adjust Roots
[152.891s][info][gc,phases      ] GC(810) Adjust Roots 2.658ms
[152.891s][info][gc,phases,start] GC(810) Compaction Phase
[152.899s][info][gc,phases      ] GC(810) Compaction Phase 8.387ms
[152.899s][info][gc,phases,start] GC(810) Post Compact
[152.903s][info][gc,phases      ] GC(810) Post Compact 3.852ms
[152.903s][info][gc,heap        ] GC(810) PSYoungGen: 113806K(232960K)->113806K(232960K) Eden: 113806K(116736K)->113806K(116736K) From: 0K(116224K)->0K(116224K)
[152.903s][info][gc,heap        ] GC(810) ParOldGen: 697844K(699392K)->697844K(699392K)
[152.903s][info][gc,metaspace   ] GC(810) Metaspace: 115416K(126848K)->115416K(126848K) NonClass: 98598K(105536K)->98598K(105536K) Class: 16817K(21312K)->16817K(21312K)
[152.903s][info][gc             ] GC(810) Pause Full (Allocation Failure) 792M->792M(910M) 50.793ms
[152.903s][info][gc,cpu         ] GC(810) User=0.77s Sys=0.00s Real=0.05s
[152.904s][info][gc,start       ] GC(811) Pause Full (Ergonomics)
[152.904s][info][gc,phases,start] GC(811) Marking Phase
[152.930s][info][gc,phases      ] GC(811) Marking Phase 25.632ms
[152.930s][info][gc,phases,start] GC(811) Summary Phase
[152.930s][info][gc,phases      ] GC(811) Summary Phase 0.023ms
[152.930s][info][gc,phases,start] GC(811) Adjust Roots
[152.933s][info][gc,phases      ] GC(811) Adjust Roots 2.984ms
[152.933s][info][gc,phases,start] GC(811) Compaction Phase
[152.978s][info][gc,phases      ] GC(811) Compaction Phase 45.457ms
[152.978s][info][gc,phases,start] GC(811) Post Compact
[152.982s][info][gc,phases      ] GC(811) Post Compact 3.992ms
[152.982s][info][gc,heap        ] GC(811) PSYoungGen: 115323K(232960K)->94266K(232960K) Eden: 115323K(116736K)->94266K(116736K) From: 0K(116224K)->0K(116224K)
[152.982s][info][gc,heap        ] GC(811) ParOldGen: 697844K(699392K)->699270K(699392K)
[152.982s][info][gc,metaspace   ] GC(811) Metaspace: 115416K(126848K)->115416K(126848K) NonClass: 98598K(105536K)->98598K(105536K) Class: 16817K(21312K)->16817K(21312K)
[152.982s][info][gc             ] GC(811) Pause Full (Ergonomics) 794M->774M(910M) 78.329ms
[152.982s][info][gc,cpu         ] GC(811) User=1.64s Sys=0.00s Real=0.08s
[152.988s][info][gc,start       ] GC(812) Pause Full (Ergonomics)
[152.988s][info][gc,phases,start] GC(812) Marking Phase
[153.020s][info][gc,phases      ] GC(812) Marking Phase 31.684ms
[153.020s][info][gc,phases,start] GC(812) Summary Phase
[153.020s][info][gc,phases      ] GC(812) Summary Phase 0.026ms
[153.020s][info][gc,phases,start] GC(812) Adjust Roots
[153.023s][info][gc,phases      ] GC(812) Adjust Roots 3.414ms
[153.023s][info][gc,phases,start] GC(812) Compaction Phase
[153.065s][info][gc,phases      ] GC(812) Compaction Phase 42.205ms
[153.065s][info][gc,phases,start] GC(812) Post Compact
[153.069s][info][gc,phases      ] GC(812) Post Compact 4.124ms
[153.070s][info][gc,heap        ] GC(812) PSYoungGen: 116735K(232960K)->97478K(232960K) Eden: 116735K(116736K)->97478K(116736K) From: 0K(116224K)->0K(116224K)
[153.070s][info][gc,heap        ] GC(812) ParOldGen: 699270K(699392K)->697546K(699392K)
[153.070s][info][gc,metaspace   ] GC(812) Metaspace: 115498K(126848K)->115498K(126848K) NonClass: 98664K(105536K)->98664K(105536K) Class: 16833K(21312K)->16833K(21312K)
[153.070s][info][gc             ] GC(812) Pause Full (Ergonomics) 796M->776M(910M) 81.709ms
[153.070s][info][gc,cpu         ] GC(812) User=1.63s Sys=0.00s Real=0.08s
[153.073s][info][gc,start       ] GC(813) Pause Full (Ergonomics)
[153.073s][info][gc,phases,start] GC(813) Marking Phase
[153.102s][info][gc,phases      ] GC(813) Marking Phase 29.033ms
[153.102s][info][gc,phases,start] GC(813) Summary Phase
[153.102s][info][gc,phases      ] GC(813) Summary Phase 0.028ms
[153.102s][info][gc,phases,start] GC(813) Adjust Roots
[153.105s][info][gc,phases      ] GC(813) Adjust Roots 3.170ms
[153.105s][info][gc,phases,start] GC(813) Compaction Phase
[153.153s][info][gc,phases      ] GC(813) Compaction Phase 47.669ms
[153.153s][info][gc,phases,start] GC(813) Post Compact
[153.157s][info][gc,phases      ] GC(813) Post Compact 3.985ms
[153.157s][info][gc,heap        ] GC(813) PSYoungGen: 116736K(232960K)->97487K(232960K) Eden: 116736K(116736K)->97487K(116736K) From: 0K(116224K)->0K(116224K)
[153.157s][info][gc,heap        ] GC(813) ParOldGen: 697546K(699392K)->697531K(699392K)
[153.157s][info][gc,metaspace   ] GC(813) Metaspace: 115516K(126848K)->115516K(126848K) NonClass: 98678K(105536K)->98678K(105536K) Class: 16838K(21312K)->16838K(21312K)
[153.157s][info][gc             ] GC(813) Pause Full (Ergonomics) 795M->776M(910M) 84.153ms
[153.157s][info][gc,cpu         ] GC(813) User=1.33s Sys=0.00s Real=0.09s
[153.160s][info][gc,start       ] GC(814) Pause Full (Ergonomics)
[153.160s][info][gc,phases,start] GC(814) Marking Phase
[153.194s][info][gc,phases      ] GC(814) Marking Phase 34.075ms
[153.194s][info][gc,phases,start] GC(814) Summary Phase
[153.194s][info][gc,phases      ] GC(814) Summary Phase 0.031ms
[153.194s][info][gc,phases,start] GC(814) Adjust Roots
[153.197s][info][gc,phases      ] GC(814) Adjust Roots 3.255ms
[153.197s][info][gc,phases,start] GC(814) Compaction Phase
[153.246s][info][gc,phases      ] GC(814) Compaction Phase 48.603ms
[153.246s][info][gc,phases,start] GC(814) Post Compact
[153.251s][info][gc,phases      ] GC(814) Post Compact 4.817ms
[153.251s][info][gc,heap        ] GC(814) PSYoungGen: 116736K(232960K)->97353K(232960K) Eden: 116736K(116736K)->97353K(116736K) From: 0K(116224K)->0K(116224K)
[153.251s][info][gc,heap        ] GC(814) ParOldGen: 697531K(699392K)->697427K(699392K)
[153.251s][info][gc,metaspace   ] GC(814) Metaspace: 115529K(126848K)->115529K(126848K) NonClass: 98688K(105536K)->98688K(105536K) Class: 16841K(21312K)->16841K(21312K)
[153.251s][info][gc             ] GC(814) Pause Full (Ergonomics) 795M->776M(910M) 91.162ms
[153.251s][info][gc,cpu         ] GC(814) User=1.33s Sys=0.00s Real=0.08s
[153.254s][info][gc,start       ] GC(815) Pause Full (Ergonomics)
[153.254s][info][gc,phases,start] GC(815) Marking Phase
[153.286s][info][gc,phases      ] GC(815) Marking Phase 31.986ms
[153.286s][info][gc,phases,start] GC(815) Summary Phase
[153.286s][info][gc,phases      ] GC(815) Summary Phase 0.027ms
[153.286s][info][gc,phases,start] GC(815) Adjust Roots
[153.289s][info][gc,phases      ] GC(815) Adjust Roots 3.175ms
[153.289s][info][gc,phases,start] GC(815) Compaction Phase
[153.331s][info][gc,phases      ] GC(815) Compaction Phase 41.069ms
[153.331s][info][gc,phases,start] GC(815) Post Compact
[153.336s][info][gc,phases      ] GC(815) Post Compact 5.149ms
[153.336s][info][gc,heap        ] GC(815) PSYoungGen: 116736K(232960K)->100543K(232960K) Eden: 116736K(116736K)->100543K(116736K) From: 0K(116224K)->0K(116224K)
[153.336s][info][gc,heap        ] GC(815) ParOldGen: 697427K(699392K)->697414K(699392K)
[153.336s][info][gc,metaspace   ] GC(815) Metaspace: 115529K(126848K)->115529K(126848K) NonClass: 98688K(105536K)->98688K(105536K) Class: 16841K(21312K)->16841K(21312K)
[153.336s][info][gc             ] GC(815) Pause Full (Ergonomics) 795M->779M(910M) 81.776ms
[153.336s][info][gc,cpu         ] GC(815) User=1.19s Sys=0.00s Real=0.08s
[153.338s][info][gc,start       ] GC(816) Pause Full (Ergonomics)
[153.338s][info][gc,phases,start] GC(816) Marking Phase
[153.372s][info][gc,phases      ] GC(816) Marking Phase 33.450ms
[153.372s][info][gc,phases,start] GC(816) Summary Phase
[153.372s][info][gc,phases      ] GC(816) Summary Phase 0.031ms
[153.372s][info][gc,phases,start] GC(816) Adjust Roots
[153.375s][info][gc,phases      ] GC(816) Adjust Roots 3.001ms
[153.375s][info][gc,phases,start] GC(816) Compaction Phase
[153.423s][info][gc,phases      ] GC(816) Compaction Phase 48.142ms
[153.423s][info][gc,phases,start] GC(816) Post Compact
[153.427s][info][gc,phases      ] GC(816) Post Compact 4.168ms
[153.427s][info][gc,heap        ] GC(816) PSYoungGen: 116736K(232960K)->100580K(232960K) Eden: 116736K(116736K)->100580K(116736K) From: 0K(116224K)->0K(116224K)
[153.427s][info][gc,heap        ] GC(816) ParOldGen: 697414K(699392K)->697409K(699392K)
[153.427s][info][gc,metaspace   ] GC(816) Metaspace: 115530K(126848K)->115530K(126848K) NonClass: 98688K(105536K)->98688K(105536K) Class: 16841K(21312K)->16841K(21312K)
[153.427s][info][gc             ] GC(816) Pause Full (Ergonomics) 795M->779M(910M) 89.058ms
[153.427s][info][gc,cpu         ] GC(816) User=1.64s Sys=0.00s Real=0.09s
[153.430s][info][gc,start       ] GC(817) Pause Full (Ergonomics)
[153.430s][info][gc,phases,start] GC(817) Marking Phase
[153.452s][info][gc,phases      ] GC(817) Marking Phase 22.554ms
[153.452s][info][gc,phases,start] GC(817) Summary Phase
[153.452s][info][gc,phases      ] GC(817) Summary Phase 0.027ms
[153.452s][info][gc,phases,start] GC(817) Adjust Roots
[153.456s][info][gc,phases      ] GC(817) Adjust Roots 3.245ms
[153.456s][info][gc,phases,start] GC(817) Compaction Phase
[153.497s][info][gc,phases      ] GC(817) Compaction Phase 41.558ms
[153.497s][info][gc,phases,start] GC(817) Post Compact
[153.502s][info][gc,phases      ] GC(817) Post Compact 5.140ms
[153.502s][info][gc,heap        ] GC(817) PSYoungGen: 116736K(232960K)->100565K(232960K) Eden: 116736K(116736K)->100565K(116736K) From: 0K(116224K)->0K(116224K)
[153.502s][info][gc,heap        ] GC(817) ParOldGen: 697409K(699392K)->697407K(699392K)
[153.503s][info][gc,metaspace   ] GC(817) Metaspace: 115531K(126848K)->115531K(126848K) NonClass: 98690K(105536K)->98690K(105536K) Class: 16841K(21312K)->16841K(21312K)
[153.503s][info][gc             ] GC(817) Pause Full (Ergonomics) 795M->779M(910M) 72.874ms
[153.503s][info][gc,cpu         ] GC(817) User=1.33s Sys=0.00s Real=0.06s
[153.505s][info][gc,start       ] GC(818) Pause Full (Ergonomics)
[153.505s][info][gc,phases,start] GC(818) Marking Phase
[153.533s][info][gc,phases      ] GC(818) Marking Phase 27.269ms
[153.533s][info][gc,phases,start] GC(818) Summary Phase
[153.533s][info][gc,phases      ] GC(818) Summary Phase 0.027ms
[153.533s][info][gc,phases,start] GC(818) Adjust Roots
[153.535s][info][gc,phases      ] GC(818) Adjust Roots 2.792ms
[153.535s][info][gc,phases,start] GC(818) Compaction Phase
[153.576s][info][gc,phases      ] GC(818) Compaction Phase 40.748ms
[153.576s][info][gc,phases,start] GC(818) Post Compact
[153.580s][info][gc,phases      ] GC(818) Post Compact 4.012ms
[153.580s][info][gc,heap        ] GC(818) PSYoungGen: 116736K(232960K)->100659K(232960K) Eden: 116736K(116736K)->100659K(116736K) From: 0K(116224K)->0K(116224K)
[153.580s][info][gc,heap        ] GC(818) ParOldGen: 697407K(699392K)->697406K(699392K)
[153.580s][info][gc,metaspace   ] GC(818) Metaspace: 115533K(126848K)->115533K(126848K) NonClass: 98692K(105536K)->98692K(105536K) Class: 16841K(21312K)->16841K(21312K)
[153.580s][info][gc             ] GC(818) Pause Full (Ergonomics) 795M->779M(910M) 75.132ms
[153.580s][info][gc,cpu         ] GC(818) User=1.00s Sys=0.00s Real=0.06s
[153.582s][info][gc,start       ] GC(819) Pause Full (Ergonomics)
[153.582s][info][gc,phases,start] GC(819) Marking Phase
[153.609s][info][gc,phases      ] GC(819) Marking Phase 27.139ms
[153.609s][info][gc,phases,start] GC(819) Summary Phase
[153.609s][info][gc,phases      ] GC(819) Summary Phase 0.027ms
[153.609s][info][gc,phases,start] GC(819) Adjust Roots
[153.612s][info][gc,phases      ] GC(819) Adjust Roots 2.825ms
[153.612s][info][gc,phases,start] GC(819) Compaction Phase
[153.670s][info][gc,phases      ] GC(819) Compaction Phase 57.539ms
[153.670s][info][gc,phases,start] GC(819) Post Compact
[153.675s][info][gc,phases      ] GC(819) Post Compact 5.129ms
[153.675s][info][gc,heap        ] GC(819) PSYoungGen: 116735K(232960K)->100582K(232960K) Eden: 116735K(116736K)->100582K(116736K) From: 0K(116224K)->0K(116224K)
[153.675s][info][gc,heap        ] GC(819) ParOldGen: 697406K(699392K)->698971K(699392K)
[153.675s][info][gc,metaspace   ] GC(819) Metaspace: 115533K(126848K)->115533K(126848K) NonClass: 98692K(105536K)->98692K(105536K) Class: 16841K(21312K)->16841K(21312K)
[153.675s][info][gc             ] GC(819) Pause Full (Ergonomics) 795M->780M(910M) 93.037ms
[153.675s][info][gc,cpu         ] GC(819) User=1.34s Sys=0.00s Real=0.09s
[153.677s][info][gc,start       ] GC(820) Pause Full (Ergonomics)
[153.677s][info][gc,phases,start] GC(820) Marking Phase
[153.707s][info][gc,phases      ] GC(820) Marking Phase 29.214ms
[153.707s][info][gc,phases,start] GC(820) Summary Phase
[153.707s][info][gc,phases      ] GC(820) Summary Phase 0.024ms
[153.707s][info][gc,phases,start] GC(820) Adjust Roots
[153.710s][info][gc,phases      ] GC(820) Adjust Roots 2.934ms
[153.710s][info][gc,phases,start] GC(820) Compaction Phase
[153.753s][info][gc,phases      ] GC(820) Compaction Phase 42.979ms
[153.753s][info][gc,phases,start] GC(820) Post Compact
[153.758s][info][gc,phases      ] GC(820) Post Compact 5.189ms
[153.758s][info][gc,heap        ] GC(820) PSYoungGen: 116736K(232960K)->100579K(232960K) Eden: 116736K(116736K)->100579K(116736K) From: 0K(116224K)->0K(116224K)
[153.758s][info][gc,heap        ] GC(820) ParOldGen: 698971K(699392K)->698970K(699392K)
[153.758s][info][gc,metaspace   ] GC(820) Metaspace: 115538K(126848K)->115538K(126848K) NonClass: 98697K(105536K)->98697K(105536K) Class: 16841K(21312K)->16841K(21312K)
[153.758s][info][gc             ] GC(820) Pause Full (Ergonomics) 796M->780M(910M) 80.728ms
[153.758s][info][gc,cpu         ] GC(820) User=1.66s Sys=0.00s Real=0.08s
[153.760s][info][gc,start       ] GC(821) Pause Full (Ergonomics)
[153.760s][info][gc,phases,start] GC(821) Marking Phase
[153.801s][info][gc,phases      ] GC(821) Marking Phase 40.911ms
[153.801s][info][gc,phases,start] GC(821) Summary Phase
[153.801s][info][gc,phases      ] GC(821) Summary Phase 0.028ms
[153.801s][info][gc,phases,start] GC(821) Adjust Roots
[153.805s][info][gc,phases      ] GC(821) Adjust Roots 3.443ms
[153.805s][info][gc,phases,start] GC(821) Compaction Phase
[153.848s][info][gc,phases      ] GC(821) Compaction Phase 43.582ms
[153.848s][info][gc,phases,start] GC(821) Post Compact
[153.853s][info][gc,phases      ] GC(821) Post Compact 4.052ms
[153.853s][info][gc,heap        ] GC(821) PSYoungGen: 116736K(232960K)->100598K(232960K) Eden: 116736K(116736K)->100598K(116736K) From: 0K(116224K)->0K(116224K)
[153.853s][info][gc,heap        ] GC(821) ParOldGen: 698970K(699392K)->698831K(699392K)
[153.853s][info][gc,metaspace   ] GC(821) Metaspace: 115546K(126848K)->115539K(126848K) NonClass: 98703K(105536K)->98697K(105536K) Class: 16843K(21312K)->16841K(21312K)
[153.853s][info][gc             ] GC(821) Pause Full (Ergonomics) 796M->780M(910M) 92.296ms
[153.853s][info][gc,cpu         ] GC(821) User=1.33s Sys=0.00s Real=0.08s
[153.855s][info][gc,start       ] GC(822) Pause Full (Ergonomics)
[153.855s][info][gc,phases,start] GC(822) Marking Phase
[153.881s][info][gc,phases      ] GC(822) Marking Phase 26.459ms
[153.881s][info][gc,phases,start] GC(822) Summary Phase
[153.881s][info][gc,phases      ] GC(822) Summary Phase 0.025ms
[153.881s][info][gc,phases,start] GC(822) Adjust Roots
[153.884s][info][gc,phases      ] GC(822) Adjust Roots 3.031ms
[153.884s][info][gc,phases,start] GC(822) Compaction Phase
[153.925s][info][gc,phases      ] GC(822) Compaction Phase 40.846ms
[153.925s][info][gc,phases,start] GC(822) Post Compact
[153.930s][info][gc,phases      ] GC(822) Post Compact 5.081ms
[153.930s][info][gc,heap        ] GC(822) PSYoungGen: 116736K(232960K)->100656K(232960K) Eden: 116736K(116736K)->100656K(116736K) From: 0K(116224K)->0K(116224K)
[153.930s][info][gc,heap        ] GC(822) ParOldGen: 698831K(699392K)->698830K(699392K)
[153.931s][info][gc,metaspace   ] GC(822) Metaspace: 115542K(126848K)->115542K(126848K) NonClass: 98699K(105536K)->98699K(105536K) Class: 16842K(21312K)->16842K(21312K)
[153.931s][info][gc             ] GC(822) Pause Full (Ergonomics) 796M->780M(910M) 75.785ms
[153.931s][info][gc,cpu         ] GC(822) User=1.00s Sys=0.00s Real=0.06s
[153.933s][info][gc,start       ] GC(823) Pause Full (Ergonomics)
[153.933s][info][gc,phases,start] GC(823) Marking Phase
[153.959s][info][gc,phases      ] GC(823) Marking Phase 25.932ms
[153.959s][info][gc,phases,start] GC(823) Summary Phase
[153.959s][info][gc,phases      ] GC(823) Summary Phase 0.025ms
[153.959s][info][gc,phases,start] GC(823) Adjust Roots
[153.962s][info][gc,phases      ] GC(823) Adjust Roots 2.715ms
[153.962s][info][gc,phases,start] GC(823) Compaction Phase
[153.970s][info][gc,phases      ] GC(823) Compaction Phase 8.122ms
[153.970s][info][gc,phases,start] GC(823) Post Compact
[153.974s][info][gc,phases      ] GC(823) Post Compact 3.852ms
[153.974s][info][gc,heap        ] GC(823) PSYoungGen: 116735K(232960K)->100606K(232960K) Eden: 116735K(116736K)->100606K(116736K) From: 0K(116224K)->0K(116224K)
[153.974s][info][gc,heap        ] GC(823) ParOldGen: 698830K(699392K)->698830K(699392K)
[153.974s][info][gc,metaspace   ] GC(823) Metaspace: 115552K(126848K)->115552K(126848K) NonClass: 98709K(105536K)->98709K(105536K) Class: 16843K(21312K)->16843K(21312K)
[153.974s][info][gc             ] GC(823) Pause Full (Ergonomics) 796M->780M(910M) 40.882ms
[153.974s][info][gc,cpu         ] GC(823) User=0.45s Sys=0.00s Real=0.03s
[153.976s][info][gc,start       ] GC(824) Pause Full (Ergonomics)
[153.976s][info][gc,phases,start] GC(824) Marking Phase
[154.008s][info][gc,phases      ] GC(824) Marking Phase 32.256ms
[154.008s][info][gc,phases,start] GC(824) Summary Phase
[154.008s][info][gc,phases      ] GC(824) Summary Phase 0.026ms
[154.008s][info][gc,phases,start] GC(824) Adjust Roots
[154.011s][info][gc,phases      ] GC(824) Adjust Roots 2.869ms
[154.011s][info][gc,phases,start] GC(824) Compaction Phase
[154.053s][info][gc,phases      ] GC(824) Compaction Phase 41.272ms
[154.053s][info][gc,phases,start] GC(824) Post Compact
[154.057s][info][gc,phases      ] GC(824) Post Compact 4.484ms
[154.057s][info][gc,heap        ] GC(824) PSYoungGen: 116736K(232960K)->100586K(232960K) Eden: 116736K(116736K)->100586K(116736K) From: 0K(116224K)->0K(116224K)
[154.057s][info][gc,heap        ] GC(824) ParOldGen: 698830K(699392K)->698830K(699392K)
[154.057s][info][gc,metaspace   ] GC(824) Metaspace: 115560K(126848K)->115560K(126848K) NonClass: 98716K(105536K)->98716K(105536K) Class: 16843K(21312K)->16843K(21312K)
[154.057s][info][gc             ] GC(824) Pause Full (Ergonomics) 796M->780M(910M) 81.243ms
[154.057s][info][gc,cpu         ] GC(824) User=1.34s Sys=0.00s Real=0.09s
[154.060s][info][gc,start       ] GC(825) Pause Full (Ergonomics)
[154.060s][info][gc,phases,start] GC(825) Marking Phase
[154.092s][info][gc,phases      ] GC(825) Marking Phase 32.342ms
[154.092s][info][gc,phases,start] GC(825) Summary Phase
[154.092s][info][gc,phases      ] GC(825) Summary Phase 0.026ms
[154.092s][info][gc,phases,start] GC(825) Adjust Roots
[154.095s][info][gc,phases      ] GC(825) Adjust Roots 2.979ms
[154.095s][info][gc,phases,start] GC(825) Compaction Phase
[154.135s][info][gc,phases      ] GC(825) Compaction Phase 39.632ms
[154.135s][info][gc,phases,start] GC(825) Post Compact
[154.139s][info][gc,phases      ] GC(825) Post Compact 4.017ms
[154.139s][info][gc,heap        ] GC(825) PSYoungGen: 116736K(232960K)->100607K(232960K) Eden: 116736K(116736K)->100607K(116736K) From: 0K(116224K)->0K(116224K)
[154.139s][info][gc,heap        ] GC(825) ParOldGen: 698830K(699392K)->698826K(699392K)
[154.139s][info][gc,metaspace   ] GC(825) Metaspace: 115563K(126848K)->115563K(126848K) NonClass: 98719K(105536K)->98719K(105536K) Class: 16844K(21312K)->16844K(21312K)
[154.139s][info][gc             ] GC(825) Pause Full (Ergonomics) 796M->780M(910M) 79.234ms
[154.139s][info][gc,cpu         ] GC(825) User=1.02s Sys=0.00s Real=0.08s
[154.141s][info][gc,start       ] GC(826) Pause Full (Ergonomics)
[154.141s][info][gc,phases,start] GC(826) Marking Phase
[154.172s][info][gc,phases      ] GC(826) Marking Phase 30.883ms
[154.172s][info][gc,phases,start] GC(826) Summary Phase
[154.172s][info][gc,phases      ] GC(826) Summary Phase 0.027ms
[154.172s][info][gc,phases,start] GC(826) Adjust Roots
[154.175s][info][gc,phases      ] GC(826) Adjust Roots 3.160ms
[154.175s][info][gc,phases,start] GC(826) Compaction Phase
[154.223s][info][gc,phases      ] GC(826) Compaction Phase 47.315ms
[154.223s][info][gc,phases,start] GC(826) Post Compact
[154.227s][info][gc,phases      ] GC(826) Post Compact 3.984ms
[154.227s][info][gc,heap        ] GC(826) PSYoungGen: 116736K(232960K)->100587K(232960K) Eden: 116736K(116736K)->100587K(116736K) From: 0K(116224K)->0K(116224K)
[154.227s][info][gc,heap        ] GC(826) ParOldGen: 698826K(699392K)->698825K(699392K)
[154.227s][info][gc,metaspace   ] GC(826) Metaspace: 115563K(126848K)->115563K(126848K) NonClass: 98719K(105536K)->98719K(105536K) Class: 16844K(21312K)->16844K(21312K)
[154.227s][info][gc             ] GC(826) Pause Full (Ergonomics) 796M->780M(910M) 85.623ms
[154.227s][info][gc,cpu         ] GC(826) User=1.33s Sys=0.00s Real=0.08s
[154.229s][info][gc,start       ] GC(827) Pause Full (Ergonomics)
[154.229s][info][gc,phases,start] GC(827) Marking Phase
[154.261s][info][gc,phases      ] GC(827) Marking Phase 32.156ms
[154.261s][info][gc,phases,start] GC(827) Summary Phase
[154.261s][info][gc,phases      ] GC(827) Summary Phase 0.026ms
[154.261s][info][gc,phases,start] GC(827) Adjust Roots
[154.264s][info][gc,phases      ] GC(827) Adjust Roots 2.691ms
[154.264s][info][gc,phases,start] GC(827) Compaction Phase
[154.271s][info][gc,phases      ] GC(827) Compaction Phase 6.915ms
[154.271s][info][gc,phases,start] GC(827) Post Compact
[154.275s][info][gc,phases      ] GC(827) Post Compact 3.991ms
[154.275s][info][gc,heap        ] GC(827) PSYoungGen: 116736K(232960K)->100619K(232960K) Eden: 116736K(116736K)->100619K(116736K) From: 0K(116224K)->0K(116224K)
[154.275s][info][gc,heap        ] GC(827) ParOldGen: 698825K(699392K)->698825K(699392K)
[154.275s][info][gc,metaspace   ] GC(827) Metaspace: 115564K(126848K)->115564K(126848K) NonClass: 98720K(105536K)->98720K(105536K) Class: 16844K(21312K)->16844K(21312K)
[154.275s][info][gc             ] GC(827) Pause Full (Ergonomics) 796M->780M(910M) 46.049ms
[154.275s][info][gc,cpu         ] GC(827) User=0.36s Sys=0.00s Real=0.05s
[154.277s][info][gc,start       ] GC(828) Pause Full (Ergonomics)
[154.277s][info][gc,phases,start] GC(828) Marking Phase
[154.313s][info][gc,phases      ] GC(828) Marking Phase 35.740ms
[154.313s][info][gc,phases,start] GC(828) Summary Phase
[154.313s][info][gc,phases      ] GC(828) Summary Phase 0.027ms
[154.313s][info][gc,phases,start] GC(828) Adjust Roots
[154.316s][info][gc,phases      ] GC(828) Adjust Roots 2.738ms
[154.316s][info][gc,phases,start] GC(828) Compaction Phase
[154.324s][info][gc,phases      ] GC(828) Compaction Phase 7.604ms
[154.324s][info][gc,phases,start] GC(828) Post Compact
[154.327s][info][gc,phases      ] GC(828) Post Compact 3.798ms
[154.327s][info][gc,heap        ] GC(828) PSYoungGen: 116736K(232960K)->100643K(232960K) Eden: 116736K(116736K)->100643K(116736K) From: 0K(116224K)->0K(116224K)
[154.327s][info][gc,heap        ] GC(828) ParOldGen: 698825K(699392K)->698825K(699392K)
[154.327s][info][gc,metaspace   ] GC(828) Metaspace: 115565K(126848K)->115565K(126848K) NonClass: 98721K(105536K)->98721K(105536K) Class: 16844K(21312K)->16844K(21312K)
[154.327s][info][gc             ] GC(828) Pause Full (Ergonomics) 796M->780M(910M) 50.130ms
[154.328s][info][gc,cpu         ] GC(828) User=0.70s Sys=0.00s Real=0.05s
[154.330s][info][gc,start       ] GC(829) Pause Full (Ergonomics)
[154.330s][info][gc,phases,start] GC(829) Marking Phase
[154.355s][info][gc,phases      ] GC(829) Marking Phase 24.599ms
[154.355s][info][gc,phases,start] GC(829) Summary Phase
[154.355s][info][gc,phases      ] GC(829) Summary Phase 0.027ms
[154.355s][info][gc,phases,start] GC(829) Adjust Roots
[154.358s][info][gc,phases      ] GC(829) Adjust Roots 2.764ms
[154.358s][info][gc,phases,start] GC(829) Compaction Phase
[154.366s][info][gc,phases      ] GC(829) Compaction Phase 8.300ms
[154.366s][info][gc,phases,start] GC(829) Post Compact
[154.370s][info][gc,phases      ] GC(829) Post Compact 3.789ms
[154.370s][info][gc,heap        ] GC(829) PSYoungGen: 116736K(232960K)->100659K(232960K) Eden: 116736K(116736K)->100659K(116736K) From: 0K(116224K)->0K(116224K)
[154.370s][info][gc,heap        ] GC(829) ParOldGen: 698825K(699392K)->698825K(699392K)
[154.370s][info][gc,metaspace   ] GC(829) Metaspace: 115565K(126848K)->115565K(126848K) NonClass: 98721K(105536K)->98721K(105536K) Class: 16844K(21312K)->16844K(21312K)
[154.370s][info][gc             ] GC(829) Pause Full (Ergonomics) 796M->780M(910M) 39.709ms
[154.370s][info][gc,cpu         ] GC(829) User=0.34s Sys=0.00s Real=0.04s
[154.373s][info][gc,start       ] GC(830) Pause Full (Ergonomics)
[154.373s][info][gc,phases,start] GC(830) Marking Phase
[154.409s][info][gc,phases      ] GC(830) Marking Phase 35.884ms
[154.409s][info][gc,phases,start] GC(830) Summary Phase
[154.409s][info][gc,phases      ] GC(830) Summary Phase 0.028ms
[154.409s][info][gc,phases,start] GC(830) Adjust Roots
[154.412s][info][gc,phases      ] GC(830) Adjust Roots 2.963ms
[154.412s][info][gc,phases,start] GC(830) Compaction Phase
[154.420s][info][gc,phases      ] GC(830) Compaction Phase 8.632ms
[154.420s][info][gc,phases,start] GC(830) Post Compact
[154.424s][info][gc,phases      ] GC(830) Post Compact 4.164ms
[154.424s][info][gc,heap        ] GC(830) PSYoungGen: 116736K(232960K)->100611K(232960K) Eden: 116736K(116736K)->100611K(116736K) From: 0K(116224K)->0K(116224K)
[154.425s][info][gc,heap        ] GC(830) ParOldGen: 698825K(699392K)->698825K(699392K)
[154.425s][info][gc,metaspace   ] GC(830) Metaspace: 115565K(126848K)->115565K(126848K) NonClass: 98721K(105536K)->98721K(105536K) Class: 16844K(21312K)->16844K(21312K)
[154.425s][info][gc             ] GC(830) Pause Full (Ergonomics) 796M->780M(910M) 51.889ms
[154.425s][info][gc,cpu         ] GC(830) User=0.73s Sys=0.00s Real=0.05s
[154.427s][info][gc,start       ] GC(831) Pause Full (Ergonomics)
[154.427s][info][gc,phases,start] GC(831) Marking Phase
[154.464s][info][gc,phases      ] GC(831) Marking Phase 36.908ms
[154.464s][info][gc,phases,start] GC(831) Summary Phase
[154.464s][info][gc,phases      ] GC(831) Summary Phase 0.028ms
[154.464s][info][gc,phases,start] GC(831) Adjust Roots
[154.467s][info][gc,phases      ] GC(831) Adjust Roots 2.771ms
[154.467s][info][gc,phases,start] GC(831) Compaction Phase
[154.480s][info][gc,phases      ] GC(831) Compaction Phase 13.477ms
[154.480s][info][gc,phases,start] GC(831) Post Compact
[154.485s][info][gc,phases      ] GC(831) Post Compact 4.200ms
[154.485s][info][gc,heap        ] GC(831) PSYoungGen: 116736K(232960K)->100576K(232960K) Eden: 116736K(116736K)->100576K(116736K) From: 0K(116224K)->0K(116224K)
[154.485s][info][gc,heap        ] GC(831) ParOldGen: 698825K(699392K)->698825K(699392K)
[154.485s][info][gc,metaspace   ] GC(831) Metaspace: 115566K(126848K)->115566K(126848K) NonClass: 98722K(105536K)->98722K(105536K) Class: 16844K(21312K)->16844K(21312K)
[154.485s][info][gc             ] GC(831) Pause Full (Ergonomics) 796M->780M(910M) 57.625ms
[154.485s][info][gc,cpu         ] GC(831) User=0.77s Sys=0.00s Real=0.05s
[154.488s][info][gc,start       ] GC(832) Pause Full (Ergonomics)
[154.488s][info][gc,phases,start] GC(832) Marking Phase
[154.520s][info][gc,phases      ] GC(832) Marking Phase 32.740ms
[154.520s][info][gc,phases,start] GC(832) Summary Phase
[154.520s][info][gc,phases      ] GC(832) Summary Phase 0.028ms
[154.520s][info][gc,phases,start] GC(832) Adjust Roots
[154.523s][info][gc,phases      ] GC(832) Adjust Roots 2.757ms
[154.523s][info][gc,phases,start] GC(832) Compaction Phase
[154.530s][info][gc,phases      ] GC(832) Compaction Phase 6.580ms
[154.530s][info][gc,phases,start] GC(832) Post Compact
[154.534s][info][gc,phases      ] GC(832) Post Compact 3.924ms
[154.534s][info][gc,heap        ] GC(832) PSYoungGen: 116736K(232960K)->100582K(232960K) Eden: 116736K(116736K)->100582K(116736K) From: 0K(116224K)->0K(116224K)
[154.534s][info][gc,heap        ] GC(832) ParOldGen: 698825K(699392K)->698825K(699392K)
[154.534s][info][gc,metaspace   ] GC(832) Metaspace: 115566K(126848K)->115566K(126848K) NonClass: 98722K(105536K)->98722K(105536K) Class: 16844K(21312K)->16844K(21312K)
[154.534s][info][gc             ] GC(832) Pause Full (Ergonomics) 796M->780M(910M) 46.275ms
[154.534s][info][gc,cpu         ] GC(832) User=0.36s Sys=0.00s Real=0.05s
[154.536s][info][gc,start       ] GC(833) Pause Full (Ergonomics)
[154.536s][info][gc,phases,start] GC(833) Marking Phase
[154.570s][info][gc,phases      ] GC(833) Marking Phase 33.937ms
[154.570s][info][gc,phases,start] GC(833) Summary Phase
[154.570s][info][gc,phases      ] GC(833) Summary Phase 0.028ms
[154.570s][info][gc,phases,start] GC(833) Adjust Roots
[154.573s][info][gc,phases      ] GC(833) Adjust Roots 2.753ms
[154.573s][info][gc,phases,start] GC(833) Compaction Phase
[154.584s][info][gc,phases      ] GC(833) Compaction Phase 10.791ms
[154.584s][info][gc,phases,start] GC(833) Post Compact
[154.588s][info][gc,phases      ] GC(833) Post Compact 4.017ms
[154.588s][info][gc,heap        ] GC(833) PSYoungGen: 116736K(232960K)->100615K(232960K) Eden: 116736K(116736K)->100615K(116736K) From: 0K(116224K)->0K(116224K)
[154.588s][info][gc,heap        ] GC(833) ParOldGen: 698825K(699392K)->698825K(699392K)
[154.588s][info][gc,metaspace   ] GC(833) Metaspace: 115566K(126912K)->115566K(126912K) NonClass: 98722K(105600K)->98722K(105600K) Class: 16844K(21312K)->16844K(21312K)
[154.588s][info][gc             ] GC(833) Pause Full (Ergonomics) 796M->780M(910M) 51.786ms
[154.588s][info][gc,cpu         ] GC(833) User=0.39s Sys=0.00s Real=0.05s
[154.591s][info][gc,start       ] GC(834) Pause Full (Ergonomics)
[154.591s][info][gc,phases,start] GC(834) Marking Phase
[154.626s][info][gc,phases      ] GC(834) Marking Phase 35.340ms
[154.626s][info][gc,phases,start] GC(834) Summary Phase
[154.626s][info][gc,phases      ] GC(834) Summary Phase 0.028ms
[154.626s][info][gc,phases,start] GC(834) Adjust Roots
[154.629s][info][gc,phases      ] GC(834) Adjust Roots 2.730ms
[154.629s][info][gc,phases,start] GC(834) Compaction Phase
[154.645s][info][gc,phases      ] GC(834) Compaction Phase 16.111ms
[154.645s][info][gc,phases,start] GC(834) Post Compact
[154.649s][info][gc,phases      ] GC(834) Post Compact 3.986ms
[154.649s][info][gc,heap        ] GC(834) PSYoungGen: 116736K(232960K)->100610K(232960K) Eden: 116736K(116736K)->100610K(116736K) From: 0K(116224K)->0K(116224K)
[154.649s][info][gc,heap        ] GC(834) ParOldGen: 698825K(699392K)->698825K(699392K)
[154.649s][info][gc,metaspace   ] GC(834) Metaspace: 115566K(126912K)->115566K(126912K) NonClass: 98722K(105600K)->98722K(105600K) Class: 16844K(21312K)->16844K(21312K)
[154.649s][info][gc             ] GC(834) Pause Full (Ergonomics) 796M->780M(910M) 58.440ms
[154.649s][info][gc,cpu         ] GC(834) User=1.00s Sys=0.00s Real=0.05s
[154.652s][info][gc,start       ] GC(835) Pause Full (Ergonomics)
[154.652s][info][gc,phases,start] GC(835) Marking Phase
[154.683s][info][gc,phases      ] GC(835) Marking Phase 30.906ms
[154.683s][info][gc,phases,start] GC(835) Summary Phase
[154.683s][info][gc,phases      ] GC(835) Summary Phase 0.029ms
[154.683s][info][gc,phases,start] GC(835) Adjust Roots
[154.685s][info][gc,phases      ] GC(835) Adjust Roots 2.727ms
[154.685s][info][gc,phases,start] GC(835) Compaction Phase
[154.695s][info][gc,phases      ] GC(835) Compaction Phase 9.700ms
[154.695s][info][gc,phases,start] GC(835) Post Compact
[154.699s][info][gc,phases      ] GC(835) Post Compact 4.183ms
[154.699s][info][gc,heap        ] GC(835) PSYoungGen: 116735K(232960K)->100597K(232960K) Eden: 116735K(116736K)->100597K(116736K) From: 0K(116224K)->0K(116224K)
[154.699s][info][gc,heap        ] GC(835) ParOldGen: 698825K(699392K)->698825K(699392K)
[154.700s][info][gc,metaspace   ] GC(835) Metaspace: 115566K(126912K)->115566K(126912K) NonClass: 98722K(105600K)->98722K(105600K) Class: 16844K(21312K)->16844K(21312K)
[154.700s][info][gc             ] GC(835) Pause Full (Ergonomics) 796M->780M(910M) 47.827ms
[154.700s][info][gc,cpu         ] GC(835) User=0.39s Sys=0.00s Real=0.05s
[154.702s][info][gc,start       ] GC(836) Pause Full (Ergonomics)
[154.702s][info][gc,phases,start] GC(836) Marking Phase
[154.736s][info][gc,phases      ] GC(836) Marking Phase 33.706ms
[154.736s][info][gc,phases,start] GC(836) Summary Phase
[154.736s][info][gc,phases      ] GC(836) Summary Phase 0.025ms
[154.736s][info][gc,phases,start] GC(836) Adjust Roots
[154.739s][info][gc,phases      ] GC(836) Adjust Roots 2.739ms
[154.739s][info][gc,phases,start] GC(836) Compaction Phase
[154.747s][info][gc,phases      ] GC(836) Compaction Phase 8.086ms
[154.747s][info][gc,phases,start] GC(836) Post Compact
[154.751s][info][gc,phases      ] GC(836) Post Compact 3.837ms
[154.751s][info][gc,heap        ] GC(836) PSYoungGen: 116736K(232960K)->103705K(232960K) Eden: 116736K(116736K)->103705K(116736K) From: 0K(116224K)->0K(116224K)
[154.751s][info][gc,heap        ] GC(836) ParOldGen: 698825K(699392K)->698825K(699392K)
[154.751s][info][gc,metaspace   ] GC(836) Metaspace: 115566K(126912K)->115566K(126912K) NonClass: 98722K(105600K)->98722K(105600K) Class: 16844K(21312K)->16844K(21312K)
[154.751s][info][gc             ] GC(836) Pause Full (Ergonomics) 796M->783M(910M) 48.636ms
[154.751s][info][gc,cpu         ] GC(836) User=0.45s Sys=0.00s Real=0.05s
[154.753s][info][gc,start       ] GC(837) Pause Full (Ergonomics)
[154.753s][info][gc,phases,start] GC(837) Marking Phase
[154.784s][info][gc,phases      ] GC(837) Marking Phase 30.430ms
[154.784s][info][gc,phases,start] GC(837) Summary Phase
[154.784s][info][gc,phases      ] GC(837) Summary Phase 0.026ms
[154.784s][info][gc,phases,start] GC(837) Adjust Roots
[154.786s][info][gc,phases      ] GC(837) Adjust Roots 2.763ms
[154.786s][info][gc,phases,start] GC(837) Compaction Phase
[154.798s][info][gc,phases      ] GC(837) Compaction Phase 11.093ms
[154.798s][info][gc,phases,start] GC(837) Post Compact
[154.802s][info][gc,phases      ] GC(837) Post Compact 3.991ms
[154.802s][info][gc,heap        ] GC(837) PSYoungGen: 116736K(232960K)->102220K(232960K) Eden: 116736K(116736K)->102220K(116736K) From: 0K(116224K)->0K(116224K)
[154.802s][info][gc,heap        ] GC(837) ParOldGen: 698825K(699392K)->698825K(699392K)
[154.802s][info][gc,metaspace   ] GC(837) Metaspace: 115568K(126912K)->115568K(126912K) NonClass: 98723K(105600K)->98723K(105600K) Class: 16844K(21312K)->16844K(21312K)
[154.802s][info][gc             ] GC(837) Pause Full (Ergonomics) 796M->782M(910M) 48.577ms
[154.802s][info][gc,cpu         ] GC(837) User=0.36s Sys=0.00s Real=0.05s
[154.805s][info][gc,start       ] GC(838) Pause Full (Ergonomics)
[154.805s][info][gc,phases,start] GC(838) Marking Phase
[154.835s][info][gc,phases      ] GC(838) Marking Phase 30.375ms
[154.835s][info][gc,phases,start] GC(838) Summary Phase
[154.835s][info][gc,phases      ] GC(838) Summary Phase 0.025ms
[154.835s][info][gc,phases,start] GC(838) Adjust Roots
[154.838s][info][gc,phases      ] GC(838) Adjust Roots 2.731ms
[154.838s][info][gc,phases,start] GC(838) Compaction Phase
[154.845s][info][gc,phases      ] GC(838) Compaction Phase 7.257ms
[154.845s][info][gc,phases,start] GC(838) Post Compact
[154.849s][info][gc,phases      ] GC(838) Post Compact 3.906ms
[154.849s][info][gc,heap        ] GC(838) PSYoungGen: 116736K(232960K)->102165K(232960K) Eden: 116736K(116736K)->102165K(116736K) From: 0K(116224K)->0K(116224K)
[154.849s][info][gc,heap        ] GC(838) ParOldGen: 698837K(699392K)->698833K(699392K)
[154.849s][info][gc,metaspace   ] GC(838) Metaspace: 115568K(126912K)->115568K(126912K) NonClass: 98723K(105600K)->98723K(105600K) Class: 16844K(21312K)->16844K(21312K)
[154.849s][info][gc             ] GC(838) Pause Full (Ergonomics) 796M->782M(910M) 44.503ms
[154.849s][info][gc,cpu         ] GC(838) User=0.38s Sys=0.00s Real=0.05s
[154.851s][info][gc,start       ] GC(839) Pause Full (Ergonomics)
[154.851s][info][gc,phases,start] GC(839) Marking Phase
[154.883s][info][gc,phases      ] GC(839) Marking Phase 31.884ms
[154.883s][info][gc,phases,start] GC(839) Summary Phase
[154.883s][info][gc,phases      ] GC(839) Summary Phase 0.027ms
[154.883s][info][gc,phases,start] GC(839) Adjust Roots
[154.886s][info][gc,phases      ] GC(839) Adjust Roots 2.775ms
[154.886s][info][gc,phases,start] GC(839) Compaction Phase
[154.893s][info][gc,phases      ] GC(839) Compaction Phase 6.736ms
[154.893s][info][gc,phases,start] GC(839) Post Compact
[154.897s][info][gc,phases      ] GC(839) Post Compact 3.896ms
[154.897s][info][gc,heap        ] GC(839) PSYoungGen: 116736K(232960K)->102226K(232960K) Eden: 116736K(116736K)->102226K(116736K) From: 0K(116224K)->0K(116224K)
[154.897s][info][gc,heap        ] GC(839) ParOldGen: 698833K(699392K)->698825K(699392K)
[154.897s][info][gc,metaspace   ] GC(839) Metaspace: 115568K(126912K)->115568K(126912K) NonClass: 98723K(105600K)->98723K(105600K) Class: 16844K(21312K)->16844K(21312K)
[154.897s][info][gc             ] GC(839) Pause Full (Ergonomics) 796M->782M(910M) 45.580ms
[154.897s][info][gc,cpu         ] GC(839) User=0.36s Sys=0.00s Real=0.05s
[154.899s][info][gc,start       ] GC(840) Pause Full (Ergonomics)
[154.899s][info][gc,phases,start] GC(840) Marking Phase
[154.937s][info][gc,phases      ] GC(840) Marking Phase 37.428ms
[154.937s][info][gc,phases,start] GC(840) Summary Phase
[154.937s][info][gc,phases      ] GC(840) Summary Phase 0.025ms
[154.937s][info][gc,phases,start] GC(840) Adjust Roots
[154.939s][info][gc,phases      ] GC(840) Adjust Roots 2.779ms
[154.940s][info][gc,phases,start] GC(840) Compaction Phase
[154.947s][info][gc,phases      ] GC(840) Compaction Phase 7.265ms
[154.947s][info][gc,phases,start] GC(840) Post Compact
[154.951s][info][gc,phases      ] GC(840) Post Compact 3.980ms
[154.951s][info][gc,heap        ] GC(840) PSYoungGen: 116736K(232960K)->102180K(232960K) Eden: 116736K(116736K)->102180K(116736K) From: 0K(116224K)->0K(116224K)
[154.951s][info][gc,heap        ] GC(840) ParOldGen: 698825K(699392K)->698825K(699392K)
[154.951s][info][gc,metaspace   ] GC(840) Metaspace: 115568K(126912K)->115568K(126912K) NonClass: 98723K(105600K)->98723K(105600K) Class: 16844K(21312K)->16844K(21312K)
[154.951s][info][gc             ] GC(840) Pause Full (Ergonomics) 796M->782M(910M) 51.734ms
[154.951s][info][gc,cpu         ] GC(840) User=0.75s Sys=0.02s Real=0.05s
[154.953s][info][gc,start       ] GC(841) Pause Full (Ergonomics)
[154.953s][info][gc,phases,start] GC(841) Marking Phase
[154.990s][info][gc,phases      ] GC(841) Marking Phase 36.137ms
[154.990s][info][gc,phases,start] GC(841) Summary Phase
[154.990s][info][gc,phases      ] GC(841) Summary Phase 0.028ms
[154.990s][info][gc,phases,start] GC(841) Adjust Roots
[154.992s][info][gc,phases      ] GC(841) Adjust Roots 2.793ms
[154.993s][info][gc,phases,start] GC(841) Compaction Phase
[155.001s][info][gc,phases      ] GC(841) Compaction Phase 8.372ms
[155.001s][info][gc,phases,start] GC(841) Post Compact
[155.005s][info][gc,phases      ] GC(841) Post Compact 4.165ms
[155.005s][info][gc,heap        ] GC(841) PSYoungGen: 116735K(232960K)->102150K(232960K) Eden: 116735K(116736K)->102150K(116736K) From: 0K(116224K)->0K(116224K)
[155.005s][info][gc,heap        ] GC(841) ParOldGen: 698825K(699392K)->698825K(699392K)
[155.005s][info][gc,metaspace   ] GC(841) Metaspace: 115568K(126912K)->115568K(126912K) NonClass: 98723K(105600K)->98723K(105600K) Class: 16844K(21312K)->16844K(21312K)
[155.005s][info][gc             ] GC(841) Pause Full (Ergonomics) 796M->782M(910M) 51.813ms
[155.005s][info][gc,cpu         ] GC(841) User=0.73s Sys=0.00s Real=0.04s
[155.008s][info][gc,start       ] GC(842) Pause Full (Ergonomics)
[155.008s][info][gc,phases,start] GC(842) Marking Phase
[155.043s][info][gc,phases      ] GC(842) Marking Phase 34.723ms
[155.043s][info][gc,phases,start] GC(842) Summary Phase
[155.043s][info][gc,phases      ] GC(842) Summary Phase 0.026ms
[155.043s][info][gc,phases,start] GC(842) Adjust Roots
[155.046s][info][gc,phases      ] GC(842) Adjust Roots 2.853ms
[155.046s][info][gc,phases,start] GC(842) Compaction Phase
[155.053s][info][gc,phases      ] GC(842) Compaction Phase 7.029ms
[155.053s][info][gc,phases,start] GC(842) Post Compact
[155.056s][info][gc,phases      ] GC(842) Post Compact 3.777ms
[155.057s][info][gc,heap        ] GC(842) PSYoungGen: 116736K(232960K)->102183K(232960K) Eden: 116736K(116736K)->102183K(116736K) From: 0K(116224K)->0K(116224K)
[155.057s][info][gc,heap        ] GC(842) ParOldGen: 698825K(699392K)->698825K(699392K)
[155.057s][info][gc,metaspace   ] GC(842) Metaspace: 115568K(126912K)->115568K(126912K) NonClass: 98723K(105600K)->98723K(105600K) Class: 16844K(21312K)->16844K(21312K)
[155.057s][info][gc             ] GC(842) Pause Full (Ergonomics) 796M->782M(910M) 48.669ms
[155.057s][info][gc,cpu         ] GC(842) User=0.69s Sys=0.00s Real=0.05s
[155.059s][info][gc,start       ] GC(843) Pause Full (Ergonomics)
[155.059s][info][gc,phases,start] GC(843) Marking Phase
[155.088s][info][gc,phases      ] GC(843) Marking Phase 28.838ms
[155.088s][info][gc,phases,start] GC(843) Summary Phase
[155.088s][info][gc,phases      ] GC(843) Summary Phase 0.027ms
[155.088s][info][gc,phases,start] GC(843) Adjust Roots
[155.091s][info][gc,phases      ] GC(843) Adjust Roots 2.776ms
[155.091s][info][gc,phases,start] GC(843) Compaction Phase
[155.099s][info][gc,phases      ] GC(843) Compaction Phase 7.960ms
[155.099s][info][gc,phases,start] GC(843) Post Compact
[155.103s][info][gc,phases      ] GC(843) Post Compact 4.024ms
[155.103s][info][gc,heap        ] GC(843) PSYoungGen: 116736K(232960K)->102245K(232960K) Eden: 116736K(116736K)->102245K(116736K) From: 0K(116224K)->0K(116224K)
[155.103s][info][gc,heap        ] GC(843) ParOldGen: 698825K(699392K)->698825K(699392K)
[155.103s][info][gc,metaspace   ] GC(843) Metaspace: 115568K(126912K)->115568K(126912K) NonClass: 98723K(105600K)->98723K(105600K) Class: 16844K(21312K)->16844K(21312K)
[155.103s][info][gc             ] GC(843) Pause Full (Ergonomics) 796M->782M(910M) 43.909ms
[155.103s][info][gc,cpu         ] GC(843) User=0.66s Sys=0.00s Real=0.03s
[155.106s][info][gc,start       ] GC(844) Pause Full (Ergonomics)
[155.106s][info][gc,phases,start] GC(844) Marking Phase
[155.142s][info][gc,phases      ] GC(844) Marking Phase 36.693ms
[155.142s][info][gc,phases,start] GC(844) Summary Phase
[155.142s][info][gc,phases      ] GC(844) Summary Phase 0.041ms
[155.142s][info][gc,phases,start] GC(844) Adjust Roots
[155.146s][info][gc,phases      ] GC(844) Adjust Roots 3.262ms
[155.146s][info][gc,phases,start] GC(844) Compaction Phase
[155.158s][info][gc,phases      ] GC(844) Compaction Phase 12.233ms
[155.158s][info][gc,phases,start] GC(844) Post Compact
[155.162s][info][gc,phases      ] GC(844) Post Compact 4.254ms
[155.162s][info][gc,heap        ] GC(844) PSYoungGen: 116736K(232960K)->102204K(232960K) Eden: 116736K(116736K)->102204K(116736K) From: 0K(116224K)->0K(116224K)
[155.162s][info][gc,heap        ] GC(844) ParOldGen: 698828K(699392K)->698825K(699392K)
[155.162s][info][gc,metaspace   ] GC(844) Metaspace: 115568K(126912K)->115568K(126912K) NonClass: 98723K(105600K)->98723K(105600K) Class: 16844K(21312K)->16844K(21312K)
[155.162s][info][gc             ] GC(844) Pause Full (Ergonomics) 796M->782M(910M) 56.776ms
[155.162s][info][gc,cpu         ] GC(844) User=0.72s Sys=0.00s Real=0.05s
[155.165s][info][gc,start       ] GC(845) Pause Full (Ergonomics)
[155.166s][info][gc,phases,start] GC(845) Marking Phase
[155.190s][info][gc,phases      ] GC(845) Marking Phase 24.135ms
[155.190s][info][gc,phases,start] GC(845) Summary Phase
[155.190s][info][gc,phases      ] GC(845) Summary Phase 0.027ms
[155.190s][info][gc,phases,start] GC(845) Adjust Roots
[155.193s][info][gc,phases      ] GC(845) Adjust Roots 2.773ms
[155.193s][info][gc,phases,start] GC(845) Compaction Phase
[155.201s][info][gc,phases      ] GC(845) Compaction Phase 8.270ms
[155.201s][info][gc,phases,start] GC(845) Post Compact
[155.205s][info][gc,phases      ] GC(845) Post Compact 3.861ms
[155.205s][info][gc,heap        ] GC(845) PSYoungGen: 116736K(232960K)->102281K(232960K) Eden: 116736K(116736K)->102281K(116736K) From: 0K(116224K)->0K(116224K)
[155.205s][info][gc,heap        ] GC(845) ParOldGen: 698835K(699392K)->698829K(699392K)
[155.205s][info][gc,metaspace   ] GC(845) Metaspace: 115568K(126912K)->115568K(126912K) NonClass: 98723K(105600K)->98723K(105600K) Class: 16844K(21312K)->16844K(21312K)
[155.205s][info][gc             ] GC(845) Pause Full (Ergonomics) 796M->782M(910M) 39.316ms
[155.205s][info][gc,cpu         ] GC(845) User=0.45s Sys=0.00s Real=0.03s
[155.207s][info][gc,start       ] GC(846) Pause Full (Ergonomics)
[155.207s][info][gc,phases,start] GC(846) Marking Phase
[155.256s][info][gc,phases      ] GC(846) Marking Phase 49.267ms
[155.256s][info][gc,phases,start] GC(846) Summary Phase
[155.256s][info][gc,phases      ] GC(846) Summary Phase 0.027ms
[155.256s][info][gc,phases,start] GC(846) Adjust Roots
[155.259s][info][gc,phases      ] GC(846) Adjust Roots 2.897ms
[155.259s][info][gc,phases,start] GC(846) Compaction Phase
[155.266s][info][gc,phases      ] GC(846) Compaction Phase 7.086ms
[155.266s][info][gc,phases,start] GC(846) Post Compact
[155.270s][info][gc,phases      ] GC(846) Post Compact 3.898ms
[155.270s][info][gc,heap        ] GC(846) PSYoungGen: 115247K(232960K)->105327K(232960K) Eden: 115247K(116736K)->105327K(116736K) From: 0K(116224K)->0K(116224K)
[155.270s][info][gc,heap        ] GC(846) ParOldGen: 698829K(699392K)->698825K(699392K)
[155.270s][info][gc,metaspace   ] GC(846) Metaspace: 115568K(126912K)->115568K(126912K) NonClass: 98723K(105600K)->98723K(105600K) Class: 16844K(21312K)->16844K(21312K)
[155.270s][info][gc             ] GC(846) Pause Full (Ergonomics) 794M->785M(910M) 63.391ms
[155.270s][info][gc,cpu         ] GC(846) User=1.34s Sys=0.00s Real=0.06s
[155.272s][info][gc,start       ] GC(847) Pause Full (Ergonomics)
[155.272s][info][gc,phases,start] GC(847) Marking Phase
[155.305s][info][gc,phases      ] GC(847) Marking Phase 33.175ms
[155.305s][info][gc,phases,start] GC(847) Summary Phase
[155.305s][info][gc,phases      ] GC(847) Summary Phase 0.026ms
[155.305s][info][gc,phases,start] GC(847) Adjust Roots
[155.308s][info][gc,phases      ] GC(847) Adjust Roots 2.791ms
[155.308s][info][gc,phases,start] GC(847) Compaction Phase
[155.320s][info][gc,phases      ] GC(847) Compaction Phase 11.749ms
[155.320s][info][gc,phases,start] GC(847) Post Compact
[155.324s][info][gc,phases      ] GC(847) Post Compact 4.290ms
[155.324s][info][gc,heap        ] GC(847) PSYoungGen: 116735K(232960K)->106863K(232960K) Eden: 116735K(116736K)->106863K(116736K) From: 0K(116224K)->0K(116224K)
[155.324s][info][gc,heap        ] GC(847) ParOldGen: 698825K(699392K)->698825K(699392K)
[155.324s][info][gc,metaspace   ] GC(847) Metaspace: 115574K(126912K)->115574K(126912K) NonClass: 98726K(105600K)->98726K(105600K) Class: 16847K(21312K)->16847K(21312K)
[155.324s][info][gc             ] GC(847) Pause Full (Ergonomics) 796M->786M(910M) 52.424ms
[155.324s][info][gc,cpu         ] GC(847) User=0.38s Sys=0.00s Real=0.05s
[155.326s][info][gc,start       ] GC(848) Pause Full (Ergonomics)
[155.326s][info][gc,phases,start] GC(848) Marking Phase
[155.352s][info][gc,phases      ] GC(848) Marking Phase 26.085ms
[155.353s][info][gc,phases,start] GC(848) Summary Phase
[155.353s][info][gc,phases      ] GC(848) Summary Phase 0.025ms
[155.353s][info][gc,phases,start] GC(848) Adjust Roots
[155.356s][info][gc,phases      ] GC(848) Adjust Roots 3.154ms
[155.356s][info][gc,phases,start] GC(848) Compaction Phase
[155.364s][info][gc,phases      ] GC(848) Compaction Phase 8.715ms
[155.364s][info][gc,phases,start] GC(848) Post Compact
[155.369s][info][gc,phases      ] GC(848) Post Compact 4.094ms
[155.369s][info][gc,heap        ] GC(848) PSYoungGen: 116735K(232960K)->105341K(232960K) Eden: 116735K(116736K)->105341K(116736K) From: 0K(116224K)->0K(116224K)
[155.369s][info][gc,heap        ] GC(848) ParOldGen: 698825K(699392K)->698825K(699392K)
[155.369s][info][gc,metaspace   ] GC(848) Metaspace: 115574K(126912K)->115574K(126912K) NonClass: 98726K(105600K)->98726K(105600K) Class: 16847K(21312K)->16847K(21312K)
[155.369s][info][gc             ] GC(848) Pause Full (Ergonomics) 796M->785M(910M) 42.333ms
[155.369s][info][gc,cpu         ] GC(848) User=0.66s Sys=0.00s Real=0.03s
[155.371s][info][gc,start       ] GC(849) Pause Full (Ergonomics)
[155.371s][info][gc,phases,start] GC(849) Marking Phase
[155.400s][info][gc,phases      ] GC(849) Marking Phase 29.450ms
[155.400s][info][gc,phases,start] GC(849) Summary Phase
[155.400s][info][gc,phases      ] GC(849) Summary Phase 0.027ms
[155.400s][info][gc,phases,start] GC(849) Adjust Roots
[155.403s][info][gc,phases      ] GC(849) Adjust Roots 2.936ms
[155.403s][info][gc,phases,start] GC(849) Compaction Phase
[155.412s][info][gc,phases      ] GC(849) Compaction Phase 8.631ms
[155.412s][info][gc,phases,start] GC(849) Post Compact
[155.416s][info][gc,phases      ] GC(849) Post Compact 3.735ms
[155.416s][info][gc,heap        ] GC(849) PSYoungGen: 116736K(232960K)->105342K(232960K) Eden: 116736K(116736K)->105342K(116736K) From: 0K(116224K)->0K(116224K)
[155.416s][info][gc,heap        ] GC(849) ParOldGen: 698825K(699392K)->698825K(699392K)
[155.416s][info][gc,metaspace   ] GC(849) Metaspace: 115574K(126912K)->115574K(126912K) NonClass: 98726K(105600K)->98726K(105600K) Class: 16847K(21312K)->16847K(21312K)
[155.416s][info][gc             ] GC(849) Pause Full (Ergonomics) 796M->785M(910M) 45.031ms
[155.416s][info][gc,cpu         ] GC(849) User=0.36s Sys=0.00s Real=0.05s
[155.418s][info][gc,start       ] GC(850) Pause Full (Ergonomics)
[155.418s][info][gc,phases,start] GC(850) Marking Phase
[155.446s][info][gc,phases      ] GC(850) Marking Phase 28.003ms
[155.446s][info][gc,phases,start] GC(850) Summary Phase
[155.446s][info][gc,phases      ] GC(850) Summary Phase 0.025ms
[155.446s][info][gc,phases,start] GC(850) Adjust Roots
[155.449s][info][gc,phases      ] GC(850) Adjust Roots 2.817ms
[155.449s][info][gc,phases,start] GC(850) Compaction Phase
[155.456s][info][gc,phases      ] GC(850) Compaction Phase 6.467ms
[155.456s][info][gc,phases,start] GC(850) Post Compact
[155.460s][info][gc,phases      ] GC(850) Post Compact 3.944ms
[155.460s][info][gc,heap        ] GC(850) PSYoungGen: 116736K(232960K)->105310K(232960K) Eden: 116736K(116736K)->105310K(116736K) From: 0K(116224K)->0K(116224K)
[155.460s][info][gc,heap        ] GC(850) ParOldGen: 698825K(699392K)->698825K(699392K)
[155.460s][info][gc,metaspace   ] GC(850) Metaspace: 115576K(126912K)->115576K(126912K) NonClass: 98728K(105600K)->98728K(105600K) Class: 16847K(21312K)->16847K(21312K)
[155.460s][info][gc             ] GC(850) Pause Full (Ergonomics) 796M->785M(910M) 41.593ms
[155.460s][info][gc,cpu         ] GC(850) User=0.34s Sys=0.00s Real=0.03s
[155.462s][info][gc,start       ] GC(851) Pause Full (Ergonomics)
[155.462s][info][gc,phases,start] GC(851) Marking Phase
[155.486s][info][gc,phases      ] GC(851) Marking Phase 24.399ms
[155.486s][info][gc,phases,start] GC(851) Summary Phase
[155.486s][info][gc,phases      ] GC(851) Summary Phase 0.026ms
[155.486s][info][gc,phases,start] GC(851) Adjust Roots
[155.489s][info][gc,phases      ] GC(851) Adjust Roots 2.783ms
[155.489s][info][gc,phases,start] GC(851) Compaction Phase
[155.496s][info][gc,phases      ] GC(851) Compaction Phase 6.950ms
[155.496s][info][gc,phases,start] GC(851) Post Compact
[155.500s][info][gc,phases      ] GC(851) Post Compact 3.981ms
[155.500s][info][gc,heap        ] GC(851) PSYoungGen: 116736K(232960K)->105337K(232960K) Eden: 116736K(116736K)->105337K(116736K) From: 0K(116224K)->0K(116224K)
[155.500s][info][gc,heap        ] GC(851) ParOldGen: 698827K(699392K)->698827K(699392K)
[155.500s][info][gc,metaspace   ] GC(851) Metaspace: 115576K(126912K)->115576K(126912K) NonClass: 98728K(105600K)->98728K(105600K) Class: 16847K(21312K)->16847K(21312K)
[155.500s][info][gc             ] GC(851) Pause Full (Ergonomics) 796M->785M(910M) 38.359ms
[155.500s][info][gc,cpu         ] GC(851) User=0.72s Sys=0.00s Real=0.05s
[155.503s][info][gc,start       ] GC(852) Pause Full (Ergonomics)
[155.503s][info][gc,phases,start] GC(852) Marking Phase
[155.535s][info][gc,phases      ] GC(852) Marking Phase 31.936ms
[155.535s][info][gc,phases,start] GC(852) Summary Phase
[155.535s][info][gc,phases      ] GC(852) Summary Phase 0.025ms
[155.535s][info][gc,phases,start] GC(852) Adjust Roots
[155.538s][info][gc,phases      ] GC(852) Adjust Roots 3.067ms
[155.538s][info][gc,phases,start] GC(852) Compaction Phase
[155.546s][info][gc,phases      ] GC(852) Compaction Phase 7.912ms
[155.546s][info][gc,phases,start] GC(852) Post Compact
[155.550s][info][gc,phases      ] GC(852) Post Compact 4.176ms
[155.550s][info][gc,heap        ] GC(852) PSYoungGen: 116736K(232960K)->105326K(232960K) Eden: 116736K(116736K)->105326K(116736K) From: 0K(116224K)->0K(116224K)
[155.550s][info][gc,heap        ] GC(852) ParOldGen: 698849K(699392K)->698835K(699392K)
[155.550s][info][gc,metaspace   ] GC(852) Metaspace: 115576K(126912K)->115576K(126912K) NonClass: 98728K(105600K)->98728K(105600K) Class: 16847K(21312K)->16847K(21312K)
[155.550s][info][gc             ] GC(852) Pause Full (Ergonomics) 796M->785M(910M) 47.350ms
[155.550s][info][gc,cpu         ] GC(852) User=0.36s Sys=0.00s Real=0.05s
[155.552s][info][gc,start       ] GC(853) Pause Full (Ergonomics)
[155.552s][info][gc,phases,start] GC(853) Marking Phase
[155.589s][info][gc,phases      ] GC(853) Marking Phase 36.559ms
[155.589s][info][gc,phases,start] GC(853) Summary Phase
[155.589s][info][gc,phases      ] GC(853) Summary Phase 0.029ms
[155.589s][info][gc,phases,start] GC(853) Adjust Roots
[155.592s][info][gc,phases      ] GC(853) Adjust Roots 3.048ms
[155.592s][info][gc,phases,start] GC(853) Compaction Phase
[155.634s][info][gc,phases      ] GC(853) Compaction Phase 41.551ms
[155.634s][info][gc,phases,start] GC(853) Post Compact
[155.638s][info][gc,phases      ] GC(853) Post Compact 4.018ms
[155.638s][info][gc,heap        ] GC(853) PSYoungGen: 116736K(232960K)->105359K(232960K) Eden: 116736K(116736K)->105359K(116736K) From: 0K(116224K)->0K(116224K)
[155.638s][info][gc,heap        ] GC(853) ParOldGen: 698835K(699392K)->698681K(699392K)
[155.638s][info][gc,metaspace   ] GC(853) Metaspace: 115576K(126912K)->115576K(126912K) NonClass: 98729K(105600K)->98729K(105600K) Class: 16847K(21312K)->16847K(21312K)
[155.638s][info][gc             ] GC(853) Pause Full (Ergonomics) 796M->785M(910M) 85.473ms
[155.638s][info][gc,cpu         ] GC(853) User=1.66s Sys=0.00s Real=0.08s
[155.640s][info][gc,start       ] GC(854) Pause Full (Ergonomics)
[155.640s][info][gc,phases,start] GC(854) Marking Phase
[155.672s][info][gc,phases      ] GC(854) Marking Phase 31.654ms
[155.686s][info][gc,phases,start] GC(854) Summary Phase
[155.687s][info][gc,phases      ] GC(854) Summary Phase 0.078ms
[155.687s][info][gc,phases,start] GC(854) Adjust Roots
[155.691s][info][gc,phases      ] GC(854) Adjust Roots 4.549ms
[155.691s][info][gc,phases,start] GC(854) Compaction Phase
[155.711s][info][gc,phases      ] GC(854) Compaction Phase 19.765ms
[155.711s][info][gc,phases,start] GC(854) Post Compact
[155.716s][info][gc,phases      ] GC(854) Post Compact 4.758ms
[155.716s][info][gc,heap        ] GC(854) PSYoungGen: 116735K(232960K)->105337K(232960K) Eden: 116735K(116736K)->105337K(116736K) From: 0K(116224K)->0K(116224K)
[155.716s][info][gc,heap        ] GC(854) ParOldGen: 698681K(699392K)->698681K(699392K)
[155.716s][info][gc,metaspace   ] GC(854) Metaspace: 115576K(126912K)->115576K(126912K) NonClass: 98729K(105600K)->98729K(105600K) Class: 16847K(21312K)->16847K(21312K)
[155.716s][info][gc             ] GC(854) Pause Full (Ergonomics) 796M->785M(910M) 75.999ms
[155.716s][info][gc,cpu         ] GC(854) User=0.45s Sys=0.00s Real=0.06s
[155.718s][info][gc,heap,exit   ] Heap
[155.718s][info][gc,heap,exit   ]  PSYoungGen      total 232960K, used 115701K [0x00000000eab00000, 0x0000000100000000, 0x0000000100000000)
[155.718s][info][gc,heap,exit   ]   eden space 116736K, 99% used [0x00000000eab00000,0x00000000f1c4b420,0x00000000f1d00000)
[155.718s][info][gc,heap,exit   ]   from space 116224K, 0% used [0x00000000f8e80000,0x00000000f8e80000,0x0000000100000000)
[155.718s][info][gc,heap,exit   ]   to   space 116224K, 0% used [0x00000000f1d00000,0x00000000f1d00000,0x00000000f8e80000)
[155.718s][info][gc,heap,exit   ]  ParOldGen       total 699392K, used 698681K [0x00000000c0000000, 0x00000000eab00000, 0x00000000eab00000)
[155.718s][info][gc,heap,exit   ]   object space 699392K, 99% used [0x00000000c0000000,0x00000000eaa4e7e0,0x00000000eab00000)
[155.718s][info][gc,heap,exit   ]  Metaspace       used 115576K, committed 126912K, reserved 1179648K
[155.719s][info][gc,heap,exit   ]   class space    used 16847K, committed 21312K, reserved 1048576K
[155.719s][info][gc,start       ] GC(855) Pause Full (Ergonomics)
[155.719s][info][gc,phases,start] GC(855) Marking Phase
[155.761s][info][gc,phases      ] GC(855) Marking Phase 41.933ms
[155.761s][info][gc,phases,start] GC(855) Summary Phase
[155.761s][info][gc,phases      ] GC(855) Summary Phase 0.029ms
[155.761s][info][gc,phases,start] GC(855) Adjust Roots
[155.764s][info][gc,phases      ] GC(855) Adjust Roots 2.997ms
[155.764s][info][gc,phases,start] GC(855) Compaction Phase
[155.806s][info][gc,phases      ] GC(855) Compaction Phase 41.641ms
[155.806s][info][gc,phases,start] GC(855) Post Compact
[155.810s][info][gc,phases      ] GC(855) Post Compact 4.019ms
[155.810s][info][gc,heap        ] GC(855) PSYoungGen: 116736K(232960K)->105307K(232960K) Eden: 116736K(116736K)->105307K(116736K) From: 0K(116224K)->0K(116224K)
[155.810s][info][gc,heap        ] GC(855) ParOldGen: 698681K(699392K)->698680K(699392K)
[155.810s][info][gc,metaspace   ] GC(855) Metaspace: 115576K(126912K)->115576K(126912K) NonClass: 98729K(105600K)->98729K(105600K) Class: 16847K(21312K)->16847K(21312K)
[155.810s][info][gc             ] GC(855) Pause Full (Ergonomics) 796M->785M(910M) 90.902ms
[155.810s][info][gc,cpu         ] GC(855) User=1.39s Sys=0.00s Real=0.08s
