[0.009s][info][gc,init] CardTable entry size: 512
[0.009s][info][gc     ] Using Serial
[0.015s][info][gc,init] Version: 20+36-2344 (release)
[0.015s][info][gc,init] CPUs: 48 total, 48 available
[0.015s][info][gc,init] Memory: 382G
[0.015s][info][gc,init] Large Page Support: Disabled
[0.015s][info][gc,init] NUMA Support: Disabled
[0.015s][info][gc,init] Compressed Oops: Enabled (Zero based)
[0.015s][info][gc,init] Heap Min Capacity: 8M
[0.015s][info][gc,init] Heap Initial Capacity: 2G
[0.015s][info][gc,init] Heap Max Capacity: 4G
[0.015s][info][gc,init] Pre-touch: Disabled
[0.028s][info][gc,metaspace] CDS archive(s) mapped at: [0x0000000800000000-0x0000000800c60000-0x0000000800c60000), size 12976128, SharedBaseAddress: 0x0000000800000000, ArchiveRelocationMode: 0.
[0.028s][info][gc,metaspace] Compressed class space mapped at: 0x0000000801000000-0x0000000841000000, reserved size: 1073741824
[0.028s][info][gc,metaspace] Narrow klass base: 0x0000000800000000, Narrow klass shift: 0, Narrow klass range: 0x100000000
[13.079s][info][gc,start    ] GC(0) Pause Full (Metadata GC Threshold)
[13.079s][info][gc,phases,start] GC(0) Phase 1: Mark live objects
[13.100s][info][gc,phases      ] GC(0) Phase 1: Mark live objects 21.309ms
[13.100s][info][gc,phases,start] GC(0) Phase 2: Compute new object addresses
[13.110s][info][gc,phases      ] GC(0) Phase 2: Compute new object addresses 9.940ms
[13.110s][info][gc,phases,start] GC(0) Phase 3: Adjust pointers
[13.118s][info][gc,phases      ] GC(0) Phase 3: Adjust pointers 7.511ms
[13.118s][info][gc,phases,start] GC(0) Phase 4: Move objects
[13.129s][info][gc,phases      ] GC(0) Phase 4: Move objects 10.673ms
[13.130s][info][gc,heap        ] GC(0) DefNew: 223780K(629120K)->0K(629248K) Eden: 223780K(559232K)->0K(559360K) From: 0K(69888K)->0K(69888K)
[13.130s][info][gc,heap        ] GC(0) Tenured: 0K(1398144K)->18046K(1398144K)
[13.130s][info][gc,metaspace   ] GC(0) Metaspace: 21270K(21504K)->21270K(21504K) NonClass: 18551K(18688K)->18551K(18688K) Class: 2718K(2816K)->2718K(2816K)
[13.130s][info][gc             ] GC(0) Pause Full (Metadata GC Threshold) 218M->17M(1979M) 51.425ms
[13.130s][info][gc,cpu         ] GC(0) User=0.05s Sys=0.00s Real=0.05s
[13.995s][info][gc,start       ] GC(1) Pause Full (Metadata GC Threshold)
[13.995s][info][gc,phases,start] GC(1) Phase 1: Mark live objects
[14.024s][info][gc,phases      ] GC(1) Phase 1: Mark live objects 29.443ms
[14.024s][info][gc,phases,start] GC(1) Phase 2: Compute new object addresses
[14.034s][info][gc,phases      ] GC(1) Phase 2: Compute new object addresses 10.071ms
[14.034s][info][gc,phases,start] GC(1) Phase 3: Adjust pointers
[14.045s][info][gc,phases      ] GC(1) Phase 3: Adjust pointers 10.570ms
[14.045s][info][gc,phases,start] GC(1) Phase 4: Move objects
[14.049s][info][gc,phases      ] GC(1) Phase 4: Move objects 3.671ms
[14.049s][info][gc,heap        ] GC(1) DefNew: 311036K(629248K)->0K(629248K) Eden: 311036K(559360K)->0K(559360K) From: 0K(69888K)->0K(69888K)
[14.049s][info][gc,heap        ] GC(1) Tenured: 18046K(1398144K)->23236K(1398144K)
[14.049s][info][gc,metaspace   ] GC(1) Metaspace: 35449K(35840K)->35449K(35840K) NonClass: 30971K(31168K)->30971K(31168K) Class: 4477K(4672K)->4477K(4672K)
[14.049s][info][gc             ] GC(1) Pause Full (Metadata GC Threshold) 321M->22M(1979M) 54.733ms
[14.049s][info][gc,cpu         ] GC(1) User=0.05s Sys=0.00s Real=0.05s
[103.075s][info][gc,start       ] GC(2) Pause Full (Metadata GC Threshold)
[103.075s][info][gc,phases,start] GC(2) Phase 1: Mark live objects
[103.113s][info][gc,phases      ] GC(2) Phase 1: Mark live objects 37.200ms
[103.113s][info][gc,phases,start] GC(2) Phase 2: Compute new object addresses
[103.138s][info][gc,phases      ] GC(2) Phase 2: Compute new object addresses 24.845ms
[103.138s][info][gc,phases,start] GC(2) Phase 3: Adjust pointers
[103.156s][info][gc,phases      ] GC(2) Phase 3: Adjust pointers 18.577ms
[103.156s][info][gc,phases,start] GC(2) Phase 4: Move objects
[103.162s][info][gc,phases      ] GC(2) Phase 4: Move objects 5.303ms
[103.163s][info][gc,heap        ] GC(2) DefNew: 378177K(629248K)->0K(629248K) Eden: 378177K(559360K)->0K(559360K) From: 0K(69888K)->0K(69888K)
[103.163s][info][gc,heap        ] GC(2) Tenured: 23236K(1398144K)->29267K(1398144K)
[103.163s][info][gc,metaspace   ] GC(2) Metaspace: 59242K(59776K)->59242K(59776K) NonClass: 52007K(52288K)->52007K(52288K) Class: 7234K(7488K)->7234K(7488K)
[103.163s][info][gc             ] GC(2) Pause Full (Metadata GC Threshold) 392M->28M(1979M) 87.650ms
[103.163s][info][gc,cpu         ] GC(2) User=0.17s Sys=0.02s Real=0.09s
[104.620s][info][gc,start       ] GC(3) Pause Full (System.gc())
[104.620s][info][gc,phases,start] GC(3) Phase 1: Mark live objects
[104.658s][info][gc,phases      ] GC(3) Phase 1: Mark live objects 37.636ms
[104.658s][info][gc,phases,start] GC(3) Phase 2: Compute new object addresses
[104.675s][info][gc,phases      ] GC(3) Phase 2: Compute new object addresses 16.875ms
[104.675s][info][gc,phases,start] GC(3) Phase 3: Adjust pointers
[104.696s][info][gc,phases      ] GC(3) Phase 3: Adjust pointers 21.624ms
[104.696s][info][gc,phases,start] GC(3) Phase 4: Move objects
[104.709s][info][gc,phases      ] GC(3) Phase 4: Move objects 12.149ms
[104.710s][info][gc,heap        ] GC(3) DefNew: 109305K(629248K)->0K(629248K) Eden: 109305K(559360K)->0K(559360K) From: 0K(69888K)->0K(69888K)
[104.710s][info][gc,heap        ] GC(3) Tenured: 29267K(1398144K)->34742K(1398144K)
[104.710s][info][gc,metaspace   ] GC(3) Metaspace: 84467K(84992K)->84467K(84992K) NonClass: 73983K(74240K)->73983K(74240K) Class: 10483K(10752K)->10483K(10752K)
[104.710s][info][gc             ] GC(3) Pause Full (System.gc()) 135M->33M(1979M) 89.852ms
[104.710s][info][gc,cpu         ] GC(3) User=0.08s Sys=0.00s Real=0.08s
[107.670s][info][gc,start       ] GC(4) Pause Young (Allocation Failure)
[107.738s][info][gc,heap        ] GC(4) DefNew: 559360K(629248K)->36425K(629248K) Eden: 559360K(559360K)->0K(559360K) From: 0K(69888K)->36425K(69888K)
[107.738s][info][gc,heap        ] GC(4) Tenured: 34742K(1398144K)->34742K(1398144K)
[107.738s][info][gc,metaspace   ] GC(4) Metaspace: 124120K(130688K)->124120K(130688K) NonClass: 105000K(108672K)->105000K(108672K) Class: 19120K(22016K)->19120K(22016K)
[107.738s][info][gc             ] GC(4) Pause Young (Allocation Failure) 580M->69M(1979M) 67.552ms
[107.738s][info][gc,cpu         ] GC(4) User=0.09s Sys=0.00s Real=0.08s
[107.951s][info][gc,start       ] GC(5) Pause Young (Allocation Failure)
[108.001s][info][gc,heap        ] GC(5) DefNew: 595777K(629248K)->23050K(629248K) Eden: 559351K(559360K)->0K(559360K) From: 36425K(69888K)->23050K(69888K)
[108.001s][info][gc,heap        ] GC(5) Tenured: 34742K(1398144K)->61084K(1398144K)
[108.001s][info][gc,metaspace   ] GC(5) Metaspace: 124123K(130688K)->124123K(130688K) NonClass: 105003K(108672K)->105003K(108672K) Class: 19120K(22016K)->19120K(22016K)
[108.001s][info][gc             ] GC(5) Pause Young (Allocation Failure) 615M->82M(1979M) 50.464ms
[108.001s][info][gc,cpu         ] GC(5) User=0.05s Sys=0.00s Real=0.05s
[108.061s][info][gc,start       ] GC(6) Pause Young (Allocation Failure)
[108.074s][info][gc,heap        ] GC(6) DefNew: 582410K(629248K)->37068K(629248K) Eden: 559360K(559360K)->0K(559360K) From: 23050K(69888K)->37068K(69888K)
[108.074s][info][gc,heap        ] GC(6) Tenured: 61084K(1398144K)->61084K(1398144K)
[108.074s][info][gc,metaspace   ] GC(6) Metaspace: 124139K(130688K)->124139K(130688K) NonClass: 105018K(108672K)->105018K(108672K) Class: 19120K(22016K)->19120K(22016K)
[108.074s][info][gc             ] GC(6) Pause Young (Allocation Failure) 628M->95M(1979M) 12.365ms
[108.074s][info][gc,cpu         ] GC(6) User=0.00s Sys=0.00s Real=0.00s
[108.128s][info][gc,start       ] GC(7) Pause Young (Allocation Failure)
[108.158s][info][gc,heap        ] GC(7) DefNew: 596428K(629248K)->67664K(629248K) Eden: 559360K(559360K)->0K(559360K) From: 37068K(69888K)->67664K(69888K)
[108.158s][info][gc,heap        ] GC(7) Tenured: 61084K(1398144K)->62210K(1398144K)
[108.158s][info][gc,metaspace   ] GC(7) Metaspace: 124146K(130688K)->124146K(130688K) NonClass: 105025K(108672K)->105025K(108672K) Class: 19120K(22016K)->19120K(22016K)
[108.158s][info][gc             ] GC(7) Pause Young (Allocation Failure) 642M->126M(1979M) 29.697ms
[108.158s][info][gc,cpu         ] GC(7) User=0.00s Sys=0.03s Real=0.03s
[108.213s][info][gc,start       ] GC(8) Pause Young (Allocation Failure)
[108.248s][info][gc,heap        ] GC(8) DefNew: 627024K(629248K)->9881K(629248K) Eden: 559360K(559360K)->0K(559360K) From: 67664K(69888K)->9881K(69888K)
[108.248s][info][gc,heap        ] GC(8) Tenured: 62210K(1398144K)->126276K(1398144K)
[108.248s][info][gc,metaspace   ] GC(8) Metaspace: 124146K(130688K)->124146K(130688K) NonClass: 105025K(108672K)->105025K(108672K) Class: 19120K(22016K)->19120K(22016K)
[108.248s][info][gc             ] GC(8) Pause Young (Allocation Failure) 673M->132M(1979M) 34.636ms
[108.248s][info][gc,cpu         ] GC(8) User=0.08s Sys=0.02s Real=0.03s
[108.300s][info][gc,start       ] GC(9) Pause Young (Allocation Failure)
[108.324s][info][gc,heap        ] GC(9) DefNew: 569241K(629248K)->69112K(629248K) Eden: 559360K(559360K)->0K(559360K) From: 9881K(69888K)->69112K(69888K)
[108.324s][info][gc,heap        ] GC(9) Tenured: 126276K(1398144K)->137214K(1398144K)
[108.324s][info][gc,metaspace   ] GC(9) Metaspace: 124146K(130688K)->124146K(130688K) NonClass: 105025K(108672K)->105025K(108672K) Class: 19120K(22016K)->19120K(22016K)
[108.324s][info][gc             ] GC(9) Pause Young (Allocation Failure) 679M->201M(1979M) 24.489ms
[108.324s][info][gc,cpu         ] GC(9) User=0.02s Sys=0.00s Real=0.02s
[108.367s][info][gc,start       ] GC(10) Pause Young (Allocation Failure)
[108.420s][info][gc,heap        ] GC(10) DefNew: 628472K(629248K)->59838K(629248K) Eden: 559360K(559360K)->0K(559360K) From: 69112K(69888K)->59838K(69888K)
[108.420s][info][gc,heap        ] GC(10) Tenured: 137214K(1398144K)->205966K(1398144K)
[108.420s][info][gc,metaspace   ] GC(10) Metaspace: 124148K(130688K)->124148K(130688K) NonClass: 105027K(108672K)->105027K(108672K) Class: 19120K(22016K)->19120K(22016K)
[108.420s][info][gc             ] GC(10) Pause Young (Allocation Failure) 747M->259M(1979M) 52.848ms
[108.420s][info][gc,cpu         ] GC(10) User=0.03s Sys=0.02s Real=0.05s
[108.462s][info][gc,start       ] GC(11) Pause Young (Allocation Failure)
[108.498s][info][gc,heap        ] GC(11) DefNew: 619198K(629248K)->19240K(629248K) Eden: 559360K(559360K)->0K(559360K) From: 59838K(69888K)->19240K(69888K)
[108.498s][info][gc,heap        ] GC(11) Tenured: 205966K(1398144K)->265344K(1398144K)
[108.498s][info][gc,metaspace   ] GC(11) Metaspace: 124148K(130688K)->124148K(130688K) NonClass: 105027K(108672K)->105027K(108672K) Class: 19120K(22016K)->19120K(22016K)
[108.498s][info][gc             ] GC(11) Pause Young (Allocation Failure) 805M->277M(1979M) 36.247ms
[108.498s][info][gc,cpu         ] GC(11) User=0.02s Sys=0.02s Real=0.03s
[108.538s][info][gc,start       ] GC(12) Pause Young (Allocation Failure)
[108.547s][info][gc,heap        ] GC(12) DefNew: 578600K(629248K)->25555K(629248K) Eden: 559360K(559360K)->0K(559360K) From: 19240K(69888K)->25555K(69888K)
[108.547s][info][gc,heap        ] GC(12) Tenured: 265344K(1398144K)->265344K(1398144K)
[108.547s][info][gc,metaspace   ] GC(12) Metaspace: 124148K(130688K)->124148K(130688K) NonClass: 105027K(108672K)->105027K(108672K) Class: 19120K(22016K)->19120K(22016K)
[108.547s][info][gc             ] GC(12) Pause Young (Allocation Failure) 824M->284M(1979M) 8.795ms
[108.547s][info][gc,cpu         ] GC(12) User=0.03s Sys=0.00s Real=0.02s
[108.587s][info][gc,start       ] GC(13) Pause Young (Allocation Failure)
[108.596s][info][gc,heap        ] GC(13) DefNew: 584915K(629248K)->25533K(629248K) Eden: 559360K(559360K)->0K(559360K) From: 25555K(69888K)->25533K(69888K)
[108.596s][info][gc,heap        ] GC(13) Tenured: 265344K(1398144K)->265344K(1398144K)
[108.596s][info][gc,metaspace   ] GC(13) Metaspace: 124148K(130688K)->124148K(130688K) NonClass: 105027K(108672K)->105027K(108672K) Class: 19120K(22016K)->19120K(22016K)
[108.596s][info][gc             ] GC(13) Pause Young (Allocation Failure) 830M->284M(1979M) 8.859ms
[108.596s][info][gc,cpu         ] GC(13) User=0.05s Sys=0.00s Real=0.02s
[108.636s][info][gc,start       ] GC(14) Pause Young (Allocation Failure)
[108.668s][info][gc,heap        ] GC(14) DefNew: 584893K(629248K)->69164K(629248K) Eden: 559360K(559360K)->0K(559360K) From: 25533K(69888K)->69164K(69888K)
[108.668s][info][gc,heap        ] GC(14) Tenured: 265344K(1398144K)->290344K(1398144K)
[108.668s][info][gc,metaspace   ] GC(14) Metaspace: 124148K(130688K)->124148K(130688K) NonClass: 105027K(108672K)->105027K(108672K) Class: 19120K(22016K)->19120K(22016K)
[108.668s][info][gc             ] GC(14) Pause Young (Allocation Failure) 830M->351M(1979M) 32.385ms
[108.668s][info][gc,cpu         ] GC(14) User=0.06s Sys=0.02s Real=0.02s
[108.716s][info][gc,start       ] GC(15) Pause Young (Allocation Failure)
[108.800s][info][gc,heap        ] GC(15) DefNew: 628524K(629248K)->69145K(629248K) Eden: 559360K(559360K)->0K(559360K) From: 69164K(69888K)->69145K(69888K)
[108.800s][info][gc,heap        ] GC(15) Tenured: 290344K(1398144K)->434096K(1398144K)
[108.800s][info][gc,metaspace   ] GC(15) Metaspace: 124148K(130688K)->124148K(130688K) NonClass: 105027K(108672K)->105027K(108672K) Class: 19120K(22016K)->19120K(22016K)
[108.800s][info][gc             ] GC(15) Pause Young (Allocation Failure) 897M->491M(1979M) 84.436ms
[108.800s][info][gc,cpu         ] GC(15) User=0.02s Sys=0.06s Real=0.08s
[108.844s][info][gc,start       ] GC(16) Pause Young (Allocation Failure)
[108.892s][info][gc,heap        ] GC(16) DefNew: 628505K(629248K)->62950K(629248K) Eden: 559360K(559360K)->0K(559360K) From: 69145K(69888K)->62950K(69888K)
[108.892s][info][gc,heap        ] GC(16) Tenured: 434096K(1398144K)->502848K(1398144K)
[108.892s][info][gc,metaspace   ] GC(16) Metaspace: 124152K(130688K)->124152K(130688K) NonClass: 105031K(108672K)->105031K(108672K) Class: 19120K(22016K)->19120K(22016K)
[108.893s][info][gc             ] GC(16) Pause Young (Allocation Failure) 1037M->552M(1979M) 48.619ms
[108.893s][info][gc,cpu         ] GC(16) User=0.03s Sys=0.02s Real=0.05s
[108.934s][info][gc,start       ] GC(17) Pause Young (Allocation Failure)
[108.971s][info][gc,heap        ] GC(17) DefNew: 622310K(629248K)->19316K(629248K) Eden: 559360K(559360K)->0K(559360K) From: 62950K(69888K)->19316K(69888K)
[108.971s][info][gc,heap        ] GC(17) Tenured: 502848K(1398144K)->565349K(1398144K)
[108.971s][info][gc,metaspace   ] GC(17) Metaspace: 124175K(130688K)->124175K(130688K) NonClass: 105047K(108672K)->105047K(108672K) Class: 19128K(22016K)->19128K(22016K)
[108.971s][info][gc             ] GC(17) Pause Young (Allocation Failure) 1098M->570M(1979M) 37.738ms
[108.971s][info][gc,cpu         ] GC(17) User=0.03s Sys=0.02s Real=0.05s
[109.024s][info][gc,start       ] GC(18) Pause Young (Allocation Failure)
[109.092s][info][gc,heap        ] GC(18) DefNew: 578676K(629248K)->69888K(629248K) Eden: 559360K(559360K)->0K(559360K) From: 19316K(69888K)->69888K(69888K)
[109.092s][info][gc,heap        ] GC(18) Tenured: 565349K(1398144K)->652210K(1398144K)
[109.092s][info][gc,metaspace   ] GC(18) Metaspace: 124245K(130816K)->124245K(130816K) NonClass: 105094K(108736K)->105094K(108736K) Class: 19150K(22080K)->19150K(22080K)
[109.092s][info][gc             ] GC(18) Pause Young (Allocation Failure) 1117M->705M(1979M) 68.529ms
[109.092s][info][gc,cpu         ] GC(18) User=0.02s Sys=0.05s Real=0.06s
[109.164s][info][gc,start       ] GC(19) Pause Young (Allocation Failure)
[109.294s][info][gc,heap        ] GC(19) DefNew: 629248K(629248K)->69882K(629248K) Eden: 559360K(559360K)->0K(559360K) From: 69888K(69888K)->69882K(69888K)
[109.294s][info][gc,heap        ] GC(19) Tenured: 652210K(1398144K)->866105K(1398144K)
[109.294s][info][gc,metaspace   ] GC(19) Metaspace: 124293K(130880K)->124293K(130880K) NonClass: 105137K(108800K)->105137K(108800K) Class: 19155K(22080K)->19155K(22080K)
[109.294s][info][gc             ] GC(19) Pause Young (Allocation Failure) 1251M->914M(1979M) 130.659ms
[109.294s][info][gc,cpu         ] GC(19) User=0.06s Sys=0.06s Real=0.13s
[109.340s][info][gc,start       ] GC(20) Pause Young (Allocation Failure)
[109.390s][info][gc,heap        ] GC(20) DefNew: 629242K(629248K)->64257K(629248K) Eden: 559360K(559360K)->0K(559360K) From: 69882K(69888K)->64257K(69888K)
[109.390s][info][gc,heap        ] GC(20) Tenured: 866105K(1398144K)->933298K(1398144K)
[109.390s][info][gc,metaspace   ] GC(20) Metaspace: 124304K(130880K)->124304K(130880K) NonClass: 105148K(108800K)->105148K(108800K) Class: 19155K(22080K)->19155K(22080K)
[109.390s][info][gc             ] GC(20) Pause Young (Allocation Failure) 1460M->974M(1979M) 49.820ms
[109.390s][info][gc,cpu         ] GC(20) User=0.03s Sys=0.02s Real=0.05s
[109.435s][info][gc,start       ] GC(21) Pause Young (Allocation Failure)
[109.475s][info][gc,heap        ] GC(21) DefNew: 623617K(629248K)->51630K(629248K) Eden: 559360K(559360K)->0K(559360K) From: 64257K(69888K)->51630K(69888K)
[109.475s][info][gc,heap        ] GC(21) Tenured: 933298K(1398144K)->984608K(1398144K)
[109.475s][info][gc,metaspace   ] GC(21) Metaspace: 124304K(130880K)->124304K(130880K) NonClass: 105148K(108800K)->105148K(108800K) Class: 19155K(22080K)->19155K(22080K)
[109.475s][info][gc             ] GC(21) Pause Young (Allocation Failure) 1520M->1011M(1979M) 39.755ms
[109.475s][info][gc,cpu         ] GC(21) User=0.02s Sys=0.02s Real=0.03s
[109.517s][info][gc,start       ] GC(22) Pause Young (Allocation Failure)
[109.550s][info][gc,heap        ] GC(22) DefNew: 610990K(629248K)->46350K(629248K) Eden: 559360K(559360K)->0K(559360K) From: 51630K(69888K)->46350K(69888K)
[109.550s][info][gc,heap        ] GC(22) Tenured: 984608K(1398144K)->1024689K(1398144K)
[109.550s][info][gc,metaspace   ] GC(22) Metaspace: 124305K(130880K)->124305K(130880K) NonClass: 105150K(108800K)->105150K(108800K) Class: 19155K(22080K)->19155K(22080K)
[109.550s][info][gc             ] GC(22) Pause Young (Allocation Failure) 1558M->1045M(1979M) 32.500ms
[109.550s][info][gc,cpu         ] GC(22) User=0.05s Sys=0.02s Real=0.03s
[109.591s][info][gc,start       ] GC(23) Pause Young (Allocation Failure)
[109.618s][info][gc,heap        ] GC(23) DefNew: 605710K(629248K)->15285K(629248K) Eden: 559360K(559360K)->0K(559360K) From: 46350K(69888K)->15285K(69888K)
[109.618s][info][gc,heap        ] GC(23) Tenured: 1024689K(1398144K)->1068603K(1398144K)
[109.618s][info][gc,metaspace   ] GC(23) Metaspace: 124305K(130880K)->124305K(130880K) NonClass: 105150K(108800K)->105150K(108800K) Class: 19155K(22080K)->19155K(22080K)
[109.618s][info][gc             ] GC(23) Pause Young (Allocation Failure) 1592M->1058M(1979M) 26.799ms
[109.618s][info][gc,cpu         ] GC(23) User=0.00s Sys=0.03s Real=0.03s
[109.659s][info][gc,start       ] GC(24) Pause Young (Allocation Failure)
[109.686s][info][gc,heap        ] GC(24) DefNew: 574645K(629248K)->69207K(629248K) Eden: 559360K(559360K)->0K(559360K) From: 15285K(69888K)->69207K(69888K)
[109.686s][info][gc,heap        ] GC(24) Tenured: 1068603K(1398144K)->1087353K(1398144K)
[109.686s][info][gc,metaspace   ] GC(24) Metaspace: 124305K(130880K)->124305K(130880K) NonClass: 105150K(108800K)->105150K(108800K) Class: 19155K(22080K)->19155K(22080K)
[109.686s][info][gc             ] GC(24) Pause Young (Allocation Failure) 1604M->1129M(1979M) 27.376ms
[109.686s][info][gc,cpu         ] GC(24) User=0.03s Sys=0.02s Real=0.03s
[109.728s][info][gc,start       ] GC(25) Pause Young (Allocation Failure)
[109.772s][info][gc,heap        ] GC(25) DefNew: 628567K(629248K)->50418K(629248K) Eden: 559360K(559360K)->0K(559360K) From: 69207K(69888K)->50418K(69888K)
[109.772s][info][gc,heap        ] GC(25) Tenured: 1087353K(1398144K)->1152981K(1398144K)
[109.772s][info][gc,metaspace   ] GC(25) Metaspace: 124305K(130880K)->124305K(130880K) NonClass: 105150K(108800K)->105150K(108800K) Class: 19155K(22080K)->19155K(22080K)
[109.772s][info][gc             ] GC(25) Pause Young (Allocation Failure) 1675M->1175M(1979M) 44.072ms
[109.772s][info][gc,cpu         ] GC(25) User=0.03s Sys=0.02s Real=0.05s
[109.813s][info][gc,start       ] GC(26) Pause Young (Allocation Failure)
[109.844s][info][gc,heap        ] GC(26) DefNew: 609778K(629248K)->22267K(629248K) Eden: 559360K(559360K)->0K(559360K) From: 50418K(69888K)->22267K(69888K)
[109.844s][info][gc,heap        ] GC(26) Tenured: 1152981K(1398144K)->1202982K(1398144K)
[109.844s][info][gc,metaspace   ] GC(26) Metaspace: 124305K(130880K)->124305K(130880K) NonClass: 105150K(108800K)->105150K(108800K) Class: 19155K(22080K)->19155K(22080K)
[109.844s][info][gc             ] GC(26) Pause Young (Allocation Failure) 1721M->1196M(1979M) 31.238ms
[109.844s][info][gc,cpu         ] GC(26) User=0.05s Sys=0.00s Real=0.04s
[109.884s][info][gc,start       ] GC(27) Pause Young (Allocation Failure)
[109.894s][info][gc,heap        ] GC(27) DefNew: 581627K(629248K)->28609K(629248K) Eden: 559360K(559360K)->0K(559360K) From: 22267K(69888K)->28609K(69888K)
[109.894s][info][gc,heap        ] GC(27) Tenured: 1202982K(1398144K)->1202982K(1398144K)
[109.894s][info][gc,metaspace   ] GC(27) Metaspace: 124305K(130880K)->124305K(130880K) NonClass: 105150K(108800K)->105150K(108800K) Class: 19155K(22080K)->19155K(22080K)
[109.894s][info][gc             ] GC(27) Pause Young (Allocation Failure) 1742M->1202M(1979M) 9.572ms
[109.894s][info][gc,cpu         ] GC(27) User=0.02s Sys=0.00s Real=0.01s
[109.949s][info][gc,start       ] GC(28) Pause Young (Allocation Failure)
[109.962s][info][gc,heap        ] GC(28) DefNew: 587969K(629248K)->38023K(629248K) Eden: 559360K(559360K)->0K(559360K) From: 28609K(69888K)->38023K(69888K)
[109.963s][info][gc,heap        ] GC(28) Tenured: 1202982K(1398144K)->1202982K(1398144K)
[109.963s][info][gc,metaspace   ] GC(28) Metaspace: 124309K(130880K)->124309K(130880K) NonClass: 105154K(108800K)->105154K(108800K) Class: 19155K(22080K)->19155K(22080K)
[109.963s][info][gc             ] GC(28) Pause Young (Allocation Failure) 1748M->1211M(1979M) 13.779ms
[109.963s][info][gc,cpu         ] GC(28) User=0.00s Sys=0.00s Real=0.00s
[110.011s][info][gc,start       ] GC(29) Pause Young (Allocation Failure)
[110.062s][info][gc,heap        ] GC(29) DefNew: 594508K(629248K)->69093K(629248K) Eden: 556484K(559360K)->0K(559360K) From: 38023K(69888K)->69093K(69888K)
[110.062s][info][gc,heap        ] GC(29) Tenured: 1202982K(1398144K)->1252983K(1398144K)
[110.062s][info][gc,metaspace   ] GC(29) Metaspace: 124310K(130880K)->124310K(130880K) NonClass: 105154K(108800K)->105154K(108800K) Class: 19155K(22080K)->19155K(22080K)
[110.062s][info][gc             ] GC(29) Pause Young (Allocation Failure) 1755M->1291M(1979M) 50.836ms
[110.062s][info][gc,cpu         ] GC(29) User=0.02s Sys=0.03s Real=0.05s
[110.121s][info][gc,start       ] GC(30) Pause Young (Allocation Failure)
[110.203s][info][gc,heap        ] GC(30) DefNew: 627895K(629248K)->69159K(629248K) Eden: 558802K(559360K)->0K(559360K) From: 69093K(69888K)->69159K(69888K)
[110.204s][info][gc,heap        ] GC(30) Tenured: 1252983K(1398144K)->1390487K(1398144K)
[110.204s][info][gc,metaspace   ] GC(30) Metaspace: 124310K(130880K)->124310K(130880K) NonClass: 105154K(108800K)->105154K(108800K) Class: 19155K(22080K)->19155K(22080K)
[110.204s][info][gc             ] GC(30) Pause Young (Allocation Failure) 1836M->1425M(1979M) 82.933ms
[110.204s][info][gc,cpu         ] GC(30) User=0.03s Sys=0.05s Real=0.08s
[110.245s][info][gc,start       ] GC(31) Pause Young (Allocation Failure)
[110.287s][info][gc             ] GC(31) Pause Young (Allocation Failure) 1971M->1455M(2040M) 41.121ms
[110.287s][info][gc,cpu         ] GC(31) User=0.06s Sys=0.02s Real=0.05s
[110.287s][info][gc,start       ] GC(32) Pause Full (Allocation Failure)
[110.287s][info][gc,phases,start] GC(32) Phase 1: Mark live objects
[110.395s][info][gc,phases      ] GC(32) Phase 1: Mark live objects 107.977ms
[110.395s][info][gc,phases,start] GC(32) Phase 2: Compute new object addresses
[110.408s][info][gc,phases      ] GC(32) Phase 2: Compute new object addresses 13.208ms
[110.408s][info][gc,phases,start] GC(32) Phase 3: Adjust pointers
[110.439s][info][gc,phases      ] GC(32) Phase 3: Adjust pointers 31.168ms
[110.439s][info][gc,phases,start] GC(32) Phase 4: Move objects
[110.549s][info][gc,phases      ] GC(32) Phase 4: Move objects 109.760ms
[110.574s][info][gc,heap        ] GC(32) DefNew: 628519K(629248K)->0K(629248K) Eden: 559360K(559360K)->0K(559360K) From: 69159K(69888K)->0K(69888K)
[110.574s][info][gc,heap        ] GC(32) Tenured: 1390487K(1398144K)->548346K(1398144K)
[110.574s][info][gc,metaspace   ] GC(32) Metaspace: 124310K(130880K)->115104K(128320K) NonClass: 105154K(108800K)->98317K(106496K) Class: 19155K(22080K)->16787K(21824K)
[110.574s][info][gc             ] GC(32) Pause Full (Allocation Failure) 1455M->535M(1979M) 287.299ms
[110.574s][info][gc,cpu         ] GC(32) User=0.28s Sys=0.02s Real=0.30s
[110.622s][info][gc,start       ] GC(33) Pause Young (Allocation Failure)
[110.637s][info][gc,heap        ] GC(33) DefNew: 559360K(629248K)->54445K(629248K) Eden: 559360K(559360K)->0K(559360K) From: 0K(69888K)->54445K(69888K)
[110.637s][info][gc,heap        ] GC(33) Tenured: 548346K(1398144K)->548346K(1398144K)
[110.637s][info][gc,metaspace   ] GC(33) Metaspace: 115104K(128320K)->115104K(128320K) NonClass: 98317K(106496K)->98317K(106496K) Class: 16787K(21824K)->16787K(21824K)
[110.637s][info][gc             ] GC(33) Pause Young (Allocation Failure) 1081M->588M(1979M) 15.510ms
[110.637s][info][gc,cpu         ] GC(33) User=0.02s Sys=0.00s Real=0.02s
[110.700s][info][gc,start       ] GC(34) Pause Young (Allocation Failure)
[110.749s][info][gc,heap        ] GC(34) DefNew: 613561K(629248K)->69888K(629248K) Eden: 559116K(559360K)->0K(559360K) From: 54445K(69888K)->69888K(69888K)
[110.749s][info][gc,heap        ] GC(34) Tenured: 548346K(1398144K)->668056K(1398144K)
[110.749s][info][gc,metaspace   ] GC(34) Metaspace: 115104K(128320K)->115104K(128320K) NonClass: 98317K(106496K)->98317K(106496K) Class: 16787K(21824K)->16787K(21824K)
[110.749s][info][gc             ] GC(34) Pause Young (Allocation Failure) 1134M->720M(1979M) 48.809ms
[110.749s][info][gc,cpu         ] GC(34) User=0.05s Sys=0.00s Real=0.05s
[110.810s][info][gc,start       ] GC(35) Pause Young (Allocation Failure)
[110.870s][info][gc,heap        ] GC(35) DefNew: 629248K(629248K)->69887K(629248K) Eden: 559360K(559360K)->0K(559360K) From: 69888K(69888K)->69887K(69888K)
[110.870s][info][gc,heap        ] GC(35) Tenured: 668056K(1398144K)->826956K(1398144K)
[110.870s][info][gc,metaspace   ] GC(35) Metaspace: 115104K(128320K)->115104K(128320K) NonClass: 98317K(106496K)->98317K(106496K) Class: 16787K(21824K)->16787K(21824K)
[110.870s][info][gc             ] GC(35) Pause Young (Allocation Failure) 1266M->875M(1979M) 60.363ms
[110.870s][info][gc,cpu         ] GC(35) User=0.06s Sys=0.00s Real=0.05s
[110.915s][info][gc,start       ] GC(36) Pause Young (Allocation Failure)
[110.958s][info][gc,heap        ] GC(36) DefNew: 629247K(629248K)->69824K(629248K) Eden: 559360K(559360K)->0K(559360K) From: 69887K(69888K)->69824K(69888K)
[110.958s][info][gc,heap        ] GC(36) Tenured: 826956K(1398144K)->932445K(1398144K)
[110.958s][info][gc,metaspace   ] GC(36) Metaspace: 115114K(128320K)->115114K(128320K) NonClass: 98324K(106496K)->98324K(106496K) Class: 16789K(21824K)->16789K(21824K)
[110.958s][info][gc             ] GC(36) Pause Young (Allocation Failure) 1422M->978M(1979M) 43.162ms
[110.958s][info][gc,cpu         ] GC(36) User=0.05s Sys=0.00s Real=0.05s
[110.999s][info][gc,start       ] GC(37) Pause Young (Allocation Failure)
[111.029s][info][gc,heap        ] GC(37) DefNew: 629184K(629248K)->57295K(629248K) Eden: 559360K(559360K)->0K(559360K) From: 69824K(69888K)->57295K(69888K)
[111.029s][info][gc,heap        ] GC(37) Tenured: 932445K(1398144K)->996688K(1398144K)
[111.029s][info][gc,metaspace   ] GC(37) Metaspace: 115118K(128320K)->115118K(128320K) NonClass: 98327K(106496K)->98327K(106496K) Class: 16790K(21824K)->16790K(21824K)
[111.029s][info][gc             ] GC(37) Pause Young (Allocation Failure) 1525M->1029M(1979M) 30.326ms
[111.029s][info][gc,cpu         ] GC(37) User=0.03s Sys=0.00s Real=0.03s
[111.068s][info][gc,start       ] GC(38) Pause Young (Allocation Failure)
[111.089s][info][gc,heap        ] GC(38) DefNew: 616655K(629248K)->33614K(629248K) Eden: 559360K(559360K)->0K(559360K) From: 57295K(69888K)->33614K(69888K)
[111.089s][info][gc,heap        ] GC(38) Tenured: 996688K(1398144K)->1044904K(1398144K)
[111.089s][info][gc,metaspace   ] GC(38) Metaspace: 115118K(128320K)->115118K(128320K) NonClass: 98327K(106496K)->98327K(106496K) Class: 16790K(21824K)->16790K(21824K)
[111.090s][info][gc             ] GC(38) Pause Young (Allocation Failure) 1575M->1053M(1979M) 21.343ms
[111.090s][info][gc,cpu         ] GC(38) User=0.02s Sys=0.00s Real=0.02s
[111.129s][info][gc,start       ] GC(39) Pause Young (Allocation Failure)
[111.148s][info][gc,heap        ] GC(39) DefNew: 592974K(629248K)->65188K(629248K) Eden: 559360K(559360K)->0K(559360K) From: 33614K(69888K)->65188K(69888K)
[111.148s][info][gc,heap        ] GC(39) Tenured: 1044904K(1398144K)->1044904K(1398144K)
[111.148s][info][gc,metaspace   ] GC(39) Metaspace: 115118K(128320K)->115118K(128320K) NonClass: 98327K(106496K)->98327K(106496K) Class: 16790K(21824K)->16790K(21824K)
[111.148s][info][gc             ] GC(39) Pause Young (Allocation Failure) 1599M->1084M(1979M) 19.188ms
[111.148s][info][gc,cpu         ] GC(39) User=0.03s Sys=0.02s Real=0.03s
[111.187s][info][gc,start       ] GC(40) Pause Young (Allocation Failure)
[111.215s][info][gc,heap        ] GC(40) DefNew: 624548K(629248K)->52007K(629248K) Eden: 559360K(559360K)->0K(559360K) From: 65188K(69888K)->52007K(69888K)
[111.215s][info][gc,heap        ] GC(40) Tenured: 1044904K(1398144K)->1103580K(1398144K)
[111.215s][info][gc,metaspace   ] GC(40) Metaspace: 115118K(128320K)->115118K(128320K) NonClass: 98327K(106496K)->98327K(106496K) Class: 16790K(21824K)->16790K(21824K)
[111.215s][info][gc             ] GC(40) Pause Young (Allocation Failure) 1630M->1128M(1979M) 27.664ms
[111.215s][info][gc,cpu         ] GC(40) User=0.03s Sys=0.00s Real=0.03s
[111.254s][info][gc,start       ] GC(41) Pause Young (Allocation Failure)
[111.280s][info][gc,heap        ] GC(41) DefNew: 611367K(629248K)->48885K(629248K) Eden: 559360K(559360K)->0K(559360K) From: 52007K(69888K)->48885K(69888K)
[111.280s][info][gc,heap        ] GC(41) Tenured: 1103580K(1398144K)->1155144K(1398144K)
[111.280s][info][gc,metaspace   ] GC(41) Metaspace: 115118K(128320K)->115118K(128320K) NonClass: 98327K(106496K)->98327K(106496K) Class: 16790K(21824K)->16790K(21824K)
[111.280s][info][gc             ] GC(41) Pause Young (Allocation Failure) 1674M->1175M(1979M) 25.557ms
[111.280s][info][gc,cpu         ] GC(41) User=0.03s Sys=0.00s Real=0.03s
[111.319s][info][gc,start       ] GC(42) Pause Young (Allocation Failure)
[111.340s][info][gc,heap        ] GC(42) DefNew: 608245K(629248K)->34852K(629248K) Eden: 559360K(559360K)->0K(559360K) From: 48885K(69888K)->34852K(69888K)
[111.340s][info][gc,heap        ] GC(42) Tenured: 1155144K(1398144K)->1203583K(1398144K)
[111.340s][info][gc,metaspace   ] GC(42) Metaspace: 115118K(128320K)->115118K(128320K) NonClass: 98327K(106496K)->98327K(106496K) Class: 16790K(21824K)->16790K(21824K)
[111.340s][info][gc             ] GC(42) Pause Young (Allocation Failure) 1722M->1209M(1979M) 21.181ms
[111.340s][info][gc,cpu         ] GC(42) User=0.02s Sys=0.00s Real=0.02s
[111.379s][info][gc,start       ] GC(43) Pause Young (Allocation Failure)
[111.391s][info][gc,heap        ] GC(43) DefNew: 594212K(629248K)->44220K(629248K) Eden: 559359K(559360K)->0K(559360K) From: 34852K(69888K)->44220K(69888K)
[111.391s][info][gc,heap        ] GC(43) Tenured: 1203583K(1398144K)->1203583K(1398144K)
[111.391s][info][gc,metaspace   ] GC(43) Metaspace: 115118K(128320K)->115118K(128320K) NonClass: 98327K(106496K)->98327K(106496K) Class: 16790K(21824K)->16790K(21824K)
[111.391s][info][gc             ] GC(43) Pause Young (Allocation Failure) 1755M->1218M(1979M) 12.653ms
[111.391s][info][gc,cpu         ] GC(43) User=0.02s Sys=0.00s Real=0.02s
[111.430s][info][gc,start       ] GC(44) Pause Young (Allocation Failure)
[111.448s][info][gc,heap        ] GC(44) DefNew: 603580K(629248K)->28566K(629248K) Eden: 559360K(559360K)->0K(559360K) From: 44220K(69888K)->28566K(69888K)
[111.448s][info][gc,heap        ] GC(44) Tenured: 1203583K(1398144K)->1237959K(1398144K)
[111.448s][info][gc,metaspace   ] GC(44) Metaspace: 115118K(128320K)->115118K(128320K) NonClass: 98327K(106496K)->98327K(106496K) Class: 16790K(21824K)->16790K(21824K)
[111.448s][info][gc             ] GC(44) Pause Young (Allocation Failure) 1764M->1236M(1979M) 17.328ms
[111.448s][info][gc,cpu         ] GC(44) User=0.02s Sys=0.00s Real=0.01s
[111.490s][info][gc,start       ] GC(45) Pause Young (Allocation Failure)
[111.515s][info][gc,heap        ] GC(45) DefNew: 587926K(629248K)->66041K(629248K) Eden: 559360K(559360K)->0K(559360K) From: 28566K(69888K)->66041K(69888K)
[111.515s][info][gc,heap        ] GC(45) Tenured: 1237959K(1398144K)->1269209K(1398144K)
[111.515s][info][gc,metaspace   ] GC(45) Metaspace: 115118K(128320K)->115118K(128320K) NonClass: 98327K(106496K)->98327K(106496K) Class: 16790K(21824K)->16790K(21824K)
[111.515s][info][gc             ] GC(45) Pause Young (Allocation Failure) 1783M->1303M(1979M) 25.116ms
[111.515s][info][gc,cpu         ] GC(45) User=0.02s Sys=0.00s Real=0.02s
[111.568s][info][gc,start       ] GC(46) Pause Young (Allocation Failure)
[111.607s][info][gc,heap        ] GC(46) DefNew: 625401K(629248K)->69132K(629248K) Eden: 559360K(559360K)->0K(559360K) From: 66041K(69888K)->69132K(69888K)
[111.607s][info][gc,heap        ] GC(46) Tenured: 1269209K(1398144K)->1359836K(1398144K)
[111.607s][info][gc,metaspace   ] GC(46) Metaspace: 115118K(128320K)->115118K(128320K) NonClass: 98327K(106496K)->98327K(106496K) Class: 16790K(21824K)->16790K(21824K)
[111.608s][info][gc             ] GC(46) Pause Young (Allocation Failure) 1850M->1395M(1979M) 39.706ms
[111.608s][info][gc,cpu         ] GC(46) User=0.03s Sys=0.00s Real=0.03s
[111.653s][info][gc,start       ] GC(47) Pause Young (Allocation Failure)
[111.709s][info][gc             ] GC(47) Pause Young (Allocation Failure) 1941M->1491M(2040M) 56.259ms
[111.709s][info][gc,cpu         ] GC(47) User=0.05s Sys=0.00s Real=0.05s
[111.709s][info][gc,start       ] GC(48) Pause Full (Allocation Failure)
[111.709s][info][gc,phases,start] GC(48) Phase 1: Mark live objects
[111.766s][info][gc,phases      ] GC(48) Phase 1: Mark live objects 56.725ms
[111.766s][info][gc,phases,start] GC(48) Phase 2: Compute new object addresses
[111.779s][info][gc,phases      ] GC(48) Phase 2: Compute new object addresses 12.966ms
[111.779s][info][gc,phases,start] GC(48) Phase 3: Adjust pointers
[111.808s][info][gc,phases      ] GC(48) Phase 3: Adjust pointers 29.163ms
[111.808s][info][gc,phases,start] GC(48) Phase 4: Move objects
[111.922s][info][gc,phases      ] GC(48) Phase 4: Move objects 113.625ms
[111.928s][info][gc,heap        ] GC(48) DefNew: 628492K(629248K)->0K(629248K) Eden: 559360K(559360K)->0K(559360K) From: 69132K(69888K)->0K(69888K)
[111.928s][info][gc,heap        ] GC(48) Tenured: 1359836K(1398144K)->774623K(1398144K)
[111.928s][info][gc,metaspace   ] GC(48) Metaspace: 115118K(128320K)->115118K(128320K) NonClass: 98327K(106496K)->98327K(106496K) Class: 16790K(21824K)->16790K(21824K)
[111.928s][info][gc             ] GC(48) Pause Full (Allocation Failure) 1491M->756M(1979M) 218.743ms
[111.928s][info][gc,cpu         ] GC(48) User=0.22s Sys=0.00s Real=0.22s
[111.980s][info][gc,start       ] GC(49) Pause Young (Allocation Failure)
[111.996s][info][gc,heap        ] GC(49) DefNew: 559360K(629248K)->54336K(629248K) Eden: 559360K(559360K)->0K(559360K) From: 0K(69888K)->54336K(69888K)
[111.996s][info][gc,heap        ] GC(49) Tenured: 774623K(1398144K)->774623K(1398144K)
[111.996s][info][gc,metaspace   ] GC(49) Metaspace: 115118K(128320K)->115118K(128320K) NonClass: 98327K(106496K)->98327K(106496K) Class: 16790K(21824K)->16790K(21824K)
[111.996s][info][gc             ] GC(49) Pause Young (Allocation Failure) 1302M->809M(1979M) 16.109ms
[111.996s][info][gc,cpu         ] GC(49) User=0.02s Sys=0.00s Real=0.02s
[112.045s][info][gc,start       ] GC(50) Pause Young (Allocation Failure)
[112.086s][info][gc,heap        ] GC(50) DefNew: 613696K(629248K)->69888K(629248K) Eden: 559360K(559360K)->0K(559360K) From: 54336K(69888K)->69888K(69888K)
[112.086s][info][gc,heap        ] GC(50) Tenured: 774623K(1398144K)->870915K(1398144K)
[112.086s][info][gc,metaspace   ] GC(50) Metaspace: 115118K(128320K)->115118K(128320K) NonClass: 98327K(106496K)->98327K(106496K) Class: 16790K(21824K)->16790K(21824K)
[112.086s][info][gc             ] GC(50) Pause Young (Allocation Failure) 1355M->918M(1979M) 41.204ms
[112.086s][info][gc,cpu         ] GC(50) User=0.03s Sys=0.00s Real=0.03s
[112.149s][info][gc,start       ] GC(51) Pause Young (Allocation Failure)
[112.210s][info][gc,heap        ] GC(51) DefNew: 629248K(629248K)->69888K(629248K) Eden: 559360K(559360K)->0K(559360K) From: 69888K(69888K)->69888K(69888K)
[112.210s][info][gc,heap        ] GC(51) Tenured: 870915K(1398144K)->1041655K(1398144K)
[112.210s][info][gc,metaspace   ] GC(51) Metaspace: 115118K(128320K)->115118K(128320K) NonClass: 98327K(106496K)->98327K(106496K) Class: 16790K(21824K)->16790K(21824K)
[112.210s][info][gc             ] GC(51) Pause Young (Allocation Failure) 1465M->1085M(1979M) 61.265ms
[112.210s][info][gc,cpu         ] GC(51) User=0.05s Sys=0.00s Real=0.05s
[112.255s][info][gc,start       ] GC(52) Pause Young (Allocation Failure)
[112.297s][info][gc,heap        ] GC(52) DefNew: 629248K(629248K)->69816K(629248K) Eden: 559360K(559360K)->0K(559360K) From: 69888K(69888K)->69816K(69888K)
[112.297s][info][gc,heap        ] GC(52) Tenured: 1041655K(1398144K)->1139713K(1398144K)
[112.297s][info][gc,metaspace   ] GC(52) Metaspace: 115118K(128320K)->115118K(128320K) NonClass: 98327K(106496K)->98327K(106496K) Class: 16790K(21824K)->16790K(21824K)
[112.297s][info][gc             ] GC(52) Pause Young (Allocation Failure) 1631M->1181M(1979M) 42.262ms
[112.297s][info][gc,cpu         ] GC(52) User=0.03s Sys=0.00s Real=0.03s
[112.337s][info][gc,start       ] GC(53) Pause Young (Allocation Failure)
[112.365s][info][gc,heap        ] GC(53) DefNew: 629176K(629248K)->48581K(629248K) Eden: 559360K(559360K)->0K(559360K) From: 69816K(69888K)->48581K(69888K)
[112.366s][info][gc,heap        ] GC(53) Tenured: 1139713K(1398144K)->1202683K(1398144K)
[112.366s][info][gc,metaspace   ] GC(53) Metaspace: 115118K(128320K)->115118K(128320K) NonClass: 98327K(106496K)->98327K(106496K) Class: 16790K(21824K)->16790K(21824K)
[112.366s][info][gc             ] GC(53) Pause Young (Allocation Failure) 1727M->1221M(1979M) 28.293ms
[112.366s][info][gc,cpu         ] GC(53) User=0.03s Sys=0.00s Real=0.03s
[112.404s][info][gc,start       ] GC(54) Pause Young (Allocation Failure)
[112.425s][info][gc,heap        ] GC(54) DefNew: 607941K(629248K)->41681K(629248K) Eden: 559360K(559360K)->0K(559360K) From: 48581K(69888K)->41681K(69888K)
[112.425s][info][gc,heap        ] GC(54) Tenured: 1202683K(1398144K)->1239497K(1398144K)
[112.425s][info][gc,metaspace   ] GC(54) Metaspace: 115118K(128320K)->115118K(128320K) NonClass: 98327K(106496K)->98327K(106496K) Class: 16790K(21824K)->16790K(21824K)
[112.425s][info][gc             ] GC(54) Pause Young (Allocation Failure) 1768M->1251M(1979M) 20.744ms
[112.425s][info][gc,cpu         ] GC(54) User=0.02s Sys=0.00s Real=0.02s
[112.464s][info][gc,start       ] GC(55) Pause Young (Allocation Failure)
[112.480s][info][gc,heap        ] GC(55) DefNew: 601041K(629248K)->32493K(629248K) Eden: 559360K(559360K)->0K(559360K) From: 41681K(69888K)->32493K(69888K)
[112.480s][info][gc,heap        ] GC(55) Tenured: 1239497K(1398144K)->1274206K(1398144K)
[112.480s][info][gc,metaspace   ] GC(55) Metaspace: 115118K(128320K)->115118K(128320K) NonClass: 98327K(106496K)->98327K(106496K) Class: 16790K(21824K)->16790K(21824K)
[112.480s][info][gc             ] GC(55) Pause Young (Allocation Failure) 1797M->1276M(1979M) 15.682ms
[112.480s][info][gc,cpu         ] GC(55) User=0.02s Sys=0.00s Real=0.02s
[112.520s][info][gc,start       ] GC(56) Pause Young (Allocation Failure)
[112.543s][info][gc,heap        ] GC(56) DefNew: 591853K(629248K)->69888K(629248K) Eden: 559360K(559360K)->0K(559360K) From: 32493K(69888K)->69888K(69888K)
[112.544s][info][gc,heap        ] GC(56) Tenured: 1274206K(1398144K)->1293058K(1398144K)
[112.544s][info][gc,metaspace   ] GC(56) Metaspace: 115118K(128320K)->115118K(128320K) NonClass: 98327K(106496K)->98327K(106496K) Class: 16790K(21824K)->16790K(21824K)
[112.544s][info][gc             ] GC(56) Pause Young (Allocation Failure) 1822M->1331M(1979M) 23.683ms
[112.544s][info][gc,cpu         ] GC(56) User=0.03s Sys=0.00s Real=0.03s
[112.583s][info][gc,start       ] GC(57) Pause Young (Allocation Failure)
[112.612s][info][gc,heap        ] GC(57) DefNew: 629248K(629248K)->48892K(629248K) Eden: 559360K(559360K)->0K(559360K) From: 69888K(69888K)->48892K(69888K)
[112.612s][info][gc,heap        ] GC(57) Tenured: 1293058K(1398144K)->1360249K(1398144K)
[112.612s][info][gc,metaspace   ] GC(57) Metaspace: 115118K(128320K)->115118K(128320K) NonClass: 98327K(106496K)->98327K(106496K) Class: 16790K(21824K)->16790K(21824K)
[112.612s][info][gc             ] GC(57) Pause Young (Allocation Failure) 1877M->1376M(1979M) 28.997ms
[112.612s][info][gc,cpu         ] GC(57) User=0.02s Sys=0.00s Real=0.02s
[112.651s][info][gc,start       ] GC(58) Pause Young (Allocation Failure)
[112.673s][info][gc             ] GC(58) Pause Young (Allocation Failure) 1922M->1400M(1992M) 21.743ms
[112.673s][info][gc,cpu         ] GC(58) User=0.02s Sys=0.00s Real=0.02s
[112.673s][info][gc,start       ] GC(59) Pause Full (Allocation Failure)
[112.673s][info][gc,phases,start] GC(59) Phase 1: Mark live objects
[112.725s][info][gc,phases      ] GC(59) Phase 1: Mark live objects 51.859ms
[112.725s][info][gc,phases,start] GC(59) Phase 2: Compute new object addresses
[112.738s][info][gc,phases      ] GC(59) Phase 2: Compute new object addresses 12.940ms
[112.738s][info][gc,phases,start] GC(59) Phase 3: Adjust pointers
[112.767s][info][gc,phases      ] GC(59) Phase 3: Adjust pointers 28.911ms
[112.767s][info][gc,phases,start] GC(59) Phase 4: Move objects
[112.845s][info][gc,phases      ] GC(59) Phase 4: Move objects 77.814ms
[112.847s][info][gc,heap        ] GC(59) DefNew: 608252K(629248K)->0K(629248K) Eden: 559360K(559360K)->0K(559360K) From: 48892K(69888K)->0K(69888K)
[112.847s][info][gc,heap        ] GC(59) Tenured: 1360249K(1398144K)->814781K(1398144K)
[112.847s][info][gc,metaspace   ] GC(59) Metaspace: 115118K(128320K)->115118K(128320K) NonClass: 98327K(106496K)->98327K(106496K) Class: 16790K(21824K)->16790K(21824K)
[112.847s][info][gc             ] GC(59) Pause Full (Allocation Failure) 1400M->795M(1979M) 174.099ms
[112.847s][info][gc,cpu         ] GC(59) User=0.19s Sys=0.00s Real=0.19s
[112.889s][info][gc,start       ] GC(60) Pause Young (Allocation Failure)
[112.896s][info][gc,heap        ] GC(60) DefNew: 559360K(629248K)->19118K(629248K) Eden: 559360K(559360K)->0K(559360K) From: 0K(69888K)->19118K(69888K)
[112.896s][info][gc,heap        ] GC(60) Tenured: 814781K(1398144K)->814781K(1398144K)
[112.896s][info][gc,metaspace   ] GC(60) Metaspace: 115118K(128320K)->115118K(128320K) NonClass: 98327K(106496K)->98327K(106496K) Class: 16790K(21824K)->16790K(21824K)
[112.896s][info][gc             ] GC(60) Pause Young (Allocation Failure) 1341M->814M(1979M) 7.619ms
[112.896s][info][gc,cpu         ] GC(60) User=0.00s Sys=0.00s Real=0.00s
[112.944s][info][gc,start       ] GC(61) Pause Young (Allocation Failure)
[112.957s][info][gc,heap        ] GC(61) DefNew: 578478K(629248K)->44187K(629248K) Eden: 559360K(559360K)->0K(559360K) From: 19118K(69888K)->44187K(69888K)
[112.957s][info][gc,heap        ] GC(61) Tenured: 814781K(1398144K)->814781K(1398144K)
[112.957s][info][gc,metaspace   ] GC(61) Metaspace: 115118K(128320K)->115118K(128320K) NonClass: 98327K(106496K)->98327K(106496K) Class: 16790K(21824K)->16790K(21824K)
[112.957s][info][gc             ] GC(61) Pause Young (Allocation Failure) 1360M->838M(1979M) 13.227ms
[112.957s][info][gc,cpu         ] GC(61) User=0.00s Sys=0.00s Real=0.00s
[113.004s][info][gc,start       ] GC(62) Pause Young (Allocation Failure)
[113.034s][info][gc,heap        ] GC(62) DefNew: 603547K(629248K)->69134K(629248K) Eden: 559360K(559360K)->0K(559360K) From: 44187K(69888K)->69134K(69888K)
[113.034s][info][gc,heap        ] GC(62) Tenured: 814781K(1398144K)->864837K(1398144K)
[113.034s][info][gc,metaspace   ] GC(62) Metaspace: 115118K(128320K)->115118K(128320K) NonClass: 98327K(106496K)->98327K(106496K) Class: 16790K(21824K)->16790K(21824K)
[113.035s][info][gc             ] GC(62) Pause Young (Allocation Failure) 1385M->912M(1979M) 30.359ms
[113.035s][info][gc,cpu         ] GC(62) User=0.02s Sys=0.00s Real=0.02s
[113.082s][info][gc,start       ] GC(63) Pause Young (Allocation Failure)
[113.119s][info][gc,heap        ] GC(63) DefNew: 628494K(629248K)->69146K(629248K) Eden: 559360K(559360K)->0K(559360K) From: 69134K(69888K)->69146K(69888K)
[113.119s][info][gc,heap        ] GC(63) Tenured: 864837K(1398144K)->946088K(1398144K)
[113.119s][info][gc,metaspace   ] GC(63) Metaspace: 115118K(128320K)->115118K(128320K) NonClass: 98327K(106496K)->98327K(106496K) Class: 16790K(21824K)->16790K(21824K)
[113.119s][info][gc             ] GC(63) Pause Young (Allocation Failure) 1458M->991M(1979M) 36.985ms
[113.119s][info][gc,cpu         ] GC(63) User=0.03s Sys=0.00s Real=0.03s
[113.167s][info][gc,start       ] GC(64) Pause Young (Allocation Failure)
[113.206s][info][gc,heap        ] GC(64) DefNew: 628506K(629248K)->66863K(629248K) Eden: 559360K(559360K)->0K(559360K) From: 69146K(69888K)->66863K(69888K)
[113.206s][info][gc,heap        ] GC(64) Tenured: 946088K(1398144K)->1039840K(1398144K)
[113.206s][info][gc,metaspace   ] GC(64) Metaspace: 115118K(128320K)->115118K(128320K) NonClass: 98327K(106496K)->98327K(106496K) Class: 16790K(21824K)->16790K(21824K)
[113.207s][info][gc             ] GC(64) Pause Young (Allocation Failure) 1537M->1080M(1979M) 39.416ms
[113.207s][info][gc,cpu         ] GC(64) User=0.03s Sys=0.00s Real=0.03s
[113.249s][info][gc,start       ] GC(65) Pause Young (Allocation Failure)
[113.278s][info][gc,heap        ] GC(65) DefNew: 626223K(629248K)->67252K(629248K) Eden: 559360K(559360K)->0K(559360K) From: 66863K(69888K)->67252K(69888K)
[113.278s][info][gc,heap        ] GC(65) Tenured: 1039840K(1398144K)->1114426K(1398144K)
[113.278s][info][gc,metaspace   ] GC(65) Metaspace: 115118K(128320K)->115118K(128320K) NonClass: 98327K(106496K)->98327K(106496K) Class: 16790K(21824K)->16790K(21824K)
[113.278s][info][gc             ] GC(65) Pause Young (Allocation Failure) 1627M->1153M(1979M) 28.839ms
[113.278s][info][gc,cpu         ] GC(65) User=0.03s Sys=0.00s Real=0.03s
[113.331s][info][gc,start       ] GC(66) Pause Young (Allocation Failure)
[113.377s][info][gc,heap        ] GC(66) DefNew: 626612K(629248K)->69888K(629248K) Eden: 559360K(559360K)->0K(559360K) From: 67252K(69888K)->69888K(69888K)
[113.377s][info][gc,heap        ] GC(66) Tenured: 1114426K(1398144K)->1224632K(1398144K)
[113.377s][info][gc,metaspace   ] GC(66) Metaspace: 115118K(128320K)->115118K(128320K) NonClass: 98327K(106496K)->98327K(106496K) Class: 16790K(21824K)->16790K(21824K)
[113.377s][info][gc             ] GC(66) Pause Young (Allocation Failure) 1700M->1264M(1979M) 45.762ms
[113.377s][info][gc,cpu         ] GC(66) User=0.03s Sys=0.00s Real=0.03s
[113.426s][info][gc,start       ] GC(67) Pause Young (Allocation Failure)
[113.479s][info][gc,heap        ] GC(67) DefNew: 629248K(629248K)->69839K(629248K) Eden: 559360K(559360K)->0K(559360K) From: 69888K(69888K)->69839K(69888K)
[113.479s][info][gc,heap        ] GC(67) Tenured: 1224632K(1398144K)->1372298K(1398144K)
[113.479s][info][gc,metaspace   ] GC(67) Metaspace: 115119K(128320K)->115119K(128320K) NonClass: 98328K(106496K)->98328K(106496K) Class: 16790K(21824K)->16790K(21824K)
[113.479s][info][gc             ] GC(67) Pause Young (Allocation Failure) 1810M->1408M(1979M) 53.209ms
[113.480s][info][gc,cpu         ] GC(67) User=0.05s Sys=0.00s Real=0.05s
[113.536s][info][gc,start       ] GC(68) Pause Young (Allocation Failure)
[113.596s][info][gc             ] GC(68) Pause Young (Allocation Failure) 1954M->1496M(2042M) 60.258ms
[113.596s][info][gc,cpu         ] GC(68) User=0.02s Sys=0.03s Real=0.05s
[113.596s][info][gc,start       ] GC(69) Pause Full (Allocation Failure)
[113.596s][info][gc,phases,start] GC(69) Phase 1: Mark live objects
[113.648s][info][gc,phases      ] GC(69) Phase 1: Mark live objects 51.808ms
[113.648s][info][gc,phases,start] GC(69) Phase 2: Compute new object addresses
[113.661s][info][gc,phases      ] GC(69) Phase 2: Compute new object addresses 12.609ms
[113.661s][info][gc,phases,start] GC(69) Phase 3: Adjust pointers
[113.692s][info][gc,phases      ] GC(69) Phase 3: Adjust pointers 31.034ms
[113.692s][info][gc,phases,start] GC(69) Phase 4: Move objects
[113.890s][info][gc,phases      ] GC(69) Phase 4: Move objects 198.498ms
[113.892s][info][gc,heap        ] GC(69) DefNew: 629199K(629248K)->0K(684928K) Eden: 559360K(559360K)->0K(608832K) From: 69839K(69888K)->0K(76096K)
[113.892s][info][gc,heap        ] GC(69) Tenured: 1372298K(1398144K)->913206K(1522012K)
[113.892s][info][gc,metaspace   ] GC(69) Metaspace: 115121K(128320K)->115121K(128320K) NonClass: 98331K(106496K)->98331K(106496K) Class: 16790K(21824K)->16790K(21824K)
[113.892s][info][gc             ] GC(69) Pause Full (Allocation Failure) 1496M->891M(2155M) 295.546ms
[113.892s][info][gc,cpu         ] GC(69) User=0.28s Sys=0.02s Real=0.30s
[113.937s][info][gc,start       ] GC(70) Pause Young (Allocation Failure)
[113.965s][info][gc,heap        ] GC(70) DefNew: 608832K(684928K)->60558K(684928K) Eden: 608832K(608832K)->0K(608832K) From: 0K(76096K)->60558K(76096K)
[113.965s][info][gc,heap        ] GC(70) Tenured: 913206K(1522012K)->913206K(1522012K)
[113.965s][info][gc,metaspace   ] GC(70) Metaspace: 115123K(128320K)->115123K(128320K) NonClass: 98332K(106496K)->98332K(106496K) Class: 16791K(21824K)->16791K(21824K)
[113.965s][info][gc             ] GC(70) Pause Young (Allocation Failure) 1486M->950M(2155M) 28.632ms
[113.965s][info][gc,cpu         ] GC(70) User=0.02s Sys=0.02s Real=0.03s
[114.009s][info][gc,start       ] GC(71) Pause Young (Allocation Failure)
[114.033s][info][gc,heap        ] GC(71) DefNew: 669390K(684928K)->45053K(684928K) Eden: 608832K(608832K)->0K(608832K) From: 60558K(76096K)->45053K(76096K)
[114.034s][info][gc,heap        ] GC(71) Tenured: 913206K(1522012K)->961603K(1522012K)
[114.034s][info][gc,metaspace   ] GC(71) Metaspace: 115123K(128320K)->115123K(128320K) NonClass: 98332K(106496K)->98332K(106496K) Class: 16791K(21824K)->16791K(21824K)
[114.034s][info][gc             ] GC(71) Pause Young (Allocation Failure) 1545M->983M(2155M) 24.457ms
[114.034s][info][gc,cpu         ] GC(71) User=0.05s Sys=0.00s Real=0.04s
[114.076s][info][gc,start       ] GC(72) Pause Young (Allocation Failure)
[114.101s][info][gc,heap        ] GC(72) DefNew: 653885K(684928K)->53213K(684928K) Eden: 608832K(608832K)->0K(608832K) From: 45053K(76096K)->53213K(76096K)
[114.101s][info][gc,heap        ] GC(72) Tenured: 961603K(1522012K)->1003264K(1522012K)
[114.101s][info][gc,metaspace   ] GC(72) Metaspace: 115123K(128320K)->115123K(128320K) NonClass: 98332K(106496K)->98332K(106496K) Class: 16791K(21824K)->16791K(21824K)
[114.101s][info][gc             ] GC(72) Pause Young (Allocation Failure) 1577M->1031M(2155M) 24.357ms
[114.101s][info][gc,cpu         ] GC(72) User=0.05s Sys=0.00s Real=0.03s
[114.144s][info][gc,start       ] GC(73) Pause Young (Allocation Failure)
[114.170s][info][gc,heap        ] GC(73) DefNew: 662045K(684928K)->49693K(684928K) Eden: 608832K(608832K)->0K(608832K) From: 53213K(76096K)->49693K(76096K)
[114.170s][info][gc,heap        ] GC(73) Tenured: 1003264K(1522012K)->1054828K(1522012K)
[114.170s][info][gc,metaspace   ] GC(73) Metaspace: 115123K(128320K)->115123K(128320K) NonClass: 98332K(106496K)->98332K(106496K) Class: 16791K(21824K)->16791K(21824K)
[114.170s][info][gc             ] GC(73) Pause Young (Allocation Failure) 1626M->1078M(2155M) 25.486ms
[114.170s][info][gc,cpu         ] GC(73) User=0.03s Sys=0.00s Real=0.03s
[114.212s][info][gc,start       ] GC(74) Pause Young (Allocation Failure)
[114.234s][info][gc,heap        ] GC(74) DefNew: 658525K(684928K)->36441K(684928K) Eden: 608832K(608832K)->0K(608832K) From: 49693K(76096K)->36441K(76096K)
[114.234s][info][gc,heap        ] GC(74) Tenured: 1054828K(1522012K)->1103267K(1522012K)
[114.234s][info][gc,metaspace   ] GC(74) Metaspace: 115123K(128320K)->115123K(128320K) NonClass: 98332K(106496K)->98332K(106496K) Class: 16791K(21824K)->16791K(21824K)
[114.234s][info][gc             ] GC(74) Pause Young (Allocation Failure) 1673M->1112M(2155M) 21.834ms
[114.234s][info][gc,cpu         ] GC(74) User=0.03s Sys=0.00s Real=0.03s
[114.277s][info][gc,start       ] GC(75) Pause Young (Allocation Failure)
[114.291s][info][gc,heap        ] GC(75) DefNew: 645273K(684928K)->52071K(684928K) Eden: 608832K(608832K)->0K(608832K) From: 36441K(76096K)->52071K(76096K)
[114.291s][info][gc,heap        ] GC(75) Tenured: 1103267K(1522012K)->1103267K(1522012K)
[114.291s][info][gc,metaspace   ] GC(75) Metaspace: 115123K(128320K)->115123K(128320K) NonClass: 98332K(106496K)->98332K(106496K) Class: 16791K(21824K)->16791K(21824K)
[114.291s][info][gc             ] GC(75) Pause Young (Allocation Failure) 1707M->1128M(2155M) 14.553ms
[114.291s][info][gc,cpu         ] GC(75) User=0.02s Sys=0.00s Real=0.02s
[114.334s][info][gc,start       ] GC(76) Pause Young (Allocation Failure)
[114.356s][info][gc,heap        ] GC(76) DefNew: 660903K(684928K)->53578K(684928K) Eden: 608832K(608832K)->0K(608832K) From: 52071K(76096K)->53578K(76096K)
[114.356s][info][gc,heap        ] GC(76) Tenured: 1103267K(1522012K)->1137643K(1522012K)
[114.356s][info][gc,metaspace   ] GC(76) Metaspace: 115123K(128320K)->115123K(128320K) NonClass: 98332K(106496K)->98332K(106496K) Class: 16791K(21824K)->16791K(21824K)
[114.356s][info][gc             ] GC(76) Pause Young (Allocation Failure) 1722M->1163M(2155M) 22.284ms
[114.356s][info][gc,cpu         ] GC(76) User=0.03s Sys=0.00s Real=0.03s
[114.403s][info][gc,start       ] GC(77) Pause Young (Allocation Failure)
[114.435s][info][gc,heap        ] GC(77) DefNew: 662410K(684928K)->75423K(684928K) Eden: 608832K(608832K)->0K(608832K) From: 53578K(76096K)->75423K(76096K)
[114.435s][info][gc,heap        ] GC(77) Tenured: 1137643K(1522012K)->1184519K(1522012K)
[114.435s][info][gc,metaspace   ] GC(77) Metaspace: 115123K(128320K)->115123K(128320K) NonClass: 98332K(106496K)->98332K(106496K) Class: 16791K(21824K)->16791K(21824K)
[114.435s][info][gc             ] GC(77) Pause Young (Allocation Failure) 1757M->1230M(2155M) 31.963ms
[114.435s][info][gc,cpu         ] GC(77) User=0.03s Sys=0.00s Real=0.03s
[114.483s][info][gc,start       ] GC(78) Pause Young (Allocation Failure)
[114.528s][info][gc,heap        ] GC(78) DefNew: 684255K(684928K)->75425K(684928K) Eden: 608832K(608832K)->0K(608832K) From: 75423K(76096K)->75425K(76096K)
[114.528s][info][gc,heap        ] GC(78) Tenured: 1184519K(1522012K)->1284521K(1522012K)
[114.528s][info][gc,metaspace   ] GC(78) Metaspace: 115123K(128320K)->115123K(128320K) NonClass: 98332K(106496K)->98332K(106496K) Class: 16791K(21824K)->16791K(21824K)
[114.528s][info][gc             ] GC(78) Pause Young (Allocation Failure) 1824M->1328M(2155M) 45.592ms
[114.528s][info][gc,cpu         ] GC(78) User=0.03s Sys=0.00s Real=0.03s
[114.576s][info][gc,start       ] GC(79) Pause Young (Allocation Failure)
[114.612s][info][gc,heap        ] GC(79) DefNew: 684257K(684928K)->73139K(684928K) Eden: 608832K(608832K)->0K(608832K) From: 75425K(76096K)->73139K(76096K)
[114.612s][info][gc,heap        ] GC(79) Tenured: 1284521K(1522012K)->1359522K(1522012K)
[114.612s][info][gc,metaspace   ] GC(79) Metaspace: 115123K(128320K)->115123K(128320K) NonClass: 98332K(106496K)->98332K(106496K) Class: 16791K(21824K)->16791K(21824K)
[114.612s][info][gc             ] GC(79) Pause Young (Allocation Failure) 1922M->1399M(2155M) 36.605ms
[114.612s][info][gc,cpu         ] GC(79) User=0.03s Sys=0.00s Real=0.03s
[114.659s][info][gc,start       ] GC(80) Pause Young (Allocation Failure)
[114.698s][info][gc,heap        ] GC(80) DefNew: 681971K(684928K)->74088K(684928K) Eden: 608832K(608832K)->0K(608832K) From: 73139K(76096K)->74088K(76096K)
[114.698s][info][gc,heap        ] GC(80) Tenured: 1359522K(1522012K)->1444471K(1522012K)
[114.698s][info][gc,metaspace   ] GC(80) Metaspace: 115123K(128320K)->115123K(128320K) NonClass: 98332K(106496K)->98332K(106496K) Class: 16791K(21824K)->16791K(21824K)
[114.699s][info][gc             ] GC(80) Pause Young (Allocation Failure) 1993M->1482M(2155M) 39.274ms
[114.699s][info][gc,cpu         ] GC(80) User=0.03s Sys=0.00s Real=0.04s
[114.753s][info][gc,start       ] GC(81) Pause Young (Allocation Failure)
[114.840s][info][gc             ] GC(81) Pause Young (Allocation Failure) 2077M->1632M(2227M) 87.159ms
[114.840s][info][gc,cpu         ] GC(81) User=0.06s Sys=0.02s Real=0.08s
[114.840s][info][gc,start       ] GC(82) Pause Full (Allocation Failure)
[114.840s][info][gc,phases,start] GC(82) Phase 1: Mark live objects
[114.892s][info][gc,phases      ] GC(82) Phase 1: Mark live objects 51.591ms
[114.892s][info][gc,phases,start] GC(82) Phase 2: Compute new object addresses
[114.904s][info][gc,phases      ] GC(82) Phase 2: Compute new object addresses 12.415ms
[114.904s][info][gc,phases,start] GC(82) Phase 3: Adjust pointers
[114.933s][info][gc,phases      ] GC(82) Phase 3: Adjust pointers 28.504ms
[114.933s][info][gc,phases,start] GC(82) Phase 4: Move objects
[115.010s][info][gc,phases      ] GC(82) Phase 4: Move objects 77.344ms
[115.013s][info][gc,heap        ] GC(82) DefNew: 682920K(684928K)->0K(926528K) Eden: 608832K(608832K)->0K(823616K) From: 74088K(76096K)->0K(102912K)
[115.013s][info][gc,heap        ] GC(82) Tenured: 1444471K(1522012K)->1235260K(2058772K)
[115.013s][info][gc,metaspace   ] GC(82) Metaspace: 115124K(128320K)->115124K(128320K) NonClass: 98333K(106496K)->98333K(106496K) Class: 16791K(21824K)->16791K(21824K)
[115.013s][info][gc             ] GC(82) Pause Full (Allocation Failure) 1632M->1206M(2915M) 172.786ms
[115.013s][info][gc,cpu         ] GC(82) User=0.17s Sys=0.00s Real=0.17s
[115.108s][info][gc,start       ] GC(83) Pause Young (Allocation Failure)
[115.174s][info][gc,heap        ] GC(83) DefNew: 823616K(926528K)->102890K(926528K) Eden: 823616K(823616K)->0K(823616K) From: 0K(102912K)->102890K(102912K)
[115.174s][info][gc,heap        ] GC(83) Tenured: 1235260K(2058772K)->1294779K(2058772K)
[115.174s][info][gc,metaspace   ] GC(83) Metaspace: 115125K(128320K)->115125K(128320K) NonClass: 98333K(106496K)->98333K(106496K) Class: 16791K(21824K)->16791K(21824K)
[115.174s][info][gc             ] GC(83) Pause Young (Allocation Failure) 2010M->1364M(2915M) 66.853ms
[115.174s][info][gc,cpu         ] GC(83) User=0.03s Sys=0.03s Real=0.06s
[115.235s][info][gc,start       ] GC(84) Pause Young (Allocation Failure)
[115.299s][info][gc,heap        ] GC(84) DefNew: 926506K(926528K)->81866K(926528K) Eden: 823616K(823616K)->0K(823616K) From: 102890K(102912K)->81866K(102912K)
[115.299s][info][gc,heap        ] GC(84) Tenured: 1294779K(2058772K)->1391324K(2058772K)
[115.299s][info][gc,metaspace   ] GC(84) Metaspace: 115125K(128320K)->115125K(128320K) NonClass: 98333K(106496K)->98333K(106496K) Class: 16791K(21824K)->16791K(21824K)
[115.299s][info][gc             ] GC(84) Pause Young (Allocation Failure) 2169M->1438M(2915M) 64.345ms
[115.299s][info][gc,cpu         ] GC(84) User=0.06s Sys=0.00s Real=0.06s
[115.358s][info][gc,start       ] GC(85) Pause Young (Allocation Failure)
[115.391s][info][gc,heap        ] GC(85) DefNew: 905482K(926528K)->66680K(926528K) Eden: 823616K(823616K)->0K(823616K) From: 81866K(102912K)->66680K(102912K)
[115.391s][info][gc,heap        ] GC(85) Tenured: 1391324K(2058772K)->1457937K(2058772K)
[115.391s][info][gc,metaspace   ] GC(85) Metaspace: 115127K(128320K)->115127K(128320K) NonClass: 98335K(106496K)->98335K(106496K) Class: 16791K(21824K)->16791K(21824K)
[115.391s][info][gc             ] GC(85) Pause Young (Allocation Failure) 2242M->1488M(2915M) 33.322ms
[115.391s][info][gc,cpu         ] GC(85) User=0.03s Sys=0.00s Real=0.03s
[115.487s][info][gc,start       ] GC(86) Pause Young (Allocation Failure)
[115.519s][info][gc,heap        ] GC(86) DefNew: 890296K(926528K)->66803K(926528K) Eden: 823616K(823616K)->0K(823616K) From: 66680K(102912K)->66803K(102912K)
[115.519s][info][gc,heap        ] GC(86) Tenured: 1457937K(2058772K)->1517331K(2058772K)
[115.519s][info][gc,metaspace   ] GC(86) Metaspace: 115197K(128320K)->115197K(128320K) NonClass: 98383K(106496K)->98383K(106496K) Class: 16814K(21824K)->16814K(21824K)
[115.519s][info][gc             ] GC(86) Pause Young (Allocation Failure) 2293M->1547M(2915M) 32.561ms
[115.519s][info][gc,cpu         ] GC(86) User=0.03s Sys=0.00s Real=0.03s
[115.582s][info][gc,start       ] GC(87) Pause Young (Allocation Failure)
[115.612s][info][gc,heap        ] GC(87) DefNew: 890419K(926528K)->53730K(926528K) Eden: 823616K(823616K)->0K(823616K) From: 66803K(102912K)->53730K(102912K)
[115.612s][info][gc,heap        ] GC(87) Tenured: 1517331K(2058772K)->1580492K(2058772K)
[115.612s][info][gc,metaspace   ] GC(87) Metaspace: 115217K(128320K)->115217K(128320K) NonClass: 98396K(106496K)->98396K(106496K) Class: 16821K(21824K)->16821K(21824K)
[115.612s][info][gc             ] GC(87) Pause Young (Allocation Failure) 2351M->1595M(2915M) 30.289ms
[115.612s][info][gc,cpu         ] GC(87) User=0.05s Sys=0.00s Real=0.03s
[115.688s][info][gc,start       ] GC(88) Pause Young (Allocation Failure)
[115.726s][info][gc,heap        ] GC(88) DefNew: 877346K(926528K)->50358K(926528K) Eden: 823616K(823616K)->0K(823616K) From: 53730K(102912K)->50358K(102912K)
[115.726s][info][gc,heap        ] GC(88) Tenured: 1580492K(2058772K)->1633631K(2058772K)
[115.726s][info][gc,metaspace   ] GC(88) Metaspace: 115219K(128320K)->115219K(128320K) NonClass: 98397K(106496K)->98397K(106496K) Class: 16822K(21824K)->16822K(21824K)
[115.726s][info][gc             ] GC(88) Pause Young (Allocation Failure) 2400M->1644M(2915M) 37.892ms
[115.726s][info][gc,cpu         ] GC(88) User=0.03s Sys=0.00s Real=0.03s
[115.791s][info][gc,start       ] GC(89) Pause Young (Allocation Failure)
[115.823s][info][gc,heap        ] GC(89) DefNew: 873974K(926528K)->97394K(926528K) Eden: 823616K(823616K)->0K(823616K) From: 50358K(102912K)->97394K(102912K)
[115.823s][info][gc,heap        ] GC(89) Tenured: 1633631K(2058772K)->1646131K(2058772K)
[115.823s][info][gc,metaspace   ] GC(89) Metaspace: 115241K(128320K)->115241K(128320K) NonClass: 98414K(106496K)->98414K(106496K) Class: 16826K(21824K)->16826K(21824K)
[115.823s][info][gc             ] GC(89) Pause Young (Allocation Failure) 2448M->1702M(2915M) 32.470ms
[115.823s][info][gc,cpu         ] GC(89) User=0.02s Sys=0.02s Real=0.03s
[115.895s][info][gc,start       ] GC(90) Pause Young (Allocation Failure)
[115.981s][info][gc,heap        ] GC(90) DefNew: 921010K(926528K)->98311K(926528K) Eden: 823616K(823616K)->0K(823616K) From: 97394K(102912K)->98311K(102912K)
[115.981s][info][gc,heap        ] GC(90) Tenured: 1646131K(2058772K)->1768027K(2058772K)
[115.981s][info][gc,metaspace   ] GC(90) Metaspace: 115262K(128320K)->115262K(128320K) NonClass: 98432K(106496K)->98432K(106496K) Class: 16830K(21824K)->16830K(21824K)
[115.981s][info][gc             ] GC(90) Pause Young (Allocation Failure) 2506M->1822M(2915M) 86.372ms
[115.981s][info][gc,cpu         ] GC(90) User=0.03s Sys=0.05s Real=0.08s
[116.058s][info][gc,start       ] GC(91) Pause Young (Allocation Failure)
[116.147s][info][gc,heap        ] GC(91) DefNew: 921927K(926528K)->100860K(926528K) Eden: 823616K(823616K)->0K(823616K) From: 98311K(102912K)->100860K(102912K)
[116.158s][info][gc,heap        ] GC(91) Tenured: 1768027K(2058772K)->1878130K(2058772K)
[116.158s][info][gc,metaspace   ] GC(91) Metaspace: 115284K(128320K)->115284K(128320K) NonClass: 98451K(106496K)->98451K(106496K) Class: 16833K(21824K)->16833K(21824K)
[116.159s][info][gc             ] GC(91) Pause Young (Allocation Failure) 2626M->1932M(2915M) 100.647ms
[116.159s][info][gc,cpu         ] GC(91) User=0.02s Sys=0.06s Real=0.09s
[116.224s][info][gc,start       ] GC(92) Pause Young (Allocation Failure)
[116.325s][info][gc,heap        ] GC(92) DefNew: 924476K(926528K)->102912K(926528K) Eden: 823616K(823616K)->0K(823616K) From: 100860K(102912K)->102912K(102912K)
[116.325s][info][gc,heap        ] GC(92) Tenured: 1878130K(2058772K)->2031927K(2058772K)
[116.325s][info][gc,metaspace   ] GC(92) Metaspace: 115301K(128320K)->115301K(128320K) NonClass: 98464K(106496K)->98464K(106496K) Class: 16836K(21824K)->16836K(21824K)
[116.325s][info][gc             ] GC(92) Pause Young (Allocation Failure) 2736M->2084M(2915M) 101.175ms
[116.326s][info][gc,cpu         ] GC(92) User=0.06s Sys=0.05s Real=0.11s
[116.408s][info][gc,start       ] GC(93) Pause Young (Allocation Failure)
[116.519s][info][gc             ] GC(93) Pause Young (Allocation Failure) 2889M->2238M(3043M) 111.095ms
[116.519s][info][gc,cpu         ] GC(93) User=0.05s Sys=0.06s Real=0.11s
[116.519s][info][gc,start       ] GC(94) Pause Full (Allocation Failure)
[116.519s][info][gc,phases,start] GC(94) Phase 1: Mark live objects
[116.579s][info][gc,phases      ] GC(94) Phase 1: Mark live objects 59.816ms
[116.579s][info][gc,phases,start] GC(94) Phase 2: Compute new object addresses
[116.593s][info][gc,phases      ] GC(94) Phase 2: Compute new object addresses 14.232ms
[116.593s][info][gc,phases,start] GC(94) Phase 3: Adjust pointers
[116.619s][info][gc,phases      ] GC(94) Phase 3: Adjust pointers 25.906ms
[116.619s][info][gc,phases,start] GC(94) Phase 4: Move objects
[116.724s][info][gc,phases      ] GC(94) Phase 4: Move objects 105.296ms
[116.727s][info][gc,heap        ] GC(94) DefNew: 926528K(926528K)->0K(1044480K) Eden: 823616K(823616K)->0K(928448K) From: 102912K(102912K)->0K(116032K)
[116.727s][info][gc,heap        ] GC(94) Tenured: 2031927K(2058772K)->1392582K(2320972K)
[116.727s][info][gc,metaspace   ] GC(94) Metaspace: 115347K(128320K)->115347K(128320K) NonClass: 98509K(106496K)->98509K(106496K) Class: 16838K(21824K)->16838K(21824K)
[116.727s][info][gc             ] GC(94) Pause Full (Allocation Failure) 2238M->1359M(3286M) 207.941ms
[116.727s][info][gc,cpu         ] GC(94) User=0.20s Sys=0.00s Real=0.20s
[116.798s][info][gc,start       ] GC(95) Pause Young (Allocation Failure)
[116.858s][info][gc,heap        ] GC(95) DefNew: 928448K(1044480K)->115954K(1044480K) Eden: 928448K(928448K)->0K(928448K) From: 0K(116032K)->115954K(116032K)
[116.858s][info][gc,heap        ] GC(95) Tenured: 1392582K(2320972K)->1392582K(2320972K)
[116.858s][info][gc,metaspace   ] GC(95) Metaspace: 115357K(128320K)->115357K(128320K) NonClass: 98517K(106496K)->98517K(106496K) Class: 16839K(21824K)->16839K(21824K)
[116.858s][info][gc             ] GC(95) Pause Young (Allocation Failure) 2266M->1473M(3286M) 59.426ms
[116.858s][info][gc,cpu         ] GC(95) User=0.00s Sys=0.06s Real=0.06s
[116.927s][info][gc,start       ] GC(96) Pause Young (Allocation Failure)
[116.969s][info][gc,heap        ] GC(96) DefNew: 1044402K(1044480K)->74603K(1044480K) Eden: 928448K(928448K)->0K(928448K) From: 115954K(116032K)->74603K(116032K)
[116.969s][info][gc,heap        ] GC(96) Tenured: 1392582K(2320972K)->1485822K(2320972K)
[116.969s][info][gc,metaspace   ] GC(96) Metaspace: 115414K(128320K)->115414K(128320K) NonClass: 98572K(106496K)->98572K(106496K) Class: 16841K(21824K)->16841K(21824K)
[116.969s][info][gc             ] GC(96) Pause Young (Allocation Failure) 2379M->1523M(3286M) 42.015ms
[116.969s][info][gc,cpu         ] GC(96) User=0.05s Sys=0.00s Real=0.05s
[117.106s][info][gc,start       ] GC(97) Pause Young (Allocation Failure)
[117.140s][info][gc,heap        ] GC(97) DefNew: 1003051K(1044480K)->62174K(1044480K) Eden: 928448K(928448K)->0K(928448K) From: 74603K(116032K)->62174K(116032K)
[117.140s][info][gc,heap        ] GC(97) Tenured: 1485822K(2320972K)->1550584K(2320972K)
[117.140s][info][gc,metaspace   ] GC(97) Metaspace: 115587K(128320K)->115587K(128320K) NonClass: 98724K(106496K)->98724K(106496K) Class: 16863K(21824K)->16863K(21824K)
[117.140s][info][gc             ] GC(97) Pause Young (Allocation Failure) 2430M->1574M(3286M) 34.158ms
[117.140s][info][gc,cpu         ] GC(97) User=0.03s Sys=0.00s Real=0.03s
[117.208s][info][gc,start       ] GC(98) Pause Young (Allocation Failure)
[117.238s][info][gc,heap        ] GC(98) DefNew: 990622K(1044480K)->59806K(1044480K) Eden: 928448K(928448K)->0K(928448K) From: 62174K(116032K)->59806K(116032K)
[117.238s][info][gc,heap        ] GC(98) Tenured: 1550584K(2320972K)->1611543K(2320972K)
[117.238s][info][gc,metaspace   ] GC(98) Metaspace: 115641K(128320K)->115641K(128320K) NonClass: 98765K(106496K)->98765K(106496K) Class: 16875K(21824K)->16875K(21824K)
[117.239s][info][gc             ] GC(98) Pause Young (Allocation Failure) 2481M->1632M(3286M) 30.699ms
[117.239s][info][gc,cpu         ] GC(98) User=0.03s Sys=0.00s Real=0.03s
[117.435s][info][gc,start       ] GC(99) Pause Young (Allocation Failure)
[117.469s][info][gc,heap        ] GC(99) DefNew: 988254K(1044480K)->74075K(1044480K) Eden: 928448K(928448K)->0K(928448K) From: 59806K(116032K)->74075K(116032K)
[117.469s][info][gc,heap        ] GC(99) Tenured: 1611543K(2320972K)->1664682K(2320972K)
[117.469s][info][gc,metaspace   ] GC(99) Metaspace: 116331K(128320K)->116331K(128320K) NonClass: 99349K(106496K)->99349K(106496K) Class: 16981K(21824K)->16981K(21824K)
[117.469s][info][gc             ] GC(99) Pause Young (Allocation Failure) 2538M->1698M(3286M) 34.262ms
[117.469s][info][gc,cpu         ] GC(99) User=0.03s Sys=0.00s Real=0.03s
[117.666s][info][gc,start       ] GC(100) Pause Young (Allocation Failure)
[117.708s][info][gc,heap        ] GC(100) DefNew: 1002523K(1044480K)->99203K(1044480K) Eden: 928448K(928448K)->0K(928448K) From: 74075K(116032K)->99203K(116032K)
[117.708s][info][gc,heap        ] GC(100) Tenured: 1664682K(2320972K)->1731887K(2320972K)
[117.708s][info][gc,metaspace   ] GC(100) Metaspace: 116443K(128320K)->116443K(128320K) NonClass: 99461K(106496K)->99461K(106496K) Class: 16981K(21824K)->16981K(21824K)
[117.708s][info][gc             ] GC(100) Pause Young (Allocation Failure) 2604M->1788M(3286M) 41.863ms
[117.708s][info][gc,cpu         ] GC(100) User=0.11s Sys=0.00s Real=0.05s
[117.854s][info][gc,start       ] GC(101) Pause Young (Allocation Failure)
[117.886s][info][gc,heap        ] GC(101) DefNew: 1027651K(1044480K)->26452K(1044480K) Eden: 928448K(928448K)->0K(928448K) From: 99203K(116032K)->26452K(116032K)
[117.886s][info][gc,heap        ] GC(101) Tenured: 1731887K(2320972K)->1830956K(2320972K)
[117.886s][info][gc,metaspace   ] GC(101) Metaspace: 116461K(128320K)->116461K(128320K) NonClass: 99479K(106496K)->99479K(106496K) Class: 16981K(21824K)->16981K(21824K)
[117.886s][info][gc             ] GC(101) Pause Young (Allocation Failure) 2694M->1813M(3286M) 32.166ms
[117.886s][info][gc,cpu         ] GC(101) User=0.11s Sys=0.00s Real=0.03s
[117.999s][info][gc,start       ] GC(102) Pause Young (Allocation Failure)
[118.025s][info][gc,heap        ] GC(102) DefNew: 954900K(1044480K)->80413K(1044480K) Eden: 928448K(928448K)->0K(928448K) From: 26452K(116032K)->80413K(116032K)
[118.025s][info][gc,heap        ] GC(102) Tenured: 1830956K(2320972K)->1830956K(2320972K)
[118.025s][info][gc,metaspace   ] GC(102) Metaspace: 116786K(128384K)->116786K(128384K) NonClass: 99752K(106560K)->99752K(106560K) Class: 17033K(21824K)->17033K(21824K)
[118.025s][info][gc             ] GC(102) Pause Young (Allocation Failure) 2720M->1866M(3286M) 26.329ms
[118.025s][info][gc,cpu         ] GC(102) User=0.06s Sys=0.00s Real=0.02s
[118.152s][info][gc,start       ] GC(103) Pause Young (Allocation Failure)
[118.175s][info][gc,heap        ] GC(103) DefNew: 1007992K(1044480K)->55380K(1044480K) Eden: 927578K(928448K)->0K(928448K) From: 80413K(116032K)->55380K(116032K)
[118.175s][info][gc,heap        ] GC(103) Tenured: 1830956K(2320972K)->1857293K(2320972K)
[118.175s][info][gc,metaspace   ] GC(103) Metaspace: 116951K(128384K)->116951K(128384K) NonClass: 99899K(106560K)->99899K(106560K) Class: 17051K(21824K)->17051K(21824K)
[118.175s][info][gc             ] GC(103) Pause Young (Allocation Failure) 2772M->1867M(3286M) 22.770ms
[118.175s][info][gc,cpu         ] GC(103) User=0.02s Sys=0.00s Real=0.02s
[118.376s][info][gc,start       ] GC(104) Pause Young (Allocation Failure)
[118.419s][info][gc,heap        ] GC(104) DefNew: 983828K(1044480K)->113244K(1044480K) Eden: 928448K(928448K)->0K(928448K) From: 55380K(116032K)->113244K(116032K)
[118.419s][info][gc,heap        ] GC(104) Tenured: 1857293K(2320972K)->1872282K(2320972K)
[118.419s][info][gc,metaspace   ] GC(104) Metaspace: 117736K(128384K)->117736K(128384K) NonClass: 100516K(106560K)->100516K(106560K) Class: 17219K(21824K)->17219K(21824K)
[118.419s][info][gc             ] GC(104) Pause Young (Allocation Failure) 2774M->1938M(3286M) 42.739ms
[118.419s][info][gc,cpu         ] GC(104) User=0.05s Sys=0.00s Real=0.05s
[118.614s][info][gc,start       ] GC(105) Pause Young (Allocation Failure)
[118.649s][info][gc,heap        ] GC(105) DefNew: 1041692K(1044480K)->14292K(1044480K) Eden: 928448K(928448K)->0K(928448K) From: 113244K(116032K)->14292K(116032K)
[118.649s][info][gc,heap        ] GC(105) Tenured: 1872282K(2320972K)->1984970K(2320972K)
[118.649s][info][gc,metaspace   ] GC(105) Metaspace: 117818K(128448K)->117818K(128448K) NonClass: 100598K(106624K)->100598K(106624K) Class: 17219K(21824K)->17219K(21824K)
[118.649s][info][gc             ] GC(105) Pause Young (Allocation Failure) 2845M->1952M(3286M) 34.529ms
[118.649s][info][gc,cpu         ] GC(105) User=0.03s Sys=0.00s Real=0.03s
[118.793s][info][gc,start       ] GC(106) Pause Young (Allocation Failure)
[118.851s][info][gc,heap        ] GC(106) DefNew: 942740K(1044480K)->115470K(1044480K) Eden: 928448K(928448K)->0K(928448K) From: 14292K(116032K)->115470K(116032K)
[118.851s][info][gc,heap        ] GC(106) Tenured: 1984970K(2320972K)->2093645K(2320972K)
[118.851s][info][gc,metaspace   ] GC(106) Metaspace: 117841K(128448K)->117841K(128448K) NonClass: 100621K(106624K)->100621K(106624K) Class: 17219K(21824K)->17219K(21824K)
[118.851s][info][gc             ] GC(106) Pause Young (Allocation Failure) 2859M->2157M(3286M) 58.441ms
[118.852s][info][gc,cpu         ] GC(106) User=0.03s Sys=0.02s Real=0.05s
[118.936s][info][gc,start       ] GC(107) Pause Young (Allocation Failure)
[118.985s][info][gc,heap        ] GC(107) DefNew: 1043918K(1044480K)->86554K(1044480K) Eden: 928448K(928448K)->0K(928448K) From: 115470K(116032K)->86554K(116032K)
[119.209s][info][gc,heap        ] GC(107) Tenured: 2093645K(2320972K)->2190195K(2320972K)
[119.209s][info][gc,metaspace   ] GC(107) Metaspace: 117899K(128448K)->117899K(128448K) NonClass: 100680K(106624K)->100680K(106624K) Class: 17219K(21824K)->17219K(21824K)
[119.209s][info][gc             ] GC(107) Pause Young (Allocation Failure) 3064M->2223M(3286M) 273.012ms
[119.209s][info][gc,cpu         ] GC(107) User=0.06s Sys=0.00s Real=0.27s
[119.285s][info][gc,start       ] GC(108) Pause Young (Allocation Failure)
[119.329s][info][gc,heap        ] GC(108) DefNew: 1015002K(1044480K)->11687K(1044480K) Eden: 928448K(928448K)->0K(928448K) From: 86554K(116032K)->11687K(116032K)
[119.329s][info][gc,heap        ] GC(108) Tenured: 2190195K(2320972K)->2270380K(2320972K)
[119.329s][info][gc,metaspace   ] GC(108) Metaspace: 117932K(128448K)->117932K(128448K) NonClass: 100712K(106624K)->100712K(106624K) Class: 17219K(21824K)->17219K(21824K)
[119.329s][info][gc             ] GC(108) Pause Young (Allocation Failure) 3130M->2228M(3286M) 43.886ms
[119.329s][info][gc,cpu         ] GC(108) User=0.14s Sys=0.00s Real=0.05s
[119.397s][info][gc,start       ] GC(109) Pause Young (Allocation Failure)
[119.403s][info][gc,heap        ] GC(109) DefNew: 940135K(1044480K)->11689K(1044480K) Eden: 928448K(928448K)->0K(928448K) From: 11687K(116032K)->11689K(116032K)
[119.403s][info][gc,heap        ] GC(109) Tenured: 2270380K(2320972K)->2270380K(2320972K)
[119.403s][info][gc,metaspace   ] GC(109) Metaspace: 117932K(128448K)->117932K(128448K) NonClass: 100712K(106624K)->100712K(106624K) Class: 17219K(21824K)->17219K(21824K)
[119.403s][info][gc             ] GC(109) Pause Young (Allocation Failure) 3135M->2228M(3286M) 6.001ms
[119.403s][info][gc,cpu         ] GC(109) User=0.00s Sys=0.00s Real=0.00s
[119.469s][info][gc,start       ] GC(110) Pause Young (Allocation Failure)
[119.478s][info][gc,heap        ] GC(110) DefNew: 940137K(1044480K)->11681K(1044480K) Eden: 928448K(928448K)->0K(928448K) From: 11689K(116032K)->11681K(116032K)
[119.478s][info][gc,heap        ] GC(110) Tenured: 2270380K(2320972K)->2270380K(2320972K)
[119.478s][info][gc,metaspace   ] GC(110) Metaspace: 117932K(128448K)->117932K(128448K) NonClass: 100712K(106624K)->100712K(106624K) Class: 17219K(21824K)->17219K(21824K)
[119.478s][info][gc             ] GC(110) Pause Young (Allocation Failure) 3135M->2228M(3286M) 9.432ms
[119.479s][info][gc,cpu         ] GC(110) User=0.02s Sys=0.00s Real=0.02s
[119.544s][info][gc,start       ] GC(111) Pause Young (Allocation Failure)
[119.550s][info][gc,heap        ] GC(111) DefNew: 940129K(1044480K)->11968K(1044480K) Eden: 928448K(928448K)->0K(928448K) From: 11681K(116032K)->11968K(116032K)
[119.550s][info][gc,heap        ] GC(111) Tenured: 2270380K(2320972K)->2270380K(2320972K)
[119.550s][info][gc,metaspace   ] GC(111) Metaspace: 117933K(128448K)->117933K(128448K) NonClass: 100714K(106624K)->100714K(106624K) Class: 17219K(21824K)->17219K(21824K)
[119.550s][info][gc             ] GC(111) Pause Young (Allocation Failure) 3135M->2228M(3286M) 6.163ms
[119.550s][info][gc,cpu         ] GC(111) User=0.00s Sys=0.00s Real=0.00s
[119.616s][info][gc,start       ] GC(112) Pause Young (Allocation Failure)
[119.622s][info][gc,heap        ] GC(112) DefNew: 940416K(1044480K)->11955K(1044480K) Eden: 928448K(928448K)->0K(928448K) From: 11968K(116032K)->11955K(116032K)
[119.622s][info][gc,heap        ] GC(112) Tenured: 2270380K(2320972K)->2270380K(2320972K)
[119.622s][info][gc,metaspace   ] GC(112) Metaspace: 117934K(128448K)->117934K(128448K) NonClass: 100715K(106624K)->100715K(106624K) Class: 17219K(21824K)->17219K(21824K)
[119.623s][info][gc             ] GC(112) Pause Young (Allocation Failure) 3135M->2228M(3286M) 6.367ms
[119.623s][info][gc,cpu         ] GC(112) User=0.02s Sys=0.00s Real=0.02s
[119.687s][info][gc,start       ] GC(113) Pause Young (Allocation Failure)
[119.693s][info][gc,heap        ] GC(113) DefNew: 940403K(1044480K)->11935K(1044480K) Eden: 928448K(928448K)->0K(928448K) From: 11955K(116032K)->11935K(116032K)
[119.693s][info][gc,heap        ] GC(113) Tenured: 2270380K(2320972K)->2270380K(2320972K)
[119.693s][info][gc,metaspace   ] GC(113) Metaspace: 117952K(128448K)->117952K(128448K) NonClass: 100732K(106624K)->100732K(106624K) Class: 17219K(21824K)->17219K(21824K)
[119.693s][info][gc             ] GC(113) Pause Young (Allocation Failure) 3135M->2228M(3286M) 5.897ms
[119.693s][info][gc,cpu         ] GC(113) User=0.00s Sys=0.00s Real=0.00s
[119.758s][info][gc,start       ] GC(114) Pause Young (Allocation Failure)
[119.765s][info][gc,heap        ] GC(114) DefNew: 940383K(1044480K)->12164K(1044480K) Eden: 928448K(928448K)->0K(928448K) From: 11935K(116032K)->12164K(116032K)
[119.765s][info][gc,heap        ] GC(114) Tenured: 2270380K(2320972K)->2270380K(2320972K)
[119.765s][info][gc,metaspace   ] GC(114) Metaspace: 117954K(128448K)->117954K(128448K) NonClass: 100734K(106624K)->100734K(106624K) Class: 17219K(21824K)->17219K(21824K)
[119.765s][info][gc             ] GC(114) Pause Young (Allocation Failure) 3135M->2229M(3286M) 6.538ms
[119.765s][info][gc,cpu         ] GC(114) User=0.00s Sys=0.00s Real=0.00s
[119.829s][info][gc,start       ] GC(115) Pause Young (Allocation Failure)
[119.837s][info][gc,heap        ] GC(115) DefNew: 940612K(1044480K)->12045K(1044480K) Eden: 928448K(928448K)->0K(928448K) From: 12164K(116032K)->12045K(116032K)
[119.837s][info][gc,heap        ] GC(115) Tenured: 2270380K(2320972K)->2270380K(2320972K)
[119.837s][info][gc,metaspace   ] GC(115) Metaspace: 117965K(128448K)->117965K(128448K) NonClass: 100745K(106624K)->100745K(106624K) Class: 17219K(21824K)->17219K(21824K)
[119.837s][info][gc             ] GC(115) Pause Young (Allocation Failure) 3135M->2228M(3286M) 7.149ms
[119.837s][info][gc,cpu         ] GC(115) User=0.02s Sys=0.00s Real=0.02s
[119.901s][info][gc,start       ] GC(116) Pause Young (Allocation Failure)
[119.910s][info][gc,heap        ] GC(116) DefNew: 940493K(1044480K)->12058K(1044480K) Eden: 928448K(928448K)->0K(928448K) From: 12045K(116032K)->12058K(116032K)
[119.910s][info][gc,heap        ] GC(116) Tenured: 2270380K(2320972K)->2270380K(2320972K)
[119.910s][info][gc,metaspace   ] GC(116) Metaspace: 117965K(128448K)->117965K(128448K) NonClass: 100745K(106624K)->100745K(106624K) Class: 17219K(21824K)->17219K(21824K)
[119.910s][info][gc             ] GC(116) Pause Young (Allocation Failure) 3135M->2228M(3286M) 9.763ms
[119.910s][info][gc,cpu         ] GC(116) User=0.02s Sys=0.00s Real=0.02s
[119.974s][info][gc,start       ] GC(117) Pause Young (Allocation Failure)
[119.983s][info][gc,heap        ] GC(117) DefNew: 940506K(1044480K)->12030K(1044480K) Eden: 928448K(928448K)->0K(928448K) From: 12058K(116032K)->12030K(116032K)
[119.983s][info][gc,heap        ] GC(117) Tenured: 2270380K(2320972K)->2270380K(2320972K)
[119.983s][info][gc,metaspace   ] GC(117) Metaspace: 117965K(128448K)->117965K(128448K) NonClass: 100745K(106624K)->100745K(106624K) Class: 17219K(21824K)->17219K(21824K)
[119.983s][info][gc             ] GC(117) Pause Young (Allocation Failure) 3135M->2228M(3286M) 9.635ms
[119.983s][info][gc,cpu         ] GC(117) User=0.00s Sys=0.00s Real=0.00s
[120.047s][info][gc,start       ] GC(118) Pause Young (Allocation Failure)
[120.054s][info][gc,heap        ] GC(118) DefNew: 940478K(1044480K)->12153K(1044480K) Eden: 928448K(928448K)->0K(928448K) From: 12030K(116032K)->12153K(116032K)
[120.054s][info][gc,heap        ] GC(118) Tenured: 2270380K(2320972K)->2270380K(2320972K)
[120.054s][info][gc,metaspace   ] GC(118) Metaspace: 117965K(128448K)->117965K(128448K) NonClass: 100745K(106624K)->100745K(106624K) Class: 17219K(21824K)->17219K(21824K)
[120.054s][info][gc             ] GC(118) Pause Young (Allocation Failure) 3135M->2229M(3286M) 7.367ms
[120.054s][info][gc,cpu         ] GC(118) User=0.02s Sys=0.00s Real=0.02s
[120.120s][info][gc,start       ] GC(119) Pause Young (Allocation Failure)
[120.128s][info][gc,heap        ] GC(119) DefNew: 940601K(1044480K)->13002K(1044480K) Eden: 928448K(928448K)->0K(928448K) From: 12153K(116032K)->13002K(116032K)
[120.128s][info][gc,heap        ] GC(119) Tenured: 2270380K(2320972K)->2270380K(2320972K)
[120.128s][info][gc,metaspace   ] GC(119) Metaspace: 117975K(128448K)->117975K(128448K) NonClass: 100755K(106624K)->100755K(106624K) Class: 17219K(21824K)->17219K(21824K)
[120.128s][info][gc             ] GC(119) Pause Young (Allocation Failure) 3135M->2229M(3286M) 8.227ms
[120.128s][info][gc,cpu         ] GC(119) User=0.03s Sys=0.00s Real=0.01s
[121.227s][info][gc,start       ] GC(120) Pause Full (System.gc())
[121.227s][info][gc,phases,start] GC(120) Phase 1: Mark live objects
[121.345s][info][gc,phases      ] GC(120) Phase 1: Mark live objects 118.316ms
[121.345s][info][gc,phases,start] GC(120) Phase 2: Compute new object addresses
[121.440s][info][gc,phases      ] GC(120) Phase 2: Compute new object addresses 94.784ms
[121.440s][info][gc,phases,start] GC(120) Phase 3: Adjust pointers
[121.470s][info][gc,phases      ] GC(120) Phase 3: Adjust pointers 29.795ms
[121.470s][info][gc,phases,start] GC(120) Phase 4: Move objects
[121.548s][info][gc,phases      ] GC(120) Phase 4: Move objects 77.399ms
[121.550s][info][gc,heap        ] GC(120) DefNew: 382899K(1044480K)->0K(1120896K) Eden: 369896K(928448K)->0K(996352K) From: 13002K(116032K)->0K(124544K)
[121.550s][info][gc,heap        ] GC(120) Tenured: 2270380K(2320972K)->1494505K(2490844K)
[121.550s][info][gc,metaspace   ] GC(120) Metaspace: 120490K(128576K)->120484K(128576K) NonClass: 102902K(106752K)->102898K(106752K) Class: 17588K(21824K)->17586K(21824K)
[121.550s][info][gc             ] GC(120) Pause Full (System.gc()) 2591M->1459M(3527M) 322.690ms
[121.550s][info][gc,cpu         ] GC(120) User=0.30s Sys=0.03s Real=0.33s
[121.878s][info][gc,start       ] GC(121) Pause Young (Allocation Failure)
[121.891s][info][gc,heap        ] GC(121) DefNew: 996352K(1120896K)->6824K(1120896K) Eden: 996352K(996352K)->0K(996352K) From: 0K(124544K)->6824K(124544K)
[121.891s][info][gc,heap        ] GC(121) Tenured: 1494505K(2490844K)->1494505K(2490844K)
[121.891s][info][gc,metaspace   ] GC(121) Metaspace: 120989K(128576K)->120989K(128576K) NonClass: 103347K(106752K)->103347K(106752K) Class: 17641K(21824K)->17641K(21824K)
[121.891s][info][gc             ] GC(121) Pause Young (Allocation Failure) 2432M->1466M(3527M) 13.647ms
[121.891s][info][gc,cpu         ] GC(121) User=0.06s Sys=0.00s Real=0.01s
[121.959s][info][gc,start       ] GC(122) Pause Young (Allocation Failure)
[121.968s][info][gc,heap        ] GC(122) DefNew: 1003176K(1120896K)->6827K(1120896K) Eden: 996352K(996352K)->0K(996352K) From: 6824K(124544K)->6827K(124544K)
[121.968s][info][gc,heap        ] GC(122) Tenured: 1494505K(2490844K)->1494505K(2490844K)
[121.968s][info][gc,metaspace   ] GC(122) Metaspace: 120990K(128576K)->120990K(128576K) NonClass: 103349K(106752K)->103349K(106752K) Class: 17641K(21824K)->17641K(21824K)
[121.968s][info][gc             ] GC(122) Pause Young (Allocation Failure) 2439M->1466M(3527M) 8.337ms
[121.968s][info][gc,cpu         ] GC(122) User=0.00s Sys=0.00s Real=0.00s
[122.036s][info][gc,start       ] GC(123) Pause Young (Allocation Failure)
[122.047s][info][gc,heap        ] GC(123) DefNew: 1003179K(1120896K)->6828K(1120896K) Eden: 996352K(996352K)->0K(996352K) From: 6827K(124544K)->6828K(124544K)
[122.047s][info][gc,heap        ] GC(123) Tenured: 1494505K(2490844K)->1494505K(2490844K)
[122.047s][info][gc,metaspace   ] GC(123) Metaspace: 120991K(128576K)->120991K(128576K) NonClass: 103349K(106752K)->103349K(106752K) Class: 17641K(21824K)->17641K(21824K)
[122.047s][info][gc             ] GC(123) Pause Young (Allocation Failure) 2439M->1466M(3527M) 11.399ms
[122.047s][info][gc,cpu         ] GC(123) User=0.05s Sys=0.00s Real=0.02s
[122.115s][info][gc,start       ] GC(124) Pause Young (Allocation Failure)
[122.124s][info][gc,heap        ] GC(124) DefNew: 1003180K(1120896K)->6830K(1120896K) Eden: 996352K(996352K)->0K(996352K) From: 6828K(124544K)->6830K(124544K)
[122.124s][info][gc,heap        ] GC(124) Tenured: 1494505K(2490844K)->1494505K(2490844K)
[122.124s][info][gc,metaspace   ] GC(124) Metaspace: 120991K(128576K)->120991K(128576K) NonClass: 103349K(106752K)->103349K(106752K) Class: 17641K(21824K)->17641K(21824K)
[122.124s][info][gc             ] GC(124) Pause Young (Allocation Failure) 2439M->1466M(3527M) 8.986ms
[122.124s][info][gc,cpu         ] GC(124) User=0.00s Sys=0.00s Real=0.00s
[122.192s][info][gc,start       ] GC(125) Pause Young (Allocation Failure)
[122.204s][info][gc,heap        ] GC(125) DefNew: 1003182K(1120896K)->6828K(1120896K) Eden: 996352K(996352K)->0K(996352K) From: 6830K(124544K)->6828K(124544K)
[122.204s][info][gc,heap        ] GC(125) Tenured: 1494505K(2490844K)->1494505K(2490844K)
[122.204s][info][gc,metaspace   ] GC(125) Metaspace: 120991K(128576K)->120991K(128576K) NonClass: 103349K(106752K)->103349K(106752K) Class: 17641K(21824K)->17641K(21824K)
[122.204s][info][gc             ] GC(125) Pause Young (Allocation Failure) 2439M->1466M(3527M) 11.578ms
[122.204s][info][gc,cpu         ] GC(125) User=0.06s Sys=0.00s Real=0.02s
[122.271s][info][gc,start       ] GC(126) Pause Young (Allocation Failure)
[122.283s][info][gc,heap        ] GC(126) DefNew: 1003180K(1120896K)->6843K(1120896K) Eden: 996352K(996352K)->0K(996352K) From: 6828K(124544K)->6843K(124544K)
[122.283s][info][gc,heap        ] GC(126) Tenured: 1494505K(2490844K)->1494505K(2490844K)
[122.283s][info][gc,metaspace   ] GC(126) Metaspace: 120991K(128576K)->120991K(128576K) NonClass: 103349K(106752K)->103349K(106752K) Class: 17641K(21824K)->17641K(21824K)
[122.283s][info][gc             ] GC(126) Pause Young (Allocation Failure) 2439M->1466M(3527M) 11.611ms
[122.283s][info][gc,cpu         ] GC(126) User=0.06s Sys=0.00s Real=0.02s
[122.351s][info][gc,start       ] GC(127) Pause Young (Allocation Failure)
[122.362s][info][gc,heap        ] GC(127) DefNew: 1003195K(1120896K)->6837K(1120896K) Eden: 996352K(996352K)->0K(996352K) From: 6843K(124544K)->6837K(124544K)
[122.363s][info][gc,heap        ] GC(127) Tenured: 1494505K(2490844K)->1494505K(2490844K)
[122.363s][info][gc,metaspace   ] GC(127) Metaspace: 120991K(128576K)->120991K(128576K) NonClass: 103349K(106752K)->103349K(106752K) Class: 17641K(21824K)->17641K(21824K)
[122.363s][info][gc             ] GC(127) Pause Young (Allocation Failure) 2439M->1466M(3527M) 11.368ms
[122.363s][info][gc,cpu         ] GC(127) User=0.05s Sys=0.00s Real=0.02s
[122.432s][info][gc,start       ] GC(128) Pause Young (Allocation Failure)
[122.440s][info][gc,heap        ] GC(128) DefNew: 1003189K(1120896K)->6822K(1120896K) Eden: 996352K(996352K)->0K(996352K) From: 6837K(124544K)->6822K(124544K)
[122.440s][info][gc,heap        ] GC(128) Tenured: 1494505K(2490844K)->1494505K(2490844K)
[122.440s][info][gc,metaspace   ] GC(128) Metaspace: 120991K(128576K)->120991K(128576K) NonClass: 103349K(106752K)->103349K(106752K) Class: 17641K(21824K)->17641K(21824K)
[122.440s][info][gc             ] GC(128) Pause Young (Allocation Failure) 2439M->1466M(3527M) 8.507ms
[122.440s][info][gc,cpu         ] GC(128) User=0.05s Sys=0.00s Real=0.01s
[122.509s][info][gc,start       ] GC(129) Pause Young (Allocation Failure)
[122.517s][info][gc,heap        ] GC(129) DefNew: 1003174K(1120896K)->6828K(1120896K) Eden: 996352K(996352K)->0K(996352K) From: 6822K(124544K)->6828K(124544K)
[122.517s][info][gc,heap        ] GC(129) Tenured: 1494505K(2490844K)->1494505K(2490844K)
[122.517s][info][gc,metaspace   ] GC(129) Metaspace: 120991K(128576K)->120991K(128576K) NonClass: 103349K(106752K)->103349K(106752K) Class: 17641K(21824K)->17641K(21824K)
[122.517s][info][gc             ] GC(129) Pause Young (Allocation Failure) 2439M->1466M(3527M) 8.329ms
[122.517s][info][gc,cpu         ] GC(129) User=0.03s Sys=0.00s Real=0.02s
[122.585s][info][gc,start       ] GC(130) Pause Young (Allocation Failure)
[122.593s][info][gc,heap        ] GC(130) DefNew: 1003180K(1120896K)->6835K(1120896K) Eden: 996352K(996352K)->0K(996352K) From: 6828K(124544K)->6835K(124544K)
[122.593s][info][gc,heap        ] GC(130) Tenured: 1494505K(2490844K)->1494505K(2490844K)
[122.593s][info][gc,metaspace   ] GC(130) Metaspace: 120991K(128576K)->120991K(128576K) NonClass: 103349K(106752K)->103349K(106752K) Class: 17641K(21824K)->17641K(21824K)
[122.593s][info][gc             ] GC(130) Pause Young (Allocation Failure) 2439M->1466M(3527M) 8.157ms
[122.593s][info][gc,cpu         ] GC(130) User=0.02s Sys=0.00s Real=0.02s
[122.660s][info][gc,start       ] GC(131) Pause Young (Allocation Failure)
[122.668s][info][gc,heap        ] GC(131) DefNew: 1003187K(1120896K)->6823K(1120896K) Eden: 996352K(996352K)->0K(996352K) From: 6835K(124544K)->6823K(124544K)
[122.669s][info][gc,heap        ] GC(131) Tenured: 1494505K(2490844K)->1494505K(2490844K)
[122.669s][info][gc,metaspace   ] GC(131) Metaspace: 120991K(128576K)->120991K(128576K) NonClass: 103349K(106752K)->103349K(106752K) Class: 17641K(21824K)->17641K(21824K)
[122.669s][info][gc             ] GC(131) Pause Young (Allocation Failure) 2439M->1466M(3527M) 8.133ms
[122.669s][info][gc,cpu         ] GC(131) User=0.02s Sys=0.00s Real=0.02s
[122.736s][info][gc,start       ] GC(132) Pause Young (Allocation Failure)
[122.744s][info][gc,heap        ] GC(132) DefNew: 1003175K(1120896K)->6823K(1120896K) Eden: 996352K(996352K)->0K(996352K) From: 6823K(124544K)->6823K(124544K)
[122.744s][info][gc,heap        ] GC(132) Tenured: 1494505K(2490844K)->1494505K(2490844K)
[122.744s][info][gc,metaspace   ] GC(132) Metaspace: 120991K(128576K)->120991K(128576K) NonClass: 103349K(106752K)->103349K(106752K) Class: 17641K(21824K)->17641K(21824K)
[122.744s][info][gc             ] GC(132) Pause Young (Allocation Failure) 2439M->1466M(3527M) 8.052ms
[122.744s][info][gc,cpu         ] GC(132) User=0.00s Sys=0.00s Real=0.00s
[122.811s][info][gc,start       ] GC(133) Pause Young (Allocation Failure)
[122.819s][info][gc,heap        ] GC(133) DefNew: 1003175K(1120896K)->6835K(1120896K) Eden: 996352K(996352K)->0K(996352K) From: 6823K(124544K)->6835K(124544K)
[122.819s][info][gc,heap        ] GC(133) Tenured: 1494505K(2490844K)->1494505K(2490844K)
[122.819s][info][gc,metaspace   ] GC(133) Metaspace: 120991K(128576K)->120991K(128576K) NonClass: 103349K(106752K)->103349K(106752K) Class: 17641K(21824K)->17641K(21824K)
[122.819s][info][gc             ] GC(133) Pause Young (Allocation Failure) 2439M->1466M(3527M) 8.080ms
[122.820s][info][gc,cpu         ] GC(133) User=0.03s Sys=0.00s Real=0.01s
[122.886s][info][gc,start       ] GC(134) Pause Young (Allocation Failure)
[122.894s][info][gc,heap        ] GC(134) DefNew: 1003187K(1120896K)->6819K(1120896K) Eden: 996352K(996352K)->0K(996352K) From: 6835K(124544K)->6819K(124544K)
[122.894s][info][gc,heap        ] GC(134) Tenured: 1494505K(2490844K)->1494505K(2490844K)
[122.894s][info][gc,metaspace   ] GC(134) Metaspace: 120991K(128576K)->120991K(128576K) NonClass: 103349K(106752K)->103349K(106752K) Class: 17641K(21824K)->17641K(21824K)
[122.894s][info][gc             ] GC(134) Pause Young (Allocation Failure) 2439M->1466M(3527M) 8.134ms
[122.894s][info][gc,cpu         ] GC(134) User=0.03s Sys=0.00s Real=0.01s
[122.962s][info][gc,start       ] GC(135) Pause Young (Allocation Failure)
[122.971s][info][gc,heap        ] GC(135) DefNew: 1003171K(1120896K)->7128K(1120896K) Eden: 996352K(996352K)->0K(996352K) From: 6819K(124544K)->7128K(124544K)
[122.971s][info][gc,heap        ] GC(135) Tenured: 1494505K(2490844K)->1494505K(2490844K)
[122.971s][info][gc,metaspace   ] GC(135) Metaspace: 120992K(128576K)->120992K(128576K) NonClass: 103350K(106752K)->103350K(106752K) Class: 17641K(21824K)->17641K(21824K)
[122.971s][info][gc             ] GC(135) Pause Young (Allocation Failure) 2439M->1466M(3527M) 8.783ms
[122.971s][info][gc,cpu         ] GC(135) User=0.00s Sys=0.00s Real=0.00s
[123.044s][info][gc,start       ] GC(136) Pause Young (Allocation Failure)
[123.056s][info][gc,heap        ] GC(136) DefNew: 1003480K(1120896K)->1641K(1120896K) Eden: 996352K(996352K)->0K(996352K) From: 7128K(124544K)->1641K(124544K)
[123.056s][info][gc,heap        ] GC(136) Tenured: 1494505K(2490844K)->1500976K(2490844K)
[123.056s][info][gc,metaspace   ] GC(136) Metaspace: 121005K(128576K)->121005K(128576K) NonClass: 103363K(106752K)->103363K(106752K) Class: 17641K(21824K)->17641K(21824K)
[123.056s][info][gc             ] GC(136) Pause Young (Allocation Failure) 2439M->1467M(3527M) 11.894ms
[123.056s][info][gc,cpu         ] GC(136) User=0.00s Sys=0.00s Real=0.00s
[124.526s][info][gc,start       ] GC(137) Pause Full (System.gc())
[124.526s][info][gc,phases,start] GC(137) Phase 1: Mark live objects
[124.590s][info][gc,phases      ] GC(137) Phase 1: Mark live objects 64.042ms
[124.591s][info][gc,phases,start] GC(137) Phase 2: Compute new object addresses
[124.748s][info][gc,phases      ] GC(137) Phase 2: Compute new object addresses 157.224ms
[124.748s][info][gc,phases,start] GC(137) Phase 3: Adjust pointers
[124.780s][info][gc,phases      ] GC(137) Phase 3: Adjust pointers 32.237ms
[124.780s][info][gc,phases,start] GC(137) Phase 4: Move objects
[125.113s][info][gc,phases      ] GC(137) Phase 4: Move objects 333.269ms
[125.115s][info][gc,heap        ] GC(137) DefNew: 536640K(1120896K)->0K(1120896K) Eden: 534999K(996352K)->0K(996352K) From: 1641K(124544K)->0K(124544K)
[125.115s][info][gc,heap        ] GC(137) Tenured: 1500976K(2490844K)->1399001K(2490844K)
[125.115s][info][gc,metaspace   ] GC(137) Metaspace: 121152K(128576K)->121152K(128576K) NonClass: 103508K(106752K)->103508K(106752K) Class: 17643K(21824K)->17643K(21824K)
[125.115s][info][gc             ] GC(137) Pause Full (System.gc()) 1989M->1366M(3527M) 588.922ms
[125.115s][info][gc,cpu         ] GC(137) User=0.64s Sys=0.00s Real=0.60s
[125.353s][info][gc,start       ] GC(138) Pause Young (Allocation Failure)
[125.367s][info][gc,heap        ] GC(138) DefNew: 996352K(1120896K)->6603K(1120896K) Eden: 996352K(996352K)->0K(996352K) From: 0K(124544K)->6603K(124544K)
[125.367s][info][gc,heap        ] GC(138) Tenured: 1399001K(2490844K)->1399001K(2490844K)
[125.367s][info][gc,metaspace   ] GC(138) Metaspace: 121551K(128640K)->121551K(128640K) NonClass: 103889K(106816K)->103889K(106816K) Class: 17662K(21824K)->17662K(21824K)
[125.367s][info][gc             ] GC(138) Pause Young (Allocation Failure) 2339M->1372M(3527M) 13.574ms
[125.367s][info][gc,cpu         ] GC(138) User=0.00s Sys=0.00s Real=0.00s
[125.435s][info][gc,start       ] GC(139) Pause Young (Allocation Failure)
[125.443s][info][gc,heap        ] GC(139) DefNew: 1002955K(1120896K)->6706K(1120896K) Eden: 996352K(996352K)->0K(996352K) From: 6603K(124544K)->6706K(124544K)
[125.443s][info][gc,heap        ] GC(139) Tenured: 1399001K(2490844K)->1399001K(2490844K)
[125.443s][info][gc,metaspace   ] GC(139) Metaspace: 121554K(128640K)->121554K(128640K) NonClass: 103892K(106816K)->103892K(106816K) Class: 17662K(21824K)->17662K(21824K)
[125.443s][info][gc             ] GC(139) Pause Young (Allocation Failure) 2345M->1372M(3527M) 7.755ms
[125.443s][info][gc,cpu         ] GC(139) User=0.02s Sys=0.00s Real=0.02s
[125.510s][info][gc,start       ] GC(140) Pause Young (Allocation Failure)
[125.517s][info][gc,heap        ] GC(140) DefNew: 1003058K(1120896K)->6721K(1120896K) Eden: 996352K(996352K)->0K(996352K) From: 6706K(124544K)->6721K(124544K)
[125.517s][info][gc,heap        ] GC(140) Tenured: 1399001K(2490844K)->1399001K(2490844K)
[125.517s][info][gc,metaspace   ] GC(140) Metaspace: 121554K(128640K)->121554K(128640K) NonClass: 103892K(106816K)->103892K(106816K) Class: 17662K(21824K)->17662K(21824K)
[125.517s][info][gc             ] GC(140) Pause Young (Allocation Failure) 2345M->1372M(3527M) 7.728ms
[125.517s][info][gc,cpu         ] GC(140) User=0.00s Sys=0.00s Real=0.00s
[125.584s][info][gc,start       ] GC(141) Pause Young (Allocation Failure)
[125.592s][info][gc,heap        ] GC(141) DefNew: 1003073K(1120896K)->6697K(1120896K) Eden: 996352K(996352K)->0K(996352K) From: 6721K(124544K)->6697K(124544K)
[125.592s][info][gc,heap        ] GC(141) Tenured: 1399001K(2490844K)->1399001K(2490844K)
[125.592s][info][gc,metaspace   ] GC(141) Metaspace: 121554K(128640K)->121554K(128640K) NonClass: 103892K(106816K)->103892K(106816K) Class: 17662K(21824K)->17662K(21824K)
[125.592s][info][gc             ] GC(141) Pause Young (Allocation Failure) 2345M->1372M(3527M) 7.774ms
[125.592s][info][gc,cpu         ] GC(141) User=0.00s Sys=0.00s Real=0.00s
[125.658s][info][gc,start       ] GC(142) Pause Young (Allocation Failure)
[125.666s][info][gc,heap        ] GC(142) DefNew: 1003049K(1120896K)->6705K(1120896K) Eden: 996352K(996352K)->0K(996352K) From: 6697K(124544K)->6705K(124544K)
[125.666s][info][gc,heap        ] GC(142) Tenured: 1399001K(2490844K)->1399001K(2490844K)
[125.666s][info][gc,metaspace   ] GC(142) Metaspace: 121554K(128640K)->121554K(128640K) NonClass: 103892K(106816K)->103892K(106816K) Class: 17662K(21824K)->17662K(21824K)
[125.666s][info][gc             ] GC(142) Pause Young (Allocation Failure) 2345M->1372M(3527M) 7.725ms
[125.666s][info][gc,cpu         ] GC(142) User=0.00s Sys=0.00s Real=0.00s
[125.733s][info][gc,start       ] GC(143) Pause Young (Allocation Failure)
[125.741s][info][gc,heap        ] GC(143) DefNew: 1003057K(1120896K)->6703K(1120896K) Eden: 996352K(996352K)->0K(996352K) From: 6705K(124544K)->6703K(124544K)
[125.741s][info][gc,heap        ] GC(143) Tenured: 1399001K(2490844K)->1399001K(2490844K)
[125.741s][info][gc,metaspace   ] GC(143) Metaspace: 121554K(128640K)->121554K(128640K) NonClass: 103892K(106816K)->103892K(106816K) Class: 17662K(21824K)->17662K(21824K)
[125.741s][info][gc             ] GC(143) Pause Young (Allocation Failure) 2345M->1372M(3527M) 7.739ms
[125.741s][info][gc,cpu         ] GC(143) User=0.03s Sys=0.00s Real=0.02s
[125.807s][info][gc,start       ] GC(144) Pause Young (Allocation Failure)
[125.815s][info][gc,heap        ] GC(144) DefNew: 1003055K(1120896K)->6712K(1120896K) Eden: 996352K(996352K)->0K(996352K) From: 6703K(124544K)->6712K(124544K)
[125.815s][info][gc,heap        ] GC(144) Tenured: 1399001K(2490844K)->1399001K(2490844K)
[125.815s][info][gc,metaspace   ] GC(144) Metaspace: 121554K(128640K)->121554K(128640K) NonClass: 103892K(106816K)->103892K(106816K) Class: 17662K(21824K)->17662K(21824K)
[125.815s][info][gc             ] GC(144) Pause Young (Allocation Failure) 2345M->1372M(3527M) 7.839ms
[125.815s][info][gc,cpu         ] GC(144) User=0.02s Sys=0.00s Real=0.02s
[125.882s][info][gc,start       ] GC(145) Pause Young (Allocation Failure)
[125.889s][info][gc,heap        ] GC(145) DefNew: 1003064K(1120896K)->6693K(1120896K) Eden: 996352K(996352K)->0K(996352K) From: 6712K(124544K)->6693K(124544K)
[125.889s][info][gc,heap        ] GC(145) Tenured: 1399001K(2490844K)->1399001K(2490844K)
[125.889s][info][gc,metaspace   ] GC(145) Metaspace: 121554K(128640K)->121554K(128640K) NonClass: 103892K(106816K)->103892K(106816K) Class: 17662K(21824K)->17662K(21824K)
[125.889s][info][gc             ] GC(145) Pause Young (Allocation Failure) 2345M->1372M(3527M) 7.763ms
[125.889s][info][gc,cpu         ] GC(145) User=0.00s Sys=0.00s Real=0.00s
[125.956s][info][gc,start       ] GC(146) Pause Young (Allocation Failure)
[125.964s][info][gc,heap        ] GC(146) DefNew: 1003045K(1120896K)->6693K(1120896K) Eden: 996352K(996352K)->0K(996352K) From: 6693K(124544K)->6693K(124544K)
[125.964s][info][gc,heap        ] GC(146) Tenured: 1399001K(2490844K)->1399001K(2490844K)
[125.964s][info][gc,metaspace   ] GC(146) Metaspace: 121554K(128640K)->121554K(128640K) NonClass: 103892K(106816K)->103892K(106816K) Class: 17662K(21824K)->17662K(21824K)
[125.964s][info][gc             ] GC(146) Pause Young (Allocation Failure) 2345M->1372M(3527M) 7.787ms
[125.964s][info][gc,cpu         ] GC(146) User=0.03s Sys=0.00s Real=0.02s
[126.030s][info][gc,start       ] GC(147) Pause Young (Allocation Failure)
[126.038s][info][gc,heap        ] GC(147) DefNew: 1003045K(1120896K)->6698K(1120896K) Eden: 996352K(996352K)->0K(996352K) From: 6693K(124544K)->6698K(124544K)
[126.038s][info][gc,heap        ] GC(147) Tenured: 1399001K(2490844K)->1399001K(2490844K)
[126.038s][info][gc,metaspace   ] GC(147) Metaspace: 121554K(128640K)->121554K(128640K) NonClass: 103892K(106816K)->103892K(106816K) Class: 17662K(21824K)->17662K(21824K)
[126.038s][info][gc             ] GC(147) Pause Young (Allocation Failure) 2345M->1372M(3527M) 7.675ms
[126.038s][info][gc,cpu         ] GC(147) User=0.02s Sys=0.00s Real=0.02s
[126.105s][info][gc,start       ] GC(148) Pause Young (Allocation Failure)
[126.113s][info][gc,heap        ] GC(148) DefNew: 1003050K(1120896K)->6697K(1120896K) Eden: 996352K(996352K)->0K(996352K) From: 6698K(124544K)->6697K(124544K)
[126.113s][info][gc,heap        ] GC(148) Tenured: 1399001K(2490844K)->1399001K(2490844K)
[126.113s][info][gc,metaspace   ] GC(148) Metaspace: 121554K(128640K)->121554K(128640K) NonClass: 103892K(106816K)->103892K(106816K) Class: 17662K(21824K)->17662K(21824K)
[126.113s][info][gc             ] GC(148) Pause Young (Allocation Failure) 2345M->1372M(3527M) 7.654ms
[126.113s][info][gc,cpu         ] GC(148) User=0.02s Sys=0.02s Real=0.02s
[126.180s][info][gc,start       ] GC(149) Pause Young (Allocation Failure)
[126.188s][info][gc,heap        ] GC(149) DefNew: 1003049K(1120896K)->6734K(1120896K) Eden: 996352K(996352K)->0K(996352K) From: 6697K(124544K)->6734K(124544K)
[126.188s][info][gc,heap        ] GC(149) Tenured: 1399001K(2490844K)->1399001K(2490844K)
[126.188s][info][gc,metaspace   ] GC(149) Metaspace: 121554K(128640K)->121554K(128640K) NonClass: 103892K(106816K)->103892K(106816K) Class: 17662K(21824K)->17662K(21824K)
[126.188s][info][gc             ] GC(149) Pause Young (Allocation Failure) 2345M->1372M(3527M) 7.949ms
[126.188s][info][gc,cpu         ] GC(149) User=0.00s Sys=0.00s Real=0.00s
[126.255s][info][gc,start       ] GC(150) Pause Young (Allocation Failure)
[126.263s][info][gc,heap        ] GC(150) DefNew: 1003086K(1120896K)->6832K(1120896K) Eden: 996352K(996352K)->0K(996352K) From: 6734K(124544K)->6832K(124544K)
[126.263s][info][gc,heap        ] GC(150) Tenured: 1399001K(2490844K)->1399001K(2490844K)
[126.263s][info][gc,metaspace   ] GC(150) Metaspace: 121554K(128640K)->121554K(128640K) NonClass: 103892K(106816K)->103892K(106816K) Class: 17662K(21824K)->17662K(21824K)
[126.263s][info][gc             ] GC(150) Pause Young (Allocation Failure) 2345M->1372M(3527M) 8.074ms
[126.263s][info][gc,cpu         ] GC(150) User=0.00s Sys=0.00s Real=0.00s
[126.330s][info][gc,start       ] GC(151) Pause Young (Allocation Failure)
[126.338s][info][gc,heap        ] GC(151) DefNew: 1003184K(1120896K)->6778K(1120896K) Eden: 996352K(996352K)->0K(996352K) From: 6832K(124544K)->6778K(124544K)
[126.338s][info][gc,heap        ] GC(151) Tenured: 1399001K(2490844K)->1399001K(2490844K)
[126.338s][info][gc,metaspace   ] GC(151) Metaspace: 121554K(128640K)->121554K(128640K) NonClass: 103892K(106816K)->103892K(106816K) Class: 17662K(21824K)->17662K(21824K)
[126.338s][info][gc             ] GC(151) Pause Young (Allocation Failure) 2345M->1372M(3527M) 8.123ms
[126.338s][info][gc,cpu         ] GC(151) User=0.03s Sys=0.00s Real=0.02s
[126.405s][info][gc,start       ] GC(152) Pause Young (Allocation Failure)
[126.414s][info][gc,heap        ] GC(152) DefNew: 1003130K(1120896K)->6810K(1120896K) Eden: 996352K(996352K)->0K(996352K) From: 6778K(124544K)->6810K(124544K)
[126.414s][info][gc,heap        ] GC(152) Tenured: 1399001K(2490844K)->1399001K(2490844K)
[126.414s][info][gc,metaspace   ] GC(152) Metaspace: 121559K(128640K)->121559K(128640K) NonClass: 103896K(106816K)->103896K(106816K) Class: 17662K(21824K)->17662K(21824K)
[126.414s][info][gc             ] GC(152) Pause Young (Allocation Failure) 2345M->1372M(3527M) 9.130ms
[126.414s][info][gc,cpu         ] GC(152) User=0.03s Sys=0.00s Real=0.01s
[126.486s][info][gc,start       ] GC(153) Pause Young (Allocation Failure)
[126.498s][info][gc,heap        ] GC(153) DefNew: 1003162K(1120896K)->968K(1120896K) Eden: 996352K(996352K)->0K(996352K) From: 6810K(124544K)->968K(124544K)
[126.498s][info][gc,heap        ] GC(153) Tenured: 1399001K(2490844K)->1405324K(2490844K)
[126.498s][info][gc,metaspace   ] GC(153) Metaspace: 121572K(128640K)->121572K(128640K) NonClass: 103909K(106816K)->103909K(106816K) Class: 17662K(21824K)->17662K(21824K)
[126.498s][info][gc             ] GC(153) Pause Young (Allocation Failure) 2345M->1373M(3527M) 12.059ms
[126.498s][info][gc,cpu         ] GC(153) User=0.03s Sys=0.00s Real=0.02s
[127.146s][info][gc,start       ] GC(154) Pause Full (System.gc())
[127.146s][info][gc,phases,start] GC(154) Phase 1: Mark live objects
[127.212s][info][gc,phases      ] GC(154) Phase 1: Mark live objects 65.549ms
[127.212s][info][gc,phases,start] GC(154) Phase 2: Compute new object addresses
[127.335s][info][gc,phases      ] GC(154) Phase 2: Compute new object addresses 122.650ms
[127.335s][info][gc,phases,start] GC(154) Phase 3: Adjust pointers
[127.365s][info][gc,phases      ] GC(154) Phase 3: Adjust pointers 30.278ms
[127.365s][info][gc,phases,start] GC(154) Phase 4: Move objects
[127.365s][info][gc,phases      ] GC(154) Phase 4: Move objects 0.115ms
[127.366s][info][gc,heap        ] GC(154) DefNew: 478068K(1120896K)->0K(1120896K) Eden: 477100K(996352K)->0K(996352K) From: 968K(124544K)->0K(124544K)
[127.366s][info][gc,heap        ] GC(154) Tenured: 1405324K(2490844K)->1405545K(2490844K)
[127.366s][info][gc,metaspace   ] GC(154) Metaspace: 121840K(128704K)->121840K(128704K) NonClass: 104175K(106880K)->104175K(106880K) Class: 17664K(21824K)->17664K(21824K)
[127.366s][info][gc             ] GC(154) Pause Full (System.gc()) 1839M->1372M(3527M) 219.969ms
[127.366s][info][gc,cpu         ] GC(154) User=0.20s Sys=0.00s Real=0.22s
[127.570s][info][gc,start       ] GC(155) Pause Young (Allocation Failure)
[127.582s][info][gc,heap        ] GC(155) DefNew: 996352K(1120896K)->6597K(1120896K) Eden: 996352K(996352K)->0K(996352K) From: 0K(124544K)->6597K(124544K)
[127.582s][info][gc,heap        ] GC(155) Tenured: 1405545K(2490844K)->1405545K(2490844K)
[127.582s][info][gc,metaspace   ] GC(155) Metaspace: 122129K(128704K)->122129K(128704K) NonClass: 104459K(106880K)->104459K(106880K) Class: 17670K(21824K)->17670K(21824K)
[127.582s][info][gc             ] GC(155) Pause Young (Allocation Failure) 2345M->1379M(3527M) 12.340ms
[127.582s][info][gc,cpu         ] GC(155) User=0.02s Sys=0.00s Real=0.02s
[127.651s][info][gc,start       ] GC(156) Pause Young (Allocation Failure)
[127.659s][info][gc,heap        ] GC(156) DefNew: 1002949K(1120896K)->6706K(1120896K) Eden: 996352K(996352K)->0K(996352K) From: 6597K(124544K)->6706K(124544K)
[127.659s][info][gc,heap        ] GC(156) Tenured: 1405545K(2490844K)->1405545K(2490844K)
[127.659s][info][gc,metaspace   ] GC(156) Metaspace: 122130K(128704K)->122130K(128704K) NonClass: 104460K(106880K)->104460K(106880K) Class: 17670K(21824K)->17670K(21824K)
[127.659s][info][gc             ] GC(156) Pause Young (Allocation Failure) 2352M->1379M(3527M) 7.879ms
[127.659s][info][gc,cpu         ] GC(156) User=0.00s Sys=0.00s Real=0.00s
[127.727s][info][gc,start       ] GC(157) Pause Young (Allocation Failure)
[127.737s][info][gc,heap        ] GC(157) DefNew: 1003058K(1120896K)->6701K(1120896K) Eden: 996352K(996352K)->0K(996352K) From: 6706K(124544K)->6701K(124544K)
[127.737s][info][gc,heap        ] GC(157) Tenured: 1405545K(2490844K)->1405545K(2490844K)
[127.737s][info][gc,metaspace   ] GC(157) Metaspace: 122130K(128704K)->122130K(128704K) NonClass: 104460K(106880K)->104460K(106880K) Class: 17670K(21824K)->17670K(21824K)
[127.737s][info][gc             ] GC(157) Pause Young (Allocation Failure) 2352M->1379M(3527M) 10.756ms
[127.738s][info][gc,cpu         ] GC(157) User=0.00s Sys=0.00s Real=0.00s
[127.805s][info][gc,start       ] GC(158) Pause Young (Allocation Failure)
[127.815s][info][gc,heap        ] GC(158) DefNew: 1003053K(1120896K)->6685K(1120896K) Eden: 996352K(996352K)->0K(996352K) From: 6701K(124544K)->6685K(124544K)
[127.815s][info][gc,heap        ] GC(158) Tenured: 1405545K(2490844K)->1405545K(2490844K)
[127.815s][info][gc,metaspace   ] GC(158) Metaspace: 122130K(128704K)->122130K(128704K) NonClass: 104460K(106880K)->104460K(106880K) Class: 17670K(21824K)->17670K(21824K)
[127.815s][info][gc             ] GC(158) Pause Young (Allocation Failure) 2352M->1379M(3527M) 9.910ms
[127.815s][info][gc,cpu         ] GC(158) User=0.00s Sys=0.00s Real=0.00s
[127.882s][info][gc,start       ] GC(159) Pause Young (Allocation Failure)
[127.890s][info][gc,heap        ] GC(159) DefNew: 1003037K(1120896K)->6701K(1120896K) Eden: 996352K(996352K)->0K(996352K) From: 6685K(124544K)->6701K(124544K)
[127.890s][info][gc,heap        ] GC(159) Tenured: 1405545K(2490844K)->1405545K(2490844K)
[127.890s][info][gc,metaspace   ] GC(159) Metaspace: 122130K(128704K)->122130K(128704K) NonClass: 104460K(106880K)->104460K(106880K) Class: 17670K(21824K)->17670K(21824K)
[127.890s][info][gc             ] GC(159) Pause Young (Allocation Failure) 2352M->1379M(3527M) 7.703ms
[127.890s][info][gc,cpu         ] GC(159) User=0.00s Sys=0.00s Real=0.00s
[127.957s][info][gc,start       ] GC(160) Pause Young (Allocation Failure)
[127.965s][info][gc,heap        ] GC(160) DefNew: 1003053K(1120896K)->6699K(1120896K) Eden: 996352K(996352K)->0K(996352K) From: 6701K(124544K)->6699K(124544K)
[127.965s][info][gc,heap        ] GC(160) Tenured: 1405545K(2490844K)->1405545K(2490844K)
[127.965s][info][gc,metaspace   ] GC(160) Metaspace: 122130K(128704K)->122130K(128704K) NonClass: 104460K(106880K)->104460K(106880K) Class: 17670K(21824K)->17670K(21824K)
[127.965s][info][gc             ] GC(160) Pause Young (Allocation Failure) 2352M->1379M(3527M) 7.760ms
[127.965s][info][gc,cpu         ] GC(160) User=0.00s Sys=0.00s Real=0.00s
[128.032s][info][gc,start       ] GC(161) Pause Young (Allocation Failure)
[128.040s][info][gc,heap        ] GC(161) DefNew: 1003051K(1120896K)->6707K(1120896K) Eden: 996352K(996352K)->0K(996352K) From: 6699K(124544K)->6707K(124544K)
[128.040s][info][gc,heap        ] GC(161) Tenured: 1405545K(2490844K)->1405545K(2490844K)
[128.040s][info][gc,metaspace   ] GC(161) Metaspace: 122130K(128704K)->122130K(128704K) NonClass: 104460K(106880K)->104460K(106880K) Class: 17670K(21824K)->17670K(21824K)
[128.040s][info][gc             ] GC(161) Pause Young (Allocation Failure) 2352M->1379M(3527M) 7.738ms
[128.040s][info][gc,cpu         ] GC(161) User=0.02s Sys=0.00s Real=0.02s
[128.108s][info][gc,start       ] GC(162) Pause Young (Allocation Failure)
[128.115s][info][gc,heap        ] GC(162) DefNew: 1003059K(1120896K)->6688K(1120896K) Eden: 996352K(996352K)->0K(996352K) From: 6707K(124544K)->6688K(124544K)
[128.115s][info][gc,heap        ] GC(162) Tenured: 1405545K(2490844K)->1405545K(2490844K)
[128.115s][info][gc,metaspace   ] GC(162) Metaspace: 122130K(128704K)->122130K(128704K) NonClass: 104460K(106880K)->104460K(106880K) Class: 17670K(21824K)->17670K(21824K)
[128.116s][info][gc             ] GC(162) Pause Young (Allocation Failure) 2352M->1379M(3527M) 7.744ms
[128.116s][info][gc,cpu         ] GC(162) User=0.02s Sys=0.00s Real=0.02s
[128.183s][info][gc,start       ] GC(163) Pause Young (Allocation Failure)
[128.191s][info][gc,heap        ] GC(163) DefNew: 1003040K(1120896K)->6704K(1120896K) Eden: 996352K(996352K)->0K(996352K) From: 6688K(124544K)->6704K(124544K)
[128.191s][info][gc,heap        ] GC(163) Tenured: 1405545K(2490844K)->1405545K(2490844K)
[128.191s][info][gc,metaspace   ] GC(163) Metaspace: 122130K(128704K)->122130K(128704K) NonClass: 104460K(106880K)->104460K(106880K) Class: 17670K(21824K)->17670K(21824K)
[128.191s][info][gc             ] GC(163) Pause Young (Allocation Failure) 2352M->1379M(3527M) 7.658ms
[128.191s][info][gc,cpu         ] GC(163) User=0.00s Sys=0.00s Real=0.00s
[128.258s][info][gc,start       ] GC(164) Pause Young (Allocation Failure)
[128.266s][info][gc,heap        ] GC(164) DefNew: 1003056K(1120896K)->6718K(1120896K) Eden: 996352K(996352K)->0K(996352K) From: 6704K(124544K)->6718K(124544K)
[128.266s][info][gc,heap        ] GC(164) Tenured: 1405545K(2490844K)->1405545K(2490844K)
[128.266s][info][gc,metaspace   ] GC(164) Metaspace: 122130K(128704K)->122130K(128704K) NonClass: 104460K(106880K)->104460K(106880K) Class: 17670K(21824K)->17670K(21824K)
[128.266s][info][gc             ] GC(164) Pause Young (Allocation Failure) 2352M->1379M(3527M) 7.676ms
[128.266s][info][gc,cpu         ] GC(164) User=0.00s Sys=0.00s Real=0.00s
[128.333s][info][gc,start       ] GC(165) Pause Young (Allocation Failure)
[128.341s][info][gc,heap        ] GC(165) DefNew: 1003070K(1120896K)->6694K(1120896K) Eden: 996352K(996352K)->0K(996352K) From: 6718K(124544K)->6694K(124544K)
[128.341s][info][gc,heap        ] GC(165) Tenured: 1405545K(2490844K)->1405545K(2490844K)
[128.341s][info][gc,metaspace   ] GC(165) Metaspace: 122130K(128704K)->122130K(128704K) NonClass: 104460K(106880K)->104460K(106880K) Class: 17670K(21824K)->17670K(21824K)
[128.341s][info][gc             ] GC(165) Pause Young (Allocation Failure) 2352M->1379M(3527M) 7.738ms
[128.341s][info][gc,cpu         ] GC(165) User=0.02s Sys=0.00s Real=0.02s
[128.409s][info][gc,start       ] GC(166) Pause Young (Allocation Failure)
[128.416s][info][gc,heap        ] GC(166) DefNew: 1003046K(1120896K)->6704K(1120896K) Eden: 996352K(996352K)->0K(996352K) From: 6694K(124544K)->6704K(124544K)
[128.416s][info][gc,heap        ] GC(166) Tenured: 1405545K(2490844K)->1405545K(2490844K)
[128.416s][info][gc,metaspace   ] GC(166) Metaspace: 122130K(128704K)->122130K(128704K) NonClass: 104460K(106880K)->104460K(106880K) Class: 17670K(21824K)->17670K(21824K)
[128.416s][info][gc             ] GC(166) Pause Young (Allocation Failure) 2352M->1379M(3527M) 7.672ms
[128.416s][info][gc,cpu         ] GC(166) User=0.00s Sys=0.00s Real=0.00s
[128.484s][info][gc,start       ] GC(167) Pause Young (Allocation Failure)
[128.491s][info][gc,heap        ] GC(167) DefNew: 1003056K(1120896K)->6704K(1120896K) Eden: 996352K(996352K)->0K(996352K) From: 6704K(124544K)->6704K(124544K)
[128.491s][info][gc,heap        ] GC(167) Tenured: 1405545K(2490844K)->1405545K(2490844K)
[128.491s][info][gc,metaspace   ] GC(167) Metaspace: 122130K(128704K)->122130K(128704K) NonClass: 104460K(106880K)->104460K(106880K) Class: 17670K(21824K)->17670K(21824K)
[128.491s][info][gc             ] GC(167) Pause Young (Allocation Failure) 2352M->1379M(3527M) 7.659ms
[128.491s][info][gc,cpu         ] GC(167) User=0.00s Sys=0.00s Real=0.00s
[128.559s][info][gc,start       ] GC(168) Pause Young (Allocation Failure)
[128.567s][info][gc,heap        ] GC(168) DefNew: 1003056K(1120896K)->7031K(1120896K) Eden: 996352K(996352K)->0K(996352K) From: 6704K(124544K)->7031K(124544K)
[128.567s][info][gc,heap        ] GC(168) Tenured: 1405545K(2490844K)->1405545K(2490844K)
[128.567s][info][gc,metaspace   ] GC(168) Metaspace: 122130K(128704K)->122130K(128704K) NonClass: 104460K(106880K)->104460K(106880K) Class: 17670K(21824K)->17670K(21824K)
[128.567s][info][gc             ] GC(168) Pause Young (Allocation Failure) 2352M->1379M(3527M) 7.992ms
[128.567s][info][gc,cpu         ] GC(168) User=0.00s Sys=0.00s Real=0.00s
[128.635s][info][gc,start       ] GC(169) Pause Young (Allocation Failure)
[128.643s][info][gc,heap        ] GC(169) DefNew: 1003383K(1120896K)->6765K(1120896K) Eden: 996352K(996352K)->0K(996352K) From: 7031K(124544K)->6765K(124544K)
[128.643s][info][gc,heap        ] GC(169) Tenured: 1405545K(2490844K)->1405545K(2490844K)
[128.643s][info][gc,metaspace   ] GC(169) Metaspace: 122131K(128704K)->122131K(128704K) NonClass: 104460K(106880K)->104460K(106880K) Class: 17670K(21824K)->17670K(21824K)
[128.643s][info][gc             ] GC(169) Pause Young (Allocation Failure) 2352M->1379M(3527M) 8.098ms
[128.643s][info][gc,cpu         ] GC(169) User=0.00s Sys=0.00s Real=0.00s
[128.713s][info][gc,start       ] GC(170) Pause Young (Allocation Failure)
[128.723s][info][gc,heap        ] GC(170) DefNew: 1003117K(1120896K)->953K(1120896K) Eden: 996352K(996352K)->0K(996352K) From: 6765K(124544K)->953K(124544K)
[128.723s][info][gc,heap        ] GC(170) Tenured: 1405545K(2490844K)->1411867K(2490844K)
[128.723s][info][gc,metaspace   ] GC(170) Metaspace: 122132K(128704K)->122132K(128704K) NonClass: 104462K(106880K)->104462K(106880K) Class: 17670K(21824K)->17670K(21824K)
[128.723s][info][gc             ] GC(170) Pause Young (Allocation Failure) 2352M->1379M(3527M) 10.260ms
[128.723s][info][gc,cpu         ] GC(170) User=0.02s Sys=0.00s Real=0.02s
[129.343s][info][gc,start       ] GC(171) Pause Full (System.gc())
[129.343s][info][gc,phases,start] GC(171) Phase 1: Mark live objects
[129.412s][info][gc,phases      ] GC(171) Phase 1: Mark live objects 68.947ms
[129.412s][info][gc,phases,start] GC(171) Phase 2: Compute new object addresses
[129.534s][info][gc,phases      ] GC(171) Phase 2: Compute new object addresses 121.774ms
[129.534s][info][gc,phases,start] GC(171) Phase 3: Adjust pointers
[129.565s][info][gc,phases      ] GC(171) Phase 3: Adjust pointers 30.533ms
[129.565s][info][gc,phases,start] GC(171) Phase 4: Move objects
[129.565s][info][gc,phases      ] GC(171) Phase 4: Move objects 0.115ms
[129.566s][info][gc,heap        ] GC(171) DefNew: 463486K(1120896K)->0K(1120896K) Eden: 462533K(996352K)->0K(996352K) From: 953K(124544K)->0K(124544K)
[129.566s][info][gc,heap        ] GC(171) Tenured: 1411867K(2490844K)->1412085K(2490844K)
[129.566s][info][gc,metaspace   ] GC(171) Metaspace: 122207K(128704K)->122207K(128704K) NonClass: 104536K(106880K)->104536K(106880K) Class: 17670K(21824K)->17670K(21824K)
[129.566s][info][gc             ] GC(171) Pause Full (System.gc()) 1831M->1378M(3527M) 222.876ms
[129.566s][info][gc,cpu         ] GC(171) User=0.22s Sys=0.00s Real=0.22s
[129.752s][info][gc,start       ] GC(172) Pause Young (Allocation Failure)
[129.765s][info][gc,heap        ] GC(172) DefNew: 996352K(1120896K)->6593K(1120896K) Eden: 996352K(996352K)->0K(996352K) From: 0K(124544K)->6593K(124544K)
[129.765s][info][gc,heap        ] GC(172) Tenured: 1412085K(2490844K)->1412085K(2490844K)
[129.765s][info][gc,metaspace   ] GC(172) Metaspace: 122465K(128704K)->122465K(128704K) NonClass: 104794K(106880K)->104794K(106880K) Class: 17670K(21824K)->17670K(21824K)
[129.765s][info][gc             ] GC(172) Pause Young (Allocation Failure) 2351M->1385M(3527M) 12.865ms
[129.765s][info][gc,cpu         ] GC(172) User=0.08s Sys=0.00s Real=0.02s
[129.839s][info][gc,start       ] GC(173) Pause Young (Allocation Failure)
[129.847s][info][gc,heap        ] GC(173) DefNew: 1002945K(1120896K)->6694K(1120896K) Eden: 996352K(996352K)->0K(996352K) From: 6593K(124544K)->6694K(124544K)
[129.847s][info][gc,heap        ] GC(173) Tenured: 1412085K(2490844K)->1412085K(2490844K)
[129.847s][info][gc,metaspace   ] GC(173) Metaspace: 122465K(128704K)->122465K(128704K) NonClass: 104794K(106880K)->104794K(106880K) Class: 17670K(21824K)->17670K(21824K)
[129.847s][info][gc             ] GC(173) Pause Young (Allocation Failure) 2358M->1385M(3527M) 8.179ms
[129.847s][info][gc,cpu         ] GC(173) User=0.03s Sys=0.02s Real=0.01s
[129.921s][info][gc,start       ] GC(174) Pause Young (Allocation Failure)
[129.928s][info][gc,heap        ] GC(174) DefNew: 1003046K(1120896K)->6680K(1120896K) Eden: 996352K(996352K)->0K(996352K) From: 6694K(124544K)->6680K(124544K)
[129.929s][info][gc,heap        ] GC(174) Tenured: 1412085K(2490844K)->1412085K(2490844K)
[129.929s][info][gc,metaspace   ] GC(174) Metaspace: 122465K(128704K)->122465K(128704K) NonClass: 104794K(106880K)->104794K(106880K) Class: 17670K(21824K)->17670K(21824K)
[129.929s][info][gc             ] GC(174) Pause Young (Allocation Failure) 2358M->1385M(3527M) 7.969ms
[129.929s][info][gc,cpu         ] GC(174) User=0.06s Sys=0.00s Real=0.02s
[130.000s][info][gc,start       ] GC(175) Pause Young (Allocation Failure)
[130.008s][info][gc,heap        ] GC(175) DefNew: 1003032K(1120896K)->6685K(1120896K) Eden: 996352K(996352K)->0K(996352K) From: 6680K(124544K)->6685K(124544K)
[130.008s][info][gc,heap        ] GC(175) Tenured: 1412085K(2490844K)->1412085K(2490844K)
[130.008s][info][gc,metaspace   ] GC(175) Metaspace: 122465K(128704K)->122465K(128704K) NonClass: 104794K(106880K)->104794K(106880K) Class: 17670K(21824K)->17670K(21824K)
[130.008s][info][gc             ] GC(175) Pause Young (Allocation Failure) 2358M->1385M(3527M) 7.995ms
[130.008s][info][gc,cpu         ] GC(175) User=0.06s Sys=0.00s Real=0.02s
[130.077s][info][gc,start       ] GC(176) Pause Young (Allocation Failure)
[130.087s][info][gc,heap        ] GC(176) DefNew: 1003037K(1120896K)->6692K(1120896K) Eden: 996352K(996352K)->0K(996352K) From: 6685K(124544K)->6692K(124544K)
[130.087s][info][gc,heap        ] GC(176) Tenured: 1412085K(2490844K)->1412085K(2490844K)
[130.087s][info][gc,metaspace   ] GC(176) Metaspace: 122465K(128704K)->122465K(128704K) NonClass: 104794K(106880K)->104794K(106880K) Class: 17670K(21824K)->17670K(21824K)
[130.087s][info][gc             ] GC(176) Pause Young (Allocation Failure) 2358M->1385M(3527M) 10.509ms
[130.087s][info][gc,cpu         ] GC(176) User=0.03s Sys=0.00s Real=0.02s
[130.155s][info][gc,start       ] GC(177) Pause Young (Allocation Failure)
[130.166s][info][gc,heap        ] GC(177) DefNew: 1003044K(1120896K)->6694K(1120896K) Eden: 996352K(996352K)->0K(996352K) From: 6692K(124544K)->6694K(124544K)
[130.166s][info][gc,heap        ] GC(177) Tenured: 1412085K(2490844K)->1412085K(2490844K)
[130.166s][info][gc,metaspace   ] GC(177) Metaspace: 122465K(128704K)->122465K(128704K) NonClass: 104794K(106880K)->104794K(106880K) Class: 17670K(21824K)->17670K(21824K)
[130.166s][info][gc             ] GC(177) Pause Young (Allocation Failure) 2358M->1385M(3527M) 10.535ms
[130.166s][info][gc,cpu         ] GC(177) User=0.05s Sys=0.00s Real=0.02s
[130.234s][info][gc,start       ] GC(178) Pause Young (Allocation Failure)
[130.242s][info][gc,heap        ] GC(178) DefNew: 1003046K(1120896K)->6690K(1120896K) Eden: 996352K(996352K)->0K(996352K) From: 6694K(124544K)->6690K(124544K)
[130.242s][info][gc,heap        ] GC(178) Tenured: 1412085K(2490844K)->1412085K(2490844K)
[130.242s][info][gc,metaspace   ] GC(178) Metaspace: 122465K(128704K)->122465K(128704K) NonClass: 104794K(106880K)->104794K(106880K) Class: 17670K(21824K)->17670K(21824K)
[130.242s][info][gc             ] GC(178) Pause Young (Allocation Failure) 2358M->1385M(3527M) 8.186ms
[130.243s][info][gc,cpu         ] GC(178) User=0.06s Sys=0.00s Real=0.02s
[130.311s][info][gc,start       ] GC(179) Pause Young (Allocation Failure)
[130.320s][info][gc,heap        ] GC(179) DefNew: 1003042K(1120896K)->6685K(1120896K) Eden: 996352K(996352K)->0K(996352K) From: 6690K(124544K)->6685K(124544K)
[130.320s][info][gc,heap        ] GC(179) Tenured: 1412085K(2490844K)->1412085K(2490844K)
[130.320s][info][gc,metaspace   ] GC(179) Metaspace: 122465K(128704K)->122465K(128704K) NonClass: 104794K(106880K)->104794K(106880K) Class: 17670K(21824K)->17670K(21824K)
[130.320s][info][gc             ] GC(179) Pause Young (Allocation Failure) 2358M->1385M(3527M) 8.935ms
[130.320s][info][gc,cpu         ] GC(179) User=0.02s Sys=0.02s Real=0.02s
[130.388s][info][gc,start       ] GC(180) Pause Young (Allocation Failure)
[130.397s][info][gc,heap        ] GC(180) DefNew: 1003037K(1120896K)->6686K(1120896K) Eden: 996352K(996352K)->0K(996352K) From: 6685K(124544K)->6686K(124544K)
[130.397s][info][gc,heap        ] GC(180) Tenured: 1412085K(2490844K)->1412085K(2490844K)
[130.397s][info][gc,metaspace   ] GC(180) Metaspace: 122465K(128704K)->122465K(128704K) NonClass: 104794K(106880K)->104794K(106880K) Class: 17670K(21824K)->17670K(21824K)
[130.397s][info][gc             ] GC(180) Pause Young (Allocation Failure) 2358M->1385M(3527M) 8.747ms
[130.397s][info][gc,cpu         ] GC(180) User=0.03s Sys=0.00s Real=0.02s
[130.465s][info][gc,start       ] GC(181) Pause Young (Allocation Failure)
[130.473s][info][gc,heap        ] GC(181) DefNew: 1003038K(1120896K)->6691K(1120896K) Eden: 996352K(996352K)->0K(996352K) From: 6686K(124544K)->6691K(124544K)
[130.473s][info][gc,heap        ] GC(181) Tenured: 1412085K(2490844K)->1412085K(2490844K)
[130.473s][info][gc,metaspace   ] GC(181) Metaspace: 122465K(128704K)->122465K(128704K) NonClass: 104794K(106880K)->104794K(106880K) Class: 17670K(21824K)->17670K(21824K)
[130.473s][info][gc             ] GC(181) Pause Young (Allocation Failure) 2358M->1385M(3527M) 7.766ms
[130.473s][info][gc,cpu         ] GC(181) User=0.03s Sys=0.00s Real=0.01s
[130.542s][info][gc,start       ] GC(182) Pause Young (Allocation Failure)
[130.549s][info][gc,heap        ] GC(182) DefNew: 1003043K(1120896K)->6711K(1120896K) Eden: 996352K(996352K)->0K(996352K) From: 6691K(124544K)->6711K(124544K)
[130.550s][info][gc,heap        ] GC(182) Tenured: 1412085K(2490844K)->1412085K(2490844K)
[130.550s][info][gc,metaspace   ] GC(182) Metaspace: 122465K(128704K)->122465K(128704K) NonClass: 104794K(106880K)->104794K(106880K) Class: 17670K(21824K)->17670K(21824K)
[130.550s][info][gc             ] GC(182) Pause Young (Allocation Failure) 2358M->1385M(3527M) 7.943ms
[130.550s][info][gc,cpu         ] GC(182) User=0.00s Sys=0.00s Real=0.00s
[130.617s][info][gc,start       ] GC(183) Pause Young (Allocation Failure)
[130.625s][info][gc,heap        ] GC(183) DefNew: 1003063K(1120896K)->6700K(1120896K) Eden: 996352K(996352K)->0K(996352K) From: 6711K(124544K)->6700K(124544K)
[130.625s][info][gc,heap        ] GC(183) Tenured: 1412085K(2490844K)->1412085K(2490844K)
[130.625s][info][gc,metaspace   ] GC(183) Metaspace: 122465K(128704K)->122465K(128704K) NonClass: 104794K(106880K)->104794K(106880K) Class: 17670K(21824K)->17670K(21824K)
[130.625s][info][gc             ] GC(183) Pause Young (Allocation Failure) 2358M->1385M(3527M) 7.891ms
[130.625s][info][gc,cpu         ] GC(183) User=0.00s Sys=0.00s Real=0.00s
[130.693s][info][gc,start       ] GC(184) Pause Young (Allocation Failure)
[130.701s][info][gc,heap        ] GC(184) DefNew: 1003052K(1120896K)->6715K(1120896K) Eden: 996352K(996352K)->0K(996352K) From: 6700K(124544K)->6715K(124544K)
[130.701s][info][gc,heap        ] GC(184) Tenured: 1412085K(2490844K)->1412085K(2490844K)
[130.701s][info][gc,metaspace   ] GC(184) Metaspace: 122465K(128704K)->122465K(128704K) NonClass: 104794K(106880K)->104794K(106880K) Class: 17670K(21824K)->17670K(21824K)
[130.701s][info][gc             ] GC(184) Pause Young (Allocation Failure) 2358M->1385M(3527M) 8.019ms
[130.701s][info][gc,cpu         ] GC(184) User=0.00s Sys=0.00s Real=0.00s
[130.769s][info][gc,start       ] GC(185) Pause Young (Allocation Failure)
[130.777s][info][gc,heap        ] GC(185) DefNew: 1003067K(1120896K)->6837K(1120896K) Eden: 996352K(996352K)->0K(996352K) From: 6715K(124544K)->6837K(124544K)
[130.777s][info][gc,heap        ] GC(185) Tenured: 1412085K(2490844K)->1412085K(2490844K)
[130.777s][info][gc,metaspace   ] GC(185) Metaspace: 122467K(128704K)->122467K(128704K) NonClass: 104796K(106880K)->104796K(106880K) Class: 17670K(21824K)->17670K(21824K)
[130.777s][info][gc             ] GC(185) Pause Young (Allocation Failure) 2358M->1385M(3527M) 8.290ms
[130.777s][info][gc,cpu         ] GC(185) User=0.00s Sys=0.00s Real=0.00s
[130.846s][info][gc,start       ] GC(186) Pause Young (Allocation Failure)
[130.854s][info][gc,heap        ] GC(186) DefNew: 1003189K(1120896K)->6934K(1120896K) Eden: 996352K(996352K)->0K(996352K) From: 6837K(124544K)->6934K(124544K)
[130.854s][info][gc,heap        ] GC(186) Tenured: 1412085K(2490844K)->1412085K(2490844K)
[130.854s][info][gc,metaspace   ] GC(186) Metaspace: 122471K(128704K)->122471K(128704K) NonClass: 104800K(106880K)->104800K(106880K) Class: 17670K(21824K)->17670K(21824K)
[130.854s][info][gc             ] GC(186) Pause Young (Allocation Failure) 2358M->1385M(3527M) 8.300ms
[130.854s][info][gc,cpu         ] GC(186) User=0.00s Sys=0.00s Real=0.00s
[130.925s][info][gc,start       ] GC(187) Pause Young (Allocation Failure)
[130.936s][info][gc,heap        ] GC(187) DefNew: 1003286K(1120896K)->1252K(1120896K) Eden: 996352K(996352K)->0K(996352K) From: 6934K(124544K)->1252K(124544K)
[130.936s][info][gc,heap        ] GC(187) Tenured: 1412085K(2490844K)->1418432K(2490844K)
[130.936s][info][gc,metaspace   ] GC(187) Metaspace: 122473K(128704K)->122473K(128704K) NonClass: 104803K(106880K)->104803K(106880K) Class: 17670K(21824K)->17670K(21824K)
[130.936s][info][gc             ] GC(187) Pause Young (Allocation Failure) 2358M->1386M(3527M) 10.835ms
[130.936s][info][gc,cpu         ] GC(187) User=0.00s Sys=0.00s Real=0.01s
[131.593s][info][gc,start       ] GC(188) Pause Full (System.gc())
[131.594s][info][gc,phases,start] GC(188) Phase 1: Mark live objects
[131.649s][info][gc,phases      ] GC(188) Phase 1: Mark live objects 55.095ms
[131.649s][info][gc,phases,start] GC(188) Phase 2: Compute new object addresses
[131.771s][info][gc,phases      ] GC(188) Phase 2: Compute new object addresses 122.337ms
[131.771s][info][gc,phases,start] GC(188) Phase 3: Adjust pointers
[131.802s][info][gc,phases      ] GC(188) Phase 3: Adjust pointers 30.708ms
[131.802s][info][gc,phases,start] GC(188) Phase 4: Move objects
[131.802s][info][gc,phases      ] GC(188) Phase 4: Move objects 0.113ms
[131.803s][info][gc,heap        ] GC(188) DefNew: 455901K(1120896K)->0K(1120896K) Eden: 454648K(996352K)->0K(996352K) From: 1252K(124544K)->0K(124544K)
[131.803s][info][gc,heap        ] GC(188) Tenured: 1418432K(2490844K)->1418650K(2490844K)
[131.803s][info][gc,metaspace   ] GC(188) Metaspace: 122564K(128704K)->122564K(128704K) NonClass: 104893K(106880K)->104893K(106880K) Class: 17670K(21824K)->17670K(21824K)
[131.803s][info][gc             ] GC(188) Pause Full (System.gc()) 1830M->1385M(3527M) 209.516ms
[131.803s][info][gc,cpu         ] GC(188) User=0.20s Sys=0.00s Real=0.20s
[131.972s][info][gc,start       ] GC(189) Pause Young (Allocation Failure)
[131.984s][info][gc,heap        ] GC(189) DefNew: 996352K(1120896K)->6632K(1120896K) Eden: 996352K(996352K)->0K(996352K) From: 0K(124544K)->6632K(124544K)
[131.984s][info][gc,heap        ] GC(189) Tenured: 1418650K(2490844K)->1418650K(2490844K)
[131.984s][info][gc,metaspace   ] GC(189) Metaspace: 123005K(128832K)->123005K(128832K) NonClass: 105335K(107008K)->105335K(107008K) Class: 17670K(21824K)->17670K(21824K)
[131.984s][info][gc             ] GC(189) Pause Young (Allocation Failure) 2358M->1391M(3527M) 12.268ms
[131.984s][info][gc,cpu         ] GC(189) User=0.02s Sys=0.00s Real=0.02s
[132.053s][info][gc,start       ] GC(190) Pause Young (Allocation Failure)
[132.062s][info][gc,heap        ] GC(190) DefNew: 1002984K(1120896K)->6692K(1120896K) Eden: 996352K(996352K)->0K(996352K) From: 6632K(124544K)->6692K(124544K)
[132.062s][info][gc,heap        ] GC(190) Tenured: 1418650K(2490844K)->1418650K(2490844K)
[132.062s][info][gc,metaspace   ] GC(190) Metaspace: 123005K(128832K)->123005K(128832K) NonClass: 105335K(107008K)->105335K(107008K) Class: 17670K(21824K)->17670K(21824K)
[132.062s][info][gc             ] GC(190) Pause Young (Allocation Failure) 2364M->1391M(3527M) 8.866ms
[132.062s][info][gc,cpu         ] GC(190) User=0.03s Sys=0.00s Real=0.02s
[132.130s][info][gc,start       ] GC(191) Pause Young (Allocation Failure)
[132.138s][info][gc,heap        ] GC(191) DefNew: 1003044K(1120896K)->6694K(1120896K) Eden: 996352K(996352K)->0K(996352K) From: 6692K(124544K)->6694K(124544K)
[132.138s][info][gc,heap        ] GC(191) Tenured: 1418650K(2490844K)->1418650K(2490844K)
[132.138s][info][gc,metaspace   ] GC(191) Metaspace: 123005K(128832K)->123005K(128832K) NonClass: 105335K(107008K)->105335K(107008K) Class: 17670K(21824K)->17670K(21824K)
[132.138s][info][gc             ] GC(191) Pause Young (Allocation Failure) 2364M->1391M(3527M) 7.866ms
[132.138s][info][gc,cpu         ] GC(191) User=0.03s Sys=0.00s Real=0.01s
[132.206s][info][gc,start       ] GC(192) Pause Young (Allocation Failure)
[132.214s][info][gc,heap        ] GC(192) DefNew: 1003046K(1120896K)->6709K(1120896K) Eden: 996352K(996352K)->0K(996352K) From: 6694K(124544K)->6709K(124544K)
[132.214s][info][gc,heap        ] GC(192) Tenured: 1418650K(2490844K)->1418650K(2490844K)
[132.214s][info][gc,metaspace   ] GC(192) Metaspace: 123005K(128832K)->123005K(128832K) NonClass: 105335K(107008K)->105335K(107008K) Class: 17670K(21824K)->17670K(21824K)
[132.214s][info][gc             ] GC(192) Pause Young (Allocation Failure) 2364M->1391M(3527M) 7.740ms
[132.214s][info][gc,cpu         ] GC(192) User=0.00s Sys=0.00s Real=0.00s
[132.281s][info][gc,start       ] GC(193) Pause Young (Allocation Failure)
[132.289s][info][gc,heap        ] GC(193) DefNew: 1003061K(1120896K)->6713K(1120896K) Eden: 996352K(996352K)->0K(996352K) From: 6709K(124544K)->6713K(124544K)
[132.289s][info][gc,heap        ] GC(193) Tenured: 1418650K(2490844K)->1418650K(2490844K)
[132.289s][info][gc,metaspace   ] GC(193) Metaspace: 123005K(128832K)->123005K(128832K) NonClass: 105335K(107008K)->105335K(107008K) Class: 17670K(21824K)->17670K(21824K)
[132.289s][info][gc             ] GC(193) Pause Young (Allocation Failure) 2364M->1391M(3527M) 7.741ms
[132.289s][info][gc,cpu         ] GC(193) User=0.00s Sys=0.00s Real=0.00s
[132.357s][info][gc,start       ] GC(194) Pause Young (Allocation Failure)
[132.364s][info][gc,heap        ] GC(194) DefNew: 1003065K(1120896K)->6713K(1120896K) Eden: 996352K(996352K)->0K(996352K) From: 6713K(124544K)->6713K(124544K)
[132.364s][info][gc,heap        ] GC(194) Tenured: 1418650K(2490844K)->1418650K(2490844K)
[132.364s][info][gc,metaspace   ] GC(194) Metaspace: 123005K(128832K)->123005K(128832K) NonClass: 105335K(107008K)->105335K(107008K) Class: 17670K(21824K)->17670K(21824K)
[132.364s][info][gc             ] GC(194) Pause Young (Allocation Failure) 2364M->1391M(3527M) 7.785ms
[132.364s][info][gc,cpu         ] GC(194) User=0.00s Sys=0.00s Real=0.00s
[132.433s][info][gc,start       ] GC(195) Pause Young (Allocation Failure)
[132.440s][info][gc,heap        ] GC(195) DefNew: 1003065K(1120896K)->6697K(1120896K) Eden: 996352K(996352K)->0K(996352K) From: 6713K(124544K)->6697K(124544K)
[132.440s][info][gc,heap        ] GC(195) Tenured: 1418650K(2490844K)->1418650K(2490844K)
[132.440s][info][gc,metaspace   ] GC(195) Metaspace: 123005K(128832K)->123005K(128832K) NonClass: 105335K(107008K)->105335K(107008K) Class: 17670K(21824K)->17670K(21824K)
[132.440s][info][gc             ] GC(195) Pause Young (Allocation Failure) 2364M->1391M(3527M) 7.762ms
[132.440s][info][gc,cpu         ] GC(195) User=0.00s Sys=0.00s Real=0.00s
[132.508s][info][gc,start       ] GC(196) Pause Young (Allocation Failure)
[132.516s][info][gc,heap        ] GC(196) DefNew: 1003049K(1120896K)->6708K(1120896K) Eden: 996352K(996352K)->0K(996352K) From: 6697K(124544K)->6708K(124544K)
[132.516s][info][gc,heap        ] GC(196) Tenured: 1418650K(2490844K)->1418650K(2490844K)
[132.516s][info][gc,metaspace   ] GC(196) Metaspace: 123005K(128832K)->123005K(128832K) NonClass: 105335K(107008K)->105335K(107008K) Class: 17670K(21824K)->17670K(21824K)
[132.516s][info][gc             ] GC(196) Pause Young (Allocation Failure) 2364M->1391M(3527M) 8.125ms
[132.517s][info][gc,cpu         ] GC(196) User=0.00s Sys=0.00s Real=0.00s
[132.584s][info][gc,start       ] GC(197) Pause Young (Allocation Failure)
[132.591s][info][gc,heap        ] GC(197) DefNew: 1003060K(1120896K)->6685K(1120896K) Eden: 996352K(996352K)->0K(996352K) From: 6708K(124544K)->6685K(124544K)
[132.591s][info][gc,heap        ] GC(197) Tenured: 1418650K(2490844K)->1418650K(2490844K)
[132.591s][info][gc,metaspace   ] GC(197) Metaspace: 123005K(128832K)->123005K(128832K) NonClass: 105335K(107008K)->105335K(107008K) Class: 17670K(21824K)->17670K(21824K)
[132.591s][info][gc             ] GC(197) Pause Young (Allocation Failure) 2364M->1391M(3527M) 7.656ms
[132.591s][info][gc,cpu         ] GC(197) User=0.00s Sys=0.00s Real=0.00s
[132.659s][info][gc,start       ] GC(198) Pause Young (Allocation Failure)
[132.667s][info][gc,heap        ] GC(198) DefNew: 1003037K(1120896K)->6697K(1120896K) Eden: 996352K(996352K)->0K(996352K) From: 6685K(124544K)->6697K(124544K)
[132.667s][info][gc,heap        ] GC(198) Tenured: 1418650K(2490844K)->1418650K(2490844K)
[132.667s][info][gc,metaspace   ] GC(198) Metaspace: 123005K(128832K)->123005K(128832K) NonClass: 105335K(107008K)->105335K(107008K) Class: 17670K(21824K)->17670K(21824K)
[132.667s][info][gc             ] GC(198) Pause Young (Allocation Failure) 2364M->1391M(3527M) 7.621ms
[132.667s][info][gc,cpu         ] GC(198) User=0.00s Sys=0.00s Real=0.00s
[132.734s][info][gc,start       ] GC(199) Pause Young (Allocation Failure)
[132.742s][info][gc,heap        ] GC(199) DefNew: 1003049K(1120896K)->6693K(1120896K) Eden: 996352K(996352K)->0K(996352K) From: 6697K(124544K)->6693K(124544K)
[132.742s][info][gc,heap        ] GC(199) Tenured: 1418650K(2490844K)->1418650K(2490844K)
[132.742s][info][gc,metaspace   ] GC(199) Metaspace: 123005K(128832K)->123005K(128832K) NonClass: 105335K(107008K)->105335K(107008K) Class: 17670K(21824K)->17670K(21824K)
[132.742s][info][gc             ] GC(199) Pause Young (Allocation Failure) 2364M->1391M(3527M) 7.708ms
[132.742s][info][gc,cpu         ] GC(199) User=0.02s Sys=0.00s Real=0.01s
[132.810s][info][gc,start       ] GC(200) Pause Young (Allocation Failure)
[132.817s][info][gc,heap        ] GC(200) DefNew: 1003045K(1120896K)->6681K(1120896K) Eden: 996352K(996352K)->0K(996352K) From: 6693K(124544K)->6681K(124544K)
[132.817s][info][gc,heap        ] GC(200) Tenured: 1418650K(2490844K)->1418650K(2490844K)
[132.817s][info][gc,metaspace   ] GC(200) Metaspace: 123005K(128832K)->123005K(128832K) NonClass: 105335K(107008K)->105335K(107008K) Class: 17670K(21824K)->17670K(21824K)
[132.817s][info][gc             ] GC(200) Pause Young (Allocation Failure) 2364M->1391M(3527M) 7.684ms
[132.817s][info][gc,cpu         ] GC(200) User=0.02s Sys=0.00s Real=0.01s
[132.885s][info][gc,start       ] GC(201) Pause Young (Allocation Failure)
[132.893s][info][gc,heap        ] GC(201) DefNew: 1003033K(1120896K)->6703K(1120896K) Eden: 996352K(996352K)->0K(996352K) From: 6681K(124544K)->6703K(124544K)
[132.893s][info][gc,heap        ] GC(201) Tenured: 1418650K(2490844K)->1418650K(2490844K)
[132.893s][info][gc,metaspace   ] GC(201) Metaspace: 123005K(128832K)->123005K(128832K) NonClass: 105335K(107008K)->105335K(107008K) Class: 17670K(21824K)->17670K(21824K)
[132.893s][info][gc             ] GC(201) Pause Young (Allocation Failure) 2364M->1391M(3527M) 7.731ms
[132.893s][info][gc,cpu         ] GC(201) User=0.00s Sys=0.00s Real=0.00s
[132.961s][info][gc,start       ] GC(202) Pause Young (Allocation Failure)
[132.969s][info][gc,heap        ] GC(202) DefNew: 1003055K(1120896K)->6800K(1120896K) Eden: 996352K(996352K)->0K(996352K) From: 6703K(124544K)->6800K(124544K)
[132.969s][info][gc,heap        ] GC(202) Tenured: 1418650K(2490844K)->1418650K(2490844K)
[132.969s][info][gc,metaspace   ] GC(202) Metaspace: 123005K(128832K)->123005K(128832K) NonClass: 105335K(107008K)->105335K(107008K) Class: 17670K(21824K)->17670K(21824K)
[132.969s][info][gc             ] GC(202) Pause Young (Allocation Failure) 2364M->1392M(3527M) 7.986ms
[132.969s][info][gc,cpu         ] GC(202) User=0.00s Sys=0.02s Real=0.00s
[133.036s][info][gc,start       ] GC(203) Pause Young (Allocation Failure)
[133.044s][info][gc,heap        ] GC(203) DefNew: 1003152K(1120896K)->6711K(1120896K) Eden: 996352K(996352K)->0K(996352K) From: 6800K(124544K)->6711K(124544K)
[133.044s][info][gc,heap        ] GC(203) Tenured: 1418650K(2490844K)->1418650K(2490844K)
[133.044s][info][gc,metaspace   ] GC(203) Metaspace: 123005K(128832K)->123005K(128832K) NonClass: 105335K(107008K)->105335K(107008K) Class: 17670K(21824K)->17670K(21824K)
[133.044s][info][gc             ] GC(203) Pause Young (Allocation Failure) 2365M->1391M(3527M) 8.286ms
[133.044s][info][gc,cpu         ] GC(203) User=0.00s Sys=0.00s Real=0.00s
[133.114s][info][gc,start       ] GC(204) Pause Young (Allocation Failure)
[133.125s][info][gc,heap        ] GC(204) DefNew: 1003063K(1120896K)->1085K(1120896K) Eden: 996352K(996352K)->0K(996352K) From: 6711K(124544K)->1085K(124544K)
[133.125s][info][gc,heap        ] GC(204) Tenured: 1418650K(2490844K)->1424999K(2490844K)
[133.125s][info][gc,metaspace   ] GC(204) Metaspace: 123023K(128832K)->123023K(128832K) NonClass: 105353K(107008K)->105353K(107008K) Class: 17670K(21824K)->17670K(21824K)
[133.125s][info][gc             ] GC(204) Pause Young (Allocation Failure) 2364M->1392M(3527M) 10.477ms
[133.125s][info][gc,cpu         ] GC(204) User=0.00s Sys=0.00s Real=0.00s
[133.743s][info][gc,start       ] GC(205) Pause Full (System.gc())
[133.743s][info][gc,phases,start] GC(205) Phase 1: Mark live objects
[133.810s][info][gc,phases      ] GC(205) Phase 1: Mark live objects 66.630ms
[133.810s][info][gc,phases,start] GC(205) Phase 2: Compute new object addresses
[133.941s][info][gc,phases      ] GC(205) Phase 2: Compute new object addresses 131.830ms
[133.941s][info][gc,phases,start] GC(205) Phase 3: Adjust pointers
[133.975s][info][gc,phases      ] GC(205) Phase 3: Adjust pointers 33.124ms
[133.975s][info][gc,phases,start] GC(205) Phase 4: Move objects
[134.223s][info][gc,phases      ] GC(205) Phase 4: Move objects 248.195ms
[134.224s][info][gc,heap        ] GC(205) DefNew: 448156K(1120896K)->0K(1120896K) Eden: 447071K(996352K)->0K(996352K) From: 1085K(124544K)->0K(124544K)
[134.224s][info][gc,heap        ] GC(205) Tenured: 1424999K(2490844K)->1399667K(2490844K)
[134.224s][info][gc,metaspace   ] GC(205) Metaspace: 123186K(128832K)->123186K(128832K) NonClass: 105515K(107008K)->105515K(107008K) Class: 17671K(21824K)->17671K(21824K)
[134.224s][info][gc             ] GC(205) Pause Full (System.gc()) 1829M->1366M(3527M) 481.366ms
[134.224s][info][gc,cpu         ] GC(205) User=0.48s Sys=0.00s Real=0.48s
[134.398s][info][gc,start       ] GC(206) Pause Young (Allocation Failure)
[134.413s][info][gc,heap        ] GC(206) DefNew: 996352K(1120896K)->6559K(1120896K) Eden: 996352K(996352K)->0K(996352K) From: 0K(124544K)->6559K(124544K)
[134.413s][info][gc,heap        ] GC(206) Tenured: 1399667K(2490844K)->1399667K(2490844K)
[134.413s][info][gc,metaspace   ] GC(206) Metaspace: 123327K(128832K)->123327K(128832K) NonClass: 105656K(107008K)->105656K(107008K) Class: 17671K(21824K)->17671K(21824K)
[134.413s][info][gc             ] GC(206) Pause Young (Allocation Failure) 2339M->1373M(3527M) 15.955ms
[134.414s][info][gc,cpu         ] GC(206) User=0.03s Sys=0.00s Real=0.01s
[134.482s][info][gc,start       ] GC(207) Pause Young (Allocation Failure)
[134.490s][info][gc,heap        ] GC(207) DefNew: 1002911K(1120896K)->6678K(1120896K) Eden: 996352K(996352K)->0K(996352K) From: 6559K(124544K)->6678K(124544K)
[134.490s][info][gc,heap        ] GC(207) Tenured: 1399667K(2490844K)->1399667K(2490844K)
[134.490s][info][gc,metaspace   ] GC(207) Metaspace: 123327K(128832K)->123327K(128832K) NonClass: 105656K(107008K)->105656K(107008K) Class: 17671K(21824K)->17671K(21824K)
[134.490s][info][gc             ] GC(207) Pause Young (Allocation Failure) 2346M->1373M(3527M) 8.039ms
[134.490s][info][gc,cpu         ] GC(207) User=0.00s Sys=0.00s Real=0.00s
[134.558s][info][gc,start       ] GC(208) Pause Young (Allocation Failure)
[134.565s][info][gc,heap        ] GC(208) DefNew: 1003030K(1120896K)->6701K(1120896K) Eden: 996352K(996352K)->0K(996352K) From: 6678K(124544K)->6701K(124544K)
[134.565s][info][gc,heap        ] GC(208) Tenured: 1399667K(2490844K)->1399667K(2490844K)
[134.565s][info][gc,metaspace   ] GC(208) Metaspace: 123327K(128832K)->123327K(128832K) NonClass: 105656K(107008K)->105656K(107008K) Class: 17671K(21824K)->17671K(21824K)
[134.565s][info][gc             ] GC(208) Pause Young (Allocation Failure) 2346M->1373M(3527M) 7.759ms
[134.565s][info][gc,cpu         ] GC(208) User=0.00s Sys=0.00s Real=0.00s
[134.632s][info][gc,start       ] GC(209) Pause Young (Allocation Failure)
[134.640s][info][gc,heap        ] GC(209) DefNew: 1003053K(1120896K)->6691K(1120896K) Eden: 996352K(996352K)->0K(996352K) From: 6701K(124544K)->6691K(124544K)
[134.640s][info][gc,heap        ] GC(209) Tenured: 1399667K(2490844K)->1399667K(2490844K)
[134.640s][info][gc,metaspace   ] GC(209) Metaspace: 123327K(128832K)->123327K(128832K) NonClass: 105656K(107008K)->105656K(107008K) Class: 17671K(21824K)->17671K(21824K)
[134.640s][info][gc             ] GC(209) Pause Young (Allocation Failure) 2346M->1373M(3527M) 7.781ms
[134.640s][info][gc,cpu         ] GC(209) User=0.00s Sys=0.00s Real=0.00s
[134.707s][info][gc,start       ] GC(210) Pause Young (Allocation Failure)
[134.715s][info][gc,heap        ] GC(210) DefNew: 1003043K(1120896K)->6700K(1120896K) Eden: 996352K(996352K)->0K(996352K) From: 6691K(124544K)->6700K(124544K)
[134.715s][info][gc,heap        ] GC(210) Tenured: 1399667K(2490844K)->1399667K(2490844K)
[134.715s][info][gc,metaspace   ] GC(210) Metaspace: 123327K(128832K)->123327K(128832K) NonClass: 105656K(107008K)->105656K(107008K) Class: 17671K(21824K)->17671K(21824K)
[134.715s][info][gc             ] GC(210) Pause Young (Allocation Failure) 2346M->1373M(3527M) 7.772ms
[134.715s][info][gc,cpu         ] GC(210) User=0.00s Sys=0.00s Real=0.00s
[134.782s][info][gc,start       ] GC(211) Pause Young (Allocation Failure)
[134.789s][info][gc,heap        ] GC(211) DefNew: 1003052K(1120896K)->6697K(1120896K) Eden: 996352K(996352K)->0K(996352K) From: 6700K(124544K)->6697K(124544K)
[134.789s][info][gc,heap        ] GC(211) Tenured: 1399667K(2490844K)->1399667K(2490844K)
[134.789s][info][gc,metaspace   ] GC(211) Metaspace: 123327K(128832K)->123327K(128832K) NonClass: 105656K(107008K)->105656K(107008K) Class: 17671K(21824K)->17671K(21824K)
[134.789s][info][gc             ] GC(211) Pause Young (Allocation Failure) 2346M->1373M(3527M) 7.803ms
[134.789s][info][gc,cpu         ] GC(211) User=0.03s Sys=0.00s Real=0.01s
[134.856s][info][gc,start       ] GC(212) Pause Young (Allocation Failure)
[134.864s][info][gc,heap        ] GC(212) DefNew: 1003049K(1120896K)->6700K(1120896K) Eden: 996352K(996352K)->0K(996352K) From: 6697K(124544K)->6700K(124544K)
[134.864s][info][gc,heap        ] GC(212) Tenured: 1399667K(2490844K)->1399667K(2490844K)
[134.864s][info][gc,metaspace   ] GC(212) Metaspace: 123327K(128832K)->123327K(128832K) NonClass: 105656K(107008K)->105656K(107008K) Class: 17671K(21824K)->17671K(21824K)
[134.864s][info][gc             ] GC(212) Pause Young (Allocation Failure) 2346M->1373M(3527M) 7.731ms
[134.864s][info][gc,cpu         ] GC(212) User=0.03s Sys=0.00s Real=0.02s
[134.931s][info][gc,start       ] GC(213) Pause Young (Allocation Failure)
[134.939s][info][gc,heap        ] GC(213) DefNew: 1003052K(1120896K)->6694K(1120896K) Eden: 996352K(996352K)->0K(996352K) From: 6700K(124544K)->6694K(124544K)
[134.939s][info][gc,heap        ] GC(213) Tenured: 1399667K(2490844K)->1399667K(2490844K)
[134.939s][info][gc,metaspace   ] GC(213) Metaspace: 123327K(128832K)->123327K(128832K) NonClass: 105656K(107008K)->105656K(107008K) Class: 17671K(21824K)->17671K(21824K)
[134.939s][info][gc             ] GC(213) Pause Young (Allocation Failure) 2346M->1373M(3527M) 7.819ms
[134.939s][info][gc,cpu         ] GC(213) User=0.00s Sys=0.00s Real=0.00s
[135.005s][info][gc,start       ] GC(214) Pause Young (Allocation Failure)
[135.013s][info][gc,heap        ] GC(214) DefNew: 1003046K(1120896K)->6681K(1120896K) Eden: 996352K(996352K)->0K(996352K) From: 6694K(124544K)->6681K(124544K)
[135.013s][info][gc,heap        ] GC(214) Tenured: 1399667K(2490844K)->1399667K(2490844K)
[135.013s][info][gc,metaspace   ] GC(214) Metaspace: 123327K(128832K)->123327K(128832K) NonClass: 105656K(107008K)->105656K(107008K) Class: 17671K(21824K)->17671K(21824K)
[135.013s][info][gc             ] GC(214) Pause Young (Allocation Failure) 2346M->1373M(3527M) 7.773ms
[135.013s][info][gc,cpu         ] GC(214) User=0.00s Sys=0.00s Real=0.00s
[135.080s][info][gc,start       ] GC(215) Pause Young (Allocation Failure)
[135.088s][info][gc,heap        ] GC(215) DefNew: 1003033K(1120896K)->6696K(1120896K) Eden: 996352K(996352K)->0K(996352K) From: 6681K(124544K)->6696K(124544K)
[135.088s][info][gc,heap        ] GC(215) Tenured: 1399667K(2490844K)->1399667K(2490844K)
[135.088s][info][gc,metaspace   ] GC(215) Metaspace: 123327K(128832K)->123327K(128832K) NonClass: 105656K(107008K)->105656K(107008K) Class: 17671K(21824K)->17671K(21824K)
[135.088s][info][gc             ] GC(215) Pause Young (Allocation Failure) 2346M->1373M(3527M) 7.756ms
[135.088s][info][gc,cpu         ] GC(215) User=0.00s Sys=0.00s Real=0.00s
[135.155s][info][gc,start       ] GC(216) Pause Young (Allocation Failure)
[135.162s][info][gc,heap        ] GC(216) DefNew: 1003048K(1120896K)->6688K(1120896K) Eden: 996352K(996352K)->0K(996352K) From: 6696K(124544K)->6688K(124544K)
[135.162s][info][gc,heap        ] GC(216) Tenured: 1399667K(2490844K)->1399667K(2490844K)
[135.162s][info][gc,metaspace   ] GC(216) Metaspace: 123327K(128832K)->123327K(128832K) NonClass: 105656K(107008K)->105656K(107008K) Class: 17671K(21824K)->17671K(21824K)
[135.162s][info][gc             ] GC(216) Pause Young (Allocation Failure) 2346M->1373M(3527M) 7.730ms
[135.162s][info][gc,cpu         ] GC(216) User=0.02s Sys=0.00s Real=0.02s
[135.229s][info][gc,start       ] GC(217) Pause Young (Allocation Failure)
[135.237s][info][gc,heap        ] GC(217) DefNew: 1003040K(1120896K)->6702K(1120896K) Eden: 996352K(996352K)->0K(996352K) From: 6688K(124544K)->6702K(124544K)
[135.237s][info][gc,heap        ] GC(217) Tenured: 1399667K(2490844K)->1399667K(2490844K)
[135.237s][info][gc,metaspace   ] GC(217) Metaspace: 123327K(128832K)->123327K(128832K) NonClass: 105656K(107008K)->105656K(107008K) Class: 17671K(21824K)->17671K(21824K)
[135.237s][info][gc             ] GC(217) Pause Young (Allocation Failure) 2346M->1373M(3527M) 7.786ms
[135.237s][info][gc,cpu         ] GC(217) User=0.00s Sys=0.00s Real=0.00s
[135.304s][info][gc,start       ] GC(218) Pause Young (Allocation Failure)
[135.312s][info][gc,heap        ] GC(218) DefNew: 1003054K(1120896K)->6796K(1120896K) Eden: 996352K(996352K)->0K(996352K) From: 6702K(124544K)->6796K(124544K)
[135.312s][info][gc,heap        ] GC(218) Tenured: 1399667K(2490844K)->1399667K(2490844K)
[135.312s][info][gc,metaspace   ] GC(218) Metaspace: 123327K(128832K)->123327K(128832K) NonClass: 105656K(107008K)->105656K(107008K) Class: 17671K(21824K)->17671K(21824K)
[135.312s][info][gc             ] GC(218) Pause Young (Allocation Failure) 2346M->1373M(3527M) 7.916ms
[135.312s][info][gc,cpu         ] GC(218) User=0.00s Sys=0.00s Real=0.00s
[135.379s][info][gc,start       ] GC(219) Pause Young (Allocation Failure)
[135.386s][info][gc,heap        ] GC(219) DefNew: 1003148K(1120896K)->6827K(1120896K) Eden: 996352K(996352K)->0K(996352K) From: 6796K(124544K)->6827K(124544K)
[135.386s][info][gc,heap        ] GC(219) Tenured: 1399667K(2490844K)->1399667K(2490844K)
[135.386s][info][gc,metaspace   ] GC(219) Metaspace: 123327K(128832K)->123327K(128832K) NonClass: 105656K(107008K)->105656K(107008K) Class: 17671K(21824K)->17671K(21824K)
[135.386s][info][gc             ] GC(219) Pause Young (Allocation Failure) 2346M->1373M(3527M) 7.845ms
[135.386s][info][gc,cpu         ] GC(219) User=0.02s Sys=0.00s Real=0.01s
[135.453s][info][gc,start       ] GC(220) Pause Young (Allocation Failure)
[135.461s][info][gc,heap        ] GC(220) DefNew: 1003179K(1120896K)->6723K(1120896K) Eden: 996352K(996352K)->0K(996352K) From: 6827K(124544K)->6723K(124544K)
[135.461s][info][gc,heap        ] GC(220) Tenured: 1399667K(2490844K)->1399667K(2490844K)
[135.461s][info][gc,metaspace   ] GC(220) Metaspace: 123327K(128832K)->123327K(128832K) NonClass: 105656K(107008K)->105656K(107008K) Class: 17671K(21824K)->17671K(21824K)
[135.461s][info][gc             ] GC(220) Pause Young (Allocation Failure) 2346M->1373M(3527M) 7.872ms
[135.461s][info][gc,cpu         ] GC(220) User=0.00s Sys=0.00s Real=0.00s
[135.530s][info][gc,start       ] GC(221) Pause Young (Allocation Failure)
[135.540s][info][gc,heap        ] GC(221) DefNew: 1003075K(1120896K)->1112K(1120896K) Eden: 996352K(996352K)->0K(996352K) From: 6723K(124544K)->1112K(124544K)
[135.540s][info][gc,heap        ] GC(221) Tenured: 1399667K(2490844K)->1405893K(2490844K)
[135.540s][info][gc,metaspace   ] GC(221) Metaspace: 123327K(128832K)->123327K(128832K) NonClass: 105656K(107008K)->105656K(107008K) Class: 17671K(21824K)->17671K(21824K)
[135.540s][info][gc             ] GC(221) Pause Young (Allocation Failure) 2346M->1374M(3527M) 10.412ms
[135.540s][info][gc,cpu         ] GC(221) User=0.02s Sys=0.00s Real=0.01s
[136.164s][info][gc,start       ] GC(222) Pause Full (System.gc())
[136.164s][info][gc,phases,start] GC(222) Phase 1: Mark live objects
[136.231s][info][gc,phases      ] GC(222) Phase 1: Mark live objects 67.138ms
[136.231s][info][gc,phases,start] GC(222) Phase 2: Compute new object addresses
[136.350s][info][gc,phases      ] GC(222) Phase 2: Compute new object addresses 118.869ms
[136.350s][info][gc,phases,start] GC(222) Phase 3: Adjust pointers
[136.381s][info][gc,phases      ] GC(222) Phase 3: Adjust pointers 30.676ms
[136.381s][info][gc,phases,start] GC(222) Phase 4: Move objects
[136.381s][info][gc,phases      ] GC(222) Phase 4: Move objects 0.116ms
[136.382s][info][gc,heap        ] GC(222) DefNew: 444896K(1120896K)->0K(1120896K) Eden: 443784K(996352K)->0K(996352K) From: 1112K(124544K)->0K(124544K)
[136.382s][info][gc,heap        ] GC(222) Tenured: 1405893K(2490844K)->1406110K(2490844K)
[136.382s][info][gc,metaspace   ] GC(222) Metaspace: 123377K(128832K)->123377K(128832K) NonClass: 105704K(107008K)->105704K(107008K) Class: 17673K(21824K)->17673K(21824K)
[136.382s][info][gc             ] GC(222) Pause Full (System.gc()) 1807M->1373M(3527M) 218.220ms
[136.382s][info][gc,cpu         ] GC(222) User=0.20s Sys=0.00s Real=0.20s
[136.547s][info][gc,start       ] GC(223) Pause Young (Allocation Failure)
[136.560s][info][gc,heap        ] GC(223) DefNew: 996352K(1120896K)->6593K(1120896K) Eden: 996352K(996352K)->0K(996352K) From: 0K(124544K)->6593K(124544K)
[136.560s][info][gc,heap        ] GC(223) Tenured: 1406110K(2490844K)->1406110K(2490844K)
[136.560s][info][gc,metaspace   ] GC(223) Metaspace: 123531K(128832K)->123531K(128832K) NonClass: 105858K(107008K)->105858K(107008K) Class: 17673K(21824K)->17673K(21824K)
[136.560s][info][gc             ] GC(223) Pause Young (Allocation Failure) 2346M->1379M(3527M) 12.692ms
[136.560s][info][gc,cpu         ] GC(223) User=0.05s Sys=0.00s Real=0.02s
[136.629s][info][gc,start       ] GC(224) Pause Young (Allocation Failure)
[136.637s][info][gc,heap        ] GC(224) DefNew: 1002945K(1120896K)->6772K(1120896K) Eden: 996352K(996352K)->0K(996352K) From: 6593K(124544K)->6772K(124544K)
[136.637s][info][gc,heap        ] GC(224) Tenured: 1406110K(2490844K)->1406110K(2490844K)
[136.637s][info][gc,metaspace   ] GC(224) Metaspace: 123531K(128832K)->123531K(128832K) NonClass: 105858K(107008K)->105858K(107008K) Class: 17673K(21824K)->17673K(21824K)
[136.637s][info][gc             ] GC(224) Pause Young (Allocation Failure) 2352M->1379M(3527M) 8.023ms
[136.637s][info][gc,cpu         ] GC(224) User=0.00s Sys=0.00s Real=0.01s
[136.704s][info][gc,start       ] GC(225) Pause Young (Allocation Failure)
[136.712s][info][gc,heap        ] GC(225) DefNew: 1003124K(1120896K)->6768K(1120896K) Eden: 996352K(996352K)->0K(996352K) From: 6772K(124544K)->6768K(124544K)
[136.712s][info][gc,heap        ] GC(225) Tenured: 1406110K(2490844K)->1406110K(2490844K)
[136.712s][info][gc,metaspace   ] GC(225) Metaspace: 123531K(128832K)->123531K(128832K) NonClass: 105858K(107008K)->105858K(107008K) Class: 17673K(21824K)->17673K(21824K)
[136.712s][info][gc             ] GC(225) Pause Young (Allocation Failure) 2352M->1379M(3527M) 7.832ms
[136.712s][info][gc,cpu         ] GC(225) User=0.00s Sys=0.00s Real=0.00s
[136.780s][info][gc,start       ] GC(226) Pause Young (Allocation Failure)
[136.788s][info][gc,heap        ] GC(226) DefNew: 1003120K(1120896K)->6761K(1120896K) Eden: 996352K(996352K)->0K(996352K) From: 6768K(124544K)->6761K(124544K)
[136.788s][info][gc,heap        ] GC(226) Tenured: 1406110K(2490844K)->1406110K(2490844K)
[136.788s][info][gc,metaspace   ] GC(226) Metaspace: 123531K(128832K)->123531K(128832K) NonClass: 105858K(107008K)->105858K(107008K) Class: 17673K(21824K)->17673K(21824K)
[136.788s][info][gc             ] GC(226) Pause Young (Allocation Failure) 2352M->1379M(3527M) 7.853ms
[136.788s][info][gc,cpu         ] GC(226) User=0.00s Sys=0.00s Real=0.00s
[136.855s][info][gc,start       ] GC(227) Pause Young (Allocation Failure)
[136.863s][info][gc,heap        ] GC(227) DefNew: 1003113K(1120896K)->6761K(1120896K) Eden: 996352K(996352K)->0K(996352K) From: 6761K(124544K)->6761K(124544K)
[136.863s][info][gc,heap        ] GC(227) Tenured: 1406110K(2490844K)->1406110K(2490844K)
[136.863s][info][gc,metaspace   ] GC(227) Metaspace: 123531K(128832K)->123531K(128832K) NonClass: 105858K(107008K)->105858K(107008K) Class: 17673K(21824K)->17673K(21824K)
[136.863s][info][gc             ] GC(227) Pause Young (Allocation Failure) 2352M->1379M(3527M) 7.808ms
[136.863s][info][gc,cpu         ] GC(227) User=0.00s Sys=0.00s Real=0.00s
[136.931s][info][gc,start       ] GC(228) Pause Young (Allocation Failure)
[136.938s][info][gc,heap        ] GC(228) DefNew: 1003113K(1120896K)->6750K(1120896K) Eden: 996352K(996352K)->0K(996352K) From: 6761K(124544K)->6750K(124544K)
[136.938s][info][gc,heap        ] GC(228) Tenured: 1406110K(2490844K)->1406110K(2490844K)
[136.938s][info][gc,metaspace   ] GC(228) Metaspace: 123531K(128832K)->123531K(128832K) NonClass: 105858K(107008K)->105858K(107008K) Class: 17673K(21824K)->17673K(21824K)
[136.939s][info][gc             ] GC(228) Pause Young (Allocation Failure) 2352M->1379M(3527M) 7.891ms
[136.939s][info][gc,cpu         ] GC(228) User=0.00s Sys=0.00s Real=0.00s
[137.006s][info][gc,start       ] GC(229) Pause Young (Allocation Failure)
[137.014s][info][gc,heap        ] GC(229) DefNew: 1003102K(1120896K)->6764K(1120896K) Eden: 996352K(996352K)->0K(996352K) From: 6750K(124544K)->6764K(124544K)
[137.074s][info][gc,heap        ] GC(229) Tenured: 1406110K(2490844K)->1406110K(2490844K)
[137.074s][info][gc,metaspace   ] GC(229) Metaspace: 123531K(128832K)->123531K(128832K) NonClass: 105858K(107008K)->105858K(107008K) Class: 17673K(21824K)->17673K(21824K)
[137.075s][info][gc             ] GC(229) Pause Young (Allocation Failure) 2352M->1379M(3527M) 68.393ms
[137.075s][info][gc,cpu         ] GC(229) User=0.00s Sys=0.00s Real=0.06s
[137.145s][info][gc,start       ] GC(230) Pause Young (Allocation Failure)
[137.152s][info][gc,heap        ] GC(230) DefNew: 1003116K(1120896K)->6757K(1120896K) Eden: 996352K(996352K)->0K(996352K) From: 6764K(124544K)->6757K(124544K)
[137.152s][info][gc,heap        ] GC(230) Tenured: 1406110K(2490844K)->1406110K(2490844K)
[137.152s][info][gc,metaspace   ] GC(230) Metaspace: 123531K(128832K)->123531K(128832K) NonClass: 105858K(107008K)->105858K(107008K) Class: 17673K(21824K)->17673K(21824K)
[137.153s][info][gc             ] GC(230) Pause Young (Allocation Failure) 2352M->1379M(3527M) 7.876ms
[137.153s][info][gc,cpu         ] GC(230) User=0.03s Sys=0.00s Real=0.02s
[137.221s][info][gc,start       ] GC(231) Pause Young (Allocation Failure)
[137.229s][info][gc,heap        ] GC(231) DefNew: 1003109K(1120896K)->6765K(1120896K) Eden: 996352K(996352K)->0K(996352K) From: 6757K(124544K)->6765K(124544K)
[137.229s][info][gc,heap        ] GC(231) Tenured: 1406110K(2490844K)->1406110K(2490844K)
[137.229s][info][gc,metaspace   ] GC(231) Metaspace: 123531K(128832K)->123531K(128832K) NonClass: 105858K(107008K)->105858K(107008K) Class: 17673K(21824K)->17673K(21824K)
[137.229s][info][gc             ] GC(231) Pause Young (Allocation Failure) 2352M->1379M(3527M) 7.985ms
[137.229s][info][gc,cpu         ] GC(231) User=0.00s Sys=0.00s Real=0.00s
[137.297s][info][gc,start       ] GC(232) Pause Young (Allocation Failure)
[137.304s][info][gc,heap        ] GC(232) DefNew: 1003117K(1120896K)->6748K(1120896K) Eden: 996352K(996352K)->0K(996352K) From: 6765K(124544K)->6748K(124544K)
[137.304s][info][gc,heap        ] GC(232) Tenured: 1406110K(2490844K)->1406110K(2490844K)
[137.304s][info][gc,metaspace   ] GC(232) Metaspace: 123531K(128832K)->123531K(128832K) NonClass: 105858K(107008K)->105858K(107008K) Class: 17673K(21824K)->17673K(21824K)
[137.304s][info][gc             ] GC(232) Pause Young (Allocation Failure) 2352M->1379M(3527M) 7.849ms
[137.305s][info][gc,cpu         ] GC(232) User=0.00s Sys=0.00s Real=0.00s
[137.373s][info][gc,start       ] GC(233) Pause Young (Allocation Failure)
[137.380s][info][gc,heap        ] GC(233) DefNew: 1003100K(1120896K)->6753K(1120896K) Eden: 996352K(996352K)->0K(996352K) From: 6748K(124544K)->6753K(124544K)
[137.380s][info][gc,heap        ] GC(233) Tenured: 1406110K(2490844K)->1406110K(2490844K)
[137.380s][info][gc,metaspace   ] GC(233) Metaspace: 123531K(128832K)->123531K(128832K) NonClass: 105858K(107008K)->105858K(107008K) Class: 17673K(21824K)->17673K(21824K)
[137.380s][info][gc             ] GC(233) Pause Young (Allocation Failure) 2352M->1379M(3527M) 7.929ms
[137.381s][info][gc,cpu         ] GC(233) User=0.00s Sys=0.00s Real=0.00s
[137.448s][info][gc,start       ] GC(234) Pause Young (Allocation Failure)
[137.456s][info][gc,heap        ] GC(234) DefNew: 1003105K(1120896K)->6764K(1120896K) Eden: 996352K(996352K)->0K(996352K) From: 6753K(124544K)->6764K(124544K)
[137.456s][info][gc,heap        ] GC(234) Tenured: 1406110K(2490844K)->1406110K(2490844K)
[137.456s][info][gc,metaspace   ] GC(234) Metaspace: 123531K(128832K)->123531K(128832K) NonClass: 105858K(107008K)->105858K(107008K) Class: 17673K(21824K)->17673K(21824K)
[137.456s][info][gc             ] GC(234) Pause Young (Allocation Failure) 2352M->1379M(3527M) 7.887ms
[137.456s][info][gc,cpu         ] GC(234) User=0.03s Sys=0.00s Real=0.02s
[137.524s][info][gc,start       ] GC(235) Pause Young (Allocation Failure)
[137.532s][info][gc,heap        ] GC(235) DefNew: 1003116K(1120896K)->6760K(1120896K) Eden: 996352K(996352K)->0K(996352K) From: 6764K(124544K)->6760K(124544K)
[137.532s][info][gc,heap        ] GC(235) Tenured: 1406110K(2490844K)->1406110K(2490844K)
[137.532s][info][gc,metaspace   ] GC(235) Metaspace: 123531K(128832K)->123531K(128832K) NonClass: 105858K(107008K)->105858K(107008K) Class: 17673K(21824K)->17673K(21824K)
[137.532s][info][gc             ] GC(235) Pause Young (Allocation Failure) 2352M->1379M(3527M) 7.893ms
[137.532s][info][gc,cpu         ] GC(235) User=0.00s Sys=0.00s Real=0.00s
[137.600s][info][gc,start       ] GC(236) Pause Young (Allocation Failure)
[137.608s][info][gc,heap        ] GC(236) DefNew: 1003112K(1120896K)->6747K(1120896K) Eden: 996352K(996352K)->0K(996352K) From: 6760K(124544K)->6747K(124544K)
[137.608s][info][gc,heap        ] GC(236) Tenured: 1406110K(2490844K)->1406110K(2490844K)
[137.608s][info][gc,metaspace   ] GC(236) Metaspace: 123531K(128832K)->123531K(128832K) NonClass: 105858K(107008K)->105858K(107008K) Class: 17673K(21824K)->17673K(21824K)
[137.608s][info][gc             ] GC(236) Pause Young (Allocation Failure) 2352M->1379M(3527M) 8.209ms
[137.608s][info][gc,cpu         ] GC(236) User=0.02s Sys=0.00s Real=0.02s
[137.676s][info][gc,start       ] GC(237) Pause Young (Allocation Failure)
[137.684s][info][gc,heap        ] GC(237) DefNew: 1003099K(1120896K)->6883K(1120896K) Eden: 996352K(996352K)->0K(996352K) From: 6747K(124544K)->6883K(124544K)
[137.684s][info][gc,heap        ] GC(237) Tenured: 1406110K(2490844K)->1406110K(2490844K)
[137.684s][info][gc,metaspace   ] GC(237) Metaspace: 123531K(128832K)->123531K(128832K) NonClass: 105858K(107008K)->105858K(107008K) Class: 17673K(21824K)->17673K(21824K)
[137.684s][info][gc             ] GC(237) Pause Young (Allocation Failure) 2352M->1379M(3527M) 8.107ms
[137.684s][info][gc,cpu         ] GC(237) User=0.02s Sys=0.00s Real=0.02s
[137.753s][info][gc,start       ] GC(238) Pause Young (Allocation Failure)
[137.764s][info][gc,heap        ] GC(238) DefNew: 1003235K(1120896K)->935K(1120896K) Eden: 996352K(996352K)->0K(996352K) From: 6883K(124544K)->935K(124544K)
[137.764s][info][gc,heap        ] GC(238) Tenured: 1406110K(2490844K)->1412481K(2490844K)
[137.764s][info][gc,metaspace   ] GC(238) Metaspace: 123531K(128832K)->123531K(128832K) NonClass: 105858K(107008K)->105858K(107008K) Class: 17673K(21824K)->17673K(21824K)
[137.764s][info][gc             ] GC(238) Pause Young (Allocation Failure) 2352M->1380M(3527M) 10.478ms
[137.764s][info][gc,cpu         ] GC(238) User=0.00s Sys=0.00s Real=0.00s
[138.389s][info][gc,start       ] GC(239) Pause Full (System.gc())
[138.389s][info][gc,phases,start] GC(239) Phase 1: Mark live objects
[138.453s][info][gc,phases      ] GC(239) Phase 1: Mark live objects 63.961ms
[138.453s][info][gc,phases,start] GC(239) Phase 2: Compute new object addresses
[138.582s][info][gc,phases      ] GC(239) Phase 2: Compute new object addresses 129.256ms
[138.582s][info][gc,phases,start] GC(239) Phase 3: Adjust pointers
[138.614s][info][gc,phases      ] GC(239) Phase 3: Adjust pointers 31.938ms
[138.614s][info][gc,phases,start] GC(239) Phase 4: Move objects
[138.614s][info][gc,phases      ] GC(239) Phase 4: Move objects 0.113ms
[138.615s][info][gc,heap        ] GC(239) DefNew: 436992K(1120896K)->0K(1120896K) Eden: 436057K(996352K)->0K(996352K) From: 935K(124544K)->0K(124544K)
[138.615s][info][gc,heap        ] GC(239) Tenured: 1412481K(2490844K)->1412695K(2490844K)
[138.615s][info][gc,metaspace   ] GC(239) Metaspace: 123631K(128832K)->123631K(128832K) NonClass: 105957K(107008K)->105957K(107008K) Class: 17674K(21824K)->17674K(21824K)
[138.615s][info][gc             ] GC(239) Pause Full (System.gc()) 1806M->1379M(3527M) 226.608ms
[138.615s][info][gc,cpu         ] GC(239) User=0.22s Sys=0.00s Real=0.22s
[138.772s][info][gc,start       ] GC(240) Pause Young (Allocation Failure)
[138.784s][info][gc,heap        ] GC(240) DefNew: 996352K(1120896K)->6593K(1120896K) Eden: 996352K(996352K)->0K(996352K) From: 0K(124544K)->6593K(124544K)
[138.784s][info][gc,heap        ] GC(240) Tenured: 1412695K(2490844K)->1412695K(2490844K)
[138.784s][info][gc,metaspace   ] GC(240) Metaspace: 123773K(128832K)->123773K(128832K) NonClass: 106099K(107008K)->106099K(107008K) Class: 17674K(21824K)->17674K(21824K)
[138.784s][info][gc             ] GC(240) Pause Young (Allocation Failure) 2352M->1386M(3527M) 12.420ms
[138.784s][info][gc,cpu         ] GC(240) User=0.03s Sys=0.00s Real=0.02s
[138.852s][info][gc,start       ] GC(241) Pause Young (Allocation Failure)
[138.860s][info][gc,heap        ] GC(241) DefNew: 1002945K(1120896K)->6675K(1120896K) Eden: 996352K(996352K)->0K(996352K) From: 6593K(124544K)->6675K(124544K)
[138.860s][info][gc,heap        ] GC(241) Tenured: 1412695K(2490844K)->1412695K(2490844K)
[138.860s][info][gc,metaspace   ] GC(241) Metaspace: 123773K(128832K)->123773K(128832K) NonClass: 106099K(107008K)->106099K(107008K) Class: 17674K(21824K)->17674K(21824K)
[138.860s][info][gc             ] GC(241) Pause Young (Allocation Failure) 2359M->1386M(3527M) 7.926ms
[138.860s][info][gc,cpu         ] GC(241) User=0.00s Sys=0.00s Real=0.00s
[138.927s][info][gc,start       ] GC(242) Pause Young (Allocation Failure)
[138.935s][info][gc,heap        ] GC(242) DefNew: 1003027K(1120896K)->6672K(1120896K) Eden: 996352K(996352K)->0K(996352K) From: 6675K(124544K)->6672K(124544K)
[138.935s][info][gc,heap        ] GC(242) Tenured: 1412695K(2490844K)->1412695K(2490844K)
[138.935s][info][gc,metaspace   ] GC(242) Metaspace: 123773K(128832K)->123773K(128832K) NonClass: 106099K(107008K)->106099K(107008K) Class: 17674K(21824K)->17674K(21824K)
[138.935s][info][gc             ] GC(242) Pause Young (Allocation Failure) 2359M->1386M(3527M) 7.828ms
[138.935s][info][gc,cpu         ] GC(242) User=0.00s Sys=0.00s Real=0.00s
[139.002s][info][gc,start       ] GC(243) Pause Young (Allocation Failure)
[139.010s][info][gc,heap        ] GC(243) DefNew: 1003024K(1120896K)->6685K(1120896K) Eden: 996352K(996352K)->0K(996352K) From: 6672K(124544K)->6685K(124544K)
[139.010s][info][gc,heap        ] GC(243) Tenured: 1412695K(2490844K)->1412695K(2490844K)
[139.010s][info][gc,metaspace   ] GC(243) Metaspace: 123773K(128832K)->123773K(128832K) NonClass: 106099K(107008K)->106099K(107008K) Class: 17674K(21824K)->17674K(21824K)
[139.010s][info][gc             ] GC(243) Pause Young (Allocation Failure) 2359M->1386M(3527M) 7.890ms
[139.010s][info][gc,cpu         ] GC(243) User=0.02s Sys=0.00s Real=0.02s
[139.078s][info][gc,start       ] GC(244) Pause Young (Allocation Failure)
[139.086s][info][gc,heap        ] GC(244) DefNew: 1003037K(1120896K)->6677K(1120896K) Eden: 996352K(996352K)->0K(996352K) From: 6685K(124544K)->6677K(124544K)
[139.086s][info][gc,heap        ] GC(244) Tenured: 1412695K(2490844K)->1412695K(2490844K)
[139.086s][info][gc,metaspace   ] GC(244) Metaspace: 123773K(128832K)->123773K(128832K) NonClass: 106099K(107008K)->106099K(107008K) Class: 17674K(21824K)->17674K(21824K)
[139.086s][info][gc             ] GC(244) Pause Young (Allocation Failure) 2359M->1386M(3527M) 7.884ms
[139.086s][info][gc,cpu         ] GC(244) User=0.02s Sys=0.00s Real=0.02s
[139.153s][info][gc,start       ] GC(245) Pause Young (Allocation Failure)
[139.161s][info][gc,heap        ] GC(245) DefNew: 1003029K(1120896K)->6675K(1120896K) Eden: 996352K(996352K)->0K(996352K) From: 6677K(124544K)->6675K(124544K)
[139.161s][info][gc,heap        ] GC(245) Tenured: 1412695K(2490844K)->1412695K(2490844K)
[139.161s][info][gc,metaspace   ] GC(245) Metaspace: 123773K(128832K)->123773K(128832K) NonClass: 106099K(107008K)->106099K(107008K) Class: 17674K(21824K)->17674K(21824K)
[139.161s][info][gc             ] GC(245) Pause Young (Allocation Failure) 2359M->1386M(3527M) 7.815ms
[139.161s][info][gc,cpu         ] GC(245) User=0.02s Sys=0.00s Real=0.02s
[139.228s][info][gc,start       ] GC(246) Pause Young (Allocation Failure)
[139.236s][info][gc,heap        ] GC(246) DefNew: 1003027K(1120896K)->6682K(1120896K) Eden: 996352K(996352K)->0K(996352K) From: 6675K(124544K)->6682K(124544K)
[139.236s][info][gc,heap        ] GC(246) Tenured: 1412695K(2490844K)->1412695K(2490844K)
[139.236s][info][gc,metaspace   ] GC(246) Metaspace: 123773K(128832K)->123773K(128832K) NonClass: 106099K(107008K)->106099K(107008K) Class: 17674K(21824K)->17674K(21824K)
[139.236s][info][gc             ] GC(246) Pause Young (Allocation Failure) 2359M->1386M(3527M) 7.896ms
[139.236s][info][gc,cpu         ] GC(246) User=0.00s Sys=0.00s Real=0.00s
[139.303s][info][gc,start       ] GC(247) Pause Young (Allocation Failure)
[139.311s][info][gc,heap        ] GC(247) DefNew: 1003034K(1120896K)->6669K(1120896K) Eden: 996352K(996352K)->0K(996352K) From: 6682K(124544K)->6669K(124544K)
[139.311s][info][gc,heap        ] GC(247) Tenured: 1412695K(2490844K)->1412695K(2490844K)
[139.311s][info][gc,metaspace   ] GC(247) Metaspace: 123773K(128832K)->123773K(128832K) NonClass: 106099K(107008K)->106099K(107008K) Class: 17674K(21824K)->17674K(21824K)
[139.311s][info][gc             ] GC(247) Pause Young (Allocation Failure) 2359M->1386M(3527M) 7.814ms
[139.311s][info][gc,cpu         ] GC(247) User=0.00s Sys=0.00s Real=0.00s
[139.378s][info][gc,start       ] GC(248) Pause Young (Allocation Failure)
[139.386s][info][gc,heap        ] GC(248) DefNew: 1003021K(1120896K)->6684K(1120896K) Eden: 996352K(996352K)->0K(996352K) From: 6669K(124544K)->6684K(124544K)
[139.386s][info][gc,heap        ] GC(248) Tenured: 1412695K(2490844K)->1412695K(2490844K)
[139.386s][info][gc,metaspace   ] GC(248) Metaspace: 123773K(128832K)->123773K(128832K) NonClass: 106099K(107008K)->106099K(107008K) Class: 17674K(21824K)->17674K(21824K)
[139.386s][info][gc             ] GC(248) Pause Young (Allocation Failure) 2359M->1386M(3527M) 7.930ms
[139.386s][info][gc,cpu         ] GC(248) User=0.00s Sys=0.00s Real=0.00s
[139.454s][info][gc,start       ] GC(249) Pause Young (Allocation Failure)
[139.462s][info][gc,heap        ] GC(249) DefNew: 1003036K(1120896K)->6683K(1120896K) Eden: 996352K(996352K)->0K(996352K) From: 6684K(124544K)->6683K(124544K)
[139.462s][info][gc,heap        ] GC(249) Tenured: 1412695K(2490844K)->1412695K(2490844K)
[139.462s][info][gc,metaspace   ] GC(249) Metaspace: 123773K(128832K)->123773K(128832K) NonClass: 106099K(107008K)->106099K(107008K) Class: 17674K(21824K)->17674K(21824K)
[139.462s][info][gc             ] GC(249) Pause Young (Allocation Failure) 2359M->1386M(3527M) 7.939ms
[139.462s][info][gc,cpu         ] GC(249) User=0.02s Sys=0.00s Real=0.02s
[139.529s][info][gc,start       ] GC(250) Pause Young (Allocation Failure)
[139.537s][info][gc,heap        ] GC(250) DefNew: 1003035K(1120896K)->6673K(1120896K) Eden: 996352K(996352K)->0K(996352K) From: 6683K(124544K)->6673K(124544K)
[139.537s][info][gc,heap        ] GC(250) Tenured: 1412695K(2490844K)->1412695K(2490844K)
[139.537s][info][gc,metaspace   ] GC(250) Metaspace: 123773K(128832K)->123773K(128832K) NonClass: 106099K(107008K)->106099K(107008K) Class: 17674K(21824K)->17674K(21824K)
[139.537s][info][gc             ] GC(250) Pause Young (Allocation Failure) 2359M->1386M(3527M) 7.797ms
[139.537s][info][gc,cpu         ] GC(250) User=0.02s Sys=0.00s Real=0.02s
[139.604s][info][gc,start       ] GC(251) Pause Young (Allocation Failure)
[139.612s][info][gc,heap        ] GC(251) DefNew: 1003025K(1120896K)->6666K(1120896K) Eden: 996352K(996352K)->0K(996352K) From: 6673K(124544K)->6666K(124544K)
[139.612s][info][gc,heap        ] GC(251) Tenured: 1412695K(2490844K)->1412695K(2490844K)
[139.612s][info][gc,metaspace   ] GC(251) Metaspace: 123773K(128832K)->123773K(128832K) NonClass: 106099K(107008K)->106099K(107008K) Class: 17674K(21824K)->17674K(21824K)
[139.612s][info][gc             ] GC(251) Pause Young (Allocation Failure) 2359M->1386M(3527M) 7.883ms
[139.612s][info][gc,cpu         ] GC(251) User=0.00s Sys=0.00s Real=0.00s
[139.680s][info][gc,start       ] GC(252) Pause Young (Allocation Failure)
[139.688s][info][gc,heap        ] GC(252) DefNew: 1003018K(1120896K)->6930K(1120896K) Eden: 996352K(996352K)->0K(996352K) From: 6666K(124544K)->6930K(124544K)
[139.688s][info][gc,heap        ] GC(252) Tenured: 1412695K(2490844K)->1412695K(2490844K)
[139.688s][info][gc,metaspace   ] GC(252) Metaspace: 123775K(128832K)->123775K(128832K) NonClass: 106101K(107008K)->106101K(107008K) Class: 17674K(21824K)->17674K(21824K)
[139.688s][info][gc             ] GC(252) Pause Young (Allocation Failure) 2359M->1386M(3527M) 8.138ms
[139.688s][info][gc,cpu         ] GC(252) User=0.00s Sys=0.00s Real=0.00s
[139.755s][info][gc,start       ] GC(253) Pause Young (Allocation Failure)
[139.763s][info][gc,heap        ] GC(253) DefNew: 1003282K(1120896K)->6775K(1120896K) Eden: 996352K(996352K)->0K(996352K) From: 6930K(124544K)->6775K(124544K)
[139.763s][info][gc,heap        ] GC(253) Tenured: 1412695K(2490844K)->1412695K(2490844K)
[139.763s][info][gc,metaspace   ] GC(253) Metaspace: 123775K(128832K)->123775K(128832K) NonClass: 106101K(107008K)->106101K(107008K) Class: 17674K(21824K)->17674K(21824K)
[139.763s][info][gc             ] GC(253) Pause Young (Allocation Failure) 2359M->1386M(3527M) 7.949ms
[139.763s][info][gc,cpu         ] GC(253) User=0.00s Sys=0.00s Real=0.00s
[139.831s][info][gc,start       ] GC(254) Pause Young (Allocation Failure)
[139.839s][info][gc,heap        ] GC(254) DefNew: 1003127K(1120896K)->6704K(1120896K) Eden: 996352K(996352K)->0K(996352K) From: 6775K(124544K)->6704K(124544K)
[139.839s][info][gc,heap        ] GC(254) Tenured: 1412695K(2490844K)->1412695K(2490844K)
[139.839s][info][gc,metaspace   ] GC(254) Metaspace: 123775K(128832K)->123775K(128832K) NonClass: 106101K(107008K)->106101K(107008K) Class: 17674K(21824K)->17674K(21824K)
[139.839s][info][gc             ] GC(254) Pause Young (Allocation Failure) 2359M->1386M(3527M) 8.109ms
[139.839s][info][gc,cpu         ] GC(254) User=0.00s Sys=0.00s Real=0.00s
[139.907s][info][gc,start       ] GC(255) Pause Young (Allocation Failure)
[139.917s][info][gc,heap        ] GC(255) DefNew: 1003056K(1120896K)->613K(1120896K) Eden: 996352K(996352K)->0K(996352K) From: 6704K(124544K)->613K(124544K)
[139.917s][info][gc,heap        ] GC(255) Tenured: 1412695K(2490844K)->1419016K(2490844K)
[139.917s][info][gc,metaspace   ] GC(255) Metaspace: 123793K(128896K)->123793K(128896K) NonClass: 106119K(107072K)->106119K(107072K) Class: 17674K(21824K)->17674K(21824K)
[139.917s][info][gc             ] GC(255) Pause Young (Allocation Failure) 2359M->1386M(3527M) 9.887ms
[139.917s][info][gc,cpu         ] GC(255) User=0.00s Sys=0.00s Real=0.00s
[140.565s][info][gc,start       ] GC(256) Pause Full (System.gc())
[140.565s][info][gc,phases,start] GC(256) Phase 1: Mark live objects
[140.634s][info][gc,phases      ] GC(256) Phase 1: Mark live objects 68.749ms
[140.634s][info][gc,phases,start] GC(256) Phase 2: Compute new object addresses
[140.752s][info][gc,phases      ] GC(256) Phase 2: Compute new object addresses 118.078ms
[140.752s][info][gc,phases,start] GC(256) Phase 3: Adjust pointers
[140.784s][info][gc,phases      ] GC(256) Phase 3: Adjust pointers 32.495ms
[140.784s][info][gc,phases,start] GC(256) Phase 4: Move objects
[140.784s][info][gc,phases      ] GC(256) Phase 4: Move objects 0.116ms
[140.785s][info][gc,heap        ] GC(256) DefNew: 432202K(1120896K)->0K(1120896K) Eden: 431588K(996352K)->0K(996352K) From: 613K(124544K)->0K(124544K)
[140.785s][info][gc,heap        ] GC(256) Tenured: 1419016K(2490844K)->1419232K(2490844K)
[140.785s][info][gc,metaspace   ] GC(256) Metaspace: 123805K(128896K)->123805K(128896K) NonClass: 106131K(107072K)->106131K(107072K) Class: 17674K(21824K)->17674K(21824K)
[140.786s][info][gc             ] GC(256) Pause Full (System.gc()) 1807M->1385M(3527M) 220.840ms
[140.786s][info][gc,cpu         ] GC(256) User=0.20s Sys=0.02s Real=0.22s
[140.938s][info][gc,start       ] GC(257) Pause Young (Allocation Failure)
[140.950s][info][gc,heap        ] GC(257) DefNew: 996352K(1120896K)->6647K(1120896K) Eden: 996352K(996352K)->0K(996352K) From: 0K(124544K)->6647K(124544K)
[140.950s][info][gc,heap        ] GC(257) Tenured: 1419232K(2490844K)->1419232K(2490844K)
[140.950s][info][gc,metaspace   ] GC(257) Metaspace: 123894K(128896K)->123894K(128896K) NonClass: 106219K(107072K)->106219K(107072K) Class: 17675K(21824K)->17675K(21824K)
[140.950s][info][gc             ] GC(257) Pause Young (Allocation Failure) 2358M->1392M(3527M) 12.646ms
[140.950s][info][gc,cpu         ] GC(257) User=0.05s Sys=0.00s Real=0.01s
[141.018s][info][gc,start       ] GC(258) Pause Young (Allocation Failure)
[141.026s][info][gc,heap        ] GC(258) DefNew: 1002999K(1120896K)->6669K(1120896K) Eden: 996352K(996352K)->0K(996352K) From: 6647K(124544K)->6669K(124544K)
[141.026s][info][gc,heap        ] GC(258) Tenured: 1419232K(2490844K)->1419232K(2490844K)
[141.026s][info][gc,metaspace   ] GC(258) Metaspace: 123894K(128896K)->123894K(128896K) NonClass: 106219K(107072K)->106219K(107072K) Class: 17675K(21824K)->17675K(21824K)
[141.027s][info][gc             ] GC(258) Pause Young (Allocation Failure) 2365M->1392M(3527M) 8.043ms
[141.027s][info][gc,cpu         ] GC(258) User=0.00s Sys=0.00s Real=0.00s
[141.095s][info][gc,start       ] GC(259) Pause Young (Allocation Failure)
[141.102s][info][gc,heap        ] GC(259) DefNew: 1003021K(1120896K)->6668K(1120896K) Eden: 996352K(996352K)->0K(996352K) From: 6669K(124544K)->6668K(124544K)
[141.102s][info][gc,heap        ] GC(259) Tenured: 1419232K(2490844K)->1419232K(2490844K)
[141.102s][info][gc,metaspace   ] GC(259) Metaspace: 123894K(128896K)->123894K(128896K) NonClass: 106219K(107072K)->106219K(107072K) Class: 17675K(21824K)->17675K(21824K)
[141.103s][info][gc             ] GC(259) Pause Young (Allocation Failure) 2365M->1392M(3527M) 7.978ms
[141.103s][info][gc,cpu         ] GC(259) User=0.00s Sys=0.00s Real=0.00s
[141.170s][info][gc,start       ] GC(260) Pause Young (Allocation Failure)
[141.178s][info][gc,heap        ] GC(260) DefNew: 1003020K(1120896K)->6698K(1120896K) Eden: 996352K(996352K)->0K(996352K) From: 6668K(124544K)->6698K(124544K)
[141.178s][info][gc,heap        ] GC(260) Tenured: 1419232K(2490844K)->1419232K(2490844K)
[141.178s][info][gc,metaspace   ] GC(260) Metaspace: 123894K(128896K)->123894K(128896K) NonClass: 106219K(107072K)->106219K(107072K) Class: 17675K(21824K)->17675K(21824K)
[141.178s][info][gc             ] GC(260) Pause Young (Allocation Failure) 2365M->1392M(3527M) 8.064ms
[141.178s][info][gc,cpu         ] GC(260) User=0.00s Sys=0.00s Real=0.00s
[141.245s][info][gc,start       ] GC(261) Pause Young (Allocation Failure)
[141.253s][info][gc,heap        ] GC(261) DefNew: 1003050K(1120896K)->6681K(1120896K) Eden: 996352K(996352K)->0K(996352K) From: 6698K(124544K)->6681K(124544K)
[141.253s][info][gc,heap        ] GC(261) Tenured: 1419232K(2490844K)->1419232K(2490844K)
[141.253s][info][gc,metaspace   ] GC(261) Metaspace: 123894K(128896K)->123894K(128896K) NonClass: 106219K(107072K)->106219K(107072K) Class: 17675K(21824K)->17675K(21824K)
[141.253s][info][gc             ] GC(261) Pause Young (Allocation Failure) 2365M->1392M(3527M) 8.013ms
[141.253s][info][gc,cpu         ] GC(261) User=0.03s Sys=0.00s Real=0.02s
[141.321s][info][gc,start       ] GC(262) Pause Young (Allocation Failure)
[141.328s][info][gc,heap        ] GC(262) DefNew: 1003033K(1120896K)->6696K(1120896K) Eden: 996352K(996352K)->0K(996352K) From: 6681K(124544K)->6696K(124544K)
[141.328s][info][gc,heap        ] GC(262) Tenured: 1419232K(2490844K)->1419232K(2490844K)
[141.328s][info][gc,metaspace   ] GC(262) Metaspace: 123894K(128896K)->123894K(128896K) NonClass: 106219K(107072K)->106219K(107072K) Class: 17675K(21824K)->17675K(21824K)
[141.329s][info][gc             ] GC(262) Pause Young (Allocation Failure) 2365M->1392M(3527M) 8.011ms
[141.329s][info][gc,cpu         ] GC(262) User=0.00s Sys=0.00s Real=0.00s
[141.397s][info][gc,start       ] GC(263) Pause Young (Allocation Failure)
[141.404s][info][gc,heap        ] GC(263) DefNew: 1003048K(1120896K)->6673K(1120896K) Eden: 996352K(996352K)->0K(996352K) From: 6696K(124544K)->6673K(124544K)
[141.404s][info][gc,heap        ] GC(263) Tenured: 1419232K(2490844K)->1419232K(2490844K)
[141.404s][info][gc,metaspace   ] GC(263) Metaspace: 123894K(128896K)->123894K(128896K) NonClass: 106219K(107072K)->106219K(107072K) Class: 17675K(21824K)->17675K(21824K)
[141.405s][info][gc             ] GC(263) Pause Young (Allocation Failure) 2365M->1392M(3527M) 8.014ms
[141.405s][info][gc,cpu         ] GC(263) User=0.00s Sys=0.00s Real=0.00s
[141.473s][info][gc,start       ] GC(264) Pause Young (Allocation Failure)
[141.481s][info][gc,heap        ] GC(264) DefNew: 1003025K(1120896K)->6671K(1120896K) Eden: 996352K(996352K)->0K(996352K) From: 6673K(124544K)->6671K(124544K)
[141.481s][info][gc,heap        ] GC(264) Tenured: 1419232K(2490844K)->1419232K(2490844K)
[141.481s][info][gc,metaspace   ] GC(264) Metaspace: 123894K(128896K)->123894K(128896K) NonClass: 106219K(107072K)->106219K(107072K) Class: 17675K(21824K)->17675K(21824K)
[141.481s][info][gc             ] GC(264) Pause Young (Allocation Failure) 2365M->1392M(3527M) 8.085ms
[141.481s][info][gc,cpu         ] GC(264) User=0.00s Sys=0.00s Real=0.00s
[141.548s][info][gc,start       ] GC(265) Pause Young (Allocation Failure)
[141.556s][info][gc,heap        ] GC(265) DefNew: 1003023K(1120896K)->6684K(1120896K) Eden: 996352K(996352K)->0K(996352K) From: 6671K(124544K)->6684K(124544K)
[141.556s][info][gc,heap        ] GC(265) Tenured: 1419232K(2490844K)->1419232K(2490844K)
[141.556s][info][gc,metaspace   ] GC(265) Metaspace: 123894K(128896K)->123894K(128896K) NonClass: 106219K(107072K)->106219K(107072K) Class: 17675K(21824K)->17675K(21824K)
[141.556s][info][gc             ] GC(265) Pause Young (Allocation Failure) 2365M->1392M(3527M) 8.120ms
[141.556s][info][gc,cpu         ] GC(265) User=0.00s Sys=0.00s Real=0.00s
[141.623s][info][gc,start       ] GC(266) Pause Young (Allocation Failure)
[141.632s][info][gc,heap        ] GC(266) DefNew: 1003036K(1120896K)->6699K(1120896K) Eden: 996352K(996352K)->0K(996352K) From: 6684K(124544K)->6699K(124544K)
[141.632s][info][gc,heap        ] GC(266) Tenured: 1419232K(2490844K)->1419232K(2490844K)
[141.632s][info][gc,metaspace   ] GC(266) Metaspace: 123894K(128896K)->123894K(128896K) NonClass: 106219K(107072K)->106219K(107072K) Class: 17675K(21824K)->17675K(21824K)
[141.632s][info][gc             ] GC(266) Pause Young (Allocation Failure) 2365M->1392M(3527M) 8.434ms
[141.632s][info][gc,cpu         ] GC(266) User=0.00s Sys=0.00s Real=0.00s
[141.700s][info][gc,start       ] GC(267) Pause Young (Allocation Failure)
[141.708s][info][gc,heap        ] GC(267) DefNew: 1003051K(1120896K)->6678K(1120896K) Eden: 996352K(996352K)->0K(996352K) From: 6699K(124544K)->6678K(124544K)
[141.708s][info][gc,heap        ] GC(267) Tenured: 1419232K(2490844K)->1419232K(2490844K)
[141.708s][info][gc,metaspace   ] GC(267) Metaspace: 123894K(128896K)->123894K(128896K) NonClass: 106219K(107072K)->106219K(107072K) Class: 17675K(21824K)->17675K(21824K)
[141.708s][info][gc             ] GC(267) Pause Young (Allocation Failure) 2365M->1392M(3527M) 8.003ms
[141.708s][info][gc,cpu         ] GC(267) User=0.00s Sys=0.00s Real=0.00s
[141.775s][info][gc,start       ] GC(268) Pause Young (Allocation Failure)
[141.783s][info][gc,heap        ] GC(268) DefNew: 1003030K(1120896K)->6736K(1120896K) Eden: 996352K(996352K)->0K(996352K) From: 6678K(124544K)->6736K(124544K)
[141.783s][info][gc,heap        ] GC(268) Tenured: 1419232K(2490844K)->1419232K(2490844K)
[141.783s][info][gc,metaspace   ] GC(268) Metaspace: 123894K(128896K)->123894K(128896K) NonClass: 106219K(107072K)->106219K(107072K) Class: 17675K(21824K)->17675K(21824K)
[141.784s][info][gc             ] GC(268) Pause Young (Allocation Failure) 2365M->1392M(3527M) 8.081ms
[141.784s][info][gc,cpu         ] GC(268) User=0.00s Sys=0.00s Real=0.00s
[141.851s][info][gc,start       ] GC(269) Pause Young (Allocation Failure)
[141.860s][info][gc,heap        ] GC(269) DefNew: 1003088K(1120896K)->6798K(1120896K) Eden: 996352K(996352K)->0K(996352K) From: 6736K(124544K)->6798K(124544K)
[141.860s][info][gc,heap        ] GC(269) Tenured: 1419232K(2490844K)->1419232K(2490844K)
[141.860s][info][gc,metaspace   ] GC(269) Metaspace: 123894K(128896K)->123894K(128896K) NonClass: 106219K(107072K)->106219K(107072K) Class: 17675K(21824K)->17675K(21824K)
[141.860s][info][gc             ] GC(269) Pause Young (Allocation Failure) 2365M->1392M(3527M) 8.162ms
[141.860s][info][gc,cpu         ] GC(269) User=0.00s Sys=0.00s Real=0.00s
[141.927s][info][gc,start       ] GC(270) Pause Young (Allocation Failure)
[141.935s][info][gc,heap        ] GC(270) DefNew: 1003150K(1120896K)->6696K(1120896K) Eden: 996352K(996352K)->0K(996352K) From: 6798K(124544K)->6696K(124544K)
[141.935s][info][gc,heap        ] GC(270) Tenured: 1419232K(2490844K)->1419232K(2490844K)
[141.935s][info][gc,metaspace   ] GC(270) Metaspace: 123894K(128896K)->123894K(128896K) NonClass: 106219K(107072K)->106219K(107072K) Class: 17675K(21824K)->17675K(21824K)
[141.935s][info][gc             ] GC(270) Pause Young (Allocation Failure) 2365M->1392M(3527M) 8.146ms
[141.935s][info][gc,cpu         ] GC(270) User=0.00s Sys=0.00s Real=0.00s
[142.003s][info][gc,start       ] GC(271) Pause Young (Allocation Failure)
[142.011s][info][gc,heap        ] GC(271) DefNew: 1003048K(1120896K)->6705K(1120896K) Eden: 996352K(996352K)->0K(996352K) From: 6696K(124544K)->6705K(124544K)
[142.011s][info][gc,heap        ] GC(271) Tenured: 1419232K(2490844K)->1419232K(2490844K)
[142.011s][info][gc,metaspace   ] GC(271) Metaspace: 123894K(128896K)->123894K(128896K) NonClass: 106219K(107072K)->106219K(107072K) Class: 17675K(21824K)->17675K(21824K)
[142.011s][info][gc             ] GC(271) Pause Young (Allocation Failure) 2365M->1392M(3527M) 8.153ms
[142.011s][info][gc,cpu         ] GC(271) User=0.02s Sys=0.00s Real=0.02s
[142.080s][info][gc,start       ] GC(272) Pause Young (Allocation Failure)
[142.090s][info][gc,heap        ] GC(272) DefNew: 1003057K(1120896K)->784K(1120896K) Eden: 996352K(996352K)->0K(996352K) From: 6705K(124544K)->784K(124544K)
[142.090s][info][gc,heap        ] GC(272) Tenured: 1419232K(2490844K)->1425609K(2490844K)
[142.090s][info][gc,metaspace   ] GC(272) Metaspace: 123894K(128896K)->123894K(128896K) NonClass: 106219K(107072K)->106219K(107072K) Class: 17675K(21824K)->17675K(21824K)
[142.091s][info][gc             ] GC(272) Pause Young (Allocation Failure) 2365M->1392M(3527M) 10.188ms
[142.091s][info][gc,cpu         ] GC(272) User=0.02s Sys=0.00s Real=0.01s
[142.716s][info][gc,start       ] GC(273) Pause Full (System.gc())
[142.716s][info][gc,phases,start] GC(273) Phase 1: Mark live objects
[142.783s][info][gc,phases      ] GC(273) Phase 1: Mark live objects 67.140ms
[142.783s][info][gc,phases,start] GC(273) Phase 2: Compute new object addresses
[142.898s][info][gc,phases      ] GC(273) Phase 2: Compute new object addresses 115.165ms
[142.898s][info][gc,phases,start] GC(273) Phase 3: Adjust pointers
[142.932s][info][gc,phases      ] GC(273) Phase 3: Adjust pointers 33.764ms
[142.932s][info][gc,phases,start] GC(273) Phase 4: Move objects
[143.181s][info][gc,phases      ] GC(273) Phase 4: Move objects 248.657ms
[143.182s][info][gc,heap        ] GC(273) DefNew: 428957K(1120896K)->0K(1120896K) Eden: 428173K(996352K)->0K(996352K) From: 784K(124544K)->0K(124544K)
[143.182s][info][gc,heap        ] GC(273) Tenured: 1425609K(2490844K)->1400180K(2490844K)
[143.182s][info][gc,metaspace   ] GC(273) Metaspace: 123930K(128960K)->123930K(128960K) NonClass: 106254K(107136K)->106254K(107136K) Class: 17675K(21824K)->17675K(21824K)
[143.182s][info][gc             ] GC(273) Pause Full (System.gc()) 1811M->1367M(3527M) 466.244ms
[143.182s][info][gc,cpu         ] GC(273) User=0.47s Sys=0.00s Real=0.47s
[143.340s][info][gc,start       ] GC(274) Pause Young (Allocation Failure)
[143.352s][info][gc,heap        ] GC(274) DefNew: 996352K(1120896K)->6642K(1120896K) Eden: 996352K(996352K)->0K(996352K) From: 0K(124544K)->6642K(124544K)
[143.352s][info][gc,heap        ] GC(274) Tenured: 1400180K(2490844K)->1400180K(2490844K)
[143.352s][info][gc,metaspace   ] GC(274) Metaspace: 124130K(129088K)->124130K(129088K) NonClass: 106455K(107264K)->106455K(107264K) Class: 17675K(21824K)->17675K(21824K)
[143.352s][info][gc             ] GC(274) Pause Young (Allocation Failure) 2340M->1373M(3527M) 12.712ms
[143.352s][info][gc,cpu         ] GC(274) User=0.03s Sys=0.00s Real=0.02s
[143.420s][info][gc,start       ] GC(275) Pause Young (Allocation Failure)
[143.428s][info][gc,heap        ] GC(275) DefNew: 1002994K(1120896K)->6664K(1120896K) Eden: 996352K(996352K)->0K(996352K) From: 6642K(124544K)->6664K(124544K)
[143.428s][info][gc,heap        ] GC(275) Tenured: 1400180K(2490844K)->1400180K(2490844K)
[143.428s][info][gc,metaspace   ] GC(275) Metaspace: 124130K(129088K)->124130K(129088K) NonClass: 106455K(107264K)->106455K(107264K) Class: 17675K(21824K)->17675K(21824K)
[143.428s][info][gc             ] GC(275) Pause Young (Allocation Failure) 2346M->1373M(3527M) 8.169ms
[143.428s][info][gc,cpu         ] GC(275) User=0.00s Sys=0.00s Real=0.00s
[143.495s][info][gc,start       ] GC(276) Pause Young (Allocation Failure)
[143.503s][info][gc,heap        ] GC(276) DefNew: 1003016K(1120896K)->6686K(1120896K) Eden: 996352K(996352K)->0K(996352K) From: 6664K(124544K)->6686K(124544K)
[143.503s][info][gc,heap        ] GC(276) Tenured: 1400180K(2490844K)->1400180K(2490844K)
[143.503s][info][gc,metaspace   ] GC(276) Metaspace: 124130K(129088K)->124130K(129088K) NonClass: 106455K(107264K)->106455K(107264K) Class: 17675K(21824K)->17675K(21824K)
[143.503s][info][gc             ] GC(276) Pause Young (Allocation Failure) 2346M->1373M(3527M) 8.210ms
[143.503s][info][gc,cpu         ] GC(276) User=0.00s Sys=0.00s Real=0.00s
[143.570s][info][gc,start       ] GC(277) Pause Young (Allocation Failure)
[143.578s][info][gc,heap        ] GC(277) DefNew: 1003038K(1120896K)->6671K(1120896K) Eden: 996352K(996352K)->0K(996352K) From: 6686K(124544K)->6671K(124544K)
[143.578s][info][gc,heap        ] GC(277) Tenured: 1400180K(2490844K)->1400180K(2490844K)
[143.578s][info][gc,metaspace   ] GC(277) Metaspace: 124130K(129088K)->124130K(129088K) NonClass: 106455K(107264K)->106455K(107264K) Class: 17675K(21824K)->17675K(21824K)
[143.578s][info][gc             ] GC(277) Pause Young (Allocation Failure) 2346M->1373M(3527M) 8.159ms
[143.578s][info][gc,cpu         ] GC(277) User=0.00s Sys=0.00s Real=0.00s
[143.645s][info][gc,start       ] GC(278) Pause Young (Allocation Failure)
[143.652s][info][gc,heap        ] GC(278) DefNew: 1003023K(1120896K)->6676K(1120896K) Eden: 996352K(996352K)->0K(996352K) From: 6671K(124544K)->6676K(124544K)
[143.653s][info][gc,heap        ] GC(278) Tenured: 1400180K(2490844K)->1400180K(2490844K)
[143.653s][info][gc,metaspace   ] GC(278) Metaspace: 124130K(129088K)->124130K(129088K) NonClass: 106455K(107264K)->106455K(107264K) Class: 17675K(21824K)->17675K(21824K)
[143.653s][info][gc             ] GC(278) Pause Young (Allocation Failure) 2346M->1373M(3527M) 8.044ms
[143.653s][info][gc,cpu         ] GC(278) User=0.02s Sys=0.00s Real=0.02s
[143.719s][info][gc,start       ] GC(279) Pause Young (Allocation Failure)
[143.727s][info][gc,heap        ] GC(279) DefNew: 1003028K(1120896K)->6687K(1120896K) Eden: 996352K(996352K)->0K(996352K) From: 6676K(124544K)->6687K(124544K)
[143.727s][info][gc,heap        ] GC(279) Tenured: 1400180K(2490844K)->1400180K(2490844K)
[143.727s][info][gc,metaspace   ] GC(279) Metaspace: 124130K(129088K)->124130K(129088K) NonClass: 106455K(107264K)->106455K(107264K) Class: 17675K(21824K)->17675K(21824K)
[143.727s][info][gc             ] GC(279) Pause Young (Allocation Failure) 2346M->1373M(3527M) 8.107ms
[143.727s][info][gc,cpu         ] GC(279) User=0.00s Sys=0.00s Real=0.00s
[143.794s][info][gc,start       ] GC(280) Pause Young (Allocation Failure)
[143.802s][info][gc,heap        ] GC(280) DefNew: 1003039K(1120896K)->6660K(1120896K) Eden: 996352K(996352K)->0K(996352K) From: 6687K(124544K)->6660K(124544K)
[143.802s][info][gc,heap        ] GC(280) Tenured: 1400180K(2490844K)->1400180K(2490844K)
[143.802s][info][gc,metaspace   ] GC(280) Metaspace: 124130K(129088K)->124130K(129088K) NonClass: 106455K(107264K)->106455K(107264K) Class: 17675K(21824K)->17675K(21824K)
[143.802s][info][gc             ] GC(280) Pause Young (Allocation Failure) 2346M->1373M(3527M) 8.005ms
[143.802s][info][gc,cpu         ] GC(280) User=0.00s Sys=0.00s Real=0.00s
[143.869s][info][gc,start       ] GC(281) Pause Young (Allocation Failure)
[143.877s][info][gc,heap        ] GC(281) DefNew: 1003012K(1120896K)->6672K(1120896K) Eden: 996352K(996352K)->0K(996352K) From: 6660K(124544K)->6672K(124544K)
[143.877s][info][gc,heap        ] GC(281) Tenured: 1400180K(2490844K)->1400180K(2490844K)
[143.877s][info][gc,metaspace   ] GC(281) Metaspace: 124130K(129088K)->124130K(129088K) NonClass: 106455K(107264K)->106455K(107264K) Class: 17675K(21824K)->17675K(21824K)
[143.877s][info][gc             ] GC(281) Pause Young (Allocation Failure) 2346M->1373M(3527M) 8.165ms
[143.877s][info][gc,cpu         ] GC(281) User=0.02s Sys=0.00s Real=0.02s
[143.944s][info][gc,start       ] GC(282) Pause Young (Allocation Failure)
[143.952s][info][gc,heap        ] GC(282) DefNew: 1003024K(1120896K)->6661K(1120896K) Eden: 996352K(996352K)->0K(996352K) From: 6672K(124544K)->6661K(124544K)
[143.952s][info][gc,heap        ] GC(282) Tenured: 1400180K(2490844K)->1400180K(2490844K)
[143.952s][info][gc,metaspace   ] GC(282) Metaspace: 124130K(129088K)->124130K(129088K) NonClass: 106455K(107264K)->106455K(107264K) Class: 17675K(21824K)->17675K(21824K)
[143.952s][info][gc             ] GC(282) Pause Young (Allocation Failure) 2346M->1373M(3527M) 8.177ms
[143.952s][info][gc,cpu         ] GC(282) User=0.02s Sys=0.00s Real=0.02s
[144.019s][info][gc,start       ] GC(283) Pause Young (Allocation Failure)
[144.027s][info][gc,heap        ] GC(283) DefNew: 1003013K(1120896K)->6677K(1120896K) Eden: 996352K(996352K)->0K(996352K) From: 6661K(124544K)->6677K(124544K)
[144.027s][info][gc,heap        ] GC(283) Tenured: 1400180K(2490844K)->1400180K(2490844K)
[144.027s][info][gc,metaspace   ] GC(283) Metaspace: 124130K(129088K)->124130K(129088K) NonClass: 106455K(107264K)->106455K(107264K) Class: 17675K(21824K)->17675K(21824K)
[144.027s][info][gc             ] GC(283) Pause Young (Allocation Failure) 2346M->1373M(3527M) 8.234ms
[144.027s][info][gc,cpu         ] GC(283) User=0.00s Sys=0.00s Real=0.00s
[144.094s][info][gc,start       ] GC(284) Pause Young (Allocation Failure)
[144.101s][info][gc,heap        ] GC(284) DefNew: 1003029K(1120896K)->6689K(1120896K) Eden: 996352K(996352K)->0K(996352K) From: 6677K(124544K)->6689K(124544K)
[144.102s][info][gc,heap        ] GC(284) Tenured: 1400180K(2490844K)->1400180K(2490844K)
[144.102s][info][gc,metaspace   ] GC(284) Metaspace: 124130K(129088K)->124130K(129088K) NonClass: 106455K(107264K)->106455K(107264K) Class: 17675K(21824K)->17675K(21824K)
[144.102s][info][gc             ] GC(284) Pause Young (Allocation Failure) 2346M->1373M(3527M) 8.066ms
[144.102s][info][gc,cpu         ] GC(284) User=0.02s Sys=0.00s Real=0.02s
[144.168s][info][gc,start       ] GC(285) Pause Young (Allocation Failure)
[144.176s][info][gc,heap        ] GC(285) DefNew: 1003041K(1120896K)->6688K(1120896K) Eden: 996352K(996352K)->0K(996352K) From: 6689K(124544K)->6688K(124544K)
[144.176s][info][gc,heap        ] GC(285) Tenured: 1400180K(2490844K)->1400180K(2490844K)
[144.176s][info][gc,metaspace   ] GC(285) Metaspace: 124130K(129088K)->124130K(129088K) NonClass: 106455K(107264K)->106455K(107264K) Class: 17675K(21824K)->17675K(21824K)
[144.176s][info][gc             ] GC(285) Pause Young (Allocation Failure) 2346M->1373M(3527M) 8.066ms
[144.177s][info][gc,cpu         ] GC(285) User=0.00s Sys=0.00s Real=0.00s
[144.243s][info][gc,start       ] GC(286) Pause Young (Allocation Failure)
[144.252s][info][gc,heap        ] GC(286) DefNew: 1003040K(1120896K)->6759K(1120896K) Eden: 996352K(996352K)->0K(996352K) From: 6688K(124544K)->6759K(124544K)
[144.252s][info][gc,heap        ] GC(286) Tenured: 1400180K(2490844K)->1400180K(2490844K)
[144.252s][info][gc,metaspace   ] GC(286) Metaspace: 124130K(129088K)->124130K(129088K) NonClass: 106455K(107264K)->106455K(107264K) Class: 17675K(21824K)->17675K(21824K)
[144.252s][info][gc             ] GC(286) Pause Young (Allocation Failure) 2346M->1373M(3527M) 8.434ms
[144.252s][info][gc,cpu         ] GC(286) User=0.02s Sys=0.00s Real=0.02s
[144.319s][info][gc,start       ] GC(287) Pause Young (Allocation Failure)
[144.327s][info][gc,heap        ] GC(287) DefNew: 1003111K(1120896K)->6789K(1120896K) Eden: 996352K(996352K)->0K(996352K) From: 6759K(124544K)->6789K(124544K)
[144.327s][info][gc,heap        ] GC(287) Tenured: 1400180K(2490844K)->1400180K(2490844K)
[144.327s][info][gc,metaspace   ] GC(287) Metaspace: 124130K(129088K)->124130K(129088K) NonClass: 106455K(107264K)->106455K(107264K) Class: 17675K(21824K)->17675K(21824K)
[144.327s][info][gc             ] GC(287) Pause Young (Allocation Failure) 2346M->1373M(3527M) 8.223ms
[144.327s][info][gc,cpu         ] GC(287) User=0.00s Sys=0.00s Real=0.00s
[144.394s][info][gc,start       ] GC(288) Pause Young (Allocation Failure)
[144.403s][info][gc,heap        ] GC(288) DefNew: 1003141K(1120896K)->6716K(1120896K) Eden: 996352K(996352K)->0K(996352K) From: 6789K(124544K)->6716K(124544K)
[144.403s][info][gc,heap        ] GC(288) Tenured: 1400180K(2490844K)->1400180K(2490844K)
[144.403s][info][gc,metaspace   ] GC(288) Metaspace: 124130K(129088K)->124130K(129088K) NonClass: 106455K(107264K)->106455K(107264K) Class: 17675K(21824K)->17675K(21824K)
[144.403s][info][gc             ] GC(288) Pause Young (Allocation Failure) 2346M->1373M(3527M) 9.851ms
[144.403s][info][gc,cpu         ] GC(288) User=0.00s Sys=0.00s Real=0.00s
[144.472s][info][gc,start       ] GC(289) Pause Young (Allocation Failure)
[144.483s][info][gc,heap        ] GC(289) DefNew: 1003068K(1120896K)->809K(1120896K) Eden: 996352K(996352K)->0K(996352K) From: 6716K(124544K)->809K(124544K)
[144.483s][info][gc,heap        ] GC(289) Tenured: 1400180K(2490844K)->1406530K(2490844K)
[144.483s][info][gc,metaspace   ] GC(289) Metaspace: 124130K(129088K)->124130K(129088K) NonClass: 106455K(107264K)->106455K(107264K) Class: 17675K(21824K)->17675K(21824K)
[144.483s][info][gc             ] GC(289) Pause Young (Allocation Failure) 2346M->1374M(3527M) 11.679ms
[144.483s][info][gc,cpu         ] GC(289) User=0.02s Sys=0.00s Real=0.02s
[145.091s][info][gc,start       ] GC(290) Pause Full (System.gc())
[145.091s][info][gc,phases,start] GC(290) Phase 1: Mark live objects
[145.157s][info][gc,phases      ] GC(290) Phase 1: Mark live objects 65.873ms
[145.157s][info][gc,phases,start] GC(290) Phase 2: Compute new object addresses
[145.285s][info][gc,phases      ] GC(290) Phase 2: Compute new object addresses 127.577ms
[145.285s][info][gc,phases,start] GC(290) Phase 3: Adjust pointers
[145.317s][info][gc,phases      ] GC(290) Phase 3: Adjust pointers 32.481ms
[145.317s][info][gc,phases,start] GC(290) Phase 4: Move objects
[145.317s][info][gc,phases      ] GC(290) Phase 4: Move objects 0.114ms
[145.318s][info][gc,heap        ] GC(290) DefNew: 432661K(1120896K)->0K(1120896K) Eden: 431852K(996352K)->0K(996352K) From: 809K(124544K)->0K(124544K)
[145.318s][info][gc,heap        ] GC(290) Tenured: 1406530K(2490844K)->1406737K(2490844K)
[145.318s][info][gc,metaspace   ] GC(290) Metaspace: 124212K(129152K)->124212K(129152K) NonClass: 106537K(107328K)->106537K(107328K) Class: 17675K(21824K)->17675K(21824K)
[145.318s][info][gc             ] GC(290) Pause Full (System.gc()) 1796M->1373M(3527M) 227.426ms
[145.318s][info][gc,cpu         ] GC(290) User=0.22s Sys=0.00s Real=0.23s
[145.460s][info][gc,start       ] GC(291) Pause Young (Allocation Failure)
[145.473s][info][gc,heap        ] GC(291) DefNew: 996352K(1120896K)->6593K(1120896K) Eden: 996352K(996352K)->0K(996352K) From: 0K(124544K)->6593K(124544K)
[145.473s][info][gc,heap        ] GC(291) Tenured: 1406737K(2490844K)->1406737K(2490844K)
[145.473s][info][gc,metaspace   ] GC(291) Metaspace: 124334K(129216K)->124334K(129216K) NonClass: 106659K(107392K)->106659K(107392K) Class: 17675K(21824K)->17675K(21824K)
[145.473s][info][gc             ] GC(291) Pause Young (Allocation Failure) 2346M->1380M(3527M) 12.672ms
[145.473s][info][gc,cpu         ] GC(291) User=0.02s Sys=0.00s Real=0.01s
[145.541s][info][gc,start       ] GC(292) Pause Young (Allocation Failure)
[145.549s][info][gc,heap        ] GC(292) DefNew: 1002945K(1120896K)->6680K(1120896K) Eden: 996352K(996352K)->0K(996352K) From: 6593K(124544K)->6680K(124544K)
[145.549s][info][gc,heap        ] GC(292) Tenured: 1406737K(2490844K)->1406737K(2490844K)
[145.549s][info][gc,metaspace   ] GC(292) Metaspace: 124334K(129216K)->124334K(129216K) NonClass: 106659K(107392K)->106659K(107392K) Class: 17675K(21824K)->17675K(21824K)
[145.549s][info][gc             ] GC(292) Pause Young (Allocation Failure) 2353M->1380M(3527M) 8.246ms
[145.549s][info][gc,cpu         ] GC(292) User=0.00s Sys=0.00s Real=0.00s
[145.616s][info][gc,start       ] GC(293) Pause Young (Allocation Failure)
[145.624s][info][gc,heap        ] GC(293) DefNew: 1003032K(1120896K)->6684K(1120896K) Eden: 996352K(996352K)->0K(996352K) From: 6680K(124544K)->6684K(124544K)
[145.624s][info][gc,heap        ] GC(293) Tenured: 1406737K(2490844K)->1406737K(2490844K)
[145.624s][info][gc,metaspace   ] GC(293) Metaspace: 124334K(129216K)->124334K(129216K) NonClass: 106659K(107392K)->106659K(107392K) Class: 17675K(21824K)->17675K(21824K)
[145.624s][info][gc             ] GC(293) Pause Young (Allocation Failure) 2353M->1380M(3527M) 8.109ms
[145.625s][info][gc,cpu         ] GC(293) User=0.00s Sys=0.00s Real=0.00s
[145.692s][info][gc,start       ] GC(294) Pause Young (Allocation Failure)
[145.700s][info][gc,heap        ] GC(294) DefNew: 1003036K(1120896K)->6667K(1120896K) Eden: 996352K(996352K)->0K(996352K) From: 6684K(124544K)->6667K(124544K)
[145.700s][info][gc,heap        ] GC(294) Tenured: 1406737K(2490844K)->1406737K(2490844K)
[145.700s][info][gc,metaspace   ] GC(294) Metaspace: 124334K(129216K)->124334K(129216K) NonClass: 106659K(107392K)->106659K(107392K) Class: 17675K(21824K)->17675K(21824K)
[145.700s][info][gc             ] GC(294) Pause Young (Allocation Failure) 2353M->1380M(3527M) 8.171ms
[145.700s][info][gc,cpu         ] GC(294) User=0.00s Sys=0.00s Real=0.00s
[145.768s][info][gc,start       ] GC(295) Pause Young (Allocation Failure)
[145.776s][info][gc,heap        ] GC(295) DefNew: 1003019K(1120896K)->6658K(1120896K) Eden: 996352K(996352K)->0K(996352K) From: 6667K(124544K)->6658K(124544K)
[145.776s][info][gc,heap        ] GC(295) Tenured: 1406737K(2490844K)->1406737K(2490844K)
[145.776s][info][gc,metaspace   ] GC(295) Metaspace: 124334K(129216K)->124334K(129216K) NonClass: 106659K(107392K)->106659K(107392K) Class: 17675K(21824K)->17675K(21824K)
[145.776s][info][gc             ] GC(295) Pause Young (Allocation Failure) 2353M->1380M(3527M) 8.150ms
[145.776s][info][gc,cpu         ] GC(295) User=0.00s Sys=0.00s Real=0.00s
[145.843s][info][gc,start       ] GC(296) Pause Young (Allocation Failure)
[145.851s][info][gc,heap        ] GC(296) DefNew: 1003010K(1120896K)->6680K(1120896K) Eden: 996352K(996352K)->0K(996352K) From: 6658K(124544K)->6680K(124544K)
[145.933s][info][gc,heap        ] GC(296) Tenured: 1406737K(2490844K)->1406737K(2490844K)
[146.104s][info][gc,metaspace   ] GC(296) Metaspace: 124334K(129216K)->124334K(129216K) NonClass: 106659K(107392K)->106659K(107392K) Class: 17675K(21824K)->17675K(21824K)
[146.105s][info][gc             ] GC(296) Pause Young (Allocation Failure) 2353M->1380M(3527M) 261.467ms
[146.105s][info][gc,cpu         ] GC(296) User=0.02s Sys=0.00s Real=0.27s
[146.174s][info][gc,start       ] GC(297) Pause Young (Allocation Failure)
[146.182s][info][gc,heap        ] GC(297) DefNew: 1003032K(1120896K)->6661K(1120896K) Eden: 996352K(996352K)->0K(996352K) From: 6680K(124544K)->6661K(124544K)
[146.182s][info][gc,heap        ] GC(297) Tenured: 1406737K(2490844K)->1406737K(2490844K)
[146.182s][info][gc,metaspace   ] GC(297) Metaspace: 124334K(129216K)->124334K(129216K) NonClass: 106659K(107392K)->106659K(107392K) Class: 17675K(21824K)->17675K(21824K)
[146.182s][info][gc             ] GC(297) Pause Young (Allocation Failure) 2353M->1380M(3527M) 8.186ms
[146.182s][info][gc,cpu         ] GC(297) User=0.00s Sys=0.00s Real=0.00s
[146.249s][info][gc,start       ] GC(298) Pause Young (Allocation Failure)
[146.257s][info][gc,heap        ] GC(298) DefNew: 1003013K(1120896K)->6681K(1120896K) Eden: 996352K(996352K)->0K(996352K) From: 6661K(124544K)->6681K(124544K)
[146.257s][info][gc,heap        ] GC(298) Tenured: 1406737K(2490844K)->1406737K(2490844K)
[146.257s][info][gc,metaspace   ] GC(298) Metaspace: 124334K(129216K)->124334K(129216K) NonClass: 106659K(107392K)->106659K(107392K) Class: 17675K(21824K)->17675K(21824K)
[146.257s][info][gc             ] GC(298) Pause Young (Allocation Failure) 2353M->1380M(3527M) 8.108ms
[146.257s][info][gc,cpu         ] GC(298) User=0.02s Sys=0.00s Real=0.02s
[146.324s][info][gc,start       ] GC(299) Pause Young (Allocation Failure)
[146.332s][info][gc,heap        ] GC(299) DefNew: 1003033K(1120896K)->6678K(1120896K) Eden: 996352K(996352K)->0K(996352K) From: 6681K(124544K)->6678K(124544K)
[146.332s][info][gc,heap        ] GC(299) Tenured: 1406737K(2490844K)->1406737K(2490844K)
[146.332s][info][gc,metaspace   ] GC(299) Metaspace: 124334K(129216K)->124334K(129216K) NonClass: 106659K(107392K)->106659K(107392K) Class: 17675K(21824K)->17675K(21824K)
[146.332s][info][gc             ] GC(299) Pause Young (Allocation Failure) 2353M->1380M(3527M) 8.134ms
[146.332s][info][gc,cpu         ] GC(299) User=0.02s Sys=0.00s Real=0.02s
[146.400s][info][gc,start       ] GC(300) Pause Young (Allocation Failure)
[146.408s][info][gc,heap        ] GC(300) DefNew: 1003030K(1120896K)->6688K(1120896K) Eden: 996352K(996352K)->0K(996352K) From: 6678K(124544K)->6688K(124544K)
[146.408s][info][gc,heap        ] GC(300) Tenured: 1406737K(2490844K)->1406737K(2490844K)
[146.408s][info][gc,metaspace   ] GC(300) Metaspace: 124334K(129216K)->124334K(129216K) NonClass: 106659K(107392K)->106659K(107392K) Class: 17675K(21824K)->17675K(21824K)
[146.408s][info][gc             ] GC(300) Pause Young (Allocation Failure) 2353M->1380M(3527M) 8.183ms
[146.408s][info][gc,cpu         ] GC(300) User=0.00s Sys=0.00s Real=0.00s
[146.475s][info][gc,start       ] GC(301) Pause Young (Allocation Failure)
[146.484s][info][gc,heap        ] GC(301) DefNew: 1003040K(1120896K)->6775K(1120896K) Eden: 996352K(996352K)->0K(996352K) From: 6688K(124544K)->6775K(124544K)
[146.484s][info][gc,heap        ] GC(301) Tenured: 1406737K(2490844K)->1406737K(2490844K)
[146.484s][info][gc,metaspace   ] GC(301) Metaspace: 124336K(129216K)->124336K(129216K) NonClass: 106660K(107392K)->106660K(107392K) Class: 17675K(21824K)->17675K(21824K)
[146.484s][info][gc             ] GC(301) Pause Young (Allocation Failure) 2353M->1380M(3527M) 8.285ms
[146.484s][info][gc,cpu         ] GC(301) User=0.00s Sys=0.00s Real=0.00s
[146.551s][info][gc,start       ] GC(302) Pause Young (Allocation Failure)
[146.559s][info][gc,heap        ] GC(302) DefNew: 1003127K(1120896K)->6755K(1120896K) Eden: 996352K(996352K)->0K(996352K) From: 6775K(124544K)->6755K(124544K)
[146.559s][info][gc,heap        ] GC(302) Tenured: 1406737K(2490844K)->1406737K(2490844K)
[146.559s][info][gc,metaspace   ] GC(302) Metaspace: 124336K(129216K)->124336K(129216K) NonClass: 106660K(107392K)->106660K(107392K) Class: 17675K(21824K)->17675K(21824K)
[146.560s][info][gc             ] GC(302) Pause Young (Allocation Failure) 2353M->1380M(3527M) 8.402ms
[146.560s][info][gc,cpu         ] GC(302) User=0.00s Sys=0.00s Real=0.00s
[146.627s][info][gc,start       ] GC(303) Pause Young (Allocation Failure)
[146.635s][info][gc,heap        ] GC(303) DefNew: 1003107K(1120896K)->6883K(1120896K) Eden: 996352K(996352K)->0K(996352K) From: 6755K(124544K)->6883K(124544K)
[146.636s][info][gc,heap        ] GC(303) Tenured: 1406737K(2490844K)->1406737K(2490844K)
[146.636s][info][gc,metaspace   ] GC(303) Metaspace: 124336K(129216K)->124336K(129216K) NonClass: 106660K(107392K)->106660K(107392K) Class: 17675K(21824K)->17675K(21824K)
[146.636s][info][gc             ] GC(303) Pause Young (Allocation Failure) 2353M->1380M(3527M) 8.485ms
[146.636s][info][gc,cpu         ] GC(303) User=0.00s Sys=0.00s Real=0.00s
[146.703s][info][gc,start       ] GC(304) Pause Young (Allocation Failure)
[146.711s][info][gc,heap        ] GC(304) DefNew: 1003235K(1120896K)->6788K(1120896K) Eden: 996352K(996352K)->0K(996352K) From: 6883K(124544K)->6788K(124544K)
[146.711s][info][gc,heap        ] GC(304) Tenured: 1406737K(2490844K)->1406737K(2490844K)
[146.711s][info][gc,metaspace   ] GC(304) Metaspace: 124336K(129216K)->124336K(129216K) NonClass: 106660K(107392K)->106660K(107392K) Class: 17675K(21824K)->17675K(21824K)
[146.711s][info][gc             ] GC(304) Pause Young (Allocation Failure) 2353M->1380M(3527M) 8.520ms
[146.712s][info][gc,cpu         ] GC(304) User=0.00s Sys=0.00s Real=0.00s
[146.779s][info][gc,start       ] GC(305) Pause Young (Allocation Failure)
[146.787s][info][gc,heap        ] GC(305) DefNew: 1003140K(1120896K)->6783K(1120896K) Eden: 996352K(996352K)->0K(996352K) From: 6788K(124544K)->6783K(124544K)
[146.787s][info][gc,heap        ] GC(305) Tenured: 1406737K(2490844K)->1406737K(2490844K)
[146.787s][info][gc,metaspace   ] GC(305) Metaspace: 124336K(129216K)->124336K(129216K) NonClass: 106660K(107392K)->106660K(107392K) Class: 17675K(21824K)->17675K(21824K)
[146.787s][info][gc             ] GC(305) Pause Young (Allocation Failure) 2353M->1380M(3527M) 8.462ms
[146.787s][info][gc,cpu         ] GC(305) User=0.00s Sys=0.00s Real=0.00s
[146.856s][info][gc,start       ] GC(306) Pause Young (Allocation Failure)
[146.866s][info][gc,heap        ] GC(306) DefNew: 1003135K(1120896K)->880K(1120896K) Eden: 996352K(996352K)->0K(996352K) From: 6783K(124544K)->880K(124544K)
[146.866s][info][gc,heap        ] GC(306) Tenured: 1406737K(2490844K)->1413030K(2490844K)
[146.866s][info][gc,metaspace   ] GC(306) Metaspace: 124336K(129216K)->124336K(129216K) NonClass: 106660K(107392K)->106660K(107392K) Class: 17675K(21824K)->17675K(21824K)
[146.866s][info][gc             ] GC(306) Pause Young (Allocation Failure) 2353M->1380M(3527M) 10.479ms
[146.866s][info][gc,cpu         ] GC(306) User=0.02s Sys=0.00s Real=0.02s
[147.490s][info][gc,start       ] GC(307) Pause Full (System.gc())
[147.491s][info][gc,phases,start] GC(307) Phase 1: Mark live objects
[147.568s][info][gc,phases      ] GC(307) Phase 1: Mark live objects 77.462ms
[147.568s][info][gc,phases,start] GC(307) Phase 2: Compute new object addresses
[147.686s][info][gc,phases      ] GC(307) Phase 2: Compute new object addresses 117.689ms
[147.686s][info][gc,phases,start] GC(307) Phase 3: Adjust pointers
[147.718s][info][gc,phases      ] GC(307) Phase 3: Adjust pointers 32.578ms
[147.718s][info][gc,phases,start] GC(307) Phase 4: Move objects
[147.719s][info][gc,phases      ] GC(307) Phase 4: Move objects 0.109ms
[147.719s][info][gc,heap        ] GC(307) DefNew: 428007K(1120896K)->0K(1120896K) Eden: 427127K(996352K)->0K(996352K) From: 880K(124544K)->0K(124544K)
[147.719s][info][gc,heap        ] GC(307) Tenured: 1413030K(2490844K)->1413237K(2490844K)
[147.719s][info][gc,metaspace   ] GC(307) Metaspace: 124351K(129216K)->124351K(129216K) NonClass: 106676K(107392K)->106676K(107392K) Class: 17675K(21824K)->17675K(21824K)
[147.720s][info][gc             ] GC(307) Pause Full (System.gc()) 1797M->1380M(3527M) 229.214ms
[147.720s][info][gc,cpu         ] GC(307) User=0.22s Sys=0.00s Real=0.23s
[147.871s][info][gc,start       ] GC(308) Pause Young (Allocation Failure)
[147.883s][info][gc,heap        ] GC(308) DefNew: 996352K(1120896K)->6573K(1120896K) Eden: 996352K(996352K)->0K(996352K) From: 0K(124544K)->6573K(124544K)
[147.883s][info][gc,heap        ] GC(308) Tenured: 1413237K(2490844K)->1413237K(2490844K)
[147.883s][info][gc,metaspace   ] GC(308) Metaspace: 124435K(129344K)->124435K(129344K) NonClass: 106759K(107520K)->106759K(107520K) Class: 17676K(21824K)->17676K(21824K)
[147.883s][info][gc             ] GC(308) Pause Young (Allocation Failure) 2353M->1386M(3527M) 12.441ms
[147.883s][info][gc,cpu         ] GC(308) User=0.00s Sys=0.00s Real=0.00s
[147.951s][info][gc,start       ] GC(309) Pause Young (Allocation Failure)
[147.959s][info][gc,heap        ] GC(309) DefNew: 1002925K(1120896K)->6626K(1120896K) Eden: 996352K(996352K)->0K(996352K) From: 6573K(124544K)->6626K(124544K)
[147.960s][info][gc,heap        ] GC(309) Tenured: 1413237K(2490844K)->1413237K(2490844K)
[147.960s][info][gc,metaspace   ] GC(309) Metaspace: 124435K(129344K)->124435K(129344K) NonClass: 106759K(107520K)->106759K(107520K) Class: 17676K(21824K)->17676K(21824K)
[147.960s][info][gc             ] GC(309) Pause Young (Allocation Failure) 2359M->1386M(3527M) 8.162ms
[147.960s][info][gc,cpu         ] GC(309) User=0.00s Sys=0.00s Real=0.00s
[148.027s][info][gc,start       ] GC(310) Pause Young (Allocation Failure)
[148.035s][info][gc,heap        ] GC(310) DefNew: 1002978K(1120896K)->6650K(1120896K) Eden: 996352K(996352K)->0K(996352K) From: 6626K(124544K)->6650K(124544K)
[148.035s][info][gc,heap        ] GC(310) Tenured: 1413237K(2490844K)->1413237K(2490844K)
[148.035s][info][gc,metaspace   ] GC(310) Metaspace: 124435K(129344K)->124435K(129344K) NonClass: 106759K(107520K)->106759K(107520K) Class: 17676K(21824K)->17676K(21824K)
[148.035s][info][gc             ] GC(310) Pause Young (Allocation Failure) 2359M->1386M(3527M) 8.124ms
[148.036s][info][gc,cpu         ] GC(310) User=0.00s Sys=0.00s Real=0.00s
[148.103s][info][gc,start       ] GC(311) Pause Young (Allocation Failure)
[148.111s][info][gc,heap        ] GC(311) DefNew: 1003002K(1120896K)->6634K(1120896K) Eden: 996352K(996352K)->0K(996352K) From: 6650K(124544K)->6634K(124544K)
[148.111s][info][gc,heap        ] GC(311) Tenured: 1413237K(2490844K)->1413237K(2490844K)
[148.111s][info][gc,metaspace   ] GC(311) Metaspace: 124435K(129344K)->124435K(129344K) NonClass: 106759K(107520K)->106759K(107520K) Class: 17676K(21824K)->17676K(21824K)
[148.111s][info][gc             ] GC(311) Pause Young (Allocation Failure) 2359M->1386M(3527M) 8.134ms
[148.111s][info][gc,cpu         ] GC(311) User=0.02s Sys=0.00s Real=0.02s
[148.178s][info][gc,start       ] GC(312) Pause Young (Allocation Failure)
[148.186s][info][gc,heap        ] GC(312) DefNew: 1002986K(1120896K)->6625K(1120896K) Eden: 996352K(996352K)->0K(996352K) From: 6634K(124544K)->6625K(124544K)
[148.187s][info][gc,heap        ] GC(312) Tenured: 1413237K(2490844K)->1413237K(2490844K)
[148.187s][info][gc,metaspace   ] GC(312) Metaspace: 124435K(129344K)->124435K(129344K) NonClass: 106759K(107520K)->106759K(107520K) Class: 17676K(21824K)->17676K(21824K)
[148.187s][info][gc             ] GC(312) Pause Young (Allocation Failure) 2359M->1386M(3527M) 8.091ms
[148.187s][info][gc,cpu         ] GC(312) User=0.02s Sys=0.00s Real=0.02s
[148.254s][info][gc,start       ] GC(313) Pause Young (Allocation Failure)
[148.262s][info][gc,heap        ] GC(313) DefNew: 1002977K(1120896K)->6641K(1120896K) Eden: 996352K(996352K)->0K(996352K) From: 6625K(124544K)->6641K(124544K)
[148.262s][info][gc,heap        ] GC(313) Tenured: 1413237K(2490844K)->1413237K(2490844K)
[148.262s][info][gc,metaspace   ] GC(313) Metaspace: 124435K(129344K)->124435K(129344K) NonClass: 106759K(107520K)->106759K(107520K) Class: 17676K(21824K)->17676K(21824K)
[148.262s][info][gc             ] GC(313) Pause Young (Allocation Failure) 2359M->1386M(3527M) 8.123ms
[148.262s][info][gc,cpu         ] GC(313) User=0.00s Sys=0.00s Real=0.00s
[148.329s][info][gc,start       ] GC(314) Pause Young (Allocation Failure)
[148.337s][info][gc,heap        ] GC(314) DefNew: 1002993K(1120896K)->6637K(1120896K) Eden: 996352K(996352K)->0K(996352K) From: 6641K(124544K)->6637K(124544K)
[148.338s][info][gc,heap        ] GC(314) Tenured: 1413237K(2490844K)->1413237K(2490844K)
[148.338s][info][gc,metaspace   ] GC(314) Metaspace: 124435K(129344K)->124435K(129344K) NonClass: 106759K(107520K)->106759K(107520K) Class: 17676K(21824K)->17676K(21824K)
[148.338s][info][gc             ] GC(314) Pause Young (Allocation Failure) 2359M->1386M(3527M) 8.097ms
[148.338s][info][gc,cpu         ] GC(314) User=0.02s Sys=0.00s Real=0.02s
[148.405s][info][gc,start       ] GC(315) Pause Young (Allocation Failure)
[148.413s][info][gc,heap        ] GC(315) DefNew: 1002989K(1120896K)->6640K(1120896K) Eden: 996352K(996352K)->0K(996352K) From: 6637K(124544K)->6640K(124544K)
[148.413s][info][gc,heap        ] GC(315) Tenured: 1413237K(2490844K)->1413237K(2490844K)
[148.413s][info][gc,metaspace   ] GC(315) Metaspace: 124435K(129344K)->124435K(129344K) NonClass: 106759K(107520K)->106759K(107520K) Class: 17676K(21824K)->17676K(21824K)
[148.413s][info][gc             ] GC(315) Pause Young (Allocation Failure) 2359M->1386M(3527M) 8.205ms
[148.413s][info][gc,cpu         ] GC(315) User=0.02s Sys=0.00s Real=0.01s
[148.480s][info][gc,start       ] GC(316) Pause Young (Allocation Failure)
[148.488s][info][gc,heap        ] GC(316) DefNew: 1002992K(1120896K)->6642K(1120896K) Eden: 996352K(996352K)->0K(996352K) From: 6640K(124544K)->6642K(124544K)
[148.488s][info][gc,heap        ] GC(316) Tenured: 1413237K(2490844K)->1413237K(2490844K)
[148.488s][info][gc,metaspace   ] GC(316) Metaspace: 124435K(129344K)->124435K(129344K) NonClass: 106759K(107520K)->106759K(107520K) Class: 17676K(21824K)->17676K(21824K)
[148.488s][info][gc             ] GC(316) Pause Young (Allocation Failure) 2359M->1386M(3527M) 8.069ms
[148.488s][info][gc,cpu         ] GC(316) User=0.00s Sys=0.00s Real=0.00s
[148.556s][info][gc,start       ] GC(317) Pause Young (Allocation Failure)
[148.564s][info][gc,heap        ] GC(317) DefNew: 1002994K(1120896K)->6648K(1120896K) Eden: 996352K(996352K)->0K(996352K) From: 6642K(124544K)->6648K(124544K)
[148.564s][info][gc,heap        ] GC(317) Tenured: 1413237K(2490844K)->1413237K(2490844K)
[148.564s][info][gc,metaspace   ] GC(317) Metaspace: 124435K(129344K)->124435K(129344K) NonClass: 106759K(107520K)->106759K(107520K) Class: 17676K(21824K)->17676K(21824K)
[148.564s][info][gc             ] GC(317) Pause Young (Allocation Failure) 2359M->1386M(3527M) 8.173ms
[148.564s][info][gc,cpu         ] GC(317) User=0.00s Sys=0.00s Real=0.00s
[148.631s][info][gc,start       ] GC(318) Pause Young (Allocation Failure)
[148.639s][info][gc,heap        ] GC(318) DefNew: 1003000K(1120896K)->6645K(1120896K) Eden: 996352K(996352K)->0K(996352K) From: 6648K(124544K)->6645K(124544K)
[148.639s][info][gc,heap        ] GC(318) Tenured: 1413237K(2490844K)->1413237K(2490844K)
[148.639s][info][gc,metaspace   ] GC(318) Metaspace: 124435K(129344K)->124435K(129344K) NonClass: 106759K(107520K)->106759K(107520K) Class: 17676K(21824K)->17676K(21824K)
[148.639s][info][gc             ] GC(318) Pause Young (Allocation Failure) 2359M->1386M(3527M) 8.094ms
[148.639s][info][gc,cpu         ] GC(318) User=0.00s Sys=0.00s Real=0.00s
[148.706s][info][gc,start       ] GC(319) Pause Young (Allocation Failure)
[148.714s][info][gc,heap        ] GC(319) DefNew: 1002997K(1120896K)->6651K(1120896K) Eden: 996352K(996352K)->0K(996352K) From: 6645K(124544K)->6651K(124544K)
[148.714s][info][gc,heap        ] GC(319) Tenured: 1413237K(2490844K)->1413237K(2490844K)
[148.714s][info][gc,metaspace   ] GC(319) Metaspace: 124435K(129344K)->124435K(129344K) NonClass: 106759K(107520K)->106759K(107520K) Class: 17676K(21824K)->17676K(21824K)
[148.714s][info][gc             ] GC(319) Pause Young (Allocation Failure) 2359M->1386M(3527M) 8.044ms
[148.714s][info][gc,cpu         ] GC(319) User=0.00s Sys=0.00s Real=0.00s
[148.782s][info][gc,start       ] GC(320) Pause Young (Allocation Failure)
[148.791s][info][gc,heap        ] GC(320) DefNew: 1003003K(1120896K)->6906K(1120896K) Eden: 996352K(996352K)->0K(996352K) From: 6651K(124544K)->6906K(124544K)
[148.791s][info][gc,heap        ] GC(320) Tenured: 1413237K(2490844K)->1413237K(2490844K)
[148.791s][info][gc,metaspace   ] GC(320) Metaspace: 124435K(129344K)->124435K(129344K) NonClass: 106759K(107520K)->106759K(107520K) Class: 17676K(21824K)->17676K(21824K)
[148.791s][info][gc             ] GC(320) Pause Young (Allocation Failure) 2359M->1386M(3527M) 8.427ms
[148.791s][info][gc,cpu         ] GC(320) User=0.02s Sys=0.00s Real=0.01s
[148.858s][info][gc,start       ] GC(321) Pause Young (Allocation Failure)
[148.866s][info][gc,heap        ] GC(321) DefNew: 1003258K(1120896K)->6750K(1120896K) Eden: 996352K(996352K)->0K(996352K) From: 6906K(124544K)->6750K(124544K)
[148.866s][info][gc,heap        ] GC(321) Tenured: 1413237K(2490844K)->1413237K(2490844K)
[148.866s][info][gc,metaspace   ] GC(321) Metaspace: 124435K(129344K)->124435K(129344K) NonClass: 106759K(107520K)->106759K(107520K) Class: 17676K(21824K)->17676K(21824K)
[148.866s][info][gc             ] GC(321) Pause Young (Allocation Failure) 2359M->1386M(3527M) 8.190ms
[148.866s][info][gc,cpu         ] GC(321) User=0.00s Sys=0.00s Real=0.00s
[148.933s][info][gc,start       ] GC(322) Pause Young (Allocation Failure)
[148.942s][info][gc,heap        ] GC(322) DefNew: 1003102K(1120896K)->6669K(1120896K) Eden: 996352K(996352K)->0K(996352K) From: 6750K(124544K)->6669K(124544K)
[148.942s][info][gc,heap        ] GC(322) Tenured: 1413237K(2490844K)->1413237K(2490844K)
[148.942s][info][gc,metaspace   ] GC(322) Metaspace: 124435K(129344K)->124435K(129344K) NonClass: 106759K(107520K)->106759K(107520K) Class: 17676K(21824K)->17676K(21824K)
[148.942s][info][gc             ] GC(322) Pause Young (Allocation Failure) 2359M->1386M(3527M) 8.345ms
[148.942s][info][gc,cpu         ] GC(322) User=0.02s Sys=0.00s Real=0.02s
[149.009s][info][gc,start       ] GC(323) Pause Young (Allocation Failure)
[149.019s][info][gc,heap        ] GC(323) DefNew: 1003021K(1120896K)->608K(1120896K) Eden: 996352K(996352K)->0K(996352K) From: 6669K(124544K)->608K(124544K)
[149.019s][info][gc,heap        ] GC(323) Tenured: 1413237K(2490844K)->1419578K(2490844K)
[149.019s][info][gc,metaspace   ] GC(323) Metaspace: 124435K(129344K)->124435K(129344K) NonClass: 106759K(107520K)->106759K(107520K) Class: 17676K(21824K)->17676K(21824K)
[149.020s][info][gc             ] GC(323) Pause Young (Allocation Failure) 2359M->1386M(3527M) 10.045ms
[149.020s][info][gc,cpu         ] GC(323) User=0.00s Sys=0.00s Real=0.00s
[149.622s][info][gc,start       ] GC(324) Pause Full (System.gc())
[149.622s][info][gc,phases,start] GC(324) Phase 1: Mark live objects
[149.694s][info][gc,phases      ] GC(324) Phase 1: Mark live objects 72.270ms
[149.694s][info][gc,phases,start] GC(324) Phase 2: Compute new object addresses
[149.819s][info][gc,phases      ] GC(324) Phase 2: Compute new object addresses 124.687ms
[149.819s][info][gc,phases,start] GC(324) Phase 3: Adjust pointers
[149.853s][info][gc,phases      ] GC(324) Phase 3: Adjust pointers 33.697ms
[149.853s][info][gc,phases,start] GC(324) Phase 4: Move objects
[149.853s][info][gc,phases      ] GC(324) Phase 4: Move objects 0.102ms
[149.854s][info][gc,heap        ] GC(324) DefNew: 420261K(1120896K)->0K(1120896K) Eden: 419653K(996352K)->0K(996352K) From: 608K(124544K)->0K(124544K)
[149.854s][info][gc,heap        ] GC(324) Tenured: 1419578K(2490844K)->1419780K(2490844K)
[149.854s][info][gc,metaspace   ] GC(324) Metaspace: 124441K(129344K)->124441K(129344K) NonClass: 106765K(107520K)->106765K(107520K) Class: 17676K(21824K)->17676K(21824K)
[149.854s][info][gc             ] GC(324) Pause Full (System.gc()) 1796M->1386M(3527M) 232.110ms
[149.854s][info][gc,cpu         ] GC(324) User=0.23s Sys=0.00s Real=0.23s
[149.993s][info][gc,start       ] GC(325) Pause Young (Allocation Failure)
[150.005s][info][gc,heap        ] GC(325) DefNew: 996352K(1120896K)->6632K(1120896K) Eden: 996352K(996352K)->0K(996352K) From: 0K(124544K)->6632K(124544K)
[150.005s][info][gc,heap        ] GC(325) Tenured: 1419780K(2490844K)->1419780K(2490844K)
[150.005s][info][gc,metaspace   ] GC(325) Metaspace: 124504K(129344K)->124504K(129344K) NonClass: 106828K(107520K)->106828K(107520K) Class: 17676K(21824K)->17676K(21824K)
[150.005s][info][gc             ] GC(325) Pause Young (Allocation Failure) 2359M->1392M(3527M) 12.455ms
[150.005s][info][gc,cpu         ] GC(325) User=0.02s Sys=0.00s Real=0.02s
[150.073s][info][gc,start       ] GC(326) Pause Young (Allocation Failure)
[150.081s][info][gc,heap        ] GC(326) DefNew: 1002984K(1120896K)->6623K(1120896K) Eden: 996352K(996352K)->0K(996352K) From: 6632K(124544K)->6623K(124544K)
[150.082s][info][gc,heap        ] GC(326) Tenured: 1419780K(2490844K)->1419780K(2490844K)
[150.082s][info][gc,metaspace   ] GC(326) Metaspace: 124504K(129344K)->124504K(129344K) NonClass: 106828K(107520K)->106828K(107520K) Class: 17676K(21824K)->17676K(21824K)
[150.082s][info][gc             ] GC(326) Pause Young (Allocation Failure) 2365M->1392M(3527M) 8.691ms
[150.082s][info][gc,cpu         ] GC(326) User=0.00s Sys=0.00s Real=0.00s
[150.149s][info][gc,start       ] GC(327) Pause Young (Allocation Failure)
[150.157s][info][gc,heap        ] GC(327) DefNew: 1002975K(1120896K)->6626K(1120896K) Eden: 996352K(996352K)->0K(996352K) From: 6623K(124544K)->6626K(124544K)
[150.157s][info][gc,heap        ] GC(327) Tenured: 1419780K(2490844K)->1419780K(2490844K)
[150.157s][info][gc,metaspace   ] GC(327) Metaspace: 124504K(129344K)->124504K(129344K) NonClass: 106828K(107520K)->106828K(107520K) Class: 17676K(21824K)->17676K(21824K)
[150.157s][info][gc             ] GC(327) Pause Young (Allocation Failure) 2365M->1392M(3527M) 8.126ms
[150.157s][info][gc,cpu         ] GC(327) User=0.02s Sys=0.00s Real=0.02s
[150.224s][info][gc,start       ] GC(328) Pause Young (Allocation Failure)
[150.232s][info][gc,heap        ] GC(328) DefNew: 1002978K(1120896K)->6618K(1120896K) Eden: 996352K(996352K)->0K(996352K) From: 6626K(124544K)->6618K(124544K)
[150.232s][info][gc,heap        ] GC(328) Tenured: 1419780K(2490844K)->1419780K(2490844K)
[150.233s][info][gc,metaspace   ] GC(328) Metaspace: 124504K(129344K)->124504K(129344K) NonClass: 106828K(107520K)->106828K(107520K) Class: 17676K(21824K)->17676K(21824K)
[150.233s][info][gc             ] GC(328) Pause Young (Allocation Failure) 2365M->1392M(3527M) 8.122ms
[150.233s][info][gc,cpu         ] GC(328) User=0.02s Sys=0.00s Real=0.02s
[150.300s][info][gc,start       ] GC(329) Pause Young (Allocation Failure)
[150.308s][info][gc,heap        ] GC(329) DefNew: 1002970K(1120896K)->6640K(1120896K) Eden: 996352K(996352K)->0K(996352K) From: 6618K(124544K)->6640K(124544K)
[150.308s][info][gc,heap        ] GC(329) Tenured: 1419780K(2490844K)->1419780K(2490844K)
[150.308s][info][gc,metaspace   ] GC(329) Metaspace: 124504K(129344K)->124504K(129344K) NonClass: 106828K(107520K)->106828K(107520K) Class: 17676K(21824K)->17676K(21824K)
[150.308s][info][gc             ] GC(329) Pause Young (Allocation Failure) 2365M->1392M(3527M) 7.981ms
[150.308s][info][gc,cpu         ] GC(329) User=0.00s Sys=0.00s Real=0.00s
[150.375s][info][gc,start       ] GC(330) Pause Young (Allocation Failure)
[150.383s][info][gc,heap        ] GC(330) DefNew: 1002992K(1120896K)->6637K(1120896K) Eden: 996352K(996352K)->0K(996352K) From: 6640K(124544K)->6637K(124544K)
[150.383s][info][gc,heap        ] GC(330) Tenured: 1419780K(2490844K)->1419780K(2490844K)
[150.383s][info][gc,metaspace   ] GC(330) Metaspace: 124504K(129344K)->124504K(129344K) NonClass: 106828K(107520K)->106828K(107520K) Class: 17676K(21824K)->17676K(21824K)
[150.383s][info][gc             ] GC(330) Pause Young (Allocation Failure) 2365M->1392M(3527M) 8.071ms
[150.383s][info][gc,cpu         ] GC(330) User=0.00s Sys=0.00s Real=0.00s
[150.451s][info][gc,start       ] GC(331) Pause Young (Allocation Failure)
[150.459s][info][gc,heap        ] GC(331) DefNew: 1002989K(1120896K)->6650K(1120896K) Eden: 996352K(996352K)->0K(996352K) From: 6637K(124544K)->6650K(124544K)
[150.459s][info][gc,heap        ] GC(331) Tenured: 1419780K(2490844K)->1419780K(2490844K)
[150.459s][info][gc,metaspace   ] GC(331) Metaspace: 124504K(129344K)->124504K(129344K) NonClass: 106828K(107520K)->106828K(107520K) Class: 17676K(21824K)->17676K(21824K)
[150.459s][info][gc             ] GC(331) Pause Young (Allocation Failure) 2365M->1392M(3527M) 8.157ms
[150.459s][info][gc,cpu         ] GC(331) User=0.02s Sys=0.00s Real=0.02s
[150.527s][info][gc,start       ] GC(332) Pause Young (Allocation Failure)
[150.534s][info][gc,heap        ] GC(332) DefNew: 1003002K(1120896K)->6634K(1120896K) Eden: 996352K(996352K)->0K(996352K) From: 6650K(124544K)->6634K(124544K)
[150.534s][info][gc,heap        ] GC(332) Tenured: 1419780K(2490844K)->1419780K(2490844K)
[150.535s][info][gc,metaspace   ] GC(332) Metaspace: 124504K(129344K)->124504K(129344K) NonClass: 106828K(107520K)->106828K(107520K) Class: 17676K(21824K)->17676K(21824K)
[150.535s][info][gc             ] GC(332) Pause Young (Allocation Failure) 2365M->1392M(3527M) 8.045ms
[150.535s][info][gc,cpu         ] GC(332) User=0.02s Sys=0.00s Real=0.02s
[150.602s][info][gc,start       ] GC(333) Pause Young (Allocation Failure)
[150.610s][info][gc,heap        ] GC(333) DefNew: 1002986K(1120896K)->6630K(1120896K) Eden: 996352K(996352K)->0K(996352K) From: 6634K(124544K)->6630K(124544K)
[150.610s][info][gc,heap        ] GC(333) Tenured: 1419780K(2490844K)->1419780K(2490844K)
[150.610s][info][gc,metaspace   ] GC(333) Metaspace: 124504K(129344K)->124504K(129344K) NonClass: 106828K(107520K)->106828K(107520K) Class: 17676K(21824K)->17676K(21824K)
[150.610s][info][gc             ] GC(333) Pause Young (Allocation Failure) 2365M->1392M(3527M) 8.125ms
[150.610s][info][gc,cpu         ] GC(333) User=0.02s Sys=0.00s Real=0.02s
[150.677s][info][gc,start       ] GC(334) Pause Young (Allocation Failure)
[150.685s][info][gc,heap        ] GC(334) DefNew: 1002982K(1120896K)->6637K(1120896K) Eden: 996352K(996352K)->0K(996352K) From: 6630K(124544K)->6637K(124544K)
[150.685s][info][gc,heap        ] GC(334) Tenured: 1419780K(2490844K)->1419780K(2490844K)
[150.685s][info][gc,metaspace   ] GC(334) Metaspace: 124504K(129344K)->124504K(129344K) NonClass: 106828K(107520K)->106828K(107520K) Class: 17676K(21824K)->17676K(21824K)
[150.685s][info][gc             ] GC(334) Pause Young (Allocation Failure) 2365M->1392M(3527M) 8.062ms
[150.685s][info][gc,cpu         ] GC(334) User=0.00s Sys=0.00s Real=0.00s
[150.753s][info][gc,start       ] GC(335) Pause Young (Allocation Failure)
[150.761s][info][gc,heap        ] GC(335) DefNew: 1002989K(1120896K)->6610K(1120896K) Eden: 996352K(996352K)->0K(996352K) From: 6637K(124544K)->6610K(124544K)
[150.761s][info][gc,heap        ] GC(335) Tenured: 1419780K(2490844K)->1419780K(2490844K)
[150.761s][info][gc,metaspace   ] GC(335) Metaspace: 124504K(129344K)->124504K(129344K) NonClass: 106828K(107520K)->106828K(107520K) Class: 17676K(21824K)->17676K(21824K)
[150.761s][info][gc             ] GC(335) Pause Young (Allocation Failure) 2365M->1392M(3527M) 8.034ms
[150.761s][info][gc,cpu         ] GC(335) User=0.02s Sys=0.00s Real=0.01s
[150.828s][info][gc,start       ] GC(336) Pause Young (Allocation Failure)
[150.836s][info][gc,heap        ] GC(336) DefNew: 1002962K(1120896K)->6638K(1120896K) Eden: 996352K(996352K)->0K(996352K) From: 6610K(124544K)->6638K(124544K)
[150.836s][info][gc,heap        ] GC(336) Tenured: 1419780K(2490844K)->1419780K(2490844K)
[150.836s][info][gc,metaspace   ] GC(336) Metaspace: 124504K(129344K)->124504K(129344K) NonClass: 106828K(107520K)->106828K(107520K) Class: 17676K(21824K)->17676K(21824K)
[150.836s][info][gc             ] GC(336) Pause Young (Allocation Failure) 2365M->1392M(3527M) 8.121ms
[150.836s][info][gc,cpu         ] GC(336) User=0.02s Sys=0.00s Real=0.01s
[150.904s][info][gc,start       ] GC(337) Pause Young (Allocation Failure)
[150.912s][info][gc,heap        ] GC(337) DefNew: 1002990K(1120896K)->6718K(1120896K) Eden: 996352K(996352K)->0K(996352K) From: 6638K(124544K)->6718K(124544K)
[150.912s][info][gc,heap        ] GC(337) Tenured: 1419780K(2490844K)->1419780K(2490844K)
[150.912s][info][gc,metaspace   ] GC(337) Metaspace: 124504K(129344K)->124504K(129344K) NonClass: 106828K(107520K)->106828K(107520K) Class: 17676K(21824K)->17676K(21824K)
[150.912s][info][gc             ] GC(337) Pause Young (Allocation Failure) 2365M->1393M(3527M) 8.345ms
[150.912s][info][gc,cpu         ] GC(337) User=0.02s Sys=0.00s Real=0.02s
[150.979s][info][gc,start       ] GC(338) Pause Young (Allocation Failure)
[150.987s][info][gc,heap        ] GC(338) DefNew: 1003070K(1120896K)->6751K(1120896K) Eden: 996352K(996352K)->0K(996352K) From: 6718K(124544K)->6751K(124544K)
[150.987s][info][gc,heap        ] GC(338) Tenured: 1419780K(2490844K)->1419780K(2490844K)
[150.987s][info][gc,metaspace   ] GC(338) Metaspace: 124504K(129344K)->124504K(129344K) NonClass: 106828K(107520K)->106828K(107520K) Class: 17676K(21824K)->17676K(21824K)
[150.987s][info][gc             ] GC(338) Pause Young (Allocation Failure) 2366M->1393M(3527M) 8.188ms
[150.988s][info][gc,cpu         ] GC(338) User=0.00s Sys=0.00s Real=0.00s
[151.055s][info][gc,start       ] GC(339) Pause Young (Allocation Failure)
[151.064s][info][gc,heap        ] GC(339) DefNew: 1003103K(1120896K)->6668K(1120896K) Eden: 996352K(996352K)->0K(996352K) From: 6751K(124544K)->6668K(124544K)
[151.064s][info][gc,heap        ] GC(339) Tenured: 1419780K(2490844K)->1419780K(2490844K)
[151.065s][info][gc,metaspace   ] GC(339) Metaspace: 124504K(129344K)->124504K(129344K) NonClass: 106828K(107520K)->106828K(107520K) Class: 17676K(21824K)->17676K(21824K)
[151.065s][info][gc             ] GC(339) Pause Young (Allocation Failure) 2366M->1393M(3527M) 9.832ms
[151.065s][info][gc,cpu         ] GC(339) User=0.02s Sys=0.00s Real=0.02s
[151.133s][info][gc,start       ] GC(340) Pause Young (Allocation Failure)
[151.144s][info][gc,heap        ] GC(340) DefNew: 1003020K(1120896K)->556K(1120896K) Eden: 996352K(996352K)->0K(996352K) From: 6668K(124544K)->556K(124544K)
[151.144s][info][gc,heap        ] GC(340) Tenured: 1419780K(2490844K)->1426183K(2490844K)
[151.144s][info][gc,metaspace   ] GC(340) Metaspace: 124504K(129344K)->124504K(129344K) NonClass: 106828K(107520K)->106828K(107520K) Class: 17676K(21824K)->17676K(21824K)
[151.145s][info][gc             ] GC(340) Pause Young (Allocation Failure) 2366M->1393M(3527M) 11.701ms
[151.145s][info][gc,cpu         ] GC(340) User=0.02s Sys=0.00s Real=0.02s
[151.754s][info][gc,start       ] GC(341) Pause Full (System.gc())
[151.754s][info][gc,phases,start] GC(341) Phase 1: Mark live objects
[151.814s][info][gc,phases      ] GC(341) Phase 1: Mark live objects 59.837ms
[151.814s][info][gc,phases,start] GC(341) Phase 2: Compute new object addresses
[151.930s][info][gc,phases      ] GC(341) Phase 2: Compute new object addresses 115.977ms
[151.930s][info][gc,phases,start] GC(341) Phase 3: Adjust pointers
[151.966s][info][gc,phases      ] GC(341) Phase 3: Adjust pointers 35.788ms
[151.966s][info][gc,phases,start] GC(341) Phase 4: Move objects
[152.217s][info][gc,phases      ] GC(341) Phase 4: Move objects 250.717ms
[152.218s][info][gc,heap        ] GC(341) DefNew: 426234K(1120896K)->0K(1120896K) Eden: 425677K(996352K)->0K(996352K) From: 556K(124544K)->0K(124544K)
[152.218s][info][gc,heap        ] GC(341) Tenured: 1426183K(2490844K)->1400414K(2490844K)
[152.218s][info][gc,metaspace   ] GC(341) Metaspace: 124517K(129344K)->124517K(129344K) NonClass: 106841K(107520K)->106841K(107520K) Class: 17676K(21824K)->17676K(21824K)
[152.218s][info][gc             ] GC(341) Pause Full (System.gc()) 1809M->1367M(3527M) 463.773ms
[152.218s][info][gc,cpu         ] GC(341) User=0.47s Sys=0.00s Real=0.47s
[152.368s][info][gc,start       ] GC(342) Pause Young (Allocation Failure)
[152.380s][info][gc,heap        ] GC(342) DefNew: 996352K(1120896K)->6607K(1120896K) Eden: 996352K(996352K)->0K(996352K) From: 0K(124544K)->6607K(124544K)
[152.380s][info][gc,heap        ] GC(342) Tenured: 1400414K(2490844K)->1400414K(2490844K)
[152.380s][info][gc,metaspace   ] GC(342) Metaspace: 124565K(129344K)->124565K(129344K) NonClass: 106888K(107520K)->106888K(107520K) Class: 17677K(21824K)->17677K(21824K)
[152.380s][info][gc             ] GC(342) Pause Young (Allocation Failure) 2340M->1374M(3527M) 12.417ms
[152.380s][info][gc,cpu         ] GC(342) User=0.02s Sys=0.00s Real=0.02s
[152.447s][info][gc,start       ] GC(343) Pause Young (Allocation Failure)
[152.455s][info][gc,heap        ] GC(343) DefNew: 1002959K(1120896K)->6626K(1120896K) Eden: 996352K(996352K)->0K(996352K) From: 6607K(124544K)->6626K(124544K)
[152.455s][info][gc,heap        ] GC(343) Tenured: 1400414K(2490844K)->1400414K(2490844K)
[152.455s][info][gc,metaspace   ] GC(343) Metaspace: 124565K(129344K)->124565K(129344K) NonClass: 106888K(107520K)->106888K(107520K) Class: 17677K(21824K)->17677K(21824K)
[152.455s][info][gc             ] GC(343) Pause Young (Allocation Failure) 2347M->1374M(3527M) 8.017ms
[152.455s][info][gc,cpu         ] GC(343) User=0.00s Sys=0.00s Real=0.00s
[152.521s][info][gc,start       ] GC(344) Pause Young (Allocation Failure)
[152.529s][info][gc,heap        ] GC(344) DefNew: 1002978K(1120896K)->6620K(1120896K) Eden: 996352K(996352K)->0K(996352K) From: 6626K(124544K)->6620K(124544K)
[152.529s][info][gc,heap        ] GC(344) Tenured: 1400414K(2490844K)->1400414K(2490844K)
[152.529s][info][gc,metaspace   ] GC(344) Metaspace: 124565K(129344K)->124565K(129344K) NonClass: 106888K(107520K)->106888K(107520K) Class: 17677K(21824K)->17677K(21824K)
[152.529s][info][gc             ] GC(344) Pause Young (Allocation Failure) 2347M->1374M(3527M) 8.124ms
[152.529s][info][gc,cpu         ] GC(344) User=0.02s Sys=0.00s Real=0.02s
[152.596s][info][gc,start       ] GC(345) Pause Young (Allocation Failure)
[152.604s][info][gc,heap        ] GC(345) DefNew: 1002972K(1120896K)->6620K(1120896K) Eden: 996352K(996352K)->0K(996352K) From: 6620K(124544K)->6620K(124544K)
[152.604s][info][gc,heap        ] GC(345) Tenured: 1400414K(2490844K)->1400414K(2490844K)
[152.604s][info][gc,metaspace   ] GC(345) Metaspace: 124565K(129344K)->124565K(129344K) NonClass: 106888K(107520K)->106888K(107520K) Class: 17677K(21824K)->17677K(21824K)
[152.604s][info][gc             ] GC(345) Pause Young (Allocation Failure) 2347M->1374M(3527M) 8.001ms
[152.604s][info][gc,cpu         ] GC(345) User=0.00s Sys=0.00s Real=0.00s
[152.670s][info][gc,start       ] GC(346) Pause Young (Allocation Failure)
[152.678s][info][gc,heap        ] GC(346) DefNew: 1002972K(1120896K)->6643K(1120896K) Eden: 996352K(996352K)->0K(996352K) From: 6620K(124544K)->6643K(124544K)
[152.678s][info][gc,heap        ] GC(346) Tenured: 1400414K(2490844K)->1400414K(2490844K)
[152.678s][info][gc,metaspace   ] GC(346) Metaspace: 124565K(129344K)->124565K(129344K) NonClass: 106888K(107520K)->106888K(107520K) Class: 17677K(21824K)->17677K(21824K)
[152.678s][info][gc             ] GC(346) Pause Young (Allocation Failure) 2347M->1374M(3527M) 8.027ms
[152.678s][info][gc,cpu         ] GC(346) User=0.00s Sys=0.00s Real=0.00s
[152.745s][info][gc,start       ] GC(347) Pause Young (Allocation Failure)
[152.753s][info][gc,heap        ] GC(347) DefNew: 1002995K(1120896K)->6630K(1120896K) Eden: 996352K(996352K)->0K(996352K) From: 6643K(124544K)->6630K(124544K)
[152.753s][info][gc,heap        ] GC(347) Tenured: 1400414K(2490844K)->1400414K(2490844K)
[152.753s][info][gc,metaspace   ] GC(347) Metaspace: 124565K(129344K)->124565K(129344K) NonClass: 106888K(107520K)->106888K(107520K) Class: 17677K(21824K)->17677K(21824K)
[152.753s][info][gc             ] GC(347) Pause Young (Allocation Failure) 2347M->1374M(3527M) 7.985ms
[152.753s][info][gc,cpu         ] GC(347) User=0.02s Sys=0.00s Real=0.02s
[152.820s][info][gc,start       ] GC(348) Pause Young (Allocation Failure)
[152.827s][info][gc,heap        ] GC(348) DefNew: 1002982K(1120896K)->6605K(1120896K) Eden: 996352K(996352K)->0K(996352K) From: 6630K(124544K)->6605K(124544K)
[152.827s][info][gc,heap        ] GC(348) Tenured: 1400414K(2490844K)->1400414K(2490844K)
[152.827s][info][gc,metaspace   ] GC(348) Metaspace: 124565K(129344K)->124565K(129344K) NonClass: 106888K(107520K)->106888K(107520K) Class: 17677K(21824K)->17677K(21824K)
[152.828s][info][gc             ] GC(348) Pause Young (Allocation Failure) 2347M->1374M(3527M) 7.957ms
[152.828s][info][gc,cpu         ] GC(348) User=0.00s Sys=0.00s Real=0.00s
[152.894s][info][gc,start       ] GC(349) Pause Young (Allocation Failure)
[152.902s][info][gc,heap        ] GC(349) DefNew: 1002957K(1120896K)->6617K(1120896K) Eden: 996352K(996352K)->0K(996352K) From: 6605K(124544K)->6617K(124544K)
[152.902s][info][gc,heap        ] GC(349) Tenured: 1400414K(2490844K)->1400414K(2490844K)
[152.902s][info][gc,metaspace   ] GC(349) Metaspace: 124565K(129344K)->124565K(129344K) NonClass: 106888K(107520K)->106888K(107520K) Class: 17677K(21824K)->17677K(21824K)
[152.902s][info][gc             ] GC(349) Pause Young (Allocation Failure) 2347M->1374M(3527M) 8.071ms
[152.902s][info][gc,cpu         ] GC(349) User=0.00s Sys=0.00s Real=0.00s
[152.968s][info][gc,start       ] GC(350) Pause Young (Allocation Failure)
[152.976s][info][gc,heap        ] GC(350) DefNew: 1002969K(1120896K)->6626K(1120896K) Eden: 996352K(996352K)->0K(996352K) From: 6617K(124544K)->6626K(124544K)
[152.976s][info][gc,heap        ] GC(350) Tenured: 1400414K(2490844K)->1400414K(2490844K)
[152.976s][info][gc,metaspace   ] GC(350) Metaspace: 124565K(129344K)->124565K(129344K) NonClass: 106888K(107520K)->106888K(107520K) Class: 17677K(21824K)->17677K(21824K)
[152.976s][info][gc             ] GC(350) Pause Young (Allocation Failure) 2347M->1374M(3527M) 7.948ms
[152.976s][info][gc,cpu         ] GC(350) User=0.02s Sys=0.00s Real=0.02s
[153.043s][info][gc,start       ] GC(351) Pause Young (Allocation Failure)
[153.051s][info][gc,heap        ] GC(351) DefNew: 1002978K(1120896K)->6632K(1120896K) Eden: 996352K(996352K)->0K(996352K) From: 6626K(124544K)->6632K(124544K)
[153.051s][info][gc,heap        ] GC(351) Tenured: 1400414K(2490844K)->1400414K(2490844K)
[153.051s][info][gc,metaspace   ] GC(351) Metaspace: 124565K(129344K)->124565K(129344K) NonClass: 106888K(107520K)->106888K(107520K) Class: 17677K(21824K)->17677K(21824K)
[153.051s][info][gc             ] GC(351) Pause Young (Allocation Failure) 2347M->1374M(3527M) 7.970ms
[153.051s][info][gc,cpu         ] GC(351) User=0.02s Sys=0.00s Real=0.02s
[153.117s][info][gc,start       ] GC(352) Pause Young (Allocation Failure)
[153.125s][info][gc,heap        ] GC(352) DefNew: 1002984K(1120896K)->6637K(1120896K) Eden: 996352K(996352K)->0K(996352K) From: 6632K(124544K)->6637K(124544K)
[153.125s][info][gc,heap        ] GC(352) Tenured: 1400414K(2490844K)->1400414K(2490844K)
[153.125s][info][gc,metaspace   ] GC(352) Metaspace: 124565K(129344K)->124565K(129344K) NonClass: 106888K(107520K)->106888K(107520K) Class: 17677K(21824K)->17677K(21824K)
[153.125s][info][gc             ] GC(352) Pause Young (Allocation Failure) 2347M->1374M(3527M) 7.955ms
[153.125s][info][gc,cpu         ] GC(352) User=0.00s Sys=0.00s Real=0.00s
[153.192s][info][gc,start       ] GC(353) Pause Young (Allocation Failure)
[153.200s][info][gc,heap        ] GC(353) DefNew: 1002989K(1120896K)->6624K(1120896K) Eden: 996352K(996352K)->0K(996352K) From: 6637K(124544K)->6624K(124544K)
[153.200s][info][gc,heap        ] GC(353) Tenured: 1400414K(2490844K)->1400414K(2490844K)
[153.200s][info][gc,metaspace   ] GC(353) Metaspace: 124565K(129344K)->124565K(129344K) NonClass: 106888K(107520K)->106888K(107520K) Class: 17677K(21824K)->17677K(21824K)
[153.200s][info][gc             ] GC(353) Pause Young (Allocation Failure) 2347M->1374M(3527M) 8.027ms
[153.200s][info][gc,cpu         ] GC(353) User=0.02s Sys=0.00s Real=0.02s
[153.267s][info][gc,start       ] GC(354) Pause Young (Allocation Failure)
[153.275s][info][gc,heap        ] GC(354) DefNew: 1002976K(1120896K)->6839K(1120896K) Eden: 996352K(996352K)->0K(996352K) From: 6624K(124544K)->6839K(124544K)
[153.275s][info][gc,heap        ] GC(354) Tenured: 1400414K(2490844K)->1400414K(2490844K)
[153.275s][info][gc,metaspace   ] GC(354) Metaspace: 124565K(129344K)->124565K(129344K) NonClass: 106888K(107520K)->106888K(107520K) Class: 17677K(21824K)->17677K(21824K)
[153.275s][info][gc             ] GC(354) Pause Young (Allocation Failure) 2347M->1374M(3527M) 8.339ms
[153.275s][info][gc,cpu         ] GC(354) User=0.00s Sys=0.00s Real=0.00s
[153.342s][info][gc,start       ] GC(355) Pause Young (Allocation Failure)
[153.350s][info][gc,heap        ] GC(355) DefNew: 1003191K(1120896K)->6733K(1120896K) Eden: 996352K(996352K)->0K(996352K) From: 6839K(124544K)->6733K(124544K)
[153.350s][info][gc,heap        ] GC(355) Tenured: 1400414K(2490844K)->1400414K(2490844K)
[153.350s][info][gc,metaspace   ] GC(355) Metaspace: 124565K(129344K)->124565K(129344K) NonClass: 106888K(107520K)->106888K(107520K) Class: 17677K(21824K)->17677K(21824K)
[153.350s][info][gc             ] GC(355) Pause Young (Allocation Failure) 2347M->1374M(3527M) 8.147ms
[153.350s][info][gc,cpu         ] GC(355) User=0.00s Sys=0.00s Real=0.00s
[153.416s][info][gc,start       ] GC(356) Pause Young (Allocation Failure)
[153.424s][info][gc,heap        ] GC(356) DefNew: 1003085K(1120896K)->6646K(1120896K) Eden: 996352K(996352K)->0K(996352K) From: 6733K(124544K)->6646K(124544K)
[153.424s][info][gc,heap        ] GC(356) Tenured: 1400414K(2490844K)->1400414K(2490844K)
[153.424s][info][gc,metaspace   ] GC(356) Metaspace: 124565K(129344K)->124565K(129344K) NonClass: 106888K(107520K)->106888K(107520K) Class: 17677K(21824K)->17677K(21824K)
[153.424s][info][gc             ] GC(356) Pause Young (Allocation Failure) 2347M->1374M(3527M) 8.159ms
[153.425s][info][gc,cpu         ] GC(356) User=0.02s Sys=0.00s Real=0.02s
[153.492s][info][gc,start       ] GC(357) Pause Young (Allocation Failure)
[153.501s][info][gc,heap        ] GC(357) DefNew: 1002998K(1120896K)->576K(1120896K) Eden: 996352K(996352K)->0K(996352K) From: 6646K(124544K)->576K(124544K)
[153.501s][info][gc,heap        ] GC(357) Tenured: 1400414K(2490844K)->1406774K(2490844K)
[153.501s][info][gc,metaspace   ] GC(357) Metaspace: 124565K(129344K)->124565K(129344K) NonClass: 106888K(107520K)->106888K(107520K) Class: 17677K(21824K)->17677K(21824K)
[153.502s][info][gc             ] GC(357) Pause Young (Allocation Failure) 2347M->1374M(3527M) 9.993ms
[153.502s][info][gc,cpu         ] GC(357) User=0.00s Sys=0.00s Real=0.00s
[154.101s][info][gc,start       ] GC(358) Pause Full (System.gc())
[154.101s][info][gc,phases,start] GC(358) Phase 1: Mark live objects
[154.170s][info][gc,phases      ] GC(358) Phase 1: Mark live objects 68.864ms
[154.170s][info][gc,phases,start] GC(358) Phase 2: Compute new object addresses
[154.284s][info][gc,phases      ] GC(358) Phase 2: Compute new object addresses 113.853ms
[154.299s][info][gc,phases,start] GC(358) Phase 3: Adjust pointers
[154.336s][info][gc,phases      ] GC(358) Phase 3: Adjust pointers 36.429ms
[154.336s][info][gc,phases,start] GC(358) Phase 4: Move objects
[154.336s][info][gc,phases      ] GC(358) Phase 4: Move objects 0.104ms
[154.337s][info][gc,heap        ] GC(358) DefNew: 424537K(1120896K)->0K(1120896K) Eden: 423961K(996352K)->0K(996352K) From: 576K(124544K)->0K(124544K)
[154.337s][info][gc,heap        ] GC(358) Tenured: 1406774K(2490844K)->1406973K(2490844K)
[154.337s][info][gc,metaspace   ] GC(358) Metaspace: 124572K(129344K)->124572K(129344K) NonClass: 106895K(107520K)->106895K(107520K) Class: 17677K(21824K)->17677K(21824K)
[154.337s][info][gc             ] GC(358) Pause Full (System.gc()) 1788M->1373M(3527M) 236.201ms
[154.337s][info][gc,cpu         ] GC(358) User=0.22s Sys=0.00s Real=0.23s
[154.477s][info][gc,start       ] GC(359) Pause Young (Allocation Failure)
[154.490s][info][gc,heap        ] GC(359) DefNew: 996352K(1120896K)->6559K(1120896K) Eden: 996352K(996352K)->0K(996352K) From: 0K(124544K)->6559K(124544K)
[154.490s][info][gc,heap        ] GC(359) Tenured: 1406973K(2490844K)->1406973K(2490844K)
[154.490s][info][gc,metaspace   ] GC(359) Metaspace: 124618K(129472K)->124618K(129472K) NonClass: 106941K(107648K)->106941K(107648K) Class: 17677K(21824K)->17677K(21824K)
[154.490s][info][gc             ] GC(359) Pause Young (Allocation Failure) 2346M->1380M(3527M) 12.596ms
[154.490s][info][gc,cpu         ] GC(359) User=0.02s Sys=0.00s Real=0.01s
[154.558s][info][gc,start       ] GC(360) Pause Young (Allocation Failure)
[154.566s][info][gc,heap        ] GC(360) DefNew: 1002911K(1120896K)->6661K(1120896K) Eden: 996352K(996352K)->0K(996352K) From: 6559K(124544K)->6661K(124544K)
[154.566s][info][gc,heap        ] GC(360) Tenured: 1406973K(2490844K)->1406973K(2490844K)
[154.566s][info][gc,metaspace   ] GC(360) Metaspace: 124618K(129472K)->124618K(129472K) NonClass: 106941K(107648K)->106941K(107648K) Class: 17677K(21824K)->17677K(21824K)
[154.566s][info][gc             ] GC(360) Pause Young (Allocation Failure) 2353M->1380M(3527M) 8.153ms
[154.566s][info][gc,cpu         ] GC(360) User=0.00s Sys=0.00s Real=0.00s
[154.633s][info][gc,start       ] GC(361) Pause Young (Allocation Failure)
[154.641s][info][gc,heap        ] GC(361) DefNew: 1003013K(1120896K)->6633K(1120896K) Eden: 996352K(996352K)->0K(996352K) From: 6661K(124544K)->6633K(124544K)
[154.641s][info][gc,heap        ] GC(361) Tenured: 1406973K(2490844K)->1406973K(2490844K)
[154.641s][info][gc,metaspace   ] GC(361) Metaspace: 124618K(129472K)->124618K(129472K) NonClass: 106941K(107648K)->106941K(107648K) Class: 17677K(21824K)->17677K(21824K)
[154.642s][info][gc             ] GC(361) Pause Young (Allocation Failure) 2353M->1380M(3527M) 8.174ms
[154.642s][info][gc,cpu         ] GC(361) User=0.00s Sys=0.03s Real=0.00s
[154.709s][info][gc,start       ] GC(362) Pause Young (Allocation Failure)
[154.717s][info][gc,heap        ] GC(362) DefNew: 1002985K(1120896K)->6618K(1120896K) Eden: 996352K(996352K)->0K(996352K) From: 6633K(124544K)->6618K(124544K)
[154.717s][info][gc,heap        ] GC(362) Tenured: 1406973K(2490844K)->1406973K(2490844K)
[154.717s][info][gc,metaspace   ] GC(362) Metaspace: 124618K(129472K)->124618K(129472K) NonClass: 106941K(107648K)->106941K(107648K) Class: 17677K(21824K)->17677K(21824K)
[154.717s][info][gc             ] GC(362) Pause Young (Allocation Failure) 2353M->1380M(3527M) 8.091ms
[154.717s][info][gc,cpu         ] GC(362) User=0.02s Sys=0.00s Real=0.01s
[154.785s][info][gc,start       ] GC(363) Pause Young (Allocation Failure)
[154.792s][info][gc,heap        ] GC(363) DefNew: 1002970K(1120896K)->6642K(1120896K) Eden: 996352K(996352K)->0K(996352K) From: 6618K(124544K)->6642K(124544K)
[154.793s][info][gc,heap        ] GC(363) Tenured: 1406973K(2490844K)->1406973K(2490844K)
[154.793s][info][gc,metaspace   ] GC(363) Metaspace: 124618K(129472K)->124618K(129472K) NonClass: 106941K(107648K)->106941K(107648K) Class: 17677K(21824K)->17677K(21824K)
[154.793s][info][gc             ] GC(363) Pause Young (Allocation Failure) 2353M->1380M(3527M) 8.080ms
[154.793s][info][gc,cpu         ] GC(363) User=0.02s Sys=0.00s Real=0.02s
[154.860s][info][gc,start       ] GC(364) Pause Young (Allocation Failure)
[154.868s][info][gc,heap        ] GC(364) DefNew: 1002994K(1120896K)->6635K(1120896K) Eden: 996352K(996352K)->0K(996352K) From: 6642K(124544K)->6635K(124544K)
[154.868s][info][gc,heap        ] GC(364) Tenured: 1406973K(2490844K)->1406973K(2490844K)
[154.868s][info][gc,metaspace   ] GC(364) Metaspace: 124618K(129472K)->124618K(129472K) NonClass: 106941K(107648K)->106941K(107648K) Class: 17677K(21824K)->17677K(21824K)
[154.868s][info][gc             ] GC(364) Pause Young (Allocation Failure) 2353M->1380M(3527M) 8.099ms
[154.868s][info][gc,cpu         ] GC(364) User=0.00s Sys=0.00s Real=0.00s
[154.935s][info][gc,start       ] GC(365) Pause Young (Allocation Failure)
[154.943s][info][gc,heap        ] GC(365) DefNew: 1002987K(1120896K)->6640K(1120896K) Eden: 996352K(996352K)->0K(996352K) From: 6635K(124544K)->6640K(124544K)
[154.943s][info][gc,heap        ] GC(365) Tenured: 1406973K(2490844K)->1406973K(2490844K)
[154.943s][info][gc,metaspace   ] GC(365) Metaspace: 124618K(129472K)->124618K(129472K) NonClass: 106941K(107648K)->106941K(107648K) Class: 17677K(21824K)->17677K(21824K)
[154.943s][info][gc             ] GC(365) Pause Young (Allocation Failure) 2353M->1380M(3527M) 8.063ms
[154.943s][info][gc,cpu         ] GC(365) User=0.00s Sys=0.00s Real=0.00s
[155.011s][info][gc,start       ] GC(366) Pause Young (Allocation Failure)
[155.018s][info][gc,heap        ] GC(366) DefNew: 1002992K(1120896K)->6647K(1120896K) Eden: 996352K(996352K)->0K(996352K) From: 6640K(124544K)->6647K(124544K)
[155.019s][info][gc,heap        ] GC(366) Tenured: 1406973K(2490844K)->1406973K(2490844K)
[155.019s][info][gc,metaspace   ] GC(366) Metaspace: 124618K(129472K)->124618K(129472K) NonClass: 106941K(107648K)->106941K(107648K) Class: 17677K(21824K)->17677K(21824K)
[155.019s][info][gc             ] GC(366) Pause Young (Allocation Failure) 2353M->1380M(3527M) 8.033ms
[155.019s][info][gc,cpu         ] GC(366) User=0.00s Sys=0.00s Real=0.00s
[155.086s][info][gc,start       ] GC(367) Pause Young (Allocation Failure)
[155.094s][info][gc,heap        ] GC(367) DefNew: 1002999K(1120896K)->6648K(1120896K) Eden: 996352K(996352K)->0K(996352K) From: 6647K(124544K)->6648K(124544K)
[155.094s][info][gc,heap        ] GC(367) Tenured: 1406973K(2490844K)->1406973K(2490844K)
[155.094s][info][gc,metaspace   ] GC(367) Metaspace: 124618K(129472K)->124618K(129472K) NonClass: 106941K(107648K)->106941K(107648K) Class: 17677K(21824K)->17677K(21824K)
[155.094s][info][gc             ] GC(367) Pause Young (Allocation Failure) 2353M->1380M(3527M) 8.042ms
[155.094s][info][gc,cpu         ] GC(367) User=0.00s Sys=0.00s Real=0.00s
[155.161s][info][gc,start       ] GC(368) Pause Young (Allocation Failure)
[155.169s][info][gc,heap        ] GC(368) DefNew: 1003000K(1120896K)->6630K(1120896K) Eden: 996352K(996352K)->0K(996352K) From: 6648K(124544K)->6630K(124544K)
[155.169s][info][gc,heap        ] GC(368) Tenured: 1406973K(2490844K)->1406973K(2490844K)
[155.169s][info][gc,metaspace   ] GC(368) Metaspace: 124618K(129472K)->124618K(129472K) NonClass: 106941K(107648K)->106941K(107648K) Class: 17677K(21824K)->17677K(21824K)
[155.170s][info][gc             ] GC(368) Pause Young (Allocation Failure) 2353M->1380M(3527M) 8.088ms
[155.170s][info][gc,cpu         ] GC(368) User=0.02s Sys=0.00s Real=0.01s
[155.237s][info][gc,start       ] GC(369) Pause Young (Allocation Failure)
[155.245s][info][gc,heap        ] GC(369) DefNew: 1002982K(1120896K)->6637K(1120896K) Eden: 996352K(996352K)->0K(996352K) From: 6630K(124544K)->6637K(124544K)
[155.245s][info][gc,heap        ] GC(369) Tenured: 1406973K(2490844K)->1406973K(2490844K)
[155.245s][info][gc,metaspace   ] GC(369) Metaspace: 124618K(129472K)->124618K(129472K) NonClass: 106941K(107648K)->106941K(107648K) Class: 17677K(21824K)->17677K(21824K)
[155.245s][info][gc             ] GC(369) Pause Young (Allocation Failure) 2353M->1380M(3527M) 8.112ms
[155.245s][info][gc,cpu         ] GC(369) User=0.02s Sys=0.00s Real=0.02s
[155.312s][info][gc,start       ] GC(370) Pause Young (Allocation Failure)
[155.320s][info][gc,heap        ] GC(370) DefNew: 1002989K(1120896K)->6639K(1120896K) Eden: 996352K(996352K)->0K(996352K) From: 6637K(124544K)->6639K(124544K)
[155.320s][info][gc,heap        ] GC(370) Tenured: 1406973K(2490844K)->1406973K(2490844K)
[155.320s][info][gc,metaspace   ] GC(370) Metaspace: 124618K(129472K)->124618K(129472K) NonClass: 106941K(107648K)->106941K(107648K) Class: 17677K(21824K)->17677K(21824K)
[155.320s][info][gc             ] GC(370) Pause Young (Allocation Failure) 2353M->1380M(3527M) 8.075ms
[155.320s][info][gc,cpu         ] GC(370) User=0.02s Sys=0.00s Real=0.02s
[155.387s][info][gc,start       ] GC(371) Pause Young (Allocation Failure)
[155.395s][info][gc,heap        ] GC(371) DefNew: 1002991K(1120896K)->6641K(1120896K) Eden: 996352K(996352K)->0K(996352K) From: 6639K(124544K)->6641K(124544K)
[155.395s][info][gc,heap        ] GC(371) Tenured: 1406973K(2490844K)->1406973K(2490844K)
[155.395s][info][gc,metaspace   ] GC(371) Metaspace: 124618K(129472K)->124618K(129472K) NonClass: 106941K(107648K)->106941K(107648K) Class: 17677K(21824K)->17677K(21824K)
[155.395s][info][gc             ] GC(371) Pause Young (Allocation Failure) 2353M->1380M(3527M) 8.063ms
[155.395s][info][gc,cpu         ] GC(371) User=0.00s Sys=0.00s Real=0.00s
[155.463s][info][gc,start       ] GC(372) Pause Young (Allocation Failure)
[155.471s][info][gc,heap        ] GC(372) DefNew: 1002993K(1120896K)->6836K(1120896K) Eden: 996352K(996352K)->0K(996352K) From: 6641K(124544K)->6836K(124544K)
[155.471s][info][gc,heap        ] GC(372) Tenured: 1406973K(2490844K)->1406973K(2490844K)
[155.471s][info][gc,metaspace   ] GC(372) Metaspace: 124618K(129472K)->124618K(129472K) NonClass: 106941K(107648K)->106941K(107648K) Class: 17677K(21824K)->17677K(21824K)
[155.471s][info][gc             ] GC(372) Pause Young (Allocation Failure) 2353M->1380M(3527M) 8.304ms
[155.471s][info][gc,cpu         ] GC(372) User=0.02s Sys=0.00s Real=0.01s
[155.539s][info][gc,start       ] GC(373) Pause Young (Allocation Failure)
[155.547s][info][gc,heap        ] GC(373) DefNew: 1003188K(1120896K)->6734K(1120896K) Eden: 996352K(996352K)->0K(996352K) From: 6836K(124544K)->6734K(124544K)
[155.547s][info][gc,heap        ] GC(373) Tenured: 1406973K(2490844K)->1406973K(2490844K)
[155.547s][info][gc,metaspace   ] GC(373) Metaspace: 124618K(129472K)->124618K(129472K) NonClass: 106941K(107648K)->106941K(107648K) Class: 17677K(21824K)->17677K(21824K)
[155.547s][info][gc             ] GC(373) Pause Young (Allocation Failure) 2353M->1380M(3527M) 8.279ms
[155.547s][info][gc,cpu         ] GC(373) User=0.02s Sys=0.00s Real=0.02s
[155.616s][info][gc,start       ] GC(374) Pause Young (Allocation Failure)
[155.626s][info][gc,heap        ] GC(374) DefNew: 1003086K(1120896K)->850K(1120896K) Eden: 996352K(996352K)->0K(996352K) From: 6734K(124544K)->850K(124544K)
[155.626s][info][gc,heap        ] GC(374) Tenured: 1406973K(2490844K)->1413292K(2490844K)
[155.626s][info][gc,metaspace   ] GC(374) Metaspace: 124618K(129472K)->124618K(129472K) NonClass: 106941K(107648K)->106941K(107648K) Class: 17677K(21824K)->17677K(21824K)
[155.626s][info][gc             ] GC(374) Pause Young (Allocation Failure) 2353M->1380M(3527M) 10.454ms
[155.626s][info][gc,cpu         ] GC(374) User=0.00s Sys=0.00s Real=0.00s
[156.259s][info][gc,start       ] GC(375) Pause Full (System.gc())
[156.259s][info][gc,phases,start] GC(375) Phase 1: Mark live objects
[156.324s][info][gc,phases      ] GC(375) Phase 1: Mark live objects 65.498ms
[156.324s][info][gc,phases,start] GC(375) Phase 2: Compute new object addresses
[156.451s][info][gc,phases      ] GC(375) Phase 2: Compute new object addresses 126.390ms
[156.451s][info][gc,phases,start] GC(375) Phase 3: Adjust pointers
[156.487s][info][gc,phases      ] GC(375) Phase 3: Adjust pointers 35.786ms
[156.487s][info][gc,phases,start] GC(375) Phase 4: Move objects
[156.487s][info][gc,phases      ] GC(375) Phase 4: Move objects 0.110ms
[156.488s][info][gc,heap        ] GC(375) DefNew: 423839K(1120896K)->0K(1120896K) Eden: 422989K(996352K)->0K(996352K) From: 850K(124544K)->0K(124544K)
[156.488s][info][gc,heap        ] GC(375) Tenured: 1413292K(2490844K)->1413493K(2490844K)
[156.488s][info][gc,metaspace   ] GC(375) Metaspace: 124649K(129472K)->124649K(129472K) NonClass: 106970K(107648K)->106970K(107648K) Class: 17679K(21824K)->17679K(21824K)
[156.488s][info][gc             ] GC(375) Pause Full (System.gc()) 1794M->1380M(3527M) 229.240ms
[156.488s][info][gc,cpu         ] GC(375) User=0.23s Sys=0.00s Real=0.23s
[156.624s][info][gc,start       ] GC(376) Pause Young (Allocation Failure)
[156.637s][info][gc,heap        ] GC(376) DefNew: 996352K(1120896K)->6582K(1120896K) Eden: 996352K(996352K)->0K(996352K) From: 0K(124544K)->6582K(124544K)
[156.637s][info][gc,heap        ] GC(376) Tenured: 1413493K(2490844K)->1413493K(2490844K)
[156.637s][info][gc,metaspace   ] GC(376) Metaspace: 124665K(129472K)->124665K(129472K) NonClass: 106986K(107648K)->106986K(107648K) Class: 17679K(21824K)->17679K(21824K)
[156.637s][info][gc             ] GC(376) Pause Young (Allocation Failure) 2353M->1386M(3527M) 12.467ms
[156.637s][info][gc,cpu         ] GC(376) User=0.00s Sys=0.00s Real=0.00s
[156.704s][info][gc,start       ] GC(377) Pause Young (Allocation Failure)
[156.712s][info][gc,heap        ] GC(377) DefNew: 1002934K(1120896K)->6630K(1120896K) Eden: 996352K(996352K)->0K(996352K) From: 6582K(124544K)->6630K(124544K)
[156.712s][info][gc,heap        ] GC(377) Tenured: 1413493K(2490844K)->1413493K(2490844K)
[156.712s][info][gc,metaspace   ] GC(377) Metaspace: 124665K(129472K)->124665K(129472K) NonClass: 106986K(107648K)->106986K(107648K) Class: 17679K(21824K)->17679K(21824K)
[156.712s][info][gc             ] GC(377) Pause Young (Allocation Failure) 2359M->1386M(3527M) 8.300ms
[156.712s][info][gc,cpu         ] GC(377) User=0.00s Sys=0.00s Real=0.00s
[156.780s][info][gc,start       ] GC(378) Pause Young (Allocation Failure)
[156.788s][info][gc,heap        ] GC(378) DefNew: 1002982K(1120896K)->6631K(1120896K) Eden: 996352K(996352K)->0K(996352K) From: 6630K(124544K)->6631K(124544K)
[156.788s][info][gc,heap        ] GC(378) Tenured: 1413493K(2490844K)->1413493K(2490844K)
[156.788s][info][gc,metaspace   ] GC(378) Metaspace: 124665K(129472K)->124665K(129472K) NonClass: 106986K(107648K)->106986K(107648K) Class: 17679K(21824K)->17679K(21824K)
[156.788s][info][gc             ] GC(378) Pause Young (Allocation Failure) 2359M->1386M(3527M) 8.100ms
[156.788s][info][gc,cpu         ] GC(378) User=0.00s Sys=0.00s Real=0.00s
[156.855s][info][gc,start       ] GC(379) Pause Young (Allocation Failure)
[156.863s][info][gc,heap        ] GC(379) DefNew: 1002983K(1120896K)->6638K(1120896K) Eden: 996352K(996352K)->0K(996352K) From: 6631K(124544K)->6638K(124544K)
[156.863s][info][gc,heap        ] GC(379) Tenured: 1413493K(2490844K)->1413493K(2490844K)
[156.863s][info][gc,metaspace   ] GC(379) Metaspace: 124665K(129472K)->124665K(129472K) NonClass: 106986K(107648K)->106986K(107648K) Class: 17679K(21824K)->17679K(21824K)
[156.864s][info][gc             ] GC(379) Pause Young (Allocation Failure) 2359M->1386M(3527M) 8.092ms
[156.864s][info][gc,cpu         ] GC(379) User=0.00s Sys=0.00s Real=0.00s
[156.931s][info][gc,start       ] GC(380) Pause Young (Allocation Failure)
[156.939s][info][gc,heap        ] GC(380) DefNew: 1002990K(1120896K)->6622K(1120896K) Eden: 996352K(996352K)->0K(996352K) From: 6638K(124544K)->6622K(124544K)
[156.939s][info][gc,heap        ] GC(380) Tenured: 1413493K(2490844K)->1413493K(2490844K)
[156.939s][info][gc,metaspace   ] GC(380) Metaspace: 124665K(129472K)->124665K(129472K) NonClass: 106986K(107648K)->106986K(107648K) Class: 17679K(21824K)->17679K(21824K)
[156.939s][info][gc             ] GC(380) Pause Young (Allocation Failure) 2359M->1386M(3527M) 8.083ms
[156.939s][info][gc,cpu         ] GC(380) User=0.00s Sys=0.00s Real=0.00s
[157.006s][info][gc,start       ] GC(381) Pause Young (Allocation Failure)
[157.014s][info][gc,heap        ] GC(381) DefNew: 1002974K(1120896K)->6623K(1120896K) Eden: 996352K(996352K)->0K(996352K) From: 6622K(124544K)->6623K(124544K)
[157.014s][info][gc,heap        ] GC(381) Tenured: 1413493K(2490844K)->1413493K(2490844K)
[157.014s][info][gc,metaspace   ] GC(381) Metaspace: 124665K(129472K)->124665K(129472K) NonClass: 106986K(107648K)->106986K(107648K) Class: 17679K(21824K)->17679K(21824K)
[157.014s][info][gc             ] GC(381) Pause Young (Allocation Failure) 2359M->1386M(3527M) 8.201ms
[157.014s][info][gc,cpu         ] GC(381) User=0.03s Sys=0.00s Real=0.02s
[157.082s][info][gc,start       ] GC(382) Pause Young (Allocation Failure)
[157.090s][info][gc,heap        ] GC(382) DefNew: 1002975K(1120896K)->6640K(1120896K) Eden: 996352K(996352K)->0K(996352K) From: 6623K(124544K)->6640K(124544K)
[157.090s][info][gc,heap        ] GC(382) Tenured: 1413493K(2490844K)->1413493K(2490844K)
[157.090s][info][gc,metaspace   ] GC(382) Metaspace: 124665K(129472K)->124665K(129472K) NonClass: 106986K(107648K)->106986K(107648K) Class: 17679K(21824K)->17679K(21824K)
[157.090s][info][gc             ] GC(382) Pause Young (Allocation Failure) 2359M->1386M(3527M) 8.043ms
[157.090s][info][gc,cpu         ] GC(382) User=0.00s Sys=0.00s Real=0.00s
[157.157s][info][gc,start       ] GC(383) Pause Young (Allocation Failure)
[157.165s][info][gc,heap        ] GC(383) DefNew: 1002992K(1120896K)->6645K(1120896K) Eden: 996352K(996352K)->0K(996352K) From: 6640K(124544K)->6645K(124544K)
[157.165s][info][gc,heap        ] GC(383) Tenured: 1413493K(2490844K)->1413493K(2490844K)
[157.165s][info][gc,metaspace   ] GC(383) Metaspace: 124665K(129472K)->124665K(129472K) NonClass: 106986K(107648K)->106986K(107648K) Class: 17679K(21824K)->17679K(21824K)
[157.165s][info][gc             ] GC(383) Pause Young (Allocation Failure) 2359M->1386M(3527M) 8.081ms
[157.165s][info][gc,cpu         ] GC(383) User=0.00s Sys=0.00s Real=0.00s
[157.233s][info][gc,start       ] GC(384) Pause Young (Allocation Failure)
[157.241s][info][gc,heap        ] GC(384) DefNew: 1002997K(1120896K)->6621K(1120896K) Eden: 996352K(996352K)->0K(996352K) From: 6645K(124544K)->6621K(124544K)
[157.241s][info][gc,heap        ] GC(384) Tenured: 1413493K(2490844K)->1413493K(2490844K)
[157.241s][info][gc,metaspace   ] GC(384) Metaspace: 124665K(129472K)->124665K(129472K) NonClass: 106986K(107648K)->106986K(107648K) Class: 17679K(21824K)->17679K(21824K)
[157.241s][info][gc             ] GC(384) Pause Young (Allocation Failure) 2359M->1386M(3527M) 8.159ms
[157.241s][info][gc,cpu         ] GC(384) User=0.03s Sys=0.00s Real=0.02s
[157.309s][info][gc,start       ] GC(385) Pause Young (Allocation Failure)
[157.317s][info][gc,heap        ] GC(385) DefNew: 1002973K(1120896K)->6631K(1120896K) Eden: 996352K(996352K)->0K(996352K) From: 6621K(124544K)->6631K(124544K)
[157.317s][info][gc,heap        ] GC(385) Tenured: 1413493K(2490844K)->1413493K(2490844K)
[157.317s][info][gc,metaspace   ] GC(385) Metaspace: 124665K(129472K)->124665K(129472K) NonClass: 106986K(107648K)->106986K(107648K) Class: 17679K(21824K)->17679K(21824K)
[157.317s][info][gc             ] GC(385) Pause Young (Allocation Failure) 2359M->1386M(3527M) 8.110ms
[157.317s][info][gc,cpu         ] GC(385) User=0.02s Sys=0.00s Real=0.01s
[157.385s][info][gc,start       ] GC(386) Pause Young (Allocation Failure)
[157.392s][info][gc,heap        ] GC(386) DefNew: 1002983K(1120896K)->6633K(1120896K) Eden: 996352K(996352K)->0K(996352K) From: 6631K(124544K)->6633K(124544K)
[157.393s][info][gc,heap        ] GC(386) Tenured: 1413493K(2490844K)->1413493K(2490844K)
[157.393s][info][gc,metaspace   ] GC(386) Metaspace: 124665K(129472K)->124665K(129472K) NonClass: 106986K(107648K)->106986K(107648K) Class: 17679K(21824K)->17679K(21824K)
[157.393s][info][gc             ] GC(386) Pause Young (Allocation Failure) 2359M->1386M(3527M) 8.018ms
[157.393s][info][gc,cpu         ] GC(386) User=0.02s Sys=0.00s Real=0.01s
[157.459s][info][gc,start       ] GC(387) Pause Young (Allocation Failure)
[157.467s][info][gc,heap        ] GC(387) DefNew: 1002985K(1120896K)->6619K(1120896K) Eden: 996352K(996352K)->0K(996352K) From: 6633K(124544K)->6619K(124544K)
[157.467s][info][gc,heap        ] GC(387) Tenured: 1413493K(2490844K)->1413493K(2490844K)
[157.467s][info][gc,metaspace   ] GC(387) Metaspace: 124665K(129472K)->124665K(129472K) NonClass: 106986K(107648K)->106986K(107648K) Class: 17679K(21824K)->17679K(21824K)
[157.467s][info][gc             ] GC(387) Pause Young (Allocation Failure) 2359M->1386M(3527M) 8.157ms
[157.467s][info][gc,cpu         ] GC(387) User=0.00s Sys=0.00s Real=0.00s
[157.535s][info][gc,start       ] GC(388) Pause Young (Allocation Failure)
[157.544s][info][gc,heap        ] GC(388) DefNew: 1002971K(1120896K)->6743K(1120896K) Eden: 996352K(996352K)->0K(996352K) From: 6619K(124544K)->6743K(124544K)
[157.544s][info][gc,heap        ] GC(388) Tenured: 1413493K(2490844K)->1413493K(2490844K)
[157.544s][info][gc,metaspace   ] GC(388) Metaspace: 124665K(129472K)->124665K(129472K) NonClass: 106986K(107648K)->106986K(107648K) Class: 17679K(21824K)->17679K(21824K)
[157.544s][info][gc             ] GC(388) Pause Young (Allocation Failure) 2359M->1386M(3527M) 8.365ms
[157.544s][info][gc,cpu         ] GC(388) User=0.00s Sys=0.00s Real=0.00s
[157.611s][info][gc,start       ] GC(389) Pause Young (Allocation Failure)
[157.619s][info][gc,heap        ] GC(389) DefNew: 1003095K(1120896K)->6637K(1120896K) Eden: 996352K(996352K)->0K(996352K) From: 6743K(124544K)->6637K(124544K)
[157.619s][info][gc,heap        ] GC(389) Tenured: 1413493K(2490844K)->1413493K(2490844K)
[157.619s][info][gc,metaspace   ] GC(389) Metaspace: 124665K(129472K)->124665K(129472K) NonClass: 106986K(107648K)->106986K(107648K) Class: 17679K(21824K)->17679K(21824K)
[157.619s][info][gc             ] GC(389) Pause Young (Allocation Failure) 2359M->1386M(3527M) 8.176ms
[157.619s][info][gc,cpu         ] GC(389) User=0.00s Sys=0.00s Real=0.00s
[157.687s][info][gc,start       ] GC(390) Pause Young (Allocation Failure)
[157.695s][info][gc,heap        ] GC(390) DefNew: 1002989K(1120896K)->6670K(1120896K) Eden: 996352K(996352K)->0K(996352K) From: 6637K(124544K)->6670K(124544K)
[157.695s][info][gc,heap        ] GC(390) Tenured: 1413493K(2490844K)->1413493K(2490844K)
[157.695s][info][gc,metaspace   ] GC(390) Metaspace: 124665K(129472K)->124665K(129472K) NonClass: 106986K(107648K)->106986K(107648K) Class: 17679K(21824K)->17679K(21824K)
[157.695s][info][gc             ] GC(390) Pause Young (Allocation Failure) 2359M->1386M(3527M) 8.307ms
[157.695s][info][gc,cpu         ] GC(390) User=0.02s Sys=0.00s Real=0.02s
[157.763s][info][gc,start       ] GC(391) Pause Young (Allocation Failure)
[157.773s][info][gc,heap        ] GC(391) DefNew: 1003022K(1120896K)->567K(1120896K) Eden: 996352K(996352K)->0K(996352K) From: 6670K(124544K)->567K(124544K)
[157.773s][info][gc,heap        ] GC(391) Tenured: 1413493K(2490844K)->1419840K(2490844K)
[157.773s][info][gc,metaspace   ] GC(391) Metaspace: 124665K(129472K)->124665K(129472K) NonClass: 106986K(107648K)->106986K(107648K) Class: 17679K(21824K)->17679K(21824K)
[157.773s][info][gc             ] GC(391) Pause Young (Allocation Failure) 2359M->1387M(3527M) 9.862ms
[157.773s][info][gc,cpu         ] GC(391) User=0.00s Sys=0.00s Real=0.00s
[158.379s][info][gc,start       ] GC(392) Pause Full (System.gc())
[158.379s][info][gc,phases,start] GC(392) Phase 1: Mark live objects
[158.446s][info][gc,phases      ] GC(392) Phase 1: Mark live objects 67.505ms
[158.446s][info][gc,phases,start] GC(392) Phase 2: Compute new object addresses
[158.563s][info][gc,phases      ] GC(392) Phase 2: Compute new object addresses 116.160ms
[158.563s][info][gc,phases,start] GC(392) Phase 3: Adjust pointers
[158.597s][info][gc,phases      ] GC(392) Phase 3: Adjust pointers 34.773ms
[158.597s][info][gc,phases,start] GC(392) Phase 4: Move objects
[158.598s][info][gc,phases      ] GC(392) Phase 4: Move objects 0.105ms
[158.598s][info][gc,heap        ] GC(392) DefNew: 434640K(1120896K)->0K(1120896K) Eden: 434072K(996352K)->0K(996352K) From: 567K(124544K)->0K(124544K)
[158.598s][info][gc,heap        ] GC(392) Tenured: 1419840K(2490844K)->1420036K(2490844K)
[158.598s][info][gc,metaspace   ] GC(392) Metaspace: 124667K(129536K)->124667K(129536K) NonClass: 106988K(107712K)->106988K(107712K) Class: 17679K(21824K)->17679K(21824K)
[158.598s][info][gc             ] GC(392) Pause Full (System.gc()) 1811M->1386M(3527M) 219.936ms
[158.599s][info][gc,cpu         ] GC(392) User=0.22s Sys=0.00s Real=0.22s
[158.739s][info][gc,start       ] GC(393) Pause Young (Allocation Failure)
[158.752s][info][gc,heap        ] GC(393) DefNew: 996352K(1120896K)->6624K(1120896K) Eden: 996352K(996352K)->0K(996352K) From: 0K(124544K)->6624K(124544K)
[158.752s][info][gc,heap        ] GC(393) Tenured: 1420036K(2490844K)->1420036K(2490844K)
[158.752s][info][gc,metaspace   ] GC(393) Metaspace: 124701K(129536K)->124701K(129536K) NonClass: 107022K(107712K)->107022K(107712K) Class: 17679K(21824K)->17679K(21824K)
[158.752s][info][gc             ] GC(393) Pause Young (Allocation Failure) 2359M->1393M(3527M) 12.433ms
[158.752s][info][gc,cpu         ] GC(393) User=0.02s Sys=0.00s Real=0.01s
[158.819s][info][gc,start       ] GC(394) Pause Young (Allocation Failure)
[158.827s][info][gc,heap        ] GC(394) DefNew: 1002976K(1120896K)->6627K(1120896K) Eden: 996352K(996352K)->0K(996352K) From: 6624K(124544K)->6627K(124544K)
[158.827s][info][gc,heap        ] GC(394) Tenured: 1420036K(2490844K)->1420036K(2490844K)
[158.827s][info][gc,metaspace   ] GC(394) Metaspace: 124701K(129536K)->124701K(129536K) NonClass: 107022K(107712K)->107022K(107712K) Class: 17679K(21824K)->17679K(21824K)
[158.827s][info][gc             ] GC(394) Pause Young (Allocation Failure) 2366M->1393M(3527M) 8.073ms
[158.827s][info][gc,cpu         ] GC(394) User=0.02s Sys=0.00s Real=0.02s
[158.894s][info][gc,start       ] GC(395) Pause Young (Allocation Failure)
[158.902s][info][gc,heap        ] GC(395) DefNew: 1002979K(1120896K)->6619K(1120896K) Eden: 996352K(996352K)->0K(996352K) From: 6627K(124544K)->6619K(124544K)
[158.902s][info][gc,heap        ] GC(395) Tenured: 1420036K(2490844K)->1420036K(2490844K)
[158.902s][info][gc,metaspace   ] GC(395) Metaspace: 124701K(129536K)->124701K(129536K) NonClass: 107022K(107712K)->107022K(107712K) Class: 17679K(21824K)->17679K(21824K)
[158.902s][info][gc             ] GC(395) Pause Young (Allocation Failure) 2366M->1393M(3527M) 8.022ms
[158.902s][info][gc,cpu         ] GC(395) User=0.00s Sys=0.00s Real=0.00s
[158.970s][info][gc,start       ] GC(396) Pause Young (Allocation Failure)
[158.978s][info][gc,heap        ] GC(396) DefNew: 1002971K(1120896K)->6615K(1120896K) Eden: 996352K(996352K)->0K(996352K) From: 6619K(124544K)->6615K(124544K)
[158.978s][info][gc,heap        ] GC(396) Tenured: 1420036K(2490844K)->1420036K(2490844K)
[158.978s][info][gc,metaspace   ] GC(396) Metaspace: 124701K(129536K)->124701K(129536K) NonClass: 107022K(107712K)->107022K(107712K) Class: 17679K(21824K)->17679K(21824K)
[158.978s][info][gc             ] GC(396) Pause Young (Allocation Failure) 2366M->1393M(3527M) 8.025ms
[158.978s][info][gc,cpu         ] GC(396) User=0.00s Sys=0.00s Real=0.00s
[159.046s][info][gc,start       ] GC(397) Pause Young (Allocation Failure)
[159.054s][info][gc,heap        ] GC(397) DefNew: 1002967K(1120896K)->6621K(1120896K) Eden: 996352K(996352K)->0K(996352K) From: 6615K(124544K)->6621K(124544K)
[159.054s][info][gc,heap        ] GC(397) Tenured: 1420036K(2490844K)->1420036K(2490844K)
[159.054s][info][gc,metaspace   ] GC(397) Metaspace: 124701K(129536K)->124701K(129536K) NonClass: 107022K(107712K)->107022K(107712K) Class: 17679K(21824K)->17679K(21824K)
[159.054s][info][gc             ] GC(397) Pause Young (Allocation Failure) 2366M->1393M(3527M) 8.041ms
[159.054s][info][gc,cpu         ] GC(397) User=0.00s Sys=0.00s Real=0.00s
[159.121s][info][gc,start       ] GC(398) Pause Young (Allocation Failure)
[159.129s][info][gc,heap        ] GC(398) DefNew: 1002973K(1120896K)->6619K(1120896K) Eden: 996352K(996352K)->0K(996352K) From: 6621K(124544K)->6619K(124544K)
[159.129s][info][gc,heap        ] GC(398) Tenured: 1420036K(2490844K)->1420036K(2490844K)
[159.129s][info][gc,metaspace   ] GC(398) Metaspace: 124701K(129536K)->124701K(129536K) NonClass: 107022K(107712K)->107022K(107712K) Class: 17679K(21824K)->17679K(21824K)
[159.129s][info][gc             ] GC(398) Pause Young (Allocation Failure) 2366M->1393M(3527M) 8.035ms
[159.129s][info][gc,cpu         ] GC(398) User=0.00s Sys=0.00s Real=0.00s
[159.197s][info][gc,start       ] GC(399) Pause Young (Allocation Failure)
[159.205s][info][gc,heap        ] GC(399) DefNew: 1002971K(1120896K)->6644K(1120896K) Eden: 996352K(996352K)->0K(996352K) From: 6619K(124544K)->6644K(124544K)
[159.205s][info][gc,heap        ] GC(399) Tenured: 1420036K(2490844K)->1420036K(2490844K)
[159.205s][info][gc,metaspace   ] GC(399) Metaspace: 124701K(129536K)->124701K(129536K) NonClass: 107022K(107712K)->107022K(107712K) Class: 17679K(21824K)->17679K(21824K)
[159.205s][info][gc             ] GC(399) Pause Young (Allocation Failure) 2366M->1393M(3527M) 8.176ms
[159.205s][info][gc,cpu         ] GC(399) User=0.02s Sys=0.00s Real=0.01s
[159.271s][info][gc,start       ] GC(400) Pause Young (Allocation Failure)
[159.279s][info][gc,heap        ] GC(400) DefNew: 1002996K(1120896K)->6620K(1120896K) Eden: 996352K(996352K)->0K(996352K) From: 6644K(124544K)->6620K(124544K)
[159.279s][info][gc,heap        ] GC(400) Tenured: 1420036K(2490844K)->1420036K(2490844K)
[159.279s][info][gc,metaspace   ] GC(400) Metaspace: 124701K(129536K)->124701K(129536K) NonClass: 107022K(107712K)->107022K(107712K) Class: 17679K(21824K)->17679K(21824K)
[159.280s][info][gc             ] GC(400) Pause Young (Allocation Failure) 2366M->1393M(3527M) 8.072ms
[159.280s][info][gc,cpu         ] GC(400) User=0.00s Sys=0.00s Real=0.00s
[159.347s][info][gc,start       ] GC(401) Pause Young (Allocation Failure)
[159.355s][info][gc,heap        ] GC(401) DefNew: 1002972K(1120896K)->6617K(1120896K) Eden: 996352K(996352K)->0K(996352K) From: 6620K(124544K)->6617K(124544K)
[159.355s][info][gc,heap        ] GC(401) Tenured: 1420036K(2490844K)->1420036K(2490844K)
[159.355s][info][gc,metaspace   ] GC(401) Metaspace: 124701K(129536K)->124701K(129536K) NonClass: 107022K(107712K)->107022K(107712K) Class: 17679K(21824K)->17679K(21824K)
[159.355s][info][gc             ] GC(401) Pause Young (Allocation Failure) 2366M->1393M(3527M) 8.050ms
[159.355s][info][gc,cpu         ] GC(401) User=0.02s Sys=0.00s Real=0.02s
[159.422s][info][gc,start       ] GC(402) Pause Young (Allocation Failure)
[159.430s][info][gc,heap        ] GC(402) DefNew: 1002969K(1120896K)->6629K(1120896K) Eden: 996352K(996352K)->0K(996352K) From: 6617K(124544K)->6629K(124544K)
[159.430s][info][gc,heap        ] GC(402) Tenured: 1420036K(2490844K)->1420036K(2490844K)
[159.430s][info][gc,metaspace   ] GC(402) Metaspace: 124701K(129536K)->124701K(129536K) NonClass: 107022K(107712K)->107022K(107712K) Class: 17679K(21824K)->17679K(21824K)
[159.430s][info][gc             ] GC(402) Pause Young (Allocation Failure) 2366M->1393M(3527M) 8.033ms
[159.430s][info][gc,cpu         ] GC(402) User=0.02s Sys=0.00s Real=0.02s
[159.497s][info][gc,start       ] GC(403) Pause Young (Allocation Failure)
[159.505s][info][gc,heap        ] GC(403) DefNew: 1002981K(1120896K)->6636K(1120896K) Eden: 996352K(996352K)->0K(996352K) From: 6629K(124544K)->6636K(124544K)
[159.505s][info][gc,heap        ] GC(403) Tenured: 1420036K(2490844K)->1420036K(2490844K)
[159.505s][info][gc,metaspace   ] GC(403) Metaspace: 124701K(129536K)->124701K(129536K) NonClass: 107022K(107712K)->107022K(107712K) Class: 17679K(21824K)->17679K(21824K)
[159.505s][info][gc             ] GC(403) Pause Young (Allocation Failure) 2366M->1393M(3527M) 7.988ms
[159.505s][info][gc,cpu         ] GC(403) User=0.00s Sys=0.00s Real=0.00s
[159.573s][info][gc,start       ] GC(404) Pause Young (Allocation Failure)
[159.580s][info][gc,heap        ] GC(404) DefNew: 1002988K(1120896K)->6644K(1120896K) Eden: 996352K(996352K)->0K(996352K) From: 6636K(124544K)->6644K(124544K)
[159.580s][info][gc,heap        ] GC(404) Tenured: 1420036K(2490844K)->1420036K(2490844K)
[159.580s][info][gc,metaspace   ] GC(404) Metaspace: 124701K(129536K)->124701K(129536K) NonClass: 107022K(107712K)->107022K(107712K) Class: 17679K(21824K)->17679K(21824K)
[159.581s][info][gc             ] GC(404) Pause Young (Allocation Failure) 2366M->1393M(3527M) 7.952ms
[159.581s][info][gc,cpu         ] GC(404) User=0.00s Sys=0.00s Real=0.00s
[159.649s][info][gc,start       ] GC(405) Pause Young (Allocation Failure)
[159.657s][info][gc,heap        ] GC(405) DefNew: 1002996K(1120896K)->6648K(1120896K) Eden: 996352K(996352K)->0K(996352K) From: 6644K(124544K)->6648K(124544K)
[159.657s][info][gc,heap        ] GC(405) Tenured: 1420036K(2490844K)->1420036K(2490844K)
[159.657s][info][gc,metaspace   ] GC(405) Metaspace: 124701K(129536K)->124701K(129536K) NonClass: 107022K(107712K)->107022K(107712K) Class: 17679K(21824K)->17679K(21824K)
[159.657s][info][gc             ] GC(405) Pause Young (Allocation Failure) 2366M->1393M(3527M) 8.133ms
[159.657s][info][gc,cpu         ] GC(405) User=0.02s Sys=0.00s Real=0.02s
[159.724s][info][gc,start       ] GC(406) Pause Young (Allocation Failure)
[159.732s][info][gc,heap        ] GC(406) DefNew: 1003000K(1120896K)->6736K(1120896K) Eden: 996352K(996352K)->0K(996352K) From: 6648K(124544K)->6736K(124544K)
[159.732s][info][gc,heap        ] GC(406) Tenured: 1420036K(2490844K)->1420036K(2490844K)
[159.732s][info][gc,metaspace   ] GC(406) Metaspace: 124701K(129536K)->124701K(129536K) NonClass: 107022K(107712K)->107022K(107712K) Class: 17679K(21824K)->17679K(21824K)
[159.732s][info][gc             ] GC(406) Pause Young (Allocation Failure) 2366M->1393M(3527M) 8.222ms
[159.732s][info][gc,cpu         ] GC(406) User=0.00s Sys=0.00s Real=0.00s
[159.800s][info][gc,start       ] GC(407) Pause Young (Allocation Failure)
[159.808s][info][gc,heap        ] GC(407) DefNew: 1003088K(1120896K)->6714K(1120896K) Eden: 996352K(996352K)->0K(996352K) From: 6736K(124544K)->6714K(124544K)
[159.808s][info][gc,heap        ] GC(407) Tenured: 1420036K(2490844K)->1420036K(2490844K)
[159.808s][info][gc,metaspace   ] GC(407) Metaspace: 124701K(129536K)->124701K(129536K) NonClass: 107022K(107712K)->107022K(107712K) Class: 17679K(21824K)->17679K(21824K)
[159.808s][info][gc             ] GC(407) Pause Young (Allocation Failure) 2366M->1393M(3527M) 8.191ms
[159.808s][info][gc,cpu         ] GC(407) User=0.00s Sys=0.00s Real=0.01s
[159.876s][info][gc,start       ] GC(408) Pause Young (Allocation Failure)
[159.886s][info][gc,heap        ] GC(408) DefNew: 1003066K(1120896K)->513K(1120896K) Eden: 996352K(996352K)->0K(996352K) From: 6714K(124544K)->513K(124544K)
[159.886s][info][gc,heap        ] GC(408) Tenured: 1420036K(2490844K)->1426413K(2490844K)
[159.886s][info][gc,metaspace   ] GC(408) Metaspace: 124701K(129536K)->124701K(129536K) NonClass: 107022K(107712K)->107022K(107712K) Class: 17679K(21824K)->17679K(21824K)
[159.886s][info][gc             ] GC(408) Pause Young (Allocation Failure) 2366M->1393M(3527M) 9.887ms
[159.886s][info][gc,cpu         ] GC(408) User=0.02s Sys=0.00s Real=0.01s
[160.484s][info][gc,start       ] GC(409) Pause Full (System.gc())
[160.484s][info][gc,phases,start] GC(409) Phase 1: Mark live objects
[160.555s][info][gc,phases      ] GC(409) Phase 1: Mark live objects 71.039ms
[160.555s][info][gc,phases,start] GC(409) Phase 2: Compute new object addresses
[160.671s][info][gc,phases      ] GC(409) Phase 2: Compute new object addresses 116.586ms
[160.672s][info][gc,phases,start] GC(409) Phase 3: Adjust pointers
[160.708s][info][gc,phases      ] GC(409) Phase 3: Adjust pointers 36.012ms
[160.708s][info][gc,phases,start] GC(409) Phase 4: Move objects
[160.956s][info][gc,phases      ] GC(409) Phase 4: Move objects 248.335ms
[160.957s][info][gc,heap        ] GC(409) DefNew: 434745K(1120896K)->0K(1120896K) Eden: 434231K(996352K)->0K(996352K) From: 513K(124544K)->0K(124544K)
[160.957s][info][gc,heap        ] GC(409) Tenured: 1426413K(2490844K)->1400632K(2490844K)
[160.957s][info][gc,metaspace   ] GC(409) Metaspace: 124712K(129536K)->124712K(129536K) NonClass: 107032K(107712K)->107032K(107712K) Class: 17679K(21824K)->17679K(21824K)
[160.957s][info][gc             ] GC(409) Pause Full (System.gc()) 1817M->1367M(3527M) 473.498ms
[160.957s][info][gc,cpu         ] GC(409) User=0.47s Sys=0.00s Real=0.47s
[161.119s][info][gc,start       ] GC(410) Pause Young (Allocation Failure)
[161.131s][info][gc,heap        ] GC(410) DefNew: 996352K(1120896K)->6592K(1120896K) Eden: 996352K(996352K)->0K(996352K) From: 0K(124544K)->6592K(124544K)
[161.131s][info][gc,heap        ] GC(410) Tenured: 1400632K(2490844K)->1400632K(2490844K)
[161.131s][info][gc,metaspace   ] GC(410) Metaspace: 124841K(129664K)->124841K(129664K) NonClass: 107162K(107840K)->107162K(107840K) Class: 17679K(21824K)->17679K(21824K)
[161.131s][info][gc             ] GC(410) Pause Young (Allocation Failure) 2340M->1374M(3527M) 12.432ms
[161.131s][info][gc,cpu         ] GC(410) User=0.03s Sys=0.00s Real=0.02s
[161.198s][info][gc,start       ] GC(411) Pause Young (Allocation Failure)
[161.206s][info][gc,heap        ] GC(411) DefNew: 1002944K(1120896K)->6598K(1120896K) Eden: 996352K(996352K)->0K(996352K) From: 6592K(124544K)->6598K(124544K)
[161.206s][info][gc,heap        ] GC(411) Tenured: 1400632K(2490844K)->1400632K(2490844K)
[161.206s][info][gc,metaspace   ] GC(411) Metaspace: 124841K(129664K)->124841K(129664K) NonClass: 107162K(107840K)->107162K(107840K) Class: 17679K(21824K)->17679K(21824K)
[161.206s][info][gc             ] GC(411) Pause Young (Allocation Failure) 2347M->1374M(3527M) 8.041ms
[161.206s][info][gc,cpu         ] GC(411) User=0.00s Sys=0.00s Real=0.00s
[161.273s][info][gc,start       ] GC(412) Pause Young (Allocation Failure)
[161.282s][info][gc,heap        ] GC(412) DefNew: 1002950K(1120896K)->6608K(1120896K) Eden: 996352K(996352K)->0K(996352K) From: 6598K(124544K)->6608K(124544K)
[161.282s][info][gc,heap        ] GC(412) Tenured: 1400632K(2490844K)->1400632K(2490844K)
[161.282s][info][gc,metaspace   ] GC(412) Metaspace: 124841K(129664K)->124841K(129664K) NonClass: 107162K(107840K)->107162K(107840K) Class: 17679K(21824K)->17679K(21824K)
[161.282s][info][gc             ] GC(412) Pause Young (Allocation Failure) 2347M->1374M(3527M) 9.402ms
[161.282s][info][gc,cpu         ] GC(412) User=0.02s Sys=0.00s Real=0.02s
[161.350s][info][gc,start       ] GC(413) Pause Young (Allocation Failure)
[161.359s][info][gc,heap        ] GC(413) DefNew: 1002960K(1120896K)->6613K(1120896K) Eden: 996352K(996352K)->0K(996352K) From: 6608K(124544K)->6613K(124544K)
[161.359s][info][gc,heap        ] GC(413) Tenured: 1400632K(2490844K)->1400632K(2490844K)
[161.359s][info][gc,metaspace   ] GC(413) Metaspace: 124841K(129664K)->124841K(129664K) NonClass: 107162K(107840K)->107162K(107840K) Class: 17679K(21824K)->17679K(21824K)
[161.359s][info][gc             ] GC(413) Pause Young (Allocation Failure) 2347M->1374M(3527M) 9.292ms
[161.359s][info][gc,cpu         ] GC(413) User=0.03s Sys=0.00s Real=0.02s
[161.426s][info][gc,start       ] GC(414) Pause Young (Allocation Failure)
[161.434s][info][gc,heap        ] GC(414) DefNew: 1002965K(1120896K)->6619K(1120896K) Eden: 996352K(996352K)->0K(996352K) From: 6613K(124544K)->6619K(124544K)
[161.434s][info][gc,heap        ] GC(414) Tenured: 1400632K(2490844K)->1400632K(2490844K)
[161.434s][info][gc,metaspace   ] GC(414) Metaspace: 124841K(129664K)->124841K(129664K) NonClass: 107162K(107840K)->107162K(107840K) Class: 17679K(21824K)->17679K(21824K)
[161.434s][info][gc             ] GC(414) Pause Young (Allocation Failure) 2347M->1374M(3527M) 7.966ms
[161.434s][info][gc,cpu         ] GC(414) User=0.00s Sys=0.00s Real=0.00s
[161.500s][info][gc,start       ] GC(415) Pause Young (Allocation Failure)
[161.508s][info][gc,heap        ] GC(415) DefNew: 1002971K(1120896K)->6621K(1120896K) Eden: 996352K(996352K)->0K(996352K) From: 6619K(124544K)->6621K(124544K)
[161.508s][info][gc,heap        ] GC(415) Tenured: 1400632K(2490844K)->1400632K(2490844K)
[161.508s][info][gc,metaspace   ] GC(415) Metaspace: 124841K(129664K)->124841K(129664K) NonClass: 107162K(107840K)->107162K(107840K) Class: 17679K(21824K)->17679K(21824K)
[161.508s][info][gc             ] GC(415) Pause Young (Allocation Failure) 2347M->1374M(3527M) 8.051ms
[161.508s][info][gc,cpu         ] GC(415) User=0.00s Sys=0.02s Real=0.02s
[161.575s][info][gc,start       ] GC(416) Pause Young (Allocation Failure)
[161.583s][info][gc,heap        ] GC(416) DefNew: 1002973K(1120896K)->6622K(1120896K) Eden: 996352K(996352K)->0K(996352K) From: 6621K(124544K)->6622K(124544K)
[161.583s][info][gc,heap        ] GC(416) Tenured: 1400632K(2490844K)->1400632K(2490844K)
[161.583s][info][gc,metaspace   ] GC(416) Metaspace: 124841K(129664K)->124841K(129664K) NonClass: 107162K(107840K)->107162K(107840K) Class: 17679K(21824K)->17679K(21824K)
[161.583s][info][gc             ] GC(416) Pause Young (Allocation Failure) 2347M->1374M(3527M) 8.001ms
[161.583s][info][gc,cpu         ] GC(416) User=0.02s Sys=0.00s Real=0.02s
[161.649s][info][gc,start       ] GC(417) Pause Young (Allocation Failure)
[161.657s][info][gc,heap        ] GC(417) DefNew: 1002974K(1120896K)->6616K(1120896K) Eden: 996352K(996352K)->0K(996352K) From: 6622K(124544K)->6616K(124544K)
[161.657s][info][gc,heap        ] GC(417) Tenured: 1400632K(2490844K)->1400632K(2490844K)
[161.657s][info][gc,metaspace   ] GC(417) Metaspace: 124841K(129664K)->124841K(129664K) NonClass: 107162K(107840K)->107162K(107840K) Class: 17679K(21824K)->17679K(21824K)
[161.657s][info][gc             ] GC(417) Pause Young (Allocation Failure) 2347M->1374M(3527M) 7.968ms
[161.657s][info][gc,cpu         ] GC(417) User=0.00s Sys=0.00s Real=0.00s
[161.724s][info][gc,start       ] GC(418) Pause Young (Allocation Failure)
[161.732s][info][gc,heap        ] GC(418) DefNew: 1002968K(1120896K)->6618K(1120896K) Eden: 996352K(996352K)->0K(996352K) From: 6616K(124544K)->6618K(124544K)
[161.732s][info][gc,heap        ] GC(418) Tenured: 1400632K(2490844K)->1400632K(2490844K)
[161.732s][info][gc,metaspace   ] GC(418) Metaspace: 124841K(129664K)->124841K(129664K) NonClass: 107162K(107840K)->107162K(107840K) Class: 17679K(21824K)->17679K(21824K)
[161.732s][info][gc             ] GC(418) Pause Young (Allocation Failure) 2347M->1374M(3527M) 7.981ms
[161.732s][info][gc,cpu         ] GC(418) User=0.00s Sys=0.00s Real=0.00s
[161.799s][info][gc,start       ] GC(419) Pause Young (Allocation Failure)
[161.807s][info][gc,heap        ] GC(419) DefNew: 1002970K(1120896K)->6621K(1120896K) Eden: 996352K(996352K)->0K(996352K) From: 6618K(124544K)->6621K(124544K)
[161.807s][info][gc,heap        ] GC(419) Tenured: 1400632K(2490844K)->1400632K(2490844K)
[161.807s][info][gc,metaspace   ] GC(419) Metaspace: 124841K(129664K)->124841K(129664K) NonClass: 107162K(107840K)->107162K(107840K) Class: 17679K(21824K)->17679K(21824K)
[161.807s][info][gc             ] GC(419) Pause Young (Allocation Failure) 2347M->1374M(3527M) 8.011ms
[161.807s][info][gc,cpu         ] GC(419) User=0.00s Sys=0.00s Real=0.00s
[161.873s][info][gc,start       ] GC(420) Pause Young (Allocation Failure)
[161.881s][info][gc,heap        ] GC(420) DefNew: 1002973K(1120896K)->6605K(1120896K) Eden: 996352K(996352K)->0K(996352K) From: 6621K(124544K)->6605K(124544K)
[161.881s][info][gc,heap        ] GC(420) Tenured: 1400632K(2490844K)->1400632K(2490844K)
[161.881s][info][gc,metaspace   ] GC(420) Metaspace: 124841K(129664K)->124841K(129664K) NonClass: 107162K(107840K)->107162K(107840K) Class: 17679K(21824K)->17679K(21824K)
[161.881s][info][gc             ] GC(420) Pause Young (Allocation Failure) 2347M->1374M(3527M) 7.952ms
[161.882s][info][gc,cpu         ] GC(420) User=0.00s Sys=0.00s Real=0.00s
[161.948s][info][gc,start       ] GC(421) Pause Young (Allocation Failure)
[161.956s][info][gc,heap        ] GC(421) DefNew: 1002957K(1120896K)->6613K(1120896K) Eden: 996352K(996352K)->0K(996352K) From: 6605K(124544K)->6613K(124544K)
[161.956s][info][gc,heap        ] GC(421) Tenured: 1400632K(2490844K)->1400632K(2490844K)
[161.956s][info][gc,metaspace   ] GC(421) Metaspace: 124841K(129664K)->124841K(129664K) NonClass: 107162K(107840K)->107162K(107840K) Class: 17679K(21824K)->17679K(21824K)
[161.956s][info][gc             ] GC(421) Pause Young (Allocation Failure) 2347M->1374M(3527M) 8.055ms
[161.956s][info][gc,cpu         ] GC(421) User=0.00s Sys=0.00s Real=0.00s
[162.023s][info][gc,start       ] GC(422) Pause Young (Allocation Failure)
[162.031s][info][gc,heap        ] GC(422) DefNew: 1002965K(1120896K)->6604K(1120896K) Eden: 996352K(996352K)->0K(996352K) From: 6613K(124544K)->6604K(124544K)
[162.031s][info][gc,heap        ] GC(422) Tenured: 1400632K(2490844K)->1400632K(2490844K)
[162.031s][info][gc,metaspace   ] GC(422) Metaspace: 124841K(129664K)->124841K(129664K) NonClass: 107162K(107840K)->107162K(107840K) Class: 17679K(21824K)->17679K(21824K)
[162.031s][info][gc             ] GC(422) Pause Young (Allocation Failure) 2347M->1374M(3527M) 7.908ms
[162.031s][info][gc,cpu         ] GC(422) User=0.00s Sys=0.00s Real=0.00s
[162.097s][info][gc,start       ] GC(423) Pause Young (Allocation Failure)
[162.106s][info][gc,heap        ] GC(423) DefNew: 1002956K(1120896K)->6820K(1120896K) Eden: 996352K(996352K)->0K(996352K) From: 6604K(124544K)->6820K(124544K)
[162.106s][info][gc,heap        ] GC(423) Tenured: 1400632K(2490844K)->1400632K(2490844K)
[162.106s][info][gc,metaspace   ] GC(423) Metaspace: 124841K(129664K)->124841K(129664K) NonClass: 107162K(107840K)->107162K(107840K) Class: 17679K(21824K)->17679K(21824K)
[162.106s][info][gc             ] GC(423) Pause Young (Allocation Failure) 2347M->1374M(3527M) 8.287ms
[162.106s][info][gc,cpu         ] GC(423) User=0.02s Sys=0.00s Real=0.02s
[162.172s][info][gc,start       ] GC(424) Pause Young (Allocation Failure)
[162.180s][info][gc,heap        ] GC(424) DefNew: 1003172K(1120896K)->6716K(1120896K) Eden: 996352K(996352K)->0K(996352K) From: 6820K(124544K)->6716K(124544K)
[162.180s][info][gc,heap        ] GC(424) Tenured: 1400632K(2490844K)->1400632K(2490844K)
[162.180s][info][gc,metaspace   ] GC(424) Metaspace: 124841K(129664K)->124841K(129664K) NonClass: 107162K(107840K)->107162K(107840K) Class: 17679K(21824K)->17679K(21824K)
[162.180s][info][gc             ] GC(424) Pause Young (Allocation Failure) 2347M->1374M(3527M) 8.097ms
[162.181s][info][gc,cpu         ] GC(424) User=0.02s Sys=0.00s Real=0.02s
[162.249s][info][gc,start       ] GC(425) Pause Young (Allocation Failure)
[162.259s][info][gc,heap        ] GC(425) DefNew: 1003068K(1120896K)->665K(1120896K) Eden: 996352K(996352K)->0K(996352K) From: 6716K(124544K)->665K(124544K)
[162.259s][info][gc,heap        ] GC(425) Tenured: 1400632K(2490844K)->1406971K(2490844K)
[162.259s][info][gc,metaspace   ] GC(425) Metaspace: 124841K(129664K)->124841K(129664K) NonClass: 107162K(107840K)->107162K(107840K) Class: 17679K(21824K)->17679K(21824K)
[162.259s][info][gc             ] GC(425) Pause Young (Allocation Failure) 2347M->1374M(3527M) 9.944ms
[162.259s][info][gc,cpu         ] GC(425) User=0.02s Sys=0.00s Real=0.00s
[163.948s][info][gc,start       ] GC(426) Pause Full (System.gc())
[163.948s][info][gc,phases,start] GC(426) Phase 1: Mark live objects
[164.016s][info][gc,phases      ] GC(426) Phase 1: Mark live objects 67.714ms
[164.016s][info][gc,phases,start] GC(426) Phase 2: Compute new object addresses
[164.130s][info][gc,phases      ] GC(426) Phase 2: Compute new object addresses 114.441ms
[164.130s][info][gc,phases,start] GC(426) Phase 3: Adjust pointers
[164.164s][info][gc,phases      ] GC(426) Phase 3: Adjust pointers 33.788ms
[164.164s][info][gc,phases,start] GC(426) Phase 4: Move objects
[164.164s][info][gc,phases      ] GC(426) Phase 4: Move objects 0.104ms
[164.165s][info][gc,heap        ] GC(426) DefNew: 425515K(1120896K)->0K(1120896K) Eden: 424849K(996352K)->0K(996352K) From: 665K(124544K)->0K(124544K)
[164.165s][info][gc,heap        ] GC(426) Tenured: 1406971K(2490844K)->1407164K(2490844K)
[164.165s][info][gc,metaspace   ] GC(426) Metaspace: 124845K(129664K)->124845K(129664K) NonClass: 107166K(107840K)->107166K(107840K) Class: 17679K(21824K)->17679K(21824K)
[164.165s][info][gc             ] GC(426) Pause Full (System.gc()) 1789M->1374M(3527M) 217.417ms
[164.165s][info][gc,cpu         ] GC(426) User=0.22s Sys=0.00s Real=0.23s
[164.313s][info][gc,start       ] GC(427) Pause Young (Allocation Failure)
[164.327s][info][gc,heap        ] GC(427) DefNew: 996352K(1120896K)->6536K(1120896K) Eden: 996352K(996352K)->0K(996352K) From: 0K(124544K)->6536K(124544K)
[164.327s][info][gc,heap        ] GC(427) Tenured: 1407164K(2490844K)->1407164K(2490844K)
[164.327s][info][gc,metaspace   ] GC(427) Metaspace: 124940K(129728K)->124940K(129728K) NonClass: 107261K(107904K)->107261K(107904K) Class: 17679K(21824K)->17679K(21824K)
[164.327s][info][gc             ] GC(427) Pause Young (Allocation Failure) 2347M->1380M(3527M) 13.524ms
[164.327s][info][gc,cpu         ] GC(427) User=0.02s Sys=0.00s Real=0.02s
[164.394s][info][gc,start       ] GC(428) Pause Young (Allocation Failure)
[164.402s][info][gc,heap        ] GC(428) DefNew: 1002888K(1120896K)->6621K(1120896K) Eden: 996352K(996352K)->0K(996352K) From: 6536K(124544K)->6621K(124544K)
[164.402s][info][gc,heap        ] GC(428) Tenured: 1407164K(2490844K)->1407164K(2490844K)
[164.402s][info][gc,metaspace   ] GC(428) Metaspace: 124940K(129728K)->124940K(129728K) NonClass: 107261K(107904K)->107261K(107904K) Class: 17679K(21824K)->17679K(21824K)
[164.402s][info][gc             ] GC(428) Pause Young (Allocation Failure) 2353M->1380M(3527M) 8.173ms
[164.402s][info][gc,cpu         ] GC(428) User=0.00s Sys=0.00s Real=0.00s
[164.470s][info][gc,start       ] GC(429) Pause Young (Allocation Failure)
[164.478s][info][gc,heap        ] GC(429) DefNew: 1002973K(1120896K)->6611K(1120896K) Eden: 996352K(996352K)->0K(996352K) From: 6621K(124544K)->6611K(124544K)
[164.478s][info][gc,heap        ] GC(429) Tenured: 1407164K(2490844K)->1407164K(2490844K)
[164.478s][info][gc,metaspace   ] GC(429) Metaspace: 124940K(129728K)->124940K(129728K) NonClass: 107261K(107904K)->107261K(107904K) Class: 17679K(21824K)->17679K(21824K)
[164.478s][info][gc             ] GC(429) Pause Young (Allocation Failure) 2353M->1380M(3527M) 7.986ms
[164.478s][info][gc,cpu         ] GC(429) User=0.00s Sys=0.00s Real=0.00s
[164.545s][info][gc,start       ] GC(430) Pause Young (Allocation Failure)
[164.553s][info][gc,heap        ] GC(430) DefNew: 1002963K(1120896K)->6613K(1120896K) Eden: 996352K(996352K)->0K(996352K) From: 6611K(124544K)->6613K(124544K)
[164.553s][info][gc,heap        ] GC(430) Tenured: 1407164K(2490844K)->1407164K(2490844K)
[164.553s][info][gc,metaspace   ] GC(430) Metaspace: 124940K(129728K)->124940K(129728K) NonClass: 107261K(107904K)->107261K(107904K) Class: 17679K(21824K)->17679K(21824K)
[164.553s][info][gc             ] GC(430) Pause Young (Allocation Failure) 2353M->1380M(3527M) 8.486ms
[164.553s][info][gc,cpu         ] GC(430) User=0.00s Sys=0.00s Real=0.00s
[164.621s][info][gc,start       ] GC(431) Pause Young (Allocation Failure)
[164.629s][info][gc,heap        ] GC(431) DefNew: 1002965K(1120896K)->6631K(1120896K) Eden: 996352K(996352K)->0K(996352K) From: 6613K(124544K)->6631K(124544K)
[164.629s][info][gc,heap        ] GC(431) Tenured: 1407164K(2490844K)->1407164K(2490844K)
[164.629s][info][gc,metaspace   ] GC(431) Metaspace: 124940K(129728K)->124940K(129728K) NonClass: 107261K(107904K)->107261K(107904K) Class: 17679K(21824K)->17679K(21824K)
[164.629s][info][gc             ] GC(431) Pause Young (Allocation Failure) 2353M->1380M(3527M) 8.090ms
[164.629s][info][gc,cpu         ] GC(431) User=0.03s Sys=0.00s Real=0.02s
[164.696s][info][gc,start       ] GC(432) Pause Young (Allocation Failure)
[164.704s][info][gc,heap        ] GC(432) DefNew: 1002983K(1120896K)->6615K(1120896K) Eden: 996352K(996352K)->0K(996352K) From: 6631K(124544K)->6615K(124544K)
[164.704s][info][gc,heap        ] GC(432) Tenured: 1407164K(2490844K)->1407164K(2490844K)
[164.704s][info][gc,metaspace   ] GC(432) Metaspace: 124940K(129728K)->124940K(129728K) NonClass: 107261K(107904K)->107261K(107904K) Class: 17679K(21824K)->17679K(21824K)
[164.704s][info][gc             ] GC(432) Pause Young (Allocation Failure) 2353M->1380M(3527M) 8.069ms
[164.704s][info][gc,cpu         ] GC(432) User=0.00s Sys=0.00s Real=0.00s
[164.771s][info][gc,start       ] GC(433) Pause Young (Allocation Failure)
[164.779s][info][gc,heap        ] GC(433) DefNew: 1002967K(1120896K)->6629K(1120896K) Eden: 996352K(996352K)->0K(996352K) From: 6615K(124544K)->6629K(124544K)
[164.779s][info][gc,heap        ] GC(433) Tenured: 1407164K(2490844K)->1407164K(2490844K)
[164.779s][info][gc,metaspace   ] GC(433) Metaspace: 124940K(129728K)->124940K(129728K) NonClass: 107261K(107904K)->107261K(107904K) Class: 17679K(21824K)->17679K(21824K)
[164.779s][info][gc             ] GC(433) Pause Young (Allocation Failure) 2353M->1380M(3527M) 8.066ms
[164.779s][info][gc,cpu         ] GC(433) User=0.00s Sys=0.00s Real=0.00s
[164.847s][info][gc,start       ] GC(434) Pause Young (Allocation Failure)
[164.855s][info][gc,heap        ] GC(434) DefNew: 1002981K(1120896K)->6628K(1120896K) Eden: 996352K(996352K)->0K(996352K) From: 6629K(124544K)->6628K(124544K)
[164.855s][info][gc,heap        ] GC(434) Tenured: 1407164K(2490844K)->1407164K(2490844K)
[164.855s][info][gc,metaspace   ] GC(434) Metaspace: 124940K(129728K)->124940K(129728K) NonClass: 107261K(107904K)->107261K(107904K) Class: 17679K(21824K)->17679K(21824K)
[164.855s][info][gc             ] GC(434) Pause Young (Allocation Failure) 2353M->1380M(3527M) 8.041ms
[164.855s][info][gc,cpu         ] GC(434) User=0.00s Sys=0.00s Real=0.00s
[164.922s][info][gc,start       ] GC(435) Pause Young (Allocation Failure)
[164.930s][info][gc,heap        ] GC(435) DefNew: 1002980K(1120896K)->6602K(1120896K) Eden: 996352K(996352K)->0K(996352K) From: 6628K(124544K)->6602K(124544K)
[164.930s][info][gc,heap        ] GC(435) Tenured: 1407164K(2490844K)->1407164K(2490844K)
[164.930s][info][gc,metaspace   ] GC(435) Metaspace: 124940K(129728K)->124940K(129728K) NonClass: 107261K(107904K)->107261K(107904K) Class: 17679K(21824K)->17679K(21824K)
[164.930s][info][gc             ] GC(435) Pause Young (Allocation Failure) 2353M->1380M(3527M) 7.999ms
[164.930s][info][gc,cpu         ] GC(435) User=0.02s Sys=0.00s Real=0.02s
[164.997s][info][gc,start       ] GC(436) Pause Young (Allocation Failure)
[165.005s][info][gc,heap        ] GC(436) DefNew: 1002954K(1120896K)->6614K(1120896K) Eden: 996352K(996352K)->0K(996352K) From: 6602K(124544K)->6614K(124544K)
[165.005s][info][gc,heap        ] GC(436) Tenured: 1407164K(2490844K)->1407164K(2490844K)
[165.005s][info][gc,metaspace   ] GC(436) Metaspace: 124940K(129728K)->124940K(129728K) NonClass: 107261K(107904K)->107261K(107904K) Class: 17679K(21824K)->17679K(21824K)
[165.005s][info][gc             ] GC(436) Pause Young (Allocation Failure) 2353M->1380M(3527M) 8.027ms
[165.005s][info][gc,cpu         ] GC(436) User=0.02s Sys=0.00s Real=0.02s
[165.072s][info][gc,start       ] GC(437) Pause Young (Allocation Failure)
[165.080s][info][gc,heap        ] GC(437) DefNew: 1002966K(1120896K)->6613K(1120896K) Eden: 996352K(996352K)->0K(996352K) From: 6614K(124544K)->6613K(124544K)
[165.080s][info][gc,heap        ] GC(437) Tenured: 1407164K(2490844K)->1407164K(2490844K)
[165.080s][info][gc,metaspace   ] GC(437) Metaspace: 124940K(129728K)->124940K(129728K) NonClass: 107261K(107904K)->107261K(107904K) Class: 17679K(21824K)->17679K(21824K)
[165.080s][info][gc             ] GC(437) Pause Young (Allocation Failure) 2353M->1380M(3527M) 8.003ms
[165.080s][info][gc,cpu         ] GC(437) User=0.02s Sys=0.00s Real=0.02s
[165.147s][info][gc,start       ] GC(438) Pause Young (Allocation Failure)
[165.155s][info][gc,heap        ] GC(438) DefNew: 1002965K(1120896K)->6613K(1120896K) Eden: 996352K(996352K)->0K(996352K) From: 6613K(124544K)->6613K(124544K)
[165.155s][info][gc,heap        ] GC(438) Tenured: 1407164K(2490844K)->1407164K(2490844K)
[165.155s][info][gc,metaspace   ] GC(438) Metaspace: 124940K(129728K)->124940K(129728K) NonClass: 107261K(107904K)->107261K(107904K) Class: 17679K(21824K)->17679K(21824K)
[165.155s][info][gc             ] GC(438) Pause Young (Allocation Failure) 2353M->1380M(3527M) 8.004ms
[165.156s][info][gc,cpu         ] GC(438) User=0.00s Sys=0.00s Real=0.00s
[165.223s][info][gc,start       ] GC(439) Pause Young (Allocation Failure)
[165.231s][info][gc,heap        ] GC(439) DefNew: 1002965K(1120896K)->6651K(1120896K) Eden: 996352K(996352K)->0K(996352K) From: 6613K(124544K)->6651K(124544K)
[165.231s][info][gc,heap        ] GC(439) Tenured: 1407164K(2490844K)->1407164K(2490844K)
[165.231s][info][gc,metaspace   ] GC(439) Metaspace: 124940K(129728K)->124940K(129728K) NonClass: 107261K(107904K)->107261K(107904K) Class: 17679K(21824K)->17679K(21824K)
[165.231s][info][gc             ] GC(439) Pause Young (Allocation Failure) 2353M->1380M(3527M) 8.063ms
[165.231s][info][gc,cpu         ] GC(439) User=0.02s Sys=0.00s Real=0.02s
[165.298s][info][gc,start       ] GC(440) Pause Young (Allocation Failure)
[165.307s][info][gc,heap        ] GC(440) DefNew: 1003003K(1120896K)->6737K(1120896K) Eden: 996352K(996352K)->0K(996352K) From: 6651K(124544K)->6737K(124544K)
[165.307s][info][gc,heap        ] GC(440) Tenured: 1407164K(2490844K)->1407164K(2490844K)
[165.307s][info][gc,metaspace   ] GC(440) Metaspace: 124940K(129728K)->124940K(129728K) NonClass: 107261K(107904K)->107261K(107904K) Class: 17679K(21824K)->17679K(21824K)
[165.307s][info][gc             ] GC(440) Pause Young (Allocation Failure) 2353M->1380M(3527M) 8.219ms
[165.307s][info][gc,cpu         ] GC(440) User=0.00s Sys=0.00s Real=0.00s
[165.374s][info][gc,start       ] GC(441) Pause Young (Allocation Failure)
[165.382s][info][gc,heap        ] GC(441) DefNew: 1003089K(1120896K)->6628K(1120896K) Eden: 996352K(996352K)->0K(996352K) From: 6737K(124544K)->6628K(124544K)
[165.382s][info][gc,heap        ] GC(441) Tenured: 1407164K(2490844K)->1407164K(2490844K)
[165.382s][info][gc,metaspace   ] GC(441) Metaspace: 124940K(129728K)->124940K(129728K) NonClass: 107261K(107904K)->107261K(107904K) Class: 17679K(21824K)->17679K(21824K)
[165.382s][info][gc             ] GC(441) Pause Young (Allocation Failure) 2353M->1380M(3527M) 8.322ms
[165.382s][info][gc,cpu         ] GC(441) User=0.02s Sys=0.00s Real=0.02s
[165.450s][info][gc,start       ] GC(442) Pause Young (Allocation Failure)
[165.460s][info][gc,heap        ] GC(442) DefNew: 1002980K(1120896K)->595K(1120896K) Eden: 996352K(996352K)->0K(996352K) From: 6628K(124544K)->595K(124544K)
[165.460s][info][gc,heap        ] GC(442) Tenured: 1407164K(2490844K)->1413470K(2490844K)
[165.460s][info][gc,metaspace   ] GC(442) Metaspace: 124940K(129728K)->124940K(129728K) NonClass: 107261K(107904K)->107261K(107904K) Class: 17679K(21824K)->17679K(21824K)
[165.460s][info][gc             ] GC(442) Pause Young (Allocation Failure) 2353M->1380M(3527M) 9.952ms
[165.460s][info][gc,cpu         ] GC(442) User=0.00s Sys=0.00s Real=0.00s
[166.062s][info][gc,start       ] GC(443) Pause Full (System.gc())
[166.063s][info][gc,phases,start] GC(443) Phase 1: Mark live objects
[166.133s][info][gc,phases      ] GC(443) Phase 1: Mark live objects 70.249ms
[166.133s][info][gc,phases,start] GC(443) Phase 2: Compute new object addresses
[166.248s][info][gc,phases      ] GC(443) Phase 2: Compute new object addresses 115.305ms
[166.248s][info][gc,phases,start] GC(443) Phase 3: Adjust pointers
[166.283s][info][gc,phases      ] GC(443) Phase 3: Adjust pointers 34.312ms
[166.283s][info][gc,phases,start] GC(443) Phase 4: Move objects
[166.283s][info][gc,phases      ] GC(443) Phase 4: Move objects 0.102ms
[166.284s][info][gc,heap        ] GC(443) DefNew: 429585K(1120896K)->0K(1120896K) Eden: 428989K(996352K)->0K(996352K) From: 595K(124544K)->0K(124544K)
[166.284s][info][gc,heap        ] GC(443) Tenured: 1413470K(2490844K)->1413663K(2490844K)
[166.284s][info][gc,metaspace   ] GC(443) Metaspace: 124961K(129792K)->124961K(129792K) NonClass: 107281K(107968K)->107281K(107968K) Class: 17679K(21824K)->17679K(21824K)
[166.284s][info][gc             ] GC(443) Pause Full (System.gc()) 1799M->1380M(3527M) 221.370ms
[166.284s][info][gc,cpu         ] GC(443) User=0.23s Sys=0.00s Real=0.23s
[166.421s][info][gc,start       ] GC(444) Pause Young (Allocation Failure)
[166.433s][info][gc,heap        ] GC(444) DefNew: 996352K(1120896K)->6620K(1120896K) Eden: 996352K(996352K)->0K(996352K) From: 0K(124544K)->6620K(124544K)
[166.433s][info][gc,heap        ] GC(444) Tenured: 1413663K(2490844K)->1413663K(2490844K)
[166.433s][info][gc,metaspace   ] GC(444) Metaspace: 124989K(129792K)->124989K(129792K) NonClass: 107309K(107968K)->107309K(107968K) Class: 17679K(21824K)->17679K(21824K)
[166.433s][info][gc             ] GC(444) Pause Young (Allocation Failure) 2353M->1386M(3527M) 12.672ms
[166.433s][info][gc,cpu         ] GC(444) User=0.00s Sys=0.00s Real=0.00s
[166.501s][info][gc,start       ] GC(445) Pause Young (Allocation Failure)
[166.509s][info][gc,heap        ] GC(445) DefNew: 1002972K(1120896K)->6681K(1120896K) Eden: 996352K(996352K)->0K(996352K) From: 6620K(124544K)->6681K(124544K)
[166.509s][info][gc,heap        ] GC(445) Tenured: 1413663K(2490844K)->1413663K(2490844K)
[166.509s][info][gc,metaspace   ] GC(445) Metaspace: 124989K(129792K)->124989K(129792K) NonClass: 107309K(107968K)->107309K(107968K) Class: 17679K(21824K)->17679K(21824K)
[166.510s][info][gc             ] GC(445) Pause Young (Allocation Failure) 2359M->1387M(3527M) 8.213ms
[166.510s][info][gc,cpu         ] GC(445) User=0.00s Sys=0.00s Real=0.00s
[166.578s][info][gc,start       ] GC(446) Pause Young (Allocation Failure)
[166.586s][info][gc,heap        ] GC(446) DefNew: 1003033K(1120896K)->6689K(1120896K) Eden: 996352K(996352K)->0K(996352K) From: 6681K(124544K)->6689K(124544K)
[166.586s][info][gc,heap        ] GC(446) Tenured: 1413663K(2490844K)->1413663K(2490844K)
[166.586s][info][gc,metaspace   ] GC(446) Metaspace: 124989K(129792K)->124989K(129792K) NonClass: 107309K(107968K)->107309K(107968K) Class: 17679K(21824K)->17679K(21824K)
[166.586s][info][gc             ] GC(446) Pause Young (Allocation Failure) 2360M->1387M(3527M) 8.152ms
[166.586s][info][gc,cpu         ] GC(446) User=0.00s Sys=0.00s Real=0.00s
[166.654s][info][gc,start       ] GC(447) Pause Young (Allocation Failure)
[166.662s][info][gc,heap        ] GC(447) DefNew: 1003041K(1120896K)->6683K(1120896K) Eden: 996352K(996352K)->0K(996352K) From: 6689K(124544K)->6683K(124544K)
[166.662s][info][gc,heap        ] GC(447) Tenured: 1413663K(2490844K)->1413663K(2490844K)
[166.662s][info][gc,metaspace   ] GC(447) Metaspace: 124989K(129792K)->124989K(129792K) NonClass: 107309K(107968K)->107309K(107968K) Class: 17679K(21824K)->17679K(21824K)
[166.662s][info][gc             ] GC(447) Pause Young (Allocation Failure) 2360M->1387M(3527M) 8.159ms
[166.662s][info][gc,cpu         ] GC(447) User=0.00s Sys=0.00s Real=0.00s
[166.729s][info][gc,start       ] GC(448) Pause Young (Allocation Failure)
[166.737s][info][gc,heap        ] GC(448) DefNew: 1003035K(1120896K)->6700K(1120896K) Eden: 996352K(996352K)->0K(996352K) From: 6683K(124544K)->6700K(124544K)
[166.737s][info][gc,heap        ] GC(448) Tenured: 1413663K(2490844K)->1413663K(2490844K)
[166.737s][info][gc,metaspace   ] GC(448) Metaspace: 124989K(129792K)->124989K(129792K) NonClass: 107309K(107968K)->107309K(107968K) Class: 17679K(21824K)->17679K(21824K)
[166.738s][info][gc             ] GC(448) Pause Young (Allocation Failure) 2360M->1387M(3527M) 8.144ms
[166.738s][info][gc,cpu         ] GC(448) User=0.00s Sys=0.00s Real=0.00s
[166.805s][info][gc,start       ] GC(449) Pause Young (Allocation Failure)
[166.813s][info][gc,heap        ] GC(449) DefNew: 1003052K(1120896K)->6696K(1120896K) Eden: 996352K(996352K)->0K(996352K) From: 6700K(124544K)->6696K(124544K)
[166.813s][info][gc,heap        ] GC(449) Tenured: 1413663K(2490844K)->1413663K(2490844K)
[166.813s][info][gc,metaspace   ] GC(449) Metaspace: 124989K(129792K)->124989K(129792K) NonClass: 107309K(107968K)->107309K(107968K) Class: 17679K(21824K)->17679K(21824K)
[166.813s][info][gc             ] GC(449) Pause Young (Allocation Failure) 2360M->1387M(3527M) 8.075ms
[166.813s][info][gc,cpu         ] GC(449) User=0.00s Sys=0.00s Real=0.00s
[166.881s][info][gc,start       ] GC(450) Pause Young (Allocation Failure)
[166.889s][info][gc,heap        ] GC(450) DefNew: 1003048K(1120896K)->6700K(1120896K) Eden: 996352K(996352K)->0K(996352K) From: 6696K(124544K)->6700K(124544K)
[166.889s][info][gc,heap        ] GC(450) Tenured: 1413663K(2490844K)->1413663K(2490844K)
[166.889s][info][gc,metaspace   ] GC(450) Metaspace: 124989K(129792K)->124989K(129792K) NonClass: 107309K(107968K)->107309K(107968K) Class: 17679K(21824K)->17679K(21824K)
[166.889s][info][gc             ] GC(450) Pause Young (Allocation Failure) 2360M->1387M(3527M) 8.275ms
[166.889s][info][gc,cpu         ] GC(450) User=0.00s Sys=0.00s Real=0.00s
[166.957s][info][gc,start       ] GC(451) Pause Young (Allocation Failure)
[166.965s][info][gc,heap        ] GC(451) DefNew: 1003052K(1120896K)->6703K(1120896K) Eden: 996352K(996352K)->0K(996352K) From: 6700K(124544K)->6703K(124544K)
[166.965s][info][gc,heap        ] GC(451) Tenured: 1413663K(2490844K)->1413663K(2490844K)
[166.965s][info][gc,metaspace   ] GC(451) Metaspace: 124989K(129792K)->124989K(129792K) NonClass: 107309K(107968K)->107309K(107968K) Class: 17679K(21824K)->17679K(21824K)
[166.965s][info][gc             ] GC(451) Pause Young (Allocation Failure) 2360M->1387M(3527M) 8.710ms
[166.966s][info][gc,cpu         ] GC(451) User=0.00s Sys=0.00s Real=0.00s
[167.032s][info][gc,start       ] GC(452) Pause Young (Allocation Failure)
[167.040s][info][gc,heap        ] GC(452) DefNew: 1003055K(1120896K)->6712K(1120896K) Eden: 996352K(996352K)->0K(996352K) From: 6703K(124544K)->6712K(124544K)
[167.040s][info][gc,heap        ] GC(452) Tenured: 1413663K(2490844K)->1413663K(2490844K)
[167.040s][info][gc,metaspace   ] GC(452) Metaspace: 124989K(129792K)->124989K(129792K) NonClass: 107309K(107968K)->107309K(107968K) Class: 17679K(21824K)->17679K(21824K)
[167.040s][info][gc             ] GC(452) Pause Young (Allocation Failure) 2360M->1387M(3527M) 8.027ms
[167.040s][info][gc,cpu         ] GC(452) User=0.00s Sys=0.00s Real=0.00s
[167.108s][info][gc,start       ] GC(453) Pause Young (Allocation Failure)
[167.116s][info][gc,heap        ] GC(453) DefNew: 1003064K(1120896K)->6680K(1120896K) Eden: 996352K(996352K)->0K(996352K) From: 6712K(124544K)->6680K(124544K)
[167.116s][info][gc,heap        ] GC(453) Tenured: 1413663K(2490844K)->1413663K(2490844K)
[167.116s][info][gc,metaspace   ] GC(453) Metaspace: 124989K(129792K)->124989K(129792K) NonClass: 107309K(107968K)->107309K(107968K) Class: 17679K(21824K)->17679K(21824K)
[167.116s][info][gc             ] GC(453) Pause Young (Allocation Failure) 2360M->1387M(3527M) 8.094ms
[167.116s][info][gc,cpu         ] GC(453) User=0.00s Sys=0.00s Real=0.00s
[167.183s][info][gc,start       ] GC(454) Pause Young (Allocation Failure)
[167.191s][info][gc,heap        ] GC(454) DefNew: 1003032K(1120896K)->6685K(1120896K) Eden: 996352K(996352K)->0K(996352K) From: 6680K(124544K)->6685K(124544K)
[167.191s][info][gc,heap        ] GC(454) Tenured: 1413663K(2490844K)->1413663K(2490844K)
[167.191s][info][gc,metaspace   ] GC(454) Metaspace: 124989K(129792K)->124989K(129792K) NonClass: 107309K(107968K)->107309K(107968K) Class: 17679K(21824K)->17679K(21824K)
[167.191s][info][gc             ] GC(454) Pause Young (Allocation Failure) 2360M->1387M(3527M) 8.131ms
[167.191s][info][gc,cpu         ] GC(454) User=0.00s Sys=0.00s Real=0.00s
[167.259s][info][gc,start       ] GC(455) Pause Young (Allocation Failure)
[167.267s][info][gc,heap        ] GC(455) DefNew: 1003037K(1120896K)->6688K(1120896K) Eden: 996352K(996352K)->0K(996352K) From: 6685K(124544K)->6688K(124544K)
[167.267s][info][gc,heap        ] GC(455) Tenured: 1413663K(2490844K)->1413663K(2490844K)
[167.267s][info][gc,metaspace   ] GC(455) Metaspace: 124989K(129792K)->124989K(129792K) NonClass: 107309K(107968K)->107309K(107968K) Class: 17679K(21824K)->17679K(21824K)
[167.267s][info][gc             ] GC(455) Pause Young (Allocation Failure) 2360M->1387M(3527M) 8.199ms
[167.267s][info][gc,cpu         ] GC(455) User=0.02s Sys=0.00s Real=0.02s
[167.334s][info][gc,start       ] GC(456) Pause Young (Allocation Failure)
[167.342s][info][gc,heap        ] GC(456) DefNew: 1003040K(1120896K)->6804K(1120896K) Eden: 996352K(996352K)->0K(996352K) From: 6688K(124544K)->6804K(124544K)
[167.342s][info][gc,heap        ] GC(456) Tenured: 1413663K(2490844K)->1413663K(2490844K)
[167.342s][info][gc,metaspace   ] GC(456) Metaspace: 124989K(129792K)->124989K(129792K) NonClass: 107309K(107968K)->107309K(107968K) Class: 17679K(21824K)->17679K(21824K)
[167.343s][info][gc             ] GC(456) Pause Young (Allocation Failure) 2360M->1387M(3527M) 8.402ms
[167.343s][info][gc,cpu         ] GC(456) User=0.02s Sys=0.00s Real=0.01s
[167.410s][info][gc,start       ] GC(457) Pause Young (Allocation Failure)
[167.418s][info][gc,heap        ] GC(457) DefNew: 1003156K(1120896K)->6781K(1120896K) Eden: 996352K(996352K)->0K(996352K) From: 6804K(124544K)->6781K(124544K)
[167.418s][info][gc,heap        ] GC(457) Tenured: 1413663K(2490844K)->1413663K(2490844K)
[167.418s][info][gc,metaspace   ] GC(457) Metaspace: 124989K(129792K)->124989K(129792K) NonClass: 107309K(107968K)->107309K(107968K) Class: 17679K(21824K)->17679K(21824K)
[167.418s][info][gc             ] GC(457) Pause Young (Allocation Failure) 2360M->1387M(3527M) 8.261ms
[167.418s][info][gc,cpu         ] GC(457) User=0.02s Sys=0.00s Real=0.02s
[167.485s][info][gc,start       ] GC(458) Pause Young (Allocation Failure)
[167.495s][info][gc,heap        ] GC(458) DefNew: 1003133K(1120896K)->6719K(1120896K) Eden: 996352K(996352K)->0K(996352K) From: 6781K(124544K)->6719K(124544K)
[167.495s][info][gc,heap        ] GC(458) Tenured: 1413663K(2490844K)->1413663K(2490844K)
[167.495s][info][gc,metaspace   ] GC(458) Metaspace: 124989K(129792K)->124989K(129792K) NonClass: 107309K(107968K)->107309K(107968K) Class: 17679K(21824K)->17679K(21824K)
[167.495s][info][gc             ] GC(458) Pause Young (Allocation Failure) 2360M->1387M(3527M) 9.922ms
[167.495s][info][gc,cpu         ] GC(458) User=0.02s Sys=0.00s Real=0.02s
[167.564s][info][gc,start       ] GC(459) Pause Young (Allocation Failure)
[167.575s][info][gc,heap        ] GC(459) DefNew: 1003071K(1120896K)->642K(1120896K) Eden: 996352K(996352K)->0K(996352K) From: 6719K(124544K)->642K(124544K)
[167.575s][info][gc,heap        ] GC(459) Tenured: 1413663K(2490844K)->1420038K(2490844K)
[167.575s][info][gc,metaspace   ] GC(459) Metaspace: 124989K(129792K)->124989K(129792K) NonClass: 107309K(107968K)->107309K(107968K) Class: 17679K(21824K)->17679K(21824K)
[167.575s][info][gc             ] GC(459) Pause Young (Allocation Failure) 2360M->1387M(3527M) 11.389ms
[167.575s][info][gc,cpu         ] GC(459) User=0.02s Sys=0.00s Real=0.02s
[168.171s][info][gc,start       ] GC(460) Pause Full (System.gc())
[168.171s][info][gc,phases,start] GC(460) Phase 1: Mark live objects
[168.241s][info][gc,phases      ] GC(460) Phase 1: Mark live objects 69.221ms
[168.241s][info][gc,phases,start] GC(460) Phase 2: Compute new object addresses
[168.355s][info][gc,phases      ] GC(460) Phase 2: Compute new object addresses 114.504ms
[168.355s][info][gc,phases,start] GC(460) Phase 3: Adjust pointers
[168.390s][info][gc,phases      ] GC(460) Phase 3: Adjust pointers 34.427ms
[168.390s][info][gc,phases,start] GC(460) Phase 4: Move objects
[168.390s][info][gc,phases      ] GC(460) Phase 4: Move objects 0.097ms
[168.391s][info][gc,heap        ] GC(460) DefNew: 425649K(1120896K)->0K(1120896K) Eden: 425006K(996352K)->0K(996352K) From: 642K(124544K)->0K(124544K)
[168.391s][info][gc,heap        ] GC(460) Tenured: 1420038K(2490844K)->1420229K(2490844K)
[168.661s][info][gc,metaspace   ] GC(460) Metaspace: 124993K(129792K)->124993K(129792K) NonClass: 107314K(107968K)->107314K(107968K) Class: 17679K(21824K)->17679K(21824K)
[168.661s][info][gc             ] GC(460) Pause Full (System.gc()) 1802M->1386M(3527M) 490.232ms
[168.661s][info][gc,cpu         ] GC(460) User=0.22s Sys=0.00s Real=0.49s
[168.803s][info][gc,start       ] GC(461) Pause Young (Allocation Failure)
[168.815s][info][gc,heap        ] GC(461) DefNew: 996352K(1120896K)->6608K(1120896K) Eden: 996352K(996352K)->0K(996352K) From: 0K(124544K)->6608K(124544K)
[168.815s][info][gc,heap        ] GC(461) Tenured: 1420229K(2490844K)->1420229K(2490844K)
[168.815s][info][gc,metaspace   ] GC(461) Metaspace: 125118K(129920K)->125118K(129920K) NonClass: 107438K(108096K)->107438K(108096K) Class: 17680K(21824K)->17680K(21824K)
[168.815s][info][gc             ] GC(461) Pause Young (Allocation Failure) 2359M->1393M(3527M) 12.332ms
[168.815s][info][gc,cpu         ] GC(461) User=0.00s Sys=0.00s Real=0.00s
[168.883s][info][gc,start       ] GC(462) Pause Young (Allocation Failure)
[168.891s][info][gc,heap        ] GC(462) DefNew: 1002960K(1120896K)->6619K(1120896K) Eden: 996352K(996352K)->0K(996352K) From: 6608K(124544K)->6619K(124544K)
[168.891s][info][gc,heap        ] GC(462) Tenured: 1420229K(2490844K)->1420229K(2490844K)
[168.891s][info][gc,metaspace   ] GC(462) Metaspace: 125118K(129920K)->125118K(129920K) NonClass: 107438K(108096K)->107438K(108096K) Class: 17680K(21824K)->17680K(21824K)
[168.891s][info][gc             ] GC(462) Pause Young (Allocation Failure) 2366M->1393M(3527M) 7.998ms
[168.891s][info][gc,cpu         ] GC(462) User=0.00s Sys=0.00s Real=0.00s
[168.959s][info][gc,start       ] GC(463) Pause Young (Allocation Failure)
[168.967s][info][gc,heap        ] GC(463) DefNew: 1002971K(1120896K)->6625K(1120896K) Eden: 996352K(996352K)->0K(996352K) From: 6619K(124544K)->6625K(124544K)
[168.967s][info][gc,heap        ] GC(463) Tenured: 1420229K(2490844K)->1420229K(2490844K)
[168.967s][info][gc,metaspace   ] GC(463) Metaspace: 125118K(129920K)->125118K(129920K) NonClass: 107438K(108096K)->107438K(108096K) Class: 17680K(21824K)->17680K(21824K)
[168.967s][info][gc             ] GC(463) Pause Young (Allocation Failure) 2366M->1393M(3527M) 8.064ms
[168.967s][info][gc,cpu         ] GC(463) User=0.00s Sys=0.00s Real=0.00s
[169.034s][info][gc,start       ] GC(464) Pause Young (Allocation Failure)
[169.042s][info][gc,heap        ] GC(464) DefNew: 1002977K(1120896K)->6629K(1120896K) Eden: 996352K(996352K)->0K(996352K) From: 6625K(124544K)->6629K(124544K)
[169.042s][info][gc,heap        ] GC(464) Tenured: 1420229K(2490844K)->1420229K(2490844K)
[169.042s][info][gc,metaspace   ] GC(464) Metaspace: 125118K(129920K)->125118K(129920K) NonClass: 107438K(108096K)->107438K(108096K) Class: 17680K(21824K)->17680K(21824K)
[169.042s][info][gc             ] GC(464) Pause Young (Allocation Failure) 2366M->1393M(3527M) 8.005ms
[169.042s][info][gc,cpu         ] GC(464) User=0.02s Sys=0.00s Real=0.02s
[169.110s][info][gc,start       ] GC(465) Pause Young (Allocation Failure)
[169.118s][info][gc,heap        ] GC(465) DefNew: 1002981K(1120896K)->6611K(1120896K) Eden: 996352K(996352K)->0K(996352K) From: 6629K(124544K)->6611K(124544K)
[169.118s][info][gc,heap        ] GC(465) Tenured: 1420229K(2490844K)->1420229K(2490844K)
[169.118s][info][gc,metaspace   ] GC(465) Metaspace: 125118K(129920K)->125118K(129920K) NonClass: 107438K(108096K)->107438K(108096K) Class: 17680K(21824K)->17680K(21824K)
[169.118s][info][gc             ] GC(465) Pause Young (Allocation Failure) 2366M->1393M(3527M) 8.016ms
[169.118s][info][gc,cpu         ] GC(465) User=0.00s Sys=0.00s Real=0.00s
[169.186s][info][gc,start       ] GC(466) Pause Young (Allocation Failure)
[169.194s][info][gc,heap        ] GC(466) DefNew: 1002963K(1120896K)->6623K(1120896K) Eden: 996352K(996352K)->0K(996352K) From: 6611K(124544K)->6623K(124544K)
[169.194s][info][gc,heap        ] GC(466) Tenured: 1420229K(2490844K)->1420229K(2490844K)
[169.194s][info][gc,metaspace   ] GC(466) Metaspace: 125118K(129920K)->125118K(129920K) NonClass: 107438K(108096K)->107438K(108096K) Class: 17680K(21824K)->17680K(21824K)
[169.194s][info][gc             ] GC(466) Pause Young (Allocation Failure) 2366M->1393M(3527M) 7.988ms
[169.194s][info][gc,cpu         ] GC(466) User=0.00s Sys=0.00s Real=0.00s
[169.261s][info][gc,start       ] GC(467) Pause Young (Allocation Failure)
[169.269s][info][gc,heap        ] GC(467) DefNew: 1002975K(1120896K)->6601K(1120896K) Eden: 996352K(996352K)->0K(996352K) From: 6623K(124544K)->6601K(124544K)
[169.269s][info][gc,heap        ] GC(467) Tenured: 1420229K(2490844K)->1420229K(2490844K)
[169.269s][info][gc,metaspace   ] GC(467) Metaspace: 125118K(129920K)->125118K(129920K) NonClass: 107438K(108096K)->107438K(108096K) Class: 17680K(21824K)->17680K(21824K)
[169.269s][info][gc             ] GC(467) Pause Young (Allocation Failure) 2366M->1393M(3527M) 8.012ms
[169.269s][info][gc,cpu         ] GC(467) User=0.00s Sys=0.00s Real=0.00s
[169.337s][info][gc,start       ] GC(468) Pause Young (Allocation Failure)
[169.344s][info][gc,heap        ] GC(468) DefNew: 1002953K(1120896K)->6612K(1120896K) Eden: 996352K(996352K)->0K(996352K) From: 6601K(124544K)->6612K(124544K)
[169.344s][info][gc,heap        ] GC(468) Tenured: 1420229K(2490844K)->1420229K(2490844K)
[169.345s][info][gc,metaspace   ] GC(468) Metaspace: 125118K(129920K)->125118K(129920K) NonClass: 107438K(108096K)->107438K(108096K) Class: 17680K(21824K)->17680K(21824K)
[169.345s][info][gc             ] GC(468) Pause Young (Allocation Failure) 2366M->1393M(3527M) 7.955ms
[169.345s][info][gc,cpu         ] GC(468) User=0.00s Sys=0.00s Real=0.00s
[169.412s][info][gc,start       ] GC(469) Pause Young (Allocation Failure)
[169.420s][info][gc,heap        ] GC(469) DefNew: 1002964K(1120896K)->6628K(1120896K) Eden: 996352K(996352K)->0K(996352K) From: 6612K(124544K)->6628K(124544K)
[169.420s][info][gc,heap        ] GC(469) Tenured: 1420229K(2490844K)->1420229K(2490844K)
[169.420s][info][gc,metaspace   ] GC(469) Metaspace: 125118K(129920K)->125118K(129920K) NonClass: 107438K(108096K)->107438K(108096K) Class: 17680K(21824K)->17680K(21824K)
[169.420s][info][gc             ] GC(469) Pause Young (Allocation Failure) 2366M->1393M(3527M) 8.002ms
[169.420s][info][gc,cpu         ] GC(469) User=0.00s Sys=0.00s Real=0.00s
[169.488s][info][gc,start       ] GC(470) Pause Young (Allocation Failure)
[169.495s][info][gc,heap        ] GC(470) DefNew: 1002980K(1120896K)->6594K(1120896K) Eden: 996352K(996352K)->0K(996352K) From: 6628K(124544K)->6594K(124544K)
[169.495s][info][gc,heap        ] GC(470) Tenured: 1420229K(2490844K)->1420229K(2490844K)
[169.495s][info][gc,metaspace   ] GC(470) Metaspace: 125118K(129920K)->125118K(129920K) NonClass: 107438K(108096K)->107438K(108096K) Class: 17680K(21824K)->17680K(21824K)
[169.496s][info][gc             ] GC(470) Pause Young (Allocation Failure) 2366M->1393M(3527M) 8.019ms
[169.496s][info][gc,cpu         ] GC(470) User=0.00s Sys=0.00s Real=0.00s
[169.563s][info][gc,start       ] GC(471) Pause Young (Allocation Failure)
[169.571s][info][gc,heap        ] GC(471) DefNew: 1002946K(1120896K)->6606K(1120896K) Eden: 996352K(996352K)->0K(996352K) From: 6594K(124544K)->6606K(124544K)
[169.571s][info][gc,heap        ] GC(471) Tenured: 1420229K(2490844K)->1420229K(2490844K)
[169.571s][info][gc,metaspace   ] GC(471) Metaspace: 125118K(129920K)->125118K(129920K) NonClass: 107438K(108096K)->107438K(108096K) Class: 17680K(21824K)->17680K(21824K)
[169.571s][info][gc             ] GC(471) Pause Young (Allocation Failure) 2366M->1393M(3527M) 7.974ms
[169.571s][info][gc,cpu         ] GC(471) User=0.02s Sys=0.00s Real=0.02s
[169.638s][info][gc,start       ] GC(472) Pause Young (Allocation Failure)
[169.646s][info][gc,heap        ] GC(472) DefNew: 1002958K(1120896K)->6628K(1120896K) Eden: 996352K(996352K)->0K(996352K) From: 6606K(124544K)->6628K(124544K)
[169.646s][info][gc,heap        ] GC(472) Tenured: 1420229K(2490844K)->1420229K(2490844K)
[169.646s][info][gc,metaspace   ] GC(472) Metaspace: 125118K(129920K)->125118K(129920K) NonClass: 107438K(108096K)->107438K(108096K) Class: 17680K(21824K)->17680K(21824K)
[169.646s][info][gc             ] GC(472) Pause Young (Allocation Failure) 2366M->1393M(3527M) 8.127ms
[169.646s][info][gc,cpu         ] GC(472) User=0.02s Sys=0.00s Real=0.02s
[169.714s][info][gc,start       ] GC(473) Pause Young (Allocation Failure)
[169.722s][info][gc,heap        ] GC(473) DefNew: 1002980K(1120896K)->6733K(1120896K) Eden: 996352K(996352K)->0K(996352K) From: 6628K(124544K)->6733K(124544K)
[169.722s][info][gc,heap        ] GC(473) Tenured: 1420229K(2490844K)->1420229K(2490844K)
[169.722s][info][gc,metaspace   ] GC(473) Metaspace: 125118K(129920K)->125118K(129920K) NonClass: 107438K(108096K)->107438K(108096K) Class: 17680K(21824K)->17680K(21824K)
[169.722s][info][gc             ] GC(473) Pause Young (Allocation Failure) 2366M->1393M(3527M) 8.304ms
[169.722s][info][gc,cpu         ] GC(473) User=0.00s Sys=0.00s Real=0.00s
[169.789s][info][gc,start       ] GC(474) Pause Young (Allocation Failure)
[169.797s][info][gc,heap        ] GC(474) DefNew: 1003085K(1120896K)->6710K(1120896K) Eden: 996352K(996352K)->0K(996352K) From: 6733K(124544K)->6710K(124544K)
[169.797s][info][gc,heap        ] GC(474) Tenured: 1420229K(2490844K)->1420229K(2490844K)
[169.797s][info][gc,metaspace   ] GC(474) Metaspace: 125118K(129920K)->125118K(129920K) NonClass: 107438K(108096K)->107438K(108096K) Class: 17680K(21824K)->17680K(21824K)
[169.797s][info][gc             ] GC(474) Pause Young (Allocation Failure) 2366M->1393M(3527M) 8.180ms
[169.797s][info][gc,cpu         ] GC(474) User=0.02s Sys=0.00s Real=0.02s
[169.864s][info][gc,start       ] GC(475) Pause Young (Allocation Failure)
[169.872s][info][gc,heap        ] GC(475) DefNew: 1003062K(1120896K)->6660K(1120896K) Eden: 996352K(996352K)->0K(996352K) From: 6710K(124544K)->6660K(124544K)
[169.872s][info][gc,heap        ] GC(475) Tenured: 1420229K(2490844K)->1420229K(2490844K)
[169.872s][info][gc,metaspace   ] GC(475) Metaspace: 125118K(129920K)->125118K(129920K) NonClass: 107438K(108096K)->107438K(108096K) Class: 17680K(21824K)->17680K(21824K)
[169.872s][info][gc             ] GC(475) Pause Young (Allocation Failure) 2366M->1393M(3527M) 8.159ms
[169.872s][info][gc,cpu         ] GC(475) User=0.00s Sys=0.00s Real=0.00s
[169.940s][info][gc,start       ] GC(476) Pause Young (Allocation Failure)
[169.951s][info][gc,heap        ] GC(476) DefNew: 1003012K(1120896K)->399K(1120896K) Eden: 996352K(996352K)->0K(996352K) From: 6660K(124544K)->399K(124544K)
[169.951s][info][gc,heap        ] GC(476) Tenured: 1420229K(2490844K)->1426616K(2490844K)
[169.951s][info][gc,metaspace   ] GC(476) Metaspace: 125118K(129920K)->125118K(129920K) NonClass: 107438K(108096K)->107438K(108096K) Class: 17680K(21824K)->17680K(21824K)
[169.951s][info][gc             ] GC(476) Pause Young (Allocation Failure) 2366M->1393M(3527M) 11.349ms
[169.951s][info][gc,cpu         ] GC(476) User=0.00s Sys=0.00s Real=0.00s
[170.566s][info][gc,start       ] GC(477) Pause Full (System.gc())
[170.566s][info][gc,phases,start] GC(477) Phase 1: Mark live objects
[170.639s][info][gc,phases      ] GC(477) Phase 1: Mark live objects 72.689ms
[170.639s][info][gc,phases,start] GC(477) Phase 2: Compute new object addresses
[170.754s][info][gc,phases      ] GC(477) Phase 2: Compute new object addresses 115.050ms
[170.754s][info][gc,phases,start] GC(477) Phase 3: Adjust pointers
[170.791s][info][gc,phases      ] GC(477) Phase 3: Adjust pointers 36.581ms
[170.791s][info][gc,phases,start] GC(477) Phase 4: Move objects
[171.044s][info][gc,phases      ] GC(477) Phase 4: Move objects 253.234ms
[171.045s][info][gc,heap        ] GC(477) DefNew: 421402K(1120896K)->0K(1120896K) Eden: 421003K(996352K)->0K(996352K) From: 399K(124544K)->0K(124544K)
[171.045s][info][gc,heap        ] GC(477) Tenured: 1426616K(2490844K)->1400832K(2490844K)
[171.045s][info][gc,metaspace   ] GC(477) Metaspace: 125121K(129920K)->125121K(129920K) NonClass: 107440K(108096K)->107440K(108096K) Class: 17681K(21824K)->17681K(21824K)
[171.045s][info][gc             ] GC(477) Pause Full (System.gc()) 1804M->1368M(3527M) 479.081ms
[171.045s][info][gc,cpu         ] GC(477) User=0.48s Sys=0.00s Real=0.48s
[171.168s][info][gc,start       ] GC(478) Pause Young (Allocation Failure)
[171.180s][info][gc,heap        ] GC(478) DefNew: 996352K(1120896K)->6576K(1120896K) Eden: 996352K(996352K)->0K(996352K) From: 0K(124544K)->6576K(124544K)
[171.180s][info][gc,heap        ] GC(478) Tenured: 1400832K(2490844K)->1400832K(2490844K)
[171.180s][info][gc,metaspace   ] GC(478) Metaspace: 125125K(129920K)->125125K(129920K) NonClass: 107444K(108096K)->107444K(108096K) Class: 17681K(21824K)->17681K(21824K)
[171.181s][info][gc             ] GC(478) Pause Young (Allocation Failure) 2341M->1374M(3527M) 12.400ms
[171.181s][info][gc,cpu         ] GC(478) User=0.00s Sys=0.00s Real=0.00s
[171.247s][info][gc,start       ] GC(479) Pause Young (Allocation Failure)
[171.255s][info][gc,heap        ] GC(479) DefNew: 1002928K(1120896K)->6605K(1120896K) Eden: 996352K(996352K)->0K(996352K) From: 6576K(124544K)->6605K(124544K)
[171.273s][info][gc,heap        ] GC(479) Tenured: 1400832K(2490844K)->1400832K(2490844K)
[171.273s][info][gc,metaspace   ] GC(479) Metaspace: 125125K(129920K)->125125K(129920K) NonClass: 107444K(108096K)->107444K(108096K) Class: 17681K(21824K)->17681K(21824K)
[171.273s][info][gc             ] GC(479) Pause Young (Allocation Failure) 2347M->1374M(3527M) 26.045ms
[171.273s][info][gc,cpu         ] GC(479) User=0.02s Sys=0.02s Real=0.03s
[171.340s][info][gc,start       ] GC(480) Pause Young (Allocation Failure)
[171.348s][info][gc,heap        ] GC(480) DefNew: 1002957K(1120896K)->6614K(1120896K) Eden: 996352K(996352K)->0K(996352K) From: 6605K(124544K)->6614K(124544K)
[171.348s][info][gc,heap        ] GC(480) Tenured: 1400832K(2490844K)->1400832K(2490844K)
[171.348s][info][gc,metaspace   ] GC(480) Metaspace: 125125K(129920K)->125125K(129920K) NonClass: 107444K(108096K)->107444K(108096K) Class: 17681K(21824K)->17681K(21824K)
[171.348s][info][gc             ] GC(480) Pause Young (Allocation Failure) 2347M->1374M(3527M) 7.974ms
[171.348s][info][gc,cpu         ] GC(480) User=0.02s Sys=0.00s Real=0.02s
[171.415s][info][gc,start       ] GC(481) Pause Young (Allocation Failure)
[171.422s][info][gc,heap        ] GC(481) DefNew: 1002966K(1120896K)->6628K(1120896K) Eden: 996352K(996352K)->0K(996352K) From: 6614K(124544K)->6628K(124544K)
[171.422s][info][gc,heap        ] GC(481) Tenured: 1400832K(2490844K)->1400832K(2490844K)
[171.422s][info][gc,metaspace   ] GC(481) Metaspace: 125125K(129920K)->125125K(129920K) NonClass: 107444K(108096K)->107444K(108096K) Class: 17681K(21824K)->17681K(21824K)
[171.423s][info][gc             ] GC(481) Pause Young (Allocation Failure) 2347M->1374M(3527M) 8.006ms
[171.423s][info][gc,cpu         ] GC(481) User=0.03s Sys=0.00s Real=0.02s
[171.489s][info][gc,start       ] GC(482) Pause Young (Allocation Failure)
[171.497s][info][gc,heap        ] GC(482) DefNew: 1002980K(1120896K)->6611K(1120896K) Eden: 996352K(996352K)->0K(996352K) From: 6628K(124544K)->6611K(124544K)
[171.497s][info][gc,heap        ] GC(482) Tenured: 1400832K(2490844K)->1400832K(2490844K)
[171.497s][info][gc,metaspace   ] GC(482) Metaspace: 125125K(129920K)->125125K(129920K) NonClass: 107444K(108096K)->107444K(108096K) Class: 17681K(21824K)->17681K(21824K)
[171.497s][info][gc             ] GC(482) Pause Young (Allocation Failure) 2347M->1374M(3527M) 8.002ms
[171.497s][info][gc,cpu         ] GC(482) User=0.00s Sys=0.00s Real=0.00s
[171.564s][info][gc,start       ] GC(483) Pause Young (Allocation Failure)
[171.571s][info][gc,heap        ] GC(483) DefNew: 1002963K(1120896K)->6600K(1120896K) Eden: 996352K(996352K)->0K(996352K) From: 6611K(124544K)->6600K(124544K)
[171.571s][info][gc,heap        ] GC(483) Tenured: 1400832K(2490844K)->1400832K(2490844K)
[171.571s][info][gc,metaspace   ] GC(483) Metaspace: 125125K(129920K)->125125K(129920K) NonClass: 107444K(108096K)->107444K(108096K) Class: 17681K(21824K)->17681K(21824K)
[171.572s][info][gc             ] GC(483) Pause Young (Allocation Failure) 2347M->1374M(3527M) 7.983ms
[171.572s][info][gc,cpu         ] GC(483) User=0.02s Sys=0.00s Real=0.01s
[171.638s][info][gc,start       ] GC(484) Pause Young (Allocation Failure)
[171.646s][info][gc,heap        ] GC(484) DefNew: 1002952K(1120896K)->6601K(1120896K) Eden: 996352K(996352K)->0K(996352K) From: 6600K(124544K)->6601K(124544K)
[171.646s][info][gc,heap        ] GC(484) Tenured: 1400832K(2490844K)->1400832K(2490844K)
[171.646s][info][gc,metaspace   ] GC(484) Metaspace: 125125K(129920K)->125125K(129920K) NonClass: 107444K(108096K)->107444K(108096K) Class: 17681K(21824K)->17681K(21824K)
[171.646s][info][gc             ] GC(484) Pause Young (Allocation Failure) 2347M->1374M(3527M) 8.076ms
[171.646s][info][gc,cpu         ] GC(484) User=0.02s Sys=0.00s Real=0.02s
[171.713s][info][gc,start       ] GC(485) Pause Young (Allocation Failure)
[171.721s][info][gc,heap        ] GC(485) DefNew: 1002953K(1120896K)->6606K(1120896K) Eden: 996352K(996352K)->0K(996352K) From: 6601K(124544K)->6606K(124544K)
[171.721s][info][gc,heap        ] GC(485) Tenured: 1400832K(2490844K)->1400832K(2490844K)
[171.721s][info][gc,metaspace   ] GC(485) Metaspace: 125125K(129920K)->125125K(129920K) NonClass: 107444K(108096K)->107444K(108096K) Class: 17681K(21824K)->17681K(21824K)
[171.721s][info][gc             ] GC(485) Pause Young (Allocation Failure) 2347M->1374M(3527M) 7.979ms
[171.721s][info][gc,cpu         ] GC(485) User=0.00s Sys=0.00s Real=0.00s
[171.787s][info][gc,start       ] GC(486) Pause Young (Allocation Failure)
[171.795s][info][gc,heap        ] GC(486) DefNew: 1002958K(1120896K)->6618K(1120896K) Eden: 996352K(996352K)->0K(996352K) From: 6606K(124544K)->6618K(124544K)
[171.795s][info][gc,heap        ] GC(486) Tenured: 1400832K(2490844K)->1400832K(2490844K)
[171.795s][info][gc,metaspace   ] GC(486) Metaspace: 125125K(129920K)->125125K(129920K) NonClass: 107444K(108096K)->107444K(108096K) Class: 17681K(21824K)->17681K(21824K)
[171.795s][info][gc             ] GC(486) Pause Young (Allocation Failure) 2347M->1374M(3527M) 8.013ms
[171.796s][info][gc,cpu         ] GC(486) User=0.02s Sys=0.00s Real=0.01s
[171.862s][info][gc,start       ] GC(487) Pause Young (Allocation Failure)
[171.870s][info][gc,heap        ] GC(487) DefNew: 1002970K(1120896K)->6607K(1120896K) Eden: 996352K(996352K)->0K(996352K) From: 6618K(124544K)->6607K(124544K)
[171.870s][info][gc,heap        ] GC(487) Tenured: 1400832K(2490844K)->1400832K(2490844K)
[171.870s][info][gc,metaspace   ] GC(487) Metaspace: 125125K(129920K)->125125K(129920K) NonClass: 107444K(108096K)->107444K(108096K) Class: 17681K(21824K)->17681K(21824K)
[171.870s][info][gc             ] GC(487) Pause Young (Allocation Failure) 2347M->1374M(3527M) 8.070ms
[171.870s][info][gc,cpu         ] GC(487) User=0.02s Sys=0.00s Real=0.02s
[171.936s][info][gc,start       ] GC(488) Pause Young (Allocation Failure)
[171.944s][info][gc,heap        ] GC(488) DefNew: 1002959K(1120896K)->6619K(1120896K) Eden: 996352K(996352K)->0K(996352K) From: 6607K(124544K)->6619K(124544K)
[171.944s][info][gc,heap        ] GC(488) Tenured: 1400832K(2490844K)->1400832K(2490844K)
[171.944s][info][gc,metaspace   ] GC(488) Metaspace: 125125K(129920K)->125125K(129920K) NonClass: 107444K(108096K)->107444K(108096K) Class: 17681K(21824K)->17681K(21824K)
[171.944s][info][gc             ] GC(488) Pause Young (Allocation Failure) 2347M->1374M(3527M) 7.939ms
[171.944s][info][gc,cpu         ] GC(488) User=0.02s Sys=0.00s Real=0.02s
[172.011s][info][gc,start       ] GC(489) Pause Young (Allocation Failure)
[172.020s][info][gc,heap        ] GC(489) DefNew: 1002971K(1120896K)->6614K(1120896K) Eden: 996352K(996352K)->0K(996352K) From: 6619K(124544K)->6614K(124544K)
[172.020s][info][gc,heap        ] GC(489) Tenured: 1400832K(2490844K)->1400832K(2490844K)
[172.020s][info][gc,metaspace   ] GC(489) Metaspace: 125125K(129920K)->125125K(129920K) NonClass: 107444K(108096K)->107444K(108096K) Class: 17681K(21824K)->17681K(21824K)
[172.020s][info][gc             ] GC(489) Pause Young (Allocation Failure) 2347M->1374M(3527M) 9.352ms
[172.020s][info][gc,cpu         ] GC(489) User=0.00s Sys=0.00s Real=0.00s
[172.087s][info][gc,start       ] GC(490) Pause Young (Allocation Failure)
[172.095s][info][gc,heap        ] GC(490) DefNew: 1002966K(1120896K)->6721K(1120896K) Eden: 996352K(996352K)->0K(996352K) From: 6614K(124544K)->6721K(124544K)
[172.095s][info][gc,heap        ] GC(490) Tenured: 1400832K(2490844K)->1400832K(2490844K)
[172.095s][info][gc,metaspace   ] GC(490) Metaspace: 125125K(129920K)->125125K(129920K) NonClass: 107444K(108096K)->107444K(108096K) Class: 17681K(21824K)->17681K(21824K)
[172.095s][info][gc             ] GC(490) Pause Young (Allocation Failure) 2347M->1374M(3527M) 8.224ms
[172.095s][info][gc,cpu         ] GC(490) User=0.02s Sys=0.00s Real=0.02s
[172.162s][info][gc,start       ] GC(491) Pause Young (Allocation Failure)
[172.169s][info][gc,heap        ] GC(491) DefNew: 1003073K(1120896K)->6707K(1120896K) Eden: 996352K(996352K)->0K(996352K) From: 6721K(124544K)->6707K(124544K)
[172.170s][info][gc,heap        ] GC(491) Tenured: 1400832K(2490844K)->1400832K(2490844K)
[172.170s][info][gc,metaspace   ] GC(491) Metaspace: 125125K(129920K)->125125K(129920K) NonClass: 107444K(108096K)->107444K(108096K) Class: 17681K(21824K)->17681K(21824K)
[172.170s][info][gc             ] GC(491) Pause Young (Allocation Failure) 2347M->1374M(3527M) 8.055ms
[172.170s][info][gc,cpu         ] GC(491) User=0.00s Sys=0.00s Real=0.00s
[172.236s][info][gc,start       ] GC(492) Pause Young (Allocation Failure)
[172.244s][info][gc,heap        ] GC(492) DefNew: 1003059K(1120896K)->6692K(1120896K) Eden: 996352K(996352K)->0K(996352K) From: 6707K(124544K)->6692K(124544K)
[172.244s][info][gc,heap        ] GC(492) Tenured: 1400832K(2490844K)->1400832K(2490844K)
[172.244s][info][gc,metaspace   ] GC(492) Metaspace: 125125K(129920K)->125125K(129920K) NonClass: 107444K(108096K)->107444K(108096K) Class: 17681K(21824K)->17681K(21824K)
[172.244s][info][gc             ] GC(492) Pause Young (Allocation Failure) 2347M->1374M(3527M) 8.235ms
[172.244s][info][gc,cpu         ] GC(492) User=0.02s Sys=0.00s Real=0.02s
[172.312s][info][gc,start       ] GC(493) Pause Young (Allocation Failure)
[172.323s][info][gc,heap        ] GC(493) DefNew: 1003044K(1120896K)->989K(1120896K) Eden: 996352K(996352K)->0K(996352K) From: 6692K(124544K)->989K(124544K)
[172.323s][info][gc,heap        ] GC(493) Tenured: 1400832K(2490844K)->1407153K(2490844K)
[172.323s][info][gc,metaspace   ] GC(493) Metaspace: 125125K(129920K)->125125K(129920K) NonClass: 107444K(108096K)->107444K(108096K) Class: 17681K(21824K)->17681K(21824K)
[172.323s][info][gc             ] GC(493) Pause Young (Allocation Failure) 2347M->1375M(3527M) 10.573ms
[172.323s][info][gc,cpu         ] GC(493) User=0.00s Sys=0.00s Real=0.00s
[172.974s][info][gc,start       ] GC(494) Pause Full (System.gc())
[172.975s][info][gc,phases,start] GC(494) Phase 1: Mark live objects
[173.042s][info][gc,phases      ] GC(494) Phase 1: Mark live objects 67.861ms
[173.043s][info][gc,phases,start] GC(494) Phase 2: Compute new object addresses
[173.157s][info][gc,phases      ] GC(494) Phase 2: Compute new object addresses 114.449ms
[173.157s][info][gc,phases,start] GC(494) Phase 3: Adjust pointers
[173.192s][info][gc,phases      ] GC(494) Phase 3: Adjust pointers 34.728ms
[173.192s][info][gc,phases,start] GC(494) Phase 4: Move objects
[173.192s][info][gc,phases      ] GC(494) Phase 4: Move objects 0.096ms
[173.193s][info][gc,heap        ] GC(494) DefNew: 427632K(1120896K)->0K(1120896K) Eden: 426643K(996352K)->0K(996352K) From: 989K(124544K)->0K(124544K)
[173.193s][info][gc,heap        ] GC(494) Tenured: 1407153K(2490844K)->1407343K(2490844K)
[173.193s][info][gc,metaspace   ] GC(494) Metaspace: 125132K(129984K)->125132K(129984K) NonClass: 107451K(108160K)->107451K(108160K) Class: 17681K(21824K)->17681K(21824K)
[173.193s][info][gc             ] GC(494) Pause Full (System.gc()) 1791M->1374M(3527M) 218.502ms
[173.193s][info][gc,cpu         ] GC(494) User=0.22s Sys=0.00s Real=0.22s
[173.328s][info][gc,start       ] GC(495) Pause Young (Allocation Failure)
[173.340s][info][gc,heap        ] GC(495) DefNew: 996352K(1120896K)->6601K(1120896K) Eden: 996352K(996352K)->0K(996352K) From: 0K(124544K)->6601K(124544K)
[173.340s][info][gc,heap        ] GC(495) Tenured: 1407343K(2490844K)->1407343K(2490844K)
[173.340s][info][gc,metaspace   ] GC(495) Metaspace: 125380K(130240K)->125380K(130240K) NonClass: 107698K(108416K)->107698K(108416K) Class: 17681K(21824K)->17681K(21824K)
[173.340s][info][gc             ] GC(495) Pause Young (Allocation Failure) 2347M->1380M(3527M) 12.608ms
[173.340s][info][gc,cpu         ] GC(495) User=0.03s Sys=0.00s Real=0.02s
[173.408s][info][gc,start       ] GC(496) Pause Young (Allocation Failure)
[173.416s][info][gc,heap        ] GC(496) DefNew: 1002953K(1120896K)->6610K(1120896K) Eden: 996352K(996352K)->0K(996352K) From: 6601K(124544K)->6610K(124544K)
[173.416s][info][gc,heap        ] GC(496) Tenured: 1407343K(2490844K)->1407343K(2490844K)
[173.416s][info][gc,metaspace   ] GC(496) Metaspace: 125380K(130240K)->125380K(130240K) NonClass: 107698K(108416K)->107698K(108416K) Class: 17681K(21824K)->17681K(21824K)
[173.416s][info][gc             ] GC(496) Pause Young (Allocation Failure) 2353M->1380M(3527M) 8.320ms
[173.416s][info][gc,cpu         ] GC(496) User=0.00s Sys=0.00s Real=0.00s
[173.484s][info][gc,start       ] GC(497) Pause Young (Allocation Failure)
[173.492s][info][gc,heap        ] GC(497) DefNew: 1002962K(1120896K)->6629K(1120896K) Eden: 996352K(996352K)->0K(996352K) From: 6610K(124544K)->6629K(124544K)
[173.492s][info][gc,heap        ] GC(497) Tenured: 1407343K(2490844K)->1407343K(2490844K)
[173.492s][info][gc,metaspace   ] GC(497) Metaspace: 125380K(130240K)->125380K(130240K) NonClass: 107698K(108416K)->107698K(108416K) Class: 17681K(21824K)->17681K(21824K)
[173.492s][info][gc             ] GC(497) Pause Young (Allocation Failure) 2353M->1380M(3527M) 8.337ms
[173.492s][info][gc,cpu         ] GC(497) User=0.02s Sys=0.02s Real=0.02s
[173.560s][info][gc,start       ] GC(498) Pause Young (Allocation Failure)
[173.568s][info][gc,heap        ] GC(498) DefNew: 1002981K(1120896K)->6617K(1120896K) Eden: 996352K(996352K)->0K(996352K) From: 6629K(124544K)->6617K(124544K)
[173.568s][info][gc,heap        ] GC(498) Tenured: 1407343K(2490844K)->1407343K(2490844K)
[173.568s][info][gc,metaspace   ] GC(498) Metaspace: 125380K(130240K)->125380K(130240K) NonClass: 107698K(108416K)->107698K(108416K) Class: 17681K(21824K)->17681K(21824K)
[173.569s][info][gc             ] GC(498) Pause Young (Allocation Failure) 2353M->1380M(3527M) 8.417ms
[173.569s][info][gc,cpu         ] GC(498) User=0.03s Sys=0.00s Real=0.02s
[173.637s][info][gc,start       ] GC(499) Pause Young (Allocation Failure)
[173.645s][info][gc,heap        ] GC(499) DefNew: 1002969K(1120896K)->6627K(1120896K) Eden: 996352K(996352K)->0K(996352K) From: 6617K(124544K)->6627K(124544K)
[173.645s][info][gc,heap        ] GC(499) Tenured: 1407343K(2490844K)->1407343K(2490844K)
[173.645s][info][gc,metaspace   ] GC(499) Metaspace: 125380K(130240K)->125380K(130240K) NonClass: 107698K(108416K)->107698K(108416K) Class: 17681K(21824K)->17681K(21824K)
[173.645s][info][gc             ] GC(499) Pause Young (Allocation Failure) 2353M->1380M(3527M) 8.429ms
[173.645s][info][gc,cpu         ] GC(499) User=0.03s Sys=0.00s Real=0.01s
[173.713s][info][gc,start       ] GC(500) Pause Young (Allocation Failure)
[173.721s][info][gc,heap        ] GC(500) DefNew: 1002979K(1120896K)->6613K(1120896K) Eden: 996352K(996352K)->0K(996352K) From: 6627K(124544K)->6613K(124544K)
[173.721s][info][gc,heap        ] GC(500) Tenured: 1407343K(2490844K)->1407343K(2490844K)
[173.721s][info][gc,metaspace   ] GC(500) Metaspace: 125385K(130240K)->125385K(130240K) NonClass: 107702K(108416K)->107702K(108416K) Class: 17682K(21824K)->17682K(21824K)
[173.721s][info][gc             ] GC(500) Pause Young (Allocation Failure) 2353M->1380M(3527M) 8.392ms
[173.721s][info][gc,cpu         ] GC(500) User=0.02s Sys=0.00s Real=0.01s
[173.788s][info][gc,start       ] GC(501) Pause Young (Allocation Failure)
[173.796s][info][gc,heap        ] GC(501) DefNew: 1002965K(1120896K)->6619K(1120896K) Eden: 996352K(996352K)->0K(996352K) From: 6613K(124544K)->6619K(124544K)
[173.796s][info][gc,heap        ] GC(501) Tenured: 1407343K(2490844K)->1407343K(2490844K)
[173.796s][info][gc,metaspace   ] GC(501) Metaspace: 125385K(130240K)->125385K(130240K) NonClass: 107702K(108416K)->107702K(108416K) Class: 17682K(21824K)->17682K(21824K)
[173.797s][info][gc             ] GC(501) Pause Young (Allocation Failure) 2353M->1380M(3527M) 8.428ms
[173.797s][info][gc,cpu         ] GC(501) User=0.02s Sys=0.00s Real=0.02s
[173.864s][info][gc,start       ] GC(502) Pause Young (Allocation Failure)
[173.872s][info][gc,heap        ] GC(502) DefNew: 1002971K(1120896K)->6617K(1120896K) Eden: 996352K(996352K)->0K(996352K) From: 6619K(124544K)->6617K(124544K)
[173.872s][info][gc,heap        ] GC(502) Tenured: 1407343K(2490844K)->1407343K(2490844K)
[173.872s][info][gc,metaspace   ] GC(502) Metaspace: 125385K(130240K)->125385K(130240K) NonClass: 107702K(108416K)->107702K(108416K) Class: 17682K(21824K)->17682K(21824K)
[173.872s][info][gc             ] GC(502) Pause Young (Allocation Failure) 2353M->1380M(3527M) 8.349ms
[173.873s][info][gc,cpu         ] GC(502) User=0.00s Sys=0.00s Real=0.00s
[173.940s][info][gc,start       ] GC(503) Pause Young (Allocation Failure)
[173.948s][info][gc,heap        ] GC(503) DefNew: 1002969K(1120896K)->6616K(1120896K) Eden: 996352K(996352K)->0K(996352K) From: 6617K(124544K)->6616K(124544K)
[173.948s][info][gc,heap        ] GC(503) Tenured: 1407343K(2490844K)->1407343K(2490844K)
[173.948s][info][gc,metaspace   ] GC(503) Metaspace: 125385K(130240K)->125385K(130240K) NonClass: 107702K(108416K)->107702K(108416K) Class: 17682K(21824K)->17682K(21824K)
[173.948s][info][gc             ] GC(503) Pause Young (Allocation Failure) 2353M->1380M(3527M) 8.284ms
[173.948s][info][gc,cpu         ] GC(503) User=0.00s Sys=0.00s Real=0.00s
[174.016s][info][gc,start       ] GC(504) Pause Young (Allocation Failure)
[174.024s][info][gc,heap        ] GC(504) DefNew: 1002968K(1120896K)->6609K(1120896K) Eden: 996352K(996352K)->0K(996352K) From: 6616K(124544K)->6609K(124544K)
[174.024s][info][gc,heap        ] GC(504) Tenured: 1407343K(2490844K)->1407343K(2490844K)
[174.024s][info][gc,metaspace   ] GC(504) Metaspace: 125385K(130240K)->125385K(130240K) NonClass: 107702K(108416K)->107702K(108416K) Class: 17682K(21824K)->17682K(21824K)
[174.024s][info][gc             ] GC(504) Pause Young (Allocation Failure) 2353M->1380M(3527M) 8.434ms
[174.024s][info][gc,cpu         ] GC(504) User=0.00s Sys=0.00s Real=0.00s
[174.092s][info][gc,start       ] GC(505) Pause Young (Allocation Failure)
[174.100s][info][gc,heap        ] GC(505) DefNew: 1002961K(1120896K)->6621K(1120896K) Eden: 996352K(996352K)->0K(996352K) From: 6609K(124544K)->6621K(124544K)
[174.100s][info][gc,heap        ] GC(505) Tenured: 1407343K(2490844K)->1407343K(2490844K)
[174.100s][info][gc,metaspace   ] GC(505) Metaspace: 125385K(130240K)->125385K(130240K) NonClass: 107702K(108416K)->107702K(108416K) Class: 17682K(21824K)->17682K(21824K)
[174.100s][info][gc             ] GC(505) Pause Young (Allocation Failure) 2353M->1380M(3527M) 8.372ms
[174.100s][info][gc,cpu         ] GC(505) User=0.02s Sys=0.00s Real=0.01s
[174.168s][info][gc,start       ] GC(506) Pause Young (Allocation Failure)
[174.176s][info][gc,heap        ] GC(506) DefNew: 1002973K(1120896K)->6620K(1120896K) Eden: 996352K(996352K)->0K(996352K) From: 6621K(124544K)->6620K(124544K)
[174.176s][info][gc,heap        ] GC(506) Tenured: 1407343K(2490844K)->1407343K(2490844K)
[174.176s][info][gc,metaspace   ] GC(506) Metaspace: 125385K(130240K)->125385K(130240K) NonClass: 107702K(108416K)->107702K(108416K) Class: 17682K(21824K)->17682K(21824K)
[174.176s][info][gc             ] GC(506) Pause Young (Allocation Failure) 2353M->1380M(3527M) 8.343ms
[174.176s][info][gc,cpu         ] GC(506) User=0.02s Sys=0.00s Real=0.02s
[174.243s][info][gc,start       ] GC(507) Pause Young (Allocation Failure)
[174.252s][info][gc,heap        ] GC(507) DefNew: 1002972K(1120896K)->6824K(1120896K) Eden: 996352K(996352K)->0K(996352K) From: 6620K(124544K)->6824K(124544K)
[174.252s][info][gc,heap        ] GC(507) Tenured: 1407343K(2490844K)->1407343K(2490844K)
[174.252s][info][gc,metaspace   ] GC(507) Metaspace: 125385K(130240K)->125385K(130240K) NonClass: 107702K(108416K)->107702K(108416K) Class: 17682K(21824K)->17682K(21824K)
[174.252s][info][gc             ] GC(507) Pause Young (Allocation Failure) 2353M->1381M(3527M) 8.569ms
[174.252s][info][gc,cpu         ] GC(507) User=0.00s Sys=0.00s Real=0.00s
[174.319s][info][gc,start       ] GC(508) Pause Young (Allocation Failure)
[174.328s][info][gc,heap        ] GC(508) DefNew: 1003176K(1120896K)->6715K(1120896K) Eden: 996352K(996352K)->0K(996352K) From: 6824K(124544K)->6715K(124544K)
[174.328s][info][gc,heap        ] GC(508) Tenured: 1407343K(2490844K)->1407343K(2490844K)
[174.328s][info][gc,metaspace   ] GC(508) Metaspace: 125385K(130240K)->125385K(130240K) NonClass: 107702K(108416K)->107702K(108416K) Class: 17682K(21824K)->17682K(21824K)
[174.328s][info][gc             ] GC(508) Pause Young (Allocation Failure) 2354M->1380M(3527M) 8.457ms
[174.328s][info][gc,cpu         ] GC(508) User=0.00s Sys=0.00s Real=0.00s
[174.395s][info][gc,start       ] GC(509) Pause Young (Allocation Failure)
[174.405s][info][gc,heap        ] GC(509) DefNew: 1003067K(1120896K)->6653K(1120896K) Eden: 996352K(996352K)->0K(996352K) From: 6715K(124544K)->6653K(124544K)
[174.405s][info][gc,heap        ] GC(509) Tenured: 1407343K(2490844K)->1407343K(2490844K)
[174.405s][info][gc,metaspace   ] GC(509) Metaspace: 125385K(130240K)->125385K(130240K) NonClass: 107702K(108416K)->107702K(108416K) Class: 17682K(21824K)->17682K(21824K)
[174.405s][info][gc             ] GC(509) Pause Young (Allocation Failure) 2353M->1380M(3527M) 10.137ms
[174.405s][info][gc,cpu         ] GC(509) User=0.02s Sys=0.00s Real=0.01s
[174.473s][info][gc,start       ] GC(510) Pause Young (Allocation Failure)
[174.485s][info][gc,heap        ] GC(510) DefNew: 1003005K(1120896K)->855K(1120896K) Eden: 996352K(996352K)->0K(996352K) From: 6653K(124544K)->855K(124544K)
[174.485s][info][gc,heap        ] GC(510) Tenured: 1407343K(2490844K)->1413660K(2490844K)
[174.485s][info][gc,metaspace   ] GC(510) Metaspace: 125385K(130240K)->125385K(130240K) NonClass: 107702K(108416K)->107702K(108416K) Class: 17682K(21824K)->17682K(21824K)
[174.485s][info][gc             ] GC(510) Pause Young (Allocation Failure) 2353M->1381M(3527M) 11.802ms
[174.485s][info][gc,cpu         ] GC(510) User=0.00s Sys=0.00s Real=0.00s
[175.075s][info][gc,start       ] GC(511) Pause Full (System.gc())
[175.076s][info][gc,phases,start] GC(511) Phase 1: Mark live objects
[175.145s][info][gc,phases      ] GC(511) Phase 1: Mark live objects 69.747ms
[175.145s][info][gc,phases,start] GC(511) Phase 2: Compute new object addresses
[175.261s][info][gc,phases      ] GC(511) Phase 2: Compute new object addresses 115.809ms
[175.261s][info][gc,phases,start] GC(511) Phase 3: Adjust pointers
[175.297s][info][gc,phases      ] GC(511) Phase 3: Adjust pointers 35.304ms
[175.297s][info][gc,phases,start] GC(511) Phase 4: Move objects
[175.297s][info][gc,phases      ] GC(511) Phase 4: Move objects 0.096ms
[175.298s][info][gc,heap        ] GC(511) DefNew: 427972K(1120896K)->0K(1120896K) Eden: 427117K(996352K)->0K(996352K) From: 855K(124544K)->0K(124544K)
[175.298s][info][gc,heap        ] GC(511) Tenured: 1413660K(2490844K)->1413849K(2490844K)
[175.298s][info][gc,metaspace   ] GC(511) Metaspace: 125386K(130240K)->125386K(130240K) NonClass: 107704K(108416K)->107704K(108416K) Class: 17682K(21824K)->17682K(21824K)
[175.298s][info][gc             ] GC(511) Pause Full (System.gc()) 1798M->1380M(3527M) 222.323ms
[175.298s][info][gc,cpu         ] GC(511) User=0.23s Sys=0.00s Real=0.24s
[175.436s][info][gc,start       ] GC(512) Pause Young (Allocation Failure)
[175.448s][info][gc,heap        ] GC(512) DefNew: 996352K(1120896K)->6624K(1120896K) Eden: 996352K(996352K)->0K(996352K) From: 0K(124544K)->6624K(124544K)
[175.448s][info][gc,heap        ] GC(512) Tenured: 1413849K(2490844K)->1413849K(2490844K)
[175.448s][info][gc,metaspace   ] GC(512) Metaspace: 125386K(130240K)->125386K(130240K) NonClass: 107704K(108416K)->107704K(108416K) Class: 17682K(21824K)->17682K(21824K)
[175.449s][info][gc             ] GC(512) Pause Young (Allocation Failure) 2353M->1387M(3527M) 12.547ms
[175.449s][info][gc,cpu         ] GC(512) User=0.02s Sys=0.00s Real=0.01s
[175.516s][info][gc,start       ] GC(513) Pause Young (Allocation Failure)
[175.524s][info][gc,heap        ] GC(513) DefNew: 1002976K(1120896K)->6623K(1120896K) Eden: 996352K(996352K)->0K(996352K) From: 6624K(124544K)->6623K(124544K)
[175.524s][info][gc,heap        ] GC(513) Tenured: 1413849K(2490844K)->1413849K(2490844K)
[175.524s][info][gc,metaspace   ] GC(513) Metaspace: 125386K(130240K)->125386K(130240K) NonClass: 107704K(108416K)->107704K(108416K) Class: 17682K(21824K)->17682K(21824K)
[175.524s][info][gc             ] GC(513) Pause Young (Allocation Failure) 2360M->1387M(3527M) 8.250ms
[175.525s][info][gc,cpu         ] GC(513) User=0.00s Sys=0.00s Real=0.00s
[175.592s][info][gc,start       ] GC(514) Pause Young (Allocation Failure)
[175.600s][info][gc,heap        ] GC(514) DefNew: 1002975K(1120896K)->6610K(1120896K) Eden: 996352K(996352K)->0K(996352K) From: 6623K(124544K)->6610K(124544K)
[175.600s][info][gc,heap        ] GC(514) Tenured: 1413849K(2490844K)->1413849K(2490844K)
[175.600s][info][gc,metaspace   ] GC(514) Metaspace: 125386K(130240K)->125386K(130240K) NonClass: 107704K(108416K)->107704K(108416K) Class: 17682K(21824K)->17682K(21824K)
[175.600s][info][gc             ] GC(514) Pause Young (Allocation Failure) 2360M->1387M(3527M) 8.052ms
[175.600s][info][gc,cpu         ] GC(514) User=0.00s Sys=0.00s Real=0.00s
[175.668s][info][gc,start       ] GC(515) Pause Young (Allocation Failure)
[175.676s][info][gc,heap        ] GC(515) DefNew: 1002962K(1120896K)->6620K(1120896K) Eden: 996352K(996352K)->0K(996352K) From: 6610K(124544K)->6620K(124544K)
[175.676s][info][gc,heap        ] GC(515) Tenured: 1413849K(2490844K)->1413849K(2490844K)
[175.676s][info][gc,metaspace   ] GC(515) Metaspace: 125386K(130240K)->125386K(130240K) NonClass: 107704K(108416K)->107704K(108416K) Class: 17682K(21824K)->17682K(21824K)
[175.676s][info][gc             ] GC(515) Pause Young (Allocation Failure) 2360M->1387M(3527M) 8.062ms
[175.676s][info][gc,cpu         ] GC(515) User=0.00s Sys=0.00s Real=0.00s
[175.744s][info][gc,start       ] GC(516) Pause Young (Allocation Failure)
[175.752s][info][gc,heap        ] GC(516) DefNew: 1002972K(1120896K)->6624K(1120896K) Eden: 996352K(996352K)->0K(996352K) From: 6620K(124544K)->6624K(124544K)
[175.752s][info][gc,heap        ] GC(516) Tenured: 1413849K(2490844K)->1413849K(2490844K)
[175.752s][info][gc,metaspace   ] GC(516) Metaspace: 125386K(130240K)->125386K(130240K) NonClass: 107704K(108416K)->107704K(108416K) Class: 17682K(21824K)->17682K(21824K)
[175.752s][info][gc             ] GC(516) Pause Young (Allocation Failure) 2360M->1387M(3527M) 7.935ms
[175.752s][info][gc,cpu         ] GC(516) User=0.00s Sys=0.00s Real=0.00s
[175.820s][info][gc,start       ] GC(517) Pause Young (Allocation Failure)
[175.827s][info][gc,heap        ] GC(517) DefNew: 1002976K(1120896K)->6606K(1120896K) Eden: 996352K(996352K)->0K(996352K) From: 6624K(124544K)->6606K(124544K)
[175.827s][info][gc,heap        ] GC(517) Tenured: 1413849K(2490844K)->1413849K(2490844K)
[175.827s][info][gc,metaspace   ] GC(517) Metaspace: 125386K(130240K)->125386K(130240K) NonClass: 107704K(108416K)->107704K(108416K) Class: 17682K(21824K)->17682K(21824K)
[175.827s][info][gc             ] GC(517) Pause Young (Allocation Failure) 2360M->1387M(3527M) 7.838ms
[175.827s][info][gc,cpu         ] GC(517) User=0.00s Sys=0.00s Real=0.00s
[175.895s][info][gc,start       ] GC(518) Pause Young (Allocation Failure)
[175.903s][info][gc,heap        ] GC(518) DefNew: 1002958K(1120896K)->6619K(1120896K) Eden: 996352K(996352K)->0K(996352K) From: 6606K(124544K)->6619K(124544K)
[175.903s][info][gc,heap        ] GC(518) Tenured: 1413849K(2490844K)->1413849K(2490844K)
[175.903s][info][gc,metaspace   ] GC(518) Metaspace: 125386K(130240K)->125386K(130240K) NonClass: 107704K(108416K)->107704K(108416K) Class: 17682K(21824K)->17682K(21824K)
[175.903s][info][gc             ] GC(518) Pause Young (Allocation Failure) 2360M->1387M(3527M) 7.887ms
[175.903s][info][gc,cpu         ] GC(518) User=0.00s Sys=0.00s Real=0.00s
[175.970s][info][gc,start       ] GC(519) Pause Young (Allocation Failure)
[175.978s][info][gc,heap        ] GC(519) DefNew: 1002971K(1120896K)->6611K(1120896K) Eden: 996352K(996352K)->0K(996352K) From: 6619K(124544K)->6611K(124544K)
[175.978s][info][gc,heap        ] GC(519) Tenured: 1413849K(2490844K)->1413849K(2490844K)
[175.978s][info][gc,metaspace   ] GC(519) Metaspace: 125386K(130240K)->125386K(130240K) NonClass: 107704K(108416K)->107704K(108416K) Class: 17682K(21824K)->17682K(21824K)
[175.978s][info][gc             ] GC(519) Pause Young (Allocation Failure) 2360M->1387M(3527M) 7.981ms
[175.978s][info][gc,cpu         ] GC(519) User=0.00s Sys=0.00s Real=0.00s
[176.045s][info][gc,start       ] GC(520) Pause Young (Allocation Failure)
[176.053s][info][gc,heap        ] GC(520) DefNew: 1002963K(1120896K)->6606K(1120896K) Eden: 996352K(996352K)->0K(996352K) From: 6611K(124544K)->6606K(124544K)
[176.053s][info][gc,heap        ] GC(520) Tenured: 1413849K(2490844K)->1413849K(2490844K)
[176.053s][info][gc,metaspace   ] GC(520) Metaspace: 125386K(130240K)->125386K(130240K) NonClass: 107704K(108416K)->107704K(108416K) Class: 17682K(21824K)->17682K(21824K)
[176.053s][info][gc             ] GC(520) Pause Young (Allocation Failure) 2360M->1387M(3527M) 7.923ms
[176.053s][info][gc,cpu         ] GC(520) User=0.00s Sys=0.00s Real=0.00s
[176.121s][info][gc,start       ] GC(521) Pause Young (Allocation Failure)
[176.129s][info][gc,heap        ] GC(521) DefNew: 1002958K(1120896K)->6626K(1120896K) Eden: 996352K(996352K)->0K(996352K) From: 6606K(124544K)->6626K(124544K)
[176.129s][info][gc,heap        ] GC(521) Tenured: 1413849K(2490844K)->1413849K(2490844K)
[176.129s][info][gc,metaspace   ] GC(521) Metaspace: 125386K(130240K)->125386K(130240K) NonClass: 107704K(108416K)->107704K(108416K) Class: 17682K(21824K)->17682K(21824K)
[176.129s][info][gc             ] GC(521) Pause Young (Allocation Failure) 2360M->1387M(3527M) 7.897ms
[176.129s][info][gc,cpu         ] GC(521) User=0.00s Sys=0.00s Real=0.00s
[176.196s][info][gc,start       ] GC(522) Pause Young (Allocation Failure)
[176.204s][info][gc,heap        ] GC(522) DefNew: 1002978K(1120896K)->6616K(1120896K) Eden: 996352K(996352K)->0K(996352K) From: 6626K(124544K)->6616K(124544K)
[176.204s][info][gc,heap        ] GC(522) Tenured: 1413849K(2490844K)->1413849K(2490844K)
[176.204s][info][gc,metaspace   ] GC(522) Metaspace: 125386K(130240K)->125386K(130240K) NonClass: 107704K(108416K)->107704K(108416K) Class: 17682K(21824K)->17682K(21824K)
[176.204s][info][gc             ] GC(522) Pause Young (Allocation Failure) 2360M->1387M(3527M) 7.925ms
[176.204s][info][gc,cpu         ] GC(522) User=0.00s Sys=0.00s Real=0.00s
[176.271s][info][gc,start       ] GC(523) Pause Young (Allocation Failure)
[176.279s][info][gc,heap        ] GC(523) DefNew: 1002968K(1120896K)->6719K(1120896K) Eden: 996352K(996352K)->0K(996352K) From: 6616K(124544K)->6719K(124544K)
[176.279s][info][gc,heap        ] GC(523) Tenured: 1413849K(2490844K)->1413849K(2490844K)
[176.279s][info][gc,metaspace   ] GC(523) Metaspace: 125386K(130240K)->125386K(130240K) NonClass: 107704K(108416K)->107704K(108416K) Class: 17682K(21824K)->17682K(21824K)
[176.279s][info][gc             ] GC(523) Pause Young (Allocation Failure) 2360M->1387M(3527M) 8.163ms
[176.280s][info][gc,cpu         ] GC(523) User=0.02s Sys=0.00s Real=0.02s
[176.347s][info][gc,start       ] GC(524) Pause Young (Allocation Failure)
[176.355s][info][gc,heap        ] GC(524) DefNew: 1003071K(1120896K)->6728K(1120896K) Eden: 996352K(996352K)->0K(996352K) From: 6719K(124544K)->6728K(124544K)
[176.355s][info][gc,heap        ] GC(524) Tenured: 1413849K(2490844K)->1413849K(2490844K)
[176.355s][info][gc,metaspace   ] GC(524) Metaspace: 125386K(130240K)->125386K(130240K) NonClass: 107704K(108416K)->107704K(108416K) Class: 17682K(21824K)->17682K(21824K)
[176.355s][info][gc             ] GC(524) Pause Young (Allocation Failure) 2360M->1387M(3527M) 8.139ms
[176.355s][info][gc,cpu         ] GC(524) User=0.02s Sys=0.00s Real=0.02s
[176.423s][info][gc,start       ] GC(525) Pause Young (Allocation Failure)
[176.432s][info][gc,heap        ] GC(525) DefNew: 1003080K(1120896K)->6729K(1120896K) Eden: 996352K(996352K)->0K(996352K) From: 6728K(124544K)->6729K(124544K)
[176.432s][info][gc,heap        ] GC(525) Tenured: 1413849K(2490844K)->1413849K(2490844K)
[176.432s][info][gc,metaspace   ] GC(525) Metaspace: 125386K(130240K)->125386K(130240K) NonClass: 107704K(108416K)->107704K(108416K) Class: 17682K(21824K)->17682K(21824K)
[176.432s][info][gc             ] GC(525) Pause Young (Allocation Failure) 2360M->1387M(3527M) 8.358ms
[176.432s][info][gc,cpu         ] GC(525) User=0.00s Sys=0.00s Real=0.00s
[176.499s][info][gc,start       ] GC(526) Pause Young (Allocation Failure)
[176.509s][info][gc,heap        ] GC(526) DefNew: 1003081K(1120896K)->6725K(1120896K) Eden: 996352K(996352K)->0K(996352K) From: 6729K(124544K)->6725K(124544K)
[176.509s][info][gc,heap        ] GC(526) Tenured: 1413849K(2490844K)->1413849K(2490844K)
[176.509s][info][gc,metaspace   ] GC(526) Metaspace: 125386K(130240K)->125386K(130240K) NonClass: 107704K(108416K)->107704K(108416K) Class: 17682K(21824K)->17682K(21824K)
[176.509s][info][gc             ] GC(526) Pause Young (Allocation Failure) 2360M->1387M(3527M) 9.599ms
[176.509s][info][gc,cpu         ] GC(526) User=0.02s Sys=0.00s Real=0.01s
[176.577s][info][gc,start       ] GC(527) Pause Young (Allocation Failure)
[176.589s][info][gc,heap        ] GC(527) DefNew: 1003077K(1120896K)->1162K(1120896K) Eden: 996352K(996352K)->0K(996352K) From: 6725K(124544K)->1162K(124544K)
[176.589s][info][gc,heap        ] GC(527) Tenured: 1413849K(2490844K)->1420087K(2490844K)
[176.589s][info][gc,metaspace   ] GC(527) Metaspace: 125386K(130240K)->125386K(130240K) NonClass: 107704K(108416K)->107704K(108416K) Class: 17682K(21824K)->17682K(21824K)
[176.589s][info][gc             ] GC(527) Pause Young (Allocation Failure) 2360M->1387M(3527M) 11.764ms
[176.589s][info][gc,cpu         ] GC(527) User=0.00s Sys=0.00s Real=0.00s
[177.168s][info][gc,start       ] GC(528) Pause Full (System.gc())
[177.168s][info][gc,phases,start] GC(528) Phase 1: Mark live objects
[177.239s][info][gc,phases      ] GC(528) Phase 1: Mark live objects 71.196ms
[177.240s][info][gc,phases,start] GC(528) Phase 2: Compute new object addresses
[177.368s][info][gc,phases      ] GC(528) Phase 2: Compute new object addresses 128.148ms
[177.368s][info][gc,phases,start] GC(528) Phase 3: Adjust pointers
[177.402s][info][gc,phases      ] GC(528) Phase 3: Adjust pointers 34.517ms
[177.402s][info][gc,phases,start] GC(528) Phase 4: Move objects
[177.402s][info][gc,phases      ] GC(528) Phase 4: Move objects 0.109ms
[177.403s][info][gc,heap        ] GC(528) DefNew: 422920K(1120896K)->0K(1120896K) Eden: 421757K(996352K)->0K(996352K) From: 1162K(124544K)->0K(124544K)
[177.403s][info][gc,heap        ] GC(528) Tenured: 1420087K(2490844K)->1420276K(2490844K)
[177.403s][info][gc,metaspace   ] GC(528) Metaspace: 125388K(130240K)->125388K(130240K) NonClass: 107705K(108416K)->107705K(108416K) Class: 17682K(21824K)->17682K(21824K)
[177.403s][info][gc             ] GC(528) Pause Full (System.gc()) 1799M->1386M(3527M) 235.334ms
[177.403s][info][gc,cpu         ] GC(528) User=0.23s Sys=0.00s Real=0.24s
[177.539s][info][gc,start       ] GC(529) Pause Young (Allocation Failure)
[177.551s][info][gc,heap        ] GC(529) DefNew: 996352K(1120896K)->6624K(1120896K) Eden: 996352K(996352K)->0K(996352K) From: 0K(124544K)->6624K(124544K)
[177.551s][info][gc,heap        ] GC(529) Tenured: 1420276K(2490844K)->1420276K(2490844K)
[177.551s][info][gc,metaspace   ] GC(529) Metaspace: 125438K(130240K)->125438K(130240K) NonClass: 107755K(108416K)->107755K(108416K) Class: 17682K(21824K)->17682K(21824K)
[177.551s][info][gc             ] GC(529) Pause Young (Allocation Failure) 2359M->1393M(3527M) 12.249ms
[177.551s][info][gc,cpu         ] GC(529) User=0.02s Sys=0.00s Real=0.02s
[177.617s][info][gc,start       ] GC(530) Pause Young (Allocation Failure)
[177.625s][info][gc,heap        ] GC(530) DefNew: 1002976K(1120896K)->6637K(1120896K) Eden: 996352K(996352K)->0K(996352K) From: 6624K(124544K)->6637K(124544K)
[177.625s][info][gc,heap        ] GC(530) Tenured: 1420276K(2490844K)->1420276K(2490844K)
[177.625s][info][gc,metaspace   ] GC(530) Metaspace: 125438K(130240K)->125438K(130240K) NonClass: 107755K(108416K)->107755K(108416K) Class: 17682K(21824K)->17682K(21824K)
[177.625s][info][gc             ] GC(530) Pause Young (Allocation Failure) 2366M->1393M(3527M) 7.985ms
[177.626s][info][gc,cpu         ] GC(530) User=0.00s Sys=0.00s Real=0.01s
[177.693s][info][gc,start       ] GC(531) Pause Young (Allocation Failure)
[177.701s][info][gc,heap        ] GC(531) DefNew: 1002989K(1120896K)->6607K(1120896K) Eden: 996352K(996352K)->0K(996352K) From: 6637K(124544K)->6607K(124544K)
[177.701s][info][gc,heap        ] GC(531) Tenured: 1420276K(2490844K)->1420276K(2490844K)
[177.701s][info][gc,metaspace   ] GC(531) Metaspace: 125438K(130240K)->125438K(130240K) NonClass: 107755K(108416K)->107755K(108416K) Class: 17682K(21824K)->17682K(21824K)
[177.701s][info][gc             ] GC(531) Pause Young (Allocation Failure) 2366M->1393M(3527M) 7.876ms
[177.701s][info][gc,cpu         ] GC(531) User=0.00s Sys=0.00s Real=0.00s
[177.768s][info][gc,start       ] GC(532) Pause Young (Allocation Failure)
[177.776s][info][gc,heap        ] GC(532) DefNew: 1002959K(1120896K)->6596K(1120896K) Eden: 996352K(996352K)->0K(996352K) From: 6607K(124544K)->6596K(124544K)
[177.776s][info][gc,heap        ] GC(532) Tenured: 1420276K(2490844K)->1420276K(2490844K)
[177.776s][info][gc,metaspace   ] GC(532) Metaspace: 125438K(130240K)->125438K(130240K) NonClass: 107755K(108416K)->107755K(108416K) Class: 17682K(21824K)->17682K(21824K)
[177.776s][info][gc             ] GC(532) Pause Young (Allocation Failure) 2366M->1393M(3527M) 7.934ms
[177.776s][info][gc,cpu         ] GC(532) User=0.00s Sys=0.00s Real=0.00s
[177.844s][info][gc,start       ] GC(533) Pause Young (Allocation Failure)
[177.852s][info][gc,heap        ] GC(533) DefNew: 1002948K(1120896K)->6597K(1120896K) Eden: 996352K(996352K)->0K(996352K) From: 6596K(124544K)->6597K(124544K)
[177.852s][info][gc,heap        ] GC(533) Tenured: 1420276K(2490844K)->1420276K(2490844K)
[177.852s][info][gc,metaspace   ] GC(533) Metaspace: 125438K(130240K)->125438K(130240K) NonClass: 107755K(108416K)->107755K(108416K) Class: 17682K(21824K)->17682K(21824K)
[177.852s][info][gc             ] GC(533) Pause Young (Allocation Failure) 2366M->1393M(3527M) 7.920ms
[177.852s][info][gc,cpu         ] GC(533) User=0.02s Sys=0.00s Real=0.02s
[177.919s][info][gc,start       ] GC(534) Pause Young (Allocation Failure)
[177.926s][info][gc,heap        ] GC(534) DefNew: 1002949K(1120896K)->6609K(1120896K) Eden: 996352K(996352K)->0K(996352K) From: 6597K(124544K)->6609K(124544K)
[177.927s][info][gc,heap        ] GC(534) Tenured: 1420276K(2490844K)->1420276K(2490844K)
[177.927s][info][gc,metaspace   ] GC(534) Metaspace: 125438K(130240K)->125438K(130240K) NonClass: 107755K(108416K)->107755K(108416K) Class: 17682K(21824K)->17682K(21824K)
[177.927s][info][gc             ] GC(534) Pause Young (Allocation Failure) 2366M->1393M(3527M) 7.867ms
[177.927s][info][gc,cpu         ] GC(534) User=0.02s Sys=0.00s Real=0.02s
[177.994s][info][gc,start       ] GC(535) Pause Young (Allocation Failure)
[178.002s][info][gc,heap        ] GC(535) DefNew: 1002961K(1120896K)->6612K(1120896K) Eden: 996352K(996352K)->0K(996352K) From: 6609K(124544K)->6612K(124544K)
[178.002s][info][gc,heap        ] GC(535) Tenured: 1420276K(2490844K)->1420276K(2490844K)
[178.002s][info][gc,metaspace   ] GC(535) Metaspace: 125438K(130240K)->125438K(130240K) NonClass: 107755K(108416K)->107755K(108416K) Class: 17682K(21824K)->17682K(21824K)
[178.002s][info][gc             ] GC(535) Pause Young (Allocation Failure) 2366M->1393M(3527M) 7.974ms
[178.002s][info][gc,cpu         ] GC(535) User=0.02s Sys=0.00s Real=0.02s
[178.070s][info][gc,start       ] GC(536) Pause Young (Allocation Failure)
[178.077s][info][gc,heap        ] GC(536) DefNew: 1002964K(1120896K)->6599K(1120896K) Eden: 996352K(996352K)->0K(996352K) From: 6612K(124544K)->6599K(124544K)
[178.077s][info][gc,heap        ] GC(536) Tenured: 1420276K(2490844K)->1420276K(2490844K)
[178.077s][info][gc,metaspace   ] GC(536) Metaspace: 125438K(130240K)->125438K(130240K) NonClass: 107755K(108416K)->107755K(108416K) Class: 17682K(21824K)->17682K(21824K)
[178.077s][info][gc             ] GC(536) Pause Young (Allocation Failure) 2366M->1393M(3527M) 7.869ms
[178.078s][info][gc,cpu         ] GC(536) User=0.00s Sys=0.00s Real=0.00s
[178.145s][info][gc,start       ] GC(537) Pause Young (Allocation Failure)
[178.153s][info][gc,heap        ] GC(537) DefNew: 1002951K(1120896K)->6608K(1120896K) Eden: 996352K(996352K)->0K(996352K) From: 6599K(124544K)->6608K(124544K)
[178.153s][info][gc,heap        ] GC(537) Tenured: 1420276K(2490844K)->1420276K(2490844K)
[178.153s][info][gc,metaspace   ] GC(537) Metaspace: 125438K(130240K)->125438K(130240K) NonClass: 107755K(108416K)->107755K(108416K) Class: 17682K(21824K)->17682K(21824K)
[178.153s][info][gc             ] GC(537) Pause Young (Allocation Failure) 2366M->1393M(3527M) 7.921ms
[178.153s][info][gc,cpu         ] GC(537) User=0.00s Sys=0.00s Real=0.00s
[178.220s][info][gc,start       ] GC(538) Pause Young (Allocation Failure)
[178.228s][info][gc,heap        ] GC(538) DefNew: 1002960K(1120896K)->6605K(1120896K) Eden: 996352K(996352K)->0K(996352K) From: 6608K(124544K)->6605K(124544K)
[178.228s][info][gc,heap        ] GC(538) Tenured: 1420276K(2490844K)->1420276K(2490844K)
[178.228s][info][gc,metaspace   ] GC(538) Metaspace: 125438K(130240K)->125438K(130240K) NonClass: 107755K(108416K)->107755K(108416K) Class: 17682K(21824K)->17682K(21824K)
[178.228s][info][gc             ] GC(538) Pause Young (Allocation Failure) 2366M->1393M(3527M) 7.905ms
[178.228s][info][gc,cpu         ] GC(538) User=0.00s Sys=0.00s Real=0.00s
[178.295s][info][gc,start       ] GC(539) Pause Young (Allocation Failure)
[178.303s][info][gc,heap        ] GC(539) DefNew: 1002957K(1120896K)->6614K(1120896K) Eden: 996352K(996352K)->0K(996352K) From: 6605K(124544K)->6614K(124544K)
[178.303s][info][gc,heap        ] GC(539) Tenured: 1420276K(2490844K)->1420276K(2490844K)
[178.303s][info][gc,metaspace   ] GC(539) Metaspace: 125438K(130240K)->125438K(130240K) NonClass: 107755K(108416K)->107755K(108416K) Class: 17682K(21824K)->17682K(21824K)
[178.303s][info][gc             ] GC(539) Pause Young (Allocation Failure) 2366M->1393M(3527M) 7.900ms
[178.303s][info][gc,cpu         ] GC(539) User=0.02s Sys=0.00s Real=0.02s
[178.370s][info][gc,start       ] GC(540) Pause Young (Allocation Failure)
[178.378s][info][gc,heap        ] GC(540) DefNew: 1002966K(1120896K)->6625K(1120896K) Eden: 996352K(996352K)->0K(996352K) From: 6614K(124544K)->6625K(124544K)
[178.378s][info][gc,heap        ] GC(540) Tenured: 1420276K(2490844K)->1420276K(2490844K)
[178.378s][info][gc,metaspace   ] GC(540) Metaspace: 125438K(130240K)->125438K(130240K) NonClass: 107755K(108416K)->107755K(108416K) Class: 17682K(21824K)->17682K(21824K)
[178.378s][info][gc             ] GC(540) Pause Young (Allocation Failure) 2366M->1393M(3527M) 7.930ms
[178.378s][info][gc,cpu         ] GC(540) User=0.02s Sys=0.00s Real=0.02s
[178.446s][info][gc,start       ] GC(541) Pause Young (Allocation Failure)
[178.454s][info][gc,heap        ] GC(541) DefNew: 1002977K(1120896K)->6727K(1120896K) Eden: 996352K(996352K)->0K(996352K) From: 6625K(124544K)->6727K(124544K)
[178.454s][info][gc,heap        ] GC(541) Tenured: 1420276K(2490844K)->1420276K(2490844K)
[178.454s][info][gc,metaspace   ] GC(541) Metaspace: 125438K(130240K)->125438K(130240K) NonClass: 107755K(108416K)->107755K(108416K) Class: 17682K(21824K)->17682K(21824K)
[178.454s][info][gc             ] GC(541) Pause Young (Allocation Failure) 2366M->1393M(3527M) 8.130ms
[178.454s][info][gc,cpu         ] GC(541) User=0.02s Sys=0.00s Real=0.02s
[178.521s][info][gc,start       ] GC(542) Pause Young (Allocation Failure)
[178.529s][info][gc,heap        ] GC(542) DefNew: 1003079K(1120896K)->6721K(1120896K) Eden: 996352K(996352K)->0K(996352K) From: 6727K(124544K)->6721K(124544K)
[178.529s][info][gc,heap        ] GC(542) Tenured: 1420276K(2490844K)->1420276K(2490844K)
[178.529s][info][gc,metaspace   ] GC(542) Metaspace: 125438K(130240K)->125438K(130240K) NonClass: 107755K(108416K)->107755K(108416K) Class: 17682K(21824K)->17682K(21824K)
[178.529s][info][gc             ] GC(542) Pause Young (Allocation Failure) 2366M->1393M(3527M) 8.002ms
[178.529s][info][gc,cpu         ] GC(542) User=0.00s Sys=0.00s Real=0.00s
[178.597s][info][gc,start       ] GC(543) Pause Young (Allocation Failure)
[178.606s][info][gc,heap        ] GC(543) DefNew: 1003073K(1120896K)->6641K(1120896K) Eden: 996352K(996352K)->0K(996352K) From: 6721K(124544K)->6641K(124544K)
[178.606s][info][gc,heap        ] GC(543) Tenured: 1420276K(2490844K)->1420276K(2490844K)
[178.606s][info][gc,metaspace   ] GC(543) Metaspace: 125438K(130240K)->125438K(130240K) NonClass: 107755K(108416K)->107755K(108416K) Class: 17682K(21824K)->17682K(21824K)
[178.606s][info][gc             ] GC(543) Pause Young (Allocation Failure) 2366M->1393M(3527M) 9.653ms
[178.606s][info][gc,cpu         ] GC(543) User=0.02s Sys=0.00s Real=0.02s
[178.674s][info][gc,start       ] GC(544) Pause Young (Allocation Failure)
[178.684s][info][gc,heap        ] GC(544) DefNew: 1002993K(1120896K)->372K(1120896K) Eden: 996352K(996352K)->0K(996352K) From: 6641K(124544K)->372K(124544K)
[178.685s][info][gc,heap        ] GC(544) Tenured: 1420276K(2490844K)->1426660K(2490844K)
[178.685s][info][gc,metaspace   ] GC(544) Metaspace: 125438K(130240K)->125438K(130240K) NonClass: 107755K(108416K)->107755K(108416K) Class: 17682K(21824K)->17682K(21824K)
[178.685s][info][gc             ] GC(544) Pause Young (Allocation Failure) 2366M->1393M(3527M) 10.979ms
[178.685s][info][gc,cpu         ] GC(544) User=0.00s Sys=0.00s Real=0.00s
[179.291s][info][gc,start       ] GC(545) Pause Full (System.gc())
[179.291s][info][gc,phases,start] GC(545) Phase 1: Mark live objects
[179.363s][info][gc,phases      ] GC(545) Phase 1: Mark live objects 72.077ms
[179.363s][info][gc,phases,start] GC(545) Phase 2: Compute new object addresses
[179.490s][info][gc,phases      ] GC(545) Phase 2: Compute new object addresses 127.302ms
[179.490s][info][gc,phases,start] GC(545) Phase 3: Adjust pointers
[179.527s][info][gc,phases      ] GC(545) Phase 3: Adjust pointers 36.455ms
[179.527s][info][gc,phases,start] GC(545) Phase 4: Move objects
[179.781s][info][gc,phases      ] GC(545) Phase 4: Move objects 254.121ms
[179.782s][info][gc,heap        ] GC(545) DefNew: 419760K(1120896K)->0K(1120896K) Eden: 419388K(996352K)->0K(996352K) From: 372K(124544K)->0K(124544K)
[179.782s][info][gc,heap        ] GC(545) Tenured: 1426660K(2490844K)->1401034K(2490844K)
[179.782s][info][gc,metaspace   ] GC(545) Metaspace: 125441K(130240K)->125441K(130240K) NonClass: 107758K(108416K)->107758K(108416K) Class: 17682K(21824K)->17682K(21824K)
[179.782s][info][gc             ] GC(545) Pause Full (System.gc()) 1803M->1368M(3527M) 491.523ms
[179.782s][info][gc,cpu         ] GC(545) User=0.48s Sys=0.00s Real=0.48s
[179.928s][info][gc,start       ] GC(546) Pause Young (Allocation Failure)
[179.945s][info][gc,heap        ] GC(546) DefNew: 996352K(1120896K)->6595K(1120896K) Eden: 996352K(996352K)->0K(996352K) From: 0K(124544K)->6595K(124544K)
[179.945s][info][gc,heap        ] GC(546) Tenured: 1401034K(2490844K)->1401034K(2490844K)
[179.945s][info][gc,metaspace   ] GC(546) Metaspace: 125469K(130240K)->125469K(130240K) NonClass: 107786K(108416K)->107786K(108416K) Class: 17682K(21824K)->17682K(21824K)
[179.945s][info][gc             ] GC(546) Pause Young (Allocation Failure) 2341M->1374M(3527M) 16.698ms
[179.945s][info][gc,cpu         ] GC(546) User=0.03s Sys=0.00s Real=0.02s
[180.012s][info][gc,start       ] GC(547) Pause Young (Allocation Failure)
[180.020s][info][gc,heap        ] GC(547) DefNew: 1002947K(1120896K)->6616K(1120896K) Eden: 996352K(996352K)->0K(996352K) From: 6595K(124544K)->6616K(124544K)
[180.020s][info][gc,heap        ] GC(547) Tenured: 1401034K(2490844K)->1401034K(2490844K)
[180.020s][info][gc,metaspace   ] GC(547) Metaspace: 125469K(130240K)->125469K(130240K) NonClass: 107786K(108416K)->107786K(108416K) Class: 17682K(21824K)->17682K(21824K)
[180.020s][info][gc             ] GC(547) Pause Young (Allocation Failure) 2347M->1374M(3527M) 8.562ms
[180.021s][info][gc,cpu         ] GC(547) User=0.00s Sys=0.00s Real=0.00s
[180.087s][info][gc,start       ] GC(548) Pause Young (Allocation Failure)
[180.095s][info][gc,heap        ] GC(548) DefNew: 1002968K(1120896K)->6614K(1120896K) Eden: 996352K(996352K)->0K(996352K) From: 6616K(124544K)->6614K(124544K)
[180.095s][info][gc,heap        ] GC(548) Tenured: 1401034K(2490844K)->1401034K(2490844K)
[180.095s][info][gc,metaspace   ] GC(548) Metaspace: 125469K(130240K)->125469K(130240K) NonClass: 107786K(108416K)->107786K(108416K) Class: 17682K(21824K)->17682K(21824K)
[180.095s][info][gc             ] GC(548) Pause Young (Allocation Failure) 2347M->1374M(3527M) 7.948ms
[180.095s][info][gc,cpu         ] GC(548) User=0.00s Sys=0.00s Real=0.00s
[180.162s][info][gc,start       ] GC(549) Pause Young (Allocation Failure)
[180.170s][info][gc,heap        ] GC(549) DefNew: 1002966K(1120896K)->6621K(1120896K) Eden: 996352K(996352K)->0K(996352K) From: 6614K(124544K)->6621K(124544K)
[180.170s][info][gc,heap        ] GC(549) Tenured: 1401034K(2490844K)->1401034K(2490844K)
[180.170s][info][gc,metaspace   ] GC(549) Metaspace: 125469K(130240K)->125469K(130240K) NonClass: 107786K(108416K)->107786K(108416K) Class: 17682K(21824K)->17682K(21824K)
[180.170s][info][gc             ] GC(549) Pause Young (Allocation Failure) 2347M->1374M(3527M) 7.939ms
[180.170s][info][gc,cpu         ] GC(549) User=0.00s Sys=0.00s Real=0.00s
[180.236s][info][gc,start       ] GC(550) Pause Young (Allocation Failure)
[180.244s][info][gc,heap        ] GC(550) DefNew: 1002973K(1120896K)->6605K(1120896K) Eden: 996352K(996352K)->0K(996352K) From: 6621K(124544K)->6605K(124544K)
[180.244s][info][gc,heap        ] GC(550) Tenured: 1401034K(2490844K)->1401034K(2490844K)
[180.244s][info][gc,metaspace   ] GC(550) Metaspace: 125469K(130240K)->125469K(130240K) NonClass: 107786K(108416K)->107786K(108416K) Class: 17682K(21824K)->17682K(21824K)
[180.244s][info][gc             ] GC(550) Pause Young (Allocation Failure) 2347M->1374M(3527M) 7.933ms
[180.244s][info][gc,cpu         ] GC(550) User=0.00s Sys=0.00s Real=0.00s
[180.311s][info][gc,start       ] GC(551) Pause Young (Allocation Failure)
[180.319s][info][gc,heap        ] GC(551) DefNew: 1002957K(1120896K)->6623K(1120896K) Eden: 996352K(996352K)->0K(996352K) From: 6605K(124544K)->6623K(124544K)
[180.319s][info][gc,heap        ] GC(551) Tenured: 1401034K(2490844K)->1401034K(2490844K)
[180.319s][info][gc,metaspace   ] GC(551) Metaspace: 125469K(130240K)->125469K(130240K) NonClass: 107786K(108416K)->107786K(108416K) Class: 17682K(21824K)->17682K(21824K)
[180.319s][info][gc             ] GC(551) Pause Young (Allocation Failure) 2347M->1374M(3527M) 8.008ms
[180.319s][info][gc,cpu         ] GC(551) User=0.02s Sys=0.00s Real=0.01s
[180.386s][info][gc,start       ] GC(552) Pause Young (Allocation Failure)
[180.393s][info][gc,heap        ] GC(552) DefNew: 1002975K(1120896K)->6610K(1120896K) Eden: 996352K(996352K)->0K(996352K) From: 6623K(124544K)->6610K(124544K)
[180.393s][info][gc,heap        ] GC(552) Tenured: 1401034K(2490844K)->1401034K(2490844K)
[180.393s][info][gc,metaspace   ] GC(552) Metaspace: 125469K(130240K)->125469K(130240K) NonClass: 107786K(108416K)->107786K(108416K) Class: 17682K(21824K)->17682K(21824K)
[180.393s][info][gc             ] GC(552) Pause Young (Allocation Failure) 2347M->1374M(3527M) 7.947ms
[180.394s][info][gc,cpu         ] GC(552) User=0.02s Sys=0.00s Real=0.01s
[180.460s][info][gc,start       ] GC(553) Pause Young (Allocation Failure)
[180.468s][info][gc,heap        ] GC(553) DefNew: 1002962K(1120896K)->6628K(1120896K) Eden: 996352K(996352K)->0K(996352K) From: 6610K(124544K)->6628K(124544K)
[180.468s][info][gc,heap        ] GC(553) Tenured: 1401034K(2490844K)->1401034K(2490844K)
[180.468s][info][gc,metaspace   ] GC(553) Metaspace: 125469K(130240K)->125469K(130240K) NonClass: 107786K(108416K)->107786K(108416K) Class: 17682K(21824K)->17682K(21824K)
[180.468s][info][gc             ] GC(553) Pause Young (Allocation Failure) 2347M->1374M(3527M) 7.878ms
[180.468s][info][gc,cpu         ] GC(553) User=0.00s Sys=0.00s Real=0.00s
[180.534s][info][gc,start       ] GC(554) Pause Young (Allocation Failure)
[180.542s][info][gc,heap        ] GC(554) DefNew: 1002980K(1120896K)->6629K(1120896K) Eden: 996352K(996352K)->0K(996352K) From: 6628K(124544K)->6629K(124544K)
[180.542s][info][gc,heap        ] GC(554) Tenured: 1401034K(2490844K)->1401034K(2490844K)
[180.542s][info][gc,metaspace   ] GC(554) Metaspace: 125469K(130240K)->125469K(130240K) NonClass: 107786K(108416K)->107786K(108416K) Class: 17682K(21824K)->17682K(21824K)
[180.542s][info][gc             ] GC(554) Pause Young (Allocation Failure) 2347M->1374M(3527M) 7.930ms
[180.542s][info][gc,cpu         ] GC(554) User=0.02s Sys=0.00s Real=0.02s
[180.609s][info][gc,start       ] GC(555) Pause Young (Allocation Failure)
[180.617s][info][gc,heap        ] GC(555) DefNew: 1002981K(1120896K)->6612K(1120896K) Eden: 996352K(996352K)->0K(996352K) From: 6629K(124544K)->6612K(124544K)
[180.617s][info][gc,heap        ] GC(555) Tenured: 1401034K(2490844K)->1401034K(2490844K)
[180.617s][info][gc,metaspace   ] GC(555) Metaspace: 125469K(130240K)->125469K(130240K) NonClass: 107786K(108416K)->107786K(108416K) Class: 17682K(21824K)->17682K(21824K)
[180.617s][info][gc             ] GC(555) Pause Young (Allocation Failure) 2347M->1374M(3527M) 7.932ms
[180.617s][info][gc,cpu         ] GC(555) User=0.02s Sys=0.00s Real=0.02s
[180.683s][info][gc,start       ] GC(556) Pause Young (Allocation Failure)
[180.691s][info][gc,heap        ] GC(556) DefNew: 1002964K(1120896K)->6612K(1120896K) Eden: 996352K(996352K)->0K(996352K) From: 6612K(124544K)->6612K(124544K)
[180.691s][info][gc,heap        ] GC(556) Tenured: 1401034K(2490844K)->1401034K(2490844K)
[180.691s][info][gc,metaspace   ] GC(556) Metaspace: 125469K(130240K)->125469K(130240K) NonClass: 107786K(108416K)->107786K(108416K) Class: 17682K(21824K)->17682K(21824K)
[180.691s][info][gc             ] GC(556) Pause Young (Allocation Failure) 2347M->1374M(3527M) 7.911ms
[180.691s][info][gc,cpu         ] GC(556) User=0.00s Sys=0.00s Real=0.00s
[180.758s][info][gc,start       ] GC(557) Pause Young (Allocation Failure)
[180.766s][info][gc,heap        ] GC(557) DefNew: 1002964K(1120896K)->6734K(1120896K) Eden: 996352K(996352K)->0K(996352K) From: 6612K(124544K)->6734K(124544K)
[180.766s][info][gc,heap        ] GC(557) Tenured: 1401034K(2490844K)->1401034K(2490844K)
[180.766s][info][gc,metaspace   ] GC(557) Metaspace: 125469K(130240K)->125469K(130240K) NonClass: 107786K(108416K)->107786K(108416K) Class: 17682K(21824K)->17682K(21824K)
[180.766s][info][gc             ] GC(557) Pause Young (Allocation Failure) 2347M->1374M(3527M) 8.204ms
[180.766s][info][gc,cpu         ] GC(557) User=0.02s Sys=0.00s Real=0.02s
[180.833s][info][gc,start       ] GC(558) Pause Young (Allocation Failure)
[180.841s][info][gc,heap        ] GC(558) DefNew: 1003086K(1120896K)->6736K(1120896K) Eden: 996352K(996352K)->0K(996352K) From: 6734K(124544K)->6736K(124544K)
[180.841s][info][gc,heap        ] GC(558) Tenured: 1401034K(2490844K)->1401034K(2490844K)
[180.841s][info][gc,metaspace   ] GC(558) Metaspace: 125469K(130240K)->125469K(130240K) NonClass: 107786K(108416K)->107786K(108416K) Class: 17682K(21824K)->17682K(21824K)
[180.841s][info][gc             ] GC(558) Pause Young (Allocation Failure) 2347M->1374M(3527M) 8.002ms
[180.841s][info][gc,cpu         ] GC(558) User=0.00s Sys=0.00s Real=0.00s
[180.907s][info][gc,start       ] GC(559) Pause Young (Allocation Failure)
[180.915s][info][gc,heap        ] GC(559) DefNew: 1003088K(1120896K)->6645K(1120896K) Eden: 996352K(996352K)->0K(996352K) From: 6736K(124544K)->6645K(124544K)
[180.915s][info][gc,heap        ] GC(559) Tenured: 1401034K(2490844K)->1401034K(2490844K)
[180.915s][info][gc,metaspace   ] GC(559) Metaspace: 125469K(130240K)->125469K(130240K) NonClass: 107786K(108416K)->107786K(108416K) Class: 17682K(21824K)->17682K(21824K)
[180.915s][info][gc             ] GC(559) Pause Young (Allocation Failure) 2347M->1374M(3527M) 8.113ms
[180.915s][info][gc,cpu         ] GC(559) User=0.00s Sys=0.00s Real=0.00s
[180.982s][info][gc,start       ] GC(560) Pause Young (Allocation Failure)
[180.991s][info][gc,heap        ] GC(560) DefNew: 1002997K(1120896K)->6658K(1120896K) Eden: 996352K(996352K)->0K(996352K) From: 6645K(124544K)->6658K(124544K)
[180.991s][info][gc,heap        ] GC(560) Tenured: 1401034K(2490844K)->1401034K(2490844K)
[180.991s][info][gc,metaspace   ] GC(560) Metaspace: 125469K(130240K)->125469K(130240K) NonClass: 107786K(108416K)->107786K(108416K) Class: 17682K(21824K)->17682K(21824K)
[180.991s][info][gc             ] GC(560) Pause Young (Allocation Failure) 2347M->1374M(3527M) 9.521ms
[180.991s][info][gc,cpu         ] GC(560) User=0.02s Sys=0.00s Real=0.02s
[181.059s][info][gc,start       ] GC(561) Pause Young (Allocation Failure)
[181.071s][info][gc,heap        ] GC(561) DefNew: 1003010K(1120896K)->928K(1120896K) Eden: 996352K(996352K)->0K(996352K) From: 6658K(124544K)->928K(124544K)
[181.071s][info][gc,heap        ] GC(561) Tenured: 1401034K(2490844K)->1407342K(2490844K)
[181.071s][info][gc,metaspace   ] GC(561) Metaspace: 125469K(130240K)->125469K(130240K) NonClass: 107786K(108416K)->107786K(108416K) Class: 17682K(21824K)->17682K(21824K)
[181.071s][info][gc             ] GC(561) Pause Young (Allocation Failure) 2347M->1375M(3527M) 11.694ms
[181.071s][info][gc,cpu         ] GC(561) User=0.00s Sys=0.00s Real=0.00s
[181.647s][info][gc,start       ] GC(562) Pause Full (System.gc())
[181.647s][info][gc,phases,start] GC(562) Phase 1: Mark live objects
[181.731s][info][gc,phases      ] GC(562) Phase 1: Mark live objects 84.247ms
[181.732s][info][gc,phases,start] GC(562) Phase 2: Compute new object addresses
[181.854s][info][gc,phases      ] GC(562) Phase 2: Compute new object addresses 122.507ms
[181.854s][info][gc,phases,start] GC(562) Phase 3: Adjust pointers
[181.889s][info][gc,phases      ] GC(562) Phase 3: Adjust pointers 34.776ms
[181.889s][info][gc,phases,start] GC(562) Phase 4: Move objects
[181.889s][info][gc,phases      ] GC(562) Phase 4: Move objects 0.095ms
[181.890s][info][gc,heap        ] GC(562) DefNew: 424660K(1120896K)->0K(1120896K) Eden: 423731K(996352K)->0K(996352K) From: 928K(124544K)->0K(124544K)
[181.890s][info][gc,heap        ] GC(562) Tenured: 1407342K(2490844K)->1407529K(2490844K)
[181.890s][info][gc,metaspace   ] GC(562) Metaspace: 125471K(130240K)->125471K(130240K) NonClass: 107789K(108416K)->107789K(108416K) Class: 17682K(21824K)->17682K(21824K)
[181.890s][info][gc             ] GC(562) Pause Full (System.gc()) 1789M->1374M(3527M) 243.018ms
[181.890s][info][gc,cpu         ] GC(562) User=0.25s Sys=0.00s Real=0.25s
[182.022s][info][gc,start       ] GC(563) Pause Young (Allocation Failure)
[182.034s][info][gc,heap        ] GC(563) DefNew: 996352K(1120896K)->6590K(1120896K) Eden: 996352K(996352K)->0K(996352K) From: 0K(124544K)->6590K(124544K)
[182.034s][info][gc,heap        ] GC(563) Tenured: 1407529K(2490844K)->1407529K(2490844K)
[182.034s][info][gc,metaspace   ] GC(563) Metaspace: 125554K(130368K)->125554K(130368K) NonClass: 107872K(108544K)->107872K(108544K) Class: 17682K(21824K)->17682K(21824K)
[182.034s][info][gc             ] GC(563) Pause Young (Allocation Failure) 2347M->1380M(3527M) 12.255ms
[182.034s][info][gc,cpu         ] GC(563) User=0.02s Sys=0.00s Real=0.02s
[182.101s][info][gc,start       ] GC(564) Pause Young (Allocation Failure)
[182.109s][info][gc,heap        ] GC(564) DefNew: 1002942K(1120896K)->6612K(1120896K) Eden: 996352K(996352K)->0K(996352K) From: 6590K(124544K)->6612K(124544K)
[182.109s][info][gc,heap        ] GC(564) Tenured: 1407529K(2490844K)->1407529K(2490844K)
[182.109s][info][gc,metaspace   ] GC(564) Metaspace: 125554K(130368K)->125554K(130368K) NonClass: 107872K(108544K)->107872K(108544K) Class: 17682K(21824K)->17682K(21824K)
[182.109s][info][gc             ] GC(564) Pause Young (Allocation Failure) 2353M->1380M(3527M) 8.057ms
[182.109s][info][gc,cpu         ] GC(564) User=0.00s Sys=0.00s Real=0.00s
[182.177s][info][gc,start       ] GC(565) Pause Young (Allocation Failure)
[182.185s][info][gc,heap        ] GC(565) DefNew: 1002964K(1120896K)->6628K(1120896K) Eden: 996352K(996352K)->0K(996352K) From: 6612K(124544K)->6628K(124544K)
[182.185s][info][gc,heap        ] GC(565) Tenured: 1407529K(2490844K)->1407529K(2490844K)
[182.185s][info][gc,metaspace   ] GC(565) Metaspace: 125554K(130368K)->125554K(130368K) NonClass: 107872K(108544K)->107872K(108544K) Class: 17682K(21824K)->17682K(21824K)
[182.185s][info][gc             ] GC(565) Pause Young (Allocation Failure) 2353M->1381M(3527M) 8.486ms
[182.185s][info][gc,cpu         ] GC(565) User=0.00s Sys=0.00s Real=0.00s
[182.253s][info][gc,start       ] GC(566) Pause Young (Allocation Failure)
[182.260s][info][gc,heap        ] GC(566) DefNew: 1002980K(1120896K)->6630K(1120896K) Eden: 996352K(996352K)->0K(996352K) From: 6628K(124544K)->6630K(124544K)
[182.261s][info][gc,heap        ] GC(566) Tenured: 1407529K(2490844K)->1407529K(2490844K)
[182.261s][info][gc,metaspace   ] GC(566) Metaspace: 125554K(130368K)->125554K(130368K) NonClass: 107872K(108544K)->107872K(108544K) Class: 17682K(21824K)->17682K(21824K)
[182.261s][info][gc             ] GC(566) Pause Young (Allocation Failure) 2354M->1381M(3527M) 7.883ms
[182.261s][info][gc,cpu         ] GC(566) User=0.00s Sys=0.00s Real=0.00s
[182.328s][info][gc,start       ] GC(567) Pause Young (Allocation Failure)
[182.336s][info][gc,heap        ] GC(567) DefNew: 1002982K(1120896K)->6621K(1120896K) Eden: 996352K(996352K)->0K(996352K) From: 6630K(124544K)->6621K(124544K)
[182.336s][info][gc,heap        ] GC(567) Tenured: 1407529K(2490844K)->1407529K(2490844K)
[182.336s][info][gc,metaspace   ] GC(567) Metaspace: 125554K(130368K)->125554K(130368K) NonClass: 107872K(108544K)->107872K(108544K) Class: 17682K(21824K)->17682K(21824K)
[182.336s][info][gc             ] GC(567) Pause Young (Allocation Failure) 2354M->1381M(3527M) 7.947ms
[182.336s][info][gc,cpu         ] GC(567) User=0.00s Sys=0.00s Real=0.00s
[182.403s][info][gc,start       ] GC(568) Pause Young (Allocation Failure)
[182.411s][info][gc,heap        ] GC(568) DefNew: 1002973K(1120896K)->6620K(1120896K) Eden: 996352K(996352K)->0K(996352K) From: 6621K(124544K)->6620K(124544K)
[182.411s][info][gc,heap        ] GC(568) Tenured: 1407529K(2490844K)->1407529K(2490844K)
[182.411s][info][gc,metaspace   ] GC(568) Metaspace: 125554K(130368K)->125554K(130368K) NonClass: 107872K(108544K)->107872K(108544K) Class: 17682K(21824K)->17682K(21824K)
[182.411s][info][gc             ] GC(568) Pause Young (Allocation Failure) 2354M->1381M(3527M) 7.911ms
[182.411s][info][gc,cpu         ] GC(568) User=0.00s Sys=0.00s Real=0.00s
[182.478s][info][gc,start       ] GC(569) Pause Young (Allocation Failure)
[182.486s][info][gc,heap        ] GC(569) DefNew: 1002972K(1120896K)->6602K(1120896K) Eden: 996352K(996352K)->0K(996352K) From: 6620K(124544K)->6602K(124544K)
[182.486s][info][gc,heap        ] GC(569) Tenured: 1407529K(2490844K)->1407529K(2490844K)
[182.486s][info][gc,metaspace   ] GC(569) Metaspace: 125554K(130368K)->125554K(130368K) NonClass: 107872K(108544K)->107872K(108544K) Class: 17682K(21824K)->17682K(21824K)
[182.486s][info][gc             ] GC(569) Pause Young (Allocation Failure) 2354M->1380M(3527M) 7.960ms
[182.486s][info][gc,cpu         ] GC(569) User=0.02s Sys=0.00s Real=0.01s
[182.553s][info][gc,start       ] GC(570) Pause Young (Allocation Failure)
[182.561s][info][gc,heap        ] GC(570) DefNew: 1002954K(1120896K)->6635K(1120896K) Eden: 996352K(996352K)->0K(996352K) From: 6602K(124544K)->6635K(124544K)
[182.561s][info][gc,heap        ] GC(570) Tenured: 1407529K(2490844K)->1407529K(2490844K)
[182.561s][info][gc,metaspace   ] GC(570) Metaspace: 125554K(130368K)->125554K(130368K) NonClass: 107872K(108544K)->107872K(108544K) Class: 17682K(21824K)->17682K(21824K)
[182.561s][info][gc             ] GC(570) Pause Young (Allocation Failure) 2353M->1381M(3527M) 7.898ms
[182.561s][info][gc,cpu         ] GC(570) User=0.00s Sys=0.00s Real=0.00s
[182.628s][info][gc,start       ] GC(571) Pause Young (Allocation Failure)
[182.636s][info][gc,heap        ] GC(571) DefNew: 1002987K(1120896K)->6605K(1120896K) Eden: 996352K(996352K)->0K(996352K) From: 6635K(124544K)->6605K(124544K)
[182.636s][info][gc,heap        ] GC(571) Tenured: 1407529K(2490844K)->1407529K(2490844K)
[182.636s][info][gc,metaspace   ] GC(571) Metaspace: 125554K(130368K)->125554K(130368K) NonClass: 107872K(108544K)->107872K(108544K) Class: 17682K(21824K)->17682K(21824K)
[182.636s][info][gc             ] GC(571) Pause Young (Allocation Failure) 2354M->1380M(3527M) 7.918ms
[182.636s][info][gc,cpu         ] GC(571) User=0.02s Sys=0.00s Real=0.02s
[182.704s][info][gc,start       ] GC(572) Pause Young (Allocation Failure)
[182.711s][info][gc,heap        ] GC(572) DefNew: 1002957K(1120896K)->6606K(1120896K) Eden: 996352K(996352K)->0K(996352K) From: 6605K(124544K)->6606K(124544K)
[182.712s][info][gc,heap        ] GC(572) Tenured: 1407529K(2490844K)->1407529K(2490844K)
[182.712s][info][gc,metaspace   ] GC(572) Metaspace: 125554K(130368K)->125554K(130368K) NonClass: 107872K(108544K)->107872K(108544K) Class: 17682K(21824K)->17682K(21824K)
[182.712s][info][gc             ] GC(572) Pause Young (Allocation Failure) 2353M->1380M(3527M) 8.002ms
[182.712s][info][gc,cpu         ] GC(572) User=0.00s Sys=0.00s Real=0.00s
[182.779s][info][gc,start       ] GC(573) Pause Young (Allocation Failure)
[182.787s][info][gc,heap        ] GC(573) DefNew: 1002958K(1120896K)->6607K(1120896K) Eden: 996352K(996352K)->0K(996352K) From: 6606K(124544K)->6607K(124544K)
[182.787s][info][gc,heap        ] GC(573) Tenured: 1407529K(2490844K)->1407529K(2490844K)
[182.787s][info][gc,metaspace   ] GC(573) Metaspace: 125554K(130368K)->125554K(130368K) NonClass: 107872K(108544K)->107872K(108544K) Class: 17682K(21824K)->17682K(21824K)
[182.787s][info][gc             ] GC(573) Pause Young (Allocation Failure) 2353M->1380M(3527M) 7.840ms
[182.787s][info][gc,cpu         ] GC(573) User=0.00s Sys=0.00s Real=0.00s
[182.854s][info][gc,start       ] GC(574) Pause Young (Allocation Failure)
[182.862s][info][gc,heap        ] GC(574) DefNew: 1002959K(1120896K)->6620K(1120896K) Eden: 996352K(996352K)->0K(996352K) From: 6607K(124544K)->6620K(124544K)
[182.862s][info][gc,heap        ] GC(574) Tenured: 1407529K(2490844K)->1407529K(2490844K)
[182.862s][info][gc,metaspace   ] GC(574) Metaspace: 125554K(130368K)->125554K(130368K) NonClass: 107872K(108544K)->107872K(108544K) Class: 17682K(21824K)->17682K(21824K)
[182.862s][info][gc             ] GC(574) Pause Young (Allocation Failure) 2353M->1381M(3527M) 7.862ms
[182.862s][info][gc,cpu         ] GC(574) User=0.02s Sys=0.00s Real=0.02s
[182.929s][info][gc,start       ] GC(575) Pause Young (Allocation Failure)
[182.938s][info][gc,heap        ] GC(575) DefNew: 1002972K(1120896K)->6733K(1120896K) Eden: 996352K(996352K)->0K(996352K) From: 6620K(124544K)->6733K(124544K)
[182.938s][info][gc,heap        ] GC(575) Tenured: 1407529K(2490844K)->1407529K(2490844K)
[182.938s][info][gc,metaspace   ] GC(575) Metaspace: 125554K(130368K)->125554K(130368K) NonClass: 107872K(108544K)->107872K(108544K) Class: 17682K(21824K)->17682K(21824K)
[182.938s][info][gc             ] GC(575) Pause Young (Allocation Failure) 2354M->1381M(3527M) 8.215ms
[182.938s][info][gc,cpu         ] GC(575) User=0.02s Sys=0.00s Real=0.02s
[183.004s][info][gc,start       ] GC(576) Pause Young (Allocation Failure)
[183.012s][info][gc,heap        ] GC(576) DefNew: 1003085K(1120896K)->6686K(1120896K) Eden: 996352K(996352K)->0K(996352K) From: 6733K(124544K)->6686K(124544K)
[183.012s][info][gc,heap        ] GC(576) Tenured: 1407529K(2490844K)->1407529K(2490844K)
[183.012s][info][gc,metaspace   ] GC(576) Metaspace: 125554K(130368K)->125554K(130368K) NonClass: 107872K(108544K)->107872K(108544K) Class: 17682K(21824K)->17682K(21824K)
[183.012s][info][gc             ] GC(576) Pause Young (Allocation Failure) 2354M->1381M(3527M) 8.009ms
[183.012s][info][gc,cpu         ] GC(576) User=0.00s Sys=0.00s Real=0.00s
[183.079s][info][gc,start       ] GC(577) Pause Young (Allocation Failure)
[183.087s][info][gc,heap        ] GC(577) DefNew: 1003038K(1120896K)->6637K(1120896K) Eden: 996352K(996352K)->0K(996352K) From: 6686K(124544K)->6637K(124544K)
[183.087s][info][gc,heap        ] GC(577) Tenured: 1407529K(2490844K)->1407529K(2490844K)
[183.087s][info][gc,metaspace   ] GC(577) Metaspace: 125554K(130368K)->125554K(130368K) NonClass: 107872K(108544K)->107872K(108544K) Class: 17682K(21824K)->17682K(21824K)
[183.087s][info][gc             ] GC(577) Pause Young (Allocation Failure) 2354M->1381M(3527M) 8.136ms
[183.087s][info][gc,cpu         ] GC(577) User=0.00s Sys=0.00s Real=0.00s
[183.155s][info][gc,start       ] GC(578) Pause Young (Allocation Failure)
[183.165s][info][gc,heap        ] GC(578) DefNew: 1002989K(1120896K)->379K(1120896K) Eden: 996352K(996352K)->0K(996352K) From: 6637K(124544K)->379K(124544K)
[183.165s][info][gc,heap        ] GC(578) Tenured: 1407529K(2490844K)->1413881K(2490844K)
[183.165s][info][gc,metaspace   ] GC(578) Metaspace: 125554K(130368K)->125554K(130368K) NonClass: 107872K(108544K)->107872K(108544K) Class: 17682K(21824K)->17682K(21824K)
[183.165s][info][gc             ] GC(578) Pause Young (Allocation Failure) 2354M->1381M(3527M) 9.589ms
[183.165s][info][gc,cpu         ] GC(578) User=0.00s Sys=0.00s Real=0.00s
[183.787s][info][gc,start       ] GC(579) Pause Full (System.gc())
[183.787s][info][gc,phases,start] GC(579) Phase 1: Mark live objects
[183.857s][info][gc,phases      ] GC(579) Phase 1: Mark live objects 69.870ms
[183.857s][info][gc,phases,start] GC(579) Phase 2: Compute new object addresses
[183.972s][info][gc,phases      ] GC(579) Phase 2: Compute new object addresses 114.184ms
[183.972s][info][gc,phases,start] GC(579) Phase 3: Adjust pointers
[184.007s][info][gc,phases      ] GC(579) Phase 3: Adjust pointers 35.189ms
[184.007s][info][gc,phases,start] GC(579) Phase 4: Move objects
[184.007s][info][gc,phases      ] GC(579) Phase 4: Move objects 0.093ms
[184.008s][info][gc,heap        ] GC(579) DefNew: 419894K(1120896K)->0K(1120896K) Eden: 419514K(996352K)->0K(996352K) From: 379K(124544K)->0K(124544K)
[184.008s][info][gc,heap        ] GC(579) Tenured: 1413881K(2490844K)->1414066K(2490844K)
[184.008s][info][gc,metaspace   ] GC(579) Metaspace: 125554K(130368K)->125554K(130368K) NonClass: 107872K(108544K)->107872K(108544K) Class: 17682K(21824K)->17682K(21824K)
[184.008s][info][gc             ] GC(579) Pause Full (System.gc()) 1790M->1380M(3527M) 220.721ms
[184.008s][info][gc,cpu         ] GC(579) User=0.22s Sys=0.00s Real=0.22s
[184.141s][info][gc,start       ] GC(580) Pause Young (Allocation Failure)
[184.153s][info][gc,heap        ] GC(580) DefNew: 996352K(1120896K)->6543K(1120896K) Eden: 996352K(996352K)->0K(996352K) From: 0K(124544K)->6543K(124544K)
[184.153s][info][gc,heap        ] GC(580) Tenured: 1414066K(2490844K)->1414066K(2490844K)
[184.153s][info][gc,metaspace   ] GC(580) Metaspace: 125618K(130432K)->125618K(130432K) NonClass: 107936K(108608K)->107936K(108608K) Class: 17682K(21824K)->17682K(21824K)
[184.153s][info][gc             ] GC(580) Pause Young (Allocation Failure) 2353M->1387M(3527M) 12.234ms
[184.154s][info][gc,cpu         ] GC(580) User=0.00s Sys=0.00s Real=0.00s
[184.221s][info][gc,start       ] GC(581) Pause Young (Allocation Failure)
[184.229s][info][gc,heap        ] GC(581) DefNew: 1002895K(1120896K)->6613K(1120896K) Eden: 996352K(996352K)->0K(996352K) From: 6543K(124544K)->6613K(124544K)
[184.229s][info][gc,heap        ] GC(581) Tenured: 1414066K(2490844K)->1414066K(2490844K)
[184.229s][info][gc,metaspace   ] GC(581) Metaspace: 125618K(130432K)->125618K(130432K) NonClass: 107936K(108608K)->107936K(108608K) Class: 17682K(21824K)->17682K(21824K)
[184.229s][info][gc             ] GC(581) Pause Young (Allocation Failure) 2360M->1387M(3527M) 7.993ms
[184.230s][info][gc,cpu         ] GC(581) User=0.00s Sys=0.00s Real=0.00s
[184.296s][info][gc,start       ] GC(582) Pause Young (Allocation Failure)
[184.304s][info][gc,heap        ] GC(582) DefNew: 1002965K(1120896K)->6589K(1120896K) Eden: 996352K(996352K)->0K(996352K) From: 6613K(124544K)->6589K(124544K)
[184.304s][info][gc,heap        ] GC(582) Tenured: 1414066K(2490844K)->1414066K(2490844K)
[184.304s][info][gc,metaspace   ] GC(582) Metaspace: 125618K(130432K)->125618K(130432K) NonClass: 107936K(108608K)->107936K(108608K) Class: 17682K(21824K)->17682K(21824K)
[184.304s][info][gc             ] GC(582) Pause Young (Allocation Failure) 2360M->1387M(3527M) 7.934ms
[184.304s][info][gc,cpu         ] GC(582) User=0.00s Sys=0.00s Real=0.00s
[184.371s][info][gc,start       ] GC(583) Pause Young (Allocation Failure)
[184.379s][info][gc,heap        ] GC(583) DefNew: 1002941K(1120896K)->6615K(1120896K) Eden: 996352K(996352K)->0K(996352K) From: 6589K(124544K)->6615K(124544K)
[184.379s][info][gc,heap        ] GC(583) Tenured: 1414066K(2490844K)->1414066K(2490844K)
[184.379s][info][gc,metaspace   ] GC(583) Metaspace: 125618K(130432K)->125618K(130432K) NonClass: 107936K(108608K)->107936K(108608K) Class: 17682K(21824K)->17682K(21824K)
[184.379s][info][gc             ] GC(583) Pause Young (Allocation Failure) 2360M->1387M(3527M) 7.923ms
[184.379s][info][gc,cpu         ] GC(583) User=0.00s Sys=0.00s Real=0.00s
[184.447s][info][gc,start       ] GC(584) Pause Young (Allocation Failure)
[184.454s][info][gc,heap        ] GC(584) DefNew: 1002967K(1120896K)->6625K(1120896K) Eden: 996352K(996352K)->0K(996352K) From: 6615K(124544K)->6625K(124544K)
[184.454s][info][gc,heap        ] GC(584) Tenured: 1414066K(2490844K)->1414066K(2490844K)
[184.454s][info][gc,metaspace   ] GC(584) Metaspace: 125618K(130432K)->125618K(130432K) NonClass: 107936K(108608K)->107936K(108608K) Class: 17682K(21824K)->17682K(21824K)
[184.454s][info][gc             ] GC(584) Pause Young (Allocation Failure) 2360M->1387M(3527M) 7.920ms
[184.455s][info][gc,cpu         ] GC(584) User=0.02s Sys=0.00s Real=0.02s
[184.522s][info][gc,start       ] GC(585) Pause Young (Allocation Failure)
[184.529s][info][gc,heap        ] GC(585) DefNew: 1002977K(1120896K)->6597K(1120896K) Eden: 996352K(996352K)->0K(996352K) From: 6625K(124544K)->6597K(124544K)
[184.529s][info][gc,heap        ] GC(585) Tenured: 1414066K(2490844K)->1414066K(2490844K)
[184.529s][info][gc,metaspace   ] GC(585) Metaspace: 125618K(130432K)->125618K(130432K) NonClass: 107936K(108608K)->107936K(108608K) Class: 17682K(21824K)->17682K(21824K)
[184.529s][info][gc             ] GC(585) Pause Young (Allocation Failure) 2360M->1387M(3527M) 7.920ms
[184.530s][info][gc,cpu         ] GC(585) User=0.00s Sys=0.00s Real=0.00s
[184.597s][info][gc,start       ] GC(586) Pause Young (Allocation Failure)
[184.605s][info][gc,heap        ] GC(586) DefNew: 1002949K(1120896K)->6615K(1120896K) Eden: 996352K(996352K)->0K(996352K) From: 6597K(124544K)->6615K(124544K)
[184.605s][info][gc,heap        ] GC(586) Tenured: 1414066K(2490844K)->1414066K(2490844K)
[184.605s][info][gc,metaspace   ] GC(586) Metaspace: 125618K(130432K)->125618K(130432K) NonClass: 107936K(108608K)->107936K(108608K) Class: 17682K(21824K)->17682K(21824K)
[184.605s][info][gc             ] GC(586) Pause Young (Allocation Failure) 2360M->1387M(3527M) 8.101ms
[184.605s][info][gc,cpu         ] GC(586) User=0.00s Sys=0.00s Real=0.00s
[184.673s][info][gc,start       ] GC(587) Pause Young (Allocation Failure)
[184.680s][info][gc,heap        ] GC(587) DefNew: 1002967K(1120896K)->6599K(1120896K) Eden: 996352K(996352K)->0K(996352K) From: 6615K(124544K)->6599K(124544K)
[184.680s][info][gc,heap        ] GC(587) Tenured: 1414066K(2490844K)->1414066K(2490844K)
[184.680s][info][gc,metaspace   ] GC(587) Metaspace: 125618K(130432K)->125618K(130432K) NonClass: 107936K(108608K)->107936K(108608K) Class: 17682K(21824K)->17682K(21824K)
[184.681s][info][gc             ] GC(587) Pause Young (Allocation Failure) 2360M->1387M(3527M) 7.975ms
[184.681s][info][gc,cpu         ] GC(587) User=0.02s Sys=0.00s Real=0.02s
[184.748s][info][gc,start       ] GC(588) Pause Young (Allocation Failure)
[184.755s][info][gc,heap        ] GC(588) DefNew: 1002951K(1120896K)->6612K(1120896K) Eden: 996352K(996352K)->0K(996352K) From: 6599K(124544K)->6612K(124544K)
[184.756s][info][gc,heap        ] GC(588) Tenured: 1414066K(2490844K)->1414066K(2490844K)
[184.756s][info][gc,metaspace   ] GC(588) Metaspace: 125618K(130432K)->125618K(130432K) NonClass: 107936K(108608K)->107936K(108608K) Class: 17682K(21824K)->17682K(21824K)
[184.756s][info][gc             ] GC(588) Pause Young (Allocation Failure) 2360M->1387M(3527M) 7.921ms
[184.756s][info][gc,cpu         ] GC(588) User=0.02s Sys=0.00s Real=0.02s
[184.823s][info][gc,start       ] GC(589) Pause Young (Allocation Failure)
[184.830s][info][gc,heap        ] GC(589) DefNew: 1002964K(1120896K)->6621K(1120896K) Eden: 996352K(996352K)->0K(996352K) From: 6612K(124544K)->6621K(124544K)
[184.830s][info][gc,heap        ] GC(589) Tenured: 1414066K(2490844K)->1414066K(2490844K)
[184.831s][info][gc,metaspace   ] GC(589) Metaspace: 125618K(130432K)->125618K(130432K) NonClass: 107936K(108608K)->107936K(108608K) Class: 17682K(21824K)->17682K(21824K)
[184.831s][info][gc             ] GC(589) Pause Young (Allocation Failure) 2360M->1387M(3527M) 7.875ms
[184.831s][info][gc,cpu         ] GC(589) User=0.02s Sys=0.00s Real=0.01s
[184.898s][info][gc,start       ] GC(590) Pause Young (Allocation Failure)
[184.905s][info][gc,heap        ] GC(590) DefNew: 1002973K(1120896K)->6610K(1120896K) Eden: 996352K(996352K)->0K(996352K) From: 6621K(124544K)->6610K(124544K)
[184.905s][info][gc,heap        ] GC(590) Tenured: 1414066K(2490844K)->1414066K(2490844K)
[184.905s][info][gc,metaspace   ] GC(590) Metaspace: 125618K(130432K)->125618K(130432K) NonClass: 107936K(108608K)->107936K(108608K) Class: 17682K(21824K)->17682K(21824K)
[184.905s][info][gc             ] GC(590) Pause Young (Allocation Failure) 2360M->1387M(3527M) 7.737ms
[184.905s][info][gc,cpu         ] GC(590) User=0.00s Sys=0.00s Real=0.00s
[184.973s][info][gc,start       ] GC(591) Pause Young (Allocation Failure)
[184.981s][info][gc,heap        ] GC(591) DefNew: 1002962K(1120896K)->6609K(1120896K) Eden: 996352K(996352K)->0K(996352K) From: 6610K(124544K)->6609K(124544K)
[184.981s][info][gc,heap        ] GC(591) Tenured: 1414066K(2490844K)->1414066K(2490844K)
[184.981s][info][gc,metaspace   ] GC(591) Metaspace: 125618K(130432K)->125618K(130432K) NonClass: 107936K(108608K)->107936K(108608K) Class: 17682K(21824K)->17682K(21824K)
[184.981s][info][gc             ] GC(591) Pause Young (Allocation Failure) 2360M->1387M(3527M) 7.869ms
[184.981s][info][gc,cpu         ] GC(591) User=0.00s Sys=0.00s Real=0.00s
[185.048s][info][gc,start       ] GC(592) Pause Young (Allocation Failure)
[185.056s][info][gc,heap        ] GC(592) DefNew: 1002961K(1120896K)->6697K(1120896K) Eden: 996352K(996352K)->0K(996352K) From: 6609K(124544K)->6697K(124544K)
[185.056s][info][gc,heap        ] GC(592) Tenured: 1414066K(2490844K)->1414066K(2490844K)
[185.056s][info][gc,metaspace   ] GC(592) Metaspace: 125618K(130432K)->125618K(130432K) NonClass: 107936K(108608K)->107936K(108608K) Class: 17682K(21824K)->17682K(21824K)
[185.056s][info][gc             ] GC(592) Pause Young (Allocation Failure) 2360M->1387M(3527M) 8.208ms
[185.056s][info][gc,cpu         ] GC(592) User=0.02s Sys=0.00s Real=0.01s
[185.124s][info][gc,start       ] GC(593) Pause Young (Allocation Failure)
[185.131s][info][gc,heap        ] GC(593) DefNew: 1003049K(1120896K)->6829K(1120896K) Eden: 996352K(996352K)->0K(996352K) From: 6697K(124544K)->6829K(124544K)
[185.131s][info][gc,heap        ] GC(593) Tenured: 1414066K(2490844K)->1414066K(2490844K)
[185.131s][info][gc,metaspace   ] GC(593) Metaspace: 125618K(130432K)->125618K(130432K) NonClass: 107936K(108608K)->107936K(108608K) Class: 17682K(21824K)->17682K(21824K)
[185.132s][info][gc             ] GC(593) Pause Young (Allocation Failure) 2360M->1387M(3527M) 8.061ms
[185.132s][info][gc,cpu         ] GC(593) User=0.02s Sys=0.00s Real=0.02s
[185.199s][info][gc,start       ] GC(594) Pause Young (Allocation Failure)
[185.207s][info][gc,heap        ] GC(594) DefNew: 1003181K(1120896K)->6825K(1120896K) Eden: 996351K(996352K)->0K(996352K) From: 6829K(124544K)->6825K(124544K)
[185.207s][info][gc,heap        ] GC(594) Tenured: 1414066K(2490844K)->1414066K(2490844K)
[185.207s][info][gc,metaspace   ] GC(594) Metaspace: 125618K(130432K)->125618K(130432K) NonClass: 107936K(108608K)->107936K(108608K) Class: 17682K(21824K)->17682K(21824K)
[185.207s][info][gc             ] GC(594) Pause Young (Allocation Failure) 2360M->1387M(3527M) 7.993ms
[185.207s][info][gc,cpu         ] GC(594) User=0.00s Sys=0.00s Real=0.00s
[185.275s][info][gc,start       ] GC(595) Pause Young (Allocation Failure)
[185.284s][info][gc,heap        ] GC(595) DefNew: 1003177K(1120896K)->607K(1120896K) Eden: 996352K(996352K)->0K(996352K) From: 6825K(124544K)->607K(124544K)
[185.284s][info][gc,heap        ] GC(595) Tenured: 1414066K(2490844K)->1420379K(2490844K)
[185.284s][info][gc,metaspace   ] GC(595) Metaspace: 125618K(130432K)->125618K(130432K) NonClass: 107936K(108608K)->107936K(108608K) Class: 17682K(21824K)->17682K(21824K)
[185.284s][info][gc             ] GC(595) Pause Young (Allocation Failure) 2360M->1387M(3527M) 9.470ms
[185.284s][info][gc,cpu         ] GC(595) User=0.00s Sys=0.00s Real=0.00s
[185.899s][info][gc,start       ] GC(596) Pause Full (System.gc())
[185.899s][info][gc,phases,start] GC(596) Phase 1: Mark live objects
[185.968s][info][gc,phases      ] GC(596) Phase 1: Mark live objects 69.090ms
[185.968s][info][gc,phases,start] GC(596) Phase 2: Compute new object addresses
[186.082s][info][gc,phases      ] GC(596) Phase 2: Compute new object addresses 114.042ms
[186.083s][info][gc,phases,start] GC(596) Phase 3: Adjust pointers
[186.118s][info][gc,phases      ] GC(596) Phase 3: Adjust pointers 35.291ms
[186.118s][info][gc,phases,start] GC(596) Phase 4: Move objects
[186.118s][info][gc,phases      ] GC(596) Phase 4: Move objects 0.102ms
[186.119s][info][gc,heap        ] GC(596) DefNew: 419546K(1120896K)->0K(1120896K) Eden: 418938K(996352K)->0K(996352K) From: 607K(124544K)->0K(124544K)
[186.119s][info][gc,heap        ] GC(596) Tenured: 1420379K(2490844K)->1420570K(2490844K)
[186.119s][info][gc,metaspace   ] GC(596) Metaspace: 125622K(130432K)->125622K(130432K) NonClass: 107939K(108608K)->107939K(108608K) Class: 17682K(21824K)->17682K(21824K)
[186.119s][info][gc             ] GC(596) Pause Full (System.gc()) 1796M->1387M(3527M) 219.908ms
[186.119s][info][gc,cpu         ] GC(596) User=0.22s Sys=0.00s Real=0.22s
[186.252s][info][gc,start       ] GC(597) Pause Young (Allocation Failure)
[186.264s][info][gc,heap        ] GC(597) DefNew: 996352K(1120896K)->6610K(1120896K) Eden: 996352K(996352K)->0K(996352K) From: 0K(124544K)->6610K(124544K)
[186.264s][info][gc,heap        ] GC(597) Tenured: 1420570K(2490844K)->1420570K(2490844K)
[186.264s][info][gc,metaspace   ] GC(597) Metaspace: 125649K(130496K)->125649K(130496K) NonClass: 107966K(108672K)->107966K(108672K) Class: 17682K(21824K)->17682K(21824K)
[186.264s][info][gc             ] GC(597) Pause Young (Allocation Failure) 2360M->1393M(3527M) 12.268ms
[186.264s][info][gc,cpu         ] GC(597) User=0.02s Sys=0.00s Real=0.02s
[186.331s][info][gc,start       ] GC(598) Pause Young (Allocation Failure)
[186.339s][info][gc,heap        ] GC(598) DefNew: 1002962K(1120896K)->6602K(1120896K) Eden: 996352K(996352K)->0K(996352K) From: 6610K(124544K)->6602K(124544K)
[186.339s][info][gc,heap        ] GC(598) Tenured: 1420570K(2490844K)->1420570K(2490844K)
[186.339s][info][gc,metaspace   ] GC(598) Metaspace: 125649K(130496K)->125649K(130496K) NonClass: 107966K(108672K)->107966K(108672K) Class: 17682K(21824K)->17682K(21824K)
[186.339s][info][gc             ] GC(598) Pause Young (Allocation Failure) 2366M->1393M(3527M) 8.022ms
[186.340s][info][gc,cpu         ] GC(598) User=0.02s Sys=0.00s Real=0.02s
[186.407s][info][gc,start       ] GC(599) Pause Young (Allocation Failure)
[186.416s][info][gc,heap        ] GC(599) DefNew: 1002954K(1120896K)->6705K(1120896K) Eden: 996352K(996352K)->0K(996352K) From: 6602K(124544K)->6705K(124544K)
[186.416s][info][gc,heap        ] GC(599) Tenured: 1420570K(2490844K)->1420570K(2490844K)
[186.416s][info][gc,metaspace   ] GC(599) Metaspace: 125652K(130496K)->125652K(130496K) NonClass: 107970K(108672K)->107970K(108672K) Class: 17682K(21824K)->17682K(21824K)
[186.416s][info][gc             ] GC(599) Pause Young (Allocation Failure) 2366M->1393M(3527M) 8.385ms
[186.416s][info][gc,cpu         ] GC(599) User=0.00s Sys=0.00s Real=0.00s
[186.483s][info][gc,start       ] GC(600) Pause Young (Allocation Failure)
[186.491s][info][gc,heap        ] GC(600) DefNew: 1003057K(1120896K)->6694K(1120896K) Eden: 996352K(996352K)->0K(996352K) From: 6705K(124544K)->6694K(124544K)
[186.491s][info][gc,heap        ] GC(600) Tenured: 1420570K(2490844K)->1420570K(2490844K)
[186.491s][info][gc,metaspace   ] GC(600) Metaspace: 125652K(130496K)->125652K(130496K) NonClass: 107970K(108672K)->107970K(108672K) Class: 17682K(21824K)->17682K(21824K)
[186.492s][info][gc             ] GC(600) Pause Young (Allocation Failure) 2366M->1393M(3527M) 8.103ms
[186.492s][info][gc,cpu         ] GC(600) User=0.00s Sys=0.00s Real=0.00s
[186.559s][info][gc,start       ] GC(601) Pause Young (Allocation Failure)
[186.567s][info][gc,heap        ] GC(601) DefNew: 1003046K(1120896K)->6714K(1120896K) Eden: 996352K(996352K)->0K(996352K) From: 6694K(124544K)->6714K(124544K)
[186.567s][info][gc,heap        ] GC(601) Tenured: 1420570K(2490844K)->1420570K(2490844K)
[186.567s][info][gc,metaspace   ] GC(601) Metaspace: 125652K(130496K)->125652K(130496K) NonClass: 107970K(108672K)->107970K(108672K) Class: 17682K(21824K)->17682K(21824K)
[186.567s][info][gc             ] GC(601) Pause Young (Allocation Failure) 2366M->1393M(3527M) 8.058ms
[186.567s][info][gc,cpu         ] GC(601) User=0.00s Sys=0.00s Real=0.00s
[186.634s][info][gc,start       ] GC(602) Pause Young (Allocation Failure)
[186.642s][info][gc,heap        ] GC(602) DefNew: 1003066K(1120896K)->6707K(1120896K) Eden: 996352K(996352K)->0K(996352K) From: 6714K(124544K)->6707K(124544K)
[186.642s][info][gc,heap        ] GC(602) Tenured: 1420570K(2490844K)->1420570K(2490844K)
[186.642s][info][gc,metaspace   ] GC(602) Metaspace: 125652K(130496K)->125652K(130496K) NonClass: 107970K(108672K)->107970K(108672K) Class: 17682K(21824K)->17682K(21824K)
[186.642s][info][gc             ] GC(602) Pause Young (Allocation Failure) 2366M->1393M(3527M) 8.148ms
[186.642s][info][gc,cpu         ] GC(602) User=0.02s Sys=0.00s Real=0.02s
[186.710s][info][gc,start       ] GC(603) Pause Young (Allocation Failure)
[186.718s][info][gc,heap        ] GC(603) DefNew: 1003059K(1120896K)->6708K(1120896K) Eden: 996352K(996352K)->0K(996352K) From: 6707K(124544K)->6708K(124544K)
[186.718s][info][gc,heap        ] GC(603) Tenured: 1420570K(2490844K)->1420570K(2490844K)
[186.718s][info][gc,metaspace   ] GC(603) Metaspace: 125652K(130496K)->125652K(130496K) NonClass: 107970K(108672K)->107970K(108672K) Class: 17682K(21824K)->17682K(21824K)
[186.718s][info][gc             ] GC(603) Pause Young (Allocation Failure) 2366M->1393M(3527M) 8.078ms
[186.718s][info][gc,cpu         ] GC(603) User=0.00s Sys=0.00s Real=0.00s
[186.785s][info][gc,start       ] GC(604) Pause Young (Allocation Failure)
[186.793s][info][gc,heap        ] GC(604) DefNew: 1003060K(1120896K)->6711K(1120896K) Eden: 996352K(996352K)->0K(996352K) From: 6708K(124544K)->6711K(124544K)
[186.793s][info][gc,heap        ] GC(604) Tenured: 1420570K(2490844K)->1420570K(2490844K)
[186.793s][info][gc,metaspace   ] GC(604) Metaspace: 125652K(130496K)->125652K(130496K) NonClass: 107970K(108672K)->107970K(108672K) Class: 17682K(21824K)->17682K(21824K)
[186.793s][info][gc             ] GC(604) Pause Young (Allocation Failure) 2366M->1393M(3527M) 8.062ms
[186.793s][info][gc,cpu         ] GC(604) User=0.00s Sys=0.00s Real=0.00s
[186.861s][info][gc,start       ] GC(605) Pause Young (Allocation Failure)
[186.868s][info][gc,heap        ] GC(605) DefNew: 1003063K(1120896K)->6679K(1120896K) Eden: 996352K(996352K)->0K(996352K) From: 6711K(124544K)->6679K(124544K)
[186.868s][info][gc,heap        ] GC(605) Tenured: 1420570K(2490844K)->1420570K(2490844K)
[186.868s][info][gc,metaspace   ] GC(605) Metaspace: 125652K(130496K)->125652K(130496K) NonClass: 107970K(108672K)->107970K(108672K) Class: 17682K(21824K)->17682K(21824K)
[186.869s][info][gc             ] GC(605) Pause Young (Allocation Failure) 2366M->1393M(3527M) 8.047ms
[186.869s][info][gc,cpu         ] GC(605) User=0.02s Sys=0.00s Real=0.02s
[186.936s][info][gc,start       ] GC(606) Pause Young (Allocation Failure)
[186.944s][info][gc,heap        ] GC(606) DefNew: 1003031K(1120896K)->6715K(1120896K) Eden: 996352K(996352K)->0K(996352K) From: 6679K(124544K)->6715K(124544K)
[186.944s][info][gc,heap        ] GC(606) Tenured: 1420570K(2490844K)->1420570K(2490844K)
[186.944s][info][gc,metaspace   ] GC(606) Metaspace: 125652K(130496K)->125652K(130496K) NonClass: 107970K(108672K)->107970K(108672K) Class: 17682K(21824K)->17682K(21824K)
[186.944s][info][gc             ] GC(606) Pause Young (Allocation Failure) 2366M->1393M(3527M) 8.117ms
[186.944s][info][gc,cpu         ] GC(606) User=0.02s Sys=0.00s Real=0.02s
[187.011s][info][gc,start       ] GC(607) Pause Young (Allocation Failure)
[187.019s][info][gc,heap        ] GC(607) DefNew: 1003067K(1120896K)->6695K(1120896K) Eden: 996352K(996352K)->0K(996352K) From: 6715K(124544K)->6695K(124544K)
[187.048s][info][gc,heap        ] GC(607) Tenured: 1420570K(2490844K)->1420570K(2490844K)
[187.048s][info][gc,metaspace   ] GC(607) Metaspace: 125652K(130496K)->125652K(130496K) NonClass: 107970K(108672K)->107970K(108672K) Class: 17682K(21824K)->17682K(21824K)
[187.048s][info][gc             ] GC(607) Pause Young (Allocation Failure) 2366M->1393M(3527M) 36.334ms
[187.048s][info][gc,cpu         ] GC(607) User=0.00s Sys=0.00s Real=0.03s
[187.116s][info][gc,start       ] GC(608) Pause Young (Allocation Failure)
[187.124s][info][gc,heap        ] GC(608) DefNew: 1003047K(1120896K)->6701K(1120896K) Eden: 996352K(996352K)->0K(996352K) From: 6695K(124544K)->6701K(124544K)
[187.124s][info][gc,heap        ] GC(608) Tenured: 1420570K(2490844K)->1420570K(2490844K)
[187.124s][info][gc,metaspace   ] GC(608) Metaspace: 125652K(130496K)->125652K(130496K) NonClass: 107970K(108672K)->107970K(108672K) Class: 17682K(21824K)->17682K(21824K)
[187.124s][info][gc             ] GC(608) Pause Young (Allocation Failure) 2366M->1393M(3527M) 8.157ms
[187.124s][info][gc,cpu         ] GC(608) User=0.02s Sys=0.00s Real=0.01s
[187.191s][info][gc,start       ] GC(609) Pause Young (Allocation Failure)
[187.200s][info][gc,heap        ] GC(609) DefNew: 1003053K(1120896K)->7042K(1120896K) Eden: 996352K(996352K)->0K(996352K) From: 6701K(124544K)->7042K(124544K)
[187.200s][info][gc,heap        ] GC(609) Tenured: 1420570K(2490844K)->1420570K(2490844K)
[187.200s][info][gc,metaspace   ] GC(609) Metaspace: 125652K(130496K)->125652K(130496K) NonClass: 107970K(108672K)->107970K(108672K) Class: 17682K(21824K)->17682K(21824K)
[187.200s][info][gc             ] GC(609) Pause Young (Allocation Failure) 2366M->1394M(3527M) 8.395ms
[187.200s][info][gc,cpu         ] GC(609) User=0.02s Sys=0.00s Real=0.02s
[187.268s][info][gc,start       ] GC(610) Pause Young (Allocation Failure)
[187.276s][info][gc,heap        ] GC(610) DefNew: 1003394K(1120896K)->6795K(1120896K) Eden: 996352K(996352K)->0K(996352K) From: 7042K(124544K)->6795K(124544K)
[187.276s][info][gc,heap        ] GC(610) Tenured: 1420570K(2490844K)->1420570K(2490844K)
[187.276s][info][gc,metaspace   ] GC(610) Metaspace: 125652K(130496K)->125652K(130496K) NonClass: 107970K(108672K)->107970K(108672K) Class: 17682K(21824K)->17682K(21824K)
[187.276s][info][gc             ] GC(610) Pause Young (Allocation Failure) 2367M->1393M(3527M) 8.335ms
[187.276s][info][gc,cpu         ] GC(610) User=0.00s Sys=0.00s Real=0.00s
[187.343s][info][gc,start       ] GC(611) Pause Young (Allocation Failure)
[187.351s][info][gc,heap        ] GC(611) DefNew: 1003147K(1120896K)->6738K(1120896K) Eden: 996352K(996352K)->0K(996352K) From: 6795K(124544K)->6738K(124544K)
[187.351s][info][gc,heap        ] GC(611) Tenured: 1420570K(2490844K)->1420570K(2490844K)
[187.351s][info][gc,metaspace   ] GC(611) Metaspace: 125652K(130496K)->125652K(130496K) NonClass: 107970K(108672K)->107970K(108672K) Class: 17682K(21824K)->17682K(21824K)
[187.351s][info][gc             ] GC(611) Pause Young (Allocation Failure) 2366M->1393M(3527M) 8.213ms
[187.351s][info][gc,cpu         ] GC(611) User=0.00s Sys=0.00s Real=0.00s
[187.419s][info][gc,start       ] GC(612) Pause Young (Allocation Failure)
[187.429s][info][gc,heap        ] GC(612) DefNew: 1003090K(1120896K)->942K(1120896K) Eden: 996352K(996352K)->0K(996352K) From: 6738K(124544K)->942K(124544K)
[187.429s][info][gc,heap        ] GC(612) Tenured: 1420570K(2490844K)->1426845K(2490844K)
[187.429s][info][gc,metaspace   ] GC(612) Metaspace: 125652K(130496K)->125652K(130496K) NonClass: 107970K(108672K)->107970K(108672K) Class: 17682K(21824K)->17682K(21824K)
[187.429s][info][gc             ] GC(612) Pause Young (Allocation Failure) 2366M->1394M(3527M) 10.192ms
[187.429s][info][gc,cpu         ] GC(612) User=0.00s Sys=0.00s Real=0.00s
[188.299s][info][gc,heap,exit   ] Heap
[188.299s][info][gc,heap,exit   ]  def new generation   total 1120896K, used 509074K [0x0000000700000000, 0x000000074c040000, 0x0000000755550000)
[188.299s][info][gc,heap,exit   ]   eden space 996352K,  50% used [0x0000000700000000, 0x000000071f038f80, 0x000000073cd00000)
[188.299s][info][gc,heap,exit   ]   from space 124544K,   0% used [0x000000073cd00000, 0x000000073cdeb890, 0x00000007446a0000)
[188.299s][info][gc,heap,exit   ]   to   space 124544K,   0% used [0x00000007446a0000, 0x00000007446a0000, 0x000000074c040000)
[188.299s][info][gc,heap,exit   ]  tenured generation   total 2490844K, used 1426845K [0x0000000755550000, 0x00000007ed5c7000, 0x0000000800000000)
[188.299s][info][gc,heap,exit   ]    the space 2490844K,  57% used [0x0000000755550000, 0x00000007ac6b7488, 0x00000007ac6b7600, 0x00000007ed5c7000)
[188.299s][info][gc,heap,exit   ]  Metaspace       used 126050K, committed 130880K, reserved 1179648K
[188.299s][info][gc,heap,exit   ]   class space    used 17760K, committed 21888K, reserved 1048576K
